{
  "Entries": [
    {
      "RequestUri": "https://management.azure.com/subscriptions/db1ab6f0-4769-4b27-930e-01e2ef9c123c/resourceGroups/dbaccount-2753/providers/Microsoft.DocumentDB/databaseAccounts/dbaccount-383/sqlDatabases/sql-db-6895/containers/sql-container-1825?api-version=2021-10-15",
      "RequestMethod": "GET",
      "RequestHeaders": {
        "Accept": "application/json",
        "Authorization": "Sanitized",
        "User-Agent": "azsdk-net-ResourceManager.CosmosDB/1.0.0-alpha.20211203.1 (.NET Framework 4.8.4420.0; Microsoft Windows 10.0.22000 )",
        "x-ms-client-request-id": "5df668c0df1bb74303f5f2507af6212d",
        "x-ms-return-client-request-id": "true"
      },
      "RequestBody": null,
      "StatusCode": 200,
      "ResponseHeaders": {
        "Cache-Control": [
          "no-store",
          "no-cache"
        ],
        "Content-Length": "1295",
        "Content-Type": "application/json",
        "Date": "Fri, 03 Dec 2021 13:52:37 GMT",
        "Pragma": "no-cache",
        "Server": "Microsoft-HTTPAPI/2.0",
        "Strict-Transport-Security": "max-age=31536000; includeSubDomains",
        "X-Content-Type-Options": "nosniff",
        "x-ms-correlation-request-id": "96e15eb2-e984-4b70-8b6b-79bfedefadfe",
        "x-ms-gatewayversion": "version=2.14.0",
        "x-ms-ratelimit-remaining-subscription-reads": "11572",
        "x-ms-request-id": "96e15eb2-e984-4b70-8b6b-79bfedefadfe",
        "x-ms-routing-request-id": "EASTASIA:20211203T135237Z:96e15eb2-e984-4b70-8b6b-79bfedefadfe"
      },
      "ResponseBody": {
        "id": "/subscriptions/db1ab6f0-4769-4b27-930e-01e2ef9c123c/resourceGroups/dbaccount-2753/providers/Microsoft.DocumentDB/databaseAccounts/dbaccount-383/sqlDatabases/sql-db-6895/containers/sql-container-1825",
        "type": "Microsoft.DocumentDB/databaseAccounts/sqlDatabases/containers",
        "name": "sql-container-1825",
        "properties": {
          "resource": {
            "id": "sql-container-1825",
            "indexingPolicy": {
              "indexingMode": "consistent",
              "automatic": true,
              "includedPaths": [
                {
                  "path": "/*"
                }
              ],
              "excludedPaths": [
                {
                  "path": "/pathToNotIndex/*"
                },
                {
                  "path": "/\"_etag\"/?"
                }
              ],
              "spatialIndexes": [
                {
                  "path": "/*",
                  "types": [
                    "Point",
                    "LineString",
                    "Polygon",
                    "MultiPolygon"
                  ]
                }
              ],
              "compositeIndexes": [
                [
                  {
                    "path": "/orderByPath1",
                    "order": "ascending"
                  },
                  {
                    "path": "/orderByPath2",
                    "order": "descending"
                  }
                ]
              ]
            },
            "partitionKey": {
              "paths": [
                "/address/zipCode"
              ],
              "kind": "Hash"
            },
            "uniqueKeyPolicy": {
              "uniqueKeys": []
            },
            "conflictResolutionPolicy": {
              "mode": "LastWriterWins",
              "conflictResolutionPath": "/_ts",
              "conflictResolutionProcedure": ""
            },
            "geospatialConfig": {
              "type": "Geography"
            },
            "_rid": "vq5EAOhjTMo=",
            "_ts": 1638539552,
            "_self": "dbs/vq5EAA==/colls/vq5EAOhjTMo=/",
            "_etag": "\"0000ba1f-0000-0700-0000-61aa21200000\"",
            "_docs": "docs/",
            "_sprocs": "sprocs/",
            "_triggers": "triggers/",
            "_udfs": "udfs/",
            "_conflicts": "conflicts/",
            "statistics": [
              {
                "id": "0",
                "sizeInKB": 0,
                "documentCount": 0,
                "partitionKeys": []
              }
            ]
          }
        }
      }
    },
    {
      "RequestUri": "https://management.azure.com/subscriptions/db1ab6f0-4769-4b27-930e-01e2ef9c123c/resourceGroups/dbaccount-2753/providers/Microsoft.DocumentDB/databaseAccounts/dbaccount-383/sqlDatabases/sql-db-6895/containers/sql-container-1825/triggers/sql-trigger-1516?api-version=2021-10-15",
      "RequestMethod": "PUT",
      "RequestHeaders": {
        "Accept": "application/json",
        "Authorization": "Sanitized",
        "Content-Length": "324",
        "Content-Type": "application/json",
        "User-Agent": "azsdk-net-ResourceManager.CosmosDB/1.0.0-alpha.20211203.1 (.NET Framework 4.8.4420.0; Microsoft Windows 10.0.22000 )",
        "x-ms-client-request-id": "58de2ddedea423208c7e3cfcd6bc97c6",
        "x-ms-return-client-request-id": "true"
      },
      "RequestBody": {
        "tags": {},
        "location": "westus",
        "properties": {
          "resource": {
            "id": "sql-trigger-1516",
            "body": "function () {\r\n    var updatetext = getContext();\r\n    var response = context.getResponse();\r\n    response.setBody('First Hello World');\r\n}",
            "triggerType": "Pre",
            "triggerOperation": "All"
          },
          "options": {
            "throughput": 700
          }
        }
      },
      "StatusCode": 202,
      "ResponseHeaders": {
        "Azure-AsyncOperation": "https://management.azure.com/subscriptions/db1ab6f0-4769-4b27-930e-01e2ef9c123c/providers/Microsoft.DocumentDB/locations/westus2/operationsStatus/a423ad7c-0da3-425b-9153-200a463afead?api-version=2021-10-15",
        "Cache-Control": [
          "no-store",
          "no-cache"
        ],
        "Content-Length": "21",
        "Content-Type": "application/json",
        "Date": "Fri, 03 Dec 2021 13:52:38 GMT",
        "Location": "https://management.azure.com/subscriptions/db1ab6f0-4769-4b27-930e-01e2ef9c123c/resourceGroups/dbaccount-2753/providers/Microsoft.DocumentDB/databaseAccounts/dbaccount-383/sqlDatabases/sql-db-6895/containers/sql-container-1825/triggers/sql-trigger-1516/operationResults/a423ad7c-0da3-425b-9153-200a463afead?api-version=2021-10-15",
        "Pragma": "no-cache",
        "Server": "Microsoft-HTTPAPI/2.0",
        "Strict-Transport-Security": "max-age=31536000; includeSubDomains",
        "X-Content-Type-Options": "nosniff",
        "x-ms-correlation-request-id": "e01bbec2-0f74-4aac-9f4d-9d50331c1fd4",
        "x-ms-gatewayversion": "version=2.14.0",
        "x-ms-ratelimit-remaining-subscription-writes": "1190",
        "x-ms-request-id": "a423ad7c-0da3-425b-9153-200a463afead",
        "x-ms-routing-request-id": "EASTASIA:20211203T135238Z:e01bbec2-0f74-4aac-9f4d-9d50331c1fd4"
      },
      "ResponseBody": {
        "status": "Enqueued"
      }
    },
    {
      "RequestUri": "https://management.azure.com/subscriptions/db1ab6f0-4769-4b27-930e-01e2ef9c123c/providers/Microsoft.DocumentDB/locations/westus2/operationsStatus/a423ad7c-0da3-425b-9153-200a463afead?api-version=2021-10-15",
      "RequestMethod": "GET",
      "RequestHeaders": {
        "Authorization": "Sanitized",
        "User-Agent": "azsdk-net-ResourceManager/1.0.0-alpha.20211203.1 (.NET Framework 4.8.4420.0; Microsoft Windows 10.0.22000 )",
        "x-ms-client-request-id": "ac9b124255542ff76e440795cd2fbdfe",
        "x-ms-return-client-request-id": "true"
      },
      "RequestBody": null,
      "StatusCode": 200,
      "ResponseHeaders": {
        "Cache-Control": [
          "no-store",
          "no-cache"
        ],
        "Content-Length": "22",
        "Content-Type": "application/json",
        "Date": "Fri, 03 Dec 2021 13:52:44 GMT",
        "Pragma": "no-cache",
        "Server": "Microsoft-HTTPAPI/2.0",
        "Strict-Transport-Security": "max-age=31536000; includeSubDomains",
        "X-Content-Type-Options": "nosniff",
        "x-ms-correlation-request-id": "66a54bc5-9385-487a-a787-9d9c832f96bb",
        "x-ms-gatewayversion": "version=2.14.0",
        "x-ms-ratelimit-remaining-subscription-reads": "11566",
        "x-ms-request-id": "66a54bc5-9385-487a-a787-9d9c832f96bb",
        "x-ms-routing-request-id": "EASTASIA:20211203T135244Z:66a54bc5-9385-487a-a787-9d9c832f96bb"
      },
      "ResponseBody": {
        "status": "Succeeded"
      }
    },
    {
      "RequestUri": "https://management.azure.com/subscriptions/db1ab6f0-4769-4b27-930e-01e2ef9c123c/resourceGroups/dbaccount-2753/providers/Microsoft.DocumentDB/databaseAccounts/dbaccount-383/sqlDatabases/sql-db-6895/containers/sql-container-1825/triggers/sql-trigger-1516?api-version=2021-10-15",
      "RequestMethod": "GET",
      "RequestHeaders": {
        "Authorization": "Sanitized",
        "User-Agent": "azsdk-net-ResourceManager/1.0.0-alpha.20211203.1 (.NET Framework 4.8.4420.0; Microsoft Windows 10.0.22000 )",
        "x-ms-client-request-id": "e57914248f60a7ad5bf1cc0d4853c188",
        "x-ms-return-client-request-id": "true"
      },
      "RequestBody": null,
      "StatusCode": 200,
      "ResponseHeaders": {
        "Cache-Control": [
          "no-store",
          "no-cache"
        ],
        "Content-Length": "772",
        "Content-Type": "application/json",
        "Date": "Fri, 03 Dec 2021 13:52:44 GMT",
        "Pragma": "no-cache",
        "Server": "Microsoft-HTTPAPI/2.0",
        "Strict-Transport-Security": "max-age=31536000; includeSubDomains",
        "X-Content-Type-Options": "nosniff",
        "x-ms-correlation-request-id": "653c3ef2-1341-4564-9b38-8a82967bb892",
        "x-ms-gatewayversion": "version=2.14.0",
        "x-ms-ratelimit-remaining-subscription-reads": "11565",
        "x-ms-request-id": "653c3ef2-1341-4564-9b38-8a82967bb892",
        "x-ms-routing-request-id": "EASTASIA:20211203T135244Z:653c3ef2-1341-4564-9b38-8a82967bb892"
      },
      "ResponseBody": {
        "id": "/subscriptions/db1ab6f0-4769-4b27-930e-01e2ef9c123c/resourceGroups/dbaccount-2753/providers/Microsoft.DocumentDB/databaseAccounts/dbaccount-383/sqlDatabases/sql-db-6895/containers/sql-container-1825/triggers/sql-trigger-1516",
        "type": "Microsoft.DocumentDB/databaseAccounts/sqlDatabases/containers/triggers",
        "name": "sql-trigger-1516",
        "properties": {
          "resource": {
            "id": "sql-trigger-1516",
            "body": "function () {\r\n    var updatetext = getContext();\r\n    var response = context.getResponse();\r\n    response.setBody('First Hello World');\r\n}",
            "triggerType": "Pre",
            "triggerOperation": "All",
            "_rid": "vq5EAOhjTMoBAAAAAAAAcA==",
            "_self": "dbs/vq5EAA==/colls/vq5EAOhjTMo=/triggers/vq5EAOhjTMoBAAAAAAAAcA==/",
            "_etag": "\"fa05b96e-0000-0700-0000-61aa212b0000\"",
            "_ts": 1638539563
          }
        }
      }
    },
    {
      "RequestUri": "https://management.azure.com/subscriptions/db1ab6f0-4769-4b27-930e-01e2ef9c123c/resourceGroups/dbaccount-2753/providers/Microsoft.DocumentDB/databaseAccounts/dbaccount-383/sqlDatabases/sql-db-6895/containers/sql-container-1825/triggers/sql-trigger-1516?api-version=2021-10-15",
      "RequestMethod": "GET",
      "RequestHeaders": {
        "Accept": "application/json",
        "Authorization": "Sanitized",
        "User-Agent": "azsdk-net-ResourceManager.CosmosDB/1.0.0-alpha.20211203.1 (.NET Framework 4.8.4420.0; Microsoft Windows 10.0.22000 )",
        "x-ms-client-request-id": "e442988fb5f6ecf451fe4bd33f8b79a6",
        "x-ms-return-client-request-id": "true"
      },
      "RequestBody": null,
      "StatusCode": 200,
      "ResponseHeaders": {
        "Cache-Control": [
          "no-store",
          "no-cache"
        ],
        "Content-Length": "772",
        "Content-Type": "application/json",
        "Date": "Fri, 03 Dec 2021 13:52:44 GMT",
        "Pragma": "no-cache",
        "Server": "Microsoft-HTTPAPI/2.0",
        "Strict-Transport-Security": "max-age=31536000; includeSubDomains",
        "X-Content-Type-Options": "nosniff",
        "x-ms-correlation-request-id": "7a7247af-2c10-4d49-bdfe-31c4dccba4bf",
        "x-ms-gatewayversion": "version=2.14.0",
        "x-ms-ratelimit-remaining-subscription-reads": "11564",
        "x-ms-request-id": "7a7247af-2c10-4d49-bdfe-31c4dccba4bf",
        "x-ms-routing-request-id": "EASTASIA:20211203T135245Z:7a7247af-2c10-4d49-bdfe-31c4dccba4bf"
      },
      "ResponseBody": {
        "id": "/subscriptions/db1ab6f0-4769-4b27-930e-01e2ef9c123c/resourceGroups/dbaccount-2753/providers/Microsoft.DocumentDB/databaseAccounts/dbaccount-383/sqlDatabases/sql-db-6895/containers/sql-container-1825/triggers/sql-trigger-1516",
        "type": "Microsoft.DocumentDB/databaseAccounts/sqlDatabases/containers/triggers",
        "name": "sql-trigger-1516",
        "properties": {
          "resource": {
            "id": "sql-trigger-1516",
            "body": "function () {\r\n    var updatetext = getContext();\r\n    var response = context.getResponse();\r\n    response.setBody('First Hello World');\r\n}",
            "triggerType": "Pre",
            "triggerOperation": "All",
            "_rid": "vq5EAOhjTMoBAAAAAAAAcA==",
            "_self": "dbs/vq5EAA==/colls/vq5EAOhjTMo=/triggers/vq5EAOhjTMoBAAAAAAAAcA==/",
            "_etag": "\"fa05b96e-0000-0700-0000-61aa212b0000\"",
            "_ts": 1638539563
          }
        }
      }
    },
    {
      "RequestUri": "https://management.azure.com/subscriptions/db1ab6f0-4769-4b27-930e-01e2ef9c123c/resourceGroups/dbaccount-2753/providers/Microsoft.DocumentDB/databaseAccounts/dbaccount-383/sqlDatabases/sql-db-6895/containers/sql-container-1825/triggers/sql-trigger-1516?api-version=2021-10-15",
      "RequestMethod": "GET",
      "RequestHeaders": {
        "Accept": "application/json",
        "Authorization": "Sanitized",
        "User-Agent": "azsdk-net-ResourceManager.CosmosDB/1.0.0-alpha.20211203.1 (.NET Framework 4.8.4420.0; Microsoft Windows 10.0.22000 )",
        "x-ms-client-request-id": "8866ba850dddb34d64f4506388e9e61a",
        "x-ms-return-client-request-id": "true"
      },
      "RequestBody": null,
      "StatusCode": 200,
      "ResponseHeaders": {
        "Cache-Control": [
          "no-store",
          "no-cache"
        ],
        "Content-Length": "772",
        "Content-Type": "application/json",
        "Date": "Fri, 03 Dec 2021 13:52:45 GMT",
        "Pragma": "no-cache",
        "Server": "Microsoft-HTTPAPI/2.0",
        "Strict-Transport-Security": "max-age=31536000; includeSubDomains",
        "X-Content-Type-Options": "nosniff",
        "x-ms-correlation-request-id": "48c90047-4300-4d2c-afcf-b0a2ffb53caf",
        "x-ms-gatewayversion": "version=2.14.0",
        "x-ms-ratelimit-remaining-subscription-reads": "11563",
        "x-ms-request-id": "48c90047-4300-4d2c-afcf-b0a2ffb53caf",
        "x-ms-routing-request-id": "EASTASIA:20211203T135245Z:48c90047-4300-4d2c-afcf-b0a2ffb53caf"
      },
      "ResponseBody": {
        "id": "/subscriptions/db1ab6f0-4769-4b27-930e-01e2ef9c123c/resourceGroups/dbaccount-2753/providers/Microsoft.DocumentDB/databaseAccounts/dbaccount-383/sqlDatabases/sql-db-6895/containers/sql-container-1825/triggers/sql-trigger-1516",
        "type": "Microsoft.DocumentDB/databaseAccounts/sqlDatabases/containers/triggers",
        "name": "sql-trigger-1516",
        "properties": {
          "resource": {
            "id": "sql-trigger-1516",
            "body": "function () {\r\n    var updatetext = getContext();\r\n    var response = context.getResponse();\r\n    response.setBody('First Hello World');\r\n}",
            "triggerType": "Pre",
            "triggerOperation": "All",
            "_rid": "vq5EAOhjTMoBAAAAAAAAcA==",
            "_self": "dbs/vq5EAA==/colls/vq5EAOhjTMo=/triggers/vq5EAOhjTMoBAAAAAAAAcA==/",
            "_etag": "\"fa05b96e-0000-0700-0000-61aa212b0000\"",
            "_ts": 1638539563
          }
        }
      }
    },
    {
      "RequestUri": "https://management.azure.com/subscriptions/db1ab6f0-4769-4b27-930e-01e2ef9c123c/resourceGroups/dbaccount-2753/providers/Microsoft.DocumentDB/databaseAccounts/dbaccount-383/sqlDatabases/sql-db-6895/containers/sql-container-1825/triggers/sql-trigger-1516?api-version=2021-10-15",
      "RequestMethod": "PUT",
      "RequestHeaders": {
        "Accept": "application/json",
        "Authorization": "Sanitized",
        "Content-Length": "293",
        "Content-Type": "application/json",
        "User-Agent": "azsdk-net-ResourceManager.CosmosDB/1.0.0-alpha.20211203.1 (.NET Framework 4.8.4420.0; Microsoft Windows 10.0.22000 )",
        "x-ms-client-request-id": "35067f82d8ec6f081f8c946143da67d0",
        "x-ms-return-client-request-id": "true"
      },
      "RequestBody": {
        "tags": {},
        "location": "westus",
        "properties": {
          "resource": {
            "id": "sql-trigger-1516",
            "body": "function () { var updatetext = getContext();\r\n    var response = context.getResponse();\r\n    response.setBody('Second Hello World');\r\n}",
            "triggerType": "Post",
            "triggerOperation": "Create"
          }
        }
      },
      "StatusCode": 202,
      "ResponseHeaders": {
        "Azure-AsyncOperation": "https://management.azure.com/subscriptions/db1ab6f0-4769-4b27-930e-01e2ef9c123c/providers/Microsoft.DocumentDB/locations/westus2/operationsStatus/a0c2e687-5731-4558-a267-d0c98d715994?api-version=2021-10-15",
        "Cache-Control": [
          "no-store",
          "no-cache"
        ],
        "Content-Length": "21",
        "Content-Type": "application/json",
        "Date": "Fri, 03 Dec 2021 13:52:45 GMT",
        "Location": "https://management.azure.com/subscriptions/db1ab6f0-4769-4b27-930e-01e2ef9c123c/resourceGroups/dbaccount-2753/providers/Microsoft.DocumentDB/databaseAccounts/dbaccount-383/sqlDatabases/sql-db-6895/containers/sql-container-1825/triggers/sql-trigger-1516/operationResults/a0c2e687-5731-4558-a267-d0c98d715994?api-version=2021-10-15",
        "Pragma": "no-cache",
        "Server": "Microsoft-HTTPAPI/2.0",
        "Strict-Transport-Security": "max-age=31536000; includeSubDomains",
        "X-Content-Type-Options": "nosniff",
        "x-ms-correlation-request-id": "b19503b1-a73a-4543-be37-d835ff554cd7",
        "x-ms-gatewayversion": "version=2.14.0",
        "x-ms-ratelimit-remaining-subscription-writes": "1189",
        "x-ms-request-id": "a0c2e687-5731-4558-a267-d0c98d715994",
        "x-ms-routing-request-id": "EASTASIA:20211203T135245Z:b19503b1-a73a-4543-be37-d835ff554cd7"
      },
      "ResponseBody": {
        "status": "Enqueued"
      }
    },
    {
      "RequestUri": "https://management.azure.com/subscriptions/db1ab6f0-4769-4b27-930e-01e2ef9c123c/providers/Microsoft.DocumentDB/locations/westus2/operationsStatus/a0c2e687-5731-4558-a267-d0c98d715994?api-version=2021-10-15",
      "RequestMethod": "GET",
      "RequestHeaders": {
        "Authorization": "Sanitized",
        "User-Agent": "azsdk-net-ResourceManager/1.0.0-alpha.20211203.1 (.NET Framework 4.8.4420.0; Microsoft Windows 10.0.22000 )",
        "x-ms-client-request-id": "f5092e86bb33c3bdf590aeec087f42cd",
        "x-ms-return-client-request-id": "true"
      },
      "RequestBody": null,
      "StatusCode": 200,
      "ResponseHeaders": {
        "Cache-Control": [
          "no-store",
          "no-cache"
        ],
        "Content-Length": "22",
        "Content-Type": "application/json",
        "Date": "Fri, 03 Dec 2021 13:52:53 GMT",
        "Pragma": "no-cache",
        "Server": "Microsoft-HTTPAPI/2.0",
        "Strict-Transport-Security": "max-age=31536000; includeSubDomains",
        "X-Content-Type-Options": "nosniff",
        "x-ms-correlation-request-id": "d47f613d-2728-45d4-b9fa-374b8fa30976",
        "x-ms-gatewayversion": "version=2.14.0",
        "x-ms-ratelimit-remaining-subscription-reads": "11556",
        "x-ms-request-id": "d47f613d-2728-45d4-b9fa-374b8fa30976",
        "x-ms-routing-request-id": "EASTASIA:20211203T135253Z:d47f613d-2728-45d4-b9fa-374b8fa30976"
      },
      "ResponseBody": {
        "status": "Succeeded"
      }
    },
    {
      "RequestUri": "https://management.azure.com/subscriptions/db1ab6f0-4769-4b27-930e-01e2ef9c123c/resourceGroups/dbaccount-2753/providers/Microsoft.DocumentDB/databaseAccounts/dbaccount-383/sqlDatabases/sql-db-6895/containers/sql-container-1825/triggers/sql-trigger-1516?api-version=2021-10-15",
      "RequestMethod": "GET",
      "RequestHeaders": {
        "Authorization": "Sanitized",
        "User-Agent": "azsdk-net-ResourceManager/1.0.0-alpha.20211203.1 (.NET Framework 4.8.4420.0; Microsoft Windows 10.0.22000 )",
        "x-ms-client-request-id": "cc82718ff31ec71df1fd25174d8128ea",
        "x-ms-return-client-request-id": "true"
      },
      "RequestBody": null,
      "StatusCode": 200,
      "ResponseHeaders": {
        "Cache-Control": [
          "no-store",
          "no-cache"
        ],
        "Content-Length": "770",
        "Content-Type": "application/json",
        "Date": "Fri, 03 Dec 2021 13:52:53 GMT",
        "Pragma": "no-cache",
        "Server": "Microsoft-HTTPAPI/2.0",
        "Strict-Transport-Security": "max-age=31536000; includeSubDomains",
        "X-Content-Type-Options": "nosniff",
        "x-ms-correlation-request-id": "8b8dbeef-048c-4320-93ff-3c28ab29ed66",
        "x-ms-gatewayversion": "version=2.14.0",
        "x-ms-ratelimit-remaining-subscription-reads": "11555",
        "x-ms-request-id": "8b8dbeef-048c-4320-93ff-3c28ab29ed66",
        "x-ms-routing-request-id": "EASTASIA:20211203T135253Z:8b8dbeef-048c-4320-93ff-3c28ab29ed66"
      },
      "ResponseBody": {
        "id": "/subscriptions/db1ab6f0-4769-4b27-930e-01e2ef9c123c/resourceGroups/dbaccount-2753/providers/Microsoft.DocumentDB/databaseAccounts/dbaccount-383/sqlDatabases/sql-db-6895/containers/sql-container-1825/triggers/sql-trigger-1516",
        "type": "Microsoft.DocumentDB/databaseAccounts/sqlDatabases/containers/triggers",
        "name": "sql-trigger-1516",
        "properties": {
          "resource": {
            "id": "sql-trigger-1516",
            "body": "function () { var updatetext = getContext();\r\n    var response = context.getResponse();\r\n    response.setBody('Second Hello World');\r\n}",
            "triggerType": "Post",
            "triggerOperation": "Create",
            "_rid": "vq5EAOhjTMoBAAAAAAAAcA==",
            "_self": "dbs/vq5EAA==/colls/vq5EAOhjTMo=/triggers/vq5EAOhjTMoBAAAAAAAAcA==/",
            "_etag": "\"fa059c70-0000-0700-0000-61aa21330000\"",
            "_ts": 1638539571
          }
        }
      }
    },
    {
      "RequestUri": "https://management.azure.com/subscriptions/db1ab6f0-4769-4b27-930e-01e2ef9c123c/providers/Microsoft.DocumentDB/locations/westus2/operationsStatus/a0c2e687-5731-4558-a267-d0c98d715994?api-version=2021-10-15",
      "RequestMethod": "GET",
      "RequestHeaders": {
        "Authorization": "Sanitized",
        "User-Agent": "azsdk-net-ResourceManager/1.0.0-alpha.20211203.1 (.NET Framework 4.8.4420.0; Microsoft Windows 10.0.22000 )",
        "x-ms-client-request-id": "4dffe8de842dc146ce796cfe76fd20a7",
        "x-ms-return-client-request-id": "true"
      },
      "RequestBody": null,
      "StatusCode": 200,
      "ResponseHeaders": {
        "Cache-Control": [
          "no-store",
          "no-cache"
        ],
        "Content-Length": "22",
        "Content-Type": "application/json",
        "Date": "Fri, 03 Dec 2021 13:52:53 GMT",
        "Pragma": "no-cache",
        "Server": "Microsoft-HTTPAPI/2.0",
        "Strict-Transport-Security": "max-age=31536000; includeSubDomains",
        "X-Content-Type-Options": "nosniff",
        "x-ms-correlation-request-id": "6449440a-c2aa-49dd-aa70-333efb5b8412",
        "x-ms-gatewayversion": "version=2.14.0",
        "x-ms-ratelimit-remaining-subscription-reads": "11554",
        "x-ms-request-id": "6449440a-c2aa-49dd-aa70-333efb5b8412",
        "x-ms-routing-request-id": "EASTASIA:20211203T135253Z:6449440a-c2aa-49dd-aa70-333efb5b8412"
      },
      "ResponseBody": {
        "status": "Succeeded"
      }
    },
    {
      "RequestUri": "https://management.azure.com/subscriptions/db1ab6f0-4769-4b27-930e-01e2ef9c123c/resourceGroups/dbaccount-2753/providers/Microsoft.DocumentDB/databaseAccounts/dbaccount-383/sqlDatabases/sql-db-6895/containers/sql-container-1825/triggers/sql-trigger-1516?api-version=2021-10-15",
      "RequestMethod": "GET",
      "RequestHeaders": {
        "Authorization": "Sanitized",
        "User-Agent": "azsdk-net-ResourceManager/1.0.0-alpha.20211203.1 (.NET Framework 4.8.4420.0; Microsoft Windows 10.0.22000 )",
        "x-ms-client-request-id": "4af141470dc793f01141043596a57573",
        "x-ms-return-client-request-id": "true"
      },
      "RequestBody": null,
      "StatusCode": 200,
      "ResponseHeaders": {
        "Cache-Control": [
          "no-store",
          "no-cache"
        ],
        "Content-Length": "770",
        "Content-Type": "application/json",
        "Date": "Fri, 03 Dec 2021 13:52:53 GMT",
        "Pragma": "no-cache",
        "Server": "Microsoft-HTTPAPI/2.0",
        "Strict-Transport-Security": "max-age=31536000; includeSubDomains",
        "X-Content-Type-Options": "nosniff",
        "x-ms-correlation-request-id": "05e706d2-062e-40f0-b2ec-13fe4dcd0974",
        "x-ms-gatewayversion": "version=2.14.0",
        "x-ms-ratelimit-remaining-subscription-reads": "11553",
        "x-ms-request-id": "05e706d2-062e-40f0-b2ec-13fe4dcd0974",
        "x-ms-routing-request-id": "EASTASIA:20211203T135254Z:05e706d2-062e-40f0-b2ec-13fe4dcd0974"
      },
      "ResponseBody": {
        "id": "/subscriptions/db1ab6f0-4769-4b27-930e-01e2ef9c123c/resourceGroups/dbaccount-2753/providers/Microsoft.DocumentDB/databaseAccounts/dbaccount-383/sqlDatabases/sql-db-6895/containers/sql-container-1825/triggers/sql-trigger-1516",
        "type": "Microsoft.DocumentDB/databaseAccounts/sqlDatabases/containers/triggers",
        "name": "sql-trigger-1516",
        "properties": {
          "resource": {
            "id": "sql-trigger-1516",
            "body": "function () { var updatetext = getContext();\r\n    var response = context.getResponse();\r\n    response.setBody('Second Hello World');\r\n}",
            "triggerType": "Post",
            "triggerOperation": "Create",
            "_rid": "vq5EAOhjTMoBAAAAAAAAcA==",
            "_self": "dbs/vq5EAA==/colls/vq5EAOhjTMo=/triggers/vq5EAOhjTMoBAAAAAAAAcA==/",
            "_etag": "\"fa059c70-0000-0700-0000-61aa21330000\"",
            "_ts": 1638539571
          }
        }
      }
    },
    {
      "RequestUri": "https://management.azure.com/subscriptions/db1ab6f0-4769-4b27-930e-01e2ef9c123c/resourceGroups/dbaccount-2753/providers/Microsoft.DocumentDB/databaseAccounts/dbaccount-383/sqlDatabases/sql-db-6895/containers/sql-container-1825/triggers/sql-trigger-1516?api-version=2021-10-15",
      "RequestMethod": "GET",
      "RequestHeaders": {
        "Accept": "application/json",
        "Authorization": "Sanitized",
        "User-Agent": "azsdk-net-ResourceManager.CosmosDB/1.0.0-alpha.20211203.1 (.NET Framework 4.8.4420.0; Microsoft Windows 10.0.22000 )",
        "x-ms-client-request-id": "200dc467f57f0b9f2ac0fea4871e50f3",
        "x-ms-return-client-request-id": "true"
      },
      "RequestBody": null,
      "StatusCode": 200,
      "ResponseHeaders": {
        "Cache-Control": [
          "no-store",
          "no-cache"
        ],
        "Content-Length": "770",
        "Content-Type": "application/json",
        "Date": "Fri, 03 Dec 2021 13:52:54 GMT",
        "Pragma": "no-cache",
        "Server": "Microsoft-HTTPAPI/2.0",
        "Strict-Transport-Security": "max-age=31536000; includeSubDomains",
        "X-Content-Type-Options": "nosniff",
        "x-ms-correlation-request-id": "f5e64919-a512-4f94-b2d9-9465133024db",
        "x-ms-gatewayversion": "version=2.14.0",
        "x-ms-ratelimit-remaining-subscription-reads": "11552",
        "x-ms-request-id": "f5e64919-a512-4f94-b2d9-9465133024db",
        "x-ms-routing-request-id": "EASTASIA:20211203T135254Z:f5e64919-a512-4f94-b2d9-9465133024db"
      },
      "ResponseBody": {
        "id": "/subscriptions/db1ab6f0-4769-4b27-930e-01e2ef9c123c/resourceGroups/dbaccount-2753/providers/Microsoft.DocumentDB/databaseAccounts/dbaccount-383/sqlDatabases/sql-db-6895/containers/sql-container-1825/triggers/sql-trigger-1516",
        "type": "Microsoft.DocumentDB/databaseAccounts/sqlDatabases/containers/triggers",
        "name": "sql-trigger-1516",
        "properties": {
          "resource": {
            "id": "sql-trigger-1516",
            "body": "function () { var updatetext = getContext();\r\n    var response = context.getResponse();\r\n    response.setBody('Second Hello World');\r\n}",
            "triggerType": "Post",
            "triggerOperation": "Create",
            "_rid": "vq5EAOhjTMoBAAAAAAAAcA==",
            "_self": "dbs/vq5EAA==/colls/vq5EAOhjTMo=/triggers/vq5EAOhjTMoBAAAAAAAAcA==/",
            "_etag": "\"fa059c70-0000-0700-0000-61aa21330000\"",
            "_ts": 1638539571
          }
        }
      }
    },
    {
      "RequestUri": "https://management.azure.com/subscriptions/db1ab6f0-4769-4b27-930e-01e2ef9c123c/resourceGroups/dbaccount-2753/providers/Microsoft.DocumentDB/databaseAccounts/dbaccount-383/sqlDatabases/sql-db-6895/containers/sql-container-1825/triggers/sql-trigger-1516?api-version=2021-10-15",
      "RequestMethod": "GET",
      "RequestHeaders": {
        "Accept": "application/json",
        "Authorization": "Sanitized",
        "User-Agent": "azsdk-net-ResourceManager.CosmosDB/1.0.0-alpha.20211203.1 (.NET Framework 4.8.4420.0; Microsoft Windows 10.0.22000 )",
        "x-ms-client-request-id": "0cd07ddcde8fd023f76c3ceb7f102b29",
        "x-ms-return-client-request-id": "true"
      },
      "RequestBody": null,
      "StatusCode": 200,
      "ResponseHeaders": {
        "Cache-Control": [
          "no-store",
          "no-cache"
        ],
        "Content-Length": "770",
        "Content-Type": "application/json",
        "Date": "Fri, 03 Dec 2021 13:52:54 GMT",
        "Pragma": "no-cache",
        "Server": "Microsoft-HTTPAPI/2.0",
        "Strict-Transport-Security": "max-age=31536000; includeSubDomains",
        "X-Content-Type-Options": "nosniff",
        "x-ms-correlation-request-id": "6ae78723-a1da-42ae-b7d9-90fd79a6f1c8",
        "x-ms-gatewayversion": "version=2.14.0",
        "x-ms-ratelimit-remaining-subscription-reads": "11551",
        "x-ms-request-id": "6ae78723-a1da-42ae-b7d9-90fd79a6f1c8",
        "x-ms-routing-request-id": "EASTASIA:20211203T135254Z:6ae78723-a1da-42ae-b7d9-90fd79a6f1c8"
      },
      "ResponseBody": {
        "id": "/subscriptions/db1ab6f0-4769-4b27-930e-01e2ef9c123c/resourceGroups/dbaccount-2753/providers/Microsoft.DocumentDB/databaseAccounts/dbaccount-383/sqlDatabases/sql-db-6895/containers/sql-container-1825/triggers/sql-trigger-1516",
        "type": "Microsoft.DocumentDB/databaseAccounts/sqlDatabases/containers/triggers",
        "name": "sql-trigger-1516",
        "properties": {
          "resource": {
            "id": "sql-trigger-1516",
            "body": "function () { var updatetext = getContext();\r\n    var response = context.getResponse();\r\n    response.setBody('Second Hello World');\r\n}",
            "triggerType": "Post",
            "triggerOperation": "Create",
            "_rid": "vq5EAOhjTMoBAAAAAAAAcA==",
            "_self": "dbs/vq5EAA==/colls/vq5EAOhjTMo=/triggers/vq5EAOhjTMoBAAAAAAAAcA==/",
            "_etag": "\"fa059c70-0000-0700-0000-61aa21330000\"",
            "_ts": 1638539571
          }
        }
      }
    },
    {
      "RequestUri": "https://management.azure.com/subscriptions/db1ab6f0-4769-4b27-930e-01e2ef9c123c/resourceGroups/dbaccount-2753/providers/Microsoft.DocumentDB/databaseAccounts/dbaccount-383/sqlDatabases/sql-db-6895/containers/sql-container-1825/triggers/sql-trigger-1516?api-version=2021-10-15",
      "RequestMethod": "DELETE",
      "RequestHeaders": {
        "Authorization": "Sanitized",
        "User-Agent": "azsdk-net-ResourceManager.CosmosDB/1.0.0-alpha.20211203.1 (.NET Framework 4.8.4420.0; Microsoft Windows 10.0.22000 )",
        "x-ms-client-request-id": "b297f80400ef5127a1e620060f4c0cf3",
        "x-ms-return-client-request-id": "true"
      },
      "RequestBody": null,
      "StatusCode": 202,
      "ResponseHeaders": {
        "Azure-AsyncOperation": "https://management.azure.com/subscriptions/db1ab6f0-4769-4b27-930e-01e2ef9c123c/providers/Microsoft.DocumentDB/locations/westus2/operationsStatus/149f6c3a-a086-42f2-a225-b8122af08294?api-version=2021-10-15",
        "Cache-Control": [
          "no-store",
          "no-cache"
        ],
        "Content-Length": "21",
        "Content-Type": "application/json",
        "Date": "Fri, 03 Dec 2021 13:52:54 GMT",
        "Location": "https://management.azure.com/subscriptions/db1ab6f0-4769-4b27-930e-01e2ef9c123c/resourceGroups/dbaccount-2753/providers/Microsoft.DocumentDB/databaseAccounts/dbaccount-383/sqlDatabases/sql-db-6895/containers/sql-container-1825/triggers/sql-trigger-1516/operationResults/149f6c3a-a086-42f2-a225-b8122af08294?api-version=2021-10-15",
        "Pragma": "no-cache",
        "Server": "Microsoft-HTTPAPI/2.0",
        "Strict-Transport-Security": "max-age=31536000; includeSubDomains",
        "X-Content-Type-Options": "nosniff",
        "x-ms-correlation-request-id": "52951f44-4633-4f5c-ac20-cea702030c1b",
        "x-ms-gatewayversion": "version=2.14.0",
        "x-ms-ratelimit-remaining-subscription-deletes": "14992",
        "x-ms-request-id": "149f6c3a-a086-42f2-a225-b8122af08294",
        "x-ms-routing-request-id": "EASTASIA:20211203T135255Z:52951f44-4633-4f5c-ac20-cea702030c1b"
      },
      "ResponseBody": {
        "status": "Enqueued"
      }
    },
    {
      "RequestUri": "https://management.azure.com/subscriptions/db1ab6f0-4769-4b27-930e-01e2ef9c123c/providers/Microsoft.DocumentDB/locations/westus2/operationsStatus/149f6c3a-a086-42f2-a225-b8122af08294?api-version=2021-10-15",
      "RequestMethod": "GET",
      "RequestHeaders": {
        "Authorization": "Sanitized",
        "User-Agent": "azsdk-net-ResourceManager/1.0.0-alpha.20211203.1 (.NET Framework 4.8.4420.0; Microsoft Windows 10.0.22000 )",
        "x-ms-client-request-id": "58378c4128613f32a3f0bca503f1c5bc",
        "x-ms-return-client-request-id": "true"
      },
      "RequestBody": null,
      "StatusCode": 200,
      "ResponseHeaders": {
        "Cache-Control": [
          "no-store",
          "no-cache"
        ],
        "Content-Length": "22",
        "Content-Type": "application/json",
        "Date": "Fri, 03 Dec 2021 13:53:01 GMT",
        "Pragma": "no-cache",
        "Server": "Microsoft-HTTPAPI/2.0",
        "Strict-Transport-Security": "max-age=31536000; includeSubDomains",
        "X-Content-Type-Options": "nosniff",
        "x-ms-correlation-request-id": "52870ed3-a1da-499d-b826-342f008f4be9",
        "x-ms-gatewayversion": "version=2.14.0",
        "x-ms-ratelimit-remaining-subscription-reads": "11545",
        "x-ms-request-id": "52870ed3-a1da-499d-b826-342f008f4be9",
        "x-ms-routing-request-id": "EASTASIA:20211203T135301Z:52870ed3-a1da-499d-b826-342f008f4be9"
      },
      "ResponseBody": {
        "status": "Succeeded"
      }
    }
  ],
  "Variables": {
    "RandomSeed": "13990830",
    "RESOURCE_MANAGER_URL": null,
    "SUBSCRIPTION_ID": "db1ab6f0-4769-4b27-930e-01e2ef9c123c"
  }
}