{
  "Entries": [
    {
      "RequestUri": "https://management.azure.com/subscriptions/710e347c-9ac8-408c-90fe-f8cfc44bf967/resourceGroups/dbaccount-155/providers/Microsoft.DocumentDB/databaseAccounts/dbaccount-3966/sqlDatabases/sql-db-6443/containers/sql-container-6276?api-version=2022-11-15",
      "RequestMethod": "GET",
      "RequestHeaders": {
        "Accept": "application/json",
        "Authorization": "Sanitized",
        "traceparent": "00-afa8a5d51e24ad47aa5fe64637e488b2-650ac562cec8f364-00",
        "User-Agent": "azsdk-net-ResourceManager.CosmosDB/1.3.0-alpha.20230330.1 (.NET 7.0.4; Microsoft Windows 10.0.22621)",
        "x-ms-client-request-id": "72218e13bd1d8d7a2eb67298b3cadc69",
        "x-ms-return-client-request-id": "true"
      },
      "RequestBody": null,
      "StatusCode": 200,
      "ResponseHeaders": {
        "Cache-Control": "no-store, no-cache",
        "Content-Length": "1332",
        "Content-Type": "application/json",
        "Date": "Sat, 01 Apr 2023 14:19:25 GMT",
        "Pragma": "no-cache",
        "Server": "Microsoft-HTTPAPI/2.0",
        "Strict-Transport-Security": "max-age=31536000; includeSubDomains",
        "X-Content-Type-Options": "nosniff",
        "x-ms-correlation-request-id": "9e7ae6f0-7d0a-41b1-8c7d-689b5d6e4f40",
        "x-ms-gatewayversion": "version=2.14.0",
        "x-ms-ratelimit-remaining-subscription-reads": "11452",
        "x-ms-request-id": "9e7ae6f0-7d0a-41b1-8c7d-689b5d6e4f40",
        "x-ms-routing-request-id": "EASTUS:20230401T141925Z:9e7ae6f0-7d0a-41b1-8c7d-689b5d6e4f40"
      },
      "ResponseBody": {
        "id": "/subscriptions/710e347c-9ac8-408c-90fe-f8cfc44bf967/resourceGroups/dbaccount-155/providers/Microsoft.DocumentDB/databaseAccounts/dbaccount-3966/sqlDatabases/sql-db-6443/containers/sql-container-6276",
        "type": "Microsoft.DocumentDB/databaseAccounts/sqlDatabases/containers",
        "name": "sql-container-6276",
        "properties": {
          "resource": {
            "id": "sql-container-6276",
            "indexingPolicy": {
              "indexingMode": "consistent",
              "automatic": true,
              "includedPaths": [
                {
                  "path": "/*"
                }
              ],
              "excludedPaths": [
                {
                  "path": "/pathToNotIndex/*"
                },
                {
                  "path": "/\u0022_etag\u0022/?"
                }
              ],
              "spatialIndexes": [
                {
                  "path": "/*",
                  "types": [
                    "Point",
                    "LineString",
                    "Polygon",
                    "MultiPolygon"
                  ]
                }
              ],
              "compositeIndexes": [
                [
                  {
                    "path": "/orderByPath1",
                    "order": "ascending"
                  },
                  {
                    "path": "/orderByPath2",
                    "order": "descending"
                  }
                ]
              ]
            },
            "partitionKey": {
              "paths": [
                "/address/zipCode"
              ],
              "kind": "Hash"
            },
            "uniqueKeyPolicy": {
              "uniqueKeys": []
            },
            "conflictResolutionPolicy": {
              "mode": "LastWriterWins",
              "conflictResolutionPath": "/_ts",
              "conflictResolutionProcedure": ""
            },
            "geospatialConfig": {
              "type": "Geography"
            },
            "_rid": "XO4cAP-FUd0=",
            "_ts": 1680358711,
            "_self": "dbs/XO4cAA==/colls/XO4cAP-FUd0=/",
            "_etag": "\u002200001c06-0000-0700-0000-64283d370000\u0022",
            "_docs": "docs/",
            "_sprocs": "sprocs/",
            "_triggers": "triggers/",
            "_udfs": "udfs/",
            "_conflicts": "conflicts/",
            "statistics": [
              {
                "id": "0",
                "sizeInKB": 0,
                "documentCount": 0,
                "sampledDistinctPartitionKeyCount": 0,
                "partitionKeys": []
              }
            ]
          }
        }
      }
    },
    {
      "RequestUri": "https://management.azure.com/subscriptions/710e347c-9ac8-408c-90fe-f8cfc44bf967/resourceGroups/dbaccount-155/providers/Microsoft.DocumentDB/databaseAccounts/dbaccount-3966/sqlDatabases/sql-db-6443/containers/sql-container-6276/triggers/sql-trigger-7883?api-version=2022-11-15",
      "RequestMethod": "PUT",
      "RequestHeaders": {
        "Accept": "application/json",
        "Authorization": "Sanitized",
        "Content-Length": "324",
        "Content-Type": "application/json",
        "traceparent": "00-975b034138b0c7fd244ca632ffc37a36-65cbedeecbd8a4d0-00",
        "User-Agent": "azsdk-net-ResourceManager.CosmosDB/1.3.0-alpha.20230330.1 (.NET 7.0.4; Microsoft Windows 10.0.22621)",
        "x-ms-client-request-id": "6fd1395c7bbb2bd8008a2de65e08fec3",
        "x-ms-return-client-request-id": "true"
      },
      "RequestBody": {
        "tags": {},
        "location": "westus",
        "properties": {
          "resource": {
            "id": "sql-trigger-7883",
            "body": "function () {\r\n    var updatetext = getContext();\r\n    var response = context.getResponse();\r\n    response.setBody(\u0027First Hello World\u0027);\r\n}",
            "triggerType": "Pre",
            "triggerOperation": "All"
          },
          "options": {
            "throughput": 700
          }
        }
      },
      "StatusCode": 202,
      "ResponseHeaders": {
        "Azure-AsyncOperation": "https://management.azure.com/subscriptions/710e347c-9ac8-408c-90fe-f8cfc44bf967/providers/Microsoft.DocumentDB/locations/westus2/operationsStatus/a1a9364c-108c-454e-a872-3713de157fb4?api-version=2022-11-15",
        "Cache-Control": "no-store, no-cache",
        "Content-Length": "21",
        "Content-Type": "application/json",
        "Date": "Sat, 01 Apr 2023 14:19:26 GMT",
        "Location": "https://management.azure.com/subscriptions/710e347c-9ac8-408c-90fe-f8cfc44bf967/resourceGroups/dbaccount-155/providers/Microsoft.DocumentDB/databaseAccounts/dbaccount-3966/sqlDatabases/sql-db-6443/containers/sql-container-6276/triggers/sql-trigger-7883/operationResults/a1a9364c-108c-454e-a872-3713de157fb4?api-version=2022-11-15",
        "Pragma": "no-cache",
        "Server": "Microsoft-HTTPAPI/2.0",
        "Strict-Transport-Security": "max-age=31536000; includeSubDomains",
        "X-Content-Type-Options": "nosniff",
        "x-ms-correlation-request-id": "a5f04b79-6298-4198-9d36-1411ea0da4f8",
        "x-ms-gatewayversion": "version=2.14.0",
        "x-ms-ratelimit-remaining-subscription-writes": "1162",
        "x-ms-request-id": "a1a9364c-108c-454e-a872-3713de157fb4",
        "x-ms-routing-request-id": "EASTUS:20230401T141927Z:a5f04b79-6298-4198-9d36-1411ea0da4f8"
      },
      "ResponseBody": {
        "status": "Enqueued"
      }
    },
    {
      "RequestUri": "https://management.azure.com/subscriptions/710e347c-9ac8-408c-90fe-f8cfc44bf967/providers/Microsoft.DocumentDB/locations/westus2/operationsStatus/a1a9364c-108c-454e-a872-3713de157fb4?api-version=2022-11-15",
      "RequestMethod": "GET",
      "RequestHeaders": {
        "Authorization": "Sanitized",
        "traceparent": "00-975b034138b0c7fd244ca632ffc37a36-401b2668de4cf017-00",
        "User-Agent": "azsdk-net-ResourceManager/1.4.0 (.NET 7.0.4; Microsoft Windows 10.0.22621)",
        "x-ms-client-request-id": "ac2dd11e5eb2125848461c334da7cfae",
        "x-ms-return-client-request-id": "true"
      },
      "RequestBody": null,
      "StatusCode": 200,
      "ResponseHeaders": {
        "Cache-Control": "no-store, no-cache",
        "Content-Length": "21",
        "Content-Type": "application/json",
        "Date": "Sat, 01 Apr 2023 14:19:26 GMT",
        "Pragma": "no-cache",
        "Server": "Microsoft-HTTPAPI/2.0",
        "Strict-Transport-Security": "max-age=31536000; includeSubDomains",
        "X-Content-Type-Options": "nosniff",
        "x-ms-correlation-request-id": "23c8d56a-0074-45a3-95a6-34e4b1e4c010",
        "x-ms-gatewayversion": "version=2.14.0",
        "x-ms-ratelimit-remaining-subscription-reads": "11451",
        "x-ms-request-id": "23c8d56a-0074-45a3-95a6-34e4b1e4c010",
        "x-ms-routing-request-id": "EASTUS:20230401T141927Z:23c8d56a-0074-45a3-95a6-34e4b1e4c010"
      },
      "ResponseBody": {
        "status": "Enqueued"
      }
    },
    {
      "RequestUri": "https://management.azure.com/subscriptions/710e347c-9ac8-408c-90fe-f8cfc44bf967/providers/Microsoft.DocumentDB/locations/westus2/operationsStatus/a1a9364c-108c-454e-a872-3713de157fb4?api-version=2022-11-15",
      "RequestMethod": "GET",
      "RequestHeaders": {
        "Authorization": "Sanitized",
        "traceparent": "00-975b034138b0c7fd244ca632ffc37a36-b243585e19dadeb8-00",
        "User-Agent": "azsdk-net-ResourceManager/1.4.0 (.NET 7.0.4; Microsoft Windows 10.0.22621)",
        "x-ms-client-request-id": "8d3cd5740750837e487ad460062b48ae",
        "x-ms-return-client-request-id": "true"
      },
      "RequestBody": null,
      "StatusCode": 200,
      "ResponseHeaders": {
        "Cache-Control": "no-store, no-cache",
        "Content-Length": "21",
        "Content-Type": "application/json",
        "Date": "Sat, 01 Apr 2023 14:19:27 GMT",
        "Pragma": "no-cache",
        "Server": "Microsoft-HTTPAPI/2.0",
        "Strict-Transport-Security": "max-age=31536000; includeSubDomains",
        "X-Content-Type-Options": "nosniff",
        "x-ms-correlation-request-id": "0e05b2ca-a20f-49ad-9c27-22d81d14b616",
        "x-ms-gatewayversion": "version=2.14.0",
        "x-ms-ratelimit-remaining-subscription-reads": "11450",
        "x-ms-request-id": "0e05b2ca-a20f-49ad-9c27-22d81d14b616",
        "x-ms-routing-request-id": "EASTUS:20230401T141928Z:0e05b2ca-a20f-49ad-9c27-22d81d14b616"
      },
      "ResponseBody": {
        "status": "Enqueued"
      }
    },
    {
      "RequestUri": "https://management.azure.com/subscriptions/710e347c-9ac8-408c-90fe-f8cfc44bf967/providers/Microsoft.DocumentDB/locations/westus2/operationsStatus/a1a9364c-108c-454e-a872-3713de157fb4?api-version=2022-11-15",
      "RequestMethod": "GET",
      "RequestHeaders": {
        "Authorization": "Sanitized",
        "traceparent": "00-975b034138b0c7fd244ca632ffc37a36-232af3700c185677-00",
        "User-Agent": "azsdk-net-ResourceManager/1.4.0 (.NET 7.0.4; Microsoft Windows 10.0.22621)",
        "x-ms-client-request-id": "8dc74df951da1810e47a191dbcbd09f3",
        "x-ms-return-client-request-id": "true"
      },
      "RequestBody": null,
      "StatusCode": 200,
      "ResponseHeaders": {
        "Cache-Control": "no-store, no-cache",
        "Content-Length": "21",
        "Content-Type": "application/json",
        "Date": "Sat, 01 Apr 2023 14:19:28 GMT",
        "Pragma": "no-cache",
        "Server": "Microsoft-HTTPAPI/2.0",
        "Strict-Transport-Security": "max-age=31536000; includeSubDomains",
        "X-Content-Type-Options": "nosniff",
        "x-ms-correlation-request-id": "0701f510-b26d-4835-922c-5186f4571f1d",
        "x-ms-gatewayversion": "version=2.14.0",
        "x-ms-ratelimit-remaining-subscription-reads": "11449",
        "x-ms-request-id": "0701f510-b26d-4835-922c-5186f4571f1d",
        "x-ms-routing-request-id": "EASTUS:20230401T141929Z:0701f510-b26d-4835-922c-5186f4571f1d"
      },
      "ResponseBody": {
        "status": "Enqueued"
      }
    },
    {
      "RequestUri": "https://management.azure.com/subscriptions/710e347c-9ac8-408c-90fe-f8cfc44bf967/providers/Microsoft.DocumentDB/locations/westus2/operationsStatus/a1a9364c-108c-454e-a872-3713de157fb4?api-version=2022-11-15",
      "RequestMethod": "GET",
      "RequestHeaders": {
        "Authorization": "Sanitized",
        "traceparent": "00-975b034138b0c7fd244ca632ffc37a36-e0e90dc8d969fba7-00",
        "User-Agent": "azsdk-net-ResourceManager/1.4.0 (.NET 7.0.4; Microsoft Windows 10.0.22621)",
        "x-ms-client-request-id": "0d37c78b0315178f53aa643889f80c1c",
        "x-ms-return-client-request-id": "true"
      },
      "RequestBody": null,
      "StatusCode": 200,
      "ResponseHeaders": {
        "Cache-Control": "no-store, no-cache",
        "Content-Length": "21",
        "Content-Type": "application/json",
        "Date": "Sat, 01 Apr 2023 14:19:29 GMT",
        "Pragma": "no-cache",
        "Server": "Microsoft-HTTPAPI/2.0",
        "Strict-Transport-Security": "max-age=31536000; includeSubDomains",
        "X-Content-Type-Options": "nosniff",
        "x-ms-correlation-request-id": "ad725dd5-53fe-4442-9a03-9aade8fe226f",
        "x-ms-gatewayversion": "version=2.14.0",
        "x-ms-ratelimit-remaining-subscription-reads": "11448",
        "x-ms-request-id": "ad725dd5-53fe-4442-9a03-9aade8fe226f",
        "x-ms-routing-request-id": "EASTUS:20230401T141930Z:ad725dd5-53fe-4442-9a03-9aade8fe226f"
      },
      "ResponseBody": {
        "status": "Dequeued"
      }
    },
    {
      "RequestUri": "https://management.azure.com/subscriptions/710e347c-9ac8-408c-90fe-f8cfc44bf967/providers/Microsoft.DocumentDB/locations/westus2/operationsStatus/a1a9364c-108c-454e-a872-3713de157fb4?api-version=2022-11-15",
      "RequestMethod": "GET",
      "RequestHeaders": {
        "Authorization": "Sanitized",
        "traceparent": "00-975b034138b0c7fd244ca632ffc37a36-51eb13402ca3b4ce-00",
        "User-Agent": "azsdk-net-ResourceManager/1.4.0 (.NET 7.0.4; Microsoft Windows 10.0.22621)",
        "x-ms-client-request-id": "ff396dfe42df23d3c424a8d5ed60c68a",
        "x-ms-return-client-request-id": "true"
      },
      "RequestBody": null,
      "StatusCode": 200,
      "ResponseHeaders": {
        "Cache-Control": "no-store, no-cache",
        "Content-Length": "22",
        "Content-Type": "application/json",
        "Date": "Sat, 01 Apr 2023 14:19:31 GMT",
        "Pragma": "no-cache",
        "Server": "Microsoft-HTTPAPI/2.0",
        "Strict-Transport-Security": "max-age=31536000; includeSubDomains",
        "X-Content-Type-Options": "nosniff",
        "x-ms-correlation-request-id": "c16d0a23-a08e-43ab-8764-e323c7f2a8bd",
        "x-ms-gatewayversion": "version=2.14.0",
        "x-ms-ratelimit-remaining-subscription-reads": "11447",
        "x-ms-request-id": "c16d0a23-a08e-43ab-8764-e323c7f2a8bd",
        "x-ms-routing-request-id": "EASTUS:20230401T141932Z:c16d0a23-a08e-43ab-8764-e323c7f2a8bd"
      },
      "ResponseBody": {
        "status": "Succeeded"
      }
    },
    {
      "RequestUri": "https://management.azure.com/subscriptions/710e347c-9ac8-408c-90fe-f8cfc44bf967/resourceGroups/dbaccount-155/providers/Microsoft.DocumentDB/databaseAccounts/dbaccount-3966/sqlDatabases/sql-db-6443/containers/sql-container-6276/triggers/sql-trigger-7883?api-version=2022-11-15",
      "RequestMethod": "GET",
      "RequestHeaders": {
        "Authorization": "Sanitized",
        "traceparent": "00-975b034138b0c7fd244ca632ffc37a36-fdfd3a055e604ad0-00",
        "User-Agent": "azsdk-net-ResourceManager/1.4.0 (.NET 7.0.4; Microsoft Windows 10.0.22621)",
        "x-ms-client-request-id": "3ed4e1703af4f699bdaf3a30ecd88fec",
        "x-ms-return-client-request-id": "true"
      },
      "RequestBody": null,
      "StatusCode": 200,
      "ResponseHeaders": {
        "Cache-Control": "no-store, no-cache",
        "Content-Length": "772",
        "Content-Type": "application/json",
        "Date": "Sat, 01 Apr 2023 14:19:31 GMT",
        "Pragma": "no-cache",
        "Server": "Microsoft-HTTPAPI/2.0",
        "Strict-Transport-Security": "max-age=31536000; includeSubDomains",
        "X-Content-Type-Options": "nosniff",
        "x-ms-correlation-request-id": "00fcfa05-ca79-4fd5-90d3-036e624fda54",
        "x-ms-gatewayversion": "version=2.14.0",
        "x-ms-ratelimit-remaining-subscription-reads": "11446",
        "x-ms-request-id": "00fcfa05-ca79-4fd5-90d3-036e624fda54",
        "x-ms-routing-request-id": "EASTUS:20230401T141932Z:00fcfa05-ca79-4fd5-90d3-036e624fda54"
      },
      "ResponseBody": {
        "id": "/subscriptions/710e347c-9ac8-408c-90fe-f8cfc44bf967/resourceGroups/dbaccount-155/providers/Microsoft.DocumentDB/databaseAccounts/dbaccount-3966/sqlDatabases/sql-db-6443/containers/sql-container-6276/triggers/sql-trigger-7883",
        "type": "Microsoft.DocumentDB/databaseAccounts/sqlDatabases/containers/triggers",
        "name": "sql-trigger-7883",
        "properties": {
          "resource": {
            "id": "sql-trigger-7883",
            "body": "function () {\r\n    var updatetext = getContext();\r\n    var response = context.getResponse();\r\n    response.setBody(\u0027First Hello World\u0027);\r\n}",
            "triggerType": "Pre",
            "triggerOperation": "All",
            "_rid": "XO4cAP-FUd0EAAAAAAAAcA==",
            "_self": "dbs/XO4cAA==/colls/XO4cAP-FUd0=/triggers/XO4cAP-FUd0EAAAAAAAAcA==/",
            "_etag": "\u00227300497a-0000-0700-0000-64283d730000\u0022",
            "_ts": 1680358771
          }
        }
      }
    },
    {
      "RequestUri": "https://management.azure.com/subscriptions/710e347c-9ac8-408c-90fe-f8cfc44bf967/resourceGroups/dbaccount-155/providers/Microsoft.DocumentDB/databaseAccounts/dbaccount-3966/sqlDatabases/sql-db-6443/containers/sql-container-6276/triggers?api-version=2022-11-15",
      "RequestMethod": "GET",
      "RequestHeaders": {
        "Accept": "application/json",
        "Authorization": "Sanitized",
        "traceparent": "00-df4b6ab77921e2dc3173f3e77eae56e0-77a2b2afd4648907-00",
        "User-Agent": "azsdk-net-ResourceManager.CosmosDB/1.3.0-alpha.20230330.1 (.NET 7.0.4; Microsoft Windows 10.0.22621)",
        "x-ms-client-request-id": "4e1efc6d09844913f41449f15ab929f2",
        "x-ms-return-client-request-id": "true"
      },
      "RequestBody": null,
      "StatusCode": 200,
      "ResponseHeaders": {
        "Cache-Control": "no-store, no-cache",
        "Content-Length": "784",
        "Content-Type": "application/json",
        "Date": "Sat, 01 Apr 2023 14:19:32 GMT",
        "Pragma": "no-cache",
        "Server": "Microsoft-HTTPAPI/2.0",
        "Strict-Transport-Security": "max-age=31536000; includeSubDomains",
        "X-Content-Type-Options": "nosniff",
        "x-ms-correlation-request-id": "7644da38-17b1-41df-b719-d2f1c65197e9",
        "x-ms-gatewayversion": "version=2.14.0",
        "x-ms-ratelimit-remaining-subscription-reads": "11445",
        "x-ms-request-id": "7644da38-17b1-41df-b719-d2f1c65197e9",
        "x-ms-routing-request-id": "EASTUS:20230401T141932Z:7644da38-17b1-41df-b719-d2f1c65197e9"
      },
      "ResponseBody": {
        "value": [
          {
            "id": "/subscriptions/710e347c-9ac8-408c-90fe-f8cfc44bf967/resourceGroups/dbaccount-155/providers/Microsoft.DocumentDB/databaseAccounts/dbaccount-3966/sqlDatabases/sql-db-6443/containers/sql-container-6276/triggers/sql-trigger-7883",
            "type": "Microsoft.DocumentDB/databaseAccounts/sqlDatabases/containers/triggers",
            "name": "sql-trigger-7883",
            "properties": {
              "resource": {
                "id": "sql-trigger-7883",
                "body": "function () {\r\n    var updatetext = getContext();\r\n    var response = context.getResponse();\r\n    response.setBody(\u0027First Hello World\u0027);\r\n}",
                "triggerType": "Pre",
                "triggerOperation": "All",
                "_rid": "XO4cAP-FUd0EAAAAAAAAcA==",
                "_self": "dbs/XO4cAA==/colls/XO4cAP-FUd0=/triggers/XO4cAP-FUd0EAAAAAAAAcA==/",
                "_etag": "\u00227300497a-0000-0700-0000-64283d730000\u0022",
                "_ts": 1680358771
              }
            }
          }
        ]
      }
    },
    {
      "RequestUri": "https://management.azure.com/subscriptions/710e347c-9ac8-408c-90fe-f8cfc44bf967/resourceGroups/dbaccount-155/providers/Microsoft.DocumentDB/databaseAccounts/dbaccount-3966/sqlDatabases/sql-db-6443/containers/sql-container-6276/triggers/sql-trigger-7883?api-version=2022-11-15",
      "RequestMethod": "GET",
      "RequestHeaders": {
        "Accept": "application/json",
        "Authorization": "Sanitized",
        "traceparent": "00-21530245747224a8c338c5ba64b5fac2-d7f90f5f3153309a-00",
        "User-Agent": "azsdk-net-ResourceManager.CosmosDB/1.3.0-alpha.20230330.1 (.NET 7.0.4; Microsoft Windows 10.0.22621)",
        "x-ms-client-request-id": "a8c7d9e3cd23c428d442423007a236ec",
        "x-ms-return-client-request-id": "true"
      },
      "RequestBody": null,
      "StatusCode": 200,
      "ResponseHeaders": {
        "Cache-Control": "no-store, no-cache",
        "Content-Length": "772",
        "Content-Type": "application/json",
        "Date": "Sat, 01 Apr 2023 14:19:32 GMT",
        "Pragma": "no-cache",
        "Server": "Microsoft-HTTPAPI/2.0",
        "Strict-Transport-Security": "max-age=31536000; includeSubDomains",
        "X-Content-Type-Options": "nosniff",
        "x-ms-correlation-request-id": "995d92ac-2c1a-48cb-8dcc-cc731c8eb4cd",
        "x-ms-gatewayversion": "version=2.14.0",
        "x-ms-ratelimit-remaining-subscription-reads": "11444",
        "x-ms-request-id": "995d92ac-2c1a-48cb-8dcc-cc731c8eb4cd",
        "x-ms-routing-request-id": "EASTUS:20230401T141933Z:995d92ac-2c1a-48cb-8dcc-cc731c8eb4cd"
      },
      "ResponseBody": {
        "id": "/subscriptions/710e347c-9ac8-408c-90fe-f8cfc44bf967/resourceGroups/dbaccount-155/providers/Microsoft.DocumentDB/databaseAccounts/dbaccount-3966/sqlDatabases/sql-db-6443/containers/sql-container-6276/triggers/sql-trigger-7883",
        "type": "Microsoft.DocumentDB/databaseAccounts/sqlDatabases/containers/triggers",
        "name": "sql-trigger-7883",
        "properties": {
          "resource": {
            "id": "sql-trigger-7883",
            "body": "function () {\r\n    var updatetext = getContext();\r\n    var response = context.getResponse();\r\n    response.setBody(\u0027First Hello World\u0027);\r\n}",
            "triggerType": "Pre",
            "triggerOperation": "All",
            "_rid": "XO4cAP-FUd0EAAAAAAAAcA==",
            "_self": "dbs/XO4cAA==/colls/XO4cAP-FUd0=/triggers/XO4cAP-FUd0EAAAAAAAAcA==/",
            "_etag": "\u00227300497a-0000-0700-0000-64283d730000\u0022",
            "_ts": 1680358771
          }
        }
      }
    },
    {
      "RequestUri": "https://management.azure.com/subscriptions/710e347c-9ac8-408c-90fe-f8cfc44bf967/resourceGroups/dbaccount-155/providers/Microsoft.DocumentDB/databaseAccounts/dbaccount-3966/sqlDatabases/sql-db-6443/containers/sql-container-6276/triggers/sql-trigger-7883?api-version=2022-11-15",
      "RequestMethod": "DELETE",
      "RequestHeaders": {
        "Authorization": "Sanitized",
        "traceparent": "00-ce9b48ed0bafa712369c50c7da1fe8d1-a4e7de024832a6f9-00",
        "User-Agent": "azsdk-net-ResourceManager.CosmosDB/1.3.0-alpha.20230330.1 (.NET 7.0.4; Microsoft Windows 10.0.22621)",
        "x-ms-client-request-id": "f167bc9478416706cd8b4ae0f1a89c03",
        "x-ms-return-client-request-id": "true"
      },
      "RequestBody": null,
      "StatusCode": 202,
      "ResponseHeaders": {
        "Azure-AsyncOperation": "https://management.azure.com/subscriptions/710e347c-9ac8-408c-90fe-f8cfc44bf967/providers/Microsoft.DocumentDB/locations/westus2/operationsStatus/d67d478e-6f80-4a37-a92c-947e68981d49?api-version=2022-11-15",
        "Cache-Control": "no-store, no-cache",
        "Content-Length": "21",
        "Content-Type": "application/json",
        "Date": "Sat, 01 Apr 2023 14:19:32 GMT",
        "Location": "https://management.azure.com/subscriptions/710e347c-9ac8-408c-90fe-f8cfc44bf967/resourceGroups/dbaccount-155/providers/Microsoft.DocumentDB/databaseAccounts/dbaccount-3966/sqlDatabases/sql-db-6443/containers/sql-container-6276/triggers/sql-trigger-7883/operationResults/d67d478e-6f80-4a37-a92c-947e68981d49?api-version=2022-11-15",
        "Pragma": "no-cache",
        "Server": "Microsoft-HTTPAPI/2.0",
        "Strict-Transport-Security": "max-age=31536000; includeSubDomains",
        "X-Content-Type-Options": "nosniff",
        "x-ms-correlation-request-id": "acef016e-62a8-411e-ae6b-9c263c7a43f5",
        "x-ms-gatewayversion": "version=2.14.0",
        "x-ms-ratelimit-remaining-subscription-deletes": "14977",
        "x-ms-request-id": "d67d478e-6f80-4a37-a92c-947e68981d49",
        "x-ms-routing-request-id": "EASTUS:20230401T141933Z:acef016e-62a8-411e-ae6b-9c263c7a43f5"
      },
      "ResponseBody": {
        "status": "Enqueued"
      }
    },
    {
      "RequestUri": "https://management.azure.com/subscriptions/710e347c-9ac8-408c-90fe-f8cfc44bf967/providers/Microsoft.DocumentDB/locations/westus2/operationsStatus/d67d478e-6f80-4a37-a92c-947e68981d49?api-version=2022-11-15",
      "RequestMethod": "GET",
      "RequestHeaders": {
        "Authorization": "Sanitized",
        "traceparent": "00-ce9b48ed0bafa712369c50c7da1fe8d1-b2ae350639c7a3e3-00",
        "User-Agent": "azsdk-net-ResourceManager/1.4.0 (.NET 7.0.4; Microsoft Windows 10.0.22621)",
        "x-ms-client-request-id": "9d5c5ddd38526bb0d360da988348d32b",
        "x-ms-return-client-request-id": "true"
      },
      "RequestBody": null,
      "StatusCode": 200,
      "ResponseHeaders": {
        "Cache-Control": "no-store, no-cache",
        "Content-Length": "21",
        "Content-Type": "application/json",
        "Date": "Sat, 01 Apr 2023 14:19:32 GMT",
        "Pragma": "no-cache",
        "Server": "Microsoft-HTTPAPI/2.0",
        "Strict-Transport-Security": "max-age=31536000; includeSubDomains",
        "X-Content-Type-Options": "nosniff",
        "x-ms-correlation-request-id": "8000f101-9afe-4e05-9f02-84b8cbac4a7d",
        "x-ms-gatewayversion": "version=2.14.0",
        "x-ms-ratelimit-remaining-subscription-reads": "11443",
        "x-ms-request-id": "8000f101-9afe-4e05-9f02-84b8cbac4a7d",
        "x-ms-routing-request-id": "EASTUS:20230401T141933Z:8000f101-9afe-4e05-9f02-84b8cbac4a7d"
      },
      "ResponseBody": {
        "status": "Enqueued"
      }
    },
    {
      "RequestUri": "https://management.azure.com/subscriptions/710e347c-9ac8-408c-90fe-f8cfc44bf967/providers/Microsoft.DocumentDB/locations/westus2/operationsStatus/d67d478e-6f80-4a37-a92c-947e68981d49?api-version=2022-11-15",
      "RequestMethod": "GET",
      "RequestHeaders": {
        "Authorization": "Sanitized",
        "traceparent": "00-ce9b48ed0bafa712369c50c7da1fe8d1-b70ea1cf7f241bbf-00",
        "User-Agent": "azsdk-net-ResourceManager/1.4.0 (.NET 7.0.4; Microsoft Windows 10.0.22621)",
        "x-ms-client-request-id": "c0aa3ea62355aedbf4c71de7fdc59fea",
        "x-ms-return-client-request-id": "true"
      },
      "RequestBody": null,
      "StatusCode": 200,
      "ResponseHeaders": {
        "Cache-Control": "no-store, no-cache",
        "Content-Length": "21",
        "Content-Type": "application/json",
        "Date": "Sat, 01 Apr 2023 14:19:34 GMT",
        "Pragma": "no-cache",
        "Server": "Microsoft-HTTPAPI/2.0",
        "Strict-Transport-Security": "max-age=31536000; includeSubDomains",
        "X-Content-Type-Options": "nosniff",
        "x-ms-correlation-request-id": "558cf2e2-b9f3-4872-95a6-328e765f8acc",
        "x-ms-gatewayversion": "version=2.14.0",
        "x-ms-ratelimit-remaining-subscription-reads": "11442",
        "x-ms-request-id": "558cf2e2-b9f3-4872-95a6-328e765f8acc",
        "x-ms-routing-request-id": "EASTUS:20230401T141934Z:558cf2e2-b9f3-4872-95a6-328e765f8acc"
      },
      "ResponseBody": {
        "status": "Enqueued"
      }
    },
    {
      "RequestUri": "https://management.azure.com/subscriptions/710e347c-9ac8-408c-90fe-f8cfc44bf967/providers/Microsoft.DocumentDB/locations/westus2/operationsStatus/d67d478e-6f80-4a37-a92c-947e68981d49?api-version=2022-11-15",
      "RequestMethod": "GET",
      "RequestHeaders": {
        "Authorization": "Sanitized",
        "traceparent": "00-ce9b48ed0bafa712369c50c7da1fe8d1-d21e39bc3e5c0e3d-00",
        "User-Agent": "azsdk-net-ResourceManager/1.4.0 (.NET 7.0.4; Microsoft Windows 10.0.22621)",
        "x-ms-client-request-id": "9403f849fe4c4db197e240b00c2f1d8b",
        "x-ms-return-client-request-id": "true"
      },
      "RequestBody": null,
      "StatusCode": 200,
      "ResponseHeaders": {
        "Cache-Control": "no-store, no-cache",
        "Content-Length": "21",
        "Content-Type": "application/json",
        "Date": "Sat, 01 Apr 2023 14:19:35 GMT",
        "Pragma": "no-cache",
        "Server": "Microsoft-HTTPAPI/2.0",
        "Strict-Transport-Security": "max-age=31536000; includeSubDomains",
        "X-Content-Type-Options": "nosniff",
        "x-ms-correlation-request-id": "b2450ebd-d371-49bc-94e9-6abcaf6913bc",
        "x-ms-gatewayversion": "version=2.14.0",
        "x-ms-ratelimit-remaining-subscription-reads": "11441",
        "x-ms-request-id": "b2450ebd-d371-49bc-94e9-6abcaf6913bc",
        "x-ms-routing-request-id": "EASTUS:20230401T141935Z:b2450ebd-d371-49bc-94e9-6abcaf6913bc"
      },
      "ResponseBody": {
        "status": "Enqueued"
      }
    },
    {
      "RequestUri": "https://management.azure.com/subscriptions/710e347c-9ac8-408c-90fe-f8cfc44bf967/providers/Microsoft.DocumentDB/locations/westus2/operationsStatus/d67d478e-6f80-4a37-a92c-947e68981d49?api-version=2022-11-15",
      "RequestMethod": "GET",
      "RequestHeaders": {
        "Authorization": "Sanitized",
        "traceparent": "00-ce9b48ed0bafa712369c50c7da1fe8d1-a52e5e4cd72e02f3-00",
        "User-Agent": "azsdk-net-ResourceManager/1.4.0 (.NET 7.0.4; Microsoft Windows 10.0.22621)",
        "x-ms-client-request-id": "899a4e868138b9fc81aea98a1bc96d0d",
        "x-ms-return-client-request-id": "true"
      },
      "RequestBody": null,
      "StatusCode": 200,
      "ResponseHeaders": {
        "Cache-Control": "no-store, no-cache",
        "Content-Length": "21",
        "Content-Type": "application/json",
        "Date": "Sat, 01 Apr 2023 14:19:36 GMT",
        "Pragma": "no-cache",
        "Server": "Microsoft-HTTPAPI/2.0",
        "Strict-Transport-Security": "max-age=31536000; includeSubDomains",
        "X-Content-Type-Options": "nosniff",
        "x-ms-correlation-request-id": "949ed3eb-30fb-4039-b9e9-3ba98fddc2d9",
        "x-ms-gatewayversion": "version=2.14.0",
        "x-ms-ratelimit-remaining-subscription-reads": "11440",
        "x-ms-request-id": "949ed3eb-30fb-4039-b9e9-3ba98fddc2d9",
        "x-ms-routing-request-id": "EASTUS:20230401T141937Z:949ed3eb-30fb-4039-b9e9-3ba98fddc2d9"
      },
      "ResponseBody": {
        "status": "Dequeued"
      }
    },
    {
      "RequestUri": "https://management.azure.com/subscriptions/710e347c-9ac8-408c-90fe-f8cfc44bf967/providers/Microsoft.DocumentDB/locations/westus2/operationsStatus/d67d478e-6f80-4a37-a92c-947e68981d49?api-version=2022-11-15",
      "RequestMethod": "GET",
      "RequestHeaders": {
        "Authorization": "Sanitized",
        "traceparent": "00-ce9b48ed0bafa712369c50c7da1fe8d1-447156fb6a74d146-00",
        "User-Agent": "azsdk-net-ResourceManager/1.4.0 (.NET 7.0.4; Microsoft Windows 10.0.22621)",
        "x-ms-client-request-id": "8a4ef0c03f44a7df8c5c2873e32aa1c4",
        "x-ms-return-client-request-id": "true"
      },
      "RequestBody": null,
      "StatusCode": 200,
      "ResponseHeaders": {
        "Cache-Control": "no-store, no-cache",
        "Content-Length": "21",
        "Content-Type": "application/json",
        "Date": "Sat, 01 Apr 2023 14:19:38 GMT",
        "Pragma": "no-cache",
        "Server": "Microsoft-HTTPAPI/2.0",
        "Strict-Transport-Security": "max-age=31536000; includeSubDomains",
        "X-Content-Type-Options": "nosniff",
        "x-ms-correlation-request-id": "92e57204-ae90-4a91-b3cb-83ce4642104d",
        "x-ms-gatewayversion": "version=2.14.0",
        "x-ms-ratelimit-remaining-subscription-reads": "11439",
        "x-ms-request-id": "92e57204-ae90-4a91-b3cb-83ce4642104d",
        "x-ms-routing-request-id": "EASTUS:20230401T141939Z:92e57204-ae90-4a91-b3cb-83ce4642104d"
      },
      "ResponseBody": {
        "status": "Dequeued"
      }
    },
    {
      "RequestUri": "https://management.azure.com/subscriptions/710e347c-9ac8-408c-90fe-f8cfc44bf967/providers/Microsoft.DocumentDB/locations/westus2/operationsStatus/d67d478e-6f80-4a37-a92c-947e68981d49?api-version=2022-11-15",
      "RequestMethod": "GET",
      "RequestHeaders": {
        "Authorization": "Sanitized",
        "traceparent": "00-ce9b48ed0bafa712369c50c7da1fe8d1-ad6d732c1747ba36-00",
        "User-Agent": "azsdk-net-ResourceManager/1.4.0 (.NET 7.0.4; Microsoft Windows 10.0.22621)",
        "x-ms-client-request-id": "ae6091aa162ac8b1fb49129d552732ce",
        "x-ms-return-client-request-id": "true"
      },
      "RequestBody": null,
      "StatusCode": 200,
      "ResponseHeaders": {
        "Cache-Control": "no-store, no-cache",
        "Content-Length": "22",
        "Content-Type": "application/json",
        "Date": "Sat, 01 Apr 2023 14:19:42 GMT",
        "Pragma": "no-cache",
        "Server": "Microsoft-HTTPAPI/2.0",
        "Strict-Transport-Security": "max-age=31536000; includeSubDomains",
        "X-Content-Type-Options": "nosniff",
        "x-ms-correlation-request-id": "e1df53b7-3dc1-44fd-a0ce-33f10159b1dc",
        "x-ms-gatewayversion": "version=2.14.0",
        "x-ms-ratelimit-remaining-subscription-reads": "11438",
        "x-ms-request-id": "e1df53b7-3dc1-44fd-a0ce-33f10159b1dc",
        "x-ms-routing-request-id": "EASTUS:20230401T141943Z:e1df53b7-3dc1-44fd-a0ce-33f10159b1dc"
      },
      "ResponseBody": {
        "status": "Succeeded"
      }
    }
  ],
  "Variables": {
    "AZURE_AUTHORITY_HOST": null,
    "RandomSeed": "1748657020",
    "RESOURCE_MANAGER_URL": null,
    "SUBSCRIPTION_ID": "710e347c-9ac8-408c-90fe-f8cfc44bf967"
  }
}
