{
  "Entries": [
    {
      "RequestUri": "https://management.azure.com/subscriptions/220fc532-6091-423c-8ba0-66c2397d591b/resourceGroups/dbaccount-8883/providers/Microsoft.DocumentDB/databaseAccounts/dbaccount-4406/sqlDatabases/sql-db-174/containers/sql-container-4?api-version=2023-03-15-preview",
      "RequestMethod": "GET",
      "RequestHeaders": {
        "Accept": "application/json",
        "Authorization": "Sanitized",
        "traceparent": "00-de90d2c564e9d1783f2d0beac7287a5e-959239a3ac2e9c12-00",
        "User-Agent": "azsdk-net-ResourceManager.CosmosDB/1.4.0-alpha.20230630.1 (.NET 7.0.7; Microsoft Windows 10.0.23493)",
        "x-ms-client-request-id": "fb54755608258073f5a89f16222d1904",
        "x-ms-return-client-request-id": "true"
      },
      "RequestBody": null,
      "StatusCode": 200,
      "ResponseHeaders": {
        "Cache-Control": "no-store, no-cache",
        "Content-Length": "1323",
        "Content-Type": "application/json",
        "Date": "Sat, 01 Jul 2023 09:25:24 GMT",
        "Pragma": "no-cache",
        "Server": "Microsoft-HTTPAPI/2.0",
        "Strict-Transport-Security": "max-age=31536000; includeSubDomains",
        "X-Content-Type-Options": "nosniff",
        "x-ms-correlation-request-id": "f5e91a0e-f0ae-4e01-a7a4-3b2f25e8507f",
        "x-ms-gatewayversion": "version=2.14.0",
        "x-ms-ratelimit-remaining-subscription-reads": "11434",
        "x-ms-request-id": "f5e91a0e-f0ae-4e01-a7a4-3b2f25e8507f",
        "x-ms-routing-request-id": "SOUTHCENTRALUS:20230701T092525Z:f5e91a0e-f0ae-4e01-a7a4-3b2f25e8507f"
      },
      "ResponseBody": {
        "id": "/subscriptions/220fc532-6091-423c-8ba0-66c2397d591b/resourceGroups/dbaccount-8883/providers/Microsoft.DocumentDB/databaseAccounts/dbaccount-4406/sqlDatabases/sql-db-174/containers/sql-container-4",
        "type": "Microsoft.DocumentDB/databaseAccounts/sqlDatabases/containers",
        "name": "sql-container-4",
        "properties": {
          "resource": {
            "id": "sql-container-4",
            "indexingPolicy": {
              "indexingMode": "consistent",
              "automatic": true,
              "includedPaths": [
                {
                  "path": "/*"
                }
              ],
              "excludedPaths": [
                {
                  "path": "/pathToNotIndex/*"
                },
                {
                  "path": "/\u0022_etag\u0022/?"
                }
              ],
              "spatialIndexes": [
                {
                  "path": "/*",
                  "types": [
                    "Point",
                    "LineString",
                    "Polygon",
                    "MultiPolygon"
                  ]
                }
              ],
              "compositeIndexes": [
                [
                  {
                    "path": "/orderByPath1",
                    "order": "ascending"
                  },
                  {
                    "path": "/orderByPath2",
                    "order": "descending"
                  }
                ]
              ]
            },
            "partitionKey": {
              "paths": [
                "/address/zipCode"
              ],
              "kind": "Hash"
            },
            "uniqueKeyPolicy": {
              "uniqueKeys": []
            },
            "conflictResolutionPolicy": {
              "mode": "LastWriterWins",
              "conflictResolutionPath": "/_ts",
              "conflictResolutionProcedure": ""
            },
            "geospatialConfig": {
              "type": "Geography"
            },
            "_rid": "42RfALjl7WM=",
            "_ts": 1688203513,
            "_self": "dbs/42RfAA==/colls/42RfALjl7WM=/",
            "_etag": "\u00220000d625-0000-0700-0000-649ff0f90000\u0022",
            "_docs": "docs/",
            "_sprocs": "sprocs/",
            "_triggers": "triggers/",
            "_udfs": "udfs/",
            "_conflicts": "conflicts/",
            "statistics": [
              {
                "id": "0",
                "sizeInKB": 0,
                "documentCount": 0,
                "sampledDistinctPartitionKeyCount": 0,
                "partitionKeys": []
              }
            ]
          }
        }
      }
    },
    {
      "RequestUri": "https://management.azure.com/subscriptions/220fc532-6091-423c-8ba0-66c2397d591b/resourceGroups/dbaccount-8883/providers/Microsoft.DocumentDB/databaseAccounts/dbaccount-4406/sqlDatabases/sql-db-174/containers/sql-container-4/triggers/sql-trigger-6225?api-version=2023-03-15-preview",
      "RequestMethod": "PUT",
      "RequestHeaders": {
        "Accept": "application/json",
        "Authorization": "Sanitized",
        "Content-Length": "324",
        "Content-Type": "application/json",
        "traceparent": "00-d34857133fa5eba26b60c82671ba19ab-41567ba41e3c0ed9-00",
        "User-Agent": "azsdk-net-ResourceManager.CosmosDB/1.4.0-alpha.20230630.1 (.NET 7.0.7; Microsoft Windows 10.0.23493)",
        "x-ms-client-request-id": "b83f6e8f8c85a0c360a4051daad22251",
        "x-ms-return-client-request-id": "true"
      },
      "RequestBody": {
        "tags": {},
        "location": "westus",
        "properties": {
          "resource": {
            "id": "sql-trigger-6225",
            "body": "function () {\r\n    var updatetext = getContext();\r\n    var response = context.getResponse();\r\n    response.setBody(\u0027First Hello World\u0027);\r\n}",
            "triggerType": "Pre",
            "triggerOperation": "All"
          },
          "options": {
            "throughput": 700
          }
        }
      },
      "StatusCode": 202,
      "ResponseHeaders": {
        "Azure-AsyncOperation": "https://management.azure.com/subscriptions/220fc532-6091-423c-8ba0-66c2397d591b/providers/Microsoft.DocumentDB/locations/westus2/operationsStatus/271f6562-5e81-49be-b10f-97376ad9619a?api-version=2023-03-15-preview",
        "Cache-Control": "no-store, no-cache",
        "Content-Length": "21",
        "Content-Type": "application/json",
        "Date": "Sat, 01 Jul 2023 09:25:24 GMT",
        "Location": "https://management.azure.com/subscriptions/220fc532-6091-423c-8ba0-66c2397d591b/resourceGroups/dbaccount-8883/providers/Microsoft.DocumentDB/databaseAccounts/dbaccount-4406/sqlDatabases/sql-db-174/containers/sql-container-4/triggers/sql-trigger-6225/operationResults/271f6562-5e81-49be-b10f-97376ad9619a?api-version=2023-03-15-preview",
        "Pragma": "no-cache",
        "Server": "Microsoft-HTTPAPI/2.0",
        "Strict-Transport-Security": "max-age=31536000; includeSubDomains",
        "X-Content-Type-Options": "nosniff",
        "x-ms-correlation-request-id": "88ee6f95-a6b5-4e66-94b7-39d92aad5cf2",
        "x-ms-gatewayversion": "version=2.14.0",
        "x-ms-ratelimit-remaining-subscription-writes": "1157",
        "x-ms-request-id": "271f6562-5e81-49be-b10f-97376ad9619a",
        "x-ms-routing-request-id": "SOUTHCENTRALUS:20230701T092525Z:88ee6f95-a6b5-4e66-94b7-39d92aad5cf2"
      },
      "ResponseBody": {
        "status": "Enqueued"
      }
    },
    {
      "RequestUri": "https://management.azure.com/subscriptions/220fc532-6091-423c-8ba0-66c2397d591b/providers/Microsoft.DocumentDB/locations/westus2/operationsStatus/271f6562-5e81-49be-b10f-97376ad9619a?api-version=2023-03-15-preview",
      "RequestMethod": "GET",
      "RequestHeaders": {
        "Authorization": "Sanitized",
        "traceparent": "00-d34857133fa5eba26b60c82671ba19ab-78a3ccae8648c267-00",
        "User-Agent": "azsdk-net-ResourceManager/1.6.0 (.NET 7.0.7; Microsoft Windows 10.0.23493)",
        "x-ms-client-request-id": "3e70a32332a2e9d1905bc4636d634bd6",
        "x-ms-return-client-request-id": "true"
      },
      "RequestBody": null,
      "StatusCode": 200,
      "ResponseHeaders": {
        "Cache-Control": "no-store, no-cache",
        "Content-Length": "21",
        "Content-Type": "application/json",
        "Date": "Sat, 01 Jul 2023 09:25:24 GMT",
        "Pragma": "no-cache",
        "Server": "Microsoft-HTTPAPI/2.0",
        "Strict-Transport-Security": "max-age=31536000; includeSubDomains",
        "X-Content-Type-Options": "nosniff",
        "x-ms-correlation-request-id": "a05dd568-a144-4f99-9bd6-41a46975a024",
        "x-ms-gatewayversion": "version=2.14.0",
        "x-ms-ratelimit-remaining-subscription-reads": "11433",
        "x-ms-request-id": "a05dd568-a144-4f99-9bd6-41a46975a024",
        "x-ms-routing-request-id": "SOUTHCENTRALUS:20230701T092525Z:a05dd568-a144-4f99-9bd6-41a46975a024"
      },
      "ResponseBody": {
        "status": "Enqueued"
      }
    },
    {
      "RequestUri": "https://management.azure.com/subscriptions/220fc532-6091-423c-8ba0-66c2397d591b/providers/Microsoft.DocumentDB/locations/westus2/operationsStatus/271f6562-5e81-49be-b10f-97376ad9619a?api-version=2023-03-15-preview",
      "RequestMethod": "GET",
      "RequestHeaders": {
        "Authorization": "Sanitized",
        "traceparent": "00-d34857133fa5eba26b60c82671ba19ab-afd8204516b83eb4-00",
        "User-Agent": "azsdk-net-ResourceManager/1.6.0 (.NET 7.0.7; Microsoft Windows 10.0.23493)",
        "x-ms-client-request-id": "441dc47d7bb97ccd0fb62d76b2c0e568",
        "x-ms-return-client-request-id": "true"
      },
      "RequestBody": null,
      "StatusCode": 200,
      "ResponseHeaders": {
        "Cache-Control": "no-store, no-cache",
        "Content-Length": "21",
        "Content-Type": "application/json",
        "Date": "Sat, 01 Jul 2023 09:25:26 GMT",
        "Pragma": "no-cache",
        "Server": "Microsoft-HTTPAPI/2.0",
        "Strict-Transport-Security": "max-age=31536000; includeSubDomains",
        "X-Content-Type-Options": "nosniff",
        "x-ms-correlation-request-id": "f4e3e7fa-6885-49c6-b002-6fa581233610",
        "x-ms-gatewayversion": "version=2.14.0",
        "x-ms-ratelimit-remaining-subscription-reads": "11432",
        "x-ms-request-id": "f4e3e7fa-6885-49c6-b002-6fa581233610",
        "x-ms-routing-request-id": "SOUTHCENTRALUS:20230701T092526Z:f4e3e7fa-6885-49c6-b002-6fa581233610"
      },
      "ResponseBody": {
        "status": "Enqueued"
      }
    },
    {
      "RequestUri": "https://management.azure.com/subscriptions/220fc532-6091-423c-8ba0-66c2397d591b/providers/Microsoft.DocumentDB/locations/westus2/operationsStatus/271f6562-5e81-49be-b10f-97376ad9619a?api-version=2023-03-15-preview",
      "RequestMethod": "GET",
      "RequestHeaders": {
        "Authorization": "Sanitized",
        "traceparent": "00-d34857133fa5eba26b60c82671ba19ab-2c3365a67eca154e-00",
        "User-Agent": "azsdk-net-ResourceManager/1.6.0 (.NET 7.0.7; Microsoft Windows 10.0.23493)",
        "x-ms-client-request-id": "06f984c6e361d2ae1776f8674dfb1a27",
        "x-ms-return-client-request-id": "true"
      },
      "RequestBody": null,
      "StatusCode": 200,
      "ResponseHeaders": {
        "Cache-Control": "no-store, no-cache",
        "Content-Length": "21",
        "Content-Type": "application/json",
        "Date": "Sat, 01 Jul 2023 09:25:27 GMT",
        "Pragma": "no-cache",
        "Server": "Microsoft-HTTPAPI/2.0",
        "Strict-Transport-Security": "max-age=31536000; includeSubDomains",
        "X-Content-Type-Options": "nosniff",
        "x-ms-correlation-request-id": "91974876-8386-47cd-b6e1-816b4ed1ec0f",
        "x-ms-gatewayversion": "version=2.14.0",
        "x-ms-ratelimit-remaining-subscription-reads": "11431",
        "x-ms-request-id": "91974876-8386-47cd-b6e1-816b4ed1ec0f",
        "x-ms-routing-request-id": "SOUTHCENTRALUS:20230701T092527Z:91974876-8386-47cd-b6e1-816b4ed1ec0f"
      },
      "ResponseBody": {
        "status": "Enqueued"
      }
    },
    {
      "RequestUri": "https://management.azure.com/subscriptions/220fc532-6091-423c-8ba0-66c2397d591b/providers/Microsoft.DocumentDB/locations/westus2/operationsStatus/271f6562-5e81-49be-b10f-97376ad9619a?api-version=2023-03-15-preview",
      "RequestMethod": "GET",
      "RequestHeaders": {
        "Authorization": "Sanitized",
        "traceparent": "00-d34857133fa5eba26b60c82671ba19ab-e3b77079dc975e76-00",
        "User-Agent": "azsdk-net-ResourceManager/1.6.0 (.NET 7.0.7; Microsoft Windows 10.0.23493)",
        "x-ms-client-request-id": "f68503c399daa7c8d6f32fec045a36cf",
        "x-ms-return-client-request-id": "true"
      },
      "RequestBody": null,
      "StatusCode": 200,
      "ResponseHeaders": {
        "Cache-Control": "no-store, no-cache",
        "Content-Length": "21",
        "Content-Type": "application/json",
        "Date": "Sat, 01 Jul 2023 09:25:28 GMT",
        "Pragma": "no-cache",
        "Server": "Microsoft-HTTPAPI/2.0",
        "Strict-Transport-Security": "max-age=31536000; includeSubDomains",
        "X-Content-Type-Options": "nosniff",
        "x-ms-correlation-request-id": "86ea7e40-4960-4750-bf82-17d3ab34b70c",
        "x-ms-gatewayversion": "version=2.14.0",
        "x-ms-ratelimit-remaining-subscription-reads": "11430",
        "x-ms-request-id": "86ea7e40-4960-4750-bf82-17d3ab34b70c",
        "x-ms-routing-request-id": "SOUTHCENTRALUS:20230701T092528Z:86ea7e40-4960-4750-bf82-17d3ab34b70c"
      },
      "ResponseBody": {
        "status": "Dequeued"
      }
    },
    {
      "RequestUri": "https://management.azure.com/subscriptions/220fc532-6091-423c-8ba0-66c2397d591b/providers/Microsoft.DocumentDB/locations/westus2/operationsStatus/271f6562-5e81-49be-b10f-97376ad9619a?api-version=2023-03-15-preview",
      "RequestMethod": "GET",
      "RequestHeaders": {
        "Authorization": "Sanitized",
        "traceparent": "00-d34857133fa5eba26b60c82671ba19ab-d644c3812e03a54e-00",
        "User-Agent": "azsdk-net-ResourceManager/1.6.0 (.NET 7.0.7; Microsoft Windows 10.0.23493)",
        "x-ms-client-request-id": "e99d5c7544699a75164a2c4282652e14",
        "x-ms-return-client-request-id": "true"
      },
      "RequestBody": null,
      "StatusCode": 200,
      "ResponseHeaders": {
        "Cache-Control": "no-store, no-cache",
        "Content-Length": "21",
        "Content-Type": "application/json",
        "Date": "Sat, 01 Jul 2023 09:25:30 GMT",
        "Pragma": "no-cache",
        "Server": "Microsoft-HTTPAPI/2.0",
        "Strict-Transport-Security": "max-age=31536000; includeSubDomains",
        "X-Content-Type-Options": "nosniff",
        "x-ms-correlation-request-id": "c6c01678-13c4-4f0b-a1d5-050dc3155044",
        "x-ms-gatewayversion": "version=2.14.0",
        "x-ms-ratelimit-remaining-subscription-reads": "11429",
        "x-ms-request-id": "c6c01678-13c4-4f0b-a1d5-050dc3155044",
        "x-ms-routing-request-id": "SOUTHCENTRALUS:20230701T092530Z:c6c01678-13c4-4f0b-a1d5-050dc3155044"
      },
      "ResponseBody": {
        "status": "Dequeued"
      }
    },
    {
      "RequestUri": "https://management.azure.com/subscriptions/220fc532-6091-423c-8ba0-66c2397d591b/providers/Microsoft.DocumentDB/locations/westus2/operationsStatus/271f6562-5e81-49be-b10f-97376ad9619a?api-version=2023-03-15-preview",
      "RequestMethod": "GET",
      "RequestHeaders": {
        "Authorization": "Sanitized",
        "traceparent": "00-d34857133fa5eba26b60c82671ba19ab-63e22a65777cd921-00",
        "User-Agent": "azsdk-net-ResourceManager/1.6.0 (.NET 7.0.7; Microsoft Windows 10.0.23493)",
        "x-ms-client-request-id": "afb2059cef3a2c8dbc52306db4c2cdbd",
        "x-ms-return-client-request-id": "true"
      },
      "RequestBody": null,
      "StatusCode": 200,
      "ResponseHeaders": {
        "Cache-Control": "no-store, no-cache",
        "Content-Length": "22",
        "Content-Type": "application/json",
        "Date": "Sat, 01 Jul 2023 09:25:34 GMT",
        "Pragma": "no-cache",
        "Server": "Microsoft-HTTPAPI/2.0",
        "Strict-Transport-Security": "max-age=31536000; includeSubDomains",
        "X-Content-Type-Options": "nosniff",
        "x-ms-correlation-request-id": "ce959308-2476-4a8f-a83e-0d0c7bfa0469",
        "x-ms-gatewayversion": "version=2.14.0",
        "x-ms-ratelimit-remaining-subscription-reads": "11428",
        "x-ms-request-id": "ce959308-2476-4a8f-a83e-0d0c7bfa0469",
        "x-ms-routing-request-id": "SOUTHCENTRALUS:20230701T092535Z:ce959308-2476-4a8f-a83e-0d0c7bfa0469"
      },
      "ResponseBody": {
        "status": "Succeeded"
      }
    },
    {
      "RequestUri": "https://management.azure.com/subscriptions/220fc532-6091-423c-8ba0-66c2397d591b/resourceGroups/dbaccount-8883/providers/Microsoft.DocumentDB/databaseAccounts/dbaccount-4406/sqlDatabases/sql-db-174/containers/sql-container-4/triggers/sql-trigger-6225?api-version=2023-03-15-preview",
      "RequestMethod": "GET",
      "RequestHeaders": {
        "Authorization": "Sanitized",
        "traceparent": "00-d34857133fa5eba26b60c82671ba19ab-b1a366ce94f402c2-00",
        "User-Agent": "azsdk-net-ResourceManager/1.6.0 (.NET 7.0.7; Microsoft Windows 10.0.23493)",
        "x-ms-client-request-id": "f1f22840305d7fbe8debdf906c852470",
        "x-ms-return-client-request-id": "true"
      },
      "RequestBody": null,
      "StatusCode": 200,
      "ResponseHeaders": {
        "Cache-Control": "no-store, no-cache",
        "Content-Length": "769",
        "Content-Type": "application/json",
        "Date": "Sat, 01 Jul 2023 09:25:34 GMT",
        "Pragma": "no-cache",
        "Server": "Microsoft-HTTPAPI/2.0",
        "Strict-Transport-Security": "max-age=31536000; includeSubDomains",
        "X-Content-Type-Options": "nosniff",
        "x-ms-correlation-request-id": "d1f90d13-d624-4ee2-b05e-4680d77e01c6",
        "x-ms-gatewayversion": "version=2.14.0",
        "x-ms-ratelimit-remaining-subscription-reads": "11427",
        "x-ms-request-id": "d1f90d13-d624-4ee2-b05e-4680d77e01c6",
        "x-ms-routing-request-id": "SOUTHCENTRALUS:20230701T092535Z:d1f90d13-d624-4ee2-b05e-4680d77e01c6"
      },
      "ResponseBody": {
        "id": "/subscriptions/220fc532-6091-423c-8ba0-66c2397d591b/resourceGroups/dbaccount-8883/providers/Microsoft.DocumentDB/databaseAccounts/dbaccount-4406/sqlDatabases/sql-db-174/containers/sql-container-4/triggers/sql-trigger-6225",
        "type": "Microsoft.DocumentDB/databaseAccounts/sqlDatabases/containers/triggers",
        "name": "sql-trigger-6225",
        "properties": {
          "resource": {
            "id": "sql-trigger-6225",
            "body": "function () {\r\n    var updatetext = getContext();\r\n    var response = context.getResponse();\r\n    response.setBody(\u0027First Hello World\u0027);\r\n}",
            "triggerType": "Pre",
            "triggerOperation": "All",
            "_rid": "42RfALjl7WMBAAAAAAAAcA==",
            "_self": "dbs/42RfAA==/colls/42RfALjl7WM=/triggers/42RfALjl7WMBAAAAAAAAcA==/",
            "_etag": "\u00220501b4d8-0000-0700-0000-649ff1090000\u0022",
            "_ts": 1688203529
          }
        }
      }
    },
    {
      "RequestUri": "https://management.azure.com/subscriptions/220fc532-6091-423c-8ba0-66c2397d591b/resourceGroups/dbaccount-8883/providers/Microsoft.DocumentDB/databaseAccounts/dbaccount-4406/sqlDatabases/sql-db-174/containers/sql-container-4/triggers/sql-trigger-6225?api-version=2023-03-15-preview",
      "RequestMethod": "GET",
      "RequestHeaders": {
        "Accept": "application/json",
        "Authorization": "Sanitized",
        "traceparent": "00-387858a819ec22f8f005c1d6e32e2cf8-c1c470f9ff309257-00",
        "User-Agent": "azsdk-net-ResourceManager.CosmosDB/1.4.0-alpha.20230630.1 (.NET 7.0.7; Microsoft Windows 10.0.23493)",
        "x-ms-client-request-id": "ff4f1ac587a88595ce702d171407e554",
        "x-ms-return-client-request-id": "true"
      },
      "RequestBody": null,
      "StatusCode": 200,
      "ResponseHeaders": {
        "Cache-Control": "no-store, no-cache",
        "Content-Length": "769",
        "Content-Type": "application/json",
        "Date": "Sat, 01 Jul 2023 09:25:34 GMT",
        "Pragma": "no-cache",
        "Server": "Microsoft-HTTPAPI/2.0",
        "Strict-Transport-Security": "max-age=31536000; includeSubDomains",
        "X-Content-Type-Options": "nosniff",
        "x-ms-correlation-request-id": "8e44ac31-8524-4308-9d99-500e84cc5360",
        "x-ms-gatewayversion": "version=2.14.0",
        "x-ms-ratelimit-remaining-subscription-reads": "11426",
        "x-ms-request-id": "8e44ac31-8524-4308-9d99-500e84cc5360",
        "x-ms-routing-request-id": "SOUTHCENTRALUS:20230701T092535Z:8e44ac31-8524-4308-9d99-500e84cc5360"
      },
      "ResponseBody": {
        "id": "/subscriptions/220fc532-6091-423c-8ba0-66c2397d591b/resourceGroups/dbaccount-8883/providers/Microsoft.DocumentDB/databaseAccounts/dbaccount-4406/sqlDatabases/sql-db-174/containers/sql-container-4/triggers/sql-trigger-6225",
        "type": "Microsoft.DocumentDB/databaseAccounts/sqlDatabases/containers/triggers",
        "name": "sql-trigger-6225",
        "properties": {
          "resource": {
            "id": "sql-trigger-6225",
            "body": "function () {\r\n    var updatetext = getContext();\r\n    var response = context.getResponse();\r\n    response.setBody(\u0027First Hello World\u0027);\r\n}",
            "triggerType": "Pre",
            "triggerOperation": "All",
            "_rid": "42RfALjl7WMBAAAAAAAAcA==",
            "_self": "dbs/42RfAA==/colls/42RfALjl7WM=/triggers/42RfALjl7WMBAAAAAAAAcA==/",
            "_etag": "\u00220501b4d8-0000-0700-0000-649ff1090000\u0022",
            "_ts": 1688203529
          }
        }
      }
    },
    {
      "RequestUri": "https://management.azure.com/subscriptions/220fc532-6091-423c-8ba0-66c2397d591b/resourceGroups/dbaccount-8883/providers/Microsoft.DocumentDB/databaseAccounts/dbaccount-4406/sqlDatabases/sql-db-174/containers/sql-container-4/triggers/sql-trigger-6225?api-version=2023-03-15-preview",
      "RequestMethod": "GET",
      "RequestHeaders": {
        "Accept": "application/json",
        "Authorization": "Sanitized",
        "traceparent": "00-09417c69d36b6602dbdc8ef8e347c857-de8719f8e2fdf908-00",
        "User-Agent": "azsdk-net-ResourceManager.CosmosDB/1.4.0-alpha.20230630.1 (.NET 7.0.7; Microsoft Windows 10.0.23493)",
        "x-ms-client-request-id": "5a026f7c3d736bb64733214f0ffdbf36",
        "x-ms-return-client-request-id": "true"
      },
      "RequestBody": null,
      "StatusCode": 200,
      "ResponseHeaders": {
        "Cache-Control": "no-store, no-cache",
        "Content-Length": "769",
        "Content-Type": "application/json",
        "Date": "Sat, 01 Jul 2023 09:25:34 GMT",
        "Pragma": "no-cache",
        "Server": "Microsoft-HTTPAPI/2.0",
        "Strict-Transport-Security": "max-age=31536000; includeSubDomains",
        "X-Content-Type-Options": "nosniff",
        "x-ms-correlation-request-id": "c52574a6-8f12-4153-92d7-678af228b5a5",
        "x-ms-gatewayversion": "version=2.14.0",
        "x-ms-ratelimit-remaining-subscription-reads": "11425",
        "x-ms-request-id": "c52574a6-8f12-4153-92d7-678af228b5a5",
        "x-ms-routing-request-id": "SOUTHCENTRALUS:20230701T092535Z:c52574a6-8f12-4153-92d7-678af228b5a5"
      },
      "ResponseBody": {
        "id": "/subscriptions/220fc532-6091-423c-8ba0-66c2397d591b/resourceGroups/dbaccount-8883/providers/Microsoft.DocumentDB/databaseAccounts/dbaccount-4406/sqlDatabases/sql-db-174/containers/sql-container-4/triggers/sql-trigger-6225",
        "type": "Microsoft.DocumentDB/databaseAccounts/sqlDatabases/containers/triggers",
        "name": "sql-trigger-6225",
        "properties": {
          "resource": {
            "id": "sql-trigger-6225",
            "body": "function () {\r\n    var updatetext = getContext();\r\n    var response = context.getResponse();\r\n    response.setBody(\u0027First Hello World\u0027);\r\n}",
            "triggerType": "Pre",
            "triggerOperation": "All",
            "_rid": "42RfALjl7WMBAAAAAAAAcA==",
            "_self": "dbs/42RfAA==/colls/42RfALjl7WM=/triggers/42RfALjl7WMBAAAAAAAAcA==/",
            "_etag": "\u00220501b4d8-0000-0700-0000-649ff1090000\u0022",
            "_ts": 1688203529
          }
        }
      }
    },
    {
      "RequestUri": "https://management.azure.com/subscriptions/220fc532-6091-423c-8ba0-66c2397d591b/resourceGroups/dbaccount-8883/providers/Microsoft.DocumentDB/databaseAccounts/dbaccount-4406/sqlDatabases/sql-db-174/containers/sql-container-4/triggers/sql-trigger-6225?api-version=2023-03-15-preview",
      "RequestMethod": "PUT",
      "RequestHeaders": {
        "Accept": "application/json",
        "Authorization": "Sanitized",
        "Content-Length": "293",
        "Content-Type": "application/json",
        "traceparent": "00-12b5e87213258ade5ee5e41464ba2263-1fc34d4b7409410c-00",
        "User-Agent": "azsdk-net-ResourceManager.CosmosDB/1.4.0-alpha.20230630.1 (.NET 7.0.7; Microsoft Windows 10.0.23493)",
        "x-ms-client-request-id": "99a8c02dce72b815936c22ec02a76a86",
        "x-ms-return-client-request-id": "true"
      },
      "RequestBody": {
        "tags": {},
        "location": "westus",
        "properties": {
          "resource": {
            "id": "sql-trigger-6225",
            "body": "function () { var updatetext = getContext();\r\n    var response = context.getResponse();\r\n    response.setBody(\u0027Second Hello World\u0027);\r\n}",
            "triggerType": "Post",
            "triggerOperation": "Create"
          }
        }
      },
      "StatusCode": 202,
      "ResponseHeaders": {
        "Azure-AsyncOperation": "https://management.azure.com/subscriptions/220fc532-6091-423c-8ba0-66c2397d591b/providers/Microsoft.DocumentDB/locations/westus2/operationsStatus/af5c3cb2-db41-4209-aab3-c7842572658e?api-version=2023-03-15-preview",
        "Cache-Control": "no-store, no-cache",
        "Content-Length": "21",
        "Content-Type": "application/json",
        "Date": "Sat, 01 Jul 2023 09:25:35 GMT",
        "Location": "https://management.azure.com/subscriptions/220fc532-6091-423c-8ba0-66c2397d591b/resourceGroups/dbaccount-8883/providers/Microsoft.DocumentDB/databaseAccounts/dbaccount-4406/sqlDatabases/sql-db-174/containers/sql-container-4/triggers/sql-trigger-6225/operationResults/af5c3cb2-db41-4209-aab3-c7842572658e?api-version=2023-03-15-preview",
        "Pragma": "no-cache",
        "Server": "Microsoft-HTTPAPI/2.0",
        "Strict-Transport-Security": "max-age=31536000; includeSubDomains",
        "X-Content-Type-Options": "nosniff",
        "x-ms-correlation-request-id": "6043faa7-9f3d-4e33-a54d-e9624e91c50f",
        "x-ms-gatewayversion": "version=2.14.0",
        "x-ms-ratelimit-remaining-subscription-writes": "1156",
        "x-ms-request-id": "af5c3cb2-db41-4209-aab3-c7842572658e",
        "x-ms-routing-request-id": "SOUTHCENTRALUS:20230701T092536Z:6043faa7-9f3d-4e33-a54d-e9624e91c50f"
      },
      "ResponseBody": {
        "status": "Enqueued"
      }
    },
    {
      "RequestUri": "https://management.azure.com/subscriptions/220fc532-6091-423c-8ba0-66c2397d591b/providers/Microsoft.DocumentDB/locations/westus2/operationsStatus/af5c3cb2-db41-4209-aab3-c7842572658e?api-version=2023-03-15-preview",
      "RequestMethod": "GET",
      "RequestHeaders": {
        "Authorization": "Sanitized",
        "traceparent": "00-12b5e87213258ade5ee5e41464ba2263-b29595b30cced8f4-00",
        "User-Agent": "azsdk-net-ResourceManager/1.6.0 (.NET 7.0.7; Microsoft Windows 10.0.23493)",
        "x-ms-client-request-id": "54e9f7b14c5fade15a49c6071ac968a0",
        "x-ms-return-client-request-id": "true"
      },
      "RequestBody": null,
      "StatusCode": 200,
      "ResponseHeaders": {
        "Cache-Control": "no-store, no-cache",
        "Content-Length": "21",
        "Content-Type": "application/json",
        "Date": "Sat, 01 Jul 2023 09:25:35 GMT",
        "Pragma": "no-cache",
        "Server": "Microsoft-HTTPAPI/2.0",
        "Strict-Transport-Security": "max-age=31536000; includeSubDomains",
        "X-Content-Type-Options": "nosniff",
        "x-ms-correlation-request-id": "d59b8448-8dcc-41ce-8cdc-e97264a2b8b7",
        "x-ms-gatewayversion": "version=2.14.0",
        "x-ms-ratelimit-remaining-subscription-reads": "11424",
        "x-ms-request-id": "d59b8448-8dcc-41ce-8cdc-e97264a2b8b7",
        "x-ms-routing-request-id": "SOUTHCENTRALUS:20230701T092536Z:d59b8448-8dcc-41ce-8cdc-e97264a2b8b7"
      },
      "ResponseBody": {
        "status": "Enqueued"
      }
    },
    {
      "RequestUri": "https://management.azure.com/subscriptions/220fc532-6091-423c-8ba0-66c2397d591b/providers/Microsoft.DocumentDB/locations/westus2/operationsStatus/af5c3cb2-db41-4209-aab3-c7842572658e?api-version=2023-03-15-preview",
      "RequestMethod": "GET",
      "RequestHeaders": {
        "Authorization": "Sanitized",
        "traceparent": "00-12b5e87213258ade5ee5e41464ba2263-20d38c2102ad38c4-00",
        "User-Agent": "azsdk-net-ResourceManager/1.6.0 (.NET 7.0.7; Microsoft Windows 10.0.23493)",
        "x-ms-client-request-id": "84499bc8c2e963b3c320358f17a0534d",
        "x-ms-return-client-request-id": "true"
      },
      "RequestBody": null,
      "StatusCode": 200,
      "ResponseHeaders": {
        "Cache-Control": "no-store, no-cache",
        "Content-Length": "21",
        "Content-Type": "application/json",
        "Date": "Sat, 01 Jul 2023 09:25:36 GMT",
        "Pragma": "no-cache",
        "Server": "Microsoft-HTTPAPI/2.0",
        "Strict-Transport-Security": "max-age=31536000; includeSubDomains",
        "X-Content-Type-Options": "nosniff",
        "x-ms-correlation-request-id": "46a28159-c13d-48d7-a351-222c43dc7cfe",
        "x-ms-gatewayversion": "version=2.14.0",
        "x-ms-ratelimit-remaining-subscription-reads": "11423",
        "x-ms-request-id": "46a28159-c13d-48d7-a351-222c43dc7cfe",
        "x-ms-routing-request-id": "SOUTHCENTRALUS:20230701T092537Z:46a28159-c13d-48d7-a351-222c43dc7cfe"
      },
      "ResponseBody": {
        "status": "Enqueued"
      }
    },
    {
      "RequestUri": "https://management.azure.com/subscriptions/220fc532-6091-423c-8ba0-66c2397d591b/providers/Microsoft.DocumentDB/locations/westus2/operationsStatus/af5c3cb2-db41-4209-aab3-c7842572658e?api-version=2023-03-15-preview",
      "RequestMethod": "GET",
      "RequestHeaders": {
        "Authorization": "Sanitized",
        "traceparent": "00-12b5e87213258ade5ee5e41464ba2263-866fb632c68dbf7f-00",
        "User-Agent": "azsdk-net-ResourceManager/1.6.0 (.NET 7.0.7; Microsoft Windows 10.0.23493)",
        "x-ms-client-request-id": "0b3b50f616bdb927aa66a23903f56d9a",
        "x-ms-return-client-request-id": "true"
      },
      "RequestBody": null,
      "StatusCode": 200,
      "ResponseHeaders": {
        "Cache-Control": "no-store, no-cache",
        "Content-Length": "21",
        "Content-Type": "application/json",
        "Date": "Sat, 01 Jul 2023 09:25:37 GMT",
        "Pragma": "no-cache",
        "Server": "Microsoft-HTTPAPI/2.0",
        "Strict-Transport-Security": "max-age=31536000; includeSubDomains",
        "X-Content-Type-Options": "nosniff",
        "x-ms-correlation-request-id": "27cb8a6b-75c6-460a-a651-86708a116337",
        "x-ms-gatewayversion": "version=2.14.0",
        "x-ms-ratelimit-remaining-subscription-reads": "11422",
        "x-ms-request-id": "27cb8a6b-75c6-460a-a651-86708a116337",
        "x-ms-routing-request-id": "SOUTHCENTRALUS:20230701T092538Z:27cb8a6b-75c6-460a-a651-86708a116337"
      },
      "ResponseBody": {
        "status": "Enqueued"
      }
    },
    {
      "RequestUri": "https://management.azure.com/subscriptions/220fc532-6091-423c-8ba0-66c2397d591b/providers/Microsoft.DocumentDB/locations/westus2/operationsStatus/af5c3cb2-db41-4209-aab3-c7842572658e?api-version=2023-03-15-preview",
      "RequestMethod": "GET",
      "RequestHeaders": {
        "Authorization": "Sanitized",
        "traceparent": "00-12b5e87213258ade5ee5e41464ba2263-283a703d3f638793-00",
        "User-Agent": "azsdk-net-ResourceManager/1.6.0 (.NET 7.0.7; Microsoft Windows 10.0.23493)",
        "x-ms-client-request-id": "c9ab177af1fceee84486903e175296b9",
        "x-ms-return-client-request-id": "true"
      },
      "RequestBody": null,
      "StatusCode": 200,
      "ResponseHeaders": {
        "Cache-Control": "no-store, no-cache",
        "Content-Length": "21",
        "Content-Type": "application/json",
        "Date": "Sat, 01 Jul 2023 09:25:38 GMT",
        "Pragma": "no-cache",
        "Server": "Microsoft-HTTPAPI/2.0",
        "Strict-Transport-Security": "max-age=31536000; includeSubDomains",
        "X-Content-Type-Options": "nosniff",
        "x-ms-correlation-request-id": "4656d50b-4146-4784-9a3a-c5336ab1fa86",
        "x-ms-gatewayversion": "version=2.14.0",
        "x-ms-ratelimit-remaining-subscription-reads": "11421",
        "x-ms-request-id": "4656d50b-4146-4784-9a3a-c5336ab1fa86",
        "x-ms-routing-request-id": "SOUTHCENTRALUS:20230701T092539Z:4656d50b-4146-4784-9a3a-c5336ab1fa86"
      },
      "ResponseBody": {
        "status": "Enqueued"
      }
    },
    {
      "RequestUri": "https://management.azure.com/subscriptions/220fc532-6091-423c-8ba0-66c2397d591b/providers/Microsoft.DocumentDB/locations/westus2/operationsStatus/af5c3cb2-db41-4209-aab3-c7842572658e?api-version=2023-03-15-preview",
      "RequestMethod": "GET",
      "RequestHeaders": {
        "Authorization": "Sanitized",
        "traceparent": "00-12b5e87213258ade5ee5e41464ba2263-8e3311b74f527957-00",
        "User-Agent": "azsdk-net-ResourceManager/1.6.0 (.NET 7.0.7; Microsoft Windows 10.0.23493)",
        "x-ms-client-request-id": "c91079f55d8db2e27490d9821f795fce",
        "x-ms-return-client-request-id": "true"
      },
      "RequestBody": null,
      "StatusCode": 200,
      "ResponseHeaders": {
        "Cache-Control": "no-store, no-cache",
        "Content-Length": "21",
        "Content-Type": "application/json",
        "Date": "Sat, 01 Jul 2023 09:25:40 GMT",
        "Pragma": "no-cache",
        "Server": "Microsoft-HTTPAPI/2.0",
        "Strict-Transport-Security": "max-age=31536000; includeSubDomains",
        "X-Content-Type-Options": "nosniff",
        "x-ms-correlation-request-id": "9a13ea84-f86a-4b2e-841b-f79e340e0b24",
        "x-ms-gatewayversion": "version=2.14.0",
        "x-ms-ratelimit-remaining-subscription-reads": "11420",
        "x-ms-request-id": "9a13ea84-f86a-4b2e-841b-f79e340e0b24",
        "x-ms-routing-request-id": "SOUTHCENTRALUS:20230701T092541Z:9a13ea84-f86a-4b2e-841b-f79e340e0b24"
      },
      "ResponseBody": {
        "status": "Dequeued"
      }
    },
    {
      "RequestUri": "https://management.azure.com/subscriptions/220fc532-6091-423c-8ba0-66c2397d591b/providers/Microsoft.DocumentDB/locations/westus2/operationsStatus/af5c3cb2-db41-4209-aab3-c7842572658e?api-version=2023-03-15-preview",
      "RequestMethod": "GET",
      "RequestHeaders": {
        "Authorization": "Sanitized",
        "traceparent": "00-12b5e87213258ade5ee5e41464ba2263-2e67d341e5586efd-00",
        "User-Agent": "azsdk-net-ResourceManager/1.6.0 (.NET 7.0.7; Microsoft Windows 10.0.23493)",
        "x-ms-client-request-id": "00149ab389f50451684cc73785e8a258",
        "x-ms-return-client-request-id": "true"
      },
      "RequestBody": null,
      "StatusCode": 200,
      "ResponseHeaders": {
        "Cache-Control": "no-store, no-cache",
        "Content-Length": "22",
        "Content-Type": "application/json",
        "Date": "Sat, 01 Jul 2023 09:25:44 GMT",
        "Pragma": "no-cache",
        "Server": "Microsoft-HTTPAPI/2.0",
        "Strict-Transport-Security": "max-age=31536000; includeSubDomains",
        "X-Content-Type-Options": "nosniff",
        "x-ms-correlation-request-id": "4345b482-aee4-4eb2-8338-347d81b905e2",
        "x-ms-gatewayversion": "version=2.14.0",
        "x-ms-ratelimit-remaining-subscription-reads": "11419",
        "x-ms-request-id": "4345b482-aee4-4eb2-8338-347d81b905e2",
        "x-ms-routing-request-id": "SOUTHCENTRALUS:20230701T092545Z:4345b482-aee4-4eb2-8338-347d81b905e2"
      },
      "ResponseBody": {
        "status": "Succeeded"
      }
    },
    {
      "RequestUri": "https://management.azure.com/subscriptions/220fc532-6091-423c-8ba0-66c2397d591b/resourceGroups/dbaccount-8883/providers/Microsoft.DocumentDB/databaseAccounts/dbaccount-4406/sqlDatabases/sql-db-174/containers/sql-container-4/triggers/sql-trigger-6225?api-version=2023-03-15-preview",
      "RequestMethod": "GET",
      "RequestHeaders": {
        "Authorization": "Sanitized",
        "traceparent": "00-12b5e87213258ade5ee5e41464ba2263-c577be1a53ff0bb6-00",
        "User-Agent": "azsdk-net-ResourceManager/1.6.0 (.NET 7.0.7; Microsoft Windows 10.0.23493)",
        "x-ms-client-request-id": "8a43e9d0a3e41d0c34f9556b1865cfca",
        "x-ms-return-client-request-id": "true"
      },
      "RequestBody": null,
      "StatusCode": 200,
      "ResponseHeaders": {
        "Cache-Control": "no-store, no-cache",
        "Content-Length": "767",
        "Content-Type": "application/json",
        "Date": "Sat, 01 Jul 2023 09:25:45 GMT",
        "Pragma": "no-cache",
        "Server": "Microsoft-HTTPAPI/2.0",
        "Strict-Transport-Security": "max-age=31536000; includeSubDomains",
        "X-Content-Type-Options": "nosniff",
        "x-ms-correlation-request-id": "bfd1ad36-5194-4792-a5f7-dee9afbb432f",
        "x-ms-gatewayversion": "version=2.14.0",
        "x-ms-ratelimit-remaining-subscription-reads": "11418",
        "x-ms-request-id": "bfd1ad36-5194-4792-a5f7-dee9afbb432f",
        "x-ms-routing-request-id": "SOUTHCENTRALUS:20230701T092545Z:bfd1ad36-5194-4792-a5f7-dee9afbb432f"
      },
      "ResponseBody": {
        "id": "/subscriptions/220fc532-6091-423c-8ba0-66c2397d591b/resourceGroups/dbaccount-8883/providers/Microsoft.DocumentDB/databaseAccounts/dbaccount-4406/sqlDatabases/sql-db-174/containers/sql-container-4/triggers/sql-trigger-6225",
        "type": "Microsoft.DocumentDB/databaseAccounts/sqlDatabases/containers/triggers",
        "name": "sql-trigger-6225",
        "properties": {
          "resource": {
            "id": "sql-trigger-6225",
            "body": "function () { var updatetext = getContext();\r\n    var response = context.getResponse();\r\n    response.setBody(\u0027Second Hello World\u0027);\r\n}",
            "triggerType": "Post",
            "triggerOperation": "Create",
            "_rid": "42RfALjl7WMBAAAAAAAAcA==",
            "_self": "dbs/42RfAA==/colls/42RfALjl7WM=/triggers/42RfALjl7WMBAAAAAAAAcA==/",
            "_etag": "\u00220501b6d8-0000-0700-0000-649ff1150000\u0022",
            "_ts": 1688203541
          }
        }
      }
    },
    {
      "RequestUri": "https://management.azure.com/subscriptions/220fc532-6091-423c-8ba0-66c2397d591b/resourceGroups/dbaccount-8883/providers/Microsoft.DocumentDB/databaseAccounts/dbaccount-4406/sqlDatabases/sql-db-174/containers/sql-container-4/triggers/sql-trigger-6225?api-version=2023-03-15-preview",
      "RequestMethod": "GET",
      "RequestHeaders": {
        "Accept": "application/json",
        "Authorization": "Sanitized",
        "traceparent": "00-c97c8461d1e7236155f0a08811fd3b7a-9546b649815d6ba6-00",
        "User-Agent": "azsdk-net-ResourceManager.CosmosDB/1.4.0-alpha.20230630.1 (.NET 7.0.7; Microsoft Windows 10.0.23493)",
        "x-ms-client-request-id": "7c8ac226953d6cc4270c614195ab2c8b",
        "x-ms-return-client-request-id": "true"
      },
      "RequestBody": null,
      "StatusCode": 200,
      "ResponseHeaders": {
        "Cache-Control": "no-store, no-cache",
        "Content-Length": "767",
        "Content-Type": "application/json",
        "Date": "Sat, 01 Jul 2023 09:25:45 GMT",
        "Pragma": "no-cache",
        "Server": "Microsoft-HTTPAPI/2.0",
        "Strict-Transport-Security": "max-age=31536000; includeSubDomains",
        "X-Content-Type-Options": "nosniff",
        "x-ms-correlation-request-id": "8053265a-e0d8-4450-986d-5ddffbbf75c8",
        "x-ms-gatewayversion": "version=2.14.0",
        "x-ms-ratelimit-remaining-subscription-reads": "11417",
        "x-ms-request-id": "8053265a-e0d8-4450-986d-5ddffbbf75c8",
        "x-ms-routing-request-id": "SOUTHCENTRALUS:20230701T092546Z:8053265a-e0d8-4450-986d-5ddffbbf75c8"
      },
      "ResponseBody": {
        "id": "/subscriptions/220fc532-6091-423c-8ba0-66c2397d591b/resourceGroups/dbaccount-8883/providers/Microsoft.DocumentDB/databaseAccounts/dbaccount-4406/sqlDatabases/sql-db-174/containers/sql-container-4/triggers/sql-trigger-6225",
        "type": "Microsoft.DocumentDB/databaseAccounts/sqlDatabases/containers/triggers",
        "name": "sql-trigger-6225",
        "properties": {
          "resource": {
            "id": "sql-trigger-6225",
            "body": "function () { var updatetext = getContext();\r\n    var response = context.getResponse();\r\n    response.setBody(\u0027Second Hello World\u0027);\r\n}",
            "triggerType": "Post",
            "triggerOperation": "Create",
            "_rid": "42RfALjl7WMBAAAAAAAAcA==",
            "_self": "dbs/42RfAA==/colls/42RfALjl7WM=/triggers/42RfALjl7WMBAAAAAAAAcA==/",
            "_etag": "\u00220501b6d8-0000-0700-0000-649ff1150000\u0022",
            "_ts": 1688203541
          }
        }
      }
    },
    {
      "RequestUri": "https://management.azure.com/subscriptions/220fc532-6091-423c-8ba0-66c2397d591b/resourceGroups/dbaccount-8883/providers/Microsoft.DocumentDB/databaseAccounts/dbaccount-4406/sqlDatabases/sql-db-174/containers/sql-container-4/triggers/sql-trigger-6225?api-version=2023-03-15-preview",
      "RequestMethod": "GET",
      "RequestHeaders": {
        "Accept": "application/json",
        "Authorization": "Sanitized",
        "traceparent": "00-eabaa49b96743c7066ceb3626a5bddd9-20406216c802ec59-00",
        "User-Agent": "azsdk-net-ResourceManager.CosmosDB/1.4.0-alpha.20230630.1 (.NET 7.0.7; Microsoft Windows 10.0.23493)",
        "x-ms-client-request-id": "36b281eed53510e98df7ccfb33e5ec02",
        "x-ms-return-client-request-id": "true"
      },
      "RequestBody": null,
      "StatusCode": 200,
      "ResponseHeaders": {
        "Cache-Control": "no-store, no-cache",
        "Content-Length": "767",
        "Content-Type": "application/json",
        "Date": "Sat, 01 Jul 2023 09:25:45 GMT",
        "Pragma": "no-cache",
        "Server": "Microsoft-HTTPAPI/2.0",
        "Strict-Transport-Security": "max-age=31536000; includeSubDomains",
        "X-Content-Type-Options": "nosniff",
        "x-ms-correlation-request-id": "d867098b-ce10-479b-a734-4ac37a8da104",
        "x-ms-gatewayversion": "version=2.14.0",
        "x-ms-ratelimit-remaining-subscription-reads": "11416",
        "x-ms-request-id": "d867098b-ce10-479b-a734-4ac37a8da104",
        "x-ms-routing-request-id": "SOUTHCENTRALUS:20230701T092546Z:d867098b-ce10-479b-a734-4ac37a8da104"
      },
      "ResponseBody": {
        "id": "/subscriptions/220fc532-6091-423c-8ba0-66c2397d591b/resourceGroups/dbaccount-8883/providers/Microsoft.DocumentDB/databaseAccounts/dbaccount-4406/sqlDatabases/sql-db-174/containers/sql-container-4/triggers/sql-trigger-6225",
        "type": "Microsoft.DocumentDB/databaseAccounts/sqlDatabases/containers/triggers",
        "name": "sql-trigger-6225",
        "properties": {
          "resource": {
            "id": "sql-trigger-6225",
            "body": "function () { var updatetext = getContext();\r\n    var response = context.getResponse();\r\n    response.setBody(\u0027Second Hello World\u0027);\r\n}",
            "triggerType": "Post",
            "triggerOperation": "Create",
            "_rid": "42RfALjl7WMBAAAAAAAAcA==",
            "_self": "dbs/42RfAA==/colls/42RfALjl7WM=/triggers/42RfALjl7WMBAAAAAAAAcA==/",
            "_etag": "\u00220501b6d8-0000-0700-0000-649ff1150000\u0022",
            "_ts": 1688203541
          }
        }
      }
    },
    {
      "RequestUri": "https://management.azure.com/subscriptions/220fc532-6091-423c-8ba0-66c2397d591b/resourceGroups/dbaccount-8883/providers/Microsoft.DocumentDB/databaseAccounts/dbaccount-4406/sqlDatabases/sql-db-174/containers/sql-container-4/triggers/sql-trigger-6225?api-version=2023-03-15-preview",
      "RequestMethod": "DELETE",
      "RequestHeaders": {
        "Authorization": "Sanitized",
        "traceparent": "00-f80893f36ef44c0949aa699aab9972e7-d1ebcbebeb93b30a-00",
        "User-Agent": "azsdk-net-ResourceManager.CosmosDB/1.4.0-alpha.20230630.1 (.NET 7.0.7; Microsoft Windows 10.0.23493)",
        "x-ms-client-request-id": "c311fc7d255e3a1a24d762d741cb8788",
        "x-ms-return-client-request-id": "true"
      },
      "RequestBody": null,
      "StatusCode": 202,
      "ResponseHeaders": {
        "Azure-AsyncOperation": "https://management.azure.com/subscriptions/220fc532-6091-423c-8ba0-66c2397d591b/providers/Microsoft.DocumentDB/locations/westus2/operationsStatus/1a46f1aa-4620-463c-9314-1aa318a67449?api-version=2023-03-15-preview",
        "Cache-Control": "no-store, no-cache",
        "Content-Length": "21",
        "Content-Type": "application/json",
        "Date": "Sat, 01 Jul 2023 09:25:46 GMT",
        "Location": "https://management.azure.com/subscriptions/220fc532-6091-423c-8ba0-66c2397d591b/resourceGroups/dbaccount-8883/providers/Microsoft.DocumentDB/databaseAccounts/dbaccount-4406/sqlDatabases/sql-db-174/containers/sql-container-4/triggers/sql-trigger-6225/operationResults/1a46f1aa-4620-463c-9314-1aa318a67449?api-version=2023-03-15-preview",
        "Pragma": "no-cache",
        "Server": "Microsoft-HTTPAPI/2.0",
        "Strict-Transport-Security": "max-age=31536000; includeSubDomains",
        "X-Content-Type-Options": "nosniff",
        "x-ms-correlation-request-id": "2ba194ba-5402-442a-895e-7a29fb9508d8",
        "x-ms-gatewayversion": "version=2.14.0",
        "x-ms-ratelimit-remaining-subscription-deletes": "14978",
        "x-ms-request-id": "1a46f1aa-4620-463c-9314-1aa318a67449",
        "x-ms-routing-request-id": "SOUTHCENTRALUS:20230701T092546Z:2ba194ba-5402-442a-895e-7a29fb9508d8"
      },
      "ResponseBody": {
        "status": "Enqueued"
      }
    },
    {
      "RequestUri": "https://management.azure.com/subscriptions/220fc532-6091-423c-8ba0-66c2397d591b/providers/Microsoft.DocumentDB/locations/westus2/operationsStatus/1a46f1aa-4620-463c-9314-1aa318a67449?api-version=2023-03-15-preview",
      "RequestMethod": "GET",
      "RequestHeaders": {
        "Authorization": "Sanitized",
        "traceparent": "00-f80893f36ef44c0949aa699aab9972e7-e7e0fe1ba598079f-00",
        "User-Agent": "azsdk-net-ResourceManager/1.6.0 (.NET 7.0.7; Microsoft Windows 10.0.23493)",
        "x-ms-client-request-id": "98c35e20699ac82d6678115e7311cec2",
        "x-ms-return-client-request-id": "true"
      },
      "RequestBody": null,
      "StatusCode": 200,
      "ResponseHeaders": {
        "Cache-Control": "no-store, no-cache",
        "Content-Length": "21",
        "Content-Type": "application/json",
        "Date": "Sat, 01 Jul 2023 09:25:46 GMT",
        "Pragma": "no-cache",
        "Server": "Microsoft-HTTPAPI/2.0",
        "Strict-Transport-Security": "max-age=31536000; includeSubDomains",
        "X-Content-Type-Options": "nosniff",
        "x-ms-correlation-request-id": "dab53faa-3564-4180-85ef-b2a0fb7d973c",
        "x-ms-gatewayversion": "version=2.14.0",
        "x-ms-ratelimit-remaining-subscription-reads": "11415",
        "x-ms-request-id": "dab53faa-3564-4180-85ef-b2a0fb7d973c",
        "x-ms-routing-request-id": "SOUTHCENTRALUS:20230701T092546Z:dab53faa-3564-4180-85ef-b2a0fb7d973c"
      },
      "ResponseBody": {
        "status": "Enqueued"
      }
    },
    {
      "RequestUri": "https://management.azure.com/subscriptions/220fc532-6091-423c-8ba0-66c2397d591b/providers/Microsoft.DocumentDB/locations/westus2/operationsStatus/1a46f1aa-4620-463c-9314-1aa318a67449?api-version=2023-03-15-preview",
      "RequestMethod": "GET",
      "RequestHeaders": {
        "Authorization": "Sanitized",
        "traceparent": "00-f80893f36ef44c0949aa699aab9972e7-fa7d74b25ca4cb02-00",
        "User-Agent": "azsdk-net-ResourceManager/1.6.0 (.NET 7.0.7; Microsoft Windows 10.0.23493)",
        "x-ms-client-request-id": "692f436f5568e45067c0e9e336d4705b",
        "x-ms-return-client-request-id": "true"
      },
      "RequestBody": null,
      "StatusCode": 200,
      "ResponseHeaders": {
        "Cache-Control": "no-store, no-cache",
        "Content-Length": "21",
        "Content-Type": "application/json",
        "Date": "Sat, 01 Jul 2023 09:25:47 GMT",
        "Pragma": "no-cache",
        "Server": "Microsoft-HTTPAPI/2.0",
        "Strict-Transport-Security": "max-age=31536000; includeSubDomains",
        "X-Content-Type-Options": "nosniff",
        "x-ms-correlation-request-id": "6533df85-37c9-4e82-b425-2ca72d533d72",
        "x-ms-gatewayversion": "version=2.14.0",
        "x-ms-ratelimit-remaining-subscription-reads": "11414",
        "x-ms-request-id": "6533df85-37c9-4e82-b425-2ca72d533d72",
        "x-ms-routing-request-id": "SOUTHCENTRALUS:20230701T092548Z:6533df85-37c9-4e82-b425-2ca72d533d72"
      },
      "ResponseBody": {
        "status": "Enqueued"
      }
    },
    {
      "RequestUri": "https://management.azure.com/subscriptions/220fc532-6091-423c-8ba0-66c2397d591b/providers/Microsoft.DocumentDB/locations/westus2/operationsStatus/1a46f1aa-4620-463c-9314-1aa318a67449?api-version=2023-03-15-preview",
      "RequestMethod": "GET",
      "RequestHeaders": {
        "Authorization": "Sanitized",
        "traceparent": "00-f80893f36ef44c0949aa699aab9972e7-de674815b647e51d-00",
        "User-Agent": "azsdk-net-ResourceManager/1.6.0 (.NET 7.0.7; Microsoft Windows 10.0.23493)",
        "x-ms-client-request-id": "e3b7209fee0763ee9db42f398736ddc7",
        "x-ms-return-client-request-id": "true"
      },
      "RequestBody": null,
      "StatusCode": 200,
      "ResponseHeaders": {
        "Cache-Control": "no-store, no-cache",
        "Content-Length": "21",
        "Content-Type": "application/json",
        "Date": "Sat, 01 Jul 2023 09:25:48 GMT",
        "Pragma": "no-cache",
        "Server": "Microsoft-HTTPAPI/2.0",
        "Strict-Transport-Security": "max-age=31536000; includeSubDomains",
        "X-Content-Type-Options": "nosniff",
        "x-ms-correlation-request-id": "2b369a9d-a74c-4ef0-9eb6-cc2953a49a41",
        "x-ms-gatewayversion": "version=2.14.0",
        "x-ms-ratelimit-remaining-subscription-reads": "11413",
        "x-ms-request-id": "2b369a9d-a74c-4ef0-9eb6-cc2953a49a41",
        "x-ms-routing-request-id": "SOUTHCENTRALUS:20230701T092549Z:2b369a9d-a74c-4ef0-9eb6-cc2953a49a41"
      },
      "ResponseBody": {
        "status": "Enqueued"
      }
    },
    {
      "RequestUri": "https://management.azure.com/subscriptions/220fc532-6091-423c-8ba0-66c2397d591b/providers/Microsoft.DocumentDB/locations/westus2/operationsStatus/1a46f1aa-4620-463c-9314-1aa318a67449?api-version=2023-03-15-preview",
      "RequestMethod": "GET",
      "RequestHeaders": {
        "Authorization": "Sanitized",
        "traceparent": "00-f80893f36ef44c0949aa699aab9972e7-7660d415cb77920c-00",
        "User-Agent": "azsdk-net-ResourceManager/1.6.0 (.NET 7.0.7; Microsoft Windows 10.0.23493)",
        "x-ms-client-request-id": "86d62cabcf99cbd90edf31da7f499292",
        "x-ms-return-client-request-id": "true"
      },
      "RequestBody": null,
      "StatusCode": 200,
      "ResponseHeaders": {
        "Cache-Control": "no-store, no-cache",
        "Content-Length": "21",
        "Content-Type": "application/json",
        "Date": "Sat, 01 Jul 2023 09:25:49 GMT",
        "Pragma": "no-cache",
        "Server": "Microsoft-HTTPAPI/2.0",
        "Strict-Transport-Security": "max-age=31536000; includeSubDomains",
        "X-Content-Type-Options": "nosniff",
        "x-ms-correlation-request-id": "36b88b20-2e5e-4dc3-83d3-16456b048ccc",
        "x-ms-gatewayversion": "version=2.14.0",
        "x-ms-ratelimit-remaining-subscription-reads": "11412",
        "x-ms-request-id": "36b88b20-2e5e-4dc3-83d3-16456b048ccc",
        "x-ms-routing-request-id": "SOUTHCENTRALUS:20230701T092550Z:36b88b20-2e5e-4dc3-83d3-16456b048ccc"
      },
      "ResponseBody": {
        "status": "Dequeued"
      }
    },
    {
      "RequestUri": "https://management.azure.com/subscriptions/220fc532-6091-423c-8ba0-66c2397d591b/providers/Microsoft.DocumentDB/locations/westus2/operationsStatus/1a46f1aa-4620-463c-9314-1aa318a67449?api-version=2023-03-15-preview",
      "RequestMethod": "GET",
      "RequestHeaders": {
        "Authorization": "Sanitized",
        "traceparent": "00-f80893f36ef44c0949aa699aab9972e7-12536b722bc8a5df-00",
        "User-Agent": "azsdk-net-ResourceManager/1.6.0 (.NET 7.0.7; Microsoft Windows 10.0.23493)",
        "x-ms-client-request-id": "52beb608eb5a81ba55cbccb425165c31",
        "x-ms-return-client-request-id": "true"
      },
      "RequestBody": null,
      "StatusCode": 200,
      "ResponseHeaders": {
        "Cache-Control": "no-store, no-cache",
        "Content-Length": "21",
        "Content-Type": "application/json",
        "Date": "Sat, 01 Jul 2023 09:25:51 GMT",
        "Pragma": "no-cache",
        "Server": "Microsoft-HTTPAPI/2.0",
        "Strict-Transport-Security": "max-age=31536000; includeSubDomains",
        "X-Content-Type-Options": "nosniff",
        "x-ms-correlation-request-id": "b8f4a18f-5ec7-4e82-8636-856540eb6956",
        "x-ms-gatewayversion": "version=2.14.0",
        "x-ms-ratelimit-remaining-subscription-reads": "11411",
        "x-ms-request-id": "b8f4a18f-5ec7-4e82-8636-856540eb6956",
        "x-ms-routing-request-id": "SOUTHCENTRALUS:20230701T092552Z:b8f4a18f-5ec7-4e82-8636-856540eb6956"
      },
      "ResponseBody": {
        "status": "Dequeued"
      }
    },
    {
      "RequestUri": "https://management.azure.com/subscriptions/220fc532-6091-423c-8ba0-66c2397d591b/providers/Microsoft.DocumentDB/locations/westus2/operationsStatus/1a46f1aa-4620-463c-9314-1aa318a67449?api-version=2023-03-15-preview",
      "RequestMethod": "GET",
      "RequestHeaders": {
        "Authorization": "Sanitized",
        "traceparent": "00-f80893f36ef44c0949aa699aab9972e7-a51504e7886d68ce-00",
        "User-Agent": "azsdk-net-ResourceManager/1.6.0 (.NET 7.0.7; Microsoft Windows 10.0.23493)",
        "x-ms-client-request-id": "0a3822e3eafed0c247ecd428bd14e453",
        "x-ms-return-client-request-id": "true"
      },
      "RequestBody": null,
      "StatusCode": 200,
      "ResponseHeaders": {
        "Cache-Control": "no-store, no-cache",
        "Content-Length": "22",
        "Content-Type": "application/json",
        "Date": "Sat, 01 Jul 2023 09:25:55 GMT",
        "Pragma": "no-cache",
        "Server": "Microsoft-HTTPAPI/2.0",
        "Strict-Transport-Security": "max-age=31536000; includeSubDomains",
        "X-Content-Type-Options": "nosniff",
        "x-ms-correlation-request-id": "cb3a2ed1-bb29-4430-8964-3a21315ea7fd",
        "x-ms-gatewayversion": "version=2.14.0",
        "x-ms-ratelimit-remaining-subscription-reads": "11410",
        "x-ms-request-id": "cb3a2ed1-bb29-4430-8964-3a21315ea7fd",
        "x-ms-routing-request-id": "SOUTHCENTRALUS:20230701T092556Z:cb3a2ed1-bb29-4430-8964-3a21315ea7fd"
      },
      "ResponseBody": {
        "status": "Succeeded"
      }
    }
  ],
  "Variables": {
    "AZURE_AUTHORITY_HOST": "https://login.microsoftonline.com",
    "RandomSeed": "363583057",
    "RESOURCE_MANAGER_URL": null,
    "SUBSCRIPTION_ID": "220fc532-6091-423c-8ba0-66c2397d591b"
  }
}
