{
  "Entries": [
    {
      "RequestUri": "https://management.azure.com/subscriptions/dec9ed54-2b7f-4476-9bd0-875544af59df/resourceGroups/dbaccount-3365/providers/Microsoft.DocumentDB/databaseAccounts/dbaccount-7557/sqlDatabases/sql-db-7537/containers/sql-container-843?api-version=2022-05-15",
      "RequestMethod": "GET",
      "RequestHeaders": {
        "Accept": "application/json",
        "Authorization": "Sanitized",
        "traceparent": "00-10eb9ff946ed464abd5acbfe3e5f09d7-a88eef2cb4f3c54d-00",
        "User-Agent": "azsdk-net-ResourceManager.CosmosDB/1.1.0-alpha.20220829.1 (.NET Framework 4.8.4515.0; Microsoft Windows 10.0.22000 )",
        "x-ms-client-request-id": "022ee1264317b203e4f61d9fac3fffe4",
        "x-ms-return-client-request-id": "true"
      },
      "RequestBody": null,
      "StatusCode": 200,
      "ResponseHeaders": {
        "Cache-Control": "no-store, no-cache",
        "Content-Length": "1330",
        "Content-Type": "application/json",
        "Date": "Wed, 14 Sep 2022 14:27:50 GMT",
        "Pragma": "no-cache",
        "Server": "Microsoft-HTTPAPI/2.0",
        "Strict-Transport-Security": "max-age=31536000; includeSubDomains",
        "X-Content-Type-Options": "nosniff",
        "x-ms-correlation-request-id": "250ef746-9bcb-404d-91b6-766c7e223986",
        "x-ms-gatewayversion": "version=2.14.0",
        "x-ms-ratelimit-remaining-subscription-reads": "11910",
        "x-ms-request-id": "250ef746-9bcb-404d-91b6-766c7e223986",
        "x-ms-routing-request-id": "WESTUS2:20220914T142750Z:250ef746-9bcb-404d-91b6-766c7e223986"
      },
      "ResponseBody": {
        "id": "/subscriptions/dec9ed54-2b7f-4476-9bd0-875544af59df/resourceGroups/dbaccount-3365/providers/Microsoft.DocumentDB/databaseAccounts/dbaccount-7557/sqlDatabases/sql-db-7537/containers/sql-container-843",
        "type": "Microsoft.DocumentDB/databaseAccounts/sqlDatabases/containers",
        "name": "sql-container-843",
        "properties": {
          "resource": {
            "id": "sql-container-843",
            "indexingPolicy": {
              "indexingMode": "consistent",
              "automatic": true,
              "includedPaths": [
                {
                  "path": "/*"
                }
              ],
              "excludedPaths": [
                {
                  "path": "/pathToNotIndex/*"
                },
                {
                  "path": "/\u0022_etag\u0022/?"
                }
              ],
              "spatialIndexes": [
                {
                  "path": "/*",
                  "types": [
                    "Point",
                    "LineString",
                    "Polygon",
                    "MultiPolygon"
                  ]
                }
              ],
              "compositeIndexes": [
                [
                  {
                    "path": "/orderByPath1",
                    "order": "ascending"
                  },
                  {
                    "path": "/orderByPath2",
                    "order": "descending"
                  }
                ]
              ]
            },
            "partitionKey": {
              "paths": [
                "/address/zipCode"
              ],
              "kind": "Hash"
            },
            "uniqueKeyPolicy": {
              "uniqueKeys": []
            },
            "conflictResolutionPolicy": {
              "mode": "LastWriterWins",
              "conflictResolutionPath": "/_ts",
              "conflictResolutionProcedure": ""
            },
            "geospatialConfig": {
              "type": "Geography"
            },
            "_rid": "bXozAIo9jZQ=",
            "_ts": 1663165630,
            "_self": "dbs/bXozAA==/colls/bXozAIo9jZQ=/",
            "_etag": "\u002200009a09-0000-0700-0000-6321e4be0000\u0022",
            "_docs": "docs/",
            "_sprocs": "sprocs/",
            "_triggers": "triggers/",
            "_udfs": "udfs/",
            "_conflicts": "conflicts/",
            "statistics": [
              {
                "id": "0",
                "sizeInKB": 0,
                "documentCount": 0,
                "sampledDistinctPartitionKeyCount": 0,
                "partitionKeys": []
              }
            ]
          }
        }
      }
    },
    {
      "RequestUri": "https://management.azure.com/subscriptions/dec9ed54-2b7f-4476-9bd0-875544af59df/resourceGroups/dbaccount-3365/providers/Microsoft.DocumentDB/databaseAccounts/dbaccount-7557/sqlDatabases/sql-db-7537/containers/sql-container-843/triggers/sql-trigger-6726?api-version=2022-05-15",
      "RequestMethod": "PUT",
      "RequestHeaders": {
        "Accept": "application/json",
        "Authorization": "Sanitized",
        "Content-Length": "324",
        "Content-Type": "application/json",
        "traceparent": "00-4c7d389cfe0a184f8ea5b0b0558ee6ab-a1fb5a6afb149842-00",
        "User-Agent": "azsdk-net-ResourceManager.CosmosDB/1.1.0-alpha.20220829.1 (.NET Framework 4.8.4515.0; Microsoft Windows 10.0.22000 )",
        "x-ms-client-request-id": "4574ff432057173b9b69723b9da0fcd1",
        "x-ms-return-client-request-id": "true"
      },
      "RequestBody": {
        "tags": {},
        "location": "westus",
        "properties": {
          "resource": {
            "id": "sql-trigger-6726",
            "body": "function () {\r\n    var updatetext = getContext();\r\n    var response = context.getResponse();\r\n    response.setBody(\u0027First Hello World\u0027);\r\n}",
            "triggerType": "Pre",
            "triggerOperation": "All"
          },
          "options": {
            "throughput": 700
          }
        }
      },
      "StatusCode": 202,
      "ResponseHeaders": {
        "Azure-AsyncOperation": "https://management.azure.com/subscriptions/dec9ed54-2b7f-4476-9bd0-875544af59df/providers/Microsoft.DocumentDB/locations/westus2/operationsStatus/c46b8566-704a-4228-88ea-5c5fed8075f7?api-version=2022-05-15",
        "Cache-Control": "no-store, no-cache",
        "Content-Length": "21",
        "Content-Type": "application/json",
        "Date": "Wed, 14 Sep 2022 14:27:50 GMT",
        "Location": "https://management.azure.com/subscriptions/dec9ed54-2b7f-4476-9bd0-875544af59df/resourceGroups/dbaccount-3365/providers/Microsoft.DocumentDB/databaseAccounts/dbaccount-7557/sqlDatabases/sql-db-7537/containers/sql-container-843/triggers/sql-trigger-6726/operationResults/c46b8566-704a-4228-88ea-5c5fed8075f7?api-version=2022-05-15",
        "Pragma": "no-cache",
        "Server": "Microsoft-HTTPAPI/2.0",
        "Strict-Transport-Security": "max-age=31536000; includeSubDomains",
        "X-Content-Type-Options": "nosniff",
        "x-ms-correlation-request-id": "90af0ccf-bce1-46a9-bd71-4b6b88dc4447",
        "x-ms-gatewayversion": "version=2.14.0",
        "x-ms-ratelimit-remaining-subscription-writes": "1191",
        "x-ms-request-id": "c46b8566-704a-4228-88ea-5c5fed8075f7",
        "x-ms-routing-request-id": "WESTUS2:20220914T142751Z:90af0ccf-bce1-46a9-bd71-4b6b88dc4447"
      },
      "ResponseBody": {
        "status": "Enqueued"
      }
    },
    {
      "RequestUri": "https://management.azure.com/subscriptions/dec9ed54-2b7f-4476-9bd0-875544af59df/providers/Microsoft.DocumentDB/locations/westus2/operationsStatus/c46b8566-704a-4228-88ea-5c5fed8075f7?api-version=2022-05-15",
      "RequestMethod": "GET",
      "RequestHeaders": {
        "Authorization": "Sanitized",
        "traceparent": "00-4c7d389cfe0a184f8ea5b0b0558ee6ab-d61df98b7c182548-00",
        "User-Agent": "azsdk-net-ResourceManager/1.2.0 (.NET Framework 4.8.4515.0; Microsoft Windows 10.0.22000 )",
        "x-ms-client-request-id": "f3d03eada54bc0cff3eb7cda90774655",
        "x-ms-return-client-request-id": "true"
      },
      "RequestBody": null,
      "StatusCode": 200,
      "ResponseHeaders": {
        "Cache-Control": "no-store, no-cache",
        "Content-Length": "21",
        "Content-Type": "application/json",
        "Date": "Wed, 14 Sep 2022 14:27:50 GMT",
        "Pragma": "no-cache",
        "Server": "Microsoft-HTTPAPI/2.0",
        "Strict-Transport-Security": "max-age=31536000; includeSubDomains",
        "X-Content-Type-Options": "nosniff",
        "x-ms-correlation-request-id": "b63fddb9-8ccc-4f4a-935b-7f25f8a91fe8",
        "x-ms-gatewayversion": "version=2.14.0",
        "x-ms-ratelimit-remaining-subscription-reads": "11909",
        "x-ms-request-id": "b63fddb9-8ccc-4f4a-935b-7f25f8a91fe8",
        "x-ms-routing-request-id": "WESTUS2:20220914T142751Z:b63fddb9-8ccc-4f4a-935b-7f25f8a91fe8"
      },
      "ResponseBody": {
        "status": "Enqueued"
      }
    },
    {
      "RequestUri": "https://management.azure.com/subscriptions/dec9ed54-2b7f-4476-9bd0-875544af59df/providers/Microsoft.DocumentDB/locations/westus2/operationsStatus/c46b8566-704a-4228-88ea-5c5fed8075f7?api-version=2022-05-15",
      "RequestMethod": "GET",
      "RequestHeaders": {
        "Authorization": "Sanitized",
        "traceparent": "00-4c7d389cfe0a184f8ea5b0b0558ee6ab-4188f2aca9ea8d47-00",
        "User-Agent": "azsdk-net-ResourceManager/1.2.0 (.NET Framework 4.8.4515.0; Microsoft Windows 10.0.22000 )",
        "x-ms-client-request-id": "5b0bce215d6832ec30d9fb9668bb70d0",
        "x-ms-return-client-request-id": "true"
      },
      "RequestBody": null,
      "StatusCode": 200,
      "ResponseHeaders": {
        "Cache-Control": "no-store, no-cache",
        "Content-Length": "21",
        "Content-Type": "application/json",
        "Date": "Wed, 14 Sep 2022 14:27:51 GMT",
        "Pragma": "no-cache",
        "Server": "Microsoft-HTTPAPI/2.0",
        "Strict-Transport-Security": "max-age=31536000; includeSubDomains",
        "X-Content-Type-Options": "nosniff",
        "x-ms-correlation-request-id": "40178b67-bf3e-46c8-ad13-63ad4cbdf01e",
        "x-ms-gatewayversion": "version=2.14.0",
        "x-ms-ratelimit-remaining-subscription-reads": "11908",
        "x-ms-request-id": "40178b67-bf3e-46c8-ad13-63ad4cbdf01e",
        "x-ms-routing-request-id": "WESTUS2:20220914T142752Z:40178b67-bf3e-46c8-ad13-63ad4cbdf01e"
      },
      "ResponseBody": {
        "status": "Enqueued"
      }
    },
    {
      "RequestUri": "https://management.azure.com/subscriptions/dec9ed54-2b7f-4476-9bd0-875544af59df/providers/Microsoft.DocumentDB/locations/westus2/operationsStatus/c46b8566-704a-4228-88ea-5c5fed8075f7?api-version=2022-05-15",
      "RequestMethod": "GET",
      "RequestHeaders": {
        "Authorization": "Sanitized",
        "traceparent": "00-4c7d389cfe0a184f8ea5b0b0558ee6ab-dd181882d65a2041-00",
        "User-Agent": "azsdk-net-ResourceManager/1.2.0 (.NET Framework 4.8.4515.0; Microsoft Windows 10.0.22000 )",
        "x-ms-client-request-id": "5e8d50c408d0fb8513d6927b94f40ad2",
        "x-ms-return-client-request-id": "true"
      },
      "RequestBody": null,
      "StatusCode": 200,
      "ResponseHeaders": {
        "Cache-Control": "no-store, no-cache",
        "Content-Length": "21",
        "Content-Type": "application/json",
        "Date": "Wed, 14 Sep 2022 14:27:53 GMT",
        "Pragma": "no-cache",
        "Server": "Microsoft-HTTPAPI/2.0",
        "Strict-Transport-Security": "max-age=31536000; includeSubDomains",
        "X-Content-Type-Options": "nosniff",
        "x-ms-correlation-request-id": "697df2d8-bb47-4083-bd6d-c793df74e15f",
        "x-ms-gatewayversion": "version=2.14.0",
        "x-ms-ratelimit-remaining-subscription-reads": "11907",
        "x-ms-request-id": "697df2d8-bb47-4083-bd6d-c793df74e15f",
        "x-ms-routing-request-id": "WESTUS2:20220914T142753Z:697df2d8-bb47-4083-bd6d-c793df74e15f"
      },
      "ResponseBody": {
        "status": "Enqueued"
      }
    },
    {
      "RequestUri": "https://management.azure.com/subscriptions/dec9ed54-2b7f-4476-9bd0-875544af59df/providers/Microsoft.DocumentDB/locations/westus2/operationsStatus/c46b8566-704a-4228-88ea-5c5fed8075f7?api-version=2022-05-15",
      "RequestMethod": "GET",
      "RequestHeaders": {
        "Authorization": "Sanitized",
        "traceparent": "00-4c7d389cfe0a184f8ea5b0b0558ee6ab-8894ea6dc336514b-00",
        "User-Agent": "azsdk-net-ResourceManager/1.2.0 (.NET Framework 4.8.4515.0; Microsoft Windows 10.0.22000 )",
        "x-ms-client-request-id": "d85e617949be4fba529dc272a9385838",
        "x-ms-return-client-request-id": "true"
      },
      "RequestBody": null,
      "StatusCode": 200,
      "ResponseHeaders": {
        "Cache-Control": "no-store, no-cache",
        "Content-Length": "21",
        "Content-Type": "application/json",
        "Date": "Wed, 14 Sep 2022 14:27:54 GMT",
        "Pragma": "no-cache",
        "Server": "Microsoft-HTTPAPI/2.0",
        "Strict-Transport-Security": "max-age=31536000; includeSubDomains",
        "X-Content-Type-Options": "nosniff",
        "x-ms-correlation-request-id": "6610f457-4184-4a6c-aa05-bb316c8c2c0a",
        "x-ms-gatewayversion": "version=2.14.0",
        "x-ms-ratelimit-remaining-subscription-reads": "11906",
        "x-ms-request-id": "6610f457-4184-4a6c-aa05-bb316c8c2c0a",
        "x-ms-routing-request-id": "WESTUS2:20220914T142754Z:6610f457-4184-4a6c-aa05-bb316c8c2c0a"
      },
      "ResponseBody": {
        "status": "Enqueued"
      }
    },
    {
      "RequestUri": "https://management.azure.com/subscriptions/dec9ed54-2b7f-4476-9bd0-875544af59df/providers/Microsoft.DocumentDB/locations/westus2/operationsStatus/c46b8566-704a-4228-88ea-5c5fed8075f7?api-version=2022-05-15",
      "RequestMethod": "GET",
      "RequestHeaders": {
        "Authorization": "Sanitized",
        "traceparent": "00-4c7d389cfe0a184f8ea5b0b0558ee6ab-3fbfc4aa93c18946-00",
        "User-Agent": "azsdk-net-ResourceManager/1.2.0 (.NET Framework 4.8.4515.0; Microsoft Windows 10.0.22000 )",
        "x-ms-client-request-id": "4015ab7be7e9188549104792cb719d3b",
        "x-ms-return-client-request-id": "true"
      },
      "RequestBody": null,
      "StatusCode": 200,
      "ResponseHeaders": {
        "Cache-Control": "no-store, no-cache",
        "Content-Length": "21",
        "Content-Type": "application/json",
        "Date": "Wed, 14 Sep 2022 14:27:56 GMT",
        "Pragma": "no-cache",
        "Server": "Microsoft-HTTPAPI/2.0",
        "Strict-Transport-Security": "max-age=31536000; includeSubDomains",
        "X-Content-Type-Options": "nosniff",
        "x-ms-correlation-request-id": "0e6574fe-ec00-44d0-ac09-f8a0aff2ef36",
        "x-ms-gatewayversion": "version=2.14.0",
        "x-ms-ratelimit-remaining-subscription-reads": "11905",
        "x-ms-request-id": "0e6574fe-ec00-44d0-ac09-f8a0aff2ef36",
        "x-ms-routing-request-id": "WESTUS2:20220914T142756Z:0e6574fe-ec00-44d0-ac09-f8a0aff2ef36"
      },
      "ResponseBody": {
        "status": "Dequeued"
      }
    },
    {
      "RequestUri": "https://management.azure.com/subscriptions/dec9ed54-2b7f-4476-9bd0-875544af59df/providers/Microsoft.DocumentDB/locations/westus2/operationsStatus/c46b8566-704a-4228-88ea-5c5fed8075f7?api-version=2022-05-15",
      "RequestMethod": "GET",
      "RequestHeaders": {
        "Authorization": "Sanitized",
        "traceparent": "00-4c7d389cfe0a184f8ea5b0b0558ee6ab-d2c941a7619bc142-00",
        "User-Agent": "azsdk-net-ResourceManager/1.2.0 (.NET Framework 4.8.4515.0; Microsoft Windows 10.0.22000 )",
        "x-ms-client-request-id": "071c28ce975c7a12953d0c33451251da",
        "x-ms-return-client-request-id": "true"
      },
      "RequestBody": null,
      "StatusCode": 200,
      "ResponseHeaders": {
        "Cache-Control": "no-store, no-cache",
        "Content-Length": "22",
        "Content-Type": "application/json",
        "Date": "Wed, 14 Sep 2022 14:28:00 GMT",
        "Pragma": "no-cache",
        "Server": "Microsoft-HTTPAPI/2.0",
        "Strict-Transport-Security": "max-age=31536000; includeSubDomains",
        "X-Content-Type-Options": "nosniff",
        "x-ms-correlation-request-id": "4e3134d0-83b7-4613-b7a4-5fe9cce3a333",
        "x-ms-gatewayversion": "version=2.14.0",
        "x-ms-ratelimit-remaining-subscription-reads": "11904",
        "x-ms-request-id": "4e3134d0-83b7-4613-b7a4-5fe9cce3a333",
        "x-ms-routing-request-id": "WESTUS2:20220914T142800Z:4e3134d0-83b7-4613-b7a4-5fe9cce3a333"
      },
      "ResponseBody": {
        "status": "Succeeded"
      }
    },
    {
      "RequestUri": "https://management.azure.com/subscriptions/dec9ed54-2b7f-4476-9bd0-875544af59df/resourceGroups/dbaccount-3365/providers/Microsoft.DocumentDB/databaseAccounts/dbaccount-7557/sqlDatabases/sql-db-7537/containers/sql-container-843/triggers/sql-trigger-6726?api-version=2022-05-15",
      "RequestMethod": "GET",
      "RequestHeaders": {
        "Authorization": "Sanitized",
        "traceparent": "00-4c7d389cfe0a184f8ea5b0b0558ee6ab-ca77e11bf3054f45-00",
        "User-Agent": "azsdk-net-ResourceManager/1.2.0 (.NET Framework 4.8.4515.0; Microsoft Windows 10.0.22000 )",
        "x-ms-client-request-id": "e9ff597ec9de92e9dc458eae012884e0",
        "x-ms-return-client-request-id": "true"
      },
      "RequestBody": null,
      "StatusCode": 200,
      "ResponseHeaders": {
        "Cache-Control": "no-store, no-cache",
        "Content-Length": "772",
        "Content-Type": "application/json",
        "Date": "Wed, 14 Sep 2022 14:28:00 GMT",
        "Pragma": "no-cache",
        "Server": "Microsoft-HTTPAPI/2.0",
        "Strict-Transport-Security": "max-age=31536000; includeSubDomains",
        "X-Content-Type-Options": "nosniff",
        "x-ms-correlation-request-id": "f46167d4-aac3-423e-a41c-f30109323af4",
        "x-ms-gatewayversion": "version=2.14.0",
        "x-ms-ratelimit-remaining-subscription-reads": "11903",
        "x-ms-request-id": "f46167d4-aac3-423e-a41c-f30109323af4",
        "x-ms-routing-request-id": "WESTUS2:20220914T142800Z:f46167d4-aac3-423e-a41c-f30109323af4"
      },
      "ResponseBody": {
        "id": "/subscriptions/dec9ed54-2b7f-4476-9bd0-875544af59df/resourceGroups/dbaccount-3365/providers/Microsoft.DocumentDB/databaseAccounts/dbaccount-7557/sqlDatabases/sql-db-7537/containers/sql-container-843/triggers/sql-trigger-6726",
        "type": "Microsoft.DocumentDB/databaseAccounts/sqlDatabases/containers/triggers",
        "name": "sql-trigger-6726",
        "properties": {
          "resource": {
            "id": "sql-trigger-6726",
            "body": "function () {\r\n    var updatetext = getContext();\r\n    var response = context.getResponse();\r\n    response.setBody(\u0027First Hello World\u0027);\r\n}",
            "triggerType": "Pre",
            "triggerOperation": "All",
            "_rid": "bXozAIo9jZQDAAAAAAAAcA==",
            "_self": "dbs/bXozAA==/colls/bXozAIo9jZQ=/triggers/bXozAIo9jZQDAAAAAAAAcA==/",
            "_etag": "\u002202003bd7-0000-0700-0000-6321e4ec0000\u0022",
            "_ts": 1663165676
          }
        }
      }
    },
    {
      "RequestUri": "https://management.azure.com/subscriptions/dec9ed54-2b7f-4476-9bd0-875544af59df/resourceGroups/dbaccount-3365/providers/Microsoft.DocumentDB/databaseAccounts/dbaccount-7557/sqlDatabases/sql-db-7537/containers/sql-container-843/triggers/sql-trigger-6726?api-version=2022-05-15",
      "RequestMethod": "DELETE",
      "RequestHeaders": {
        "Authorization": "Sanitized",
        "traceparent": "00-c7efef12a0aef845846c24a3e94b2648-f2a3433da85f0c4f-00",
        "User-Agent": "azsdk-net-ResourceManager.CosmosDB/1.1.0-alpha.20220829.1 (.NET Framework 4.8.4515.0; Microsoft Windows 10.0.22000 )",
        "x-ms-client-request-id": "81a387ff501be3db999bababda52d236",
        "x-ms-return-client-request-id": "true"
      },
      "RequestBody": null,
      "StatusCode": 202,
      "ResponseHeaders": {
        "Azure-AsyncOperation": "https://management.azure.com/subscriptions/dec9ed54-2b7f-4476-9bd0-875544af59df/providers/Microsoft.DocumentDB/locations/westus2/operationsStatus/13b2441d-0529-4e46-a09d-7a61ddb5252e?api-version=2022-05-15",
        "Cache-Control": "no-store, no-cache",
        "Content-Length": "21",
        "Content-Type": "application/json",
        "Date": "Wed, 14 Sep 2022 14:28:00 GMT",
        "Location": "https://management.azure.com/subscriptions/dec9ed54-2b7f-4476-9bd0-875544af59df/resourceGroups/dbaccount-3365/providers/Microsoft.DocumentDB/databaseAccounts/dbaccount-7557/sqlDatabases/sql-db-7537/containers/sql-container-843/triggers/sql-trigger-6726/operationResults/13b2441d-0529-4e46-a09d-7a61ddb5252e?api-version=2022-05-15",
        "Pragma": "no-cache",
        "Server": "Microsoft-HTTPAPI/2.0",
        "Strict-Transport-Security": "max-age=31536000; includeSubDomains",
        "X-Content-Type-Options": "nosniff",
        "x-ms-correlation-request-id": "4ec2f35c-aca7-4dce-9ae0-47f2b38a3820",
        "x-ms-gatewayversion": "version=2.14.0",
        "x-ms-ratelimit-remaining-subscription-deletes": "14996",
        "x-ms-request-id": "13b2441d-0529-4e46-a09d-7a61ddb5252e",
        "x-ms-routing-request-id": "WESTUS2:20220914T142800Z:4ec2f35c-aca7-4dce-9ae0-47f2b38a3820"
      },
      "ResponseBody": {
        "status": "Enqueued"
      }
    },
    {
      "RequestUri": "https://management.azure.com/subscriptions/dec9ed54-2b7f-4476-9bd0-875544af59df/providers/Microsoft.DocumentDB/locations/westus2/operationsStatus/13b2441d-0529-4e46-a09d-7a61ddb5252e?api-version=2022-05-15",
      "RequestMethod": "GET",
      "RequestHeaders": {
        "Authorization": "Sanitized",
        "traceparent": "00-c7efef12a0aef845846c24a3e94b2648-6347e5dc05b4704d-00",
        "User-Agent": "azsdk-net-ResourceManager/1.2.0 (.NET Framework 4.8.4515.0; Microsoft Windows 10.0.22000 )",
        "x-ms-client-request-id": "be332bb9d06f2dbe7e1c50431e3db78a",
        "x-ms-return-client-request-id": "true"
      },
      "RequestBody": null,
      "StatusCode": 200,
      "ResponseHeaders": {
        "Cache-Control": "no-store, no-cache",
        "Content-Length": "21",
        "Content-Type": "application/json",
        "Date": "Wed, 14 Sep 2022 14:28:00 GMT",
        "Pragma": "no-cache",
        "Server": "Microsoft-HTTPAPI/2.0",
        "Strict-Transport-Security": "max-age=31536000; includeSubDomains",
        "X-Content-Type-Options": "nosniff",
        "x-ms-correlation-request-id": "263af796-08d9-4767-9cd5-afde64f0d605",
        "x-ms-gatewayversion": "version=2.14.0",
        "x-ms-ratelimit-remaining-subscription-reads": "11902",
        "x-ms-request-id": "263af796-08d9-4767-9cd5-afde64f0d605",
        "x-ms-routing-request-id": "WESTUS2:20220914T142800Z:263af796-08d9-4767-9cd5-afde64f0d605"
      },
      "ResponseBody": {
        "status": "Enqueued"
      }
    },
    {
      "RequestUri": "https://management.azure.com/subscriptions/dec9ed54-2b7f-4476-9bd0-875544af59df/providers/Microsoft.DocumentDB/locations/westus2/operationsStatus/13b2441d-0529-4e46-a09d-7a61ddb5252e?api-version=2022-05-15",
      "RequestMethod": "GET",
      "RequestHeaders": {
        "Authorization": "Sanitized",
        "traceparent": "00-c7efef12a0aef845846c24a3e94b2648-1661e4c15a0e5a48-00",
        "User-Agent": "azsdk-net-ResourceManager/1.2.0 (.NET Framework 4.8.4515.0; Microsoft Windows 10.0.22000 )",
        "x-ms-client-request-id": "94ee587313144b6f299e419126c5da34",
        "x-ms-return-client-request-id": "true"
      },
      "RequestBody": null,
      "StatusCode": 200,
      "ResponseHeaders": {
        "Cache-Control": "no-store, no-cache",
        "Content-Length": "21",
        "Content-Type": "application/json",
        "Date": "Wed, 14 Sep 2022 14:28:01 GMT",
        "Pragma": "no-cache",
        "Server": "Microsoft-HTTPAPI/2.0",
        "Strict-Transport-Security": "max-age=31536000; includeSubDomains",
        "X-Content-Type-Options": "nosniff",
        "x-ms-correlation-request-id": "d2fbda30-6b5d-4e93-a35b-d87058fe417d",
        "x-ms-gatewayversion": "version=2.14.0",
        "x-ms-ratelimit-remaining-subscription-reads": "11901",
        "x-ms-request-id": "d2fbda30-6b5d-4e93-a35b-d87058fe417d",
        "x-ms-routing-request-id": "WESTUS2:20220914T142801Z:d2fbda30-6b5d-4e93-a35b-d87058fe417d"
      },
      "ResponseBody": {
        "status": "Enqueued"
      }
    },
    {
      "RequestUri": "https://management.azure.com/subscriptions/dec9ed54-2b7f-4476-9bd0-875544af59df/providers/Microsoft.DocumentDB/locations/westus2/operationsStatus/13b2441d-0529-4e46-a09d-7a61ddb5252e?api-version=2022-05-15",
      "RequestMethod": "GET",
      "RequestHeaders": {
        "Authorization": "Sanitized",
        "traceparent": "00-c7efef12a0aef845846c24a3e94b2648-6c08e5336ab46441-00",
        "User-Agent": "azsdk-net-ResourceManager/1.2.0 (.NET Framework 4.8.4515.0; Microsoft Windows 10.0.22000 )",
        "x-ms-client-request-id": "aff23d23131eeec7aee6f354631ae502",
        "x-ms-return-client-request-id": "true"
      },
      "RequestBody": null,
      "StatusCode": 200,
      "ResponseHeaders": {
        "Cache-Control": "no-store, no-cache",
        "Content-Length": "21",
        "Content-Type": "application/json",
        "Date": "Wed, 14 Sep 2022 14:28:02 GMT",
        "Pragma": "no-cache",
        "Server": "Microsoft-HTTPAPI/2.0",
        "Strict-Transport-Security": "max-age=31536000; includeSubDomains",
        "X-Content-Type-Options": "nosniff",
        "x-ms-correlation-request-id": "27d5fb8f-13f9-47fb-b851-31f10778d42b",
        "x-ms-gatewayversion": "version=2.14.0",
        "x-ms-ratelimit-remaining-subscription-reads": "11900",
        "x-ms-request-id": "27d5fb8f-13f9-47fb-b851-31f10778d42b",
        "x-ms-routing-request-id": "WESTUS2:20220914T142803Z:27d5fb8f-13f9-47fb-b851-31f10778d42b"
      },
      "ResponseBody": {
        "status": "Enqueued"
      }
    },
    {
      "RequestUri": "https://management.azure.com/subscriptions/dec9ed54-2b7f-4476-9bd0-875544af59df/providers/Microsoft.DocumentDB/locations/westus2/operationsStatus/13b2441d-0529-4e46-a09d-7a61ddb5252e?api-version=2022-05-15",
      "RequestMethod": "GET",
      "RequestHeaders": {
        "Authorization": "Sanitized",
        "traceparent": "00-c7efef12a0aef845846c24a3e94b2648-d17aee6874a4374a-00",
        "User-Agent": "azsdk-net-ResourceManager/1.2.0 (.NET Framework 4.8.4515.0; Microsoft Windows 10.0.22000 )",
        "x-ms-client-request-id": "b0a3a0d3e375a658bce794d08e2d07b8",
        "x-ms-return-client-request-id": "true"
      },
      "RequestBody": null,
      "StatusCode": 200,
      "ResponseHeaders": {
        "Cache-Control": "no-store, no-cache",
        "Content-Length": "21",
        "Content-Type": "application/json",
        "Date": "Wed, 14 Sep 2022 14:28:03 GMT",
        "Pragma": "no-cache",
        "Server": "Microsoft-HTTPAPI/2.0",
        "Strict-Transport-Security": "max-age=31536000; includeSubDomains",
        "X-Content-Type-Options": "nosniff",
        "x-ms-correlation-request-id": "bac8fd3d-937e-4184-afba-c4b0da5f0dac",
        "x-ms-gatewayversion": "version=2.14.0",
        "x-ms-ratelimit-remaining-subscription-reads": "11899",
        "x-ms-request-id": "bac8fd3d-937e-4184-afba-c4b0da5f0dac",
        "x-ms-routing-request-id": "WESTUS2:20220914T142804Z:bac8fd3d-937e-4184-afba-c4b0da5f0dac"
      },
      "ResponseBody": {
        "status": "Enqueued"
      }
    },
    {
      "RequestUri": "https://management.azure.com/subscriptions/dec9ed54-2b7f-4476-9bd0-875544af59df/providers/Microsoft.DocumentDB/locations/westus2/operationsStatus/13b2441d-0529-4e46-a09d-7a61ddb5252e?api-version=2022-05-15",
      "RequestMethod": "GET",
      "RequestHeaders": {
        "Authorization": "Sanitized",
        "traceparent": "00-c7efef12a0aef845846c24a3e94b2648-72f195940d31614b-00",
        "User-Agent": "azsdk-net-ResourceManager/1.2.0 (.NET Framework 4.8.4515.0; Microsoft Windows 10.0.22000 )",
        "x-ms-client-request-id": "e11f1b42084b5f6b9100e62d1f1ae70f",
        "x-ms-return-client-request-id": "true"
      },
      "RequestBody": null,
      "StatusCode": 200,
      "ResponseHeaders": {
        "Cache-Control": "no-store, no-cache",
        "Content-Length": "21",
        "Content-Type": "application/json",
        "Date": "Wed, 14 Sep 2022 14:28:05 GMT",
        "Pragma": "no-cache",
        "Server": "Microsoft-HTTPAPI/2.0",
        "Strict-Transport-Security": "max-age=31536000; includeSubDomains",
        "X-Content-Type-Options": "nosniff",
        "x-ms-correlation-request-id": "91213c1d-9d56-4cfa-911a-7add3ad87ddf",
        "x-ms-gatewayversion": "version=2.14.0",
        "x-ms-ratelimit-remaining-subscription-reads": "11898",
        "x-ms-request-id": "91213c1d-9d56-4cfa-911a-7add3ad87ddf",
        "x-ms-routing-request-id": "WESTUS2:20220914T142806Z:91213c1d-9d56-4cfa-911a-7add3ad87ddf"
      },
      "ResponseBody": {
        "status": "Dequeued"
      }
    },
    {
      "RequestUri": "https://management.azure.com/subscriptions/dec9ed54-2b7f-4476-9bd0-875544af59df/providers/Microsoft.DocumentDB/locations/westus2/operationsStatus/13b2441d-0529-4e46-a09d-7a61ddb5252e?api-version=2022-05-15",
      "RequestMethod": "GET",
      "RequestHeaders": {
        "Authorization": "Sanitized",
        "traceparent": "00-c7efef12a0aef845846c24a3e94b2648-3efd7c1c78609d48-00",
        "User-Agent": "azsdk-net-ResourceManager/1.2.0 (.NET Framework 4.8.4515.0; Microsoft Windows 10.0.22000 )",
        "x-ms-client-request-id": "85bd3fb82a213fbfe44bf2377ff65f80",
        "x-ms-return-client-request-id": "true"
      },
      "RequestBody": null,
      "StatusCode": 200,
      "ResponseHeaders": {
        "Cache-Control": "no-store, no-cache",
        "Content-Length": "22",
        "Content-Type": "application/json",
        "Date": "Wed, 14 Sep 2022 14:28:09 GMT",
        "Pragma": "no-cache",
        "Server": "Microsoft-HTTPAPI/2.0",
        "Strict-Transport-Security": "max-age=31536000; includeSubDomains",
        "X-Content-Type-Options": "nosniff",
        "x-ms-correlation-request-id": "46a05a2c-a36b-4828-8a90-d6d1eaebaa9a",
        "x-ms-gatewayversion": "version=2.14.0",
        "x-ms-ratelimit-remaining-subscription-reads": "11897",
        "x-ms-request-id": "46a05a2c-a36b-4828-8a90-d6d1eaebaa9a",
        "x-ms-routing-request-id": "WESTUS2:20220914T142810Z:46a05a2c-a36b-4828-8a90-d6d1eaebaa9a"
      },
      "ResponseBody": {
        "status": "Succeeded"
      }
    },
    {
      "RequestUri": "https://management.azure.com/subscriptions/dec9ed54-2b7f-4476-9bd0-875544af59df/resourceGroups/dbaccount-3365/providers/Microsoft.DocumentDB/databaseAccounts/dbaccount-7557/sqlDatabases/sql-db-7537/containers/sql-container-843/triggers/sql-trigger-6726?api-version=2022-05-15",
      "RequestMethod": "GET",
      "RequestHeaders": {
        "Accept": "application/json",
        "Authorization": "Sanitized",
        "traceparent": "00-474cd4e1497d3e4ea900225f454fe810-e5483a8b6cbe0040-00",
        "User-Agent": "azsdk-net-ResourceManager.CosmosDB/1.1.0-alpha.20220829.1 (.NET Framework 4.8.4515.0; Microsoft Windows 10.0.22000 )",
        "x-ms-client-request-id": "48123adf04facbb634441e75fd2a86a1",
        "x-ms-return-client-request-id": "true"
      },
      "RequestBody": null,
      "StatusCode": 404,
      "ResponseHeaders": {
        "Cache-Control": "no-store, no-cache",
        "Content-Length": "6636",
        "Content-Type": "application/json",
        "Date": "Wed, 14 Sep 2022 14:28:09 GMT",
        "Pragma": "no-cache",
        "Server": "Microsoft-HTTPAPI/2.0",
        "Strict-Transport-Security": "max-age=31536000; includeSubDomains",
        "X-Content-Type-Options": "nosniff",
        "x-ms-correlation-request-id": "5947d9e3-0c63-4d4f-a29c-848a37d46bc0",
        "x-ms-gatewayversion": "version=2.14.0",
        "x-ms-ratelimit-remaining-subscription-reads": "11896",
        "x-ms-request-id": "5947d9e3-0c63-4d4f-a29c-848a37d46bc0",
        "x-ms-routing-request-id": "WESTUS2:20220914T142810Z:5947d9e3-0c63-4d4f-a29c-848a37d46bc0"
      },
      "ResponseBody": {
        "code": "NotFound",
        "message": "Message: {\u0022code\u0022:\u0022NotFound\u0022,\u0022message\u0022:\u0022Message: {\\\u0022Errors\\\u0022:[\\\u0022Resource Not Found. Learn more: https:\\\\/\\\\/aka.ms\\\\/cosmosdb-tsg-not-found\\\u0022]}\\r\\nActivityId: 48123adf-04fa-cbb6-3444-1e75fd2a86a1, Request URI: /apps/98a7b1ac-2c97-4931-8665-9699d4c38aef/services/99b2d507-251d-4e5e-bfcb-f8915a25fba7/partitions/61b1631d-e49d-47e6-845b-d7dacaa5760d/replicas/133076184055395253s/, RequestStats: \\r\\nRequestStartTime: 2022-09-14T14:28:10.2325654Z, RequestEndTime: 2022-09-14T14:28:10.2325654Z,  Number of regions attempted:1\\r\\n{\\\u0022systemHistory\\\u0022:[{\\\u0022dateUtc\\\u0022:\\\u00222022-09-14T14:27:19.9827972Z\\\u0022,\\\u0022cpu\\\u0022:0.229,\\\u0022memory\\\u0022:627341580.000,\\\u0022threadInfo\\\u0022:{\\\u0022isThreadStarving\\\u0022:\\\u0022False\\\u0022,\\\u0022threadWaitIntervalInMs\\\u0022:0.0415,\\\u0022availableThreads\\\u0022:32765,\\\u0022minThreads\\\u0022:64,\\\u0022maxThreads\\\u0022:32767},\\\u0022numberOfOpenTcpConnection\\\u0022:78},{\\\u0022dateUtc\\\u0022:\\\u00222022-09-14T14:27:29.9927498Z\\\u0022,\\\u0022cpu\\\u0022:0.149,\\\u0022memory\\\u0022:627161364.000,\\\u0022threadInfo\\\u0022:{\\\u0022isThreadStarving\\\u0022:\\\u0022False\\\u0022,\\\u0022threadWaitIntervalInMs\\\u0022:0.0318,\\\u0022availableThreads\\\u0022:32765,\\\u0022minThreads\\\u0022:64,\\\u0022maxThreads\\\u0022:32767},\\\u0022numberOfOpenTcpConnection\\\u0022:79},{\\\u0022dateUtc\\\u0022:\\\u00222022-09-14T14:27:40.0027082Z\\\u0022,\\\u0022cpu\\\u0022:0.200,\\\u0022memory\\\u0022:627073088.000,\\\u0022threadInfo\\\u0022:{\\\u0022isThreadStarving\\\u0022:\\\u0022False\\\u0022,\\\u0022threadWaitIntervalInMs\\\u0022:0.0222,\\\u0022availableThreads\\\u0022:32765,\\\u0022minThreads\\\u0022:64,\\\u0022maxThreads\\\u0022:32767},\\\u0022numberOfOpenTcpConnection\\\u0022:79},{\\\u0022dateUtc\\\u0022:\\\u00222022-09-14T14:27:50.0126599Z\\\u0022,\\\u0022cpu\\\u0022:0.227,\\\u0022memory\\\u0022:626985584.000,\\\u0022threadInfo\\\u0022:{\\\u0022isThreadStarving\\\u0022:\\\u0022False\\\u0022,\\\u0022threadWaitIntervalInMs\\\u0022:0.0323,\\\u0022availableThreads\\\u0022:32765,\\\u0022minThreads\\\u0022:64,\\\u0022maxThreads\\\u0022:32767},\\\u0022numberOfOpenTcpConnection\\\u0022:79},{\\\u0022dateUtc\\\u0022:\\\u00222022-09-14T14:28:00.0226101Z\\\u0022,\\\u0022cpu\\\u0022:0.183,\\\u0022memory\\\u0022:626807160.000,\\\u0022threadInfo\\\u0022:{\\\u0022isThreadStarving\\\u0022:\\\u0022False\\\u0022,\\\u0022threadWaitIntervalInMs\\\u0022:0.0179,\\\u0022availableThreads\\\u0022:32765,\\\u0022minThreads\\\u0022:64,\\\u0022maxThreads\\\u0022:32767},\\\u0022numberOfOpenTcpConnection\\\u0022:79},{\\\u0022dateUtc\\\u0022:\\\u00222022-09-14T14:28:10.0325637Z\\\u0022,\\\u0022cpu\\\u0022:0.280,\\\u0022memory\\\u0022:626816932.000,\\\u0022threadInfo\\\u0022:{\\\u0022isThreadStarving\\\u0022:\\\u0022False\\\u0022,\\\u0022threadWaitIntervalInMs\\\u0022:0.0248,\\\u0022availableThreads\\\u0022:32764,\\\u0022minThreads\\\u0022:64,\\\u0022maxThreads\\\u0022:32767},\\\u0022numberOfOpenTcpConnection\\\u0022:79}]}\\r\\nRequestStart: 2022-09-14T14:28:10.2325654Z; ResponseTime: 2022-09-14T14:28:10.2325654Z; StoreResult: StorePhysicalAddress: rntbd://cdb-ms-prod-westus1-be8.documents.azure.com:14040/apps/98a7b1ac-2c97-4931-8665-9699d4c38aef/services/99b2d507-251d-4e5e-bfcb-f8915a25fba7/partitions/61b1631d-e49d-47e6-845b-d7dacaa5760d/replicas/133076184055395253s/, LSN: 6, GlobalCommittedLsn: 6, PartitionKeyRangeId: 0, IsValid: True, StatusCode: 404, SubStatusCode: 0, RequestCharge: 1, ItemLSN: -1, SessionToken: -1#6, UsingLocalLSN: True, TransportException: null, BELatencyMs: 0.203, ActivityId: 48123adf-04fa-cbb6-3444-1e75fd2a86a1, RetryAfterInMs: , TransportRequestTimeline: {\\\u0022requestTimeline\\\u0022:[{\\\u0022event\\\u0022: \\\u0022Created\\\u0022, \\\u0022startTimeUtc\\\u0022: \\\u00222022-09-14T14:28:10.2325654Z\\\u0022, \\\u0022durationInMs\\\u0022: 0.0125},{\\\u0022event\\\u0022: \\\u0022ChannelAcquisitionStarted\\\u0022, \\\u0022startTimeUtc\\\u0022: \\\u00222022-09-14T14:28:10.2325779Z\\\u0022, \\\u0022durationInMs\\\u0022: 0.0106},{\\\u0022event\\\u0022: \\\u0022Pipelined\\\u0022, \\\u0022startTimeUtc\\\u0022: \\\u00222022-09-14T14:28:10.2325885Z\\\u0022, \\\u0022durationInMs\\\u0022: 0.1175},{\\\u0022event\\\u0022: \\\u0022Transit Time\\\u0022, \\\u0022startTimeUtc\\\u0022: \\\u00222022-09-14T14:28:10.2327060Z\\\u0022, \\\u0022durationInMs\\\u0022: 0.5232},{\\\u0022event\\\u0022: \\\u0022Received\\\u0022, \\\u0022startTimeUtc\\\u0022: \\\u00222022-09-14T14:28:10.2332292Z\\\u0022, \\\u0022durationInMs\\\u0022: 0.1124},{\\\u0022event\\\u0022: \\\u0022Completed\\\u0022, \\\u0022startTimeUtc\\\u0022: \\\u00222022-09-14T14:28:10.2333416Z\\\u0022, \\\u0022durationInMs\\\u0022: 0}],\\\u0022serviceEndpointStats\\\u0022:{\\\u0022inflightRequests\\\u0022:1,\\\u0022openConnections\\\u0022:1},\\\u0022connectionStats\\\u0022:{\\\u0022waitforConnectionInit\\\u0022:\\\u0022False\\\u0022,\\\u0022callsPendingReceive\\\u0022:0,\\\u0022lastSendAttempt\\\u0022:\\\u00222022-09-14T14:28:00.5126077Z\\\u0022,\\\u0022lastSend\\\u0022:\\\u00222022-09-14T14:28:00.5126077Z\\\u0022,\\\u0022lastReceive\\\u0022:\\\u00222022-09-14T14:28:00.5126077Z\\\u0022},\\\u0022requestSizeInBytes\\\u0022:556,\\\u0022responseMetadataSizeInBytes\\\u0022:140,\\\u0022responseBodySizeInBytes\\\u0022:87};\\r\\n ResourceType: Trigger, OperationType: Read\\r\\nRequestStart: 2022-09-14T14:28:10.2325654Z; ResponseTime: 2022-09-14T14:28:10.2325654Z; StoreResult: StorePhysicalAddress: rntbd://cdb-ms-prod-westus1-be8.documents.azure.com:14032/apps/98a7b1ac-2c97-4931-8665-9699d4c38aef/services/99b2d507-251d-4e5e-bfcb-f8915a25fba7/partitions/61b1631d-e49d-47e6-845b-d7dacaa5760d/replicas/133076184055395255s/, LSN: 6, GlobalCommittedLsn: 6, PartitionKeyRangeId: 0, IsValid: True, StatusCode: 404, SubStatusCode: 0, RequestCharge: 1, ItemLSN: -1, SessionToken: -1#6, UsingLocalLSN: True, TransportException: null, BELatencyMs: 0.192, ActivityId: 48123adf-04fa-cbb6-3444-1e75fd2a86a1, RetryAfterInMs: , TransportRequestTimeline: {\\\u0022requestTimeline\\\u0022:[{\\\u0022event\\\u0022: \\\u0022Created\\\u0022, \\\u0022startTimeUtc\\\u0022: \\\u00222022-09-14T14:28:10.2325654Z\\\u0022, \\\u0022durationInMs\\\u0022: 0.004},{\\\u0022event\\\u0022: \\\u0022ChannelAcquisitionStarted\\\u0022, \\\u0022startTimeUtc\\\u0022: \\\u00222022-09-14T14:28:10.2325694Z\\\u0022, \\\u0022durationInMs\\\u0022: 0.0056},{\\\u0022event\\\u0022: \\\u0022Pipelined\\\u0022, \\\u0022startTimeUtc\\\u0022: \\\u00222022-09-14T14:28:10.2325750Z\\\u0022, \\\u0022durationInMs\\\u0022: 0.0648},{\\\u0022event\\\u0022: \\\u0022Transit Time\\\u0022, \\\u0022startTimeUtc\\\u0022: \\\u00222022-09-14T14:28:10.2326398Z\\\u0022, \\\u0022durationInMs\\\u0022: 0.5028},{\\\u0022event\\\u0022: \\\u0022Received\\\u0022, \\\u0022startTimeUtc\\\u0022: \\\u00222022-09-14T14:28:10.2331426Z\\\u0022, \\\u0022durationInMs\\\u0022: 0.0634},{\\\u0022event\\\u0022: \\\u0022Completed\\\u0022, \\\u0022startTimeUtc\\\u0022: \\\u00222022-09-14T14:28:10.2332060Z\\\u0022, \\\u0022durationInMs\\\u0022: 0}],\\\u0022serviceEndpointStats\\\u0022:{\\\u0022inflightRequests\\\u0022:1,\\\u0022openConnections\\\u0022:1},\\\u0022connectionStats\\\u0022:{\\\u0022waitforConnectionInit\\\u0022:\\\u0022False\\\u0022,\\\u0022callsPendingReceive\\\u0022:0,\\\u0022lastSendAttempt\\\u0022:\\\u00222022-09-14T14:28:00.5126077Z\\\u0022,\\\u0022lastSend\\\u0022:\\\u00222022-09-14T14:28:00.5126077Z\\\u0022,\\\u0022lastReceive\\\u0022:\\\u00222022-09-14T14:28:00.5126077Z\\\u0022},\\\u0022requestSizeInBytes\\\u0022:556,\\\u0022responseMetadataSizeInBytes\\\u0022:140,\\\u0022responseBodySizeInBytes\\\u0022:87};\\r\\n ResourceType: Trigger, OperationType: Read\\r\\n, SDK: Microsoft.Azure.Documents.Common/2.14.0\u0022}, Request URI: /dbs/sql-db-7537/colls/sql-container-843/triggers/sql-trigger-6726, RequestStats: , SDK: Microsoft.Azure.Documents.Common/2.14.0"
      }
    },
    {
      "RequestUri": "https://management.azure.com/subscriptions/dec9ed54-2b7f-4476-9bd0-875544af59df/resourceGroups/dbaccount-3365/providers/Microsoft.DocumentDB/databaseAccounts/dbaccount-7557/sqlDatabases/sql-db-7537/containers/sql-container-843/triggers/sql-trigger-6726?api-version=2022-05-15",
      "RequestMethod": "GET",
      "RequestHeaders": {
        "Accept": "application/json",
        "Authorization": "Sanitized",
        "traceparent": "00-ee45f03dbd3f2a4dacb530481cc85188-26b0ca88ba563749-00",
        "User-Agent": "azsdk-net-ResourceManager.CosmosDB/1.1.0-alpha.20220829.1 (.NET Framework 4.8.4515.0; Microsoft Windows 10.0.22000 )",
        "x-ms-client-request-id": "4f1785ff817017975be0fcff1534e09a",
        "x-ms-return-client-request-id": "true"
      },
      "RequestBody": null,
      "StatusCode": 404,
      "ResponseHeaders": {
        "Cache-Control": "no-store, no-cache",
        "Content-Length": "6634",
        "Content-Type": "application/json",
        "Date": "Wed, 14 Sep 2022 14:28:10 GMT",
        "Pragma": "no-cache",
        "Server": "Microsoft-HTTPAPI/2.0",
        "Strict-Transport-Security": "max-age=31536000; includeSubDomains",
        "X-Content-Type-Options": "nosniff",
        "x-ms-correlation-request-id": "85649b6b-4d3a-4ee5-8a9a-1e6e32c8cdc2",
        "x-ms-gatewayversion": "version=2.14.0",
        "x-ms-ratelimit-remaining-subscription-reads": "11895",
        "x-ms-request-id": "85649b6b-4d3a-4ee5-8a9a-1e6e32c8cdc2",
        "x-ms-routing-request-id": "WESTUS2:20220914T142810Z:85649b6b-4d3a-4ee5-8a9a-1e6e32c8cdc2"
      },
      "ResponseBody": {
        "code": "NotFound",
        "message": "Message: {\u0022code\u0022:\u0022NotFound\u0022,\u0022message\u0022:\u0022Message: {\\\u0022Errors\\\u0022:[\\\u0022Resource Not Found. Learn more: https:\\\\/\\\\/aka.ms\\\\/cosmosdb-tsg-not-found\\\u0022]}\\r\\nActivityId: 4f1785ff-8170-1797-5be0-fcff1534e09a, Request URI: /apps/98a7b1ac-2c97-4931-8665-9699d4c38aef/services/99b2d507-251d-4e5e-bfcb-f8915a25fba7/partitions/61b1631d-e49d-47e6-845b-d7dacaa5760d/replicas/133076184055395253s/, RequestStats: \\r\\nRequestStartTime: 2022-09-14T14:28:10.3725812Z, RequestEndTime: 2022-09-14T14:28:10.3725812Z,  Number of regions attempted:1\\r\\n{\\\u0022systemHistory\\\u0022:[{\\\u0022dateUtc\\\u0022:\\\u00222022-09-14T14:27:19.9827972Z\\\u0022,\\\u0022cpu\\\u0022:0.229,\\\u0022memory\\\u0022:627341580.000,\\\u0022threadInfo\\\u0022:{\\\u0022isThreadStarving\\\u0022:\\\u0022False\\\u0022,\\\u0022threadWaitIntervalInMs\\\u0022:0.0415,\\\u0022availableThreads\\\u0022:32765,\\\u0022minThreads\\\u0022:64,\\\u0022maxThreads\\\u0022:32767},\\\u0022numberOfOpenTcpConnection\\\u0022:78},{\\\u0022dateUtc\\\u0022:\\\u00222022-09-14T14:27:29.9927498Z\\\u0022,\\\u0022cpu\\\u0022:0.149,\\\u0022memory\\\u0022:627161364.000,\\\u0022threadInfo\\\u0022:{\\\u0022isThreadStarving\\\u0022:\\\u0022False\\\u0022,\\\u0022threadWaitIntervalInMs\\\u0022:0.0318,\\\u0022availableThreads\\\u0022:32765,\\\u0022minThreads\\\u0022:64,\\\u0022maxThreads\\\u0022:32767},\\\u0022numberOfOpenTcpConnection\\\u0022:79},{\\\u0022dateUtc\\\u0022:\\\u00222022-09-14T14:27:40.0027082Z\\\u0022,\\\u0022cpu\\\u0022:0.200,\\\u0022memory\\\u0022:627073088.000,\\\u0022threadInfo\\\u0022:{\\\u0022isThreadStarving\\\u0022:\\\u0022False\\\u0022,\\\u0022threadWaitIntervalInMs\\\u0022:0.0222,\\\u0022availableThreads\\\u0022:32765,\\\u0022minThreads\\\u0022:64,\\\u0022maxThreads\\\u0022:32767},\\\u0022numberOfOpenTcpConnection\\\u0022:79},{\\\u0022dateUtc\\\u0022:\\\u00222022-09-14T14:27:50.0126599Z\\\u0022,\\\u0022cpu\\\u0022:0.227,\\\u0022memory\\\u0022:626985584.000,\\\u0022threadInfo\\\u0022:{\\\u0022isThreadStarving\\\u0022:\\\u0022False\\\u0022,\\\u0022threadWaitIntervalInMs\\\u0022:0.0323,\\\u0022availableThreads\\\u0022:32765,\\\u0022minThreads\\\u0022:64,\\\u0022maxThreads\\\u0022:32767},\\\u0022numberOfOpenTcpConnection\\\u0022:79},{\\\u0022dateUtc\\\u0022:\\\u00222022-09-14T14:28:00.0226101Z\\\u0022,\\\u0022cpu\\\u0022:0.183,\\\u0022memory\\\u0022:626807160.000,\\\u0022threadInfo\\\u0022:{\\\u0022isThreadStarving\\\u0022:\\\u0022False\\\u0022,\\\u0022threadWaitIntervalInMs\\\u0022:0.0179,\\\u0022availableThreads\\\u0022:32765,\\\u0022minThreads\\\u0022:64,\\\u0022maxThreads\\\u0022:32767},\\\u0022numberOfOpenTcpConnection\\\u0022:79},{\\\u0022dateUtc\\\u0022:\\\u00222022-09-14T14:28:10.0325637Z\\\u0022,\\\u0022cpu\\\u0022:0.280,\\\u0022memory\\\u0022:626816932.000,\\\u0022threadInfo\\\u0022:{\\\u0022isThreadStarving\\\u0022:\\\u0022False\\\u0022,\\\u0022threadWaitIntervalInMs\\\u0022:0.0248,\\\u0022availableThreads\\\u0022:32764,\\\u0022minThreads\\\u0022:64,\\\u0022maxThreads\\\u0022:32767},\\\u0022numberOfOpenTcpConnection\\\u0022:79}]}\\r\\nRequestStart: 2022-09-14T14:28:10.3725812Z; ResponseTime: 2022-09-14T14:28:10.3725812Z; StoreResult: StorePhysicalAddress: rntbd://cdb-ms-prod-westus1-be8.documents.azure.com:14040/apps/98a7b1ac-2c97-4931-8665-9699d4c38aef/services/99b2d507-251d-4e5e-bfcb-f8915a25fba7/partitions/61b1631d-e49d-47e6-845b-d7dacaa5760d/replicas/133076184055395253s/, LSN: 6, GlobalCommittedLsn: 6, PartitionKeyRangeId: 0, IsValid: True, StatusCode: 404, SubStatusCode: 0, RequestCharge: 1, ItemLSN: -1, SessionToken: -1#6, UsingLocalLSN: True, TransportException: null, BELatencyMs: 0.187, ActivityId: 4f1785ff-8170-1797-5be0-fcff1534e09a, RetryAfterInMs: , TransportRequestTimeline: {\\\u0022requestTimeline\\\u0022:[{\\\u0022event\\\u0022: \\\u0022Created\\\u0022, \\\u0022startTimeUtc\\\u0022: \\\u00222022-09-14T14:28:10.3725812Z\\\u0022, \\\u0022durationInMs\\\u0022: 0.008},{\\\u0022event\\\u0022: \\\u0022ChannelAcquisitionStarted\\\u0022, \\\u0022startTimeUtc\\\u0022: \\\u00222022-09-14T14:28:10.3725892Z\\\u0022, \\\u0022durationInMs\\\u0022: 0.002},{\\\u0022event\\\u0022: \\\u0022Pipelined\\\u0022, \\\u0022startTimeUtc\\\u0022: \\\u00222022-09-14T14:28:10.3725912Z\\\u0022, \\\u0022durationInMs\\\u0022: 0.1129},{\\\u0022event\\\u0022: \\\u0022Transit Time\\\u0022, \\\u0022startTimeUtc\\\u0022: \\\u00222022-09-14T14:28:10.3727041Z\\\u0022, \\\u0022durationInMs\\\u0022: 0.5048},{\\\u0022event\\\u0022: \\\u0022Received\\\u0022, \\\u0022startTimeUtc\\\u0022: \\\u00222022-09-14T14:28:10.3732089Z\\\u0022, \\\u0022durationInMs\\\u0022: 0.0848},{\\\u0022event\\\u0022: \\\u0022Completed\\\u0022, \\\u0022startTimeUtc\\\u0022: \\\u00222022-09-14T14:28:10.3732937Z\\\u0022, \\\u0022durationInMs\\\u0022: 0}],\\\u0022serviceEndpointStats\\\u0022:{\\\u0022inflightRequests\\\u0022:1,\\\u0022openConnections\\\u0022:1},\\\u0022connectionStats\\\u0022:{\\\u0022waitforConnectionInit\\\u0022:\\\u0022False\\\u0022,\\\u0022callsPendingReceive\\\u0022:0,\\\u0022lastSendAttempt\\\u0022:\\\u00222022-09-14T14:28:10.2325654Z\\\u0022,\\\u0022lastSend\\\u0022:\\\u00222022-09-14T14:28:10.2325654Z\\\u0022,\\\u0022lastReceive\\\u0022:\\\u00222022-09-14T14:28:10.2325654Z\\\u0022},\\\u0022requestSizeInBytes\\\u0022:556,\\\u0022responseMetadataSizeInBytes\\\u0022:140,\\\u0022responseBodySizeInBytes\\\u0022:87};\\r\\n ResourceType: Trigger, OperationType: Read\\r\\nRequestStart: 2022-09-14T14:28:10.3725812Z; ResponseTime: 2022-09-14T14:28:10.3725812Z; StoreResult: StorePhysicalAddress: rntbd://cdb-ms-prod-westus1-be8.documents.azure.com:14032/apps/98a7b1ac-2c97-4931-8665-9699d4c38aef/services/99b2d507-251d-4e5e-bfcb-f8915a25fba7/partitions/61b1631d-e49d-47e6-845b-d7dacaa5760d/replicas/133076184055395255s/, LSN: 6, GlobalCommittedLsn: 6, PartitionKeyRangeId: 0, IsValid: True, StatusCode: 404, SubStatusCode: 0, RequestCharge: 1, ItemLSN: -1, SessionToken: -1#6, UsingLocalLSN: True, TransportException: null, BELatencyMs: 0.29, ActivityId: 4f1785ff-8170-1797-5be0-fcff1534e09a, RetryAfterInMs: , TransportRequestTimeline: {\\\u0022requestTimeline\\\u0022:[{\\\u0022event\\\u0022: \\\u0022Created\\\u0022, \\\u0022startTimeUtc\\\u0022: \\\u00222022-09-14T14:28:10.3725812Z\\\u0022, \\\u0022durationInMs\\\u0022: 0.0032},{\\\u0022event\\\u0022: \\\u0022ChannelAcquisitionStarted\\\u0022, \\\u0022startTimeUtc\\\u0022: \\\u00222022-09-14T14:28:10.3725844Z\\\u0022, \\\u0022durationInMs\\\u0022: 0.0011},{\\\u0022event\\\u0022: \\\u0022Pipelined\\\u0022, \\\u0022startTimeUtc\\\u0022: \\\u00222022-09-14T14:28:10.3725855Z\\\u0022, \\\u0022durationInMs\\\u0022: 0.0598},{\\\u0022event\\\u0022: \\\u0022Transit Time\\\u0022, \\\u0022startTimeUtc\\\u0022: \\\u00222022-09-14T14:28:10.3726453Z\\\u0022, \\\u0022durationInMs\\\u0022: 0.6853},{\\\u0022event\\\u0022: \\\u0022Received\\\u0022, \\\u0022startTimeUtc\\\u0022: \\\u00222022-09-14T14:28:10.3733306Z\\\u0022, \\\u0022durationInMs\\\u0022: 0.0678},{\\\u0022event\\\u0022: \\\u0022Completed\\\u0022, \\\u0022startTimeUtc\\\u0022: \\\u00222022-09-14T14:28:10.3733984Z\\\u0022, \\\u0022durationInMs\\\u0022: 0}],\\\u0022serviceEndpointStats\\\u0022:{\\\u0022inflightRequests\\\u0022:1,\\\u0022openConnections\\\u0022:1},\\\u0022connectionStats\\\u0022:{\\\u0022waitforConnectionInit\\\u0022:\\\u0022False\\\u0022,\\\u0022callsPendingReceive\\\u0022:0,\\\u0022lastSendAttempt\\\u0022:\\\u00222022-09-14T14:28:10.2325654Z\\\u0022,\\\u0022lastSend\\\u0022:\\\u00222022-09-14T14:28:10.2325654Z\\\u0022,\\\u0022lastReceive\\\u0022:\\\u00222022-09-14T14:28:10.2325654Z\\\u0022},\\\u0022requestSizeInBytes\\\u0022:556,\\\u0022responseMetadataSizeInBytes\\\u0022:140,\\\u0022responseBodySizeInBytes\\\u0022:87};\\r\\n ResourceType: Trigger, OperationType: Read\\r\\n, SDK: Microsoft.Azure.Documents.Common/2.14.0\u0022}, Request URI: /dbs/sql-db-7537/colls/sql-container-843/triggers/sql-trigger-6726, RequestStats: , SDK: Microsoft.Azure.Documents.Common/2.14.0"
      }
    }
  ],
  "Variables": {
    "AZURE_AUTHORITY_HOST": "https://login.microsoftonline.com",
    "RandomSeed": "484265801",
    "RESOURCE_MANAGER_URL": null,
    "SUBSCRIPTION_ID": "dec9ed54-2b7f-4476-9bd0-875544af59df"
  }
}
