{
  "Entries": [
    {
      "RequestUri": "https://management.azure.com/subscriptions/dec9ed54-2b7f-4476-9bd0-875544af59df/resourceGroups/dbaccount-5897/providers/Microsoft.DocumentDB/databaseAccounts/dbaccount-8231/sqlDatabases/sql-db-5989/containers/sql-container-2764?api-version=2022-05-15",
      "RequestMethod": "GET",
      "RequestHeaders": {
        "Accept": "application/json",
        "Authorization": "Sanitized",
        "traceparent": "00-a7914e538728ba4cb19c921b7df9d7a0-5211e6185c086446-00",
        "User-Agent": "azsdk-net-ResourceManager.CosmosDB/1.1.0-alpha.20220829.1 (.NET Framework 4.8.4510.0; Microsoft Windows 10.0.22000 )",
        "x-ms-client-request-id": "cfb98994c0d111e15f8588df19865906",
        "x-ms-return-client-request-id": "true"
      },
      "RequestBody": null,
      "StatusCode": 200,
      "ResponseHeaders": {
        "Cache-Control": "no-store, no-cache",
        "Content-Length": "1333",
        "Content-Type": "application/json",
        "Date": "Wed, 31 Aug 2022 22:57:41 GMT",
        "Pragma": "no-cache",
        "Server": "Microsoft-HTTPAPI/2.0",
        "Strict-Transport-Security": "max-age=31536000; includeSubDomains",
        "X-Content-Type-Options": "nosniff",
        "x-ms-correlation-request-id": "8318bb74-38da-4201-964c-aa2d5940728e",
        "x-ms-gatewayversion": "version=2.14.0",
        "x-ms-ratelimit-remaining-subscription-reads": "11955",
        "x-ms-request-id": "8318bb74-38da-4201-964c-aa2d5940728e",
        "x-ms-routing-request-id": "WESTUS2:20220831T225741Z:8318bb74-38da-4201-964c-aa2d5940728e"
      },
      "ResponseBody": {
        "id": "/subscriptions/dec9ed54-2b7f-4476-9bd0-875544af59df/resourceGroups/dbaccount-5897/providers/Microsoft.DocumentDB/databaseAccounts/dbaccount-8231/sqlDatabases/sql-db-5989/containers/sql-container-2764",
        "type": "Microsoft.DocumentDB/databaseAccounts/sqlDatabases/containers",
        "name": "sql-container-2764",
        "properties": {
          "resource": {
            "id": "sql-container-2764",
            "indexingPolicy": {
              "indexingMode": "consistent",
              "automatic": true,
              "includedPaths": [
                {
                  "path": "/*"
                }
              ],
              "excludedPaths": [
                {
                  "path": "/pathToNotIndex/*"
                },
                {
                  "path": "/\u0022_etag\u0022/?"
                }
              ],
              "spatialIndexes": [
                {
                  "path": "/*",
                  "types": [
                    "Point",
                    "LineString",
                    "Polygon",
                    "MultiPolygon"
                  ]
                }
              ],
              "compositeIndexes": [
                [
                  {
                    "path": "/orderByPath1",
                    "order": "ascending"
                  },
                  {
                    "path": "/orderByPath2",
                    "order": "descending"
                  }
                ]
              ]
            },
            "partitionKey": {
              "paths": [
                "/address/zipCode"
              ],
              "kind": "Hash"
            },
            "uniqueKeyPolicy": {
              "uniqueKeys": []
            },
            "conflictResolutionPolicy": {
              "mode": "LastWriterWins",
              "conflictResolutionPath": "/_ts",
              "conflictResolutionProcedure": ""
            },
            "geospatialConfig": {
              "type": "Geography"
            },
            "_rid": "oJofAIot3u0=",
            "_ts": 1661986619,
            "_self": "dbs/oJofAA==/colls/oJofAIot3u0=/",
            "_etag": "\u00220000c928-0000-0700-0000-630fe73b0000\u0022",
            "_docs": "docs/",
            "_sprocs": "sprocs/",
            "_triggers": "triggers/",
            "_udfs": "udfs/",
            "_conflicts": "conflicts/",
            "statistics": [
              {
                "id": "0",
                "sizeInKB": 0,
                "documentCount": 0,
                "sampledDistinctPartitionKeyCount": 0,
                "partitionKeys": []
              }
            ]
          }
        }
      }
    },
    {
      "RequestUri": "https://management.azure.com/subscriptions/dec9ed54-2b7f-4476-9bd0-875544af59df/resourceGroups/dbaccount-5897/providers/Microsoft.DocumentDB/databaseAccounts/dbaccount-8231/sqlDatabases/sql-db-5989/containers/sql-container-2764/triggers/sql-trigger-7801?api-version=2022-05-15",
      "RequestMethod": "PUT",
      "RequestHeaders": {
        "Accept": "application/json",
        "Authorization": "Sanitized",
        "Content-Length": "324",
        "Content-Type": "application/json",
        "traceparent": "00-6acf26a1d293a54fb0cbe0f8b5ca0e92-f8d1c3c1514a3348-00",
        "User-Agent": "azsdk-net-ResourceManager.CosmosDB/1.1.0-alpha.20220829.1 (.NET Framework 4.8.4510.0; Microsoft Windows 10.0.22000 )",
        "x-ms-client-request-id": "8498da04a52b711b893496625539da2e",
        "x-ms-return-client-request-id": "true"
      },
      "RequestBody": {
        "tags": {},
        "location": "westus",
        "properties": {
          "resource": {
            "id": "sql-trigger-7801",
            "body": "function () {\r\n    var updatetext = getContext();\r\n    var response = context.getResponse();\r\n    response.setBody(\u0027First Hello World\u0027);\r\n}",
            "triggerType": "Pre",
            "triggerOperation": "All"
          },
          "options": {
            "throughput": 700
          }
        }
      },
      "StatusCode": 202,
      "ResponseHeaders": {
        "Azure-AsyncOperation": "https://management.azure.com/subscriptions/dec9ed54-2b7f-4476-9bd0-875544af59df/providers/Microsoft.DocumentDB/locations/westus2/operationsStatus/a1a262b6-dd49-43b6-b41b-4d11cdc5e964?api-version=2022-05-15",
        "Cache-Control": "no-store, no-cache",
        "Content-Length": "21",
        "Content-Type": "application/json",
        "Date": "Wed, 31 Aug 2022 22:57:42 GMT",
        "Location": "https://management.azure.com/subscriptions/dec9ed54-2b7f-4476-9bd0-875544af59df/resourceGroups/dbaccount-5897/providers/Microsoft.DocumentDB/databaseAccounts/dbaccount-8231/sqlDatabases/sql-db-5989/containers/sql-container-2764/triggers/sql-trigger-7801/operationResults/a1a262b6-dd49-43b6-b41b-4d11cdc5e964?api-version=2022-05-15",
        "Pragma": "no-cache",
        "Server": "Microsoft-HTTPAPI/2.0",
        "Strict-Transport-Security": "max-age=31536000; includeSubDomains",
        "X-Content-Type-Options": "nosniff",
        "x-ms-correlation-request-id": "314e8324-fc77-466c-8542-23c6facfde04",
        "x-ms-gatewayversion": "version=2.14.0",
        "x-ms-ratelimit-remaining-subscription-writes": "1195",
        "x-ms-request-id": "a1a262b6-dd49-43b6-b41b-4d11cdc5e964",
        "x-ms-routing-request-id": "WESTUS2:20220831T225742Z:314e8324-fc77-466c-8542-23c6facfde04"
      },
      "ResponseBody": {
        "status": "Enqueued"
      }
    },
    {
      "RequestUri": "https://management.azure.com/subscriptions/dec9ed54-2b7f-4476-9bd0-875544af59df/providers/Microsoft.DocumentDB/locations/westus2/operationsStatus/a1a262b6-dd49-43b6-b41b-4d11cdc5e964?api-version=2022-05-15",
      "RequestMethod": "GET",
      "RequestHeaders": {
        "Authorization": "Sanitized",
        "traceparent": "00-6acf26a1d293a54fb0cbe0f8b5ca0e92-7bc16ae61268af46-00",
        "User-Agent": "azsdk-net-ResourceManager/1.2.0 (.NET Framework 4.8.4510.0; Microsoft Windows 10.0.22000 )",
        "x-ms-client-request-id": "14b880f22b09e3689e5d488c4aae094c",
        "x-ms-return-client-request-id": "true"
      },
      "RequestBody": null,
      "StatusCode": 200,
      "ResponseHeaders": {
        "Cache-Control": "no-store, no-cache",
        "Content-Length": "21",
        "Content-Type": "application/json",
        "Date": "Wed, 31 Aug 2022 22:57:42 GMT",
        "Pragma": "no-cache",
        "Server": "Microsoft-HTTPAPI/2.0",
        "Strict-Transport-Security": "max-age=31536000; includeSubDomains",
        "X-Content-Type-Options": "nosniff",
        "x-ms-correlation-request-id": "587d12b8-468b-469d-8cca-38578bb0b093",
        "x-ms-gatewayversion": "version=2.14.0",
        "x-ms-ratelimit-remaining-subscription-reads": "11954",
        "x-ms-request-id": "587d12b8-468b-469d-8cca-38578bb0b093",
        "x-ms-routing-request-id": "WESTUS2:20220831T225742Z:587d12b8-468b-469d-8cca-38578bb0b093"
      },
      "ResponseBody": {
        "status": "Enqueued"
      }
    },
    {
      "RequestUri": "https://management.azure.com/subscriptions/dec9ed54-2b7f-4476-9bd0-875544af59df/providers/Microsoft.DocumentDB/locations/westus2/operationsStatus/a1a262b6-dd49-43b6-b41b-4d11cdc5e964?api-version=2022-05-15",
      "RequestMethod": "GET",
      "RequestHeaders": {
        "Authorization": "Sanitized",
        "traceparent": "00-6acf26a1d293a54fb0cbe0f8b5ca0e92-c80db267e492ff4f-00",
        "User-Agent": "azsdk-net-ResourceManager/1.2.0 (.NET Framework 4.8.4510.0; Microsoft Windows 10.0.22000 )",
        "x-ms-client-request-id": "4c85b0ae0289f5642accd688f0a5a8dd",
        "x-ms-return-client-request-id": "true"
      },
      "RequestBody": null,
      "StatusCode": 200,
      "ResponseHeaders": {
        "Cache-Control": "no-store, no-cache",
        "Content-Length": "21",
        "Content-Type": "application/json",
        "Date": "Wed, 31 Aug 2022 22:57:43 GMT",
        "Pragma": "no-cache",
        "Server": "Microsoft-HTTPAPI/2.0",
        "Strict-Transport-Security": "max-age=31536000; includeSubDomains",
        "X-Content-Type-Options": "nosniff",
        "x-ms-correlation-request-id": "b23dec1a-2a74-4343-a4ac-07fe31e50554",
        "x-ms-gatewayversion": "version=2.14.0",
        "x-ms-ratelimit-remaining-subscription-reads": "11953",
        "x-ms-request-id": "b23dec1a-2a74-4343-a4ac-07fe31e50554",
        "x-ms-routing-request-id": "WESTUS2:20220831T225743Z:b23dec1a-2a74-4343-a4ac-07fe31e50554"
      },
      "ResponseBody": {
        "status": "Enqueued"
      }
    },
    {
      "RequestUri": "https://management.azure.com/subscriptions/dec9ed54-2b7f-4476-9bd0-875544af59df/providers/Microsoft.DocumentDB/locations/westus2/operationsStatus/a1a262b6-dd49-43b6-b41b-4d11cdc5e964?api-version=2022-05-15",
      "RequestMethod": "GET",
      "RequestHeaders": {
        "Authorization": "Sanitized",
        "traceparent": "00-6acf26a1d293a54fb0cbe0f8b5ca0e92-12f2f57c7ffaa448-00",
        "User-Agent": "azsdk-net-ResourceManager/1.2.0 (.NET Framework 4.8.4510.0; Microsoft Windows 10.0.22000 )",
        "x-ms-client-request-id": "d470ece6c6806824d0ec651cc62380ff",
        "x-ms-return-client-request-id": "true"
      },
      "RequestBody": null,
      "StatusCode": 200,
      "ResponseHeaders": {
        "Cache-Control": "no-store, no-cache",
        "Content-Length": "21",
        "Content-Type": "application/json",
        "Date": "Wed, 31 Aug 2022 22:57:44 GMT",
        "Pragma": "no-cache",
        "Server": "Microsoft-HTTPAPI/2.0",
        "Strict-Transport-Security": "max-age=31536000; includeSubDomains",
        "X-Content-Type-Options": "nosniff",
        "x-ms-correlation-request-id": "102ee05b-00f4-4220-86ed-53b8154c14ca",
        "x-ms-gatewayversion": "version=2.14.0",
        "x-ms-ratelimit-remaining-subscription-reads": "11952",
        "x-ms-request-id": "102ee05b-00f4-4220-86ed-53b8154c14ca",
        "x-ms-routing-request-id": "WESTUS2:20220831T225744Z:102ee05b-00f4-4220-86ed-53b8154c14ca"
      },
      "ResponseBody": {
        "status": "Enqueued"
      }
    },
    {
      "RequestUri": "https://management.azure.com/subscriptions/dec9ed54-2b7f-4476-9bd0-875544af59df/providers/Microsoft.DocumentDB/locations/westus2/operationsStatus/a1a262b6-dd49-43b6-b41b-4d11cdc5e964?api-version=2022-05-15",
      "RequestMethod": "GET",
      "RequestHeaders": {
        "Authorization": "Sanitized",
        "traceparent": "00-6acf26a1d293a54fb0cbe0f8b5ca0e92-f250f3eb328e564f-00",
        "User-Agent": "azsdk-net-ResourceManager/1.2.0 (.NET Framework 4.8.4510.0; Microsoft Windows 10.0.22000 )",
        "x-ms-client-request-id": "19c869990025ef211cc3e93d55e0f3f8",
        "x-ms-return-client-request-id": "true"
      },
      "RequestBody": null,
      "StatusCode": 200,
      "ResponseHeaders": {
        "Cache-Control": "no-store, no-cache",
        "Content-Length": "21",
        "Content-Type": "application/json",
        "Date": "Wed, 31 Aug 2022 22:57:45 GMT",
        "Pragma": "no-cache",
        "Server": "Microsoft-HTTPAPI/2.0",
        "Strict-Transport-Security": "max-age=31536000; includeSubDomains",
        "X-Content-Type-Options": "nosniff",
        "x-ms-correlation-request-id": "19d02fb2-0fe7-4ee2-8c5b-8b3dde51b3f8",
        "x-ms-gatewayversion": "version=2.14.0",
        "x-ms-ratelimit-remaining-subscription-reads": "11951",
        "x-ms-request-id": "19d02fb2-0fe7-4ee2-8c5b-8b3dde51b3f8",
        "x-ms-routing-request-id": "WESTUS2:20220831T225745Z:19d02fb2-0fe7-4ee2-8c5b-8b3dde51b3f8"
      },
      "ResponseBody": {
        "status": "Enqueued"
      }
    },
    {
      "RequestUri": "https://management.azure.com/subscriptions/dec9ed54-2b7f-4476-9bd0-875544af59df/providers/Microsoft.DocumentDB/locations/westus2/operationsStatus/a1a262b6-dd49-43b6-b41b-4d11cdc5e964?api-version=2022-05-15",
      "RequestMethod": "GET",
      "RequestHeaders": {
        "Authorization": "Sanitized",
        "traceparent": "00-6acf26a1d293a54fb0cbe0f8b5ca0e92-6a88e7dee3802e49-00",
        "User-Agent": "azsdk-net-ResourceManager/1.2.0 (.NET Framework 4.8.4510.0; Microsoft Windows 10.0.22000 )",
        "x-ms-client-request-id": "5ea56bb5353ee7cb8b1c7c9c9c482f07",
        "x-ms-return-client-request-id": "true"
      },
      "RequestBody": null,
      "StatusCode": 200,
      "ResponseHeaders": {
        "Cache-Control": "no-store, no-cache",
        "Content-Length": "21",
        "Content-Type": "application/json",
        "Date": "Wed, 31 Aug 2022 22:57:47 GMT",
        "Pragma": "no-cache",
        "Server": "Microsoft-HTTPAPI/2.0",
        "Strict-Transport-Security": "max-age=31536000; includeSubDomains",
        "X-Content-Type-Options": "nosniff",
        "x-ms-correlation-request-id": "04bd6d56-6dc0-4dd0-95c7-c132d6e5ba96",
        "x-ms-gatewayversion": "version=2.14.0",
        "x-ms-ratelimit-remaining-subscription-reads": "11950",
        "x-ms-request-id": "04bd6d56-6dc0-4dd0-95c7-c132d6e5ba96",
        "x-ms-routing-request-id": "WESTUS2:20220831T225747Z:04bd6d56-6dc0-4dd0-95c7-c132d6e5ba96"
      },
      "ResponseBody": {
        "status": "Dequeued"
      }
    },
    {
      "RequestUri": "https://management.azure.com/subscriptions/dec9ed54-2b7f-4476-9bd0-875544af59df/providers/Microsoft.DocumentDB/locations/westus2/operationsStatus/a1a262b6-dd49-43b6-b41b-4d11cdc5e964?api-version=2022-05-15",
      "RequestMethod": "GET",
      "RequestHeaders": {
        "Authorization": "Sanitized",
        "traceparent": "00-6acf26a1d293a54fb0cbe0f8b5ca0e92-47601cd19e1d0546-00",
        "User-Agent": "azsdk-net-ResourceManager/1.2.0 (.NET Framework 4.8.4510.0; Microsoft Windows 10.0.22000 )",
        "x-ms-client-request-id": "87eed64b8fdde5b7cb80b8bcdce713ef",
        "x-ms-return-client-request-id": "true"
      },
      "RequestBody": null,
      "StatusCode": 200,
      "ResponseHeaders": {
        "Cache-Control": "no-store, no-cache",
        "Content-Length": "22",
        "Content-Type": "application/json",
        "Date": "Wed, 31 Aug 2022 22:57:51 GMT",
        "Pragma": "no-cache",
        "Server": "Microsoft-HTTPAPI/2.0",
        "Strict-Transport-Security": "max-age=31536000; includeSubDomains",
        "X-Content-Type-Options": "nosniff",
        "x-ms-correlation-request-id": "3c819ade-1f46-4a6f-adeb-e73c6d2ca973",
        "x-ms-gatewayversion": "version=2.14.0",
        "x-ms-ratelimit-remaining-subscription-reads": "11949",
        "x-ms-request-id": "3c819ade-1f46-4a6f-adeb-e73c6d2ca973",
        "x-ms-routing-request-id": "WESTUS2:20220831T225751Z:3c819ade-1f46-4a6f-adeb-e73c6d2ca973"
      },
      "ResponseBody": {
        "status": "Succeeded"
      }
    },
    {
      "RequestUri": "https://management.azure.com/subscriptions/dec9ed54-2b7f-4476-9bd0-875544af59df/resourceGroups/dbaccount-5897/providers/Microsoft.DocumentDB/databaseAccounts/dbaccount-8231/sqlDatabases/sql-db-5989/containers/sql-container-2764/triggers/sql-trigger-7801?api-version=2022-05-15",
      "RequestMethod": "GET",
      "RequestHeaders": {
        "Authorization": "Sanitized",
        "traceparent": "00-6acf26a1d293a54fb0cbe0f8b5ca0e92-e22d5694167cda46-00",
        "User-Agent": "azsdk-net-ResourceManager/1.2.0 (.NET Framework 4.8.4510.0; Microsoft Windows 10.0.22000 )",
        "x-ms-client-request-id": "5b666cf9227e64c19de08d09848452d4",
        "x-ms-return-client-request-id": "true"
      },
      "RequestBody": null,
      "StatusCode": 200,
      "ResponseHeaders": {
        "Cache-Control": "no-store, no-cache",
        "Content-Length": "773",
        "Content-Type": "application/json",
        "Date": "Wed, 31 Aug 2022 22:57:51 GMT",
        "Pragma": "no-cache",
        "Server": "Microsoft-HTTPAPI/2.0",
        "Strict-Transport-Security": "max-age=31536000; includeSubDomains",
        "X-Content-Type-Options": "nosniff",
        "x-ms-correlation-request-id": "e8b833a8-9424-46fb-918f-74cdaf70ab26",
        "x-ms-gatewayversion": "version=2.14.0",
        "x-ms-ratelimit-remaining-subscription-reads": "11948",
        "x-ms-request-id": "e8b833a8-9424-46fb-918f-74cdaf70ab26",
        "x-ms-routing-request-id": "WESTUS2:20220831T225752Z:e8b833a8-9424-46fb-918f-74cdaf70ab26"
      },
      "ResponseBody": {
        "id": "/subscriptions/dec9ed54-2b7f-4476-9bd0-875544af59df/resourceGroups/dbaccount-5897/providers/Microsoft.DocumentDB/databaseAccounts/dbaccount-8231/sqlDatabases/sql-db-5989/containers/sql-container-2764/triggers/sql-trigger-7801",
        "type": "Microsoft.DocumentDB/databaseAccounts/sqlDatabases/containers/triggers",
        "name": "sql-trigger-7801",
        "properties": {
          "resource": {
            "id": "sql-trigger-7801",
            "body": "function () {\r\n    var updatetext = getContext();\r\n    var response = context.getResponse();\r\n    response.setBody(\u0027First Hello World\u0027);\r\n}",
            "triggerType": "Pre",
            "triggerOperation": "All",
            "_rid": "oJofAIot3u0DAAAAAAAAcA==",
            "_self": "dbs/oJofAA==/colls/oJofAIot3u0=/triggers/oJofAIot3u0DAAAAAAAAcA==/",
            "_etag": "\u00220000f50f-0000-0700-0000-630fe76c0000\u0022",
            "_ts": 1661986668
          }
        }
      }
    },
    {
      "RequestUri": "https://management.azure.com/subscriptions/dec9ed54-2b7f-4476-9bd0-875544af59df/resourceGroups/dbaccount-5897/providers/Microsoft.DocumentDB/databaseAccounts/dbaccount-8231/sqlDatabases/sql-db-5989/containers/sql-container-2764/triggers/sql-trigger-7801?api-version=2022-05-15",
      "RequestMethod": "DELETE",
      "RequestHeaders": {
        "Authorization": "Sanitized",
        "traceparent": "00-f3f001ac189e2d40bb90f8011e40bbd4-b40fc71394fa8541-00",
        "User-Agent": "azsdk-net-ResourceManager.CosmosDB/1.1.0-alpha.20220829.1 (.NET Framework 4.8.4510.0; Microsoft Windows 10.0.22000 )",
        "x-ms-client-request-id": "7ef1e2936bf1261bb3bf93bd7d0e0ba3",
        "x-ms-return-client-request-id": "true"
      },
      "RequestBody": null,
      "StatusCode": 202,
      "ResponseHeaders": {
        "Azure-AsyncOperation": "https://management.azure.com/subscriptions/dec9ed54-2b7f-4476-9bd0-875544af59df/providers/Microsoft.DocumentDB/locations/westus2/operationsStatus/70d602be-8e90-4119-bed0-a05982ddda8f?api-version=2022-05-15",
        "Cache-Control": "no-store, no-cache",
        "Content-Length": "21",
        "Content-Type": "application/json",
        "Date": "Wed, 31 Aug 2022 22:57:51 GMT",
        "Location": "https://management.azure.com/subscriptions/dec9ed54-2b7f-4476-9bd0-875544af59df/resourceGroups/dbaccount-5897/providers/Microsoft.DocumentDB/databaseAccounts/dbaccount-8231/sqlDatabases/sql-db-5989/containers/sql-container-2764/triggers/sql-trigger-7801/operationResults/70d602be-8e90-4119-bed0-a05982ddda8f?api-version=2022-05-15",
        "Pragma": "no-cache",
        "Server": "Microsoft-HTTPAPI/2.0",
        "Strict-Transport-Security": "max-age=31536000; includeSubDomains",
        "X-Content-Type-Options": "nosniff",
        "x-ms-correlation-request-id": "0c4c36a7-8c22-4246-a824-d93f75bdc698",
        "x-ms-gatewayversion": "version=2.14.0",
        "x-ms-ratelimit-remaining-subscription-deletes": "14998",
        "x-ms-request-id": "70d602be-8e90-4119-bed0-a05982ddda8f",
        "x-ms-routing-request-id": "WESTUS2:20220831T225752Z:0c4c36a7-8c22-4246-a824-d93f75bdc698"
      },
      "ResponseBody": {
        "status": "Enqueued"
      }
    },
    {
      "RequestUri": "https://management.azure.com/subscriptions/dec9ed54-2b7f-4476-9bd0-875544af59df/providers/Microsoft.DocumentDB/locations/westus2/operationsStatus/70d602be-8e90-4119-bed0-a05982ddda8f?api-version=2022-05-15",
      "RequestMethod": "GET",
      "RequestHeaders": {
        "Authorization": "Sanitized",
        "traceparent": "00-f3f001ac189e2d40bb90f8011e40bbd4-53eed3db0db01046-00",
        "User-Agent": "azsdk-net-ResourceManager/1.2.0 (.NET Framework 4.8.4510.0; Microsoft Windows 10.0.22000 )",
        "x-ms-client-request-id": "f929e32d95f68dfe5140a7be8f03e68e",
        "x-ms-return-client-request-id": "true"
      },
      "RequestBody": null,
      "StatusCode": 200,
      "ResponseHeaders": {
        "Cache-Control": "no-store, no-cache",
        "Content-Length": "21",
        "Content-Type": "application/json",
        "Date": "Wed, 31 Aug 2022 22:57:52 GMT",
        "Pragma": "no-cache",
        "Server": "Microsoft-HTTPAPI/2.0",
        "Strict-Transport-Security": "max-age=31536000; includeSubDomains",
        "X-Content-Type-Options": "nosniff",
        "x-ms-correlation-request-id": "381926a7-ec40-48df-9826-f1ac754cca81",
        "x-ms-gatewayversion": "version=2.14.0",
        "x-ms-ratelimit-remaining-subscription-reads": "11947",
        "x-ms-request-id": "381926a7-ec40-48df-9826-f1ac754cca81",
        "x-ms-routing-request-id": "WESTUS2:20220831T225752Z:381926a7-ec40-48df-9826-f1ac754cca81"
      },
      "ResponseBody": {
        "status": "Enqueued"
      }
    },
    {
      "RequestUri": "https://management.azure.com/subscriptions/dec9ed54-2b7f-4476-9bd0-875544af59df/providers/Microsoft.DocumentDB/locations/westus2/operationsStatus/70d602be-8e90-4119-bed0-a05982ddda8f?api-version=2022-05-15",
      "RequestMethod": "GET",
      "RequestHeaders": {
        "Authorization": "Sanitized",
        "traceparent": "00-f3f001ac189e2d40bb90f8011e40bbd4-b0e7da740f59fd4f-00",
        "User-Agent": "azsdk-net-ResourceManager/1.2.0 (.NET Framework 4.8.4510.0; Microsoft Windows 10.0.22000 )",
        "x-ms-client-request-id": "f700ead422e1bff259c86867811e2404",
        "x-ms-return-client-request-id": "true"
      },
      "RequestBody": null,
      "StatusCode": 200,
      "ResponseHeaders": {
        "Cache-Control": "no-store, no-cache",
        "Content-Length": "21",
        "Content-Type": "application/json",
        "Date": "Wed, 31 Aug 2022 22:57:53 GMT",
        "Pragma": "no-cache",
        "Server": "Microsoft-HTTPAPI/2.0",
        "Strict-Transport-Security": "max-age=31536000; includeSubDomains",
        "X-Content-Type-Options": "nosniff",
        "x-ms-correlation-request-id": "79478582-8b01-4e58-b8fd-e2639cc54bdc",
        "x-ms-gatewayversion": "version=2.14.0",
        "x-ms-ratelimit-remaining-subscription-reads": "11946",
        "x-ms-request-id": "79478582-8b01-4e58-b8fd-e2639cc54bdc",
        "x-ms-routing-request-id": "WESTUS2:20220831T225753Z:79478582-8b01-4e58-b8fd-e2639cc54bdc"
      },
      "ResponseBody": {
        "status": "Enqueued"
      }
    },
    {
      "RequestUri": "https://management.azure.com/subscriptions/dec9ed54-2b7f-4476-9bd0-875544af59df/providers/Microsoft.DocumentDB/locations/westus2/operationsStatus/70d602be-8e90-4119-bed0-a05982ddda8f?api-version=2022-05-15",
      "RequestMethod": "GET",
      "RequestHeaders": {
        "Authorization": "Sanitized",
        "traceparent": "00-f3f001ac189e2d40bb90f8011e40bbd4-990102a364844a43-00",
        "User-Agent": "azsdk-net-ResourceManager/1.2.0 (.NET Framework 4.8.4510.0; Microsoft Windows 10.0.22000 )",
        "x-ms-client-request-id": "998f4c5d12e573ad8e15dfa02cca9912",
        "x-ms-return-client-request-id": "true"
      },
      "RequestBody": null,
      "StatusCode": 200,
      "ResponseHeaders": {
        "Cache-Control": "no-store, no-cache",
        "Content-Length": "21",
        "Content-Type": "application/json",
        "Date": "Wed, 31 Aug 2022 22:57:54 GMT",
        "Pragma": "no-cache",
        "Server": "Microsoft-HTTPAPI/2.0",
        "Strict-Transport-Security": "max-age=31536000; includeSubDomains",
        "X-Content-Type-Options": "nosniff",
        "x-ms-correlation-request-id": "84896c74-8807-4090-9a7c-7f3c87d6e02d",
        "x-ms-gatewayversion": "version=2.14.0",
        "x-ms-ratelimit-remaining-subscription-reads": "11945",
        "x-ms-request-id": "84896c74-8807-4090-9a7c-7f3c87d6e02d",
        "x-ms-routing-request-id": "WESTUS2:20220831T225754Z:84896c74-8807-4090-9a7c-7f3c87d6e02d"
      },
      "ResponseBody": {
        "status": "Enqueued"
      }
    },
    {
      "RequestUri": "https://management.azure.com/subscriptions/dec9ed54-2b7f-4476-9bd0-875544af59df/providers/Microsoft.DocumentDB/locations/westus2/operationsStatus/70d602be-8e90-4119-bed0-a05982ddda8f?api-version=2022-05-15",
      "RequestMethod": "GET",
      "RequestHeaders": {
        "Authorization": "Sanitized",
        "traceparent": "00-f3f001ac189e2d40bb90f8011e40bbd4-20e1bc64b57e1b49-00",
        "User-Agent": "azsdk-net-ResourceManager/1.2.0 (.NET Framework 4.8.4510.0; Microsoft Windows 10.0.22000 )",
        "x-ms-client-request-id": "17285ba36aae0b64f0699f2e2c960c32",
        "x-ms-return-client-request-id": "true"
      },
      "RequestBody": null,
      "StatusCode": 200,
      "ResponseHeaders": {
        "Cache-Control": "no-store, no-cache",
        "Content-Length": "21",
        "Content-Type": "application/json",
        "Date": "Wed, 31 Aug 2022 22:57:55 GMT",
        "Pragma": "no-cache",
        "Server": "Microsoft-HTTPAPI/2.0",
        "Strict-Transport-Security": "max-age=31536000; includeSubDomains",
        "X-Content-Type-Options": "nosniff",
        "x-ms-correlation-request-id": "a13036fb-5d77-447d-934c-7bb5b8e363a1",
        "x-ms-gatewayversion": "version=2.14.0",
        "x-ms-ratelimit-remaining-subscription-reads": "11944",
        "x-ms-request-id": "a13036fb-5d77-447d-934c-7bb5b8e363a1",
        "x-ms-routing-request-id": "WESTUS2:20220831T225755Z:a13036fb-5d77-447d-934c-7bb5b8e363a1"
      },
      "ResponseBody": {
        "status": "Enqueued"
      }
    },
    {
      "RequestUri": "https://management.azure.com/subscriptions/dec9ed54-2b7f-4476-9bd0-875544af59df/providers/Microsoft.DocumentDB/locations/westus2/operationsStatus/70d602be-8e90-4119-bed0-a05982ddda8f?api-version=2022-05-15",
      "RequestMethod": "GET",
      "RequestHeaders": {
        "Authorization": "Sanitized",
        "traceparent": "00-f3f001ac189e2d40bb90f8011e40bbd4-359af4840a93c841-00",
        "User-Agent": "azsdk-net-ResourceManager/1.2.0 (.NET Framework 4.8.4510.0; Microsoft Windows 10.0.22000 )",
        "x-ms-client-request-id": "4261a31b4d73c2a83c8d69cc4352928f",
        "x-ms-return-client-request-id": "true"
      },
      "RequestBody": null,
      "StatusCode": 200,
      "ResponseHeaders": {
        "Cache-Control": "no-store, no-cache",
        "Content-Length": "21",
        "Content-Type": "application/json",
        "Date": "Wed, 31 Aug 2022 22:57:57 GMT",
        "Pragma": "no-cache",
        "Server": "Microsoft-HTTPAPI/2.0",
        "Strict-Transport-Security": "max-age=31536000; includeSubDomains",
        "X-Content-Type-Options": "nosniff",
        "x-ms-correlation-request-id": "1d569eb8-8e38-4d8d-93cc-b4cbfff2301f",
        "x-ms-gatewayversion": "version=2.14.0",
        "x-ms-ratelimit-remaining-subscription-reads": "11943",
        "x-ms-request-id": "1d569eb8-8e38-4d8d-93cc-b4cbfff2301f",
        "x-ms-routing-request-id": "WESTUS2:20220831T225757Z:1d569eb8-8e38-4d8d-93cc-b4cbfff2301f"
      },
      "ResponseBody": {
        "status": "Dequeued"
      }
    },
    {
      "RequestUri": "https://management.azure.com/subscriptions/dec9ed54-2b7f-4476-9bd0-875544af59df/providers/Microsoft.DocumentDB/locations/westus2/operationsStatus/70d602be-8e90-4119-bed0-a05982ddda8f?api-version=2022-05-15",
      "RequestMethod": "GET",
      "RequestHeaders": {
        "Authorization": "Sanitized",
        "traceparent": "00-f3f001ac189e2d40bb90f8011e40bbd4-6321f318aeb61e47-00",
        "User-Agent": "azsdk-net-ResourceManager/1.2.0 (.NET Framework 4.8.4510.0; Microsoft Windows 10.0.22000 )",
        "x-ms-client-request-id": "25c3562e0df6f355e884a87b727e46f7",
        "x-ms-return-client-request-id": "true"
      },
      "RequestBody": null,
      "StatusCode": 200,
      "ResponseHeaders": {
        "Cache-Control": "no-store, no-cache",
        "Content-Length": "22",
        "Content-Type": "application/json",
        "Date": "Wed, 31 Aug 2022 22:58:01 GMT",
        "Pragma": "no-cache",
        "Server": "Microsoft-HTTPAPI/2.0",
        "Strict-Transport-Security": "max-age=31536000; includeSubDomains",
        "X-Content-Type-Options": "nosniff",
        "x-ms-correlation-request-id": "7a78a234-f7f0-4d8a-83cc-e3ff309717c7",
        "x-ms-gatewayversion": "version=2.14.0",
        "x-ms-ratelimit-remaining-subscription-reads": "11942",
        "x-ms-request-id": "7a78a234-f7f0-4d8a-83cc-e3ff309717c7",
        "x-ms-routing-request-id": "WESTUS2:20220831T225801Z:7a78a234-f7f0-4d8a-83cc-e3ff309717c7"
      },
      "ResponseBody": {
        "status": "Succeeded"
      }
    },
    {
      "RequestUri": "https://management.azure.com/subscriptions/dec9ed54-2b7f-4476-9bd0-875544af59df/resourceGroups/dbaccount-5897/providers/Microsoft.DocumentDB/databaseAccounts/dbaccount-8231/sqlDatabases/sql-db-5989/containers/sql-container-2764/triggers/sql-trigger-7801?api-version=2022-05-15",
      "RequestMethod": "GET",
      "RequestHeaders": {
        "Accept": "application/json",
        "Authorization": "Sanitized",
        "traceparent": "00-7e62eb7d4563704aa59d30f8a6216e9d-c3c9f48eb287ff4d-00",
        "User-Agent": "azsdk-net-ResourceManager.CosmosDB/1.1.0-alpha.20220829.1 (.NET Framework 4.8.4510.0; Microsoft Windows 10.0.22000 )",
        "x-ms-client-request-id": "8884ac095768569fb266da210198c79e",
        "x-ms-return-client-request-id": "true"
      },
      "RequestBody": null,
      "StatusCode": 404,
      "ResponseHeaders": {
        "Cache-Control": "no-store, no-cache",
        "Content-Length": "6572",
        "Content-Type": "application/json",
        "Date": "Wed, 31 Aug 2022 22:58:01 GMT",
        "Pragma": "no-cache",
        "Server": "Microsoft-HTTPAPI/2.0",
        "Strict-Transport-Security": "max-age=31536000; includeSubDomains",
        "X-Content-Type-Options": "nosniff",
        "x-ms-correlation-request-id": "48ffbe58-1787-4831-b10d-8cc07788321d",
        "x-ms-gatewayversion": "version=2.14.0",
        "x-ms-ratelimit-remaining-subscription-reads": "11941",
        "x-ms-request-id": "48ffbe58-1787-4831-b10d-8cc07788321d",
        "x-ms-routing-request-id": "WESTUS2:20220831T225801Z:48ffbe58-1787-4831-b10d-8cc07788321d"
      },
      "ResponseBody": {
        "code": "NotFound",
        "message": "Message: {\u0022code\u0022:\u0022NotFound\u0022,\u0022message\u0022:\u0022Message: {\\\u0022Errors\\\u0022:[\\\u0022Resource Not Found. Learn more: https:\\\\/\\\\/aka.ms\\\\/cosmosdb-tsg-not-found\\\u0022]}\\r\\nActivityId: 8884ac09-5768-569f-b266-da210198c79e, Request URI: /apps/f50faba1-c002-4cef-b681-f213f30661a3/services/384a3763-ebcd-4003-ba3b-9a14c36cdbd5/partitions/29d9f33c-4f87-4c4e-a6c2-a7ed123e3947/replicas/133064592032557392s, RequestStats: \\r\\nRequestStartTime: 2022-08-31T22:58:01.8913137Z, RequestEndTime: 2022-08-31T22:58:01.8913137Z,  Number of regions attempted:1\\r\\n{\\\u0022systemHistory\\\u0022:[{\\\u0022dateUtc\\\u0022:\\\u00222022-08-31T22:56:58.6208152Z\\\u0022,\\\u0022cpu\\\u0022:0.180,\\\u0022memory\\\u0022:642712404.000,\\\u0022threadInfo\\\u0022:{\\\u0022isThreadStarving\\\u0022:\\\u0022False\\\u0022,\\\u0022threadWaitIntervalInMs\\\u0022:0.0219,\\\u0022availableThreads\\\u0022:32765,\\\u0022minThreads\\\u0022:64,\\\u0022maxThreads\\\u0022:32767},\\\u0022numberOfOpenTcpConnection\\\u0022:136},{\\\u0022dateUtc\\\u0022:\\\u00222022-08-31T22:57:18.6308814Z\\\u0022,\\\u0022cpu\\\u0022:0.196,\\\u0022memory\\\u0022:642437204.000,\\\u0022threadInfo\\\u0022:{\\\u0022isThreadStarving\\\u0022:\\\u0022False\\\u0022,\\\u0022threadWaitIntervalInMs\\\u0022:0.0219,\\\u0022availableThreads\\\u0022:32765,\\\u0022minThreads\\\u0022:64,\\\u0022maxThreads\\\u0022:32767},\\\u0022numberOfOpenTcpConnection\\\u0022:135},{\\\u0022dateUtc\\\u0022:\\\u00222022-08-31T22:57:28.6409120Z\\\u0022,\\\u0022cpu\\\u0022:2.981,\\\u0022memory\\\u0022:641730464.000,\\\u0022threadInfo\\\u0022:{\\\u0022isThreadStarving\\\u0022:\\\u0022False\\\u0022,\\\u0022threadWaitIntervalInMs\\\u0022:0.0288,\\\u0022availableThreads\\\u0022:32765,\\\u0022minThreads\\\u0022:64,\\\u0022maxThreads\\\u0022:32767},\\\u0022numberOfOpenTcpConnection\\\u0022:135},{\\\u0022dateUtc\\\u0022:\\\u00222022-08-31T22:57:38.6509452Z\\\u0022,\\\u0022cpu\\\u0022:3.250,\\\u0022memory\\\u0022:641681884.000,\\\u0022threadInfo\\\u0022:{\\\u0022isThreadStarving\\\u0022:\\\u0022False\\\u0022,\\\u0022threadWaitIntervalInMs\\\u0022:0.0225,\\\u0022availableThreads\\\u0022:32764,\\\u0022minThreads\\\u0022:64,\\\u0022maxThreads\\\u0022:32767},\\\u0022numberOfOpenTcpConnection\\\u0022:135},{\\\u0022dateUtc\\\u0022:\\\u00222022-08-31T22:57:48.6611142Z\\\u0022,\\\u0022cpu\\\u0022:3.250,\\\u0022memory\\\u0022:641657168.000,\\\u0022threadInfo\\\u0022:{\\\u0022isThreadStarving\\\u0022:\\\u0022False\\\u0022,\\\u0022threadWaitIntervalInMs\\\u0022:0.0431,\\\u0022availableThreads\\\u0022:32764,\\\u0022minThreads\\\u0022:64,\\\u0022maxThreads\\\u0022:32767},\\\u0022numberOfOpenTcpConnection\\\u0022:135},{\\\u0022dateUtc\\\u0022:\\\u00222022-08-31T22:57:58.6712540Z\\\u0022,\\\u0022cpu\\\u0022:1.715,\\\u0022memory\\\u0022:642304212.000,\\\u0022threadInfo\\\u0022:{\\\u0022isThreadStarving\\\u0022:\\\u0022False\\\u0022,\\\u0022threadWaitIntervalInMs\\\u0022:0.0361,\\\u0022availableThreads\\\u0022:32764,\\\u0022minThreads\\\u0022:64,\\\u0022maxThreads\\\u0022:32767},\\\u0022numberOfOpenTcpConnection\\\u0022:135}]}\\r\\nRequestStart: 2022-08-31T22:58:01.8913137Z; ResponseTime: 2022-08-31T22:58:01.8913137Z; StoreResult: StorePhysicalAddress: rntbd://10.0.2.58:14000/apps/f50faba1-c002-4cef-b681-f213f30661a3/services/384a3763-ebcd-4003-ba3b-9a14c36cdbd5/partitions/29d9f33c-4f87-4c4e-a6c2-a7ed123e3947/replicas/133064592032557392s, LSN: 6, GlobalCommittedLsn: 6, PartitionKeyRangeId: 0, IsValid: True, StatusCode: 404, SubStatusCode: 0, RequestCharge: 1, ItemLSN: -1, SessionToken: -1#6, UsingLocalLSN: True, TransportException: null, BELatencyMs: 0.218, ActivityId: 8884ac09-5768-569f-b266-da210198c79e, RetryAfterInMs: , TransportRequestTimeline: {\\\u0022requestTimeline\\\u0022:[{\\\u0022event\\\u0022: \\\u0022Created\\\u0022, \\\u0022startTimeUtc\\\u0022: \\\u00222022-08-31T22:58:01.8913137Z\\\u0022, \\\u0022durationInMs\\\u0022: 0.0102},{\\\u0022event\\\u0022: \\\u0022ChannelAcquisitionStarted\\\u0022, \\\u0022startTimeUtc\\\u0022: \\\u00222022-08-31T22:58:01.8913239Z\\\u0022, \\\u0022durationInMs\\\u0022: 0.0116},{\\\u0022event\\\u0022: \\\u0022Pipelined\\\u0022, \\\u0022startTimeUtc\\\u0022: \\\u00222022-08-31T22:58:01.8913355Z\\\u0022, \\\u0022durationInMs\\\u0022: 0.1255},{\\\u0022event\\\u0022: \\\u0022Transit Time\\\u0022, \\\u0022startTimeUtc\\\u0022: \\\u00222022-08-31T22:58:01.8914610Z\\\u0022, \\\u0022durationInMs\\\u0022: 0.5858},{\\\u0022event\\\u0022: \\\u0022Received\\\u0022, \\\u0022startTimeUtc\\\u0022: \\\u00222022-08-31T22:58:01.8920468Z\\\u0022, \\\u0022durationInMs\\\u0022: 0.0849},{\\\u0022event\\\u0022: \\\u0022Completed\\\u0022, \\\u0022startTimeUtc\\\u0022: \\\u00222022-08-31T22:58:01.8921317Z\\\u0022, \\\u0022durationInMs\\\u0022: 0}],\\\u0022serviceEndpointStats\\\u0022:{\\\u0022inflightRequests\\\u0022:1,\\\u0022openConnections\\\u0022:1},\\\u0022connectionStats\\\u0022:{\\\u0022waitforConnectionInit\\\u0022:\\\u0022False\\\u0022,\\\u0022callsPendingReceive\\\u0022:0,\\\u0022lastSendAttempt\\\u0022:\\\u00222022-08-31T22:57:51.9811394Z\\\u0022,\\\u0022lastSend\\\u0022:\\\u00222022-08-31T22:57:51.9811394Z\\\u0022,\\\u0022lastReceive\\\u0022:\\\u00222022-08-31T22:57:51.9811394Z\\\u0022},\\\u0022requestSizeInBytes\\\u0022:563,\\\u0022responseMetadataSizeInBytes\\\u0022:140,\\\u0022responseBodySizeInBytes\\\u0022:87};\\r\\n ResourceType: Trigger, OperationType: Read\\r\\nRequestStart: 2022-08-31T22:58:01.8913137Z; ResponseTime: 2022-08-31T22:58:01.8913137Z; StoreResult: StorePhysicalAddress: rntbd://10.0.2.21:14000/apps/f50faba1-c002-4cef-b681-f213f30661a3/services/384a3763-ebcd-4003-ba3b-9a14c36cdbd5/partitions/29d9f33c-4f87-4c4e-a6c2-a7ed123e3947/replicas/133064592032557391s, LSN: 6, GlobalCommittedLsn: 6, PartitionKeyRangeId: 0, IsValid: True, StatusCode: 404, SubStatusCode: 0, RequestCharge: 1, ItemLSN: -1, SessionToken: -1#6, UsingLocalLSN: True, TransportException: null, BELatencyMs: 0.279, ActivityId: 8884ac09-5768-569f-b266-da210198c79e, RetryAfterInMs: , TransportRequestTimeline: {\\\u0022requestTimeline\\\u0022:[{\\\u0022event\\\u0022: \\\u0022Created\\\u0022, \\\u0022startTimeUtc\\\u0022: \\\u00222022-08-31T22:58:01.8913137Z\\\u0022, \\\u0022durationInMs\\\u0022: 0.0055},{\\\u0022event\\\u0022: \\\u0022ChannelAcquisitionStarted\\\u0022, \\\u0022startTimeUtc\\\u0022: \\\u00222022-08-31T22:58:01.8913192Z\\\u0022, \\\u0022durationInMs\\\u0022: 0.0055},{\\\u0022event\\\u0022: \\\u0022Pipelined\\\u0022, \\\u0022startTimeUtc\\\u0022: \\\u00222022-08-31T22:58:01.8913247Z\\\u0022, \\\u0022durationInMs\\\u0022: 0.0638},{\\\u0022event\\\u0022: \\\u0022Transit Time\\\u0022, \\\u0022startTimeUtc\\\u0022: \\\u00222022-08-31T22:58:01.8913885Z\\\u0022, \\\u0022durationInMs\\\u0022: 0.738},{\\\u0022event\\\u0022: \\\u0022Received\\\u0022, \\\u0022startTimeUtc\\\u0022: \\\u00222022-08-31T22:58:01.8921265Z\\\u0022, \\\u0022durationInMs\\\u0022: 0.0537},{\\\u0022event\\\u0022: \\\u0022Completed\\\u0022, \\\u0022startTimeUtc\\\u0022: \\\u00222022-08-31T22:58:01.8921802Z\\\u0022, \\\u0022durationInMs\\\u0022: 0}],\\\u0022serviceEndpointStats\\\u0022:{\\\u0022inflightRequests\\\u0022:1,\\\u0022openConnections\\\u0022:1},\\\u0022connectionStats\\\u0022:{\\\u0022waitforConnectionInit\\\u0022:\\\u0022False\\\u0022,\\\u0022callsPendingReceive\\\u0022:0,\\\u0022lastSendAttempt\\\u0022:\\\u00222022-08-31T22:57:41.6309887Z\\\u0022,\\\u0022lastSend\\\u0022:\\\u00222022-08-31T22:57:41.6309887Z\\\u0022,\\\u0022lastReceive\\\u0022:\\\u00222022-08-31T22:57:41.6309887Z\\\u0022},\\\u0022requestSizeInBytes\\\u0022:563,\\\u0022responseMetadataSizeInBytes\\\u0022:140,\\\u0022responseBodySizeInBytes\\\u0022:87};\\r\\n ResourceType: Trigger, OperationType: Read\\r\\n, SDK: Microsoft.Azure.Documents.Common/2.14.0\u0022}, Request URI: /dbs/sql-db-5989/colls/sql-container-2764/triggers/sql-trigger-7801, RequestStats: , SDK: Microsoft.Azure.Documents.Common/2.14.0"
      }
    },
    {
      "RequestUri": "https://management.azure.com/subscriptions/dec9ed54-2b7f-4476-9bd0-875544af59df/resourceGroups/dbaccount-5897/providers/Microsoft.DocumentDB/databaseAccounts/dbaccount-8231/sqlDatabases/sql-db-5989/containers/sql-container-2764/triggers/sql-trigger-7801?api-version=2022-05-15",
      "RequestMethod": "GET",
      "RequestHeaders": {
        "Accept": "application/json",
        "Authorization": "Sanitized",
        "traceparent": "00-85f22df9175ea1409eff093d668926d1-9ffeea08c5b25648-00",
        "User-Agent": "azsdk-net-ResourceManager.CosmosDB/1.1.0-alpha.20220829.1 (.NET Framework 4.8.4510.0; Microsoft Windows 10.0.22000 )",
        "x-ms-client-request-id": "d6ff10d6e6d30e3c4d6d5aeea42c4fbd",
        "x-ms-return-client-request-id": "true"
      },
      "RequestBody": null,
      "StatusCode": 404,
      "ResponseHeaders": {
        "Cache-Control": "no-store, no-cache",
        "Content-Length": "6573",
        "Content-Type": "application/json",
        "Date": "Wed, 31 Aug 2022 22:58:01 GMT",
        "Pragma": "no-cache",
        "Server": "Microsoft-HTTPAPI/2.0",
        "Strict-Transport-Security": "max-age=31536000; includeSubDomains",
        "X-Content-Type-Options": "nosniff",
        "x-ms-correlation-request-id": "2d9dd612-a8e5-4bc9-956a-9a7bf449cdde",
        "x-ms-gatewayversion": "version=2.14.0",
        "x-ms-ratelimit-remaining-subscription-reads": "11940",
        "x-ms-request-id": "2d9dd612-a8e5-4bc9-956a-9a7bf449cdde",
        "x-ms-routing-request-id": "WESTUS2:20220831T225802Z:2d9dd612-a8e5-4bc9-956a-9a7bf449cdde"
      },
      "ResponseBody": {
        "code": "NotFound",
        "message": "Message: {\u0022code\u0022:\u0022NotFound\u0022,\u0022message\u0022:\u0022Message: {\\\u0022Errors\\\u0022:[\\\u0022Resource Not Found. Learn more: https:\\\\/\\\\/aka.ms\\\\/cosmosdb-tsg-not-found\\\u0022]}\\r\\nActivityId: d6ff10d6-e6d3-0e3c-4d6d-5aeea42c4fbd, Request URI: /apps/f50faba1-c002-4cef-b681-f213f30661a3/services/384a3763-ebcd-4003-ba3b-9a14c36cdbd5/partitions/29d9f33c-4f87-4c4e-a6c2-a7ed123e3947/replicas/133064592032557392s, RequestStats: \\r\\nRequestStartTime: 2022-08-31T22:58:02.0313173Z, RequestEndTime: 2022-08-31T22:58:02.0313173Z,  Number of regions attempted:1\\r\\n{\\\u0022systemHistory\\\u0022:[{\\\u0022dateUtc\\\u0022:\\\u00222022-08-31T22:56:58.6208152Z\\\u0022,\\\u0022cpu\\\u0022:0.180,\\\u0022memory\\\u0022:642712404.000,\\\u0022threadInfo\\\u0022:{\\\u0022isThreadStarving\\\u0022:\\\u0022False\\\u0022,\\\u0022threadWaitIntervalInMs\\\u0022:0.0219,\\\u0022availableThreads\\\u0022:32765,\\\u0022minThreads\\\u0022:64,\\\u0022maxThreads\\\u0022:32767},\\\u0022numberOfOpenTcpConnection\\\u0022:136},{\\\u0022dateUtc\\\u0022:\\\u00222022-08-31T22:57:18.6308814Z\\\u0022,\\\u0022cpu\\\u0022:0.196,\\\u0022memory\\\u0022:642437204.000,\\\u0022threadInfo\\\u0022:{\\\u0022isThreadStarving\\\u0022:\\\u0022False\\\u0022,\\\u0022threadWaitIntervalInMs\\\u0022:0.0219,\\\u0022availableThreads\\\u0022:32765,\\\u0022minThreads\\\u0022:64,\\\u0022maxThreads\\\u0022:32767},\\\u0022numberOfOpenTcpConnection\\\u0022:135},{\\\u0022dateUtc\\\u0022:\\\u00222022-08-31T22:57:28.6409120Z\\\u0022,\\\u0022cpu\\\u0022:2.981,\\\u0022memory\\\u0022:641730464.000,\\\u0022threadInfo\\\u0022:{\\\u0022isThreadStarving\\\u0022:\\\u0022False\\\u0022,\\\u0022threadWaitIntervalInMs\\\u0022:0.0288,\\\u0022availableThreads\\\u0022:32765,\\\u0022minThreads\\\u0022:64,\\\u0022maxThreads\\\u0022:32767},\\\u0022numberOfOpenTcpConnection\\\u0022:135},{\\\u0022dateUtc\\\u0022:\\\u00222022-08-31T22:57:38.6509452Z\\\u0022,\\\u0022cpu\\\u0022:3.250,\\\u0022memory\\\u0022:641681884.000,\\\u0022threadInfo\\\u0022:{\\\u0022isThreadStarving\\\u0022:\\\u0022False\\\u0022,\\\u0022threadWaitIntervalInMs\\\u0022:0.0225,\\\u0022availableThreads\\\u0022:32764,\\\u0022minThreads\\\u0022:64,\\\u0022maxThreads\\\u0022:32767},\\\u0022numberOfOpenTcpConnection\\\u0022:135},{\\\u0022dateUtc\\\u0022:\\\u00222022-08-31T22:57:48.6611142Z\\\u0022,\\\u0022cpu\\\u0022:3.250,\\\u0022memory\\\u0022:641657168.000,\\\u0022threadInfo\\\u0022:{\\\u0022isThreadStarving\\\u0022:\\\u0022False\\\u0022,\\\u0022threadWaitIntervalInMs\\\u0022:0.0431,\\\u0022availableThreads\\\u0022:32764,\\\u0022minThreads\\\u0022:64,\\\u0022maxThreads\\\u0022:32767},\\\u0022numberOfOpenTcpConnection\\\u0022:135},{\\\u0022dateUtc\\\u0022:\\\u00222022-08-31T22:57:58.6712540Z\\\u0022,\\\u0022cpu\\\u0022:1.715,\\\u0022memory\\\u0022:642304212.000,\\\u0022threadInfo\\\u0022:{\\\u0022isThreadStarving\\\u0022:\\\u0022False\\\u0022,\\\u0022threadWaitIntervalInMs\\\u0022:0.0361,\\\u0022availableThreads\\\u0022:32764,\\\u0022minThreads\\\u0022:64,\\\u0022maxThreads\\\u0022:32767},\\\u0022numberOfOpenTcpConnection\\\u0022:135}]}\\r\\nRequestStart: 2022-08-31T22:58:02.0313173Z; ResponseTime: 2022-08-31T22:58:02.0313173Z; StoreResult: StorePhysicalAddress: rntbd://10.0.2.58:14000/apps/f50faba1-c002-4cef-b681-f213f30661a3/services/384a3763-ebcd-4003-ba3b-9a14c36cdbd5/partitions/29d9f33c-4f87-4c4e-a6c2-a7ed123e3947/replicas/133064592032557392s, LSN: 6, GlobalCommittedLsn: 6, PartitionKeyRangeId: 0, IsValid: True, StatusCode: 404, SubStatusCode: 0, RequestCharge: 1, ItemLSN: -1, SessionToken: -1#6, UsingLocalLSN: True, TransportException: null, BELatencyMs: 0.217, ActivityId: d6ff10d6-e6d3-0e3c-4d6d-5aeea42c4fbd, RetryAfterInMs: , TransportRequestTimeline: {\\\u0022requestTimeline\\\u0022:[{\\\u0022event\\\u0022: \\\u0022Created\\\u0022, \\\u0022startTimeUtc\\\u0022: \\\u00222022-08-31T22:58:02.0313173Z\\\u0022, \\\u0022durationInMs\\\u0022: 0.0089},{\\\u0022event\\\u0022: \\\u0022ChannelAcquisitionStarted\\\u0022, \\\u0022startTimeUtc\\\u0022: \\\u00222022-08-31T22:58:02.0313262Z\\\u0022, \\\u0022durationInMs\\\u0022: 0.0025},{\\\u0022event\\\u0022: \\\u0022Pipelined\\\u0022, \\\u0022startTimeUtc\\\u0022: \\\u00222022-08-31T22:58:02.0313287Z\\\u0022, \\\u0022durationInMs\\\u0022: 0.1204},{\\\u0022event\\\u0022: \\\u0022Transit Time\\\u0022, \\\u0022startTimeUtc\\\u0022: \\\u00222022-08-31T22:58:02.0314491Z\\\u0022, \\\u0022durationInMs\\\u0022: 0.5128},{\\\u0022event\\\u0022: \\\u0022Received\\\u0022, \\\u0022startTimeUtc\\\u0022: \\\u00222022-08-31T22:58:02.0319619Z\\\u0022, \\\u0022durationInMs\\\u0022: 0.0914},{\\\u0022event\\\u0022: \\\u0022Completed\\\u0022, \\\u0022startTimeUtc\\\u0022: \\\u00222022-08-31T22:58:02.0320533Z\\\u0022, \\\u0022durationInMs\\\u0022: 0}],\\\u0022serviceEndpointStats\\\u0022:{\\\u0022inflightRequests\\\u0022:1,\\\u0022openConnections\\\u0022:1},\\\u0022connectionStats\\\u0022:{\\\u0022waitforConnectionInit\\\u0022:\\\u0022False\\\u0022,\\\u0022callsPendingReceive\\\u0022:0,\\\u0022lastSendAttempt\\\u0022:\\\u00222022-08-31T22:58:01.8913137Z\\\u0022,\\\u0022lastSend\\\u0022:\\\u00222022-08-31T22:58:01.8913137Z\\\u0022,\\\u0022lastReceive\\\u0022:\\\u00222022-08-31T22:58:01.8913137Z\\\u0022},\\\u0022requestSizeInBytes\\\u0022:563,\\\u0022responseMetadataSizeInBytes\\\u0022:140,\\\u0022responseBodySizeInBytes\\\u0022:87};\\r\\n ResourceType: Trigger, OperationType: Read\\r\\nRequestStart: 2022-08-31T22:58:02.0313173Z; ResponseTime: 2022-08-31T22:58:02.0313173Z; StoreResult: StorePhysicalAddress: rntbd://10.0.2.21:14000/apps/f50faba1-c002-4cef-b681-f213f30661a3/services/384a3763-ebcd-4003-ba3b-9a14c36cdbd5/partitions/29d9f33c-4f87-4c4e-a6c2-a7ed123e3947/replicas/133064592032557391s, LSN: 6, GlobalCommittedLsn: 6, PartitionKeyRangeId: 0, IsValid: True, StatusCode: 404, SubStatusCode: 0, RequestCharge: 1, ItemLSN: -1, SessionToken: -1#6, UsingLocalLSN: True, TransportException: null, BELatencyMs: 0.194, ActivityId: d6ff10d6-e6d3-0e3c-4d6d-5aeea42c4fbd, RetryAfterInMs: , TransportRequestTimeline: {\\\u0022requestTimeline\\\u0022:[{\\\u0022event\\\u0022: \\\u0022Created\\\u0022, \\\u0022startTimeUtc\\\u0022: \\\u00222022-08-31T22:58:02.0313173Z\\\u0022, \\\u0022durationInMs\\\u0022: 0.0051},{\\\u0022event\\\u0022: \\\u0022ChannelAcquisitionStarted\\\u0022, \\\u0022startTimeUtc\\\u0022: \\\u00222022-08-31T22:58:02.0313224Z\\\u0022, \\\u0022durationInMs\\\u0022: 0.0015},{\\\u0022event\\\u0022: \\\u0022Pipelined\\\u0022, \\\u0022startTimeUtc\\\u0022: \\\u00222022-08-31T22:58:02.0313239Z\\\u0022, \\\u0022durationInMs\\\u0022: 0.0609},{\\\u0022event\\\u0022: \\\u0022Transit Time\\\u0022, \\\u0022startTimeUtc\\\u0022: \\\u00222022-08-31T22:58:02.0313848Z\\\u0022, \\\u0022durationInMs\\\u0022: 0.5989},{\\\u0022event\\\u0022: \\\u0022Received\\\u0022, \\\u0022startTimeUtc\\\u0022: \\\u00222022-08-31T22:58:02.0319837Z\\\u0022, \\\u0022durationInMs\\\u0022: 0.0528},{\\\u0022event\\\u0022: \\\u0022Completed\\\u0022, \\\u0022startTimeUtc\\\u0022: \\\u00222022-08-31T22:58:02.0320365Z\\\u0022, \\\u0022durationInMs\\\u0022: 0}],\\\u0022serviceEndpointStats\\\u0022:{\\\u0022inflightRequests\\\u0022:1,\\\u0022openConnections\\\u0022:1},\\\u0022connectionStats\\\u0022:{\\\u0022waitforConnectionInit\\\u0022:\\\u0022False\\\u0022,\\\u0022callsPendingReceive\\\u0022:0,\\\u0022lastSendAttempt\\\u0022:\\\u00222022-08-31T22:58:01.8913137Z\\\u0022,\\\u0022lastSend\\\u0022:\\\u00222022-08-31T22:58:01.8913137Z\\\u0022,\\\u0022lastReceive\\\u0022:\\\u00222022-08-31T22:58:01.8913137Z\\\u0022},\\\u0022requestSizeInBytes\\\u0022:563,\\\u0022responseMetadataSizeInBytes\\\u0022:140,\\\u0022responseBodySizeInBytes\\\u0022:87};\\r\\n ResourceType: Trigger, OperationType: Read\\r\\n, SDK: Microsoft.Azure.Documents.Common/2.14.0\u0022}, Request URI: /dbs/sql-db-5989/colls/sql-container-2764/triggers/sql-trigger-7801, RequestStats: , SDK: Microsoft.Azure.Documents.Common/2.14.0"
      }
    }
  ],
  "Variables": {
    "AZURE_AUTHORITY_HOST": "https://login.microsoftonline.com",
    "RandomSeed": "654554890",
    "RESOURCE_MANAGER_URL": null,
    "SUBSCRIPTION_ID": "dec9ed54-2b7f-4476-9bd0-875544af59df"
  }
}
