{
  "Entries": [
    {
      "RequestUri": "https://storagedoctranslator.blob.core.windows.net/source317602543?restype=container",
      "RequestMethod": "PUT",
      "RequestHeaders": {
        "Authorization": "Sanitized",
        "traceparent": "00-17d57f4881d80046945c3772cd65d2c7-e92103ea97169048-00",
        "User-Agent": "azsdk-net-Storage.Blobs/12.8.0 (.NET Framework 4.8.4300.0; Microsoft Windows 10.0.19043 )",
        "x-ms-blob-public-access": "container",
        "x-ms-client-request-id": "ab5814afaff8957adcbde78e3c863dfa",
        "x-ms-date": "Wed, 04 Aug 2021 20:31:39 GMT",
        "x-ms-return-client-request-id": "true",
        "x-ms-version": "2020-04-08"
      },
      "RequestBody": null,
      "StatusCode": 201,
      "ResponseHeaders": {
        "Content-Length": "0",
        "Date": "Wed, 04 Aug 2021 20:31:39 GMT",
        "ETag": "\u00220x8D95786DD60AD91\u0022",
        "Last-Modified": "Wed, 04 Aug 2021 20:31:40 GMT",
        "Server": "Windows-Azure-Blob/1.0 Microsoft-HTTPAPI/2.0",
        "x-ms-client-request-id": "ab5814afaff8957adcbde78e3c863dfa",
        "x-ms-request-id": "05282bbe-a01e-003b-296f-896135000000",
        "x-ms-version": "2020-04-08"
      },
      "ResponseBody": []
    },
    {
      "RequestUri": "https://storagedoctranslator.blob.core.windows.net/source317602543/File_0.txt",
      "RequestMethod": "PUT",
      "RequestHeaders": {
        "Authorization": "Sanitized",
        "Content-Length": "16",
        "If-None-Match": "*",
        "traceparent": "00-3732a05269e76c4d9b522450f1deae5d-ce0db5368f183f48-00",
        "User-Agent": "azsdk-net-Storage.Blobs/12.8.0 (.NET Framework 4.8.4300.0; Microsoft Windows 10.0.19043 )",
        "x-ms-blob-type": "BlockBlob",
        "x-ms-client-request-id": "5467b7ecb173ad8566ae54bd05391a3c",
        "x-ms-date": "Wed, 04 Aug 2021 20:31:39 GMT",
        "x-ms-return-client-request-id": "true",
        "x-ms-version": "2020-04-08"
      },
      "RequestBody": "c29tZSByYW5kb20gdGV4dA==",
      "StatusCode": 201,
      "ResponseHeaders": {
        "Content-Length": "0",
        "Content-MD5": "B2caA4wOtDcj1CFpOwc8Ow==",
        "Date": "Wed, 04 Aug 2021 20:31:39 GMT",
        "ETag": "\u00220x8D95786DDAECCB8\u0022",
        "Last-Modified": "Wed, 04 Aug 2021 20:31:40 GMT",
        "Server": "Windows-Azure-Blob/1.0 Microsoft-HTTPAPI/2.0",
        "x-ms-client-request-id": "5467b7ecb173ad8566ae54bd05391a3c",
        "x-ms-content-crc64": "fxwoBBSnywc=",
        "x-ms-request-id": "05282c4e-a01e-003b-176f-896135000000",
        "x-ms-request-server-encrypted": "true",
        "x-ms-version": "2020-04-08"
      },
      "ResponseBody": []
    },
    {
      "RequestUri": "https://storagedoctranslator.blob.core.windows.net/target123362359?restype=container",
      "RequestMethod": "PUT",
      "RequestHeaders": {
        "Authorization": "Sanitized",
        "traceparent": "00-da5e19c8e69270498a622f76e53f11c4-cb79bbe029d20a47-00",
        "User-Agent": "azsdk-net-Storage.Blobs/12.8.0 (.NET Framework 4.8.4300.0; Microsoft Windows 10.0.19043 )",
        "x-ms-blob-public-access": "container",
        "x-ms-client-request-id": "14a7d2ed197afecad0a3a46c7eae3890",
        "x-ms-date": "Wed, 04 Aug 2021 20:31:40 GMT",
        "x-ms-return-client-request-id": "true",
        "x-ms-version": "2020-04-08"
      },
      "RequestBody": null,
      "StatusCode": 201,
      "ResponseHeaders": {
        "Content-Length": "0",
        "Date": "Wed, 04 Aug 2021 20:31:39 GMT",
        "ETag": "\u00220x8D95786DDD46BD1\u0022",
        "Last-Modified": "Wed, 04 Aug 2021 20:31:40 GMT",
        "Server": "Windows-Azure-Blob/1.0 Microsoft-HTTPAPI/2.0",
        "x-ms-client-request-id": "14a7d2ed197afecad0a3a46c7eae3890",
        "x-ms-request-id": "05282d45-a01e-003b-5f6f-896135000000",
        "x-ms-version": "2020-04-08"
      },
      "ResponseBody": []
    },
    {
      "RequestUri": "https://r-doctranslator.cognitiveservices.azure.com/translator/text/batch/v1.0/batches",
      "RequestMethod": "POST",
      "RequestHeaders": {
        "Accept": "application/json",
        "Content-Length": "103",
        "Content-Type": "application/json",
        "Ocp-Apim-Subscription-Key": "Sanitized",
        "traceparent": "00-06e26591139fda45b410910c3540f615-0487138bd6cf224f-00",
        "User-Agent": "azsdk-net-AI.Translation.Document/1.0.0-alpha.20210804.1 (.NET Framework 4.8.4300.0; Microsoft Windows 10.0.19043 )",
        "x-ms-client-request-id": "3e62ed3d7be68ffdaa454a5bbc8fa2a2",
        "x-ms-return-client-request-id": "true"
      },
      "RequestBody": {
        "inputs": [
          {
            "source": {
              "sourceUrl": "Sanitized"
            },
            "targets": [
              {
                "targetUrl": "Sanitized",
                "language": "fr"
              }
            ]
          }
        ]
      },
      "StatusCode": 202,
      "ResponseHeaders": {
        "apim-request-id": "87e523b8-c67f-41d8-a8b2-ca6f5838ab66",
        "Content-Length": "0",
        "Date": "Wed, 04 Aug 2021 20:31:40 GMT",
        "Operation-Location": "https://r-doctranslator.cognitiveservices.azure.com/translator/text/batch/v1.0/batches/4fd4f892-ac98-445b-9e2e-6dec4bd0ee53",
        "Set-Cookie": [
          "ARRAffinity=71659a59bc7ec5e68f754ab1110af7204cc0a6ca9121108e19aeec14032c3bc4;Path=/;HttpOnly;Secure;Domain=mtbatch.nam.microsofttranslator.com",
          "ARRAffinitySameSite=71659a59bc7ec5e68f754ab1110af7204cc0a6ca9121108e19aeec14032c3bc4;Path=/;HttpOnly;SameSite=None;Secure;Domain=mtbatch.nam.microsofttranslator.com"
        ],
        "Strict-Transport-Security": "max-age=31536000; includeSubDomains; preload",
        "x-content-type-options": "nosniff",
        "X-Powered-By": "ASP.NET",
        "X-RequestId": "87e523b8-c67f-41d8-a8b2-ca6f5838ab66"
      },
      "ResponseBody": []
    },
    {
      "RequestUri": "https://r-doctranslator.cognitiveservices.azure.com/translator/text/batch/v1.0/batches/4fd4f892-ac98-445b-9e2e-6dec4bd0ee53",
      "RequestMethod": "GET",
      "RequestHeaders": {
        "Accept": "application/json",
        "Ocp-Apim-Subscription-Key": "Sanitized",
        "User-Agent": "azsdk-net-AI.Translation.Document/1.0.0-alpha.20210804.1 (.NET Framework 4.8.4300.0; Microsoft Windows 10.0.19043 )",
        "x-ms-client-request-id": "b34e57abe5969e729c55a30ee041e700",
        "x-ms-return-client-request-id": "true"
      },
      "RequestBody": null,
      "StatusCode": 200,
      "ResponseHeaders": {
        "apim-request-id": "09b81fb6-cdcf-475c-8573-459f7dd314f6",
        "Cache-Control": [
          "public",
          "max-age=1"
        ],
        "Content-Type": "application/json; charset=utf-8",
        "Date": "Wed, 04 Aug 2021 20:31:41 GMT",
        "ETag": "\u0022DADEAF80BFB292581EF7A17CCEACA0F72411F69B060F7FAB36F577C031F34534\u0022",
        "Retry-After": "1",
        "Set-Cookie": [
          "ARRAffinity=d5311be9a7eee70fefb806f1e2337cdd19ccc651d9ba4b6954f0949b8feead5f;Path=/;HttpOnly;Secure;Domain=mtbatch.nam.microsofttranslator.com",
          "ARRAffinitySameSite=d5311be9a7eee70fefb806f1e2337cdd19ccc651d9ba4b6954f0949b8feead5f;Path=/;HttpOnly;SameSite=None;Secure;Domain=mtbatch.nam.microsofttranslator.com"
        ],
        "Strict-Transport-Security": "max-age=31536000; includeSubDomains; preload",
        "Transfer-Encoding": "chunked",
        "x-content-type-options": "nosniff",
        "X-Powered-By": "ASP.NET",
        "X-RequestId": "09b81fb6-cdcf-475c-8573-459f7dd314f6"
      },
      "ResponseBody": {
        "id": "4fd4f892-ac98-445b-9e2e-6dec4bd0ee53",
        "createdDateTimeUtc": "2021-08-04T20:31:41.3401888Z",
        "lastActionDateTimeUtc": "2021-08-04T20:31:41.3401891Z",
        "status": "NotStarted",
        "summary": {
          "total": 0,
          "failed": 0,
          "success": 0,
          "inProgress": 0,
          "notYetStarted": 0,
          "cancelled": 0,
          "totalCharacterCharged": 0
        }
      }
    },
    {
      "RequestUri": "https://r-doctranslator.cognitiveservices.azure.com/translator/text/batch/v1.0/batches/4fd4f892-ac98-445b-9e2e-6dec4bd0ee53",
      "RequestMethod": "GET",
      "RequestHeaders": {
        "Accept": "application/json",
        "Ocp-Apim-Subscription-Key": "Sanitized",
        "User-Agent": "azsdk-net-AI.Translation.Document/1.0.0-alpha.20210804.1 (.NET Framework 4.8.4300.0; Microsoft Windows 10.0.19043 )",
        "x-ms-client-request-id": "4cc82d1bfdb87250d4186935ce6f4141",
        "x-ms-return-client-request-id": "true"
      },
      "RequestBody": null,
      "StatusCode": 200,
      "ResponseHeaders": {
        "apim-request-id": "667ebdcc-24d0-49f0-8410-df7c60f54c8e",
        "Cache-Control": [
          "public",
          "max-age=1"
        ],
        "Content-Type": "application/json; charset=utf-8",
        "Date": "Wed, 04 Aug 2021 20:31:42 GMT",
        "ETag": "\u00220EF1DF92F863CEBC5E930C1E5D5E5E64BC3715267F67FA72DCFF4C677ECEE2D8\u0022",
        "Retry-After": "1",
        "Set-Cookie": [
          "ARRAffinity=71659a59bc7ec5e68f754ab1110af7204cc0a6ca9121108e19aeec14032c3bc4;Path=/;HttpOnly;Secure;Domain=mtbatch.nam.microsofttranslator.com",
          "ARRAffinitySameSite=71659a59bc7ec5e68f754ab1110af7204cc0a6ca9121108e19aeec14032c3bc4;Path=/;HttpOnly;SameSite=None;Secure;Domain=mtbatch.nam.microsofttranslator.com"
        ],
        "Strict-Transport-Security": "max-age=31536000; includeSubDomains; preload",
        "Transfer-Encoding": "chunked",
        "x-content-type-options": "nosniff",
        "X-Powered-By": "ASP.NET",
        "X-RequestId": "667ebdcc-24d0-49f0-8410-df7c60f54c8e"
      },
      "ResponseBody": {
        "id": "4fd4f892-ac98-445b-9e2e-6dec4bd0ee53",
        "createdDateTimeUtc": "2021-08-04T20:31:41.3401888Z",
        "lastActionDateTimeUtc": "2021-08-04T20:31:41.6054541Z",
        "status": "NotStarted",
        "summary": {
          "total": 1,
          "failed": 0,
          "success": 0,
          "inProgress": 0,
          "notYetStarted": 1,
          "cancelled": 0,
          "totalCharacterCharged": 0
        }
      }
    },
    {
      "RequestUri": "https://r-doctranslator.cognitiveservices.azure.com/translator/text/batch/v1.0/batches/4fd4f892-ac98-445b-9e2e-6dec4bd0ee53",
      "RequestMethod": "GET",
      "RequestHeaders": {
        "Accept": "application/json",
        "Ocp-Apim-Subscription-Key": "Sanitized",
        "User-Agent": "azsdk-net-AI.Translation.Document/1.0.0-alpha.20210804.1 (.NET Framework 4.8.4300.0; Microsoft Windows 10.0.19043 )",
        "x-ms-client-request-id": "26c00101845f57fa7bc4a190d8efae68",
        "x-ms-return-client-request-id": "true"
      },
      "RequestBody": null,
      "StatusCode": 200,
      "ResponseHeaders": {
        "apim-request-id": "b5d86cfb-c700-486e-a55d-186b57e76da8",
        "Cache-Control": [
          "public",
          "max-age=1"
        ],
        "Content-Type": "application/json; charset=utf-8",
        "Date": "Wed, 04 Aug 2021 20:31:43 GMT",
        "ETag": "\u00228C809C8F528FEBEC2DF343AD75A26A985F014F592CB4259D0D24076721BE5027\u0022",
        "Retry-After": "1",
        "Set-Cookie": [
          "ARRAffinity=d5311be9a7eee70fefb806f1e2337cdd19ccc651d9ba4b6954f0949b8feead5f;Path=/;HttpOnly;Secure;Domain=mtbatch.nam.microsofttranslator.com",
          "ARRAffinitySameSite=d5311be9a7eee70fefb806f1e2337cdd19ccc651d9ba4b6954f0949b8feead5f;Path=/;HttpOnly;SameSite=None;Secure;Domain=mtbatch.nam.microsofttranslator.com"
        ],
        "Strict-Transport-Security": "max-age=31536000; includeSubDomains; preload",
        "Transfer-Encoding": "chunked",
        "x-content-type-options": "nosniff",
        "X-Powered-By": "ASP.NET",
        "X-RequestId": "b5d86cfb-c700-486e-a55d-186b57e76da8"
      },
      "ResponseBody": {
        "id": "4fd4f892-ac98-445b-9e2e-6dec4bd0ee53",
        "createdDateTimeUtc": "2021-08-04T20:31:41.3401888Z",
        "lastActionDateTimeUtc": "2021-08-04T20:31:43.2981058Z",
        "status": "Running",
        "summary": {
          "total": 1,
          "failed": 0,
          "success": 0,
          "inProgress": 1,
          "notYetStarted": 0,
          "cancelled": 0,
          "totalCharacterCharged": 0
        }
      }
    },
    {
      "RequestUri": "https://r-doctranslator.cognitiveservices.azure.com/translator/text/batch/v1.0/batches/4fd4f892-ac98-445b-9e2e-6dec4bd0ee53",
      "RequestMethod": "GET",
      "RequestHeaders": {
        "Accept": "application/json",
        "Ocp-Apim-Subscription-Key": "Sanitized",
        "User-Agent": "azsdk-net-AI.Translation.Document/1.0.0-alpha.20210804.1 (.NET Framework 4.8.4300.0; Microsoft Windows 10.0.19043 )",
        "x-ms-client-request-id": "8f404a5d55c7adea06dcdf7d7b3ccf2d",
        "x-ms-return-client-request-id": "true"
      },
      "RequestBody": null,
      "StatusCode": 200,
      "ResponseHeaders": {
        "apim-request-id": "4f7618d6-c66d-4600-b31c-a3804bb611a1",
        "Cache-Control": [
          "public",
          "max-age=1"
        ],
        "Content-Type": "application/json; charset=utf-8",
        "Date": "Wed, 04 Aug 2021 20:31:44 GMT",
        "ETag": "\u00228C809C8F528FEBEC2DF343AD75A26A985F014F592CB4259D0D24076721BE5027\u0022",
        "Retry-After": "1",
        "Set-Cookie": [
          "ARRAffinity=71659a59bc7ec5e68f754ab1110af7204cc0a6ca9121108e19aeec14032c3bc4;Path=/;HttpOnly;Secure;Domain=mtbatch.nam.microsofttranslator.com",
          "ARRAffinitySameSite=71659a59bc7ec5e68f754ab1110af7204cc0a6ca9121108e19aeec14032c3bc4;Path=/;HttpOnly;SameSite=None;Secure;Domain=mtbatch.nam.microsofttranslator.com"
        ],
        "Strict-Transport-Security": "max-age=31536000; includeSubDomains; preload",
        "Transfer-Encoding": "chunked",
        "x-content-type-options": "nosniff",
        "X-Powered-By": "ASP.NET",
        "X-RequestId": "4f7618d6-c66d-4600-b31c-a3804bb611a1"
      },
      "ResponseBody": {
        "id": "4fd4f892-ac98-445b-9e2e-6dec4bd0ee53",
        "createdDateTimeUtc": "2021-08-04T20:31:41.3401888Z",
        "lastActionDateTimeUtc": "2021-08-04T20:31:43.2981058Z",
        "status": "Running",
        "summary": {
          "total": 1,
          "failed": 0,
          "success": 0,
          "inProgress": 1,
          "notYetStarted": 0,
          "cancelled": 0,
          "totalCharacterCharged": 0
        }
      }
    },
    {
      "RequestUri": "https://r-doctranslator.cognitiveservices.azure.com/translator/text/batch/v1.0/batches/4fd4f892-ac98-445b-9e2e-6dec4bd0ee53",
      "RequestMethod": "GET",
      "RequestHeaders": {
        "Accept": "application/json",
        "Ocp-Apim-Subscription-Key": "Sanitized",
        "User-Agent": "azsdk-net-AI.Translation.Document/1.0.0-alpha.20210804.1 (.NET Framework 4.8.4300.0; Microsoft Windows 10.0.19043 )",
        "x-ms-client-request-id": "de0c6113c18096a03370d1f35cbf99e4",
        "x-ms-return-client-request-id": "true"
      },
      "RequestBody": null,
      "StatusCode": 200,
      "ResponseHeaders": {
        "apim-request-id": "a567f06d-d841-4fd4-b4ff-d4cb6b656992",
        "Cache-Control": [
          "public",
          "max-age=1"
        ],
        "Content-Length": "292",
        "Content-Type": "application/json; charset=utf-8",
        "Date": "Wed, 04 Aug 2021 20:31:46 GMT",
        "ETag": "\u00223AE96FCD740C3CC5FDFAF35EC7E9EF44674139760863E2452391CA9B1E7B85A8\u0022",
        "Retry-After": "1",
        "Set-Cookie": [
          "ARRAffinity=d5311be9a7eee70fefb806f1e2337cdd19ccc651d9ba4b6954f0949b8feead5f;Path=/;HttpOnly;Secure;Domain=mtbatch.nam.microsofttranslator.com",
          "ARRAffinitySameSite=d5311be9a7eee70fefb806f1e2337cdd19ccc651d9ba4b6954f0949b8feead5f;Path=/;HttpOnly;SameSite=None;Secure;Domain=mtbatch.nam.microsofttranslator.com"
        ],
        "Strict-Transport-Security": "max-age=31536000; includeSubDomains; preload",
        "x-content-type-options": "nosniff",
        "X-Powered-By": "ASP.NET",
        "X-RequestId": "a567f06d-d841-4fd4-b4ff-d4cb6b656992"
      },
      "ResponseBody": {
        "id": "4fd4f892-ac98-445b-9e2e-6dec4bd0ee53",
        "createdDateTimeUtc": "2021-08-04T20:31:41.3401888Z",
        "lastActionDateTimeUtc": "2021-08-04T20:31:43.2981058Z",
        "status": "Succeeded",
        "summary": {
          "total": 1,
          "failed": 0,
          "success": 1,
          "inProgress": 0,
          "notYetStarted": 0,
          "cancelled": 0,
          "totalCharacterCharged": 16
        }
      }
    },
    {
      "RequestUri": "https://r-doctranslator.cognitiveservices.azure.com/translator/text/batch/v1.0/batches/4fd4f892-ac98-445b-9e2e-6dec4bd0ee53/documents",
      "RequestMethod": "GET",
      "RequestHeaders": {
        "Accept": "application/json",
        "Ocp-Apim-Subscription-Key": "Sanitized",
        "User-Agent": "azsdk-net-AI.Translation.Document/1.0.0-alpha.20210804.1 (.NET Framework 4.8.4300.0; Microsoft Windows 10.0.19043 )",
        "x-ms-client-request-id": "84d70069b22eab7a17121f83a57cdb3e",
        "x-ms-return-client-request-id": "true"
      },
      "RequestBody": null,
      "StatusCode": 200,
      "ResponseHeaders": {
        "apim-request-id": "63d8676e-751e-4337-ad0f-d42f7f7b9b13",
        "Cache-Control": [
          "public",
          "max-age=1"
        ],
        "Content-Type": "application/json; charset=utf-8",
        "Date": "Wed, 04 Aug 2021 20:31:46 GMT",
        "ETag": "\u0022ABCDD18E87B52B5EFFE63EDBE17C9714EACA8B72480A9582119E7A7C12046BB6\u0022",
        "Retry-After": "1",
        "Set-Cookie": [
          "ARRAffinity=71659a59bc7ec5e68f754ab1110af7204cc0a6ca9121108e19aeec14032c3bc4;Path=/;HttpOnly;Secure;Domain=mtbatch.nam.microsofttranslator.com",
          "ARRAffinitySameSite=71659a59bc7ec5e68f754ab1110af7204cc0a6ca9121108e19aeec14032c3bc4;Path=/;HttpOnly;SameSite=None;Secure;Domain=mtbatch.nam.microsofttranslator.com"
        ],
        "Strict-Transport-Security": "max-age=31536000; includeSubDomains; preload",
        "Transfer-Encoding": "chunked",
        "x-content-type-options": "nosniff",
        "X-Powered-By": "ASP.NET",
        "X-RequestId": "63d8676e-751e-4337-ad0f-d42f7f7b9b13"
      },
      "ResponseBody": {
        "value": [
          {
            "path": "https://storagedoctranslator.blob.core.windows.net/target123362359/File_0.txt",
            "sourcePath": "https://storagedoctranslator.blob.core.windows.net/source317602543/File_0.txt",
            "createdDateTimeUtc": "2021-08-04T20:31:43.0112405Z",
            "lastActionDateTimeUtc": "2021-08-04T20:31:45.4475824Z",
            "status": "Succeeded",
            "to": "fr",
            "progress": 1,
            "id": "000a53ee-0000-0000-0000-000000000000",
            "characterCharged": 16
          }
        ]
      }
    },
    {
      "RequestUri": "https://storagedoctranslator.blob.core.windows.net/source123007989?restype=container",
      "RequestMethod": "PUT",
      "RequestHeaders": {
        "Authorization": "Sanitized",
        "traceparent": "00-01086216d1c6634d877ef72a251bfef6-2518da5755580a4f-00",
        "User-Agent": "azsdk-net-Storage.Blobs/12.8.0 (.NET Framework 4.8.4300.0; Microsoft Windows 10.0.19043 )",
        "x-ms-blob-public-access": "container",
        "x-ms-client-request-id": "e3767d74e8cfa99ca95c5683f7514742",
        "x-ms-date": "Wed, 04 Aug 2021 20:31:46 GMT",
        "x-ms-return-client-request-id": "true",
        "x-ms-version": "2020-04-08"
      },
      "RequestBody": null,
      "StatusCode": 201,
      "ResponseHeaders": {
        "Content-Length": "0",
        "Date": "Wed, 04 Aug 2021 20:31:46 GMT",
        "ETag": "\u00220x8D95786E1964020\u0022",
        "Last-Modified": "Wed, 04 Aug 2021 20:31:47 GMT",
        "Server": "Windows-Azure-Blob/1.0 Microsoft-HTTPAPI/2.0",
        "x-ms-client-request-id": "e3767d74e8cfa99ca95c5683f7514742",
        "x-ms-request-id": "05283b4a-a01e-003b-566f-896135000000",
        "x-ms-version": "2020-04-08"
      },
      "ResponseBody": []
    },
    {
      "RequestUri": "https://storagedoctranslator.blob.core.windows.net/source123007989/File_0.txt",
      "RequestMethod": "PUT",
      "RequestHeaders": {
        "Authorization": "Sanitized",
        "Content-Length": "16",
        "If-None-Match": "*",
        "traceparent": "00-4b5941fcb14eff49ba1d89f881f138e1-1343fb0d057acd42-00",
        "User-Agent": "azsdk-net-Storage.Blobs/12.8.0 (.NET Framework 4.8.4300.0; Microsoft Windows 10.0.19043 )",
        "x-ms-blob-type": "BlockBlob",
        "x-ms-client-request-id": "657a14fbfe4ae76161c76da11df1b795",
        "x-ms-date": "Wed, 04 Aug 2021 20:31:46 GMT",
        "x-ms-return-client-request-id": "true",
        "x-ms-version": "2020-04-08"
      },
      "RequestBody": "c29tZSByYW5kb20gdGV4dA==",
      "StatusCode": 201,
      "ResponseHeaders": {
        "Content-Length": "0",
        "Content-MD5": "B2caA4wOtDcj1CFpOwc8Ow==",
        "Date": "Wed, 04 Aug 2021 20:31:46 GMT",
        "ETag": "\u00220x8D95786E1DEE04C\u0022",
        "Last-Modified": "Wed, 04 Aug 2021 20:31:47 GMT",
        "Server": "Windows-Azure-Blob/1.0 Microsoft-HTTPAPI/2.0",
        "x-ms-client-request-id": "657a14fbfe4ae76161c76da11df1b795",
        "x-ms-content-crc64": "fxwoBBSnywc=",
        "x-ms-request-id": "05283bcc-a01e-003b-386f-896135000000",
        "x-ms-request-server-encrypted": "true",
        "x-ms-version": "2020-04-08"
      },
      "ResponseBody": []
    },
    {
      "RequestUri": "https://storagedoctranslator.blob.core.windows.net/source123007989/File_1.txt",
      "RequestMethod": "PUT",
      "RequestHeaders": {
        "Authorization": "Sanitized",
        "Content-Length": "16",
        "If-None-Match": "*",
        "traceparent": "00-5f3740589c790541ad3a93b5cbd6a7d5-0258501445af7947-00",
        "User-Agent": "azsdk-net-Storage.Blobs/12.8.0 (.NET Framework 4.8.4300.0; Microsoft Windows 10.0.19043 )",
        "x-ms-blob-type": "BlockBlob",
        "x-ms-client-request-id": "42e8fe930123189a3bdb8556232720c1",
        "x-ms-date": "Wed, 04 Aug 2021 20:31:47 GMT",
        "x-ms-return-client-request-id": "true",
        "x-ms-version": "2020-04-08"
      },
      "RequestBody": "c29tZSByYW5kb20gdGV4dA==",
      "StatusCode": 201,
      "ResponseHeaders": {
        "Content-Length": "0",
        "Content-MD5": "B2caA4wOtDcj1CFpOwc8Ow==",
        "Date": "Wed, 04 Aug 2021 20:31:47 GMT",
        "ETag": "\u00220x8D95786E22852A8\u0022",
        "Last-Modified": "Wed, 04 Aug 2021 20:31:48 GMT",
        "Server": "Windows-Azure-Blob/1.0 Microsoft-HTTPAPI/2.0",
        "x-ms-client-request-id": "42e8fe930123189a3bdb8556232720c1",
        "x-ms-content-crc64": "fxwoBBSnywc=",
        "x-ms-request-id": "05283cca-a01e-003b-0a6f-896135000000",
        "x-ms-request-server-encrypted": "true",
        "x-ms-version": "2020-04-08"
      },
      "ResponseBody": []
    },
    {
      "RequestUri": "https://storagedoctranslator.blob.core.windows.net/source123007989/File_2.txt",
      "RequestMethod": "PUT",
      "RequestHeaders": {
        "Authorization": "Sanitized",
        "Content-Length": "16",
        "If-None-Match": "*",
        "traceparent": "00-d2ef7a461b26024ab3da58659414687e-93fffb7fec284840-00",
        "User-Agent": "azsdk-net-Storage.Blobs/12.8.0 (.NET Framework 4.8.4300.0; Microsoft Windows 10.0.19043 )",
        "x-ms-blob-type": "BlockBlob",
        "x-ms-client-request-id": "67a941d8d86075aa1c8e81077afb8cb8",
        "x-ms-date": "Wed, 04 Aug 2021 20:31:47 GMT",
        "x-ms-return-client-request-id": "true",
        "x-ms-version": "2020-04-08"
      },
      "RequestBody": "c29tZSByYW5kb20gdGV4dA==",
      "StatusCode": 201,
      "ResponseHeaders": {
        "Content-Length": "0",
        "Content-MD5": "B2caA4wOtDcj1CFpOwc8Ow==",
        "Date": "Wed, 04 Aug 2021 20:31:47 GMT",
        "ETag": "\u00220x8D95786E27176C5\u0022",
        "Last-Modified": "Wed, 04 Aug 2021 20:31:48 GMT",
        "Server": "Windows-Azure-Blob/1.0 Microsoft-HTTPAPI/2.0",
        "x-ms-client-request-id": "67a941d8d86075aa1c8e81077afb8cb8",
        "x-ms-content-crc64": "fxwoBBSnywc=",
        "x-ms-request-id": "05283dae-a01e-003b-586f-896135000000",
        "x-ms-request-server-encrypted": "true",
        "x-ms-version": "2020-04-08"
      },
      "ResponseBody": []
    },
    {
      "RequestUri": "https://storagedoctranslator.blob.core.windows.net/source123007989/File_3.txt",
      "RequestMethod": "PUT",
      "RequestHeaders": {
        "Authorization": "Sanitized",
        "Content-Length": "16",
        "If-None-Match": "*",
        "traceparent": "00-4e381d2d0c48d5448bbf38fcc7dbd0de-1b9260219419d84a-00",
        "User-Agent": "azsdk-net-Storage.Blobs/12.8.0 (.NET Framework 4.8.4300.0; Microsoft Windows 10.0.19043 )",
        "x-ms-blob-type": "BlockBlob",
        "x-ms-client-request-id": "f8f0c1a40469f91e7a622a6f790bc439",
        "x-ms-date": "Wed, 04 Aug 2021 20:31:48 GMT",
        "x-ms-return-client-request-id": "true",
        "x-ms-version": "2020-04-08"
      },
      "RequestBody": "c29tZSByYW5kb20gdGV4dA==",
      "StatusCode": 201,
      "ResponseHeaders": {
        "Content-Length": "0",
        "Content-MD5": "B2caA4wOtDcj1CFpOwc8Ow==",
        "Date": "Wed, 04 Aug 2021 20:31:48 GMT",
        "ETag": "\u00220x8D95786E2BDA8B8\u0022",
        "Last-Modified": "Wed, 04 Aug 2021 20:31:49 GMT",
        "Server": "Windows-Azure-Blob/1.0 Microsoft-HTTPAPI/2.0",
        "x-ms-client-request-id": "f8f0c1a40469f91e7a622a6f790bc439",
        "x-ms-content-crc64": "fxwoBBSnywc=",
        "x-ms-request-id": "05283e9d-a01e-003b-226f-896135000000",
        "x-ms-request-server-encrypted": "true",
        "x-ms-version": "2020-04-08"
      },
      "ResponseBody": []
    },
    {
      "RequestUri": "https://storagedoctranslator.blob.core.windows.net/source123007989/File_4.txt",
      "RequestMethod": "PUT",
      "RequestHeaders": {
        "Authorization": "Sanitized",
        "Content-Length": "16",
        "If-None-Match": "*",
        "traceparent": "00-cad40ba33978574ba4a15f97292fab1f-5393846964a2b647-00",
        "User-Agent": "azsdk-net-Storage.Blobs/12.8.0 (.NET Framework 4.8.4300.0; Microsoft Windows 10.0.19043 )",
        "x-ms-blob-type": "BlockBlob",
        "x-ms-client-request-id": "dcc8aca74f47ba34547225947f929e40",
        "x-ms-date": "Wed, 04 Aug 2021 20:31:48 GMT",
        "x-ms-return-client-request-id": "true",
        "x-ms-version": "2020-04-08"
      },
      "RequestBody": "c29tZSByYW5kb20gdGV4dA==",
      "StatusCode": 201,
      "ResponseHeaders": {
        "Content-Length": "0",
        "Content-MD5": "B2caA4wOtDcj1CFpOwc8Ow==",
        "Date": "Wed, 04 Aug 2021 20:31:48 GMT",
        "ETag": "\u00220x8D95786E3071B10\u0022",
        "Last-Modified": "Wed, 04 Aug 2021 20:31:49 GMT",
        "Server": "Windows-Azure-Blob/1.0 Microsoft-HTTPAPI/2.0",
        "x-ms-client-request-id": "dcc8aca74f47ba34547225947f929e40",
        "x-ms-content-crc64": "fxwoBBSnywc=",
        "x-ms-request-id": "05283f76-a01e-003b-546f-896135000000",
        "x-ms-request-server-encrypted": "true",
        "x-ms-version": "2020-04-08"
      },
      "ResponseBody": []
    },
    {
      "RequestUri": "https://storagedoctranslator.blob.core.windows.net/source123007989/File_5.txt",
      "RequestMethod": "PUT",
      "RequestHeaders": {
        "Authorization": "Sanitized",
        "Content-Length": "16",
        "If-None-Match": "*",
        "traceparent": "00-25ee2b43e9cc0b428c1cc7433c87e485-a29953e2ab09af4d-00",
        "User-Agent": "azsdk-net-Storage.Blobs/12.8.0 (.NET Framework 4.8.4300.0; Microsoft Windows 10.0.19043 )",
        "x-ms-blob-type": "BlockBlob",
        "x-ms-client-request-id": "62b1cd4e2737d35822b0edfeae3afb11",
        "x-ms-date": "Wed, 04 Aug 2021 20:31:49 GMT",
        "x-ms-return-client-request-id": "true",
        "x-ms-version": "2020-04-08"
      },
      "RequestBody": "c29tZSByYW5kb20gdGV4dA==",
      "StatusCode": 201,
      "ResponseHeaders": {
        "Content-Length": "0",
        "Content-MD5": "B2caA4wOtDcj1CFpOwc8Ow==",
        "Date": "Wed, 04 Aug 2021 20:31:49 GMT",
        "ETag": "\u00220x8D95786E34FA2D9\u0022",
        "Last-Modified": "Wed, 04 Aug 2021 20:31:50 GMT",
        "Server": "Windows-Azure-Blob/1.0 Microsoft-HTTPAPI/2.0",
        "x-ms-client-request-id": "62b1cd4e2737d35822b0edfeae3afb11",
        "x-ms-content-crc64": "fxwoBBSnywc=",
        "x-ms-request-id": "05284077-a01e-003b-186f-896135000000",
        "x-ms-request-server-encrypted": "true",
        "x-ms-version": "2020-04-08"
      },
      "ResponseBody": []
    },
    {
      "RequestUri": "https://storagedoctranslator.blob.core.windows.net/source123007989/File_6.txt",
      "RequestMethod": "PUT",
      "RequestHeaders": {
        "Authorization": "Sanitized",
        "Content-Length": "16",
        "If-None-Match": "*",
        "traceparent": "00-7801e0ec1805564bb726a950c54030e7-11a2996923341e4d-00",
        "User-Agent": "azsdk-net-Storage.Blobs/12.8.0 (.NET Framework 4.8.4300.0; Microsoft Windows 10.0.19043 )",
        "x-ms-blob-type": "BlockBlob",
        "x-ms-client-request-id": "cd5f48caaf3255708c35a4f6df897ae7",
        "x-ms-date": "Wed, 04 Aug 2021 20:31:49 GMT",
        "x-ms-return-client-request-id": "true",
        "x-ms-version": "2020-04-08"
      },
      "RequestBody": "c29tZSByYW5kb20gdGV4dA==",
      "StatusCode": 201,
      "ResponseHeaders": {
        "Content-Length": "0",
        "Content-MD5": "B2caA4wOtDcj1CFpOwc8Ow==",
        "Date": "Wed, 04 Aug 2021 20:31:49 GMT",
        "ETag": "\u00220x8D95786E3989FEE\u0022",
        "Last-Modified": "Wed, 04 Aug 2021 20:31:50 GMT",
        "Server": "Windows-Azure-Blob/1.0 Microsoft-HTTPAPI/2.0",
        "x-ms-client-request-id": "cd5f48caaf3255708c35a4f6df897ae7",
        "x-ms-content-crc64": "fxwoBBSnywc=",
        "x-ms-request-id": "05284170-a01e-003b-746f-896135000000",
        "x-ms-request-server-encrypted": "true",
        "x-ms-version": "2020-04-08"
      },
      "ResponseBody": []
    },
    {
      "RequestUri": "https://storagedoctranslator.blob.core.windows.net/source123007989/File_7.txt",
      "RequestMethod": "PUT",
      "RequestHeaders": {
        "Authorization": "Sanitized",
        "Content-Length": "16",
        "If-None-Match": "*",
        "traceparent": "00-7593b4c2e80ce04d8115e887400d66cd-700f9cf66eb70041-00",
        "User-Agent": "azsdk-net-Storage.Blobs/12.8.0 (.NET Framework 4.8.4300.0; Microsoft Windows 10.0.19043 )",
        "x-ms-blob-type": "BlockBlob",
        "x-ms-client-request-id": "ac20e9c36159800254f4b99761350b19",
        "x-ms-date": "Wed, 04 Aug 2021 20:31:50 GMT",
        "x-ms-return-client-request-id": "true",
        "x-ms-version": "2020-04-08"
      },
      "RequestBody": "c29tZSByYW5kb20gdGV4dA==",
      "StatusCode": 201,
      "ResponseHeaders": {
        "Content-Length": "0",
        "Content-MD5": "B2caA4wOtDcj1CFpOwc8Ow==",
        "Date": "Wed, 04 Aug 2021 20:31:50 GMT",
        "ETag": "\u00220x8D95786E3E14ED5\u0022",
        "Last-Modified": "Wed, 04 Aug 2021 20:31:51 GMT",
        "Server": "Windows-Azure-Blob/1.0 Microsoft-HTTPAPI/2.0",
        "x-ms-client-request-id": "ac20e9c36159800254f4b99761350b19",
        "x-ms-content-crc64": "fxwoBBSnywc=",
        "x-ms-request-id": "05284276-a01e-003b-4d6f-896135000000",
        "x-ms-request-server-encrypted": "true",
        "x-ms-version": "2020-04-08"
      },
      "ResponseBody": []
    },
    {
      "RequestUri": "https://storagedoctranslator.blob.core.windows.net/source123007989/File_8.txt",
      "RequestMethod": "PUT",
      "RequestHeaders": {
        "Authorization": "Sanitized",
        "Content-Length": "16",
        "If-None-Match": "*",
        "traceparent": "00-01c3c7e09a153146b12cba8b42d3b314-1a5df69728c8e846-00",
        "User-Agent": "azsdk-net-Storage.Blobs/12.8.0 (.NET Framework 4.8.4300.0; Microsoft Windows 10.0.19043 )",
        "x-ms-blob-type": "BlockBlob",
        "x-ms-client-request-id": "37ca1476d1329e0d5c5bd5018361f498",
        "x-ms-date": "Wed, 04 Aug 2021 20:31:50 GMT",
        "x-ms-return-client-request-id": "true",
        "x-ms-version": "2020-04-08"
      },
      "RequestBody": "c29tZSByYW5kb20gdGV4dA==",
      "StatusCode": 201,
      "ResponseHeaders": {
        "Content-Length": "0",
        "Content-MD5": "B2caA4wOtDcj1CFpOwc8Ow==",
        "Date": "Wed, 04 Aug 2021 20:31:50 GMT",
        "ETag": "\u00220x8D95786E42BD2C3\u0022",
        "Last-Modified": "Wed, 04 Aug 2021 20:31:51 GMT",
        "Server": "Windows-Azure-Blob/1.0 Microsoft-HTTPAPI/2.0",
        "x-ms-client-request-id": "37ca1476d1329e0d5c5bd5018361f498",
        "x-ms-content-crc64": "fxwoBBSnywc=",
        "x-ms-request-id": "05284367-a01e-003b-236f-896135000000",
        "x-ms-request-server-encrypted": "true",
        "x-ms-version": "2020-04-08"
      },
      "ResponseBody": []
    },
    {
      "RequestUri": "https://storagedoctranslator.blob.core.windows.net/source123007989/File_9.txt",
      "RequestMethod": "PUT",
      "RequestHeaders": {
        "Authorization": "Sanitized",
        "Content-Length": "16",
        "If-None-Match": "*",
        "traceparent": "00-2b95ecef00788d4392cc617e391a5f20-c41229300ef37246-00",
        "User-Agent": "azsdk-net-Storage.Blobs/12.8.0 (.NET Framework 4.8.4300.0; Microsoft Windows 10.0.19043 )",
        "x-ms-blob-type": "BlockBlob",
        "x-ms-client-request-id": "c43b06354f1a68b746df793ef6d9f357",
        "x-ms-date": "Wed, 04 Aug 2021 20:31:51 GMT",
        "x-ms-return-client-request-id": "true",
        "x-ms-version": "2020-04-08"
      },
      "RequestBody": "c29tZSByYW5kb20gdGV4dA==",
      "StatusCode": 201,
      "ResponseHeaders": {
        "Content-Length": "0",
        "Content-MD5": "B2caA4wOtDcj1CFpOwc8Ow==",
        "Date": "Wed, 04 Aug 2021 20:31:51 GMT",
        "ETag": "\u00220x8D95786E474337C\u0022",
        "Last-Modified": "Wed, 04 Aug 2021 20:31:51 GMT",
        "Server": "Windows-Azure-Blob/1.0 Microsoft-HTTPAPI/2.0",
        "x-ms-client-request-id": "c43b06354f1a68b746df793ef6d9f357",
        "x-ms-content-crc64": "fxwoBBSnywc=",
        "x-ms-request-id": "0528446c-a01e-003b-6f6f-896135000000",
        "x-ms-request-server-encrypted": "true",
        "x-ms-version": "2020-04-08"
      },
      "ResponseBody": []
    },
    {
      "RequestUri": "https://storagedoctranslator.blob.core.windows.net/source123007989/File_10.txt",
      "RequestMethod": "PUT",
      "RequestHeaders": {
        "Authorization": "Sanitized",
        "Content-Length": "16",
        "If-None-Match": "*",
        "traceparent": "00-d2d742d3e0bfb449bc5fbd295a392465-5f93a7e9b1fc8148-00",
        "User-Agent": "azsdk-net-Storage.Blobs/12.8.0 (.NET Framework 4.8.4300.0; Microsoft Windows 10.0.19043 )",
        "x-ms-blob-type": "BlockBlob",
        "x-ms-client-request-id": "ca7f8a2a43bff2b4dc8150fe8b00fcf2",
        "x-ms-date": "Wed, 04 Aug 2021 20:31:51 GMT",
        "x-ms-return-client-request-id": "true",
        "x-ms-version": "2020-04-08"
      },
      "RequestBody": "c29tZSByYW5kb20gdGV4dA==",
      "StatusCode": 201,
      "ResponseHeaders": {
        "Content-Length": "0",
        "Content-MD5": "B2caA4wOtDcj1CFpOwc8Ow==",
        "Date": "Wed, 04 Aug 2021 20:31:51 GMT",
        "ETag": "\u00220x8D95786E4BC942C\u0022",
        "Last-Modified": "Wed, 04 Aug 2021 20:31:52 GMT",
        "Server": "Windows-Azure-Blob/1.0 Microsoft-HTTPAPI/2.0",
        "x-ms-client-request-id": "ca7f8a2a43bff2b4dc8150fe8b00fcf2",
        "x-ms-content-crc64": "fxwoBBSnywc=",
        "x-ms-request-id": "05284540-a01e-003b-2c6f-896135000000",
        "x-ms-request-server-encrypted": "true",
        "x-ms-version": "2020-04-08"
      },
      "ResponseBody": []
    },
    {
      "RequestUri": "https://storagedoctranslator.blob.core.windows.net/source123007989/File_11.txt",
      "RequestMethod": "PUT",
      "RequestHeaders": {
        "Authorization": "Sanitized",
        "Content-Length": "16",
        "If-None-Match": "*",
        "traceparent": "00-66bd63da122c2b449b59c87e31ae6eb4-09248fc2e85c984d-00",
        "User-Agent": "azsdk-net-Storage.Blobs/12.8.0 (.NET Framework 4.8.4300.0; Microsoft Windows 10.0.19043 )",
        "x-ms-blob-type": "BlockBlob",
        "x-ms-client-request-id": "5b6121ff46fa27ff5c61f05357cfa882",
        "x-ms-date": "Wed, 04 Aug 2021 20:31:52 GMT",
        "x-ms-return-client-request-id": "true",
        "x-ms-version": "2020-04-08"
      },
      "RequestBody": "c29tZSByYW5kb20gdGV4dA==",
      "StatusCode": 201,
      "ResponseHeaders": {
        "Content-Length": "0",
        "Content-MD5": "B2caA4wOtDcj1CFpOwc8Ow==",
        "Date": "Wed, 04 Aug 2021 20:31:52 GMT",
        "ETag": "\u00220x8D95786E510B6D3\u0022",
        "Last-Modified": "Wed, 04 Aug 2021 20:31:52 GMT",
        "Server": "Windows-Azure-Blob/1.0 Microsoft-HTTPAPI/2.0",
        "x-ms-client-request-id": "5b6121ff46fa27ff5c61f05357cfa882",
        "x-ms-content-crc64": "fxwoBBSnywc=",
        "x-ms-request-id": "052845f1-a01e-003b-4f6f-896135000000",
        "x-ms-request-server-encrypted": "true",
        "x-ms-version": "2020-04-08"
      },
      "ResponseBody": []
    },
    {
      "RequestUri": "https://storagedoctranslator.blob.core.windows.net/source123007989/File_12.txt",
      "RequestMethod": "PUT",
      "RequestHeaders": {
        "Authorization": "Sanitized",
        "Content-Length": "16",
        "If-None-Match": "*",
        "traceparent": "00-09b402304407e84895fbf50339282442-539435bce0075f42-00",
        "User-Agent": "azsdk-net-Storage.Blobs/12.8.0 (.NET Framework 4.8.4300.0; Microsoft Windows 10.0.19043 )",
        "x-ms-blob-type": "BlockBlob",
        "x-ms-client-request-id": "f9d67e672ae2f2d85148e898ffb9dc45",
        "x-ms-date": "Wed, 04 Aug 2021 20:31:52 GMT",
        "x-ms-return-client-request-id": "true",
        "x-ms-version": "2020-04-08"
      },
      "RequestBody": "c29tZSByYW5kb20gdGV4dA==",
      "StatusCode": 201,
      "ResponseHeaders": {
        "Content-Length": "0",
        "Content-MD5": "B2caA4wOtDcj1CFpOwc8Ow==",
        "Date": "Wed, 04 Aug 2021 20:31:52 GMT",
        "ETag": "\u00220x8D95786E56E5113\u0022",
        "Last-Modified": "Wed, 04 Aug 2021 20:31:53 GMT",
        "Server": "Windows-Azure-Blob/1.0 Microsoft-HTTPAPI/2.0",
        "x-ms-client-request-id": "f9d67e672ae2f2d85148e898ffb9dc45",
        "x-ms-content-crc64": "fxwoBBSnywc=",
        "x-ms-request-id": "0528471b-a01e-003b-536f-896135000000",
        "x-ms-request-server-encrypted": "true",
        "x-ms-version": "2020-04-08"
      },
      "ResponseBody": []
    },
    {
      "RequestUri": "https://storagedoctranslator.blob.core.windows.net/source123007989/File_13.txt",
      "RequestMethod": "PUT",
      "RequestHeaders": {
        "Authorization": "Sanitized",
        "Content-Length": "16",
        "If-None-Match": "*",
        "traceparent": "00-8c7b3f1506c9d84d831b00fb981fa097-703894a718577d45-00",
        "User-Agent": "azsdk-net-Storage.Blobs/12.8.0 (.NET Framework 4.8.4300.0; Microsoft Windows 10.0.19043 )",
        "x-ms-blob-type": "BlockBlob",
        "x-ms-client-request-id": "d43e86e29877e35c8a576e5d52619a0c",
        "x-ms-date": "Wed, 04 Aug 2021 20:31:53 GMT",
        "x-ms-return-client-request-id": "true",
        "x-ms-version": "2020-04-08"
      },
      "RequestBody": "c29tZSByYW5kb20gdGV4dA==",
      "StatusCode": 201,
      "ResponseHeaders": {
        "Content-Length": "0",
        "Content-MD5": "B2caA4wOtDcj1CFpOwc8Ow==",
        "Date": "Wed, 04 Aug 2021 20:31:53 GMT",
        "ETag": "\u00220x8D95786E5D14371\u0022",
        "Last-Modified": "Wed, 04 Aug 2021 20:31:54 GMT",
        "Server": "Windows-Azure-Blob/1.0 Microsoft-HTTPAPI/2.0",
        "x-ms-client-request-id": "d43e86e29877e35c8a576e5d52619a0c",
        "x-ms-content-crc64": "fxwoBBSnywc=",
        "x-ms-request-id": "0528482f-a01e-003b-3c6f-896135000000",
        "x-ms-request-server-encrypted": "true",
        "x-ms-version": "2020-04-08"
      },
      "ResponseBody": []
    },
    {
      "RequestUri": "https://storagedoctranslator.blob.core.windows.net/source123007989/File_14.txt",
      "RequestMethod": "PUT",
      "RequestHeaders": {
        "Authorization": "Sanitized",
        "Content-Length": "16",
        "If-None-Match": "*",
        "traceparent": "00-04779c1055eb374eb3864b103aa6a5df-5aea2124b9e0eb47-00",
        "User-Agent": "azsdk-net-Storage.Blobs/12.8.0 (.NET Framework 4.8.4300.0; Microsoft Windows 10.0.19043 )",
        "x-ms-blob-type": "BlockBlob",
        "x-ms-client-request-id": "0d96cdd80329d510486f0ab15e6728a3",
        "x-ms-date": "Wed, 04 Aug 2021 20:31:53 GMT",
        "x-ms-return-client-request-id": "true",
        "x-ms-version": "2020-04-08"
      },
      "RequestBody": "c29tZSByYW5kb20gdGV4dA==",
      "StatusCode": 201,
      "ResponseHeaders": {
        "Content-Length": "0",
        "Content-MD5": "B2caA4wOtDcj1CFpOwc8Ow==",
        "Date": "Wed, 04 Aug 2021 20:31:53 GMT",
        "ETag": "\u00220x8D95786E619A42E\u0022",
        "Last-Modified": "Wed, 04 Aug 2021 20:31:54 GMT",
        "Server": "Windows-Azure-Blob/1.0 Microsoft-HTTPAPI/2.0",
        "x-ms-client-request-id": "0d96cdd80329d510486f0ab15e6728a3",
        "x-ms-content-crc64": "fxwoBBSnywc=",
        "x-ms-request-id": "052848ec-a01e-003b-616f-896135000000",
        "x-ms-request-server-encrypted": "true",
        "x-ms-version": "2020-04-08"
      },
      "ResponseBody": []
    },
    {
      "RequestUri": "https://storagedoctranslator.blob.core.windows.net/source123007989/File_15.txt",
      "RequestMethod": "PUT",
      "RequestHeaders": {
        "Authorization": "Sanitized",
        "Content-Length": "16",
        "If-None-Match": "*",
        "traceparent": "00-1c920f9e312f904a938b3b2930e0f464-8ed3fefb254da248-00",
        "User-Agent": "azsdk-net-Storage.Blobs/12.8.0 (.NET Framework 4.8.4300.0; Microsoft Windows 10.0.19043 )",
        "x-ms-blob-type": "BlockBlob",
        "x-ms-client-request-id": "d170ab84d491cf0a21f36e8abc7b9fef",
        "x-ms-date": "Wed, 04 Aug 2021 20:31:54 GMT",
        "x-ms-return-client-request-id": "true",
        "x-ms-version": "2020-04-08"
      },
      "RequestBody": "c29tZSByYW5kb20gdGV4dA==",
      "StatusCode": 201,
      "ResponseHeaders": {
        "Content-Length": "0",
        "Content-MD5": "B2caA4wOtDcj1CFpOwc8Ow==",
        "Date": "Wed, 04 Aug 2021 20:31:54 GMT",
        "ETag": "\u00220x8D95786E664764A\u0022",
        "Last-Modified": "Wed, 04 Aug 2021 20:31:55 GMT",
        "Server": "Windows-Azure-Blob/1.0 Microsoft-HTTPAPI/2.0",
        "x-ms-client-request-id": "d170ab84d491cf0a21f36e8abc7b9fef",
        "x-ms-content-crc64": "fxwoBBSnywc=",
        "x-ms-request-id": "052849b0-a01e-003b-046f-896135000000",
        "x-ms-request-server-encrypted": "true",
        "x-ms-version": "2020-04-08"
      },
      "ResponseBody": []
    },
    {
      "RequestUri": "https://storagedoctranslator.blob.core.windows.net/source123007989/File_16.txt",
      "RequestMethod": "PUT",
      "RequestHeaders": {
        "Authorization": "Sanitized",
        "Content-Length": "16",
        "If-None-Match": "*",
        "traceparent": "00-9bfe2ed0bd161b41a9d125c7c85df985-5fb98d823b7d1a40-00",
        "User-Agent": "azsdk-net-Storage.Blobs/12.8.0 (.NET Framework 4.8.4300.0; Microsoft Windows 10.0.19043 )",
        "x-ms-blob-type": "BlockBlob",
        "x-ms-client-request-id": "31bfdbaecf22df1b75688c088eab8523",
        "x-ms-date": "Wed, 04 Aug 2021 20:31:54 GMT",
        "x-ms-return-client-request-id": "true",
        "x-ms-version": "2020-04-08"
      },
      "RequestBody": "c29tZSByYW5kb20gdGV4dA==",
      "StatusCode": 201,
      "ResponseHeaders": {
        "Content-Length": "0",
        "Content-MD5": "B2caA4wOtDcj1CFpOwc8Ow==",
        "Date": "Wed, 04 Aug 2021 20:31:54 GMT",
        "ETag": "\u00220x8D95786E6AC88C8\u0022",
        "Last-Modified": "Wed, 04 Aug 2021 20:31:55 GMT",
        "Server": "Windows-Azure-Blob/1.0 Microsoft-HTTPAPI/2.0",
        "x-ms-client-request-id": "31bfdbaecf22df1b75688c088eab8523",
        "x-ms-content-crc64": "fxwoBBSnywc=",
        "x-ms-request-id": "05284a86-a01e-003b-386f-896135000000",
        "x-ms-request-server-encrypted": "true",
        "x-ms-version": "2020-04-08"
      },
      "ResponseBody": []
    },
    {
      "RequestUri": "https://storagedoctranslator.blob.core.windows.net/source123007989/File_17.txt",
      "RequestMethod": "PUT",
      "RequestHeaders": {
        "Authorization": "Sanitized",
        "Content-Length": "16",
        "If-None-Match": "*",
        "traceparent": "00-49af785da8b27442925de79669c1ec79-ed8e222e00b94c45-00",
        "User-Agent": "azsdk-net-Storage.Blobs/12.8.0 (.NET Framework 4.8.4300.0; Microsoft Windows 10.0.19043 )",
        "x-ms-blob-type": "BlockBlob",
        "x-ms-client-request-id": "a7d8ca2fc9f1047bc2c6eb36958619cd",
        "x-ms-date": "Wed, 04 Aug 2021 20:31:55 GMT",
        "x-ms-return-client-request-id": "true",
        "x-ms-version": "2020-04-08"
      },
      "RequestBody": "c29tZSByYW5kb20gdGV4dA==",
      "StatusCode": 201,
      "ResponseHeaders": {
        "Content-Length": "0",
        "Content-MD5": "B2caA4wOtDcj1CFpOwc8Ow==",
        "Date": "Wed, 04 Aug 2021 20:31:55 GMT",
        "ETag": "\u00220x8D95786E6F67067\u0022",
        "Last-Modified": "Wed, 04 Aug 2021 20:31:56 GMT",
        "Server": "Windows-Azure-Blob/1.0 Microsoft-HTTPAPI/2.0",
        "x-ms-client-request-id": "a7d8ca2fc9f1047bc2c6eb36958619cd",
        "x-ms-content-crc64": "fxwoBBSnywc=",
        "x-ms-request-id": "05284b83-a01e-003b-7f6f-896135000000",
        "x-ms-request-server-encrypted": "true",
        "x-ms-version": "2020-04-08"
      },
      "ResponseBody": []
    },
    {
      "RequestUri": "https://storagedoctranslator.blob.core.windows.net/source123007989/File_18.txt",
      "RequestMethod": "PUT",
      "RequestHeaders": {
        "Authorization": "Sanitized",
        "Content-Length": "16",
        "If-None-Match": "*",
        "traceparent": "00-a0c07468f0116146960fdd17eed35bc8-39d5394ff60ddf41-00",
        "User-Agent": "azsdk-net-Storage.Blobs/12.8.0 (.NET Framework 4.8.4300.0; Microsoft Windows 10.0.19043 )",
        "x-ms-blob-type": "BlockBlob",
        "x-ms-client-request-id": "82031acff7a7b5808f905b2847024176",
        "x-ms-date": "Wed, 04 Aug 2021 20:31:55 GMT",
        "x-ms-return-client-request-id": "true",
        "x-ms-version": "2020-04-08"
      },
      "RequestBody": "c29tZSByYW5kb20gdGV4dA==",
      "StatusCode": 201,
      "ResponseHeaders": {
        "Content-Length": "0",
        "Content-MD5": "B2caA4wOtDcj1CFpOwc8Ow==",
        "Date": "Wed, 04 Aug 2021 20:31:55 GMT",
        "ETag": "\u00220x8D95786E73ED11B\u0022",
        "Last-Modified": "Wed, 04 Aug 2021 20:31:56 GMT",
        "Server": "Windows-Azure-Blob/1.0 Microsoft-HTTPAPI/2.0",
        "x-ms-client-request-id": "82031acff7a7b5808f905b2847024176",
        "x-ms-content-crc64": "fxwoBBSnywc=",
        "x-ms-request-id": "05284c89-a01e-003b-696f-896135000000",
        "x-ms-request-server-encrypted": "true",
        "x-ms-version": "2020-04-08"
      },
      "ResponseBody": []
    },
    {
      "RequestUri": "https://storagedoctranslator.blob.core.windows.net/source123007989/File_19.txt",
      "RequestMethod": "PUT",
      "RequestHeaders": {
        "Authorization": "Sanitized",
        "Content-Length": "16",
        "If-None-Match": "*",
        "traceparent": "00-757fd536303e3448995ffb6c90a3bbc7-5087c98180cac44c-00",
        "User-Agent": "azsdk-net-Storage.Blobs/12.8.0 (.NET Framework 4.8.4300.0; Microsoft Windows 10.0.19043 )",
        "x-ms-blob-type": "BlockBlob",
        "x-ms-client-request-id": "f15a4a6df8a2e5fd5fba6e5be3e54aee",
        "x-ms-date": "Wed, 04 Aug 2021 20:31:56 GMT",
        "x-ms-return-client-request-id": "true",
        "x-ms-version": "2020-04-08"
      },
      "RequestBody": "c29tZSByYW5kb20gdGV4dA==",
      "StatusCode": 201,
      "ResponseHeaders": {
        "Content-Length": "0",
        "Content-MD5": "B2caA4wOtDcj1CFpOwc8Ow==",
        "Date": "Wed, 04 Aug 2021 20:31:56 GMT",
        "ETag": "\u00220x8D95786E7870ABB\u0022",
        "Last-Modified": "Wed, 04 Aug 2021 20:31:57 GMT",
        "Server": "Windows-Azure-Blob/1.0 Microsoft-HTTPAPI/2.0",
        "x-ms-client-request-id": "f15a4a6df8a2e5fd5fba6e5be3e54aee",
        "x-ms-content-crc64": "fxwoBBSnywc=",
        "x-ms-request-id": "05284d1b-a01e-003b-676f-896135000000",
        "x-ms-request-server-encrypted": "true",
        "x-ms-version": "2020-04-08"
      },
      "ResponseBody": []
    },
    {
      "RequestUri": "https://storagedoctranslator.blob.core.windows.net/target847432015?restype=container",
      "RequestMethod": "PUT",
      "RequestHeaders": {
        "Authorization": "Sanitized",
        "traceparent": "00-d6c2f1d5db222442a96003944b8b4da9-55b4c0e4277e0c47-00",
        "User-Agent": "azsdk-net-Storage.Blobs/12.8.0 (.NET Framework 4.8.4300.0; Microsoft Windows 10.0.19043 )",
        "x-ms-blob-public-access": "container",
        "x-ms-client-request-id": "a87339bf7b034a382318606d53bcc085",
        "x-ms-date": "Wed, 04 Aug 2021 20:31:56 GMT",
        "x-ms-return-client-request-id": "true",
        "x-ms-version": "2020-04-08"
      },
      "RequestBody": null,
      "StatusCode": 201,
      "ResponseHeaders": {
        "Content-Length": "0",
        "Date": "Wed, 04 Aug 2021 20:31:56 GMT",
        "ETag": "\u00220x8D95786E7AC826E\u0022",
        "Last-Modified": "Wed, 04 Aug 2021 20:31:57 GMT",
        "Server": "Windows-Azure-Blob/1.0 Microsoft-HTTPAPI/2.0",
        "x-ms-client-request-id": "a87339bf7b034a382318606d53bcc085",
        "x-ms-request-id": "05284df8-a01e-003b-206f-896135000000",
        "x-ms-version": "2020-04-08"
      },
      "ResponseBody": []
    },
    {
      "RequestUri": "https://r-doctranslator.cognitiveservices.azure.com/translator/text/batch/v1.0/batches",
      "RequestMethod": "POST",
      "RequestHeaders": {
        "Accept": "application/json",
        "Content-Length": "103",
        "Content-Type": "application/json",
        "Ocp-Apim-Subscription-Key": "Sanitized",
        "traceparent": "00-38bd368007ac3d4ebcb4ff02fb69ca4b-ff60af2477d7eb4c-00",
        "User-Agent": "azsdk-net-AI.Translation.Document/1.0.0-alpha.20210804.1 (.NET Framework 4.8.4300.0; Microsoft Windows 10.0.19043 )",
        "x-ms-client-request-id": "2c4ac9742a281cd61d22ec8824d1aa46",
        "x-ms-return-client-request-id": "true"
      },
      "RequestBody": {
        "inputs": [
          {
            "source": {
              "sourceUrl": "Sanitized"
            },
            "targets": [
              {
                "targetUrl": "Sanitized",
                "language": "fr"
              }
            ]
          }
        ]
      },
      "StatusCode": 202,
      "ResponseHeaders": {
        "apim-request-id": "3b058cf4-0fd1-4047-84d5-96c5ecb6442d",
        "Content-Length": "0",
        "Date": "Wed, 04 Aug 2021 20:31:57 GMT",
        "Operation-Location": "https://r-doctranslator.cognitiveservices.azure.com/translator/text/batch/v1.0/batches/62e69318-c19f-4cd0-98ff-d35fd903af13",
        "Set-Cookie": [
          "ARRAffinity=d5311be9a7eee70fefb806f1e2337cdd19ccc651d9ba4b6954f0949b8feead5f;Path=/;HttpOnly;Secure;Domain=mtbatch.nam.microsofttranslator.com",
          "ARRAffinitySameSite=d5311be9a7eee70fefb806f1e2337cdd19ccc651d9ba4b6954f0949b8feead5f;Path=/;HttpOnly;SameSite=None;Secure;Domain=mtbatch.nam.microsofttranslator.com"
        ],
        "Strict-Transport-Security": "max-age=31536000; includeSubDomains; preload",
        "x-content-type-options": "nosniff",
        "X-Powered-By": "ASP.NET",
        "X-RequestId": "3b058cf4-0fd1-4047-84d5-96c5ecb6442d"
      },
      "ResponseBody": []
    },
    {
      "RequestUri": "https://r-doctranslator.cognitiveservices.azure.com/translator/text/batch/v1.0/batches/62e69318-c19f-4cd0-98ff-d35fd903af13",
      "RequestMethod": "DELETE",
      "RequestHeaders": {
        "Accept": "application/json",
        "Ocp-Apim-Subscription-Key": "Sanitized",
        "User-Agent": "azsdk-net-AI.Translation.Document/1.0.0-alpha.20210804.1 (.NET Framework 4.8.4300.0; Microsoft Windows 10.0.19043 )",
        "x-ms-client-request-id": "c888d86ccececf6922a67ee09d770cfe",
        "x-ms-return-client-request-id": "true"
      },
      "RequestBody": null,
      "StatusCode": 200,
      "ResponseHeaders": {
        "apim-request-id": "e4a0b546-7b92-47e4-b659-7fdf7ea1b59c",
        "Content-Type": "application/json; charset=utf-8",
        "Date": "Wed, 04 Aug 2021 20:31:57 GMT",
        "Retry-After": "1",
        "Set-Cookie": [
          "ARRAffinity=71659a59bc7ec5e68f754ab1110af7204cc0a6ca9121108e19aeec14032c3bc4;Path=/;HttpOnly;Secure;Domain=mtbatch.nam.microsofttranslator.com",
          "ARRAffinitySameSite=71659a59bc7ec5e68f754ab1110af7204cc0a6ca9121108e19aeec14032c3bc4;Path=/;HttpOnly;SameSite=None;Secure;Domain=mtbatch.nam.microsofttranslator.com"
        ],
        "Strict-Transport-Security": "max-age=31536000; includeSubDomains; preload",
        "Transfer-Encoding": "chunked",
        "x-content-type-options": "nosniff",
        "X-Powered-By": "ASP.NET",
        "X-RequestId": "e4a0b546-7b92-47e4-b659-7fdf7ea1b59c"
      },
      "ResponseBody": {
        "id": "62e69318-c19f-4cd0-98ff-d35fd903af13",
        "createdDateTimeUtc": "2021-08-04T20:31:57.8581636Z",
        "lastActionDateTimeUtc": "2021-08-04T20:31:58.1090578Z",
        "status": "Cancelling",
        "summary": {
          "total": 0,
          "failed": 0,
          "success": 0,
          "inProgress": 0,
          "notYetStarted": 0,
          "cancelled": 0,
          "totalCharacterCharged": 0
        }
      }
    },
    {
      "RequestUri": "https://r-doctranslator.cognitiveservices.azure.com/translator/text/batch/v1.0/batches?ids=\u0026statuses=Cancelled%2CCancelling\u0026$orderBy=",
      "RequestMethod": "GET",
      "RequestHeaders": {
        "Accept": "application/json",
        "Ocp-Apim-Subscription-Key": "Sanitized",
        "traceparent": "00-dbd2eea966b11a42937c2466722f0971-6101c27fd3b3bf49-00",
        "User-Agent": "azsdk-net-AI.Translation.Document/1.0.0-alpha.20210804.1 (.NET Framework 4.8.4300.0; Microsoft Windows 10.0.19043 )",
        "x-ms-client-request-id": "1b6fd6adc200942762568ae08eaf2651",
        "x-ms-return-client-request-id": "true"
      },
      "RequestBody": null,
      "StatusCode": 200,
      "ResponseHeaders": {
        "apim-request-id": "9138efe6-10f3-4534-aa1b-269c79b232f8",
        "Cache-Control": [
          "public",
          "max-age=1"
        ],
        "Content-Type": "application/json; charset=utf-8",
        "Date": "Wed, 04 Aug 2021 20:32:00 GMT",
        "ETag": "\u002277631C31816CE31111C7B93A8ED541D14D28C05B0666B15DC172A87857C7E824\u0022",
        "Retry-After": "1",
        "Set-Cookie": [
          "ARRAffinity=d5311be9a7eee70fefb806f1e2337cdd19ccc651d9ba4b6954f0949b8feead5f;Path=/;HttpOnly;Secure;Domain=mtbatch.nam.microsofttranslator.com",
          "ARRAffinitySameSite=d5311be9a7eee70fefb806f1e2337cdd19ccc651d9ba4b6954f0949b8feead5f;Path=/;HttpOnly;SameSite=None;Secure;Domain=mtbatch.nam.microsofttranslator.com"
        ],
        "Strict-Transport-Security": "max-age=31536000; includeSubDomains; preload",
        "Transfer-Encoding": "chunked",
        "x-content-type-options": "nosniff",
        "X-Powered-By": "ASP.NET",
        "X-RequestId": "9138efe6-10f3-4534-aa1b-269c79b232f8"
      },
      "ResponseBody": {
        "value": [
          {
            "id": "62e69318-c19f-4cd0-98ff-d35fd903af13",
            "createdDateTimeUtc": "2021-08-04T20:31:57.8581636Z",
            "lastActionDateTimeUtc": "2021-08-04T20:32:00.1619182Z",
            "status": "Cancelling",
            "summary": {
              "total": 20,
              "failed": 0,
              "success": 0,
              "inProgress": 0,
              "notYetStarted": 20,
              "cancelled": 0,
              "totalCharacterCharged": 0
            }
          },
          {
            "id": "b6606d70-e903-4f08-a80d-3d1b65c07303",
            "createdDateTimeUtc": "2021-08-04T20:30:06.5979195Z",
            "lastActionDateTimeUtc": "2021-08-04T20:30:10.7837251Z",
            "status": "Cancelled",
            "summary": {
              "total": 20,
              "failed": 0,
              "success": 0,
              "inProgress": 0,
              "notYetStarted": 0,
              "cancelled": 20,
              "totalCharacterCharged": 0
            }
          },
          {
            "id": "98452bfa-797a-44c2-9bb2-d7fd159fab0d",
            "createdDateTimeUtc": "2021-08-03T21:38:51.6547083Z",
            "lastActionDateTimeUtc": "2021-08-03T21:38:54.3057302Z",
            "status": "Cancelled",
            "summary": {
              "total": 20,
              "failed": 0,
              "success": 0,
              "inProgress": 0,
              "notYetStarted": 0,
              "cancelled": 20,
              "totalCharacterCharged": 0
            }
          },
          {
            "id": "32aebb1f-9dd9-4bf4-a684-514bde841fd8",
            "createdDateTimeUtc": "2021-08-03T21:38:47.6125244Z",
            "lastActionDateTimeUtc": "2021-08-03T21:38:53.9775319Z",
            "status": "Cancelled",
            "summary": {
              "total": 20,
              "failed": 0,
              "success": 0,
              "inProgress": 0,
              "notYetStarted": 0,
              "cancelled": 20,
              "totalCharacterCharged": 0
            }
          },
          {
            "id": "6c30daea-f0dc-45d2-a5f2-c9c9ca5c454d",
            "createdDateTimeUtc": "2021-08-03T21:33:40.0877854Z",
            "lastActionDateTimeUtc": "2021-08-03T21:33:42.98622Z",
            "status": "Cancelled",
            "summary": {
              "total": 20,
              "failed": 0,
              "success": 0,
              "inProgress": 0,
              "notYetStarted": 0,
              "cancelled": 20,
              "totalCharacterCharged": 0
            }
          },
          {
            "id": "06da1349-40ca-40a9-bcbc-bd1e846f3b88",
            "createdDateTimeUtc": "2021-08-03T21:33:35.9538097Z",
            "lastActionDateTimeUtc": "2021-08-03T21:33:38.6215767Z",
            "status": "Cancelled",
            "summary": {
              "total": 20,
              "failed": 0,
              "success": 0,
              "inProgress": 0,
              "notYetStarted": 0,
              "cancelled": 20,
              "totalCharacterCharged": 0
            }
          },
          {
            "id": "ff9490ff-1a22-4905-b300-f832c622fcd3",
            "createdDateTimeUtc": "2021-08-03T21:14:52.4456431Z",
            "lastActionDateTimeUtc": "2021-08-03T21:14:55.1385001Z",
            "status": "Cancelled",
            "summary": {
              "total": 20,
              "failed": 0,
              "success": 0,
              "inProgress": 0,
              "notYetStarted": 0,
              "cancelled": 20,
              "totalCharacterCharged": 0
            }
          },
          {
            "id": "a291a37f-00ff-462c-90f7-af30487cfee0",
            "createdDateTimeUtc": "2021-08-03T21:14:47.8001603Z",
            "lastActionDateTimeUtc": "2021-08-03T21:14:52.8849738Z",
            "status": "Cancelled",
            "summary": {
              "total": 20,
              "failed": 0,
              "success": 0,
              "inProgress": 0,
              "notYetStarted": 0,
              "cancelled": 20,
              "totalCharacterCharged": 0
            }
          },
          {
            "id": "35491096-d4b6-4f64-a475-3a8f425bda13",
            "createdDateTimeUtc": "2021-08-02T16:24:08.8499137Z",
            "lastActionDateTimeUtc": "2021-08-02T16:24:13.2168149Z",
            "status": "Cancelled",
            "summary": {
              "total": 20,
              "failed": 0,
              "success": 0,
              "inProgress": 0,
              "notYetStarted": 0,
              "cancelled": 20,
              "totalCharacterCharged": 0
            }
          },
          {
            "id": "d6516cd6-00bc-4dd4-81e0-ac3531a9ef9a",
            "createdDateTimeUtc": "2021-08-02T16:24:04.9124096Z",
            "lastActionDateTimeUtc": "2021-08-02T16:24:09.2033129Z",
            "status": "Cancelled",
            "summary": {
              "total": 20,
              "failed": 0,
              "success": 0,
              "inProgress": 0,
              "notYetStarted": 0,
              "cancelled": 20,
              "totalCharacterCharged": 0
            }
          },
          {
            "id": "ec3e1c4c-3509-4f5a-86ee-3be559f978cf",
            "createdDateTimeUtc": "2021-08-02T16:17:43.4479159Z",
            "lastActionDateTimeUtc": "2021-08-02T16:17:46.1484498Z",
            "status": "Cancelled",
            "summary": {
              "total": 20,
              "failed": 0,
              "success": 0,
              "inProgress": 0,
              "notYetStarted": 0,
              "cancelled": 20,
              "totalCharacterCharged": 0
            }
          },
          {
            "id": "cd18395a-adb6-4566-a35d-4b7394ce7e7c",
            "createdDateTimeUtc": "2021-08-02T16:17:39.2236317Z",
            "lastActionDateTimeUtc": "2021-08-02T16:17:42.3718498Z",
            "status": "Cancelled",
            "summary": {
              "total": 20,
              "failed": 0,
              "success": 0,
              "inProgress": 0,
              "notYetStarted": 0,
              "cancelled": 20,
              "totalCharacterCharged": 0
            }
          },
          {
            "id": "3e9a5d00-90d9-4256-9d62-f1dfa1577da0",
            "createdDateTimeUtc": "2021-08-01T16:20:07.4673305Z",
            "lastActionDateTimeUtc": "2021-08-01T16:20:13.4203616Z",
            "status": "Cancelled",
            "summary": {
              "total": 20,
              "failed": 0,
              "success": 0,
              "inProgress": 0,
              "notYetStarted": 0,
              "cancelled": 20,
              "totalCharacterCharged": 0
            }
          },
          {
            "id": "fc266ece-821c-4ad7-9448-1813652fd6ec",
            "createdDateTimeUtc": "2021-08-01T16:20:03.3145089Z",
            "lastActionDateTimeUtc": "2021-08-01T16:20:12.698585Z",
            "status": "Cancelled",
            "summary": {
              "total": 20,
              "failed": 0,
              "success": 0,
              "inProgress": 0,
              "notYetStarted": 0,
              "cancelled": 20,
              "totalCharacterCharged": 0
            }
          },
          {
            "id": "9d74505c-4ec7-4849-a25e-347c9ca83531",
            "createdDateTimeUtc": "2021-08-01T16:19:14.3845766Z",
            "lastActionDateTimeUtc": "2021-08-01T16:19:19.1001524Z",
            "status": "Cancelled",
            "summary": {
              "total": 20,
              "failed": 0,
              "success": 0,
              "inProgress": 0,
              "notYetStarted": 0,
              "cancelled": 20,
              "totalCharacterCharged": 0
            }
          },
          {
            "id": "5263795e-4551-4f48-94da-32a53c735650",
            "createdDateTimeUtc": "2021-08-01T16:19:10.3372901Z",
            "lastActionDateTimeUtc": "2021-08-01T16:19:18.7374885Z",
            "status": "Cancelled",
            "summary": {
              "total": 20,
              "failed": 0,
              "success": 0,
              "inProgress": 0,
              "notYetStarted": 0,
              "cancelled": 20,
              "totalCharacterCharged": 0
            }
          }
        ]
      }
    }
  ],
  "Variables": {
    "DOCUMENT_TRANSLATION_API_KEY": "Sanitized",
    "DOCUMENT_TRANSLATION_CONNECTION_STRING": "DefaultEndpointsProtocol=https;AccountName=storagedoctranslator;AccountKey=Kg==;EndpointSuffix=core.windows.net",
    "DOCUMENT_TRANSLATION_ENDPOINT": "https://r-doctranslator.cognitiveservices.azure.com/",
    "RandomSeed": "1950452491"
  }
}