{
  "Entries": [
    {
      "RequestUri": "https://storagedoctranslator.blob.core.windows.net/source2144847833?restype=container",
      "RequestMethod": "PUT",
      "RequestHeaders": {
        "Authorization": "Sanitized",
        "traceparent": "00-cf2e4ac44ae885429b4b7c30a9053382-97107969c5f6554a-00",
        "User-Agent": [
          "azsdk-net-Storage.Blobs/12.8.0",
          "(.NET 5.0.8; Microsoft Windows 10.0.19043)"
        ],
        "x-ms-blob-public-access": "container",
        "x-ms-client-request-id": "3326724b8fdc79d434d5fbfe84f1411c",
        "x-ms-date": "Mon, 02 Aug 2021 16:05:01 GMT",
        "x-ms-return-client-request-id": "true",
        "x-ms-version": "2020-04-08"
      },
      "RequestBody": null,
      "StatusCode": 201,
      "ResponseHeaders": {
        "Content-Length": "0",
        "Date": "Mon, 02 Aug 2021 16:05:00 GMT",
        "ETag": "\u00220x8D955CF48CBF8C6\u0022",
        "Last-Modified": "Mon, 02 Aug 2021 16:05:01 GMT",
        "Server": [
          "Windows-Azure-Blob/1.0",
          "Microsoft-HTTPAPI/2.0"
        ],
        "x-ms-client-request-id": "3326724b8fdc79d434d5fbfe84f1411c",
        "x-ms-request-id": "f4763eee-501e-0043-50b8-870982000000",
        "x-ms-version": "2020-04-08"
      },
      "ResponseBody": []
    },
    {
      "RequestUri": "https://storagedoctranslator.blob.core.windows.net/source2144847833/File_0.txt",
      "RequestMethod": "PUT",
      "RequestHeaders": {
        "Authorization": "Sanitized",
        "Content-Length": "16",
        "If-None-Match": "*",
        "traceparent": "00-bcbb77ebffd498478ade6d9964d431ab-10f0e7286fcffc46-00",
        "User-Agent": [
          "azsdk-net-Storage.Blobs/12.8.0",
          "(.NET 5.0.8; Microsoft Windows 10.0.19043)"
        ],
        "x-ms-blob-type": "BlockBlob",
        "x-ms-client-request-id": "d2729a21e1d459bb97f5adc3994eed9f",
        "x-ms-date": "Mon, 02 Aug 2021 16:05:01 GMT",
        "x-ms-return-client-request-id": "true",
        "x-ms-version": "2020-04-08"
      },
      "RequestBody": "c29tZSByYW5kb20gdGV4dA==",
      "StatusCode": 201,
      "ResponseHeaders": {
        "Content-Length": "0",
        "Content-MD5": "B2caA4wOtDcj1CFpOwc8Ow==",
        "Date": "Mon, 02 Aug 2021 16:05:01 GMT",
        "ETag": "\u00220x8D955CF48F28BD9\u0022",
        "Last-Modified": "Mon, 02 Aug 2021 16:05:02 GMT",
        "Server": [
          "Windows-Azure-Blob/1.0",
          "Microsoft-HTTPAPI/2.0"
        ],
        "x-ms-client-request-id": "d2729a21e1d459bb97f5adc3994eed9f",
        "x-ms-content-crc64": "fxwoBBSnywc=",
        "x-ms-request-id": "f4764040-501e-0043-07b8-870982000000",
        "x-ms-request-server-encrypted": "true",
        "x-ms-version": "2020-04-08"
      },
      "ResponseBody": []
    },
    {
      "RequestUri": "https://storagedoctranslator.blob.core.windows.net/source2144847833/File_1.txt",
      "RequestMethod": "PUT",
      "RequestHeaders": {
        "Authorization": "Sanitized",
        "Content-Length": "16",
        "If-None-Match": "*",
        "traceparent": "00-0892786b1f9a7649baed70b90909b956-a29c1d3645d5ea4a-00",
        "User-Agent": [
          "azsdk-net-Storage.Blobs/12.8.0",
          "(.NET 5.0.8; Microsoft Windows 10.0.19043)"
        ],
        "x-ms-blob-type": "BlockBlob",
        "x-ms-client-request-id": "dd796d82c7127706b94972fa22c78604",
        "x-ms-date": "Mon, 02 Aug 2021 16:05:01 GMT",
        "x-ms-return-client-request-id": "true",
        "x-ms-version": "2020-04-08"
      },
      "RequestBody": "c29tZSByYW5kb20gdGV4dA==",
      "StatusCode": 201,
      "ResponseHeaders": {
        "Content-Length": "0",
        "Content-MD5": "B2caA4wOtDcj1CFpOwc8Ow==",
        "Date": "Mon, 02 Aug 2021 16:05:01 GMT",
        "ETag": "\u00220x8D955CF4916BC31\u0022",
        "Last-Modified": "Mon, 02 Aug 2021 16:05:02 GMT",
        "Server": [
          "Windows-Azure-Blob/1.0",
          "Microsoft-HTTPAPI/2.0"
        ],
        "x-ms-client-request-id": "dd796d82c7127706b94972fa22c78604",
        "x-ms-content-crc64": "fxwoBBSnywc=",
        "x-ms-request-id": "f476419a-501e-0043-3cb8-870982000000",
        "x-ms-request-server-encrypted": "true",
        "x-ms-version": "2020-04-08"
      },
      "ResponseBody": []
    },
    {
      "RequestUri": "https://storagedoctranslator.blob.core.windows.net/source2144847833/File_2.txt",
      "RequestMethod": "PUT",
      "RequestHeaders": {
        "Authorization": "Sanitized",
        "Content-Length": "16",
        "If-None-Match": "*",
        "traceparent": "00-ef283b75d4261243a545d0fcf32eaf01-a0ddc7ce33a25746-00",
        "User-Agent": [
          "azsdk-net-Storage.Blobs/12.8.0",
          "(.NET 5.0.8; Microsoft Windows 10.0.19043)"
        ],
        "x-ms-blob-type": "BlockBlob",
        "x-ms-client-request-id": "69360fe0a1e66a05b7cd9be6e211dfe6",
        "x-ms-date": "Mon, 02 Aug 2021 16:05:01 GMT",
        "x-ms-return-client-request-id": "true",
        "x-ms-version": "2020-04-08"
      },
      "RequestBody": "c29tZSByYW5kb20gdGV4dA==",
      "StatusCode": 201,
      "ResponseHeaders": {
        "Content-Length": "0",
        "Content-MD5": "B2caA4wOtDcj1CFpOwc8Ow==",
        "Date": "Mon, 02 Aug 2021 16:05:01 GMT",
        "ETag": "\u00220x8D955CF493B61D9\u0022",
        "Last-Modified": "Mon, 02 Aug 2021 16:05:02 GMT",
        "Server": [
          "Windows-Azure-Blob/1.0",
          "Microsoft-HTTPAPI/2.0"
        ],
        "x-ms-client-request-id": "69360fe0a1e66a05b7cd9be6e211dfe6",
        "x-ms-content-crc64": "fxwoBBSnywc=",
        "x-ms-request-id": "f47642f2-501e-0043-69b8-870982000000",
        "x-ms-request-server-encrypted": "true",
        "x-ms-version": "2020-04-08"
      },
      "ResponseBody": []
    },
    {
      "RequestUri": "https://storagedoctranslator.blob.core.windows.net/target648167143?restype=container",
      "RequestMethod": "PUT",
      "RequestHeaders": {
        "Authorization": "Sanitized",
        "traceparent": "00-55973ff8ebac564592e251ac05bbd09c-23a8bbfd44829549-00",
        "User-Agent": [
          "azsdk-net-Storage.Blobs/12.8.0",
          "(.NET 5.0.8; Microsoft Windows 10.0.19043)"
        ],
        "x-ms-blob-public-access": "container",
        "x-ms-client-request-id": "77177c5c0964935afa198a6ec136d06f",
        "x-ms-date": "Mon, 02 Aug 2021 16:05:02 GMT",
        "x-ms-return-client-request-id": "true",
        "x-ms-version": "2020-04-08"
      },
      "RequestBody": null,
      "StatusCode": 201,
      "ResponseHeaders": {
        "Content-Length": "0",
        "Date": "Mon, 02 Aug 2021 16:05:01 GMT",
        "ETag": "\u00220x8D955CF495E682E\u0022",
        "Last-Modified": "Mon, 02 Aug 2021 16:05:02 GMT",
        "Server": [
          "Windows-Azure-Blob/1.0",
          "Microsoft-HTTPAPI/2.0"
        ],
        "x-ms-client-request-id": "77177c5c0964935afa198a6ec136d06f",
        "x-ms-request-id": "f476444d-501e-0043-22b8-870982000000",
        "x-ms-version": "2020-04-08"
      },
      "ResponseBody": []
    },
    {
      "RequestUri": "https://r-doctranslator.cognitiveservices.azure.com/translator/text/batch/v1.0/batches",
      "RequestMethod": "POST",
      "RequestHeaders": {
        "Accept": "application/json",
        "Content-Length": "103",
        "Content-Type": "application/json",
        "Ocp-Apim-Subscription-Key": "Sanitized",
        "traceparent": "00-d36a4f87ac10604ba9a21b041a42a94e-70111f5ad07e1a4a-00",
        "User-Agent": [
          "azsdk-net-AI.Translation.Document/1.0.0-alpha.20210802.1",
          "(.NET 5.0.8; Microsoft Windows 10.0.19043)"
        ],
        "x-ms-client-request-id": "1889e2a8b88467e00f26452b2095a769",
        "x-ms-return-client-request-id": "true"
      },
      "RequestBody": {
        "inputs": [
          {
            "source": {
              "sourceUrl": "Sanitized"
            },
            "targets": [
              {
                "targetUrl": "Sanitized",
                "language": "fr"
              }
            ]
          }
        ]
      },
      "StatusCode": 202,
      "ResponseHeaders": {
        "apim-request-id": "5a722374-81fd-409f-a1b4-ef9066382921",
        "Content-Length": "0",
        "Date": "Mon, 02 Aug 2021 16:05:02 GMT",
        "Operation-Location": "https://r-doctranslator.cognitiveservices.azure.com/translator/text/batch/v1.0/batches/7afd5c7e-13d8-4691-abd0-abde4ce5474e",
        "Set-Cookie": [
          "ARRAffinity=d5311be9a7eee70fefb806f1e2337cdd19ccc651d9ba4b6954f0949b8feead5f;Path=/;HttpOnly;Secure;Domain=mtbatch.nam.microsofttranslator.com",
          "ARRAffinitySameSite=d5311be9a7eee70fefb806f1e2337cdd19ccc651d9ba4b6954f0949b8feead5f;Path=/;HttpOnly;SameSite=None;Secure;Domain=mtbatch.nam.microsofttranslator.com"
        ],
        "Strict-Transport-Security": "max-age=31536000; includeSubDomains; preload",
        "X-Content-Type-Options": "nosniff",
        "X-Powered-By": "ASP.NET",
        "X-RequestId": "5a722374-81fd-409f-a1b4-ef9066382921"
      },
      "ResponseBody": []
    },
    {
      "RequestUri": "https://r-doctranslator.cognitiveservices.azure.com/translator/text/batch/v1.0/batches/7afd5c7e-13d8-4691-abd0-abde4ce5474e",
      "RequestMethod": "GET",
      "RequestHeaders": {
        "Accept": "application/json",
        "Ocp-Apim-Subscription-Key": "Sanitized",
        "User-Agent": [
          "azsdk-net-AI.Translation.Document/1.0.0-alpha.20210802.1",
          "(.NET 5.0.8; Microsoft Windows 10.0.19043)"
        ],
        "x-ms-client-request-id": "4ac6138c8c6f057cdcd6ec887afbf696",
        "x-ms-return-client-request-id": "true"
      },
      "RequestBody": null,
      "StatusCode": 200,
      "ResponseHeaders": {
        "apim-request-id": "b1dd734c-89d2-4894-8ee1-d7a74245e59c",
        "Cache-Control": "public, max-age=1",
        "Content-Type": "application/json; charset=utf-8",
        "Date": "Mon, 02 Aug 2021 16:05:02 GMT",
        "ETag": "\u00222B64FF266769FF5C549482D5FA29F90EB9627F23201427FFDFA4BFC34CC0B114\u0022",
        "Retry-After": "1",
        "Set-Cookie": [
          "ARRAffinity=71659a59bc7ec5e68f754ab1110af7204cc0a6ca9121108e19aeec14032c3bc4;Path=/;HttpOnly;Secure;Domain=mtbatch.nam.microsofttranslator.com",
          "ARRAffinitySameSite=71659a59bc7ec5e68f754ab1110af7204cc0a6ca9121108e19aeec14032c3bc4;Path=/;HttpOnly;SameSite=None;Secure;Domain=mtbatch.nam.microsofttranslator.com"
        ],
        "Strict-Transport-Security": "max-age=31536000; includeSubDomains; preload",
        "Transfer-Encoding": "chunked",
        "X-Content-Type-Options": "nosniff",
        "X-Powered-By": "ASP.NET",
        "X-RequestId": "b1dd734c-89d2-4894-8ee1-d7a74245e59c"
      },
      "ResponseBody": {
        "id": "7afd5c7e-13d8-4691-abd0-abde4ce5474e",
        "createdDateTimeUtc": "2021-08-02T16:05:02.9540382Z",
        "lastActionDateTimeUtc": "2021-08-02T16:05:02.9540386Z",
        "status": "NotStarted",
        "summary": {
          "total": 0,
          "failed": 0,
          "success": 0,
          "inProgress": 0,
          "notYetStarted": 0,
          "cancelled": 0,
          "totalCharacterCharged": 0
        }
      }
    },
    {
      "RequestUri": "https://r-doctranslator.cognitiveservices.azure.com/translator/text/batch/v1.0/batches/7afd5c7e-13d8-4691-abd0-abde4ce5474e",
      "RequestMethod": "GET",
      "RequestHeaders": {
        "Accept": "application/json",
        "Ocp-Apim-Subscription-Key": "Sanitized",
        "User-Agent": [
          "azsdk-net-AI.Translation.Document/1.0.0-alpha.20210802.1",
          "(.NET 5.0.8; Microsoft Windows 10.0.19043)"
        ],
        "x-ms-client-request-id": "2e3977cbce56a3629caf683dc42e7364",
        "x-ms-return-client-request-id": "true"
      },
      "RequestBody": null,
      "StatusCode": 200,
      "ResponseHeaders": {
        "apim-request-id": "ccebf85a-80ae-4b56-abbc-b024819addd0",
        "Cache-Control": "public, max-age=1",
        "Content-Type": "application/json; charset=utf-8",
        "Date": "Mon, 02 Aug 2021 16:05:04 GMT",
        "ETag": "\u002230FBF01BA46B180E3DF07EA6800C675611630C17450C88F56E3AD6700782D7C8\u0022",
        "Retry-After": "1",
        "Set-Cookie": [
          "ARRAffinity=d5311be9a7eee70fefb806f1e2337cdd19ccc651d9ba4b6954f0949b8feead5f;Path=/;HttpOnly;Secure;Domain=mtbatch.nam.microsofttranslator.com",
          "ARRAffinitySameSite=d5311be9a7eee70fefb806f1e2337cdd19ccc651d9ba4b6954f0949b8feead5f;Path=/;HttpOnly;SameSite=None;Secure;Domain=mtbatch.nam.microsofttranslator.com"
        ],
        "Strict-Transport-Security": "max-age=31536000; includeSubDomains; preload",
        "Transfer-Encoding": "chunked",
        "X-Content-Type-Options": "nosniff",
        "X-Powered-By": "ASP.NET",
        "X-RequestId": "ccebf85a-80ae-4b56-abbc-b024819addd0"
      },
      "ResponseBody": {
        "id": "7afd5c7e-13d8-4691-abd0-abde4ce5474e",
        "createdDateTimeUtc": "2021-08-02T16:05:02.9540382Z",
        "lastActionDateTimeUtc": "2021-08-02T16:05:03.5255762Z",
        "status": "NotStarted",
        "summary": {
          "total": 3,
          "failed": 0,
          "success": 0,
          "inProgress": 0,
          "notYetStarted": 3,
          "cancelled": 0,
          "totalCharacterCharged": 0
        }
      }
    },
    {
      "RequestUri": "https://r-doctranslator.cognitiveservices.azure.com/translator/text/batch/v1.0/batches/7afd5c7e-13d8-4691-abd0-abde4ce5474e",
      "RequestMethod": "GET",
      "RequestHeaders": {
        "Accept": "application/json",
        "Ocp-Apim-Subscription-Key": "Sanitized",
        "User-Agent": [
          "azsdk-net-AI.Translation.Document/1.0.0-alpha.20210802.1",
          "(.NET 5.0.8; Microsoft Windows 10.0.19043)"
        ],
        "x-ms-client-request-id": "aee1217185701b0066843caecc57ed13",
        "x-ms-return-client-request-id": "true"
      },
      "RequestBody": null,
      "StatusCode": 200,
      "ResponseHeaders": {
        "apim-request-id": "a1336f45-9f8a-4b25-a8d8-c296a2194fc9",
        "Cache-Control": "public, max-age=1",
        "Content-Type": "application/json; charset=utf-8",
        "Date": "Mon, 02 Aug 2021 16:05:05 GMT",
        "ETag": "\u0022668D69E5E6DC3C9AC36E4AEE6E74E1D7A9C6A60EFBBFFEEE8B6AD00BB541B847\u0022",
        "Retry-After": "1",
        "Set-Cookie": [
          "ARRAffinity=71659a59bc7ec5e68f754ab1110af7204cc0a6ca9121108e19aeec14032c3bc4;Path=/;HttpOnly;Secure;Domain=mtbatch.nam.microsofttranslator.com",
          "ARRAffinitySameSite=71659a59bc7ec5e68f754ab1110af7204cc0a6ca9121108e19aeec14032c3bc4;Path=/;HttpOnly;SameSite=None;Secure;Domain=mtbatch.nam.microsofttranslator.com"
        ],
        "Strict-Transport-Security": "max-age=31536000; includeSubDomains; preload",
        "Transfer-Encoding": "chunked",
        "X-Content-Type-Options": "nosniff",
        "X-Powered-By": "ASP.NET",
        "X-RequestId": "a1336f45-9f8a-4b25-a8d8-c296a2194fc9"
      },
      "ResponseBody": {
        "id": "7afd5c7e-13d8-4691-abd0-abde4ce5474e",
        "createdDateTimeUtc": "2021-08-02T16:05:02.9540382Z",
        "lastActionDateTimeUtc": "2021-08-02T16:05:05.7674713Z",
        "status": "Running",
        "summary": {
          "total": 3,
          "failed": 0,
          "success": 0,
          "inProgress": 3,
          "notYetStarted": 0,
          "cancelled": 0,
          "totalCharacterCharged": 0
        }
      }
    },
    {
      "RequestUri": "https://r-doctranslator.cognitiveservices.azure.com/translator/text/batch/v1.0/batches/7afd5c7e-13d8-4691-abd0-abde4ce5474e",
      "RequestMethod": "GET",
      "RequestHeaders": {
        "Accept": "application/json",
        "Ocp-Apim-Subscription-Key": "Sanitized",
        "User-Agent": [
          "azsdk-net-AI.Translation.Document/1.0.0-alpha.20210802.1",
          "(.NET 5.0.8; Microsoft Windows 10.0.19043)"
        ],
        "x-ms-client-request-id": "a95fae2f795cbe13b022aebf243e41ad",
        "x-ms-return-client-request-id": "true"
      },
      "RequestBody": null,
      "StatusCode": 200,
      "ResponseHeaders": {
        "apim-request-id": "193b98e8-1b3e-41e0-8b1b-d51d79a91564",
        "Cache-Control": "public, max-age=1",
        "Content-Type": "application/json; charset=utf-8",
        "Date": "Mon, 02 Aug 2021 16:05:06 GMT",
        "ETag": "\u0022668D69E5E6DC3C9AC36E4AEE6E74E1D7A9C6A60EFBBFFEEE8B6AD00BB541B847\u0022",
        "Retry-After": "1",
        "Set-Cookie": [
          "ARRAffinity=d5311be9a7eee70fefb806f1e2337cdd19ccc651d9ba4b6954f0949b8feead5f;Path=/;HttpOnly;Secure;Domain=mtbatch.nam.microsofttranslator.com",
          "ARRAffinitySameSite=d5311be9a7eee70fefb806f1e2337cdd19ccc651d9ba4b6954f0949b8feead5f;Path=/;HttpOnly;SameSite=None;Secure;Domain=mtbatch.nam.microsofttranslator.com"
        ],
        "Strict-Transport-Security": "max-age=31536000; includeSubDomains; preload",
        "Transfer-Encoding": "chunked",
        "X-Content-Type-Options": "nosniff",
        "X-Powered-By": "ASP.NET",
        "X-RequestId": "193b98e8-1b3e-41e0-8b1b-d51d79a91564"
      },
      "ResponseBody": {
        "id": "7afd5c7e-13d8-4691-abd0-abde4ce5474e",
        "createdDateTimeUtc": "2021-08-02T16:05:02.9540382Z",
        "lastActionDateTimeUtc": "2021-08-02T16:05:05.7674713Z",
        "status": "Running",
        "summary": {
          "total": 3,
          "failed": 0,
          "success": 0,
          "inProgress": 3,
          "notYetStarted": 0,
          "cancelled": 0,
          "totalCharacterCharged": 0
        }
      }
    },
    {
      "RequestUri": "https://r-doctranslator.cognitiveservices.azure.com/translator/text/batch/v1.0/batches/7afd5c7e-13d8-4691-abd0-abde4ce5474e",
      "RequestMethod": "GET",
      "RequestHeaders": {
        "Accept": "application/json",
        "Ocp-Apim-Subscription-Key": "Sanitized",
        "User-Agent": [
          "azsdk-net-AI.Translation.Document/1.0.0-alpha.20210802.1",
          "(.NET 5.0.8; Microsoft Windows 10.0.19043)"
        ],
        "x-ms-client-request-id": "5917876248194525761dc8d192b4d644",
        "x-ms-return-client-request-id": "true"
      },
      "RequestBody": null,
      "StatusCode": 200,
      "ResponseHeaders": {
        "apim-request-id": "a3d422df-281e-494d-bac2-5c85a68287f1",
        "Cache-Control": "public, max-age=1",
        "Content-Type": "application/json; charset=utf-8",
        "Date": "Mon, 02 Aug 2021 16:05:07 GMT",
        "ETag": "\u0022668D69E5E6DC3C9AC36E4AEE6E74E1D7A9C6A60EFBBFFEEE8B6AD00BB541B847\u0022",
        "Retry-After": "1",
        "Set-Cookie": [
          "ARRAffinity=71659a59bc7ec5e68f754ab1110af7204cc0a6ca9121108e19aeec14032c3bc4;Path=/;HttpOnly;Secure;Domain=mtbatch.nam.microsofttranslator.com",
          "ARRAffinitySameSite=71659a59bc7ec5e68f754ab1110af7204cc0a6ca9121108e19aeec14032c3bc4;Path=/;HttpOnly;SameSite=None;Secure;Domain=mtbatch.nam.microsofttranslator.com"
        ],
        "Strict-Transport-Security": "max-age=31536000; includeSubDomains; preload",
        "Transfer-Encoding": "chunked",
        "X-Content-Type-Options": "nosniff",
        "X-Powered-By": "ASP.NET",
        "X-RequestId": "a3d422df-281e-494d-bac2-5c85a68287f1"
      },
      "ResponseBody": {
        "id": "7afd5c7e-13d8-4691-abd0-abde4ce5474e",
        "createdDateTimeUtc": "2021-08-02T16:05:02.9540382Z",
        "lastActionDateTimeUtc": "2021-08-02T16:05:05.7674713Z",
        "status": "Running",
        "summary": {
          "total": 3,
          "failed": 0,
          "success": 0,
          "inProgress": 3,
          "notYetStarted": 0,
          "cancelled": 0,
          "totalCharacterCharged": 0
        }
      }
    },
    {
      "RequestUri": "https://r-doctranslator.cognitiveservices.azure.com/translator/text/batch/v1.0/batches/7afd5c7e-13d8-4691-abd0-abde4ce5474e",
      "RequestMethod": "GET",
      "RequestHeaders": {
        "Accept": "application/json",
        "Ocp-Apim-Subscription-Key": "Sanitized",
        "User-Agent": [
          "azsdk-net-AI.Translation.Document/1.0.0-alpha.20210802.1",
          "(.NET 5.0.8; Microsoft Windows 10.0.19043)"
        ],
        "x-ms-client-request-id": "150d55c2c9cef8070e23fd4dd740f727",
        "x-ms-return-client-request-id": "true"
      },
      "RequestBody": null,
      "StatusCode": 200,
      "ResponseHeaders": {
        "apim-request-id": "2776e640-78f5-41f7-adc0-337e1339efb1",
        "Cache-Control": "public, max-age=1",
        "Content-Type": "application/json; charset=utf-8",
        "Date": "Mon, 02 Aug 2021 16:05:08 GMT",
        "ETag": "\u0022668D69E5E6DC3C9AC36E4AEE6E74E1D7A9C6A60EFBBFFEEE8B6AD00BB541B847\u0022",
        "Retry-After": "1",
        "Set-Cookie": [
          "ARRAffinity=d5311be9a7eee70fefb806f1e2337cdd19ccc651d9ba4b6954f0949b8feead5f;Path=/;HttpOnly;Secure;Domain=mtbatch.nam.microsofttranslator.com",
          "ARRAffinitySameSite=d5311be9a7eee70fefb806f1e2337cdd19ccc651d9ba4b6954f0949b8feead5f;Path=/;HttpOnly;SameSite=None;Secure;Domain=mtbatch.nam.microsofttranslator.com"
        ],
        "Strict-Transport-Security": "max-age=31536000; includeSubDomains; preload",
        "Transfer-Encoding": "chunked",
        "X-Content-Type-Options": "nosniff",
        "X-Powered-By": "ASP.NET",
        "X-RequestId": "2776e640-78f5-41f7-adc0-337e1339efb1"
      },
      "ResponseBody": {
        "id": "7afd5c7e-13d8-4691-abd0-abde4ce5474e",
        "createdDateTimeUtc": "2021-08-02T16:05:02.9540382Z",
        "lastActionDateTimeUtc": "2021-08-02T16:05:05.7674713Z",
        "status": "Running",
        "summary": {
          "total": 3,
          "failed": 0,
          "success": 0,
          "inProgress": 3,
          "notYetStarted": 0,
          "cancelled": 0,
          "totalCharacterCharged": 0
        }
      }
    },
    {
      "RequestUri": "https://r-doctranslator.cognitiveservices.azure.com/translator/text/batch/v1.0/batches/7afd5c7e-13d8-4691-abd0-abde4ce5474e",
      "RequestMethod": "GET",
      "RequestHeaders": {
        "Accept": "application/json",
        "Ocp-Apim-Subscription-Key": "Sanitized",
        "User-Agent": [
          "azsdk-net-AI.Translation.Document/1.0.0-alpha.20210802.1",
          "(.NET 5.0.8; Microsoft Windows 10.0.19043)"
        ],
        "x-ms-client-request-id": "444b8e429340e7f9881a323fb0412cfb",
        "x-ms-return-client-request-id": "true"
      },
      "RequestBody": null,
      "StatusCode": 200,
      "ResponseHeaders": {
        "apim-request-id": "95766110-35d7-4444-8262-384b58f22a84",
        "Cache-Control": "public, max-age=1",
        "Content-Type": "application/json; charset=utf-8",
        "Date": "Mon, 02 Aug 2021 16:05:10 GMT",
        "ETag": "\u0022668D69E5E6DC3C9AC36E4AEE6E74E1D7A9C6A60EFBBFFEEE8B6AD00BB541B847\u0022",
        "Retry-After": "1",
        "Set-Cookie": [
          "ARRAffinity=71659a59bc7ec5e68f754ab1110af7204cc0a6ca9121108e19aeec14032c3bc4;Path=/;HttpOnly;Secure;Domain=mtbatch.nam.microsofttranslator.com",
          "ARRAffinitySameSite=71659a59bc7ec5e68f754ab1110af7204cc0a6ca9121108e19aeec14032c3bc4;Path=/;HttpOnly;SameSite=None;Secure;Domain=mtbatch.nam.microsofttranslator.com"
        ],
        "Strict-Transport-Security": "max-age=31536000; includeSubDomains; preload",
        "Transfer-Encoding": "chunked",
        "X-Content-Type-Options": "nosniff",
        "X-Powered-By": "ASP.NET",
        "X-RequestId": "95766110-35d7-4444-8262-384b58f22a84"
      },
      "ResponseBody": {
        "id": "7afd5c7e-13d8-4691-abd0-abde4ce5474e",
        "createdDateTimeUtc": "2021-08-02T16:05:02.9540382Z",
        "lastActionDateTimeUtc": "2021-08-02T16:05:05.7674713Z",
        "status": "Running",
        "summary": {
          "total": 3,
          "failed": 0,
          "success": 0,
          "inProgress": 3,
          "notYetStarted": 0,
          "cancelled": 0,
          "totalCharacterCharged": 0
        }
      }
    },
    {
      "RequestUri": "https://r-doctranslator.cognitiveservices.azure.com/translator/text/batch/v1.0/batches/7afd5c7e-13d8-4691-abd0-abde4ce5474e",
      "RequestMethod": "GET",
      "RequestHeaders": {
        "Accept": "application/json",
        "Ocp-Apim-Subscription-Key": "Sanitized",
        "User-Agent": [
          "azsdk-net-AI.Translation.Document/1.0.0-alpha.20210802.1",
          "(.NET 5.0.8; Microsoft Windows 10.0.19043)"
        ],
        "x-ms-client-request-id": "cffd694c2b3099de7f1f4bf64ad86d36",
        "x-ms-return-client-request-id": "true"
      },
      "RequestBody": null,
      "StatusCode": 200,
      "ResponseHeaders": {
        "apim-request-id": "d4cacdf5-6cc9-4326-8adf-d79199ea93b7",
        "Cache-Control": "public, max-age=1",
        "Content-Type": "application/json; charset=utf-8",
        "Date": "Mon, 02 Aug 2021 16:05:11 GMT",
        "ETag": "\u0022668D69E5E6DC3C9AC36E4AEE6E74E1D7A9C6A60EFBBFFEEE8B6AD00BB541B847\u0022",
        "Retry-After": "1",
        "Set-Cookie": [
          "ARRAffinity=d5311be9a7eee70fefb806f1e2337cdd19ccc651d9ba4b6954f0949b8feead5f;Path=/;HttpOnly;Secure;Domain=mtbatch.nam.microsofttranslator.com",
          "ARRAffinitySameSite=d5311be9a7eee70fefb806f1e2337cdd19ccc651d9ba4b6954f0949b8feead5f;Path=/;HttpOnly;SameSite=None;Secure;Domain=mtbatch.nam.microsofttranslator.com"
        ],
        "Strict-Transport-Security": "max-age=31536000; includeSubDomains; preload",
        "Transfer-Encoding": "chunked",
        "X-Content-Type-Options": "nosniff",
        "X-Powered-By": "ASP.NET",
        "X-RequestId": "d4cacdf5-6cc9-4326-8adf-d79199ea93b7"
      },
      "ResponseBody": {
        "id": "7afd5c7e-13d8-4691-abd0-abde4ce5474e",
        "createdDateTimeUtc": "2021-08-02T16:05:02.9540382Z",
        "lastActionDateTimeUtc": "2021-08-02T16:05:05.7674713Z",
        "status": "Running",
        "summary": {
          "total": 3,
          "failed": 0,
          "success": 0,
          "inProgress": 3,
          "notYetStarted": 0,
          "cancelled": 0,
          "totalCharacterCharged": 0
        }
      }
    },
    {
      "RequestUri": "https://r-doctranslator.cognitiveservices.azure.com/translator/text/batch/v1.0/batches/7afd5c7e-13d8-4691-abd0-abde4ce5474e",
      "RequestMethod": "GET",
      "RequestHeaders": {
        "Accept": "application/json",
        "Ocp-Apim-Subscription-Key": "Sanitized",
        "User-Agent": [
          "azsdk-net-AI.Translation.Document/1.0.0-alpha.20210802.1",
          "(.NET 5.0.8; Microsoft Windows 10.0.19043)"
        ],
        "x-ms-client-request-id": "038ea12591682e045b268cb497c847cc",
        "x-ms-return-client-request-id": "true"
      },
      "RequestBody": null,
      "StatusCode": 200,
      "ResponseHeaders": {
        "apim-request-id": "3d2217f6-77c5-4258-8a24-de4b4a7344fe",
        "Cache-Control": "public, max-age=1",
        "Content-Type": "application/json; charset=utf-8",
        "Date": "Mon, 02 Aug 2021 16:05:12 GMT",
        "ETag": "\u0022668D69E5E6DC3C9AC36E4AEE6E74E1D7A9C6A60EFBBFFEEE8B6AD00BB541B847\u0022",
        "Retry-After": "1",
        "Set-Cookie": [
          "ARRAffinity=71659a59bc7ec5e68f754ab1110af7204cc0a6ca9121108e19aeec14032c3bc4;Path=/;HttpOnly;Secure;Domain=mtbatch.nam.microsofttranslator.com",
          "ARRAffinitySameSite=71659a59bc7ec5e68f754ab1110af7204cc0a6ca9121108e19aeec14032c3bc4;Path=/;HttpOnly;SameSite=None;Secure;Domain=mtbatch.nam.microsofttranslator.com"
        ],
        "Strict-Transport-Security": "max-age=31536000; includeSubDomains; preload",
        "Transfer-Encoding": "chunked",
        "X-Content-Type-Options": "nosniff",
        "X-Powered-By": "ASP.NET",
        "X-RequestId": "3d2217f6-77c5-4258-8a24-de4b4a7344fe"
      },
      "ResponseBody": {
        "id": "7afd5c7e-13d8-4691-abd0-abde4ce5474e",
        "createdDateTimeUtc": "2021-08-02T16:05:02.9540382Z",
        "lastActionDateTimeUtc": "2021-08-02T16:05:05.7674713Z",
        "status": "Running",
        "summary": {
          "total": 3,
          "failed": 0,
          "success": 0,
          "inProgress": 3,
          "notYetStarted": 0,
          "cancelled": 0,
          "totalCharacterCharged": 0
        }
      }
    },
    {
      "RequestUri": "https://r-doctranslator.cognitiveservices.azure.com/translator/text/batch/v1.0/batches/7afd5c7e-13d8-4691-abd0-abde4ce5474e",
      "RequestMethod": "GET",
      "RequestHeaders": {
        "Accept": "application/json",
        "Ocp-Apim-Subscription-Key": "Sanitized",
        "User-Agent": [
          "azsdk-net-AI.Translation.Document/1.0.0-alpha.20210802.1",
          "(.NET 5.0.8; Microsoft Windows 10.0.19043)"
        ],
        "x-ms-client-request-id": "6e0102f6284216f6b0b2c42148029db0",
        "x-ms-return-client-request-id": "true"
      },
      "RequestBody": null,
      "StatusCode": 200,
      "ResponseHeaders": {
        "apim-request-id": "dc2b5a93-ad5e-4773-867a-38c768790dea",
        "Cache-Control": "public, max-age=1",
        "Content-Type": "application/json; charset=utf-8",
        "Date": "Mon, 02 Aug 2021 16:05:13 GMT",
        "ETag": "\u0022668D69E5E6DC3C9AC36E4AEE6E74E1D7A9C6A60EFBBFFEEE8B6AD00BB541B847\u0022",
        "Retry-After": "1",
        "Set-Cookie": [
          "ARRAffinity=d5311be9a7eee70fefb806f1e2337cdd19ccc651d9ba4b6954f0949b8feead5f;Path=/;HttpOnly;Secure;Domain=mtbatch.nam.microsofttranslator.com",
          "ARRAffinitySameSite=d5311be9a7eee70fefb806f1e2337cdd19ccc651d9ba4b6954f0949b8feead5f;Path=/;HttpOnly;SameSite=None;Secure;Domain=mtbatch.nam.microsofttranslator.com"
        ],
        "Strict-Transport-Security": "max-age=31536000; includeSubDomains; preload",
        "Transfer-Encoding": "chunked",
        "X-Content-Type-Options": "nosniff",
        "X-Powered-By": "ASP.NET",
        "X-RequestId": "dc2b5a93-ad5e-4773-867a-38c768790dea"
      },
      "ResponseBody": {
        "id": "7afd5c7e-13d8-4691-abd0-abde4ce5474e",
        "createdDateTimeUtc": "2021-08-02T16:05:02.9540382Z",
        "lastActionDateTimeUtc": "2021-08-02T16:05:05.7674713Z",
        "status": "Running",
        "summary": {
          "total": 3,
          "failed": 0,
          "success": 0,
          "inProgress": 3,
          "notYetStarted": 0,
          "cancelled": 0,
          "totalCharacterCharged": 0
        }
      }
    },
    {
      "RequestUri": "https://r-doctranslator.cognitiveservices.azure.com/translator/text/batch/v1.0/batches/7afd5c7e-13d8-4691-abd0-abde4ce5474e",
      "RequestMethod": "GET",
      "RequestHeaders": {
        "Accept": "application/json",
        "Ocp-Apim-Subscription-Key": "Sanitized",
        "User-Agent": [
          "azsdk-net-AI.Translation.Document/1.0.0-alpha.20210802.1",
          "(.NET 5.0.8; Microsoft Windows 10.0.19043)"
        ],
        "x-ms-client-request-id": "0e19fcac29b2ba9265cf730a9f2901b7",
        "x-ms-return-client-request-id": "true"
      },
      "RequestBody": null,
      "StatusCode": 200,
      "ResponseHeaders": {
        "apim-request-id": "e333b135-a82c-43cd-b77b-74e0dc5eb54c",
        "Cache-Control": "public, max-age=1",
        "Content-Type": "application/json; charset=utf-8",
        "Date": "Mon, 02 Aug 2021 16:05:15 GMT",
        "ETag": "\u0022668D69E5E6DC3C9AC36E4AEE6E74E1D7A9C6A60EFBBFFEEE8B6AD00BB541B847\u0022",
        "Retry-After": "1",
        "Set-Cookie": [
          "ARRAffinity=71659a59bc7ec5e68f754ab1110af7204cc0a6ca9121108e19aeec14032c3bc4;Path=/;HttpOnly;Secure;Domain=mtbatch.nam.microsofttranslator.com",
          "ARRAffinitySameSite=71659a59bc7ec5e68f754ab1110af7204cc0a6ca9121108e19aeec14032c3bc4;Path=/;HttpOnly;SameSite=None;Secure;Domain=mtbatch.nam.microsofttranslator.com"
        ],
        "Strict-Transport-Security": "max-age=31536000; includeSubDomains; preload",
        "Transfer-Encoding": "chunked",
        "X-Content-Type-Options": "nosniff",
        "X-Powered-By": "ASP.NET",
        "X-RequestId": "e333b135-a82c-43cd-b77b-74e0dc5eb54c"
      },
      "ResponseBody": {
        "id": "7afd5c7e-13d8-4691-abd0-abde4ce5474e",
        "createdDateTimeUtc": "2021-08-02T16:05:02.9540382Z",
        "lastActionDateTimeUtc": "2021-08-02T16:05:05.7674713Z",
        "status": "Running",
        "summary": {
          "total": 3,
          "failed": 0,
          "success": 0,
          "inProgress": 3,
          "notYetStarted": 0,
          "cancelled": 0,
          "totalCharacterCharged": 0
        }
      }
    },
    {
      "RequestUri": "https://r-doctranslator.cognitiveservices.azure.com/translator/text/batch/v1.0/batches/7afd5c7e-13d8-4691-abd0-abde4ce5474e",
      "RequestMethod": "GET",
      "RequestHeaders": {
        "Accept": "application/json",
        "Ocp-Apim-Subscription-Key": "Sanitized",
        "User-Agent": [
          "azsdk-net-AI.Translation.Document/1.0.0-alpha.20210802.1",
          "(.NET 5.0.8; Microsoft Windows 10.0.19043)"
        ],
        "x-ms-client-request-id": "47007ed7ffd7fdf3aa7852b6cce3e558",
        "x-ms-return-client-request-id": "true"
      },
      "RequestBody": null,
      "StatusCode": 200,
      "ResponseHeaders": {
        "apim-request-id": "54446bbf-b915-4c79-8c84-a1c4ad465429",
        "Cache-Control": "public, max-age=1",
        "Content-Type": "application/json; charset=utf-8",
        "Date": "Mon, 02 Aug 2021 16:05:17 GMT",
        "ETag": "\u0022668D69E5E6DC3C9AC36E4AEE6E74E1D7A9C6A60EFBBFFEEE8B6AD00BB541B847\u0022",
        "Retry-After": "1",
        "Set-Cookie": [
          "ARRAffinity=d5311be9a7eee70fefb806f1e2337cdd19ccc651d9ba4b6954f0949b8feead5f;Path=/;HttpOnly;Secure;Domain=mtbatch.nam.microsofttranslator.com",
          "ARRAffinitySameSite=d5311be9a7eee70fefb806f1e2337cdd19ccc651d9ba4b6954f0949b8feead5f;Path=/;HttpOnly;SameSite=None;Secure;Domain=mtbatch.nam.microsofttranslator.com"
        ],
        "Strict-Transport-Security": "max-age=31536000; includeSubDomains; preload",
        "Transfer-Encoding": "chunked",
        "X-Content-Type-Options": "nosniff",
        "X-Powered-By": "ASP.NET",
        "X-RequestId": "54446bbf-b915-4c79-8c84-a1c4ad465429"
      },
      "ResponseBody": {
        "id": "7afd5c7e-13d8-4691-abd0-abde4ce5474e",
        "createdDateTimeUtc": "2021-08-02T16:05:02.9540382Z",
        "lastActionDateTimeUtc": "2021-08-02T16:05:05.7674713Z",
        "status": "Running",
        "summary": {
          "total": 3,
          "failed": 0,
          "success": 0,
          "inProgress": 3,
          "notYetStarted": 0,
          "cancelled": 0,
          "totalCharacterCharged": 0
        }
      }
    },
    {
      "RequestUri": "https://r-doctranslator.cognitiveservices.azure.com/translator/text/batch/v1.0/batches/7afd5c7e-13d8-4691-abd0-abde4ce5474e",
      "RequestMethod": "GET",
      "RequestHeaders": {
        "Accept": "application/json",
        "Ocp-Apim-Subscription-Key": "Sanitized",
        "User-Agent": [
          "azsdk-net-AI.Translation.Document/1.0.0-alpha.20210802.1",
          "(.NET 5.0.8; Microsoft Windows 10.0.19043)"
        ],
        "x-ms-client-request-id": "9b07db8839afcd196f460873b5eb7786",
        "x-ms-return-client-request-id": "true"
      },
      "RequestBody": null,
      "StatusCode": 200,
      "ResponseHeaders": {
        "apim-request-id": "dc2caed8-1669-44c4-984a-cfb1c938a876",
        "Cache-Control": "public, max-age=1",
        "Content-Type": "application/json; charset=utf-8",
        "Date": "Mon, 02 Aug 2021 16:05:18 GMT",
        "ETag": "\u0022A2D5747D8F376B6193BEF993E788388D208EECFA5EA1E9514FA90B14F0D03F50\u0022",
        "Retry-After": "1",
        "Set-Cookie": [
          "ARRAffinity=d5311be9a7eee70fefb806f1e2337cdd19ccc651d9ba4b6954f0949b8feead5f;Path=/;HttpOnly;Secure;Domain=mtbatch.nam.microsofttranslator.com",
          "ARRAffinitySameSite=d5311be9a7eee70fefb806f1e2337cdd19ccc651d9ba4b6954f0949b8feead5f;Path=/;HttpOnly;SameSite=None;Secure;Domain=mtbatch.nam.microsofttranslator.com"
        ],
        "Strict-Transport-Security": "max-age=31536000; includeSubDomains; preload",
        "Transfer-Encoding": "chunked",
        "X-Content-Type-Options": "nosniff",
        "X-Powered-By": "ASP.NET",
        "X-RequestId": "dc2caed8-1669-44c4-984a-cfb1c938a876"
      },
      "ResponseBody": {
        "id": "7afd5c7e-13d8-4691-abd0-abde4ce5474e",
        "createdDateTimeUtc": "2021-08-02T16:05:02.9540382Z",
        "lastActionDateTimeUtc": "2021-08-02T16:05:05.7674713Z",
        "status": "Running",
        "summary": {
          "total": 3,
          "failed": 0,
          "success": 2,
          "inProgress": 1,
          "notYetStarted": 0,
          "cancelled": 0,
          "totalCharacterCharged": 32
        }
      }
    },
    {
      "RequestUri": "https://r-doctranslator.cognitiveservices.azure.com/translator/text/batch/v1.0/batches/7afd5c7e-13d8-4691-abd0-abde4ce5474e",
      "RequestMethod": "GET",
      "RequestHeaders": {
        "Accept": "application/json",
        "Ocp-Apim-Subscription-Key": "Sanitized",
        "User-Agent": [
          "azsdk-net-AI.Translation.Document/1.0.0-alpha.20210802.1",
          "(.NET 5.0.8; Microsoft Windows 10.0.19043)"
        ],
        "x-ms-client-request-id": "c9490db05502add9081b643ad6dced82",
        "x-ms-return-client-request-id": "true"
      },
      "RequestBody": null,
      "StatusCode": 200,
      "ResponseHeaders": {
        "apim-request-id": "4c4160cd-fe2b-41e9-9662-ab6e7dbfa184",
        "Cache-Control": "public, max-age=1",
        "Content-Type": "application/json; charset=utf-8",
        "Date": "Mon, 02 Aug 2021 16:05:19 GMT",
        "ETag": "\u0022177CAE5D6ECFBEFE6075E2A4863158827C5DE7D7FC5EEE6F55CD8F1EA881E931\u0022",
        "Retry-After": "1",
        "Set-Cookie": [
          "ARRAffinity=71659a59bc7ec5e68f754ab1110af7204cc0a6ca9121108e19aeec14032c3bc4;Path=/;HttpOnly;Secure;Domain=mtbatch.nam.microsofttranslator.com",
          "ARRAffinitySameSite=71659a59bc7ec5e68f754ab1110af7204cc0a6ca9121108e19aeec14032c3bc4;Path=/;HttpOnly;SameSite=None;Secure;Domain=mtbatch.nam.microsofttranslator.com"
        ],
        "Strict-Transport-Security": "max-age=31536000; includeSubDomains; preload",
        "Transfer-Encoding": "chunked",
        "X-Content-Type-Options": "nosniff",
        "X-Powered-By": "ASP.NET",
        "X-RequestId": "4c4160cd-fe2b-41e9-9662-ab6e7dbfa184"
      },
      "ResponseBody": {
        "id": "7afd5c7e-13d8-4691-abd0-abde4ce5474e",
        "createdDateTimeUtc": "2021-08-02T16:05:02.9540382Z",
        "lastActionDateTimeUtc": "2021-08-02T16:05:05.7674713Z",
        "status": "Succeeded",
        "summary": {
          "total": 3,
          "failed": 0,
          "success": 3,
          "inProgress": 0,
          "notYetStarted": 0,
          "cancelled": 0,
          "totalCharacterCharged": 48
        }
      }
    },
    {
      "RequestUri": "https://r-doctranslator.cognitiveservices.azure.com/translator/text/batch/v1.0/batches/7afd5c7e-13d8-4691-abd0-abde4ce5474e/documents",
      "RequestMethod": "GET",
      "RequestHeaders": {
        "Accept": "application/json",
        "Ocp-Apim-Subscription-Key": "Sanitized",
        "User-Agent": [
          "azsdk-net-AI.Translation.Document/1.0.0-alpha.20210802.1",
          "(.NET 5.0.8; Microsoft Windows 10.0.19043)"
        ],
        "x-ms-client-request-id": "c3821ae966229e076533d890f68048be",
        "x-ms-return-client-request-id": "true"
      },
      "RequestBody": null,
      "StatusCode": 200,
      "ResponseHeaders": {
        "apim-request-id": "d53ce8ac-4a31-47b5-8603-14f48c188dcf",
        "Cache-Control": "public, max-age=1",
        "Content-Type": "application/json; charset=utf-8",
        "Date": "Mon, 02 Aug 2021 16:05:19 GMT",
        "ETag": "\u00228270350399FEAD5FF9DCFCA888A1566245A4CADFEDCF45A3562A8B2E25479585\u0022",
        "Retry-After": "1",
        "Set-Cookie": [
          "ARRAffinity=d5311be9a7eee70fefb806f1e2337cdd19ccc651d9ba4b6954f0949b8feead5f;Path=/;HttpOnly;Secure;Domain=mtbatch.nam.microsofttranslator.com",
          "ARRAffinitySameSite=d5311be9a7eee70fefb806f1e2337cdd19ccc651d9ba4b6954f0949b8feead5f;Path=/;HttpOnly;SameSite=None;Secure;Domain=mtbatch.nam.microsofttranslator.com"
        ],
        "Strict-Transport-Security": "max-age=31536000; includeSubDomains; preload",
        "Transfer-Encoding": "chunked",
        "X-Content-Type-Options": "nosniff",
        "X-Powered-By": "ASP.NET",
        "X-RequestId": "d53ce8ac-4a31-47b5-8603-14f48c188dcf"
      },
      "ResponseBody": {
        "value": [
          {
            "path": "https://storagedoctranslator.blob.core.windows.net/target648167143/File_2.txt",
            "sourcePath": "https://storagedoctranslator.blob.core.windows.net/source2144847833/File_2.txt",
            "createdDateTimeUtc": "2021-08-02T16:05:04.5825888Z",
            "lastActionDateTimeUtc": "2021-08-02T16:05:17.4654216Z",
            "status": "Succeeded",
            "to": "fr",
            "progress": 1,
            "id": "000a3179-0000-0000-0000-000000000000",
            "characterCharged": 16
          },
          {
            "path": "https://storagedoctranslator.blob.core.windows.net/target648167143/File_1.txt",
            "sourcePath": "https://storagedoctranslator.blob.core.windows.net/source2144847833/File_1.txt",
            "createdDateTimeUtc": "2021-08-02T16:05:04.5625755Z",
            "lastActionDateTimeUtc": "2021-08-02T16:05:18.9445098Z",
            "status": "Succeeded",
            "to": "fr",
            "progress": 1,
            "id": "000a3178-0000-0000-0000-000000000000",
            "characterCharged": 16
          },
          {
            "path": "https://storagedoctranslator.blob.core.windows.net/target648167143/File_0.txt",
            "sourcePath": "https://storagedoctranslator.blob.core.windows.net/source2144847833/File_0.txt",
            "createdDateTimeUtc": "2021-08-02T16:05:04.5551103Z",
            "lastActionDateTimeUtc": "2021-08-02T16:05:17.2980732Z",
            "status": "Succeeded",
            "to": "fr",
            "progress": 1,
            "id": "000a3177-0000-0000-0000-000000000000",
            "characterCharged": 16
          }
        ]
      }
    },
    {
      "RequestUri": "https://r-doctranslator.cognitiveservices.azure.com/translator/text/batch/v1.0/batches/7afd5c7e-13d8-4691-abd0-abde4ce5474e/documents?statuses=Succeeded\u0026createdDateTimeUtcStart=0001-01-01T00%3A00%3A00.0000000Z\u0026createdDateTimeUtcEnd=0001-01-01T00%3A00%3A00.0000000Z",
      "RequestMethod": "GET",
      "RequestHeaders": {
        "Accept": "application/json",
        "Ocp-Apim-Subscription-Key": "Sanitized",
        "User-Agent": [
          "azsdk-net-AI.Translation.Document/1.0.0-alpha.20210802.1",
          "(.NET 5.0.8; Microsoft Windows 10.0.19043)"
        ],
        "x-ms-client-request-id": "bf05cb001b993256025a9293d4def692",
        "x-ms-return-client-request-id": "true"
      },
      "RequestBody": null,
      "StatusCode": 200,
      "ResponseHeaders": {
        "apim-request-id": "6d45c744-aacf-4926-94e5-7e4b2eb8a522",
        "Cache-Control": "public, max-age=1",
        "Content-Type": "application/json; charset=utf-8",
        "Date": "Mon, 02 Aug 2021 16:05:20 GMT",
        "ETag": "\u0022CCBB5D491432C3C14211F701B70B8FD33F87F97654F7143379575047AA9D8219\u0022",
        "Retry-After": "1",
        "Set-Cookie": [
          "ARRAffinity=71659a59bc7ec5e68f754ab1110af7204cc0a6ca9121108e19aeec14032c3bc4;Path=/;HttpOnly;Secure;Domain=mtbatch.nam.microsofttranslator.com",
          "ARRAffinitySameSite=71659a59bc7ec5e68f754ab1110af7204cc0a6ca9121108e19aeec14032c3bc4;Path=/;HttpOnly;SameSite=None;Secure;Domain=mtbatch.nam.microsofttranslator.com"
        ],
        "Strict-Transport-Security": "max-age=31536000; includeSubDomains; preload",
        "Transfer-Encoding": "chunked",
        "X-Content-Type-Options": "nosniff",
        "X-Powered-By": "ASP.NET",
        "X-RequestId": "6d45c744-aacf-4926-94e5-7e4b2eb8a522"
      },
      "ResponseBody": {
        "value": []
      }
    }
  ],
  "Variables": {
    "DOCUMENT_TRANSLATION_API_KEY": "Sanitized",
    "DOCUMENT_TRANSLATION_CONNECTION_STRING": "DefaultEndpointsProtocol=https;AccountName=storagedoctranslator;AccountKey=Kg==;EndpointSuffix=core.windows.net",
    "DOCUMENT_TRANSLATION_ENDPOINT": "https://r-doctranslator.cognitiveservices.azure.com/",
    "RandomSeed": "24451130"
  }
}