{
  "Entries": [
    {
      "RequestUri": "https://micnashtranslationprim.blob.core.windows.net/source630537957?restype=container",
      "RequestMethod": "PUT",
      "RequestHeaders": {
        "Accept": "application/xml",
        "Authorization": "Sanitized",
        "Content-Length": "0",
        "traceparent": "00-aa15bbcad035b7d0933ea9497f8358dc-8556b082699b0d86-00",
        "User-Agent": "azsdk-net-Storage.Blobs/12.10.0 (.NET 6.0.2; Microsoft Windows 10.0.22000)",
        "x-ms-blob-public-access": "container",
        "x-ms-client-request-id": "4d67d7af20db47587c254125530fb226",
        "x-ms-date": "Fri, 04 Mar 2022 21:14:23 GMT",
        "x-ms-return-client-request-id": "true",
        "x-ms-version": "2020-04-08"
      },
      "RequestBody": null,
      "StatusCode": 201,
      "ResponseHeaders": {
        "Content-Length": "0",
        "Date": "Fri, 04 Mar 2022 21:14:22 GMT",
        "ETag": "\u00220x8D9FE23F4B9D8F7\u0022",
        "Last-Modified": "Fri, 04 Mar 2022 21:14:23 GMT",
        "Server": [
          "Windows-Azure-Blob/1.0",
          "Microsoft-HTTPAPI/2.0"
        ],
        "x-ms-client-request-id": "4d67d7af20db47587c254125530fb226",
        "x-ms-request-id": "47658f50-101e-0061-650c-305125000000",
        "x-ms-version": "2020-04-08"
      },
      "ResponseBody": null
    },
    {
      "RequestUri": "https://micnashtranslationprim.blob.core.windows.net/source630537957/File_0.txt",
      "RequestMethod": "PUT",
      "RequestHeaders": {
        "Accept": "application/xml",
        "Authorization": "Sanitized",
        "Content-Length": "16",
        "Content-Type": "application/octet-stream",
        "If-None-Match": "*",
        "traceparent": "00-2dd77fb33b9b6fce279ef0c20eab10c4-d3e524c4270cfac5-00",
        "User-Agent": "azsdk-net-Storage.Blobs/12.10.0 (.NET 6.0.2; Microsoft Windows 10.0.22000)",
        "x-ms-blob-type": "BlockBlob",
        "x-ms-client-request-id": "d2f292e19e19bec9f42892a09f66d18a",
        "x-ms-date": "Fri, 04 Mar 2022 21:14:23 GMT",
        "x-ms-return-client-request-id": "true",
        "x-ms-version": "2020-04-08"
      },
      "RequestBody": "c29tZSByYW5kb20gdGV4dA==",
      "StatusCode": 201,
      "ResponseHeaders": {
        "Content-Length": "0",
        "Content-MD5": "B2caA4wOtDcj1CFpOwc8Ow==",
        "Date": "Fri, 04 Mar 2022 21:14:22 GMT",
        "ETag": "\u00220x8D9FE23F4BD8507\u0022",
        "Last-Modified": "Fri, 04 Mar 2022 21:14:23 GMT",
        "Server": [
          "Windows-Azure-Blob/1.0",
          "Microsoft-HTTPAPI/2.0"
        ],
        "x-ms-client-request-id": "d2f292e19e19bec9f42892a09f66d18a",
        "x-ms-content-crc64": "fxwoBBSnywc=",
        "x-ms-request-id": "47658f71-101e-0061-050c-305125000000",
        "x-ms-request-server-encrypted": "true",
        "x-ms-version": "2020-04-08"
      },
      "ResponseBody": null
    },
    {
      "RequestUri": "https://micnashtranslationprim.blob.core.windows.net/target1375081497?restype=container",
      "RequestMethod": "PUT",
      "RequestHeaders": {
        "Accept": "application/xml",
        "Authorization": "Sanitized",
        "Content-Length": "0",
        "traceparent": "00-8f2958ac5fbbf154e5d541b779086996-4286fa1b4564b2c2-00",
        "User-Agent": "azsdk-net-Storage.Blobs/12.10.0 (.NET 6.0.2; Microsoft Windows 10.0.22000)",
        "x-ms-blob-public-access": "container",
        "x-ms-client-request-id": "157e292d576ba2a0216613987d70a5ff",
        "x-ms-date": "Fri, 04 Mar 2022 21:14:23 GMT",
        "x-ms-return-client-request-id": "true",
        "x-ms-version": "2020-04-08"
      },
      "RequestBody": null,
      "StatusCode": 201,
      "ResponseHeaders": {
        "Content-Length": "0",
        "Date": "Fri, 04 Mar 2022 21:14:22 GMT",
        "ETag": "\u00220x8D9FE23F4C3747D\u0022",
        "Last-Modified": "Fri, 04 Mar 2022 21:14:23 GMT",
        "Server": [
          "Windows-Azure-Blob/1.0",
          "Microsoft-HTTPAPI/2.0"
        ],
        "x-ms-client-request-id": "157e292d576ba2a0216613987d70a5ff",
        "x-ms-request-id": "47658f9c-101e-0061-2e0c-305125000000",
        "x-ms-version": "2020-04-08"
      },
      "ResponseBody": null
    },
    {
      "RequestUri": "https://micnashtranslation-doctranslation.cognitiveservices.azure.com/translator/text/batch/v1.0/batches",
      "RequestMethod": "POST",
      "RequestHeaders": {
        "Accept": "application/json",
        "Content-Length": "103",
        "Content-Type": "application/json",
        "Ocp-Apim-Subscription-Key": "Sanitized",
        "traceparent": "00-4f80208d4af74f62db2551f520e85966-1629edea5c200bf1-00",
        "User-Agent": "azsdk-net-AI.Translation.Document/1.0.0-alpha.20220304.1 (.NET 6.0.2; Microsoft Windows 10.0.22000)",
        "x-ms-client-request-id": "4967d08fcb850e10a859b38eb7a71554",
        "x-ms-return-client-request-id": "true"
      },
      "RequestBody": {
        "inputs": [
          {
            "source": {
              "sourceUrl": "Sanitized"
            },
            "targets": [
              {
                "targetUrl": "Sanitized",
                "language": "fr"
              }
            ]
          }
        ]
      },
      "StatusCode": 202,
      "ResponseHeaders": {
        "apim-request-id": "ce92fadb-fa20-45a6-a1d6-2a1ee85e899d",
        "Content-Length": "0",
        "Date": "Fri, 04 Mar 2022 21:14:23 GMT",
        "Operation-Location": "https://micnashtranslation-doctranslation.cognitiveservices.azure.com/translator/text/batch/v1.0/batches/6e926bec-1137-4d77-8bab-7c63dfb892c3",
        "Set-Cookie": [
          "ARRAffinity=09a10d9e036c982a6acf1ed7f4e9558b44845127dddc55af67b87cd656dd4d77;Path=/;HttpOnly;Secure;Domain=mtbatch.nam.microsofttranslator.com",
          "ARRAffinitySameSite=09a10d9e036c982a6acf1ed7f4e9558b44845127dddc55af67b87cd656dd4d77;Path=/;HttpOnly;SameSite=None;Secure;Domain=mtbatch.nam.microsofttranslator.com"
        ],
        "Strict-Transport-Security": "max-age=31536000; includeSubDomains; preload",
        "X-Content-Type-Options": "nosniff",
        "X-Powered-By": "ASP.NET",
        "X-RequestId": "ce92fadb-fa20-45a6-a1d6-2a1ee85e899d"
      },
      "ResponseBody": null
    },
    {
      "RequestUri": "https://micnashtranslation-doctranslation.cognitiveservices.azure.com/translator/text/batch/v1.0/batches/6e926bec-1137-4d77-8bab-7c63dfb892c3",
      "RequestMethod": "GET",
      "RequestHeaders": {
        "Accept": "application/json",
        "Ocp-Apim-Subscription-Key": "Sanitized",
        "User-Agent": "azsdk-net-AI.Translation.Document/1.0.0-alpha.20220304.1 (.NET 6.0.2; Microsoft Windows 10.0.22000)",
        "x-ms-client-request-id": "e6250bb711343a75512ff738b62577b7",
        "x-ms-return-client-request-id": "true"
      },
      "RequestBody": null,
      "StatusCode": 200,
      "ResponseHeaders": {
        "apim-request-id": "28dfa6a5-c3b6-45f7-966d-db5c5d00cd39",
        "Cache-Control": "public, max-age=1",
        "Content-Type": "application/json; charset=utf-8",
        "Date": "Fri, 04 Mar 2022 21:14:23 GMT",
        "ETag": "\u0022BDEDF127C185AC95AE4BE5BC6C3912720CEA1842A6A7C82DC764EDC40A19F239\u0022",
        "Retry-After": "1",
        "Set-Cookie": [
          "ARRAffinity=a374f049af0321e021a66f6ba57004d2e31d3140f1d09889270a08e39d2850a6;Path=/;HttpOnly;Secure;Domain=mtbatch.nam.microsofttranslator.com",
          "ARRAffinitySameSite=a374f049af0321e021a66f6ba57004d2e31d3140f1d09889270a08e39d2850a6;Path=/;HttpOnly;SameSite=None;Secure;Domain=mtbatch.nam.microsofttranslator.com"
        ],
        "Strict-Transport-Security": "max-age=31536000; includeSubDomains; preload",
        "Transfer-Encoding": "chunked",
        "X-Content-Type-Options": "nosniff",
        "X-Powered-By": "ASP.NET",
        "X-RequestId": "28dfa6a5-c3b6-45f7-966d-db5c5d00cd39"
      },
      "ResponseBody": {
        "id": "6e926bec-1137-4d77-8bab-7c63dfb892c3",
        "createdDateTimeUtc": "2022-03-04T21:14:23.3752419Z",
        "lastActionDateTimeUtc": "2022-03-04T21:14:23.3752422Z",
        "status": "NotStarted",
        "summary": {
          "total": 0,
          "failed": 0,
          "success": 0,
          "inProgress": 0,
          "notYetStarted": 0,
          "cancelled": 0,
          "totalCharacterCharged": 0
        }
      }
    },
    {
      "RequestUri": "https://micnashtranslation-doctranslation.cognitiveservices.azure.com/translator/text/batch/v1.0/batches/6e926bec-1137-4d77-8bab-7c63dfb892c3",
      "RequestMethod": "GET",
      "RequestHeaders": {
        "Accept": "application/json",
        "Ocp-Apim-Subscription-Key": "Sanitized",
        "User-Agent": "azsdk-net-AI.Translation.Document/1.0.0-alpha.20220304.1 (.NET 6.0.2; Microsoft Windows 10.0.22000)",
        "x-ms-client-request-id": "9610a1ec4069629318706c12a411eb7a",
        "x-ms-return-client-request-id": "true"
      },
      "RequestBody": null,
      "StatusCode": 200,
      "ResponseHeaders": {
        "apim-request-id": "6c365492-02f0-438c-a6b3-327a86f9d723",
        "Cache-Control": "public, max-age=1",
        "Content-Type": "application/json; charset=utf-8",
        "Date": "Fri, 04 Mar 2022 21:14:52 GMT",
        "ETag": "\u002276909055655447FDB9935D1EF5934E637F48B58B97C75727A3E7729C0153DAE8\u0022",
        "Retry-After": "1",
        "Set-Cookie": [
          "ARRAffinity=a374f049af0321e021a66f6ba57004d2e31d3140f1d09889270a08e39d2850a6;Path=/;HttpOnly;Secure;Domain=mtbatch.nam.microsofttranslator.com",
          "ARRAffinitySameSite=a374f049af0321e021a66f6ba57004d2e31d3140f1d09889270a08e39d2850a6;Path=/;HttpOnly;SameSite=None;Secure;Domain=mtbatch.nam.microsofttranslator.com"
        ],
        "Strict-Transport-Security": "max-age=31536000; includeSubDomains; preload",
        "Transfer-Encoding": "chunked",
        "X-Content-Type-Options": "nosniff",
        "X-Powered-By": "ASP.NET",
        "X-RequestId": "6c365492-02f0-438c-a6b3-327a86f9d723"
      },
      "ResponseBody": {
        "id": "6e926bec-1137-4d77-8bab-7c63dfb892c3",
        "createdDateTimeUtc": "2022-03-04T21:14:23.3752419Z",
        "lastActionDateTimeUtc": "2022-03-04T21:14:26.1025014Z",
        "status": "Succeeded",
        "summary": {
          "total": 1,
          "failed": 0,
          "success": 1,
          "inProgress": 0,
          "notYetStarted": 0,
          "cancelled": 0,
          "totalCharacterCharged": 16
        }
      }
    },
    {
      "RequestUri": "https://micnashtranslationprim.blob.core.windows.net/target1049817425?restype=container",
      "RequestMethod": "PUT",
      "RequestHeaders": {
        "Accept": "application/xml",
        "Authorization": "Sanitized",
        "Content-Length": "0",
        "traceparent": "00-2b5a3f34aa5eb915868c099914c3ccbb-e0fb4997c57f2ed0-00",
        "User-Agent": "azsdk-net-Storage.Blobs/12.10.0 (.NET 6.0.2; Microsoft Windows 10.0.22000)",
        "x-ms-blob-public-access": "container",
        "x-ms-client-request-id": "4b71e1becbbf5b7e2df756d3d85782e1",
        "x-ms-date": "Fri, 04 Mar 2022 21:14:53 GMT",
        "x-ms-return-client-request-id": "true",
        "x-ms-version": "2020-04-08"
      },
      "RequestBody": null,
      "StatusCode": 201,
      "ResponseHeaders": {
        "Content-Length": "0",
        "Date": "Fri, 04 Mar 2022 21:14:52 GMT",
        "ETag": "\u00220x8D9FE2406D53841\u0022",
        "Last-Modified": "Fri, 04 Mar 2022 21:14:53 GMT",
        "Server": [
          "Windows-Azure-Blob/1.0",
          "Microsoft-HTTPAPI/2.0"
        ],
        "x-ms-client-request-id": "4b71e1becbbf5b7e2df756d3d85782e1",
        "x-ms-request-id": "4765cbfa-101e-0061-250c-305125000000",
        "x-ms-version": "2020-04-08"
      },
      "ResponseBody": null
    },
    {
      "RequestUri": "https://micnashtranslation-doctranslation.cognitiveservices.azure.com/translator/text/batch/v1.0/batches",
      "RequestMethod": "POST",
      "RequestHeaders": {
        "Accept": "application/json",
        "Content-Length": "103",
        "Content-Type": "application/json",
        "Ocp-Apim-Subscription-Key": "Sanitized",
        "traceparent": "00-cbc4074fe4b57a5a3c91a9ffc1d82ce8-49cd444d4f218a3d-00",
        "User-Agent": "azsdk-net-AI.Translation.Document/1.0.0-alpha.20220304.1 (.NET 6.0.2; Microsoft Windows 10.0.22000)",
        "x-ms-client-request-id": "9716a1fceb7e7777c3cdc4a462964044",
        "x-ms-return-client-request-id": "true"
      },
      "RequestBody": {
        "inputs": [
          {
            "source": {
              "sourceUrl": "Sanitized"
            },
            "targets": [
              {
                "targetUrl": "Sanitized",
                "language": "fr"
              }
            ]
          }
        ]
      },
      "StatusCode": 202,
      "ResponseHeaders": {
        "apim-request-id": "fbf9f5d0-59ab-49eb-ace6-5f37804f1ccd",
        "Content-Length": "0",
        "Date": "Fri, 04 Mar 2022 21:14:52 GMT",
        "Operation-Location": "https://micnashtranslation-doctranslation.cognitiveservices.azure.com/translator/text/batch/v1.0/batches/c39796aa-14c4-40ef-a7c5-112544738a33",
        "Set-Cookie": [
          "ARRAffinity=09a10d9e036c982a6acf1ed7f4e9558b44845127dddc55af67b87cd656dd4d77;Path=/;HttpOnly;Secure;Domain=mtbatch.nam.microsofttranslator.com",
          "ARRAffinitySameSite=09a10d9e036c982a6acf1ed7f4e9558b44845127dddc55af67b87cd656dd4d77;Path=/;HttpOnly;SameSite=None;Secure;Domain=mtbatch.nam.microsofttranslator.com"
        ],
        "Strict-Transport-Security": "max-age=31536000; includeSubDomains; preload",
        "X-Content-Type-Options": "nosniff",
        "X-Powered-By": "ASP.NET",
        "X-RequestId": "fbf9f5d0-59ab-49eb-ace6-5f37804f1ccd"
      },
      "ResponseBody": null
    },
    {
      "RequestUri": "https://micnashtranslation-doctranslation.cognitiveservices.azure.com/translator/text/batch/v1.0/batches/c39796aa-14c4-40ef-a7c5-112544738a33",
      "RequestMethod": "GET",
      "RequestHeaders": {
        "Accept": "application/json",
        "Ocp-Apim-Subscription-Key": "Sanitized",
        "User-Agent": "azsdk-net-AI.Translation.Document/1.0.0-alpha.20220304.1 (.NET 6.0.2; Microsoft Windows 10.0.22000)",
        "x-ms-client-request-id": "44f7e67d6c06d62d913b3b483d8e3f18",
        "x-ms-return-client-request-id": "true"
      },
      "RequestBody": null,
      "StatusCode": 200,
      "ResponseHeaders": {
        "apim-request-id": "bb37860c-594d-4044-9e7d-ca4b81f6f2f5",
        "Cache-Control": "public, max-age=1",
        "Content-Type": "application/json; charset=utf-8",
        "Date": "Fri, 04 Mar 2022 21:14:52 GMT",
        "ETag": "\u00228EDA1C86D7B9AE4F4094678741BF8BD62B7F74DE4E76200CA2495E8AF62E1533\u0022",
        "Retry-After": "1",
        "Set-Cookie": [
          "ARRAffinity=a374f049af0321e021a66f6ba57004d2e31d3140f1d09889270a08e39d2850a6;Path=/;HttpOnly;Secure;Domain=mtbatch.nam.microsofttranslator.com",
          "ARRAffinitySameSite=a374f049af0321e021a66f6ba57004d2e31d3140f1d09889270a08e39d2850a6;Path=/;HttpOnly;SameSite=None;Secure;Domain=mtbatch.nam.microsofttranslator.com"
        ],
        "Strict-Transport-Security": "max-age=31536000; includeSubDomains; preload",
        "Transfer-Encoding": "chunked",
        "X-Content-Type-Options": "nosniff",
        "X-Powered-By": "ASP.NET",
        "X-RequestId": "bb37860c-594d-4044-9e7d-ca4b81f6f2f5"
      },
      "ResponseBody": {
        "id": "c39796aa-14c4-40ef-a7c5-112544738a33",
        "createdDateTimeUtc": "2022-03-04T21:14:53.6876467Z",
        "lastActionDateTimeUtc": "2022-03-04T21:14:53.6876471Z",
        "status": "NotStarted",
        "summary": {
          "total": 0,
          "failed": 0,
          "success": 0,
          "inProgress": 0,
          "notYetStarted": 0,
          "cancelled": 0,
          "totalCharacterCharged": 0
        }
      }
    },
    {
      "RequestUri": "https://micnashtranslation-doctranslation.cognitiveservices.azure.com/translator/text/batch/v1.0/batches/c39796aa-14c4-40ef-a7c5-112544738a33",
      "RequestMethod": "GET",
      "RequestHeaders": {
        "Accept": "application/json",
        "Ocp-Apim-Subscription-Key": "Sanitized",
        "User-Agent": "azsdk-net-AI.Translation.Document/1.0.0-alpha.20220304.1 (.NET 6.0.2; Microsoft Windows 10.0.22000)",
        "x-ms-client-request-id": "6fa830e9e2d4d2d26af987f106d9f897",
        "x-ms-return-client-request-id": "true"
      },
      "RequestBody": null,
      "StatusCode": 200,
      "ResponseHeaders": {
        "apim-request-id": "a8e12dcb-c324-41aa-8823-d71f6c3414ca",
        "Cache-Control": "public, max-age=1",
        "Content-Type": "application/json; charset=utf-8",
        "Date": "Fri, 04 Mar 2022 21:15:23 GMT",
        "ETag": "\u00226C8A97812800C74620018938405B9371B4FE854E6DDBA39F37049D1683E13B91\u0022",
        "Retry-After": "1",
        "Set-Cookie": [
          "ARRAffinity=a374f049af0321e021a66f6ba57004d2e31d3140f1d09889270a08e39d2850a6;Path=/;HttpOnly;Secure;Domain=mtbatch.nam.microsofttranslator.com",
          "ARRAffinitySameSite=a374f049af0321e021a66f6ba57004d2e31d3140f1d09889270a08e39d2850a6;Path=/;HttpOnly;SameSite=None;Secure;Domain=mtbatch.nam.microsofttranslator.com"
        ],
        "Strict-Transport-Security": "max-age=31536000; includeSubDomains; preload",
        "Transfer-Encoding": "chunked",
        "X-Content-Type-Options": "nosniff",
        "X-Powered-By": "ASP.NET",
        "X-RequestId": "a8e12dcb-c324-41aa-8823-d71f6c3414ca"
      },
      "ResponseBody": {
        "id": "c39796aa-14c4-40ef-a7c5-112544738a33",
        "createdDateTimeUtc": "2022-03-04T21:14:53.6876467Z",
        "lastActionDateTimeUtc": "2022-03-04T21:15:01.1704448Z",
        "status": "Succeeded",
        "summary": {
          "total": 1,
          "failed": 0,
          "success": 1,
          "inProgress": 0,
          "notYetStarted": 0,
          "cancelled": 0,
          "totalCharacterCharged": 16
        }
      }
    },
    {
      "RequestUri": "https://micnashtranslationprim.blob.core.windows.net/target1393021879?restype=container",
      "RequestMethod": "PUT",
      "RequestHeaders": {
        "Accept": "application/xml",
        "Authorization": "Sanitized",
        "Content-Length": "0",
        "traceparent": "00-e437aa8d62d0b900890d733ca9bc0e12-5c3481a7d9cb16ca-00",
        "User-Agent": "azsdk-net-Storage.Blobs/12.10.0 (.NET 6.0.2; Microsoft Windows 10.0.22000)",
        "x-ms-blob-public-access": "container",
        "x-ms-client-request-id": "60f25511db3e748f400543af2e3a348d",
        "x-ms-date": "Fri, 04 Mar 2022 21:15:23 GMT",
        "x-ms-return-client-request-id": "true",
        "x-ms-version": "2020-04-08"
      },
      "RequestBody": null,
      "StatusCode": 201,
      "ResponseHeaders": {
        "Content-Length": "0",
        "Date": "Fri, 04 Mar 2022 21:15:22 GMT",
        "ETag": "\u00220x8D9FE2418D1063F\u0022",
        "Last-Modified": "Fri, 04 Mar 2022 21:15:23 GMT",
        "Server": [
          "Windows-Azure-Blob/1.0",
          "Microsoft-HTTPAPI/2.0"
        ],
        "x-ms-client-request-id": "60f25511db3e748f400543af2e3a348d",
        "x-ms-request-id": "47660bd0-101e-0061-6b0c-305125000000",
        "x-ms-version": "2020-04-08"
      },
      "ResponseBody": null
    },
    {
      "RequestUri": "https://micnashtranslation-doctranslation.cognitiveservices.azure.com/translator/text/batch/v1.0/batches",
      "RequestMethod": "POST",
      "RequestHeaders": {
        "Accept": "application/json",
        "Content-Length": "103",
        "Content-Type": "application/json",
        "Ocp-Apim-Subscription-Key": "Sanitized",
        "traceparent": "00-f1b4d2b0a42bde7cba2ee640833006d0-5c83606b04867fea-00",
        "User-Agent": "azsdk-net-AI.Translation.Document/1.0.0-alpha.20220304.1 (.NET 6.0.2; Microsoft Windows 10.0.22000)",
        "x-ms-client-request-id": "ed32bbac6fd0139a24da0ce43bcfb843",
        "x-ms-return-client-request-id": "true"
      },
      "RequestBody": {
        "inputs": [
          {
            "source": {
              "sourceUrl": "Sanitized"
            },
            "targets": [
              {
                "targetUrl": "Sanitized",
                "language": "fr"
              }
            ]
          }
        ]
      },
      "StatusCode": 202,
      "ResponseHeaders": {
        "apim-request-id": "afa9ab2a-6d4b-4779-8a7e-2298793b5d73",
        "Content-Length": "0",
        "Date": "Fri, 04 Mar 2022 21:15:23 GMT",
        "Operation-Location": "https://micnashtranslation-doctranslation.cognitiveservices.azure.com/translator/text/batch/v1.0/batches/dca79dbb-c425-4a7e-8a22-7dfc4571be45",
        "Set-Cookie": [
          "ARRAffinity=09a10d9e036c982a6acf1ed7f4e9558b44845127dddc55af67b87cd656dd4d77;Path=/;HttpOnly;Secure;Domain=mtbatch.nam.microsofttranslator.com",
          "ARRAffinitySameSite=09a10d9e036c982a6acf1ed7f4e9558b44845127dddc55af67b87cd656dd4d77;Path=/;HttpOnly;SameSite=None;Secure;Domain=mtbatch.nam.microsofttranslator.com"
        ],
        "Strict-Transport-Security": "max-age=31536000; includeSubDomains; preload",
        "X-Content-Type-Options": "nosniff",
        "X-Powered-By": "ASP.NET",
        "X-RequestId": "afa9ab2a-6d4b-4779-8a7e-2298793b5d73"
      },
      "ResponseBody": null
    },
    {
      "RequestUri": "https://micnashtranslation-doctranslation.cognitiveservices.azure.com/translator/text/batch/v1.0/batches/dca79dbb-c425-4a7e-8a22-7dfc4571be45",
      "RequestMethod": "GET",
      "RequestHeaders": {
        "Accept": "application/json",
        "Ocp-Apim-Subscription-Key": "Sanitized",
        "User-Agent": "azsdk-net-AI.Translation.Document/1.0.0-alpha.20220304.1 (.NET 6.0.2; Microsoft Windows 10.0.22000)",
        "x-ms-client-request-id": "382c91a4b84d54ab18fb94dd8e233bbf",
        "x-ms-return-client-request-id": "true"
      },
      "RequestBody": null,
      "StatusCode": 200,
      "ResponseHeaders": {
        "apim-request-id": "ed6e6156-c85a-422e-8e95-23e1996f6132",
        "Cache-Control": "public, max-age=1",
        "Content-Type": "application/json; charset=utf-8",
        "Date": "Fri, 04 Mar 2022 21:15:23 GMT",
        "ETag": "\u00220CFB3FBB94CA7AB2CEE1530C8F81FD6858786CBEEF5560385D0CCAAAD2478CD7\u0022",
        "Retry-After": "1",
        "Set-Cookie": [
          "ARRAffinity=a374f049af0321e021a66f6ba57004d2e31d3140f1d09889270a08e39d2850a6;Path=/;HttpOnly;Secure;Domain=mtbatch.nam.microsofttranslator.com",
          "ARRAffinitySameSite=a374f049af0321e021a66f6ba57004d2e31d3140f1d09889270a08e39d2850a6;Path=/;HttpOnly;SameSite=None;Secure;Domain=mtbatch.nam.microsofttranslator.com"
        ],
        "Strict-Transport-Security": "max-age=31536000; includeSubDomains; preload",
        "Transfer-Encoding": "chunked",
        "X-Content-Type-Options": "nosniff",
        "X-Powered-By": "ASP.NET",
        "X-RequestId": "ed6e6156-c85a-422e-8e95-23e1996f6132"
      },
      "ResponseBody": {
        "id": "dca79dbb-c425-4a7e-8a22-7dfc4571be45",
        "createdDateTimeUtc": "2022-03-04T21:15:23.9053182Z",
        "lastActionDateTimeUtc": "2022-03-04T21:15:23.9053185Z",
        "status": "NotStarted",
        "summary": {
          "total": 0,
          "failed": 0,
          "success": 0,
          "inProgress": 0,
          "notYetStarted": 0,
          "cancelled": 0,
          "totalCharacterCharged": 0
        }
      }
    },
    {
      "RequestUri": "https://micnashtranslation-doctranslation.cognitiveservices.azure.com/translator/text/batch/v1.0/batches/dca79dbb-c425-4a7e-8a22-7dfc4571be45",
      "RequestMethod": "GET",
      "RequestHeaders": {
        "Accept": "application/json",
        "Ocp-Apim-Subscription-Key": "Sanitized",
        "User-Agent": "azsdk-net-AI.Translation.Document/1.0.0-alpha.20220304.1 (.NET 6.0.2; Microsoft Windows 10.0.22000)",
        "x-ms-client-request-id": "1e5a6353a9c5a1e7bbde3b64cfab3971",
        "x-ms-return-client-request-id": "true"
      },
      "RequestBody": null,
      "StatusCode": 200,
      "ResponseHeaders": {
        "apim-request-id": "f51557b0-132c-4e88-9ba2-a74635c8029a",
        "Cache-Control": "public, max-age=1",
        "Content-Type": "application/json; charset=utf-8",
        "Date": "Fri, 04 Mar 2022 21:15:53 GMT",
        "ETag": "\u0022E4A89E74CCA47DB5F91B55D8C1A44D73D8CBD976D5E8D6F13F82F665B4DAA1E4\u0022",
        "Retry-After": "1",
        "Set-Cookie": [
          "ARRAffinity=a374f049af0321e021a66f6ba57004d2e31d3140f1d09889270a08e39d2850a6;Path=/;HttpOnly;Secure;Domain=mtbatch.nam.microsofttranslator.com",
          "ARRAffinitySameSite=a374f049af0321e021a66f6ba57004d2e31d3140f1d09889270a08e39d2850a6;Path=/;HttpOnly;SameSite=None;Secure;Domain=mtbatch.nam.microsofttranslator.com"
        ],
        "Strict-Transport-Security": "max-age=31536000; includeSubDomains; preload",
        "Transfer-Encoding": "chunked",
        "X-Content-Type-Options": "nosniff",
        "X-Powered-By": "ASP.NET",
        "X-RequestId": "f51557b0-132c-4e88-9ba2-a74635c8029a"
      },
      "ResponseBody": {
        "id": "dca79dbb-c425-4a7e-8a22-7dfc4571be45",
        "createdDateTimeUtc": "2022-03-04T21:15:23.9053182Z",
        "lastActionDateTimeUtc": "2022-03-04T21:15:36.307776Z",
        "status": "Succeeded",
        "summary": {
          "total": 1,
          "failed": 0,
          "success": 1,
          "inProgress": 0,
          "notYetStarted": 0,
          "cancelled": 0,
          "totalCharacterCharged": 16
        }
      }
    },
    {
      "RequestUri": "https://micnashtranslation-doctranslation.cognitiveservices.azure.com/translator/text/batch/v1.0/batches?createdDateTimeUtcStart=2022-03-04T15%3A15%3A54.0390806Z\u0026$orderBy=createdDateTimeUtc%20Desc",
      "RequestMethod": "GET",
      "RequestHeaders": {
        "Accept": "application/json",
        "Ocp-Apim-Subscription-Key": "Sanitized",
        "traceparent": "00-8b5ee33240b0cc16fe29d2a6b28381bf-034f37a38c01c40d-00",
        "User-Agent": "azsdk-net-AI.Translation.Document/1.0.0-alpha.20220304.1 (.NET 6.0.2; Microsoft Windows 10.0.22000)",
        "x-ms-client-request-id": "9d0b004dfb0ef3400fddd5d4dabd8501",
        "x-ms-return-client-request-id": "true"
      },
      "RequestBody": null,
      "StatusCode": 200,
      "ResponseHeaders": {
        "apim-request-id": "c627472a-ba58-4c3d-8ad7-ea36d7022e12",
        "Cache-Control": "public, max-age=1",
        "Content-Type": "application/json; charset=utf-8",
        "Date": "Fri, 04 Mar 2022 21:15:53 GMT",
        "ETag": "\u0022C1158594A1A0D1C4980200339152FBC3233CA1B1915AEF787E1AF84BFF92B2DB\u0022",
        "Retry-After": "1",
        "Set-Cookie": [
          "ARRAffinity=09a10d9e036c982a6acf1ed7f4e9558b44845127dddc55af67b87cd656dd4d77;Path=/;HttpOnly;Secure;Domain=mtbatch.nam.microsofttranslator.com",
          "ARRAffinitySameSite=09a10d9e036c982a6acf1ed7f4e9558b44845127dddc55af67b87cd656dd4d77;Path=/;HttpOnly;SameSite=None;Secure;Domain=mtbatch.nam.microsofttranslator.com"
        ],
        "Strict-Transport-Security": "max-age=31536000; includeSubDomains; preload",
        "Transfer-Encoding": "chunked",
        "X-Content-Type-Options": "nosniff",
        "X-Powered-By": "ASP.NET",
        "X-RequestId": "c627472a-ba58-4c3d-8ad7-ea36d7022e12"
      },
      "ResponseBody": {
        "value": [
          {
            "id": "dca79dbb-c425-4a7e-8a22-7dfc4571be45",
            "createdDateTimeUtc": "2022-03-04T21:15:23.9053182Z",
            "lastActionDateTimeUtc": "2022-03-04T21:15:36.307776Z",
            "status": "Succeeded",
            "summary": {
              "total": 1,
              "failed": 0,
              "success": 1,
              "inProgress": 0,
              "notYetStarted": 0,
              "cancelled": 0,
              "totalCharacterCharged": 16
            }
          },
          {
            "id": "c39796aa-14c4-40ef-a7c5-112544738a33",
            "createdDateTimeUtc": "2022-03-04T21:14:53.6876467Z",
            "lastActionDateTimeUtc": "2022-03-04T21:15:01.1704448Z",
            "status": "Succeeded",
            "summary": {
              "total": 1,
              "failed": 0,
              "success": 1,
              "inProgress": 0,
              "notYetStarted": 0,
              "cancelled": 0,
              "totalCharacterCharged": 16
            }
          },
          {
            "id": "6e926bec-1137-4d77-8bab-7c63dfb892c3",
            "createdDateTimeUtc": "2022-03-04T21:14:23.3752419Z",
            "lastActionDateTimeUtc": "2022-03-04T21:14:26.1025014Z",
            "status": "Succeeded",
            "summary": {
              "total": 1,
              "failed": 0,
              "success": 1,
              "inProgress": 0,
              "notYetStarted": 0,
              "cancelled": 0,
              "totalCharacterCharged": 16
            }
          },
          {
            "id": "6a14a63e-0c34-43b3-b4b4-3a057e1ef151",
            "createdDateTimeUtc": "2022-03-04T21:14:12.778887Z",
            "lastActionDateTimeUtc": "2022-03-04T21:14:20.4633366Z",
            "status": "Cancelled",
            "summary": {
              "total": 20,
              "failed": 0,
              "success": 0,
              "inProgress": 0,
              "notYetStarted": 0,
              "cancelled": 20,
              "totalCharacterCharged": 0
            }
          },
          {
            "id": "d5179ed4-4b2e-4b2d-995a-5e995235432e",
            "createdDateTimeUtc": "2022-03-04T21:13:42.1257768Z",
            "lastActionDateTimeUtc": "2022-03-04T21:13:51.0746895Z",
            "status": "Succeeded",
            "summary": {
              "total": 1,
              "failed": 0,
              "success": 1,
              "inProgress": 0,
              "notYetStarted": 0,
              "cancelled": 0,
              "totalCharacterCharged": 16
            }
          },
          {
            "id": "480e6fd8-a39b-4894-b04d-4bff97d80b70",
            "createdDateTimeUtc": "2022-03-04T21:13:11.8049656Z",
            "lastActionDateTimeUtc": "2022-03-04T21:13:25.9927675Z",
            "status": "Succeeded",
            "summary": {
              "total": 1,
              "failed": 0,
              "success": 1,
              "inProgress": 0,
              "notYetStarted": 0,
              "cancelled": 0,
              "totalCharacterCharged": 16
            }
          },
          {
            "id": "dea905ef-4035-43d5-a2c2-ee38e36fe5c9",
            "createdDateTimeUtc": "2022-03-04T21:12:41.6056599Z",
            "lastActionDateTimeUtc": "2022-03-04T21:12:52.2175953Z",
            "status": "Succeeded",
            "summary": {
              "total": 1,
              "failed": 0,
              "success": 1,
              "inProgress": 0,
              "notYetStarted": 0,
              "cancelled": 0,
              "totalCharacterCharged": 16
            }
          },
          {
            "id": "ffa31bd2-329f-4838-b33b-208da5d34617",
            "createdDateTimeUtc": "2022-03-04T21:12:11.2232373Z",
            "lastActionDateTimeUtc": "2022-03-04T21:12:21.3625935Z",
            "status": "Succeeded",
            "summary": {
              "total": 1,
              "failed": 0,
              "success": 1,
              "inProgress": 0,
              "notYetStarted": 0,
              "cancelled": 0,
              "totalCharacterCharged": 16
            }
          },
          {
            "id": "977a9b0c-6972-4279-ae0c-07d1ddb38ab6",
            "createdDateTimeUtc": "2022-03-04T21:11:41.0178241Z",
            "lastActionDateTimeUtc": "2022-03-04T21:11:52.0627678Z",
            "status": "Succeeded",
            "summary": {
              "total": 1,
              "failed": 0,
              "success": 1,
              "inProgress": 0,
              "notYetStarted": 0,
              "cancelled": 0,
              "totalCharacterCharged": 16
            }
          },
          {
            "id": "3662a85d-ee54-4875-8554-0049c63647a2",
            "createdDateTimeUtc": "2022-03-04T21:11:10.592793Z",
            "lastActionDateTimeUtc": "2022-03-04T21:11:20.8735732Z",
            "status": "Succeeded",
            "summary": {
              "total": 1,
              "failed": 0,
              "success": 1,
              "inProgress": 0,
              "notYetStarted": 0,
              "cancelled": 0,
              "totalCharacterCharged": 16
            }
          },
          {
            "id": "cdad77fb-34f1-4b1b-9f4e-1e50994f2169",
            "createdDateTimeUtc": "2022-03-04T21:10:40.409368Z",
            "lastActionDateTimeUtc": "2022-03-04T21:10:45.7033269Z",
            "status": "Succeeded",
            "summary": {
              "total": 1,
              "failed": 0,
              "success": 1,
              "inProgress": 0,
              "notYetStarted": 0,
              "cancelled": 0,
              "totalCharacterCharged": 16
            }
          },
          {
            "id": "19090d82-81b3-485f-b331-d147b74fbc87",
            "createdDateTimeUtc": "2022-03-04T21:10:09.5514437Z",
            "lastActionDateTimeUtc": "2022-03-04T21:10:20.7359059Z",
            "status": "Succeeded",
            "summary": {
              "total": 1,
              "failed": 0,
              "success": 1,
              "inProgress": 0,
              "notYetStarted": 0,
              "cancelled": 0,
              "totalCharacterCharged": 16
            }
          },
          {
            "id": "4a5a3d22-a6f3-4996-831b-25c8dbafb3cf",
            "createdDateTimeUtc": "2022-03-04T21:09:39.4021904Z",
            "lastActionDateTimeUtc": "2022-03-04T21:09:47.2673815Z",
            "status": "Succeeded",
            "summary": {
              "total": 1,
              "failed": 0,
              "success": 1,
              "inProgress": 0,
              "notYetStarted": 0,
              "cancelled": 0,
              "totalCharacterCharged": 16
            }
          },
          {
            "id": "f81124a4-5e5d-43af-a72a-1004d81e2486",
            "createdDateTimeUtc": "2022-03-04T21:09:09.2779009Z",
            "lastActionDateTimeUtc": "2022-03-04T21:09:15.593563Z",
            "status": "Succeeded",
            "summary": {
              "total": 1,
              "failed": 0,
              "success": 1,
              "inProgress": 0,
              "notYetStarted": 0,
              "cancelled": 0,
              "totalCharacterCharged": 16
            }
          },
          {
            "id": "bd8ee42a-3ade-4c92-9e42-f9ecf6db7032",
            "createdDateTimeUtc": "2022-03-04T21:09:03.6267167Z",
            "lastActionDateTimeUtc": "2022-03-04T21:09:04.9095476Z",
            "status": "Cancelled",
            "summary": {
              "total": 20,
              "failed": 0,
              "success": 0,
              "inProgress": 0,
              "notYetStarted": 0,
              "cancelled": 20,
              "totalCharacterCharged": 0
            }
          },
          {
            "id": "1b59c10b-3dec-4f2d-9383-c882625f0782",
            "createdDateTimeUtc": "2022-03-04T21:08:32.8953414Z",
            "lastActionDateTimeUtc": "2022-03-04T21:08:39.7407151Z",
            "status": "Succeeded",
            "summary": {
              "total": 1,
              "failed": 0,
              "success": 1,
              "inProgress": 0,
              "notYetStarted": 0,
              "cancelled": 0,
              "totalCharacterCharged": 16
            }
          },
          {
            "id": "53314786-2830-476b-9544-528a554aaf9a",
            "createdDateTimeUtc": "2022-03-04T21:08:02.5559255Z",
            "lastActionDateTimeUtc": "2022-03-04T21:08:11.9617201Z",
            "status": "Succeeded",
            "summary": {
              "total": 1,
              "failed": 0,
              "success": 1,
              "inProgress": 0,
              "notYetStarted": 0,
              "cancelled": 0,
              "totalCharacterCharged": 16
            }
          },
          {
            "id": "b23cc7ef-929d-4880-8512-b094a65bfc6d",
            "createdDateTimeUtc": "2022-03-04T21:07:32.4159565Z",
            "lastActionDateTimeUtc": "2022-03-04T21:07:48.4947253Z",
            "status": "Succeeded",
            "summary": {
              "total": 1,
              "failed": 0,
              "success": 1,
              "inProgress": 0,
              "notYetStarted": 0,
              "cancelled": 0,
              "totalCharacterCharged": 16
            }
          },
          {
            "id": "12a18d50-e9e7-42e1-af40-502f1f66403d",
            "createdDateTimeUtc": "2022-03-04T21:07:01.873704Z",
            "lastActionDateTimeUtc": "2022-03-04T21:07:10.0240236Z",
            "status": "Succeeded",
            "summary": {
              "total": 1,
              "failed": 0,
              "success": 1,
              "inProgress": 0,
              "notYetStarted": 0,
              "cancelled": 0,
              "totalCharacterCharged": 16
            }
          },
          {
            "id": "cb374a56-a0e6-4c73-9f92-68e63d646d83",
            "createdDateTimeUtc": "2022-03-04T21:05:01.3450999Z",
            "lastActionDateTimeUtc": "2022-03-04T21:06:33.0423952Z",
            "status": "Succeeded",
            "summary": {
              "total": 1,
              "failed": 0,
              "success": 1,
              "inProgress": 0,
              "notYetStarted": 0,
              "cancelled": 0,
              "totalCharacterCharged": 16
            }
          },
          {
            "id": "4b5d4b30-e2bb-4030-8f66-759d13d12004",
            "createdDateTimeUtc": "2022-03-04T20:05:16.8964847Z",
            "lastActionDateTimeUtc": "2022-03-04T20:05:28.8072166Z",
            "status": "Succeeded",
            "summary": {
              "total": 1,
              "failed": 0,
              "success": 1,
              "inProgress": 0,
              "notYetStarted": 0,
              "cancelled": 0,
              "totalCharacterCharged": 16
            }
          },
          {
            "id": "7d28d51b-6718-4b02-8460-54fcfa0cfd2c",
            "createdDateTimeUtc": "2022-03-04T20:04:45.4139211Z",
            "lastActionDateTimeUtc": "2022-03-04T20:04:58.570233Z",
            "status": "Succeeded",
            "summary": {
              "total": 1,
              "failed": 0,
              "success": 1,
              "inProgress": 0,
              "notYetStarted": 0,
              "cancelled": 0,
              "totalCharacterCharged": 16
            }
          },
          {
            "id": "ee6a3b93-8c9e-45cd-b233-dd94b0a5e9e2",
            "createdDateTimeUtc": "2022-03-04T19:35:11.3441928Z",
            "lastActionDateTimeUtc": "2022-03-04T19:35:17.989978Z",
            "status": "Succeeded",
            "summary": {
              "total": 1,
              "failed": 0,
              "success": 1,
              "inProgress": 0,
              "notYetStarted": 0,
              "cancelled": 0,
              "totalCharacterCharged": 16
            }
          },
          {
            "id": "f87ccb05-dfc5-4ba0-981f-32067996ca82",
            "createdDateTimeUtc": "2022-03-04T19:29:15.2950932Z",
            "lastActionDateTimeUtc": "2022-03-04T19:29:17.4862547Z",
            "status": "Succeeded",
            "summary": {
              "total": 1,
              "failed": 0,
              "success": 1,
              "inProgress": 0,
              "notYetStarted": 0,
              "cancelled": 0,
              "totalCharacterCharged": 16
            }
          },
          {
            "id": "f95eb072-dca4-47c7-988a-3256e6cabc23",
            "createdDateTimeUtc": "2022-03-04T19:27:56.498766Z",
            "lastActionDateTimeUtc": "2022-03-04T19:28:02.4715718Z",
            "status": "Succeeded",
            "summary": {
              "total": 1,
              "failed": 0,
              "success": 1,
              "inProgress": 0,
              "notYetStarted": 0,
              "cancelled": 0,
              "totalCharacterCharged": 16
            }
          },
          {
            "id": "1e4db75e-c95f-43d3-a956-d9053bc29dc8",
            "createdDateTimeUtc": "2022-03-04T19:15:45.152243Z",
            "lastActionDateTimeUtc": "2022-03-04T19:15:55.8504602Z",
            "status": "Succeeded",
            "summary": {
              "total": 1,
              "failed": 0,
              "success": 1,
              "inProgress": 0,
              "notYetStarted": 0,
              "cancelled": 0,
              "totalCharacterCharged": 16
            }
          },
          {
            "id": "1a3a7bb6-ae20-4a03-9e70-c1c9c5276e97",
            "createdDateTimeUtc": "2022-03-04T19:15:14.9195251Z",
            "lastActionDateTimeUtc": "2022-03-04T19:15:20.9042938Z",
            "status": "Succeeded",
            "summary": {
              "total": 1,
              "failed": 0,
              "success": 1,
              "inProgress": 0,
              "notYetStarted": 0,
              "cancelled": 0,
              "totalCharacterCharged": 16
            }
          },
          {
            "id": "e2987a07-3a39-4b14-9088-d065f0738f93",
            "createdDateTimeUtc": "2022-03-04T19:12:35.996919Z",
            "lastActionDateTimeUtc": "2022-03-04T19:12:44.6019824Z",
            "status": "Succeeded",
            "summary": {
              "total": 1,
              "failed": 0,
              "success": 1,
              "inProgress": 0,
              "notYetStarted": 0,
              "cancelled": 0,
              "totalCharacterCharged": 16
            }
          },
          {
            "id": "3a4863aa-65ec-4ada-8b60-d851676e1425",
            "createdDateTimeUtc": "2022-03-04T19:12:05.1277569Z",
            "lastActionDateTimeUtc": "2022-03-04T19:12:19.6330541Z",
            "status": "Succeeded",
            "summary": {
              "total": 1,
              "failed": 0,
              "success": 1,
              "inProgress": 0,
              "notYetStarted": 0,
              "cancelled": 0,
              "totalCharacterCharged": 16
            }
          },
          {
            "id": "f77ac67b-9cc6-4b43-9438-db9427e5c940",
            "createdDateTimeUtc": "2022-03-04T19:10:34.0708461Z",
            "lastActionDateTimeUtc": "2022-03-04T19:10:44.8437798Z",
            "status": "Succeeded",
            "summary": {
              "total": 1,
              "failed": 0,
              "success": 1,
              "inProgress": 0,
              "notYetStarted": 0,
              "cancelled": 0,
              "totalCharacterCharged": 16
            }
          },
          {
            "id": "84cc26cb-6893-46f4-8d20-fd4c4a35bc94",
            "createdDateTimeUtc": "2022-03-04T19:09:58.125183Z",
            "lastActionDateTimeUtc": "2022-03-04T19:10:04.3846654Z",
            "status": "Succeeded",
            "summary": {
              "total": 1,
              "failed": 0,
              "success": 1,
              "inProgress": 0,
              "notYetStarted": 0,
              "cancelled": 0,
              "totalCharacterCharged": 16
            }
          },
          {
            "id": "86689e70-d6e6-4fa5-ab19-5326e8c9231c",
            "createdDateTimeUtc": "2022-03-04T18:51:53.2095232Z",
            "lastActionDateTimeUtc": "2022-03-04T18:52:06.9543361Z",
            "status": "Succeeded",
            "summary": {
              "total": 1,
              "failed": 0,
              "success": 1,
              "inProgress": 0,
              "notYetStarted": 0,
              "cancelled": 0,
              "totalCharacterCharged": 16
            }
          },
          {
            "id": "390b13ce-34c1-487e-8c95-56c9bfdd533a",
            "createdDateTimeUtc": "2022-03-04T18:33:46.9639624Z",
            "lastActionDateTimeUtc": "2022-03-04T18:33:56.9239802Z",
            "status": "Succeeded",
            "summary": {
              "total": 1,
              "failed": 0,
              "success": 1,
              "inProgress": 0,
              "notYetStarted": 0,
              "cancelled": 0,
              "totalCharacterCharged": 16
            }
          },
          {
            "id": "2b7754c6-fea1-47b5-97ab-6ad0fd27eeb5",
            "createdDateTimeUtc": "2022-03-04T18:33:16.6943677Z",
            "lastActionDateTimeUtc": "2022-03-04T18:33:26.4639206Z",
            "status": "Succeeded",
            "summary": {
              "total": 1,
              "failed": 0,
              "success": 1,
              "inProgress": 0,
              "notYetStarted": 0,
              "cancelled": 0,
              "totalCharacterCharged": 16
            }
          },
          {
            "id": "20166061-427f-4a98-a6d5-0f7ea9165ddc",
            "createdDateTimeUtc": "2022-03-04T17:57:23.1468696Z",
            "lastActionDateTimeUtc": "2022-03-04T17:57:33.6606229Z",
            "status": "Succeeded",
            "summary": {
              "total": 1,
              "failed": 0,
              "success": 1,
              "inProgress": 0,
              "notYetStarted": 0,
              "cancelled": 0,
              "totalCharacterCharged": 16
            }
          },
          {
            "id": "616a7426-b6f2-40d5-b868-a67d00b8a5ba",
            "createdDateTimeUtc": "2022-03-04T17:56:47.5512046Z",
            "lastActionDateTimeUtc": "2022-03-04T17:56:58.6152102Z",
            "status": "Succeeded",
            "summary": {
              "total": 1,
              "failed": 0,
              "success": 1,
              "inProgress": 0,
              "notYetStarted": 0,
              "cancelled": 0,
              "totalCharacterCharged": 16
            }
          },
          {
            "id": "09a86ec0-766c-49aa-8c43-fa377dc8ee26",
            "createdDateTimeUtc": "2022-03-04T17:47:11.1656374Z",
            "lastActionDateTimeUtc": "2022-03-04T17:47:22.8768739Z",
            "status": "Succeeded",
            "summary": {
              "total": 1,
              "failed": 0,
              "success": 1,
              "inProgress": 0,
              "notYetStarted": 0,
              "cancelled": 0,
              "totalCharacterCharged": 16
            }
          },
          {
            "id": "94fdf7bc-aab1-4390-b3dd-401a4c213845",
            "createdDateTimeUtc": "2022-03-04T17:46:40.8120597Z",
            "lastActionDateTimeUtc": "2022-03-04T17:46:51.5959167Z",
            "status": "Succeeded",
            "summary": {
              "total": 1,
              "failed": 0,
              "success": 1,
              "inProgress": 0,
              "notYetStarted": 0,
              "cancelled": 0,
              "totalCharacterCharged": 16
            }
          },
          {
            "id": "15299821-7988-4c73-a2a8-7ba5ad7d5156",
            "createdDateTimeUtc": "2022-03-04T17:38:51.9948443Z",
            "lastActionDateTimeUtc": "2022-03-04T17:39:01.165082Z",
            "status": "Succeeded",
            "summary": {
              "total": 1,
              "failed": 0,
              "success": 1,
              "inProgress": 0,
              "notYetStarted": 0,
              "cancelled": 0,
              "totalCharacterCharged": 16
            }
          },
          {
            "id": "193afbfb-a20b-4765-907a-4f0bb86f638f",
            "createdDateTimeUtc": "2022-03-04T17:38:21.7109368Z",
            "lastActionDateTimeUtc": "2022-03-04T17:38:36.1107626Z",
            "status": "Succeeded",
            "summary": {
              "total": 1,
              "failed": 0,
              "success": 1,
              "inProgress": 0,
              "notYetStarted": 0,
              "cancelled": 0,
              "totalCharacterCharged": 16
            }
          }
        ]
      }
    }
  ],
  "Variables": {
    "DateTimeOffsetNow": "2022-03-04T13:15:54.0390806-08:00",
    "DOCUMENT_TRANSLATION_API_KEY": "Sanitized",
    "DOCUMENT_TRANSLATION_CONNECTION_STRING": "DefaultEndpointsProtocol=https;AccountName=micnashtranslationprim;AccountKey=Kg==;EndpointSuffix=core.windows.net",
    "DOCUMENT_TRANSLATION_ENDPOINT": "https://micnashtranslation-doctranslation.cognitiveservices.azure.com",
    "RandomSeed": "671201123"
  }
}
