{
  "Entries": [
    {
      "RequestUri": "https://management.azure.com/subscriptions/220fc532-6091-423c-8ba0-66c2397d591b/resourceGroups/dbaccount-2022/providers/Microsoft.DocumentDB/databaseAccounts/dbaccount-7004?api-version=2023-03-15-preview",
      "RequestMethod": "GET",
      "RequestHeaders": {
        "Accept": "application/json",
        "Authorization": "Sanitized",
        "traceparent": "00-e99091cee80e8a6f6f91a0add5ada564-be580a2988a5d7a7-00",
        "User-Agent": "azsdk-net-ResourceManager.CosmosDB/1.4.0-alpha.20230630.1 (.NET 7.0.7; Microsoft Windows 10.0.23493)",
        "x-ms-client-request-id": "e15833f1685178131ae5940e02b51d5f",
        "x-ms-return-client-request-id": "true"
      },
      "RequestBody": null,
      "StatusCode": 200,
      "ResponseHeaders": {
        "Cache-Control": "no-store, no-cache",
        "Content-Length": "2911",
        "Content-Type": "application/json",
        "Date": "Sat, 01 Jul 2023 06:41:20 GMT",
        "Pragma": "no-cache",
        "Server": "Microsoft-HTTPAPI/2.0",
        "Strict-Transport-Security": "max-age=31536000; includeSubDomains",
        "X-Content-Type-Options": "nosniff",
        "x-ms-correlation-request-id": "afad5c57-870f-4b4c-985d-643ad41169c8",
        "x-ms-gatewayversion": "version=2.14.0",
        "x-ms-ratelimit-remaining-subscription-reads": "11119",
        "x-ms-request-id": "afad5c57-870f-4b4c-985d-643ad41169c8",
        "x-ms-routing-request-id": "SOUTHCENTRALUS:20230701T064120Z:afad5c57-870f-4b4c-985d-643ad41169c8"
      },
      "ResponseBody": {
        "id": "/subscriptions/220fc532-6091-423c-8ba0-66c2397d591b/resourceGroups/dbaccount-2022/providers/Microsoft.DocumentDB/databaseAccounts/dbaccount-7004",
        "name": "dbaccount-7004",
        "location": "West US 2",
        "type": "Microsoft.DocumentDB/databaseAccounts",
        "kind": "GlobalDocumentDB",
        "tags": {
          "key1": "value1",
          "key2": "value2"
        },
        "systemData": {
          "createdAt": "2023-07-01T06:39:30.5180942Z"
        },
        "properties": {
          "provisioningState": "Succeeded",
          "documentEndpoint": "https://dbaccount-7004.documents.azure.com:443/",
          "sqlEndpoint": "https://dbaccount-7004.documents.azure.com:443/",
          "publicNetworkAccess": "Enabled",
          "enableAutomaticFailover": false,
          "enableMultipleWriteLocations": false,
          "enablePartitionKeyMonitor": false,
          "isVirtualNetworkFilterEnabled": true,
          "virtualNetworkRules": [],
          "EnabledApiTypes": "Sql",
          "disableKeyBasedMetadataWriteAccess": false,
          "enableFreeTier": false,
          "enableAnalyticalStorage": false,
          "analyticalStorageConfiguration": {
            "schemaType": "WellDefined"
          },
          "instanceId": "5390f47d-105d-47b9-bf13-6fb2e67d95c7",
          "databaseAccountOfferType": "Standard",
          "enableCassandraConnector": false,
          "connectorOffer": "Small",
          "enableMaterializedViews": false,
          "enableFullFidelityChangeFeed": false,
          "defaultIdentity": "FirstPartyIdentity",
          "networkAclBypass": "None",
          "disableLocalAuth": false,
          "enablePartitionMerge": false,
          "enableBurstCapacity": false,
          "minimalTlsVersion": "Tls",
          "consistencyPolicy": {
            "defaultConsistencyLevel": "BoundedStaleness",
            "maxIntervalInSeconds": 1000,
            "maxStalenessPrefix": 300
          },
          "configurationOverrides": {},
          "writeLocations": [
            {
              "id": "dbaccount-7004-westus",
              "locationName": "West US",
              "documentEndpoint": "https://dbaccount-7004-westus.documents.azure.com:443/",
              "provisioningState": "Succeeded",
              "failoverPriority": 0,
              "isZoneRedundant": false
            }
          ],
          "readLocations": [
            {
              "id": "dbaccount-7004-westus",
              "locationName": "West US",
              "documentEndpoint": "https://dbaccount-7004-westus.documents.azure.com:443/",
              "provisioningState": "Succeeded",
              "failoverPriority": 0,
              "isZoneRedundant": false
            }
          ],
          "locations": [
            {
              "id": "dbaccount-7004-westus",
              "locationName": "West US",
              "documentEndpoint": "https://dbaccount-7004-westus.documents.azure.com:443/",
              "provisioningState": "Succeeded",
              "failoverPriority": 0,
              "isZoneRedundant": false
            }
          ],
          "failoverPolicies": [
            {
              "id": "dbaccount-7004-westus",
              "locationName": "West US",
              "failoverPriority": 0
            }
          ],
          "cors": [],
          "capabilities": [],
          "ipRules": [
            {
              "ipAddressOrRange": "23.43.230.120"
            }
          ],
          "backupPolicy": {
            "type": "Periodic",
            "periodicModeProperties": {
              "backupIntervalInMinutes": 240,
              "backupRetentionIntervalInHours": 8,
              "backupStorageRedundancy": "Geo"
            }
          },
          "networkAclBypassResourceIds": [],
          "diagnosticLogSettings": {
            "enableFullTextQuery": "None"
          },
          "keysMetadata": {
            "primaryMasterKey": {
              "generationTime": "2023-07-01T06:39:30.5180942Z"
            },
            "secondaryMasterKey": {
              "generationTime": "2023-07-01T06:39:30.5180942Z"
            },
            "primaryReadonlyMasterKey": {
              "generationTime": "2023-07-01T06:39:30.5180942Z"
            },
            "secondaryReadonlyMasterKey": {
              "generationTime": "2023-07-01T06:39:30.5180942Z"
            }
          }
        },
        "identity": {
          "type": "None"
        }
      }
    },
    {
      "RequestUri": "https://management.azure.com/subscriptions/220fc532-6091-423c-8ba0-66c2397d591b/resourceGroups/dbaccount-2022/providers/Microsoft.DocumentDB/databaseAccounts/dbaccount-7004/sqlDatabases/sql-db-299?api-version=2023-03-15-preview",
      "RequestMethod": "PUT",
      "RequestHeaders": {
        "Accept": "application/json",
        "Authorization": "Sanitized",
        "Content-Length": "106",
        "Content-Type": "application/json",
        "traceparent": "00-77454930c0fff65aba6289a95838bc5d-6ec98f4d137d02ad-00",
        "User-Agent": "azsdk-net-ResourceManager.CosmosDB/1.4.0-alpha.20230630.1 (.NET 7.0.7; Microsoft Windows 10.0.23493)",
        "x-ms-client-request-id": "4a8fd17cd6a76516b372b9048963f5ac",
        "x-ms-return-client-request-id": "true"
      },
      "RequestBody": {
        "tags": {},
        "location": "westus",
        "properties": {
          "resource": {
            "id": "sql-db-299"
          },
          "options": {
            "throughput": 700
          }
        }
      },
      "StatusCode": 202,
      "ResponseHeaders": {
        "Azure-AsyncOperation": "https://management.azure.com/subscriptions/220fc532-6091-423c-8ba0-66c2397d591b/providers/Microsoft.DocumentDB/locations/westus2/operationsStatus/6969fa1e-6de7-408a-96f0-6c380658f238?api-version=2023-03-15-preview",
        "Cache-Control": "no-store, no-cache",
        "Content-Length": "21",
        "Content-Type": "application/json",
        "Date": "Sat, 01 Jul 2023 06:41:20 GMT",
        "Location": "https://management.azure.com/subscriptions/220fc532-6091-423c-8ba0-66c2397d591b/resourceGroups/dbaccount-2022/providers/Microsoft.DocumentDB/databaseAccounts/dbaccount-7004/sqlDatabases/sql-db-299/operationResults/6969fa1e-6de7-408a-96f0-6c380658f238?api-version=2023-03-15-preview",
        "Pragma": "no-cache",
        "Server": "Microsoft-HTTPAPI/2.0",
        "Strict-Transport-Security": "max-age=31536000; includeSubDomains",
        "X-Content-Type-Options": "nosniff",
        "x-ms-correlation-request-id": "311f069f-0957-42b3-b683-316519c18b28",
        "x-ms-gatewayversion": "version=2.14.0",
        "x-ms-ratelimit-remaining-subscription-writes": "1134",
        "x-ms-request-id": "6969fa1e-6de7-408a-96f0-6c380658f238",
        "x-ms-routing-request-id": "SOUTHCENTRALUS:20230701T064120Z:311f069f-0957-42b3-b683-316519c18b28"
      },
      "ResponseBody": {
        "status": "Enqueued"
      }
    },
    {
      "RequestUri": "https://management.azure.com/subscriptions/220fc532-6091-423c-8ba0-66c2397d591b/providers/Microsoft.DocumentDB/locations/westus2/operationsStatus/6969fa1e-6de7-408a-96f0-6c380658f238?api-version=2023-03-15-preview",
      "RequestMethod": "GET",
      "RequestHeaders": {
        "Authorization": "Sanitized",
        "traceparent": "00-77454930c0fff65aba6289a95838bc5d-b1ea4966709fc22c-00",
        "User-Agent": "azsdk-net-ResourceManager/1.6.0 (.NET 7.0.7; Microsoft Windows 10.0.23493)",
        "x-ms-client-request-id": "3f2696f7a6185c49417c9df559749182",
        "x-ms-return-client-request-id": "true"
      },
      "RequestBody": null,
      "StatusCode": 200,
      "ResponseHeaders": {
        "Cache-Control": "no-store, no-cache",
        "Content-Length": "21",
        "Content-Type": "application/json",
        "Date": "Sat, 01 Jul 2023 06:41:20 GMT",
        "Pragma": "no-cache",
        "Server": "Microsoft-HTTPAPI/2.0",
        "Strict-Transport-Security": "max-age=31536000; includeSubDomains",
        "X-Content-Type-Options": "nosniff",
        "x-ms-correlation-request-id": "15abd9ab-bda4-4ef8-a959-48571371b548",
        "x-ms-gatewayversion": "version=2.14.0",
        "x-ms-ratelimit-remaining-subscription-reads": "11118",
        "x-ms-request-id": "15abd9ab-bda4-4ef8-a959-48571371b548",
        "x-ms-routing-request-id": "SOUTHCENTRALUS:20230701T064120Z:15abd9ab-bda4-4ef8-a959-48571371b548"
      },
      "ResponseBody": {
        "status": "Enqueued"
      }
    },
    {
      "RequestUri": "https://management.azure.com/subscriptions/220fc532-6091-423c-8ba0-66c2397d591b/providers/Microsoft.DocumentDB/locations/westus2/operationsStatus/6969fa1e-6de7-408a-96f0-6c380658f238?api-version=2023-03-15-preview",
      "RequestMethod": "GET",
      "RequestHeaders": {
        "Authorization": "Sanitized",
        "traceparent": "00-77454930c0fff65aba6289a95838bc5d-04a9bd0872082b82-00",
        "User-Agent": "azsdk-net-ResourceManager/1.6.0 (.NET 7.0.7; Microsoft Windows 10.0.23493)",
        "x-ms-client-request-id": "8fc7619e48acc98d5c916ec20652d4dd",
        "x-ms-return-client-request-id": "true"
      },
      "RequestBody": null,
      "StatusCode": 200,
      "ResponseHeaders": {
        "Cache-Control": "no-store, no-cache",
        "Content-Length": "21",
        "Content-Type": "application/json",
        "Date": "Sat, 01 Jul 2023 06:41:21 GMT",
        "Pragma": "no-cache",
        "Server": "Microsoft-HTTPAPI/2.0",
        "Strict-Transport-Security": "max-age=31536000; includeSubDomains",
        "X-Content-Type-Options": "nosniff",
        "x-ms-correlation-request-id": "4cb25056-cdb4-4749-88bf-32b456f9e09c",
        "x-ms-gatewayversion": "version=2.14.0",
        "x-ms-ratelimit-remaining-subscription-reads": "11117",
        "x-ms-request-id": "4cb25056-cdb4-4749-88bf-32b456f9e09c",
        "x-ms-routing-request-id": "SOUTHCENTRALUS:20230701T064121Z:4cb25056-cdb4-4749-88bf-32b456f9e09c"
      },
      "ResponseBody": {
        "status": "Enqueued"
      }
    },
    {
      "RequestUri": "https://management.azure.com/subscriptions/220fc532-6091-423c-8ba0-66c2397d591b/providers/Microsoft.DocumentDB/locations/westus2/operationsStatus/6969fa1e-6de7-408a-96f0-6c380658f238?api-version=2023-03-15-preview",
      "RequestMethod": "GET",
      "RequestHeaders": {
        "Authorization": "Sanitized",
        "traceparent": "00-77454930c0fff65aba6289a95838bc5d-13f70bcf936d1b7e-00",
        "User-Agent": "azsdk-net-ResourceManager/1.6.0 (.NET 7.0.7; Microsoft Windows 10.0.23493)",
        "x-ms-client-request-id": "f20cc647b63d9394dc14d545147ea467",
        "x-ms-return-client-request-id": "true"
      },
      "RequestBody": null,
      "StatusCode": 200,
      "ResponseHeaders": {
        "Cache-Control": "no-store, no-cache",
        "Content-Length": "21",
        "Content-Type": "application/json",
        "Date": "Sat, 01 Jul 2023 06:41:22 GMT",
        "Pragma": "no-cache",
        "Server": "Microsoft-HTTPAPI/2.0",
        "Strict-Transport-Security": "max-age=31536000; includeSubDomains",
        "X-Content-Type-Options": "nosniff",
        "x-ms-correlation-request-id": "79d72ea5-135f-45c7-8b68-98aeb80fdd9d",
        "x-ms-gatewayversion": "version=2.14.0",
        "x-ms-ratelimit-remaining-subscription-reads": "11116",
        "x-ms-request-id": "79d72ea5-135f-45c7-8b68-98aeb80fdd9d",
        "x-ms-routing-request-id": "SOUTHCENTRALUS:20230701T064123Z:79d72ea5-135f-45c7-8b68-98aeb80fdd9d"
      },
      "ResponseBody": {
        "status": "Enqueued"
      }
    },
    {
      "RequestUri": "https://management.azure.com/subscriptions/220fc532-6091-423c-8ba0-66c2397d591b/providers/Microsoft.DocumentDB/locations/westus2/operationsStatus/6969fa1e-6de7-408a-96f0-6c380658f238?api-version=2023-03-15-preview",
      "RequestMethod": "GET",
      "RequestHeaders": {
        "Authorization": "Sanitized",
        "traceparent": "00-77454930c0fff65aba6289a95838bc5d-53625ee6e58d5145-00",
        "User-Agent": "azsdk-net-ResourceManager/1.6.0 (.NET 7.0.7; Microsoft Windows 10.0.23493)",
        "x-ms-client-request-id": "2f244e539b0eae46085ce286388656ef",
        "x-ms-return-client-request-id": "true"
      },
      "RequestBody": null,
      "StatusCode": 200,
      "ResponseHeaders": {
        "Cache-Control": "no-store, no-cache",
        "Content-Length": "21",
        "Content-Type": "application/json",
        "Date": "Sat, 01 Jul 2023 06:41:23 GMT",
        "Pragma": "no-cache",
        "Server": "Microsoft-HTTPAPI/2.0",
        "Strict-Transport-Security": "max-age=31536000; includeSubDomains",
        "X-Content-Type-Options": "nosniff",
        "x-ms-correlation-request-id": "8d13d30a-0e6e-417c-9f4f-4dfdfe62b362",
        "x-ms-gatewayversion": "version=2.14.0",
        "x-ms-ratelimit-remaining-subscription-reads": "11115",
        "x-ms-request-id": "8d13d30a-0e6e-417c-9f4f-4dfdfe62b362",
        "x-ms-routing-request-id": "SOUTHCENTRALUS:20230701T064124Z:8d13d30a-0e6e-417c-9f4f-4dfdfe62b362"
      },
      "ResponseBody": {
        "status": "Enqueued"
      }
    },
    {
      "RequestUri": "https://management.azure.com/subscriptions/220fc532-6091-423c-8ba0-66c2397d591b/providers/Microsoft.DocumentDB/locations/westus2/operationsStatus/6969fa1e-6de7-408a-96f0-6c380658f238?api-version=2023-03-15-preview",
      "RequestMethod": "GET",
      "RequestHeaders": {
        "Authorization": "Sanitized",
        "traceparent": "00-77454930c0fff65aba6289a95838bc5d-f2435a3e18f7d307-00",
        "User-Agent": "azsdk-net-ResourceManager/1.6.0 (.NET 7.0.7; Microsoft Windows 10.0.23493)",
        "x-ms-client-request-id": "93adc0a89f67e844cc34b2987248b4dd",
        "x-ms-return-client-request-id": "true"
      },
      "RequestBody": null,
      "StatusCode": 200,
      "ResponseHeaders": {
        "Cache-Control": "no-store, no-cache",
        "Content-Length": "21",
        "Content-Type": "application/json",
        "Date": "Sat, 01 Jul 2023 06:41:25 GMT",
        "Pragma": "no-cache",
        "Server": "Microsoft-HTTPAPI/2.0",
        "Strict-Transport-Security": "max-age=31536000; includeSubDomains",
        "X-Content-Type-Options": "nosniff",
        "x-ms-correlation-request-id": "a5609b64-be61-48c0-862d-ec6df0e26de7",
        "x-ms-gatewayversion": "version=2.14.0",
        "x-ms-ratelimit-remaining-subscription-reads": "11114",
        "x-ms-request-id": "a5609b64-be61-48c0-862d-ec6df0e26de7",
        "x-ms-routing-request-id": "SOUTHCENTRALUS:20230701T064126Z:a5609b64-be61-48c0-862d-ec6df0e26de7"
      },
      "ResponseBody": {
        "status": "Dequeued"
      }
    },
    {
      "RequestUri": "https://management.azure.com/subscriptions/220fc532-6091-423c-8ba0-66c2397d591b/providers/Microsoft.DocumentDB/locations/westus2/operationsStatus/6969fa1e-6de7-408a-96f0-6c380658f238?api-version=2023-03-15-preview",
      "RequestMethod": "GET",
      "RequestHeaders": {
        "Authorization": "Sanitized",
        "traceparent": "00-77454930c0fff65aba6289a95838bc5d-eb045d7087bc02eb-00",
        "User-Agent": "azsdk-net-ResourceManager/1.6.0 (.NET 7.0.7; Microsoft Windows 10.0.23493)",
        "x-ms-client-request-id": "b86f07eda42dacce805de9e0d40d5b55",
        "x-ms-return-client-request-id": "true"
      },
      "RequestBody": null,
      "StatusCode": 200,
      "ResponseHeaders": {
        "Cache-Control": "no-store, no-cache",
        "Content-Length": "21",
        "Content-Type": "application/json",
        "Date": "Sat, 01 Jul 2023 06:41:30 GMT",
        "Pragma": "no-cache",
        "Server": "Microsoft-HTTPAPI/2.0",
        "Strict-Transport-Security": "max-age=31536000; includeSubDomains",
        "X-Content-Type-Options": "nosniff",
        "x-ms-correlation-request-id": "7fb94ad2-fc86-4b1a-a016-3fe5841fce3d",
        "x-ms-gatewayversion": "version=2.14.0",
        "x-ms-ratelimit-remaining-subscription-reads": "11113",
        "x-ms-request-id": "7fb94ad2-fc86-4b1a-a016-3fe5841fce3d",
        "x-ms-routing-request-id": "SOUTHCENTRALUS:20230701T064130Z:7fb94ad2-fc86-4b1a-a016-3fe5841fce3d"
      },
      "ResponseBody": {
        "status": "Dequeued"
      }
    },
    {
      "RequestUri": "https://management.azure.com/subscriptions/220fc532-6091-423c-8ba0-66c2397d591b/providers/Microsoft.DocumentDB/locations/westus2/operationsStatus/6969fa1e-6de7-408a-96f0-6c380658f238?api-version=2023-03-15-preview",
      "RequestMethod": "GET",
      "RequestHeaders": {
        "Authorization": "Sanitized",
        "traceparent": "00-77454930c0fff65aba6289a95838bc5d-5786409d10120a38-00",
        "User-Agent": "azsdk-net-ResourceManager/1.6.0 (.NET 7.0.7; Microsoft Windows 10.0.23493)",
        "x-ms-client-request-id": "549de6bd11d1b400093c62dae8ad3cc0",
        "x-ms-return-client-request-id": "true"
      },
      "RequestBody": null,
      "StatusCode": 200,
      "ResponseHeaders": {
        "Cache-Control": "no-store, no-cache",
        "Content-Length": "22",
        "Content-Type": "application/json",
        "Date": "Sat, 01 Jul 2023 06:41:38 GMT",
        "Pragma": "no-cache",
        "Server": "Microsoft-HTTPAPI/2.0",
        "Strict-Transport-Security": "max-age=31536000; includeSubDomains",
        "X-Content-Type-Options": "nosniff",
        "x-ms-correlation-request-id": "f129915e-9840-4a81-a899-cc54b3ed75e4",
        "x-ms-gatewayversion": "version=2.14.0",
        "x-ms-ratelimit-remaining-subscription-reads": "11112",
        "x-ms-request-id": "f129915e-9840-4a81-a899-cc54b3ed75e4",
        "x-ms-routing-request-id": "SOUTHCENTRALUS:20230701T064138Z:f129915e-9840-4a81-a899-cc54b3ed75e4"
      },
      "ResponseBody": {
        "status": "Succeeded"
      }
    },
    {
      "RequestUri": "https://management.azure.com/subscriptions/220fc532-6091-423c-8ba0-66c2397d591b/resourceGroups/dbaccount-2022/providers/Microsoft.DocumentDB/databaseAccounts/dbaccount-7004/sqlDatabases/sql-db-299?api-version=2023-03-15-preview",
      "RequestMethod": "GET",
      "RequestHeaders": {
        "Authorization": "Sanitized",
        "traceparent": "00-77454930c0fff65aba6289a95838bc5d-68718efe204918d0-00",
        "User-Agent": "azsdk-net-ResourceManager/1.6.0 (.NET 7.0.7; Microsoft Windows 10.0.23493)",
        "x-ms-client-request-id": "309904a79e1704c1f2011209b56413bf",
        "x-ms-return-client-request-id": "true"
      },
      "RequestBody": null,
      "StatusCode": 200,
      "ResponseHeaders": {
        "Cache-Control": "no-store, no-cache",
        "Content-Length": "449",
        "Content-Type": "application/json",
        "Date": "Sat, 01 Jul 2023 06:41:38 GMT",
        "Pragma": "no-cache",
        "Server": "Microsoft-HTTPAPI/2.0",
        "Strict-Transport-Security": "max-age=31536000; includeSubDomains",
        "X-Content-Type-Options": "nosniff",
        "x-ms-correlation-request-id": "9ef7f0eb-a57b-43f5-a74e-73c486de8f35",
        "x-ms-gatewayversion": "version=2.14.0",
        "x-ms-ratelimit-remaining-subscription-reads": "11111",
        "x-ms-request-id": "9ef7f0eb-a57b-43f5-a74e-73c486de8f35",
        "x-ms-routing-request-id": "SOUTHCENTRALUS:20230701T064138Z:9ef7f0eb-a57b-43f5-a74e-73c486de8f35"
      },
      "ResponseBody": {
        "id": "/subscriptions/220fc532-6091-423c-8ba0-66c2397d591b/resourceGroups/dbaccount-2022/providers/Microsoft.DocumentDB/databaseAccounts/dbaccount-7004/sqlDatabases/sql-db-299",
        "type": "Microsoft.DocumentDB/databaseAccounts/sqlDatabases",
        "name": "sql-db-299",
        "properties": {
          "resource": {
            "id": "sql-db-299",
            "_rid": "Eh8fAA==",
            "_self": "dbs/Eh8fAA==/",
            "_etag": "\u002200001971-0000-0700-0000-649fca990000\u0022",
            "_colls": "colls/",
            "_users": "users/",
            "_ts": 1688193689
          }
        }
      }
    },
    {
      "RequestUri": "https://management.azure.com/subscriptions/220fc532-6091-423c-8ba0-66c2397d591b/resourceGroups/dbaccount-2022/providers/Microsoft.DocumentDB/databaseAccounts/dbaccount-7004/sqlDatabases?api-version=2023-03-15-preview",
      "RequestMethod": "GET",
      "RequestHeaders": {
        "Accept": "application/json",
        "Authorization": "Sanitized",
        "traceparent": "00-92e41fe7dfd1420610deb037593de15f-26ae6b31e76546eb-00",
        "User-Agent": "azsdk-net-ResourceManager.CosmosDB/1.4.0-alpha.20230630.1 (.NET 7.0.7; Microsoft Windows 10.0.23493)",
        "x-ms-client-request-id": "8cdb5dd860aadb0c07bbaef141f4c3d2",
        "x-ms-return-client-request-id": "true"
      },
      "RequestBody": null,
      "StatusCode": 200,
      "ResponseHeaders": {
        "Cache-Control": "no-store, no-cache",
        "Content-Length": "461",
        "Content-Type": "application/json",
        "Date": "Sat, 01 Jul 2023 06:41:38 GMT",
        "Pragma": "no-cache",
        "Server": "Microsoft-HTTPAPI/2.0",
        "Strict-Transport-Security": "max-age=31536000; includeSubDomains",
        "X-Content-Type-Options": "nosniff",
        "x-ms-correlation-request-id": "2d2b7290-ab3c-441d-a87c-2993daf9a310",
        "x-ms-gatewayversion": "version=2.14.0",
        "x-ms-ratelimit-remaining-subscription-reads": "11110",
        "x-ms-request-id": "2d2b7290-ab3c-441d-a87c-2993daf9a310",
        "x-ms-routing-request-id": "SOUTHCENTRALUS:20230701T064138Z:2d2b7290-ab3c-441d-a87c-2993daf9a310"
      },
      "ResponseBody": {
        "value": [
          {
            "id": "/subscriptions/220fc532-6091-423c-8ba0-66c2397d591b/resourceGroups/dbaccount-2022/providers/Microsoft.DocumentDB/databaseAccounts/dbaccount-7004/sqlDatabases/sql-db-299",
            "type": "Microsoft.DocumentDB/databaseAccounts/sqlDatabases",
            "name": "sql-db-299",
            "properties": {
              "resource": {
                "id": "sql-db-299",
                "_rid": "Eh8fAA==",
                "_self": "dbs/Eh8fAA==/",
                "_etag": "\u002200001971-0000-0700-0000-649fca990000\u0022",
                "_colls": "colls/",
                "_users": "users/",
                "_ts": 1688193689
              }
            }
          }
        ]
      }
    },
    {
      "RequestUri": "https://management.azure.com/subscriptions/220fc532-6091-423c-8ba0-66c2397d591b/resourceGroups/dbaccount-2022/providers/Microsoft.DocumentDB/databaseAccounts/dbaccount-7004/sqlDatabases/sql-db-299?api-version=2023-03-15-preview",
      "RequestMethod": "GET",
      "RequestHeaders": {
        "Accept": "application/json",
        "Authorization": "Sanitized",
        "traceparent": "00-cd4fe2f3993e6c8caa8f929161da3c28-3d98fd2531450326-00",
        "User-Agent": "azsdk-net-ResourceManager.CosmosDB/1.4.0-alpha.20230630.1 (.NET 7.0.7; Microsoft Windows 10.0.23493)",
        "x-ms-client-request-id": "d03829212a741f3d249961d0fef6fea4",
        "x-ms-return-client-request-id": "true"
      },
      "RequestBody": null,
      "StatusCode": 200,
      "ResponseHeaders": {
        "Cache-Control": "no-store, no-cache",
        "Content-Length": "449",
        "Content-Type": "application/json",
        "Date": "Sat, 01 Jul 2023 06:41:38 GMT",
        "Pragma": "no-cache",
        "Server": "Microsoft-HTTPAPI/2.0",
        "Strict-Transport-Security": "max-age=31536000; includeSubDomains",
        "X-Content-Type-Options": "nosniff",
        "x-ms-correlation-request-id": "04d3f6cd-d130-4613-aa0d-d78ac4cf0bc7",
        "x-ms-gatewayversion": "version=2.14.0",
        "x-ms-ratelimit-remaining-subscription-reads": "11109",
        "x-ms-request-id": "04d3f6cd-d130-4613-aa0d-d78ac4cf0bc7",
        "x-ms-routing-request-id": "SOUTHCENTRALUS:20230701T064138Z:04d3f6cd-d130-4613-aa0d-d78ac4cf0bc7"
      },
      "ResponseBody": {
        "id": "/subscriptions/220fc532-6091-423c-8ba0-66c2397d591b/resourceGroups/dbaccount-2022/providers/Microsoft.DocumentDB/databaseAccounts/dbaccount-7004/sqlDatabases/sql-db-299",
        "type": "Microsoft.DocumentDB/databaseAccounts/sqlDatabases",
        "name": "sql-db-299",
        "properties": {
          "resource": {
            "id": "sql-db-299",
            "_rid": "Eh8fAA==",
            "_self": "dbs/Eh8fAA==/",
            "_etag": "\u002200001971-0000-0700-0000-649fca990000\u0022",
            "_colls": "colls/",
            "_users": "users/",
            "_ts": 1688193689
          }
        }
      }
    },
    {
      "RequestUri": "https://management.azure.com/subscriptions/220fc532-6091-423c-8ba0-66c2397d591b/resourceGroups/dbaccount-2022/providers/Microsoft.DocumentDB/databaseAccounts/dbaccount-7004/sqlDatabases/sql-db-299?api-version=2023-03-15-preview",
      "RequestMethod": "DELETE",
      "RequestHeaders": {
        "Authorization": "Sanitized",
        "traceparent": "00-39fc9ef303e0595fa5d8abb0fa89e704-3fe31634a5248c88-00",
        "User-Agent": "azsdk-net-ResourceManager.CosmosDB/1.4.0-alpha.20230630.1 (.NET 7.0.7; Microsoft Windows 10.0.23493)",
        "x-ms-client-request-id": "8b01a328afd24716f7bd295cefd0c2fd",
        "x-ms-return-client-request-id": "true"
      },
      "RequestBody": null,
      "StatusCode": 202,
      "ResponseHeaders": {
        "Azure-AsyncOperation": "https://management.azure.com/subscriptions/220fc532-6091-423c-8ba0-66c2397d591b/providers/Microsoft.DocumentDB/locations/westus2/operationsStatus/e087303e-36f7-4b91-973a-b64412eaa089?api-version=2023-03-15-preview",
        "Cache-Control": "no-store, no-cache",
        "Content-Length": "21",
        "Content-Type": "application/json",
        "Date": "Sat, 01 Jul 2023 06:41:39 GMT",
        "Location": "https://management.azure.com/subscriptions/220fc532-6091-423c-8ba0-66c2397d591b/resourceGroups/dbaccount-2022/providers/Microsoft.DocumentDB/databaseAccounts/dbaccount-7004/sqlDatabases/sql-db-299/operationResults/e087303e-36f7-4b91-973a-b64412eaa089?api-version=2023-03-15-preview",
        "Pragma": "no-cache",
        "Server": "Microsoft-HTTPAPI/2.0",
        "Strict-Transport-Security": "max-age=31536000; includeSubDomains",
        "X-Content-Type-Options": "nosniff",
        "x-ms-correlation-request-id": "6ef6745e-ebef-4b4a-b570-7e0826f05be9",
        "x-ms-gatewayversion": "version=2.14.0",
        "x-ms-ratelimit-remaining-subscription-deletes": "14966",
        "x-ms-request-id": "e087303e-36f7-4b91-973a-b64412eaa089",
        "x-ms-routing-request-id": "SOUTHCENTRALUS:20230701T064139Z:6ef6745e-ebef-4b4a-b570-7e0826f05be9"
      },
      "ResponseBody": {
        "status": "Enqueued"
      }
    },
    {
      "RequestUri": "https://management.azure.com/subscriptions/220fc532-6091-423c-8ba0-66c2397d591b/providers/Microsoft.DocumentDB/locations/westus2/operationsStatus/e087303e-36f7-4b91-973a-b64412eaa089?api-version=2023-03-15-preview",
      "RequestMethod": "GET",
      "RequestHeaders": {
        "Authorization": "Sanitized",
        "traceparent": "00-39fc9ef303e0595fa5d8abb0fa89e704-17dd047fc172fb91-00",
        "User-Agent": "azsdk-net-ResourceManager/1.6.0 (.NET 7.0.7; Microsoft Windows 10.0.23493)",
        "x-ms-client-request-id": "9dc809bc38f3710012f1d8b700e12f54",
        "x-ms-return-client-request-id": "true"
      },
      "RequestBody": null,
      "StatusCode": 200,
      "ResponseHeaders": {
        "Cache-Control": "no-store, no-cache",
        "Content-Length": "21",
        "Content-Type": "application/json",
        "Date": "Sat, 01 Jul 2023 06:41:39 GMT",
        "Pragma": "no-cache",
        "Server": "Microsoft-HTTPAPI/2.0",
        "Strict-Transport-Security": "max-age=31536000; includeSubDomains",
        "X-Content-Type-Options": "nosniff",
        "x-ms-correlation-request-id": "7d39c657-dd7e-466a-9f8f-37193f82ec64",
        "x-ms-gatewayversion": "version=2.14.0",
        "x-ms-ratelimit-remaining-subscription-reads": "11108",
        "x-ms-request-id": "7d39c657-dd7e-466a-9f8f-37193f82ec64",
        "x-ms-routing-request-id": "SOUTHCENTRALUS:20230701T064139Z:7d39c657-dd7e-466a-9f8f-37193f82ec64"
      },
      "ResponseBody": {
        "status": "Enqueued"
      }
    },
    {
      "RequestUri": "https://management.azure.com/subscriptions/220fc532-6091-423c-8ba0-66c2397d591b/providers/Microsoft.DocumentDB/locations/westus2/operationsStatus/e087303e-36f7-4b91-973a-b64412eaa089?api-version=2023-03-15-preview",
      "RequestMethod": "GET",
      "RequestHeaders": {
        "Authorization": "Sanitized",
        "traceparent": "00-39fc9ef303e0595fa5d8abb0fa89e704-025f97062284cc31-00",
        "User-Agent": "azsdk-net-ResourceManager/1.6.0 (.NET 7.0.7; Microsoft Windows 10.0.23493)",
        "x-ms-client-request-id": "be9264d6720ee47959536b16480448bb",
        "x-ms-return-client-request-id": "true"
      },
      "RequestBody": null,
      "StatusCode": 200,
      "ResponseHeaders": {
        "Cache-Control": "no-store, no-cache",
        "Content-Length": "21",
        "Content-Type": "application/json",
        "Date": "Sat, 01 Jul 2023 06:41:40 GMT",
        "Pragma": "no-cache",
        "Server": "Microsoft-HTTPAPI/2.0",
        "Strict-Transport-Security": "max-age=31536000; includeSubDomains",
        "X-Content-Type-Options": "nosniff",
        "x-ms-correlation-request-id": "117a8c93-8561-463c-9c56-c0c72e188e49",
        "x-ms-gatewayversion": "version=2.14.0",
        "x-ms-ratelimit-remaining-subscription-reads": "11107",
        "x-ms-request-id": "117a8c93-8561-463c-9c56-c0c72e188e49",
        "x-ms-routing-request-id": "SOUTHCENTRALUS:20230701T064140Z:117a8c93-8561-463c-9c56-c0c72e188e49"
      },
      "ResponseBody": {
        "status": "Enqueued"
      }
    },
    {
      "RequestUri": "https://management.azure.com/subscriptions/220fc532-6091-423c-8ba0-66c2397d591b/providers/Microsoft.DocumentDB/locations/westus2/operationsStatus/e087303e-36f7-4b91-973a-b64412eaa089?api-version=2023-03-15-preview",
      "RequestMethod": "GET",
      "RequestHeaders": {
        "Authorization": "Sanitized",
        "traceparent": "00-39fc9ef303e0595fa5d8abb0fa89e704-927b3f8c105c758b-00",
        "User-Agent": "azsdk-net-ResourceManager/1.6.0 (.NET 7.0.7; Microsoft Windows 10.0.23493)",
        "x-ms-client-request-id": "e5a019df2507040a4076793a6b93ad3e",
        "x-ms-return-client-request-id": "true"
      },
      "RequestBody": null,
      "StatusCode": 200,
      "ResponseHeaders": {
        "Cache-Control": "no-store, no-cache",
        "Content-Length": "21",
        "Content-Type": "application/json",
        "Date": "Sat, 01 Jul 2023 06:41:41 GMT",
        "Pragma": "no-cache",
        "Server": "Microsoft-HTTPAPI/2.0",
        "Strict-Transport-Security": "max-age=31536000; includeSubDomains",
        "X-Content-Type-Options": "nosniff",
        "x-ms-correlation-request-id": "1b98bd84-0e6d-4e21-8493-95b491a2bbce",
        "x-ms-gatewayversion": "version=2.14.0",
        "x-ms-ratelimit-remaining-subscription-reads": "11106",
        "x-ms-request-id": "1b98bd84-0e6d-4e21-8493-95b491a2bbce",
        "x-ms-routing-request-id": "SOUTHCENTRALUS:20230701T064141Z:1b98bd84-0e6d-4e21-8493-95b491a2bbce"
      },
      "ResponseBody": {
        "status": "Enqueued"
      }
    },
    {
      "RequestUri": "https://management.azure.com/subscriptions/220fc532-6091-423c-8ba0-66c2397d591b/providers/Microsoft.DocumentDB/locations/westus2/operationsStatus/e087303e-36f7-4b91-973a-b64412eaa089?api-version=2023-03-15-preview",
      "RequestMethod": "GET",
      "RequestHeaders": {
        "Authorization": "Sanitized",
        "traceparent": "00-39fc9ef303e0595fa5d8abb0fa89e704-3a8292158f9f6340-00",
        "User-Agent": "azsdk-net-ResourceManager/1.6.0 (.NET 7.0.7; Microsoft Windows 10.0.23493)",
        "x-ms-client-request-id": "9a3a128c1ea9490290e344a0cde9290e",
        "x-ms-return-client-request-id": "true"
      },
      "RequestBody": null,
      "StatusCode": 200,
      "ResponseHeaders": {
        "Cache-Control": "no-store, no-cache",
        "Content-Length": "21",
        "Content-Type": "application/json",
        "Date": "Sat, 01 Jul 2023 06:41:42 GMT",
        "Pragma": "no-cache",
        "Server": "Microsoft-HTTPAPI/2.0",
        "Strict-Transport-Security": "max-age=31536000; includeSubDomains",
        "X-Content-Type-Options": "nosniff",
        "x-ms-correlation-request-id": "20b76d0b-258b-41a5-b4a7-e90a4958cfee",
        "x-ms-gatewayversion": "version=2.14.0",
        "x-ms-ratelimit-remaining-subscription-reads": "11105",
        "x-ms-request-id": "20b76d0b-258b-41a5-b4a7-e90a4958cfee",
        "x-ms-routing-request-id": "SOUTHCENTRALUS:20230701T064142Z:20b76d0b-258b-41a5-b4a7-e90a4958cfee"
      },
      "ResponseBody": {
        "status": "Dequeued"
      }
    },
    {
      "RequestUri": "https://management.azure.com/subscriptions/220fc532-6091-423c-8ba0-66c2397d591b/providers/Microsoft.DocumentDB/locations/westus2/operationsStatus/e087303e-36f7-4b91-973a-b64412eaa089?api-version=2023-03-15-preview",
      "RequestMethod": "GET",
      "RequestHeaders": {
        "Authorization": "Sanitized",
        "traceparent": "00-39fc9ef303e0595fa5d8abb0fa89e704-4b30c9a56a2277c9-00",
        "User-Agent": "azsdk-net-ResourceManager/1.6.0 (.NET 7.0.7; Microsoft Windows 10.0.23493)",
        "x-ms-client-request-id": "e7d71da94941b14c5a8d7e97f93f79c5",
        "x-ms-return-client-request-id": "true"
      },
      "RequestBody": null,
      "StatusCode": 200,
      "ResponseHeaders": {
        "Cache-Control": "no-store, no-cache",
        "Content-Length": "21",
        "Content-Type": "application/json",
        "Date": "Sat, 01 Jul 2023 06:41:44 GMT",
        "Pragma": "no-cache",
        "Server": "Microsoft-HTTPAPI/2.0",
        "Strict-Transport-Security": "max-age=31536000; includeSubDomains",
        "X-Content-Type-Options": "nosniff",
        "x-ms-correlation-request-id": "984c33d6-dcf9-48d5-9ce4-28faae09b056",
        "x-ms-gatewayversion": "version=2.14.0",
        "x-ms-ratelimit-remaining-subscription-reads": "11104",
        "x-ms-request-id": "984c33d6-dcf9-48d5-9ce4-28faae09b056",
        "x-ms-routing-request-id": "SOUTHCENTRALUS:20230701T064144Z:984c33d6-dcf9-48d5-9ce4-28faae09b056"
      },
      "ResponseBody": {
        "status": "Dequeued"
      }
    },
    {
      "RequestUri": "https://management.azure.com/subscriptions/220fc532-6091-423c-8ba0-66c2397d591b/providers/Microsoft.DocumentDB/locations/westus2/operationsStatus/e087303e-36f7-4b91-973a-b64412eaa089?api-version=2023-03-15-preview",
      "RequestMethod": "GET",
      "RequestHeaders": {
        "Authorization": "Sanitized",
        "traceparent": "00-39fc9ef303e0595fa5d8abb0fa89e704-5fbfe7843ef0a987-00",
        "User-Agent": "azsdk-net-ResourceManager/1.6.0 (.NET 7.0.7; Microsoft Windows 10.0.23493)",
        "x-ms-client-request-id": "358a2da6aecac11116565524e06a3756",
        "x-ms-return-client-request-id": "true"
      },
      "RequestBody": null,
      "StatusCode": 200,
      "ResponseHeaders": {
        "Cache-Control": "no-store, no-cache",
        "Content-Length": "22",
        "Content-Type": "application/json",
        "Date": "Sat, 01 Jul 2023 06:41:48 GMT",
        "Pragma": "no-cache",
        "Server": "Microsoft-HTTPAPI/2.0",
        "Strict-Transport-Security": "max-age=31536000; includeSubDomains",
        "X-Content-Type-Options": "nosniff",
        "x-ms-correlation-request-id": "fcf73de5-28f2-4702-80b6-54d3d84d3467",
        "x-ms-gatewayversion": "version=2.14.0",
        "x-ms-ratelimit-remaining-subscription-reads": "11103",
        "x-ms-request-id": "fcf73de5-28f2-4702-80b6-54d3d84d3467",
        "x-ms-routing-request-id": "SOUTHCENTRALUS:20230701T064148Z:fcf73de5-28f2-4702-80b6-54d3d84d3467"
      },
      "ResponseBody": {
        "status": "Succeeded"
      }
    }
  ],
  "Variables": {
    "AZURE_AUTHORITY_HOST": "https://login.microsoftonline.com",
    "RandomSeed": "965456066",
    "RESOURCE_MANAGER_URL": null,
    "SUBSCRIPTION_ID": "220fc532-6091-423c-8ba0-66c2397d591b"
  }
}
