{
  "Entries": [
    {
      "RequestUri": "https://management.azure.com/subscriptions/710e347c-9ac8-408c-90fe-f8cfc44bf967/resourceGroups/dbaccount-9165/providers/Microsoft.DocumentDB/databaseAccounts/dbaccount-22?api-version=2022-11-15",
      "RequestMethod": "GET",
      "RequestHeaders": {
        "Accept": "application/json",
        "Authorization": "Sanitized",
        "traceparent": "00-7fc0404c67268c0e166c1a6b6e1db2ee-4ec280c6740a86b6-00",
        "User-Agent": "azsdk-net-ResourceManager.CosmosDB/1.3.0-alpha.20230324.1 (.NET 7.0.4; Microsoft Windows 10.0.22621)",
        "x-ms-client-request-id": "05f4c3a690d95ffff644534d677b8c8c",
        "x-ms-return-client-request-id": "true"
      },
      "RequestBody": null,
      "StatusCode": 200,
      "ResponseHeaders": {
        "Cache-Control": "no-store, no-cache",
        "Content-Length": "2737",
        "Content-Type": "application/json",
        "Date": "Sat, 25 Mar 2023 10:34:47 GMT",
        "Pragma": "no-cache",
        "Server": "Microsoft-HTTPAPI/2.0",
        "Strict-Transport-Security": "max-age=31536000; includeSubDomains",
        "X-Content-Type-Options": "nosniff",
        "x-ms-correlation-request-id": "8e9be2fd-fe75-4377-82cd-77d6e88eea5d",
        "x-ms-gatewayversion": "version=2.14.0",
        "x-ms-ratelimit-remaining-subscription-reads": "11987",
        "x-ms-request-id": "8e9be2fd-fe75-4377-82cd-77d6e88eea5d",
        "x-ms-routing-request-id": "EASTUS:20230325T103448Z:8e9be2fd-fe75-4377-82cd-77d6e88eea5d"
      },
      "ResponseBody": {
        "id": "/subscriptions/710e347c-9ac8-408c-90fe-f8cfc44bf967/resourceGroups/dbaccount-9165/providers/Microsoft.DocumentDB/databaseAccounts/dbaccount-22",
        "name": "dbaccount-22",
        "location": "West US 2",
        "type": "Microsoft.DocumentDB/databaseAccounts",
        "kind": "GlobalDocumentDB",
        "tags": {
          "key1": "value1",
          "key2": "value2"
        },
        "systemData": {
          "createdAt": "2023-03-25T10:34:11.0359559Z"
        },
        "properties": {
          "provisioningState": "Succeeded",
          "documentEndpoint": "https://dbaccount-22.documents.azure.com:443/",
          "sqlEndpoint": "https://dbaccount-22.documents.azure.com:443/",
          "publicNetworkAccess": "Enabled",
          "enableAutomaticFailover": false,
          "enableMultipleWriteLocations": false,
          "enablePartitionKeyMonitor": false,
          "isVirtualNetworkFilterEnabled": true,
          "virtualNetworkRules": [],
          "EnabledApiTypes": "Sql",
          "disableKeyBasedMetadataWriteAccess": false,
          "enableFreeTier": false,
          "enableAnalyticalStorage": false,
          "analyticalStorageConfiguration": {
            "schemaType": "WellDefined"
          },
          "instanceId": "dd183527-f743-41ac-9c68-1a297ae14d7c",
          "databaseAccountOfferType": "Standard",
          "enableCassandraConnector": false,
          "connectorOffer": "Small",
          "defaultIdentity": "FirstPartyIdentity",
          "networkAclBypass": "None",
          "disableLocalAuth": false,
          "enablePartitionMerge": false,
          "minimalTlsVersion": "Tls",
          "consistencyPolicy": {
            "defaultConsistencyLevel": "BoundedStaleness",
            "maxIntervalInSeconds": 1000,
            "maxStalenessPrefix": 300
          },
          "configurationOverrides": {},
          "writeLocations": [
            {
              "id": "dbaccount-22-westus",
              "locationName": "West US",
              "documentEndpoint": "https://dbaccount-22-westus.documents.azure.com:443/",
              "provisioningState": "Succeeded",
              "failoverPriority": 0,
              "isZoneRedundant": false
            }
          ],
          "readLocations": [
            {
              "id": "dbaccount-22-westus",
              "locationName": "West US",
              "documentEndpoint": "https://dbaccount-22-westus.documents.azure.com:443/",
              "provisioningState": "Succeeded",
              "failoverPriority": 0,
              "isZoneRedundant": false
            }
          ],
          "locations": [
            {
              "id": "dbaccount-22-westus",
              "locationName": "West US",
              "documentEndpoint": "https://dbaccount-22-westus.documents.azure.com:443/",
              "provisioningState": "Succeeded",
              "failoverPriority": 0,
              "isZoneRedundant": false
            }
          ],
          "failoverPolicies": [
            {
              "id": "dbaccount-22-westus",
              "locationName": "West US",
              "failoverPriority": 0
            }
          ],
          "cors": [],
          "capabilities": [],
          "ipRules": [
            {
              "ipAddressOrRange": "23.43.230.120"
            }
          ],
          "backupPolicy": {
            "type": "Periodic",
            "periodicModeProperties": {
              "backupIntervalInMinutes": 240,
              "backupRetentionIntervalInHours": 8,
              "backupStorageRedundancy": "Geo"
            }
          },
          "networkAclBypassResourceIds": [],
          "keysMetadata": {
            "primaryMasterKey": {
              "generationTime": "2023-03-25T10:34:11.0359559Z"
            },
            "secondaryMasterKey": {
              "generationTime": "2023-03-25T10:34:11.0359559Z"
            },
            "primaryReadonlyMasterKey": {
              "generationTime": "2023-03-25T10:34:11.0359559Z"
            },
            "secondaryReadonlyMasterKey": {
              "generationTime": "2023-03-25T10:34:11.0359559Z"
            }
          }
        },
        "identity": {
          "type": "None"
        }
      }
    },
    {
      "RequestUri": "https://management.azure.com/subscriptions/710e347c-9ac8-408c-90fe-f8cfc44bf967/resourceGroups/dbaccount-9165/providers/Microsoft.DocumentDB/databaseAccounts/dbaccount-22/sqlDatabases/sql-db-9760?api-version=2022-11-15",
      "RequestMethod": "PUT",
      "RequestHeaders": {
        "Accept": "application/json",
        "Authorization": "Sanitized",
        "Content-Length": "107",
        "Content-Type": "application/json",
        "traceparent": "00-b489a4208056cb3e85fc16fc48250527-5aecbbd8fbf5a2c8-00",
        "User-Agent": "azsdk-net-ResourceManager.CosmosDB/1.3.0-alpha.20230324.1 (.NET 7.0.4; Microsoft Windows 10.0.22621)",
        "x-ms-client-request-id": "3af8bb62de61d508a2b9a16f2d9042f9",
        "x-ms-return-client-request-id": "true"
      },
      "RequestBody": {
        "tags": {},
        "location": "westus",
        "properties": {
          "resource": {
            "id": "sql-db-9760"
          },
          "options": {
            "throughput": 700
          }
        }
      },
      "StatusCode": 202,
      "ResponseHeaders": {
        "Azure-AsyncOperation": "https://management.azure.com/subscriptions/710e347c-9ac8-408c-90fe-f8cfc44bf967/providers/Microsoft.DocumentDB/locations/westus2/operationsStatus/42d741de-b2b8-4b65-a5c6-5da74cd724fa?api-version=2022-11-15",
        "Cache-Control": "no-store, no-cache",
        "Content-Length": "21",
        "Content-Type": "application/json",
        "Date": "Sat, 25 Mar 2023 10:34:48 GMT",
        "Location": "https://management.azure.com/subscriptions/710e347c-9ac8-408c-90fe-f8cfc44bf967/resourceGroups/dbaccount-9165/providers/Microsoft.DocumentDB/databaseAccounts/dbaccount-22/sqlDatabases/sql-db-9760/operationResults/42d741de-b2b8-4b65-a5c6-5da74cd724fa?api-version=2022-11-15",
        "Pragma": "no-cache",
        "Server": "Microsoft-HTTPAPI/2.0",
        "Strict-Transport-Security": "max-age=31536000; includeSubDomains",
        "X-Content-Type-Options": "nosniff",
        "x-ms-correlation-request-id": "ba5308e1-c63b-4525-9aa5-b6694f4baff8",
        "x-ms-gatewayversion": "version=2.14.0",
        "x-ms-ratelimit-remaining-subscription-writes": "1198",
        "x-ms-request-id": "42d741de-b2b8-4b65-a5c6-5da74cd724fa",
        "x-ms-routing-request-id": "EASTUS:20230325T103449Z:ba5308e1-c63b-4525-9aa5-b6694f4baff8"
      },
      "ResponseBody": {
        "status": "Enqueued"
      }
    },
    {
      "RequestUri": "https://management.azure.com/subscriptions/710e347c-9ac8-408c-90fe-f8cfc44bf967/providers/Microsoft.DocumentDB/locations/westus2/operationsStatus/42d741de-b2b8-4b65-a5c6-5da74cd724fa?api-version=2022-11-15",
      "RequestMethod": "GET",
      "RequestHeaders": {
        "Authorization": "Sanitized",
        "traceparent": "00-b489a4208056cb3e85fc16fc48250527-3b7cfdc3c2ca3dbe-00",
        "User-Agent": "azsdk-net-ResourceManager/1.4.0 (.NET 7.0.4; Microsoft Windows 10.0.22621)",
        "x-ms-client-request-id": "84f2457028e6e545eb3036d65defc8b4",
        "x-ms-return-client-request-id": "true"
      },
      "RequestBody": null,
      "StatusCode": 200,
      "ResponseHeaders": {
        "Cache-Control": "no-store, no-cache",
        "Content-Length": "21",
        "Content-Type": "application/json",
        "Date": "Sat, 25 Mar 2023 10:34:48 GMT",
        "Pragma": "no-cache",
        "Server": "Microsoft-HTTPAPI/2.0",
        "Strict-Transport-Security": "max-age=31536000; includeSubDomains",
        "X-Content-Type-Options": "nosniff",
        "x-ms-correlation-request-id": "abd1b280-603f-456e-a1bd-09cf85393e7f",
        "x-ms-gatewayversion": "version=2.14.0",
        "x-ms-ratelimit-remaining-subscription-reads": "11986",
        "x-ms-request-id": "abd1b280-603f-456e-a1bd-09cf85393e7f",
        "x-ms-routing-request-id": "EASTUS:20230325T103449Z:abd1b280-603f-456e-a1bd-09cf85393e7f"
      },
      "ResponseBody": {
        "status": "Enqueued"
      }
    },
    {
      "RequestUri": "https://management.azure.com/subscriptions/710e347c-9ac8-408c-90fe-f8cfc44bf967/providers/Microsoft.DocumentDB/locations/westus2/operationsStatus/42d741de-b2b8-4b65-a5c6-5da74cd724fa?api-version=2022-11-15",
      "RequestMethod": "GET",
      "RequestHeaders": {
        "Authorization": "Sanitized",
        "traceparent": "00-b489a4208056cb3e85fc16fc48250527-a5370891def4bb06-00",
        "User-Agent": "azsdk-net-ResourceManager/1.4.0 (.NET 7.0.4; Microsoft Windows 10.0.22621)",
        "x-ms-client-request-id": "b1d55310586257cbab5b11768fae4dcf",
        "x-ms-return-client-request-id": "true"
      },
      "RequestBody": null,
      "StatusCode": 200,
      "ResponseHeaders": {
        "Cache-Control": "no-store, no-cache",
        "Content-Length": "21",
        "Content-Type": "application/json",
        "Date": "Sat, 25 Mar 2023 10:34:49 GMT",
        "Pragma": "no-cache",
        "Server": "Microsoft-HTTPAPI/2.0",
        "Strict-Transport-Security": "max-age=31536000; includeSubDomains",
        "X-Content-Type-Options": "nosniff",
        "x-ms-correlation-request-id": "d4fc363d-fffa-4c31-a804-49d4d2dfe6fe",
        "x-ms-gatewayversion": "version=2.14.0",
        "x-ms-ratelimit-remaining-subscription-reads": "11985",
        "x-ms-request-id": "d4fc363d-fffa-4c31-a804-49d4d2dfe6fe",
        "x-ms-routing-request-id": "EASTUS:20230325T103450Z:d4fc363d-fffa-4c31-a804-49d4d2dfe6fe"
      },
      "ResponseBody": {
        "status": "Enqueued"
      }
    },
    {
      "RequestUri": "https://management.azure.com/subscriptions/710e347c-9ac8-408c-90fe-f8cfc44bf967/providers/Microsoft.DocumentDB/locations/westus2/operationsStatus/42d741de-b2b8-4b65-a5c6-5da74cd724fa?api-version=2022-11-15",
      "RequestMethod": "GET",
      "RequestHeaders": {
        "Authorization": "Sanitized",
        "traceparent": "00-b489a4208056cb3e85fc16fc48250527-d54f7bdd8bee1a9e-00",
        "User-Agent": "azsdk-net-ResourceManager/1.4.0 (.NET 7.0.4; Microsoft Windows 10.0.22621)",
        "x-ms-client-request-id": "e8ff4f56be9e6913844448e2d4393f39",
        "x-ms-return-client-request-id": "true"
      },
      "RequestBody": null,
      "StatusCode": 200,
      "ResponseHeaders": {
        "Cache-Control": "no-store, no-cache",
        "Content-Length": "21",
        "Content-Type": "application/json",
        "Date": "Sat, 25 Mar 2023 10:34:50 GMT",
        "Pragma": "no-cache",
        "Server": "Microsoft-HTTPAPI/2.0",
        "Strict-Transport-Security": "max-age=31536000; includeSubDomains",
        "X-Content-Type-Options": "nosniff",
        "x-ms-correlation-request-id": "971df9cc-2dd2-40aa-a827-6699bcd1ffd5",
        "x-ms-gatewayversion": "version=2.14.0",
        "x-ms-ratelimit-remaining-subscription-reads": "11984",
        "x-ms-request-id": "971df9cc-2dd2-40aa-a827-6699bcd1ffd5",
        "x-ms-routing-request-id": "EASTUS:20230325T103451Z:971df9cc-2dd2-40aa-a827-6699bcd1ffd5"
      },
      "ResponseBody": {
        "status": "Enqueued"
      }
    },
    {
      "RequestUri": "https://management.azure.com/subscriptions/710e347c-9ac8-408c-90fe-f8cfc44bf967/providers/Microsoft.DocumentDB/locations/westus2/operationsStatus/42d741de-b2b8-4b65-a5c6-5da74cd724fa?api-version=2022-11-15",
      "RequestMethod": "GET",
      "RequestHeaders": {
        "Authorization": "Sanitized",
        "traceparent": "00-b489a4208056cb3e85fc16fc48250527-9068354f883a3279-00",
        "User-Agent": "azsdk-net-ResourceManager/1.4.0 (.NET 7.0.4; Microsoft Windows 10.0.22621)",
        "x-ms-client-request-id": "34499922b1fd17f0799ad88a17ce553c",
        "x-ms-return-client-request-id": "true"
      },
      "RequestBody": null,
      "StatusCode": 200,
      "ResponseHeaders": {
        "Cache-Control": "no-store, no-cache",
        "Content-Length": "21",
        "Content-Type": "application/json",
        "Date": "Sat, 25 Mar 2023 10:34:52 GMT",
        "Pragma": "no-cache",
        "Server": "Microsoft-HTTPAPI/2.0",
        "Strict-Transport-Security": "max-age=31536000; includeSubDomains",
        "X-Content-Type-Options": "nosniff",
        "x-ms-correlation-request-id": "765e1d54-03dd-4ee8-aeb8-36140ba56e82",
        "x-ms-gatewayversion": "version=2.14.0",
        "x-ms-ratelimit-remaining-subscription-reads": "11983",
        "x-ms-request-id": "765e1d54-03dd-4ee8-aeb8-36140ba56e82",
        "x-ms-routing-request-id": "EASTUS:20230325T103452Z:765e1d54-03dd-4ee8-aeb8-36140ba56e82"
      },
      "ResponseBody": {
        "status": "Dequeued"
      }
    },
    {
      "RequestUri": "https://management.azure.com/subscriptions/710e347c-9ac8-408c-90fe-f8cfc44bf967/providers/Microsoft.DocumentDB/locations/westus2/operationsStatus/42d741de-b2b8-4b65-a5c6-5da74cd724fa?api-version=2022-11-15",
      "RequestMethod": "GET",
      "RequestHeaders": {
        "Authorization": "Sanitized",
        "traceparent": "00-b489a4208056cb3e85fc16fc48250527-de2ae6a1366f04e2-00",
        "User-Agent": "azsdk-net-ResourceManager/1.4.0 (.NET 7.0.4; Microsoft Windows 10.0.22621)",
        "x-ms-client-request-id": "0e7f66e2dff05215406c2d1d0fe98372",
        "x-ms-return-client-request-id": "true"
      },
      "RequestBody": null,
      "StatusCode": 200,
      "ResponseHeaders": {
        "Cache-Control": "no-store, no-cache",
        "Content-Length": "21",
        "Content-Type": "application/json",
        "Date": "Sat, 25 Mar 2023 10:34:54 GMT",
        "Pragma": "no-cache",
        "Server": "Microsoft-HTTPAPI/2.0",
        "Strict-Transport-Security": "max-age=31536000; includeSubDomains",
        "X-Content-Type-Options": "nosniff",
        "x-ms-correlation-request-id": "8c98be4b-03e2-4845-9528-b2eb24cc4fb9",
        "x-ms-gatewayversion": "version=2.14.0",
        "x-ms-ratelimit-remaining-subscription-reads": "11982",
        "x-ms-request-id": "8c98be4b-03e2-4845-9528-b2eb24cc4fb9",
        "x-ms-routing-request-id": "EASTUS:20230325T103455Z:8c98be4b-03e2-4845-9528-b2eb24cc4fb9"
      },
      "ResponseBody": {
        "status": "Dequeued"
      }
    },
    {
      "RequestUri": "https://management.azure.com/subscriptions/710e347c-9ac8-408c-90fe-f8cfc44bf967/providers/Microsoft.DocumentDB/locations/westus2/operationsStatus/42d741de-b2b8-4b65-a5c6-5da74cd724fa?api-version=2022-11-15",
      "RequestMethod": "GET",
      "RequestHeaders": {
        "Authorization": "Sanitized",
        "traceparent": "00-b489a4208056cb3e85fc16fc48250527-50c0b99571900543-00",
        "User-Agent": "azsdk-net-ResourceManager/1.4.0 (.NET 7.0.4; Microsoft Windows 10.0.22621)",
        "x-ms-client-request-id": "f653d71c1965a5d25fe76f04e58851b5",
        "x-ms-return-client-request-id": "true"
      },
      "RequestBody": null,
      "StatusCode": 200,
      "ResponseHeaders": {
        "Cache-Control": "no-store, no-cache",
        "Content-Length": "21",
        "Content-Type": "application/json",
        "Date": "Sat, 25 Mar 2023 10:34:58 GMT",
        "Pragma": "no-cache",
        "Server": "Microsoft-HTTPAPI/2.0",
        "Strict-Transport-Security": "max-age=31536000; includeSubDomains",
        "X-Content-Type-Options": "nosniff",
        "x-ms-correlation-request-id": "8510d3b5-66ed-411b-b640-aa7aab75ac24",
        "x-ms-gatewayversion": "version=2.14.0",
        "x-ms-ratelimit-remaining-subscription-reads": "11981",
        "x-ms-request-id": "8510d3b5-66ed-411b-b640-aa7aab75ac24",
        "x-ms-routing-request-id": "EASTUS:20230325T103459Z:8510d3b5-66ed-411b-b640-aa7aab75ac24"
      },
      "ResponseBody": {
        "status": "Dequeued"
      }
    },
    {
      "RequestUri": "https://management.azure.com/subscriptions/710e347c-9ac8-408c-90fe-f8cfc44bf967/providers/Microsoft.DocumentDB/locations/westus2/operationsStatus/42d741de-b2b8-4b65-a5c6-5da74cd724fa?api-version=2022-11-15",
      "RequestMethod": "GET",
      "RequestHeaders": {
        "Authorization": "Sanitized",
        "traceparent": "00-b489a4208056cb3e85fc16fc48250527-b528ef07796ec9c7-00",
        "User-Agent": "azsdk-net-ResourceManager/1.4.0 (.NET 7.0.4; Microsoft Windows 10.0.22621)",
        "x-ms-client-request-id": "6dff0bef31ba434984f6f39183d2088f",
        "x-ms-return-client-request-id": "true"
      },
      "RequestBody": null,
      "StatusCode": 200,
      "ResponseHeaders": {
        "Cache-Control": "no-store, no-cache",
        "Content-Length": "22",
        "Content-Type": "application/json",
        "Date": "Sat, 25 Mar 2023 10:35:06 GMT",
        "Pragma": "no-cache",
        "Server": "Microsoft-HTTPAPI/2.0",
        "Strict-Transport-Security": "max-age=31536000; includeSubDomains",
        "X-Content-Type-Options": "nosniff",
        "x-ms-correlation-request-id": "8365d3e6-c8e2-4c2f-ba9b-ed8dea047c9c",
        "x-ms-gatewayversion": "version=2.14.0",
        "x-ms-ratelimit-remaining-subscription-reads": "11980",
        "x-ms-request-id": "8365d3e6-c8e2-4c2f-ba9b-ed8dea047c9c",
        "x-ms-routing-request-id": "EASTUS:20230325T103507Z:8365d3e6-c8e2-4c2f-ba9b-ed8dea047c9c"
      },
      "ResponseBody": {
        "status": "Succeeded"
      }
    },
    {
      "RequestUri": "https://management.azure.com/subscriptions/710e347c-9ac8-408c-90fe-f8cfc44bf967/resourceGroups/dbaccount-9165/providers/Microsoft.DocumentDB/databaseAccounts/dbaccount-22/sqlDatabases/sql-db-9760?api-version=2022-11-15",
      "RequestMethod": "GET",
      "RequestHeaders": {
        "Authorization": "Sanitized",
        "traceparent": "00-b489a4208056cb3e85fc16fc48250527-cb0cffbcf5cf4082-00",
        "User-Agent": "azsdk-net-ResourceManager/1.4.0 (.NET 7.0.4; Microsoft Windows 10.0.22621)",
        "x-ms-client-request-id": "406e66165f7ac9d794d9af086f116db7",
        "x-ms-return-client-request-id": "true"
      },
      "RequestBody": null,
      "StatusCode": 200,
      "ResponseHeaders": {
        "Cache-Control": "no-store, no-cache",
        "Content-Length": "450",
        "Content-Type": "application/json",
        "Date": "Sat, 25 Mar 2023 10:35:06 GMT",
        "Pragma": "no-cache",
        "Server": "Microsoft-HTTPAPI/2.0",
        "Strict-Transport-Security": "max-age=31536000; includeSubDomains",
        "X-Content-Type-Options": "nosniff",
        "x-ms-correlation-request-id": "33a8c15f-a5e8-4fa5-9707-32a87f812e45",
        "x-ms-gatewayversion": "version=2.14.0",
        "x-ms-ratelimit-remaining-subscription-reads": "11979",
        "x-ms-request-id": "33a8c15f-a5e8-4fa5-9707-32a87f812e45",
        "x-ms-routing-request-id": "EASTUS:20230325T103507Z:33a8c15f-a5e8-4fa5-9707-32a87f812e45"
      },
      "ResponseBody": {
        "id": "/subscriptions/710e347c-9ac8-408c-90fe-f8cfc44bf967/resourceGroups/dbaccount-9165/providers/Microsoft.DocumentDB/databaseAccounts/dbaccount-22/sqlDatabases/sql-db-9760",
        "type": "Microsoft.DocumentDB/databaseAccounts/sqlDatabases",
        "name": "sql-db-9760",
        "properties": {
          "resource": {
            "id": "sql-db-9760",
            "_rid": "xuVJAA==",
            "_self": "dbs/xuVJAA==/",
            "_etag": "\u002200009600-0000-0700-0000-641ece500000\u0022",
            "_colls": "colls/",
            "_users": "users/",
            "_ts": 1679740496
          }
        }
      }
    },
    {
      "RequestUri": "https://management.azure.com/subscriptions/710e347c-9ac8-408c-90fe-f8cfc44bf967/resourceGroups/dbaccount-9165/providers/Microsoft.DocumentDB/databaseAccounts/dbaccount-22/sqlDatabases/sql-db-9760?api-version=2022-11-15",
      "RequestMethod": "GET",
      "RequestHeaders": {
        "Accept": "application/json",
        "Authorization": "Sanitized",
        "traceparent": "00-f040608da35d8c54c5f891c637fb3902-0299d242b2a95442-00",
        "User-Agent": "azsdk-net-ResourceManager.CosmosDB/1.3.0-alpha.20230324.1 (.NET 7.0.4; Microsoft Windows 10.0.22621)",
        "x-ms-client-request-id": "032e781a16eaebb88d10716e2541228c",
        "x-ms-return-client-request-id": "true"
      },
      "RequestBody": null,
      "StatusCode": 200,
      "ResponseHeaders": {
        "Cache-Control": "no-store, no-cache",
        "Content-Length": "450",
        "Content-Type": "application/json",
        "Date": "Sat, 25 Mar 2023 10:35:07 GMT",
        "Pragma": "no-cache",
        "Server": "Microsoft-HTTPAPI/2.0",
        "Strict-Transport-Security": "max-age=31536000; includeSubDomains",
        "X-Content-Type-Options": "nosniff",
        "x-ms-correlation-request-id": "b5c76d65-fae1-482a-8c13-ecee1e02fc11",
        "x-ms-gatewayversion": "version=2.14.0",
        "x-ms-ratelimit-remaining-subscription-reads": "11978",
        "x-ms-request-id": "b5c76d65-fae1-482a-8c13-ecee1e02fc11",
        "x-ms-routing-request-id": "EASTUS:20230325T103507Z:b5c76d65-fae1-482a-8c13-ecee1e02fc11"
      },
      "ResponseBody": {
        "id": "/subscriptions/710e347c-9ac8-408c-90fe-f8cfc44bf967/resourceGroups/dbaccount-9165/providers/Microsoft.DocumentDB/databaseAccounts/dbaccount-22/sqlDatabases/sql-db-9760",
        "type": "Microsoft.DocumentDB/databaseAccounts/sqlDatabases",
        "name": "sql-db-9760",
        "properties": {
          "resource": {
            "id": "sql-db-9760",
            "_rid": "xuVJAA==",
            "_self": "dbs/xuVJAA==/",
            "_etag": "\u002200009600-0000-0700-0000-641ece500000\u0022",
            "_colls": "colls/",
            "_users": "users/",
            "_ts": 1679740496
          }
        }
      }
    },
    {
      "RequestUri": "https://management.azure.com/subscriptions/710e347c-9ac8-408c-90fe-f8cfc44bf967/resourceGroups/dbaccount-9165/providers/Microsoft.DocumentDB/databaseAccounts/dbaccount-22/sqlDatabases/sql-db-9760?api-version=2022-11-15",
      "RequestMethod": "GET",
      "RequestHeaders": {
        "Accept": "application/json",
        "Authorization": "Sanitized",
        "traceparent": "00-2881d1a9c482c039d22a361fb3b6283e-96e8d874879a8590-00",
        "User-Agent": "azsdk-net-ResourceManager.CosmosDB/1.3.0-alpha.20230324.1 (.NET 7.0.4; Microsoft Windows 10.0.22621)",
        "x-ms-client-request-id": "7eede0df11198f3a3435d9e08140d372",
        "x-ms-return-client-request-id": "true"
      },
      "RequestBody": null,
      "StatusCode": 200,
      "ResponseHeaders": {
        "Cache-Control": "no-store, no-cache",
        "Content-Length": "450",
        "Content-Type": "application/json",
        "Date": "Sat, 25 Mar 2023 10:35:07 GMT",
        "Pragma": "no-cache",
        "Server": "Microsoft-HTTPAPI/2.0",
        "Strict-Transport-Security": "max-age=31536000; includeSubDomains",
        "X-Content-Type-Options": "nosniff",
        "x-ms-correlation-request-id": "5c2834e4-6859-4138-8786-7ebf1f5a7437",
        "x-ms-gatewayversion": "version=2.14.0",
        "x-ms-ratelimit-remaining-subscription-reads": "11977",
        "x-ms-request-id": "5c2834e4-6859-4138-8786-7ebf1f5a7437",
        "x-ms-routing-request-id": "EASTUS:20230325T103508Z:5c2834e4-6859-4138-8786-7ebf1f5a7437"
      },
      "ResponseBody": {
        "id": "/subscriptions/710e347c-9ac8-408c-90fe-f8cfc44bf967/resourceGroups/dbaccount-9165/providers/Microsoft.DocumentDB/databaseAccounts/dbaccount-22/sqlDatabases/sql-db-9760",
        "type": "Microsoft.DocumentDB/databaseAccounts/sqlDatabases",
        "name": "sql-db-9760",
        "properties": {
          "resource": {
            "id": "sql-db-9760",
            "_rid": "xuVJAA==",
            "_self": "dbs/xuVJAA==/",
            "_etag": "\u002200009600-0000-0700-0000-641ece500000\u0022",
            "_colls": "colls/",
            "_users": "users/",
            "_ts": 1679740496
          }
        }
      }
    },
    {
      "RequestUri": "https://management.azure.com/subscriptions/710e347c-9ac8-408c-90fe-f8cfc44bf967/resourceGroups/dbaccount-9165/providers/Microsoft.DocumentDB/databaseAccounts/dbaccount-22/sqlDatabases/sql-db-9760?api-version=2022-11-15",
      "RequestMethod": "PUT",
      "RequestHeaders": {
        "Accept": "application/json",
        "Authorization": "Sanitized",
        "Content-Length": "144",
        "Content-Type": "application/json",
        "traceparent": "00-5ff18787c0235b05595ff460947b4d41-1468ed2629325237-00",
        "User-Agent": "azsdk-net-ResourceManager.CosmosDB/1.3.0-alpha.20230324.1 (.NET 7.0.4; Microsoft Windows 10.0.22621)",
        "x-ms-client-request-id": "0a763c8904a400a5ae83b26aed68a452",
        "x-ms-return-client-request-id": "true"
      },
      "RequestBody": {
        "tags": {},
        "location": "westus",
        "properties": {
          "resource": {
            "_colls": "colls/",
            "_users": "users/",
            "id": "sql-db-9760"
          },
          "options": {
            "throughput": 1000
          }
        }
      },
      "StatusCode": 202,
      "ResponseHeaders": {
        "Azure-AsyncOperation": "https://management.azure.com/subscriptions/710e347c-9ac8-408c-90fe-f8cfc44bf967/providers/Microsoft.DocumentDB/locations/westus2/operationsStatus/465f4a49-5614-4346-ac9b-3018625c21c9?api-version=2022-11-15",
        "Cache-Control": "no-store, no-cache",
        "Content-Length": "21",
        "Content-Type": "application/json",
        "Date": "Sat, 25 Mar 2023 10:35:07 GMT",
        "Location": "https://management.azure.com/subscriptions/710e347c-9ac8-408c-90fe-f8cfc44bf967/resourceGroups/dbaccount-9165/providers/Microsoft.DocumentDB/databaseAccounts/dbaccount-22/sqlDatabases/sql-db-9760/operationResults/465f4a49-5614-4346-ac9b-3018625c21c9?api-version=2022-11-15",
        "Pragma": "no-cache",
        "Server": "Microsoft-HTTPAPI/2.0",
        "Strict-Transport-Security": "max-age=31536000; includeSubDomains",
        "X-Content-Type-Options": "nosniff",
        "x-ms-correlation-request-id": "1653d0f4-086b-4939-af61-f81c91626dd4",
        "x-ms-gatewayversion": "version=2.14.0",
        "x-ms-ratelimit-remaining-subscription-writes": "1197",
        "x-ms-request-id": "465f4a49-5614-4346-ac9b-3018625c21c9",
        "x-ms-routing-request-id": "EASTUS:20230325T103508Z:1653d0f4-086b-4939-af61-f81c91626dd4"
      },
      "ResponseBody": {
        "status": "Enqueued"
      }
    },
    {
      "RequestUri": "https://management.azure.com/subscriptions/710e347c-9ac8-408c-90fe-f8cfc44bf967/providers/Microsoft.DocumentDB/locations/westus2/operationsStatus/465f4a49-5614-4346-ac9b-3018625c21c9?api-version=2022-11-15",
      "RequestMethod": "GET",
      "RequestHeaders": {
        "Authorization": "Sanitized",
        "traceparent": "00-5ff18787c0235b05595ff460947b4d41-471b17aefe867a2c-00",
        "User-Agent": "azsdk-net-ResourceManager/1.4.0 (.NET 7.0.4; Microsoft Windows 10.0.22621)",
        "x-ms-client-request-id": "e9e5ff3c17cadbe73becd0955ecfa2cc",
        "x-ms-return-client-request-id": "true"
      },
      "RequestBody": null,
      "StatusCode": 200,
      "ResponseHeaders": {
        "Cache-Control": "no-store, no-cache",
        "Content-Length": "21",
        "Content-Type": "application/json",
        "Date": "Sat, 25 Mar 2023 10:35:07 GMT",
        "Pragma": "no-cache",
        "Server": "Microsoft-HTTPAPI/2.0",
        "Strict-Transport-Security": "max-age=31536000; includeSubDomains",
        "X-Content-Type-Options": "nosniff",
        "x-ms-correlation-request-id": "6e7b31ec-f6b9-4ef4-bf80-f74e6fc78e2d",
        "x-ms-gatewayversion": "version=2.14.0",
        "x-ms-ratelimit-remaining-subscription-reads": "11976",
        "x-ms-request-id": "6e7b31ec-f6b9-4ef4-bf80-f74e6fc78e2d",
        "x-ms-routing-request-id": "EASTUS:20230325T103508Z:6e7b31ec-f6b9-4ef4-bf80-f74e6fc78e2d"
      },
      "ResponseBody": {
        "status": "Enqueued"
      }
    },
    {
      "RequestUri": "https://management.azure.com/subscriptions/710e347c-9ac8-408c-90fe-f8cfc44bf967/providers/Microsoft.DocumentDB/locations/westus2/operationsStatus/465f4a49-5614-4346-ac9b-3018625c21c9?api-version=2022-11-15",
      "RequestMethod": "GET",
      "RequestHeaders": {
        "Authorization": "Sanitized",
        "traceparent": "00-5ff18787c0235b05595ff460947b4d41-c653a683576bd994-00",
        "User-Agent": "azsdk-net-ResourceManager/1.4.0 (.NET 7.0.4; Microsoft Windows 10.0.22621)",
        "x-ms-client-request-id": "5e2a869144189a4e9e6dcc0635f0c4d7",
        "x-ms-return-client-request-id": "true"
      },
      "RequestBody": null,
      "StatusCode": 200,
      "ResponseHeaders": {
        "Cache-Control": "no-store, no-cache",
        "Content-Length": "21",
        "Content-Type": "application/json",
        "Date": "Sat, 25 Mar 2023 10:35:08 GMT",
        "Pragma": "no-cache",
        "Server": "Microsoft-HTTPAPI/2.0",
        "Strict-Transport-Security": "max-age=31536000; includeSubDomains",
        "X-Content-Type-Options": "nosniff",
        "x-ms-correlation-request-id": "9365a7bd-55da-49b5-86cf-f8a56ca5fa8e",
        "x-ms-gatewayversion": "version=2.14.0",
        "x-ms-ratelimit-remaining-subscription-reads": "11975",
        "x-ms-request-id": "9365a7bd-55da-49b5-86cf-f8a56ca5fa8e",
        "x-ms-routing-request-id": "EASTUS:20230325T103509Z:9365a7bd-55da-49b5-86cf-f8a56ca5fa8e"
      },
      "ResponseBody": {
        "status": "Enqueued"
      }
    },
    {
      "RequestUri": "https://management.azure.com/subscriptions/710e347c-9ac8-408c-90fe-f8cfc44bf967/providers/Microsoft.DocumentDB/locations/westus2/operationsStatus/465f4a49-5614-4346-ac9b-3018625c21c9?api-version=2022-11-15",
      "RequestMethod": "GET",
      "RequestHeaders": {
        "Authorization": "Sanitized",
        "traceparent": "00-5ff18787c0235b05595ff460947b4d41-78e2e66a9bd76f5f-00",
        "User-Agent": "azsdk-net-ResourceManager/1.4.0 (.NET 7.0.4; Microsoft Windows 10.0.22621)",
        "x-ms-client-request-id": "ee2e651abb829f883b4d54371d08aa6e",
        "x-ms-return-client-request-id": "true"
      },
      "RequestBody": null,
      "StatusCode": 200,
      "ResponseHeaders": {
        "Cache-Control": "no-store, no-cache",
        "Content-Length": "21",
        "Content-Type": "application/json",
        "Date": "Sat, 25 Mar 2023 10:35:10 GMT",
        "Pragma": "no-cache",
        "Server": "Microsoft-HTTPAPI/2.0",
        "Strict-Transport-Security": "max-age=31536000; includeSubDomains",
        "X-Content-Type-Options": "nosniff",
        "x-ms-correlation-request-id": "21191474-3e85-4282-ac75-2f3ec697a227",
        "x-ms-gatewayversion": "version=2.14.0",
        "x-ms-ratelimit-remaining-subscription-reads": "11974",
        "x-ms-request-id": "21191474-3e85-4282-ac75-2f3ec697a227",
        "x-ms-routing-request-id": "EASTUS:20230325T103511Z:21191474-3e85-4282-ac75-2f3ec697a227"
      },
      "ResponseBody": {
        "status": "Enqueued"
      }
    },
    {
      "RequestUri": "https://management.azure.com/subscriptions/710e347c-9ac8-408c-90fe-f8cfc44bf967/providers/Microsoft.DocumentDB/locations/westus2/operationsStatus/465f4a49-5614-4346-ac9b-3018625c21c9?api-version=2022-11-15",
      "RequestMethod": "GET",
      "RequestHeaders": {
        "Authorization": "Sanitized",
        "traceparent": "00-5ff18787c0235b05595ff460947b4d41-6aa0628f6b58d545-00",
        "User-Agent": "azsdk-net-ResourceManager/1.4.0 (.NET 7.0.4; Microsoft Windows 10.0.22621)",
        "x-ms-client-request-id": "b52302fc0aadf834b04a4a5c4ae0a54a",
        "x-ms-return-client-request-id": "true"
      },
      "RequestBody": null,
      "StatusCode": 200,
      "ResponseHeaders": {
        "Cache-Control": "no-store, no-cache",
        "Content-Length": "21",
        "Content-Type": "application/json",
        "Date": "Sat, 25 Mar 2023 10:35:11 GMT",
        "Pragma": "no-cache",
        "Server": "Microsoft-HTTPAPI/2.0",
        "Strict-Transport-Security": "max-age=31536000; includeSubDomains",
        "X-Content-Type-Options": "nosniff",
        "x-ms-correlation-request-id": "80cac767-75fc-4d92-be40-0290685039a2",
        "x-ms-gatewayversion": "version=2.14.0",
        "x-ms-ratelimit-remaining-subscription-reads": "11973",
        "x-ms-request-id": "80cac767-75fc-4d92-be40-0290685039a2",
        "x-ms-routing-request-id": "EASTUS:20230325T103512Z:80cac767-75fc-4d92-be40-0290685039a2"
      },
      "ResponseBody": {
        "status": "Dequeued"
      }
    },
    {
      "RequestUri": "https://management.azure.com/subscriptions/710e347c-9ac8-408c-90fe-f8cfc44bf967/providers/Microsoft.DocumentDB/locations/westus2/operationsStatus/465f4a49-5614-4346-ac9b-3018625c21c9?api-version=2022-11-15",
      "RequestMethod": "GET",
      "RequestHeaders": {
        "Authorization": "Sanitized",
        "traceparent": "00-5ff18787c0235b05595ff460947b4d41-c3b1e398667cd2d8-00",
        "User-Agent": "azsdk-net-ResourceManager/1.4.0 (.NET 7.0.4; Microsoft Windows 10.0.22621)",
        "x-ms-client-request-id": "f97bf928b3a1d549fe8a23caef177d95",
        "x-ms-return-client-request-id": "true"
      },
      "RequestBody": null,
      "StatusCode": 200,
      "ResponseHeaders": {
        "Cache-Control": "no-store, no-cache",
        "Content-Length": "21",
        "Content-Type": "application/json",
        "Date": "Sat, 25 Mar 2023 10:35:13 GMT",
        "Pragma": "no-cache",
        "Server": "Microsoft-HTTPAPI/2.0",
        "Strict-Transport-Security": "max-age=31536000; includeSubDomains",
        "X-Content-Type-Options": "nosniff",
        "x-ms-correlation-request-id": "ecaf170c-d5b6-4a76-8cb3-b269ad22285f",
        "x-ms-gatewayversion": "version=2.14.0",
        "x-ms-ratelimit-remaining-subscription-reads": "11972",
        "x-ms-request-id": "ecaf170c-d5b6-4a76-8cb3-b269ad22285f",
        "x-ms-routing-request-id": "EASTUS:20230325T103514Z:ecaf170c-d5b6-4a76-8cb3-b269ad22285f"
      },
      "ResponseBody": {
        "status": "Dequeued"
      }
    },
    {
      "RequestUri": "https://management.azure.com/subscriptions/710e347c-9ac8-408c-90fe-f8cfc44bf967/providers/Microsoft.DocumentDB/locations/westus2/operationsStatus/465f4a49-5614-4346-ac9b-3018625c21c9?api-version=2022-11-15",
      "RequestMethod": "GET",
      "RequestHeaders": {
        "Authorization": "Sanitized",
        "traceparent": "00-5ff18787c0235b05595ff460947b4d41-7cdba7768183e36e-00",
        "User-Agent": "azsdk-net-ResourceManager/1.4.0 (.NET 7.0.4; Microsoft Windows 10.0.22621)",
        "x-ms-client-request-id": "330a5ec30ecc102930353d38702b545a",
        "x-ms-return-client-request-id": "true"
      },
      "RequestBody": null,
      "StatusCode": 200,
      "ResponseHeaders": {
        "Cache-Control": "no-store, no-cache",
        "Content-Length": "21",
        "Content-Type": "application/json",
        "Date": "Sat, 25 Mar 2023 10:35:17 GMT",
        "Pragma": "no-cache",
        "Server": "Microsoft-HTTPAPI/2.0",
        "Strict-Transport-Security": "max-age=31536000; includeSubDomains",
        "X-Content-Type-Options": "nosniff",
        "x-ms-correlation-request-id": "2a241434-3454-4dd8-945d-f6379fe33217",
        "x-ms-gatewayversion": "version=2.14.0",
        "x-ms-ratelimit-remaining-subscription-reads": "11971",
        "x-ms-request-id": "2a241434-3454-4dd8-945d-f6379fe33217",
        "x-ms-routing-request-id": "EASTUS:20230325T103518Z:2a241434-3454-4dd8-945d-f6379fe33217"
      },
      "ResponseBody": {
        "status": "Dequeued"
      }
    },
    {
      "RequestUri": "https://management.azure.com/subscriptions/710e347c-9ac8-408c-90fe-f8cfc44bf967/providers/Microsoft.DocumentDB/locations/westus2/operationsStatus/465f4a49-5614-4346-ac9b-3018625c21c9?api-version=2022-11-15",
      "RequestMethod": "GET",
      "RequestHeaders": {
        "Authorization": "Sanitized",
        "traceparent": "00-5ff18787c0235b05595ff460947b4d41-88917d434533e586-00",
        "User-Agent": "azsdk-net-ResourceManager/1.4.0 (.NET 7.0.4; Microsoft Windows 10.0.22621)",
        "x-ms-client-request-id": "240e09a7b08d48ccb84eb722e66a0899",
        "x-ms-return-client-request-id": "true"
      },
      "RequestBody": null,
      "StatusCode": 200,
      "ResponseHeaders": {
        "Cache-Control": "no-store, no-cache",
        "Content-Length": "22",
        "Content-Type": "application/json",
        "Date": "Sat, 25 Mar 2023 10:35:26 GMT",
        "Pragma": "no-cache",
        "Server": "Microsoft-HTTPAPI/2.0",
        "Strict-Transport-Security": "max-age=31536000; includeSubDomains",
        "X-Content-Type-Options": "nosniff",
        "x-ms-correlation-request-id": "4683a70f-7b0c-430c-90a2-15ea67fe89e1",
        "x-ms-gatewayversion": "version=2.14.0",
        "x-ms-ratelimit-remaining-subscription-reads": "11970",
        "x-ms-request-id": "4683a70f-7b0c-430c-90a2-15ea67fe89e1",
        "x-ms-routing-request-id": "EASTUS:20230325T103526Z:4683a70f-7b0c-430c-90a2-15ea67fe89e1"
      },
      "ResponseBody": {
        "status": "Succeeded"
      }
    },
    {
      "RequestUri": "https://management.azure.com/subscriptions/710e347c-9ac8-408c-90fe-f8cfc44bf967/resourceGroups/dbaccount-9165/providers/Microsoft.DocumentDB/databaseAccounts/dbaccount-22/sqlDatabases/sql-db-9760?api-version=2022-11-15",
      "RequestMethod": "GET",
      "RequestHeaders": {
        "Authorization": "Sanitized",
        "traceparent": "00-5ff18787c0235b05595ff460947b4d41-5776fd1b68f03078-00",
        "User-Agent": "azsdk-net-ResourceManager/1.4.0 (.NET 7.0.4; Microsoft Windows 10.0.22621)",
        "x-ms-client-request-id": "eb99b5cd72d61a7ecf6ac86b751165d3",
        "x-ms-return-client-request-id": "true"
      },
      "RequestBody": null,
      "StatusCode": 200,
      "ResponseHeaders": {
        "Cache-Control": "no-store, no-cache",
        "Content-Length": "450",
        "Content-Type": "application/json",
        "Date": "Sat, 25 Mar 2023 10:35:26 GMT",
        "Pragma": "no-cache",
        "Server": "Microsoft-HTTPAPI/2.0",
        "Strict-Transport-Security": "max-age=31536000; includeSubDomains",
        "X-Content-Type-Options": "nosniff",
        "x-ms-correlation-request-id": "e0a89d7e-1b82-4752-9f81-f3ec27f0293b",
        "x-ms-gatewayversion": "version=2.14.0",
        "x-ms-ratelimit-remaining-subscription-reads": "11969",
        "x-ms-request-id": "e0a89d7e-1b82-4752-9f81-f3ec27f0293b",
        "x-ms-routing-request-id": "EASTUS:20230325T103526Z:e0a89d7e-1b82-4752-9f81-f3ec27f0293b"
      },
      "ResponseBody": {
        "id": "/subscriptions/710e347c-9ac8-408c-90fe-f8cfc44bf967/resourceGroups/dbaccount-9165/providers/Microsoft.DocumentDB/databaseAccounts/dbaccount-22/sqlDatabases/sql-db-9760",
        "type": "Microsoft.DocumentDB/databaseAccounts/sqlDatabases",
        "name": "sql-db-9760",
        "properties": {
          "resource": {
            "id": "sql-db-9760",
            "_rid": "xuVJAA==",
            "_self": "dbs/xuVJAA==/",
            "_etag": "\u002200009600-0000-0700-0000-641ece500000\u0022",
            "_colls": "colls/",
            "_users": "users/",
            "_ts": 1679740496
          }
        }
      }
    },
    {
      "RequestUri": "https://management.azure.com/subscriptions/710e347c-9ac8-408c-90fe-f8cfc44bf967/resourceGroups/dbaccount-9165/providers/Microsoft.DocumentDB/databaseAccounts/dbaccount-22/sqlDatabases/sql-db-9760?api-version=2022-11-15",
      "RequestMethod": "GET",
      "RequestHeaders": {
        "Accept": "application/json",
        "Authorization": "Sanitized",
        "traceparent": "00-14c312ad3a9da3af1c4e5e2f93629e7c-8cc6c2ce0d9a6b20-00",
        "User-Agent": "azsdk-net-ResourceManager.CosmosDB/1.3.0-alpha.20230324.1 (.NET 7.0.4; Microsoft Windows 10.0.22621)",
        "x-ms-client-request-id": "e622c8365808120892c17a7e560729c6",
        "x-ms-return-client-request-id": "true"
      },
      "RequestBody": null,
      "StatusCode": 200,
      "ResponseHeaders": {
        "Cache-Control": "no-store, no-cache",
        "Content-Length": "450",
        "Content-Type": "application/json",
        "Date": "Sat, 25 Mar 2023 10:35:26 GMT",
        "Pragma": "no-cache",
        "Server": "Microsoft-HTTPAPI/2.0",
        "Strict-Transport-Security": "max-age=31536000; includeSubDomains",
        "X-Content-Type-Options": "nosniff",
        "x-ms-correlation-request-id": "4d9d9009-6c9c-4630-b02d-5091d0cc88db",
        "x-ms-gatewayversion": "version=2.14.0",
        "x-ms-ratelimit-remaining-subscription-reads": "11968",
        "x-ms-request-id": "4d9d9009-6c9c-4630-b02d-5091d0cc88db",
        "x-ms-routing-request-id": "EASTUS:20230325T103526Z:4d9d9009-6c9c-4630-b02d-5091d0cc88db"
      },
      "ResponseBody": {
        "id": "/subscriptions/710e347c-9ac8-408c-90fe-f8cfc44bf967/resourceGroups/dbaccount-9165/providers/Microsoft.DocumentDB/databaseAccounts/dbaccount-22/sqlDatabases/sql-db-9760",
        "type": "Microsoft.DocumentDB/databaseAccounts/sqlDatabases",
        "name": "sql-db-9760",
        "properties": {
          "resource": {
            "id": "sql-db-9760",
            "_rid": "xuVJAA==",
            "_self": "dbs/xuVJAA==/",
            "_etag": "\u002200009600-0000-0700-0000-641ece500000\u0022",
            "_colls": "colls/",
            "_users": "users/",
            "_ts": 1679740496
          }
        }
      }
    },
    {
      "RequestUri": "https://management.azure.com/subscriptions/710e347c-9ac8-408c-90fe-f8cfc44bf967/resourceGroups/dbaccount-9165/providers/Microsoft.DocumentDB/databaseAccounts/dbaccount-22/sqlDatabases/sql-db-9760?api-version=2022-11-15",
      "RequestMethod": "GET",
      "RequestHeaders": {
        "Accept": "application/json",
        "Authorization": "Sanitized",
        "traceparent": "00-f0fada75cb5d261464f0123c1d73ec6e-14d9a3dfbb276859-00",
        "User-Agent": "azsdk-net-ResourceManager.CosmosDB/1.3.0-alpha.20230324.1 (.NET 7.0.4; Microsoft Windows 10.0.22621)",
        "x-ms-client-request-id": "bb6aa42d689234848af35422e861d3a7",
        "x-ms-return-client-request-id": "true"
      },
      "RequestBody": null,
      "StatusCode": 200,
      "ResponseHeaders": {
        "Cache-Control": "no-store, no-cache",
        "Content-Length": "450",
        "Content-Type": "application/json",
        "Date": "Sat, 25 Mar 2023 10:35:27 GMT",
        "Pragma": "no-cache",
        "Server": "Microsoft-HTTPAPI/2.0",
        "Strict-Transport-Security": "max-age=31536000; includeSubDomains",
        "X-Content-Type-Options": "nosniff",
        "x-ms-correlation-request-id": "8fb4497f-be2b-4b90-b401-b9fa58b98d5e",
        "x-ms-gatewayversion": "version=2.14.0",
        "x-ms-ratelimit-remaining-subscription-reads": "11967",
        "x-ms-request-id": "8fb4497f-be2b-4b90-b401-b9fa58b98d5e",
        "x-ms-routing-request-id": "EASTUS:20230325T103527Z:8fb4497f-be2b-4b90-b401-b9fa58b98d5e"
      },
      "ResponseBody": {
        "id": "/subscriptions/710e347c-9ac8-408c-90fe-f8cfc44bf967/resourceGroups/dbaccount-9165/providers/Microsoft.DocumentDB/databaseAccounts/dbaccount-22/sqlDatabases/sql-db-9760",
        "type": "Microsoft.DocumentDB/databaseAccounts/sqlDatabases",
        "name": "sql-db-9760",
        "properties": {
          "resource": {
            "id": "sql-db-9760",
            "_rid": "xuVJAA==",
            "_self": "dbs/xuVJAA==/",
            "_etag": "\u002200009600-0000-0700-0000-641ece500000\u0022",
            "_colls": "colls/",
            "_users": "users/",
            "_ts": 1679740496
          }
        }
      }
    },
    {
      "RequestUri": "https://management.azure.com/subscriptions/710e347c-9ac8-408c-90fe-f8cfc44bf967/resourceGroups/dbaccount-9165/providers/Microsoft.DocumentDB/databaseAccounts/dbaccount-22/sqlDatabases/sql-db-9760?api-version=2022-11-15",
      "RequestMethod": "DELETE",
      "RequestHeaders": {
        "Authorization": "Sanitized",
        "traceparent": "00-ec41a3957613f6e6a8effc0f0363efdb-4ecceef2a42b92e3-00",
        "User-Agent": "azsdk-net-ResourceManager.CosmosDB/1.3.0-alpha.20230324.1 (.NET 7.0.4; Microsoft Windows 10.0.22621)",
        "x-ms-client-request-id": "1eece4e822477490ac865914f800c3c8",
        "x-ms-return-client-request-id": "true"
      },
      "RequestBody": null,
      "StatusCode": 202,
      "ResponseHeaders": {
        "Azure-AsyncOperation": "https://management.azure.com/subscriptions/710e347c-9ac8-408c-90fe-f8cfc44bf967/providers/Microsoft.DocumentDB/locations/westus2/operationsStatus/934545b0-b146-4135-b3c4-ec37a46ecc88?api-version=2022-11-15",
        "Cache-Control": "no-store, no-cache",
        "Content-Length": "21",
        "Content-Type": "application/json",
        "Date": "Sat, 25 Mar 2023 10:35:27 GMT",
        "Location": "https://management.azure.com/subscriptions/710e347c-9ac8-408c-90fe-f8cfc44bf967/resourceGroups/dbaccount-9165/providers/Microsoft.DocumentDB/databaseAccounts/dbaccount-22/sqlDatabases/sql-db-9760/operationResults/934545b0-b146-4135-b3c4-ec37a46ecc88?api-version=2022-11-15",
        "Pragma": "no-cache",
        "Server": "Microsoft-HTTPAPI/2.0",
        "Strict-Transport-Security": "max-age=31536000; includeSubDomains",
        "X-Content-Type-Options": "nosniff",
        "x-ms-correlation-request-id": "18a0d426-1fe7-4a9e-b18d-462997fe1d60",
        "x-ms-gatewayversion": "version=2.14.0",
        "x-ms-ratelimit-remaining-subscription-deletes": "14999",
        "x-ms-request-id": "934545b0-b146-4135-b3c4-ec37a46ecc88",
        "x-ms-routing-request-id": "EASTUS:20230325T103527Z:18a0d426-1fe7-4a9e-b18d-462997fe1d60"
      },
      "ResponseBody": {
        "status": "Enqueued"
      }
    },
    {
      "RequestUri": "https://management.azure.com/subscriptions/710e347c-9ac8-408c-90fe-f8cfc44bf967/providers/Microsoft.DocumentDB/locations/westus2/operationsStatus/934545b0-b146-4135-b3c4-ec37a46ecc88?api-version=2022-11-15",
      "RequestMethod": "GET",
      "RequestHeaders": {
        "Authorization": "Sanitized",
        "traceparent": "00-ec41a3957613f6e6a8effc0f0363efdb-c4c3c1065f53d2ce-00",
        "User-Agent": "azsdk-net-ResourceManager/1.4.0 (.NET 7.0.4; Microsoft Windows 10.0.22621)",
        "x-ms-client-request-id": "7295d3ee0b1b0b7e13f60e0b0e6f3c8a",
        "x-ms-return-client-request-id": "true"
      },
      "RequestBody": null,
      "StatusCode": 200,
      "ResponseHeaders": {
        "Cache-Control": "no-store, no-cache",
        "Content-Length": "21",
        "Content-Type": "application/json",
        "Date": "Sat, 25 Mar 2023 10:35:27 GMT",
        "Pragma": "no-cache",
        "Server": "Microsoft-HTTPAPI/2.0",
        "Strict-Transport-Security": "max-age=31536000; includeSubDomains",
        "X-Content-Type-Options": "nosniff",
        "x-ms-correlation-request-id": "a811dda0-982f-473c-92d9-d4c2a19dc097",
        "x-ms-gatewayversion": "version=2.14.0",
        "x-ms-ratelimit-remaining-subscription-reads": "11966",
        "x-ms-request-id": "a811dda0-982f-473c-92d9-d4c2a19dc097",
        "x-ms-routing-request-id": "EASTUS:20230325T103527Z:a811dda0-982f-473c-92d9-d4c2a19dc097"
      },
      "ResponseBody": {
        "status": "Enqueued"
      }
    },
    {
      "RequestUri": "https://management.azure.com/subscriptions/710e347c-9ac8-408c-90fe-f8cfc44bf967/providers/Microsoft.DocumentDB/locations/westus2/operationsStatus/934545b0-b146-4135-b3c4-ec37a46ecc88?api-version=2022-11-15",
      "RequestMethod": "GET",
      "RequestHeaders": {
        "Authorization": "Sanitized",
        "traceparent": "00-ec41a3957613f6e6a8effc0f0363efdb-626e1748cc64a7ca-00",
        "User-Agent": "azsdk-net-ResourceManager/1.4.0 (.NET 7.0.4; Microsoft Windows 10.0.22621)",
        "x-ms-client-request-id": "e6e18c3002223e00a21eda59c67c70c6",
        "x-ms-return-client-request-id": "true"
      },
      "RequestBody": null,
      "StatusCode": 200,
      "ResponseHeaders": {
        "Cache-Control": "no-store, no-cache",
        "Content-Length": "21",
        "Content-Type": "application/json",
        "Date": "Sat, 25 Mar 2023 10:35:28 GMT",
        "Pragma": "no-cache",
        "Server": "Microsoft-HTTPAPI/2.0",
        "Strict-Transport-Security": "max-age=31536000; includeSubDomains",
        "X-Content-Type-Options": "nosniff",
        "x-ms-correlation-request-id": "c3ab5bea-72cf-4bd2-b88a-233fc746e59c",
        "x-ms-gatewayversion": "version=2.14.0",
        "x-ms-ratelimit-remaining-subscription-reads": "11965",
        "x-ms-request-id": "c3ab5bea-72cf-4bd2-b88a-233fc746e59c",
        "x-ms-routing-request-id": "EASTUS:20230325T103528Z:c3ab5bea-72cf-4bd2-b88a-233fc746e59c"
      },
      "ResponseBody": {
        "status": "Enqueued"
      }
    },
    {
      "RequestUri": "https://management.azure.com/subscriptions/710e347c-9ac8-408c-90fe-f8cfc44bf967/providers/Microsoft.DocumentDB/locations/westus2/operationsStatus/934545b0-b146-4135-b3c4-ec37a46ecc88?api-version=2022-11-15",
      "RequestMethod": "GET",
      "RequestHeaders": {
        "Authorization": "Sanitized",
        "traceparent": "00-ec41a3957613f6e6a8effc0f0363efdb-57ff9e1c685e2c54-00",
        "User-Agent": "azsdk-net-ResourceManager/1.4.0 (.NET 7.0.4; Microsoft Windows 10.0.22621)",
        "x-ms-client-request-id": "2526285c506b35ac8332bdb09b35bed4",
        "x-ms-return-client-request-id": "true"
      },
      "RequestBody": null,
      "StatusCode": 200,
      "ResponseHeaders": {
        "Cache-Control": "no-store, no-cache",
        "Content-Length": "21",
        "Content-Type": "application/json",
        "Date": "Sat, 25 Mar 2023 10:35:29 GMT",
        "Pragma": "no-cache",
        "Server": "Microsoft-HTTPAPI/2.0",
        "Strict-Transport-Security": "max-age=31536000; includeSubDomains",
        "X-Content-Type-Options": "nosniff",
        "x-ms-correlation-request-id": "2033392d-4142-4506-9cca-4b12c64ac8c8",
        "x-ms-gatewayversion": "version=2.14.0",
        "x-ms-ratelimit-remaining-subscription-reads": "11964",
        "x-ms-request-id": "2033392d-4142-4506-9cca-4b12c64ac8c8",
        "x-ms-routing-request-id": "EASTUS:20230325T103529Z:2033392d-4142-4506-9cca-4b12c64ac8c8"
      },
      "ResponseBody": {
        "status": "Enqueued"
      }
    },
    {
      "RequestUri": "https://management.azure.com/subscriptions/710e347c-9ac8-408c-90fe-f8cfc44bf967/providers/Microsoft.DocumentDB/locations/westus2/operationsStatus/934545b0-b146-4135-b3c4-ec37a46ecc88?api-version=2022-11-15",
      "RequestMethod": "GET",
      "RequestHeaders": {
        "Authorization": "Sanitized",
        "traceparent": "00-ec41a3957613f6e6a8effc0f0363efdb-119958e99a4831f6-00",
        "User-Agent": "azsdk-net-ResourceManager/1.4.0 (.NET 7.0.4; Microsoft Windows 10.0.22621)",
        "x-ms-client-request-id": "77e4d1b14404eb0ed256cffc31244497",
        "x-ms-return-client-request-id": "true"
      },
      "RequestBody": null,
      "StatusCode": 200,
      "ResponseHeaders": {
        "Cache-Control": "no-store, no-cache",
        "Content-Length": "21",
        "Content-Type": "application/json",
        "Date": "Sat, 25 Mar 2023 10:35:31 GMT",
        "Pragma": "no-cache",
        "Server": "Microsoft-HTTPAPI/2.0",
        "Strict-Transport-Security": "max-age=31536000; includeSubDomains",
        "X-Content-Type-Options": "nosniff",
        "x-ms-correlation-request-id": "1a6498ef-3862-4f7f-8f83-e8ce79d149c1",
        "x-ms-gatewayversion": "version=2.14.0",
        "x-ms-ratelimit-remaining-subscription-reads": "11963",
        "x-ms-request-id": "1a6498ef-3862-4f7f-8f83-e8ce79d149c1",
        "x-ms-routing-request-id": "EASTUS:20230325T103531Z:1a6498ef-3862-4f7f-8f83-e8ce79d149c1"
      },
      "ResponseBody": {
        "status": "Dequeued"
      }
    },
    {
      "RequestUri": "https://management.azure.com/subscriptions/710e347c-9ac8-408c-90fe-f8cfc44bf967/providers/Microsoft.DocumentDB/locations/westus2/operationsStatus/934545b0-b146-4135-b3c4-ec37a46ecc88?api-version=2022-11-15",
      "RequestMethod": "GET",
      "RequestHeaders": {
        "Authorization": "Sanitized",
        "traceparent": "00-ec41a3957613f6e6a8effc0f0363efdb-00f75bbcce740196-00",
        "User-Agent": "azsdk-net-ResourceManager/1.4.0 (.NET 7.0.4; Microsoft Windows 10.0.22621)",
        "x-ms-client-request-id": "e6af48861649df1fdfab62ef4550a26d",
        "x-ms-return-client-request-id": "true"
      },
      "RequestBody": null,
      "StatusCode": 200,
      "ResponseHeaders": {
        "Cache-Control": "no-store, no-cache",
        "Content-Length": "22",
        "Content-Type": "application/json",
        "Date": "Sat, 25 Mar 2023 10:35:33 GMT",
        "Pragma": "no-cache",
        "Server": "Microsoft-HTTPAPI/2.0",
        "Strict-Transport-Security": "max-age=31536000; includeSubDomains",
        "X-Content-Type-Options": "nosniff",
        "x-ms-correlation-request-id": "2ea48043-462a-4cd4-a9bf-d02e80766e02",
        "x-ms-gatewayversion": "version=2.14.0",
        "x-ms-ratelimit-remaining-subscription-reads": "11962",
        "x-ms-request-id": "2ea48043-462a-4cd4-a9bf-d02e80766e02",
        "x-ms-routing-request-id": "EASTUS:20230325T103533Z:2ea48043-462a-4cd4-a9bf-d02e80766e02"
      },
      "ResponseBody": {
        "status": "Succeeded"
      }
    }
  ],
  "Variables": {
    "AZURE_AUTHORITY_HOST": null,
    "RandomSeed": "131751455",
    "RESOURCE_MANAGER_URL": null,
    "SUBSCRIPTION_ID": "710e347c-9ac8-408c-90fe-f8cfc44bf967"
  }
}
