{
  "Entries": [
    {
      "RequestUri": "https://management.azure.com/subscriptions/db1ab6f0-4769-4b27-930e-01e2ef9c123c/resourceGroups/dbaccount-6824/providers/Microsoft.DocumentDB/databaseAccounts/dbaccount-8602?api-version=2021-06-15",
      "RequestMethod": "GET",
      "RequestHeaders": {
        "Accept": "application/json",
        "Authorization": "Sanitized",
        "User-Agent": "azsdk-net-ResourceManager.CosmosDB/1.0.0-alpha.20211203.1 (.NET Framework 4.8.4420.0; Microsoft Windows 10.0.22000 )",
        "x-ms-client-request-id": "3bff545d0a6a711eadc235007f8ecbb3",
        "x-ms-return-client-request-id": "true"
      },
      "RequestBody": null,
      "StatusCode": 200,
      "ResponseHeaders": {
        "Cache-Control": [
          "no-store",
          "no-cache"
        ],
        "Content-Length": "2269",
        "Content-Type": "application/json",
        "Date": "Fri, 03 Dec 2021 12:14:46 GMT",
        "Pragma": "no-cache",
        "Server": "Microsoft-HTTPAPI/2.0",
        "Strict-Transport-Security": "max-age=31536000; includeSubDomains",
        "X-Content-Type-Options": "nosniff",
        "x-ms-correlation-request-id": "9b8670bc-a85e-49f3-a7d0-1c708657f09c",
        "x-ms-gatewayversion": "version=2.14.0",
        "x-ms-ratelimit-remaining-subscription-reads": "11962",
        "x-ms-request-id": "9b8670bc-a85e-49f3-a7d0-1c708657f09c",
        "x-ms-routing-request-id": "EASTASIA:20211203T121446Z:9b8670bc-a85e-49f3-a7d0-1c708657f09c"
      },
      "ResponseBody": {
        "id": "/subscriptions/db1ab6f0-4769-4b27-930e-01e2ef9c123c/resourceGroups/dbaccount-6824/providers/Microsoft.DocumentDB/databaseAccounts/dbaccount-8602",
        "name": "dbaccount-8602",
        "location": "West US 2",
        "type": "Microsoft.DocumentDB/databaseAccounts",
        "kind": "GlobalDocumentDB",
        "tags": {
          "key1": "value1",
          "key2": "value2"
        },
        "systemData": {
          "createdAt": "2021-12-03T12:13:14.8337168Z"
        },
        "properties": {
          "provisioningState": "Succeeded",
          "documentEndpoint": "https://dbaccount-8602.documents.azure.com:443/",
          "publicNetworkAccess": "Enabled",
          "enableAutomaticFailover": false,
          "enableMultipleWriteLocations": false,
          "enablePartitionKeyMonitor": false,
          "isVirtualNetworkFilterEnabled": true,
          "virtualNetworkRules": [],
          "EnabledApiTypes": "Sql",
          "disableKeyBasedMetadataWriteAccess": false,
          "enableFreeTier": false,
          "enableAnalyticalStorage": false,
          "analyticalStorageConfiguration": {
            "schemaType": "WellDefined"
          },
          "instanceId": "7484ab17-9f85-47d3-a6c8-40e61ea244c4",
          "databaseAccountOfferType": "Standard",
          "defaultIdentity": "FirstPartyIdentity",
          "networkAclBypass": "None",
          "disableLocalAuth": false,
          "consistencyPolicy": {
            "defaultConsistencyLevel": "BoundedStaleness",
            "maxIntervalInSeconds": 1000,
            "maxStalenessPrefix": 300
          },
          "configurationOverrides": {},
          "writeLocations": [
            {
              "id": "dbaccount-8602-westus",
              "locationName": "West US",
              "documentEndpoint": "https://dbaccount-8602-westus.documents.azure.com:443/",
              "provisioningState": "Succeeded",
              "failoverPriority": 0,
              "isZoneRedundant": false
            }
          ],
          "readLocations": [
            {
              "id": "dbaccount-8602-westus",
              "locationName": "West US",
              "documentEndpoint": "https://dbaccount-8602-westus.documents.azure.com:443/",
              "provisioningState": "Succeeded",
              "failoverPriority": 0,
              "isZoneRedundant": false
            }
          ],
          "locations": [
            {
              "id": "dbaccount-8602-westus",
              "locationName": "West US",
              "documentEndpoint": "https://dbaccount-8602-westus.documents.azure.com:443/",
              "provisioningState": "Succeeded",
              "failoverPriority": 0,
              "isZoneRedundant": false
            }
          ],
          "failoverPolicies": [
            {
              "id": "dbaccount-8602-westus",
              "locationName": "West US",
              "failoverPriority": 0
            }
          ],
          "cors": [],
          "capabilities": [],
          "ipRules": [
            {
              "ipAddressOrRange": "23.43.230.120"
            }
          ],
          "backupPolicy": {
            "type": "Periodic",
            "periodicModeProperties": {
              "backupIntervalInMinutes": 240,
              "backupRetentionIntervalInHours": 8,
              "backupStorageRedundancy": "Geo"
            }
          },
          "networkAclBypassResourceIds": []
        },
        "identity": {
          "type": "None"
        }
      }
    },
    {
      "RequestUri": "https://management.azure.com/subscriptions/db1ab6f0-4769-4b27-930e-01e2ef9c123c/resourceGroups/dbaccount-6824/providers/Microsoft.DocumentDB/databaseAccounts/dbaccount-8602/sqlDatabases/sql-db-9943?api-version=2021-06-15",
      "RequestMethod": "PUT",
      "RequestHeaders": {
        "Accept": "application/json",
        "Authorization": "Sanitized",
        "Content-Length": "107",
        "Content-Type": "application/json",
        "User-Agent": "azsdk-net-ResourceManager.CosmosDB/1.0.0-alpha.20211203.1 (.NET Framework 4.8.4420.0; Microsoft Windows 10.0.22000 )",
        "x-ms-client-request-id": "ddc91bb6da89546d6818a8e56e0d74aa",
        "x-ms-return-client-request-id": "true"
      },
      "RequestBody": {
        "tags": {},
        "location": "westus",
        "properties": {
          "resource": {
            "id": "sql-db-9943"
          },
          "options": {
            "throughput": 700
          }
        }
      },
      "StatusCode": 202,
      "ResponseHeaders": {
        "Azure-AsyncOperation": "https://management.azure.com/subscriptions/db1ab6f0-4769-4b27-930e-01e2ef9c123c/providers/Microsoft.DocumentDB/locations/westus2/operationsStatus/7b8b1976-a8cd-413e-a9f4-bc90d2bd1aae?api-version=2021-06-15",
        "Cache-Control": [
          "no-store",
          "no-cache"
        ],
        "Content-Length": "21",
        "Content-Type": "application/json",
        "Date": "Fri, 03 Dec 2021 12:14:47 GMT",
        "Location": "https://management.azure.com/subscriptions/db1ab6f0-4769-4b27-930e-01e2ef9c123c/resourceGroups/dbaccount-6824/providers/Microsoft.DocumentDB/databaseAccounts/dbaccount-8602/sqlDatabases/sql-db-9943/operationResults/7b8b1976-a8cd-413e-a9f4-bc90d2bd1aae?api-version=2021-06-15",
        "Pragma": "no-cache",
        "Server": "Microsoft-HTTPAPI/2.0",
        "Strict-Transport-Security": "max-age=31536000; includeSubDomains",
        "X-Content-Type-Options": "nosniff",
        "x-ms-correlation-request-id": "943a9a5e-19b3-4f02-96be-cc3b254aa0b3",
        "x-ms-gatewayversion": "version=2.14.0",
        "x-ms-ratelimit-remaining-subscription-writes": "1198",
        "x-ms-request-id": "7b8b1976-a8cd-413e-a9f4-bc90d2bd1aae",
        "x-ms-routing-request-id": "EASTASIA:20211203T121447Z:943a9a5e-19b3-4f02-96be-cc3b254aa0b3"
      },
      "ResponseBody": {
        "status": "Enqueued"
      }
    },
    {
      "RequestUri": "https://management.azure.com/subscriptions/db1ab6f0-4769-4b27-930e-01e2ef9c123c/providers/Microsoft.DocumentDB/locations/westus2/operationsStatus/7b8b1976-a8cd-413e-a9f4-bc90d2bd1aae?api-version=2021-06-15",
      "RequestMethod": "GET",
      "RequestHeaders": {
        "Authorization": "Sanitized",
        "User-Agent": "azsdk-net-ResourceManager/1.0.0-alpha.20211203.1 (.NET Framework 4.8.4420.0; Microsoft Windows 10.0.22000 )",
        "x-ms-client-request-id": "1441d2165e797ad492e702f1768c3fb4",
        "x-ms-return-client-request-id": "true"
      },
      "RequestBody": null,
      "StatusCode": 200,
      "ResponseHeaders": {
        "Cache-Control": [
          "no-store",
          "no-cache"
        ],
        "Content-Length": "21",
        "Content-Type": "application/json",
        "Date": "Fri, 03 Dec 2021 12:14:47 GMT",
        "Pragma": "no-cache",
        "Server": "Microsoft-HTTPAPI/2.0",
        "Strict-Transport-Security": "max-age=31536000; includeSubDomains",
        "X-Content-Type-Options": "nosniff",
        "x-ms-correlation-request-id": "c9d5b973-bde3-4cd8-82d9-d32025b18fbc",
        "x-ms-gatewayversion": "version=2.14.0",
        "x-ms-ratelimit-remaining-subscription-reads": "11961",
        "x-ms-request-id": "c9d5b973-bde3-4cd8-82d9-d32025b18fbc",
        "x-ms-routing-request-id": "EASTASIA:20211203T121447Z:c9d5b973-bde3-4cd8-82d9-d32025b18fbc"
      },
      "ResponseBody": {
        "status": "Enqueued"
      }
    },
    {
      "RequestUri": "https://management.azure.com/subscriptions/db1ab6f0-4769-4b27-930e-01e2ef9c123c/providers/Microsoft.DocumentDB/locations/westus2/operationsStatus/7b8b1976-a8cd-413e-a9f4-bc90d2bd1aae?api-version=2021-06-15",
      "RequestMethod": "GET",
      "RequestHeaders": {
        "Authorization": "Sanitized",
        "User-Agent": "azsdk-net-ResourceManager/1.0.0-alpha.20211203.1 (.NET Framework 4.8.4420.0; Microsoft Windows 10.0.22000 )",
        "x-ms-client-request-id": "1d2e55c16c0857e0b09ff948947892f2",
        "x-ms-return-client-request-id": "true"
      },
      "RequestBody": null,
      "StatusCode": 200,
      "ResponseHeaders": {
        "Cache-Control": [
          "no-store",
          "no-cache"
        ],
        "Content-Length": "21",
        "Content-Type": "application/json",
        "Date": "Fri, 03 Dec 2021 12:14:48 GMT",
        "Pragma": "no-cache",
        "Server": "Microsoft-HTTPAPI/2.0",
        "Strict-Transport-Security": "max-age=31536000; includeSubDomains",
        "X-Content-Type-Options": "nosniff",
        "x-ms-correlation-request-id": "fc83c04a-5589-4cba-96e1-cc56c1ae7005",
        "x-ms-gatewayversion": "version=2.14.0",
        "x-ms-ratelimit-remaining-subscription-reads": "11960",
        "x-ms-request-id": "fc83c04a-5589-4cba-96e1-cc56c1ae7005",
        "x-ms-routing-request-id": "EASTASIA:20211203T121448Z:fc83c04a-5589-4cba-96e1-cc56c1ae7005"
      },
      "ResponseBody": {
        "status": "Enqueued"
      }
    },
    {
      "RequestUri": "https://management.azure.com/subscriptions/db1ab6f0-4769-4b27-930e-01e2ef9c123c/providers/Microsoft.DocumentDB/locations/westus2/operationsStatus/7b8b1976-a8cd-413e-a9f4-bc90d2bd1aae?api-version=2021-06-15",
      "RequestMethod": "GET",
      "RequestHeaders": {
        "Authorization": "Sanitized",
        "User-Agent": "azsdk-net-ResourceManager/1.0.0-alpha.20211203.1 (.NET Framework 4.8.4420.0; Microsoft Windows 10.0.22000 )",
        "x-ms-client-request-id": "9bcebc6c60ccf2319c49b4de5d79b357",
        "x-ms-return-client-request-id": "true"
      },
      "RequestBody": null,
      "StatusCode": 200,
      "ResponseHeaders": {
        "Cache-Control": [
          "no-store",
          "no-cache"
        ],
        "Content-Length": "21",
        "Content-Type": "application/json",
        "Date": "Fri, 03 Dec 2021 12:14:49 GMT",
        "Pragma": "no-cache",
        "Server": "Microsoft-HTTPAPI/2.0",
        "Strict-Transport-Security": "max-age=31536000; includeSubDomains",
        "X-Content-Type-Options": "nosniff",
        "x-ms-correlation-request-id": "50d3f23c-ffd6-4530-8864-058511127cf0",
        "x-ms-gatewayversion": "version=2.14.0",
        "x-ms-ratelimit-remaining-subscription-reads": "11959",
        "x-ms-request-id": "50d3f23c-ffd6-4530-8864-058511127cf0",
        "x-ms-routing-request-id": "EASTASIA:20211203T121450Z:50d3f23c-ffd6-4530-8864-058511127cf0"
      },
      "ResponseBody": {
        "status": "Enqueued"
      }
    },
    {
      "RequestUri": "https://management.azure.com/subscriptions/db1ab6f0-4769-4b27-930e-01e2ef9c123c/providers/Microsoft.DocumentDB/locations/westus2/operationsStatus/7b8b1976-a8cd-413e-a9f4-bc90d2bd1aae?api-version=2021-06-15",
      "RequestMethod": "GET",
      "RequestHeaders": {
        "Authorization": "Sanitized",
        "User-Agent": "azsdk-net-ResourceManager/1.0.0-alpha.20211203.1 (.NET Framework 4.8.4420.0; Microsoft Windows 10.0.22000 )",
        "x-ms-client-request-id": "6c3391018e47aae3f1ea64da648ce51a",
        "x-ms-return-client-request-id": "true"
      },
      "RequestBody": null,
      "StatusCode": 200,
      "ResponseHeaders": {
        "Cache-Control": [
          "no-store",
          "no-cache"
        ],
        "Content-Length": "21",
        "Content-Type": "application/json",
        "Date": "Fri, 03 Dec 2021 12:14:51 GMT",
        "Pragma": "no-cache",
        "Server": "Microsoft-HTTPAPI/2.0",
        "Strict-Transport-Security": "max-age=31536000; includeSubDomains",
        "X-Content-Type-Options": "nosniff",
        "x-ms-correlation-request-id": "9ebd4aa3-d7fe-4ada-9417-d5fe7fe60a29",
        "x-ms-gatewayversion": "version=2.14.0",
        "x-ms-ratelimit-remaining-subscription-reads": "11958",
        "x-ms-request-id": "9ebd4aa3-d7fe-4ada-9417-d5fe7fe60a29",
        "x-ms-routing-request-id": "EASTASIA:20211203T121451Z:9ebd4aa3-d7fe-4ada-9417-d5fe7fe60a29"
      },
      "ResponseBody": {
        "status": "Dequeued"
      }
    },
    {
      "RequestUri": "https://management.azure.com/subscriptions/db1ab6f0-4769-4b27-930e-01e2ef9c123c/providers/Microsoft.DocumentDB/locations/westus2/operationsStatus/7b8b1976-a8cd-413e-a9f4-bc90d2bd1aae?api-version=2021-06-15",
      "RequestMethod": "GET",
      "RequestHeaders": {
        "Authorization": "Sanitized",
        "User-Agent": "azsdk-net-ResourceManager/1.0.0-alpha.20211203.1 (.NET Framework 4.8.4420.0; Microsoft Windows 10.0.22000 )",
        "x-ms-client-request-id": "b9851054a3bd60e8243b81beb801fa36",
        "x-ms-return-client-request-id": "true"
      },
      "RequestBody": null,
      "StatusCode": 200,
      "ResponseHeaders": {
        "Cache-Control": [
          "no-store",
          "no-cache"
        ],
        "Content-Length": "21",
        "Content-Type": "application/json",
        "Date": "Fri, 03 Dec 2021 12:14:52 GMT",
        "Pragma": "no-cache",
        "Server": "Microsoft-HTTPAPI/2.0",
        "Strict-Transport-Security": "max-age=31536000; includeSubDomains",
        "X-Content-Type-Options": "nosniff",
        "x-ms-correlation-request-id": "707d9cbe-9552-4516-bee4-0dbfb96c2625",
        "x-ms-gatewayversion": "version=2.14.0",
        "x-ms-ratelimit-remaining-subscription-reads": "11957",
        "x-ms-request-id": "707d9cbe-9552-4516-bee4-0dbfb96c2625",
        "x-ms-routing-request-id": "EASTASIA:20211203T121452Z:707d9cbe-9552-4516-bee4-0dbfb96c2625"
      },
      "ResponseBody": {
        "status": "Dequeued"
      }
    },
    {
      "RequestUri": "https://management.azure.com/subscriptions/db1ab6f0-4769-4b27-930e-01e2ef9c123c/providers/Microsoft.DocumentDB/locations/westus2/operationsStatus/7b8b1976-a8cd-413e-a9f4-bc90d2bd1aae?api-version=2021-06-15",
      "RequestMethod": "GET",
      "RequestHeaders": {
        "Authorization": "Sanitized",
        "User-Agent": "azsdk-net-ResourceManager/1.0.0-alpha.20211203.1 (.NET Framework 4.8.4420.0; Microsoft Windows 10.0.22000 )",
        "x-ms-client-request-id": "0247a2ec2544ddaad924aae1fb578d0f",
        "x-ms-return-client-request-id": "true"
      },
      "RequestBody": null,
      "StatusCode": 200,
      "ResponseHeaders": {
        "Cache-Control": [
          "no-store",
          "no-cache"
        ],
        "Content-Length": "21",
        "Content-Type": "application/json",
        "Date": "Fri, 03 Dec 2021 12:14:53 GMT",
        "Pragma": "no-cache",
        "Server": "Microsoft-HTTPAPI/2.0",
        "Strict-Transport-Security": "max-age=31536000; includeSubDomains",
        "X-Content-Type-Options": "nosniff",
        "x-ms-correlation-request-id": "a04cf93c-c036-4511-b361-dd4ba1703cc8",
        "x-ms-gatewayversion": "version=2.14.0",
        "x-ms-ratelimit-remaining-subscription-reads": "11956",
        "x-ms-request-id": "a04cf93c-c036-4511-b361-dd4ba1703cc8",
        "x-ms-routing-request-id": "EASTASIA:20211203T121453Z:a04cf93c-c036-4511-b361-dd4ba1703cc8"
      },
      "ResponseBody": {
        "status": "Dequeued"
      }
    },
    {
      "RequestUri": "https://management.azure.com/subscriptions/db1ab6f0-4769-4b27-930e-01e2ef9c123c/providers/Microsoft.DocumentDB/locations/westus2/operationsStatus/7b8b1976-a8cd-413e-a9f4-bc90d2bd1aae?api-version=2021-06-15",
      "RequestMethod": "GET",
      "RequestHeaders": {
        "Authorization": "Sanitized",
        "User-Agent": "azsdk-net-ResourceManager/1.0.0-alpha.20211203.1 (.NET Framework 4.8.4420.0; Microsoft Windows 10.0.22000 )",
        "x-ms-client-request-id": "4c899a63f9f45d9aa9d2480b0c25f1f0",
        "x-ms-return-client-request-id": "true"
      },
      "RequestBody": null,
      "StatusCode": 200,
      "ResponseHeaders": {
        "Cache-Control": [
          "no-store",
          "no-cache"
        ],
        "Content-Length": "21",
        "Content-Type": "application/json",
        "Date": "Fri, 03 Dec 2021 12:14:54 GMT",
        "Pragma": "no-cache",
        "Server": "Microsoft-HTTPAPI/2.0",
        "Strict-Transport-Security": "max-age=31536000; includeSubDomains",
        "X-Content-Type-Options": "nosniff",
        "x-ms-correlation-request-id": "d48a143d-89f5-44a1-932a-07b7714963e1",
        "x-ms-gatewayversion": "version=2.14.0",
        "x-ms-ratelimit-remaining-subscription-reads": "11955",
        "x-ms-request-id": "d48a143d-89f5-44a1-932a-07b7714963e1",
        "x-ms-routing-request-id": "EASTASIA:20211203T121454Z:d48a143d-89f5-44a1-932a-07b7714963e1"
      },
      "ResponseBody": {
        "status": "Dequeued"
      }
    },
    {
      "RequestUri": "https://management.azure.com/subscriptions/db1ab6f0-4769-4b27-930e-01e2ef9c123c/providers/Microsoft.DocumentDB/locations/westus2/operationsStatus/7b8b1976-a8cd-413e-a9f4-bc90d2bd1aae?api-version=2021-06-15",
      "RequestMethod": "GET",
      "RequestHeaders": {
        "Authorization": "Sanitized",
        "User-Agent": "azsdk-net-ResourceManager/1.0.0-alpha.20211203.1 (.NET Framework 4.8.4420.0; Microsoft Windows 10.0.22000 )",
        "x-ms-client-request-id": "c2ed2df0e3452fd565a7e098f90665cd",
        "x-ms-return-client-request-id": "true"
      },
      "RequestBody": null,
      "StatusCode": 200,
      "ResponseHeaders": {
        "Cache-Control": [
          "no-store",
          "no-cache"
        ],
        "Content-Length": "21",
        "Content-Type": "application/json",
        "Date": "Fri, 03 Dec 2021 12:14:55 GMT",
        "Pragma": "no-cache",
        "Server": "Microsoft-HTTPAPI/2.0",
        "Strict-Transport-Security": "max-age=31536000; includeSubDomains",
        "X-Content-Type-Options": "nosniff",
        "x-ms-correlation-request-id": "61dac62f-7856-4ad7-9b89-b99d921f32ed",
        "x-ms-gatewayversion": "version=2.14.0",
        "x-ms-ratelimit-remaining-subscription-reads": "11954",
        "x-ms-request-id": "61dac62f-7856-4ad7-9b89-b99d921f32ed",
        "x-ms-routing-request-id": "EASTASIA:20211203T121456Z:61dac62f-7856-4ad7-9b89-b99d921f32ed"
      },
      "ResponseBody": {
        "status": "Dequeued"
      }
    },
    {
      "RequestUri": "https://management.azure.com/subscriptions/db1ab6f0-4769-4b27-930e-01e2ef9c123c/providers/Microsoft.DocumentDB/locations/westus2/operationsStatus/7b8b1976-a8cd-413e-a9f4-bc90d2bd1aae?api-version=2021-06-15",
      "RequestMethod": "GET",
      "RequestHeaders": {
        "Authorization": "Sanitized",
        "User-Agent": "azsdk-net-ResourceManager/1.0.0-alpha.20211203.1 (.NET Framework 4.8.4420.0; Microsoft Windows 10.0.22000 )",
        "x-ms-client-request-id": "1e5b72aead78f24108e95871dc9ed1b4",
        "x-ms-return-client-request-id": "true"
      },
      "RequestBody": null,
      "StatusCode": 200,
      "ResponseHeaders": {
        "Cache-Control": [
          "no-store",
          "no-cache"
        ],
        "Content-Length": "21",
        "Content-Type": "application/json",
        "Date": "Fri, 03 Dec 2021 12:14:57 GMT",
        "Pragma": "no-cache",
        "Server": "Microsoft-HTTPAPI/2.0",
        "Strict-Transport-Security": "max-age=31536000; includeSubDomains",
        "X-Content-Type-Options": "nosniff",
        "x-ms-correlation-request-id": "cb0da2dc-93d3-4363-b094-3f8e42fc6b20",
        "x-ms-gatewayversion": "version=2.14.0",
        "x-ms-ratelimit-remaining-subscription-reads": "11953",
        "x-ms-request-id": "cb0da2dc-93d3-4363-b094-3f8e42fc6b20",
        "x-ms-routing-request-id": "EASTASIA:20211203T121457Z:cb0da2dc-93d3-4363-b094-3f8e42fc6b20"
      },
      "ResponseBody": {
        "status": "Dequeued"
      }
    },
    {
      "RequestUri": "https://management.azure.com/subscriptions/db1ab6f0-4769-4b27-930e-01e2ef9c123c/providers/Microsoft.DocumentDB/locations/westus2/operationsStatus/7b8b1976-a8cd-413e-a9f4-bc90d2bd1aae?api-version=2021-06-15",
      "RequestMethod": "GET",
      "RequestHeaders": {
        "Authorization": "Sanitized",
        "User-Agent": "azsdk-net-ResourceManager/1.0.0-alpha.20211203.1 (.NET Framework 4.8.4420.0; Microsoft Windows 10.0.22000 )",
        "x-ms-client-request-id": "cdf1ba33cb6980cac45ae74c180263a2",
        "x-ms-return-client-request-id": "true"
      },
      "RequestBody": null,
      "StatusCode": 200,
      "ResponseHeaders": {
        "Cache-Control": [
          "no-store",
          "no-cache"
        ],
        "Content-Length": "21",
        "Content-Type": "application/json",
        "Date": "Fri, 03 Dec 2021 12:14:58 GMT",
        "Pragma": "no-cache",
        "Server": "Microsoft-HTTPAPI/2.0",
        "Strict-Transport-Security": "max-age=31536000; includeSubDomains",
        "X-Content-Type-Options": "nosniff",
        "x-ms-correlation-request-id": "f53e7354-6e78-49b9-94f5-ab9ee9762fd3",
        "x-ms-gatewayversion": "version=2.14.0",
        "x-ms-ratelimit-remaining-subscription-reads": "11952",
        "x-ms-request-id": "f53e7354-6e78-49b9-94f5-ab9ee9762fd3",
        "x-ms-routing-request-id": "EASTASIA:20211203T121458Z:f53e7354-6e78-49b9-94f5-ab9ee9762fd3"
      },
      "ResponseBody": {
        "status": "Dequeued"
      }
    },
    {
      "RequestUri": "https://management.azure.com/subscriptions/db1ab6f0-4769-4b27-930e-01e2ef9c123c/providers/Microsoft.DocumentDB/locations/westus2/operationsStatus/7b8b1976-a8cd-413e-a9f4-bc90d2bd1aae?api-version=2021-06-15",
      "RequestMethod": "GET",
      "RequestHeaders": {
        "Authorization": "Sanitized",
        "User-Agent": "azsdk-net-ResourceManager/1.0.0-alpha.20211203.1 (.NET Framework 4.8.4420.0; Microsoft Windows 10.0.22000 )",
        "x-ms-client-request-id": "9a5d7b6dd3c94377ebfbba5b8a6352c6",
        "x-ms-return-client-request-id": "true"
      },
      "RequestBody": null,
      "StatusCode": 200,
      "ResponseHeaders": {
        "Cache-Control": [
          "no-store",
          "no-cache"
        ],
        "Content-Length": "21",
        "Content-Type": "application/json",
        "Date": "Fri, 03 Dec 2021 12:14:59 GMT",
        "Pragma": "no-cache",
        "Server": "Microsoft-HTTPAPI/2.0",
        "Strict-Transport-Security": "max-age=31536000; includeSubDomains",
        "X-Content-Type-Options": "nosniff",
        "x-ms-correlation-request-id": "fdaf0df1-ab51-4a1b-b5c8-d7c115cde5c9",
        "x-ms-gatewayversion": "version=2.14.0",
        "x-ms-ratelimit-remaining-subscription-reads": "11951",
        "x-ms-request-id": "fdaf0df1-ab51-4a1b-b5c8-d7c115cde5c9",
        "x-ms-routing-request-id": "EASTASIA:20211203T121459Z:fdaf0df1-ab51-4a1b-b5c8-d7c115cde5c9"
      },
      "ResponseBody": {
        "status": "Dequeued"
      }
    },
    {
      "RequestUri": "https://management.azure.com/subscriptions/db1ab6f0-4769-4b27-930e-01e2ef9c123c/providers/Microsoft.DocumentDB/locations/westus2/operationsStatus/7b8b1976-a8cd-413e-a9f4-bc90d2bd1aae?api-version=2021-06-15",
      "RequestMethod": "GET",
      "RequestHeaders": {
        "Authorization": "Sanitized",
        "User-Agent": "azsdk-net-ResourceManager/1.0.0-alpha.20211203.1 (.NET Framework 4.8.4420.0; Microsoft Windows 10.0.22000 )",
        "x-ms-client-request-id": "3f642cd69715e263a7da591ec5f5d905",
        "x-ms-return-client-request-id": "true"
      },
      "RequestBody": null,
      "StatusCode": 200,
      "ResponseHeaders": {
        "Cache-Control": [
          "no-store",
          "no-cache"
        ],
        "Content-Length": "21",
        "Content-Type": "application/json",
        "Date": "Fri, 03 Dec 2021 12:15:00 GMT",
        "Pragma": "no-cache",
        "Server": "Microsoft-HTTPAPI/2.0",
        "Strict-Transport-Security": "max-age=31536000; includeSubDomains",
        "X-Content-Type-Options": "nosniff",
        "x-ms-correlation-request-id": "8f0319ad-ad3d-43ca-aec5-4692f053db30",
        "x-ms-gatewayversion": "version=2.14.0",
        "x-ms-ratelimit-remaining-subscription-reads": "11950",
        "x-ms-request-id": "8f0319ad-ad3d-43ca-aec5-4692f053db30",
        "x-ms-routing-request-id": "EASTASIA:20211203T121500Z:8f0319ad-ad3d-43ca-aec5-4692f053db30"
      },
      "ResponseBody": {
        "status": "Dequeued"
      }
    },
    {
      "RequestUri": "https://management.azure.com/subscriptions/db1ab6f0-4769-4b27-930e-01e2ef9c123c/providers/Microsoft.DocumentDB/locations/westus2/operationsStatus/7b8b1976-a8cd-413e-a9f4-bc90d2bd1aae?api-version=2021-06-15",
      "RequestMethod": "GET",
      "RequestHeaders": {
        "Authorization": "Sanitized",
        "User-Agent": "azsdk-net-ResourceManager/1.0.0-alpha.20211203.1 (.NET Framework 4.8.4420.0; Microsoft Windows 10.0.22000 )",
        "x-ms-client-request-id": "6004b686364160ea42aee16e106ff561",
        "x-ms-return-client-request-id": "true"
      },
      "RequestBody": null,
      "StatusCode": 200,
      "ResponseHeaders": {
        "Cache-Control": [
          "no-store",
          "no-cache"
        ],
        "Content-Length": "21",
        "Content-Type": "application/json",
        "Date": "Fri, 03 Dec 2021 12:15:01 GMT",
        "Pragma": "no-cache",
        "Server": "Microsoft-HTTPAPI/2.0",
        "Strict-Transport-Security": "max-age=31536000; includeSubDomains",
        "X-Content-Type-Options": "nosniff",
        "x-ms-correlation-request-id": "94912884-73bb-40e1-ab61-5f72399a9c41",
        "x-ms-gatewayversion": "version=2.14.0",
        "x-ms-ratelimit-remaining-subscription-reads": "11949",
        "x-ms-request-id": "94912884-73bb-40e1-ab61-5f72399a9c41",
        "x-ms-routing-request-id": "EASTASIA:20211203T121501Z:94912884-73bb-40e1-ab61-5f72399a9c41"
      },
      "ResponseBody": {
        "status": "Dequeued"
      }
    },
    {
      "RequestUri": "https://management.azure.com/subscriptions/db1ab6f0-4769-4b27-930e-01e2ef9c123c/providers/Microsoft.DocumentDB/locations/westus2/operationsStatus/7b8b1976-a8cd-413e-a9f4-bc90d2bd1aae?api-version=2021-06-15",
      "RequestMethod": "GET",
      "RequestHeaders": {
        "Authorization": "Sanitized",
        "User-Agent": "azsdk-net-ResourceManager/1.0.0-alpha.20211203.1 (.NET Framework 4.8.4420.0; Microsoft Windows 10.0.22000 )",
        "x-ms-client-request-id": "ec762007239dd68d177af2ef79597df6",
        "x-ms-return-client-request-id": "true"
      },
      "RequestBody": null,
      "StatusCode": 200,
      "ResponseHeaders": {
        "Cache-Control": [
          "no-store",
          "no-cache"
        ],
        "Content-Length": "21",
        "Content-Type": "application/json",
        "Date": "Fri, 03 Dec 2021 12:15:02 GMT",
        "Pragma": "no-cache",
        "Server": "Microsoft-HTTPAPI/2.0",
        "Strict-Transport-Security": "max-age=31536000; includeSubDomains",
        "X-Content-Type-Options": "nosniff",
        "x-ms-correlation-request-id": "74b0ecf6-d2ad-4e88-90c4-4795ac9e62fe",
        "x-ms-gatewayversion": "version=2.14.0",
        "x-ms-ratelimit-remaining-subscription-reads": "11948",
        "x-ms-request-id": "74b0ecf6-d2ad-4e88-90c4-4795ac9e62fe",
        "x-ms-routing-request-id": "EASTASIA:20211203T121503Z:74b0ecf6-d2ad-4e88-90c4-4795ac9e62fe"
      },
      "ResponseBody": {
        "status": "Dequeued"
      }
    },
    {
      "RequestUri": "https://management.azure.com/subscriptions/db1ab6f0-4769-4b27-930e-01e2ef9c123c/providers/Microsoft.DocumentDB/locations/westus2/operationsStatus/7b8b1976-a8cd-413e-a9f4-bc90d2bd1aae?api-version=2021-06-15",
      "RequestMethod": "GET",
      "RequestHeaders": {
        "Authorization": "Sanitized",
        "User-Agent": "azsdk-net-ResourceManager/1.0.0-alpha.20211203.1 (.NET Framework 4.8.4420.0; Microsoft Windows 10.0.22000 )",
        "x-ms-client-request-id": "d4d4b421f25f9f854204fd67b5f5d237",
        "x-ms-return-client-request-id": "true"
      },
      "RequestBody": null,
      "StatusCode": 200,
      "ResponseHeaders": {
        "Cache-Control": [
          "no-store",
          "no-cache"
        ],
        "Content-Length": "22",
        "Content-Type": "application/json",
        "Date": "Fri, 03 Dec 2021 12:15:04 GMT",
        "Pragma": "no-cache",
        "Server": "Microsoft-HTTPAPI/2.0",
        "Strict-Transport-Security": "max-age=31536000; includeSubDomains",
        "X-Content-Type-Options": "nosniff",
        "x-ms-correlation-request-id": "bea23469-af33-4736-8bd4-2eb1afacfc0f",
        "x-ms-gatewayversion": "version=2.14.0",
        "x-ms-ratelimit-remaining-subscription-reads": "11947",
        "x-ms-request-id": "bea23469-af33-4736-8bd4-2eb1afacfc0f",
        "x-ms-routing-request-id": "EASTASIA:20211203T121504Z:bea23469-af33-4736-8bd4-2eb1afacfc0f"
      },
      "ResponseBody": {
        "status": "Succeeded"
      }
    },
    {
      "RequestUri": "https://management.azure.com/subscriptions/db1ab6f0-4769-4b27-930e-01e2ef9c123c/resourceGroups/dbaccount-6824/providers/Microsoft.DocumentDB/databaseAccounts/dbaccount-8602/sqlDatabases/sql-db-9943?api-version=2021-06-15",
      "RequestMethod": "GET",
      "RequestHeaders": {
        "Authorization": "Sanitized",
        "User-Agent": "azsdk-net-ResourceManager/1.0.0-alpha.20211203.1 (.NET Framework 4.8.4420.0; Microsoft Windows 10.0.22000 )",
        "x-ms-client-request-id": "a516f8e5ed7e6268282d48c643fbe6e8",
        "x-ms-return-client-request-id": "true"
      },
      "RequestBody": null,
      "StatusCode": 200,
      "ResponseHeaders": {
        "Cache-Control": [
          "no-store",
          "no-cache"
        ],
        "Content-Length": "452",
        "Content-Type": "application/json",
        "Date": "Fri, 03 Dec 2021 12:15:04 GMT",
        "Pragma": "no-cache",
        "Server": "Microsoft-HTTPAPI/2.0",
        "Strict-Transport-Security": "max-age=31536000; includeSubDomains",
        "X-Content-Type-Options": "nosniff",
        "x-ms-correlation-request-id": "8d292da5-e141-4499-bffb-f375d2044452",
        "x-ms-gatewayversion": "version=2.14.0",
        "x-ms-ratelimit-remaining-subscription-reads": "11946",
        "x-ms-request-id": "8d292da5-e141-4499-bffb-f375d2044452",
        "x-ms-routing-request-id": "EASTASIA:20211203T121504Z:8d292da5-e141-4499-bffb-f375d2044452"
      },
      "ResponseBody": {
        "id": "/subscriptions/db1ab6f0-4769-4b27-930e-01e2ef9c123c/resourceGroups/dbaccount-6824/providers/Microsoft.DocumentDB/databaseAccounts/dbaccount-8602/sqlDatabases/sql-db-9943",
        "type": "Microsoft.DocumentDB/databaseAccounts/sqlDatabases",
        "name": "sql-db-9943",
        "properties": {
          "resource": {
            "id": "sql-db-9943",
            "_rid": "LYVXAA==",
            "_self": "dbs/LYVXAA==/",
            "_etag": "\u002200002409-0000-0700-0000-61aa0a450000\u0022",
            "_colls": "colls/",
            "_users": "users/",
            "_ts": 1638533701
          }
        }
      }
    },
    {
      "RequestUri": "https://management.azure.com/subscriptions/db1ab6f0-4769-4b27-930e-01e2ef9c123c/resourceGroups/dbaccount-6824/providers/Microsoft.DocumentDB/databaseAccounts/dbaccount-8602/sqlDatabases/sql-db-9943/throughputSettings/default?api-version=2021-06-15",
      "RequestMethod": "GET",
      "RequestHeaders": {
        "Accept": "application/json",
        "Authorization": "Sanitized",
        "User-Agent": "azsdk-net-ResourceManager.CosmosDB/1.0.0-alpha.20211203.1 (.NET Framework 4.8.4420.0; Microsoft Windows 10.0.22000 )",
        "x-ms-client-request-id": "5c4ceb30219b15019bd6aa9825262122",
        "x-ms-return-client-request-id": "true"
      },
      "RequestBody": null,
      "StatusCode": 200,
      "ResponseHeaders": {
        "Cache-Control": [
          "no-store",
          "no-cache"
        ],
        "Content-Length": "369",
        "Content-Type": "application/json",
        "Date": "Fri, 03 Dec 2021 12:15:04 GMT",
        "Pragma": "no-cache",
        "Server": "Microsoft-HTTPAPI/2.0",
        "Strict-Transport-Security": "max-age=31536000; includeSubDomains",
        "X-Content-Type-Options": "nosniff",
        "x-ms-correlation-request-id": "eeffce14-e267-4176-befc-579dab0e7c61",
        "x-ms-gatewayversion": "version=2.14.0",
        "x-ms-ratelimit-remaining-subscription-reads": "11945",
        "x-ms-request-id": "eeffce14-e267-4176-befc-579dab0e7c61",
        "x-ms-routing-request-id": "EASTASIA:20211203T121505Z:eeffce14-e267-4176-befc-579dab0e7c61"
      },
      "ResponseBody": {
        "id": "/subscriptions/db1ab6f0-4769-4b27-930e-01e2ef9c123c/resourceGroups/dbaccount-6824/providers/Microsoft.DocumentDB/databaseAccounts/dbaccount-8602/sqlDatabases/sql-db-9943/throughputSettings/default",
        "type": "Microsoft.DocumentDB/databaseAccounts/sqlDatabases/throughputSettings",
        "name": "TQmP",
        "properties": {
          "resource": {
            "throughput": 700,
            "minimumThroughput": "400"
          }
        }
      }
    },
    {
      "RequestUri": "https://management.azure.com/subscriptions/db1ab6f0-4769-4b27-930e-01e2ef9c123c/resourceGroups/dbaccount-6824/providers/Microsoft.DocumentDB/databaseAccounts/dbaccount-8602/sqlDatabases/sql-db-9943/throughputSettings/default/migrateToAutoscale?api-version=2021-06-15",
      "RequestMethod": "POST",
      "RequestHeaders": {
        "Accept": "application/json",
        "Authorization": "Sanitized",
        "User-Agent": "azsdk-net-ResourceManager.CosmosDB/1.0.0-alpha.20211203.1 (.NET Framework 4.8.4420.0; Microsoft Windows 10.0.22000 )",
        "x-ms-client-request-id": "8109bba8d74234774b71ab31a9be5b47",
        "x-ms-return-client-request-id": "true"
      },
      "RequestBody": null,
      "StatusCode": 202,
      "ResponseHeaders": {
        "Azure-AsyncOperation": "https://management.azure.com/subscriptions/db1ab6f0-4769-4b27-930e-01e2ef9c123c/providers/Microsoft.DocumentDB/locations/westus2/operationsStatus/29a86620-a826-44a7-b195-d3561b81fee8?api-version=2021-06-15",
        "Cache-Control": [
          "no-store",
          "no-cache"
        ],
        "Content-Length": "21",
        "Content-Type": "application/json",
        "Date": "Fri, 03 Dec 2021 12:15:05 GMT",
        "Location": "https://management.azure.com/subscriptions/db1ab6f0-4769-4b27-930e-01e2ef9c123c/resourceGroups/dbaccount-6824/providers/Microsoft.DocumentDB/databaseAccounts/dbaccount-8602/sqlDatabases/sql-db-9943/throughputSettings/default/migrateToAutoscale/operationResults/29a86620-a826-44a7-b195-d3561b81fee8?api-version=2021-06-15",
        "Pragma": "no-cache",
        "Server": "Microsoft-HTTPAPI/2.0",
        "Strict-Transport-Security": "max-age=31536000; includeSubDomains",
        "X-Content-Type-Options": "nosniff",
        "x-ms-correlation-request-id": "569124c4-00fd-4130-91e7-800aafa56e89",
        "x-ms-gatewayversion": "version=2.14.0",
        "x-ms-ratelimit-remaining-subscription-writes": "1199",
        "x-ms-request-id": "29a86620-a826-44a7-b195-d3561b81fee8",
        "x-ms-routing-request-id": "EASTASIA:20211203T121505Z:569124c4-00fd-4130-91e7-800aafa56e89"
      },
      "ResponseBody": {
        "status": "Enqueued"
      }
    },
    {
      "RequestUri": "https://management.azure.com/subscriptions/db1ab6f0-4769-4b27-930e-01e2ef9c123c/providers/Microsoft.DocumentDB/locations/westus2/operationsStatus/29a86620-a826-44a7-b195-d3561b81fee8?api-version=2021-06-15",
      "RequestMethod": "GET",
      "RequestHeaders": {
        "Authorization": "Sanitized",
        "User-Agent": "azsdk-net-ResourceManager/1.0.0-alpha.20211203.1 (.NET Framework 4.8.4420.0; Microsoft Windows 10.0.22000 )",
        "x-ms-client-request-id": "881e260c65f159a57318102975cf6cdc",
        "x-ms-return-client-request-id": "true"
      },
      "RequestBody": null,
      "StatusCode": 200,
      "ResponseHeaders": {
        "Cache-Control": [
          "no-store",
          "no-cache"
        ],
        "Content-Length": "21",
        "Content-Type": "application/json",
        "Date": "Fri, 03 Dec 2021 12:15:05 GMT",
        "Pragma": "no-cache",
        "Server": "Microsoft-HTTPAPI/2.0",
        "Strict-Transport-Security": "max-age=31536000; includeSubDomains",
        "X-Content-Type-Options": "nosniff",
        "x-ms-correlation-request-id": "462ed453-0bc9-4cf1-a4fa-03918dfd1afe",
        "x-ms-gatewayversion": "version=2.14.0",
        "x-ms-ratelimit-remaining-subscription-reads": "11944",
        "x-ms-request-id": "462ed453-0bc9-4cf1-a4fa-03918dfd1afe",
        "x-ms-routing-request-id": "EASTASIA:20211203T121505Z:462ed453-0bc9-4cf1-a4fa-03918dfd1afe"
      },
      "ResponseBody": {
        "status": "Enqueued"
      }
    },
    {
      "RequestUri": "https://management.azure.com/subscriptions/db1ab6f0-4769-4b27-930e-01e2ef9c123c/providers/Microsoft.DocumentDB/locations/westus2/operationsStatus/29a86620-a826-44a7-b195-d3561b81fee8?api-version=2021-06-15",
      "RequestMethod": "GET",
      "RequestHeaders": {
        "Authorization": "Sanitized",
        "User-Agent": "azsdk-net-ResourceManager/1.0.0-alpha.20211203.1 (.NET Framework 4.8.4420.0; Microsoft Windows 10.0.22000 )",
        "x-ms-client-request-id": "107a627b57ef32791e458a41cdcff07b",
        "x-ms-return-client-request-id": "true"
      },
      "RequestBody": null,
      "StatusCode": 200,
      "ResponseHeaders": {
        "Cache-Control": [
          "no-store",
          "no-cache"
        ],
        "Content-Length": "21",
        "Content-Type": "application/json",
        "Date": "Fri, 03 Dec 2021 12:15:06 GMT",
        "Pragma": "no-cache",
        "Server": "Microsoft-HTTPAPI/2.0",
        "Strict-Transport-Security": "max-age=31536000; includeSubDomains",
        "X-Content-Type-Options": "nosniff",
        "x-ms-correlation-request-id": "ead87770-544f-45f8-919c-07f03f0be72b",
        "x-ms-gatewayversion": "version=2.14.0",
        "x-ms-ratelimit-remaining-subscription-reads": "11943",
        "x-ms-request-id": "ead87770-544f-45f8-919c-07f03f0be72b",
        "x-ms-routing-request-id": "EASTASIA:20211203T121507Z:ead87770-544f-45f8-919c-07f03f0be72b"
      },
      "ResponseBody": {
        "status": "Enqueued"
      }
    },
    {
      "RequestUri": "https://management.azure.com/subscriptions/db1ab6f0-4769-4b27-930e-01e2ef9c123c/providers/Microsoft.DocumentDB/locations/westus2/operationsStatus/29a86620-a826-44a7-b195-d3561b81fee8?api-version=2021-06-15",
      "RequestMethod": "GET",
      "RequestHeaders": {
        "Authorization": "Sanitized",
        "User-Agent": "azsdk-net-ResourceManager/1.0.0-alpha.20211203.1 (.NET Framework 4.8.4420.0; Microsoft Windows 10.0.22000 )",
        "x-ms-client-request-id": "8224a834d2a0b9556fdd569065724d27",
        "x-ms-return-client-request-id": "true"
      },
      "RequestBody": null,
      "StatusCode": 200,
      "ResponseHeaders": {
        "Cache-Control": [
          "no-store",
          "no-cache"
        ],
        "Content-Length": "21",
        "Content-Type": "application/json",
        "Date": "Fri, 03 Dec 2021 12:15:07 GMT",
        "Pragma": "no-cache",
        "Server": "Microsoft-HTTPAPI/2.0",
        "Strict-Transport-Security": "max-age=31536000; includeSubDomains",
        "X-Content-Type-Options": "nosniff",
        "x-ms-correlation-request-id": "2dedf007-d9bd-4a1e-97ea-121b1c120813",
        "x-ms-gatewayversion": "version=2.14.0",
        "x-ms-ratelimit-remaining-subscription-reads": "11942",
        "x-ms-request-id": "2dedf007-d9bd-4a1e-97ea-121b1c120813",
        "x-ms-routing-request-id": "EASTASIA:20211203T121508Z:2dedf007-d9bd-4a1e-97ea-121b1c120813"
      },
      "ResponseBody": {
        "status": "Enqueued"
      }
    },
    {
      "RequestUri": "https://management.azure.com/subscriptions/db1ab6f0-4769-4b27-930e-01e2ef9c123c/providers/Microsoft.DocumentDB/locations/westus2/operationsStatus/29a86620-a826-44a7-b195-d3561b81fee8?api-version=2021-06-15",
      "RequestMethod": "GET",
      "RequestHeaders": {
        "Authorization": "Sanitized",
        "User-Agent": "azsdk-net-ResourceManager/1.0.0-alpha.20211203.1 (.NET Framework 4.8.4420.0; Microsoft Windows 10.0.22000 )",
        "x-ms-client-request-id": "e02c2e952c55b513aceb69abdb648ba3",
        "x-ms-return-client-request-id": "true"
      },
      "RequestBody": null,
      "StatusCode": 200,
      "ResponseHeaders": {
        "Cache-Control": [
          "no-store",
          "no-cache"
        ],
        "Content-Length": "21",
        "Content-Type": "application/json",
        "Date": "Fri, 03 Dec 2021 12:15:09 GMT",
        "Pragma": "no-cache",
        "Server": "Microsoft-HTTPAPI/2.0",
        "Strict-Transport-Security": "max-age=31536000; includeSubDomains",
        "X-Content-Type-Options": "nosniff",
        "x-ms-correlation-request-id": "f6ef190d-5130-4401-a1b4-f1c081aaeb2e",
        "x-ms-gatewayversion": "version=2.14.0",
        "x-ms-ratelimit-remaining-subscription-reads": "11941",
        "x-ms-request-id": "f6ef190d-5130-4401-a1b4-f1c081aaeb2e",
        "x-ms-routing-request-id": "EASTASIA:20211203T121509Z:f6ef190d-5130-4401-a1b4-f1c081aaeb2e"
      },
      "ResponseBody": {
        "status": "Dequeued"
      }
    },
    {
      "RequestUri": "https://management.azure.com/subscriptions/db1ab6f0-4769-4b27-930e-01e2ef9c123c/providers/Microsoft.DocumentDB/locations/westus2/operationsStatus/29a86620-a826-44a7-b195-d3561b81fee8?api-version=2021-06-15",
      "RequestMethod": "GET",
      "RequestHeaders": {
        "Authorization": "Sanitized",
        "User-Agent": "azsdk-net-ResourceManager/1.0.0-alpha.20211203.1 (.NET Framework 4.8.4420.0; Microsoft Windows 10.0.22000 )",
        "x-ms-client-request-id": "ccf59427e9aba83b0dc1a01200e9ccac",
        "x-ms-return-client-request-id": "true"
      },
      "RequestBody": null,
      "StatusCode": 200,
      "ResponseHeaders": {
        "Cache-Control": [
          "no-store",
          "no-cache"
        ],
        "Content-Length": "21",
        "Content-Type": "application/json",
        "Date": "Fri, 03 Dec 2021 12:15:10 GMT",
        "Pragma": "no-cache",
        "Server": "Microsoft-HTTPAPI/2.0",
        "Strict-Transport-Security": "max-age=31536000; includeSubDomains",
        "X-Content-Type-Options": "nosniff",
        "x-ms-correlation-request-id": "32f7672b-1ee0-4bc4-9fde-717e90107a54",
        "x-ms-gatewayversion": "version=2.14.0",
        "x-ms-ratelimit-remaining-subscription-reads": "11940",
        "x-ms-request-id": "32f7672b-1ee0-4bc4-9fde-717e90107a54",
        "x-ms-routing-request-id": "EASTASIA:20211203T121510Z:32f7672b-1ee0-4bc4-9fde-717e90107a54"
      },
      "ResponseBody": {
        "status": "Dequeued"
      }
    },
    {
      "RequestUri": "https://management.azure.com/subscriptions/db1ab6f0-4769-4b27-930e-01e2ef9c123c/providers/Microsoft.DocumentDB/locations/westus2/operationsStatus/29a86620-a826-44a7-b195-d3561b81fee8?api-version=2021-06-15",
      "RequestMethod": "GET",
      "RequestHeaders": {
        "Authorization": "Sanitized",
        "User-Agent": "azsdk-net-ResourceManager/1.0.0-alpha.20211203.1 (.NET Framework 4.8.4420.0; Microsoft Windows 10.0.22000 )",
        "x-ms-client-request-id": "9fab63f710a20726956fd5b469aade0b",
        "x-ms-return-client-request-id": "true"
      },
      "RequestBody": null,
      "StatusCode": 200,
      "ResponseHeaders": {
        "Cache-Control": [
          "no-store",
          "no-cache"
        ],
        "Content-Length": "22",
        "Content-Type": "application/json",
        "Date": "Fri, 03 Dec 2021 12:15:11 GMT",
        "Pragma": "no-cache",
        "Server": "Microsoft-HTTPAPI/2.0",
        "Strict-Transport-Security": "max-age=31536000; includeSubDomains",
        "X-Content-Type-Options": "nosniff",
        "x-ms-correlation-request-id": "b969ca78-ced9-455b-9821-705d41a0b30c",
        "x-ms-gatewayversion": "version=2.14.0",
        "x-ms-ratelimit-remaining-subscription-reads": "11939",
        "x-ms-request-id": "b969ca78-ced9-455b-9821-705d41a0b30c",
        "x-ms-routing-request-id": "EASTASIA:20211203T121511Z:b969ca78-ced9-455b-9821-705d41a0b30c"
      },
      "ResponseBody": {
        "status": "Succeeded"
      }
    },
    {
      "RequestUri": "https://management.azure.com/subscriptions/db1ab6f0-4769-4b27-930e-01e2ef9c123c/resourceGroups/dbaccount-6824/providers/Microsoft.DocumentDB/databaseAccounts/dbaccount-8602/sqlDatabases/sql-db-9943/throughputSettings/default/migrateToAutoscale/operationResults/29a86620-a826-44a7-b195-d3561b81fee8?api-version=2021-06-15",
      "RequestMethod": "GET",
      "RequestHeaders": {
        "Authorization": "Sanitized",
        "User-Agent": "azsdk-net-ResourceManager/1.0.0-alpha.20211203.1 (.NET Framework 4.8.4420.0; Microsoft Windows 10.0.22000 )",
        "x-ms-client-request-id": "d168b351817dac7bf284d3948b00b5c3",
        "x-ms-return-client-request-id": "true"
      },
      "RequestBody": null,
      "StatusCode": 200,
      "ResponseHeaders": {
        "Cache-Control": [
          "no-store",
          "no-cache"
        ],
        "Content-Length": "451",
        "Content-Type": "application/json",
        "Date": "Fri, 03 Dec 2021 12:15:11 GMT",
        "Pragma": "no-cache",
        "Server": "Microsoft-HTTPAPI/2.0",
        "Strict-Transport-Security": "max-age=31536000; includeSubDomains",
        "X-Content-Type-Options": "nosniff",
        "x-ms-correlation-request-id": "011dd2fc-870e-4ecd-a8bd-b67ee9c77474",
        "x-ms-gatewayversion": "version=2.14.0",
        "x-ms-ratelimit-remaining-subscription-reads": "11938",
        "x-ms-request-id": "011dd2fc-870e-4ecd-a8bd-b67ee9c77474",
        "x-ms-routing-request-id": "EASTASIA:20211203T121512Z:011dd2fc-870e-4ecd-a8bd-b67ee9c77474"
      },
      "ResponseBody": {
        "id": "/subscriptions/db1ab6f0-4769-4b27-930e-01e2ef9c123c/resourceGroups/dbaccount-6824/providers/Microsoft.DocumentDB/databaseAccounts/dbaccount-8602/sqlDatabases/sql-db-9943/throughputSettings/default/migrateToAutoscale",
        "type": "Microsoft.DocumentDB/databaseAccounts/sqlDatabases/throughputSettings/migrateToAutoscale",
        "name": "TQmP",
        "properties": {
          "resource": {
            "throughput": 400,
            "autoscaleSettings": {
              "maxThroughput": 4000
            },
            "minimumThroughput": "4000"
          }
        }
      }
    },
    {
      "RequestUri": "https://management.azure.com/subscriptions/db1ab6f0-4769-4b27-930e-01e2ef9c123c/providers/Microsoft.DocumentDB/locations/westus2/operationsStatus/29a86620-a826-44a7-b195-d3561b81fee8?api-version=2021-06-15",
      "RequestMethod": "GET",
      "RequestHeaders": {
        "Authorization": "Sanitized",
        "User-Agent": "azsdk-net-ResourceManager/1.0.0-alpha.20211203.1 (.NET Framework 4.8.4420.0; Microsoft Windows 10.0.22000 )",
        "x-ms-client-request-id": "77b3bd1eecb917006eed373b13863f62",
        "x-ms-return-client-request-id": "true"
      },
      "RequestBody": null,
      "StatusCode": 200,
      "ResponseHeaders": {
        "Cache-Control": [
          "no-store",
          "no-cache"
        ],
        "Content-Length": "22",
        "Content-Type": "application/json",
        "Date": "Fri, 03 Dec 2021 12:15:12 GMT",
        "Pragma": "no-cache",
        "Server": "Microsoft-HTTPAPI/2.0",
        "Strict-Transport-Security": "max-age=31536000; includeSubDomains",
        "X-Content-Type-Options": "nosniff",
        "x-ms-correlation-request-id": "1834087d-d18f-4f5e-8ff5-595ebe37bd71",
        "x-ms-gatewayversion": "version=2.14.0",
        "x-ms-ratelimit-remaining-subscription-reads": "11937",
        "x-ms-request-id": "1834087d-d18f-4f5e-8ff5-595ebe37bd71",
        "x-ms-routing-request-id": "EASTASIA:20211203T121512Z:1834087d-d18f-4f5e-8ff5-595ebe37bd71"
      },
      "ResponseBody": {
        "status": "Succeeded"
      }
    },
    {
      "RequestUri": "https://management.azure.com/subscriptions/db1ab6f0-4769-4b27-930e-01e2ef9c123c/resourceGroups/dbaccount-6824/providers/Microsoft.DocumentDB/databaseAccounts/dbaccount-8602/sqlDatabases/sql-db-9943/throughputSettings/default/migrateToAutoscale/operationResults/29a86620-a826-44a7-b195-d3561b81fee8?api-version=2021-06-15",
      "RequestMethod": "GET",
      "RequestHeaders": {
        "Authorization": "Sanitized",
        "User-Agent": "azsdk-net-ResourceManager/1.0.0-alpha.20211203.1 (.NET Framework 4.8.4420.0; Microsoft Windows 10.0.22000 )",
        "x-ms-client-request-id": "4dc095e2fb80762fe7feac1e3d917c95",
        "x-ms-return-client-request-id": "true"
      },
      "RequestBody": null,
      "StatusCode": 200,
      "ResponseHeaders": {
        "Cache-Control": [
          "no-store",
          "no-cache"
        ],
        "Content-Length": "451",
        "Content-Type": "application/json",
        "Date": "Fri, 03 Dec 2021 12:15:12 GMT",
        "Pragma": "no-cache",
        "Server": "Microsoft-HTTPAPI/2.0",
        "Strict-Transport-Security": "max-age=31536000; includeSubDomains",
        "X-Content-Type-Options": "nosniff",
        "x-ms-correlation-request-id": "1c581b15-cbaf-43c4-ba03-5a7a3dc19c1c",
        "x-ms-gatewayversion": "version=2.14.0",
        "x-ms-ratelimit-remaining-subscription-reads": "11936",
        "x-ms-request-id": "1c581b15-cbaf-43c4-ba03-5a7a3dc19c1c",
        "x-ms-routing-request-id": "EASTASIA:20211203T121512Z:1c581b15-cbaf-43c4-ba03-5a7a3dc19c1c"
      },
      "ResponseBody": {
        "id": "/subscriptions/db1ab6f0-4769-4b27-930e-01e2ef9c123c/resourceGroups/dbaccount-6824/providers/Microsoft.DocumentDB/databaseAccounts/dbaccount-8602/sqlDatabases/sql-db-9943/throughputSettings/default/migrateToAutoscale",
        "type": "Microsoft.DocumentDB/databaseAccounts/sqlDatabases/throughputSettings/migrateToAutoscale",
        "name": "TQmP",
        "properties": {
          "resource": {
            "throughput": 400,
            "autoscaleSettings": {
              "maxThroughput": 4000
            },
            "minimumThroughput": "4000"
          }
        }
      }
    },
    {
      "RequestUri": "https://management.azure.com/subscriptions/db1ab6f0-4769-4b27-930e-01e2ef9c123c/resourceGroups/dbaccount-6824/providers/Microsoft.DocumentDB/databaseAccounts/dbaccount-8602/sqlDatabases/sql-db-9943?api-version=2021-06-15",
      "RequestMethod": "GET",
      "RequestHeaders": {
        "Accept": "application/json",
        "Authorization": "Sanitized",
        "User-Agent": "azsdk-net-ResourceManager.CosmosDB/1.0.0-alpha.20211203.1 (.NET Framework 4.8.4420.0; Microsoft Windows 10.0.22000 )",
        "x-ms-client-request-id": "ab9611b966f66452b251628f4a40986c",
        "x-ms-return-client-request-id": "true"
      },
      "RequestBody": null,
      "StatusCode": 200,
      "ResponseHeaders": {
        "Cache-Control": [
          "no-store",
          "no-cache"
        ],
        "Content-Length": "452",
        "Content-Type": "application/json",
        "Date": "Fri, 03 Dec 2021 12:15:12 GMT",
        "Pragma": "no-cache",
        "Server": "Microsoft-HTTPAPI/2.0",
        "Strict-Transport-Security": "max-age=31536000; includeSubDomains",
        "X-Content-Type-Options": "nosniff",
        "x-ms-correlation-request-id": "a35b380d-ae31-43ed-af86-727804abfa81",
        "x-ms-gatewayversion": "version=2.14.0",
        "x-ms-ratelimit-remaining-subscription-reads": "11935",
        "x-ms-request-id": "a35b380d-ae31-43ed-af86-727804abfa81",
        "x-ms-routing-request-id": "EASTASIA:20211203T121512Z:a35b380d-ae31-43ed-af86-727804abfa81"
      },
      "ResponseBody": {
        "id": "/subscriptions/db1ab6f0-4769-4b27-930e-01e2ef9c123c/resourceGroups/dbaccount-6824/providers/Microsoft.DocumentDB/databaseAccounts/dbaccount-8602/sqlDatabases/sql-db-9943",
        "type": "Microsoft.DocumentDB/databaseAccounts/sqlDatabases",
        "name": "sql-db-9943",
        "properties": {
          "resource": {
            "id": "sql-db-9943",
            "_rid": "LYVXAA==",
            "_self": "dbs/LYVXAA==/",
            "_etag": "\u002200002409-0000-0700-0000-61aa0a450000\u0022",
            "_colls": "colls/",
            "_users": "users/",
            "_ts": 1638533701
          }
        }
      }
    },
    {
      "RequestUri": "https://management.azure.com/subscriptions/db1ab6f0-4769-4b27-930e-01e2ef9c123c/resourceGroups/dbaccount-6824/providers/Microsoft.DocumentDB/databaseAccounts/dbaccount-8602/sqlDatabases/sql-db-9943?api-version=2021-06-15",
      "RequestMethod": "DELETE",
      "RequestHeaders": {
        "Authorization": "Sanitized",
        "User-Agent": "azsdk-net-ResourceManager.CosmosDB/1.0.0-alpha.20211203.1 (.NET Framework 4.8.4420.0; Microsoft Windows 10.0.22000 )",
        "x-ms-client-request-id": "f6b17044684023428e3c90ba40e1d9dc",
        "x-ms-return-client-request-id": "true"
      },
      "RequestBody": null,
      "StatusCode": 202,
      "ResponseHeaders": {
        "Azure-AsyncOperation": "https://management.azure.com/subscriptions/db1ab6f0-4769-4b27-930e-01e2ef9c123c/providers/Microsoft.DocumentDB/locations/westus2/operationsStatus/6dc2f426-b3a8-4928-b97a-ed73c5ba9cf1?api-version=2021-06-15",
        "Cache-Control": [
          "no-store",
          "no-cache"
        ],
        "Content-Length": "21",
        "Content-Type": "application/json",
        "Date": "Fri, 03 Dec 2021 12:15:13 GMT",
        "Location": "https://management.azure.com/subscriptions/db1ab6f0-4769-4b27-930e-01e2ef9c123c/resourceGroups/dbaccount-6824/providers/Microsoft.DocumentDB/databaseAccounts/dbaccount-8602/sqlDatabases/sql-db-9943/operationResults/6dc2f426-b3a8-4928-b97a-ed73c5ba9cf1?api-version=2021-06-15",
        "Pragma": "no-cache",
        "Server": "Microsoft-HTTPAPI/2.0",
        "Strict-Transport-Security": "max-age=31536000; includeSubDomains",
        "X-Content-Type-Options": "nosniff",
        "x-ms-correlation-request-id": "fb8cccae-d7c7-42a8-8a8e-16d0e6726296",
        "x-ms-gatewayversion": "version=2.14.0",
        "x-ms-ratelimit-remaining-subscription-deletes": "14997",
        "x-ms-request-id": "6dc2f426-b3a8-4928-b97a-ed73c5ba9cf1",
        "x-ms-routing-request-id": "EASTASIA:20211203T121513Z:fb8cccae-d7c7-42a8-8a8e-16d0e6726296"
      },
      "ResponseBody": {
        "status": "Enqueued"
      }
    },
    {
      "RequestUri": "https://management.azure.com/subscriptions/db1ab6f0-4769-4b27-930e-01e2ef9c123c/providers/Microsoft.DocumentDB/locations/westus2/operationsStatus/6dc2f426-b3a8-4928-b97a-ed73c5ba9cf1?api-version=2021-06-15",
      "RequestMethod": "GET",
      "RequestHeaders": {
        "Authorization": "Sanitized",
        "User-Agent": "azsdk-net-ResourceManager/1.0.0-alpha.20211203.1 (.NET Framework 4.8.4420.0; Microsoft Windows 10.0.22000 )",
        "x-ms-client-request-id": "cdd9406686df5154cf731db9d59724d0",
        "x-ms-return-client-request-id": "true"
      },
      "RequestBody": null,
      "StatusCode": 200,
      "ResponseHeaders": {
        "Cache-Control": [
          "no-store",
          "no-cache"
        ],
        "Content-Length": "21",
        "Content-Type": "application/json",
        "Date": "Fri, 03 Dec 2021 12:15:13 GMT",
        "Pragma": "no-cache",
        "Server": "Microsoft-HTTPAPI/2.0",
        "Strict-Transport-Security": "max-age=31536000; includeSubDomains",
        "X-Content-Type-Options": "nosniff",
        "x-ms-correlation-request-id": "cc112638-83db-4f62-a286-5513938eabf1",
        "x-ms-gatewayversion": "version=2.14.0",
        "x-ms-ratelimit-remaining-subscription-reads": "11934",
        "x-ms-request-id": "cc112638-83db-4f62-a286-5513938eabf1",
        "x-ms-routing-request-id": "EASTASIA:20211203T121513Z:cc112638-83db-4f62-a286-5513938eabf1"
      },
      "ResponseBody": {
        "status": "Enqueued"
      }
    },
    {
      "RequestUri": "https://management.azure.com/subscriptions/db1ab6f0-4769-4b27-930e-01e2ef9c123c/providers/Microsoft.DocumentDB/locations/westus2/operationsStatus/6dc2f426-b3a8-4928-b97a-ed73c5ba9cf1?api-version=2021-06-15",
      "RequestMethod": "GET",
      "RequestHeaders": {
        "Authorization": "Sanitized",
        "User-Agent": "azsdk-net-ResourceManager/1.0.0-alpha.20211203.1 (.NET Framework 4.8.4420.0; Microsoft Windows 10.0.22000 )",
        "x-ms-client-request-id": "a81e867796beb17b0335b2e4cd138aee",
        "x-ms-return-client-request-id": "true"
      },
      "RequestBody": null,
      "StatusCode": 200,
      "ResponseHeaders": {
        "Cache-Control": [
          "no-store",
          "no-cache"
        ],
        "Content-Length": "21",
        "Content-Type": "application/json",
        "Date": "Fri, 03 Dec 2021 12:15:14 GMT",
        "Pragma": "no-cache",
        "Server": "Microsoft-HTTPAPI/2.0",
        "Strict-Transport-Security": "max-age=31536000; includeSubDomains",
        "X-Content-Type-Options": "nosniff",
        "x-ms-correlation-request-id": "7ccc703a-3910-48fd-8c57-2570d3e9ab1b",
        "x-ms-gatewayversion": "version=2.14.0",
        "x-ms-ratelimit-remaining-subscription-reads": "11933",
        "x-ms-request-id": "7ccc703a-3910-48fd-8c57-2570d3e9ab1b",
        "x-ms-routing-request-id": "EASTASIA:20211203T121514Z:7ccc703a-3910-48fd-8c57-2570d3e9ab1b"
      },
      "ResponseBody": {
        "status": "Enqueued"
      }
    },
    {
      "RequestUri": "https://management.azure.com/subscriptions/db1ab6f0-4769-4b27-930e-01e2ef9c123c/providers/Microsoft.DocumentDB/locations/westus2/operationsStatus/6dc2f426-b3a8-4928-b97a-ed73c5ba9cf1?api-version=2021-06-15",
      "RequestMethod": "GET",
      "RequestHeaders": {
        "Authorization": "Sanitized",
        "User-Agent": "azsdk-net-ResourceManager/1.0.0-alpha.20211203.1 (.NET Framework 4.8.4420.0; Microsoft Windows 10.0.22000 )",
        "x-ms-client-request-id": "0053e90f0c08eafd4c30327d76b2a6ab",
        "x-ms-return-client-request-id": "true"
      },
      "RequestBody": null,
      "StatusCode": 200,
      "ResponseHeaders": {
        "Cache-Control": [
          "no-store",
          "no-cache"
        ],
        "Content-Length": "21",
        "Content-Type": "application/json",
        "Date": "Fri, 03 Dec 2021 12:15:15 GMT",
        "Pragma": "no-cache",
        "Server": "Microsoft-HTTPAPI/2.0",
        "Strict-Transport-Security": "max-age=31536000; includeSubDomains",
        "X-Content-Type-Options": "nosniff",
        "x-ms-correlation-request-id": "d676a9eb-2de9-4841-b4c8-d3021e5ff45c",
        "x-ms-gatewayversion": "version=2.14.0",
        "x-ms-ratelimit-remaining-subscription-reads": "11932",
        "x-ms-request-id": "d676a9eb-2de9-4841-b4c8-d3021e5ff45c",
        "x-ms-routing-request-id": "EASTASIA:20211203T121515Z:d676a9eb-2de9-4841-b4c8-d3021e5ff45c"
      },
      "ResponseBody": {
        "status": "Enqueued"
      }
    },
    {
      "RequestUri": "https://management.azure.com/subscriptions/db1ab6f0-4769-4b27-930e-01e2ef9c123c/providers/Microsoft.DocumentDB/locations/westus2/operationsStatus/6dc2f426-b3a8-4928-b97a-ed73c5ba9cf1?api-version=2021-06-15",
      "RequestMethod": "GET",
      "RequestHeaders": {
        "Authorization": "Sanitized",
        "User-Agent": "azsdk-net-ResourceManager/1.0.0-alpha.20211203.1 (.NET Framework 4.8.4420.0; Microsoft Windows 10.0.22000 )",
        "x-ms-client-request-id": "12b7ca378480d0e9c428c9aad37084bb",
        "x-ms-return-client-request-id": "true"
      },
      "RequestBody": null,
      "StatusCode": 200,
      "ResponseHeaders": {
        "Cache-Control": [
          "no-store",
          "no-cache"
        ],
        "Content-Length": "21",
        "Content-Type": "application/json",
        "Date": "Fri, 03 Dec 2021 12:15:16 GMT",
        "Pragma": "no-cache",
        "Server": "Microsoft-HTTPAPI/2.0",
        "Strict-Transport-Security": "max-age=31536000; includeSubDomains",
        "X-Content-Type-Options": "nosniff",
        "x-ms-correlation-request-id": "13f0f99f-dcc6-4fb3-89a8-6efef1596572",
        "x-ms-gatewayversion": "version=2.14.0",
        "x-ms-ratelimit-remaining-subscription-reads": "11931",
        "x-ms-request-id": "13f0f99f-dcc6-4fb3-89a8-6efef1596572",
        "x-ms-routing-request-id": "EASTASIA:20211203T121517Z:13f0f99f-dcc6-4fb3-89a8-6efef1596572"
      },
      "ResponseBody": {
        "status": "Dequeued"
      }
    },
    {
      "RequestUri": "https://management.azure.com/subscriptions/db1ab6f0-4769-4b27-930e-01e2ef9c123c/providers/Microsoft.DocumentDB/locations/westus2/operationsStatus/6dc2f426-b3a8-4928-b97a-ed73c5ba9cf1?api-version=2021-06-15",
      "RequestMethod": "GET",
      "RequestHeaders": {
        "Authorization": "Sanitized",
        "User-Agent": "azsdk-net-ResourceManager/1.0.0-alpha.20211203.1 (.NET Framework 4.8.4420.0; Microsoft Windows 10.0.22000 )",
        "x-ms-client-request-id": "ecaa2ee824436bc888335b8d63fe3b51",
        "x-ms-return-client-request-id": "true"
      },
      "RequestBody": null,
      "StatusCode": 200,
      "ResponseHeaders": {
        "Cache-Control": [
          "no-store",
          "no-cache"
        ],
        "Content-Length": "21",
        "Content-Type": "application/json",
        "Date": "Fri, 03 Dec 2021 12:15:18 GMT",
        "Pragma": "no-cache",
        "Server": "Microsoft-HTTPAPI/2.0",
        "Strict-Transport-Security": "max-age=31536000; includeSubDomains",
        "X-Content-Type-Options": "nosniff",
        "x-ms-correlation-request-id": "0c77f704-da36-4c19-ac78-22f2a426b6fc",
        "x-ms-gatewayversion": "version=2.14.0",
        "x-ms-ratelimit-remaining-subscription-reads": "11930",
        "x-ms-request-id": "0c77f704-da36-4c19-ac78-22f2a426b6fc",
        "x-ms-routing-request-id": "EASTASIA:20211203T121518Z:0c77f704-da36-4c19-ac78-22f2a426b6fc"
      },
      "ResponseBody": {
        "status": "Dequeued"
      }
    },
    {
      "RequestUri": "https://management.azure.com/subscriptions/db1ab6f0-4769-4b27-930e-01e2ef9c123c/providers/Microsoft.DocumentDB/locations/westus2/operationsStatus/6dc2f426-b3a8-4928-b97a-ed73c5ba9cf1?api-version=2021-06-15",
      "RequestMethod": "GET",
      "RequestHeaders": {
        "Authorization": "Sanitized",
        "User-Agent": "azsdk-net-ResourceManager/1.0.0-alpha.20211203.1 (.NET Framework 4.8.4420.0; Microsoft Windows 10.0.22000 )",
        "x-ms-client-request-id": "02ac078e775b8b6d00833bdf425217dc",
        "x-ms-return-client-request-id": "true"
      },
      "RequestBody": null,
      "StatusCode": 200,
      "ResponseHeaders": {
        "Cache-Control": [
          "no-store",
          "no-cache"
        ],
        "Content-Length": "22",
        "Content-Type": "application/json",
        "Date": "Fri, 03 Dec 2021 12:15:19 GMT",
        "Pragma": "no-cache",
        "Server": "Microsoft-HTTPAPI/2.0",
        "Strict-Transport-Security": "max-age=31536000; includeSubDomains",
        "X-Content-Type-Options": "nosniff",
        "x-ms-correlation-request-id": "d580855e-757f-497c-9845-aa7fee473bdc",
        "x-ms-gatewayversion": "version=2.14.0",
        "x-ms-ratelimit-remaining-subscription-reads": "11929",
        "x-ms-request-id": "d580855e-757f-497c-9845-aa7fee473bdc",
        "x-ms-routing-request-id": "EASTASIA:20211203T121519Z:d580855e-757f-497c-9845-aa7fee473bdc"
      },
      "ResponseBody": {
        "status": "Succeeded"
      }
    }
  ],
  "Variables": {
    "RandomSeed": "1418266381",
    "RESOURCE_MANAGER_URL": null,
    "SUBSCRIPTION_ID": "db1ab6f0-4769-4b27-930e-01e2ef9c123c"
  }
}