{
  "Entries": [
    {
      "RequestUri": "/luis/api/v2.0/apps/741516ba-5148-4f5c-91cc-f25d10d3a22e/versions/0.1/prebuilts",
      "EncodedRequestUri": "L2x1aXMvYXBpL3YyLjAvYXBwcy83NDE1MTZiYS01MTQ4LTRmNWMtOTFjYy1mMjVkMTBkM2EyMmUvdmVyc2lvbnMvMC4xL3ByZWJ1aWx0cw==",
      "RequestMethod": "POST",
      "RequestBody": "[\r\n  \"datetimeV2\"\r\n]",
      "RequestHeaders": {
        "Ocp-Apim-Subscription-Key": [
          "00000000000000000000000000000000"
        ],
        "User-Agent": [
          "FxVersion/4.6.26614.01",
          "OSName/Windows",
          "OSVersion/Microsoft.Windows.10.0.17763.",
          "Microsoft.Azure.CognitiveServices.Language.LUIS.Authoring.LUISAuthoringClient/3.0.0.0"
        ],
        "Content-Type": [
          "application/json; charset=utf-8"
        ],
        "Content-Length": [
          "20"
        ]
      },
      "ResponseHeaders": {
        "Cache-Control": [
          "no-store, proxy-revalidate, no-cache, max-age=0, private"
        ],
        "Date": [
          "Wed, 13 Feb 2019 00:49:34 GMT"
        ],
        "Pragma": [
          "no-cache"
        ],
        "Apim-Request-Id": [
          "5001240d-0b49-4855-9d36-4d1e2e8f422d"
        ],
        "Request-Id": [
          "5001240d-0b49-4855-9d36-4d1e2e8f422d"
        ],
        "Strict-Transport-Security": [
          "max-age=31536000; includeSubDomains; preload"
        ],
        "Request-Context": [
          "appId=cid-v1:26a3540d-a02a-4998-a060-715488fd769b"
        ],
        "X-Content-Type-Options": [
          "nosniff"
        ],
        "X-Frame-Options": [
          "SAMEORIGIN"
        ],
        "Content-Length": [
          "132"
        ],
        "Content-Type": [
          "application/json; charset=utf-8"
        ]
      },
      "ResponseBody": "[\r\n  {\r\n    \"id\": \"4a954cbe-f363-4542-9500-641c9a32bbf9\",\r\n    \"name\": \"datetimeV2\",\r\n    \"typeId\": 2,\r\n    \"readableType\": \"Prebuilt Entity Extractor\",\r\n    \"roles\": []\r\n  }\r\n]",
      "StatusCode": 201
    },
    {
      "RequestUri": "/luis/api/v2.0/apps/741516ba-5148-4f5c-91cc-f25d10d3a22e/versions/0.1/compositeentities",
      "EncodedRequestUri": "L2x1aXMvYXBpL3YyLjAvYXBwcy83NDE1MTZiYS01MTQ4LTRmNWMtOTFjYy1mMjVkMTBkM2EyMmUvdmVyc2lvbnMvMC4xL2NvbXBvc2l0ZWVudGl0aWVz",
      "RequestMethod": "POST",
      "RequestBody": "{\r\n  \"children\": [\r\n    \"datetimeV2\"\r\n  ],\r\n  \"name\": \"CompositeTest\"\r\n}",
      "RequestHeaders": {
        "Ocp-Apim-Subscription-Key": [
          "00000000000000000000000000000000"
        ],
        "User-Agent": [
          "FxVersion/4.6.26614.01",
          "OSName/Windows",
          "OSVersion/Microsoft.Windows.10.0.17763.",
          "Microsoft.Azure.CognitiveServices.Language.LUIS.Authoring.LUISAuthoringClient/3.0.0.0"
        ],
        "Content-Type": [
          "application/json; charset=utf-8"
        ],
        "Content-Length": [
          "72"
        ]
      },
      "ResponseHeaders": {
        "Cache-Control": [
          "no-store, proxy-revalidate, no-cache, max-age=0, private"
        ],
        "Date": [
          "Wed, 13 Feb 2019 00:49:35 GMT"
        ],
        "Pragma": [
          "no-cache"
        ],
        "Location": [
          "https://westus.api.cognitive.microsoft.com/luis/api/v2.0/apps/741516ba-5148-4f5c-91cc-f25d10d3a22e/versions/0.1/compositeentities/9f3769aa-5b4a-44c3-9254-5e6df822a2b7"
        ],
        "Apim-Request-Id": [
          "88bda0f3-9706-43ab-adb8-087f8713bb05"
        ],
        "Request-Id": [
          "88bda0f3-9706-43ab-adb8-087f8713bb05"
        ],
        "Operation-Location": [
          "https://westus.api.cognitive.microsoft.com/luis/api/v2.0/apps/741516ba-5148-4f5c-91cc-f25d10d3a22e/versions/0.1/compositeentities/9f3769aa-5b4a-44c3-9254-5e6df822a2b7"
        ],
        "Strict-Transport-Security": [
          "max-age=31536000; includeSubDomains; preload"
        ],
        "Request-Context": [
          "appId=cid-v1:26a3540d-a02a-4998-a060-715488fd769b"
        ],
        "X-Content-Type-Options": [
          "nosniff"
        ],
        "X-Frame-Options": [
          "SAMEORIGIN"
        ],
        "Content-Length": [
          "38"
        ],
        "Content-Type": [
          "application/json; charset=utf-8"
        ]
      },
      "ResponseBody": "\"9f3769aa-5b4a-44c3-9254-5e6df822a2b7\"",
      "StatusCode": 201
    },
    {
      "RequestUri": "/luis/api/v2.0/apps/741516ba-5148-4f5c-91cc-f25d10d3a22e/versions/0.1/compositeentities?skip=0&take=100",
      "EncodedRequestUri": "L2x1aXMvYXBpL3YyLjAvYXBwcy83NDE1MTZiYS01MTQ4LTRmNWMtOTFjYy1mMjVkMTBkM2EyMmUvdmVyc2lvbnMvMC4xL2NvbXBvc2l0ZWVudGl0aWVzP3NraXA9MCZ0YWtlPTEwMA==",
      "RequestMethod": "GET",
      "RequestBody": "",
      "RequestHeaders": {
        "Ocp-Apim-Subscription-Key": [
          "00000000000000000000000000000000"
        ],
        "User-Agent": [
          "FxVersion/4.6.26614.01",
          "OSName/Windows",
          "OSVersion/Microsoft.Windows.10.0.17763.",
          "Microsoft.Azure.CognitiveServices.Language.LUIS.Authoring.LUISAuthoringClient/3.0.0.0"
        ]
      },
      "ResponseHeaders": {
        "Cache-Control": [
          "no-store, proxy-revalidate, no-cache, max-age=0, private"
        ],
        "Date": [
          "Wed, 13 Feb 2019 00:49:35 GMT"
        ],
        "Pragma": [
          "no-cache"
        ],
        "Apim-Request-Id": [
          "51ae1aaa-4a83-4702-b2ff-2a93376be6c7"
        ],
        "Request-Id": [
          "51ae1aaa-4a83-4702-b2ff-2a93376be6c7"
        ],
        "Strict-Transport-Security": [
          "max-age=31536000; includeSubDomains; preload"
        ],
        "Request-Context": [
          "appId=cid-v1:26a3540d-a02a-4998-a060-715488fd769b"
        ],
        "X-Content-Type-Options": [
          "nosniff"
        ],
        "X-Frame-Options": [
          "SAMEORIGIN"
        ],
        "Content-Length": [
          "215"
        ],
        "Content-Type": [
          "application/json; charset=utf-8"
        ]
      },
      "ResponseBody": "[\r\n  {\r\n    \"id\": \"9f3769aa-5b4a-44c3-9254-5e6df822a2b7\",\r\n    \"name\": \"CompositeTest\",\r\n    \"typeId\": 4,\r\n    \"readableType\": \"Composite Entity Extractor\",\r\n    \"children\": [\r\n      {\r\n        \"id\": \"4a954cbe-f363-4542-9500-641c9a32bbf9\",\r\n        \"name\": \"datetimeV2\"\r\n      }\r\n    ],\r\n    \"roles\": []\r\n  }\r\n]",
      "StatusCode": 200
    },
    {
      "RequestUri": "/luis/api/v2.0/apps/741516ba-5148-4f5c-91cc-f25d10d3a22e/versions/0.1/compositeentities/9f3769aa-5b4a-44c3-9254-5e6df822a2b7",
      "EncodedRequestUri": "L2x1aXMvYXBpL3YyLjAvYXBwcy83NDE1MTZiYS01MTQ4LTRmNWMtOTFjYy1mMjVkMTBkM2EyMmUvdmVyc2lvbnMvMC4xL2NvbXBvc2l0ZWVudGl0aWVzLzlmMzc2OWFhLTViNGEtNDRjMy05MjU0LTVlNmRmODIyYTJiNw==",
      "RequestMethod": "DELETE",
      "RequestBody": "",
      "RequestHeaders": {
        "Ocp-Apim-Subscription-Key": [
          "00000000000000000000000000000000"
        ],
        "User-Agent": [
          "FxVersion/4.6.26614.01",
          "OSName/Windows",
          "OSVersion/Microsoft.Windows.10.0.17763.",
          "Microsoft.Azure.CognitiveServices.Language.LUIS.Authoring.LUISAuthoringClient/3.0.0.0"
        ]
      },
      "ResponseHeaders": {
        "Cache-Control": [
          "no-store, proxy-revalidate, no-cache, max-age=0, private"
        ],
        "Date": [
          "Wed, 13 Feb 2019 00:49:35 GMT"
        ],
        "Pragma": [
          "no-cache"
        ],
        "Apim-Request-Id": [
          "678f318c-0612-4e71-9b51-b7c7944221ee"
        ],
        "Request-Id": [
          "678f318c-0612-4e71-9b51-b7c7944221ee"
        ],
        "Strict-Transport-Security": [
          "max-age=31536000; includeSubDomains; preload"
        ],
        "Request-Context": [
          "appId=cid-v1:26a3540d-a02a-4998-a060-715488fd769b"
        ],
        "X-Content-Type-Options": [
          "nosniff"
        ],
        "X-Frame-Options": [
          "SAMEORIGIN"
        ],
        "Content-Length": [
          "51"
        ],
        "Content-Type": [
          "application/json; charset=utf-8"
        ]
      },
      "ResponseBody": "{\r\n  \"code\": \"Success\",\r\n  \"message\": \"Operation Successful\"\r\n}",
      "StatusCode": 200
    },
    {
      "RequestUri": "/luis/api/v2.0/apps/741516ba-5148-4f5c-91cc-f25d10d3a22e/versions/0.1/prebuilts/4a954cbe-f363-4542-9500-641c9a32bbf9",
      "EncodedRequestUri": "L2x1aXMvYXBpL3YyLjAvYXBwcy83NDE1MTZiYS01MTQ4LTRmNWMtOTFjYy1mMjVkMTBkM2EyMmUvdmVyc2lvbnMvMC4xL3ByZWJ1aWx0cy80YTk1NGNiZS1mMzYzLTQ1NDItOTUwMC02NDFjOWEzMmJiZjk=",
      "RequestMethod": "DELETE",
      "RequestBody": "",
      "RequestHeaders": {
        "Ocp-Apim-Subscription-Key": [
          "00000000000000000000000000000000"
        ],
        "User-Agent": [
          "FxVersion/4.6.26614.01",
          "OSName/Windows",
          "OSVersion/Microsoft.Windows.10.0.17763.",
          "Microsoft.Azure.CognitiveServices.Language.LUIS.Authoring.LUISAuthoringClient/3.0.0.0"
        ]
      },
      "ResponseHeaders": {
        "Cache-Control": [
          "no-store, proxy-revalidate, no-cache, max-age=0, private"
        ],
        "Date": [
          "Wed, 13 Feb 2019 00:49:36 GMT"
        ],
        "Pragma": [
          "no-cache"
        ],
        "Apim-Request-Id": [
          "beafc649-2c0d-4e8d-a75f-6a5324f97cc8"
        ],
        "Request-Id": [
          "beafc649-2c0d-4e8d-a75f-6a5324f97cc8"
        ],
        "Strict-Transport-Security": [
          "max-age=31536000; includeSubDomains; preload"
        ],
        "Request-Context": [
          "appId=cid-v1:26a3540d-a02a-4998-a060-715488fd769b"
        ],
        "X-Content-Type-Options": [
          "nosniff"
        ],
        "X-Frame-Options": [
          "SAMEORIGIN"
        ],
        "Content-Length": [
          "51"
        ],
        "Content-Type": [
          "application/json; charset=utf-8"
        ]
      },
      "ResponseBody": "{\r\n  \"code\": \"Success\",\r\n  \"message\": \"Operation Successful\"\r\n}",
      "StatusCode": 200
    }
  ],
  "Names": {},
  "Variables": {}
}