{
  "Entries": [
    {
      "RequestUri": "/webhdfs/v1/SDKTestFolder01%2FSDKTestFile01.txt8908?op=CREATE&api-version=2015-10-01-preview",
      "EncodedRequestUri": "L3dlYmhkZnMvdjEvU0RLVGVzdEZvbGRlcjAxJTJGU0RLVGVzdEZpbGUwMS50eHQ4OTA4P29wPUNSRUFURSZhcGktdmVyc2lvbj0yMDE1LTEwLTAxLXByZXZpZXc=",
      "RequestMethod": "PUT",
      "RequestBody": "",
      "RequestHeaders": {
        "useragent": [
          "Azure SDK - Microsoft.Azure.Management.DataLake.StoreFileSystem 0.9.4-preview "
        ],
        "User-Agent": [
          "Azure",
          "SDK",
          "-",
          "Microsoft.Azure.Management.DataLake.StoreFileSystem",
          "0.9.4-preview"
        ]
      },
      "ResponseBody": "",
      "ResponseHeaders": {
        "Content-Length": [
          "0"
        ],
        "Expires": [
          "-1"
        ],
        "Pragma": [
          "no-cache"
        ],
        "x-ms-request-id": [
          "514b4e3b-c283-47b5-9980-ad939190fbae"
        ],
        "ContentLength": [
          "0"
        ],
        "Server-Perf": [
          "[514b4e3bc28347b59980ad939190fbae][ AuthTime::1764.23868930538::PostAuthTime::1217745.54674078 ][CREATE :: 00:00:000 ms]%0a"
        ],
        "X-Content-Type-Options": [
          "nosniff"
        ],
        "Strict-Transport-Security": [
          "max-age=15724800; includeSubDomains"
        ],
        "Cache-Control": [
          "no-cache"
        ],
        "Date": [
          "Thu, 12 Nov 2015 19:23:35 GMT"
        ],
        "Location": [
          "https://testadlfs12471.azuredatalakestore.net/webhdfs/v1/SDKTestFolder01/SDKTestFile01.txt8908?op=CREATE&api-version=2015-10-01-preview&write=true"
        ],
        "Set-Cookie": [
          "UserPrincipalSession=29097189-8f1a-44eb-a997-d7b5ac5001e5; path=/; secure; HttpOnly"
        ]
      },
      "StatusCode": 307
    },
    {
      "RequestUri": "/webhdfs/v1/SDKTestFolder01/SDKTestFile01.txt8908?op=CREATE&api-version=2015-10-01-preview&write=true",
      "EncodedRequestUri": "L3dlYmhkZnMvdjEvU0RLVGVzdEZvbGRlcjAxL1NES1Rlc3RGaWxlMDEudHh0ODkwOD9vcD1DUkVBVEUmYXBpLXZlcnNpb249MjAxNS0xMC0wMS1wcmV2aWV3JndyaXRlPXRydWU=",
      "RequestMethod": "PUT",
      "RequestBody": "These are some random test contents 1234!@",
      "RequestHeaders": {
        "Content-Type": [
          "application/octet-stream"
        ],
        "Content-Length": [
          "42"
        ],
        "Transfer-Encoding": [
          "chunked"
        ],
        "useragent": [
          "Azure SDK - Microsoft.Azure.Management.DataLake.StoreFileSystem 0.9.4-preview "
        ],
        "User-Agent": [
          "Azure",
          "SDK",
          "-",
          "Microsoft.Azure.Management.DataLake.StoreFileSystem",
          "0.9.4-preview"
        ]
      },
      "ResponseBody": "",
      "ResponseHeaders": {
        "Content-Length": [
          "0"
        ],
        "Expires": [
          "-1"
        ],
        "Pragma": [
          "no-cache"
        ],
        "x-ms-request-id": [
          "1d9249d8-b2b5-442e-b6a4-fda3afb43fdc"
        ],
        "ContentLength": [
          "0"
        ],
        "Server-Perf": [
          "[1d9249d8b2b5442eb6a4fda3afb43fdc][ AuthTime::819.034446065406::PostAuthTime::178.776187182945 ][Open :: 00:00:116 ms]%0a[Write :: 00:00:102 ms]%0a[FlushWrite :: 00:00:088 ms]%0a[CREATE :: 00:00:309 ms]%0a"
        ],
        "X-Content-Type-Options": [
          "nosniff"
        ],
        "Strict-Transport-Security": [
          "max-age=15724800; includeSubDomains"
        ],
        "Cache-Control": [
          "no-cache"
        ],
        "Date": [
          "Thu, 12 Nov 2015 19:23:35 GMT"
        ],
        "Location": [
          "https://testadlfs12471.azuredatalakestore.net/webhdfs/v1/SDKTestFolder01/SDKTestFile01.txt8908?op=CREATE&api-version=2015-10-01-preview&write=true"
        ]
      },
      "StatusCode": 201
    },
    {
      "RequestUri": "/webhdfs/v1/SDKTestFolder01%2FSDKTestFile01.txt8908?op=GETFILESTATUS&api-version=2015-10-01-preview",
      "EncodedRequestUri": "L3dlYmhkZnMvdjEvU0RLVGVzdEZvbGRlcjAxJTJGU0RLVGVzdEZpbGUwMS50eHQ4OTA4P29wPUdFVEZJTEVTVEFUVVMmYXBpLXZlcnNpb249MjAxNS0xMC0wMS1wcmV2aWV3",
      "RequestMethod": "GET",
      "RequestBody": "",
      "RequestHeaders": {
        "useragent": [
          "Azure SDK - Microsoft.Azure.Management.DataLake.StoreFileSystem 0.9.4-preview "
        ],
        "User-Agent": [
          "Azure",
          "SDK",
          "-",
          "Microsoft.Azure.Management.DataLake.StoreFileSystem",
          "0.9.4-preview"
        ]
      },
      "ResponseBody": "{\r\n  \"FileStatus\": {\r\n    \"length\": 42,\r\n    \"pathSuffix\": \"\",\r\n    \"type\": \"FILE\",\r\n    \"blockSize\": 268435456,\r\n    \"accessTime\": 1447356215753,\r\n    \"modificationTime\": 1447356216010,\r\n    \"replication\": 0,\r\n    \"permission\": \"777\",\r\n    \"owner\": \"NotSupportYet\",\r\n    \"group\": \"NotSupportYet\"\r\n  }\r\n}",
      "ResponseHeaders": {
        "Content-Length": [
          "223"
        ],
        "Content-Type": [
          "application/json; charset=utf-8"
        ],
        "Expires": [
          "-1"
        ],
        "Pragma": [
          "no-cache"
        ],
        "x-ms-request-id": [
          "4525c359-8bdd-4af8-93ca-ee0287be9f74"
        ],
        "Server-Perf": [
          "[4525c3598bdd4af893caee0287be9f74][ AuthTime::753.597229225715::PostAuthTime::169.794608401027 ][IsExist :: 00:00:000 ms]%0a[SS Response Process :: 00:00:000 ms]%0a[GETFILESTATUS :: 00:00:096 ms]%0a"
        ],
        "X-Content-Type-Options": [
          "nosniff"
        ],
        "Strict-Transport-Security": [
          "max-age=15724800; includeSubDomains"
        ],
        "Cache-Control": [
          "no-cache"
        ],
        "Date": [
          "Thu, 12 Nov 2015 19:23:35 GMT"
        ]
      },
      "StatusCode": 200
    },
    {
      "RequestUri": "/webhdfs/v1/SDKTestFolder01%2FSDKTestFile01.txt8908?op=GETFILESTATUS&api-version=2015-10-01-preview",
      "EncodedRequestUri": "L3dlYmhkZnMvdjEvU0RLVGVzdEZvbGRlcjAxJTJGU0RLVGVzdEZpbGUwMS50eHQ4OTA4P29wPUdFVEZJTEVTVEFUVVMmYXBpLXZlcnNpb249MjAxNS0xMC0wMS1wcmV2aWV3",
      "RequestMethod": "GET",
      "RequestBody": "",
      "RequestHeaders": {
        "useragent": [
          "Azure SDK - Microsoft.Azure.Management.DataLake.StoreFileSystem 0.9.4-preview "
        ],
        "User-Agent": [
          "Azure",
          "SDK",
          "-",
          "Microsoft.Azure.Management.DataLake.StoreFileSystem",
          "0.9.4-preview"
        ]
      },
      "ResponseBody": "{\r\n  \"RemoteException\": {\r\n    \"exception\": \"FileNotFoundException\",\r\n    \"message\": \"File/Folder does not exist: /SDKTestFolder01/SDKTestFile01.txt8908 [1623dc7541864f649ab8f5c99c8ed70a]\",\r\n    \"javaClassName\": \"java.io.FileNotFoundException\"\r\n  }\r\n}",
      "ResponseHeaders": {
        "Content-Length": [
          "219"
        ],
        "Content-Type": [
          "application/json; charset=utf-8"
        ],
        "Expires": [
          "-1"
        ],
        "Pragma": [
          "no-cache"
        ],
        "x-ms-request-id": [
          "1623dc75-4186-4f64-9ab8-f5c99c8ed70a"
        ],
        "Server-Perf": [
          "[1623dc7541864f649ab8f5c99c8ed70a][ AuthTime::744.187956216087::PostAuthTime::176.637716044393 ][IsExist :: 00:00:000 ms]%0a[SS Response Process :: 00:00:000 ms]%0a[GETFILESTATUS :: 00:00:057 ms]%0a"
        ],
        "X-Content-Type-Options": [
          "nosniff"
        ],
        "Strict-Transport-Security": [
          "max-age=15724800; includeSubDomains"
        ],
        "Cache-Control": [
          "no-cache"
        ],
        "Date": [
          "Thu, 12 Nov 2015 19:23:36 GMT"
        ]
      },
      "StatusCode": 404
    },
    {
      "RequestUri": "/webhdfs/v1/SDKTestFolder019866?op=MKDIRS&api-version=2015-10-01-preview",
      "EncodedRequestUri": "L3dlYmhkZnMvdjEvU0RLVGVzdEZvbGRlcjAxOTg2Nj9vcD1NS0RJUlMmYXBpLXZlcnNpb249MjAxNS0xMC0wMS1wcmV2aWV3",
      "RequestMethod": "PUT",
      "RequestBody": "",
      "RequestHeaders": {
        "useragent": [
          "Azure SDK - Microsoft.Azure.Management.DataLake.StoreFileSystem 0.9.4-preview "
        ],
        "User-Agent": [
          "Azure",
          "SDK",
          "-",
          "Microsoft.Azure.Management.DataLake.StoreFileSystem",
          "0.9.4-preview"
        ]
      },
      "ResponseBody": "{\r\n  \"boolean\": true\r\n}",
      "ResponseHeaders": {
        "Content-Length": [
          "16"
        ],
        "Content-Type": [
          "application/json; charset=utf-8"
        ],
        "Expires": [
          "-1"
        ],
        "Pragma": [
          "no-cache"
        ],
        "x-ms-request-id": [
          "dbccf575-8565-4e98-abda-272ab57a585c"
        ],
        "Server-Perf": [
          "[dbccf57585654e98abda272ab57a585c][ AuthTime::736.489460117299::PostAuthTime::174.499244905841 ][MKDIRS :: 00:00:057 ms]%0a"
        ],
        "X-Content-Type-Options": [
          "nosniff"
        ],
        "Strict-Transport-Security": [
          "max-age=15724800; includeSubDomains"
        ],
        "Cache-Control": [
          "no-cache"
        ],
        "Date": [
          "Thu, 12 Nov 2015 19:23:35 GMT"
        ]
      },
      "StatusCode": 200
    },
    {
      "RequestUri": "/webhdfs/v1/SDKTestFolder01%2FSDKTestFile01.txt8908?op=RENAME&destination=SDKTestFolder019866%2FSDKTestMoveFile01.txt&api-version=2015-10-01-preview",
      "EncodedRequestUri": "L3dlYmhkZnMvdjEvU0RLVGVzdEZvbGRlcjAxJTJGU0RLVGVzdEZpbGUwMS50eHQ4OTA4P29wPVJFTkFNRSZkZXN0aW5hdGlvbj1TREtUZXN0Rm9sZGVyMDE5ODY2JTJGU0RLVGVzdE1vdmVGaWxlMDEudHh0JmFwaS12ZXJzaW9uPTIwMTUtMTAtMDEtcHJldmlldw==",
      "RequestMethod": "PUT",
      "RequestBody": "",
      "RequestHeaders": {
        "useragent": [
          "Azure SDK - Microsoft.Azure.Management.DataLake.StoreFileSystem 0.9.4-preview "
        ],
        "User-Agent": [
          "Azure",
          "SDK",
          "-",
          "Microsoft.Azure.Management.DataLake.StoreFileSystem",
          "0.9.4-preview"
        ]
      },
      "ResponseBody": "{\r\n  \"boolean\": true\r\n}",
      "ResponseHeaders": {
        "Content-Length": [
          "16"
        ],
        "Content-Type": [
          "application/json; charset=utf-8"
        ],
        "Expires": [
          "-1"
        ],
        "Pragma": [
          "no-cache"
        ],
        "x-ms-request-id": [
          "9b78104c-dab1-4ef8-8663-64a4da510c48"
        ],
        "Server-Perf": [
          "[9b78104cdab14ef8866364a4da510c48][ AuthTime::835.286826718401::PostAuthTime::181.770046776918 ][IsExist :: 00:00:000 ms]%0a[SS Response Process :: 00:00:000 ms]%0a[CleanCacheRename :: 00:00:003 ms]%0a[RENAME :: 00:00:470 ms]%0a"
        ],
        "X-Content-Type-Options": [
          "nosniff"
        ],
        "Strict-Transport-Security": [
          "max-age=15724800; includeSubDomains"
        ],
        "Cache-Control": [
          "no-cache"
        ],
        "Date": [
          "Thu, 12 Nov 2015 19:23:36 GMT"
        ]
      },
      "StatusCode": 200
    },
    {
      "RequestUri": "/webhdfs/v1/SDKTestFolder019866%2FSDKTestMoveFile01.txt?op=GETFILESTATUS&api-version=2015-10-01-preview",
      "EncodedRequestUri": "L3dlYmhkZnMvdjEvU0RLVGVzdEZvbGRlcjAxOTg2NiUyRlNES1Rlc3RNb3ZlRmlsZTAxLnR4dD9vcD1HRVRGSUxFU1RBVFVTJmFwaS12ZXJzaW9uPTIwMTUtMTAtMDEtcHJldmlldw==",
      "RequestMethod": "GET",
      "RequestBody": "",
      "RequestHeaders": {
        "useragent": [
          "Azure SDK - Microsoft.Azure.Management.DataLake.StoreFileSystem 0.9.4-preview "
        ],
        "User-Agent": [
          "Azure",
          "SDK",
          "-",
          "Microsoft.Azure.Management.DataLake.StoreFileSystem",
          "0.9.4-preview"
        ]
      },
      "ResponseBody": "{\r\n  \"FileStatus\": {\r\n    \"length\": 42,\r\n    \"pathSuffix\": \"\",\r\n    \"type\": \"FILE\",\r\n    \"blockSize\": 268435456,\r\n    \"accessTime\": 1447356215753,\r\n    \"modificationTime\": 1447356216010,\r\n    \"replication\": 0,\r\n    \"permission\": \"777\",\r\n    \"owner\": \"NotSupportYet\",\r\n    \"group\": \"NotSupportYet\"\r\n  }\r\n}",
      "ResponseHeaders": {
        "Content-Length": [
          "223"
        ],
        "Content-Type": [
          "application/json; charset=utf-8"
        ],
        "Expires": [
          "-1"
        ],
        "Pragma": [
          "no-cache"
        ],
        "x-ms-request-id": [
          "e3823ef7-45b4-41de-aa78-c32fb3ed1892"
        ],
        "Server-Perf": [
          "[e3823ef745b441deaa78c32fb3ed1892][ AuthTime::788.240461670257::PostAuthTime::174.926939133551 ][IsExist :: 00:00:000 ms]%0a[SS Response Process :: 00:00:000 ms]%0a[GETFILESTATUS :: 00:00:043 ms]%0a"
        ],
        "X-Content-Type-Options": [
          "nosniff"
        ],
        "Strict-Transport-Security": [
          "max-age=15724800; includeSubDomains"
        ],
        "Cache-Control": [
          "no-cache"
        ],
        "Date": [
          "Thu, 12 Nov 2015 19:23:36 GMT"
        ]
      },
      "StatusCode": 200
    },
    {
      "RequestUri": "/webhdfs/v1/SDKTestFolder019866?op=RENAME&destination=SDKTestMoveFolder017844&api-version=2015-10-01-preview",
      "EncodedRequestUri": "L3dlYmhkZnMvdjEvU0RLVGVzdEZvbGRlcjAxOTg2Nj9vcD1SRU5BTUUmZGVzdGluYXRpb249U0RLVGVzdE1vdmVGb2xkZXIwMTc4NDQmYXBpLXZlcnNpb249MjAxNS0xMC0wMS1wcmV2aWV3",
      "RequestMethod": "PUT",
      "RequestBody": "",
      "RequestHeaders": {
        "useragent": [
          "Azure SDK - Microsoft.Azure.Management.DataLake.StoreFileSystem 0.9.4-preview "
        ],
        "User-Agent": [
          "Azure",
          "SDK",
          "-",
          "Microsoft.Azure.Management.DataLake.StoreFileSystem",
          "0.9.4-preview"
        ]
      },
      "ResponseBody": "{\r\n  \"boolean\": true\r\n}",
      "ResponseHeaders": {
        "Content-Length": [
          "16"
        ],
        "Content-Type": [
          "application/json; charset=utf-8"
        ],
        "Expires": [
          "-1"
        ],
        "Pragma": [
          "no-cache"
        ],
        "x-ms-request-id": [
          "8b9eee9a-aa93-48c1-a8f2-cb2788dda74d"
        ],
        "Server-Perf": [
          "[8b9eee9aaa9348c1a8f2cb2788dda74d][ AuthTime::1679.98292644643::PostAuthTime::34302.3601450568 ][IsExist :: 00:00:000 ms]%0a[SS Response Process :: 00:00:000 ms]%0a[CleanCacheRename :: 00:00:003 ms]%0a[RENAME :: 00:00:133 ms]%0a"
        ],
        "X-Content-Type-Options": [
          "nosniff"
        ],
        "Strict-Transport-Security": [
          "max-age=15724800; includeSubDomains"
        ],
        "Cache-Control": [
          "no-cache"
        ],
        "Date": [
          "Thu, 12 Nov 2015 19:23:36 GMT"
        ],
        "Set-Cookie": [
          "UserPrincipalSession=29097189-8f1a-44eb-a997-d7b5ac5001e5; path=/; secure; HttpOnly"
        ]
      },
      "StatusCode": 200
    },
    {
      "RequestUri": "/webhdfs/v1/SDKTestMoveFolder017844?op=GETFILESTATUS&api-version=2015-10-01-preview",
      "EncodedRequestUri": "L3dlYmhkZnMvdjEvU0RLVGVzdE1vdmVGb2xkZXIwMTc4NDQ/b3A9R0VURklMRVNUQVRVUyZhcGktdmVyc2lvbj0yMDE1LTEwLTAxLXByZXZpZXc=",
      "RequestMethod": "GET",
      "RequestBody": "",
      "RequestHeaders": {
        "useragent": [
          "Azure SDK - Microsoft.Azure.Management.DataLake.StoreFileSystem 0.9.4-preview "
        ],
        "User-Agent": [
          "Azure",
          "SDK",
          "-",
          "Microsoft.Azure.Management.DataLake.StoreFileSystem",
          "0.9.4-preview"
        ]
      },
      "ResponseBody": "{\r\n  \"FileStatus\": {\r\n    \"length\": 0,\r\n    \"pathSuffix\": \"\",\r\n    \"type\": \"DIRECTORY\",\r\n    \"blockSize\": 268435456,\r\n    \"accessTime\": 1447356216344,\r\n    \"modificationTime\": 1447356216765,\r\n    \"replication\": 0,\r\n    \"permission\": \"777\",\r\n    \"owner\": \"NotSupportYet\",\r\n    \"group\": \"NotSupportYet\"\r\n  }\r\n}",
      "ResponseHeaders": {
        "Content-Length": [
          "227"
        ],
        "Content-Type": [
          "application/json; charset=utf-8"
        ],
        "Expires": [
          "-1"
        ],
        "Pragma": [
          "no-cache"
        ],
        "x-ms-request-id": [
          "e1388c31-b867-45f1-8a10-9540978146f5"
        ],
        "Server-Perf": [
          "[e1388c31b86745f18a109540978146f5][ AuthTime::786.529684759416::PostAuthTime::186.902377509442 ][IsExist :: 00:00:000 ms]%0a[SS Response Process :: 00:00:000 ms]%0a[GETFILESTATUS :: 00:00:169 ms]%0a"
        ],
        "X-Content-Type-Options": [
          "nosniff"
        ],
        "Strict-Transport-Security": [
          "max-age=15724800; includeSubDomains"
        ],
        "Cache-Control": [
          "no-cache"
        ],
        "Date": [
          "Thu, 12 Nov 2015 19:23:36 GMT"
        ]
      },
      "StatusCode": 200
    },
    {
      "RequestUri": "/webhdfs/v1/SDKTestMoveFolder017844?op=LISTSTATUS&api-version=2015-10-01-preview",
      "EncodedRequestUri": "L3dlYmhkZnMvdjEvU0RLVGVzdE1vdmVGb2xkZXIwMTc4NDQ/b3A9TElTVFNUQVRVUyZhcGktdmVyc2lvbj0yMDE1LTEwLTAxLXByZXZpZXc=",
      "RequestMethod": "GET",
      "RequestBody": "",
      "RequestHeaders": {
        "useragent": [
          "Azure SDK - Microsoft.Azure.Management.DataLake.StoreFileSystem 0.9.4-preview "
        ],
        "User-Agent": [
          "Azure",
          "SDK",
          "-",
          "Microsoft.Azure.Management.DataLake.StoreFileSystem",
          "0.9.4-preview"
        ]
      },
      "ResponseBody": "{\r\n  \"FileStatuses\": {\r\n    \"FileStatus\": [\r\n      {\r\n        \"length\": 42,\r\n        \"pathSuffix\": \"SDKTestMoveFile01.txt\",\r\n        \"type\": \"FILE\",\r\n        \"blockSize\": 268435456,\r\n        \"accessTime\": 1447356215753,\r\n        \"modificationTime\": 1447356216010,\r\n        \"replication\": 0,\r\n        \"permission\": \"777\",\r\n        \"owner\": \"NotSupportYet\",\r\n        \"group\": \"NotSupportYet\"\r\n      }\r\n    ]\r\n  }\r\n}",
      "ResponseHeaders": {
        "Content-Length": [
          "263"
        ],
        "Content-Type": [
          "application/json; charset=utf-8"
        ],
        "Expires": [
          "-1"
        ],
        "Pragma": [
          "no-cache"
        ],
        "x-ms-request-id": [
          "e8ac6b98-47d4-416b-b4a5-9832a02ef87f"
        ],
        "Server-Perf": [
          "[e8ac6b9847d4416bb4a59832a02ef87f][ AuthTime::778.403494432918::PostAuthTime::175.354633361262 ][FsEnumerateDirectory :: 00:00:062 ms]%0a[ListDirectory :: 00:00:062 ms]%0a[LISTSTATUS :: 00:00:062 ms]%0a"
        ],
        "X-Content-Type-Options": [
          "nosniff"
        ],
        "Strict-Transport-Security": [
          "max-age=15724800; includeSubDomains"
        ],
        "Cache-Control": [
          "no-cache"
        ],
        "Date": [
          "Thu, 12 Nov 2015 19:23:38 GMT"
        ]
      },
      "StatusCode": 200
    },
    {
      "RequestUri": "/webhdfs/v1/SDKTestFolder019866?op=GETFILESTATUS&api-version=2015-10-01-preview",
      "EncodedRequestUri": "L3dlYmhkZnMvdjEvU0RLVGVzdEZvbGRlcjAxOTg2Nj9vcD1HRVRGSUxFU1RBVFVTJmFwaS12ZXJzaW9uPTIwMTUtMTAtMDEtcHJldmlldw==",
      "RequestMethod": "GET",
      "RequestBody": "",
      "RequestHeaders": {
        "useragent": [
          "Azure SDK - Microsoft.Azure.Management.DataLake.StoreFileSystem 0.9.4-preview "
        ],
        "User-Agent": [
          "Azure",
          "SDK",
          "-",
          "Microsoft.Azure.Management.DataLake.StoreFileSystem",
          "0.9.4-preview"
        ]
      },
      "ResponseBody": "{\r\n  \"RemoteException\": {\r\n    \"exception\": \"FileNotFoundException\",\r\n    \"message\": \"File/Folder does not exist: /SDKTestFolder019866 [d4dbc1e5bfe54e8cb1ef1030745cb626]\",\r\n    \"javaClassName\": \"java.io.FileNotFoundException\"\r\n  }\r\n}",
      "ResponseHeaders": {
        "Content-Length": [
          "201"
        ],
        "Content-Type": [
          "application/json; charset=utf-8"
        ],
        "Expires": [
          "-1"
        ],
        "Pragma": [
          "no-cache"
        ],
        "x-ms-request-id": [
          "d4dbc1e5-bfe5-4e8c-b1ef-1030745cb626"
        ],
        "Server-Perf": [
          "[d4dbc1e5bfe54e8cb1ef1030745cb626][ AuthTime::777.120411749787::PostAuthTime::189.468542875705 ][IsExist :: 00:00:000 ms]%0a[SS Response Process :: 00:00:000 ms]%0a[GETFILESTATUS :: 00:00:022 ms]%0a"
        ],
        "X-Content-Type-Options": [
          "nosniff"
        ],
        "Strict-Transport-Security": [
          "max-age=15724800; includeSubDomains"
        ],
        "Cache-Control": [
          "no-cache"
        ],
        "Date": [
          "Thu, 12 Nov 2015 19:23:38 GMT"
        ]
      },
      "StatusCode": 404
    }
  ],
  "Names": {
    "CreateFile": [
      "SDKTestFolder01/SDKTestFile01.txt8908"
    ],
    "CreateFolder": [
      "SDKTestFolder019866"
    ],
    "DataLakeStoreFileSystemMoveFileAndFolder": [
      "SDKTestMoveFolder017844"
    ]
  },
  "Variables": {
    "SubscriptionId": "46153750-fa3b-4140-bf57-8beb7d5c971a"
  }
}