{
  "Entries": [
    {
      "RequestUri": "/subscriptions/3ddc931e-3fed-40fd-8ea7-8e56fbfaa27f/resourceGroups/Api-Default1194/providers/Microsoft.ApiManagement/service/hydraapimservice7157/users?api-version=2014-02-14",
      "EncodedRequestUri": "L3N1YnNjcmlwdGlvbnMvM2RkYzkzMWUtM2ZlZC00MGZkLThlYTctOGU1NmZiZmFhMjdmL3Jlc291cmNlR3JvdXBzL0FwaS1EZWZhdWx0MTE5NC9wcm92aWRlcnMvTWljcm9zb2Z0LkFwaU1hbmFnZW1lbnQvc2VydmljZS9oeWRyYWFwaW1zZXJ2aWNlNzE1Ny91c2Vycz9hcGktdmVyc2lvbj0yMDE0LTAyLTE0",
      "RequestMethod": "GET",
      "RequestBody": "",
      "RequestHeaders": {
        "User-Agent": [
          "Microsoft.Azure.Management.ApiManagement.ApiManagementClient/2.0.0.0"
        ]
      },
      "ResponseBody": "{\r\n  \"value\": [\r\n    {\r\n      \"id\": \"/users/1\",\r\n      \"firstName\": \"Administrator\",\r\n      \"lastName\": \"\",\r\n      \"email\": \"foo@live.com\",\r\n      \"state\": \"active\",\r\n      \"registrationDate\": \"2016-04-19T01:33:33.653\",\r\n      \"note\": null,\r\n      \"identities\": [\r\n        {\r\n          \"provider\": \"Azure\",\r\n          \"id\": \"foo@live.com\"\r\n        }\r\n      ],\r\n      \"applications\": []\r\n    }\r\n  ],\r\n  \"count\": 1,\r\n  \"nextLink\": null\r\n}",
      "ResponseHeaders": {
        "Content-Length": [
          "268"
        ],
        "Content-Type": [
          "application/json; charset=utf-8"
        ],
        "Expires": [
          "-1"
        ],
        "Pragma": [
          "no-cache"
        ],
        "x-ms-request-id": [
          "5e1afd57-d302-4917-9fea-3bf25415b77a"
        ],
        "x-ms-ratelimit-remaining-subscription-reads": [
          "14998"
        ],
        "x-ms-correlation-request-id": [
          "e7824016-ad3f-47c3-b448-d70ea43f7f79"
        ],
        "x-ms-routing-request-id": [
          "CENTRALUS:20160419T015601Z:e7824016-ad3f-47c3-b448-d70ea43f7f79"
        ],
        "Strict-Transport-Security": [
          "max-age=31536000; includeSubDomains"
        ],
        "Cache-Control": [
          "no-cache"
        ],
        "Date": [
          "Tue, 19 Apr 2016 01:56:00 GMT"
        ],
        "Server": [
          "Microsoft-HTTPAPI/2.0"
        ]
      },
      "StatusCode": 200
    },
    {
      "RequestUri": "/subscriptions/3ddc931e-3fed-40fd-8ea7-8e56fbfaa27f/resourceGroups/Api-Default1194/providers/Microsoft.ApiManagement/service/hydraapimservice7157/users/1/subscriptions?api-version=2014-02-14",
      "EncodedRequestUri": "L3N1YnNjcmlwdGlvbnMvM2RkYzkzMWUtM2ZlZC00MGZkLThlYTctOGU1NmZiZmFhMjdmL3Jlc291cmNlR3JvdXBzL0FwaS1EZWZhdWx0MTE5NC9wcm92aWRlcnMvTWljcm9zb2Z0LkFwaU1hbmFnZW1lbnQvc2VydmljZS9oeWRyYWFwaW1zZXJ2aWNlNzE1Ny91c2Vycy8xL3N1YnNjcmlwdGlvbnM/YXBpLXZlcnNpb249MjAxNC0wMi0xNA==",
      "RequestMethod": "GET",
      "RequestBody": "",
      "RequestHeaders": {
        "User-Agent": [
          "Microsoft.Azure.Management.ApiManagement.ApiManagementClient/2.0.0.0"
        ]
      },
      "ResponseBody": "{\r\n  \"value\": [\r\n    {\r\n      \"id\": \"/subscriptions/57158aee97afa706c4070001\",\r\n      \"userId\": \"/users/1\",\r\n      \"productId\": \"/products/57158aee97afa706c4060001\",\r\n      \"name\": null,\r\n      \"state\": \"active\",\r\n      \"createdDate\": \"2016-04-19T01:33:34.62\",\r\n      \"startDate\": null,\r\n      \"expirationDate\": null,\r\n      \"endDate\": null,\r\n      \"notificationDate\": null,\r\n      \"primaryKey\": \"2e433015b370489c9e465956d1ccebb0\",\r\n      \"secondaryKey\": \"426d86dcb3934a6ba30fe125db3de450\",\r\n      \"stateComment\": null\r\n    },\r\n    {\r\n      \"id\": \"/subscriptions/57158aee97afa706c4070002\",\r\n      \"userId\": \"/users/1\",\r\n      \"productId\": \"/products/57158aee97afa706c4060002\",\r\n      \"name\": null,\r\n      \"state\": \"active\",\r\n      \"createdDate\": \"2016-04-19T01:33:34.703\",\r\n      \"startDate\": null,\r\n      \"expirationDate\": null,\r\n      \"endDate\": null,\r\n      \"notificationDate\": null,\r\n      \"primaryKey\": \"ef89b6c3553c49d2b094827dd2b1bec6\",\r\n      \"secondaryKey\": \"7ad10805ad474f1ba77884f4ea414ea8\",\r\n      \"stateComment\": null\r\n    }\r\n  ],\r\n  \"count\": 2,\r\n  \"nextLink\": null\r\n}",
      "ResponseHeaders": {
        "Content-Length": [
          "802"
        ],
        "Content-Type": [
          "application/json; charset=utf-8"
        ],
        "Expires": [
          "-1"
        ],
        "Pragma": [
          "no-cache"
        ],
        "x-ms-request-id": [
          "2969df4d-0a7d-4222-ab4a-b28164068eef"
        ],
        "x-ms-ratelimit-remaining-subscription-reads": [
          "14997"
        ],
        "x-ms-correlation-request-id": [
          "915343fd-9de7-4f32-b99d-7f97db281ac6"
        ],
        "x-ms-routing-request-id": [
          "CENTRALUS:20160419T015601Z:915343fd-9de7-4f32-b99d-7f97db281ac6"
        ],
        "Strict-Transport-Security": [
          "max-age=31536000; includeSubDomains"
        ],
        "Cache-Control": [
          "no-cache"
        ],
        "Date": [
          "Tue, 19 Apr 2016 01:56:00 GMT"
        ],
        "Server": [
          "Microsoft-HTTPAPI/2.0"
        ]
      },
      "StatusCode": 200
    },
    {
      "RequestUri": "/subscriptions/3ddc931e-3fed-40fd-8ea7-8e56fbfaa27f/resourceGroups/Api-Default1194/providers/Microsoft.ApiManagement/service/hydraapimservice7157/users/1/subscriptions?api-version=2014-02-14&$top=1",
      "EncodedRequestUri": "L3N1YnNjcmlwdGlvbnMvM2RkYzkzMWUtM2ZlZC00MGZkLThlYTctOGU1NmZiZmFhMjdmL3Jlc291cmNlR3JvdXBzL0FwaS1EZWZhdWx0MTE5NC9wcm92aWRlcnMvTWljcm9zb2Z0LkFwaU1hbmFnZW1lbnQvc2VydmljZS9oeWRyYWFwaW1zZXJ2aWNlNzE1Ny91c2Vycy8xL3N1YnNjcmlwdGlvbnM/YXBpLXZlcnNpb249MjAxNC0wMi0xNCYkdG9wPTE=",
      "RequestMethod": "GET",
      "RequestBody": "",
      "RequestHeaders": {
        "User-Agent": [
          "Microsoft.Azure.Management.ApiManagement.ApiManagementClient/2.0.0.0"
        ]
      },
      "ResponseBody": "{\r\n  \"value\": [\r\n    {\r\n      \"id\": \"/subscriptions/57158aee97afa706c4070001\",\r\n      \"userId\": \"/users/1\",\r\n      \"productId\": \"/products/57158aee97afa706c4060001\",\r\n      \"name\": null,\r\n      \"state\": \"active\",\r\n      \"createdDate\": \"2016-04-19T01:33:34.62\",\r\n      \"startDate\": null,\r\n      \"expirationDate\": null,\r\n      \"endDate\": null,\r\n      \"notificationDate\": null,\r\n      \"primaryKey\": \"2e433015b370489c9e465956d1ccebb0\",\r\n      \"secondaryKey\": \"426d86dcb3934a6ba30fe125db3de450\",\r\n      \"stateComment\": null\r\n    }\r\n  ],\r\n  \"count\": 2,\r\n  \"nextLink\": \"https://management.azure.com:443/subscriptions/3ddc931e-3fed-40fd-8ea7-8e56fbfaa27f/resourceGroups/Api-Default1194/providers/Microsoft.ApiManagement/service/hydraapimservice7157/users/1/subscriptions?api-version=2014-02-14&%24top=1&%24skip=1\"\r\n}",
      "ResponseHeaders": {
        "Content-Length": [
          "658"
        ],
        "Content-Type": [
          "application/json; charset=utf-8"
        ],
        "Expires": [
          "-1"
        ],
        "Pragma": [
          "no-cache"
        ],
        "x-ms-request-id": [
          "572cc322-c767-4ada-8625-90701c83270c"
        ],
        "x-ms-ratelimit-remaining-subscription-reads": [
          "14996"
        ],
        "x-ms-correlation-request-id": [
          "2b9404b4-d88c-4876-a9c1-764650bc3ba7"
        ],
        "x-ms-routing-request-id": [
          "CENTRALUS:20160419T015601Z:2b9404b4-d88c-4876-a9c1-764650bc3ba7"
        ],
        "Strict-Transport-Security": [
          "max-age=31536000; includeSubDomains"
        ],
        "Cache-Control": [
          "no-cache"
        ],
        "Date": [
          "Tue, 19 Apr 2016 01:56:00 GMT"
        ],
        "Server": [
          "Microsoft-HTTPAPI/2.0"
        ]
      },
      "StatusCode": 200
    },
    {
      "RequestUri": "/subscriptions/3ddc931e-3fed-40fd-8ea7-8e56fbfaa27f/resourceGroups/Api-Default1194/providers/Microsoft.ApiManagement/service/hydraapimservice7157/users/1/subscriptions?api-version=2014-02-14&%24top=1&%24skip=1",
      "EncodedRequestUri": "L3N1YnNjcmlwdGlvbnMvM2RkYzkzMWUtM2ZlZC00MGZkLThlYTctOGU1NmZiZmFhMjdmL3Jlc291cmNlR3JvdXBzL0FwaS1EZWZhdWx0MTE5NC9wcm92aWRlcnMvTWljcm9zb2Z0LkFwaU1hbmFnZW1lbnQvc2VydmljZS9oeWRyYWFwaW1zZXJ2aWNlNzE1Ny91c2Vycy8xL3N1YnNjcmlwdGlvbnM/YXBpLXZlcnNpb249MjAxNC0wMi0xNCYlMjR0b3A9MSYlMjRza2lwPTE=",
      "RequestMethod": "GET",
      "RequestBody": "",
      "RequestHeaders": {
        "User-Agent": [
          "Microsoft.Azure.Management.ApiManagement.ApiManagementClient/2.0.0.0"
        ]
      },
      "ResponseBody": "{\r\n  \"value\": [\r\n    {\r\n      \"id\": \"/subscriptions/57158aee97afa706c4070002\",\r\n      \"userId\": \"/users/1\",\r\n      \"productId\": \"/products/57158aee97afa706c4060002\",\r\n      \"name\": null,\r\n      \"state\": \"active\",\r\n      \"createdDate\": \"2016-04-19T01:33:34.703\",\r\n      \"startDate\": null,\r\n      \"expirationDate\": null,\r\n      \"endDate\": null,\r\n      \"notificationDate\": null,\r\n      \"primaryKey\": \"ef89b6c3553c49d2b094827dd2b1bec6\",\r\n      \"secondaryKey\": \"7ad10805ad474f1ba77884f4ea414ea8\",\r\n      \"stateComment\": null\r\n    }\r\n  ],\r\n  \"count\": 2,\r\n  \"nextLink\": null\r\n}",
      "ResponseHeaders": {
        "Content-Length": [
          "420"
        ],
        "Content-Type": [
          "application/json; charset=utf-8"
        ],
        "Expires": [
          "-1"
        ],
        "Pragma": [
          "no-cache"
        ],
        "x-ms-request-id": [
          "52e5fa07-b548-49c7-873b-47470a11af56"
        ],
        "x-ms-ratelimit-remaining-subscription-reads": [
          "14995"
        ],
        "x-ms-correlation-request-id": [
          "636892d6-f0bb-4742-bb2e-c5dafa1ce5d3"
        ],
        "x-ms-routing-request-id": [
          "CENTRALUS:20160419T015602Z:636892d6-f0bb-4742-bb2e-c5dafa1ce5d3"
        ],
        "Strict-Transport-Security": [
          "max-age=31536000; includeSubDomains"
        ],
        "Cache-Control": [
          "no-cache"
        ],
        "Date": [
          "Tue, 19 Apr 2016 01:56:01 GMT"
        ],
        "Server": [
          "Microsoft-HTTPAPI/2.0"
        ]
      },
      "StatusCode": 200
    }
  ],
  "Names": {},
  "Variables": {
    "SubscriptionId": "3ddc931e-3fed-40fd-8ea7-8e56fbfaa27f"
  }
}