{
  "Entries": [
    {
      "RequestUri": "https://js-metrics-advisor.cognitiveservices.azure.com/metricsadvisor/v1.0/hooks",
      "RequestMethod": "POST",
      "RequestHeaders": {
        "Accept": "application/json",
        "Content-Length": "92",
        "Content-Type": "application/json",
        "Ocp-Apim-Subscription-Key": "Sanitized",
        "traceparent": "00-26d204c876d0e744b4ca2faba7ed03e9-4499a29be483124d-00",
        "User-Agent": "azsdk-net-AI.MetricsAdvisor/1.0.0-alpha.20210604.1 (.NET Framework 4.8.4300.0; Microsoft Windows 10.0.19043 )",
        "x-api-key": "Sanitized",
        "x-ms-client-request-id": "6c2e4c3c49b1f0f9f6281f083be8def1",
        "x-ms-return-client-request-id": "true"
      },
      "RequestBody": {
        "hookParameter": {
          "toList": [
            "fake@email.com"
          ]
        },
        "hookType": "Email",
        "hookName": "hookVhcyeEA7"
      },
      "StatusCode": 201,
      "ResponseHeaders": {
        "apim-request-id": "6abf1bc0-2504-4588-b7ea-1a66a4492fea",
        "Content-Length": "0",
        "Date": "Fri, 04 Jun 2021 10:25:37 GMT",
        "Location": "https://js-metrics-advisor.cognitiveservices.azure.com/metricsadvisor/v1.0/hooks/98a5557d-c480-4ad0-b726-a1878df900c4",
        "Strict-Transport-Security": "max-age=31536000; includeSubDomains; preload",
        "x-content-type-options": "nosniff",
        "x-envoy-upstream-service-time": "702",
        "x-request-id": "6abf1bc0-2504-4588-b7ea-1a66a4492fea"
      },
      "ResponseBody": []
    },
    {
      "RequestUri": "https://js-metrics-advisor.cognitiveservices.azure.com/metricsadvisor/v1.0/hooks/98a5557d-c480-4ad0-b726-a1878df900c4",
      "RequestMethod": "GET",
      "RequestHeaders": {
        "Accept": "application/json",
        "Ocp-Apim-Subscription-Key": "Sanitized",
        "traceparent": "00-26d204c876d0e744b4ca2faba7ed03e9-f818150a1fc2944f-00",
        "User-Agent": "azsdk-net-AI.MetricsAdvisor/1.0.0-alpha.20210604.1 (.NET Framework 4.8.4300.0; Microsoft Windows 10.0.19043 )",
        "x-api-key": "Sanitized",
        "x-ms-client-request-id": "03ec1029e02f878bc06fdbc287833173",
        "x-ms-return-client-request-id": "true"
      },
      "RequestBody": null,
      "StatusCode": 200,
      "ResponseHeaders": {
        "apim-request-id": "260fbd95-3fc8-46a2-8c6f-3b06235d6d3d",
        "Content-Length": "204",
        "Content-Type": "application/json; charset=utf-8",
        "Date": "Fri, 04 Jun 2021 10:25:38 GMT",
        "Strict-Transport-Security": "max-age=31536000; includeSubDomains; preload",
        "x-content-type-options": "nosniff",
        "x-envoy-upstream-service-time": "169",
        "x-request-id": "260fbd95-3fc8-46a2-8c6f-3b06235d6d3d"
      },
      "ResponseBody": {
        "hookId": "98a5557d-c480-4ad0-b726-a1878df900c4",
        "hookName": "hookVhcyeEA7",
        "hookType": "Email",
        "externalLink": "",
        "description": "",
        "admins": [
          "foo@contoso.com"
        ],
        "hookParameter": {
          "toList": [
            "fake@email.com"
          ]
        }
      }
    },
    {
      "RequestUri": "https://js-metrics-advisor.cognitiveservices.azure.com/metricsadvisor/v1.0/hooks",
      "RequestMethod": "POST",
      "RequestHeaders": {
        "Accept": "application/json",
        "Content-Length": "92",
        "Content-Type": "application/json",
        "Ocp-Apim-Subscription-Key": "Sanitized",
        "traceparent": "00-9076f54b84d38643abe9413125b28271-c6099d713a0e4f49-00",
        "User-Agent": "azsdk-net-AI.MetricsAdvisor/1.0.0-alpha.20210604.1 (.NET Framework 4.8.4300.0; Microsoft Windows 10.0.19043 )",
        "x-api-key": "Sanitized",
        "x-ms-client-request-id": "15e82801f7d1f0ee5d870e895db36342",
        "x-ms-return-client-request-id": "true"
      },
      "RequestBody": {
        "hookParameter": {
          "toList": [
            "fake@email.com"
          ]
        },
        "hookType": "Email",
        "hookName": "hookgCRgOMal"
      },
      "StatusCode": 201,
      "ResponseHeaders": {
        "apim-request-id": "836ab3df-a395-4247-9041-173c4e399da7",
        "Content-Length": "0",
        "Date": "Fri, 04 Jun 2021 10:25:38 GMT",
        "Location": "https://js-metrics-advisor.cognitiveservices.azure.com/metricsadvisor/v1.0/hooks/846278d2-665c-4464-8626-5b14696afc12",
        "Strict-Transport-Security": "max-age=31536000; includeSubDomains; preload",
        "x-content-type-options": "nosniff",
        "x-envoy-upstream-service-time": "507",
        "x-request-id": "836ab3df-a395-4247-9041-173c4e399da7"
      },
      "ResponseBody": []
    },
    {
      "RequestUri": "https://js-metrics-advisor.cognitiveservices.azure.com/metricsadvisor/v1.0/hooks/846278d2-665c-4464-8626-5b14696afc12",
      "RequestMethod": "GET",
      "RequestHeaders": {
        "Accept": "application/json",
        "Ocp-Apim-Subscription-Key": "Sanitized",
        "traceparent": "00-9076f54b84d38643abe9413125b28271-99327483508e284b-00",
        "User-Agent": "azsdk-net-AI.MetricsAdvisor/1.0.0-alpha.20210604.1 (.NET Framework 4.8.4300.0; Microsoft Windows 10.0.19043 )",
        "x-api-key": "Sanitized",
        "x-ms-client-request-id": "097a556339675b8ac0a6ac426e376972",
        "x-ms-return-client-request-id": "true"
      },
      "RequestBody": null,
      "StatusCode": 200,
      "ResponseHeaders": {
        "apim-request-id": "49fabe54-e445-4fcb-a10e-8c968e90dd7b",
        "Content-Length": "204",
        "Content-Type": "application/json; charset=utf-8",
        "Date": "Fri, 04 Jun 2021 10:25:38 GMT",
        "Strict-Transport-Security": "max-age=31536000; includeSubDomains; preload",
        "x-content-type-options": "nosniff",
        "x-envoy-upstream-service-time": "170",
        "x-request-id": "49fabe54-e445-4fcb-a10e-8c968e90dd7b"
      },
      "ResponseBody": {
        "hookId": "846278d2-665c-4464-8626-5b14696afc12",
        "hookName": "hookgCRgOMal",
        "hookType": "Email",
        "externalLink": "",
        "description": "",
        "admins": [
          "foo@contoso.com"
        ],
        "hookParameter": {
          "toList": [
            "fake@email.com"
          ]
        }
      }
    },
    {
      "RequestUri": "https://js-metrics-advisor.cognitiveservices.azure.com/metricsadvisor/v1.0/alert/anomaly/configurations",
      "RequestMethod": "POST",
      "RequestHeaders": {
        "Accept": "application/json",
        "Content-Length": "596",
        "Content-Type": "application/json",
        "Ocp-Apim-Subscription-Key": "Sanitized",
        "traceparent": "00-90ef1f7c2670754ea9d4d69322a479a5-79605e0916e1394c-00",
        "User-Agent": "azsdk-net-AI.MetricsAdvisor/1.0.0-alpha.20210604.1 (.NET Framework 4.8.4300.0; Microsoft Windows 10.0.19043 )",
        "x-api-key": "Sanitized",
        "x-ms-client-request-id": "a7a6fb2102d10c2a0b995e3109270bc8",
        "x-ms-return-client-request-id": "true"
      },
      "RequestBody": {
        "name": "config3oyTAJJN",
        "description": "This hook was created to test the .NET client.",
        "hookIds": [
          "98a5557d-c480-4ad0-b726-a1878df900c4",
          "846278d2-665c-4464-8626-5b14696afc12"
        ],
        "metricAlertingConfigurations": [
          {
            "anomalyDetectionConfigurationId": "fb5a6ed6-2b9e-4b72-8b0c-0046ead1c15c",
            "anomalyScopeType": "All",
            "severityFilter": {
              "minAlertSeverity": "Low",
              "maxAlertSeverity": "Medium"
            },
            "snoozeFilter": {
              "autoSnooze": 12,
              "snoozeScope": "Series",
              "onlyForSuccessive": true
            },
            "valueFilter": {
              "lower": 10,
              "upper": 20,
              "direction": "Both",
              "metricId": "27e3015f-04fd-44ba-a20b-bc529a0aebae",
              "triggerForMissing": true
            }
          }
        ]
      },
      "StatusCode": 201,
      "ResponseHeaders": {
        "apim-request-id": "ed09349e-c4db-46fc-b3e3-0c1f6322535c",
        "Content-Length": "0",
        "Date": "Fri, 04 Jun 2021 10:25:39 GMT",
        "Location": "https://js-metrics-advisor.cognitiveservices.azure.com/metricsadvisor/v1.0/alert/anomaly/configurations/a55aab3e-74b3-4d77-8669-100603e5d0b8",
        "Strict-Transport-Security": "max-age=31536000; includeSubDomains; preload",
        "x-content-type-options": "nosniff",
        "x-envoy-upstream-service-time": "199",
        "x-request-id": "ed09349e-c4db-46fc-b3e3-0c1f6322535c"
      },
      "ResponseBody": []
    },
    {
      "RequestUri": "https://js-metrics-advisor.cognitiveservices.azure.com/metricsadvisor/v1.0/alert/anomaly/configurations/a55aab3e-74b3-4d77-8669-100603e5d0b8",
      "RequestMethod": "GET",
      "RequestHeaders": {
        "Accept": "application/json",
        "Ocp-Apim-Subscription-Key": "Sanitized",
        "traceparent": "00-90ef1f7c2670754ea9d4d69322a479a5-69f356156094b445-00",
        "User-Agent": "azsdk-net-AI.MetricsAdvisor/1.0.0-alpha.20210604.1 (.NET Framework 4.8.4300.0; Microsoft Windows 10.0.19043 )",
        "x-api-key": "Sanitized",
        "x-ms-client-request-id": "2b558d9dac4b25821e9c92b0ad504299",
        "x-ms-return-client-request-id": "true"
      },
      "RequestBody": null,
      "StatusCode": 200,
      "ResponseHeaders": {
        "apim-request-id": "7a70743f-84ef-405a-8f52-458181b48f3b",
        "Content-Length": "741",
        "Content-Type": "application/json; charset=utf-8",
        "Date": "Fri, 04 Jun 2021 10:25:39 GMT",
        "Strict-Transport-Security": "max-age=31536000; includeSubDomains; preload",
        "x-content-type-options": "nosniff",
        "x-envoy-upstream-service-time": "98",
        "x-request-id": "7a70743f-84ef-405a-8f52-458181b48f3b"
      },
      "ResponseBody": {
        "anomalyAlertingConfigurationId": "a55aab3e-74b3-4d77-8669-100603e5d0b8",
        "name": "config3oyTAJJN",
        "description": "This hook was created to test the .NET client.",
        "splitAlertByDimensions": [],
        "hookIds": [
          "846278d2-665c-4464-8626-5b14696afc12",
          "98a5557d-c480-4ad0-b726-a1878df900c4"
        ],
        "metricAlertingConfigurations": [
          {
            "anomalyDetectionConfigurationId": "fb5a6ed6-2b9e-4b72-8b0c-0046ead1c15c",
            "anomalyScopeType": "All",
            "negationOperation": false,
            "severityFilter": {
              "minAlertSeverity": "Low",
              "maxAlertSeverity": "Medium"
            },
            "snoozeFilter": {
              "autoSnooze": 12,
              "snoozeScope": "Series",
              "onlyForSuccessive": true
            },
            "valueFilter": {
              "lower": 10.0,
              "upper": 20.0,
              "direction": "Both",
              "metricId": "27e3015f-04fd-44ba-a20b-bc529a0aebae",
              "triggerForMissing": true,
              "type": "Value"
            }
          }
        ]
      }
    },
    {
      "RequestUri": "https://js-metrics-advisor.cognitiveservices.azure.com/metricsadvisor/v1.0/alert/anomaly/configurations/a55aab3e-74b3-4d77-8669-100603e5d0b8",
      "RequestMethod": "GET",
      "RequestHeaders": {
        "Accept": "application/json",
        "Ocp-Apim-Subscription-Key": "Sanitized",
        "traceparent": "00-810f85627e92ab48b5b83375223b8afc-878a1cd4c759e442-00",
        "User-Agent": "azsdk-net-AI.MetricsAdvisor/1.0.0-alpha.20210604.1 (.NET Framework 4.8.4300.0; Microsoft Windows 10.0.19043 )",
        "x-api-key": "Sanitized",
        "x-ms-client-request-id": "6be74936e292be8a7c9f36d4d83769cf",
        "x-ms-return-client-request-id": "true"
      },
      "RequestBody": null,
      "StatusCode": 200,
      "ResponseHeaders": {
        "apim-request-id": "df1f5aaf-00d6-4fad-bbe0-b1c8a374e2e6",
        "Content-Length": "741",
        "Content-Type": "application/json; charset=utf-8",
        "Date": "Fri, 04 Jun 2021 10:25:39 GMT",
        "Strict-Transport-Security": "max-age=31536000; includeSubDomains; preload",
        "x-content-type-options": "nosniff",
        "x-envoy-upstream-service-time": "100",
        "x-request-id": "df1f5aaf-00d6-4fad-bbe0-b1c8a374e2e6"
      },
      "ResponseBody": {
        "anomalyAlertingConfigurationId": "a55aab3e-74b3-4d77-8669-100603e5d0b8",
        "name": "config3oyTAJJN",
        "description": "This hook was created to test the .NET client.",
        "splitAlertByDimensions": [],
        "hookIds": [
          "846278d2-665c-4464-8626-5b14696afc12",
          "98a5557d-c480-4ad0-b726-a1878df900c4"
        ],
        "metricAlertingConfigurations": [
          {
            "anomalyDetectionConfigurationId": "fb5a6ed6-2b9e-4b72-8b0c-0046ead1c15c",
            "anomalyScopeType": "All",
            "negationOperation": false,
            "severityFilter": {
              "minAlertSeverity": "Low",
              "maxAlertSeverity": "Medium"
            },
            "snoozeFilter": {
              "autoSnooze": 12,
              "snoozeScope": "Series",
              "onlyForSuccessive": true
            },
            "valueFilter": {
              "lower": 10.0,
              "upper": 20.0,
              "direction": "Both",
              "metricId": "27e3015f-04fd-44ba-a20b-bc529a0aebae",
              "triggerForMissing": true,
              "type": "Value"
            }
          }
        ]
      }
    },
    {
      "RequestUri": "https://js-metrics-advisor.cognitiveservices.azure.com/metricsadvisor/v1.0/alert/anomaly/configurations/a55aab3e-74b3-4d77-8669-100603e5d0b8",
      "RequestMethod": "DELETE",
      "RequestHeaders": {
        "Accept": "application/json",
        "Ocp-Apim-Subscription-Key": "Sanitized",
        "traceparent": "00-365019093a0e954a85b532e57af73d80-6c4028c4051a9a48-00",
        "User-Agent": "azsdk-net-AI.MetricsAdvisor/1.0.0-alpha.20210604.1 (.NET Framework 4.8.4300.0; Microsoft Windows 10.0.19043 )",
        "x-api-key": "Sanitized",
        "x-ms-client-request-id": "72753ea1f37375e57980893570795fbb",
        "x-ms-return-client-request-id": "true"
      },
      "RequestBody": null,
      "StatusCode": 204,
      "ResponseHeaders": {
        "apim-request-id": "5e01baa4-9940-43bb-aef8-ca873e84baa9",
        "Content-Length": "0",
        "Date": "Fri, 04 Jun 2021 10:25:39 GMT",
        "Strict-Transport-Security": "max-age=31536000; includeSubDomains; preload",
        "x-content-type-options": "nosniff",
        "x-envoy-upstream-service-time": "144",
        "x-request-id": "5e01baa4-9940-43bb-aef8-ca873e84baa9"
      },
      "ResponseBody": []
    },
    {
      "RequestUri": "https://js-metrics-advisor.cognitiveservices.azure.com/metricsadvisor/v1.0/hooks/846278d2-665c-4464-8626-5b14696afc12",
      "RequestMethod": "DELETE",
      "RequestHeaders": {
        "Accept": "application/json",
        "Ocp-Apim-Subscription-Key": "Sanitized",
        "traceparent": "00-f5f4dec856f79a46894012db342fc29e-4931e05c01ce0546-00",
        "User-Agent": "azsdk-net-AI.MetricsAdvisor/1.0.0-alpha.20210604.1 (.NET Framework 4.8.4300.0; Microsoft Windows 10.0.19043 )",
        "x-api-key": "Sanitized",
        "x-ms-client-request-id": "c0fbc4569f40bb350297aeab76ad4de7",
        "x-ms-return-client-request-id": "true"
      },
      "RequestBody": null,
      "StatusCode": 204,
      "ResponseHeaders": {
        "apim-request-id": "02448a9d-3926-4c25-80c6-823a7ca93ba8",
        "Content-Length": "0",
        "Date": "Fri, 04 Jun 2021 10:25:39 GMT",
        "Strict-Transport-Security": "max-age=31536000; includeSubDomains; preload",
        "x-content-type-options": "nosniff",
        "x-envoy-upstream-service-time": "202",
        "x-request-id": "02448a9d-3926-4c25-80c6-823a7ca93ba8"
      },
      "ResponseBody": []
    },
    {
      "RequestUri": "https://js-metrics-advisor.cognitiveservices.azure.com/metricsadvisor/v1.0/hooks/98a5557d-c480-4ad0-b726-a1878df900c4",
      "RequestMethod": "DELETE",
      "RequestHeaders": {
        "Accept": "application/json",
        "Ocp-Apim-Subscription-Key": "Sanitized",
        "traceparent": "00-f782094c8929e442905b46e5d2f958f1-3fb25cfdf865b84f-00",
        "User-Agent": "azsdk-net-AI.MetricsAdvisor/1.0.0-alpha.20210604.1 (.NET Framework 4.8.4300.0; Microsoft Windows 10.0.19043 )",
        "x-api-key": "Sanitized",
        "x-ms-client-request-id": "6e0fc332cfda42266372f21258544e02",
        "x-ms-return-client-request-id": "true"
      },
      "RequestBody": null,
      "StatusCode": 204,
      "ResponseHeaders": {
        "apim-request-id": "2398b8ea-6a96-45c3-b880-f84586c1bec4",
        "Content-Length": "0",
        "Date": "Fri, 04 Jun 2021 10:25:39 GMT",
        "Strict-Transport-Security": "max-age=31536000; includeSubDomains; preload",
        "x-content-type-options": "nosniff",
        "x-envoy-upstream-service-time": "183",
        "x-request-id": "2398b8ea-6a96-45c3-b880-f84586c1bec4"
      },
      "ResponseBody": []
    }
  ],
  "Variables": {
    "METRICSADVISOR_ACCOUNT_NAME": "js-metrics-advisor",
    "METRICSADVISOR_ENDPOINT_SUFFIX": null,
    "METRICSADVISOR_PRIMARY_API_KEY": "Sanitized",
    "METRICSADVISOR_SUBSCRIPTION_KEY": "Sanitized",
    "RandomSeed": "1652686928"
  }
}