{
  "Entries": [
    {
      "RequestUri": "https://js-metrics-advisor.cognitiveservices.azure.com/metricsadvisor/v1.0/alert/anomaly/configurations",
      "RequestMethod": "POST",
      "RequestHeaders": {
        "Accept": "application/json",
        "Content-Length": "232",
        "Content-Type": "application/json",
        "Ocp-Apim-Subscription-Key": "Sanitized",
        "traceparent": "00-d337533e6d86e9419a7018d0709e2770-516217be549e354c-00",
        "User-Agent": [
          "azsdk-net-AI.MetricsAdvisor/1.0.0-alpha.20210205.1",
          "(.NET Core 4.6.29518.01; Microsoft Windows 10.0.19042 )"
        ],
        "x-api-key": "Sanitized",
        "x-ms-client-request-id": "bca4cb4e370f4adce81c5398b92e5b5e",
        "x-ms-return-client-request-id": "true"
      },
      "RequestBody": {
        "name": "configInSGyQiJ",
        "hookIds": [],
        "metricAlertingConfigurations": [
          {
            "anomalyDetectionConfigurationId": "fb5a6ed6-2b9e-4b72-8b0c-0046ead1c15c",
            "anomalyScopeType": "Dimension",
            "dimensionAnomalyScope": {
              "dimension": {
                "city": "Delhi"
              }
            }
          }
        ]
      },
      "StatusCode": 201,
      "ResponseHeaders": {
        "apim-request-id": "246a065c-82ed-42fc-832a-a7f269033bfc",
        "Content-Length": "0",
        "Date": "Fri, 05 Feb 2021 17:53:03 GMT",
        "Location": "https://js-metrics-advisor.cognitiveservices.azure.com/metricsadvisor/v1.0/alert/anomaly/configurations/1b2a291d-5ba4-4a67-a86f-d2a4ee319c2e",
        "Strict-Transport-Security": "max-age=31536000; includeSubDomains; preload",
        "X-Content-Type-Options": "nosniff",
        "x-envoy-upstream-service-time": "175",
        "X-Request-ID": "246a065c-82ed-42fc-832a-a7f269033bfc"
      },
      "ResponseBody": []
    },
    {
      "RequestUri": "https://js-metrics-advisor.cognitiveservices.azure.com/metricsadvisor/v1.0/alert/anomaly/configurations/1b2a291d-5ba4-4a67-a86f-d2a4ee319c2e",
      "RequestMethod": "GET",
      "RequestHeaders": {
        "Accept": "application/json",
        "Ocp-Apim-Subscription-Key": "Sanitized",
        "traceparent": "00-d337533e6d86e9419a7018d0709e2770-7d470e80cb8c334d-00",
        "User-Agent": [
          "azsdk-net-AI.MetricsAdvisor/1.0.0-alpha.20210205.1",
          "(.NET Core 4.6.29518.01; Microsoft Windows 10.0.19042 )"
        ],
        "x-api-key": "Sanitized",
        "x-ms-client-request-id": "11aca2138e4a4caac898e4954fa51a60",
        "x-ms-return-client-request-id": "true"
      },
      "RequestBody": null,
      "StatusCode": 200,
      "ResponseHeaders": {
        "apim-request-id": "c0374a7f-a73b-4fec-94fd-8ba211c52c40",
        "Content-Length": "347",
        "Content-Type": "application/json; charset=utf-8",
        "Date": "Fri, 05 Feb 2021 17:53:03 GMT",
        "Strict-Transport-Security": "max-age=31536000; includeSubDomains; preload",
        "X-Content-Type-Options": "nosniff",
        "x-envoy-upstream-service-time": "99",
        "X-Request-ID": "c0374a7f-a73b-4fec-94fd-8ba211c52c40"
      },
      "ResponseBody": {
        "anomalyAlertingConfigurationId": "1b2a291d-5ba4-4a67-a86f-d2a4ee319c2e",
        "name": "configInSGyQiJ",
        "description": "",
        "hookIds": [],
        "metricAlertingConfigurations": [
          {
            "anomalyDetectionConfigurationId": "fb5a6ed6-2b9e-4b72-8b0c-0046ead1c15c",
            "anomalyScopeType": "Dimension",
            "negationOperation": false,
            "dimensionAnomalyScope": {
              "dimension": {
                "city": "Delhi"
              }
            }
          }
        ]
      }
    },
    {
      "RequestUri": "https://js-metrics-advisor.cognitiveservices.azure.com/metricsadvisor/v1.0/alert/anomaly/configurations/1b2a291d-5ba4-4a67-a86f-d2a4ee319c2e",
      "RequestMethod": "GET",
      "RequestHeaders": {
        "Accept": "application/json",
        "Ocp-Apim-Subscription-Key": "Sanitized",
        "traceparent": "00-91e8716b34d63640866c6426c50ea57d-bacdca9fd528404e-00",
        "User-Agent": [
          "azsdk-net-AI.MetricsAdvisor/1.0.0-alpha.20210205.1",
          "(.NET Core 4.6.29518.01; Microsoft Windows 10.0.19042 )"
        ],
        "x-api-key": "Sanitized",
        "x-ms-client-request-id": "d490af8642c63bcb6ecca9046984fc4b",
        "x-ms-return-client-request-id": "true"
      },
      "RequestBody": null,
      "StatusCode": 200,
      "ResponseHeaders": {
        "apim-request-id": "9dafc9c6-eab3-4d46-8f8f-f7c7142ae6b7",
        "Content-Length": "347",
        "Content-Type": "application/json; charset=utf-8",
        "Date": "Fri, 05 Feb 2021 17:53:04 GMT",
        "Strict-Transport-Security": "max-age=31536000; includeSubDomains; preload",
        "X-Content-Type-Options": "nosniff",
        "x-envoy-upstream-service-time": "100",
        "X-Request-ID": "9dafc9c6-eab3-4d46-8f8f-f7c7142ae6b7"
      },
      "ResponseBody": {
        "anomalyAlertingConfigurationId": "1b2a291d-5ba4-4a67-a86f-d2a4ee319c2e",
        "name": "configInSGyQiJ",
        "description": "",
        "hookIds": [],
        "metricAlertingConfigurations": [
          {
            "anomalyDetectionConfigurationId": "fb5a6ed6-2b9e-4b72-8b0c-0046ead1c15c",
            "anomalyScopeType": "Dimension",
            "negationOperation": false,
            "dimensionAnomalyScope": {
              "dimension": {
                "city": "Delhi"
              }
            }
          }
        ]
      }
    },
    {
      "RequestUri": "https://js-metrics-advisor.cognitiveservices.azure.com/metricsadvisor/v1.0/alert/anomaly/configurations/1b2a291d-5ba4-4a67-a86f-d2a4ee319c2e",
      "RequestMethod": "DELETE",
      "RequestHeaders": {
        "Accept": "application/json",
        "Ocp-Apim-Subscription-Key": "Sanitized",
        "traceparent": "00-5b3b4bd6603f7c468ef88e1c368aae2f-595e381ea7c76047-00",
        "User-Agent": [
          "azsdk-net-AI.MetricsAdvisor/1.0.0-alpha.20210205.1",
          "(.NET Core 4.6.29518.01; Microsoft Windows 10.0.19042 )"
        ],
        "x-api-key": "Sanitized",
        "x-ms-client-request-id": "747754bc9be6bfea2158f3765346fa43",
        "x-ms-return-client-request-id": "true"
      },
      "RequestBody": null,
      "StatusCode": 204,
      "ResponseHeaders": {
        "apim-request-id": "832cb28c-513f-416f-a1d4-475f4baa1488",
        "Content-Length": "0",
        "Date": "Fri, 05 Feb 2021 17:53:04 GMT",
        "Strict-Transport-Security": "max-age=31536000; includeSubDomains; preload",
        "X-Content-Type-Options": "nosniff",
        "x-envoy-upstream-service-time": "111",
        "X-Request-ID": "832cb28c-513f-416f-a1d4-475f4baa1488"
      },
      "ResponseBody": []
    }
  ],
  "Variables": {
    "METRICSADVISOR_ACCOUNT_NAME": "js-metrics-advisor",
    "METRICSADVISOR_ENDPOINT_SUFFIX": null,
    "METRICSADVISOR_PRIMARY_API_KEY": "Sanitized",
    "METRICSADVISOR_SUBSCRIPTION_KEY": "Sanitized",
    "RandomSeed": "1397715374"
  }
}