{
  "Entries": [
    {
      "RequestUri": "https://js-metrics-advisor.cognitiveservices.azure.com/metricsadvisor/v1.0/dataFeeds",
      "RequestMethod": "POST",
      "RequestHeaders": {
        "Accept": "application/json",
        "Content-Length": "312",
        "Content-Type": "application/json",
        "Ocp-Apim-Subscription-Key": "Sanitized",
        "traceparent": "00-48d7ef71ae36244693132ac2fd066269-52001ae092fd4348-00",
        "User-Agent": "azsdk-net-AI.MetricsAdvisor/1.0.0-alpha.20210610.1 (.NET Framework 4.8.4300.0; Microsoft Windows 10.0.19043 )",
        "x-api-key": "Sanitized",
        "x-ms-client-request-id": "bca4cb4e370f4adce81c5398b92e5b5e",
        "x-ms-return-client-request-id": "true"
      },
      "RequestBody": {
        "dataSourceParameter": {
          "connectionString": "Sanitized",
          "query": "query"
        },
        "dataSourceType": "SqlServer",
        "dataFeedName": "dataFeedInSGyQiJ",
        "granularityName": "Daily",
        "metrics": [
          {
            "metricName": "metric"
          }
        ],
        "dimension": [
          {
            "dimensionName": "dimensionA"
          },
          {
            "dimensionName": "dimensionB"
          }
        ],
        "dataStartFrom": "2020-10-01T00:00:00Z"
      },
      "StatusCode": 201,
      "ResponseHeaders": {
        "apim-request-id": "520cdb7d-96a5-4569-97e0-6fd2a9303068",
        "Content-Length": "0",
        "Date": "Thu, 10 Jun 2021 18:39:36 GMT",
        "Location": "https://js-metrics-advisor.cognitiveservices.azure.com/metricsadvisor/v1.0/dataFeeds/73240286-3df6-4b36-a94f-1cc3325420a3",
        "Strict-Transport-Security": "max-age=31536000; includeSubDomains; preload",
        "x-content-type-options": "nosniff",
        "x-envoy-upstream-service-time": "402",
        "x-request-id": "520cdb7d-96a5-4569-97e0-6fd2a9303068"
      },
      "ResponseBody": []
    },
    {
      "RequestUri": "https://js-metrics-advisor.cognitiveservices.azure.com/metricsadvisor/v1.0/dataFeeds/73240286-3df6-4b36-a94f-1cc3325420a3",
      "RequestMethod": "GET",
      "RequestHeaders": {
        "Accept": "application/json",
        "Ocp-Apim-Subscription-Key": "Sanitized",
        "traceparent": "00-48d7ef71ae36244693132ac2fd066269-a38311121b6b9f45-00",
        "User-Agent": "azsdk-net-AI.MetricsAdvisor/1.0.0-alpha.20210610.1 (.NET Framework 4.8.4300.0; Microsoft Windows 10.0.19043 )",
        "x-api-key": "Sanitized",
        "x-ms-client-request-id": "11aca2138e4a4caac898e4954fa51a60",
        "x-ms-return-client-request-id": "true"
      },
      "RequestBody": null,
      "StatusCode": 200,
      "ResponseHeaders": {
        "apim-request-id": "1224a479-91d2-462d-9a4d-85cc00b63869",
        "Content-Length": "1010",
        "Content-Type": "application/json; charset=utf-8",
        "Date": "Thu, 10 Jun 2021 18:39:36 GMT",
        "Strict-Transport-Security": "max-age=31536000; includeSubDomains; preload",
        "x-content-type-options": "nosniff",
        "x-envoy-upstream-service-time": "185",
        "x-request-id": "1224a479-91d2-462d-9a4d-85cc00b63869"
      },
      "ResponseBody": {
        "dataFeedId": "73240286-3df6-4b36-a94f-1cc3325420a3",
        "dataFeedName": "dataFeedInSGyQiJ",
        "metrics": [
          {
            "metricId": "face4346-74a0-4bf2-8804-f21d863735a8",
            "metricName": "metric",
            "metricDisplayName": "metric",
            "metricDescription": ""
          }
        ],
        "dimension": [
          {
            "dimensionName": "dimensionA",
            "dimensionDisplayName": "dimensionA"
          },
          {
            "dimensionName": "dimensionB",
            "dimensionDisplayName": "dimensionB"
          }
        ],
        "dataStartFrom": "2020-10-01T00:00:00Z",
        "dataSourceType": "SqlServer",
        "timestampColumn": "",
        "startOffsetInSeconds": 0,
        "maxQueryPerMinute": 30.0,
        "granularityName": "Daily",
        "needRollup": "NoRollup",
        "fillMissingPointType": "PreviousValue",
        "fillMissingPointValue": 0.0,
        "rollUpMethod": "None",
        "dataFeedDescription": "",
        "stopRetryAfterInSeconds": -1,
        "minRetryIntervalInSeconds": -1,
        "maxConcurrency": -1,
        "viewMode": "Private",
        "admins": [
          "foo@contoso.com"
        ],
        "viewers": [],
        "creator": "foo@contoso.com",
        "status": "Active",
        "createdTime": "2021-06-10T18:39:37Z",
        "isAdmin": true,
        "actionLinkTemplate": "",
        "dataSourceParameter": {
          "query": "query"
        },
        "authenticationType": "Basic"
      }
    },
    {
      "RequestUri": "https://js-metrics-advisor.cognitiveservices.azure.com/metricsadvisor/v1.0/enrichment/anomalyDetection/configurations",
      "RequestMethod": "POST",
      "RequestHeaders": {
        "Accept": "application/json",
        "Content-Length": "229",
        "Content-Type": "application/json",
        "Ocp-Apim-Subscription-Key": "Sanitized",
        "traceparent": "00-7b94b58117bff846b59f44e5d819557d-9780a3548209064c-00",
        "User-Agent": "azsdk-net-AI.MetricsAdvisor/1.0.0-alpha.20210610.1 (.NET Framework 4.8.4300.0; Microsoft Windows 10.0.19043 )",
        "x-api-key": "Sanitized",
        "x-ms-client-request-id": "04a9cc6e84694bfcbc547774e69beabf",
        "x-ms-return-client-request-id": "true"
      },
      "RequestBody": {
        "name": "dataFeedMx82goAh",
        "metricId": "face4346-74a0-4bf2-8804-f21d863735a8",
        "wholeMetricConfiguration": {
          "hardThresholdCondition": {
            "upperBound": 1,
            "anomalyDetectorDirection": "Up",
            "suppressCondition": {
              "minNumber": 1,
              "minRatio": 1
            }
          }
        }
      },
      "StatusCode": 201,
      "ResponseHeaders": {
        "apim-request-id": "74d00e66-9739-4072-870c-c35432977a1e",
        "Content-Length": "0",
        "Date": "Thu, 10 Jun 2021 18:39:36 GMT",
        "Location": "https://js-metrics-advisor.cognitiveservices.azure.com/metricsadvisor/v1.0/enrichment/anomalyDetection/configurations/1fc96bab-3d3d-4dc2-99c2-470fbf875f63",
        "Strict-Transport-Security": "max-age=31536000; includeSubDomains; preload",
        "x-content-type-options": "nosniff",
        "x-envoy-upstream-service-time": "131",
        "x-request-id": "74d00e66-9739-4072-870c-c35432977a1e"
      },
      "ResponseBody": []
    },
    {
      "RequestUri": "https://js-metrics-advisor.cognitiveservices.azure.com/metricsadvisor/v1.0/enrichment/anomalyDetection/configurations/1fc96bab-3d3d-4dc2-99c2-470fbf875f63",
      "RequestMethod": "GET",
      "RequestHeaders": {
        "Accept": "application/json",
        "Ocp-Apim-Subscription-Key": "Sanitized",
        "traceparent": "00-7b94b58117bff846b59f44e5d819557d-7270d6c247fa8248-00",
        "User-Agent": "azsdk-net-AI.MetricsAdvisor/1.0.0-alpha.20210610.1 (.NET Framework 4.8.4300.0; Microsoft Windows 10.0.19043 )",
        "x-api-key": "Sanitized",
        "x-ms-client-request-id": "76f35821465343fa01f3120a9d8697d0",
        "x-ms-return-client-request-id": "true"
      },
      "RequestBody": null,
      "StatusCode": 200,
      "ResponseHeaders": {
        "apim-request-id": "30dc185f-8c36-4652-9ed0-abb124ed2412",
        "Content-Length": "399",
        "Content-Type": "application/json; charset=utf-8",
        "Date": "Thu, 10 Jun 2021 18:39:37 GMT",
        "Strict-Transport-Security": "max-age=31536000; includeSubDomains; preload",
        "x-content-type-options": "nosniff",
        "x-envoy-upstream-service-time": "86",
        "x-request-id": "30dc185f-8c36-4652-9ed0-abb124ed2412"
      },
      "ResponseBody": {
        "anomalyDetectionConfigurationId": "1fc96bab-3d3d-4dc2-99c2-470fbf875f63",
        "name": "dataFeedMx82goAh",
        "description": "",
        "metricId": "face4346-74a0-4bf2-8804-f21d863735a8",
        "wholeMetricConfiguration": {
          "hardThresholdCondition": {
            "upperBound": 1.0,
            "anomalyDetectorDirection": "Up",
            "suppressCondition": {
              "minNumber": 1,
              "minRatio": 1.0
            }
          }
        },
        "dimensionGroupOverrideConfigurations": [],
        "seriesOverrideConfigurations": []
      }
    },
    {
      "RequestUri": "https://js-metrics-advisor.cognitiveservices.azure.com/metricsadvisor/v1.0/alert/anomaly/configurations",
      "RequestMethod": "POST",
      "RequestHeaders": {
        "Accept": "application/json",
        "Content-Length": "238",
        "Content-Type": "application/json",
        "Ocp-Apim-Subscription-Key": "Sanitized",
        "traceparent": "00-036cd4b87e836b45819971f21b6d820e-2ffa5c11da6d204d-00",
        "User-Agent": "azsdk-net-AI.MetricsAdvisor/1.0.0-alpha.20210610.1 (.NET Framework 4.8.4300.0; Microsoft Windows 10.0.19043 )",
        "x-api-key": "Sanitized",
        "x-ms-client-request-id": "fad9989ca62dea79c5d1b36e4e54e728",
        "x-ms-return-client-request-id": "true"
      },
      "RequestBody": {
        "name": "confighTTaS0z6",
        "hookIds": [],
        "metricAlertingConfigurations": [
          {
            "anomalyDetectionConfigurationId": "1fc96bab-3d3d-4dc2-99c2-470fbf875f63",
            "anomalyScopeType": "Dimension",
            "dimensionAnomalyScope": {
              "dimension": {
                "dimensionA": "Delhi"
              }
            }
          }
        ]
      },
      "StatusCode": 201,
      "ResponseHeaders": {
        "apim-request-id": "0d09b2dc-2a5f-49b4-bc53-19d4f52246b1",
        "Content-Length": "0",
        "Date": "Thu, 10 Jun 2021 18:39:37 GMT",
        "Location": "https://js-metrics-advisor.cognitiveservices.azure.com/metricsadvisor/v1.0/alert/anomaly/configurations/1a3c2f11-1229-4044-98b8-31483be0b07c",
        "Strict-Transport-Security": "max-age=31536000; includeSubDomains; preload",
        "x-content-type-options": "nosniff",
        "x-envoy-upstream-service-time": "167",
        "x-request-id": "0d09b2dc-2a5f-49b4-bc53-19d4f52246b1"
      },
      "ResponseBody": []
    },
    {
      "RequestUri": "https://js-metrics-advisor.cognitiveservices.azure.com/metricsadvisor/v1.0/alert/anomaly/configurations/1a3c2f11-1229-4044-98b8-31483be0b07c",
      "RequestMethod": "GET",
      "RequestHeaders": {
        "Accept": "application/json",
        "Ocp-Apim-Subscription-Key": "Sanitized",
        "traceparent": "00-036cd4b87e836b45819971f21b6d820e-8a1fabca65730d45-00",
        "User-Agent": "azsdk-net-AI.MetricsAdvisor/1.0.0-alpha.20210610.1 (.NET Framework 4.8.4300.0; Microsoft Windows 10.0.19043 )",
        "x-api-key": "Sanitized",
        "x-ms-client-request-id": "750266d1f27236adbca79c75f86cda7b",
        "x-ms-return-client-request-id": "true"
      },
      "RequestBody": null,
      "StatusCode": 200,
      "ResponseHeaders": {
        "apim-request-id": "9434e5a5-7734-4258-843f-6096b7979fb6",
        "Content-Length": "381",
        "Content-Type": "application/json; charset=utf-8",
        "Date": "Thu, 10 Jun 2021 18:39:37 GMT",
        "Strict-Transport-Security": "max-age=31536000; includeSubDomains; preload",
        "x-content-type-options": "nosniff",
        "x-envoy-upstream-service-time": "93",
        "x-request-id": "9434e5a5-7734-4258-843f-6096b7979fb6"
      },
      "ResponseBody": {
        "anomalyAlertingConfigurationId": "1a3c2f11-1229-4044-98b8-31483be0b07c",
        "name": "confighTTaS0z6",
        "description": "",
        "splitAlertByDimensions": [],
        "hookIds": [],
        "metricAlertingConfigurations": [
          {
            "anomalyDetectionConfigurationId": "1fc96bab-3d3d-4dc2-99c2-470fbf875f63",
            "anomalyScopeType": "Dimension",
            "negationOperation": false,
            "dimensionAnomalyScope": {
              "dimension": {
                "dimensionA": "Delhi"
              }
            }
          }
        ]
      }
    },
    {
      "RequestUri": "https://js-metrics-advisor.cognitiveservices.azure.com/metricsadvisor/v1.0/alert/anomaly/configurations/1a3c2f11-1229-4044-98b8-31483be0b07c",
      "RequestMethod": "DELETE",
      "RequestHeaders": {
        "Accept": "application/json",
        "Ocp-Apim-Subscription-Key": "Sanitized",
        "traceparent": "00-8b64ea3174d3cc4a952da17cf3a232f0-df34a3af6946264f-00",
        "User-Agent": "azsdk-net-AI.MetricsAdvisor/1.0.0-alpha.20210610.1 (.NET Framework 4.8.4300.0; Microsoft Windows 10.0.19043 )",
        "x-api-key": "Sanitized",
        "x-ms-client-request-id": "badaaf75006c5b15792744ccd2298183",
        "x-ms-return-client-request-id": "true"
      },
      "RequestBody": null,
      "StatusCode": 204,
      "ResponseHeaders": {
        "apim-request-id": "e95b52a6-bb77-49de-b59f-728bc894a9ae",
        "Content-Length": "0",
        "Date": "Thu, 10 Jun 2021 18:39:37 GMT",
        "Strict-Transport-Security": "max-age=31536000; includeSubDomains; preload",
        "x-content-type-options": "nosniff",
        "x-envoy-upstream-service-time": "111",
        "x-request-id": "e95b52a6-bb77-49de-b59f-728bc894a9ae"
      },
      "ResponseBody": []
    },
    {
      "RequestUri": "https://js-metrics-advisor.cognitiveservices.azure.com/metricsadvisor/v1.0/enrichment/anomalyDetection/configurations/1fc96bab-3d3d-4dc2-99c2-470fbf875f63",
      "RequestMethod": "DELETE",
      "RequestHeaders": {
        "Accept": "application/json",
        "Ocp-Apim-Subscription-Key": "Sanitized",
        "traceparent": "00-a38946a1471ee14eb4c34e27ae30bb7d-1abb616e5a2ec74e-00",
        "User-Agent": "azsdk-net-AI.MetricsAdvisor/1.0.0-alpha.20210610.1 (.NET Framework 4.8.4300.0; Microsoft Windows 10.0.19043 )",
        "x-api-key": "Sanitized",
        "x-ms-client-request-id": "7fad7b896ca3a9d1eba33d860904f259",
        "x-ms-return-client-request-id": "true"
      },
      "RequestBody": null,
      "StatusCode": 204,
      "ResponseHeaders": {
        "apim-request-id": "34a677cb-18da-4a9f-8017-302630753270",
        "Content-Length": "0",
        "Date": "Thu, 10 Jun 2021 18:39:37 GMT",
        "Strict-Transport-Security": "max-age=31536000; includeSubDomains; preload",
        "x-content-type-options": "nosniff",
        "x-envoy-upstream-service-time": "100",
        "x-request-id": "34a677cb-18da-4a9f-8017-302630753270"
      },
      "ResponseBody": []
    },
    {
      "RequestUri": "https://js-metrics-advisor.cognitiveservices.azure.com/metricsadvisor/v1.0/dataFeeds/73240286-3df6-4b36-a94f-1cc3325420a3",
      "RequestMethod": "DELETE",
      "RequestHeaders": {
        "Accept": "application/json",
        "Ocp-Apim-Subscription-Key": "Sanitized",
        "traceparent": "00-a220f602d8e0bf4bb867a1984db147f3-995f821a84724e47-00",
        "User-Agent": "azsdk-net-AI.MetricsAdvisor/1.0.0-alpha.20210610.1 (.NET Framework 4.8.4300.0; Microsoft Windows 10.0.19043 )",
        "x-api-key": "Sanitized",
        "x-ms-client-request-id": "9ff838f72d7ad0bb50a6fc4aade16393",
        "x-ms-return-client-request-id": "true"
      },
      "RequestBody": null,
      "StatusCode": 204,
      "ResponseHeaders": {
        "apim-request-id": "ca3aef4b-d424-4ba0-9f55-0a9e4a62e061",
        "Content-Length": "0",
        "Date": "Thu, 10 Jun 2021 18:39:38 GMT",
        "Strict-Transport-Security": "max-age=31536000; includeSubDomains; preload",
        "x-content-type-options": "nosniff",
        "x-envoy-upstream-service-time": "317",
        "x-request-id": "ca3aef4b-d424-4ba0-9f55-0a9e4a62e061"
      },
      "ResponseBody": []
    }
  ],
  "Variables": {
    "METRICSADVISOR_ACCOUNT_NAME": "js-metrics-advisor",
    "METRICSADVISOR_ENDPOINT_SUFFIX": null,
    "METRICSADVISOR_PRIMARY_API_KEY": "Sanitized",
    "METRICSADVISOR_SUBSCRIPTION_KEY": "Sanitized",
    "RandomSeed": "1397715374"
  }
}