{
  "Entries": [
    {
      "RequestUri": "/subscriptions/9657ab5d-4a4a-4fd2-ae7a-4cd9fbd030ef/resourcegroups/vmexttest8035?api-version=2016-02-01",
      "EncodedRequestUri": "L3N1YnNjcmlwdGlvbnMvOTY1N2FiNWQtNGE0YS00ZmQyLWFlN2EtNGNkOWZiZDAzMGVmL3Jlc291cmNlZ3JvdXBzL3ZtZXh0dGVzdDgwMzU/YXBpLXZlcnNpb249MjAxNi0wMi0wMQ==",
      "RequestMethod": "PUT",
      "RequestBody": "{\r\n  \"location\": \"eastus\"\r\n}",
      "RequestHeaders": {
        "Content-Type": [
          "application/json; charset=utf-8"
        ],
        "Content-Length": [
          "28"
        ],
        "x-ms-client-request-id": [
          "b6ddf5e9-aaba-4f1a-a008-a0239acde63c"
        ],
        "accept-language": [
          "en-US"
        ],
        "User-Agent": [
          "FxVersion/4.6.24214.01",
          "Microsoft.Azure.Management.Resource.Fluent.ResourceManagementClient/1.0.0-beta4.1"
        ]
      },
      "ResponseBody": "{\r\n  \"id\": \"/subscriptions/9657ab5d-4a4a-4fd2-ae7a-4cd9fbd030ef/resourceGroups/vmexttest8035\",\r\n  \"name\": \"vmexttest8035\",\r\n  \"location\": \"eastus\",\r\n  \"properties\": {\r\n    \"provisioningState\": \"Succeeded\"\r\n  }\r\n}",
      "ResponseHeaders": {
        "Content-Length": [
          "179"
        ],
        "Content-Type": [
          "application/json; charset=utf-8"
        ],
        "Expires": [
          "-1"
        ],
        "Cache-Control": [
          "no-cache"
        ],
        "Date": [
          "Sat, 07 Jan 2017 03:34:39 GMT"
        ],
        "Pragma": [
          "no-cache"
        ],
        "x-ms-ratelimit-remaining-subscription-writes": [
          "1199"
        ],
        "x-ms-request-id": [
          "e63ab97a-152e-4013-b57d-da6528aebc5b"
        ],
        "x-ms-correlation-request-id": [
          "e63ab97a-152e-4013-b57d-da6528aebc5b"
        ],
        "x-ms-routing-request-id": [
          "CENTRALUS:20170107T033440Z:e63ab97a-152e-4013-b57d-da6528aebc5b"
        ],
        "Strict-Transport-Security": [
          "max-age=31536000; includeSubDomains"
        ]
      },
      "StatusCode": 201
    },
    {
      "RequestUri": "/subscriptions/9657ab5d-4a4a-4fd2-ae7a-4cd9fbd030ef/resourceGroups/vmexttest8035/providers/Microsoft.Network/virtualNetworks/vnet0df181559954?api-version=2016-06-01",
      "EncodedRequestUri": "L3N1YnNjcmlwdGlvbnMvOTY1N2FiNWQtNGE0YS00ZmQyLWFlN2EtNGNkOWZiZDAzMGVmL3Jlc291cmNlR3JvdXBzL3ZtZXh0dGVzdDgwMzUvcHJvdmlkZXJzL01pY3Jvc29mdC5OZXR3b3JrL3ZpcnR1YWxOZXR3b3Jrcy92bmV0MGRmMTgxNTU5OTU0P2FwaS12ZXJzaW9uPTIwMTYtMDYtMDE=",
      "RequestMethod": "PUT",
      "RequestBody": "{\r\n  \"properties\": {\r\n    \"addressSpace\": {\r\n      \"addressPrefixes\": [\r\n        \"10.0.0.0/28\"\r\n      ]\r\n    },\r\n    \"dhcpOptions\": {\r\n      \"dnsServers\": []\r\n    },\r\n    \"subnets\": [\r\n      {\r\n        \"properties\": {\r\n          \"addressPrefix\": \"10.0.0.0/28\"\r\n        },\r\n        \"name\": \"subnet1\"\r\n      }\r\n    ]\r\n  },\r\n  \"location\": \"eastus\",\r\n  \"tags\": {}\r\n}",
      "RequestHeaders": {
        "Content-Type": [
          "application/json; charset=utf-8"
        ],
        "Content-Length": [
          "362"
        ],
        "x-ms-client-request-id": [
          "ed1d7750-8f92-4b50-b087-6bf903405e91"
        ],
        "accept-language": [
          "en-US"
        ],
        "User-Agent": [
          "FxVersion/4.6.24214.01",
          "Microsoft.Azure.Management.Network.Fluent.NetworkManagementClient/1.0.0-beta4.1"
        ]
      },
      "ResponseBody": "{\r\n  \"name\": \"vnet0df181559954\",\r\n  \"id\": \"/subscriptions/9657ab5d-4a4a-4fd2-ae7a-4cd9fbd030ef/resourceGroups/vmexttest8035/providers/Microsoft.Network/virtualNetworks/vnet0df181559954\",\r\n  \"etag\": \"W/\\\"d0f4a6e9-a8cc-49a1-83c9-13a535daa9f1\\\"\",\r\n  \"type\": \"Microsoft.Network/virtualNetworks\",\r\n  \"location\": \"eastus\",\r\n  \"tags\": {},\r\n  \"properties\": {\r\n    \"provisioningState\": \"Updating\",\r\n    \"resourceGuid\": \"aca240e8-ca38-4db6-a51c-30d9599290a7\",\r\n    \"addressSpace\": {\r\n      \"addressPrefixes\": [\r\n        \"10.0.0.0/28\"\r\n      ]\r\n    },\r\n    \"dhcpOptions\": {\r\n      \"dnsServers\": []\r\n    },\r\n    \"subnets\": [\r\n      {\r\n        \"name\": \"subnet1\",\r\n        \"id\": \"/subscriptions/9657ab5d-4a4a-4fd2-ae7a-4cd9fbd030ef/resourceGroups/vmexttest8035/providers/Microsoft.Network/virtualNetworks/vnet0df181559954/subnets/subnet1\",\r\n        \"etag\": \"W/\\\"d0f4a6e9-a8cc-49a1-83c9-13a535daa9f1\\\"\",\r\n        \"properties\": {\r\n          \"provisioningState\": \"Updating\",\r\n          \"addressPrefix\": \"10.0.0.0/28\"\r\n        }\r\n      }\r\n    ],\r\n    \"virtualNetworkPeerings\": []\r\n  }\r\n}",
      "ResponseHeaders": {
        "Content-Length": [
          "1069"
        ],
        "Content-Type": [
          "application/json; charset=utf-8"
        ],
        "Expires": [
          "-1"
        ],
        "Cache-Control": [
          "no-cache"
        ],
        "Date": [
          "Sat, 07 Jan 2017 03:34:40 GMT"
        ],
        "Pragma": [
          "no-cache"
        ],
        "Retry-After": [
          "3"
        ],
        "Server": [
          "Microsoft-HTTPAPI/2.0",
          "Microsoft-HTTPAPI/2.0"
        ],
        "x-ms-request-id": [
          "2c21ed18-1490-476b-8ecf-f00dc5df2684"
        ],
        "Azure-AsyncOperation": [
          "https://management.azure.com/subscriptions/9657ab5d-4a4a-4fd2-ae7a-4cd9fbd030ef/providers/Microsoft.Network/locations/eastus/operations/2c21ed18-1490-476b-8ecf-f00dc5df2684?api-version=2016-06-01"
        ],
        "Strict-Transport-Security": [
          "max-age=31536000; includeSubDomains"
        ],
        "x-ms-ratelimit-remaining-subscription-writes": [
          "1198"
        ],
        "x-ms-correlation-request-id": [
          "bf41a1d1-eb0e-4f30-a471-a223b163616a"
        ],
        "x-ms-routing-request-id": [
          "CENTRALUS:20170107T033441Z:bf41a1d1-eb0e-4f30-a471-a223b163616a"
        ]
      },
      "StatusCode": 201
    },
    {
      "RequestUri": "/subscriptions/9657ab5d-4a4a-4fd2-ae7a-4cd9fbd030ef/providers/Microsoft.Network/locations/eastus/operations/2c21ed18-1490-476b-8ecf-f00dc5df2684?api-version=2016-06-01",
      "EncodedRequestUri": "L3N1YnNjcmlwdGlvbnMvOTY1N2FiNWQtNGE0YS00ZmQyLWFlN2EtNGNkOWZiZDAzMGVmL3Byb3ZpZGVycy9NaWNyb3NvZnQuTmV0d29yay9sb2NhdGlvbnMvZWFzdHVzL29wZXJhdGlvbnMvMmMyMWVkMTgtMTQ5MC00NzZiLThlY2YtZjAwZGM1ZGYyNjg0P2FwaS12ZXJzaW9uPTIwMTYtMDYtMDE=",
      "RequestMethod": "GET",
      "RequestBody": "",
      "RequestHeaders": {
        "User-Agent": [
          "FxVersion/4.6.24214.01",
          "Microsoft.Azure.Management.Network.Fluent.NetworkManagementClient/1.0.0-beta4.1"
        ]
      },
      "ResponseBody": "{\r\n  \"status\": \"Succeeded\"\r\n}",
      "ResponseHeaders": {
        "Content-Type": [
          "application/json; charset=utf-8"
        ],
        "Expires": [
          "-1"
        ],
        "Cache-Control": [
          "no-cache"
        ],
        "Date": [
          "Sat, 07 Jan 2017 03:35:11 GMT"
        ],
        "Pragma": [
          "no-cache"
        ],
        "Transfer-Encoding": [
          "chunked"
        ],
        "Server": [
          "Microsoft-HTTPAPI/2.0",
          "Microsoft-HTTPAPI/2.0"
        ],
        "Vary": [
          "Accept-Encoding"
        ],
        "x-ms-request-id": [
          "6c4907e1-03d1-4e37-b490-6b01e9df6d52"
        ],
        "Strict-Transport-Security": [
          "max-age=31536000; includeSubDomains"
        ],
        "x-ms-ratelimit-remaining-subscription-reads": [
          "14998"
        ],
        "x-ms-correlation-request-id": [
          "aa2ac13f-11b3-4d53-8ef0-1b59c742f150"
        ],
        "x-ms-routing-request-id": [
          "CENTRALUS:20170107T033511Z:aa2ac13f-11b3-4d53-8ef0-1b59c742f150"
        ]
      },
      "StatusCode": 200
    },
    {
      "RequestUri": "/subscriptions/9657ab5d-4a4a-4fd2-ae7a-4cd9fbd030ef/resourceGroups/vmexttest8035/providers/Microsoft.Network/virtualNetworks/vnet0df181559954?api-version=2016-06-01",
      "EncodedRequestUri": "L3N1YnNjcmlwdGlvbnMvOTY1N2FiNWQtNGE0YS00ZmQyLWFlN2EtNGNkOWZiZDAzMGVmL3Jlc291cmNlR3JvdXBzL3ZtZXh0dGVzdDgwMzUvcHJvdmlkZXJzL01pY3Jvc29mdC5OZXR3b3JrL3ZpcnR1YWxOZXR3b3Jrcy92bmV0MGRmMTgxNTU5OTU0P2FwaS12ZXJzaW9uPTIwMTYtMDYtMDE=",
      "RequestMethod": "GET",
      "RequestBody": "",
      "RequestHeaders": {
        "User-Agent": [
          "FxVersion/4.6.24214.01",
          "Microsoft.Azure.Management.Network.Fluent.NetworkManagementClient/1.0.0-beta4.1"
        ]
      },
      "ResponseBody": "{\r\n  \"name\": \"vnet0df181559954\",\r\n  \"id\": \"/subscriptions/9657ab5d-4a4a-4fd2-ae7a-4cd9fbd030ef/resourceGroups/vmexttest8035/providers/Microsoft.Network/virtualNetworks/vnet0df181559954\",\r\n  \"etag\": \"W/\\\"e12e0388-abef-431f-a3f5-95849e31de72\\\"\",\r\n  \"type\": \"Microsoft.Network/virtualNetworks\",\r\n  \"location\": \"eastus\",\r\n  \"tags\": {},\r\n  \"properties\": {\r\n    \"provisioningState\": \"Succeeded\",\r\n    \"resourceGuid\": \"aca240e8-ca38-4db6-a51c-30d9599290a7\",\r\n    \"addressSpace\": {\r\n      \"addressPrefixes\": [\r\n        \"10.0.0.0/28\"\r\n      ]\r\n    },\r\n    \"dhcpOptions\": {\r\n      \"dnsServers\": []\r\n    },\r\n    \"subnets\": [\r\n      {\r\n        \"name\": \"subnet1\",\r\n        \"id\": \"/subscriptions/9657ab5d-4a4a-4fd2-ae7a-4cd9fbd030ef/resourceGroups/vmexttest8035/providers/Microsoft.Network/virtualNetworks/vnet0df181559954/subnets/subnet1\",\r\n        \"etag\": \"W/\\\"e12e0388-abef-431f-a3f5-95849e31de72\\\"\",\r\n        \"properties\": {\r\n          \"provisioningState\": \"Succeeded\",\r\n          \"addressPrefix\": \"10.0.0.0/28\"\r\n        }\r\n      }\r\n    ],\r\n    \"virtualNetworkPeerings\": []\r\n  }\r\n}",
      "ResponseHeaders": {
        "Content-Type": [
          "application/json; charset=utf-8"
        ],
        "Expires": [
          "-1"
        ],
        "Cache-Control": [
          "no-cache"
        ],
        "Date": [
          "Sat, 07 Jan 2017 03:35:11 GMT"
        ],
        "Pragma": [
          "no-cache"
        ],
        "Transfer-Encoding": [
          "chunked"
        ],
        "ETag": [
          "W/\"e12e0388-abef-431f-a3f5-95849e31de72\""
        ],
        "Server": [
          "Microsoft-HTTPAPI/2.0",
          "Microsoft-HTTPAPI/2.0"
        ],
        "Vary": [
          "Accept-Encoding"
        ],
        "x-ms-request-id": [
          "5da9eb16-b9c4-4fb7-a6ac-3ed7de192a45"
        ],
        "Strict-Transport-Security": [
          "max-age=31536000; includeSubDomains"
        ],
        "x-ms-ratelimit-remaining-subscription-reads": [
          "14997"
        ],
        "x-ms-correlation-request-id": [
          "340b1e7d-6287-4ef5-8a40-8cc11600ef74"
        ],
        "x-ms-routing-request-id": [
          "CENTRALUS:20170107T033511Z:340b1e7d-6287-4ef5-8a40-8cc11600ef74"
        ]
      },
      "StatusCode": 200
    },
    {
      "RequestUri": "/subscriptions/9657ab5d-4a4a-4fd2-ae7a-4cd9fbd030ef/resourceGroups/vmexttest8035/providers/Microsoft.Network/networkInterfaces/nicjavavma59938977?api-version=2016-06-01",
      "EncodedRequestUri": "L3N1YnNjcmlwdGlvbnMvOTY1N2FiNWQtNGE0YS00ZmQyLWFlN2EtNGNkOWZiZDAzMGVmL3Jlc291cmNlR3JvdXBzL3ZtZXh0dGVzdDgwMzUvcHJvdmlkZXJzL01pY3Jvc29mdC5OZXR3b3JrL25ldHdvcmtJbnRlcmZhY2VzL25pY2phdmF2bWE1OTkzODk3Nz9hcGktdmVyc2lvbj0yMDE2LTA2LTAx",
      "RequestMethod": "PUT",
      "RequestBody": "{\r\n  \"properties\": {\r\n    \"ipConfigurations\": [\r\n      {\r\n        \"properties\": {\r\n          \"privateIPAllocationMethod\": \"Dynamic\",\r\n          \"subnet\": {\r\n            \"id\": \"/subscriptions/9657ab5d-4a4a-4fd2-ae7a-4cd9fbd030ef/resourceGroups/vmexttest8035/providers/Microsoft.Network/virtualNetworks/vnet0df181559954/subnets/subnet1\"\r\n          }\r\n        },\r\n        \"name\": \"primary\"\r\n      }\r\n    ],\r\n    \"dnsSettings\": {}\r\n  },\r\n  \"location\": \"eastus\",\r\n  \"tags\": {}\r\n}",
      "RequestHeaders": {
        "Content-Type": [
          "application/json; charset=utf-8"
        ],
        "Content-Length": [
          "474"
        ],
        "x-ms-client-request-id": [
          "bca4b80c-5007-4c33-b7fe-16865a6dcc42"
        ],
        "accept-language": [
          "en-US"
        ],
        "User-Agent": [
          "FxVersion/4.6.24214.01",
          "Microsoft.Azure.Management.Network.Fluent.NetworkManagementClient/1.0.0-beta4.1"
        ]
      },
      "ResponseBody": "{\r\n  \"name\": \"nicjavavma59938977\",\r\n  \"id\": \"/subscriptions/9657ab5d-4a4a-4fd2-ae7a-4cd9fbd030ef/resourceGroups/vmexttest8035/providers/Microsoft.Network/networkInterfaces/nicjavavma59938977\",\r\n  \"etag\": \"W/\\\"8c76697b-554a-4901-9adc-8b5a5309ab50\\\"\",\r\n  \"location\": \"eastus\",\r\n  \"tags\": {},\r\n  \"properties\": {\r\n    \"provisioningState\": \"Succeeded\",\r\n    \"resourceGuid\": \"e0e117cb-fa90-42df-838e-1d5341d48cbd\",\r\n    \"ipConfigurations\": [\r\n      {\r\n        \"name\": \"primary\",\r\n        \"id\": \"/subscriptions/9657ab5d-4a4a-4fd2-ae7a-4cd9fbd030ef/resourceGroups/vmexttest8035/providers/Microsoft.Network/networkInterfaces/nicjavavma59938977/ipConfigurations/primary\",\r\n        \"etag\": \"W/\\\"8c76697b-554a-4901-9adc-8b5a5309ab50\\\"\",\r\n        \"properties\": {\r\n          \"provisioningState\": \"Succeeded\",\r\n          \"privateIPAddress\": \"10.0.0.4\",\r\n          \"privateIPAllocationMethod\": \"Dynamic\",\r\n          \"subnet\": {\r\n            \"id\": \"/subscriptions/9657ab5d-4a4a-4fd2-ae7a-4cd9fbd030ef/resourceGroups/vmexttest8035/providers/Microsoft.Network/virtualNetworks/vnet0df181559954/subnets/subnet1\"\r\n          },\r\n          \"primary\": true,\r\n          \"privateIPAddressVersion\": \"IPv4\"\r\n        }\r\n      }\r\n    ],\r\n    \"dnsSettings\": {\r\n      \"dnsServers\": [],\r\n      \"appliedDnsServers\": [],\r\n      \"internalDomainNameSuffix\": \"3bakflbyzk1e1ji2gdmvteuquh.bx.internal.cloudapp.net\"\r\n    },\r\n    \"enableIPForwarding\": false\r\n  },\r\n  \"type\": \"Microsoft.Network/networkInterfaces\"\r\n}",
      "ResponseHeaders": {
        "Content-Length": [
          "1472"
        ],
        "Content-Type": [
          "application/json; charset=utf-8"
        ],
        "Expires": [
          "-1"
        ],
        "Cache-Control": [
          "no-cache"
        ],
        "Date": [
          "Sat, 07 Jan 2017 03:35:31 GMT"
        ],
        "Pragma": [
          "no-cache"
        ],
        "Server": [
          "Microsoft-HTTPAPI/2.0",
          "Microsoft-HTTPAPI/2.0"
        ],
        "x-ms-request-id": [
          "7b795852-dd1b-4bf0-822c-5216a3acdca1"
        ],
        "Azure-AsyncOperation": [
          "https://management.azure.com/subscriptions/9657ab5d-4a4a-4fd2-ae7a-4cd9fbd030ef/providers/Microsoft.Network/locations/eastus/operations/7b795852-dd1b-4bf0-822c-5216a3acdca1?api-version=2016-06-01"
        ],
        "Strict-Transport-Security": [
          "max-age=31536000; includeSubDomains"
        ],
        "x-ms-ratelimit-remaining-subscription-writes": [
          "1197"
        ],
        "x-ms-correlation-request-id": [
          "6cbeacef-1fef-4868-829b-2929d3324f74"
        ],
        "x-ms-routing-request-id": [
          "CENTRALUS:20170107T033531Z:6cbeacef-1fef-4868-829b-2929d3324f74"
        ]
      },
      "StatusCode": 201
    },
    {
      "RequestUri": "/subscriptions/9657ab5d-4a4a-4fd2-ae7a-4cd9fbd030ef/resourceGroups/vmexttest8035/providers/Microsoft.Network/networkInterfaces/nicjavavma59938977?api-version=2016-06-01",
      "EncodedRequestUri": "L3N1YnNjcmlwdGlvbnMvOTY1N2FiNWQtNGE0YS00ZmQyLWFlN2EtNGNkOWZiZDAzMGVmL3Jlc291cmNlR3JvdXBzL3ZtZXh0dGVzdDgwMzUvcHJvdmlkZXJzL01pY3Jvc29mdC5OZXR3b3JrL25ldHdvcmtJbnRlcmZhY2VzL25pY2phdmF2bWE1OTkzODk3Nz9hcGktdmVyc2lvbj0yMDE2LTA2LTAx",
      "RequestMethod": "GET",
      "RequestBody": "",
      "RequestHeaders": {
        "User-Agent": [
          "FxVersion/4.6.24214.01",
          "Microsoft.Azure.Management.Network.Fluent.NetworkManagementClient/1.0.0-beta4.1"
        ]
      },
      "ResponseBody": "{\r\n  \"name\": \"nicjavavma59938977\",\r\n  \"id\": \"/subscriptions/9657ab5d-4a4a-4fd2-ae7a-4cd9fbd030ef/resourceGroups/vmexttest8035/providers/Microsoft.Network/networkInterfaces/nicjavavma59938977\",\r\n  \"etag\": \"W/\\\"8c76697b-554a-4901-9adc-8b5a5309ab50\\\"\",\r\n  \"location\": \"eastus\",\r\n  \"tags\": {},\r\n  \"properties\": {\r\n    \"provisioningState\": \"Succeeded\",\r\n    \"resourceGuid\": \"e0e117cb-fa90-42df-838e-1d5341d48cbd\",\r\n    \"ipConfigurations\": [\r\n      {\r\n        \"name\": \"primary\",\r\n        \"id\": \"/subscriptions/9657ab5d-4a4a-4fd2-ae7a-4cd9fbd030ef/resourceGroups/vmexttest8035/providers/Microsoft.Network/networkInterfaces/nicjavavma59938977/ipConfigurations/primary\",\r\n        \"etag\": \"W/\\\"8c76697b-554a-4901-9adc-8b5a5309ab50\\\"\",\r\n        \"properties\": {\r\n          \"provisioningState\": \"Succeeded\",\r\n          \"privateIPAddress\": \"10.0.0.4\",\r\n          \"privateIPAllocationMethod\": \"Dynamic\",\r\n          \"subnet\": {\r\n            \"id\": \"/subscriptions/9657ab5d-4a4a-4fd2-ae7a-4cd9fbd030ef/resourceGroups/vmexttest8035/providers/Microsoft.Network/virtualNetworks/vnet0df181559954/subnets/subnet1\"\r\n          },\r\n          \"primary\": true,\r\n          \"privateIPAddressVersion\": \"IPv4\"\r\n        }\r\n      }\r\n    ],\r\n    \"dnsSettings\": {\r\n      \"dnsServers\": [],\r\n      \"appliedDnsServers\": [],\r\n      \"internalDomainNameSuffix\": \"3bakflbyzk1e1ji2gdmvteuquh.bx.internal.cloudapp.net\"\r\n    },\r\n    \"enableIPForwarding\": false\r\n  },\r\n  \"type\": \"Microsoft.Network/networkInterfaces\"\r\n}",
      "ResponseHeaders": {
        "Content-Type": [
          "application/json; charset=utf-8"
        ],
        "Expires": [
          "-1"
        ],
        "Cache-Control": [
          "no-cache"
        ],
        "Date": [
          "Sat, 07 Jan 2017 03:35:31 GMT"
        ],
        "Pragma": [
          "no-cache"
        ],
        "Transfer-Encoding": [
          "chunked"
        ],
        "ETag": [
          "W/\"8c76697b-554a-4901-9adc-8b5a5309ab50\""
        ],
        "Server": [
          "Microsoft-HTTPAPI/2.0",
          "Microsoft-HTTPAPI/2.0"
        ],
        "Vary": [
          "Accept-Encoding"
        ],
        "x-ms-request-id": [
          "f989381c-06a4-4b8e-a496-63dd5fa0e0bf"
        ],
        "Strict-Transport-Security": [
          "max-age=31536000; includeSubDomains"
        ],
        "x-ms-ratelimit-remaining-subscription-reads": [
          "14996"
        ],
        "x-ms-correlation-request-id": [
          "a2c3092a-a153-4daf-ad77-35192486ee80"
        ],
        "x-ms-routing-request-id": [
          "CENTRALUS:20170107T033531Z:a2c3092a-a153-4daf-ad77-35192486ee80"
        ]
      },
      "StatusCode": 200
    },
    {
      "RequestUri": "/subscriptions/9657ab5d-4a4a-4fd2-ae7a-4cd9fbd030ef/resourceGroups/vmexttest8035/providers/Microsoft.Storage/storageAccounts/stgjavavma5900999733?api-version=2016-01-01",
      "EncodedRequestUri": "L3N1YnNjcmlwdGlvbnMvOTY1N2FiNWQtNGE0YS00ZmQyLWFlN2EtNGNkOWZiZDAzMGVmL3Jlc291cmNlR3JvdXBzL3ZtZXh0dGVzdDgwMzUvcHJvdmlkZXJzL01pY3Jvc29mdC5TdG9yYWdlL3N0b3JhZ2VBY2NvdW50cy9zdGdqYXZhdm1hNTkwMDk5OTczMz9hcGktdmVyc2lvbj0yMDE2LTAxLTAx",
      "RequestMethod": "PUT",
      "RequestBody": "{\r\n  \"sku\": {\r\n    \"name\": \"Standard_GRS\"\r\n  },\r\n  \"kind\": \"Storage\",\r\n  \"location\": \"eastus\",\r\n  \"tags\": {}\r\n}",
      "RequestHeaders": {
        "Content-Type": [
          "application/json; charset=utf-8"
        ],
        "Content-Length": [
          "111"
        ],
        "x-ms-client-request-id": [
          "afaca306-eaa5-4d6a-97eb-17b7d264696c"
        ],
        "accept-language": [
          "en-US"
        ],
        "User-Agent": [
          "FxVersion/4.6.24214.01",
          "Microsoft.Azure.Management.Storage.Fluent.StorageManagementClient/1.0.0-beta4.1"
        ]
      },
      "ResponseBody": "",
      "ResponseHeaders": {
        "Content-Length": [
          "0"
        ],
        "Expires": [
          "-1"
        ],
        "Cache-Control": [
          "no-cache"
        ],
        "Date": [
          "Sat, 07 Jan 2017 03:35:32 GMT"
        ],
        "Pragma": [
          "no-cache"
        ],
        "Location": [
          "https://management.azure.com/subscriptions/9657ab5d-4a4a-4fd2-ae7a-4cd9fbd030ef/providers/Microsoft.Storage/operations/a8298fbc-45d0-40d9-991b-779a635d5bde?monitor=true&api-version=2016-01-01"
        ],
        "Retry-After": [
          "17"
        ],
        "Server": [
          "Microsoft-Azure-Storage-Resource-Provider/1.0",
          "Microsoft-HTTPAPI/2.0"
        ],
        "x-ms-ratelimit-remaining-subscription-writes": [
          "1196"
        ],
        "x-ms-request-id": [
          "77bf36d3-15a5-4c61-a21d-eca4dd017c50"
        ],
        "x-ms-correlation-request-id": [
          "77bf36d3-15a5-4c61-a21d-eca4dd017c50"
        ],
        "x-ms-routing-request-id": [
          "CENTRALUS:20170107T033532Z:77bf36d3-15a5-4c61-a21d-eca4dd017c50"
        ],
        "Strict-Transport-Security": [
          "max-age=31536000; includeSubDomains"
        ]
      },
      "StatusCode": 202
    },
    {
      "RequestUri": "/subscriptions/9657ab5d-4a4a-4fd2-ae7a-4cd9fbd030ef/providers/Microsoft.Storage/operations/a8298fbc-45d0-40d9-991b-779a635d5bde?monitor=true&api-version=2016-01-01",
      "EncodedRequestUri": "L3N1YnNjcmlwdGlvbnMvOTY1N2FiNWQtNGE0YS00ZmQyLWFlN2EtNGNkOWZiZDAzMGVmL3Byb3ZpZGVycy9NaWNyb3NvZnQuU3RvcmFnZS9vcGVyYXRpb25zL2E4Mjk4ZmJjLTQ1ZDAtNDBkOS05OTFiLTc3OWE2MzVkNWJkZT9tb25pdG9yPXRydWUmYXBpLXZlcnNpb249MjAxNi0wMS0wMQ==",
      "RequestMethod": "GET",
      "RequestBody": "",
      "RequestHeaders": {
        "User-Agent": [
          "FxVersion/4.6.24214.01",
          "Microsoft.Azure.Management.Storage.Fluent.StorageManagementClient/1.0.0-beta4.1"
        ]
      },
      "ResponseBody": "{\r\n  \"id\": \"/subscriptions/9657ab5d-4a4a-4fd2-ae7a-4cd9fbd030ef/resourceGroups/vmexttest8035/providers/Microsoft.Storage/storageAccounts/stgjavavma5900999733\",\r\n  \"kind\": \"Storage\",\r\n  \"location\": \"eastus\",\r\n  \"name\": \"stgjavavma5900999733\",\r\n  \"properties\": {\r\n    \"creationTime\": \"2017-01-07T03:35:32.0744834Z\",\r\n    \"primaryEndpoints\": {\r\n      \"blob\": \"https://stgjavavma5900999733.blob.core.windows.net/\",\r\n      \"file\": \"https://stgjavavma5900999733.file.core.windows.net/\",\r\n      \"queue\": \"https://stgjavavma5900999733.queue.core.windows.net/\",\r\n      \"table\": \"https://stgjavavma5900999733.table.core.windows.net/\"\r\n    },\r\n    \"primaryLocation\": \"eastus\",\r\n    \"provisioningState\": \"Succeeded\",\r\n    \"secondaryLocation\": \"westus\",\r\n    \"statusOfPrimary\": \"available\",\r\n    \"statusOfSecondary\": \"available\"\r\n  },\r\n  \"sku\": {\r\n    \"name\": \"Standard_GRS\",\r\n    \"tier\": \"Standard\"\r\n  },\r\n  \"tags\": {},\r\n  \"type\": \"Microsoft.Storage/storageAccounts\"\r\n}",
      "ResponseHeaders": {
        "Content-Type": [
          "application/json"
        ],
        "Expires": [
          "-1"
        ],
        "Cache-Control": [
          "no-cache"
        ],
        "Date": [
          "Sat, 07 Jan 2017 03:36:02 GMT"
        ],
        "Pragma": [
          "no-cache"
        ],
        "Transfer-Encoding": [
          "chunked"
        ],
        "Server": [
          "Microsoft-Azure-Storage-Resource-Provider/1.0",
          "Microsoft-HTTPAPI/2.0"
        ],
        "Vary": [
          "Accept-Encoding"
        ],
        "x-ms-request-id": [
          "94b94c9e-e563-4be3-a3ff-1c2eb834809b"
        ],
        "x-ms-ratelimit-remaining-subscription-reads": [
          "14995"
        ],
        "x-ms-correlation-request-id": [
          "94b94c9e-e563-4be3-a3ff-1c2eb834809b"
        ],
        "x-ms-routing-request-id": [
          "CENTRALUS:20170107T033602Z:94b94c9e-e563-4be3-a3ff-1c2eb834809b"
        ],
        "Strict-Transport-Security": [
          "max-age=31536000; includeSubDomains"
        ]
      },
      "StatusCode": 200
    },
    {
      "RequestUri": "/subscriptions/9657ab5d-4a4a-4fd2-ae7a-4cd9fbd030ef/resourceGroups/vmexttest8035/providers/Microsoft.Compute/virtualMachines/javavm?api-version=2016-03-30",
      "EncodedRequestUri": "L3N1YnNjcmlwdGlvbnMvOTY1N2FiNWQtNGE0YS00ZmQyLWFlN2EtNGNkOWZiZDAzMGVmL3Jlc291cmNlR3JvdXBzL3ZtZXh0dGVzdDgwMzUvcHJvdmlkZXJzL01pY3Jvc29mdC5Db21wdXRlL3ZpcnR1YWxNYWNoaW5lcy9qYXZhdm0/YXBpLXZlcnNpb249MjAxNi0wMy0zMA==",
      "RequestMethod": "PUT",
      "RequestBody": "{\r\n  \"properties\": {\r\n    \"hardwareProfile\": {\r\n      \"vmSize\": \"Standard_DS3_v2\"\r\n    },\r\n    \"storageProfile\": {\r\n      \"imageReference\": {\r\n        \"publisher\": \"Canonical\",\r\n        \"offer\": \"UbuntuServer\",\r\n        \"sku\": \"14.04.4-LTS\",\r\n        \"version\": \"latest\"\r\n      },\r\n      \"osDisk\": {\r\n        \"name\": \"javavm-os-disk\",\r\n        \"vhd\": {\r\n          \"uri\": \"https://stgjavavma5900999733.blob.core.windows.net/vhds/javavm-os-disk-9b406f4c-f8b5-41b8-80ca-9badf151841a.vhd\"\r\n        },\r\n        \"caching\": \"ReadWrite\",\r\n        \"createOption\": \"fromImage\"\r\n      },\r\n      \"dataDisks\": []\r\n    },\r\n    \"osProfile\": {\r\n      \"computerName\": \"javavm\",\r\n      \"adminUsername\": \"Foo12\",\r\n      \"adminPassword\": \"BaR@12abc!\",\r\n      \"linuxConfiguration\": {\r\n        \"disablePasswordAuthentication\": false\r\n      }\r\n    },\r\n    \"networkProfile\": {\r\n      \"networkInterfaces\": [\r\n        {\r\n          \"properties\": {\r\n            \"primary\": true\r\n          },\r\n          \"id\": \"/subscriptions/9657ab5d-4a4a-4fd2-ae7a-4cd9fbd030ef/resourceGroups/vmexttest8035/providers/Microsoft.Network/networkInterfaces/nicjavavma59938977\"\r\n        }\r\n      ]\r\n    }\r\n  },\r\n  \"location\": \"eastus\",\r\n  \"tags\": {}\r\n}",
      "RequestHeaders": {
        "Content-Type": [
          "application/json; charset=utf-8"
        ],
        "Content-Length": [
          "1203"
        ],
        "x-ms-client-request-id": [
          "325850f0-48f1-4f46-975d-9b3e6dd29e04"
        ],
        "accept-language": [
          "en-US"
        ],
        "User-Agent": [
          "FxVersion/4.6.24214.01",
          "Microsoft.Azure.Management.Compute.Fluent.ComputeManagementClient/1.0.0-beta4.1"
        ]
      },
      "ResponseBody": "{\r\n  \"properties\": {\r\n    \"vmId\": \"daf5145b-8f34-4fc3-b327-148feb478f45\",\r\n    \"hardwareProfile\": {\r\n      \"vmSize\": \"Standard_DS3_v2\"\r\n    },\r\n    \"storageProfile\": {\r\n      \"imageReference\": {\r\n        \"publisher\": \"Canonical\",\r\n        \"offer\": \"UbuntuServer\",\r\n        \"sku\": \"14.04.4-LTS\",\r\n        \"version\": \"latest\"\r\n      },\r\n      \"osDisk\": {\r\n        \"osType\": \"Linux\",\r\n        \"name\": \"javavm-os-disk\",\r\n        \"createOption\": \"FromImage\",\r\n        \"vhd\": {\r\n          \"uri\": \"https://stgjavavma5900999733.blob.core.windows.net/vhds/javavm-os-disk-9b406f4c-f8b5-41b8-80ca-9badf151841a.vhd\"\r\n        },\r\n        \"caching\": \"ReadWrite\"\r\n      },\r\n      \"dataDisks\": []\r\n    },\r\n    \"osProfile\": {\r\n      \"computerName\": \"javavm\",\r\n      \"adminUsername\": \"Foo12\",\r\n      \"linuxConfiguration\": {\r\n        \"disablePasswordAuthentication\": false\r\n      },\r\n      \"secrets\": []\r\n    },\r\n    \"networkProfile\": {\r\n      \"networkInterfaces\": [\r\n        {\r\n          \"id\": \"/subscriptions/9657ab5d-4a4a-4fd2-ae7a-4cd9fbd030ef/resourceGroups/vmexttest8035/providers/Microsoft.Network/networkInterfaces/nicjavavma59938977\",\r\n          \"properties\": {\r\n            \"primary\": true\r\n          }\r\n        }\r\n      ]\r\n    },\r\n    \"provisioningState\": \"Creating\"\r\n  },\r\n  \"type\": \"Microsoft.Compute/virtualMachines\",\r\n  \"location\": \"eastus\",\r\n  \"tags\": {},\r\n  \"id\": \"/subscriptions/9657ab5d-4a4a-4fd2-ae7a-4cd9fbd030ef/resourceGroups/vmexttest8035/providers/Microsoft.Compute/virtualMachines/javavm\",\r\n  \"name\": \"javavm\"\r\n}",
      "ResponseHeaders": {
        "Content-Length": [
          "1423"
        ],
        "Content-Type": [
          "application/json; charset=utf-8"
        ],
        "Expires": [
          "-1"
        ],
        "Cache-Control": [
          "no-cache"
        ],
        "Date": [
          "Sat, 07 Jan 2017 03:36:03 GMT"
        ],
        "Pragma": [
          "no-cache"
        ],
        "Server": [
          "Microsoft-HTTPAPI/2.0",
          "Microsoft-HTTPAPI/2.0"
        ],
        "Azure-AsyncOperation": [
          "https://management.azure.com/subscriptions/9657ab5d-4a4a-4fd2-ae7a-4cd9fbd030ef/providers/Microsoft.Compute/locations/eastus/operations/629b92a5-7723-4ed0-8151-d37b2e6048ba?api-version=2016-03-30"
        ],
        "Strict-Transport-Security": [
          "max-age=31536000; includeSubDomains"
        ],
        "x-ms-served-by": [
          "016478ec-a3fa-4201-8d1e-0d970daac07b_131281297180761991"
        ],
        "x-ms-request-id": [
          "629b92a5-7723-4ed0-8151-d37b2e6048ba"
        ],
        "x-ms-ratelimit-remaining-subscription-writes": [
          "1195"
        ],
        "x-ms-correlation-request-id": [
          "1afb5cc4-c77a-487e-9607-2707c940a2e1"
        ],
        "x-ms-routing-request-id": [
          "CENTRALUS:20170107T033603Z:1afb5cc4-c77a-487e-9607-2707c940a2e1"
        ]
      },
      "StatusCode": 201
    },
    {
      "RequestUri": "/subscriptions/9657ab5d-4a4a-4fd2-ae7a-4cd9fbd030ef/resourceGroups/vmexttest8035/providers/Microsoft.Compute/virtualMachines/javavm?api-version=2016-03-30",
      "EncodedRequestUri": "L3N1YnNjcmlwdGlvbnMvOTY1N2FiNWQtNGE0YS00ZmQyLWFlN2EtNGNkOWZiZDAzMGVmL3Jlc291cmNlR3JvdXBzL3ZtZXh0dGVzdDgwMzUvcHJvdmlkZXJzL01pY3Jvc29mdC5Db21wdXRlL3ZpcnR1YWxNYWNoaW5lcy9qYXZhdm0/YXBpLXZlcnNpb249MjAxNi0wMy0zMA==",
      "RequestMethod": "PUT",
      "RequestBody": "{\r\n  \"properties\": {\r\n    \"hardwareProfile\": {\r\n      \"vmSize\": \"Standard_DS3_v2\"\r\n    },\r\n    \"storageProfile\": {\r\n      \"imageReference\": {\r\n        \"publisher\": \"Canonical\",\r\n        \"offer\": \"UbuntuServer\",\r\n        \"sku\": \"14.04.4-LTS\",\r\n        \"version\": \"latest\"\r\n      },\r\n      \"osDisk\": {\r\n        \"osType\": \"Linux\",\r\n        \"name\": \"javavm-os-disk\",\r\n        \"vhd\": {\r\n          \"uri\": \"https://stgjavavma5900999733.blob.core.windows.net/vhds/javavm-os-disk-9b406f4c-f8b5-41b8-80ca-9badf151841a.vhd\"\r\n        },\r\n        \"caching\": \"ReadWrite\",\r\n        \"createOption\": \"fromImage\"\r\n      },\r\n      \"dataDisks\": []\r\n    },\r\n    \"osProfile\": {\r\n      \"computerName\": \"javavm\",\r\n      \"adminUsername\": \"Foo12\",\r\n      \"linuxConfiguration\": {\r\n        \"disablePasswordAuthentication\": false\r\n      },\r\n      \"secrets\": []\r\n    },\r\n    \"networkProfile\": {\r\n      \"networkInterfaces\": [\r\n        {\r\n          \"properties\": {\r\n            \"primary\": true\r\n          },\r\n          \"id\": \"/subscriptions/9657ab5d-4a4a-4fd2-ae7a-4cd9fbd030ef/resourceGroups/vmexttest8035/providers/Microsoft.Network/networkInterfaces/nicjavavma59938977\"\r\n        }\r\n      ]\r\n    }\r\n  },\r\n  \"id\": \"/subscriptions/9657ab5d-4a4a-4fd2-ae7a-4cd9fbd030ef/resourceGroups/vmexttest8035/providers/Microsoft.Compute/virtualMachines/javavm\",\r\n  \"location\": \"eastus\",\r\n  \"tags\": {}\r\n}",
      "RequestHeaders": {
        "Content-Type": [
          "application/json; charset=utf-8"
        ],
        "Content-Length": [
          "1359"
        ],
        "x-ms-client-request-id": [
          "2eea1782-2b61-4c2d-b22a-06afb35a1f99"
        ],
        "accept-language": [
          "en-US"
        ],
        "User-Agent": [
          "FxVersion/4.6.24214.01",
          "Microsoft.Azure.Management.Compute.Fluent.ComputeManagementClient/1.0.0-beta4.1"
        ]
      },
      "ResponseBody": "{\r\n  \"properties\": {\r\n    \"vmId\": \"daf5145b-8f34-4fc3-b327-148feb478f45\",\r\n    \"hardwareProfile\": {\r\n      \"vmSize\": \"Standard_DS3_v2\"\r\n    },\r\n    \"storageProfile\": {\r\n      \"imageReference\": {\r\n        \"publisher\": \"Canonical\",\r\n        \"offer\": \"UbuntuServer\",\r\n        \"sku\": \"14.04.4-LTS\",\r\n        \"version\": \"latest\"\r\n      },\r\n      \"osDisk\": {\r\n        \"osType\": \"Linux\",\r\n        \"name\": \"javavm-os-disk\",\r\n        \"createOption\": \"FromImage\",\r\n        \"vhd\": {\r\n          \"uri\": \"https://stgjavavma5900999733.blob.core.windows.net/vhds/javavm-os-disk-9b406f4c-f8b5-41b8-80ca-9badf151841a.vhd\"\r\n        },\r\n        \"caching\": \"ReadWrite\"\r\n      },\r\n      \"dataDisks\": []\r\n    },\r\n    \"osProfile\": {\r\n      \"computerName\": \"javavm\",\r\n      \"adminUsername\": \"Foo12\",\r\n      \"linuxConfiguration\": {\r\n        \"disablePasswordAuthentication\": false\r\n      },\r\n      \"secrets\": []\r\n    },\r\n    \"networkProfile\": {\r\n      \"networkInterfaces\": [\r\n        {\r\n          \"id\": \"/subscriptions/9657ab5d-4a4a-4fd2-ae7a-4cd9fbd030ef/resourceGroups/vmexttest8035/providers/Microsoft.Network/networkInterfaces/nicjavavma59938977\",\r\n          \"properties\": {\r\n            \"primary\": true\r\n          }\r\n        }\r\n      ]\r\n    },\r\n    \"provisioningState\": \"Updating\"\r\n  },\r\n  \"resources\": [\r\n    {\r\n      \"properties\": {\r\n        \"publisher\": \"Microsoft.OSTCExtensions\",\r\n        \"type\": \"VMAccessForLinux\",\r\n        \"typeHandlerVersion\": \"1.4\",\r\n        \"autoUpgradeMinorVersion\": false,\r\n        \"provisioningState\": \"Succeeded\"\r\n      },\r\n      \"type\": \"Microsoft.Compute/virtualMachines/extensions\",\r\n      \"location\": \"eastus\",\r\n      \"id\": \"/subscriptions/9657ab5d-4a4a-4fd2-ae7a-4cd9fbd030ef/resourceGroups/vmexttest8035/providers/Microsoft.Compute/virtualMachines/javavm/extensions/VMAccessForLinux\",\r\n      \"name\": \"VMAccessForLinux\"\r\n    }\r\n  ],\r\n  \"type\": \"Microsoft.Compute/virtualMachines\",\r\n  \"location\": \"eastus\",\r\n  \"tags\": {},\r\n  \"id\": \"/subscriptions/9657ab5d-4a4a-4fd2-ae7a-4cd9fbd030ef/resourceGroups/vmexttest8035/providers/Microsoft.Compute/virtualMachines/javavm\",\r\n  \"name\": \"javavm\"\r\n}",
      "ResponseHeaders": {
        "Content-Type": [
          "application/json; charset=utf-8"
        ],
        "Expires": [
          "-1"
        ],
        "Cache-Control": [
          "no-cache"
        ],
        "Date": [
          "Sat, 07 Jan 2017 03:38:36 GMT"
        ],
        "Pragma": [
          "no-cache"
        ],
        "Transfer-Encoding": [
          "chunked"
        ],
        "Server": [
          "Microsoft-HTTPAPI/2.0",
          "Microsoft-HTTPAPI/2.0"
        ],
        "Vary": [
          "Accept-Encoding"
        ],
        "Azure-AsyncOperation": [
          "https://management.azure.com/subscriptions/9657ab5d-4a4a-4fd2-ae7a-4cd9fbd030ef/providers/Microsoft.Compute/locations/eastus/operations/037233e3-d19b-414d-a533-754a35a3f0ce?api-version=2016-03-30"
        ],
        "Strict-Transport-Security": [
          "max-age=31536000; includeSubDomains"
        ],
        "x-ms-served-by": [
          "016478ec-a3fa-4201-8d1e-0d970daac07b_131281297180761991"
        ],
        "x-ms-request-id": [
          "037233e3-d19b-414d-a533-754a35a3f0ce"
        ],
        "x-ms-ratelimit-remaining-subscription-writes": [
          "1193"
        ],
        "x-ms-correlation-request-id": [
          "1c4737ac-e3e4-49f5-bc3b-e9672f3192eb"
        ],
        "x-ms-routing-request-id": [
          "CENTRALUS:20170107T033836Z:1c4737ac-e3e4-49f5-bc3b-e9672f3192eb"
        ]
      },
      "StatusCode": 200
    },
    {
      "RequestUri": "/subscriptions/9657ab5d-4a4a-4fd2-ae7a-4cd9fbd030ef/providers/Microsoft.Compute/locations/eastus/operations/629b92a5-7723-4ed0-8151-d37b2e6048ba?api-version=2016-03-30",
      "EncodedRequestUri": "L3N1YnNjcmlwdGlvbnMvOTY1N2FiNWQtNGE0YS00ZmQyLWFlN2EtNGNkOWZiZDAzMGVmL3Byb3ZpZGVycy9NaWNyb3NvZnQuQ29tcHV0ZS9sb2NhdGlvbnMvZWFzdHVzL29wZXJhdGlvbnMvNjI5YjkyYTUtNzcyMy00ZWQwLTgxNTEtZDM3YjJlNjA0OGJhP2FwaS12ZXJzaW9uPTIwMTYtMDMtMzA=",
      "RequestMethod": "GET",
      "RequestBody": "",
      "RequestHeaders": {
        "User-Agent": [
          "FxVersion/4.6.24214.01",
          "Microsoft.Azure.Management.Compute.Fluent.ComputeManagementClient/1.0.0-beta4.1"
        ]
      },
      "ResponseBody": "{\r\n  \"startTime\": \"2017-01-06T19:36:03.3380494-08:00\",\r\n  \"status\": \"InProgress\",\r\n  \"name\": \"629b92a5-7723-4ed0-8151-d37b2e6048ba\"\r\n}",
      "ResponseHeaders": {
        "Content-Type": [
          "application/json; charset=utf-8"
        ],
        "Expires": [
          "-1"
        ],
        "Cache-Control": [
          "no-cache"
        ],
        "Date": [
          "Sat, 07 Jan 2017 03:36:33 GMT"
        ],
        "Pragma": [
          "no-cache"
        ],
        "Transfer-Encoding": [
          "chunked"
        ],
        "Server": [
          "Microsoft-HTTPAPI/2.0",
          "Microsoft-HTTPAPI/2.0"
        ],
        "Vary": [
          "Accept-Encoding"
        ],
        "Strict-Transport-Security": [
          "max-age=31536000; includeSubDomains"
        ],
        "x-ms-served-by": [
          "016478ec-a3fa-4201-8d1e-0d970daac07b_131281297180761991"
        ],
        "x-ms-request-id": [
          "96026f24-166a-47a7-ac7c-4da7a8fa6a91"
        ],
        "x-ms-ratelimit-remaining-subscription-reads": [
          "14994"
        ],
        "x-ms-correlation-request-id": [
          "b518821b-8f80-4c9b-a90e-374472d6f2f7"
        ],
        "x-ms-routing-request-id": [
          "CENTRALUS:20170107T033634Z:b518821b-8f80-4c9b-a90e-374472d6f2f7"
        ]
      },
      "StatusCode": 200
    },
    {
      "RequestUri": "/subscriptions/9657ab5d-4a4a-4fd2-ae7a-4cd9fbd030ef/providers/Microsoft.Compute/locations/eastus/operations/629b92a5-7723-4ed0-8151-d37b2e6048ba?api-version=2016-03-30",
      "EncodedRequestUri": "L3N1YnNjcmlwdGlvbnMvOTY1N2FiNWQtNGE0YS00ZmQyLWFlN2EtNGNkOWZiZDAzMGVmL3Byb3ZpZGVycy9NaWNyb3NvZnQuQ29tcHV0ZS9sb2NhdGlvbnMvZWFzdHVzL29wZXJhdGlvbnMvNjI5YjkyYTUtNzcyMy00ZWQwLTgxNTEtZDM3YjJlNjA0OGJhP2FwaS12ZXJzaW9uPTIwMTYtMDMtMzA=",
      "RequestMethod": "GET",
      "RequestBody": "",
      "RequestHeaders": {
        "User-Agent": [
          "FxVersion/4.6.24214.01",
          "Microsoft.Azure.Management.Compute.Fluent.ComputeManagementClient/1.0.0-beta4.1"
        ]
      },
      "ResponseBody": "{\r\n  \"startTime\": \"2017-01-06T19:36:03.3380494-08:00\",\r\n  \"status\": \"InProgress\",\r\n  \"name\": \"629b92a5-7723-4ed0-8151-d37b2e6048ba\"\r\n}",
      "ResponseHeaders": {
        "Content-Type": [
          "application/json; charset=utf-8"
        ],
        "Expires": [
          "-1"
        ],
        "Cache-Control": [
          "no-cache"
        ],
        "Date": [
          "Sat, 07 Jan 2017 03:37:03 GMT"
        ],
        "Pragma": [
          "no-cache"
        ],
        "Transfer-Encoding": [
          "chunked"
        ],
        "Server": [
          "Microsoft-HTTPAPI/2.0",
          "Microsoft-HTTPAPI/2.0"
        ],
        "Vary": [
          "Accept-Encoding"
        ],
        "Strict-Transport-Security": [
          "max-age=31536000; includeSubDomains"
        ],
        "x-ms-served-by": [
          "016478ec-a3fa-4201-8d1e-0d970daac07b_131281297180761991"
        ],
        "x-ms-request-id": [
          "d4bb6ed2-ec5d-471a-b99b-a8b351d745c6"
        ],
        "x-ms-ratelimit-remaining-subscription-reads": [
          "14993"
        ],
        "x-ms-correlation-request-id": [
          "4a2ad912-6852-4b9c-9641-972330af5390"
        ],
        "x-ms-routing-request-id": [
          "CENTRALUS:20170107T033704Z:4a2ad912-6852-4b9c-9641-972330af5390"
        ]
      },
      "StatusCode": 200
    },
    {
      "RequestUri": "/subscriptions/9657ab5d-4a4a-4fd2-ae7a-4cd9fbd030ef/providers/Microsoft.Compute/locations/eastus/operations/629b92a5-7723-4ed0-8151-d37b2e6048ba?api-version=2016-03-30",
      "EncodedRequestUri": "L3N1YnNjcmlwdGlvbnMvOTY1N2FiNWQtNGE0YS00ZmQyLWFlN2EtNGNkOWZiZDAzMGVmL3Byb3ZpZGVycy9NaWNyb3NvZnQuQ29tcHV0ZS9sb2NhdGlvbnMvZWFzdHVzL29wZXJhdGlvbnMvNjI5YjkyYTUtNzcyMy00ZWQwLTgxNTEtZDM3YjJlNjA0OGJhP2FwaS12ZXJzaW9uPTIwMTYtMDMtMzA=",
      "RequestMethod": "GET",
      "RequestBody": "",
      "RequestHeaders": {
        "User-Agent": [
          "FxVersion/4.6.24214.01",
          "Microsoft.Azure.Management.Compute.Fluent.ComputeManagementClient/1.0.0-beta4.1"
        ]
      },
      "ResponseBody": "{\r\n  \"startTime\": \"2017-01-06T19:36:03.3380494-08:00\",\r\n  \"endTime\": \"2017-01-06T19:37:21.870744-08:00\",\r\n  \"status\": \"Succeeded\",\r\n  \"name\": \"629b92a5-7723-4ed0-8151-d37b2e6048ba\"\r\n}",
      "ResponseHeaders": {
        "Content-Type": [
          "application/json; charset=utf-8"
        ],
        "Expires": [
          "-1"
        ],
        "Cache-Control": [
          "no-cache"
        ],
        "Date": [
          "Sat, 07 Jan 2017 03:37:33 GMT"
        ],
        "Pragma": [
          "no-cache"
        ],
        "Transfer-Encoding": [
          "chunked"
        ],
        "Server": [
          "Microsoft-HTTPAPI/2.0",
          "Microsoft-HTTPAPI/2.0"
        ],
        "Vary": [
          "Accept-Encoding"
        ],
        "Strict-Transport-Security": [
          "max-age=31536000; includeSubDomains"
        ],
        "x-ms-served-by": [
          "016478ec-a3fa-4201-8d1e-0d970daac07b_131281297180761991"
        ],
        "x-ms-request-id": [
          "42d8662a-6c45-4ca7-b8bc-ab3c421092cd"
        ],
        "x-ms-ratelimit-remaining-subscription-reads": [
          "14992"
        ],
        "x-ms-correlation-request-id": [
          "d0b2b63a-cf94-4495-afc7-2833658737fc"
        ],
        "x-ms-routing-request-id": [
          "CENTRALUS:20170107T033734Z:d0b2b63a-cf94-4495-afc7-2833658737fc"
        ]
      },
      "StatusCode": 200
    },
    {
      "RequestUri": "/subscriptions/9657ab5d-4a4a-4fd2-ae7a-4cd9fbd030ef/resourceGroups/vmexttest8035/providers/Microsoft.Compute/virtualMachines/javavm?api-version=2016-03-30",
      "EncodedRequestUri": "L3N1YnNjcmlwdGlvbnMvOTY1N2FiNWQtNGE0YS00ZmQyLWFlN2EtNGNkOWZiZDAzMGVmL3Jlc291cmNlR3JvdXBzL3ZtZXh0dGVzdDgwMzUvcHJvdmlkZXJzL01pY3Jvc29mdC5Db21wdXRlL3ZpcnR1YWxNYWNoaW5lcy9qYXZhdm0/YXBpLXZlcnNpb249MjAxNi0wMy0zMA==",
      "RequestMethod": "GET",
      "RequestBody": "",
      "RequestHeaders": {
        "User-Agent": [
          "FxVersion/4.6.24214.01",
          "Microsoft.Azure.Management.Compute.Fluent.ComputeManagementClient/1.0.0-beta4.1"
        ]
      },
      "ResponseBody": "{\r\n  \"properties\": {\r\n    \"vmId\": \"daf5145b-8f34-4fc3-b327-148feb478f45\",\r\n    \"hardwareProfile\": {\r\n      \"vmSize\": \"Standard_DS3_v2\"\r\n    },\r\n    \"storageProfile\": {\r\n      \"imageReference\": {\r\n        \"publisher\": \"Canonical\",\r\n        \"offer\": \"UbuntuServer\",\r\n        \"sku\": \"14.04.4-LTS\",\r\n        \"version\": \"latest\"\r\n      },\r\n      \"osDisk\": {\r\n        \"osType\": \"Linux\",\r\n        \"name\": \"javavm-os-disk\",\r\n        \"createOption\": \"FromImage\",\r\n        \"vhd\": {\r\n          \"uri\": \"https://stgjavavma5900999733.blob.core.windows.net/vhds/javavm-os-disk-9b406f4c-f8b5-41b8-80ca-9badf151841a.vhd\"\r\n        },\r\n        \"caching\": \"ReadWrite\"\r\n      },\r\n      \"dataDisks\": []\r\n    },\r\n    \"osProfile\": {\r\n      \"computerName\": \"javavm\",\r\n      \"adminUsername\": \"Foo12\",\r\n      \"linuxConfiguration\": {\r\n        \"disablePasswordAuthentication\": false\r\n      },\r\n      \"secrets\": []\r\n    },\r\n    \"networkProfile\": {\r\n      \"networkInterfaces\": [\r\n        {\r\n          \"id\": \"/subscriptions/9657ab5d-4a4a-4fd2-ae7a-4cd9fbd030ef/resourceGroups/vmexttest8035/providers/Microsoft.Network/networkInterfaces/nicjavavma59938977\",\r\n          \"properties\": {\r\n            \"primary\": true\r\n          }\r\n        }\r\n      ]\r\n    },\r\n    \"provisioningState\": \"Succeeded\"\r\n  },\r\n  \"type\": \"Microsoft.Compute/virtualMachines\",\r\n  \"location\": \"eastus\",\r\n  \"tags\": {},\r\n  \"id\": \"/subscriptions/9657ab5d-4a4a-4fd2-ae7a-4cd9fbd030ef/resourceGroups/vmexttest8035/providers/Microsoft.Compute/virtualMachines/javavm\",\r\n  \"name\": \"javavm\"\r\n}",
      "ResponseHeaders": {
        "Content-Type": [
          "application/json; charset=utf-8"
        ],
        "Expires": [
          "-1"
        ],
        "Cache-Control": [
          "no-cache"
        ],
        "Date": [
          "Sat, 07 Jan 2017 03:37:33 GMT"
        ],
        "Pragma": [
          "no-cache"
        ],
        "Transfer-Encoding": [
          "chunked"
        ],
        "Server": [
          "Microsoft-HTTPAPI/2.0",
          "Microsoft-HTTPAPI/2.0"
        ],
        "Vary": [
          "Accept-Encoding"
        ],
        "Strict-Transport-Security": [
          "max-age=31536000; includeSubDomains"
        ],
        "x-ms-served-by": [
          "016478ec-a3fa-4201-8d1e-0d970daac07b_131281297180761991"
        ],
        "x-ms-request-id": [
          "15d6d085-5611-47b0-8cbd-5c39af52bef8"
        ],
        "x-ms-ratelimit-remaining-subscription-reads": [
          "14991"
        ],
        "x-ms-correlation-request-id": [
          "a978a7b9-8d21-4c04-8616-f1c28f63a9fb"
        ],
        "x-ms-routing-request-id": [
          "CENTRALUS:20170107T033734Z:a978a7b9-8d21-4c04-8616-f1c28f63a9fb"
        ]
      },
      "StatusCode": 200
    },
    {
      "RequestUri": "/subscriptions/9657ab5d-4a4a-4fd2-ae7a-4cd9fbd030ef/resourceGroups/vmexttest8035/providers/Microsoft.Compute/virtualMachines/javavm?api-version=2016-03-30",
      "EncodedRequestUri": "L3N1YnNjcmlwdGlvbnMvOTY1N2FiNWQtNGE0YS00ZmQyLWFlN2EtNGNkOWZiZDAzMGVmL3Jlc291cmNlR3JvdXBzL3ZtZXh0dGVzdDgwMzUvcHJvdmlkZXJzL01pY3Jvc29mdC5Db21wdXRlL3ZpcnR1YWxNYWNoaW5lcy9qYXZhdm0/YXBpLXZlcnNpb249MjAxNi0wMy0zMA==",
      "RequestMethod": "GET",
      "RequestBody": "",
      "RequestHeaders": {
        "User-Agent": [
          "FxVersion/4.6.24214.01",
          "Microsoft.Azure.Management.Compute.Fluent.ComputeManagementClient/1.0.0-beta4.1"
        ]
      },
      "ResponseBody": "{\r\n  \"properties\": {\r\n    \"vmId\": \"daf5145b-8f34-4fc3-b327-148feb478f45\",\r\n    \"hardwareProfile\": {\r\n      \"vmSize\": \"Standard_DS3_v2\"\r\n    },\r\n    \"storageProfile\": {\r\n      \"imageReference\": {\r\n        \"publisher\": \"Canonical\",\r\n        \"offer\": \"UbuntuServer\",\r\n        \"sku\": \"14.04.4-LTS\",\r\n        \"version\": \"latest\"\r\n      },\r\n      \"osDisk\": {\r\n        \"osType\": \"Linux\",\r\n        \"name\": \"javavm-os-disk\",\r\n        \"createOption\": \"FromImage\",\r\n        \"vhd\": {\r\n          \"uri\": \"https://stgjavavma5900999733.blob.core.windows.net/vhds/javavm-os-disk-9b406f4c-f8b5-41b8-80ca-9badf151841a.vhd\"\r\n        },\r\n        \"caching\": \"ReadWrite\"\r\n      },\r\n      \"dataDisks\": []\r\n    },\r\n    \"osProfile\": {\r\n      \"computerName\": \"javavm\",\r\n      \"adminUsername\": \"Foo12\",\r\n      \"linuxConfiguration\": {\r\n        \"disablePasswordAuthentication\": false\r\n      },\r\n      \"secrets\": []\r\n    },\r\n    \"networkProfile\": {\r\n      \"networkInterfaces\": [\r\n        {\r\n          \"id\": \"/subscriptions/9657ab5d-4a4a-4fd2-ae7a-4cd9fbd030ef/resourceGroups/vmexttest8035/providers/Microsoft.Network/networkInterfaces/nicjavavma59938977\",\r\n          \"properties\": {\r\n            \"primary\": true\r\n          }\r\n        }\r\n      ]\r\n    },\r\n    \"provisioningState\": \"Succeeded\"\r\n  },\r\n  \"resources\": [\r\n    {\r\n      \"properties\": {\r\n        \"publisher\": \"Microsoft.OSTCExtensions\",\r\n        \"type\": \"VMAccessForLinux\",\r\n        \"typeHandlerVersion\": \"1.4\",\r\n        \"autoUpgradeMinorVersion\": false,\r\n        \"provisioningState\": \"Succeeded\"\r\n      },\r\n      \"type\": \"Microsoft.Compute/virtualMachines/extensions\",\r\n      \"location\": \"eastus\",\r\n      \"id\": \"/subscriptions/9657ab5d-4a4a-4fd2-ae7a-4cd9fbd030ef/resourceGroups/vmexttest8035/providers/Microsoft.Compute/virtualMachines/javavm/extensions/VMAccessForLinux\",\r\n      \"name\": \"VMAccessForLinux\"\r\n    }\r\n  ],\r\n  \"type\": \"Microsoft.Compute/virtualMachines\",\r\n  \"location\": \"eastus\",\r\n  \"tags\": {},\r\n  \"id\": \"/subscriptions/9657ab5d-4a4a-4fd2-ae7a-4cd9fbd030ef/resourceGroups/vmexttest8035/providers/Microsoft.Compute/virtualMachines/javavm\",\r\n  \"name\": \"javavm\"\r\n}",
      "ResponseHeaders": {
        "Content-Type": [
          "application/json; charset=utf-8"
        ],
        "Expires": [
          "-1"
        ],
        "Cache-Control": [
          "no-cache"
        ],
        "Date": [
          "Sat, 07 Jan 2017 03:39:06 GMT"
        ],
        "Pragma": [
          "no-cache"
        ],
        "Transfer-Encoding": [
          "chunked"
        ],
        "Server": [
          "Microsoft-HTTPAPI/2.0",
          "Microsoft-HTTPAPI/2.0"
        ],
        "Vary": [
          "Accept-Encoding"
        ],
        "Strict-Transport-Security": [
          "max-age=31536000; includeSubDomains"
        ],
        "x-ms-served-by": [
          "016478ec-a3fa-4201-8d1e-0d970daac07b_131281297180761991"
        ],
        "x-ms-request-id": [
          "dbb489b2-19fa-4420-8a1a-44dc0a425239"
        ],
        "x-ms-ratelimit-remaining-subscription-reads": [
          "14985"
        ],
        "x-ms-correlation-request-id": [
          "ea27af9c-e8c5-4042-9c15-16e9e0b7ef57"
        ],
        "x-ms-routing-request-id": [
          "CENTRALUS:20170107T033906Z:ea27af9c-e8c5-4042-9c15-16e9e0b7ef57"
        ]
      },
      "StatusCode": 200
    },
    {
      "RequestUri": "/subscriptions/9657ab5d-4a4a-4fd2-ae7a-4cd9fbd030ef/resourceGroups/vmexttest8035/providers/Microsoft.Compute/virtualMachines/javavm/extensions/VMAccessForLinux?api-version=2016-03-30",
      "EncodedRequestUri": "L3N1YnNjcmlwdGlvbnMvOTY1N2FiNWQtNGE0YS00ZmQyLWFlN2EtNGNkOWZiZDAzMGVmL3Jlc291cmNlR3JvdXBzL3ZtZXh0dGVzdDgwMzUvcHJvdmlkZXJzL01pY3Jvc29mdC5Db21wdXRlL3ZpcnR1YWxNYWNoaW5lcy9qYXZhdm0vZXh0ZW5zaW9ucy9WTUFjY2Vzc0ZvckxpbnV4P2FwaS12ZXJzaW9uPTIwMTYtMDMtMzA=",
      "RequestMethod": "PUT",
      "RequestBody": "{\r\n  \"properties\": {\r\n    \"publisher\": \"Microsoft.OSTCExtensions\",\r\n    \"type\": \"VMAccessForLinux\",\r\n    \"typeHandlerVersion\": \"1.4\",\r\n    \"protectedSettings\": {\r\n      \"username\": \"Foo12\",\r\n      \"password\": \"B12a6@12xyz!\",\r\n      \"reset_ssh\": \"true\"\r\n    }\r\n  },\r\n  \"location\": \"eastus\"\r\n}",
      "RequestHeaders": {
        "Content-Type": [
          "application/json; charset=utf-8"
        ],
        "Content-Length": [
          "291"
        ],
        "x-ms-client-request-id": [
          "c063c33b-705f-432e-9f7b-da05754a7e95"
        ],
        "accept-language": [
          "en-US"
        ],
        "User-Agent": [
          "FxVersion/4.6.24214.01",
          "Microsoft.Azure.Management.Compute.Fluent.ComputeManagementClient/1.0.0-beta4.1"
        ]
      },
      "ResponseBody": "{\r\n  \"properties\": {\r\n    \"publisher\": \"Microsoft.OSTCExtensions\",\r\n    \"type\": \"VMAccessForLinux\",\r\n    \"typeHandlerVersion\": \"1.4\",\r\n    \"autoUpgradeMinorVersion\": false,\r\n    \"provisioningState\": \"Creating\"\r\n  },\r\n  \"type\": \"Microsoft.Compute/virtualMachines/extensions\",\r\n  \"location\": \"eastus\",\r\n  \"id\": \"/subscriptions/9657ab5d-4a4a-4fd2-ae7a-4cd9fbd030ef/resourceGroups/vmexttest8035/providers/Microsoft.Compute/virtualMachines/javavm/extensions/VMAccessForLinux\",\r\n  \"name\": \"VMAccessForLinux\"\r\n}",
      "ResponseHeaders": {
        "Content-Length": [
          "504"
        ],
        "Content-Type": [
          "application/json; charset=utf-8"
        ],
        "Expires": [
          "-1"
        ],
        "Cache-Control": [
          "no-cache"
        ],
        "Date": [
          "Sat, 07 Jan 2017 03:37:34 GMT"
        ],
        "Pragma": [
          "no-cache"
        ],
        "Server": [
          "Microsoft-HTTPAPI/2.0",
          "Microsoft-HTTPAPI/2.0"
        ],
        "Azure-AsyncOperation": [
          "https://management.azure.com/subscriptions/9657ab5d-4a4a-4fd2-ae7a-4cd9fbd030ef/providers/Microsoft.Compute/locations/eastus/operations/b13e010e-b8a9-45c1-9afc-f08c03e7a9fd?api-version=2016-03-30"
        ],
        "Strict-Transport-Security": [
          "max-age=31536000; includeSubDomains"
        ],
        "x-ms-served-by": [
          "016478ec-a3fa-4201-8d1e-0d970daac07b_131281297180761991"
        ],
        "x-ms-request-id": [
          "b13e010e-b8a9-45c1-9afc-f08c03e7a9fd"
        ],
        "x-ms-ratelimit-remaining-subscription-writes": [
          "1194"
        ],
        "x-ms-correlation-request-id": [
          "ab9326a9-bc31-4f37-80ac-0d1fe9c8f270"
        ],
        "x-ms-routing-request-id": [
          "CENTRALUS:20170107T033735Z:ab9326a9-bc31-4f37-80ac-0d1fe9c8f270"
        ]
      },
      "StatusCode": 201
    },
    {
      "RequestUri": "/subscriptions/9657ab5d-4a4a-4fd2-ae7a-4cd9fbd030ef/resourceGroups/vmexttest8035/providers/Microsoft.Compute/virtualMachines/javavm/extensions/VMAccessForLinux?api-version=2016-03-30",
      "EncodedRequestUri": "L3N1YnNjcmlwdGlvbnMvOTY1N2FiNWQtNGE0YS00ZmQyLWFlN2EtNGNkOWZiZDAzMGVmL3Jlc291cmNlR3JvdXBzL3ZtZXh0dGVzdDgwMzUvcHJvdmlkZXJzL01pY3Jvc29mdC5Db21wdXRlL3ZpcnR1YWxNYWNoaW5lcy9qYXZhdm0vZXh0ZW5zaW9ucy9WTUFjY2Vzc0ZvckxpbnV4P2FwaS12ZXJzaW9uPTIwMTYtMDMtMzA=",
      "RequestMethod": "PUT",
      "RequestBody": "{\r\n  \"properties\": {\r\n    \"publisher\": \"Microsoft.OSTCExtensions\",\r\n    \"type\": \"VMAccessForLinux\",\r\n    \"autoUpgradeMinorVersion\": false,\r\n    \"protectedSettings\": {\r\n      \"username\": \"Foo12\",\r\n      \"password\": \"muy!234OR\",\r\n      \"reset_ssh\": \"true\"\r\n    }\r\n  },\r\n  \"id\": \"/subscriptions/9657ab5d-4a4a-4fd2-ae7a-4cd9fbd030ef/resourceGroups/vmexttest8035/providers/Microsoft.Compute/virtualMachines/javavm/extensions/VMAccessForLinux\",\r\n  \"location\": \"eastus\"\r\n}",
      "RequestHeaders": {
        "Content-Type": [
          "application/json; charset=utf-8"
        ],
        "Content-Length": [
          "465"
        ],
        "x-ms-client-request-id": [
          "6349ad67-22da-4273-bb59-aec2c01b1738"
        ],
        "accept-language": [
          "en-US"
        ],
        "User-Agent": [
          "FxVersion/4.6.24214.01",
          "Microsoft.Azure.Management.Compute.Fluent.ComputeManagementClient/1.0.0-beta4.1"
        ]
      },
      "ResponseBody": "{\r\n  \"properties\": {\r\n    \"publisher\": \"Microsoft.OSTCExtensions\",\r\n    \"type\": \"VMAccessForLinux\",\r\n    \"typeHandlerVersion\": \"1.4\",\r\n    \"autoUpgradeMinorVersion\": false,\r\n    \"provisioningState\": \"Updating\"\r\n  },\r\n  \"type\": \"Microsoft.Compute/virtualMachines/extensions\",\r\n  \"location\": \"eastus\",\r\n  \"id\": \"/subscriptions/9657ab5d-4a4a-4fd2-ae7a-4cd9fbd030ef/resourceGroups/vmexttest8035/providers/Microsoft.Compute/virtualMachines/javavm/extensions/VMAccessForLinux\",\r\n  \"name\": \"VMAccessForLinux\"\r\n}",
      "ResponseHeaders": {
        "Content-Type": [
          "application/json; charset=utf-8"
        ],
        "Expires": [
          "-1"
        ],
        "Cache-Control": [
          "no-cache"
        ],
        "Date": [
          "Sat, 07 Jan 2017 03:39:06 GMT"
        ],
        "Pragma": [
          "no-cache"
        ],
        "Transfer-Encoding": [
          "chunked"
        ],
        "Server": [
          "Microsoft-HTTPAPI/2.0",
          "Microsoft-HTTPAPI/2.0"
        ],
        "Vary": [
          "Accept-Encoding"
        ],
        "Azure-AsyncOperation": [
          "https://management.azure.com/subscriptions/9657ab5d-4a4a-4fd2-ae7a-4cd9fbd030ef/providers/Microsoft.Compute/locations/eastus/operations/add2a56b-31f9-415f-aa73-fa75603675bc?api-version=2016-03-30"
        ],
        "Strict-Transport-Security": [
          "max-age=31536000; includeSubDomains"
        ],
        "x-ms-served-by": [
          "016478ec-a3fa-4201-8d1e-0d970daac07b_131281297180761991"
        ],
        "x-ms-request-id": [
          "add2a56b-31f9-415f-aa73-fa75603675bc"
        ],
        "x-ms-ratelimit-remaining-subscription-writes": [
          "1192"
        ],
        "x-ms-correlation-request-id": [
          "003a2a28-427b-4a94-8a80-094a24cba213"
        ],
        "x-ms-routing-request-id": [
          "CENTRALUS:20170107T033907Z:003a2a28-427b-4a94-8a80-094a24cba213"
        ]
      },
      "StatusCode": 200
    },
    {
      "RequestUri": "/subscriptions/9657ab5d-4a4a-4fd2-ae7a-4cd9fbd030ef/providers/Microsoft.Compute/locations/eastus/operations/b13e010e-b8a9-45c1-9afc-f08c03e7a9fd?api-version=2016-03-30",
      "EncodedRequestUri": "L3N1YnNjcmlwdGlvbnMvOTY1N2FiNWQtNGE0YS00ZmQyLWFlN2EtNGNkOWZiZDAzMGVmL3Byb3ZpZGVycy9NaWNyb3NvZnQuQ29tcHV0ZS9sb2NhdGlvbnMvZWFzdHVzL29wZXJhdGlvbnMvYjEzZTAxMGUtYjhhOS00NWMxLTlhZmMtZjA4YzAzZTdhOWZkP2FwaS12ZXJzaW9uPTIwMTYtMDMtMzA=",
      "RequestMethod": "GET",
      "RequestBody": "",
      "RequestHeaders": {
        "User-Agent": [
          "FxVersion/4.6.24214.01",
          "Microsoft.Azure.Management.Compute.Fluent.ComputeManagementClient/1.0.0-beta4.1"
        ]
      },
      "ResponseBody": "{\r\n  \"startTime\": \"2017-01-06T19:37:34.9957221-08:00\",\r\n  \"status\": \"InProgress\",\r\n  \"name\": \"b13e010e-b8a9-45c1-9afc-f08c03e7a9fd\"\r\n}",
      "ResponseHeaders": {
        "Content-Type": [
          "application/json; charset=utf-8"
        ],
        "Expires": [
          "-1"
        ],
        "Cache-Control": [
          "no-cache"
        ],
        "Date": [
          "Sat, 07 Jan 2017 03:38:05 GMT"
        ],
        "Pragma": [
          "no-cache"
        ],
        "Transfer-Encoding": [
          "chunked"
        ],
        "Server": [
          "Microsoft-HTTPAPI/2.0",
          "Microsoft-HTTPAPI/2.0"
        ],
        "Vary": [
          "Accept-Encoding"
        ],
        "Strict-Transport-Security": [
          "max-age=31536000; includeSubDomains"
        ],
        "x-ms-served-by": [
          "016478ec-a3fa-4201-8d1e-0d970daac07b_131281297180761991"
        ],
        "x-ms-request-id": [
          "0be0ddd6-4274-41df-8cc2-a9b0d7304c03"
        ],
        "x-ms-ratelimit-remaining-subscription-reads": [
          "14990"
        ],
        "x-ms-correlation-request-id": [
          "ff64aaec-dda2-4231-bd06-4b72db0d840f"
        ],
        "x-ms-routing-request-id": [
          "CENTRALUS:20170107T033805Z:ff64aaec-dda2-4231-bd06-4b72db0d840f"
        ]
      },
      "StatusCode": 200
    },
    {
      "RequestUri": "/subscriptions/9657ab5d-4a4a-4fd2-ae7a-4cd9fbd030ef/providers/Microsoft.Compute/locations/eastus/operations/b13e010e-b8a9-45c1-9afc-f08c03e7a9fd?api-version=2016-03-30",
      "EncodedRequestUri": "L3N1YnNjcmlwdGlvbnMvOTY1N2FiNWQtNGE0YS00ZmQyLWFlN2EtNGNkOWZiZDAzMGVmL3Byb3ZpZGVycy9NaWNyb3NvZnQuQ29tcHV0ZS9sb2NhdGlvbnMvZWFzdHVzL29wZXJhdGlvbnMvYjEzZTAxMGUtYjhhOS00NWMxLTlhZmMtZjA4YzAzZTdhOWZkP2FwaS12ZXJzaW9uPTIwMTYtMDMtMzA=",
      "RequestMethod": "GET",
      "RequestBody": "",
      "RequestHeaders": {
        "User-Agent": [
          "FxVersion/4.6.24214.01",
          "Microsoft.Azure.Management.Compute.Fluent.ComputeManagementClient/1.0.0-beta4.1"
        ]
      },
      "ResponseBody": "{\r\n  \"startTime\": \"2017-01-06T19:37:34.9957221-08:00\",\r\n  \"endTime\": \"2017-01-06T19:38:30.4332279-08:00\",\r\n  \"status\": \"Succeeded\",\r\n  \"name\": \"b13e010e-b8a9-45c1-9afc-f08c03e7a9fd\"\r\n}",
      "ResponseHeaders": {
        "Content-Type": [
          "application/json; charset=utf-8"
        ],
        "Expires": [
          "-1"
        ],
        "Cache-Control": [
          "no-cache"
        ],
        "Date": [
          "Sat, 07 Jan 2017 03:38:35 GMT"
        ],
        "Pragma": [
          "no-cache"
        ],
        "Transfer-Encoding": [
          "chunked"
        ],
        "Server": [
          "Microsoft-HTTPAPI/2.0",
          "Microsoft-HTTPAPI/2.0"
        ],
        "Vary": [
          "Accept-Encoding"
        ],
        "Strict-Transport-Security": [
          "max-age=31536000; includeSubDomains"
        ],
        "x-ms-served-by": [
          "016478ec-a3fa-4201-8d1e-0d970daac07b_131281297180761991"
        ],
        "x-ms-request-id": [
          "d93f85c4-e108-401a-ab48-87747a5e41f0"
        ],
        "x-ms-ratelimit-remaining-subscription-reads": [
          "14989"
        ],
        "x-ms-correlation-request-id": [
          "36663514-e708-46e8-9f32-4a1621300143"
        ],
        "x-ms-routing-request-id": [
          "CENTRALUS:20170107T033835Z:36663514-e708-46e8-9f32-4a1621300143"
        ]
      },
      "StatusCode": 200
    },
    {
      "RequestUri": "/subscriptions/9657ab5d-4a4a-4fd2-ae7a-4cd9fbd030ef/resourceGroups/vmexttest8035/providers/Microsoft.Compute/virtualMachines/javavm/extensions/VMAccessForLinux?api-version=2016-03-30",
      "EncodedRequestUri": "L3N1YnNjcmlwdGlvbnMvOTY1N2FiNWQtNGE0YS00ZmQyLWFlN2EtNGNkOWZiZDAzMGVmL3Jlc291cmNlR3JvdXBzL3ZtZXh0dGVzdDgwMzUvcHJvdmlkZXJzL01pY3Jvc29mdC5Db21wdXRlL3ZpcnR1YWxNYWNoaW5lcy9qYXZhdm0vZXh0ZW5zaW9ucy9WTUFjY2Vzc0ZvckxpbnV4P2FwaS12ZXJzaW9uPTIwMTYtMDMtMzA=",
      "RequestMethod": "GET",
      "RequestBody": "",
      "RequestHeaders": {
        "User-Agent": [
          "FxVersion/4.6.24214.01",
          "Microsoft.Azure.Management.Compute.Fluent.ComputeManagementClient/1.0.0-beta4.1"
        ]
      },
      "ResponseBody": "{\r\n  \"properties\": {\r\n    \"publisher\": \"Microsoft.OSTCExtensions\",\r\n    \"type\": \"VMAccessForLinux\",\r\n    \"typeHandlerVersion\": \"1.4\",\r\n    \"autoUpgradeMinorVersion\": false,\r\n    \"provisioningState\": \"Succeeded\"\r\n  },\r\n  \"type\": \"Microsoft.Compute/virtualMachines/extensions\",\r\n  \"location\": \"eastus\",\r\n  \"id\": \"/subscriptions/9657ab5d-4a4a-4fd2-ae7a-4cd9fbd030ef/resourceGroups/vmexttest8035/providers/Microsoft.Compute/virtualMachines/javavm/extensions/VMAccessForLinux\",\r\n  \"name\": \"VMAccessForLinux\"\r\n}",
      "ResponseHeaders": {
        "Content-Type": [
          "application/json; charset=utf-8"
        ],
        "Expires": [
          "-1"
        ],
        "Cache-Control": [
          "no-cache"
        ],
        "Date": [
          "Sat, 07 Jan 2017 03:38:35 GMT"
        ],
        "Pragma": [
          "no-cache"
        ],
        "Transfer-Encoding": [
          "chunked"
        ],
        "Server": [
          "Microsoft-HTTPAPI/2.0",
          "Microsoft-HTTPAPI/2.0"
        ],
        "Vary": [
          "Accept-Encoding"
        ],
        "Strict-Transport-Security": [
          "max-age=31536000; includeSubDomains"
        ],
        "x-ms-served-by": [
          "016478ec-a3fa-4201-8d1e-0d970daac07b_131281297180761991"
        ],
        "x-ms-request-id": [
          "3f9f0cb6-62ce-4dd6-8498-a31264b358b6"
        ],
        "x-ms-ratelimit-remaining-subscription-reads": [
          "14988"
        ],
        "x-ms-correlation-request-id": [
          "3adbb961-7228-4c9b-9264-ff2cf1653ff5"
        ],
        "x-ms-routing-request-id": [
          "CENTRALUS:20170107T033835Z:3adbb961-7228-4c9b-9264-ff2cf1653ff5"
        ]
      },
      "StatusCode": 200
    },
    {
      "RequestUri": "/subscriptions/9657ab5d-4a4a-4fd2-ae7a-4cd9fbd030ef/resourceGroups/vmexttest8035/providers/Microsoft.Compute/virtualMachines/javavm/extensions/VMAccessForLinux?api-version=2016-03-30",
      "EncodedRequestUri": "L3N1YnNjcmlwdGlvbnMvOTY1N2FiNWQtNGE0YS00ZmQyLWFlN2EtNGNkOWZiZDAzMGVmL3Jlc291cmNlR3JvdXBzL3ZtZXh0dGVzdDgwMzUvcHJvdmlkZXJzL01pY3Jvc29mdC5Db21wdXRlL3ZpcnR1YWxNYWNoaW5lcy9qYXZhdm0vZXh0ZW5zaW9ucy9WTUFjY2Vzc0ZvckxpbnV4P2FwaS12ZXJzaW9uPTIwMTYtMDMtMzA=",
      "RequestMethod": "GET",
      "RequestBody": "",
      "RequestHeaders": {
        "x-ms-client-request-id": [
          "57f964c7-7228-47dc-afbf-e2952f5b3eb6"
        ],
        "accept-language": [
          "en-US"
        ],
        "User-Agent": [
          "FxVersion/4.6.24214.01",
          "Microsoft.Azure.Management.Compute.Fluent.ComputeManagementClient/1.0.0-beta4.1"
        ]
      },
      "ResponseBody": "{\r\n  \"properties\": {\r\n    \"publisher\": \"Microsoft.OSTCExtensions\",\r\n    \"type\": \"VMAccessForLinux\",\r\n    \"typeHandlerVersion\": \"1.4\",\r\n    \"autoUpgradeMinorVersion\": false,\r\n    \"provisioningState\": \"Succeeded\"\r\n  },\r\n  \"type\": \"Microsoft.Compute/virtualMachines/extensions\",\r\n  \"location\": \"eastus\",\r\n  \"id\": \"/subscriptions/9657ab5d-4a4a-4fd2-ae7a-4cd9fbd030ef/resourceGroups/vmexttest8035/providers/Microsoft.Compute/virtualMachines/javavm/extensions/VMAccessForLinux\",\r\n  \"name\": \"VMAccessForLinux\"\r\n}",
      "ResponseHeaders": {
        "Content-Type": [
          "application/json; charset=utf-8"
        ],
        "Expires": [
          "-1"
        ],
        "Cache-Control": [
          "no-cache"
        ],
        "Date": [
          "Sat, 07 Jan 2017 03:39:06 GMT"
        ],
        "Pragma": [
          "no-cache"
        ],
        "Transfer-Encoding": [
          "chunked"
        ],
        "Server": [
          "Microsoft-HTTPAPI/2.0",
          "Microsoft-HTTPAPI/2.0"
        ],
        "Vary": [
          "Accept-Encoding"
        ],
        "Strict-Transport-Security": [
          "max-age=31536000; includeSubDomains"
        ],
        "x-ms-served-by": [
          "016478ec-a3fa-4201-8d1e-0d970daac07b_131281297180761991"
        ],
        "x-ms-request-id": [
          "1cd8c960-8ec0-41c3-9029-4df4892c03b5"
        ],
        "x-ms-ratelimit-remaining-subscription-reads": [
          "14984"
        ],
        "x-ms-correlation-request-id": [
          "e8b1dec2-cd07-458f-b72f-ce2d8b0ba03b"
        ],
        "x-ms-routing-request-id": [
          "CENTRALUS:20170107T033906Z:e8b1dec2-cd07-458f-b72f-ce2d8b0ba03b"
        ]
      },
      "StatusCode": 200
    },
    {
      "RequestUri": "/subscriptions/9657ab5d-4a4a-4fd2-ae7a-4cd9fbd030ef/resourceGroups/vmexttest8035/providers/Microsoft.Compute/virtualMachines/javavm/extensions/VMAccessForLinux?api-version=2016-03-30",
      "EncodedRequestUri": "L3N1YnNjcmlwdGlvbnMvOTY1N2FiNWQtNGE0YS00ZmQyLWFlN2EtNGNkOWZiZDAzMGVmL3Jlc291cmNlR3JvdXBzL3ZtZXh0dGVzdDgwMzUvcHJvdmlkZXJzL01pY3Jvc29mdC5Db21wdXRlL3ZpcnR1YWxNYWNoaW5lcy9qYXZhdm0vZXh0ZW5zaW9ucy9WTUFjY2Vzc0ZvckxpbnV4P2FwaS12ZXJzaW9uPTIwMTYtMDMtMzA=",
      "RequestMethod": "GET",
      "RequestBody": "",
      "RequestHeaders": {
        "User-Agent": [
          "FxVersion/4.6.24214.01",
          "Microsoft.Azure.Management.Compute.Fluent.ComputeManagementClient/1.0.0-beta4.1"
        ]
      },
      "ResponseBody": "{\r\n  \"properties\": {\r\n    \"publisher\": \"Microsoft.OSTCExtensions\",\r\n    \"type\": \"VMAccessForLinux\",\r\n    \"typeHandlerVersion\": \"1.4\",\r\n    \"autoUpgradeMinorVersion\": false,\r\n    \"provisioningState\": \"Succeeded\"\r\n  },\r\n  \"type\": \"Microsoft.Compute/virtualMachines/extensions\",\r\n  \"location\": \"eastus\",\r\n  \"id\": \"/subscriptions/9657ab5d-4a4a-4fd2-ae7a-4cd9fbd030ef/resourceGroups/vmexttest8035/providers/Microsoft.Compute/virtualMachines/javavm/extensions/VMAccessForLinux\",\r\n  \"name\": \"VMAccessForLinux\"\r\n}",
      "ResponseHeaders": {
        "Content-Type": [
          "application/json; charset=utf-8"
        ],
        "Expires": [
          "-1"
        ],
        "Cache-Control": [
          "no-cache"
        ],
        "Date": [
          "Sat, 07 Jan 2017 03:40:37 GMT"
        ],
        "Pragma": [
          "no-cache"
        ],
        "Transfer-Encoding": [
          "chunked"
        ],
        "Server": [
          "Microsoft-HTTPAPI/2.0",
          "Microsoft-HTTPAPI/2.0"
        ],
        "Vary": [
          "Accept-Encoding"
        ],
        "Strict-Transport-Security": [
          "max-age=31536000; includeSubDomains"
        ],
        "x-ms-served-by": [
          "016478ec-a3fa-4201-8d1e-0d970daac07b_131281297180761991"
        ],
        "x-ms-request-id": [
          "bdf7ef07-3a7c-4534-9a10-842236d5c7c5"
        ],
        "x-ms-ratelimit-remaining-subscription-reads": [
          "14979"
        ],
        "x-ms-correlation-request-id": [
          "edac8d7d-be21-4d3c-bf46-d7a98edf2c23"
        ],
        "x-ms-routing-request-id": [
          "CENTRALUS:20170107T034037Z:edac8d7d-be21-4d3c-bf46-d7a98edf2c23"
        ]
      },
      "StatusCode": 200
    },
    {
      "RequestUri": "/subscriptions/9657ab5d-4a4a-4fd2-ae7a-4cd9fbd030ef/resourceGroups/vmexttest8035/providers/Microsoft.Compute/virtualMachines/javavm/extensions/VMAccessForLinux?api-version=2016-03-30",
      "EncodedRequestUri": "L3N1YnNjcmlwdGlvbnMvOTY1N2FiNWQtNGE0YS00ZmQyLWFlN2EtNGNkOWZiZDAzMGVmL3Jlc291cmNlR3JvdXBzL3ZtZXh0dGVzdDgwMzUvcHJvdmlkZXJzL01pY3Jvc29mdC5Db21wdXRlL3ZpcnR1YWxNYWNoaW5lcy9qYXZhdm0vZXh0ZW5zaW9ucy9WTUFjY2Vzc0ZvckxpbnV4P2FwaS12ZXJzaW9uPTIwMTYtMDMtMzA=",
      "RequestMethod": "GET",
      "RequestBody": "",
      "RequestHeaders": {
        "x-ms-client-request-id": [
          "15966949-cd61-40bb-8d7e-5a55b4df36ab"
        ],
        "accept-language": [
          "en-US"
        ],
        "User-Agent": [
          "FxVersion/4.6.24214.01",
          "Microsoft.Azure.Management.Compute.Fluent.ComputeManagementClient/1.0.0-beta4.1"
        ]
      },
      "ResponseBody": "{\r\n  \"properties\": {\r\n    \"publisher\": \"Microsoft.OSTCExtensions\",\r\n    \"type\": \"VMAccessForLinux\",\r\n    \"typeHandlerVersion\": \"1.4\",\r\n    \"autoUpgradeMinorVersion\": false,\r\n    \"provisioningState\": \"Succeeded\"\r\n  },\r\n  \"type\": \"Microsoft.Compute/virtualMachines/extensions\",\r\n  \"location\": \"eastus\",\r\n  \"id\": \"/subscriptions/9657ab5d-4a4a-4fd2-ae7a-4cd9fbd030ef/resourceGroups/vmexttest8035/providers/Microsoft.Compute/virtualMachines/javavm/extensions/VMAccessForLinux\",\r\n  \"name\": \"VMAccessForLinux\"\r\n}",
      "ResponseHeaders": {
        "Content-Type": [
          "application/json; charset=utf-8"
        ],
        "Expires": [
          "-1"
        ],
        "Cache-Control": [
          "no-cache"
        ],
        "Date": [
          "Sat, 07 Jan 2017 03:40:37 GMT"
        ],
        "Pragma": [
          "no-cache"
        ],
        "Transfer-Encoding": [
          "chunked"
        ],
        "Server": [
          "Microsoft-HTTPAPI/2.0",
          "Microsoft-HTTPAPI/2.0"
        ],
        "Vary": [
          "Accept-Encoding"
        ],
        "Strict-Transport-Security": [
          "max-age=31536000; includeSubDomains"
        ],
        "x-ms-served-by": [
          "016478ec-a3fa-4201-8d1e-0d970daac07b_131281297180761991"
        ],
        "x-ms-request-id": [
          "167c8bdb-acb8-4f44-ae2b-9e15f803511a"
        ],
        "x-ms-ratelimit-remaining-subscription-reads": [
          "14977"
        ],
        "x-ms-correlation-request-id": [
          "9db48a9c-97b6-497f-b986-86f299f28a6d"
        ],
        "x-ms-routing-request-id": [
          "CENTRALUS:20170107T034037Z:9db48a9c-97b6-497f-b986-86f299f28a6d"
        ]
      },
      "StatusCode": 200
    },
    {
      "RequestUri": "/subscriptions/9657ab5d-4a4a-4fd2-ae7a-4cd9fbd030ef/resourceGroups/vmexttest8035/providers/Microsoft.Compute/virtualMachines?api-version=2016-03-30",
      "EncodedRequestUri": "L3N1YnNjcmlwdGlvbnMvOTY1N2FiNWQtNGE0YS00ZmQyLWFlN2EtNGNkOWZiZDAzMGVmL3Jlc291cmNlR3JvdXBzL3ZtZXh0dGVzdDgwMzUvcHJvdmlkZXJzL01pY3Jvc29mdC5Db21wdXRlL3ZpcnR1YWxNYWNoaW5lcz9hcGktdmVyc2lvbj0yMDE2LTAzLTMw",
      "RequestMethod": "GET",
      "RequestBody": "",
      "RequestHeaders": {
        "x-ms-client-request-id": [
          "a5c33cc3-f1a6-430b-8f3b-596c3e5c8da1"
        ],
        "accept-language": [
          "en-US"
        ],
        "User-Agent": [
          "FxVersion/4.6.24214.01",
          "Microsoft.Azure.Management.Compute.Fluent.ComputeManagementClient/1.0.0-beta4.1"
        ]
      },
      "ResponseBody": "{\r\n  \"value\": [\r\n    {\r\n      \"properties\": {\r\n        \"vmId\": \"daf5145b-8f34-4fc3-b327-148feb478f45\",\r\n        \"hardwareProfile\": {\r\n          \"vmSize\": \"Standard_DS3_v2\"\r\n        },\r\n        \"storageProfile\": {\r\n          \"imageReference\": {\r\n            \"publisher\": \"Canonical\",\r\n            \"offer\": \"UbuntuServer\",\r\n            \"sku\": \"14.04.4-LTS\",\r\n            \"version\": \"latest\"\r\n          },\r\n          \"osDisk\": {\r\n            \"osType\": \"Linux\",\r\n            \"name\": \"javavm-os-disk\",\r\n            \"createOption\": \"FromImage\",\r\n            \"vhd\": {\r\n              \"uri\": \"https://stgjavavma5900999733.blob.core.windows.net/vhds/javavm-os-disk-9b406f4c-f8b5-41b8-80ca-9badf151841a.vhd\"\r\n            },\r\n            \"caching\": \"ReadWrite\"\r\n          },\r\n          \"dataDisks\": []\r\n        },\r\n        \"osProfile\": {\r\n          \"computerName\": \"javavm\",\r\n          \"adminUsername\": \"Foo12\",\r\n          \"linuxConfiguration\": {\r\n            \"disablePasswordAuthentication\": false\r\n          },\r\n          \"secrets\": []\r\n        },\r\n        \"networkProfile\": {\r\n          \"networkInterfaces\": [\r\n            {\r\n              \"id\": \"/subscriptions/9657ab5d-4a4a-4fd2-ae7a-4cd9fbd030ef/resourceGroups/vmexttest8035/providers/Microsoft.Network/networkInterfaces/nicjavavma59938977\",\r\n              \"properties\": {\r\n                \"primary\": true\r\n              }\r\n            }\r\n          ]\r\n        },\r\n        \"provisioningState\": \"Succeeded\"\r\n      },\r\n      \"resources\": [\r\n        {\r\n          \"id\": \"/subscriptions/9657ab5d-4a4a-4fd2-ae7a-4cd9fbd030ef/resourceGroups/vmexttest8035/providers/Microsoft.Compute/virtualMachines/javavm/extensions/VMAccessForLinux\"\r\n        }\r\n      ],\r\n      \"type\": \"Microsoft.Compute/virtualMachines\",\r\n      \"location\": \"eastus\",\r\n      \"tags\": {},\r\n      \"id\": \"/subscriptions/9657ab5d-4a4a-4fd2-ae7a-4cd9fbd030ef/resourceGroups/vmexttest8035/providers/Microsoft.Compute/virtualMachines/javavm\",\r\n      \"name\": \"javavm\"\r\n    }\r\n  ]\r\n}",
      "ResponseHeaders": {
        "Content-Type": [
          "application/json; charset=utf-8"
        ],
        "Expires": [
          "-1"
        ],
        "Cache-Control": [
          "no-cache"
        ],
        "Date": [
          "Sat, 07 Jan 2017 03:38:35 GMT"
        ],
        "Pragma": [
          "no-cache"
        ],
        "Transfer-Encoding": [
          "chunked"
        ],
        "Server": [
          "Microsoft-HTTPAPI/2.0",
          "Microsoft-HTTPAPI/2.0"
        ],
        "Vary": [
          "Accept-Encoding"
        ],
        "Strict-Transport-Security": [
          "max-age=31536000; includeSubDomains"
        ],
        "x-ms-served-by": [
          "016478ec-a3fa-4201-8d1e-0d970daac07b_131281297180761991"
        ],
        "x-ms-request-id": [
          "17a4b7ab-31f8-4e7e-8075-65b54b23c418"
        ],
        "x-ms-ratelimit-remaining-subscription-reads": [
          "14987"
        ],
        "x-ms-correlation-request-id": [
          "9eba2e7c-0bd9-4ab5-aeeb-6f35d3a8c924"
        ],
        "x-ms-routing-request-id": [
          "CENTRALUS:20170107T033835Z:9eba2e7c-0bd9-4ab5-aeeb-6f35d3a8c924"
        ]
      },
      "StatusCode": 200
    },
    {
      "RequestUri": "/subscriptions/9657ab5d-4a4a-4fd2-ae7a-4cd9fbd030ef/resourceGroups/vmexttest8035/providers/Microsoft.Compute/virtualMachines?api-version=2016-03-30",
      "EncodedRequestUri": "L3N1YnNjcmlwdGlvbnMvOTY1N2FiNWQtNGE0YS00ZmQyLWFlN2EtNGNkOWZiZDAzMGVmL3Jlc291cmNlR3JvdXBzL3ZtZXh0dGVzdDgwMzUvcHJvdmlkZXJzL01pY3Jvc29mdC5Db21wdXRlL3ZpcnR1YWxNYWNoaW5lcz9hcGktdmVyc2lvbj0yMDE2LTAzLTMw",
      "RequestMethod": "GET",
      "RequestBody": "",
      "RequestHeaders": {
        "x-ms-client-request-id": [
          "f75fceb3-1690-41d0-8440-0a97ec940cdf"
        ],
        "accept-language": [
          "en-US"
        ],
        "User-Agent": [
          "FxVersion/4.6.24214.01",
          "Microsoft.Azure.Management.Compute.Fluent.ComputeManagementClient/1.0.0-beta4.1"
        ]
      },
      "ResponseBody": "{\r\n  \"value\": [\r\n    {\r\n      \"properties\": {\r\n        \"vmId\": \"daf5145b-8f34-4fc3-b327-148feb478f45\",\r\n        \"hardwareProfile\": {\r\n          \"vmSize\": \"Standard_DS3_v2\"\r\n        },\r\n        \"storageProfile\": {\r\n          \"imageReference\": {\r\n            \"publisher\": \"Canonical\",\r\n            \"offer\": \"UbuntuServer\",\r\n            \"sku\": \"14.04.4-LTS\",\r\n            \"version\": \"latest\"\r\n          },\r\n          \"osDisk\": {\r\n            \"osType\": \"Linux\",\r\n            \"name\": \"javavm-os-disk\",\r\n            \"createOption\": \"FromImage\",\r\n            \"vhd\": {\r\n              \"uri\": \"https://stgjavavma5900999733.blob.core.windows.net/vhds/javavm-os-disk-9b406f4c-f8b5-41b8-80ca-9badf151841a.vhd\"\r\n            },\r\n            \"caching\": \"ReadWrite\"\r\n          },\r\n          \"dataDisks\": []\r\n        },\r\n        \"osProfile\": {\r\n          \"computerName\": \"javavm\",\r\n          \"adminUsername\": \"Foo12\",\r\n          \"linuxConfiguration\": {\r\n            \"disablePasswordAuthentication\": false\r\n          },\r\n          \"secrets\": []\r\n        },\r\n        \"networkProfile\": {\r\n          \"networkInterfaces\": [\r\n            {\r\n              \"id\": \"/subscriptions/9657ab5d-4a4a-4fd2-ae7a-4cd9fbd030ef/resourceGroups/vmexttest8035/providers/Microsoft.Network/networkInterfaces/nicjavavma59938977\",\r\n              \"properties\": {\r\n                \"primary\": true\r\n              }\r\n            }\r\n          ]\r\n        },\r\n        \"provisioningState\": \"Succeeded\"\r\n      },\r\n      \"resources\": [\r\n        {\r\n          \"id\": \"/subscriptions/9657ab5d-4a4a-4fd2-ae7a-4cd9fbd030ef/resourceGroups/vmexttest8035/providers/Microsoft.Compute/virtualMachines/javavm/extensions/VMAccessForLinux\"\r\n        }\r\n      ],\r\n      \"type\": \"Microsoft.Compute/virtualMachines\",\r\n      \"location\": \"eastus\",\r\n      \"tags\": {},\r\n      \"id\": \"/subscriptions/9657ab5d-4a4a-4fd2-ae7a-4cd9fbd030ef/resourceGroups/vmexttest8035/providers/Microsoft.Compute/virtualMachines/javavm\",\r\n      \"name\": \"javavm\"\r\n    }\r\n  ]\r\n}",
      "ResponseHeaders": {
        "Content-Type": [
          "application/json; charset=utf-8"
        ],
        "Expires": [
          "-1"
        ],
        "Cache-Control": [
          "no-cache"
        ],
        "Date": [
          "Sat, 07 Jan 2017 03:40:37 GMT"
        ],
        "Pragma": [
          "no-cache"
        ],
        "Transfer-Encoding": [
          "chunked"
        ],
        "Server": [
          "Microsoft-HTTPAPI/2.0",
          "Microsoft-HTTPAPI/2.0"
        ],
        "Vary": [
          "Accept-Encoding"
        ],
        "Strict-Transport-Security": [
          "max-age=31536000; includeSubDomains"
        ],
        "x-ms-served-by": [
          "016478ec-a3fa-4201-8d1e-0d970daac07b_131281297180761991"
        ],
        "x-ms-request-id": [
          "179541bb-19fd-4c4d-9f14-a2ed99b5f119"
        ],
        "x-ms-ratelimit-remaining-subscription-reads": [
          "14978"
        ],
        "x-ms-correlation-request-id": [
          "e34cb71d-9a35-4da5-abf8-255b1aae7f4e"
        ],
        "x-ms-routing-request-id": [
          "CENTRALUS:20170107T034037Z:e34cb71d-9a35-4da5-abf8-255b1aae7f4e"
        ]
      },
      "StatusCode": 200
    },
    {
      "RequestUri": "/subscriptions/9657ab5d-4a4a-4fd2-ae7a-4cd9fbd030ef/providers/Microsoft.Compute/locations/eastus/operations/037233e3-d19b-414d-a533-754a35a3f0ce?api-version=2016-03-30",
      "EncodedRequestUri": "L3N1YnNjcmlwdGlvbnMvOTY1N2FiNWQtNGE0YS00ZmQyLWFlN2EtNGNkOWZiZDAzMGVmL3Byb3ZpZGVycy9NaWNyb3NvZnQuQ29tcHV0ZS9sb2NhdGlvbnMvZWFzdHVzL29wZXJhdGlvbnMvMDM3MjMzZTMtZDE5Yi00MTRkLWE1MzMtNzU0YTM1YTNmMGNlP2FwaS12ZXJzaW9uPTIwMTYtMDMtMzA=",
      "RequestMethod": "GET",
      "RequestBody": "",
      "RequestHeaders": {
        "User-Agent": [
          "FxVersion/4.6.24214.01",
          "Microsoft.Azure.Management.Compute.Fluent.ComputeManagementClient/1.0.0-beta4.1"
        ]
      },
      "ResponseBody": "{\r\n  \"startTime\": \"2017-01-06T19:38:36.1519714-08:00\",\r\n  \"endTime\": \"2017-01-06T19:38:36.3082039-08:00\",\r\n  \"status\": \"Succeeded\",\r\n  \"name\": \"037233e3-d19b-414d-a533-754a35a3f0ce\"\r\n}",
      "ResponseHeaders": {
        "Content-Type": [
          "application/json; charset=utf-8"
        ],
        "Expires": [
          "-1"
        ],
        "Cache-Control": [
          "no-cache"
        ],
        "Date": [
          "Sat, 07 Jan 2017 03:39:06 GMT"
        ],
        "Pragma": [
          "no-cache"
        ],
        "Transfer-Encoding": [
          "chunked"
        ],
        "Server": [
          "Microsoft-HTTPAPI/2.0",
          "Microsoft-HTTPAPI/2.0"
        ],
        "Vary": [
          "Accept-Encoding"
        ],
        "Strict-Transport-Security": [
          "max-age=31536000; includeSubDomains"
        ],
        "x-ms-served-by": [
          "016478ec-a3fa-4201-8d1e-0d970daac07b_131281297180761991"
        ],
        "x-ms-request-id": [
          "5206612d-529d-4460-8573-a61cba6b67b3"
        ],
        "x-ms-ratelimit-remaining-subscription-reads": [
          "14986"
        ],
        "x-ms-correlation-request-id": [
          "e422f31b-6365-4866-8b48-b64b8bcf522c"
        ],
        "x-ms-routing-request-id": [
          "CENTRALUS:20170107T033906Z:e422f31b-6365-4866-8b48-b64b8bcf522c"
        ]
      },
      "StatusCode": 200
    },
    {
      "RequestUri": "/subscriptions/9657ab5d-4a4a-4fd2-ae7a-4cd9fbd030ef/providers/Microsoft.Compute/locations/eastus/operations/add2a56b-31f9-415f-aa73-fa75603675bc?api-version=2016-03-30",
      "EncodedRequestUri": "L3N1YnNjcmlwdGlvbnMvOTY1N2FiNWQtNGE0YS00ZmQyLWFlN2EtNGNkOWZiZDAzMGVmL3Byb3ZpZGVycy9NaWNyb3NvZnQuQ29tcHV0ZS9sb2NhdGlvbnMvZWFzdHVzL29wZXJhdGlvbnMvYWRkMmE1NmItMzFmOS00MTVmLWFhNzMtZmE3NTYwMzY3NWJjP2FwaS12ZXJzaW9uPTIwMTYtMDMtMzA=",
      "RequestMethod": "GET",
      "RequestBody": "",
      "RequestHeaders": {
        "User-Agent": [
          "FxVersion/4.6.24214.01",
          "Microsoft.Azure.Management.Compute.Fluent.ComputeManagementClient/1.0.0-beta4.1"
        ]
      },
      "ResponseBody": "{\r\n  \"startTime\": \"2017-01-06T19:39:06.9957045-08:00\",\r\n  \"status\": \"InProgress\",\r\n  \"name\": \"add2a56b-31f9-415f-aa73-fa75603675bc\"\r\n}",
      "ResponseHeaders": {
        "Content-Type": [
          "application/json; charset=utf-8"
        ],
        "Expires": [
          "-1"
        ],
        "Cache-Control": [
          "no-cache"
        ],
        "Date": [
          "Sat, 07 Jan 2017 03:39:36 GMT"
        ],
        "Pragma": [
          "no-cache"
        ],
        "Transfer-Encoding": [
          "chunked"
        ],
        "Server": [
          "Microsoft-HTTPAPI/2.0",
          "Microsoft-HTTPAPI/2.0"
        ],
        "Vary": [
          "Accept-Encoding"
        ],
        "Strict-Transport-Security": [
          "max-age=31536000; includeSubDomains"
        ],
        "x-ms-served-by": [
          "016478ec-a3fa-4201-8d1e-0d970daac07b_131281297180761991"
        ],
        "x-ms-request-id": [
          "4df0cc1c-5df0-4dcb-af39-aceb2b03abce"
        ],
        "x-ms-ratelimit-remaining-subscription-reads": [
          "14983"
        ],
        "x-ms-correlation-request-id": [
          "456f94ba-4d14-4d34-a318-cfdf25ddda4c"
        ],
        "x-ms-routing-request-id": [
          "CENTRALUS:20170107T033937Z:456f94ba-4d14-4d34-a318-cfdf25ddda4c"
        ]
      },
      "StatusCode": 200
    },
    {
      "RequestUri": "/subscriptions/9657ab5d-4a4a-4fd2-ae7a-4cd9fbd030ef/providers/Microsoft.Compute/locations/eastus/operations/add2a56b-31f9-415f-aa73-fa75603675bc?api-version=2016-03-30",
      "EncodedRequestUri": "L3N1YnNjcmlwdGlvbnMvOTY1N2FiNWQtNGE0YS00ZmQyLWFlN2EtNGNkOWZiZDAzMGVmL3Byb3ZpZGVycy9NaWNyb3NvZnQuQ29tcHV0ZS9sb2NhdGlvbnMvZWFzdHVzL29wZXJhdGlvbnMvYWRkMmE1NmItMzFmOS00MTVmLWFhNzMtZmE3NTYwMzY3NWJjP2FwaS12ZXJzaW9uPTIwMTYtMDMtMzA=",
      "RequestMethod": "GET",
      "RequestBody": "",
      "RequestHeaders": {
        "User-Agent": [
          "FxVersion/4.6.24214.01",
          "Microsoft.Azure.Management.Compute.Fluent.ComputeManagementClient/1.0.0-beta4.1"
        ]
      },
      "ResponseBody": "{\r\n  \"startTime\": \"2017-01-06T19:39:06.9957045-08:00\",\r\n  \"status\": \"InProgress\",\r\n  \"name\": \"add2a56b-31f9-415f-aa73-fa75603675bc\"\r\n}",
      "ResponseHeaders": {
        "Content-Type": [
          "application/json; charset=utf-8"
        ],
        "Expires": [
          "-1"
        ],
        "Cache-Control": [
          "no-cache"
        ],
        "Date": [
          "Sat, 07 Jan 2017 03:40:06 GMT"
        ],
        "Pragma": [
          "no-cache"
        ],
        "Transfer-Encoding": [
          "chunked"
        ],
        "Server": [
          "Microsoft-HTTPAPI/2.0",
          "Microsoft-HTTPAPI/2.0"
        ],
        "Vary": [
          "Accept-Encoding"
        ],
        "Strict-Transport-Security": [
          "max-age=31536000; includeSubDomains"
        ],
        "x-ms-served-by": [
          "016478ec-a3fa-4201-8d1e-0d970daac07b_131281297180761991"
        ],
        "x-ms-request-id": [
          "799ae87a-bdba-47dd-a1c7-a6a066353388"
        ],
        "x-ms-ratelimit-remaining-subscription-reads": [
          "14981"
        ],
        "x-ms-correlation-request-id": [
          "025fad48-4763-451a-8a4c-7367c647cb30"
        ],
        "x-ms-routing-request-id": [
          "CENTRALUS:20170107T034007Z:025fad48-4763-451a-8a4c-7367c647cb30"
        ]
      },
      "StatusCode": 200
    },
    {
      "RequestUri": "/subscriptions/9657ab5d-4a4a-4fd2-ae7a-4cd9fbd030ef/providers/Microsoft.Compute/locations/eastus/operations/add2a56b-31f9-415f-aa73-fa75603675bc?api-version=2016-03-30",
      "EncodedRequestUri": "L3N1YnNjcmlwdGlvbnMvOTY1N2FiNWQtNGE0YS00ZmQyLWFlN2EtNGNkOWZiZDAzMGVmL3Byb3ZpZGVycy9NaWNyb3NvZnQuQ29tcHV0ZS9sb2NhdGlvbnMvZWFzdHVzL29wZXJhdGlvbnMvYWRkMmE1NmItMzFmOS00MTVmLWFhNzMtZmE3NTYwMzY3NWJjP2FwaS12ZXJzaW9uPTIwMTYtMDMtMzA=",
      "RequestMethod": "GET",
      "RequestBody": "",
      "RequestHeaders": {
        "User-Agent": [
          "FxVersion/4.6.24214.01",
          "Microsoft.Azure.Management.Compute.Fluent.ComputeManagementClient/1.0.0-beta4.1"
        ]
      },
      "ResponseBody": "{\r\n  \"startTime\": \"2017-01-06T19:39:06.9957045-08:00\",\r\n  \"endTime\": \"2017-01-06T19:40:37.1675803-08:00\",\r\n  \"status\": \"Succeeded\",\r\n  \"name\": \"add2a56b-31f9-415f-aa73-fa75603675bc\"\r\n}",
      "ResponseHeaders": {
        "Content-Type": [
          "application/json; charset=utf-8"
        ],
        "Expires": [
          "-1"
        ],
        "Cache-Control": [
          "no-cache"
        ],
        "Date": [
          "Sat, 07 Jan 2017 03:40:37 GMT"
        ],
        "Pragma": [
          "no-cache"
        ],
        "Transfer-Encoding": [
          "chunked"
        ],
        "Server": [
          "Microsoft-HTTPAPI/2.0",
          "Microsoft-HTTPAPI/2.0"
        ],
        "Vary": [
          "Accept-Encoding"
        ],
        "Strict-Transport-Security": [
          "max-age=31536000; includeSubDomains"
        ],
        "x-ms-served-by": [
          "016478ec-a3fa-4201-8d1e-0d970daac07b_131281297180761991"
        ],
        "x-ms-request-id": [
          "40402a4b-d6f4-4fe1-b792-f0b3f8694c85"
        ],
        "x-ms-ratelimit-remaining-subscription-reads": [
          "14980"
        ],
        "x-ms-correlation-request-id": [
          "5d9a79a3-2436-4b3e-96a1-b04ac764a09d"
        ],
        "x-ms-routing-request-id": [
          "CENTRALUS:20170107T034037Z:5d9a79a3-2436-4b3e-96a1-b04ac764a09d"
        ]
      },
      "StatusCode": 200
    }
  ],
  "Names": {
    "CanHandleExtensionReference": [
      "vmexttest8035",
      "nicjavavma59938977",
      "vnet0df181559954",
      "stgjavavma5900999733"
    ]
  },
  "Variables": {
    "SubscriptionId": "9657ab5d-4a4a-4fd2-ae7a-4cd9fbd030ef"
  }
}