{
  "Entries": [
    {
      "RequestUri": "/subscriptions/9657ab5d-4a4a-4fd2-ae7a-4cd9fbd030ef/resourcegroups/vmexttest7627?api-version=2016-02-01",
      "EncodedRequestUri": "L3N1YnNjcmlwdGlvbnMvOTY1N2FiNWQtNGE0YS00ZmQyLWFlN2EtNGNkOWZiZDAzMGVmL3Jlc291cmNlZ3JvdXBzL3ZtZXh0dGVzdDc2Mjc/YXBpLXZlcnNpb249MjAxNi0wMi0wMQ==",
      "RequestMethod": "PUT",
      "RequestBody": "{\r\n  \"location\": \"eastus\"\r\n}",
      "RequestHeaders": {
        "Content-Type": [
          "application/json; charset=utf-8"
        ],
        "Content-Length": [
          "28"
        ],
        "x-ms-client-request-id": [
          "652ac715-47f3-42c6-928d-b7f3a0a731d7"
        ],
        "accept-language": [
          "en-US"
        ],
        "User-Agent": [
          "FxVersion/4.6.24214.01",
          "Microsoft.Azure.Management.Resource.Fluent.ResourceManagementClient/1.0.0-beta4.1"
        ]
      },
      "ResponseBody": "{\r\n  \"id\": \"/subscriptions/9657ab5d-4a4a-4fd2-ae7a-4cd9fbd030ef/resourceGroups/vmexttest7627\",\r\n  \"name\": \"vmexttest7627\",\r\n  \"location\": \"eastus\",\r\n  \"properties\": {\r\n    \"provisioningState\": \"Succeeded\"\r\n  }\r\n}",
      "ResponseHeaders": {
        "Content-Length": [
          "179"
        ],
        "Content-Type": [
          "application/json; charset=utf-8"
        ],
        "Expires": [
          "-1"
        ],
        "Cache-Control": [
          "no-cache"
        ],
        "Date": [
          "Fri, 06 Jan 2017 01:15:40 GMT"
        ],
        "Pragma": [
          "no-cache"
        ],
        "x-ms-ratelimit-remaining-subscription-writes": [
          "1180"
        ],
        "x-ms-request-id": [
          "abcd41ad-d7fd-4859-a8a3-1c32a1e26e67"
        ],
        "x-ms-correlation-request-id": [
          "abcd41ad-d7fd-4859-a8a3-1c32a1e26e67"
        ],
        "x-ms-routing-request-id": [
          "WESTUS2:20170106T011540Z:abcd41ad-d7fd-4859-a8a3-1c32a1e26e67"
        ],
        "Strict-Transport-Security": [
          "max-age=31536000; includeSubDomains"
        ]
      },
      "StatusCode": 201
    },
    {
      "RequestUri": "/subscriptions/9657ab5d-4a4a-4fd2-ae7a-4cd9fbd030ef/resourceGroups/vmexttest7627/providers/Microsoft.Network/virtualNetworks/vnet9e15039052ab?api-version=2016-06-01",
      "EncodedRequestUri": "L3N1YnNjcmlwdGlvbnMvOTY1N2FiNWQtNGE0YS00ZmQyLWFlN2EtNGNkOWZiZDAzMGVmL3Jlc291cmNlR3JvdXBzL3ZtZXh0dGVzdDc2MjcvcHJvdmlkZXJzL01pY3Jvc29mdC5OZXR3b3JrL3ZpcnR1YWxOZXR3b3Jrcy92bmV0OWUxNTAzOTA1MmFiP2FwaS12ZXJzaW9uPTIwMTYtMDYtMDE=",
      "RequestMethod": "PUT",
      "RequestBody": "{\r\n  \"properties\": {\r\n    \"addressSpace\": {\r\n      \"addressPrefixes\": [\r\n        \"10.0.0.0/28\"\r\n      ]\r\n    },\r\n    \"dhcpOptions\": {\r\n      \"dnsServers\": []\r\n    },\r\n    \"subnets\": [\r\n      {\r\n        \"properties\": {\r\n          \"addressPrefix\": \"10.0.0.0/28\"\r\n        },\r\n        \"name\": \"subnet1\"\r\n      }\r\n    ]\r\n  },\r\n  \"location\": \"eastus\",\r\n  \"tags\": {}\r\n}",
      "RequestHeaders": {
        "Content-Type": [
          "application/json; charset=utf-8"
        ],
        "Content-Length": [
          "362"
        ],
        "x-ms-client-request-id": [
          "7f07c069-2c90-4b3e-add4-42fe158ff1ef"
        ],
        "accept-language": [
          "en-US"
        ],
        "User-Agent": [
          "FxVersion/4.6.24214.01",
          "Microsoft.Azure.Management.Network.Fluent.NetworkManagementClient/1.0.0-beta4.1"
        ]
      },
      "ResponseBody": "{\r\n  \"name\": \"vnet9e15039052ab\",\r\n  \"id\": \"/subscriptions/9657ab5d-4a4a-4fd2-ae7a-4cd9fbd030ef/resourceGroups/vmexttest7627/providers/Microsoft.Network/virtualNetworks/vnet9e15039052ab\",\r\n  \"etag\": \"W/\\\"3b1a23c5-81aa-4c99-a47a-efb1530250e3\\\"\",\r\n  \"type\": \"Microsoft.Network/virtualNetworks\",\r\n  \"location\": \"eastus\",\r\n  \"tags\": {},\r\n  \"properties\": {\r\n    \"provisioningState\": \"Updating\",\r\n    \"resourceGuid\": \"f0c18c10-630b-4ee8-8fe7-572d579218aa\",\r\n    \"addressSpace\": {\r\n      \"addressPrefixes\": [\r\n        \"10.0.0.0/28\"\r\n      ]\r\n    },\r\n    \"dhcpOptions\": {\r\n      \"dnsServers\": []\r\n    },\r\n    \"subnets\": [\r\n      {\r\n        \"name\": \"subnet1\",\r\n        \"id\": \"/subscriptions/9657ab5d-4a4a-4fd2-ae7a-4cd9fbd030ef/resourceGroups/vmexttest7627/providers/Microsoft.Network/virtualNetworks/vnet9e15039052ab/subnets/subnet1\",\r\n        \"etag\": \"W/\\\"3b1a23c5-81aa-4c99-a47a-efb1530250e3\\\"\",\r\n        \"properties\": {\r\n          \"provisioningState\": \"Updating\",\r\n          \"addressPrefix\": \"10.0.0.0/28\"\r\n        }\r\n      }\r\n    ],\r\n    \"virtualNetworkPeerings\": []\r\n  }\r\n}",
      "ResponseHeaders": {
        "Content-Length": [
          "1069"
        ],
        "Content-Type": [
          "application/json; charset=utf-8"
        ],
        "Expires": [
          "-1"
        ],
        "Cache-Control": [
          "no-cache"
        ],
        "Date": [
          "Fri, 06 Jan 2017 01:15:41 GMT"
        ],
        "Pragma": [
          "no-cache"
        ],
        "Retry-After": [
          "3"
        ],
        "Server": [
          "Microsoft-HTTPAPI/2.0",
          "Microsoft-HTTPAPI/2.0"
        ],
        "x-ms-request-id": [
          "92447681-5f45-4f8b-8289-b967a197751b"
        ],
        "Azure-AsyncOperation": [
          "https://management.azure.com/subscriptions/9657ab5d-4a4a-4fd2-ae7a-4cd9fbd030ef/providers/Microsoft.Network/locations/eastus/operations/92447681-5f45-4f8b-8289-b967a197751b?api-version=2016-06-01"
        ],
        "Strict-Transport-Security": [
          "max-age=31536000; includeSubDomains"
        ],
        "x-ms-ratelimit-remaining-subscription-writes": [
          "1179"
        ],
        "x-ms-correlation-request-id": [
          "da781047-ff46-43b2-bb09-fde9cc4a4015"
        ],
        "x-ms-routing-request-id": [
          "WESTUS2:20170106T011541Z:da781047-ff46-43b2-bb09-fde9cc4a4015"
        ]
      },
      "StatusCode": 201
    },
    {
      "RequestUri": "/subscriptions/9657ab5d-4a4a-4fd2-ae7a-4cd9fbd030ef/providers/Microsoft.Network/locations/eastus/operations/92447681-5f45-4f8b-8289-b967a197751b?api-version=2016-06-01",
      "EncodedRequestUri": "L3N1YnNjcmlwdGlvbnMvOTY1N2FiNWQtNGE0YS00ZmQyLWFlN2EtNGNkOWZiZDAzMGVmL3Byb3ZpZGVycy9NaWNyb3NvZnQuTmV0d29yay9sb2NhdGlvbnMvZWFzdHVzL29wZXJhdGlvbnMvOTI0NDc2ODEtNWY0NS00ZjhiLTgyODktYjk2N2ExOTc3NTFiP2FwaS12ZXJzaW9uPTIwMTYtMDYtMDE=",
      "RequestMethod": "GET",
      "RequestBody": "",
      "RequestHeaders": {
        "User-Agent": [
          "FxVersion/4.6.24214.01",
          "Microsoft.Azure.Management.Network.Fluent.NetworkManagementClient/1.0.0-beta4.1"
        ]
      },
      "ResponseBody": "{\r\n  \"status\": \"Succeeded\"\r\n}",
      "ResponseHeaders": {
        "Content-Type": [
          "application/json; charset=utf-8"
        ],
        "Expires": [
          "-1"
        ],
        "Cache-Control": [
          "no-cache"
        ],
        "Date": [
          "Fri, 06 Jan 2017 01:16:11 GMT"
        ],
        "Pragma": [
          "no-cache"
        ],
        "Transfer-Encoding": [
          "chunked"
        ],
        "Server": [
          "Microsoft-HTTPAPI/2.0",
          "Microsoft-HTTPAPI/2.0"
        ],
        "Vary": [
          "Accept-Encoding"
        ],
        "x-ms-request-id": [
          "d93a440e-fd8f-4101-9d01-0bd32743b4e7"
        ],
        "Strict-Transport-Security": [
          "max-age=31536000; includeSubDomains"
        ],
        "x-ms-ratelimit-remaining-subscription-reads": [
          "14925"
        ],
        "x-ms-correlation-request-id": [
          "9d1b0bb8-74a8-4573-81cb-9b56a46bfd19"
        ],
        "x-ms-routing-request-id": [
          "WESTUS2:20170106T011611Z:9d1b0bb8-74a8-4573-81cb-9b56a46bfd19"
        ]
      },
      "StatusCode": 200
    },
    {
      "RequestUri": "/subscriptions/9657ab5d-4a4a-4fd2-ae7a-4cd9fbd030ef/resourceGroups/vmexttest7627/providers/Microsoft.Network/virtualNetworks/vnet9e15039052ab?api-version=2016-06-01",
      "EncodedRequestUri": "L3N1YnNjcmlwdGlvbnMvOTY1N2FiNWQtNGE0YS00ZmQyLWFlN2EtNGNkOWZiZDAzMGVmL3Jlc291cmNlR3JvdXBzL3ZtZXh0dGVzdDc2MjcvcHJvdmlkZXJzL01pY3Jvc29mdC5OZXR3b3JrL3ZpcnR1YWxOZXR3b3Jrcy92bmV0OWUxNTAzOTA1MmFiP2FwaS12ZXJzaW9uPTIwMTYtMDYtMDE=",
      "RequestMethod": "GET",
      "RequestBody": "",
      "RequestHeaders": {
        "User-Agent": [
          "FxVersion/4.6.24214.01",
          "Microsoft.Azure.Management.Network.Fluent.NetworkManagementClient/1.0.0-beta4.1"
        ]
      },
      "ResponseBody": "{\r\n  \"name\": \"vnet9e15039052ab\",\r\n  \"id\": \"/subscriptions/9657ab5d-4a4a-4fd2-ae7a-4cd9fbd030ef/resourceGroups/vmexttest7627/providers/Microsoft.Network/virtualNetworks/vnet9e15039052ab\",\r\n  \"etag\": \"W/\\\"a3576a9e-d5b7-4b5b-8b4a-2dc6a826b246\\\"\",\r\n  \"type\": \"Microsoft.Network/virtualNetworks\",\r\n  \"location\": \"eastus\",\r\n  \"tags\": {},\r\n  \"properties\": {\r\n    \"provisioningState\": \"Succeeded\",\r\n    \"resourceGuid\": \"f0c18c10-630b-4ee8-8fe7-572d579218aa\",\r\n    \"addressSpace\": {\r\n      \"addressPrefixes\": [\r\n        \"10.0.0.0/28\"\r\n      ]\r\n    },\r\n    \"dhcpOptions\": {\r\n      \"dnsServers\": []\r\n    },\r\n    \"subnets\": [\r\n      {\r\n        \"name\": \"subnet1\",\r\n        \"id\": \"/subscriptions/9657ab5d-4a4a-4fd2-ae7a-4cd9fbd030ef/resourceGroups/vmexttest7627/providers/Microsoft.Network/virtualNetworks/vnet9e15039052ab/subnets/subnet1\",\r\n        \"etag\": \"W/\\\"a3576a9e-d5b7-4b5b-8b4a-2dc6a826b246\\\"\",\r\n        \"properties\": {\r\n          \"provisioningState\": \"Succeeded\",\r\n          \"addressPrefix\": \"10.0.0.0/28\"\r\n        }\r\n      }\r\n    ],\r\n    \"virtualNetworkPeerings\": []\r\n  }\r\n}",
      "ResponseHeaders": {
        "Content-Type": [
          "application/json; charset=utf-8"
        ],
        "Expires": [
          "-1"
        ],
        "Cache-Control": [
          "no-cache"
        ],
        "Date": [
          "Fri, 06 Jan 2017 01:16:11 GMT"
        ],
        "Pragma": [
          "no-cache"
        ],
        "Transfer-Encoding": [
          "chunked"
        ],
        "ETag": [
          "W/\"a3576a9e-d5b7-4b5b-8b4a-2dc6a826b246\""
        ],
        "Server": [
          "Microsoft-HTTPAPI/2.0",
          "Microsoft-HTTPAPI/2.0"
        ],
        "Vary": [
          "Accept-Encoding"
        ],
        "x-ms-request-id": [
          "fd9d295e-bbc2-47a6-b603-2d271c9b5fb2"
        ],
        "Strict-Transport-Security": [
          "max-age=31536000; includeSubDomains"
        ],
        "x-ms-ratelimit-remaining-subscription-reads": [
          "14924"
        ],
        "x-ms-correlation-request-id": [
          "fb1cf4dc-223e-4811-b6f6-6ed8cdf69428"
        ],
        "x-ms-routing-request-id": [
          "WESTUS2:20170106T011612Z:fb1cf4dc-223e-4811-b6f6-6ed8cdf69428"
        ]
      },
      "StatusCode": 200
    },
    {
      "RequestUri": "/subscriptions/9657ab5d-4a4a-4fd2-ae7a-4cd9fbd030ef/resourceGroups/vmexttest7627/providers/Microsoft.Network/networkInterfaces/nicjavavm4d770719a?api-version=2016-06-01",
      "EncodedRequestUri": "L3N1YnNjcmlwdGlvbnMvOTY1N2FiNWQtNGE0YS00ZmQyLWFlN2EtNGNkOWZiZDAzMGVmL3Jlc291cmNlR3JvdXBzL3ZtZXh0dGVzdDc2MjcvcHJvdmlkZXJzL01pY3Jvc29mdC5OZXR3b3JrL25ldHdvcmtJbnRlcmZhY2VzL25pY2phdmF2bTRkNzcwNzE5YT9hcGktdmVyc2lvbj0yMDE2LTA2LTAx",
      "RequestMethod": "PUT",
      "RequestBody": "{\r\n  \"properties\": {\r\n    \"ipConfigurations\": [\r\n      {\r\n        \"properties\": {\r\n          \"privateIPAllocationMethod\": \"Dynamic\",\r\n          \"subnet\": {\r\n            \"id\": \"/subscriptions/9657ab5d-4a4a-4fd2-ae7a-4cd9fbd030ef/resourceGroups/vmexttest7627/providers/Microsoft.Network/virtualNetworks/vnet9e15039052ab/subnets/subnet1\"\r\n          }\r\n        },\r\n        \"name\": \"primary\"\r\n      }\r\n    ],\r\n    \"dnsSettings\": {}\r\n  },\r\n  \"location\": \"eastus\",\r\n  \"tags\": {}\r\n}",
      "RequestHeaders": {
        "Content-Type": [
          "application/json; charset=utf-8"
        ],
        "Content-Length": [
          "474"
        ],
        "x-ms-client-request-id": [
          "0df3132d-cfa0-4aa9-8101-f5364d7f1f40"
        ],
        "accept-language": [
          "en-US"
        ],
        "User-Agent": [
          "FxVersion/4.6.24214.01",
          "Microsoft.Azure.Management.Network.Fluent.NetworkManagementClient/1.0.0-beta4.1"
        ]
      },
      "ResponseBody": "{\r\n  \"name\": \"nicjavavm4d770719a\",\r\n  \"id\": \"/subscriptions/9657ab5d-4a4a-4fd2-ae7a-4cd9fbd030ef/resourceGroups/vmexttest7627/providers/Microsoft.Network/networkInterfaces/nicjavavm4d770719a\",\r\n  \"etag\": \"W/\\\"e4448b0a-0936-411c-ae8e-81a996131283\\\"\",\r\n  \"location\": \"eastus\",\r\n  \"tags\": {},\r\n  \"properties\": {\r\n    \"provisioningState\": \"Succeeded\",\r\n    \"resourceGuid\": \"b3e33fa6-bfc8-4e8f-bafe-b75a441a6234\",\r\n    \"ipConfigurations\": [\r\n      {\r\n        \"name\": \"primary\",\r\n        \"id\": \"/subscriptions/9657ab5d-4a4a-4fd2-ae7a-4cd9fbd030ef/resourceGroups/vmexttest7627/providers/Microsoft.Network/networkInterfaces/nicjavavm4d770719a/ipConfigurations/primary\",\r\n        \"etag\": \"W/\\\"e4448b0a-0936-411c-ae8e-81a996131283\\\"\",\r\n        \"properties\": {\r\n          \"provisioningState\": \"Succeeded\",\r\n          \"privateIPAddress\": \"10.0.0.4\",\r\n          \"privateIPAllocationMethod\": \"Dynamic\",\r\n          \"subnet\": {\r\n            \"id\": \"/subscriptions/9657ab5d-4a4a-4fd2-ae7a-4cd9fbd030ef/resourceGroups/vmexttest7627/providers/Microsoft.Network/virtualNetworks/vnet9e15039052ab/subnets/subnet1\"\r\n          },\r\n          \"primary\": true,\r\n          \"privateIPAddressVersion\": \"IPv4\"\r\n        }\r\n      }\r\n    ],\r\n    \"dnsSettings\": {\r\n      \"dnsServers\": [],\r\n      \"appliedDnsServers\": [],\r\n      \"internalDomainNameSuffix\": \"ccgmd2almpue3d5hk2wvpeqyvc.bx.internal.cloudapp.net\"\r\n    },\r\n    \"enableIPForwarding\": false\r\n  },\r\n  \"type\": \"Microsoft.Network/networkInterfaces\"\r\n}",
      "ResponseHeaders": {
        "Content-Length": [
          "1472"
        ],
        "Content-Type": [
          "application/json; charset=utf-8"
        ],
        "Expires": [
          "-1"
        ],
        "Cache-Control": [
          "no-cache"
        ],
        "Date": [
          "Fri, 06 Jan 2017 01:16:12 GMT"
        ],
        "Pragma": [
          "no-cache"
        ],
        "Server": [
          "Microsoft-HTTPAPI/2.0",
          "Microsoft-HTTPAPI/2.0"
        ],
        "x-ms-request-id": [
          "810d55a5-aa77-4c38-9c6e-cff1cd2cef79"
        ],
        "Azure-AsyncOperation": [
          "https://management.azure.com/subscriptions/9657ab5d-4a4a-4fd2-ae7a-4cd9fbd030ef/providers/Microsoft.Network/locations/eastus/operations/810d55a5-aa77-4c38-9c6e-cff1cd2cef79?api-version=2016-06-01"
        ],
        "Strict-Transport-Security": [
          "max-age=31536000; includeSubDomains"
        ],
        "x-ms-ratelimit-remaining-subscription-writes": [
          "1176"
        ],
        "x-ms-correlation-request-id": [
          "83329a8a-62de-4ec8-a06f-561d08a73145"
        ],
        "x-ms-routing-request-id": [
          "WESTUS2:20170106T011612Z:83329a8a-62de-4ec8-a06f-561d08a73145"
        ]
      },
      "StatusCode": 201
    },
    {
      "RequestUri": "/subscriptions/9657ab5d-4a4a-4fd2-ae7a-4cd9fbd030ef/resourceGroups/vmexttest7627/providers/Microsoft.Network/networkInterfaces/nicjavavm4d770719a?api-version=2016-06-01",
      "EncodedRequestUri": "L3N1YnNjcmlwdGlvbnMvOTY1N2FiNWQtNGE0YS00ZmQyLWFlN2EtNGNkOWZiZDAzMGVmL3Jlc291cmNlR3JvdXBzL3ZtZXh0dGVzdDc2MjcvcHJvdmlkZXJzL01pY3Jvc29mdC5OZXR3b3JrL25ldHdvcmtJbnRlcmZhY2VzL25pY2phdmF2bTRkNzcwNzE5YT9hcGktdmVyc2lvbj0yMDE2LTA2LTAx",
      "RequestMethod": "GET",
      "RequestBody": "",
      "RequestHeaders": {
        "User-Agent": [
          "FxVersion/4.6.24214.01",
          "Microsoft.Azure.Management.Network.Fluent.NetworkManagementClient/1.0.0-beta4.1"
        ]
      },
      "ResponseBody": "{\r\n  \"name\": \"nicjavavm4d770719a\",\r\n  \"id\": \"/subscriptions/9657ab5d-4a4a-4fd2-ae7a-4cd9fbd030ef/resourceGroups/vmexttest7627/providers/Microsoft.Network/networkInterfaces/nicjavavm4d770719a\",\r\n  \"etag\": \"W/\\\"e4448b0a-0936-411c-ae8e-81a996131283\\\"\",\r\n  \"location\": \"eastus\",\r\n  \"tags\": {},\r\n  \"properties\": {\r\n    \"provisioningState\": \"Succeeded\",\r\n    \"resourceGuid\": \"b3e33fa6-bfc8-4e8f-bafe-b75a441a6234\",\r\n    \"ipConfigurations\": [\r\n      {\r\n        \"name\": \"primary\",\r\n        \"id\": \"/subscriptions/9657ab5d-4a4a-4fd2-ae7a-4cd9fbd030ef/resourceGroups/vmexttest7627/providers/Microsoft.Network/networkInterfaces/nicjavavm4d770719a/ipConfigurations/primary\",\r\n        \"etag\": \"W/\\\"e4448b0a-0936-411c-ae8e-81a996131283\\\"\",\r\n        \"properties\": {\r\n          \"provisioningState\": \"Succeeded\",\r\n          \"privateIPAddress\": \"10.0.0.4\",\r\n          \"privateIPAllocationMethod\": \"Dynamic\",\r\n          \"subnet\": {\r\n            \"id\": \"/subscriptions/9657ab5d-4a4a-4fd2-ae7a-4cd9fbd030ef/resourceGroups/vmexttest7627/providers/Microsoft.Network/virtualNetworks/vnet9e15039052ab/subnets/subnet1\"\r\n          },\r\n          \"primary\": true,\r\n          \"privateIPAddressVersion\": \"IPv4\"\r\n        }\r\n      }\r\n    ],\r\n    \"dnsSettings\": {\r\n      \"dnsServers\": [],\r\n      \"appliedDnsServers\": [],\r\n      \"internalDomainNameSuffix\": \"ccgmd2almpue3d5hk2wvpeqyvc.bx.internal.cloudapp.net\"\r\n    },\r\n    \"enableIPForwarding\": false\r\n  },\r\n  \"type\": \"Microsoft.Network/networkInterfaces\"\r\n}",
      "ResponseHeaders": {
        "Content-Type": [
          "application/json; charset=utf-8"
        ],
        "Expires": [
          "-1"
        ],
        "Cache-Control": [
          "no-cache"
        ],
        "Date": [
          "Fri, 06 Jan 2017 01:16:12 GMT"
        ],
        "Pragma": [
          "no-cache"
        ],
        "Transfer-Encoding": [
          "chunked"
        ],
        "ETag": [
          "W/\"e4448b0a-0936-411c-ae8e-81a996131283\""
        ],
        "Server": [
          "Microsoft-HTTPAPI/2.0",
          "Microsoft-HTTPAPI/2.0"
        ],
        "Vary": [
          "Accept-Encoding"
        ],
        "x-ms-request-id": [
          "3ce44192-91d1-4cb5-8c31-9f760810d628"
        ],
        "Strict-Transport-Security": [
          "max-age=31536000; includeSubDomains"
        ],
        "x-ms-ratelimit-remaining-subscription-reads": [
          "14923"
        ],
        "x-ms-correlation-request-id": [
          "ce9d8b23-9a67-40f6-85d0-feb2d7fb69b6"
        ],
        "x-ms-routing-request-id": [
          "WESTUS2:20170106T011613Z:ce9d8b23-9a67-40f6-85d0-feb2d7fb69b6"
        ]
      },
      "StatusCode": 200
    },
    {
      "RequestUri": "/subscriptions/9657ab5d-4a4a-4fd2-ae7a-4cd9fbd030ef/resourceGroups/vmexttest7627/providers/Microsoft.Storage/storageAccounts/stgjavavm4d727078cba?api-version=2016-01-01",
      "EncodedRequestUri": "L3N1YnNjcmlwdGlvbnMvOTY1N2FiNWQtNGE0YS00ZmQyLWFlN2EtNGNkOWZiZDAzMGVmL3Jlc291cmNlR3JvdXBzL3ZtZXh0dGVzdDc2MjcvcHJvdmlkZXJzL01pY3Jvc29mdC5TdG9yYWdlL3N0b3JhZ2VBY2NvdW50cy9zdGdqYXZhdm00ZDcyNzA3OGNiYT9hcGktdmVyc2lvbj0yMDE2LTAxLTAx",
      "RequestMethod": "PUT",
      "RequestBody": "{\r\n  \"sku\": {\r\n    \"name\": \"Standard_GRS\"\r\n  },\r\n  \"kind\": \"Storage\",\r\n  \"location\": \"eastus\",\r\n  \"tags\": {}\r\n}",
      "RequestHeaders": {
        "Content-Type": [
          "application/json; charset=utf-8"
        ],
        "Content-Length": [
          "111"
        ],
        "x-ms-client-request-id": [
          "c4e10539-91a3-46ac-8973-f34e9b6190ba"
        ],
        "accept-language": [
          "en-US"
        ],
        "User-Agent": [
          "FxVersion/4.6.24214.01",
          "Microsoft.Azure.Management.Storage.Fluent.StorageManagementClient/1.0.0-beta4.1"
        ]
      },
      "ResponseBody": "",
      "ResponseHeaders": {
        "Content-Length": [
          "0"
        ],
        "Expires": [
          "-1"
        ],
        "Cache-Control": [
          "no-cache"
        ],
        "Date": [
          "Fri, 06 Jan 2017 01:16:13 GMT"
        ],
        "Pragma": [
          "no-cache"
        ],
        "Location": [
          "https://management.azure.com/subscriptions/9657ab5d-4a4a-4fd2-ae7a-4cd9fbd030ef/providers/Microsoft.Storage/operations/ef84c60a-d5c9-4396-a154-317b51798746?monitor=true&api-version=2016-01-01"
        ],
        "Retry-After": [
          "17"
        ],
        "Server": [
          "Microsoft-Azure-Storage-Resource-Provider/1.0",
          "Microsoft-HTTPAPI/2.0"
        ],
        "x-ms-ratelimit-remaining-subscription-writes": [
          "1175"
        ],
        "x-ms-request-id": [
          "0a7ab0e9-ee97-4009-ae80-eea0d2df1432"
        ],
        "x-ms-correlation-request-id": [
          "0a7ab0e9-ee97-4009-ae80-eea0d2df1432"
        ],
        "x-ms-routing-request-id": [
          "WESTUS2:20170106T011613Z:0a7ab0e9-ee97-4009-ae80-eea0d2df1432"
        ],
        "Strict-Transport-Security": [
          "max-age=31536000; includeSubDomains"
        ]
      },
      "StatusCode": 202
    },
    {
      "RequestUri": "/subscriptions/9657ab5d-4a4a-4fd2-ae7a-4cd9fbd030ef/providers/Microsoft.Storage/operations/ef84c60a-d5c9-4396-a154-317b51798746?monitor=true&api-version=2016-01-01",
      "EncodedRequestUri": "L3N1YnNjcmlwdGlvbnMvOTY1N2FiNWQtNGE0YS00ZmQyLWFlN2EtNGNkOWZiZDAzMGVmL3Byb3ZpZGVycy9NaWNyb3NvZnQuU3RvcmFnZS9vcGVyYXRpb25zL2VmODRjNjBhLWQ1YzktNDM5Ni1hMTU0LTMxN2I1MTc5ODc0Nj9tb25pdG9yPXRydWUmYXBpLXZlcnNpb249MjAxNi0wMS0wMQ==",
      "RequestMethod": "GET",
      "RequestBody": "",
      "RequestHeaders": {
        "User-Agent": [
          "FxVersion/4.6.24214.01",
          "Microsoft.Azure.Management.Storage.Fluent.StorageManagementClient/1.0.0-beta4.1"
        ]
      },
      "ResponseBody": "{\r\n  \"id\": \"/subscriptions/9657ab5d-4a4a-4fd2-ae7a-4cd9fbd030ef/resourceGroups/vmexttest7627/providers/Microsoft.Storage/storageAccounts/stgjavavm4d727078cba\",\r\n  \"kind\": \"Storage\",\r\n  \"location\": \"eastus\",\r\n  \"name\": \"stgjavavm4d727078cba\",\r\n  \"properties\": {\r\n    \"creationTime\": \"2017-01-06T01:16:13.3836798Z\",\r\n    \"primaryEndpoints\": {\r\n      \"blob\": \"https://stgjavavm4d727078cba.blob.core.windows.net/\",\r\n      \"file\": \"https://stgjavavm4d727078cba.file.core.windows.net/\",\r\n      \"queue\": \"https://stgjavavm4d727078cba.queue.core.windows.net/\",\r\n      \"table\": \"https://stgjavavm4d727078cba.table.core.windows.net/\"\r\n    },\r\n    \"primaryLocation\": \"eastus\",\r\n    \"provisioningState\": \"Succeeded\",\r\n    \"secondaryLocation\": \"westus\",\r\n    \"statusOfPrimary\": \"available\",\r\n    \"statusOfSecondary\": \"available\"\r\n  },\r\n  \"sku\": {\r\n    \"name\": \"Standard_GRS\",\r\n    \"tier\": \"Standard\"\r\n  },\r\n  \"tags\": {},\r\n  \"type\": \"Microsoft.Storage/storageAccounts\"\r\n}",
      "ResponseHeaders": {
        "Content-Type": [
          "application/json"
        ],
        "Expires": [
          "-1"
        ],
        "Cache-Control": [
          "no-cache"
        ],
        "Date": [
          "Fri, 06 Jan 2017 01:16:42 GMT"
        ],
        "Pragma": [
          "no-cache"
        ],
        "Transfer-Encoding": [
          "chunked"
        ],
        "Server": [
          "Microsoft-Azure-Storage-Resource-Provider/1.0",
          "Microsoft-HTTPAPI/2.0"
        ],
        "Vary": [
          "Accept-Encoding"
        ],
        "x-ms-request-id": [
          "22ecba0a-018c-4fbb-ba07-f716074c17ad"
        ],
        "x-ms-ratelimit-remaining-subscription-reads": [
          "14921"
        ],
        "x-ms-correlation-request-id": [
          "22ecba0a-018c-4fbb-ba07-f716074c17ad"
        ],
        "x-ms-routing-request-id": [
          "WESTUS2:20170106T011643Z:22ecba0a-018c-4fbb-ba07-f716074c17ad"
        ],
        "Strict-Transport-Security": [
          "max-age=31536000; includeSubDomains"
        ]
      },
      "StatusCode": 200
    },
    {
      "RequestUri": "/subscriptions/9657ab5d-4a4a-4fd2-ae7a-4cd9fbd030ef/resourceGroups/vmexttest7627/providers/Microsoft.Compute/virtualMachines/javavm?api-version=2016-03-30",
      "EncodedRequestUri": "L3N1YnNjcmlwdGlvbnMvOTY1N2FiNWQtNGE0YS00ZmQyLWFlN2EtNGNkOWZiZDAzMGVmL3Jlc291cmNlR3JvdXBzL3ZtZXh0dGVzdDc2MjcvcHJvdmlkZXJzL01pY3Jvc29mdC5Db21wdXRlL3ZpcnR1YWxNYWNoaW5lcy9qYXZhdm0/YXBpLXZlcnNpb249MjAxNi0wMy0zMA==",
      "RequestMethod": "PUT",
      "RequestBody": "{\r\n  \"properties\": {\r\n    \"hardwareProfile\": {\r\n      \"vmSize\": \"Standard_D3_v2\"\r\n    },\r\n    \"storageProfile\": {\r\n      \"imageReference\": {\r\n        \"publisher\": \"Canonical\",\r\n        \"offer\": \"UbuntuServer\",\r\n        \"sku\": \"14.04.4-LTS\",\r\n        \"version\": \"latest\"\r\n      },\r\n      \"osDisk\": {\r\n        \"name\": \"javavm-os-disk\",\r\n        \"vhd\": {\r\n          \"uri\": \"https://stgjavavm4d727078cba.blob.core.windows.net/vhds/javavm-os-disk-5b21d2f8-2591-4ee7-bb10-338a415ad2ca.vhd\"\r\n        },\r\n        \"caching\": \"ReadWrite\",\r\n        \"createOption\": \"fromImage\"\r\n      },\r\n      \"dataDisks\": []\r\n    },\r\n    \"osProfile\": {\r\n      \"computerName\": \"javavm\",\r\n      \"adminUsername\": \"Foo12\",\r\n      \"adminPassword\": \"BaR@12abc!\",\r\n      \"linuxConfiguration\": {\r\n        \"disablePasswordAuthentication\": false\r\n      }\r\n    },\r\n    \"networkProfile\": {\r\n      \"networkInterfaces\": [\r\n        {\r\n          \"properties\": {\r\n            \"primary\": true\r\n          },\r\n          \"id\": \"/subscriptions/9657ab5d-4a4a-4fd2-ae7a-4cd9fbd030ef/resourceGroups/vmexttest7627/providers/Microsoft.Network/networkInterfaces/nicjavavm4d770719a\"\r\n        }\r\n      ]\r\n    }\r\n  },\r\n  \"location\": \"eastus\",\r\n  \"tags\": {}\r\n}",
      "RequestHeaders": {
        "Content-Type": [
          "application/json; charset=utf-8"
        ],
        "Content-Length": [
          "1202"
        ],
        "x-ms-client-request-id": [
          "89323cda-794b-4f93-b6f7-f7c2707491db"
        ],
        "accept-language": [
          "en-US"
        ],
        "User-Agent": [
          "FxVersion/4.6.24214.01",
          "Microsoft.Azure.Management.Compute.Fluent.ComputeManagementClient/1.0.0-beta4.1"
        ]
      },
      "ResponseBody": "{\r\n  \"properties\": {\r\n    \"vmId\": \"31222cb4-fd1c-440b-baa0-14ad20fdd6c2\",\r\n    \"hardwareProfile\": {\r\n      \"vmSize\": \"Standard_D3_v2\"\r\n    },\r\n    \"storageProfile\": {\r\n      \"imageReference\": {\r\n        \"publisher\": \"Canonical\",\r\n        \"offer\": \"UbuntuServer\",\r\n        \"sku\": \"14.04.4-LTS\",\r\n        \"version\": \"latest\"\r\n      },\r\n      \"osDisk\": {\r\n        \"osType\": \"Linux\",\r\n        \"name\": \"javavm-os-disk\",\r\n        \"createOption\": \"FromImage\",\r\n        \"vhd\": {\r\n          \"uri\": \"https://stgjavavm4d727078cba.blob.core.windows.net/vhds/javavm-os-disk-5b21d2f8-2591-4ee7-bb10-338a415ad2ca.vhd\"\r\n        },\r\n        \"caching\": \"ReadWrite\"\r\n      },\r\n      \"dataDisks\": []\r\n    },\r\n    \"osProfile\": {\r\n      \"computerName\": \"javavm\",\r\n      \"adminUsername\": \"Foo12\",\r\n      \"linuxConfiguration\": {\r\n        \"disablePasswordAuthentication\": false\r\n      },\r\n      \"secrets\": []\r\n    },\r\n    \"networkProfile\": {\r\n      \"networkInterfaces\": [\r\n        {\r\n          \"id\": \"/subscriptions/9657ab5d-4a4a-4fd2-ae7a-4cd9fbd030ef/resourceGroups/vmexttest7627/providers/Microsoft.Network/networkInterfaces/nicjavavm4d770719a\",\r\n          \"properties\": {\r\n            \"primary\": true\r\n          }\r\n        }\r\n      ]\r\n    },\r\n    \"provisioningState\": \"Creating\"\r\n  },\r\n  \"type\": \"Microsoft.Compute/virtualMachines\",\r\n  \"location\": \"eastus\",\r\n  \"tags\": {},\r\n  \"id\": \"/subscriptions/9657ab5d-4a4a-4fd2-ae7a-4cd9fbd030ef/resourceGroups/vmexttest7627/providers/Microsoft.Compute/virtualMachines/javavm\",\r\n  \"name\": \"javavm\"\r\n}",
      "ResponseHeaders": {
        "Content-Length": [
          "1422"
        ],
        "Content-Type": [
          "application/json; charset=utf-8"
        ],
        "Expires": [
          "-1"
        ],
        "Cache-Control": [
          "no-cache"
        ],
        "Date": [
          "Fri, 06 Jan 2017 01:16:43 GMT"
        ],
        "Pragma": [
          "no-cache"
        ],
        "Server": [
          "Microsoft-HTTPAPI/2.0",
          "Microsoft-HTTPAPI/2.0"
        ],
        "Azure-AsyncOperation": [
          "https://management.azure.com/subscriptions/9657ab5d-4a4a-4fd2-ae7a-4cd9fbd030ef/providers/Microsoft.Compute/locations/eastus/operations/3fcfcd37-9c6c-4f02-a584-f089884dc484?api-version=2016-03-30"
        ],
        "Strict-Transport-Security": [
          "max-age=31536000; includeSubDomains"
        ],
        "x-ms-served-by": [
          "016478ec-a3fa-4201-8d1e-0d970daac07b_131281297180761991"
        ],
        "x-ms-request-id": [
          "3fcfcd37-9c6c-4f02-a584-f089884dc484"
        ],
        "x-ms-ratelimit-remaining-subscription-writes": [
          "1173"
        ],
        "x-ms-correlation-request-id": [
          "1af0545d-8c20-442a-8484-daab3ff8a141"
        ],
        "x-ms-routing-request-id": [
          "WESTUS2:20170106T011644Z:1af0545d-8c20-442a-8484-daab3ff8a141"
        ]
      },
      "StatusCode": 201
    },
    {
      "RequestUri": "/subscriptions/9657ab5d-4a4a-4fd2-ae7a-4cd9fbd030ef/resourceGroups/vmexttest7627/providers/Microsoft.Compute/virtualMachines/javavm?api-version=2016-03-30",
      "EncodedRequestUri": "L3N1YnNjcmlwdGlvbnMvOTY1N2FiNWQtNGE0YS00ZmQyLWFlN2EtNGNkOWZiZDAzMGVmL3Jlc291cmNlR3JvdXBzL3ZtZXh0dGVzdDc2MjcvcHJvdmlkZXJzL01pY3Jvc29mdC5Db21wdXRlL3ZpcnR1YWxNYWNoaW5lcy9qYXZhdm0/YXBpLXZlcnNpb249MjAxNi0wMy0zMA==",
      "RequestMethod": "PUT",
      "RequestBody": "{\r\n  \"properties\": {\r\n    \"hardwareProfile\": {\r\n      \"vmSize\": \"Standard_D3_v2\"\r\n    },\r\n    \"storageProfile\": {\r\n      \"imageReference\": {\r\n        \"publisher\": \"Canonical\",\r\n        \"offer\": \"UbuntuServer\",\r\n        \"sku\": \"14.04.4-LTS\",\r\n        \"version\": \"latest\"\r\n      },\r\n      \"osDisk\": {\r\n        \"osType\": \"Linux\",\r\n        \"name\": \"javavm-os-disk\",\r\n        \"vhd\": {\r\n          \"uri\": \"https://stgjavavm4d727078cba.blob.core.windows.net/vhds/javavm-os-disk-5b21d2f8-2591-4ee7-bb10-338a415ad2ca.vhd\"\r\n        },\r\n        \"caching\": \"ReadWrite\",\r\n        \"createOption\": \"fromImage\"\r\n      },\r\n      \"dataDisks\": []\r\n    },\r\n    \"osProfile\": {\r\n      \"computerName\": \"javavm\",\r\n      \"adminUsername\": \"Foo12\",\r\n      \"linuxConfiguration\": {\r\n        \"disablePasswordAuthentication\": false\r\n      },\r\n      \"secrets\": []\r\n    },\r\n    \"networkProfile\": {\r\n      \"networkInterfaces\": [\r\n        {\r\n          \"properties\": {\r\n            \"primary\": true\r\n          },\r\n          \"id\": \"/subscriptions/9657ab5d-4a4a-4fd2-ae7a-4cd9fbd030ef/resourceGroups/vmexttest7627/providers/Microsoft.Network/networkInterfaces/nicjavavm4d770719a\"\r\n        }\r\n      ]\r\n    }\r\n  },\r\n  \"id\": \"/subscriptions/9657ab5d-4a4a-4fd2-ae7a-4cd9fbd030ef/resourceGroups/vmexttest7627/providers/Microsoft.Compute/virtualMachines/javavm\",\r\n  \"location\": \"eastus\",\r\n  \"tags\": {}\r\n}",
      "RequestHeaders": {
        "Content-Type": [
          "application/json; charset=utf-8"
        ],
        "Content-Length": [
          "1358"
        ],
        "x-ms-client-request-id": [
          "34ed65ce-7cf2-4974-af8e-1d9590aeed7a"
        ],
        "accept-language": [
          "en-US"
        ],
        "User-Agent": [
          "FxVersion/4.6.24214.01",
          "Microsoft.Azure.Management.Compute.Fluent.ComputeManagementClient/1.0.0-beta4.1"
        ]
      },
      "ResponseBody": "{\r\n  \"properties\": {\r\n    \"vmId\": \"31222cb4-fd1c-440b-baa0-14ad20fdd6c2\",\r\n    \"hardwareProfile\": {\r\n      \"vmSize\": \"Standard_D3_v2\"\r\n    },\r\n    \"storageProfile\": {\r\n      \"imageReference\": {\r\n        \"publisher\": \"Canonical\",\r\n        \"offer\": \"UbuntuServer\",\r\n        \"sku\": \"14.04.4-LTS\",\r\n        \"version\": \"latest\"\r\n      },\r\n      \"osDisk\": {\r\n        \"osType\": \"Linux\",\r\n        \"name\": \"javavm-os-disk\",\r\n        \"createOption\": \"FromImage\",\r\n        \"vhd\": {\r\n          \"uri\": \"https://stgjavavm4d727078cba.blob.core.windows.net/vhds/javavm-os-disk-5b21d2f8-2591-4ee7-bb10-338a415ad2ca.vhd\"\r\n        },\r\n        \"caching\": \"ReadWrite\"\r\n      },\r\n      \"dataDisks\": []\r\n    },\r\n    \"osProfile\": {\r\n      \"computerName\": \"javavm\",\r\n      \"adminUsername\": \"Foo12\",\r\n      \"linuxConfiguration\": {\r\n        \"disablePasswordAuthentication\": false\r\n      },\r\n      \"secrets\": []\r\n    },\r\n    \"networkProfile\": {\r\n      \"networkInterfaces\": [\r\n        {\r\n          \"id\": \"/subscriptions/9657ab5d-4a4a-4fd2-ae7a-4cd9fbd030ef/resourceGroups/vmexttest7627/providers/Microsoft.Network/networkInterfaces/nicjavavm4d770719a\",\r\n          \"properties\": {\r\n            \"primary\": true\r\n          }\r\n        }\r\n      ]\r\n    },\r\n    \"provisioningState\": \"Updating\"\r\n  },\r\n  \"type\": \"Microsoft.Compute/virtualMachines\",\r\n  \"location\": \"eastus\",\r\n  \"tags\": {},\r\n  \"id\": \"/subscriptions/9657ab5d-4a4a-4fd2-ae7a-4cd9fbd030ef/resourceGroups/vmexttest7627/providers/Microsoft.Compute/virtualMachines/javavm\",\r\n  \"name\": \"javavm\"\r\n}",
      "ResponseHeaders": {
        "Content-Type": [
          "application/json; charset=utf-8"
        ],
        "Expires": [
          "-1"
        ],
        "Cache-Control": [
          "no-cache"
        ],
        "Date": [
          "Fri, 06 Jan 2017 01:18:15 GMT"
        ],
        "Pragma": [
          "no-cache"
        ],
        "Transfer-Encoding": [
          "chunked"
        ],
        "Server": [
          "Microsoft-HTTPAPI/2.0",
          "Microsoft-HTTPAPI/2.0"
        ],
        "Vary": [
          "Accept-Encoding"
        ],
        "Azure-AsyncOperation": [
          "https://management.azure.com/subscriptions/9657ab5d-4a4a-4fd2-ae7a-4cd9fbd030ef/providers/Microsoft.Compute/locations/eastus/operations/b1063dfa-12fc-41c3-bea0-3259b123d117?api-version=2016-03-30"
        ],
        "Strict-Transport-Security": [
          "max-age=31536000; includeSubDomains"
        ],
        "x-ms-served-by": [
          "016478ec-a3fa-4201-8d1e-0d970daac07b_131281297180761991"
        ],
        "x-ms-request-id": [
          "b1063dfa-12fc-41c3-bea0-3259b123d117"
        ],
        "x-ms-ratelimit-remaining-subscription-writes": [
          "1171"
        ],
        "x-ms-correlation-request-id": [
          "6aa52fa7-4ded-4309-a116-0874f6bc3b39"
        ],
        "x-ms-routing-request-id": [
          "WESTUS2:20170106T011815Z:6aa52fa7-4ded-4309-a116-0874f6bc3b39"
        ]
      },
      "StatusCode": 200
    },
    {
      "RequestUri": "/subscriptions/9657ab5d-4a4a-4fd2-ae7a-4cd9fbd030ef/resourceGroups/vmexttest7627/providers/Microsoft.Compute/virtualMachines/javavm?api-version=2016-03-30",
      "EncodedRequestUri": "L3N1YnNjcmlwdGlvbnMvOTY1N2FiNWQtNGE0YS00ZmQyLWFlN2EtNGNkOWZiZDAzMGVmL3Jlc291cmNlR3JvdXBzL3ZtZXh0dGVzdDc2MjcvcHJvdmlkZXJzL01pY3Jvc29mdC5Db21wdXRlL3ZpcnR1YWxNYWNoaW5lcy9qYXZhdm0/YXBpLXZlcnNpb249MjAxNi0wMy0zMA==",
      "RequestMethod": "PUT",
      "RequestBody": "{\r\n  \"properties\": {\r\n    \"hardwareProfile\": {\r\n      \"vmSize\": \"Standard_D3_v2\"\r\n    },\r\n    \"storageProfile\": {\r\n      \"imageReference\": {\r\n        \"publisher\": \"Canonical\",\r\n        \"offer\": \"UbuntuServer\",\r\n        \"sku\": \"14.04.4-LTS\",\r\n        \"version\": \"latest\"\r\n      },\r\n      \"osDisk\": {\r\n        \"osType\": \"Linux\",\r\n        \"name\": \"javavm-os-disk\",\r\n        \"vhd\": {\r\n          \"uri\": \"https://stgjavavm4d727078cba.blob.core.windows.net/vhds/javavm-os-disk-5b21d2f8-2591-4ee7-bb10-338a415ad2ca.vhd\"\r\n        },\r\n        \"caching\": \"ReadWrite\",\r\n        \"createOption\": \"fromImage\"\r\n      },\r\n      \"dataDisks\": []\r\n    },\r\n    \"osProfile\": {\r\n      \"computerName\": \"javavm\",\r\n      \"adminUsername\": \"Foo12\",\r\n      \"linuxConfiguration\": {\r\n        \"disablePasswordAuthentication\": false\r\n      },\r\n      \"secrets\": []\r\n    },\r\n    \"networkProfile\": {\r\n      \"networkInterfaces\": [\r\n        {\r\n          \"properties\": {\r\n            \"primary\": true\r\n          },\r\n          \"id\": \"/subscriptions/9657ab5d-4a4a-4fd2-ae7a-4cd9fbd030ef/resourceGroups/vmexttest7627/providers/Microsoft.Network/networkInterfaces/nicjavavm4d770719a\"\r\n        }\r\n      ]\r\n    }\r\n  },\r\n  \"id\": \"/subscriptions/9657ab5d-4a4a-4fd2-ae7a-4cd9fbd030ef/resourceGroups/vmexttest7627/providers/Microsoft.Compute/virtualMachines/javavm\",\r\n  \"location\": \"eastus\",\r\n  \"tags\": {}\r\n}",
      "RequestHeaders": {
        "Content-Type": [
          "application/json; charset=utf-8"
        ],
        "Content-Length": [
          "1358"
        ],
        "x-ms-client-request-id": [
          "2cd04fc4-9fc6-49ae-843a-dc34d9df7995"
        ],
        "accept-language": [
          "en-US"
        ],
        "User-Agent": [
          "FxVersion/4.6.24214.01",
          "Microsoft.Azure.Management.Compute.Fluent.ComputeManagementClient/1.0.0-beta4.1"
        ]
      },
      "ResponseBody": "{\r\n  \"properties\": {\r\n    \"vmId\": \"31222cb4-fd1c-440b-baa0-14ad20fdd6c2\",\r\n    \"hardwareProfile\": {\r\n      \"vmSize\": \"Standard_D3_v2\"\r\n    },\r\n    \"storageProfile\": {\r\n      \"imageReference\": {\r\n        \"publisher\": \"Canonical\",\r\n        \"offer\": \"UbuntuServer\",\r\n        \"sku\": \"14.04.4-LTS\",\r\n        \"version\": \"latest\"\r\n      },\r\n      \"osDisk\": {\r\n        \"osType\": \"Linux\",\r\n        \"name\": \"javavm-os-disk\",\r\n        \"createOption\": \"FromImage\",\r\n        \"vhd\": {\r\n          \"uri\": \"https://stgjavavm4d727078cba.blob.core.windows.net/vhds/javavm-os-disk-5b21d2f8-2591-4ee7-bb10-338a415ad2ca.vhd\"\r\n        },\r\n        \"caching\": \"ReadWrite\"\r\n      },\r\n      \"dataDisks\": []\r\n    },\r\n    \"osProfile\": {\r\n      \"computerName\": \"javavm\",\r\n      \"adminUsername\": \"Foo12\",\r\n      \"linuxConfiguration\": {\r\n        \"disablePasswordAuthentication\": false\r\n      },\r\n      \"secrets\": []\r\n    },\r\n    \"networkProfile\": {\r\n      \"networkInterfaces\": [\r\n        {\r\n          \"id\": \"/subscriptions/9657ab5d-4a4a-4fd2-ae7a-4cd9fbd030ef/resourceGroups/vmexttest7627/providers/Microsoft.Network/networkInterfaces/nicjavavm4d770719a\",\r\n          \"properties\": {\r\n            \"primary\": true\r\n          }\r\n        }\r\n      ]\r\n    },\r\n    \"provisioningState\": \"Updating\"\r\n  },\r\n  \"resources\": [\r\n    {\r\n      \"properties\": {\r\n        \"publisher\": \"Microsoft.OSTCExtensions\",\r\n        \"type\": \"VMAccessForLinux\",\r\n        \"typeHandlerVersion\": \"1.4\",\r\n        \"autoUpgradeMinorVersion\": false,\r\n        \"provisioningState\": \"Succeeded\"\r\n      },\r\n      \"type\": \"Microsoft.Compute/virtualMachines/extensions\",\r\n      \"location\": \"eastus\",\r\n      \"id\": \"/subscriptions/9657ab5d-4a4a-4fd2-ae7a-4cd9fbd030ef/resourceGroups/vmexttest7627/providers/Microsoft.Compute/virtualMachines/javavm/extensions/VMAccessForLinux\",\r\n      \"name\": \"VMAccessForLinux\"\r\n    }\r\n  ],\r\n  \"type\": \"Microsoft.Compute/virtualMachines\",\r\n  \"location\": \"eastus\",\r\n  \"tags\": {},\r\n  \"id\": \"/subscriptions/9657ab5d-4a4a-4fd2-ae7a-4cd9fbd030ef/resourceGroups/vmexttest7627/providers/Microsoft.Compute/virtualMachines/javavm\",\r\n  \"name\": \"javavm\"\r\n}",
      "ResponseHeaders": {
        "Content-Type": [
          "application/json; charset=utf-8"
        ],
        "Expires": [
          "-1"
        ],
        "Cache-Control": [
          "no-cache"
        ],
        "Date": [
          "Fri, 06 Jan 2017 01:20:17 GMT"
        ],
        "Pragma": [
          "no-cache"
        ],
        "Transfer-Encoding": [
          "chunked"
        ],
        "Server": [
          "Microsoft-HTTPAPI/2.0",
          "Microsoft-HTTPAPI/2.0"
        ],
        "Vary": [
          "Accept-Encoding"
        ],
        "Azure-AsyncOperation": [
          "https://management.azure.com/subscriptions/9657ab5d-4a4a-4fd2-ae7a-4cd9fbd030ef/providers/Microsoft.Compute/locations/eastus/operations/b0deef65-5e4f-4194-aeba-6f858a8c2499?api-version=2016-03-30"
        ],
        "Strict-Transport-Security": [
          "max-age=31536000; includeSubDomains"
        ],
        "x-ms-served-by": [
          "016478ec-a3fa-4201-8d1e-0d970daac07b_131281297180761991"
        ],
        "x-ms-request-id": [
          "b0deef65-5e4f-4194-aeba-6f858a8c2499"
        ],
        "x-ms-ratelimit-remaining-subscription-writes": [
          "1170"
        ],
        "x-ms-correlation-request-id": [
          "b4cc51e0-b53b-47eb-9dda-6de57ab50a5f"
        ],
        "x-ms-routing-request-id": [
          "WESTUS2:20170106T012018Z:b4cc51e0-b53b-47eb-9dda-6de57ab50a5f"
        ]
      },
      "StatusCode": 200
    },
    {
      "RequestUri": "/subscriptions/9657ab5d-4a4a-4fd2-ae7a-4cd9fbd030ef/providers/Microsoft.Compute/locations/eastus/operations/3fcfcd37-9c6c-4f02-a584-f089884dc484?api-version=2016-03-30",
      "EncodedRequestUri": "L3N1YnNjcmlwdGlvbnMvOTY1N2FiNWQtNGE0YS00ZmQyLWFlN2EtNGNkOWZiZDAzMGVmL3Byb3ZpZGVycy9NaWNyb3NvZnQuQ29tcHV0ZS9sb2NhdGlvbnMvZWFzdHVzL29wZXJhdGlvbnMvM2ZjZmNkMzctOWM2Yy00ZjAyLWE1ODQtZjA4OTg4NGRjNDg0P2FwaS12ZXJzaW9uPTIwMTYtMDMtMzA=",
      "RequestMethod": "GET",
      "RequestBody": "",
      "RequestHeaders": {
        "User-Agent": [
          "FxVersion/4.6.24214.01",
          "Microsoft.Azure.Management.Compute.Fluent.ComputeManagementClient/1.0.0-beta4.1"
        ]
      },
      "ResponseBody": "{\r\n  \"startTime\": \"2017-01-05T17:16:44.2390258-08:00\",\r\n  \"status\": \"InProgress\",\r\n  \"name\": \"3fcfcd37-9c6c-4f02-a584-f089884dc484\"\r\n}",
      "ResponseHeaders": {
        "Content-Type": [
          "application/json; charset=utf-8"
        ],
        "Expires": [
          "-1"
        ],
        "Cache-Control": [
          "no-cache"
        ],
        "Date": [
          "Fri, 06 Jan 2017 01:17:13 GMT"
        ],
        "Pragma": [
          "no-cache"
        ],
        "Transfer-Encoding": [
          "chunked"
        ],
        "Server": [
          "Microsoft-HTTPAPI/2.0",
          "Microsoft-HTTPAPI/2.0"
        ],
        "Vary": [
          "Accept-Encoding"
        ],
        "Strict-Transport-Security": [
          "max-age=31536000; includeSubDomains"
        ],
        "x-ms-served-by": [
          "016478ec-a3fa-4201-8d1e-0d970daac07b_131281297180761991"
        ],
        "x-ms-request-id": [
          "b785ae21-efd6-4860-8cbd-22016c596944"
        ],
        "x-ms-ratelimit-remaining-subscription-reads": [
          "14919"
        ],
        "x-ms-correlation-request-id": [
          "c0c64970-008b-4c10-b15d-0469c8b5668b"
        ],
        "x-ms-routing-request-id": [
          "WESTUS2:20170106T011714Z:c0c64970-008b-4c10-b15d-0469c8b5668b"
        ]
      },
      "StatusCode": 200
    },
    {
      "RequestUri": "/subscriptions/9657ab5d-4a4a-4fd2-ae7a-4cd9fbd030ef/providers/Microsoft.Compute/locations/eastus/operations/3fcfcd37-9c6c-4f02-a584-f089884dc484?api-version=2016-03-30",
      "EncodedRequestUri": "L3N1YnNjcmlwdGlvbnMvOTY1N2FiNWQtNGE0YS00ZmQyLWFlN2EtNGNkOWZiZDAzMGVmL3Byb3ZpZGVycy9NaWNyb3NvZnQuQ29tcHV0ZS9sb2NhdGlvbnMvZWFzdHVzL29wZXJhdGlvbnMvM2ZjZmNkMzctOWM2Yy00ZjAyLWE1ODQtZjA4OTg4NGRjNDg0P2FwaS12ZXJzaW9uPTIwMTYtMDMtMzA=",
      "RequestMethod": "GET",
      "RequestBody": "",
      "RequestHeaders": {
        "User-Agent": [
          "FxVersion/4.6.24214.01",
          "Microsoft.Azure.Management.Compute.Fluent.ComputeManagementClient/1.0.0-beta4.1"
        ]
      },
      "ResponseBody": "{\r\n  \"startTime\": \"2017-01-05T17:16:44.2390258-08:00\",\r\n  \"status\": \"InProgress\",\r\n  \"name\": \"3fcfcd37-9c6c-4f02-a584-f089884dc484\"\r\n}",
      "ResponseHeaders": {
        "Content-Type": [
          "application/json; charset=utf-8"
        ],
        "Expires": [
          "-1"
        ],
        "Cache-Control": [
          "no-cache"
        ],
        "Date": [
          "Fri, 06 Jan 2017 01:17:43 GMT"
        ],
        "Pragma": [
          "no-cache"
        ],
        "Transfer-Encoding": [
          "chunked"
        ],
        "Server": [
          "Microsoft-HTTPAPI/2.0",
          "Microsoft-HTTPAPI/2.0"
        ],
        "Vary": [
          "Accept-Encoding"
        ],
        "Strict-Transport-Security": [
          "max-age=31536000; includeSubDomains"
        ],
        "x-ms-served-by": [
          "016478ec-a3fa-4201-8d1e-0d970daac07b_131281297180761991"
        ],
        "x-ms-request-id": [
          "b5ea3718-d4de-4a29-b1a6-4a62cfccdb1d"
        ],
        "x-ms-ratelimit-remaining-subscription-reads": [
          "14917"
        ],
        "x-ms-correlation-request-id": [
          "344bec5d-71f6-4f7e-bbdc-826f60a01d5d"
        ],
        "x-ms-routing-request-id": [
          "WESTUS2:20170106T011744Z:344bec5d-71f6-4f7e-bbdc-826f60a01d5d"
        ]
      },
      "StatusCode": 200
    },
    {
      "RequestUri": "/subscriptions/9657ab5d-4a4a-4fd2-ae7a-4cd9fbd030ef/providers/Microsoft.Compute/locations/eastus/operations/3fcfcd37-9c6c-4f02-a584-f089884dc484?api-version=2016-03-30",
      "EncodedRequestUri": "L3N1YnNjcmlwdGlvbnMvOTY1N2FiNWQtNGE0YS00ZmQyLWFlN2EtNGNkOWZiZDAzMGVmL3Byb3ZpZGVycy9NaWNyb3NvZnQuQ29tcHV0ZS9sb2NhdGlvbnMvZWFzdHVzL29wZXJhdGlvbnMvM2ZjZmNkMzctOWM2Yy00ZjAyLWE1ODQtZjA4OTg4NGRjNDg0P2FwaS12ZXJzaW9uPTIwMTYtMDMtMzA=",
      "RequestMethod": "GET",
      "RequestBody": "",
      "RequestHeaders": {
        "User-Agent": [
          "FxVersion/4.6.24214.01",
          "Microsoft.Azure.Management.Compute.Fluent.ComputeManagementClient/1.0.0-beta4.1"
        ]
      },
      "ResponseBody": "{\r\n  \"startTime\": \"2017-01-05T17:16:44.2390258-08:00\",\r\n  \"endTime\": \"2017-01-05T17:17:56.8213017-08:00\",\r\n  \"status\": \"Succeeded\",\r\n  \"name\": \"3fcfcd37-9c6c-4f02-a584-f089884dc484\"\r\n}",
      "ResponseHeaders": {
        "Content-Type": [
          "application/json; charset=utf-8"
        ],
        "Expires": [
          "-1"
        ],
        "Cache-Control": [
          "no-cache"
        ],
        "Date": [
          "Fri, 06 Jan 2017 01:18:14 GMT"
        ],
        "Pragma": [
          "no-cache"
        ],
        "Transfer-Encoding": [
          "chunked"
        ],
        "Server": [
          "Microsoft-HTTPAPI/2.0",
          "Microsoft-HTTPAPI/2.0"
        ],
        "Vary": [
          "Accept-Encoding"
        ],
        "Strict-Transport-Security": [
          "max-age=31536000; includeSubDomains"
        ],
        "x-ms-served-by": [
          "016478ec-a3fa-4201-8d1e-0d970daac07b_131281297180761991"
        ],
        "x-ms-request-id": [
          "b8d37bc9-b34c-4c52-9864-e052663d0036"
        ],
        "x-ms-ratelimit-remaining-subscription-reads": [
          "14914"
        ],
        "x-ms-correlation-request-id": [
          "2803e5e2-3eea-4f63-93c7-04303588e04d"
        ],
        "x-ms-routing-request-id": [
          "WESTUS2:20170106T011814Z:2803e5e2-3eea-4f63-93c7-04303588e04d"
        ]
      },
      "StatusCode": 200
    },
    {
      "RequestUri": "/subscriptions/9657ab5d-4a4a-4fd2-ae7a-4cd9fbd030ef/resourceGroups/vmexttest7627/providers/Microsoft.Compute/virtualMachines/javavm?api-version=2016-03-30",
      "EncodedRequestUri": "L3N1YnNjcmlwdGlvbnMvOTY1N2FiNWQtNGE0YS00ZmQyLWFlN2EtNGNkOWZiZDAzMGVmL3Jlc291cmNlR3JvdXBzL3ZtZXh0dGVzdDc2MjcvcHJvdmlkZXJzL01pY3Jvc29mdC5Db21wdXRlL3ZpcnR1YWxNYWNoaW5lcy9qYXZhdm0/YXBpLXZlcnNpb249MjAxNi0wMy0zMA==",
      "RequestMethod": "GET",
      "RequestBody": "",
      "RequestHeaders": {
        "User-Agent": [
          "FxVersion/4.6.24214.01",
          "Microsoft.Azure.Management.Compute.Fluent.ComputeManagementClient/1.0.0-beta4.1"
        ]
      },
      "ResponseBody": "{\r\n  \"properties\": {\r\n    \"vmId\": \"31222cb4-fd1c-440b-baa0-14ad20fdd6c2\",\r\n    \"hardwareProfile\": {\r\n      \"vmSize\": \"Standard_D3_v2\"\r\n    },\r\n    \"storageProfile\": {\r\n      \"imageReference\": {\r\n        \"publisher\": \"Canonical\",\r\n        \"offer\": \"UbuntuServer\",\r\n        \"sku\": \"14.04.4-LTS\",\r\n        \"version\": \"latest\"\r\n      },\r\n      \"osDisk\": {\r\n        \"osType\": \"Linux\",\r\n        \"name\": \"javavm-os-disk\",\r\n        \"createOption\": \"FromImage\",\r\n        \"vhd\": {\r\n          \"uri\": \"https://stgjavavm4d727078cba.blob.core.windows.net/vhds/javavm-os-disk-5b21d2f8-2591-4ee7-bb10-338a415ad2ca.vhd\"\r\n        },\r\n        \"caching\": \"ReadWrite\"\r\n      },\r\n      \"dataDisks\": []\r\n    },\r\n    \"osProfile\": {\r\n      \"computerName\": \"javavm\",\r\n      \"adminUsername\": \"Foo12\",\r\n      \"linuxConfiguration\": {\r\n        \"disablePasswordAuthentication\": false\r\n      },\r\n      \"secrets\": []\r\n    },\r\n    \"networkProfile\": {\r\n      \"networkInterfaces\": [\r\n        {\r\n          \"id\": \"/subscriptions/9657ab5d-4a4a-4fd2-ae7a-4cd9fbd030ef/resourceGroups/vmexttest7627/providers/Microsoft.Network/networkInterfaces/nicjavavm4d770719a\",\r\n          \"properties\": {\r\n            \"primary\": true\r\n          }\r\n        }\r\n      ]\r\n    },\r\n    \"provisioningState\": \"Succeeded\"\r\n  },\r\n  \"type\": \"Microsoft.Compute/virtualMachines\",\r\n  \"location\": \"eastus\",\r\n  \"tags\": {},\r\n  \"id\": \"/subscriptions/9657ab5d-4a4a-4fd2-ae7a-4cd9fbd030ef/resourceGroups/vmexttest7627/providers/Microsoft.Compute/virtualMachines/javavm\",\r\n  \"name\": \"javavm\"\r\n}",
      "ResponseHeaders": {
        "Content-Type": [
          "application/json; charset=utf-8"
        ],
        "Expires": [
          "-1"
        ],
        "Cache-Control": [
          "no-cache"
        ],
        "Date": [
          "Fri, 06 Jan 2017 01:18:14 GMT"
        ],
        "Pragma": [
          "no-cache"
        ],
        "Transfer-Encoding": [
          "chunked"
        ],
        "Server": [
          "Microsoft-HTTPAPI/2.0",
          "Microsoft-HTTPAPI/2.0"
        ],
        "Vary": [
          "Accept-Encoding"
        ],
        "Strict-Transport-Security": [
          "max-age=31536000; includeSubDomains"
        ],
        "x-ms-served-by": [
          "016478ec-a3fa-4201-8d1e-0d970daac07b_131281297180761991"
        ],
        "x-ms-request-id": [
          "829ce60b-7cae-4e00-8f9a-1861b3d191b7"
        ],
        "x-ms-ratelimit-remaining-subscription-reads": [
          "14913"
        ],
        "x-ms-correlation-request-id": [
          "493619ae-72af-4ab5-90ce-f339d8244891"
        ],
        "x-ms-routing-request-id": [
          "WESTUS2:20170106T011814Z:493619ae-72af-4ab5-90ce-f339d8244891"
        ]
      },
      "StatusCode": 200
    },
    {
      "RequestUri": "/subscriptions/9657ab5d-4a4a-4fd2-ae7a-4cd9fbd030ef/resourceGroups/vmexttest7627/providers/Microsoft.Compute/virtualMachines/javavm?api-version=2016-03-30",
      "EncodedRequestUri": "L3N1YnNjcmlwdGlvbnMvOTY1N2FiNWQtNGE0YS00ZmQyLWFlN2EtNGNkOWZiZDAzMGVmL3Jlc291cmNlR3JvdXBzL3ZtZXh0dGVzdDc2MjcvcHJvdmlkZXJzL01pY3Jvc29mdC5Db21wdXRlL3ZpcnR1YWxNYWNoaW5lcy9qYXZhdm0/YXBpLXZlcnNpb249MjAxNi0wMy0zMA==",
      "RequestMethod": "GET",
      "RequestBody": "",
      "RequestHeaders": {
        "User-Agent": [
          "FxVersion/4.6.24214.01",
          "Microsoft.Azure.Management.Compute.Fluent.ComputeManagementClient/1.0.0-beta4.1"
        ]
      },
      "ResponseBody": "{\r\n  \"properties\": {\r\n    \"vmId\": \"31222cb4-fd1c-440b-baa0-14ad20fdd6c2\",\r\n    \"hardwareProfile\": {\r\n      \"vmSize\": \"Standard_D3_v2\"\r\n    },\r\n    \"storageProfile\": {\r\n      \"imageReference\": {\r\n        \"publisher\": \"Canonical\",\r\n        \"offer\": \"UbuntuServer\",\r\n        \"sku\": \"14.04.4-LTS\",\r\n        \"version\": \"latest\"\r\n      },\r\n      \"osDisk\": {\r\n        \"osType\": \"Linux\",\r\n        \"name\": \"javavm-os-disk\",\r\n        \"createOption\": \"FromImage\",\r\n        \"vhd\": {\r\n          \"uri\": \"https://stgjavavm4d727078cba.blob.core.windows.net/vhds/javavm-os-disk-5b21d2f8-2591-4ee7-bb10-338a415ad2ca.vhd\"\r\n        },\r\n        \"caching\": \"ReadWrite\"\r\n      },\r\n      \"dataDisks\": []\r\n    },\r\n    \"osProfile\": {\r\n      \"computerName\": \"javavm\",\r\n      \"adminUsername\": \"Foo12\",\r\n      \"linuxConfiguration\": {\r\n        \"disablePasswordAuthentication\": false\r\n      },\r\n      \"secrets\": []\r\n    },\r\n    \"networkProfile\": {\r\n      \"networkInterfaces\": [\r\n        {\r\n          \"id\": \"/subscriptions/9657ab5d-4a4a-4fd2-ae7a-4cd9fbd030ef/resourceGroups/vmexttest7627/providers/Microsoft.Network/networkInterfaces/nicjavavm4d770719a\",\r\n          \"properties\": {\r\n            \"primary\": true\r\n          }\r\n        }\r\n      ]\r\n    },\r\n    \"provisioningState\": \"Succeeded\"\r\n  },\r\n  \"type\": \"Microsoft.Compute/virtualMachines\",\r\n  \"location\": \"eastus\",\r\n  \"tags\": {},\r\n  \"id\": \"/subscriptions/9657ab5d-4a4a-4fd2-ae7a-4cd9fbd030ef/resourceGroups/vmexttest7627/providers/Microsoft.Compute/virtualMachines/javavm\",\r\n  \"name\": \"javavm\"\r\n}",
      "ResponseHeaders": {
        "Content-Type": [
          "application/json; charset=utf-8"
        ],
        "Expires": [
          "-1"
        ],
        "Cache-Control": [
          "no-cache"
        ],
        "Date": [
          "Fri, 06 Jan 2017 01:18:45 GMT"
        ],
        "Pragma": [
          "no-cache"
        ],
        "Transfer-Encoding": [
          "chunked"
        ],
        "Server": [
          "Microsoft-HTTPAPI/2.0",
          "Microsoft-HTTPAPI/2.0"
        ],
        "Vary": [
          "Accept-Encoding"
        ],
        "Strict-Transport-Security": [
          "max-age=31536000; includeSubDomains"
        ],
        "x-ms-served-by": [
          "016478ec-a3fa-4201-8d1e-0d970daac07b_131281297180761991"
        ],
        "x-ms-request-id": [
          "66752618-c2d5-40c3-8aea-6d72f2fbf486"
        ],
        "x-ms-ratelimit-remaining-subscription-reads": [
          "14909"
        ],
        "x-ms-correlation-request-id": [
          "f4ccfcb1-7975-497e-8db1-b505e94d2822"
        ],
        "x-ms-routing-request-id": [
          "WESTUS2:20170106T011845Z:f4ccfcb1-7975-497e-8db1-b505e94d2822"
        ]
      },
      "StatusCode": 200
    },
    {
      "RequestUri": "/subscriptions/9657ab5d-4a4a-4fd2-ae7a-4cd9fbd030ef/resourceGroups/vmexttest7627/providers/Microsoft.Compute/virtualMachines/javavm?api-version=2016-03-30",
      "EncodedRequestUri": "L3N1YnNjcmlwdGlvbnMvOTY1N2FiNWQtNGE0YS00ZmQyLWFlN2EtNGNkOWZiZDAzMGVmL3Jlc291cmNlR3JvdXBzL3ZtZXh0dGVzdDc2MjcvcHJvdmlkZXJzL01pY3Jvc29mdC5Db21wdXRlL3ZpcnR1YWxNYWNoaW5lcy9qYXZhdm0/YXBpLXZlcnNpb249MjAxNi0wMy0zMA==",
      "RequestMethod": "GET",
      "RequestBody": "",
      "RequestHeaders": {
        "User-Agent": [
          "FxVersion/4.6.24214.01",
          "Microsoft.Azure.Management.Compute.Fluent.ComputeManagementClient/1.0.0-beta4.1"
        ]
      },
      "ResponseBody": "{\r\n  \"properties\": {\r\n    \"vmId\": \"31222cb4-fd1c-440b-baa0-14ad20fdd6c2\",\r\n    \"hardwareProfile\": {\r\n      \"vmSize\": \"Standard_D3_v2\"\r\n    },\r\n    \"storageProfile\": {\r\n      \"imageReference\": {\r\n        \"publisher\": \"Canonical\",\r\n        \"offer\": \"UbuntuServer\",\r\n        \"sku\": \"14.04.4-LTS\",\r\n        \"version\": \"latest\"\r\n      },\r\n      \"osDisk\": {\r\n        \"osType\": \"Linux\",\r\n        \"name\": \"javavm-os-disk\",\r\n        \"createOption\": \"FromImage\",\r\n        \"vhd\": {\r\n          \"uri\": \"https://stgjavavm4d727078cba.blob.core.windows.net/vhds/javavm-os-disk-5b21d2f8-2591-4ee7-bb10-338a415ad2ca.vhd\"\r\n        },\r\n        \"caching\": \"ReadWrite\"\r\n      },\r\n      \"dataDisks\": []\r\n    },\r\n    \"osProfile\": {\r\n      \"computerName\": \"javavm\",\r\n      \"adminUsername\": \"Foo12\",\r\n      \"linuxConfiguration\": {\r\n        \"disablePasswordAuthentication\": false\r\n      },\r\n      \"secrets\": []\r\n    },\r\n    \"networkProfile\": {\r\n      \"networkInterfaces\": [\r\n        {\r\n          \"id\": \"/subscriptions/9657ab5d-4a4a-4fd2-ae7a-4cd9fbd030ef/resourceGroups/vmexttest7627/providers/Microsoft.Network/networkInterfaces/nicjavavm4d770719a\",\r\n          \"properties\": {\r\n            \"primary\": true\r\n          }\r\n        }\r\n      ]\r\n    },\r\n    \"provisioningState\": \"Succeeded\"\r\n  },\r\n  \"resources\": [\r\n    {\r\n      \"properties\": {\r\n        \"publisher\": \"Microsoft.OSTCExtensions\",\r\n        \"type\": \"VMAccessForLinux\",\r\n        \"typeHandlerVersion\": \"1.4\",\r\n        \"autoUpgradeMinorVersion\": false,\r\n        \"provisioningState\": \"Succeeded\"\r\n      },\r\n      \"type\": \"Microsoft.Compute/virtualMachines/extensions\",\r\n      \"location\": \"eastus\",\r\n      \"id\": \"/subscriptions/9657ab5d-4a4a-4fd2-ae7a-4cd9fbd030ef/resourceGroups/vmexttest7627/providers/Microsoft.Compute/virtualMachines/javavm/extensions/VMAccessForLinux\",\r\n      \"name\": \"VMAccessForLinux\"\r\n    }\r\n  ],\r\n  \"type\": \"Microsoft.Compute/virtualMachines\",\r\n  \"location\": \"eastus\",\r\n  \"tags\": {},\r\n  \"id\": \"/subscriptions/9657ab5d-4a4a-4fd2-ae7a-4cd9fbd030ef/resourceGroups/vmexttest7627/providers/Microsoft.Compute/virtualMachines/javavm\",\r\n  \"name\": \"javavm\"\r\n}",
      "ResponseHeaders": {
        "Content-Type": [
          "application/json; charset=utf-8"
        ],
        "Expires": [
          "-1"
        ],
        "Cache-Control": [
          "no-cache"
        ],
        "Date": [
          "Fri, 06 Jan 2017 01:20:48 GMT"
        ],
        "Pragma": [
          "no-cache"
        ],
        "Transfer-Encoding": [
          "chunked"
        ],
        "Server": [
          "Microsoft-HTTPAPI/2.0",
          "Microsoft-HTTPAPI/2.0"
        ],
        "Vary": [
          "Accept-Encoding"
        ],
        "Strict-Transport-Security": [
          "max-age=31536000; includeSubDomains"
        ],
        "x-ms-served-by": [
          "016478ec-a3fa-4201-8d1e-0d970daac07b_131281297180761991"
        ],
        "x-ms-request-id": [
          "f5db7ebf-aad6-4373-8edb-592cd06f748b"
        ],
        "x-ms-ratelimit-remaining-subscription-reads": [
          "14903"
        ],
        "x-ms-correlation-request-id": [
          "5a936eed-04e2-44b4-b30e-4e363bd96935"
        ],
        "x-ms-routing-request-id": [
          "WESTUS2:20170106T012048Z:5a936eed-04e2-44b4-b30e-4e363bd96935"
        ]
      },
      "StatusCode": 200
    },
    {
      "RequestUri": "/subscriptions/9657ab5d-4a4a-4fd2-ae7a-4cd9fbd030ef/resourceGroups/vmexttest7627/providers/Microsoft.Compute/virtualMachines/javavm/vmSizes?api-version=2016-03-30",
      "EncodedRequestUri": "L3N1YnNjcmlwdGlvbnMvOTY1N2FiNWQtNGE0YS00ZmQyLWFlN2EtNGNkOWZiZDAzMGVmL3Jlc291cmNlR3JvdXBzL3ZtZXh0dGVzdDc2MjcvcHJvdmlkZXJzL01pY3Jvc29mdC5Db21wdXRlL3ZpcnR1YWxNYWNoaW5lcy9qYXZhdm0vdm1TaXplcz9hcGktdmVyc2lvbj0yMDE2LTAzLTMw",
      "RequestMethod": "GET",
      "RequestBody": "",
      "RequestHeaders": {
        "x-ms-client-request-id": [
          "7d117135-7b42-422c-9929-06a176c96259"
        ],
        "accept-language": [
          "en-US"
        ],
        "User-Agent": [
          "FxVersion/4.6.24214.01",
          "Microsoft.Azure.Management.Compute.Fluent.ComputeManagementClient/1.0.0-beta4.1"
        ]
      },
      "ResponseBody": "{\r\n  \"value\": [\r\n    {\r\n      \"name\": \"Standard_A0\",\r\n      \"numberOfCores\": 1,\r\n      \"osDiskSizeInMB\": 1047552,\r\n      \"resourceDiskSizeInMB\": 20480,\r\n      \"memoryInMB\": 768,\r\n      \"maxDataDiskCount\": 1\r\n    },\r\n    {\r\n      \"name\": \"Standard_A1\",\r\n      \"numberOfCores\": 1,\r\n      \"osDiskSizeInMB\": 1047552,\r\n      \"resourceDiskSizeInMB\": 71680,\r\n      \"memoryInMB\": 1792,\r\n      \"maxDataDiskCount\": 2\r\n    },\r\n    {\r\n      \"name\": \"Standard_A2\",\r\n      \"numberOfCores\": 2,\r\n      \"osDiskSizeInMB\": 1047552,\r\n      \"resourceDiskSizeInMB\": 138240,\r\n      \"memoryInMB\": 3584,\r\n      \"maxDataDiskCount\": 4\r\n    },\r\n    {\r\n      \"name\": \"Standard_A3\",\r\n      \"numberOfCores\": 4,\r\n      \"osDiskSizeInMB\": 1047552,\r\n      \"resourceDiskSizeInMB\": 291840,\r\n      \"memoryInMB\": 7168,\r\n      \"maxDataDiskCount\": 8\r\n    },\r\n    {\r\n      \"name\": \"Standard_A5\",\r\n      \"numberOfCores\": 2,\r\n      \"osDiskSizeInMB\": 1047552,\r\n      \"resourceDiskSizeInMB\": 138240,\r\n      \"memoryInMB\": 14336,\r\n      \"maxDataDiskCount\": 4\r\n    },\r\n    {\r\n      \"name\": \"Standard_A4\",\r\n      \"numberOfCores\": 8,\r\n      \"osDiskSizeInMB\": 1047552,\r\n      \"resourceDiskSizeInMB\": 619520,\r\n      \"memoryInMB\": 14336,\r\n      \"maxDataDiskCount\": 16\r\n    },\r\n    {\r\n      \"name\": \"Standard_A6\",\r\n      \"numberOfCores\": 4,\r\n      \"osDiskSizeInMB\": 1047552,\r\n      \"resourceDiskSizeInMB\": 291840,\r\n      \"memoryInMB\": 28672,\r\n      \"maxDataDiskCount\": 8\r\n    },\r\n    {\r\n      \"name\": \"Standard_A7\",\r\n      \"numberOfCores\": 8,\r\n      \"osDiskSizeInMB\": 1047552,\r\n      \"resourceDiskSizeInMB\": 619520,\r\n      \"memoryInMB\": 57344,\r\n      \"maxDataDiskCount\": 16\r\n    },\r\n    {\r\n      \"name\": \"Basic_A0\",\r\n      \"numberOfCores\": 1,\r\n      \"osDiskSizeInMB\": 1047552,\r\n      \"resourceDiskSizeInMB\": 20480,\r\n      \"memoryInMB\": 768,\r\n      \"maxDataDiskCount\": 1\r\n    },\r\n    {\r\n      \"name\": \"Basic_A1\",\r\n      \"numberOfCores\": 1,\r\n      \"osDiskSizeInMB\": 1047552,\r\n      \"resourceDiskSizeInMB\": 40960,\r\n      \"memoryInMB\": 1792,\r\n      \"maxDataDiskCount\": 2\r\n    },\r\n    {\r\n      \"name\": \"Basic_A2\",\r\n      \"numberOfCores\": 2,\r\n      \"osDiskSizeInMB\": 1047552,\r\n      \"resourceDiskSizeInMB\": 61440,\r\n      \"memoryInMB\": 3584,\r\n      \"maxDataDiskCount\": 4\r\n    },\r\n    {\r\n      \"name\": \"Basic_A3\",\r\n      \"numberOfCores\": 4,\r\n      \"osDiskSizeInMB\": 1047552,\r\n      \"resourceDiskSizeInMB\": 122880,\r\n      \"memoryInMB\": 7168,\r\n      \"maxDataDiskCount\": 8\r\n    },\r\n    {\r\n      \"name\": \"Basic_A4\",\r\n      \"numberOfCores\": 8,\r\n      \"osDiskSizeInMB\": 1047552,\r\n      \"resourceDiskSizeInMB\": 245760,\r\n      \"memoryInMB\": 14336,\r\n      \"maxDataDiskCount\": 16\r\n    },\r\n    {\r\n      \"name\": \"Standard_D1_v2\",\r\n      \"numberOfCores\": 1,\r\n      \"osDiskSizeInMB\": 1047552,\r\n      \"resourceDiskSizeInMB\": 51200,\r\n      \"memoryInMB\": 3584,\r\n      \"maxDataDiskCount\": 2\r\n    },\r\n    {\r\n      \"name\": \"Standard_D2_v2\",\r\n      \"numberOfCores\": 2,\r\n      \"osDiskSizeInMB\": 1047552,\r\n      \"resourceDiskSizeInMB\": 102400,\r\n      \"memoryInMB\": 7168,\r\n      \"maxDataDiskCount\": 4\r\n    },\r\n    {\r\n      \"name\": \"Standard_D3_v2\",\r\n      \"numberOfCores\": 4,\r\n      \"osDiskSizeInMB\": 1047552,\r\n      \"resourceDiskSizeInMB\": 204800,\r\n      \"memoryInMB\": 14336,\r\n      \"maxDataDiskCount\": 8\r\n    },\r\n    {\r\n      \"name\": \"Standard_D4_v2\",\r\n      \"numberOfCores\": 8,\r\n      \"osDiskSizeInMB\": 1047552,\r\n      \"resourceDiskSizeInMB\": 409600,\r\n      \"memoryInMB\": 28672,\r\n      \"maxDataDiskCount\": 16\r\n    },\r\n    {\r\n      \"name\": \"Standard_D5_v2\",\r\n      \"numberOfCores\": 16,\r\n      \"osDiskSizeInMB\": 1047552,\r\n      \"resourceDiskSizeInMB\": 819200,\r\n      \"memoryInMB\": 57344,\r\n      \"maxDataDiskCount\": 32\r\n    },\r\n    {\r\n      \"name\": \"Standard_D11_v2\",\r\n      \"numberOfCores\": 2,\r\n      \"osDiskSizeInMB\": 1047552,\r\n      \"resourceDiskSizeInMB\": 102400,\r\n      \"memoryInMB\": 14336,\r\n      \"maxDataDiskCount\": 4\r\n    },\r\n    {\r\n      \"name\": \"Standard_D12_v2\",\r\n      \"numberOfCores\": 4,\r\n      \"osDiskSizeInMB\": 1047552,\r\n      \"resourceDiskSizeInMB\": 204800,\r\n      \"memoryInMB\": 28672,\r\n      \"maxDataDiskCount\": 8\r\n    },\r\n    {\r\n      \"name\": \"Standard_D13_v2\",\r\n      \"numberOfCores\": 8,\r\n      \"osDiskSizeInMB\": 1047552,\r\n      \"resourceDiskSizeInMB\": 409600,\r\n      \"memoryInMB\": 57344,\r\n      \"maxDataDiskCount\": 16\r\n    },\r\n    {\r\n      \"name\": \"Standard_D14_v2\",\r\n      \"numberOfCores\": 16,\r\n      \"osDiskSizeInMB\": 1047552,\r\n      \"resourceDiskSizeInMB\": 819200,\r\n      \"memoryInMB\": 114688,\r\n      \"maxDataDiskCount\": 32\r\n    },\r\n    {\r\n      \"name\": \"Standard_D15_v2\",\r\n      \"numberOfCores\": 20,\r\n      \"osDiskSizeInMB\": 1047552,\r\n      \"resourceDiskSizeInMB\": 286720,\r\n      \"memoryInMB\": 143360,\r\n      \"maxDataDiskCount\": 40\r\n    },\r\n    {\r\n      \"name\": \"Standard_F1\",\r\n      \"numberOfCores\": 1,\r\n      \"osDiskSizeInMB\": 1047552,\r\n      \"resourceDiskSizeInMB\": 16384,\r\n      \"memoryInMB\": 2048,\r\n      \"maxDataDiskCount\": 2\r\n    },\r\n    {\r\n      \"name\": \"Standard_F2\",\r\n      \"numberOfCores\": 2,\r\n      \"osDiskSizeInMB\": 1047552,\r\n      \"resourceDiskSizeInMB\": 32768,\r\n      \"memoryInMB\": 4096,\r\n      \"maxDataDiskCount\": 4\r\n    },\r\n    {\r\n      \"name\": \"Standard_F4\",\r\n      \"numberOfCores\": 4,\r\n      \"osDiskSizeInMB\": 1047552,\r\n      \"resourceDiskSizeInMB\": 65536,\r\n      \"memoryInMB\": 8192,\r\n      \"maxDataDiskCount\": 8\r\n    },\r\n    {\r\n      \"name\": \"Standard_F8\",\r\n      \"numberOfCores\": 8,\r\n      \"osDiskSizeInMB\": 1047552,\r\n      \"resourceDiskSizeInMB\": 131072,\r\n      \"memoryInMB\": 16384,\r\n      \"maxDataDiskCount\": 16\r\n    },\r\n    {\r\n      \"name\": \"Standard_F16\",\r\n      \"numberOfCores\": 16,\r\n      \"osDiskSizeInMB\": 1047552,\r\n      \"resourceDiskSizeInMB\": 262144,\r\n      \"memoryInMB\": 32768,\r\n      \"maxDataDiskCount\": 32\r\n    },\r\n    {\r\n      \"name\": \"Standard_A1_v2\",\r\n      \"numberOfCores\": 1,\r\n      \"osDiskSizeInMB\": 1047552,\r\n      \"resourceDiskSizeInMB\": 10240,\r\n      \"memoryInMB\": 2048,\r\n      \"maxDataDiskCount\": 2\r\n    },\r\n    {\r\n      \"name\": \"Standard_A2m_v2\",\r\n      \"numberOfCores\": 2,\r\n      \"osDiskSizeInMB\": 1047552,\r\n      \"resourceDiskSizeInMB\": 20480,\r\n      \"memoryInMB\": 16384,\r\n      \"maxDataDiskCount\": 4\r\n    },\r\n    {\r\n      \"name\": \"Standard_A2_v2\",\r\n      \"numberOfCores\": 2,\r\n      \"osDiskSizeInMB\": 1047552,\r\n      \"resourceDiskSizeInMB\": 20480,\r\n      \"memoryInMB\": 4096,\r\n      \"maxDataDiskCount\": 4\r\n    },\r\n    {\r\n      \"name\": \"Standard_A4m_v2\",\r\n      \"numberOfCores\": 4,\r\n      \"osDiskSizeInMB\": 1047552,\r\n      \"resourceDiskSizeInMB\": 40960,\r\n      \"memoryInMB\": 32768,\r\n      \"maxDataDiskCount\": 8\r\n    },\r\n    {\r\n      \"name\": \"Standard_A4_v2\",\r\n      \"numberOfCores\": 4,\r\n      \"osDiskSizeInMB\": 1047552,\r\n      \"resourceDiskSizeInMB\": 40960,\r\n      \"memoryInMB\": 8192,\r\n      \"maxDataDiskCount\": 8\r\n    },\r\n    {\r\n      \"name\": \"Standard_A8m_v2\",\r\n      \"numberOfCores\": 8,\r\n      \"osDiskSizeInMB\": 1047552,\r\n      \"resourceDiskSizeInMB\": 81920,\r\n      \"memoryInMB\": 65536,\r\n      \"maxDataDiskCount\": 16\r\n    },\r\n    {\r\n      \"name\": \"Standard_A8_v2\",\r\n      \"numberOfCores\": 8,\r\n      \"osDiskSizeInMB\": 1047552,\r\n      \"resourceDiskSizeInMB\": 81920,\r\n      \"memoryInMB\": 16384,\r\n      \"maxDataDiskCount\": 16\r\n    }\r\n  ]\r\n}",
      "ResponseHeaders": {
        "Content-Type": [
          "application/json; charset=utf-8"
        ],
        "Expires": [
          "-1"
        ],
        "Cache-Control": [
          "no-cache"
        ],
        "Date": [
          "Fri, 06 Jan 2017 01:18:14 GMT"
        ],
        "Pragma": [
          "no-cache"
        ],
        "Transfer-Encoding": [
          "chunked"
        ],
        "Server": [
          "Microsoft-HTTPAPI/2.0",
          "Microsoft-HTTPAPI/2.0"
        ],
        "Vary": [
          "Accept-Encoding"
        ],
        "Strict-Transport-Security": [
          "max-age=31536000; includeSubDomains"
        ],
        "x-ms-served-by": [
          "016478ec-a3fa-4201-8d1e-0d970daac07b_131281297180761991"
        ],
        "x-ms-request-id": [
          "28d8a771-7692-4328-b5d6-d7f141d86868"
        ],
        "x-ms-ratelimit-remaining-subscription-reads": [
          "14912"
        ],
        "x-ms-correlation-request-id": [
          "273e4f98-c6ae-4589-8f60-01d2ee81eccf"
        ],
        "x-ms-routing-request-id": [
          "WESTUS2:20170106T011815Z:273e4f98-c6ae-4589-8f60-01d2ee81eccf"
        ]
      },
      "StatusCode": 200
    },
    {
      "RequestUri": "/subscriptions/9657ab5d-4a4a-4fd2-ae7a-4cd9fbd030ef/providers/Microsoft.Compute/locations/eastus/operations/b1063dfa-12fc-41c3-bea0-3259b123d117?api-version=2016-03-30",
      "EncodedRequestUri": "L3N1YnNjcmlwdGlvbnMvOTY1N2FiNWQtNGE0YS00ZmQyLWFlN2EtNGNkOWZiZDAzMGVmL3Byb3ZpZGVycy9NaWNyb3NvZnQuQ29tcHV0ZS9sb2NhdGlvbnMvZWFzdHVzL29wZXJhdGlvbnMvYjEwNjNkZmEtMTJmYy00MWMzLWJlYTAtMzI1OWIxMjNkMTE3P2FwaS12ZXJzaW9uPTIwMTYtMDMtMzA=",
      "RequestMethod": "GET",
      "RequestBody": "",
      "RequestHeaders": {
        "User-Agent": [
          "FxVersion/4.6.24214.01",
          "Microsoft.Azure.Management.Compute.Fluent.ComputeManagementClient/1.0.0-beta4.1"
        ]
      },
      "ResponseBody": "{\r\n  \"startTime\": \"2017-01-05T17:18:15.4933048-08:00\",\r\n  \"endTime\": \"2017-01-05T17:18:15.6026782-08:00\",\r\n  \"status\": \"Succeeded\",\r\n  \"name\": \"b1063dfa-12fc-41c3-bea0-3259b123d117\"\r\n}",
      "ResponseHeaders": {
        "Content-Type": [
          "application/json; charset=utf-8"
        ],
        "Expires": [
          "-1"
        ],
        "Cache-Control": [
          "no-cache"
        ],
        "Date": [
          "Fri, 06 Jan 2017 01:18:45 GMT"
        ],
        "Pragma": [
          "no-cache"
        ],
        "Transfer-Encoding": [
          "chunked"
        ],
        "Server": [
          "Microsoft-HTTPAPI/2.0",
          "Microsoft-HTTPAPI/2.0"
        ],
        "Vary": [
          "Accept-Encoding"
        ],
        "Strict-Transport-Security": [
          "max-age=31536000; includeSubDomains"
        ],
        "x-ms-served-by": [
          "016478ec-a3fa-4201-8d1e-0d970daac07b_131281297180761991"
        ],
        "x-ms-request-id": [
          "f1f90890-a75d-41b0-babb-58b311eeafa5"
        ],
        "x-ms-ratelimit-remaining-subscription-reads": [
          "14910"
        ],
        "x-ms-correlation-request-id": [
          "552143f6-e6f9-4f39-9d77-122f4ea759c4"
        ],
        "x-ms-routing-request-id": [
          "WESTUS2:20170106T011845Z:552143f6-e6f9-4f39-9d77-122f4ea759c4"
        ]
      },
      "StatusCode": 200
    },
    {
      "RequestUri": "/subscriptions/9657ab5d-4a4a-4fd2-ae7a-4cd9fbd030ef/resourceGroups/vmexttest7627/providers/Microsoft.Compute/virtualMachines/javavm/extensions/VMAccessForLinux?api-version=2016-03-30",
      "EncodedRequestUri": "L3N1YnNjcmlwdGlvbnMvOTY1N2FiNWQtNGE0YS00ZmQyLWFlN2EtNGNkOWZiZDAzMGVmL3Jlc291cmNlR3JvdXBzL3ZtZXh0dGVzdDc2MjcvcHJvdmlkZXJzL01pY3Jvc29mdC5Db21wdXRlL3ZpcnR1YWxNYWNoaW5lcy9qYXZhdm0vZXh0ZW5zaW9ucy9WTUFjY2Vzc0ZvckxpbnV4P2FwaS12ZXJzaW9uPTIwMTYtMDMtMzA=",
      "RequestMethod": "PUT",
      "RequestBody": "{\r\n  \"properties\": {\r\n    \"publisher\": \"Microsoft.OSTCExtensions\",\r\n    \"type\": \"VMAccessForLinux\",\r\n    \"typeHandlerVersion\": \"1.4\",\r\n    \"protectedSettings\": {\r\n      \"username\": \"Foo12\",\r\n      \"password\": \"B12a6@12xyz!\",\r\n      \"reset_ssh\": \"true\"\r\n    }\r\n  },\r\n  \"location\": \"eastus\"\r\n}",
      "RequestHeaders": {
        "Content-Type": [
          "application/json; charset=utf-8"
        ],
        "Content-Length": [
          "291"
        ],
        "x-ms-client-request-id": [
          "b41f1ec0-7315-4c38-b530-42b406b7529d"
        ],
        "accept-language": [
          "en-US"
        ],
        "User-Agent": [
          "FxVersion/4.6.24214.01",
          "Microsoft.Azure.Management.Compute.Fluent.ComputeManagementClient/1.0.0-beta4.1"
        ]
      },
      "ResponseBody": "{\r\n  \"properties\": {\r\n    \"publisher\": \"Microsoft.OSTCExtensions\",\r\n    \"type\": \"VMAccessForLinux\",\r\n    \"typeHandlerVersion\": \"1.4\",\r\n    \"autoUpgradeMinorVersion\": false,\r\n    \"provisioningState\": \"Creating\"\r\n  },\r\n  \"type\": \"Microsoft.Compute/virtualMachines/extensions\",\r\n  \"location\": \"eastus\",\r\n  \"id\": \"/subscriptions/9657ab5d-4a4a-4fd2-ae7a-4cd9fbd030ef/resourceGroups/vmexttest7627/providers/Microsoft.Compute/virtualMachines/javavm/extensions/VMAccessForLinux\",\r\n  \"name\": \"VMAccessForLinux\"\r\n}",
      "ResponseHeaders": {
        "Content-Length": [
          "504"
        ],
        "Content-Type": [
          "application/json; charset=utf-8"
        ],
        "Expires": [
          "-1"
        ],
        "Cache-Control": [
          "no-cache"
        ],
        "Date": [
          "Fri, 06 Jan 2017 01:18:46 GMT"
        ],
        "Pragma": [
          "no-cache"
        ],
        "Server": [
          "Microsoft-HTTPAPI/2.0",
          "Microsoft-HTTPAPI/2.0"
        ],
        "Azure-AsyncOperation": [
          "https://management.azure.com/subscriptions/9657ab5d-4a4a-4fd2-ae7a-4cd9fbd030ef/providers/Microsoft.Compute/locations/eastus/operations/5d3324c2-1a7e-4751-ba96-dcd86a1f751e?api-version=2016-03-30"
        ],
        "Strict-Transport-Security": [
          "max-age=31536000; includeSubDomains"
        ],
        "x-ms-served-by": [
          "016478ec-a3fa-4201-8d1e-0d970daac07b_131281297180761991"
        ],
        "x-ms-request-id": [
          "5d3324c2-1a7e-4751-ba96-dcd86a1f751e"
        ],
        "x-ms-ratelimit-remaining-subscription-writes": [
          "1170"
        ],
        "x-ms-correlation-request-id": [
          "3b64a53b-fb05-47f7-953f-844247dc0982"
        ],
        "x-ms-routing-request-id": [
          "WESTUS2:20170106T011846Z:3b64a53b-fb05-47f7-953f-844247dc0982"
        ]
      },
      "StatusCode": 201
    },
    {
      "RequestUri": "/subscriptions/9657ab5d-4a4a-4fd2-ae7a-4cd9fbd030ef/resourceGroups/vmexttest7627/providers/Microsoft.Compute/virtualMachines/javavm/extensions/VMAccessForLinux?api-version=2016-03-30",
      "EncodedRequestUri": "L3N1YnNjcmlwdGlvbnMvOTY1N2FiNWQtNGE0YS00ZmQyLWFlN2EtNGNkOWZiZDAzMGVmL3Jlc291cmNlR3JvdXBzL3ZtZXh0dGVzdDc2MjcvcHJvdmlkZXJzL01pY3Jvc29mdC5Db21wdXRlL3ZpcnR1YWxNYWNoaW5lcy9qYXZhdm0vZXh0ZW5zaW9ucy9WTUFjY2Vzc0ZvckxpbnV4P2FwaS12ZXJzaW9uPTIwMTYtMDMtMzA=",
      "RequestMethod": "PUT",
      "RequestBody": "{\r\n  \"properties\": {\r\n    \"publisher\": \"Microsoft.OSTCExtensions\",\r\n    \"type\": \"VMAccessForLinux\",\r\n    \"typeHandlerVersion\": \"1.4\",\r\n    \"autoUpgradeMinorVersion\": false,\r\n    \"protectedSettings\": {\r\n      \"username\": \"Foo12\",\r\n      \"password\": \"muy!234OR\",\r\n      \"reset_ssh\": \"true\"\r\n    }\r\n  },\r\n  \"id\": \"/subscriptions/9657ab5d-4a4a-4fd2-ae7a-4cd9fbd030ef/resourceGroups/vmexttest7627/providers/Microsoft.Compute/virtualMachines/javavm/extensions/VMAccessForLinux\",\r\n  \"location\": \"eastus\"\r\n}",
      "RequestHeaders": {
        "Content-Type": [
          "application/json; charset=utf-8"
        ],
        "Content-Length": [
          "499"
        ],
        "x-ms-client-request-id": [
          "2cd897d9-617c-457b-8583-98b4938d258c"
        ],
        "accept-language": [
          "en-US"
        ],
        "User-Agent": [
          "FxVersion/4.6.24214.01",
          "Microsoft.Azure.Management.Compute.Fluent.ComputeManagementClient/1.0.0-beta4.1"
        ]
      },
      "ResponseBody": "{\r\n  \"properties\": {\r\n    \"publisher\": \"Microsoft.OSTCExtensions\",\r\n    \"type\": \"VMAccessForLinux\",\r\n    \"typeHandlerVersion\": \"1.4\",\r\n    \"autoUpgradeMinorVersion\": false,\r\n    \"provisioningState\": \"Updating\"\r\n  },\r\n  \"type\": \"Microsoft.Compute/virtualMachines/extensions\",\r\n  \"location\": \"eastus\",\r\n  \"id\": \"/subscriptions/9657ab5d-4a4a-4fd2-ae7a-4cd9fbd030ef/resourceGroups/vmexttest7627/providers/Microsoft.Compute/virtualMachines/javavm/extensions/VMAccessForLinux\",\r\n  \"name\": \"VMAccessForLinux\"\r\n}",
      "ResponseHeaders": {
        "Content-Type": [
          "application/json; charset=utf-8"
        ],
        "Expires": [
          "-1"
        ],
        "Cache-Control": [
          "no-cache"
        ],
        "Date": [
          "Fri, 06 Jan 2017 01:20:48 GMT"
        ],
        "Pragma": [
          "no-cache"
        ],
        "Transfer-Encoding": [
          "chunked"
        ],
        "Server": [
          "Microsoft-HTTPAPI/2.0",
          "Microsoft-HTTPAPI/2.0"
        ],
        "Vary": [
          "Accept-Encoding"
        ],
        "Azure-AsyncOperation": [
          "https://management.azure.com/subscriptions/9657ab5d-4a4a-4fd2-ae7a-4cd9fbd030ef/providers/Microsoft.Compute/locations/eastus/operations/35521037-b414-4998-8de4-0afaa1c6f4ff?api-version=2016-03-30"
        ],
        "Strict-Transport-Security": [
          "max-age=31536000; includeSubDomains"
        ],
        "x-ms-served-by": [
          "016478ec-a3fa-4201-8d1e-0d970daac07b_131281297180761991"
        ],
        "x-ms-request-id": [
          "35521037-b414-4998-8de4-0afaa1c6f4ff"
        ],
        "x-ms-ratelimit-remaining-subscription-writes": [
          "1169"
        ],
        "x-ms-correlation-request-id": [
          "10efb1ca-5021-465b-84b2-a59833b4d209"
        ],
        "x-ms-routing-request-id": [
          "WESTUS2:20170106T012049Z:10efb1ca-5021-465b-84b2-a59833b4d209"
        ]
      },
      "StatusCode": 200
    },
    {
      "RequestUri": "/subscriptions/9657ab5d-4a4a-4fd2-ae7a-4cd9fbd030ef/providers/Microsoft.Compute/locations/eastus/operations/5d3324c2-1a7e-4751-ba96-dcd86a1f751e?api-version=2016-03-30",
      "EncodedRequestUri": "L3N1YnNjcmlwdGlvbnMvOTY1N2FiNWQtNGE0YS00ZmQyLWFlN2EtNGNkOWZiZDAzMGVmL3Byb3ZpZGVycy9NaWNyb3NvZnQuQ29tcHV0ZS9sb2NhdGlvbnMvZWFzdHVzL29wZXJhdGlvbnMvNWQzMzI0YzItMWE3ZS00NzUxLWJhOTYtZGNkODZhMWY3NTFlP2FwaS12ZXJzaW9uPTIwMTYtMDMtMzA=",
      "RequestMethod": "GET",
      "RequestBody": "",
      "RequestHeaders": {
        "User-Agent": [
          "FxVersion/4.6.24214.01",
          "Microsoft.Azure.Management.Compute.Fluent.ComputeManagementClient/1.0.0-beta4.1"
        ]
      },
      "ResponseBody": "{\r\n  \"startTime\": \"2017-01-05T17:18:46.4324065-08:00\",\r\n  \"status\": \"InProgress\",\r\n  \"name\": \"5d3324c2-1a7e-4751-ba96-dcd86a1f751e\"\r\n}",
      "ResponseHeaders": {
        "Content-Type": [
          "application/json; charset=utf-8"
        ],
        "Expires": [
          "-1"
        ],
        "Cache-Control": [
          "no-cache"
        ],
        "Date": [
          "Fri, 06 Jan 2017 01:19:16 GMT"
        ],
        "Pragma": [
          "no-cache"
        ],
        "Transfer-Encoding": [
          "chunked"
        ],
        "Server": [
          "Microsoft-HTTPAPI/2.0",
          "Microsoft-HTTPAPI/2.0"
        ],
        "Vary": [
          "Accept-Encoding"
        ],
        "Strict-Transport-Security": [
          "max-age=31536000; includeSubDomains"
        ],
        "x-ms-served-by": [
          "016478ec-a3fa-4201-8d1e-0d970daac07b_131281297180761991"
        ],
        "x-ms-request-id": [
          "17bbb965-6523-4cc0-9b5e-7dcda3c7fc96"
        ],
        "x-ms-ratelimit-remaining-subscription-reads": [
          "14907"
        ],
        "x-ms-correlation-request-id": [
          "a80c0bd2-6c45-4f86-8cfc-76c7cfc45f0b"
        ],
        "x-ms-routing-request-id": [
          "WESTUS2:20170106T011916Z:a80c0bd2-6c45-4f86-8cfc-76c7cfc45f0b"
        ]
      },
      "StatusCode": 200
    },
    {
      "RequestUri": "/subscriptions/9657ab5d-4a4a-4fd2-ae7a-4cd9fbd030ef/providers/Microsoft.Compute/locations/eastus/operations/5d3324c2-1a7e-4751-ba96-dcd86a1f751e?api-version=2016-03-30",
      "EncodedRequestUri": "L3N1YnNjcmlwdGlvbnMvOTY1N2FiNWQtNGE0YS00ZmQyLWFlN2EtNGNkOWZiZDAzMGVmL3Byb3ZpZGVycy9NaWNyb3NvZnQuQ29tcHV0ZS9sb2NhdGlvbnMvZWFzdHVzL29wZXJhdGlvbnMvNWQzMzI0YzItMWE3ZS00NzUxLWJhOTYtZGNkODZhMWY3NTFlP2FwaS12ZXJzaW9uPTIwMTYtMDMtMzA=",
      "RequestMethod": "GET",
      "RequestBody": "",
      "RequestHeaders": {
        "User-Agent": [
          "FxVersion/4.6.24214.01",
          "Microsoft.Azure.Management.Compute.Fluent.ComputeManagementClient/1.0.0-beta4.1"
        ]
      },
      "ResponseBody": "{\r\n  \"startTime\": \"2017-01-05T17:18:46.4324065-08:00\",\r\n  \"status\": \"InProgress\",\r\n  \"name\": \"5d3324c2-1a7e-4751-ba96-dcd86a1f751e\"\r\n}",
      "ResponseHeaders": {
        "Content-Type": [
          "application/json; charset=utf-8"
        ],
        "Expires": [
          "-1"
        ],
        "Cache-Control": [
          "no-cache"
        ],
        "Date": [
          "Fri, 06 Jan 2017 01:19:46 GMT"
        ],
        "Pragma": [
          "no-cache"
        ],
        "Transfer-Encoding": [
          "chunked"
        ],
        "Server": [
          "Microsoft-HTTPAPI/2.0",
          "Microsoft-HTTPAPI/2.0"
        ],
        "Vary": [
          "Accept-Encoding"
        ],
        "Strict-Transport-Security": [
          "max-age=31536000; includeSubDomains"
        ],
        "x-ms-served-by": [
          "016478ec-a3fa-4201-8d1e-0d970daac07b_131281297180761991"
        ],
        "x-ms-request-id": [
          "8631edd9-c1ed-41ca-9e0e-d239b62087af"
        ],
        "x-ms-ratelimit-remaining-subscription-reads": [
          "14905"
        ],
        "x-ms-correlation-request-id": [
          "c05b0773-eab8-4ab5-bba8-d5852364295f"
        ],
        "x-ms-routing-request-id": [
          "WESTUS2:20170106T011946Z:c05b0773-eab8-4ab5-bba8-d5852364295f"
        ]
      },
      "StatusCode": 200
    },
    {
      "RequestUri": "/subscriptions/9657ab5d-4a4a-4fd2-ae7a-4cd9fbd030ef/providers/Microsoft.Compute/locations/eastus/operations/5d3324c2-1a7e-4751-ba96-dcd86a1f751e?api-version=2016-03-30",
      "EncodedRequestUri": "L3N1YnNjcmlwdGlvbnMvOTY1N2FiNWQtNGE0YS00ZmQyLWFlN2EtNGNkOWZiZDAzMGVmL3Byb3ZpZGVycy9NaWNyb3NvZnQuQ29tcHV0ZS9sb2NhdGlvbnMvZWFzdHVzL29wZXJhdGlvbnMvNWQzMzI0YzItMWE3ZS00NzUxLWJhOTYtZGNkODZhMWY3NTFlP2FwaS12ZXJzaW9uPTIwMTYtMDMtMzA=",
      "RequestMethod": "GET",
      "RequestBody": "",
      "RequestHeaders": {
        "User-Agent": [
          "FxVersion/4.6.24214.01",
          "Microsoft.Azure.Management.Compute.Fluent.ComputeManagementClient/1.0.0-beta4.1"
        ]
      },
      "ResponseBody": "{\r\n  \"startTime\": \"2017-01-05T17:18:46.4324065-08:00\",\r\n  \"endTime\": \"2017-01-05T17:19:51.7140802-08:00\",\r\n  \"status\": \"Succeeded\",\r\n  \"name\": \"5d3324c2-1a7e-4751-ba96-dcd86a1f751e\"\r\n}",
      "ResponseHeaders": {
        "Content-Type": [
          "application/json; charset=utf-8"
        ],
        "Expires": [
          "-1"
        ],
        "Cache-Control": [
          "no-cache"
        ],
        "Date": [
          "Fri, 06 Jan 2017 01:20:16 GMT"
        ],
        "Pragma": [
          "no-cache"
        ],
        "Transfer-Encoding": [
          "chunked"
        ],
        "Server": [
          "Microsoft-HTTPAPI/2.0",
          "Microsoft-HTTPAPI/2.0"
        ],
        "Vary": [
          "Accept-Encoding"
        ],
        "Strict-Transport-Security": [
          "max-age=31536000; includeSubDomains"
        ],
        "x-ms-served-by": [
          "016478ec-a3fa-4201-8d1e-0d970daac07b_131281297180761991"
        ],
        "x-ms-request-id": [
          "4fb286f2-7650-4599-ac80-429090d27c6c"
        ],
        "x-ms-ratelimit-remaining-subscription-reads": [
          "14907"
        ],
        "x-ms-correlation-request-id": [
          "6b664202-80b3-45e4-b768-55c1e48add9d"
        ],
        "x-ms-routing-request-id": [
          "WESTUS2:20170106T012016Z:6b664202-80b3-45e4-b768-55c1e48add9d"
        ]
      },
      "StatusCode": 200
    },
    {
      "RequestUri": "/subscriptions/9657ab5d-4a4a-4fd2-ae7a-4cd9fbd030ef/resourceGroups/vmexttest7627/providers/Microsoft.Compute/virtualMachines/javavm/extensions/VMAccessForLinux?api-version=2016-03-30",
      "EncodedRequestUri": "L3N1YnNjcmlwdGlvbnMvOTY1N2FiNWQtNGE0YS00ZmQyLWFlN2EtNGNkOWZiZDAzMGVmL3Jlc291cmNlR3JvdXBzL3ZtZXh0dGVzdDc2MjcvcHJvdmlkZXJzL01pY3Jvc29mdC5Db21wdXRlL3ZpcnR1YWxNYWNoaW5lcy9qYXZhdm0vZXh0ZW5zaW9ucy9WTUFjY2Vzc0ZvckxpbnV4P2FwaS12ZXJzaW9uPTIwMTYtMDMtMzA=",
      "RequestMethod": "GET",
      "RequestBody": "",
      "RequestHeaders": {
        "User-Agent": [
          "FxVersion/4.6.24214.01",
          "Microsoft.Azure.Management.Compute.Fluent.ComputeManagementClient/1.0.0-beta4.1"
        ]
      },
      "ResponseBody": "{\r\n  \"properties\": {\r\n    \"publisher\": \"Microsoft.OSTCExtensions\",\r\n    \"type\": \"VMAccessForLinux\",\r\n    \"typeHandlerVersion\": \"1.4\",\r\n    \"autoUpgradeMinorVersion\": false,\r\n    \"provisioningState\": \"Succeeded\"\r\n  },\r\n  \"type\": \"Microsoft.Compute/virtualMachines/extensions\",\r\n  \"location\": \"eastus\",\r\n  \"id\": \"/subscriptions/9657ab5d-4a4a-4fd2-ae7a-4cd9fbd030ef/resourceGroups/vmexttest7627/providers/Microsoft.Compute/virtualMachines/javavm/extensions/VMAccessForLinux\",\r\n  \"name\": \"VMAccessForLinux\"\r\n}",
      "ResponseHeaders": {
        "Content-Type": [
          "application/json; charset=utf-8"
        ],
        "Expires": [
          "-1"
        ],
        "Cache-Control": [
          "no-cache"
        ],
        "Date": [
          "Fri, 06 Jan 2017 01:20:16 GMT"
        ],
        "Pragma": [
          "no-cache"
        ],
        "Transfer-Encoding": [
          "chunked"
        ],
        "Server": [
          "Microsoft-HTTPAPI/2.0",
          "Microsoft-HTTPAPI/2.0"
        ],
        "Vary": [
          "Accept-Encoding"
        ],
        "Strict-Transport-Security": [
          "max-age=31536000; includeSubDomains"
        ],
        "x-ms-served-by": [
          "016478ec-a3fa-4201-8d1e-0d970daac07b_131281297180761991"
        ],
        "x-ms-request-id": [
          "170d8671-7f6f-44ef-bfb5-da054223bf09"
        ],
        "x-ms-ratelimit-remaining-subscription-reads": [
          "14906"
        ],
        "x-ms-correlation-request-id": [
          "215923f6-4a2f-49db-ae00-241312f1ca00"
        ],
        "x-ms-routing-request-id": [
          "WESTUS2:20170106T012017Z:215923f6-4a2f-49db-ae00-241312f1ca00"
        ]
      },
      "StatusCode": 200
    },
    {
      "RequestUri": "/subscriptions/9657ab5d-4a4a-4fd2-ae7a-4cd9fbd030ef/resourceGroups/vmexttest7627/providers/Microsoft.Compute/virtualMachines/javavm/extensions/VMAccessForLinux?api-version=2016-03-30",
      "EncodedRequestUri": "L3N1YnNjcmlwdGlvbnMvOTY1N2FiNWQtNGE0YS00ZmQyLWFlN2EtNGNkOWZiZDAzMGVmL3Jlc291cmNlR3JvdXBzL3ZtZXh0dGVzdDc2MjcvcHJvdmlkZXJzL01pY3Jvc29mdC5Db21wdXRlL3ZpcnR1YWxNYWNoaW5lcy9qYXZhdm0vZXh0ZW5zaW9ucy9WTUFjY2Vzc0ZvckxpbnV4P2FwaS12ZXJzaW9uPTIwMTYtMDMtMzA=",
      "RequestMethod": "GET",
      "RequestBody": "",
      "RequestHeaders": {
        "User-Agent": [
          "FxVersion/4.6.24214.01",
          "Microsoft.Azure.Management.Compute.Fluent.ComputeManagementClient/1.0.0-beta4.1"
        ]
      },
      "ResponseBody": "{\r\n  \"properties\": {\r\n    \"publisher\": \"Microsoft.OSTCExtensions\",\r\n    \"type\": \"VMAccessForLinux\",\r\n    \"typeHandlerVersion\": \"1.4\",\r\n    \"autoUpgradeMinorVersion\": false,\r\n    \"provisioningState\": \"Succeeded\"\r\n  },\r\n  \"type\": \"Microsoft.Compute/virtualMachines/extensions\",\r\n  \"location\": \"eastus\",\r\n  \"id\": \"/subscriptions/9657ab5d-4a4a-4fd2-ae7a-4cd9fbd030ef/resourceGroups/vmexttest7627/providers/Microsoft.Compute/virtualMachines/javavm/extensions/VMAccessForLinux\",\r\n  \"name\": \"VMAccessForLinux\"\r\n}",
      "ResponseHeaders": {
        "Content-Type": [
          "application/json; charset=utf-8"
        ],
        "Expires": [
          "-1"
        ],
        "Cache-Control": [
          "no-cache"
        ],
        "Date": [
          "Fri, 06 Jan 2017 01:21:49 GMT"
        ],
        "Pragma": [
          "no-cache"
        ],
        "Transfer-Encoding": [
          "chunked"
        ],
        "Server": [
          "Microsoft-HTTPAPI/2.0",
          "Microsoft-HTTPAPI/2.0"
        ],
        "Vary": [
          "Accept-Encoding"
        ],
        "Strict-Transport-Security": [
          "max-age=31536000; includeSubDomains"
        ],
        "x-ms-served-by": [
          "016478ec-a3fa-4201-8d1e-0d970daac07b_131281297180761991"
        ],
        "x-ms-request-id": [
          "675d1a93-22df-4b6c-be0b-429f647f005a"
        ],
        "x-ms-ratelimit-remaining-subscription-reads": [
          "14896"
        ],
        "x-ms-correlation-request-id": [
          "ed49f0f0-1e62-4352-be55-76a2001ed3f6"
        ],
        "x-ms-routing-request-id": [
          "WESTUS2:20170106T012149Z:ed49f0f0-1e62-4352-be55-76a2001ed3f6"
        ]
      },
      "StatusCode": 200
    },
    {
      "RequestUri": "/subscriptions/9657ab5d-4a4a-4fd2-ae7a-4cd9fbd030ef/providers/Microsoft.Compute/locations/eastus/operations/b0deef65-5e4f-4194-aeba-6f858a8c2499?api-version=2016-03-30",
      "EncodedRequestUri": "L3N1YnNjcmlwdGlvbnMvOTY1N2FiNWQtNGE0YS00ZmQyLWFlN2EtNGNkOWZiZDAzMGVmL3Byb3ZpZGVycy9NaWNyb3NvZnQuQ29tcHV0ZS9sb2NhdGlvbnMvZWFzdHVzL29wZXJhdGlvbnMvYjBkZWVmNjUtNWU0Zi00MTk0LWFlYmEtNmY4NThhOGMyNDk5P2FwaS12ZXJzaW9uPTIwMTYtMDMtMzA=",
      "RequestMethod": "GET",
      "RequestBody": "",
      "RequestHeaders": {
        "User-Agent": [
          "FxVersion/4.6.24214.01",
          "Microsoft.Azure.Management.Compute.Fluent.ComputeManagementClient/1.0.0-beta4.1"
        ]
      },
      "ResponseBody": "{\r\n  \"startTime\": \"2017-01-05T17:20:18.057976-08:00\",\r\n  \"endTime\": \"2017-01-05T17:20:18.1829846-08:00\",\r\n  \"status\": \"Succeeded\",\r\n  \"name\": \"b0deef65-5e4f-4194-aeba-6f858a8c2499\"\r\n}",
      "ResponseHeaders": {
        "Content-Type": [
          "application/json; charset=utf-8"
        ],
        "Expires": [
          "-1"
        ],
        "Cache-Control": [
          "no-cache"
        ],
        "Date": [
          "Fri, 06 Jan 2017 01:20:47 GMT"
        ],
        "Pragma": [
          "no-cache"
        ],
        "Transfer-Encoding": [
          "chunked"
        ],
        "Server": [
          "Microsoft-HTTPAPI/2.0",
          "Microsoft-HTTPAPI/2.0"
        ],
        "Vary": [
          "Accept-Encoding"
        ],
        "Strict-Transport-Security": [
          "max-age=31536000; includeSubDomains"
        ],
        "x-ms-served-by": [
          "016478ec-a3fa-4201-8d1e-0d970daac07b_131281297180761991"
        ],
        "x-ms-request-id": [
          "6c71a126-f95f-43cf-97b6-25ae199827b7"
        ],
        "x-ms-ratelimit-remaining-subscription-reads": [
          "14904"
        ],
        "x-ms-correlation-request-id": [
          "4fcd36d3-4b0a-4cca-a855-5ded270788bd"
        ],
        "x-ms-routing-request-id": [
          "WESTUS2:20170106T012048Z:4fcd36d3-4b0a-4cca-a855-5ded270788bd"
        ]
      },
      "StatusCode": 200
    },
    {
      "RequestUri": "/subscriptions/9657ab5d-4a4a-4fd2-ae7a-4cd9fbd030ef/providers/Microsoft.Compute/locations/eastus/operations/35521037-b414-4998-8de4-0afaa1c6f4ff?api-version=2016-03-30",
      "EncodedRequestUri": "L3N1YnNjcmlwdGlvbnMvOTY1N2FiNWQtNGE0YS00ZmQyLWFlN2EtNGNkOWZiZDAzMGVmL3Byb3ZpZGVycy9NaWNyb3NvZnQuQ29tcHV0ZS9sb2NhdGlvbnMvZWFzdHVzL29wZXJhdGlvbnMvMzU1MjEwMzctYjQxNC00OTk4LThkZTQtMGFmYWExYzZmNGZmP2FwaS12ZXJzaW9uPTIwMTYtMDMtMzA=",
      "RequestMethod": "GET",
      "RequestBody": "",
      "RequestHeaders": {
        "User-Agent": [
          "FxVersion/4.6.24214.01",
          "Microsoft.Azure.Management.Compute.Fluent.ComputeManagementClient/1.0.0-beta4.1"
        ]
      },
      "ResponseBody": "{\r\n  \"startTime\": \"2017-01-05T17:20:49.198797-08:00\",\r\n  \"status\": \"InProgress\",\r\n  \"name\": \"35521037-b414-4998-8de4-0afaa1c6f4ff\"\r\n}",
      "ResponseHeaders": {
        "Content-Type": [
          "application/json; charset=utf-8"
        ],
        "Expires": [
          "-1"
        ],
        "Cache-Control": [
          "no-cache"
        ],
        "Date": [
          "Fri, 06 Jan 2017 01:21:19 GMT"
        ],
        "Pragma": [
          "no-cache"
        ],
        "Transfer-Encoding": [
          "chunked"
        ],
        "Server": [
          "Microsoft-HTTPAPI/2.0",
          "Microsoft-HTTPAPI/2.0"
        ],
        "Vary": [
          "Accept-Encoding"
        ],
        "Strict-Transport-Security": [
          "max-age=31536000; includeSubDomains"
        ],
        "x-ms-served-by": [
          "016478ec-a3fa-4201-8d1e-0d970daac07b_131281297180761991"
        ],
        "x-ms-request-id": [
          "b810a4b5-babd-4418-b94d-07179bfc32bd"
        ],
        "x-ms-ratelimit-remaining-subscription-reads": [
          "14900"
        ],
        "x-ms-correlation-request-id": [
          "a2d75bc5-9e35-460c-893a-a07c8d216924"
        ],
        "x-ms-routing-request-id": [
          "WESTUS2:20170106T012119Z:a2d75bc5-9e35-460c-893a-a07c8d216924"
        ]
      },
      "StatusCode": 200
    },
    {
      "RequestUri": "/subscriptions/9657ab5d-4a4a-4fd2-ae7a-4cd9fbd030ef/providers/Microsoft.Compute/locations/eastus/operations/35521037-b414-4998-8de4-0afaa1c6f4ff?api-version=2016-03-30",
      "EncodedRequestUri": "L3N1YnNjcmlwdGlvbnMvOTY1N2FiNWQtNGE0YS00ZmQyLWFlN2EtNGNkOWZiZDAzMGVmL3Byb3ZpZGVycy9NaWNyb3NvZnQuQ29tcHV0ZS9sb2NhdGlvbnMvZWFzdHVzL29wZXJhdGlvbnMvMzU1MjEwMzctYjQxNC00OTk4LThkZTQtMGFmYWExYzZmNGZmP2FwaS12ZXJzaW9uPTIwMTYtMDMtMzA=",
      "RequestMethod": "GET",
      "RequestBody": "",
      "RequestHeaders": {
        "User-Agent": [
          "FxVersion/4.6.24214.01",
          "Microsoft.Azure.Management.Compute.Fluent.ComputeManagementClient/1.0.0-beta4.1"
        ]
      },
      "ResponseBody": "{\r\n  \"startTime\": \"2017-01-05T17:20:49.198797-08:00\",\r\n  \"endTime\": \"2017-01-05T17:21:33.4647503-08:00\",\r\n  \"status\": \"Succeeded\",\r\n  \"name\": \"35521037-b414-4998-8de4-0afaa1c6f4ff\"\r\n}",
      "ResponseHeaders": {
        "Content-Type": [
          "application/json; charset=utf-8"
        ],
        "Expires": [
          "-1"
        ],
        "Cache-Control": [
          "no-cache"
        ],
        "Date": [
          "Fri, 06 Jan 2017 01:21:49 GMT"
        ],
        "Pragma": [
          "no-cache"
        ],
        "Transfer-Encoding": [
          "chunked"
        ],
        "Server": [
          "Microsoft-HTTPAPI/2.0",
          "Microsoft-HTTPAPI/2.0"
        ],
        "Vary": [
          "Accept-Encoding"
        ],
        "Strict-Transport-Security": [
          "max-age=31536000; includeSubDomains"
        ],
        "x-ms-served-by": [
          "016478ec-a3fa-4201-8d1e-0d970daac07b_131281297180761991"
        ],
        "x-ms-request-id": [
          "4ebbf473-cba9-4811-a82b-9d4cb409e5c7"
        ],
        "x-ms-ratelimit-remaining-subscription-reads": [
          "14897"
        ],
        "x-ms-correlation-request-id": [
          "8051df2b-1069-4010-9751-050b7b7eaa87"
        ],
        "x-ms-routing-request-id": [
          "WESTUS2:20170106T012149Z:8051df2b-1069-4010-9751-050b7b7eaa87"
        ]
      },
      "StatusCode": 200
    }
  ],
  "Names": {
    "CanResetPasswordUsingVMAccessExtension": [
      "vmexttest7627"
    ]
  },
  "Variables": {}
}