{
  "Entries": [
    {
      "RequestUri": "https://FakeHost.net/devices/IdentityLifecycleDevice2082359738?api-version=2020-03-13",
      "RequestMethod": "PUT",
      "RequestHeaders": {
        "Accept": "application/json",
        "Authorization": "Sanitized",
        "Content-Length": "48",
        "Content-Type": "application/json",
        "If-Match": "\u0022\u0022",
        "User-Agent": [
          "azsdk-net-Iot.Hub.Service/1.0.0-dev.20200820.6",
          "(.NET Core 4.6.27514.02; Microsoft Windows 10.0.17763 )"
        ],
        "x-ms-client-request-id": "1f7b8b15499272202a5d11c8aadfe53a",
        "x-ms-return-client-request-id": "true"
      },
      "RequestBody": {
        "deviceId": "IdentityLifecycleDevice2082359738"
      },
      "StatusCode": 200,
      "ResponseHeaders": {
        "Content-Length": "635",
        "Content-Type": "application/json; charset=utf-8",
        "Date": "Thu, 20 Aug 2020 22:05:32 GMT",
        "ETag": "\u0022NjY1NDgzMzQ1\u0022",
        "Server": "Microsoft-HTTPAPI/2.0",
        "Vary": "Origin",
        "x-ms-request-id": "c47497ac-6169-468e-8b82-62352dc4a480"
      },
      "ResponseBody": {
        "deviceId": "IdentityLifecycleDevice2082359738",
        "generationId": "637335579338252074",
        "etag": "NjY1NDgzMzQ1",
        "connectionState": "Disconnected",
        "status": "enabled",
        "statusReason": null,
        "connectionStateUpdatedTime": "0001-01-01T00:00:00",
        "statusUpdatedTime": "0001-01-01T00:00:00",
        "lastActivityTime": "0001-01-01T00:00:00",
        "cloudToDeviceMessageCount": 0,
        "authentication": {
          "symmetricKey": {
            "primaryKey": "FLw6Ds2d6oiYE3aBe\u002BKYeWXqDqcnUsvuF2RUN5wsKuY=",
            "secondaryKey": "Sznif9E4r2EX2rViZtovAQRwEPLMZhR7kSrKmRV0hHI="
          },
          "x509Thumbprint": {
            "primaryThumbprint": null,
            "secondaryThumbprint": null
          },
          "type": "sas"
        },
        "capabilities": {
          "iotEdge": false
        },
        "parentScopes": []
      }
    },
    {
      "RequestUri": "https://FakeHost.net/devices/IdentityLifecycleDevice2082359738/modules/IdentityLifecycleModule0-1964812919?api-version=2020-03-13",
      "RequestMethod": "PUT",
      "RequestHeaders": {
        "Accept": "application/json",
        "Authorization": "Sanitized",
        "Content-Length": "97",
        "Content-Type": "application/json",
        "If-Match": "\u0022\u0022",
        "User-Agent": [
          "azsdk-net-Iot.Hub.Service/1.0.0-dev.20200820.6",
          "(.NET Core 4.6.27514.02; Microsoft Windows 10.0.17763 )"
        ],
        "x-ms-client-request-id": "8881235b89c349f63fad8b1a96166b52",
        "x-ms-return-client-request-id": "true"
      },
      "RequestBody": {
        "moduleId": "IdentityLifecycleModule0-1964812919",
        "deviceId": "IdentityLifecycleDevice2082359738"
      },
      "StatusCode": 200,
      "ResponseHeaders": {
        "Content-Length": "569",
        "Content-Type": "application/json; charset=utf-8",
        "Date": "Thu, 20 Aug 2020 22:05:32 GMT",
        "Server": "Microsoft-HTTPAPI/2.0",
        "Vary": "Origin",
        "x-ms-request-id": "3c08273f-c792-4d19-8d57-8d76911fed68"
      },
      "ResponseBody": {
        "moduleId": "IdentityLifecycleModule0-1964812919",
        "managedBy": null,
        "deviceId": "IdentityLifecycleDevice2082359738",
        "generationId": "637335579338910445",
        "etag": "NTcxODQ3NDY4",
        "connectionState": "Disconnected",
        "connectionStateUpdatedTime": "0001-01-01T00:00:00",
        "lastActivityTime": "0001-01-01T00:00:00",
        "cloudToDeviceMessageCount": 0,
        "authentication": {
          "symmetricKey": {
            "primaryKey": "Vn3dd3kCq39/CS1zGqByk41iP71CCdmn7DaEmaRmxBw=",
            "secondaryKey": "BqXxSmkx\u002B\u002BHGyGsJuTW4ILlIulAsgKHKvi4wq4lo9YY="
          },
          "x509Thumbprint": {
            "primaryThumbprint": null,
            "secondaryThumbprint": null
          },
          "type": "sas"
        }
      }
    },
    {
      "RequestUri": "https://FakeHost.net/devices/IdentityLifecycleDevice2082359738/modules/IdentityLifecycleModule1-258655296?api-version=2020-03-13",
      "RequestMethod": "PUT",
      "RequestHeaders": {
        "Accept": "application/json",
        "Authorization": "Sanitized",
        "Content-Length": "96",
        "Content-Type": "application/json",
        "If-Match": "\u0022\u0022",
        "User-Agent": [
          "azsdk-net-Iot.Hub.Service/1.0.0-dev.20200820.6",
          "(.NET Core 4.6.27514.02; Microsoft Windows 10.0.17763 )"
        ],
        "x-ms-client-request-id": "c8f61ec2bcd3d559aac535898bc77a8a",
        "x-ms-return-client-request-id": "true"
      },
      "RequestBody": {
        "moduleId": "IdentityLifecycleModule1-258655296",
        "deviceId": "IdentityLifecycleDevice2082359738"
      },
      "StatusCode": 200,
      "ResponseHeaders": {
        "Content-Length": "568",
        "Content-Type": "application/json; charset=utf-8",
        "Date": "Thu, 20 Aug 2020 22:05:33 GMT",
        "Server": "Microsoft-HTTPAPI/2.0",
        "Vary": "Origin",
        "x-ms-request-id": "881f156d-0808-4068-82f2-e31a600766a6"
      },
      "ResponseBody": {
        "moduleId": "IdentityLifecycleModule1-258655296",
        "managedBy": null,
        "deviceId": "IdentityLifecycleDevice2082359738",
        "generationId": "637335579339660303",
        "etag": "MzAyNTI1NjQ1",
        "connectionState": "Disconnected",
        "connectionStateUpdatedTime": "0001-01-01T00:00:00",
        "lastActivityTime": "0001-01-01T00:00:00",
        "cloudToDeviceMessageCount": 0,
        "authentication": {
          "symmetricKey": {
            "primaryKey": "tpJ\u002B\u002Bd10E9S3Va/7WnceGnTQpYUILvzbdid84qE2z\u002Bs=",
            "secondaryKey": "ifbobzGBFnlxODthm8V/MX0i/rEHnJhr\u002BkSyKh40768="
          },
          "x509Thumbprint": {
            "primaryThumbprint": null,
            "secondaryThumbprint": null
          },
          "type": "sas"
        }
      }
    },
    {
      "RequestUri": "https://FakeHost.net/devices/IdentityLifecycleDevice2082359738/modules/IdentityLifecycleModule2-578964209?api-version=2020-03-13",
      "RequestMethod": "PUT",
      "RequestHeaders": {
        "Accept": "application/json",
        "Authorization": "Sanitized",
        "Content-Length": "96",
        "Content-Type": "application/json",
        "If-Match": "\u0022\u0022",
        "User-Agent": [
          "azsdk-net-Iot.Hub.Service/1.0.0-dev.20200820.6",
          "(.NET Core 4.6.27514.02; Microsoft Windows 10.0.17763 )"
        ],
        "x-ms-client-request-id": "1c1c801662708b4b9531e0e4be05db13",
        "x-ms-return-client-request-id": "true"
      },
      "RequestBody": {
        "moduleId": "IdentityLifecycleModule2-578964209",
        "deviceId": "IdentityLifecycleDevice2082359738"
      },
      "StatusCode": 200,
      "ResponseHeaders": {
        "Content-Length": "568",
        "Content-Type": "application/json; charset=utf-8",
        "Date": "Thu, 20 Aug 2020 22:05:33 GMT",
        "Server": "Microsoft-HTTPAPI/2.0",
        "Vary": "Origin",
        "x-ms-request-id": "6a6cb367-ef41-42d1-9deb-ea4bcaf0b993"
      },
      "ResponseBody": {
        "moduleId": "IdentityLifecycleModule2-578964209",
        "managedBy": null,
        "deviceId": "IdentityLifecycleDevice2082359738",
        "generationId": "637335579340410194",
        "etag": "MzMyMDM4MjM=",
        "connectionState": "Disconnected",
        "connectionStateUpdatedTime": "0001-01-01T00:00:00",
        "lastActivityTime": "0001-01-01T00:00:00",
        "cloudToDeviceMessageCount": 0,
        "authentication": {
          "symmetricKey": {
            "primaryKey": "\u002Bq9UTmkRQ39h2i7jb0h4ZNlXY1dUEbbVY4CwDcy0lU0=",
            "secondaryKey": "KoZPtRFre/rP5daSnxuEqQlhM/rNbvgWX97eX0K2Y1c="
          },
          "x509Thumbprint": {
            "primaryThumbprint": null,
            "secondaryThumbprint": null
          },
          "type": "sas"
        }
      }
    },
    {
      "RequestUri": "https://FakeHost.net/devices/IdentityLifecycleDevice2082359738/modules/IdentityLifecycleModule3-1452872427?api-version=2020-03-13",
      "RequestMethod": "PUT",
      "RequestHeaders": {
        "Accept": "application/json",
        "Authorization": "Sanitized",
        "Content-Length": "97",
        "Content-Type": "application/json",
        "If-Match": "\u0022\u0022",
        "User-Agent": [
          "azsdk-net-Iot.Hub.Service/1.0.0-dev.20200820.6",
          "(.NET Core 4.6.27514.02; Microsoft Windows 10.0.17763 )"
        ],
        "x-ms-client-request-id": "8b06bef21de89e67c9abdefe546cbe77",
        "x-ms-return-client-request-id": "true"
      },
      "RequestBody": {
        "moduleId": "IdentityLifecycleModule3-1452872427",
        "deviceId": "IdentityLifecycleDevice2082359738"
      },
      "StatusCode": 200,
      "ResponseHeaders": {
        "Content-Length": "569",
        "Content-Type": "application/json; charset=utf-8",
        "Date": "Thu, 20 Aug 2020 22:05:33 GMT",
        "Server": "Microsoft-HTTPAPI/2.0",
        "Vary": "Origin",
        "x-ms-request-id": "b1c99bf2-c050-4baf-9ec5-68a864518987"
      },
      "ResponseBody": {
        "moduleId": "IdentityLifecycleModule3-1452872427",
        "managedBy": null,
        "deviceId": "IdentityLifecycleDevice2082359738",
        "generationId": "637335579341219086",
        "etag": "ODM3NjIzODI0",
        "connectionState": "Disconnected",
        "connectionStateUpdatedTime": "0001-01-01T00:00:00",
        "lastActivityTime": "0001-01-01T00:00:00",
        "cloudToDeviceMessageCount": 0,
        "authentication": {
          "symmetricKey": {
            "primaryKey": "6DNzD0WHC4zPIXdwY\u002Bv2K6RkGrq8iEWSx\u002BercjKahn0=",
            "secondaryKey": "rcdviCQofD7Bk4TqP2ANR3bqcKNuIZcwApN/cq13Qng="
          },
          "x509Thumbprint": {
            "primaryThumbprint": null,
            "secondaryThumbprint": null
          },
          "type": "sas"
        }
      }
    },
    {
      "RequestUri": "https://FakeHost.net/devices/IdentityLifecycleDevice2082359738/modules/IdentityLifecycleModule4-1406974478?api-version=2020-03-13",
      "RequestMethod": "PUT",
      "RequestHeaders": {
        "Accept": "application/json",
        "Authorization": "Sanitized",
        "Content-Length": "97",
        "Content-Type": "application/json",
        "If-Match": "\u0022\u0022",
        "User-Agent": [
          "azsdk-net-Iot.Hub.Service/1.0.0-dev.20200820.6",
          "(.NET Core 4.6.27514.02; Microsoft Windows 10.0.17763 )"
        ],
        "x-ms-client-request-id": "160300334efa5fe2d36a33a1dc7517a4",
        "x-ms-return-client-request-id": "true"
      },
      "RequestBody": {
        "moduleId": "IdentityLifecycleModule4-1406974478",
        "deviceId": "IdentityLifecycleDevice2082359738"
      },
      "StatusCode": 200,
      "ResponseHeaders": {
        "Content-Length": "569",
        "Content-Type": "application/json; charset=utf-8",
        "Date": "Thu, 20 Aug 2020 22:05:33 GMT",
        "Server": "Microsoft-HTTPAPI/2.0",
        "Vary": "Origin",
        "x-ms-request-id": "6de481d8-1287-4592-922d-8b3bb2922014"
      },
      "ResponseBody": {
        "moduleId": "IdentityLifecycleModule4-1406974478",
        "managedBy": null,
        "deviceId": "IdentityLifecycleDevice2082359738",
        "generationId": "637335579341969425",
        "etag": "NTY4MzAyMDAx",
        "connectionState": "Disconnected",
        "connectionStateUpdatedTime": "0001-01-01T00:00:00",
        "lastActivityTime": "0001-01-01T00:00:00",
        "cloudToDeviceMessageCount": 0,
        "authentication": {
          "symmetricKey": {
            "primaryKey": "cO1YJuxN/NmnmJM0JvV02PtL37D6WkuuYuyepM/ycmU=",
            "secondaryKey": "GnCZMkmYt8mtB1QZBdMmifn/WR0jYrfYdVgzB0XR2kQ="
          },
          "x509Thumbprint": {
            "primaryThumbprint": null,
            "secondaryThumbprint": null
          },
          "type": "sas"
        }
      }
    },
    {
      "RequestUri": "https://FakeHost.net/devices/IdentityLifecycleDevice2082359738/modules?api-version=2020-03-13",
      "RequestMethod": "GET",
      "RequestHeaders": {
        "Accept": "application/json",
        "Authorization": "Sanitized",
        "User-Agent": [
          "azsdk-net-Iot.Hub.Service/1.0.0-dev.20200820.6",
          "(.NET Core 4.6.27514.02; Microsoft Windows 10.0.17763 )"
        ],
        "x-ms-client-request-id": "cc9621e9eec1f9a1187d53c4834d3628",
        "x-ms-return-client-request-id": "true"
      },
      "RequestBody": null,
      "StatusCode": 200,
      "ResponseHeaders": {
        "Content-Length": "2859",
        "Content-Type": "application/json; charset=utf-8",
        "Date": "Thu, 20 Aug 2020 22:05:33 GMT",
        "Server": "Microsoft-HTTPAPI/2.0",
        "Vary": "Origin",
        "x-ms-request-id": "e1d904e1-a991-4b12-a845-415c51790911"
      },
      "ResponseBody": "[{\u0022moduleId\u0022:\u0022IdentityLifecycleModule0-1964812919\u0022,\u0022managedBy\u0022:null,\u0022deviceId\u0022:\u0022IdentityLifecycleDevice2082359738\u0022,\u0022generationId\u0022:\u0022637335579338910445\u0022,\u0022etag\u0022:\u0022NTcxODQ3NDY4\u0022,\u0022connectionState\u0022:\u0022Disconnected\u0022,\u0022connectionStateUpdatedTime\u0022:\u00220001-01-01T00:00:00Z\u0022,\u0022lastActivityTime\u0022:\u00220001-01-01T00:00:00Z\u0022,\u0022cloudToDeviceMessageCount\u0022:0,\u0022authentication\u0022:{\u0022symmetricKey\u0022:{\u0022primaryKey\u0022:\u0022Vn3dd3kCq39/CS1zGqByk41iP71CCdmn7DaEmaRmxBw=\u0022,\u0022secondaryKey\u0022:\u0022BqXxSmkx\u002B\u002BHGyGsJuTW4ILlIulAsgKHKvi4wq4lo9YY=\u0022},\u0022x509Thumbprint\u0022:{\u0022primaryThumbprint\u0022:null,\u0022secondaryThumbprint\u0022:null},\u0022type\u0022:\u0022sas\u0022}},{\u0022moduleId\u0022:\u0022IdentityLifecycleModule1-258655296\u0022,\u0022managedBy\u0022:null,\u0022deviceId\u0022:\u0022IdentityLifecycleDevice2082359738\u0022,\u0022generationId\u0022:\u0022637335579339660303\u0022,\u0022etag\u0022:\u0022MzAyNTI1NjQ1\u0022,\u0022connectionState\u0022:\u0022Disconnected\u0022,\u0022connectionStateUpdatedTime\u0022:\u00220001-01-01T00:00:00Z\u0022,\u0022lastActivityTime\u0022:\u00220001-01-01T00:00:00Z\u0022,\u0022cloudToDeviceMessageCount\u0022:0,\u0022authentication\u0022:{\u0022symmetricKey\u0022:{\u0022primaryKey\u0022:\u0022tpJ\u002B\u002Bd10E9S3Va/7WnceGnTQpYUILvzbdid84qE2z\u002Bs=\u0022,\u0022secondaryKey\u0022:\u0022ifbobzGBFnlxODthm8V/MX0i/rEHnJhr\u002BkSyKh40768=\u0022},\u0022x509Thumbprint\u0022:{\u0022primaryThumbprint\u0022:null,\u0022secondaryThumbprint\u0022:null},\u0022type\u0022:\u0022sas\u0022}},{\u0022moduleId\u0022:\u0022IdentityLifecycleModule2-578964209\u0022,\u0022managedBy\u0022:null,\u0022deviceId\u0022:\u0022IdentityLifecycleDevice2082359738\u0022,\u0022generationId\u0022:\u0022637335579340410194\u0022,\u0022etag\u0022:\u0022MzMyMDM4MjM=\u0022,\u0022connectionState\u0022:\u0022Disconnected\u0022,\u0022connectionStateUpdatedTime\u0022:\u00220001-01-01T00:00:00Z\u0022,\u0022lastActivityTime\u0022:\u00220001-01-01T00:00:00Z\u0022,\u0022cloudToDeviceMessageCount\u0022:0,\u0022authentication\u0022:{\u0022symmetricKey\u0022:{\u0022primaryKey\u0022:\u0022\u002Bq9UTmkRQ39h2i7jb0h4ZNlXY1dUEbbVY4CwDcy0lU0=\u0022,\u0022secondaryKey\u0022:\u0022KoZPtRFre/rP5daSnxuEqQlhM/rNbvgWX97eX0K2Y1c=\u0022},\u0022x509Thumbprint\u0022:{\u0022primaryThumbprint\u0022:null,\u0022secondaryThumbprint\u0022:null},\u0022type\u0022:\u0022sas\u0022}},{\u0022moduleId\u0022:\u0022IdentityLifecycleModule3-1452872427\u0022,\u0022managedBy\u0022:null,\u0022deviceId\u0022:\u0022IdentityLifecycleDevice2082359738\u0022,\u0022generationId\u0022:\u0022637335579341219086\u0022,\u0022etag\u0022:\u0022ODM3NjIzODI0\u0022,\u0022connectionState\u0022:\u0022Disconnected\u0022,\u0022connectionStateUpdatedTime\u0022:\u00220001-01-01T00:00:00Z\u0022,\u0022lastActivityTime\u0022:\u00220001-01-01T00:00:00Z\u0022,\u0022cloudToDeviceMessageCount\u0022:0,\u0022authentication\u0022:{\u0022symmetricKey\u0022:{\u0022primaryKey\u0022:\u00226DNzD0WHC4zPIXdwY\u002Bv2K6RkGrq8iEWSx\u002BercjKahn0=\u0022,\u0022secondaryKey\u0022:\u0022rcdviCQofD7Bk4TqP2ANR3bqcKNuIZcwApN/cq13Qng=\u0022},\u0022x509Thumbprint\u0022:{\u0022primaryThumbprint\u0022:null,\u0022secondaryThumbprint\u0022:null},\u0022type\u0022:\u0022sas\u0022}},{\u0022moduleId\u0022:\u0022IdentityLifecycleModule4-1406974478\u0022,\u0022managedBy\u0022:null,\u0022deviceId\u0022:\u0022IdentityLifecycleDevice2082359738\u0022,\u0022generationId\u0022:\u0022637335579341969425\u0022,\u0022etag\u0022:\u0022NTY4MzAyMDAx\u0022,\u0022connectionState\u0022:\u0022Disconnected\u0022,\u0022connectionStateUpdatedTime\u0022:\u00220001-01-01T00:00:00Z\u0022,\u0022lastActivityTime\u0022:\u00220001-01-01T00:00:00Z\u0022,\u0022cloudToDeviceMessageCount\u0022:0,\u0022authentication\u0022:{\u0022symmetricKey\u0022:{\u0022primaryKey\u0022:\u0022cO1YJuxN/NmnmJM0JvV02PtL37D6WkuuYuyepM/ycmU=\u0022,\u0022secondaryKey\u0022:\u0022GnCZMkmYt8mtB1QZBdMmifn/WR0jYrfYdVgzB0XR2kQ=\u0022},\u0022x509Thumbprint\u0022:{\u0022primaryThumbprint\u0022:null,\u0022secondaryThumbprint\u0022:null},\u0022type\u0022:\u0022sas\u0022}}]"
    },
    {
      "RequestUri": "https://FakeHost.net/devices/IdentityLifecycleDevice2082359738?api-version=2020-03-13",
      "RequestMethod": "DELETE",
      "RequestHeaders": {
        "Authorization": "Sanitized",
        "If-Match": "*",
        "User-Agent": [
          "azsdk-net-Iot.Hub.Service/1.0.0-dev.20200820.6",
          "(.NET Core 4.6.27514.02; Microsoft Windows 10.0.17763 )"
        ],
        "x-ms-client-request-id": "bdb06873c501a419dca6b87de9c6c254",
        "x-ms-return-client-request-id": "true"
      },
      "RequestBody": null,
      "StatusCode": 204,
      "ResponseHeaders": {
        "Content-Length": "0",
        "Date": "Thu, 20 Aug 2020 22:05:33 GMT",
        "Server": "Microsoft-HTTPAPI/2.0",
        "Vary": "Origin",
        "x-ms-request-id": "a3d8c54d-a439-403b-a6be-073c1a78003d"
      },
      "ResponseBody": []
    }
  ],
  "Variables": {
    "IOT_HUB_CONNECTION_STRING": "HostName=FakeHost.net;SharedAccessKeyName=iothubowner;SharedAccessKey=Kg==",
    "RandomSeed": "484546377"
  }
}