{
  "Entries": [
    {
      "RequestUri": "https://FakeHost.net/devices/bulkDevice786274361?api-version=2020-03-13",
      "RequestMethod": "PUT",
      "RequestHeaders": {
        "Authorization": "Sanitized",
        "Content-Length": "34",
        "Content-Type": "application/json",
        "If-Match": "\u0022\u0022",
        "User-Agent": [
          "azsdk-net-Iot.Hub.Service/1.0.0-dev.20200820.1",
          "(.NET Core 4.6.28516.03; Microsoft Windows 10.0.18363 )"
        ],
        "x-ms-client-request-id": "a9758573a72c936f7e28853f3d29f10c",
        "x-ms-return-client-request-id": "true"
      },
      "RequestBody": {
        "deviceId": "bulkDevice786274361"
      },
      "StatusCode": 200,
      "ResponseHeaders": {
        "Content-Length": "551",
        "Content-Type": "application/json; charset=utf-8",
        "Date": "Thu, 20 Aug 2020 21:44:50 GMT",
        "ETag": "\u0022OTgyNjEwMjIz\u0022",
        "Server": "Microsoft-HTTPAPI/2.0",
        "Vary": "Origin",
        "x-ms-request-id": "30f5c68a-d00e-4e8d-9dc3-e8dbec0d86ae"
      },
      "ResponseBody": {
        "deviceId": "bulkDevice786274361",
        "generationId": "637335566911829589",
        "etag": "OTgyNjEwMjIz",
        "connectionState": "Disconnected",
        "status": "enabled",
        "statusReason": null,
        "connectionStateUpdatedTime": "0001-01-01T00:00:00",
        "statusUpdatedTime": "0001-01-01T00:00:00",
        "lastActivityTime": "0001-01-01T00:00:00",
        "cloudToDeviceMessageCount": 0,
        "authentication": {
          "symmetricKey": {
            "primaryKey": "Sanitized",
            "secondaryKey": "Sanitized"
          },
          "x509Thumbprint": {
            "primaryThumbprint": null,
            "secondaryThumbprint": null
          },
          "type": "sas"
        },
        "capabilities": {
          "iotEdge": false
        },
        "parentScopes": []
      }
    },
    {
      "RequestUri": "https://FakeHost.net/devices?api-version=2020-03-13",
      "RequestMethod": "POST",
      "RequestHeaders": {
        "Authorization": "Sanitized",
        "Content-Length": "845",
        "Content-Type": "application/json",
        "User-Agent": [
          "azsdk-net-Iot.Hub.Service/1.0.0-dev.20200820.1",
          "(.NET Core 4.6.28516.03; Microsoft Windows 10.0.18363 )"
        ],
        "x-ms-client-request-id": "f7176ad6ea1be6e85073eb42b1e9174c",
        "x-ms-return-client-request-id": "true"
      },
      "RequestBody": "[{\u0022id\u0022:\u0022bulkDevice786274361\u0022,\u0022moduleId\u0022:\u0022bulkModule1922402695\u0022,\u0022importMode\u0022:\u0022create\u0022},{\u0022id\u0022:\u0022bulkDevice786274361\u0022,\u0022moduleId\u0022:\u0022bulkModule1268002396\u0022,\u0022importMode\u0022:\u0022create\u0022},{\u0022id\u0022:\u0022bulkDevice786274361\u0022,\u0022moduleId\u0022:\u0022bulkModule1064434145\u0022,\u0022importMode\u0022:\u0022create\u0022},{\u0022id\u0022:\u0022bulkDevice786274361\u0022,\u0022moduleId\u0022:\u0022bulkModule46963597\u0022,\u0022importMode\u0022:\u0022create\u0022},{\u0022id\u0022:\u0022bulkDevice786274361\u0022,\u0022moduleId\u0022:\u0022bulkModule430062157\u0022,\u0022importMode\u0022:\u0022create\u0022},{\u0022id\u0022:\u0022bulkDevice786274361\u0022,\u0022moduleId\u0022:\u0022bulkModule1374578179\u0022,\u0022importMode\u0022:\u0022create\u0022},{\u0022id\u0022:\u0022bulkDevice786274361\u0022,\u0022moduleId\u0022:\u0022bulkModule836435824\u0022,\u0022importMode\u0022:\u0022create\u0022},{\u0022id\u0022:\u0022bulkDevice786274361\u0022,\u0022moduleId\u0022:\u0022bulkModule239259914\u0022,\u0022importMode\u0022:\u0022create\u0022},{\u0022id\u0022:\u0022bulkDevice786274361\u0022,\u0022moduleId\u0022:\u0022bulkModule2090672213\u0022,\u0022importMode\u0022:\u0022create\u0022},{\u0022id\u0022:\u0022bulkDevice786274361\u0022,\u0022moduleId\u0022:\u0022bulkModule624952611\u0022,\u0022importMode\u0022:\u0022create\u0022}]",
      "StatusCode": 200,
      "ResponseHeaders": {
        "Content-Length": "47",
        "Content-Type": "application/json; charset=utf-8",
        "Date": "Thu, 20 Aug 2020 21:44:51 GMT",
        "Server": "Microsoft-HTTPAPI/2.0",
        "Vary": "Origin",
        "x-ms-request-id": "999c2d86-95fb-49a4-8b53-143d0b4c9734"
      },
      "ResponseBody": {
        "isSuccessful": true,
        "errors": [],
        "warnings": []
      }
    },
    {
      "RequestUri": "https://FakeHost.net/devices/bulkDevice786274361?api-version=2020-03-13",
      "RequestMethod": "DELETE",
      "RequestHeaders": {
        "Authorization": "Sanitized",
        "If-Match": "*",
        "User-Agent": [
          "azsdk-net-Iot.Hub.Service/1.0.0-dev.20200820.1",
          "(.NET Core 4.6.28516.03; Microsoft Windows 10.0.18363 )"
        ],
        "x-ms-client-request-id": "af7b586dff12b230d2b29909b3481fb7",
        "x-ms-return-client-request-id": "true"
      },
      "RequestBody": null,
      "StatusCode": 204,
      "ResponseHeaders": {
        "Content-Length": "0",
        "Date": "Thu, 20 Aug 2020 21:44:51 GMT",
        "Server": "Microsoft-HTTPAPI/2.0",
        "Vary": "Origin",
        "x-ms-request-id": "73c72e43-f0c5-4d31-9024-15dec76d16d1"
      },
      "ResponseBody": []
    }
  ],
  "Variables": {
    "IOT_HUB_CONNECTION_STRING": "HostName=FakeHost.net;SharedAccessKeyName=iothubowner;SharedAccessKey=Kg==",
    "RandomSeed": "504746513"
  }
}