{
  "Entries": [
    {
      "RequestUri": "https://FakeHost.net/devices/bulkDevice786274361?api-version=2020-03-13",
      "RequestMethod": "PUT",
      "RequestHeaders": {
        "Accept": "application/json",
        "Authorization": "Sanitized",
        "Content-Length": "34",
        "Content-Type": "application/json",
        "If-Match": "\u0022\u0022",
        "User-Agent": [
          "azsdk-net-Iot.Hub.Service/1.0.0-dev.20200820.6",
          "(.NET Core 4.6.27514.02; Microsoft Windows 10.0.17763 )"
        ],
        "x-ms-client-request-id": "a9758573a72c936f7e28853f3d29f10c",
        "x-ms-return-client-request-id": "true"
      },
      "RequestBody": {
        "deviceId": "bulkDevice786274361"
      },
      "StatusCode": 200,
      "ResponseHeaders": {
        "Content-Length": "621",
        "Content-Type": "application/json; charset=utf-8",
        "Date": "Thu, 20 Aug 2020 22:05:30 GMT",
        "ETag": "\u0022NDQwNDk0NDc=\u0022",
        "Server": "Microsoft-HTTPAPI/2.0",
        "Vary": "Origin",
        "x-ms-request-id": "c56a567c-2201-4e8d-bff4-a7bbb7951ace"
      },
      "ResponseBody": {
        "deviceId": "bulkDevice786274361",
        "generationId": "637335579315085857",
        "etag": "NDQwNDk0NDc=",
        "connectionState": "Disconnected",
        "status": "enabled",
        "statusReason": null,
        "connectionStateUpdatedTime": "0001-01-01T00:00:00",
        "statusUpdatedTime": "0001-01-01T00:00:00",
        "lastActivityTime": "0001-01-01T00:00:00",
        "cloudToDeviceMessageCount": 0,
        "authentication": {
          "symmetricKey": {
            "primaryKey": "CxDKq151gShmyqFwZXwD/ONKQYjDR2KjnYJw2MJTfwI=",
            "secondaryKey": "V3l5aC4djdFwOY6QiSe6itWtelaIrcZpxE3COYXabp8="
          },
          "x509Thumbprint": {
            "primaryThumbprint": null,
            "secondaryThumbprint": null
          },
          "type": "sas"
        },
        "capabilities": {
          "iotEdge": false
        },
        "parentScopes": []
      }
    },
    {
      "RequestUri": "https://FakeHost.net/devices?api-version=2020-03-13",
      "RequestMethod": "POST",
      "RequestHeaders": {
        "Accept": "application/json",
        "Authorization": "Sanitized",
        "Content-Length": "845",
        "Content-Type": "application/json",
        "User-Agent": [
          "azsdk-net-Iot.Hub.Service/1.0.0-dev.20200820.6",
          "(.NET Core 4.6.27514.02; Microsoft Windows 10.0.17763 )"
        ],
        "x-ms-client-request-id": "f7176ad6ea1be6e85073eb42b1e9174c",
        "x-ms-return-client-request-id": "true"
      },
      "RequestBody": "[{\u0022id\u0022:\u0022bulkDevice786274361\u0022,\u0022moduleId\u0022:\u0022bulkModule1922402695\u0022,\u0022importMode\u0022:\u0022create\u0022},{\u0022id\u0022:\u0022bulkDevice786274361\u0022,\u0022moduleId\u0022:\u0022bulkModule1268002396\u0022,\u0022importMode\u0022:\u0022create\u0022},{\u0022id\u0022:\u0022bulkDevice786274361\u0022,\u0022moduleId\u0022:\u0022bulkModule1064434145\u0022,\u0022importMode\u0022:\u0022create\u0022},{\u0022id\u0022:\u0022bulkDevice786274361\u0022,\u0022moduleId\u0022:\u0022bulkModule46963597\u0022,\u0022importMode\u0022:\u0022create\u0022},{\u0022id\u0022:\u0022bulkDevice786274361\u0022,\u0022moduleId\u0022:\u0022bulkModule430062157\u0022,\u0022importMode\u0022:\u0022create\u0022},{\u0022id\u0022:\u0022bulkDevice786274361\u0022,\u0022moduleId\u0022:\u0022bulkModule1374578179\u0022,\u0022importMode\u0022:\u0022create\u0022},{\u0022id\u0022:\u0022bulkDevice786274361\u0022,\u0022moduleId\u0022:\u0022bulkModule836435824\u0022,\u0022importMode\u0022:\u0022create\u0022},{\u0022id\u0022:\u0022bulkDevice786274361\u0022,\u0022moduleId\u0022:\u0022bulkModule239259914\u0022,\u0022importMode\u0022:\u0022create\u0022},{\u0022id\u0022:\u0022bulkDevice786274361\u0022,\u0022moduleId\u0022:\u0022bulkModule2090672213\u0022,\u0022importMode\u0022:\u0022create\u0022},{\u0022id\u0022:\u0022bulkDevice786274361\u0022,\u0022moduleId\u0022:\u0022bulkModule624952611\u0022,\u0022importMode\u0022:\u0022create\u0022}]",
      "StatusCode": 200,
      "ResponseHeaders": {
        "Content-Length": "47",
        "Content-Type": "application/json; charset=utf-8",
        "Date": "Thu, 20 Aug 2020 22:05:30 GMT",
        "Server": "Microsoft-HTTPAPI/2.0",
        "Vary": "Origin",
        "x-ms-request-id": "84949017-56f2-4886-a7a5-2d0f35d55957"
      },
      "ResponseBody": {
        "isSuccessful": true,
        "errors": [],
        "warnings": []
      }
    },
    {
      "RequestUri": "https://FakeHost.net/devices/bulkDevice786274361?api-version=2020-03-13",
      "RequestMethod": "DELETE",
      "RequestHeaders": {
        "Authorization": "Sanitized",
        "If-Match": "*",
        "User-Agent": [
          "azsdk-net-Iot.Hub.Service/1.0.0-dev.20200820.6",
          "(.NET Core 4.6.27514.02; Microsoft Windows 10.0.17763 )"
        ],
        "x-ms-client-request-id": "af7b586dff12b230d2b29909b3481fb7",
        "x-ms-return-client-request-id": "true"
      },
      "RequestBody": null,
      "StatusCode": 204,
      "ResponseHeaders": {
        "Content-Length": "0",
        "Date": "Thu, 20 Aug 2020 22:05:30 GMT",
        "Server": "Microsoft-HTTPAPI/2.0",
        "Vary": "Origin",
        "x-ms-request-id": "0a7b9f3d-91ae-444b-a682-48129e63c563"
      },
      "ResponseBody": []
    }
  ],
  "Variables": {
    "IOT_HUB_CONNECTION_STRING": "HostName=FakeHost.net;SharedAccessKeyName=iothubowner;SharedAccessKey=Kg==",
    "RandomSeed": "504746513"
  }
}