{
  "Entries": [
    {
      "RequestUri": "https://management.azure.com/subscriptions/c526bbbc-c5ff-46b0-9ca8-3e8cb92a2cf5/resourceGroups/MediaServiceRG2431/providers/Microsoft.Media/mediaservices/dotnetsdkmediatests3022?api-version=2021-11-01",
      "RequestMethod": "PUT",
      "RequestHeaders": {
        "Accept": "application/json",
        "Authorization": "Sanitized",
        "Content-Length": "244",
        "Content-Type": "application/json",
        "traceparent": "00-1dea0914c0d87a41af7ee68096464154-51837d587a78f945-00",
        "User-Agent": "azsdk-net-ResourceManager.Media/1.1.0-alpha.20230118.1 (.NET Framework 4.8.9105.0; Microsoft Windows 10.0.22621 )",
        "x-ms-client-request-id": "503179d82e7c5c338b98b3f14e6c30a6",
        "x-ms-return-client-request-id": "true"
      },
      "RequestBody": {
        "tags": {},
        "location": "westus2",
        "properties": {
          "storageAccounts": [
            {
              "id": "/subscriptions/c526bbbc-c5ff-46b0-9ca8-3e8cb92a2cf5/resourceGroups/MediaServiceRG2431/providers/Microsoft.Storage/storageAccounts/azstorageformedia252",
              "type": "Primary"
            }
          ]
        }
      },
      "StatusCode": 201,
      "ResponseHeaders": {
        "Azure-AsyncOperation": "https://management.azure.com/subscriptions/c526bbbc-c5ff-46b0-9ca8-3e8cb92a2cf5/providers/Microsoft.Media/locations/westus2/mediaServicesOperationStatuses/3c36dd85-3a33-4782-adcc-5ec900270b42?api-version=2021-11-01",
        "Cache-Control": "no-cache",
        "Content-Length": "862",
        "Content-Type": "application/json; odata.metadata=minimal",
        "Date": "Thu, 19 Jan 2023 00:32:06 GMT",
        "Expires": "-1",
        "Location": "https://management.azure.com/subscriptions/c526bbbc-c5ff-46b0-9ca8-3e8cb92a2cf5/providers/Microsoft.Media/locations/westus2/mediaServicesOperationResults/3c36dd85-3a33-4782-adcc-5ec900270b42?api-version=2021-11-01",
        "OData-Version": "4.0",
        "Pragma": "no-cache",
        "Retry-After": "30",
        "Server": "Microsoft-HTTPAPI/2.0",
        "Strict-Transport-Security": "max-age=31536000; includeSubDomains",
        "X-Content-Type-Options": "nosniff",
        "x-ms-client-request-id": "503179d82e7c5c338b98b3f14e6c30a6",
        "x-ms-correlation-request-id": "b79076b3-9236-4792-aaac-c148a10db9a5",
        "x-ms-ratelimit-remaining-subscription-writes": "1164",
        "x-ms-request-id": "90575b79-ca20-4be8-adc1-e5eb62698f49",
        "x-ms-routing-request-id": "WESTUS:20230119T003207Z:b79076b3-9236-4792-aaac-c148a10db9a5"
      },
      "ResponseBody": {
        "name": "dotnetsdkmediatests3022",
        "id": "/subscriptions/c526bbbc-c5ff-46b0-9ca8-3e8cb92a2cf5/resourceGroups/MediaServiceRG2431/providers/Microsoft.Media/mediaservices/dotnetsdkmediatests3022",
        "type": "Microsoft.Media/mediaservices",
        "location": "West US 2",
        "tags": {},
        "properties": {
          "mediaServiceId": "db9388c9-731e-48c4-80f4-bd015f3e193e",
          "storageAccounts": [
            {
              "id": "/subscriptions/c526bbbc-c5ff-46b0-9ca8-3e8cb92a2cf5/resourceGroups/MediaServiceRG2431/providers/Microsoft.Storage/storageAccounts/azstorageformedia252",
              "type": "Primary"
            }
          ],
          "storageAuthentication": "System",
          "keyDelivery": {
            "accessControl": {
              "defaultAction": "Allow",
              "ipAllowList": []
            }
          },
          "publicNetworkAccess": "Enabled",
          "provisioningState": "InProgress",
          "privateEndpointConnections": []
        }
      }
    },
    {
      "RequestUri": "https://management.azure.com/subscriptions/c526bbbc-c5ff-46b0-9ca8-3e8cb92a2cf5/providers/Microsoft.Media/locations/westus2/mediaServicesOperationStatuses/3c36dd85-3a33-4782-adcc-5ec900270b42?api-version=2021-11-01",
      "RequestMethod": "GET",
      "RequestHeaders": {
        "Authorization": "Sanitized",
        "traceparent": "00-1dea0914c0d87a41af7ee68096464154-aa9781982a75ee4c-00",
        "User-Agent": "azsdk-net-ResourceManager/1.3.2 (.NET Framework 4.8.9105.0; Microsoft Windows 10.0.22621 )",
        "x-ms-client-request-id": "c88bde95ae94ddb3470eafd66df401db",
        "x-ms-return-client-request-id": "true"
      },
      "RequestBody": null,
      "StatusCode": 200,
      "ResponseHeaders": {
        "Cache-Control": "no-cache",
        "Content-Length": "287",
        "Content-Type": "application/json; odata.metadata=minimal; odata.streaming=true",
        "Date": "Thu, 19 Jan 2023 00:32:06 GMT",
        "Expires": "-1",
        "OData-Version": "4.0",
        "Pragma": "no-cache",
        "Server": "Microsoft-HTTPAPI/2.0",
        "Strict-Transport-Security": "max-age=31536000; includeSubDomains",
        "X-Content-Type-Options": "nosniff",
        "x-ms-client-request-id": "c88bde95ae94ddb3470eafd66df401db",
        "x-ms-correlation-request-id": "77e69a9b-75ae-4e32-875c-28b02b8912d3",
        "x-ms-ratelimit-remaining-subscription-reads": "11876",
        "x-ms-request-id": "155677e9-aeae-42bb-9662-4151031d8654",
        "x-ms-routing-request-id": "WESTUS:20230119T003207Z:77e69a9b-75ae-4e32-875c-28b02b8912d3"
      },
      "ResponseBody": {
        "name": "3c36dd85-3a33-4782-adcc-5ec900270b42",
        "id": "/subscriptions/c526bbbc-c5ff-46b0-9ca8-3e8cb92a2cf5/providers/Microsoft.Media/locations/westus2/mediaServicesOperationStatuses/3c36dd85-3a33-4782-adcc-5ec900270b42",
        "startTime": "2023-01-19T00:32:06.99918Z",
        "status": "InProgress"
      }
    },
    {
      "RequestUri": "https://management.azure.com/subscriptions/c526bbbc-c5ff-46b0-9ca8-3e8cb92a2cf5/providers/Microsoft.Media/locations/westus2/mediaServicesOperationStatuses/3c36dd85-3a33-4782-adcc-5ec900270b42?api-version=2021-11-01",
      "RequestMethod": "GET",
      "RequestHeaders": {
        "Authorization": "Sanitized",
        "traceparent": "00-1dea0914c0d87a41af7ee68096464154-1bceb1e3ef57b04b-00",
        "User-Agent": "azsdk-net-ResourceManager/1.3.2 (.NET Framework 4.8.9105.0; Microsoft Windows 10.0.22621 )",
        "x-ms-client-request-id": "32da15779776b126ec772dfd36d95070",
        "x-ms-return-client-request-id": "true"
      },
      "RequestBody": null,
      "StatusCode": 200,
      "ResponseHeaders": {
        "Cache-Control": "no-cache",
        "Content-Length": "327",
        "Content-Type": "application/json; odata.metadata=minimal; odata.streaming=true",
        "Date": "Thu, 19 Jan 2023 00:32:07 GMT",
        "Expires": "-1",
        "OData-Version": "4.0",
        "Pragma": "no-cache",
        "Server": "Microsoft-HTTPAPI/2.0",
        "Strict-Transport-Security": "max-age=31536000; includeSubDomains",
        "X-Content-Type-Options": "nosniff",
        "x-ms-client-request-id": "32da15779776b126ec772dfd36d95070",
        "x-ms-correlation-request-id": "88342dfa-3dc4-46d9-ab27-a6162885475b",
        "x-ms-ratelimit-remaining-subscription-reads": "11875",
        "x-ms-request-id": "4314a292-cd46-465d-b4c4-7398e186100d",
        "x-ms-routing-request-id": "WESTUS:20230119T003208Z:88342dfa-3dc4-46d9-ab27-a6162885475b"
      },
      "ResponseBody": {
        "name": "3c36dd85-3a33-4782-adcc-5ec900270b42",
        "id": "/subscriptions/c526bbbc-c5ff-46b0-9ca8-3e8cb92a2cf5/providers/Microsoft.Media/locations/westus2/mediaServicesOperationStatuses/3c36dd85-3a33-4782-adcc-5ec900270b42",
        "startTime": "2023-01-19T00:32:06.99918Z",
        "endTime": "2023-01-19T00:32:07.3429451Z",
        "status": "Succeeded"
      }
    },
    {
      "RequestUri": "https://management.azure.com/subscriptions/c526bbbc-c5ff-46b0-9ca8-3e8cb92a2cf5/resourceGroups/MediaServiceRG2431/providers/Microsoft.Media/mediaservices/dotnetsdkmediatests3022?api-version=2021-11-01",
      "RequestMethod": "GET",
      "RequestHeaders": {
        "Authorization": "Sanitized",
        "traceparent": "00-1dea0914c0d87a41af7ee68096464154-172586d7fc49324a-00",
        "User-Agent": "azsdk-net-ResourceManager/1.3.2 (.NET Framework 4.8.9105.0; Microsoft Windows 10.0.22621 )",
        "x-ms-client-request-id": "705ca73668e1b212ea2c1fa277b64c2e",
        "x-ms-return-client-request-id": "true"
      },
      "RequestBody": null,
      "StatusCode": 200,
      "ResponseHeaders": {
        "Cache-Control": "no-cache",
        "Content-Length": "889",
        "Content-Type": "application/json; odata.metadata=minimal; odata.streaming=true",
        "Date": "Thu, 19 Jan 2023 00:32:07 GMT",
        "Expires": "-1",
        "OData-Version": "4.0",
        "Pragma": "no-cache",
        "Server": "Microsoft-HTTPAPI/2.0",
        "Strict-Transport-Security": "max-age=31536000; includeSubDomains",
        "X-Content-Type-Options": "nosniff",
        "x-ms-client-request-id": "705ca73668e1b212ea2c1fa277b64c2e",
        "x-ms-correlation-request-id": "9b4f337b-139c-4abb-8c92-9c8963eb6031",
        "x-ms-ratelimit-remaining-subscription-reads": "11874",
        "x-ms-request-id": "4d00b14a-15cf-4eab-a2cd-aed4d6956e9f",
        "x-ms-routing-request-id": "WESTUS:20230119T003208Z:9b4f337b-139c-4abb-8c92-9c8963eb6031"
      },
      "ResponseBody": {
        "name": "dotnetsdkmediatests3022",
        "id": "/subscriptions/c526bbbc-c5ff-46b0-9ca8-3e8cb92a2cf5/resourceGroups/MediaServiceRG2431/providers/Microsoft.Media/mediaservices/dotnetsdkmediatests3022",
        "type": "Microsoft.Media/mediaservices",
        "location": "West US 2",
        "properties": {
          "mediaServiceId": "db9388c9-731e-48c4-80f4-bd015f3e193e",
          "storageAccounts": [
            {
              "id": "/subscriptions/c526bbbc-c5ff-46b0-9ca8-3e8cb92a2cf5/resourceGroups/MediaServiceRG2431/providers/Microsoft.Storage/storageAccounts/azstorageformedia252",
              "type": "Primary"
            }
          ],
          "storageAuthentication": "System",
          "encryption": {
            "type": "SystemKey"
          },
          "keyDelivery": {
            "accessControl": {
              "defaultAction": "Allow",
              "ipAllowList": []
            }
          },
          "publicNetworkAccess": "Enabled",
          "provisioningState": "Succeeded",
          "privateEndpointConnections": []
        }
      }
    },
    {
      "RequestUri": "https://management.azure.com/subscriptions/c526bbbc-c5ff-46b0-9ca8-3e8cb92a2cf5/resourceGroups/MediaServiceRG2431/providers/Microsoft.Media/mediaServices/dotnetsdkmediatests3022/transforms/randomtransfer9655?api-version=2022-07-01",
      "RequestMethod": "PUT",
      "RequestHeaders": {
        "Accept": "application/json",
        "Authorization": "Sanitized",
        "Content-Length": "94",
        "Content-Type": "application/json",
        "traceparent": "00-b03a12a22920a44197096be3bd1ecae9-4970d3d51ff78d4e-00",
        "User-Agent": "azsdk-net-ResourceManager.Media/1.1.0-alpha.20230118.1 (.NET Framework 4.8.9105.0; Microsoft Windows 10.0.22621 )",
        "x-ms-client-request-id": "41f5e31c952fb7fed9dc1d81b5a76dbd",
        "x-ms-return-client-request-id": "true"
      },
      "RequestBody": {
        "properties": {
          "outputs": [
            {
              "preset": {
                "@odata.type": "#Microsoft.Media.AudioAnalyzerPreset"
              }
            }
          ]
        }
      },
      "StatusCode": 201,
      "ResponseHeaders": {
        "Cache-Control": "no-cache",
        "Content-Length": "880",
        "Content-Type": "application/json; odata.metadata=minimal",
        "Date": "Thu, 19 Jan 2023 00:32:07 GMT",
        "Expires": "-1",
        "OData-Version": "4.0",
        "Pragma": "no-cache",
        "Server": "Microsoft-HTTPAPI/2.0",
        "Strict-Transport-Security": "max-age=31536000; includeSubDomains",
        "X-Content-Type-Options": "nosniff",
        "x-ms-client-request-id": "41f5e31c952fb7fed9dc1d81b5a76dbd",
        "x-ms-correlation-request-id": "afa51c52-2fea-4c51-bfb8-1e778a76c94b",
        "x-ms-ratelimit-remaining-subscription-writes": "1163",
        "x-ms-request-id": "85299682-eb40-4ef2-a6f2-8243520f0647",
        "x-ms-routing-request-id": "WESTUS:20230119T003208Z:afa51c52-2fea-4c51-bfb8-1e778a76c94b"
      },
      "ResponseBody": {
        "name": "randomtransfer9655",
        "id": "/subscriptions/c526bbbc-c5ff-46b0-9ca8-3e8cb92a2cf5/resourceGroups/MediaServiceRG2431/providers/Microsoft.Media/mediaservices/dotnetsdkmediatests3022/transforms/randomtransfer9655",
        "type": "Microsoft.Media/mediaservices/transforms",
        "properties": {
          "created": "2023-01-19T00:32:08.5731617Z",
          "lastModified": "2023-01-19T00:32:08.5731617Z",
          "outputs": [
            {
              "onError": "StopProcessingJob",
              "relativePriority": "Normal",
              "preset": {
                "@odata.type": "#Microsoft.Media.AudioAnalyzerPreset",
                "mode": "Standard"
              }
            }
          ]
        },
        "systemData": {
          "createdBy": "d2631ee4-9bcf-4b98-bd42-dced0fadaa92",
          "createdByType": "Application",
          "createdAt": "2023-01-19T00:32:08.5731617Z",
          "lastModifiedBy": "d2631ee4-9bcf-4b98-bd42-dced0fadaa92",
          "lastModifiedByType": "Application",
          "lastModifiedAt": "2023-01-19T00:32:08.5731617Z"
        }
      }
    },
    {
      "RequestUri": "https://management.azure.com/subscriptions/c526bbbc-c5ff-46b0-9ca8-3e8cb92a2cf5/resourceGroups/MediaServiceRG2431/providers/Microsoft.Media/mediaServices/dotnetsdkmediatests3022/transforms/randomtransfer9655?api-version=2022-07-01",
      "RequestMethod": "GET",
      "RequestHeaders": {
        "Accept": "application/json",
        "Authorization": "Sanitized",
        "traceparent": "00-979466a3ecd3d74b91ed429f52dd1ecd-ea8c31a630022744-00",
        "User-Agent": "azsdk-net-ResourceManager.Media/1.1.0-alpha.20230118.1 (.NET Framework 4.8.9105.0; Microsoft Windows 10.0.22621 )",
        "x-ms-client-request-id": "98c6a03ffa91030e27484a78843a352b",
        "x-ms-return-client-request-id": "true"
      },
      "RequestBody": null,
      "StatusCode": 200,
      "ResponseHeaders": {
        "Cache-Control": "no-cache",
        "Content-Length": "880",
        "Content-Type": "application/json; odata.metadata=minimal",
        "Date": "Thu, 19 Jan 2023 00:32:08 GMT",
        "Expires": "-1",
        "OData-Version": "4.0",
        "Pragma": "no-cache",
        "Server": "Microsoft-HTTPAPI/2.0",
        "Strict-Transport-Security": "max-age=31536000; includeSubDomains",
        "X-Content-Type-Options": "nosniff",
        "x-ms-client-request-id": "98c6a03ffa91030e27484a78843a352b",
        "x-ms-correlation-request-id": "a6f0c6cd-f14a-40c5-98ac-7c085b909053",
        "x-ms-ratelimit-remaining-subscription-reads": "11873",
        "x-ms-request-id": "6c6c6aea-cddf-44d2-b4c3-6a55b94ed229",
        "x-ms-routing-request-id": "WESTUS:20230119T003208Z:a6f0c6cd-f14a-40c5-98ac-7c085b909053"
      },
      "ResponseBody": {
        "name": "randomtransfer9655",
        "id": "/subscriptions/c526bbbc-c5ff-46b0-9ca8-3e8cb92a2cf5/resourceGroups/MediaServiceRG2431/providers/Microsoft.Media/mediaservices/dotnetsdkmediatests3022/transforms/randomtransfer9655",
        "type": "Microsoft.Media/mediaservices/transforms",
        "properties": {
          "created": "2023-01-19T00:32:08.5731617Z",
          "lastModified": "2023-01-19T00:32:08.5731617Z",
          "outputs": [
            {
              "onError": "StopProcessingJob",
              "relativePriority": "Normal",
              "preset": {
                "@odata.type": "#Microsoft.Media.AudioAnalyzerPreset",
                "mode": "Standard"
              }
            }
          ]
        },
        "systemData": {
          "createdBy": "d2631ee4-9bcf-4b98-bd42-dced0fadaa92",
          "createdByType": "Application",
          "createdAt": "2023-01-19T00:32:08.5731617Z",
          "lastModifiedBy": "d2631ee4-9bcf-4b98-bd42-dced0fadaa92",
          "lastModifiedByType": "Application",
          "lastModifiedAt": "2023-01-19T00:32:08.5731617Z"
        }
      }
    },
    {
      "RequestUri": "https://management.azure.com/subscriptions/c526bbbc-c5ff-46b0-9ca8-3e8cb92a2cf5/resourceGroups/MediaServiceRG2431/providers/Microsoft.Media/mediaServices/dotnetsdkmediatests3022/transforms/randomtransfer9655?api-version=2022-07-01",
      "RequestMethod": "DELETE",
      "RequestHeaders": {
        "Accept": "application/json",
        "Authorization": "Sanitized",
        "traceparent": "00-b100e2460d34ed47bbf4a5832854cb6f-acfcfb69acf87a4f-00",
        "User-Agent": "azsdk-net-ResourceManager.Media/1.1.0-alpha.20230118.1 (.NET Framework 4.8.9105.0; Microsoft Windows 10.0.22621 )",
        "x-ms-client-request-id": "f6197fff2e5b11075eb8078bf5313484",
        "x-ms-return-client-request-id": "true"
      },
      "RequestBody": null,
      "StatusCode": 200,
      "ResponseHeaders": {
        "Cache-Control": "no-cache",
        "Content-Length": "0",
        "Date": "Thu, 19 Jan 2023 00:32:09 GMT",
        "Expires": "-1",
        "Pragma": "no-cache",
        "Server": "Microsoft-HTTPAPI/2.0",
        "Strict-Transport-Security": "max-age=31536000; includeSubDomains",
        "X-Content-Type-Options": "nosniff",
        "x-ms-client-request-id": "f6197fff2e5b11075eb8078bf5313484",
        "x-ms-correlation-request-id": "de6f4c54-7ad9-4108-929e-3603b6026a7d",
        "x-ms-ratelimit-remaining-subscription-deletes": "14988",
        "x-ms-request-id": "f1dab07a-ce11-43bd-a830-bfd7d6500dfe",
        "x-ms-routing-request-id": "WESTUS:20230119T003209Z:de6f4c54-7ad9-4108-929e-3603b6026a7d"
      },
      "ResponseBody": null
    },
    {
      "RequestUri": "https://management.azure.com/subscriptions/c526bbbc-c5ff-46b0-9ca8-3e8cb92a2cf5/resourceGroups/MediaServiceRG2431/providers/Microsoft.Media/mediaServices/dotnetsdkmediatests3022/transforms/randomtransfer9655?api-version=2022-07-01",
      "RequestMethod": "GET",
      "RequestHeaders": {
        "Accept": "application/json",
        "Authorization": "Sanitized",
        "traceparent": "00-95e1cc951c3d25438ad08294f80aa7e1-97895c2f53ed7c4f-00",
        "User-Agent": "azsdk-net-ResourceManager.Media/1.1.0-alpha.20230118.1 (.NET Framework 4.8.9105.0; Microsoft Windows 10.0.22621 )",
        "x-ms-client-request-id": "1638e4b1958522ecd4f21ae64b86339f",
        "x-ms-return-client-request-id": "true"
      },
      "RequestBody": null,
      "StatusCode": 404,
      "ResponseHeaders": {
        "Cache-Control": "no-cache",
        "Content-Language": "en-US",
        "Content-Length": "104",
        "Content-Type": "application/json; charset=utf-8",
        "Date": "Thu, 19 Jan 2023 00:32:09 GMT",
        "Expires": "-1",
        "Pragma": "no-cache",
        "Server": "Microsoft-HTTPAPI/2.0",
        "Strict-Transport-Security": "max-age=31536000; includeSubDomains",
        "X-Content-Type-Options": "nosniff",
        "x-ms-client-request-id": "1638e4b1958522ecd4f21ae64b86339f",
        "x-ms-correlation-request-id": "16d6acf2-b518-4946-9bb6-e4bbe4bdf43d",
        "x-ms-ratelimit-remaining-subscription-reads": "11872",
        "x-ms-request-id": "dc9f53e8-54b3-4582-8343-c8ee6778b4bc",
        "x-ms-routing-request-id": "WESTUS:20230119T003209Z:16d6acf2-b518-4946-9bb6-e4bbe4bdf43d"
      },
      "ResponseBody": {
        "error": {
          "code": "NotFound",
          "message": "The requested resource was not found."
        }
      }
    }
  ],
  "Variables": {
    "AZURE_AUTHORITY_HOST": "https://login.microsoftonline.com",
    "DateTimeOffsetNow": "2023-01-18T16:32:04.7634258-08:00",
    "RandomSeed": "515657238",
    "RESOURCE_MANAGER_URL": null,
    "SUBSCRIPTION_ID": "c526bbbc-c5ff-46b0-9ca8-3e8cb92a2cf5"
  }
}
