{
  "Entries": [
    {
      "RequestUri": "https://management.azure.com/subscriptions/c526bbbc-c5ff-46b0-9ca8-3e8cb92a2cf5/resourceGroups/MediaServiceRG2436/providers/Microsoft.Media/mediaservices/dotnetsdkmediatests9191?api-version=2021-11-01",
      "RequestMethod": "PUT",
      "RequestHeaders": {
        "Accept": "application/json",
        "Authorization": "Sanitized",
        "Content-Length": "245",
        "Content-Type": "application/json",
        "traceparent": "00-eba34abb4df38741a9efd983ed468402-bb69b5fa37856a4d-00",
        "User-Agent": "azsdk-net-ResourceManager.Media/1.1.0-alpha.20230118.1 (.NET Framework 4.8.9105.0; Microsoft Windows 10.0.22621 )",
        "x-ms-client-request-id": "0a7dcc35eb69b6af8627d9edbd62bed7",
        "x-ms-return-client-request-id": "true"
      },
      "RequestBody": {
        "tags": {},
        "location": "westus2",
        "properties": {
          "storageAccounts": [
            {
              "id": "/subscriptions/c526bbbc-c5ff-46b0-9ca8-3e8cb92a2cf5/resourceGroups/MediaServiceRG2436/providers/Microsoft.Storage/storageAccounts/azstorageformedia7569",
              "type": "Primary"
            }
          ]
        }
      },
      "StatusCode": 201,
      "ResponseHeaders": {
        "Azure-AsyncOperation": "https://management.azure.com/subscriptions/c526bbbc-c5ff-46b0-9ca8-3e8cb92a2cf5/providers/Microsoft.Media/locations/westus2/mediaServicesOperationStatuses/e8f61fb1-d224-422a-8553-1b7dd9c281dc?api-version=2021-11-01",
        "Cache-Control": "no-cache",
        "Content-Length": "863",
        "Content-Type": "application/json; odata.metadata=minimal",
        "Date": "Thu, 19 Jan 2023 00:32:52 GMT",
        "Expires": "-1",
        "Location": "https://management.azure.com/subscriptions/c526bbbc-c5ff-46b0-9ca8-3e8cb92a2cf5/providers/Microsoft.Media/locations/westus2/mediaServicesOperationResults/e8f61fb1-d224-422a-8553-1b7dd9c281dc?api-version=2021-11-01",
        "OData-Version": "4.0",
        "Pragma": "no-cache",
        "Retry-After": "30",
        "Server": "Microsoft-HTTPAPI/2.0",
        "Strict-Transport-Security": "max-age=31536000; includeSubDomains",
        "X-Content-Type-Options": "nosniff",
        "x-ms-client-request-id": "0a7dcc35eb69b6af8627d9edbd62bed7",
        "x-ms-correlation-request-id": "0eb5bd1a-2b75-4b20-bbbb-85550449f29e",
        "x-ms-ratelimit-remaining-subscription-writes": "1193",
        "x-ms-request-id": "57e3fe9d-f8e0-45c1-b0b1-3e52fea645b9",
        "x-ms-routing-request-id": "WESTUS:20230119T003252Z:0eb5bd1a-2b75-4b20-bbbb-85550449f29e"
      },
      "ResponseBody": {
        "name": "dotnetsdkmediatests9191",
        "id": "/subscriptions/c526bbbc-c5ff-46b0-9ca8-3e8cb92a2cf5/resourceGroups/MediaServiceRG2436/providers/Microsoft.Media/mediaservices/dotnetsdkmediatests9191",
        "type": "Microsoft.Media/mediaservices",
        "location": "West US 2",
        "tags": {},
        "properties": {
          "mediaServiceId": "44f94be6-afc6-466a-b7bc-4ea8f89c7b87",
          "storageAccounts": [
            {
              "id": "/subscriptions/c526bbbc-c5ff-46b0-9ca8-3e8cb92a2cf5/resourceGroups/MediaServiceRG2436/providers/Microsoft.Storage/storageAccounts/azstorageformedia7569",
              "type": "Primary"
            }
          ],
          "storageAuthentication": "System",
          "keyDelivery": {
            "accessControl": {
              "defaultAction": "Allow",
              "ipAllowList": []
            }
          },
          "publicNetworkAccess": "Enabled",
          "provisioningState": "InProgress",
          "privateEndpointConnections": []
        }
      }
    },
    {
      "RequestUri": "https://management.azure.com/subscriptions/c526bbbc-c5ff-46b0-9ca8-3e8cb92a2cf5/providers/Microsoft.Media/locations/westus2/mediaServicesOperationStatuses/e8f61fb1-d224-422a-8553-1b7dd9c281dc?api-version=2021-11-01",
      "RequestMethod": "GET",
      "RequestHeaders": {
        "Authorization": "Sanitized",
        "traceparent": "00-eba34abb4df38741a9efd983ed468402-f014081830ebfc4a-00",
        "User-Agent": "azsdk-net-ResourceManager/1.3.2 (.NET Framework 4.8.9105.0; Microsoft Windows 10.0.22621 )",
        "x-ms-client-request-id": "8cfc176b3b11bea41965f294cb1f6dd6",
        "x-ms-return-client-request-id": "true"
      },
      "RequestBody": null,
      "StatusCode": 200,
      "ResponseHeaders": {
        "Cache-Control": "no-cache",
        "Content-Length": "289",
        "Content-Type": "application/json; odata.metadata=minimal; odata.streaming=true",
        "Date": "Thu, 19 Jan 2023 00:32:52 GMT",
        "Expires": "-1",
        "OData-Version": "4.0",
        "Pragma": "no-cache",
        "Server": "Microsoft-HTTPAPI/2.0",
        "Strict-Transport-Security": "max-age=31536000; includeSubDomains",
        "X-Content-Type-Options": "nosniff",
        "x-ms-client-request-id": "8cfc176b3b11bea41965f294cb1f6dd6",
        "x-ms-correlation-request-id": "66e54534-ca8c-4086-ab0b-32e7760782a1",
        "x-ms-ratelimit-remaining-subscription-reads": "11986",
        "x-ms-request-id": "dc9b1325-a7e0-4181-81da-c4f17614812b",
        "x-ms-routing-request-id": "WESTUS:20230119T003252Z:66e54534-ca8c-4086-ab0b-32e7760782a1"
      },
      "ResponseBody": {
        "name": "e8f61fb1-d224-422a-8553-1b7dd9c281dc",
        "id": "/subscriptions/c526bbbc-c5ff-46b0-9ca8-3e8cb92a2cf5/providers/Microsoft.Media/locations/westus2/mediaServicesOperationStatuses/e8f61fb1-d224-422a-8553-1b7dd9c281dc",
        "startTime": "2023-01-19T00:32:52.3832931Z",
        "status": "InProgress"
      }
    },
    {
      "RequestUri": "https://management.azure.com/subscriptions/c526bbbc-c5ff-46b0-9ca8-3e8cb92a2cf5/providers/Microsoft.Media/locations/westus2/mediaServicesOperationStatuses/e8f61fb1-d224-422a-8553-1b7dd9c281dc?api-version=2021-11-01",
      "RequestMethod": "GET",
      "RequestHeaders": {
        "Authorization": "Sanitized",
        "traceparent": "00-eba34abb4df38741a9efd983ed468402-a8d9a0e698476246-00",
        "User-Agent": "azsdk-net-ResourceManager/1.3.2 (.NET Framework 4.8.9105.0; Microsoft Windows 10.0.22621 )",
        "x-ms-client-request-id": "3bea1df112e971285cdec3844868f803",
        "x-ms-return-client-request-id": "true"
      },
      "RequestBody": null,
      "StatusCode": 200,
      "ResponseHeaders": {
        "Cache-Control": "no-cache",
        "Content-Length": "329",
        "Content-Type": "application/json; odata.metadata=minimal; odata.streaming=true",
        "Date": "Thu, 19 Jan 2023 00:32:53 GMT",
        "Expires": "-1",
        "OData-Version": "4.0",
        "Pragma": "no-cache",
        "Server": "Microsoft-HTTPAPI/2.0",
        "Strict-Transport-Security": "max-age=31536000; includeSubDomains",
        "X-Content-Type-Options": "nosniff",
        "x-ms-client-request-id": "3bea1df112e971285cdec3844868f803",
        "x-ms-correlation-request-id": "f2ebdc4f-c4e0-407e-a884-a97205c532ab",
        "x-ms-ratelimit-remaining-subscription-reads": "11985",
        "x-ms-request-id": "69dad7d3-c9a6-4547-a084-077815f03bbb",
        "x-ms-routing-request-id": "WESTUS:20230119T003253Z:f2ebdc4f-c4e0-407e-a884-a97205c532ab"
      },
      "ResponseBody": {
        "name": "e8f61fb1-d224-422a-8553-1b7dd9c281dc",
        "id": "/subscriptions/c526bbbc-c5ff-46b0-9ca8-3e8cb92a2cf5/providers/Microsoft.Media/locations/westus2/mediaServicesOperationStatuses/e8f61fb1-d224-422a-8553-1b7dd9c281dc",
        "startTime": "2023-01-19T00:32:52.3832931Z",
        "endTime": "2023-01-19T00:32:52.6489239Z",
        "status": "Succeeded"
      }
    },
    {
      "RequestUri": "https://management.azure.com/subscriptions/c526bbbc-c5ff-46b0-9ca8-3e8cb92a2cf5/resourceGroups/MediaServiceRG2436/providers/Microsoft.Media/mediaservices/dotnetsdkmediatests9191?api-version=2021-11-01",
      "RequestMethod": "GET",
      "RequestHeaders": {
        "Authorization": "Sanitized",
        "traceparent": "00-eba34abb4df38741a9efd983ed468402-a9dc1ddd9f24ea45-00",
        "User-Agent": "azsdk-net-ResourceManager/1.3.2 (.NET Framework 4.8.9105.0; Microsoft Windows 10.0.22621 )",
        "x-ms-client-request-id": "a58293af326555c64e0bccb1d2dbd428",
        "x-ms-return-client-request-id": "true"
      },
      "RequestBody": null,
      "StatusCode": 200,
      "ResponseHeaders": {
        "Cache-Control": "no-cache",
        "Content-Length": "890",
        "Content-Type": "application/json; odata.metadata=minimal; odata.streaming=true",
        "Date": "Thu, 19 Jan 2023 00:32:53 GMT",
        "Expires": "-1",
        "OData-Version": "4.0",
        "Pragma": "no-cache",
        "Server": "Microsoft-HTTPAPI/2.0",
        "Strict-Transport-Security": "max-age=31536000; includeSubDomains",
        "X-Content-Type-Options": "nosniff",
        "x-ms-client-request-id": "a58293af326555c64e0bccb1d2dbd428",
        "x-ms-correlation-request-id": "ddf595fe-9615-4f45-8025-f9e86ac59f9e",
        "x-ms-ratelimit-remaining-subscription-reads": "11984",
        "x-ms-request-id": "d4143667-5ce5-4a4a-bd9c-1e83e228b6e1",
        "x-ms-routing-request-id": "WESTUS:20230119T003253Z:ddf595fe-9615-4f45-8025-f9e86ac59f9e"
      },
      "ResponseBody": {
        "name": "dotnetsdkmediatests9191",
        "id": "/subscriptions/c526bbbc-c5ff-46b0-9ca8-3e8cb92a2cf5/resourceGroups/MediaServiceRG2436/providers/Microsoft.Media/mediaservices/dotnetsdkmediatests9191",
        "type": "Microsoft.Media/mediaservices",
        "location": "West US 2",
        "properties": {
          "mediaServiceId": "44f94be6-afc6-466a-b7bc-4ea8f89c7b87",
          "storageAccounts": [
            {
              "id": "/subscriptions/c526bbbc-c5ff-46b0-9ca8-3e8cb92a2cf5/resourceGroups/MediaServiceRG2436/providers/Microsoft.Storage/storageAccounts/azstorageformedia7569",
              "type": "Primary"
            }
          ],
          "storageAuthentication": "System",
          "encryption": {
            "type": "SystemKey"
          },
          "keyDelivery": {
            "accessControl": {
              "defaultAction": "Allow",
              "ipAllowList": []
            }
          },
          "publicNetworkAccess": "Enabled",
          "provisioningState": "Succeeded",
          "privateEndpointConnections": []
        }
      }
    },
    {
      "RequestUri": "https://management.azure.com/subscriptions/c526bbbc-c5ff-46b0-9ca8-3e8cb92a2cf5/resourceGroups/MediaServiceRG2436/providers/Microsoft.Media/mediaServices/dotnetsdkmediatests9191/transforms/randomtransfer3308?api-version=2022-07-01",
      "RequestMethod": "PUT",
      "RequestHeaders": {
        "Accept": "application/json",
        "Authorization": "Sanitized",
        "Content-Length": "94",
        "Content-Type": "application/json",
        "traceparent": "00-a2bab4af36cfc24f92cea1febadff4b2-4ef0040f3fcddc41-00",
        "User-Agent": "azsdk-net-ResourceManager.Media/1.1.0-alpha.20230118.1 (.NET Framework 4.8.9105.0; Microsoft Windows 10.0.22621 )",
        "x-ms-client-request-id": "98a055cc5c3cef588b2f32781f76b06d",
        "x-ms-return-client-request-id": "true"
      },
      "RequestBody": {
        "properties": {
          "outputs": [
            {
              "preset": {
                "@odata.type": "#Microsoft.Media.AudioAnalyzerPreset"
              }
            }
          ]
        }
      },
      "StatusCode": 201,
      "ResponseHeaders": {
        "Cache-Control": "no-cache",
        "Content-Length": "880",
        "Content-Type": "application/json; odata.metadata=minimal",
        "Date": "Thu, 19 Jan 2023 00:32:53 GMT",
        "Expires": "-1",
        "OData-Version": "4.0",
        "Pragma": "no-cache",
        "Server": "Microsoft-HTTPAPI/2.0",
        "Strict-Transport-Security": "max-age=31536000; includeSubDomains",
        "X-Content-Type-Options": "nosniff",
        "x-ms-client-request-id": "98a055cc5c3cef588b2f32781f76b06d",
        "x-ms-correlation-request-id": "4b0db1d9-cc36-48c6-a830-cf08fde0d0b6",
        "x-ms-ratelimit-remaining-subscription-writes": "1192",
        "x-ms-request-id": "07c8dff9-df0a-45d9-9dff-f143e7bc2f58",
        "x-ms-routing-request-id": "WESTUS:20230119T003254Z:4b0db1d9-cc36-48c6-a830-cf08fde0d0b6"
      },
      "ResponseBody": {
        "name": "randomtransfer3308",
        "id": "/subscriptions/c526bbbc-c5ff-46b0-9ca8-3e8cb92a2cf5/resourceGroups/MediaServiceRG2436/providers/Microsoft.Media/mediaservices/dotnetsdkmediatests9191/transforms/randomtransfer3308",
        "type": "Microsoft.Media/mediaservices/transforms",
        "properties": {
          "created": "2023-01-19T00:32:54.0102239Z",
          "lastModified": "2023-01-19T00:32:54.0102239Z",
          "outputs": [
            {
              "onError": "StopProcessingJob",
              "relativePriority": "Normal",
              "preset": {
                "@odata.type": "#Microsoft.Media.AudioAnalyzerPreset",
                "mode": "Standard"
              }
            }
          ]
        },
        "systemData": {
          "createdBy": "d2631ee4-9bcf-4b98-bd42-dced0fadaa92",
          "createdByType": "Application",
          "createdAt": "2023-01-19T00:32:54.0102239Z",
          "lastModifiedBy": "d2631ee4-9bcf-4b98-bd42-dced0fadaa92",
          "lastModifiedByType": "Application",
          "lastModifiedAt": "2023-01-19T00:32:54.0102239Z"
        }
      }
    },
    {
      "RequestUri": "https://management.azure.com/subscriptions/c526bbbc-c5ff-46b0-9ca8-3e8cb92a2cf5/resourceGroups/MediaServiceRG2436/providers/Microsoft.Media/mediaServices/dotnetsdkmediatests9191/transforms/randomtransfer3308?api-version=2022-07-01",
      "RequestMethod": "GET",
      "RequestHeaders": {
        "Accept": "application/json",
        "Authorization": "Sanitized",
        "traceparent": "00-e6f1826071b40d4ab9ac13078a3ee109-10d3c014cd09694f-00",
        "User-Agent": "azsdk-net-ResourceManager.Media/1.1.0-alpha.20230118.1 (.NET Framework 4.8.9105.0; Microsoft Windows 10.0.22621 )",
        "x-ms-client-request-id": "9c37e4ee70c757be95edde46769e810a",
        "x-ms-return-client-request-id": "true"
      },
      "RequestBody": null,
      "StatusCode": 200,
      "ResponseHeaders": {
        "Cache-Control": "no-cache",
        "Content-Length": "880",
        "Content-Type": "application/json; odata.metadata=minimal",
        "Date": "Thu, 19 Jan 2023 00:32:54 GMT",
        "Expires": "-1",
        "OData-Version": "4.0",
        "Pragma": "no-cache",
        "Server": "Microsoft-HTTPAPI/2.0",
        "Strict-Transport-Security": "max-age=31536000; includeSubDomains",
        "X-Content-Type-Options": "nosniff",
        "x-ms-client-request-id": "9c37e4ee70c757be95edde46769e810a",
        "x-ms-correlation-request-id": "78d972c3-918e-4f46-8904-c2bff934d453",
        "x-ms-ratelimit-remaining-subscription-reads": "11983",
        "x-ms-request-id": "f4e16467-234d-4f70-8bfc-9ae110dd88a6",
        "x-ms-routing-request-id": "WESTUS:20230119T003254Z:78d972c3-918e-4f46-8904-c2bff934d453"
      },
      "ResponseBody": {
        "name": "randomtransfer3308",
        "id": "/subscriptions/c526bbbc-c5ff-46b0-9ca8-3e8cb92a2cf5/resourceGroups/MediaServiceRG2436/providers/Microsoft.Media/mediaservices/dotnetsdkmediatests9191/transforms/randomtransfer3308",
        "type": "Microsoft.Media/mediaservices/transforms",
        "properties": {
          "created": "2023-01-19T00:32:54.0102239Z",
          "lastModified": "2023-01-19T00:32:54.0102239Z",
          "outputs": [
            {
              "onError": "StopProcessingJob",
              "relativePriority": "Normal",
              "preset": {
                "@odata.type": "#Microsoft.Media.AudioAnalyzerPreset",
                "mode": "Standard"
              }
            }
          ]
        },
        "systemData": {
          "createdBy": "d2631ee4-9bcf-4b98-bd42-dced0fadaa92",
          "createdByType": "Application",
          "createdAt": "2023-01-19T00:32:54.0102239Z",
          "lastModifiedBy": "d2631ee4-9bcf-4b98-bd42-dced0fadaa92",
          "lastModifiedByType": "Application",
          "lastModifiedAt": "2023-01-19T00:32:54.0102239Z"
        }
      }
    }
  ],
  "Variables": {
    "AZURE_AUTHORITY_HOST": "https://login.microsoftonline.com",
    "DateTimeOffsetNow": "2023-01-18T16:32:50.8315774-08:00",
    "RandomSeed": "1189166536",
    "RESOURCE_MANAGER_URL": null,
    "SUBSCRIPTION_ID": "c526bbbc-c5ff-46b0-9ca8-3e8cb92a2cf5"
  }
}
