{
  "Entries": [
    {
      "RequestUri": "https://management.azure.com/subscriptions/cf65b9a6-fe0f-4011-881c-aba5a5fb8603?api-version=2021-01-01",
      "RequestMethod": "GET",
      "RequestHeaders": {
        "Accept": "application/json",
        "Authorization": "Sanitized",
        "Connection": "keep-alive",
        "traceparent": "00-c510168acc85e743846cab3524018504-a041e71969c3214f-00",
        "User-Agent": "azsdk-net-ResourceManager/1.0.0 (.NET Framework 4.8.4510.0; Microsoft Windows 10.0.22000 )",
        "x-ms-client-request-id": "d1e4c0987427056441fd23a9dd3998b0",
        "x-ms-return-client-request-id": "true"
      },
      "RequestBody": null,
      "StatusCode": 200,
      "ResponseHeaders": {
        "Cache-Control": "no-cache",
        "Content-Length": "458",
        "Content-Type": "application/json; charset=utf-8",
        "Date": "Tue, 07 Jun 2022 22:28:31 GMT",
        "Expires": "-1",
        "Pragma": "no-cache",
        "Strict-Transport-Security": "max-age=31536000; includeSubDomains",
        "X-Content-Type-Options": "nosniff",
        "x-ms-correlation-request-id": "b1ce6522-b5b4-42ec-8ff7-18ecdd3d8127",
        "x-ms-ratelimit-remaining-subscription-reads": "11999",
        "x-ms-request-id": "b1ce6522-b5b4-42ec-8ff7-18ecdd3d8127",
        "x-ms-routing-request-id": "WESTUS:20220607T222831Z:b1ce6522-b5b4-42ec-8ff7-18ecdd3d8127"
      },
      "ResponseBody": {
        "id": "/subscriptions/cf65b9a6-fe0f-4011-881c-aba5a5fb8603",
        "authorizationSource": "RoleBased",
        "managedByTenants": [],
        "tags": {
          "Env": "NonProd",
          "IsHostedOnBehalfOf": "False"
        },
        "subscriptionId": "cf65b9a6-fe0f-4011-881c-aba5a5fb8603",
        "tenantId": "72f988bf-86f1-41af-91ab-2d7cd011db47",
        "displayName": "AzureDeviceUpdate/PPE-MS",
        "state": "Enabled",
        "subscriptionPolicies": {
          "locationPlacementId": "Internal_2014-09-01",
          "quotaId": "Internal_2014-09-01",
          "spendingLimit": "Off"
        }
      }
    },
    {
      "RequestUri": "https://management.azure.com/subscriptions/cf65b9a6-fe0f-4011-881c-aba5a5fb8603/resourcegroups/testRg-2398?api-version=2021-04-01",
      "RequestMethod": "PUT",
      "RequestHeaders": {
        "Accept": "application/json",
        "Authorization": "Sanitized",
        "Content-Length": "31",
        "Content-Type": "application/json",
        "traceparent": "00-e961c169b1b71b43b9742c17c908b0bb-706a4ba0728ef940-00",
        "User-Agent": "azsdk-net-ResourceManager/1.0.0 (.NET Framework 4.8.4510.0; Microsoft Windows 10.0.22000 )",
        "x-ms-client-request-id": "702f2a6a8aa7867a9226f2248cbc44a9",
        "x-ms-return-client-request-id": "true"
      },
      "RequestBody": {
        "tags": {},
        "location": "westus"
      },
      "StatusCode": 201,
      "ResponseHeaders": {
        "Cache-Control": "no-cache",
        "Content-Length": "244",
        "Content-Type": "application/json; charset=utf-8",
        "Date": "Tue, 07 Jun 2022 22:28:31 GMT",
        "Expires": "-1",
        "Pragma": "no-cache",
        "Strict-Transport-Security": "max-age=31536000; includeSubDomains",
        "X-Content-Type-Options": "nosniff",
        "x-ms-correlation-request-id": "62d12290-09c0-4aab-af32-978194b1c2d3",
        "x-ms-ratelimit-remaining-subscription-writes": "1199",
        "x-ms-request-id": "62d12290-09c0-4aab-af32-978194b1c2d3",
        "x-ms-routing-request-id": "WESTUS:20220607T222832Z:62d12290-09c0-4aab-af32-978194b1c2d3"
      },
      "ResponseBody": {
        "id": "/subscriptions/cf65b9a6-fe0f-4011-881c-aba5a5fb8603/resourceGroups/testRg-2398",
        "name": "testRg-2398",
        "type": "Microsoft.Resources/resourceGroups",
        "location": "westus",
        "tags": {
          "Env": "NonProd"
        },
        "properties": {
          "provisioningState": "Succeeded"
        }
      }
    },
    {
      "RequestUri": "https://management.azure.com/subscriptions/cf65b9a6-fe0f-4011-881c-aba5a5fb8603/resourceGroups/testRg-2398/providers/Microsoft.DeviceUpdate/accounts/Account-6585?api-version=2022-04-01-preview",
      "RequestMethod": "PUT",
      "RequestHeaders": {
        "Accept": "application/json",
        "Authorization": "Sanitized",
        "Content-Length": "64",
        "Content-Type": "application/json",
        "traceparent": "00-c45b003ada1ba04eac2f4f26cb8e8068-68edf812f234594a-00",
        "User-Agent": "azsdk-net-ResourceManager.DeviceUpdate/1.0.0-alpha.20220606.1 (.NET Framework 4.8.4510.0; Microsoft Windows 10.0.22000 )",
        "x-ms-client-request-id": "4a8b79471173dccd3b99343c2714a5ba",
        "x-ms-return-client-request-id": "true"
      },
      "RequestBody": {
        "tags": {},
        "location": "westus2",
        "properties": {
          "sku": "Standard"
        }
      },
      "StatusCode": 201,
      "ResponseHeaders": {
        "api-supported-versions": "2020-03-01-preview, 2022-04-01-preview",
        "Azure-AsyncOperation": "https://management.azure.com/providers/Microsoft.DeviceUpdate/locations/WESTUS2/operationStatuses/b1ad253a-65e5-45ef-a1a6-af4dd43c6a94*A0BCFE3664D5D8709983F26EFF4C2BE9FCFE5E74895D719D05433351092F675A?api-version=2022-04-01-preview",
        "Cache-Control": "no-cache",
        "Content-Length": "577",
        "Content-Type": "application/json; charset=utf-8",
        "Date": "Tue, 07 Jun 2022 22:28:33 GMT",
        "ETag": "\u0022f603d10e-0000-0800-0000-629fd1110000\u0022",
        "Expires": "-1",
        "Pragma": "no-cache",
        "Strict-Transport-Security": "max-age=31536000; includeSubDomains",
        "X-Content-Type-Options": "nosniff",
        "x-ms-correlation-request-id": "3d00a5b5-5148-42fb-8a4b-cde68988e8ba",
        "x-ms-providerhub-traffic": "True",
        "x-ms-ratelimit-remaining-subscription-writes": "1198",
        "x-ms-request-id": "b1ad253a-65e5-45ef-a1a6-af4dd43c6a94",
        "x-ms-routing-request-id": "WESTUS:20220607T222833Z:3d00a5b5-5148-42fb-8a4b-cde68988e8ba"
      },
      "ResponseBody": {
        "id": "/subscriptions/cf65b9a6-fe0f-4011-881c-aba5a5fb8603/resourceGroups/testRg-2398/providers/Microsoft.DeviceUpdate/accounts/Account-6585",
        "name": "Account-6585",
        "type": "microsoft.deviceupdate/accounts",
        "location": "westus2",
        "tags": {},
        "systemData": {
          "createdBy": "1e5942b3-36f1-43eb-88d9-98c12d95000b",
          "createdByType": "Application",
          "createdAt": "2022-06-07T22:28:32.6246926Z",
          "lastModifiedBy": "1e5942b3-36f1-43eb-88d9-98c12d95000b",
          "lastModifiedByType": "Application",
          "lastModifiedAt": "2022-06-07T22:28:32.6246926Z"
        },
        "properties": {
          "sku": "Standard",
          "provisioningState": "Accepted"
        }
      }
    },
    {
      "RequestUri": "https://management.azure.com/providers/Microsoft.DeviceUpdate/locations/WESTUS2/operationStatuses/b1ad253a-65e5-45ef-a1a6-af4dd43c6a94*A0BCFE3664D5D8709983F26EFF4C2BE9FCFE5E74895D719D05433351092F675A?api-version=2022-04-01-preview",
      "RequestMethod": "GET",
      "RequestHeaders": {
        "Authorization": "Sanitized",
        "traceparent": "00-c45b003ada1ba04eac2f4f26cb8e8068-3d25ee7993c18049-00",
        "User-Agent": "azsdk-net-ResourceManager/1.0.0 (.NET Framework 4.8.4510.0; Microsoft Windows 10.0.22000 )",
        "x-ms-client-request-id": "1ff2fc00182519f761936bf1454a6b12",
        "x-ms-return-client-request-id": "true"
      },
      "RequestBody": null,
      "StatusCode": 200,
      "ResponseHeaders": {
        "Cache-Control": "no-cache",
        "Content-Length": "503",
        "Content-Type": "application/json; charset=utf-8",
        "Date": "Tue, 07 Jun 2022 22:28:33 GMT",
        "ETag": "\u0022d90486b3-0000-0800-0000-629fd1110000\u0022",
        "Expires": "-1",
        "Pragma": "no-cache",
        "Strict-Transport-Security": "max-age=31536000; includeSubDomains",
        "X-Content-Type-Options": "nosniff",
        "x-ms-correlation-request-id": "8cccba2b-e537-48b9-ae08-420236f38b17",
        "x-ms-ratelimit-remaining-tenant-reads": "11999",
        "x-ms-request-id": "931ef67e-504b-44e3-8705-f8740f7bfa4f",
        "x-ms-routing-request-id": "WESTUS:20220607T222833Z:8cccba2b-e537-48b9-ae08-420236f38b17"
      },
      "ResponseBody": {
        "id": "/providers/Microsoft.DeviceUpdate/locations/WESTUS2/operationStatuses/b1ad253a-65e5-45ef-a1a6-af4dd43c6a94*A0BCFE3664D5D8709983F26EFF4C2BE9FCFE5E74895D719D05433351092F675A",
        "name": "b1ad253a-65e5-45ef-a1a6-af4dd43c6a94*A0BCFE3664D5D8709983F26EFF4C2BE9FCFE5E74895D719D05433351092F675A",
        "resourceId": "/subscriptions/cf65b9a6-fe0f-4011-881c-aba5a5fb8603/resourceGroups/testRg-2398/providers/Microsoft.DeviceUpdate/accounts/Account-6585",
        "status": "Accepted",
        "startTime": "2022-06-07T22:28:33.4804514Z"
      }
    },
    {
      "RequestUri": "https://management.azure.com/providers/Microsoft.DeviceUpdate/locations/WESTUS2/operationStatuses/b1ad253a-65e5-45ef-a1a6-af4dd43c6a94*A0BCFE3664D5D8709983F26EFF4C2BE9FCFE5E74895D719D05433351092F675A?api-version=2022-04-01-preview",
      "RequestMethod": "GET",
      "RequestHeaders": {
        "Authorization": "Sanitized",
        "traceparent": "00-c45b003ada1ba04eac2f4f26cb8e8068-791ebce402baa347-00",
        "User-Agent": "azsdk-net-ResourceManager/1.0.0 (.NET Framework 4.8.4510.0; Microsoft Windows 10.0.22000 )",
        "x-ms-client-request-id": "fb86694c839d56004221ffdfc35bfb87",
        "x-ms-return-client-request-id": "true"
      },
      "RequestBody": null,
      "StatusCode": 200,
      "ResponseHeaders": {
        "Cache-Control": "no-cache",
        "Content-Length": "503",
        "Content-Type": "application/json; charset=utf-8",
        "Date": "Tue, 07 Jun 2022 22:28:34 GMT",
        "ETag": "\u0022d90486b3-0000-0800-0000-629fd1110000\u0022",
        "Expires": "-1",
        "Pragma": "no-cache",
        "Strict-Transport-Security": "max-age=31536000; includeSubDomains",
        "X-Content-Type-Options": "nosniff",
        "x-ms-correlation-request-id": "9f60495b-9725-4dba-96a8-5bbd2c7c3f5e",
        "x-ms-ratelimit-remaining-tenant-reads": "11998",
        "x-ms-request-id": "898ab3e1-22e9-46fe-8277-2a5c5ad2d168",
        "x-ms-routing-request-id": "WESTUS:20220607T222834Z:9f60495b-9725-4dba-96a8-5bbd2c7c3f5e"
      },
      "ResponseBody": {
        "id": "/providers/Microsoft.DeviceUpdate/locations/WESTUS2/operationStatuses/b1ad253a-65e5-45ef-a1a6-af4dd43c6a94*A0BCFE3664D5D8709983F26EFF4C2BE9FCFE5E74895D719D05433351092F675A",
        "name": "b1ad253a-65e5-45ef-a1a6-af4dd43c6a94*A0BCFE3664D5D8709983F26EFF4C2BE9FCFE5E74895D719D05433351092F675A",
        "resourceId": "/subscriptions/cf65b9a6-fe0f-4011-881c-aba5a5fb8603/resourceGroups/testRg-2398/providers/Microsoft.DeviceUpdate/accounts/Account-6585",
        "status": "Accepted",
        "startTime": "2022-06-07T22:28:33.4804514Z"
      }
    },
    {
      "RequestUri": "https://management.azure.com/providers/Microsoft.DeviceUpdate/locations/WESTUS2/operationStatuses/b1ad253a-65e5-45ef-a1a6-af4dd43c6a94*A0BCFE3664D5D8709983F26EFF4C2BE9FCFE5E74895D719D05433351092F675A?api-version=2022-04-01-preview",
      "RequestMethod": "GET",
      "RequestHeaders": {
        "Authorization": "Sanitized",
        "traceparent": "00-c45b003ada1ba04eac2f4f26cb8e8068-5e6f7a76a8f4c14b-00",
        "User-Agent": "azsdk-net-ResourceManager/1.0.0 (.NET Framework 4.8.4510.0; Microsoft Windows 10.0.22000 )",
        "x-ms-client-request-id": "2a3c56588622ed95c98dc44c85452400",
        "x-ms-return-client-request-id": "true"
      },
      "RequestBody": null,
      "StatusCode": 200,
      "ResponseHeaders": {
        "Cache-Control": "no-cache",
        "Content-Length": "503",
        "Content-Type": "application/json; charset=utf-8",
        "Date": "Tue, 07 Jun 2022 22:28:35 GMT",
        "ETag": "\u0022d90486b3-0000-0800-0000-629fd1110000\u0022",
        "Expires": "-1",
        "Pragma": "no-cache",
        "Strict-Transport-Security": "max-age=31536000; includeSubDomains",
        "X-Content-Type-Options": "nosniff",
        "x-ms-correlation-request-id": "bb304efe-296c-4f61-af94-1769eb9d5426",
        "x-ms-ratelimit-remaining-tenant-reads": "11997",
        "x-ms-request-id": "99faab14-3060-48fd-99d2-dc8940a39767",
        "x-ms-routing-request-id": "WESTUS:20220607T222835Z:bb304efe-296c-4f61-af94-1769eb9d5426"
      },
      "ResponseBody": {
        "id": "/providers/Microsoft.DeviceUpdate/locations/WESTUS2/operationStatuses/b1ad253a-65e5-45ef-a1a6-af4dd43c6a94*A0BCFE3664D5D8709983F26EFF4C2BE9FCFE5E74895D719D05433351092F675A",
        "name": "b1ad253a-65e5-45ef-a1a6-af4dd43c6a94*A0BCFE3664D5D8709983F26EFF4C2BE9FCFE5E74895D719D05433351092F675A",
        "resourceId": "/subscriptions/cf65b9a6-fe0f-4011-881c-aba5a5fb8603/resourceGroups/testRg-2398/providers/Microsoft.DeviceUpdate/accounts/Account-6585",
        "status": "Accepted",
        "startTime": "2022-06-07T22:28:33.4804514Z"
      }
    },
    {
      "RequestUri": "https://management.azure.com/providers/Microsoft.DeviceUpdate/locations/WESTUS2/operationStatuses/b1ad253a-65e5-45ef-a1a6-af4dd43c6a94*A0BCFE3664D5D8709983F26EFF4C2BE9FCFE5E74895D719D05433351092F675A?api-version=2022-04-01-preview",
      "RequestMethod": "GET",
      "RequestHeaders": {
        "Authorization": "Sanitized",
        "traceparent": "00-c45b003ada1ba04eac2f4f26cb8e8068-6261e40298f42146-00",
        "User-Agent": "azsdk-net-ResourceManager/1.0.0 (.NET Framework 4.8.4510.0; Microsoft Windows 10.0.22000 )",
        "x-ms-client-request-id": "77253b28452e7c40fb9bdc0419175505",
        "x-ms-return-client-request-id": "true"
      },
      "RequestBody": null,
      "StatusCode": 200,
      "ResponseHeaders": {
        "Cache-Control": "no-cache",
        "Content-Length": "503",
        "Content-Type": "application/json; charset=utf-8",
        "Date": "Tue, 07 Jun 2022 22:28:36 GMT",
        "ETag": "\u0022d90486b3-0000-0800-0000-629fd1110000\u0022",
        "Expires": "-1",
        "Pragma": "no-cache",
        "Strict-Transport-Security": "max-age=31536000; includeSubDomains",
        "X-Content-Type-Options": "nosniff",
        "x-ms-correlation-request-id": "deabc9a5-b210-4f39-b9f6-1c3a83b268fe",
        "x-ms-ratelimit-remaining-tenant-reads": "11996",
        "x-ms-request-id": "f87aebeb-5369-40db-8687-92d298e3dee9",
        "x-ms-routing-request-id": "WESTUS:20220607T222837Z:deabc9a5-b210-4f39-b9f6-1c3a83b268fe"
      },
      "ResponseBody": {
        "id": "/providers/Microsoft.DeviceUpdate/locations/WESTUS2/operationStatuses/b1ad253a-65e5-45ef-a1a6-af4dd43c6a94*A0BCFE3664D5D8709983F26EFF4C2BE9FCFE5E74895D719D05433351092F675A",
        "name": "b1ad253a-65e5-45ef-a1a6-af4dd43c6a94*A0BCFE3664D5D8709983F26EFF4C2BE9FCFE5E74895D719D05433351092F675A",
        "resourceId": "/subscriptions/cf65b9a6-fe0f-4011-881c-aba5a5fb8603/resourceGroups/testRg-2398/providers/Microsoft.DeviceUpdate/accounts/Account-6585",
        "status": "Accepted",
        "startTime": "2022-06-07T22:28:33.4804514Z"
      }
    },
    {
      "RequestUri": "https://management.azure.com/providers/Microsoft.DeviceUpdate/locations/WESTUS2/operationStatuses/b1ad253a-65e5-45ef-a1a6-af4dd43c6a94*A0BCFE3664D5D8709983F26EFF4C2BE9FCFE5E74895D719D05433351092F675A?api-version=2022-04-01-preview",
      "RequestMethod": "GET",
      "RequestHeaders": {
        "Authorization": "Sanitized",
        "traceparent": "00-c45b003ada1ba04eac2f4f26cb8e8068-5193632a7f06b74c-00",
        "User-Agent": "azsdk-net-ResourceManager/1.0.0 (.NET Framework 4.8.4510.0; Microsoft Windows 10.0.22000 )",
        "x-ms-client-request-id": "ef98e498400dc6f0d3983210beb4d1fd",
        "x-ms-return-client-request-id": "true"
      },
      "RequestBody": null,
      "StatusCode": 200,
      "ResponseHeaders": {
        "Cache-Control": "no-cache",
        "Content-Length": "503",
        "Content-Type": "application/json; charset=utf-8",
        "Date": "Tue, 07 Jun 2022 22:28:38 GMT",
        "ETag": "\u0022d90486b3-0000-0800-0000-629fd1110000\u0022",
        "Expires": "-1",
        "Pragma": "no-cache",
        "Strict-Transport-Security": "max-age=31536000; includeSubDomains",
        "X-Content-Type-Options": "nosniff",
        "x-ms-correlation-request-id": "04b677dc-1923-4933-ba55-44f0c4166361",
        "x-ms-ratelimit-remaining-tenant-reads": "11995",
        "x-ms-request-id": "2eb3d1ef-3d2a-47d1-b12e-3ba67477d559",
        "x-ms-routing-request-id": "WESTUS:20220607T222839Z:04b677dc-1923-4933-ba55-44f0c4166361"
      },
      "ResponseBody": {
        "id": "/providers/Microsoft.DeviceUpdate/locations/WESTUS2/operationStatuses/b1ad253a-65e5-45ef-a1a6-af4dd43c6a94*A0BCFE3664D5D8709983F26EFF4C2BE9FCFE5E74895D719D05433351092F675A",
        "name": "b1ad253a-65e5-45ef-a1a6-af4dd43c6a94*A0BCFE3664D5D8709983F26EFF4C2BE9FCFE5E74895D719D05433351092F675A",
        "resourceId": "/subscriptions/cf65b9a6-fe0f-4011-881c-aba5a5fb8603/resourceGroups/testRg-2398/providers/Microsoft.DeviceUpdate/accounts/Account-6585",
        "status": "Accepted",
        "startTime": "2022-06-07T22:28:33.4804514Z"
      }
    },
    {
      "RequestUri": "https://management.azure.com/providers/Microsoft.DeviceUpdate/locations/WESTUS2/operationStatuses/b1ad253a-65e5-45ef-a1a6-af4dd43c6a94*A0BCFE3664D5D8709983F26EFF4C2BE9FCFE5E74895D719D05433351092F675A?api-version=2022-04-01-preview",
      "RequestMethod": "GET",
      "RequestHeaders": {
        "Authorization": "Sanitized",
        "traceparent": "00-c45b003ada1ba04eac2f4f26cb8e8068-57a24f70087beb42-00",
        "User-Agent": "azsdk-net-ResourceManager/1.0.0 (.NET Framework 4.8.4510.0; Microsoft Windows 10.0.22000 )",
        "x-ms-client-request-id": "88b6fefd8336135815bf2f86aa91d4b1",
        "x-ms-return-client-request-id": "true"
      },
      "RequestBody": null,
      "StatusCode": 200,
      "ResponseHeaders": {
        "Cache-Control": "no-cache",
        "Content-Length": "503",
        "Content-Type": "application/json; charset=utf-8",
        "Date": "Tue, 07 Jun 2022 22:28:42 GMT",
        "ETag": "\u0022d90486b3-0000-0800-0000-629fd1110000\u0022",
        "Expires": "-1",
        "Pragma": "no-cache",
        "Strict-Transport-Security": "max-age=31536000; includeSubDomains",
        "X-Content-Type-Options": "nosniff",
        "x-ms-correlation-request-id": "cb197429-3071-4e0c-a395-310b00e67da7",
        "x-ms-ratelimit-remaining-tenant-reads": "11994",
        "x-ms-request-id": "ec5e9667-0478-481e-980c-fb69e2b208d7",
        "x-ms-routing-request-id": "WESTUS:20220607T222843Z:cb197429-3071-4e0c-a395-310b00e67da7"
      },
      "ResponseBody": {
        "id": "/providers/Microsoft.DeviceUpdate/locations/WESTUS2/operationStatuses/b1ad253a-65e5-45ef-a1a6-af4dd43c6a94*A0BCFE3664D5D8709983F26EFF4C2BE9FCFE5E74895D719D05433351092F675A",
        "name": "b1ad253a-65e5-45ef-a1a6-af4dd43c6a94*A0BCFE3664D5D8709983F26EFF4C2BE9FCFE5E74895D719D05433351092F675A",
        "resourceId": "/subscriptions/cf65b9a6-fe0f-4011-881c-aba5a5fb8603/resourceGroups/testRg-2398/providers/Microsoft.DeviceUpdate/accounts/Account-6585",
        "status": "Accepted",
        "startTime": "2022-06-07T22:28:33.4804514Z"
      }
    },
    {
      "RequestUri": "https://management.azure.com/providers/Microsoft.DeviceUpdate/locations/WESTUS2/operationStatuses/b1ad253a-65e5-45ef-a1a6-af4dd43c6a94*A0BCFE3664D5D8709983F26EFF4C2BE9FCFE5E74895D719D05433351092F675A?api-version=2022-04-01-preview",
      "RequestMethod": "GET",
      "RequestHeaders": {
        "Authorization": "Sanitized",
        "traceparent": "00-c45b003ada1ba04eac2f4f26cb8e8068-284932037c248548-00",
        "User-Agent": "azsdk-net-ResourceManager/1.0.0 (.NET Framework 4.8.4510.0; Microsoft Windows 10.0.22000 )",
        "x-ms-client-request-id": "a0b3bf3834ace8f24a5ea4961230bd47",
        "x-ms-return-client-request-id": "true"
      },
      "RequestBody": null,
      "StatusCode": 200,
      "ResponseHeaders": {
        "Cache-Control": "no-cache",
        "Content-Length": "503",
        "Content-Type": "application/json; charset=utf-8",
        "Date": "Tue, 07 Jun 2022 22:28:50 GMT",
        "ETag": "\u0022d90486b3-0000-0800-0000-629fd1110000\u0022",
        "Expires": "-1",
        "Pragma": "no-cache",
        "Strict-Transport-Security": "max-age=31536000; includeSubDomains",
        "X-Content-Type-Options": "nosniff",
        "x-ms-correlation-request-id": "df7efac3-3aa4-4843-bf3e-4deb4c77a803",
        "x-ms-ratelimit-remaining-tenant-reads": "11993",
        "x-ms-request-id": "3b46f0ec-d635-487c-9240-d28e2c6430bf",
        "x-ms-routing-request-id": "WESTUS:20220607T222851Z:df7efac3-3aa4-4843-bf3e-4deb4c77a803"
      },
      "ResponseBody": {
        "id": "/providers/Microsoft.DeviceUpdate/locations/WESTUS2/operationStatuses/b1ad253a-65e5-45ef-a1a6-af4dd43c6a94*A0BCFE3664D5D8709983F26EFF4C2BE9FCFE5E74895D719D05433351092F675A",
        "name": "b1ad253a-65e5-45ef-a1a6-af4dd43c6a94*A0BCFE3664D5D8709983F26EFF4C2BE9FCFE5E74895D719D05433351092F675A",
        "resourceId": "/subscriptions/cf65b9a6-fe0f-4011-881c-aba5a5fb8603/resourceGroups/testRg-2398/providers/Microsoft.DeviceUpdate/accounts/Account-6585",
        "status": "Accepted",
        "startTime": "2022-06-07T22:28:33.4804514Z"
      }
    },
    {
      "RequestUri": "https://management.azure.com/providers/Microsoft.DeviceUpdate/locations/WESTUS2/operationStatuses/b1ad253a-65e5-45ef-a1a6-af4dd43c6a94*A0BCFE3664D5D8709983F26EFF4C2BE9FCFE5E74895D719D05433351092F675A?api-version=2022-04-01-preview",
      "RequestMethod": "GET",
      "RequestHeaders": {
        "Authorization": "Sanitized",
        "traceparent": "00-c45b003ada1ba04eac2f4f26cb8e8068-d510930f0f885e45-00",
        "User-Agent": "azsdk-net-ResourceManager/1.0.0 (.NET Framework 4.8.4510.0; Microsoft Windows 10.0.22000 )",
        "x-ms-client-request-id": "1b07dec9cc6115ce8b85da4e116a1b42",
        "x-ms-return-client-request-id": "true"
      },
      "RequestBody": null,
      "StatusCode": 200,
      "ResponseHeaders": {
        "Cache-Control": "no-cache",
        "Content-Length": "503",
        "Content-Type": "application/json; charset=utf-8",
        "Date": "Tue, 07 Jun 2022 22:29:06 GMT",
        "ETag": "\u0022d90486b3-0000-0800-0000-629fd1110000\u0022",
        "Expires": "-1",
        "Pragma": "no-cache",
        "Strict-Transport-Security": "max-age=31536000; includeSubDomains",
        "X-Content-Type-Options": "nosniff",
        "x-ms-correlation-request-id": "288587f1-98ef-48b4-a25a-b6e7e4198362",
        "x-ms-ratelimit-remaining-tenant-reads": "11992",
        "x-ms-request-id": "f427646f-93fb-4967-b327-df641884105b",
        "x-ms-routing-request-id": "WESTUS:20220607T222907Z:288587f1-98ef-48b4-a25a-b6e7e4198362"
      },
      "ResponseBody": {
        "id": "/providers/Microsoft.DeviceUpdate/locations/WESTUS2/operationStatuses/b1ad253a-65e5-45ef-a1a6-af4dd43c6a94*A0BCFE3664D5D8709983F26EFF4C2BE9FCFE5E74895D719D05433351092F675A",
        "name": "b1ad253a-65e5-45ef-a1a6-af4dd43c6a94*A0BCFE3664D5D8709983F26EFF4C2BE9FCFE5E74895D719D05433351092F675A",
        "resourceId": "/subscriptions/cf65b9a6-fe0f-4011-881c-aba5a5fb8603/resourceGroups/testRg-2398/providers/Microsoft.DeviceUpdate/accounts/Account-6585",
        "status": "Accepted",
        "startTime": "2022-06-07T22:28:33.4804514Z"
      }
    },
    {
      "RequestUri": "https://management.azure.com/providers/Microsoft.DeviceUpdate/locations/WESTUS2/operationStatuses/b1ad253a-65e5-45ef-a1a6-af4dd43c6a94*A0BCFE3664D5D8709983F26EFF4C2BE9FCFE5E74895D719D05433351092F675A?api-version=2022-04-01-preview",
      "RequestMethod": "GET",
      "RequestHeaders": {
        "Authorization": "Sanitized",
        "traceparent": "00-c45b003ada1ba04eac2f4f26cb8e8068-1c3a80f83d0d8145-00",
        "User-Agent": "azsdk-net-ResourceManager/1.0.0 (.NET Framework 4.8.4510.0; Microsoft Windows 10.0.22000 )",
        "x-ms-client-request-id": "ffd780c33000c8510bce3ed7dfc200e4",
        "x-ms-return-client-request-id": "true"
      },
      "RequestBody": null,
      "StatusCode": 200,
      "ResponseHeaders": {
        "Cache-Control": "no-cache",
        "Content-Length": "503",
        "Content-Type": "application/json; charset=utf-8",
        "Date": "Tue, 07 Jun 2022 22:29:38 GMT",
        "ETag": "\u0022d90486b3-0000-0800-0000-629fd1110000\u0022",
        "Expires": "-1",
        "Pragma": "no-cache",
        "Strict-Transport-Security": "max-age=31536000; includeSubDomains",
        "X-Content-Type-Options": "nosniff",
        "x-ms-correlation-request-id": "8999ca56-8524-4669-8868-e9b0d784d85d",
        "x-ms-ratelimit-remaining-tenant-reads": "11991",
        "x-ms-request-id": "9f35340b-63b5-4b05-9877-e21806513e12",
        "x-ms-routing-request-id": "WESTUS:20220607T222939Z:8999ca56-8524-4669-8868-e9b0d784d85d"
      },
      "ResponseBody": {
        "id": "/providers/Microsoft.DeviceUpdate/locations/WESTUS2/operationStatuses/b1ad253a-65e5-45ef-a1a6-af4dd43c6a94*A0BCFE3664D5D8709983F26EFF4C2BE9FCFE5E74895D719D05433351092F675A",
        "name": "b1ad253a-65e5-45ef-a1a6-af4dd43c6a94*A0BCFE3664D5D8709983F26EFF4C2BE9FCFE5E74895D719D05433351092F675A",
        "resourceId": "/subscriptions/cf65b9a6-fe0f-4011-881c-aba5a5fb8603/resourceGroups/testRg-2398/providers/Microsoft.DeviceUpdate/accounts/Account-6585",
        "status": "Accepted",
        "startTime": "2022-06-07T22:28:33.4804514Z"
      }
    },
    {
      "RequestUri": "https://management.azure.com/providers/Microsoft.DeviceUpdate/locations/WESTUS2/operationStatuses/b1ad253a-65e5-45ef-a1a6-af4dd43c6a94*A0BCFE3664D5D8709983F26EFF4C2BE9FCFE5E74895D719D05433351092F675A?api-version=2022-04-01-preview",
      "RequestMethod": "GET",
      "RequestHeaders": {
        "Authorization": "Sanitized",
        "traceparent": "00-c45b003ada1ba04eac2f4f26cb8e8068-2cad2c789b52b440-00",
        "User-Agent": "azsdk-net-ResourceManager/1.0.0 (.NET Framework 4.8.4510.0; Microsoft Windows 10.0.22000 )",
        "x-ms-client-request-id": "ccbce701b98a6b50f09e142659a4d6e0",
        "x-ms-return-client-request-id": "true"
      },
      "RequestBody": null,
      "StatusCode": 200,
      "ResponseHeaders": {
        "Cache-Control": "no-cache",
        "Content-Length": "522",
        "Content-Type": "application/json; charset=utf-8",
        "Date": "Tue, 07 Jun 2022 22:30:10 GMT",
        "ETag": "\u0022d904b3b4-0000-0800-0000-629fd1530000\u0022",
        "Expires": "-1",
        "Pragma": "no-cache",
        "Strict-Transport-Security": "max-age=31536000; includeSubDomains",
        "X-Content-Type-Options": "nosniff",
        "x-ms-correlation-request-id": "07bd4d01-ca5e-4513-bd6f-5f496326c2d2",
        "x-ms-ratelimit-remaining-tenant-reads": "11990",
        "x-ms-request-id": "228461be-e2da-4e4c-9952-ec837e9dd79f",
        "x-ms-routing-request-id": "WESTUS:20220607T223011Z:07bd4d01-ca5e-4513-bd6f-5f496326c2d2"
      },
      "ResponseBody": {
        "id": "/providers/Microsoft.DeviceUpdate/locations/WESTUS2/operationStatuses/b1ad253a-65e5-45ef-a1a6-af4dd43c6a94*A0BCFE3664D5D8709983F26EFF4C2BE9FCFE5E74895D719D05433351092F675A",
        "name": "b1ad253a-65e5-45ef-a1a6-af4dd43c6a94*A0BCFE3664D5D8709983F26EFF4C2BE9FCFE5E74895D719D05433351092F675A",
        "resourceId": "/subscriptions/cf65b9a6-fe0f-4011-881c-aba5a5fb8603/resourceGroups/testRg-2398/providers/Microsoft.DeviceUpdate/accounts/Account-6585",
        "status": "Succeeded",
        "startTime": "2022-06-07T22:28:33.4804514Z",
        "properties": null
      }
    },
    {
      "RequestUri": "https://management.azure.com/subscriptions/cf65b9a6-fe0f-4011-881c-aba5a5fb8603/resourceGroups/testRg-2398/providers/Microsoft.DeviceUpdate/accounts/Account-6585?api-version=2022-04-01-preview",
      "RequestMethod": "GET",
      "RequestHeaders": {
        "Authorization": "Sanitized",
        "traceparent": "00-c45b003ada1ba04eac2f4f26cb8e8068-ffc952d870ed0645-00",
        "User-Agent": "azsdk-net-ResourceManager/1.0.0 (.NET Framework 4.8.4510.0; Microsoft Windows 10.0.22000 )",
        "x-ms-client-request-id": "92d26143be5899468c3e0f928ef735c9",
        "x-ms-return-client-request-id": "true"
      },
      "RequestBody": null,
      "StatusCode": 200,
      "ResponseHeaders": {
        "Cache-Control": "no-cache",
        "Content-Length": "751",
        "Content-Type": "application/json; charset=utf-8",
        "Date": "Tue, 07 Jun 2022 22:30:10 GMT",
        "ETag": "\u0022f603ec0e-0000-0800-0000-629fd1390000\u0022",
        "Expires": "-1",
        "Pragma": "no-cache",
        "Strict-Transport-Security": "max-age=31536000; includeSubDomains",
        "X-Content-Type-Options": "nosniff",
        "x-ms-correlation-request-id": "269d193e-9c73-460f-a3bb-9fc4faba7863",
        "x-ms-providerhub-traffic": "True",
        "x-ms-ratelimit-remaining-subscription-reads": "11998",
        "x-ms-request-id": "18cadcf7-184c-4c82-83ca-ad3845480bfa",
        "x-ms-routing-request-id": "WESTUS:20220607T223011Z:269d193e-9c73-460f-a3bb-9fc4faba7863"
      },
      "ResponseBody": {
        "id": "/subscriptions/cf65b9a6-fe0f-4011-881c-aba5a5fb8603/resourceGroups/testRg-2398/providers/Microsoft.DeviceUpdate/accounts/Account-6585",
        "name": "Account-6585",
        "type": "microsoft.deviceupdate/accounts",
        "location": "westus2",
        "tags": {},
        "systemData": {
          "createdBy": "1e5942b3-36f1-43eb-88d9-98c12d95000b",
          "createdByType": "Application",
          "createdAt": "2022-06-07T22:28:32.6246926Z",
          "lastModifiedBy": "1e5942b3-36f1-43eb-88d9-98c12d95000b",
          "lastModifiedByType": "Application",
          "lastModifiedAt": "2022-06-07T22:28:32.6246926Z"
        },
        "properties": {
          "provisioningState": "Succeeded",
          "hostName": "account-6585.api.adu.microsoft.com",
          "locations": [
            {
              "name": "westus2",
              "role": "Primary"
            },
            {
              "name": "WestCentralUS",
              "role": "Failover"
            }
          ],
          "sku": "Standard",
          "publicNetworkAccess": "Enabled"
        }
      }
    },
    {
      "RequestUri": "https://management.azure.com/subscriptions/cf65b9a6-fe0f-4011-881c-aba5a5fb8603/resourceGroups/testRg-2398/providers/Microsoft.DeviceUpdate/accounts/Account-6585/instances/Instance-2680?api-version=2022-04-01-preview",
      "RequestMethod": "PUT",
      "RequestHeaders": {
        "Accept": "application/json",
        "Authorization": "Sanitized",
        "Content-Length": "221",
        "Content-Type": "application/json",
        "traceparent": "00-2a1ef6798b87b145a7b891afff386672-777d35a55774ff45-00",
        "User-Agent": "azsdk-net-ResourceManager.DeviceUpdate/1.0.0-alpha.20220606.1 (.NET Framework 4.8.4510.0; Microsoft Windows 10.0.22000 )",
        "x-ms-client-request-id": "ad294cf5b84f300a6c0f621b2a6e66f7",
        "x-ms-return-client-request-id": "true"
      },
      "RequestBody": {
        "tags": {},
        "location": "westus2",
        "properties": {
          "iotHubs": [
            {
              "resourceId": "/subscriptions/cf65b9a6-fe0f-4011-881c-aba5a5fb8603/resourcegroups/edgarse/providers/Microsoft.Devices/IotHubs/orange-aducpsdktestaccount-iothub"
            }
          ]
        }
      },
      "StatusCode": 201,
      "ResponseHeaders": {
        "api-supported-versions": "2020-03-01-preview, 2022-04-01-preview",
        "Azure-AsyncOperation": "https://management.azure.com/providers/Microsoft.DeviceUpdate/locations/WESTUS2/operationStatuses/112c9304-a124-4390-b0c0-8f3a3acead4a*BE44156ECE3EA7AE59A26E39CD419D5BE73EE100D12CBDDE0D2A960CF239F96F?api-version=2022-04-01-preview",
        "Cache-Control": "no-cache",
        "Content-Length": "769",
        "Content-Type": "application/json; charset=utf-8",
        "Date": "Tue, 07 Jun 2022 22:30:14 GMT",
        "ETag": "\u002292044df9-0000-0800-0000-629fd1760000\u0022",
        "Expires": "-1",
        "Pragma": "no-cache",
        "Strict-Transport-Security": "max-age=31536000; includeSubDomains",
        "X-Content-Type-Options": "nosniff",
        "x-ms-correlation-request-id": "e86d00d6-fea8-484d-841f-1d12ede07e08",
        "x-ms-providerhub-traffic": "True",
        "x-ms-ratelimit-remaining-subscription-writes": "1197",
        "x-ms-request-id": "112c9304-a124-4390-b0c0-8f3a3acead4a",
        "x-ms-routing-request-id": "WESTUS:20220607T223014Z:e86d00d6-fea8-484d-841f-1d12ede07e08"
      },
      "ResponseBody": {
        "id": "/subscriptions/cf65b9a6-fe0f-4011-881c-aba5a5fb8603/resourceGroups/testRg-2398/providers/Microsoft.DeviceUpdate/accounts/Account-6585/instances/Instance-2680",
        "name": "Instance-2680",
        "type": "microsoft.deviceupdate/accounts/instances",
        "location": "westus2",
        "tags": {},
        "systemData": {
          "createdBy": "1e5942b3-36f1-43eb-88d9-98c12d95000b",
          "createdByType": "Application",
          "createdAt": "2022-06-07T22:30:11.8491366Z",
          "lastModifiedBy": "1e5942b3-36f1-43eb-88d9-98c12d95000b",
          "lastModifiedByType": "Application",
          "lastModifiedAt": "2022-06-07T22:30:11.8491366Z"
        },
        "properties": {
          "iotHubs": [
            {
              "resourceId": "/subscriptions/cf65b9a6-fe0f-4011-881c-aba5a5fb8603/resourcegroups/edgarse/providers/Microsoft.Devices/IotHubs/orange-aducpsdktestaccount-iothub"
            }
          ],
          "provisioningState": "Accepted"
        }
      }
    },
    {
      "RequestUri": "https://management.azure.com/providers/Microsoft.DeviceUpdate/locations/WESTUS2/operationStatuses/112c9304-a124-4390-b0c0-8f3a3acead4a*BE44156ECE3EA7AE59A26E39CD419D5BE73EE100D12CBDDE0D2A960CF239F96F?api-version=2022-04-01-preview",
      "RequestMethod": "GET",
      "RequestHeaders": {
        "Authorization": "Sanitized",
        "traceparent": "00-2a1ef6798b87b145a7b891afff386672-ae8ef0a5b732fb46-00",
        "User-Agent": "azsdk-net-ResourceManager/1.0.0 (.NET Framework 4.8.4510.0; Microsoft Windows 10.0.22000 )",
        "x-ms-client-request-id": "5864a14b32aca8f3c761ecafe47d61cf",
        "x-ms-return-client-request-id": "true"
      },
      "RequestBody": null,
      "StatusCode": 200,
      "ResponseHeaders": {
        "Cache-Control": "no-cache",
        "Content-Length": "527",
        "Content-Type": "application/json; charset=utf-8",
        "Date": "Tue, 07 Jun 2022 22:30:14 GMT",
        "ETag": "\u0022d9043cb5-0000-0800-0000-629fd1760000\u0022",
        "Expires": "-1",
        "Pragma": "no-cache",
        "Strict-Transport-Security": "max-age=31536000; includeSubDomains",
        "X-Content-Type-Options": "nosniff",
        "x-ms-correlation-request-id": "6f9a6bb3-7032-4528-a6f1-997f41ebdabe",
        "x-ms-ratelimit-remaining-tenant-reads": "11989",
        "x-ms-request-id": "bf0c9c64-04e5-4468-bb22-97261ce849fd",
        "x-ms-routing-request-id": "WESTUS:20220607T223015Z:6f9a6bb3-7032-4528-a6f1-997f41ebdabe"
      },
      "ResponseBody": {
        "id": "/providers/Microsoft.DeviceUpdate/locations/WESTUS2/operationStatuses/112c9304-a124-4390-b0c0-8f3a3acead4a*BE44156ECE3EA7AE59A26E39CD419D5BE73EE100D12CBDDE0D2A960CF239F96F",
        "name": "112c9304-a124-4390-b0c0-8f3a3acead4a*BE44156ECE3EA7AE59A26E39CD419D5BE73EE100D12CBDDE0D2A960CF239F96F",
        "resourceId": "/subscriptions/cf65b9a6-fe0f-4011-881c-aba5a5fb8603/resourceGroups/testRg-2398/providers/Microsoft.DeviceUpdate/accounts/Account-6585/instances/Instance-2680",
        "status": "Accepted",
        "startTime": "2022-06-07T22:30:14.8250622Z"
      }
    },
    {
      "RequestUri": "https://management.azure.com/providers/Microsoft.DeviceUpdate/locations/WESTUS2/operationStatuses/112c9304-a124-4390-b0c0-8f3a3acead4a*BE44156ECE3EA7AE59A26E39CD419D5BE73EE100D12CBDDE0D2A960CF239F96F?api-version=2022-04-01-preview",
      "RequestMethod": "GET",
      "RequestHeaders": {
        "Authorization": "Sanitized",
        "traceparent": "00-2a1ef6798b87b145a7b891afff386672-3df5b0d4130e9e43-00",
        "User-Agent": "azsdk-net-ResourceManager/1.0.0 (.NET Framework 4.8.4510.0; Microsoft Windows 10.0.22000 )",
        "x-ms-client-request-id": "62309ba9d9b76916088889106d61728e",
        "x-ms-return-client-request-id": "true"
      },
      "RequestBody": null,
      "StatusCode": 200,
      "ResponseHeaders": {
        "Cache-Control": "no-cache",
        "Content-Length": "527",
        "Content-Type": "application/json; charset=utf-8",
        "Date": "Tue, 07 Jun 2022 22:30:15 GMT",
        "ETag": "\u0022d9043cb5-0000-0800-0000-629fd1760000\u0022",
        "Expires": "-1",
        "Pragma": "no-cache",
        "Strict-Transport-Security": "max-age=31536000; includeSubDomains",
        "X-Content-Type-Options": "nosniff",
        "x-ms-correlation-request-id": "ed836b49-2475-4bf1-99db-3b8c149fdcfa",
        "x-ms-ratelimit-remaining-tenant-reads": "11988",
        "x-ms-request-id": "e30e9705-0502-4e29-a6f3-68fe66006622",
        "x-ms-routing-request-id": "WESTUS:20220607T223016Z:ed836b49-2475-4bf1-99db-3b8c149fdcfa"
      },
      "ResponseBody": {
        "id": "/providers/Microsoft.DeviceUpdate/locations/WESTUS2/operationStatuses/112c9304-a124-4390-b0c0-8f3a3acead4a*BE44156ECE3EA7AE59A26E39CD419D5BE73EE100D12CBDDE0D2A960CF239F96F",
        "name": "112c9304-a124-4390-b0c0-8f3a3acead4a*BE44156ECE3EA7AE59A26E39CD419D5BE73EE100D12CBDDE0D2A960CF239F96F",
        "resourceId": "/subscriptions/cf65b9a6-fe0f-4011-881c-aba5a5fb8603/resourceGroups/testRg-2398/providers/Microsoft.DeviceUpdate/accounts/Account-6585/instances/Instance-2680",
        "status": "Accepted",
        "startTime": "2022-06-07T22:30:14.8250622Z"
      }
    },
    {
      "RequestUri": "https://management.azure.com/providers/Microsoft.DeviceUpdate/locations/WESTUS2/operationStatuses/112c9304-a124-4390-b0c0-8f3a3acead4a*BE44156ECE3EA7AE59A26E39CD419D5BE73EE100D12CBDDE0D2A960CF239F96F?api-version=2022-04-01-preview",
      "RequestMethod": "GET",
      "RequestHeaders": {
        "Authorization": "Sanitized",
        "traceparent": "00-2a1ef6798b87b145a7b891afff386672-62ef6b61494fbd44-00",
        "User-Agent": "azsdk-net-ResourceManager/1.0.0 (.NET Framework 4.8.4510.0; Microsoft Windows 10.0.22000 )",
        "x-ms-client-request-id": "89d0f9150e0a2b4aa0d5280c9f93bda6",
        "x-ms-return-client-request-id": "true"
      },
      "RequestBody": null,
      "StatusCode": 200,
      "ResponseHeaders": {
        "Cache-Control": "no-cache",
        "Content-Length": "527",
        "Content-Type": "application/json; charset=utf-8",
        "Date": "Tue, 07 Jun 2022 22:30:16 GMT",
        "ETag": "\u0022d9043cb5-0000-0800-0000-629fd1760000\u0022",
        "Expires": "-1",
        "Pragma": "no-cache",
        "Strict-Transport-Security": "max-age=31536000; includeSubDomains",
        "X-Content-Type-Options": "nosniff",
        "x-ms-correlation-request-id": "4d4dee6c-b50a-46a9-88ac-ef0740ce025a",
        "x-ms-ratelimit-remaining-tenant-reads": "11987",
        "x-ms-request-id": "a0dbb656-7563-4d73-a3fc-fbda142924b8",
        "x-ms-routing-request-id": "WESTUS:20220607T223017Z:4d4dee6c-b50a-46a9-88ac-ef0740ce025a"
      },
      "ResponseBody": {
        "id": "/providers/Microsoft.DeviceUpdate/locations/WESTUS2/operationStatuses/112c9304-a124-4390-b0c0-8f3a3acead4a*BE44156ECE3EA7AE59A26E39CD419D5BE73EE100D12CBDDE0D2A960CF239F96F",
        "name": "112c9304-a124-4390-b0c0-8f3a3acead4a*BE44156ECE3EA7AE59A26E39CD419D5BE73EE100D12CBDDE0D2A960CF239F96F",
        "resourceId": "/subscriptions/cf65b9a6-fe0f-4011-881c-aba5a5fb8603/resourceGroups/testRg-2398/providers/Microsoft.DeviceUpdate/accounts/Account-6585/instances/Instance-2680",
        "status": "Accepted",
        "startTime": "2022-06-07T22:30:14.8250622Z"
      }
    },
    {
      "RequestUri": "https://management.azure.com/providers/Microsoft.DeviceUpdate/locations/WESTUS2/operationStatuses/112c9304-a124-4390-b0c0-8f3a3acead4a*BE44156ECE3EA7AE59A26E39CD419D5BE73EE100D12CBDDE0D2A960CF239F96F?api-version=2022-04-01-preview",
      "RequestMethod": "GET",
      "RequestHeaders": {
        "Authorization": "Sanitized",
        "traceparent": "00-2a1ef6798b87b145a7b891afff386672-8228f337934f004e-00",
        "User-Agent": "azsdk-net-ResourceManager/1.0.0 (.NET Framework 4.8.4510.0; Microsoft Windows 10.0.22000 )",
        "x-ms-client-request-id": "22007bdd96ad71b18afa4f24a8e33b66",
        "x-ms-return-client-request-id": "true"
      },
      "RequestBody": null,
      "StatusCode": 200,
      "ResponseHeaders": {
        "Cache-Control": "no-cache",
        "Content-Length": "527",
        "Content-Type": "application/json; charset=utf-8",
        "Date": "Tue, 07 Jun 2022 22:30:17 GMT",
        "ETag": "\u0022d9043cb5-0000-0800-0000-629fd1760000\u0022",
        "Expires": "-1",
        "Pragma": "no-cache",
        "Strict-Transport-Security": "max-age=31536000; includeSubDomains",
        "X-Content-Type-Options": "nosniff",
        "x-ms-correlation-request-id": "8b7dd084-be9c-493a-b6e9-20f74879e3b3",
        "x-ms-ratelimit-remaining-tenant-reads": "11986",
        "x-ms-request-id": "6bf9ce01-89bb-4572-87b0-a0e19d895c8f",
        "x-ms-routing-request-id": "WESTUS:20220607T223018Z:8b7dd084-be9c-493a-b6e9-20f74879e3b3"
      },
      "ResponseBody": {
        "id": "/providers/Microsoft.DeviceUpdate/locations/WESTUS2/operationStatuses/112c9304-a124-4390-b0c0-8f3a3acead4a*BE44156ECE3EA7AE59A26E39CD419D5BE73EE100D12CBDDE0D2A960CF239F96F",
        "name": "112c9304-a124-4390-b0c0-8f3a3acead4a*BE44156ECE3EA7AE59A26E39CD419D5BE73EE100D12CBDDE0D2A960CF239F96F",
        "resourceId": "/subscriptions/cf65b9a6-fe0f-4011-881c-aba5a5fb8603/resourceGroups/testRg-2398/providers/Microsoft.DeviceUpdate/accounts/Account-6585/instances/Instance-2680",
        "status": "Accepted",
        "startTime": "2022-06-07T22:30:14.8250622Z"
      }
    },
    {
      "RequestUri": "https://management.azure.com/providers/Microsoft.DeviceUpdate/locations/WESTUS2/operationStatuses/112c9304-a124-4390-b0c0-8f3a3acead4a*BE44156ECE3EA7AE59A26E39CD419D5BE73EE100D12CBDDE0D2A960CF239F96F?api-version=2022-04-01-preview",
      "RequestMethod": "GET",
      "RequestHeaders": {
        "Authorization": "Sanitized",
        "traceparent": "00-2a1ef6798b87b145a7b891afff386672-0af4e1489721ef46-00",
        "User-Agent": "azsdk-net-ResourceManager/1.0.0 (.NET Framework 4.8.4510.0; Microsoft Windows 10.0.22000 )",
        "x-ms-client-request-id": "ea995eefd8ad9bc55005c1e2b10aca75",
        "x-ms-return-client-request-id": "true"
      },
      "RequestBody": null,
      "StatusCode": 200,
      "ResponseHeaders": {
        "Cache-Control": "no-cache",
        "Content-Length": "527",
        "Content-Type": "application/json; charset=utf-8",
        "Date": "Tue, 07 Jun 2022 22:30:19 GMT",
        "ETag": "\u0022d9043cb5-0000-0800-0000-629fd1760000\u0022",
        "Expires": "-1",
        "Pragma": "no-cache",
        "Strict-Transport-Security": "max-age=31536000; includeSubDomains",
        "X-Content-Type-Options": "nosniff",
        "x-ms-correlation-request-id": "5be89d52-20cb-4f55-85ac-2043cf2376a3",
        "x-ms-ratelimit-remaining-tenant-reads": "11985",
        "x-ms-request-id": "19174bea-5811-4458-b4a5-cb9229cf167c",
        "x-ms-routing-request-id": "WESTUS:20220607T223020Z:5be89d52-20cb-4f55-85ac-2043cf2376a3"
      },
      "ResponseBody": {
        "id": "/providers/Microsoft.DeviceUpdate/locations/WESTUS2/operationStatuses/112c9304-a124-4390-b0c0-8f3a3acead4a*BE44156ECE3EA7AE59A26E39CD419D5BE73EE100D12CBDDE0D2A960CF239F96F",
        "name": "112c9304-a124-4390-b0c0-8f3a3acead4a*BE44156ECE3EA7AE59A26E39CD419D5BE73EE100D12CBDDE0D2A960CF239F96F",
        "resourceId": "/subscriptions/cf65b9a6-fe0f-4011-881c-aba5a5fb8603/resourceGroups/testRg-2398/providers/Microsoft.DeviceUpdate/accounts/Account-6585/instances/Instance-2680",
        "status": "Accepted",
        "startTime": "2022-06-07T22:30:14.8250622Z"
      }
    },
    {
      "RequestUri": "https://management.azure.com/providers/Microsoft.DeviceUpdate/locations/WESTUS2/operationStatuses/112c9304-a124-4390-b0c0-8f3a3acead4a*BE44156ECE3EA7AE59A26E39CD419D5BE73EE100D12CBDDE0D2A960CF239F96F?api-version=2022-04-01-preview",
      "RequestMethod": "GET",
      "RequestHeaders": {
        "Authorization": "Sanitized",
        "traceparent": "00-2a1ef6798b87b145a7b891afff386672-c09220dd9cccc747-00",
        "User-Agent": "azsdk-net-ResourceManager/1.0.0 (.NET Framework 4.8.4510.0; Microsoft Windows 10.0.22000 )",
        "x-ms-client-request-id": "f132e3cb4f617ee1485eff0fbe2682bd",
        "x-ms-return-client-request-id": "true"
      },
      "RequestBody": null,
      "StatusCode": 200,
      "ResponseHeaders": {
        "Cache-Control": "no-cache",
        "Content-Length": "527",
        "Content-Type": "application/json; charset=utf-8",
        "Date": "Tue, 07 Jun 2022 22:30:23 GMT",
        "ETag": "\u0022d9043cb5-0000-0800-0000-629fd1760000\u0022",
        "Expires": "-1",
        "Pragma": "no-cache",
        "Strict-Transport-Security": "max-age=31536000; includeSubDomains",
        "X-Content-Type-Options": "nosniff",
        "x-ms-correlation-request-id": "6209745c-a012-492b-ace4-f4e7e1fd1571",
        "x-ms-ratelimit-remaining-tenant-reads": "11984",
        "x-ms-request-id": "e5982b8e-9808-4e8e-ba55-add5636fccbc",
        "x-ms-routing-request-id": "WESTUS:20220607T223024Z:6209745c-a012-492b-ace4-f4e7e1fd1571"
      },
      "ResponseBody": {
        "id": "/providers/Microsoft.DeviceUpdate/locations/WESTUS2/operationStatuses/112c9304-a124-4390-b0c0-8f3a3acead4a*BE44156ECE3EA7AE59A26E39CD419D5BE73EE100D12CBDDE0D2A960CF239F96F",
        "name": "112c9304-a124-4390-b0c0-8f3a3acead4a*BE44156ECE3EA7AE59A26E39CD419D5BE73EE100D12CBDDE0D2A960CF239F96F",
        "resourceId": "/subscriptions/cf65b9a6-fe0f-4011-881c-aba5a5fb8603/resourceGroups/testRg-2398/providers/Microsoft.DeviceUpdate/accounts/Account-6585/instances/Instance-2680",
        "status": "Accepted",
        "startTime": "2022-06-07T22:30:14.8250622Z"
      }
    },
    {
      "RequestUri": "https://management.azure.com/providers/Microsoft.DeviceUpdate/locations/WESTUS2/operationStatuses/112c9304-a124-4390-b0c0-8f3a3acead4a*BE44156ECE3EA7AE59A26E39CD419D5BE73EE100D12CBDDE0D2A960CF239F96F?api-version=2022-04-01-preview",
      "RequestMethod": "GET",
      "RequestHeaders": {
        "Authorization": "Sanitized",
        "traceparent": "00-2a1ef6798b87b145a7b891afff386672-db003381563d1b44-00",
        "User-Agent": "azsdk-net-ResourceManager/1.0.0 (.NET Framework 4.8.4510.0; Microsoft Windows 10.0.22000 )",
        "x-ms-client-request-id": "411cc299d2fa05f8b665d2a8d4cebf7f",
        "x-ms-return-client-request-id": "true"
      },
      "RequestBody": null,
      "StatusCode": 200,
      "ResponseHeaders": {
        "Cache-Control": "no-cache",
        "Content-Length": "527",
        "Content-Type": "application/json; charset=utf-8",
        "Date": "Tue, 07 Jun 2022 22:30:31 GMT",
        "ETag": "\u0022d9043cb5-0000-0800-0000-629fd1760000\u0022",
        "Expires": "-1",
        "Pragma": "no-cache",
        "Strict-Transport-Security": "max-age=31536000; includeSubDomains",
        "X-Content-Type-Options": "nosniff",
        "x-ms-correlation-request-id": "6f1f505b-e92f-413a-8ab6-0c5a7bea770a",
        "x-ms-ratelimit-remaining-tenant-reads": "11983",
        "x-ms-request-id": "f902b76e-4d56-40c6-8e40-af0ca84bbea5",
        "x-ms-routing-request-id": "WESTUS:20220607T223032Z:6f1f505b-e92f-413a-8ab6-0c5a7bea770a"
      },
      "ResponseBody": {
        "id": "/providers/Microsoft.DeviceUpdate/locations/WESTUS2/operationStatuses/112c9304-a124-4390-b0c0-8f3a3acead4a*BE44156ECE3EA7AE59A26E39CD419D5BE73EE100D12CBDDE0D2A960CF239F96F",
        "name": "112c9304-a124-4390-b0c0-8f3a3acead4a*BE44156ECE3EA7AE59A26E39CD419D5BE73EE100D12CBDDE0D2A960CF239F96F",
        "resourceId": "/subscriptions/cf65b9a6-fe0f-4011-881c-aba5a5fb8603/resourceGroups/testRg-2398/providers/Microsoft.DeviceUpdate/accounts/Account-6585/instances/Instance-2680",
        "status": "Accepted",
        "startTime": "2022-06-07T22:30:14.8250622Z"
      }
    },
    {
      "RequestUri": "https://management.azure.com/providers/Microsoft.DeviceUpdate/locations/WESTUS2/operationStatuses/112c9304-a124-4390-b0c0-8f3a3acead4a*BE44156ECE3EA7AE59A26E39CD419D5BE73EE100D12CBDDE0D2A960CF239F96F?api-version=2022-04-01-preview",
      "RequestMethod": "GET",
      "RequestHeaders": {
        "Authorization": "Sanitized",
        "traceparent": "00-2a1ef6798b87b145a7b891afff386672-695d94d591a6cf42-00",
        "User-Agent": "azsdk-net-ResourceManager/1.0.0 (.NET Framework 4.8.4510.0; Microsoft Windows 10.0.22000 )",
        "x-ms-client-request-id": "c559da304ab09f047c1aa24ed9b5dc2a",
        "x-ms-return-client-request-id": "true"
      },
      "RequestBody": null,
      "StatusCode": 200,
      "ResponseHeaders": {
        "Cache-Control": "no-cache",
        "Content-Length": "527",
        "Content-Type": "application/json; charset=utf-8",
        "Date": "Tue, 07 Jun 2022 22:30:47 GMT",
        "ETag": "\u0022d9043cb5-0000-0800-0000-629fd1760000\u0022",
        "Expires": "-1",
        "Pragma": "no-cache",
        "Strict-Transport-Security": "max-age=31536000; includeSubDomains",
        "X-Content-Type-Options": "nosniff",
        "x-ms-correlation-request-id": "c1f0ce47-1b76-4084-984b-d4541e2ec489",
        "x-ms-ratelimit-remaining-tenant-reads": "11982",
        "x-ms-request-id": "22223e20-4f43-445e-958c-a45a6766a9ff",
        "x-ms-routing-request-id": "WESTUS:20220607T223048Z:c1f0ce47-1b76-4084-984b-d4541e2ec489"
      },
      "ResponseBody": {
        "id": "/providers/Microsoft.DeviceUpdate/locations/WESTUS2/operationStatuses/112c9304-a124-4390-b0c0-8f3a3acead4a*BE44156ECE3EA7AE59A26E39CD419D5BE73EE100D12CBDDE0D2A960CF239F96F",
        "name": "112c9304-a124-4390-b0c0-8f3a3acead4a*BE44156ECE3EA7AE59A26E39CD419D5BE73EE100D12CBDDE0D2A960CF239F96F",
        "resourceId": "/subscriptions/cf65b9a6-fe0f-4011-881c-aba5a5fb8603/resourceGroups/testRg-2398/providers/Microsoft.DeviceUpdate/accounts/Account-6585/instances/Instance-2680",
        "status": "Accepted",
        "startTime": "2022-06-07T22:30:14.8250622Z"
      }
    },
    {
      "RequestUri": "https://management.azure.com/providers/Microsoft.DeviceUpdate/locations/WESTUS2/operationStatuses/112c9304-a124-4390-b0c0-8f3a3acead4a*BE44156ECE3EA7AE59A26E39CD419D5BE73EE100D12CBDDE0D2A960CF239F96F?api-version=2022-04-01-preview",
      "RequestMethod": "GET",
      "RequestHeaders": {
        "Authorization": "Sanitized",
        "traceparent": "00-2a1ef6798b87b145a7b891afff386672-c464c9c87673f843-00",
        "User-Agent": "azsdk-net-ResourceManager/1.0.0 (.NET Framework 4.8.4510.0; Microsoft Windows 10.0.22000 )",
        "x-ms-client-request-id": "ef49048288eef87aea2d3bfc7d39a979",
        "x-ms-return-client-request-id": "true"
      },
      "RequestBody": null,
      "StatusCode": 200,
      "ResponseHeaders": {
        "Cache-Control": "no-cache",
        "Content-Length": "527",
        "Content-Type": "application/json; charset=utf-8",
        "Date": "Tue, 07 Jun 2022 22:31:20 GMT",
        "ETag": "\u0022d9043cb5-0000-0800-0000-629fd1760000\u0022",
        "Expires": "-1",
        "Pragma": "no-cache",
        "Strict-Transport-Security": "max-age=31536000; includeSubDomains",
        "X-Content-Type-Options": "nosniff",
        "x-ms-correlation-request-id": "b33d5c9a-ba8b-452b-bf18-27c2b6f10954",
        "x-ms-ratelimit-remaining-tenant-reads": "11981",
        "x-ms-request-id": "7ab18da6-7159-4db3-8c8e-5f5155c47349",
        "x-ms-routing-request-id": "WESTUS:20220607T223120Z:b33d5c9a-ba8b-452b-bf18-27c2b6f10954"
      },
      "ResponseBody": {
        "id": "/providers/Microsoft.DeviceUpdate/locations/WESTUS2/operationStatuses/112c9304-a124-4390-b0c0-8f3a3acead4a*BE44156ECE3EA7AE59A26E39CD419D5BE73EE100D12CBDDE0D2A960CF239F96F",
        "name": "112c9304-a124-4390-b0c0-8f3a3acead4a*BE44156ECE3EA7AE59A26E39CD419D5BE73EE100D12CBDDE0D2A960CF239F96F",
        "resourceId": "/subscriptions/cf65b9a6-fe0f-4011-881c-aba5a5fb8603/resourceGroups/testRg-2398/providers/Microsoft.DeviceUpdate/accounts/Account-6585/instances/Instance-2680",
        "status": "Accepted",
        "startTime": "2022-06-07T22:30:14.8250622Z"
      }
    },
    {
      "RequestUri": "https://management.azure.com/providers/Microsoft.DeviceUpdate/locations/WESTUS2/operationStatuses/112c9304-a124-4390-b0c0-8f3a3acead4a*BE44156ECE3EA7AE59A26E39CD419D5BE73EE100D12CBDDE0D2A960CF239F96F?api-version=2022-04-01-preview",
      "RequestMethod": "GET",
      "RequestHeaders": {
        "Authorization": "Sanitized",
        "traceparent": "00-2a1ef6798b87b145a7b891afff386672-42f203310ce8cf45-00",
        "User-Agent": "azsdk-net-ResourceManager/1.0.0 (.NET Framework 4.8.4510.0; Microsoft Windows 10.0.22000 )",
        "x-ms-client-request-id": "e4de7f9ebccc4f0cbd7cc4df2faa2c00",
        "x-ms-return-client-request-id": "true"
      },
      "RequestBody": null,
      "StatusCode": 200,
      "ResponseHeaders": {
        "Cache-Control": "no-cache",
        "Content-Length": "527",
        "Content-Type": "application/json; charset=utf-8",
        "Date": "Tue, 07 Jun 2022 22:31:52 GMT",
        "ETag": "\u0022d9043cb5-0000-0800-0000-629fd1760000\u0022",
        "Expires": "-1",
        "Pragma": "no-cache",
        "Strict-Transport-Security": "max-age=31536000; includeSubDomains",
        "X-Content-Type-Options": "nosniff",
        "x-ms-correlation-request-id": "61ff8fcb-e73c-44ec-a489-0411b17960d7",
        "x-ms-ratelimit-remaining-tenant-reads": "11980",
        "x-ms-request-id": "44e9c3a2-f812-44b1-acbb-6e79f40230ff",
        "x-ms-routing-request-id": "WESTUS:20220607T223152Z:61ff8fcb-e73c-44ec-a489-0411b17960d7"
      },
      "ResponseBody": {
        "id": "/providers/Microsoft.DeviceUpdate/locations/WESTUS2/operationStatuses/112c9304-a124-4390-b0c0-8f3a3acead4a*BE44156ECE3EA7AE59A26E39CD419D5BE73EE100D12CBDDE0D2A960CF239F96F",
        "name": "112c9304-a124-4390-b0c0-8f3a3acead4a*BE44156ECE3EA7AE59A26E39CD419D5BE73EE100D12CBDDE0D2A960CF239F96F",
        "resourceId": "/subscriptions/cf65b9a6-fe0f-4011-881c-aba5a5fb8603/resourceGroups/testRg-2398/providers/Microsoft.DeviceUpdate/accounts/Account-6585/instances/Instance-2680",
        "status": "Accepted",
        "startTime": "2022-06-07T22:30:14.8250622Z"
      }
    },
    {
      "RequestUri": "https://management.azure.com/providers/Microsoft.DeviceUpdate/locations/WESTUS2/operationStatuses/112c9304-a124-4390-b0c0-8f3a3acead4a*BE44156ECE3EA7AE59A26E39CD419D5BE73EE100D12CBDDE0D2A960CF239F96F?api-version=2022-04-01-preview",
      "RequestMethod": "GET",
      "RequestHeaders": {
        "Authorization": "Sanitized",
        "traceparent": "00-2a1ef6798b87b145a7b891afff386672-d202abd82c22974f-00",
        "User-Agent": "azsdk-net-ResourceManager/1.0.0 (.NET Framework 4.8.4510.0; Microsoft Windows 10.0.22000 )",
        "x-ms-client-request-id": "d025a888d085a8915f60da830e082243",
        "x-ms-return-client-request-id": "true"
      },
      "RequestBody": null,
      "StatusCode": 200,
      "ResponseHeaders": {
        "Cache-Control": "no-cache",
        "Content-Length": "527",
        "Content-Type": "application/json; charset=utf-8",
        "Date": "Tue, 07 Jun 2022 22:32:24 GMT",
        "ETag": "\u0022d9043cb5-0000-0800-0000-629fd1760000\u0022",
        "Expires": "-1",
        "Pragma": "no-cache",
        "Strict-Transport-Security": "max-age=31536000; includeSubDomains",
        "X-Content-Type-Options": "nosniff",
        "x-ms-correlation-request-id": "a441e10c-bdda-4902-a1df-2ac6822c49a1",
        "x-ms-ratelimit-remaining-tenant-reads": "11979",
        "x-ms-request-id": "cbd65931-b6dc-4e81-a968-c1e19a66a2ec",
        "x-ms-routing-request-id": "WESTUS:20220607T223224Z:a441e10c-bdda-4902-a1df-2ac6822c49a1"
      },
      "ResponseBody": {
        "id": "/providers/Microsoft.DeviceUpdate/locations/WESTUS2/operationStatuses/112c9304-a124-4390-b0c0-8f3a3acead4a*BE44156ECE3EA7AE59A26E39CD419D5BE73EE100D12CBDDE0D2A960CF239F96F",
        "name": "112c9304-a124-4390-b0c0-8f3a3acead4a*BE44156ECE3EA7AE59A26E39CD419D5BE73EE100D12CBDDE0D2A960CF239F96F",
        "resourceId": "/subscriptions/cf65b9a6-fe0f-4011-881c-aba5a5fb8603/resourceGroups/testRg-2398/providers/Microsoft.DeviceUpdate/accounts/Account-6585/instances/Instance-2680",
        "status": "Accepted",
        "startTime": "2022-06-07T22:30:14.8250622Z"
      }
    },
    {
      "RequestUri": "https://management.azure.com/providers/Microsoft.DeviceUpdate/locations/WESTUS2/operationStatuses/112c9304-a124-4390-b0c0-8f3a3acead4a*BE44156ECE3EA7AE59A26E39CD419D5BE73EE100D12CBDDE0D2A960CF239F96F?api-version=2022-04-01-preview",
      "RequestMethod": "GET",
      "RequestHeaders": {
        "Authorization": "Sanitized",
        "traceparent": "00-2a1ef6798b87b145a7b891afff386672-df9de3094ce6e145-00",
        "User-Agent": "azsdk-net-ResourceManager/1.0.0 (.NET Framework 4.8.4510.0; Microsoft Windows 10.0.22000 )",
        "x-ms-client-request-id": "59af2870f8d7c65df8f93271c49bc940",
        "x-ms-return-client-request-id": "true"
      },
      "RequestBody": null,
      "StatusCode": 200,
      "ResponseHeaders": {
        "Cache-Control": "no-cache",
        "Content-Length": "527",
        "Content-Type": "application/json; charset=utf-8",
        "Date": "Tue, 07 Jun 2022 22:32:56 GMT",
        "ETag": "\u0022d9043cb5-0000-0800-0000-629fd1760000\u0022",
        "Expires": "-1",
        "Pragma": "no-cache",
        "Strict-Transport-Security": "max-age=31536000; includeSubDomains",
        "X-Content-Type-Options": "nosniff",
        "x-ms-correlation-request-id": "13e1a8e7-d276-4905-ba10-4898d6fa3f94",
        "x-ms-ratelimit-remaining-tenant-reads": "11978",
        "x-ms-request-id": "bd6eccb9-adf7-43d7-9148-34dd0495719a",
        "x-ms-routing-request-id": "WESTUS:20220607T223256Z:13e1a8e7-d276-4905-ba10-4898d6fa3f94"
      },
      "ResponseBody": {
        "id": "/providers/Microsoft.DeviceUpdate/locations/WESTUS2/operationStatuses/112c9304-a124-4390-b0c0-8f3a3acead4a*BE44156ECE3EA7AE59A26E39CD419D5BE73EE100D12CBDDE0D2A960CF239F96F",
        "name": "112c9304-a124-4390-b0c0-8f3a3acead4a*BE44156ECE3EA7AE59A26E39CD419D5BE73EE100D12CBDDE0D2A960CF239F96F",
        "resourceId": "/subscriptions/cf65b9a6-fe0f-4011-881c-aba5a5fb8603/resourceGroups/testRg-2398/providers/Microsoft.DeviceUpdate/accounts/Account-6585/instances/Instance-2680",
        "status": "Accepted",
        "startTime": "2022-06-07T22:30:14.8250622Z"
      }
    },
    {
      "RequestUri": "https://management.azure.com/providers/Microsoft.DeviceUpdate/locations/WESTUS2/operationStatuses/112c9304-a124-4390-b0c0-8f3a3acead4a*BE44156ECE3EA7AE59A26E39CD419D5BE73EE100D12CBDDE0D2A960CF239F96F?api-version=2022-04-01-preview",
      "RequestMethod": "GET",
      "RequestHeaders": {
        "Authorization": "Sanitized",
        "traceparent": "00-2a1ef6798b87b145a7b891afff386672-fbedb19c827aae4d-00",
        "User-Agent": "azsdk-net-ResourceManager/1.0.0 (.NET Framework 4.8.4510.0; Microsoft Windows 10.0.22000 )",
        "x-ms-client-request-id": "d4733a01d913cef4ed36846ce28940b5",
        "x-ms-return-client-request-id": "true"
      },
      "RequestBody": null,
      "StatusCode": 200,
      "ResponseHeaders": {
        "Cache-Control": "no-cache",
        "Content-Length": "527",
        "Content-Type": "application/json; charset=utf-8",
        "Date": "Tue, 07 Jun 2022 22:33:28 GMT",
        "ETag": "\u0022d9043cb5-0000-0800-0000-629fd1760000\u0022",
        "Expires": "-1",
        "Pragma": "no-cache",
        "Strict-Transport-Security": "max-age=31536000; includeSubDomains",
        "X-Content-Type-Options": "nosniff",
        "x-ms-correlation-request-id": "0110b9b2-7daa-44b8-be6a-c769a9f3fab5",
        "x-ms-ratelimit-remaining-tenant-reads": "11977",
        "x-ms-request-id": "2937956c-1603-477d-90dd-3bcbe9275478",
        "x-ms-routing-request-id": "WESTUS:20220607T223328Z:0110b9b2-7daa-44b8-be6a-c769a9f3fab5"
      },
      "ResponseBody": {
        "id": "/providers/Microsoft.DeviceUpdate/locations/WESTUS2/operationStatuses/112c9304-a124-4390-b0c0-8f3a3acead4a*BE44156ECE3EA7AE59A26E39CD419D5BE73EE100D12CBDDE0D2A960CF239F96F",
        "name": "112c9304-a124-4390-b0c0-8f3a3acead4a*BE44156ECE3EA7AE59A26E39CD419D5BE73EE100D12CBDDE0D2A960CF239F96F",
        "resourceId": "/subscriptions/cf65b9a6-fe0f-4011-881c-aba5a5fb8603/resourceGroups/testRg-2398/providers/Microsoft.DeviceUpdate/accounts/Account-6585/instances/Instance-2680",
        "status": "Accepted",
        "startTime": "2022-06-07T22:30:14.8250622Z"
      }
    },
    {
      "RequestUri": "https://management.azure.com/providers/Microsoft.DeviceUpdate/locations/WESTUS2/operationStatuses/112c9304-a124-4390-b0c0-8f3a3acead4a*BE44156ECE3EA7AE59A26E39CD419D5BE73EE100D12CBDDE0D2A960CF239F96F?api-version=2022-04-01-preview",
      "RequestMethod": "GET",
      "RequestHeaders": {
        "Authorization": "Sanitized",
        "Connection": "close",
        "traceparent": "00-2a1ef6798b87b145a7b891afff386672-7cda8fcafb640b40-00",
        "User-Agent": "azsdk-net-ResourceManager/1.0.0 (.NET Framework 4.8.4510.0; Microsoft Windows 10.0.22000 )",
        "x-ms-client-request-id": "066e8059d2fa90294b5fd88b9e20e4c4",
        "x-ms-return-client-request-id": "true"
      },
      "RequestBody": null,
      "StatusCode": 200,
      "ResponseHeaders": {
        "Cache-Control": "no-cache",
        "Connection": "close",
        "Content-Length": "527",
        "Content-Type": "application/json; charset=utf-8",
        "Date": "Tue, 07 Jun 2022 22:34:00 GMT",
        "ETag": "\u0022d9043cb5-0000-0800-0000-629fd1760000\u0022",
        "Expires": "-1",
        "Pragma": "no-cache",
        "Strict-Transport-Security": "max-age=31536000; includeSubDomains",
        "X-Content-Type-Options": "nosniff",
        "x-ms-correlation-request-id": "021fe444-bc73-47f6-a5ca-f5d5b11bc699",
        "x-ms-ratelimit-remaining-tenant-reads": "11976",
        "x-ms-request-id": "11a18ffb-7e46-4476-a3b7-b193017f2e07",
        "x-ms-routing-request-id": "WESTUS:20220607T223400Z:021fe444-bc73-47f6-a5ca-f5d5b11bc699"
      },
      "ResponseBody": {
        "id": "/providers/Microsoft.DeviceUpdate/locations/WESTUS2/operationStatuses/112c9304-a124-4390-b0c0-8f3a3acead4a*BE44156ECE3EA7AE59A26E39CD419D5BE73EE100D12CBDDE0D2A960CF239F96F",
        "name": "112c9304-a124-4390-b0c0-8f3a3acead4a*BE44156ECE3EA7AE59A26E39CD419D5BE73EE100D12CBDDE0D2A960CF239F96F",
        "resourceId": "/subscriptions/cf65b9a6-fe0f-4011-881c-aba5a5fb8603/resourceGroups/testRg-2398/providers/Microsoft.DeviceUpdate/accounts/Account-6585/instances/Instance-2680",
        "status": "Accepted",
        "startTime": "2022-06-07T22:30:14.8250622Z"
      }
    },
    {
      "RequestUri": "https://management.azure.com/providers/Microsoft.DeviceUpdate/locations/WESTUS2/operationStatuses/112c9304-a124-4390-b0c0-8f3a3acead4a*BE44156ECE3EA7AE59A26E39CD419D5BE73EE100D12CBDDE0D2A960CF239F96F?api-version=2022-04-01-preview",
      "RequestMethod": "GET",
      "RequestHeaders": {
        "Authorization": "Sanitized",
        "traceparent": "00-2a1ef6798b87b145a7b891afff386672-7b344346a89c8343-00",
        "User-Agent": "azsdk-net-ResourceManager/1.0.0 (.NET Framework 4.8.4510.0; Microsoft Windows 10.0.22000 )",
        "x-ms-client-request-id": "d38199974d94972f34e16ca073f0e36e",
        "x-ms-return-client-request-id": "true"
      },
      "RequestBody": null,
      "StatusCode": 200,
      "ResponseHeaders": {
        "Cache-Control": "no-cache",
        "Content-Length": "527",
        "Content-Type": "application/json; charset=utf-8",
        "Date": "Tue, 07 Jun 2022 22:34:33 GMT",
        "ETag": "\u0022d9043cb5-0000-0800-0000-629fd1760000\u0022",
        "Expires": "-1",
        "Pragma": "no-cache",
        "Strict-Transport-Security": "max-age=31536000; includeSubDomains",
        "X-Content-Type-Options": "nosniff",
        "x-ms-correlation-request-id": "8c69a470-0865-4dd2-9e65-e988c6bfb3ee",
        "x-ms-ratelimit-remaining-tenant-reads": "11999",
        "x-ms-request-id": "3dfd236e-b623-45e9-b1ea-0ef59be6bf51",
        "x-ms-routing-request-id": "WESTUS:20220607T223433Z:8c69a470-0865-4dd2-9e65-e988c6bfb3ee"
      },
      "ResponseBody": {
        "id": "/providers/Microsoft.DeviceUpdate/locations/WESTUS2/operationStatuses/112c9304-a124-4390-b0c0-8f3a3acead4a*BE44156ECE3EA7AE59A26E39CD419D5BE73EE100D12CBDDE0D2A960CF239F96F",
        "name": "112c9304-a124-4390-b0c0-8f3a3acead4a*BE44156ECE3EA7AE59A26E39CD419D5BE73EE100D12CBDDE0D2A960CF239F96F",
        "resourceId": "/subscriptions/cf65b9a6-fe0f-4011-881c-aba5a5fb8603/resourceGroups/testRg-2398/providers/Microsoft.DeviceUpdate/accounts/Account-6585/instances/Instance-2680",
        "status": "Accepted",
        "startTime": "2022-06-07T22:30:14.8250622Z"
      }
    },
    {
      "RequestUri": "https://management.azure.com/providers/Microsoft.DeviceUpdate/locations/WESTUS2/operationStatuses/112c9304-a124-4390-b0c0-8f3a3acead4a*BE44156ECE3EA7AE59A26E39CD419D5BE73EE100D12CBDDE0D2A960CF239F96F?api-version=2022-04-01-preview",
      "RequestMethod": "GET",
      "RequestHeaders": {
        "Authorization": "Sanitized",
        "traceparent": "00-2a1ef6798b87b145a7b891afff386672-7075cfde73cfbe4b-00",
        "User-Agent": "azsdk-net-ResourceManager/1.0.0 (.NET Framework 4.8.4510.0; Microsoft Windows 10.0.22000 )",
        "x-ms-client-request-id": "43177cb9c22c2f4511e389b4016830cd",
        "x-ms-return-client-request-id": "true"
      },
      "RequestBody": null,
      "StatusCode": 200,
      "ResponseHeaders": {
        "Cache-Control": "no-cache",
        "Content-Length": "527",
        "Content-Type": "application/json; charset=utf-8",
        "Date": "Tue, 07 Jun 2022 22:35:04 GMT",
        "ETag": "\u0022d9043cb5-0000-0800-0000-629fd1760000\u0022",
        "Expires": "-1",
        "Pragma": "no-cache",
        "Strict-Transport-Security": "max-age=31536000; includeSubDomains",
        "X-Content-Type-Options": "nosniff",
        "x-ms-correlation-request-id": "d66e55c6-444b-4c87-bb23-7800ca94a63c",
        "x-ms-ratelimit-remaining-tenant-reads": "11998",
        "x-ms-request-id": "049ad2de-cce3-445d-8c4b-ff4bb1d7a13e",
        "x-ms-routing-request-id": "WESTUS:20220607T223505Z:d66e55c6-444b-4c87-bb23-7800ca94a63c"
      },
      "ResponseBody": {
        "id": "/providers/Microsoft.DeviceUpdate/locations/WESTUS2/operationStatuses/112c9304-a124-4390-b0c0-8f3a3acead4a*BE44156ECE3EA7AE59A26E39CD419D5BE73EE100D12CBDDE0D2A960CF239F96F",
        "name": "112c9304-a124-4390-b0c0-8f3a3acead4a*BE44156ECE3EA7AE59A26E39CD419D5BE73EE100D12CBDDE0D2A960CF239F96F",
        "resourceId": "/subscriptions/cf65b9a6-fe0f-4011-881c-aba5a5fb8603/resourceGroups/testRg-2398/providers/Microsoft.DeviceUpdate/accounts/Account-6585/instances/Instance-2680",
        "status": "Accepted",
        "startTime": "2022-06-07T22:30:14.8250622Z"
      }
    },
    {
      "RequestUri": "https://management.azure.com/providers/Microsoft.DeviceUpdate/locations/WESTUS2/operationStatuses/112c9304-a124-4390-b0c0-8f3a3acead4a*BE44156ECE3EA7AE59A26E39CD419D5BE73EE100D12CBDDE0D2A960CF239F96F?api-version=2022-04-01-preview",
      "RequestMethod": "GET",
      "RequestHeaders": {
        "Authorization": "Sanitized",
        "traceparent": "00-2a1ef6798b87b145a7b891afff386672-03b2c9fbbad7fd47-00",
        "User-Agent": "azsdk-net-ResourceManager/1.0.0 (.NET Framework 4.8.4510.0; Microsoft Windows 10.0.22000 )",
        "x-ms-client-request-id": "48d4c0526c070c2151d7d21966881c5a",
        "x-ms-return-client-request-id": "true"
      },
      "RequestBody": null,
      "StatusCode": 200,
      "ResponseHeaders": {
        "Cache-Control": "no-cache",
        "Content-Length": "527",
        "Content-Type": "application/json; charset=utf-8",
        "Date": "Tue, 07 Jun 2022 22:35:36 GMT",
        "ETag": "\u0022d9043cb5-0000-0800-0000-629fd1760000\u0022",
        "Expires": "-1",
        "Pragma": "no-cache",
        "Strict-Transport-Security": "max-age=31536000; includeSubDomains",
        "X-Content-Type-Options": "nosniff",
        "x-ms-correlation-request-id": "fd05d735-b011-44a3-8d23-4d8ebe2a5f28",
        "x-ms-ratelimit-remaining-tenant-reads": "11997",
        "x-ms-request-id": "64af55d3-537d-42af-abe7-572f06439ecc",
        "x-ms-routing-request-id": "WESTUS:20220607T223537Z:fd05d735-b011-44a3-8d23-4d8ebe2a5f28"
      },
      "ResponseBody": {
        "id": "/providers/Microsoft.DeviceUpdate/locations/WESTUS2/operationStatuses/112c9304-a124-4390-b0c0-8f3a3acead4a*BE44156ECE3EA7AE59A26E39CD419D5BE73EE100D12CBDDE0D2A960CF239F96F",
        "name": "112c9304-a124-4390-b0c0-8f3a3acead4a*BE44156ECE3EA7AE59A26E39CD419D5BE73EE100D12CBDDE0D2A960CF239F96F",
        "resourceId": "/subscriptions/cf65b9a6-fe0f-4011-881c-aba5a5fb8603/resourceGroups/testRg-2398/providers/Microsoft.DeviceUpdate/accounts/Account-6585/instances/Instance-2680",
        "status": "Accepted",
        "startTime": "2022-06-07T22:30:14.8250622Z"
      }
    },
    {
      "RequestUri": "https://management.azure.com/providers/Microsoft.DeviceUpdate/locations/WESTUS2/operationStatuses/112c9304-a124-4390-b0c0-8f3a3acead4a*BE44156ECE3EA7AE59A26E39CD419D5BE73EE100D12CBDDE0D2A960CF239F96F?api-version=2022-04-01-preview",
      "RequestMethod": "GET",
      "RequestHeaders": {
        "Authorization": "Sanitized",
        "traceparent": "00-2a1ef6798b87b145a7b891afff386672-617d21dbf3b4de41-00",
        "User-Agent": "azsdk-net-ResourceManager/1.0.0 (.NET Framework 4.8.4510.0; Microsoft Windows 10.0.22000 )",
        "x-ms-client-request-id": "21d2697ba009d5975452c2b0c37b96cb",
        "x-ms-return-client-request-id": "true"
      },
      "RequestBody": null,
      "StatusCode": 200,
      "ResponseHeaders": {
        "Cache-Control": "no-cache",
        "Content-Length": "527",
        "Content-Type": "application/json; charset=utf-8",
        "Date": "Tue, 07 Jun 2022 22:36:09 GMT",
        "ETag": "\u0022d9043cb5-0000-0800-0000-629fd1760000\u0022",
        "Expires": "-1",
        "Pragma": "no-cache",
        "Strict-Transport-Security": "max-age=31536000; includeSubDomains",
        "X-Content-Type-Options": "nosniff",
        "x-ms-correlation-request-id": "982de7ff-6674-4ab1-8e30-2e704b6c2a55",
        "x-ms-ratelimit-remaining-tenant-reads": "11996",
        "x-ms-request-id": "535ad939-6ed7-4ac3-8fd2-80faf8bf96b0",
        "x-ms-routing-request-id": "WESTUS:20220607T223609Z:982de7ff-6674-4ab1-8e30-2e704b6c2a55"
      },
      "ResponseBody": {
        "id": "/providers/Microsoft.DeviceUpdate/locations/WESTUS2/operationStatuses/112c9304-a124-4390-b0c0-8f3a3acead4a*BE44156ECE3EA7AE59A26E39CD419D5BE73EE100D12CBDDE0D2A960CF239F96F",
        "name": "112c9304-a124-4390-b0c0-8f3a3acead4a*BE44156ECE3EA7AE59A26E39CD419D5BE73EE100D12CBDDE0D2A960CF239F96F",
        "resourceId": "/subscriptions/cf65b9a6-fe0f-4011-881c-aba5a5fb8603/resourceGroups/testRg-2398/providers/Microsoft.DeviceUpdate/accounts/Account-6585/instances/Instance-2680",
        "status": "Accepted",
        "startTime": "2022-06-07T22:30:14.8250622Z"
      }
    },
    {
      "RequestUri": "https://management.azure.com/providers/Microsoft.DeviceUpdate/locations/WESTUS2/operationStatuses/112c9304-a124-4390-b0c0-8f3a3acead4a*BE44156ECE3EA7AE59A26E39CD419D5BE73EE100D12CBDDE0D2A960CF239F96F?api-version=2022-04-01-preview",
      "RequestMethod": "GET",
      "RequestHeaders": {
        "Authorization": "Sanitized",
        "traceparent": "00-2a1ef6798b87b145a7b891afff386672-de28f284f9b8e040-00",
        "User-Agent": "azsdk-net-ResourceManager/1.0.0 (.NET Framework 4.8.4510.0; Microsoft Windows 10.0.22000 )",
        "x-ms-client-request-id": "b34e9eb19a1c4c675b0bf255ef2bc989",
        "x-ms-return-client-request-id": "true"
      },
      "RequestBody": null,
      "StatusCode": 200,
      "ResponseHeaders": {
        "Cache-Control": "no-cache",
        "Content-Length": "527",
        "Content-Type": "application/json; charset=utf-8",
        "Date": "Tue, 07 Jun 2022 22:36:41 GMT",
        "ETag": "\u0022d9043cb5-0000-0800-0000-629fd1760000\u0022",
        "Expires": "-1",
        "Pragma": "no-cache",
        "Strict-Transport-Security": "max-age=31536000; includeSubDomains",
        "X-Content-Type-Options": "nosniff",
        "x-ms-correlation-request-id": "b28bb023-55b2-44a9-9e25-67ebbbdd9298",
        "x-ms-ratelimit-remaining-tenant-reads": "11995",
        "x-ms-request-id": "3de86065-fdf8-4349-a0a7-0f9f9c402eaf",
        "x-ms-routing-request-id": "WESTUS:20220607T223641Z:b28bb023-55b2-44a9-9e25-67ebbbdd9298"
      },
      "ResponseBody": {
        "id": "/providers/Microsoft.DeviceUpdate/locations/WESTUS2/operationStatuses/112c9304-a124-4390-b0c0-8f3a3acead4a*BE44156ECE3EA7AE59A26E39CD419D5BE73EE100D12CBDDE0D2A960CF239F96F",
        "name": "112c9304-a124-4390-b0c0-8f3a3acead4a*BE44156ECE3EA7AE59A26E39CD419D5BE73EE100D12CBDDE0D2A960CF239F96F",
        "resourceId": "/subscriptions/cf65b9a6-fe0f-4011-881c-aba5a5fb8603/resourceGroups/testRg-2398/providers/Microsoft.DeviceUpdate/accounts/Account-6585/instances/Instance-2680",
        "status": "Accepted",
        "startTime": "2022-06-07T22:30:14.8250622Z"
      }
    },
    {
      "RequestUri": "https://management.azure.com/providers/Microsoft.DeviceUpdate/locations/WESTUS2/operationStatuses/112c9304-a124-4390-b0c0-8f3a3acead4a*BE44156ECE3EA7AE59A26E39CD419D5BE73EE100D12CBDDE0D2A960CF239F96F?api-version=2022-04-01-preview",
      "RequestMethod": "GET",
      "RequestHeaders": {
        "Authorization": "Sanitized",
        "traceparent": "00-2a1ef6798b87b145a7b891afff386672-80a5b197f5180542-00",
        "User-Agent": "azsdk-net-ResourceManager/1.0.0 (.NET Framework 4.8.4510.0; Microsoft Windows 10.0.22000 )",
        "x-ms-client-request-id": "97382fc60e95b1c428fff4b5aa7048d6",
        "x-ms-return-client-request-id": "true"
      },
      "RequestBody": null,
      "StatusCode": 200,
      "ResponseHeaders": {
        "Cache-Control": "no-cache",
        "Content-Length": "527",
        "Content-Type": "application/json; charset=utf-8",
        "Date": "Tue, 07 Jun 2022 22:37:12 GMT",
        "ETag": "\u0022d9043cb5-0000-0800-0000-629fd1760000\u0022",
        "Expires": "-1",
        "Pragma": "no-cache",
        "Strict-Transport-Security": "max-age=31536000; includeSubDomains",
        "X-Content-Type-Options": "nosniff",
        "x-ms-correlation-request-id": "a74558eb-5b46-49c0-8cc3-dd4fcc1d8be4",
        "x-ms-ratelimit-remaining-tenant-reads": "11994",
        "x-ms-request-id": "458ce4ea-a451-4b31-bd24-039b0e70e19e",
        "x-ms-routing-request-id": "WESTUS:20220607T223713Z:a74558eb-5b46-49c0-8cc3-dd4fcc1d8be4"
      },
      "ResponseBody": {
        "id": "/providers/Microsoft.DeviceUpdate/locations/WESTUS2/operationStatuses/112c9304-a124-4390-b0c0-8f3a3acead4a*BE44156ECE3EA7AE59A26E39CD419D5BE73EE100D12CBDDE0D2A960CF239F96F",
        "name": "112c9304-a124-4390-b0c0-8f3a3acead4a*BE44156ECE3EA7AE59A26E39CD419D5BE73EE100D12CBDDE0D2A960CF239F96F",
        "resourceId": "/subscriptions/cf65b9a6-fe0f-4011-881c-aba5a5fb8603/resourceGroups/testRg-2398/providers/Microsoft.DeviceUpdate/accounts/Account-6585/instances/Instance-2680",
        "status": "Accepted",
        "startTime": "2022-06-07T22:30:14.8250622Z"
      }
    },
    {
      "RequestUri": "https://management.azure.com/providers/Microsoft.DeviceUpdate/locations/WESTUS2/operationStatuses/112c9304-a124-4390-b0c0-8f3a3acead4a*BE44156ECE3EA7AE59A26E39CD419D5BE73EE100D12CBDDE0D2A960CF239F96F?api-version=2022-04-01-preview",
      "RequestMethod": "GET",
      "RequestHeaders": {
        "Authorization": "Sanitized",
        "traceparent": "00-2a1ef6798b87b145a7b891afff386672-7fe905de9a9afd48-00",
        "User-Agent": "azsdk-net-ResourceManager/1.0.0 (.NET Framework 4.8.4510.0; Microsoft Windows 10.0.22000 )",
        "x-ms-client-request-id": "c7680640693ae13e0286c5fdae41e528",
        "x-ms-return-client-request-id": "true"
      },
      "RequestBody": null,
      "StatusCode": 200,
      "ResponseHeaders": {
        "Cache-Control": "no-cache",
        "Content-Length": "546",
        "Content-Type": "application/json; charset=utf-8",
        "Date": "Tue, 07 Jun 2022 22:37:45 GMT",
        "ETag": "\u0022d904dcbd-0000-0800-0000-629fd3230000\u0022",
        "Expires": "-1",
        "Pragma": "no-cache",
        "Strict-Transport-Security": "max-age=31536000; includeSubDomains",
        "X-Content-Type-Options": "nosniff",
        "x-ms-correlation-request-id": "90c34c9d-b63d-49a2-8381-bcbfdfa19513",
        "x-ms-ratelimit-remaining-tenant-reads": "11993",
        "x-ms-request-id": "4e1e42d8-0d60-4b19-9b7a-045275bd7f34",
        "x-ms-routing-request-id": "WESTUS:20220607T223745Z:90c34c9d-b63d-49a2-8381-bcbfdfa19513"
      },
      "ResponseBody": {
        "id": "/providers/Microsoft.DeviceUpdate/locations/WESTUS2/operationStatuses/112c9304-a124-4390-b0c0-8f3a3acead4a*BE44156ECE3EA7AE59A26E39CD419D5BE73EE100D12CBDDE0D2A960CF239F96F",
        "name": "112c9304-a124-4390-b0c0-8f3a3acead4a*BE44156ECE3EA7AE59A26E39CD419D5BE73EE100D12CBDDE0D2A960CF239F96F",
        "resourceId": "/subscriptions/cf65b9a6-fe0f-4011-881c-aba5a5fb8603/resourceGroups/testRg-2398/providers/Microsoft.DeviceUpdate/accounts/Account-6585/instances/Instance-2680",
        "status": "Succeeded",
        "startTime": "2022-06-07T22:30:14.8250622Z",
        "properties": null
      }
    },
    {
      "RequestUri": "https://management.azure.com/subscriptions/cf65b9a6-fe0f-4011-881c-aba5a5fb8603/resourceGroups/testRg-2398/providers/Microsoft.DeviceUpdate/accounts/Account-6585/instances/Instance-2680?api-version=2022-04-01-preview",
      "RequestMethod": "GET",
      "RequestHeaders": {
        "Authorization": "Sanitized",
        "traceparent": "00-2a1ef6798b87b145a7b891afff386672-53c8f851c8413949-00",
        "User-Agent": "azsdk-net-ResourceManager/1.0.0 (.NET Framework 4.8.4510.0; Microsoft Windows 10.0.22000 )",
        "x-ms-client-request-id": "94ea3889fe42a236da9c8a1ca5b2a1eb",
        "x-ms-return-client-request-id": "true"
      },
      "RequestBody": null,
      "StatusCode": 200,
      "ResponseHeaders": {
        "Cache-Control": "no-cache",
        "Content-Length": "799",
        "Content-Type": "application/json; charset=utf-8",
        "Date": "Tue, 07 Jun 2022 22:37:45 GMT",
        "ETag": "\u002293041229-0000-0800-0000-629fd3220000\u0022",
        "Expires": "-1",
        "Pragma": "no-cache",
        "Strict-Transport-Security": "max-age=31536000; includeSubDomains",
        "X-Content-Type-Options": "nosniff",
        "x-ms-correlation-request-id": "9b3bc66b-9d37-4e54-9594-d6a5c9b25ec5",
        "x-ms-providerhub-traffic": "True",
        "x-ms-ratelimit-remaining-subscription-reads": "11999",
        "x-ms-request-id": "eea5a471-1550-4450-a041-d8ea04d5af8d",
        "x-ms-routing-request-id": "WESTUS:20220607T223745Z:9b3bc66b-9d37-4e54-9594-d6a5c9b25ec5"
      },
      "ResponseBody": {
        "id": "/subscriptions/cf65b9a6-fe0f-4011-881c-aba5a5fb8603/resourceGroups/testRg-2398/providers/Microsoft.DeviceUpdate/accounts/Account-6585/instances/Instance-2680",
        "name": "Instance-2680",
        "type": "microsoft.deviceupdate/accounts/instances",
        "location": "westus2",
        "tags": {},
        "systemData": {
          "createdBy": "1e5942b3-36f1-43eb-88d9-98c12d95000b",
          "createdByType": "Application",
          "createdAt": "2022-06-07T22:30:11.8491366Z",
          "lastModifiedBy": "1e5942b3-36f1-43eb-88d9-98c12d95000b",
          "lastModifiedByType": "Application",
          "lastModifiedAt": "2022-06-07T22:30:11.8491366Z"
        },
        "properties": {
          "provisioningState": "Succeeded",
          "accountName": "Account-6585",
          "iotHubs": [
            {
              "resourceId": "/subscriptions/cf65b9a6-fe0f-4011-881c-aba5a5fb8603/resourcegroups/edgarse/providers/Microsoft.Devices/IotHubs/orange-aducpsdktestaccount-iothub"
            }
          ]
        }
      }
    },
    {
      "RequestUri": "https://management.azure.com/subscriptions/cf65b9a6-fe0f-4011-881c-aba5a5fb8603/resourceGroups/testRg-2398/providers/Microsoft.DeviceUpdate/accounts/Account-6585/instances/Instance-2680/providers/Microsoft.Resources/tags/default?api-version=2021-04-01",
      "RequestMethod": "GET",
      "RequestHeaders": {
        "Accept": "application/json",
        "Authorization": "Sanitized",
        "traceparent": "00-3ee2dc263b1f7b4a9d48466fcf3c0eba-6420955a8451cc41-00",
        "User-Agent": "azsdk-net-ResourceManager/1.0.0 (.NET Framework 4.8.4510.0; Microsoft Windows 10.0.22000 )",
        "x-ms-client-request-id": "e8141cc202c35d4ff157950f49c602e7",
        "x-ms-return-client-request-id": "true"
      },
      "RequestBody": null,
      "StatusCode": 200,
      "ResponseHeaders": {
        "Cache-Control": "no-cache",
        "Content-Length": "285",
        "Content-Type": "application/json; charset=utf-8",
        "Date": "Tue, 07 Jun 2022 22:37:45 GMT",
        "Expires": "-1",
        "Pragma": "no-cache",
        "Strict-Transport-Security": "max-age=31536000; includeSubDomains",
        "X-Content-Type-Options": "nosniff",
        "x-ms-correlation-request-id": "9a43f547-42f6-4ef1-8939-aa0d0b6c2446",
        "x-ms-ratelimit-remaining-subscription-reads": "11998",
        "x-ms-request-id": "9a43f547-42f6-4ef1-8939-aa0d0b6c2446",
        "x-ms-routing-request-id": "WESTUS:20220607T223746Z:9a43f547-42f6-4ef1-8939-aa0d0b6c2446"
      },
      "ResponseBody": {
        "id": "/subscriptions/cf65b9a6-fe0f-4011-881c-aba5a5fb8603/resourceGroups/testRg-2398/providers/Microsoft.DeviceUpdate/accounts/Account-6585/instances/Instance-2680/providers/Microsoft.Resources/tags/default",
        "name": "default",
        "type": "Microsoft.Resources/tags",
        "properties": {
          "tags": {}
        }
      }
    },
    {
      "RequestUri": "https://management.azure.com/subscriptions/cf65b9a6-fe0f-4011-881c-aba5a5fb8603/resourceGroups/testRg-2398/providers/Microsoft.DeviceUpdate/accounts/Account-6585/instances/Instance-2680/providers/Microsoft.Resources/tags/default?api-version=2021-04-01",
      "RequestMethod": "PUT",
      "RequestHeaders": {
        "Accept": "application/json",
        "Authorization": "Sanitized",
        "Content-Length": "45",
        "Content-Type": "application/json",
        "traceparent": "00-3ee2dc263b1f7b4a9d48466fcf3c0eba-cdfc5bc8c0cd834d-00",
        "User-Agent": "azsdk-net-ResourceManager/1.0.0 (.NET Framework 4.8.4510.0; Microsoft Windows 10.0.22000 )",
        "x-ms-client-request-id": "712bcc19b3864293d0c6ec9ddf213b50",
        "x-ms-return-client-request-id": "true"
      },
      "RequestBody": {
        "properties": {
          "tags": {
            "newTag": "newValue"
          }
        }
      },
      "StatusCode": 200,
      "ResponseHeaders": {
        "Cache-Control": "no-cache",
        "Content-Length": "304",
        "Content-Type": "application/json; charset=utf-8",
        "Date": "Tue, 07 Jun 2022 22:37:46 GMT",
        "Expires": "-1",
        "Pragma": "no-cache",
        "Strict-Transport-Security": "max-age=31536000; includeSubDomains",
        "X-Content-Type-Options": "nosniff",
        "x-ms-correlation-request-id": "978d15cf-02d1-4797-a174-fcb8cf49c4d6",
        "x-ms-ratelimit-remaining-subscription-writes": "1199",
        "x-ms-request-id": "978d15cf-02d1-4797-a174-fcb8cf49c4d6",
        "x-ms-routing-request-id": "WESTUS:20220607T223746Z:978d15cf-02d1-4797-a174-fcb8cf49c4d6"
      },
      "ResponseBody": {
        "id": "/subscriptions/cf65b9a6-fe0f-4011-881c-aba5a5fb8603/resourceGroups/testRg-2398/providers/Microsoft.DeviceUpdate/accounts/Account-6585/instances/Instance-2680/providers/Microsoft.Resources/tags/default",
        "name": "default",
        "type": "Microsoft.Resources/tags",
        "properties": {
          "tags": {
            "newTag": "newValue"
          }
        }
      }
    },
    {
      "RequestUri": "https://management.azure.com/subscriptions/cf65b9a6-fe0f-4011-881c-aba5a5fb8603/resourceGroups/testRg-2398/providers/Microsoft.DeviceUpdate/accounts/Account-6585/instances/Instance-2680?api-version=2022-04-01-preview",
      "RequestMethod": "GET",
      "RequestHeaders": {
        "Accept": "application/json",
        "Authorization": "Sanitized",
        "traceparent": "00-3ee2dc263b1f7b4a9d48466fcf3c0eba-4df8f67eb5e8af49-00",
        "User-Agent": "azsdk-net-ResourceManager.DeviceUpdate/1.0.0-alpha.20220606.1 (.NET Framework 4.8.4510.0; Microsoft Windows 10.0.22000 )",
        "x-ms-client-request-id": "923bd9e4fd2c8765e98ca3ea69265814",
        "x-ms-return-client-request-id": "true"
      },
      "RequestBody": null,
      "StatusCode": 200,
      "ResponseHeaders": {
        "Cache-Control": "no-cache",
        "Content-Length": "818",
        "Content-Type": "application/json; charset=utf-8",
        "Date": "Tue, 07 Jun 2022 22:37:46 GMT",
        "ETag": "\u00229304472c-0000-0800-0000-629fd33a0000\u0022",
        "Expires": "-1",
        "Pragma": "no-cache",
        "Strict-Transport-Security": "max-age=31536000; includeSubDomains",
        "X-Content-Type-Options": "nosniff",
        "x-ms-correlation-request-id": "7d89e78c-725a-4b13-8857-8e6aecca7771",
        "x-ms-providerhub-traffic": "True",
        "x-ms-ratelimit-remaining-subscription-reads": "11997",
        "x-ms-request-id": "cb004801-7b74-46db-90fb-6bad7d2ca5b5",
        "x-ms-routing-request-id": "WESTUS:20220607T223746Z:7d89e78c-725a-4b13-8857-8e6aecca7771"
      },
      "ResponseBody": {
        "id": "/subscriptions/cf65b9a6-fe0f-4011-881c-aba5a5fb8603/resourceGroups/testRg-2398/providers/Microsoft.DeviceUpdate/accounts/Account-6585/instances/Instance-2680",
        "name": "Instance-2680",
        "type": "microsoft.deviceupdate/accounts/instances",
        "location": "westus2",
        "tags": {
          "newTag": "newValue"
        },
        "systemData": {
          "createdBy": "1e5942b3-36f1-43eb-88d9-98c12d95000b",
          "createdByType": "Application",
          "createdAt": "2022-06-07T22:30:11.8491366Z",
          "lastModifiedBy": "1e5942b3-36f1-43eb-88d9-98c12d95000b",
          "lastModifiedByType": "Application",
          "lastModifiedAt": "2022-06-07T22:37:46.2573175Z"
        },
        "properties": {
          "provisioningState": "Succeeded",
          "accountName": "Account-6585",
          "iotHubs": [
            {
              "resourceId": "/subscriptions/cf65b9a6-fe0f-4011-881c-aba5a5fb8603/resourcegroups/edgarse/providers/Microsoft.Devices/IotHubs/orange-aducpsdktestaccount-iothub"
            }
          ]
        }
      }
    }
  ],
  "Variables": {
    "RandomSeed": "171873654",
    "RESOURCE_MANAGER_URL": null,
    "SUBSCRIPTION_ID": "cf65b9a6-fe0f-4011-881c-aba5a5fb8603"
  }
}
