{
  "Entries": [
    {
      "RequestUri": "https://management.azure.com/subscriptions/cf65b9a6-fe0f-4011-881c-aba5a5fb8603?api-version=2021-01-01",
      "RequestMethod": "GET",
      "RequestHeaders": {
        "Accept": "application/json",
        "Authorization": "Sanitized",
        "Connection": "keep-alive",
        "traceparent": "00-ff2d5dfb73e24640a9eadb15644bff19-5c2b7973a2c50c49-00",
        "User-Agent": "azsdk-net-ResourceManager/1.0.0 (.NET Framework 4.8.4510.0; Microsoft Windows 10.0.22000 )",
        "x-ms-client-request-id": "2ef6254bd5fafecd1c46284b3139aa33",
        "x-ms-return-client-request-id": "true"
      },
      "RequestBody": null,
      "StatusCode": 200,
      "ResponseHeaders": {
        "Cache-Control": "no-cache",
        "Content-Length": "458",
        "Content-Type": "application/json; charset=utf-8",
        "Date": "Wed, 08 Jun 2022 00:05:22 GMT",
        "Expires": "-1",
        "Pragma": "no-cache",
        "Strict-Transport-Security": "max-age=31536000; includeSubDomains",
        "X-Content-Type-Options": "nosniff",
        "x-ms-correlation-request-id": "ce849e6f-3886-47fd-8e34-2e4f035c32c4",
        "x-ms-ratelimit-remaining-subscription-reads": "11999",
        "x-ms-request-id": "ce849e6f-3886-47fd-8e34-2e4f035c32c4",
        "x-ms-routing-request-id": "WESTUS:20220608T000522Z:ce849e6f-3886-47fd-8e34-2e4f035c32c4"
      },
      "ResponseBody": {
        "id": "/subscriptions/cf65b9a6-fe0f-4011-881c-aba5a5fb8603",
        "authorizationSource": "RoleBased",
        "managedByTenants": [],
        "tags": {
          "Env": "NonProd",
          "IsHostedOnBehalfOf": "False"
        },
        "subscriptionId": "cf65b9a6-fe0f-4011-881c-aba5a5fb8603",
        "tenantId": "72f988bf-86f1-41af-91ab-2d7cd011db47",
        "displayName": "AzureDeviceUpdate/PPE-MS",
        "state": "Enabled",
        "subscriptionPolicies": {
          "locationPlacementId": "Internal_2014-09-01",
          "quotaId": "Internal_2014-09-01",
          "spendingLimit": "Off"
        }
      }
    },
    {
      "RequestUri": "https://management.azure.com/subscriptions/cf65b9a6-fe0f-4011-881c-aba5a5fb8603/resourcegroups/testRg-936?api-version=2021-04-01",
      "RequestMethod": "PUT",
      "RequestHeaders": {
        "Accept": "application/json",
        "Authorization": "Sanitized",
        "Content-Length": "20",
        "Content-Type": "application/json",
        "traceparent": "00-b92aea4f1975324d946a98d13b9cd4be-aca2caebd38d6d4c-00",
        "User-Agent": "azsdk-net-ResourceManager/1.0.0 (.NET Framework 4.8.4510.0; Microsoft Windows 10.0.22000 )",
        "x-ms-client-request-id": "0dcf5c5a60257aac1fc645a315f52cf9",
        "x-ms-return-client-request-id": "true"
      },
      "RequestBody": {
        "location": "westus"
      },
      "StatusCode": 201,
      "ResponseHeaders": {
        "Cache-Control": "no-cache",
        "Content-Length": "242",
        "Content-Type": "application/json; charset=utf-8",
        "Date": "Wed, 08 Jun 2022 00:05:22 GMT",
        "Expires": "-1",
        "Pragma": "no-cache",
        "Strict-Transport-Security": "max-age=31536000; includeSubDomains",
        "X-Content-Type-Options": "nosniff",
        "x-ms-correlation-request-id": "121443f7-56a8-48ab-a83a-2c933354267b",
        "x-ms-ratelimit-remaining-subscription-writes": "1199",
        "x-ms-request-id": "121443f7-56a8-48ab-a83a-2c933354267b",
        "x-ms-routing-request-id": "WESTUS:20220608T000523Z:121443f7-56a8-48ab-a83a-2c933354267b"
      },
      "ResponseBody": {
        "id": "/subscriptions/cf65b9a6-fe0f-4011-881c-aba5a5fb8603/resourceGroups/testRg-936",
        "name": "testRg-936",
        "type": "Microsoft.Resources/resourceGroups",
        "location": "westus",
        "tags": {
          "Env": "NonProd"
        },
        "properties": {
          "provisioningState": "Succeeded"
        }
      }
    },
    {
      "RequestUri": "https://management.azure.com/subscriptions/cf65b9a6-fe0f-4011-881c-aba5a5fb8603/resourceGroups/testRg-936/providers/Microsoft.DeviceUpdate/accounts/Account-4777?api-version=2022-04-01-preview",
      "RequestMethod": "PUT",
      "RequestHeaders": {
        "Accept": "application/json",
        "Authorization": "Sanitized",
        "Content-Length": "64",
        "Content-Type": "application/json",
        "traceparent": "00-5f8900739b683848b7f3cedce1f76729-45ec0c0ee442f34a-00",
        "User-Agent": "azsdk-net-ResourceManager.DeviceUpdate/1.0.0-alpha.20220607.1 (.NET Framework 4.8.4510.0; Microsoft Windows 10.0.22000 )",
        "x-ms-client-request-id": "e167139630d7e957c01c7caf3037e7d1",
        "x-ms-return-client-request-id": "true"
      },
      "RequestBody": {
        "tags": {},
        "location": "westus2",
        "properties": {
          "sku": "Standard"
        }
      },
      "StatusCode": 201,
      "ResponseHeaders": {
        "api-supported-versions": "2020-03-01-preview, 2022-04-01-preview",
        "Azure-AsyncOperation": "https://management.azure.com/providers/Microsoft.DeviceUpdate/locations/WESTUS2/operationStatuses/9c5fb7d2-6e92-43eb-82df-201a57815e5a*9017A15058E9D9F4F7C5795351F94E3C2E7ACA8C58336E7AD709883FC8C1E2E9?api-version=2022-04-01-preview",
        "Cache-Control": "no-cache",
        "Content-Length": "576",
        "Content-Type": "application/json; charset=utf-8",
        "Date": "Wed, 08 Jun 2022 00:05:23 GMT",
        "ETag": "\u0022f603981d-0000-0800-0000-629fe7c40000\u0022",
        "Expires": "-1",
        "Pragma": "no-cache",
        "Strict-Transport-Security": "max-age=31536000; includeSubDomains",
        "X-Content-Type-Options": "nosniff",
        "x-ms-correlation-request-id": "9056d943-22a8-4318-b975-274aa5473603",
        "x-ms-providerhub-traffic": "True",
        "x-ms-ratelimit-remaining-subscription-writes": "1198",
        "x-ms-request-id": "9c5fb7d2-6e92-43eb-82df-201a57815e5a",
        "x-ms-routing-request-id": "WESTUS:20220608T000524Z:9056d943-22a8-4318-b975-274aa5473603"
      },
      "ResponseBody": {
        "id": "/subscriptions/cf65b9a6-fe0f-4011-881c-aba5a5fb8603/resourceGroups/testRg-936/providers/Microsoft.DeviceUpdate/accounts/Account-4777",
        "name": "Account-4777",
        "type": "microsoft.deviceupdate/accounts",
        "location": "westus2",
        "tags": {},
        "systemData": {
          "createdBy": "1e5942b3-36f1-43eb-88d9-98c12d95000b",
          "createdByType": "Application",
          "createdAt": "2022-06-08T00:05:23.6628927Z",
          "lastModifiedBy": "1e5942b3-36f1-43eb-88d9-98c12d95000b",
          "lastModifiedByType": "Application",
          "lastModifiedAt": "2022-06-08T00:05:23.6628927Z"
        },
        "properties": {
          "sku": "Standard",
          "provisioningState": "Accepted"
        }
      }
    },
    {
      "RequestUri": "https://management.azure.com/providers/Microsoft.DeviceUpdate/locations/WESTUS2/operationStatuses/9c5fb7d2-6e92-43eb-82df-201a57815e5a*9017A15058E9D9F4F7C5795351F94E3C2E7ACA8C58336E7AD709883FC8C1E2E9?api-version=2022-04-01-preview",
      "RequestMethod": "GET",
      "RequestHeaders": {
        "Authorization": "Sanitized",
        "traceparent": "00-5f8900739b683848b7f3cedce1f76729-43ce9c7a0f904c44-00",
        "User-Agent": "azsdk-net-ResourceManager/1.0.0 (.NET Framework 4.8.4510.0; Microsoft Windows 10.0.22000 )",
        "x-ms-client-request-id": "96a27e5291cc2c82782464442fcbee8f",
        "x-ms-return-client-request-id": "true"
      },
      "RequestBody": null,
      "StatusCode": 200,
      "ResponseHeaders": {
        "Cache-Control": "no-cache",
        "Content-Length": "502",
        "Content-Type": "application/json; charset=utf-8",
        "Date": "Wed, 08 Jun 2022 00:05:23 GMT",
        "ETag": "\u0022da045b23-0000-0800-0000-629fe7c40000\u0022",
        "Expires": "-1",
        "Pragma": "no-cache",
        "Strict-Transport-Security": "max-age=31536000; includeSubDomains",
        "X-Content-Type-Options": "nosniff",
        "x-ms-correlation-request-id": "20041d47-12d0-43ed-a510-a64eb09a80cd",
        "x-ms-ratelimit-remaining-tenant-reads": "11999",
        "x-ms-request-id": "fc27c5b8-f3df-45e6-af5f-4fc70db2d0d4",
        "x-ms-routing-request-id": "WESTUS:20220608T000524Z:20041d47-12d0-43ed-a510-a64eb09a80cd"
      },
      "ResponseBody": {
        "id": "/providers/Microsoft.DeviceUpdate/locations/WESTUS2/operationStatuses/9c5fb7d2-6e92-43eb-82df-201a57815e5a*9017A15058E9D9F4F7C5795351F94E3C2E7ACA8C58336E7AD709883FC8C1E2E9",
        "name": "9c5fb7d2-6e92-43eb-82df-201a57815e5a*9017A15058E9D9F4F7C5795351F94E3C2E7ACA8C58336E7AD709883FC8C1E2E9",
        "resourceId": "/subscriptions/cf65b9a6-fe0f-4011-881c-aba5a5fb8603/resourceGroups/testRg-936/providers/Microsoft.DeviceUpdate/accounts/Account-4777",
        "status": "Accepted",
        "startTime": "2022-06-08T00:05:24.3122264Z"
      }
    },
    {
      "RequestUri": "https://management.azure.com/providers/Microsoft.DeviceUpdate/locations/WESTUS2/operationStatuses/9c5fb7d2-6e92-43eb-82df-201a57815e5a*9017A15058E9D9F4F7C5795351F94E3C2E7ACA8C58336E7AD709883FC8C1E2E9?api-version=2022-04-01-preview",
      "RequestMethod": "GET",
      "RequestHeaders": {
        "Authorization": "Sanitized",
        "traceparent": "00-5f8900739b683848b7f3cedce1f76729-64854530dffee04c-00",
        "User-Agent": "azsdk-net-ResourceManager/1.0.0 (.NET Framework 4.8.4510.0; Microsoft Windows 10.0.22000 )",
        "x-ms-client-request-id": "da4bd15e833471664e1d2efd22ce8db9",
        "x-ms-return-client-request-id": "true"
      },
      "RequestBody": null,
      "StatusCode": 200,
      "ResponseHeaders": {
        "Cache-Control": "no-cache",
        "Content-Length": "502",
        "Content-Type": "application/json; charset=utf-8",
        "Date": "Wed, 08 Jun 2022 00:05:24 GMT",
        "ETag": "\u0022da045b23-0000-0800-0000-629fe7c40000\u0022",
        "Expires": "-1",
        "Pragma": "no-cache",
        "Strict-Transport-Security": "max-age=31536000; includeSubDomains",
        "X-Content-Type-Options": "nosniff",
        "x-ms-correlation-request-id": "fb303f33-a75f-4b8b-b06a-46a1b0ac38b2",
        "x-ms-ratelimit-remaining-tenant-reads": "11998",
        "x-ms-request-id": "2f11670d-69e1-4c38-92a1-9d22f71cb599",
        "x-ms-routing-request-id": "WESTUS:20220608T000525Z:fb303f33-a75f-4b8b-b06a-46a1b0ac38b2"
      },
      "ResponseBody": {
        "id": "/providers/Microsoft.DeviceUpdate/locations/WESTUS2/operationStatuses/9c5fb7d2-6e92-43eb-82df-201a57815e5a*9017A15058E9D9F4F7C5795351F94E3C2E7ACA8C58336E7AD709883FC8C1E2E9",
        "name": "9c5fb7d2-6e92-43eb-82df-201a57815e5a*9017A15058E9D9F4F7C5795351F94E3C2E7ACA8C58336E7AD709883FC8C1E2E9",
        "resourceId": "/subscriptions/cf65b9a6-fe0f-4011-881c-aba5a5fb8603/resourceGroups/testRg-936/providers/Microsoft.DeviceUpdate/accounts/Account-4777",
        "status": "Accepted",
        "startTime": "2022-06-08T00:05:24.3122264Z"
      }
    },
    {
      "RequestUri": "https://management.azure.com/providers/Microsoft.DeviceUpdate/locations/WESTUS2/operationStatuses/9c5fb7d2-6e92-43eb-82df-201a57815e5a*9017A15058E9D9F4F7C5795351F94E3C2E7ACA8C58336E7AD709883FC8C1E2E9?api-version=2022-04-01-preview",
      "RequestMethod": "GET",
      "RequestHeaders": {
        "Authorization": "Sanitized",
        "traceparent": "00-5f8900739b683848b7f3cedce1f76729-9b270e468e2f4948-00",
        "User-Agent": "azsdk-net-ResourceManager/1.0.0 (.NET Framework 4.8.4510.0; Microsoft Windows 10.0.22000 )",
        "x-ms-client-request-id": "b25c80ca5095380497cbfd27c0801ae7",
        "x-ms-return-client-request-id": "true"
      },
      "RequestBody": null,
      "StatusCode": 200,
      "ResponseHeaders": {
        "Cache-Control": "no-cache",
        "Content-Length": "502",
        "Content-Type": "application/json; charset=utf-8",
        "Date": "Wed, 08 Jun 2022 00:05:25 GMT",
        "ETag": "\u0022da045b23-0000-0800-0000-629fe7c40000\u0022",
        "Expires": "-1",
        "Pragma": "no-cache",
        "Strict-Transport-Security": "max-age=31536000; includeSubDomains",
        "X-Content-Type-Options": "nosniff",
        "x-ms-correlation-request-id": "86d72168-8850-4db5-9023-56494ed5837b",
        "x-ms-ratelimit-remaining-tenant-reads": "11997",
        "x-ms-request-id": "2cc86d97-57a2-49eb-bb63-5922222a6817",
        "x-ms-routing-request-id": "WESTUS:20220608T000526Z:86d72168-8850-4db5-9023-56494ed5837b"
      },
      "ResponseBody": {
        "id": "/providers/Microsoft.DeviceUpdate/locations/WESTUS2/operationStatuses/9c5fb7d2-6e92-43eb-82df-201a57815e5a*9017A15058E9D9F4F7C5795351F94E3C2E7ACA8C58336E7AD709883FC8C1E2E9",
        "name": "9c5fb7d2-6e92-43eb-82df-201a57815e5a*9017A15058E9D9F4F7C5795351F94E3C2E7ACA8C58336E7AD709883FC8C1E2E9",
        "resourceId": "/subscriptions/cf65b9a6-fe0f-4011-881c-aba5a5fb8603/resourceGroups/testRg-936/providers/Microsoft.DeviceUpdate/accounts/Account-4777",
        "status": "Accepted",
        "startTime": "2022-06-08T00:05:24.3122264Z"
      }
    },
    {
      "RequestUri": "https://management.azure.com/providers/Microsoft.DeviceUpdate/locations/WESTUS2/operationStatuses/9c5fb7d2-6e92-43eb-82df-201a57815e5a*9017A15058E9D9F4F7C5795351F94E3C2E7ACA8C58336E7AD709883FC8C1E2E9?api-version=2022-04-01-preview",
      "RequestMethod": "GET",
      "RequestHeaders": {
        "Authorization": "Sanitized",
        "traceparent": "00-5f8900739b683848b7f3cedce1f76729-9e1b2d5d210f7647-00",
        "User-Agent": "azsdk-net-ResourceManager/1.0.0 (.NET Framework 4.8.4510.0; Microsoft Windows 10.0.22000 )",
        "x-ms-client-request-id": "892a7fec76bbcfc8173148af62850aa9",
        "x-ms-return-client-request-id": "true"
      },
      "RequestBody": null,
      "StatusCode": 200,
      "ResponseHeaders": {
        "Cache-Control": "no-cache",
        "Content-Length": "502",
        "Content-Type": "application/json; charset=utf-8",
        "Date": "Wed, 08 Jun 2022 00:05:26 GMT",
        "ETag": "\u0022da045b23-0000-0800-0000-629fe7c40000\u0022",
        "Expires": "-1",
        "Pragma": "no-cache",
        "Strict-Transport-Security": "max-age=31536000; includeSubDomains",
        "X-Content-Type-Options": "nosniff",
        "x-ms-correlation-request-id": "68066ba6-1e3e-4424-a76e-a736e7425db9",
        "x-ms-ratelimit-remaining-tenant-reads": "11996",
        "x-ms-request-id": "57de908c-2e97-4491-945f-e8e5ec88518e",
        "x-ms-routing-request-id": "WESTUS:20220608T000527Z:68066ba6-1e3e-4424-a76e-a736e7425db9"
      },
      "ResponseBody": {
        "id": "/providers/Microsoft.DeviceUpdate/locations/WESTUS2/operationStatuses/9c5fb7d2-6e92-43eb-82df-201a57815e5a*9017A15058E9D9F4F7C5795351F94E3C2E7ACA8C58336E7AD709883FC8C1E2E9",
        "name": "9c5fb7d2-6e92-43eb-82df-201a57815e5a*9017A15058E9D9F4F7C5795351F94E3C2E7ACA8C58336E7AD709883FC8C1E2E9",
        "resourceId": "/subscriptions/cf65b9a6-fe0f-4011-881c-aba5a5fb8603/resourceGroups/testRg-936/providers/Microsoft.DeviceUpdate/accounts/Account-4777",
        "status": "Accepted",
        "startTime": "2022-06-08T00:05:24.3122264Z"
      }
    },
    {
      "RequestUri": "https://management.azure.com/providers/Microsoft.DeviceUpdate/locations/WESTUS2/operationStatuses/9c5fb7d2-6e92-43eb-82df-201a57815e5a*9017A15058E9D9F4F7C5795351F94E3C2E7ACA8C58336E7AD709883FC8C1E2E9?api-version=2022-04-01-preview",
      "RequestMethod": "GET",
      "RequestHeaders": {
        "Authorization": "Sanitized",
        "traceparent": "00-5f8900739b683848b7f3cedce1f76729-c4de77470ab4ab48-00",
        "User-Agent": "azsdk-net-ResourceManager/1.0.0 (.NET Framework 4.8.4510.0; Microsoft Windows 10.0.22000 )",
        "x-ms-client-request-id": "af79ab973c6f0df9cd134368853eb0cd",
        "x-ms-return-client-request-id": "true"
      },
      "RequestBody": null,
      "StatusCode": 200,
      "ResponseHeaders": {
        "Cache-Control": "no-cache",
        "Content-Length": "502",
        "Content-Type": "application/json; charset=utf-8",
        "Date": "Wed, 08 Jun 2022 00:05:29 GMT",
        "ETag": "\u0022da045b23-0000-0800-0000-629fe7c40000\u0022",
        "Expires": "-1",
        "Pragma": "no-cache",
        "Strict-Transport-Security": "max-age=31536000; includeSubDomains",
        "X-Content-Type-Options": "nosniff",
        "x-ms-correlation-request-id": "9eb18d8e-79c7-4348-8354-63b53fadec52",
        "x-ms-ratelimit-remaining-tenant-reads": "11995",
        "x-ms-request-id": "bac312f7-1da5-4c51-8211-1d354a02f4df",
        "x-ms-routing-request-id": "WESTUS:20220608T000529Z:9eb18d8e-79c7-4348-8354-63b53fadec52"
      },
      "ResponseBody": {
        "id": "/providers/Microsoft.DeviceUpdate/locations/WESTUS2/operationStatuses/9c5fb7d2-6e92-43eb-82df-201a57815e5a*9017A15058E9D9F4F7C5795351F94E3C2E7ACA8C58336E7AD709883FC8C1E2E9",
        "name": "9c5fb7d2-6e92-43eb-82df-201a57815e5a*9017A15058E9D9F4F7C5795351F94E3C2E7ACA8C58336E7AD709883FC8C1E2E9",
        "resourceId": "/subscriptions/cf65b9a6-fe0f-4011-881c-aba5a5fb8603/resourceGroups/testRg-936/providers/Microsoft.DeviceUpdate/accounts/Account-4777",
        "status": "Accepted",
        "startTime": "2022-06-08T00:05:24.3122264Z"
      }
    },
    {
      "RequestUri": "https://management.azure.com/providers/Microsoft.DeviceUpdate/locations/WESTUS2/operationStatuses/9c5fb7d2-6e92-43eb-82df-201a57815e5a*9017A15058E9D9F4F7C5795351F94E3C2E7ACA8C58336E7AD709883FC8C1E2E9?api-version=2022-04-01-preview",
      "RequestMethod": "GET",
      "RequestHeaders": {
        "Authorization": "Sanitized",
        "traceparent": "00-5f8900739b683848b7f3cedce1f76729-3421849ae2e33c4c-00",
        "User-Agent": "azsdk-net-ResourceManager/1.0.0 (.NET Framework 4.8.4510.0; Microsoft Windows 10.0.22000 )",
        "x-ms-client-request-id": "a211470204a454feb88d9a640754d511",
        "x-ms-return-client-request-id": "true"
      },
      "RequestBody": null,
      "StatusCode": 200,
      "ResponseHeaders": {
        "Cache-Control": "no-cache",
        "Content-Length": "502",
        "Content-Type": "application/json; charset=utf-8",
        "Date": "Wed, 08 Jun 2022 00:05:33 GMT",
        "ETag": "\u0022da045b23-0000-0800-0000-629fe7c40000\u0022",
        "Expires": "-1",
        "Pragma": "no-cache",
        "Strict-Transport-Security": "max-age=31536000; includeSubDomains",
        "X-Content-Type-Options": "nosniff",
        "x-ms-correlation-request-id": "f2e90a88-3831-40d5-816f-9e3c41d32547",
        "x-ms-ratelimit-remaining-tenant-reads": "11994",
        "x-ms-request-id": "744344ff-dc7c-4da3-9f2a-502d01aca741",
        "x-ms-routing-request-id": "WESTUS:20220608T000533Z:f2e90a88-3831-40d5-816f-9e3c41d32547"
      },
      "ResponseBody": {
        "id": "/providers/Microsoft.DeviceUpdate/locations/WESTUS2/operationStatuses/9c5fb7d2-6e92-43eb-82df-201a57815e5a*9017A15058E9D9F4F7C5795351F94E3C2E7ACA8C58336E7AD709883FC8C1E2E9",
        "name": "9c5fb7d2-6e92-43eb-82df-201a57815e5a*9017A15058E9D9F4F7C5795351F94E3C2E7ACA8C58336E7AD709883FC8C1E2E9",
        "resourceId": "/subscriptions/cf65b9a6-fe0f-4011-881c-aba5a5fb8603/resourceGroups/testRg-936/providers/Microsoft.DeviceUpdate/accounts/Account-4777",
        "status": "Accepted",
        "startTime": "2022-06-08T00:05:24.3122264Z"
      }
    },
    {
      "RequestUri": "https://management.azure.com/providers/Microsoft.DeviceUpdate/locations/WESTUS2/operationStatuses/9c5fb7d2-6e92-43eb-82df-201a57815e5a*9017A15058E9D9F4F7C5795351F94E3C2E7ACA8C58336E7AD709883FC8C1E2E9?api-version=2022-04-01-preview",
      "RequestMethod": "GET",
      "RequestHeaders": {
        "Authorization": "Sanitized",
        "traceparent": "00-5f8900739b683848b7f3cedce1f76729-72597b2f1e8fcb4d-00",
        "User-Agent": "azsdk-net-ResourceManager/1.0.0 (.NET Framework 4.8.4510.0; Microsoft Windows 10.0.22000 )",
        "x-ms-client-request-id": "159053c16b07af78851cbca7335f49d8",
        "x-ms-return-client-request-id": "true"
      },
      "RequestBody": null,
      "StatusCode": 200,
      "ResponseHeaders": {
        "Cache-Control": "no-cache",
        "Content-Length": "502",
        "Content-Type": "application/json; charset=utf-8",
        "Date": "Wed, 08 Jun 2022 00:05:41 GMT",
        "ETag": "\u0022da045b23-0000-0800-0000-629fe7c40000\u0022",
        "Expires": "-1",
        "Pragma": "no-cache",
        "Strict-Transport-Security": "max-age=31536000; includeSubDomains",
        "X-Content-Type-Options": "nosniff",
        "x-ms-correlation-request-id": "d34c901f-0b6c-425d-8c7f-61fc5902e578",
        "x-ms-ratelimit-remaining-tenant-reads": "11993",
        "x-ms-request-id": "2fa9e208-0b66-4c7d-ba77-5c8a7a0bae9f",
        "x-ms-routing-request-id": "WESTUS:20220608T000542Z:d34c901f-0b6c-425d-8c7f-61fc5902e578"
      },
      "ResponseBody": {
        "id": "/providers/Microsoft.DeviceUpdate/locations/WESTUS2/operationStatuses/9c5fb7d2-6e92-43eb-82df-201a57815e5a*9017A15058E9D9F4F7C5795351F94E3C2E7ACA8C58336E7AD709883FC8C1E2E9",
        "name": "9c5fb7d2-6e92-43eb-82df-201a57815e5a*9017A15058E9D9F4F7C5795351F94E3C2E7ACA8C58336E7AD709883FC8C1E2E9",
        "resourceId": "/subscriptions/cf65b9a6-fe0f-4011-881c-aba5a5fb8603/resourceGroups/testRg-936/providers/Microsoft.DeviceUpdate/accounts/Account-4777",
        "status": "Accepted",
        "startTime": "2022-06-08T00:05:24.3122264Z"
      }
    },
    {
      "RequestUri": "https://management.azure.com/providers/Microsoft.DeviceUpdate/locations/WESTUS2/operationStatuses/9c5fb7d2-6e92-43eb-82df-201a57815e5a*9017A15058E9D9F4F7C5795351F94E3C2E7ACA8C58336E7AD709883FC8C1E2E9?api-version=2022-04-01-preview",
      "RequestMethod": "GET",
      "RequestHeaders": {
        "Authorization": "Sanitized",
        "traceparent": "00-5f8900739b683848b7f3cedce1f76729-84dbd521c8f6bf47-00",
        "User-Agent": "azsdk-net-ResourceManager/1.0.0 (.NET Framework 4.8.4510.0; Microsoft Windows 10.0.22000 )",
        "x-ms-client-request-id": "1bac7a8167749205ad25f6e1a1950678",
        "x-ms-return-client-request-id": "true"
      },
      "RequestBody": null,
      "StatusCode": 200,
      "ResponseHeaders": {
        "Cache-Control": "no-cache",
        "Content-Length": "502",
        "Content-Type": "application/json; charset=utf-8",
        "Date": "Wed, 08 Jun 2022 00:05:57 GMT",
        "ETag": "\u0022da045b23-0000-0800-0000-629fe7c40000\u0022",
        "Expires": "-1",
        "Pragma": "no-cache",
        "Strict-Transport-Security": "max-age=31536000; includeSubDomains",
        "X-Content-Type-Options": "nosniff",
        "x-ms-correlation-request-id": "419a85e1-11aa-4a18-9399-fd10c8a4d427",
        "x-ms-ratelimit-remaining-tenant-reads": "11992",
        "x-ms-request-id": "59547db1-7f43-48e3-b711-401caf1878d8",
        "x-ms-routing-request-id": "WESTUS:20220608T000558Z:419a85e1-11aa-4a18-9399-fd10c8a4d427"
      },
      "ResponseBody": {
        "id": "/providers/Microsoft.DeviceUpdate/locations/WESTUS2/operationStatuses/9c5fb7d2-6e92-43eb-82df-201a57815e5a*9017A15058E9D9F4F7C5795351F94E3C2E7ACA8C58336E7AD709883FC8C1E2E9",
        "name": "9c5fb7d2-6e92-43eb-82df-201a57815e5a*9017A15058E9D9F4F7C5795351F94E3C2E7ACA8C58336E7AD709883FC8C1E2E9",
        "resourceId": "/subscriptions/cf65b9a6-fe0f-4011-881c-aba5a5fb8603/resourceGroups/testRg-936/providers/Microsoft.DeviceUpdate/accounts/Account-4777",
        "status": "Accepted",
        "startTime": "2022-06-08T00:05:24.3122264Z"
      }
    },
    {
      "RequestUri": "https://management.azure.com/providers/Microsoft.DeviceUpdate/locations/WESTUS2/operationStatuses/9c5fb7d2-6e92-43eb-82df-201a57815e5a*9017A15058E9D9F4F7C5795351F94E3C2E7ACA8C58336E7AD709883FC8C1E2E9?api-version=2022-04-01-preview",
      "RequestMethod": "GET",
      "RequestHeaders": {
        "Authorization": "Sanitized",
        "traceparent": "00-5f8900739b683848b7f3cedce1f76729-f0f775f930e7384d-00",
        "User-Agent": "azsdk-net-ResourceManager/1.0.0 (.NET Framework 4.8.4510.0; Microsoft Windows 10.0.22000 )",
        "x-ms-client-request-id": "32a7313e9aad97c6ce611c8747562059",
        "x-ms-return-client-request-id": "true"
      },
      "RequestBody": null,
      "StatusCode": 200,
      "ResponseHeaders": {
        "Cache-Control": "no-cache",
        "Content-Length": "521",
        "Content-Type": "application/json; charset=utf-8",
        "Date": "Wed, 08 Jun 2022 00:06:29 GMT",
        "ETag": "\u0022da04c424-0000-0800-0000-629fe8050000\u0022",
        "Expires": "-1",
        "Pragma": "no-cache",
        "Strict-Transport-Security": "max-age=31536000; includeSubDomains",
        "X-Content-Type-Options": "nosniff",
        "x-ms-correlation-request-id": "c2ce176f-5c0d-4127-966b-de5cc4cc7a92",
        "x-ms-ratelimit-remaining-tenant-reads": "11991",
        "x-ms-request-id": "fed5d47a-2a42-4da9-b9f0-4a37f5e03732",
        "x-ms-routing-request-id": "WESTUS:20220608T000630Z:c2ce176f-5c0d-4127-966b-de5cc4cc7a92"
      },
      "ResponseBody": {
        "id": "/providers/Microsoft.DeviceUpdate/locations/WESTUS2/operationStatuses/9c5fb7d2-6e92-43eb-82df-201a57815e5a*9017A15058E9D9F4F7C5795351F94E3C2E7ACA8C58336E7AD709883FC8C1E2E9",
        "name": "9c5fb7d2-6e92-43eb-82df-201a57815e5a*9017A15058E9D9F4F7C5795351F94E3C2E7ACA8C58336E7AD709883FC8C1E2E9",
        "resourceId": "/subscriptions/cf65b9a6-fe0f-4011-881c-aba5a5fb8603/resourceGroups/testRg-936/providers/Microsoft.DeviceUpdate/accounts/Account-4777",
        "status": "Succeeded",
        "startTime": "2022-06-08T00:05:24.3122264Z",
        "properties": null
      }
    },
    {
      "RequestUri": "https://management.azure.com/subscriptions/cf65b9a6-fe0f-4011-881c-aba5a5fb8603/resourceGroups/testRg-936/providers/Microsoft.DeviceUpdate/accounts/Account-4777?api-version=2022-04-01-preview",
      "RequestMethod": "GET",
      "RequestHeaders": {
        "Authorization": "Sanitized",
        "traceparent": "00-5f8900739b683848b7f3cedce1f76729-969601625321bc42-00",
        "User-Agent": "azsdk-net-ResourceManager/1.0.0 (.NET Framework 4.8.4510.0; Microsoft Windows 10.0.22000 )",
        "x-ms-client-request-id": "8ce3c144b9a8599d4dfd67e274960ef0",
        "x-ms-return-client-request-id": "true"
      },
      "RequestBody": null,
      "StatusCode": 200,
      "ResponseHeaders": {
        "Cache-Control": "no-cache",
        "Content-Length": "750",
        "Content-Type": "application/json; charset=utf-8",
        "Date": "Wed, 08 Jun 2022 00:06:29 GMT",
        "ETag": "\u0022f603b71d-0000-0800-0000-629fe7eb0000\u0022",
        "Expires": "-1",
        "Pragma": "no-cache",
        "Strict-Transport-Security": "max-age=31536000; includeSubDomains",
        "X-Content-Type-Options": "nosniff",
        "x-ms-correlation-request-id": "835fba5d-4850-45e7-b08e-4b013c3def5c",
        "x-ms-providerhub-traffic": "True",
        "x-ms-ratelimit-remaining-subscription-reads": "11998",
        "x-ms-request-id": "7a0a63de-2fe6-450c-b9c1-b663a71eea76",
        "x-ms-routing-request-id": "WESTUS:20220608T000630Z:835fba5d-4850-45e7-b08e-4b013c3def5c"
      },
      "ResponseBody": {
        "id": "/subscriptions/cf65b9a6-fe0f-4011-881c-aba5a5fb8603/resourceGroups/testRg-936/providers/Microsoft.DeviceUpdate/accounts/Account-4777",
        "name": "Account-4777",
        "type": "microsoft.deviceupdate/accounts",
        "location": "westus2",
        "tags": {},
        "systemData": {
          "createdBy": "1e5942b3-36f1-43eb-88d9-98c12d95000b",
          "createdByType": "Application",
          "createdAt": "2022-06-08T00:05:23.6628927Z",
          "lastModifiedBy": "1e5942b3-36f1-43eb-88d9-98c12d95000b",
          "lastModifiedByType": "Application",
          "lastModifiedAt": "2022-06-08T00:05:23.6628927Z"
        },
        "properties": {
          "provisioningState": "Succeeded",
          "hostName": "account-4777.api.adu.microsoft.com",
          "locations": [
            {
              "name": "westus2",
              "role": "Primary"
            },
            {
              "name": "WestCentralUS",
              "role": "Failover"
            }
          ],
          "sku": "Standard",
          "publicNetworkAccess": "Enabled"
        }
      }
    },
    {
      "RequestUri": "https://management.azure.com/subscriptions/cf65b9a6-fe0f-4011-881c-aba5a5fb8603/resourceGroups/testRg-936/providers/Microsoft.DeviceUpdate/accounts/Account-4777/instances/Instance-6429?api-version=2022-04-01-preview",
      "RequestMethod": "PUT",
      "RequestHeaders": {
        "Accept": "application/json",
        "Authorization": "Sanitized",
        "Content-Length": "221",
        "Content-Type": "application/json",
        "traceparent": "00-dab152fc96fee348a905c3d9a92f0cdf-1228f67ae941a04b-00",
        "User-Agent": "azsdk-net-ResourceManager.DeviceUpdate/1.0.0-alpha.20220607.1 (.NET Framework 4.8.4510.0; Microsoft Windows 10.0.22000 )",
        "x-ms-client-request-id": "b70169432a16b4e6154c134a7d4b5604",
        "x-ms-return-client-request-id": "true"
      },
      "RequestBody": {
        "tags": {},
        "location": "westus2",
        "properties": {
          "iotHubs": [
            {
              "resourceId": "/subscriptions/cf65b9a6-fe0f-4011-881c-aba5a5fb8603/resourcegroups/edgarse/providers/Microsoft.Devices/IotHubs/orange-aducpsdktestaccount-iothub"
            }
          ]
        }
      },
      "StatusCode": 201,
      "ResponseHeaders": {
        "api-supported-versions": "2020-03-01-preview, 2022-04-01-preview",
        "Azure-AsyncOperation": "https://management.azure.com/providers/Microsoft.DeviceUpdate/locations/WESTUS2/operationStatuses/00dd239c-f41f-470e-be0e-cb00936c8bf3*3380718DCF2BBD1624513BEF678F5344694FB5B407A558865A71108664C62207?api-version=2022-04-01-preview",
        "Cache-Control": "no-cache",
        "Content-Length": "768",
        "Content-Type": "application/json; charset=utf-8",
        "Date": "Wed, 08 Jun 2022 00:06:32 GMT",
        "ETag": "\u00229404b04a-0000-0800-0000-629fe8090000\u0022",
        "Expires": "-1",
        "Pragma": "no-cache",
        "Strict-Transport-Security": "max-age=31536000; includeSubDomains",
        "X-Content-Type-Options": "nosniff",
        "x-ms-correlation-request-id": "134e5e3c-f878-4649-9d05-27d8224bd14f",
        "x-ms-providerhub-traffic": "True",
        "x-ms-ratelimit-remaining-subscription-writes": "1197",
        "x-ms-request-id": "00dd239c-f41f-470e-be0e-cb00936c8bf3",
        "x-ms-routing-request-id": "WESTUS:20220608T000633Z:134e5e3c-f878-4649-9d05-27d8224bd14f"
      },
      "ResponseBody": {
        "id": "/subscriptions/cf65b9a6-fe0f-4011-881c-aba5a5fb8603/resourceGroups/testRg-936/providers/Microsoft.DeviceUpdate/accounts/Account-4777/instances/Instance-6429",
        "name": "Instance-6429",
        "type": "microsoft.deviceupdate/accounts/instances",
        "location": "westus2",
        "tags": {},
        "systemData": {
          "createdBy": "1e5942b3-36f1-43eb-88d9-98c12d95000b",
          "createdByType": "Application",
          "createdAt": "2022-06-08T00:06:30.5604428Z",
          "lastModifiedBy": "1e5942b3-36f1-43eb-88d9-98c12d95000b",
          "lastModifiedByType": "Application",
          "lastModifiedAt": "2022-06-08T00:06:30.5604428Z"
        },
        "properties": {
          "iotHubs": [
            {
              "resourceId": "/subscriptions/cf65b9a6-fe0f-4011-881c-aba5a5fb8603/resourcegroups/edgarse/providers/Microsoft.Devices/IotHubs/orange-aducpsdktestaccount-iothub"
            }
          ],
          "provisioningState": "Accepted"
        }
      }
    },
    {
      "RequestUri": "https://management.azure.com/providers/Microsoft.DeviceUpdate/locations/WESTUS2/operationStatuses/00dd239c-f41f-470e-be0e-cb00936c8bf3*3380718DCF2BBD1624513BEF678F5344694FB5B407A558865A71108664C62207?api-version=2022-04-01-preview",
      "RequestMethod": "GET",
      "RequestHeaders": {
        "Authorization": "Sanitized",
        "traceparent": "00-dab152fc96fee348a905c3d9a92f0cdf-28e332db94a6d844-00",
        "User-Agent": "azsdk-net-ResourceManager/1.0.0 (.NET Framework 4.8.4510.0; Microsoft Windows 10.0.22000 )",
        "x-ms-client-request-id": "ed04712ca11f972dfcd8926d890fcfb2",
        "x-ms-return-client-request-id": "true"
      },
      "RequestBody": null,
      "StatusCode": 200,
      "ResponseHeaders": {
        "Cache-Control": "no-cache",
        "Content-Length": "526",
        "Content-Type": "application/json; charset=utf-8",
        "Date": "Wed, 08 Jun 2022 00:06:32 GMT",
        "ETag": "\u0022da04dc24-0000-0800-0000-629fe8090000\u0022",
        "Expires": "-1",
        "Pragma": "no-cache",
        "Strict-Transport-Security": "max-age=31536000; includeSubDomains",
        "X-Content-Type-Options": "nosniff",
        "x-ms-correlation-request-id": "adabf032-3269-4b0b-bfd7-13476fbdcc17",
        "x-ms-ratelimit-remaining-tenant-reads": "11990",
        "x-ms-request-id": "a833ca01-b4c1-42ef-a824-72ed7ed11dbd",
        "x-ms-routing-request-id": "WESTUS:20220608T000633Z:adabf032-3269-4b0b-bfd7-13476fbdcc17"
      },
      "ResponseBody": {
        "id": "/providers/Microsoft.DeviceUpdate/locations/WESTUS2/operationStatuses/00dd239c-f41f-470e-be0e-cb00936c8bf3*3380718DCF2BBD1624513BEF678F5344694FB5B407A558865A71108664C62207",
        "name": "00dd239c-f41f-470e-be0e-cb00936c8bf3*3380718DCF2BBD1624513BEF678F5344694FB5B407A558865A71108664C62207",
        "resourceId": "/subscriptions/cf65b9a6-fe0f-4011-881c-aba5a5fb8603/resourceGroups/testRg-936/providers/Microsoft.DeviceUpdate/accounts/Account-4777/instances/Instance-6429",
        "status": "Accepted",
        "startTime": "2022-06-08T00:06:33.2994014Z"
      }
    },
    {
      "RequestUri": "https://management.azure.com/providers/Microsoft.DeviceUpdate/locations/WESTUS2/operationStatuses/00dd239c-f41f-470e-be0e-cb00936c8bf3*3380718DCF2BBD1624513BEF678F5344694FB5B407A558865A71108664C62207?api-version=2022-04-01-preview",
      "RequestMethod": "GET",
      "RequestHeaders": {
        "Authorization": "Sanitized",
        "traceparent": "00-dab152fc96fee348a905c3d9a92f0cdf-21e252c13a7b304a-00",
        "User-Agent": "azsdk-net-ResourceManager/1.0.0 (.NET Framework 4.8.4510.0; Microsoft Windows 10.0.22000 )",
        "x-ms-client-request-id": "f9d6dd113d2f739de56d69317ab3cff2",
        "x-ms-return-client-request-id": "true"
      },
      "RequestBody": null,
      "StatusCode": 200,
      "ResponseHeaders": {
        "Cache-Control": "no-cache",
        "Content-Length": "526",
        "Content-Type": "application/json; charset=utf-8",
        "Date": "Wed, 08 Jun 2022 00:06:34 GMT",
        "ETag": "\u0022da04dc24-0000-0800-0000-629fe8090000\u0022",
        "Expires": "-1",
        "Pragma": "no-cache",
        "Strict-Transport-Security": "max-age=31536000; includeSubDomains",
        "X-Content-Type-Options": "nosniff",
        "x-ms-correlation-request-id": "40c72c93-cc43-405a-9e0b-0fb41da5b4d5",
        "x-ms-ratelimit-remaining-tenant-reads": "11989",
        "x-ms-request-id": "6608f7a4-9093-4fbc-9def-9b73e10c6e41",
        "x-ms-routing-request-id": "WESTUS:20220608T000634Z:40c72c93-cc43-405a-9e0b-0fb41da5b4d5"
      },
      "ResponseBody": {
        "id": "/providers/Microsoft.DeviceUpdate/locations/WESTUS2/operationStatuses/00dd239c-f41f-470e-be0e-cb00936c8bf3*3380718DCF2BBD1624513BEF678F5344694FB5B407A558865A71108664C62207",
        "name": "00dd239c-f41f-470e-be0e-cb00936c8bf3*3380718DCF2BBD1624513BEF678F5344694FB5B407A558865A71108664C62207",
        "resourceId": "/subscriptions/cf65b9a6-fe0f-4011-881c-aba5a5fb8603/resourceGroups/testRg-936/providers/Microsoft.DeviceUpdate/accounts/Account-4777/instances/Instance-6429",
        "status": "Accepted",
        "startTime": "2022-06-08T00:06:33.2994014Z"
      }
    },
    {
      "RequestUri": "https://management.azure.com/providers/Microsoft.DeviceUpdate/locations/WESTUS2/operationStatuses/00dd239c-f41f-470e-be0e-cb00936c8bf3*3380718DCF2BBD1624513BEF678F5344694FB5B407A558865A71108664C62207?api-version=2022-04-01-preview",
      "RequestMethod": "GET",
      "RequestHeaders": {
        "Authorization": "Sanitized",
        "traceparent": "00-dab152fc96fee348a905c3d9a92f0cdf-efa27176e178a54a-00",
        "User-Agent": "azsdk-net-ResourceManager/1.0.0 (.NET Framework 4.8.4510.0; Microsoft Windows 10.0.22000 )",
        "x-ms-client-request-id": "0c1dc0146947fbe46f48b5a03d170a3e",
        "x-ms-return-client-request-id": "true"
      },
      "RequestBody": null,
      "StatusCode": 200,
      "ResponseHeaders": {
        "Cache-Control": "no-cache",
        "Content-Length": "526",
        "Content-Type": "application/json; charset=utf-8",
        "Date": "Wed, 08 Jun 2022 00:06:35 GMT",
        "ETag": "\u0022da04dc24-0000-0800-0000-629fe8090000\u0022",
        "Expires": "-1",
        "Pragma": "no-cache",
        "Strict-Transport-Security": "max-age=31536000; includeSubDomains",
        "X-Content-Type-Options": "nosniff",
        "x-ms-correlation-request-id": "f2ac3448-6e91-4f99-8681-004aede06db8",
        "x-ms-ratelimit-remaining-tenant-reads": "11988",
        "x-ms-request-id": "bef1011a-c3b2-4cbf-9779-ee49c8633e10",
        "x-ms-routing-request-id": "WESTUS:20220608T000635Z:f2ac3448-6e91-4f99-8681-004aede06db8"
      },
      "ResponseBody": {
        "id": "/providers/Microsoft.DeviceUpdate/locations/WESTUS2/operationStatuses/00dd239c-f41f-470e-be0e-cb00936c8bf3*3380718DCF2BBD1624513BEF678F5344694FB5B407A558865A71108664C62207",
        "name": "00dd239c-f41f-470e-be0e-cb00936c8bf3*3380718DCF2BBD1624513BEF678F5344694FB5B407A558865A71108664C62207",
        "resourceId": "/subscriptions/cf65b9a6-fe0f-4011-881c-aba5a5fb8603/resourceGroups/testRg-936/providers/Microsoft.DeviceUpdate/accounts/Account-4777/instances/Instance-6429",
        "status": "Accepted",
        "startTime": "2022-06-08T00:06:33.2994014Z"
      }
    },
    {
      "RequestUri": "https://management.azure.com/providers/Microsoft.DeviceUpdate/locations/WESTUS2/operationStatuses/00dd239c-f41f-470e-be0e-cb00936c8bf3*3380718DCF2BBD1624513BEF678F5344694FB5B407A558865A71108664C62207?api-version=2022-04-01-preview",
      "RequestMethod": "GET",
      "RequestHeaders": {
        "Authorization": "Sanitized",
        "traceparent": "00-dab152fc96fee348a905c3d9a92f0cdf-239179d2816bb64c-00",
        "User-Agent": "azsdk-net-ResourceManager/1.0.0 (.NET Framework 4.8.4510.0; Microsoft Windows 10.0.22000 )",
        "x-ms-client-request-id": "0621fd143e4cef23d39008b137fb1c49",
        "x-ms-return-client-request-id": "true"
      },
      "RequestBody": null,
      "StatusCode": 200,
      "ResponseHeaders": {
        "Cache-Control": "no-cache",
        "Content-Length": "526",
        "Content-Type": "application/json; charset=utf-8",
        "Date": "Wed, 08 Jun 2022 00:06:36 GMT",
        "ETag": "\u0022da04dc24-0000-0800-0000-629fe8090000\u0022",
        "Expires": "-1",
        "Pragma": "no-cache",
        "Strict-Transport-Security": "max-age=31536000; includeSubDomains",
        "X-Content-Type-Options": "nosniff",
        "x-ms-correlation-request-id": "a554a1fb-1d7f-4060-a992-c51940707620",
        "x-ms-ratelimit-remaining-tenant-reads": "11987",
        "x-ms-request-id": "f1583f07-5fd0-4b30-b49f-965d184b9582",
        "x-ms-routing-request-id": "WESTUS:20220608T000636Z:a554a1fb-1d7f-4060-a992-c51940707620"
      },
      "ResponseBody": {
        "id": "/providers/Microsoft.DeviceUpdate/locations/WESTUS2/operationStatuses/00dd239c-f41f-470e-be0e-cb00936c8bf3*3380718DCF2BBD1624513BEF678F5344694FB5B407A558865A71108664C62207",
        "name": "00dd239c-f41f-470e-be0e-cb00936c8bf3*3380718DCF2BBD1624513BEF678F5344694FB5B407A558865A71108664C62207",
        "resourceId": "/subscriptions/cf65b9a6-fe0f-4011-881c-aba5a5fb8603/resourceGroups/testRg-936/providers/Microsoft.DeviceUpdate/accounts/Account-4777/instances/Instance-6429",
        "status": "Accepted",
        "startTime": "2022-06-08T00:06:33.2994014Z"
      }
    },
    {
      "RequestUri": "https://management.azure.com/providers/Microsoft.DeviceUpdate/locations/WESTUS2/operationStatuses/00dd239c-f41f-470e-be0e-cb00936c8bf3*3380718DCF2BBD1624513BEF678F5344694FB5B407A558865A71108664C62207?api-version=2022-04-01-preview",
      "RequestMethod": "GET",
      "RequestHeaders": {
        "Authorization": "Sanitized",
        "traceparent": "00-dab152fc96fee348a905c3d9a92f0cdf-095b0c671c51ba49-00",
        "User-Agent": "azsdk-net-ResourceManager/1.0.0 (.NET Framework 4.8.4510.0; Microsoft Windows 10.0.22000 )",
        "x-ms-client-request-id": "c958a008c3f1a76bf9da8ae787fd35ce",
        "x-ms-return-client-request-id": "true"
      },
      "RequestBody": null,
      "StatusCode": 200,
      "ResponseHeaders": {
        "Cache-Control": "no-cache",
        "Content-Length": "526",
        "Content-Type": "application/json; charset=utf-8",
        "Date": "Wed, 08 Jun 2022 00:06:38 GMT",
        "ETag": "\u0022da04dc24-0000-0800-0000-629fe8090000\u0022",
        "Expires": "-1",
        "Pragma": "no-cache",
        "Strict-Transport-Security": "max-age=31536000; includeSubDomains",
        "X-Content-Type-Options": "nosniff",
        "x-ms-correlation-request-id": "d5a6fb37-f87d-4f34-abd8-099bb87caf4a",
        "x-ms-ratelimit-remaining-tenant-reads": "11986",
        "x-ms-request-id": "df317555-83d2-4f02-bba4-bbce83586ea4",
        "x-ms-routing-request-id": "WESTUS:20220608T000638Z:d5a6fb37-f87d-4f34-abd8-099bb87caf4a"
      },
      "ResponseBody": {
        "id": "/providers/Microsoft.DeviceUpdate/locations/WESTUS2/operationStatuses/00dd239c-f41f-470e-be0e-cb00936c8bf3*3380718DCF2BBD1624513BEF678F5344694FB5B407A558865A71108664C62207",
        "name": "00dd239c-f41f-470e-be0e-cb00936c8bf3*3380718DCF2BBD1624513BEF678F5344694FB5B407A558865A71108664C62207",
        "resourceId": "/subscriptions/cf65b9a6-fe0f-4011-881c-aba5a5fb8603/resourceGroups/testRg-936/providers/Microsoft.DeviceUpdate/accounts/Account-4777/instances/Instance-6429",
        "status": "Accepted",
        "startTime": "2022-06-08T00:06:33.2994014Z"
      }
    },
    {
      "RequestUri": "https://management.azure.com/providers/Microsoft.DeviceUpdate/locations/WESTUS2/operationStatuses/00dd239c-f41f-470e-be0e-cb00936c8bf3*3380718DCF2BBD1624513BEF678F5344694FB5B407A558865A71108664C62207?api-version=2022-04-01-preview",
      "RequestMethod": "GET",
      "RequestHeaders": {
        "Authorization": "Sanitized",
        "traceparent": "00-dab152fc96fee348a905c3d9a92f0cdf-323654d8aed2c54f-00",
        "User-Agent": "azsdk-net-ResourceManager/1.0.0 (.NET Framework 4.8.4510.0; Microsoft Windows 10.0.22000 )",
        "x-ms-client-request-id": "7d1d2b63c991d6a59d2e39b66133c473",
        "x-ms-return-client-request-id": "true"
      },
      "RequestBody": null,
      "StatusCode": 200,
      "ResponseHeaders": {
        "Cache-Control": "no-cache",
        "Content-Length": "526",
        "Content-Type": "application/json; charset=utf-8",
        "Date": "Wed, 08 Jun 2022 00:06:42 GMT",
        "ETag": "\u0022da04dc24-0000-0800-0000-629fe8090000\u0022",
        "Expires": "-1",
        "Pragma": "no-cache",
        "Strict-Transport-Security": "max-age=31536000; includeSubDomains",
        "X-Content-Type-Options": "nosniff",
        "x-ms-correlation-request-id": "01cc56b7-fd0e-4f3f-afdb-3ea1d9be76f2",
        "x-ms-ratelimit-remaining-tenant-reads": "11985",
        "x-ms-request-id": "cfd8432d-8395-48d5-99b4-e656da1bc345",
        "x-ms-routing-request-id": "WESTUS:20220608T000642Z:01cc56b7-fd0e-4f3f-afdb-3ea1d9be76f2"
      },
      "ResponseBody": {
        "id": "/providers/Microsoft.DeviceUpdate/locations/WESTUS2/operationStatuses/00dd239c-f41f-470e-be0e-cb00936c8bf3*3380718DCF2BBD1624513BEF678F5344694FB5B407A558865A71108664C62207",
        "name": "00dd239c-f41f-470e-be0e-cb00936c8bf3*3380718DCF2BBD1624513BEF678F5344694FB5B407A558865A71108664C62207",
        "resourceId": "/subscriptions/cf65b9a6-fe0f-4011-881c-aba5a5fb8603/resourceGroups/testRg-936/providers/Microsoft.DeviceUpdate/accounts/Account-4777/instances/Instance-6429",
        "status": "Accepted",
        "startTime": "2022-06-08T00:06:33.2994014Z"
      }
    },
    {
      "RequestUri": "https://management.azure.com/providers/Microsoft.DeviceUpdate/locations/WESTUS2/operationStatuses/00dd239c-f41f-470e-be0e-cb00936c8bf3*3380718DCF2BBD1624513BEF678F5344694FB5B407A558865A71108664C62207?api-version=2022-04-01-preview",
      "RequestMethod": "GET",
      "RequestHeaders": {
        "Authorization": "Sanitized",
        "traceparent": "00-dab152fc96fee348a905c3d9a92f0cdf-cae63db99e394c49-00",
        "User-Agent": "azsdk-net-ResourceManager/1.0.0 (.NET Framework 4.8.4510.0; Microsoft Windows 10.0.22000 )",
        "x-ms-client-request-id": "9d976c2c41be514d917a0d72b33c67d6",
        "x-ms-return-client-request-id": "true"
      },
      "RequestBody": null,
      "StatusCode": 200,
      "ResponseHeaders": {
        "Cache-Control": "no-cache",
        "Content-Length": "526",
        "Content-Type": "application/json; charset=utf-8",
        "Date": "Wed, 08 Jun 2022 00:06:50 GMT",
        "ETag": "\u0022da04dc24-0000-0800-0000-629fe8090000\u0022",
        "Expires": "-1",
        "Pragma": "no-cache",
        "Strict-Transport-Security": "max-age=31536000; includeSubDomains",
        "X-Content-Type-Options": "nosniff",
        "x-ms-correlation-request-id": "b13fb063-4468-4c5c-916b-6a8748146d17",
        "x-ms-ratelimit-remaining-tenant-reads": "11984",
        "x-ms-request-id": "a586fef1-14d2-4acf-abb2-c2bd2ac21a25",
        "x-ms-routing-request-id": "WESTUS:20220608T000650Z:b13fb063-4468-4c5c-916b-6a8748146d17"
      },
      "ResponseBody": {
        "id": "/providers/Microsoft.DeviceUpdate/locations/WESTUS2/operationStatuses/00dd239c-f41f-470e-be0e-cb00936c8bf3*3380718DCF2BBD1624513BEF678F5344694FB5B407A558865A71108664C62207",
        "name": "00dd239c-f41f-470e-be0e-cb00936c8bf3*3380718DCF2BBD1624513BEF678F5344694FB5B407A558865A71108664C62207",
        "resourceId": "/subscriptions/cf65b9a6-fe0f-4011-881c-aba5a5fb8603/resourceGroups/testRg-936/providers/Microsoft.DeviceUpdate/accounts/Account-4777/instances/Instance-6429",
        "status": "Accepted",
        "startTime": "2022-06-08T00:06:33.2994014Z"
      }
    },
    {
      "RequestUri": "https://management.azure.com/providers/Microsoft.DeviceUpdate/locations/WESTUS2/operationStatuses/00dd239c-f41f-470e-be0e-cb00936c8bf3*3380718DCF2BBD1624513BEF678F5344694FB5B407A558865A71108664C62207?api-version=2022-04-01-preview",
      "RequestMethod": "GET",
      "RequestHeaders": {
        "Authorization": "Sanitized",
        "traceparent": "00-dab152fc96fee348a905c3d9a92f0cdf-5d2a79e0006dde40-00",
        "User-Agent": "azsdk-net-ResourceManager/1.0.0 (.NET Framework 4.8.4510.0; Microsoft Windows 10.0.22000 )",
        "x-ms-client-request-id": "0c4e3a5a9ede3fb8fa822bc289b546c5",
        "x-ms-return-client-request-id": "true"
      },
      "RequestBody": null,
      "StatusCode": 200,
      "ResponseHeaders": {
        "Cache-Control": "no-cache",
        "Content-Length": "526",
        "Content-Type": "application/json; charset=utf-8",
        "Date": "Wed, 08 Jun 2022 00:07:06 GMT",
        "ETag": "\u0022da04dc24-0000-0800-0000-629fe8090000\u0022",
        "Expires": "-1",
        "Pragma": "no-cache",
        "Strict-Transport-Security": "max-age=31536000; includeSubDomains",
        "X-Content-Type-Options": "nosniff",
        "x-ms-correlation-request-id": "27728d54-d2e4-4009-a157-a356d8e23e01",
        "x-ms-ratelimit-remaining-tenant-reads": "11983",
        "x-ms-request-id": "c61e8c58-19c0-4c83-9205-30d5aa05bf06",
        "x-ms-routing-request-id": "WESTUS:20220608T000707Z:27728d54-d2e4-4009-a157-a356d8e23e01"
      },
      "ResponseBody": {
        "id": "/providers/Microsoft.DeviceUpdate/locations/WESTUS2/operationStatuses/00dd239c-f41f-470e-be0e-cb00936c8bf3*3380718DCF2BBD1624513BEF678F5344694FB5B407A558865A71108664C62207",
        "name": "00dd239c-f41f-470e-be0e-cb00936c8bf3*3380718DCF2BBD1624513BEF678F5344694FB5B407A558865A71108664C62207",
        "resourceId": "/subscriptions/cf65b9a6-fe0f-4011-881c-aba5a5fb8603/resourceGroups/testRg-936/providers/Microsoft.DeviceUpdate/accounts/Account-4777/instances/Instance-6429",
        "status": "Accepted",
        "startTime": "2022-06-08T00:06:33.2994014Z"
      }
    },
    {
      "RequestUri": "https://management.azure.com/providers/Microsoft.DeviceUpdate/locations/WESTUS2/operationStatuses/00dd239c-f41f-470e-be0e-cb00936c8bf3*3380718DCF2BBD1624513BEF678F5344694FB5B407A558865A71108664C62207?api-version=2022-04-01-preview",
      "RequestMethod": "GET",
      "RequestHeaders": {
        "Authorization": "Sanitized",
        "traceparent": "00-dab152fc96fee348a905c3d9a92f0cdf-b69b1e4c4aade948-00",
        "User-Agent": "azsdk-net-ResourceManager/1.0.0 (.NET Framework 4.8.4510.0; Microsoft Windows 10.0.22000 )",
        "x-ms-client-request-id": "1bbb16169865210fdecbec17bc332261",
        "x-ms-return-client-request-id": "true"
      },
      "RequestBody": null,
      "StatusCode": 200,
      "ResponseHeaders": {
        "Cache-Control": "no-cache",
        "Content-Length": "526",
        "Content-Type": "application/json; charset=utf-8",
        "Date": "Wed, 08 Jun 2022 00:07:38 GMT",
        "ETag": "\u0022da04dc24-0000-0800-0000-629fe8090000\u0022",
        "Expires": "-1",
        "Pragma": "no-cache",
        "Strict-Transport-Security": "max-age=31536000; includeSubDomains",
        "X-Content-Type-Options": "nosniff",
        "x-ms-correlation-request-id": "294dc926-f15b-44bb-b5d3-21037ed01849",
        "x-ms-ratelimit-remaining-tenant-reads": "11982",
        "x-ms-request-id": "df6b3b4a-80a5-4623-b0a3-40a69febd35a",
        "x-ms-routing-request-id": "WESTUS:20220608T000739Z:294dc926-f15b-44bb-b5d3-21037ed01849"
      },
      "ResponseBody": {
        "id": "/providers/Microsoft.DeviceUpdate/locations/WESTUS2/operationStatuses/00dd239c-f41f-470e-be0e-cb00936c8bf3*3380718DCF2BBD1624513BEF678F5344694FB5B407A558865A71108664C62207",
        "name": "00dd239c-f41f-470e-be0e-cb00936c8bf3*3380718DCF2BBD1624513BEF678F5344694FB5B407A558865A71108664C62207",
        "resourceId": "/subscriptions/cf65b9a6-fe0f-4011-881c-aba5a5fb8603/resourceGroups/testRg-936/providers/Microsoft.DeviceUpdate/accounts/Account-4777/instances/Instance-6429",
        "status": "Accepted",
        "startTime": "2022-06-08T00:06:33.2994014Z"
      }
    },
    {
      "RequestUri": "https://management.azure.com/providers/Microsoft.DeviceUpdate/locations/WESTUS2/operationStatuses/00dd239c-f41f-470e-be0e-cb00936c8bf3*3380718DCF2BBD1624513BEF678F5344694FB5B407A558865A71108664C62207?api-version=2022-04-01-preview",
      "RequestMethod": "GET",
      "RequestHeaders": {
        "Authorization": "Sanitized",
        "traceparent": "00-dab152fc96fee348a905c3d9a92f0cdf-8c83b61ae7928f43-00",
        "User-Agent": "azsdk-net-ResourceManager/1.0.0 (.NET Framework 4.8.4510.0; Microsoft Windows 10.0.22000 )",
        "x-ms-client-request-id": "265b62c6b7e48d94b458a23c168ac7dc",
        "x-ms-return-client-request-id": "true"
      },
      "RequestBody": null,
      "StatusCode": 200,
      "ResponseHeaders": {
        "Cache-Control": "no-cache",
        "Content-Length": "526",
        "Content-Type": "application/json; charset=utf-8",
        "Date": "Wed, 08 Jun 2022 00:08:10 GMT",
        "ETag": "\u0022da04dc24-0000-0800-0000-629fe8090000\u0022",
        "Expires": "-1",
        "Pragma": "no-cache",
        "Strict-Transport-Security": "max-age=31536000; includeSubDomains",
        "X-Content-Type-Options": "nosniff",
        "x-ms-correlation-request-id": "f02056ed-fc8b-47b1-85de-b1528eae28e4",
        "x-ms-ratelimit-remaining-tenant-reads": "11981",
        "x-ms-request-id": "45ad92b6-b941-441b-a387-78522454c631",
        "x-ms-routing-request-id": "WESTUS:20220608T000811Z:f02056ed-fc8b-47b1-85de-b1528eae28e4"
      },
      "ResponseBody": {
        "id": "/providers/Microsoft.DeviceUpdate/locations/WESTUS2/operationStatuses/00dd239c-f41f-470e-be0e-cb00936c8bf3*3380718DCF2BBD1624513BEF678F5344694FB5B407A558865A71108664C62207",
        "name": "00dd239c-f41f-470e-be0e-cb00936c8bf3*3380718DCF2BBD1624513BEF678F5344694FB5B407A558865A71108664C62207",
        "resourceId": "/subscriptions/cf65b9a6-fe0f-4011-881c-aba5a5fb8603/resourceGroups/testRg-936/providers/Microsoft.DeviceUpdate/accounts/Account-4777/instances/Instance-6429",
        "status": "Accepted",
        "startTime": "2022-06-08T00:06:33.2994014Z"
      }
    },
    {
      "RequestUri": "https://management.azure.com/providers/Microsoft.DeviceUpdate/locations/WESTUS2/operationStatuses/00dd239c-f41f-470e-be0e-cb00936c8bf3*3380718DCF2BBD1624513BEF678F5344694FB5B407A558865A71108664C62207?api-version=2022-04-01-preview",
      "RequestMethod": "GET",
      "RequestHeaders": {
        "Authorization": "Sanitized",
        "traceparent": "00-dab152fc96fee348a905c3d9a92f0cdf-0830a60365e32141-00",
        "User-Agent": "azsdk-net-ResourceManager/1.0.0 (.NET Framework 4.8.4510.0; Microsoft Windows 10.0.22000 )",
        "x-ms-client-request-id": "9c5b47334c80c2712a2c2e12b2a082c7",
        "x-ms-return-client-request-id": "true"
      },
      "RequestBody": null,
      "StatusCode": 200,
      "ResponseHeaders": {
        "Cache-Control": "no-cache",
        "Content-Length": "526",
        "Content-Type": "application/json; charset=utf-8",
        "Date": "Wed, 08 Jun 2022 00:08:42 GMT",
        "ETag": "\u0022da04dc24-0000-0800-0000-629fe8090000\u0022",
        "Expires": "-1",
        "Pragma": "no-cache",
        "Strict-Transport-Security": "max-age=31536000; includeSubDomains",
        "X-Content-Type-Options": "nosniff",
        "x-ms-correlation-request-id": "6c929990-5fbb-49cf-afbb-75cad0127f5c",
        "x-ms-ratelimit-remaining-tenant-reads": "11980",
        "x-ms-request-id": "ae8d28d5-6650-4233-aed9-794902b7e639",
        "x-ms-routing-request-id": "WESTUS:20220608T000843Z:6c929990-5fbb-49cf-afbb-75cad0127f5c"
      },
      "ResponseBody": {
        "id": "/providers/Microsoft.DeviceUpdate/locations/WESTUS2/operationStatuses/00dd239c-f41f-470e-be0e-cb00936c8bf3*3380718DCF2BBD1624513BEF678F5344694FB5B407A558865A71108664C62207",
        "name": "00dd239c-f41f-470e-be0e-cb00936c8bf3*3380718DCF2BBD1624513BEF678F5344694FB5B407A558865A71108664C62207",
        "resourceId": "/subscriptions/cf65b9a6-fe0f-4011-881c-aba5a5fb8603/resourceGroups/testRg-936/providers/Microsoft.DeviceUpdate/accounts/Account-4777/instances/Instance-6429",
        "status": "Accepted",
        "startTime": "2022-06-08T00:06:33.2994014Z"
      }
    },
    {
      "RequestUri": "https://management.azure.com/providers/Microsoft.DeviceUpdate/locations/WESTUS2/operationStatuses/00dd239c-f41f-470e-be0e-cb00936c8bf3*3380718DCF2BBD1624513BEF678F5344694FB5B407A558865A71108664C62207?api-version=2022-04-01-preview",
      "RequestMethod": "GET",
      "RequestHeaders": {
        "Authorization": "Sanitized",
        "traceparent": "00-dab152fc96fee348a905c3d9a92f0cdf-ebb54b6c7ad5034a-00",
        "User-Agent": "azsdk-net-ResourceManager/1.0.0 (.NET Framework 4.8.4510.0; Microsoft Windows 10.0.22000 )",
        "x-ms-client-request-id": "27fbc95f1f595ee1822d670cf5d30b53",
        "x-ms-return-client-request-id": "true"
      },
      "RequestBody": null,
      "StatusCode": 200,
      "ResponseHeaders": {
        "Cache-Control": "no-cache",
        "Content-Length": "526",
        "Content-Type": "application/json; charset=utf-8",
        "Date": "Wed, 08 Jun 2022 00:09:15 GMT",
        "ETag": "\u0022da04dc24-0000-0800-0000-629fe8090000\u0022",
        "Expires": "-1",
        "Pragma": "no-cache",
        "Strict-Transport-Security": "max-age=31536000; includeSubDomains",
        "X-Content-Type-Options": "nosniff",
        "x-ms-correlation-request-id": "f5b0e0cc-927c-458c-946a-7553bc722ed4",
        "x-ms-ratelimit-remaining-tenant-reads": "11979",
        "x-ms-request-id": "8d501881-8f85-46bd-9eb5-3efe0195e245",
        "x-ms-routing-request-id": "WESTUS:20220608T000915Z:f5b0e0cc-927c-458c-946a-7553bc722ed4"
      },
      "ResponseBody": {
        "id": "/providers/Microsoft.DeviceUpdate/locations/WESTUS2/operationStatuses/00dd239c-f41f-470e-be0e-cb00936c8bf3*3380718DCF2BBD1624513BEF678F5344694FB5B407A558865A71108664C62207",
        "name": "00dd239c-f41f-470e-be0e-cb00936c8bf3*3380718DCF2BBD1624513BEF678F5344694FB5B407A558865A71108664C62207",
        "resourceId": "/subscriptions/cf65b9a6-fe0f-4011-881c-aba5a5fb8603/resourceGroups/testRg-936/providers/Microsoft.DeviceUpdate/accounts/Account-4777/instances/Instance-6429",
        "status": "Accepted",
        "startTime": "2022-06-08T00:06:33.2994014Z"
      }
    },
    {
      "RequestUri": "https://management.azure.com/providers/Microsoft.DeviceUpdate/locations/WESTUS2/operationStatuses/00dd239c-f41f-470e-be0e-cb00936c8bf3*3380718DCF2BBD1624513BEF678F5344694FB5B407A558865A71108664C62207?api-version=2022-04-01-preview",
      "RequestMethod": "GET",
      "RequestHeaders": {
        "Authorization": "Sanitized",
        "traceparent": "00-dab152fc96fee348a905c3d9a92f0cdf-e9fcfdb68d152e43-00",
        "User-Agent": "azsdk-net-ResourceManager/1.0.0 (.NET Framework 4.8.4510.0; Microsoft Windows 10.0.22000 )",
        "x-ms-client-request-id": "74e3100385d77ae0f198fcb78981db13",
        "x-ms-return-client-request-id": "true"
      },
      "RequestBody": null,
      "StatusCode": 200,
      "ResponseHeaders": {
        "Cache-Control": "no-cache",
        "Content-Length": "526",
        "Content-Type": "application/json; charset=utf-8",
        "Date": "Wed, 08 Jun 2022 00:09:46 GMT",
        "ETag": "\u0022da04dc24-0000-0800-0000-629fe8090000\u0022",
        "Expires": "-1",
        "Pragma": "no-cache",
        "Strict-Transport-Security": "max-age=31536000; includeSubDomains",
        "X-Content-Type-Options": "nosniff",
        "x-ms-correlation-request-id": "1d284686-8089-47ad-ac76-023792f7aab7",
        "x-ms-ratelimit-remaining-tenant-reads": "11978",
        "x-ms-request-id": "04f30b08-a225-48c2-9efc-b3a0a1f8da3e",
        "x-ms-routing-request-id": "WESTUS:20220608T000947Z:1d284686-8089-47ad-ac76-023792f7aab7"
      },
      "ResponseBody": {
        "id": "/providers/Microsoft.DeviceUpdate/locations/WESTUS2/operationStatuses/00dd239c-f41f-470e-be0e-cb00936c8bf3*3380718DCF2BBD1624513BEF678F5344694FB5B407A558865A71108664C62207",
        "name": "00dd239c-f41f-470e-be0e-cb00936c8bf3*3380718DCF2BBD1624513BEF678F5344694FB5B407A558865A71108664C62207",
        "resourceId": "/subscriptions/cf65b9a6-fe0f-4011-881c-aba5a5fb8603/resourceGroups/testRg-936/providers/Microsoft.DeviceUpdate/accounts/Account-4777/instances/Instance-6429",
        "status": "Accepted",
        "startTime": "2022-06-08T00:06:33.2994014Z"
      }
    },
    {
      "RequestUri": "https://management.azure.com/providers/Microsoft.DeviceUpdate/locations/WESTUS2/operationStatuses/00dd239c-f41f-470e-be0e-cb00936c8bf3*3380718DCF2BBD1624513BEF678F5344694FB5B407A558865A71108664C62207?api-version=2022-04-01-preview",
      "RequestMethod": "GET",
      "RequestHeaders": {
        "Authorization": "Sanitized",
        "traceparent": "00-dab152fc96fee348a905c3d9a92f0cdf-9af9f957bdbc5148-00",
        "User-Agent": "azsdk-net-ResourceManager/1.0.0 (.NET Framework 4.8.4510.0; Microsoft Windows 10.0.22000 )",
        "x-ms-client-request-id": "4cdcdad5a08e148266fc1a53e564cd57",
        "x-ms-return-client-request-id": "true"
      },
      "RequestBody": null,
      "StatusCode": 200,
      "ResponseHeaders": {
        "Cache-Control": "no-cache",
        "Content-Length": "526",
        "Content-Type": "application/json; charset=utf-8",
        "Date": "Wed, 08 Jun 2022 00:10:18 GMT",
        "ETag": "\u0022da04dc24-0000-0800-0000-629fe8090000\u0022",
        "Expires": "-1",
        "Pragma": "no-cache",
        "Strict-Transport-Security": "max-age=31536000; includeSubDomains",
        "X-Content-Type-Options": "nosniff",
        "x-ms-correlation-request-id": "166513b5-0dcd-436d-889a-469c25a77c27",
        "x-ms-ratelimit-remaining-tenant-reads": "11977",
        "x-ms-request-id": "5a8dc44d-faf6-4e35-b867-e26d9b871aca",
        "x-ms-routing-request-id": "WESTUS:20220608T001019Z:166513b5-0dcd-436d-889a-469c25a77c27"
      },
      "ResponseBody": {
        "id": "/providers/Microsoft.DeviceUpdate/locations/WESTUS2/operationStatuses/00dd239c-f41f-470e-be0e-cb00936c8bf3*3380718DCF2BBD1624513BEF678F5344694FB5B407A558865A71108664C62207",
        "name": "00dd239c-f41f-470e-be0e-cb00936c8bf3*3380718DCF2BBD1624513BEF678F5344694FB5B407A558865A71108664C62207",
        "resourceId": "/subscriptions/cf65b9a6-fe0f-4011-881c-aba5a5fb8603/resourceGroups/testRg-936/providers/Microsoft.DeviceUpdate/accounts/Account-4777/instances/Instance-6429",
        "status": "Accepted",
        "startTime": "2022-06-08T00:06:33.2994014Z"
      }
    },
    {
      "RequestUri": "https://management.azure.com/providers/Microsoft.DeviceUpdate/locations/WESTUS2/operationStatuses/00dd239c-f41f-470e-be0e-cb00936c8bf3*3380718DCF2BBD1624513BEF678F5344694FB5B407A558865A71108664C62207?api-version=2022-04-01-preview",
      "RequestMethod": "GET",
      "RequestHeaders": {
        "Authorization": "Sanitized",
        "Connection": "close",
        "traceparent": "00-dab152fc96fee348a905c3d9a92f0cdf-b5f0f94440f76f4a-00",
        "User-Agent": "azsdk-net-ResourceManager/1.0.0 (.NET Framework 4.8.4510.0; Microsoft Windows 10.0.22000 )",
        "x-ms-client-request-id": "a10fda200ebcd9efe88135c12329d500",
        "x-ms-return-client-request-id": "true"
      },
      "RequestBody": null,
      "StatusCode": 200,
      "ResponseHeaders": {
        "Cache-Control": "no-cache",
        "Connection": "close",
        "Content-Length": "526",
        "Content-Type": "application/json; charset=utf-8",
        "Date": "Wed, 08 Jun 2022 00:10:50 GMT",
        "ETag": "\u0022da04dc24-0000-0800-0000-629fe8090000\u0022",
        "Expires": "-1",
        "Pragma": "no-cache",
        "Strict-Transport-Security": "max-age=31536000; includeSubDomains",
        "X-Content-Type-Options": "nosniff",
        "x-ms-correlation-request-id": "e7ce89e8-801d-4f01-b03d-87ce2c023b65",
        "x-ms-ratelimit-remaining-tenant-reads": "11976",
        "x-ms-request-id": "d745ec46-f5ed-4a93-b9ff-64ced965ef6a",
        "x-ms-routing-request-id": "WESTUS:20220608T001051Z:e7ce89e8-801d-4f01-b03d-87ce2c023b65"
      },
      "ResponseBody": {
        "id": "/providers/Microsoft.DeviceUpdate/locations/WESTUS2/operationStatuses/00dd239c-f41f-470e-be0e-cb00936c8bf3*3380718DCF2BBD1624513BEF678F5344694FB5B407A558865A71108664C62207",
        "name": "00dd239c-f41f-470e-be0e-cb00936c8bf3*3380718DCF2BBD1624513BEF678F5344694FB5B407A558865A71108664C62207",
        "resourceId": "/subscriptions/cf65b9a6-fe0f-4011-881c-aba5a5fb8603/resourceGroups/testRg-936/providers/Microsoft.DeviceUpdate/accounts/Account-4777/instances/Instance-6429",
        "status": "Accepted",
        "startTime": "2022-06-08T00:06:33.2994014Z"
      }
    },
    {
      "RequestUri": "https://management.azure.com/providers/Microsoft.DeviceUpdate/locations/WESTUS2/operationStatuses/00dd239c-f41f-470e-be0e-cb00936c8bf3*3380718DCF2BBD1624513BEF678F5344694FB5B407A558865A71108664C62207?api-version=2022-04-01-preview",
      "RequestMethod": "GET",
      "RequestHeaders": {
        "Authorization": "Sanitized",
        "traceparent": "00-dab152fc96fee348a905c3d9a92f0cdf-41e290d01d4b3147-00",
        "User-Agent": "azsdk-net-ResourceManager/1.0.0 (.NET Framework 4.8.4510.0; Microsoft Windows 10.0.22000 )",
        "x-ms-client-request-id": "1a365351bff663c48ecf0eda6a8d958c",
        "x-ms-return-client-request-id": "true"
      },
      "RequestBody": null,
      "StatusCode": 200,
      "ResponseHeaders": {
        "Cache-Control": "no-cache",
        "Content-Length": "526",
        "Content-Type": "application/json; charset=utf-8",
        "Date": "Wed, 08 Jun 2022 00:11:22 GMT",
        "ETag": "\u0022da04dc24-0000-0800-0000-629fe8090000\u0022",
        "Expires": "-1",
        "Pragma": "no-cache",
        "Strict-Transport-Security": "max-age=31536000; includeSubDomains",
        "X-Content-Type-Options": "nosniff",
        "x-ms-correlation-request-id": "0ceca9e2-ef89-4e0d-9b28-911d775dee60",
        "x-ms-ratelimit-remaining-tenant-reads": "11999",
        "x-ms-request-id": "65e98506-c0f6-4d59-8511-d416dff2c57b",
        "x-ms-routing-request-id": "WESTCENTRALUS:20220608T001123Z:0ceca9e2-ef89-4e0d-9b28-911d775dee60"
      },
      "ResponseBody": {
        "id": "/providers/Microsoft.DeviceUpdate/locations/WESTUS2/operationStatuses/00dd239c-f41f-470e-be0e-cb00936c8bf3*3380718DCF2BBD1624513BEF678F5344694FB5B407A558865A71108664C62207",
        "name": "00dd239c-f41f-470e-be0e-cb00936c8bf3*3380718DCF2BBD1624513BEF678F5344694FB5B407A558865A71108664C62207",
        "resourceId": "/subscriptions/cf65b9a6-fe0f-4011-881c-aba5a5fb8603/resourceGroups/testRg-936/providers/Microsoft.DeviceUpdate/accounts/Account-4777/instances/Instance-6429",
        "status": "Accepted",
        "startTime": "2022-06-08T00:06:33.2994014Z"
      }
    },
    {
      "RequestUri": "https://management.azure.com/providers/Microsoft.DeviceUpdate/locations/WESTUS2/operationStatuses/00dd239c-f41f-470e-be0e-cb00936c8bf3*3380718DCF2BBD1624513BEF678F5344694FB5B407A558865A71108664C62207?api-version=2022-04-01-preview",
      "RequestMethod": "GET",
      "RequestHeaders": {
        "Authorization": "Sanitized",
        "traceparent": "00-dab152fc96fee348a905c3d9a92f0cdf-a9de54e2d8ff6341-00",
        "User-Agent": "azsdk-net-ResourceManager/1.0.0 (.NET Framework 4.8.4510.0; Microsoft Windows 10.0.22000 )",
        "x-ms-client-request-id": "ae97a4cb3972c756eb03640d6bc1f13c",
        "x-ms-return-client-request-id": "true"
      },
      "RequestBody": null,
      "StatusCode": 200,
      "ResponseHeaders": {
        "Cache-Control": "no-cache",
        "Content-Length": "526",
        "Content-Type": "application/json; charset=utf-8",
        "Date": "Wed, 08 Jun 2022 00:11:55 GMT",
        "ETag": "\u0022da04dc24-0000-0800-0000-629fe8090000\u0022",
        "Expires": "-1",
        "Pragma": "no-cache",
        "Strict-Transport-Security": "max-age=31536000; includeSubDomains",
        "X-Content-Type-Options": "nosniff",
        "x-ms-correlation-request-id": "aab7242b-18e6-466c-bc75-98e0ecbaeb39",
        "x-ms-ratelimit-remaining-tenant-reads": "11998",
        "x-ms-request-id": "0ad3e1cc-537a-4f2b-b81b-7dc935de286e",
        "x-ms-routing-request-id": "WESTCENTRALUS:20220608T001155Z:aab7242b-18e6-466c-bc75-98e0ecbaeb39"
      },
      "ResponseBody": {
        "id": "/providers/Microsoft.DeviceUpdate/locations/WESTUS2/operationStatuses/00dd239c-f41f-470e-be0e-cb00936c8bf3*3380718DCF2BBD1624513BEF678F5344694FB5B407A558865A71108664C62207",
        "name": "00dd239c-f41f-470e-be0e-cb00936c8bf3*3380718DCF2BBD1624513BEF678F5344694FB5B407A558865A71108664C62207",
        "resourceId": "/subscriptions/cf65b9a6-fe0f-4011-881c-aba5a5fb8603/resourceGroups/testRg-936/providers/Microsoft.DeviceUpdate/accounts/Account-4777/instances/Instance-6429",
        "status": "Accepted",
        "startTime": "2022-06-08T00:06:33.2994014Z"
      }
    },
    {
      "RequestUri": "https://management.azure.com/providers/Microsoft.DeviceUpdate/locations/WESTUS2/operationStatuses/00dd239c-f41f-470e-be0e-cb00936c8bf3*3380718DCF2BBD1624513BEF678F5344694FB5B407A558865A71108664C62207?api-version=2022-04-01-preview",
      "RequestMethod": "GET",
      "RequestHeaders": {
        "Authorization": "Sanitized",
        "traceparent": "00-dab152fc96fee348a905c3d9a92f0cdf-b29e46057a44c345-00",
        "User-Agent": "azsdk-net-ResourceManager/1.0.0 (.NET Framework 4.8.4510.0; Microsoft Windows 10.0.22000 )",
        "x-ms-client-request-id": "91011a27b22e616116ab13edff156f5b",
        "x-ms-return-client-request-id": "true"
      },
      "RequestBody": null,
      "StatusCode": 200,
      "ResponseHeaders": {
        "Cache-Control": "no-cache",
        "Content-Length": "526",
        "Content-Type": "application/json; charset=utf-8",
        "Date": "Wed, 08 Jun 2022 00:12:27 GMT",
        "ETag": "\u0022da04dc24-0000-0800-0000-629fe8090000\u0022",
        "Expires": "-1",
        "Pragma": "no-cache",
        "Strict-Transport-Security": "max-age=31536000; includeSubDomains",
        "X-Content-Type-Options": "nosniff",
        "x-ms-correlation-request-id": "2f48cee6-dcff-4957-b1cf-ce0d293bd95a",
        "x-ms-ratelimit-remaining-tenant-reads": "11997",
        "x-ms-request-id": "bbd9e05c-a12e-41b1-afc0-0ba83fdeeaae",
        "x-ms-routing-request-id": "WESTCENTRALUS:20220608T001228Z:2f48cee6-dcff-4957-b1cf-ce0d293bd95a"
      },
      "ResponseBody": {
        "id": "/providers/Microsoft.DeviceUpdate/locations/WESTUS2/operationStatuses/00dd239c-f41f-470e-be0e-cb00936c8bf3*3380718DCF2BBD1624513BEF678F5344694FB5B407A558865A71108664C62207",
        "name": "00dd239c-f41f-470e-be0e-cb00936c8bf3*3380718DCF2BBD1624513BEF678F5344694FB5B407A558865A71108664C62207",
        "resourceId": "/subscriptions/cf65b9a6-fe0f-4011-881c-aba5a5fb8603/resourceGroups/testRg-936/providers/Microsoft.DeviceUpdate/accounts/Account-4777/instances/Instance-6429",
        "status": "Accepted",
        "startTime": "2022-06-08T00:06:33.2994014Z"
      }
    },
    {
      "RequestUri": "https://management.azure.com/providers/Microsoft.DeviceUpdate/locations/WESTUS2/operationStatuses/00dd239c-f41f-470e-be0e-cb00936c8bf3*3380718DCF2BBD1624513BEF678F5344694FB5B407A558865A71108664C62207?api-version=2022-04-01-preview",
      "RequestMethod": "GET",
      "RequestHeaders": {
        "Authorization": "Sanitized",
        "traceparent": "00-dab152fc96fee348a905c3d9a92f0cdf-ac6245477b38264d-00",
        "User-Agent": "azsdk-net-ResourceManager/1.0.0 (.NET Framework 4.8.4510.0; Microsoft Windows 10.0.22000 )",
        "x-ms-client-request-id": "7ef5a8eb2692178dfc6e2ff35bb6f7cc",
        "x-ms-return-client-request-id": "true"
      },
      "RequestBody": null,
      "StatusCode": 200,
      "ResponseHeaders": {
        "Cache-Control": "no-cache",
        "Content-Length": "526",
        "Content-Type": "application/json; charset=utf-8",
        "Date": "Wed, 08 Jun 2022 00:12:59 GMT",
        "ETag": "\u0022da04dc24-0000-0800-0000-629fe8090000\u0022",
        "Expires": "-1",
        "Pragma": "no-cache",
        "Strict-Transport-Security": "max-age=31536000; includeSubDomains",
        "X-Content-Type-Options": "nosniff",
        "x-ms-correlation-request-id": "182287b2-cd0d-408f-a78f-88878e479fdf",
        "x-ms-ratelimit-remaining-tenant-reads": "11996",
        "x-ms-request-id": "45d63dd3-ebb6-4d0c-baa5-f29e1d713c6f",
        "x-ms-routing-request-id": "WESTCENTRALUS:20220608T001300Z:182287b2-cd0d-408f-a78f-88878e479fdf"
      },
      "ResponseBody": {
        "id": "/providers/Microsoft.DeviceUpdate/locations/WESTUS2/operationStatuses/00dd239c-f41f-470e-be0e-cb00936c8bf3*3380718DCF2BBD1624513BEF678F5344694FB5B407A558865A71108664C62207",
        "name": "00dd239c-f41f-470e-be0e-cb00936c8bf3*3380718DCF2BBD1624513BEF678F5344694FB5B407A558865A71108664C62207",
        "resourceId": "/subscriptions/cf65b9a6-fe0f-4011-881c-aba5a5fb8603/resourceGroups/testRg-936/providers/Microsoft.DeviceUpdate/accounts/Account-4777/instances/Instance-6429",
        "status": "Accepted",
        "startTime": "2022-06-08T00:06:33.2994014Z"
      }
    },
    {
      "RequestUri": "https://management.azure.com/providers/Microsoft.DeviceUpdate/locations/WESTUS2/operationStatuses/00dd239c-f41f-470e-be0e-cb00936c8bf3*3380718DCF2BBD1624513BEF678F5344694FB5B407A558865A71108664C62207?api-version=2022-04-01-preview",
      "RequestMethod": "GET",
      "RequestHeaders": {
        "Authorization": "Sanitized",
        "traceparent": "00-dab152fc96fee348a905c3d9a92f0cdf-d4b29135eb60984d-00",
        "User-Agent": "azsdk-net-ResourceManager/1.0.0 (.NET Framework 4.8.4510.0; Microsoft Windows 10.0.22000 )",
        "x-ms-client-request-id": "50b3d2de048b195e433698c72669c8d6",
        "x-ms-return-client-request-id": "true"
      },
      "RequestBody": null,
      "StatusCode": 200,
      "ResponseHeaders": {
        "Cache-Control": "no-cache",
        "Content-Length": "526",
        "Content-Type": "application/json; charset=utf-8",
        "Date": "Wed, 08 Jun 2022 00:13:31 GMT",
        "ETag": "\u0022da04dc24-0000-0800-0000-629fe8090000\u0022",
        "Expires": "-1",
        "Pragma": "no-cache",
        "Strict-Transport-Security": "max-age=31536000; includeSubDomains",
        "X-Content-Type-Options": "nosniff",
        "x-ms-correlation-request-id": "91eec872-8616-40ba-83f8-a3e8a92a7a85",
        "x-ms-ratelimit-remaining-tenant-reads": "11995",
        "x-ms-request-id": "aed977ae-7c8d-4b0d-9bd3-8218eba2d550",
        "x-ms-routing-request-id": "WESTCENTRALUS:20220608T001332Z:91eec872-8616-40ba-83f8-a3e8a92a7a85"
      },
      "ResponseBody": {
        "id": "/providers/Microsoft.DeviceUpdate/locations/WESTUS2/operationStatuses/00dd239c-f41f-470e-be0e-cb00936c8bf3*3380718DCF2BBD1624513BEF678F5344694FB5B407A558865A71108664C62207",
        "name": "00dd239c-f41f-470e-be0e-cb00936c8bf3*3380718DCF2BBD1624513BEF678F5344694FB5B407A558865A71108664C62207",
        "resourceId": "/subscriptions/cf65b9a6-fe0f-4011-881c-aba5a5fb8603/resourceGroups/testRg-936/providers/Microsoft.DeviceUpdate/accounts/Account-4777/instances/Instance-6429",
        "status": "Accepted",
        "startTime": "2022-06-08T00:06:33.2994014Z"
      }
    },
    {
      "RequestUri": "https://management.azure.com/providers/Microsoft.DeviceUpdate/locations/WESTUS2/operationStatuses/00dd239c-f41f-470e-be0e-cb00936c8bf3*3380718DCF2BBD1624513BEF678F5344694FB5B407A558865A71108664C62207?api-version=2022-04-01-preview",
      "RequestMethod": "GET",
      "RequestHeaders": {
        "Authorization": "Sanitized",
        "traceparent": "00-dab152fc96fee348a905c3d9a92f0cdf-9921e05571509843-00",
        "User-Agent": "azsdk-net-ResourceManager/1.0.0 (.NET Framework 4.8.4510.0; Microsoft Windows 10.0.22000 )",
        "x-ms-client-request-id": "c222099472cb01aa8de994bf826e065f",
        "x-ms-return-client-request-id": "true"
      },
      "RequestBody": null,
      "StatusCode": 200,
      "ResponseHeaders": {
        "Cache-Control": "no-cache",
        "Content-Length": "545",
        "Content-Type": "application/json; charset=utf-8",
        "Date": "Wed, 08 Jun 2022 00:14:03 GMT",
        "ETag": "\u0022da045d2c-0000-0800-0000-629fe9b70000\u0022",
        "Expires": "-1",
        "Pragma": "no-cache",
        "Strict-Transport-Security": "max-age=31536000; includeSubDomains",
        "X-Content-Type-Options": "nosniff",
        "x-ms-correlation-request-id": "70a2fa79-e1dc-42e3-a884-0f76c2d91bb2",
        "x-ms-ratelimit-remaining-tenant-reads": "11994",
        "x-ms-request-id": "e2d2242a-ecc2-4a69-81ec-8e084407fce2",
        "x-ms-routing-request-id": "WESTCENTRALUS:20220608T001404Z:70a2fa79-e1dc-42e3-a884-0f76c2d91bb2"
      },
      "ResponseBody": {
        "id": "/providers/Microsoft.DeviceUpdate/locations/WESTUS2/operationStatuses/00dd239c-f41f-470e-be0e-cb00936c8bf3*3380718DCF2BBD1624513BEF678F5344694FB5B407A558865A71108664C62207",
        "name": "00dd239c-f41f-470e-be0e-cb00936c8bf3*3380718DCF2BBD1624513BEF678F5344694FB5B407A558865A71108664C62207",
        "resourceId": "/subscriptions/cf65b9a6-fe0f-4011-881c-aba5a5fb8603/resourceGroups/testRg-936/providers/Microsoft.DeviceUpdate/accounts/Account-4777/instances/Instance-6429",
        "status": "Succeeded",
        "startTime": "2022-06-08T00:06:33.2994014Z",
        "properties": null
      }
    },
    {
      "RequestUri": "https://management.azure.com/subscriptions/cf65b9a6-fe0f-4011-881c-aba5a5fb8603/resourceGroups/testRg-936/providers/Microsoft.DeviceUpdate/accounts/Account-4777/instances/Instance-6429?api-version=2022-04-01-preview",
      "RequestMethod": "GET",
      "RequestHeaders": {
        "Authorization": "Sanitized",
        "traceparent": "00-dab152fc96fee348a905c3d9a92f0cdf-d442cd6bee6f0143-00",
        "User-Agent": "azsdk-net-ResourceManager/1.0.0 (.NET Framework 4.8.4510.0; Microsoft Windows 10.0.22000 )",
        "x-ms-client-request-id": "2c0f46b41f61e7cf4adc3b5c8ec6f193",
        "x-ms-return-client-request-id": "true"
      },
      "RequestBody": null,
      "StatusCode": 200,
      "ResponseHeaders": {
        "Cache-Control": "no-cache",
        "Content-Length": "798",
        "Content-Type": "application/json; charset=utf-8",
        "Date": "Wed, 08 Jun 2022 00:14:03 GMT",
        "ETag": "\u002294043d56-0000-0800-0000-629fe9b10000\u0022",
        "Expires": "-1",
        "Pragma": "no-cache",
        "Strict-Transport-Security": "max-age=31536000; includeSubDomains",
        "X-Content-Type-Options": "nosniff",
        "x-ms-correlation-request-id": "679a7879-6e6e-40b8-bd41-2b6c521e4d5f",
        "x-ms-providerhub-traffic": "True",
        "x-ms-ratelimit-remaining-subscription-reads": "11999",
        "x-ms-request-id": "cd9594be-87a0-4edd-a75f-7ab5e195d392",
        "x-ms-routing-request-id": "WESTCENTRALUS:20220608T001404Z:679a7879-6e6e-40b8-bd41-2b6c521e4d5f"
      },
      "ResponseBody": {
        "id": "/subscriptions/cf65b9a6-fe0f-4011-881c-aba5a5fb8603/resourceGroups/testRg-936/providers/Microsoft.DeviceUpdate/accounts/Account-4777/instances/Instance-6429",
        "name": "Instance-6429",
        "type": "microsoft.deviceupdate/accounts/instances",
        "location": "westus2",
        "tags": {},
        "systemData": {
          "createdBy": "1e5942b3-36f1-43eb-88d9-98c12d95000b",
          "createdByType": "Application",
          "createdAt": "2022-06-08T00:06:30.5604428Z",
          "lastModifiedBy": "1e5942b3-36f1-43eb-88d9-98c12d95000b",
          "lastModifiedByType": "Application",
          "lastModifiedAt": "2022-06-08T00:06:30.5604428Z"
        },
        "properties": {
          "provisioningState": "Succeeded",
          "accountName": "Account-4777",
          "iotHubs": [
            {
              "resourceId": "/subscriptions/cf65b9a6-fe0f-4011-881c-aba5a5fb8603/resourcegroups/edgarse/providers/Microsoft.Devices/IotHubs/orange-aducpsdktestaccount-iothub"
            }
          ]
        }
      }
    },
    {
      "RequestUri": "https://management.azure.com/subscriptions/cf65b9a6-fe0f-4011-881c-aba5a5fb8603/resourceGroups/testRg-936/providers/Microsoft.DeviceUpdate/accounts/Account-4777/instances/Instance-6429?api-version=2022-04-01-preview",
      "RequestMethod": "DELETE",
      "RequestHeaders": {
        "Accept": "application/json",
        "Authorization": "Sanitized",
        "traceparent": "00-7a31d6b0cb2cf8498723dc37e2ec1d29-e5a56cdfadd0e24c-00",
        "User-Agent": "azsdk-net-ResourceManager.DeviceUpdate/1.0.0-alpha.20220607.1 (.NET Framework 4.8.4510.0; Microsoft Windows 10.0.22000 )",
        "x-ms-client-request-id": "525f59a535946b0127b1c2a26f9e96d4",
        "x-ms-return-client-request-id": "true"
      },
      "RequestBody": null,
      "StatusCode": 202,
      "ResponseHeaders": {
        "api-supported-versions": "2020-03-01-preview, 2022-04-01-preview",
        "Azure-AsyncOperation": "https://management.azure.com/providers/Microsoft.DeviceUpdate/locations/WESTUS2/operationStatuses/988eb8ab-fac2-4b98-b975-51c3d655e332*3380718DCF2BBD1624513BEF678F5344694FB5B407A558865A71108664C62207?api-version=2022-04-01-preview",
        "Cache-Control": "no-cache",
        "Content-Length": "4",
        "Content-Type": "application/json; charset=utf-8",
        "Date": "Wed, 08 Jun 2022 00:14:04 GMT",
        "ETag": "\u002294044d57-0000-0800-0000-629fe9cd0000\u0022",
        "Expires": "-1",
        "Location": "https://management.azure.com/providers/Microsoft.DeviceUpdate/locations/WESTUS2/operationStatuses/988eb8ab-fac2-4b98-b975-51c3d655e332*3380718DCF2BBD1624513BEF678F5344694FB5B407A558865A71108664C62207?api-version=2022-04-01-preview",
        "Pragma": "no-cache",
        "Strict-Transport-Security": "max-age=31536000; includeSubDomains",
        "X-Content-Type-Options": "nosniff",
        "x-ms-correlation-request-id": "c84c3a79-9c13-4c74-86ef-857971be3f55",
        "x-ms-providerhub-traffic": "True",
        "x-ms-ratelimit-remaining-subscription-deletes": "14999",
        "x-ms-request-id": "988eb8ab-fac2-4b98-b975-51c3d655e332",
        "x-ms-routing-request-id": "WESTCENTRALUS:20220608T001405Z:c84c3a79-9c13-4c74-86ef-857971be3f55"
      },
      "ResponseBody": "null"
    },
    {
      "RequestUri": "https://management.azure.com/providers/Microsoft.DeviceUpdate/locations/WESTUS2/operationStatuses/988eb8ab-fac2-4b98-b975-51c3d655e332*3380718DCF2BBD1624513BEF678F5344694FB5B407A558865A71108664C62207?api-version=2022-04-01-preview",
      "RequestMethod": "GET",
      "RequestHeaders": {
        "Authorization": "Sanitized",
        "traceparent": "00-7a31d6b0cb2cf8498723dc37e2ec1d29-1f476d51ccc6a04e-00",
        "User-Agent": "azsdk-net-ResourceManager/1.0.0 (.NET Framework 4.8.4510.0; Microsoft Windows 10.0.22000 )",
        "x-ms-client-request-id": "281900f8b30f7ecb45a305b05c2d78ac",
        "x-ms-return-client-request-id": "true"
      },
      "RequestBody": null,
      "StatusCode": 202,
      "ResponseHeaders": {
        "Cache-Control": "no-cache",
        "Content-Length": "526",
        "Content-Type": "application/json; charset=utf-8",
        "Date": "Wed, 08 Jun 2022 00:14:04 GMT",
        "ETag": "\u0022da04512d-0000-0800-0000-629fe9cd0000\u0022",
        "Expires": "-1",
        "Pragma": "no-cache",
        "Strict-Transport-Security": "max-age=31536000; includeSubDomains",
        "X-Content-Type-Options": "nosniff",
        "x-ms-correlation-request-id": "2b2b5a88-7c44-4491-a02b-1da6c7b2afc4",
        "x-ms-ratelimit-remaining-tenant-reads": "11993",
        "x-ms-request-id": "327445f3-1e38-4e2d-8599-a1240b877ce7",
        "x-ms-routing-request-id": "WESTCENTRALUS:20220608T001405Z:2b2b5a88-7c44-4491-a02b-1da6c7b2afc4"
      },
      "ResponseBody": {
        "id": "/providers/Microsoft.DeviceUpdate/locations/WESTUS2/operationStatuses/988eb8ab-fac2-4b98-b975-51c3d655e332*3380718DCF2BBD1624513BEF678F5344694FB5B407A558865A71108664C62207",
        "name": "988eb8ab-fac2-4b98-b975-51c3d655e332*3380718DCF2BBD1624513BEF678F5344694FB5B407A558865A71108664C62207",
        "resourceId": "/subscriptions/cf65b9a6-fe0f-4011-881c-aba5a5fb8603/resourceGroups/testRg-936/providers/Microsoft.DeviceUpdate/accounts/Account-4777/instances/Instance-6429",
        "status": "Deleting",
        "startTime": "2022-06-08T00:14:05.2115254Z"
      }
    },
    {
      "RequestUri": "https://management.azure.com/providers/Microsoft.DeviceUpdate/locations/WESTUS2/operationStatuses/988eb8ab-fac2-4b98-b975-51c3d655e332*3380718DCF2BBD1624513BEF678F5344694FB5B407A558865A71108664C62207?api-version=2022-04-01-preview",
      "RequestMethod": "GET",
      "RequestHeaders": {
        "Authorization": "Sanitized",
        "traceparent": "00-7a31d6b0cb2cf8498723dc37e2ec1d29-847453ccd16a414f-00",
        "User-Agent": "azsdk-net-ResourceManager/1.0.0 (.NET Framework 4.8.4510.0; Microsoft Windows 10.0.22000 )",
        "x-ms-client-request-id": "562c664511b30a39e5ea1859be1134d9",
        "x-ms-return-client-request-id": "true"
      },
      "RequestBody": null,
      "StatusCode": 202,
      "ResponseHeaders": {
        "Cache-Control": "no-cache",
        "Content-Length": "526",
        "Content-Type": "application/json; charset=utf-8",
        "Date": "Wed, 08 Jun 2022 00:14:05 GMT",
        "ETag": "\u0022da04512d-0000-0800-0000-629fe9cd0000\u0022",
        "Expires": "-1",
        "Pragma": "no-cache",
        "Strict-Transport-Security": "max-age=31536000; includeSubDomains",
        "X-Content-Type-Options": "nosniff",
        "x-ms-correlation-request-id": "3ad950e4-8dec-4495-af80-1796c03ceb5e",
        "x-ms-ratelimit-remaining-tenant-reads": "11992",
        "x-ms-request-id": "28d92bed-67e2-4f24-a54b-ae2baaa179d1",
        "x-ms-routing-request-id": "WESTCENTRALUS:20220608T001406Z:3ad950e4-8dec-4495-af80-1796c03ceb5e"
      },
      "ResponseBody": {
        "id": "/providers/Microsoft.DeviceUpdate/locations/WESTUS2/operationStatuses/988eb8ab-fac2-4b98-b975-51c3d655e332*3380718DCF2BBD1624513BEF678F5344694FB5B407A558865A71108664C62207",
        "name": "988eb8ab-fac2-4b98-b975-51c3d655e332*3380718DCF2BBD1624513BEF678F5344694FB5B407A558865A71108664C62207",
        "resourceId": "/subscriptions/cf65b9a6-fe0f-4011-881c-aba5a5fb8603/resourceGroups/testRg-936/providers/Microsoft.DeviceUpdate/accounts/Account-4777/instances/Instance-6429",
        "status": "Deleting",
        "startTime": "2022-06-08T00:14:05.2115254Z"
      }
    },
    {
      "RequestUri": "https://management.azure.com/providers/Microsoft.DeviceUpdate/locations/WESTUS2/operationStatuses/988eb8ab-fac2-4b98-b975-51c3d655e332*3380718DCF2BBD1624513BEF678F5344694FB5B407A558865A71108664C62207?api-version=2022-04-01-preview",
      "RequestMethod": "GET",
      "RequestHeaders": {
        "Authorization": "Sanitized",
        "traceparent": "00-7a31d6b0cb2cf8498723dc37e2ec1d29-696018f47f460c47-00",
        "User-Agent": "azsdk-net-ResourceManager/1.0.0 (.NET Framework 4.8.4510.0; Microsoft Windows 10.0.22000 )",
        "x-ms-client-request-id": "6eaafa3f6d847bc56c949ab696c4180c",
        "x-ms-return-client-request-id": "true"
      },
      "RequestBody": null,
      "StatusCode": 202,
      "ResponseHeaders": {
        "Cache-Control": "no-cache",
        "Content-Length": "526",
        "Content-Type": "application/json; charset=utf-8",
        "Date": "Wed, 08 Jun 2022 00:14:06 GMT",
        "ETag": "\u0022da04512d-0000-0800-0000-629fe9cd0000\u0022",
        "Expires": "-1",
        "Pragma": "no-cache",
        "Strict-Transport-Security": "max-age=31536000; includeSubDomains",
        "X-Content-Type-Options": "nosniff",
        "x-ms-correlation-request-id": "48e6e54d-6cb5-4cf5-b09d-72e787d1f57f",
        "x-ms-ratelimit-remaining-tenant-reads": "11991",
        "x-ms-request-id": "71689a6d-e22d-4bfa-88c9-43f370942c9f",
        "x-ms-routing-request-id": "WESTCENTRALUS:20220608T001407Z:48e6e54d-6cb5-4cf5-b09d-72e787d1f57f"
      },
      "ResponseBody": {
        "id": "/providers/Microsoft.DeviceUpdate/locations/WESTUS2/operationStatuses/988eb8ab-fac2-4b98-b975-51c3d655e332*3380718DCF2BBD1624513BEF678F5344694FB5B407A558865A71108664C62207",
        "name": "988eb8ab-fac2-4b98-b975-51c3d655e332*3380718DCF2BBD1624513BEF678F5344694FB5B407A558865A71108664C62207",
        "resourceId": "/subscriptions/cf65b9a6-fe0f-4011-881c-aba5a5fb8603/resourceGroups/testRg-936/providers/Microsoft.DeviceUpdate/accounts/Account-4777/instances/Instance-6429",
        "status": "Deleting",
        "startTime": "2022-06-08T00:14:05.2115254Z"
      }
    },
    {
      "RequestUri": "https://management.azure.com/providers/Microsoft.DeviceUpdate/locations/WESTUS2/operationStatuses/988eb8ab-fac2-4b98-b975-51c3d655e332*3380718DCF2BBD1624513BEF678F5344694FB5B407A558865A71108664C62207?api-version=2022-04-01-preview",
      "RequestMethod": "GET",
      "RequestHeaders": {
        "Authorization": "Sanitized",
        "traceparent": "00-7a31d6b0cb2cf8498723dc37e2ec1d29-f1bd342ff033c24f-00",
        "User-Agent": "azsdk-net-ResourceManager/1.0.0 (.NET Framework 4.8.4510.0; Microsoft Windows 10.0.22000 )",
        "x-ms-client-request-id": "d0aacbc21c22e614c60f43259b71c033",
        "x-ms-return-client-request-id": "true"
      },
      "RequestBody": null,
      "StatusCode": 202,
      "ResponseHeaders": {
        "Cache-Control": "no-cache",
        "Content-Length": "526",
        "Content-Type": "application/json; charset=utf-8",
        "Date": "Wed, 08 Jun 2022 00:14:07 GMT",
        "ETag": "\u0022da04512d-0000-0800-0000-629fe9cd0000\u0022",
        "Expires": "-1",
        "Pragma": "no-cache",
        "Strict-Transport-Security": "max-age=31536000; includeSubDomains",
        "X-Content-Type-Options": "nosniff",
        "x-ms-correlation-request-id": "7317963b-4790-4ae8-9fb6-9be0a8c78c96",
        "x-ms-ratelimit-remaining-tenant-reads": "11990",
        "x-ms-request-id": "9fd4ca30-fb7a-44aa-b735-a72639dca335",
        "x-ms-routing-request-id": "WESTCENTRALUS:20220608T001408Z:7317963b-4790-4ae8-9fb6-9be0a8c78c96"
      },
      "ResponseBody": {
        "id": "/providers/Microsoft.DeviceUpdate/locations/WESTUS2/operationStatuses/988eb8ab-fac2-4b98-b975-51c3d655e332*3380718DCF2BBD1624513BEF678F5344694FB5B407A558865A71108664C62207",
        "name": "988eb8ab-fac2-4b98-b975-51c3d655e332*3380718DCF2BBD1624513BEF678F5344694FB5B407A558865A71108664C62207",
        "resourceId": "/subscriptions/cf65b9a6-fe0f-4011-881c-aba5a5fb8603/resourceGroups/testRg-936/providers/Microsoft.DeviceUpdate/accounts/Account-4777/instances/Instance-6429",
        "status": "Deleting",
        "startTime": "2022-06-08T00:14:05.2115254Z"
      }
    },
    {
      "RequestUri": "https://management.azure.com/providers/Microsoft.DeviceUpdate/locations/WESTUS2/operationStatuses/988eb8ab-fac2-4b98-b975-51c3d655e332*3380718DCF2BBD1624513BEF678F5344694FB5B407A558865A71108664C62207?api-version=2022-04-01-preview",
      "RequestMethod": "GET",
      "RequestHeaders": {
        "Authorization": "Sanitized",
        "traceparent": "00-7a31d6b0cb2cf8498723dc37e2ec1d29-032a00ace52c0c4c-00",
        "User-Agent": "azsdk-net-ResourceManager/1.0.0 (.NET Framework 4.8.4510.0; Microsoft Windows 10.0.22000 )",
        "x-ms-client-request-id": "62702c6f0983d727a0b0e91e77837321",
        "x-ms-return-client-request-id": "true"
      },
      "RequestBody": null,
      "StatusCode": 202,
      "ResponseHeaders": {
        "Cache-Control": "no-cache",
        "Content-Length": "526",
        "Content-Type": "application/json; charset=utf-8",
        "Date": "Wed, 08 Jun 2022 00:14:09 GMT",
        "ETag": "\u0022da04512d-0000-0800-0000-629fe9cd0000\u0022",
        "Expires": "-1",
        "Pragma": "no-cache",
        "Strict-Transport-Security": "max-age=31536000; includeSubDomains",
        "X-Content-Type-Options": "nosniff",
        "x-ms-correlation-request-id": "b9be94f4-3c54-43e1-9308-5168237fa796",
        "x-ms-ratelimit-remaining-tenant-reads": "11989",
        "x-ms-request-id": "84f0f172-1d42-43a8-8e69-3484fc93102c",
        "x-ms-routing-request-id": "WESTCENTRALUS:20220608T001410Z:b9be94f4-3c54-43e1-9308-5168237fa796"
      },
      "ResponseBody": {
        "id": "/providers/Microsoft.DeviceUpdate/locations/WESTUS2/operationStatuses/988eb8ab-fac2-4b98-b975-51c3d655e332*3380718DCF2BBD1624513BEF678F5344694FB5B407A558865A71108664C62207",
        "name": "988eb8ab-fac2-4b98-b975-51c3d655e332*3380718DCF2BBD1624513BEF678F5344694FB5B407A558865A71108664C62207",
        "resourceId": "/subscriptions/cf65b9a6-fe0f-4011-881c-aba5a5fb8603/resourceGroups/testRg-936/providers/Microsoft.DeviceUpdate/accounts/Account-4777/instances/Instance-6429",
        "status": "Deleting",
        "startTime": "2022-06-08T00:14:05.2115254Z"
      }
    },
    {
      "RequestUri": "https://management.azure.com/providers/Microsoft.DeviceUpdate/locations/WESTUS2/operationStatuses/988eb8ab-fac2-4b98-b975-51c3d655e332*3380718DCF2BBD1624513BEF678F5344694FB5B407A558865A71108664C62207?api-version=2022-04-01-preview",
      "RequestMethod": "GET",
      "RequestHeaders": {
        "Authorization": "Sanitized",
        "traceparent": "00-7a31d6b0cb2cf8498723dc37e2ec1d29-de634607efd2fe4a-00",
        "User-Agent": "azsdk-net-ResourceManager/1.0.0 (.NET Framework 4.8.4510.0; Microsoft Windows 10.0.22000 )",
        "x-ms-client-request-id": "f2970bd1636722b6e6c3a7752aa0e0fb",
        "x-ms-return-client-request-id": "true"
      },
      "RequestBody": null,
      "StatusCode": 202,
      "ResponseHeaders": {
        "Cache-Control": "no-cache",
        "Content-Length": "526",
        "Content-Type": "application/json; charset=utf-8",
        "Date": "Wed, 08 Jun 2022 00:14:13 GMT",
        "ETag": "\u0022da04512d-0000-0800-0000-629fe9cd0000\u0022",
        "Expires": "-1",
        "Pragma": "no-cache",
        "Strict-Transport-Security": "max-age=31536000; includeSubDomains",
        "X-Content-Type-Options": "nosniff",
        "x-ms-correlation-request-id": "8d285ea4-2e20-43ff-8f12-cff02b0bbda5",
        "x-ms-ratelimit-remaining-tenant-reads": "11988",
        "x-ms-request-id": "64a1dd01-181d-42f6-b101-899d4eb65d83",
        "x-ms-routing-request-id": "WESTCENTRALUS:20220608T001414Z:8d285ea4-2e20-43ff-8f12-cff02b0bbda5"
      },
      "ResponseBody": {
        "id": "/providers/Microsoft.DeviceUpdate/locations/WESTUS2/operationStatuses/988eb8ab-fac2-4b98-b975-51c3d655e332*3380718DCF2BBD1624513BEF678F5344694FB5B407A558865A71108664C62207",
        "name": "988eb8ab-fac2-4b98-b975-51c3d655e332*3380718DCF2BBD1624513BEF678F5344694FB5B407A558865A71108664C62207",
        "resourceId": "/subscriptions/cf65b9a6-fe0f-4011-881c-aba5a5fb8603/resourceGroups/testRg-936/providers/Microsoft.DeviceUpdate/accounts/Account-4777/instances/Instance-6429",
        "status": "Deleting",
        "startTime": "2022-06-08T00:14:05.2115254Z"
      }
    },
    {
      "RequestUri": "https://management.azure.com/providers/Microsoft.DeviceUpdate/locations/WESTUS2/operationStatuses/988eb8ab-fac2-4b98-b975-51c3d655e332*3380718DCF2BBD1624513BEF678F5344694FB5B407A558865A71108664C62207?api-version=2022-04-01-preview",
      "RequestMethod": "GET",
      "RequestHeaders": {
        "Authorization": "Sanitized",
        "traceparent": "00-7a31d6b0cb2cf8498723dc37e2ec1d29-05c89bda708ff447-00",
        "User-Agent": "azsdk-net-ResourceManager/1.0.0 (.NET Framework 4.8.4510.0; Microsoft Windows 10.0.22000 )",
        "x-ms-client-request-id": "6a4666d4b653b989a3d32f7233f66f43",
        "x-ms-return-client-request-id": "true"
      },
      "RequestBody": null,
      "StatusCode": 202,
      "ResponseHeaders": {
        "Cache-Control": "no-cache",
        "Content-Length": "526",
        "Content-Type": "application/json; charset=utf-8",
        "Date": "Wed, 08 Jun 2022 00:14:21 GMT",
        "ETag": "\u0022da04512d-0000-0800-0000-629fe9cd0000\u0022",
        "Expires": "-1",
        "Pragma": "no-cache",
        "Strict-Transport-Security": "max-age=31536000; includeSubDomains",
        "X-Content-Type-Options": "nosniff",
        "x-ms-correlation-request-id": "487919e8-cef8-4d59-86f2-e806d2942751",
        "x-ms-ratelimit-remaining-tenant-reads": "11987",
        "x-ms-request-id": "c87c7be0-67d7-494e-af3f-00b0d69f76c4",
        "x-ms-routing-request-id": "WESTCENTRALUS:20220608T001422Z:487919e8-cef8-4d59-86f2-e806d2942751"
      },
      "ResponseBody": {
        "id": "/providers/Microsoft.DeviceUpdate/locations/WESTUS2/operationStatuses/988eb8ab-fac2-4b98-b975-51c3d655e332*3380718DCF2BBD1624513BEF678F5344694FB5B407A558865A71108664C62207",
        "name": "988eb8ab-fac2-4b98-b975-51c3d655e332*3380718DCF2BBD1624513BEF678F5344694FB5B407A558865A71108664C62207",
        "resourceId": "/subscriptions/cf65b9a6-fe0f-4011-881c-aba5a5fb8603/resourceGroups/testRg-936/providers/Microsoft.DeviceUpdate/accounts/Account-4777/instances/Instance-6429",
        "status": "Deleting",
        "startTime": "2022-06-08T00:14:05.2115254Z"
      }
    },
    {
      "RequestUri": "https://management.azure.com/providers/Microsoft.DeviceUpdate/locations/WESTUS2/operationStatuses/988eb8ab-fac2-4b98-b975-51c3d655e332*3380718DCF2BBD1624513BEF678F5344694FB5B407A558865A71108664C62207?api-version=2022-04-01-preview",
      "RequestMethod": "GET",
      "RequestHeaders": {
        "Authorization": "Sanitized",
        "traceparent": "00-7a31d6b0cb2cf8498723dc37e2ec1d29-0392d34d18eb254b-00",
        "User-Agent": "azsdk-net-ResourceManager/1.0.0 (.NET Framework 4.8.4510.0; Microsoft Windows 10.0.22000 )",
        "x-ms-client-request-id": "8f53229ccdda0bcc754e7bbf61b2ac00",
        "x-ms-return-client-request-id": "true"
      },
      "RequestBody": null,
      "StatusCode": 202,
      "ResponseHeaders": {
        "Cache-Control": "no-cache",
        "Content-Length": "526",
        "Content-Type": "application/json; charset=utf-8",
        "Date": "Wed, 08 Jun 2022 00:14:38 GMT",
        "ETag": "\u0022da04512d-0000-0800-0000-629fe9cd0000\u0022",
        "Expires": "-1",
        "Pragma": "no-cache",
        "Strict-Transport-Security": "max-age=31536000; includeSubDomains",
        "X-Content-Type-Options": "nosniff",
        "x-ms-correlation-request-id": "4345de52-042e-4a7e-be79-109c90cff424",
        "x-ms-ratelimit-remaining-tenant-reads": "11986",
        "x-ms-request-id": "88e783da-dfd7-45d8-bc91-270e65ed7400",
        "x-ms-routing-request-id": "WESTCENTRALUS:20220608T001438Z:4345de52-042e-4a7e-be79-109c90cff424"
      },
      "ResponseBody": {
        "id": "/providers/Microsoft.DeviceUpdate/locations/WESTUS2/operationStatuses/988eb8ab-fac2-4b98-b975-51c3d655e332*3380718DCF2BBD1624513BEF678F5344694FB5B407A558865A71108664C62207",
        "name": "988eb8ab-fac2-4b98-b975-51c3d655e332*3380718DCF2BBD1624513BEF678F5344694FB5B407A558865A71108664C62207",
        "resourceId": "/subscriptions/cf65b9a6-fe0f-4011-881c-aba5a5fb8603/resourceGroups/testRg-936/providers/Microsoft.DeviceUpdate/accounts/Account-4777/instances/Instance-6429",
        "status": "Deleting",
        "startTime": "2022-06-08T00:14:05.2115254Z"
      }
    },
    {
      "RequestUri": "https://management.azure.com/providers/Microsoft.DeviceUpdate/locations/WESTUS2/operationStatuses/988eb8ab-fac2-4b98-b975-51c3d655e332*3380718DCF2BBD1624513BEF678F5344694FB5B407A558865A71108664C62207?api-version=2022-04-01-preview",
      "RequestMethod": "GET",
      "RequestHeaders": {
        "Authorization": "Sanitized",
        "traceparent": "00-7a31d6b0cb2cf8498723dc37e2ec1d29-3875c21a596aa14a-00",
        "User-Agent": "azsdk-net-ResourceManager/1.0.0 (.NET Framework 4.8.4510.0; Microsoft Windows 10.0.22000 )",
        "x-ms-client-request-id": "1049eecf093c1bce82de4f933344efef",
        "x-ms-return-client-request-id": "true"
      },
      "RequestBody": null,
      "StatusCode": 202,
      "ResponseHeaders": {
        "Cache-Control": "no-cache",
        "Content-Length": "526",
        "Content-Type": "application/json; charset=utf-8",
        "Date": "Wed, 08 Jun 2022 00:15:10 GMT",
        "ETag": "\u0022da04512d-0000-0800-0000-629fe9cd0000\u0022",
        "Expires": "-1",
        "Pragma": "no-cache",
        "Strict-Transport-Security": "max-age=31536000; includeSubDomains",
        "X-Content-Type-Options": "nosniff",
        "x-ms-correlation-request-id": "35bd7b13-25cb-4ad8-a126-5b7d488ed218",
        "x-ms-ratelimit-remaining-tenant-reads": "11985",
        "x-ms-request-id": "47ca83ac-85dc-452b-8eb9-43442be81da9",
        "x-ms-routing-request-id": "WESTCENTRALUS:20220608T001510Z:35bd7b13-25cb-4ad8-a126-5b7d488ed218"
      },
      "ResponseBody": {
        "id": "/providers/Microsoft.DeviceUpdate/locations/WESTUS2/operationStatuses/988eb8ab-fac2-4b98-b975-51c3d655e332*3380718DCF2BBD1624513BEF678F5344694FB5B407A558865A71108664C62207",
        "name": "988eb8ab-fac2-4b98-b975-51c3d655e332*3380718DCF2BBD1624513BEF678F5344694FB5B407A558865A71108664C62207",
        "resourceId": "/subscriptions/cf65b9a6-fe0f-4011-881c-aba5a5fb8603/resourceGroups/testRg-936/providers/Microsoft.DeviceUpdate/accounts/Account-4777/instances/Instance-6429",
        "status": "Deleting",
        "startTime": "2022-06-08T00:14:05.2115254Z"
      }
    },
    {
      "RequestUri": "https://management.azure.com/providers/Microsoft.DeviceUpdate/locations/WESTUS2/operationStatuses/988eb8ab-fac2-4b98-b975-51c3d655e332*3380718DCF2BBD1624513BEF678F5344694FB5B407A558865A71108664C62207?api-version=2022-04-01-preview",
      "RequestMethod": "GET",
      "RequestHeaders": {
        "Authorization": "Sanitized",
        "traceparent": "00-7a31d6b0cb2cf8498723dc37e2ec1d29-e7a10e5c52488d4f-00",
        "User-Agent": "azsdk-net-ResourceManager/1.0.0 (.NET Framework 4.8.4510.0; Microsoft Windows 10.0.22000 )",
        "x-ms-client-request-id": "08d96454504c0720993bf4053aca57f1",
        "x-ms-return-client-request-id": "true"
      },
      "RequestBody": null,
      "StatusCode": 202,
      "ResponseHeaders": {
        "Cache-Control": "no-cache",
        "Content-Length": "526",
        "Content-Type": "application/json; charset=utf-8",
        "Date": "Wed, 08 Jun 2022 00:15:42 GMT",
        "ETag": "\u0022da04512d-0000-0800-0000-629fe9cd0000\u0022",
        "Expires": "-1",
        "Pragma": "no-cache",
        "Strict-Transport-Security": "max-age=31536000; includeSubDomains",
        "X-Content-Type-Options": "nosniff",
        "x-ms-correlation-request-id": "54210fa3-1b84-44c1-8fb8-c39eda1a8b04",
        "x-ms-ratelimit-remaining-tenant-reads": "11984",
        "x-ms-request-id": "1dc1900b-e242-4870-9687-ce952bea37a8",
        "x-ms-routing-request-id": "WESTCENTRALUS:20220608T001543Z:54210fa3-1b84-44c1-8fb8-c39eda1a8b04"
      },
      "ResponseBody": {
        "id": "/providers/Microsoft.DeviceUpdate/locations/WESTUS2/operationStatuses/988eb8ab-fac2-4b98-b975-51c3d655e332*3380718DCF2BBD1624513BEF678F5344694FB5B407A558865A71108664C62207",
        "name": "988eb8ab-fac2-4b98-b975-51c3d655e332*3380718DCF2BBD1624513BEF678F5344694FB5B407A558865A71108664C62207",
        "resourceId": "/subscriptions/cf65b9a6-fe0f-4011-881c-aba5a5fb8603/resourceGroups/testRg-936/providers/Microsoft.DeviceUpdate/accounts/Account-4777/instances/Instance-6429",
        "status": "Deleting",
        "startTime": "2022-06-08T00:14:05.2115254Z"
      }
    },
    {
      "RequestUri": "https://management.azure.com/providers/Microsoft.DeviceUpdate/locations/WESTUS2/operationStatuses/988eb8ab-fac2-4b98-b975-51c3d655e332*3380718DCF2BBD1624513BEF678F5344694FB5B407A558865A71108664C62207?api-version=2022-04-01-preview",
      "RequestMethod": "GET",
      "RequestHeaders": {
        "Authorization": "Sanitized",
        "traceparent": "00-7a31d6b0cb2cf8498723dc37e2ec1d29-0a9a67e564a8b347-00",
        "User-Agent": "azsdk-net-ResourceManager/1.0.0 (.NET Framework 4.8.4510.0; Microsoft Windows 10.0.22000 )",
        "x-ms-client-request-id": "45a22f265eac920653380dfb7e39d730",
        "x-ms-return-client-request-id": "true"
      },
      "RequestBody": null,
      "StatusCode": 202,
      "ResponseHeaders": {
        "Cache-Control": "no-cache",
        "Content-Length": "526",
        "Content-Type": "application/json; charset=utf-8",
        "Date": "Wed, 08 Jun 2022 00:16:14 GMT",
        "ETag": "\u0022da04512d-0000-0800-0000-629fe9cd0000\u0022",
        "Expires": "-1",
        "Pragma": "no-cache",
        "Strict-Transport-Security": "max-age=31536000; includeSubDomains",
        "X-Content-Type-Options": "nosniff",
        "x-ms-correlation-request-id": "c79f108a-9017-4097-92c2-744fa6272665",
        "x-ms-ratelimit-remaining-tenant-reads": "11983",
        "x-ms-request-id": "283169c6-2154-4040-b7f5-82142488f449",
        "x-ms-routing-request-id": "WESTCENTRALUS:20220608T001615Z:c79f108a-9017-4097-92c2-744fa6272665"
      },
      "ResponseBody": {
        "id": "/providers/Microsoft.DeviceUpdate/locations/WESTUS2/operationStatuses/988eb8ab-fac2-4b98-b975-51c3d655e332*3380718DCF2BBD1624513BEF678F5344694FB5B407A558865A71108664C62207",
        "name": "988eb8ab-fac2-4b98-b975-51c3d655e332*3380718DCF2BBD1624513BEF678F5344694FB5B407A558865A71108664C62207",
        "resourceId": "/subscriptions/cf65b9a6-fe0f-4011-881c-aba5a5fb8603/resourceGroups/testRg-936/providers/Microsoft.DeviceUpdate/accounts/Account-4777/instances/Instance-6429",
        "status": "Deleting",
        "startTime": "2022-06-08T00:14:05.2115254Z"
      }
    },
    {
      "RequestUri": "https://management.azure.com/providers/Microsoft.DeviceUpdate/locations/WESTUS2/operationStatuses/988eb8ab-fac2-4b98-b975-51c3d655e332*3380718DCF2BBD1624513BEF678F5344694FB5B407A558865A71108664C62207?api-version=2022-04-01-preview",
      "RequestMethod": "GET",
      "RequestHeaders": {
        "Authorization": "Sanitized",
        "Connection": "close",
        "traceparent": "00-7a31d6b0cb2cf8498723dc37e2ec1d29-ef0f4de2bfc09c40-00",
        "User-Agent": "azsdk-net-ResourceManager/1.0.0 (.NET Framework 4.8.4510.0; Microsoft Windows 10.0.22000 )",
        "x-ms-client-request-id": "fc6b8c5ea4d97fb3cd42760114c9e1b8",
        "x-ms-return-client-request-id": "true"
      },
      "RequestBody": null,
      "StatusCode": 202,
      "ResponseHeaders": {
        "Cache-Control": "no-cache",
        "Connection": "close",
        "Content-Length": "526",
        "Content-Type": "application/json; charset=utf-8",
        "Date": "Wed, 08 Jun 2022 00:16:46 GMT",
        "ETag": "\u0022da04512d-0000-0800-0000-629fe9cd0000\u0022",
        "Expires": "-1",
        "Pragma": "no-cache",
        "Strict-Transport-Security": "max-age=31536000; includeSubDomains",
        "X-Content-Type-Options": "nosniff",
        "x-ms-correlation-request-id": "0adf3179-95be-46de-8b61-20eebe33cd70",
        "x-ms-ratelimit-remaining-tenant-reads": "11982",
        "x-ms-request-id": "7ba9da40-f0ab-4060-aba4-a3c573d4f2a1",
        "x-ms-routing-request-id": "WESTCENTRALUS:20220608T001647Z:0adf3179-95be-46de-8b61-20eebe33cd70"
      },
      "ResponseBody": {
        "id": "/providers/Microsoft.DeviceUpdate/locations/WESTUS2/operationStatuses/988eb8ab-fac2-4b98-b975-51c3d655e332*3380718DCF2BBD1624513BEF678F5344694FB5B407A558865A71108664C62207",
        "name": "988eb8ab-fac2-4b98-b975-51c3d655e332*3380718DCF2BBD1624513BEF678F5344694FB5B407A558865A71108664C62207",
        "resourceId": "/subscriptions/cf65b9a6-fe0f-4011-881c-aba5a5fb8603/resourceGroups/testRg-936/providers/Microsoft.DeviceUpdate/accounts/Account-4777/instances/Instance-6429",
        "status": "Deleting",
        "startTime": "2022-06-08T00:14:05.2115254Z"
      }
    },
    {
      "RequestUri": "https://management.azure.com/providers/Microsoft.DeviceUpdate/locations/WESTUS2/operationStatuses/988eb8ab-fac2-4b98-b975-51c3d655e332*3380718DCF2BBD1624513BEF678F5344694FB5B407A558865A71108664C62207?api-version=2022-04-01-preview",
      "RequestMethod": "GET",
      "RequestHeaders": {
        "Authorization": "Sanitized",
        "traceparent": "00-7a31d6b0cb2cf8498723dc37e2ec1d29-9af83b61b4e57141-00",
        "User-Agent": "azsdk-net-ResourceManager/1.0.0 (.NET Framework 4.8.4510.0; Microsoft Windows 10.0.22000 )",
        "x-ms-client-request-id": "046d5d86aaa2f5435d46b41442258960",
        "x-ms-return-client-request-id": "true"
      },
      "RequestBody": null,
      "StatusCode": 202,
      "ResponseHeaders": {
        "Cache-Control": "no-cache",
        "Content-Length": "526",
        "Content-Type": "application/json; charset=utf-8",
        "Date": "Wed, 08 Jun 2022 00:17:18 GMT",
        "ETag": "\u0022da04512d-0000-0800-0000-629fe9cd0000\u0022",
        "Expires": "-1",
        "Pragma": "no-cache",
        "Strict-Transport-Security": "max-age=31536000; includeSubDomains",
        "X-Content-Type-Options": "nosniff",
        "x-ms-correlation-request-id": "6837578f-de8b-48ef-8b28-d898856fa686",
        "x-ms-ratelimit-remaining-tenant-reads": "11999",
        "x-ms-request-id": "fe1a6aa1-a6a5-4527-8754-a352342fbe05",
        "x-ms-routing-request-id": "WESTUS:20220608T001719Z:6837578f-de8b-48ef-8b28-d898856fa686"
      },
      "ResponseBody": {
        "id": "/providers/Microsoft.DeviceUpdate/locations/WESTUS2/operationStatuses/988eb8ab-fac2-4b98-b975-51c3d655e332*3380718DCF2BBD1624513BEF678F5344694FB5B407A558865A71108664C62207",
        "name": "988eb8ab-fac2-4b98-b975-51c3d655e332*3380718DCF2BBD1624513BEF678F5344694FB5B407A558865A71108664C62207",
        "resourceId": "/subscriptions/cf65b9a6-fe0f-4011-881c-aba5a5fb8603/resourceGroups/testRg-936/providers/Microsoft.DeviceUpdate/accounts/Account-4777/instances/Instance-6429",
        "status": "Deleting",
        "startTime": "2022-06-08T00:14:05.2115254Z"
      }
    },
    {
      "RequestUri": "https://management.azure.com/providers/Microsoft.DeviceUpdate/locations/WESTUS2/operationStatuses/988eb8ab-fac2-4b98-b975-51c3d655e332*3380718DCF2BBD1624513BEF678F5344694FB5B407A558865A71108664C62207?api-version=2022-04-01-preview",
      "RequestMethod": "GET",
      "RequestHeaders": {
        "Authorization": "Sanitized",
        "traceparent": "00-7a31d6b0cb2cf8498723dc37e2ec1d29-70375cf84c257046-00",
        "User-Agent": "azsdk-net-ResourceManager/1.0.0 (.NET Framework 4.8.4510.0; Microsoft Windows 10.0.22000 )",
        "x-ms-client-request-id": "aea6c4635b5e82187b227769e7057e8a",
        "x-ms-return-client-request-id": "true"
      },
      "RequestBody": null,
      "StatusCode": 202,
      "ResponseHeaders": {
        "Cache-Control": "no-cache",
        "Content-Length": "526",
        "Content-Type": "application/json; charset=utf-8",
        "Date": "Wed, 08 Jun 2022 00:17:51 GMT",
        "ETag": "\u0022da04512d-0000-0800-0000-629fe9cd0000\u0022",
        "Expires": "-1",
        "Pragma": "no-cache",
        "Strict-Transport-Security": "max-age=31536000; includeSubDomains",
        "X-Content-Type-Options": "nosniff",
        "x-ms-correlation-request-id": "504a3802-83ac-4b6b-abdf-a6dcde1350f7",
        "x-ms-ratelimit-remaining-tenant-reads": "11998",
        "x-ms-request-id": "5a921dc0-e9ee-48f6-bd4f-14b4f1740600",
        "x-ms-routing-request-id": "WESTUS:20220608T001751Z:504a3802-83ac-4b6b-abdf-a6dcde1350f7"
      },
      "ResponseBody": {
        "id": "/providers/Microsoft.DeviceUpdate/locations/WESTUS2/operationStatuses/988eb8ab-fac2-4b98-b975-51c3d655e332*3380718DCF2BBD1624513BEF678F5344694FB5B407A558865A71108664C62207",
        "name": "988eb8ab-fac2-4b98-b975-51c3d655e332*3380718DCF2BBD1624513BEF678F5344694FB5B407A558865A71108664C62207",
        "resourceId": "/subscriptions/cf65b9a6-fe0f-4011-881c-aba5a5fb8603/resourceGroups/testRg-936/providers/Microsoft.DeviceUpdate/accounts/Account-4777/instances/Instance-6429",
        "status": "Deleting",
        "startTime": "2022-06-08T00:14:05.2115254Z"
      }
    },
    {
      "RequestUri": "https://management.azure.com/providers/Microsoft.DeviceUpdate/locations/WESTUS2/operationStatuses/988eb8ab-fac2-4b98-b975-51c3d655e332*3380718DCF2BBD1624513BEF678F5344694FB5B407A558865A71108664C62207?api-version=2022-04-01-preview",
      "RequestMethod": "GET",
      "RequestHeaders": {
        "Authorization": "Sanitized",
        "traceparent": "00-7a31d6b0cb2cf8498723dc37e2ec1d29-956467bd4f9b654f-00",
        "User-Agent": "azsdk-net-ResourceManager/1.0.0 (.NET Framework 4.8.4510.0; Microsoft Windows 10.0.22000 )",
        "x-ms-client-request-id": "20755557d2cbb48e48759e92ef9e3ca8",
        "x-ms-return-client-request-id": "true"
      },
      "RequestBody": null,
      "StatusCode": 202,
      "ResponseHeaders": {
        "Cache-Control": "no-cache",
        "Content-Length": "526",
        "Content-Type": "application/json; charset=utf-8",
        "Date": "Wed, 08 Jun 2022 00:18:22 GMT",
        "ETag": "\u0022da04512d-0000-0800-0000-629fe9cd0000\u0022",
        "Expires": "-1",
        "Pragma": "no-cache",
        "Strict-Transport-Security": "max-age=31536000; includeSubDomains",
        "X-Content-Type-Options": "nosniff",
        "x-ms-correlation-request-id": "398b655c-83e5-4cc0-b9b8-bf719fcfc614",
        "x-ms-ratelimit-remaining-tenant-reads": "11997",
        "x-ms-request-id": "e7746ad2-bc60-488f-bc69-7691e5a31283",
        "x-ms-routing-request-id": "WESTUS:20220608T001823Z:398b655c-83e5-4cc0-b9b8-bf719fcfc614"
      },
      "ResponseBody": {
        "id": "/providers/Microsoft.DeviceUpdate/locations/WESTUS2/operationStatuses/988eb8ab-fac2-4b98-b975-51c3d655e332*3380718DCF2BBD1624513BEF678F5344694FB5B407A558865A71108664C62207",
        "name": "988eb8ab-fac2-4b98-b975-51c3d655e332*3380718DCF2BBD1624513BEF678F5344694FB5B407A558865A71108664C62207",
        "resourceId": "/subscriptions/cf65b9a6-fe0f-4011-881c-aba5a5fb8603/resourceGroups/testRg-936/providers/Microsoft.DeviceUpdate/accounts/Account-4777/instances/Instance-6429",
        "status": "Deleting",
        "startTime": "2022-06-08T00:14:05.2115254Z"
      }
    },
    {
      "RequestUri": "https://management.azure.com/providers/Microsoft.DeviceUpdate/locations/WESTUS2/operationStatuses/988eb8ab-fac2-4b98-b975-51c3d655e332*3380718DCF2BBD1624513BEF678F5344694FB5B407A558865A71108664C62207?api-version=2022-04-01-preview",
      "RequestMethod": "GET",
      "RequestHeaders": {
        "Authorization": "Sanitized",
        "traceparent": "00-7a31d6b0cb2cf8498723dc37e2ec1d29-e29ab1677329fc4c-00",
        "User-Agent": "azsdk-net-ResourceManager/1.0.0 (.NET Framework 4.8.4510.0; Microsoft Windows 10.0.22000 )",
        "x-ms-client-request-id": "509e15b932222b5945ea897f32d90d58",
        "x-ms-return-client-request-id": "true"
      },
      "RequestBody": null,
      "StatusCode": 202,
      "ResponseHeaders": {
        "Cache-Control": "no-cache",
        "Content-Length": "526",
        "Content-Type": "application/json; charset=utf-8",
        "Date": "Wed, 08 Jun 2022 00:18:55 GMT",
        "ETag": "\u0022da04512d-0000-0800-0000-629fe9cd0000\u0022",
        "Expires": "-1",
        "Pragma": "no-cache",
        "Strict-Transport-Security": "max-age=31536000; includeSubDomains",
        "X-Content-Type-Options": "nosniff",
        "x-ms-correlation-request-id": "d610c34d-c6bd-4401-86bf-b6cc771b051d",
        "x-ms-ratelimit-remaining-tenant-reads": "11996",
        "x-ms-request-id": "74e70be2-6ac2-4135-9975-fcedd766396b",
        "x-ms-routing-request-id": "WESTUS:20220608T001855Z:d610c34d-c6bd-4401-86bf-b6cc771b051d"
      },
      "ResponseBody": {
        "id": "/providers/Microsoft.DeviceUpdate/locations/WESTUS2/operationStatuses/988eb8ab-fac2-4b98-b975-51c3d655e332*3380718DCF2BBD1624513BEF678F5344694FB5B407A558865A71108664C62207",
        "name": "988eb8ab-fac2-4b98-b975-51c3d655e332*3380718DCF2BBD1624513BEF678F5344694FB5B407A558865A71108664C62207",
        "resourceId": "/subscriptions/cf65b9a6-fe0f-4011-881c-aba5a5fb8603/resourceGroups/testRg-936/providers/Microsoft.DeviceUpdate/accounts/Account-4777/instances/Instance-6429",
        "status": "Deleting",
        "startTime": "2022-06-08T00:14:05.2115254Z"
      }
    },
    {
      "RequestUri": "https://management.azure.com/providers/Microsoft.DeviceUpdate/locations/WESTUS2/operationStatuses/988eb8ab-fac2-4b98-b975-51c3d655e332*3380718DCF2BBD1624513BEF678F5344694FB5B407A558865A71108664C62207?api-version=2022-04-01-preview",
      "RequestMethod": "GET",
      "RequestHeaders": {
        "Authorization": "Sanitized",
        "traceparent": "00-7a31d6b0cb2cf8498723dc37e2ec1d29-16893e2bdbfbb445-00",
        "User-Agent": "azsdk-net-ResourceManager/1.0.0 (.NET Framework 4.8.4510.0; Microsoft Windows 10.0.22000 )",
        "x-ms-client-request-id": "edbd29c768af909435f165e8bc8592dc",
        "x-ms-return-client-request-id": "true"
      },
      "RequestBody": null,
      "StatusCode": 202,
      "ResponseHeaders": {
        "Cache-Control": "no-cache",
        "Content-Length": "526",
        "Content-Type": "application/json; charset=utf-8",
        "Date": "Wed, 08 Jun 2022 00:19:27 GMT",
        "ETag": "\u0022da04512d-0000-0800-0000-629fe9cd0000\u0022",
        "Expires": "-1",
        "Pragma": "no-cache",
        "Strict-Transport-Security": "max-age=31536000; includeSubDomains",
        "X-Content-Type-Options": "nosniff",
        "x-ms-correlation-request-id": "98b4f316-24bb-4f23-aead-65464a4f6d1e",
        "x-ms-ratelimit-remaining-tenant-reads": "11995",
        "x-ms-request-id": "bc364a79-05d4-4e77-a1b7-8de59857716e",
        "x-ms-routing-request-id": "WESTUS:20220608T001927Z:98b4f316-24bb-4f23-aead-65464a4f6d1e"
      },
      "ResponseBody": {
        "id": "/providers/Microsoft.DeviceUpdate/locations/WESTUS2/operationStatuses/988eb8ab-fac2-4b98-b975-51c3d655e332*3380718DCF2BBD1624513BEF678F5344694FB5B407A558865A71108664C62207",
        "name": "988eb8ab-fac2-4b98-b975-51c3d655e332*3380718DCF2BBD1624513BEF678F5344694FB5B407A558865A71108664C62207",
        "resourceId": "/subscriptions/cf65b9a6-fe0f-4011-881c-aba5a5fb8603/resourceGroups/testRg-936/providers/Microsoft.DeviceUpdate/accounts/Account-4777/instances/Instance-6429",
        "status": "Deleting",
        "startTime": "2022-06-08T00:14:05.2115254Z"
      }
    },
    {
      "RequestUri": "https://management.azure.com/providers/Microsoft.DeviceUpdate/locations/WESTUS2/operationStatuses/988eb8ab-fac2-4b98-b975-51c3d655e332*3380718DCF2BBD1624513BEF678F5344694FB5B407A558865A71108664C62207?api-version=2022-04-01-preview",
      "RequestMethod": "GET",
      "RequestHeaders": {
        "Authorization": "Sanitized",
        "traceparent": "00-7a31d6b0cb2cf8498723dc37e2ec1d29-065d81cfee298246-00",
        "User-Agent": "azsdk-net-ResourceManager/1.0.0 (.NET Framework 4.8.4510.0; Microsoft Windows 10.0.22000 )",
        "x-ms-client-request-id": "d2b0cfe62e672468fc49dbe0490f826e",
        "x-ms-return-client-request-id": "true"
      },
      "RequestBody": null,
      "StatusCode": 202,
      "ResponseHeaders": {
        "Cache-Control": "no-cache",
        "Content-Length": "526",
        "Content-Type": "application/json; charset=utf-8",
        "Date": "Wed, 08 Jun 2022 00:19:59 GMT",
        "ETag": "\u0022da04512d-0000-0800-0000-629fe9cd0000\u0022",
        "Expires": "-1",
        "Pragma": "no-cache",
        "Strict-Transport-Security": "max-age=31536000; includeSubDomains",
        "X-Content-Type-Options": "nosniff",
        "x-ms-correlation-request-id": "572292e0-1116-42ec-a316-bb566ab228ab",
        "x-ms-ratelimit-remaining-tenant-reads": "11994",
        "x-ms-request-id": "c83e7ea5-7820-46ba-af92-2d337d8bcac9",
        "x-ms-routing-request-id": "WESTUS:20220608T001959Z:572292e0-1116-42ec-a316-bb566ab228ab"
      },
      "ResponseBody": {
        "id": "/providers/Microsoft.DeviceUpdate/locations/WESTUS2/operationStatuses/988eb8ab-fac2-4b98-b975-51c3d655e332*3380718DCF2BBD1624513BEF678F5344694FB5B407A558865A71108664C62207",
        "name": "988eb8ab-fac2-4b98-b975-51c3d655e332*3380718DCF2BBD1624513BEF678F5344694FB5B407A558865A71108664C62207",
        "resourceId": "/subscriptions/cf65b9a6-fe0f-4011-881c-aba5a5fb8603/resourceGroups/testRg-936/providers/Microsoft.DeviceUpdate/accounts/Account-4777/instances/Instance-6429",
        "status": "Deleting",
        "startTime": "2022-06-08T00:14:05.2115254Z"
      }
    },
    {
      "RequestUri": "https://management.azure.com/providers/Microsoft.DeviceUpdate/locations/WESTUS2/operationStatuses/988eb8ab-fac2-4b98-b975-51c3d655e332*3380718DCF2BBD1624513BEF678F5344694FB5B407A558865A71108664C62207?api-version=2022-04-01-preview",
      "RequestMethod": "GET",
      "RequestHeaders": {
        "Authorization": "Sanitized",
        "traceparent": "00-7a31d6b0cb2cf8498723dc37e2ec1d29-9efcc768ecd6cb45-00",
        "User-Agent": "azsdk-net-ResourceManager/1.0.0 (.NET Framework 4.8.4510.0; Microsoft Windows 10.0.22000 )",
        "x-ms-client-request-id": "c6cb46684fe050f8800d1a31cc706ebf",
        "x-ms-return-client-request-id": "true"
      },
      "RequestBody": null,
      "StatusCode": 202,
      "ResponseHeaders": {
        "Cache-Control": "no-cache",
        "Content-Length": "526",
        "Content-Type": "application/json; charset=utf-8",
        "Date": "Wed, 08 Jun 2022 00:20:31 GMT",
        "ETag": "\u0022da04512d-0000-0800-0000-629fe9cd0000\u0022",
        "Expires": "-1",
        "Pragma": "no-cache",
        "Strict-Transport-Security": "max-age=31536000; includeSubDomains",
        "X-Content-Type-Options": "nosniff",
        "x-ms-correlation-request-id": "610a7864-9f4c-418d-a305-1239810ee20b",
        "x-ms-ratelimit-remaining-tenant-reads": "11993",
        "x-ms-request-id": "bce0fd8b-3633-4339-bccd-704b5949a53a",
        "x-ms-routing-request-id": "WESTUS:20220608T002031Z:610a7864-9f4c-418d-a305-1239810ee20b"
      },
      "ResponseBody": {
        "id": "/providers/Microsoft.DeviceUpdate/locations/WESTUS2/operationStatuses/988eb8ab-fac2-4b98-b975-51c3d655e332*3380718DCF2BBD1624513BEF678F5344694FB5B407A558865A71108664C62207",
        "name": "988eb8ab-fac2-4b98-b975-51c3d655e332*3380718DCF2BBD1624513BEF678F5344694FB5B407A558865A71108664C62207",
        "resourceId": "/subscriptions/cf65b9a6-fe0f-4011-881c-aba5a5fb8603/resourceGroups/testRg-936/providers/Microsoft.DeviceUpdate/accounts/Account-4777/instances/Instance-6429",
        "status": "Deleting",
        "startTime": "2022-06-08T00:14:05.2115254Z"
      }
    },
    {
      "RequestUri": "https://management.azure.com/providers/Microsoft.DeviceUpdate/locations/WESTUS2/operationStatuses/988eb8ab-fac2-4b98-b975-51c3d655e332*3380718DCF2BBD1624513BEF678F5344694FB5B407A558865A71108664C62207?api-version=2022-04-01-preview",
      "RequestMethod": "GET",
      "RequestHeaders": {
        "Authorization": "Sanitized",
        "traceparent": "00-7a31d6b0cb2cf8498723dc37e2ec1d29-4542fcf235cce14a-00",
        "User-Agent": "azsdk-net-ResourceManager/1.0.0 (.NET Framework 4.8.4510.0; Microsoft Windows 10.0.22000 )",
        "x-ms-client-request-id": "6299ac583b2998f1c199f0658db44626",
        "x-ms-return-client-request-id": "true"
      },
      "RequestBody": null,
      "StatusCode": 202,
      "ResponseHeaders": {
        "Cache-Control": "no-cache",
        "Content-Length": "526",
        "Content-Type": "application/json; charset=utf-8",
        "Date": "Wed, 08 Jun 2022 00:21:04 GMT",
        "ETag": "\u0022da04512d-0000-0800-0000-629fe9cd0000\u0022",
        "Expires": "-1",
        "Pragma": "no-cache",
        "Strict-Transport-Security": "max-age=31536000; includeSubDomains",
        "X-Content-Type-Options": "nosniff",
        "x-ms-correlation-request-id": "59ae5b3f-0d64-42de-9499-074d89bdcaad",
        "x-ms-ratelimit-remaining-tenant-reads": "11992",
        "x-ms-request-id": "e639cfff-93bc-4fe7-95e7-1b5be6414de1",
        "x-ms-routing-request-id": "WESTUS:20220608T002104Z:59ae5b3f-0d64-42de-9499-074d89bdcaad"
      },
      "ResponseBody": {
        "id": "/providers/Microsoft.DeviceUpdate/locations/WESTUS2/operationStatuses/988eb8ab-fac2-4b98-b975-51c3d655e332*3380718DCF2BBD1624513BEF678F5344694FB5B407A558865A71108664C62207",
        "name": "988eb8ab-fac2-4b98-b975-51c3d655e332*3380718DCF2BBD1624513BEF678F5344694FB5B407A558865A71108664C62207",
        "resourceId": "/subscriptions/cf65b9a6-fe0f-4011-881c-aba5a5fb8603/resourceGroups/testRg-936/providers/Microsoft.DeviceUpdate/accounts/Account-4777/instances/Instance-6429",
        "status": "Deleting",
        "startTime": "2022-06-08T00:14:05.2115254Z"
      }
    },
    {
      "RequestUri": "https://management.azure.com/providers/Microsoft.DeviceUpdate/locations/WESTUS2/operationStatuses/988eb8ab-fac2-4b98-b975-51c3d655e332*3380718DCF2BBD1624513BEF678F5344694FB5B407A558865A71108664C62207?api-version=2022-04-01-preview",
      "RequestMethod": "GET",
      "RequestHeaders": {
        "Authorization": "Sanitized",
        "traceparent": "00-7a31d6b0cb2cf8498723dc37e2ec1d29-9d82140d738d8445-00",
        "User-Agent": "azsdk-net-ResourceManager/1.0.0 (.NET Framework 4.8.4510.0; Microsoft Windows 10.0.22000 )",
        "x-ms-client-request-id": "7680f76fcbba96fbd75f51591436578b",
        "x-ms-return-client-request-id": "true"
      },
      "RequestBody": null,
      "StatusCode": 202,
      "ResponseHeaders": {
        "Cache-Control": "no-cache",
        "Content-Length": "526",
        "Content-Type": "application/json; charset=utf-8",
        "Date": "Wed, 08 Jun 2022 00:21:35 GMT",
        "ETag": "\u0022da04512d-0000-0800-0000-629fe9cd0000\u0022",
        "Expires": "-1",
        "Pragma": "no-cache",
        "Strict-Transport-Security": "max-age=31536000; includeSubDomains",
        "X-Content-Type-Options": "nosniff",
        "x-ms-correlation-request-id": "4a9db4bf-f0b5-4b2a-90f0-71c2104f14fd",
        "x-ms-ratelimit-remaining-tenant-reads": "11991",
        "x-ms-request-id": "5b322f0a-ccb1-42f8-9e59-05b5ee24c7a4",
        "x-ms-routing-request-id": "WESTUS:20220608T002136Z:4a9db4bf-f0b5-4b2a-90f0-71c2104f14fd"
      },
      "ResponseBody": {
        "id": "/providers/Microsoft.DeviceUpdate/locations/WESTUS2/operationStatuses/988eb8ab-fac2-4b98-b975-51c3d655e332*3380718DCF2BBD1624513BEF678F5344694FB5B407A558865A71108664C62207",
        "name": "988eb8ab-fac2-4b98-b975-51c3d655e332*3380718DCF2BBD1624513BEF678F5344694FB5B407A558865A71108664C62207",
        "resourceId": "/subscriptions/cf65b9a6-fe0f-4011-881c-aba5a5fb8603/resourceGroups/testRg-936/providers/Microsoft.DeviceUpdate/accounts/Account-4777/instances/Instance-6429",
        "status": "Deleting",
        "startTime": "2022-06-08T00:14:05.2115254Z"
      }
    },
    {
      "RequestUri": "https://management.azure.com/providers/Microsoft.DeviceUpdate/locations/WESTUS2/operationStatuses/988eb8ab-fac2-4b98-b975-51c3d655e332*3380718DCF2BBD1624513BEF678F5344694FB5B407A558865A71108664C62207?api-version=2022-04-01-preview",
      "RequestMethod": "GET",
      "RequestHeaders": {
        "Authorization": "Sanitized",
        "traceparent": "00-7a31d6b0cb2cf8498723dc37e2ec1d29-595d583675514641-00",
        "User-Agent": "azsdk-net-ResourceManager/1.0.0 (.NET Framework 4.8.4510.0; Microsoft Windows 10.0.22000 )",
        "x-ms-client-request-id": "9c881bda1f752c44543204475f92c3cc",
        "x-ms-return-client-request-id": "true"
      },
      "RequestBody": null,
      "StatusCode": 202,
      "ResponseHeaders": {
        "Cache-Control": "no-cache",
        "Content-Length": "526",
        "Content-Type": "application/json; charset=utf-8",
        "Date": "Wed, 08 Jun 2022 00:22:08 GMT",
        "ETag": "\u0022da04512d-0000-0800-0000-629fe9cd0000\u0022",
        "Expires": "-1",
        "Pragma": "no-cache",
        "Strict-Transport-Security": "max-age=31536000; includeSubDomains",
        "X-Content-Type-Options": "nosniff",
        "x-ms-correlation-request-id": "bec97ae9-acc9-4143-8283-81f154620f55",
        "x-ms-ratelimit-remaining-tenant-reads": "11990",
        "x-ms-request-id": "66974496-93b2-429c-9935-b9af8e6715bc",
        "x-ms-routing-request-id": "WESTUS:20220608T002208Z:bec97ae9-acc9-4143-8283-81f154620f55"
      },
      "ResponseBody": {
        "id": "/providers/Microsoft.DeviceUpdate/locations/WESTUS2/operationStatuses/988eb8ab-fac2-4b98-b975-51c3d655e332*3380718DCF2BBD1624513BEF678F5344694FB5B407A558865A71108664C62207",
        "name": "988eb8ab-fac2-4b98-b975-51c3d655e332*3380718DCF2BBD1624513BEF678F5344694FB5B407A558865A71108664C62207",
        "resourceId": "/subscriptions/cf65b9a6-fe0f-4011-881c-aba5a5fb8603/resourceGroups/testRg-936/providers/Microsoft.DeviceUpdate/accounts/Account-4777/instances/Instance-6429",
        "status": "Deleting",
        "startTime": "2022-06-08T00:14:05.2115254Z"
      }
    },
    {
      "RequestUri": "https://management.azure.com/providers/Microsoft.DeviceUpdate/locations/WESTUS2/operationStatuses/988eb8ab-fac2-4b98-b975-51c3d655e332*3380718DCF2BBD1624513BEF678F5344694FB5B407A558865A71108664C62207?api-version=2022-04-01-preview",
      "RequestMethod": "GET",
      "RequestHeaders": {
        "Authorization": "Sanitized",
        "Connection": "close",
        "traceparent": "00-7a31d6b0cb2cf8498723dc37e2ec1d29-f993ab2efa27824d-00",
        "User-Agent": "azsdk-net-ResourceManager/1.0.0 (.NET Framework 4.8.4510.0; Microsoft Windows 10.0.22000 )",
        "x-ms-client-request-id": "d5c1f4c6f8ef8c05b0038acaea97848a",
        "x-ms-return-client-request-id": "true"
      },
      "RequestBody": null,
      "StatusCode": 202,
      "ResponseHeaders": {
        "Cache-Control": "no-cache",
        "Connection": "close",
        "Content-Length": "526",
        "Content-Type": "application/json; charset=utf-8",
        "Date": "Wed, 08 Jun 2022 00:22:39 GMT",
        "ETag": "\u0022da04512d-0000-0800-0000-629fe9cd0000\u0022",
        "Expires": "-1",
        "Pragma": "no-cache",
        "Strict-Transport-Security": "max-age=31536000; includeSubDomains",
        "X-Content-Type-Options": "nosniff",
        "x-ms-correlation-request-id": "4c760327-9a29-40e1-bca0-310955e2adcb",
        "x-ms-ratelimit-remaining-tenant-reads": "11989",
        "x-ms-request-id": "58b8a0b9-aec3-48dd-8d7b-05dab1fa6c93",
        "x-ms-routing-request-id": "WESTUS:20220608T002240Z:4c760327-9a29-40e1-bca0-310955e2adcb"
      },
      "ResponseBody": {
        "id": "/providers/Microsoft.DeviceUpdate/locations/WESTUS2/operationStatuses/988eb8ab-fac2-4b98-b975-51c3d655e332*3380718DCF2BBD1624513BEF678F5344694FB5B407A558865A71108664C62207",
        "name": "988eb8ab-fac2-4b98-b975-51c3d655e332*3380718DCF2BBD1624513BEF678F5344694FB5B407A558865A71108664C62207",
        "resourceId": "/subscriptions/cf65b9a6-fe0f-4011-881c-aba5a5fb8603/resourceGroups/testRg-936/providers/Microsoft.DeviceUpdate/accounts/Account-4777/instances/Instance-6429",
        "status": "Deleting",
        "startTime": "2022-06-08T00:14:05.2115254Z"
      }
    },
    {
      "RequestUri": "https://management.azure.com/providers/Microsoft.DeviceUpdate/locations/WESTUS2/operationStatuses/988eb8ab-fac2-4b98-b975-51c3d655e332*3380718DCF2BBD1624513BEF678F5344694FB5B407A558865A71108664C62207?api-version=2022-04-01-preview",
      "RequestMethod": "GET",
      "RequestHeaders": {
        "Authorization": "Sanitized",
        "traceparent": "00-7a31d6b0cb2cf8498723dc37e2ec1d29-2409e60e61f99c4d-00",
        "User-Agent": "azsdk-net-ResourceManager/1.0.0 (.NET Framework 4.8.4510.0; Microsoft Windows 10.0.22000 )",
        "x-ms-client-request-id": "728a6442a92b50b0b2532187c7b43745",
        "x-ms-return-client-request-id": "true"
      },
      "RequestBody": null,
      "StatusCode": 202,
      "ResponseHeaders": {
        "Cache-Control": "no-cache",
        "Content-Length": "526",
        "Content-Type": "application/json; charset=utf-8",
        "Date": "Wed, 08 Jun 2022 00:23:11 GMT",
        "ETag": "\u0022da04512d-0000-0800-0000-629fe9cd0000\u0022",
        "Expires": "-1",
        "Pragma": "no-cache",
        "Strict-Transport-Security": "max-age=31536000; includeSubDomains",
        "X-Content-Type-Options": "nosniff",
        "x-ms-correlation-request-id": "a439dfb9-e101-4a62-b1e1-8058f78e8a98",
        "x-ms-ratelimit-remaining-tenant-reads": "11999",
        "x-ms-request-id": "e240a7b2-f725-4719-88a0-b03aca4118ba",
        "x-ms-routing-request-id": "WESTUS:20220608T002312Z:a439dfb9-e101-4a62-b1e1-8058f78e8a98"
      },
      "ResponseBody": {
        "id": "/providers/Microsoft.DeviceUpdate/locations/WESTUS2/operationStatuses/988eb8ab-fac2-4b98-b975-51c3d655e332*3380718DCF2BBD1624513BEF678F5344694FB5B407A558865A71108664C62207",
        "name": "988eb8ab-fac2-4b98-b975-51c3d655e332*3380718DCF2BBD1624513BEF678F5344694FB5B407A558865A71108664C62207",
        "resourceId": "/subscriptions/cf65b9a6-fe0f-4011-881c-aba5a5fb8603/resourceGroups/testRg-936/providers/Microsoft.DeviceUpdate/accounts/Account-4777/instances/Instance-6429",
        "status": "Deleting",
        "startTime": "2022-06-08T00:14:05.2115254Z"
      }
    },
    {
      "RequestUri": "https://management.azure.com/providers/Microsoft.DeviceUpdate/locations/WESTUS2/operationStatuses/988eb8ab-fac2-4b98-b975-51c3d655e332*3380718DCF2BBD1624513BEF678F5344694FB5B407A558865A71108664C62207?api-version=2022-04-01-preview",
      "RequestMethod": "GET",
      "RequestHeaders": {
        "Authorization": "Sanitized",
        "traceparent": "00-7a31d6b0cb2cf8498723dc37e2ec1d29-c727c4e6763fcb43-00",
        "User-Agent": "azsdk-net-ResourceManager/1.0.0 (.NET Framework 4.8.4510.0; Microsoft Windows 10.0.22000 )",
        "x-ms-client-request-id": "1f92849c8175e29c16fbeb72947a42bc",
        "x-ms-return-client-request-id": "true"
      },
      "RequestBody": null,
      "StatusCode": 202,
      "ResponseHeaders": {
        "Cache-Control": "no-cache",
        "Content-Length": "526",
        "Content-Type": "application/json; charset=utf-8",
        "Date": "Wed, 08 Jun 2022 00:23:44 GMT",
        "ETag": "\u0022da04512d-0000-0800-0000-629fe9cd0000\u0022",
        "Expires": "-1",
        "Pragma": "no-cache",
        "Strict-Transport-Security": "max-age=31536000; includeSubDomains",
        "X-Content-Type-Options": "nosniff",
        "x-ms-correlation-request-id": "b69a49f9-e15e-4242-84cd-27514e90fd13",
        "x-ms-ratelimit-remaining-tenant-reads": "11998",
        "x-ms-request-id": "1a44241d-1e66-46a5-9608-ca7bdf14dd37",
        "x-ms-routing-request-id": "WESTUS:20220608T002344Z:b69a49f9-e15e-4242-84cd-27514e90fd13"
      },
      "ResponseBody": {
        "id": "/providers/Microsoft.DeviceUpdate/locations/WESTUS2/operationStatuses/988eb8ab-fac2-4b98-b975-51c3d655e332*3380718DCF2BBD1624513BEF678F5344694FB5B407A558865A71108664C62207",
        "name": "988eb8ab-fac2-4b98-b975-51c3d655e332*3380718DCF2BBD1624513BEF678F5344694FB5B407A558865A71108664C62207",
        "resourceId": "/subscriptions/cf65b9a6-fe0f-4011-881c-aba5a5fb8603/resourceGroups/testRg-936/providers/Microsoft.DeviceUpdate/accounts/Account-4777/instances/Instance-6429",
        "status": "Deleting",
        "startTime": "2022-06-08T00:14:05.2115254Z"
      }
    },
    {
      "RequestUri": "https://management.azure.com/providers/Microsoft.DeviceUpdate/locations/WESTUS2/operationStatuses/988eb8ab-fac2-4b98-b975-51c3d655e332*3380718DCF2BBD1624513BEF678F5344694FB5B407A558865A71108664C62207?api-version=2022-04-01-preview",
      "RequestMethod": "GET",
      "RequestHeaders": {
        "Authorization": "Sanitized",
        "traceparent": "00-7a31d6b0cb2cf8498723dc37e2ec1d29-1f9f02abc7aa784e-00",
        "User-Agent": "azsdk-net-ResourceManager/1.0.0 (.NET Framework 4.8.4510.0; Microsoft Windows 10.0.22000 )",
        "x-ms-client-request-id": "fa057aad51071ca04371239bd77dc5fc",
        "x-ms-return-client-request-id": "true"
      },
      "RequestBody": null,
      "StatusCode": 202,
      "ResponseHeaders": {
        "Cache-Control": "no-cache",
        "Content-Length": "526",
        "Content-Type": "application/json; charset=utf-8",
        "Date": "Wed, 08 Jun 2022 00:24:16 GMT",
        "ETag": "\u0022da04512d-0000-0800-0000-629fe9cd0000\u0022",
        "Expires": "-1",
        "Pragma": "no-cache",
        "Strict-Transport-Security": "max-age=31536000; includeSubDomains",
        "X-Content-Type-Options": "nosniff",
        "x-ms-correlation-request-id": "44395209-29ca-458a-9aa5-2353dfe36dd5",
        "x-ms-ratelimit-remaining-tenant-reads": "11997",
        "x-ms-request-id": "6ed45516-bc27-43c3-9247-7c2272e88c6c",
        "x-ms-routing-request-id": "WESTUS:20220608T002416Z:44395209-29ca-458a-9aa5-2353dfe36dd5"
      },
      "ResponseBody": {
        "id": "/providers/Microsoft.DeviceUpdate/locations/WESTUS2/operationStatuses/988eb8ab-fac2-4b98-b975-51c3d655e332*3380718DCF2BBD1624513BEF678F5344694FB5B407A558865A71108664C62207",
        "name": "988eb8ab-fac2-4b98-b975-51c3d655e332*3380718DCF2BBD1624513BEF678F5344694FB5B407A558865A71108664C62207",
        "resourceId": "/subscriptions/cf65b9a6-fe0f-4011-881c-aba5a5fb8603/resourceGroups/testRg-936/providers/Microsoft.DeviceUpdate/accounts/Account-4777/instances/Instance-6429",
        "status": "Deleting",
        "startTime": "2022-06-08T00:14:05.2115254Z"
      }
    },
    {
      "RequestUri": "https://management.azure.com/providers/Microsoft.DeviceUpdate/locations/WESTUS2/operationStatuses/988eb8ab-fac2-4b98-b975-51c3d655e332*3380718DCF2BBD1624513BEF678F5344694FB5B407A558865A71108664C62207?api-version=2022-04-01-preview",
      "RequestMethod": "GET",
      "RequestHeaders": {
        "Authorization": "Sanitized",
        "traceparent": "00-7a31d6b0cb2cf8498723dc37e2ec1d29-0c61a3763c15634e-00",
        "User-Agent": "azsdk-net-ResourceManager/1.0.0 (.NET Framework 4.8.4510.0; Microsoft Windows 10.0.22000 )",
        "x-ms-client-request-id": "652e45cc6504c015c8a85b30be3ebb38",
        "x-ms-return-client-request-id": "true"
      },
      "RequestBody": null,
      "StatusCode": 202,
      "ResponseHeaders": {
        "Cache-Control": "no-cache",
        "Content-Length": "526",
        "Content-Type": "application/json; charset=utf-8",
        "Date": "Wed, 08 Jun 2022 00:24:48 GMT",
        "ETag": "\u0022da04512d-0000-0800-0000-629fe9cd0000\u0022",
        "Expires": "-1",
        "Pragma": "no-cache",
        "Strict-Transport-Security": "max-age=31536000; includeSubDomains",
        "X-Content-Type-Options": "nosniff",
        "x-ms-correlation-request-id": "32511bf8-9a5d-483a-97b3-69d6710d6c96",
        "x-ms-ratelimit-remaining-tenant-reads": "11996",
        "x-ms-request-id": "2bbd08c1-26e2-4227-9c40-59d9ec2b40d3",
        "x-ms-routing-request-id": "WESTUS:20220608T002448Z:32511bf8-9a5d-483a-97b3-69d6710d6c96"
      },
      "ResponseBody": {
        "id": "/providers/Microsoft.DeviceUpdate/locations/WESTUS2/operationStatuses/988eb8ab-fac2-4b98-b975-51c3d655e332*3380718DCF2BBD1624513BEF678F5344694FB5B407A558865A71108664C62207",
        "name": "988eb8ab-fac2-4b98-b975-51c3d655e332*3380718DCF2BBD1624513BEF678F5344694FB5B407A558865A71108664C62207",
        "resourceId": "/subscriptions/cf65b9a6-fe0f-4011-881c-aba5a5fb8603/resourceGroups/testRg-936/providers/Microsoft.DeviceUpdate/accounts/Account-4777/instances/Instance-6429",
        "status": "Deleting",
        "startTime": "2022-06-08T00:14:05.2115254Z"
      }
    },
    {
      "RequestUri": "https://management.azure.com/providers/Microsoft.DeviceUpdate/locations/WESTUS2/operationStatuses/988eb8ab-fac2-4b98-b975-51c3d655e332*3380718DCF2BBD1624513BEF678F5344694FB5B407A558865A71108664C62207?api-version=2022-04-01-preview",
      "RequestMethod": "GET",
      "RequestHeaders": {
        "Authorization": "Sanitized",
        "traceparent": "00-7a31d6b0cb2cf8498723dc37e2ec1d29-814f251a8419ea4f-00",
        "User-Agent": "azsdk-net-ResourceManager/1.0.0 (.NET Framework 4.8.4510.0; Microsoft Windows 10.0.22000 )",
        "x-ms-client-request-id": "4cda64113cae4b3ee376dc045e000a98",
        "x-ms-return-client-request-id": "true"
      },
      "RequestBody": null,
      "StatusCode": 202,
      "ResponseHeaders": {
        "Cache-Control": "no-cache",
        "Content-Length": "526",
        "Content-Type": "application/json; charset=utf-8",
        "Date": "Wed, 08 Jun 2022 00:25:20 GMT",
        "ETag": "\u0022da04512d-0000-0800-0000-629fe9cd0000\u0022",
        "Expires": "-1",
        "Pragma": "no-cache",
        "Strict-Transport-Security": "max-age=31536000; includeSubDomains",
        "X-Content-Type-Options": "nosniff",
        "x-ms-correlation-request-id": "55151d46-b27b-40cb-8b73-30deb38e2f99",
        "x-ms-ratelimit-remaining-tenant-reads": "11995",
        "x-ms-request-id": "3b95508c-bc05-4132-8d6d-f16927d987ce",
        "x-ms-routing-request-id": "WESTUS:20220608T002520Z:55151d46-b27b-40cb-8b73-30deb38e2f99"
      },
      "ResponseBody": {
        "id": "/providers/Microsoft.DeviceUpdate/locations/WESTUS2/operationStatuses/988eb8ab-fac2-4b98-b975-51c3d655e332*3380718DCF2BBD1624513BEF678F5344694FB5B407A558865A71108664C62207",
        "name": "988eb8ab-fac2-4b98-b975-51c3d655e332*3380718DCF2BBD1624513BEF678F5344694FB5B407A558865A71108664C62207",
        "resourceId": "/subscriptions/cf65b9a6-fe0f-4011-881c-aba5a5fb8603/resourceGroups/testRg-936/providers/Microsoft.DeviceUpdate/accounts/Account-4777/instances/Instance-6429",
        "status": "Deleting",
        "startTime": "2022-06-08T00:14:05.2115254Z"
      }
    },
    {
      "RequestUri": "https://management.azure.com/providers/Microsoft.DeviceUpdate/locations/WESTUS2/operationStatuses/988eb8ab-fac2-4b98-b975-51c3d655e332*3380718DCF2BBD1624513BEF678F5344694FB5B407A558865A71108664C62207?api-version=2022-04-01-preview",
      "RequestMethod": "GET",
      "RequestHeaders": {
        "Authorization": "Sanitized",
        "traceparent": "00-7a31d6b0cb2cf8498723dc37e2ec1d29-622b64fd2c3d3249-00",
        "User-Agent": "azsdk-net-ResourceManager/1.0.0 (.NET Framework 4.8.4510.0; Microsoft Windows 10.0.22000 )",
        "x-ms-client-request-id": "4fa6ef35dc4b48b86545315ef5705e05",
        "x-ms-return-client-request-id": "true"
      },
      "RequestBody": null,
      "StatusCode": 202,
      "ResponseHeaders": {
        "Cache-Control": "no-cache",
        "Content-Length": "526",
        "Content-Type": "application/json; charset=utf-8",
        "Date": "Wed, 08 Jun 2022 00:25:52 GMT",
        "ETag": "\u0022da04512d-0000-0800-0000-629fe9cd0000\u0022",
        "Expires": "-1",
        "Pragma": "no-cache",
        "Strict-Transport-Security": "max-age=31536000; includeSubDomains",
        "X-Content-Type-Options": "nosniff",
        "x-ms-correlation-request-id": "e1ed95bd-66f2-4a28-b0ff-165f8c1db1b0",
        "x-ms-ratelimit-remaining-tenant-reads": "11994",
        "x-ms-request-id": "56584bac-3f70-4c9c-89b7-94be5aaeb992",
        "x-ms-routing-request-id": "WESTUS:20220608T002552Z:e1ed95bd-66f2-4a28-b0ff-165f8c1db1b0"
      },
      "ResponseBody": {
        "id": "/providers/Microsoft.DeviceUpdate/locations/WESTUS2/operationStatuses/988eb8ab-fac2-4b98-b975-51c3d655e332*3380718DCF2BBD1624513BEF678F5344694FB5B407A558865A71108664C62207",
        "name": "988eb8ab-fac2-4b98-b975-51c3d655e332*3380718DCF2BBD1624513BEF678F5344694FB5B407A558865A71108664C62207",
        "resourceId": "/subscriptions/cf65b9a6-fe0f-4011-881c-aba5a5fb8603/resourceGroups/testRg-936/providers/Microsoft.DeviceUpdate/accounts/Account-4777/instances/Instance-6429",
        "status": "Deleting",
        "startTime": "2022-06-08T00:14:05.2115254Z"
      }
    },
    {
      "RequestUri": "https://management.azure.com/providers/Microsoft.DeviceUpdate/locations/WESTUS2/operationStatuses/988eb8ab-fac2-4b98-b975-51c3d655e332*3380718DCF2BBD1624513BEF678F5344694FB5B407A558865A71108664C62207?api-version=2022-04-01-preview",
      "RequestMethod": "GET",
      "RequestHeaders": {
        "Authorization": "Sanitized",
        "traceparent": "00-7a31d6b0cb2cf8498723dc37e2ec1d29-a2102666d3e6ff4d-00",
        "User-Agent": "azsdk-net-ResourceManager/1.0.0 (.NET Framework 4.8.4510.0; Microsoft Windows 10.0.22000 )",
        "x-ms-client-request-id": "728aeab578a38f4d07e3828e881061c8",
        "x-ms-return-client-request-id": "true"
      },
      "RequestBody": null,
      "StatusCode": 202,
      "ResponseHeaders": {
        "Cache-Control": "no-cache",
        "Content-Length": "526",
        "Content-Type": "application/json; charset=utf-8",
        "Date": "Wed, 08 Jun 2022 00:26:23 GMT",
        "ETag": "\u0022da04512d-0000-0800-0000-629fe9cd0000\u0022",
        "Expires": "-1",
        "Pragma": "no-cache",
        "Strict-Transport-Security": "max-age=31536000; includeSubDomains",
        "X-Content-Type-Options": "nosniff",
        "x-ms-correlation-request-id": "e27bf290-0c14-45b2-b0f9-42fd3a33590d",
        "x-ms-ratelimit-remaining-tenant-reads": "11993",
        "x-ms-request-id": "ebcc6949-61da-4cc3-8c7e-acb5056bd708",
        "x-ms-routing-request-id": "WESTUS:20220608T002624Z:e27bf290-0c14-45b2-b0f9-42fd3a33590d"
      },
      "ResponseBody": {
        "id": "/providers/Microsoft.DeviceUpdate/locations/WESTUS2/operationStatuses/988eb8ab-fac2-4b98-b975-51c3d655e332*3380718DCF2BBD1624513BEF678F5344694FB5B407A558865A71108664C62207",
        "name": "988eb8ab-fac2-4b98-b975-51c3d655e332*3380718DCF2BBD1624513BEF678F5344694FB5B407A558865A71108664C62207",
        "resourceId": "/subscriptions/cf65b9a6-fe0f-4011-881c-aba5a5fb8603/resourceGroups/testRg-936/providers/Microsoft.DeviceUpdate/accounts/Account-4777/instances/Instance-6429",
        "status": "Deleting",
        "startTime": "2022-06-08T00:14:05.2115254Z"
      }
    },
    {
      "RequestUri": "https://management.azure.com/providers/Microsoft.DeviceUpdate/locations/WESTUS2/operationStatuses/988eb8ab-fac2-4b98-b975-51c3d655e332*3380718DCF2BBD1624513BEF678F5344694FB5B407A558865A71108664C62207?api-version=2022-04-01-preview",
      "RequestMethod": "GET",
      "RequestHeaders": {
        "Authorization": "Sanitized",
        "traceparent": "00-7a31d6b0cb2cf8498723dc37e2ec1d29-9a297ea1a7856749-00",
        "User-Agent": "azsdk-net-ResourceManager/1.0.0 (.NET Framework 4.8.4510.0; Microsoft Windows 10.0.22000 )",
        "x-ms-client-request-id": "cefac39d6c9834ecac91e7690adf5573",
        "x-ms-return-client-request-id": "true"
      },
      "RequestBody": null,
      "StatusCode": 202,
      "ResponseHeaders": {
        "Cache-Control": "no-cache",
        "Content-Length": "526",
        "Content-Type": "application/json; charset=utf-8",
        "Date": "Wed, 08 Jun 2022 00:26:56 GMT",
        "ETag": "\u0022da04512d-0000-0800-0000-629fe9cd0000\u0022",
        "Expires": "-1",
        "Pragma": "no-cache",
        "Strict-Transport-Security": "max-age=31536000; includeSubDomains",
        "X-Content-Type-Options": "nosniff",
        "x-ms-correlation-request-id": "20aa50da-6ccf-46f4-9d3e-71cd4fb36f54",
        "x-ms-ratelimit-remaining-tenant-reads": "11992",
        "x-ms-request-id": "7740e85a-bb10-4565-8ba1-33c4475865ff",
        "x-ms-routing-request-id": "WESTUS:20220608T002656Z:20aa50da-6ccf-46f4-9d3e-71cd4fb36f54"
      },
      "ResponseBody": {
        "id": "/providers/Microsoft.DeviceUpdate/locations/WESTUS2/operationStatuses/988eb8ab-fac2-4b98-b975-51c3d655e332*3380718DCF2BBD1624513BEF678F5344694FB5B407A558865A71108664C62207",
        "name": "988eb8ab-fac2-4b98-b975-51c3d655e332*3380718DCF2BBD1624513BEF678F5344694FB5B407A558865A71108664C62207",
        "resourceId": "/subscriptions/cf65b9a6-fe0f-4011-881c-aba5a5fb8603/resourceGroups/testRg-936/providers/Microsoft.DeviceUpdate/accounts/Account-4777/instances/Instance-6429",
        "status": "Deleting",
        "startTime": "2022-06-08T00:14:05.2115254Z"
      }
    },
    {
      "RequestUri": "https://management.azure.com/providers/Microsoft.DeviceUpdate/locations/WESTUS2/operationStatuses/988eb8ab-fac2-4b98-b975-51c3d655e332*3380718DCF2BBD1624513BEF678F5344694FB5B407A558865A71108664C62207?api-version=2022-04-01-preview",
      "RequestMethod": "GET",
      "RequestHeaders": {
        "Authorization": "Sanitized",
        "traceparent": "00-7a31d6b0cb2cf8498723dc37e2ec1d29-e18e5e6f5d8cfd45-00",
        "User-Agent": "azsdk-net-ResourceManager/1.0.0 (.NET Framework 4.8.4510.0; Microsoft Windows 10.0.22000 )",
        "x-ms-client-request-id": "734ed7179875bcf5a11748685a29bf54",
        "x-ms-return-client-request-id": "true"
      },
      "RequestBody": null,
      "StatusCode": 202,
      "ResponseHeaders": {
        "Cache-Control": "no-cache",
        "Content-Length": "526",
        "Content-Type": "application/json; charset=utf-8",
        "Date": "Wed, 08 Jun 2022 00:27:28 GMT",
        "ETag": "\u0022da04512d-0000-0800-0000-629fe9cd0000\u0022",
        "Expires": "-1",
        "Pragma": "no-cache",
        "Strict-Transport-Security": "max-age=31536000; includeSubDomains",
        "X-Content-Type-Options": "nosniff",
        "x-ms-correlation-request-id": "6ef9294c-e796-459a-a878-8a678e95894b",
        "x-ms-ratelimit-remaining-tenant-reads": "11991",
        "x-ms-request-id": "6e2584d7-e46f-4c8a-8122-0eb9ec6f4ed5",
        "x-ms-routing-request-id": "WESTUS:20220608T002729Z:6ef9294c-e796-459a-a878-8a678e95894b"
      },
      "ResponseBody": {
        "id": "/providers/Microsoft.DeviceUpdate/locations/WESTUS2/operationStatuses/988eb8ab-fac2-4b98-b975-51c3d655e332*3380718DCF2BBD1624513BEF678F5344694FB5B407A558865A71108664C62207",
        "name": "988eb8ab-fac2-4b98-b975-51c3d655e332*3380718DCF2BBD1624513BEF678F5344694FB5B407A558865A71108664C62207",
        "resourceId": "/subscriptions/cf65b9a6-fe0f-4011-881c-aba5a5fb8603/resourceGroups/testRg-936/providers/Microsoft.DeviceUpdate/accounts/Account-4777/instances/Instance-6429",
        "status": "Deleting",
        "startTime": "2022-06-08T00:14:05.2115254Z"
      }
    },
    {
      "RequestUri": "https://management.azure.com/providers/Microsoft.DeviceUpdate/locations/WESTUS2/operationStatuses/988eb8ab-fac2-4b98-b975-51c3d655e332*3380718DCF2BBD1624513BEF678F5344694FB5B407A558865A71108664C62207?api-version=2022-04-01-preview",
      "RequestMethod": "GET",
      "RequestHeaders": {
        "Authorization": "Sanitized",
        "traceparent": "00-7a31d6b0cb2cf8498723dc37e2ec1d29-85974c201b73a040-00",
        "User-Agent": "azsdk-net-ResourceManager/1.0.0 (.NET Framework 4.8.4510.0; Microsoft Windows 10.0.22000 )",
        "x-ms-client-request-id": "31c069e38f75496dfe55c61191e38427",
        "x-ms-return-client-request-id": "true"
      },
      "RequestBody": null,
      "StatusCode": 202,
      "ResponseHeaders": {
        "Cache-Control": "no-cache",
        "Content-Length": "526",
        "Content-Type": "application/json; charset=utf-8",
        "Date": "Wed, 08 Jun 2022 00:28:01 GMT",
        "ETag": "\u0022da04512d-0000-0800-0000-629fe9cd0000\u0022",
        "Expires": "-1",
        "Pragma": "no-cache",
        "Strict-Transport-Security": "max-age=31536000; includeSubDomains",
        "X-Content-Type-Options": "nosniff",
        "x-ms-correlation-request-id": "58ba33e4-ac3c-44a6-b25d-54592ffde411",
        "x-ms-ratelimit-remaining-tenant-reads": "11990",
        "x-ms-request-id": "6639a52a-3b47-40c1-b92e-72c92cffc58e",
        "x-ms-routing-request-id": "WESTUS:20220608T002801Z:58ba33e4-ac3c-44a6-b25d-54592ffde411"
      },
      "ResponseBody": {
        "id": "/providers/Microsoft.DeviceUpdate/locations/WESTUS2/operationStatuses/988eb8ab-fac2-4b98-b975-51c3d655e332*3380718DCF2BBD1624513BEF678F5344694FB5B407A558865A71108664C62207",
        "name": "988eb8ab-fac2-4b98-b975-51c3d655e332*3380718DCF2BBD1624513BEF678F5344694FB5B407A558865A71108664C62207",
        "resourceId": "/subscriptions/cf65b9a6-fe0f-4011-881c-aba5a5fb8603/resourceGroups/testRg-936/providers/Microsoft.DeviceUpdate/accounts/Account-4777/instances/Instance-6429",
        "status": "Deleting",
        "startTime": "2022-06-08T00:14:05.2115254Z"
      }
    },
    {
      "RequestUri": "https://management.azure.com/providers/Microsoft.DeviceUpdate/locations/WESTUS2/operationStatuses/988eb8ab-fac2-4b98-b975-51c3d655e332*3380718DCF2BBD1624513BEF678F5344694FB5B407A558865A71108664C62207?api-version=2022-04-01-preview",
      "RequestMethod": "GET",
      "RequestHeaders": {
        "Authorization": "Sanitized",
        "Connection": "close",
        "traceparent": "00-7a31d6b0cb2cf8498723dc37e2ec1d29-bcd8c1473076fb4d-00",
        "User-Agent": "azsdk-net-ResourceManager/1.0.0 (.NET Framework 4.8.4510.0; Microsoft Windows 10.0.22000 )",
        "x-ms-client-request-id": "b1770e8dedc20552cd3d2c802383da83",
        "x-ms-return-client-request-id": "true"
      },
      "RequestBody": null,
      "StatusCode": 202,
      "ResponseHeaders": {
        "Cache-Control": "no-cache",
        "Connection": "close",
        "Content-Length": "526",
        "Content-Type": "application/json; charset=utf-8",
        "Date": "Wed, 08 Jun 2022 00:28:32 GMT",
        "ETag": "\u0022da04512d-0000-0800-0000-629fe9cd0000\u0022",
        "Expires": "-1",
        "Pragma": "no-cache",
        "Strict-Transport-Security": "max-age=31536000; includeSubDomains",
        "X-Content-Type-Options": "nosniff",
        "x-ms-correlation-request-id": "e8b4bed2-f7d7-4275-a15d-235b65f190ab",
        "x-ms-ratelimit-remaining-tenant-reads": "11989",
        "x-ms-request-id": "4b10e74e-7caa-4153-803c-71cb687f1ad5",
        "x-ms-routing-request-id": "WESTUS:20220608T002833Z:e8b4bed2-f7d7-4275-a15d-235b65f190ab"
      },
      "ResponseBody": {
        "id": "/providers/Microsoft.DeviceUpdate/locations/WESTUS2/operationStatuses/988eb8ab-fac2-4b98-b975-51c3d655e332*3380718DCF2BBD1624513BEF678F5344694FB5B407A558865A71108664C62207",
        "name": "988eb8ab-fac2-4b98-b975-51c3d655e332*3380718DCF2BBD1624513BEF678F5344694FB5B407A558865A71108664C62207",
        "resourceId": "/subscriptions/cf65b9a6-fe0f-4011-881c-aba5a5fb8603/resourceGroups/testRg-936/providers/Microsoft.DeviceUpdate/accounts/Account-4777/instances/Instance-6429",
        "status": "Deleting",
        "startTime": "2022-06-08T00:14:05.2115254Z"
      }
    },
    {
      "RequestUri": "https://management.azure.com/providers/Microsoft.DeviceUpdate/locations/WESTUS2/operationStatuses/988eb8ab-fac2-4b98-b975-51c3d655e332*3380718DCF2BBD1624513BEF678F5344694FB5B407A558865A71108664C62207?api-version=2022-04-01-preview",
      "RequestMethod": "GET",
      "RequestHeaders": {
        "Authorization": "Sanitized",
        "traceparent": "00-7a31d6b0cb2cf8498723dc37e2ec1d29-2bdfd0165491fa43-00",
        "User-Agent": "azsdk-net-ResourceManager/1.0.0 (.NET Framework 4.8.4510.0; Microsoft Windows 10.0.22000 )",
        "x-ms-client-request-id": "a18693d2231e87fe6904751fd1e32bbe",
        "x-ms-return-client-request-id": "true"
      },
      "RequestBody": null,
      "StatusCode": 202,
      "ResponseHeaders": {
        "Cache-Control": "no-cache",
        "Content-Length": "526",
        "Content-Type": "application/json; charset=utf-8",
        "Date": "Wed, 08 Jun 2022 00:29:04 GMT",
        "ETag": "\u0022da04512d-0000-0800-0000-629fe9cd0000\u0022",
        "Expires": "-1",
        "Pragma": "no-cache",
        "Strict-Transport-Security": "max-age=31536000; includeSubDomains",
        "X-Content-Type-Options": "nosniff",
        "x-ms-correlation-request-id": "30b836a7-4ce9-4c1d-addd-f1bf090bea83",
        "x-ms-ratelimit-remaining-tenant-reads": "11999",
        "x-ms-request-id": "d0e3a8e4-ecaa-409d-85e9-3393ecb866f8",
        "x-ms-routing-request-id": "WESTCENTRALUS:20220608T002905Z:30b836a7-4ce9-4c1d-addd-f1bf090bea83"
      },
      "ResponseBody": {
        "id": "/providers/Microsoft.DeviceUpdate/locations/WESTUS2/operationStatuses/988eb8ab-fac2-4b98-b975-51c3d655e332*3380718DCF2BBD1624513BEF678F5344694FB5B407A558865A71108664C62207",
        "name": "988eb8ab-fac2-4b98-b975-51c3d655e332*3380718DCF2BBD1624513BEF678F5344694FB5B407A558865A71108664C62207",
        "resourceId": "/subscriptions/cf65b9a6-fe0f-4011-881c-aba5a5fb8603/resourceGroups/testRg-936/providers/Microsoft.DeviceUpdate/accounts/Account-4777/instances/Instance-6429",
        "status": "Deleting",
        "startTime": "2022-06-08T00:14:05.2115254Z"
      }
    },
    {
      "RequestUri": "https://management.azure.com/providers/Microsoft.DeviceUpdate/locations/WESTUS2/operationStatuses/988eb8ab-fac2-4b98-b975-51c3d655e332*3380718DCF2BBD1624513BEF678F5344694FB5B407A558865A71108664C62207?api-version=2022-04-01-preview",
      "RequestMethod": "GET",
      "RequestHeaders": {
        "Authorization": "Sanitized",
        "traceparent": "00-7a31d6b0cb2cf8498723dc37e2ec1d29-529b1e36b170704f-00",
        "User-Agent": "azsdk-net-ResourceManager/1.0.0 (.NET Framework 4.8.4510.0; Microsoft Windows 10.0.22000 )",
        "x-ms-client-request-id": "4bdb20920db1f69217bb643763ec257a",
        "x-ms-return-client-request-id": "true"
      },
      "RequestBody": null,
      "StatusCode": 202,
      "ResponseHeaders": {
        "Cache-Control": "no-cache",
        "Content-Length": "526",
        "Content-Type": "application/json; charset=utf-8",
        "Date": "Wed, 08 Jun 2022 00:29:36 GMT",
        "ETag": "\u0022da04512d-0000-0800-0000-629fe9cd0000\u0022",
        "Expires": "-1",
        "Pragma": "no-cache",
        "Strict-Transport-Security": "max-age=31536000; includeSubDomains",
        "X-Content-Type-Options": "nosniff",
        "x-ms-correlation-request-id": "793b7827-d5b4-41d2-849c-c80013e447bc",
        "x-ms-ratelimit-remaining-tenant-reads": "11998",
        "x-ms-request-id": "58cb8c18-fde9-4db7-8851-089a255dd4f4",
        "x-ms-routing-request-id": "WESTCENTRALUS:20220608T002937Z:793b7827-d5b4-41d2-849c-c80013e447bc"
      },
      "ResponseBody": {
        "id": "/providers/Microsoft.DeviceUpdate/locations/WESTUS2/operationStatuses/988eb8ab-fac2-4b98-b975-51c3d655e332*3380718DCF2BBD1624513BEF678F5344694FB5B407A558865A71108664C62207",
        "name": "988eb8ab-fac2-4b98-b975-51c3d655e332*3380718DCF2BBD1624513BEF678F5344694FB5B407A558865A71108664C62207",
        "resourceId": "/subscriptions/cf65b9a6-fe0f-4011-881c-aba5a5fb8603/resourceGroups/testRg-936/providers/Microsoft.DeviceUpdate/accounts/Account-4777/instances/Instance-6429",
        "status": "Deleting",
        "startTime": "2022-06-08T00:14:05.2115254Z"
      }
    },
    {
      "RequestUri": "https://management.azure.com/providers/Microsoft.DeviceUpdate/locations/WESTUS2/operationStatuses/988eb8ab-fac2-4b98-b975-51c3d655e332*3380718DCF2BBD1624513BEF678F5344694FB5B407A558865A71108664C62207?api-version=2022-04-01-preview",
      "RequestMethod": "GET",
      "RequestHeaders": {
        "Authorization": "Sanitized",
        "traceparent": "00-7a31d6b0cb2cf8498723dc37e2ec1d29-28567abf5b1e5040-00",
        "User-Agent": "azsdk-net-ResourceManager/1.0.0 (.NET Framework 4.8.4510.0; Microsoft Windows 10.0.22000 )",
        "x-ms-client-request-id": "fe3f437be25d690910f047bd773234ea",
        "x-ms-return-client-request-id": "true"
      },
      "RequestBody": null,
      "StatusCode": 202,
      "ResponseHeaders": {
        "Cache-Control": "no-cache",
        "Content-Length": "526",
        "Content-Type": "application/json; charset=utf-8",
        "Date": "Wed, 08 Jun 2022 00:30:09 GMT",
        "ETag": "\u0022da04512d-0000-0800-0000-629fe9cd0000\u0022",
        "Expires": "-1",
        "Pragma": "no-cache",
        "Strict-Transport-Security": "max-age=31536000; includeSubDomains",
        "X-Content-Type-Options": "nosniff",
        "x-ms-correlation-request-id": "3e38bbe5-1333-4ca6-a97e-8a5daeae01ec",
        "x-ms-ratelimit-remaining-tenant-reads": "11997",
        "x-ms-request-id": "ff4f3e66-490f-4988-871a-33a16c25288b",
        "x-ms-routing-request-id": "WESTCENTRALUS:20220608T003009Z:3e38bbe5-1333-4ca6-a97e-8a5daeae01ec"
      },
      "ResponseBody": {
        "id": "/providers/Microsoft.DeviceUpdate/locations/WESTUS2/operationStatuses/988eb8ab-fac2-4b98-b975-51c3d655e332*3380718DCF2BBD1624513BEF678F5344694FB5B407A558865A71108664C62207",
        "name": "988eb8ab-fac2-4b98-b975-51c3d655e332*3380718DCF2BBD1624513BEF678F5344694FB5B407A558865A71108664C62207",
        "resourceId": "/subscriptions/cf65b9a6-fe0f-4011-881c-aba5a5fb8603/resourceGroups/testRg-936/providers/Microsoft.DeviceUpdate/accounts/Account-4777/instances/Instance-6429",
        "status": "Deleting",
        "startTime": "2022-06-08T00:14:05.2115254Z"
      }
    },
    {
      "RequestUri": "https://management.azure.com/providers/Microsoft.DeviceUpdate/locations/WESTUS2/operationStatuses/988eb8ab-fac2-4b98-b975-51c3d655e332*3380718DCF2BBD1624513BEF678F5344694FB5B407A558865A71108664C62207?api-version=2022-04-01-preview",
      "RequestMethod": "GET",
      "RequestHeaders": {
        "Authorization": "Sanitized",
        "traceparent": "00-7a31d6b0cb2cf8498723dc37e2ec1d29-a3faebcdcd137140-00",
        "User-Agent": "azsdk-net-ResourceManager/1.0.0 (.NET Framework 4.8.4510.0; Microsoft Windows 10.0.22000 )",
        "x-ms-client-request-id": "03ed6e128ea8c4d100908a63bfc6247d",
        "x-ms-return-client-request-id": "true"
      },
      "RequestBody": null,
      "StatusCode": 202,
      "ResponseHeaders": {
        "Cache-Control": "no-cache",
        "Content-Length": "526",
        "Content-Type": "application/json; charset=utf-8",
        "Date": "Wed, 08 Jun 2022 00:30:41 GMT",
        "ETag": "\u0022da04512d-0000-0800-0000-629fe9cd0000\u0022",
        "Expires": "-1",
        "Pragma": "no-cache",
        "Strict-Transport-Security": "max-age=31536000; includeSubDomains",
        "X-Content-Type-Options": "nosniff",
        "x-ms-correlation-request-id": "e1b594b0-70d5-4141-a238-359934a608a0",
        "x-ms-ratelimit-remaining-tenant-reads": "11996",
        "x-ms-request-id": "2bca7f0f-9bc8-4956-a9a5-59432fed6377",
        "x-ms-routing-request-id": "WESTCENTRALUS:20220608T003041Z:e1b594b0-70d5-4141-a238-359934a608a0"
      },
      "ResponseBody": {
        "id": "/providers/Microsoft.DeviceUpdate/locations/WESTUS2/operationStatuses/988eb8ab-fac2-4b98-b975-51c3d655e332*3380718DCF2BBD1624513BEF678F5344694FB5B407A558865A71108664C62207",
        "name": "988eb8ab-fac2-4b98-b975-51c3d655e332*3380718DCF2BBD1624513BEF678F5344694FB5B407A558865A71108664C62207",
        "resourceId": "/subscriptions/cf65b9a6-fe0f-4011-881c-aba5a5fb8603/resourceGroups/testRg-936/providers/Microsoft.DeviceUpdate/accounts/Account-4777/instances/Instance-6429",
        "status": "Deleting",
        "startTime": "2022-06-08T00:14:05.2115254Z"
      }
    },
    {
      "RequestUri": "https://management.azure.com/providers/Microsoft.DeviceUpdate/locations/WESTUS2/operationStatuses/988eb8ab-fac2-4b98-b975-51c3d655e332*3380718DCF2BBD1624513BEF678F5344694FB5B407A558865A71108664C62207?api-version=2022-04-01-preview",
      "RequestMethod": "GET",
      "RequestHeaders": {
        "Authorization": "Sanitized",
        "traceparent": "00-7a31d6b0cb2cf8498723dc37e2ec1d29-173ff05e7d9d0948-00",
        "User-Agent": "azsdk-net-ResourceManager/1.0.0 (.NET Framework 4.8.4510.0; Microsoft Windows 10.0.22000 )",
        "x-ms-client-request-id": "8ea3fbde2da4b06017713ac1c5d47ee4",
        "x-ms-return-client-request-id": "true"
      },
      "RequestBody": null,
      "StatusCode": 202,
      "ResponseHeaders": {
        "Cache-Control": "no-cache",
        "Content-Length": "526",
        "Content-Type": "application/json; charset=utf-8",
        "Date": "Wed, 08 Jun 2022 00:31:13 GMT",
        "ETag": "\u0022da04512d-0000-0800-0000-629fe9cd0000\u0022",
        "Expires": "-1",
        "Pragma": "no-cache",
        "Strict-Transport-Security": "max-age=31536000; includeSubDomains",
        "X-Content-Type-Options": "nosniff",
        "x-ms-correlation-request-id": "368c8b73-ea40-47ff-9a73-ccdf23e76f7c",
        "x-ms-ratelimit-remaining-tenant-reads": "11995",
        "x-ms-request-id": "1d1cd56b-dfa8-4697-a372-57f03e850059",
        "x-ms-routing-request-id": "WESTCENTRALUS:20220608T003113Z:368c8b73-ea40-47ff-9a73-ccdf23e76f7c"
      },
      "ResponseBody": {
        "id": "/providers/Microsoft.DeviceUpdate/locations/WESTUS2/operationStatuses/988eb8ab-fac2-4b98-b975-51c3d655e332*3380718DCF2BBD1624513BEF678F5344694FB5B407A558865A71108664C62207",
        "name": "988eb8ab-fac2-4b98-b975-51c3d655e332*3380718DCF2BBD1624513BEF678F5344694FB5B407A558865A71108664C62207",
        "resourceId": "/subscriptions/cf65b9a6-fe0f-4011-881c-aba5a5fb8603/resourceGroups/testRg-936/providers/Microsoft.DeviceUpdate/accounts/Account-4777/instances/Instance-6429",
        "status": "Deleting",
        "startTime": "2022-06-08T00:14:05.2115254Z"
      }
    },
    {
      "RequestUri": "https://management.azure.com/providers/Microsoft.DeviceUpdate/locations/WESTUS2/operationStatuses/988eb8ab-fac2-4b98-b975-51c3d655e332*3380718DCF2BBD1624513BEF678F5344694FB5B407A558865A71108664C62207?api-version=2022-04-01-preview",
      "RequestMethod": "GET",
      "RequestHeaders": {
        "Authorization": "Sanitized",
        "traceparent": "00-7a31d6b0cb2cf8498723dc37e2ec1d29-3c57a7d629d3eb46-00",
        "User-Agent": "azsdk-net-ResourceManager/1.0.0 (.NET Framework 4.8.4510.0; Microsoft Windows 10.0.22000 )",
        "x-ms-client-request-id": "f4257a8622feedd1717bfdcd58a5a94a",
        "x-ms-return-client-request-id": "true"
      },
      "RequestBody": null,
      "StatusCode": 202,
      "ResponseHeaders": {
        "Cache-Control": "no-cache",
        "Content-Length": "526",
        "Content-Type": "application/json; charset=utf-8",
        "Date": "Wed, 08 Jun 2022 00:31:45 GMT",
        "ETag": "\u0022da04512d-0000-0800-0000-629fe9cd0000\u0022",
        "Expires": "-1",
        "Pragma": "no-cache",
        "Strict-Transport-Security": "max-age=31536000; includeSubDomains",
        "X-Content-Type-Options": "nosniff",
        "x-ms-correlation-request-id": "209543d7-5d15-4dd9-896a-44749fef3311",
        "x-ms-ratelimit-remaining-tenant-reads": "11994",
        "x-ms-request-id": "6c523af1-1945-40b6-ac7b-68075de25f6f",
        "x-ms-routing-request-id": "WESTCENTRALUS:20220608T003146Z:209543d7-5d15-4dd9-896a-44749fef3311"
      },
      "ResponseBody": {
        "id": "/providers/Microsoft.DeviceUpdate/locations/WESTUS2/operationStatuses/988eb8ab-fac2-4b98-b975-51c3d655e332*3380718DCF2BBD1624513BEF678F5344694FB5B407A558865A71108664C62207",
        "name": "988eb8ab-fac2-4b98-b975-51c3d655e332*3380718DCF2BBD1624513BEF678F5344694FB5B407A558865A71108664C62207",
        "resourceId": "/subscriptions/cf65b9a6-fe0f-4011-881c-aba5a5fb8603/resourceGroups/testRg-936/providers/Microsoft.DeviceUpdate/accounts/Account-4777/instances/Instance-6429",
        "status": "Deleting",
        "startTime": "2022-06-08T00:14:05.2115254Z"
      }
    },
    {
      "RequestUri": "https://management.azure.com/providers/Microsoft.DeviceUpdate/locations/WESTUS2/operationStatuses/988eb8ab-fac2-4b98-b975-51c3d655e332*3380718DCF2BBD1624513BEF678F5344694FB5B407A558865A71108664C62207?api-version=2022-04-01-preview",
      "RequestMethod": "GET",
      "RequestHeaders": {
        "Authorization": "Sanitized",
        "traceparent": "00-7a31d6b0cb2cf8498723dc37e2ec1d29-a1704804934ca347-00",
        "User-Agent": "azsdk-net-ResourceManager/1.0.0 (.NET Framework 4.8.4510.0; Microsoft Windows 10.0.22000 )",
        "x-ms-client-request-id": "7cdecacba58ee4450e3dec36530ffe2c",
        "x-ms-return-client-request-id": "true"
      },
      "RequestBody": null,
      "StatusCode": 202,
      "ResponseHeaders": {
        "Cache-Control": "no-cache",
        "Content-Length": "526",
        "Content-Type": "application/json; charset=utf-8",
        "Date": "Wed, 08 Jun 2022 00:32:17 GMT",
        "ETag": "\u0022da04512d-0000-0800-0000-629fe9cd0000\u0022",
        "Expires": "-1",
        "Pragma": "no-cache",
        "Strict-Transport-Security": "max-age=31536000; includeSubDomains",
        "X-Content-Type-Options": "nosniff",
        "x-ms-correlation-request-id": "e4a4676e-d513-4a0f-a3d4-3d6a71d30463",
        "x-ms-ratelimit-remaining-tenant-reads": "11993",
        "x-ms-request-id": "d8bd1125-91df-4083-8cda-5d2a0baae38a",
        "x-ms-routing-request-id": "WESTCENTRALUS:20220608T003218Z:e4a4676e-d513-4a0f-a3d4-3d6a71d30463"
      },
      "ResponseBody": {
        "id": "/providers/Microsoft.DeviceUpdate/locations/WESTUS2/operationStatuses/988eb8ab-fac2-4b98-b975-51c3d655e332*3380718DCF2BBD1624513BEF678F5344694FB5B407A558865A71108664C62207",
        "name": "988eb8ab-fac2-4b98-b975-51c3d655e332*3380718DCF2BBD1624513BEF678F5344694FB5B407A558865A71108664C62207",
        "resourceId": "/subscriptions/cf65b9a6-fe0f-4011-881c-aba5a5fb8603/resourceGroups/testRg-936/providers/Microsoft.DeviceUpdate/accounts/Account-4777/instances/Instance-6429",
        "status": "Deleting",
        "startTime": "2022-06-08T00:14:05.2115254Z"
      }
    },
    {
      "RequestUri": "https://management.azure.com/providers/Microsoft.DeviceUpdate/locations/WESTUS2/operationStatuses/988eb8ab-fac2-4b98-b975-51c3d655e332*3380718DCF2BBD1624513BEF678F5344694FB5B407A558865A71108664C62207?api-version=2022-04-01-preview",
      "RequestMethod": "GET",
      "RequestHeaders": {
        "Authorization": "Sanitized",
        "traceparent": "00-7a31d6b0cb2cf8498723dc37e2ec1d29-1cab05b59eece440-00",
        "User-Agent": "azsdk-net-ResourceManager/1.0.0 (.NET Framework 4.8.4510.0; Microsoft Windows 10.0.22000 )",
        "x-ms-client-request-id": "45dca51230a1bc7f29b61c2930935771",
        "x-ms-return-client-request-id": "true"
      },
      "RequestBody": null,
      "StatusCode": 202,
      "ResponseHeaders": {
        "Cache-Control": "no-cache",
        "Content-Length": "526",
        "Content-Type": "application/json; charset=utf-8",
        "Date": "Wed, 08 Jun 2022 00:32:49 GMT",
        "ETag": "\u0022da04512d-0000-0800-0000-629fe9cd0000\u0022",
        "Expires": "-1",
        "Pragma": "no-cache",
        "Strict-Transport-Security": "max-age=31536000; includeSubDomains",
        "X-Content-Type-Options": "nosniff",
        "x-ms-correlation-request-id": "e6056db7-bbb6-46a2-bd29-d03a1cf63437",
        "x-ms-ratelimit-remaining-tenant-reads": "11992",
        "x-ms-request-id": "d94ff871-5fca-4666-ae80-90281cd06d08",
        "x-ms-routing-request-id": "WESTCENTRALUS:20220608T003250Z:e6056db7-bbb6-46a2-bd29-d03a1cf63437"
      },
      "ResponseBody": {
        "id": "/providers/Microsoft.DeviceUpdate/locations/WESTUS2/operationStatuses/988eb8ab-fac2-4b98-b975-51c3d655e332*3380718DCF2BBD1624513BEF678F5344694FB5B407A558865A71108664C62207",
        "name": "988eb8ab-fac2-4b98-b975-51c3d655e332*3380718DCF2BBD1624513BEF678F5344694FB5B407A558865A71108664C62207",
        "resourceId": "/subscriptions/cf65b9a6-fe0f-4011-881c-aba5a5fb8603/resourceGroups/testRg-936/providers/Microsoft.DeviceUpdate/accounts/Account-4777/instances/Instance-6429",
        "status": "Deleting",
        "startTime": "2022-06-08T00:14:05.2115254Z"
      }
    },
    {
      "RequestUri": "https://management.azure.com/providers/Microsoft.DeviceUpdate/locations/WESTUS2/operationStatuses/988eb8ab-fac2-4b98-b975-51c3d655e332*3380718DCF2BBD1624513BEF678F5344694FB5B407A558865A71108664C62207?api-version=2022-04-01-preview",
      "RequestMethod": "GET",
      "RequestHeaders": {
        "Authorization": "Sanitized",
        "traceparent": "00-7a31d6b0cb2cf8498723dc37e2ec1d29-5699df988a6c3349-00",
        "User-Agent": "azsdk-net-ResourceManager/1.0.0 (.NET Framework 4.8.4510.0; Microsoft Windows 10.0.22000 )",
        "x-ms-client-request-id": "fbf6f0c801f5e1553440e5c0359a9962",
        "x-ms-return-client-request-id": "true"
      },
      "RequestBody": null,
      "StatusCode": 202,
      "ResponseHeaders": {
        "Cache-Control": "no-cache",
        "Content-Length": "526",
        "Content-Type": "application/json; charset=utf-8",
        "Date": "Wed, 08 Jun 2022 00:33:21 GMT",
        "ETag": "\u0022da04512d-0000-0800-0000-629fe9cd0000\u0022",
        "Expires": "-1",
        "Pragma": "no-cache",
        "Strict-Transport-Security": "max-age=31536000; includeSubDomains",
        "X-Content-Type-Options": "nosniff",
        "x-ms-correlation-request-id": "36e870aa-f2a9-4486-ac4a-788eccdfcf67",
        "x-ms-ratelimit-remaining-tenant-reads": "11991",
        "x-ms-request-id": "9015113f-ade1-4dce-b30b-82883d777c0f",
        "x-ms-routing-request-id": "WESTCENTRALUS:20220608T003322Z:36e870aa-f2a9-4486-ac4a-788eccdfcf67"
      },
      "ResponseBody": {
        "id": "/providers/Microsoft.DeviceUpdate/locations/WESTUS2/operationStatuses/988eb8ab-fac2-4b98-b975-51c3d655e332*3380718DCF2BBD1624513BEF678F5344694FB5B407A558865A71108664C62207",
        "name": "988eb8ab-fac2-4b98-b975-51c3d655e332*3380718DCF2BBD1624513BEF678F5344694FB5B407A558865A71108664C62207",
        "resourceId": "/subscriptions/cf65b9a6-fe0f-4011-881c-aba5a5fb8603/resourceGroups/testRg-936/providers/Microsoft.DeviceUpdate/accounts/Account-4777/instances/Instance-6429",
        "status": "Deleting",
        "startTime": "2022-06-08T00:14:05.2115254Z"
      }
    },
    {
      "RequestUri": "https://management.azure.com/providers/Microsoft.DeviceUpdate/locations/WESTUS2/operationStatuses/988eb8ab-fac2-4b98-b975-51c3d655e332*3380718DCF2BBD1624513BEF678F5344694FB5B407A558865A71108664C62207?api-version=2022-04-01-preview",
      "RequestMethod": "GET",
      "RequestHeaders": {
        "Authorization": "Sanitized",
        "traceparent": "00-7a31d6b0cb2cf8498723dc37e2ec1d29-1aa0102a3c14f145-00",
        "User-Agent": "azsdk-net-ResourceManager/1.0.0 (.NET Framework 4.8.4510.0; Microsoft Windows 10.0.22000 )",
        "x-ms-client-request-id": "b3bbd07c63c89ba94a2252d8891cb47b",
        "x-ms-return-client-request-id": "true"
      },
      "RequestBody": null,
      "StatusCode": 200,
      "ResponseHeaders": {
        "Cache-Control": "no-cache",
        "Content-Length": "545",
        "Content-Type": "application/json; charset=utf-8",
        "Date": "Wed, 08 Jun 2022 00:33:53 GMT",
        "ETag": "\u0022da045443-0000-0800-0000-629fee560000\u0022",
        "Expires": "-1",
        "Pragma": "no-cache",
        "Strict-Transport-Security": "max-age=31536000; includeSubDomains",
        "X-Content-Type-Options": "nosniff",
        "x-ms-correlation-request-id": "c998bfe1-b834-49be-8a9a-0d7ef6c55820",
        "x-ms-ratelimit-remaining-tenant-reads": "11990",
        "x-ms-request-id": "6e364934-1b41-44af-a933-d5c07bc6cab6",
        "x-ms-routing-request-id": "WESTCENTRALUS:20220608T003354Z:c998bfe1-b834-49be-8a9a-0d7ef6c55820"
      },
      "ResponseBody": {
        "id": "/providers/Microsoft.DeviceUpdate/locations/WESTUS2/operationStatuses/988eb8ab-fac2-4b98-b975-51c3d655e332*3380718DCF2BBD1624513BEF678F5344694FB5B407A558865A71108664C62207",
        "name": "988eb8ab-fac2-4b98-b975-51c3d655e332*3380718DCF2BBD1624513BEF678F5344694FB5B407A558865A71108664C62207",
        "resourceId": "/subscriptions/cf65b9a6-fe0f-4011-881c-aba5a5fb8603/resourceGroups/testRg-936/providers/Microsoft.DeviceUpdate/accounts/Account-4777/instances/Instance-6429",
        "status": "Succeeded",
        "startTime": "2022-06-08T00:14:05.2115254Z",
        "properties": null
      }
    },
    {
      "RequestUri": "https://management.azure.com/subscriptions/cf65b9a6-fe0f-4011-881c-aba5a5fb8603/resourceGroups/testRg-936/providers/Microsoft.DeviceUpdate/accounts/Account-4777/instances/Instance-6429?api-version=2022-04-01-preview",
      "RequestMethod": "GET",
      "RequestHeaders": {
        "Accept": "application/json",
        "Authorization": "Sanitized",
        "traceparent": "00-2bc8d9a8f7e5084dbf233170a6910a68-c733c7b5b1d5fd46-00",
        "User-Agent": "azsdk-net-ResourceManager.DeviceUpdate/1.0.0-alpha.20220607.1 (.NET Framework 4.8.4510.0; Microsoft Windows 10.0.22000 )",
        "x-ms-client-request-id": "636e7ae6021910374ffb11604abf868f",
        "x-ms-return-client-request-id": "true"
      },
      "RequestBody": null,
      "StatusCode": 404,
      "ResponseHeaders": {
        "Cache-Control": "no-cache",
        "Content-Length": "250",
        "Content-Type": "application/json; charset=utf-8",
        "Date": "Wed, 08 Jun 2022 00:33:53 GMT",
        "Expires": "-1",
        "Pragma": "no-cache",
        "Strict-Transport-Security": "max-age=31536000; includeSubDomains",
        "X-Content-Type-Options": "nosniff",
        "x-ms-correlation-request-id": "19ede843-e6a4-4d34-8912-bb707e9f4ebf",
        "x-ms-failure-cause": "gateway",
        "x-ms-request-id": "19ede843-e6a4-4d34-8912-bb707e9f4ebf",
        "x-ms-routing-request-id": "WESTCENTRALUS:20220608T003354Z:19ede843-e6a4-4d34-8912-bb707e9f4ebf"
      },
      "ResponseBody": {
        "error": {
          "code": "ResourceNotFound",
          "message": "The Resource \u0027Microsoft.DeviceUpdate/accounts/Account-4777/instances/Instance-6429\u0027 under resource group \u0027testRg-936\u0027 was not found. For more details please go to https://aka.ms/ARMResourceNotFoundFix"
        }
      }
    }
  ],
  "Variables": {
    "RandomSeed": "1553992005",
    "RESOURCE_MANAGER_URL": null,
    "SUBSCRIPTION_ID": "cf65b9a6-fe0f-4011-881c-aba5a5fb8603"
  }
}
