{
  "Entries": [
    {
      "RequestUri": "/subscriptions/b80cf239-2c72-47ab-b309-b26aec4656b1/providers/Microsoft.Search/register?api-version=2016-02-01",
      "EncodedRequestUri": "L3N1YnNjcmlwdGlvbnMvYjgwY2YyMzktMmM3Mi00N2FiLWIzMDktYjI2YWVjNDY1NmIxL3Byb3ZpZGVycy9NaWNyb3NvZnQuU2VhcmNoL3JlZ2lzdGVyP2FwaS12ZXJzaW9uPTIwMTYtMDItMDE=",
      "RequestMethod": "POST",
      "RequestBody": "",
      "RequestHeaders": {
        "x-ms-client-request-id": [
          "abedd630-c4ef-4f83-8518-c24e73440488"
        ],
        "accept-language": [
          "en-US"
        ],
        "User-Agent": [
          "Microsoft.Azure.Management.ResourceManager.ResourceManagementClient/1.1.1-preview"
        ]
      },
      "ResponseBody": "{\r\n  \"id\": \"/subscriptions/b80cf239-2c72-47ab-b309-b26aec4656b1/providers/Microsoft.Search\",\r\n  \"namespace\": \"Microsoft.Search\",\r\n  \"resourceTypes\": [\r\n    {\r\n      \"resourceType\": \"searchServices\",\r\n      \"locations\": [\r\n        \"West US\"\r\n      ],\r\n      \"apiVersions\": [\r\n        \"2015-08-19\",\r\n        \"2015-02-28\",\r\n        \"2014-07-31-Preview\"\r\n      ],\r\n      \"capabilities\": \"CrossResourceGroupResourceMove, CrossSubscriptionResourceMove\"\r\n    },\r\n    {\r\n      \"resourceType\": \"searchServicesCit\",\r\n      \"locations\": [\r\n        \"West US\"\r\n      ],\r\n      \"apiVersions\": [\r\n        \"2015-08-19\",\r\n        \"2015-02-28\",\r\n        \"2014-07-31-Preview\"\r\n      ],\r\n      \"capabilities\": \"CrossResourceGroupResourceMove, CrossSubscriptionResourceMove\"\r\n    },\r\n    {\r\n      \"resourceType\": \"searchServicesNxt\",\r\n      \"locations\": [\r\n        \"West US\"\r\n      ],\r\n      \"apiVersions\": [\r\n        \"2015-08-19\",\r\n        \"2015-02-28\",\r\n        \"2014-07-31-Preview\"\r\n      ],\r\n      \"capabilities\": \"CrossResourceGroupResourceMove, CrossSubscriptionResourceMove\"\r\n    },\r\n    {\r\n      \"resourceType\": \"searchServicesInt\",\r\n      \"locations\": [\r\n        \"West US\"\r\n      ],\r\n      \"apiVersions\": [\r\n        \"2015-08-19\",\r\n        \"2015-02-28\",\r\n        \"2014-07-31-Preview\"\r\n      ],\r\n      \"capabilities\": \"CrossResourceGroupResourceMove, CrossSubscriptionResourceMove\"\r\n    },\r\n    {\r\n      \"resourceType\": \"searchServicesPpe\",\r\n      \"locations\": [\r\n        \"West US\"\r\n      ],\r\n      \"apiVersions\": [\r\n        \"2015-08-19\",\r\n        \"2015-02-28\",\r\n        \"2014-07-31-Preview\"\r\n      ],\r\n      \"capabilities\": \"CrossResourceGroupResourceMove, CrossSubscriptionResourceMove\"\r\n    },\r\n    {\r\n      \"resourceType\": \"checkServiceNameAvailability\",\r\n      \"locations\": [],\r\n      \"apiVersions\": [\r\n        \"2015-02-28\",\r\n        \"2014-07-31-Preview\"\r\n      ]\r\n    },\r\n    {\r\n      \"resourceType\": \"checkServiceNameAvailabilityCit\",\r\n      \"locations\": [],\r\n      \"apiVersions\": [\r\n        \"2015-02-28\",\r\n        \"2014-07-31-Preview\"\r\n      ]\r\n    },\r\n    {\r\n      \"resourceType\": \"checkServiceNameAvailabilityNxt\",\r\n      \"locations\": [],\r\n      \"apiVersions\": [\r\n        \"2015-02-28\",\r\n        \"2014-07-31-Preview\"\r\n      ]\r\n    },\r\n    {\r\n      \"resourceType\": \"checkServiceNameAvailabilityInt\",\r\n      \"locations\": [],\r\n      \"apiVersions\": [\r\n        \"2015-02-28\",\r\n        \"2014-07-31-Preview\"\r\n      ]\r\n    },\r\n    {\r\n      \"resourceType\": \"checkServiceNameAvailabilityPpe\",\r\n      \"locations\": [],\r\n      \"apiVersions\": [\r\n        \"2015-02-28\",\r\n        \"2014-07-31-Preview\"\r\n      ]\r\n    },\r\n    {\r\n      \"resourceType\": \"checkNameAvailability\",\r\n      \"locations\": [],\r\n      \"apiVersions\": [\r\n        \"2015-08-19\"\r\n      ]\r\n    },\r\n    {\r\n      \"resourceType\": \"checkNameAvailabilityCit\",\r\n      \"locations\": [],\r\n      \"apiVersions\": [\r\n        \"2015-08-19\"\r\n      ]\r\n    },\r\n    {\r\n      \"resourceType\": \"checkNameAvailabilityNxt\",\r\n      \"locations\": [],\r\n      \"apiVersions\": [\r\n        \"2015-08-19\"\r\n      ]\r\n    },\r\n    {\r\n      \"resourceType\": \"checkNameAvailabilityInt\",\r\n      \"locations\": [],\r\n      \"apiVersions\": [\r\n        \"2015-08-19\"\r\n      ]\r\n    },\r\n    {\r\n      \"resourceType\": \"checkNameAvailabilityPpe\",\r\n      \"locations\": [],\r\n      \"apiVersions\": [\r\n        \"2015-08-19\"\r\n      ]\r\n    },\r\n    {\r\n      \"resourceType\": \"operations\",\r\n      \"locations\": [],\r\n      \"apiVersions\": [\r\n        \"2015-08-19\",\r\n        \"2015-02-28\"\r\n      ]\r\n    }\r\n  ],\r\n  \"registrationState\": \"Registered\"\r\n}",
      "ResponseHeaders": {
        "Content-Type": [
          "application/json; charset=utf-8"
        ],
        "Expires": [
          "-1"
        ],
        "Cache-Control": [
          "no-cache"
        ],
        "Date": [
          "Wed, 19 Oct 2016 01:45:59 GMT"
        ],
        "Pragma": [
          "no-cache"
        ],
        "Vary": [
          "Accept-Encoding"
        ],
        "x-ms-ratelimit-remaining-subscription-writes": [
          "1104"
        ],
        "x-ms-request-id": [
          "ce20814b-4067-4ba4-82f4-e63184321a62"
        ],
        "x-ms-correlation-request-id": [
          "ce20814b-4067-4ba4-82f4-e63184321a62"
        ],
        "x-ms-routing-request-id": [
          "CENTRALUS:20161019T014559Z:ce20814b-4067-4ba4-82f4-e63184321a62"
        ],
        "Strict-Transport-Security": [
          "max-age=31536000; includeSubDomains"
        ]
      },
      "StatusCode": 200
    },
    {
      "RequestUri": "/subscriptions/b80cf239-2c72-47ab-b309-b26aec4656b1/resourcegroups/azsmnet8747?api-version=2016-02-01",
      "EncodedRequestUri": "L3N1YnNjcmlwdGlvbnMvYjgwY2YyMzktMmM3Mi00N2FiLWIzMDktYjI2YWVjNDY1NmIxL3Jlc291cmNlZ3JvdXBzL2F6c21uZXQ4NzQ3P2FwaS12ZXJzaW9uPTIwMTYtMDItMDE=",
      "RequestMethod": "PUT",
      "RequestBody": "{\r\n  \"location\": \"West US\"\r\n}",
      "RequestHeaders": {
        "Content-Type": [
          "application/json; charset=utf-8"
        ],
        "Content-Length": [
          "29"
        ],
        "x-ms-client-request-id": [
          "0c9a1344-68f4-49e8-bfa2-642c0acc7122"
        ],
        "accept-language": [
          "en-US"
        ],
        "User-Agent": [
          "Microsoft.Azure.Management.ResourceManager.ResourceManagementClient/1.1.1-preview"
        ]
      },
      "ResponseBody": "{\r\n  \"id\": \"/subscriptions/b80cf239-2c72-47ab-b309-b26aec4656b1/resourceGroups/azsmnet8747\",\r\n  \"name\": \"azsmnet8747\",\r\n  \"location\": \"westus\",\r\n  \"properties\": {\r\n    \"provisioningState\": \"Succeeded\"\r\n  }\r\n}",
      "ResponseHeaders": {
        "Content-Length": [
          "175"
        ],
        "Content-Type": [
          "application/json; charset=utf-8"
        ],
        "Expires": [
          "-1"
        ],
        "Cache-Control": [
          "no-cache"
        ],
        "Date": [
          "Wed, 19 Oct 2016 01:45:59 GMT"
        ],
        "Pragma": [
          "no-cache"
        ],
        "x-ms-ratelimit-remaining-subscription-writes": [
          "1103"
        ],
        "x-ms-request-id": [
          "86d7a5fd-f0c7-4ba4-a8a2-ec57be1384e5"
        ],
        "x-ms-correlation-request-id": [
          "86d7a5fd-f0c7-4ba4-a8a2-ec57be1384e5"
        ],
        "x-ms-routing-request-id": [
          "CENTRALUS:20161019T014600Z:86d7a5fd-f0c7-4ba4-a8a2-ec57be1384e5"
        ],
        "Strict-Transport-Security": [
          "max-age=31536000; includeSubDomains"
        ]
      },
      "StatusCode": 201
    },
    {
      "RequestUri": "/subscriptions/b80cf239-2c72-47ab-b309-b26aec4656b1/resourceGroups/azsmnet8747/providers/Microsoft.Search/searchServices/azs-4382?api-version=2015-08-19",
      "EncodedRequestUri": "L3N1YnNjcmlwdGlvbnMvYjgwY2YyMzktMmM3Mi00N2FiLWIzMDktYjI2YWVjNDY1NmIxL3Jlc291cmNlR3JvdXBzL2F6c21uZXQ4NzQ3L3Byb3ZpZGVycy9NaWNyb3NvZnQuU2VhcmNoL3NlYXJjaFNlcnZpY2VzL2F6cy00MzgyP2FwaS12ZXJzaW9uPTIwMTUtMDgtMTk=",
      "RequestMethod": "PUT",
      "RequestBody": "{\r\n  \"sku\": {\r\n    \"name\": \"free\"\r\n  },\r\n  \"location\": \"West US\"\r\n}",
      "RequestHeaders": {
        "Content-Type": [
          "application/json; charset=utf-8"
        ],
        "Content-Length": [
          "67"
        ],
        "x-ms-client-request-id": [
          "e00c9b34-d249-46d4-84b1-d00b97c95280"
        ],
        "accept-language": [
          "en-US"
        ],
        "User-Agent": [
          "Microsoft.Azure.Management.Search.SearchManagementClient/0.9.0-preview"
        ]
      },
      "ResponseBody": "{\r\n  \"id\": \"/subscriptions/b80cf239-2c72-47ab-b309-b26aec4656b1/resourceGroups/azsmnet8747/providers/Microsoft.Search/searchServices/azs-4382\",\r\n  \"name\": \"azs-4382\",\r\n  \"type\": \"Microsoft.Search/searchServices\",\r\n  \"location\": \"West US\",\r\n  \"properties\": {\r\n    \"replicaCount\": 1,\r\n    \"partitionCount\": 1,\r\n    \"status\": \"running\",\r\n    \"statusDetails\": null,\r\n    \"provisioningState\": \"succeeded\",\r\n    \"hostingMode\": \"Default\"\r\n  },\r\n  \"sku\": {\r\n    \"name\": \"free\"\r\n  }\r\n}",
      "ResponseHeaders": {
        "Content-Length": [
          "387"
        ],
        "Content-Type": [
          "application/json; charset=utf-8"
        ],
        "Expires": [
          "-1"
        ],
        "Cache-Control": [
          "no-cache"
        ],
        "Date": [
          "Wed, 19 Oct 2016 01:46:08 GMT"
        ],
        "Pragma": [
          "no-cache"
        ],
        "ETag": [
          "W/\"datetime'2016-10-19T01%3A46%3A08.5501339Z'\""
        ],
        "request-id": [
          "e00c9b34-d249-46d4-84b1-d00b97c95280"
        ],
        "elapsed-time": [
          "7063"
        ],
        "Strict-Transport-Security": [
          "max-age=31536000; includeSubDomains"
        ],
        "X-AspNet-Version": [
          "4.0.30319"
        ],
        "x-ms-ratelimit-remaining-subscription-writes": [
          "1113"
        ],
        "x-ms-request-id": [
          "7cca936a-9144-44ad-b00d-669be10ab63c"
        ],
        "x-ms-correlation-request-id": [
          "7cca936a-9144-44ad-b00d-669be10ab63c"
        ],
        "x-ms-routing-request-id": [
          "CENTRALUS:20161019T014609Z:7cca936a-9144-44ad-b00d-669be10ab63c"
        ]
      },
      "StatusCode": 201
    },
    {
      "RequestUri": "/subscriptions/b80cf239-2c72-47ab-b309-b26aec4656b1/resourceGroups/azsmnet8747/providers/Microsoft.Search/searchServices/azs-4382/listAdminKeys?api-version=2015-08-19",
      "EncodedRequestUri": "L3N1YnNjcmlwdGlvbnMvYjgwY2YyMzktMmM3Mi00N2FiLWIzMDktYjI2YWVjNDY1NmIxL3Jlc291cmNlR3JvdXBzL2F6c21uZXQ4NzQ3L3Byb3ZpZGVycy9NaWNyb3NvZnQuU2VhcmNoL3NlYXJjaFNlcnZpY2VzL2F6cy00MzgyL2xpc3RBZG1pbktleXM/YXBpLXZlcnNpb249MjAxNS0wOC0xOQ==",
      "RequestMethod": "POST",
      "RequestBody": "",
      "RequestHeaders": {
        "x-ms-client-request-id": [
          "acc250d9-5d4f-4403-8002-88b70befe0ec"
        ],
        "accept-language": [
          "en-US"
        ],
        "User-Agent": [
          "Microsoft.Azure.Management.Search.SearchManagementClient/0.9.0-preview"
        ]
      },
      "ResponseBody": "{\r\n  \"primaryKey\": \"4FB5DE6B271FC48AA9C2EF3908AAFF92\",\r\n  \"secondaryKey\": \"D181F5A4414D3D570B0046551829298C\"\r\n}",
      "ResponseHeaders": {
        "Content-Type": [
          "application/json; charset=utf-8"
        ],
        "Expires": [
          "-1"
        ],
        "Cache-Control": [
          "no-cache"
        ],
        "Date": [
          "Wed, 19 Oct 2016 01:46:10 GMT"
        ],
        "Pragma": [
          "no-cache"
        ],
        "Transfer-Encoding": [
          "chunked"
        ],
        "Vary": [
          "Accept-Encoding",
          "Accept-Encoding"
        ],
        "request-id": [
          "acc250d9-5d4f-4403-8002-88b70befe0ec"
        ],
        "elapsed-time": [
          "237"
        ],
        "Strict-Transport-Security": [
          "max-age=31536000; includeSubDomains"
        ],
        "X-AspNet-Version": [
          "4.0.30319"
        ],
        "x-ms-ratelimit-remaining-subscription-writes": [
          "1112"
        ],
        "x-ms-request-id": [
          "104045c8-7711-4614-8839-9db438e1b607"
        ],
        "x-ms-correlation-request-id": [
          "104045c8-7711-4614-8839-9db438e1b607"
        ],
        "x-ms-routing-request-id": [
          "CENTRALUS:20161019T014610Z:104045c8-7711-4614-8839-9db438e1b607"
        ]
      },
      "StatusCode": 200
    },
    {
      "RequestUri": "/subscriptions/b80cf239-2c72-47ab-b309-b26aec4656b1/resourceGroups/azsmnet8747/providers/Microsoft.Search/searchServices/azs-4382/listQueryKeys?api-version=2015-08-19",
      "EncodedRequestUri": "L3N1YnNjcmlwdGlvbnMvYjgwY2YyMzktMmM3Mi00N2FiLWIzMDktYjI2YWVjNDY1NmIxL3Jlc291cmNlR3JvdXBzL2F6c21uZXQ4NzQ3L3Byb3ZpZGVycy9NaWNyb3NvZnQuU2VhcmNoL3NlYXJjaFNlcnZpY2VzL2F6cy00MzgyL2xpc3RRdWVyeUtleXM/YXBpLXZlcnNpb249MjAxNS0wOC0xOQ==",
      "RequestMethod": "GET",
      "RequestBody": "",
      "RequestHeaders": {
        "x-ms-client-request-id": [
          "2de0f334-a24f-4115-bca5-502649232de5"
        ],
        "accept-language": [
          "en-US"
        ],
        "User-Agent": [
          "Microsoft.Azure.Management.Search.SearchManagementClient/0.9.0-preview"
        ]
      },
      "ResponseBody": "{\r\n  \"value\": [\r\n    {\r\n      \"name\": null,\r\n      \"key\": \"ABC9615D5898CD9FDDF4D2FE8F67EE1E\"\r\n    }\r\n  ],\r\n  \"nextLink\": null\r\n}",
      "ResponseHeaders": {
        "Content-Type": [
          "application/json; charset=utf-8"
        ],
        "Expires": [
          "-1"
        ],
        "Cache-Control": [
          "no-cache"
        ],
        "Date": [
          "Wed, 19 Oct 2016 01:46:10 GMT"
        ],
        "Pragma": [
          "no-cache"
        ],
        "Transfer-Encoding": [
          "chunked"
        ],
        "Vary": [
          "Accept-Encoding",
          "Accept-Encoding"
        ],
        "request-id": [
          "2de0f334-a24f-4115-bca5-502649232de5"
        ],
        "elapsed-time": [
          "205"
        ],
        "Strict-Transport-Security": [
          "max-age=31536000; includeSubDomains"
        ],
        "X-AspNet-Version": [
          "4.0.30319"
        ],
        "x-ms-ratelimit-remaining-subscription-reads": [
          "14961"
        ],
        "x-ms-request-id": [
          "034113eb-fb81-4cc9-ad1d-b558567d0b9f"
        ],
        "x-ms-correlation-request-id": [
          "034113eb-fb81-4cc9-ad1d-b558567d0b9f"
        ],
        "x-ms-routing-request-id": [
          "CENTRALUS:20161019T014611Z:034113eb-fb81-4cc9-ad1d-b558567d0b9f"
        ]
      },
      "StatusCode": 200
    },
    {
      "RequestUri": "/indexes('azsmnet5359')?api-version=2015-02-28-Preview",
      "EncodedRequestUri": "L2luZGV4ZXMoJ2F6c21uZXQ1MzU5Jyk/YXBpLXZlcnNpb249MjAxNS0wMi0yOC1QcmV2aWV3",
      "RequestMethod": "PUT",
      "RequestBody": "{\r\n  \"name\": \"azsmnet5359\",\r\n  \"fields\": [\r\n    {\r\n      \"name\": \"hotelId\",\r\n      \"type\": \"Edm.String\",\r\n      \"key\": true,\r\n      \"searchable\": false,\r\n      \"filterable\": true,\r\n      \"sortable\": true,\r\n      \"facetable\": true,\r\n      \"retrievable\": true\r\n    },\r\n    {\r\n      \"name\": \"baseRate\",\r\n      \"type\": \"Edm.Double\",\r\n      \"key\": false,\r\n      \"searchable\": false,\r\n      \"filterable\": true,\r\n      \"sortable\": true,\r\n      \"facetable\": true,\r\n      \"retrievable\": true\r\n    },\r\n    {\r\n      \"name\": \"description\",\r\n      \"type\": \"Edm.String\",\r\n      \"key\": false,\r\n      \"searchable\": true,\r\n      \"filterable\": false,\r\n      \"sortable\": false,\r\n      \"facetable\": false,\r\n      \"retrievable\": true\r\n    },\r\n    {\r\n      \"name\": \"description_fr\",\r\n      \"type\": \"Edm.String\",\r\n      \"analyzer\": \"fr.lucene\",\r\n      \"key\": false,\r\n      \"searchable\": true,\r\n      \"filterable\": false,\r\n      \"sortable\": false,\r\n      \"facetable\": false,\r\n      \"retrievable\": true\r\n    },\r\n    {\r\n      \"name\": \"description_custom\",\r\n      \"type\": \"Edm.String\",\r\n      \"searchAnalyzer\": \"stop\",\r\n      \"indexAnalyzer\": \"stop\",\r\n      \"key\": false,\r\n      \"searchable\": true,\r\n      \"filterable\": false,\r\n      \"sortable\": false,\r\n      \"facetable\": false,\r\n      \"retrievable\": true\r\n    },\r\n    {\r\n      \"name\": \"hotelName\",\r\n      \"type\": \"Edm.String\",\r\n      \"key\": false,\r\n      \"searchable\": true,\r\n      \"filterable\": true,\r\n      \"sortable\": true,\r\n      \"facetable\": true,\r\n      \"retrievable\": true\r\n    },\r\n    {\r\n      \"name\": \"category\",\r\n      \"type\": \"Edm.String\",\r\n      \"key\": false,\r\n      \"searchable\": true,\r\n      \"filterable\": true,\r\n      \"sortable\": true,\r\n      \"facetable\": true,\r\n      \"retrievable\": true\r\n    },\r\n    {\r\n      \"name\": \"tags\",\r\n      \"type\": \"Collection(Edm.String)\",\r\n      \"key\": false,\r\n      \"searchable\": true,\r\n      \"filterable\": true,\r\n      \"sortable\": false,\r\n      \"facetable\": true,\r\n      \"retrievable\": true\r\n    },\r\n    {\r\n      \"name\": \"parkingIncluded\",\r\n      \"type\": \"Edm.Boolean\",\r\n      \"key\": false,\r\n      \"searchable\": false,\r\n      \"filterable\": true,\r\n      \"sortable\": true,\r\n      \"facetable\": true,\r\n      \"retrievable\": true\r\n    },\r\n    {\r\n      \"name\": \"smokingAllowed\",\r\n      \"type\": \"Edm.Boolean\",\r\n      \"key\": false,\r\n      \"searchable\": false,\r\n      \"filterable\": true,\r\n      \"sortable\": true,\r\n      \"facetable\": true,\r\n      \"retrievable\": true\r\n    },\r\n    {\r\n      \"name\": \"lastRenovationDate\",\r\n      \"type\": \"Edm.DateTimeOffset\",\r\n      \"key\": false,\r\n      \"searchable\": false,\r\n      \"filterable\": true,\r\n      \"sortable\": true,\r\n      \"facetable\": true,\r\n      \"retrievable\": true\r\n    },\r\n    {\r\n      \"name\": \"rating\",\r\n      \"type\": \"Edm.Int32\",\r\n      \"key\": false,\r\n      \"searchable\": false,\r\n      \"filterable\": true,\r\n      \"sortable\": true,\r\n      \"facetable\": true,\r\n      \"retrievable\": true\r\n    },\r\n    {\r\n      \"name\": \"location\",\r\n      \"type\": \"Edm.GeographyPoint\",\r\n      \"key\": false,\r\n      \"searchable\": false,\r\n      \"filterable\": true,\r\n      \"sortable\": true,\r\n      \"facetable\": false,\r\n      \"retrievable\": true\r\n    },\r\n    {\r\n      \"name\": \"totalGuests\",\r\n      \"type\": \"Edm.Int64\",\r\n      \"key\": false,\r\n      \"searchable\": false,\r\n      \"filterable\": true,\r\n      \"sortable\": true,\r\n      \"facetable\": true,\r\n      \"retrievable\": false\r\n    },\r\n    {\r\n      \"name\": \"profitMargin\",\r\n      \"type\": \"Edm.Double\",\r\n      \"key\": false,\r\n      \"searchable\": false,\r\n      \"filterable\": false,\r\n      \"sortable\": false,\r\n      \"facetable\": false,\r\n      \"retrievable\": true\r\n    }\r\n  ],\r\n  \"scoringProfiles\": [\r\n    {\r\n      \"name\": \"MyProfile\",\r\n      \"text\": {\r\n        \"weights\": {\r\n          \"description\": 1.5,\r\n          \"category\": 2.0\r\n        }\r\n      },\r\n      \"functions\": [\r\n        {\r\n          \"type\": \"magnitude\",\r\n          \"magnitude\": {\r\n            \"boostingRangeStart\": 1.0,\r\n            \"boostingRangeEnd\": 4.0,\r\n            \"constantBoostBeyondRange\": true\r\n          },\r\n          \"fieldName\": \"rating\",\r\n          \"boost\": 2.0,\r\n          \"interpolation\": \"constant\"\r\n        },\r\n        {\r\n          \"type\": \"distance\",\r\n          \"distance\": {\r\n            \"referencePointParameter\": \"loc\",\r\n            \"boostingDistance\": 5.0\r\n          },\r\n          \"fieldName\": \"location\",\r\n          \"boost\": 1.5,\r\n          \"interpolation\": \"linear\"\r\n        },\r\n        {\r\n          \"type\": \"freshness\",\r\n          \"freshness\": {\r\n            \"boostingDuration\": \"P365D\"\r\n          },\r\n          \"fieldName\": \"lastRenovationDate\",\r\n          \"boost\": 1.1,\r\n          \"interpolation\": \"logarithmic\"\r\n        }\r\n      ],\r\n      \"functionAggregation\": \"average\"\r\n    },\r\n    {\r\n      \"name\": \"ProfileTwo\",\r\n      \"functions\": [\r\n        {\r\n          \"type\": \"tag\",\r\n          \"tag\": {\r\n            \"tagsParameter\": \"mytags\"\r\n          },\r\n          \"fieldName\": \"tags\",\r\n          \"boost\": 1.5,\r\n          \"interpolation\": \"linear\"\r\n        }\r\n      ],\r\n      \"functionAggregation\": \"maximum\"\r\n    },\r\n    {\r\n      \"name\": \"ProfileThree\",\r\n      \"functions\": [\r\n        {\r\n          \"type\": \"magnitude\",\r\n          \"magnitude\": {\r\n            \"boostingRangeStart\": 0.0,\r\n            \"boostingRangeEnd\": 10.0,\r\n            \"constantBoostBeyondRange\": false\r\n          },\r\n          \"fieldName\": \"rating\",\r\n          \"boost\": 3.0,\r\n          \"interpolation\": \"quadratic\"\r\n        }\r\n      ],\r\n      \"functionAggregation\": \"minimum\"\r\n    },\r\n    {\r\n      \"name\": \"ProfileFour\",\r\n      \"functions\": [\r\n        {\r\n          \"type\": \"magnitude\",\r\n          \"magnitude\": {\r\n            \"boostingRangeStart\": 1.0,\r\n            \"boostingRangeEnd\": 5.0,\r\n            \"constantBoostBeyondRange\": false\r\n          },\r\n          \"fieldName\": \"rating\",\r\n          \"boost\": 3.14,\r\n          \"interpolation\": \"constant\"\r\n        }\r\n      ],\r\n      \"functionAggregation\": \"firstMatching\"\r\n    }\r\n  ],\r\n  \"defaultScoringProfile\": \"MyProfile\",\r\n  \"corsOptions\": {\r\n    \"allowedOrigins\": [\r\n      \"http://tempuri.org\",\r\n      \"http://localhost:80\"\r\n    ],\r\n    \"maxAgeInSeconds\": 60\r\n  },\r\n  \"suggesters\": [\r\n    {\r\n      \"name\": \"FancySuggester\",\r\n      \"searchMode\": \"analyzingInfixMatching\",\r\n      \"sourceFields\": [\r\n        \"hotelName\"\r\n      ]\r\n    }\r\n  ]\r\n}",
      "RequestHeaders": {
        "Content-Type": [
          "application/json; charset=utf-8"
        ],
        "Content-Length": [
          "6270"
        ],
        "client-request-id": [
          "b18c7d4a-0073-48ed-b2d6-ef9ff2398690"
        ],
        "accept-language": [
          "en-US"
        ],
        "api-key": [
          "4FB5DE6B271FC48AA9C2EF3908AAFF92"
        ],
        "Prefer": [
          "return=representation"
        ],
        "User-Agent": [
          "Microsoft.Azure.Search.SearchServiceClient/2.0.5-preview"
        ]
      },
      "ResponseBody": "{\"@odata.context\":\"https://azs-4382.search-dogfood.windows-int.net/$metadata#indexes/$entity\",\"@odata.etag\":\"\\\"0x8D3F7C1B57FCFB1\\\"\",\"name\":\"azsmnet5359\",\"fields\":[{\"name\":\"hotelId\",\"type\":\"Edm.String\",\"searchable\":false,\"filterable\":true,\"retrievable\":true,\"sortable\":true,\"facetable\":true,\"key\":true,\"indexAnalyzer\":null,\"searchAnalyzer\":null,\"analyzer\":null,\"synonymMaps\":[]},{\"name\":\"baseRate\",\"type\":\"Edm.Double\",\"searchable\":false,\"filterable\":true,\"retrievable\":true,\"sortable\":true,\"facetable\":true,\"key\":false,\"indexAnalyzer\":null,\"searchAnalyzer\":null,\"analyzer\":null,\"synonymMaps\":[]},{\"name\":\"description\",\"type\":\"Edm.String\",\"searchable\":true,\"filterable\":false,\"retrievable\":true,\"sortable\":false,\"facetable\":false,\"key\":false,\"indexAnalyzer\":null,\"searchAnalyzer\":null,\"analyzer\":null,\"synonymMaps\":[]},{\"name\":\"description_fr\",\"type\":\"Edm.String\",\"searchable\":true,\"filterable\":false,\"retrievable\":true,\"sortable\":false,\"facetable\":false,\"key\":false,\"indexAnalyzer\":null,\"searchAnalyzer\":null,\"analyzer\":\"fr.lucene\",\"synonymMaps\":[]},{\"name\":\"description_custom\",\"type\":\"Edm.String\",\"searchable\":true,\"filterable\":false,\"retrievable\":true,\"sortable\":false,\"facetable\":false,\"key\":false,\"indexAnalyzer\":\"stop\",\"searchAnalyzer\":\"stop\",\"analyzer\":null,\"synonymMaps\":[]},{\"name\":\"hotelName\",\"type\":\"Edm.String\",\"searchable\":true,\"filterable\":true,\"retrievable\":true,\"sortable\":true,\"facetable\":true,\"key\":false,\"indexAnalyzer\":null,\"searchAnalyzer\":null,\"analyzer\":null,\"synonymMaps\":[]},{\"name\":\"category\",\"type\":\"Edm.String\",\"searchable\":true,\"filterable\":true,\"retrievable\":true,\"sortable\":true,\"facetable\":true,\"key\":false,\"indexAnalyzer\":null,\"searchAnalyzer\":null,\"analyzer\":null,\"synonymMaps\":[]},{\"name\":\"tags\",\"type\":\"Collection(Edm.String)\",\"searchable\":true,\"filterable\":true,\"retrievable\":true,\"sortable\":false,\"facetable\":true,\"key\":false,\"indexAnalyzer\":null,\"searchAnalyzer\":null,\"analyzer\":null,\"synonymMaps\":[]},{\"name\":\"parkingIncluded\",\"type\":\"Edm.Boolean\",\"searchable\":false,\"filterable\":true,\"retrievable\":true,\"sortable\":true,\"facetable\":true,\"key\":false,\"indexAnalyzer\":null,\"searchAnalyzer\":null,\"analyzer\":null,\"synonymMaps\":[]},{\"name\":\"smokingAllowed\",\"type\":\"Edm.Boolean\",\"searchable\":false,\"filterable\":true,\"retrievable\":true,\"sortable\":true,\"facetable\":true,\"key\":false,\"indexAnalyzer\":null,\"searchAnalyzer\":null,\"analyzer\":null,\"synonymMaps\":[]},{\"name\":\"lastRenovationDate\",\"type\":\"Edm.DateTimeOffset\",\"searchable\":false,\"filterable\":true,\"retrievable\":true,\"sortable\":true,\"facetable\":true,\"key\":false,\"indexAnalyzer\":null,\"searchAnalyzer\":null,\"analyzer\":null,\"synonymMaps\":[]},{\"name\":\"rating\",\"type\":\"Edm.Int32\",\"searchable\":false,\"filterable\":true,\"retrievable\":true,\"sortable\":true,\"facetable\":true,\"key\":false,\"indexAnalyzer\":null,\"searchAnalyzer\":null,\"analyzer\":null,\"synonymMaps\":[]},{\"name\":\"location\",\"type\":\"Edm.GeographyPoint\",\"searchable\":false,\"filterable\":true,\"retrievable\":true,\"sortable\":true,\"facetable\":false,\"key\":false,\"indexAnalyzer\":null,\"searchAnalyzer\":null,\"analyzer\":null,\"synonymMaps\":[]},{\"name\":\"totalGuests\",\"type\":\"Edm.Int64\",\"searchable\":false,\"filterable\":true,\"retrievable\":false,\"sortable\":true,\"facetable\":true,\"key\":false,\"indexAnalyzer\":null,\"searchAnalyzer\":null,\"analyzer\":null,\"synonymMaps\":[]},{\"name\":\"profitMargin\",\"type\":\"Edm.Double\",\"searchable\":false,\"filterable\":false,\"retrievable\":true,\"sortable\":false,\"facetable\":false,\"key\":false,\"indexAnalyzer\":null,\"searchAnalyzer\":null,\"analyzer\":null,\"synonymMaps\":[]}],\"scoringProfiles\":[{\"name\":\"MyProfile\",\"text\":{\"weights\":{\"description\":1.5,\"category\":2.0}},\"functions\":[{\"fieldName\":\"rating\",\"freshness\":null,\"interpolation\":\"constant\",\"magnitude\":{\"boostingRangeStart\":1.0,\"boostingRangeEnd\":4.0,\"constantBoostBeyondRange\":true},\"distance\":null,\"tag\":null,\"type\":\"magnitude\",\"boost\":2.0},{\"fieldName\":\"location\",\"freshness\":null,\"interpolation\":\"linear\",\"magnitude\":null,\"distance\":{\"referencePointParameter\":\"loc\",\"boostingDistance\":5.0},\"tag\":null,\"type\":\"distance\",\"boost\":1.5},{\"fieldName\":\"lastRenovationDate\",\"freshness\":{\"boostingDuration\":\"P365D\"},\"interpolation\":\"logarithmic\",\"magnitude\":null,\"distance\":null,\"tag\":null,\"type\":\"freshness\",\"boost\":1.1}],\"functionAggregation\":\"average\"},{\"name\":\"ProfileTwo\",\"text\":null,\"functions\":[{\"fieldName\":\"tags\",\"freshness\":null,\"interpolation\":\"linear\",\"magnitude\":null,\"distance\":null,\"tag\":{\"tagsParameter\":\"mytags\"},\"type\":\"tag\",\"boost\":1.5}],\"functionAggregation\":\"maximum\"},{\"name\":\"ProfileThree\",\"text\":null,\"functions\":[{\"fieldName\":\"rating\",\"freshness\":null,\"interpolation\":\"quadratic\",\"magnitude\":{\"boostingRangeStart\":0.0,\"boostingRangeEnd\":10.0,\"constantBoostBeyondRange\":false},\"distance\":null,\"tag\":null,\"type\":\"magnitude\",\"boost\":3.0}],\"functionAggregation\":\"minimum\"},{\"name\":\"ProfileFour\",\"text\":null,\"functions\":[{\"fieldName\":\"rating\",\"freshness\":null,\"interpolation\":\"constant\",\"magnitude\":{\"boostingRangeStart\":1.0,\"boostingRangeEnd\":5.0,\"constantBoostBeyondRange\":false},\"distance\":null,\"tag\":null,\"type\":\"magnitude\",\"boost\":3.14}],\"functionAggregation\":\"firstMatching\"}],\"defaultScoringProfile\":\"MyProfile\",\"corsOptions\":{\"allowedOrigins\":[\"http://tempuri.org\",\"http://localhost:80\"],\"maxAgeInSeconds\":60},\"suggesters\":[{\"name\":\"FancySuggester\",\"searchMode\":\"analyzingInfixMatching\",\"sourceFields\":[\"hotelName\"]}],\"analyzers\":[],\"tokenizers\":[],\"tokenFilters\":[],\"charFilters\":[]}",
      "ResponseHeaders": {
        "Content-Length": [
          "5398"
        ],
        "Content-Type": [
          "application/json; odata.metadata=minimal"
        ],
        "Expires": [
          "-1"
        ],
        "Cache-Control": [
          "no-cache"
        ],
        "Date": [
          "Wed, 19 Oct 2016 01:46:10 GMT"
        ],
        "Pragma": [
          "no-cache"
        ],
        "ETag": [
          "W/\"0x8D3F7C1B57FCFB1\""
        ],
        "Location": [
          "https://azs-4382.search-dogfood.windows-int.net/indexes('azsmnet5359')?api-version=2015-02-28-Preview"
        ],
        "request-id": [
          "b18c7d4a-0073-48ed-b2d6-ef9ff2398690"
        ],
        "elapsed-time": [
          "1011"
        ],
        "OData-Version": [
          "4.0"
        ],
        "Preference-Applied": [
          "odata.include-annotations=\"*\""
        ],
        "Strict-Transport-Security": [
          "max-age=15724800; includeSubDomains"
        ]
      },
      "StatusCode": 201
    },
    {
      "RequestUri": "/indexes('azsmnet5359')?api-version=2015-02-28-Preview",
      "EncodedRequestUri": "L2luZGV4ZXMoJ2F6c21uZXQ1MzU5Jyk/YXBpLXZlcnNpb249MjAxNS0wMi0yOC1QcmV2aWV3",
      "RequestMethod": "PUT",
      "RequestBody": "{\r\n  \"name\": \"azsmnet5359\",\r\n  \"fields\": [\r\n    {\r\n      \"name\": \"hotelId\",\r\n      \"type\": \"Edm.String\",\r\n      \"key\": true,\r\n      \"searchable\": false,\r\n      \"filterable\": true,\r\n      \"sortable\": true,\r\n      \"facetable\": true,\r\n      \"retrievable\": true\r\n    },\r\n    {\r\n      \"name\": \"baseRate\",\r\n      \"type\": \"Edm.Double\",\r\n      \"key\": false,\r\n      \"searchable\": false,\r\n      \"filterable\": true,\r\n      \"sortable\": true,\r\n      \"facetable\": true,\r\n      \"retrievable\": true\r\n    },\r\n    {\r\n      \"name\": \"description\",\r\n      \"type\": \"Edm.String\",\r\n      \"key\": false,\r\n      \"searchable\": true,\r\n      \"filterable\": false,\r\n      \"sortable\": false,\r\n      \"facetable\": false,\r\n      \"retrievable\": true\r\n    },\r\n    {\r\n      \"name\": \"description_fr\",\r\n      \"type\": \"Edm.String\",\r\n      \"analyzer\": \"fr.lucene\",\r\n      \"key\": false,\r\n      \"searchable\": true,\r\n      \"filterable\": false,\r\n      \"sortable\": false,\r\n      \"facetable\": false,\r\n      \"retrievable\": true\r\n    },\r\n    {\r\n      \"name\": \"description_custom\",\r\n      \"type\": \"Edm.String\",\r\n      \"searchAnalyzer\": \"stop\",\r\n      \"indexAnalyzer\": \"stop\",\r\n      \"key\": false,\r\n      \"searchable\": true,\r\n      \"filterable\": false,\r\n      \"sortable\": false,\r\n      \"facetable\": false,\r\n      \"retrievable\": true\r\n    },\r\n    {\r\n      \"name\": \"hotelName\",\r\n      \"type\": \"Edm.String\",\r\n      \"key\": false,\r\n      \"searchable\": true,\r\n      \"filterable\": true,\r\n      \"sortable\": true,\r\n      \"facetable\": true,\r\n      \"retrievable\": true\r\n    },\r\n    {\r\n      \"name\": \"category\",\r\n      \"type\": \"Edm.String\",\r\n      \"key\": false,\r\n      \"searchable\": true,\r\n      \"filterable\": true,\r\n      \"sortable\": true,\r\n      \"facetable\": true,\r\n      \"retrievable\": true\r\n    },\r\n    {\r\n      \"name\": \"tags\",\r\n      \"type\": \"Collection(Edm.String)\",\r\n      \"key\": false,\r\n      \"searchable\": true,\r\n      \"filterable\": true,\r\n      \"sortable\": false,\r\n      \"facetable\": true,\r\n      \"retrievable\": true\r\n    },\r\n    {\r\n      \"name\": \"parkingIncluded\",\r\n      \"type\": \"Edm.Boolean\",\r\n      \"key\": false,\r\n      \"searchable\": false,\r\n      \"filterable\": true,\r\n      \"sortable\": true,\r\n      \"facetable\": true,\r\n      \"retrievable\": true\r\n    },\r\n    {\r\n      \"name\": \"smokingAllowed\",\r\n      \"type\": \"Edm.Boolean\",\r\n      \"key\": false,\r\n      \"searchable\": false,\r\n      \"filterable\": true,\r\n      \"sortable\": true,\r\n      \"facetable\": true,\r\n      \"retrievable\": true\r\n    },\r\n    {\r\n      \"name\": \"lastRenovationDate\",\r\n      \"type\": \"Edm.DateTimeOffset\",\r\n      \"key\": false,\r\n      \"searchable\": false,\r\n      \"filterable\": true,\r\n      \"sortable\": true,\r\n      \"facetable\": true,\r\n      \"retrievable\": true\r\n    },\r\n    {\r\n      \"name\": \"rating\",\r\n      \"type\": \"Edm.Int32\",\r\n      \"key\": false,\r\n      \"searchable\": false,\r\n      \"filterable\": true,\r\n      \"sortable\": true,\r\n      \"facetable\": true,\r\n      \"retrievable\": true\r\n    },\r\n    {\r\n      \"name\": \"location\",\r\n      \"type\": \"Edm.GeographyPoint\",\r\n      \"key\": false,\r\n      \"searchable\": false,\r\n      \"filterable\": true,\r\n      \"sortable\": true,\r\n      \"facetable\": false,\r\n      \"retrievable\": true\r\n    },\r\n    {\r\n      \"name\": \"totalGuests\",\r\n      \"type\": \"Edm.Int64\",\r\n      \"key\": false,\r\n      \"searchable\": false,\r\n      \"filterable\": true,\r\n      \"sortable\": true,\r\n      \"facetable\": true,\r\n      \"retrievable\": false\r\n    },\r\n    {\r\n      \"name\": \"profitMargin\",\r\n      \"type\": \"Edm.Double\",\r\n      \"key\": false,\r\n      \"searchable\": false,\r\n      \"filterable\": false,\r\n      \"sortable\": false,\r\n      \"facetable\": false,\r\n      \"retrievable\": true\r\n    }\r\n  ],\r\n  \"scoringProfiles\": [\r\n    {\r\n      \"name\": \"MyProfile\",\r\n      \"text\": {\r\n        \"weights\": {\r\n          \"description\": 1.5,\r\n          \"category\": 2.0\r\n        }\r\n      },\r\n      \"functions\": [\r\n        {\r\n          \"type\": \"magnitude\",\r\n          \"magnitude\": {\r\n            \"boostingRangeStart\": 1.0,\r\n            \"boostingRangeEnd\": 4.0,\r\n            \"constantBoostBeyondRange\": true\r\n          },\r\n          \"fieldName\": \"rating\",\r\n          \"boost\": 2.0,\r\n          \"interpolation\": \"constant\"\r\n        },\r\n        {\r\n          \"type\": \"distance\",\r\n          \"distance\": {\r\n            \"referencePointParameter\": \"loc\",\r\n            \"boostingDistance\": 5.0\r\n          },\r\n          \"fieldName\": \"location\",\r\n          \"boost\": 1.5,\r\n          \"interpolation\": \"linear\"\r\n        },\r\n        {\r\n          \"type\": \"freshness\",\r\n          \"freshness\": {\r\n            \"boostingDuration\": \"P365D\"\r\n          },\r\n          \"fieldName\": \"lastRenovationDate\",\r\n          \"boost\": 1.1,\r\n          \"interpolation\": \"logarithmic\"\r\n        }\r\n      ],\r\n      \"functionAggregation\": \"average\"\r\n    },\r\n    {\r\n      \"name\": \"ProfileTwo\",\r\n      \"functions\": [\r\n        {\r\n          \"type\": \"tag\",\r\n          \"tag\": {\r\n            \"tagsParameter\": \"mytags\"\r\n          },\r\n          \"fieldName\": \"tags\",\r\n          \"boost\": 1.5,\r\n          \"interpolation\": \"linear\"\r\n        }\r\n      ],\r\n      \"functionAggregation\": \"maximum\"\r\n    },\r\n    {\r\n      \"name\": \"ProfileThree\",\r\n      \"functions\": [\r\n        {\r\n          \"type\": \"magnitude\",\r\n          \"magnitude\": {\r\n            \"boostingRangeStart\": 0.0,\r\n            \"boostingRangeEnd\": 10.0,\r\n            \"constantBoostBeyondRange\": false\r\n          },\r\n          \"fieldName\": \"rating\",\r\n          \"boost\": 3.0,\r\n          \"interpolation\": \"quadratic\"\r\n        }\r\n      ],\r\n      \"functionAggregation\": \"minimum\"\r\n    },\r\n    {\r\n      \"name\": \"ProfileFour\",\r\n      \"functions\": [\r\n        {\r\n          \"type\": \"magnitude\",\r\n          \"magnitude\": {\r\n            \"boostingRangeStart\": 1.0,\r\n            \"boostingRangeEnd\": 5.0,\r\n            \"constantBoostBeyondRange\": false\r\n          },\r\n          \"fieldName\": \"rating\",\r\n          \"boost\": 3.14,\r\n          \"interpolation\": \"constant\"\r\n        }\r\n      ],\r\n      \"functionAggregation\": \"firstMatching\"\r\n    }\r\n  ],\r\n  \"defaultScoringProfile\": \"MyProfile\",\r\n  \"corsOptions\": {\r\n    \"allowedOrigins\": [\r\n      \"*\"\r\n    ],\r\n    \"maxAgeInSeconds\": 60\r\n  },\r\n  \"suggesters\": [\r\n    {\r\n      \"name\": \"FancySuggester\",\r\n      \"searchMode\": \"analyzingInfixMatching\",\r\n      \"sourceFields\": [\r\n        \"hotelName\"\r\n      ]\r\n    }\r\n  ],\r\n  \"analyzers\": [],\r\n  \"tokenizers\": [],\r\n  \"tokenFilters\": [],\r\n  \"charFilters\": [],\r\n  \"@odata.etag\": \"\\\"0x8D3F7C1B57FCFB1\\\"\"\r\n}",
      "RequestHeaders": {
        "Content-Type": [
          "application/json; charset=utf-8"
        ],
        "Content-Length": [
          "6352"
        ],
        "client-request-id": [
          "e4988a6d-8350-4e07-b3b0-45ab06075511"
        ],
        "accept-language": [
          "en-US"
        ],
        "If-None-Match": [
          "*"
        ],
        "api-key": [
          "4FB5DE6B271FC48AA9C2EF3908AAFF92"
        ],
        "Prefer": [
          "return=representation"
        ],
        "User-Agent": [
          "Microsoft.Azure.Search.SearchServiceClient/2.0.5-preview"
        ]
      },
      "ResponseBody": "{\"error\":{\"code\":\"\",\"message\":\"The precondition given in one of the request headers evaluated to false. No change was made to the resource from this request.\"}}",
      "ResponseHeaders": {
        "Content-Length": [
          "160"
        ],
        "Content-Type": [
          "application/json; odata.metadata=minimal"
        ],
        "Content-Language": [
          "en"
        ],
        "Expires": [
          "-1"
        ],
        "Cache-Control": [
          "no-cache"
        ],
        "Date": [
          "Wed, 19 Oct 2016 01:46:15 GMT"
        ],
        "Pragma": [
          "no-cache"
        ],
        "request-id": [
          "e4988a6d-8350-4e07-b3b0-45ab06075511"
        ],
        "elapsed-time": [
          "71"
        ],
        "OData-Version": [
          "4.0"
        ],
        "Preference-Applied": [
          "odata.include-annotations=\"*\""
        ],
        "Strict-Transport-Security": [
          "max-age=15724800; includeSubDomains"
        ]
      },
      "StatusCode": 412
    },
    {
      "RequestUri": "/subscriptions/b80cf239-2c72-47ab-b309-b26aec4656b1/resourceGroups/azsmnet8747/providers/Microsoft.Search/searchServices/azs-4382?api-version=2015-08-19",
      "EncodedRequestUri": "L3N1YnNjcmlwdGlvbnMvYjgwY2YyMzktMmM3Mi00N2FiLWIzMDktYjI2YWVjNDY1NmIxL3Jlc291cmNlR3JvdXBzL2F6c21uZXQ4NzQ3L3Byb3ZpZGVycy9NaWNyb3NvZnQuU2VhcmNoL3NlYXJjaFNlcnZpY2VzL2F6cy00MzgyP2FwaS12ZXJzaW9uPTIwMTUtMDgtMTk=",
      "RequestMethod": "DELETE",
      "RequestBody": "",
      "RequestHeaders": {
        "x-ms-client-request-id": [
          "29ca89a0-b165-4cba-af8e-35db316f4228"
        ],
        "accept-language": [
          "en-US"
        ],
        "User-Agent": [
          "Microsoft.Azure.Management.Search.SearchManagementClient/0.9.0-preview"
        ]
      },
      "ResponseBody": "",
      "ResponseHeaders": {
        "Content-Length": [
          "0"
        ],
        "Expires": [
          "-1"
        ],
        "Cache-Control": [
          "no-cache"
        ],
        "Date": [
          "Wed, 19 Oct 2016 01:46:16 GMT"
        ],
        "Pragma": [
          "no-cache"
        ],
        "request-id": [
          "29ca89a0-b165-4cba-af8e-35db316f4228"
        ],
        "elapsed-time": [
          "254"
        ],
        "Strict-Transport-Security": [
          "max-age=31536000; includeSubDomains"
        ],
        "X-AspNet-Version": [
          "4.0.30319"
        ],
        "x-ms-ratelimit-remaining-subscription-writes": [
          "1124"
        ],
        "x-ms-request-id": [
          "b0cae677-fb05-4fbe-ad93-f7ffe78c43a7"
        ],
        "x-ms-correlation-request-id": [
          "b0cae677-fb05-4fbe-ad93-f7ffe78c43a7"
        ],
        "x-ms-routing-request-id": [
          "CENTRALUS:20161019T014616Z:b0cae677-fb05-4fbe-ad93-f7ffe78c43a7"
        ]
      },
      "StatusCode": 200
    }
  ],
  "Names": {
    "GenerateName": [
      "azsmnet8747",
      "azsmnet5359"
    ],
    "GenerateServiceName": [
      "azs-4382"
    ]
  },
  "Variables": {
    "SubscriptionId": "b80cf239-2c72-47ab-b309-b26aec4656b1"
  }
}