{
  "Entries": [
    {
      "RequestUri": "https://jaschrepragrs.blob.core.windows.net/test-container-223ded22-12a8-b3a7-60de-de6496c9ed29?restype=container",
      "RequestMethod": "PUT",
      "RequestHeaders": {
        "Accept": "application/xml",
        "Authorization": "Sanitized",
        "Content-Length": "0",
        "traceparent": "00-2d1404ac4fa4544cac02f752c7a0b223-ace2cc1b56aee752-00",
        "User-Agent": "azsdk-net-Storage.Blobs/12.14.0-alpha.20220721.1 (.NET 6.0.7; Microsoft Windows 10.0.22000)",
        "x-ms-client-request-id": "87422c8b-07c9-5c38-2561-45b5e2882b70",
        "x-ms-date": "Thu, 21 Jul 2022 13:51:32 GMT",
        "x-ms-return-client-request-id": "true",
        "x-ms-version": "2021-08-06"
      },
      "RequestBody": null,
      "StatusCode": 201,
      "ResponseHeaders": {
        "Content-Length": "0",
        "Date": "Thu, 21 Jul 2022 13:51:31 GMT",
        "ETag": "\u00220x8DA6B201E553CFE\u0022",
        "Last-Modified": "Thu, 21 Jul 2022 13:51:31 GMT",
        "Server": [
          "Windows-Azure-Blob/1.0",
          "Microsoft-HTTPAPI/2.0"
        ],
        "x-ms-client-request-id": "87422c8b-07c9-5c38-2561-45b5e2882b70",
        "x-ms-request-id": "a3bebdf4-001e-002c-3c08-9d6296000000",
        "x-ms-version": "2021-08-06"
      },
      "ResponseBody": null
    },
    {
      "RequestUri": "https://jaschrepragrs.blob.core.windows.net/test-container-223ded22-12a8-b3a7-60de-de6496c9ed29/test-blob-ddf4692d-3a12-0f09-5b58-c5ec1f2ebc1e",
      "RequestMethod": "PUT",
      "RequestHeaders": {
        "Accept": "application/xml",
        "Authorization": "Sanitized",
        "Content-Length": "80",
        "Content-Type": "application/octet-stream",
        "If-None-Match": "*",
        "traceparent": "00-ad66079a023cd28986c77b7910a5d278-ab37de1fa9d59b9b-00",
        "User-Agent": "azsdk-net-Storage.Blobs/12.14.0-alpha.20220721.1 (.NET 6.0.7; Microsoft Windows 10.0.22000)",
        "x-ms-blob-type": "BlockBlob",
        "x-ms-client-request-id": "a6c4d2a1-404e-d025-9884-83c9ec79df83",
        "x-ms-date": "Thu, 21 Jul 2022 13:51:32 GMT",
        "x-ms-meta-encryptiondata": "{\u0022EncryptionMode\u0022:\u0022FullBlob\u0022,\u0022WrappedContentKey\u0022:{\u0022KeyId\u0022:\u0022a614cd6e-c093-c1ec-391a-926c064c2ad3\u0022,\u0022EncryptedKey\u0022:\u00222eEnlXmaoI8QITaWMiP8Km59s3KxJVKv3MzTjr2zwgg=\u0022,\u0022Algorithm\u0022:\u0022some algorithm name\u0022},\u0022EncryptionAgent\u0022:{\u0022Protocol\u0022:\u00221.0\u0022,\u0022EncryptionAlgorithm\u0022:\u0022AES_CBC_256\u0022},\u0022ContentEncryptionIV\u0022:\u0022pCeOw6/A6ccJhO4zcJ9Bfg==\u0022,\u0022KeyWrappingMetadata\u0022:{\u0022EncryptionLibrary\u0022:\u0022.NET Recorded Test Encryption Metadata Agent String\u0022}}",
        "x-ms-return-client-request-id": "true",
        "x-ms-version": "2021-08-06"
      },
      "RequestBody": "BXgiQJOzXpKycJQJ5pBsAiAa\u002BW\u002B7DBBhjswuhDjJviPlag2fY2MCC0FbZxMRjcPC/uUTAC4ybR4Q9x8QX9l75lrScNYObTov4eUc7V37Lqo=",
      "StatusCode": 201,
      "ResponseHeaders": {
        "Content-Length": "0",
        "Content-MD5": "DBOVLK20dzsjnkg7O2t/qQ==",
        "Date": "Thu, 21 Jul 2022 13:51:31 GMT",
        "ETag": "\u00220x8DA6B201E5A2C36\u0022",
        "Last-Modified": "Thu, 21 Jul 2022 13:51:31 GMT",
        "Server": [
          "Windows-Azure-Blob/1.0",
          "Microsoft-HTTPAPI/2.0"
        ],
        "x-ms-client-request-id": "a6c4d2a1-404e-d025-9884-83c9ec79df83",
        "x-ms-content-crc64": "9u\u002BrovkZ6vE=",
        "x-ms-request-id": "a3bebe0d-001e-002c-5308-9d6296000000",
        "x-ms-request-server-encrypted": "true",
        "x-ms-version": "2021-08-06",
        "x-ms-version-id": "2022-07-21T13:51:31.8708036Z"
      },
      "ResponseBody": null
    },
    {
      "RequestUri": "https://jaschrepragrs.blob.core.windows.net/test-container-223ded22-12a8-b3a7-60de-de6496c9ed29/test-blob-ddf4692d-3a12-0f09-5b58-c5ec1f2ebc1e",
      "RequestMethod": "HEAD",
      "RequestHeaders": {
        "Accept": "application/xml",
        "Authorization": "Sanitized",
        "traceparent": "00-9efbbfe97ceee304a1da8ef485d4336d-8e6dec996916928f-00",
        "User-Agent": "azsdk-net-Storage.Blobs/12.14.0-alpha.20220721.1 (.NET 6.0.7; Microsoft Windows 10.0.22000)",
        "x-ms-client-request-id": "9e914a57-9bdb-1430-c98a-035daa065ff7",
        "x-ms-date": "Thu, 21 Jul 2022 13:51:32 GMT",
        "x-ms-return-client-request-id": "true",
        "x-ms-version": "2021-08-06"
      },
      "RequestBody": null,
      "StatusCode": 200,
      "ResponseHeaders": {
        "Accept-Ranges": "bytes",
        "Content-Length": "80",
        "Content-MD5": "DBOVLK20dzsjnkg7O2t/qQ==",
        "Content-Type": "application/octet-stream",
        "Date": "Thu, 21 Jul 2022 13:51:31 GMT",
        "ETag": "\u00220x8DA6B201E5A2C36\u0022",
        "Last-Modified": "Thu, 21 Jul 2022 13:51:31 GMT",
        "Server": [
          "Windows-Azure-Blob/1.0",
          "Microsoft-HTTPAPI/2.0"
        ],
        "x-ms-access-tier": "Hot",
        "x-ms-access-tier-inferred": "true",
        "x-ms-blob-type": "BlockBlob",
        "x-ms-client-request-id": "9e914a57-9bdb-1430-c98a-035daa065ff7",
        "x-ms-creation-time": "Thu, 21 Jul 2022 13:51:31 GMT",
        "x-ms-is-current-version": "true",
        "x-ms-lease-state": "available",
        "x-ms-lease-status": "unlocked",
        "x-ms-meta-encryptiondata": "{\u0022EncryptionMode\u0022:\u0022FullBlob\u0022,\u0022WrappedContentKey\u0022:{\u0022KeyId\u0022:\u0022a614cd6e-c093-c1ec-391a-926c064c2ad3\u0022,\u0022EncryptedKey\u0022:\u00222eEnlXmaoI8QITaWMiP8Km59s3KxJVKv3MzTjr2zwgg=\u0022,\u0022Algorithm\u0022:\u0022some algorithm name\u0022},\u0022EncryptionAgent\u0022:{\u0022Protocol\u0022:\u00221.0\u0022,\u0022EncryptionAlgorithm\u0022:\u0022AES_CBC_256\u0022},\u0022ContentEncryptionIV\u0022:\u0022pCeOw6/A6ccJhO4zcJ9Bfg==\u0022,\u0022KeyWrappingMetadata\u0022:{\u0022EncryptionLibrary\u0022:\u0022.NET Recorded Test Encryption Metadata Agent String\u0022}}",
        "x-ms-request-id": "a3bebe25-001e-002c-6908-9d6296000000",
        "x-ms-server-encrypted": "true",
        "x-ms-version": "2021-08-06",
        "x-ms-version-id": "2022-07-21T13:51:31.8708036Z"
      },
      "ResponseBody": null
    },
    {
      "RequestUri": "https://jaschrepragrs.blob.core.windows.net/test-container-223ded22-12a8-b3a7-60de-de6496c9ed29/test-blob-ddf4692d-3a12-0f09-5b58-c5ec1f2ebc1e",
      "RequestMethod": "GET",
      "RequestHeaders": {
        "Accept": "application/xml",
        "Authorization": "Sanitized",
        "traceparent": "00-e16fb94035c2fdbd37f57b037b28c50d-57b46249245f92c0-00",
        "User-Agent": "azsdk-net-Storage.Blobs/12.14.0-alpha.20220721.1 (.NET 6.0.7; Microsoft Windows 10.0.22000)",
        "x-ms-client-request-id": "a17268f5-41e7-56a7-7d07-89669db8cb50",
        "x-ms-date": "Thu, 21 Jul 2022 13:51:32 GMT",
        "x-ms-return-client-request-id": "true",
        "x-ms-version": "2021-08-06"
      },
      "RequestBody": null,
      "StatusCode": 200,
      "ResponseHeaders": {
        "Accept-Ranges": "bytes",
        "Content-Length": "80",
        "Content-MD5": "DBOVLK20dzsjnkg7O2t/qQ==",
        "Content-Type": "application/octet-stream",
        "Date": "Thu, 21 Jul 2022 13:51:31 GMT",
        "ETag": "\u00220x8DA6B201E5A2C36\u0022",
        "Last-Modified": "Thu, 21 Jul 2022 13:51:31 GMT",
        "Server": [
          "Windows-Azure-Blob/1.0",
          "Microsoft-HTTPAPI/2.0"
        ],
        "x-ms-blob-type": "BlockBlob",
        "x-ms-client-request-id": "a17268f5-41e7-56a7-7d07-89669db8cb50",
        "x-ms-creation-time": "Thu, 21 Jul 2022 13:51:31 GMT",
        "x-ms-is-current-version": "true",
        "x-ms-lease-state": "available",
        "x-ms-lease-status": "unlocked",
        "x-ms-meta-encryptiondata": "{\u0022EncryptionMode\u0022:\u0022FullBlob\u0022,\u0022WrappedContentKey\u0022:{\u0022KeyId\u0022:\u0022a614cd6e-c093-c1ec-391a-926c064c2ad3\u0022,\u0022EncryptedKey\u0022:\u00222eEnlXmaoI8QITaWMiP8Km59s3KxJVKv3MzTjr2zwgg=\u0022,\u0022Algorithm\u0022:\u0022some algorithm name\u0022},\u0022EncryptionAgent\u0022:{\u0022Protocol\u0022:\u00221.0\u0022,\u0022EncryptionAlgorithm\u0022:\u0022AES_CBC_256\u0022},\u0022ContentEncryptionIV\u0022:\u0022pCeOw6/A6ccJhO4zcJ9Bfg==\u0022,\u0022KeyWrappingMetadata\u0022:{\u0022EncryptionLibrary\u0022:\u0022.NET Recorded Test Encryption Metadata Agent String\u0022}}",
        "x-ms-request-id": "a3bebe37-001e-002c-7908-9d6296000000",
        "x-ms-server-encrypted": "true",
        "x-ms-version": "2021-08-06",
        "x-ms-version-id": "2022-07-21T13:51:31.8708036Z"
      },
      "ResponseBody": "BXgiQJOzXpKycJQJ5pBsAiAa\u002BW\u002B7DBBhjswuhDjJviPlag2fY2MCC0FbZxMRjcPC/uUTAC4ybR4Q9x8QX9l75lrScNYObTov4eUc7V37Lqo="
    },
    {
      "RequestUri": "https://jaschrepragrs.blob.core.windows.net/test-container-223ded22-12a8-b3a7-60de-de6496c9ed29?restype=container",
      "RequestMethod": "DELETE",
      "RequestHeaders": {
        "Accept": "application/xml",
        "Authorization": "Sanitized",
        "traceparent": "00-e7facb58030b894dd5906a15df39a450-e9e33ece20862f10-00",
        "User-Agent": "azsdk-net-Storage.Blobs/12.14.0-alpha.20220721.1 (.NET 6.0.7; Microsoft Windows 10.0.22000)",
        "x-ms-client-request-id": "42670133-bd94-660f-1c09-0dc9514c6304",
        "x-ms-date": "Thu, 21 Jul 2022 13:51:32 GMT",
        "x-ms-return-client-request-id": "true",
        "x-ms-version": "2021-08-06"
      },
      "RequestBody": null,
      "StatusCode": 202,
      "ResponseHeaders": {
        "Content-Length": "0",
        "Date": "Thu, 21 Jul 2022 13:51:31 GMT",
        "Server": [
          "Windows-Azure-Blob/1.0",
          "Microsoft-HTTPAPI/2.0"
        ],
        "x-ms-client-request-id": "42670133-bd94-660f-1c09-0dc9514c6304",
        "x-ms-request-id": "a3bebe52-001e-002c-1208-9d6296000000",
        "x-ms-version": "2021-08-06"
      },
      "ResponseBody": null
    }
  ],
  "Variables": {
    "RandomSeed": "99380365",
    "Storage_TestConfigDefault": "ProductionTenant\njaschrepragrs\nU2FuaXRpemVk\nhttps://jaschrepragrs.blob.core.windows.net\nhttps://jaschrepragrs.file.core.windows.net\nhttps://jaschrepragrs.queue.core.windows.net\nhttps://jaschrepragrs.table.core.windows.net\n\n\n\n\nhttps://jaschrepragrs-secondary.blob.core.windows.net\nhttps://jaschrepragrs-secondary.file.core.windows.net\nhttps://jaschrepragrs-secondary.queue.core.windows.net\nhttps://jaschrepragrs-secondary.table.core.windows.net\n\nSanitized\n\n\nCloud\nBlobEndpoint=https://jaschrepragrs.blob.core.windows.net/;QueueEndpoint=https://jaschrepragrs.queue.core.windows.net/;FileEndpoint=https://jaschrepragrs.file.core.windows.net/;BlobSecondaryEndpoint=https://jaschrepragrs-secondary.blob.core.windows.net/;QueueSecondaryEndpoint=https://jaschrepragrs-secondary.queue.core.windows.net/;FileSecondaryEndpoint=https://jaschrepragrs-secondary.file.core.windows.net/;AccountName=jaschrepragrs;AccountKey=Sanitized\n[encryption scope]\n\n"
  }
}
