{
  "Entries": [
    {
      "RequestUri": "https://jaschrepragrs.blob.core.windows.net/test-container-fd176f9e-9f69-534d-f3de-7a837b8ce67b?restype=container",
      "RequestMethod": "PUT",
      "RequestHeaders": {
        "Accept": "application/xml",
        "Authorization": "Sanitized",
        "Content-Length": "0",
        "traceparent": "00-f2d75d275fc8b43730d9117eb40964d5-4e556002ca1c33f6-00",
        "User-Agent": "azsdk-net-Storage.Blobs/12.14.0-alpha.20220721.1 (.NET 6.0.7; Microsoft Windows 10.0.22000)",
        "x-ms-blob-public-access": "container",
        "x-ms-client-request-id": "0010a290-3e0a-5102-72d3-1d9c943b7e10",
        "x-ms-date": "Thu, 21 Jul 2022 13:51:41 GMT",
        "x-ms-return-client-request-id": "true",
        "x-ms-version": "2021-08-06"
      },
      "RequestBody": null,
      "StatusCode": 201,
      "ResponseHeaders": {
        "Content-Length": "0",
        "Date": "Thu, 21 Jul 2022 13:51:40 GMT",
        "ETag": "\u00220x8DA6B2023AB3063\u0022",
        "Last-Modified": "Thu, 21 Jul 2022 13:51:40 GMT",
        "Server": [
          "Windows-Azure-Blob/1.0",
          "Microsoft-HTTPAPI/2.0"
        ],
        "x-ms-client-request-id": "0010a290-3e0a-5102-72d3-1d9c943b7e10",
        "x-ms-request-id": "a3bed885-001e-002c-4309-9d6296000000",
        "x-ms-version": "2021-08-06"
      },
      "ResponseBody": null
    },
    {
      "RequestUri": "https://jaschrepragrs.blob.core.windows.net/test-container-fd176f9e-9f69-534d-f3de-7a837b8ce67b/test-blob-08d9cdaf-59f5-0d7d-e8f9-6c5cb5ff618d",
      "RequestMethod": "PUT",
      "RequestHeaders": {
        "Accept": "application/xml",
        "Authorization": "Sanitized",
        "Content-Length": "1024",
        "Content-Type": "application/octet-stream",
        "traceparent": "00-a4fa57da7160fca985ea7599fab6bdc5-270067e73d969670-00",
        "User-Agent": "azsdk-net-Storage.Blobs/12.14.0-alpha.20220721.1 (.NET 6.0.7; Microsoft Windows 10.0.22000)",
        "x-ms-blob-type": "BlockBlob",
        "x-ms-client-request-id": "249ed98e-c78c-3656-2503-1710d1a69c73",
        "x-ms-date": "Thu, 21 Jul 2022 13:51:41 GMT",
        "x-ms-meta-encryptiondata": "{\u0022EncryptionMode\u0022:\u0022bar\u0022,\u0022WrappedContentKey\u0022:{\u0022KeyId\u0022:\u00220b500139-5d0e-70fe-fafa-27bd61cf21f1\u0022,\u0022EncryptedKey\u0022:\u002207D5eBzEN2K6ab1Qj97DlA4/2e6E8UEGYmq2nTMG\\u002BV8=\u0022,\u0022Algorithm\u0022:\u0022some algorithm name\u0022},\u0022EncryptionAgent\u0022:{\u0022Protocol\u0022:\u00222.0\u0022,\u0022EncryptionAlgorithm\u0022:\u0022foo\u0022},\u0022EncryptedRegionInfo\u0022:{\u0022DataLength\u0022:4194304,\u0022NonceLength\u0022:12},\u0022KeyWrappingMetadata\u0022:{\u0022fizz\u0022:\u0022buzz\u0022}}",
        "x-ms-return-client-request-id": "true",
        "x-ms-version": "2021-08-06"
      },
      "RequestBody": "dlSMstqSp6uSRPQpg\u002BJmf\u002BXrAq3gLyxfyLX6t4gr3HSTgLmBnDnQXqP6i2MviDOQbAgzcQqwIUYnLOokl/AjZmh/lQMp5OOrG6MK5aPIMD\u002BCakt/92tp415yWW9Pq8ey1iT7r/MwZ4clh1ZmpTujXvyqoi2lo2/9FbGktotzXG/cVw5\u002BzYBLUQLEWW8UAj0iz/pypAmaDTK1/plCi7H7sSrmik4sJJF7X1Aq4Un/6BN0gueQALhmQkrcyc/mCcVRyKdELnjv9atp90S4byzptRWGzgnKa7FygEcEUFrBlVaK2RmhurmahYw7Jgl0rdMd8hO5Xzq8h1z20q4w66RQp2HuLZUTR/pb7El9jkWn/tJ05l1GCDUbzlK8q\u002BgLaZrn6n6nhYA\u002BCqsYXXPxPvgXT9TbvARGCp8s0l9CVpsSUIKvlaPG/3hSNtuyLqrBKY9apVsTL62VoODfe7Mg\u002B7QPBg3xQqhUUE9ciYYolNv0a6nP6LBA/yDVGfXD5oTEMTonoiid0ObmBVQMtqUmbAsE6g8KURIDzwbtGymzkWnKl1hLAfKzV5rC6ONcM0h6rq3pvvx0uuAoJNIhsLS9M3PqQR5N22oYUJN1R2gvp5y\u002Bcm17ytJtVd14I90gkqblBbVvcfIpLdJC0G5o/3J3\u002BHw2Yj1HQWmgfetB1biN\u002BL7sj0KzvzWplEWaOflkBVZqACpg6i9onsNLzvQG6FcatNive28vwzlHjM74rAhvPHeU1tSNLQ2Og/F\u002BZ/BBoqztf4QhtInnOjzxGV1hcPG725J8cRGDjYfKIfd\u002BsVxJBekhCiyDTofurZuXnBOvLRP/w4tdxTCbavL8VpORaIngpxN0QGbFOI0LjcR16/BzGvTkfu3Q60C4haA5h/fzXEQRtvQAO\u002BytOYv\u002BUjdsJX4BiDyfrembELzTu7rFi7GVFzF/ZDX8c94HN0Vi0ZkIS2AiOP67U69bdaY3LH8y567aaToF7cFJBRVdmHWkOT4jym9ao1Oy2sSCJO6OxEde1FCWiGheAl6e2DPpXbs5tjxnFGEQ2ENbJ452g8nTukDO/sMlDbDWxMgRu8ofyXwISG2xJrDlTvwMO2HZ6H\u002BVyx7zG174E6iMkU\u002BZ/xx4O14SbTpbIZOP6LDGGNJO/NtIe\u002B\u002BsLK4dEDXFJJVgS0/gkwADx3tEOaqKYzKuMfrWPZV0UIMtzA6v9F0Flvz\u002BLpxg5oXRSzRgA0FFIcl7bt467ub/7PrMssfyU9MdP6OtizSVTkt1BfJgE01B6KpENIV/y6cW/kKhlDO\u002B3/dhQsSel5aU5SCSxOn0n9itiskcrR9NnnT8l4zy9LoXtyb6/tGJo1AUsE5l7Ae\u002BIV9p8wlqoTHYFKNQog==",
      "StatusCode": 201,
      "ResponseHeaders": {
        "Content-Length": "0",
        "Content-MD5": "\u002BWTEdmuX1Q7itTlKpdaX9Q==",
        "Date": "Thu, 21 Jul 2022 13:51:40 GMT",
        "ETag": "\u00220x8DA6B2023AFABF2\u0022",
        "Last-Modified": "Thu, 21 Jul 2022 13:51:40 GMT",
        "Server": [
          "Windows-Azure-Blob/1.0",
          "Microsoft-HTTPAPI/2.0"
        ],
        "x-ms-client-request-id": "249ed98e-c78c-3656-2503-1710d1a69c73",
        "x-ms-content-crc64": "v/zGZgg5I1I=",
        "x-ms-request-id": "a3bed895-001e-002c-5209-9d6296000000",
        "x-ms-request-server-encrypted": "true",
        "x-ms-version": "2021-08-06",
        "x-ms-version-id": "2022-07-21T13:51:40.8187378Z"
      },
      "ResponseBody": null
    },
    {
      "RequestUri": "https://jaschrepragrs.blob.core.windows.net/test-container-fd176f9e-9f69-534d-f3de-7a837b8ce67b/test-blob-08d9cdaf-59f5-0d7d-e8f9-6c5cb5ff618d",
      "RequestMethod": "HEAD",
      "RequestHeaders": {
        "Accept": "application/xml",
        "Authorization": "Sanitized",
        "traceparent": "00-fc3dddd407c6d118ddb37218b45deedb-f332a18172d36563-00",
        "User-Agent": "azsdk-net-Storage.Blobs/12.14.0-alpha.20220721.1 (.NET 6.0.7; Microsoft Windows 10.0.22000)",
        "x-ms-client-request-id": "dccd1771-3c60-4601-d6bc-b378ce61781a",
        "x-ms-date": "Thu, 21 Jul 2022 13:51:41 GMT",
        "x-ms-return-client-request-id": "true",
        "x-ms-version": "2021-08-06"
      },
      "RequestBody": null,
      "StatusCode": 200,
      "ResponseHeaders": {
        "Accept-Ranges": "bytes",
        "Content-Length": "1024",
        "Content-MD5": "\u002BWTEdmuX1Q7itTlKpdaX9Q==",
        "Content-Type": "application/octet-stream",
        "Date": "Thu, 21 Jul 2022 13:51:40 GMT",
        "ETag": "\u00220x8DA6B2023AFABF2\u0022",
        "Last-Modified": "Thu, 21 Jul 2022 13:51:40 GMT",
        "Server": [
          "Windows-Azure-Blob/1.0",
          "Microsoft-HTTPAPI/2.0"
        ],
        "x-ms-access-tier": "Hot",
        "x-ms-access-tier-inferred": "true",
        "x-ms-blob-type": "BlockBlob",
        "x-ms-client-request-id": "dccd1771-3c60-4601-d6bc-b378ce61781a",
        "x-ms-creation-time": "Thu, 21 Jul 2022 13:51:40 GMT",
        "x-ms-is-current-version": "true",
        "x-ms-lease-state": "available",
        "x-ms-lease-status": "unlocked",
        "x-ms-meta-encryptiondata": "{\u0022EncryptionMode\u0022:\u0022bar\u0022,\u0022WrappedContentKey\u0022:{\u0022KeyId\u0022:\u00220b500139-5d0e-70fe-fafa-27bd61cf21f1\u0022,\u0022EncryptedKey\u0022:\u002207D5eBzEN2K6ab1Qj97DlA4/2e6E8UEGYmq2nTMG\\u002BV8=\u0022,\u0022Algorithm\u0022:\u0022some algorithm name\u0022},\u0022EncryptionAgent\u0022:{\u0022Protocol\u0022:\u00222.0\u0022,\u0022EncryptionAlgorithm\u0022:\u0022foo\u0022},\u0022EncryptedRegionInfo\u0022:{\u0022DataLength\u0022:4194304,\u0022NonceLength\u0022:12},\u0022KeyWrappingMetadata\u0022:{\u0022fizz\u0022:\u0022buzz\u0022}}",
        "x-ms-request-id": "a3bed8a8-001e-002c-6509-9d6296000000",
        "x-ms-server-encrypted": "true",
        "x-ms-version": "2021-08-06",
        "x-ms-version-id": "2022-07-21T13:51:40.8187378Z"
      },
      "ResponseBody": null
    },
    {
      "RequestUri": "https://jaschrepragrs.blob.core.windows.net/test-container-fd176f9e-9f69-534d-f3de-7a837b8ce67b/test-blob-08d9cdaf-59f5-0d7d-e8f9-6c5cb5ff618d",
      "RequestMethod": "HEAD",
      "RequestHeaders": {
        "Accept": "application/xml",
        "Authorization": "Sanitized",
        "User-Agent": "azsdk-net-Storage.Blobs/12.14.0-alpha.20220721.1 (.NET 6.0.7; Microsoft Windows 10.0.22000)",
        "x-ms-client-request-id": "ba9f196a-bfd9-3512-8e48-8f8cf11bfbfa",
        "x-ms-date": "Thu, 21 Jul 2022 13:51:41 GMT",
        "x-ms-return-client-request-id": "true",
        "x-ms-version": "2021-08-06"
      },
      "RequestBody": null,
      "StatusCode": 200,
      "ResponseHeaders": {
        "Accept-Ranges": "bytes",
        "Content-Length": "1024",
        "Content-MD5": "\u002BWTEdmuX1Q7itTlKpdaX9Q==",
        "Content-Type": "application/octet-stream",
        "Date": "Thu, 21 Jul 2022 13:51:40 GMT",
        "ETag": "\u00220x8DA6B2023AFABF2\u0022",
        "Last-Modified": "Thu, 21 Jul 2022 13:51:40 GMT",
        "Server": [
          "Windows-Azure-Blob/1.0",
          "Microsoft-HTTPAPI/2.0"
        ],
        "x-ms-access-tier": "Hot",
        "x-ms-access-tier-inferred": "true",
        "x-ms-blob-type": "BlockBlob",
        "x-ms-client-request-id": "ba9f196a-bfd9-3512-8e48-8f8cf11bfbfa",
        "x-ms-creation-time": "Thu, 21 Jul 2022 13:51:40 GMT",
        "x-ms-is-current-version": "true",
        "x-ms-lease-state": "available",
        "x-ms-lease-status": "unlocked",
        "x-ms-meta-encryptiondata": "{\u0022EncryptionMode\u0022:\u0022bar\u0022,\u0022WrappedContentKey\u0022:{\u0022KeyId\u0022:\u00220b500139-5d0e-70fe-fafa-27bd61cf21f1\u0022,\u0022EncryptedKey\u0022:\u002207D5eBzEN2K6ab1Qj97DlA4/2e6E8UEGYmq2nTMG\\u002BV8=\u0022,\u0022Algorithm\u0022:\u0022some algorithm name\u0022},\u0022EncryptionAgent\u0022:{\u0022Protocol\u0022:\u00222.0\u0022,\u0022EncryptionAlgorithm\u0022:\u0022foo\u0022},\u0022EncryptedRegionInfo\u0022:{\u0022DataLength\u0022:4194304,\u0022NonceLength\u0022:12},\u0022KeyWrappingMetadata\u0022:{\u0022fizz\u0022:\u0022buzz\u0022}}",
        "x-ms-request-id": "a3bed8da-001e-002c-1209-9d6296000000",
        "x-ms-server-encrypted": "true",
        "x-ms-version": "2021-08-06",
        "x-ms-version-id": "2022-07-21T13:51:40.8187378Z"
      },
      "ResponseBody": null
    },
    {
      "RequestUri": "https://jaschrepragrs.blob.core.windows.net/test-container-fd176f9e-9f69-534d-f3de-7a837b8ce67b/test-blob-08d9cdaf-59f5-0d7d-e8f9-6c5cb5ff618d?comp=metadata",
      "RequestMethod": "PUT",
      "RequestHeaders": {
        "Accept": "application/xml",
        "Authorization": "Sanitized",
        "Content-Length": "0",
        "If-Match": "\u00220x8DA6B2023AFABF2\u0022",
        "User-Agent": "azsdk-net-Storage.Blobs/12.14.0-alpha.20220721.1 (.NET 6.0.7; Microsoft Windows 10.0.22000)",
        "x-ms-client-request-id": "b40ebca6-bdc2-5541-b3a6-55139180f728",
        "x-ms-date": "Thu, 21 Jul 2022 13:51:41 GMT",
        "x-ms-meta-encryptiondata": "{\u0022EncryptionMode\u0022:\u0022bar\u0022,\u0022WrappedContentKey\u0022:{\u0022KeyId\u0022:\u0022bf7bbc8e-bd19-563c-9cc5-2ff56c49a302\u0022,\u0022EncryptedKey\u0022:\u002207D5eBzEN2K6ab1Qj97DlA4/2e6E8UEGYmq2nTMG\\u002BV8=\u0022,\u0022Algorithm\u0022:\u0022some algorithm name\u0022},\u0022EncryptionAgent\u0022:{\u0022Protocol\u0022:\u00222.0\u0022,\u0022EncryptionAlgorithm\u0022:\u0022foo\u0022},\u0022EncryptedRegionInfo\u0022:{\u0022DataLength\u0022:4194304,\u0022NonceLength\u0022:12},\u0022KeyWrappingMetadata\u0022:{\u0022fizz\u0022:\u0022buzz\u0022}}",
        "x-ms-return-client-request-id": "true",
        "x-ms-version": "2021-08-06"
      },
      "RequestBody": null,
      "StatusCode": 200,
      "ResponseHeaders": {
        "Content-Length": "0",
        "Date": "Thu, 21 Jul 2022 13:51:40 GMT",
        "ETag": "\u00220x8DA6B2023BFAF2B\u0022",
        "Last-Modified": "Thu, 21 Jul 2022 13:51:40 GMT",
        "Server": [
          "Windows-Azure-Blob/1.0",
          "Microsoft-HTTPAPI/2.0"
        ],
        "x-ms-client-request-id": "b40ebca6-bdc2-5541-b3a6-55139180f728",
        "x-ms-request-id": "a3bed8f8-001e-002c-2e09-9d6296000000",
        "x-ms-request-server-encrypted": "true",
        "x-ms-version": "2021-08-06",
        "x-ms-version-id": "2022-07-21T13:51:40.9246779Z"
      },
      "ResponseBody": null
    },
    {
      "RequestUri": "https://jaschrepragrs.blob.core.windows.net/test-container-fd176f9e-9f69-534d-f3de-7a837b8ce67b/test-blob-08d9cdaf-59f5-0d7d-e8f9-6c5cb5ff618d",
      "RequestMethod": "HEAD",
      "RequestHeaders": {
        "Accept": "application/xml",
        "Authorization": "Sanitized",
        "traceparent": "00-b522ade77cec7232e8f3750d05826be3-8b37d47c2216b7d2-00",
        "User-Agent": "azsdk-net-Storage.Blobs/12.14.0-alpha.20220721.1 (.NET 6.0.7; Microsoft Windows 10.0.22000)",
        "x-ms-client-request-id": "35e5cc82-460d-5938-ebd8-a6aa5f8ebd89",
        "x-ms-date": "Thu, 21 Jul 2022 13:51:41 GMT",
        "x-ms-return-client-request-id": "true",
        "x-ms-version": "2021-08-06"
      },
      "RequestBody": null,
      "StatusCode": 200,
      "ResponseHeaders": {
        "Accept-Ranges": "bytes",
        "Content-Length": "1024",
        "Content-MD5": "\u002BWTEdmuX1Q7itTlKpdaX9Q==",
        "Content-Type": "application/octet-stream",
        "Date": "Thu, 21 Jul 2022 13:51:40 GMT",
        "ETag": "\u00220x8DA6B2023BFAF2B\u0022",
        "Last-Modified": "Thu, 21 Jul 2022 13:51:40 GMT",
        "Server": [
          "Windows-Azure-Blob/1.0",
          "Microsoft-HTTPAPI/2.0"
        ],
        "x-ms-access-tier": "Hot",
        "x-ms-access-tier-inferred": "true",
        "x-ms-blob-type": "BlockBlob",
        "x-ms-client-request-id": "35e5cc82-460d-5938-ebd8-a6aa5f8ebd89",
        "x-ms-creation-time": "Thu, 21 Jul 2022 13:51:40 GMT",
        "x-ms-is-current-version": "true",
        "x-ms-lease-state": "available",
        "x-ms-lease-status": "unlocked",
        "x-ms-meta-encryptiondata": "{\u0022EncryptionMode\u0022:\u0022bar\u0022,\u0022WrappedContentKey\u0022:{\u0022KeyId\u0022:\u0022bf7bbc8e-bd19-563c-9cc5-2ff56c49a302\u0022,\u0022EncryptedKey\u0022:\u002207D5eBzEN2K6ab1Qj97DlA4/2e6E8UEGYmq2nTMG\\u002BV8=\u0022,\u0022Algorithm\u0022:\u0022some algorithm name\u0022},\u0022EncryptionAgent\u0022:{\u0022Protocol\u0022:\u00222.0\u0022,\u0022EncryptionAlgorithm\u0022:\u0022foo\u0022},\u0022EncryptedRegionInfo\u0022:{\u0022DataLength\u0022:4194304,\u0022NonceLength\u0022:12},\u0022KeyWrappingMetadata\u0022:{\u0022fizz\u0022:\u0022buzz\u0022}}",
        "x-ms-request-id": "a3bed918-001e-002c-4e09-9d6296000000",
        "x-ms-server-encrypted": "true",
        "x-ms-version": "2021-08-06",
        "x-ms-version-id": "2022-07-21T13:51:40.9246779Z"
      },
      "ResponseBody": null
    },
    {
      "RequestUri": "https://jaschrepragrs.blob.core.windows.net/test-container-fd176f9e-9f69-534d-f3de-7a837b8ce67b?restype=container",
      "RequestMethod": "DELETE",
      "RequestHeaders": {
        "Accept": "application/xml",
        "Authorization": "Sanitized",
        "traceparent": "00-7fbfa7487e24db8cb94e738c84d6e7d9-50d605bd16b88df4-00",
        "User-Agent": "azsdk-net-Storage.Blobs/12.14.0-alpha.20220721.1 (.NET 6.0.7; Microsoft Windows 10.0.22000)",
        "x-ms-client-request-id": "c590cae5-c29b-921b-958d-680c15fa55e9",
        "x-ms-date": "Thu, 21 Jul 2022 13:51:41 GMT",
        "x-ms-return-client-request-id": "true",
        "x-ms-version": "2021-08-06"
      },
      "RequestBody": null,
      "StatusCode": 202,
      "ResponseHeaders": {
        "Content-Length": "0",
        "Date": "Thu, 21 Jul 2022 13:51:40 GMT",
        "Server": [
          "Windows-Azure-Blob/1.0",
          "Microsoft-HTTPAPI/2.0"
        ],
        "x-ms-client-request-id": "c590cae5-c29b-921b-958d-680c15fa55e9",
        "x-ms-request-id": "a3bed931-001e-002c-6609-9d6296000000",
        "x-ms-version": "2021-08-06"
      },
      "ResponseBody": null
    }
  ],
  "Variables": {
    "RandomSeed": "138217670",
    "Storage_TestConfigDefault": "ProductionTenant\njaschrepragrs\nU2FuaXRpemVk\nhttps://jaschrepragrs.blob.core.windows.net\nhttps://jaschrepragrs.file.core.windows.net\nhttps://jaschrepragrs.queue.core.windows.net\nhttps://jaschrepragrs.table.core.windows.net\n\n\n\n\nhttps://jaschrepragrs-secondary.blob.core.windows.net\nhttps://jaschrepragrs-secondary.file.core.windows.net\nhttps://jaschrepragrs-secondary.queue.core.windows.net\nhttps://jaschrepragrs-secondary.table.core.windows.net\n\nSanitized\n\n\nCloud\nBlobEndpoint=https://jaschrepragrs.blob.core.windows.net/;QueueEndpoint=https://jaschrepragrs.queue.core.windows.net/;FileEndpoint=https://jaschrepragrs.file.core.windows.net/;BlobSecondaryEndpoint=https://jaschrepragrs-secondary.blob.core.windows.net/;QueueSecondaryEndpoint=https://jaschrepragrs-secondary.queue.core.windows.net/;FileSecondaryEndpoint=https://jaschrepragrs-secondary.file.core.windows.net/;AccountName=jaschrepragrs;AccountKey=Sanitized\n[encryption scope]\n\n"
  }
}
