{
  "Entries": [
    {
      "RequestUri": "https://jaschrepragrs.blob.core.windows.net/test-container-bb7545e9-7c1f-c67e-a683-c7599be11606?restype=container",
      "RequestMethod": "PUT",
      "RequestHeaders": {
        "Accept": "application/xml",
        "Authorization": "Sanitized",
        "Content-Length": "0",
        "traceparent": "00-d23c4fa8eadbad5b7bffab1bf1ea5961-bf28e640528354e4-00",
        "User-Agent": "azsdk-net-Storage.Blobs/12.14.0-alpha.20220721.1 (.NET 6.0.7; Microsoft Windows 10.0.22000)",
        "x-ms-blob-public-access": "container",
        "x-ms-client-request-id": "621b67e6-9af2-d2af-9e0a-587302965056",
        "x-ms-date": "Thu, 21 Jul 2022 13:52:03 GMT",
        "x-ms-return-client-request-id": "true",
        "x-ms-version": "2021-08-06"
      },
      "RequestBody": null,
      "StatusCode": 201,
      "ResponseHeaders": {
        "Content-Length": "0",
        "Date": "Thu, 21 Jul 2022 13:52:01 GMT",
        "ETag": "\u00220x8DA6B20307A3E70\u0022",
        "Last-Modified": "Thu, 21 Jul 2022 13:52:02 GMT",
        "Server": [
          "Windows-Azure-Blob/1.0",
          "Microsoft-HTTPAPI/2.0"
        ],
        "x-ms-client-request-id": "621b67e6-9af2-d2af-9e0a-587302965056",
        "x-ms-request-id": "0475461a-a01e-004c-0209-9d27b4000000",
        "x-ms-version": "2021-08-06"
      },
      "ResponseBody": null
    },
    {
      "RequestUri": "https://jaschrepragrs.blob.core.windows.net/test-container-bb7545e9-7c1f-c67e-a683-c7599be11606/test-blob-ae452c7b-ca49-c7ee-2218-286680b9fb6b",
      "RequestMethod": "PUT",
      "RequestHeaders": {
        "Accept": "application/xml",
        "Authorization": "Sanitized",
        "Content-Length": "1024",
        "Content-Type": "application/octet-stream",
        "traceparent": "00-d2c4b065bc13e85a0d3f714d83752369-2b2950a9fc212ec2-00",
        "User-Agent": "azsdk-net-Storage.Blobs/12.14.0-alpha.20220721.1 (.NET 6.0.7; Microsoft Windows 10.0.22000)",
        "x-ms-blob-type": "BlockBlob",
        "x-ms-client-request-id": "9f49a468-49f5-1cc1-7853-40da724851e5",
        "x-ms-date": "Thu, 21 Jul 2022 13:52:03 GMT",
        "x-ms-meta-encryptiondata": "{\u0022EncryptionMode\u0022:\u0022bar\u0022,\u0022WrappedContentKey\u0022:{\u0022KeyId\u0022:\u002294d672c5-142d-2f19-6eee-823350a79edd\u0022,\u0022EncryptedKey\u0022:\u00222XxbzakClSXJSfj7WJepMbHjLgEINg8UyG7Nzx7UMF8=\u0022,\u0022Algorithm\u0022:\u0022some algorithm name\u0022},\u0022EncryptionAgent\u0022:{\u0022Protocol\u0022:\u00222.0\u0022,\u0022EncryptionAlgorithm\u0022:\u0022foo\u0022},\u0022EncryptedRegionInfo\u0022:{\u0022DataLength\u0022:4194304,\u0022NonceLength\u0022:12},\u0022KeyWrappingMetadata\u0022:{\u0022fizz\u0022:\u0022buzz\u0022}}",
        "x-ms-return-client-request-id": "true",
        "x-ms-version": "2021-08-06"
      },
      "RequestBody": "CT9D8QGIoSkraq188/iv5BqRIhcZTHX0DGI\u002BA7fkjWLKaiXRwpFJAfqN4P7KSZWPFoLEBByEkrzKT\u002BWeSp5yRtxLsYjT3SKIRyEdi2x2KcPNr\u002Bw0IIlGRthpBnOsq7dcG5khf5cNvDhgPLz7ZwZQUyUi0ZqxPSZTBWqvadav25xqwW/SVaorwPKz0\u002BTMSt/RGLNNitkcqt1zzXksXVJhsWAgkaWXfv569hGo/mpCh7qL3VAjYVHCTRaRX4cw/mKfUSKDq7k5Opq005PIc6xzMEa/oX8CPk8PXkOPBR92SfiuCKxHvtsAUaO1bo69\u002BtpqHi5AcV3jnRPSdE12qjR7PombGWv/K3Jrvk/bTM/BUmRoJOfwNdiby2qZdUmNiaduOjAEIeBuavK71bINB1FEESLpDYVNigixAE0AZrYo3TSnbRGevDCD\u002Brn1NWAljcQZVGQnpHwiIa8oUyCSbgQ7k/h9ZZk/plTxZRPLWFWojHKJ5xFSATm4hUxidmgP8Yu1uaFopygq2a4PNT5oVshZf8euCYfy6ZG\u002Bxd9N3C/r4XSIFZ60QORKXg1jQsv6UC6DCfahYecEw9AQqeJI3fx\u002BJFPJ4EAppT/iY6p5j6fFxHSwydM5SYCMg1LOo5cCAoEQ5B54MXDuWWS3vv49ijMpSuRtlxMpRdrTPFzuWwGo4GEpaaqITZMEwm9vgYuCT/kepViylGpt555DpPQU//5iD96cFCGJoP1RadSjusNPUe1iz7ao9Uv2u4EMRame78JxDHKs5TvYlQVbYCuWyS3a9FIHsTBIuhmTpViffVtUsnkRMq1QomyyiTmxTJUgYPFUMVBWlz6SKVJZGT/iORiqB62xhJd/ilHmVSf2l22Dc0VmSkwK/Rs7fwlb94ksz1AhB0Xnbtta1af/b0IWm5Hl1ab5e\u002B/MnwmSdgWOI5LHuYXX1ZAnnARpDHSkCo3YJeN3diHjMlNhVWc7VPjWy7IUN7a9PsYBvTmhkG96J5R8ulEiF61x5IYxdoAo7EcMk0DCkNPXG\u002BYcdbnnQqLk5i3Sv5qns7QFolMvi8hG2NDxlP0uuJbBpJ9qBqLziaLkTY9SViytZd\u002BMve6Ap5Ad1Zzo9q2lti6XERr7PK0RERiwSz059IKjRC8dofuoQPwPTDEFC5P0Ppdgu0USsSgxe6vVz1xS5OAaRLF9hxQz7tAe7O98CwaFvAym2Dk8kZIG6yZP0nGgvGhQ68bid7eCLcx09MU5tW\u002BlUBNPqwun3bMfd5vu4xxffS\u002BGLCBAokRVJKttx53MzTa3qoJdUBFdqQ4TwwAblEmvFXaWsolOZa3O\u002BodgOhUVUqlkNziaASweKYMRLN9EOZBhvbInNhqtaEXUjg==",
      "StatusCode": 201,
      "ResponseHeaders": {
        "Content-Length": "0",
        "Content-MD5": "zi30axY7fEK31lhIw3ySVg==",
        "Date": "Thu, 21 Jul 2022 13:52:01 GMT",
        "ETag": "\u00220x8DA6B20307EC228\u0022",
        "Last-Modified": "Thu, 21 Jul 2022 13:52:02 GMT",
        "Server": [
          "Windows-Azure-Blob/1.0",
          "Microsoft-HTTPAPI/2.0"
        ],
        "x-ms-client-request-id": "9f49a468-49f5-1cc1-7853-40da724851e5",
        "x-ms-content-crc64": "Ov\u002BikOumyJE=",
        "x-ms-request-id": "04754630-a01e-004c-1509-9d27b4000000",
        "x-ms-request-server-encrypted": "true",
        "x-ms-version": "2021-08-06",
        "x-ms-version-id": "2022-07-21T13:52:02.3095608Z"
      },
      "ResponseBody": null
    },
    {
      "RequestUri": "https://jaschrepragrs.blob.core.windows.net/test-container-bb7545e9-7c1f-c67e-a683-c7599be11606/test-blob-ae452c7b-ca49-c7ee-2218-286680b9fb6b",
      "RequestMethod": "HEAD",
      "RequestHeaders": {
        "Accept": "application/xml",
        "Authorization": "Sanitized",
        "traceparent": "00-d90b949051eec3d5812cdbd1b0731c1a-c71faa9e7c9126dd-00",
        "User-Agent": "azsdk-net-Storage.Blobs/12.14.0-alpha.20220721.1 (.NET 6.0.7; Microsoft Windows 10.0.22000)",
        "x-ms-client-request-id": "dcfe2cbc-5c6f-4176-fb56-bb727438de3b",
        "x-ms-date": "Thu, 21 Jul 2022 13:52:03 GMT",
        "x-ms-return-client-request-id": "true",
        "x-ms-version": "2021-08-06"
      },
      "RequestBody": null,
      "StatusCode": 200,
      "ResponseHeaders": {
        "Accept-Ranges": "bytes",
        "Content-Length": "1024",
        "Content-MD5": "zi30axY7fEK31lhIw3ySVg==",
        "Content-Type": "application/octet-stream",
        "Date": "Thu, 21 Jul 2022 13:52:01 GMT",
        "ETag": "\u00220x8DA6B20307EC228\u0022",
        "Last-Modified": "Thu, 21 Jul 2022 13:52:02 GMT",
        "Server": [
          "Windows-Azure-Blob/1.0",
          "Microsoft-HTTPAPI/2.0"
        ],
        "x-ms-access-tier": "Hot",
        "x-ms-access-tier-inferred": "true",
        "x-ms-blob-type": "BlockBlob",
        "x-ms-client-request-id": "dcfe2cbc-5c6f-4176-fb56-bb727438de3b",
        "x-ms-creation-time": "Thu, 21 Jul 2022 13:52:02 GMT",
        "x-ms-is-current-version": "true",
        "x-ms-lease-state": "available",
        "x-ms-lease-status": "unlocked",
        "x-ms-meta-encryptiondata": "{\u0022EncryptionMode\u0022:\u0022bar\u0022,\u0022WrappedContentKey\u0022:{\u0022KeyId\u0022:\u002294d672c5-142d-2f19-6eee-823350a79edd\u0022,\u0022EncryptedKey\u0022:\u00222XxbzakClSXJSfj7WJepMbHjLgEINg8UyG7Nzx7UMF8=\u0022,\u0022Algorithm\u0022:\u0022some algorithm name\u0022},\u0022EncryptionAgent\u0022:{\u0022Protocol\u0022:\u00222.0\u0022,\u0022EncryptionAlgorithm\u0022:\u0022foo\u0022},\u0022EncryptedRegionInfo\u0022:{\u0022DataLength\u0022:4194304,\u0022NonceLength\u0022:12},\u0022KeyWrappingMetadata\u0022:{\u0022fizz\u0022:\u0022buzz\u0022}}",
        "x-ms-request-id": "0475464c-a01e-004c-3109-9d27b4000000",
        "x-ms-server-encrypted": "true",
        "x-ms-version": "2021-08-06",
        "x-ms-version-id": "2022-07-21T13:52:02.3095608Z"
      },
      "ResponseBody": null
    },
    {
      "RequestUri": "https://jaschrepragrs.blob.core.windows.net/test-container-bb7545e9-7c1f-c67e-a683-c7599be11606/test-blob-ae452c7b-ca49-c7ee-2218-286680b9fb6b",
      "RequestMethod": "HEAD",
      "RequestHeaders": {
        "Accept": "application/xml",
        "Authorization": "Sanitized",
        "User-Agent": "azsdk-net-Storage.Blobs/12.14.0-alpha.20220721.1 (.NET 6.0.7; Microsoft Windows 10.0.22000)",
        "x-ms-client-request-id": "461dcc54-754a-b376-75a7-4acd611d52e0",
        "x-ms-date": "Thu, 21 Jul 2022 13:52:03 GMT",
        "x-ms-return-client-request-id": "true",
        "x-ms-version": "2021-08-06"
      },
      "RequestBody": null,
      "StatusCode": 200,
      "ResponseHeaders": {
        "Accept-Ranges": "bytes",
        "Content-Length": "1024",
        "Content-MD5": "zi30axY7fEK31lhIw3ySVg==",
        "Content-Type": "application/octet-stream",
        "Date": "Thu, 21 Jul 2022 13:52:02 GMT",
        "ETag": "\u00220x8DA6B20307EC228\u0022",
        "Last-Modified": "Thu, 21 Jul 2022 13:52:02 GMT",
        "Server": [
          "Windows-Azure-Blob/1.0",
          "Microsoft-HTTPAPI/2.0"
        ],
        "x-ms-access-tier": "Hot",
        "x-ms-access-tier-inferred": "true",
        "x-ms-blob-type": "BlockBlob",
        "x-ms-client-request-id": "461dcc54-754a-b376-75a7-4acd611d52e0",
        "x-ms-creation-time": "Thu, 21 Jul 2022 13:52:02 GMT",
        "x-ms-is-current-version": "true",
        "x-ms-lease-state": "available",
        "x-ms-lease-status": "unlocked",
        "x-ms-meta-encryptiondata": "{\u0022EncryptionMode\u0022:\u0022bar\u0022,\u0022WrappedContentKey\u0022:{\u0022KeyId\u0022:\u002294d672c5-142d-2f19-6eee-823350a79edd\u0022,\u0022EncryptedKey\u0022:\u00222XxbzakClSXJSfj7WJepMbHjLgEINg8UyG7Nzx7UMF8=\u0022,\u0022Algorithm\u0022:\u0022some algorithm name\u0022},\u0022EncryptionAgent\u0022:{\u0022Protocol\u0022:\u00222.0\u0022,\u0022EncryptionAlgorithm\u0022:\u0022foo\u0022},\u0022EncryptedRegionInfo\u0022:{\u0022DataLength\u0022:4194304,\u0022NonceLength\u0022:12},\u0022KeyWrappingMetadata\u0022:{\u0022fizz\u0022:\u0022buzz\u0022}}",
        "x-ms-request-id": "04754661-a01e-004c-4409-9d27b4000000",
        "x-ms-server-encrypted": "true",
        "x-ms-version": "2021-08-06",
        "x-ms-version-id": "2022-07-21T13:52:02.3095608Z"
      },
      "ResponseBody": null
    },
    {
      "RequestUri": "https://jaschrepragrs.blob.core.windows.net/test-container-bb7545e9-7c1f-c67e-a683-c7599be11606/test-blob-ae452c7b-ca49-c7ee-2218-286680b9fb6b?comp=metadata",
      "RequestMethod": "PUT",
      "RequestHeaders": {
        "Accept": "application/xml",
        "Authorization": "Sanitized",
        "Content-Length": "0",
        "If-Match": "\u00220x8DA6B20307EC228\u0022",
        "User-Agent": "azsdk-net-Storage.Blobs/12.14.0-alpha.20220721.1 (.NET 6.0.7; Microsoft Windows 10.0.22000)",
        "x-ms-client-request-id": "a71d8b9e-981a-47f0-0ae4-661eca0aeaf6",
        "x-ms-date": "Thu, 21 Jul 2022 13:52:03 GMT",
        "x-ms-meta-encryptiondata": "{\u0022EncryptionMode\u0022:\u0022bar\u0022,\u0022WrappedContentKey\u0022:{\u0022KeyId\u0022:\u0022fd5d10c4-a20f-bee5-6e41-013022831f19\u0022,\u0022EncryptedKey\u0022:\u00222XxbzakClSXJSfj7WJepMbHjLgEINg8UyG7Nzx7UMF8=\u0022,\u0022Algorithm\u0022:\u0022some algorithm name\u0022},\u0022EncryptionAgent\u0022:{\u0022Protocol\u0022:\u00222.0\u0022,\u0022EncryptionAlgorithm\u0022:\u0022foo\u0022},\u0022EncryptedRegionInfo\u0022:{\u0022DataLength\u0022:4194304,\u0022NonceLength\u0022:12},\u0022KeyWrappingMetadata\u0022:{\u0022fizz\u0022:\u0022buzz\u0022}}",
        "x-ms-return-client-request-id": "true",
        "x-ms-version": "2021-08-06"
      },
      "RequestBody": null,
      "StatusCode": 200,
      "ResponseHeaders": {
        "Content-Length": "0",
        "Date": "Thu, 21 Jul 2022 13:52:02 GMT",
        "ETag": "\u00220x8DA6B20308F6195\u0022",
        "Last-Modified": "Thu, 21 Jul 2022 13:52:02 GMT",
        "Server": [
          "Windows-Azure-Blob/1.0",
          "Microsoft-HTTPAPI/2.0"
        ],
        "x-ms-client-request-id": "a71d8b9e-981a-47f0-0ae4-661eca0aeaf6",
        "x-ms-request-id": "04754678-a01e-004c-5b09-9d27b4000000",
        "x-ms-request-server-encrypted": "true",
        "x-ms-version": "2021-08-06",
        "x-ms-version-id": "2022-07-21T13:52:02.4194989Z"
      },
      "ResponseBody": null
    },
    {
      "RequestUri": "https://jaschrepragrs.blob.core.windows.net/test-container-bb7545e9-7c1f-c67e-a683-c7599be11606/test-blob-ae452c7b-ca49-c7ee-2218-286680b9fb6b",
      "RequestMethod": "HEAD",
      "RequestHeaders": {
        "Accept": "application/xml",
        "Authorization": "Sanitized",
        "traceparent": "00-869bf6a830b508d1385840abcb8357f5-f9a924d996ae32a3-00",
        "User-Agent": "azsdk-net-Storage.Blobs/12.14.0-alpha.20220721.1 (.NET 6.0.7; Microsoft Windows 10.0.22000)",
        "x-ms-client-request-id": "d52fd585-ab00-7dc5-ff35-d8ccbb8fdd49",
        "x-ms-date": "Thu, 21 Jul 2022 13:52:03 GMT",
        "x-ms-return-client-request-id": "true",
        "x-ms-version": "2021-08-06"
      },
      "RequestBody": null,
      "StatusCode": 200,
      "ResponseHeaders": {
        "Accept-Ranges": "bytes",
        "Content-Length": "1024",
        "Content-MD5": "zi30axY7fEK31lhIw3ySVg==",
        "Content-Type": "application/octet-stream",
        "Date": "Thu, 21 Jul 2022 13:52:02 GMT",
        "ETag": "\u00220x8DA6B20308F6195\u0022",
        "Last-Modified": "Thu, 21 Jul 2022 13:52:02 GMT",
        "Server": [
          "Windows-Azure-Blob/1.0",
          "Microsoft-HTTPAPI/2.0"
        ],
        "x-ms-access-tier": "Hot",
        "x-ms-access-tier-inferred": "true",
        "x-ms-blob-type": "BlockBlob",
        "x-ms-client-request-id": "d52fd585-ab00-7dc5-ff35-d8ccbb8fdd49",
        "x-ms-creation-time": "Thu, 21 Jul 2022 13:52:02 GMT",
        "x-ms-is-current-version": "true",
        "x-ms-lease-state": "available",
        "x-ms-lease-status": "unlocked",
        "x-ms-meta-encryptiondata": "{\u0022EncryptionMode\u0022:\u0022bar\u0022,\u0022WrappedContentKey\u0022:{\u0022KeyId\u0022:\u0022fd5d10c4-a20f-bee5-6e41-013022831f19\u0022,\u0022EncryptedKey\u0022:\u00222XxbzakClSXJSfj7WJepMbHjLgEINg8UyG7Nzx7UMF8=\u0022,\u0022Algorithm\u0022:\u0022some algorithm name\u0022},\u0022EncryptionAgent\u0022:{\u0022Protocol\u0022:\u00222.0\u0022,\u0022EncryptionAlgorithm\u0022:\u0022foo\u0022},\u0022EncryptedRegionInfo\u0022:{\u0022DataLength\u0022:4194304,\u0022NonceLength\u0022:12},\u0022KeyWrappingMetadata\u0022:{\u0022fizz\u0022:\u0022buzz\u0022}}",
        "x-ms-request-id": "04754698-a01e-004c-7b09-9d27b4000000",
        "x-ms-server-encrypted": "true",
        "x-ms-version": "2021-08-06",
        "x-ms-version-id": "2022-07-21T13:52:02.4194989Z"
      },
      "ResponseBody": null
    },
    {
      "RequestUri": "https://jaschrepragrs.blob.core.windows.net/test-container-bb7545e9-7c1f-c67e-a683-c7599be11606?restype=container",
      "RequestMethod": "DELETE",
      "RequestHeaders": {
        "Accept": "application/xml",
        "Authorization": "Sanitized",
        "traceparent": "00-a6bd602dea426ac2a86460341cf72874-7825df0991ac3f96-00",
        "User-Agent": "azsdk-net-Storage.Blobs/12.14.0-alpha.20220721.1 (.NET 6.0.7; Microsoft Windows 10.0.22000)",
        "x-ms-client-request-id": "f4986706-14db-85f6-e06e-30d3fcb3778e",
        "x-ms-date": "Thu, 21 Jul 2022 13:52:03 GMT",
        "x-ms-return-client-request-id": "true",
        "x-ms-version": "2021-08-06"
      },
      "RequestBody": null,
      "StatusCode": 202,
      "ResponseHeaders": {
        "Content-Length": "0",
        "Date": "Thu, 21 Jul 2022 13:52:02 GMT",
        "Server": [
          "Windows-Azure-Blob/1.0",
          "Microsoft-HTTPAPI/2.0"
        ],
        "x-ms-client-request-id": "f4986706-14db-85f6-e06e-30d3fcb3778e",
        "x-ms-request-id": "047546ac-a01e-004c-0f09-9d27b4000000",
        "x-ms-version": "2021-08-06"
      },
      "ResponseBody": null
    }
  ],
  "Variables": {
    "RandomSeed": "1185464494",
    "Storage_TestConfigDefault": "ProductionTenant\njaschrepragrs\nU2FuaXRpemVk\nhttps://jaschrepragrs.blob.core.windows.net\nhttps://jaschrepragrs.file.core.windows.net\nhttps://jaschrepragrs.queue.core.windows.net\nhttps://jaschrepragrs.table.core.windows.net\n\n\n\n\nhttps://jaschrepragrs-secondary.blob.core.windows.net\nhttps://jaschrepragrs-secondary.file.core.windows.net\nhttps://jaschrepragrs-secondary.queue.core.windows.net\nhttps://jaschrepragrs-secondary.table.core.windows.net\n\nSanitized\n\n\nCloud\nBlobEndpoint=https://jaschrepragrs.blob.core.windows.net/;QueueEndpoint=https://jaschrepragrs.queue.core.windows.net/;FileEndpoint=https://jaschrepragrs.file.core.windows.net/;BlobSecondaryEndpoint=https://jaschrepragrs-secondary.blob.core.windows.net/;QueueSecondaryEndpoint=https://jaschrepragrs-secondary.queue.core.windows.net/;FileSecondaryEndpoint=https://jaschrepragrs-secondary.file.core.windows.net/;AccountName=jaschrepragrs;AccountKey=Sanitized\n[encryption scope]\n\n"
  }
}
