{
  "Entries": [
    {
      "RequestUri": "https://jaschrepragrs.blob.core.windows.net/test-container-6ae8c489-75b9-bcd8-8d1f-ca3d494e69f9?restype=container",
      "RequestMethod": "PUT",
      "RequestHeaders": {
        "Accept": "application/xml",
        "Authorization": "Sanitized",
        "Content-Length": "0",
        "traceparent": "00-222658343970a9bad0ea01703ccd10f0-392249c6393a97d0-00",
        "User-Agent": "azsdk-net-Storage.Blobs/12.14.0-alpha.20220720.1 (.NET 6.0.7; Microsoft Windows 10.0.22000)",
        "x-ms-client-request-id": "b45ba5e0-a54d-6d71-0e98-bb2cdadf9ba3",
        "x-ms-date": "Wed, 20 Jul 2022 14:42:53 GMT",
        "x-ms-return-client-request-id": "true",
        "x-ms-version": "2021-08-06"
      },
      "RequestBody": null,
      "StatusCode": 201,
      "ResponseHeaders": {
        "Content-Length": "0",
        "Date": "Wed, 20 Jul 2022 14:42:52 GMT",
        "ETag": "\u00220x8DA6A5E2091BF53\u0022",
        "Last-Modified": "Wed, 20 Jul 2022 14:42:53 GMT",
        "Server": [
          "Windows-Azure-Blob/1.0",
          "Microsoft-HTTPAPI/2.0"
        ],
        "x-ms-client-request-id": "b45ba5e0-a54d-6d71-0e98-bb2cdadf9ba3",
        "x-ms-request-id": "dfec16c3-a01e-0021-1a46-9c8d9a000000",
        "x-ms-version": "2021-08-06"
      },
      "ResponseBody": null
    },
    {
      "RequestUri": "https://jaschrepragrs.blob.core.windows.net/test-container-6ae8c489-75b9-bcd8-8d1f-ca3d494e69f9/test-blob-f56dd978-f2e9-f4d2-d8d3-06214cbf2472",
      "RequestMethod": "PUT",
      "RequestHeaders": {
        "Accept": "application/xml",
        "Authorization": "Sanitized",
        "Content-Length": "32",
        "Content-Type": "application/octet-stream",
        "If-None-Match": "*",
        "traceparent": "00-452c65e4806fba5e816d46801f91aa3b-37e5adda8b6ffc1a-00",
        "User-Agent": "azsdk-net-Storage.Blobs/12.14.0-alpha.20220720.1 (.NET 6.0.7; Microsoft Windows 10.0.22000)",
        "x-ms-blob-type": "BlockBlob",
        "x-ms-client-request-id": "90360142-b4a5-0601-d5dd-919554084aab",
        "x-ms-date": "Wed, 20 Jul 2022 14:42:54 GMT",
        "x-ms-meta-encryptiondata": "{\u0022EncryptionMode\u0022:\u0022FullBlob\u0022,\u0022WrappedContentKey\u0022:{\u0022KeyId\u0022:\u00224955e6e3-a44c-e41d-f1e1-d26697ba5017\u0022,\u0022EncryptedKey\u0022:\u00227ayiWw1LU6vOm7BUJkDFewJ5X0FS6HISLZgjhWGw3rE=\u0022,\u0022Algorithm\u0022:\u0022some algorithm name\u0022},\u0022EncryptionAgent\u0022:{\u0022Protocol\u0022:\u00221.0\u0022,\u0022EncryptionAlgorithm\u0022:\u0022AES_CBC_256\u0022},\u0022ContentEncryptionIV\u0022:\u0022dEgahoL2sMMtGMOFoicaGA==\u0022,\u0022KeyWrappingMetadata\u0022:{\u0022EncryptionLibrary\u0022:\u0022.NET Recorded Test Encryption Metadata Agent String\u0022}}",
        "x-ms-return-client-request-id": "true",
        "x-ms-version": "2021-08-06"
      },
      "RequestBody": "53faKPy8C1ldArbnqnitW8WiQszw74kCoHNHfV7L880=",
      "StatusCode": 201,
      "ResponseHeaders": {
        "Content-Length": "0",
        "Content-MD5": "VaTqscdLFQ6rYvKjU/mbsg==",
        "Date": "Wed, 20 Jul 2022 14:42:52 GMT",
        "ETag": "\u00220x8DA6A5E20B2950C\u0022",
        "Last-Modified": "Wed, 20 Jul 2022 14:42:53 GMT",
        "Server": [
          "Windows-Azure-Blob/1.0",
          "Microsoft-HTTPAPI/2.0"
        ],
        "x-ms-client-request-id": "90360142-b4a5-0601-d5dd-919554084aab",
        "x-ms-content-crc64": "tToKEC6cljw=",
        "x-ms-request-id": "dfec1767-a01e-0021-3146-9c8d9a000000",
        "x-ms-request-server-encrypted": "true",
        "x-ms-version": "2021-08-06",
        "x-ms-version-id": "2022-07-20T14:42:53.4391052Z"
      },
      "ResponseBody": null
    },
    {
      "RequestUri": "https://jaschrepragrs.blob.core.windows.net/test-container-6ae8c489-75b9-bcd8-8d1f-ca3d494e69f9/test-blob-f56dd978-f2e9-f4d2-d8d3-06214cbf2472",
      "RequestMethod": "GET",
      "RequestHeaders": {
        "Accept": "application/xml",
        "Authorization": "Sanitized",
        "traceparent": "00-bb117e3c1ebbb68579d5c14daef82dad-1f29b2edbc6c9a2d-00",
        "User-Agent": "azsdk-net-Storage.Blobs/12.14.0-alpha.20220720.1 (.NET 6.0.7; Microsoft Windows 10.0.22000)",
        "x-ms-client-request-id": "a142e162-89f0-e373-811d-f041d42fa6bd",
        "x-ms-date": "Wed, 20 Jul 2022 14:42:54 GMT",
        "x-ms-range": "bytes=0-268435455",
        "x-ms-return-client-request-id": "true",
        "x-ms-version": "2021-08-06"
      },
      "RequestBody": null,
      "StatusCode": 206,
      "ResponseHeaders": {
        "Accept-Ranges": "bytes",
        "Content-Length": "32",
        "Content-Range": "bytes 0-31/32",
        "Content-Type": "application/octet-stream",
        "Date": "Wed, 20 Jul 2022 14:42:52 GMT",
        "ETag": "\u00220x8DA6A5E20B2950C\u0022",
        "Last-Modified": "Wed, 20 Jul 2022 14:42:53 GMT",
        "Server": [
          "Windows-Azure-Blob/1.0",
          "Microsoft-HTTPAPI/2.0"
        ],
        "x-ms-blob-content-md5": "VaTqscdLFQ6rYvKjU/mbsg==",
        "x-ms-blob-type": "BlockBlob",
        "x-ms-client-request-id": "a142e162-89f0-e373-811d-f041d42fa6bd",
        "x-ms-creation-time": "Wed, 20 Jul 2022 14:42:53 GMT",
        "x-ms-is-current-version": "true",
        "x-ms-lease-state": "available",
        "x-ms-lease-status": "unlocked",
        "x-ms-meta-encryptiondata": "{\u0022EncryptionMode\u0022:\u0022FullBlob\u0022,\u0022WrappedContentKey\u0022:{\u0022KeyId\u0022:\u00224955e6e3-a44c-e41d-f1e1-d26697ba5017\u0022,\u0022EncryptedKey\u0022:\u00227ayiWw1LU6vOm7BUJkDFewJ5X0FS6HISLZgjhWGw3rE=\u0022,\u0022Algorithm\u0022:\u0022some algorithm name\u0022},\u0022EncryptionAgent\u0022:{\u0022Protocol\u0022:\u00221.0\u0022,\u0022EncryptionAlgorithm\u0022:\u0022AES_CBC_256\u0022},\u0022ContentEncryptionIV\u0022:\u0022dEgahoL2sMMtGMOFoicaGA==\u0022,\u0022KeyWrappingMetadata\u0022:{\u0022EncryptionLibrary\u0022:\u0022.NET Recorded Test Encryption Metadata Agent String\u0022}}",
        "x-ms-request-id": "dfec17c3-a01e-0021-0446-9c8d9a000000",
        "x-ms-server-encrypted": "true",
        "x-ms-version": "2021-08-06",
        "x-ms-version-id": "2022-07-20T14:42:53.4391052Z"
      },
      "ResponseBody": "53faKPy8C1ldArbnqnitW8WiQszw74kCoHNHfV7L880="
    },
    {
      "RequestUri": "https://jaschrepragrs.blob.core.windows.net/test-container-6ae8c489-75b9-bcd8-8d1f-ca3d494e69f9/test-blob-f56dd978-f2e9-f4d2-d8d3-06214cbf2472",
      "RequestMethod": "HEAD",
      "RequestHeaders": {
        "Accept": "application/xml",
        "Authorization": "Sanitized",
        "traceparent": "00-30092974f4d5461ca574e84e163a3184-4cc2fdd8f12634cb-00",
        "User-Agent": "azsdk-net-Storage.Blobs/12.14.0-alpha.20220720.1 (.NET 6.0.7; Microsoft Windows 10.0.22000)",
        "x-ms-client-request-id": "723296f1-a9c6-c3bb-50fe-9a0d6aed3b53",
        "x-ms-date": "Wed, 20 Jul 2022 14:42:54 GMT",
        "x-ms-return-client-request-id": "true",
        "x-ms-version": "2021-08-06"
      },
      "RequestBody": null,
      "StatusCode": 200,
      "ResponseHeaders": {
        "Accept-Ranges": "bytes",
        "Content-Length": "32",
        "Content-MD5": "VaTqscdLFQ6rYvKjU/mbsg==",
        "Content-Type": "application/octet-stream",
        "Date": "Wed, 20 Jul 2022 14:42:53 GMT",
        "ETag": "\u00220x8DA6A5E20B2950C\u0022",
        "Last-Modified": "Wed, 20 Jul 2022 14:42:53 GMT",
        "Server": [
          "Windows-Azure-Blob/1.0",
          "Microsoft-HTTPAPI/2.0"
        ],
        "x-ms-access-tier": "Hot",
        "x-ms-access-tier-inferred": "true",
        "x-ms-blob-type": "BlockBlob",
        "x-ms-client-request-id": "723296f1-a9c6-c3bb-50fe-9a0d6aed3b53",
        "x-ms-creation-time": "Wed, 20 Jul 2022 14:42:53 GMT",
        "x-ms-is-current-version": "true",
        "x-ms-lease-state": "available",
        "x-ms-lease-status": "unlocked",
        "x-ms-meta-encryptiondata": "{\u0022EncryptionMode\u0022:\u0022FullBlob\u0022,\u0022WrappedContentKey\u0022:{\u0022KeyId\u0022:\u00224955e6e3-a44c-e41d-f1e1-d26697ba5017\u0022,\u0022EncryptedKey\u0022:\u00227ayiWw1LU6vOm7BUJkDFewJ5X0FS6HISLZgjhWGw3rE=\u0022,\u0022Algorithm\u0022:\u0022some algorithm name\u0022},\u0022EncryptionAgent\u0022:{\u0022Protocol\u0022:\u00221.0\u0022,\u0022EncryptionAlgorithm\u0022:\u0022AES_CBC_256\u0022},\u0022ContentEncryptionIV\u0022:\u0022dEgahoL2sMMtGMOFoicaGA==\u0022,\u0022KeyWrappingMetadata\u0022:{\u0022EncryptionLibrary\u0022:\u0022.NET Recorded Test Encryption Metadata Agent String\u0022}}",
        "x-ms-request-id": "dfec17fb-a01e-0021-3746-9c8d9a000000",
        "x-ms-server-encrypted": "true",
        "x-ms-version": "2021-08-06",
        "x-ms-version-id": "2022-07-20T14:42:53.4391052Z"
      },
      "ResponseBody": null
    },
    {
      "RequestUri": "https://jaschrepragrs.blob.core.windows.net/test-container-6ae8c489-75b9-bcd8-8d1f-ca3d494e69f9?restype=container",
      "RequestMethod": "DELETE",
      "RequestHeaders": {
        "Accept": "application/xml",
        "Authorization": "Sanitized",
        "traceparent": "00-72bbcd17f573e3b7fe6e302ce3008c95-ca0fed4be2579a59-00",
        "User-Agent": "azsdk-net-Storage.Blobs/12.14.0-alpha.20220720.1 (.NET 6.0.7; Microsoft Windows 10.0.22000)",
        "x-ms-client-request-id": "3d4f3f3a-33fd-7bf7-6b7b-c35100aa7de3",
        "x-ms-date": "Wed, 20 Jul 2022 14:42:54 GMT",
        "x-ms-return-client-request-id": "true",
        "x-ms-version": "2021-08-06"
      },
      "RequestBody": null,
      "StatusCode": 202,
      "ResponseHeaders": {
        "Content-Length": "0",
        "Date": "Wed, 20 Jul 2022 14:42:53 GMT",
        "Server": [
          "Windows-Azure-Blob/1.0",
          "Microsoft-HTTPAPI/2.0"
        ],
        "x-ms-client-request-id": "3d4f3f3a-33fd-7bf7-6b7b-c35100aa7de3",
        "x-ms-request-id": "dfec1821-a01e-0021-5b46-9c8d9a000000",
        "x-ms-version": "2021-08-06"
      },
      "ResponseBody": null
    }
  ],
  "Variables": {
    "RandomSeed": "655106573",
    "Storage_TestConfigDefault": "ProductionTenant\njaschrepragrs\nU2FuaXRpemVk\nhttps://jaschrepragrs.blob.core.windows.net\nhttps://jaschrepragrs.file.core.windows.net\nhttps://jaschrepragrs.queue.core.windows.net\nhttps://jaschrepragrs.table.core.windows.net\n\n\n\n\nhttps://jaschrepragrs-secondary.blob.core.windows.net\nhttps://jaschrepragrs-secondary.file.core.windows.net\nhttps://jaschrepragrs-secondary.queue.core.windows.net\nhttps://jaschrepragrs-secondary.table.core.windows.net\n\nSanitized\n\n\nCloud\nBlobEndpoint=https://jaschrepragrs.blob.core.windows.net/;QueueEndpoint=https://jaschrepragrs.queue.core.windows.net/;FileEndpoint=https://jaschrepragrs.file.core.windows.net/;BlobSecondaryEndpoint=https://jaschrepragrs-secondary.blob.core.windows.net/;QueueSecondaryEndpoint=https://jaschrepragrs-secondary.queue.core.windows.net/;FileSecondaryEndpoint=https://jaschrepragrs-secondary.file.core.windows.net/;AccountName=jaschrepragrs;AccountKey=Sanitized\n[encryption scope]\n\n"
  }
}
