{
  "Entries": [
    {
      "RequestUri": "https://management.azure.com/subscriptions/6bb9d374-1f0d-437e-8bbe-4bc892850065?api-version=2021-01-01",
      "RequestMethod": "GET",
      "RequestHeaders": {
        "Accept": "application/json",
        "Authorization": "Sanitized",
        "traceparent": "00-a74d39c55c476b27874b2570ec6d46ca-4f73a054e808a524-00",
        "User-Agent": "azsdk-net-ResourceManager/1.3.1 (.NET 6.0.11; Microsoft Windows 10.0.19045)",
        "x-ms-client-request-id": "84abb45aaa99ee6ce0a89dadbe2f9bac",
        "x-ms-return-client-request-id": "true"
      },
      "RequestBody": null,
      "StatusCode": 200,
      "ResponseHeaders": {
        "Cache-Control": "no-cache",
        "Content-Length": "436",
        "Content-Type": "application/json; charset=utf-8",
        "Date": "Tue, 15 Nov 2022 13:07:09 GMT",
        "Expires": "-1",
        "Pragma": "no-cache",
        "Strict-Transport-Security": "max-age=31536000; includeSubDomains",
        "X-Content-Type-Options": "nosniff",
        "x-ms-correlation-request-id": "2bc5e1ab-1248-4bac-8ee7-fa6a2900d57c",
        "x-ms-ratelimit-remaining-subscription-reads": "11898",
        "x-ms-request-id": "2bc5e1ab-1248-4bac-8ee7-fa6a2900d57c",
        "x-ms-routing-request-id": "JIOINDIACENTRAL:20221115T130709Z:2bc5e1ab-1248-4bac-8ee7-fa6a2900d57c"
      },
      "ResponseBody": {
        "id": "/subscriptions/6bb9d374-1f0d-437e-8bbe-4bc892850065",
        "authorizationSource": "RoleBased",
        "managedByTenants": [],
        "subscriptionId": "6bb9d374-1f0d-437e-8bbe-4bc892850065",
        "tenantId": "72f988bf-86f1-41af-91ab-2d7cd011db47",
        "displayName": "Azure DNS Managed Resolver (Test) (Monitoring) (Shoebox)",
        "state": "Enabled",
        "subscriptionPolicies": {
          "locationPlacementId": "Internal_2014-09-01",
          "quotaId": "Internal_2014-09-01",
          "spendingLimit": "Off"
        }
      }
    },
    {
      "RequestUri": "https://management.azure.com/subscriptions/6bb9d374-1f0d-437e-8bbe-4bc892850065/resourcegroups/resourceGroupName6753?api-version=**",
      "RequestMethod": "PUT",
      "RequestHeaders": {
        "Accept": "application/json",
        "Authorization": "Sanitized",
        "Content-Length": "21",
        "Content-Type": "application/json",
        "traceparent": "00-4b7bd9bea84a9f270ee98dc31a2ebf8e-b9a20c973b6cd17d-00",
        "User-Agent": "azsdk-net-ResourceManager/1.3.1 (.NET 6.0.11; Microsoft Windows 10.0.19045)",
        "x-ms-client-request-id": "d50a5b603071b82b5692bc48e5497c15",
        "x-ms-return-client-request-id": "true"
      },
      "RequestBody": {
        "location": "eastus"
      },
      "StatusCode": 201,
      "ResponseHeaders": {
        "Cache-Control": "no-cache",
        "Content-Length": "239",
        "Content-Type": "application/json; charset=utf-8",
        "Date": "Tue, 15 Nov 2022 13:07:11 GMT",
        "Expires": "-1",
        "Pragma": "no-cache",
        "Strict-Transport-Security": "max-age=31536000; includeSubDomains",
        "X-Content-Type-Options": "nosniff",
        "x-ms-correlation-request-id": "1043c467-77b5-4faa-a78e-33b939caeffb",
        "x-ms-ratelimit-remaining-subscription-writes": "1195",
        "x-ms-request-id": "1043c467-77b5-4faa-a78e-33b939caeffb",
        "x-ms-routing-request-id": "JIOINDIACENTRAL:20221115T130711Z:1043c467-77b5-4faa-a78e-33b939caeffb"
      },
      "ResponseBody": {
        "id": "/subscriptions/6bb9d374-1f0d-437e-8bbe-4bc892850065/resourceGroups/resourceGroupName6753",
        "name": "resourceGroupName6753",
        "type": "Microsoft.Resources/resourceGroups",
        "location": "eastus",
        "properties": {
          "provisioningState": "Succeeded"
        }
      }
    },
    {
      "RequestUri": "https://management.azure.com/subscriptions/6bb9d374-1f0d-437e-8bbe-4bc892850065/resourceGroups/resourceGroupName6753/providers/Microsoft.Network/trafficmanagerprofiles/profileName1937?api-version=2022-04-01-preview",
      "RequestMethod": "PUT",
      "RequestHeaders": {
        "Accept": "application/json",
        "Authorization": "Sanitized",
        "Content-Length": "561",
        "Content-Type": "application/json",
        "traceparent": "00-f0f0b87eb047d7789e7e9d000ccdd4c6-4cfe33d94346907e-00",
        "User-Agent": "azsdk-net-ResourceManager.TrafficManager/1.1.0-alpha.20221115.1 (.NET 6.0.11; Microsoft Windows 10.0.19045)",
        "x-ms-client-request-id": "fab934cb6180a6a3df792e42e1440288",
        "x-ms-return-client-request-id": "true"
      },
      "RequestBody": {
        "location": "global",
        "name": "profileName1937",
        "properties": {
          "trafficRoutingMethod": "Weighted",
          "dnsConfig": {
            "relativeName": "profileName1937"
          },
          "monitorConfig": {
            "protocol": "HTTP",
            "port": 80,
            "path": "/public/health-probe"
          },
          "endpoints": [
            {
              "name": "endpoint1",
              "type": "Microsoft.Network/trafficManagerProfiles/externalEndpoints",
              "properties": {
                "target": "az-int-black.int.microsoftmetrics.com",
                "weight": 1000
              }
            },
            {
              "name": "endpoint2",
              "type": "Microsoft.Network/trafficManagerProfiles/externalEndpoints",
              "properties": {
                "target": "az-int-red.int.microsoftmetrics.com",
                "weight": 1
              }
            }
          ]
        }
      },
      "StatusCode": 201,
      "ResponseHeaders": {
        "Cache-Control": "private",
        "Content-Length": "1923",
        "Content-Type": "application/json; charset=utf-8",
        "Date": "Tue, 15 Nov 2022 13:07:16 GMT",
        "Server": "Microsoft-IIS/10.0",
        "Strict-Transport-Security": "max-age=31536000; includeSubDomains",
        "X-AspNet-Version": "4.0.30319",
        "X-Content-Type-Options": "nosniff",
        "x-ms-correlation-request-id": "8c5dfdbc-e3aa-4703-b396-47ae511d8998",
        "x-ms-ratelimit-remaining-subscription-resource-requests": "4494",
        "x-ms-request-id": "fab934cb-6180-a6a3-df79-2e42e1440288",
        "x-ms-routing-request-id": "JIOINDIACENTRAL:20221115T130716Z:8c5dfdbc-e3aa-4703-b396-47ae511d8998",
        "X-Powered-By": "ASP.NET"
      },
      "ResponseBody": {
        "id": "/subscriptions/6bb9d374-1f0d-437e-8bbe-4bc892850065/resourceGroups/resourcegroupname6753/providers/Microsoft.Network/trafficManagerProfiles/profileName1937",
        "name": "profileName1937",
        "type": "Microsoft.Network/trafficManagerProfiles",
        "location": "global",
        "properties": {
          "profileStatus": "Enabled",
          "trafficRoutingMethod": "Weighted",
          "dnsConfig": {
            "relativeName": "profilename1937",
            "fqdn": "profilename1937.trafficmanager.net",
            "ttl": 0
          },
          "monitorConfig": {
            "profileMonitorStatus": "CheckingEndpoints",
            "protocol": "HTTP",
            "port": 80,
            "path": "/public/health-probe",
            "intervalInSeconds": 30,
            "toleratedNumberOfFailures": 3,
            "timeoutInSeconds": 10
          },
          "endpoints": [
            {
              "id": "/subscriptions/6bb9d374-1f0d-437e-8bbe-4bc892850065/resourceGroups/resourcegroupname6753/providers/Microsoft.Network/trafficManagerProfiles/profileName1937/externalEndpoints/endpoint1",
              "name": "endpoint1",
              "type": "Microsoft.Network/trafficManagerProfiles/externalEndpoints",
              "properties": {
                "endpointStatus": "Enabled",
                "endpointMonitorStatus": "CheckingEndpoint",
                "targetResourceId": null,
                "target": "az-int-black.int.microsoftmetrics.com",
                "weight": 1000,
                "priority": 1,
                "endpointLocation": null,
                "minChildEndpoints": null,
                "minChildEndpointsIPv4": null,
                "minChildEndpointsIPv6": null,
                "alwaysServe": "Disabled"
              }
            },
            {
              "id": "/subscriptions/6bb9d374-1f0d-437e-8bbe-4bc892850065/resourceGroups/resourcegroupname6753/providers/Microsoft.Network/trafficManagerProfiles/profileName1937/externalEndpoints/endpoint2",
              "name": "endpoint2",
              "type": "Microsoft.Network/trafficManagerProfiles/externalEndpoints",
              "properties": {
                "endpointStatus": "Enabled",
                "endpointMonitorStatus": "CheckingEndpoint",
                "targetResourceId": null,
                "target": "az-int-red.int.microsoftmetrics.com",
                "weight": 1,
                "priority": 2,
                "endpointLocation": null,
                "minChildEndpoints": null,
                "minChildEndpointsIPv4": null,
                "minChildEndpointsIPv6": null,
                "alwaysServe": "Disabled"
              }
            }
          ],
          "trafficViewEnrollmentStatus": "Disabled",
          "maxReturn": null
        }
      }
    },
    {
      "RequestUri": "https://management.azure.com/subscriptions/6bb9d374-1f0d-437e-8bbe-4bc892850065/resourceGroups/resourceGroupName6753/providers/Microsoft.Network/trafficmanagerprofiles/profileName1937?api-version=2022-04-01-preview",
      "RequestMethod": "GET",
      "RequestHeaders": {
        "Accept": "application/json",
        "Authorization": "Sanitized",
        "traceparent": "00-08018e9f4b88e8ac434ab40a3801f584-b580af708b98737f-00",
        "User-Agent": "azsdk-net-ResourceManager.TrafficManager/1.1.0-alpha.20221115.1 (.NET 6.0.11; Microsoft Windows 10.0.19045)",
        "x-ms-client-request-id": "a2c302b0e53c83e87fcb4217afa5fb5f",
        "x-ms-return-client-request-id": "true"
      },
      "RequestBody": null,
      "StatusCode": 200,
      "ResponseHeaders": {
        "Cache-Control": "private",
        "Content-Length": "1933",
        "Content-Type": "application/json; charset=utf-8",
        "Date": "Tue, 15 Nov 2022 13:07:17 GMT",
        "Server": "Microsoft-IIS/10.0",
        "Strict-Transport-Security": "max-age=31536000; includeSubDomains",
        "X-AspNet-Version": "4.0.30319",
        "X-Content-Type-Options": "nosniff",
        "x-ms-correlation-request-id": "3c2796dc-c890-44d5-8bcc-408adab1db98",
        "x-ms-ratelimit-remaining-subscription-resource-requests": "1992",
        "x-ms-request-id": "a2c302b0-e53c-83e8-7fcb-4217afa5fb5f",
        "x-ms-routing-request-id": "JIOINDIACENTRAL:20221115T130717Z:3c2796dc-c890-44d5-8bcc-408adab1db98",
        "X-Powered-By": "ASP.NET"
      },
      "ResponseBody": {
        "id": "/subscriptions/6bb9d374-1f0d-437e-8bbe-4bc892850065/resourceGroups/resourcegroupname6753/providers/Microsoft.Network/trafficManagerProfiles/profileName1937",
        "name": "profileName1937",
        "type": "Microsoft.Network/trafficManagerProfiles",
        "location": "global",
        "tags": {},
        "properties": {
          "profileStatus": "Enabled",
          "trafficRoutingMethod": "Weighted",
          "dnsConfig": {
            "relativeName": "profilename1937",
            "fqdn": "profilename1937.trafficmanager.net",
            "ttl": 0
          },
          "monitorConfig": {
            "profileMonitorStatus": "CheckingEndpoints",
            "protocol": "HTTP",
            "port": 80,
            "path": "/public/health-probe",
            "intervalInSeconds": 30,
            "toleratedNumberOfFailures": 3,
            "timeoutInSeconds": 10
          },
          "endpoints": [
            {
              "id": "/subscriptions/6bb9d374-1f0d-437e-8bbe-4bc892850065/resourceGroups/resourcegroupname6753/providers/Microsoft.Network/trafficManagerProfiles/profileName1937/externalEndpoints/endpoint1",
              "name": "endpoint1",
              "type": "Microsoft.Network/trafficManagerProfiles/externalEndpoints",
              "properties": {
                "endpointStatus": "Enabled",
                "endpointMonitorStatus": "CheckingEndpoint",
                "targetResourceId": null,
                "target": "az-int-black.int.microsoftmetrics.com",
                "weight": 1000,
                "priority": 1,
                "endpointLocation": null,
                "minChildEndpoints": null,
                "minChildEndpointsIPv4": null,
                "minChildEndpointsIPv6": null,
                "alwaysServe": "Disabled"
              }
            },
            {
              "id": "/subscriptions/6bb9d374-1f0d-437e-8bbe-4bc892850065/resourceGroups/resourcegroupname6753/providers/Microsoft.Network/trafficManagerProfiles/profileName1937/externalEndpoints/endpoint2",
              "name": "endpoint2",
              "type": "Microsoft.Network/trafficManagerProfiles/externalEndpoints",
              "properties": {
                "endpointStatus": "Enabled",
                "endpointMonitorStatus": "CheckingEndpoint",
                "targetResourceId": null,
                "target": "az-int-red.int.microsoftmetrics.com",
                "weight": 1,
                "priority": 2,
                "endpointLocation": null,
                "minChildEndpoints": null,
                "minChildEndpointsIPv4": null,
                "minChildEndpointsIPv6": null,
                "alwaysServe": "Disabled"
              }
            }
          ],
          "trafficViewEnrollmentStatus": "Disabled",
          "maxReturn": null
        }
      }
    },
    {
      "RequestUri": "https://management.azure.com/subscriptions/6bb9d374-1f0d-437e-8bbe-4bc892850065/resourceGroups/resourcegroupname6753/providers/Microsoft.Network/trafficmanagerprofiles/profileName1937?api-version=2022-04-01-preview",
      "RequestMethod": "GET",
      "RequestHeaders": {
        "Accept": "application/json",
        "Authorization": "Sanitized",
        "traceparent": "00-961e5c46fc61354c2409c350b32892d4-bf20a66011ee3535-00",
        "User-Agent": "azsdk-net-ResourceManager.TrafficManager/1.1.0-alpha.20221115.1 (.NET 6.0.11; Microsoft Windows 10.0.19045)",
        "x-ms-client-request-id": "faf29721b1e1fea6b864f6f802e9d611",
        "x-ms-return-client-request-id": "true"
      },
      "RequestBody": null,
      "StatusCode": 200,
      "ResponseHeaders": {
        "Cache-Control": "private",
        "Content-Length": "1933",
        "Content-Type": "application/json; charset=utf-8",
        "Date": "Tue, 15 Nov 2022 13:07:17 GMT",
        "Server": "Microsoft-IIS/10.0",
        "Strict-Transport-Security": "max-age=31536000; includeSubDomains",
        "X-AspNet-Version": "4.0.30319",
        "X-Content-Type-Options": "nosniff",
        "x-ms-correlation-request-id": "d626bda1-6d87-4181-bcba-f82b48dbee6b",
        "x-ms-ratelimit-remaining-subscription-resource-requests": "1991",
        "x-ms-request-id": "faf29721-b1e1-fea6-b864-f6f802e9d611",
        "x-ms-routing-request-id": "JIOINDIACENTRAL:20221115T130718Z:d626bda1-6d87-4181-bcba-f82b48dbee6b",
        "X-Powered-By": "ASP.NET"
      },
      "ResponseBody": {
        "id": "/subscriptions/6bb9d374-1f0d-437e-8bbe-4bc892850065/resourceGroups/resourcegroupname6753/providers/Microsoft.Network/trafficManagerProfiles/profileName1937",
        "name": "profileName1937",
        "type": "Microsoft.Network/trafficManagerProfiles",
        "location": "global",
        "tags": {},
        "properties": {
          "profileStatus": "Enabled",
          "trafficRoutingMethod": "Weighted",
          "dnsConfig": {
            "relativeName": "profilename1937",
            "fqdn": "profilename1937.trafficmanager.net",
            "ttl": 0
          },
          "monitorConfig": {
            "profileMonitorStatus": "CheckingEndpoints",
            "protocol": "HTTP",
            "port": 80,
            "path": "/public/health-probe",
            "intervalInSeconds": 30,
            "toleratedNumberOfFailures": 3,
            "timeoutInSeconds": 10
          },
          "endpoints": [
            {
              "id": "/subscriptions/6bb9d374-1f0d-437e-8bbe-4bc892850065/resourceGroups/resourcegroupname6753/providers/Microsoft.Network/trafficManagerProfiles/profileName1937/externalEndpoints/endpoint1",
              "name": "endpoint1",
              "type": "Microsoft.Network/trafficManagerProfiles/externalEndpoints",
              "properties": {
                "endpointStatus": "Enabled",
                "endpointMonitorStatus": "CheckingEndpoint",
                "targetResourceId": null,
                "target": "az-int-black.int.microsoftmetrics.com",
                "weight": 1000,
                "priority": 1,
                "endpointLocation": null,
                "minChildEndpoints": null,
                "minChildEndpointsIPv4": null,
                "minChildEndpointsIPv6": null,
                "alwaysServe": "Disabled"
              }
            },
            {
              "id": "/subscriptions/6bb9d374-1f0d-437e-8bbe-4bc892850065/resourceGroups/resourcegroupname6753/providers/Microsoft.Network/trafficManagerProfiles/profileName1937/externalEndpoints/endpoint2",
              "name": "endpoint2",
              "type": "Microsoft.Network/trafficManagerProfiles/externalEndpoints",
              "properties": {
                "endpointStatus": "Enabled",
                "endpointMonitorStatus": "CheckingEndpoint",
                "targetResourceId": null,
                "target": "az-int-red.int.microsoftmetrics.com",
                "weight": 1,
                "priority": 2,
                "endpointLocation": null,
                "minChildEndpoints": null,
                "minChildEndpointsIPv4": null,
                "minChildEndpointsIPv6": null,
                "alwaysServe": "Disabled"
              }
            }
          ],
          "trafficViewEnrollmentStatus": "Disabled",
          "maxReturn": null
        }
      }
    },
    {
      "RequestUri": "https://management.azure.com/subscriptions/6bb9d374-1f0d-437e-8bbe-4bc892850065/resourceGroups/resourcegroupname6753/providers/Microsoft.Network/trafficmanagerprofiles/profileName1937?api-version=2022-04-01-preview",
      "RequestMethod": "PATCH",
      "RequestHeaders": {
        "Accept": "application/json",
        "Authorization": "Sanitized",
        "Content-Length": "46",
        "Content-Type": "application/json",
        "traceparent": "00-961e5c46fc61354c2409c350b32892d4-abf83be0f3877189-00",
        "User-Agent": "azsdk-net-ResourceManager.TrafficManager/1.1.0-alpha.20221115.1 (.NET 6.0.11; Microsoft Windows 10.0.19045)",
        "x-ms-client-request-id": "e2983390da85e6d84c357ab51e8cf639",
        "x-ms-return-client-request-id": "true"
      },
      "RequestBody": {
        "tags": {
          "tagKey": "tagValue"
        },
        "properties": {}
      },
      "StatusCode": 200,
      "ResponseHeaders": {
        "Cache-Control": "private",
        "Content-Length": "1952",
        "Content-Type": "application/json; charset=utf-8",
        "Date": "Tue, 15 Nov 2022 13:07:20 GMT",
        "Server": "Microsoft-IIS/10.0",
        "Strict-Transport-Security": "max-age=31536000; includeSubDomains",
        "X-AspNet-Version": "4.0.30319",
        "X-Content-Type-Options": "nosniff",
        "x-ms-correlation-request-id": "ac317600-cf14-4a86-8344-a935f3c50534",
        "x-ms-ratelimit-remaining-subscription-resource-requests": "4493",
        "x-ms-request-id": "e2983390-da85-e6d8-4c35-7ab51e8cf639",
        "x-ms-routing-request-id": "JIOINDIACENTRAL:20221115T130721Z:ac317600-cf14-4a86-8344-a935f3c50534",
        "X-Powered-By": "ASP.NET"
      },
      "ResponseBody": {
        "id": "/subscriptions/6bb9d374-1f0d-437e-8bbe-4bc892850065/resourceGroups/resourcegroupname6753/providers/Microsoft.Network/trafficManagerProfiles/profileName1937",
        "name": "profileName1937",
        "type": "Microsoft.Network/trafficManagerProfiles",
        "location": "global",
        "tags": {
          "tagKey": "tagValue"
        },
        "properties": {
          "profileStatus": "Enabled",
          "trafficRoutingMethod": "Weighted",
          "dnsConfig": {
            "relativeName": "profilename1937",
            "fqdn": "profilename1937.trafficmanager.net",
            "ttl": 0
          },
          "monitorConfig": {
            "profileMonitorStatus": "CheckingEndpoints",
            "protocol": "HTTP",
            "port": 80,
            "path": "/public/health-probe",
            "intervalInSeconds": 30,
            "toleratedNumberOfFailures": 3,
            "timeoutInSeconds": 10
          },
          "endpoints": [
            {
              "id": "/subscriptions/6bb9d374-1f0d-437e-8bbe-4bc892850065/resourceGroups/resourcegroupname6753/providers/Microsoft.Network/trafficManagerProfiles/profileName1937/externalEndpoints/endpoint1",
              "name": "endpoint1",
              "type": "Microsoft.Network/trafficManagerProfiles/externalEndpoints",
              "properties": {
                "endpointStatus": "Enabled",
                "endpointMonitorStatus": "CheckingEndpoint",
                "targetResourceId": null,
                "target": "az-int-black.int.microsoftmetrics.com",
                "weight": 1000,
                "priority": 1,
                "endpointLocation": null,
                "minChildEndpoints": null,
                "minChildEndpointsIPv4": null,
                "minChildEndpointsIPv6": null,
                "alwaysServe": "Disabled"
              }
            },
            {
              "id": "/subscriptions/6bb9d374-1f0d-437e-8bbe-4bc892850065/resourceGroups/resourcegroupname6753/providers/Microsoft.Network/trafficManagerProfiles/profileName1937/externalEndpoints/endpoint2",
              "name": "endpoint2",
              "type": "Microsoft.Network/trafficManagerProfiles/externalEndpoints",
              "properties": {
                "endpointStatus": "Enabled",
                "endpointMonitorStatus": "CheckingEndpoint",
                "targetResourceId": null,
                "target": "az-int-red.int.microsoftmetrics.com",
                "weight": 1,
                "priority": 2,
                "endpointLocation": null,
                "minChildEndpoints": null,
                "minChildEndpointsIPv4": null,
                "minChildEndpointsIPv6": null,
                "alwaysServe": "Disabled"
              }
            }
          ],
          "trafficViewEnrollmentStatus": "Disabled",
          "maxReturn": null
        }
      }
    },
    {
      "RequestUri": "https://management.azure.com/subscriptions/6bb9d374-1f0d-437e-8bbe-4bc892850065/resourceGroups/resourceGroupName6753/providers/Microsoft.Network/trafficmanagerprofiles/profileName1937?api-version=2022-04-01-preview",
      "RequestMethod": "GET",
      "RequestHeaders": {
        "Accept": "application/json",
        "Authorization": "Sanitized",
        "traceparent": "00-813c828863154f9da3b1caef7e967897-6da43856c2eacfea-00",
        "User-Agent": "azsdk-net-ResourceManager.TrafficManager/1.1.0-alpha.20221115.1 (.NET 6.0.11; Microsoft Windows 10.0.19045)",
        "x-ms-client-request-id": "4a21cf7d0851fea75cc4ead8efef8096",
        "x-ms-return-client-request-id": "true"
      },
      "RequestBody": null,
      "StatusCode": 200,
      "ResponseHeaders": {
        "Cache-Control": "private",
        "Content-Length": "1952",
        "Content-Type": "application/json; charset=utf-8",
        "Date": "Tue, 15 Nov 2022 13:07:21 GMT",
        "Server": "Microsoft-IIS/10.0",
        "Strict-Transport-Security": "max-age=31536000; includeSubDomains",
        "X-AspNet-Version": "4.0.30319",
        "X-Content-Type-Options": "nosniff",
        "x-ms-correlation-request-id": "147a73c8-8916-4d57-acc9-ddce7ea892fa",
        "x-ms-ratelimit-remaining-subscription-resource-requests": "1990",
        "x-ms-request-id": "4a21cf7d-0851-fea7-5cc4-ead8efef8096",
        "x-ms-routing-request-id": "JIOINDIACENTRAL:20221115T130721Z:147a73c8-8916-4d57-acc9-ddce7ea892fa",
        "X-Powered-By": "ASP.NET"
      },
      "ResponseBody": {
        "id": "/subscriptions/6bb9d374-1f0d-437e-8bbe-4bc892850065/resourceGroups/resourcegroupname6753/providers/Microsoft.Network/trafficManagerProfiles/profileName1937",
        "name": "profileName1937",
        "type": "Microsoft.Network/trafficManagerProfiles",
        "location": "global",
        "tags": {
          "tagKey": "tagValue"
        },
        "properties": {
          "profileStatus": "Enabled",
          "trafficRoutingMethod": "Weighted",
          "dnsConfig": {
            "relativeName": "profilename1937",
            "fqdn": "profilename1937.trafficmanager.net",
            "ttl": 0
          },
          "monitorConfig": {
            "profileMonitorStatus": "CheckingEndpoints",
            "protocol": "HTTP",
            "port": 80,
            "path": "/public/health-probe",
            "intervalInSeconds": 30,
            "toleratedNumberOfFailures": 3,
            "timeoutInSeconds": 10
          },
          "endpoints": [
            {
              "id": "/subscriptions/6bb9d374-1f0d-437e-8bbe-4bc892850065/resourceGroups/resourcegroupname6753/providers/Microsoft.Network/trafficManagerProfiles/profileName1937/externalEndpoints/endpoint1",
              "name": "endpoint1",
              "type": "Microsoft.Network/trafficManagerProfiles/externalEndpoints",
              "properties": {
                "endpointStatus": "Enabled",
                "endpointMonitorStatus": "CheckingEndpoint",
                "targetResourceId": null,
                "target": "az-int-black.int.microsoftmetrics.com",
                "weight": 1000,
                "priority": 1,
                "endpointLocation": null,
                "minChildEndpoints": null,
                "minChildEndpointsIPv4": null,
                "minChildEndpointsIPv6": null,
                "alwaysServe": "Disabled"
              }
            },
            {
              "id": "/subscriptions/6bb9d374-1f0d-437e-8bbe-4bc892850065/resourceGroups/resourcegroupname6753/providers/Microsoft.Network/trafficManagerProfiles/profileName1937/externalEndpoints/endpoint2",
              "name": "endpoint2",
              "type": "Microsoft.Network/trafficManagerProfiles/externalEndpoints",
              "properties": {
                "endpointStatus": "Enabled",
                "endpointMonitorStatus": "CheckingEndpoint",
                "targetResourceId": null,
                "target": "az-int-red.int.microsoftmetrics.com",
                "weight": 1,
                "priority": 2,
                "endpointLocation": null,
                "minChildEndpoints": null,
                "minChildEndpointsIPv4": null,
                "minChildEndpointsIPv6": null,
                "alwaysServe": "Disabled"
              }
            }
          ],
          "trafficViewEnrollmentStatus": "Disabled",
          "maxReturn": null
        }
      }
    },
    {
      "RequestUri": "https://management.azure.com/subscriptions/6bb9d374-1f0d-437e-8bbe-4bc892850065/resourceGroups/resourceGroupName6753/providers/Microsoft.Network/trafficmanagerprofiles/profileName1937?api-version=2022-04-01-preview",
      "RequestMethod": "DELETE",
      "RequestHeaders": {
        "Accept": "application/json",
        "Authorization": "Sanitized",
        "User-Agent": "azsdk-net-ResourceManager.TrafficManager/1.1.0-alpha.20221115.1 (.NET 6.0.11; Microsoft Windows 10.0.19045)",
        "x-ms-client-request-id": "7c8730f4190d46d9bf0caeab36f1df2c",
        "x-ms-return-client-request-id": "true"
      },
      "RequestBody": null,
      "StatusCode": 200,
      "ResponseHeaders": {
        "Cache-Control": "private",
        "Content-Length": "0",
        "Date": "Tue, 15 Nov 2022 13:07:27 GMT",
        "Server": "Microsoft-IIS/10.0",
        "Strict-Transport-Security": "max-age=31536000; includeSubDomains",
        "X-AspNet-Version": "4.0.30319",
        "X-Content-Type-Options": "nosniff",
        "x-ms-correlation-request-id": "4877c3e2-8dbc-4a41-b164-8e75af58c188",
        "x-ms-ratelimit-remaining-subscription-resource-requests": "496",
        "x-ms-request-id": "7c8730f4-190d-46d9-bf0c-aeab36f1df2c",
        "x-ms-routing-request-id": "JIOINDIACENTRAL:20221115T130728Z:4877c3e2-8dbc-4a41-b164-8e75af58c188",
        "X-Powered-By": "ASP.NET"
      },
      "ResponseBody": null
    },
    {
      "RequestUri": "https://management.azure.com/subscriptions/6bb9d374-1f0d-437e-8bbe-4bc892850065/resourcegroups/resourceGroupName6753?api-version=**",
      "RequestMethod": "DELETE",
      "RequestHeaders": {
        "Accept": "application/json",
        "Authorization": "Sanitized",
        "traceparent": "00-8a8c6de1a1c2f1df865876e87bfda600-81abb8a682df5916-00",
        "User-Agent": "azsdk-net-ResourceManager/1.3.1 (.NET 6.0.11; Microsoft Windows 10.0.19045)",
        "x-ms-client-request-id": "337abc6e8cc787bf8c9a86c0f000f65c",
        "x-ms-return-client-request-id": "true"
      },
      "RequestBody": null,
      "StatusCode": 202,
      "ResponseHeaders": {
        "Cache-Control": "no-cache",
        "Content-Length": "0",
        "Date": "Tue, 15 Nov 2022 13:07:29 GMT",
        "Expires": "-1",
        "Location": "https://management.azure.com/subscriptions/6bb9d374-1f0d-437e-8bbe-4bc892850065/operationresults/eyJqb2JJZCI6IlJFU09VUkNFR1JPVVBERUxFVElPTkpPQi1SRVNPVVJDRUdST1VQTkFNRTY3NTMtRUFTVFVTIiwiam9iTG9jYXRpb24iOiJlYXN0dXMifQ?api-version=**",
        "Pragma": "no-cache",
        "Retry-After": "15",
        "Strict-Transport-Security": "max-age=31536000; includeSubDomains",
        "X-Content-Type-Options": "nosniff",
        "x-ms-correlation-request-id": "cd4d002d-6b01-487a-abe0-e721ee0fe68d",
        "x-ms-ratelimit-remaining-subscription-deletes": "14996",
        "x-ms-request-id": "cd4d002d-6b01-487a-abe0-e721ee0fe68d",
        "x-ms-routing-request-id": "JIOINDIACENTRAL:20221115T130730Z:cd4d002d-6b01-487a-abe0-e721ee0fe68d"
      },
      "ResponseBody": null
    },
    {
      "RequestUri": "https://management.azure.com/subscriptions/6bb9d374-1f0d-437e-8bbe-4bc892850065/operationresults/eyJqb2JJZCI6IlJFU09VUkNFR1JPVVBERUxFVElPTkpPQi1SRVNPVVJDRUdST1VQTkFNRTY3NTMtRUFTVFVTIiwiam9iTG9jYXRpb24iOiJlYXN0dXMifQ?api-version=**",
      "RequestMethod": "GET",
      "RequestHeaders": {
        "Authorization": "Sanitized",
        "traceparent": "00-8a8c6de1a1c2f1df865876e87bfda600-36ee77800b51cd96-00",
        "User-Agent": "azsdk-net-ResourceManager/1.3.1 (.NET 6.0.11; Microsoft Windows 10.0.19045)",
        "x-ms-client-request-id": "336abde44d7567ce70ffef72921856bf",
        "x-ms-return-client-request-id": "true"
      },
      "RequestBody": null,
      "StatusCode": 202,
      "ResponseHeaders": {
        "Cache-Control": "no-cache",
        "Content-Length": "0",
        "Date": "Tue, 15 Nov 2022 13:07:30 GMT",
        "Expires": "-1",
        "Location": "https://management.azure.com/subscriptions/6bb9d374-1f0d-437e-8bbe-4bc892850065/operationresults/eyJqb2JJZCI6IlJFU09VUkNFR1JPVVBERUxFVElPTkpPQi1SRVNPVVJDRUdST1VQTkFNRTY3NTMtRUFTVFVTIiwiam9iTG9jYXRpb24iOiJlYXN0dXMifQ?api-version=**",
        "Pragma": "no-cache",
        "Retry-After": "15",
        "Strict-Transport-Security": "max-age=31536000; includeSubDomains",
        "X-Content-Type-Options": "nosniff",
        "x-ms-correlation-request-id": "07bf5908-2aa7-4278-9a66-878b5746a257",
        "x-ms-ratelimit-remaining-subscription-reads": "11897",
        "x-ms-request-id": "07bf5908-2aa7-4278-9a66-878b5746a257",
        "x-ms-routing-request-id": "JIOINDIACENTRAL:20221115T130730Z:07bf5908-2aa7-4278-9a66-878b5746a257"
      },
      "ResponseBody": null
    },
    {
      "RequestUri": "https://management.azure.com/subscriptions/6bb9d374-1f0d-437e-8bbe-4bc892850065/operationresults/eyJqb2JJZCI6IlJFU09VUkNFR1JPVVBERUxFVElPTkpPQi1SRVNPVVJDRUdST1VQTkFNRTY3NTMtRUFTVFVTIiwiam9iTG9jYXRpb24iOiJlYXN0dXMifQ?api-version=**",
      "RequestMethod": "GET",
      "RequestHeaders": {
        "Authorization": "Sanitized",
        "traceparent": "00-8a8c6de1a1c2f1df865876e87bfda600-966b4aeb671a4d3d-00",
        "User-Agent": "azsdk-net-ResourceManager/1.3.1 (.NET 6.0.11; Microsoft Windows 10.0.19045)",
        "x-ms-client-request-id": "52f65215f131f4278f163eed027a2d91",
        "x-ms-return-client-request-id": "true"
      },
      "RequestBody": null,
      "StatusCode": 202,
      "ResponseHeaders": {
        "Cache-Control": "no-cache",
        "Content-Length": "0",
        "Date": "Tue, 15 Nov 2022 13:07:45 GMT",
        "Expires": "-1",
        "Location": "https://management.azure.com/subscriptions/6bb9d374-1f0d-437e-8bbe-4bc892850065/operationresults/eyJqb2JJZCI6IlJFU09VUkNFR1JPVVBERUxFVElPTkpPQi1SRVNPVVJDRUdST1VQTkFNRTY3NTMtRUFTVFVTIiwiam9iTG9jYXRpb24iOiJlYXN0dXMifQ?api-version=**",
        "Pragma": "no-cache",
        "Retry-After": "15",
        "Strict-Transport-Security": "max-age=31536000; includeSubDomains",
        "X-Content-Type-Options": "nosniff",
        "x-ms-correlation-request-id": "72cbf916-41ca-4a55-bd43-48e9fce20338",
        "x-ms-ratelimit-remaining-subscription-reads": "11896",
        "x-ms-request-id": "72cbf916-41ca-4a55-bd43-48e9fce20338",
        "x-ms-routing-request-id": "JIOINDIACENTRAL:20221115T130746Z:72cbf916-41ca-4a55-bd43-48e9fce20338"
      },
      "ResponseBody": null
    },
    {
      "RequestUri": "https://management.azure.com/subscriptions/6bb9d374-1f0d-437e-8bbe-4bc892850065/operationresults/eyJqb2JJZCI6IlJFU09VUkNFR1JPVVBERUxFVElPTkpPQi1SRVNPVVJDRUdST1VQTkFNRTY3NTMtRUFTVFVTIiwiam9iTG9jYXRpb24iOiJlYXN0dXMifQ?api-version=**",
      "RequestMethod": "GET",
      "RequestHeaders": {
        "Authorization": "Sanitized",
        "traceparent": "00-8a8c6de1a1c2f1df865876e87bfda600-93a521b9c5a383b5-00",
        "User-Agent": "azsdk-net-ResourceManager/1.3.1 (.NET 6.0.11; Microsoft Windows 10.0.19045)",
        "x-ms-client-request-id": "32db1cd3c39567e716587d0589b9d1dc",
        "x-ms-return-client-request-id": "true"
      },
      "RequestBody": null,
      "StatusCode": 202,
      "ResponseHeaders": {
        "Cache-Control": "no-cache",
        "Content-Length": "0",
        "Date": "Tue, 15 Nov 2022 13:08:00 GMT",
        "Expires": "-1",
        "Location": "https://management.azure.com/subscriptions/6bb9d374-1f0d-437e-8bbe-4bc892850065/operationresults/eyJqb2JJZCI6IlJFU09VUkNFR1JPVVBERUxFVElPTkpPQi1SRVNPVVJDRUdST1VQTkFNRTY3NTMtRUFTVFVTIiwiam9iTG9jYXRpb24iOiJlYXN0dXMifQ?api-version=**",
        "Pragma": "no-cache",
        "Retry-After": "15",
        "Strict-Transport-Security": "max-age=31536000; includeSubDomains",
        "X-Content-Type-Options": "nosniff",
        "x-ms-correlation-request-id": "aef19826-92ec-443c-bc70-75ef9d89a460",
        "x-ms-ratelimit-remaining-subscription-reads": "11895",
        "x-ms-request-id": "aef19826-92ec-443c-bc70-75ef9d89a460",
        "x-ms-routing-request-id": "JIOINDIACENTRAL:20221115T130801Z:aef19826-92ec-443c-bc70-75ef9d89a460"
      },
      "ResponseBody": null
    },
    {
      "RequestUri": "https://management.azure.com/subscriptions/6bb9d374-1f0d-437e-8bbe-4bc892850065/operationresults/eyJqb2JJZCI6IlJFU09VUkNFR1JPVVBERUxFVElPTkpPQi1SRVNPVVJDRUdST1VQTkFNRTY3NTMtRUFTVFVTIiwiam9iTG9jYXRpb24iOiJlYXN0dXMifQ?api-version=**",
      "RequestMethod": "GET",
      "RequestHeaders": {
        "Authorization": "Sanitized",
        "traceparent": "00-8a8c6de1a1c2f1df865876e87bfda600-3e4723c9ee84c4c5-00",
        "User-Agent": "azsdk-net-ResourceManager/1.3.1 (.NET 6.0.11; Microsoft Windows 10.0.19045)",
        "x-ms-client-request-id": "082fcb837404f2389676a35e0ee165f6",
        "x-ms-return-client-request-id": "true"
      },
      "RequestBody": null,
      "StatusCode": 202,
      "ResponseHeaders": {
        "Cache-Control": "no-cache",
        "Content-Length": "0",
        "Date": "Tue, 15 Nov 2022 13:08:17 GMT",
        "Expires": "-1",
        "Location": "https://management.azure.com/subscriptions/6bb9d374-1f0d-437e-8bbe-4bc892850065/operationresults/eyJqb2JJZCI6IlJFU09VUkNFR1JPVVBERUxFVElPTkpPQi1SRVNPVVJDRUdST1VQTkFNRTY3NTMtRUFTVFVTIiwiam9iTG9jYXRpb24iOiJlYXN0dXMifQ?api-version=**",
        "Pragma": "no-cache",
        "Retry-After": "15",
        "Strict-Transport-Security": "max-age=31536000; includeSubDomains",
        "X-Content-Type-Options": "nosniff",
        "x-ms-correlation-request-id": "e109d25d-929e-4c31-a084-38a3db6c9ed1",
        "x-ms-ratelimit-remaining-subscription-reads": "11894",
        "x-ms-request-id": "e109d25d-929e-4c31-a084-38a3db6c9ed1",
        "x-ms-routing-request-id": "JIOINDIACENTRAL:20221115T130817Z:e109d25d-929e-4c31-a084-38a3db6c9ed1"
      },
      "ResponseBody": null
    },
    {
      "RequestUri": "https://management.azure.com/subscriptions/6bb9d374-1f0d-437e-8bbe-4bc892850065/operationresults/eyJqb2JJZCI6IlJFU09VUkNFR1JPVVBERUxFVElPTkpPQi1SRVNPVVJDRUdST1VQTkFNRTY3NTMtRUFTVFVTIiwiam9iTG9jYXRpb24iOiJlYXN0dXMifQ?api-version=**",
      "RequestMethod": "GET",
      "RequestHeaders": {
        "Authorization": "Sanitized",
        "traceparent": "00-8a8c6de1a1c2f1df865876e87bfda600-4c6e4c8aaa8f1185-00",
        "User-Agent": "azsdk-net-ResourceManager/1.3.1 (.NET 6.0.11; Microsoft Windows 10.0.19045)",
        "x-ms-client-request-id": "769f5ed2243d51296a8e3cd974226ad5",
        "x-ms-return-client-request-id": "true"
      },
      "RequestBody": null,
      "StatusCode": 202,
      "ResponseHeaders": {
        "Cache-Control": "no-cache",
        "Content-Length": "0",
        "Date": "Tue, 15 Nov 2022 13:08:32 GMT",
        "Expires": "-1",
        "Location": "https://management.azure.com/subscriptions/6bb9d374-1f0d-437e-8bbe-4bc892850065/operationresults/eyJqb2JJZCI6IlJFU09VUkNFR1JPVVBERUxFVElPTkpPQi1SRVNPVVJDRUdST1VQTkFNRTY3NTMtRUFTVFVTIiwiam9iTG9jYXRpb24iOiJlYXN0dXMifQ?api-version=**",
        "Pragma": "no-cache",
        "Retry-After": "15",
        "Strict-Transport-Security": "max-age=31536000; includeSubDomains",
        "X-Content-Type-Options": "nosniff",
        "x-ms-correlation-request-id": "d237ecb2-f6f7-4f48-8a80-5a449ce82485",
        "x-ms-ratelimit-remaining-subscription-reads": "11893",
        "x-ms-request-id": "d237ecb2-f6f7-4f48-8a80-5a449ce82485",
        "x-ms-routing-request-id": "JIOINDIACENTRAL:20221115T130833Z:d237ecb2-f6f7-4f48-8a80-5a449ce82485"
      },
      "ResponseBody": null
    },
    {
      "RequestUri": "https://management.azure.com/subscriptions/6bb9d374-1f0d-437e-8bbe-4bc892850065/operationresults/eyJqb2JJZCI6IlJFU09VUkNFR1JPVVBERUxFVElPTkpPQi1SRVNPVVJDRUdST1VQTkFNRTY3NTMtRUFTVFVTIiwiam9iTG9jYXRpb24iOiJlYXN0dXMifQ?api-version=**",
      "RequestMethod": "GET",
      "RequestHeaders": {
        "Authorization": "Sanitized",
        "traceparent": "00-8a8c6de1a1c2f1df865876e87bfda600-e823eb1c73905d8b-00",
        "User-Agent": "azsdk-net-ResourceManager/1.3.1 (.NET 6.0.11; Microsoft Windows 10.0.19045)",
        "x-ms-client-request-id": "36696144254b5e8ce4e89b1f1f885835",
        "x-ms-return-client-request-id": "true"
      },
      "RequestBody": null,
      "StatusCode": 200,
      "ResponseHeaders": {
        "Cache-Control": "no-cache",
        "Content-Length": "0",
        "Date": "Tue, 15 Nov 2022 13:08:48 GMT",
        "Expires": "-1",
        "Pragma": "no-cache",
        "Strict-Transport-Security": "max-age=31536000; includeSubDomains",
        "X-Content-Type-Options": "nosniff",
        "x-ms-correlation-request-id": "4e0305f3-ea86-462b-a57e-adfa46f0b4e1",
        "x-ms-ratelimit-remaining-subscription-reads": "11892",
        "x-ms-request-id": "4e0305f3-ea86-462b-a57e-adfa46f0b4e1",
        "x-ms-routing-request-id": "JIOINDIACENTRAL:20221115T130848Z:4e0305f3-ea86-462b-a57e-adfa46f0b4e1"
      },
      "ResponseBody": null
    }
  ],
  "Variables": {
    "AZURE_AUTHORITY_HOST": "https://login.microsoftonline.com/",
    "RandomSeed": "543253123",
    "RESOURCE_MANAGER_URL": null,
    "SUBSCRIPTION_ID": "6bb9d374-1f0d-437e-8bbe-4bc892850065"
  }
}
