{
  "Entries": [
    {
      "RequestUri": "https://management.azure.com/subscriptions/fb9e7fe1-af44-47ef-852d-2d086a069327?api-version=2021-01-01",
      "RequestMethod": "GET",
      "RequestHeaders": {
        "Accept": "application/json",
        "Authorization": "Sanitized",
        "traceparent": "00-73e435b5935b2d4baacc90f1ec9db41f-cebf7f539593004f-00",
        "User-Agent": "azsdk-net-ResourceManager/1.2.1 (.NET Framework 4.8.9032.0; Microsoft Windows 10.0.22622 )",
        "x-ms-client-request-id": "b3267705df29f1d17c8687c253f95ffa",
        "x-ms-return-client-request-id": "true"
      },
      "RequestBody": null,
      "StatusCode": 200,
      "ResponseHeaders": {
        "Cache-Control": "no-cache",
        "Content-Length": "541",
        "Content-Type": "application/json; charset=utf-8",
        "Date": "Wed, 03 Aug 2022 04:58:27 GMT",
        "Expires": "-1",
        "Pragma": "no-cache",
        "Strict-Transport-Security": "max-age=31536000; includeSubDomains",
        "X-Content-Type-Options": "nosniff",
        "x-ms-correlation-request-id": "73626c9a-1ebf-4187-9799-0dae5f810bb2",
        "x-ms-ratelimit-remaining-subscription-reads": "11999",
        "x-ms-request-id": "73626c9a-1ebf-4187-9799-0dae5f810bb2",
        "x-ms-routing-request-id": "WESTUS2:20220803T045828Z:73626c9a-1ebf-4187-9799-0dae5f810bb2"
      },
      "ResponseBody": {
        "id": "/subscriptions/fb9e7fe1-af44-47ef-852d-2d086a069327",
        "authorizationSource": "RoleBased",
        "managedByTenants": [
          {
            "tenantId": "2f4a9838-26b7-47ee-be60-ccc1fdec5953"
          }
        ],
        "tags": {
          "NRMS12581055": "20220228",
          "NRMSBreakGlassNonHighRisk ": "NRMSBreakGlassNonHighRisk "
        },
        "subscriptionId": "fb9e7fe1-af44-47ef-852d-2d086a069327",
        "tenantId": "72f988bf-86f1-41af-91ab-2d7cd011db47",
        "displayName": "GenevaMetrics_Int",
        "state": "Enabled",
        "subscriptionPolicies": {
          "locationPlacementId": "Internal_2014-09-01",
          "quotaId": "Internal_2014-09-01",
          "spendingLimit": "Off"
        }
      }
    },
    {
      "RequestUri": "https://management.azure.com/subscriptions/fb9e7fe1-af44-47ef-852d-2d086a069327/resourcegroups/resourceGroupName820?api-version=2021-04-01",
      "RequestMethod": "PUT",
      "RequestHeaders": {
        "Accept": "application/json",
        "Authorization": "Sanitized",
        "Content-Length": "21",
        "Content-Type": "application/json",
        "traceparent": "00-f97b0f8e788b8542a1ba8af4214a3132-e2636191a3a88243-00",
        "User-Agent": "azsdk-net-ResourceManager/1.2.1 (.NET Framework 4.8.9032.0; Microsoft Windows 10.0.22622 )",
        "x-ms-client-request-id": "7d9b84e659a11e6baf235f0f853ff853",
        "x-ms-return-client-request-id": "true"
      },
      "RequestBody": {
        "location": "eastus"
      },
      "StatusCode": 201,
      "ResponseHeaders": {
        "Cache-Control": "no-cache",
        "Content-Length": "237",
        "Content-Type": "application/json; charset=utf-8",
        "Date": "Wed, 03 Aug 2022 04:58:29 GMT",
        "Expires": "-1",
        "Pragma": "no-cache",
        "Strict-Transport-Security": "max-age=31536000; includeSubDomains",
        "X-Content-Type-Options": "nosniff",
        "x-ms-correlation-request-id": "841e6355-324d-473b-bc06-cf81a7d59b29",
        "x-ms-ratelimit-remaining-subscription-writes": "1199",
        "x-ms-request-id": "841e6355-324d-473b-bc06-cf81a7d59b29",
        "x-ms-routing-request-id": "WESTUS2:20220803T045829Z:841e6355-324d-473b-bc06-cf81a7d59b29"
      },
      "ResponseBody": {
        "id": "/subscriptions/fb9e7fe1-af44-47ef-852d-2d086a069327/resourceGroups/resourceGroupName820",
        "name": "resourceGroupName820",
        "type": "Microsoft.Resources/resourceGroups",
        "location": "eastus",
        "properties": {
          "provisioningState": "Succeeded"
        }
      }
    },
    {
      "RequestUri": "https://management.azure.com/subscriptions/fb9e7fe1-af44-47ef-852d-2d086a069327/resourceGroups/resourceGroupName820/providers/Microsoft.Network/trafficmanagerprofiles/profileName1050?api-version=2018-08-01",
      "RequestMethod": "PUT",
      "RequestHeaders": {
        "Accept": "application/json",
        "Authorization": "Sanitized",
        "Content-Length": "561",
        "Content-Type": "application/json",
        "traceparent": "00-7a4f62d93d872b4eb9021fd5ec492e12-b4c010ee1c44434a-00",
        "User-Agent": "azsdk-net-ResourceManager.TrafficManager/1.0.0-alpha.20220802.1 (.NET Framework 4.8.9032.0; Microsoft Windows 10.0.22622 )",
        "x-ms-client-request-id": "b888791f853083eeb2afe59f5ad72209",
        "x-ms-return-client-request-id": "true"
      },
      "RequestBody": {
        "location": "global",
        "name": "profileName1050",
        "properties": {
          "trafficRoutingMethod": "Weighted",
          "dnsConfig": {
            "relativeName": "profileName1050"
          },
          "monitorConfig": {
            "protocol": "HTTP",
            "port": 80,
            "path": "/public/health-probe"
          },
          "endpoints": [
            {
              "name": "endpoint1",
              "type": "Microsoft.Network/trafficManagerProfiles/externalEndpoints",
              "properties": {
                "target": "az-int-black.int.microsoftmetrics.com",
                "weight": 1000
              }
            },
            {
              "name": "endpoint2",
              "type": "Microsoft.Network/trafficManagerProfiles/externalEndpoints",
              "properties": {
                "target": "az-int-red.int.microsoftmetrics.com",
                "weight": 1
              }
            }
          ]
        }
      },
      "StatusCode": 201,
      "ResponseHeaders": {
        "Cache-Control": "private",
        "Content-Length": "1870",
        "Content-Type": "application/json; charset=utf-8",
        "Date": "Wed, 03 Aug 2022 04:58:32 GMT",
        "Server": "Microsoft-IIS/10.0",
        "Strict-Transport-Security": "max-age=31536000; includeSubDomains",
        "X-AspNet-Version": "4.0.30319",
        "X-Content-Type-Options": "nosniff",
        "x-ms-correlation-request-id": "a3ccdc8c-9c64-43ea-b068-3d47976ac6a6",
        "x-ms-ratelimit-remaining-subscription-resource-requests": "10799",
        "x-ms-request-id": "b888791f-8530-83ee-b2af-e59f5ad72209",
        "x-ms-routing-request-id": "WESTUS2:20220803T045832Z:a3ccdc8c-9c64-43ea-b068-3d47976ac6a6",
        "X-Powered-By": "ASP.NET"
      },
      "ResponseBody": {
        "id": "/subscriptions/fb9e7fe1-af44-47ef-852d-2d086a069327/resourceGroups/resourcegroupname820/providers/Microsoft.Network/trafficManagerProfiles/profileName1050",
        "name": "profileName1050",
        "type": "Microsoft.Network/trafficManagerProfiles",
        "location": "global",
        "properties": {
          "profileStatus": "Enabled",
          "trafficRoutingMethod": "Weighted",
          "dnsConfig": {
            "relativeName": "profilename1050",
            "fqdn": "profilename1050.trafficmanager.net",
            "ttl": 0
          },
          "monitorConfig": {
            "profileMonitorStatus": "CheckingEndpoints",
            "protocol": "HTTP",
            "port": 80,
            "path": "/public/health-probe",
            "intervalInSeconds": 30,
            "toleratedNumberOfFailures": 3,
            "timeoutInSeconds": 10
          },
          "endpoints": [
            {
              "id": "/subscriptions/fb9e7fe1-af44-47ef-852d-2d086a069327/resourceGroups/resourcegroupname820/providers/Microsoft.Network/trafficManagerProfiles/profileName1050/externalEndpoints/endpoint1",
              "name": "endpoint1",
              "type": "Microsoft.Network/trafficManagerProfiles/externalEndpoints",
              "properties": {
                "endpointStatus": "Enabled",
                "endpointMonitorStatus": "CheckingEndpoint",
                "targetResourceId": null,
                "target": "az-int-black.int.microsoftmetrics.com",
                "weight": 1000,
                "priority": 1,
                "endpointLocation": null,
                "minChildEndpoints": null,
                "minChildEndpointsIPv4": null,
                "minChildEndpointsIPv6": null
              }
            },
            {
              "id": "/subscriptions/fb9e7fe1-af44-47ef-852d-2d086a069327/resourceGroups/resourcegroupname820/providers/Microsoft.Network/trafficManagerProfiles/profileName1050/externalEndpoints/endpoint2",
              "name": "endpoint2",
              "type": "Microsoft.Network/trafficManagerProfiles/externalEndpoints",
              "properties": {
                "endpointStatus": "Enabled",
                "endpointMonitorStatus": "CheckingEndpoint",
                "targetResourceId": null,
                "target": "az-int-red.int.microsoftmetrics.com",
                "weight": 1,
                "priority": 2,
                "endpointLocation": null,
                "minChildEndpoints": null,
                "minChildEndpointsIPv4": null,
                "minChildEndpointsIPv6": null
              }
            }
          ],
          "trafficViewEnrollmentStatus": "Disabled",
          "maxReturn": null
        }
      }
    },
    {
      "RequestUri": "https://management.azure.com/subscriptions/fb9e7fe1-af44-47ef-852d-2d086a069327/resourceGroups/resourceGroupName820/providers/Microsoft.Network/trafficmanagerprofiles/profileName1050?api-version=2018-08-01",
      "RequestMethod": "GET",
      "RequestHeaders": {
        "Accept": "application/json",
        "Authorization": "Sanitized",
        "traceparent": "00-e8edaef6f7f798428e6d1ee09e5b35f4-bf41b92ec517e346-00",
        "User-Agent": "azsdk-net-ResourceManager.TrafficManager/1.0.0-alpha.20220802.1 (.NET Framework 4.8.9032.0; Microsoft Windows 10.0.22622 )",
        "x-ms-client-request-id": "58c5295556491d63bb957abb72e1f746",
        "x-ms-return-client-request-id": "true"
      },
      "RequestBody": null,
      "StatusCode": 200,
      "ResponseHeaders": {
        "Cache-Control": "private",
        "Content-Length": "1880",
        "Content-Type": "application/json; charset=utf-8",
        "Date": "Wed, 03 Aug 2022 04:58:32 GMT",
        "Server": "Microsoft-IIS/10.0",
        "Strict-Transport-Security": "max-age=31536000; includeSubDomains",
        "X-AspNet-Version": "4.0.30319",
        "X-Content-Type-Options": "nosniff",
        "x-ms-correlation-request-id": "42c786f0-40df-444d-9ac1-767de0110e1c",
        "x-ms-ratelimit-remaining-subscription-resource-requests": "10799",
        "x-ms-request-id": "58c52955-5649-1d63-bb95-7abb72e1f746",
        "x-ms-routing-request-id": "WESTUS2:20220803T045833Z:42c786f0-40df-444d-9ac1-767de0110e1c",
        "X-Powered-By": "ASP.NET"
      },
      "ResponseBody": {
        "id": "/subscriptions/fb9e7fe1-af44-47ef-852d-2d086a069327/resourceGroups/resourcegroupname820/providers/Microsoft.Network/trafficManagerProfiles/profileName1050",
        "name": "profileName1050",
        "type": "Microsoft.Network/trafficManagerProfiles",
        "location": "global",
        "tags": {},
        "properties": {
          "profileStatus": "Enabled",
          "trafficRoutingMethod": "Weighted",
          "dnsConfig": {
            "relativeName": "profilename1050",
            "fqdn": "profilename1050.trafficmanager.net",
            "ttl": 0
          },
          "monitorConfig": {
            "profileMonitorStatus": "CheckingEndpoints",
            "protocol": "HTTP",
            "port": 80,
            "path": "/public/health-probe",
            "intervalInSeconds": 30,
            "toleratedNumberOfFailures": 3,
            "timeoutInSeconds": 10
          },
          "endpoints": [
            {
              "id": "/subscriptions/fb9e7fe1-af44-47ef-852d-2d086a069327/resourceGroups/resourcegroupname820/providers/Microsoft.Network/trafficManagerProfiles/profileName1050/externalEndpoints/endpoint1",
              "name": "endpoint1",
              "type": "Microsoft.Network/trafficManagerProfiles/externalEndpoints",
              "properties": {
                "endpointStatus": "Enabled",
                "endpointMonitorStatus": "CheckingEndpoint",
                "targetResourceId": null,
                "target": "az-int-black.int.microsoftmetrics.com",
                "weight": 1000,
                "priority": 1,
                "endpointLocation": null,
                "minChildEndpoints": null,
                "minChildEndpointsIPv4": null,
                "minChildEndpointsIPv6": null
              }
            },
            {
              "id": "/subscriptions/fb9e7fe1-af44-47ef-852d-2d086a069327/resourceGroups/resourcegroupname820/providers/Microsoft.Network/trafficManagerProfiles/profileName1050/externalEndpoints/endpoint2",
              "name": "endpoint2",
              "type": "Microsoft.Network/trafficManagerProfiles/externalEndpoints",
              "properties": {
                "endpointStatus": "Enabled",
                "endpointMonitorStatus": "CheckingEndpoint",
                "targetResourceId": null,
                "target": "az-int-red.int.microsoftmetrics.com",
                "weight": 1,
                "priority": 2,
                "endpointLocation": null,
                "minChildEndpoints": null,
                "minChildEndpointsIPv4": null,
                "minChildEndpointsIPv6": null
              }
            }
          ],
          "trafficViewEnrollmentStatus": "Disabled",
          "maxReturn": null
        }
      }
    },
    {
      "RequestUri": "https://management.azure.com/subscriptions/fb9e7fe1-af44-47ef-852d-2d086a069327/resourceGroups/resourcegroupname820/providers/Microsoft.Network/trafficmanagerprofiles/profileName1050/externalEndpoints/endpoint1?api-version=2018-08-01",
      "RequestMethod": "GET",
      "RequestHeaders": {
        "Accept": "application/json",
        "Authorization": "Sanitized",
        "traceparent": "00-5a6295ac8383be43bba339be3ab3ea9f-17305c1640de144f-00",
        "User-Agent": "azsdk-net-ResourceManager.TrafficManager/1.0.0-alpha.20220802.1 (.NET Framework 4.8.9032.0; Microsoft Windows 10.0.22622 )",
        "x-ms-client-request-id": "7f346e8e42d6603a9618cbf173cbc3d8",
        "x-ms-return-client-request-id": "true"
      },
      "RequestBody": null,
      "StatusCode": 200,
      "ResponseHeaders": {
        "Cache-Control": "private",
        "Content-Length": "582",
        "Content-Type": "application/json; charset=utf-8",
        "Date": "Wed, 03 Aug 2022 04:58:32 GMT",
        "Server": "Microsoft-IIS/10.0",
        "Strict-Transport-Security": "max-age=31536000; includeSubDomains",
        "X-AspNet-Version": "4.0.30319",
        "X-Content-Type-Options": "nosniff",
        "x-ms-correlation-request-id": "db43f4e5-8a74-414e-baa2-7b398e17cc6e",
        "x-ms-ratelimit-remaining-subscription-reads": "11998",
        "x-ms-request-id": "7f346e8e-42d6-603a-9618-cbf173cbc3d8",
        "x-ms-routing-request-id": "WESTUS2:20220803T045833Z:db43f4e5-8a74-414e-baa2-7b398e17cc6e",
        "X-Powered-By": "ASP.NET"
      },
      "ResponseBody": {
        "id": "/subscriptions/fb9e7fe1-af44-47ef-852d-2d086a069327/resourceGroups/resourcegroupname820/providers/Microsoft.Network/trafficManagerProfiles/profileName1050/externalEndpoints/endpoint1",
        "name": "endpoint1",
        "type": "Microsoft.Network/trafficManagerProfiles/externalEndpoints",
        "properties": {
          "endpointStatus": "Enabled",
          "endpointMonitorStatus": "CheckingEndpoint",
          "targetResourceId": null,
          "target": "az-int-black.int.microsoftmetrics.com",
          "weight": 1000,
          "priority": 1,
          "endpointLocation": null,
          "minChildEndpoints": null,
          "minChildEndpointsIPv4": null,
          "minChildEndpointsIPv6": null
        }
      }
    },
    {
      "RequestUri": "https://management.azure.com/subscriptions/fb9e7fe1-af44-47ef-852d-2d086a069327/resourceGroups/resourceGroupName820/providers/Microsoft.Network/trafficmanagerprofiles/profileName1050?api-version=2018-08-01",
      "RequestMethod": "DELETE",
      "RequestHeaders": {
        "Accept": "application/json",
        "Authorization": "Sanitized",
        "User-Agent": "azsdk-net-ResourceManager.TrafficManager/1.0.0-alpha.20220802.1 (.NET Framework 4.8.9032.0; Microsoft Windows 10.0.22622 )",
        "x-ms-client-request-id": "5bba55019f79c80a166afc9b0b3210d0",
        "x-ms-return-client-request-id": "true"
      },
      "RequestBody": null,
      "StatusCode": 200,
      "ResponseHeaders": {
        "Cache-Control": "private",
        "Content-Length": "0",
        "Date": "Wed, 03 Aug 2022 04:58:35 GMT",
        "Server": "Microsoft-IIS/10.0",
        "Strict-Transport-Security": "max-age=31536000; includeSubDomains",
        "X-AspNet-Version": "4.0.30319",
        "X-Content-Type-Options": "nosniff",
        "x-ms-correlation-request-id": "ad2e9f62-659e-42b5-a3b5-86d1854599eb",
        "x-ms-ratelimit-remaining-subscription-resource-requests": "10799",
        "x-ms-request-id": "5bba5501-9f79-c80a-166a-fc9b0b3210d0",
        "x-ms-routing-request-id": "WESTUS2:20220803T045836Z:ad2e9f62-659e-42b5-a3b5-86d1854599eb",
        "X-Powered-By": "ASP.NET"
      },
      "ResponseBody": null
    },
    {
      "RequestUri": "https://management.azure.com/subscriptions/fb9e7fe1-af44-47ef-852d-2d086a069327/resourcegroups/resourceGroupName820?api-version=2021-04-01",
      "RequestMethod": "DELETE",
      "RequestHeaders": {
        "Accept": "application/json",
        "Authorization": "Sanitized",
        "traceparent": "00-1ca4f8c0bb76fb449b2ff505f616704a-5c374420a980794b-00",
        "User-Agent": "azsdk-net-ResourceManager/1.2.1 (.NET Framework 4.8.9032.0; Microsoft Windows 10.0.22622 )",
        "x-ms-client-request-id": "ec119fb8a2a21332ef65c2308b71aaf0",
        "x-ms-return-client-request-id": "true"
      },
      "RequestBody": null,
      "StatusCode": 202,
      "ResponseHeaders": {
        "Cache-Control": "no-cache",
        "Content-Length": "0",
        "Date": "Wed, 03 Aug 2022 04:58:36 GMT",
        "Expires": "-1",
        "Location": "https://management.azure.com/subscriptions/fb9e7fe1-af44-47ef-852d-2d086a069327/operationresults/eyJqb2JJZCI6IlJFU09VUkNFR1JPVVBERUxFVElPTkpPQi1SRVNPVVJDRUdST1VQTkFNRTgyMC1FQVNUVVMiLCJqb2JMb2NhdGlvbiI6ImVhc3R1cyJ9?api-version=2021-04-01",
        "Pragma": "no-cache",
        "Retry-After": "15",
        "Strict-Transport-Security": "max-age=31536000; includeSubDomains",
        "X-Content-Type-Options": "nosniff",
        "x-ms-correlation-request-id": "c8d60730-f1c0-4319-abf2-0280a88cc23e",
        "x-ms-ratelimit-remaining-subscription-deletes": "14999",
        "x-ms-request-id": "c8d60730-f1c0-4319-abf2-0280a88cc23e",
        "x-ms-routing-request-id": "WESTUS2:20220803T045837Z:c8d60730-f1c0-4319-abf2-0280a88cc23e"
      },
      "ResponseBody": null
    },
    {
      "RequestUri": "https://management.azure.com/subscriptions/fb9e7fe1-af44-47ef-852d-2d086a069327/operationresults/eyJqb2JJZCI6IlJFU09VUkNFR1JPVVBERUxFVElPTkpPQi1SRVNPVVJDRUdST1VQTkFNRTgyMC1FQVNUVVMiLCJqb2JMb2NhdGlvbiI6ImVhc3R1cyJ9?api-version=2021-04-01",
      "RequestMethod": "GET",
      "RequestHeaders": {
        "Authorization": "Sanitized",
        "traceparent": "00-1ca4f8c0bb76fb449b2ff505f616704a-62c56839cd29824d-00",
        "User-Agent": "azsdk-net-ResourceManager/1.2.1 (.NET Framework 4.8.9032.0; Microsoft Windows 10.0.22622 )",
        "x-ms-client-request-id": "d439fa07d7b95f3523a66b14ddd93ca4",
        "x-ms-return-client-request-id": "true"
      },
      "RequestBody": null,
      "StatusCode": 202,
      "ResponseHeaders": {
        "Cache-Control": "no-cache",
        "Content-Length": "0",
        "Date": "Wed, 03 Aug 2022 04:58:36 GMT",
        "Expires": "-1",
        "Location": "https://management.azure.com/subscriptions/fb9e7fe1-af44-47ef-852d-2d086a069327/operationresults/eyJqb2JJZCI6IlJFU09VUkNFR1JPVVBERUxFVElPTkpPQi1SRVNPVVJDRUdST1VQTkFNRTgyMC1FQVNUVVMiLCJqb2JMb2NhdGlvbiI6ImVhc3R1cyJ9?api-version=2021-04-01",
        "Pragma": "no-cache",
        "Retry-After": "15",
        "Strict-Transport-Security": "max-age=31536000; includeSubDomains",
        "X-Content-Type-Options": "nosniff",
        "x-ms-correlation-request-id": "ee6e15eb-1d73-4944-bef5-5d32b9ef267c",
        "x-ms-ratelimit-remaining-subscription-reads": "11997",
        "x-ms-request-id": "ee6e15eb-1d73-4944-bef5-5d32b9ef267c",
        "x-ms-routing-request-id": "WESTUS2:20220803T045837Z:ee6e15eb-1d73-4944-bef5-5d32b9ef267c"
      },
      "ResponseBody": null
    },
    {
      "RequestUri": "https://management.azure.com/subscriptions/fb9e7fe1-af44-47ef-852d-2d086a069327/operationresults/eyJqb2JJZCI6IlJFU09VUkNFR1JPVVBERUxFVElPTkpPQi1SRVNPVVJDRUdST1VQTkFNRTgyMC1FQVNUVVMiLCJqb2JMb2NhdGlvbiI6ImVhc3R1cyJ9?api-version=2021-04-01",
      "RequestMethod": "GET",
      "RequestHeaders": {
        "Authorization": "Sanitized",
        "traceparent": "00-1ca4f8c0bb76fb449b2ff505f616704a-31a9fbec73c8734e-00",
        "User-Agent": "azsdk-net-ResourceManager/1.2.1 (.NET Framework 4.8.9032.0; Microsoft Windows 10.0.22622 )",
        "x-ms-client-request-id": "69c80cc0f4771ca9d123883738c6ce50",
        "x-ms-return-client-request-id": "true"
      },
      "RequestBody": null,
      "StatusCode": 200,
      "ResponseHeaders": {
        "Cache-Control": "no-cache",
        "Content-Length": "0",
        "Date": "Wed, 03 Aug 2022 04:58:51 GMT",
        "Expires": "-1",
        "Pragma": "no-cache",
        "Strict-Transport-Security": "max-age=31536000; includeSubDomains",
        "X-Content-Type-Options": "nosniff",
        "x-ms-correlation-request-id": "a80673ea-6bfa-4290-9284-26efda5d9ddc",
        "x-ms-ratelimit-remaining-subscription-reads": "11996",
        "x-ms-request-id": "a80673ea-6bfa-4290-9284-26efda5d9ddc",
        "x-ms-routing-request-id": "WESTUS2:20220803T045852Z:a80673ea-6bfa-4290-9284-26efda5d9ddc"
      },
      "ResponseBody": null
    }
  ],
  "Variables": {
    "AZURE_AUTHORITY_HOST": "https://login.microsoftonline.com",
    "RandomSeed": "2143461446",
    "RESOURCE_MANAGER_URL": null,
    "SUBSCRIPTION_ID": "fb9e7fe1-af44-47ef-852d-2d086a069327"
  }
}
