{
  "Entries": [
    {
      "RequestUri": "https://management.azure.com/subscriptions/fb9e7fe1-af44-47ef-852d-2d086a069327?api-version=2021-01-01",
      "RequestMethod": "GET",
      "RequestHeaders": {
        "Accept": "application/json",
        "Authorization": "Sanitized",
        "Connection": "keep-alive",
        "traceparent": "00-f4d338fa5adfe546b24e03a4a9afd4fa-d40d49a986579c42-00",
        "User-Agent": "azsdk-net-ResourceManager/1.1.1 (.NET Framework 4.8.9032.0; Microsoft Windows 10.0.22621 )",
        "x-ms-client-request-id": "2d3f9685b948a803e2688a5e94ec6d3f",
        "x-ms-return-client-request-id": "true"
      },
      "RequestBody": null,
      "StatusCode": 200,
      "ResponseHeaders": {
        "Cache-Control": "no-cache",
        "Content-Length": "541",
        "Content-Type": "application/json; charset=utf-8",
        "Date": "Thu, 30 Jun 2022 00:28:45 GMT",
        "Expires": "-1",
        "Pragma": "no-cache",
        "Strict-Transport-Security": "max-age=31536000; includeSubDomains",
        "X-Content-Type-Options": "nosniff",
        "x-ms-correlation-request-id": "47512cfe-1417-4c76-90bb-308fbed01a4f",
        "x-ms-ratelimit-remaining-subscription-reads": "11999",
        "x-ms-request-id": "47512cfe-1417-4c76-90bb-308fbed01a4f",
        "x-ms-routing-request-id": "WESTUS2:20220630T002846Z:47512cfe-1417-4c76-90bb-308fbed01a4f"
      },
      "ResponseBody": {
        "id": "/subscriptions/fb9e7fe1-af44-47ef-852d-2d086a069327",
        "authorizationSource": "RoleBased",
        "managedByTenants": [
          {
            "tenantId": "2f4a9838-26b7-47ee-be60-ccc1fdec5953"
          }
        ],
        "tags": {
          "NRMS12581055": "20220228",
          "NRMSBreakGlassNonHighRisk ": "NRMSBreakGlassNonHighRisk "
        },
        "subscriptionId": "fb9e7fe1-af44-47ef-852d-2d086a069327",
        "tenantId": "72f988bf-86f1-41af-91ab-2d7cd011db47",
        "displayName": "GenevaMetrics_Int",
        "state": "Enabled",
        "subscriptionPolicies": {
          "locationPlacementId": "Internal_2014-09-01",
          "quotaId": "Internal_2014-09-01",
          "spendingLimit": "Off"
        }
      }
    },
    {
      "RequestUri": "https://management.azure.com/subscriptions/fb9e7fe1-af44-47ef-852d-2d086a069327/resourcegroups/resourceGroupName3116?api-version=2021-04-01",
      "RequestMethod": "PUT",
      "RequestHeaders": {
        "Accept": "application/json",
        "Authorization": "Sanitized",
        "Content-Length": "21",
        "Content-Type": "application/json",
        "traceparent": "00-6730c9e348d41f48a49e4cd377f40a0b-20b039daee1d904d-00",
        "User-Agent": "azsdk-net-ResourceManager/1.1.1 (.NET Framework 4.8.9032.0; Microsoft Windows 10.0.22621 )",
        "x-ms-client-request-id": "69b369d7b1d321e662f68c9a43f75efe",
        "x-ms-return-client-request-id": "true"
      },
      "RequestBody": {
        "location": "eastus"
      },
      "StatusCode": 201,
      "ResponseHeaders": {
        "Cache-Control": "no-cache",
        "Content-Length": "239",
        "Content-Type": "application/json; charset=utf-8",
        "Date": "Thu, 30 Jun 2022 00:28:47 GMT",
        "Expires": "-1",
        "Pragma": "no-cache",
        "Strict-Transport-Security": "max-age=31536000; includeSubDomains",
        "X-Content-Type-Options": "nosniff",
        "x-ms-correlation-request-id": "4954c3ae-f095-410f-8bfb-8aba7630893a",
        "x-ms-ratelimit-remaining-subscription-writes": "1199",
        "x-ms-request-id": "4954c3ae-f095-410f-8bfb-8aba7630893a",
        "x-ms-routing-request-id": "WESTUS2:20220630T002847Z:4954c3ae-f095-410f-8bfb-8aba7630893a"
      },
      "ResponseBody": {
        "id": "/subscriptions/fb9e7fe1-af44-47ef-852d-2d086a069327/resourceGroups/resourceGroupName3116",
        "name": "resourceGroupName3116",
        "type": "Microsoft.Resources/resourceGroups",
        "location": "eastus",
        "properties": {
          "provisioningState": "Succeeded"
        }
      }
    },
    {
      "RequestUri": "https://management.azure.com/subscriptions/fb9e7fe1-af44-47ef-852d-2d086a069327/resourceGroups/resourceGroupName3116/providers/Microsoft.Network/trafficmanagerprofiles/profileName1885?api-version=2018-08-01",
      "RequestMethod": "PUT",
      "RequestHeaders": {
        "Accept": "application/json",
        "Authorization": "Sanitized",
        "Content-Length": "561",
        "Content-Type": "application/json",
        "traceparent": "00-7b07a418cb0eb64ca74b8e406cd6e0c3-aa755ad745380d4c-00",
        "User-Agent": "azsdk-net-ResourceManager.TrafficManager/1.0.0-alpha.20220629.1 (.NET Framework 4.8.9032.0; Microsoft Windows 10.0.22621 )",
        "x-ms-client-request-id": "d45137b007d8c19afb18c82f281b455a",
        "x-ms-return-client-request-id": "true"
      },
      "RequestBody": {
        "location": "global",
        "name": "profileName1885",
        "properties": {
          "trafficRoutingMethod": "Weighted",
          "dnsConfig": {
            "relativeName": "profileName1885"
          },
          "monitorConfig": {
            "protocol": "HTTP",
            "port": 80,
            "path": "/public/health-probe"
          },
          "endpoints": [
            {
              "name": "endpoint1",
              "type": "Microsoft.Network/trafficManagerProfiles/externalEndpoints",
              "properties": {
                "target": "az-int-black.int.microsoftmetrics.com",
                "weight": 1000
              }
            },
            {
              "name": "endpoint2",
              "type": "Microsoft.Network/trafficManagerProfiles/externalEndpoints",
              "properties": {
                "target": "az-int-red.int.microsoftmetrics.com",
                "weight": 1
              }
            }
          ]
        }
      },
      "StatusCode": 201,
      "ResponseHeaders": {
        "Cache-Control": "private",
        "Content-Length": "1873",
        "Content-Type": "application/json; charset=utf-8",
        "Date": "Thu, 30 Jun 2022 00:28:49 GMT",
        "Server": "Microsoft-IIS/10.0",
        "Strict-Transport-Security": "max-age=31536000; includeSubDomains",
        "X-AspNet-Version": "4.0.30319",
        "X-Content-Type-Options": "nosniff",
        "x-ms-correlation-request-id": "24caed3c-5aa1-4716-8775-2d8635e90737",
        "x-ms-ratelimit-remaining-subscription-resource-requests": "10799",
        "x-ms-request-id": "d45137b0-07d8-c19a-fb18-c82f281b455a",
        "x-ms-routing-request-id": "WESTUS2:20220630T002850Z:24caed3c-5aa1-4716-8775-2d8635e90737",
        "X-Powered-By": "ASP.NET"
      },
      "ResponseBody": {
        "id": "/subscriptions/fb9e7fe1-af44-47ef-852d-2d086a069327/resourceGroups/resourcegroupname3116/providers/Microsoft.Network/trafficManagerProfiles/profileName1885",
        "name": "profileName1885",
        "type": "Microsoft.Network/trafficManagerProfiles",
        "location": "global",
        "properties": {
          "profileStatus": "Enabled",
          "trafficRoutingMethod": "Weighted",
          "dnsConfig": {
            "relativeName": "profilename1885",
            "fqdn": "profilename1885.trafficmanager.net",
            "ttl": 0
          },
          "monitorConfig": {
            "profileMonitorStatus": "CheckingEndpoints",
            "protocol": "HTTP",
            "port": 80,
            "path": "/public/health-probe",
            "intervalInSeconds": 30,
            "toleratedNumberOfFailures": 3,
            "timeoutInSeconds": 10
          },
          "endpoints": [
            {
              "id": "/subscriptions/fb9e7fe1-af44-47ef-852d-2d086a069327/resourceGroups/resourcegroupname3116/providers/Microsoft.Network/trafficManagerProfiles/profileName1885/externalEndpoints/endpoint1",
              "name": "endpoint1",
              "type": "Microsoft.Network/trafficManagerProfiles/externalEndpoints",
              "properties": {
                "endpointStatus": "Enabled",
                "endpointMonitorStatus": "CheckingEndpoint",
                "targetResourceId": null,
                "target": "az-int-black.int.microsoftmetrics.com",
                "weight": 1000,
                "priority": 1,
                "endpointLocation": null,
                "minChildEndpoints": null,
                "minChildEndpointsIPv4": null,
                "minChildEndpointsIPv6": null
              }
            },
            {
              "id": "/subscriptions/fb9e7fe1-af44-47ef-852d-2d086a069327/resourceGroups/resourcegroupname3116/providers/Microsoft.Network/trafficManagerProfiles/profileName1885/externalEndpoints/endpoint2",
              "name": "endpoint2",
              "type": "Microsoft.Network/trafficManagerProfiles/externalEndpoints",
              "properties": {
                "endpointStatus": "Enabled",
                "endpointMonitorStatus": "CheckingEndpoint",
                "targetResourceId": null,
                "target": "az-int-red.int.microsoftmetrics.com",
                "weight": 1,
                "priority": 2,
                "endpointLocation": null,
                "minChildEndpoints": null,
                "minChildEndpointsIPv4": null,
                "minChildEndpointsIPv6": null
              }
            }
          ],
          "trafficViewEnrollmentStatus": "Disabled",
          "maxReturn": null
        }
      }
    },
    {
      "RequestUri": "https://management.azure.com/subscriptions/fb9e7fe1-af44-47ef-852d-2d086a069327/resourcegroups/dialtone-traffic-manager?api-version=2021-04-01",
      "RequestMethod": "GET",
      "RequestHeaders": {
        "Accept": "application/json",
        "Authorization": "Sanitized",
        "traceparent": "00-38e144a1d2ee2f438552ec5019017761-30993fe8335e7b42-00",
        "User-Agent": "azsdk-net-ResourceManager/1.1.1 (.NET Framework 4.8.9032.0; Microsoft Windows 10.0.22621 )",
        "x-ms-client-request-id": "bbdc2cb6cc81e5b1590ce6c2760d9f70",
        "x-ms-return-client-request-id": "true"
      },
      "RequestBody": null,
      "StatusCode": 200,
      "ResponseHeaders": {
        "Cache-Control": "no-cache",
        "Content-Length": "258",
        "Content-Type": "application/json; charset=utf-8",
        "Date": "Thu, 30 Jun 2022 00:28:50 GMT",
        "Expires": "-1",
        "Pragma": "no-cache",
        "Strict-Transport-Security": "max-age=31536000; includeSubDomains",
        "X-Content-Type-Options": "nosniff",
        "x-ms-correlation-request-id": "fa7f1cca-bc33-4ffd-8831-1c11da751aab",
        "x-ms-ratelimit-remaining-subscription-reads": "11998",
        "x-ms-request-id": "fa7f1cca-bc33-4ffd-8831-1c11da751aab",
        "x-ms-routing-request-id": "WESTUS2:20220630T002850Z:fa7f1cca-bc33-4ffd-8831-1c11da751aab"
      },
      "ResponseBody": {
        "id": "/subscriptions/fb9e7fe1-af44-47ef-852d-2d086a069327/resourceGroups/dialtone-traffic-manager",
        "name": "dialtone-traffic-manager",
        "type": "Microsoft.Resources/resourceGroups",
        "location": "centralus",
        "tags": {},
        "properties": {
          "provisioningState": "Succeeded"
        }
      }
    },
    {
      "RequestUri": "https://management.azure.com/subscriptions/fb9e7fe1-af44-47ef-852d-2d086a069327/resourceGroups/dialtone-traffic-manager/providers/Microsoft.Network/trafficmanagerprofiles/az-int-int-msftmetrics?api-version=2018-08-01",
      "RequestMethod": "GET",
      "RequestHeaders": {
        "Accept": "application/json",
        "Authorization": "Sanitized",
        "traceparent": "00-604dae3c5cd10a41b3ffa7df37392f86-336d9e52c24e384b-00",
        "User-Agent": "azsdk-net-ResourceManager.TrafficManager/1.0.0-alpha.20220629.1 (.NET Framework 4.8.9032.0; Microsoft Windows 10.0.22621 )",
        "x-ms-client-request-id": "b4e3602b6b1bcfe6cff16dbbe8b6f847",
        "x-ms-return-client-request-id": "true"
      },
      "RequestBody": null,
      "StatusCode": 200,
      "ResponseHeaders": {
        "Cache-Control": "private",
        "Content-Length": "2035",
        "Content-Type": "application/json; charset=utf-8",
        "Date": "Thu, 30 Jun 2022 00:28:50 GMT",
        "Server": "Microsoft-IIS/10.0",
        "Strict-Transport-Security": "max-age=31536000; includeSubDomains",
        "X-AspNet-Version": "4.0.30319",
        "X-Content-Type-Options": "nosniff",
        "x-ms-correlation-request-id": "1e9cb85f-164e-49b5-94fd-d44a28014adf",
        "x-ms-ratelimit-remaining-subscription-resource-requests": "10799",
        "x-ms-request-id": "b4e3602b-6b1b-cfe6-cff1-6dbbe8b6f847",
        "x-ms-routing-request-id": "WESTUS2:20220630T002850Z:1e9cb85f-164e-49b5-94fd-d44a28014adf",
        "X-Powered-By": "ASP.NET"
      },
      "ResponseBody": {
        "id": "/subscriptions/fb9e7fe1-af44-47ef-852d-2d086a069327/resourceGroups/dialtone-traffic-manager/providers/Microsoft.Network/trafficManagerProfiles/az-int-int-msftmetrics",
        "name": "az-int-int-msftmetrics",
        "type": "Microsoft.Network/trafficManagerProfiles",
        "location": "global",
        "tags": {},
        "properties": {
          "profileStatus": "Enabled",
          "trafficRoutingMethod": "Weighted",
          "dnsConfig": {
            "relativeName": "az-int.int.msftmetrics",
            "fqdn": "az-int.int.msftmetrics.trafficmanager.net",
            "ttl": 15
          },
          "monitorConfig": {
            "profileMonitorStatus": "Online",
            "protocol": "HTTP",
            "port": 80,
            "path": "/public/health-probe",
            "intervalInSeconds": 10,
            "toleratedNumberOfFailures": 3,
            "timeoutInSeconds": 9,
            "customHeaders": [],
            "expectedStatusCodeRanges": []
          },
          "endpoints": [
            {
              "id": "/subscriptions/fb9e7fe1-af44-47ef-852d-2d086a069327/resourceGroups/dialtone-traffic-manager/providers/Microsoft.Network/trafficManagerProfiles/az-int-int-msftmetrics/externalEndpoints/az-int-black",
              "name": "az-int-black",
              "type": "Microsoft.Network/trafficManagerProfiles/externalEndpoints",
              "properties": {
                "endpointStatus": "Enabled",
                "endpointMonitorStatus": "Online",
                "targetResourceId": null,
                "target": "az-int-black.int.microsoftmetrics.com",
                "weight": 1000,
                "priority": 1,
                "endpointLocation": "West US",
                "minChildEndpoints": null,
                "minChildEndpointsIPv4": null,
                "minChildEndpointsIPv6": null,
                "customHeaders": [],
                "subnets": []
              }
            },
            {
              "id": "/subscriptions/fb9e7fe1-af44-47ef-852d-2d086a069327/resourceGroups/dialtone-traffic-manager/providers/Microsoft.Network/trafficManagerProfiles/az-int-int-msftmetrics/externalEndpoints/az-int-red",
              "name": "az-int-red",
              "type": "Microsoft.Network/trafficManagerProfiles/externalEndpoints",
              "properties": {
                "endpointStatus": "Enabled",
                "endpointMonitorStatus": "Online",
                "targetResourceId": null,
                "target": "az-int-red.int.microsoftmetrics.com",
                "weight": 1,
                "priority": 2,
                "endpointLocation": "East US 2",
                "minChildEndpoints": null,
                "minChildEndpointsIPv4": null,
                "minChildEndpointsIPv6": null,
                "customHeaders": [],
                "subnets": []
              }
            }
          ],
          "trafficViewEnrollmentStatus": "Enabled",
          "maxReturn": null
        }
      }
    },
    {
      "RequestUri": "https://management.azure.com/subscriptions/fb9e7fe1-af44-47ef-852d-2d086a069327/resourceGroups/dialtone-traffic-manager/providers/Microsoft.Network/trafficmanagerprofiles/az-int-int-msftmetrics/heatMaps/default?topLeft=-18.910742%2C-47.858517\u0026botRight=-24.341378%2C-37.964283\u0026api-version=2018-08-01",
      "RequestMethod": "GET",
      "RequestHeaders": {
        "Accept": "application/json",
        "Authorization": "Sanitized",
        "traceparent": "00-be1a10e19f01fe48bde445225285a5c5-220adec581ed3c4f-00",
        "User-Agent": "azsdk-net-ResourceManager.TrafficManager/1.0.0-alpha.20220629.1 (.NET Framework 4.8.9032.0; Microsoft Windows 10.0.22621 )",
        "x-ms-client-request-id": "17e432b1a21be47c856c7acc21d74bed",
        "x-ms-return-client-request-id": "true"
      },
      "RequestBody": null,
      "StatusCode": 200,
      "ResponseHeaders": {
        "Cache-Control": "private",
        "Content-Length": "1930",
        "Content-Type": "application/json; charset=utf-8",
        "Date": "Thu, 30 Jun 2022 00:28:50 GMT",
        "Server": "Microsoft-IIS/10.0",
        "Strict-Transport-Security": "max-age=31536000; includeSubDomains",
        "X-AspNet-Version": "4.0.30319",
        "X-Content-Type-Options": "nosniff",
        "x-ms-correlation-request-id": "3448e14c-9705-4e33-88c7-c5eb9cfc4a9e",
        "x-ms-ratelimit-remaining-subscription-resource-requests": "599",
        "x-ms-request-id": "17e432b1-a21b-e47c-856c-7acc21d74bed",
        "x-ms-routing-request-id": "WESTUS2:20220630T002850Z:3448e14c-9705-4e33-88c7-c5eb9cfc4a9e",
        "X-Powered-By": "ASP.NET"
      },
      "ResponseBody": {
        "id": "/subscriptions/fb9e7fe1-af44-47ef-852d-2d086a069327/resourceGroups/dialtone-traffic-manager/providers/Microsoft.Network/trafficManagerProfiles/az-int-int-msftmetrics/heatMaps/default",
        "name": "default",
        "type": "Microsoft.Network/trafficManagerProfiles/heatMaps",
        "properties": {
          "endTime": "2022-06-28T00:00:00.0000000Z",
          "endpoints": [
            {
              "endpointId": 0,
              "resourceId": "/subscriptions/fb9e7fe1-af44-47ef-852d-2d086a069327/resourceGroups/dialtone-traffic-manager/providers/Microsoft.Network/trafficManagerProfiles/az-int-int-msftmetrics/externalEndpoints/az-int-black"
            },
            {
              "endpointId": 1,
              "resourceId": "/subscriptions/fb9e7fe1-af44-47ef-852d-2d086a069327/resourceGroups/dialtone-traffic-manager/providers/Microsoft.Network/trafficManagerProfiles/az-int-int-msftmetrics/externalEndpoints/az-int-red"
            }
          ],
          "startTime": "2022-06-21T00:00:00.0000000Z",
          "trafficFlows": [
            {
              "latitude": -22.906,
              "longitude": -47.061,
              "queryExperiences": [
                {
                  "endpointId": 0,
                  "queryCount": 226
                },
                {
                  "endpointId": 1,
                  "queryCount": 186
                }
              ],
              "sourceIp": "191.233.200.64"
            },
            {
              "latitude": -22.906,
              "longitude": -47.061,
              "queryExperiences": [
                {
                  "endpointId": 1,
                  "queryCount": 78
                },
                {
                  "endpointId": 0,
                  "queryCount": 77
                }
              ],
              "sourceIp": "191.234.145.64"
            },
            {
              "latitude": -22.906,
              "longitude": -47.061,
              "queryExperiences": [
                {
                  "endpointId": 0,
                  "queryCount": 56
                },
                {
                  "endpointId": 1,
                  "queryCount": 46
                }
              ],
              "sourceIp": "191.233.201.64"
            },
            {
              "latitude": -22.906,
              "longitude": -47.061,
              "queryExperiences": [
                {
                  "endpointId": 0,
                  "queryCount": 38
                },
                {
                  "endpointId": 1,
                  "queryCount": 32
                }
              ],
              "sourceIp": "191.234.144.64"
            },
            {
              "latitude": -22.906,
              "longitude": -47.061,
              "queryExperiences": [
                {
                  "endpointId": 1,
                  "queryCount": 37
                },
                {
                  "endpointId": 0,
                  "queryCount": 33
                }
              ],
              "sourceIp": "191.234.152.64"
            },
            {
              "latitude": -23.517,
              "longitude": -46.57,
              "queryExperiences": [
                {
                  "endpointId": 1,
                  "latency": 136,
                  "queryCount": 3
                }
              ],
              "sourceIp": "201.6.88.0"
            },
            {
              "latitude": -23.517,
              "longitude": -46.57,
              "queryExperiences": [
                {
                  "endpointId": 1,
                  "latency": 135,
                  "queryCount": 1
                }
              ],
              "sourceIp": "201.6.88.64"
            }
          ]
        }
      }
    },
    {
      "RequestUri": "https://management.azure.com/subscriptions/fb9e7fe1-af44-47ef-852d-2d086a069327/resourceGroups/resourceGroupName3116/providers/Microsoft.Network/trafficmanagerprofiles/profileName1885?api-version=2018-08-01",
      "RequestMethod": "DELETE",
      "RequestHeaders": {
        "Accept": "application/json",
        "Authorization": "Sanitized",
        "User-Agent": "azsdk-net-ResourceManager.TrafficManager/1.0.0-alpha.20220629.1 (.NET Framework 4.8.9032.0; Microsoft Windows 10.0.22621 )",
        "x-ms-client-request-id": "c804577890384a3e450cec905ff6fda2",
        "x-ms-return-client-request-id": "true"
      },
      "RequestBody": null,
      "StatusCode": 200,
      "ResponseHeaders": {
        "Cache-Control": "private",
        "Content-Length": "0",
        "Date": "Thu, 30 Jun 2022 00:28:53 GMT",
        "Server": "Microsoft-IIS/10.0",
        "Strict-Transport-Security": "max-age=31536000; includeSubDomains",
        "X-AspNet-Version": "4.0.30319",
        "X-Content-Type-Options": "nosniff",
        "x-ms-correlation-request-id": "a50df2ea-d871-44a2-98c9-322508f83dd1",
        "x-ms-ratelimit-remaining-subscription-resource-requests": "10799",
        "x-ms-request-id": "c8045778-9038-4a3e-450c-ec905ff6fda2",
        "x-ms-routing-request-id": "WESTUS2:20220630T002853Z:a50df2ea-d871-44a2-98c9-322508f83dd1",
        "X-Powered-By": "ASP.NET"
      },
      "ResponseBody": null
    },
    {
      "RequestUri": "https://management.azure.com/subscriptions/fb9e7fe1-af44-47ef-852d-2d086a069327/resourcegroups/resourceGroupName3116?api-version=2021-04-01",
      "RequestMethod": "DELETE",
      "RequestHeaders": {
        "Accept": "application/json",
        "Authorization": "Sanitized",
        "traceparent": "00-a17fe8abcb006147988990d58831d231-cb90b4e46bfce646-00",
        "User-Agent": "azsdk-net-ResourceManager/1.1.1 (.NET Framework 4.8.9032.0; Microsoft Windows 10.0.22621 )",
        "x-ms-client-request-id": "44119f1488298854e4fe2eaff01aadf7",
        "x-ms-return-client-request-id": "true"
      },
      "RequestBody": null,
      "StatusCode": 202,
      "ResponseHeaders": {
        "Cache-Control": "no-cache",
        "Content-Length": "0",
        "Date": "Thu, 30 Jun 2022 00:28:54 GMT",
        "Expires": "-1",
        "Location": "https://management.azure.com/subscriptions/fb9e7fe1-af44-47ef-852d-2d086a069327/operationresults/eyJqb2JJZCI6IlJFU09VUkNFR1JPVVBERUxFVElPTkpPQi1SRVNPVVJDRUdST1VQTkFNRTMxMTYtRUFTVFVTIiwiam9iTG9jYXRpb24iOiJlYXN0dXMifQ?api-version=2021-04-01",
        "Pragma": "no-cache",
        "Retry-After": "15",
        "Strict-Transport-Security": "max-age=31536000; includeSubDomains",
        "X-Content-Type-Options": "nosniff",
        "x-ms-correlation-request-id": "b527d09d-a3c3-44d5-81f7-0f8f1e604f2a",
        "x-ms-ratelimit-remaining-subscription-deletes": "14999",
        "x-ms-request-id": "b527d09d-a3c3-44d5-81f7-0f8f1e604f2a",
        "x-ms-routing-request-id": "WESTUS2:20220630T002854Z:b527d09d-a3c3-44d5-81f7-0f8f1e604f2a"
      },
      "ResponseBody": null
    },
    {
      "RequestUri": "https://management.azure.com/subscriptions/fb9e7fe1-af44-47ef-852d-2d086a069327/operationresults/eyJqb2JJZCI6IlJFU09VUkNFR1JPVVBERUxFVElPTkpPQi1SRVNPVVJDRUdST1VQTkFNRTMxMTYtRUFTVFVTIiwiam9iTG9jYXRpb24iOiJlYXN0dXMifQ?api-version=2021-04-01",
      "RequestMethod": "GET",
      "RequestHeaders": {
        "Authorization": "Sanitized",
        "traceparent": "00-a17fe8abcb006147988990d58831d231-208f61b4d454c140-00",
        "User-Agent": "azsdk-net-ResourceManager/1.1.1 (.NET Framework 4.8.9032.0; Microsoft Windows 10.0.22621 )",
        "x-ms-client-request-id": "81b7d86f07c6f0c3037be339628f592b",
        "x-ms-return-client-request-id": "true"
      },
      "RequestBody": null,
      "StatusCode": 202,
      "ResponseHeaders": {
        "Cache-Control": "no-cache",
        "Content-Length": "0",
        "Date": "Thu, 30 Jun 2022 00:28:54 GMT",
        "Expires": "-1",
        "Location": "https://management.azure.com/subscriptions/fb9e7fe1-af44-47ef-852d-2d086a069327/operationresults/eyJqb2JJZCI6IlJFU09VUkNFR1JPVVBERUxFVElPTkpPQi1SRVNPVVJDRUdST1VQTkFNRTMxMTYtRUFTVFVTIiwiam9iTG9jYXRpb24iOiJlYXN0dXMifQ?api-version=2021-04-01",
        "Pragma": "no-cache",
        "Retry-After": "15",
        "Strict-Transport-Security": "max-age=31536000; includeSubDomains",
        "X-Content-Type-Options": "nosniff",
        "x-ms-correlation-request-id": "da143f18-e0aa-474b-a1bc-574edb68ed3c",
        "x-ms-ratelimit-remaining-subscription-reads": "11997",
        "x-ms-request-id": "da143f18-e0aa-474b-a1bc-574edb68ed3c",
        "x-ms-routing-request-id": "WESTUS2:20220630T002854Z:da143f18-e0aa-474b-a1bc-574edb68ed3c"
      },
      "ResponseBody": null
    },
    {
      "RequestUri": "https://management.azure.com/subscriptions/fb9e7fe1-af44-47ef-852d-2d086a069327/operationresults/eyJqb2JJZCI6IlJFU09VUkNFR1JPVVBERUxFVElPTkpPQi1SRVNPVVJDRUdST1VQTkFNRTMxMTYtRUFTVFVTIiwiam9iTG9jYXRpb24iOiJlYXN0dXMifQ?api-version=2021-04-01",
      "RequestMethod": "GET",
      "RequestHeaders": {
        "Authorization": "Sanitized",
        "traceparent": "00-a17fe8abcb006147988990d58831d231-fae4a1063f616f4a-00",
        "User-Agent": "azsdk-net-ResourceManager/1.1.1 (.NET Framework 4.8.9032.0; Microsoft Windows 10.0.22621 )",
        "x-ms-client-request-id": "deeaf45e6cb3e4f090f05090b645d2f9",
        "x-ms-return-client-request-id": "true"
      },
      "RequestBody": null,
      "StatusCode": 200,
      "ResponseHeaders": {
        "Cache-Control": "no-cache",
        "Content-Length": "0",
        "Date": "Thu, 30 Jun 2022 00:29:09 GMT",
        "Expires": "-1",
        "Pragma": "no-cache",
        "Strict-Transport-Security": "max-age=31536000; includeSubDomains",
        "X-Content-Type-Options": "nosniff",
        "x-ms-correlation-request-id": "4a3aee5a-731b-417f-9318-b1955967847c",
        "x-ms-ratelimit-remaining-subscription-reads": "11996",
        "x-ms-request-id": "4a3aee5a-731b-417f-9318-b1955967847c",
        "x-ms-routing-request-id": "WESTUS2:20220630T002910Z:4a3aee5a-731b-417f-9318-b1955967847c"
      },
      "ResponseBody": null
    }
  ],
  "Variables": {
    "AZURE_AUTHORITY_HOST": "https://login.microsoftonline.com",
    "RandomSeed": "1893620201",
    "RESOURCE_MANAGER_URL": null,
    "SUBSCRIPTION_ID": "fb9e7fe1-af44-47ef-852d-2d086a069327"
  }
}
