{
  "Entries": [
    {
      "RequestUri": "/subscriptions/dfb63c8c-7c89-4ef8-af13-75c1d873c895/resourceGroups/ereyTest/providers/Microsoft.ContainerRegistry/registries/azuresdkunittest?api-version=2017-10-01",
      "EncodedRequestUri": "L3N1YnNjcmlwdGlvbnMvZGZiNjNjOGMtN2M4OS00ZWY4LWFmMTMtNzVjMWQ4NzNjODk1L3Jlc291cmNlR3JvdXBzL2VyZXlUZXN0L3Byb3ZpZGVycy9NaWNyb3NvZnQuQ29udGFpbmVyUmVnaXN0cnkvcmVnaXN0cmllcy9henVyZXNka3VuaXR0ZXN0P2FwaS12ZXJzaW9uPTIwMTctMTAtMDE=",
      "RequestMethod": "GET",
      "RequestBody": "",
      "RequestHeaders": {
        "x-ms-client-request-id": [
          "c6b01a41-23c9-4228-970a-72cfaf6c8b95"
        ],
        "Accept-Language": [
          "en-US"
        ],
        "User-Agent": [
          "FxVersion/4.6.27617.04",
          "OSName/Windows",
          "OSVersion/Microsoft.Windows.10.0.18362.",
          "Microsoft.Azure.Management.ContainerRegistry.ContainerRegistryManagementClient/2.0.0.0"
        ]
      },
      "ResponseHeaders": {
        "Cache-Control": [
          "no-cache"
        ],
        "Pragma": [
          "no-cache"
        ],
        "Strict-Transport-Security": [
          "max-age=31536000; includeSubDomains"
        ],
        "Server": [
          "Microsoft-HTTPAPI/2.0"
        ],
        "x-ms-ratelimit-remaining-subscription-reads": [
          "11999"
        ],
        "x-ms-request-id": [
          "b4d8c896-e3f4-44c5-ad84-547abdacc63c"
        ],
        "x-ms-correlation-request-id": [
          "b4d8c896-e3f4-44c5-ad84-547abdacc63c"
        ],
        "x-ms-routing-request-id": [
          "WESTUS:20190806T222629Z:b4d8c896-e3f4-44c5-ad84-547abdacc63c"
        ],
        "X-Content-Type-Options": [
          "nosniff"
        ],
        "Date": [
          "Tue, 06 Aug 2019 22:26:28 GMT"
        ],
        "Content-Length": [
          "459"
        ],
        "Content-Type": [
          "application/json; charset=utf-8"
        ],
        "Expires": [
          "-1"
        ]
      },
      "ResponseBody": "{\r\n  \"sku\": {\r\n    \"name\": \"Standard\",\r\n    \"tier\": \"Standard\"\r\n  },\r\n  \"type\": \"Microsoft.ContainerRegistry/registries\",\r\n  \"id\": \"/subscriptions/dfb63c8c-7c89-4ef8-af13-75c1d873c895/resourceGroups/ereyTest/providers/Microsoft.ContainerRegistry/registries/azuresdkunittest\",\r\n  \"name\": \"azuresdkunittest\",\r\n  \"location\": \"westus\",\r\n  \"tags\": {},\r\n  \"properties\": {\r\n    \"loginServer\": \"azuresdkunittest.azurecr.io\",\r\n    \"creationDate\": \"2019-08-01T22:42:31.7178676Z\",\r\n    \"provisioningState\": \"Succeeded\",\r\n    \"adminUserEnabled\": true\r\n  }\r\n}",
      "StatusCode": 200
    },
    {
      "RequestUri": "/subscriptions/dfb63c8c-7c89-4ef8-af13-75c1d873c895/resourceGroups/ereyTest/providers/Microsoft.ContainerRegistry/registries/azuresdkunittest/listCredentials?api-version=2017-10-01",
      "EncodedRequestUri": "L3N1YnNjcmlwdGlvbnMvZGZiNjNjOGMtN2M4OS00ZWY4LWFmMTMtNzVjMWQ4NzNjODk1L3Jlc291cmNlR3JvdXBzL2VyZXlUZXN0L3Byb3ZpZGVycy9NaWNyb3NvZnQuQ29udGFpbmVyUmVnaXN0cnkvcmVnaXN0cmllcy9henVyZXNka3VuaXR0ZXN0L2xpc3RDcmVkZW50aWFscz9hcGktdmVyc2lvbj0yMDE3LTEwLTAx",
      "RequestMethod": "POST",
      "RequestBody": "",
      "RequestHeaders": {
        "x-ms-client-request-id": [
          "faa44daa-3c7d-459c-8cd1-65d8bd8cc2bd"
        ],
        "Accept-Language": [
          "en-US"
        ],
        "User-Agent": [
          "FxVersion/4.6.27617.04",
          "OSName/Windows",
          "OSVersion/Microsoft.Windows.10.0.18362.",
          "Microsoft.Azure.Management.ContainerRegistry.ContainerRegistryManagementClient/2.0.0.0"
        ]
      },
      "ResponseHeaders": {
        "Cache-Control": [
          "no-cache"
        ],
        "Pragma": [
          "no-cache"
        ],
        "Strict-Transport-Security": [
          "max-age=31536000; includeSubDomains"
        ],
        "Server": [
          "Microsoft-HTTPAPI/2.0"
        ],
        "x-ms-ratelimit-remaining-subscription-writes": [
          "1199"
        ],
        "x-ms-request-id": [
          "45f26ed8-66da-4586-bdbf-37c29ea18e6a"
        ],
        "x-ms-correlation-request-id": [
          "45f26ed8-66da-4586-bdbf-37c29ea18e6a"
        ],
        "x-ms-routing-request-id": [
          "WESTUS:20190806T222629Z:45f26ed8-66da-4586-bdbf-37c29ea18e6a"
        ],
        "X-Content-Type-Options": [
          "nosniff"
        ],
        "Date": [
          "Tue, 06 Aug 2019 22:26:28 GMT"
        ],
        "Content-Length": [
          "172"
        ],
        "Content-Type": [
          "application/json; charset=utf-8"
        ],
        "Expires": [
          "-1"
        ]
      },
      "ResponseBody": "{\r\n  \"username\": \"azuresdkunittest\",\r\n  \"passwords\": [\r\n    {\r\n      \"name\": \"password\",\r\n      \"value\": \"mol5=P3r5PMe1JmClINhYM66ve0ev6iO\"\r\n    },\r\n    {\r\n      \"name\": \"password2\",\r\n      \"value\": \"Bxgw5WBC9+VARlXaBPJRFbIeW8fkJXfO\"\r\n    }\r\n  ]\r\n}",
      "StatusCode": 200
    },
    {
      "RequestUri": "/v2/prod%2Fbash/manifests/deleteable",
      "EncodedRequestUri": "L3YyL3Byb2QlMkZiYXNoL21hbmlmZXN0cy9kZWxldGVhYmxl",
      "RequestMethod": "DELETE",
      "RequestBody": "",
      "RequestHeaders": {
        "x-ms-client-request-id": [
          "3b555e2e-01ff-465e-b9d8-5dcc7283ce24"
        ],
        "Accept-Language": [
          "en-US"
        ],
        "User-Agent": [
          "FxVersion/4.6.27617.04",
          "OSName/Windows",
          "OSVersion/Microsoft.Windows.10.0.18362.",
          "Microsoft.Azure.ContainerRegistry.AzureContainerRegistryClient/0.9.0.0"
        ]
      },
      "ResponseHeaders": {
        "Server": [
          "openresty"
        ],
        "Date": [
          "Tue, 06 Aug 2019 22:26:29 GMT"
        ],
        "Connection": [
          "keep-alive"
        ],
        "Access-Control-Expose-Headers": [
          "Docker-Content-Digest",
          "WWW-Authenticate",
          "Link",
          "X-Ms-Correlation-Request-Id"
        ],
        "Docker-Distribution-Api-Version": [
          "registry/2.0"
        ],
        "Strict-Transport-Security": [
          "max-age=31536000; includeSubDomains",
          "max-age=31536000; includeSubDomains"
        ],
        "X-Content-Type-Options": [
          "nosniff"
        ],
        "X-Ms-Correlation-Request-Id": [
          "e85c9dca-aeae-4c1e-bafd-84ff2337a979"
        ],
        "Content-Type": [
          "application/json; charset=utf-8"
        ],
        "Content-Length": [
          "98"
        ]
      },
      "ResponseBody": "{\r\n  \"errors\": [\r\n    {\r\n      \"code\": \"DISALLOWED_OPERATION\",\r\n      \"message\": \"The operation is disallowed.\",\r\n      \"detail\": {}\r\n    }\r\n  ]\r\n}",
      "StatusCode": 405
    }
  ],
  "Names": {},
  "Variables": {
    "SubscriptionId": "dfb63c8c-7c89-4ef8-af13-75c1d873c895"
  }
}