{
  "Entries": [
    {
      "RequestUri": "https://management.azure.com/subscriptions/db1ab6f0-4769-4b27-930e-01e2ef9c123c?api-version=2021-01-01",
      "RequestMethod": "GET",
      "RequestHeaders": {
        "Accept": "application/json",
        "Authorization": "Sanitized",
        "traceparent": "00-1c605426d6c89d4fb18f040af2d7777f-a1fd8d9cacdb9d40-00",
        "User-Agent": "azsdk-net-ResourceManager/1.3.1 (.NET Core 3.1.30; Microsoft Windows 10.0.22621)",
        "x-ms-client-request-id": "27d1d59d6c768d0bfc5fb1227dab3f96",
        "x-ms-return-client-request-id": "true"
      },
      "RequestBody": null,
      "StatusCode": 200,
      "ResponseHeaders": {
        "Cache-Control": "no-cache",
        "Content-Length": "747",
        "Content-Type": "application/json; charset=utf-8",
        "Date": "Mon, 17 Oct 2022 02:33:36 GMT",
        "Expires": "-1",
        "Pragma": "no-cache",
        "Strict-Transport-Security": "max-age=31536000; includeSubDomains",
        "X-Content-Type-Options": "nosniff",
        "x-ms-correlation-request-id": "299da5f1-01c5-4041-a4c4-d830184fd5de",
        "x-ms-ratelimit-remaining-subscription-reads": "11910",
        "x-ms-request-id": "299da5f1-01c5-4041-a4c4-d830184fd5de",
        "x-ms-routing-request-id": "SOUTHEASTASIA:20221017T023336Z:299da5f1-01c5-4041-a4c4-d830184fd5de"
      },
      "ResponseBody": {
        "id": "/subscriptions/db1ab6f0-4769-4b27-930e-01e2ef9c123c",
        "authorizationSource": "RoleBased",
        "managedByTenants": [],
        "tags": {
          "TagKey-9823": "TagValue-566",
          "TagKey-3481": "TagValue-320",
          "TagKey-4926": "TagValue-1187",
          "TagKey-751": "TagValue-3921",
          "TagKey-1866": "TagValue-8559",
          "TagKey-3094": "TagValue-9190",
          "TagKey-2449": "TagValue-9",
          "TagKey-8379": "TagValue-164",
          "TagKey-7470": "TagValue-2205",
          "TagKey-4236": "TagValue-3698",
          "TagKey-5316": "TagValue-2725"
        },
        "subscriptionId": "db1ab6f0-4769-4b27-930e-01e2ef9c123c",
        "tenantId": "72f988bf-86f1-41af-91ab-2d7cd011db47",
        "displayName": ".NET Mgmt SDK Test with TTL = 1 Day",
        "state": "Enabled",
        "subscriptionPolicies": {
          "locationPlacementId": "Internal_2014-09-01",
          "quotaId": "Internal_2014-09-01",
          "spendingLimit": "Off"
        }
      }
    },
    {
      "RequestUri": "https://management.azure.com/subscriptions/db1ab6f0-4769-4b27-930e-01e2ef9c123c/resourcegroups/MediaServiceRG5807?api-version=2021-04-01",
      "RequestMethod": "PUT",
      "RequestHeaders": {
        "Accept": "application/json",
        "Authorization": "Sanitized",
        "Content-Length": "22",
        "Content-Type": "application/json",
        "traceparent": "00-1254cf77864c464c84fd1fbc15d01504-0106ad32f1586846-00",
        "User-Agent": "azsdk-net-ResourceManager/1.3.1 (.NET Core 3.1.30; Microsoft Windows 10.0.22621)",
        "x-ms-client-request-id": "d57cb5913aaac49d6987a8b927ecc0d9",
        "x-ms-return-client-request-id": "true"
      },
      "RequestBody": {
        "location": "westus2"
      },
      "StatusCode": 201,
      "ResponseHeaders": {
        "Cache-Control": "no-cache",
        "Content-Length": "234",
        "Content-Type": "application/json; charset=utf-8",
        "Date": "Mon, 17 Oct 2022 02:33:37 GMT",
        "Expires": "-1",
        "Pragma": "no-cache",
        "Strict-Transport-Security": "max-age=31536000; includeSubDomains",
        "X-Content-Type-Options": "nosniff",
        "x-ms-correlation-request-id": "38cab234-3cfc-4ace-a7d8-e02aaa6a1c54",
        "x-ms-ratelimit-remaining-subscription-writes": "1159",
        "x-ms-request-id": "38cab234-3cfc-4ace-a7d8-e02aaa6a1c54",
        "x-ms-routing-request-id": "SOUTHEASTASIA:20221017T023338Z:38cab234-3cfc-4ace-a7d8-e02aaa6a1c54"
      },
      "ResponseBody": {
        "id": "/subscriptions/db1ab6f0-4769-4b27-930e-01e2ef9c123c/resourceGroups/MediaServiceRG5807",
        "name": "MediaServiceRG5807",
        "type": "Microsoft.Resources/resourceGroups",
        "location": "westus2",
        "properties": {
          "provisioningState": "Succeeded"
        }
      }
    },
    {
      "RequestUri": "https://management.azure.com/subscriptions/db1ab6f0-4769-4b27-930e-01e2ef9c123c/resourceGroups/MediaServiceRG5807/providers/Microsoft.Storage/storageAccounts/azstorageformedia704?api-version=2022-05-01",
      "RequestMethod": "PUT",
      "RequestHeaders": {
        "Accept": "application/json",
        "Authorization": "Sanitized",
        "Content-Length": "107",
        "Content-Type": "application/json",
        "traceparent": "00-d54da2edce43da4386be0897755bca2a-3f04ff2932920c49-00",
        "User-Agent": "azsdk-net-ResourceManager.Storage/1.0.0 (.NET Core 3.1.30; Microsoft Windows 10.0.22621)",
        "x-ms-client-request-id": "10cb060b303cee82d3018f33398434d6",
        "x-ms-return-client-request-id": "true"
      },
      "RequestBody": {
        "sku": {
          "name": "Standard_LRS"
        },
        "kind": "BlobStorage",
        "location": "westus2",
        "properties": {
          "accessTier": "Hot"
        }
      },
      "StatusCode": 202,
      "ResponseHeaders": {
        "Cache-Control": "no-cache",
        "Content-Length": "0",
        "Content-Type": "text/plain; charset=utf-8",
        "Date": "Mon, 17 Oct 2022 02:33:43 GMT",
        "Expires": "-1",
        "Location": "https://management.azure.com/subscriptions/db1ab6f0-4769-4b27-930e-01e2ef9c123c/providers/Microsoft.Storage/locations/westus2/asyncoperations/36cd82d4-4cea-4233-a694-b89daed04c32?monitor=true\u0026api-version=2022-05-01",
        "Pragma": "no-cache",
        "Retry-After": "17",
        "Server": "Microsoft-Azure-Storage-Resource-Provider/1.0,Microsoft-HTTPAPI/2.0 Microsoft-HTTPAPI/2.0",
        "Strict-Transport-Security": "max-age=31536000; includeSubDomains",
        "X-Content-Type-Options": "nosniff",
        "x-ms-client-request-id": "10cb060b303cee82d3018f33398434d6",
        "x-ms-correlation-request-id": "73f3d587-9fd0-46ea-a7e2-19aaa3fafb44",
        "x-ms-ratelimit-remaining-subscription-writes": "1158",
        "x-ms-request-id": "36cd82d4-4cea-4233-a694-b89daed04c32",
        "x-ms-routing-request-id": "SOUTHEASTASIA:20221017T023343Z:73f3d587-9fd0-46ea-a7e2-19aaa3fafb44"
      },
      "ResponseBody": null
    },
    {
      "RequestUri": "https://management.azure.com/subscriptions/db1ab6f0-4769-4b27-930e-01e2ef9c123c/providers/Microsoft.Storage/locations/westus2/asyncoperations/36cd82d4-4cea-4233-a694-b89daed04c32?monitor=true\u0026api-version=2022-05-01",
      "RequestMethod": "GET",
      "RequestHeaders": {
        "Authorization": "Sanitized",
        "traceparent": "00-d54da2edce43da4386be0897755bca2a-bb3b902f9de9304e-00",
        "User-Agent": "azsdk-net-ResourceManager/1.3.1 (.NET Core 3.1.30; Microsoft Windows 10.0.22621)",
        "x-ms-client-request-id": "389f2a4879cb8554fae6d6390e902f03",
        "x-ms-return-client-request-id": "true"
      },
      "RequestBody": null,
      "StatusCode": 202,
      "ResponseHeaders": {
        "Cache-Control": "no-cache",
        "Content-Length": "0",
        "Content-Type": "text/plain; charset=utf-8",
        "Date": "Mon, 17 Oct 2022 02:33:43 GMT",
        "Expires": "-1",
        "Location": "https://management.azure.com/subscriptions/db1ab6f0-4769-4b27-930e-01e2ef9c123c/providers/Microsoft.Storage/locations/westus2/asyncoperations/36cd82d4-4cea-4233-a694-b89daed04c32?monitor=true\u0026api-version=2022-05-01",
        "Pragma": "no-cache",
        "Retry-After": "17",
        "Server": "Microsoft-Azure-Storage-Resource-Provider/1.0,Microsoft-HTTPAPI/2.0 Microsoft-HTTPAPI/2.0",
        "Strict-Transport-Security": "max-age=31536000; includeSubDomains",
        "X-Content-Type-Options": "nosniff",
        "x-ms-client-request-id": "389f2a4879cb8554fae6d6390e902f03",
        "x-ms-correlation-request-id": "8e8facd3-a7a9-4c41-98ce-743ab6bf4fce",
        "x-ms-ratelimit-remaining-subscription-reads": "11909",
        "x-ms-request-id": "4a9db29b-6e14-4cc7-846e-3878a51b642a",
        "x-ms-routing-request-id": "SOUTHEASTASIA:20221017T023344Z:8e8facd3-a7a9-4c41-98ce-743ab6bf4fce"
      },
      "ResponseBody": null
    },
    {
      "RequestUri": "https://management.azure.com/subscriptions/db1ab6f0-4769-4b27-930e-01e2ef9c123c/providers/Microsoft.Storage/locations/westus2/asyncoperations/36cd82d4-4cea-4233-a694-b89daed04c32?monitor=true\u0026api-version=2022-05-01",
      "RequestMethod": "GET",
      "RequestHeaders": {
        "Authorization": "Sanitized",
        "traceparent": "00-d54da2edce43da4386be0897755bca2a-21a77956aed1844d-00",
        "User-Agent": "azsdk-net-ResourceManager/1.3.1 (.NET Core 3.1.30; Microsoft Windows 10.0.22621)",
        "x-ms-client-request-id": "2369e3735d5318f06b97ad2f4c1f1aff",
        "x-ms-return-client-request-id": "true"
      },
      "RequestBody": null,
      "StatusCode": 200,
      "ResponseHeaders": {
        "Cache-Control": "no-cache",
        "Content-Length": "1273",
        "Content-Type": "application/json",
        "Date": "Mon, 17 Oct 2022 02:34:01 GMT",
        "Expires": "-1",
        "Pragma": "no-cache",
        "Server": "Microsoft-Azure-Storage-Resource-Provider/1.0,Microsoft-HTTPAPI/2.0 Microsoft-HTTPAPI/2.0",
        "Strict-Transport-Security": "max-age=31536000; includeSubDomains",
        "X-Content-Type-Options": "nosniff",
        "x-ms-client-request-id": "2369e3735d5318f06b97ad2f4c1f1aff",
        "x-ms-correlation-request-id": "6f9adf23-fc1b-472c-8f42-b459677ec085",
        "x-ms-ratelimit-remaining-subscription-reads": "11908",
        "x-ms-request-id": "7fda740b-2480-4743-b9a1-80de3bdac931",
        "x-ms-routing-request-id": "SOUTHEASTASIA:20221017T023401Z:6f9adf23-fc1b-472c-8f42-b459677ec085"
      },
      "ResponseBody": {
        "sku": {
          "name": "Standard_LRS",
          "tier": "Standard"
        },
        "kind": "BlobStorage",
        "id": "/subscriptions/db1ab6f0-4769-4b27-930e-01e2ef9c123c/resourceGroups/MediaServiceRG5807/providers/Microsoft.Storage/storageAccounts/azstorageformedia704",
        "name": "azstorageformedia704",
        "type": "Microsoft.Storage/storageAccounts",
        "location": "westus2",
        "tags": {},
        "properties": {
          "keyCreationTime": {
            "key1": "2022-10-17T02:33:39.6740125Z",
            "key2": "2022-10-17T02:33:39.6740125Z"
          },
          "privateEndpointConnections": [],
          "minimumTlsVersion": "TLS1_0",
          "allowBlobPublicAccess": true,
          "networkAcls": {
            "bypass": "AzureServices",
            "virtualNetworkRules": [],
            "ipRules": [],
            "defaultAction": "Allow"
          },
          "supportsHttpsTrafficOnly": true,
          "encryption": {
            "services": {
              "file": {
                "keyType": "Account",
                "enabled": true,
                "lastEnabledTime": "2022-10-17T02:33:40.3458500Z"
              },
              "blob": {
                "keyType": "Account",
                "enabled": true,
                "lastEnabledTime": "2022-10-17T02:33:40.3458500Z"
              }
            },
            "keySource": "Microsoft.Storage"
          },
          "accessTier": "Hot",
          "provisioningState": "Succeeded",
          "creationTime": "2022-10-17T02:33:39.5802465Z",
          "primaryEndpoints": {
            "dfs": "https://azstorageformedia704.dfs.core.windows.net/",
            "blob": "https://azstorageformedia704.blob.core.windows.net/",
            "table": "https://azstorageformedia704.table.core.windows.net/"
          },
          "primaryLocation": "westus2",
          "statusOfPrimary": "available"
        }
      }
    },
    {
      "RequestUri": "https://management.azure.com/subscriptions/db1ab6f0-4769-4b27-930e-01e2ef9c123c/resourceGroups/MediaServiceRG5807/providers/Microsoft.Media/mediaservices/mediaforasset2678?api-version=2021-11-01",
      "RequestMethod": "PUT",
      "RequestHeaders": {
        "Accept": "application/json",
        "Authorization": "Sanitized",
        "Content-Length": "244",
        "Content-Type": "application/json",
        "traceparent": "00-d4a478959c15704ea55dac2b149a5522-84e5f31f09dbaa49-00",
        "User-Agent": "azsdk-net-ResourceManager.Media/1.1.0-alpha.20221017.1 (.NET Core 3.1.30; Microsoft Windows 10.0.22621)",
        "x-ms-client-request-id": "e40feb9e0afc7444e7817c1c6125d2dd",
        "x-ms-return-client-request-id": "true"
      },
      "RequestBody": {
        "tags": {},
        "location": "westus2",
        "properties": {
          "storageAccounts": [
            {
              "id": "/subscriptions/db1ab6f0-4769-4b27-930e-01e2ef9c123c/resourceGroups/MediaServiceRG5807/providers/Microsoft.Storage/storageAccounts/azstorageformedia704",
              "type": "Primary"
            }
          ]
        }
      },
      "StatusCode": 201,
      "ResponseHeaders": {
        "Azure-AsyncOperation": "https://management.azure.com/subscriptions/db1ab6f0-4769-4b27-930e-01e2ef9c123c/providers/Microsoft.Media/locations/westus2/mediaServicesOperationStatuses/3593a292-4710-4d7f-b394-a21b53abe359?api-version=2021-11-01",
        "Cache-Control": "no-cache",
        "Content-Length": "850",
        "Content-Type": "application/json; odata.metadata=minimal",
        "Date": "Mon, 17 Oct 2022 02:34:05 GMT",
        "Expires": "-1",
        "Location": "https://management.azure.com/subscriptions/db1ab6f0-4769-4b27-930e-01e2ef9c123c/providers/Microsoft.Media/locations/westus2/mediaServicesOperationResults/3593a292-4710-4d7f-b394-a21b53abe359?api-version=2021-11-01",
        "OData-Version": "4.0",
        "Pragma": "no-cache",
        "Retry-After": "30",
        "Server": "Microsoft-HTTPAPI/2.0",
        "Strict-Transport-Security": "max-age=31536000; includeSubDomains",
        "X-Content-Type-Options": "nosniff",
        "x-ms-client-request-id": "e40feb9e0afc7444e7817c1c6125d2dd",
        "x-ms-correlation-request-id": "09468a2a-0e0d-4dd7-b91e-f5d121ee90ab",
        "x-ms-ratelimit-remaining-subscription-writes": "1157",
        "x-ms-request-id": "6fad6575-ac91-4f96-b7d8-ffa3b7ccc009",
        "x-ms-routing-request-id": "SOUTHEASTASIA:20221017T023405Z:09468a2a-0e0d-4dd7-b91e-f5d121ee90ab"
      },
      "ResponseBody": {
        "name": "mediaforasset2678",
        "id": "/subscriptions/db1ab6f0-4769-4b27-930e-01e2ef9c123c/resourceGroups/MediaServiceRG5807/providers/Microsoft.Media/mediaservices/mediaforasset2678",
        "type": "Microsoft.Media/mediaservices",
        "location": "West US 2",
        "tags": {},
        "properties": {
          "mediaServiceId": "3d9c39a9-5a70-4034-b6dc-7b9bdc750ebe",
          "storageAccounts": [
            {
              "id": "/subscriptions/db1ab6f0-4769-4b27-930e-01e2ef9c123c/resourceGroups/MediaServiceRG5807/providers/Microsoft.Storage/storageAccounts/azstorageformedia704",
              "type": "Primary"
            }
          ],
          "storageAuthentication": "System",
          "keyDelivery": {
            "accessControl": {
              "defaultAction": "Allow",
              "ipAllowList": []
            }
          },
          "publicNetworkAccess": "Enabled",
          "provisioningState": "InProgress",
          "privateEndpointConnections": []
        }
      }
    },
    {
      "RequestUri": "https://management.azure.com/subscriptions/db1ab6f0-4769-4b27-930e-01e2ef9c123c/providers/Microsoft.Media/locations/westus2/mediaServicesOperationStatuses/3593a292-4710-4d7f-b394-a21b53abe359?api-version=2021-11-01",
      "RequestMethod": "GET",
      "RequestHeaders": {
        "Authorization": "Sanitized",
        "traceparent": "00-d4a478959c15704ea55dac2b149a5522-b5491d916b33f742-00",
        "User-Agent": "azsdk-net-ResourceManager/1.3.1 (.NET Core 3.1.30; Microsoft Windows 10.0.22621)",
        "x-ms-client-request-id": "a56fabd71e1fd97725ae6cdc73fc0972",
        "x-ms-return-client-request-id": "true"
      },
      "RequestBody": null,
      "StatusCode": 200,
      "ResponseHeaders": {
        "Cache-Control": "no-cache",
        "Content-Length": "329",
        "Content-Type": "application/json; odata.metadata=minimal; odata.streaming=true",
        "Date": "Mon, 17 Oct 2022 02:34:05 GMT",
        "Expires": "-1",
        "OData-Version": "4.0",
        "Pragma": "no-cache",
        "Server": "Microsoft-HTTPAPI/2.0",
        "Strict-Transport-Security": "max-age=31536000; includeSubDomains",
        "X-Content-Type-Options": "nosniff",
        "x-ms-client-request-id": "a56fabd71e1fd97725ae6cdc73fc0972",
        "x-ms-correlation-request-id": "d707339e-9663-4eda-b888-37d659f7afbd",
        "x-ms-ratelimit-remaining-subscription-reads": "11907",
        "x-ms-request-id": "084416c0-afb6-4d83-bb2a-742fc227beb4",
        "x-ms-routing-request-id": "SOUTHEASTASIA:20221017T023405Z:d707339e-9663-4eda-b888-37d659f7afbd"
      },
      "ResponseBody": {
        "name": "3593a292-4710-4d7f-b394-a21b53abe359",
        "id": "/subscriptions/db1ab6f0-4769-4b27-930e-01e2ef9c123c/providers/Microsoft.Media/locations/westus2/mediaServicesOperationStatuses/3593a292-4710-4d7f-b394-a21b53abe359",
        "startTime": "2022-10-17T02:34:03.2043619Z",
        "endTime": "2022-10-17T02:34:03.5793712Z",
        "status": "Succeeded"
      }
    },
    {
      "RequestUri": "https://management.azure.com/subscriptions/db1ab6f0-4769-4b27-930e-01e2ef9c123c/resourceGroups/MediaServiceRG5807/providers/Microsoft.Media/mediaservices/mediaforasset2678?api-version=2021-11-01",
      "RequestMethod": "GET",
      "RequestHeaders": {
        "Authorization": "Sanitized",
        "traceparent": "00-d4a478959c15704ea55dac2b149a5522-660cdb977fcca742-00",
        "User-Agent": "azsdk-net-ResourceManager/1.3.1 (.NET Core 3.1.30; Microsoft Windows 10.0.22621)",
        "x-ms-client-request-id": "2f6b52da932b013e00d55d2ed6784fae",
        "x-ms-return-client-request-id": "true"
      },
      "RequestBody": null,
      "StatusCode": 200,
      "ResponseHeaders": {
        "Cache-Control": "no-cache",
        "Content-Length": "877",
        "Content-Type": "application/json; odata.metadata=minimal; odata.streaming=true",
        "Date": "Mon, 17 Oct 2022 02:34:06 GMT",
        "Expires": "-1",
        "OData-Version": "4.0",
        "Pragma": "no-cache",
        "Server": "Microsoft-HTTPAPI/2.0",
        "Strict-Transport-Security": "max-age=31536000; includeSubDomains",
        "X-Content-Type-Options": "nosniff",
        "x-ms-client-request-id": "2f6b52da932b013e00d55d2ed6784fae",
        "x-ms-correlation-request-id": "97a4c913-73fe-4ebe-9569-66310303772a",
        "x-ms-ratelimit-remaining-subscription-reads": "11906",
        "x-ms-request-id": "23d93324-896e-4f71-84ae-63b9946ba211",
        "x-ms-routing-request-id": "SOUTHEASTASIA:20221017T023406Z:97a4c913-73fe-4ebe-9569-66310303772a"
      },
      "ResponseBody": {
        "name": "mediaforasset2678",
        "id": "/subscriptions/db1ab6f0-4769-4b27-930e-01e2ef9c123c/resourceGroups/MediaServiceRG5807/providers/Microsoft.Media/mediaservices/mediaforasset2678",
        "type": "Microsoft.Media/mediaservices",
        "location": "West US 2",
        "properties": {
          "mediaServiceId": "3d9c39a9-5a70-4034-b6dc-7b9bdc750ebe",
          "storageAccounts": [
            {
              "id": "/subscriptions/db1ab6f0-4769-4b27-930e-01e2ef9c123c/resourceGroups/MediaServiceRG5807/providers/Microsoft.Storage/storageAccounts/azstorageformedia704",
              "type": "Primary"
            }
          ],
          "storageAuthentication": "System",
          "encryption": {
            "type": "SystemKey"
          },
          "keyDelivery": {
            "accessControl": {
              "defaultAction": "Allow",
              "ipAllowList": []
            }
          },
          "publicNetworkAccess": "Enabled",
          "provisioningState": "Succeeded",
          "privateEndpointConnections": []
        }
      }
    },
    {
      "RequestUri": "https://management.azure.com/subscriptions/db1ab6f0-4769-4b27-930e-01e2ef9c123c/resourceGroups/MediaServiceRG5807/providers/Microsoft.Media/mediaServices/mediaforasset2678/assets/asset9176?api-version=2022-08-01",
      "RequestMethod": "PUT",
      "RequestHeaders": {
        "Accept": "application/json",
        "Authorization": "Sanitized",
        "Content-Length": "17",
        "Content-Type": "application/json",
        "traceparent": "00-54e1644265656249bd1dbb431317ec24-93c05693ac1a9d4e-00",
        "User-Agent": "azsdk-net-ResourceManager.Media/1.1.0-alpha.20221017.1 (.NET Core 3.1.30; Microsoft Windows 10.0.22621)",
        "x-ms-client-request-id": "b5b644b0bd2d78c21645a1300ec58ac3",
        "x-ms-return-client-request-id": "true"
      },
      "RequestBody": {
        "properties": {}
      },
      "StatusCode": 201,
      "ResponseHeaders": {
        "Cache-Control": "no-cache",
        "Content-Length": "756",
        "Content-Type": "application/json; odata.metadata=minimal",
        "Date": "Mon, 17 Oct 2022 02:34:06 GMT",
        "Expires": "-1",
        "OData-Version": "4.0",
        "Pragma": "no-cache",
        "Server": "Microsoft-HTTPAPI/2.0",
        "Strict-Transport-Security": "max-age=31536000; includeSubDomains",
        "X-Content-Type-Options": "nosniff",
        "x-ms-client-request-id": "b5b644b0bd2d78c21645a1300ec58ac3",
        "x-ms-correlation-request-id": "10652f8e-de87-4063-ab9d-ce431ac0008a",
        "x-ms-ratelimit-remaining-subscription-resource-requests": "11997",
        "x-ms-request-id": "6755bad9-482c-42bd-9c23-b73a3eaf8e33",
        "x-ms-routing-request-id": "SOUTHEASTASIA:20221017T023406Z:10652f8e-de87-4063-ab9d-ce431ac0008a"
      },
      "ResponseBody": {
        "name": "asset9176",
        "id": "/subscriptions/db1ab6f0-4769-4b27-930e-01e2ef9c123c/resourceGroups/MediaServiceRG5807/providers/Microsoft.Media/mediaservices/mediaforasset2678/assets/asset9176",
        "type": "Microsoft.Media/mediaservices/assets",
        "properties": {
          "assetId": "87dead34-2b97-44f2-a77b-1d83ff9f9944",
          "created": "2022-10-17T02:34:05.46Z",
          "lastModified": "2022-10-17T02:34:05.46Z",
          "storageAccountName": "azstorageformedia704",
          "storageEncryptionFormat": "None"
        },
        "systemData": {
          "createdBy": "8e6d47e0-7969-4fde-a62c-4fea4f165e98",
          "createdByType": "Application",
          "createdAt": "2022-10-17T02:34:06.3764587Z",
          "lastModifiedBy": "8e6d47e0-7969-4fde-a62c-4fea4f165e98",
          "lastModifiedByType": "Application",
          "lastModifiedAt": "2022-10-17T02:34:06.3764587Z"
        }
      }
    }
  ],
  "Variables": {
    "AZURE_AUTHORITY_HOST": "https://login.microsoftonline.com",
    "RandomSeed": "539351328",
    "RESOURCE_MANAGER_URL": null,
    "SUBSCRIPTION_ID": "db1ab6f0-4769-4b27-930e-01e2ef9c123c"
  }
}
