{
  "Entries": [
    {
      "RequestUri": "https://management.azure.com/subscriptions/0b1f6471-1bf0-4dda-aec3-cb9272f09590/resourcegroups/Default-AppConfiguration-9840?api-version=2017-05-10",
      "RequestMethod": "PUT",
      "RequestHeaders": {
        "Accept": "application/json",
        "Authorization": "Sanitized",
        "Content-Length": "21",
        "Content-Type": "application/json",
        "traceparent": "00-5cb711f294e84848b74f021713f71524-ba63c958873a2e41-00",
        "User-Agent": "azsdk-net-ResourceManager.AppConfiguration.Tests/1.0.0-alpha.20200922.1 (.NET Framework 4.8.4220.0; Microsoft Windows 10.0.19041 )",
        "x-ms-client-request-id": "2f18b81f2019788fd56ad59160d6974d",
        "x-ms-return-client-request-id": "true"
      },
      "RequestBody": {
        "location": "eastus"
      },
      "StatusCode": 201,
      "ResponseHeaders": {
        "Cache-Control": "no-cache",
        "Content-Length": "211",
        "Content-Type": "application/json; charset=utf-8",
        "Date": "Tue, 22 Sep 2020 06:39:02 GMT",
        "Expires": "-1",
        "Pragma": "no-cache",
        "Strict-Transport-Security": "max-age=31536000; includeSubDomains",
        "X-Content-Type-Options": "nosniff",
        "x-ms-correlation-request-id": "1986a02e-b652-4a8b-8f54-0cc855e5727c",
        "x-ms-ratelimit-remaining-subscription-writes": "1191",
        "x-ms-request-id": "1986a02e-b652-4a8b-8f54-0cc855e5727c",
        "x-ms-routing-request-id": "SOUTHEASTASIA:20200922T063902Z:1986a02e-b652-4a8b-8f54-0cc855e5727c"
      },
      "ResponseBody": {
        "id": "/subscriptions/0b1f6471-1bf0-4dda-aec3-cb9272f09590/resourceGroups/Default-AppConfiguration-9840",
        "name": "Default-AppConfiguration-9840",
        "location": "eastus",
        "properties": {
          "provisioningState": "Succeeded"
        }
      }
    },
    {
      "RequestUri": "https://management.azure.com/subscriptions/0b1f6471-1bf0-4dda-aec3-cb9272f09590/resourceGroups/Default-AppConfiguration-9840/providers/Microsoft.AppConfiguration/configurationStores/configuration7101?api-version=2020-06-01",
      "RequestMethod": "PUT",
      "RequestHeaders": {
        "Accept": "application/json",
        "Authorization": "Sanitized",
        "Content-Length": "63",
        "Content-Type": "application/json",
        "traceparent": "00-ac96b0748b824d47be3ab45e796c56e9-a476aed348d0ad46-00",
        "User-Agent": "azsdk-net-ResourceManager.AppConfiguration/1.0.0-alpha.20200922.1 (.NET Framework 4.8.4220.0; Microsoft Windows 10.0.19041 )",
        "x-ms-client-request-id": "7be4dca0b4738b5ab3610e7d82541a0a",
        "x-ms-return-client-request-id": "true"
      },
      "RequestBody": {
        "sku": {
          "name": "Standard"
        },
        "location": "westus",
        "properties": {}
      },
      "StatusCode": 201,
      "ResponseHeaders": {
        "Azure-AsyncOperation": "https://management.azure.com/subscriptions/0b1f6471-1bf0-4dda-aec3-cb9272f09590/providers/Microsoft.AppConfiguration/locations/westus/operationsStatus/3579200c-a8e7-fb96-9f7a-f8ff699aa5bd?api-version=2020-06-01",
        "Cache-Control": "no-cache",
        "Content-Length": "469",
        "Content-Type": "application/json; charset=utf-8",
        "Date": "Tue, 22 Sep 2020 06:39:06 GMT",
        "Expires": "-1",
        "Pragma": "no-cache",
        "Retry-After": "10",
        "Server": "nginx/1.17.10",
        "Strict-Transport-Security": "max-age=31536000; includeSubDomains",
        "X-Content-Type-Options": "nosniff",
        "x-ms-client-request-id": "7be4dca0b4738b5ab3610e7d82541a0a",
        "x-ms-correlation-request-id": "aa16a204-0d68-460d-88c2-ad1c1e46f2d5",
        "x-ms-ratelimit-remaining-subscription-writes": "1190",
        "x-ms-request-id": "1def7d61-8224-47cb-bd25-16b5e14ffdcf",
        "x-ms-routing-request-id": "SOUTHEASTASIA:20200922T063906Z:aa16a204-0d68-460d-88c2-ad1c1e46f2d5"
      },
      "ResponseBody": {
        "type": "Microsoft.AppConfiguration/configurationStores",
        "properties": {
          "provisioningState": "Creating",
          "creationDate": "2020-09-22T06:39:04.8297273\u002B00:00",
          "endpoint": null,
          "encryption": null,
          "privateEndpointConnections": null
        },
        "sku": null,
        "id": "/subscriptions/0b1f6471-1bf0-4dda-aec3-cb9272f09590/resourceGroups/Default-AppConfiguration-9840/providers/Microsoft.AppConfiguration/configurationStores/configuration7101",
        "name": "configuration7101",
        "location": "westus",
        "tags": {}
      }
    },
    {
      "RequestUri": "https://management.azure.com/subscriptions/0b1f6471-1bf0-4dda-aec3-cb9272f09590/providers/Microsoft.AppConfiguration/locations/westus/operationsStatus/3579200c-a8e7-fb96-9f7a-f8ff699aa5bd?api-version=2020-06-01",
      "RequestMethod": "GET",
      "RequestHeaders": {
        "Authorization": "Sanitized",
        "User-Agent": "azsdk-net-ResourceManager.AppConfiguration/1.0.0-alpha.20200922.1 (.NET Framework 4.8.4220.0; Microsoft Windows 10.0.19041 )",
        "x-ms-client-request-id": "c45891d0118503abbea366be81fb5316",
        "x-ms-return-client-request-id": "true"
      },
      "RequestBody": null,
      "StatusCode": 200,
      "ResponseHeaders": {
        "Azure-AsyncOperation": "https://management.azure.com/subscriptions/0b1f6471-1bf0-4dda-aec3-cb9272f09590/providers/Microsoft.AppConfiguration/locations/westus/operationsStatus/3579200c-a8e7-fb96-9f7a-f8ff699aa5bd?api-version=2020-06-01",
        "Cache-Control": "no-cache",
        "Content-Length": "248",
        "Content-Type": "application/json; charset=utf-8",
        "Date": "Tue, 22 Sep 2020 06:39:06 GMT",
        "Expires": "-1",
        "Pragma": "no-cache",
        "Server": "nginx/1.17.10",
        "Strict-Transport-Security": "max-age=31536000; includeSubDomains",
        "X-Content-Type-Options": "nosniff",
        "x-ms-client-request-id": "c45891d0118503abbea366be81fb5316",
        "x-ms-correlation-request-id": "f3547429-8d08-400d-aadb-6eaa5121ef26",
        "x-ms-ratelimit-remaining-subscription-reads": "11916",
        "x-ms-request-id": "eea9034f-6ce4-4ced-9126-6905b65c2105",
        "x-ms-routing-request-id": "SOUTHEASTASIA:20200922T063906Z:f3547429-8d08-400d-aadb-6eaa5121ef26"
      },
      "ResponseBody": {
        "id": "/subscriptions/0b1f6471-1bf0-4dda-aec3-cb9272f09590/providers/Microsoft.AppConfiguration/locations/westus/operationsStatus/3579200c-a8e7-fb96-9f7a-f8ff699aa5bd",
        "name": "3579200c-a8e7-fb96-9f7a-f8ff699aa5bd",
        "status": "Succeeded",
        "error": null
      }
    },
    {
      "RequestUri": "https://management.azure.com/subscriptions/0b1f6471-1bf0-4dda-aec3-cb9272f09590/resourceGroups/Default-AppConfiguration-9840/providers/Microsoft.AppConfiguration/configurationStores/configuration7101?api-version=2020-06-01",
      "RequestMethod": "GET",
      "RequestHeaders": {
        "Authorization": "Sanitized",
        "User-Agent": "azsdk-net-ResourceManager.AppConfiguration/1.0.0-alpha.20200922.1 (.NET Framework 4.8.4220.0; Microsoft Windows 10.0.19041 )",
        "x-ms-client-request-id": "9b7187bb770d9c487bec5ba547248824",
        "x-ms-return-client-request-id": "true"
      },
      "RequestBody": null,
      "StatusCode": 200,
      "ResponseHeaders": {
        "Cache-Control": "no-cache",
        "Content-Length": "535",
        "Content-Type": "application/json; charset=utf-8",
        "Date": "Tue, 22 Sep 2020 06:39:06 GMT",
        "ETag": "W/\u00228f00c6d0-0000-0700-0000-5f699c090000\u0022",
        "Expires": "-1",
        "Pragma": "no-cache",
        "Server": "nginx/1.17.10",
        "Strict-Transport-Security": "max-age=31536000; includeSubDomains",
        "Vary": "Accept-Encoding",
        "X-Content-Type-Options": "nosniff",
        "x-ms-client-request-id": "9b7187bb770d9c487bec5ba547248824",
        "x-ms-correlation-request-id": "166e8bed-3778-45ac-9347-ac1cc48137b5",
        "x-ms-ratelimit-remaining-subscription-reads": "11915",
        "x-ms-request-id": "82e6036d-d772-469a-96d5-81a2ca441559",
        "x-ms-routing-request-id": "SOUTHEASTASIA:20200922T063906Z:166e8bed-3778-45ac-9347-ac1cc48137b5"
      },
      "ResponseBody": {
        "type": "Microsoft.AppConfiguration/configurationStores",
        "properties": {
          "provisioningState": "Succeeded",
          "creationDate": "2020-09-22T06:39:06\u002B00:00",
          "endpoint": "https://configuration7101.azconfig.io",
          "encryption": {
            "keyVaultProperties": null
          },
          "privateEndpointConnections": null
        },
        "sku": {
          "name": "standard"
        },
        "id": "/subscriptions/0b1f6471-1bf0-4dda-aec3-cb9272f09590/resourceGroups/default-appconfiguration-9840/providers/Microsoft.AppConfiguration/configurationStores/configuration7101",
        "name": "configuration7101",
        "location": "westus",
        "tags": {}
      }
    },
    {
      "RequestUri": "https://management.azure.com/subscriptions/0b1f6471-1bf0-4dda-aec3-cb9272f09590/resourceGroups/Default-AppConfiguration-9840/providers/Microsoft.AppConfiguration/configurationStores/configuration7101/ListKeys?api-version=2020-06-01",
      "RequestMethod": "POST",
      "RequestHeaders": {
        "Accept": "application/json",
        "Authorization": "Sanitized",
        "User-Agent": "azsdk-net-ResourceManager.AppConfiguration/1.0.0-alpha.20200922.1 (.NET Framework 4.8.4220.0; Microsoft Windows 10.0.19041 )",
        "x-ms-client-request-id": "f0ac055f55fcdd858f8517e59da27624",
        "x-ms-return-client-request-id": "true"
      },
      "RequestBody": null,
      "StatusCode": 200,
      "ResponseHeaders": {
        "Cache-Control": "no-cache",
        "Content-Length": "1361",
        "Content-Type": "application/json; charset=utf-8",
        "Date": "Tue, 22 Sep 2020 06:39:06 GMT",
        "Expires": "-1",
        "Pragma": "no-cache",
        "Server": "nginx/1.17.10",
        "Strict-Transport-Security": "max-age=31536000; includeSubDomains",
        "Vary": "Accept-Encoding",
        "X-Content-Type-Options": "nosniff",
        "x-ms-client-request-id": "f0ac055f55fcdd858f8517e59da27624",
        "x-ms-correlation-request-id": "f94d0388-7aa0-4c93-97ff-7c9d8fce97cf",
        "x-ms-ratelimit-remaining-subscription-writes": "1199",
        "x-ms-request-id": "93f2dd3f-b3a0-4181-92a7-08dc1022696a",
        "x-ms-routing-request-id": "SOUTHEASTASIA:20200922T063907Z:f94d0388-7aa0-4c93-97ff-7c9d8fce97cf"
      },
      "ResponseBody": {
        "value": [
          {
            "id": "GnkB-l1-s0:S7VGcGVus9tA2vXOo1tT",
            "name": "Primary",
            "value": "nTAj\u002BkKN9EkwQCuuZRLmJaVHtzjjTXDsmCNVzyLeDJ4=",
            "connectionString": "Endpoint=https://configuration7101.azconfig.io;Id=GnkB-l1-s0:S7VGcGVus9tA2vXOo1tT;Secret=nTAj\u002BkKN9EkwQCuuZRLmJaVHtzjjTXDsmCNVzyLeDJ4=",
            "lastModified": "2020-09-22T06:39:04\u002B00:00",
            "readOnly": false
          },
          {
            "id": "uB2f-l1-s0:SMvsz955iqukO2jCtZpV",
            "name": "Secondary",
            "value": "sUzaDx0s4v9bMP2kh/7o3TJ03nC0jsF3bdRGlGuzMko=",
            "connectionString": "Endpoint=https://configuration7101.azconfig.io;Id=uB2f-l1-s0:SMvsz955iqukO2jCtZpV;Secret=sUzaDx0s4v9bMP2kh/7o3TJ03nC0jsF3bdRGlGuzMko=",
            "lastModified": "2020-09-22T06:39:04\u002B00:00",
            "readOnly": false
          },
          {
            "id": "OXbm-l1-s0:XtJvU/kCF9EsxlwzrnVk",
            "name": "Primary Read Only",
            "value": "KYsPbIvOo0SuzhdMhu9DWOTFyjR/95HmV8oTA9d6p3Q=",
            "connectionString": "Endpoint=https://configuration7101.azconfig.io;Id=OXbm-l1-s0:XtJvU/kCF9EsxlwzrnVk;Secret=KYsPbIvOo0SuzhdMhu9DWOTFyjR/95HmV8oTA9d6p3Q=",
            "lastModified": "2020-09-22T06:39:04\u002B00:00",
            "readOnly": true
          },
          {
            "id": "VXJk-l1-s0:ui4O2DzjFRcAU/pGSikt",
            "name": "Secondary Read Only",
            "value": "So4Wv\u002B0oodf08Vl2an6zxQ3rktATk52vMT06m4ZWVds=",
            "connectionString": "Endpoint=https://configuration7101.azconfig.io;Id=VXJk-l1-s0:ui4O2DzjFRcAU/pGSikt;Secret=So4Wv\u002B0oodf08Vl2an6zxQ3rktATk52vMT06m4ZWVds=",
            "lastModified": "2020-09-22T06:39:04\u002B00:00",
            "readOnly": true
          }
        ],
        "nextLink": null
      }
    },
    {
      "RequestUri": "https://management.azure.com/subscriptions/0b1f6471-1bf0-4dda-aec3-cb9272f09590/resourceGroups/Default-AppConfiguration-9840/providers/Microsoft.AppConfiguration/configurationStores/configuration7101/RegenerateKey?api-version=2020-06-01",
      "RequestMethod": "POST",
      "RequestHeaders": {
        "Accept": "application/json",
        "Authorization": "Sanitized",
        "Content-Length": "40",
        "Content-Type": "application/json",
        "traceparent": "00-74896166cabfae45b3481708b0706c0b-b9beef86d4053e4c-00",
        "User-Agent": "azsdk-net-ResourceManager.AppConfiguration/1.0.0-alpha.20200922.1 (.NET Framework 4.8.4220.0; Microsoft Windows 10.0.19041 )",
        "x-ms-client-request-id": "7b7a567a671d59fa48bb4899b505bc99",
        "x-ms-return-client-request-id": "true"
      },
      "RequestBody": {
        "id": "GnkB-l1-s0:S7VGcGVus9tA2vXOo1tT"
      },
      "StatusCode": 200,
      "ResponseHeaders": {
        "Cache-Control": "no-cache",
        "Content-Length": "327",
        "Content-Type": "application/json; charset=utf-8",
        "Date": "Tue, 22 Sep 2020 06:39:07 GMT",
        "Expires": "-1",
        "Pragma": "no-cache",
        "Server": "nginx/1.17.10",
        "Strict-Transport-Security": "max-age=31536000; includeSubDomains",
        "Vary": "Accept-Encoding",
        "X-Content-Type-Options": "nosniff",
        "x-ms-client-request-id": "7b7a567a671d59fa48bb4899b505bc99",
        "x-ms-correlation-request-id": "ed96e85a-53ea-4d2f-bb1b-de89f1525c87",
        "x-ms-ratelimit-remaining-subscription-writes": "1198",
        "x-ms-request-id": "6ebd14ab-49ac-41d7-a471-6f64900981f2",
        "x-ms-routing-request-id": "SOUTHEASTASIA:20200922T063907Z:ed96e85a-53ea-4d2f-bb1b-de89f1525c87"
      },
      "ResponseBody": {
        "id": "na6u-l1-s0:C1wuWAcmTfBo3Uci9BGk",
        "name": "Primary",
        "value": "9m\u002BuAQvWMJbe/nKZa3upM5dQbfd7enZjZd4y6kM3ycY=",
        "connectionString": "Endpoint=https://configuration7101.azconfig.io;Id=na6u-l1-s0:C1wuWAcmTfBo3Uci9BGk;Secret=9m\u002BuAQvWMJbe/nKZa3upM5dQbfd7enZjZd4y6kM3ycY=",
        "lastModified": "2020-09-22T06:39:07\u002B00:00",
        "readOnly": false
      }
    }
  ],
  "Variables": {
    "RandomSeed": "1509312020",
    "SUBSCRIPTION_ID": "0b1f6471-1bf0-4dda-aec3-cb9272f09590"
  }
}