{
  "Entries": [
    {
      "RequestUri": "https://formrecognizersdk.ppe.cognitiveservices.azure.com/formrecognizer/documentModels:build?api-version=2022-06-30-preview",
      "RequestMethod": "POST",
      "RequestHeaders": {
        "Accept": "application/json",
        "Content-Length": "226",
        "Content-Type": "application/json",
        "Ocp-Apim-Subscription-Key": "Sanitized",
        "traceparent": "00-3adff6ddac8688e691b1d6cdfa51ed6b-35a89ad198b7dfaf-00",
        "User-Agent": "azsdk-net-AI.FormRecognizer/4.0.0-alpha.20220520.1 (.NET 6.0.5; Microsoft Windows 10.0.22000)",
        "x-ms-client-request-id": "346e34f3e38eb31ab8a0050aa98ce35f",
        "x-ms-return-client-request-id": "true"
      },
      "RequestBody": {
        "modelId": "1209692163",
        "description": "This is a test model.",
        "buildMode": "template",
        "azureBlobSource": {
          "containerUrl": "Sanitized"
        },
        "tags": {
          "ordinary tag": "an ordinary tag",
          "crazy tag": "a CRAZY tag 123!@#$%^\u0026*()[]{}\\/?.,\u003C\u003E"
        }
      },
      "StatusCode": 202,
      "ResponseHeaders": {
        "apim-request-id": "087f3caa-9920-43d4-96e2-bd916aa1e060",
        "Content-Length": "0",
        "Date": "Fri, 20 May 2022 22:42:35 GMT",
        "operation-location": "https://formrecognizersdk.ppe.cognitiveservices.azure.com/formrecognizer/operations/31513281450_087f3caa-9920-43d4-96e2-bd916aa1e060?api-version=2022-06-30-preview",
        "Strict-Transport-Security": "max-age=31536000; includeSubDomains; preload",
        "X-Content-Type-Options": "nosniff",
        "x-envoy-upstream-service-time": "5394"
      },
      "ResponseBody": null
    },
    {
      "RequestUri": "https://formrecognizersdk.ppe.cognitiveservices.azure.com/formrecognizer/operations/31513281450_087f3caa-9920-43d4-96e2-bd916aa1e060?api-version=2022-06-30-preview",
      "RequestMethod": "GET",
      "RequestHeaders": {
        "Accept": "application/json",
        "Ocp-Apim-Subscription-Key": "Sanitized",
        "User-Agent": "azsdk-net-AI.FormRecognizer/4.0.0-alpha.20220520.1 (.NET 6.0.5; Microsoft Windows 10.0.22000)",
        "x-ms-client-request-id": "4d4d86c040e48f19af5d619f09a80470",
        "x-ms-return-client-request-id": "true"
      },
      "RequestBody": null,
      "StatusCode": 200,
      "ResponseHeaders": {
        "apim-request-id": "d3475622-981f-4627-adf7-fbca86f1e534",
        "Content-Type": "application/json; charset=utf-8",
        "Date": "Fri, 20 May 2022 22:42:35 GMT",
        "Strict-Transport-Security": "max-age=31536000; includeSubDomains; preload",
        "Transfer-Encoding": "chunked",
        "X-Content-Type-Options": "nosniff",
        "x-envoy-upstream-service-time": "91"
      },
      "ResponseBody": {
        "operationId": "31513281450_087f3caa-9920-43d4-96e2-bd916aa1e060",
        "kind": "documentModelBuild",
        "status": "running",
        "createdDateTime": "2022-05-20T22:42:29Z",
        "lastUpdatedDateTime": "2022-05-20T22:42:35Z",
        "resourceLocation": "https://formrecognizersdk.ppe.cognitiveservices.azure.com/formrecognizer/documentModels/1209692163?api-version=2022-06-30-preview",
        "tags": {
          "ordinary tag": "an ordinary tag",
          "crazy tag": "a CRAZY tag 123!@#$%^\u0026*()[]{}\\/?.,\u003C\u003E"
        }
      }
    },
    {
      "RequestUri": "https://formrecognizersdk.ppe.cognitiveservices.azure.com/formrecognizer/operations/31513281450_087f3caa-9920-43d4-96e2-bd916aa1e060?api-version=2022-06-30-preview",
      "RequestMethod": "GET",
      "RequestHeaders": {
        "Accept": "application/json",
        "Ocp-Apim-Subscription-Key": "Sanitized",
        "User-Agent": "azsdk-net-AI.FormRecognizer/4.0.0-alpha.20220520.1 (.NET 6.0.5; Microsoft Windows 10.0.22000)",
        "x-ms-client-request-id": "6f7781611b40c87c75b222909380948e",
        "x-ms-return-client-request-id": "true"
      },
      "RequestBody": null,
      "StatusCode": 200,
      "ResponseHeaders": {
        "apim-request-id": "ece1a525-3b50-4376-9e02-3741f10a1a28",
        "Content-Type": "application/json; charset=utf-8",
        "Date": "Fri, 20 May 2022 22:42:37 GMT",
        "Strict-Transport-Security": "max-age=31536000; includeSubDomains; preload",
        "Transfer-Encoding": "chunked",
        "X-Content-Type-Options": "nosniff",
        "x-envoy-upstream-service-time": "142"
      },
      "ResponseBody": {
        "operationId": "31513281450_087f3caa-9920-43d4-96e2-bd916aa1e060",
        "kind": "documentModelBuild",
        "status": "running",
        "createdDateTime": "2022-05-20T22:42:29Z",
        "lastUpdatedDateTime": "2022-05-20T22:42:35Z",
        "resourceLocation": "https://formrecognizersdk.ppe.cognitiveservices.azure.com/formrecognizer/documentModels/1209692163?api-version=2022-06-30-preview",
        "tags": {
          "ordinary tag": "an ordinary tag",
          "crazy tag": "a CRAZY tag 123!@#$%^\u0026*()[]{}\\/?.,\u003C\u003E"
        }
      }
    },
    {
      "RequestUri": "https://formrecognizersdk.ppe.cognitiveservices.azure.com/formrecognizer/operations/31513281450_087f3caa-9920-43d4-96e2-bd916aa1e060?api-version=2022-06-30-preview",
      "RequestMethod": "GET",
      "RequestHeaders": {
        "Accept": "application/json",
        "Ocp-Apim-Subscription-Key": "Sanitized",
        "User-Agent": "azsdk-net-AI.FormRecognizer/4.0.0-alpha.20220520.1 (.NET 6.0.5; Microsoft Windows 10.0.22000)",
        "x-ms-client-request-id": "3a6f04499e66b31f1bde8531827baa10",
        "x-ms-return-client-request-id": "true"
      },
      "RequestBody": null,
      "StatusCode": 200,
      "ResponseHeaders": {
        "apim-request-id": "6fa290e3-1cf8-4221-8cfe-1d34e57918b9",
        "Content-Type": "application/json; charset=utf-8",
        "Date": "Fri, 20 May 2022 22:42:38 GMT",
        "Strict-Transport-Security": "max-age=31536000; includeSubDomains; preload",
        "Transfer-Encoding": "chunked",
        "X-Content-Type-Options": "nosniff",
        "x-envoy-upstream-service-time": "27"
      },
      "ResponseBody": {
        "operationId": "31513281450_087f3caa-9920-43d4-96e2-bd916aa1e060",
        "kind": "documentModelBuild",
        "status": "succeeded",
        "createdDateTime": "2022-05-20T22:42:29Z",
        "lastUpdatedDateTime": "2022-05-20T22:42:37Z",
        "resourceLocation": "https://formrecognizersdk.ppe.cognitiveservices.azure.com/formrecognizer/documentModels/1209692163?api-version=2022-06-30-preview",
        "percentCompleted": 100,
        "result": {
          "docTypes": {
            "1209692163": {
              "fieldSchema": {
                "Merchant": {
                  "type": "string"
                },
                "PhoneNumber": {
                  "type": "string"
                },
                "Website": {
                  "type": "string"
                },
                "Email": {
                  "type": "string"
                },
                "PurchaseOrderNumber": {
                  "type": "string"
                },
                "DatedAs": {
                  "type": "string"
                },
                "VendorName": {
                  "type": "string"
                },
                "CompanyName": {
                  "type": "string"
                },
                "CompanyAddress": {
                  "type": "string"
                },
                "CompanyPhoneNumber": {
                  "type": "string"
                },
                "Subtotal": {
                  "type": "string"
                },
                "Tax": {
                  "type": "string"
                },
                "Total": {
                  "type": "string"
                },
                "Signature": {
                  "type": "string"
                },
                "Quantity": {
                  "type": "number"
                },
                "FullSignature": {
                  "type": "signature"
                }
              },
              "buildMode": "template",
              "fieldConfidence": {
                "CompanyAddress": 0.8,
                "CompanyName": 0.995,
                "CompanyPhoneNumber": 0.995,
                "DatedAs": 0.995,
                "Email": 0.8,
                "FullSignature": 0.6,
                "Merchant": 0.995,
                "PhoneNumber": 0.995,
                "PurchaseOrderNumber": 0.995,
                "Quantity": 0.995,
                "Signature": 0.995,
                "Subtotal": 0.995,
                "Tax": 0.995,
                "Total": 0.995,
                "VendorName": 0.995,
                "Website": 0.995
              }
            }
          },
          "modelId": "1209692163",
          "createdDateTime": "2022-05-20T22:42:37Z",
          "apiVersion": "2022-06-30-preview",
          "description": "This is a test model.",
          "tags": {
            "ordinary tag": "an ordinary tag",
            "crazy tag": "a CRAZY tag 123!@#$%^\u0026*()[]{}\\/?.,\u003C\u003E"
          }
        },
        "tags": {
          "ordinary tag": "an ordinary tag",
          "crazy tag": "a CRAZY tag 123!@#$%^\u0026*()[]{}\\/?.,\u003C\u003E"
        }
      }
    },
    {
      "RequestUri": "https://formrecognizersdk.ppe.cognitiveservices.azure.com/formrecognizer/documentModels/1209692163?api-version=2022-06-30-preview",
      "RequestMethod": "GET",
      "RequestHeaders": {
        "Accept": "application/json",
        "Ocp-Apim-Subscription-Key": "Sanitized",
        "traceparent": "00-43ef61599a722fa8de9ec216314eb0b8-d2883a19c72201e7-00",
        "User-Agent": "azsdk-net-AI.FormRecognizer/4.0.0-alpha.20220520.1 (.NET 6.0.5; Microsoft Windows 10.0.22000)",
        "x-ms-client-request-id": "28a9959c7315a51f0984d8311d89fc2e",
        "x-ms-return-client-request-id": "true"
      },
      "RequestBody": null,
      "StatusCode": 200,
      "ResponseHeaders": {
        "apim-request-id": "22ce0a14-4a58-4d59-b3fc-da52f34ea140",
        "Content-Type": "application/json; charset=utf-8",
        "Date": "Fri, 20 May 2022 22:42:38 GMT",
        "Strict-Transport-Security": "max-age=31536000; includeSubDomains; preload",
        "Transfer-Encoding": "chunked",
        "X-Content-Type-Options": "nosniff",
        "x-envoy-upstream-service-time": "37"
      },
      "ResponseBody": {
        "docTypes": {
          "1209692163": {
            "fieldSchema": {
              "Merchant": {
                "type": "string"
              },
              "PhoneNumber": {
                "type": "string"
              },
              "Website": {
                "type": "string"
              },
              "Email": {
                "type": "string"
              },
              "PurchaseOrderNumber": {
                "type": "string"
              },
              "DatedAs": {
                "type": "string"
              },
              "VendorName": {
                "type": "string"
              },
              "CompanyName": {
                "type": "string"
              },
              "CompanyAddress": {
                "type": "string"
              },
              "CompanyPhoneNumber": {
                "type": "string"
              },
              "Subtotal": {
                "type": "string"
              },
              "Tax": {
                "type": "string"
              },
              "Total": {
                "type": "string"
              },
              "Signature": {
                "type": "string"
              },
              "Quantity": {
                "type": "number"
              },
              "FullSignature": {
                "type": "signature"
              }
            },
            "buildMode": "template",
            "fieldConfidence": {
              "CompanyAddress": 0.8,
              "CompanyName": 0.995,
              "CompanyPhoneNumber": 0.995,
              "DatedAs": 0.995,
              "Email": 0.8,
              "FullSignature": 0.6,
              "Merchant": 0.995,
              "PhoneNumber": 0.995,
              "PurchaseOrderNumber": 0.995,
              "Quantity": 0.995,
              "Signature": 0.995,
              "Subtotal": 0.995,
              "Tax": 0.995,
              "Total": 0.995,
              "VendorName": 0.995,
              "Website": 0.995
            }
          }
        },
        "modelId": "1209692163",
        "createdDateTime": "2022-05-20T22:42:37Z",
        "apiVersion": "2022-06-30-preview",
        "description": "This is a test model.",
        "tags": {
          "ordinary tag": "an ordinary tag",
          "crazy tag": "a CRAZY tag 123!@#$%^\u0026*()[]{}\\/?.,\u003C\u003E"
        }
      }
    },
    {
      "RequestUri": "https://formrecognizersdk.ppe.cognitiveservices.azure.com/formrecognizer/documentModels?api-version=2022-06-30-preview",
      "RequestMethod": "GET",
      "RequestHeaders": {
        "Accept": "application/json",
        "Ocp-Apim-Subscription-Key": "Sanitized",
        "traceparent": "00-85e2ea043ecd75acfd190deaf69fc1c4-0cc30cce27a1fdc6-00",
        "User-Agent": "azsdk-net-AI.FormRecognizer/4.0.0-alpha.20220520.1 (.NET 6.0.5; Microsoft Windows 10.0.22000)",
        "x-ms-client-request-id": "0555d3c8c938c20962c45462954b46f9",
        "x-ms-return-client-request-id": "true"
      },
      "RequestBody": null,
      "StatusCode": 200,
      "ResponseHeaders": {
        "apim-request-id": "d56b0dce-84c5-4d62-ba48-0692b532423e",
        "Content-Type": "application/json; charset=utf-8",
        "Date": "Fri, 20 May 2022 22:42:39 GMT",
        "Strict-Transport-Security": "max-age=31536000; includeSubDomains; preload",
        "Transfer-Encoding": "chunked",
        "X-Content-Type-Options": "nosniff",
        "x-envoy-upstream-service-time": "515"
      },
      "ResponseBody": {
        "value": [
          {
            "modelId": "prebuilt-businessCard",
            "createdDateTime": "2022-06-30T00:00:00Z",
            "apiVersion": "2022-06-30-preview",
            "description": "Prebuilt model to extract key information from English business cards, including personal contact info, company name, job title, and more."
          },
          {
            "modelId": "prebuilt-document",
            "createdDateTime": "2022-06-30T00:00:00Z",
            "apiVersion": "2022-06-30-preview",
            "description": "Prebuilt model to extract text, selection marks, tables, entities, and general key-value pairs."
          },
          {
            "modelId": "prebuilt-healthInsuranceCard.us",
            "createdDateTime": "2022-03-30T00:00:00Z",
            "apiVersion": "2022-06-30-preview",
            "description": "Prebuilt model to extract key information from US Health Insurance cards."
          },
          {
            "modelId": "prebuilt-idDocument",
            "createdDateTime": "2022-06-30T00:00:00Z",
            "apiVersion": "2022-06-30-preview",
            "description": "Prebuilt model to extract key information from US driver licenses and international passports."
          },
          {
            "modelId": "prebuilt-invoice",
            "createdDateTime": "2022-06-30T00:00:00Z",
            "apiVersion": "2022-06-30-preview",
            "description": "Prebuilt model to extract key information from English invoices, including customer, vendor, invoice ID, due date, total, and more."
          },
          {
            "modelId": "prebuilt-layout",
            "createdDateTime": "2022-06-30T00:00:00Z",
            "apiVersion": "2022-06-30-preview",
            "description": "Prebuilt model to extract text, selection marks, tables, and other layout information."
          },
          {
            "modelId": "prebuilt-read",
            "createdDateTime": "2022-06-30T00:00:00Z",
            "apiVersion": "2022-06-30-preview",
            "description": "Prebuilt model to extract text from documents."
          },
          {
            "modelId": "prebuilt-receipt",
            "createdDateTime": "2022-06-30T00:00:00Z",
            "apiVersion": "2022-06-30-preview",
            "description": "Prebuilt model to extract key information from English receipts, including merchant name, transaction date, transaction total, and more."
          },
          {
            "modelId": "prebuilt-tax.us.w2",
            "createdDateTime": "2022-06-30T00:00:00Z",
            "apiVersion": "2022-06-30-preview",
            "description": "Prebuilt model to extract key information from IRS US W2 tax forms (year 2018-2021)"
          },
          {
            "modelId": "prebuilt-vaccinationCard",
            "createdDateTime": "2022-03-30T00:00:00Z",
            "apiVersion": "2022-06-30-preview",
            "description": "Prebuilt model to extract key information from the US CDC Covid-19 vaccination cards."
          },
          {
            "modelId": "1209692163",
            "createdDateTime": "2022-05-20T22:42:37Z",
            "apiVersion": "2022-06-30-preview",
            "description": "This is a test model.",
            "tags": {
              "ordinary tag": "an ordinary tag",
              "crazy tag": "a CRAZY tag 123!@#$%^\u0026*()[]{}\\/?.,\u003C\u003E"
            }
          },
          {
            "modelId": "2124291841",
            "createdDateTime": "2022-05-20T22:23:45Z",
            "apiVersion": "2022-06-30-preview"
          },
          {
            "modelId": "28572756-402f-44ea-991b-0b02cae02f17",
            "createdDateTime": "2022-05-20T19:26:50Z",
            "apiVersion": "2022-06-30-preview"
          },
          {
            "modelId": "349422738",
            "createdDateTime": "2022-05-20T21:46:07Z",
            "apiVersion": "2022-06-30-preview"
          },
          {
            "modelId": "583b77ef-b6ea-47aa-b2e7-a4d6b423e127",
            "createdDateTime": "2022-05-20T19:24:21Z",
            "apiVersion": "2022-06-30-preview"
          },
          {
            "modelId": "1311906493",
            "createdDateTime": "2022-05-20T21:47:10Z",
            "apiVersion": "2022-06-30-preview"
          },
          {
            "modelId": "dfc7c68a-71a3-4f2f-beb9-b717a4a49257",
            "createdDateTime": "2022-05-20T19:26:04Z",
            "apiVersion": "2022-06-30-preview"
          },
          {
            "modelId": "1611797200",
            "createdDateTime": "2022-05-20T21:46:14Z",
            "apiVersion": "2022-06-30-preview"
          },
          {
            "modelId": "1320960452",
            "createdDateTime": "2022-05-20T22:24:12Z",
            "apiVersion": "2022-06-30-preview"
          },
          {
            "modelId": "746948428",
            "createdDateTime": "2022-05-20T22:23:53Z",
            "apiVersion": "2022-06-30-preview"
          },
          {
            "modelId": "1166100637",
            "createdDateTime": "2022-05-20T22:24:02Z",
            "apiVersion": "2022-06-30-preview"
          },
          {
            "modelId": "599703190",
            "createdDateTime": "2022-05-20T22:32:45Z",
            "apiVersion": "2022-06-30-preview"
          },
          {
            "modelId": "ce5ac5cb-c5fe-48d2-9d92-cbc9714b0fa2",
            "createdDateTime": "2022-05-20T19:24:21Z",
            "apiVersion": "2022-06-30-preview"
          },
          {
            "modelId": "699358290",
            "createdDateTime": "2022-05-20T21:45:39Z",
            "apiVersion": "2022-06-30-preview"
          },
          {
            "modelId": "2007776436",
            "createdDateTime": "2022-05-20T22:28:25Z",
            "apiVersion": "2022-06-30-preview"
          },
          {
            "modelId": "2128575452",
            "createdDateTime": "2022-05-20T21:47:03Z",
            "apiVersion": "2022-06-30-preview",
            "tags": {
              "ordinary tag": "an ordinary tag",
              "crazy tag": "a CRAZY tag 123!@#$%^\u0026*()[]{}\\/?.,\u003C\u003E"
            }
          },
          {
            "modelId": "873402363",
            "createdDateTime": "2022-05-20T22:28:16Z",
            "apiVersion": "2022-06-30-preview"
          },
          {
            "modelId": "1783061604",
            "createdDateTime": "2022-05-20T22:28:44Z",
            "apiVersion": "2022-06-30-preview"
          },
          {
            "modelId": "422555072",
            "createdDateTime": "2022-05-20T21:46:29Z",
            "apiVersion": "2022-06-30-preview"
          },
          {
            "modelId": "bbc3ffe6-22d1-48e3-8ba5-e60b07fe9400",
            "createdDateTime": "2022-05-20T19:26:04Z",
            "apiVersion": "2022-06-30-preview"
          },
          {
            "modelId": "741252736",
            "createdDateTime": "2022-05-20T22:17:50Z",
            "apiVersion": "2022-06-30-preview",
            "tags": {
              "ordinary tag": "an ordinary tag",
              "crazy tag": "a CRAZY tag 123!@#$%^\u0026*()[]{}\\/?.,\u003C\u003E"
            }
          },
          {
            "modelId": "1865946473",
            "createdDateTime": "2022-05-20T22:28:34Z",
            "apiVersion": "2022-06-30-preview"
          },
          {
            "modelId": "814669322",
            "createdDateTime": "2022-05-20T21:47:13Z",
            "apiVersion": "2022-06-30-preview"
          }
        ]
      }
    },
    {
      "RequestUri": "https://formrecognizersdk.ppe.cognitiveservices.azure.com/formrecognizer/documentModels/1209692163?api-version=2022-06-30-preview",
      "RequestMethod": "DELETE",
      "RequestHeaders": {
        "Accept": "application/json",
        "Ocp-Apim-Subscription-Key": "Sanitized",
        "traceparent": "00-c39394ecd71daa2af3666c5001b97ec8-c49861acae4012a8-00",
        "User-Agent": "azsdk-net-AI.FormRecognizer/4.0.0-alpha.20220520.1 (.NET 6.0.5; Microsoft Windows 10.0.22000)",
        "x-ms-client-request-id": "fdf312086cd7d679e5ca31e1c6ed9592",
        "x-ms-return-client-request-id": "true"
      },
      "RequestBody": null,
      "StatusCode": 204,
      "ResponseHeaders": {
        "apim-request-id": "dd275364-5819-4849-82ff-7344c5a521f0",
        "Content-Length": "0",
        "Date": "Fri, 20 May 2022 22:42:39 GMT",
        "Strict-Transport-Security": "max-age=31536000; includeSubDomains; preload",
        "X-Content-Type-Options": "nosniff",
        "x-envoy-upstream-service-time": "79"
      },
      "ResponseBody": null
    },
    {
      "RequestUri": "https://formrecognizersdk.ppe.cognitiveservices.azure.com/formrecognizer/documentModels/1209692163?api-version=2022-06-30-preview",
      "RequestMethod": "GET",
      "RequestHeaders": {
        "Accept": "application/json",
        "Ocp-Apim-Subscription-Key": "Sanitized",
        "traceparent": "00-0a9f40353be6efccca15057bad433cc8-6f2cbb548812721f-00",
        "User-Agent": "azsdk-net-AI.FormRecognizer/4.0.0-alpha.20220520.1 (.NET 6.0.5; Microsoft Windows 10.0.22000)",
        "x-ms-client-request-id": "ae6957e2a425d2d78ce6c6501ebc0fbe",
        "x-ms-return-client-request-id": "true"
      },
      "RequestBody": null,
      "StatusCode": 404,
      "ResponseHeaders": {
        "apim-request-id": "e1b79640-87a6-44c6-947a-bf8b232acd68",
        "Content-Type": "application/json",
        "Date": "Fri, 20 May 2022 22:42:39 GMT",
        "Strict-Transport-Security": "max-age=31536000; includeSubDomains; preload",
        "Transfer-Encoding": "chunked",
        "X-Content-Type-Options": "nosniff",
        "x-envoy-upstream-service-time": "23"
      },
      "ResponseBody": {
        "error": {
          "code": "NotFound",
          "message": "Resource not found.",
          "innererror": {
            "code": "ModelNotFound",
            "message": "The requested model was not found."
          }
        }
      }
    }
  ],
  "Variables": {
    "FORM_RECOGNIZER_API_KEY": "Sanitized",
    "FORM_RECOGNIZER_BLOB_CONTAINER_SAS_URL": "https://sanitized.blob.core.windows.net",
    "FORM_RECOGNIZER_ENDPOINT": "https://formrecognizersdk.ppe.cognitiveservices.azure.com/",
    "RandomSeed": "1023710020"
  }
}
