{
  "Entries": [
    {
      "RequestUri": "https://camaiaor-formrec-canadacentral.cognitiveservices.azure.com/formrecognizer/documentModels:build?api-version=2022-08-31",
      "RequestMethod": "POST",
      "RequestHeaders": {
        "Accept": "application/json",
        "Content-Length": "93",
        "Content-Type": "application/json",
        "Ocp-Apim-Subscription-Key": "Sanitized",
        "traceparent": "00-20fe2438eb825a3e9af129896c957301-77e9cabfe52ad8a4-00",
        "User-Agent": "azsdk-net-AI.FormRecognizer/4.0.0-alpha.20220815.1 (.NET 6.0.8; Microsoft Windows 10.0.22000)",
        "x-ms-client-request-id": "a888ff466b7c8a64e94b214b04b93678",
        "x-ms-return-client-request-id": "true"
      },
      "RequestBody": {
        "modelId": "800834401",
        "buildMode": "template",
        "azureBlobSource": {
          "containerUrl": "Sanitized"
        }
      },
      "StatusCode": 202,
      "ResponseHeaders": {
        "apim-request-id": "a7f77376-3eb1-4ee0-8817-b29548f54551",
        "Content-Length": "0",
        "Date": "Tue, 16 Aug 2022 06:33:51 GMT",
        "operation-location": "https://camaiaor-formrec-canadacentral.cognitiveservices.azure.com/formrecognizer/operations/31505736371_a7f77376-3eb1-4ee0-8817-b29548f54551?api-version=2022-08-31",
        "Strict-Transport-Security": "max-age=31536000; includeSubDomains; preload",
        "X-Content-Type-Options": "nosniff",
        "x-envoy-upstream-service-time": "3700"
      },
      "ResponseBody": null
    },
    {
      "RequestUri": "https://camaiaor-formrec-canadacentral.cognitiveservices.azure.com/formrecognizer/operations/31505736371_a7f77376-3eb1-4ee0-8817-b29548f54551?api-version=2022-08-31",
      "RequestMethod": "GET",
      "RequestHeaders": {
        "Accept": "application/json",
        "Ocp-Apim-Subscription-Key": "Sanitized",
        "traceparent": "00-20fe2438eb825a3e9af129896c957301-91cd0d354802c409-00",
        "User-Agent": "azsdk-net-AI.FormRecognizer/4.0.0-alpha.20220815.1 (.NET 6.0.8; Microsoft Windows 10.0.22000)",
        "x-ms-client-request-id": "5de06f1db4402ae26050cc6c4db45adf",
        "x-ms-return-client-request-id": "true"
      },
      "RequestBody": null,
      "StatusCode": 200,
      "ResponseHeaders": {
        "apim-request-id": "5ffbd626-954d-4b44-b92e-28eb66266928",
        "Content-Type": "application/json; charset=utf-8",
        "Date": "Tue, 16 Aug 2022 06:33:51 GMT",
        "Strict-Transport-Security": "max-age=31536000; includeSubDomains; preload",
        "Transfer-Encoding": "chunked",
        "X-Content-Type-Options": "nosniff",
        "x-envoy-upstream-service-time": "19"
      },
      "ResponseBody": {
        "operationId": "31505736371_a7f77376-3eb1-4ee0-8817-b29548f54551",
        "kind": "documentModelBuild",
        "status": "notStarted",
        "createdDateTime": "2022-08-16T06:33:48Z",
        "lastUpdatedDateTime": "2022-08-16T06:33:48Z",
        "resourceLocation": "https://camaiaor-formrec-canadacentral.cognitiveservices.azure.com/formrecognizer/documentModels/800834401?api-version=2022-08-31"
      }
    },
    {
      "RequestUri": "https://camaiaor-formrec-canadacentral.cognitiveservices.azure.com/formrecognizer/operations/31505736371_a7f77376-3eb1-4ee0-8817-b29548f54551?api-version=2022-08-31",
      "RequestMethod": "GET",
      "RequestHeaders": {
        "Accept": "application/json",
        "Ocp-Apim-Subscription-Key": "Sanitized",
        "traceparent": "00-20fe2438eb825a3e9af129896c957301-2bb3c3de67c213af-00",
        "User-Agent": "azsdk-net-AI.FormRecognizer/4.0.0-alpha.20220815.1 (.NET 6.0.8; Microsoft Windows 10.0.22000)",
        "x-ms-client-request-id": "3ea9757b19715969753631aab1484a48",
        "x-ms-return-client-request-id": "true"
      },
      "RequestBody": null,
      "StatusCode": 200,
      "ResponseHeaders": {
        "apim-request-id": "90cf4bb7-f2f3-4373-96b5-3edd83affc62",
        "Content-Type": "application/json; charset=utf-8",
        "Date": "Tue, 16 Aug 2022 06:33:52 GMT",
        "Strict-Transport-Security": "max-age=31536000; includeSubDomains; preload",
        "Transfer-Encoding": "chunked",
        "X-Content-Type-Options": "nosniff",
        "x-envoy-upstream-service-time": "22"
      },
      "ResponseBody": {
        "operationId": "31505736371_a7f77376-3eb1-4ee0-8817-b29548f54551",
        "kind": "documentModelBuild",
        "status": "running",
        "createdDateTime": "2022-08-16T06:33:48Z",
        "lastUpdatedDateTime": "2022-08-16T06:33:52Z",
        "resourceLocation": "https://camaiaor-formrec-canadacentral.cognitiveservices.azure.com/formrecognizer/documentModels/800834401?api-version=2022-08-31"
      }
    },
    {
      "RequestUri": "https://camaiaor-formrec-canadacentral.cognitiveservices.azure.com/formrecognizer/operations/31505736371_a7f77376-3eb1-4ee0-8817-b29548f54551?api-version=2022-08-31",
      "RequestMethod": "GET",
      "RequestHeaders": {
        "Accept": "application/json",
        "Ocp-Apim-Subscription-Key": "Sanitized",
        "traceparent": "00-20fe2438eb825a3e9af129896c957301-150f5fe851f5507c-00",
        "User-Agent": "azsdk-net-AI.FormRecognizer/4.0.0-alpha.20220815.1 (.NET 6.0.8; Microsoft Windows 10.0.22000)",
        "x-ms-client-request-id": "02e32378987691201d5e482b9ff83d34",
        "x-ms-return-client-request-id": "true"
      },
      "RequestBody": null,
      "StatusCode": 200,
      "ResponseHeaders": {
        "apim-request-id": "0e1394b2-3d1f-41ab-922e-55dd483a2581",
        "Content-Type": "application/json; charset=utf-8",
        "Date": "Tue, 16 Aug 2022 06:33:54 GMT",
        "Strict-Transport-Security": "max-age=31536000; includeSubDomains; preload",
        "Transfer-Encoding": "chunked",
        "X-Content-Type-Options": "nosniff",
        "x-envoy-upstream-service-time": "16"
      },
      "ResponseBody": {
        "operationId": "31505736371_a7f77376-3eb1-4ee0-8817-b29548f54551",
        "kind": "documentModelBuild",
        "status": "succeeded",
        "createdDateTime": "2022-08-16T06:33:48Z",
        "lastUpdatedDateTime": "2022-08-16T06:33:54Z",
        "resourceLocation": "https://camaiaor-formrec-canadacentral.cognitiveservices.azure.com/formrecognizer/documentModels/800834401?api-version=2022-08-31",
        "percentCompleted": 100,
        "result": {
          "docTypes": {
            "800834401": {
              "fieldSchema": {
                "Merchant": {
                  "type": "string"
                },
                "PhoneNumber": {
                  "type": "string"
                },
                "Website": {
                  "type": "string"
                },
                "Email": {
                  "type": "string"
                },
                "PurchaseOrderNumber": {
                  "type": "string"
                },
                "DatedAs": {
                  "type": "string"
                },
                "VendorName": {
                  "type": "string"
                },
                "CompanyName": {
                  "type": "string"
                },
                "CompanyAddress": {
                  "type": "string"
                },
                "CompanyPhoneNumber": {
                  "type": "string"
                },
                "Subtotal": {
                  "type": "string"
                },
                "Tax": {
                  "type": "string"
                },
                "Total": {
                  "type": "string"
                },
                "Signature": {
                  "type": "string"
                },
                "Quantity": {
                  "type": "number"
                },
                "FullSignature": {
                  "type": "signature"
                }
              },
              "buildMode": "template",
              "fieldConfidence": {
                "CompanyAddress": 0.8,
                "CompanyName": 0.995,
                "CompanyPhoneNumber": 0.995,
                "DatedAs": 0.995,
                "Email": 0.8,
                "FullSignature": 0.6,
                "Merchant": 0.995,
                "PhoneNumber": 0.995,
                "PurchaseOrderNumber": 0.995,
                "Quantity": 0.995,
                "Signature": 0.995,
                "Subtotal": 0.995,
                "Tax": 0.995,
                "Total": 0.995,
                "VendorName": 0.995,
                "Website": 0.995
              }
            }
          },
          "modelId": "800834401",
          "createdDateTime": "2022-08-16T06:33:54Z",
          "apiVersion": "2022-08-31"
        }
      }
    },
    {
      "RequestUri": "https://camaiaor-formrec-canadacentral.cognitiveservices.azure.com/formrecognizer/documentModels:compose?api-version=2022-08-31",
      "RequestMethod": "POST",
      "RequestHeaders": {
        "Accept": "application/json",
        "Content-Length": "118",
        "Content-Type": "application/json",
        "Ocp-Apim-Subscription-Key": "Sanitized",
        "traceparent": "00-b290af719d191c68a7e7e2efac465d83-a84e42dc4737db41-00",
        "User-Agent": "azsdk-net-AI.FormRecognizer/4.0.0-alpha.20220815.1 (.NET 6.0.8; Microsoft Windows 10.0.22000)",
        "x-ms-client-request-id": "0f8ed04207f7060387e70a8237791806",
        "x-ms-return-client-request-id": "true"
      },
      "RequestBody": {
        "modelId": "992591601",
        "componentModels": [
          {
            "modelId": "800834401"
          },
          {
            "modelId": "00000000-0000-0000-0000-000000000000"
          }
        ]
      },
      "StatusCode": 400,
      "ResponseHeaders": {
        "apim-request-id": "81447be9-1e0a-4e53-aeca-b533f4564512",
        "Content-Type": "application/json",
        "Date": "Tue, 16 Aug 2022 06:33:54 GMT",
        "Strict-Transport-Security": "max-age=31536000; includeSubDomains; preload",
        "Transfer-Encoding": "chunked",
        "X-Content-Type-Options": "nosniff",
        "x-envoy-upstream-service-time": "215"
      },
      "ResponseBody": {
        "error": {
          "code": "InvalidRequest",
          "message": "Invalid request.",
          "innererror": {
            "code": "ModelComposeError",
            "message": "Could not compose the model: Requested model \u002700000000-0000-0000-0000-000000000000\u0027 does not exist."
          }
        }
      }
    },
    {
      "RequestUri": "https://camaiaor-formrec-canadacentral.cognitiveservices.azure.com/formrecognizer/documentModels/800834401?api-version=2022-08-31",
      "RequestMethod": "DELETE",
      "RequestHeaders": {
        "Accept": "application/json",
        "Ocp-Apim-Subscription-Key": "Sanitized",
        "traceparent": "00-e268bcb43c3274757fcffb402c640d8f-23cf8907633ef528-00",
        "User-Agent": "azsdk-net-AI.FormRecognizer/4.0.0-alpha.20220815.1 (.NET 6.0.8; Microsoft Windows 10.0.22000)",
        "x-ms-client-request-id": "d129f483695755e3172113d13db97df9",
        "x-ms-return-client-request-id": "true"
      },
      "RequestBody": null,
      "StatusCode": 204,
      "ResponseHeaders": {
        "apim-request-id": "e5c7aaf0-6018-4389-b361-e47a8b2890f4",
        "Content-Length": "0",
        "Date": "Tue, 16 Aug 2022 06:33:54 GMT",
        "Strict-Transport-Security": "max-age=31536000; includeSubDomains; preload",
        "X-Content-Type-Options": "nosniff",
        "x-envoy-upstream-service-time": "58"
      },
      "ResponseBody": null
    }
  ],
  "Variables": {
    "FORM_RECOGNIZER_API_KEY": "Sanitized",
    "FORM_RECOGNIZER_BLOB_CONTAINER_SAS_URL": "https://sanitized.blob.core.windows.net",
    "FORM_RECOGNIZER_ENDPOINT": "https://camaiaor-formrec-canadacentral.cognitiveservices.azure.com/",
    "RandomSeed": "201339393"
  }
}
