{
  "Entries": [
    {
      "RequestUri": "https://mariari-centraluseuap.cognitiveservices.azure.com/formrecognizer/documentModels:build?api-version=2021-09-30-preview",
      "RequestMethod": "POST",
      "RequestHeaders": {
        "Accept": "application/json",
        "Content-Length": "71",
        "Content-Type": "application/json",
        "Ocp-Apim-Subscription-Key": "Sanitized",
        "traceparent": "00-b9b4f93debf37c46a05ae7701a7ed5a1-1824ea3bb271994d-00",
        "User-Agent": "azsdk-net-AI.FormRecognizer/4.0.0-alpha.20211015.1 (.NET Framework 4.8.4300.0; Microsoft Windows 10.0.19043 )",
        "x-ms-client-request-id": "c1033fb3ac3796e817f42505c7e95340",
        "x-ms-return-client-request-id": "true"
      },
      "RequestBody": {
        "modelId": "1940613656",
        "azureBlobSource": {
          "containerUrl": "Sanitized"
        }
      },
      "StatusCode": 202,
      "ResponseHeaders": {
        "apim-request-id": "3ea19a76-9ed6-4273-bfd2-cad1aec5ff29",
        "Content-Length": "0",
        "Date": "Fri, 15 Oct 2021 20:07:11 GMT",
        "operation-location": "https://mariari-centraluseuap.cognitiveservices.azure.com/formrecognizer/operations/31532039570_3ea19a76-9ed6-4273-bfd2-cad1aec5ff29?api-version=2021-09-30-preview",
        "Strict-Transport-Security": "max-age=31536000; includeSubDomains; preload",
        "x-content-type-options": "nosniff",
        "x-envoy-upstream-service-time": "2526"
      },
      "ResponseBody": []
    },
    {
      "RequestUri": "https://mariari-centraluseuap.cognitiveservices.azure.com/formrecognizer/operations/31532039570_3ea19a76-9ed6-4273-bfd2-cad1aec5ff29?api-version=2021-09-30-preview",
      "RequestMethod": "GET",
      "RequestHeaders": {
        "Accept": "application/json",
        "Ocp-Apim-Subscription-Key": "Sanitized",
        "User-Agent": "azsdk-net-AI.FormRecognizer/4.0.0-alpha.20211015.1 (.NET Framework 4.8.4300.0; Microsoft Windows 10.0.19043 )",
        "x-ms-client-request-id": "8313a465201cfc9f9dcf0e11a347f9bf",
        "x-ms-return-client-request-id": "true"
      },
      "RequestBody": null,
      "StatusCode": 200,
      "ResponseHeaders": {
        "apim-request-id": "007fd0be-e8fc-40b5-82cb-7ce19d80a5a2",
        "Content-Type": "application/json; charset=utf-8",
        "Date": "Fri, 15 Oct 2021 20:07:12 GMT",
        "Strict-Transport-Security": "max-age=31536000; includeSubDomains; preload",
        "Transfer-Encoding": "chunked",
        "x-content-type-options": "nosniff",
        "x-envoy-upstream-service-time": "37"
      },
      "ResponseBody": [
        "{\n",
        "  \u0022operationId\u0022: \u002231532039570_3ea19a76-9ed6-4273-bfd2-cad1aec5ff29\u0022,\n",
        "  \u0022kind\u0022: \u0022documentModelBuild\u0022,\n",
        "  \u0022status\u0022: \u0022notStarted\u0022,\n",
        "  \u0022createdDateTime\u0022: \u00222021-10-15T20:07:10Z\u0022,\n",
        "  \u0022lastUpdatedDateTime\u0022: \u00222021-10-15T20:07:10Z\u0022,\n",
        "  \u0022resourceLocation\u0022: \u0022https://mariari-centraluseuap.cognitiveservices.azure.com/formrecognizer/documentModels/1940613656?api-version=2021-09-30-preview\u0022\n",
        "}"
      ]
    },
    {
      "RequestUri": "https://mariari-centraluseuap.cognitiveservices.azure.com/formrecognizer/operations/31532039570_3ea19a76-9ed6-4273-bfd2-cad1aec5ff29?api-version=2021-09-30-preview",
      "RequestMethod": "GET",
      "RequestHeaders": {
        "Accept": "application/json",
        "Ocp-Apim-Subscription-Key": "Sanitized",
        "User-Agent": "azsdk-net-AI.FormRecognizer/4.0.0-alpha.20211015.1 (.NET Framework 4.8.4300.0; Microsoft Windows 10.0.19043 )",
        "x-ms-client-request-id": "22c0ae3d89abe96583aed998e924b3b8",
        "x-ms-return-client-request-id": "true"
      },
      "RequestBody": null,
      "StatusCode": 200,
      "ResponseHeaders": {
        "apim-request-id": "fd9ba3ce-c6de-45b2-9d6a-2c4489779306",
        "Content-Type": "application/json; charset=utf-8",
        "Date": "Fri, 15 Oct 2021 20:07:14 GMT",
        "Strict-Transport-Security": "max-age=31536000; includeSubDomains; preload",
        "Transfer-Encoding": "chunked",
        "x-content-type-options": "nosniff",
        "x-envoy-upstream-service-time": "50"
      },
      "ResponseBody": [
        "{\n",
        "  \u0022operationId\u0022: \u002231532039570_3ea19a76-9ed6-4273-bfd2-cad1aec5ff29\u0022,\n",
        "  \u0022kind\u0022: \u0022documentModelBuild\u0022,\n",
        "  \u0022status\u0022: \u0022running\u0022,\n",
        "  \u0022createdDateTime\u0022: \u00222021-10-15T20:07:10Z\u0022,\n",
        "  \u0022lastUpdatedDateTime\u0022: \u00222021-10-15T20:07:13Z\u0022,\n",
        "  \u0022resourceLocation\u0022: \u0022https://mariari-centraluseuap.cognitiveservices.azure.com/formrecognizer/documentModels/1940613656?api-version=2021-09-30-preview\u0022\n",
        "}"
      ]
    },
    {
      "RequestUri": "https://mariari-centraluseuap.cognitiveservices.azure.com/formrecognizer/operations/31532039570_3ea19a76-9ed6-4273-bfd2-cad1aec5ff29?api-version=2021-09-30-preview",
      "RequestMethod": "GET",
      "RequestHeaders": {
        "Accept": "application/json",
        "Ocp-Apim-Subscription-Key": "Sanitized",
        "User-Agent": "azsdk-net-AI.FormRecognizer/4.0.0-alpha.20211015.1 (.NET Framework 4.8.4300.0; Microsoft Windows 10.0.19043 )",
        "x-ms-client-request-id": "69475afc923a93fc9f0723679ed7f2d0",
        "x-ms-return-client-request-id": "true"
      },
      "RequestBody": null,
      "StatusCode": 200,
      "ResponseHeaders": {
        "apim-request-id": "2dbe8dd6-826b-46db-82f7-0720e07a3a25",
        "Content-Type": "application/json; charset=utf-8",
        "Date": "Fri, 15 Oct 2021 20:07:15 GMT",
        "Strict-Transport-Security": "max-age=31536000; includeSubDomains; preload",
        "Transfer-Encoding": "chunked",
        "x-content-type-options": "nosniff",
        "x-envoy-upstream-service-time": "39"
      },
      "ResponseBody": [
        "{\n",
        "  \u0022operationId\u0022: \u002231532039570_3ea19a76-9ed6-4273-bfd2-cad1aec5ff29\u0022,\n",
        "  \u0022kind\u0022: \u0022documentModelBuild\u0022,\n",
        "  \u0022status\u0022: \u0022running\u0022,\n",
        "  \u0022createdDateTime\u0022: \u00222021-10-15T20:07:10Z\u0022,\n",
        "  \u0022lastUpdatedDateTime\u0022: \u00222021-10-15T20:07:13Z\u0022,\n",
        "  \u0022resourceLocation\u0022: \u0022https://mariari-centraluseuap.cognitiveservices.azure.com/formrecognizer/documentModels/1940613656?api-version=2021-09-30-preview\u0022\n",
        "}"
      ]
    },
    {
      "RequestUri": "https://mariari-centraluseuap.cognitiveservices.azure.com/formrecognizer/operations/31532039570_3ea19a76-9ed6-4273-bfd2-cad1aec5ff29?api-version=2021-09-30-preview",
      "RequestMethod": "GET",
      "RequestHeaders": {
        "Accept": "application/json",
        "Ocp-Apim-Subscription-Key": "Sanitized",
        "User-Agent": "azsdk-net-AI.FormRecognizer/4.0.0-alpha.20211015.1 (.NET Framework 4.8.4300.0; Microsoft Windows 10.0.19043 )",
        "x-ms-client-request-id": "18c765fb3129db943e2a006d46061279",
        "x-ms-return-client-request-id": "true"
      },
      "RequestBody": null,
      "StatusCode": 200,
      "ResponseHeaders": {
        "apim-request-id": "4e83c8fa-bb3f-4578-8163-2d2be2f0de3e",
        "Content-Type": "application/json; charset=utf-8",
        "Date": "Fri, 15 Oct 2021 20:07:16 GMT",
        "Strict-Transport-Security": "max-age=31536000; includeSubDomains; preload",
        "Transfer-Encoding": "chunked",
        "x-content-type-options": "nosniff",
        "x-envoy-upstream-service-time": "33"
      },
      "ResponseBody": [
        "{\n",
        "  \u0022operationId\u0022: \u002231532039570_3ea19a76-9ed6-4273-bfd2-cad1aec5ff29\u0022,\n",
        "  \u0022kind\u0022: \u0022documentModelBuild\u0022,\n",
        "  \u0022status\u0022: \u0022succeeded\u0022,\n",
        "  \u0022createdDateTime\u0022: \u00222021-10-15T20:07:10Z\u0022,\n",
        "  \u0022lastUpdatedDateTime\u0022: \u00222021-10-15T20:07:15Z\u0022,\n",
        "  \u0022resourceLocation\u0022: \u0022https://mariari-centraluseuap.cognitiveservices.azure.com/formrecognizer/documentModels/1940613656?api-version=2021-09-30-preview\u0022,\n",
        "  \u0022percentCompleted\u0022: 100,\n",
        "  \u0022result\u0022: {\n",
        "    \u0022docTypes\u0022: {\n",
        "      \u00221940613656\u0022: {\n",
        "        \u0022fieldSchema\u0022: {\n",
        "          \u0022Merchant\u0022: {\n",
        "            \u0022type\u0022: \u0022string\u0022\n",
        "          },\n",
        "          \u0022PhoneNumber\u0022: {\n",
        "            \u0022type\u0022: \u0022string\u0022\n",
        "          },\n",
        "          \u0022Website\u0022: {\n",
        "            \u0022type\u0022: \u0022string\u0022\n",
        "          },\n",
        "          \u0022Email\u0022: {\n",
        "            \u0022type\u0022: \u0022string\u0022\n",
        "          },\n",
        "          \u0022PurchaseOrderNumber\u0022: {\n",
        "            \u0022type\u0022: \u0022string\u0022\n",
        "          },\n",
        "          \u0022DatedAs\u0022: {\n",
        "            \u0022type\u0022: \u0022string\u0022\n",
        "          },\n",
        "          \u0022VendorName\u0022: {\n",
        "            \u0022type\u0022: \u0022string\u0022\n",
        "          },\n",
        "          \u0022CompanyName\u0022: {\n",
        "            \u0022type\u0022: \u0022string\u0022\n",
        "          },\n",
        "          \u0022CompanyAddress\u0022: {\n",
        "            \u0022type\u0022: \u0022string\u0022\n",
        "          },\n",
        "          \u0022CompanyPhoneNumber\u0022: {\n",
        "            \u0022type\u0022: \u0022string\u0022\n",
        "          },\n",
        "          \u0022Subtotal\u0022: {\n",
        "            \u0022type\u0022: \u0022string\u0022\n",
        "          },\n",
        "          \u0022Tax\u0022: {\n",
        "            \u0022type\u0022: \u0022string\u0022\n",
        "          },\n",
        "          \u0022Total\u0022: {\n",
        "            \u0022type\u0022: \u0022string\u0022\n",
        "          },\n",
        "          \u0022Signature\u0022: {\n",
        "            \u0022type\u0022: \u0022string\u0022\n",
        "          },\n",
        "          \u0022Quantity\u0022: {\n",
        "            \u0022type\u0022: \u0022number\u0022\n",
        "          }\n",
        "        },\n",
        "        \u0022fieldConfidence\u0022: {\n",
        "          \u0022CompanyAddress\u0022: 0.8,\n",
        "          \u0022CompanyName\u0022: 0.95,\n",
        "          \u0022CompanyPhoneNumber\u0022: 0.95,\n",
        "          \u0022DatedAs\u0022: 0.95,\n",
        "          \u0022Email\u0022: 0.8,\n",
        "          \u0022Merchant\u0022: 0.95,\n",
        "          \u0022PhoneNumber\u0022: 0.95,\n",
        "          \u0022PurchaseOrderNumber\u0022: 0.95,\n",
        "          \u0022Quantity\u0022: 0.95,\n",
        "          \u0022Signature\u0022: 0.6,\n",
        "          \u0022Subtotal\u0022: 0.95,\n",
        "          \u0022Tax\u0022: 0.95,\n",
        "          \u0022Total\u0022: 0.95,\n",
        "          \u0022VendorName\u0022: 0.95,\n",
        "          \u0022Website\u0022: 0.95\n",
        "        }\n",
        "      }\n",
        "    },\n",
        "    \u0022modelId\u0022: \u00221940613656\u0022,\n",
        "    \u0022createdDateTime\u0022: \u00222021-10-15T20:07:15Z\u0022\n",
        "  }\n",
        "}"
      ]
    },
    {
      "RequestUri": "https://mariari-centraluseuap.cognitiveservices.azure.com/formrecognizer/operations?api-version=2021-09-30-preview",
      "RequestMethod": "GET",
      "RequestHeaders": {
        "Accept": "application/json",
        "Ocp-Apim-Subscription-Key": "Sanitized",
        "traceparent": "00-4d08f3ea46230a4ebb7f75b77355b8ee-c42a84512b2da843-00",
        "User-Agent": "azsdk-net-AI.FormRecognizer/4.0.0-alpha.20211015.1 (.NET Framework 4.8.4300.0; Microsoft Windows 10.0.19043 )",
        "x-ms-client-request-id": "4915551c8fffab85b22d82a465fe4aac",
        "x-ms-return-client-request-id": "true"
      },
      "RequestBody": null,
      "StatusCode": 200,
      "ResponseHeaders": {
        "apim-request-id": "8c101532-2f31-44a4-bf52-46890e1adcc3",
        "Content-Type": "application/json; charset=utf-8",
        "Date": "Fri, 15 Oct 2021 20:07:16 GMT",
        "Strict-Transport-Security": "max-age=31536000; includeSubDomains; preload",
        "Transfer-Encoding": "chunked",
        "x-content-type-options": "nosniff",
        "x-envoy-upstream-service-time": "75"
      },
      "ResponseBody": [
        "{\n",
        "  \u0022value\u0022: [\n",
        "    {\n",
        "      \u0022operationId\u0022: \u002231532039570_3ea19a76-9ed6-4273-bfd2-cad1aec5ff29\u0022,\n",
        "      \u0022kind\u0022: \u0022documentModelBuild\u0022,\n",
        "      \u0022status\u0022: \u0022succeeded\u0022,\n",
        "      \u0022createdDateTime\u0022: \u00222021-10-15T20:07:10Z\u0022,\n",
        "      \u0022lastUpdatedDateTime\u0022: \u00222021-10-15T20:07:15Z\u0022,\n",
        "      \u0022resourceLocation\u0022: \u0022https://mariari-centraluseuap.cognitiveservices.azure.com/formrecognizer/documentModels/1940613656?api-version=2021-09-30-preview\u0022,\n",
        "      \u0022percentCompleted\u0022: 100\n",
        "    }\n",
        "  ]\n",
        "}"
      ]
    },
    {
      "RequestUri": "https://mariari-centraluseuap.cognitiveservices.azure.com/formrecognizer/operations/31532039570_3ea19a76-9ed6-4273-bfd2-cad1aec5ff29?api-version=2021-09-30-preview",
      "RequestMethod": "GET",
      "RequestHeaders": {
        "Accept": "application/json",
        "Ocp-Apim-Subscription-Key": "Sanitized",
        "traceparent": "00-08852746a8b96f4595658c5cd9f261b9-03a93e1fdd24e74d-00",
        "User-Agent": "azsdk-net-AI.FormRecognizer/4.0.0-alpha.20211015.1 (.NET Framework 4.8.4300.0; Microsoft Windows 10.0.19043 )",
        "x-ms-client-request-id": "839d09bc9a5ccb8fc56b2a10928f4c98",
        "x-ms-return-client-request-id": "true"
      },
      "RequestBody": null,
      "StatusCode": 200,
      "ResponseHeaders": {
        "apim-request-id": "ca781ba8-919f-464f-a6f2-c9a9affe401d",
        "Content-Type": "application/json; charset=utf-8",
        "Date": "Fri, 15 Oct 2021 20:07:16 GMT",
        "Strict-Transport-Security": "max-age=31536000; includeSubDomains; preload",
        "Transfer-Encoding": "chunked",
        "x-content-type-options": "nosniff",
        "x-envoy-upstream-service-time": "38"
      },
      "ResponseBody": [
        "{\n",
        "  \u0022operationId\u0022: \u002231532039570_3ea19a76-9ed6-4273-bfd2-cad1aec5ff29\u0022,\n",
        "  \u0022kind\u0022: \u0022documentModelBuild\u0022,\n",
        "  \u0022status\u0022: \u0022succeeded\u0022,\n",
        "  \u0022createdDateTime\u0022: \u00222021-10-15T20:07:10Z\u0022,\n",
        "  \u0022lastUpdatedDateTime\u0022: \u00222021-10-15T20:07:15Z\u0022,\n",
        "  \u0022resourceLocation\u0022: \u0022https://mariari-centraluseuap.cognitiveservices.azure.com/formrecognizer/documentModels/1940613656?api-version=2021-09-30-preview\u0022,\n",
        "  \u0022percentCompleted\u0022: 100,\n",
        "  \u0022result\u0022: {\n",
        "    \u0022docTypes\u0022: {\n",
        "      \u00221940613656\u0022: {\n",
        "        \u0022fieldSchema\u0022: {\n",
        "          \u0022Merchant\u0022: {\n",
        "            \u0022type\u0022: \u0022string\u0022\n",
        "          },\n",
        "          \u0022PhoneNumber\u0022: {\n",
        "            \u0022type\u0022: \u0022string\u0022\n",
        "          },\n",
        "          \u0022Website\u0022: {\n",
        "            \u0022type\u0022: \u0022string\u0022\n",
        "          },\n",
        "          \u0022Email\u0022: {\n",
        "            \u0022type\u0022: \u0022string\u0022\n",
        "          },\n",
        "          \u0022PurchaseOrderNumber\u0022: {\n",
        "            \u0022type\u0022: \u0022string\u0022\n",
        "          },\n",
        "          \u0022DatedAs\u0022: {\n",
        "            \u0022type\u0022: \u0022string\u0022\n",
        "          },\n",
        "          \u0022VendorName\u0022: {\n",
        "            \u0022type\u0022: \u0022string\u0022\n",
        "          },\n",
        "          \u0022CompanyName\u0022: {\n",
        "            \u0022type\u0022: \u0022string\u0022\n",
        "          },\n",
        "          \u0022CompanyAddress\u0022: {\n",
        "            \u0022type\u0022: \u0022string\u0022\n",
        "          },\n",
        "          \u0022CompanyPhoneNumber\u0022: {\n",
        "            \u0022type\u0022: \u0022string\u0022\n",
        "          },\n",
        "          \u0022Subtotal\u0022: {\n",
        "            \u0022type\u0022: \u0022string\u0022\n",
        "          },\n",
        "          \u0022Tax\u0022: {\n",
        "            \u0022type\u0022: \u0022string\u0022\n",
        "          },\n",
        "          \u0022Total\u0022: {\n",
        "            \u0022type\u0022: \u0022string\u0022\n",
        "          },\n",
        "          \u0022Signature\u0022: {\n",
        "            \u0022type\u0022: \u0022string\u0022\n",
        "          },\n",
        "          \u0022Quantity\u0022: {\n",
        "            \u0022type\u0022: \u0022number\u0022\n",
        "          }\n",
        "        },\n",
        "        \u0022fieldConfidence\u0022: {\n",
        "          \u0022CompanyAddress\u0022: 0.8,\n",
        "          \u0022CompanyName\u0022: 0.95,\n",
        "          \u0022CompanyPhoneNumber\u0022: 0.95,\n",
        "          \u0022DatedAs\u0022: 0.95,\n",
        "          \u0022Email\u0022: 0.8,\n",
        "          \u0022Merchant\u0022: 0.95,\n",
        "          \u0022PhoneNumber\u0022: 0.95,\n",
        "          \u0022PurchaseOrderNumber\u0022: 0.95,\n",
        "          \u0022Quantity\u0022: 0.95,\n",
        "          \u0022Signature\u0022: 0.6,\n",
        "          \u0022Subtotal\u0022: 0.95,\n",
        "          \u0022Tax\u0022: 0.95,\n",
        "          \u0022Total\u0022: 0.95,\n",
        "          \u0022VendorName\u0022: 0.95,\n",
        "          \u0022Website\u0022: 0.95\n",
        "        }\n",
        "      }\n",
        "    },\n",
        "    \u0022modelId\u0022: \u00221940613656\u0022,\n",
        "    \u0022createdDateTime\u0022: \u00222021-10-15T20:07:15Z\u0022\n",
        "  }\n",
        "}"
      ]
    },
    {
      "RequestUri": "https://mariari-centraluseuap.cognitiveservices.azure.com/formrecognizer/documentModels/1940613656?api-version=2021-09-30-preview",
      "RequestMethod": "DELETE",
      "RequestHeaders": {
        "Accept": "application/json",
        "Ocp-Apim-Subscription-Key": "Sanitized",
        "traceparent": "00-a101a9295814874bafac6385c63a88ef-c746a51cb68b1a44-00",
        "User-Agent": "azsdk-net-AI.FormRecognizer/4.0.0-alpha.20211015.1 (.NET Framework 4.8.4300.0; Microsoft Windows 10.0.19043 )",
        "x-ms-client-request-id": "494baaf4a9c16bd0df1b66fcaeef7640",
        "x-ms-return-client-request-id": "true"
      },
      "RequestBody": null,
      "StatusCode": 204,
      "ResponseHeaders": {
        "apim-request-id": "983c758d-ad08-4708-b372-6a42725b5259",
        "Content-Length": "0",
        "Date": "Fri, 15 Oct 2021 20:07:16 GMT",
        "Strict-Transport-Security": "max-age=31536000; includeSubDomains; preload",
        "x-content-type-options": "nosniff",
        "x-envoy-upstream-service-time": "255"
      },
      "ResponseBody": []
    }
  ],
  "Variables": {
    "FORM_RECOGNIZER_API_KEY": "Sanitized",
    "FORM_RECOGNIZER_BLOB_CONTAINER_SAS_URL": "https://sanitized.blob.core.windows.net",
    "FORM_RECOGNIZER_ENDPOINT": "https://mariari-centraluseuap.cognitiveservices.azure.com/",
    "RandomSeed": "1548248171"
  }
}