{
  "Entries": [
    {
      "RequestUri": "https://management.azure.com/subscriptions/db1ab6f0-4769-4b27-930e-01e2ef9c123c/resourceGroups/Default-CosmosDB-7341/providers/Microsoft.DocumentDB/databaseAccounts/amegraphtest153/gremlinDatabases/databaseName1002/throughputSettings/default/migrateToAutoscale?api-version=2020-04-01",
      "RequestMethod": "POST",
      "RequestHeaders": {
        "Authorization": "Sanitized",
        "traceparent": "00-fd67bd753e53b94ab07c11a9837dcdfe-6218af07db5dfa43-00",
        "User-Agent": [
          "azsdk-net-ResourceManager.CosmosDB/1.0.0-alpha.20200918.1",
          "(.NET Core 4.6.29220.03; Microsoft Windows 10.0.19041 )"
        ],
        "x-ms-client-request-id": "92eb85197c6937d315a35cd74b3ab9c7",
        "x-ms-return-client-request-id": "true"
      },
      "RequestBody": null,
      "StatusCode": 202,
      "ResponseHeaders": {
        "Azure-AsyncOperation": "https://management.azure.com/subscriptions/db1ab6f0-4769-4b27-930e-01e2ef9c123c/providers/Microsoft.DocumentDB/locations/westus/operationsStatus/789e34a9-3d10-46cb-9977-54d07e26474d?api-version=2020-04-01",
        "Cache-Control": "no-store, no-cache",
        "Content-Length": "21",
        "Content-Type": "application/json",
        "Date": "Sat, 19 Sep 2020 07:44:16 GMT",
        "Location": "https://management.azure.com/subscriptions/db1ab6f0-4769-4b27-930e-01e2ef9c123c/resourceGroups/Default-CosmosDB-7341/providers/Microsoft.DocumentDB/databaseAccounts/amegraphtest153/gremlinDatabases/databaseName1002/throughputSettings/default/migrateToAutoscale/operationResults/789e34a9-3d10-46cb-9977-54d07e26474d?api-version=2020-04-01",
        "Pragma": "no-cache",
        "Server": "Microsoft-HTTPAPI/2.0",
        "Strict-Transport-Security": "max-age=31536000; includeSubDomains",
        "X-Content-Type-Options": "nosniff",
        "x-ms-correlation-request-id": "9508c07e-c17e-43fc-b394-6a5cb1835abb",
        "x-ms-gatewayversion": "version=2.11.0",
        "x-ms-ratelimit-remaining-subscription-writes": "1199",
        "x-ms-request-id": "789e34a9-3d10-46cb-9977-54d07e26474d",
        "x-ms-routing-request-id": "WESTUS:20200919T074417Z:9508c07e-c17e-43fc-b394-6a5cb1835abb"
      },
      "ResponseBody": {
        "status": "Enqueued"
      }
    },
    {
      "RequestUri": "https://management.azure.com/subscriptions/db1ab6f0-4769-4b27-930e-01e2ef9c123c/providers/Microsoft.DocumentDB/locations/westus/operationsStatus/789e34a9-3d10-46cb-9977-54d07e26474d?api-version=2020-04-01",
      "RequestMethod": "GET",
      "RequestHeaders": {
        "Authorization": "Sanitized",
        "User-Agent": [
          "azsdk-net-ResourceManager.CosmosDB/1.0.0-alpha.20200918.1",
          "(.NET Core 4.6.29220.03; Microsoft Windows 10.0.19041 )"
        ],
        "x-ms-client-request-id": "0d20d0032373ddee99b577b2c02ddc54",
        "x-ms-return-client-request-id": "true"
      },
      "RequestBody": null,
      "StatusCode": 200,
      "ResponseHeaders": {
        "Cache-Control": "no-store, no-cache",
        "Content-Length": "21",
        "Content-Location": "https://management.documents.azure.com:450/subscriptions/db1ab6f0-4769-4b27-930e-01e2ef9c123c/providers/Microsoft.DocumentDB/locations/westus/operationsStatus/789e34a9-3d10-46cb-9977-54d07e26474d?api-version=2020-04-01",
        "Content-Type": "application/json",
        "Date": "Sat, 19 Sep 2020 07:44:17 GMT",
        "Pragma": "no-cache",
        "Server": "Microsoft-HTTPAPI/2.0",
        "Strict-Transport-Security": "max-age=31536000; includeSubDomains",
        "X-Content-Type-Options": "nosniff",
        "x-ms-correlation-request-id": "581350b0-1ada-4183-b888-3d4e295ee768",
        "x-ms-gatewayversion": "version=2.11.0",
        "x-ms-ratelimit-remaining-subscription-reads": "11974",
        "x-ms-request-id": "581350b0-1ada-4183-b888-3d4e295ee768",
        "x-ms-routing-request-id": "WESTUS:20200919T074417Z:581350b0-1ada-4183-b888-3d4e295ee768"
      },
      "ResponseBody": {
        "status": "Enqueued"
      }
    },
    {
      "RequestUri": "https://management.azure.com/subscriptions/db1ab6f0-4769-4b27-930e-01e2ef9c123c/providers/Microsoft.DocumentDB/locations/westus/operationsStatus/789e34a9-3d10-46cb-9977-54d07e26474d?api-version=2020-04-01",
      "RequestMethod": "GET",
      "RequestHeaders": {
        "Authorization": "Sanitized",
        "User-Agent": [
          "azsdk-net-ResourceManager.CosmosDB/1.0.0-alpha.20200918.1",
          "(.NET Core 4.6.29220.03; Microsoft Windows 10.0.19041 )"
        ],
        "x-ms-client-request-id": "1d49cf1b2a36141f50aec9751f78e05a",
        "x-ms-return-client-request-id": "true"
      },
      "RequestBody": null,
      "StatusCode": 200,
      "ResponseHeaders": {
        "Cache-Control": "no-store, no-cache",
        "Content-Length": "21",
        "Content-Location": "https://management.documents.azure.com:450/subscriptions/db1ab6f0-4769-4b27-930e-01e2ef9c123c/providers/Microsoft.DocumentDB/locations/westus/operationsStatus/789e34a9-3d10-46cb-9977-54d07e26474d?api-version=2020-04-01",
        "Content-Type": "application/json",
        "Date": "Sat, 19 Sep 2020 07:44:18 GMT",
        "Pragma": "no-cache",
        "Server": "Microsoft-HTTPAPI/2.0",
        "Strict-Transport-Security": "max-age=31536000; includeSubDomains",
        "X-Content-Type-Options": "nosniff",
        "x-ms-correlation-request-id": "be25843a-1ae3-41c0-86df-d67545c194bd",
        "x-ms-gatewayversion": "version=2.11.0",
        "x-ms-ratelimit-remaining-subscription-reads": "11973",
        "x-ms-request-id": "be25843a-1ae3-41c0-86df-d67545c194bd",
        "x-ms-routing-request-id": "WESTUS:20200919T074418Z:be25843a-1ae3-41c0-86df-d67545c194bd"
      },
      "ResponseBody": {
        "status": "Enqueued"
      }
    },
    {
      "RequestUri": "https://management.azure.com/subscriptions/db1ab6f0-4769-4b27-930e-01e2ef9c123c/providers/Microsoft.DocumentDB/locations/westus/operationsStatus/789e34a9-3d10-46cb-9977-54d07e26474d?api-version=2020-04-01",
      "RequestMethod": "GET",
      "RequestHeaders": {
        "Authorization": "Sanitized",
        "User-Agent": [
          "azsdk-net-ResourceManager.CosmosDB/1.0.0-alpha.20200918.1",
          "(.NET Core 4.6.29220.03; Microsoft Windows 10.0.19041 )"
        ],
        "x-ms-client-request-id": "7ad30672ac1ac0544950f4478c817c9a",
        "x-ms-return-client-request-id": "true"
      },
      "RequestBody": null,
      "StatusCode": 200,
      "ResponseHeaders": {
        "Cache-Control": "no-store, no-cache",
        "Content-Length": "21",
        "Content-Location": "https://management.documents.azure.com:450/subscriptions/db1ab6f0-4769-4b27-930e-01e2ef9c123c/providers/Microsoft.DocumentDB/locations/westus/operationsStatus/789e34a9-3d10-46cb-9977-54d07e26474d?api-version=2020-04-01",
        "Content-Type": "application/json",
        "Date": "Sat, 19 Sep 2020 07:44:19 GMT",
        "Pragma": "no-cache",
        "Server": "Microsoft-HTTPAPI/2.0",
        "Strict-Transport-Security": "max-age=31536000; includeSubDomains",
        "X-Content-Type-Options": "nosniff",
        "x-ms-correlation-request-id": "722ef905-2db8-4c13-a884-16f9f96dd65c",
        "x-ms-gatewayversion": "version=2.11.0",
        "x-ms-ratelimit-remaining-subscription-reads": "11972",
        "x-ms-request-id": "722ef905-2db8-4c13-a884-16f9f96dd65c",
        "x-ms-routing-request-id": "WESTUS:20200919T074420Z:722ef905-2db8-4c13-a884-16f9f96dd65c"
      },
      "ResponseBody": {
        "status": "Enqueued"
      }
    },
    {
      "RequestUri": "https://management.azure.com/subscriptions/db1ab6f0-4769-4b27-930e-01e2ef9c123c/providers/Microsoft.DocumentDB/locations/westus/operationsStatus/789e34a9-3d10-46cb-9977-54d07e26474d?api-version=2020-04-01",
      "RequestMethod": "GET",
      "RequestHeaders": {
        "Authorization": "Sanitized",
        "User-Agent": [
          "azsdk-net-ResourceManager.CosmosDB/1.0.0-alpha.20200918.1",
          "(.NET Core 4.6.29220.03; Microsoft Windows 10.0.19041 )"
        ],
        "x-ms-client-request-id": "873e08171371d91fb10bbcc45978bd20",
        "x-ms-return-client-request-id": "true"
      },
      "RequestBody": null,
      "StatusCode": 200,
      "ResponseHeaders": {
        "Cache-Control": "no-store, no-cache",
        "Content-Length": "21",
        "Content-Location": "https://management.documents.azure.com:450/subscriptions/db1ab6f0-4769-4b27-930e-01e2ef9c123c/providers/Microsoft.DocumentDB/locations/westus/operationsStatus/789e34a9-3d10-46cb-9977-54d07e26474d?api-version=2020-04-01",
        "Content-Type": "application/json",
        "Date": "Sat, 19 Sep 2020 07:44:20 GMT",
        "Pragma": "no-cache",
        "Server": "Microsoft-HTTPAPI/2.0",
        "Strict-Transport-Security": "max-age=31536000; includeSubDomains",
        "X-Content-Type-Options": "nosniff",
        "x-ms-correlation-request-id": "52fd4460-a352-4468-b154-ad5146bc22a4",
        "x-ms-gatewayversion": "version=2.11.0",
        "x-ms-ratelimit-remaining-subscription-reads": "11971",
        "x-ms-request-id": "52fd4460-a352-4468-b154-ad5146bc22a4",
        "x-ms-routing-request-id": "WESTUS:20200919T074421Z:52fd4460-a352-4468-b154-ad5146bc22a4"
      },
      "ResponseBody": {
        "status": "Dequeued"
      }
    },
    {
      "RequestUri": "https://management.azure.com/subscriptions/db1ab6f0-4769-4b27-930e-01e2ef9c123c/providers/Microsoft.DocumentDB/locations/westus/operationsStatus/789e34a9-3d10-46cb-9977-54d07e26474d?api-version=2020-04-01",
      "RequestMethod": "GET",
      "RequestHeaders": {
        "Authorization": "Sanitized",
        "User-Agent": [
          "azsdk-net-ResourceManager.CosmosDB/1.0.0-alpha.20200918.1",
          "(.NET Core 4.6.29220.03; Microsoft Windows 10.0.19041 )"
        ],
        "x-ms-client-request-id": "b9401dd4615a6f3a7b89d4e635d788cf",
        "x-ms-return-client-request-id": "true"
      },
      "RequestBody": null,
      "StatusCode": 200,
      "ResponseHeaders": {
        "Cache-Control": "no-store, no-cache",
        "Content-Length": "22",
        "Content-Location": "https://management.documents.azure.com:450/subscriptions/db1ab6f0-4769-4b27-930e-01e2ef9c123c/providers/Microsoft.DocumentDB/locations/westus/operationsStatus/789e34a9-3d10-46cb-9977-54d07e26474d?api-version=2020-04-01",
        "Content-Type": "application/json",
        "Date": "Sat, 19 Sep 2020 07:44:22 GMT",
        "Pragma": "no-cache",
        "Server": "Microsoft-HTTPAPI/2.0",
        "Strict-Transport-Security": "max-age=31536000; includeSubDomains",
        "X-Content-Type-Options": "nosniff",
        "x-ms-correlation-request-id": "2e55f649-ecc1-4085-82e3-18e909060114",
        "x-ms-gatewayversion": "version=2.11.0",
        "x-ms-ratelimit-remaining-subscription-reads": "11970",
        "x-ms-request-id": "2e55f649-ecc1-4085-82e3-18e909060114",
        "x-ms-routing-request-id": "WESTUS:20200919T074422Z:2e55f649-ecc1-4085-82e3-18e909060114"
      },
      "ResponseBody": {
        "status": "Succeeded"
      }
    },
    {
      "RequestUri": "https://management.azure.com/subscriptions/db1ab6f0-4769-4b27-930e-01e2ef9c123c/resourceGroups/Default-CosmosDB-7341/providers/Microsoft.DocumentDB/databaseAccounts/amegraphtest153/gremlinDatabases/databaseName1002/throughputSettings/default/migrateToAutoscale/operationResults/789e34a9-3d10-46cb-9977-54d07e26474d?api-version=2020-04-01",
      "RequestMethod": "GET",
      "RequestHeaders": {
        "Authorization": "Sanitized",
        "User-Agent": [
          "azsdk-net-ResourceManager.CosmosDB/1.0.0-alpha.20200918.1",
          "(.NET Core 4.6.29220.03; Microsoft Windows 10.0.19041 )"
        ],
        "x-ms-client-request-id": "175d2e32593a5ee9e7fac90ff08f66d0",
        "x-ms-return-client-request-id": "true"
      },
      "RequestBody": null,
      "StatusCode": 200,
      "ResponseHeaders": {
        "Cache-Control": "no-store, no-cache",
        "Content-Length": "472",
        "Content-Location": "https://management.documents.azure.com:450/subscriptions/db1ab6f0-4769-4b27-930e-01e2ef9c123c/resourceGroups/Default-CosmosDB-7341/providers/Microsoft.DocumentDB/databaseAccounts/amegraphtest153/gremlinDatabases/databaseName1002/throughputSettings/default/migrateToAutoscale/operationResults/789e34a9-3d10-46cb-9977-54d07e26474d?api-version=2020-04-01",
        "Content-Type": "application/json",
        "Date": "Sat, 19 Sep 2020 07:44:22 GMT",
        "Pragma": "no-cache",
        "Server": "Microsoft-HTTPAPI/2.0",
        "Strict-Transport-Security": "max-age=31536000; includeSubDomains",
        "X-Content-Type-Options": "nosniff",
        "x-ms-correlation-request-id": "ad71fca6-ecc3-4473-841c-8a3a3d41cca0",
        "x-ms-gatewayversion": "version=2.11.0",
        "x-ms-ratelimit-remaining-subscription-reads": "11969",
        "x-ms-request-id": "ad71fca6-ecc3-4473-841c-8a3a3d41cca0",
        "x-ms-routing-request-id": "WESTUS:20200919T074423Z:ad71fca6-ecc3-4473-841c-8a3a3d41cca0"
      },
      "ResponseBody": {
        "id": "/subscriptions/db1ab6f0-4769-4b27-930e-01e2ef9c123c/resourceGroups/Default-CosmosDB-7341/providers/Microsoft.DocumentDB/databaseAccounts/amegraphtest153/gremlinDatabases/databaseName1002/throughputSettings/default/migrateToAutoscale",
        "type": "Microsoft.DocumentDB/databaseAccounts/gremlinDatabases/throughputSettings/migrateToAutoscale",
        "name": "PxiO",
        "properties": {
          "resource": {
            "throughput": 700,
            "autoscaleSettings": {
              "maxThroughput": 7000
            },
            "minimumThroughput": "4000"
          }
        }
      }
    }
  ],
  "Variables": {
    "RandomSeed": "871029788"
  }
}