{
  "Entries": [
    {
      "RequestUri": "https://management.azure.com/subscriptions/db1ab6f0-4769-4b27-930e-01e2ef9c123c/resourceGroups/Default-CosmosDB-7341/providers/Microsoft.DocumentDB/databaseAccounts/amegraphtest153/gremlinDatabases/databaseName1002/throughputSettings/default/migrateToManualThroughput?api-version=2020-04-01",
      "RequestMethod": "POST",
      "RequestHeaders": {
        "Authorization": "Sanitized",
        "traceparent": "00-ef02082f6a79064aa807e7d49a278a51-bc2caf545b1eb344-00",
        "User-Agent": [
          "azsdk-net-ResourceManager.CosmosDB/1.0.0-alpha.20200918.1",
          "(.NET Core 4.6.29220.03; Microsoft Windows 10.0.19041 )"
        ],
        "x-ms-client-request-id": "1ced7d68233487c924022f771b900dbe",
        "x-ms-return-client-request-id": "true"
      },
      "RequestBody": null,
      "StatusCode": 202,
      "ResponseHeaders": {
        "Azure-AsyncOperation": "https://management.azure.com/subscriptions/db1ab6f0-4769-4b27-930e-01e2ef9c123c/providers/Microsoft.DocumentDB/locations/westus/operationsStatus/344b134a-f807-4f00-bf25-74f2afe59afe?api-version=2020-04-01",
        "Cache-Control": "no-store, no-cache",
        "Content-Length": "21",
        "Content-Type": "application/json",
        "Date": "Sat, 19 Sep 2020 07:44:23 GMT",
        "Location": "https://management.azure.com/subscriptions/db1ab6f0-4769-4b27-930e-01e2ef9c123c/resourceGroups/Default-CosmosDB-7341/providers/Microsoft.DocumentDB/databaseAccounts/amegraphtest153/gremlinDatabases/databaseName1002/throughputSettings/default/migrateToManualThroughput/operationResults/344b134a-f807-4f00-bf25-74f2afe59afe?api-version=2020-04-01",
        "Pragma": "no-cache",
        "Server": "Microsoft-HTTPAPI/2.0",
        "Strict-Transport-Security": "max-age=31536000; includeSubDomains",
        "X-Content-Type-Options": "nosniff",
        "x-ms-correlation-request-id": "3f40d1c0-88eb-4e76-97d4-4de018682010",
        "x-ms-gatewayversion": "version=2.11.0",
        "x-ms-ratelimit-remaining-subscription-writes": "1198",
        "x-ms-request-id": "344b134a-f807-4f00-bf25-74f2afe59afe",
        "x-ms-routing-request-id": "WESTUS:20200919T074424Z:3f40d1c0-88eb-4e76-97d4-4de018682010"
      },
      "ResponseBody": {
        "status": "Enqueued"
      }
    },
    {
      "RequestUri": "https://management.azure.com/subscriptions/db1ab6f0-4769-4b27-930e-01e2ef9c123c/providers/Microsoft.DocumentDB/locations/westus/operationsStatus/344b134a-f807-4f00-bf25-74f2afe59afe?api-version=2020-04-01",
      "RequestMethod": "GET",
      "RequestHeaders": {
        "Authorization": "Sanitized",
        "User-Agent": [
          "azsdk-net-ResourceManager.CosmosDB/1.0.0-alpha.20200918.1",
          "(.NET Core 4.6.29220.03; Microsoft Windows 10.0.19041 )"
        ],
        "x-ms-client-request-id": "9940f69ea13fa39ef1cc74f4ee576749",
        "x-ms-return-client-request-id": "true"
      },
      "RequestBody": null,
      "StatusCode": 200,
      "ResponseHeaders": {
        "Cache-Control": "no-store, no-cache",
        "Content-Length": "21",
        "Content-Location": "https://management.documents.azure.com:450/subscriptions/db1ab6f0-4769-4b27-930e-01e2ef9c123c/providers/Microsoft.DocumentDB/locations/westus/operationsStatus/344b134a-f807-4f00-bf25-74f2afe59afe?api-version=2020-04-01",
        "Content-Type": "application/json",
        "Date": "Sat, 19 Sep 2020 07:44:23 GMT",
        "Pragma": "no-cache",
        "Server": "Microsoft-HTTPAPI/2.0",
        "Strict-Transport-Security": "max-age=31536000; includeSubDomains",
        "X-Content-Type-Options": "nosniff",
        "x-ms-correlation-request-id": "5c241fbf-77b0-42e5-af2b-48c38c87fd1e",
        "x-ms-gatewayversion": "version=2.11.0",
        "x-ms-ratelimit-remaining-subscription-reads": "11968",
        "x-ms-request-id": "5c241fbf-77b0-42e5-af2b-48c38c87fd1e",
        "x-ms-routing-request-id": "WESTUS:20200919T074424Z:5c241fbf-77b0-42e5-af2b-48c38c87fd1e"
      },
      "ResponseBody": {
        "status": "Enqueued"
      }
    },
    {
      "RequestUri": "https://management.azure.com/subscriptions/db1ab6f0-4769-4b27-930e-01e2ef9c123c/providers/Microsoft.DocumentDB/locations/westus/operationsStatus/344b134a-f807-4f00-bf25-74f2afe59afe?api-version=2020-04-01",
      "RequestMethod": "GET",
      "RequestHeaders": {
        "Authorization": "Sanitized",
        "User-Agent": [
          "azsdk-net-ResourceManager.CosmosDB/1.0.0-alpha.20200918.1",
          "(.NET Core 4.6.29220.03; Microsoft Windows 10.0.19041 )"
        ],
        "x-ms-client-request-id": "ce81d0cb77567a216d9da6c6f0efe492",
        "x-ms-return-client-request-id": "true"
      },
      "RequestBody": null,
      "StatusCode": 200,
      "ResponseHeaders": {
        "Cache-Control": "no-store, no-cache",
        "Content-Length": "21",
        "Content-Location": "https://management.documents.azure.com:450/subscriptions/db1ab6f0-4769-4b27-930e-01e2ef9c123c/providers/Microsoft.DocumentDB/locations/westus/operationsStatus/344b134a-f807-4f00-bf25-74f2afe59afe?api-version=2020-04-01",
        "Content-Type": "application/json",
        "Date": "Sat, 19 Sep 2020 07:44:24 GMT",
        "Pragma": "no-cache",
        "Server": "Microsoft-HTTPAPI/2.0",
        "Strict-Transport-Security": "max-age=31536000; includeSubDomains",
        "X-Content-Type-Options": "nosniff",
        "x-ms-correlation-request-id": "92c85d7e-192c-481c-a659-06ce6014017d",
        "x-ms-gatewayversion": "version=2.11.0",
        "x-ms-ratelimit-remaining-subscription-reads": "11967",
        "x-ms-request-id": "92c85d7e-192c-481c-a659-06ce6014017d",
        "x-ms-routing-request-id": "WESTUS:20200919T074425Z:92c85d7e-192c-481c-a659-06ce6014017d"
      },
      "ResponseBody": {
        "status": "Enqueued"
      }
    },
    {
      "RequestUri": "https://management.azure.com/subscriptions/db1ab6f0-4769-4b27-930e-01e2ef9c123c/providers/Microsoft.DocumentDB/locations/westus/operationsStatus/344b134a-f807-4f00-bf25-74f2afe59afe?api-version=2020-04-01",
      "RequestMethod": "GET",
      "RequestHeaders": {
        "Authorization": "Sanitized",
        "User-Agent": [
          "azsdk-net-ResourceManager.CosmosDB/1.0.0-alpha.20200918.1",
          "(.NET Core 4.6.29220.03; Microsoft Windows 10.0.19041 )"
        ],
        "x-ms-client-request-id": "25d88b79744f967f94b5ef4d781c611e",
        "x-ms-return-client-request-id": "true"
      },
      "RequestBody": null,
      "StatusCode": 200,
      "ResponseHeaders": {
        "Cache-Control": "no-store, no-cache",
        "Content-Length": "21",
        "Content-Location": "https://management.documents.azure.com:450/subscriptions/db1ab6f0-4769-4b27-930e-01e2ef9c123c/providers/Microsoft.DocumentDB/locations/westus/operationsStatus/344b134a-f807-4f00-bf25-74f2afe59afe?api-version=2020-04-01",
        "Content-Type": "application/json",
        "Date": "Sat, 19 Sep 2020 07:44:25 GMT",
        "Pragma": "no-cache",
        "Server": "Microsoft-HTTPAPI/2.0",
        "Strict-Transport-Security": "max-age=31536000; includeSubDomains",
        "X-Content-Type-Options": "nosniff",
        "x-ms-correlation-request-id": "1d5e986b-a5e0-4bea-8456-460ccdfa157d",
        "x-ms-gatewayversion": "version=2.11.0",
        "x-ms-ratelimit-remaining-subscription-reads": "11966",
        "x-ms-request-id": "1d5e986b-a5e0-4bea-8456-460ccdfa157d",
        "x-ms-routing-request-id": "WESTUS:20200919T074426Z:1d5e986b-a5e0-4bea-8456-460ccdfa157d"
      },
      "ResponseBody": {
        "status": "Enqueued"
      }
    },
    {
      "RequestUri": "https://management.azure.com/subscriptions/db1ab6f0-4769-4b27-930e-01e2ef9c123c/providers/Microsoft.DocumentDB/locations/westus/operationsStatus/344b134a-f807-4f00-bf25-74f2afe59afe?api-version=2020-04-01",
      "RequestMethod": "GET",
      "RequestHeaders": {
        "Authorization": "Sanitized",
        "User-Agent": [
          "azsdk-net-ResourceManager.CosmosDB/1.0.0-alpha.20200918.1",
          "(.NET Core 4.6.29220.03; Microsoft Windows 10.0.19041 )"
        ],
        "x-ms-client-request-id": "d20de906b910264dd4c52ba1fad8b301",
        "x-ms-return-client-request-id": "true"
      },
      "RequestBody": null,
      "StatusCode": 200,
      "ResponseHeaders": {
        "Cache-Control": "no-store, no-cache",
        "Content-Length": "21",
        "Content-Location": "https://management.documents.azure.com:450/subscriptions/db1ab6f0-4769-4b27-930e-01e2ef9c123c/providers/Microsoft.DocumentDB/locations/westus/operationsStatus/344b134a-f807-4f00-bf25-74f2afe59afe?api-version=2020-04-01",
        "Content-Type": "application/json",
        "Date": "Sat, 19 Sep 2020 07:44:27 GMT",
        "Pragma": "no-cache",
        "Server": "Microsoft-HTTPAPI/2.0",
        "Strict-Transport-Security": "max-age=31536000; includeSubDomains",
        "X-Content-Type-Options": "nosniff",
        "x-ms-correlation-request-id": "a9810f9a-75bc-4797-8157-36234cfeda2a",
        "x-ms-gatewayversion": "version=2.11.0",
        "x-ms-ratelimit-remaining-subscription-reads": "11965",
        "x-ms-request-id": "a9810f9a-75bc-4797-8157-36234cfeda2a",
        "x-ms-routing-request-id": "WESTUS:20200919T074427Z:a9810f9a-75bc-4797-8157-36234cfeda2a"
      },
      "ResponseBody": {
        "status": "Dequeued"
      }
    },
    {
      "RequestUri": "https://management.azure.com/subscriptions/db1ab6f0-4769-4b27-930e-01e2ef9c123c/providers/Microsoft.DocumentDB/locations/westus/operationsStatus/344b134a-f807-4f00-bf25-74f2afe59afe?api-version=2020-04-01",
      "RequestMethod": "GET",
      "RequestHeaders": {
        "Authorization": "Sanitized",
        "User-Agent": [
          "azsdk-net-ResourceManager.CosmosDB/1.0.0-alpha.20200918.1",
          "(.NET Core 4.6.29220.03; Microsoft Windows 10.0.19041 )"
        ],
        "x-ms-client-request-id": "637ae2e7427e57f950ea3aa088d30251",
        "x-ms-return-client-request-id": "true"
      },
      "RequestBody": null,
      "StatusCode": 200,
      "ResponseHeaders": {
        "Cache-Control": "no-store, no-cache",
        "Content-Length": "22",
        "Content-Location": "https://management.documents.azure.com:450/subscriptions/db1ab6f0-4769-4b27-930e-01e2ef9c123c/providers/Microsoft.DocumentDB/locations/westus/operationsStatus/344b134a-f807-4f00-bf25-74f2afe59afe?api-version=2020-04-01",
        "Content-Type": "application/json",
        "Date": "Sat, 19 Sep 2020 07:44:28 GMT",
        "Pragma": "no-cache",
        "Server": "Microsoft-HTTPAPI/2.0",
        "Strict-Transport-Security": "max-age=31536000; includeSubDomains",
        "X-Content-Type-Options": "nosniff",
        "x-ms-correlation-request-id": "7d3381d2-addc-4c6e-9f97-b17e54db7369",
        "x-ms-gatewayversion": "version=2.11.0",
        "x-ms-ratelimit-remaining-subscription-reads": "11964",
        "x-ms-request-id": "7d3381d2-addc-4c6e-9f97-b17e54db7369",
        "x-ms-routing-request-id": "WESTUS:20200919T074428Z:7d3381d2-addc-4c6e-9f97-b17e54db7369"
      },
      "ResponseBody": {
        "status": "Succeeded"
      }
    },
    {
      "RequestUri": "https://management.azure.com/subscriptions/db1ab6f0-4769-4b27-930e-01e2ef9c123c/resourceGroups/Default-CosmosDB-7341/providers/Microsoft.DocumentDB/databaseAccounts/amegraphtest153/gremlinDatabases/databaseName1002/throughputSettings/default/migrateToManualThroughput/operationResults/344b134a-f807-4f00-bf25-74f2afe59afe?api-version=2020-04-01",
      "RequestMethod": "GET",
      "RequestHeaders": {
        "Authorization": "Sanitized",
        "User-Agent": [
          "azsdk-net-ResourceManager.CosmosDB/1.0.0-alpha.20200918.1",
          "(.NET Core 4.6.29220.03; Microsoft Windows 10.0.19041 )"
        ],
        "x-ms-client-request-id": "07bf883c11e1c0823db2508948dd9cbc",
        "x-ms-return-client-request-id": "true"
      },
      "RequestBody": null,
      "StatusCode": 200,
      "ResponseHeaders": {
        "Cache-Control": "no-store, no-cache",
        "Content-Length": "443",
        "Content-Location": "https://management.documents.azure.com:450/subscriptions/db1ab6f0-4769-4b27-930e-01e2ef9c123c/resourceGroups/Default-CosmosDB-7341/providers/Microsoft.DocumentDB/databaseAccounts/amegraphtest153/gremlinDatabases/databaseName1002/throughputSettings/default/migrateToManualThroughput/operationResults/344b134a-f807-4f00-bf25-74f2afe59afe?api-version=2020-04-01",
        "Content-Type": "application/json",
        "Date": "Sat, 19 Sep 2020 07:44:28 GMT",
        "Pragma": "no-cache",
        "Server": "Microsoft-HTTPAPI/2.0",
        "Strict-Transport-Security": "max-age=31536000; includeSubDomains",
        "X-Content-Type-Options": "nosniff",
        "x-ms-correlation-request-id": "a0faec24-b0e1-4f45-a727-f80d6a8ddc9c",
        "x-ms-gatewayversion": "version=2.11.0",
        "x-ms-ratelimit-remaining-subscription-reads": "11963",
        "x-ms-request-id": "a0faec24-b0e1-4f45-a727-f80d6a8ddc9c",
        "x-ms-routing-request-id": "WESTUS:20200919T074428Z:a0faec24-b0e1-4f45-a727-f80d6a8ddc9c"
      },
      "ResponseBody": {
        "id": "/subscriptions/db1ab6f0-4769-4b27-930e-01e2ef9c123c/resourceGroups/Default-CosmosDB-7341/providers/Microsoft.DocumentDB/databaseAccounts/amegraphtest153/gremlinDatabases/databaseName1002/throughputSettings/default/migrateToManualThroughput",
        "type": "Microsoft.DocumentDB/databaseAccounts/gremlinDatabases/throughputSettings/migrateToManualThroughput",
        "name": "PxiO",
        "properties": {
          "resource": {
            "throughput": 7000,
            "minimumThroughput": "400"
          }
        }
      }
    }
  ],
  "Variables": {
    "RandomSeed": "1544269971"
  }
}