{
  "Entries": [
    {
      "RequestUri": "https://management.azure.com/subscriptions/db1ab6f0-4769-4b27-930e-01e2ef9c123c/resourceGroups/Default-CosmosDB-2659/providers/Microsoft.DocumentDB/databaseAccounts/amegraphtest6092/gremlinDatabases/databaseName1002/graphs/gremlinGraphName1002?api-version=2020-04-01",
      "RequestMethod": "PUT",
      "RequestHeaders": {
        "Accept": "application/json",
        "Authorization": "Sanitized",
        "Content-Length": "756",
        "Content-Type": "application/json",
        "traceparent": "00-d5fe03f402fae242971bd5c9aa173c33-adaa71a69c14dd42-00",
        "User-Agent": [
          "azsdk-net-ResourceManager.CosmosDB/1.0.0-alpha.20200922.1",
          "(.NET Core 4.6.29220.03; Microsoft Windows 10.0.19041 )"
        ],
        "x-ms-client-request-id": "f92c47fed0c517c7790ee321ee28fb9b",
        "x-ms-return-client-request-id": "true"
      },
      "RequestBody": {
        "properties": {
          "resource": {
            "id": "gremlinGraphName1002",
            "indexingPolicy": {
              "automatic": true,
              "indexingMode": "Consistent",
              "includedPaths": [
                {
                  "path": "/*"
                }
              ],
              "excludedPaths": [
                {
                  "path": "/pathToNotIndex/*"
                }
              ],
              "compositeIndexes": [
                [
                  {
                    "path": "/orderByPath1",
                    "order": "Ascending"
                  },
                  {
                    "path": "/orderByPath2",
                    "order": "Descending"
                  }
                ],
                [
                  {
                    "path": "/orderByPath3",
                    "order": "Ascending"
                  },
                  {
                    "path": "/orderByPath4",
                    "order": "Descending"
                  }
                ]
              ],
              "spatialIndexes": [
                {
                  "path": "/*",
                  "types": [
                    "Point"
                  ]
                }
              ]
            },
            "partitionKey": {
              "paths": [
                "/address"
              ],
              "kind": "Hash"
            },
            "defaultTtl": -1,
            "uniqueKeyPolicy": {
              "uniqueKeys": [
                {
                  "paths": [
                    "/testpath"
                  ]
                }
              ]
            },
            "conflictResolutionPolicy": {
              "mode": "LastWriterWins",
              "conflictResolutionPath": "/path",
              "conflictResolutionProcedure": ""
            }
          },
          "options": {
            "throughput": 700,
            "autoscaleSettings": {}
          }
        }
      },
      "StatusCode": 202,
      "ResponseHeaders": {
        "Azure-AsyncOperation": "https://management.azure.com/subscriptions/db1ab6f0-4769-4b27-930e-01e2ef9c123c/providers/Microsoft.DocumentDB/locations/westus/operationsStatus/8ad57e55-42c7-4320-ad72-cfecfdd7713b?api-version=2020-04-01",
        "Cache-Control": "no-store, no-cache",
        "Content-Length": "21",
        "Content-Location": "https://management.documents.azure.com:450/subscriptions/db1ab6f0-4769-4b27-930e-01e2ef9c123c/resourceGroups/Default-CosmosDB-2659/providers/Microsoft.DocumentDB/databaseAccounts/amegraphtest6092/gremlinDatabases/databaseName1002/graphs/gremlinGraphName1002?api-version=2020-04-01",
        "Content-Type": "application/json",
        "Date": "Wed, 23 Sep 2020 03:57:33 GMT",
        "Location": "https://management.azure.com/subscriptions/db1ab6f0-4769-4b27-930e-01e2ef9c123c/resourceGroups/Default-CosmosDB-2659/providers/Microsoft.DocumentDB/databaseAccounts/amegraphtest6092/gremlinDatabases/databaseName1002/graphs/gremlinGraphName1002/operationResults/8ad57e55-42c7-4320-ad72-cfecfdd7713b?api-version=2020-04-01",
        "Pragma": "no-cache",
        "Server": "Microsoft-HTTPAPI/2.0",
        "Strict-Transport-Security": "max-age=31536000; includeSubDomains",
        "X-Content-Type-Options": "nosniff",
        "x-ms-correlation-request-id": "e972d85a-8c7b-4df5-9cf0-9ca5639de16e",
        "x-ms-gatewayversion": "version=2.11.0",
        "x-ms-ratelimit-remaining-subscription-writes": "1194",
        "x-ms-request-id": "8ad57e55-42c7-4320-ad72-cfecfdd7713b",
        "x-ms-routing-request-id": "WESTUS2:20200923T035733Z:e972d85a-8c7b-4df5-9cf0-9ca5639de16e"
      },
      "ResponseBody": {
        "status": "Enqueued"
      }
    },
    {
      "RequestUri": "https://management.azure.com/subscriptions/db1ab6f0-4769-4b27-930e-01e2ef9c123c/providers/Microsoft.DocumentDB/locations/westus/operationsStatus/8ad57e55-42c7-4320-ad72-cfecfdd7713b?api-version=2020-04-01",
      "RequestMethod": "GET",
      "RequestHeaders": {
        "Authorization": "Sanitized",
        "User-Agent": [
          "azsdk-net-ResourceManager.CosmosDB/1.0.0-alpha.20200922.1",
          "(.NET Core 4.6.29220.03; Microsoft Windows 10.0.19041 )"
        ],
        "x-ms-client-request-id": "ac82525f2ef8b906a0430b8c1242a1e2",
        "x-ms-return-client-request-id": "true"
      },
      "RequestBody": null,
      "StatusCode": 200,
      "ResponseHeaders": {
        "Cache-Control": "no-store, no-cache",
        "Content-Length": "21",
        "Content-Location": "https://management.documents.azure.com:450/subscriptions/db1ab6f0-4769-4b27-930e-01e2ef9c123c/providers/Microsoft.DocumentDB/locations/westus/operationsStatus/8ad57e55-42c7-4320-ad72-cfecfdd7713b?api-version=2020-04-01",
        "Content-Type": "application/json",
        "Date": "Wed, 23 Sep 2020 03:57:33 GMT",
        "Pragma": "no-cache",
        "Server": "Microsoft-HTTPAPI/2.0",
        "Strict-Transport-Security": "max-age=31536000; includeSubDomains",
        "X-Content-Type-Options": "nosniff",
        "x-ms-correlation-request-id": "e7726e27-1dda-4fba-9f9e-28445b945b35",
        "x-ms-gatewayversion": "version=2.11.0",
        "x-ms-ratelimit-remaining-subscription-reads": "11310",
        "x-ms-request-id": "e7726e27-1dda-4fba-9f9e-28445b945b35",
        "x-ms-routing-request-id": "WESTUS2:20200923T035733Z:e7726e27-1dda-4fba-9f9e-28445b945b35"
      },
      "ResponseBody": {
        "status": "Enqueued"
      }
    },
    {
      "RequestUri": "https://management.azure.com/subscriptions/db1ab6f0-4769-4b27-930e-01e2ef9c123c/providers/Microsoft.DocumentDB/locations/westus/operationsStatus/8ad57e55-42c7-4320-ad72-cfecfdd7713b?api-version=2020-04-01",
      "RequestMethod": "GET",
      "RequestHeaders": {
        "Authorization": "Sanitized",
        "User-Agent": [
          "azsdk-net-ResourceManager.CosmosDB/1.0.0-alpha.20200922.1",
          "(.NET Core 4.6.29220.03; Microsoft Windows 10.0.19041 )"
        ],
        "x-ms-client-request-id": "55386f2d48fc2869d68ea2a471090467",
        "x-ms-return-client-request-id": "true"
      },
      "RequestBody": null,
      "StatusCode": 200,
      "ResponseHeaders": {
        "Cache-Control": "no-store, no-cache",
        "Content-Length": "21",
        "Content-Location": "https://management.documents.azure.com:450/subscriptions/db1ab6f0-4769-4b27-930e-01e2ef9c123c/providers/Microsoft.DocumentDB/locations/westus/operationsStatus/8ad57e55-42c7-4320-ad72-cfecfdd7713b?api-version=2020-04-01",
        "Content-Type": "application/json",
        "Date": "Wed, 23 Sep 2020 03:57:34 GMT",
        "Pragma": "no-cache",
        "Server": "Microsoft-HTTPAPI/2.0",
        "Strict-Transport-Security": "max-age=31536000; includeSubDomains",
        "X-Content-Type-Options": "nosniff",
        "x-ms-correlation-request-id": "22af5950-0bb2-444a-8d01-6644dad85ed6",
        "x-ms-gatewayversion": "version=2.11.0",
        "x-ms-ratelimit-remaining-subscription-reads": "11309",
        "x-ms-request-id": "22af5950-0bb2-444a-8d01-6644dad85ed6",
        "x-ms-routing-request-id": "WESTUS2:20200923T035734Z:22af5950-0bb2-444a-8d01-6644dad85ed6"
      },
      "ResponseBody": {
        "status": "Enqueued"
      }
    },
    {
      "RequestUri": "https://management.azure.com/subscriptions/db1ab6f0-4769-4b27-930e-01e2ef9c123c/providers/Microsoft.DocumentDB/locations/westus/operationsStatus/8ad57e55-42c7-4320-ad72-cfecfdd7713b?api-version=2020-04-01",
      "RequestMethod": "GET",
      "RequestHeaders": {
        "Authorization": "Sanitized",
        "User-Agent": [
          "azsdk-net-ResourceManager.CosmosDB/1.0.0-alpha.20200922.1",
          "(.NET Core 4.6.29220.03; Microsoft Windows 10.0.19041 )"
        ],
        "x-ms-client-request-id": "9bc171674ea6d5a24457698bcae48b14",
        "x-ms-return-client-request-id": "true"
      },
      "RequestBody": null,
      "StatusCode": 200,
      "ResponseHeaders": {
        "Cache-Control": "no-store, no-cache",
        "Content-Length": "21",
        "Content-Location": "https://management.documents.azure.com:450/subscriptions/db1ab6f0-4769-4b27-930e-01e2ef9c123c/providers/Microsoft.DocumentDB/locations/westus/operationsStatus/8ad57e55-42c7-4320-ad72-cfecfdd7713b?api-version=2020-04-01",
        "Content-Type": "application/json",
        "Date": "Wed, 23 Sep 2020 03:57:35 GMT",
        "Pragma": "no-cache",
        "Server": "Microsoft-HTTPAPI/2.0",
        "Strict-Transport-Security": "max-age=31536000; includeSubDomains",
        "X-Content-Type-Options": "nosniff",
        "x-ms-correlation-request-id": "1bcdbad9-7271-4e98-bbfa-ffee73375eba",
        "x-ms-gatewayversion": "version=2.11.0",
        "x-ms-ratelimit-remaining-subscription-reads": "11308",
        "x-ms-request-id": "1bcdbad9-7271-4e98-bbfa-ffee73375eba",
        "x-ms-routing-request-id": "WESTUS2:20200923T035735Z:1bcdbad9-7271-4e98-bbfa-ffee73375eba"
      },
      "ResponseBody": {
        "status": "Enqueued"
      }
    },
    {
      "RequestUri": "https://management.azure.com/subscriptions/db1ab6f0-4769-4b27-930e-01e2ef9c123c/providers/Microsoft.DocumentDB/locations/westus/operationsStatus/8ad57e55-42c7-4320-ad72-cfecfdd7713b?api-version=2020-04-01",
      "RequestMethod": "GET",
      "RequestHeaders": {
        "Authorization": "Sanitized",
        "User-Agent": [
          "azsdk-net-ResourceManager.CosmosDB/1.0.0-alpha.20200922.1",
          "(.NET Core 4.6.29220.03; Microsoft Windows 10.0.19041 )"
        ],
        "x-ms-client-request-id": "a3907c7f51d91776e959d66a8b624796",
        "x-ms-return-client-request-id": "true"
      },
      "RequestBody": null,
      "StatusCode": 200,
      "ResponseHeaders": {
        "Cache-Control": "no-store, no-cache",
        "Content-Length": "21",
        "Content-Location": "https://management.documents.azure.com:450/subscriptions/db1ab6f0-4769-4b27-930e-01e2ef9c123c/providers/Microsoft.DocumentDB/locations/westus/operationsStatus/8ad57e55-42c7-4320-ad72-cfecfdd7713b?api-version=2020-04-01",
        "Content-Type": "application/json",
        "Date": "Wed, 23 Sep 2020 03:57:36 GMT",
        "Pragma": "no-cache",
        "Server": "Microsoft-HTTPAPI/2.0",
        "Strict-Transport-Security": "max-age=31536000; includeSubDomains",
        "X-Content-Type-Options": "nosniff",
        "x-ms-correlation-request-id": "ef896765-4928-41f8-a5c6-809107537123",
        "x-ms-gatewayversion": "version=2.11.0",
        "x-ms-ratelimit-remaining-subscription-reads": "11307",
        "x-ms-request-id": "ef896765-4928-41f8-a5c6-809107537123",
        "x-ms-routing-request-id": "WESTUS2:20200923T035736Z:ef896765-4928-41f8-a5c6-809107537123"
      },
      "ResponseBody": {
        "status": "Dequeued"
      }
    },
    {
      "RequestUri": "https://management.azure.com/subscriptions/db1ab6f0-4769-4b27-930e-01e2ef9c123c/providers/Microsoft.DocumentDB/locations/westus/operationsStatus/8ad57e55-42c7-4320-ad72-cfecfdd7713b?api-version=2020-04-01",
      "RequestMethod": "GET",
      "RequestHeaders": {
        "Authorization": "Sanitized",
        "User-Agent": [
          "azsdk-net-ResourceManager.CosmosDB/1.0.0-alpha.20200922.1",
          "(.NET Core 4.6.29220.03; Microsoft Windows 10.0.19041 )"
        ],
        "x-ms-client-request-id": "a124a33f0681de3bcd6310a4dfde5df2",
        "x-ms-return-client-request-id": "true"
      },
      "RequestBody": null,
      "StatusCode": 200,
      "ResponseHeaders": {
        "Cache-Control": "no-store, no-cache",
        "Content-Length": "21",
        "Content-Location": "https://management.documents.azure.com:450/subscriptions/db1ab6f0-4769-4b27-930e-01e2ef9c123c/providers/Microsoft.DocumentDB/locations/westus/operationsStatus/8ad57e55-42c7-4320-ad72-cfecfdd7713b?api-version=2020-04-01",
        "Content-Type": "application/json",
        "Date": "Wed, 23 Sep 2020 03:57:37 GMT",
        "Pragma": "no-cache",
        "Server": "Microsoft-HTTPAPI/2.0",
        "Strict-Transport-Security": "max-age=31536000; includeSubDomains",
        "X-Content-Type-Options": "nosniff",
        "x-ms-correlation-request-id": "951164e4-c454-4f4c-b0dd-f51592875341",
        "x-ms-gatewayversion": "version=2.11.0",
        "x-ms-ratelimit-remaining-subscription-reads": "11306",
        "x-ms-request-id": "951164e4-c454-4f4c-b0dd-f51592875341",
        "x-ms-routing-request-id": "WESTUS2:20200923T035738Z:951164e4-c454-4f4c-b0dd-f51592875341"
      },
      "ResponseBody": {
        "status": "Dequeued"
      }
    },
    {
      "RequestUri": "https://management.azure.com/subscriptions/db1ab6f0-4769-4b27-930e-01e2ef9c123c/providers/Microsoft.DocumentDB/locations/westus/operationsStatus/8ad57e55-42c7-4320-ad72-cfecfdd7713b?api-version=2020-04-01",
      "RequestMethod": "GET",
      "RequestHeaders": {
        "Authorization": "Sanitized",
        "User-Agent": [
          "azsdk-net-ResourceManager.CosmosDB/1.0.0-alpha.20200922.1",
          "(.NET Core 4.6.29220.03; Microsoft Windows 10.0.19041 )"
        ],
        "x-ms-client-request-id": "f4248e036179168efaaab24c783849e1",
        "x-ms-return-client-request-id": "true"
      },
      "RequestBody": null,
      "StatusCode": 200,
      "ResponseHeaders": {
        "Cache-Control": "no-store, no-cache",
        "Content-Length": "21",
        "Content-Location": "https://management.documents.azure.com:450/subscriptions/db1ab6f0-4769-4b27-930e-01e2ef9c123c/providers/Microsoft.DocumentDB/locations/westus/operationsStatus/8ad57e55-42c7-4320-ad72-cfecfdd7713b?api-version=2020-04-01",
        "Content-Type": "application/json",
        "Date": "Wed, 23 Sep 2020 03:57:38 GMT",
        "Pragma": "no-cache",
        "Server": "Microsoft-HTTPAPI/2.0",
        "Strict-Transport-Security": "max-age=31536000; includeSubDomains",
        "X-Content-Type-Options": "nosniff",
        "x-ms-correlation-request-id": "4e103558-1e43-4111-bb64-fb8b84683df2",
        "x-ms-gatewayversion": "version=2.11.0",
        "x-ms-ratelimit-remaining-subscription-reads": "11305",
        "x-ms-request-id": "4e103558-1e43-4111-bb64-fb8b84683df2",
        "x-ms-routing-request-id": "WESTUS2:20200923T035739Z:4e103558-1e43-4111-bb64-fb8b84683df2"
      },
      "ResponseBody": {
        "status": "Dequeued"
      }
    },
    {
      "RequestUri": "https://management.azure.com/subscriptions/db1ab6f0-4769-4b27-930e-01e2ef9c123c/providers/Microsoft.DocumentDB/locations/westus/operationsStatus/8ad57e55-42c7-4320-ad72-cfecfdd7713b?api-version=2020-04-01",
      "RequestMethod": "GET",
      "RequestHeaders": {
        "Authorization": "Sanitized",
        "User-Agent": [
          "azsdk-net-ResourceManager.CosmosDB/1.0.0-alpha.20200922.1",
          "(.NET Core 4.6.29220.03; Microsoft Windows 10.0.19041 )"
        ],
        "x-ms-client-request-id": "264bd20fe9bf799340b1d67640d1380a",
        "x-ms-return-client-request-id": "true"
      },
      "RequestBody": null,
      "StatusCode": 200,
      "ResponseHeaders": {
        "Cache-Control": "no-store, no-cache",
        "Content-Length": "22",
        "Content-Location": "https://management.documents.azure.com:450/subscriptions/db1ab6f0-4769-4b27-930e-01e2ef9c123c/providers/Microsoft.DocumentDB/locations/westus/operationsStatus/8ad57e55-42c7-4320-ad72-cfecfdd7713b?api-version=2020-04-01",
        "Content-Type": "application/json",
        "Date": "Wed, 23 Sep 2020 03:57:39 GMT",
        "Pragma": "no-cache",
        "Server": "Microsoft-HTTPAPI/2.0",
        "Strict-Transport-Security": "max-age=31536000; includeSubDomains",
        "X-Content-Type-Options": "nosniff",
        "x-ms-correlation-request-id": "50f261a1-103d-4009-ab40-e0fdc76501ca",
        "x-ms-gatewayversion": "version=2.11.0",
        "x-ms-ratelimit-remaining-subscription-reads": "11304",
        "x-ms-request-id": "50f261a1-103d-4009-ab40-e0fdc76501ca",
        "x-ms-routing-request-id": "WESTUS2:20200923T035740Z:50f261a1-103d-4009-ab40-e0fdc76501ca"
      },
      "ResponseBody": {
        "status": "Succeeded"
      }
    },
    {
      "RequestUri": "https://management.azure.com/subscriptions/db1ab6f0-4769-4b27-930e-01e2ef9c123c/resourceGroups/Default-CosmosDB-2659/providers/Microsoft.DocumentDB/databaseAccounts/amegraphtest6092/gremlinDatabases/databaseName1002/graphs/gremlinGraphName1002?api-version=2020-04-01",
      "RequestMethod": "GET",
      "RequestHeaders": {
        "Authorization": "Sanitized",
        "User-Agent": [
          "azsdk-net-ResourceManager.CosmosDB/1.0.0-alpha.20200922.1",
          "(.NET Core 4.6.29220.03; Microsoft Windows 10.0.19041 )"
        ],
        "x-ms-client-request-id": "fd67e3fc523dde1d150ea6d653ee6594",
        "x-ms-return-client-request-id": "true"
      },
      "RequestBody": null,
      "StatusCode": 200,
      "ResponseHeaders": {
        "Cache-Control": "no-store, no-cache",
        "Content-Length": "1472",
        "Content-Location": "https://management.documents.azure.com:450/subscriptions/db1ab6f0-4769-4b27-930e-01e2ef9c123c/resourceGroups/Default-CosmosDB-2659/providers/Microsoft.DocumentDB/databaseAccounts/amegraphtest6092/gremlinDatabases/databaseName1002/graphs/gremlinGraphName1002?api-version=2020-04-01",
        "Content-Type": "application/json",
        "Date": "Wed, 23 Sep 2020 03:57:40 GMT",
        "Pragma": "no-cache",
        "Server": "Microsoft-HTTPAPI/2.0",
        "Strict-Transport-Security": "max-age=31536000; includeSubDomains",
        "X-Content-Type-Options": "nosniff",
        "x-ms-correlation-request-id": "7e2c17d3-c687-4fcf-b083-e28975a68e48",
        "x-ms-gatewayversion": "version=2.11.0",
        "x-ms-ratelimit-remaining-subscription-reads": "11303",
        "x-ms-request-id": "7e2c17d3-c687-4fcf-b083-e28975a68e48",
        "x-ms-routing-request-id": "WESTUS2:20200923T035741Z:7e2c17d3-c687-4fcf-b083-e28975a68e48"
      },
      "ResponseBody": {
        "id": "/subscriptions/db1ab6f0-4769-4b27-930e-01e2ef9c123c/resourceGroups/Default-CosmosDB-2659/providers/Microsoft.DocumentDB/databaseAccounts/amegraphtest6092/gremlinDatabases/databaseName1002/graphs/gremlinGraphName1002",
        "type": "Microsoft.DocumentDB/databaseAccounts/gremlinDatabases/graphs",
        "name": "gremlinGraphName1002",
        "properties": {
          "resource": {
            "id": "gremlinGraphName1002",
            "indexingPolicy": {
              "indexingMode": "consistent",
              "automatic": true,
              "includedPaths": [
                {
                  "path": "/*"
                }
              ],
              "excludedPaths": [
                {
                  "path": "/pathToNotIndex/*"
                },
                {
                  "path": "/\u0022_etag\u0022/?"
                }
              ],
              "spatialIndexes": [
                {
                  "path": "/*",
                  "types": [
                    "Point",
                    "LineString",
                    "Polygon",
                    "MultiPolygon"
                  ]
                }
              ],
              "compositeIndexes": [
                [
                  {
                    "path": "/orderByPath1",
                    "order": "ascending"
                  },
                  {
                    "path": "/orderByPath2",
                    "order": "descending"
                  }
                ],
                [
                  {
                    "path": "/orderByPath3",
                    "order": "ascending"
                  },
                  {
                    "path": "/orderByPath4",
                    "order": "descending"
                  }
                ]
              ]
            },
            "partitionKey": {
              "paths": [
                "/address"
              ],
              "kind": "Hash"
            },
            "defaultTtl": -1,
            "uniqueKeyPolicy": {
              "uniqueKeys": [
                {
                  "paths": [
                    "/testpath"
                  ]
                }
              ]
            },
            "conflictResolutionPolicy": {
              "mode": "LastWriterWins",
              "conflictResolutionPath": "/path",
              "conflictResolutionProcedure": ""
            },
            "geospatialConfig": {
              "type": "Geography"
            },
            "uniqueIndexReIndexingState": 0,
            "_rid": "G7JIAObRc2s=",
            "_ts": 1600833458,
            "_self": "dbs/G7JIAA==/colls/G7JIAObRc2s=/",
            "_etag": "\u002200002e88-0000-0700-0000-5f6ac7b20000\u0022",
            "_docs": "docs/",
            "_sprocs": "sprocs/",
            "_triggers": "triggers/",
            "_udfs": "udfs/",
            "_conflicts": "conflicts/",
            "statistics": [
              {
                "id": "0",
                "sizeInKB": 0,
                "documentCount": 0,
                "partitionKeys": []
              }
            ]
          }
        }
      }
    },
    {
      "RequestUri": "https://management.azure.com/subscriptions/db1ab6f0-4769-4b27-930e-01e2ef9c123c/resourceGroups/Default-CosmosDB-2659/providers/Microsoft.DocumentDB/databaseAccounts/amegraphtest6092/gremlinDatabases/databaseName1002/graphs/gremlinGraphName1002/throughputSettings/default?api-version=2020-04-01",
      "RequestMethod": "GET",
      "RequestHeaders": {
        "Accept": "application/json",
        "Authorization": "Sanitized",
        "traceparent": "00-47667d51844267468f2ac14dc74fbd59-3e1bb569de94b342-00",
        "User-Agent": [
          "azsdk-net-ResourceManager.CosmosDB/1.0.0-alpha.20200922.1",
          "(.NET Core 4.6.29220.03; Microsoft Windows 10.0.19041 )"
        ],
        "x-ms-client-request-id": "0c952e1936921932faabb4c78a17d529",
        "x-ms-return-client-request-id": "true"
      },
      "RequestBody": null,
      "StatusCode": 200,
      "ResponseHeaders": {
        "Cache-Control": "no-store, no-cache",
        "Content-Length": "426",
        "Content-Location": "https://management.documents.azure.com:450/subscriptions/db1ab6f0-4769-4b27-930e-01e2ef9c123c/resourceGroups/Default-CosmosDB-2659/providers/Microsoft.DocumentDB/databaseAccounts/amegraphtest6092/gremlinDatabases/databaseName1002/graphs/gremlinGraphName1002/throughputSettings/default?api-version=2020-04-01",
        "Content-Type": "application/json",
        "Date": "Wed, 23 Sep 2020 03:57:41 GMT",
        "Pragma": "no-cache",
        "Server": "Microsoft-HTTPAPI/2.0",
        "Strict-Transport-Security": "max-age=31536000; includeSubDomains",
        "X-Content-Type-Options": "nosniff",
        "x-ms-correlation-request-id": "7ddda161-114c-4b5a-be41-6880b8668f42",
        "x-ms-gatewayversion": "version=2.11.0",
        "x-ms-ratelimit-remaining-subscription-reads": "11302",
        "x-ms-request-id": "7ddda161-114c-4b5a-be41-6880b8668f42",
        "x-ms-routing-request-id": "WESTUS2:20200923T035741Z:7ddda161-114c-4b5a-be41-6880b8668f42"
      },
      "ResponseBody": {
        "id": "/subscriptions/db1ab6f0-4769-4b27-930e-01e2ef9c123c/resourceGroups/Default-CosmosDB-2659/providers/Microsoft.DocumentDB/databaseAccounts/amegraphtest6092/gremlinDatabases/databaseName1002/graphs/gremlinGraphName1002/throughputSettings/default",
        "type": "Microsoft.DocumentDB/databaseAccounts/gremlinDatabases/graphs/throughputSettings",
        "name": "ZSU-",
        "properties": {
          "resource": {
            "throughput": 700,
            "minimumThroughput": "400"
          }
        }
      }
    }
  ],
  "Variables": {
    "RandomSeed": "224030485"
  }
}