{
  "Entries": [
    {
      "RequestUri": "https://management.azure.com/subscriptions/db1ab6f0-4769-4b27-930e-01e2ef9c123c/resourceGroups/Default-CosmosDB-2659/providers/Microsoft.DocumentDB/databaseAccounts/amegraphtest6092/gremlinDatabases/databaseName1002/graphs/gremlinGraphName1002/throughputSettings/default?api-version=2020-04-01",
      "RequestMethod": "PUT",
      "RequestHeaders": {
        "Accept": "application/json",
        "Authorization": "Sanitized",
        "Content-Length": "47",
        "Content-Type": "application/json",
        "traceparent": "00-4bea0eb06e087a47bd346e2a7f22cd6c-3b3d21ee5dc53e4e-00",
        "User-Agent": [
          "azsdk-net-ResourceManager.CosmosDB/1.0.0-alpha.20200922.1",
          "(.NET Core 4.6.29220.03; Microsoft Windows 10.0.19041 )"
        ],
        "x-ms-client-request-id": "f939317f39c6c187543ccdb8e84430a8",
        "x-ms-return-client-request-id": "true"
      },
      "RequestBody": {
        "properties": {
          "resource": {
            "throughput": 7000
          }
        }
      },
      "StatusCode": 202,
      "ResponseHeaders": {
        "Azure-AsyncOperation": "https://management.azure.com/subscriptions/db1ab6f0-4769-4b27-930e-01e2ef9c123c/providers/Microsoft.DocumentDB/locations/westus/operationsStatus/39862a41-5ffa-43be-b567-1aadd2ff238c?api-version=2020-04-01",
        "Cache-Control": "no-store, no-cache",
        "Content-Length": "21",
        "Content-Location": "https://management.documents.azure.com:450/subscriptions/db1ab6f0-4769-4b27-930e-01e2ef9c123c/resourceGroups/Default-CosmosDB-2659/providers/Microsoft.DocumentDB/databaseAccounts/amegraphtest6092/gremlinDatabases/databaseName1002/graphs/gremlinGraphName1002/throughputSettings/default?api-version=2020-04-01",
        "Content-Type": "application/json",
        "Date": "Wed, 23 Sep 2020 03:57:42 GMT",
        "Location": "https://management.azure.com/subscriptions/db1ab6f0-4769-4b27-930e-01e2ef9c123c/resourceGroups/Default-CosmosDB-2659/providers/Microsoft.DocumentDB/databaseAccounts/amegraphtest6092/gremlinDatabases/databaseName1002/graphs/gremlinGraphName1002/throughputSettings/default/operationResults/39862a41-5ffa-43be-b567-1aadd2ff238c?api-version=2020-04-01",
        "Pragma": "no-cache",
        "Server": "Microsoft-HTTPAPI/2.0",
        "Strict-Transport-Security": "max-age=31536000; includeSubDomains",
        "X-Content-Type-Options": "nosniff",
        "x-ms-correlation-request-id": "39ed6ab7-f354-4a48-8066-f57768ebc153",
        "x-ms-gatewayversion": "version=2.11.0",
        "x-ms-ratelimit-remaining-subscription-writes": "1193",
        "x-ms-request-id": "39862a41-5ffa-43be-b567-1aadd2ff238c",
        "x-ms-routing-request-id": "WESTUS2:20200923T035743Z:39ed6ab7-f354-4a48-8066-f57768ebc153"
      },
      "ResponseBody": {
        "status": "Enqueued"
      }
    },
    {
      "RequestUri": "https://management.azure.com/subscriptions/db1ab6f0-4769-4b27-930e-01e2ef9c123c/providers/Microsoft.DocumentDB/locations/westus/operationsStatus/39862a41-5ffa-43be-b567-1aadd2ff238c?api-version=2020-04-01",
      "RequestMethod": "GET",
      "RequestHeaders": {
        "Authorization": "Sanitized",
        "User-Agent": [
          "azsdk-net-ResourceManager.CosmosDB/1.0.0-alpha.20200922.1",
          "(.NET Core 4.6.29220.03; Microsoft Windows 10.0.19041 )"
        ],
        "x-ms-client-request-id": "c4af3768482a5f665a7e35e04d656da5",
        "x-ms-return-client-request-id": "true"
      },
      "RequestBody": null,
      "StatusCode": 200,
      "ResponseHeaders": {
        "Cache-Control": "no-store, no-cache",
        "Content-Length": "21",
        "Content-Location": "https://management.documents.azure.com:450/subscriptions/db1ab6f0-4769-4b27-930e-01e2ef9c123c/providers/Microsoft.DocumentDB/locations/westus/operationsStatus/39862a41-5ffa-43be-b567-1aadd2ff238c?api-version=2020-04-01",
        "Content-Type": "application/json",
        "Date": "Wed, 23 Sep 2020 03:57:42 GMT",
        "Pragma": "no-cache",
        "Server": "Microsoft-HTTPAPI/2.0",
        "Strict-Transport-Security": "max-age=31536000; includeSubDomains",
        "X-Content-Type-Options": "nosniff",
        "x-ms-correlation-request-id": "f95fd413-5aa5-43c9-87d3-6b610c507b77",
        "x-ms-gatewayversion": "version=2.11.0",
        "x-ms-ratelimit-remaining-subscription-reads": "11301",
        "x-ms-request-id": "f95fd413-5aa5-43c9-87d3-6b610c507b77",
        "x-ms-routing-request-id": "WESTUS2:20200923T035743Z:f95fd413-5aa5-43c9-87d3-6b610c507b77"
      },
      "ResponseBody": {
        "status": "Enqueued"
      }
    },
    {
      "RequestUri": "https://management.azure.com/subscriptions/db1ab6f0-4769-4b27-930e-01e2ef9c123c/providers/Microsoft.DocumentDB/locations/westus/operationsStatus/39862a41-5ffa-43be-b567-1aadd2ff238c?api-version=2020-04-01",
      "RequestMethod": "GET",
      "RequestHeaders": {
        "Authorization": "Sanitized",
        "User-Agent": [
          "azsdk-net-ResourceManager.CosmosDB/1.0.0-alpha.20200922.1",
          "(.NET Core 4.6.29220.03; Microsoft Windows 10.0.19041 )"
        ],
        "x-ms-client-request-id": "7eb84a3e30b9df155757c63abfa5021a",
        "x-ms-return-client-request-id": "true"
      },
      "RequestBody": null,
      "StatusCode": 200,
      "ResponseHeaders": {
        "Cache-Control": "no-store, no-cache",
        "Content-Length": "21",
        "Content-Location": "https://management.documents.azure.com:450/subscriptions/db1ab6f0-4769-4b27-930e-01e2ef9c123c/providers/Microsoft.DocumentDB/locations/westus/operationsStatus/39862a41-5ffa-43be-b567-1aadd2ff238c?api-version=2020-04-01",
        "Content-Type": "application/json",
        "Date": "Wed, 23 Sep 2020 03:57:44 GMT",
        "Pragma": "no-cache",
        "Server": "Microsoft-HTTPAPI/2.0",
        "Strict-Transport-Security": "max-age=31536000; includeSubDomains",
        "X-Content-Type-Options": "nosniff",
        "x-ms-correlation-request-id": "ef718e4c-7e10-401d-8f4b-e186e0a1c028",
        "x-ms-gatewayversion": "version=2.11.0",
        "x-ms-ratelimit-remaining-subscription-reads": "11300",
        "x-ms-request-id": "ef718e4c-7e10-401d-8f4b-e186e0a1c028",
        "x-ms-routing-request-id": "WESTUS2:20200923T035744Z:ef718e4c-7e10-401d-8f4b-e186e0a1c028"
      },
      "ResponseBody": {
        "status": "Enqueued"
      }
    },
    {
      "RequestUri": "https://management.azure.com/subscriptions/db1ab6f0-4769-4b27-930e-01e2ef9c123c/providers/Microsoft.DocumentDB/locations/westus/operationsStatus/39862a41-5ffa-43be-b567-1aadd2ff238c?api-version=2020-04-01",
      "RequestMethod": "GET",
      "RequestHeaders": {
        "Authorization": "Sanitized",
        "User-Agent": [
          "azsdk-net-ResourceManager.CosmosDB/1.0.0-alpha.20200922.1",
          "(.NET Core 4.6.29220.03; Microsoft Windows 10.0.19041 )"
        ],
        "x-ms-client-request-id": "b050bf8b6b94877d9eb05aea6bf995cd",
        "x-ms-return-client-request-id": "true"
      },
      "RequestBody": null,
      "StatusCode": 200,
      "ResponseHeaders": {
        "Cache-Control": "no-store, no-cache",
        "Content-Length": "21",
        "Content-Location": "https://management.documents.azure.com:450/subscriptions/db1ab6f0-4769-4b27-930e-01e2ef9c123c/providers/Microsoft.DocumentDB/locations/westus/operationsStatus/39862a41-5ffa-43be-b567-1aadd2ff238c?api-version=2020-04-01",
        "Content-Type": "application/json",
        "Date": "Wed, 23 Sep 2020 03:57:45 GMT",
        "Pragma": "no-cache",
        "Server": "Microsoft-HTTPAPI/2.0",
        "Strict-Transport-Security": "max-age=31536000; includeSubDomains",
        "X-Content-Type-Options": "nosniff",
        "x-ms-correlation-request-id": "e48f4286-49b8-4e30-a414-75624be7c1f7",
        "x-ms-gatewayversion": "version=2.11.0",
        "x-ms-ratelimit-remaining-subscription-reads": "11299",
        "x-ms-request-id": "e48f4286-49b8-4e30-a414-75624be7c1f7",
        "x-ms-routing-request-id": "WESTUS2:20200923T035745Z:e48f4286-49b8-4e30-a414-75624be7c1f7"
      },
      "ResponseBody": {
        "status": "Enqueued"
      }
    },
    {
      "RequestUri": "https://management.azure.com/subscriptions/db1ab6f0-4769-4b27-930e-01e2ef9c123c/providers/Microsoft.DocumentDB/locations/westus/operationsStatus/39862a41-5ffa-43be-b567-1aadd2ff238c?api-version=2020-04-01",
      "RequestMethod": "GET",
      "RequestHeaders": {
        "Authorization": "Sanitized",
        "User-Agent": [
          "azsdk-net-ResourceManager.CosmosDB/1.0.0-alpha.20200922.1",
          "(.NET Core 4.6.29220.03; Microsoft Windows 10.0.19041 )"
        ],
        "x-ms-client-request-id": "75a3d41f3381375421d06cd3822c9fb4",
        "x-ms-return-client-request-id": "true"
      },
      "RequestBody": null,
      "StatusCode": 200,
      "ResponseHeaders": {
        "Cache-Control": "no-store, no-cache",
        "Content-Length": "21",
        "Content-Location": "https://management.documents.azure.com:450/subscriptions/db1ab6f0-4769-4b27-930e-01e2ef9c123c/providers/Microsoft.DocumentDB/locations/westus/operationsStatus/39862a41-5ffa-43be-b567-1aadd2ff238c?api-version=2020-04-01",
        "Content-Type": "application/json",
        "Date": "Wed, 23 Sep 2020 03:57:46 GMT",
        "Pragma": "no-cache",
        "Server": "Microsoft-HTTPAPI/2.0",
        "Strict-Transport-Security": "max-age=31536000; includeSubDomains",
        "X-Content-Type-Options": "nosniff",
        "x-ms-correlation-request-id": "cb0a3ac4-64f8-46b2-a448-d1a59928d9fb",
        "x-ms-gatewayversion": "version=2.11.0",
        "x-ms-ratelimit-remaining-subscription-reads": "11298",
        "x-ms-request-id": "cb0a3ac4-64f8-46b2-a448-d1a59928d9fb",
        "x-ms-routing-request-id": "WESTUS2:20200923T035746Z:cb0a3ac4-64f8-46b2-a448-d1a59928d9fb"
      },
      "ResponseBody": {
        "status": "Dequeued"
      }
    },
    {
      "RequestUri": "https://management.azure.com/subscriptions/db1ab6f0-4769-4b27-930e-01e2ef9c123c/providers/Microsoft.DocumentDB/locations/westus/operationsStatus/39862a41-5ffa-43be-b567-1aadd2ff238c?api-version=2020-04-01",
      "RequestMethod": "GET",
      "RequestHeaders": {
        "Authorization": "Sanitized",
        "User-Agent": [
          "azsdk-net-ResourceManager.CosmosDB/1.0.0-alpha.20200922.1",
          "(.NET Core 4.6.29220.03; Microsoft Windows 10.0.19041 )"
        ],
        "x-ms-client-request-id": "8d541a7bbc15d210cc31df08d62b735e",
        "x-ms-return-client-request-id": "true"
      },
      "RequestBody": null,
      "StatusCode": 200,
      "ResponseHeaders": {
        "Cache-Control": "no-store, no-cache",
        "Content-Length": "22",
        "Content-Location": "https://management.documents.azure.com:450/subscriptions/db1ab6f0-4769-4b27-930e-01e2ef9c123c/providers/Microsoft.DocumentDB/locations/westus/operationsStatus/39862a41-5ffa-43be-b567-1aadd2ff238c?api-version=2020-04-01",
        "Content-Type": "application/json",
        "Date": "Wed, 23 Sep 2020 03:57:47 GMT",
        "Pragma": "no-cache",
        "Server": "Microsoft-HTTPAPI/2.0",
        "Strict-Transport-Security": "max-age=31536000; includeSubDomains",
        "X-Content-Type-Options": "nosniff",
        "x-ms-correlation-request-id": "18159633-55fe-4a0a-ad7e-2ae3a7dbaefd",
        "x-ms-gatewayversion": "version=2.11.0",
        "x-ms-ratelimit-remaining-subscription-reads": "11297",
        "x-ms-request-id": "18159633-55fe-4a0a-ad7e-2ae3a7dbaefd",
        "x-ms-routing-request-id": "WESTUS2:20200923T035747Z:18159633-55fe-4a0a-ad7e-2ae3a7dbaefd"
      },
      "ResponseBody": {
        "status": "Succeeded"
      }
    },
    {
      "RequestUri": "https://management.azure.com/subscriptions/db1ab6f0-4769-4b27-930e-01e2ef9c123c/resourceGroups/Default-CosmosDB-2659/providers/Microsoft.DocumentDB/databaseAccounts/amegraphtest6092/gremlinDatabases/databaseName1002/graphs/gremlinGraphName1002/throughputSettings/default?api-version=2020-04-01",
      "RequestMethod": "GET",
      "RequestHeaders": {
        "Authorization": "Sanitized",
        "User-Agent": [
          "azsdk-net-ResourceManager.CosmosDB/1.0.0-alpha.20200922.1",
          "(.NET Core 4.6.29220.03; Microsoft Windows 10.0.19041 )"
        ],
        "x-ms-client-request-id": "ea1bf9c18c0258996b198fc3ffa90472",
        "x-ms-return-client-request-id": "true"
      },
      "RequestBody": null,
      "StatusCode": 200,
      "ResponseHeaders": {
        "Cache-Control": "no-store, no-cache",
        "Content-Length": "427",
        "Content-Location": "https://management.documents.azure.com:450/subscriptions/db1ab6f0-4769-4b27-930e-01e2ef9c123c/resourceGroups/Default-CosmosDB-2659/providers/Microsoft.DocumentDB/databaseAccounts/amegraphtest6092/gremlinDatabases/databaseName1002/graphs/gremlinGraphName1002/throughputSettings/default?api-version=2020-04-01",
        "Content-Type": "application/json",
        "Date": "Wed, 23 Sep 2020 03:57:47 GMT",
        "Pragma": "no-cache",
        "Server": "Microsoft-HTTPAPI/2.0",
        "Strict-Transport-Security": "max-age=31536000; includeSubDomains",
        "X-Content-Type-Options": "nosniff",
        "x-ms-correlation-request-id": "e78d0de9-23a9-4814-b985-7d8b6d1f953c",
        "x-ms-gatewayversion": "version=2.11.0",
        "x-ms-ratelimit-remaining-subscription-reads": "11296",
        "x-ms-request-id": "e78d0de9-23a9-4814-b985-7d8b6d1f953c",
        "x-ms-routing-request-id": "WESTUS2:20200923T035748Z:e78d0de9-23a9-4814-b985-7d8b6d1f953c"
      },
      "ResponseBody": {
        "id": "/subscriptions/db1ab6f0-4769-4b27-930e-01e2ef9c123c/resourceGroups/Default-CosmosDB-2659/providers/Microsoft.DocumentDB/databaseAccounts/amegraphtest6092/gremlinDatabases/databaseName1002/graphs/gremlinGraphName1002/throughputSettings/default",
        "type": "Microsoft.DocumentDB/databaseAccounts/gremlinDatabases/graphs/throughputSettings",
        "name": "ZSU-",
        "properties": {
          "resource": {
            "throughput": 7000,
            "minimumThroughput": "400"
          }
        }
      }
    }
  ],
  "Variables": {
    "RandomSeed": "533084953"
  }
}