{
  "Entries": [
    {
      "RequestUri": "https://management.azure.com/subscriptions/db1ab6f0-4769-4b27-930e-01e2ef9c123c/resourceGroups/Default-CosmosDB-5454/providers/Microsoft.DocumentDB/databaseAccounts/amegraphtest1336/gremlinDatabases/databaseName1002/graphs/gremlinGraphName1002?api-version=2020-04-01",
      "RequestMethod": "PUT",
      "RequestHeaders": {
        "Accept": "application/json",
        "Authorization": "Sanitized",
        "Content-Length": "756",
        "Content-Type": "application/json",
        "traceparent": "00-200abba92c52ec488f005e3bc4925f16-523e92ea9e01ce44-00",
        "User-Agent": [
          "azsdk-net-ResourceManager.CosmosDB/1.0.0-alpha.20200924.1",
          "(.NET Core 4.6.29220.03; Microsoft Windows 10.0.19041 )"
        ],
        "x-ms-client-request-id": "1a5257578a22063334eaa242d7dd5b63",
        "x-ms-return-client-request-id": "true"
      },
      "RequestBody": {
        "properties": {
          "resource": {
            "id": "gremlinGraphName1002",
            "indexingPolicy": {
              "automatic": true,
              "indexingMode": "Consistent",
              "includedPaths": [
                {
                  "path": "/*"
                }
              ],
              "excludedPaths": [
                {
                  "path": "/pathToNotIndex/*"
                }
              ],
              "compositeIndexes": [
                [
                  {
                    "path": "/orderByPath1",
                    "order": "Ascending"
                  },
                  {
                    "path": "/orderByPath2",
                    "order": "Descending"
                  }
                ],
                [
                  {
                    "path": "/orderByPath3",
                    "order": "Ascending"
                  },
                  {
                    "path": "/orderByPath4",
                    "order": "Descending"
                  }
                ]
              ],
              "spatialIndexes": [
                {
                  "path": "/*",
                  "types": [
                    "Point"
                  ]
                }
              ]
            },
            "partitionKey": {
              "paths": [
                "/address"
              ],
              "kind": "Hash"
            },
            "defaultTtl": -1,
            "uniqueKeyPolicy": {
              "uniqueKeys": [
                {
                  "paths": [
                    "/testpath"
                  ]
                }
              ]
            },
            "conflictResolutionPolicy": {
              "mode": "LastWriterWins",
              "conflictResolutionPath": "/path",
              "conflictResolutionProcedure": ""
            }
          },
          "options": {
            "throughput": 700,
            "autoscaleSettings": {}
          }
        }
      },
      "StatusCode": 202,
      "ResponseHeaders": {
        "Azure-AsyncOperation": "https://management.azure.com/subscriptions/db1ab6f0-4769-4b27-930e-01e2ef9c123c/providers/Microsoft.DocumentDB/locations/westus/operationsStatus/9786d662-e1df-407a-9ebb-1a58c14ccf66?api-version=2020-04-01",
        "Cache-Control": "no-store, no-cache",
        "Content-Length": "21",
        "Content-Location": "https://management.documents.azure.com:450/subscriptions/db1ab6f0-4769-4b27-930e-01e2ef9c123c/resourceGroups/Default-CosmosDB-5454/providers/Microsoft.DocumentDB/databaseAccounts/amegraphtest1336/gremlinDatabases/databaseName1002/graphs/gremlinGraphName1002?api-version=2020-04-01",
        "Content-Type": "application/json",
        "Date": "Fri, 25 Sep 2020 01:57:09 GMT",
        "Location": "https://management.azure.com/subscriptions/db1ab6f0-4769-4b27-930e-01e2ef9c123c/resourceGroups/Default-CosmosDB-5454/providers/Microsoft.DocumentDB/databaseAccounts/amegraphtest1336/gremlinDatabases/databaseName1002/graphs/gremlinGraphName1002/operationResults/9786d662-e1df-407a-9ebb-1a58c14ccf66?api-version=2020-04-01",
        "Pragma": "no-cache",
        "Server": "Microsoft-HTTPAPI/2.0",
        "Strict-Transport-Security": "max-age=31536000; includeSubDomains",
        "X-Content-Type-Options": "nosniff",
        "x-ms-correlation-request-id": "59fc5dc7-dcee-4ba3-8382-626d587dadd7",
        "x-ms-gatewayversion": "version=2.11.0",
        "x-ms-ratelimit-remaining-subscription-writes": "1183",
        "x-ms-request-id": "9786d662-e1df-407a-9ebb-1a58c14ccf66",
        "x-ms-routing-request-id": "WESTUS2:20200925T015710Z:59fc5dc7-dcee-4ba3-8382-626d587dadd7"
      },
      "ResponseBody": {
        "status": "Enqueued"
      }
    },
    {
      "RequestUri": "https://management.azure.com/subscriptions/db1ab6f0-4769-4b27-930e-01e2ef9c123c/providers/Microsoft.DocumentDB/locations/westus/operationsStatus/9786d662-e1df-407a-9ebb-1a58c14ccf66?api-version=2020-04-01",
      "RequestMethod": "GET",
      "RequestHeaders": {
        "Authorization": "Sanitized",
        "User-Agent": [
          "azsdk-net-ResourceManager.CosmosDB/1.0.0-alpha.20200924.1",
          "(.NET Core 4.6.29220.03; Microsoft Windows 10.0.19041 )"
        ],
        "x-ms-client-request-id": "cd8e79e51713d007d2dfc9e508ff6c91",
        "x-ms-return-client-request-id": "true"
      },
      "RequestBody": null,
      "StatusCode": 200,
      "ResponseHeaders": {
        "Cache-Control": "no-store, no-cache",
        "Content-Length": "21",
        "Content-Location": "https://management.documents.azure.com:450/subscriptions/db1ab6f0-4769-4b27-930e-01e2ef9c123c/providers/Microsoft.DocumentDB/locations/westus/operationsStatus/9786d662-e1df-407a-9ebb-1a58c14ccf66?api-version=2020-04-01",
        "Content-Type": "application/json",
        "Date": "Fri, 25 Sep 2020 01:57:09 GMT",
        "Pragma": "no-cache",
        "Server": "Microsoft-HTTPAPI/2.0",
        "Strict-Transport-Security": "max-age=31536000; includeSubDomains",
        "X-Content-Type-Options": "nosniff",
        "x-ms-correlation-request-id": "ea990c47-f557-4ef7-b913-c4e437bee798",
        "x-ms-gatewayversion": "version=2.11.0",
        "x-ms-ratelimit-remaining-subscription-reads": "9033",
        "x-ms-request-id": "ea990c47-f557-4ef7-b913-c4e437bee798",
        "x-ms-routing-request-id": "WESTUS2:20200925T015710Z:ea990c47-f557-4ef7-b913-c4e437bee798"
      },
      "ResponseBody": {
        "status": "Enqueued"
      }
    },
    {
      "RequestUri": "https://management.azure.com/subscriptions/db1ab6f0-4769-4b27-930e-01e2ef9c123c/providers/Microsoft.DocumentDB/locations/westus/operationsStatus/9786d662-e1df-407a-9ebb-1a58c14ccf66?api-version=2020-04-01",
      "RequestMethod": "GET",
      "RequestHeaders": {
        "Authorization": "Sanitized",
        "User-Agent": [
          "azsdk-net-ResourceManager.CosmosDB/1.0.0-alpha.20200924.1",
          "(.NET Core 4.6.29220.03; Microsoft Windows 10.0.19041 )"
        ],
        "x-ms-client-request-id": "c7295a442cd0becde7b2c74cfe438d91",
        "x-ms-return-client-request-id": "true"
      },
      "RequestBody": null,
      "StatusCode": 200,
      "ResponseHeaders": {
        "Cache-Control": "no-store, no-cache",
        "Content-Length": "21",
        "Content-Location": "https://management.documents.azure.com:450/subscriptions/db1ab6f0-4769-4b27-930e-01e2ef9c123c/providers/Microsoft.DocumentDB/locations/westus/operationsStatus/9786d662-e1df-407a-9ebb-1a58c14ccf66?api-version=2020-04-01",
        "Content-Type": "application/json",
        "Date": "Fri, 25 Sep 2020 01:57:10 GMT",
        "Pragma": "no-cache",
        "Server": "Microsoft-HTTPAPI/2.0",
        "Strict-Transport-Security": "max-age=31536000; includeSubDomains",
        "X-Content-Type-Options": "nosniff",
        "x-ms-correlation-request-id": "ed209a77-5d9a-4364-bded-dac2ac2e911f",
        "x-ms-gatewayversion": "version=2.11.0",
        "x-ms-ratelimit-remaining-subscription-reads": "9032",
        "x-ms-request-id": "ed209a77-5d9a-4364-bded-dac2ac2e911f",
        "x-ms-routing-request-id": "WESTUS2:20200925T015711Z:ed209a77-5d9a-4364-bded-dac2ac2e911f"
      },
      "ResponseBody": {
        "status": "Enqueued"
      }
    },
    {
      "RequestUri": "https://management.azure.com/subscriptions/db1ab6f0-4769-4b27-930e-01e2ef9c123c/providers/Microsoft.DocumentDB/locations/westus/operationsStatus/9786d662-e1df-407a-9ebb-1a58c14ccf66?api-version=2020-04-01",
      "RequestMethod": "GET",
      "RequestHeaders": {
        "Authorization": "Sanitized",
        "User-Agent": [
          "azsdk-net-ResourceManager.CosmosDB/1.0.0-alpha.20200924.1",
          "(.NET Core 4.6.29220.03; Microsoft Windows 10.0.19041 )"
        ],
        "x-ms-client-request-id": "5e5dc0958e4ec05094deebdacf8a9754",
        "x-ms-return-client-request-id": "true"
      },
      "RequestBody": null,
      "StatusCode": 200,
      "ResponseHeaders": {
        "Cache-Control": "no-store, no-cache",
        "Content-Length": "21",
        "Content-Location": "https://management.documents.azure.com:450/subscriptions/db1ab6f0-4769-4b27-930e-01e2ef9c123c/providers/Microsoft.DocumentDB/locations/westus/operationsStatus/9786d662-e1df-407a-9ebb-1a58c14ccf66?api-version=2020-04-01",
        "Content-Type": "application/json",
        "Date": "Fri, 25 Sep 2020 01:57:11 GMT",
        "Pragma": "no-cache",
        "Server": "Microsoft-HTTPAPI/2.0",
        "Strict-Transport-Security": "max-age=31536000; includeSubDomains",
        "X-Content-Type-Options": "nosniff",
        "x-ms-correlation-request-id": "7d82c3b6-a064-426c-a3ca-272f8b466a07",
        "x-ms-gatewayversion": "version=2.11.0",
        "x-ms-ratelimit-remaining-subscription-reads": "9031",
        "x-ms-request-id": "7d82c3b6-a064-426c-a3ca-272f8b466a07",
        "x-ms-routing-request-id": "WESTUS2:20200925T015712Z:7d82c3b6-a064-426c-a3ca-272f8b466a07"
      },
      "ResponseBody": {
        "status": "Enqueued"
      }
    },
    {
      "RequestUri": "https://management.azure.com/subscriptions/db1ab6f0-4769-4b27-930e-01e2ef9c123c/providers/Microsoft.DocumentDB/locations/westus/operationsStatus/9786d662-e1df-407a-9ebb-1a58c14ccf66?api-version=2020-04-01",
      "RequestMethod": "GET",
      "RequestHeaders": {
        "Authorization": "Sanitized",
        "User-Agent": [
          "azsdk-net-ResourceManager.CosmosDB/1.0.0-alpha.20200924.1",
          "(.NET Core 4.6.29220.03; Microsoft Windows 10.0.19041 )"
        ],
        "x-ms-client-request-id": "1eabfa698d79b810abcfe5604fbad18f",
        "x-ms-return-client-request-id": "true"
      },
      "RequestBody": null,
      "StatusCode": 200,
      "ResponseHeaders": {
        "Cache-Control": "no-store, no-cache",
        "Content-Length": "21",
        "Content-Location": "https://management.documents.azure.com:450/subscriptions/db1ab6f0-4769-4b27-930e-01e2ef9c123c/providers/Microsoft.DocumentDB/locations/westus/operationsStatus/9786d662-e1df-407a-9ebb-1a58c14ccf66?api-version=2020-04-01",
        "Content-Type": "application/json",
        "Date": "Fri, 25 Sep 2020 01:57:13 GMT",
        "Pragma": "no-cache",
        "Server": "Microsoft-HTTPAPI/2.0",
        "Strict-Transport-Security": "max-age=31536000; includeSubDomains",
        "X-Content-Type-Options": "nosniff",
        "x-ms-correlation-request-id": "cf385f09-ccf7-4dee-8a67-1922ea851d41",
        "x-ms-gatewayversion": "version=2.11.0",
        "x-ms-ratelimit-remaining-subscription-reads": "9030",
        "x-ms-request-id": "cf385f09-ccf7-4dee-8a67-1922ea851d41",
        "x-ms-routing-request-id": "WESTUS2:20200925T015714Z:cf385f09-ccf7-4dee-8a67-1922ea851d41"
      },
      "ResponseBody": {
        "status": "Dequeued"
      }
    },
    {
      "RequestUri": "https://management.azure.com/subscriptions/db1ab6f0-4769-4b27-930e-01e2ef9c123c/providers/Microsoft.DocumentDB/locations/westus/operationsStatus/9786d662-e1df-407a-9ebb-1a58c14ccf66?api-version=2020-04-01",
      "RequestMethod": "GET",
      "RequestHeaders": {
        "Authorization": "Sanitized",
        "User-Agent": [
          "azsdk-net-ResourceManager.CosmosDB/1.0.0-alpha.20200924.1",
          "(.NET Core 4.6.29220.03; Microsoft Windows 10.0.19041 )"
        ],
        "x-ms-client-request-id": "474f37510da1b642096932f140f2ef5d",
        "x-ms-return-client-request-id": "true"
      },
      "RequestBody": null,
      "StatusCode": 200,
      "ResponseHeaders": {
        "Cache-Control": "no-store, no-cache",
        "Content-Length": "21",
        "Content-Location": "https://management.documents.azure.com:450/subscriptions/db1ab6f0-4769-4b27-930e-01e2ef9c123c/providers/Microsoft.DocumentDB/locations/westus/operationsStatus/9786d662-e1df-407a-9ebb-1a58c14ccf66?api-version=2020-04-01",
        "Content-Type": "application/json",
        "Date": "Fri, 25 Sep 2020 01:57:15 GMT",
        "Pragma": "no-cache",
        "Server": "Microsoft-HTTPAPI/2.0",
        "Strict-Transport-Security": "max-age=31536000; includeSubDomains",
        "X-Content-Type-Options": "nosniff",
        "x-ms-correlation-request-id": "e25a077e-3ecd-46e6-9ed1-4e0ca4929c56",
        "x-ms-gatewayversion": "version=2.11.0",
        "x-ms-ratelimit-remaining-subscription-reads": "9029",
        "x-ms-request-id": "e25a077e-3ecd-46e6-9ed1-4e0ca4929c56",
        "x-ms-routing-request-id": "WESTUS2:20200925T015715Z:e25a077e-3ecd-46e6-9ed1-4e0ca4929c56"
      },
      "ResponseBody": {
        "status": "Dequeued"
      }
    },
    {
      "RequestUri": "https://management.azure.com/subscriptions/db1ab6f0-4769-4b27-930e-01e2ef9c123c/providers/Microsoft.DocumentDB/locations/westus/operationsStatus/9786d662-e1df-407a-9ebb-1a58c14ccf66?api-version=2020-04-01",
      "RequestMethod": "GET",
      "RequestHeaders": {
        "Authorization": "Sanitized",
        "User-Agent": [
          "azsdk-net-ResourceManager.CosmosDB/1.0.0-alpha.20200924.1",
          "(.NET Core 4.6.29220.03; Microsoft Windows 10.0.19041 )"
        ],
        "x-ms-client-request-id": "03e3721b6f970817afa5b27fa8f070d9",
        "x-ms-return-client-request-id": "true"
      },
      "RequestBody": null,
      "StatusCode": 200,
      "ResponseHeaders": {
        "Cache-Control": "no-store, no-cache",
        "Content-Length": "22",
        "Content-Location": "https://management.documents.azure.com:450/subscriptions/db1ab6f0-4769-4b27-930e-01e2ef9c123c/providers/Microsoft.DocumentDB/locations/westus/operationsStatus/9786d662-e1df-407a-9ebb-1a58c14ccf66?api-version=2020-04-01",
        "Content-Type": "application/json",
        "Date": "Fri, 25 Sep 2020 01:57:16 GMT",
        "Pragma": "no-cache",
        "Server": "Microsoft-HTTPAPI/2.0",
        "Strict-Transport-Security": "max-age=31536000; includeSubDomains",
        "X-Content-Type-Options": "nosniff",
        "x-ms-correlation-request-id": "9e5a217c-00dd-41c8-8771-79d73e47e6c1",
        "x-ms-gatewayversion": "version=2.11.0",
        "x-ms-ratelimit-remaining-subscription-reads": "9028",
        "x-ms-request-id": "9e5a217c-00dd-41c8-8771-79d73e47e6c1",
        "x-ms-routing-request-id": "WESTUS2:20200925T015716Z:9e5a217c-00dd-41c8-8771-79d73e47e6c1"
      },
      "ResponseBody": {
        "status": "Succeeded"
      }
    },
    {
      "RequestUri": "https://management.azure.com/subscriptions/db1ab6f0-4769-4b27-930e-01e2ef9c123c/resourceGroups/Default-CosmosDB-5454/providers/Microsoft.DocumentDB/databaseAccounts/amegraphtest1336/gremlinDatabases/databaseName1002/graphs/gremlinGraphName1002?api-version=2020-04-01",
      "RequestMethod": "GET",
      "RequestHeaders": {
        "Authorization": "Sanitized",
        "User-Agent": [
          "azsdk-net-ResourceManager.CosmosDB/1.0.0-alpha.20200924.1",
          "(.NET Core 4.6.29220.03; Microsoft Windows 10.0.19041 )"
        ],
        "x-ms-client-request-id": "97895c0c4f3b5bb2b8f515105a1f77b8",
        "x-ms-return-client-request-id": "true"
      },
      "RequestBody": null,
      "StatusCode": 200,
      "ResponseHeaders": {
        "Cache-Control": "no-store, no-cache",
        "Content-Length": "1472",
        "Content-Location": "https://management.documents.azure.com:450/subscriptions/db1ab6f0-4769-4b27-930e-01e2ef9c123c/resourceGroups/Default-CosmosDB-5454/providers/Microsoft.DocumentDB/databaseAccounts/amegraphtest1336/gremlinDatabases/databaseName1002/graphs/gremlinGraphName1002?api-version=2020-04-01",
        "Content-Type": "application/json",
        "Date": "Fri, 25 Sep 2020 01:57:16 GMT",
        "Pragma": "no-cache",
        "Server": "Microsoft-HTTPAPI/2.0",
        "Strict-Transport-Security": "max-age=31536000; includeSubDomains",
        "X-Content-Type-Options": "nosniff",
        "x-ms-correlation-request-id": "5da28d94-78b9-422d-a0ac-354f4d203061",
        "x-ms-gatewayversion": "version=2.11.0",
        "x-ms-ratelimit-remaining-subscription-reads": "9027",
        "x-ms-request-id": "5da28d94-78b9-422d-a0ac-354f4d203061",
        "x-ms-routing-request-id": "WESTUS2:20200925T015717Z:5da28d94-78b9-422d-a0ac-354f4d203061"
      },
      "ResponseBody": {
        "id": "/subscriptions/db1ab6f0-4769-4b27-930e-01e2ef9c123c/resourceGroups/Default-CosmosDB-5454/providers/Microsoft.DocumentDB/databaseAccounts/amegraphtest1336/gremlinDatabases/databaseName1002/graphs/gremlinGraphName1002",
        "type": "Microsoft.DocumentDB/databaseAccounts/gremlinDatabases/graphs",
        "name": "gremlinGraphName1002",
        "properties": {
          "resource": {
            "id": "gremlinGraphName1002",
            "indexingPolicy": {
              "indexingMode": "consistent",
              "automatic": true,
              "includedPaths": [
                {
                  "path": "/*"
                }
              ],
              "excludedPaths": [
                {
                  "path": "/pathToNotIndex/*"
                },
                {
                  "path": "/\u0022_etag\u0022/?"
                }
              ],
              "spatialIndexes": [
                {
                  "path": "/*",
                  "types": [
                    "Point",
                    "LineString",
                    "Polygon",
                    "MultiPolygon"
                  ]
                }
              ],
              "compositeIndexes": [
                [
                  {
                    "path": "/orderByPath1",
                    "order": "ascending"
                  },
                  {
                    "path": "/orderByPath2",
                    "order": "descending"
                  }
                ],
                [
                  {
                    "path": "/orderByPath3",
                    "order": "ascending"
                  },
                  {
                    "path": "/orderByPath4",
                    "order": "descending"
                  }
                ]
              ]
            },
            "partitionKey": {
              "paths": [
                "/address"
              ],
              "kind": "Hash"
            },
            "defaultTtl": -1,
            "uniqueKeyPolicy": {
              "uniqueKeys": [
                {
                  "paths": [
                    "/testpath"
                  ]
                }
              ]
            },
            "conflictResolutionPolicy": {
              "mode": "LastWriterWins",
              "conflictResolutionPath": "/path",
              "conflictResolutionProcedure": ""
            },
            "geospatialConfig": {
              "type": "Geography"
            },
            "uniqueIndexReIndexingState": 0,
            "_rid": "NWYBAMUHq8c=",
            "_ts": 1600999035,
            "_self": "dbs/NWYBAA==/colls/NWYBAMUHq8c=/",
            "_etag": "\u002200004c02-0000-0700-0000-5f6d4e7b0000\u0022",
            "_docs": "docs/",
            "_sprocs": "sprocs/",
            "_triggers": "triggers/",
            "_udfs": "udfs/",
            "_conflicts": "conflicts/",
            "statistics": [
              {
                "id": "0",
                "sizeInKB": 0,
                "documentCount": 0,
                "partitionKeys": []
              }
            ]
          }
        }
      }
    },
    {
      "RequestUri": "https://management.azure.com/subscriptions/db1ab6f0-4769-4b27-930e-01e2ef9c123c/resourceGroups/Default-CosmosDB-5454/providers/Microsoft.DocumentDB/databaseAccounts/amegraphtest1336/gremlinDatabases/databaseName1002/graphs/gremlinGraphName1002/throughputSettings/default?api-version=2020-04-01",
      "RequestMethod": "GET",
      "RequestHeaders": {
        "Accept": "application/json",
        "Authorization": "Sanitized",
        "traceparent": "00-15b004e1f8efbb448eb8ef0857942b49-550a977c81692045-00",
        "User-Agent": [
          "azsdk-net-ResourceManager.CosmosDB/1.0.0-alpha.20200924.1",
          "(.NET Core 4.6.29220.03; Microsoft Windows 10.0.19041 )"
        ],
        "x-ms-client-request-id": "dd4488e0ced7e2f71f4797fc5ac30d19",
        "x-ms-return-client-request-id": "true"
      },
      "RequestBody": null,
      "StatusCode": 200,
      "ResponseHeaders": {
        "Cache-Control": "no-store, no-cache",
        "Content-Length": "426",
        "Content-Location": "https://management.documents.azure.com:450/subscriptions/db1ab6f0-4769-4b27-930e-01e2ef9c123c/resourceGroups/Default-CosmosDB-5454/providers/Microsoft.DocumentDB/databaseAccounts/amegraphtest1336/gremlinDatabases/databaseName1002/graphs/gremlinGraphName1002/throughputSettings/default?api-version=2020-04-01",
        "Content-Type": "application/json",
        "Date": "Fri, 25 Sep 2020 01:57:17 GMT",
        "Pragma": "no-cache",
        "Server": "Microsoft-HTTPAPI/2.0",
        "Strict-Transport-Security": "max-age=31536000; includeSubDomains",
        "X-Content-Type-Options": "nosniff",
        "x-ms-correlation-request-id": "72a174f5-fc1f-43e1-8a96-758b26425f8e",
        "x-ms-gatewayversion": "version=2.11.0",
        "x-ms-ratelimit-remaining-subscription-reads": "9026",
        "x-ms-request-id": "72a174f5-fc1f-43e1-8a96-758b26425f8e",
        "x-ms-routing-request-id": "WESTUS2:20200925T015717Z:72a174f5-fc1f-43e1-8a96-758b26425f8e"
      },
      "ResponseBody": {
        "id": "/subscriptions/db1ab6f0-4769-4b27-930e-01e2ef9c123c/resourceGroups/Default-CosmosDB-5454/providers/Microsoft.DocumentDB/databaseAccounts/amegraphtest1336/gremlinDatabases/databaseName1002/graphs/gremlinGraphName1002/throughputSettings/default",
        "type": "Microsoft.DocumentDB/databaseAccounts/gremlinDatabases/graphs/throughputSettings",
        "name": "-oyz",
        "properties": {
          "resource": {
            "throughput": 700,
            "minimumThroughput": "400"
          }
        }
      }
    },
    {
      "RequestUri": "https://management.azure.com/subscriptions/db1ab6f0-4769-4b27-930e-01e2ef9c123c/resourceGroups/Default-CosmosDB-5454/providers/Microsoft.DocumentDB/databaseAccounts/amegraphtest1336/gremlinDatabases/databaseName1002/graphs/gremlinGraphName1002?api-version=2020-04-01",
      "RequestMethod": "PUT",
      "RequestHeaders": {
        "Accept": "application/json",
        "Authorization": "Sanitized",
        "Content-Length": "756",
        "Content-Type": "application/json",
        "traceparent": "00-c9944e478ee26a41833980ec72247909-c58080106302db48-00",
        "User-Agent": [
          "azsdk-net-ResourceManager.CosmosDB/1.0.0-alpha.20200924.1",
          "(.NET Core 4.6.29220.03; Microsoft Windows 10.0.19041 )"
        ],
        "x-ms-client-request-id": "e3e458f85769cb22c0884ba25a07ad90",
        "x-ms-return-client-request-id": "true"
      },
      "RequestBody": {
        "properties": {
          "resource": {
            "id": "gremlinGraphName1002",
            "indexingPolicy": {
              "automatic": true,
              "indexingMode": "Consistent",
              "includedPaths": [
                {
                  "path": "/*"
                }
              ],
              "excludedPaths": [
                {
                  "path": "/pathToNotIndex/*"
                }
              ],
              "compositeIndexes": [
                [
                  {
                    "path": "/orderByPath1",
                    "order": "Ascending"
                  },
                  {
                    "path": "/orderByPath2",
                    "order": "Descending"
                  }
                ],
                [
                  {
                    "path": "/orderByPath3",
                    "order": "Ascending"
                  },
                  {
                    "path": "/orderByPath4",
                    "order": "Descending"
                  }
                ]
              ],
              "spatialIndexes": [
                {
                  "path": "/*",
                  "types": [
                    "Point"
                  ]
                }
              ]
            },
            "partitionKey": {
              "paths": [
                "/address"
              ],
              "kind": "Hash"
            },
            "defaultTtl": -1,
            "uniqueKeyPolicy": {
              "uniqueKeys": [
                {
                  "paths": [
                    "/testpath"
                  ]
                }
              ]
            },
            "conflictResolutionPolicy": {
              "mode": "LastWriterWins",
              "conflictResolutionPath": "/path",
              "conflictResolutionProcedure": ""
            }
          },
          "options": {
            "throughput": 800,
            "autoscaleSettings": {}
          }
        }
      },
      "StatusCode": 202,
      "ResponseHeaders": {
        "Azure-AsyncOperation": "https://management.azure.com/subscriptions/db1ab6f0-4769-4b27-930e-01e2ef9c123c/providers/Microsoft.DocumentDB/locations/westus/operationsStatus/679163e9-0daf-40ef-a8aa-85a0c93cfd07?api-version=2020-04-01",
        "Cache-Control": "no-store, no-cache",
        "Content-Length": "21",
        "Content-Location": "https://management.documents.azure.com:450/subscriptions/db1ab6f0-4769-4b27-930e-01e2ef9c123c/resourceGroups/Default-CosmosDB-5454/providers/Microsoft.DocumentDB/databaseAccounts/amegraphtest1336/gremlinDatabases/databaseName1002/graphs/gremlinGraphName1002?api-version=2020-04-01",
        "Content-Type": "application/json",
        "Date": "Fri, 25 Sep 2020 01:57:18 GMT",
        "Location": "https://management.azure.com/subscriptions/db1ab6f0-4769-4b27-930e-01e2ef9c123c/resourceGroups/Default-CosmosDB-5454/providers/Microsoft.DocumentDB/databaseAccounts/amegraphtest1336/gremlinDatabases/databaseName1002/graphs/gremlinGraphName1002/operationResults/679163e9-0daf-40ef-a8aa-85a0c93cfd07?api-version=2020-04-01",
        "Pragma": "no-cache",
        "Server": "Microsoft-HTTPAPI/2.0",
        "Strict-Transport-Security": "max-age=31536000; includeSubDomains",
        "X-Content-Type-Options": "nosniff",
        "x-ms-correlation-request-id": "699aaf01-93b6-4e11-8f21-9bae7b978d4d",
        "x-ms-gatewayversion": "version=2.11.0",
        "x-ms-ratelimit-remaining-subscription-writes": "1182",
        "x-ms-request-id": "679163e9-0daf-40ef-a8aa-85a0c93cfd07",
        "x-ms-routing-request-id": "WESTUS2:20200925T015718Z:699aaf01-93b6-4e11-8f21-9bae7b978d4d"
      },
      "ResponseBody": {
        "status": "Enqueued"
      }
    },
    {
      "RequestUri": "https://management.azure.com/subscriptions/db1ab6f0-4769-4b27-930e-01e2ef9c123c/providers/Microsoft.DocumentDB/locations/westus/operationsStatus/679163e9-0daf-40ef-a8aa-85a0c93cfd07?api-version=2020-04-01",
      "RequestMethod": "GET",
      "RequestHeaders": {
        "Authorization": "Sanitized",
        "User-Agent": [
          "azsdk-net-ResourceManager.CosmosDB/1.0.0-alpha.20200924.1",
          "(.NET Core 4.6.29220.03; Microsoft Windows 10.0.19041 )"
        ],
        "x-ms-client-request-id": "0218fbe7943a884f66781c4f82548718",
        "x-ms-return-client-request-id": "true"
      },
      "RequestBody": null,
      "StatusCode": 200,
      "ResponseHeaders": {
        "Cache-Control": "no-store, no-cache",
        "Content-Length": "21",
        "Content-Location": "https://management.documents.azure.com:450/subscriptions/db1ab6f0-4769-4b27-930e-01e2ef9c123c/providers/Microsoft.DocumentDB/locations/westus/operationsStatus/679163e9-0daf-40ef-a8aa-85a0c93cfd07?api-version=2020-04-01",
        "Content-Type": "application/json",
        "Date": "Fri, 25 Sep 2020 01:57:18 GMT",
        "Pragma": "no-cache",
        "Server": "Microsoft-HTTPAPI/2.0",
        "Strict-Transport-Security": "max-age=31536000; includeSubDomains",
        "X-Content-Type-Options": "nosniff",
        "x-ms-correlation-request-id": "9803cbc3-4cc4-4f3b-b539-96e073c0e63d",
        "x-ms-gatewayversion": "version=2.11.0",
        "x-ms-ratelimit-remaining-subscription-reads": "9025",
        "x-ms-request-id": "9803cbc3-4cc4-4f3b-b539-96e073c0e63d",
        "x-ms-routing-request-id": "WESTUS2:20200925T015718Z:9803cbc3-4cc4-4f3b-b539-96e073c0e63d"
      },
      "ResponseBody": {
        "status": "Enqueued"
      }
    },
    {
      "RequestUri": "https://management.azure.com/subscriptions/db1ab6f0-4769-4b27-930e-01e2ef9c123c/providers/Microsoft.DocumentDB/locations/westus/operationsStatus/679163e9-0daf-40ef-a8aa-85a0c93cfd07?api-version=2020-04-01",
      "RequestMethod": "GET",
      "RequestHeaders": {
        "Authorization": "Sanitized",
        "User-Agent": [
          "azsdk-net-ResourceManager.CosmosDB/1.0.0-alpha.20200924.1",
          "(.NET Core 4.6.29220.03; Microsoft Windows 10.0.19041 )"
        ],
        "x-ms-client-request-id": "60cf0699ed24656d56a57ec2df2e1309",
        "x-ms-return-client-request-id": "true"
      },
      "RequestBody": null,
      "StatusCode": 200,
      "ResponseHeaders": {
        "Cache-Control": "no-store, no-cache",
        "Content-Length": "21",
        "Content-Location": "https://management.documents.azure.com:450/subscriptions/db1ab6f0-4769-4b27-930e-01e2ef9c123c/providers/Microsoft.DocumentDB/locations/westus/operationsStatus/679163e9-0daf-40ef-a8aa-85a0c93cfd07?api-version=2020-04-01",
        "Content-Type": "application/json",
        "Date": "Fri, 25 Sep 2020 01:57:19 GMT",
        "Pragma": "no-cache",
        "Server": "Microsoft-HTTPAPI/2.0",
        "Strict-Transport-Security": "max-age=31536000; includeSubDomains",
        "X-Content-Type-Options": "nosniff",
        "x-ms-correlation-request-id": "9d7b685e-7a18-4502-8956-66f01076f92c",
        "x-ms-gatewayversion": "version=2.11.0",
        "x-ms-ratelimit-remaining-subscription-reads": "9024",
        "x-ms-request-id": "9d7b685e-7a18-4502-8956-66f01076f92c",
        "x-ms-routing-request-id": "WESTUS2:20200925T015719Z:9d7b685e-7a18-4502-8956-66f01076f92c"
      },
      "ResponseBody": {
        "status": "Enqueued"
      }
    },
    {
      "RequestUri": "https://management.azure.com/subscriptions/db1ab6f0-4769-4b27-930e-01e2ef9c123c/providers/Microsoft.DocumentDB/locations/westus/operationsStatus/679163e9-0daf-40ef-a8aa-85a0c93cfd07?api-version=2020-04-01",
      "RequestMethod": "GET",
      "RequestHeaders": {
        "Authorization": "Sanitized",
        "User-Agent": [
          "azsdk-net-ResourceManager.CosmosDB/1.0.0-alpha.20200924.1",
          "(.NET Core 4.6.29220.03; Microsoft Windows 10.0.19041 )"
        ],
        "x-ms-client-request-id": "5ebb5687aaef9856aa16b93276b3bc11",
        "x-ms-return-client-request-id": "true"
      },
      "RequestBody": null,
      "StatusCode": 200,
      "ResponseHeaders": {
        "Cache-Control": "no-store, no-cache",
        "Content-Length": "21",
        "Content-Location": "https://management.documents.azure.com:450/subscriptions/db1ab6f0-4769-4b27-930e-01e2ef9c123c/providers/Microsoft.DocumentDB/locations/westus/operationsStatus/679163e9-0daf-40ef-a8aa-85a0c93cfd07?api-version=2020-04-01",
        "Content-Type": "application/json",
        "Date": "Fri, 25 Sep 2020 01:57:20 GMT",
        "Pragma": "no-cache",
        "Server": "Microsoft-HTTPAPI/2.0",
        "Strict-Transport-Security": "max-age=31536000; includeSubDomains",
        "X-Content-Type-Options": "nosniff",
        "x-ms-correlation-request-id": "33cb809f-c6ad-4f59-ac93-732cecd7c232",
        "x-ms-gatewayversion": "version=2.11.0",
        "x-ms-ratelimit-remaining-subscription-reads": "9023",
        "x-ms-request-id": "33cb809f-c6ad-4f59-ac93-732cecd7c232",
        "x-ms-routing-request-id": "WESTUS2:20200925T015720Z:33cb809f-c6ad-4f59-ac93-732cecd7c232"
      },
      "ResponseBody": {
        "status": "Enqueued"
      }
    },
    {
      "RequestUri": "https://management.azure.com/subscriptions/db1ab6f0-4769-4b27-930e-01e2ef9c123c/providers/Microsoft.DocumentDB/locations/westus/operationsStatus/679163e9-0daf-40ef-a8aa-85a0c93cfd07?api-version=2020-04-01",
      "RequestMethod": "GET",
      "RequestHeaders": {
        "Authorization": "Sanitized",
        "User-Agent": [
          "azsdk-net-ResourceManager.CosmosDB/1.0.0-alpha.20200924.1",
          "(.NET Core 4.6.29220.03; Microsoft Windows 10.0.19041 )"
        ],
        "x-ms-client-request-id": "b15a5f1f9fe6fad08eb2ac94168da938",
        "x-ms-return-client-request-id": "true"
      },
      "RequestBody": null,
      "StatusCode": 200,
      "ResponseHeaders": {
        "Cache-Control": "no-store, no-cache",
        "Content-Length": "21",
        "Content-Location": "https://management.documents.azure.com:450/subscriptions/db1ab6f0-4769-4b27-930e-01e2ef9c123c/providers/Microsoft.DocumentDB/locations/westus/operationsStatus/679163e9-0daf-40ef-a8aa-85a0c93cfd07?api-version=2020-04-01",
        "Content-Type": "application/json",
        "Date": "Fri, 25 Sep 2020 01:57:21 GMT",
        "Pragma": "no-cache",
        "Server": "Microsoft-HTTPAPI/2.0",
        "Strict-Transport-Security": "max-age=31536000; includeSubDomains",
        "X-Content-Type-Options": "nosniff",
        "x-ms-correlation-request-id": "bb661e36-641e-4090-98f1-3f00fae1a880",
        "x-ms-gatewayversion": "version=2.11.0",
        "x-ms-ratelimit-remaining-subscription-reads": "9022",
        "x-ms-request-id": "bb661e36-641e-4090-98f1-3f00fae1a880",
        "x-ms-routing-request-id": "WESTUS2:20200925T015721Z:bb661e36-641e-4090-98f1-3f00fae1a880"
      },
      "ResponseBody": {
        "status": "Dequeued"
      }
    },
    {
      "RequestUri": "https://management.azure.com/subscriptions/db1ab6f0-4769-4b27-930e-01e2ef9c123c/providers/Microsoft.DocumentDB/locations/westus/operationsStatus/679163e9-0daf-40ef-a8aa-85a0c93cfd07?api-version=2020-04-01",
      "RequestMethod": "GET",
      "RequestHeaders": {
        "Authorization": "Sanitized",
        "User-Agent": [
          "azsdk-net-ResourceManager.CosmosDB/1.0.0-alpha.20200924.1",
          "(.NET Core 4.6.29220.03; Microsoft Windows 10.0.19041 )"
        ],
        "x-ms-client-request-id": "2bc713652999ee29b036b60e333aeea2",
        "x-ms-return-client-request-id": "true"
      },
      "RequestBody": null,
      "StatusCode": 200,
      "ResponseHeaders": {
        "Cache-Control": "no-store, no-cache",
        "Content-Length": "21",
        "Content-Location": "https://management.documents.azure.com:450/subscriptions/db1ab6f0-4769-4b27-930e-01e2ef9c123c/providers/Microsoft.DocumentDB/locations/westus/operationsStatus/679163e9-0daf-40ef-a8aa-85a0c93cfd07?api-version=2020-04-01",
        "Content-Type": "application/json",
        "Date": "Fri, 25 Sep 2020 01:57:22 GMT",
        "Pragma": "no-cache",
        "Server": "Microsoft-HTTPAPI/2.0",
        "Strict-Transport-Security": "max-age=31536000; includeSubDomains",
        "X-Content-Type-Options": "nosniff",
        "x-ms-correlation-request-id": "187ba97a-9eb7-452e-9cc1-a48dae08e4bd",
        "x-ms-gatewayversion": "version=2.11.0",
        "x-ms-ratelimit-remaining-subscription-reads": "9021",
        "x-ms-request-id": "187ba97a-9eb7-452e-9cc1-a48dae08e4bd",
        "x-ms-routing-request-id": "WESTUS2:20200925T015722Z:187ba97a-9eb7-452e-9cc1-a48dae08e4bd"
      },
      "ResponseBody": {
        "status": "Dequeued"
      }
    },
    {
      "RequestUri": "https://management.azure.com/subscriptions/db1ab6f0-4769-4b27-930e-01e2ef9c123c/providers/Microsoft.DocumentDB/locations/westus/operationsStatus/679163e9-0daf-40ef-a8aa-85a0c93cfd07?api-version=2020-04-01",
      "RequestMethod": "GET",
      "RequestHeaders": {
        "Authorization": "Sanitized",
        "User-Agent": [
          "azsdk-net-ResourceManager.CosmosDB/1.0.0-alpha.20200924.1",
          "(.NET Core 4.6.29220.03; Microsoft Windows 10.0.19041 )"
        ],
        "x-ms-client-request-id": "80a26ce962d4e82285c1cf3cfec1821d",
        "x-ms-return-client-request-id": "true"
      },
      "RequestBody": null,
      "StatusCode": 200,
      "ResponseHeaders": {
        "Cache-Control": "no-store, no-cache",
        "Content-Length": "21",
        "Content-Location": "https://management.documents.azure.com:450/subscriptions/db1ab6f0-4769-4b27-930e-01e2ef9c123c/providers/Microsoft.DocumentDB/locations/westus/operationsStatus/679163e9-0daf-40ef-a8aa-85a0c93cfd07?api-version=2020-04-01",
        "Content-Type": "application/json",
        "Date": "Fri, 25 Sep 2020 01:57:24 GMT",
        "Pragma": "no-cache",
        "Server": "Microsoft-HTTPAPI/2.0",
        "Strict-Transport-Security": "max-age=31536000; includeSubDomains",
        "X-Content-Type-Options": "nosniff",
        "x-ms-correlation-request-id": "ed6ad32e-6116-4d58-95e3-893ef2e02935",
        "x-ms-gatewayversion": "version=2.11.0",
        "x-ms-ratelimit-remaining-subscription-reads": "9020",
        "x-ms-request-id": "ed6ad32e-6116-4d58-95e3-893ef2e02935",
        "x-ms-routing-request-id": "WESTUS2:20200925T015724Z:ed6ad32e-6116-4d58-95e3-893ef2e02935"
      },
      "ResponseBody": {
        "status": "Dequeued"
      }
    },
    {
      "RequestUri": "https://management.azure.com/subscriptions/db1ab6f0-4769-4b27-930e-01e2ef9c123c/providers/Microsoft.DocumentDB/locations/westus/operationsStatus/679163e9-0daf-40ef-a8aa-85a0c93cfd07?api-version=2020-04-01",
      "RequestMethod": "GET",
      "RequestHeaders": {
        "Authorization": "Sanitized",
        "User-Agent": [
          "azsdk-net-ResourceManager.CosmosDB/1.0.0-alpha.20200924.1",
          "(.NET Core 4.6.29220.03; Microsoft Windows 10.0.19041 )"
        ],
        "x-ms-client-request-id": "63cd816c90ecf578356b00b0e9c2c654",
        "x-ms-return-client-request-id": "true"
      },
      "RequestBody": null,
      "StatusCode": 200,
      "ResponseHeaders": {
        "Cache-Control": "no-store, no-cache",
        "Content-Length": "22",
        "Content-Location": "https://management.documents.azure.com:450/subscriptions/db1ab6f0-4769-4b27-930e-01e2ef9c123c/providers/Microsoft.DocumentDB/locations/westus/operationsStatus/679163e9-0daf-40ef-a8aa-85a0c93cfd07?api-version=2020-04-01",
        "Content-Type": "application/json",
        "Date": "Fri, 25 Sep 2020 01:57:25 GMT",
        "Pragma": "no-cache",
        "Server": "Microsoft-HTTPAPI/2.0",
        "Strict-Transport-Security": "max-age=31536000; includeSubDomains",
        "X-Content-Type-Options": "nosniff",
        "x-ms-correlation-request-id": "f86cf149-b9d1-4465-a8a6-249b32e65924",
        "x-ms-gatewayversion": "version=2.11.0",
        "x-ms-ratelimit-remaining-subscription-reads": "9019",
        "x-ms-request-id": "f86cf149-b9d1-4465-a8a6-249b32e65924",
        "x-ms-routing-request-id": "WESTUS2:20200925T015725Z:f86cf149-b9d1-4465-a8a6-249b32e65924"
      },
      "ResponseBody": {
        "status": "Succeeded"
      }
    },
    {
      "RequestUri": "https://management.azure.com/subscriptions/db1ab6f0-4769-4b27-930e-01e2ef9c123c/resourceGroups/Default-CosmosDB-5454/providers/Microsoft.DocumentDB/databaseAccounts/amegraphtest1336/gremlinDatabases/databaseName1002/graphs/gremlinGraphName1002?api-version=2020-04-01",
      "RequestMethod": "GET",
      "RequestHeaders": {
        "Authorization": "Sanitized",
        "User-Agent": [
          "azsdk-net-ResourceManager.CosmosDB/1.0.0-alpha.20200924.1",
          "(.NET Core 4.6.29220.03; Microsoft Windows 10.0.19041 )"
        ],
        "x-ms-client-request-id": "a9ab09c428ea0364f0dfa6d75aedf0ef",
        "x-ms-return-client-request-id": "true"
      },
      "RequestBody": null,
      "StatusCode": 200,
      "ResponseHeaders": {
        "Cache-Control": "no-store, no-cache",
        "Content-Length": "1472",
        "Content-Location": "https://management.documents.azure.com:450/subscriptions/db1ab6f0-4769-4b27-930e-01e2ef9c123c/resourceGroups/Default-CosmosDB-5454/providers/Microsoft.DocumentDB/databaseAccounts/amegraphtest1336/gremlinDatabases/databaseName1002/graphs/gremlinGraphName1002?api-version=2020-04-01",
        "Content-Type": "application/json",
        "Date": "Fri, 25 Sep 2020 01:57:25 GMT",
        "Pragma": "no-cache",
        "Server": "Microsoft-HTTPAPI/2.0",
        "Strict-Transport-Security": "max-age=31536000; includeSubDomains",
        "X-Content-Type-Options": "nosniff",
        "x-ms-correlation-request-id": "d4e0a875-46f6-45b1-b48c-d544e8e9f43d",
        "x-ms-gatewayversion": "version=2.11.0",
        "x-ms-ratelimit-remaining-subscription-reads": "9018",
        "x-ms-request-id": "d4e0a875-46f6-45b1-b48c-d544e8e9f43d",
        "x-ms-routing-request-id": "WESTUS2:20200925T015725Z:d4e0a875-46f6-45b1-b48c-d544e8e9f43d"
      },
      "ResponseBody": {
        "id": "/subscriptions/db1ab6f0-4769-4b27-930e-01e2ef9c123c/resourceGroups/Default-CosmosDB-5454/providers/Microsoft.DocumentDB/databaseAccounts/amegraphtest1336/gremlinDatabases/databaseName1002/graphs/gremlinGraphName1002",
        "type": "Microsoft.DocumentDB/databaseAccounts/gremlinDatabases/graphs",
        "name": "gremlinGraphName1002",
        "properties": {
          "resource": {
            "id": "gremlinGraphName1002",
            "indexingPolicy": {
              "indexingMode": "consistent",
              "automatic": true,
              "includedPaths": [
                {
                  "path": "/*"
                }
              ],
              "excludedPaths": [
                {
                  "path": "/pathToNotIndex/*"
                },
                {
                  "path": "/\u0022_etag\u0022/?"
                }
              ],
              "spatialIndexes": [
                {
                  "path": "/*",
                  "types": [
                    "Point",
                    "LineString",
                    "Polygon",
                    "MultiPolygon"
                  ]
                }
              ],
              "compositeIndexes": [
                [
                  {
                    "path": "/orderByPath1",
                    "order": "ascending"
                  },
                  {
                    "path": "/orderByPath2",
                    "order": "descending"
                  }
                ],
                [
                  {
                    "path": "/orderByPath3",
                    "order": "ascending"
                  },
                  {
                    "path": "/orderByPath4",
                    "order": "descending"
                  }
                ]
              ]
            },
            "partitionKey": {
              "paths": [
                "/address"
              ],
              "kind": "Hash"
            },
            "defaultTtl": -1,
            "uniqueKeyPolicy": {
              "uniqueKeys": [
                {
                  "paths": [
                    "/testpath"
                  ]
                }
              ]
            },
            "conflictResolutionPolicy": {
              "mode": "LastWriterWins",
              "conflictResolutionPath": "/path",
              "conflictResolutionProcedure": ""
            },
            "geospatialConfig": {
              "type": "Geography"
            },
            "uniqueIndexReIndexingState": 0,
            "_rid": "NWYBAMUHq8c=",
            "_ts": 1600999035,
            "_self": "dbs/NWYBAA==/colls/NWYBAMUHq8c=/",
            "_etag": "\u002200004c02-0000-0700-0000-5f6d4e7b0000\u0022",
            "_docs": "docs/",
            "_sprocs": "sprocs/",
            "_triggers": "triggers/",
            "_udfs": "udfs/",
            "_conflicts": "conflicts/",
            "statistics": [
              {
                "id": "0",
                "sizeInKB": 0,
                "documentCount": 0,
                "partitionKeys": []
              }
            ]
          }
        }
      }
    },
    {
      "RequestUri": "https://management.azure.com/subscriptions/db1ab6f0-4769-4b27-930e-01e2ef9c123c/resourceGroups/Default-CosmosDB-5454/providers/Microsoft.DocumentDB/databaseAccounts/amegraphtest1336/gremlinDatabases/databaseName1002/graphs/gremlinGraphName1002/throughputSettings/default?api-version=2020-04-01",
      "RequestMethod": "GET",
      "RequestHeaders": {
        "Accept": "application/json",
        "Authorization": "Sanitized",
        "traceparent": "00-6cc8c8db2449634ca55d928433e28011-ea2da649a13a8c4b-00",
        "User-Agent": [
          "azsdk-net-ResourceManager.CosmosDB/1.0.0-alpha.20200924.1",
          "(.NET Core 4.6.29220.03; Microsoft Windows 10.0.19041 )"
        ],
        "x-ms-client-request-id": "b1a198b48b6c59b6f4ad4b686172fec3",
        "x-ms-return-client-request-id": "true"
      },
      "RequestBody": null,
      "StatusCode": 200,
      "ResponseHeaders": {
        "Cache-Control": "no-store, no-cache",
        "Content-Length": "426",
        "Content-Location": "https://management.documents.azure.com:450/subscriptions/db1ab6f0-4769-4b27-930e-01e2ef9c123c/resourceGroups/Default-CosmosDB-5454/providers/Microsoft.DocumentDB/databaseAccounts/amegraphtest1336/gremlinDatabases/databaseName1002/graphs/gremlinGraphName1002/throughputSettings/default?api-version=2020-04-01",
        "Content-Type": "application/json",
        "Date": "Fri, 25 Sep 2020 01:57:25 GMT",
        "Pragma": "no-cache",
        "Server": "Microsoft-HTTPAPI/2.0",
        "Strict-Transport-Security": "max-age=31536000; includeSubDomains",
        "X-Content-Type-Options": "nosniff",
        "x-ms-correlation-request-id": "ce864f54-1eab-4b4e-9a42-d871d4649393",
        "x-ms-gatewayversion": "version=2.11.0",
        "x-ms-ratelimit-remaining-subscription-reads": "9017",
        "x-ms-request-id": "ce864f54-1eab-4b4e-9a42-d871d4649393",
        "x-ms-routing-request-id": "WESTUS2:20200925T015725Z:ce864f54-1eab-4b4e-9a42-d871d4649393"
      },
      "ResponseBody": {
        "id": "/subscriptions/db1ab6f0-4769-4b27-930e-01e2ef9c123c/resourceGroups/Default-CosmosDB-5454/providers/Microsoft.DocumentDB/databaseAccounts/amegraphtest1336/gremlinDatabases/databaseName1002/graphs/gremlinGraphName1002/throughputSettings/default",
        "type": "Microsoft.DocumentDB/databaseAccounts/gremlinDatabases/graphs/throughputSettings",
        "name": "-oyz",
        "properties": {
          "resource": {
            "throughput": 800,
            "minimumThroughput": "400"
          }
        }
      }
    }
  ],
  "Variables": {
    "RandomSeed": "1336927902"
  }
}