{
  "Entries": [
    {
      "RequestUri": "https://management.azure.com/subscriptions/db1ab6f0-4769-4b27-930e-01e2ef9c123c?api-version=2021-01-01",
      "RequestMethod": "GET",
      "RequestHeaders": {
        "Accept": "application/json",
        "Authorization": "Sanitized",
        "traceparent": "00-977cf02ff94959418f5468a307ccaaa4-867e339a57348f44-00",
        "User-Agent": "azsdk-net-ResourceManager/1.3.1 (.NET Framework 4.8.9075.0; Microsoft Windows 10.0.22621 )",
        "x-ms-client-request-id": "6c8277d7bacb42634c54ab255d220a14",
        "x-ms-return-client-request-id": "true"
      },
      "RequestBody": null,
      "StatusCode": 200,
      "ResponseHeaders": {
        "Cache-Control": "no-cache",
        "Content-Length": "747",
        "Content-Type": "application/json; charset=utf-8",
        "Date": "Mon, 17 Oct 2022 07:57:49 GMT",
        "Expires": "-1",
        "Pragma": "no-cache",
        "Strict-Transport-Security": "max-age=31536000; includeSubDomains",
        "X-Content-Type-Options": "nosniff",
        "x-ms-correlation-request-id": "16131f7e-7e5e-4904-990b-90eb24e2d460",
        "x-ms-ratelimit-remaining-subscription-reads": "11836",
        "x-ms-request-id": "16131f7e-7e5e-4904-990b-90eb24e2d460",
        "x-ms-routing-request-id": "SOUTHEASTASIA:20221017T075749Z:16131f7e-7e5e-4904-990b-90eb24e2d460"
      },
      "ResponseBody": {
        "id": "/subscriptions/db1ab6f0-4769-4b27-930e-01e2ef9c123c",
        "authorizationSource": "RoleBased",
        "managedByTenants": [],
        "tags": {
          "TagKey-9823": "TagValue-566",
          "TagKey-3481": "TagValue-320",
          "TagKey-4926": "TagValue-1187",
          "TagKey-751": "TagValue-3921",
          "TagKey-1866": "TagValue-8559",
          "TagKey-3094": "TagValue-9190",
          "TagKey-2449": "TagValue-9",
          "TagKey-8379": "TagValue-164",
          "TagKey-7470": "TagValue-2205",
          "TagKey-4236": "TagValue-3698",
          "TagKey-5316": "TagValue-2725"
        },
        "subscriptionId": "db1ab6f0-4769-4b27-930e-01e2ef9c123c",
        "tenantId": "72f988bf-86f1-41af-91ab-2d7cd011db47",
        "displayName": ".NET Mgmt SDK Test with TTL = 1 Day",
        "state": "Enabled",
        "subscriptionPolicies": {
          "locationPlacementId": "Internal_2014-09-01",
          "quotaId": "Internal_2014-09-01",
          "spendingLimit": "Off"
        }
      }
    },
    {
      "RequestUri": "https://management.azure.com/subscriptions/db1ab6f0-4769-4b27-930e-01e2ef9c123c/resourcegroups/EventGridRG4908?api-version=**",
      "RequestMethod": "PUT",
      "RequestHeaders": {
        "Accept": "application/json",
        "Authorization": "Sanitized",
        "Content-Length": "74",
        "Content-Type": "application/json",
        "traceparent": "00-adbf0a85ffc01e4285e0c6a7aa134ee9-4c3244d43fd74b4b-00",
        "User-Agent": "azsdk-net-ResourceManager/1.3.1 (.NET Framework 4.8.9075.0; Microsoft Windows 10.0.22621 )",
        "x-ms-client-request-id": "b678827e36033bf07c1002fc62d8f440",
        "x-ms-return-client-request-id": "true"
      },
      "RequestBody": {
        "location": "eastus",
        "tags": {
          "DeleteAfter": "2022-10-17T15:57:47.3326703"
        }
      },
      "StatusCode": 201,
      "ResponseHeaders": {
        "Cache-Control": "no-cache",
        "Content-Length": "280",
        "Content-Type": "application/json; charset=utf-8",
        "Date": "Mon, 17 Oct 2022 07:57:50 GMT",
        "Expires": "-1",
        "Pragma": "no-cache",
        "Strict-Transport-Security": "max-age=31536000; includeSubDomains",
        "X-Content-Type-Options": "nosniff",
        "x-ms-correlation-request-id": "384504f1-442e-432d-8e70-1605f1ba3ef0",
        "x-ms-ratelimit-remaining-subscription-writes": "1127",
        "x-ms-request-id": "384504f1-442e-432d-8e70-1605f1ba3ef0",
        "x-ms-routing-request-id": "SOUTHEASTASIA:20221017T075750Z:384504f1-442e-432d-8e70-1605f1ba3ef0"
      },
      "ResponseBody": {
        "id": "/subscriptions/db1ab6f0-4769-4b27-930e-01e2ef9c123c/resourceGroups/EventGridRG4908",
        "name": "EventGridRG4908",
        "type": "Microsoft.Resources/resourceGroups",
        "location": "eastus",
        "tags": {
          "DeleteAfter": "2022-10-17T15:57:47.3326703"
        },
        "properties": {
          "provisioningState": "Succeeded"
        }
      }
    },
    {
      "RequestUri": "https://management.azure.com/subscriptions/db1ab6f0-4769-4b27-930e-01e2ef9c123c/resourceGroups/EventGridRG4908/providers/Microsoft.EventGrid/partnerRegistrations/PartnerRegistration9461?api-version=2022-06-15",
      "RequestMethod": "PUT",
      "RequestHeaders": {
        "Accept": "application/json",
        "Authorization": "Sanitized",
        "Content-Length": "47",
        "Content-Type": "application/json",
        "traceparent": "00-50336b1a175f9a4c8a2df09796b441d0-4a5b06e275575542-00",
        "User-Agent": "azsdk-net-ResourceManager.EventGrid/1.0.0-alpha.20221017.1 (.NET Framework 4.8.9075.0; Microsoft Windows 10.0.22621 )",
        "x-ms-client-request-id": "68d2537bba66c3f1bbed1fa1acb6b177",
        "x-ms-return-client-request-id": "true"
      },
      "RequestBody": {
        "tags": {},
        "location": "Global",
        "properties": {}
      },
      "StatusCode": 200,
      "ResponseHeaders": {
        "Cache-Control": "no-cache",
        "Content-Length": "443",
        "Content-Type": "application/json; charset=utf-8",
        "Date": "Mon, 17 Oct 2022 07:57:53 GMT",
        "Expires": "-1",
        "Pragma": "no-cache",
        "Server": "Microsoft-HTTPAPI/2.0",
        "Strict-Transport-Security": "max-age=31536000; includeSubDomains",
        "X-Content-Type-Options": "nosniff",
        "x-ms-correlation-request-id": "665321a7-63bb-4a58-a7f7-d695af2ca104",
        "x-ms-ratelimit-remaining-subscription-writes": "1126",
        "x-ms-request-id": "bbe27ec6-1027-41a3-8019-1a8a82b2c33a",
        "x-ms-routing-request-id": "SOUTHEASTASIA:20221017T075754Z:665321a7-63bb-4a58-a7f7-d695af2ca104"
      },
      "ResponseBody": {
        "properties": {
          "provisioningState": "Succeeded",
          "partnerRegistrationImmutableId": "91b64ea1-0688-4f45-8595-5a121d5328fd",
          "visibilityState": "Hidden"
        },
        "systemData": null,
        "location": "Global",
        "tags": {},
        "id": "/subscriptions/db1ab6f0-4769-4b27-930e-01e2ef9c123c/resourceGroups/EventGridRG4908/providers/Microsoft.EventGrid/partnerRegistrations/PartnerRegistration9461",
        "name": "PartnerRegistration9461",
        "type": "Microsoft.EventGrid/partnerRegistrations"
      }
    },
    {
      "RequestUri": "https://management.azure.com/subscriptions/db1ab6f0-4769-4b27-930e-01e2ef9c123c/resourceGroups/EventGridRG4908/providers/Microsoft.EventGrid/partnerRegistrations/PartnerRegistration9461?api-version=2022-06-15",
      "RequestMethod": "GET",
      "RequestHeaders": {
        "Accept": "application/json",
        "Authorization": "Sanitized",
        "traceparent": "00-0cf438c80c13bb4ab8067382d8770929-4143f36909701a40-00",
        "User-Agent": "azsdk-net-ResourceManager.EventGrid/1.0.0-alpha.20221017.1 (.NET Framework 4.8.9075.0; Microsoft Windows 10.0.22621 )",
        "x-ms-client-request-id": "b6a6cbe48842c81887f24848d09acf5a",
        "x-ms-return-client-request-id": "true"
      },
      "RequestBody": null,
      "StatusCode": 200,
      "ResponseHeaders": {
        "Cache-Control": "no-cache",
        "Content-Length": "443",
        "Content-Type": "application/json; charset=utf-8",
        "Date": "Mon, 17 Oct 2022 07:57:54 GMT",
        "Expires": "-1",
        "Pragma": "no-cache",
        "Server": "Microsoft-HTTPAPI/2.0",
        "Strict-Transport-Security": "max-age=31536000; includeSubDomains",
        "X-Content-Type-Options": "nosniff",
        "x-ms-correlation-request-id": "f45ee37a-710f-45cc-bbd6-0df174b1f909",
        "x-ms-ratelimit-remaining-subscription-reads": "11835",
        "x-ms-request-id": "fb5869c2-e659-4fc9-ab67-b23987ccf4e4",
        "x-ms-routing-request-id": "SOUTHEASTASIA:20221017T075754Z:f45ee37a-710f-45cc-bbd6-0df174b1f909"
      },
      "ResponseBody": {
        "properties": {
          "provisioningState": "Succeeded",
          "partnerRegistrationImmutableId": "91b64ea1-0688-4f45-8595-5a121d5328fd",
          "visibilityState": "Hidden"
        },
        "systemData": null,
        "location": "Global",
        "tags": {},
        "id": "/subscriptions/db1ab6f0-4769-4b27-930e-01e2ef9c123c/resourceGroups/EventGridRG4908/providers/Microsoft.EventGrid/partnerRegistrations/PartnerRegistration9461",
        "name": "PartnerRegistration9461",
        "type": "Microsoft.EventGrid/partnerRegistrations"
      }
    },
    {
      "RequestUri": "https://management.azure.com/subscriptions/db1ab6f0-4769-4b27-930e-01e2ef9c123c/resourceGroups/EventGridRG4908/providers/Microsoft.EventGrid/partnerRegistrations/PartnerRegistration9461?api-version=2022-06-15",
      "RequestMethod": "DELETE",
      "RequestHeaders": {
        "Authorization": "Sanitized",
        "traceparent": "00-56e07afa5302324088b2bdbb7274189d-1b8daa4fb0539f4a-00",
        "User-Agent": "azsdk-net-ResourceManager.EventGrid/1.0.0-alpha.20221017.1 (.NET Framework 4.8.9075.0; Microsoft Windows 10.0.22621 )",
        "x-ms-client-request-id": "1da7845158b8a7551340371710907dd1",
        "x-ms-return-client-request-id": "true"
      },
      "RequestBody": null,
      "StatusCode": 200,
      "ResponseHeaders": {
        "Cache-Control": "no-cache",
        "Content-Length": "0",
        "Date": "Mon, 17 Oct 2022 07:57:56 GMT",
        "Expires": "-1",
        "Pragma": "no-cache",
        "Server": "Microsoft-HTTPAPI/2.0",
        "Strict-Transport-Security": "max-age=31536000; includeSubDomains",
        "X-Content-Type-Options": "nosniff",
        "x-ms-correlation-request-id": "8ee63e4c-7fba-412d-949c-01e0fded3dcc",
        "x-ms-ratelimit-remaining-subscription-deletes": "14995",
        "x-ms-request-id": "3c83a4e1-80c8-4ac7-a4df-ca525dcea3bf",
        "x-ms-routing-request-id": "SOUTHEASTASIA:20221017T075757Z:8ee63e4c-7fba-412d-949c-01e0fded3dcc"
      },
      "ResponseBody": null
    },
    {
      "RequestUri": "https://management.azure.com/subscriptions/db1ab6f0-4769-4b27-930e-01e2ef9c123c/resourceGroups/EventGridRG4908/providers/Microsoft.EventGrid/partnerRegistrations/PartnerRegistration9461?api-version=2022-06-15",
      "RequestMethod": "GET",
      "RequestHeaders": {
        "Accept": "application/json",
        "Authorization": "Sanitized",
        "traceparent": "00-98189e850ce50e4db5a5383ceac694a3-85b0f1f55a52f84c-00",
        "User-Agent": "azsdk-net-ResourceManager.EventGrid/1.0.0-alpha.20221017.1 (.NET Framework 4.8.9075.0; Microsoft Windows 10.0.22621 )",
        "x-ms-client-request-id": "c20f4f7e5e428cfe75ffa3015100b7f6",
        "x-ms-return-client-request-id": "true"
      },
      "RequestBody": null,
      "StatusCode": 404,
      "ResponseHeaders": {
        "Cache-Control": "no-cache",
        "Content-Length": "251",
        "Content-Type": "application/json; charset=utf-8",
        "Date": "Mon, 17 Oct 2022 07:57:57 GMT",
        "Expires": "-1",
        "Pragma": "no-cache",
        "Strict-Transport-Security": "max-age=31536000; includeSubDomains",
        "X-Content-Type-Options": "nosniff",
        "x-ms-correlation-request-id": "65b709d3-15df-4219-b89e-8cf00c906866",
        "x-ms-failure-cause": "gateway",
        "x-ms-request-id": "65b709d3-15df-4219-b89e-8cf00c906866",
        "x-ms-routing-request-id": "SOUTHEASTASIA:20221017T075757Z:65b709d3-15df-4219-b89e-8cf00c906866"
      },
      "ResponseBody": {
        "error": {
          "code": "ResourceNotFound",
          "message": "The Resource \u0027Microsoft.EventGrid/partnerRegistrations/PartnerRegistration9461\u0027 under resource group \u0027EventGridRG4908\u0027 was not found. For more details please go to https://aka.ms/ARMResourceNotFoundFix"
        }
      }
    }
  ],
  "Variables": {
    "AZURE_AUTHORITY_HOST": "https://login.microsoftonline.com",
    "DateTimeOffsetNow": "2022-10-17T15:57:47.3326703\u002B08:00",
    "RandomSeed": "390312788",
    "RESOURCE_MANAGER_URL": null,
    "SUBSCRIPTION_ID": "db1ab6f0-4769-4b27-930e-01e2ef9c123c"
  }
}
