{
  "Entries": [
    {
      "RequestUri": "https://management.azure.com/subscriptions/b6a8bef9-9220-454a-a229-f360b6e9f0f6?api-version=2021-01-01",
      "RequestMethod": "GET",
      "RequestHeaders": {
        "Accept": "application/json",
        "Authorization": "Sanitized",
        "traceparent": "00-50a33288dc9046907d0fc23a90b09515-4406416e6066a6c4-00",
        "User-Agent": "azsdk-net-ResourceManager/1.6.0 (.NET 7.0.7; Microsoft Windows 10.0.22621)",
        "x-ms-client-request-id": "82e580402443a483dd56917bc1dcf394",
        "x-ms-return-client-request-id": "true"
      },
      "RequestBody": null,
      "StatusCode": 200,
      "ResponseHeaders": {
        "Cache-Control": "no-cache",
        "Content-Length": "409",
        "Content-Type": "application/json; charset=utf-8",
        "Date": "Thu, 22 Jun 2023 07:06:06 GMT",
        "Expires": "-1",
        "Pragma": "no-cache",
        "Strict-Transport-Security": "max-age=31536000; includeSubDomains",
        "X-Content-Type-Options": "nosniff",
        "x-ms-correlation-request-id": "2f1309a8-5a1f-43bc-a189-85716a227cb5",
        "x-ms-ratelimit-remaining-subscription-reads": "11787",
        "x-ms-request-id": "2f1309a8-5a1f-43bc-a189-85716a227cb5",
        "x-ms-routing-request-id": "WESTUS2:20230622T070606Z:2f1309a8-5a1f-43bc-a189-85716a227cb5"
      },
      "ResponseBody": {
        "id": "/subscriptions/b6a8bef9-9220-454a-a229-f360b6e9f0f6",
        "authorizationSource": "RoleBased",
        "managedByTenants": [],
        "subscriptionId": "b6a8bef9-9220-454a-a229-f360b6e9f0f6",
        "tenantId": "72f988bf-86f1-41af-91ab-2d7cd011db47",
        "displayName": "Azure Event Grid - DevPool 10",
        "state": "Enabled",
        "subscriptionPolicies": {
          "locationPlacementId": "Internal_2014-09-01",
          "quotaId": "Internal_2014-09-01",
          "spendingLimit": "Off"
        }
      }
    },
    {
      "RequestUri": "https://management.azure.com/subscriptions/b6a8bef9-9220-454a-a229-f360b6e9f0f6/resourcegroups/EventGridRG3508?api-version=**",
      "RequestMethod": "PUT",
      "RequestHeaders": {
        "Accept": "application/json",
        "Authorization": "Sanitized",
        "Content-Length": "79",
        "Content-Type": "application/json",
        "traceparent": "00-ddf04b5aeb6372919753bbf436434b69-6ad36d1f26789e83-00",
        "User-Agent": "azsdk-net-ResourceManager/1.6.0 (.NET 7.0.7; Microsoft Windows 10.0.22621)",
        "x-ms-client-request-id": "fc04a95b762222bf0ec7d43b520076f7",
        "x-ms-return-client-request-id": "true"
      },
      "RequestBody": {
        "location": "eastus2euap",
        "tags": {
          "DeleteAfter": "2023-06-22T15:06:06.8868537"
        }
      },
      "StatusCode": 201,
      "ResponseHeaders": {
        "Cache-Control": "no-cache",
        "Content-Length": "285",
        "Content-Type": "application/json; charset=utf-8",
        "Date": "Thu, 22 Jun 2023 07:06:07 GMT",
        "Expires": "-1",
        "Pragma": "no-cache",
        "Strict-Transport-Security": "max-age=31536000; includeSubDomains",
        "X-Content-Type-Options": "nosniff",
        "x-ms-correlation-request-id": "39466767-bbf2-4f6d-9f12-9e634e65aca5",
        "x-ms-ratelimit-remaining-subscription-writes": "1102",
        "x-ms-request-id": "39466767-bbf2-4f6d-9f12-9e634e65aca5",
        "x-ms-routing-request-id": "WESTUS2:20230622T070607Z:39466767-bbf2-4f6d-9f12-9e634e65aca5"
      },
      "ResponseBody": {
        "id": "/subscriptions/b6a8bef9-9220-454a-a229-f360b6e9f0f6/resourceGroups/EventGridRG3508",
        "name": "EventGridRG3508",
        "type": "Microsoft.Resources/resourceGroups",
        "location": "eastus2euap",
        "tags": {
          "DeleteAfter": "2023-06-22T15:06:06.8868537"
        },
        "properties": {
          "provisioningState": "Succeeded"
        }
      }
    },
    {
      "RequestUri": "https://management.azure.com/subscriptions/b6a8bef9-9220-454a-a229-f360b6e9f0f6/resourceGroups/EventGridRG3508/providers/Microsoft.EventGrid/partnerRegistrations/PartnerRegistration537?api-version=2023-06-01-preview",
      "RequestMethod": "PUT",
      "RequestHeaders": {
        "Accept": "application/json",
        "Authorization": "Sanitized",
        "Content-Length": "47",
        "Content-Type": "application/json",
        "traceparent": "00-50eff22e2cca66c698980eeac56694ac-835a218272184a33-00",
        "User-Agent": "azsdk-net-ResourceManager.EventGrid/1.1.0-alpha.20230621.1 (.NET 7.0.7; Microsoft Windows 10.0.22621)",
        "x-ms-client-request-id": "574efa580d29eff14b50e2750f08b6b6",
        "x-ms-return-client-request-id": "true"
      },
      "RequestBody": {
        "tags": {},
        "location": "Global",
        "properties": {}
      },
      "StatusCode": 200,
      "ResponseHeaders": {
        "Cache-Control": "no-cache",
        "Content-Length": "441",
        "Content-Type": "application/json; charset=utf-8",
        "Date": "Thu, 22 Jun 2023 07:06:08 GMT",
        "Expires": "-1",
        "Pragma": "no-cache",
        "Server": "Microsoft-HTTPAPI/2.0",
        "Strict-Transport-Security": "max-age=31536000; includeSubDomains",
        "X-Content-Type-Options": "nosniff",
        "x-ms-correlation-request-id": "71f584fb-3307-4941-a557-9efe45b3f9f1",
        "x-ms-ratelimit-remaining-subscription-writes": "1101",
        "x-ms-request-id": "dca49b2f-703f-49e5-a4f0-20d3f9098f96",
        "x-ms-routing-request-id": "WESTUS2:20230622T070608Z:71f584fb-3307-4941-a557-9efe45b3f9f1"
      },
      "ResponseBody": {
        "properties": {
          "provisioningState": "Succeeded",
          "partnerRegistrationImmutableId": "d0e76256-60f3-47f2-8fb1-e38ceb02986e",
          "visibilityState": "Hidden"
        },
        "systemData": null,
        "location": "Global",
        "tags": {},
        "id": "/subscriptions/b6a8bef9-9220-454a-a229-f360b6e9f0f6/resourceGroups/EventGridRG3508/providers/Microsoft.EventGrid/partnerRegistrations/PartnerRegistration537",
        "name": "PartnerRegistration537",
        "type": "Microsoft.EventGrid/partnerRegistrations"
      }
    },
    {
      "RequestUri": "https://management.azure.com/subscriptions/b6a8bef9-9220-454a-a229-f360b6e9f0f6/resourceGroups/EventGridRG3508/providers/Microsoft.EventGrid/partnerRegistrations?api-version=2023-06-01-preview",
      "RequestMethod": "GET",
      "RequestHeaders": {
        "Accept": "application/json",
        "Authorization": "Sanitized",
        "traceparent": "00-54769f7634a54429f3caf232886395ed-19cde801161d0388-00",
        "User-Agent": "azsdk-net-ResourceManager.EventGrid/1.1.0-alpha.20230621.1 (.NET 7.0.7; Microsoft Windows 10.0.22621)",
        "x-ms-client-request-id": "f984ca848d469b32120dd626ddacfebf",
        "x-ms-return-client-request-id": "true"
      },
      "RequestBody": null,
      "StatusCode": 200,
      "ResponseHeaders": {
        "Cache-Control": "no-cache",
        "Content-Length": "453",
        "Content-Type": "application/json; charset=utf-8",
        "Date": "Thu, 22 Jun 2023 07:06:08 GMT",
        "Expires": "-1",
        "Pragma": "no-cache",
        "Server": "Microsoft-HTTPAPI/2.0",
        "Strict-Transport-Security": "max-age=31536000; includeSubDomains",
        "X-Content-Type-Options": "nosniff",
        "x-ms-correlation-request-id": "e45443b9-7bcd-4fc8-bd08-e17c24b28c54",
        "x-ms-ratelimit-remaining-subscription-reads": "11786",
        "x-ms-request-id": "7e66fee8-c7a4-47b9-8c6a-d2dbcb50c16c",
        "x-ms-routing-request-id": "WESTUS2:20230622T070608Z:e45443b9-7bcd-4fc8-bd08-e17c24b28c54"
      },
      "ResponseBody": {
        "value": [
          {
            "properties": {
              "provisioningState": "Succeeded",
              "partnerRegistrationImmutableId": "d0e76256-60f3-47f2-8fb1-e38ceb02986e",
              "visibilityState": "Hidden"
            },
            "systemData": null,
            "location": "Global",
            "tags": {},
            "id": "/subscriptions/b6a8bef9-9220-454a-a229-f360b6e9f0f6/resourceGroups/EventGridRG3508/providers/Microsoft.EventGrid/partnerRegistrations/PartnerRegistration537",
            "name": "PartnerRegistration537",
            "type": "Microsoft.EventGrid/partnerRegistrations"
          }
        ]
      }
    }
  ],
  "Variables": {
    "AZURE_AUTHORITY_HOST": null,
    "DateTimeOffsetNow": "2023-06-22T00:06:06.8868537-07:00",
    "RandomSeed": "1593170192",
    "RESOURCE_MANAGER_URL": null,
    "SUBSCRIPTION_ID": "b6a8bef9-9220-454a-a229-f360b6e9f0f6"
  }
}
