{
  "Entries": [
    {
      "RequestUri": "https://management.azure.com/subscriptions/220fc532-6091-423c-8ba0-66c2397d591b?api-version=2021-01-01",
      "RequestMethod": "GET",
      "RequestHeaders": {
        "Accept": "application/json",
        "Authorization": "Sanitized",
        "traceparent": "00-d9c38e67bbb87b428927cd34bde589ec-724852f91f6dc048-00",
        "User-Agent": "azsdk-net-ResourceManager/1.6.0 (.NET Framework 4.8.9166.0; Microsoft Windows 10.0.23486 )",
        "x-ms-client-request-id": "a9692308db4ef613da26d43abbd6c4b7",
        "x-ms-return-client-request-id": "true"
      },
      "RequestBody": null,
      "StatusCode": 200,
      "ResponseHeaders": {
        "Cache-Control": "no-cache",
        "Content-Length": "456",
        "Content-Type": "application/json; charset=utf-8",
        "Date": "Thu, 29 Jun 2023 19:29:17 GMT",
        "Expires": "-1",
        "Pragma": "no-cache",
        "Strict-Transport-Security": "max-age=31536000; includeSubDomains",
        "X-Content-Type-Options": "nosniff",
        "x-ms-correlation-request-id": "d8d0f7b6-3b7d-4bd5-8c6a-72f66f82eaa6",
        "x-ms-ratelimit-remaining-subscription-reads": "11962",
        "x-ms-request-id": "d8d0f7b6-3b7d-4bd5-8c6a-72f66f82eaa6",
        "x-ms-routing-request-id": "SOUTHCENTRALUS:20230629T192918Z:d8d0f7b6-3b7d-4bd5-8c6a-72f66f82eaa6"
      },
      "ResponseBody": {
        "id": "/subscriptions/220fc532-6091-423c-8ba0-66c2397d591b",
        "authorizationSource": "RoleBased",
        "managedByTenants": [
          {
            "tenantId": "2f4a9838-26b7-47ee-be60-ccc1fdec5953"
          }
        ],
        "subscriptionId": "220fc532-6091-423c-8ba0-66c2397d591b",
        "tenantId": "72f988bf-86f1-41af-91ab-2d7cd011db47",
        "displayName": "CosmosDB-Demos-GeneralUse",
        "state": "Enabled",
        "subscriptionPolicies": {
          "locationPlacementId": "Internal_2014-09-01",
          "quotaId": "Internal_2014-09-01",
          "spendingLimit": "Off"
        }
      }
    },
    {
      "RequestUri": "https://management.azure.com/subscriptions/220fc532-6091-423c-8ba0-66c2397d591b/resourcegroups/dbaccount-7889?api-version=**",
      "RequestMethod": "PUT",
      "RequestHeaders": {
        "Accept": "application/json",
        "Authorization": "Sanitized",
        "Content-Length": "22",
        "Content-Type": "application/json",
        "traceparent": "00-cbc0849db915ec4baa78aba662b4f3a2-c682502d85705b4d-00",
        "User-Agent": "azsdk-net-ResourceManager/1.6.0 (.NET Framework 4.8.9166.0; Microsoft Windows 10.0.23486 )",
        "x-ms-client-request-id": "b8a375f42e41062b6c42d8ed70bb823f",
        "x-ms-return-client-request-id": "true"
      },
      "RequestBody": {
        "location": "westus2"
      },
      "StatusCode": 201,
      "ResponseHeaders": {
        "Cache-Control": "no-cache",
        "Connection": "close",
        "Content-Length": "226",
        "Content-Type": "application/json; charset=utf-8",
        "Date": "Thu, 29 Jun 2023 19:29:18 GMT",
        "Expires": "-1",
        "Pragma": "no-cache",
        "Strict-Transport-Security": "max-age=31536000; includeSubDomains",
        "X-Content-Type-Options": "nosniff",
        "x-ms-correlation-request-id": "60143755-1613-43f5-ba14-0aaa64b8b5b6",
        "x-ms-ratelimit-remaining-subscription-writes": "1195",
        "x-ms-request-id": "60143755-1613-43f5-ba14-0aaa64b8b5b6",
        "x-ms-routing-request-id": "SOUTHCENTRALUS:20230629T192918Z:60143755-1613-43f5-ba14-0aaa64b8b5b6"
      },
      "ResponseBody": {
        "id": "/subscriptions/220fc532-6091-423c-8ba0-66c2397d591b/resourceGroups/dbaccount-7889",
        "name": "dbaccount-7889",
        "type": "Microsoft.Resources/resourceGroups",
        "location": "westus2",
        "properties": {
          "provisioningState": "Succeeded"
        }
      }
    },
    {
      "RequestUri": "https://management.azure.com/subscriptions/220fc532-6091-423c-8ba0-66c2397d591b/resourcegroups/dbaccount-7889?api-version=**",
      "RequestMethod": "GET",
      "RequestHeaders": {
        "Accept": "application/json",
        "Authorization": "Sanitized",
        "traceparent": "00-a3e1ba9bbfbb7047964681ae3ecea432-63ae56982873674e-00",
        "User-Agent": "azsdk-net-ResourceManager/1.6.0 (.NET Framework 4.8.9166.0; Microsoft Windows 10.0.23486 )",
        "x-ms-client-request-id": "3de187f1d0f345a365a1e7423e8d68ab",
        "x-ms-return-client-request-id": "true"
      },
      "RequestBody": null,
      "StatusCode": 200,
      "ResponseHeaders": {
        "Cache-Control": "no-cache",
        "Content-Length": "226",
        "Content-Type": "application/json; charset=utf-8",
        "Date": "Thu, 29 Jun 2023 19:29:18 GMT",
        "Expires": "-1",
        "Pragma": "no-cache",
        "Strict-Transport-Security": "max-age=31536000; includeSubDomains",
        "X-Content-Type-Options": "nosniff",
        "x-ms-correlation-request-id": "13d4a680-1193-452f-93eb-670f05c703c6",
        "x-ms-ratelimit-remaining-subscription-reads": "11999",
        "x-ms-request-id": "13d4a680-1193-452f-93eb-670f05c703c6",
        "x-ms-routing-request-id": "SOUTHCENTRALUS:20230629T192918Z:13d4a680-1193-452f-93eb-670f05c703c6"
      },
      "ResponseBody": {
        "id": "/subscriptions/220fc532-6091-423c-8ba0-66c2397d591b/resourceGroups/dbaccount-7889",
        "name": "dbaccount-7889",
        "type": "Microsoft.Resources/resourceGroups",
        "location": "westus2",
        "properties": {
          "provisioningState": "Succeeded"
        }
      }
    },
    {
      "RequestUri": "https://management.azure.com/subscriptions/220fc532-6091-423c-8ba0-66c2397d591b/resourceGroups/dbaccount-7889/providers/Microsoft.DocumentDB/databaseAccounts/dbaccount-4304?api-version=2023-03-15-preview",
      "RequestMethod": "PUT",
      "RequestHeaders": {
        "Accept": "application/json",
        "Authorization": "Sanitized",
        "Content-Length": "549",
        "Content-Type": "application/json",
        "traceparent": "00-11e47f955d673b48a3d777fe73c51e86-14ead533e09b8b42-00",
        "User-Agent": "azsdk-net-ResourceManager.CosmosDB/1.4.0-alpha.20230629.1 (.NET Framework 4.8.9166.0; Microsoft Windows 10.0.23486 )",
        "x-ms-client-request-id": "abee8266c66f3ef4a2e1993a086a6a52",
        "x-ms-return-client-request-id": "true"
      },
      "RequestBody": {
        "kind": "GlobalDocumentDB",
        "tags": {
          "key1": "value1",
          "key2": "value2"
        },
        "location": "westus2",
        "properties": {
          "consistencyPolicy": {
            "defaultConsistencyLevel": "BoundedStaleness",
            "maxStalenessPrefix": 300,
            "maxIntervalInSeconds": 1000
          },
          "locations": [
            {
              "locationName": "westus",
              "isZoneRedundant": false
            }
          ],
          "databaseAccountOfferType": "Standard",
          "ipRules": [
            {
              "ipAddressOrRange": "23.43.230.120"
            }
          ],
          "isVirtualNetworkFilterEnabled": true,
          "enableAutomaticFailover": false,
          "connectorOffer": "Small",
          "disableKeyBasedMetadataWriteAccess": false,
          "backupPolicy": {
            "type": "Continuous"
          }
        }
      },
      "StatusCode": 200,
      "ResponseHeaders": {
        "Azure-AsyncOperation": "https://management.azure.com/subscriptions/220fc532-6091-423c-8ba0-66c2397d591b/providers/Microsoft.DocumentDB/locations/westus2/operationsStatus/dc26f439-38cb-470f-91e6-a9f7730f9cf9?api-version=2023-03-15-preview",
        "Cache-Control": "no-store, no-cache",
        "Content-Length": "2484",
        "Content-Type": "application/json",
        "Date": "Thu, 29 Jun 2023 19:29:25 GMT",
        "Location": "https://management.azure.com/subscriptions/220fc532-6091-423c-8ba0-66c2397d591b/resourceGroups/dbaccount-7889/providers/Microsoft.DocumentDB/databaseAccounts/dbaccount-4304/operationResults/dc26f439-38cb-470f-91e6-a9f7730f9cf9?api-version=2023-03-15-preview",
        "Pragma": "no-cache",
        "Server": "Microsoft-HTTPAPI/2.0",
        "Strict-Transport-Security": "max-age=31536000; includeSubDomains",
        "X-Content-Type-Options": "nosniff",
        "x-ms-correlation-request-id": "28f96336-ecd0-4d68-bb7d-603ee06df2e0",
        "x-ms-gatewayversion": "version=2.14.0",
        "x-ms-ratelimit-remaining-subscription-writes": "1199",
        "x-ms-request-id": "dc26f439-38cb-470f-91e6-a9f7730f9cf9",
        "x-ms-routing-request-id": "SOUTHCENTRALUS:20230629T192925Z:28f96336-ecd0-4d68-bb7d-603ee06df2e0"
      },
      "ResponseBody": {
        "id": "/subscriptions/220fc532-6091-423c-8ba0-66c2397d591b/resourceGroups/dbaccount-7889/providers/Microsoft.DocumentDB/databaseAccounts/dbaccount-4304",
        "name": "dbaccount-4304",
        "location": "West US 2",
        "type": "Microsoft.DocumentDB/databaseAccounts",
        "kind": "GlobalDocumentDB",
        "tags": {
          "key1": "value1",
          "key2": "value2"
        },
        "systemData": {
          "createdAt": "2023-06-29T19:29:23.3359349Z"
        },
        "properties": {
          "provisioningState": "Creating",
          "publicNetworkAccess": "Enabled",
          "enableAutomaticFailover": false,
          "enableMultipleWriteLocations": false,
          "enablePartitionKeyMonitor": false,
          "isVirtualNetworkFilterEnabled": true,
          "virtualNetworkRules": [],
          "EnabledApiTypes": "Sql",
          "disableKeyBasedMetadataWriteAccess": false,
          "enableFreeTier": false,
          "enableAnalyticalStorage": false,
          "analyticalStorageConfiguration": {
            "schemaType": "WellDefined"
          },
          "instanceId": "70944afe-8aa3-49dc-b475-e87effe0cb92",
          "createMode": "Default",
          "databaseAccountOfferType": "Standard",
          "enableCassandraConnector": false,
          "connectorOffer": "Small",
          "enableMaterializedViews": false,
          "enableFullFidelityChangeFeed": false,
          "defaultIdentity": "",
          "networkAclBypass": "None",
          "disableLocalAuth": false,
          "enablePartitionMerge": false,
          "enableBurstCapacity": false,
          "minimalTlsVersion": "Tls",
          "consistencyPolicy": {
            "defaultConsistencyLevel": "BoundedStaleness",
            "maxIntervalInSeconds": 1000,
            "maxStalenessPrefix": 300
          },
          "configurationOverrides": {},
          "writeLocations": [
            {
              "id": "dbaccount-4304-westus",
              "locationName": "West US",
              "provisioningState": "Creating",
              "failoverPriority": 0,
              "isZoneRedundant": false
            }
          ],
          "readLocations": [
            {
              "id": "dbaccount-4304-westus",
              "locationName": "West US",
              "provisioningState": "Creating",
              "failoverPriority": 0,
              "isZoneRedundant": false
            }
          ],
          "locations": [
            {
              "id": "dbaccount-4304-westus",
              "locationName": "West US",
              "provisioningState": "Creating",
              "failoverPriority": 0,
              "isZoneRedundant": false
            }
          ],
          "failoverPolicies": [
            {
              "id": "dbaccount-4304-westus",
              "locationName": "West US",
              "failoverPriority": 0
            }
          ],
          "cors": [],
          "capabilities": [],
          "ipRules": [
            {
              "ipAddressOrRange": "23.43.230.120"
            }
          ],
          "backupPolicy": {
            "type": "Continuous",
            "continuousModeProperties": {
              "tier": "Continuous30Days"
            }
          },
          "networkAclBypassResourceIds": [],
          "diagnosticLogSettings": {
            "enableFullTextQuery": "None"
          },
          "keysMetadata": {
            "primaryMasterKey": {
              "generationTime": "2023-06-29T19:29:23.3359349Z"
            },
            "secondaryMasterKey": {
              "generationTime": "2023-06-29T19:29:23.3359349Z"
            },
            "primaryReadonlyMasterKey": {
              "generationTime": "2023-06-29T19:29:23.3359349Z"
            },
            "secondaryReadonlyMasterKey": {
              "generationTime": "2023-06-29T19:29:23.3359349Z"
            }
          }
        },
        "identity": {
          "type": "None"
        }
      }
    },
    {
      "RequestUri": "https://management.azure.com/subscriptions/220fc532-6091-423c-8ba0-66c2397d591b/providers/Microsoft.DocumentDB/locations/westus2/operationsStatus/dc26f439-38cb-470f-91e6-a9f7730f9cf9?api-version=2023-03-15-preview",
      "RequestMethod": "GET",
      "RequestHeaders": {
        "Authorization": "Sanitized",
        "traceparent": "00-11e47f955d673b48a3d777fe73c51e86-6af7535bbe257a4e-00",
        "User-Agent": "azsdk-net-ResourceManager/1.6.0 (.NET Framework 4.8.9166.0; Microsoft Windows 10.0.23486 )",
        "x-ms-client-request-id": "3809d92d9394c081edff50ee090a5d37",
        "x-ms-return-client-request-id": "true"
      },
      "RequestBody": null,
      "StatusCode": 200,
      "ResponseHeaders": {
        "Cache-Control": "no-store, no-cache",
        "Content-Length": "21",
        "Content-Type": "application/json",
        "Date": "Thu, 29 Jun 2023 19:29:25 GMT",
        "Pragma": "no-cache",
        "Server": "Microsoft-HTTPAPI/2.0",
        "Strict-Transport-Security": "max-age=31536000; includeSubDomains",
        "X-Content-Type-Options": "nosniff",
        "x-ms-correlation-request-id": "85fc2909-7a7e-48db-9ade-3816e72e949f",
        "x-ms-gatewayversion": "version=2.14.0",
        "x-ms-ratelimit-remaining-subscription-reads": "11998",
        "x-ms-request-id": "85fc2909-7a7e-48db-9ade-3816e72e949f",
        "x-ms-routing-request-id": "SOUTHCENTRALUS:20230629T192925Z:85fc2909-7a7e-48db-9ade-3816e72e949f"
      },
      "ResponseBody": {
        "status": "Enqueued"
      }
    },
    {
      "RequestUri": "https://management.azure.com/subscriptions/220fc532-6091-423c-8ba0-66c2397d591b/providers/Microsoft.DocumentDB/locations/westus2/operationsStatus/dc26f439-38cb-470f-91e6-a9f7730f9cf9?api-version=2023-03-15-preview",
      "RequestMethod": "GET",
      "RequestHeaders": {
        "Authorization": "Sanitized",
        "traceparent": "00-11e47f955d673b48a3d777fe73c51e86-ac2a3fef07c34846-00",
        "User-Agent": "azsdk-net-ResourceManager/1.6.0 (.NET Framework 4.8.9166.0; Microsoft Windows 10.0.23486 )",
        "x-ms-client-request-id": "c444f07dc819439a5e1c4e1d26ad55da",
        "x-ms-return-client-request-id": "true"
      },
      "RequestBody": null,
      "StatusCode": 200,
      "ResponseHeaders": {
        "Cache-Control": "no-store, no-cache",
        "Content-Length": "21",
        "Content-Type": "application/json",
        "Date": "Thu, 29 Jun 2023 19:29:26 GMT",
        "Pragma": "no-cache",
        "Server": "Microsoft-HTTPAPI/2.0",
        "Strict-Transport-Security": "max-age=31536000; includeSubDomains",
        "X-Content-Type-Options": "nosniff",
        "x-ms-correlation-request-id": "2abf14cb-ebab-43da-ac44-6b417bc89768",
        "x-ms-gatewayversion": "version=2.14.0",
        "x-ms-ratelimit-remaining-subscription-reads": "11997",
        "x-ms-request-id": "2abf14cb-ebab-43da-ac44-6b417bc89768",
        "x-ms-routing-request-id": "SOUTHCENTRALUS:20230629T192926Z:2abf14cb-ebab-43da-ac44-6b417bc89768"
      },
      "ResponseBody": {
        "status": "Enqueued"
      }
    },
    {
      "RequestUri": "https://management.azure.com/subscriptions/220fc532-6091-423c-8ba0-66c2397d591b/providers/Microsoft.DocumentDB/locations/westus2/operationsStatus/dc26f439-38cb-470f-91e6-a9f7730f9cf9?api-version=2023-03-15-preview",
      "RequestMethod": "GET",
      "RequestHeaders": {
        "Authorization": "Sanitized",
        "traceparent": "00-11e47f955d673b48a3d777fe73c51e86-bcc640f7dc115444-00",
        "User-Agent": "azsdk-net-ResourceManager/1.6.0 (.NET Framework 4.8.9166.0; Microsoft Windows 10.0.23486 )",
        "x-ms-client-request-id": "2f0dbf03316066bd488ef57ad235c853",
        "x-ms-return-client-request-id": "true"
      },
      "RequestBody": null,
      "StatusCode": 200,
      "ResponseHeaders": {
        "Cache-Control": "no-store, no-cache",
        "Content-Length": "21",
        "Content-Type": "application/json",
        "Date": "Thu, 29 Jun 2023 19:29:27 GMT",
        "Pragma": "no-cache",
        "Server": "Microsoft-HTTPAPI/2.0",
        "Strict-Transport-Security": "max-age=31536000; includeSubDomains",
        "X-Content-Type-Options": "nosniff",
        "x-ms-correlation-request-id": "7f76ee34-cb42-4b48-83c0-91875c3a4a83",
        "x-ms-gatewayversion": "version=2.14.0",
        "x-ms-ratelimit-remaining-subscription-reads": "11996",
        "x-ms-request-id": "7f76ee34-cb42-4b48-83c0-91875c3a4a83",
        "x-ms-routing-request-id": "SOUTHCENTRALUS:20230629T192927Z:7f76ee34-cb42-4b48-83c0-91875c3a4a83"
      },
      "ResponseBody": {
        "status": "Enqueued"
      }
    },
    {
      "RequestUri": "https://management.azure.com/subscriptions/220fc532-6091-423c-8ba0-66c2397d591b/providers/Microsoft.DocumentDB/locations/westus2/operationsStatus/dc26f439-38cb-470f-91e6-a9f7730f9cf9?api-version=2023-03-15-preview",
      "RequestMethod": "GET",
      "RequestHeaders": {
        "Authorization": "Sanitized",
        "traceparent": "00-11e47f955d673b48a3d777fe73c51e86-d64ac51102d9ef42-00",
        "User-Agent": "azsdk-net-ResourceManager/1.6.0 (.NET Framework 4.8.9166.0; Microsoft Windows 10.0.23486 )",
        "x-ms-client-request-id": "f8c968f51a8364bf3ec6d9774564993f",
        "x-ms-return-client-request-id": "true"
      },
      "RequestBody": null,
      "StatusCode": 200,
      "ResponseHeaders": {
        "Cache-Control": "no-store, no-cache",
        "Content-Length": "21",
        "Content-Type": "application/json",
        "Date": "Thu, 29 Jun 2023 19:29:28 GMT",
        "Pragma": "no-cache",
        "Server": "Microsoft-HTTPAPI/2.0",
        "Strict-Transport-Security": "max-age=31536000; includeSubDomains",
        "X-Content-Type-Options": "nosniff",
        "x-ms-correlation-request-id": "d65912e7-1d76-4e38-b6d1-268d25a229ab",
        "x-ms-gatewayversion": "version=2.14.0",
        "x-ms-ratelimit-remaining-subscription-reads": "11995",
        "x-ms-request-id": "d65912e7-1d76-4e38-b6d1-268d25a229ab",
        "x-ms-routing-request-id": "SOUTHCENTRALUS:20230629T192928Z:d65912e7-1d76-4e38-b6d1-268d25a229ab"
      },
      "ResponseBody": {
        "status": "Dequeued"
      }
    },
    {
      "RequestUri": "https://management.azure.com/subscriptions/220fc532-6091-423c-8ba0-66c2397d591b/providers/Microsoft.DocumentDB/locations/westus2/operationsStatus/dc26f439-38cb-470f-91e6-a9f7730f9cf9?api-version=2023-03-15-preview",
      "RequestMethod": "GET",
      "RequestHeaders": {
        "Authorization": "Sanitized",
        "traceparent": "00-11e47f955d673b48a3d777fe73c51e86-5105ce63f8058a43-00",
        "User-Agent": "azsdk-net-ResourceManager/1.6.0 (.NET Framework 4.8.9166.0; Microsoft Windows 10.0.23486 )",
        "x-ms-client-request-id": "49eb76aa2dfd4bd632dd7b8ad31f7029",
        "x-ms-return-client-request-id": "true"
      },
      "RequestBody": null,
      "StatusCode": 200,
      "ResponseHeaders": {
        "Cache-Control": "no-store, no-cache",
        "Content-Length": "21",
        "Content-Type": "application/json",
        "Date": "Thu, 29 Jun 2023 19:29:30 GMT",
        "Pragma": "no-cache",
        "Server": "Microsoft-HTTPAPI/2.0",
        "Strict-Transport-Security": "max-age=31536000; includeSubDomains",
        "X-Content-Type-Options": "nosniff",
        "x-ms-correlation-request-id": "aab49e10-1a9f-4875-8a56-75c865c1030f",
        "x-ms-gatewayversion": "version=2.14.0",
        "x-ms-ratelimit-remaining-subscription-reads": "11994",
        "x-ms-request-id": "aab49e10-1a9f-4875-8a56-75c865c1030f",
        "x-ms-routing-request-id": "SOUTHCENTRALUS:20230629T192930Z:aab49e10-1a9f-4875-8a56-75c865c1030f"
      },
      "ResponseBody": {
        "status": "Dequeued"
      }
    },
    {
      "RequestUri": "https://management.azure.com/subscriptions/220fc532-6091-423c-8ba0-66c2397d591b/providers/Microsoft.DocumentDB/locations/westus2/operationsStatus/dc26f439-38cb-470f-91e6-a9f7730f9cf9?api-version=2023-03-15-preview",
      "RequestMethod": "GET",
      "RequestHeaders": {
        "Authorization": "Sanitized",
        "traceparent": "00-11e47f955d673b48a3d777fe73c51e86-efda294469644e46-00",
        "User-Agent": "azsdk-net-ResourceManager/1.6.0 (.NET Framework 4.8.9166.0; Microsoft Windows 10.0.23486 )",
        "x-ms-client-request-id": "be27fa545de3e856ffa8f099584621e3",
        "x-ms-return-client-request-id": "true"
      },
      "RequestBody": null,
      "StatusCode": 200,
      "ResponseHeaders": {
        "Cache-Control": "no-store, no-cache",
        "Content-Length": "21",
        "Content-Type": "application/json",
        "Date": "Thu, 29 Jun 2023 19:29:34 GMT",
        "Pragma": "no-cache",
        "Server": "Microsoft-HTTPAPI/2.0",
        "Strict-Transport-Security": "max-age=31536000; includeSubDomains",
        "X-Content-Type-Options": "nosniff",
        "x-ms-correlation-request-id": "736b1a1e-049b-4c11-ade3-4be342508c28",
        "x-ms-gatewayversion": "version=2.14.0",
        "x-ms-ratelimit-remaining-subscription-reads": "11993",
        "x-ms-request-id": "736b1a1e-049b-4c11-ade3-4be342508c28",
        "x-ms-routing-request-id": "SOUTHCENTRALUS:20230629T192934Z:736b1a1e-049b-4c11-ade3-4be342508c28"
      },
      "ResponseBody": {
        "status": "Dequeued"
      }
    },
    {
      "RequestUri": "https://management.azure.com/subscriptions/220fc532-6091-423c-8ba0-66c2397d591b/providers/Microsoft.DocumentDB/locations/westus2/operationsStatus/dc26f439-38cb-470f-91e6-a9f7730f9cf9?api-version=2023-03-15-preview",
      "RequestMethod": "GET",
      "RequestHeaders": {
        "Authorization": "Sanitized",
        "traceparent": "00-11e47f955d673b48a3d777fe73c51e86-bc0382dabcac334a-00",
        "User-Agent": "azsdk-net-ResourceManager/1.6.0 (.NET Framework 4.8.9166.0; Microsoft Windows 10.0.23486 )",
        "x-ms-client-request-id": "5cd0b6f57e49c756917ec5a69e35911f",
        "x-ms-return-client-request-id": "true"
      },
      "RequestBody": null,
      "StatusCode": 200,
      "ResponseHeaders": {
        "Cache-Control": "no-store, no-cache",
        "Content-Length": "21",
        "Content-Type": "application/json",
        "Date": "Thu, 29 Jun 2023 19:29:42 GMT",
        "Pragma": "no-cache",
        "Server": "Microsoft-HTTPAPI/2.0",
        "Strict-Transport-Security": "max-age=31536000; includeSubDomains",
        "X-Content-Type-Options": "nosniff",
        "x-ms-correlation-request-id": "91205875-a161-42ab-b4e8-10abeb2672a9",
        "x-ms-gatewayversion": "version=2.14.0",
        "x-ms-ratelimit-remaining-subscription-reads": "11992",
        "x-ms-request-id": "91205875-a161-42ab-b4e8-10abeb2672a9",
        "x-ms-routing-request-id": "SOUTHCENTRALUS:20230629T192942Z:91205875-a161-42ab-b4e8-10abeb2672a9"
      },
      "ResponseBody": {
        "status": "Dequeued"
      }
    },
    {
      "RequestUri": "https://management.azure.com/subscriptions/220fc532-6091-423c-8ba0-66c2397d591b/providers/Microsoft.DocumentDB/locations/westus2/operationsStatus/dc26f439-38cb-470f-91e6-a9f7730f9cf9?api-version=2023-03-15-preview",
      "RequestMethod": "GET",
      "RequestHeaders": {
        "Authorization": "Sanitized",
        "traceparent": "00-11e47f955d673b48a3d777fe73c51e86-7dff645166d5fc4c-00",
        "User-Agent": "azsdk-net-ResourceManager/1.6.0 (.NET Framework 4.8.9166.0; Microsoft Windows 10.0.23486 )",
        "x-ms-client-request-id": "4a22b056db3c4d5b1f0249543d3df2ec",
        "x-ms-return-client-request-id": "true"
      },
      "RequestBody": null,
      "StatusCode": 200,
      "ResponseHeaders": {
        "Cache-Control": "no-store, no-cache",
        "Content-Length": "21",
        "Content-Type": "application/json",
        "Date": "Thu, 29 Jun 2023 19:29:58 GMT",
        "Pragma": "no-cache",
        "Server": "Microsoft-HTTPAPI/2.0",
        "Strict-Transport-Security": "max-age=31536000; includeSubDomains",
        "X-Content-Type-Options": "nosniff",
        "x-ms-correlation-request-id": "de27cfad-aff4-4c04-a96a-aaf218f65f05",
        "x-ms-gatewayversion": "version=2.14.0",
        "x-ms-ratelimit-remaining-subscription-reads": "11991",
        "x-ms-request-id": "de27cfad-aff4-4c04-a96a-aaf218f65f05",
        "x-ms-routing-request-id": "SOUTHCENTRALUS:20230629T192958Z:de27cfad-aff4-4c04-a96a-aaf218f65f05"
      },
      "ResponseBody": {
        "status": "Dequeued"
      }
    },
    {
      "RequestUri": "https://management.azure.com/subscriptions/220fc532-6091-423c-8ba0-66c2397d591b/providers/Microsoft.DocumentDB/locations/westus2/operationsStatus/dc26f439-38cb-470f-91e6-a9f7730f9cf9?api-version=2023-03-15-preview",
      "RequestMethod": "GET",
      "RequestHeaders": {
        "Authorization": "Sanitized",
        "traceparent": "00-11e47f955d673b48a3d777fe73c51e86-577ca1af26336d4b-00",
        "User-Agent": "azsdk-net-ResourceManager/1.6.0 (.NET Framework 4.8.9166.0; Microsoft Windows 10.0.23486 )",
        "x-ms-client-request-id": "1c9597bc144ed6dfa4602c6597af49ca",
        "x-ms-return-client-request-id": "true"
      },
      "RequestBody": null,
      "StatusCode": 200,
      "ResponseHeaders": {
        "Cache-Control": "no-store, no-cache",
        "Content-Length": "21",
        "Content-Type": "application/json",
        "Date": "Thu, 29 Jun 2023 19:30:30 GMT",
        "Pragma": "no-cache",
        "Server": "Microsoft-HTTPAPI/2.0",
        "Strict-Transport-Security": "max-age=31536000; includeSubDomains",
        "X-Content-Type-Options": "nosniff",
        "x-ms-correlation-request-id": "7ce85ca8-f3cb-4a69-9bbe-f4cbef4f1045",
        "x-ms-gatewayversion": "version=2.14.0",
        "x-ms-ratelimit-remaining-subscription-reads": "11990",
        "x-ms-request-id": "7ce85ca8-f3cb-4a69-9bbe-f4cbef4f1045",
        "x-ms-routing-request-id": "SOUTHCENTRALUS:20230629T193031Z:7ce85ca8-f3cb-4a69-9bbe-f4cbef4f1045"
      },
      "ResponseBody": {
        "status": "Dequeued"
      }
    },
    {
      "RequestUri": "https://management.azure.com/subscriptions/220fc532-6091-423c-8ba0-66c2397d591b/providers/Microsoft.DocumentDB/locations/westus2/operationsStatus/dc26f439-38cb-470f-91e6-a9f7730f9cf9?api-version=2023-03-15-preview",
      "RequestMethod": "GET",
      "RequestHeaders": {
        "Authorization": "Sanitized",
        "traceparent": "00-11e47f955d673b48a3d777fe73c51e86-8b17029ce6f78e41-00",
        "User-Agent": "azsdk-net-ResourceManager/1.6.0 (.NET Framework 4.8.9166.0; Microsoft Windows 10.0.23486 )",
        "x-ms-client-request-id": "a843d016d62319a75a833c4634018954",
        "x-ms-return-client-request-id": "true"
      },
      "RequestBody": null,
      "StatusCode": 200,
      "ResponseHeaders": {
        "Cache-Control": "no-store, no-cache",
        "Content-Length": "21",
        "Content-Type": "application/json",
        "Date": "Thu, 29 Jun 2023 19:31:02 GMT",
        "Pragma": "no-cache",
        "Server": "Microsoft-HTTPAPI/2.0",
        "Strict-Transport-Security": "max-age=31536000; includeSubDomains",
        "X-Content-Type-Options": "nosniff",
        "x-ms-correlation-request-id": "001836b3-2c39-4419-b724-be57654cb5b7",
        "x-ms-gatewayversion": "version=2.14.0",
        "x-ms-ratelimit-remaining-subscription-reads": "11989",
        "x-ms-request-id": "001836b3-2c39-4419-b724-be57654cb5b7",
        "x-ms-routing-request-id": "SOUTHCENTRALUS:20230629T193103Z:001836b3-2c39-4419-b724-be57654cb5b7"
      },
      "ResponseBody": {
        "status": "Dequeued"
      }
    },
    {
      "RequestUri": "https://management.azure.com/subscriptions/220fc532-6091-423c-8ba0-66c2397d591b/providers/Microsoft.DocumentDB/locations/westus2/operationsStatus/dc26f439-38cb-470f-91e6-a9f7730f9cf9?api-version=2023-03-15-preview",
      "RequestMethod": "GET",
      "RequestHeaders": {
        "Authorization": "Sanitized",
        "traceparent": "00-11e47f955d673b48a3d777fe73c51e86-cd32d8bba272a54f-00",
        "User-Agent": "azsdk-net-ResourceManager/1.6.0 (.NET Framework 4.8.9166.0; Microsoft Windows 10.0.23486 )",
        "x-ms-client-request-id": "06ead88b749f41d0d04ca6dcaff6b56f",
        "x-ms-return-client-request-id": "true"
      },
      "RequestBody": null,
      "StatusCode": 200,
      "ResponseHeaders": {
        "Cache-Control": "no-store, no-cache",
        "Content-Length": "21",
        "Content-Type": "application/json",
        "Date": "Thu, 29 Jun 2023 19:31:34 GMT",
        "Pragma": "no-cache",
        "Server": "Microsoft-HTTPAPI/2.0",
        "Strict-Transport-Security": "max-age=31536000; includeSubDomains",
        "X-Content-Type-Options": "nosniff",
        "x-ms-correlation-request-id": "f3bd5e34-9f41-4662-aa71-cf961e2d90bb",
        "x-ms-gatewayversion": "version=2.14.0",
        "x-ms-ratelimit-remaining-subscription-reads": "11988",
        "x-ms-request-id": "f3bd5e34-9f41-4662-aa71-cf961e2d90bb",
        "x-ms-routing-request-id": "SOUTHCENTRALUS:20230629T193135Z:f3bd5e34-9f41-4662-aa71-cf961e2d90bb"
      },
      "ResponseBody": {
        "status": "Dequeued"
      }
    },
    {
      "RequestUri": "https://management.azure.com/subscriptions/220fc532-6091-423c-8ba0-66c2397d591b/providers/Microsoft.DocumentDB/locations/westus2/operationsStatus/dc26f439-38cb-470f-91e6-a9f7730f9cf9?api-version=2023-03-15-preview",
      "RequestMethod": "GET",
      "RequestHeaders": {
        "Authorization": "Sanitized",
        "traceparent": "00-11e47f955d673b48a3d777fe73c51e86-20320854aa7f5d46-00",
        "User-Agent": "azsdk-net-ResourceManager/1.6.0 (.NET Framework 4.8.9166.0; Microsoft Windows 10.0.23486 )",
        "x-ms-client-request-id": "6d3d7fb94af9e5c8f07bc2cbd899a2a2",
        "x-ms-return-client-request-id": "true"
      },
      "RequestBody": null,
      "StatusCode": 200,
      "ResponseHeaders": {
        "Cache-Control": "no-store, no-cache",
        "Content-Length": "22",
        "Content-Type": "application/json",
        "Date": "Thu, 29 Jun 2023 19:32:07 GMT",
        "Pragma": "no-cache",
        "Server": "Microsoft-HTTPAPI/2.0",
        "Strict-Transport-Security": "max-age=31536000; includeSubDomains",
        "X-Content-Type-Options": "nosniff",
        "x-ms-correlation-request-id": "b95cf81f-70a1-4d7e-ba72-2dbed8c4e006",
        "x-ms-gatewayversion": "version=2.14.0",
        "x-ms-ratelimit-remaining-subscription-reads": "11987",
        "x-ms-request-id": "b95cf81f-70a1-4d7e-ba72-2dbed8c4e006",
        "x-ms-routing-request-id": "SOUTHCENTRALUS:20230629T193207Z:b95cf81f-70a1-4d7e-ba72-2dbed8c4e006"
      },
      "ResponseBody": {
        "status": "Succeeded"
      }
    },
    {
      "RequestUri": "https://management.azure.com/subscriptions/220fc532-6091-423c-8ba0-66c2397d591b/resourceGroups/dbaccount-7889/providers/Microsoft.DocumentDB/databaseAccounts/dbaccount-4304?api-version=2023-03-15-preview",
      "RequestMethod": "GET",
      "RequestHeaders": {
        "Authorization": "Sanitized",
        "traceparent": "00-11e47f955d673b48a3d777fe73c51e86-347b385b2f002041-00",
        "User-Agent": "azsdk-net-ResourceManager/1.6.0 (.NET Framework 4.8.9166.0; Microsoft Windows 10.0.23486 )",
        "x-ms-client-request-id": "bfd9d7d642c5a22a0002d7d72fcb6a64",
        "x-ms-return-client-request-id": "true"
      },
      "RequestBody": null,
      "StatusCode": 200,
      "ResponseHeaders": {
        "Cache-Control": "no-store, no-cache",
        "Content-Length": "2862",
        "Content-Type": "application/json",
        "Date": "Thu, 29 Jun 2023 19:32:07 GMT",
        "Pragma": "no-cache",
        "Server": "Microsoft-HTTPAPI/2.0",
        "Strict-Transport-Security": "max-age=31536000; includeSubDomains",
        "X-Content-Type-Options": "nosniff",
        "x-ms-correlation-request-id": "d801a2fa-37ec-4669-917e-3806455f8007",
        "x-ms-gatewayversion": "version=2.14.0",
        "x-ms-ratelimit-remaining-subscription-reads": "11986",
        "x-ms-request-id": "d801a2fa-37ec-4669-917e-3806455f8007",
        "x-ms-routing-request-id": "SOUTHCENTRALUS:20230629T193207Z:d801a2fa-37ec-4669-917e-3806455f8007"
      },
      "ResponseBody": {
        "id": "/subscriptions/220fc532-6091-423c-8ba0-66c2397d591b/resourceGroups/dbaccount-7889/providers/Microsoft.DocumentDB/databaseAccounts/dbaccount-4304",
        "name": "dbaccount-4304",
        "location": "West US 2",
        "type": "Microsoft.DocumentDB/databaseAccounts",
        "kind": "GlobalDocumentDB",
        "tags": {
          "key1": "value1",
          "key2": "value2"
        },
        "systemData": {
          "createdAt": "2023-06-29T19:31:25.321104Z"
        },
        "properties": {
          "provisioningState": "Succeeded",
          "documentEndpoint": "https://dbaccount-4304.documents.azure.com:443/",
          "sqlEndpoint": "https://dbaccount-4304.documents.azure.com:443/",
          "publicNetworkAccess": "Enabled",
          "enableAutomaticFailover": false,
          "enableMultipleWriteLocations": false,
          "enablePartitionKeyMonitor": false,
          "isVirtualNetworkFilterEnabled": true,
          "virtualNetworkRules": [],
          "EnabledApiTypes": "Sql",
          "disableKeyBasedMetadataWriteAccess": false,
          "enableFreeTier": false,
          "enableAnalyticalStorage": false,
          "analyticalStorageConfiguration": {
            "schemaType": "WellDefined"
          },
          "instanceId": "70944afe-8aa3-49dc-b475-e87effe0cb92",
          "createMode": "Default",
          "databaseAccountOfferType": "Standard",
          "enableCassandraConnector": false,
          "connectorOffer": "Small",
          "enableMaterializedViews": false,
          "enableFullFidelityChangeFeed": false,
          "defaultIdentity": "FirstPartyIdentity",
          "networkAclBypass": "None",
          "disableLocalAuth": false,
          "enablePartitionMerge": false,
          "enableBurstCapacity": false,
          "minimalTlsVersion": "Tls",
          "consistencyPolicy": {
            "defaultConsistencyLevel": "BoundedStaleness",
            "maxIntervalInSeconds": 1000,
            "maxStalenessPrefix": 300
          },
          "configurationOverrides": {},
          "writeLocations": [
            {
              "id": "dbaccount-4304-westus",
              "locationName": "West US",
              "documentEndpoint": "https://dbaccount-4304-westus.documents.azure.com:443/",
              "provisioningState": "Succeeded",
              "failoverPriority": 0,
              "isZoneRedundant": false
            }
          ],
          "readLocations": [
            {
              "id": "dbaccount-4304-westus",
              "locationName": "West US",
              "documentEndpoint": "https://dbaccount-4304-westus.documents.azure.com:443/",
              "provisioningState": "Succeeded",
              "failoverPriority": 0,
              "isZoneRedundant": false
            }
          ],
          "locations": [
            {
              "id": "dbaccount-4304-westus",
              "locationName": "West US",
              "documentEndpoint": "https://dbaccount-4304-westus.documents.azure.com:443/",
              "provisioningState": "Succeeded",
              "failoverPriority": 0,
              "isZoneRedundant": false
            }
          ],
          "failoverPolicies": [
            {
              "id": "dbaccount-4304-westus",
              "locationName": "West US",
              "failoverPriority": 0
            }
          ],
          "cors": [],
          "capabilities": [],
          "ipRules": [
            {
              "ipAddressOrRange": "23.43.230.120"
            }
          ],
          "backupPolicy": {
            "type": "Continuous",
            "continuousModeProperties": {
              "tier": "Continuous30Days"
            }
          },
          "networkAclBypassResourceIds": [],
          "diagnosticLogSettings": {
            "enableFullTextQuery": "None"
          },
          "keysMetadata": {
            "primaryMasterKey": {
              "generationTime": "2023-06-29T19:31:25.321104Z"
            },
            "secondaryMasterKey": {
              "generationTime": "2023-06-29T19:31:25.321104Z"
            },
            "primaryReadonlyMasterKey": {
              "generationTime": "2023-06-29T19:31:25.321104Z"
            },
            "secondaryReadonlyMasterKey": {
              "generationTime": "2023-06-29T19:31:25.321104Z"
            }
          }
        },
        "identity": {
          "type": "None"
        }
      }
    }
  ],
  "Variables": {
    "AZURE_AUTHORITY_HOST": "https://login.microsoftonline.com",
    "RandomSeed": "1783115470",
    "RESOURCE_MANAGER_URL": null,
    "SUBSCRIPTION_ID": "220fc532-6091-423c-8ba0-66c2397d591b"
  }
}
