{
  "Entries": [
    {
      "RequestUri": "https://management.azure.com/subscriptions/cf65b9a6-fe0f-4011-881c-aba5a5fb8603?api-version=2021-01-01",
      "RequestMethod": "GET",
      "RequestHeaders": {
        "Accept": "application/json",
        "Authorization": "Sanitized",
        "Connection": "keep-alive",
        "traceparent": "00-d01a110077ac3b4293a3fa19f2044f44-1c0bb52e54084e4b-00",
        "User-Agent": "azsdk-net-ResourceManager/1.0.0 (.NET Framework 4.8.4510.0; Microsoft Windows 10.0.22000 )",
        "x-ms-client-request-id": "730b55f739de1148f7d946065e62354e",
        "x-ms-return-client-request-id": "true"
      },
      "RequestBody": null,
      "StatusCode": 200,
      "ResponseHeaders": {
        "Cache-Control": "no-cache",
        "Content-Length": "458",
        "Content-Type": "application/json; charset=utf-8",
        "Date": "Tue, 07 Jun 2022 07:23:06 GMT",
        "Expires": "-1",
        "Pragma": "no-cache",
        "Strict-Transport-Security": "max-age=31536000; includeSubDomains",
        "X-Content-Type-Options": "nosniff",
        "x-ms-correlation-request-id": "9cf1e8d3-7f4f-49b9-ba79-9fad63d7cc72",
        "x-ms-ratelimit-remaining-subscription-reads": "11999",
        "x-ms-request-id": "9cf1e8d3-7f4f-49b9-ba79-9fad63d7cc72",
        "x-ms-routing-request-id": "WESTUS:20220607T072306Z:9cf1e8d3-7f4f-49b9-ba79-9fad63d7cc72"
      },
      "ResponseBody": {
        "id": "/subscriptions/cf65b9a6-fe0f-4011-881c-aba5a5fb8603",
        "authorizationSource": "RoleBased",
        "managedByTenants": [],
        "tags": {
          "Env": "NonProd",
          "IsHostedOnBehalfOf": "False"
        },
        "subscriptionId": "cf65b9a6-fe0f-4011-881c-aba5a5fb8603",
        "tenantId": "72f988bf-86f1-41af-91ab-2d7cd011db47",
        "displayName": "AzureDeviceUpdate/PPE-MS",
        "state": "Enabled",
        "subscriptionPolicies": {
          "locationPlacementId": "Internal_2014-09-01",
          "quotaId": "Internal_2014-09-01",
          "spendingLimit": "Off"
        }
      }
    },
    {
      "RequestUri": "https://management.azure.com/subscriptions/cf65b9a6-fe0f-4011-881c-aba5a5fb8603/resourcegroups/testRg-3787?api-version=2021-04-01",
      "RequestMethod": "PUT",
      "RequestHeaders": {
        "Accept": "application/json",
        "Authorization": "Sanitized",
        "Content-Length": "31",
        "Content-Type": "application/json",
        "traceparent": "00-1dad64e826618e45a07cd9af7976a8b2-9ad39d71ae904d45-00",
        "User-Agent": "azsdk-net-ResourceManager/1.0.0 (.NET Framework 4.8.4510.0; Microsoft Windows 10.0.22000 )",
        "x-ms-client-request-id": "234e7dd62030313f3b8e2419c91c7ed8",
        "x-ms-return-client-request-id": "true"
      },
      "RequestBody": {
        "tags": {},
        "location": "westus"
      },
      "StatusCode": 201,
      "ResponseHeaders": {
        "Cache-Control": "no-cache",
        "Content-Length": "244",
        "Content-Type": "application/json; charset=utf-8",
        "Date": "Tue, 07 Jun 2022 07:23:06 GMT",
        "Expires": "-1",
        "Pragma": "no-cache",
        "Strict-Transport-Security": "max-age=31536000; includeSubDomains",
        "X-Content-Type-Options": "nosniff",
        "x-ms-correlation-request-id": "257d50e9-bc5a-4a50-ac8a-54c2cc041bfa",
        "x-ms-ratelimit-remaining-subscription-writes": "1199",
        "x-ms-request-id": "257d50e9-bc5a-4a50-ac8a-54c2cc041bfa",
        "x-ms-routing-request-id": "WESTUS:20220607T072306Z:257d50e9-bc5a-4a50-ac8a-54c2cc041bfa"
      },
      "ResponseBody": {
        "id": "/subscriptions/cf65b9a6-fe0f-4011-881c-aba5a5fb8603/resourceGroups/testRg-3787",
        "name": "testRg-3787",
        "type": "Microsoft.Resources/resourceGroups",
        "location": "westus",
        "tags": {
          "Env": "NonProd"
        },
        "properties": {
          "provisioningState": "Succeeded"
        }
      }
    },
    {
      "RequestUri": "https://management.azure.com/subscriptions/cf65b9a6-fe0f-4011-881c-aba5a5fb8603/resourceGroups/testRg-3787/providers/Microsoft.DeviceUpdate/accounts/Account-7313?api-version=2022-04-01-preview",
      "RequestMethod": "PUT",
      "RequestHeaders": {
        "Accept": "application/json",
        "Authorization": "Sanitized",
        "Content-Length": "64",
        "Content-Type": "application/json",
        "traceparent": "00-2100ef45a6f93548becd723e44fcfb12-b97fe8a0df8d8349-00",
        "User-Agent": "azsdk-net-ResourceManager.DeviceUpdate/1.0.0-alpha.20220606.1 (.NET Framework 4.8.4510.0; Microsoft Windows 10.0.22000 )",
        "x-ms-client-request-id": "7d839f5a865fd0a7b07a501a706be837",
        "x-ms-return-client-request-id": "true"
      },
      "RequestBody": {
        "tags": {},
        "location": "westus2",
        "properties": {
          "sku": "Standard"
        }
      },
      "StatusCode": 201,
      "ResponseHeaders": {
        "api-supported-versions": "2020-03-01-preview, 2022-04-01-preview",
        "Azure-AsyncOperation": "https://management.azure.com/providers/Microsoft.DeviceUpdate/locations/WESTUS2/operationStatuses/c72af53c-4712-4f6f-b29b-e3c25aaaa40a*A9602359070E53605EA9CCA9950C417C5AEAC4953BC8181709E000D055AADB2E?api-version=2022-04-01-preview",
        "Cache-Control": "no-cache",
        "Content-Length": "577",
        "Content-Type": "application/json; charset=utf-8",
        "Date": "Tue, 07 Jun 2022 07:23:07 GMT",
        "ETag": "\u0022f5030282-0000-0800-0000-629efcdb0000\u0022",
        "Expires": "-1",
        "Pragma": "no-cache",
        "Strict-Transport-Security": "max-age=31536000; includeSubDomains",
        "X-Content-Type-Options": "nosniff",
        "x-ms-correlation-request-id": "c9ecce3f-8912-4b47-adfd-320822bbf6e2",
        "x-ms-providerhub-traffic": "True",
        "x-ms-ratelimit-remaining-subscription-writes": "1198",
        "x-ms-request-id": "c72af53c-4712-4f6f-b29b-e3c25aaaa40a",
        "x-ms-routing-request-id": "WESTUS:20220607T072308Z:c9ecce3f-8912-4b47-adfd-320822bbf6e2"
      },
      "ResponseBody": {
        "id": "/subscriptions/cf65b9a6-fe0f-4011-881c-aba5a5fb8603/resourceGroups/testRg-3787/providers/Microsoft.DeviceUpdate/accounts/Account-7313",
        "name": "Account-7313",
        "type": "microsoft.deviceupdate/accounts",
        "location": "westus2",
        "tags": {},
        "systemData": {
          "createdBy": "1e5942b3-36f1-43eb-88d9-98c12d95000b",
          "createdByType": "Application",
          "createdAt": "2022-06-07T07:23:06.9169684Z",
          "lastModifiedBy": "1e5942b3-36f1-43eb-88d9-98c12d95000b",
          "lastModifiedByType": "Application",
          "lastModifiedAt": "2022-06-07T07:23:06.9169684Z"
        },
        "properties": {
          "sku": "Standard",
          "provisioningState": "Accepted"
        }
      }
    },
    {
      "RequestUri": "https://management.azure.com/providers/Microsoft.DeviceUpdate/locations/WESTUS2/operationStatuses/c72af53c-4712-4f6f-b29b-e3c25aaaa40a*A9602359070E53605EA9CCA9950C417C5AEAC4953BC8181709E000D055AADB2E?api-version=2022-04-01-preview",
      "RequestMethod": "GET",
      "RequestHeaders": {
        "Authorization": "Sanitized",
        "traceparent": "00-2100ef45a6f93548becd723e44fcfb12-2c2e4d112de26343-00",
        "User-Agent": "azsdk-net-ResourceManager/1.0.0 (.NET Framework 4.8.4510.0; Microsoft Windows 10.0.22000 )",
        "x-ms-client-request-id": "95073e2e4bcbf776a75280a6ef16ca22",
        "x-ms-return-client-request-id": "true"
      },
      "RequestBody": null,
      "StatusCode": 200,
      "ResponseHeaders": {
        "Cache-Control": "no-cache",
        "Content-Length": "503",
        "Content-Type": "application/json; charset=utf-8",
        "Date": "Tue, 07 Jun 2022 07:23:08 GMT",
        "ETag": "\u0022d40485f1-0000-0800-0000-629efcdb0000\u0022",
        "Expires": "-1",
        "Pragma": "no-cache",
        "Strict-Transport-Security": "max-age=31536000; includeSubDomains",
        "X-Content-Type-Options": "nosniff",
        "x-ms-correlation-request-id": "71f2fec5-ceac-43ea-8fdb-4ad34df3f0a9",
        "x-ms-ratelimit-remaining-tenant-reads": "11999",
        "x-ms-request-id": "5052e788-221b-4ab0-b386-39c1d43f24f9",
        "x-ms-routing-request-id": "WESTUS:20220607T072308Z:71f2fec5-ceac-43ea-8fdb-4ad34df3f0a9"
      },
      "ResponseBody": {
        "id": "/providers/Microsoft.DeviceUpdate/locations/WESTUS2/operationStatuses/c72af53c-4712-4f6f-b29b-e3c25aaaa40a*A9602359070E53605EA9CCA9950C417C5AEAC4953BC8181709E000D055AADB2E",
        "name": "c72af53c-4712-4f6f-b29b-e3c25aaaa40a*A9602359070E53605EA9CCA9950C417C5AEAC4953BC8181709E000D055AADB2E",
        "resourceId": "/subscriptions/cf65b9a6-fe0f-4011-881c-aba5a5fb8603/resourceGroups/testRg-3787/providers/Microsoft.DeviceUpdate/accounts/Account-7313",
        "status": "Accepted",
        "startTime": "2022-06-07T07:23:07.8671292Z"
      }
    },
    {
      "RequestUri": "https://management.azure.com/providers/Microsoft.DeviceUpdate/locations/WESTUS2/operationStatuses/c72af53c-4712-4f6f-b29b-e3c25aaaa40a*A9602359070E53605EA9CCA9950C417C5AEAC4953BC8181709E000D055AADB2E?api-version=2022-04-01-preview",
      "RequestMethod": "GET",
      "RequestHeaders": {
        "Authorization": "Sanitized",
        "traceparent": "00-2100ef45a6f93548becd723e44fcfb12-666bc4c28498d547-00",
        "User-Agent": "azsdk-net-ResourceManager/1.0.0 (.NET Framework 4.8.4510.0; Microsoft Windows 10.0.22000 )",
        "x-ms-client-request-id": "88cce13beaaf93d86ab73abcdb83d782",
        "x-ms-return-client-request-id": "true"
      },
      "RequestBody": null,
      "StatusCode": 200,
      "ResponseHeaders": {
        "Cache-Control": "no-cache",
        "Content-Length": "503",
        "Content-Type": "application/json; charset=utf-8",
        "Date": "Tue, 07 Jun 2022 07:23:09 GMT",
        "ETag": "\u0022d40485f1-0000-0800-0000-629efcdb0000\u0022",
        "Expires": "-1",
        "Pragma": "no-cache",
        "Strict-Transport-Security": "max-age=31536000; includeSubDomains",
        "X-Content-Type-Options": "nosniff",
        "x-ms-correlation-request-id": "4cacee20-87bc-4203-9e18-e373687aaa36",
        "x-ms-ratelimit-remaining-tenant-reads": "11998",
        "x-ms-request-id": "e7e3afe5-c075-44be-988e-f6bba92cf4c6",
        "x-ms-routing-request-id": "WESTUS:20220607T072309Z:4cacee20-87bc-4203-9e18-e373687aaa36"
      },
      "ResponseBody": {
        "id": "/providers/Microsoft.DeviceUpdate/locations/WESTUS2/operationStatuses/c72af53c-4712-4f6f-b29b-e3c25aaaa40a*A9602359070E53605EA9CCA9950C417C5AEAC4953BC8181709E000D055AADB2E",
        "name": "c72af53c-4712-4f6f-b29b-e3c25aaaa40a*A9602359070E53605EA9CCA9950C417C5AEAC4953BC8181709E000D055AADB2E",
        "resourceId": "/subscriptions/cf65b9a6-fe0f-4011-881c-aba5a5fb8603/resourceGroups/testRg-3787/providers/Microsoft.DeviceUpdate/accounts/Account-7313",
        "status": "Accepted",
        "startTime": "2022-06-07T07:23:07.8671292Z"
      }
    },
    {
      "RequestUri": "https://management.azure.com/providers/Microsoft.DeviceUpdate/locations/WESTUS2/operationStatuses/c72af53c-4712-4f6f-b29b-e3c25aaaa40a*A9602359070E53605EA9CCA9950C417C5AEAC4953BC8181709E000D055AADB2E?api-version=2022-04-01-preview",
      "RequestMethod": "GET",
      "RequestHeaders": {
        "Authorization": "Sanitized",
        "traceparent": "00-2100ef45a6f93548becd723e44fcfb12-1e9e4117122f0c4b-00",
        "User-Agent": "azsdk-net-ResourceManager/1.0.0 (.NET Framework 4.8.4510.0; Microsoft Windows 10.0.22000 )",
        "x-ms-client-request-id": "32ec87bd5264b16c1dd747f5468edb2c",
        "x-ms-return-client-request-id": "true"
      },
      "RequestBody": null,
      "StatusCode": 200,
      "ResponseHeaders": {
        "Cache-Control": "no-cache",
        "Content-Length": "503",
        "Content-Type": "application/json; charset=utf-8",
        "Date": "Tue, 07 Jun 2022 07:23:10 GMT",
        "ETag": "\u0022d40485f1-0000-0800-0000-629efcdb0000\u0022",
        "Expires": "-1",
        "Pragma": "no-cache",
        "Strict-Transport-Security": "max-age=31536000; includeSubDomains",
        "X-Content-Type-Options": "nosniff",
        "x-ms-correlation-request-id": "19e3a2d6-9c88-4a8d-b110-adce4cb15141",
        "x-ms-ratelimit-remaining-tenant-reads": "11997",
        "x-ms-request-id": "06fcff9e-2fdd-4db3-87d5-7d1f91d76c8d",
        "x-ms-routing-request-id": "WESTUS:20220607T072310Z:19e3a2d6-9c88-4a8d-b110-adce4cb15141"
      },
      "ResponseBody": {
        "id": "/providers/Microsoft.DeviceUpdate/locations/WESTUS2/operationStatuses/c72af53c-4712-4f6f-b29b-e3c25aaaa40a*A9602359070E53605EA9CCA9950C417C5AEAC4953BC8181709E000D055AADB2E",
        "name": "c72af53c-4712-4f6f-b29b-e3c25aaaa40a*A9602359070E53605EA9CCA9950C417C5AEAC4953BC8181709E000D055AADB2E",
        "resourceId": "/subscriptions/cf65b9a6-fe0f-4011-881c-aba5a5fb8603/resourceGroups/testRg-3787/providers/Microsoft.DeviceUpdate/accounts/Account-7313",
        "status": "Accepted",
        "startTime": "2022-06-07T07:23:07.8671292Z"
      }
    },
    {
      "RequestUri": "https://management.azure.com/providers/Microsoft.DeviceUpdate/locations/WESTUS2/operationStatuses/c72af53c-4712-4f6f-b29b-e3c25aaaa40a*A9602359070E53605EA9CCA9950C417C5AEAC4953BC8181709E000D055AADB2E?api-version=2022-04-01-preview",
      "RequestMethod": "GET",
      "RequestHeaders": {
        "Authorization": "Sanitized",
        "traceparent": "00-2100ef45a6f93548becd723e44fcfb12-3e292dec028dcb42-00",
        "User-Agent": "azsdk-net-ResourceManager/1.0.0 (.NET Framework 4.8.4510.0; Microsoft Windows 10.0.22000 )",
        "x-ms-client-request-id": "16e888d83461441965742b1310ba1b23",
        "x-ms-return-client-request-id": "true"
      },
      "RequestBody": null,
      "StatusCode": 200,
      "ResponseHeaders": {
        "Cache-Control": "no-cache",
        "Content-Length": "503",
        "Content-Type": "application/json; charset=utf-8",
        "Date": "Tue, 07 Jun 2022 07:23:11 GMT",
        "ETag": "\u0022d40485f1-0000-0800-0000-629efcdb0000\u0022",
        "Expires": "-1",
        "Pragma": "no-cache",
        "Strict-Transport-Security": "max-age=31536000; includeSubDomains",
        "X-Content-Type-Options": "nosniff",
        "x-ms-correlation-request-id": "f329bd50-3c17-4e63-a98f-9871c5cb02bf",
        "x-ms-ratelimit-remaining-tenant-reads": "11996",
        "x-ms-request-id": "bcd95d2a-6820-4c52-ab0c-5c45badbece9",
        "x-ms-routing-request-id": "WESTUS:20220607T072311Z:f329bd50-3c17-4e63-a98f-9871c5cb02bf"
      },
      "ResponseBody": {
        "id": "/providers/Microsoft.DeviceUpdate/locations/WESTUS2/operationStatuses/c72af53c-4712-4f6f-b29b-e3c25aaaa40a*A9602359070E53605EA9CCA9950C417C5AEAC4953BC8181709E000D055AADB2E",
        "name": "c72af53c-4712-4f6f-b29b-e3c25aaaa40a*A9602359070E53605EA9CCA9950C417C5AEAC4953BC8181709E000D055AADB2E",
        "resourceId": "/subscriptions/cf65b9a6-fe0f-4011-881c-aba5a5fb8603/resourceGroups/testRg-3787/providers/Microsoft.DeviceUpdate/accounts/Account-7313",
        "status": "Accepted",
        "startTime": "2022-06-07T07:23:07.8671292Z"
      }
    },
    {
      "RequestUri": "https://management.azure.com/providers/Microsoft.DeviceUpdate/locations/WESTUS2/operationStatuses/c72af53c-4712-4f6f-b29b-e3c25aaaa40a*A9602359070E53605EA9CCA9950C417C5AEAC4953BC8181709E000D055AADB2E?api-version=2022-04-01-preview",
      "RequestMethod": "GET",
      "RequestHeaders": {
        "Authorization": "Sanitized",
        "traceparent": "00-2100ef45a6f93548becd723e44fcfb12-92bc1e3881d4c14c-00",
        "User-Agent": "azsdk-net-ResourceManager/1.0.0 (.NET Framework 4.8.4510.0; Microsoft Windows 10.0.22000 )",
        "x-ms-client-request-id": "68e9fd7b9829e8be751a6ad7a2e24ddc",
        "x-ms-return-client-request-id": "true"
      },
      "RequestBody": null,
      "StatusCode": 200,
      "ResponseHeaders": {
        "Cache-Control": "no-cache",
        "Content-Length": "503",
        "Content-Type": "application/json; charset=utf-8",
        "Date": "Tue, 07 Jun 2022 07:23:13 GMT",
        "ETag": "\u0022d40485f1-0000-0800-0000-629efcdb0000\u0022",
        "Expires": "-1",
        "Pragma": "no-cache",
        "Strict-Transport-Security": "max-age=31536000; includeSubDomains",
        "X-Content-Type-Options": "nosniff",
        "x-ms-correlation-request-id": "fa312dc6-c96a-470d-8305-044bb053336b",
        "x-ms-ratelimit-remaining-tenant-reads": "11995",
        "x-ms-request-id": "320dbc26-3087-4f15-a798-e3aaa7d28e30",
        "x-ms-routing-request-id": "WESTUS:20220607T072313Z:fa312dc6-c96a-470d-8305-044bb053336b"
      },
      "ResponseBody": {
        "id": "/providers/Microsoft.DeviceUpdate/locations/WESTUS2/operationStatuses/c72af53c-4712-4f6f-b29b-e3c25aaaa40a*A9602359070E53605EA9CCA9950C417C5AEAC4953BC8181709E000D055AADB2E",
        "name": "c72af53c-4712-4f6f-b29b-e3c25aaaa40a*A9602359070E53605EA9CCA9950C417C5AEAC4953BC8181709E000D055AADB2E",
        "resourceId": "/subscriptions/cf65b9a6-fe0f-4011-881c-aba5a5fb8603/resourceGroups/testRg-3787/providers/Microsoft.DeviceUpdate/accounts/Account-7313",
        "status": "Accepted",
        "startTime": "2022-06-07T07:23:07.8671292Z"
      }
    },
    {
      "RequestUri": "https://management.azure.com/providers/Microsoft.DeviceUpdate/locations/WESTUS2/operationStatuses/c72af53c-4712-4f6f-b29b-e3c25aaaa40a*A9602359070E53605EA9CCA9950C417C5AEAC4953BC8181709E000D055AADB2E?api-version=2022-04-01-preview",
      "RequestMethod": "GET",
      "RequestHeaders": {
        "Authorization": "Sanitized",
        "traceparent": "00-2100ef45a6f93548becd723e44fcfb12-288482c6d5cd0246-00",
        "User-Agent": "azsdk-net-ResourceManager/1.0.0 (.NET Framework 4.8.4510.0; Microsoft Windows 10.0.22000 )",
        "x-ms-client-request-id": "53e40edbc19a88216ea8ccf02759a163",
        "x-ms-return-client-request-id": "true"
      },
      "RequestBody": null,
      "StatusCode": 200,
      "ResponseHeaders": {
        "Cache-Control": "no-cache",
        "Content-Length": "503",
        "Content-Type": "application/json; charset=utf-8",
        "Date": "Tue, 07 Jun 2022 07:23:17 GMT",
        "ETag": "\u0022d40485f1-0000-0800-0000-629efcdb0000\u0022",
        "Expires": "-1",
        "Pragma": "no-cache",
        "Strict-Transport-Security": "max-age=31536000; includeSubDomains",
        "X-Content-Type-Options": "nosniff",
        "x-ms-correlation-request-id": "7d163b7c-0a94-46e0-bdbc-2883199e80a8",
        "x-ms-ratelimit-remaining-tenant-reads": "11994",
        "x-ms-request-id": "b50ed7f6-5bd3-43c7-9855-3c5e1f863ece",
        "x-ms-routing-request-id": "WESTUS:20220607T072317Z:7d163b7c-0a94-46e0-bdbc-2883199e80a8"
      },
      "ResponseBody": {
        "id": "/providers/Microsoft.DeviceUpdate/locations/WESTUS2/operationStatuses/c72af53c-4712-4f6f-b29b-e3c25aaaa40a*A9602359070E53605EA9CCA9950C417C5AEAC4953BC8181709E000D055AADB2E",
        "name": "c72af53c-4712-4f6f-b29b-e3c25aaaa40a*A9602359070E53605EA9CCA9950C417C5AEAC4953BC8181709E000D055AADB2E",
        "resourceId": "/subscriptions/cf65b9a6-fe0f-4011-881c-aba5a5fb8603/resourceGroups/testRg-3787/providers/Microsoft.DeviceUpdate/accounts/Account-7313",
        "status": "Accepted",
        "startTime": "2022-06-07T07:23:07.8671292Z"
      }
    },
    {
      "RequestUri": "https://management.azure.com/providers/Microsoft.DeviceUpdate/locations/WESTUS2/operationStatuses/c72af53c-4712-4f6f-b29b-e3c25aaaa40a*A9602359070E53605EA9CCA9950C417C5AEAC4953BC8181709E000D055AADB2E?api-version=2022-04-01-preview",
      "RequestMethod": "GET",
      "RequestHeaders": {
        "Authorization": "Sanitized",
        "traceparent": "00-2100ef45a6f93548becd723e44fcfb12-fd82aae8f5530349-00",
        "User-Agent": "azsdk-net-ResourceManager/1.0.0 (.NET Framework 4.8.4510.0; Microsoft Windows 10.0.22000 )",
        "x-ms-client-request-id": "487a23bb73a53f02c900a147ca41a183",
        "x-ms-return-client-request-id": "true"
      },
      "RequestBody": null,
      "StatusCode": 200,
      "ResponseHeaders": {
        "Cache-Control": "no-cache",
        "Content-Length": "503",
        "Content-Type": "application/json; charset=utf-8",
        "Date": "Tue, 07 Jun 2022 07:23:25 GMT",
        "ETag": "\u0022d40485f1-0000-0800-0000-629efcdb0000\u0022",
        "Expires": "-1",
        "Pragma": "no-cache",
        "Strict-Transport-Security": "max-age=31536000; includeSubDomains",
        "X-Content-Type-Options": "nosniff",
        "x-ms-correlation-request-id": "eaa7fdc0-83da-421a-ac47-b6a7ac976b21",
        "x-ms-ratelimit-remaining-tenant-reads": "11993",
        "x-ms-request-id": "8c095458-2bba-4c2a-97e1-24a2beb1abc2",
        "x-ms-routing-request-id": "WESTUS:20220607T072325Z:eaa7fdc0-83da-421a-ac47-b6a7ac976b21"
      },
      "ResponseBody": {
        "id": "/providers/Microsoft.DeviceUpdate/locations/WESTUS2/operationStatuses/c72af53c-4712-4f6f-b29b-e3c25aaaa40a*A9602359070E53605EA9CCA9950C417C5AEAC4953BC8181709E000D055AADB2E",
        "name": "c72af53c-4712-4f6f-b29b-e3c25aaaa40a*A9602359070E53605EA9CCA9950C417C5AEAC4953BC8181709E000D055AADB2E",
        "resourceId": "/subscriptions/cf65b9a6-fe0f-4011-881c-aba5a5fb8603/resourceGroups/testRg-3787/providers/Microsoft.DeviceUpdate/accounts/Account-7313",
        "status": "Accepted",
        "startTime": "2022-06-07T07:23:07.8671292Z"
      }
    },
    {
      "RequestUri": "https://management.azure.com/providers/Microsoft.DeviceUpdate/locations/WESTUS2/operationStatuses/c72af53c-4712-4f6f-b29b-e3c25aaaa40a*A9602359070E53605EA9CCA9950C417C5AEAC4953BC8181709E000D055AADB2E?api-version=2022-04-01-preview",
      "RequestMethod": "GET",
      "RequestHeaders": {
        "Authorization": "Sanitized",
        "traceparent": "00-2100ef45a6f93548becd723e44fcfb12-ca3e0171f7c6224d-00",
        "User-Agent": "azsdk-net-ResourceManager/1.0.0 (.NET Framework 4.8.4510.0; Microsoft Windows 10.0.22000 )",
        "x-ms-client-request-id": "01374f26c8d6ba89dc60f980cccec11c",
        "x-ms-return-client-request-id": "true"
      },
      "RequestBody": null,
      "StatusCode": 200,
      "ResponseHeaders": {
        "Cache-Control": "no-cache",
        "Content-Length": "503",
        "Content-Type": "application/json; charset=utf-8",
        "Date": "Tue, 07 Jun 2022 07:23:41 GMT",
        "ETag": "\u0022d40485f1-0000-0800-0000-629efcdb0000\u0022",
        "Expires": "-1",
        "Pragma": "no-cache",
        "Strict-Transport-Security": "max-age=31536000; includeSubDomains",
        "X-Content-Type-Options": "nosniff",
        "x-ms-correlation-request-id": "635fa2ef-64f1-436e-860d-30db439a9922",
        "x-ms-ratelimit-remaining-tenant-reads": "11992",
        "x-ms-request-id": "2016f75e-510f-4fbf-9f0e-1da2657dd8e6",
        "x-ms-routing-request-id": "WESTUS:20220607T072341Z:635fa2ef-64f1-436e-860d-30db439a9922"
      },
      "ResponseBody": {
        "id": "/providers/Microsoft.DeviceUpdate/locations/WESTUS2/operationStatuses/c72af53c-4712-4f6f-b29b-e3c25aaaa40a*A9602359070E53605EA9CCA9950C417C5AEAC4953BC8181709E000D055AADB2E",
        "name": "c72af53c-4712-4f6f-b29b-e3c25aaaa40a*A9602359070E53605EA9CCA9950C417C5AEAC4953BC8181709E000D055AADB2E",
        "resourceId": "/subscriptions/cf65b9a6-fe0f-4011-881c-aba5a5fb8603/resourceGroups/testRg-3787/providers/Microsoft.DeviceUpdate/accounts/Account-7313",
        "status": "Accepted",
        "startTime": "2022-06-07T07:23:07.8671292Z"
      }
    },
    {
      "RequestUri": "https://management.azure.com/providers/Microsoft.DeviceUpdate/locations/WESTUS2/operationStatuses/c72af53c-4712-4f6f-b29b-e3c25aaaa40a*A9602359070E53605EA9CCA9950C417C5AEAC4953BC8181709E000D055AADB2E?api-version=2022-04-01-preview",
      "RequestMethod": "GET",
      "RequestHeaders": {
        "Authorization": "Sanitized",
        "traceparent": "00-2100ef45a6f93548becd723e44fcfb12-62699f2df3b47f45-00",
        "User-Agent": "azsdk-net-ResourceManager/1.0.0 (.NET Framework 4.8.4510.0; Microsoft Windows 10.0.22000 )",
        "x-ms-client-request-id": "7e1c0778046868360ca5899a1fdabe2d",
        "x-ms-return-client-request-id": "true"
      },
      "RequestBody": null,
      "StatusCode": 200,
      "ResponseHeaders": {
        "Cache-Control": "no-cache",
        "Content-Length": "503",
        "Content-Type": "application/json; charset=utf-8",
        "Date": "Tue, 07 Jun 2022 07:24:12 GMT",
        "ETag": "\u0022d40485f1-0000-0800-0000-629efcdb0000\u0022",
        "Expires": "-1",
        "Pragma": "no-cache",
        "Strict-Transport-Security": "max-age=31536000; includeSubDomains",
        "X-Content-Type-Options": "nosniff",
        "x-ms-correlation-request-id": "fc00d476-3c7e-4792-b5f1-4e15ee340cf4",
        "x-ms-ratelimit-remaining-tenant-reads": "11991",
        "x-ms-request-id": "317f3b9a-e619-4b74-bf29-ace32373ba9d",
        "x-ms-routing-request-id": "WESTUS:20220607T072413Z:fc00d476-3c7e-4792-b5f1-4e15ee340cf4"
      },
      "ResponseBody": {
        "id": "/providers/Microsoft.DeviceUpdate/locations/WESTUS2/operationStatuses/c72af53c-4712-4f6f-b29b-e3c25aaaa40a*A9602359070E53605EA9CCA9950C417C5AEAC4953BC8181709E000D055AADB2E",
        "name": "c72af53c-4712-4f6f-b29b-e3c25aaaa40a*A9602359070E53605EA9CCA9950C417C5AEAC4953BC8181709E000D055AADB2E",
        "resourceId": "/subscriptions/cf65b9a6-fe0f-4011-881c-aba5a5fb8603/resourceGroups/testRg-3787/providers/Microsoft.DeviceUpdate/accounts/Account-7313",
        "status": "Accepted",
        "startTime": "2022-06-07T07:23:07.8671292Z"
      }
    },
    {
      "RequestUri": "https://management.azure.com/providers/Microsoft.DeviceUpdate/locations/WESTUS2/operationStatuses/c72af53c-4712-4f6f-b29b-e3c25aaaa40a*A9602359070E53605EA9CCA9950C417C5AEAC4953BC8181709E000D055AADB2E?api-version=2022-04-01-preview",
      "RequestMethod": "GET",
      "RequestHeaders": {
        "Authorization": "Sanitized",
        "traceparent": "00-2100ef45a6f93548becd723e44fcfb12-7110631007e24749-00",
        "User-Agent": "azsdk-net-ResourceManager/1.0.0 (.NET Framework 4.8.4510.0; Microsoft Windows 10.0.22000 )",
        "x-ms-client-request-id": "d8c94807a021f28c9ac06c44798172fb",
        "x-ms-return-client-request-id": "true"
      },
      "RequestBody": null,
      "StatusCode": 200,
      "ResponseHeaders": {
        "Cache-Control": "no-cache",
        "Content-Length": "522",
        "Content-Type": "application/json; charset=utf-8",
        "Date": "Tue, 07 Jun 2022 07:24:44 GMT",
        "ETag": "\u0022d4048ef2-0000-0800-0000-629efd1e0000\u0022",
        "Expires": "-1",
        "Pragma": "no-cache",
        "Strict-Transport-Security": "max-age=31536000; includeSubDomains",
        "X-Content-Type-Options": "nosniff",
        "x-ms-correlation-request-id": "289afe3c-73bd-4550-a810-ae80cbdbf14b",
        "x-ms-ratelimit-remaining-tenant-reads": "11990",
        "x-ms-request-id": "ad788db3-d66f-4e56-ad3a-f33b9e4e6cc3",
        "x-ms-routing-request-id": "WESTUS:20220607T072445Z:289afe3c-73bd-4550-a810-ae80cbdbf14b"
      },
      "ResponseBody": {
        "id": "/providers/Microsoft.DeviceUpdate/locations/WESTUS2/operationStatuses/c72af53c-4712-4f6f-b29b-e3c25aaaa40a*A9602359070E53605EA9CCA9950C417C5AEAC4953BC8181709E000D055AADB2E",
        "name": "c72af53c-4712-4f6f-b29b-e3c25aaaa40a*A9602359070E53605EA9CCA9950C417C5AEAC4953BC8181709E000D055AADB2E",
        "resourceId": "/subscriptions/cf65b9a6-fe0f-4011-881c-aba5a5fb8603/resourceGroups/testRg-3787/providers/Microsoft.DeviceUpdate/accounts/Account-7313",
        "status": "Succeeded",
        "startTime": "2022-06-07T07:23:07.8671292Z",
        "properties": null
      }
    },
    {
      "RequestUri": "https://management.azure.com/subscriptions/cf65b9a6-fe0f-4011-881c-aba5a5fb8603/resourceGroups/testRg-3787/providers/Microsoft.DeviceUpdate/accounts/Account-7313?api-version=2022-04-01-preview",
      "RequestMethod": "GET",
      "RequestHeaders": {
        "Authorization": "Sanitized",
        "traceparent": "00-2100ef45a6f93548becd723e44fcfb12-1a68d72f9ad45640-00",
        "User-Agent": "azsdk-net-ResourceManager/1.0.0 (.NET Framework 4.8.4510.0; Microsoft Windows 10.0.22000 )",
        "x-ms-client-request-id": "c2ce853f2224211b18cff4313eee9a01",
        "x-ms-return-client-request-id": "true"
      },
      "RequestBody": null,
      "StatusCode": 200,
      "ResponseHeaders": {
        "Cache-Control": "no-cache",
        "Content-Length": "751",
        "Content-Type": "application/json; charset=utf-8",
        "Date": "Tue, 07 Jun 2022 07:24:44 GMT",
        "ETag": "\u0022f5030982-0000-0800-0000-629efd040000\u0022",
        "Expires": "-1",
        "Pragma": "no-cache",
        "Strict-Transport-Security": "max-age=31536000; includeSubDomains",
        "X-Content-Type-Options": "nosniff",
        "x-ms-correlation-request-id": "d05183ae-4f02-4935-a9b4-e6153674fbb6",
        "x-ms-providerhub-traffic": "True",
        "x-ms-ratelimit-remaining-subscription-reads": "11998",
        "x-ms-request-id": "cccba0b8-527f-4b97-815f-75b84e9ba25d",
        "x-ms-routing-request-id": "WESTUS:20220607T072445Z:d05183ae-4f02-4935-a9b4-e6153674fbb6"
      },
      "ResponseBody": {
        "id": "/subscriptions/cf65b9a6-fe0f-4011-881c-aba5a5fb8603/resourceGroups/testRg-3787/providers/Microsoft.DeviceUpdate/accounts/Account-7313",
        "name": "Account-7313",
        "type": "microsoft.deviceupdate/accounts",
        "location": "westus2",
        "tags": {},
        "systemData": {
          "createdBy": "1e5942b3-36f1-43eb-88d9-98c12d95000b",
          "createdByType": "Application",
          "createdAt": "2022-06-07T07:23:06.9169684Z",
          "lastModifiedBy": "1e5942b3-36f1-43eb-88d9-98c12d95000b",
          "lastModifiedByType": "Application",
          "lastModifiedAt": "2022-06-07T07:23:06.9169684Z"
        },
        "properties": {
          "provisioningState": "Succeeded",
          "hostName": "account-7313.api.adu.microsoft.com",
          "locations": [
            {
              "name": "westus2",
              "role": "Primary"
            },
            {
              "name": "WestCentralUS",
              "role": "Failover"
            }
          ],
          "sku": "Standard",
          "publicNetworkAccess": "Enabled"
        }
      }
    },
    {
      "RequestUri": "https://management.azure.com/subscriptions/cf65b9a6-fe0f-4011-881c-aba5a5fb8603/resourceGroups/testRg-3787/providers/Microsoft.DeviceUpdate/accounts/Account-7313/instances/Instance-6223?api-version=2022-04-01-preview",
      "RequestMethod": "PUT",
      "RequestHeaders": {
        "Accept": "application/json",
        "Authorization": "Sanitized",
        "Content-Length": "221",
        "Content-Type": "application/json",
        "traceparent": "00-4d27cdf3a3845a42ae37e842f89e0d80-fbc844814e8ea34b-00",
        "User-Agent": "azsdk-net-ResourceManager.DeviceUpdate/1.0.0-alpha.20220606.1 (.NET Framework 4.8.4510.0; Microsoft Windows 10.0.22000 )",
        "x-ms-client-request-id": "048479ccfbe97ad829e4a798f1ee8b32",
        "x-ms-return-client-request-id": "true"
      },
      "RequestBody": {
        "tags": {},
        "location": "westus2",
        "properties": {
          "iotHubs": [
            {
              "resourceId": "/subscriptions/cf65b9a6-fe0f-4011-881c-aba5a5fb8603/resourcegroups/edgarse/providers/Microsoft.Devices/IotHubs/orange-aducpsdktestaccount-iothub"
            }
          ]
        }
      },
      "StatusCode": 201,
      "ResponseHeaders": {
        "api-supported-versions": "2020-03-01-preview, 2022-04-01-preview",
        "Azure-AsyncOperation": "https://management.azure.com/providers/Microsoft.DeviceUpdate/locations/WESTUS2/operationStatuses/cfedaefa-0d1e-49f8-a820-12d46814cb73*11D318993A3B180E22569DBFC00AE2C70CA8B6DC636614248D4F71E6EAC16AC8?api-version=2022-04-01-preview",
        "Cache-Control": "no-cache",
        "Content-Length": "769",
        "Content-Type": "application/json; charset=utf-8",
        "Date": "Tue, 07 Jun 2022 07:24:48 GMT",
        "ETag": "\u00227804807c-0000-0800-0000-629efd410000\u0022",
        "Expires": "-1",
        "Pragma": "no-cache",
        "Strict-Transport-Security": "max-age=31536000; includeSubDomains",
        "X-Content-Type-Options": "nosniff",
        "x-ms-correlation-request-id": "c2b0c33b-e110-4a62-bef5-bebdd7315ca8",
        "x-ms-providerhub-traffic": "True",
        "x-ms-ratelimit-remaining-subscription-writes": "1197",
        "x-ms-request-id": "cfedaefa-0d1e-49f8-a820-12d46814cb73",
        "x-ms-routing-request-id": "WESTUS:20220607T072449Z:c2b0c33b-e110-4a62-bef5-bebdd7315ca8"
      },
      "ResponseBody": {
        "id": "/subscriptions/cf65b9a6-fe0f-4011-881c-aba5a5fb8603/resourceGroups/testRg-3787/providers/Microsoft.DeviceUpdate/accounts/Account-7313/instances/Instance-6223",
        "name": "Instance-6223",
        "type": "microsoft.deviceupdate/accounts/instances",
        "location": "westus2",
        "tags": {},
        "systemData": {
          "createdBy": "1e5942b3-36f1-43eb-88d9-98c12d95000b",
          "createdByType": "Application",
          "createdAt": "2022-06-07T07:24:46.2891071Z",
          "lastModifiedBy": "1e5942b3-36f1-43eb-88d9-98c12d95000b",
          "lastModifiedByType": "Application",
          "lastModifiedAt": "2022-06-07T07:24:46.2891071Z"
        },
        "properties": {
          "iotHubs": [
            {
              "resourceId": "/subscriptions/cf65b9a6-fe0f-4011-881c-aba5a5fb8603/resourcegroups/edgarse/providers/Microsoft.Devices/IotHubs/orange-aducpsdktestaccount-iothub"
            }
          ],
          "provisioningState": "Accepted"
        }
      }
    },
    {
      "RequestUri": "https://management.azure.com/providers/Microsoft.DeviceUpdate/locations/WESTUS2/operationStatuses/cfedaefa-0d1e-49f8-a820-12d46814cb73*11D318993A3B180E22569DBFC00AE2C70CA8B6DC636614248D4F71E6EAC16AC8?api-version=2022-04-01-preview",
      "RequestMethod": "GET",
      "RequestHeaders": {
        "Authorization": "Sanitized",
        "traceparent": "00-4d27cdf3a3845a42ae37e842f89e0d80-ec59e6ce5d3dd842-00",
        "User-Agent": "azsdk-net-ResourceManager/1.0.0 (.NET Framework 4.8.4510.0; Microsoft Windows 10.0.22000 )",
        "x-ms-client-request-id": "07ada26af6ee8a55f548fb3e738926e1",
        "x-ms-return-client-request-id": "true"
      },
      "RequestBody": null,
      "StatusCode": 200,
      "ResponseHeaders": {
        "Cache-Control": "no-cache",
        "Content-Length": "527",
        "Content-Type": "application/json; charset=utf-8",
        "Date": "Tue, 07 Jun 2022 07:24:48 GMT",
        "ETag": "\u0022d404fff2-0000-0800-0000-629efd410000\u0022",
        "Expires": "-1",
        "Pragma": "no-cache",
        "Strict-Transport-Security": "max-age=31536000; includeSubDomains",
        "X-Content-Type-Options": "nosniff",
        "x-ms-correlation-request-id": "56ea86b7-bd32-4d95-9c4f-f8eb3499acc2",
        "x-ms-ratelimit-remaining-tenant-reads": "11989",
        "x-ms-request-id": "ca5171f9-c194-4ae9-829d-1cc980222819",
        "x-ms-routing-request-id": "WESTUS:20220607T072449Z:56ea86b7-bd32-4d95-9c4f-f8eb3499acc2"
      },
      "ResponseBody": {
        "id": "/providers/Microsoft.DeviceUpdate/locations/WESTUS2/operationStatuses/cfedaefa-0d1e-49f8-a820-12d46814cb73*11D318993A3B180E22569DBFC00AE2C70CA8B6DC636614248D4F71E6EAC16AC8",
        "name": "cfedaefa-0d1e-49f8-a820-12d46814cb73*11D318993A3B180E22569DBFC00AE2C70CA8B6DC636614248D4F71E6EAC16AC8",
        "resourceId": "/subscriptions/cf65b9a6-fe0f-4011-881c-aba5a5fb8603/resourceGroups/testRg-3787/providers/Microsoft.DeviceUpdate/accounts/Account-7313/instances/Instance-6223",
        "status": "Accepted",
        "startTime": "2022-06-07T07:24:49.1563971Z"
      }
    },
    {
      "RequestUri": "https://management.azure.com/providers/Microsoft.DeviceUpdate/locations/WESTUS2/operationStatuses/cfedaefa-0d1e-49f8-a820-12d46814cb73*11D318993A3B180E22569DBFC00AE2C70CA8B6DC636614248D4F71E6EAC16AC8?api-version=2022-04-01-preview",
      "RequestMethod": "GET",
      "RequestHeaders": {
        "Authorization": "Sanitized",
        "traceparent": "00-4d27cdf3a3845a42ae37e842f89e0d80-16d97ab00151ec4d-00",
        "User-Agent": "azsdk-net-ResourceManager/1.0.0 (.NET Framework 4.8.4510.0; Microsoft Windows 10.0.22000 )",
        "x-ms-client-request-id": "93b0fe69f500c3a795575d29a92d1e75",
        "x-ms-return-client-request-id": "true"
      },
      "RequestBody": null,
      "StatusCode": 200,
      "ResponseHeaders": {
        "Cache-Control": "no-cache",
        "Content-Length": "527",
        "Content-Type": "application/json; charset=utf-8",
        "Date": "Tue, 07 Jun 2022 07:24:50 GMT",
        "ETag": "\u0022d404fff2-0000-0800-0000-629efd410000\u0022",
        "Expires": "-1",
        "Pragma": "no-cache",
        "Strict-Transport-Security": "max-age=31536000; includeSubDomains",
        "X-Content-Type-Options": "nosniff",
        "x-ms-correlation-request-id": "ee85ef99-5cf2-45f3-b962-1682ad3219ca",
        "x-ms-ratelimit-remaining-tenant-reads": "11988",
        "x-ms-request-id": "26bd02a3-d66b-4f8c-bec1-498e1f4a0afb",
        "x-ms-routing-request-id": "WESTUS:20220607T072450Z:ee85ef99-5cf2-45f3-b962-1682ad3219ca"
      },
      "ResponseBody": {
        "id": "/providers/Microsoft.DeviceUpdate/locations/WESTUS2/operationStatuses/cfedaefa-0d1e-49f8-a820-12d46814cb73*11D318993A3B180E22569DBFC00AE2C70CA8B6DC636614248D4F71E6EAC16AC8",
        "name": "cfedaefa-0d1e-49f8-a820-12d46814cb73*11D318993A3B180E22569DBFC00AE2C70CA8B6DC636614248D4F71E6EAC16AC8",
        "resourceId": "/subscriptions/cf65b9a6-fe0f-4011-881c-aba5a5fb8603/resourceGroups/testRg-3787/providers/Microsoft.DeviceUpdate/accounts/Account-7313/instances/Instance-6223",
        "status": "Accepted",
        "startTime": "2022-06-07T07:24:49.1563971Z"
      }
    },
    {
      "RequestUri": "https://management.azure.com/providers/Microsoft.DeviceUpdate/locations/WESTUS2/operationStatuses/cfedaefa-0d1e-49f8-a820-12d46814cb73*11D318993A3B180E22569DBFC00AE2C70CA8B6DC636614248D4F71E6EAC16AC8?api-version=2022-04-01-preview",
      "RequestMethod": "GET",
      "RequestHeaders": {
        "Authorization": "Sanitized",
        "traceparent": "00-4d27cdf3a3845a42ae37e842f89e0d80-e4bed730348ae34e-00",
        "User-Agent": "azsdk-net-ResourceManager/1.0.0 (.NET Framework 4.8.4510.0; Microsoft Windows 10.0.22000 )",
        "x-ms-client-request-id": "4f2d823883409844051016b20da6b91d",
        "x-ms-return-client-request-id": "true"
      },
      "RequestBody": null,
      "StatusCode": 200,
      "ResponseHeaders": {
        "Cache-Control": "no-cache",
        "Content-Length": "527",
        "Content-Type": "application/json; charset=utf-8",
        "Date": "Tue, 07 Jun 2022 07:24:51 GMT",
        "ETag": "\u0022d404fff2-0000-0800-0000-629efd410000\u0022",
        "Expires": "-1",
        "Pragma": "no-cache",
        "Strict-Transport-Security": "max-age=31536000; includeSubDomains",
        "X-Content-Type-Options": "nosniff",
        "x-ms-correlation-request-id": "e123ad05-ed50-42e4-a791-442482297dc3",
        "x-ms-ratelimit-remaining-tenant-reads": "11987",
        "x-ms-request-id": "33603f46-e8a2-4167-8d8c-06a3c125eafc",
        "x-ms-routing-request-id": "WESTUS:20220607T072451Z:e123ad05-ed50-42e4-a791-442482297dc3"
      },
      "ResponseBody": {
        "id": "/providers/Microsoft.DeviceUpdate/locations/WESTUS2/operationStatuses/cfedaefa-0d1e-49f8-a820-12d46814cb73*11D318993A3B180E22569DBFC00AE2C70CA8B6DC636614248D4F71E6EAC16AC8",
        "name": "cfedaefa-0d1e-49f8-a820-12d46814cb73*11D318993A3B180E22569DBFC00AE2C70CA8B6DC636614248D4F71E6EAC16AC8",
        "resourceId": "/subscriptions/cf65b9a6-fe0f-4011-881c-aba5a5fb8603/resourceGroups/testRg-3787/providers/Microsoft.DeviceUpdate/accounts/Account-7313/instances/Instance-6223",
        "status": "Accepted",
        "startTime": "2022-06-07T07:24:49.1563971Z"
      }
    },
    {
      "RequestUri": "https://management.azure.com/providers/Microsoft.DeviceUpdate/locations/WESTUS2/operationStatuses/cfedaefa-0d1e-49f8-a820-12d46814cb73*11D318993A3B180E22569DBFC00AE2C70CA8B6DC636614248D4F71E6EAC16AC8?api-version=2022-04-01-preview",
      "RequestMethod": "GET",
      "RequestHeaders": {
        "Authorization": "Sanitized",
        "traceparent": "00-4d27cdf3a3845a42ae37e842f89e0d80-d482e05f44491641-00",
        "User-Agent": "azsdk-net-ResourceManager/1.0.0 (.NET Framework 4.8.4510.0; Microsoft Windows 10.0.22000 )",
        "x-ms-client-request-id": "5d416f9818037525faea7297982ce0c8",
        "x-ms-return-client-request-id": "true"
      },
      "RequestBody": null,
      "StatusCode": 200,
      "ResponseHeaders": {
        "Cache-Control": "no-cache",
        "Content-Length": "527",
        "Content-Type": "application/json; charset=utf-8",
        "Date": "Tue, 07 Jun 2022 07:24:52 GMT",
        "ETag": "\u0022d404fff2-0000-0800-0000-629efd410000\u0022",
        "Expires": "-1",
        "Pragma": "no-cache",
        "Strict-Transport-Security": "max-age=31536000; includeSubDomains",
        "X-Content-Type-Options": "nosniff",
        "x-ms-correlation-request-id": "1baf07a5-0ed0-4c05-9c2f-5ff5251c84bc",
        "x-ms-ratelimit-remaining-tenant-reads": "11986",
        "x-ms-request-id": "9ac471dd-d88d-402a-bb04-8232181ad3a9",
        "x-ms-routing-request-id": "WESTUS:20220607T072452Z:1baf07a5-0ed0-4c05-9c2f-5ff5251c84bc"
      },
      "ResponseBody": {
        "id": "/providers/Microsoft.DeviceUpdate/locations/WESTUS2/operationStatuses/cfedaefa-0d1e-49f8-a820-12d46814cb73*11D318993A3B180E22569DBFC00AE2C70CA8B6DC636614248D4F71E6EAC16AC8",
        "name": "cfedaefa-0d1e-49f8-a820-12d46814cb73*11D318993A3B180E22569DBFC00AE2C70CA8B6DC636614248D4F71E6EAC16AC8",
        "resourceId": "/subscriptions/cf65b9a6-fe0f-4011-881c-aba5a5fb8603/resourceGroups/testRg-3787/providers/Microsoft.DeviceUpdate/accounts/Account-7313/instances/Instance-6223",
        "status": "Accepted",
        "startTime": "2022-06-07T07:24:49.1563971Z"
      }
    },
    {
      "RequestUri": "https://management.azure.com/providers/Microsoft.DeviceUpdate/locations/WESTUS2/operationStatuses/cfedaefa-0d1e-49f8-a820-12d46814cb73*11D318993A3B180E22569DBFC00AE2C70CA8B6DC636614248D4F71E6EAC16AC8?api-version=2022-04-01-preview",
      "RequestMethod": "GET",
      "RequestHeaders": {
        "Authorization": "Sanitized",
        "traceparent": "00-4d27cdf3a3845a42ae37e842f89e0d80-3d86bb4ed0f9444e-00",
        "User-Agent": "azsdk-net-ResourceManager/1.0.0 (.NET Framework 4.8.4510.0; Microsoft Windows 10.0.22000 )",
        "x-ms-client-request-id": "f1058629d75ce6a1b9188eefdff4b6ee",
        "x-ms-return-client-request-id": "true"
      },
      "RequestBody": null,
      "StatusCode": 200,
      "ResponseHeaders": {
        "Cache-Control": "no-cache",
        "Content-Length": "527",
        "Content-Type": "application/json; charset=utf-8",
        "Date": "Tue, 07 Jun 2022 07:24:54 GMT",
        "ETag": "\u0022d404fff2-0000-0800-0000-629efd410000\u0022",
        "Expires": "-1",
        "Pragma": "no-cache",
        "Strict-Transport-Security": "max-age=31536000; includeSubDomains",
        "X-Content-Type-Options": "nosniff",
        "x-ms-correlation-request-id": "86e06b82-a735-4873-9ec0-e03b8b36309d",
        "x-ms-ratelimit-remaining-tenant-reads": "11985",
        "x-ms-request-id": "6e1915f2-1f32-4708-bf65-26f2b2c9c740",
        "x-ms-routing-request-id": "WESTUS:20220607T072454Z:86e06b82-a735-4873-9ec0-e03b8b36309d"
      },
      "ResponseBody": {
        "id": "/providers/Microsoft.DeviceUpdate/locations/WESTUS2/operationStatuses/cfedaefa-0d1e-49f8-a820-12d46814cb73*11D318993A3B180E22569DBFC00AE2C70CA8B6DC636614248D4F71E6EAC16AC8",
        "name": "cfedaefa-0d1e-49f8-a820-12d46814cb73*11D318993A3B180E22569DBFC00AE2C70CA8B6DC636614248D4F71E6EAC16AC8",
        "resourceId": "/subscriptions/cf65b9a6-fe0f-4011-881c-aba5a5fb8603/resourceGroups/testRg-3787/providers/Microsoft.DeviceUpdate/accounts/Account-7313/instances/Instance-6223",
        "status": "Accepted",
        "startTime": "2022-06-07T07:24:49.1563971Z"
      }
    },
    {
      "RequestUri": "https://management.azure.com/providers/Microsoft.DeviceUpdate/locations/WESTUS2/operationStatuses/cfedaefa-0d1e-49f8-a820-12d46814cb73*11D318993A3B180E22569DBFC00AE2C70CA8B6DC636614248D4F71E6EAC16AC8?api-version=2022-04-01-preview",
      "RequestMethod": "GET",
      "RequestHeaders": {
        "Authorization": "Sanitized",
        "traceparent": "00-4d27cdf3a3845a42ae37e842f89e0d80-aaa9540f2044d04f-00",
        "User-Agent": "azsdk-net-ResourceManager/1.0.0 (.NET Framework 4.8.4510.0; Microsoft Windows 10.0.22000 )",
        "x-ms-client-request-id": "3a913f9dc1ec20715cb8555610adffd9",
        "x-ms-return-client-request-id": "true"
      },
      "RequestBody": null,
      "StatusCode": 200,
      "ResponseHeaders": {
        "Cache-Control": "no-cache",
        "Content-Length": "527",
        "Content-Type": "application/json; charset=utf-8",
        "Date": "Tue, 07 Jun 2022 07:24:58 GMT",
        "ETag": "\u0022d404fff2-0000-0800-0000-629efd410000\u0022",
        "Expires": "-1",
        "Pragma": "no-cache",
        "Strict-Transport-Security": "max-age=31536000; includeSubDomains",
        "X-Content-Type-Options": "nosniff",
        "x-ms-correlation-request-id": "4a0b5e8f-acee-4fd0-b0fa-2f240967cedf",
        "x-ms-ratelimit-remaining-tenant-reads": "11984",
        "x-ms-request-id": "81186bf6-7965-4c9f-b20e-587577be54b7",
        "x-ms-routing-request-id": "WESTUS:20220607T072458Z:4a0b5e8f-acee-4fd0-b0fa-2f240967cedf"
      },
      "ResponseBody": {
        "id": "/providers/Microsoft.DeviceUpdate/locations/WESTUS2/operationStatuses/cfedaefa-0d1e-49f8-a820-12d46814cb73*11D318993A3B180E22569DBFC00AE2C70CA8B6DC636614248D4F71E6EAC16AC8",
        "name": "cfedaefa-0d1e-49f8-a820-12d46814cb73*11D318993A3B180E22569DBFC00AE2C70CA8B6DC636614248D4F71E6EAC16AC8",
        "resourceId": "/subscriptions/cf65b9a6-fe0f-4011-881c-aba5a5fb8603/resourceGroups/testRg-3787/providers/Microsoft.DeviceUpdate/accounts/Account-7313/instances/Instance-6223",
        "status": "Accepted",
        "startTime": "2022-06-07T07:24:49.1563971Z"
      }
    },
    {
      "RequestUri": "https://management.azure.com/providers/Microsoft.DeviceUpdate/locations/WESTUS2/operationStatuses/cfedaefa-0d1e-49f8-a820-12d46814cb73*11D318993A3B180E22569DBFC00AE2C70CA8B6DC636614248D4F71E6EAC16AC8?api-version=2022-04-01-preview",
      "RequestMethod": "GET",
      "RequestHeaders": {
        "Authorization": "Sanitized",
        "traceparent": "00-4d27cdf3a3845a42ae37e842f89e0d80-6b545036bc1f7444-00",
        "User-Agent": "azsdk-net-ResourceManager/1.0.0 (.NET Framework 4.8.4510.0; Microsoft Windows 10.0.22000 )",
        "x-ms-client-request-id": "87894e2fc7a1c1c1ce5aa3eb8a359605",
        "x-ms-return-client-request-id": "true"
      },
      "RequestBody": null,
      "StatusCode": 200,
      "ResponseHeaders": {
        "Cache-Control": "no-cache",
        "Content-Length": "527",
        "Content-Type": "application/json; charset=utf-8",
        "Date": "Tue, 07 Jun 2022 07:25:06 GMT",
        "ETag": "\u0022d404fff2-0000-0800-0000-629efd410000\u0022",
        "Expires": "-1",
        "Pragma": "no-cache",
        "Strict-Transport-Security": "max-age=31536000; includeSubDomains",
        "X-Content-Type-Options": "nosniff",
        "x-ms-correlation-request-id": "f1d423aa-144b-4d7c-bea1-132b7cbb2891",
        "x-ms-ratelimit-remaining-tenant-reads": "11983",
        "x-ms-request-id": "4f230a99-b726-4f1a-a6ed-cb8bbf9a747e",
        "x-ms-routing-request-id": "WESTUS:20220607T072506Z:f1d423aa-144b-4d7c-bea1-132b7cbb2891"
      },
      "ResponseBody": {
        "id": "/providers/Microsoft.DeviceUpdate/locations/WESTUS2/operationStatuses/cfedaefa-0d1e-49f8-a820-12d46814cb73*11D318993A3B180E22569DBFC00AE2C70CA8B6DC636614248D4F71E6EAC16AC8",
        "name": "cfedaefa-0d1e-49f8-a820-12d46814cb73*11D318993A3B180E22569DBFC00AE2C70CA8B6DC636614248D4F71E6EAC16AC8",
        "resourceId": "/subscriptions/cf65b9a6-fe0f-4011-881c-aba5a5fb8603/resourceGroups/testRg-3787/providers/Microsoft.DeviceUpdate/accounts/Account-7313/instances/Instance-6223",
        "status": "Accepted",
        "startTime": "2022-06-07T07:24:49.1563971Z"
      }
    },
    {
      "RequestUri": "https://management.azure.com/providers/Microsoft.DeviceUpdate/locations/WESTUS2/operationStatuses/cfedaefa-0d1e-49f8-a820-12d46814cb73*11D318993A3B180E22569DBFC00AE2C70CA8B6DC636614248D4F71E6EAC16AC8?api-version=2022-04-01-preview",
      "RequestMethod": "GET",
      "RequestHeaders": {
        "Authorization": "Sanitized",
        "traceparent": "00-4d27cdf3a3845a42ae37e842f89e0d80-ea47e8f7273f3547-00",
        "User-Agent": "azsdk-net-ResourceManager/1.0.0 (.NET Framework 4.8.4510.0; Microsoft Windows 10.0.22000 )",
        "x-ms-client-request-id": "59f98333a69a68db14e494a4814ad50c",
        "x-ms-return-client-request-id": "true"
      },
      "RequestBody": null,
      "StatusCode": 200,
      "ResponseHeaders": {
        "Cache-Control": "no-cache",
        "Content-Length": "527",
        "Content-Type": "application/json; charset=utf-8",
        "Date": "Tue, 07 Jun 2022 07:25:22 GMT",
        "ETag": "\u0022d404fff2-0000-0800-0000-629efd410000\u0022",
        "Expires": "-1",
        "Pragma": "no-cache",
        "Strict-Transport-Security": "max-age=31536000; includeSubDomains",
        "X-Content-Type-Options": "nosniff",
        "x-ms-correlation-request-id": "111026ff-5358-4795-a404-a09bb81abe19",
        "x-ms-ratelimit-remaining-tenant-reads": "11982",
        "x-ms-request-id": "a4d70e53-ca04-43b3-941e-41ef5bd81400",
        "x-ms-routing-request-id": "WESTUS:20220607T072522Z:111026ff-5358-4795-a404-a09bb81abe19"
      },
      "ResponseBody": {
        "id": "/providers/Microsoft.DeviceUpdate/locations/WESTUS2/operationStatuses/cfedaefa-0d1e-49f8-a820-12d46814cb73*11D318993A3B180E22569DBFC00AE2C70CA8B6DC636614248D4F71E6EAC16AC8",
        "name": "cfedaefa-0d1e-49f8-a820-12d46814cb73*11D318993A3B180E22569DBFC00AE2C70CA8B6DC636614248D4F71E6EAC16AC8",
        "resourceId": "/subscriptions/cf65b9a6-fe0f-4011-881c-aba5a5fb8603/resourceGroups/testRg-3787/providers/Microsoft.DeviceUpdate/accounts/Account-7313/instances/Instance-6223",
        "status": "Accepted",
        "startTime": "2022-06-07T07:24:49.1563971Z"
      }
    },
    {
      "RequestUri": "https://management.azure.com/providers/Microsoft.DeviceUpdate/locations/WESTUS2/operationStatuses/cfedaefa-0d1e-49f8-a820-12d46814cb73*11D318993A3B180E22569DBFC00AE2C70CA8B6DC636614248D4F71E6EAC16AC8?api-version=2022-04-01-preview",
      "RequestMethod": "GET",
      "RequestHeaders": {
        "Authorization": "Sanitized",
        "traceparent": "00-4d27cdf3a3845a42ae37e842f89e0d80-b15df3f627b12742-00",
        "User-Agent": "azsdk-net-ResourceManager/1.0.0 (.NET Framework 4.8.4510.0; Microsoft Windows 10.0.22000 )",
        "x-ms-client-request-id": "90c0b4182f6bd54d7ed06b911e859626",
        "x-ms-return-client-request-id": "true"
      },
      "RequestBody": null,
      "StatusCode": 200,
      "ResponseHeaders": {
        "Cache-Control": "no-cache",
        "Content-Length": "527",
        "Content-Type": "application/json; charset=utf-8",
        "Date": "Tue, 07 Jun 2022 07:25:54 GMT",
        "ETag": "\u0022d404fff2-0000-0800-0000-629efd410000\u0022",
        "Expires": "-1",
        "Pragma": "no-cache",
        "Strict-Transport-Security": "max-age=31536000; includeSubDomains",
        "X-Content-Type-Options": "nosniff",
        "x-ms-correlation-request-id": "e6e10ecd-fdd0-4f4b-b6ec-4ec2f67b16a4",
        "x-ms-ratelimit-remaining-tenant-reads": "11981",
        "x-ms-request-id": "7f180ef9-9388-4d0c-90af-18468a37e5f5",
        "x-ms-routing-request-id": "WESTUS:20220607T072554Z:e6e10ecd-fdd0-4f4b-b6ec-4ec2f67b16a4"
      },
      "ResponseBody": {
        "id": "/providers/Microsoft.DeviceUpdate/locations/WESTUS2/operationStatuses/cfedaefa-0d1e-49f8-a820-12d46814cb73*11D318993A3B180E22569DBFC00AE2C70CA8B6DC636614248D4F71E6EAC16AC8",
        "name": "cfedaefa-0d1e-49f8-a820-12d46814cb73*11D318993A3B180E22569DBFC00AE2C70CA8B6DC636614248D4F71E6EAC16AC8",
        "resourceId": "/subscriptions/cf65b9a6-fe0f-4011-881c-aba5a5fb8603/resourceGroups/testRg-3787/providers/Microsoft.DeviceUpdate/accounts/Account-7313/instances/Instance-6223",
        "status": "Accepted",
        "startTime": "2022-06-07T07:24:49.1563971Z"
      }
    },
    {
      "RequestUri": "https://management.azure.com/providers/Microsoft.DeviceUpdate/locations/WESTUS2/operationStatuses/cfedaefa-0d1e-49f8-a820-12d46814cb73*11D318993A3B180E22569DBFC00AE2C70CA8B6DC636614248D4F71E6EAC16AC8?api-version=2022-04-01-preview",
      "RequestMethod": "GET",
      "RequestHeaders": {
        "Authorization": "Sanitized",
        "traceparent": "00-4d27cdf3a3845a42ae37e842f89e0d80-805e70cf5e38ec43-00",
        "User-Agent": "azsdk-net-ResourceManager/1.0.0 (.NET Framework 4.8.4510.0; Microsoft Windows 10.0.22000 )",
        "x-ms-client-request-id": "8d224f21a5b4893e722172bc321c3f83",
        "x-ms-return-client-request-id": "true"
      },
      "RequestBody": null,
      "StatusCode": 200,
      "ResponseHeaders": {
        "Cache-Control": "no-cache",
        "Content-Length": "527",
        "Content-Type": "application/json; charset=utf-8",
        "Date": "Tue, 07 Jun 2022 07:26:26 GMT",
        "ETag": "\u0022d404fff2-0000-0800-0000-629efd410000\u0022",
        "Expires": "-1",
        "Pragma": "no-cache",
        "Strict-Transport-Security": "max-age=31536000; includeSubDomains",
        "X-Content-Type-Options": "nosniff",
        "x-ms-correlation-request-id": "8868f1c2-1965-4a78-91a7-13ed90dccac8",
        "x-ms-ratelimit-remaining-tenant-reads": "11980",
        "x-ms-request-id": "980a9176-60ed-461b-bc80-8b926286bcb1",
        "x-ms-routing-request-id": "WESTUS:20220607T072627Z:8868f1c2-1965-4a78-91a7-13ed90dccac8"
      },
      "ResponseBody": {
        "id": "/providers/Microsoft.DeviceUpdate/locations/WESTUS2/operationStatuses/cfedaefa-0d1e-49f8-a820-12d46814cb73*11D318993A3B180E22569DBFC00AE2C70CA8B6DC636614248D4F71E6EAC16AC8",
        "name": "cfedaefa-0d1e-49f8-a820-12d46814cb73*11D318993A3B180E22569DBFC00AE2C70CA8B6DC636614248D4F71E6EAC16AC8",
        "resourceId": "/subscriptions/cf65b9a6-fe0f-4011-881c-aba5a5fb8603/resourceGroups/testRg-3787/providers/Microsoft.DeviceUpdate/accounts/Account-7313/instances/Instance-6223",
        "status": "Accepted",
        "startTime": "2022-06-07T07:24:49.1563971Z"
      }
    },
    {
      "RequestUri": "https://management.azure.com/providers/Microsoft.DeviceUpdate/locations/WESTUS2/operationStatuses/cfedaefa-0d1e-49f8-a820-12d46814cb73*11D318993A3B180E22569DBFC00AE2C70CA8B6DC636614248D4F71E6EAC16AC8?api-version=2022-04-01-preview",
      "RequestMethod": "GET",
      "RequestHeaders": {
        "Authorization": "Sanitized",
        "traceparent": "00-4d27cdf3a3845a42ae37e842f89e0d80-699adf682bcc7b46-00",
        "User-Agent": "azsdk-net-ResourceManager/1.0.0 (.NET Framework 4.8.4510.0; Microsoft Windows 10.0.22000 )",
        "x-ms-client-request-id": "d5d29685057504993623dbca3a4a498e",
        "x-ms-return-client-request-id": "true"
      },
      "RequestBody": null,
      "StatusCode": 200,
      "ResponseHeaders": {
        "Cache-Control": "no-cache",
        "Content-Length": "527",
        "Content-Type": "application/json; charset=utf-8",
        "Date": "Tue, 07 Jun 2022 07:26:58 GMT",
        "ETag": "\u0022d404fff2-0000-0800-0000-629efd410000\u0022",
        "Expires": "-1",
        "Pragma": "no-cache",
        "Strict-Transport-Security": "max-age=31536000; includeSubDomains",
        "X-Content-Type-Options": "nosniff",
        "x-ms-correlation-request-id": "0d1811b9-6ac0-485d-ae50-314925d6e44f",
        "x-ms-ratelimit-remaining-tenant-reads": "11979",
        "x-ms-request-id": "38cba708-c7f0-491f-b092-ee4af855df98",
        "x-ms-routing-request-id": "WESTUS:20220607T072659Z:0d1811b9-6ac0-485d-ae50-314925d6e44f"
      },
      "ResponseBody": {
        "id": "/providers/Microsoft.DeviceUpdate/locations/WESTUS2/operationStatuses/cfedaefa-0d1e-49f8-a820-12d46814cb73*11D318993A3B180E22569DBFC00AE2C70CA8B6DC636614248D4F71E6EAC16AC8",
        "name": "cfedaefa-0d1e-49f8-a820-12d46814cb73*11D318993A3B180E22569DBFC00AE2C70CA8B6DC636614248D4F71E6EAC16AC8",
        "resourceId": "/subscriptions/cf65b9a6-fe0f-4011-881c-aba5a5fb8603/resourceGroups/testRg-3787/providers/Microsoft.DeviceUpdate/accounts/Account-7313/instances/Instance-6223",
        "status": "Accepted",
        "startTime": "2022-06-07T07:24:49.1563971Z"
      }
    },
    {
      "RequestUri": "https://management.azure.com/providers/Microsoft.DeviceUpdate/locations/WESTUS2/operationStatuses/cfedaefa-0d1e-49f8-a820-12d46814cb73*11D318993A3B180E22569DBFC00AE2C70CA8B6DC636614248D4F71E6EAC16AC8?api-version=2022-04-01-preview",
      "RequestMethod": "GET",
      "RequestHeaders": {
        "Authorization": "Sanitized",
        "traceparent": "00-4d27cdf3a3845a42ae37e842f89e0d80-69972afde1ed5946-00",
        "User-Agent": "azsdk-net-ResourceManager/1.0.0 (.NET Framework 4.8.4510.0; Microsoft Windows 10.0.22000 )",
        "x-ms-client-request-id": "32826d4e4828735876361d4abc90a261",
        "x-ms-return-client-request-id": "true"
      },
      "RequestBody": null,
      "StatusCode": 200,
      "ResponseHeaders": {
        "Cache-Control": "no-cache",
        "Content-Length": "527",
        "Content-Type": "application/json; charset=utf-8",
        "Date": "Tue, 07 Jun 2022 07:27:31 GMT",
        "ETag": "\u0022d404fff2-0000-0800-0000-629efd410000\u0022",
        "Expires": "-1",
        "Pragma": "no-cache",
        "Strict-Transport-Security": "max-age=31536000; includeSubDomains",
        "X-Content-Type-Options": "nosniff",
        "x-ms-correlation-request-id": "5c37ef1c-8df1-4a50-97b2-e66cab492159",
        "x-ms-ratelimit-remaining-tenant-reads": "11978",
        "x-ms-request-id": "2c19295d-3ef0-4c5f-9cc2-d31be8bd378d",
        "x-ms-routing-request-id": "WESTUS:20220607T072731Z:5c37ef1c-8df1-4a50-97b2-e66cab492159"
      },
      "ResponseBody": {
        "id": "/providers/Microsoft.DeviceUpdate/locations/WESTUS2/operationStatuses/cfedaefa-0d1e-49f8-a820-12d46814cb73*11D318993A3B180E22569DBFC00AE2C70CA8B6DC636614248D4F71E6EAC16AC8",
        "name": "cfedaefa-0d1e-49f8-a820-12d46814cb73*11D318993A3B180E22569DBFC00AE2C70CA8B6DC636614248D4F71E6EAC16AC8",
        "resourceId": "/subscriptions/cf65b9a6-fe0f-4011-881c-aba5a5fb8603/resourceGroups/testRg-3787/providers/Microsoft.DeviceUpdate/accounts/Account-7313/instances/Instance-6223",
        "status": "Accepted",
        "startTime": "2022-06-07T07:24:49.1563971Z"
      }
    },
    {
      "RequestUri": "https://management.azure.com/providers/Microsoft.DeviceUpdate/locations/WESTUS2/operationStatuses/cfedaefa-0d1e-49f8-a820-12d46814cb73*11D318993A3B180E22569DBFC00AE2C70CA8B6DC636614248D4F71E6EAC16AC8?api-version=2022-04-01-preview",
      "RequestMethod": "GET",
      "RequestHeaders": {
        "Authorization": "Sanitized",
        "traceparent": "00-4d27cdf3a3845a42ae37e842f89e0d80-4e41f206037a8349-00",
        "User-Agent": "azsdk-net-ResourceManager/1.0.0 (.NET Framework 4.8.4510.0; Microsoft Windows 10.0.22000 )",
        "x-ms-client-request-id": "870ce890c1b31cb1b51e5690ca744e28",
        "x-ms-return-client-request-id": "true"
      },
      "RequestBody": null,
      "StatusCode": 200,
      "ResponseHeaders": {
        "Cache-Control": "no-cache",
        "Content-Length": "527",
        "Content-Type": "application/json; charset=utf-8",
        "Date": "Tue, 07 Jun 2022 07:28:02 GMT",
        "ETag": "\u0022d404fff2-0000-0800-0000-629efd410000\u0022",
        "Expires": "-1",
        "Pragma": "no-cache",
        "Strict-Transport-Security": "max-age=31536000; includeSubDomains",
        "X-Content-Type-Options": "nosniff",
        "x-ms-correlation-request-id": "8103fd4b-c20a-4a6a-91e9-cabf99eb6898",
        "x-ms-ratelimit-remaining-tenant-reads": "11977",
        "x-ms-request-id": "399e506f-8d84-4e70-bf5f-c59f0cbb5b88",
        "x-ms-routing-request-id": "WESTUS:20220607T072803Z:8103fd4b-c20a-4a6a-91e9-cabf99eb6898"
      },
      "ResponseBody": {
        "id": "/providers/Microsoft.DeviceUpdate/locations/WESTUS2/operationStatuses/cfedaefa-0d1e-49f8-a820-12d46814cb73*11D318993A3B180E22569DBFC00AE2C70CA8B6DC636614248D4F71E6EAC16AC8",
        "name": "cfedaefa-0d1e-49f8-a820-12d46814cb73*11D318993A3B180E22569DBFC00AE2C70CA8B6DC636614248D4F71E6EAC16AC8",
        "resourceId": "/subscriptions/cf65b9a6-fe0f-4011-881c-aba5a5fb8603/resourceGroups/testRg-3787/providers/Microsoft.DeviceUpdate/accounts/Account-7313/instances/Instance-6223",
        "status": "Accepted",
        "startTime": "2022-06-07T07:24:49.1563971Z"
      }
    },
    {
      "RequestUri": "https://management.azure.com/providers/Microsoft.DeviceUpdate/locations/WESTUS2/operationStatuses/cfedaefa-0d1e-49f8-a820-12d46814cb73*11D318993A3B180E22569DBFC00AE2C70CA8B6DC636614248D4F71E6EAC16AC8?api-version=2022-04-01-preview",
      "RequestMethod": "GET",
      "RequestHeaders": {
        "Authorization": "Sanitized",
        "Connection": "close",
        "traceparent": "00-4d27cdf3a3845a42ae37e842f89e0d80-ac594bdb81ef314c-00",
        "User-Agent": "azsdk-net-ResourceManager/1.0.0 (.NET Framework 4.8.4510.0; Microsoft Windows 10.0.22000 )",
        "x-ms-client-request-id": "c46ee3d70d9a3c5b3e5f5e3ee84f47a5",
        "x-ms-return-client-request-id": "true"
      },
      "RequestBody": null,
      "StatusCode": 200,
      "ResponseHeaders": {
        "Cache-Control": "no-cache",
        "Connection": "close",
        "Content-Length": "527",
        "Content-Type": "application/json; charset=utf-8",
        "Date": "Tue, 07 Jun 2022 07:28:34 GMT",
        "ETag": "\u0022d404fff2-0000-0800-0000-629efd410000\u0022",
        "Expires": "-1",
        "Pragma": "no-cache",
        "Strict-Transport-Security": "max-age=31536000; includeSubDomains",
        "X-Content-Type-Options": "nosniff",
        "x-ms-correlation-request-id": "ab8572b8-3067-4826-9440-69dbe93acac8",
        "x-ms-ratelimit-remaining-tenant-reads": "11976",
        "x-ms-request-id": "b1d4d266-1e57-41f9-9aea-63d55843def0",
        "x-ms-routing-request-id": "WESTUS:20220607T072835Z:ab8572b8-3067-4826-9440-69dbe93acac8"
      },
      "ResponseBody": {
        "id": "/providers/Microsoft.DeviceUpdate/locations/WESTUS2/operationStatuses/cfedaefa-0d1e-49f8-a820-12d46814cb73*11D318993A3B180E22569DBFC00AE2C70CA8B6DC636614248D4F71E6EAC16AC8",
        "name": "cfedaefa-0d1e-49f8-a820-12d46814cb73*11D318993A3B180E22569DBFC00AE2C70CA8B6DC636614248D4F71E6EAC16AC8",
        "resourceId": "/subscriptions/cf65b9a6-fe0f-4011-881c-aba5a5fb8603/resourceGroups/testRg-3787/providers/Microsoft.DeviceUpdate/accounts/Account-7313/instances/Instance-6223",
        "status": "Accepted",
        "startTime": "2022-06-07T07:24:49.1563971Z"
      }
    },
    {
      "RequestUri": "https://management.azure.com/providers/Microsoft.DeviceUpdate/locations/WESTUS2/operationStatuses/cfedaefa-0d1e-49f8-a820-12d46814cb73*11D318993A3B180E22569DBFC00AE2C70CA8B6DC636614248D4F71E6EAC16AC8?api-version=2022-04-01-preview",
      "RequestMethod": "GET",
      "RequestHeaders": {
        "Authorization": "Sanitized",
        "traceparent": "00-4d27cdf3a3845a42ae37e842f89e0d80-bd1d62fde69d6b40-00",
        "User-Agent": "azsdk-net-ResourceManager/1.0.0 (.NET Framework 4.8.4510.0; Microsoft Windows 10.0.22000 )",
        "x-ms-client-request-id": "52397980c23e8cdbbc667c0af1c7a802",
        "x-ms-return-client-request-id": "true"
      },
      "RequestBody": null,
      "StatusCode": 200,
      "ResponseHeaders": {
        "Cache-Control": "no-cache",
        "Content-Length": "527",
        "Content-Type": "application/json; charset=utf-8",
        "Date": "Tue, 07 Jun 2022 07:29:07 GMT",
        "ETag": "\u0022d404fff2-0000-0800-0000-629efd410000\u0022",
        "Expires": "-1",
        "Pragma": "no-cache",
        "Strict-Transport-Security": "max-age=31536000; includeSubDomains",
        "X-Content-Type-Options": "nosniff",
        "x-ms-correlation-request-id": "17d3795e-0b71-4d45-8f34-e089cf7b3d41",
        "x-ms-ratelimit-remaining-tenant-reads": "11999",
        "x-ms-request-id": "eab10726-9251-4330-a46c-ad2b04186737",
        "x-ms-routing-request-id": "WESTCENTRALUS:20220607T072907Z:17d3795e-0b71-4d45-8f34-e089cf7b3d41"
      },
      "ResponseBody": {
        "id": "/providers/Microsoft.DeviceUpdate/locations/WESTUS2/operationStatuses/cfedaefa-0d1e-49f8-a820-12d46814cb73*11D318993A3B180E22569DBFC00AE2C70CA8B6DC636614248D4F71E6EAC16AC8",
        "name": "cfedaefa-0d1e-49f8-a820-12d46814cb73*11D318993A3B180E22569DBFC00AE2C70CA8B6DC636614248D4F71E6EAC16AC8",
        "resourceId": "/subscriptions/cf65b9a6-fe0f-4011-881c-aba5a5fb8603/resourceGroups/testRg-3787/providers/Microsoft.DeviceUpdate/accounts/Account-7313/instances/Instance-6223",
        "status": "Accepted",
        "startTime": "2022-06-07T07:24:49.1563971Z"
      }
    },
    {
      "RequestUri": "https://management.azure.com/providers/Microsoft.DeviceUpdate/locations/WESTUS2/operationStatuses/cfedaefa-0d1e-49f8-a820-12d46814cb73*11D318993A3B180E22569DBFC00AE2C70CA8B6DC636614248D4F71E6EAC16AC8?api-version=2022-04-01-preview",
      "RequestMethod": "GET",
      "RequestHeaders": {
        "Authorization": "Sanitized",
        "traceparent": "00-4d27cdf3a3845a42ae37e842f89e0d80-e38f5e7037828f40-00",
        "User-Agent": "azsdk-net-ResourceManager/1.0.0 (.NET Framework 4.8.4510.0; Microsoft Windows 10.0.22000 )",
        "x-ms-client-request-id": "d973f5e8de2283c78dcf495362723466",
        "x-ms-return-client-request-id": "true"
      },
      "RequestBody": null,
      "StatusCode": 200,
      "ResponseHeaders": {
        "Cache-Control": "no-cache",
        "Content-Length": "527",
        "Content-Type": "application/json; charset=utf-8",
        "Date": "Tue, 07 Jun 2022 07:29:38 GMT",
        "ETag": "\u0022d404fff2-0000-0800-0000-629efd410000\u0022",
        "Expires": "-1",
        "Pragma": "no-cache",
        "Strict-Transport-Security": "max-age=31536000; includeSubDomains",
        "X-Content-Type-Options": "nosniff",
        "x-ms-correlation-request-id": "49e47391-13c0-4127-825c-2b2acd456632",
        "x-ms-ratelimit-remaining-tenant-reads": "11998",
        "x-ms-request-id": "cc2882d4-d404-4518-89c0-9b6ec5d498f7",
        "x-ms-routing-request-id": "WESTCENTRALUS:20220607T072939Z:49e47391-13c0-4127-825c-2b2acd456632"
      },
      "ResponseBody": {
        "id": "/providers/Microsoft.DeviceUpdate/locations/WESTUS2/operationStatuses/cfedaefa-0d1e-49f8-a820-12d46814cb73*11D318993A3B180E22569DBFC00AE2C70CA8B6DC636614248D4F71E6EAC16AC8",
        "name": "cfedaefa-0d1e-49f8-a820-12d46814cb73*11D318993A3B180E22569DBFC00AE2C70CA8B6DC636614248D4F71E6EAC16AC8",
        "resourceId": "/subscriptions/cf65b9a6-fe0f-4011-881c-aba5a5fb8603/resourceGroups/testRg-3787/providers/Microsoft.DeviceUpdate/accounts/Account-7313/instances/Instance-6223",
        "status": "Accepted",
        "startTime": "2022-06-07T07:24:49.1563971Z"
      }
    },
    {
      "RequestUri": "https://management.azure.com/providers/Microsoft.DeviceUpdate/locations/WESTUS2/operationStatuses/cfedaefa-0d1e-49f8-a820-12d46814cb73*11D318993A3B180E22569DBFC00AE2C70CA8B6DC636614248D4F71E6EAC16AC8?api-version=2022-04-01-preview",
      "RequestMethod": "GET",
      "RequestHeaders": {
        "Authorization": "Sanitized",
        "traceparent": "00-4d27cdf3a3845a42ae37e842f89e0d80-ddc26184741eb048-00",
        "User-Agent": "azsdk-net-ResourceManager/1.0.0 (.NET Framework 4.8.4510.0; Microsoft Windows 10.0.22000 )",
        "x-ms-client-request-id": "5010b1d6fc3a14e907e1083390504a76",
        "x-ms-return-client-request-id": "true"
      },
      "RequestBody": null,
      "StatusCode": 200,
      "ResponseHeaders": {
        "Cache-Control": "no-cache",
        "Content-Length": "527",
        "Content-Type": "application/json; charset=utf-8",
        "Date": "Tue, 07 Jun 2022 07:30:10 GMT",
        "ETag": "\u0022d404fff2-0000-0800-0000-629efd410000\u0022",
        "Expires": "-1",
        "Pragma": "no-cache",
        "Strict-Transport-Security": "max-age=31536000; includeSubDomains",
        "X-Content-Type-Options": "nosniff",
        "x-ms-correlation-request-id": "64f3fa19-b7dc-4a31-ab73-2928d0e07a5d",
        "x-ms-ratelimit-remaining-tenant-reads": "11997",
        "x-ms-request-id": "9cad1bf3-7f9b-4460-a6c6-44b42b9cbd1d",
        "x-ms-routing-request-id": "WESTCENTRALUS:20220607T073011Z:64f3fa19-b7dc-4a31-ab73-2928d0e07a5d"
      },
      "ResponseBody": {
        "id": "/providers/Microsoft.DeviceUpdate/locations/WESTUS2/operationStatuses/cfedaefa-0d1e-49f8-a820-12d46814cb73*11D318993A3B180E22569DBFC00AE2C70CA8B6DC636614248D4F71E6EAC16AC8",
        "name": "cfedaefa-0d1e-49f8-a820-12d46814cb73*11D318993A3B180E22569DBFC00AE2C70CA8B6DC636614248D4F71E6EAC16AC8",
        "resourceId": "/subscriptions/cf65b9a6-fe0f-4011-881c-aba5a5fb8603/resourceGroups/testRg-3787/providers/Microsoft.DeviceUpdate/accounts/Account-7313/instances/Instance-6223",
        "status": "Accepted",
        "startTime": "2022-06-07T07:24:49.1563971Z"
      }
    },
    {
      "RequestUri": "https://management.azure.com/providers/Microsoft.DeviceUpdate/locations/WESTUS2/operationStatuses/cfedaefa-0d1e-49f8-a820-12d46814cb73*11D318993A3B180E22569DBFC00AE2C70CA8B6DC636614248D4F71E6EAC16AC8?api-version=2022-04-01-preview",
      "RequestMethod": "GET",
      "RequestHeaders": {
        "Authorization": "Sanitized",
        "traceparent": "00-4d27cdf3a3845a42ae37e842f89e0d80-0694b881eb03dd44-00",
        "User-Agent": "azsdk-net-ResourceManager/1.0.0 (.NET Framework 4.8.4510.0; Microsoft Windows 10.0.22000 )",
        "x-ms-client-request-id": "f2565cb76edba282b2b6c46f79882a49",
        "x-ms-return-client-request-id": "true"
      },
      "RequestBody": null,
      "StatusCode": 200,
      "ResponseHeaders": {
        "Cache-Control": "no-cache",
        "Content-Length": "527",
        "Content-Type": "application/json; charset=utf-8",
        "Date": "Tue, 07 Jun 2022 07:30:43 GMT",
        "ETag": "\u0022d404fff2-0000-0800-0000-629efd410000\u0022",
        "Expires": "-1",
        "Pragma": "no-cache",
        "Strict-Transport-Security": "max-age=31536000; includeSubDomains",
        "X-Content-Type-Options": "nosniff",
        "x-ms-correlation-request-id": "0ef8960d-44ac-4430-a90d-20b390f7bb68",
        "x-ms-ratelimit-remaining-tenant-reads": "11996",
        "x-ms-request-id": "42987292-1e8e-4f94-8d11-681cde59554e",
        "x-ms-routing-request-id": "WESTCENTRALUS:20220607T073043Z:0ef8960d-44ac-4430-a90d-20b390f7bb68"
      },
      "ResponseBody": {
        "id": "/providers/Microsoft.DeviceUpdate/locations/WESTUS2/operationStatuses/cfedaefa-0d1e-49f8-a820-12d46814cb73*11D318993A3B180E22569DBFC00AE2C70CA8B6DC636614248D4F71E6EAC16AC8",
        "name": "cfedaefa-0d1e-49f8-a820-12d46814cb73*11D318993A3B180E22569DBFC00AE2C70CA8B6DC636614248D4F71E6EAC16AC8",
        "resourceId": "/subscriptions/cf65b9a6-fe0f-4011-881c-aba5a5fb8603/resourceGroups/testRg-3787/providers/Microsoft.DeviceUpdate/accounts/Account-7313/instances/Instance-6223",
        "status": "Accepted",
        "startTime": "2022-06-07T07:24:49.1563971Z"
      }
    },
    {
      "RequestUri": "https://management.azure.com/providers/Microsoft.DeviceUpdate/locations/WESTUS2/operationStatuses/cfedaefa-0d1e-49f8-a820-12d46814cb73*11D318993A3B180E22569DBFC00AE2C70CA8B6DC636614248D4F71E6EAC16AC8?api-version=2022-04-01-preview",
      "RequestMethod": "GET",
      "RequestHeaders": {
        "Authorization": "Sanitized",
        "traceparent": "00-4d27cdf3a3845a42ae37e842f89e0d80-146fba7c2c8c864c-00",
        "User-Agent": "azsdk-net-ResourceManager/1.0.0 (.NET Framework 4.8.4510.0; Microsoft Windows 10.0.22000 )",
        "x-ms-client-request-id": "4033163258b7ebc70b5ed141d593f23c",
        "x-ms-return-client-request-id": "true"
      },
      "RequestBody": null,
      "StatusCode": 200,
      "ResponseHeaders": {
        "Cache-Control": "no-cache",
        "Content-Length": "527",
        "Content-Type": "application/json; charset=utf-8",
        "Date": "Tue, 07 Jun 2022 07:31:15 GMT",
        "ETag": "\u0022d404fff2-0000-0800-0000-629efd410000\u0022",
        "Expires": "-1",
        "Pragma": "no-cache",
        "Strict-Transport-Security": "max-age=31536000; includeSubDomains",
        "X-Content-Type-Options": "nosniff",
        "x-ms-correlation-request-id": "c1ca0983-5c4f-4e02-9537-59e39b051db5",
        "x-ms-ratelimit-remaining-tenant-reads": "11995",
        "x-ms-request-id": "545354f1-914c-42f7-ab37-b399e5b9c6d9",
        "x-ms-routing-request-id": "WESTCENTRALUS:20220607T073115Z:c1ca0983-5c4f-4e02-9537-59e39b051db5"
      },
      "ResponseBody": {
        "id": "/providers/Microsoft.DeviceUpdate/locations/WESTUS2/operationStatuses/cfedaefa-0d1e-49f8-a820-12d46814cb73*11D318993A3B180E22569DBFC00AE2C70CA8B6DC636614248D4F71E6EAC16AC8",
        "name": "cfedaefa-0d1e-49f8-a820-12d46814cb73*11D318993A3B180E22569DBFC00AE2C70CA8B6DC636614248D4F71E6EAC16AC8",
        "resourceId": "/subscriptions/cf65b9a6-fe0f-4011-881c-aba5a5fb8603/resourceGroups/testRg-3787/providers/Microsoft.DeviceUpdate/accounts/Account-7313/instances/Instance-6223",
        "status": "Accepted",
        "startTime": "2022-06-07T07:24:49.1563971Z"
      }
    },
    {
      "RequestUri": "https://management.azure.com/providers/Microsoft.DeviceUpdate/locations/WESTUS2/operationStatuses/cfedaefa-0d1e-49f8-a820-12d46814cb73*11D318993A3B180E22569DBFC00AE2C70CA8B6DC636614248D4F71E6EAC16AC8?api-version=2022-04-01-preview",
      "RequestMethod": "GET",
      "RequestHeaders": {
        "Authorization": "Sanitized",
        "traceparent": "00-4d27cdf3a3845a42ae37e842f89e0d80-c3a26c9a5152b34c-00",
        "User-Agent": "azsdk-net-ResourceManager/1.0.0 (.NET Framework 4.8.4510.0; Microsoft Windows 10.0.22000 )",
        "x-ms-client-request-id": "059cd284411b688a2e6d9d83377a9b7f",
        "x-ms-return-client-request-id": "true"
      },
      "RequestBody": null,
      "StatusCode": 200,
      "ResponseHeaders": {
        "Cache-Control": "no-cache",
        "Content-Length": "527",
        "Content-Type": "application/json; charset=utf-8",
        "Date": "Tue, 07 Jun 2022 07:31:47 GMT",
        "ETag": "\u0022d404fff2-0000-0800-0000-629efd410000\u0022",
        "Expires": "-1",
        "Pragma": "no-cache",
        "Strict-Transport-Security": "max-age=31536000; includeSubDomains",
        "X-Content-Type-Options": "nosniff",
        "x-ms-correlation-request-id": "037ffbae-cfb1-4598-a891-f1fa1cb7ab8a",
        "x-ms-ratelimit-remaining-tenant-reads": "11994",
        "x-ms-request-id": "e11a1497-42a6-47c7-abd4-08dfbf1d0665",
        "x-ms-routing-request-id": "WESTCENTRALUS:20220607T073147Z:037ffbae-cfb1-4598-a891-f1fa1cb7ab8a"
      },
      "ResponseBody": {
        "id": "/providers/Microsoft.DeviceUpdate/locations/WESTUS2/operationStatuses/cfedaefa-0d1e-49f8-a820-12d46814cb73*11D318993A3B180E22569DBFC00AE2C70CA8B6DC636614248D4F71E6EAC16AC8",
        "name": "cfedaefa-0d1e-49f8-a820-12d46814cb73*11D318993A3B180E22569DBFC00AE2C70CA8B6DC636614248D4F71E6EAC16AC8",
        "resourceId": "/subscriptions/cf65b9a6-fe0f-4011-881c-aba5a5fb8603/resourceGroups/testRg-3787/providers/Microsoft.DeviceUpdate/accounts/Account-7313/instances/Instance-6223",
        "status": "Accepted",
        "startTime": "2022-06-07T07:24:49.1563971Z"
      }
    },
    {
      "RequestUri": "https://management.azure.com/providers/Microsoft.DeviceUpdate/locations/WESTUS2/operationStatuses/cfedaefa-0d1e-49f8-a820-12d46814cb73*11D318993A3B180E22569DBFC00AE2C70CA8B6DC636614248D4F71E6EAC16AC8?api-version=2022-04-01-preview",
      "RequestMethod": "GET",
      "RequestHeaders": {
        "Authorization": "Sanitized",
        "traceparent": "00-4d27cdf3a3845a42ae37e842f89e0d80-06053d39db4eff4a-00",
        "User-Agent": "azsdk-net-ResourceManager/1.0.0 (.NET Framework 4.8.4510.0; Microsoft Windows 10.0.22000 )",
        "x-ms-client-request-id": "7a01beb60a1d5fbe956be77c9c41cc1f",
        "x-ms-return-client-request-id": "true"
      },
      "RequestBody": null,
      "StatusCode": 200,
      "ResponseHeaders": {
        "Cache-Control": "no-cache",
        "Content-Length": "546",
        "Content-Type": "application/json; charset=utf-8",
        "Date": "Tue, 07 Jun 2022 07:32:19 GMT",
        "ETag": "\u0022d404c0fc-0000-0800-0000-629efeee0000\u0022",
        "Expires": "-1",
        "Pragma": "no-cache",
        "Strict-Transport-Security": "max-age=31536000; includeSubDomains",
        "X-Content-Type-Options": "nosniff",
        "x-ms-correlation-request-id": "aea93499-d9b0-4e7d-9d7f-a1d8ed7621b2",
        "x-ms-ratelimit-remaining-tenant-reads": "11993",
        "x-ms-request-id": "c25eb412-97b6-4108-95d5-d7a56d523fbe",
        "x-ms-routing-request-id": "WESTCENTRALUS:20220607T073219Z:aea93499-d9b0-4e7d-9d7f-a1d8ed7621b2"
      },
      "ResponseBody": {
        "id": "/providers/Microsoft.DeviceUpdate/locations/WESTUS2/operationStatuses/cfedaefa-0d1e-49f8-a820-12d46814cb73*11D318993A3B180E22569DBFC00AE2C70CA8B6DC636614248D4F71E6EAC16AC8",
        "name": "cfedaefa-0d1e-49f8-a820-12d46814cb73*11D318993A3B180E22569DBFC00AE2C70CA8B6DC636614248D4F71E6EAC16AC8",
        "resourceId": "/subscriptions/cf65b9a6-fe0f-4011-881c-aba5a5fb8603/resourceGroups/testRg-3787/providers/Microsoft.DeviceUpdate/accounts/Account-7313/instances/Instance-6223",
        "status": "Succeeded",
        "startTime": "2022-06-07T07:24:49.1563971Z",
        "properties": null
      }
    },
    {
      "RequestUri": "https://management.azure.com/subscriptions/cf65b9a6-fe0f-4011-881c-aba5a5fb8603/resourceGroups/testRg-3787/providers/Microsoft.DeviceUpdate/accounts/Account-7313/instances/Instance-6223?api-version=2022-04-01-preview",
      "RequestMethod": "GET",
      "RequestHeaders": {
        "Authorization": "Sanitized",
        "traceparent": "00-4d27cdf3a3845a42ae37e842f89e0d80-1d28de35a7a21d4f-00",
        "User-Agent": "azsdk-net-ResourceManager/1.0.0 (.NET Framework 4.8.4510.0; Microsoft Windows 10.0.22000 )",
        "x-ms-client-request-id": "a6ea88c325ecf12e8bca1249ba43b390",
        "x-ms-return-client-request-id": "true"
      },
      "RequestBody": null,
      "StatusCode": 200,
      "ResponseHeaders": {
        "Cache-Control": "no-cache",
        "Content-Length": "799",
        "Content-Type": "application/json; charset=utf-8",
        "Date": "Tue, 07 Jun 2022 07:32:20 GMT",
        "ETag": "\u002278048c83-0000-0800-0000-629efecc0000\u0022",
        "Expires": "-1",
        "Pragma": "no-cache",
        "Strict-Transport-Security": "max-age=31536000; includeSubDomains",
        "X-Content-Type-Options": "nosniff",
        "x-ms-correlation-request-id": "48803afe-ef42-449d-8386-28047f72327f",
        "x-ms-providerhub-traffic": "True",
        "x-ms-ratelimit-remaining-subscription-reads": "11999",
        "x-ms-request-id": "b66b9933-125f-4f4e-bb6d-5c8169b8a750",
        "x-ms-routing-request-id": "WESTCENTRALUS:20220607T073220Z:48803afe-ef42-449d-8386-28047f72327f"
      },
      "ResponseBody": {
        "id": "/subscriptions/cf65b9a6-fe0f-4011-881c-aba5a5fb8603/resourceGroups/testRg-3787/providers/Microsoft.DeviceUpdate/accounts/Account-7313/instances/Instance-6223",
        "name": "Instance-6223",
        "type": "microsoft.deviceupdate/accounts/instances",
        "location": "westus2",
        "tags": {},
        "systemData": {
          "createdBy": "1e5942b3-36f1-43eb-88d9-98c12d95000b",
          "createdByType": "Application",
          "createdAt": "2022-06-07T07:24:46.2891071Z",
          "lastModifiedBy": "1e5942b3-36f1-43eb-88d9-98c12d95000b",
          "lastModifiedByType": "Application",
          "lastModifiedAt": "2022-06-07T07:24:46.2891071Z"
        },
        "properties": {
          "provisioningState": "Succeeded",
          "accountName": "Account-7313",
          "iotHubs": [
            {
              "resourceId": "/subscriptions/cf65b9a6-fe0f-4011-881c-aba5a5fb8603/resourcegroups/edgarse/providers/Microsoft.Devices/IotHubs/orange-aducpsdktestaccount-iothub"
            }
          ]
        }
      }
    }
  ],
  "Variables": {
    "RandomSeed": "250743255",
    "RESOURCE_MANAGER_URL": null,
    "SUBSCRIPTION_ID": "cf65b9a6-fe0f-4011-881c-aba5a5fb8603"
  }
}
