{
  "Entries": [
    {
      "RequestUri": "https://management.azure.com/subscriptions/a645d3be-5a4a-40ef-82a1-d5f5358a424c?api-version=2021-01-01",
      "RequestMethod": "GET",
      "RequestHeaders": {
        "Accept": "application/json",
        "Authorization": "Sanitized",
        "traceparent": "00-0972fe9f92b8f61d636654771a6274e4-0516e9ba56bbf502-00",
        "User-Agent": "azsdk-net-ResourceManager/1.2.1 (.NET 6.0.8; Microsoft Windows 10.0.22000)",
        "x-ms-client-request-id": "a93db399c5eec38ffd73f41eecf068c0",
        "x-ms-return-client-request-id": "true"
      },
      "RequestBody": null,
      "StatusCode": 200,
      "ResponseHeaders": {
        "Cache-Control": "no-cache",
        "Content-Length": "461",
        "Content-Type": "application/json; charset=utf-8",
        "Date": "Wed, 10 Aug 2022 04:00:59 GMT",
        "Expires": "-1",
        "Pragma": "no-cache",
        "Strict-Transport-Security": "max-age=31536000; includeSubDomains",
        "X-Content-Type-Options": "nosniff",
        "x-ms-correlation-request-id": "837ca954-63b6-4d88-8ccc-4d50b2b449b4",
        "x-ms-ratelimit-remaining-subscription-reads": "11972",
        "x-ms-request-id": "837ca954-63b6-4d88-8ccc-4d50b2b449b4",
        "x-ms-routing-request-id": "WESTUS:20220810T040100Z:837ca954-63b6-4d88-8ccc-4d50b2b449b4"
      },
      "ResponseBody": {
        "id": "/subscriptions/a645d3be-5a4a-40ef-82a1-d5f5358a424c",
        "authorizationSource": "RoleBased",
        "managedByTenants": [],
        "tags": {
          "Env": "NonProd",
          "IsHostedOnBehalfOf": "False"
        },
        "subscriptionId": "a645d3be-5a4a-40ef-82a1-d5f5358a424c",
        "tenantId": "72f988bf-86f1-41af-91ab-2d7cd011db47",
        "displayName": "AzureDeviceUpdate/Canary-MS",
        "state": "Enabled",
        "subscriptionPolicies": {
          "locationPlacementId": "Internal_2014-09-01",
          "quotaId": "Internal_2014-09-01",
          "spendingLimit": "Off"
        }
      }
    },
    {
      "RequestUri": "https://management.azure.com/subscriptions/a645d3be-5a4a-40ef-82a1-d5f5358a424c/resourcegroups/testRg-7823?api-version=**",
      "RequestMethod": "PUT",
      "RequestHeaders": {
        "Accept": "application/json",
        "Authorization": "Sanitized",
        "Content-Length": "21",
        "Content-Type": "application/json",
        "traceparent": "00-dd6d1ac86761bc8a3ceb1fb6a999ec28-555d7a9f09aee55a-00",
        "User-Agent": "azsdk-net-ResourceManager/1.2.1 (.NET 6.0.8; Microsoft Windows 10.0.22000)",
        "x-ms-client-request-id": "dbf25525430e9a6c0e47ab2f31c706a1",
        "x-ms-return-client-request-id": "true"
      },
      "RequestBody": {
        "location": "westus"
      },
      "StatusCode": 201,
      "ResponseHeaders": {
        "Cache-Control": "no-cache",
        "Content-Length": "244",
        "Content-Type": "application/json; charset=utf-8",
        "Date": "Wed, 10 Aug 2022 04:00:59 GMT",
        "Expires": "-1",
        "Pragma": "no-cache",
        "Strict-Transport-Security": "max-age=31536000; includeSubDomains",
        "X-Content-Type-Options": "nosniff",
        "x-ms-correlation-request-id": "3c70a753-e3aa-448b-aacd-ebaefec993e1",
        "x-ms-ratelimit-remaining-subscription-writes": "1179",
        "x-ms-request-id": "3c70a753-e3aa-448b-aacd-ebaefec993e1",
        "x-ms-routing-request-id": "WESTUS:20220810T040100Z:3c70a753-e3aa-448b-aacd-ebaefec993e1"
      },
      "ResponseBody": {
        "id": "/subscriptions/a645d3be-5a4a-40ef-82a1-d5f5358a424c/resourceGroups/testRg-7823",
        "name": "testRg-7823",
        "type": "Microsoft.Resources/resourceGroups",
        "location": "westus",
        "tags": {
          "Env": "NonProd"
        },
        "properties": {
          "provisioningState": "Succeeded"
        }
      }
    },
    {
      "RequestUri": "https://management.azure.com/subscriptions/a645d3be-5a4a-40ef-82a1-d5f5358a424c/resourceGroups/testRg-7823/providers/Microsoft.DeviceUpdate/accounts/Account-5027?api-version=2022-10-01",
      "RequestMethod": "PUT",
      "RequestHeaders": {
        "Accept": "application/json",
        "Authorization": "Sanitized",
        "Content-Length": "64",
        "Content-Type": "application/json",
        "traceparent": "00-a6f5de452d00497e5eae2c5ad6a1a253-2da2a589ec98dbff-00",
        "User-Agent": "azsdk-net-ResourceManager.DeviceUpdate/1.0.0-alpha.20220809.1 (.NET 6.0.8; Microsoft Windows 10.0.22000)",
        "x-ms-client-request-id": "f02afc062697d6c1c14304f4e8a6298e",
        "x-ms-return-client-request-id": "true"
      },
      "RequestBody": {
        "tags": {},
        "location": "westus2",
        "properties": {
          "sku": "Standard"
        }
      },
      "StatusCode": 201,
      "ResponseHeaders": {
        "api-supported-versions": "2020-03-01-preview, 2022-04-01-preview, 2022-10-01",
        "Azure-AsyncOperation": "https://management.azure.com/providers/Microsoft.DeviceUpdate/locations/WESTUS2/operationStatuses/6aab6a73-5d54-4b2d-8b67-d05af40abaa0*04AE8F9FC868176D5E461607B3472B1009B60DA4B425993F2C1A029633695751?api-version=2022-10-01",
        "Cache-Control": "no-cache",
        "Content-Length": "577",
        "Content-Type": "application/json; charset=utf-8",
        "Date": "Wed, 10 Aug 2022 04:01:01 GMT",
        "ETag": "\u0022c6009185-0000-0800-0000-62f32d7e0000\u0022",
        "Expires": "-1",
        "mise-correlation-id": "34ddf4b3-7e82-469e-a28c-e975b14db08f",
        "Pragma": "no-cache",
        "Strict-Transport-Security": "max-age=31536000; includeSubDomains",
        "X-Content-Type-Options": "nosniff",
        "x-ms-correlation-request-id": "d8afb7b8-65c6-41c5-9f36-651ed1d4156d",
        "x-ms-providerhub-traffic": "True",
        "x-ms-ratelimit-remaining-subscription-writes": "1178",
        "x-ms-request-id": "6aab6a73-5d54-4b2d-8b67-d05af40abaa0",
        "x-ms-routing-request-id": "WESTUS:20220810T040102Z:d8afb7b8-65c6-41c5-9f36-651ed1d4156d"
      },
      "ResponseBody": {
        "id": "/subscriptions/a645d3be-5a4a-40ef-82a1-d5f5358a424c/resourceGroups/testRg-7823/providers/Microsoft.DeviceUpdate/accounts/Account-5027",
        "name": "Account-5027",
        "type": "microsoft.deviceupdate/accounts",
        "location": "westus2",
        "tags": {},
        "systemData": {
          "createdBy": "1e5942b3-36f1-43eb-88d9-98c12d95000b",
          "createdByType": "Application",
          "createdAt": "2022-08-10T04:01:00.7541885Z",
          "lastModifiedBy": "1e5942b3-36f1-43eb-88d9-98c12d95000b",
          "lastModifiedByType": "Application",
          "lastModifiedAt": "2022-08-10T04:01:00.7541885Z"
        },
        "properties": {
          "sku": "Standard",
          "provisioningState": "Accepted"
        }
      }
    },
    {
      "RequestUri": "https://management.azure.com/providers/Microsoft.DeviceUpdate/locations/WESTUS2/operationStatuses/6aab6a73-5d54-4b2d-8b67-d05af40abaa0*04AE8F9FC868176D5E461607B3472B1009B60DA4B425993F2C1A029633695751?api-version=2022-10-01",
      "RequestMethod": "GET",
      "RequestHeaders": {
        "Authorization": "Sanitized",
        "traceparent": "00-a6f5de452d00497e5eae2c5ad6a1a253-210ae1c749d86288-00",
        "User-Agent": "azsdk-net-ResourceManager/1.2.1 (.NET 6.0.8; Microsoft Windows 10.0.22000)",
        "x-ms-client-request-id": "6cea7b7ce8962f8d31054cff67a625a0",
        "x-ms-return-client-request-id": "true"
      },
      "RequestBody": null,
      "StatusCode": 200,
      "ResponseHeaders": {
        "Cache-Control": "no-cache",
        "Content-Length": "503",
        "Content-Type": "application/json; charset=utf-8",
        "Date": "Wed, 10 Aug 2022 04:01:01 GMT",
        "ETag": "\u0022e7006c1e-0000-0800-0000-62f32d7e0000\u0022",
        "Expires": "-1",
        "Pragma": "no-cache",
        "Strict-Transport-Security": "max-age=31536000; includeSubDomains",
        "X-Content-Type-Options": "nosniff",
        "x-ms-correlation-request-id": "c8c6840b-ecf2-45d4-bb34-3af7cfd67d67",
        "x-ms-ratelimit-remaining-tenant-reads": "11888",
        "x-ms-request-id": "e97e1dbe-bcfc-4a3d-acad-c1b245057590",
        "x-ms-routing-request-id": "WESTUS:20220810T040102Z:c8c6840b-ecf2-45d4-bb34-3af7cfd67d67"
      },
      "ResponseBody": {
        "id": "/providers/Microsoft.DeviceUpdate/locations/WESTUS2/operationStatuses/6aab6a73-5d54-4b2d-8b67-d05af40abaa0*04AE8F9FC868176D5E461607B3472B1009B60DA4B425993F2C1A029633695751",
        "name": "6aab6a73-5d54-4b2d-8b67-d05af40abaa0*04AE8F9FC868176D5E461607B3472B1009B60DA4B425993F2C1A029633695751",
        "resourceId": "/subscriptions/a645d3be-5a4a-40ef-82a1-d5f5358a424c/resourceGroups/testRg-7823/providers/Microsoft.DeviceUpdate/accounts/Account-5027",
        "status": "Accepted",
        "startTime": "2022-08-10T04:01:02.2085428Z"
      }
    },
    {
      "RequestUri": "https://management.azure.com/providers/Microsoft.DeviceUpdate/locations/WESTUS2/operationStatuses/6aab6a73-5d54-4b2d-8b67-d05af40abaa0*04AE8F9FC868176D5E461607B3472B1009B60DA4B425993F2C1A029633695751?api-version=2022-10-01",
      "RequestMethod": "GET",
      "RequestHeaders": {
        "Authorization": "Sanitized",
        "traceparent": "00-a6f5de452d00497e5eae2c5ad6a1a253-74be84b2f6a0d757-00",
        "User-Agent": "azsdk-net-ResourceManager/1.2.1 (.NET 6.0.8; Microsoft Windows 10.0.22000)",
        "x-ms-client-request-id": "a86ca18133cb7b9b8c59e1b6a7dd42f6",
        "x-ms-return-client-request-id": "true"
      },
      "RequestBody": null,
      "StatusCode": 200,
      "ResponseHeaders": {
        "Cache-Control": "no-cache",
        "Content-Length": "503",
        "Content-Type": "application/json; charset=utf-8",
        "Date": "Wed, 10 Aug 2022 04:01:02 GMT",
        "ETag": "\u0022e7006c1e-0000-0800-0000-62f32d7e0000\u0022",
        "Expires": "-1",
        "Pragma": "no-cache",
        "Strict-Transport-Security": "max-age=31536000; includeSubDomains",
        "X-Content-Type-Options": "nosniff",
        "x-ms-correlation-request-id": "d3da5020-d154-4baa-9018-1ea45b77a84d",
        "x-ms-ratelimit-remaining-tenant-reads": "11887",
        "x-ms-request-id": "ff37ea26-eae5-4cb2-8d75-2a193ec418a7",
        "x-ms-routing-request-id": "WESTUS:20220810T040103Z:d3da5020-d154-4baa-9018-1ea45b77a84d"
      },
      "ResponseBody": {
        "id": "/providers/Microsoft.DeviceUpdate/locations/WESTUS2/operationStatuses/6aab6a73-5d54-4b2d-8b67-d05af40abaa0*04AE8F9FC868176D5E461607B3472B1009B60DA4B425993F2C1A029633695751",
        "name": "6aab6a73-5d54-4b2d-8b67-d05af40abaa0*04AE8F9FC868176D5E461607B3472B1009B60DA4B425993F2C1A029633695751",
        "resourceId": "/subscriptions/a645d3be-5a4a-40ef-82a1-d5f5358a424c/resourceGroups/testRg-7823/providers/Microsoft.DeviceUpdate/accounts/Account-5027",
        "status": "Accepted",
        "startTime": "2022-08-10T04:01:02.2085428Z"
      }
    },
    {
      "RequestUri": "https://management.azure.com/providers/Microsoft.DeviceUpdate/locations/WESTUS2/operationStatuses/6aab6a73-5d54-4b2d-8b67-d05af40abaa0*04AE8F9FC868176D5E461607B3472B1009B60DA4B425993F2C1A029633695751?api-version=2022-10-01",
      "RequestMethod": "GET",
      "RequestHeaders": {
        "Authorization": "Sanitized",
        "traceparent": "00-a6f5de452d00497e5eae2c5ad6a1a253-b326bec90093fe6e-00",
        "User-Agent": "azsdk-net-ResourceManager/1.2.1 (.NET 6.0.8; Microsoft Windows 10.0.22000)",
        "x-ms-client-request-id": "6c771697bdbcdcf7910b3dcf3f706968",
        "x-ms-return-client-request-id": "true"
      },
      "RequestBody": null,
      "StatusCode": 200,
      "ResponseHeaders": {
        "Cache-Control": "no-cache",
        "Content-Length": "503",
        "Content-Type": "application/json; charset=utf-8",
        "Date": "Wed, 10 Aug 2022 04:01:04 GMT",
        "ETag": "\u0022e7006c1e-0000-0800-0000-62f32d7e0000\u0022",
        "Expires": "-1",
        "Pragma": "no-cache",
        "Strict-Transport-Security": "max-age=31536000; includeSubDomains",
        "X-Content-Type-Options": "nosniff",
        "x-ms-correlation-request-id": "b915e603-cc0d-4985-80a2-efe1bccbe2f3",
        "x-ms-ratelimit-remaining-tenant-reads": "11886",
        "x-ms-request-id": "9798270e-3921-49d7-8ec0-2a114b8b7e62",
        "x-ms-routing-request-id": "WESTUS:20220810T040104Z:b915e603-cc0d-4985-80a2-efe1bccbe2f3"
      },
      "ResponseBody": {
        "id": "/providers/Microsoft.DeviceUpdate/locations/WESTUS2/operationStatuses/6aab6a73-5d54-4b2d-8b67-d05af40abaa0*04AE8F9FC868176D5E461607B3472B1009B60DA4B425993F2C1A029633695751",
        "name": "6aab6a73-5d54-4b2d-8b67-d05af40abaa0*04AE8F9FC868176D5E461607B3472B1009B60DA4B425993F2C1A029633695751",
        "resourceId": "/subscriptions/a645d3be-5a4a-40ef-82a1-d5f5358a424c/resourceGroups/testRg-7823/providers/Microsoft.DeviceUpdate/accounts/Account-5027",
        "status": "Accepted",
        "startTime": "2022-08-10T04:01:02.2085428Z"
      }
    },
    {
      "RequestUri": "https://management.azure.com/providers/Microsoft.DeviceUpdate/locations/WESTUS2/operationStatuses/6aab6a73-5d54-4b2d-8b67-d05af40abaa0*04AE8F9FC868176D5E461607B3472B1009B60DA4B425993F2C1A029633695751?api-version=2022-10-01",
      "RequestMethod": "GET",
      "RequestHeaders": {
        "Authorization": "Sanitized",
        "traceparent": "00-a6f5de452d00497e5eae2c5ad6a1a253-45ccfa96bad79295-00",
        "User-Agent": "azsdk-net-ResourceManager/1.2.1 (.NET 6.0.8; Microsoft Windows 10.0.22000)",
        "x-ms-client-request-id": "f262ddba035e4922e06fdf3c06d68753",
        "x-ms-return-client-request-id": "true"
      },
      "RequestBody": null,
      "StatusCode": 200,
      "ResponseHeaders": {
        "Cache-Control": "no-cache",
        "Content-Length": "503",
        "Content-Type": "application/json; charset=utf-8",
        "Date": "Wed, 10 Aug 2022 04:01:05 GMT",
        "ETag": "\u0022e7006c1e-0000-0800-0000-62f32d7e0000\u0022",
        "Expires": "-1",
        "Pragma": "no-cache",
        "Strict-Transport-Security": "max-age=31536000; includeSubDomains",
        "X-Content-Type-Options": "nosniff",
        "x-ms-correlation-request-id": "f8d25b8a-8685-4173-b312-401d03f7e289",
        "x-ms-ratelimit-remaining-tenant-reads": "11885",
        "x-ms-request-id": "0bc83161-98b4-49f4-bbff-d29f0d601437",
        "x-ms-routing-request-id": "WESTUS:20220810T040105Z:f8d25b8a-8685-4173-b312-401d03f7e289"
      },
      "ResponseBody": {
        "id": "/providers/Microsoft.DeviceUpdate/locations/WESTUS2/operationStatuses/6aab6a73-5d54-4b2d-8b67-d05af40abaa0*04AE8F9FC868176D5E461607B3472B1009B60DA4B425993F2C1A029633695751",
        "name": "6aab6a73-5d54-4b2d-8b67-d05af40abaa0*04AE8F9FC868176D5E461607B3472B1009B60DA4B425993F2C1A029633695751",
        "resourceId": "/subscriptions/a645d3be-5a4a-40ef-82a1-d5f5358a424c/resourceGroups/testRg-7823/providers/Microsoft.DeviceUpdate/accounts/Account-5027",
        "status": "Accepted",
        "startTime": "2022-08-10T04:01:02.2085428Z"
      }
    },
    {
      "RequestUri": "https://management.azure.com/providers/Microsoft.DeviceUpdate/locations/WESTUS2/operationStatuses/6aab6a73-5d54-4b2d-8b67-d05af40abaa0*04AE8F9FC868176D5E461607B3472B1009B60DA4B425993F2C1A029633695751?api-version=2022-10-01",
      "RequestMethod": "GET",
      "RequestHeaders": {
        "Authorization": "Sanitized",
        "traceparent": "00-a6f5de452d00497e5eae2c5ad6a1a253-a9ae0254db91270f-00",
        "User-Agent": "azsdk-net-ResourceManager/1.2.1 (.NET 6.0.8; Microsoft Windows 10.0.22000)",
        "x-ms-client-request-id": "516756c2b92ec4e3a98f16bff6cb3b1c",
        "x-ms-return-client-request-id": "true"
      },
      "RequestBody": null,
      "StatusCode": 200,
      "ResponseHeaders": {
        "Cache-Control": "no-cache",
        "Content-Length": "503",
        "Content-Type": "application/json; charset=utf-8",
        "Date": "Wed, 10 Aug 2022 04:01:07 GMT",
        "ETag": "\u0022e7006c1e-0000-0800-0000-62f32d7e0000\u0022",
        "Expires": "-1",
        "Pragma": "no-cache",
        "Strict-Transport-Security": "max-age=31536000; includeSubDomains",
        "X-Content-Type-Options": "nosniff",
        "x-ms-correlation-request-id": "b86f5aa7-ee57-4f54-b812-e0eaf43a9667",
        "x-ms-ratelimit-remaining-tenant-reads": "11884",
        "x-ms-request-id": "331d2fb4-6825-4738-a50f-e3ff32fb3d59",
        "x-ms-routing-request-id": "WESTUS:20220810T040107Z:b86f5aa7-ee57-4f54-b812-e0eaf43a9667"
      },
      "ResponseBody": {
        "id": "/providers/Microsoft.DeviceUpdate/locations/WESTUS2/operationStatuses/6aab6a73-5d54-4b2d-8b67-d05af40abaa0*04AE8F9FC868176D5E461607B3472B1009B60DA4B425993F2C1A029633695751",
        "name": "6aab6a73-5d54-4b2d-8b67-d05af40abaa0*04AE8F9FC868176D5E461607B3472B1009B60DA4B425993F2C1A029633695751",
        "resourceId": "/subscriptions/a645d3be-5a4a-40ef-82a1-d5f5358a424c/resourceGroups/testRg-7823/providers/Microsoft.DeviceUpdate/accounts/Account-5027",
        "status": "Accepted",
        "startTime": "2022-08-10T04:01:02.2085428Z"
      }
    },
    {
      "RequestUri": "https://management.azure.com/providers/Microsoft.DeviceUpdate/locations/WESTUS2/operationStatuses/6aab6a73-5d54-4b2d-8b67-d05af40abaa0*04AE8F9FC868176D5E461607B3472B1009B60DA4B425993F2C1A029633695751?api-version=2022-10-01",
      "RequestMethod": "GET",
      "RequestHeaders": {
        "Authorization": "Sanitized",
        "traceparent": "00-a6f5de452d00497e5eae2c5ad6a1a253-d8a4e4bc60f9b7e6-00",
        "User-Agent": "azsdk-net-ResourceManager/1.2.1 (.NET 6.0.8; Microsoft Windows 10.0.22000)",
        "x-ms-client-request-id": "c9fb79ef4f7b9397f42e8c4dddbbd6ba",
        "x-ms-return-client-request-id": "true"
      },
      "RequestBody": null,
      "StatusCode": 200,
      "ResponseHeaders": {
        "Cache-Control": "no-cache",
        "Content-Length": "503",
        "Content-Type": "application/json; charset=utf-8",
        "Date": "Wed, 10 Aug 2022 04:01:11 GMT",
        "ETag": "\u0022e7006c1e-0000-0800-0000-62f32d7e0000\u0022",
        "Expires": "-1",
        "Pragma": "no-cache",
        "Strict-Transport-Security": "max-age=31536000; includeSubDomains",
        "X-Content-Type-Options": "nosniff",
        "x-ms-correlation-request-id": "92fd39bc-8869-43c8-8584-ec78075f78dc",
        "x-ms-ratelimit-remaining-tenant-reads": "11883",
        "x-ms-request-id": "085db36e-5c59-499f-bc3a-67bc79732cd3",
        "x-ms-routing-request-id": "WESTUS:20220810T040111Z:92fd39bc-8869-43c8-8584-ec78075f78dc"
      },
      "ResponseBody": {
        "id": "/providers/Microsoft.DeviceUpdate/locations/WESTUS2/operationStatuses/6aab6a73-5d54-4b2d-8b67-d05af40abaa0*04AE8F9FC868176D5E461607B3472B1009B60DA4B425993F2C1A029633695751",
        "name": "6aab6a73-5d54-4b2d-8b67-d05af40abaa0*04AE8F9FC868176D5E461607B3472B1009B60DA4B425993F2C1A029633695751",
        "resourceId": "/subscriptions/a645d3be-5a4a-40ef-82a1-d5f5358a424c/resourceGroups/testRg-7823/providers/Microsoft.DeviceUpdate/accounts/Account-5027",
        "status": "Accepted",
        "startTime": "2022-08-10T04:01:02.2085428Z"
      }
    },
    {
      "RequestUri": "https://management.azure.com/providers/Microsoft.DeviceUpdate/locations/WESTUS2/operationStatuses/6aab6a73-5d54-4b2d-8b67-d05af40abaa0*04AE8F9FC868176D5E461607B3472B1009B60DA4B425993F2C1A029633695751?api-version=2022-10-01",
      "RequestMethod": "GET",
      "RequestHeaders": {
        "Authorization": "Sanitized",
        "traceparent": "00-a6f5de452d00497e5eae2c5ad6a1a253-2332e5a6fb23cf3c-00",
        "User-Agent": "azsdk-net-ResourceManager/1.2.1 (.NET 6.0.8; Microsoft Windows 10.0.22000)",
        "x-ms-client-request-id": "e90de98318080139fa9d49cfed625314",
        "x-ms-return-client-request-id": "true"
      },
      "RequestBody": null,
      "StatusCode": 200,
      "ResponseHeaders": {
        "Cache-Control": "no-cache",
        "Content-Length": "503",
        "Content-Type": "application/json; charset=utf-8",
        "Date": "Wed, 10 Aug 2022 04:01:19 GMT",
        "ETag": "\u0022e7006c1e-0000-0800-0000-62f32d7e0000\u0022",
        "Expires": "-1",
        "Pragma": "no-cache",
        "Strict-Transport-Security": "max-age=31536000; includeSubDomains",
        "X-Content-Type-Options": "nosniff",
        "x-ms-correlation-request-id": "aeb95fec-6b47-43c1-944b-2cc1f452a586",
        "x-ms-ratelimit-remaining-tenant-reads": "11882",
        "x-ms-request-id": "3596ee3d-f352-428e-9715-cd24d5484f25",
        "x-ms-routing-request-id": "WESTUS:20220810T040120Z:aeb95fec-6b47-43c1-944b-2cc1f452a586"
      },
      "ResponseBody": {
        "id": "/providers/Microsoft.DeviceUpdate/locations/WESTUS2/operationStatuses/6aab6a73-5d54-4b2d-8b67-d05af40abaa0*04AE8F9FC868176D5E461607B3472B1009B60DA4B425993F2C1A029633695751",
        "name": "6aab6a73-5d54-4b2d-8b67-d05af40abaa0*04AE8F9FC868176D5E461607B3472B1009B60DA4B425993F2C1A029633695751",
        "resourceId": "/subscriptions/a645d3be-5a4a-40ef-82a1-d5f5358a424c/resourceGroups/testRg-7823/providers/Microsoft.DeviceUpdate/accounts/Account-5027",
        "status": "Accepted",
        "startTime": "2022-08-10T04:01:02.2085428Z"
      }
    },
    {
      "RequestUri": "https://management.azure.com/providers/Microsoft.DeviceUpdate/locations/WESTUS2/operationStatuses/6aab6a73-5d54-4b2d-8b67-d05af40abaa0*04AE8F9FC868176D5E461607B3472B1009B60DA4B425993F2C1A029633695751?api-version=2022-10-01",
      "RequestMethod": "GET",
      "RequestHeaders": {
        "Authorization": "Sanitized",
        "traceparent": "00-a6f5de452d00497e5eae2c5ad6a1a253-de54d79a34d570b5-00",
        "User-Agent": "azsdk-net-ResourceManager/1.2.1 (.NET 6.0.8; Microsoft Windows 10.0.22000)",
        "x-ms-client-request-id": "8d4cc333beda72d7bed45d002c96e6ed",
        "x-ms-return-client-request-id": "true"
      },
      "RequestBody": null,
      "StatusCode": 200,
      "ResponseHeaders": {
        "Cache-Control": "no-cache",
        "Content-Length": "503",
        "Content-Type": "application/json; charset=utf-8",
        "Date": "Wed, 10 Aug 2022 04:01:35 GMT",
        "ETag": "\u0022e7006c1e-0000-0800-0000-62f32d7e0000\u0022",
        "Expires": "-1",
        "Pragma": "no-cache",
        "Strict-Transport-Security": "max-age=31536000; includeSubDomains",
        "X-Content-Type-Options": "nosniff",
        "x-ms-correlation-request-id": "4b72faba-a7c9-4956-ae64-c41589b5109a",
        "x-ms-ratelimit-remaining-tenant-reads": "11881",
        "x-ms-request-id": "c28774a8-eb2d-4267-84fd-78246224a993",
        "x-ms-routing-request-id": "WESTUS:20220810T040136Z:4b72faba-a7c9-4956-ae64-c41589b5109a"
      },
      "ResponseBody": {
        "id": "/providers/Microsoft.DeviceUpdate/locations/WESTUS2/operationStatuses/6aab6a73-5d54-4b2d-8b67-d05af40abaa0*04AE8F9FC868176D5E461607B3472B1009B60DA4B425993F2C1A029633695751",
        "name": "6aab6a73-5d54-4b2d-8b67-d05af40abaa0*04AE8F9FC868176D5E461607B3472B1009B60DA4B425993F2C1A029633695751",
        "resourceId": "/subscriptions/a645d3be-5a4a-40ef-82a1-d5f5358a424c/resourceGroups/testRg-7823/providers/Microsoft.DeviceUpdate/accounts/Account-5027",
        "status": "Accepted",
        "startTime": "2022-08-10T04:01:02.2085428Z"
      }
    },
    {
      "RequestUri": "https://management.azure.com/providers/Microsoft.DeviceUpdate/locations/WESTUS2/operationStatuses/6aab6a73-5d54-4b2d-8b67-d05af40abaa0*04AE8F9FC868176D5E461607B3472B1009B60DA4B425993F2C1A029633695751?api-version=2022-10-01",
      "RequestMethod": "GET",
      "RequestHeaders": {
        "Authorization": "Sanitized",
        "traceparent": "00-a6f5de452d00497e5eae2c5ad6a1a253-e854d273ea12615c-00",
        "User-Agent": "azsdk-net-ResourceManager/1.2.1 (.NET 6.0.8; Microsoft Windows 10.0.22000)",
        "x-ms-client-request-id": "0c3b5cb952bed7133ffacfdd06c7a691",
        "x-ms-return-client-request-id": "true"
      },
      "RequestBody": null,
      "StatusCode": 200,
      "ResponseHeaders": {
        "Cache-Control": "no-cache",
        "Content-Length": "522",
        "Content-Type": "application/json; charset=utf-8",
        "Date": "Wed, 10 Aug 2022 04:02:08 GMT",
        "ETag": "\u0022e700d723-0000-0800-0000-62f32dc00000\u0022",
        "Expires": "-1",
        "Pragma": "no-cache",
        "Strict-Transport-Security": "max-age=31536000; includeSubDomains",
        "X-Content-Type-Options": "nosniff",
        "x-ms-correlation-request-id": "47030760-70ef-4ab8-81cf-a6d59d4bfba5",
        "x-ms-ratelimit-remaining-tenant-reads": "11880",
        "x-ms-request-id": "b9324749-692e-4438-a825-83557f257c80",
        "x-ms-routing-request-id": "WESTUS:20220810T040208Z:47030760-70ef-4ab8-81cf-a6d59d4bfba5"
      },
      "ResponseBody": {
        "id": "/providers/Microsoft.DeviceUpdate/locations/WESTUS2/operationStatuses/6aab6a73-5d54-4b2d-8b67-d05af40abaa0*04AE8F9FC868176D5E461607B3472B1009B60DA4B425993F2C1A029633695751",
        "name": "6aab6a73-5d54-4b2d-8b67-d05af40abaa0*04AE8F9FC868176D5E461607B3472B1009B60DA4B425993F2C1A029633695751",
        "resourceId": "/subscriptions/a645d3be-5a4a-40ef-82a1-d5f5358a424c/resourceGroups/testRg-7823/providers/Microsoft.DeviceUpdate/accounts/Account-5027",
        "status": "Succeeded",
        "startTime": "2022-08-10T04:01:02.2085428Z",
        "properties": null
      }
    },
    {
      "RequestUri": "https://management.azure.com/subscriptions/a645d3be-5a4a-40ef-82a1-d5f5358a424c/resourceGroups/testRg-7823/providers/Microsoft.DeviceUpdate/accounts/Account-5027?api-version=2022-10-01",
      "RequestMethod": "GET",
      "RequestHeaders": {
        "Authorization": "Sanitized",
        "traceparent": "00-a6f5de452d00497e5eae2c5ad6a1a253-f350824cbd9c757b-00",
        "User-Agent": "azsdk-net-ResourceManager/1.2.1 (.NET 6.0.8; Microsoft Windows 10.0.22000)",
        "x-ms-client-request-id": "1a1a77db486ec5df119a2a34ba39d463",
        "x-ms-return-client-request-id": "true"
      },
      "RequestBody": null,
      "StatusCode": 200,
      "ResponseHeaders": {
        "Cache-Control": "no-cache",
        "Content-Length": "751",
        "Content-Type": "application/json; charset=utf-8",
        "Date": "Wed, 10 Aug 2022 04:02:08 GMT",
        "ETag": "\u0022c6004888-0000-0800-0000-62f32da60000\u0022",
        "Expires": "-1",
        "Pragma": "no-cache",
        "Strict-Transport-Security": "max-age=31536000; includeSubDomains",
        "X-Content-Type-Options": "nosniff",
        "x-ms-correlation-request-id": "2fc05a3d-8452-4559-bd61-72e3c05a8f63",
        "x-ms-providerhub-traffic": "True",
        "x-ms-ratelimit-remaining-subscription-reads": "11971",
        "x-ms-request-id": "7f8991a7-e111-4306-ab7a-abb1981da8bb",
        "x-ms-routing-request-id": "WESTUS:20220810T040208Z:2fc05a3d-8452-4559-bd61-72e3c05a8f63"
      },
      "ResponseBody": {
        "id": "/subscriptions/a645d3be-5a4a-40ef-82a1-d5f5358a424c/resourceGroups/testRg-7823/providers/Microsoft.DeviceUpdate/accounts/Account-5027",
        "name": "Account-5027",
        "type": "microsoft.deviceupdate/accounts",
        "location": "westus2",
        "tags": {},
        "systemData": {
          "createdBy": "1e5942b3-36f1-43eb-88d9-98c12d95000b",
          "createdByType": "Application",
          "createdAt": "2022-08-10T04:01:00.7541885Z",
          "lastModifiedBy": "1e5942b3-36f1-43eb-88d9-98c12d95000b",
          "lastModifiedByType": "Application",
          "lastModifiedAt": "2022-08-10T04:01:00.7541885Z"
        },
        "properties": {
          "provisioningState": "Succeeded",
          "hostName": "account-5027.api.adu.microsoft.com",
          "locations": [
            {
              "name": "westus2",
              "role": "Primary"
            },
            {
              "name": "WestCentralUS",
              "role": "Failover"
            }
          ],
          "sku": "Standard",
          "publicNetworkAccess": "Enabled"
        }
      }
    },
    {
      "RequestUri": "https://management.azure.com/subscriptions/a645d3be-5a4a-40ef-82a1-d5f5358a424c/resourceGroups/testRg-7823/providers/Microsoft.DeviceUpdate/accounts/Account-5027/instances/Instance-2523?api-version=2022-10-01",
      "RequestMethod": "PUT",
      "RequestHeaders": {
        "Accept": "application/json",
        "Authorization": "Sanitized",
        "Content-Length": "221",
        "Content-Type": "application/json",
        "traceparent": "00-af638ab82b77a7e3eb821b6679abd369-a16505ef95dd810b-00",
        "User-Agent": "azsdk-net-ResourceManager.DeviceUpdate/1.0.0-alpha.20220809.1 (.NET 6.0.8; Microsoft Windows 10.0.22000)",
        "x-ms-client-request-id": "2690165b5646afe0744ee0eefa6cf62d",
        "x-ms-return-client-request-id": "true"
      },
      "RequestBody": {
        "tags": {},
        "location": "westus2",
        "properties": {
          "iotHubs": [
            {
              "resourceId": "/subscriptions/cf65b9a6-fe0f-4011-881c-aba5a5fb8603/resourcegroups/edgarse/providers/Microsoft.Devices/IotHubs/orange-aducpsdktestaccount-iothub"
            }
          ]
        }
      },
      "StatusCode": 201,
      "ResponseHeaders": {
        "api-supported-versions": "2020-03-01-preview, 2022-04-01-preview, 2022-10-01",
        "Azure-AsyncOperation": "https://management.azure.com/providers/Microsoft.DeviceUpdate/locations/WESTUS2/operationStatuses/0f8075c6-50b4-43a2-87da-7b1aa8fa0c7f*BAA7DC44A9DB583CC85B8B9DE22E0078B2BEFE4777B09516E6B3E632FCC72AE9?api-version=2022-10-01",
        "Cache-Control": "no-cache",
        "Content-Length": "769",
        "Content-Type": "application/json; charset=utf-8",
        "Date": "Wed, 10 Aug 2022 04:02:10 GMT",
        "ETag": "\u00220800ee34-0000-0800-0000-62f32dc20000\u0022",
        "Expires": "-1",
        "mise-correlation-id": "18e2e43d-b78f-4af4-a92c-ed2ca16cb188",
        "Pragma": "no-cache",
        "Strict-Transport-Security": "max-age=31536000; includeSubDomains",
        "X-Content-Type-Options": "nosniff",
        "x-ms-correlation-request-id": "57b8873c-55ca-47c1-ab90-7573f0edb1c8",
        "x-ms-providerhub-traffic": "True",
        "x-ms-ratelimit-remaining-subscription-writes": "1177",
        "x-ms-request-id": "0f8075c6-50b4-43a2-87da-7b1aa8fa0c7f",
        "x-ms-routing-request-id": "WESTUS:20220810T040210Z:57b8873c-55ca-47c1-ab90-7573f0edb1c8"
      },
      "ResponseBody": {
        "id": "/subscriptions/a645d3be-5a4a-40ef-82a1-d5f5358a424c/resourceGroups/testRg-7823/providers/Microsoft.DeviceUpdate/accounts/Account-5027/instances/Instance-2523",
        "name": "Instance-2523",
        "type": "microsoft.deviceupdate/accounts/instances",
        "location": "westus2",
        "tags": {},
        "systemData": {
          "createdBy": "1e5942b3-36f1-43eb-88d9-98c12d95000b",
          "createdByType": "Application",
          "createdAt": "2022-08-10T04:02:08.4763429Z",
          "lastModifiedBy": "1e5942b3-36f1-43eb-88d9-98c12d95000b",
          "lastModifiedByType": "Application",
          "lastModifiedAt": "2022-08-10T04:02:08.4763429Z"
        },
        "properties": {
          "iotHubs": [
            {
              "resourceId": "/subscriptions/cf65b9a6-fe0f-4011-881c-aba5a5fb8603/resourcegroups/edgarse/providers/Microsoft.Devices/IotHubs/orange-aducpsdktestaccount-iothub"
            }
          ],
          "provisioningState": "Accepted"
        }
      }
    },
    {
      "RequestUri": "https://management.azure.com/providers/Microsoft.DeviceUpdate/locations/WESTUS2/operationStatuses/0f8075c6-50b4-43a2-87da-7b1aa8fa0c7f*BAA7DC44A9DB583CC85B8B9DE22E0078B2BEFE4777B09516E6B3E632FCC72AE9?api-version=2022-10-01",
      "RequestMethod": "GET",
      "RequestHeaders": {
        "Authorization": "Sanitized",
        "traceparent": "00-af638ab82b77a7e3eb821b6679abd369-50112b919705fed0-00",
        "User-Agent": "azsdk-net-ResourceManager/1.2.1 (.NET 6.0.8; Microsoft Windows 10.0.22000)",
        "x-ms-client-request-id": "b1aa266b6a152094396af9fafed7172d",
        "x-ms-return-client-request-id": "true"
      },
      "RequestBody": null,
      "StatusCode": 200,
      "ResponseHeaders": {
        "Cache-Control": "no-cache",
        "Content-Length": "527",
        "Content-Type": "application/json; charset=utf-8",
        "Date": "Wed, 10 Aug 2022 04:02:10 GMT",
        "ETag": "\u0022e7000124-0000-0800-0000-62f32dc20000\u0022",
        "Expires": "-1",
        "Pragma": "no-cache",
        "Strict-Transport-Security": "max-age=31536000; includeSubDomains",
        "X-Content-Type-Options": "nosniff",
        "x-ms-correlation-request-id": "71882a1f-d8d6-489d-b3d2-5416565265e6",
        "x-ms-ratelimit-remaining-tenant-reads": "11879",
        "x-ms-request-id": "9f9e4730-d18c-4126-ba52-9337bf2e0843",
        "x-ms-routing-request-id": "WESTUS:20220810T040210Z:71882a1f-d8d6-489d-b3d2-5416565265e6"
      },
      "ResponseBody": {
        "id": "/providers/Microsoft.DeviceUpdate/locations/WESTUS2/operationStatuses/0f8075c6-50b4-43a2-87da-7b1aa8fa0c7f*BAA7DC44A9DB583CC85B8B9DE22E0078B2BEFE4777B09516E6B3E632FCC72AE9",
        "name": "0f8075c6-50b4-43a2-87da-7b1aa8fa0c7f*BAA7DC44A9DB583CC85B8B9DE22E0078B2BEFE4777B09516E6B3E632FCC72AE9",
        "resourceId": "/subscriptions/a645d3be-5a4a-40ef-82a1-d5f5358a424c/resourceGroups/testRg-7823/providers/Microsoft.DeviceUpdate/accounts/Account-5027/instances/Instance-2523",
        "status": "Accepted",
        "startTime": "2022-08-10T04:02:10.5142034Z"
      }
    },
    {
      "RequestUri": "https://management.azure.com/providers/Microsoft.DeviceUpdate/locations/WESTUS2/operationStatuses/0f8075c6-50b4-43a2-87da-7b1aa8fa0c7f*BAA7DC44A9DB583CC85B8B9DE22E0078B2BEFE4777B09516E6B3E632FCC72AE9?api-version=2022-10-01",
      "RequestMethod": "GET",
      "RequestHeaders": {
        "Authorization": "Sanitized",
        "traceparent": "00-af638ab82b77a7e3eb821b6679abd369-6bbc307c427ea516-00",
        "User-Agent": "azsdk-net-ResourceManager/1.2.1 (.NET 6.0.8; Microsoft Windows 10.0.22000)",
        "x-ms-client-request-id": "13ee0633e71fdceaa513b04b32b7d057",
        "x-ms-return-client-request-id": "true"
      },
      "RequestBody": null,
      "StatusCode": 200,
      "ResponseHeaders": {
        "Cache-Control": "no-cache",
        "Content-Length": "527",
        "Content-Type": "application/json; charset=utf-8",
        "Date": "Wed, 10 Aug 2022 04:02:11 GMT",
        "ETag": "\u0022e7000124-0000-0800-0000-62f32dc20000\u0022",
        "Expires": "-1",
        "Pragma": "no-cache",
        "Strict-Transport-Security": "max-age=31536000; includeSubDomains",
        "X-Content-Type-Options": "nosniff",
        "x-ms-correlation-request-id": "8ff8e4df-ebcd-490a-b56b-39698b3d54d5",
        "x-ms-ratelimit-remaining-tenant-reads": "11878",
        "x-ms-request-id": "a3bcb7ca-476d-44fe-b7c4-db53b58d8266",
        "x-ms-routing-request-id": "WESTUS:20220810T040211Z:8ff8e4df-ebcd-490a-b56b-39698b3d54d5"
      },
      "ResponseBody": {
        "id": "/providers/Microsoft.DeviceUpdate/locations/WESTUS2/operationStatuses/0f8075c6-50b4-43a2-87da-7b1aa8fa0c7f*BAA7DC44A9DB583CC85B8B9DE22E0078B2BEFE4777B09516E6B3E632FCC72AE9",
        "name": "0f8075c6-50b4-43a2-87da-7b1aa8fa0c7f*BAA7DC44A9DB583CC85B8B9DE22E0078B2BEFE4777B09516E6B3E632FCC72AE9",
        "resourceId": "/subscriptions/a645d3be-5a4a-40ef-82a1-d5f5358a424c/resourceGroups/testRg-7823/providers/Microsoft.DeviceUpdate/accounts/Account-5027/instances/Instance-2523",
        "status": "Accepted",
        "startTime": "2022-08-10T04:02:10.5142034Z"
      }
    },
    {
      "RequestUri": "https://management.azure.com/providers/Microsoft.DeviceUpdate/locations/WESTUS2/operationStatuses/0f8075c6-50b4-43a2-87da-7b1aa8fa0c7f*BAA7DC44A9DB583CC85B8B9DE22E0078B2BEFE4777B09516E6B3E632FCC72AE9?api-version=2022-10-01",
      "RequestMethod": "GET",
      "RequestHeaders": {
        "Authorization": "Sanitized",
        "traceparent": "00-af638ab82b77a7e3eb821b6679abd369-b21e17a1ec5eeb87-00",
        "User-Agent": "azsdk-net-ResourceManager/1.2.1 (.NET 6.0.8; Microsoft Windows 10.0.22000)",
        "x-ms-client-request-id": "d382bb4844c160179094426285757e9e",
        "x-ms-return-client-request-id": "true"
      },
      "RequestBody": null,
      "StatusCode": 200,
      "ResponseHeaders": {
        "Cache-Control": "no-cache",
        "Content-Length": "527",
        "Content-Type": "application/json; charset=utf-8",
        "Date": "Wed, 10 Aug 2022 04:02:13 GMT",
        "ETag": "\u0022e7000124-0000-0800-0000-62f32dc20000\u0022",
        "Expires": "-1",
        "Pragma": "no-cache",
        "Strict-Transport-Security": "max-age=31536000; includeSubDomains",
        "X-Content-Type-Options": "nosniff",
        "x-ms-correlation-request-id": "46d6fb8d-dcde-462a-bea6-2f9302939e79",
        "x-ms-ratelimit-remaining-tenant-reads": "11877",
        "x-ms-request-id": "7209eadb-e0c5-4190-bde1-ba9e62acd295",
        "x-ms-routing-request-id": "WESTUS:20220810T040213Z:46d6fb8d-dcde-462a-bea6-2f9302939e79"
      },
      "ResponseBody": {
        "id": "/providers/Microsoft.DeviceUpdate/locations/WESTUS2/operationStatuses/0f8075c6-50b4-43a2-87da-7b1aa8fa0c7f*BAA7DC44A9DB583CC85B8B9DE22E0078B2BEFE4777B09516E6B3E632FCC72AE9",
        "name": "0f8075c6-50b4-43a2-87da-7b1aa8fa0c7f*BAA7DC44A9DB583CC85B8B9DE22E0078B2BEFE4777B09516E6B3E632FCC72AE9",
        "resourceId": "/subscriptions/a645d3be-5a4a-40ef-82a1-d5f5358a424c/resourceGroups/testRg-7823/providers/Microsoft.DeviceUpdate/accounts/Account-5027/instances/Instance-2523",
        "status": "Accepted",
        "startTime": "2022-08-10T04:02:10.5142034Z"
      }
    },
    {
      "RequestUri": "https://management.azure.com/providers/Microsoft.DeviceUpdate/locations/WESTUS2/operationStatuses/0f8075c6-50b4-43a2-87da-7b1aa8fa0c7f*BAA7DC44A9DB583CC85B8B9DE22E0078B2BEFE4777B09516E6B3E632FCC72AE9?api-version=2022-10-01",
      "RequestMethod": "GET",
      "RequestHeaders": {
        "Authorization": "Sanitized",
        "traceparent": "00-af638ab82b77a7e3eb821b6679abd369-7074e4c5a56f829d-00",
        "User-Agent": "azsdk-net-ResourceManager/1.2.1 (.NET 6.0.8; Microsoft Windows 10.0.22000)",
        "x-ms-client-request-id": "d9f5f6e3f22e84053bce0c02ba48ed81",
        "x-ms-return-client-request-id": "true"
      },
      "RequestBody": null,
      "StatusCode": 200,
      "ResponseHeaders": {
        "Cache-Control": "no-cache",
        "Content-Length": "527",
        "Content-Type": "application/json; charset=utf-8",
        "Date": "Wed, 10 Aug 2022 04:02:14 GMT",
        "ETag": "\u0022e7000124-0000-0800-0000-62f32dc20000\u0022",
        "Expires": "-1",
        "Pragma": "no-cache",
        "Strict-Transport-Security": "max-age=31536000; includeSubDomains",
        "X-Content-Type-Options": "nosniff",
        "x-ms-correlation-request-id": "4380b218-8c28-4187-8497-6614ba34ffd3",
        "x-ms-ratelimit-remaining-tenant-reads": "11876",
        "x-ms-request-id": "613c2480-2d95-49f3-b123-83e55095e707",
        "x-ms-routing-request-id": "WESTUS:20220810T040214Z:4380b218-8c28-4187-8497-6614ba34ffd3"
      },
      "ResponseBody": {
        "id": "/providers/Microsoft.DeviceUpdate/locations/WESTUS2/operationStatuses/0f8075c6-50b4-43a2-87da-7b1aa8fa0c7f*BAA7DC44A9DB583CC85B8B9DE22E0078B2BEFE4777B09516E6B3E632FCC72AE9",
        "name": "0f8075c6-50b4-43a2-87da-7b1aa8fa0c7f*BAA7DC44A9DB583CC85B8B9DE22E0078B2BEFE4777B09516E6B3E632FCC72AE9",
        "resourceId": "/subscriptions/a645d3be-5a4a-40ef-82a1-d5f5358a424c/resourceGroups/testRg-7823/providers/Microsoft.DeviceUpdate/accounts/Account-5027/instances/Instance-2523",
        "status": "Accepted",
        "startTime": "2022-08-10T04:02:10.5142034Z"
      }
    },
    {
      "RequestUri": "https://management.azure.com/providers/Microsoft.DeviceUpdate/locations/WESTUS2/operationStatuses/0f8075c6-50b4-43a2-87da-7b1aa8fa0c7f*BAA7DC44A9DB583CC85B8B9DE22E0078B2BEFE4777B09516E6B3E632FCC72AE9?api-version=2022-10-01",
      "RequestMethod": "GET",
      "RequestHeaders": {
        "Authorization": "Sanitized",
        "traceparent": "00-af638ab82b77a7e3eb821b6679abd369-137e24aaabcf9120-00",
        "User-Agent": "azsdk-net-ResourceManager/1.2.1 (.NET 6.0.8; Microsoft Windows 10.0.22000)",
        "x-ms-client-request-id": "43b2a29a4454ee6cef8e838aa4885630",
        "x-ms-return-client-request-id": "true"
      },
      "RequestBody": null,
      "StatusCode": 200,
      "ResponseHeaders": {
        "Cache-Control": "no-cache",
        "Content-Length": "527",
        "Content-Type": "application/json; charset=utf-8",
        "Date": "Wed, 10 Aug 2022 04:02:16 GMT",
        "ETag": "\u0022e7000124-0000-0800-0000-62f32dc20000\u0022",
        "Expires": "-1",
        "Pragma": "no-cache",
        "Strict-Transport-Security": "max-age=31536000; includeSubDomains",
        "X-Content-Type-Options": "nosniff",
        "x-ms-correlation-request-id": "a6e29bf3-78cd-4690-aded-bc464ed00371",
        "x-ms-ratelimit-remaining-tenant-reads": "11875",
        "x-ms-request-id": "b975843c-fea1-4d11-b5a3-806323e52472",
        "x-ms-routing-request-id": "WESTUS:20220810T040216Z:a6e29bf3-78cd-4690-aded-bc464ed00371"
      },
      "ResponseBody": {
        "id": "/providers/Microsoft.DeviceUpdate/locations/WESTUS2/operationStatuses/0f8075c6-50b4-43a2-87da-7b1aa8fa0c7f*BAA7DC44A9DB583CC85B8B9DE22E0078B2BEFE4777B09516E6B3E632FCC72AE9",
        "name": "0f8075c6-50b4-43a2-87da-7b1aa8fa0c7f*BAA7DC44A9DB583CC85B8B9DE22E0078B2BEFE4777B09516E6B3E632FCC72AE9",
        "resourceId": "/subscriptions/a645d3be-5a4a-40ef-82a1-d5f5358a424c/resourceGroups/testRg-7823/providers/Microsoft.DeviceUpdate/accounts/Account-5027/instances/Instance-2523",
        "status": "Accepted",
        "startTime": "2022-08-10T04:02:10.5142034Z"
      }
    },
    {
      "RequestUri": "https://management.azure.com/providers/Microsoft.DeviceUpdate/locations/WESTUS2/operationStatuses/0f8075c6-50b4-43a2-87da-7b1aa8fa0c7f*BAA7DC44A9DB583CC85B8B9DE22E0078B2BEFE4777B09516E6B3E632FCC72AE9?api-version=2022-10-01",
      "RequestMethod": "GET",
      "RequestHeaders": {
        "Authorization": "Sanitized",
        "traceparent": "00-af638ab82b77a7e3eb821b6679abd369-03652af72b779a9f-00",
        "User-Agent": "azsdk-net-ResourceManager/1.2.1 (.NET 6.0.8; Microsoft Windows 10.0.22000)",
        "x-ms-client-request-id": "3c671195f7c25629b5fd97f23815a647",
        "x-ms-return-client-request-id": "true"
      },
      "RequestBody": null,
      "StatusCode": 200,
      "ResponseHeaders": {
        "Cache-Control": "no-cache",
        "Content-Length": "527",
        "Content-Type": "application/json; charset=utf-8",
        "Date": "Wed, 10 Aug 2022 04:02:20 GMT",
        "ETag": "\u0022e7000124-0000-0800-0000-62f32dc20000\u0022",
        "Expires": "-1",
        "Pragma": "no-cache",
        "Strict-Transport-Security": "max-age=31536000; includeSubDomains",
        "X-Content-Type-Options": "nosniff",
        "x-ms-correlation-request-id": "869dd20b-5d18-4064-9eb9-725c57e37610",
        "x-ms-ratelimit-remaining-tenant-reads": "11874",
        "x-ms-request-id": "8400e0a9-d483-4b12-9bdf-4bd76ad51252",
        "x-ms-routing-request-id": "WESTUS:20220810T040220Z:869dd20b-5d18-4064-9eb9-725c57e37610"
      },
      "ResponseBody": {
        "id": "/providers/Microsoft.DeviceUpdate/locations/WESTUS2/operationStatuses/0f8075c6-50b4-43a2-87da-7b1aa8fa0c7f*BAA7DC44A9DB583CC85B8B9DE22E0078B2BEFE4777B09516E6B3E632FCC72AE9",
        "name": "0f8075c6-50b4-43a2-87da-7b1aa8fa0c7f*BAA7DC44A9DB583CC85B8B9DE22E0078B2BEFE4777B09516E6B3E632FCC72AE9",
        "resourceId": "/subscriptions/a645d3be-5a4a-40ef-82a1-d5f5358a424c/resourceGroups/testRg-7823/providers/Microsoft.DeviceUpdate/accounts/Account-5027/instances/Instance-2523",
        "status": "Accepted",
        "startTime": "2022-08-10T04:02:10.5142034Z"
      }
    },
    {
      "RequestUri": "https://management.azure.com/providers/Microsoft.DeviceUpdate/locations/WESTUS2/operationStatuses/0f8075c6-50b4-43a2-87da-7b1aa8fa0c7f*BAA7DC44A9DB583CC85B8B9DE22E0078B2BEFE4777B09516E6B3E632FCC72AE9?api-version=2022-10-01",
      "RequestMethod": "GET",
      "RequestHeaders": {
        "Authorization": "Sanitized",
        "traceparent": "00-af638ab82b77a7e3eb821b6679abd369-20c095964eb345c4-00",
        "User-Agent": "azsdk-net-ResourceManager/1.2.1 (.NET 6.0.8; Microsoft Windows 10.0.22000)",
        "x-ms-client-request-id": "e3c7c0a63bc39f4a8906e9a06f7bdfb3",
        "x-ms-return-client-request-id": "true"
      },
      "RequestBody": null,
      "StatusCode": 200,
      "ResponseHeaders": {
        "Cache-Control": "no-cache",
        "Content-Length": "527",
        "Content-Type": "application/json; charset=utf-8",
        "Date": "Wed, 10 Aug 2022 04:02:28 GMT",
        "ETag": "\u0022e7000124-0000-0800-0000-62f32dc20000\u0022",
        "Expires": "-1",
        "Pragma": "no-cache",
        "Strict-Transport-Security": "max-age=31536000; includeSubDomains",
        "X-Content-Type-Options": "nosniff",
        "x-ms-correlation-request-id": "406b5779-d73d-45d2-b133-f20f86f976cc",
        "x-ms-ratelimit-remaining-tenant-reads": "11873",
        "x-ms-request-id": "b7805df2-759c-42ed-bffd-6118cb2935c8",
        "x-ms-routing-request-id": "WESTUS:20220810T040228Z:406b5779-d73d-45d2-b133-f20f86f976cc"
      },
      "ResponseBody": {
        "id": "/providers/Microsoft.DeviceUpdate/locations/WESTUS2/operationStatuses/0f8075c6-50b4-43a2-87da-7b1aa8fa0c7f*BAA7DC44A9DB583CC85B8B9DE22E0078B2BEFE4777B09516E6B3E632FCC72AE9",
        "name": "0f8075c6-50b4-43a2-87da-7b1aa8fa0c7f*BAA7DC44A9DB583CC85B8B9DE22E0078B2BEFE4777B09516E6B3E632FCC72AE9",
        "resourceId": "/subscriptions/a645d3be-5a4a-40ef-82a1-d5f5358a424c/resourceGroups/testRg-7823/providers/Microsoft.DeviceUpdate/accounts/Account-5027/instances/Instance-2523",
        "status": "Accepted",
        "startTime": "2022-08-10T04:02:10.5142034Z"
      }
    },
    {
      "RequestUri": "https://management.azure.com/providers/Microsoft.DeviceUpdate/locations/WESTUS2/operationStatuses/0f8075c6-50b4-43a2-87da-7b1aa8fa0c7f*BAA7DC44A9DB583CC85B8B9DE22E0078B2BEFE4777B09516E6B3E632FCC72AE9?api-version=2022-10-01",
      "RequestMethod": "GET",
      "RequestHeaders": {
        "Authorization": "Sanitized",
        "traceparent": "00-af638ab82b77a7e3eb821b6679abd369-14c415b8faab6427-00",
        "User-Agent": "azsdk-net-ResourceManager/1.2.1 (.NET 6.0.8; Microsoft Windows 10.0.22000)",
        "x-ms-client-request-id": "a86ddc77b1e0a3bf785c8d56ac79b6d9",
        "x-ms-return-client-request-id": "true"
      },
      "RequestBody": null,
      "StatusCode": 200,
      "ResponseHeaders": {
        "Cache-Control": "no-cache",
        "Content-Length": "527",
        "Content-Type": "application/json; charset=utf-8",
        "Date": "Wed, 10 Aug 2022 04:02:44 GMT",
        "ETag": "\u0022e7000124-0000-0800-0000-62f32dc20000\u0022",
        "Expires": "-1",
        "Pragma": "no-cache",
        "Strict-Transport-Security": "max-age=31536000; includeSubDomains",
        "X-Content-Type-Options": "nosniff",
        "x-ms-correlation-request-id": "f5d3eff5-60fb-4aba-8331-1475390a7a64",
        "x-ms-ratelimit-remaining-tenant-reads": "11872",
        "x-ms-request-id": "f910dd11-3558-48fb-bad4-5829e4d7705d",
        "x-ms-routing-request-id": "WESTUS:20220810T040244Z:f5d3eff5-60fb-4aba-8331-1475390a7a64"
      },
      "ResponseBody": {
        "id": "/providers/Microsoft.DeviceUpdate/locations/WESTUS2/operationStatuses/0f8075c6-50b4-43a2-87da-7b1aa8fa0c7f*BAA7DC44A9DB583CC85B8B9DE22E0078B2BEFE4777B09516E6B3E632FCC72AE9",
        "name": "0f8075c6-50b4-43a2-87da-7b1aa8fa0c7f*BAA7DC44A9DB583CC85B8B9DE22E0078B2BEFE4777B09516E6B3E632FCC72AE9",
        "resourceId": "/subscriptions/a645d3be-5a4a-40ef-82a1-d5f5358a424c/resourceGroups/testRg-7823/providers/Microsoft.DeviceUpdate/accounts/Account-5027/instances/Instance-2523",
        "status": "Accepted",
        "startTime": "2022-08-10T04:02:10.5142034Z"
      }
    },
    {
      "RequestUri": "https://management.azure.com/providers/Microsoft.DeviceUpdate/locations/WESTUS2/operationStatuses/0f8075c6-50b4-43a2-87da-7b1aa8fa0c7f*BAA7DC44A9DB583CC85B8B9DE22E0078B2BEFE4777B09516E6B3E632FCC72AE9?api-version=2022-10-01",
      "RequestMethod": "GET",
      "RequestHeaders": {
        "Authorization": "Sanitized",
        "traceparent": "00-af638ab82b77a7e3eb821b6679abd369-8aa9b1f615f347cc-00",
        "User-Agent": "azsdk-net-ResourceManager/1.2.1 (.NET 6.0.8; Microsoft Windows 10.0.22000)",
        "x-ms-client-request-id": "e4e33be773c0596dc7c8b2bc0d89e73a",
        "x-ms-return-client-request-id": "true"
      },
      "RequestBody": null,
      "StatusCode": 200,
      "ResponseHeaders": {
        "Cache-Control": "no-cache",
        "Content-Length": "527",
        "Content-Type": "application/json; charset=utf-8",
        "Date": "Wed, 10 Aug 2022 04:03:16 GMT",
        "ETag": "\u0022e7000124-0000-0800-0000-62f32dc20000\u0022",
        "Expires": "-1",
        "Pragma": "no-cache",
        "Strict-Transport-Security": "max-age=31536000; includeSubDomains",
        "X-Content-Type-Options": "nosniff",
        "x-ms-correlation-request-id": "0cba2ff2-2752-4b20-9d52-f512796b536f",
        "x-ms-ratelimit-remaining-tenant-reads": "11871",
        "x-ms-request-id": "7c395d4a-9bcd-4cb2-a778-d2bff98d82b6",
        "x-ms-routing-request-id": "WESTUS:20220810T040316Z:0cba2ff2-2752-4b20-9d52-f512796b536f"
      },
      "ResponseBody": {
        "id": "/providers/Microsoft.DeviceUpdate/locations/WESTUS2/operationStatuses/0f8075c6-50b4-43a2-87da-7b1aa8fa0c7f*BAA7DC44A9DB583CC85B8B9DE22E0078B2BEFE4777B09516E6B3E632FCC72AE9",
        "name": "0f8075c6-50b4-43a2-87da-7b1aa8fa0c7f*BAA7DC44A9DB583CC85B8B9DE22E0078B2BEFE4777B09516E6B3E632FCC72AE9",
        "resourceId": "/subscriptions/a645d3be-5a4a-40ef-82a1-d5f5358a424c/resourceGroups/testRg-7823/providers/Microsoft.DeviceUpdate/accounts/Account-5027/instances/Instance-2523",
        "status": "Accepted",
        "startTime": "2022-08-10T04:02:10.5142034Z"
      }
    },
    {
      "RequestUri": "https://management.azure.com/providers/Microsoft.DeviceUpdate/locations/WESTUS2/operationStatuses/0f8075c6-50b4-43a2-87da-7b1aa8fa0c7f*BAA7DC44A9DB583CC85B8B9DE22E0078B2BEFE4777B09516E6B3E632FCC72AE9?api-version=2022-10-01",
      "RequestMethod": "GET",
      "RequestHeaders": {
        "Authorization": "Sanitized",
        "traceparent": "00-af638ab82b77a7e3eb821b6679abd369-0b713453b4ef0650-00",
        "User-Agent": "azsdk-net-ResourceManager/1.2.1 (.NET 6.0.8; Microsoft Windows 10.0.22000)",
        "x-ms-client-request-id": "5c7be41efda8f56601246a66adf3f210",
        "x-ms-return-client-request-id": "true"
      },
      "RequestBody": null,
      "StatusCode": 200,
      "ResponseHeaders": {
        "Cache-Control": "no-cache",
        "Content-Length": "527",
        "Content-Type": "application/json; charset=utf-8",
        "Date": "Wed, 10 Aug 2022 04:03:48 GMT",
        "ETag": "\u0022e7000124-0000-0800-0000-62f32dc20000\u0022",
        "Expires": "-1",
        "Pragma": "no-cache",
        "Strict-Transport-Security": "max-age=31536000; includeSubDomains",
        "X-Content-Type-Options": "nosniff",
        "x-ms-correlation-request-id": "15fc8316-c9cc-458b-b8a4-376dddf65d8f",
        "x-ms-ratelimit-remaining-tenant-reads": "11870",
        "x-ms-request-id": "cd153755-33f6-48d8-9b25-1b8be1a73f76",
        "x-ms-routing-request-id": "WESTUS:20220810T040348Z:15fc8316-c9cc-458b-b8a4-376dddf65d8f"
      },
      "ResponseBody": {
        "id": "/providers/Microsoft.DeviceUpdate/locations/WESTUS2/operationStatuses/0f8075c6-50b4-43a2-87da-7b1aa8fa0c7f*BAA7DC44A9DB583CC85B8B9DE22E0078B2BEFE4777B09516E6B3E632FCC72AE9",
        "name": "0f8075c6-50b4-43a2-87da-7b1aa8fa0c7f*BAA7DC44A9DB583CC85B8B9DE22E0078B2BEFE4777B09516E6B3E632FCC72AE9",
        "resourceId": "/subscriptions/a645d3be-5a4a-40ef-82a1-d5f5358a424c/resourceGroups/testRg-7823/providers/Microsoft.DeviceUpdate/accounts/Account-5027/instances/Instance-2523",
        "status": "Accepted",
        "startTime": "2022-08-10T04:02:10.5142034Z"
      }
    },
    {
      "RequestUri": "https://management.azure.com/providers/Microsoft.DeviceUpdate/locations/WESTUS2/operationStatuses/0f8075c6-50b4-43a2-87da-7b1aa8fa0c7f*BAA7DC44A9DB583CC85B8B9DE22E0078B2BEFE4777B09516E6B3E632FCC72AE9?api-version=2022-10-01",
      "RequestMethod": "GET",
      "RequestHeaders": {
        "Authorization": "Sanitized",
        "traceparent": "00-af638ab82b77a7e3eb821b6679abd369-d4e20e84a2c12fd9-00",
        "User-Agent": "azsdk-net-ResourceManager/1.2.1 (.NET 6.0.8; Microsoft Windows 10.0.22000)",
        "x-ms-client-request-id": "33b80f50fb9704f26f13e118fe0396ef",
        "x-ms-return-client-request-id": "true"
      },
      "RequestBody": null,
      "StatusCode": 200,
      "ResponseHeaders": {
        "Cache-Control": "no-cache",
        "Content-Length": "527",
        "Content-Type": "application/json; charset=utf-8",
        "Date": "Wed, 10 Aug 2022 04:04:19 GMT",
        "ETag": "\u0022e7000124-0000-0800-0000-62f32dc20000\u0022",
        "Expires": "-1",
        "Pragma": "no-cache",
        "Strict-Transport-Security": "max-age=31536000; includeSubDomains",
        "X-Content-Type-Options": "nosniff",
        "x-ms-correlation-request-id": "472db540-2830-438c-a5df-0ac1b070f8f9",
        "x-ms-ratelimit-remaining-tenant-reads": "11869",
        "x-ms-request-id": "2de87781-d6a8-4a31-942e-380f89fe985c",
        "x-ms-routing-request-id": "WESTUS:20220810T040420Z:472db540-2830-438c-a5df-0ac1b070f8f9"
      },
      "ResponseBody": {
        "id": "/providers/Microsoft.DeviceUpdate/locations/WESTUS2/operationStatuses/0f8075c6-50b4-43a2-87da-7b1aa8fa0c7f*BAA7DC44A9DB583CC85B8B9DE22E0078B2BEFE4777B09516E6B3E632FCC72AE9",
        "name": "0f8075c6-50b4-43a2-87da-7b1aa8fa0c7f*BAA7DC44A9DB583CC85B8B9DE22E0078B2BEFE4777B09516E6B3E632FCC72AE9",
        "resourceId": "/subscriptions/a645d3be-5a4a-40ef-82a1-d5f5358a424c/resourceGroups/testRg-7823/providers/Microsoft.DeviceUpdate/accounts/Account-5027/instances/Instance-2523",
        "status": "Accepted",
        "startTime": "2022-08-10T04:02:10.5142034Z"
      }
    },
    {
      "RequestUri": "https://management.azure.com/providers/Microsoft.DeviceUpdate/locations/WESTUS2/operationStatuses/0f8075c6-50b4-43a2-87da-7b1aa8fa0c7f*BAA7DC44A9DB583CC85B8B9DE22E0078B2BEFE4777B09516E6B3E632FCC72AE9?api-version=2022-10-01",
      "RequestMethod": "GET",
      "RequestHeaders": {
        "Authorization": "Sanitized",
        "traceparent": "00-af638ab82b77a7e3eb821b6679abd369-3aa183f6641e240a-00",
        "User-Agent": "azsdk-net-ResourceManager/1.2.1 (.NET 6.0.8; Microsoft Windows 10.0.22000)",
        "x-ms-client-request-id": "c838527559feea31d4eee29c0806abd3",
        "x-ms-return-client-request-id": "true"
      },
      "RequestBody": null,
      "StatusCode": 200,
      "ResponseHeaders": {
        "Cache-Control": "no-cache",
        "Content-Length": "527",
        "Content-Type": "application/json; charset=utf-8",
        "Date": "Wed, 10 Aug 2022 04:04:51 GMT",
        "ETag": "\u0022e7000124-0000-0800-0000-62f32dc20000\u0022",
        "Expires": "-1",
        "Pragma": "no-cache",
        "Strict-Transport-Security": "max-age=31536000; includeSubDomains",
        "X-Content-Type-Options": "nosniff",
        "x-ms-correlation-request-id": "430428f6-306c-4d21-bc56-536cf3b34821",
        "x-ms-ratelimit-remaining-tenant-reads": "11868",
        "x-ms-request-id": "3c77f941-79d1-4de2-b66a-6426106d0c43",
        "x-ms-routing-request-id": "WESTUS:20220810T040452Z:430428f6-306c-4d21-bc56-536cf3b34821"
      },
      "ResponseBody": {
        "id": "/providers/Microsoft.DeviceUpdate/locations/WESTUS2/operationStatuses/0f8075c6-50b4-43a2-87da-7b1aa8fa0c7f*BAA7DC44A9DB583CC85B8B9DE22E0078B2BEFE4777B09516E6B3E632FCC72AE9",
        "name": "0f8075c6-50b4-43a2-87da-7b1aa8fa0c7f*BAA7DC44A9DB583CC85B8B9DE22E0078B2BEFE4777B09516E6B3E632FCC72AE9",
        "resourceId": "/subscriptions/a645d3be-5a4a-40ef-82a1-d5f5358a424c/resourceGroups/testRg-7823/providers/Microsoft.DeviceUpdate/accounts/Account-5027/instances/Instance-2523",
        "status": "Accepted",
        "startTime": "2022-08-10T04:02:10.5142034Z"
      }
    },
    {
      "RequestUri": "https://management.azure.com/providers/Microsoft.DeviceUpdate/locations/WESTUS2/operationStatuses/0f8075c6-50b4-43a2-87da-7b1aa8fa0c7f*BAA7DC44A9DB583CC85B8B9DE22E0078B2BEFE4777B09516E6B3E632FCC72AE9?api-version=2022-10-01",
      "RequestMethod": "GET",
      "RequestHeaders": {
        "Authorization": "Sanitized",
        "traceparent": "00-af638ab82b77a7e3eb821b6679abd369-04981a8f0004f028-00",
        "User-Agent": "azsdk-net-ResourceManager/1.2.1 (.NET 6.0.8; Microsoft Windows 10.0.22000)",
        "x-ms-client-request-id": "fd6ba2d5b3d122a3f276ed941c4ef6fe",
        "x-ms-return-client-request-id": "true"
      },
      "RequestBody": null,
      "StatusCode": 200,
      "ResponseHeaders": {
        "Cache-Control": "no-cache",
        "Content-Length": "527",
        "Content-Type": "application/json; charset=utf-8",
        "Date": "Wed, 10 Aug 2022 04:05:24 GMT",
        "ETag": "\u0022e7000124-0000-0800-0000-62f32dc20000\u0022",
        "Expires": "-1",
        "Pragma": "no-cache",
        "Strict-Transport-Security": "max-age=31536000; includeSubDomains",
        "X-Content-Type-Options": "nosniff",
        "x-ms-correlation-request-id": "bf991003-e8ff-4765-974e-ed6e04af39d4",
        "x-ms-ratelimit-remaining-tenant-reads": "11867",
        "x-ms-request-id": "16140fd3-e4c7-4cf7-9047-e540b56308b9",
        "x-ms-routing-request-id": "WESTUS:20220810T040524Z:bf991003-e8ff-4765-974e-ed6e04af39d4"
      },
      "ResponseBody": {
        "id": "/providers/Microsoft.DeviceUpdate/locations/WESTUS2/operationStatuses/0f8075c6-50b4-43a2-87da-7b1aa8fa0c7f*BAA7DC44A9DB583CC85B8B9DE22E0078B2BEFE4777B09516E6B3E632FCC72AE9",
        "name": "0f8075c6-50b4-43a2-87da-7b1aa8fa0c7f*BAA7DC44A9DB583CC85B8B9DE22E0078B2BEFE4777B09516E6B3E632FCC72AE9",
        "resourceId": "/subscriptions/a645d3be-5a4a-40ef-82a1-d5f5358a424c/resourceGroups/testRg-7823/providers/Microsoft.DeviceUpdate/accounts/Account-5027/instances/Instance-2523",
        "status": "Accepted",
        "startTime": "2022-08-10T04:02:10.5142034Z"
      }
    },
    {
      "RequestUri": "https://management.azure.com/providers/Microsoft.DeviceUpdate/locations/WESTUS2/operationStatuses/0f8075c6-50b4-43a2-87da-7b1aa8fa0c7f*BAA7DC44A9DB583CC85B8B9DE22E0078B2BEFE4777B09516E6B3E632FCC72AE9?api-version=2022-10-01",
      "RequestMethod": "GET",
      "RequestHeaders": {
        "Authorization": "Sanitized",
        "traceparent": "00-af638ab82b77a7e3eb821b6679abd369-06935b4d6db7fb03-00",
        "User-Agent": "azsdk-net-ResourceManager/1.2.1 (.NET 6.0.8; Microsoft Windows 10.0.22000)",
        "x-ms-client-request-id": "5af17b8e2abaf612decd5fa81855fb68",
        "x-ms-return-client-request-id": "true"
      },
      "RequestBody": null,
      "StatusCode": 200,
      "ResponseHeaders": {
        "Cache-Control": "no-cache",
        "Content-Length": "527",
        "Content-Type": "application/json; charset=utf-8",
        "Date": "Wed, 10 Aug 2022 04:05:56 GMT",
        "ETag": "\u0022e7000124-0000-0800-0000-62f32dc20000\u0022",
        "Expires": "-1",
        "Pragma": "no-cache",
        "Strict-Transport-Security": "max-age=31536000; includeSubDomains",
        "X-Content-Type-Options": "nosniff",
        "x-ms-correlation-request-id": "2b8ec266-5592-40f6-87aa-7c6d852bdd7e",
        "x-ms-ratelimit-remaining-tenant-reads": "11866",
        "x-ms-request-id": "bd7cbe9c-1767-4605-af35-c68e4bdbfa17",
        "x-ms-routing-request-id": "WESTUS:20220810T040556Z:2b8ec266-5592-40f6-87aa-7c6d852bdd7e"
      },
      "ResponseBody": {
        "id": "/providers/Microsoft.DeviceUpdate/locations/WESTUS2/operationStatuses/0f8075c6-50b4-43a2-87da-7b1aa8fa0c7f*BAA7DC44A9DB583CC85B8B9DE22E0078B2BEFE4777B09516E6B3E632FCC72AE9",
        "name": "0f8075c6-50b4-43a2-87da-7b1aa8fa0c7f*BAA7DC44A9DB583CC85B8B9DE22E0078B2BEFE4777B09516E6B3E632FCC72AE9",
        "resourceId": "/subscriptions/a645d3be-5a4a-40ef-82a1-d5f5358a424c/resourceGroups/testRg-7823/providers/Microsoft.DeviceUpdate/accounts/Account-5027/instances/Instance-2523",
        "status": "Accepted",
        "startTime": "2022-08-10T04:02:10.5142034Z"
      }
    },
    {
      "RequestUri": "https://management.azure.com/providers/Microsoft.DeviceUpdate/locations/WESTUS2/operationStatuses/0f8075c6-50b4-43a2-87da-7b1aa8fa0c7f*BAA7DC44A9DB583CC85B8B9DE22E0078B2BEFE4777B09516E6B3E632FCC72AE9?api-version=2022-10-01",
      "RequestMethod": "GET",
      "RequestHeaders": {
        "Authorization": "Sanitized",
        "traceparent": "00-af638ab82b77a7e3eb821b6679abd369-bd066ebf7f044064-00",
        "User-Agent": "azsdk-net-ResourceManager/1.2.1 (.NET 6.0.8; Microsoft Windows 10.0.22000)",
        "x-ms-client-request-id": "5c420d679997c21eaf16d5876c9dce85",
        "x-ms-return-client-request-id": "true"
      },
      "RequestBody": null,
      "StatusCode": 200,
      "ResponseHeaders": {
        "Cache-Control": "no-cache",
        "Content-Length": "527",
        "Content-Type": "application/json; charset=utf-8",
        "Date": "Wed, 10 Aug 2022 04:06:28 GMT",
        "ETag": "\u0022e7000124-0000-0800-0000-62f32dc20000\u0022",
        "Expires": "-1",
        "Pragma": "no-cache",
        "Strict-Transport-Security": "max-age=31536000; includeSubDomains",
        "X-Content-Type-Options": "nosniff",
        "x-ms-correlation-request-id": "a5ce2cdc-c9d2-4520-a970-5c9da309fa85",
        "x-ms-ratelimit-remaining-tenant-reads": "11865",
        "x-ms-request-id": "87ea3466-d29e-4343-a33f-c72f5ef7e2a3",
        "x-ms-routing-request-id": "WESTUS:20220810T040629Z:a5ce2cdc-c9d2-4520-a970-5c9da309fa85"
      },
      "ResponseBody": {
        "id": "/providers/Microsoft.DeviceUpdate/locations/WESTUS2/operationStatuses/0f8075c6-50b4-43a2-87da-7b1aa8fa0c7f*BAA7DC44A9DB583CC85B8B9DE22E0078B2BEFE4777B09516E6B3E632FCC72AE9",
        "name": "0f8075c6-50b4-43a2-87da-7b1aa8fa0c7f*BAA7DC44A9DB583CC85B8B9DE22E0078B2BEFE4777B09516E6B3E632FCC72AE9",
        "resourceId": "/subscriptions/a645d3be-5a4a-40ef-82a1-d5f5358a424c/resourceGroups/testRg-7823/providers/Microsoft.DeviceUpdate/accounts/Account-5027/instances/Instance-2523",
        "status": "Accepted",
        "startTime": "2022-08-10T04:02:10.5142034Z"
      }
    },
    {
      "RequestUri": "https://management.azure.com/providers/Microsoft.DeviceUpdate/locations/WESTUS2/operationStatuses/0f8075c6-50b4-43a2-87da-7b1aa8fa0c7f*BAA7DC44A9DB583CC85B8B9DE22E0078B2BEFE4777B09516E6B3E632FCC72AE9?api-version=2022-10-01",
      "RequestMethod": "GET",
      "RequestHeaders": {
        "Authorization": "Sanitized",
        "traceparent": "00-af638ab82b77a7e3eb821b6679abd369-4d116af0b1025604-00",
        "User-Agent": "azsdk-net-ResourceManager/1.2.1 (.NET 6.0.8; Microsoft Windows 10.0.22000)",
        "x-ms-client-request-id": "8d0ee4f75114ab198f751f0353fa099c",
        "x-ms-return-client-request-id": "true"
      },
      "RequestBody": null,
      "StatusCode": 200,
      "ResponseHeaders": {
        "Cache-Control": "no-cache",
        "Content-Length": "527",
        "Content-Type": "application/json; charset=utf-8",
        "Date": "Wed, 10 Aug 2022 04:07:00 GMT",
        "ETag": "\u0022e7000124-0000-0800-0000-62f32dc20000\u0022",
        "Expires": "-1",
        "Pragma": "no-cache",
        "Strict-Transport-Security": "max-age=31536000; includeSubDomains",
        "X-Content-Type-Options": "nosniff",
        "x-ms-correlation-request-id": "628b0244-5a07-43d9-b3bb-d0591d12ccbb",
        "x-ms-ratelimit-remaining-tenant-reads": "11864",
        "x-ms-request-id": "91f6a804-b100-4178-bf05-d9f44fff19df",
        "x-ms-routing-request-id": "WESTUS:20220810T040701Z:628b0244-5a07-43d9-b3bb-d0591d12ccbb"
      },
      "ResponseBody": {
        "id": "/providers/Microsoft.DeviceUpdate/locations/WESTUS2/operationStatuses/0f8075c6-50b4-43a2-87da-7b1aa8fa0c7f*BAA7DC44A9DB583CC85B8B9DE22E0078B2BEFE4777B09516E6B3E632FCC72AE9",
        "name": "0f8075c6-50b4-43a2-87da-7b1aa8fa0c7f*BAA7DC44A9DB583CC85B8B9DE22E0078B2BEFE4777B09516E6B3E632FCC72AE9",
        "resourceId": "/subscriptions/a645d3be-5a4a-40ef-82a1-d5f5358a424c/resourceGroups/testRg-7823/providers/Microsoft.DeviceUpdate/accounts/Account-5027/instances/Instance-2523",
        "status": "Accepted",
        "startTime": "2022-08-10T04:02:10.5142034Z"
      }
    },
    {
      "RequestUri": "https://management.azure.com/providers/Microsoft.DeviceUpdate/locations/WESTUS2/operationStatuses/0f8075c6-50b4-43a2-87da-7b1aa8fa0c7f*BAA7DC44A9DB583CC85B8B9DE22E0078B2BEFE4777B09516E6B3E632FCC72AE9?api-version=2022-10-01",
      "RequestMethod": "GET",
      "RequestHeaders": {
        "Authorization": "Sanitized",
        "traceparent": "00-af638ab82b77a7e3eb821b6679abd369-47c1eb1fc6e03173-00",
        "User-Agent": "azsdk-net-ResourceManager/1.2.1 (.NET 6.0.8; Microsoft Windows 10.0.22000)",
        "x-ms-client-request-id": "0e2d847b9a0cf5665d2faba4548b8a40",
        "x-ms-return-client-request-id": "true"
      },
      "RequestBody": null,
      "StatusCode": 200,
      "ResponseHeaders": {
        "Cache-Control": "no-cache",
        "Content-Length": "527",
        "Content-Type": "application/json; charset=utf-8",
        "Date": "Wed, 10 Aug 2022 04:07:32 GMT",
        "ETag": "\u0022e7000124-0000-0800-0000-62f32dc20000\u0022",
        "Expires": "-1",
        "Pragma": "no-cache",
        "Strict-Transport-Security": "max-age=31536000; includeSubDomains",
        "X-Content-Type-Options": "nosniff",
        "x-ms-correlation-request-id": "a5dc86ac-1768-48be-a269-db87745d9e1d",
        "x-ms-ratelimit-remaining-tenant-reads": "11863",
        "x-ms-request-id": "68538086-7f55-41e9-833c-73294252190a",
        "x-ms-routing-request-id": "WESTUS:20220810T040733Z:a5dc86ac-1768-48be-a269-db87745d9e1d"
      },
      "ResponseBody": {
        "id": "/providers/Microsoft.DeviceUpdate/locations/WESTUS2/operationStatuses/0f8075c6-50b4-43a2-87da-7b1aa8fa0c7f*BAA7DC44A9DB583CC85B8B9DE22E0078B2BEFE4777B09516E6B3E632FCC72AE9",
        "name": "0f8075c6-50b4-43a2-87da-7b1aa8fa0c7f*BAA7DC44A9DB583CC85B8B9DE22E0078B2BEFE4777B09516E6B3E632FCC72AE9",
        "resourceId": "/subscriptions/a645d3be-5a4a-40ef-82a1-d5f5358a424c/resourceGroups/testRg-7823/providers/Microsoft.DeviceUpdate/accounts/Account-5027/instances/Instance-2523",
        "status": "Accepted",
        "startTime": "2022-08-10T04:02:10.5142034Z"
      }
    },
    {
      "RequestUri": "https://management.azure.com/providers/Microsoft.DeviceUpdate/locations/WESTUS2/operationStatuses/0f8075c6-50b4-43a2-87da-7b1aa8fa0c7f*BAA7DC44A9DB583CC85B8B9DE22E0078B2BEFE4777B09516E6B3E632FCC72AE9?api-version=2022-10-01",
      "RequestMethod": "GET",
      "RequestHeaders": {
        "Authorization": "Sanitized",
        "traceparent": "00-af638ab82b77a7e3eb821b6679abd369-f31cdc319f269654-00",
        "User-Agent": "azsdk-net-ResourceManager/1.2.1 (.NET 6.0.8; Microsoft Windows 10.0.22000)",
        "x-ms-client-request-id": "34b1daff6d471654f497cc22791a6fb5",
        "x-ms-return-client-request-id": "true"
      },
      "RequestBody": null,
      "StatusCode": 200,
      "ResponseHeaders": {
        "Cache-Control": "no-cache",
        "Content-Length": "527",
        "Content-Type": "application/json; charset=utf-8",
        "Date": "Wed, 10 Aug 2022 04:08:04 GMT",
        "ETag": "\u0022e7000124-0000-0800-0000-62f32dc20000\u0022",
        "Expires": "-1",
        "Pragma": "no-cache",
        "Strict-Transport-Security": "max-age=31536000; includeSubDomains",
        "X-Content-Type-Options": "nosniff",
        "x-ms-correlation-request-id": "dd075e55-011e-4b0e-af3b-03db0d8a3cd1",
        "x-ms-ratelimit-remaining-tenant-reads": "11862",
        "x-ms-request-id": "d5b35e79-9608-49b8-8095-aa18996f40ad",
        "x-ms-routing-request-id": "WESTUS:20220810T040805Z:dd075e55-011e-4b0e-af3b-03db0d8a3cd1"
      },
      "ResponseBody": {
        "id": "/providers/Microsoft.DeviceUpdate/locations/WESTUS2/operationStatuses/0f8075c6-50b4-43a2-87da-7b1aa8fa0c7f*BAA7DC44A9DB583CC85B8B9DE22E0078B2BEFE4777B09516E6B3E632FCC72AE9",
        "name": "0f8075c6-50b4-43a2-87da-7b1aa8fa0c7f*BAA7DC44A9DB583CC85B8B9DE22E0078B2BEFE4777B09516E6B3E632FCC72AE9",
        "resourceId": "/subscriptions/a645d3be-5a4a-40ef-82a1-d5f5358a424c/resourceGroups/testRg-7823/providers/Microsoft.DeviceUpdate/accounts/Account-5027/instances/Instance-2523",
        "status": "Accepted",
        "startTime": "2022-08-10T04:02:10.5142034Z"
      }
    },
    {
      "RequestUri": "https://management.azure.com/providers/Microsoft.DeviceUpdate/locations/WESTUS2/operationStatuses/0f8075c6-50b4-43a2-87da-7b1aa8fa0c7f*BAA7DC44A9DB583CC85B8B9DE22E0078B2BEFE4777B09516E6B3E632FCC72AE9?api-version=2022-10-01",
      "RequestMethod": "GET",
      "RequestHeaders": {
        "Authorization": "Sanitized",
        "traceparent": "00-af638ab82b77a7e3eb821b6679abd369-c0524d81ed1e95f3-00",
        "User-Agent": "azsdk-net-ResourceManager/1.2.1 (.NET 6.0.8; Microsoft Windows 10.0.22000)",
        "x-ms-client-request-id": "e70b380cbf6f5c797d1930e5a5745604",
        "x-ms-return-client-request-id": "true"
      },
      "RequestBody": null,
      "StatusCode": 200,
      "ResponseHeaders": {
        "Cache-Control": "no-cache",
        "Content-Length": "546",
        "Content-Type": "application/json; charset=utf-8",
        "Date": "Wed, 10 Aug 2022 04:08:37 GMT",
        "ETag": "\u0022e700aa3f-0000-0800-0000-62f32f320000\u0022",
        "Expires": "-1",
        "Pragma": "no-cache",
        "Strict-Transport-Security": "max-age=31536000; includeSubDomains",
        "X-Content-Type-Options": "nosniff",
        "x-ms-correlation-request-id": "90a2e293-e23d-4e05-a115-58ead409ad49",
        "x-ms-ratelimit-remaining-tenant-reads": "11861",
        "x-ms-request-id": "23bf422c-f8ff-4d24-8641-4e8c12b3da2a",
        "x-ms-routing-request-id": "WESTUS:20220810T040837Z:90a2e293-e23d-4e05-a115-58ead409ad49"
      },
      "ResponseBody": {
        "id": "/providers/Microsoft.DeviceUpdate/locations/WESTUS2/operationStatuses/0f8075c6-50b4-43a2-87da-7b1aa8fa0c7f*BAA7DC44A9DB583CC85B8B9DE22E0078B2BEFE4777B09516E6B3E632FCC72AE9",
        "name": "0f8075c6-50b4-43a2-87da-7b1aa8fa0c7f*BAA7DC44A9DB583CC85B8B9DE22E0078B2BEFE4777B09516E6B3E632FCC72AE9",
        "resourceId": "/subscriptions/a645d3be-5a4a-40ef-82a1-d5f5358a424c/resourceGroups/testRg-7823/providers/Microsoft.DeviceUpdate/accounts/Account-5027/instances/Instance-2523",
        "status": "Succeeded",
        "startTime": "2022-08-10T04:02:10.5142034Z",
        "properties": null
      }
    },
    {
      "RequestUri": "https://management.azure.com/subscriptions/a645d3be-5a4a-40ef-82a1-d5f5358a424c/resourceGroups/testRg-7823/providers/Microsoft.DeviceUpdate/accounts/Account-5027/instances/Instance-2523?api-version=2022-10-01",
      "RequestMethod": "GET",
      "RequestHeaders": {
        "Authorization": "Sanitized",
        "traceparent": "00-af638ab82b77a7e3eb821b6679abd369-c66b812547b53581-00",
        "User-Agent": "azsdk-net-ResourceManager/1.2.1 (.NET 6.0.8; Microsoft Windows 10.0.22000)",
        "x-ms-client-request-id": "7803deead5480e5530161a74ce447b42",
        "x-ms-return-client-request-id": "true"
      },
      "RequestBody": null,
      "StatusCode": 200,
      "ResponseHeaders": {
        "Cache-Control": "no-cache",
        "Content-Length": "799",
        "Content-Type": "application/json; charset=utf-8",
        "Date": "Wed, 10 Aug 2022 04:08:37 GMT",
        "ETag": "\u00220800f835-0000-0800-0000-62f32f0e0000\u0022",
        "Expires": "-1",
        "Pragma": "no-cache",
        "Strict-Transport-Security": "max-age=31536000; includeSubDomains",
        "X-Content-Type-Options": "nosniff",
        "x-ms-correlation-request-id": "3b473936-ea18-49a3-bf3a-66b8282205c4",
        "x-ms-providerhub-traffic": "True",
        "x-ms-ratelimit-remaining-subscription-reads": "11970",
        "x-ms-request-id": "bf8239be-f6b6-47bf-be00-b11bfbb2a065",
        "x-ms-routing-request-id": "WESTUS:20220810T040837Z:3b473936-ea18-49a3-bf3a-66b8282205c4"
      },
      "ResponseBody": {
        "id": "/subscriptions/a645d3be-5a4a-40ef-82a1-d5f5358a424c/resourceGroups/testRg-7823/providers/Microsoft.DeviceUpdate/accounts/Account-5027/instances/Instance-2523",
        "name": "Instance-2523",
        "type": "microsoft.deviceupdate/accounts/instances",
        "location": "westus2",
        "tags": {},
        "systemData": {
          "createdBy": "1e5942b3-36f1-43eb-88d9-98c12d95000b",
          "createdByType": "Application",
          "createdAt": "2022-08-10T04:02:08.4763429Z",
          "lastModifiedBy": "1e5942b3-36f1-43eb-88d9-98c12d95000b",
          "lastModifiedByType": "Application",
          "lastModifiedAt": "2022-08-10T04:02:08.4763429Z"
        },
        "properties": {
          "provisioningState": "Succeeded",
          "accountName": "Account-5027",
          "iotHubs": [
            {
              "resourceId": "/subscriptions/cf65b9a6-fe0f-4011-881c-aba5a5fb8603/resourcegroups/edgarse/providers/Microsoft.Devices/IotHubs/orange-aducpsdktestaccount-iothub"
            }
          ]
        }
      }
    }
  ],
  "Variables": {
    "AZURE_AUTHORITY_HOST": "https://login.microsoftonline.com",
    "RandomSeed": "341821236",
    "RESOURCE_MANAGER_URL": null,
    "SUBSCRIPTION_ID": "a645d3be-5a4a-40ef-82a1-d5f5358a424c"
  }
}
