{
  "Entries": [
    {
      "RequestUri": "https://e2e-lianweiwebpubsub.webpubsub.azure.com/api/hubs/ServiceClientCanBroadcastMessages/:send?api-version=2021-10-01",
      "RequestMethod": "POST",
      "RequestHeaders": {
        "Accept": "application/json",
        "Authorization": "Sanitized",
        "Connection": "keep-alive",
        "Content-Length": "5",
        "Content-Type": "text/plain",
        "User-Agent": "azsdk-net-Messaging.WebPubSub/1.1.0-alpha.20220117.1 (.NET Framework 4.8.4420.0; Microsoft Windows 10.0.19044 )",
        "x-ms-client-request-id": "8929c44f96eac03182563a8d29d2ae5f",
        "x-ms-return-client-request-id": "true"
      },
      "RequestBody": "Hello",
      "StatusCode": 202,
      "ResponseHeaders": {
        "api-supported-versions": "2021-10-01",
        "Connection": "keep-alive",
        "Content-Length": "0",
        "Date": "Tue, 18 Jan 2022 06:38:27 GMT",
        "Strict-Transport-Security": "max-age=15724800; includeSubDomains"
      },
      "ResponseBody": null
    },
    {
      "RequestUri": "https://e2e-lianweiwebpubsub.webpubsub.azure.com/api/hubs/ServiceClientCanBroadcastMessages/:send?api-version=2021-10-01",
      "RequestMethod": "POST",
      "RequestHeaders": {
        "Accept": "application/json",
        "Authorization": "Sanitized",
        "Content-Length": "17",
        "Content-Type": "application/json",
        "User-Agent": "azsdk-net-Messaging.WebPubSub/1.1.0-alpha.20220117.1 (.NET Framework 4.8.4420.0; Microsoft Windows 10.0.19044 )",
        "x-ms-client-request-id": "8195283736eec90c324f78b3177adc73",
        "x-ms-return-client-request-id": "true"
      },
      "RequestBody": {
        "hello": "world"
      },
      "StatusCode": 202,
      "ResponseHeaders": {
        "api-supported-versions": "2021-10-01",
        "Connection": "keep-alive",
        "Content-Length": "0",
        "Date": "Tue, 18 Jan 2022 06:38:27 GMT",
        "Strict-Transport-Security": "max-age=15724800; includeSubDomains"
      },
      "ResponseBody": null
    },
    {
      "RequestUri": "https://e2e-lianweiwebpubsub.webpubsub.azure.com/api/hubs/ServiceClientCanBroadcastMessages/:send?api-version=2021-10-01",
      "RequestMethod": "POST",
      "RequestHeaders": {
        "Accept": "application/json",
        "Authorization": "Sanitized",
        "Content-Length": "5",
        "Content-Type": "application/octet-stream",
        "User-Agent": "azsdk-net-Messaging.WebPubSub/1.1.0-alpha.20220117.1 (.NET Framework 4.8.4420.0; Microsoft Windows 10.0.19044 )",
        "x-ms-client-request-id": "f0f0780f477155834ab25fcd2b665641",
        "x-ms-return-client-request-id": "true"
      },
      "RequestBody": "SGVsbG8=",
      "StatusCode": 202,
      "ResponseHeaders": {
        "api-supported-versions": "2021-10-01",
        "Connection": "keep-alive",
        "Content-Length": "0",
        "Date": "Tue, 18 Jan 2022 06:38:28 GMT",
        "Strict-Transport-Security": "max-age=15724800; includeSubDomains"
      },
      "ResponseBody": null
    }
  ],
  "Variables": {
    "RandomSeed": "1977063222",
    "WEBPUBSUB_CONNECTIONSTRING": "Endpoint=https://e2e-lianweiwebpubsub.webpubsub.azure.com;AccessKey=2FeZuCdLgVvw1iymgiCriF\u002BxDym3eoxC69JdtNuj/y8=;Version=1.0"
  }
}
