{
  "Entries": [
    {
      "RequestUri": "https://management.azure.com/subscriptions/b6a8bef9-9220-454a-a229-f360b6e9f0f6?api-version=2021-01-01",
      "RequestMethod": "GET",
      "RequestHeaders": {
        "Accept": "application/json",
        "Authorization": "Sanitized",
        "traceparent": "00-1497802235facebf5eeb8f4d07fbec48-73308685b135aa8d-00",
        "User-Agent": "azsdk-net-ResourceManager/1.6.0 (.NET 7.0.7; Microsoft Windows 10.0.22621)",
        "x-ms-client-request-id": "0a71ef13752cd97d0d675df1d9aba44f",
        "x-ms-return-client-request-id": "true"
      },
      "RequestBody": null,
      "StatusCode": 200,
      "ResponseHeaders": {
        "Cache-Control": "no-cache",
        "Content-Length": "409",
        "Content-Type": "application/json; charset=utf-8",
        "Date": "Thu, 22 Jun 2023 07:00:19 GMT",
        "Expires": "-1",
        "Pragma": "no-cache",
        "Strict-Transport-Security": "max-age=31536000; includeSubDomains",
        "X-Content-Type-Options": "nosniff",
        "x-ms-correlation-request-id": "0c7be580-49e3-4cc3-9b1f-9737d9a2751d",
        "x-ms-ratelimit-remaining-subscription-reads": "11249",
        "x-ms-request-id": "0c7be580-49e3-4cc3-9b1f-9737d9a2751d",
        "x-ms-routing-request-id": "WESTUS2:20230622T070020Z:0c7be580-49e3-4cc3-9b1f-9737d9a2751d"
      },
      "ResponseBody": {
        "id": "/subscriptions/b6a8bef9-9220-454a-a229-f360b6e9f0f6",
        "authorizationSource": "RoleBased",
        "managedByTenants": [],
        "subscriptionId": "b6a8bef9-9220-454a-a229-f360b6e9f0f6",
        "tenantId": "72f988bf-86f1-41af-91ab-2d7cd011db47",
        "displayName": "Azure Event Grid - DevPool 10",
        "state": "Enabled",
        "subscriptionPolicies": {
          "locationPlacementId": "Internal_2014-09-01",
          "quotaId": "Internal_2014-09-01",
          "spendingLimit": "Off"
        }
      }
    },
    {
      "RequestUri": "https://management.azure.com/subscriptions/b6a8bef9-9220-454a-a229-f360b6e9f0f6/resourcegroups/EventGridRG9475?api-version=**",
      "RequestMethod": "PUT",
      "RequestHeaders": {
        "Accept": "application/json",
        "Authorization": "Sanitized",
        "Content-Length": "79",
        "Content-Type": "application/json",
        "traceparent": "00-7858a6a2aaea63b4359ad1f5af317014-68055f3ffc2d823e-00",
        "User-Agent": "azsdk-net-ResourceManager/1.6.0 (.NET 7.0.7; Microsoft Windows 10.0.22621)",
        "x-ms-client-request-id": "ad510d244c5c5a305ff89b21f9fc9835",
        "x-ms-return-client-request-id": "true"
      },
      "RequestBody": {
        "location": "eastus2euap",
        "tags": {
          "DeleteAfter": "2023-06-22T15:00:20.7453956"
        }
      },
      "StatusCode": 201,
      "ResponseHeaders": {
        "Cache-Control": "no-cache",
        "Content-Length": "285",
        "Content-Type": "application/json; charset=utf-8",
        "Date": "Thu, 22 Jun 2023 07:00:21 GMT",
        "Expires": "-1",
        "Pragma": "no-cache",
        "Strict-Transport-Security": "max-age=31536000; includeSubDomains",
        "X-Content-Type-Options": "nosniff",
        "x-ms-correlation-request-id": "e504e9ef-c184-42bb-bfb9-623085e126f3",
        "x-ms-ratelimit-remaining-subscription-writes": "1063",
        "x-ms-request-id": "e504e9ef-c184-42bb-bfb9-623085e126f3",
        "x-ms-routing-request-id": "WESTUS2:20230622T070021Z:e504e9ef-c184-42bb-bfb9-623085e126f3"
      },
      "ResponseBody": {
        "id": "/subscriptions/b6a8bef9-9220-454a-a229-f360b6e9f0f6/resourceGroups/EventGridRG9475",
        "name": "EventGridRG9475",
        "type": "Microsoft.Resources/resourceGroups",
        "location": "eastus2euap",
        "tags": {
          "DeleteAfter": "2023-06-22T15:00:20.7453956"
        },
        "properties": {
          "provisioningState": "Succeeded"
        }
      }
    },
    {
      "RequestUri": "https://management.azure.com/subscriptions/b6a8bef9-9220-454a-a229-f360b6e9f0f6/resourceGroups/EventGridRG9475/providers/Microsoft.EventGrid/topics/EventGridTopic3215?api-version=2023-06-01-preview",
      "RequestMethod": "PUT",
      "RequestHeaders": {
        "Accept": "application/json",
        "Authorization": "Sanitized",
        "Content-Length": "52",
        "Content-Type": "application/json",
        "traceparent": "00-96150a39a85dc8dd5223337613ff10b4-26867f187a812285-00",
        "User-Agent": "azsdk-net-ResourceManager.EventGrid/1.1.0-alpha.20230621.1 (.NET 7.0.7; Microsoft Windows 10.0.22621)",
        "x-ms-client-request-id": "a16290946a3e4cb178183fdc67a0f8b7",
        "x-ms-return-client-request-id": "true"
      },
      "RequestBody": {
        "tags": {},
        "location": "eastus2euap",
        "properties": {}
      },
      "StatusCode": 201,
      "ResponseHeaders": {
        "Azure-AsyncOperation": "https://management.azure.com:443/subscriptions/b6a8bef9-9220-454a-a229-f360b6e9f0f6/providers/Microsoft.EventGrid/locations/eastus2euap/operationsStatus/3FC2A578-1720-4D68-944D-5797DEC0FBC5?api-version=2021-10-15-preview",
        "Cache-Control": "no-cache",
        "Content-Length": "359",
        "Content-Type": "application/json; charset=utf-8",
        "Date": "Thu, 22 Jun 2023 07:00:23 GMT",
        "Expires": "-1",
        "Pragma": "no-cache",
        "Retry-After": "10",
        "Server": "Microsoft-HTTPAPI/2.0",
        "Strict-Transport-Security": "max-age=31536000; includeSubDomains",
        "X-Content-Type-Options": "nosniff",
        "x-ms-correlation-request-id": "e8a175bd-e86f-4506-88a3-07effec63e38",
        "x-ms-ratelimit-remaining-subscription-writes": "1062",
        "x-ms-request-id": "ca40303d-c115-47cc-be84-85b3de70e09e",
        "x-ms-routing-request-id": "WESTUS2:20230622T070023Z:e8a175bd-e86f-4506-88a3-07effec63e38"
      },
      "ResponseBody": {
        "properties": {
          "provisioningState": "Creating",
          "endpoint": null,
          "minimumTlsVersionAllowed": "1.0"
        },
        "systemData": null,
        "location": "eastus2euap",
        "tags": {},
        "id": "/subscriptions/b6a8bef9-9220-454a-a229-f360b6e9f0f6/resourceGroups/EventGridRG9475/providers/Microsoft.EventGrid/topics/EventGridTopic3215",
        "name": "EventGridTopic3215",
        "type": "Microsoft.EventGrid/topics"
      }
    },
    {
      "RequestUri": "https://management.azure.com/subscriptions/b6a8bef9-9220-454a-a229-f360b6e9f0f6/providers/Microsoft.EventGrid/locations/eastus2euap/operationsStatus/3FC2A578-1720-4D68-944D-5797DEC0FBC5?api-version=2023-06-01-preview",
      "RequestMethod": "GET",
      "RequestHeaders": {
        "Authorization": "Sanitized",
        "traceparent": "00-96150a39a85dc8dd5223337613ff10b4-2ef1843a5c0945fc-00",
        "User-Agent": "azsdk-net-ResourceManager/1.6.0 (.NET 7.0.7; Microsoft Windows 10.0.22621)",
        "x-ms-client-request-id": "1417f8bc0ceca2e5a061e434f17df757",
        "x-ms-return-client-request-id": "true"
      },
      "RequestBody": null,
      "StatusCode": 200,
      "ResponseHeaders": {
        "Cache-Control": "no-cache",
        "Content-Length": "293",
        "Content-Type": "application/json; charset=utf-8",
        "Date": "Thu, 22 Jun 2023 07:00:23 GMT",
        "Expires": "-1",
        "Pragma": "no-cache",
        "Server": "Microsoft-HTTPAPI/2.0",
        "Strict-Transport-Security": "max-age=31536000; includeSubDomains",
        "X-Content-Type-Options": "nosniff",
        "x-ms-correlation-request-id": "ace21b33-29dc-44df-8626-b036b59dc2f3",
        "x-ms-ratelimit-remaining-subscription-reads": "11248",
        "x-ms-request-id": "9c715da4-2f64-4a31-96af-03cd96e753b3",
        "x-ms-routing-request-id": "WESTUS2:20230622T070023Z:ace21b33-29dc-44df-8626-b036b59dc2f3"
      },
      "ResponseBody": {
        "id": "https://management.azure.com/subscriptions/b6a8bef9-9220-454a-a229-f360b6e9f0f6/providers/Microsoft.EventGrid/locations/eastus2euap/operationsStatus/3FC2A578-1720-4D68-944D-5797DEC0FBC5?api-version=2023-06-01-preview",
        "name": "3fc2a578-1720-4d68-944d-5797dec0fbc5",
        "status": "InProgress"
      }
    },
    {
      "RequestUri": "https://management.azure.com/subscriptions/b6a8bef9-9220-454a-a229-f360b6e9f0f6/providers/Microsoft.EventGrid/locations/eastus2euap/operationsStatus/3FC2A578-1720-4D68-944D-5797DEC0FBC5?api-version=2023-06-01-preview",
      "RequestMethod": "GET",
      "RequestHeaders": {
        "Authorization": "Sanitized",
        "traceparent": "00-96150a39a85dc8dd5223337613ff10b4-0b09a94d20d0e106-00",
        "User-Agent": "azsdk-net-ResourceManager/1.6.0 (.NET 7.0.7; Microsoft Windows 10.0.22621)",
        "x-ms-client-request-id": "b2fa6aa37890dd1eec21f072edcf9464",
        "x-ms-return-client-request-id": "true"
      },
      "RequestBody": null,
      "StatusCode": 200,
      "ResponseHeaders": {
        "Cache-Control": "no-cache",
        "Content-Length": "293",
        "Content-Type": "application/json; charset=utf-8",
        "Date": "Thu, 22 Jun 2023 07:00:24 GMT",
        "Expires": "-1",
        "Pragma": "no-cache",
        "Server": "Microsoft-HTTPAPI/2.0",
        "Strict-Transport-Security": "max-age=31536000; includeSubDomains",
        "X-Content-Type-Options": "nosniff",
        "x-ms-correlation-request-id": "8e262599-376c-4b49-aa3c-38bc073360a6",
        "x-ms-ratelimit-remaining-subscription-reads": "11247",
        "x-ms-request-id": "2567a318-ecdd-4d42-aa32-a7fc5606cab0",
        "x-ms-routing-request-id": "WESTUS2:20230622T070024Z:8e262599-376c-4b49-aa3c-38bc073360a6"
      },
      "ResponseBody": {
        "id": "https://management.azure.com/subscriptions/b6a8bef9-9220-454a-a229-f360b6e9f0f6/providers/Microsoft.EventGrid/locations/eastus2euap/operationsStatus/3FC2A578-1720-4D68-944D-5797DEC0FBC5?api-version=2023-06-01-preview",
        "name": "3fc2a578-1720-4d68-944d-5797dec0fbc5",
        "status": "InProgress"
      }
    },
    {
      "RequestUri": "https://management.azure.com/subscriptions/b6a8bef9-9220-454a-a229-f360b6e9f0f6/providers/Microsoft.EventGrid/locations/eastus2euap/operationsStatus/3FC2A578-1720-4D68-944D-5797DEC0FBC5?api-version=2023-06-01-preview",
      "RequestMethod": "GET",
      "RequestHeaders": {
        "Authorization": "Sanitized",
        "traceparent": "00-96150a39a85dc8dd5223337613ff10b4-f2fd16a362f97222-00",
        "User-Agent": "azsdk-net-ResourceManager/1.6.0 (.NET 7.0.7; Microsoft Windows 10.0.22621)",
        "x-ms-client-request-id": "6e207aade489f2ca64641d60d26f4f33",
        "x-ms-return-client-request-id": "true"
      },
      "RequestBody": null,
      "StatusCode": 200,
      "ResponseHeaders": {
        "Cache-Control": "no-cache",
        "Content-Length": "292",
        "Content-Type": "application/json; charset=utf-8",
        "Date": "Thu, 22 Jun 2023 07:00:25 GMT",
        "Expires": "-1",
        "Pragma": "no-cache",
        "Server": "Microsoft-HTTPAPI/2.0",
        "Strict-Transport-Security": "max-age=31536000; includeSubDomains",
        "X-Content-Type-Options": "nosniff",
        "x-ms-correlation-request-id": "f5d0e7dc-56aa-442e-bf59-2863a06526aa",
        "x-ms-ratelimit-remaining-subscription-reads": "11246",
        "x-ms-request-id": "4413f9f2-8613-4177-9c03-f207542d2d41",
        "x-ms-routing-request-id": "WESTUS2:20230622T070025Z:f5d0e7dc-56aa-442e-bf59-2863a06526aa"
      },
      "ResponseBody": {
        "id": "https://management.azure.com/subscriptions/b6a8bef9-9220-454a-a229-f360b6e9f0f6/providers/Microsoft.EventGrid/locations/eastus2euap/operationsStatus/3FC2A578-1720-4D68-944D-5797DEC0FBC5?api-version=2023-06-01-preview",
        "name": "3fc2a578-1720-4d68-944d-5797dec0fbc5",
        "status": "Succeeded"
      }
    },
    {
      "RequestUri": "https://management.azure.com/subscriptions/b6a8bef9-9220-454a-a229-f360b6e9f0f6/resourceGroups/EventGridRG9475/providers/Microsoft.EventGrid/topics/EventGridTopic3215?api-version=2023-06-01-preview",
      "RequestMethod": "GET",
      "RequestHeaders": {
        "Authorization": "Sanitized",
        "traceparent": "00-96150a39a85dc8dd5223337613ff10b4-2cf46fb2868bb8a3-00",
        "User-Agent": "azsdk-net-ResourceManager/1.6.0 (.NET 7.0.7; Microsoft Windows 10.0.22621)",
        "x-ms-client-request-id": "4d3e25d4b7194434da3927cb1c73b5d0",
        "x-ms-return-client-request-id": "true"
      },
      "RequestBody": null,
      "StatusCode": 200,
      "ResponseHeaders": {
        "Cache-Control": "no-cache",
        "Content-Length": "629",
        "Content-Type": "application/json; charset=utf-8",
        "Date": "Thu, 22 Jun 2023 07:00:26 GMT",
        "Expires": "-1",
        "Pragma": "no-cache",
        "Server": "Microsoft-HTTPAPI/2.0",
        "Strict-Transport-Security": "max-age=31536000; includeSubDomains",
        "X-Content-Type-Options": "nosniff",
        "x-ms-correlation-request-id": "39b84529-d060-49c6-a440-87fc2563e42d",
        "x-ms-ratelimit-remaining-subscription-reads": "11245",
        "x-ms-request-id": "2b2e964c-7266-4cd6-b1c3-6b9ddc8473ce",
        "x-ms-routing-request-id": "WESTUS2:20230622T070026Z:39b84529-d060-49c6-a440-87fc2563e42d"
      },
      "ResponseBody": {
        "properties": {
          "provisioningState": "Succeeded",
          "endpoint": "https://eventgridtopic3215.eastus2euap-1.eventgrid.azure.net/api/events",
          "minimumTlsVersionAllowed": "1.0",
          "inputSchema": "EventGridSchema",
          "metricResourceId": "66a26002-3256-43c2-9479-5f29661c643c",
          "publicNetworkAccess": "Enabled",
          "dataResidencyBoundary": "WithinGeopair"
        },
        "sku": {
          "name": "Basic"
        },
        "kind": "Azure",
        "systemData": null,
        "location": "eastus2euap",
        "tags": {},
        "id": "/subscriptions/b6a8bef9-9220-454a-a229-f360b6e9f0f6/resourceGroups/EventGridRG9475/providers/Microsoft.EventGrid/topics/EventGridTopic3215",
        "name": "EventGridTopic3215",
        "type": "Microsoft.EventGrid/topics"
      }
    },
    {
      "RequestUri": "https://management.azure.com/subscriptions/b6a8bef9-9220-454a-a229-f360b6e9f0f6/resourceGroups/EventGridRG9475/providers/Microsoft.EventGrid/topics/EventGridTopic3215/providers/Microsoft.Resources/tags/default?api-version=**",
      "RequestMethod": "GET",
      "RequestHeaders": {
        "Accept": "application/json",
        "Authorization": "Sanitized",
        "traceparent": "00-acf85bb04b2e19644fdcd85a117b763d-0b4507eceb355f67-00",
        "User-Agent": "azsdk-net-ResourceManager/1.6.0 (.NET 7.0.7; Microsoft Windows 10.0.22621)",
        "x-ms-client-request-id": "77867fcc895dbece9f084e2b5abe0b7d",
        "x-ms-return-client-request-id": "true"
      },
      "RequestBody": null,
      "StatusCode": 200,
      "ResponseHeaders": {
        "Cache-Control": "no-cache",
        "Content-Length": "266",
        "Content-Type": "application/json; charset=utf-8",
        "Date": "Thu, 22 Jun 2023 07:00:26 GMT",
        "Expires": "-1",
        "Pragma": "no-cache",
        "Strict-Transport-Security": "max-age=31536000; includeSubDomains",
        "X-Content-Type-Options": "nosniff",
        "x-ms-correlation-request-id": "2ab4c024-135f-4428-9002-cde6b99494a6",
        "x-ms-ratelimit-remaining-subscription-reads": "11244",
        "x-ms-request-id": "2ab4c024-135f-4428-9002-cde6b99494a6",
        "x-ms-routing-request-id": "WESTUS2:20230622T070026Z:2ab4c024-135f-4428-9002-cde6b99494a6"
      },
      "ResponseBody": {
        "id": "/subscriptions/b6a8bef9-9220-454a-a229-f360b6e9f0f6/resourceGroups/EventGridRG9475/providers/Microsoft.EventGrid/topics/EventGridTopic3215/providers/Microsoft.Resources/tags/default",
        "name": "default",
        "type": "Microsoft.Resources/tags",
        "properties": {
          "tags": {}
        }
      }
    },
    {
      "RequestUri": "https://management.azure.com/subscriptions/b6a8bef9-9220-454a-a229-f360b6e9f0f6/resourceGroups/EventGridRG9475/providers/Microsoft.EventGrid/topics/EventGridTopic3215/providers/Microsoft.Resources/tags/default?api-version=**",
      "RequestMethod": "PUT",
      "RequestHeaders": {
        "Accept": "application/json",
        "Authorization": "Sanitized",
        "Content-Length": "51",
        "Content-Type": "application/json",
        "traceparent": "00-acf85bb04b2e19644fdcd85a117b763d-6e1fa00718dc3ebf-00",
        "User-Agent": "azsdk-net-ResourceManager/1.6.0 (.NET 7.0.7; Microsoft Windows 10.0.22621)",
        "x-ms-client-request-id": "c79dbdd24691f64b46db944fbcfed6f1",
        "x-ms-return-client-request-id": "true"
      },
      "RequestBody": {
        "properties": {
          "tags": {
            "addtagkey": "addtagvalue"
          }
        }
      },
      "StatusCode": 200,
      "ResponseHeaders": {
        "Cache-Control": "no-cache",
        "Content-Length": "291",
        "Content-Type": "application/json; charset=utf-8",
        "Date": "Thu, 22 Jun 2023 07:00:27 GMT",
        "Expires": "-1",
        "Pragma": "no-cache",
        "Strict-Transport-Security": "max-age=31536000; includeSubDomains",
        "X-Content-Type-Options": "nosniff",
        "x-ms-correlation-request-id": "704f785e-aab4-4db4-a58f-b3776b93e9b4",
        "x-ms-ratelimit-remaining-subscription-writes": "1061",
        "x-ms-request-id": "704f785e-aab4-4db4-a58f-b3776b93e9b4",
        "x-ms-routing-request-id": "WESTUS2:20230622T070027Z:704f785e-aab4-4db4-a58f-b3776b93e9b4"
      },
      "ResponseBody": {
        "id": "/subscriptions/b6a8bef9-9220-454a-a229-f360b6e9f0f6/resourceGroups/EventGridRG9475/providers/Microsoft.EventGrid/topics/EventGridTopic3215/providers/Microsoft.Resources/tags/default",
        "name": "default",
        "type": "Microsoft.Resources/tags",
        "properties": {
          "tags": {
            "addtagkey": "addtagvalue"
          }
        }
      }
    },
    {
      "RequestUri": "https://management.azure.com/subscriptions/b6a8bef9-9220-454a-a229-f360b6e9f0f6/resourceGroups/EventGridRG9475/providers/Microsoft.EventGrid/topics/EventGridTopic3215?api-version=2023-06-01-preview",
      "RequestMethod": "GET",
      "RequestHeaders": {
        "Accept": "application/json",
        "Authorization": "Sanitized",
        "traceparent": "00-acf85bb04b2e19644fdcd85a117b763d-87aa418442431cec-00",
        "User-Agent": "azsdk-net-ResourceManager.EventGrid/1.1.0-alpha.20230621.1 (.NET 7.0.7; Microsoft Windows 10.0.22621)",
        "x-ms-client-request-id": "5ef9aa2dedd5863f338f3181f47f01a0",
        "x-ms-return-client-request-id": "true"
      },
      "RequestBody": null,
      "StatusCode": 200,
      "ResponseHeaders": {
        "Cache-Control": "no-cache",
        "Content-Length": "654",
        "Content-Type": "application/json; charset=utf-8",
        "Date": "Thu, 22 Jun 2023 07:00:28 GMT",
        "Expires": "-1",
        "Pragma": "no-cache",
        "Server": "Microsoft-HTTPAPI/2.0",
        "Strict-Transport-Security": "max-age=31536000; includeSubDomains",
        "X-Content-Type-Options": "nosniff",
        "x-ms-correlation-request-id": "f63c95d9-c2af-4e25-aafc-4fd3e6f710ce",
        "x-ms-ratelimit-remaining-subscription-reads": "11243",
        "x-ms-request-id": "ec6c3c22-1734-460b-b83c-ce8b82248d34",
        "x-ms-routing-request-id": "WESTUS2:20230622T070028Z:f63c95d9-c2af-4e25-aafc-4fd3e6f710ce"
      },
      "ResponseBody": {
        "properties": {
          "provisioningState": "Succeeded",
          "endpoint": "https://eventgridtopic3215.eastus2euap-1.eventgrid.azure.net/api/events",
          "minimumTlsVersionAllowed": "1.0",
          "inputSchema": "EventGridSchema",
          "metricResourceId": "66a26002-3256-43c2-9479-5f29661c643c",
          "publicNetworkAccess": "Enabled",
          "dataResidencyBoundary": "WithinGeopair"
        },
        "sku": {
          "name": "Basic"
        },
        "kind": "Azure",
        "systemData": null,
        "location": "eastus2euap",
        "tags": {
          "addtagkey": "addtagvalue"
        },
        "id": "/subscriptions/b6a8bef9-9220-454a-a229-f360b6e9f0f6/resourceGroups/EventGridRG9475/providers/Microsoft.EventGrid/topics/EventGridTopic3215",
        "name": "EventGridTopic3215",
        "type": "Microsoft.EventGrid/topics"
      }
    },
    {
      "RequestUri": "https://management.azure.com/subscriptions/b6a8bef9-9220-454a-a229-f360b6e9f0f6/resourceGroups/EventGridRG9475/providers/Microsoft.EventGrid/topics/EventGridTopic3215?api-version=2023-06-01-preview",
      "RequestMethod": "GET",
      "RequestHeaders": {
        "Accept": "application/json",
        "Authorization": "Sanitized",
        "traceparent": "00-69c32be0e65fd67cbadaa6db524f257a-ef0db0a940a02857-00",
        "User-Agent": "azsdk-net-ResourceManager.EventGrid/1.1.0-alpha.20230621.1 (.NET 7.0.7; Microsoft Windows 10.0.22621)",
        "x-ms-client-request-id": "0e7c5d31b72af994e7527011983a8e3d",
        "x-ms-return-client-request-id": "true"
      },
      "RequestBody": null,
      "StatusCode": 200,
      "ResponseHeaders": {
        "Cache-Control": "no-cache",
        "Content-Length": "654",
        "Content-Type": "application/json; charset=utf-8",
        "Date": "Thu, 22 Jun 2023 07:00:28 GMT",
        "Expires": "-1",
        "Pragma": "no-cache",
        "Server": "Microsoft-HTTPAPI/2.0",
        "Strict-Transport-Security": "max-age=31536000; includeSubDomains",
        "X-Content-Type-Options": "nosniff",
        "x-ms-correlation-request-id": "fe2c216c-58b6-4cbd-94a3-5418481fd882",
        "x-ms-ratelimit-remaining-subscription-reads": "11242",
        "x-ms-request-id": "e141be35-8426-46a0-aa70-5db9a4eeaaca",
        "x-ms-routing-request-id": "WESTUS2:20230622T070028Z:fe2c216c-58b6-4cbd-94a3-5418481fd882"
      },
      "ResponseBody": {
        "properties": {
          "provisioningState": "Succeeded",
          "endpoint": "https://eventgridtopic3215.eastus2euap-1.eventgrid.azure.net/api/events",
          "minimumTlsVersionAllowed": "1.0",
          "inputSchema": "EventGridSchema",
          "metricResourceId": "66a26002-3256-43c2-9479-5f29661c643c",
          "publicNetworkAccess": "Enabled",
          "dataResidencyBoundary": "WithinGeopair"
        },
        "sku": {
          "name": "Basic"
        },
        "kind": "Azure",
        "systemData": null,
        "location": "eastus2euap",
        "tags": {
          "addtagkey": "addtagvalue"
        },
        "id": "/subscriptions/b6a8bef9-9220-454a-a229-f360b6e9f0f6/resourceGroups/EventGridRG9475/providers/Microsoft.EventGrid/topics/EventGridTopic3215",
        "name": "EventGridTopic3215",
        "type": "Microsoft.EventGrid/topics"
      }
    },
    {
      "RequestUri": "https://management.azure.com/subscriptions/b6a8bef9-9220-454a-a229-f360b6e9f0f6/resourceGroups/EventGridRG9475/providers/Microsoft.EventGrid/topics/EventGridTopic3215/providers/Microsoft.Resources/tags/default?api-version=**",
      "RequestMethod": "GET",
      "RequestHeaders": {
        "Accept": "application/json",
        "Authorization": "Sanitized",
        "traceparent": "00-38ab8b13281543f7962f5fe16758d364-f43183ed756fb20c-00",
        "User-Agent": "azsdk-net-ResourceManager/1.6.0 (.NET 7.0.7; Microsoft Windows 10.0.22621)",
        "x-ms-client-request-id": "122178f27705c11b0d0d1f59a75456d7",
        "x-ms-return-client-request-id": "true"
      },
      "RequestBody": null,
      "StatusCode": 200,
      "ResponseHeaders": {
        "Cache-Control": "no-cache",
        "Content-Length": "291",
        "Content-Type": "application/json; charset=utf-8",
        "Date": "Thu, 22 Jun 2023 07:00:28 GMT",
        "Expires": "-1",
        "Pragma": "no-cache",
        "Strict-Transport-Security": "max-age=31536000; includeSubDomains",
        "X-Content-Type-Options": "nosniff",
        "x-ms-correlation-request-id": "b11739ab-5368-4a2b-a6d9-1506e5b5ef5e",
        "x-ms-ratelimit-remaining-subscription-reads": "11241",
        "x-ms-request-id": "b11739ab-5368-4a2b-a6d9-1506e5b5ef5e",
        "x-ms-routing-request-id": "WESTUS2:20230622T070028Z:b11739ab-5368-4a2b-a6d9-1506e5b5ef5e"
      },
      "ResponseBody": {
        "id": "/subscriptions/b6a8bef9-9220-454a-a229-f360b6e9f0f6/resourceGroups/EventGridRG9475/providers/Microsoft.EventGrid/topics/EventGridTopic3215/providers/Microsoft.Resources/tags/default",
        "name": "default",
        "type": "Microsoft.Resources/tags",
        "properties": {
          "tags": {
            "addtagkey": "addtagvalue"
          }
        }
      }
    },
    {
      "RequestUri": "https://management.azure.com/subscriptions/b6a8bef9-9220-454a-a229-f360b6e9f0f6/resourceGroups/EventGridRG9475/providers/Microsoft.EventGrid/topics/EventGridTopic3215/providers/Microsoft.Resources/tags/default?api-version=**",
      "RequestMethod": "PUT",
      "RequestHeaders": {
        "Accept": "application/json",
        "Authorization": "Sanitized",
        "Content-Length": "26",
        "Content-Type": "application/json",
        "traceparent": "00-38ab8b13281543f7962f5fe16758d364-08a9fe01236331c2-00",
        "User-Agent": "azsdk-net-ResourceManager/1.6.0 (.NET 7.0.7; Microsoft Windows 10.0.22621)",
        "x-ms-client-request-id": "0adf0d7ddb8b76f116ff76827c2deef9",
        "x-ms-return-client-request-id": "true"
      },
      "RequestBody": {
        "properties": {
          "tags": {}
        }
      },
      "StatusCode": 200,
      "ResponseHeaders": {
        "Cache-Control": "no-cache",
        "Content-Length": "266",
        "Content-Type": "application/json; charset=utf-8",
        "Date": "Thu, 22 Jun 2023 07:00:30 GMT",
        "Expires": "-1",
        "Pragma": "no-cache",
        "Strict-Transport-Security": "max-age=31536000; includeSubDomains",
        "X-Content-Type-Options": "nosniff",
        "x-ms-correlation-request-id": "1ce4fc29-7552-47dd-93f7-af2153dafc63",
        "x-ms-ratelimit-remaining-subscription-writes": "1060",
        "x-ms-request-id": "1ce4fc29-7552-47dd-93f7-af2153dafc63",
        "x-ms-routing-request-id": "WESTUS2:20230622T070030Z:1ce4fc29-7552-47dd-93f7-af2153dafc63"
      },
      "ResponseBody": {
        "id": "/subscriptions/b6a8bef9-9220-454a-a229-f360b6e9f0f6/resourceGroups/EventGridRG9475/providers/Microsoft.EventGrid/topics/EventGridTopic3215/providers/Microsoft.Resources/tags/default",
        "name": "default",
        "type": "Microsoft.Resources/tags",
        "properties": {
          "tags": {}
        }
      }
    },
    {
      "RequestUri": "https://management.azure.com/subscriptions/b6a8bef9-9220-454a-a229-f360b6e9f0f6/resourceGroups/EventGridRG9475/providers/Microsoft.EventGrid/topics/EventGridTopic3215?api-version=2023-06-01-preview",
      "RequestMethod": "GET",
      "RequestHeaders": {
        "Accept": "application/json",
        "Authorization": "Sanitized",
        "traceparent": "00-38ab8b13281543f7962f5fe16758d364-60406df7e69690c2-00",
        "User-Agent": "azsdk-net-ResourceManager.EventGrid/1.1.0-alpha.20230621.1 (.NET 7.0.7; Microsoft Windows 10.0.22621)",
        "x-ms-client-request-id": "8b9499fb835a16b186abfc06019844df",
        "x-ms-return-client-request-id": "true"
      },
      "RequestBody": null,
      "StatusCode": 200,
      "ResponseHeaders": {
        "Cache-Control": "no-cache",
        "Content-Length": "629",
        "Content-Type": "application/json; charset=utf-8",
        "Date": "Thu, 22 Jun 2023 07:00:30 GMT",
        "Expires": "-1",
        "Pragma": "no-cache",
        "Server": "Microsoft-HTTPAPI/2.0",
        "Strict-Transport-Security": "max-age=31536000; includeSubDomains",
        "X-Content-Type-Options": "nosniff",
        "x-ms-correlation-request-id": "acd61cbc-40c6-4677-9cd9-ff3b1eb3f777",
        "x-ms-ratelimit-remaining-subscription-reads": "11240",
        "x-ms-request-id": "74b8c105-d9b7-4850-96ab-68dbd6e28894",
        "x-ms-routing-request-id": "WESTUS2:20230622T070030Z:acd61cbc-40c6-4677-9cd9-ff3b1eb3f777"
      },
      "ResponseBody": {
        "properties": {
          "provisioningState": "Succeeded",
          "endpoint": "https://eventgridtopic3215.eastus2euap-1.eventgrid.azure.net/api/events",
          "minimumTlsVersionAllowed": "1.0",
          "inputSchema": "EventGridSchema",
          "metricResourceId": "66a26002-3256-43c2-9479-5f29661c643c",
          "publicNetworkAccess": "Enabled",
          "dataResidencyBoundary": "WithinGeopair"
        },
        "sku": {
          "name": "Basic"
        },
        "kind": "Azure",
        "systemData": null,
        "location": "eastus2euap",
        "tags": {},
        "id": "/subscriptions/b6a8bef9-9220-454a-a229-f360b6e9f0f6/resourceGroups/EventGridRG9475/providers/Microsoft.EventGrid/topics/EventGridTopic3215",
        "name": "EventGridTopic3215",
        "type": "Microsoft.EventGrid/topics"
      }
    },
    {
      "RequestUri": "https://management.azure.com/subscriptions/b6a8bef9-9220-454a-a229-f360b6e9f0f6/resourceGroups/EventGridRG9475/providers/Microsoft.EventGrid/topics/EventGridTopic3215?api-version=2023-06-01-preview",
      "RequestMethod": "GET",
      "RequestHeaders": {
        "Accept": "application/json",
        "Authorization": "Sanitized",
        "traceparent": "00-10db0895ef58a7e84d135d26cf1e88ea-bab00894256de13a-00",
        "User-Agent": "azsdk-net-ResourceManager.EventGrid/1.1.0-alpha.20230621.1 (.NET 7.0.7; Microsoft Windows 10.0.22621)",
        "x-ms-client-request-id": "b458251fdac48e7a7125c9d1dad4dddb",
        "x-ms-return-client-request-id": "true"
      },
      "RequestBody": null,
      "StatusCode": 200,
      "ResponseHeaders": {
        "Cache-Control": "no-cache",
        "Content-Length": "629",
        "Content-Type": "application/json; charset=utf-8",
        "Date": "Thu, 22 Jun 2023 07:00:30 GMT",
        "Expires": "-1",
        "Pragma": "no-cache",
        "Server": "Microsoft-HTTPAPI/2.0",
        "Strict-Transport-Security": "max-age=31536000; includeSubDomains",
        "X-Content-Type-Options": "nosniff",
        "x-ms-correlation-request-id": "d594b6b0-5d15-4664-88b3-53da265c5acf",
        "x-ms-ratelimit-remaining-subscription-reads": "11239",
        "x-ms-request-id": "c6444809-2d01-4c7b-bc51-a9f8591c041d",
        "x-ms-routing-request-id": "WESTUS2:20230622T070030Z:d594b6b0-5d15-4664-88b3-53da265c5acf"
      },
      "ResponseBody": {
        "properties": {
          "provisioningState": "Succeeded",
          "endpoint": "https://eventgridtopic3215.eastus2euap-1.eventgrid.azure.net/api/events",
          "minimumTlsVersionAllowed": "1.0",
          "inputSchema": "EventGridSchema",
          "metricResourceId": "66a26002-3256-43c2-9479-5f29661c643c",
          "publicNetworkAccess": "Enabled",
          "dataResidencyBoundary": "WithinGeopair"
        },
        "sku": {
          "name": "Basic"
        },
        "kind": "Azure",
        "systemData": null,
        "location": "eastus2euap",
        "tags": {},
        "id": "/subscriptions/b6a8bef9-9220-454a-a229-f360b6e9f0f6/resourceGroups/EventGridRG9475/providers/Microsoft.EventGrid/topics/EventGridTopic3215",
        "name": "EventGridTopic3215",
        "type": "Microsoft.EventGrid/topics"
      }
    }
  ],
  "Variables": {
    "AZURE_AUTHORITY_HOST": null,
    "DateTimeOffsetNow": "2023-06-22T00:00:20.7453956-07:00",
    "RandomSeed": "1287014235",
    "RESOURCE_MANAGER_URL": null,
    "SUBSCRIPTION_ID": "b6a8bef9-9220-454a-a229-f360b6e9f0f6"
  }
}
