{
  "Entries": [
    {
      "RequestUri": "https://management.azure.com/subscriptions/db1ab6f0-4769-4b27-930e-01e2ef9c123c?api-version=2021-01-01",
      "RequestMethod": "GET",
      "RequestHeaders": {
        "Accept": "application/json",
        "Authorization": "Sanitized",
        "traceparent": "00-5db80c15070779428aad2499e2e5a2c0-2052135e64bd514d-00",
        "User-Agent": "azsdk-net-ResourceManager/1.3.1 (.NET Framework 4.8.9075.0; Microsoft Windows 10.0.22621 )",
        "x-ms-client-request-id": "db336485447dfd2d4fc475b94788ae2c",
        "x-ms-return-client-request-id": "true"
      },
      "RequestBody": null,
      "StatusCode": 200,
      "ResponseHeaders": {
        "Cache-Control": "no-cache",
        "Content-Length": "747",
        "Content-Type": "application/json; charset=utf-8",
        "Date": "Mon, 17 Oct 2022 07:42:06 GMT",
        "Expires": "-1",
        "Pragma": "no-cache",
        "Strict-Transport-Security": "max-age=31536000; includeSubDomains",
        "X-Content-Type-Options": "nosniff",
        "x-ms-correlation-request-id": "c9b26bbb-5e1a-4e8c-acaf-1436dde020eb",
        "x-ms-ratelimit-remaining-subscription-reads": "11972",
        "x-ms-request-id": "c9b26bbb-5e1a-4e8c-acaf-1436dde020eb",
        "x-ms-routing-request-id": "SOUTHEASTASIA:20221017T074206Z:c9b26bbb-5e1a-4e8c-acaf-1436dde020eb"
      },
      "ResponseBody": {
        "id": "/subscriptions/db1ab6f0-4769-4b27-930e-01e2ef9c123c",
        "authorizationSource": "RoleBased",
        "managedByTenants": [],
        "tags": {
          "TagKey-9823": "TagValue-566",
          "TagKey-3481": "TagValue-320",
          "TagKey-4926": "TagValue-1187",
          "TagKey-751": "TagValue-3921",
          "TagKey-1866": "TagValue-8559",
          "TagKey-3094": "TagValue-9190",
          "TagKey-2449": "TagValue-9",
          "TagKey-8379": "TagValue-164",
          "TagKey-7470": "TagValue-2205",
          "TagKey-4236": "TagValue-3698",
          "TagKey-5316": "TagValue-2725"
        },
        "subscriptionId": "db1ab6f0-4769-4b27-930e-01e2ef9c123c",
        "tenantId": "72f988bf-86f1-41af-91ab-2d7cd011db47",
        "displayName": ".NET Mgmt SDK Test with TTL = 1 Day",
        "state": "Enabled",
        "subscriptionPolicies": {
          "locationPlacementId": "Internal_2014-09-01",
          "quotaId": "Internal_2014-09-01",
          "spendingLimit": "Off"
        }
      }
    },
    {
      "RequestUri": "https://management.azure.com/subscriptions/db1ab6f0-4769-4b27-930e-01e2ef9c123c/resourcegroups/EventGridRG8532?api-version=**",
      "RequestMethod": "PUT",
      "RequestHeaders": {
        "Accept": "application/json",
        "Authorization": "Sanitized",
        "Content-Length": "74",
        "Content-Type": "application/json",
        "traceparent": "00-2c1ff3356e4af4438e4a5ca8b6f4e990-14da61d0ded6344e-00",
        "User-Agent": "azsdk-net-ResourceManager/1.3.1 (.NET Framework 4.8.9075.0; Microsoft Windows 10.0.22621 )",
        "x-ms-client-request-id": "856dfaca7c030860541adb88258247d0",
        "x-ms-return-client-request-id": "true"
      },
      "RequestBody": {
        "location": "eastus",
        "tags": {
          "DeleteAfter": "2022-10-17T15:42:04.3090728"
        }
      },
      "StatusCode": 201,
      "ResponseHeaders": {
        "Cache-Control": "no-cache",
        "Content-Length": "280",
        "Content-Type": "application/json; charset=utf-8",
        "Date": "Mon, 17 Oct 2022 07:42:07 GMT",
        "Expires": "-1",
        "Pragma": "no-cache",
        "Strict-Transport-Security": "max-age=31536000; includeSubDomains",
        "X-Content-Type-Options": "nosniff",
        "x-ms-correlation-request-id": "ef966850-c277-4200-935b-ddf98eeec9b6",
        "x-ms-ratelimit-remaining-subscription-writes": "1193",
        "x-ms-request-id": "ef966850-c277-4200-935b-ddf98eeec9b6",
        "x-ms-routing-request-id": "SOUTHEASTASIA:20221017T074207Z:ef966850-c277-4200-935b-ddf98eeec9b6"
      },
      "ResponseBody": {
        "id": "/subscriptions/db1ab6f0-4769-4b27-930e-01e2ef9c123c/resourceGroups/EventGridRG8532",
        "name": "EventGridRG8532",
        "type": "Microsoft.Resources/resourceGroups",
        "location": "eastus",
        "tags": {
          "DeleteAfter": "2022-10-17T15:42:04.3090728"
        },
        "properties": {
          "provisioningState": "Succeeded"
        }
      }
    },
    {
      "RequestUri": "https://management.azure.com/subscriptions/db1ab6f0-4769-4b27-930e-01e2ef9c123c/resourceGroups/EventGridRG8532/providers/Microsoft.EventGrid/topics/EventGridTopic75?api-version=2022-06-15",
      "RequestMethod": "PUT",
      "RequestHeaders": {
        "Accept": "application/json",
        "Authorization": "Sanitized",
        "Content-Length": "47",
        "Content-Type": "application/json",
        "traceparent": "00-275a8208da26bd408cfe292dd9669a12-23b60e8060ea3e40-00",
        "User-Agent": "azsdk-net-ResourceManager.EventGrid/1.0.0-alpha.20221017.1 (.NET Framework 4.8.9075.0; Microsoft Windows 10.0.22621 )",
        "x-ms-client-request-id": "8727fc86648fa8e6cc224a184b8a1d4d",
        "x-ms-return-client-request-id": "true"
      },
      "RequestBody": {
        "tags": {},
        "location": "eastus",
        "properties": {}
      },
      "StatusCode": 201,
      "ResponseHeaders": {
        "Azure-AsyncOperation": "https://management.azure.com:443/subscriptions/db1ab6f0-4769-4b27-930e-01e2ef9c123c/providers/Microsoft.EventGrid/locations/eastus/operationsStatus/4939A539-E77E-4586-8972-5318DED32021?api-version=2022-06-15",
        "Cache-Control": "no-cache",
        "Content-Length": "317",
        "Content-Type": "application/json; charset=utf-8",
        "Date": "Mon, 17 Oct 2022 07:42:12 GMT",
        "Expires": "-1",
        "Pragma": "no-cache",
        "Retry-After": "10",
        "Server": "Microsoft-HTTPAPI/2.0",
        "Strict-Transport-Security": "max-age=31536000; includeSubDomains",
        "X-Content-Type-Options": "nosniff",
        "x-ms-correlation-request-id": "c3ecd6fb-cce1-41b9-a3f5-3bc2da8fd5e2",
        "x-ms-ratelimit-remaining-subscription-writes": "1192",
        "x-ms-request-id": "4be64a49-78f1-4abb-90a1-42cd5cc0fb0e",
        "x-ms-routing-request-id": "SOUTHEASTASIA:20221017T074212Z:c3ecd6fb-cce1-41b9-a3f5-3bc2da8fd5e2"
      },
      "ResponseBody": {
        "properties": {
          "provisioningState": "Creating",
          "endpoint": null
        },
        "systemData": null,
        "location": "eastus",
        "tags": {},
        "id": "/subscriptions/db1ab6f0-4769-4b27-930e-01e2ef9c123c/resourceGroups/EventGridRG8532/providers/Microsoft.EventGrid/topics/EventGridTopic75",
        "name": "EventGridTopic75",
        "type": "Microsoft.EventGrid/topics"
      }
    },
    {
      "RequestUri": "https://management.azure.com/subscriptions/db1ab6f0-4769-4b27-930e-01e2ef9c123c/providers/Microsoft.EventGrid/locations/eastus/operationsStatus/4939A539-E77E-4586-8972-5318DED32021?api-version=2022-06-15",
      "RequestMethod": "GET",
      "RequestHeaders": {
        "Authorization": "Sanitized",
        "traceparent": "00-275a8208da26bd408cfe292dd9669a12-f19c5663e5324344-00",
        "User-Agent": "azsdk-net-ResourceManager/1.3.1 (.NET Framework 4.8.9075.0; Microsoft Windows 10.0.22621 )",
        "x-ms-client-request-id": "b201a0e83505953b86dd375915ef098f",
        "x-ms-return-client-request-id": "true"
      },
      "RequestBody": null,
      "StatusCode": 200,
      "ResponseHeaders": {
        "Cache-Control": "no-cache",
        "Content-Length": "280",
        "Content-Type": "application/json; charset=utf-8",
        "Date": "Mon, 17 Oct 2022 07:42:12 GMT",
        "Expires": "-1",
        "Pragma": "no-cache",
        "Server": "Microsoft-HTTPAPI/2.0",
        "Strict-Transport-Security": "max-age=31536000; includeSubDomains",
        "X-Content-Type-Options": "nosniff",
        "x-ms-correlation-request-id": "7a44d70e-05ee-4921-b611-12e2ab884b8b",
        "x-ms-ratelimit-remaining-subscription-reads": "11971",
        "x-ms-request-id": "2cc31407-60ed-4fc7-9063-00e1dbca27f7",
        "x-ms-routing-request-id": "SOUTHEASTASIA:20221017T074212Z:7a44d70e-05ee-4921-b611-12e2ab884b8b"
      },
      "ResponseBody": {
        "id": "https://management.azure.com/subscriptions/db1ab6f0-4769-4b27-930e-01e2ef9c123c/providers/Microsoft.EventGrid/locations/eastus/operationsStatus/4939A539-E77E-4586-8972-5318DED32021?api-version=2022-06-15",
        "name": "4939a539-e77e-4586-8972-5318ded32021",
        "status": "InProgress"
      }
    },
    {
      "RequestUri": "https://management.azure.com/subscriptions/db1ab6f0-4769-4b27-930e-01e2ef9c123c/providers/Microsoft.EventGrid/locations/eastus/operationsStatus/4939A539-E77E-4586-8972-5318DED32021?api-version=2022-06-15",
      "RequestMethod": "GET",
      "RequestHeaders": {
        "Authorization": "Sanitized",
        "traceparent": "00-275a8208da26bd408cfe292dd9669a12-eb0b51b6c0c6a944-00",
        "User-Agent": "azsdk-net-ResourceManager/1.3.1 (.NET Framework 4.8.9075.0; Microsoft Windows 10.0.22621 )",
        "x-ms-client-request-id": "3ec83bbd614b04f81454b466399333a2",
        "x-ms-return-client-request-id": "true"
      },
      "RequestBody": null,
      "StatusCode": 200,
      "ResponseHeaders": {
        "Cache-Control": "no-cache",
        "Content-Length": "280",
        "Content-Type": "application/json; charset=utf-8",
        "Date": "Mon, 17 Oct 2022 07:42:13 GMT",
        "Expires": "-1",
        "Pragma": "no-cache",
        "Server": "Microsoft-HTTPAPI/2.0",
        "Strict-Transport-Security": "max-age=31536000; includeSubDomains",
        "X-Content-Type-Options": "nosniff",
        "x-ms-correlation-request-id": "20963592-4d8f-4a35-9844-ce8a5b45b476",
        "x-ms-ratelimit-remaining-subscription-reads": "11970",
        "x-ms-request-id": "adb830ad-1b4a-48b1-8fb8-0a42c1d3865c",
        "x-ms-routing-request-id": "SOUTHEASTASIA:20221017T074214Z:20963592-4d8f-4a35-9844-ce8a5b45b476"
      },
      "ResponseBody": {
        "id": "https://management.azure.com/subscriptions/db1ab6f0-4769-4b27-930e-01e2ef9c123c/providers/Microsoft.EventGrid/locations/eastus/operationsStatus/4939A539-E77E-4586-8972-5318DED32021?api-version=2022-06-15",
        "name": "4939a539-e77e-4586-8972-5318ded32021",
        "status": "InProgress"
      }
    },
    {
      "RequestUri": "https://management.azure.com/subscriptions/db1ab6f0-4769-4b27-930e-01e2ef9c123c/providers/Microsoft.EventGrid/locations/eastus/operationsStatus/4939A539-E77E-4586-8972-5318DED32021?api-version=2022-06-15",
      "RequestMethod": "GET",
      "RequestHeaders": {
        "Authorization": "Sanitized",
        "traceparent": "00-275a8208da26bd408cfe292dd9669a12-f23127ef0f638747-00",
        "User-Agent": "azsdk-net-ResourceManager/1.3.1 (.NET Framework 4.8.9075.0; Microsoft Windows 10.0.22621 )",
        "x-ms-client-request-id": "ab2f1ce16b8826480965e8d14a8ebde3",
        "x-ms-return-client-request-id": "true"
      },
      "RequestBody": null,
      "StatusCode": 200,
      "ResponseHeaders": {
        "Cache-Control": "no-cache",
        "Content-Length": "279",
        "Content-Type": "application/json; charset=utf-8",
        "Date": "Mon, 17 Oct 2022 07:42:15 GMT",
        "Expires": "-1",
        "Pragma": "no-cache",
        "Server": "Microsoft-HTTPAPI/2.0",
        "Strict-Transport-Security": "max-age=31536000; includeSubDomains",
        "X-Content-Type-Options": "nosniff",
        "x-ms-correlation-request-id": "13e56d58-0b2f-436a-a1d6-d6c9dbb2c3af",
        "x-ms-ratelimit-remaining-subscription-reads": "11969",
        "x-ms-request-id": "d7ee42ac-7ee5-4ede-9fcb-88aaf3d2cc36",
        "x-ms-routing-request-id": "SOUTHEASTASIA:20221017T074215Z:13e56d58-0b2f-436a-a1d6-d6c9dbb2c3af"
      },
      "ResponseBody": {
        "id": "https://management.azure.com/subscriptions/db1ab6f0-4769-4b27-930e-01e2ef9c123c/providers/Microsoft.EventGrid/locations/eastus/operationsStatus/4939A539-E77E-4586-8972-5318DED32021?api-version=2022-06-15",
        "name": "4939a539-e77e-4586-8972-5318ded32021",
        "status": "Succeeded"
      }
    },
    {
      "RequestUri": "https://management.azure.com/subscriptions/db1ab6f0-4769-4b27-930e-01e2ef9c123c/resourceGroups/EventGridRG8532/providers/Microsoft.EventGrid/topics/EventGridTopic75?api-version=2022-06-15",
      "RequestMethod": "GET",
      "RequestHeaders": {
        "Authorization": "Sanitized",
        "traceparent": "00-275a8208da26bd408cfe292dd9669a12-05d4ad2ec7657b4e-00",
        "User-Agent": "azsdk-net-ResourceManager/1.3.1 (.NET Framework 4.8.9075.0; Microsoft Windows 10.0.22621 )",
        "x-ms-client-request-id": "39959a1f036287e2a7fc9db081d45cf3",
        "x-ms-return-client-request-id": "true"
      },
      "RequestBody": null,
      "StatusCode": 200,
      "ResponseHeaders": {
        "Cache-Control": "no-cache",
        "Content-Length": "542",
        "Content-Type": "application/json; charset=utf-8",
        "Date": "Mon, 17 Oct 2022 07:42:15 GMT",
        "Expires": "-1",
        "Pragma": "no-cache",
        "Server": "Microsoft-HTTPAPI/2.0",
        "Strict-Transport-Security": "max-age=31536000; includeSubDomains",
        "X-Content-Type-Options": "nosniff",
        "x-ms-correlation-request-id": "f456915f-4c2c-4ac1-886e-4545f84f7b96",
        "x-ms-ratelimit-remaining-subscription-reads": "11968",
        "x-ms-request-id": "e6dcdb04-9a07-42e2-95ef-568abddc3296",
        "x-ms-routing-request-id": "SOUTHEASTASIA:20221017T074216Z:f456915f-4c2c-4ac1-886e-4545f84f7b96"
      },
      "ResponseBody": {
        "properties": {
          "provisioningState": "Succeeded",
          "endpoint": "https://eventgridtopic75.eastus-1.eventgrid.azure.net/api/events",
          "inputSchema": "EventGridSchema",
          "metricResourceId": "612b3461-823d-4a6f-9dcd-e3643f8d16a5",
          "publicNetworkAccess": "Enabled",
          "dataResidencyBoundary": "WithinGeopair"
        },
        "systemData": null,
        "location": "eastus",
        "tags": {},
        "id": "/subscriptions/db1ab6f0-4769-4b27-930e-01e2ef9c123c/resourceGroups/EventGridRG8532/providers/Microsoft.EventGrid/topics/EventGridTopic75",
        "name": "EventGridTopic75",
        "type": "Microsoft.EventGrid/topics"
      }
    },
    {
      "RequestUri": "https://management.azure.com/subscriptions/db1ab6f0-4769-4b27-930e-01e2ef9c123c/resourceGroups/EventGridRG8532/providers/Microsoft.EventGrid/topics/EventGridTopic75/providers/Microsoft.Resources/tags/default?api-version=**",
      "RequestMethod": "GET",
      "RequestHeaders": {
        "Accept": "application/json",
        "Authorization": "Sanitized",
        "traceparent": "00-894b7ffbf3a9684e8e5874e6384d5f28-64b3a4562457fb48-00",
        "User-Agent": "azsdk-net-ResourceManager/1.3.1 (.NET Framework 4.8.9075.0; Microsoft Windows 10.0.22621 )",
        "x-ms-client-request-id": "f87894a95dbf5207f2a134e57827ba86",
        "x-ms-return-client-request-id": "true"
      },
      "RequestBody": null,
      "StatusCode": 200,
      "ResponseHeaders": {
        "Cache-Control": "no-cache",
        "Content-Length": "264",
        "Content-Type": "application/json; charset=utf-8",
        "Date": "Mon, 17 Oct 2022 07:42:16 GMT",
        "Expires": "-1",
        "Pragma": "no-cache",
        "Strict-Transport-Security": "max-age=31536000; includeSubDomains",
        "X-Content-Type-Options": "nosniff",
        "x-ms-correlation-request-id": "07f6c82c-493e-49f8-a5ce-6a84fe8a0fba",
        "x-ms-ratelimit-remaining-subscription-reads": "11967",
        "x-ms-request-id": "07f6c82c-493e-49f8-a5ce-6a84fe8a0fba",
        "x-ms-routing-request-id": "SOUTHEASTASIA:20221017T074216Z:07f6c82c-493e-49f8-a5ce-6a84fe8a0fba"
      },
      "ResponseBody": {
        "id": "/subscriptions/db1ab6f0-4769-4b27-930e-01e2ef9c123c/resourceGroups/EventGridRG8532/providers/Microsoft.EventGrid/topics/EventGridTopic75/providers/Microsoft.Resources/tags/default",
        "name": "default",
        "type": "Microsoft.Resources/tags",
        "properties": {
          "tags": {}
        }
      }
    },
    {
      "RequestUri": "https://management.azure.com/subscriptions/db1ab6f0-4769-4b27-930e-01e2ef9c123c/resourceGroups/EventGridRG8532/providers/Microsoft.EventGrid/topics/EventGridTopic75/providers/Microsoft.Resources/tags/default?api-version=**",
      "RequestMethod": "PUT",
      "RequestHeaders": {
        "Accept": "application/json",
        "Authorization": "Sanitized",
        "Content-Length": "51",
        "Content-Type": "application/json",
        "traceparent": "00-894b7ffbf3a9684e8e5874e6384d5f28-eaae487e9a934d47-00",
        "User-Agent": "azsdk-net-ResourceManager/1.3.1 (.NET Framework 4.8.9075.0; Microsoft Windows 10.0.22621 )",
        "x-ms-client-request-id": "9f47d196fafedd403aa8038bcd97a534",
        "x-ms-return-client-request-id": "true"
      },
      "RequestBody": {
        "properties": {
          "tags": {
            "addtagkey": "addtagvalue"
          }
        }
      },
      "StatusCode": 200,
      "ResponseHeaders": {
        "Cache-Control": "no-cache",
        "Content-Length": "289",
        "Content-Type": "application/json; charset=utf-8",
        "Date": "Mon, 17 Oct 2022 07:42:20 GMT",
        "Expires": "-1",
        "Pragma": "no-cache",
        "Strict-Transport-Security": "max-age=31536000; includeSubDomains",
        "X-Content-Type-Options": "nosniff",
        "x-ms-correlation-request-id": "427e9f6c-41cf-47a9-a338-32fc33037c70",
        "x-ms-ratelimit-remaining-subscription-writes": "1191",
        "x-ms-request-id": "427e9f6c-41cf-47a9-a338-32fc33037c70",
        "x-ms-routing-request-id": "SOUTHEASTASIA:20221017T074221Z:427e9f6c-41cf-47a9-a338-32fc33037c70"
      },
      "ResponseBody": {
        "id": "/subscriptions/db1ab6f0-4769-4b27-930e-01e2ef9c123c/resourceGroups/EventGridRG8532/providers/Microsoft.EventGrid/topics/EventGridTopic75/providers/Microsoft.Resources/tags/default",
        "name": "default",
        "type": "Microsoft.Resources/tags",
        "properties": {
          "tags": {
            "addtagkey": "addtagvalue"
          }
        }
      }
    },
    {
      "RequestUri": "https://management.azure.com/subscriptions/db1ab6f0-4769-4b27-930e-01e2ef9c123c/resourceGroups/EventGridRG8532/providers/Microsoft.EventGrid/topics/EventGridTopic75?api-version=2022-06-15",
      "RequestMethod": "GET",
      "RequestHeaders": {
        "Accept": "application/json",
        "Authorization": "Sanitized",
        "traceparent": "00-894b7ffbf3a9684e8e5874e6384d5f28-bbf4d17276a0d44a-00",
        "User-Agent": "azsdk-net-ResourceManager.EventGrid/1.0.0-alpha.20221017.1 (.NET Framework 4.8.9075.0; Microsoft Windows 10.0.22621 )",
        "x-ms-client-request-id": "b527f509c515c123934246c0cefd0f80",
        "x-ms-return-client-request-id": "true"
      },
      "RequestBody": null,
      "StatusCode": 200,
      "ResponseHeaders": {
        "Cache-Control": "no-cache",
        "Content-Length": "567",
        "Content-Type": "application/json; charset=utf-8",
        "Date": "Mon, 17 Oct 2022 07:42:21 GMT",
        "Expires": "-1",
        "Pragma": "no-cache",
        "Server": "Microsoft-HTTPAPI/2.0",
        "Strict-Transport-Security": "max-age=31536000; includeSubDomains",
        "X-Content-Type-Options": "nosniff",
        "x-ms-correlation-request-id": "726d6245-6c8b-4e62-8a37-c47d9405391f",
        "x-ms-ratelimit-remaining-subscription-reads": "11966",
        "x-ms-request-id": "3314e19d-2f62-4e4d-83b2-9e10662c5f79",
        "x-ms-routing-request-id": "SOUTHEASTASIA:20221017T074222Z:726d6245-6c8b-4e62-8a37-c47d9405391f"
      },
      "ResponseBody": {
        "properties": {
          "provisioningState": "Succeeded",
          "endpoint": "https://eventgridtopic75.eastus-1.eventgrid.azure.net/api/events",
          "inputSchema": "EventGridSchema",
          "metricResourceId": "612b3461-823d-4a6f-9dcd-e3643f8d16a5",
          "publicNetworkAccess": "Enabled",
          "dataResidencyBoundary": "WithinGeopair"
        },
        "systemData": null,
        "location": "eastus",
        "tags": {
          "addtagkey": "addtagvalue"
        },
        "id": "/subscriptions/db1ab6f0-4769-4b27-930e-01e2ef9c123c/resourceGroups/EventGridRG8532/providers/Microsoft.EventGrid/topics/EventGridTopic75",
        "name": "EventGridTopic75",
        "type": "Microsoft.EventGrid/topics"
      }
    },
    {
      "RequestUri": "https://management.azure.com/subscriptions/db1ab6f0-4769-4b27-930e-01e2ef9c123c/resourceGroups/EventGridRG8532/providers/Microsoft.EventGrid/topics/EventGridTopic75?api-version=2022-06-15",
      "RequestMethod": "GET",
      "RequestHeaders": {
        "Accept": "application/json",
        "Authorization": "Sanitized",
        "traceparent": "00-3eaa99f9a0e18541bf06e3b3e6d872b6-0df8bc1368316f46-00",
        "User-Agent": "azsdk-net-ResourceManager.EventGrid/1.0.0-alpha.20221017.1 (.NET Framework 4.8.9075.0; Microsoft Windows 10.0.22621 )",
        "x-ms-client-request-id": "af191742bd8daef4549abe17597b855b",
        "x-ms-return-client-request-id": "true"
      },
      "RequestBody": null,
      "StatusCode": 200,
      "ResponseHeaders": {
        "Cache-Control": "no-cache",
        "Content-Length": "567",
        "Content-Type": "application/json; charset=utf-8",
        "Date": "Mon, 17 Oct 2022 07:42:22 GMT",
        "Expires": "-1",
        "Pragma": "no-cache",
        "Server": "Microsoft-HTTPAPI/2.0",
        "Strict-Transport-Security": "max-age=31536000; includeSubDomains",
        "X-Content-Type-Options": "nosniff",
        "x-ms-correlation-request-id": "a779151d-03bd-483b-b05c-4ed4daf00c78",
        "x-ms-ratelimit-remaining-subscription-reads": "11965",
        "x-ms-request-id": "40b7e5ce-ef59-4f8c-b293-c69f4de585ec",
        "x-ms-routing-request-id": "SOUTHEASTASIA:20221017T074222Z:a779151d-03bd-483b-b05c-4ed4daf00c78"
      },
      "ResponseBody": {
        "properties": {
          "provisioningState": "Succeeded",
          "endpoint": "https://eventgridtopic75.eastus-1.eventgrid.azure.net/api/events",
          "inputSchema": "EventGridSchema",
          "metricResourceId": "612b3461-823d-4a6f-9dcd-e3643f8d16a5",
          "publicNetworkAccess": "Enabled",
          "dataResidencyBoundary": "WithinGeopair"
        },
        "systemData": null,
        "location": "eastus",
        "tags": {
          "addtagkey": "addtagvalue"
        },
        "id": "/subscriptions/db1ab6f0-4769-4b27-930e-01e2ef9c123c/resourceGroups/EventGridRG8532/providers/Microsoft.EventGrid/topics/EventGridTopic75",
        "name": "EventGridTopic75",
        "type": "Microsoft.EventGrid/topics"
      }
    },
    {
      "RequestUri": "https://management.azure.com/subscriptions/db1ab6f0-4769-4b27-930e-01e2ef9c123c/resourceGroups/EventGridRG8532/providers/Microsoft.EventGrid/topics/EventGridTopic75/providers/Microsoft.Resources/tags/default?api-version=**",
      "RequestMethod": "GET",
      "RequestHeaders": {
        "Accept": "application/json",
        "Authorization": "Sanitized",
        "traceparent": "00-0511244734873948abdd7a224aa9e6c5-1673049e66deca4c-00",
        "User-Agent": "azsdk-net-ResourceManager/1.3.1 (.NET Framework 4.8.9075.0; Microsoft Windows 10.0.22621 )",
        "x-ms-client-request-id": "82dbfffc04ffd170ae850bbbb47f0f3d",
        "x-ms-return-client-request-id": "true"
      },
      "RequestBody": null,
      "StatusCode": 200,
      "ResponseHeaders": {
        "Cache-Control": "no-cache",
        "Content-Length": "289",
        "Content-Type": "application/json; charset=utf-8",
        "Date": "Mon, 17 Oct 2022 07:42:22 GMT",
        "Expires": "-1",
        "Pragma": "no-cache",
        "Strict-Transport-Security": "max-age=31536000; includeSubDomains",
        "X-Content-Type-Options": "nosniff",
        "x-ms-correlation-request-id": "4fb0ad9b-d24a-44dc-a28a-1ae982d6e4c2",
        "x-ms-ratelimit-remaining-subscription-reads": "11964",
        "x-ms-request-id": "4fb0ad9b-d24a-44dc-a28a-1ae982d6e4c2",
        "x-ms-routing-request-id": "SOUTHEASTASIA:20221017T074223Z:4fb0ad9b-d24a-44dc-a28a-1ae982d6e4c2"
      },
      "ResponseBody": {
        "id": "/subscriptions/db1ab6f0-4769-4b27-930e-01e2ef9c123c/resourceGroups/EventGridRG8532/providers/Microsoft.EventGrid/topics/EventGridTopic75/providers/Microsoft.Resources/tags/default",
        "name": "default",
        "type": "Microsoft.Resources/tags",
        "properties": {
          "tags": {
            "addtagkey": "addtagvalue"
          }
        }
      }
    },
    {
      "RequestUri": "https://management.azure.com/subscriptions/db1ab6f0-4769-4b27-930e-01e2ef9c123c/resourceGroups/EventGridRG8532/providers/Microsoft.EventGrid/topics/EventGridTopic75/providers/Microsoft.Resources/tags/default?api-version=**",
      "RequestMethod": "PUT",
      "RequestHeaders": {
        "Accept": "application/json",
        "Authorization": "Sanitized",
        "Content-Length": "26",
        "Content-Type": "application/json",
        "traceparent": "00-0511244734873948abdd7a224aa9e6c5-5f250ad84e931348-00",
        "User-Agent": "azsdk-net-ResourceManager/1.3.1 (.NET Framework 4.8.9075.0; Microsoft Windows 10.0.22621 )",
        "x-ms-client-request-id": "b5498398f67d4ca70079607a060b6817",
        "x-ms-return-client-request-id": "true"
      },
      "RequestBody": {
        "properties": {
          "tags": {}
        }
      },
      "StatusCode": 200,
      "ResponseHeaders": {
        "Cache-Control": "no-cache",
        "Content-Length": "264",
        "Content-Type": "application/json; charset=utf-8",
        "Date": "Mon, 17 Oct 2022 07:42:26 GMT",
        "Expires": "-1",
        "Pragma": "no-cache",
        "Strict-Transport-Security": "max-age=31536000; includeSubDomains",
        "X-Content-Type-Options": "nosniff",
        "x-ms-correlation-request-id": "f0b6e97d-9bcc-4816-b270-ddaa86f8cf2d",
        "x-ms-ratelimit-remaining-subscription-writes": "1190",
        "x-ms-request-id": "f0b6e97d-9bcc-4816-b270-ddaa86f8cf2d",
        "x-ms-routing-request-id": "SOUTHEASTASIA:20221017T074226Z:f0b6e97d-9bcc-4816-b270-ddaa86f8cf2d"
      },
      "ResponseBody": {
        "id": "/subscriptions/db1ab6f0-4769-4b27-930e-01e2ef9c123c/resourceGroups/EventGridRG8532/providers/Microsoft.EventGrid/topics/EventGridTopic75/providers/Microsoft.Resources/tags/default",
        "name": "default",
        "type": "Microsoft.Resources/tags",
        "properties": {
          "tags": {}
        }
      }
    },
    {
      "RequestUri": "https://management.azure.com/subscriptions/db1ab6f0-4769-4b27-930e-01e2ef9c123c/resourceGroups/EventGridRG8532/providers/Microsoft.EventGrid/topics/EventGridTopic75?api-version=2022-06-15",
      "RequestMethod": "GET",
      "RequestHeaders": {
        "Accept": "application/json",
        "Authorization": "Sanitized",
        "traceparent": "00-0511244734873948abdd7a224aa9e6c5-531654984aeab645-00",
        "User-Agent": "azsdk-net-ResourceManager.EventGrid/1.0.0-alpha.20221017.1 (.NET Framework 4.8.9075.0; Microsoft Windows 10.0.22621 )",
        "x-ms-client-request-id": "cec4eabd8d213d80a6480007b138fad5",
        "x-ms-return-client-request-id": "true"
      },
      "RequestBody": null,
      "StatusCode": 200,
      "ResponseHeaders": {
        "Cache-Control": "no-cache",
        "Content-Length": "542",
        "Content-Type": "application/json; charset=utf-8",
        "Date": "Mon, 17 Oct 2022 07:42:26 GMT",
        "Expires": "-1",
        "Pragma": "no-cache",
        "Server": "Microsoft-HTTPAPI/2.0",
        "Strict-Transport-Security": "max-age=31536000; includeSubDomains",
        "X-Content-Type-Options": "nosniff",
        "x-ms-correlation-request-id": "2809fe8a-21d9-450a-862b-b5115fc68e20",
        "x-ms-ratelimit-remaining-subscription-reads": "11963",
        "x-ms-request-id": "04c4206c-b848-47cb-9c91-94f1fff0ff5b",
        "x-ms-routing-request-id": "SOUTHEASTASIA:20221017T074227Z:2809fe8a-21d9-450a-862b-b5115fc68e20"
      },
      "ResponseBody": {
        "properties": {
          "provisioningState": "Succeeded",
          "endpoint": "https://eventgridtopic75.eastus-1.eventgrid.azure.net/api/events",
          "inputSchema": "EventGridSchema",
          "metricResourceId": "612b3461-823d-4a6f-9dcd-e3643f8d16a5",
          "publicNetworkAccess": "Enabled",
          "dataResidencyBoundary": "WithinGeopair"
        },
        "systemData": null,
        "location": "eastus",
        "tags": {},
        "id": "/subscriptions/db1ab6f0-4769-4b27-930e-01e2ef9c123c/resourceGroups/EventGridRG8532/providers/Microsoft.EventGrid/topics/EventGridTopic75",
        "name": "EventGridTopic75",
        "type": "Microsoft.EventGrid/topics"
      }
    },
    {
      "RequestUri": "https://management.azure.com/subscriptions/db1ab6f0-4769-4b27-930e-01e2ef9c123c/resourceGroups/EventGridRG8532/providers/Microsoft.EventGrid/topics/EventGridTopic75?api-version=2022-06-15",
      "RequestMethod": "GET",
      "RequestHeaders": {
        "Accept": "application/json",
        "Authorization": "Sanitized",
        "traceparent": "00-3f02d4288796a947b3853a955be138bb-4c4859d12fc1f346-00",
        "User-Agent": "azsdk-net-ResourceManager.EventGrid/1.0.0-alpha.20221017.1 (.NET Framework 4.8.9075.0; Microsoft Windows 10.0.22621 )",
        "x-ms-client-request-id": "d67f818bcf3205de588e8186a4f5caa3",
        "x-ms-return-client-request-id": "true"
      },
      "RequestBody": null,
      "StatusCode": 200,
      "ResponseHeaders": {
        "Cache-Control": "no-cache",
        "Content-Length": "542",
        "Content-Type": "application/json; charset=utf-8",
        "Date": "Mon, 17 Oct 2022 07:42:27 GMT",
        "Expires": "-1",
        "Pragma": "no-cache",
        "Server": "Microsoft-HTTPAPI/2.0",
        "Strict-Transport-Security": "max-age=31536000; includeSubDomains",
        "X-Content-Type-Options": "nosniff",
        "x-ms-correlation-request-id": "707873c3-b51b-4568-85fe-fa92f44b5eaf",
        "x-ms-ratelimit-remaining-subscription-reads": "11962",
        "x-ms-request-id": "925fe7a4-ad7f-46b7-9a65-5f25ef65343f",
        "x-ms-routing-request-id": "SOUTHEASTASIA:20221017T074228Z:707873c3-b51b-4568-85fe-fa92f44b5eaf"
      },
      "ResponseBody": {
        "properties": {
          "provisioningState": "Succeeded",
          "endpoint": "https://eventgridtopic75.eastus-1.eventgrid.azure.net/api/events",
          "inputSchema": "EventGridSchema",
          "metricResourceId": "612b3461-823d-4a6f-9dcd-e3643f8d16a5",
          "publicNetworkAccess": "Enabled",
          "dataResidencyBoundary": "WithinGeopair"
        },
        "systemData": null,
        "location": "eastus",
        "tags": {},
        "id": "/subscriptions/db1ab6f0-4769-4b27-930e-01e2ef9c123c/resourceGroups/EventGridRG8532/providers/Microsoft.EventGrid/topics/EventGridTopic75",
        "name": "EventGridTopic75",
        "type": "Microsoft.EventGrid/topics"
      }
    }
  ],
  "Variables": {
    "AZURE_AUTHORITY_HOST": "https://login.microsoftonline.com",
    "DateTimeOffsetNow": "2022-10-17T15:42:04.3090728\u002B08:00",
    "RandomSeed": "1614195116",
    "RESOURCE_MANAGER_URL": null,
    "SUBSCRIPTION_ID": "db1ab6f0-4769-4b27-930e-01e2ef9c123c"
  }
}
