{
  "Entries": [
    {
      "RequestUri": "/subscriptions/80d4fe69-c95b-4dd2-a938-9250f1c8ab03/resourceGroups/flowrg/providers/Microsoft.Logic/integrationAccounts?api-version=2019-05-01",
      "EncodedRequestUri": "L3N1YnNjcmlwdGlvbnMvODBkNGZlNjktYzk1Yi00ZGQyLWE5MzgtOTI1MGYxYzhhYjAzL3Jlc291cmNlR3JvdXBzL2Zsb3dyZy9wcm92aWRlcnMvTWljcm9zb2Z0LkxvZ2ljL2ludGVncmF0aW9uQWNjb3VudHM/YXBpLXZlcnNpb249MjAxOS0wNS0wMQ==",
      "RequestMethod": "GET",
      "RequestBody": "",
      "RequestHeaders": {
        "x-ms-client-request-id": [
          "951ab2ab-fc52-4c98-a4e9-d28413860558"
        ],
        "Accept-Language": [
          "en-US"
        ],
        "User-Agent": [
          "FxVersion/4.6.28207.04",
          "OSName/Windows",
          "OSVersion/Microsoft.Windows.10.0.18363.",
          "Microsoft.Azure.Management.Logic.LogicManagementClient/4.1.0.0"
        ]
      },
      "ResponseHeaders": {
        "Cache-Control": [
          "no-cache"
        ],
        "Pragma": [
          "no-cache"
        ],
        "x-ms-ratelimit-remaining-subscription-reads": [
          "11998"
        ],
        "x-ms-request-id": [
          "269ad344-1c74-43e0-a4aa-91a0b722c63a"
        ],
        "x-ms-correlation-request-id": [
          "269ad344-1c74-43e0-a4aa-91a0b722c63a"
        ],
        "x-ms-routing-request-id": [
          "WESTUS:20191219T091702Z:269ad344-1c74-43e0-a4aa-91a0b722c63a"
        ],
        "Strict-Transport-Security": [
          "max-age=31536000; includeSubDomains"
        ],
        "X-Content-Type-Options": [
          "nosniff"
        ],
        "Date": [
          "Thu, 19 Dec 2019 09:17:02 GMT"
        ],
        "Content-Type": [
          "application/json; charset=utf-8"
        ],
        "Expires": [
          "-1"
        ],
        "Content-Length": [
          "12"
        ]
      },
      "ResponseBody": "{\r\n  \"value\": []\r\n}",
      "StatusCode": 200
    },
    {
      "RequestUri": "/subscriptions/80d4fe69-c95b-4dd2-a938-9250f1c8ab03/resourceGroups/flowrg/providers/Microsoft.Logic/workflows?api-version=2019-05-01",
      "EncodedRequestUri": "L3N1YnNjcmlwdGlvbnMvODBkNGZlNjktYzk1Yi00ZGQyLWE5MzgtOTI1MGYxYzhhYjAzL3Jlc291cmNlR3JvdXBzL2Zsb3dyZy9wcm92aWRlcnMvTWljcm9zb2Z0LkxvZ2ljL3dvcmtmbG93cz9hcGktdmVyc2lvbj0yMDE5LTA1LTAx",
      "RequestMethod": "GET",
      "RequestBody": "",
      "RequestHeaders": {
        "x-ms-client-request-id": [
          "c9ae025c-568e-493d-b80f-c93142141d45"
        ],
        "Accept-Language": [
          "en-US"
        ],
        "User-Agent": [
          "FxVersion/4.6.28207.04",
          "OSName/Windows",
          "OSVersion/Microsoft.Windows.10.0.18363.",
          "Microsoft.Azure.Management.Logic.LogicManagementClient/4.1.0.0"
        ]
      },
      "ResponseHeaders": {
        "Cache-Control": [
          "no-cache"
        ],
        "Pragma": [
          "no-cache"
        ],
        "x-ms-ratelimit-remaining-subscription-resource-requests": [
          "19998"
        ],
        "x-ms-request-id": [
          "0de5ce43-752c-446e-8778-41f73a31545e"
        ],
        "x-ms-correlation-request-id": [
          "0de5ce43-752c-446e-8778-41f73a31545e"
        ],
        "x-ms-routing-request-id": [
          "WESTUS:20191219T091702Z:0de5ce43-752c-446e-8778-41f73a31545e"
        ],
        "Strict-Transport-Security": [
          "max-age=31536000; includeSubDomains"
        ],
        "X-Content-Type-Options": [
          "nosniff"
        ],
        "Date": [
          "Thu, 19 Dec 2019 09:17:02 GMT"
        ],
        "Content-Type": [
          "application/json; charset=utf-8"
        ],
        "Expires": [
          "-1"
        ],
        "Content-Length": [
          "12"
        ]
      },
      "ResponseBody": "{\r\n  \"value\": []\r\n}",
      "StatusCode": 200
    },
    {
      "RequestUri": "/subscriptions/80d4fe69-c95b-4dd2-a938-9250f1c8ab03/resourceGroups/flowrg/providers/Microsoft.Logic/workflows/Workflow4704?api-version=2019-05-01",
      "EncodedRequestUri": "L3N1YnNjcmlwdGlvbnMvODBkNGZlNjktYzk1Yi00ZGQyLWE5MzgtOTI1MGYxYzhhYjAzL3Jlc291cmNlR3JvdXBzL2Zsb3dyZy9wcm92aWRlcnMvTWljcm9zb2Z0LkxvZ2ljL3dvcmtmbG93cy9Xb3JrZmxvdzQ3MDQ/YXBpLXZlcnNpb249MjAxOS0wNS0wMQ==",
      "RequestMethod": "PUT",
      "RequestBody": "{\r\n  \"properties\": {\r\n    \"definition\": {\r\n      \"$schema\": \"https://schema.management.azure.com/providers/Microsoft.Logic/schemas/2016-06-01/workflowdefinition.json#\",\r\n      \"contentVersion\": \"1.0.0.0\",\r\n      \"parameters\": {},\r\n      \"triggers\": {\r\n        \"manual\": {\r\n          \"type\": \"Request\",\r\n          \"kind\": \"Http\",\r\n          \"inputs\": {\r\n            \"schema\": {}\r\n          }\r\n        }\r\n      },\r\n      \"actions\": {\r\n        \"Response\": {\r\n          \"runAfter\": {},\r\n          \"type\": \"Response\",\r\n          \"kind\": \"Http\",\r\n          \"inputs\": {\r\n            \"statusCode\": 200\r\n          }\r\n        }\r\n      },\r\n      \"outputs\": {}\r\n    }\r\n  },\r\n  \"location\": \"westus\"\r\n}",
      "RequestHeaders": {
        "x-ms-client-request-id": [
          "356505ad-deb7-40f9-8997-56c9fa403f3f"
        ],
        "Accept-Language": [
          "en-US"
        ],
        "User-Agent": [
          "FxVersion/4.6.28207.04",
          "OSName/Windows",
          "OSVersion/Microsoft.Windows.10.0.18363.",
          "Microsoft.Azure.Management.Logic.LogicManagementClient/4.1.0.0"
        ],
        "Content-Type": [
          "application/json; charset=utf-8"
        ],
        "Content-Length": [
          "688"
        ]
      },
      "ResponseHeaders": {
        "Cache-Control": [
          "no-cache"
        ],
        "Pragma": [
          "no-cache"
        ],
        "x-ms-request-id": [
          "westus:eda076c8-c499-4385-a26e-fd1c498d1fc0"
        ],
        "Strict-Transport-Security": [
          "max-age=31536000; includeSubDomains"
        ],
        "x-ms-ratelimit-remaining-subscription-writes": [
          "1198"
        ],
        "x-ms-correlation-request-id": [
          "53f16223-c63c-4c16-a261-2b0ec3be8aa7"
        ],
        "x-ms-routing-request-id": [
          "WESTUS:20191219T091703Z:53f16223-c63c-4c16-a261-2b0ec3be8aa7"
        ],
        "X-Content-Type-Options": [
          "nosniff"
        ],
        "Date": [
          "Thu, 19 Dec 2019 09:17:03 GMT"
        ],
        "Content-Length": [
          "1444"
        ],
        "Content-Type": [
          "application/json; charset=utf-8"
        ],
        "Expires": [
          "-1"
        ]
      },
      "ResponseBody": "{\r\n  \"properties\": {\r\n    \"provisioningState\": \"Succeeded\",\r\n    \"createdTime\": \"2019-12-19T09:17:03.0015324Z\",\r\n    \"changedTime\": \"2019-12-19T09:17:02.9999603Z\",\r\n    \"state\": \"Enabled\",\r\n    \"version\": \"08586248598625344923\",\r\n    \"accessEndpoint\": \"https://prod-116.westus.logic.azure.com:443/workflows/e3aa896a1cc14d929ee9437279c5e090\",\r\n    \"definition\": {\r\n      \"$schema\": \"https://schema.management.azure.com/providers/Microsoft.Logic/schemas/2016-06-01/workflowdefinition.json#\",\r\n      \"contentVersion\": \"1.0.0.0\",\r\n      \"parameters\": {},\r\n      \"triggers\": {\r\n        \"manual\": {\r\n          \"type\": \"Request\",\r\n          \"kind\": \"Http\",\r\n          \"inputs\": {\r\n            \"schema\": {}\r\n          }\r\n        }\r\n      },\r\n      \"actions\": {\r\n        \"Response\": {\r\n          \"runAfter\": {},\r\n          \"type\": \"Response\",\r\n          \"kind\": \"Http\",\r\n          \"inputs\": {\r\n            \"statusCode\": 200\r\n          }\r\n        }\r\n      },\r\n      \"outputs\": {}\r\n    },\r\n    \"parameters\": {},\r\n    \"endpointsConfiguration\": {\r\n      \"workflow\": {\r\n        \"outgoingIpAddresses\": [\r\n          {\r\n            \"address\": \"52.160.92.112\"\r\n          },\r\n          {\r\n            \"address\": \"40.118.244.241\"\r\n          },\r\n          {\r\n            \"address\": \"40.118.241.243\"\r\n          },\r\n          {\r\n            \"address\": \"157.56.162.53\"\r\n          },\r\n          {\r\n            \"address\": \"157.56.167.147\"\r\n          },\r\n          {\r\n            \"address\": \"104.42.49.145\"\r\n          },\r\n          {\r\n            \"address\": \"40.83.164.80\"\r\n          },\r\n          {\r\n            \"address\": \"104.42.38.32\"\r\n          }\r\n        ],\r\n        \"accessEndpointIpAddresses\": [\r\n          {\r\n            \"address\": \"52.160.90.237\"\r\n          },\r\n          {\r\n            \"address\": \"138.91.188.137\"\r\n          },\r\n          {\r\n            \"address\": \"13.91.252.184\"\r\n          },\r\n          {\r\n            \"address\": \"157.56.160.212 \"\r\n          }\r\n        ]\r\n      },\r\n      \"connector\": {\r\n        \"outgoingIpAddresses\": [\r\n          {\r\n            \"address\": \"40.112.243.160/28\"\r\n          },\r\n          {\r\n            \"address\": \"104.40.51.248\"\r\n          },\r\n          {\r\n            \"address\": \"104.42.122.49\"\r\n          }\r\n        ]\r\n      }\r\n    }\r\n  },\r\n  \"id\": \"/subscriptions/80d4fe69-c95b-4dd2-a938-9250f1c8ab03/resourceGroups/flowrg/providers/Microsoft.Logic/workflows/Workflow4704\",\r\n  \"name\": \"Workflow4704\",\r\n  \"type\": \"Microsoft.Logic/workflows\",\r\n  \"location\": \"westus\"\r\n}",
      "StatusCode": 201
    },
    {
      "RequestUri": "/subscriptions/80d4fe69-c95b-4dd2-a938-9250f1c8ab03/resourceGroups/flowrg/providers/Microsoft.Logic/workflows/Workflow4704/triggers/manual/histories?api-version=2019-05-01",
      "EncodedRequestUri": "L3N1YnNjcmlwdGlvbnMvODBkNGZlNjktYzk1Yi00ZGQyLWE5MzgtOTI1MGYxYzhhYjAzL3Jlc291cmNlR3JvdXBzL2Zsb3dyZy9wcm92aWRlcnMvTWljcm9zb2Z0LkxvZ2ljL3dvcmtmbG93cy9Xb3JrZmxvdzQ3MDQvdHJpZ2dlcnMvbWFudWFsL2hpc3Rvcmllcz9hcGktdmVyc2lvbj0yMDE5LTA1LTAx",
      "RequestMethod": "GET",
      "RequestBody": "",
      "RequestHeaders": {
        "x-ms-client-request-id": [
          "0c3b8629-703c-4857-864f-b0ace97e9d53"
        ],
        "Accept-Language": [
          "en-US"
        ],
        "User-Agent": [
          "FxVersion/4.6.28207.04",
          "OSName/Windows",
          "OSVersion/Microsoft.Windows.10.0.18363.",
          "Microsoft.Azure.Management.Logic.LogicManagementClient/4.1.0.0"
        ]
      },
      "ResponseHeaders": {
        "Cache-Control": [
          "no-cache"
        ],
        "Pragma": [
          "no-cache"
        ],
        "Vary": [
          "Accept-Encoding"
        ],
        "x-ms-request-id": [
          "westus:8b179251-9282-4410-9a84-094e0f39d150"
        ],
        "Strict-Transport-Security": [
          "max-age=31536000; includeSubDomains"
        ],
        "x-ms-ratelimit-remaining-subscription-resource-requests": [
          "19999"
        ],
        "x-ms-correlation-request-id": [
          "d0b61229-da89-402a-a90d-a7f5c5f35a52"
        ],
        "x-ms-routing-request-id": [
          "WESTUS:20191219T091703Z:d0b61229-da89-402a-a90d-a7f5c5f35a52"
        ],
        "X-Content-Type-Options": [
          "nosniff"
        ],
        "Date": [
          "Thu, 19 Dec 2019 09:17:03 GMT"
        ],
        "Content-Length": [
          "12"
        ],
        "Content-Type": [
          "application/json; charset=utf-8"
        ],
        "Expires": [
          "-1"
        ]
      },
      "ResponseBody": "{\r\n  \"value\": []\r\n}",
      "StatusCode": 200
    },
    {
      "RequestUri": "/subscriptions/80d4fe69-c95b-4dd2-a938-9250f1c8ab03/resourceGroups/flowrg/providers/Microsoft.Logic/workflows/Workflow4704/triggers/manual/histories?api-version=2019-05-01",
      "EncodedRequestUri": "L3N1YnNjcmlwdGlvbnMvODBkNGZlNjktYzk1Yi00ZGQyLWE5MzgtOTI1MGYxYzhhYjAzL3Jlc291cmNlR3JvdXBzL2Zsb3dyZy9wcm92aWRlcnMvTWljcm9zb2Z0LkxvZ2ljL3dvcmtmbG93cy9Xb3JrZmxvdzQ3MDQvdHJpZ2dlcnMvbWFudWFsL2hpc3Rvcmllcz9hcGktdmVyc2lvbj0yMDE5LTA1LTAx",
      "RequestMethod": "GET",
      "RequestBody": "",
      "RequestHeaders": {
        "x-ms-client-request-id": [
          "e3059069-b8b1-49e1-893b-e908ff2d7dff"
        ],
        "Accept-Language": [
          "en-US"
        ],
        "User-Agent": [
          "FxVersion/4.6.28207.04",
          "OSName/Windows",
          "OSVersion/Microsoft.Windows.10.0.18363.",
          "Microsoft.Azure.Management.Logic.LogicManagementClient/4.1.0.0"
        ]
      },
      "ResponseHeaders": {
        "Cache-Control": [
          "no-cache"
        ],
        "Pragma": [
          "no-cache"
        ],
        "Vary": [
          "Accept-Encoding"
        ],
        "x-ms-request-id": [
          "westus:cacd2d36-7bff-41bc-9392-6550eed8cd2e"
        ],
        "Strict-Transport-Security": [
          "max-age=31536000; includeSubDomains"
        ],
        "x-ms-ratelimit-remaining-subscription-resource-requests": [
          "19998"
        ],
        "x-ms-correlation-request-id": [
          "450c4e2c-9c7b-4640-8c5d-7ba22603d8fd"
        ],
        "x-ms-routing-request-id": [
          "WESTUS:20191219T091704Z:450c4e2c-9c7b-4640-8c5d-7ba22603d8fd"
        ],
        "X-Content-Type-Options": [
          "nosniff"
        ],
        "Date": [
          "Thu, 19 Dec 2019 09:17:03 GMT"
        ],
        "Content-Length": [
          "3750"
        ],
        "Content-Type": [
          "application/json; charset=utf-8"
        ],
        "Expires": [
          "-1"
        ]
      },
      "ResponseBody": "{\r\n  \"value\": [\r\n    {\r\n      \"properties\": {\r\n        \"startTime\": \"2019-12-19T09:17:03.9374728Z\",\r\n        \"endTime\": \"2019-12-19T09:17:03.9911755Z\",\r\n        \"status\": \"Succeeded\",\r\n        \"correlation\": {\r\n          \"clientTrackingId\": \"08586248598615381464238823931CU116\"\r\n        },\r\n        \"inputsLink\": {\r\n          \"uri\": \"https://prod-116.westus.logic.azure.com:443/workflows/e3aa896a1cc14d929ee9437279c5e090/triggers/manual/histories/08586248598615381464238823931CU116/contents/TriggerInputs?api-version=2019-05-01&se=2019-12-19T13%3A00%3A00.0000000Z&sp=%2Ftriggers%2Fmanual%2Fhistories%2F08586248598615381464238823931CU116%2Fcontents%2FTriggerInputs%2Fread&sv=1.0&sig=E8whtqkYPKCh15O0bXZdmYQlw-cu6hb561MXGbXAnmM\",\r\n          \"contentSize\": 13\r\n        },\r\n        \"outputsLink\": {\r\n          \"uri\": \"https://prod-116.westus.logic.azure.com:443/workflows/e3aa896a1cc14d929ee9437279c5e090/triggers/manual/histories/08586248598615381464238823931CU116/contents/TriggerOutputs?api-version=2019-05-01&se=2019-12-19T13%3A00%3A00.0000000Z&sp=%2Ftriggers%2Fmanual%2Fhistories%2F08586248598615381464238823931CU116%2Fcontents%2FTriggerOutputs%2Fread&sv=1.0&sig=j2BM04cQp1XQo2Xps_XboMkzDJ8-r32QKWzboSJxDeQ\",\r\n          \"contentSize\": 2078\r\n        },\r\n        \"fired\": true,\r\n        \"run\": {\r\n          \"name\": \"08586248598615381464238823931CU116\",\r\n          \"id\": \"/subscriptions/80d4fe69-c95b-4dd2-a938-9250f1c8ab03/resourceGroups/flowrg/providers/Microsoft.Logic/workflows/Workflow4704/runs/08586248598615381464238823931CU116\",\r\n          \"type\": \"Microsoft.Logic/workflows/runs\"\r\n        },\r\n        \"workflow\": {\r\n          \"id\": \"/subscriptions/80d4fe69-c95b-4dd2-a938-9250f1c8ab03/resourceGroups/flowrg/providers/Microsoft.Logic/workflows/Workflow4704/versions/08586248598625344923\",\r\n          \"name\": \"08586248598625344923\",\r\n          \"type\": \"Microsoft.Logic/workflows/versions\"\r\n        }\r\n      },\r\n      \"id\": \"/subscriptions/80d4fe69-c95b-4dd2-a938-9250f1c8ab03/resourceGroups/flowrg/providers/Microsoft.Logic/workflows/Workflow4704/triggers/manual/histories/08586248598615381464238823931CU116\",\r\n      \"name\": \"08586248598615381464238823931CU116\",\r\n      \"type\": \"Microsoft.Logic/workflows/triggers/histories\"\r\n    },\r\n    {\r\n      \"properties\": {\r\n        \"startTime\": \"2019-12-19T09:17:03.6874708Z\",\r\n        \"endTime\": \"2019-12-19T09:17:03.8826806Z\",\r\n        \"status\": \"Succeeded\",\r\n        \"correlation\": {\r\n          \"clientTrackingId\": \"08586248598617801116393961261CU71\"\r\n        },\r\n        \"inputsLink\": {\r\n          \"uri\": \"https://prod-116.westus.logic.azure.com:443/workflows/e3aa896a1cc14d929ee9437279c5e090/triggers/manual/histories/08586248598617801116393961261CU71/contents/TriggerInputs?api-version=2019-05-01&se=2019-12-19T13%3A00%3A00.0000000Z&sp=%2Ftriggers%2Fmanual%2Fhistories%2F08586248598617801116393961261CU71%2Fcontents%2FTriggerInputs%2Fread&sv=1.0&sig=wMQe7q8wWyZgMHPUEH7CBk8u6f2CqhvUuw0H8bFp4Xc\",\r\n          \"contentSize\": 13\r\n        },\r\n        \"outputsLink\": {\r\n          \"uri\": \"https://prod-116.westus.logic.azure.com:443/workflows/e3aa896a1cc14d929ee9437279c5e090/triggers/manual/histories/08586248598617801116393961261CU71/contents/TriggerOutputs?api-version=2019-05-01&se=2019-12-19T13%3A00%3A00.0000000Z&sp=%2Ftriggers%2Fmanual%2Fhistories%2F08586248598617801116393961261CU71%2Fcontents%2FTriggerOutputs%2Fread&sv=1.0&sig=QYgLWZ3-0tOiiM5Cqxjqz0tldgz7ggwrrhbILMhT7HI\",\r\n          \"contentSize\": 2078\r\n        },\r\n        \"fired\": true,\r\n        \"run\": {\r\n          \"name\": \"08586248598617801116393961261CU71\",\r\n          \"id\": \"/subscriptions/80d4fe69-c95b-4dd2-a938-9250f1c8ab03/resourceGroups/flowrg/providers/Microsoft.Logic/workflows/Workflow4704/runs/08586248598617801116393961261CU71\",\r\n          \"type\": \"Microsoft.Logic/workflows/runs\"\r\n        },\r\n        \"workflow\": {\r\n          \"id\": \"/subscriptions/80d4fe69-c95b-4dd2-a938-9250f1c8ab03/resourceGroups/flowrg/providers/Microsoft.Logic/workflows/Workflow4704/versions/08586248598625344923\",\r\n          \"name\": \"08586248598625344923\",\r\n          \"type\": \"Microsoft.Logic/workflows/versions\"\r\n        }\r\n      },\r\n      \"id\": \"/subscriptions/80d4fe69-c95b-4dd2-a938-9250f1c8ab03/resourceGroups/flowrg/providers/Microsoft.Logic/workflows/Workflow4704/triggers/manual/histories/08586248598617801116393961261CU71\",\r\n      \"name\": \"08586248598617801116393961261CU71\",\r\n      \"type\": \"Microsoft.Logic/workflows/triggers/histories\"\r\n    }\r\n  ]\r\n}",
      "StatusCode": 200
    },
    {
      "RequestUri": "/subscriptions/80d4fe69-c95b-4dd2-a938-9250f1c8ab03/resourceGroups/flowrg/providers/Microsoft.Logic/workflows/Workflow4704/triggers/manual/run?api-version=2019-05-01",
      "EncodedRequestUri": "L3N1YnNjcmlwdGlvbnMvODBkNGZlNjktYzk1Yi00ZGQyLWE5MzgtOTI1MGYxYzhhYjAzL3Jlc291cmNlR3JvdXBzL2Zsb3dyZy9wcm92aWRlcnMvTWljcm9zb2Z0LkxvZ2ljL3dvcmtmbG93cy9Xb3JrZmxvdzQ3MDQvdHJpZ2dlcnMvbWFudWFsL3J1bj9hcGktdmVyc2lvbj0yMDE5LTA1LTAx",
      "RequestMethod": "POST",
      "RequestBody": "",
      "RequestHeaders": {
        "x-ms-client-request-id": [
          "448662b5-2a6f-472a-8928-fa6dbc7dbfa5"
        ],
        "Accept-Language": [
          "en-US"
        ],
        "User-Agent": [
          "FxVersion/4.6.28207.04",
          "OSName/Windows",
          "OSVersion/Microsoft.Windows.10.0.18363.",
          "Microsoft.Azure.Management.Logic.LogicManagementClient/4.1.0.0"
        ]
      },
      "ResponseHeaders": {
        "Cache-Control": [
          "no-cache"
        ],
        "Pragma": [
          "no-cache"
        ],
        "x-ms-workflow-run-id": [
          "08586248598617801116393961261CU71"
        ],
        "x-ms-correlation-id": [
          "43425039-beca-44b9-8319-e79fcbc3e58d"
        ],
        "x-ms-client-tracking-id": [
          "08586248598617801116393961261CU71"
        ],
        "x-ms-trigger-history-name": [
          "08586248598617801116393961261CU71"
        ],
        "x-ms-execution-location": [
          "westus"
        ],
        "x-ms-workflow-system-id": [
          "/locations/westus/scaleunits/prod-116/workflows/e3aa896a1cc14d929ee9437279c5e090"
        ],
        "x-ms-workflow-id": [
          "e3aa896a1cc14d929ee9437279c5e090"
        ],
        "x-ms-workflow-version": [
          "08586248598625344923"
        ],
        "x-ms-workflow-name": [
          "Workflow4704"
        ],
        "x-ms-tracking-id": [
          "43425039-beca-44b9-8319-e79fcbc3e58d"
        ],
        "x-ms-request-id": [
          "westus:43425039-beca-44b9-8319-e79fcbc3e58d"
        ],
        "Strict-Transport-Security": [
          "max-age=31536000; includeSubDomains"
        ],
        "x-ms-ratelimit-remaining-subscription-resource-requests": [
          "4999"
        ],
        "x-ms-correlation-request-id": [
          "c31154ba-8e59-4e25-9d8f-afc73de10d85"
        ],
        "x-ms-routing-request-id": [
          "WESTUS:20191219T091703Z:c31154ba-8e59-4e25-9d8f-afc73de10d85"
        ],
        "X-Content-Type-Options": [
          "nosniff"
        ],
        "Date": [
          "Thu, 19 Dec 2019 09:17:03 GMT"
        ],
        "Expires": [
          "-1"
        ],
        "Content-Length": [
          "0"
        ]
      },
      "ResponseBody": "",
      "StatusCode": 202
    },
    {
      "RequestUri": "/subscriptions/80d4fe69-c95b-4dd2-a938-9250f1c8ab03/resourceGroups/flowrg/providers/Microsoft.Logic/workflows/Workflow4704/triggers/manual/run?api-version=2019-05-01",
      "EncodedRequestUri": "L3N1YnNjcmlwdGlvbnMvODBkNGZlNjktYzk1Yi00ZGQyLWE5MzgtOTI1MGYxYzhhYjAzL3Jlc291cmNlR3JvdXBzL2Zsb3dyZy9wcm92aWRlcnMvTWljcm9zb2Z0LkxvZ2ljL3dvcmtmbG93cy9Xb3JrZmxvdzQ3MDQvdHJpZ2dlcnMvbWFudWFsL3J1bj9hcGktdmVyc2lvbj0yMDE5LTA1LTAx",
      "RequestMethod": "POST",
      "RequestBody": "",
      "RequestHeaders": {
        "x-ms-client-request-id": [
          "2730c5e1-094f-410f-b0e3-1cd89ac76532"
        ],
        "Accept-Language": [
          "en-US"
        ],
        "User-Agent": [
          "FxVersion/4.6.28207.04",
          "OSName/Windows",
          "OSVersion/Microsoft.Windows.10.0.18363.",
          "Microsoft.Azure.Management.Logic.LogicManagementClient/4.1.0.0"
        ]
      },
      "ResponseHeaders": {
        "Cache-Control": [
          "no-cache"
        ],
        "Pragma": [
          "no-cache"
        ],
        "x-ms-workflow-run-id": [
          "08586248598615381464238823931CU116"
        ],
        "x-ms-correlation-id": [
          "e7452267-a371-48fa-b5da-214171c242f5"
        ],
        "x-ms-client-tracking-id": [
          "08586248598615381464238823931CU116"
        ],
        "x-ms-trigger-history-name": [
          "08586248598615381464238823931CU116"
        ],
        "x-ms-execution-location": [
          "westus"
        ],
        "x-ms-workflow-system-id": [
          "/locations/westus/scaleunits/prod-116/workflows/e3aa896a1cc14d929ee9437279c5e090"
        ],
        "x-ms-workflow-id": [
          "e3aa896a1cc14d929ee9437279c5e090"
        ],
        "x-ms-workflow-version": [
          "08586248598625344923"
        ],
        "x-ms-workflow-name": [
          "Workflow4704"
        ],
        "x-ms-tracking-id": [
          "e7452267-a371-48fa-b5da-214171c242f5"
        ],
        "x-ms-request-id": [
          "westus:e7452267-a371-48fa-b5da-214171c242f5"
        ],
        "Strict-Transport-Security": [
          "max-age=31536000; includeSubDomains"
        ],
        "x-ms-ratelimit-remaining-subscription-resource-requests": [
          "4998"
        ],
        "x-ms-correlation-request-id": [
          "26d50153-9b74-4f45-a49b-e3c39fe4d24b"
        ],
        "x-ms-routing-request-id": [
          "WESTUS:20191219T091704Z:26d50153-9b74-4f45-a49b-e3c39fe4d24b"
        ],
        "X-Content-Type-Options": [
          "nosniff"
        ],
        "Date": [
          "Thu, 19 Dec 2019 09:17:03 GMT"
        ],
        "Expires": [
          "-1"
        ],
        "Content-Length": [
          "0"
        ]
      },
      "ResponseBody": "",
      "StatusCode": 202
    },
    {
      "RequestUri": "/subscriptions/80d4fe69-c95b-4dd2-a938-9250f1c8ab03/resourceGroups/flowrg/providers/Microsoft.Logic/workflows/Workflow4704?api-version=2019-05-01",
      "EncodedRequestUri": "L3N1YnNjcmlwdGlvbnMvODBkNGZlNjktYzk1Yi00ZGQyLWE5MzgtOTI1MGYxYzhhYjAzL3Jlc291cmNlR3JvdXBzL2Zsb3dyZy9wcm92aWRlcnMvTWljcm9zb2Z0LkxvZ2ljL3dvcmtmbG93cy9Xb3JrZmxvdzQ3MDQ/YXBpLXZlcnNpb249MjAxOS0wNS0wMQ==",
      "RequestMethod": "DELETE",
      "RequestBody": "",
      "RequestHeaders": {
        "x-ms-client-request-id": [
          "76e85510-45e3-4052-a6c7-1d689a542253"
        ],
        "Accept-Language": [
          "en-US"
        ],
        "User-Agent": [
          "FxVersion/4.6.28207.04",
          "OSName/Windows",
          "OSVersion/Microsoft.Windows.10.0.18363.",
          "Microsoft.Azure.Management.Logic.LogicManagementClient/4.1.0.0"
        ]
      },
      "ResponseHeaders": {
        "Cache-Control": [
          "no-cache"
        ],
        "Pragma": [
          "no-cache"
        ],
        "x-ms-request-id": [
          "westus:eae7373f-6950-40e1-a862-889cac897eb8"
        ],
        "Strict-Transport-Security": [
          "max-age=31536000; includeSubDomains"
        ],
        "x-ms-ratelimit-remaining-subscription-deletes": [
          "14998"
        ],
        "x-ms-correlation-request-id": [
          "172944c8-5620-43be-b8e9-455e85ec399d"
        ],
        "x-ms-routing-request-id": [
          "WESTUS:20191219T091704Z:172944c8-5620-43be-b8e9-455e85ec399d"
        ],
        "X-Content-Type-Options": [
          "nosniff"
        ],
        "Date": [
          "Thu, 19 Dec 2019 09:17:04 GMT"
        ],
        "Expires": [
          "-1"
        ],
        "Content-Length": [
          "0"
        ]
      },
      "ResponseBody": "",
      "StatusCode": 200
    }
  ],
  "Names": {
    "WorkflowTriggerHistories_List_OK": [
      "Workflow4704"
    ]
  },
  "Variables": {
    "SubscriptionId": "80d4fe69-c95b-4dd2-a938-9250f1c8ab03"
  }
}