{
  "Entries": [
    {
      "RequestUri": "https://hmlam-cbn04-503.servicebus.windows.net/$schemaGroups/hmlam-json1/schemas/test-12963?api-version=2021-10",
      "RequestMethod": "PUT",
      "RequestHeaders": {
        "Accept": "application/json",
        "Authorization": "Sanitized",
        "Connection": "keep-alive",
        "Content-Length": "460",
        "Content-Type": "application/json",
        "User-Agent": "azsdk-net-Data.SchemaRegistry/1.3.0-alpha.20221011.1 (.NET Framework 4.8.4515.0; Microsoft Windows 10.0.19044 )",
        "x-ms-client-request-id": "401ae92a8c9ee72332890ceb426395fd",
        "x-ms-return-client-request-id": "true"
      },
      "RequestBody": {
        "$id": "1",
        "$schema": "Json",
        "title": "Person",
        "type": "object",
        "properties": {
          "firstName": {
            "type": "string",
            "description": "The person\u0027s first name."
          },
          "lastName": {
            "type": "string",
            "description": "The person\u0027s last name."
          },
          "age": {
            "description": "Age in years which must be equal to or greater than zero.",
            "type": "integer",
            "minimum": 0
          }
        }
      },
      "StatusCode": 204,
      "ResponseHeaders": {
        "Content-Length": "0",
        "Date": "Tue, 11 Oct 2022 15:17:16 GMT",
        "Location": "https://hmlam-cbn04-503.servicebus.windows.net/$schemagroups/hmlam-json1/schemas/test-12963/versions/1?api-version=2021-10",
        "Schema-Group-Name": "hmlam-json1",
        "Schema-Id": "9a1cd3b590f747079c274ce8ac395339",
        "Schema-Id-Location": "https://hmlam-cbn04-503.servicebus.windows.net:443/$schemagroups/$schemas/9a1cd3b590f747079c274ce8ac395339?api-version=2021-10",
        "Schema-Name": "test-12963",
        "Schema-Version": "1",
        "Schema-Versions-Location": "https://hmlam-cbn04-503.servicebus.windows.net:443/$schemagroups/hmlam-json1/schemas/test-12963/versions?api-version=2021-10",
        "Server": "Microsoft-HTTPAPI/2.0",
        "Strict-Transport-Security": "max-age=31536000"
      },
      "ResponseBody": null
    },
    {
      "RequestUri": "https://hmlam-cbn04-503.servicebus.windows.net/$schemaGroups/hmlam-json1/schemas/test-12963?api-version=2021-10",
      "RequestMethod": "PUT",
      "RequestHeaders": {
        "Accept": "application/json",
        "Authorization": "Sanitized",
        "Content-Length": "463",
        "Content-Type": "application/json",
        "User-Agent": "azsdk-net-Data.SchemaRegistry/1.3.0-alpha.20221011.1 (.NET Framework 4.8.4515.0; Microsoft Windows 10.0.19044 )",
        "x-ms-client-request-id": "4cb5ad9ea39a6650b4b81a6030406e2b",
        "x-ms-return-client-request-id": "true"
      },
      "RequestBody": {
        "$id": "2",
        "$schema": "Json",
        "title": "Person_V2",
        "type": "object",
        "properties": {
          "firstName": {
            "type": "string",
            "description": "The person\u0027s first name."
          },
          "lastName": {
            "type": "string",
            "description": "The person\u0027s last name."
          },
          "age": {
            "description": "Age in years which must be equal to or greater than zero.",
            "type": "integer",
            "minimum": 0
          }
        }
      },
      "StatusCode": 204,
      "ResponseHeaders": {
        "Content-Length": "0",
        "Date": "Tue, 11 Oct 2022 15:17:17 GMT",
        "Location": "https://hmlam-cbn04-503.servicebus.windows.net/$schemagroups/hmlam-json1/schemas/test-12963/versions/2?api-version=2021-10",
        "Schema-Group-Name": "hmlam-json1",
        "Schema-Id": "6825b301cc4c4d599fc6a0d26ffe1a1f",
        "Schema-Id-Location": "https://hmlam-cbn04-503.servicebus.windows.net:443/$schemagroups/$schemas/6825b301cc4c4d599fc6a0d26ffe1a1f?api-version=2021-10",
        "Schema-Name": "test-12963",
        "Schema-Version": "2",
        "Schema-Versions-Location": "https://hmlam-cbn04-503.servicebus.windows.net:443/$schemagroups/hmlam-json1/schemas/test-12963/versions?api-version=2021-10",
        "Server": "Microsoft-HTTPAPI/2.0",
        "Strict-Transport-Security": "max-age=31536000"
      },
      "ResponseBody": null
    },
    {
      "RequestUri": "https://hmlam-cbn04-503.servicebus.windows.net/$schemaGroups/hmlam-json1/schemas/test-12963/versions/1?api-version=2021-10",
      "RequestMethod": "GET",
      "RequestHeaders": {
        "Accept": "application/json",
        "Authorization": "Sanitized",
        "User-Agent": "azsdk-net-Data.SchemaRegistry/1.3.0-alpha.20221011.1 (.NET Framework 4.8.4515.0; Microsoft Windows 10.0.19044 )",
        "x-ms-client-request-id": "3ed9e309b388857b397ca3b60e3bed86",
        "x-ms-return-client-request-id": "true"
      },
      "RequestBody": null,
      "StatusCode": 200,
      "ResponseHeaders": {
        "Content-Type": "application/schema\u002Bjson",
        "Date": "Tue, 11 Oct 2022 15:17:17 GMT",
        "Location": "https://hmlam-cbn04-503.servicebus.windows.net/$schemagroups/hmlam-json1/schemas/test-12963/versions/1?api-version=2021-10",
        "Schema-Group-Name": "hmlam-json1",
        "Schema-Id": "9a1cd3b590f747079c274ce8ac395339",
        "Schema-Id-Location": "https://hmlam-cbn04-503.servicebus.windows.net:443/$schemagroups/$schemas/9a1cd3b590f747079c274ce8ac395339?api-version=2021-10",
        "Schema-Name": "test-12963",
        "Schema-Version": "1",
        "Schema-Versions-Location": "https://hmlam-cbn04-503.servicebus.windows.net:443/$schemagroups/hmlam-json1/schemas/test-12963/versions?api-version=2021-10",
        "Server": "Microsoft-HTTPAPI/2.0",
        "Strict-Transport-Security": "max-age=31536000",
        "Transfer-Encoding": "chunked"
      },
      "ResponseBody": {
        "$id": "1",
        "$schema": "Json",
        "title": "Person",
        "type": "object",
        "properties": {
          "firstName": {
            "type": "string",
            "description": "The person\u0027s first name."
          },
          "lastName": {
            "type": "string",
            "description": "The person\u0027s last name."
          },
          "age": {
            "description": "Age in years which must be equal to or greater than zero.",
            "type": "integer",
            "minimum": 0
          }
        }
      }
    },
    {
      "RequestUri": "https://hmlam-cbn04-503.servicebus.windows.net/$schemaGroups/hmlam-json1/schemas/test-12963/versions/2?api-version=2021-10",
      "RequestMethod": "GET",
      "RequestHeaders": {
        "Accept": "application/json",
        "Authorization": "Sanitized",
        "User-Agent": "azsdk-net-Data.SchemaRegistry/1.3.0-alpha.20221011.1 (.NET Framework 4.8.4515.0; Microsoft Windows 10.0.19044 )",
        "x-ms-client-request-id": "c7710a4453ba86c599b38ce572c3b6f2",
        "x-ms-return-client-request-id": "true"
      },
      "RequestBody": null,
      "StatusCode": 200,
      "ResponseHeaders": {
        "Content-Type": "application/schema\u002Bjson",
        "Date": "Tue, 11 Oct 2022 15:17:18 GMT",
        "Location": "https://hmlam-cbn04-503.servicebus.windows.net/$schemagroups/hmlam-json1/schemas/test-12963/versions/2?api-version=2021-10",
        "Schema-Group-Name": "hmlam-json1",
        "Schema-Id": "6825b301cc4c4d599fc6a0d26ffe1a1f",
        "Schema-Id-Location": "https://hmlam-cbn04-503.servicebus.windows.net:443/$schemagroups/$schemas/6825b301cc4c4d599fc6a0d26ffe1a1f?api-version=2021-10",
        "Schema-Name": "test-12963",
        "Schema-Version": "2",
        "Schema-Versions-Location": "https://hmlam-cbn04-503.servicebus.windows.net:443/$schemagroups/hmlam-json1/schemas/test-12963/versions?api-version=2021-10",
        "Server": "Microsoft-HTTPAPI/2.0",
        "Strict-Transport-Security": "max-age=31536000",
        "Transfer-Encoding": "chunked"
      },
      "ResponseBody": {
        "$id": "2",
        "$schema": "Json",
        "title": "Person_V2",
        "type": "object",
        "properties": {
          "firstName": {
            "type": "string",
            "description": "The person\u0027s first name."
          },
          "lastName": {
            "type": "string",
            "description": "The person\u0027s last name."
          },
          "age": {
            "description": "Age in years which must be equal to or greater than zero.",
            "type": "integer",
            "minimum": 0
          }
        }
      }
    }
  ],
  "Variables": {
    "AZURE_AUTHORITY_HOST": "https://login.microsoftonline.com/",
    "RandomSeed": "192127024",
    "SCHEMAREGISTRY_ENDPOINT": "hmlam-cbn04-503.servicebus.windows.net",
    "SCHEMAREGISTRY_GROUP": "hmlam-json1"
  }
}
