{
  "Entries": [
    {
      "RequestUri": "https://mreddingschemaregistry-avro2.servicebus.windows.net/$schemaGroups/azsdk_net_test_group2/schemas/test-51875?api-version=2022-10",
      "RequestMethod": "PUT",
      "RequestHeaders": {
        "Accept": "application/json",
        "Authorization": "Sanitized",
        "Content-Length": "154",
        "Content-Type": "application/json; serialization=Avro",
        "User-Agent": "azsdk-net-Data.SchemaRegistry/1.4.0-alpha.20230201.1 (.NET Framework 4.8.9105.0; Microsoft Windows 10.0.22621 )",
        "x-ms-client-request-id": "3c2ce52af4cd33dfa7c353bfd31952e2",
        "x-ms-return-client-request-id": "true"
      },
      "RequestBody": {
        "type": "record",
        "namespace": "TestSchema",
        "name": "Employee",
        "fields": [
          {
            "name": "Name",
            "type": "string"
          },
          {
            "name": "Age",
            "type": "int"
          }
        ]
      },
      "StatusCode": 204,
      "ResponseHeaders": {
        "Content-Length": "0",
        "Date": "Thu, 02 Feb 2023 22:50:12 GMT",
        "Location": "https://mreddingschemaregistry-avro2.servicebus.windows.net/$schemagroups/azsdk_net_test_group2/schemas/test-51875/versions/1?api-version=2022-10",
        "Schema-Group-Name": "azsdk_net_test_group2",
        "Schema-Id": "bce30e9fbe4e4b52baa25934ea7c35b9",
        "Schema-Id-Location": "https://mreddingschemaregistry-avro2.servicebus.windows.net:443/$schemagroups/$schemas/bce30e9fbe4e4b52baa25934ea7c35b9?api-version=2022-10",
        "Schema-Name": "test-51875",
        "Schema-Version": "1",
        "Schema-Versions-Location": "https://mreddingschemaregistry-avro2.servicebus.windows.net:443/$schemagroups/azsdk_net_test_group2/schemas/test-51875/versions?api-version=2022-10",
        "Server": "Microsoft-HTTPAPI/2.0",
        "Strict-Transport-Security": "max-age=31536000"
      },
      "ResponseBody": null
    },
    {
      "RequestUri": "https://mreddingschemaregistry-avro2.servicebus.windows.net/$schemaGroups/azsdk_net_test_group2/schemas/test-51875?api-version=2022-10",
      "RequestMethod": "PUT",
      "RequestHeaders": {
        "Accept": "application/json",
        "Authorization": "Sanitized",
        "Content-Length": "157",
        "Content-Type": "application/json; serialization=Avro",
        "User-Agent": "azsdk-net-Data.SchemaRegistry/1.4.0-alpha.20230201.1 (.NET Framework 4.8.9105.0; Microsoft Windows 10.0.22621 )",
        "x-ms-client-request-id": "e5046a9bdd98ec5c79071aac75937fd2",
        "x-ms-return-client-request-id": "true"
      },
      "RequestBody": {
        "type": "record",
        "namespace": "TestSchema",
        "name": "Employee_V2",
        "fields": [
          {
            "name": "Name",
            "type": "string"
          },
          {
            "name": "Age",
            "type": "int"
          }
        ]
      },
      "StatusCode": 204,
      "ResponseHeaders": {
        "Content-Length": "0",
        "Date": "Thu, 02 Feb 2023 22:50:12 GMT",
        "Location": "https://mreddingschemaregistry-avro2.servicebus.windows.net/$schemagroups/azsdk_net_test_group2/schemas/test-51875/versions/2?api-version=2022-10",
        "Schema-Group-Name": "azsdk_net_test_group2",
        "Schema-Id": "358de7a6b3ed4127a05cc19d0ac54e96",
        "Schema-Id-Location": "https://mreddingschemaregistry-avro2.servicebus.windows.net:443/$schemagroups/$schemas/358de7a6b3ed4127a05cc19d0ac54e96?api-version=2022-10",
        "Schema-Name": "test-51875",
        "Schema-Version": "2",
        "Schema-Versions-Location": "https://mreddingschemaregistry-avro2.servicebus.windows.net:443/$schemagroups/azsdk_net_test_group2/schemas/test-51875/versions?api-version=2022-10",
        "Server": "Microsoft-HTTPAPI/2.0",
        "Strict-Transport-Security": "max-age=31536000"
      },
      "ResponseBody": null
    },
    {
      "RequestUri": "https://mreddingschemaregistry-avro2.servicebus.windows.net/$schemaGroups/azsdk_net_test_group2/schemas/test-51875/versions/1?api-version=2022-10",
      "RequestMethod": "GET",
      "RequestHeaders": {
        "Accept": "application/json; serialization=Avro, application/json; serialization=json, application/octet-stream",
        "Authorization": "Sanitized",
        "User-Agent": "azsdk-net-Data.SchemaRegistry/1.4.0-alpha.20230201.1 (.NET Framework 4.8.9105.0; Microsoft Windows 10.0.22621 )",
        "x-ms-client-request-id": "3ff87a4f1c534d47f58eb286cf4b4399",
        "x-ms-return-client-request-id": "true"
      },
      "RequestBody": null,
      "StatusCode": 200,
      "ResponseHeaders": {
        "Content-Type": "application/json; serialization=Avro",
        "Date": "Thu, 02 Feb 2023 22:50:13 GMT",
        "Location": "https://mreddingschemaregistry-avro2.servicebus.windows.net/$schemagroups/azsdk_net_test_group2/schemas/test-51875/versions/1?api-version=2022-10",
        "Schema-Group-Name": "azsdk_net_test_group2",
        "Schema-Id": "bce30e9fbe4e4b52baa25934ea7c35b9",
        "Schema-Id-Location": "https://mreddingschemaregistry-avro2.servicebus.windows.net:443/$schemagroups/$schemas/bce30e9fbe4e4b52baa25934ea7c35b9?api-version=2022-10",
        "Schema-Name": "test-51875",
        "Schema-Version": "1",
        "Schema-Versions-Location": "https://mreddingschemaregistry-avro2.servicebus.windows.net:443/$schemagroups/azsdk_net_test_group2/schemas/test-51875/versions?api-version=2022-10",
        "Server": "Microsoft-HTTPAPI/2.0",
        "Strict-Transport-Security": "max-age=31536000",
        "Transfer-Encoding": "chunked"
      },
      "ResponseBody": {
        "type": "record",
        "namespace": "TestSchema",
        "name": "Employee",
        "fields": [
          {
            "name": "Name",
            "type": "string"
          },
          {
            "name": "Age",
            "type": "int"
          }
        ]
      }
    },
    {
      "RequestUri": "https://mreddingschemaregistry-avro2.servicebus.windows.net/$schemaGroups/azsdk_net_test_group2/schemas/test-51875/versions/2?api-version=2022-10",
      "RequestMethod": "GET",
      "RequestHeaders": {
        "Accept": "application/json; serialization=Avro, application/json; serialization=json, application/octet-stream",
        "Authorization": "Sanitized",
        "User-Agent": "azsdk-net-Data.SchemaRegistry/1.4.0-alpha.20230201.1 (.NET Framework 4.8.9105.0; Microsoft Windows 10.0.22621 )",
        "x-ms-client-request-id": "4ae5936369224ccb8940c2c6da33bd14",
        "x-ms-return-client-request-id": "true"
      },
      "RequestBody": null,
      "StatusCode": 200,
      "ResponseHeaders": {
        "Content-Type": "application/json; serialization=Avro",
        "Date": "Thu, 02 Feb 2023 22:50:14 GMT",
        "Location": "https://mreddingschemaregistry-avro2.servicebus.windows.net/$schemagroups/azsdk_net_test_group2/schemas/test-51875/versions/2?api-version=2022-10",
        "Schema-Group-Name": "azsdk_net_test_group2",
        "Schema-Id": "358de7a6b3ed4127a05cc19d0ac54e96",
        "Schema-Id-Location": "https://mreddingschemaregistry-avro2.servicebus.windows.net:443/$schemagroups/$schemas/358de7a6b3ed4127a05cc19d0ac54e96?api-version=2022-10",
        "Schema-Name": "test-51875",
        "Schema-Version": "2",
        "Schema-Versions-Location": "https://mreddingschemaregistry-avro2.servicebus.windows.net:443/$schemagroups/azsdk_net_test_group2/schemas/test-51875/versions?api-version=2022-10",
        "Server": "Microsoft-HTTPAPI/2.0",
        "Strict-Transport-Security": "max-age=31536000",
        "Transfer-Encoding": "chunked"
      },
      "ResponseBody": {
        "type": "record",
        "namespace": "TestSchema",
        "name": "Employee_V2",
        "fields": [
          {
            "name": "Name",
            "type": "string"
          },
          {
            "name": "Age",
            "type": "int"
          }
        ]
      }
    }
  ],
  "Variables": {
    "AZURE_AUTHORITY_HOST": "https://login.microsoftonline.com/",
    "RandomSeed": "1279965412",
    "SCHEMAREGISTRY_ENDPOINT_AVRO2": "mreddingschemaregistry-avro2.servicebus.windows.net",
    "SCHEMAREGISTRY_GROUP2": "azsdk_net_test_group2"
  }
}
