{
  "Entries": [
    {
      "RequestUri": "https://mreddingschemaregistry-custom2.servicebus.windows.net/$schemaGroups/azsdk_net_test_group/schemas/test-14378?api-version=2022-10",
      "RequestMethod": "PUT",
      "RequestHeaders": {
        "Accept": "application/json",
        "Authorization": "Sanitized",
        "Content-Length": "5",
        "Content-Type": "text/plain; charset=utf-8",
        "User-Agent": "azsdk-net-Data.SchemaRegistry/1.4.0-alpha.20230207.1 (.NET 7.0.2; Microsoft Windows 10.0.22621)",
        "x-ms-client-request-id": "e1893b140710b9aa8f69038858cebbb0",
        "x-ms-return-client-request-id": "true"
      },
      "RequestBody": "Hello",
      "StatusCode": 204,
      "ResponseHeaders": {
        "Content-Length": "0",
        "Date": "Wed, 08 Feb 2023 18:01:53 GMT",
        "Location": "https://mreddingschemaregistry-custom2.servicebus.windows.net/$schemagroups/azsdk_net_test_group/schemas/test-14378/versions/1?api-version=2022-10",
        "Schema-Group-Name": "azsdk_net_test_group",
        "Schema-Id": "375b1fc6e40b40a6a8d3b303566a4759",
        "Schema-Id-Location": "https://mreddingschemaregistry-custom2.servicebus.windows.net:443/$schemagroups/$schemas/375b1fc6e40b40a6a8d3b303566a4759?api-version=2022-10",
        "Schema-Name": "test-14378",
        "Schema-Version": "1",
        "Schema-Versions-Location": "https://mreddingschemaregistry-custom2.servicebus.windows.net:443/$schemagroups/azsdk_net_test_group/schemas/test-14378/versions?api-version=2022-10",
        "Server": "Microsoft-HTTPAPI/2.0",
        "Strict-Transport-Security": "max-age=31536000"
      },
      "ResponseBody": null
    },
    {
      "RequestUri": "https://mreddingschemaregistry-custom2.servicebus.windows.net/$schemaGroups/azsdk_net_test_group/schemas/test-14378:get-id?api-version=2022-10",
      "RequestMethod": "POST",
      "RequestHeaders": {
        "Accept": "application/json",
        "Authorization": "Sanitized",
        "Content-Length": "5",
        "Content-Type": "text/plain; charset=utf-8",
        "User-Agent": "azsdk-net-Data.SchemaRegistry/1.4.0-alpha.20230207.1 (.NET 7.0.2; Microsoft Windows 10.0.22621)",
        "x-ms-client-request-id": "0b39ecb295f08b23d92fd9f67c992f75",
        "x-ms-return-client-request-id": "true"
      },
      "RequestBody": "Hello",
      "StatusCode": 204,
      "ResponseHeaders": {
        "Content-Length": "0",
        "Date": "Wed, 08 Feb 2023 18:01:53 GMT",
        "Location": "https://mreddingschemaregistry-custom2.servicebus.windows.net/$schemagroups/azsdk_net_test_group/schemas/test-14378/versions/1?api-version=2022-10",
        "Schema-Group-Name": "azsdk_net_test_group",
        "Schema-Id": "375b1fc6e40b40a6a8d3b303566a4759",
        "Schema-Id-Location": "https://mreddingschemaregistry-custom2.servicebus.windows.net:443/$schemagroups/$schemas/375b1fc6e40b40a6a8d3b303566a4759?api-version=2022-10",
        "Schema-Name": "test-14378",
        "Schema-Version": "1",
        "Schema-Versions-Location": "https://mreddingschemaregistry-custom2.servicebus.windows.net:443/$schemagroups/azsdk_net_test_group/schemas/test-14378/versions?api-version=2022-10",
        "Server": "Microsoft-HTTPAPI/2.0",
        "Strict-Transport-Security": "max-age=31536000"
      },
      "ResponseBody": null
    },
    {
      "RequestUri": "https://mreddingschemaregistry-custom2.servicebus.windows.net/$schemaGroups/azsdk_net_test_group/schemas/test-14378?api-version=2022-10",
      "RequestMethod": "PUT",
      "RequestHeaders": {
        "Accept": "application/json",
        "Authorization": "Sanitized",
        "Content-Length": "8",
        "Content-Type": "text/plain; charset=utf-8",
        "User-Agent": "azsdk-net-Data.SchemaRegistry/1.4.0-alpha.20230207.1 (.NET 7.0.2; Microsoft Windows 10.0.22621)",
        "x-ms-client-request-id": "786a5c27875a416b08317b0396aae3ef",
        "x-ms-return-client-request-id": "true"
      },
      "RequestBody": "Hello_V2",
      "StatusCode": 204,
      "ResponseHeaders": {
        "Content-Length": "0",
        "Date": "Wed, 08 Feb 2023 18:01:54 GMT",
        "Location": "https://mreddingschemaregistry-custom2.servicebus.windows.net/$schemagroups/azsdk_net_test_group/schemas/test-14378/versions/2?api-version=2022-10",
        "Schema-Group-Name": "azsdk_net_test_group",
        "Schema-Id": "25f820bbfc3b45dcbdff78dfb7a6bf26",
        "Schema-Id-Location": "https://mreddingschemaregistry-custom2.servicebus.windows.net:443/$schemagroups/$schemas/25f820bbfc3b45dcbdff78dfb7a6bf26?api-version=2022-10",
        "Schema-Name": "test-14378",
        "Schema-Version": "2",
        "Schema-Versions-Location": "https://mreddingschemaregistry-custom2.servicebus.windows.net:443/$schemagroups/azsdk_net_test_group/schemas/test-14378/versions?api-version=2022-10",
        "Server": "Microsoft-HTTPAPI/2.0",
        "Strict-Transport-Security": "max-age=31536000"
      },
      "ResponseBody": null
    }
  ],
  "Variables": {
    "AZURE_AUTHORITY_HOST": "https://login.microsoftonline.com/",
    "RandomSeed": "1523481172",
    "SCHEMAREGISTRY_ENDPOINT_CUSTOM2": "mreddingschemaregistry-custom2.servicebus.windows.net",
    "SCHEMAREGISTRY_GROUP": "azsdk_net_test_group"
  }
}
