{
  "Entries": [
    {
      "RequestUri": "http:\u002f\u002fseandevtest.file.core.windows.net\u002ftest-share-b1cafb7a-a708-b38d-b847-ad46dcfbbdc8?restype=share",
      "RequestMethod": "PUT",
      "RequestHeaders": {
        "Authorization": "Sanitized",
        "Request-Id": "|b06e02dd-41c66f948391e8eb.",
        "User-Agent": [
          "azsdk-net-Storage.Files\u002f12.0.0-dev.20190823.1\u002b5d1adc9e780ddad85dab0c608c4fad05ab097b18",
          "(.NET Core 4.6.27817.01; Microsoft Windows 10.0.18362 )"
        ],
        "x-ms-client-request-id": "1efc94938e9081bebdbc62f9aa8697ef",
        "x-ms-date": "Fri, 23 Aug 2019 21:50:52 GMT",
        "x-ms-return-client-request-id": "true",
        "x-ms-share-quota": "1",
        "x-ms-version": "2019-02-02"
      },
      "RequestBody": null,
      "StatusCode": 201,
      "ResponseHeaders": {
        "Content-Length": "0",
        "Date": "Fri, 23 Aug 2019 21:50:51 GMT",
        "ETag": "\u00220x8D72813F8300581\u0022",
        "Last-Modified": "Fri, 23 Aug 2019 21:50:52 GMT",
        "Server": [
          "Windows-Azure-File\u002f1.0",
          "Microsoft-HTTPAPI\u002f2.0"
        ],
        "x-ms-client-request-id": "1efc94938e9081bebdbc62f9aa8697ef",
        "x-ms-request-id": "1a938e9d-201a-0071-33fc-597833000000",
        "x-ms-version": "2019-02-02"
      },
      "ResponseBody": []
    },
    {
      "RequestUri": "http:\u002f\u002fseandevtest.file.core.windows.net\u002ftest-share-b1cafb7a-a708-b38d-b847-ad46dcfbbdc8\u002ftest-directory-cc44b108-5219-95fb-7cbb-4cc43a34f5e0?restype=directory",
      "RequestMethod": "PUT",
      "RequestHeaders": {
        "Authorization": "Sanitized",
        "Request-Id": "|b06e02de-41c66f948391e8eb.",
        "User-Agent": [
          "azsdk-net-Storage.Files\u002f12.0.0-dev.20190823.1\u002b5d1adc9e780ddad85dab0c608c4fad05ab097b18",
          "(.NET Core 4.6.27817.01; Microsoft Windows 10.0.18362 )"
        ],
        "x-ms-client-request-id": "228c92ae2dc8ec243d48f34b44940831",
        "x-ms-date": "Fri, 23 Aug 2019 21:50:52 GMT",
        "x-ms-file-attributes": "None",
        "x-ms-file-creation-time": "Now",
        "x-ms-file-last-write-time": "Now",
        "x-ms-file-permission": "Inherit",
        "x-ms-return-client-request-id": "true",
        "x-ms-version": "2019-02-02"
      },
      "RequestBody": null,
      "StatusCode": 201,
      "ResponseHeaders": {
        "Content-Length": "0",
        "Date": "Fri, 23 Aug 2019 21:50:52 GMT",
        "ETag": "\u00220x8D72813F8349233\u0022",
        "Last-Modified": "Fri, 23 Aug 2019 21:50:52 GMT",
        "Server": [
          "Windows-Azure-File\u002f1.0",
          "Microsoft-HTTPAPI\u002f2.0"
        ],
        "x-ms-client-request-id": "228c92ae2dc8ec243d48f34b44940831",
        "x-ms-file-attributes": "Directory",
        "x-ms-file-change-time": "2019-08-23T21:50:52.9899059Z",
        "x-ms-file-creation-time": "2019-08-23T21:50:52.9899059Z",
        "x-ms-file-id": "13835128424026341376",
        "x-ms-file-last-write-time": "2019-08-23T21:50:52.9899059Z",
        "x-ms-file-parent-id": "0",
        "x-ms-file-permission-key": "5337567907660077720*2506815767522118929",
        "x-ms-request-id": "1a938e9f-201a-0071-34fc-597833000000",
        "x-ms-request-server-encrypted": "true",
        "x-ms-version": "2019-02-02"
      },
      "ResponseBody": []
    },
    {
      "RequestUri": "http:\u002f\u002fseandevtest.file.core.windows.net\u002ftest-share-b1cafb7a-a708-b38d-b847-ad46dcfbbdc8?restype=share",
      "RequestMethod": "DELETE",
      "RequestHeaders": {
        "Authorization": "Sanitized",
        "Request-Id": "|b06e02df-41c66f948391e8eb.",
        "User-Agent": [
          "azsdk-net-Storage.Files\u002f12.0.0-dev.20190823.1\u002b5d1adc9e780ddad85dab0c608c4fad05ab097b18",
          "(.NET Core 4.6.27817.01; Microsoft Windows 10.0.18362 )"
        ],
        "x-ms-client-request-id": "184b81c774f9db268d588ed05eaf51e7",
        "x-ms-date": "Fri, 23 Aug 2019 21:50:53 GMT",
        "x-ms-return-client-request-id": "true",
        "x-ms-version": "2019-02-02"
      },
      "RequestBody": null,
      "StatusCode": 202,
      "ResponseHeaders": {
        "Content-Length": "0",
        "Date": "Fri, 23 Aug 2019 21:50:52 GMT",
        "Server": [
          "Windows-Azure-File\u002f1.0",
          "Microsoft-HTTPAPI\u002f2.0"
        ],
        "x-ms-client-request-id": "184b81c774f9db268d588ed05eaf51e7",
        "x-ms-request-id": "1a938ea0-201a-0071-35fc-597833000000",
        "x-ms-version": "2019-02-02"
      },
      "ResponseBody": []
    }
  ],
  "Variables": {
    "RandomSeed": "889679945",
    "Storage_TestConfigDefault": "ProductionTenant\nseandevtest\nU2FuaXRpemVk\nhttp:\u002f\u002fseandevtest.blob.core.windows.net\nhttp:\u002f\u002fseandevtest.file.core.windows.net\nhttp:\u002f\u002fseandevtest.queue.core.windows.net\nhttp:\u002f\u002fseandevtest.table.core.windows.net\n\n\n\n\nhttp:\u002f\u002fseandevtest-secondary.blob.core.windows.net\nhttp:\u002f\u002fseandevtest-secondary.file.core.windows.net\nhttp:\u002f\u002fseandevtest-secondary.queue.core.windows.net\nhttp:\u002f\u002fseandevtest-secondary.table.core.windows.net\n\nSanitized\n\n\nCloud\nBlobEndpoint=http:\u002f\u002fseandevtest.blob.core.windows.net\u002f;QueueEndpoint=http:\u002f\u002fseandevtest.queue.core.windows.net\u002f;TableEndpoint=http:\u002f\u002fseandevtest.table.core.windows.net\u002f;FileEndpoint=http:\u002f\u002fseandevtest.file.core.windows.net\u002f;BlobSecondaryEndpoint=http:\u002f\u002fseandevtest-secondary.blob.core.windows.net\u002f;QueueSecondaryEndpoint=http:\u002f\u002fseandevtest-secondary.queue.core.windows.net\u002f;TableSecondaryEndpoint=http:\u002f\u002fseandevtest-secondary.table.core.windows.net\u002f;FileSecondaryEndpoint=http:\u002f\u002fseandevtest-secondary.file.core.windows.net\u002f;AccountName=seandevtest;AccountKey=Sanitized"
  }
}