{
  "Entries": [
    {
      "RequestUri": "http:\u002f\u002fseandevtest.file.core.windows.net\u002ftest-share-9250bf94-c955-8418-3440-c4c437f400b9?restype=share",
      "RequestMethod": "PUT",
      "RequestHeaders": {
        "Authorization": "Sanitized",
        "Request-Id": "|6b966a58-47b5576117c2a584.",
        "User-Agent": [
          "azsdk-net-Storage.Files\u002f12.0.0-dev.20190821.1\u002b6022425de991a463097bb9e4e90aceda95be204b",
          "(.NET Core 4.6.27817.01; Microsoft Windows 10.0.18362 )"
        ],
        "x-ms-client-request-id": "01a1d7476ddfa6613e43cb9838bb3b1d",
        "x-ms-date": "Wed, 21 Aug 2019 19:31:16 GMT",
        "x-ms-return-client-request-id": "true",
        "x-ms-share-quota": "1",
        "x-ms-version": "2019-02-02"
      },
      "RequestBody": null,
      "StatusCode": 201,
      "ResponseHeaders": {
        "Content-Length": "0",
        "Date": "Wed, 21 Aug 2019 19:31:16 GMT",
        "ETag": "\u00220x8D7266E22DB98BC\u0022",
        "Last-Modified": "Wed, 21 Aug 2019 19:31:16 GMT",
        "Server": [
          "Windows-Azure-File\u002f1.0",
          "Microsoft-HTTPAPI\u002f2.0"
        ],
        "x-ms-client-request-id": "01a1d7476ddfa6613e43cb9838bb3b1d",
        "x-ms-request-id": "c273355c-701a-004b-6f57-583b90000000",
        "x-ms-version": "2019-02-02"
      },
      "ResponseBody": []
    },
    {
      "RequestUri": "http:\u002f\u002fseandevtest.file.core.windows.net\u002ftest-share-9250bf94-c955-8418-3440-c4c437f400b9\u002ftest-directory-d362b425-7f16-8da3-6d66-2280152f62af?restype=directory",
      "RequestMethod": "PUT",
      "RequestHeaders": {
        "Authorization": "Sanitized",
        "Request-Id": "|6b966a59-47b5576117c2a584.",
        "User-Agent": [
          "azsdk-net-Storage.Files\u002f12.0.0-dev.20190821.1\u002b6022425de991a463097bb9e4e90aceda95be204b",
          "(.NET Core 4.6.27817.01; Microsoft Windows 10.0.18362 )"
        ],
        "x-ms-client-request-id": "947056b374b427f85ea95412fd7f4c79",
        "x-ms-date": "Wed, 21 Aug 2019 19:31:16 GMT",
        "x-ms-file-attributes": "None",
        "x-ms-file-creation-time": "Now",
        "x-ms-file-last-write-time": "Now",
        "x-ms-file-permission": "Inherit",
        "x-ms-return-client-request-id": "true",
        "x-ms-version": "2019-02-02"
      },
      "RequestBody": null,
      "StatusCode": 201,
      "ResponseHeaders": {
        "Content-Length": "0",
        "Date": "Wed, 21 Aug 2019 19:31:16 GMT",
        "ETag": "\u00220x8D7266E22E00992\u0022",
        "Last-Modified": "Wed, 21 Aug 2019 19:31:16 GMT",
        "Server": [
          "Windows-Azure-File\u002f1.0",
          "Microsoft-HTTPAPI\u002f2.0"
        ],
        "x-ms-client-request-id": "947056b374b427f85ea95412fd7f4c79",
        "x-ms-file-attributes": "Directory",
        "x-ms-file-change-time": "2019-08-21T19:31:16.9580434Z",
        "x-ms-file-creation-time": "2019-08-21T19:31:16.9580434Z",
        "x-ms-file-id": "13835128424026341376",
        "x-ms-file-last-write-time": "2019-08-21T19:31:16.9580434Z",
        "x-ms-file-parent-id": "0",
        "x-ms-file-permission-key": "5337567907660077720*2506815767522118929",
        "x-ms-request-id": "c273355e-701a-004b-7057-583b90000000",
        "x-ms-request-server-encrypted": "true",
        "x-ms-version": "2019-02-02"
      },
      "ResponseBody": []
    },
    {
      "RequestUri": "http:\u002f\u002fseandevtest.file.core.windows.net\u002ftest-share-9250bf94-c955-8418-3440-c4c437f400b9\u002ftest-directory-d362b425-7f16-8da3-6d66-2280152f62af\u002ftest-file-839ea605-2c92-c7a3-3313-93784be0910f",
      "RequestMethod": "PUT",
      "RequestHeaders": {
        "Authorization": "Sanitized",
        "Request-Id": "|6b966a5a-47b5576117c2a584.",
        "User-Agent": [
          "azsdk-net-Storage.Files\u002f12.0.0-dev.20190821.1\u002b6022425de991a463097bb9e4e90aceda95be204b",
          "(.NET Core 4.6.27817.01; Microsoft Windows 10.0.18362 )"
        ],
        "x-ms-client-request-id": "e1e41be0a64ab169bb3b746c2b918fed",
        "x-ms-content-length": "1024",
        "x-ms-date": "Wed, 21 Aug 2019 19:31:16 GMT",
        "x-ms-file-attributes": "ReadOnly|Archive",
        "x-ms-file-creation-time": "2019-08-15T05:15:25.0600000Z",
        "x-ms-file-last-write-time": "2019-08-26T05:15:25.0600000Z",
        "x-ms-file-permission": "Inherit",
        "x-ms-return-client-request-id": "true",
        "x-ms-type": "file",
        "x-ms-version": "2019-02-02"
      },
      "RequestBody": null,
      "StatusCode": 201,
      "ResponseHeaders": {
        "Content-Length": "0",
        "Date": "Wed, 21 Aug 2019 19:31:16 GMT",
        "ETag": "\u00220x8D7213F9447BC40\u0022",
        "Last-Modified": "Thu, 15 Aug 2019 05:15:25 GMT",
        "Server": [
          "Windows-Azure-File\u002f1.0",
          "Microsoft-HTTPAPI\u002f2.0"
        ],
        "x-ms-client-request-id": "e1e41be0a64ab169bb3b746c2b918fed",
        "x-ms-file-attributes": "ReadOnly | Archive",
        "x-ms-file-change-time": "2019-08-15T05:15:25.0600000Z",
        "x-ms-file-creation-time": "2019-08-15T05:15:25.0600000Z",
        "x-ms-file-id": "11529285414812647424",
        "x-ms-file-last-write-time": "2019-08-26T05:15:25.0600000Z",
        "x-ms-file-parent-id": "13835128424026341376",
        "x-ms-file-permission-key": "9973529139831694751*2506815767522118929",
        "x-ms-request-id": "c273355f-701a-004b-7157-583b90000000",
        "x-ms-request-server-encrypted": "true",
        "x-ms-version": "2019-02-02"
      },
      "ResponseBody": []
    },
    {
      "RequestUri": "http:\u002f\u002fseandevtest.file.core.windows.net\u002ftest-share-9250bf94-c955-8418-3440-c4c437f400b9?restype=share",
      "RequestMethod": "DELETE",
      "RequestHeaders": {
        "Authorization": "Sanitized",
        "Request-Id": "|6b966a5b-47b5576117c2a584.",
        "User-Agent": [
          "azsdk-net-Storage.Files\u002f12.0.0-dev.20190821.1\u002b6022425de991a463097bb9e4e90aceda95be204b",
          "(.NET Core 4.6.27817.01; Microsoft Windows 10.0.18362 )"
        ],
        "x-ms-client-request-id": "6e7ba81adf91871db2a861a0e080db7e",
        "x-ms-date": "Wed, 21 Aug 2019 19:31:17 GMT",
        "x-ms-return-client-request-id": "true",
        "x-ms-version": "2019-02-02"
      },
      "RequestBody": null,
      "StatusCode": 202,
      "ResponseHeaders": {
        "Content-Length": "0",
        "Date": "Wed, 21 Aug 2019 19:31:16 GMT",
        "Server": [
          "Windows-Azure-File\u002f1.0",
          "Microsoft-HTTPAPI\u002f2.0"
        ],
        "x-ms-client-request-id": "6e7ba81adf91871db2a861a0e080db7e",
        "x-ms-request-id": "c2733560-701a-004b-7257-583b90000000",
        "x-ms-version": "2019-02-02"
      },
      "ResponseBody": []
    }
  ],
  "Variables": {
    "RandomSeed": "1164019757",
    "Storage_TestConfigDefault": "ProductionTenant\nseandevtest\nU2FuaXRpemVk\nhttp:\u002f\u002fseandevtest.blob.core.windows.net\nhttp:\u002f\u002fseandevtest.file.core.windows.net\nhttp:\u002f\u002fseandevtest.queue.core.windows.net\nhttp:\u002f\u002fseandevtest.table.core.windows.net\n\n\n\n\nhttp:\u002f\u002fseandevtest-secondary.blob.core.windows.net\nhttp:\u002f\u002fseandevtest-secondary.file.core.windows.net\nhttp:\u002f\u002fseandevtest-secondary.queue.core.windows.net\nhttp:\u002f\u002fseandevtest-secondary.table.core.windows.net\n\nSanitized\n\n\nCloud\nBlobEndpoint=http:\u002f\u002fseandevtest.blob.core.windows.net\u002f;QueueEndpoint=http:\u002f\u002fseandevtest.queue.core.windows.net\u002f;TableEndpoint=http:\u002f\u002fseandevtest.table.core.windows.net\u002f;FileEndpoint=http:\u002f\u002fseandevtest.file.core.windows.net\u002f;BlobSecondaryEndpoint=http:\u002f\u002fseandevtest-secondary.blob.core.windows.net\u002f;QueueSecondaryEndpoint=http:\u002f\u002fseandevtest-secondary.queue.core.windows.net\u002f;TableSecondaryEndpoint=http:\u002f\u002fseandevtest-secondary.table.core.windows.net\u002f;FileSecondaryEndpoint=http:\u002f\u002fseandevtest-secondary.file.core.windows.net\u002f;AccountName=seandevtest;AccountKey=Sanitized"
  }
}