{
  "Entries": [
    {
      "RequestUri": "http://storageteglazatesting.file.core.windows.net/test-share-53fd46cf-5530-4f38-ab3c-ce9ee8554860?restype=share",
      "RequestMethod": "PUT",
      "RequestHeaders": {
        "Authorization": "Sanitized",
        "User-Agent": [
          "azsdk-net-Storage.Files/1.0.0.0",
          "(.NET Core 4.6.27414.06; Microsoft Windows 10.0.18362 )"
        ],
        "x-ms-client-request-id": "69a99f1fb7ef0cbfc104a6deab7dfba9",
        "x-ms-date": "Sun, 30 Jun 2019 17:34:06 GMT",
        "x-ms-return-client-request-id": "true",
        "x-ms-share-quota": "1",
        "x-ms-version": "2018-11-09"
      },
      "RequestBody": null,
      "StatusCode": 201,
      "ResponseHeaders": {
        "Content-Length": "0",
        "Date": "Sun, 30 Jun 2019 17:34:09 GMT",
        "ETag": "\u00220x8D6FD8128D2187A\u0022",
        "Last-Modified": "Sun, 30 Jun 2019 17:34:09 GMT",
        "Server": [
          "Windows-Azure-File/1.0",
          "Microsoft-HTTPAPI/2.0"
        ],
        "x-ms-request-id": "992cc346-d01a-0040-2f6a-2f4a36000000",
        "x-ms-version": "2018-11-09"
      },
      "ResponseBody": null
    },
    {
      "RequestUri": "http://storageteglazatesting.file.core.windows.net/test-share-53fd46cf-5530-4f38-ab3c-ce9ee8554860/test-directory-b87d5a0c-ed67-1b2f-14f5-0ee846e5df20?restype=directory",
      "RequestMethod": "PUT",
      "RequestHeaders": {
        "Authorization": "Sanitized",
        "User-Agent": [
          "azsdk-net-Storage.Files/1.0.0.0",
          "(.NET Core 4.6.27414.06; Microsoft Windows 10.0.18362 )"
        ],
        "x-ms-client-request-id": "7859c35712e2172a87f1922caf59a42d",
        "x-ms-date": "Sun, 30 Jun 2019 17:34:06 GMT",
        "x-ms-return-client-request-id": "true",
        "x-ms-version": "2018-11-09"
      },
      "RequestBody": null,
      "StatusCode": 201,
      "ResponseHeaders": {
        "Content-Length": "0",
        "Date": "Sun, 30 Jun 2019 17:34:09 GMT",
        "ETag": "\u00220x8D6FD8128DB3ABF\u0022",
        "Last-Modified": "Sun, 30 Jun 2019 17:34:09 GMT",
        "Server": [
          "Windows-Azure-File/1.0",
          "Microsoft-HTTPAPI/2.0"
        ],
        "x-ms-request-id": "992cc348-d01a-0040-306a-2f4a36000000",
        "x-ms-request-server-encrypted": "true",
        "x-ms-version": "2018-11-09"
      },
      "ResponseBody": null
    },
    {
      "RequestUri": "http://storageteglazatesting.file.core.windows.net/test-share-53fd46cf-5530-4f38-ab3c-ce9ee8554860/test-directory-b87d5a0c-ed67-1b2f-14f5-0ee846e5df20/test-file-8d922441-90d8-32f9-708e-55faa8d6c6dc",
      "RequestMethod": "PUT",
      "RequestHeaders": {
        "Authorization": "Sanitized",
        "User-Agent": [
          "azsdk-net-Storage.Files/1.0.0.0",
          "(.NET Core 4.6.27414.06; Microsoft Windows 10.0.18362 )"
        ],
        "x-ms-cache-control": "hbuuxuqdnhwrplwwxupj",
        "x-ms-client-request-id": "e88786248224f9c72f6531765b036cba",
        "x-ms-content-disposition": "cwmxpnhwyfjjktjhkgfr",
        "x-ms-content-encoding": "fxrgqmhywgskfvoknwej",
        "x-ms-content-language": "ntdhwmhvcomqoxddeghc",
        "x-ms-content-length": "1048576",
        "x-ms-content-md5": "FON0giggshDHP0qmvd424Q==",
        "x-ms-content-type": "ghyrmxdnfxsmbvdktjid",
        "x-ms-date": "Sun, 30 Jun 2019 17:34:06 GMT",
        "x-ms-return-client-request-id": "true",
        "x-ms-type": "file",
        "x-ms-version": "2018-11-09"
      },
      "RequestBody": null,
      "StatusCode": 201,
      "ResponseHeaders": {
        "Content-Length": "0",
        "Date": "Sun, 30 Jun 2019 17:34:09 GMT",
        "ETag": "\u00220x8D6FD8128DF3358\u0022",
        "Last-Modified": "Sun, 30 Jun 2019 17:34:09 GMT",
        "Server": [
          "Windows-Azure-File/1.0",
          "Microsoft-HTTPAPI/2.0"
        ],
        "x-ms-request-id": "992cc349-d01a-0040-316a-2f4a36000000",
        "x-ms-request-server-encrypted": "true",
        "x-ms-version": "2018-11-09"
      },
      "ResponseBody": null
    },
    {
      "RequestUri": "http://storageteglazatesting.file.core.windows.net/test-share-53fd46cf-5530-4f38-ab3c-ce9ee8554860/test-directory-b87d5a0c-ed67-1b2f-14f5-0ee846e5df20/test-file-8d922441-90d8-32f9-708e-55faa8d6c6dc",
      "RequestMethod": "HEAD",
      "RequestHeaders": {
        "Authorization": "Sanitized",
        "User-Agent": [
          "azsdk-net-Storage.Files/1.0.0.0",
          "(.NET Core 4.6.27414.06; Microsoft Windows 10.0.18362 )"
        ],
        "x-ms-client-request-id": "21a6e1515253c748ca270854bd306eb0",
        "x-ms-date": "Sun, 30 Jun 2019 17:34:06 GMT",
        "x-ms-return-client-request-id": "true",
        "x-ms-version": "2018-11-09"
      },
      "RequestBody": null,
      "StatusCode": 200,
      "ResponseHeaders": {
        "Cache-Control": "hbuuxuqdnhwrplwwxupj",
        "Content-Disposition": "cwmxpnhwyfjjktjhkgfr",
        "Content-Encoding": "fxrgqmhywgskfvoknwej",
        "Content-Language": "ntdhwmhvcomqoxddeghc",
        "Content-Length": "1048576",
        "Content-MD5": "FON0giggshDHP0qmvd424Q==",
        "Content-Type": "ghyrmxdnfxsmbvdktjid",
        "Date": "Sun, 30 Jun 2019 17:34:09 GMT",
        "ETag": "\u00220x8D6FD8128DF3358\u0022",
        "Last-Modified": "Sun, 30 Jun 2019 17:34:09 GMT",
        "Server": [
          "Windows-Azure-File/1.0",
          "Microsoft-HTTPAPI/2.0"
        ],
        "Vary": "Origin",
        "x-ms-request-id": "992cc34a-d01a-0040-326a-2f4a36000000",
        "x-ms-server-encrypted": "true",
        "x-ms-type": "File",
        "x-ms-version": "2018-11-09"
      },
      "ResponseBody": null
    },
    {
      "RequestUri": "http://storageteglazatesting.file.core.windows.net/test-share-53fd46cf-5530-4f38-ab3c-ce9ee8554860?restype=share",
      "RequestMethod": "DELETE",
      "RequestHeaders": {
        "Authorization": "Sanitized",
        "User-Agent": [
          "azsdk-net-Storage.Files/1.0.0.0",
          "(.NET Core 4.6.27414.06; Microsoft Windows 10.0.18362 )"
        ],
        "x-ms-client-request-id": "2807b62abcd2bf095d985e725e82d76c",
        "x-ms-date": "Sun, 30 Jun 2019 17:34:06 GMT",
        "x-ms-return-client-request-id": "true",
        "x-ms-version": "2018-11-09"
      },
      "RequestBody": null,
      "StatusCode": 202,
      "ResponseHeaders": {
        "Content-Length": "0",
        "Date": "Sun, 30 Jun 2019 17:34:09 GMT",
        "Server": [
          "Windows-Azure-File/1.0",
          "Microsoft-HTTPAPI/2.0"
        ],
        "x-ms-request-id": "992cc34b-d01a-0040-336a-2f4a36000000",
        "x-ms-version": "2018-11-09"
      },
      "ResponseBody": null
    }
  ],
  "Variables": {
    "DateTimeOffsetNow": "2019-06-30T10:34:06.7334935-07:00",
    "RandomSeed": "242952386"
  }
}