{
  "Entries": [
    {
      "RequestUri": "http:\u002f\u002fseandevtest.file.core.windows.net\u002ftest-share-72c726e3-280f-cd5f-aecf-c096cb2544b7?restype=share",
      "RequestMethod": "PUT",
      "RequestHeaders": {
        "Authorization": "Sanitized",
        "Request-Id": "|b06e020e-41c66f948391e8eb.",
        "User-Agent": [
          "azsdk-net-Storage.Files\u002f12.0.0-dev.20190823.1\u002b5d1adc9e780ddad85dab0c608c4fad05ab097b18",
          "(.NET Core 4.6.27817.01; Microsoft Windows 10.0.18362 )"
        ],
        "x-ms-client-request-id": "a78b35ed5befc01e91d95f6c835df6da",
        "x-ms-date": "Fri, 23 Aug 2019 21:50:27 GMT",
        "x-ms-return-client-request-id": "true",
        "x-ms-share-quota": "1",
        "x-ms-version": "2019-02-02"
      },
      "RequestBody": null,
      "StatusCode": 201,
      "ResponseHeaders": {
        "Content-Length": "0",
        "Date": "Fri, 23 Aug 2019 21:50:26 GMT",
        "ETag": "\u00220x8D72813E8FB7C07\u0022",
        "Last-Modified": "Fri, 23 Aug 2019 21:50:27 GMT",
        "Server": [
          "Windows-Azure-File\u002f1.0",
          "Microsoft-HTTPAPI\u002f2.0"
        ],
        "x-ms-client-request-id": "a78b35ed5befc01e91d95f6c835df6da",
        "x-ms-request-id": "1a938d6f-201a-0071-54fc-597833000000",
        "x-ms-version": "2019-02-02"
      },
      "ResponseBody": []
    },
    {
      "RequestUri": "http:\u002f\u002fseandevtest.file.core.windows.net\u002ftest-share-72c726e3-280f-cd5f-aecf-c096cb2544b7\u002ftest-directory-2a53dffe-6e5b-b22f-1052-bfd777938951?restype=directory",
      "RequestMethod": "PUT",
      "RequestHeaders": {
        "Authorization": "Sanitized",
        "Request-Id": "|b06e020f-41c66f948391e8eb.",
        "User-Agent": [
          "azsdk-net-Storage.Files\u002f12.0.0-dev.20190823.1\u002b5d1adc9e780ddad85dab0c608c4fad05ab097b18",
          "(.NET Core 4.6.27817.01; Microsoft Windows 10.0.18362 )"
        ],
        "x-ms-client-request-id": "73db68aebbde88980806e035c9f24a51",
        "x-ms-date": "Fri, 23 Aug 2019 21:50:27 GMT",
        "x-ms-file-attributes": "None",
        "x-ms-file-creation-time": "Now",
        "x-ms-file-last-write-time": "Now",
        "x-ms-file-permission": "Inherit",
        "x-ms-return-client-request-id": "true",
        "x-ms-version": "2019-02-02"
      },
      "RequestBody": null,
      "StatusCode": 201,
      "ResponseHeaders": {
        "Content-Length": "0",
        "Date": "Fri, 23 Aug 2019 21:50:26 GMT",
        "ETag": "\u00220x8D72813E90004C4\u0022",
        "Last-Modified": "Fri, 23 Aug 2019 21:50:27 GMT",
        "Server": [
          "Windows-Azure-File\u002f1.0",
          "Microsoft-HTTPAPI\u002f2.0"
        ],
        "x-ms-client-request-id": "73db68aebbde88980806e035c9f24a51",
        "x-ms-file-attributes": "Directory",
        "x-ms-file-change-time": "2019-08-23T21:50:27.4796740Z",
        "x-ms-file-creation-time": "2019-08-23T21:50:27.4796740Z",
        "x-ms-file-id": "13835128424026341376",
        "x-ms-file-last-write-time": "2019-08-23T21:50:27.4796740Z",
        "x-ms-file-parent-id": "0",
        "x-ms-file-permission-key": "5337567907660077720*2506815767522118929",
        "x-ms-request-id": "1a938d71-201a-0071-55fc-597833000000",
        "x-ms-request-server-encrypted": "true",
        "x-ms-version": "2019-02-02"
      },
      "ResponseBody": []
    },
    {
      "RequestUri": "http:\u002f\u002fseandevtest.file.core.windows.net\u002ftest-share-72c726e3-280f-cd5f-aecf-c096cb2544b7?restype=share",
      "RequestMethod": "DELETE",
      "RequestHeaders": {
        "Authorization": "Sanitized",
        "Request-Id": "|b06e0210-41c66f948391e8eb.",
        "User-Agent": [
          "azsdk-net-Storage.Files\u002f12.0.0-dev.20190823.1\u002b5d1adc9e780ddad85dab0c608c4fad05ab097b18",
          "(.NET Core 4.6.27817.01; Microsoft Windows 10.0.18362 )"
        ],
        "x-ms-client-request-id": "1abe0e50838243fc47ca21548ef9e91d",
        "x-ms-date": "Fri, 23 Aug 2019 21:50:27 GMT",
        "x-ms-return-client-request-id": "true",
        "x-ms-version": "2019-02-02"
      },
      "RequestBody": null,
      "StatusCode": 202,
      "ResponseHeaders": {
        "Content-Length": "0",
        "Date": "Fri, 23 Aug 2019 21:50:26 GMT",
        "Server": [
          "Windows-Azure-File\u002f1.0",
          "Microsoft-HTTPAPI\u002f2.0"
        ],
        "x-ms-client-request-id": "1abe0e50838243fc47ca21548ef9e91d",
        "x-ms-request-id": "1a938d72-201a-0071-56fc-597833000000",
        "x-ms-version": "2019-02-02"
      },
      "ResponseBody": []
    }
  ],
  "Variables": {
    "RandomSeed": "751028339",
    "Storage_TestConfigDefault": "ProductionTenant\nseandevtest\nU2FuaXRpemVk\nhttp:\u002f\u002fseandevtest.blob.core.windows.net\nhttp:\u002f\u002fseandevtest.file.core.windows.net\nhttp:\u002f\u002fseandevtest.queue.core.windows.net\nhttp:\u002f\u002fseandevtest.table.core.windows.net\n\n\n\n\nhttp:\u002f\u002fseandevtest-secondary.blob.core.windows.net\nhttp:\u002f\u002fseandevtest-secondary.file.core.windows.net\nhttp:\u002f\u002fseandevtest-secondary.queue.core.windows.net\nhttp:\u002f\u002fseandevtest-secondary.table.core.windows.net\n\nSanitized\n\n\nCloud\nBlobEndpoint=http:\u002f\u002fseandevtest.blob.core.windows.net\u002f;QueueEndpoint=http:\u002f\u002fseandevtest.queue.core.windows.net\u002f;TableEndpoint=http:\u002f\u002fseandevtest.table.core.windows.net\u002f;FileEndpoint=http:\u002f\u002fseandevtest.file.core.windows.net\u002f;BlobSecondaryEndpoint=http:\u002f\u002fseandevtest-secondary.blob.core.windows.net\u002f;QueueSecondaryEndpoint=http:\u002f\u002fseandevtest-secondary.queue.core.windows.net\u002f;TableSecondaryEndpoint=http:\u002f\u002fseandevtest-secondary.table.core.windows.net\u002f;FileSecondaryEndpoint=http:\u002f\u002fseandevtest-secondary.file.core.windows.net\u002f;AccountName=seandevtest;AccountKey=Sanitized"
  }
}