{
  "Entries": [
    {
      "RequestUri": "http://storageteglazatesting.file.core.windows.net/test-share-b8796586-fa3f-c371-06c4-afe93d550bc8?restype=share",
      "RequestMethod": "PUT",
      "RequestHeaders": {
        "Authorization": "Sanitized",
        "User-Agent": [
          "azsdk-net-Storage.Files/12.0.0-dev.20190716.1\u002bf831919283b482c09bb15e8c0d930e73d941e30e",
          "(.NET Core 4.6.27414.06; Microsoft Windows 10.0.18362 )"
        ],
        "x-ms-client-request-id": "77972f1264d024b508f2ab5b2ee07adc",
        "x-ms-date": "Wed, 17 Jul 2019 02:11:25 GMT",
        "x-ms-return-client-request-id": "true",
        "x-ms-share-quota": "1",
        "x-ms-version": "2018-11-09"
      },
      "RequestBody": null,
      "StatusCode": 201,
      "ResponseHeaders": {
        "Content-Length": "0",
        "Date": "Wed, 17 Jul 2019 02:11:25 GMT",
        "ETag": "\u00220x8D70A5C1264DBAC\u0022",
        "Last-Modified": "Wed, 17 Jul 2019 02:11:25 GMT",
        "Server": [
          "Windows-Azure-File/1.0",
          "Microsoft-HTTPAPI/2.0"
        ],
        "x-ms-request-id": "9efe5f7b-e01a-0006-4644-3c7eb1000000",
        "x-ms-version": "2018-11-09"
      },
      "ResponseBody": []
    },
    {
      "RequestUri": "http://storageteglazatesting.file.core.windows.net/test-share-b8796586-fa3f-c371-06c4-afe93d550bc8/test-directory-0906a72a-de42-e469-478a-2a5cad00b7f0?restype=directory",
      "RequestMethod": "PUT",
      "RequestHeaders": {
        "Authorization": "Sanitized",
        "User-Agent": [
          "azsdk-net-Storage.Files/12.0.0-dev.20190716.1\u002bf831919283b482c09bb15e8c0d930e73d941e30e",
          "(.NET Core 4.6.27414.06; Microsoft Windows 10.0.18362 )"
        ],
        "x-ms-client-request-id": "113ae60c14fc21f2af54b04c4f169426",
        "x-ms-date": "Wed, 17 Jul 2019 02:11:25 GMT",
        "x-ms-return-client-request-id": "true",
        "x-ms-version": "2018-11-09"
      },
      "RequestBody": null,
      "StatusCode": 201,
      "ResponseHeaders": {
        "Content-Length": "0",
        "Date": "Wed, 17 Jul 2019 02:11:25 GMT",
        "ETag": "\u00220x8D70A5C126802E4\u0022",
        "Last-Modified": "Wed, 17 Jul 2019 02:11:25 GMT",
        "Server": [
          "Windows-Azure-File/1.0",
          "Microsoft-HTTPAPI/2.0"
        ],
        "x-ms-request-id": "9efe5f7d-e01a-0006-4744-3c7eb1000000",
        "x-ms-request-server-encrypted": "true",
        "x-ms-version": "2018-11-09"
      },
      "ResponseBody": []
    },
    {
      "RequestUri": "http://storageteglazatesting.file.core.windows.net/test-share-b8796586-fa3f-c371-06c4-afe93d550bc8/test-directory-0906a72a-de42-e469-478a-2a5cad00b7f0/test-file-96bfd249-014f-3486-c6b2-2f463a597708",
      "RequestMethod": "PUT",
      "RequestHeaders": {
        "Authorization": "Sanitized",
        "User-Agent": [
          "azsdk-net-Storage.Files/12.0.0-dev.20190716.1\u002bf831919283b482c09bb15e8c0d930e73d941e30e",
          "(.NET Core 4.6.27414.06; Microsoft Windows 10.0.18362 )"
        ],
        "x-ms-client-request-id": "484ebb3b69a515e0b4e459ed2d1c9531",
        "x-ms-content-length": "1048576",
        "x-ms-date": "Wed, 17 Jul 2019 02:11:25 GMT",
        "x-ms-meta-foo": "bar",
        "x-ms-meta-meta": "data",
        "x-ms-return-client-request-id": "true",
        "x-ms-type": "file",
        "x-ms-version": "2018-11-09"
      },
      "RequestBody": null,
      "StatusCode": 201,
      "ResponseHeaders": {
        "Content-Length": "0",
        "Date": "Wed, 17 Jul 2019 02:11:25 GMT",
        "ETag": "\u00220x8D70A5C126B5F16\u0022",
        "Last-Modified": "Wed, 17 Jul 2019 02:11:25 GMT",
        "Server": [
          "Windows-Azure-File/1.0",
          "Microsoft-HTTPAPI/2.0"
        ],
        "x-ms-request-id": "9efe5f7e-e01a-0006-4844-3c7eb1000000",
        "x-ms-request-server-encrypted": "true",
        "x-ms-version": "2018-11-09"
      },
      "ResponseBody": []
    },
    {
      "RequestUri": "http://storageteglazatesting.file.core.windows.net/test-share-b8796586-fa3f-c371-06c4-afe93d550bc8/test-directory-0906a72a-de42-e469-478a-2a5cad00b7f0/test-file-96bfd249-014f-3486-c6b2-2f463a597708",
      "RequestMethod": "HEAD",
      "RequestHeaders": {
        "Authorization": "Sanitized",
        "User-Agent": [
          "azsdk-net-Storage.Files/12.0.0-dev.20190716.1\u002bf831919283b482c09bb15e8c0d930e73d941e30e",
          "(.NET Core 4.6.27414.06; Microsoft Windows 10.0.18362 )"
        ],
        "x-ms-client-request-id": "da1203f620400aa15f064b49e5ace756",
        "x-ms-date": "Wed, 17 Jul 2019 02:11:25 GMT",
        "x-ms-return-client-request-id": "true",
        "x-ms-version": "2018-11-09"
      },
      "RequestBody": null,
      "StatusCode": 200,
      "ResponseHeaders": {
        "Content-Length": "1048576",
        "Content-Type": "application/octet-stream",
        "Date": "Wed, 17 Jul 2019 02:11:25 GMT",
        "ETag": "\u00220x8D70A5C126B5F16\u0022",
        "Last-Modified": "Wed, 17 Jul 2019 02:11:25 GMT",
        "Server": [
          "Windows-Azure-File/1.0",
          "Microsoft-HTTPAPI/2.0"
        ],
        "Vary": "Origin",
        "x-ms-meta-foo": "bar",
        "x-ms-meta-meta": "data",
        "x-ms-request-id": "9efe5f7f-e01a-0006-4944-3c7eb1000000",
        "x-ms-server-encrypted": "true",
        "x-ms-type": "File",
        "x-ms-version": "2018-11-09"
      },
      "ResponseBody": []
    },
    {
      "RequestUri": "http://storageteglazatesting.file.core.windows.net/test-share-b8796586-fa3f-c371-06c4-afe93d550bc8?restype=share",
      "RequestMethod": "DELETE",
      "RequestHeaders": {
        "Authorization": "Sanitized",
        "User-Agent": [
          "azsdk-net-Storage.Files/12.0.0-dev.20190716.1\u002bf831919283b482c09bb15e8c0d930e73d941e30e",
          "(.NET Core 4.6.27414.06; Microsoft Windows 10.0.18362 )"
        ],
        "x-ms-client-request-id": "9411a8dc4cc7e081f2a9e26aa79806a9",
        "x-ms-date": "Wed, 17 Jul 2019 02:11:25 GMT",
        "x-ms-return-client-request-id": "true",
        "x-ms-version": "2018-11-09"
      },
      "RequestBody": null,
      "StatusCode": 202,
      "ResponseHeaders": {
        "Content-Length": "0",
        "Date": "Wed, 17 Jul 2019 02:11:25 GMT",
        "Server": [
          "Windows-Azure-File/1.0",
          "Microsoft-HTTPAPI/2.0"
        ],
        "x-ms-request-id": "9efe5f80-e01a-0006-4a44-3c7eb1000000",
        "x-ms-version": "2018-11-09"
      },
      "ResponseBody": []
    }
  ],
  "Variables": {
    "RandomSeed": "1410403626",
    "Storage_TestConfigDefault": "ProductionTenant\nstorageteglazatesting\nU2FuaXRpemVk\nhttp://storageteglazatesting.blob.core.windows.net\nhttp://storageteglazatesting.file.core.windows.net\nhttp://storageteglazatesting.queue.core.windows.net\nhttp://storageteglazatesting.table.core.windows.net\n\n\n\n\nhttp://storageteglazatesting-secondary.blob.core.windows.net\n\nhttp://storageteglazatesting-secondary.queue.core.windows.net\nhttp://storageteglazatesting-secondary.table.core.windows.net\n\nSanitized\n\n\nCloud\nBlobEndpoint=http://storageteglazatesting.blob.core.windows.net/;QueueEndpoint=http://storageteglazatesting.queue.core.windows.net/;TableEndpoint=http://storageteglazatesting.table.core.windows.net/;FileEndpoint=http://storageteglazatesting.file.core.windows.net/;BlobSecondaryEndpoint=http://storageteglazatesting-secondary.blob.core.windows.net/;QueueSecondaryEndpoint=http://storageteglazatesting-secondary.queue.core.windows.net/;TableSecondaryEndpoint=http://storageteglazatesting-secondary.table.core.windows.net/;AccountName=storageteglazatesting;AccountKey=Sanitized"
  }
}