{
  "Entries": [
    {
      "RequestUri": "http://storageteglazatesting.file.core.windows.net/test-share-c35547cc-7ff2-ad14-8087-c3577884a9a1?restype=share",
      "RequestMethod": "PUT",
      "RequestHeaders": {
        "Authorization": "Sanitized",
        "User-Agent": [
          "azsdk-net-Storage.Files/12.0.0-dev.20190716.1\u002bf831919283b482c09bb15e8c0d930e73d941e30e",
          "(.NET Core 4.6.27414.06; Microsoft Windows 10.0.18362 )"
        ],
        "x-ms-client-request-id": "3d96309c10be469c4cb9afa2d57bbb8a",
        "x-ms-date": "Wed, 17 Jul 2019 02:11:26 GMT",
        "x-ms-return-client-request-id": "true",
        "x-ms-share-quota": "1",
        "x-ms-version": "2018-11-09"
      },
      "RequestBody": null,
      "StatusCode": 201,
      "ResponseHeaders": {
        "Content-Length": "0",
        "Date": "Wed, 17 Jul 2019 02:11:25 GMT",
        "ETag": "\u00220x8D70A5C1288991C\u0022",
        "Last-Modified": "Wed, 17 Jul 2019 02:11:26 GMT",
        "Server": [
          "Windows-Azure-File/1.0",
          "Microsoft-HTTPAPI/2.0"
        ],
        "x-ms-request-id": "9efe5f88-e01a-0006-5044-3c7eb1000000",
        "x-ms-version": "2018-11-09"
      },
      "ResponseBody": []
    },
    {
      "RequestUri": "http://storageteglazatesting.file.core.windows.net/test-share-c35547cc-7ff2-ad14-8087-c3577884a9a1/test-directory-1a7d5aa8-4154-fb38-4307-782d28ab3296?restype=directory",
      "RequestMethod": "PUT",
      "RequestHeaders": {
        "Authorization": "Sanitized",
        "User-Agent": [
          "azsdk-net-Storage.Files/12.0.0-dev.20190716.1\u002bf831919283b482c09bb15e8c0d930e73d941e30e",
          "(.NET Core 4.6.27414.06; Microsoft Windows 10.0.18362 )"
        ],
        "x-ms-client-request-id": "c5b01ebe24f1bb8eab0f7639d071d805",
        "x-ms-date": "Wed, 17 Jul 2019 02:11:26 GMT",
        "x-ms-return-client-request-id": "true",
        "x-ms-version": "2018-11-09"
      },
      "RequestBody": null,
      "StatusCode": 201,
      "ResponseHeaders": {
        "Content-Length": "0",
        "Date": "Wed, 17 Jul 2019 02:11:25 GMT",
        "ETag": "\u00220x8D70A5C128C5CA9\u0022",
        "Last-Modified": "Wed, 17 Jul 2019 02:11:26 GMT",
        "Server": [
          "Windows-Azure-File/1.0",
          "Microsoft-HTTPAPI/2.0"
        ],
        "x-ms-request-id": "9efe5f8a-e01a-0006-5144-3c7eb1000000",
        "x-ms-request-server-encrypted": "true",
        "x-ms-version": "2018-11-09"
      },
      "ResponseBody": []
    },
    {
      "RequestUri": "http://storageteglazatesting.file.core.windows.net/test-share-c35547cc-7ff2-ad14-8087-c3577884a9a1/test-directory-1a7d5aa8-4154-fb38-4307-782d28ab3296/test-file-1daf38cc-8f06-5a4c-f79b-fab6976e1da1",
      "RequestMethod": "DELETE",
      "RequestHeaders": {
        "Authorization": "Sanitized",
        "User-Agent": [
          "azsdk-net-Storage.Files/12.0.0-dev.20190716.1\u002bf831919283b482c09bb15e8c0d930e73d941e30e",
          "(.NET Core 4.6.27414.06; Microsoft Windows 10.0.18362 )"
        ],
        "x-ms-client-request-id": "b6e41886f5cb8498ccc26f44cbff2bd1",
        "x-ms-date": "Wed, 17 Jul 2019 02:11:26 GMT",
        "x-ms-return-client-request-id": "true",
        "x-ms-version": "2018-11-09"
      },
      "RequestBody": null,
      "StatusCode": 404,
      "ResponseHeaders": {
        "Content-Length": "223",
        "Content-Type": "application/xml",
        "Date": "Wed, 17 Jul 2019 02:11:26 GMT",
        "Server": [
          "Windows-Azure-File/1.0",
          "Microsoft-HTTPAPI/2.0"
        ],
        "x-ms-error-code": "ResourceNotFound",
        "x-ms-request-id": "9efe5f8b-e01a-0006-5244-3c7eb1000000",
        "x-ms-version": "2018-11-09"
      },
      "ResponseBody": [
        "\ufeff\u003c?xml version=\u00221.0\u0022 encoding=\u0022utf-8\u0022?\u003e\u003cError\u003e\u003cCode\u003eResourceNotFound\u003c/Code\u003e\u003cMessage\u003eThe specified resource does not exist.\n",
        "RequestId:9efe5f8b-e01a-0006-5244-3c7eb1000000\n",
        "Time:2019-07-17T02:11:26.1016074Z\u003c/Message\u003e\u003c/Error\u003e"
      ]
    },
    {
      "RequestUri": "http://storageteglazatesting.file.core.windows.net/test-share-c35547cc-7ff2-ad14-8087-c3577884a9a1?restype=share",
      "RequestMethod": "DELETE",
      "RequestHeaders": {
        "Authorization": "Sanitized",
        "User-Agent": [
          "azsdk-net-Storage.Files/12.0.0-dev.20190716.1\u002bf831919283b482c09bb15e8c0d930e73d941e30e",
          "(.NET Core 4.6.27414.06; Microsoft Windows 10.0.18362 )"
        ],
        "x-ms-client-request-id": "ef61732f14fc2e90d255cd5629d8233c",
        "x-ms-date": "Wed, 17 Jul 2019 02:11:26 GMT",
        "x-ms-return-client-request-id": "true",
        "x-ms-version": "2018-11-09"
      },
      "RequestBody": null,
      "StatusCode": 202,
      "ResponseHeaders": {
        "Content-Length": "0",
        "Date": "Wed, 17 Jul 2019 02:11:26 GMT",
        "Server": [
          "Windows-Azure-File/1.0",
          "Microsoft-HTTPAPI/2.0"
        ],
        "x-ms-request-id": "9efe5f8c-e01a-0006-5344-3c7eb1000000",
        "x-ms-version": "2018-11-09"
      },
      "ResponseBody": []
    }
  ],
  "Variables": {
    "RandomSeed": "284660805",
    "Storage_TestConfigDefault": "ProductionTenant\nstorageteglazatesting\nU2FuaXRpemVk\nhttp://storageteglazatesting.blob.core.windows.net\nhttp://storageteglazatesting.file.core.windows.net\nhttp://storageteglazatesting.queue.core.windows.net\nhttp://storageteglazatesting.table.core.windows.net\n\n\n\n\nhttp://storageteglazatesting-secondary.blob.core.windows.net\n\nhttp://storageteglazatesting-secondary.queue.core.windows.net\nhttp://storageteglazatesting-secondary.table.core.windows.net\n\nSanitized\n\n\nCloud\nBlobEndpoint=http://storageteglazatesting.blob.core.windows.net/;QueueEndpoint=http://storageteglazatesting.queue.core.windows.net/;TableEndpoint=http://storageteglazatesting.table.core.windows.net/;FileEndpoint=http://storageteglazatesting.file.core.windows.net/;BlobSecondaryEndpoint=http://storageteglazatesting-secondary.blob.core.windows.net/;QueueSecondaryEndpoint=http://storageteglazatesting-secondary.queue.core.windows.net/;TableSecondaryEndpoint=http://storageteglazatesting-secondary.table.core.windows.net/;AccountName=storageteglazatesting;AccountKey=Sanitized"
  }
}