{
  "Entries": [
    {
      "RequestUri": "http:\u002f\u002fseandevtest.file.core.windows.net\u002ftest-share-8748acad-175b-6cc0-5061-d339903b7373?restype=share",
      "RequestMethod": "PUT",
      "RequestHeaders": {
        "Authorization": "Sanitized",
        "Request-Id": "|b06e023f-41c66f948391e8eb.",
        "User-Agent": [
          "azsdk-net-Storage.Files\u002f12.0.0-dev.20190823.1\u002b5d1adc9e780ddad85dab0c608c4fad05ab097b18",
          "(.NET Core 4.6.27817.01; Microsoft Windows 10.0.18362 )"
        ],
        "x-ms-client-request-id": "8d3793ba1e6aaf489bf5d898e49fda5e",
        "x-ms-date": "Fri, 23 Aug 2019 21:50:29 GMT",
        "x-ms-return-client-request-id": "true",
        "x-ms-share-quota": "1",
        "x-ms-version": "2019-02-02"
      },
      "RequestBody": null,
      "StatusCode": 201,
      "ResponseHeaders": {
        "Content-Length": "0",
        "Date": "Fri, 23 Aug 2019 21:50:28 GMT",
        "ETag": "\u00220x8D72813EA19A06A\u0022",
        "Last-Modified": "Fri, 23 Aug 2019 21:50:29 GMT",
        "Server": [
          "Windows-Azure-File\u002f1.0",
          "Microsoft-HTTPAPI\u002f2.0"
        ],
        "x-ms-client-request-id": "8d3793ba1e6aaf489bf5d898e49fda5e",
        "x-ms-request-id": "1a938dab-201a-0071-05fc-597833000000",
        "x-ms-version": "2019-02-02"
      },
      "ResponseBody": []
    },
    {
      "RequestUri": "http:\u002f\u002fseandevtest.file.core.windows.net\u002ftest-share-8748acad-175b-6cc0-5061-d339903b7373\u002ftest-directory-18b37e45-3df7-ea3e-6237-2ba182a3fea9?restype=directory",
      "RequestMethod": "PUT",
      "RequestHeaders": {
        "Authorization": "Sanitized",
        "Request-Id": "|b06e0240-41c66f948391e8eb.",
        "User-Agent": [
          "azsdk-net-Storage.Files\u002f12.0.0-dev.20190823.1\u002b5d1adc9e780ddad85dab0c608c4fad05ab097b18",
          "(.NET Core 4.6.27817.01; Microsoft Windows 10.0.18362 )"
        ],
        "x-ms-client-request-id": "9aa56ea784028e166498ec653f2788b0",
        "x-ms-date": "Fri, 23 Aug 2019 21:50:29 GMT",
        "x-ms-file-attributes": "None",
        "x-ms-file-creation-time": "Now",
        "x-ms-file-last-write-time": "Now",
        "x-ms-file-permission": "Inherit",
        "x-ms-return-client-request-id": "true",
        "x-ms-version": "2019-02-02"
      },
      "RequestBody": null,
      "StatusCode": 201,
      "ResponseHeaders": {
        "Content-Length": "0",
        "Date": "Fri, 23 Aug 2019 21:50:28 GMT",
        "ETag": "\u00220x8D72813EA1E2947\u0022",
        "Last-Modified": "Fri, 23 Aug 2019 21:50:29 GMT",
        "Server": [
          "Windows-Azure-File\u002f1.0",
          "Microsoft-HTTPAPI\u002f2.0"
        ],
        "x-ms-client-request-id": "9aa56ea784028e166498ec653f2788b0",
        "x-ms-file-attributes": "Directory",
        "x-ms-file-change-time": "2019-08-23T21:50:29.3549383Z",
        "x-ms-file-creation-time": "2019-08-23T21:50:29.3549383Z",
        "x-ms-file-id": "13835128424026341376",
        "x-ms-file-last-write-time": "2019-08-23T21:50:29.3549383Z",
        "x-ms-file-parent-id": "0",
        "x-ms-file-permission-key": "5337567907660077720*2506815767522118929",
        "x-ms-request-id": "1a938dad-201a-0071-06fc-597833000000",
        "x-ms-request-server-encrypted": "true",
        "x-ms-version": "2019-02-02"
      },
      "ResponseBody": []
    },
    {
      "RequestUri": "http:\u002f\u002fseandevtest.file.core.windows.net\u002ftest-share-8748acad-175b-6cc0-5061-d339903b7373\u002ftest-directory-18b37e45-3df7-ea3e-6237-2ba182a3fea9\u002ftest-file-12f37587-5a87-7d7b-554d-2a32f2a62df7",
      "RequestMethod": "PUT",
      "RequestHeaders": {
        "Authorization": "Sanitized",
        "Request-Id": "|b06e0241-41c66f948391e8eb.",
        "User-Agent": [
          "azsdk-net-Storage.Files\u002f12.0.0-dev.20190823.1\u002b5d1adc9e780ddad85dab0c608c4fad05ab097b18",
          "(.NET Core 4.6.27817.01; Microsoft Windows 10.0.18362 )"
        ],
        "x-ms-client-request-id": "76f12ff63ffac15b6725b45f50d8aa3b",
        "x-ms-content-length": "1048576",
        "x-ms-date": "Fri, 23 Aug 2019 21:50:29 GMT",
        "x-ms-file-attributes": "None",
        "x-ms-file-creation-time": "Now",
        "x-ms-file-last-write-time": "Now",
        "x-ms-file-permission": "Inherit",
        "x-ms-return-client-request-id": "true",
        "x-ms-type": "file",
        "x-ms-version": "2019-02-02"
      },
      "RequestBody": null,
      "StatusCode": 201,
      "ResponseHeaders": {
        "Content-Length": "0",
        "Date": "Fri, 23 Aug 2019 21:50:28 GMT",
        "ETag": "\u00220x8D72813EA2248B4\u0022",
        "Last-Modified": "Fri, 23 Aug 2019 21:50:29 GMT",
        "Server": [
          "Windows-Azure-File\u002f1.0",
          "Microsoft-HTTPAPI\u002f2.0"
        ],
        "x-ms-client-request-id": "76f12ff63ffac15b6725b45f50d8aa3b",
        "x-ms-file-attributes": "Archive",
        "x-ms-file-change-time": "2019-08-23T21:50:29.3819572Z",
        "x-ms-file-creation-time": "2019-08-23T21:50:29.3819572Z",
        "x-ms-file-id": "11529285414812647424",
        "x-ms-file-last-write-time": "2019-08-23T21:50:29.3819572Z",
        "x-ms-file-parent-id": "13835128424026341376",
        "x-ms-file-permission-key": "9973529139831694751*2506815767522118929",
        "x-ms-request-id": "1a938dae-201a-0071-07fc-597833000000",
        "x-ms-request-server-encrypted": "true",
        "x-ms-version": "2019-02-02"
      },
      "ResponseBody": []
    },
    {
      "RequestUri": "http:\u002f\u002fseandevtest.file.core.windows.net\u002ftest-share-8748acad-175b-6cc0-5061-d339903b7373\u002ftest-directory-18b37e45-3df7-ea3e-6237-2ba182a3fea9\u002ftest-file-12f37587-5a87-7d7b-554d-2a32f2a62df7?comp=forceclosehandles",
      "RequestMethod": "PUT",
      "RequestHeaders": {
        "Authorization": "Sanitized",
        "Request-Id": "|b06e0242-41c66f948391e8eb.",
        "User-Agent": [
          "azsdk-net-Storage.Files\u002f12.0.0-dev.20190823.1\u002b5d1adc9e780ddad85dab0c608c4fad05ab097b18",
          "(.NET Core 4.6.27817.01; Microsoft Windows 10.0.18362 )"
        ],
        "x-ms-client-request-id": "0c197bafebaf4c21f32745b559e49bbd",
        "x-ms-date": "Fri, 23 Aug 2019 21:50:29 GMT",
        "x-ms-handle-id": "*",
        "x-ms-return-client-request-id": "true",
        "x-ms-version": "2019-02-02"
      },
      "RequestBody": null,
      "StatusCode": 200,
      "ResponseHeaders": {
        "Content-Length": "0",
        "Date": "Fri, 23 Aug 2019 21:50:28 GMT",
        "Server": [
          "Windows-Azure-File\u002f1.0",
          "Microsoft-HTTPAPI\u002f2.0"
        ],
        "x-ms-client-request-id": "0c197bafebaf4c21f32745b559e49bbd",
        "x-ms-number-of-handles-closed": "0",
        "x-ms-request-id": "1a938daf-201a-0071-08fc-597833000000",
        "x-ms-version": "2019-02-02"
      },
      "ResponseBody": []
    },
    {
      "RequestUri": "http:\u002f\u002fseandevtest.file.core.windows.net\u002ftest-share-8748acad-175b-6cc0-5061-d339903b7373?restype=share",
      "RequestMethod": "DELETE",
      "RequestHeaders": {
        "Authorization": "Sanitized",
        "Request-Id": "|b06e0243-41c66f948391e8eb.",
        "User-Agent": [
          "azsdk-net-Storage.Files\u002f12.0.0-dev.20190823.1\u002b5d1adc9e780ddad85dab0c608c4fad05ab097b18",
          "(.NET Core 4.6.27817.01; Microsoft Windows 10.0.18362 )"
        ],
        "x-ms-client-request-id": "106ef46a113648b51931ab61a61b2c7c",
        "x-ms-date": "Fri, 23 Aug 2019 21:50:29 GMT",
        "x-ms-return-client-request-id": "true",
        "x-ms-version": "2019-02-02"
      },
      "RequestBody": null,
      "StatusCode": 202,
      "ResponseHeaders": {
        "Content-Length": "0",
        "Date": "Fri, 23 Aug 2019 21:50:28 GMT",
        "Server": [
          "Windows-Azure-File\u002f1.0",
          "Microsoft-HTTPAPI\u002f2.0"
        ],
        "x-ms-client-request-id": "106ef46a113648b51931ab61a61b2c7c",
        "x-ms-request-id": "1a938db0-201a-0071-09fc-597833000000",
        "x-ms-version": "2019-02-02"
      },
      "ResponseBody": []
    }
  ],
  "Variables": {
    "RandomSeed": "1296430502",
    "Storage_TestConfigDefault": "ProductionTenant\nseandevtest\nU2FuaXRpemVk\nhttp:\u002f\u002fseandevtest.blob.core.windows.net\nhttp:\u002f\u002fseandevtest.file.core.windows.net\nhttp:\u002f\u002fseandevtest.queue.core.windows.net\nhttp:\u002f\u002fseandevtest.table.core.windows.net\n\n\n\n\nhttp:\u002f\u002fseandevtest-secondary.blob.core.windows.net\nhttp:\u002f\u002fseandevtest-secondary.file.core.windows.net\nhttp:\u002f\u002fseandevtest-secondary.queue.core.windows.net\nhttp:\u002f\u002fseandevtest-secondary.table.core.windows.net\n\nSanitized\n\n\nCloud\nBlobEndpoint=http:\u002f\u002fseandevtest.blob.core.windows.net\u002f;QueueEndpoint=http:\u002f\u002fseandevtest.queue.core.windows.net\u002f;TableEndpoint=http:\u002f\u002fseandevtest.table.core.windows.net\u002f;FileEndpoint=http:\u002f\u002fseandevtest.file.core.windows.net\u002f;BlobSecondaryEndpoint=http:\u002f\u002fseandevtest-secondary.blob.core.windows.net\u002f;QueueSecondaryEndpoint=http:\u002f\u002fseandevtest-secondary.queue.core.windows.net\u002f;TableSecondaryEndpoint=http:\u002f\u002fseandevtest-secondary.table.core.windows.net\u002f;FileSecondaryEndpoint=http:\u002f\u002fseandevtest-secondary.file.core.windows.net\u002f;AccountName=seandevtest;AccountKey=Sanitized"
  }
}