{
  "Entries": [
    {
      "RequestUri": "http:\u002f\u002fgapradev.file.core.windows.net\u002ftest-share-8f964291-81ed-a351-2135-e4a2adef746e?restype=share",
      "RequestMethod": "PUT",
      "RequestHeaders": {
        "Authorization": "Sanitized",
        "Request-Id": "|c5885ef5-4f48765b1e07fd68.",
        "User-Agent": [
          "azsdk-net-Storage.Files\u002f12.0.0-dev.20190912.1\u002b9a86ae3367dccb76004b59b244c982904496250d",
          "(.NET Core 4.6.27817.01; Microsoft Windows 10.0.18362 )"
        ],
        "x-ms-client-request-id": "ab95d100-55aa-f5b0-6d44-907401b63c7c",
        "x-ms-date": "Thu, 12 Sep 2019 22:36:51 GMT",
        "x-ms-return-client-request-id": "true",
        "x-ms-share-quota": "1",
        "x-ms-version": "2019-02-02"
      },
      "RequestBody": null,
      "StatusCode": 201,
      "ResponseHeaders": {
        "Content-Length": "0",
        "Date": "Thu, 12 Sep 2019 22:36:51 GMT",
        "ETag": "\u00220x8D737D1B4EC5E38\u0022",
        "Last-Modified": "Thu, 12 Sep 2019 22:36:51 GMT",
        "Server": [
          "Windows-Azure-File\u002f1.0",
          "Microsoft-HTTPAPI\u002f2.0"
        ],
        "x-ms-client-request-id": "ab95d100-55aa-f5b0-6d44-907401b63c7c",
        "x-ms-request-id": "9fccca46-901a-0004-07ba-691f3c000000",
        "x-ms-version": "2019-02-02"
      },
      "ResponseBody": []
    },
    {
      "RequestUri": "http:\u002f\u002fgapradev.file.core.windows.net\u002ftest-share-8f964291-81ed-a351-2135-e4a2adef746e\u002ftest-directory-1f1770c4-8be1-18d3-e341-042e2df53413?restype=directory",
      "RequestMethod": "PUT",
      "RequestHeaders": {
        "Authorization": "Sanitized",
        "Request-Id": "|c5885ef6-4f48765b1e07fd68.",
        "User-Agent": [
          "azsdk-net-Storage.Files\u002f12.0.0-dev.20190912.1\u002b9a86ae3367dccb76004b59b244c982904496250d",
          "(.NET Core 4.6.27817.01; Microsoft Windows 10.0.18362 )"
        ],
        "x-ms-client-request-id": "0b1c5df7-e4d1-c7f7-c26e-f9a0adf003b9",
        "x-ms-date": "Thu, 12 Sep 2019 22:36:51 GMT",
        "x-ms-file-attributes": "None",
        "x-ms-file-creation-time": "Now",
        "x-ms-file-last-write-time": "Now",
        "x-ms-file-permission": "Inherit",
        "x-ms-return-client-request-id": "true",
        "x-ms-version": "2019-02-02"
      },
      "RequestBody": null,
      "StatusCode": 201,
      "ResponseHeaders": {
        "Content-Length": "0",
        "Date": "Thu, 12 Sep 2019 22:36:51 GMT",
        "ETag": "\u00220x8D737D1B4FB16E2\u0022",
        "Last-Modified": "Thu, 12 Sep 2019 22:36:52 GMT",
        "Server": [
          "Windows-Azure-File\u002f1.0",
          "Microsoft-HTTPAPI\u002f2.0"
        ],
        "x-ms-client-request-id": "0b1c5df7-e4d1-c7f7-c26e-f9a0adf003b9",
        "x-ms-file-attributes": "Directory",
        "x-ms-file-change-time": "2019-09-12T22:36:52.0261346Z",
        "x-ms-file-creation-time": "2019-09-12T22:36:52.0261346Z",
        "x-ms-file-id": "13835128424026341376",
        "x-ms-file-last-write-time": "2019-09-12T22:36:52.0261346Z",
        "x-ms-file-parent-id": "0",
        "x-ms-file-permission-key": "1749612463032355572*8114634751575874941",
        "x-ms-request-id": "9fccca48-901a-0004-08ba-691f3c000000",
        "x-ms-request-server-encrypted": "true",
        "x-ms-version": "2019-02-02"
      },
      "ResponseBody": []
    },
    {
      "RequestUri": "http:\u002f\u002fgapradev.file.core.windows.net\u002ftest-share-8f964291-81ed-a351-2135-e4a2adef746e\u002ftest-directory-1f1770c4-8be1-18d3-e341-042e2df53413\u002ftest-file-1e44010c-cebd-d302-8f6d-891ddc6790a1",
      "RequestMethod": "PUT",
      "RequestHeaders": {
        "Authorization": "Sanitized",
        "Request-Id": "|c5885ef7-4f48765b1e07fd68.",
        "User-Agent": [
          "azsdk-net-Storage.Files\u002f12.0.0-dev.20190912.1\u002b9a86ae3367dccb76004b59b244c982904496250d",
          "(.NET Core 4.6.27817.01; Microsoft Windows 10.0.18362 )"
        ],
        "x-ms-client-request-id": "a37d24ee-3099-ccab-6a49-f722d38e21ac",
        "x-ms-content-length": "1048576",
        "x-ms-date": "Thu, 12 Sep 2019 22:36:52 GMT",
        "x-ms-file-attributes": "None",
        "x-ms-file-creation-time": "Now",
        "x-ms-file-last-write-time": "Now",
        "x-ms-file-permission": "Inherit",
        "x-ms-return-client-request-id": "true",
        "x-ms-type": "file",
        "x-ms-version": "2019-02-02"
      },
      "RequestBody": null,
      "StatusCode": 201,
      "ResponseHeaders": {
        "Content-Length": "0",
        "Date": "Thu, 12 Sep 2019 22:36:51 GMT",
        "ETag": "\u00220x8D737D1B508FBC7\u0022",
        "Last-Modified": "Thu, 12 Sep 2019 22:36:52 GMT",
        "Server": [
          "Windows-Azure-File\u002f1.0",
          "Microsoft-HTTPAPI\u002f2.0"
        ],
        "x-ms-client-request-id": "a37d24ee-3099-ccab-6a49-f722d38e21ac",
        "x-ms-file-attributes": "Archive",
        "x-ms-file-change-time": "2019-09-12T22:36:52.1171911Z",
        "x-ms-file-creation-time": "2019-09-12T22:36:52.1171911Z",
        "x-ms-file-id": "11529285414812647424",
        "x-ms-file-last-write-time": "2019-09-12T22:36:52.1171911Z",
        "x-ms-file-parent-id": "13835128424026341376",
        "x-ms-file-permission-key": "15581347578553677299*8114634751575874941",
        "x-ms-request-id": "9fccca49-901a-0004-09ba-691f3c000000",
        "x-ms-request-server-encrypted": "true",
        "x-ms-version": "2019-02-02"
      },
      "ResponseBody": []
    },
    {
      "RequestUri": "http:\u002f\u002fgapradev.file.core.windows.net\u002ftest-share-8f964291-81ed-a351-2135-e4a2adef746e\u002ftest-directory-1f1770c4-8be1-18d3-e341-042e2df53413\u002ftest-file-1e44010c-cebd-d302-8f6d-891ddc6790a1?sv=2018-11-09\u0026st=2019-09-12T21%3A36%3A52Z\u0026se=2019-09-12T23%3A36%3A52Z\u0026sr=s\u0026sp=rcwdl\u0026sig=Sanitized",
      "RequestMethod": "HEAD",
      "RequestHeaders": {
        "Request-Id": "|c5885ef8-4f48765b1e07fd68.",
        "User-Agent": [
          "azsdk-net-Storage.Files\u002f12.0.0-dev.20190912.1\u002b9a86ae3367dccb76004b59b244c982904496250d",
          "(.NET Core 4.6.27817.01; Microsoft Windows 10.0.18362 )"
        ],
        "x-ms-client-request-id": "88b1e39c-5f73-101f-832d-b0c9c3776014",
        "x-ms-return-client-request-id": "true",
        "x-ms-version": "2019-02-02"
      },
      "RequestBody": null,
      "StatusCode": 200,
      "ResponseHeaders": {
        "Content-Length": "1048576",
        "Content-Type": "application\u002foctet-stream",
        "Date": "Thu, 12 Sep 2019 22:36:51 GMT",
        "ETag": "\u00220x8D737D1B508FBC7\u0022",
        "Last-Modified": "Thu, 12 Sep 2019 22:36:52 GMT",
        "Server": [
          "Windows-Azure-File\u002f1.0",
          "Microsoft-HTTPAPI\u002f2.0"
        ],
        "Vary": "Origin",
        "x-ms-client-request-id": "88b1e39c-5f73-101f-832d-b0c9c3776014",
        "x-ms-file-attributes": "Archive",
        "x-ms-file-change-time": "2019-09-12T22:36:52.1171911Z",
        "x-ms-file-creation-time": "2019-09-12T22:36:52.1171911Z",
        "x-ms-file-id": "11529285414812647424",
        "x-ms-file-last-write-time": "2019-09-12T22:36:52.1171911Z",
        "x-ms-file-parent-id": "13835128424026341376",
        "x-ms-file-permission-key": "15581347578553677299*8114634751575874941",
        "x-ms-lease-state": "available",
        "x-ms-lease-status": "unlocked",
        "x-ms-request-id": "9fccca4c-901a-0004-0cba-691f3c000000",
        "x-ms-server-encrypted": "true",
        "x-ms-type": "File",
        "x-ms-version": "2019-02-02"
      },
      "ResponseBody": []
    },
    {
      "RequestUri": "http:\u002f\u002fgapradev.file.core.windows.net\u002ftest-share-8f964291-81ed-a351-2135-e4a2adef746e?restype=share",
      "RequestMethod": "DELETE",
      "RequestHeaders": {
        "Authorization": "Sanitized",
        "Request-Id": "|c5885ef9-4f48765b1e07fd68.",
        "User-Agent": [
          "azsdk-net-Storage.Files\u002f12.0.0-dev.20190912.1\u002b9a86ae3367dccb76004b59b244c982904496250d",
          "(.NET Core 4.6.27817.01; Microsoft Windows 10.0.18362 )"
        ],
        "x-ms-client-request-id": "f086a627-98dc-db38-d6ee-71308a8f784c",
        "x-ms-date": "Thu, 12 Sep 2019 22:36:52 GMT",
        "x-ms-return-client-request-id": "true",
        "x-ms-version": "2019-02-02"
      },
      "RequestBody": null,
      "StatusCode": 202,
      "ResponseHeaders": {
        "Content-Length": "0",
        "Date": "Thu, 12 Sep 2019 22:36:52 GMT",
        "Server": [
          "Windows-Azure-File\u002f1.0",
          "Microsoft-HTTPAPI\u002f2.0"
        ],
        "x-ms-client-request-id": "f086a627-98dc-db38-d6ee-71308a8f784c",
        "x-ms-request-id": "9fccca50-901a-0004-10ba-691f3c000000",
        "x-ms-version": "2019-02-02"
      },
      "ResponseBody": []
    }
  ],
  "Variables": {
    "DateTimeOffsetNow": "2019-09-12T15:36:52.1491155-07:00",
    "RandomSeed": "554296736",
    "Storage_TestConfigDefault": "ProductionTenant\ngapradev\nU2FuaXRpemVk\nhttp:\u002f\u002fgapradev.blob.core.windows.net\nhttp:\u002f\u002fgapradev.file.core.windows.net\nhttp:\u002f\u002fgapradev.queue.core.windows.net\nhttp:\u002f\u002fgapradev.table.core.windows.net\n\n\n\n\nhttp:\u002f\u002fgapradev-secondary.blob.core.windows.net\nhttp:\u002f\u002fgapradev-secondary.file.core.windows.net\nhttp:\u002f\u002fgapradev-secondary.queue.core.windows.net\nhttp:\u002f\u002fgapradev-secondary.table.core.windows.net\n\nSanitized\n\n\nCloud\nBlobEndpoint=http:\u002f\u002fgapradev.blob.core.windows.net\u002f;QueueEndpoint=http:\u002f\u002fgapradev.queue.core.windows.net\u002f;TableEndpoint=http:\u002f\u002fgapradev.table.core.windows.net\u002f;FileEndpoint=http:\u002f\u002fgapradev.file.core.windows.net\u002f;BlobSecondaryEndpoint=http:\u002f\u002fgapradev-secondary.blob.core.windows.net\u002f;QueueSecondaryEndpoint=http:\u002f\u002fgapradev-secondary.queue.core.windows.net\u002f;TableSecondaryEndpoint=http:\u002f\u002fgapradev-secondary.table.core.windows.net\u002f;FileSecondaryEndpoint=http:\u002f\u002fgapradev-secondary.file.core.windows.net\u002f;AccountName=gapradev;AccountKey=Sanitized"
  }
}