{
  "Entries": [
    {
      "RequestUri": "http:\u002f\u002fseandevtest.file.core.windows.net\u002ftest-share-86e370d4-db00-dd6f-8b08-52c7f16bb428?restype=share",
      "RequestMethod": "PUT",
      "RequestHeaders": {
        "Authorization": "Sanitized",
        "Request-Id": "|6b9669c2-47b5576117c2a584.",
        "User-Agent": [
          "azsdk-net-Storage.Files\u002f12.0.0-dev.20190821.1\u002b6022425de991a463097bb9e4e90aceda95be204b",
          "(.NET Core 4.6.27817.01; Microsoft Windows 10.0.18362 )"
        ],
        "x-ms-client-request-id": "fa097ccee7dff0e2338af6516f80b7dd",
        "x-ms-date": "Wed, 21 Aug 2019 19:30:52 GMT",
        "x-ms-return-client-request-id": "true",
        "x-ms-share-quota": "1",
        "x-ms-version": "2019-02-02"
      },
      "RequestBody": null,
      "StatusCode": 201,
      "ResponseHeaders": {
        "Content-Length": "0",
        "Date": "Wed, 21 Aug 2019 19:30:51 GMT",
        "ETag": "\u00220x8D7266E146EF889\u0022",
        "Last-Modified": "Wed, 21 Aug 2019 19:30:52 GMT",
        "Server": [
          "Windows-Azure-File\u002f1.0",
          "Microsoft-HTTPAPI\u002f2.0"
        ],
        "x-ms-client-request-id": "fa097ccee7dff0e2338af6516f80b7dd",
        "x-ms-request-id": "6e37d807-f01a-0015-5356-58c893000000",
        "x-ms-version": "2019-02-02"
      },
      "ResponseBody": []
    },
    {
      "RequestUri": "http:\u002f\u002fseandevtest.file.core.windows.net\u002ftest-share-86e370d4-db00-dd6f-8b08-52c7f16bb428\u002ftest-directory-8514e4a3-6061-e9ef-250f-229e70a96192?restype=directory",
      "RequestMethod": "PUT",
      "RequestHeaders": {
        "Authorization": "Sanitized",
        "Request-Id": "|6b9669c3-47b5576117c2a584.",
        "User-Agent": [
          "azsdk-net-Storage.Files\u002f12.0.0-dev.20190821.1\u002b6022425de991a463097bb9e4e90aceda95be204b",
          "(.NET Core 4.6.27817.01; Microsoft Windows 10.0.18362 )"
        ],
        "x-ms-client-request-id": "621d96b4c3ebec718ef25276e51e6d0b",
        "x-ms-date": "Wed, 21 Aug 2019 19:30:52 GMT",
        "x-ms-file-attributes": "None",
        "x-ms-file-creation-time": "Now",
        "x-ms-file-last-write-time": "Now",
        "x-ms-file-permission": "Inherit",
        "x-ms-return-client-request-id": "true",
        "x-ms-version": "2019-02-02"
      },
      "RequestBody": null,
      "StatusCode": 201,
      "ResponseHeaders": {
        "Content-Length": "0",
        "Date": "Wed, 21 Aug 2019 19:30:51 GMT",
        "ETag": "\u00220x8D7266E147359C7\u0022",
        "Last-Modified": "Wed, 21 Aug 2019 19:30:52 GMT",
        "Server": [
          "Windows-Azure-File\u002f1.0",
          "Microsoft-HTTPAPI\u002f2.0"
        ],
        "x-ms-client-request-id": "621d96b4c3ebec718ef25276e51e6d0b",
        "x-ms-file-attributes": "Directory",
        "x-ms-file-change-time": "2019-08-21T19:30:52.7576519Z",
        "x-ms-file-creation-time": "2019-08-21T19:30:52.7576519Z",
        "x-ms-file-id": "13835128424026341376",
        "x-ms-file-last-write-time": "2019-08-21T19:30:52.7576519Z",
        "x-ms-file-parent-id": "0",
        "x-ms-file-permission-key": "5337567907660077720*2506815767522118929",
        "x-ms-request-id": "6e37d809-f01a-0015-5456-58c893000000",
        "x-ms-request-server-encrypted": "true",
        "x-ms-version": "2019-02-02"
      },
      "ResponseBody": []
    },
    {
      "RequestUri": "http:\u002f\u002fseandevtest.file.core.windows.net\u002ftest-share-86e370d4-db00-dd6f-8b08-52c7f16bb428\u002ftest-directory-8514e4a3-6061-e9ef-250f-229e70a96192\u002ftest-file-0c247451-2e56-6ec7-8c1f-d5cfc543808a",
      "RequestMethod": "PUT",
      "RequestHeaders": {
        "Authorization": "Sanitized",
        "Request-Id": "|6b9669c4-47b5576117c2a584.",
        "User-Agent": [
          "azsdk-net-Storage.Files\u002f12.0.0-dev.20190821.1\u002b6022425de991a463097bb9e4e90aceda95be204b",
          "(.NET Core 4.6.27817.01; Microsoft Windows 10.0.18362 )"
        ],
        "x-ms-client-request-id": "d99d63295462dff17328f66f0d790406",
        "x-ms-content-length": "1048576",
        "x-ms-date": "Wed, 21 Aug 2019 19:30:52 GMT",
        "x-ms-file-attributes": "None",
        "x-ms-file-creation-time": "Now",
        "x-ms-file-last-write-time": "Now",
        "x-ms-file-permission": "Inherit",
        "x-ms-return-client-request-id": "true",
        "x-ms-type": "file",
        "x-ms-version": "2019-02-02"
      },
      "RequestBody": null,
      "StatusCode": 201,
      "ResponseHeaders": {
        "Content-Length": "0",
        "Date": "Wed, 21 Aug 2019 19:30:51 GMT",
        "ETag": "\u00220x8D7266E1477A052\u0022",
        "Last-Modified": "Wed, 21 Aug 2019 19:30:52 GMT",
        "Server": [
          "Windows-Azure-File\u002f1.0",
          "Microsoft-HTTPAPI\u002f2.0"
        ],
        "x-ms-client-request-id": "d99d63295462dff17328f66f0d790406",
        "x-ms-file-attributes": "Archive",
        "x-ms-file-change-time": "2019-08-21T19:30:52.7856722Z",
        "x-ms-file-creation-time": "2019-08-21T19:30:52.7856722Z",
        "x-ms-file-id": "11529285414812647424",
        "x-ms-file-last-write-time": "2019-08-21T19:30:52.7856722Z",
        "x-ms-file-parent-id": "13835128424026341376",
        "x-ms-file-permission-key": "9973529139831694751*2506815767522118929",
        "x-ms-request-id": "6e37d80b-f01a-0015-5656-58c893000000",
        "x-ms-request-server-encrypted": "true",
        "x-ms-version": "2019-02-02"
      },
      "ResponseBody": []
    },
    {
      "RequestUri": "http:\u002f\u002fseandevtest.file.core.windows.net\u002ftest-share-86e370d4-db00-dd6f-8b08-52c7f16bb428\u002ftest-directory-8514e4a3-6061-e9ef-250f-229e70a96192\u002ftest-file-0c247451-2e56-6ec7-8c1f-d5cfc543808a?comp=rangelist",
      "RequestMethod": "GET",
      "RequestHeaders": {
        "Authorization": "Sanitized",
        "Request-Id": "|6b9669c5-47b5576117c2a584.",
        "User-Agent": [
          "azsdk-net-Storage.Files\u002f12.0.0-dev.20190821.1\u002b6022425de991a463097bb9e4e90aceda95be204b",
          "(.NET Core 4.6.27817.01; Microsoft Windows 10.0.18362 )"
        ],
        "x-ms-client-request-id": "fb4d17a25484853ccfafd6cceea2274b",
        "x-ms-date": "Wed, 21 Aug 2019 19:30:52 GMT",
        "x-ms-range": "bytes=0-1048575",
        "x-ms-return-client-request-id": "true",
        "x-ms-version": "2019-02-02"
      },
      "RequestBody": null,
      "StatusCode": 200,
      "ResponseHeaders": {
        "Access-Control-Allow-Origin": "*",
        "Content-Type": "application\u002fxml",
        "Date": "Wed, 21 Aug 2019 19:30:52 GMT",
        "ETag": "\u00220x8D7266E1477A052\u0022",
        "Last-Modified": "Wed, 21 Aug 2019 19:30:52 GMT",
        "Server": [
          "Windows-Azure-File\u002f1.0",
          "Microsoft-HTTPAPI\u002f2.0"
        ],
        "Transfer-Encoding": "chunked",
        "x-ms-client-request-id": "fb4d17a25484853ccfafd6cceea2274b",
        "x-ms-content-length": "1048576",
        "x-ms-request-id": "6e37d80e-f01a-0015-5956-58c893000000",
        "x-ms-version": "2019-02-02"
      },
      "ResponseBody": "\ufeff\u003c?xml version=\u00221.0\u0022 encoding=\u0022utf-8\u0022?\u003e\u003cRanges \u002f\u003e"
    },
    {
      "RequestUri": "http:\u002f\u002fseandevtest.file.core.windows.net\u002ftest-share-86e370d4-db00-dd6f-8b08-52c7f16bb428?restype=share",
      "RequestMethod": "DELETE",
      "RequestHeaders": {
        "Authorization": "Sanitized",
        "Request-Id": "|6b9669c6-47b5576117c2a584.",
        "User-Agent": [
          "azsdk-net-Storage.Files\u002f12.0.0-dev.20190821.1\u002b6022425de991a463097bb9e4e90aceda95be204b",
          "(.NET Core 4.6.27817.01; Microsoft Windows 10.0.18362 )"
        ],
        "x-ms-client-request-id": "814dc8719481fda88345992e37576113",
        "x-ms-date": "Wed, 21 Aug 2019 19:30:52 GMT",
        "x-ms-return-client-request-id": "true",
        "x-ms-version": "2019-02-02"
      },
      "RequestBody": null,
      "StatusCode": 202,
      "ResponseHeaders": {
        "Content-Length": "0",
        "Date": "Wed, 21 Aug 2019 19:30:52 GMT",
        "Server": [
          "Windows-Azure-File\u002f1.0",
          "Microsoft-HTTPAPI\u002f2.0"
        ],
        "x-ms-client-request-id": "814dc8719481fda88345992e37576113",
        "x-ms-request-id": "6e37d80f-f01a-0015-5a56-58c893000000",
        "x-ms-version": "2019-02-02"
      },
      "ResponseBody": []
    }
  ],
  "Variables": {
    "RandomSeed": "2023998480",
    "Storage_TestConfigDefault": "ProductionTenant\nseandevtest\nU2FuaXRpemVk\nhttp:\u002f\u002fseandevtest.blob.core.windows.net\nhttp:\u002f\u002fseandevtest.file.core.windows.net\nhttp:\u002f\u002fseandevtest.queue.core.windows.net\nhttp:\u002f\u002fseandevtest.table.core.windows.net\n\n\n\n\nhttp:\u002f\u002fseandevtest-secondary.blob.core.windows.net\nhttp:\u002f\u002fseandevtest-secondary.file.core.windows.net\nhttp:\u002f\u002fseandevtest-secondary.queue.core.windows.net\nhttp:\u002f\u002fseandevtest-secondary.table.core.windows.net\n\nSanitized\n\n\nCloud\nBlobEndpoint=http:\u002f\u002fseandevtest.blob.core.windows.net\u002f;QueueEndpoint=http:\u002f\u002fseandevtest.queue.core.windows.net\u002f;TableEndpoint=http:\u002f\u002fseandevtest.table.core.windows.net\u002f;FileEndpoint=http:\u002f\u002fseandevtest.file.core.windows.net\u002f;BlobSecondaryEndpoint=http:\u002f\u002fseandevtest-secondary.blob.core.windows.net\u002f;QueueSecondaryEndpoint=http:\u002f\u002fseandevtest-secondary.queue.core.windows.net\u002f;TableSecondaryEndpoint=http:\u002f\u002fseandevtest-secondary.table.core.windows.net\u002f;FileSecondaryEndpoint=http:\u002f\u002fseandevtest-secondary.file.core.windows.net\u002f;AccountName=seandevtest;AccountKey=Sanitized"
  }
}