{
  "Entries": [
    {
      "RequestUri": "http://storageteglazatesting.file.core.windows.net/test-share-a7aa96e6-7efe-fe1c-48fa-1841b3ee67f0?restype=share",
      "RequestMethod": "PUT",
      "RequestHeaders": {
        "Authorization": "Sanitized",
        "User-Agent": [
          "azsdk-net-storage-files/1.0.0.0",
          "(.NET Core 4.6.27414.06; Microsoft Windows 10.0.18362 )"
        ],
        "x-ms-client-request-id": "0d65d4627827b6f1a88b687f1a319fe6",
        "x-ms-date": "Mon, 17 Jun 2019 20:59:05 GMT",
        "x-ms-return-client-request-id": "true",
        "x-ms-share-quota": "1",
        "x-ms-version": "2018-11-09"
      },
      "RequestBody": null,
      "StatusCode": 201,
      "ResponseHeaders": {
        "Content-Length": "0",
        "Date": "Mon, 17 Jun 2019 20:59:05 GMT",
        "ETag": "\u00220x8D6F366A28DA4B7\u0022",
        "Last-Modified": "Mon, 17 Jun 2019 20:59:05 GMT",
        "Server": [
          "Windows-Azure-File/1.0",
          "Microsoft-HTTPAPI/2.0"
        ],
        "x-ms-request-id": "f409363f-701a-0076-2c4f-25c746000000",
        "x-ms-version": "2018-11-09"
      },
      "ResponseBody": null
    },
    {
      "RequestUri": "http://storageteglazatesting.file.core.windows.net/test-share-a7aa96e6-7efe-fe1c-48fa-1841b3ee67f0/test-directory-4ca241a1-397e-223b-554f-89d6bd2019eb?restype=directory",
      "RequestMethod": "PUT",
      "RequestHeaders": {
        "Authorization": "Sanitized",
        "User-Agent": [
          "azsdk-net-storage-files/1.0.0.0",
          "(.NET Core 4.6.27414.06; Microsoft Windows 10.0.18362 )"
        ],
        "x-ms-client-request-id": "953d6a2b7ea46e2ea5f4ff72159de316",
        "x-ms-date": "Mon, 17 Jun 2019 20:59:05 GMT",
        "x-ms-return-client-request-id": "true",
        "x-ms-version": "2018-11-09"
      },
      "RequestBody": null,
      "StatusCode": 201,
      "ResponseHeaders": {
        "Content-Length": "0",
        "Date": "Mon, 17 Jun 2019 20:59:05 GMT",
        "ETag": "\u00220x8D6F366A290566E\u0022",
        "Last-Modified": "Mon, 17 Jun 2019 20:59:05 GMT",
        "Server": [
          "Windows-Azure-File/1.0",
          "Microsoft-HTTPAPI/2.0"
        ],
        "x-ms-request-id": "f4093641-701a-0076-2d4f-25c746000000",
        "x-ms-request-server-encrypted": "true",
        "x-ms-version": "2018-11-09"
      },
      "ResponseBody": null
    },
    {
      "RequestUri": "http://storageteglazatesting.file.core.windows.net/test-share-a7aa96e6-7efe-fe1c-48fa-1841b3ee67f0/test-directory-4ca241a1-397e-223b-554f-89d6bd2019eb/test-file-729f325a-1a4b-2872-9943-b8d8ef1af887",
      "RequestMethod": "PUT",
      "RequestHeaders": {
        "Authorization": "Sanitized",
        "User-Agent": [
          "azsdk-net-storage-files/1.0.0.0",
          "(.NET Core 4.6.27414.06; Microsoft Windows 10.0.18362 )"
        ],
        "x-ms-client-request-id": "b0537d710af423421234a78a3ac80cb8",
        "x-ms-content-length": "1048576",
        "x-ms-date": "Mon, 17 Jun 2019 20:59:05 GMT",
        "x-ms-return-client-request-id": "true",
        "x-ms-type": "file",
        "x-ms-version": "2018-11-09"
      },
      "RequestBody": null,
      "StatusCode": 201,
      "ResponseHeaders": {
        "Content-Length": "0",
        "Date": "Mon, 17 Jun 2019 20:59:05 GMT",
        "ETag": "\u00220x8D6F366A2933D53\u0022",
        "Last-Modified": "Mon, 17 Jun 2019 20:59:05 GMT",
        "Server": [
          "Windows-Azure-File/1.0",
          "Microsoft-HTTPAPI/2.0"
        ],
        "x-ms-request-id": "f4093642-701a-0076-2e4f-25c746000000",
        "x-ms-request-server-encrypted": "true",
        "x-ms-version": "2018-11-09"
      },
      "ResponseBody": null
    },
    {
      "RequestUri": "http://storageteglazatesting.file.core.windows.net/test-share-a7aa96e6-7efe-fe1c-48fa-1841b3ee67f0/test-directory-4ca241a1-397e-223b-554f-89d6bd2019eb/test-file-729f325a-1a4b-2872-9943-b8d8ef1af887?comp=listhandles",
      "RequestMethod": "GET",
      "RequestHeaders": {
        "Authorization": "Sanitized",
        "User-Agent": [
          "azsdk-net-storage-files/1.0.0.0",
          "(.NET Core 4.6.27414.06; Microsoft Windows 10.0.18362 )"
        ],
        "x-ms-client-request-id": "8b7c726ba780109ff814fc60c6557f8a",
        "x-ms-date": "Mon, 17 Jun 2019 20:59:05 GMT",
        "x-ms-return-client-request-id": "true",
        "x-ms-version": "2018-11-09"
      },
      "RequestBody": null,
      "StatusCode": 200,
      "ResponseHeaders": {
        "Access-Control-Allow-Origin": "*",
        "Content-Type": "application/xml",
        "Date": "Mon, 17 Jun 2019 20:59:05 GMT",
        "Server": [
          "Windows-Azure-File/1.0",
          "Microsoft-HTTPAPI/2.0"
        ],
        "Transfer-Encoding": "chunked",
        "x-ms-request-id": "f4093643-701a-0076-2f4f-25c746000000",
        "x-ms-version": "2018-11-09"
      },
      "ResponseBody": "\ufeff\u003c?xml version=\u00221.0\u0022 encoding=\u0022utf-8\u0022?\u003e\u003cEnumerationResults\u003e\u003cEntries /\u003e\u003cNextMarker /\u003e\u003c/EnumerationResults\u003e"
    },
    {
      "RequestUri": "http://storageteglazatesting.file.core.windows.net/test-share-a7aa96e6-7efe-fe1c-48fa-1841b3ee67f0?restype=share",
      "RequestMethod": "DELETE",
      "RequestHeaders": {
        "Authorization": "Sanitized",
        "User-Agent": [
          "azsdk-net-storage-files/1.0.0.0",
          "(.NET Core 4.6.27414.06; Microsoft Windows 10.0.18362 )"
        ],
        "x-ms-client-request-id": "970177fb33494f22ef7c5f1773e7edd0",
        "x-ms-date": "Mon, 17 Jun 2019 20:59:05 GMT",
        "x-ms-return-client-request-id": "true",
        "x-ms-version": "2018-11-09"
      },
      "RequestBody": null,
      "StatusCode": 202,
      "ResponseHeaders": {
        "Content-Length": "0",
        "Date": "Mon, 17 Jun 2019 20:59:05 GMT",
        "Server": [
          "Windows-Azure-File/1.0",
          "Microsoft-HTTPAPI/2.0"
        ],
        "x-ms-request-id": "f4093644-701a-0076-304f-25c746000000",
        "x-ms-version": "2018-11-09"
      },
      "ResponseBody": null
    }
  ],
  "Variables": {
    "RandomSeed": "2039784136"
  }
}