{
  "Entries": [
    {
      "RequestUri": "http://storageteglazatesting.file.core.windows.net/test-share-3a5fb10b-5bb9-16e1-357b-4f90c1213d4f?restype=share",
      "RequestMethod": "PUT",
      "RequestHeaders": {
        "Authorization": "Sanitized",
        "User-Agent": [
          "azsdk-net-storage-files/1.0.0.0",
          "(.NET Core 4.6.27414.06; Microsoft Windows 10.0.18362 )"
        ],
        "x-ms-client-request-id": "59b01511661388d7621b9a0999aaa9ea",
        "x-ms-date": "Mon, 17 Jun 2019 20:59:06 GMT",
        "x-ms-return-client-request-id": "true",
        "x-ms-share-quota": "1",
        "x-ms-version": "2018-11-09"
      },
      "RequestBody": null,
      "StatusCode": 201,
      "ResponseHeaders": {
        "Content-Length": "0",
        "Date": "Mon, 17 Jun 2019 20:59:06 GMT",
        "ETag": "\u00220x8D6F366A2E5EC72\u0022",
        "Last-Modified": "Mon, 17 Jun 2019 20:59:06 GMT",
        "Server": [
          "Windows-Azure-File/1.0",
          "Microsoft-HTTPAPI/2.0"
        ],
        "x-ms-request-id": "f4093659-701a-0076-414f-25c746000000",
        "x-ms-version": "2018-11-09"
      },
      "ResponseBody": null
    },
    {
      "RequestUri": "http://storageteglazatesting.file.core.windows.net/test-share-3a5fb10b-5bb9-16e1-357b-4f90c1213d4f/test-directory-5ced5bc3-02f8-0b01-77d9-5b4afbe95c98?restype=directory",
      "RequestMethod": "PUT",
      "RequestHeaders": {
        "Authorization": "Sanitized",
        "User-Agent": [
          "azsdk-net-storage-files/1.0.0.0",
          "(.NET Core 4.6.27414.06; Microsoft Windows 10.0.18362 )"
        ],
        "x-ms-client-request-id": "8417463f0897a4f1d9d7d89ec1d77c8a",
        "x-ms-date": "Mon, 17 Jun 2019 20:59:06 GMT",
        "x-ms-return-client-request-id": "true",
        "x-ms-version": "2018-11-09"
      },
      "RequestBody": null,
      "StatusCode": 201,
      "ResponseHeaders": {
        "Content-Length": "0",
        "Date": "Mon, 17 Jun 2019 20:59:06 GMT",
        "ETag": "\u00220x8D6F366A2E8C53A\u0022",
        "Last-Modified": "Mon, 17 Jun 2019 20:59:06 GMT",
        "Server": [
          "Windows-Azure-File/1.0",
          "Microsoft-HTTPAPI/2.0"
        ],
        "x-ms-request-id": "f409365b-701a-0076-424f-25c746000000",
        "x-ms-request-server-encrypted": "true",
        "x-ms-version": "2018-11-09"
      },
      "ResponseBody": null
    },
    {
      "RequestUri": "http://storageteglazatesting.file.core.windows.net/test-share-3a5fb10b-5bb9-16e1-357b-4f90c1213d4f/test-directory-5ced5bc3-02f8-0b01-77d9-5b4afbe95c98/test-file-65cd64d2-e133-0f56-13a5-e13a0b8d8c78?comp=properties",
      "RequestMethod": "PUT",
      "RequestHeaders": {
        "Authorization": "Sanitized",
        "User-Agent": [
          "azsdk-net-storage-files/1.0.0.0",
          "(.NET Core 4.6.27414.06; Microsoft Windows 10.0.18362 )"
        ],
        "x-ms-cache-control": "ihnoxfgmvplccanuvews",
        "x-ms-client-request-id": "52c901be2493ba526a488221296249a0",
        "x-ms-content-disposition": "wymiifklejpbuvstltpm",
        "x-ms-content-encoding": "vxgckhtgcfyntrmjuegs",
        "x-ms-content-language": "uthmykhggtibokwyrjxb",
        "x-ms-content-md5": "UHknP96O5k\u002bPhnAu3P9OIA==",
        "x-ms-content-type": "kdjxkbhcijxhnvrcptda",
        "x-ms-date": "Mon, 17 Jun 2019 20:59:06 GMT",
        "x-ms-return-client-request-id": "true",
        "x-ms-version": "2018-11-09"
      },
      "RequestBody": null,
      "StatusCode": 404,
      "ResponseHeaders": {
        "Content-Length": "223",
        "Content-Type": "application/xml",
        "Date": "Mon, 17 Jun 2019 20:59:06 GMT",
        "Server": [
          "Windows-Azure-File/1.0",
          "Microsoft-HTTPAPI/2.0"
        ],
        "x-ms-error-code": "ResourceNotFound",
        "x-ms-request-id": "f409365c-701a-0076-434f-25c746000000",
        "x-ms-version": "2018-11-09"
      },
      "ResponseBody": [
        "\ufeff\u003c?xml version=\u00221.0\u0022 encoding=\u0022utf-8\u0022?\u003e\u003cError\u003e\u003cCode\u003eResourceNotFound\u003c/Code\u003e\u003cMessage\u003eThe specified resource does not exist.\n",
        "RequestId:f409365c-701a-0076-434f-25c746000000\n",
        "Time:2019-06-17T20:59:06.5715884Z\u003c/Message\u003e\u003c/Error\u003e"
      ]
    },
    {
      "RequestUri": "http://storageteglazatesting.file.core.windows.net/test-share-3a5fb10b-5bb9-16e1-357b-4f90c1213d4f?restype=share",
      "RequestMethod": "DELETE",
      "RequestHeaders": {
        "Authorization": "Sanitized",
        "User-Agent": [
          "azsdk-net-storage-files/1.0.0.0",
          "(.NET Core 4.6.27414.06; Microsoft Windows 10.0.18362 )"
        ],
        "x-ms-client-request-id": "9678d05cf71c5e64f00871f226b7994c",
        "x-ms-date": "Mon, 17 Jun 2019 20:59:06 GMT",
        "x-ms-return-client-request-id": "true",
        "x-ms-version": "2018-11-09"
      },
      "RequestBody": null,
      "StatusCode": 202,
      "ResponseHeaders": {
        "Content-Length": "0",
        "Date": "Mon, 17 Jun 2019 20:59:06 GMT",
        "Server": [
          "Windows-Azure-File/1.0",
          "Microsoft-HTTPAPI/2.0"
        ],
        "x-ms-request-id": "f409365d-701a-0076-444f-25c746000000",
        "x-ms-version": "2018-11-09"
      },
      "ResponseBody": null
    }
  ],
  "Variables": {
    "DateTimeOffsetNow": "2019-06-17T13:59:06.4667998-07:00",
    "RandomSeed": "1111406976"
  }
}