{
  "Entries": [
    {
      "RequestUri": "http:\u002f\u002fseandevtest.file.core.windows.net\u002ftest-share-5241a201-8757-8759-8082-b549832bd145?restype=share",
      "RequestMethod": "PUT",
      "RequestHeaders": {
        "Authorization": "Sanitized",
        "Request-Id": "|a3ae33b3-4d69145cf1ffb57a.",
        "User-Agent": [
          "azsdk-net-Storage.Files\u002f12.0.0-dev.20190822.1\u002bd36f8fac2162e8f9b14352b4de3c24242097c7b8",
          "(.NET Core 4.6.27817.01; Microsoft Windows 10.0.18362 )"
        ],
        "x-ms-client-request-id": "b8e151df18be25b47de88be00ba8360f",
        "x-ms-date": "Thu, 22 Aug 2019 21:11:20 GMT",
        "x-ms-return-client-request-id": "true",
        "x-ms-share-quota": "1",
        "x-ms-version": "2019-02-02"
      },
      "RequestBody": null,
      "StatusCode": 201,
      "ResponseHeaders": {
        "Content-Length": "0",
        "Date": "Thu, 22 Aug 2019 21:11:20 GMT",
        "ETag": "\u00220x8D7274547D84368\u0022",
        "Last-Modified": "Thu, 22 Aug 2019 21:11:20 GMT",
        "Server": [
          "Windows-Azure-File\u002f1.0",
          "Microsoft-HTTPAPI\u002f2.0"
        ],
        "x-ms-client-request-id": "b8e151df18be25b47de88be00ba8360f",
        "x-ms-request-id": "0dc66f1e-d01a-0002-5e2e-5908f0000000",
        "x-ms-version": "2019-02-02"
      },
      "ResponseBody": []
    },
    {
      "RequestUri": "http:\u002f\u002fseandevtest.file.core.windows.net\u002ftest-share-5241a201-8757-8759-8082-b549832bd145\u002ftest-directory-b4f7f86f-7cfd-b118-2019-3ee25586a4b5?restype=directory",
      "RequestMethod": "PUT",
      "RequestHeaders": {
        "Authorization": "Sanitized",
        "Request-Id": "|a3ae33b4-4d69145cf1ffb57a.",
        "User-Agent": [
          "azsdk-net-Storage.Files\u002f12.0.0-dev.20190822.1\u002bd36f8fac2162e8f9b14352b4de3c24242097c7b8",
          "(.NET Core 4.6.27817.01; Microsoft Windows 10.0.18362 )"
        ],
        "x-ms-client-request-id": "733e82b0588ce85eed1cd56efc787cd8",
        "x-ms-date": "Thu, 22 Aug 2019 21:11:20 GMT",
        "x-ms-file-attributes": "None",
        "x-ms-file-creation-time": "Now",
        "x-ms-file-last-write-time": "Now",
        "x-ms-file-permission": "Inherit",
        "x-ms-return-client-request-id": "true",
        "x-ms-version": "2019-02-02"
      },
      "RequestBody": null,
      "StatusCode": 201,
      "ResponseHeaders": {
        "Content-Length": "0",
        "Date": "Thu, 22 Aug 2019 21:11:20 GMT",
        "ETag": "\u00220x8D7274547DCD4D1\u0022",
        "Last-Modified": "Thu, 22 Aug 2019 21:11:20 GMT",
        "Server": [
          "Windows-Azure-File\u002f1.0",
          "Microsoft-HTTPAPI\u002f2.0"
        ],
        "x-ms-client-request-id": "733e82b0588ce85eed1cd56efc787cd8",
        "x-ms-file-attributes": "Directory",
        "x-ms-file-change-time": "2019-08-22T21:11:20.8095953Z",
        "x-ms-file-creation-time": "2019-08-22T21:11:20.8095953Z",
        "x-ms-file-id": "13835128424026341376",
        "x-ms-file-last-write-time": "2019-08-22T21:11:20.8095953Z",
        "x-ms-file-parent-id": "0",
        "x-ms-file-permission-key": "5337567907660077720*2506815767522118929",
        "x-ms-request-id": "0dc66f20-d01a-0002-5f2e-5908f0000000",
        "x-ms-request-server-encrypted": "true",
        "x-ms-version": "2019-02-02"
      },
      "ResponseBody": []
    },
    {
      "RequestUri": "http:\u002f\u002fseandevtest.file.core.windows.net\u002ftest-share-5241a201-8757-8759-8082-b549832bd145\u002ftest-directory-b4f7f86f-7cfd-b118-2019-3ee25586a4b5\u002ftest-file-8adaa54c-1c33-6248-392f-97a5dad2d0f6",
      "RequestMethod": "PUT",
      "RequestHeaders": {
        "Authorization": "Sanitized",
        "Request-Id": "|a3ae33b5-4d69145cf1ffb57a.",
        "User-Agent": [
          "azsdk-net-Storage.Files\u002f12.0.0-dev.20190822.1\u002bd36f8fac2162e8f9b14352b4de3c24242097c7b8",
          "(.NET Core 4.6.27817.01; Microsoft Windows 10.0.18362 )"
        ],
        "x-ms-client-request-id": "8830d644c26916839a0ec6e1a7a9b5a8",
        "x-ms-content-length": "1024",
        "x-ms-date": "Thu, 22 Aug 2019 21:11:20 GMT",
        "x-ms-file-attributes": "None",
        "x-ms-file-creation-time": "Now",
        "x-ms-file-last-write-time": "Now",
        "x-ms-file-permission": "Inherit",
        "x-ms-return-client-request-id": "true",
        "x-ms-type": "file",
        "x-ms-version": "2019-02-02"
      },
      "RequestBody": null,
      "StatusCode": 201,
      "ResponseHeaders": {
        "Content-Length": "0",
        "Date": "Thu, 22 Aug 2019 21:11:20 GMT",
        "ETag": "\u00220x8D7274547E14267\u0022",
        "Last-Modified": "Thu, 22 Aug 2019 21:11:20 GMT",
        "Server": [
          "Windows-Azure-File\u002f1.0",
          "Microsoft-HTTPAPI\u002f2.0"
        ],
        "x-ms-client-request-id": "8830d644c26916839a0ec6e1a7a9b5a8",
        "x-ms-file-attributes": "Archive",
        "x-ms-file-change-time": "2019-08-22T21:11:20.8386151Z",
        "x-ms-file-creation-time": "2019-08-22T21:11:20.8386151Z",
        "x-ms-file-id": "11529285414812647424",
        "x-ms-file-last-write-time": "2019-08-22T21:11:20.8386151Z",
        "x-ms-file-parent-id": "13835128424026341376",
        "x-ms-file-permission-key": "9973529139831694751*2506815767522118929",
        "x-ms-request-id": "0dc66f21-d01a-0002-602e-5908f0000000",
        "x-ms-request-server-encrypted": "true",
        "x-ms-version": "2019-02-02"
      },
      "ResponseBody": []
    },
    {
      "RequestUri": "http:\u002f\u002fseandevtest.file.core.windows.net\u002ftest-share-5241a201-8757-8759-8082-b549832bd145\u002ftest-directory-b4f7f86f-7cfd-b118-2019-3ee25586a4b5\u002ftest-file-8adaa54c-1c33-6248-392f-97a5dad2d0f6?comp=properties",
      "RequestMethod": "PUT",
      "RequestHeaders": {
        "Authorization": "Sanitized",
        "Request-Id": "|a3ae33b6-4d69145cf1ffb57a.",
        "User-Agent": [
          "azsdk-net-Storage.Files\u002f12.0.0-dev.20190822.1\u002bd36f8fac2162e8f9b14352b4de3c24242097c7b8",
          "(.NET Core 4.6.27817.01; Microsoft Windows 10.0.18362 )"
        ],
        "x-ms-client-request-id": "b095669c19ac93823adb3a5cc1b90e1b",
        "x-ms-date": "Thu, 22 Aug 2019 21:11:20 GMT",
        "x-ms-file-attributes": "Preserve",
        "x-ms-file-creation-time": "Preserve",
        "x-ms-file-last-write-time": "Preserve",
        "x-ms-file-permission": "O:S-1-5-21-2127521184-1604012920-1887927527-21560751G:S-1-5-21-2127521184-1604012920-1887927527-513D:AI(A;;FA;;;SY)(A;;FA;;;BA)(A;;0x1200a9;;;S-1-5-21-397955417-626881126-188441444-3053964)",
        "x-ms-return-client-request-id": "true",
        "x-ms-version": "2019-02-02"
      },
      "RequestBody": null,
      "StatusCode": 200,
      "ResponseHeaders": {
        "Content-Length": "0",
        "Date": "Thu, 22 Aug 2019 21:11:20 GMT",
        "ETag": "\u00220x8D7274547E6255A\u0022",
        "Last-Modified": "Thu, 22 Aug 2019 21:11:20 GMT",
        "Server": [
          "Windows-Azure-File\u002f1.0",
          "Microsoft-HTTPAPI\u002f2.0"
        ],
        "x-ms-client-request-id": "b095669c19ac93823adb3a5cc1b90e1b",
        "x-ms-file-attributes": "Archive",
        "x-ms-file-change-time": "2019-08-22T21:11:20.8706394Z",
        "x-ms-file-creation-time": "2019-08-22T21:11:20.8386151Z",
        "x-ms-file-id": "11529285414812647424",
        "x-ms-file-last-write-time": "2019-08-22T21:11:20.8386151Z",
        "x-ms-file-parent-id": "13835128424026341376",
        "x-ms-file-permission-key": "9587656758916241632*2506815767522118929",
        "x-ms-request-id": "0dc66f22-d01a-0002-612e-5908f0000000",
        "x-ms-request-server-encrypted": "true",
        "x-ms-version": "2019-02-02"
      },
      "ResponseBody": []
    },
    {
      "RequestUri": "http:\u002f\u002fseandevtest.file.core.windows.net\u002ftest-share-5241a201-8757-8759-8082-b549832bd145?restype=share",
      "RequestMethod": "DELETE",
      "RequestHeaders": {
        "Authorization": "Sanitized",
        "Request-Id": "|a3ae33b7-4d69145cf1ffb57a.",
        "User-Agent": [
          "azsdk-net-Storage.Files\u002f12.0.0-dev.20190822.1\u002bd36f8fac2162e8f9b14352b4de3c24242097c7b8",
          "(.NET Core 4.6.27817.01; Microsoft Windows 10.0.18362 )"
        ],
        "x-ms-client-request-id": "2529df4bf4488a6e21c3f0245667bb8f",
        "x-ms-date": "Thu, 22 Aug 2019 21:11:20 GMT",
        "x-ms-return-client-request-id": "true",
        "x-ms-version": "2019-02-02"
      },
      "RequestBody": null,
      "StatusCode": 202,
      "ResponseHeaders": {
        "Content-Length": "0",
        "Date": "Thu, 22 Aug 2019 21:11:20 GMT",
        "Server": [
          "Windows-Azure-File\u002f1.0",
          "Microsoft-HTTPAPI\u002f2.0"
        ],
        "x-ms-client-request-id": "2529df4bf4488a6e21c3f0245667bb8f",
        "x-ms-request-id": "0dc66f23-d01a-0002-622e-5908f0000000",
        "x-ms-version": "2019-02-02"
      },
      "ResponseBody": []
    }
  ],
  "Variables": {
    "RandomSeed": "1782453942",
    "Storage_TestConfigDefault": "ProductionTenant\nseandevtest\nU2FuaXRpemVk\nhttp:\u002f\u002fseandevtest.blob.core.windows.net\nhttp:\u002f\u002fseandevtest.file.core.windows.net\nhttp:\u002f\u002fseandevtest.queue.core.windows.net\nhttp:\u002f\u002fseandevtest.table.core.windows.net\n\n\n\n\nhttp:\u002f\u002fseandevtest-secondary.blob.core.windows.net\nhttp:\u002f\u002fseandevtest-secondary.file.core.windows.net\nhttp:\u002f\u002fseandevtest-secondary.queue.core.windows.net\nhttp:\u002f\u002fseandevtest-secondary.table.core.windows.net\n\nSanitized\n\n\nCloud\nBlobEndpoint=http:\u002f\u002fseandevtest.blob.core.windows.net\u002f;QueueEndpoint=http:\u002f\u002fseandevtest.queue.core.windows.net\u002f;TableEndpoint=http:\u002f\u002fseandevtest.table.core.windows.net\u002f;FileEndpoint=http:\u002f\u002fseandevtest.file.core.windows.net\u002f;BlobSecondaryEndpoint=http:\u002f\u002fseandevtest-secondary.blob.core.windows.net\u002f;QueueSecondaryEndpoint=http:\u002f\u002fseandevtest-secondary.queue.core.windows.net\u002f;TableSecondaryEndpoint=http:\u002f\u002fseandevtest-secondary.table.core.windows.net\u002f;FileSecondaryEndpoint=http:\u002f\u002fseandevtest-secondary.file.core.windows.net\u002f;AccountName=seandevtest;AccountKey=Sanitized"
  }
}