{
  "Entries": [
    {
      "RequestUri": "http://storageteglazatesting.file.core.windows.net/test-share-63e7f783-7d22-fcb9-fcd5-e538257fb5e9?restype=share",
      "RequestMethod": "PUT",
      "RequestHeaders": {
        "Authorization": "Sanitized",
        "User-Agent": [
          "azsdk-net-Storage.Files/12.0.0-dev.20190712.1\u002b449c23cd1e82894613a14e163bc0fe3e0583c3ec",
          "(.NET Core 4.6.27414.06; Microsoft Windows 10.0.18362 )"
        ],
        "x-ms-client-request-id": "8021b8507910da4921f470647f885488",
        "x-ms-date": "Fri, 12 Jul 2019 17:58:13 GMT",
        "x-ms-return-client-request-id": "true",
        "x-ms-share-quota": "1",
        "x-ms-version": "2018-11-09"
      },
      "RequestBody": null,
      "StatusCode": 201,
      "ResponseHeaders": {
        "Content-Length": "0",
        "Date": "Fri, 12 Jul 2019 17:58:12 GMT",
        "ETag": "\u00220x8D706F28264CFC3\u0022",
        "Last-Modified": "Fri, 12 Jul 2019 17:58:13 GMT",
        "Server": [
          "Windows-Azure-File/1.0",
          "Microsoft-HTTPAPI/2.0"
        ],
        "x-ms-request-id": "0e14e557-101a-0070-33db-38f4f9000000",
        "x-ms-version": "2018-11-09"
      },
      "ResponseBody": null
    },
    {
      "RequestUri": "http://storageteglazatesting.file.core.windows.net/test-share-63e7f783-7d22-fcb9-fcd5-e538257fb5e9/test-directory-999a1365-1b68-8330-2222-c68c981ce50a?restype=directory",
      "RequestMethod": "PUT",
      "RequestHeaders": {
        "Authorization": "Sanitized",
        "User-Agent": [
          "azsdk-net-Storage.Files/12.0.0-dev.20190712.1\u002b449c23cd1e82894613a14e163bc0fe3e0583c3ec",
          "(.NET Core 4.6.27414.06; Microsoft Windows 10.0.18362 )"
        ],
        "x-ms-client-request-id": "38611c555cd8091fad0c422e0c557c73",
        "x-ms-date": "Fri, 12 Jul 2019 17:58:13 GMT",
        "x-ms-return-client-request-id": "true",
        "x-ms-version": "2018-11-09"
      },
      "RequestBody": null,
      "StatusCode": 201,
      "ResponseHeaders": {
        "Content-Length": "0",
        "Date": "Fri, 12 Jul 2019 17:58:12 GMT",
        "ETag": "\u00220x8D706F28267ACCD\u0022",
        "Last-Modified": "Fri, 12 Jul 2019 17:58:13 GMT",
        "Server": [
          "Windows-Azure-File/1.0",
          "Microsoft-HTTPAPI/2.0"
        ],
        "x-ms-request-id": "0e14e559-101a-0070-34db-38f4f9000000",
        "x-ms-request-server-encrypted": "true",
        "x-ms-version": "2018-11-09"
      },
      "ResponseBody": null
    },
    {
      "RequestUri": "http://storageteglazatesting.file.core.windows.net/test-share-63e7f783-7d22-fcb9-fcd5-e538257fb5e9/test-directory-999a1365-1b68-8330-2222-c68c981ce50a/test-file-11d25d81-1ce4-3481-879e-5eeeb3bc4205",
      "RequestMethod": "PUT",
      "RequestHeaders": {
        "Authorization": "Sanitized",
        "User-Agent": [
          "azsdk-net-Storage.Files/12.0.0-dev.20190712.1\u002b449c23cd1e82894613a14e163bc0fe3e0583c3ec",
          "(.NET Core 4.6.27414.06; Microsoft Windows 10.0.18362 )"
        ],
        "x-ms-client-request-id": "620e660f1b2609b0f491eb5bd80276cd",
        "x-ms-content-length": "1048576",
        "x-ms-date": "Fri, 12 Jul 2019 17:58:13 GMT",
        "x-ms-return-client-request-id": "true",
        "x-ms-type": "file",
        "x-ms-version": "2018-11-09"
      },
      "RequestBody": null,
      "StatusCode": 201,
      "ResponseHeaders": {
        "Content-Length": "0",
        "Date": "Fri, 12 Jul 2019 17:58:12 GMT",
        "ETag": "\u00220x8D706F2826A4584\u0022",
        "Last-Modified": "Fri, 12 Jul 2019 17:58:13 GMT",
        "Server": [
          "Windows-Azure-File/1.0",
          "Microsoft-HTTPAPI/2.0"
        ],
        "x-ms-request-id": "0e14e55a-101a-0070-35db-38f4f9000000",
        "x-ms-request-server-encrypted": "true",
        "x-ms-version": "2018-11-09"
      },
      "ResponseBody": null
    },
    {
      "RequestUri": "http://storageteglazatesting.file.core.windows.net/test-share-3b0b53a6-d349-3926-9b2c-b039fd3156f1?restype=share",
      "RequestMethod": "PUT",
      "RequestHeaders": {
        "Authorization": "Sanitized",
        "User-Agent": [
          "azsdk-net-Storage.Files/12.0.0-dev.20190712.1\u002b449c23cd1e82894613a14e163bc0fe3e0583c3ec",
          "(.NET Core 4.6.27414.06; Microsoft Windows 10.0.18362 )"
        ],
        "x-ms-client-request-id": "a61f3dca1946654cadc81c5330255c85",
        "x-ms-date": "Fri, 12 Jul 2019 17:58:13 GMT",
        "x-ms-return-client-request-id": "true",
        "x-ms-share-quota": "1",
        "x-ms-version": "2018-11-09"
      },
      "RequestBody": null,
      "StatusCode": 201,
      "ResponseHeaders": {
        "Content-Length": "0",
        "Date": "Fri, 12 Jul 2019 17:58:12 GMT",
        "ETag": "\u00220x8D706F2826C4BAE\u0022",
        "Last-Modified": "Fri, 12 Jul 2019 17:58:13 GMT",
        "Server": [
          "Windows-Azure-File/1.0",
          "Microsoft-HTTPAPI/2.0"
        ],
        "x-ms-request-id": "0e14e55b-101a-0070-36db-38f4f9000000",
        "x-ms-version": "2018-11-09"
      },
      "ResponseBody": null
    },
    {
      "RequestUri": "http://storageteglazatesting.file.core.windows.net/test-share-3b0b53a6-d349-3926-9b2c-b039fd3156f1/test-directory-60479127-06b0-3bbb-3fd4-c7f96b760cc3?restype=directory",
      "RequestMethod": "PUT",
      "RequestHeaders": {
        "Authorization": "Sanitized",
        "User-Agent": [
          "azsdk-net-Storage.Files/12.0.0-dev.20190712.1\u002b449c23cd1e82894613a14e163bc0fe3e0583c3ec",
          "(.NET Core 4.6.27414.06; Microsoft Windows 10.0.18362 )"
        ],
        "x-ms-client-request-id": "9b91fa3bd0e28c8606a68e80b6d30975",
        "x-ms-date": "Fri, 12 Jul 2019 17:58:13 GMT",
        "x-ms-return-client-request-id": "true",
        "x-ms-version": "2018-11-09"
      },
      "RequestBody": null,
      "StatusCode": 201,
      "ResponseHeaders": {
        "Content-Length": "0",
        "Date": "Fri, 12 Jul 2019 17:58:12 GMT",
        "ETag": "\u00220x8D706F2826F4FD3\u0022",
        "Last-Modified": "Fri, 12 Jul 2019 17:58:13 GMT",
        "Server": [
          "Windows-Azure-File/1.0",
          "Microsoft-HTTPAPI/2.0"
        ],
        "x-ms-request-id": "0e14e55d-101a-0070-37db-38f4f9000000",
        "x-ms-request-server-encrypted": "true",
        "x-ms-version": "2018-11-09"
      },
      "ResponseBody": null
    },
    {
      "RequestUri": "http://storageteglazatesting.file.core.windows.net/test-share-3b0b53a6-d349-3926-9b2c-b039fd3156f1/test-directory-60479127-06b0-3bbb-3fd4-c7f96b760cc3/test-file-6c112bd0-f6e9-c340-81e3-66725253fa36",
      "RequestMethod": "PUT",
      "RequestHeaders": {
        "Authorization": "Sanitized",
        "User-Agent": [
          "azsdk-net-Storage.Files/12.0.0-dev.20190712.1\u002b449c23cd1e82894613a14e163bc0fe3e0583c3ec",
          "(.NET Core 4.6.27414.06; Microsoft Windows 10.0.18362 )"
        ],
        "x-ms-client-request-id": "361759bcc09457a20aba590a783b846c",
        "x-ms-content-length": "1048576",
        "x-ms-date": "Fri, 12 Jul 2019 17:58:13 GMT",
        "x-ms-return-client-request-id": "true",
        "x-ms-type": "file",
        "x-ms-version": "2018-11-09"
      },
      "RequestBody": null,
      "StatusCode": 201,
      "ResponseHeaders": {
        "Content-Length": "0",
        "Date": "Fri, 12 Jul 2019 17:58:13 GMT",
        "ETag": "\u00220x8D706F282720F97\u0022",
        "Last-Modified": "Fri, 12 Jul 2019 17:58:13 GMT",
        "Server": [
          "Windows-Azure-File/1.0",
          "Microsoft-HTTPAPI/2.0"
        ],
        "x-ms-request-id": "0e14e55e-101a-0070-38db-38f4f9000000",
        "x-ms-request-server-encrypted": "true",
        "x-ms-version": "2018-11-09"
      },
      "ResponseBody": null
    },
    {
      "RequestUri": "http://storageteglazatesting.file.core.windows.net/test-share-63e7f783-7d22-fcb9-fcd5-e538257fb5e9/test-directory-999a1365-1b68-8330-2222-c68c981ce50a/test-file-11d25d81-1ce4-3481-879e-5eeeb3bc4205?comp=range",
      "RequestMethod": "PUT",
      "RequestHeaders": {
        "Authorization": "Sanitized",
        "Content-Length": "1024",
        "User-Agent": [
          "azsdk-net-Storage.Files/12.0.0-dev.20190712.1\u002b449c23cd1e82894613a14e163bc0fe3e0583c3ec",
          "(.NET Core 4.6.27414.06; Microsoft Windows 10.0.18362 )"
        ],
        "x-ms-client-request-id": "d6aa6d2ae9950b9a1f568d480335ac43",
        "x-ms-date": "Fri, 12 Jul 2019 17:58:13 GMT",
        "x-ms-range": "bytes=0-1023",
        "x-ms-return-client-request-id": "true",
        "x-ms-version": "2018-11-09",
        "x-ms-write": "update"
      },
      "RequestBody": "y1EoP2Wf2kS6zRn/aRQ6s6tYw1270uEQiLlhLpw1S0Zf\u002baYAKrrQHH7TfMamo\u002b72gKZfIHgmsflvGLarPauohILTn29tOYjwh6be6FUbaeXLa6711irOOEitkREEJd/TKvdE0wN\u002biEYebpnRR8mjVK7R4NL8sq5XBWcnwKh27GHHC71e15bhTOJn12eR/PB/CjxjMkUM1nhJ7M2cV8iep4E3CjwLRX0X8JPvldpHxQh2p7ZrE7ocujRFFOrJRPQayTDlWvK0c8W/S0GxHUGdAibEJq8SMpTHGk8HxjCSTquf1MuqYWsWwTTwrMh4a53zqBLEBB5ECJecHj\u002bjrKyULPyWEkh28qC6rmR7IYbMTq\u002byFB4dzkqNWsw0DkMscxWIXH/L4llUfLVyCVa5yecQ0M\u002bP8ZiOd12yCLd8QeRdjjtP8sUGAGxWXZdoq8X005HlIz5znIJ8\u002beQiGdqi2DvRFHoaatYhCs9jOZMAJcyXvTQllh6l6fK50vng5OeStIRclpZL2Wm6wxluEGLufNQYilulfEIcKyuHYZfdQSXo0IUPpI82TOTKatMEN9mQylYlyFmL7DhCP2prw3fR3YLzhT/d3thE4j132hFuGPRS95ZBuHjMXORNzWQky4hs\u002bY1QEbGZs\u002bx94OUbFBEm0yd2GMzhjyUJJylbkBFzIBe0C\u002bGDHgdDuESqw9eTsEjSJvk9rbK8imlnR\u002bmIPSLaCr/OZwkvo7UgM2CINsxNdnfgiGoYNnJl\u002bIB4HNYdunoh0LkYxEk\u002bo4NEHHpRNFScGtByp7W4wtNMaW6JtobeAnjlZmYSNbItoeXm1Bn4E8Mr2wEGqhPFaA7mzFratez8ZRkCbM3tiuUeRAXQ0e25VFarXdqE2FhkIP5YLGlXU\u002bz46m7/9qb1PlEc52UO9ZYgLHgDL1gRd43BnUzPlV58xvEZ1\u002bd/ul2vtR\u002bJaPHyVipnOP/xUySU53PgPlhaJqjzoCB09R6voHIaVHk4iA\u002bczkchZ11ei3LMhfB0nnwFVI52lsfQfmEMuJeN1v\u002bqW15jRG8ROb5LlBWtp28tOwH2Ff/rwfJIy1DlFK/F0LRzIimREFkM8xvQKwGxItbx3n2Vl8H/v5lsG3geLCUPhcRhOoVGnCqn6SHkGpbxlqh59DUyLzjyc2KQJfTh7sf1waU8UOhRq0JS7a6fGqUCe4XQpTjv3FWLbsYjtXc2xvta7lnxtEa/KEjz30KKU1i9jalvEUmPBuRPseEiLvXLHCazRCxLEcY\u002bEHzv/P0TARttZSjNxrWyy\u002bh0oQNknflTKMMb1w4scXvjMADMnwnnO6/GtcjM/VVxAXlD1nDD2XKDm9Q6\u002bCoMQPSs6pW05ivejWVTnucwhg==",
      "StatusCode": 201,
      "ResponseHeaders": {
        "Content-Length": "0",
        "Content-MD5": "ZliB/NeuH2WM69sjGyg/tA==",
        "Date": "Fri, 12 Jul 2019 17:58:13 GMT",
        "ETag": "\u00220x8D706F28274A84D\u0022",
        "Last-Modified": "Fri, 12 Jul 2019 17:58:13 GMT",
        "Server": [
          "Windows-Azure-File/1.0",
          "Microsoft-HTTPAPI/2.0"
        ],
        "x-ms-request-id": "0e14e55f-101a-0070-39db-38f4f9000000",
        "x-ms-request-server-encrypted": "true",
        "x-ms-version": "2018-11-09"
      },
      "ResponseBody": null
    },
    {
      "RequestUri": "http://storageteglazatesting.file.core.windows.net/test-share-3b0b53a6-d349-3926-9b2c-b039fd3156f1/test-directory-60479127-06b0-3bbb-3fd4-c7f96b760cc3/test-file-6c112bd0-f6e9-c340-81e3-66725253fa36",
      "RequestMethod": "PUT",
      "RequestHeaders": {
        "Authorization": "Sanitized",
        "User-Agent": [
          "azsdk-net-Storage.Files/12.0.0-dev.20190712.1\u002b449c23cd1e82894613a14e163bc0fe3e0583c3ec",
          "(.NET Core 4.6.27414.06; Microsoft Windows 10.0.18362 )"
        ],
        "x-ms-client-request-id": "d474b985131fbcc01b4d64490a703b8b",
        "x-ms-copy-source": "http://storageteglazatesting.file.core.windows.net/test-share-63e7f783-7d22-fcb9-fcd5-e538257fb5e9/test-directory-999a1365-1b68-8330-2222-c68c981ce50a/test-file-11d25d81-1ce4-3481-879e-5eeeb3bc4205",
        "x-ms-date": "Fri, 12 Jul 2019 17:58:13 GMT",
        "x-ms-return-client-request-id": "true",
        "x-ms-version": "2018-11-09"
      },
      "RequestBody": null,
      "StatusCode": 202,
      "ResponseHeaders": {
        "Content-Length": "0",
        "Date": "Fri, 12 Jul 2019 17:58:13 GMT",
        "ETag": "\u00220x8D706F2827C7264\u0022",
        "Last-Modified": "Fri, 12 Jul 2019 17:58:13 GMT",
        "Server": [
          "Windows-Azure-File/1.0",
          "Microsoft-HTTPAPI/2.0"
        ],
        "x-ms-copy-id": "b20ccb72-bec8-4e96-977f-4b6537a8181b",
        "x-ms-copy-status": "success",
        "x-ms-request-id": "0e14e560-101a-0070-3adb-38f4f9000000",
        "x-ms-version": "2018-11-09"
      },
      "ResponseBody": null
    },
    {
      "RequestUri": "http://storageteglazatesting.file.core.windows.net/test-share-3b0b53a6-d349-3926-9b2c-b039fd3156f1?restype=share",
      "RequestMethod": "DELETE",
      "RequestHeaders": {
        "Authorization": "Sanitized",
        "User-Agent": [
          "azsdk-net-Storage.Files/12.0.0-dev.20190712.1\u002b449c23cd1e82894613a14e163bc0fe3e0583c3ec",
          "(.NET Core 4.6.27414.06; Microsoft Windows 10.0.18362 )"
        ],
        "x-ms-client-request-id": "ccaa1552534e577759a1cb3e279d27a9",
        "x-ms-date": "Fri, 12 Jul 2019 17:58:13 GMT",
        "x-ms-return-client-request-id": "true",
        "x-ms-version": "2018-11-09"
      },
      "RequestBody": null,
      "StatusCode": 202,
      "ResponseHeaders": {
        "Content-Length": "0",
        "Date": "Fri, 12 Jul 2019 17:58:13 GMT",
        "Server": [
          "Windows-Azure-File/1.0",
          "Microsoft-HTTPAPI/2.0"
        ],
        "x-ms-request-id": "0e14e561-101a-0070-3bdb-38f4f9000000",
        "x-ms-version": "2018-11-09"
      },
      "ResponseBody": null
    },
    {
      "RequestUri": "http://storageteglazatesting.file.core.windows.net/test-share-63e7f783-7d22-fcb9-fcd5-e538257fb5e9?restype=share",
      "RequestMethod": "DELETE",
      "RequestHeaders": {
        "Authorization": "Sanitized",
        "User-Agent": [
          "azsdk-net-Storage.Files/12.0.0-dev.20190712.1\u002b449c23cd1e82894613a14e163bc0fe3e0583c3ec",
          "(.NET Core 4.6.27414.06; Microsoft Windows 10.0.18362 )"
        ],
        "x-ms-client-request-id": "e4cd22e05c731666adeebb47845100ae",
        "x-ms-date": "Fri, 12 Jul 2019 17:58:13 GMT",
        "x-ms-return-client-request-id": "true",
        "x-ms-version": "2018-11-09"
      },
      "RequestBody": null,
      "StatusCode": 202,
      "ResponseHeaders": {
        "Content-Length": "0",
        "Date": "Fri, 12 Jul 2019 17:58:13 GMT",
        "Server": [
          "Windows-Azure-File/1.0",
          "Microsoft-HTTPAPI/2.0"
        ],
        "x-ms-request-id": "0e14e562-101a-0070-3cdb-38f4f9000000",
        "x-ms-version": "2018-11-09"
      },
      "ResponseBody": null
    }
  ],
  "Variables": {
    "RandomSeed": "898640787",
    "Storage_TestConfigDefault": "ProductionTenant\nstorageteglazatesting\nU2FuaXRpemVk\nhttp://storageteglazatesting.blob.core.windows.net\nhttp://storageteglazatesting.file.core.windows.net\nhttp://storageteglazatesting.queue.core.windows.net\nhttp://storageteglazatesting.table.core.windows.net\n\n\n\n\nhttp://storageteglazatesting-secondary.blob.core.windows.net\n\nhttp://storageteglazatesting-secondary.queue.core.windows.net\nhttp://storageteglazatesting-secondary.table.core.windows.net\n\nSanitized\n\n\nCloud\nBlobEndpoint=http://storageteglazatesting.blob.core.windows.net/;QueueEndpoint=http://storageteglazatesting.queue.core.windows.net/;TableEndpoint=http://storageteglazatesting.table.core.windows.net/;FileEndpoint=http://storageteglazatesting.file.core.windows.net/;BlobSecondaryEndpoint=http://storageteglazatesting-secondary.blob.core.windows.net/;QueueSecondaryEndpoint=http://storageteglazatesting-secondary.queue.core.windows.net/;TableSecondaryEndpoint=http://storageteglazatesting-secondary.table.core.windows.net/;AccountName=storageteglazatesting;AccountKey=Sanitized"
  }
}