{
  "Entries": [
    {
      "RequestUri": "https://management.azure.com/subscriptions/db1ab6f0-4769-4b27-930e-01e2ef9c123c?api-version=2021-01-01",
      "RequestMethod": "GET",
      "RequestHeaders": {
        "Accept": "application/json",
        "Authorization": "Sanitized",
        "traceparent": "00-a3fc87a445a0954a8087ee6b5509cba4-bed4d74939fedc40-00",
        "User-Agent": "azsdk-net-ResourceManager/1.0.0-alpha.20220118.1 (.NET Framework 4.8.4420.0; Microsoft Windows 10.0.19043 )",
        "x-ms-client-request-id": "88bc950978210a35d4ed388a6eb810bf",
        "x-ms-return-client-request-id": "true"
      },
      "RequestBody": null,
      "StatusCode": 200,
      "ResponseHeaders": {
        "Cache-Control": "no-cache",
        "Content-Length": "468",
        "Content-Type": "application/json; charset=utf-8",
        "Date": "Tue, 18 Jan 2022 20:35:31 GMT",
        "Expires": "-1",
        "Pragma": "no-cache",
        "Strict-Transport-Security": "max-age=31536000; includeSubDomains",
        "X-Content-Type-Options": "nosniff",
        "x-ms-correlation-request-id": "3f67204b-d0cb-4b32-9ace-3d1bacb6f022",
        "x-ms-ratelimit-remaining-subscription-reads": "11967",
        "x-ms-request-id": "3f67204b-d0cb-4b32-9ace-3d1bacb6f022",
        "x-ms-routing-request-id": "SOUTHEASTASIA:20220118T203531Z:3f67204b-d0cb-4b32-9ace-3d1bacb6f022"
      },
      "ResponseBody": {
        "id": "/subscriptions/db1ab6f0-4769-4b27-930e-01e2ef9c123c",
        "authorizationSource": "RoleBased",
        "managedByTenants": [],
        "tags": {
          "tagKey1": "tagValue1",
          "tagKey2": "tagValue2"
        },
        "subscriptionId": "db1ab6f0-4769-4b27-930e-01e2ef9c123c",
        "tenantId": "72f988bf-86f1-41af-91ab-2d7cd011db47",
        "displayName": ".NET Mgmt SDK Test with TTL = 1 Day",
        "state": "Enabled",
        "subscriptionPolicies": {
          "locationPlacementId": "Internal_2014-09-01",
          "quotaId": "Internal_2014-09-01",
          "spendingLimit": "Off"
        }
      }
    },
    {
      "RequestUri": "https://management.azure.com/subscriptions/db1ab6f0-4769-4b27-930e-01e2ef9c123c/resourcegroups/csmrg7097?api-version=2021-04-01",
      "RequestMethod": "PUT",
      "RequestHeaders": {
        "Accept": "application/json",
        "Authorization": "Sanitized",
        "Content-Length": "31",
        "Content-Type": "application/json",
        "User-Agent": "azsdk-net-ResourceManager/1.0.0-alpha.20220118.1 (.NET Framework 4.8.4420.0; Microsoft Windows 10.0.19043 )",
        "x-ms-client-request-id": "4d367fec77344e115268026975eb7907",
        "x-ms-return-client-request-id": "true"
      },
      "RequestBody": {
        "tags": {},
        "location": "eastus"
      },
      "StatusCode": 201,
      "ResponseHeaders": {
        "Cache-Control": "no-cache",
        "Content-Length": "225",
        "Content-Type": "application/json; charset=utf-8",
        "Date": "Tue, 18 Jan 2022 20:35:31 GMT",
        "Expires": "-1",
        "Pragma": "no-cache",
        "Strict-Transport-Security": "max-age=31536000; includeSubDomains",
        "X-Content-Type-Options": "nosniff",
        "x-ms-correlation-request-id": "9ab20c22-47c4-4b9b-a34e-6f1ff856f2e9",
        "x-ms-ratelimit-remaining-subscription-writes": "1196",
        "x-ms-request-id": "9ab20c22-47c4-4b9b-a34e-6f1ff856f2e9",
        "x-ms-routing-request-id": "SOUTHEASTASIA:20220118T203532Z:9ab20c22-47c4-4b9b-a34e-6f1ff856f2e9"
      },
      "ResponseBody": {
        "id": "/subscriptions/db1ab6f0-4769-4b27-930e-01e2ef9c123c/resourceGroups/csmrg7097",
        "name": "csmrg7097",
        "type": "Microsoft.Resources/resourceGroups",
        "location": "eastus",
        "tags": {},
        "properties": {
          "provisioningState": "Succeeded"
        }
      }
    },
    {
      "RequestUri": "https://management.azure.com/subscriptions/db1ab6f0-4769-4b27-930e-01e2ef9c123c/resourceGroups/csmrg7097/providers/Microsoft.Network/virtualNetworks/azsmnet5510?api-version=2021-02-01",
      "RequestMethod": "PUT",
      "RequestHeaders": {
        "Accept": "application/json",
        "Authorization": "Sanitized",
        "Content-Length": "235",
        "Content-Type": "application/json",
        "User-Agent": "azsdk-net-ResourceManager.Network/1.0.0-alpha.20220118.1 (.NET Framework 4.8.4420.0; Microsoft Windows 10.0.19043 )",
        "x-ms-client-request-id": "93f64afaea282aa15b0fb587322d7d36",
        "x-ms-return-client-request-id": "true"
      },
      "RequestBody": {
        "location": "eastus",
        "properties": {
          "addressSpace": {
            "addressPrefixes": [
              "10.0.0.0/16"
            ]
          },
          "subnets": [
            {
              "name": "azsmnet7937",
              "properties": {
                "addressPrefix": "10.0.0.0/24"
              }
            },
            {
              "name": "azsmnet5846",
              "properties": {
                "addressPrefix": "10.0.1.0/24"
              }
            }
          ]
        }
      },
      "StatusCode": 201,
      "ResponseHeaders": {
        "Azure-AsyncNotification": "Enabled",
        "Azure-AsyncOperation": "https://management.azure.com/subscriptions/db1ab6f0-4769-4b27-930e-01e2ef9c123c/providers/Microsoft.Network/locations/eastus/operations/b48305c7-bbb8-4d81-87d4-75d946d18856?api-version=2021-02-01",
        "Cache-Control": "no-cache",
        "Content-Length": "1842",
        "Content-Type": "application/json; charset=utf-8",
        "Date": "Tue, 18 Jan 2022 20:35:36 GMT",
        "Expires": "-1",
        "Pragma": "no-cache",
        "Retry-After": "3",
        "Server": [
          "Microsoft-HTTPAPI/2.0",
          "Microsoft-HTTPAPI/2.0"
        ],
        "Strict-Transport-Security": "max-age=31536000; includeSubDomains",
        "X-Content-Type-Options": "nosniff",
        "x-ms-arm-service-request-id": "4b0fac1d-de7e-4dfd-b6ae-4d530e9f8162",
        "x-ms-client-request-id": "93f64afaea282aa15b0fb587322d7d36",
        "x-ms-correlation-request-id": "f0d9f9de-4548-4393-ab96-5690b8c8949d",
        "x-ms-ratelimit-remaining-subscription-writes": "1195",
        "x-ms-request-id": "b48305c7-bbb8-4d81-87d4-75d946d18856",
        "x-ms-routing-request-id": "SOUTHEASTASIA:20220118T203536Z:f0d9f9de-4548-4393-ab96-5690b8c8949d"
      },
      "ResponseBody": [
        "{\r\n",
        "  \u0022name\u0022: \u0022azsmnet5510\u0022,\r\n",
        "  \u0022id\u0022: \u0022/subscriptions/db1ab6f0-4769-4b27-930e-01e2ef9c123c/resourceGroups/csmrg7097/providers/Microsoft.Network/virtualNetworks/azsmnet5510\u0022,\r\n",
        "  \u0022etag\u0022: \u0022W/\\\u002279ec15f0-8573-4f54-b156-e1d3024a6dc0\\\u0022\u0022,\r\n",
        "  \u0022type\u0022: \u0022Microsoft.Network/virtualNetworks\u0022,\r\n",
        "  \u0022location\u0022: \u0022eastus\u0022,\r\n",
        "  \u0022properties\u0022: {\r\n",
        "    \u0022provisioningState\u0022: \u0022Updating\u0022,\r\n",
        "    \u0022resourceGuid\u0022: \u0022ccac8f28-9648-45ef-ae6a-af086b82f69c\u0022,\r\n",
        "    \u0022addressSpace\u0022: {\r\n",
        "      \u0022addressPrefixes\u0022: [\r\n",
        "        \u002210.0.0.0/16\u0022\r\n",
        "      ]\r\n",
        "    },\r\n",
        "    \u0022subnets\u0022: [\r\n",
        "      {\r\n",
        "        \u0022name\u0022: \u0022azsmnet7937\u0022,\r\n",
        "        \u0022id\u0022: \u0022/subscriptions/db1ab6f0-4769-4b27-930e-01e2ef9c123c/resourceGroups/csmrg7097/providers/Microsoft.Network/virtualNetworks/azsmnet5510/subnets/azsmnet7937\u0022,\r\n",
        "        \u0022etag\u0022: \u0022W/\\\u002279ec15f0-8573-4f54-b156-e1d3024a6dc0\\\u0022\u0022,\r\n",
        "        \u0022properties\u0022: {\r\n",
        "          \u0022provisioningState\u0022: \u0022Updating\u0022,\r\n",
        "          \u0022addressPrefix\u0022: \u002210.0.0.0/24\u0022,\r\n",
        "          \u0022delegations\u0022: [],\r\n",
        "          \u0022privateEndpointNetworkPolicies\u0022: \u0022Enabled\u0022,\r\n",
        "          \u0022privateLinkServiceNetworkPolicies\u0022: \u0022Enabled\u0022\r\n",
        "        },\r\n",
        "        \u0022type\u0022: \u0022Microsoft.Network/virtualNetworks/subnets\u0022\r\n",
        "      },\r\n",
        "      {\r\n",
        "        \u0022name\u0022: \u0022azsmnet5846\u0022,\r\n",
        "        \u0022id\u0022: \u0022/subscriptions/db1ab6f0-4769-4b27-930e-01e2ef9c123c/resourceGroups/csmrg7097/providers/Microsoft.Network/virtualNetworks/azsmnet5510/subnets/azsmnet5846\u0022,\r\n",
        "        \u0022etag\u0022: \u0022W/\\\u002279ec15f0-8573-4f54-b156-e1d3024a6dc0\\\u0022\u0022,\r\n",
        "        \u0022properties\u0022: {\r\n",
        "          \u0022provisioningState\u0022: \u0022Updating\u0022,\r\n",
        "          \u0022addressPrefix\u0022: \u002210.0.1.0/24\u0022,\r\n",
        "          \u0022delegations\u0022: [],\r\n",
        "          \u0022privateEndpointNetworkPolicies\u0022: \u0022Enabled\u0022,\r\n",
        "          \u0022privateLinkServiceNetworkPolicies\u0022: \u0022Enabled\u0022\r\n",
        "        },\r\n",
        "        \u0022type\u0022: \u0022Microsoft.Network/virtualNetworks/subnets\u0022\r\n",
        "      }\r\n",
        "    ],\r\n",
        "    \u0022virtualNetworkPeerings\u0022: [],\r\n",
        "    \u0022enableDdosProtection\u0022: false\r\n",
        "  }\r\n",
        "}"
      ]
    },
    {
      "RequestUri": "https://management.azure.com/subscriptions/db1ab6f0-4769-4b27-930e-01e2ef9c123c/providers/Microsoft.Network/locations/eastus/operations/b48305c7-bbb8-4d81-87d4-75d946d18856?api-version=2021-02-01",
      "RequestMethod": "GET",
      "RequestHeaders": {
        "Authorization": "Sanitized",
        "User-Agent": "azsdk-net-ResourceManager/1.0.0-alpha.20220118.1 (.NET Framework 4.8.4420.0; Microsoft Windows 10.0.19043 )",
        "x-ms-client-request-id": "f6c4b7d3ecf6630d924db63f9de0cf3b",
        "x-ms-return-client-request-id": "true"
      },
      "RequestBody": null,
      "StatusCode": 200,
      "ResponseHeaders": {
        "Cache-Control": "no-cache",
        "Content-Length": "30",
        "Content-Type": "application/json; charset=utf-8",
        "Date": "Tue, 18 Jan 2022 20:35:36 GMT",
        "Expires": "-1",
        "Pragma": "no-cache",
        "Retry-After": "10",
        "Server": [
          "Microsoft-HTTPAPI/2.0",
          "Microsoft-HTTPAPI/2.0"
        ],
        "Strict-Transport-Security": "max-age=31536000; includeSubDomains",
        "X-Content-Type-Options": "nosniff",
        "x-ms-arm-service-request-id": "53c7355f-88d0-4621-8da0-f91d8ed79a3c",
        "x-ms-client-request-id": "f6c4b7d3ecf6630d924db63f9de0cf3b",
        "x-ms-correlation-request-id": "01135aa7-0f86-404a-a562-c531125df76e",
        "x-ms-ratelimit-remaining-subscription-reads": "11966",
        "x-ms-request-id": "4193e3a6-bd2a-4599-bf40-0db146e69c5b",
        "x-ms-routing-request-id": "SOUTHEASTASIA:20220118T203536Z:01135aa7-0f86-404a-a562-c531125df76e"
      },
      "ResponseBody": [
        "{\r\n",
        "  \u0022status\u0022: \u0022InProgress\u0022\r\n",
        "}"
      ]
    },
    {
      "RequestUri": "https://management.azure.com/subscriptions/db1ab6f0-4769-4b27-930e-01e2ef9c123c/providers/Microsoft.Network/locations/eastus/operations/b48305c7-bbb8-4d81-87d4-75d946d18856?api-version=2021-02-01",
      "RequestMethod": "GET",
      "RequestHeaders": {
        "Authorization": "Sanitized",
        "User-Agent": "azsdk-net-ResourceManager/1.0.0-alpha.20220118.1 (.NET Framework 4.8.4420.0; Microsoft Windows 10.0.19043 )",
        "x-ms-client-request-id": "eaf0b5f710d24f3c0f2682f54941289c",
        "x-ms-return-client-request-id": "true"
      },
      "RequestBody": null,
      "StatusCode": 200,
      "ResponseHeaders": {
        "Cache-Control": "no-cache",
        "Content-Length": "29",
        "Content-Type": "application/json; charset=utf-8",
        "Date": "Tue, 18 Jan 2022 20:35:46 GMT",
        "Expires": "-1",
        "Pragma": "no-cache",
        "Server": [
          "Microsoft-HTTPAPI/2.0",
          "Microsoft-HTTPAPI/2.0"
        ],
        "Strict-Transport-Security": "max-age=31536000; includeSubDomains",
        "X-Content-Type-Options": "nosniff",
        "x-ms-arm-service-request-id": "f4f12f79-c9ed-460d-8f02-1cb2de347d70",
        "x-ms-client-request-id": "eaf0b5f710d24f3c0f2682f54941289c",
        "x-ms-correlation-request-id": "32177db6-80ce-45a7-b0f7-61efbd25a503",
        "x-ms-ratelimit-remaining-subscription-reads": "11965",
        "x-ms-request-id": "2c30c8f5-12fb-4b62-a114-a2496cdfa748",
        "x-ms-routing-request-id": "SOUTHEASTASIA:20220118T203546Z:32177db6-80ce-45a7-b0f7-61efbd25a503"
      },
      "ResponseBody": [
        "{\r\n",
        "  \u0022status\u0022: \u0022Succeeded\u0022\r\n",
        "}"
      ]
    },
    {
      "RequestUri": "https://management.azure.com/subscriptions/db1ab6f0-4769-4b27-930e-01e2ef9c123c/resourceGroups/csmrg7097/providers/Microsoft.Network/virtualNetworks/azsmnet5510?api-version=2021-02-01",
      "RequestMethod": "GET",
      "RequestHeaders": {
        "Authorization": "Sanitized",
        "User-Agent": "azsdk-net-ResourceManager/1.0.0-alpha.20220118.1 (.NET Framework 4.8.4420.0; Microsoft Windows 10.0.19043 )",
        "x-ms-client-request-id": "7bb4558c87689c3f0ed942d0f4fa322f",
        "x-ms-return-client-request-id": "true"
      },
      "RequestBody": null,
      "StatusCode": 200,
      "ResponseHeaders": {
        "Cache-Control": "no-cache",
        "Content-Length": "1845",
        "Content-Type": "application/json; charset=utf-8",
        "Date": "Tue, 18 Jan 2022 20:35:47 GMT",
        "ETag": "W/\u002218846fcb-6bf2-4bef-936f-93d50a7442b5\u0022",
        "Expires": "-1",
        "Pragma": "no-cache",
        "Server": [
          "Microsoft-HTTPAPI/2.0",
          "Microsoft-HTTPAPI/2.0"
        ],
        "Strict-Transport-Security": "max-age=31536000; includeSubDomains",
        "X-Content-Type-Options": "nosniff",
        "x-ms-arm-service-request-id": "12e5b3ab-a913-4e7c-8351-7c6d07e46e97",
        "x-ms-client-request-id": "7bb4558c87689c3f0ed942d0f4fa322f",
        "x-ms-correlation-request-id": "efabf53b-97cd-4108-a814-f6ed8c20cb7b",
        "x-ms-ratelimit-remaining-subscription-reads": "11964",
        "x-ms-request-id": "40384d60-9894-465d-b89f-399980ab0f17",
        "x-ms-routing-request-id": "SOUTHEASTASIA:20220118T203547Z:efabf53b-97cd-4108-a814-f6ed8c20cb7b"
      },
      "ResponseBody": [
        "{\r\n",
        "  \u0022name\u0022: \u0022azsmnet5510\u0022,\r\n",
        "  \u0022id\u0022: \u0022/subscriptions/db1ab6f0-4769-4b27-930e-01e2ef9c123c/resourceGroups/csmrg7097/providers/Microsoft.Network/virtualNetworks/azsmnet5510\u0022,\r\n",
        "  \u0022etag\u0022: \u0022W/\\\u002218846fcb-6bf2-4bef-936f-93d50a7442b5\\\u0022\u0022,\r\n",
        "  \u0022type\u0022: \u0022Microsoft.Network/virtualNetworks\u0022,\r\n",
        "  \u0022location\u0022: \u0022eastus\u0022,\r\n",
        "  \u0022properties\u0022: {\r\n",
        "    \u0022provisioningState\u0022: \u0022Succeeded\u0022,\r\n",
        "    \u0022resourceGuid\u0022: \u0022ccac8f28-9648-45ef-ae6a-af086b82f69c\u0022,\r\n",
        "    \u0022addressSpace\u0022: {\r\n",
        "      \u0022addressPrefixes\u0022: [\r\n",
        "        \u002210.0.0.0/16\u0022\r\n",
        "      ]\r\n",
        "    },\r\n",
        "    \u0022subnets\u0022: [\r\n",
        "      {\r\n",
        "        \u0022name\u0022: \u0022azsmnet7937\u0022,\r\n",
        "        \u0022id\u0022: \u0022/subscriptions/db1ab6f0-4769-4b27-930e-01e2ef9c123c/resourceGroups/csmrg7097/providers/Microsoft.Network/virtualNetworks/azsmnet5510/subnets/azsmnet7937\u0022,\r\n",
        "        \u0022etag\u0022: \u0022W/\\\u002218846fcb-6bf2-4bef-936f-93d50a7442b5\\\u0022\u0022,\r\n",
        "        \u0022properties\u0022: {\r\n",
        "          \u0022provisioningState\u0022: \u0022Succeeded\u0022,\r\n",
        "          \u0022addressPrefix\u0022: \u002210.0.0.0/24\u0022,\r\n",
        "          \u0022delegations\u0022: [],\r\n",
        "          \u0022privateEndpointNetworkPolicies\u0022: \u0022Enabled\u0022,\r\n",
        "          \u0022privateLinkServiceNetworkPolicies\u0022: \u0022Enabled\u0022\r\n",
        "        },\r\n",
        "        \u0022type\u0022: \u0022Microsoft.Network/virtualNetworks/subnets\u0022\r\n",
        "      },\r\n",
        "      {\r\n",
        "        \u0022name\u0022: \u0022azsmnet5846\u0022,\r\n",
        "        \u0022id\u0022: \u0022/subscriptions/db1ab6f0-4769-4b27-930e-01e2ef9c123c/resourceGroups/csmrg7097/providers/Microsoft.Network/virtualNetworks/azsmnet5510/subnets/azsmnet5846\u0022,\r\n",
        "        \u0022etag\u0022: \u0022W/\\\u002218846fcb-6bf2-4bef-936f-93d50a7442b5\\\u0022\u0022,\r\n",
        "        \u0022properties\u0022: {\r\n",
        "          \u0022provisioningState\u0022: \u0022Succeeded\u0022,\r\n",
        "          \u0022addressPrefix\u0022: \u002210.0.1.0/24\u0022,\r\n",
        "          \u0022delegations\u0022: [],\r\n",
        "          \u0022privateEndpointNetworkPolicies\u0022: \u0022Enabled\u0022,\r\n",
        "          \u0022privateLinkServiceNetworkPolicies\u0022: \u0022Enabled\u0022\r\n",
        "        },\r\n",
        "        \u0022type\u0022: \u0022Microsoft.Network/virtualNetworks/subnets\u0022\r\n",
        "      }\r\n",
        "    ],\r\n",
        "    \u0022virtualNetworkPeerings\u0022: [],\r\n",
        "    \u0022enableDdosProtection\u0022: false\r\n",
        "  }\r\n",
        "}"
      ]
    },
    {
      "RequestUri": "https://management.azure.com/subscriptions/db1ab6f0-4769-4b27-930e-01e2ef9c123c/providers/Microsoft.Network/locations/eastus/operations/b48305c7-bbb8-4d81-87d4-75d946d18856?api-version=2021-02-01",
      "RequestMethod": "GET",
      "RequestHeaders": {
        "Authorization": "Sanitized",
        "User-Agent": "azsdk-net-ResourceManager/1.0.0-alpha.20220118.1 (.NET Framework 4.8.4420.0; Microsoft Windows 10.0.19043 )",
        "x-ms-client-request-id": "4c68646397cec28c7b75e6cf69181a50",
        "x-ms-return-client-request-id": "true"
      },
      "RequestBody": null,
      "StatusCode": 200,
      "ResponseHeaders": {
        "Cache-Control": "no-cache",
        "Content-Length": "29",
        "Content-Type": "application/json; charset=utf-8",
        "Date": "Tue, 18 Jan 2022 20:35:47 GMT",
        "Expires": "-1",
        "Pragma": "no-cache",
        "Server": [
          "Microsoft-HTTPAPI/2.0",
          "Microsoft-HTTPAPI/2.0"
        ],
        "Strict-Transport-Security": "max-age=31536000; includeSubDomains",
        "X-Content-Type-Options": "nosniff",
        "x-ms-arm-service-request-id": "5515b3d6-0110-4a37-bee7-639e9e5be93e",
        "x-ms-client-request-id": "4c68646397cec28c7b75e6cf69181a50",
        "x-ms-correlation-request-id": "2f31085d-0eb8-4a7d-8571-a852bb4f07a0",
        "x-ms-ratelimit-remaining-subscription-reads": "11963",
        "x-ms-request-id": "6b4ebc6c-b43c-4aaf-90bd-705803e41b8e",
        "x-ms-routing-request-id": "SOUTHEASTASIA:20220118T203547Z:2f31085d-0eb8-4a7d-8571-a852bb4f07a0"
      },
      "ResponseBody": [
        "{\r\n",
        "  \u0022status\u0022: \u0022Succeeded\u0022\r\n",
        "}"
      ]
    },
    {
      "RequestUri": "https://management.azure.com/subscriptions/db1ab6f0-4769-4b27-930e-01e2ef9c123c/resourceGroups/csmrg7097/providers/Microsoft.Network/virtualNetworks/azsmnet5510?api-version=2021-02-01",
      "RequestMethod": "GET",
      "RequestHeaders": {
        "Authorization": "Sanitized",
        "User-Agent": "azsdk-net-ResourceManager/1.0.0-alpha.20220118.1 (.NET Framework 4.8.4420.0; Microsoft Windows 10.0.19043 )",
        "x-ms-client-request-id": "47b21924542c6fd37553dbf9ce6c5b15",
        "x-ms-return-client-request-id": "true"
      },
      "RequestBody": null,
      "StatusCode": 200,
      "ResponseHeaders": {
        "Cache-Control": "no-cache",
        "Content-Length": "1845",
        "Content-Type": "application/json; charset=utf-8",
        "Date": "Tue, 18 Jan 2022 20:35:47 GMT",
        "ETag": "W/\u002218846fcb-6bf2-4bef-936f-93d50a7442b5\u0022",
        "Expires": "-1",
        "Pragma": "no-cache",
        "Server": [
          "Microsoft-HTTPAPI/2.0",
          "Microsoft-HTTPAPI/2.0"
        ],
        "Strict-Transport-Security": "max-age=31536000; includeSubDomains",
        "X-Content-Type-Options": "nosniff",
        "x-ms-arm-service-request-id": "50e06a79-359e-481c-8328-77cf63bc5168",
        "x-ms-client-request-id": "47b21924542c6fd37553dbf9ce6c5b15",
        "x-ms-correlation-request-id": "f14a1f90-e051-4272-bf8b-8ec5c65abcec",
        "x-ms-ratelimit-remaining-subscription-reads": "11962",
        "x-ms-request-id": "1fe07b6c-12bb-4031-a0c9-b1681db0cfca",
        "x-ms-routing-request-id": "SOUTHEASTASIA:20220118T203547Z:f14a1f90-e051-4272-bf8b-8ec5c65abcec"
      },
      "ResponseBody": [
        "{\r\n",
        "  \u0022name\u0022: \u0022azsmnet5510\u0022,\r\n",
        "  \u0022id\u0022: \u0022/subscriptions/db1ab6f0-4769-4b27-930e-01e2ef9c123c/resourceGroups/csmrg7097/providers/Microsoft.Network/virtualNetworks/azsmnet5510\u0022,\r\n",
        "  \u0022etag\u0022: \u0022W/\\\u002218846fcb-6bf2-4bef-936f-93d50a7442b5\\\u0022\u0022,\r\n",
        "  \u0022type\u0022: \u0022Microsoft.Network/virtualNetworks\u0022,\r\n",
        "  \u0022location\u0022: \u0022eastus\u0022,\r\n",
        "  \u0022properties\u0022: {\r\n",
        "    \u0022provisioningState\u0022: \u0022Succeeded\u0022,\r\n",
        "    \u0022resourceGuid\u0022: \u0022ccac8f28-9648-45ef-ae6a-af086b82f69c\u0022,\r\n",
        "    \u0022addressSpace\u0022: {\r\n",
        "      \u0022addressPrefixes\u0022: [\r\n",
        "        \u002210.0.0.0/16\u0022\r\n",
        "      ]\r\n",
        "    },\r\n",
        "    \u0022subnets\u0022: [\r\n",
        "      {\r\n",
        "        \u0022name\u0022: \u0022azsmnet7937\u0022,\r\n",
        "        \u0022id\u0022: \u0022/subscriptions/db1ab6f0-4769-4b27-930e-01e2ef9c123c/resourceGroups/csmrg7097/providers/Microsoft.Network/virtualNetworks/azsmnet5510/subnets/azsmnet7937\u0022,\r\n",
        "        \u0022etag\u0022: \u0022W/\\\u002218846fcb-6bf2-4bef-936f-93d50a7442b5\\\u0022\u0022,\r\n",
        "        \u0022properties\u0022: {\r\n",
        "          \u0022provisioningState\u0022: \u0022Succeeded\u0022,\r\n",
        "          \u0022addressPrefix\u0022: \u002210.0.0.0/24\u0022,\r\n",
        "          \u0022delegations\u0022: [],\r\n",
        "          \u0022privateEndpointNetworkPolicies\u0022: \u0022Enabled\u0022,\r\n",
        "          \u0022privateLinkServiceNetworkPolicies\u0022: \u0022Enabled\u0022\r\n",
        "        },\r\n",
        "        \u0022type\u0022: \u0022Microsoft.Network/virtualNetworks/subnets\u0022\r\n",
        "      },\r\n",
        "      {\r\n",
        "        \u0022name\u0022: \u0022azsmnet5846\u0022,\r\n",
        "        \u0022id\u0022: \u0022/subscriptions/db1ab6f0-4769-4b27-930e-01e2ef9c123c/resourceGroups/csmrg7097/providers/Microsoft.Network/virtualNetworks/azsmnet5510/subnets/azsmnet5846\u0022,\r\n",
        "        \u0022etag\u0022: \u0022W/\\\u002218846fcb-6bf2-4bef-936f-93d50a7442b5\\\u0022\u0022,\r\n",
        "        \u0022properties\u0022: {\r\n",
        "          \u0022provisioningState\u0022: \u0022Succeeded\u0022,\r\n",
        "          \u0022addressPrefix\u0022: \u002210.0.1.0/24\u0022,\r\n",
        "          \u0022delegations\u0022: [],\r\n",
        "          \u0022privateEndpointNetworkPolicies\u0022: \u0022Enabled\u0022,\r\n",
        "          \u0022privateLinkServiceNetworkPolicies\u0022: \u0022Enabled\u0022\r\n",
        "        },\r\n",
        "        \u0022type\u0022: \u0022Microsoft.Network/virtualNetworks/subnets\u0022\r\n",
        "      }\r\n",
        "    ],\r\n",
        "    \u0022virtualNetworkPeerings\u0022: [],\r\n",
        "    \u0022enableDdosProtection\u0022: false\r\n",
        "  }\r\n",
        "}"
      ]
    },
    {
      "RequestUri": "https://management.azure.com/subscriptions/db1ab6f0-4769-4b27-930e-01e2ef9c123c/resourceGroups/csmrg7097/providers/Microsoft.Network/virtualNetworks/azsmnet5510/subnets/azsmnet7937?api-version=2021-02-01",
      "RequestMethod": "GET",
      "RequestHeaders": {
        "Accept": "application/json",
        "Authorization": "Sanitized",
        "User-Agent": "azsdk-net-ResourceManager.Network/1.0.0-alpha.20220118.1 (.NET Framework 4.8.4420.0; Microsoft Windows 10.0.19043 )",
        "x-ms-client-request-id": "e49153f4dbd9f5cdc9f100f3a07032f6",
        "x-ms-return-client-request-id": "true"
      },
      "RequestBody": null,
      "StatusCode": 200,
      "ResponseHeaders": {
        "Cache-Control": "no-cache",
        "Content-Length": "534",
        "Content-Type": "application/json; charset=utf-8",
        "Date": "Tue, 18 Jan 2022 20:35:48 GMT",
        "ETag": "W/\u002218846fcb-6bf2-4bef-936f-93d50a7442b5\u0022",
        "Expires": "-1",
        "Pragma": "no-cache",
        "Server": [
          "Microsoft-HTTPAPI/2.0",
          "Microsoft-HTTPAPI/2.0"
        ],
        "Strict-Transport-Security": "max-age=31536000; includeSubDomains",
        "X-Content-Type-Options": "nosniff",
        "x-ms-arm-service-request-id": "286545b1-4dcd-4816-930b-1a7dd915bdf1",
        "x-ms-client-request-id": "e49153f4dbd9f5cdc9f100f3a07032f6",
        "x-ms-correlation-request-id": "8993ab3a-215b-4c05-9327-ad7adb6ac054",
        "x-ms-ratelimit-remaining-subscription-reads": "11961",
        "x-ms-request-id": "6abfc69c-90ca-4fb8-85c5-ab1e31351f7f",
        "x-ms-routing-request-id": "SOUTHEASTASIA:20220118T203548Z:8993ab3a-215b-4c05-9327-ad7adb6ac054"
      },
      "ResponseBody": [
        "{\r\n",
        "  \u0022name\u0022: \u0022azsmnet7937\u0022,\r\n",
        "  \u0022id\u0022: \u0022/subscriptions/db1ab6f0-4769-4b27-930e-01e2ef9c123c/resourceGroups/csmrg7097/providers/Microsoft.Network/virtualNetworks/azsmnet5510/subnets/azsmnet7937\u0022,\r\n",
        "  \u0022etag\u0022: \u0022W/\\\u002218846fcb-6bf2-4bef-936f-93d50a7442b5\\\u0022\u0022,\r\n",
        "  \u0022properties\u0022: {\r\n",
        "    \u0022provisioningState\u0022: \u0022Succeeded\u0022,\r\n",
        "    \u0022addressPrefix\u0022: \u002210.0.0.0/24\u0022,\r\n",
        "    \u0022delegations\u0022: [],\r\n",
        "    \u0022privateEndpointNetworkPolicies\u0022: \u0022Enabled\u0022,\r\n",
        "    \u0022privateLinkServiceNetworkPolicies\u0022: \u0022Enabled\u0022\r\n",
        "  },\r\n",
        "  \u0022type\u0022: \u0022Microsoft.Network/virtualNetworks/subnets\u0022\r\n",
        "}"
      ]
    },
    {
      "RequestUri": "https://management.azure.com/subscriptions/db1ab6f0-4769-4b27-930e-01e2ef9c123c/resourceGroups/csmrg7097/providers/Microsoft.Network/virtualNetworks/azsmnet5510/subnets/azsmnet5846?api-version=2021-02-01",
      "RequestMethod": "GET",
      "RequestHeaders": {
        "Accept": "application/json",
        "Authorization": "Sanitized",
        "User-Agent": "azsdk-net-ResourceManager.Network/1.0.0-alpha.20220118.1 (.NET Framework 4.8.4420.0; Microsoft Windows 10.0.19043 )",
        "x-ms-client-request-id": "daabf1bfea480f0291f8d67bbb92f40e",
        "x-ms-return-client-request-id": "true"
      },
      "RequestBody": null,
      "StatusCode": 200,
      "ResponseHeaders": {
        "Cache-Control": "no-cache",
        "Content-Length": "534",
        "Content-Type": "application/json; charset=utf-8",
        "Date": "Tue, 18 Jan 2022 20:35:48 GMT",
        "ETag": "W/\u002218846fcb-6bf2-4bef-936f-93d50a7442b5\u0022",
        "Expires": "-1",
        "Pragma": "no-cache",
        "Server": [
          "Microsoft-HTTPAPI/2.0",
          "Microsoft-HTTPAPI/2.0"
        ],
        "Strict-Transport-Security": "max-age=31536000; includeSubDomains",
        "X-Content-Type-Options": "nosniff",
        "x-ms-arm-service-request-id": "7c922495-458c-4d4a-8320-4bd3c072401f",
        "x-ms-client-request-id": "daabf1bfea480f0291f8d67bbb92f40e",
        "x-ms-correlation-request-id": "8e7bf7b0-3c51-4246-8f92-bf3b580d6a67",
        "x-ms-ratelimit-remaining-subscription-reads": "11960",
        "x-ms-request-id": "2bc22426-f2e1-4286-94d7-afa80bc1d124",
        "x-ms-routing-request-id": "SOUTHEASTASIA:20220118T203548Z:8e7bf7b0-3c51-4246-8f92-bf3b580d6a67"
      },
      "ResponseBody": [
        "{\r\n",
        "  \u0022name\u0022: \u0022azsmnet5846\u0022,\r\n",
        "  \u0022id\u0022: \u0022/subscriptions/db1ab6f0-4769-4b27-930e-01e2ef9c123c/resourceGroups/csmrg7097/providers/Microsoft.Network/virtualNetworks/azsmnet5510/subnets/azsmnet5846\u0022,\r\n",
        "  \u0022etag\u0022: \u0022W/\\\u002218846fcb-6bf2-4bef-936f-93d50a7442b5\\\u0022\u0022,\r\n",
        "  \u0022properties\u0022: {\r\n",
        "    \u0022provisioningState\u0022: \u0022Succeeded\u0022,\r\n",
        "    \u0022addressPrefix\u0022: \u002210.0.1.0/24\u0022,\r\n",
        "    \u0022delegations\u0022: [],\r\n",
        "    \u0022privateEndpointNetworkPolicies\u0022: \u0022Enabled\u0022,\r\n",
        "    \u0022privateLinkServiceNetworkPolicies\u0022: \u0022Enabled\u0022\r\n",
        "  },\r\n",
        "  \u0022type\u0022: \u0022Microsoft.Network/virtualNetworks/subnets\u0022\r\n",
        "}"
      ]
    },
    {
      "RequestUri": "https://management.azure.com/subscriptions/db1ab6f0-4769-4b27-930e-01e2ef9c123c/resourceGroups/csmrg7097/providers/Microsoft.Network/networkInterfaces/azsmnet834?api-version=2021-02-01",
      "RequestMethod": "PUT",
      "RequestHeaders": {
        "Accept": "application/json",
        "Authorization": "Sanitized",
        "Content-Length": "637",
        "Content-Type": "application/json",
        "User-Agent": "azsdk-net-ResourceManager.Network/1.0.0-alpha.20220118.1 (.NET Framework 4.8.4420.0; Microsoft Windows 10.0.19043 )",
        "x-ms-client-request-id": "773586164c487ebd3a54dfcf0521e53a",
        "x-ms-return-client-request-id": "true"
      },
      "RequestBody": {
        "location": "eastus",
        "tags": {
          "key": "value"
        },
        "properties": {
          "ipConfigurations": [
            {
              "name": "azsmnet4014",
              "properties": {
                "privateIPAllocationMethod": "Dynamic",
                "subnet": {
                  "id": "/subscriptions/db1ab6f0-4769-4b27-930e-01e2ef9c123c/resourceGroups/csmrg7097/providers/Microsoft.Network/virtualNetworks/azsmnet5510/subnets/azsmnet7937",
                  "properties": {}
                },
                "primary": true
              }
            },
            {
              "name": "azsmnet8957",
              "properties": {
                "privateIPAllocationMethod": "Dynamic",
                "subnet": {
                  "id": "/subscriptions/db1ab6f0-4769-4b27-930e-01e2ef9c123c/resourceGroups/csmrg7097/providers/Microsoft.Network/virtualNetworks/azsmnet5510/subnets/azsmnet5846",
                  "properties": {}
                },
                "primary": false
              }
            }
          ]
        }
      },
      "StatusCode": 400,
      "ResponseHeaders": {
        "Cache-Control": "no-cache",
        "Content-Length": "648",
        "Content-Type": "application/json; charset=utf-8",
        "Date": "Tue, 18 Jan 2022 20:35:56 GMT",
        "Expires": "-1",
        "Pragma": "no-cache",
        "Server": [
          "Microsoft-HTTPAPI/2.0",
          "Microsoft-HTTPAPI/2.0"
        ],
        "Strict-Transport-Security": "max-age=31536000; includeSubDomains",
        "X-Content-Type-Options": "nosniff",
        "x-ms-arm-service-request-id": "e7e97b1a-50c1-468f-bf41-82a7e6ab6a7e",
        "x-ms-client-request-id": "773586164c487ebd3a54dfcf0521e53a",
        "x-ms-correlation-request-id": "d88c2bba-7778-4a78-af1b-8b6178a3fc5f",
        "x-ms-ratelimit-remaining-subscription-writes": "1194",
        "x-ms-request-id": "96d32b95-7a83-4a13-bf6b-887640ee62fd",
        "x-ms-routing-request-id": "SOUTHEASTASIA:20220118T203556Z:d88c2bba-7778-4a78-af1b-8b6178a3fc5f"
      },
      "ResponseBody": [
        "{\r\n",
        "  \u0022error\u0022: {\r\n",
        "    \u0022code\u0022: \u0022IpConfigurationsOnSameNicCannotUseDifferentSubnets\u0022,\r\n",
        "    \u0022message\u0022: \u0022IPConfigurations on a Nic /subscriptions/db1ab6f0-4769-4b27-930e-01e2ef9c123c/resourceGroups/csmrg7097/providers/Microsoft.Network/networkInterfaces/azsmnet834 cannot belong to different subnets. Subnets referred: /subscriptions/db1ab6f0-4769-4b27-930e-01e2ef9c123c/resourceGroups/csmrg7097/providers/Microsoft.Network/virtualNetworks/azsmnet5510/subnets/azsmnet7937;/subscriptions/db1ab6f0-4769-4b27-930e-01e2ef9c123c/resourceGroups/csmrg7097/providers/Microsoft.Network/virtualNetworks/azsmnet5510/subnets/azsmnet5846\u0022,\r\n",
        "    \u0022details\u0022: []\r\n",
        "  }\r\n",
        "}"
      ]
    }
  ],
  "Variables": {
    "LOCATION": "eastus",
    "RandomSeed": "1297407085",
    "RESOURCE_MANAGER_URL": null,
    "SUBSCRIPTION_ID": "db1ab6f0-4769-4b27-930e-01e2ef9c123c"
  }
}