{
  "Entries": [
    {
      "RequestUri": "https://management.azure.com/subscriptions/db1ab6f0-4769-4b27-930e-01e2ef9c123c?api-version=2021-01-01",
      "RequestMethod": "GET",
      "RequestHeaders": {
        "Accept": "application/json",
        "Authorization": "Sanitized",
        "traceparent": "00-f8e5fe5a8408294f8f2592138033c5a2-14b102c42d533d44-00",
        "User-Agent": "azsdk-net-ResourceManager/1.0.0-alpha.20220118.1 (.NET Framework 4.8.4420.0; Microsoft Windows 10.0.19043 )",
        "x-ms-client-request-id": "29283470d3bc8c65682103d1f1e57eb0",
        "x-ms-return-client-request-id": "true"
      },
      "RequestBody": null,
      "StatusCode": 200,
      "ResponseHeaders": {
        "Cache-Control": "no-cache",
        "Content-Length": "468",
        "Content-Type": "application/json; charset=utf-8",
        "Date": "Tue, 18 Jan 2022 20:30:23 GMT",
        "Expires": "-1",
        "Pragma": "no-cache",
        "Strict-Transport-Security": "max-age=31536000; includeSubDomains",
        "X-Content-Type-Options": "nosniff",
        "x-ms-correlation-request-id": "18dfcbb9-d41c-431c-82ef-b56607cc63ac",
        "x-ms-ratelimit-remaining-subscription-reads": "11962",
        "x-ms-request-id": "18dfcbb9-d41c-431c-82ef-b56607cc63ac",
        "x-ms-routing-request-id": "SOUTHEASTASIA:20220118T203023Z:18dfcbb9-d41c-431c-82ef-b56607cc63ac"
      },
      "ResponseBody": {
        "id": "/subscriptions/db1ab6f0-4769-4b27-930e-01e2ef9c123c",
        "authorizationSource": "RoleBased",
        "managedByTenants": [],
        "tags": {
          "tagKey1": "tagValue1",
          "tagKey2": "tagValue2"
        },
        "subscriptionId": "db1ab6f0-4769-4b27-930e-01e2ef9c123c",
        "tenantId": "72f988bf-86f1-41af-91ab-2d7cd011db47",
        "displayName": ".NET Mgmt SDK Test with TTL = 1 Day",
        "state": "Enabled",
        "subscriptionPolicies": {
          "locationPlacementId": "Internal_2014-09-01",
          "quotaId": "Internal_2014-09-01",
          "spendingLimit": "Off"
        }
      }
    },
    {
      "RequestUri": "https://management.azure.com/subscriptions/db1ab6f0-4769-4b27-930e-01e2ef9c123c/resourcegroups/csmrg1747?api-version=2021-04-01",
      "RequestMethod": "PUT",
      "RequestHeaders": {
        "Accept": "application/json",
        "Authorization": "Sanitized",
        "Content-Length": "31",
        "Content-Type": "application/json",
        "User-Agent": "azsdk-net-ResourceManager/1.0.0-alpha.20220118.1 (.NET Framework 4.8.4420.0; Microsoft Windows 10.0.19043 )",
        "x-ms-client-request-id": "42f8050336ae6742fcf2ab1f6f847c50",
        "x-ms-return-client-request-id": "true"
      },
      "RequestBody": {
        "tags": {},
        "location": "eastus"
      },
      "StatusCode": 201,
      "ResponseHeaders": {
        "Cache-Control": "no-cache",
        "Content-Length": "225",
        "Content-Type": "application/json; charset=utf-8",
        "Date": "Tue, 18 Jan 2022 20:30:24 GMT",
        "Expires": "-1",
        "Pragma": "no-cache",
        "Strict-Transport-Security": "max-age=31536000; includeSubDomains",
        "X-Content-Type-Options": "nosniff",
        "x-ms-correlation-request-id": "f74a2f96-8cee-4dff-8d9f-1c29ab92032d",
        "x-ms-ratelimit-remaining-subscription-writes": "1195",
        "x-ms-request-id": "f74a2f96-8cee-4dff-8d9f-1c29ab92032d",
        "x-ms-routing-request-id": "SOUTHEASTASIA:20220118T203024Z:f74a2f96-8cee-4dff-8d9f-1c29ab92032d"
      },
      "ResponseBody": {
        "id": "/subscriptions/db1ab6f0-4769-4b27-930e-01e2ef9c123c/resourceGroups/csmrg1747",
        "name": "csmrg1747",
        "type": "Microsoft.Resources/resourceGroups",
        "location": "eastus",
        "tags": {},
        "properties": {
          "provisioningState": "Succeeded"
        }
      }
    },
    {
      "RequestUri": "https://management.azure.com/subscriptions/db1ab6f0-4769-4b27-930e-01e2ef9c123c/resourceGroups/csmrg1747/providers/Microsoft.Network/virtualNetworks/azsmnet6234?api-version=2021-02-01",
      "RequestMethod": "PUT",
      "RequestHeaders": {
        "Accept": "application/json",
        "Authorization": "Sanitized",
        "Content-Length": "235",
        "Content-Type": "application/json",
        "User-Agent": "azsdk-net-ResourceManager.Network/1.0.0-alpha.20220118.1 (.NET Framework 4.8.4420.0; Microsoft Windows 10.0.19043 )",
        "x-ms-client-request-id": "f7d15c0f7bff7be362284f3560d0efe7",
        "x-ms-return-client-request-id": "true"
      },
      "RequestBody": {
        "location": "eastus",
        "properties": {
          "addressSpace": {
            "addressPrefixes": [
              "10.0.0.0/16"
            ]
          },
          "subnets": [
            {
              "name": "azsmnet8830",
              "properties": {
                "addressPrefix": "10.0.0.0/24"
              }
            },
            {
              "name": "azsmnet7612",
              "properties": {
                "addressPrefix": "10.0.1.0/24"
              }
            }
          ]
        }
      },
      "StatusCode": 201,
      "ResponseHeaders": {
        "Azure-AsyncNotification": "Enabled",
        "Azure-AsyncOperation": "https://management.azure.com/subscriptions/db1ab6f0-4769-4b27-930e-01e2ef9c123c/providers/Microsoft.Network/locations/eastus/operations/e47e7f3a-429f-40cd-9a73-310ed8c7f79b?api-version=2021-02-01",
        "Cache-Control": "no-cache",
        "Content-Length": "1842",
        "Content-Type": "application/json; charset=utf-8",
        "Date": "Tue, 18 Jan 2022 20:30:27 GMT",
        "Expires": "-1",
        "Pragma": "no-cache",
        "Retry-After": "3",
        "Server": [
          "Microsoft-HTTPAPI/2.0",
          "Microsoft-HTTPAPI/2.0"
        ],
        "Strict-Transport-Security": "max-age=31536000; includeSubDomains",
        "X-Content-Type-Options": "nosniff",
        "x-ms-arm-service-request-id": "8b7e1db7-4c3e-4f27-817d-b17f4a93de55",
        "x-ms-client-request-id": "f7d15c0f7bff7be362284f3560d0efe7",
        "x-ms-correlation-request-id": "22c037a4-6935-4642-bd65-6354ed211721",
        "x-ms-ratelimit-remaining-subscription-writes": "1194",
        "x-ms-request-id": "e47e7f3a-429f-40cd-9a73-310ed8c7f79b",
        "x-ms-routing-request-id": "SOUTHEASTASIA:20220118T203028Z:22c037a4-6935-4642-bd65-6354ed211721"
      },
      "ResponseBody": [
        "{\r\n",
        "  \u0022name\u0022: \u0022azsmnet6234\u0022,\r\n",
        "  \u0022id\u0022: \u0022/subscriptions/db1ab6f0-4769-4b27-930e-01e2ef9c123c/resourceGroups/csmrg1747/providers/Microsoft.Network/virtualNetworks/azsmnet6234\u0022,\r\n",
        "  \u0022etag\u0022: \u0022W/\\\u0022e6bd12ae-250d-4706-ae9e-d15d91074d2b\\\u0022\u0022,\r\n",
        "  \u0022type\u0022: \u0022Microsoft.Network/virtualNetworks\u0022,\r\n",
        "  \u0022location\u0022: \u0022eastus\u0022,\r\n",
        "  \u0022properties\u0022: {\r\n",
        "    \u0022provisioningState\u0022: \u0022Updating\u0022,\r\n",
        "    \u0022resourceGuid\u0022: \u0022c07be28c-5c64-4984-b9bd-8d7012ea67fd\u0022,\r\n",
        "    \u0022addressSpace\u0022: {\r\n",
        "      \u0022addressPrefixes\u0022: [\r\n",
        "        \u002210.0.0.0/16\u0022\r\n",
        "      ]\r\n",
        "    },\r\n",
        "    \u0022subnets\u0022: [\r\n",
        "      {\r\n",
        "        \u0022name\u0022: \u0022azsmnet8830\u0022,\r\n",
        "        \u0022id\u0022: \u0022/subscriptions/db1ab6f0-4769-4b27-930e-01e2ef9c123c/resourceGroups/csmrg1747/providers/Microsoft.Network/virtualNetworks/azsmnet6234/subnets/azsmnet8830\u0022,\r\n",
        "        \u0022etag\u0022: \u0022W/\\\u0022e6bd12ae-250d-4706-ae9e-d15d91074d2b\\\u0022\u0022,\r\n",
        "        \u0022properties\u0022: {\r\n",
        "          \u0022provisioningState\u0022: \u0022Updating\u0022,\r\n",
        "          \u0022addressPrefix\u0022: \u002210.0.0.0/24\u0022,\r\n",
        "          \u0022delegations\u0022: [],\r\n",
        "          \u0022privateEndpointNetworkPolicies\u0022: \u0022Enabled\u0022,\r\n",
        "          \u0022privateLinkServiceNetworkPolicies\u0022: \u0022Enabled\u0022\r\n",
        "        },\r\n",
        "        \u0022type\u0022: \u0022Microsoft.Network/virtualNetworks/subnets\u0022\r\n",
        "      },\r\n",
        "      {\r\n",
        "        \u0022name\u0022: \u0022azsmnet7612\u0022,\r\n",
        "        \u0022id\u0022: \u0022/subscriptions/db1ab6f0-4769-4b27-930e-01e2ef9c123c/resourceGroups/csmrg1747/providers/Microsoft.Network/virtualNetworks/azsmnet6234/subnets/azsmnet7612\u0022,\r\n",
        "        \u0022etag\u0022: \u0022W/\\\u0022e6bd12ae-250d-4706-ae9e-d15d91074d2b\\\u0022\u0022,\r\n",
        "        \u0022properties\u0022: {\r\n",
        "          \u0022provisioningState\u0022: \u0022Updating\u0022,\r\n",
        "          \u0022addressPrefix\u0022: \u002210.0.1.0/24\u0022,\r\n",
        "          \u0022delegations\u0022: [],\r\n",
        "          \u0022privateEndpointNetworkPolicies\u0022: \u0022Enabled\u0022,\r\n",
        "          \u0022privateLinkServiceNetworkPolicies\u0022: \u0022Enabled\u0022\r\n",
        "        },\r\n",
        "        \u0022type\u0022: \u0022Microsoft.Network/virtualNetworks/subnets\u0022\r\n",
        "      }\r\n",
        "    ],\r\n",
        "    \u0022virtualNetworkPeerings\u0022: [],\r\n",
        "    \u0022enableDdosProtection\u0022: false\r\n",
        "  }\r\n",
        "}"
      ]
    },
    {
      "RequestUri": "https://management.azure.com/subscriptions/db1ab6f0-4769-4b27-930e-01e2ef9c123c/providers/Microsoft.Network/locations/eastus/operations/e47e7f3a-429f-40cd-9a73-310ed8c7f79b?api-version=2021-02-01",
      "RequestMethod": "GET",
      "RequestHeaders": {
        "Authorization": "Sanitized",
        "User-Agent": "azsdk-net-ResourceManager/1.0.0-alpha.20220118.1 (.NET Framework 4.8.4420.0; Microsoft Windows 10.0.19043 )",
        "x-ms-client-request-id": "8ea117c70e32c6f9cabbdf3eadbc4a4f",
        "x-ms-return-client-request-id": "true"
      },
      "RequestBody": null,
      "StatusCode": 200,
      "ResponseHeaders": {
        "Cache-Control": "no-cache",
        "Content-Length": "29",
        "Content-Type": "application/json; charset=utf-8",
        "Date": "Tue, 18 Jan 2022 20:30:27 GMT",
        "Expires": "-1",
        "Pragma": "no-cache",
        "Server": [
          "Microsoft-HTTPAPI/2.0",
          "Microsoft-HTTPAPI/2.0"
        ],
        "Strict-Transport-Security": "max-age=31536000; includeSubDomains",
        "X-Content-Type-Options": "nosniff",
        "x-ms-arm-service-request-id": "e339d13e-1a1f-4b75-85c2-c38d14b3060b",
        "x-ms-client-request-id": "8ea117c70e32c6f9cabbdf3eadbc4a4f",
        "x-ms-correlation-request-id": "f93d5f1e-97e6-4c9c-a438-fa0b3a267110",
        "x-ms-ratelimit-remaining-subscription-reads": "11961",
        "x-ms-request-id": "0e48dcbf-68dd-4dd0-8fd7-e7d875786def",
        "x-ms-routing-request-id": "SOUTHEASTASIA:20220118T203028Z:f93d5f1e-97e6-4c9c-a438-fa0b3a267110"
      },
      "ResponseBody": [
        "{\r\n",
        "  \u0022status\u0022: \u0022Succeeded\u0022\r\n",
        "}"
      ]
    },
    {
      "RequestUri": "https://management.azure.com/subscriptions/db1ab6f0-4769-4b27-930e-01e2ef9c123c/resourceGroups/csmrg1747/providers/Microsoft.Network/virtualNetworks/azsmnet6234?api-version=2021-02-01",
      "RequestMethod": "GET",
      "RequestHeaders": {
        "Authorization": "Sanitized",
        "User-Agent": "azsdk-net-ResourceManager/1.0.0-alpha.20220118.1 (.NET Framework 4.8.4420.0; Microsoft Windows 10.0.19043 )",
        "x-ms-client-request-id": "f7b09d805b7d2a689a1116440eebdddc",
        "x-ms-return-client-request-id": "true"
      },
      "RequestBody": null,
      "StatusCode": 200,
      "ResponseHeaders": {
        "Cache-Control": "no-cache",
        "Content-Length": "1845",
        "Content-Type": "application/json; charset=utf-8",
        "Date": "Tue, 18 Jan 2022 20:30:28 GMT",
        "ETag": "W/\u00223f591097-1d49-40a3-ae07-0dbf70f484e9\u0022",
        "Expires": "-1",
        "Pragma": "no-cache",
        "Server": [
          "Microsoft-HTTPAPI/2.0",
          "Microsoft-HTTPAPI/2.0"
        ],
        "Strict-Transport-Security": "max-age=31536000; includeSubDomains",
        "X-Content-Type-Options": "nosniff",
        "x-ms-arm-service-request-id": "0d65c4f6-9ab8-44ca-9261-8156994c74d3",
        "x-ms-client-request-id": "f7b09d805b7d2a689a1116440eebdddc",
        "x-ms-correlation-request-id": "d8dfad33-906b-430b-84f9-a8de49710dad",
        "x-ms-ratelimit-remaining-subscription-reads": "11960",
        "x-ms-request-id": "0b6a18ea-ec0b-4197-8a57-b005212aa038",
        "x-ms-routing-request-id": "SOUTHEASTASIA:20220118T203028Z:d8dfad33-906b-430b-84f9-a8de49710dad"
      },
      "ResponseBody": [
        "{\r\n",
        "  \u0022name\u0022: \u0022azsmnet6234\u0022,\r\n",
        "  \u0022id\u0022: \u0022/subscriptions/db1ab6f0-4769-4b27-930e-01e2ef9c123c/resourceGroups/csmrg1747/providers/Microsoft.Network/virtualNetworks/azsmnet6234\u0022,\r\n",
        "  \u0022etag\u0022: \u0022W/\\\u00223f591097-1d49-40a3-ae07-0dbf70f484e9\\\u0022\u0022,\r\n",
        "  \u0022type\u0022: \u0022Microsoft.Network/virtualNetworks\u0022,\r\n",
        "  \u0022location\u0022: \u0022eastus\u0022,\r\n",
        "  \u0022properties\u0022: {\r\n",
        "    \u0022provisioningState\u0022: \u0022Succeeded\u0022,\r\n",
        "    \u0022resourceGuid\u0022: \u0022c07be28c-5c64-4984-b9bd-8d7012ea67fd\u0022,\r\n",
        "    \u0022addressSpace\u0022: {\r\n",
        "      \u0022addressPrefixes\u0022: [\r\n",
        "        \u002210.0.0.0/16\u0022\r\n",
        "      ]\r\n",
        "    },\r\n",
        "    \u0022subnets\u0022: [\r\n",
        "      {\r\n",
        "        \u0022name\u0022: \u0022azsmnet8830\u0022,\r\n",
        "        \u0022id\u0022: \u0022/subscriptions/db1ab6f0-4769-4b27-930e-01e2ef9c123c/resourceGroups/csmrg1747/providers/Microsoft.Network/virtualNetworks/azsmnet6234/subnets/azsmnet8830\u0022,\r\n",
        "        \u0022etag\u0022: \u0022W/\\\u00223f591097-1d49-40a3-ae07-0dbf70f484e9\\\u0022\u0022,\r\n",
        "        \u0022properties\u0022: {\r\n",
        "          \u0022provisioningState\u0022: \u0022Succeeded\u0022,\r\n",
        "          \u0022addressPrefix\u0022: \u002210.0.0.0/24\u0022,\r\n",
        "          \u0022delegations\u0022: [],\r\n",
        "          \u0022privateEndpointNetworkPolicies\u0022: \u0022Enabled\u0022,\r\n",
        "          \u0022privateLinkServiceNetworkPolicies\u0022: \u0022Enabled\u0022\r\n",
        "        },\r\n",
        "        \u0022type\u0022: \u0022Microsoft.Network/virtualNetworks/subnets\u0022\r\n",
        "      },\r\n",
        "      {\r\n",
        "        \u0022name\u0022: \u0022azsmnet7612\u0022,\r\n",
        "        \u0022id\u0022: \u0022/subscriptions/db1ab6f0-4769-4b27-930e-01e2ef9c123c/resourceGroups/csmrg1747/providers/Microsoft.Network/virtualNetworks/azsmnet6234/subnets/azsmnet7612\u0022,\r\n",
        "        \u0022etag\u0022: \u0022W/\\\u00223f591097-1d49-40a3-ae07-0dbf70f484e9\\\u0022\u0022,\r\n",
        "        \u0022properties\u0022: {\r\n",
        "          \u0022provisioningState\u0022: \u0022Succeeded\u0022,\r\n",
        "          \u0022addressPrefix\u0022: \u002210.0.1.0/24\u0022,\r\n",
        "          \u0022delegations\u0022: [],\r\n",
        "          \u0022privateEndpointNetworkPolicies\u0022: \u0022Enabled\u0022,\r\n",
        "          \u0022privateLinkServiceNetworkPolicies\u0022: \u0022Enabled\u0022\r\n",
        "        },\r\n",
        "        \u0022type\u0022: \u0022Microsoft.Network/virtualNetworks/subnets\u0022\r\n",
        "      }\r\n",
        "    ],\r\n",
        "    \u0022virtualNetworkPeerings\u0022: [],\r\n",
        "    \u0022enableDdosProtection\u0022: false\r\n",
        "  }\r\n",
        "}"
      ]
    },
    {
      "RequestUri": "https://management.azure.com/subscriptions/db1ab6f0-4769-4b27-930e-01e2ef9c123c/providers/Microsoft.Network/locations/eastus/operations/e47e7f3a-429f-40cd-9a73-310ed8c7f79b?api-version=2021-02-01",
      "RequestMethod": "GET",
      "RequestHeaders": {
        "Authorization": "Sanitized",
        "User-Agent": "azsdk-net-ResourceManager/1.0.0-alpha.20220118.1 (.NET Framework 4.8.4420.0; Microsoft Windows 10.0.19043 )",
        "x-ms-client-request-id": "486d23a7602fbdb55f81f74205821224",
        "x-ms-return-client-request-id": "true"
      },
      "RequestBody": null,
      "StatusCode": 200,
      "ResponseHeaders": {
        "Cache-Control": "no-cache",
        "Content-Length": "29",
        "Content-Type": "application/json; charset=utf-8",
        "Date": "Tue, 18 Jan 2022 20:30:28 GMT",
        "Expires": "-1",
        "Pragma": "no-cache",
        "Server": [
          "Microsoft-HTTPAPI/2.0",
          "Microsoft-HTTPAPI/2.0"
        ],
        "Strict-Transport-Security": "max-age=31536000; includeSubDomains",
        "X-Content-Type-Options": "nosniff",
        "x-ms-arm-service-request-id": "56c55b18-21df-457b-b6c7-3d24fb184b10",
        "x-ms-client-request-id": "486d23a7602fbdb55f81f74205821224",
        "x-ms-correlation-request-id": "9ed2d22a-25fe-4e78-9015-ab3fe75d8e42",
        "x-ms-ratelimit-remaining-subscription-reads": "11959",
        "x-ms-request-id": "e49e4df5-9816-457c-b041-9cc701b5ca29",
        "x-ms-routing-request-id": "SOUTHEASTASIA:20220118T203028Z:9ed2d22a-25fe-4e78-9015-ab3fe75d8e42"
      },
      "ResponseBody": [
        "{\r\n",
        "  \u0022status\u0022: \u0022Succeeded\u0022\r\n",
        "}"
      ]
    },
    {
      "RequestUri": "https://management.azure.com/subscriptions/db1ab6f0-4769-4b27-930e-01e2ef9c123c/resourceGroups/csmrg1747/providers/Microsoft.Network/virtualNetworks/azsmnet6234?api-version=2021-02-01",
      "RequestMethod": "GET",
      "RequestHeaders": {
        "Authorization": "Sanitized",
        "User-Agent": "azsdk-net-ResourceManager/1.0.0-alpha.20220118.1 (.NET Framework 4.8.4420.0; Microsoft Windows 10.0.19043 )",
        "x-ms-client-request-id": "ff781d6f89d66badae77f420f8b4b7df",
        "x-ms-return-client-request-id": "true"
      },
      "RequestBody": null,
      "StatusCode": 200,
      "ResponseHeaders": {
        "Cache-Control": "no-cache",
        "Content-Length": "1845",
        "Content-Type": "application/json; charset=utf-8",
        "Date": "Tue, 18 Jan 2022 20:30:28 GMT",
        "ETag": "W/\u00223f591097-1d49-40a3-ae07-0dbf70f484e9\u0022",
        "Expires": "-1",
        "Pragma": "no-cache",
        "Server": [
          "Microsoft-HTTPAPI/2.0",
          "Microsoft-HTTPAPI/2.0"
        ],
        "Strict-Transport-Security": "max-age=31536000; includeSubDomains",
        "X-Content-Type-Options": "nosniff",
        "x-ms-arm-service-request-id": "b9a1f9a9-230b-4d8a-9bdb-dba61e3be056",
        "x-ms-client-request-id": "ff781d6f89d66badae77f420f8b4b7df",
        "x-ms-correlation-request-id": "a1494182-cb22-4fbd-a36a-f28a52feb9ec",
        "x-ms-ratelimit-remaining-subscription-reads": "11958",
        "x-ms-request-id": "89c9650c-7b58-49d4-823b-b94207865d0e",
        "x-ms-routing-request-id": "SOUTHEASTASIA:20220118T203029Z:a1494182-cb22-4fbd-a36a-f28a52feb9ec"
      },
      "ResponseBody": [
        "{\r\n",
        "  \u0022name\u0022: \u0022azsmnet6234\u0022,\r\n",
        "  \u0022id\u0022: \u0022/subscriptions/db1ab6f0-4769-4b27-930e-01e2ef9c123c/resourceGroups/csmrg1747/providers/Microsoft.Network/virtualNetworks/azsmnet6234\u0022,\r\n",
        "  \u0022etag\u0022: \u0022W/\\\u00223f591097-1d49-40a3-ae07-0dbf70f484e9\\\u0022\u0022,\r\n",
        "  \u0022type\u0022: \u0022Microsoft.Network/virtualNetworks\u0022,\r\n",
        "  \u0022location\u0022: \u0022eastus\u0022,\r\n",
        "  \u0022properties\u0022: {\r\n",
        "    \u0022provisioningState\u0022: \u0022Succeeded\u0022,\r\n",
        "    \u0022resourceGuid\u0022: \u0022c07be28c-5c64-4984-b9bd-8d7012ea67fd\u0022,\r\n",
        "    \u0022addressSpace\u0022: {\r\n",
        "      \u0022addressPrefixes\u0022: [\r\n",
        "        \u002210.0.0.0/16\u0022\r\n",
        "      ]\r\n",
        "    },\r\n",
        "    \u0022subnets\u0022: [\r\n",
        "      {\r\n",
        "        \u0022name\u0022: \u0022azsmnet8830\u0022,\r\n",
        "        \u0022id\u0022: \u0022/subscriptions/db1ab6f0-4769-4b27-930e-01e2ef9c123c/resourceGroups/csmrg1747/providers/Microsoft.Network/virtualNetworks/azsmnet6234/subnets/azsmnet8830\u0022,\r\n",
        "        \u0022etag\u0022: \u0022W/\\\u00223f591097-1d49-40a3-ae07-0dbf70f484e9\\\u0022\u0022,\r\n",
        "        \u0022properties\u0022: {\r\n",
        "          \u0022provisioningState\u0022: \u0022Succeeded\u0022,\r\n",
        "          \u0022addressPrefix\u0022: \u002210.0.0.0/24\u0022,\r\n",
        "          \u0022delegations\u0022: [],\r\n",
        "          \u0022privateEndpointNetworkPolicies\u0022: \u0022Enabled\u0022,\r\n",
        "          \u0022privateLinkServiceNetworkPolicies\u0022: \u0022Enabled\u0022\r\n",
        "        },\r\n",
        "        \u0022type\u0022: \u0022Microsoft.Network/virtualNetworks/subnets\u0022\r\n",
        "      },\r\n",
        "      {\r\n",
        "        \u0022name\u0022: \u0022azsmnet7612\u0022,\r\n",
        "        \u0022id\u0022: \u0022/subscriptions/db1ab6f0-4769-4b27-930e-01e2ef9c123c/resourceGroups/csmrg1747/providers/Microsoft.Network/virtualNetworks/azsmnet6234/subnets/azsmnet7612\u0022,\r\n",
        "        \u0022etag\u0022: \u0022W/\\\u00223f591097-1d49-40a3-ae07-0dbf70f484e9\\\u0022\u0022,\r\n",
        "        \u0022properties\u0022: {\r\n",
        "          \u0022provisioningState\u0022: \u0022Succeeded\u0022,\r\n",
        "          \u0022addressPrefix\u0022: \u002210.0.1.0/24\u0022,\r\n",
        "          \u0022delegations\u0022: [],\r\n",
        "          \u0022privateEndpointNetworkPolicies\u0022: \u0022Enabled\u0022,\r\n",
        "          \u0022privateLinkServiceNetworkPolicies\u0022: \u0022Enabled\u0022\r\n",
        "        },\r\n",
        "        \u0022type\u0022: \u0022Microsoft.Network/virtualNetworks/subnets\u0022\r\n",
        "      }\r\n",
        "    ],\r\n",
        "    \u0022virtualNetworkPeerings\u0022: [],\r\n",
        "    \u0022enableDdosProtection\u0022: false\r\n",
        "  }\r\n",
        "}"
      ]
    },
    {
      "RequestUri": "https://management.azure.com/subscriptions/db1ab6f0-4769-4b27-930e-01e2ef9c123c/resourceGroups/csmrg1747/providers/Microsoft.Network/virtualNetworks/azsmnet6234/subnets/azsmnet8830?api-version=2021-02-01",
      "RequestMethod": "GET",
      "RequestHeaders": {
        "Accept": "application/json",
        "Authorization": "Sanitized",
        "User-Agent": "azsdk-net-ResourceManager.Network/1.0.0-alpha.20220118.1 (.NET Framework 4.8.4420.0; Microsoft Windows 10.0.19043 )",
        "x-ms-client-request-id": "899703dd014f201fe8f398fc63252418",
        "x-ms-return-client-request-id": "true"
      },
      "RequestBody": null,
      "StatusCode": 200,
      "ResponseHeaders": {
        "Cache-Control": "no-cache",
        "Content-Length": "534",
        "Content-Type": "application/json; charset=utf-8",
        "Date": "Tue, 18 Jan 2022 20:30:29 GMT",
        "ETag": "W/\u00223f591097-1d49-40a3-ae07-0dbf70f484e9\u0022",
        "Expires": "-1",
        "Pragma": "no-cache",
        "Server": [
          "Microsoft-HTTPAPI/2.0",
          "Microsoft-HTTPAPI/2.0"
        ],
        "Strict-Transport-Security": "max-age=31536000; includeSubDomains",
        "X-Content-Type-Options": "nosniff",
        "x-ms-arm-service-request-id": "ef50ba1d-f458-4a2d-a8c8-bc2714051ece",
        "x-ms-client-request-id": "899703dd014f201fe8f398fc63252418",
        "x-ms-correlation-request-id": "d8ef1a2e-69ff-48d8-863d-f0f87ceedef7",
        "x-ms-ratelimit-remaining-subscription-reads": "11957",
        "x-ms-request-id": "1abeb2ff-54e8-40af-a9d2-879889cd9625",
        "x-ms-routing-request-id": "SOUTHEASTASIA:20220118T203029Z:d8ef1a2e-69ff-48d8-863d-f0f87ceedef7"
      },
      "ResponseBody": [
        "{\r\n",
        "  \u0022name\u0022: \u0022azsmnet8830\u0022,\r\n",
        "  \u0022id\u0022: \u0022/subscriptions/db1ab6f0-4769-4b27-930e-01e2ef9c123c/resourceGroups/csmrg1747/providers/Microsoft.Network/virtualNetworks/azsmnet6234/subnets/azsmnet8830\u0022,\r\n",
        "  \u0022etag\u0022: \u0022W/\\\u00223f591097-1d49-40a3-ae07-0dbf70f484e9\\\u0022\u0022,\r\n",
        "  \u0022properties\u0022: {\r\n",
        "    \u0022provisioningState\u0022: \u0022Succeeded\u0022,\r\n",
        "    \u0022addressPrefix\u0022: \u002210.0.0.0/24\u0022,\r\n",
        "    \u0022delegations\u0022: [],\r\n",
        "    \u0022privateEndpointNetworkPolicies\u0022: \u0022Enabled\u0022,\r\n",
        "    \u0022privateLinkServiceNetworkPolicies\u0022: \u0022Enabled\u0022\r\n",
        "  },\r\n",
        "  \u0022type\u0022: \u0022Microsoft.Network/virtualNetworks/subnets\u0022\r\n",
        "}"
      ]
    },
    {
      "RequestUri": "https://management.azure.com/subscriptions/db1ab6f0-4769-4b27-930e-01e2ef9c123c/resourceGroups/csmrg1747/providers/Microsoft.Network/virtualNetworks/azsmnet6234/subnets/azsmnet7612?api-version=2021-02-01",
      "RequestMethod": "GET",
      "RequestHeaders": {
        "Accept": "application/json",
        "Authorization": "Sanitized",
        "User-Agent": "azsdk-net-ResourceManager.Network/1.0.0-alpha.20220118.1 (.NET Framework 4.8.4420.0; Microsoft Windows 10.0.19043 )",
        "x-ms-client-request-id": "f1d5f1fedd731e0576029ab86c94c5ab",
        "x-ms-return-client-request-id": "true"
      },
      "RequestBody": null,
      "StatusCode": 200,
      "ResponseHeaders": {
        "Cache-Control": "no-cache",
        "Content-Length": "534",
        "Content-Type": "application/json; charset=utf-8",
        "Date": "Tue, 18 Jan 2022 20:30:29 GMT",
        "ETag": "W/\u00223f591097-1d49-40a3-ae07-0dbf70f484e9\u0022",
        "Expires": "-1",
        "Pragma": "no-cache",
        "Server": [
          "Microsoft-HTTPAPI/2.0",
          "Microsoft-HTTPAPI/2.0"
        ],
        "Strict-Transport-Security": "max-age=31536000; includeSubDomains",
        "X-Content-Type-Options": "nosniff",
        "x-ms-arm-service-request-id": "6551bed3-62fb-49ad-ab57-b7636cc88f52",
        "x-ms-client-request-id": "f1d5f1fedd731e0576029ab86c94c5ab",
        "x-ms-correlation-request-id": "c7f85e4a-478e-4b9b-a361-667847c37ccd",
        "x-ms-ratelimit-remaining-subscription-reads": "11956",
        "x-ms-request-id": "0c1cb449-2db3-46de-a3e6-c92203c5d5dd",
        "x-ms-routing-request-id": "SOUTHEASTASIA:20220118T203029Z:c7f85e4a-478e-4b9b-a361-667847c37ccd"
      },
      "ResponseBody": [
        "{\r\n",
        "  \u0022name\u0022: \u0022azsmnet7612\u0022,\r\n",
        "  \u0022id\u0022: \u0022/subscriptions/db1ab6f0-4769-4b27-930e-01e2ef9c123c/resourceGroups/csmrg1747/providers/Microsoft.Network/virtualNetworks/azsmnet6234/subnets/azsmnet7612\u0022,\r\n",
        "  \u0022etag\u0022: \u0022W/\\\u00223f591097-1d49-40a3-ae07-0dbf70f484e9\\\u0022\u0022,\r\n",
        "  \u0022properties\u0022: {\r\n",
        "    \u0022provisioningState\u0022: \u0022Succeeded\u0022,\r\n",
        "    \u0022addressPrefix\u0022: \u002210.0.1.0/24\u0022,\r\n",
        "    \u0022delegations\u0022: [],\r\n",
        "    \u0022privateEndpointNetworkPolicies\u0022: \u0022Enabled\u0022,\r\n",
        "    \u0022privateLinkServiceNetworkPolicies\u0022: \u0022Enabled\u0022\r\n",
        "  },\r\n",
        "  \u0022type\u0022: \u0022Microsoft.Network/virtualNetworks/subnets\u0022\r\n",
        "}"
      ]
    },
    {
      "RequestUri": "https://management.azure.com/subscriptions/db1ab6f0-4769-4b27-930e-01e2ef9c123c/resourceGroups/csmrg1747/providers/Microsoft.Network/networkInterfaces/azsmnet5268?api-version=2021-02-01",
      "RequestMethod": "PUT",
      "RequestHeaders": {
        "Accept": "application/json",
        "Authorization": "Sanitized",
        "Content-Length": "637",
        "Content-Type": "application/json",
        "User-Agent": "azsdk-net-ResourceManager.Network/1.0.0-alpha.20220118.1 (.NET Framework 4.8.4420.0; Microsoft Windows 10.0.19043 )",
        "x-ms-client-request-id": "d589eb01fd6e1757e3f1b1078852dc21",
        "x-ms-return-client-request-id": "true"
      },
      "RequestBody": {
        "location": "eastus",
        "tags": {
          "key": "value"
        },
        "properties": {
          "ipConfigurations": [
            {
              "name": "azsmnet9134",
              "properties": {
                "privateIPAllocationMethod": "Dynamic",
                "subnet": {
                  "id": "/subscriptions/db1ab6f0-4769-4b27-930e-01e2ef9c123c/resourceGroups/csmrg1747/providers/Microsoft.Network/virtualNetworks/azsmnet6234/subnets/azsmnet8830",
                  "properties": {}
                },
                "primary": true
              }
            },
            {
              "name": "azsmnet2406",
              "properties": {
                "privateIPAllocationMethod": "Dynamic",
                "subnet": {
                  "id": "/subscriptions/db1ab6f0-4769-4b27-930e-01e2ef9c123c/resourceGroups/csmrg1747/providers/Microsoft.Network/virtualNetworks/azsmnet6234/subnets/azsmnet7612",
                  "properties": {}
                },
                "primary": false
              }
            }
          ]
        }
      },
      "StatusCode": 400,
      "ResponseHeaders": {
        "Cache-Control": "no-cache",
        "Content-Length": "648",
        "Content-Type": "application/json; charset=utf-8",
        "Date": "Tue, 18 Jan 2022 20:30:35 GMT",
        "Expires": "-1",
        "Pragma": "no-cache",
        "Server": [
          "Microsoft-HTTPAPI/2.0",
          "Microsoft-HTTPAPI/2.0"
        ],
        "Strict-Transport-Security": "max-age=31536000; includeSubDomains",
        "X-Content-Type-Options": "nosniff",
        "x-ms-arm-service-request-id": "8e7dfe40-89e2-4c3f-91ca-7ef81ff37ca1",
        "x-ms-client-request-id": "d589eb01fd6e1757e3f1b1078852dc21",
        "x-ms-correlation-request-id": "91079ead-598f-46e9-84d5-8c238e562095",
        "x-ms-ratelimit-remaining-subscription-writes": "1193",
        "x-ms-request-id": "c5632e17-3ecc-4a56-9847-c9915ec9a07c",
        "x-ms-routing-request-id": "SOUTHEASTASIA:20220118T203036Z:91079ead-598f-46e9-84d5-8c238e562095"
      },
      "ResponseBody": [
        "{\r\n",
        "  \u0022error\u0022: {\r\n",
        "    \u0022code\u0022: \u0022IpConfigurationsOnSameNicCannotUseDifferentSubnets\u0022,\r\n",
        "    \u0022message\u0022: \u0022IPConfigurations on a Nic /subscriptions/db1ab6f0-4769-4b27-930e-01e2ef9c123c/resourceGroups/csmrg1747/providers/Microsoft.Network/networkInterfaces/azsmnet5268 cannot belong to different subnets. Subnets referred: /subscriptions/db1ab6f0-4769-4b27-930e-01e2ef9c123c/resourceGroups/csmrg1747/providers/Microsoft.Network/virtualNetworks/azsmnet6234/subnets/azsmnet8830;/subscriptions/db1ab6f0-4769-4b27-930e-01e2ef9c123c/resourceGroups/csmrg1747/providers/Microsoft.Network/virtualNetworks/azsmnet6234/subnets/azsmnet7612\u0022,\r\n",
        "    \u0022details\u0022: []\r\n",
        "  }\r\n",
        "}"
      ]
    }
  ],
  "Variables": {
    "LOCATION": "eastus",
    "RandomSeed": "1290853282",
    "RESOURCE_MANAGER_URL": null,
    "SUBSCRIPTION_ID": "db1ab6f0-4769-4b27-930e-01e2ef9c123c"
  }
}