{
  "Entries": [
    {
      "RequestUri": "https://management.azure.com/subscriptions/db1ab6f0-4769-4b27-930e-01e2ef9c123c?api-version=2021-01-01",
      "RequestMethod": "GET",
      "RequestHeaders": {
        "Accept": "application/json",
        "Authorization": "Sanitized",
        "traceparent": "00-3e4d4264ea6587ed3651a1dd4caf6e7b-8cf1b513da9bcb01-00",
        "User-Agent": "azsdk-net-ResourceManager/1.6.0 (.NET 7.0.7; Microsoft Windows 10.0.22621)",
        "x-ms-client-request-id": "ae9a11d080c89332990e77a8039bfa2e",
        "x-ms-return-client-request-id": "true"
      },
      "RequestBody": null,
      "StatusCode": 200,
      "ResponseHeaders": {
        "Cache-Control": "no-cache",
        "Content-Length": "748",
        "Content-Type": "application/json; charset=utf-8",
        "Date": "Wed, 28 Jun 2023 15:35:18 GMT",
        "Expires": "-1",
        "Pragma": "no-cache",
        "Strict-Transport-Security": "max-age=31536000; includeSubDomains",
        "X-Content-Type-Options": "nosniff",
        "x-ms-correlation-request-id": "f3002184-e136-489e-9582-a010293bf904",
        "x-ms-ratelimit-remaining-subscription-reads": "10962",
        "x-ms-request-id": "f3002184-e136-489e-9582-a010293bf904",
        "x-ms-routing-request-id": "SOUTHEASTASIA:20230628T153518Z:f3002184-e136-489e-9582-a010293bf904"
      },
      "ResponseBody": {
        "id": "/subscriptions/db1ab6f0-4769-4b27-930e-01e2ef9c123c",
        "authorizationSource": "RoleBased",
        "managedByTenants": [],
        "tags": {
          "TagKey-9823": "TagValue-1254",
          "TagKey-3481": "TagValue-320",
          "TagKey-4926": "TagValue-1187",
          "TagKey-751": "TagValue-3921",
          "TagKey-1866": "TagValue-8559",
          "TagKey-3094": "TagValue-9190",
          "TagKey-2449": "TagValue-9",
          "TagKey-8379": "TagValue-164",
          "TagKey-7470": "TagValue-2205",
          "TagKey-4236": "TagValue-3698",
          "TagKey-5316": "TagValue-2725"
        },
        "subscriptionId": "db1ab6f0-4769-4b27-930e-01e2ef9c123c",
        "tenantId": "72f988bf-86f1-41af-91ab-2d7cd011db47",
        "displayName": ".NET Mgmt SDK Test with TTL = 1 Day",
        "state": "Enabled",
        "subscriptionPolicies": {
          "locationPlacementId": "Internal_2014-09-01",
          "quotaId": "Internal_2014-09-01",
          "spendingLimit": "Off"
        }
      }
    },
    {
      "RequestUri": "https://management.azure.com/subscriptions/db1ab6f0-4769-4b27-930e-01e2ef9c123c/resourcegroups/csmrg6017?api-version=**",
      "RequestMethod": "PUT",
      "RequestHeaders": {
        "Accept": "application/json",
        "Authorization": "Sanitized",
        "Content-Length": "21",
        "Content-Type": "application/json",
        "traceparent": "00-6955baba489845a6468adf00186bb65c-0c945828ed2b1e7c-00",
        "User-Agent": "azsdk-net-ResourceManager/1.6.0 (.NET 7.0.7; Microsoft Windows 10.0.22621)",
        "x-ms-client-request-id": "4adba2bc618f43037a2d4240ff2884cd",
        "x-ms-return-client-request-id": "true"
      },
      "RequestBody": {
        "location": "westus"
      },
      "StatusCode": 201,
      "ResponseHeaders": {
        "Cache-Control": "no-cache",
        "Content-Length": "215",
        "Content-Type": "application/json; charset=utf-8",
        "Date": "Wed, 28 Jun 2023 15:35:18 GMT",
        "Expires": "-1",
        "Pragma": "no-cache",
        "Strict-Transport-Security": "max-age=31536000; includeSubDomains",
        "X-Content-Type-Options": "nosniff",
        "x-ms-correlation-request-id": "9b8ee313-ff59-48a5-8e7e-49911d7928c3",
        "x-ms-ratelimit-remaining-subscription-writes": "932",
        "x-ms-request-id": "9b8ee313-ff59-48a5-8e7e-49911d7928c3",
        "x-ms-routing-request-id": "SOUTHEASTASIA:20230628T153519Z:9b8ee313-ff59-48a5-8e7e-49911d7928c3"
      },
      "ResponseBody": {
        "id": "/subscriptions/db1ab6f0-4769-4b27-930e-01e2ef9c123c/resourceGroups/csmrg6017",
        "name": "csmrg6017",
        "type": "Microsoft.Resources/resourceGroups",
        "location": "westus",
        "properties": {
          "provisioningState": "Succeeded"
        }
      }
    },
    {
      "RequestUri": "https://management.azure.com/subscriptions/db1ab6f0-4769-4b27-930e-01e2ef9c123c/resourceGroups/csmrg6017/providers/Microsoft.Network/publicIPAddresses/azsmnet9781?api-version=2023-02-01",
      "RequestMethod": "PUT",
      "RequestHeaders": {
        "Accept": "application/json",
        "Authorization": "Sanitized",
        "Content-Length": "144",
        "Content-Type": "application/json",
        "traceparent": "00-6a1c4f32bc06ee96b5abd353fe1467e6-ea84e947f9a24cb7-00",
        "User-Agent": "azsdk-net-ResourceManager.Network/1.3.0-alpha.20230627.1 (.NET 7.0.7; Microsoft Windows 10.0.22621)",
        "x-ms-client-request-id": "70f4c4883a87bc55b6062234d07f6666",
        "x-ms-return-client-request-id": "true"
      },
      "RequestBody": {
        "location": "westus",
        "tags": {
          "key": "value"
        },
        "properties": {
          "publicIPAllocationMethod": "Dynamic",
          "dnsSettings": {
            "domainNameLabel": "azsmnet4624"
          }
        }
      },
      "StatusCode": 201,
      "ResponseHeaders": {
        "azure-asyncnotification": "Enabled",
        "azure-asyncoperation": "https://management.azure.com/subscriptions/db1ab6f0-4769-4b27-930e-01e2ef9c123c/providers/Microsoft.Network/locations/westus/operations/b8ba10f3-5728-42e3-86cf-0299ad66115a?api-version=2023-02-01",
        "Cache-Control": "no-cache",
        "Content-Length": "646",
        "Content-Type": "application/json; charset=utf-8",
        "Date": "Wed, 28 Jun 2023 15:35:22 GMT",
        "Expires": "-1",
        "Pragma": "no-cache",
        "Retry-After": "1",
        "Server": [
          "Microsoft-HTTPAPI/2.0",
          "Microsoft-HTTPAPI/2.0"
        ],
        "Strict-Transport-Security": "max-age=31536000; includeSubDomains",
        "X-Content-Type-Options": "nosniff",
        "x-ms-arm-service-request-id": "66493f12-3cc8-4b28-9f20-82995edec56a",
        "x-ms-client-request-id": "70f4c4883a87bc55b6062234d07f6666",
        "x-ms-correlation-request-id": "166a0398-5bab-4462-b219-22a88ce852db",
        "x-ms-ratelimit-remaining-subscription-writes": "931",
        "x-ms-request-id": "b8ba10f3-5728-42e3-86cf-0299ad66115a",
        "x-ms-routing-request-id": "SOUTHEASTASIA:20230628T153523Z:166a0398-5bab-4462-b219-22a88ce852db"
      },
      "ResponseBody": {
        "name": "azsmnet9781",
        "id": "/subscriptions/db1ab6f0-4769-4b27-930e-01e2ef9c123c/resourceGroups/csmrg6017/providers/Microsoft.Network/publicIPAddresses/azsmnet9781",
        "etag": "W/\u00221b7a1a72-f9f0-4b58-81fb-a16bc5946108\u0022",
        "location": "westus",
        "tags": {
          "key": "value"
        },
        "properties": {
          "provisioningState": "Updating",
          "resourceGuid": "a96deb5c-f92d-4c55-9416-9eb7bdd2e1cc",
          "publicIPAddressVersion": "IPv4",
          "publicIPAllocationMethod": "Dynamic",
          "idleTimeoutInMinutes": 4,
          "dnsSettings": {
            "domainNameLabel": "azsmnet4624",
            "fqdn": "azsmnet4624.westus.cloudapp.azure.com"
          },
          "ipTags": []
        },
        "type": "Microsoft.Network/publicIPAddresses",
        "sku": {
          "name": "Basic",
          "tier": "Regional"
        }
      }
    },
    {
      "RequestUri": "https://management.azure.com/subscriptions/db1ab6f0-4769-4b27-930e-01e2ef9c123c/providers/Microsoft.Network/locations/westus/operations/b8ba10f3-5728-42e3-86cf-0299ad66115a?api-version=2023-02-01",
      "RequestMethod": "GET",
      "RequestHeaders": {
        "Authorization": "Sanitized",
        "traceparent": "00-6a1c4f32bc06ee96b5abd353fe1467e6-c50488b9ebf1834d-00",
        "User-Agent": "azsdk-net-ResourceManager/1.6.0 (.NET 7.0.7; Microsoft Windows 10.0.22621)",
        "x-ms-client-request-id": "6a716ad94bcaa01bf5d3abfc20455dc2",
        "x-ms-return-client-request-id": "true"
      },
      "RequestBody": null,
      "StatusCode": 200,
      "ResponseHeaders": {
        "Cache-Control": "no-cache",
        "Content-Length": "23",
        "Content-Type": "application/json; charset=utf-8",
        "Date": "Wed, 28 Jun 2023 15:35:22 GMT",
        "Expires": "-1",
        "Pragma": "no-cache",
        "Retry-After": "2",
        "Server": [
          "Microsoft-HTTPAPI/2.0",
          "Microsoft-HTTPAPI/2.0"
        ],
        "Strict-Transport-Security": "max-age=31536000; includeSubDomains",
        "X-Content-Type-Options": "nosniff",
        "x-ms-arm-service-request-id": "d81d25f2-c4e5-4877-8a35-1605e1dc20b4",
        "x-ms-client-request-id": "6a716ad94bcaa01bf5d3abfc20455dc2",
        "x-ms-correlation-request-id": "7848737f-ce83-4a20-b9c3-70f87e6efe42",
        "x-ms-ratelimit-remaining-subscription-reads": "10961",
        "x-ms-request-id": "6e8a796e-91fa-4c4b-84b7-efa4b2c83291",
        "x-ms-routing-request-id": "SOUTHEASTASIA:20230628T153523Z:7848737f-ce83-4a20-b9c3-70f87e6efe42"
      },
      "ResponseBody": {
        "status": "InProgress"
      }
    },
    {
      "RequestUri": "https://management.azure.com/subscriptions/db1ab6f0-4769-4b27-930e-01e2ef9c123c/providers/Microsoft.Network/locations/westus/operations/b8ba10f3-5728-42e3-86cf-0299ad66115a?api-version=2023-02-01",
      "RequestMethod": "GET",
      "RequestHeaders": {
        "Authorization": "Sanitized",
        "traceparent": "00-6a1c4f32bc06ee96b5abd353fe1467e6-98245a9c94ad6489-00",
        "User-Agent": "azsdk-net-ResourceManager/1.6.0 (.NET 7.0.7; Microsoft Windows 10.0.22621)",
        "x-ms-client-request-id": "363a99da1625d7f02d8922344a0222d0",
        "x-ms-return-client-request-id": "true"
      },
      "RequestBody": null,
      "StatusCode": 200,
      "ResponseHeaders": {
        "Cache-Control": "no-cache",
        "Content-Length": "22",
        "Content-Type": "application/json; charset=utf-8",
        "Date": "Wed, 28 Jun 2023 15:35:24 GMT",
        "Expires": "-1",
        "Pragma": "no-cache",
        "Server": [
          "Microsoft-HTTPAPI/2.0",
          "Microsoft-HTTPAPI/2.0"
        ],
        "Strict-Transport-Security": "max-age=31536000; includeSubDomains",
        "X-Content-Type-Options": "nosniff",
        "x-ms-arm-service-request-id": "4ae9f696-1485-4044-b9ae-ea22f46ab0ff",
        "x-ms-client-request-id": "363a99da1625d7f02d8922344a0222d0",
        "x-ms-correlation-request-id": "5dd9ec87-24c7-4f87-b86b-8afcb045a4e8",
        "x-ms-ratelimit-remaining-subscription-reads": "10960",
        "x-ms-request-id": "3702178f-ed85-4b73-be43-ac27316ff5f9",
        "x-ms-routing-request-id": "SOUTHEASTASIA:20230628T153525Z:5dd9ec87-24c7-4f87-b86b-8afcb045a4e8"
      },
      "ResponseBody": {
        "status": "Succeeded"
      }
    },
    {
      "RequestUri": "https://management.azure.com/subscriptions/db1ab6f0-4769-4b27-930e-01e2ef9c123c/resourceGroups/csmrg6017/providers/Microsoft.Network/publicIPAddresses/azsmnet9781?api-version=2023-02-01",
      "RequestMethod": "GET",
      "RequestHeaders": {
        "Authorization": "Sanitized",
        "traceparent": "00-6a1c4f32bc06ee96b5abd353fe1467e6-866707d365705d94-00",
        "User-Agent": "azsdk-net-ResourceManager/1.6.0 (.NET 7.0.7; Microsoft Windows 10.0.22621)",
        "x-ms-client-request-id": "655b4814fc0ea19b32071e6d059a4a08",
        "x-ms-return-client-request-id": "true"
      },
      "RequestBody": null,
      "StatusCode": 200,
      "ResponseHeaders": {
        "Cache-Control": "no-cache",
        "Content-Length": "647",
        "Content-Type": "application/json; charset=utf-8",
        "Date": "Wed, 28 Jun 2023 15:35:25 GMT",
        "ETag": "W/\u002276e4379e-7a02-45d6-bada-3376e18bb638\u0022",
        "Expires": "-1",
        "Pragma": "no-cache",
        "Server": [
          "Microsoft-HTTPAPI/2.0",
          "Microsoft-HTTPAPI/2.0"
        ],
        "Strict-Transport-Security": "max-age=31536000; includeSubDomains",
        "X-Content-Type-Options": "nosniff",
        "x-ms-arm-service-request-id": "6be0c36c-4cfd-4cc6-a143-4442ca1b46c5",
        "x-ms-client-request-id": "655b4814fc0ea19b32071e6d059a4a08",
        "x-ms-correlation-request-id": "3ac61093-9a58-4f99-8940-f58fbfffa7d1",
        "x-ms-ratelimit-remaining-subscription-reads": "10959",
        "x-ms-request-id": "533379a9-4649-48f0-916d-78ff10374b3f",
        "x-ms-routing-request-id": "SOUTHEASTASIA:20230628T153526Z:3ac61093-9a58-4f99-8940-f58fbfffa7d1"
      },
      "ResponseBody": {
        "name": "azsmnet9781",
        "id": "/subscriptions/db1ab6f0-4769-4b27-930e-01e2ef9c123c/resourceGroups/csmrg6017/providers/Microsoft.Network/publicIPAddresses/azsmnet9781",
        "etag": "W/\u002276e4379e-7a02-45d6-bada-3376e18bb638\u0022",
        "location": "westus",
        "tags": {
          "key": "value"
        },
        "properties": {
          "provisioningState": "Succeeded",
          "resourceGuid": "a96deb5c-f92d-4c55-9416-9eb7bdd2e1cc",
          "publicIPAddressVersion": "IPv4",
          "publicIPAllocationMethod": "Dynamic",
          "idleTimeoutInMinutes": 4,
          "dnsSettings": {
            "domainNameLabel": "azsmnet4624",
            "fqdn": "azsmnet4624.westus.cloudapp.azure.com"
          },
          "ipTags": []
        },
        "type": "Microsoft.Network/publicIPAddresses",
        "sku": {
          "name": "Basic",
          "tier": "Regional"
        }
      }
    },
    {
      "RequestUri": "https://management.azure.com/subscriptions/db1ab6f0-4769-4b27-930e-01e2ef9c123c/resourceGroups/csmrg6017/providers/Microsoft.Network/publicIPAddresses/azsmnet9781?api-version=2023-02-01",
      "RequestMethod": "GET",
      "RequestHeaders": {
        "Accept": "application/json",
        "Authorization": "Sanitized",
        "traceparent": "00-5f758c0a8d46b944c3fd0e9157d9ccbb-39b34cd5e9f04801-00",
        "User-Agent": "azsdk-net-ResourceManager.Network/1.3.0-alpha.20230627.1 (.NET 7.0.7; Microsoft Windows 10.0.22621)",
        "x-ms-client-request-id": "00782df5bbabc3b57a993d4029e756f2",
        "x-ms-return-client-request-id": "true"
      },
      "RequestBody": null,
      "StatusCode": 200,
      "ResponseHeaders": {
        "Cache-Control": "no-cache",
        "Content-Length": "647",
        "Content-Type": "application/json; charset=utf-8",
        "Date": "Wed, 28 Jun 2023 15:35:25 GMT",
        "ETag": "W/\u002276e4379e-7a02-45d6-bada-3376e18bb638\u0022",
        "Expires": "-1",
        "Pragma": "no-cache",
        "Server": [
          "Microsoft-HTTPAPI/2.0",
          "Microsoft-HTTPAPI/2.0"
        ],
        "Strict-Transport-Security": "max-age=31536000; includeSubDomains",
        "X-Content-Type-Options": "nosniff",
        "x-ms-arm-service-request-id": "eb80c03e-ba02-444a-95fa-ab8779ea7883",
        "x-ms-client-request-id": "00782df5bbabc3b57a993d4029e756f2",
        "x-ms-correlation-request-id": "0f5e07a9-7d4c-44ca-a54d-91252524a09a",
        "x-ms-ratelimit-remaining-subscription-reads": "10958",
        "x-ms-request-id": "04b1a72c-da03-4df5-aa6c-fdb48c6d4a1c",
        "x-ms-routing-request-id": "SOUTHEASTASIA:20230628T153526Z:0f5e07a9-7d4c-44ca-a54d-91252524a09a"
      },
      "ResponseBody": {
        "name": "azsmnet9781",
        "id": "/subscriptions/db1ab6f0-4769-4b27-930e-01e2ef9c123c/resourceGroups/csmrg6017/providers/Microsoft.Network/publicIPAddresses/azsmnet9781",
        "etag": "W/\u002276e4379e-7a02-45d6-bada-3376e18bb638\u0022",
        "location": "westus",
        "tags": {
          "key": "value"
        },
        "properties": {
          "provisioningState": "Succeeded",
          "resourceGuid": "a96deb5c-f92d-4c55-9416-9eb7bdd2e1cc",
          "publicIPAddressVersion": "IPv4",
          "publicIPAllocationMethod": "Dynamic",
          "idleTimeoutInMinutes": 4,
          "dnsSettings": {
            "domainNameLabel": "azsmnet4624",
            "fqdn": "azsmnet4624.westus.cloudapp.azure.com"
          },
          "ipTags": []
        },
        "type": "Microsoft.Network/publicIPAddresses",
        "sku": {
          "name": "Basic",
          "tier": "Regional"
        }
      }
    },
    {
      "RequestUri": "https://management.azure.com/subscriptions/db1ab6f0-4769-4b27-930e-01e2ef9c123c/resourceGroups/csmrg6017/providers/Microsoft.Network/virtualNetworks/azsmnet9957?api-version=2023-02-01",
      "RequestMethod": "PUT",
      "RequestHeaders": {
        "Accept": "application/json",
        "Authorization": "Sanitized",
        "Content-Length": "220",
        "Content-Type": "application/json",
        "traceparent": "00-a24fdc571897a5885d5c95b41fe820aa-0aa40a04f557979e-00",
        "User-Agent": "azsdk-net-ResourceManager.Network/1.3.0-alpha.20230627.1 (.NET 7.0.7; Microsoft Windows 10.0.22621)",
        "x-ms-client-request-id": "f7ead8e8ddb498fd041df782d2923f19",
        "x-ms-return-client-request-id": "true"
      },
      "RequestBody": {
        "location": "westus",
        "properties": {
          "addressSpace": {
            "addressPrefixes": [
              "10.0.0.0/16"
            ]
          },
          "dhcpOptions": {
            "dnsServers": [
              "10.1.1.1",
              "10.1.2.4"
            ]
          },
          "subnets": [
            {
              "name": "azsmnet7173",
              "properties": {
                "addressPrefix": "10.0.0.0/24"
              }
            }
          ]
        }
      },
      "StatusCode": 201,
      "ResponseHeaders": {
        "azure-asyncnotification": "Enabled",
        "azure-asyncoperation": "https://management.azure.com/subscriptions/db1ab6f0-4769-4b27-930e-01e2ef9c123c/providers/Microsoft.Network/locations/westus/operations/195fcb26-4307-44de-81c4-e25c8b88b5b3?api-version=2023-02-01",
        "Cache-Control": "no-cache",
        "Content-Length": "1019",
        "Content-Type": "application/json; charset=utf-8",
        "Date": "Wed, 28 Jun 2023 15:35:28 GMT",
        "Expires": "-1",
        "Pragma": "no-cache",
        "Retry-After": "3",
        "Server": [
          "Microsoft-HTTPAPI/2.0",
          "Microsoft-HTTPAPI/2.0"
        ],
        "Strict-Transport-Security": "max-age=31536000; includeSubDomains",
        "X-Content-Type-Options": "nosniff",
        "x-ms-arm-service-request-id": "effc18a8-e39a-456c-9cc8-192587ebc865",
        "x-ms-client-request-id": "f7ead8e8ddb498fd041df782d2923f19",
        "x-ms-correlation-request-id": "c6ef812b-a458-49d4-88d1-00754cf376e2",
        "x-ms-ratelimit-remaining-subscription-writes": "930",
        "x-ms-request-id": "195fcb26-4307-44de-81c4-e25c8b88b5b3",
        "x-ms-routing-request-id": "SOUTHEASTASIA:20230628T153529Z:c6ef812b-a458-49d4-88d1-00754cf376e2"
      },
      "ResponseBody": {
        "name": "azsmnet9957",
        "id": "/subscriptions/db1ab6f0-4769-4b27-930e-01e2ef9c123c/resourceGroups/csmrg6017/providers/Microsoft.Network/virtualNetworks/azsmnet9957",
        "etag": "W/\u0022e27f11bb-ffec-4371-8c29-93667c11a0a5\u0022",
        "type": "Microsoft.Network/virtualNetworks",
        "location": "westus",
        "properties": {
          "provisioningState": "Updating",
          "resourceGuid": "7ca1e842-0b70-46b7-8476-45d2fc3ac4bf",
          "addressSpace": {
            "addressPrefixes": [
              "10.0.0.0/16"
            ]
          },
          "dhcpOptions": {
            "dnsServers": [
              "10.1.1.1",
              "10.1.2.4"
            ]
          },
          "subnets": [
            {
              "name": "azsmnet7173",
              "id": "/subscriptions/db1ab6f0-4769-4b27-930e-01e2ef9c123c/resourceGroups/csmrg6017/providers/Microsoft.Network/virtualNetworks/azsmnet9957/subnets/azsmnet7173",
              "etag": "W/\u0022e27f11bb-ffec-4371-8c29-93667c11a0a5\u0022",
              "properties": {
                "provisioningState": "Updating",
                "addressPrefix": "10.0.0.0/24",
                "delegations": [],
                "privateEndpointNetworkPolicies": "Disabled",
                "privateLinkServiceNetworkPolicies": "Enabled"
              },
              "type": "Microsoft.Network/virtualNetworks/subnets"
            }
          ],
          "virtualNetworkPeerings": [],
          "enableDdosProtection": false
        }
      }
    },
    {
      "RequestUri": "https://management.azure.com/subscriptions/db1ab6f0-4769-4b27-930e-01e2ef9c123c/providers/Microsoft.Network/locations/westus/operations/195fcb26-4307-44de-81c4-e25c8b88b5b3?api-version=2023-02-01",
      "RequestMethod": "GET",
      "RequestHeaders": {
        "Authorization": "Sanitized",
        "traceparent": "00-a24fdc571897a5885d5c95b41fe820aa-a9e5dd58524a51e8-00",
        "User-Agent": "azsdk-net-ResourceManager/1.6.0 (.NET 7.0.7; Microsoft Windows 10.0.22621)",
        "x-ms-client-request-id": "71b12abcfe1e9a780212b797cbf7c7aa",
        "x-ms-return-client-request-id": "true"
      },
      "RequestBody": null,
      "StatusCode": 200,
      "ResponseHeaders": {
        "Cache-Control": "no-cache",
        "Content-Length": "23",
        "Content-Type": "application/json; charset=utf-8",
        "Date": "Wed, 28 Jun 2023 15:35:28 GMT",
        "Expires": "-1",
        "Pragma": "no-cache",
        "Retry-After": "10",
        "Server": [
          "Microsoft-HTTPAPI/2.0",
          "Microsoft-HTTPAPI/2.0"
        ],
        "Strict-Transport-Security": "max-age=31536000; includeSubDomains",
        "X-Content-Type-Options": "nosniff",
        "x-ms-arm-service-request-id": "51c1cb33-8bf8-46a1-88d4-c2519fd76c72",
        "x-ms-client-request-id": "71b12abcfe1e9a780212b797cbf7c7aa",
        "x-ms-correlation-request-id": "70502142-b0fc-4513-bedd-db11f9a92908",
        "x-ms-ratelimit-remaining-subscription-reads": "10957",
        "x-ms-request-id": "48878607-0d0d-4907-8aca-5613ffdbe571",
        "x-ms-routing-request-id": "SOUTHEASTASIA:20230628T153529Z:70502142-b0fc-4513-bedd-db11f9a92908"
      },
      "ResponseBody": {
        "status": "InProgress"
      }
    },
    {
      "RequestUri": "https://management.azure.com/subscriptions/db1ab6f0-4769-4b27-930e-01e2ef9c123c/providers/Microsoft.Network/locations/westus/operations/195fcb26-4307-44de-81c4-e25c8b88b5b3?api-version=2023-02-01",
      "RequestMethod": "GET",
      "RequestHeaders": {
        "Authorization": "Sanitized",
        "traceparent": "00-a24fdc571897a5885d5c95b41fe820aa-6564fec9f4613f08-00",
        "User-Agent": "azsdk-net-ResourceManager/1.6.0 (.NET 7.0.7; Microsoft Windows 10.0.22621)",
        "x-ms-client-request-id": "38a90f008e6890b545510b401ea320b9",
        "x-ms-return-client-request-id": "true"
      },
      "RequestBody": null,
      "StatusCode": 200,
      "ResponseHeaders": {
        "Cache-Control": "no-cache",
        "Content-Length": "22",
        "Content-Type": "application/json; charset=utf-8",
        "Date": "Wed, 28 Jun 2023 15:35:39 GMT",
        "Expires": "-1",
        "Pragma": "no-cache",
        "Server": [
          "Microsoft-HTTPAPI/2.0",
          "Microsoft-HTTPAPI/2.0"
        ],
        "Strict-Transport-Security": "max-age=31536000; includeSubDomains",
        "X-Content-Type-Options": "nosniff",
        "x-ms-arm-service-request-id": "5fcc3de1-ef4a-4518-876e-149caf165e02",
        "x-ms-client-request-id": "38a90f008e6890b545510b401ea320b9",
        "x-ms-correlation-request-id": "1dde7e39-f332-4cf5-bb67-8b561986b282",
        "x-ms-ratelimit-remaining-subscription-reads": "10956",
        "x-ms-request-id": "1bef22c4-e0ba-47e2-a1e7-4b744a3565c9",
        "x-ms-routing-request-id": "SOUTHEASTASIA:20230628T153539Z:1dde7e39-f332-4cf5-bb67-8b561986b282"
      },
      "ResponseBody": {
        "status": "Succeeded"
      }
    },
    {
      "RequestUri": "https://management.azure.com/subscriptions/db1ab6f0-4769-4b27-930e-01e2ef9c123c/resourceGroups/csmrg6017/providers/Microsoft.Network/virtualNetworks/azsmnet9957?api-version=2023-02-01",
      "RequestMethod": "GET",
      "RequestHeaders": {
        "Authorization": "Sanitized",
        "traceparent": "00-a24fdc571897a5885d5c95b41fe820aa-d9ff9bbc89068767-00",
        "User-Agent": "azsdk-net-ResourceManager/1.6.0 (.NET 7.0.7; Microsoft Windows 10.0.22621)",
        "x-ms-client-request-id": "a7c5cc6bcee140fba5ef1f12a0faccf3",
        "x-ms-return-client-request-id": "true"
      },
      "RequestBody": null,
      "StatusCode": 200,
      "ResponseHeaders": {
        "Cache-Control": "no-cache",
        "Content-Length": "1021",
        "Content-Type": "application/json; charset=utf-8",
        "Date": "Wed, 28 Jun 2023 15:35:39 GMT",
        "ETag": "W/\u0022588919b5-5b9a-465f-9608-7cdf16c4172e\u0022",
        "Expires": "-1",
        "Pragma": "no-cache",
        "Server": [
          "Microsoft-HTTPAPI/2.0",
          "Microsoft-HTTPAPI/2.0"
        ],
        "Strict-Transport-Security": "max-age=31536000; includeSubDomains",
        "X-Content-Type-Options": "nosniff",
        "x-ms-arm-service-request-id": "5e02154d-f322-4da6-b600-1c600fd6a461",
        "x-ms-client-request-id": "a7c5cc6bcee140fba5ef1f12a0faccf3",
        "x-ms-correlation-request-id": "e4be42d0-ffc3-4d78-89a3-dd8b34e116dd",
        "x-ms-ratelimit-remaining-subscription-reads": "10955",
        "x-ms-request-id": "36df469d-9bbd-4ff7-bc61-469737b49592",
        "x-ms-routing-request-id": "SOUTHEASTASIA:20230628T153540Z:e4be42d0-ffc3-4d78-89a3-dd8b34e116dd"
      },
      "ResponseBody": {
        "name": "azsmnet9957",
        "id": "/subscriptions/db1ab6f0-4769-4b27-930e-01e2ef9c123c/resourceGroups/csmrg6017/providers/Microsoft.Network/virtualNetworks/azsmnet9957",
        "etag": "W/\u0022588919b5-5b9a-465f-9608-7cdf16c4172e\u0022",
        "type": "Microsoft.Network/virtualNetworks",
        "location": "westus",
        "properties": {
          "provisioningState": "Succeeded",
          "resourceGuid": "7ca1e842-0b70-46b7-8476-45d2fc3ac4bf",
          "addressSpace": {
            "addressPrefixes": [
              "10.0.0.0/16"
            ]
          },
          "dhcpOptions": {
            "dnsServers": [
              "10.1.1.1",
              "10.1.2.4"
            ]
          },
          "subnets": [
            {
              "name": "azsmnet7173",
              "id": "/subscriptions/db1ab6f0-4769-4b27-930e-01e2ef9c123c/resourceGroups/csmrg6017/providers/Microsoft.Network/virtualNetworks/azsmnet9957/subnets/azsmnet7173",
              "etag": "W/\u0022588919b5-5b9a-465f-9608-7cdf16c4172e\u0022",
              "properties": {
                "provisioningState": "Succeeded",
                "addressPrefix": "10.0.0.0/24",
                "delegations": [],
                "privateEndpointNetworkPolicies": "Disabled",
                "privateLinkServiceNetworkPolicies": "Enabled"
              },
              "type": "Microsoft.Network/virtualNetworks/subnets"
            }
          ],
          "virtualNetworkPeerings": [],
          "enableDdosProtection": false
        }
      }
    },
    {
      "RequestUri": "https://management.azure.com/subscriptions/db1ab6f0-4769-4b27-930e-01e2ef9c123c/resourceGroups/csmrg6017/providers/Microsoft.Network/virtualNetworks/azsmnet9957/subnets/azsmnet7173?api-version=2023-02-01",
      "RequestMethod": "GET",
      "RequestHeaders": {
        "Accept": "application/json",
        "Authorization": "Sanitized",
        "traceparent": "00-b2314843db469cac216bcee82057ec3c-6993f5a86f49b5f1-00",
        "User-Agent": "azsdk-net-ResourceManager.Network/1.3.0-alpha.20230627.1 (.NET 7.0.7; Microsoft Windows 10.0.22621)",
        "x-ms-client-request-id": "685915ad79a12dc375202bccf2377c5f",
        "x-ms-return-client-request-id": "true"
      },
      "RequestBody": null,
      "StatusCode": 200,
      "ResponseHeaders": {
        "Cache-Control": "no-cache",
        "Content-Length": "469",
        "Content-Type": "application/json; charset=utf-8",
        "Date": "Wed, 28 Jun 2023 15:35:40 GMT",
        "ETag": "W/\u0022588919b5-5b9a-465f-9608-7cdf16c4172e\u0022",
        "Expires": "-1",
        "Pragma": "no-cache",
        "Server": [
          "Microsoft-HTTPAPI/2.0",
          "Microsoft-HTTPAPI/2.0"
        ],
        "Strict-Transport-Security": "max-age=31536000; includeSubDomains",
        "X-Content-Type-Options": "nosniff",
        "x-ms-arm-service-request-id": "7dd23f27-4ea3-4359-8ca3-bbb26117fe65",
        "x-ms-client-request-id": "685915ad79a12dc375202bccf2377c5f",
        "x-ms-correlation-request-id": "018edd84-3313-4779-8a27-4b6e34e21053",
        "x-ms-ratelimit-remaining-subscription-reads": "10954",
        "x-ms-request-id": "3951c25d-1af2-4adf-bfa3-66fd2d619b09",
        "x-ms-routing-request-id": "SOUTHEASTASIA:20230628T153540Z:018edd84-3313-4779-8a27-4b6e34e21053"
      },
      "ResponseBody": {
        "name": "azsmnet7173",
        "id": "/subscriptions/db1ab6f0-4769-4b27-930e-01e2ef9c123c/resourceGroups/csmrg6017/providers/Microsoft.Network/virtualNetworks/azsmnet9957/subnets/azsmnet7173",
        "etag": "W/\u0022588919b5-5b9a-465f-9608-7cdf16c4172e\u0022",
        "properties": {
          "provisioningState": "Succeeded",
          "addressPrefix": "10.0.0.0/24",
          "delegations": [],
          "privateEndpointNetworkPolicies": "Disabled",
          "privateLinkServiceNetworkPolicies": "Enabled"
        },
        "type": "Microsoft.Network/virtualNetworks/subnets"
      }
    },
    {
      "RequestUri": "https://management.azure.com/subscriptions/db1ab6f0-4769-4b27-930e-01e2ef9c123c/resourceGroups/csmrg6017/providers/Microsoft.Network/networkInterfaces/azsmnet8046?api-version=2021-04-01",
      "RequestMethod": "PUT",
      "RequestHeaders": {
        "Accept": "application/json",
        "Authorization": "Sanitized",
        "Content-Length": "815",
        "Content-Type": "application/json",
        "traceparent": "00-edcd72bdb207f117bb9215ea4361172a-585689905b3fe6a4-00",
        "User-Agent": "azsdk-net-ResourceManager.Network/1.3.0-alpha.20230627.1 (.NET 7.0.7; Microsoft Windows 10.0.22621)",
        "x-ms-client-request-id": "c91f32ff14329268786fa3ef4a851793",
        "x-ms-return-client-request-id": "true"
      },
      "RequestBody": {
        "location": "westus",
        "tags": {
          "key": "value"
        },
        "properties": {
          "ipConfigurations": [
            {
              "name": "azsmnet7499",
              "properties": {
                "privateIPAllocationMethod": "Dynamic",
                "subnet": {
                  "id": "/subscriptions/db1ab6f0-4769-4b27-930e-01e2ef9c123c/resourceGroups/csmrg6017/providers/Microsoft.Network/virtualNetworks/azsmnet9957/subnets/azsmnet7173",
                  "properties": {}
                },
                "primary": true,
                "publicIPAddress": {
                  "id": "/subscriptions/db1ab6f0-4769-4b27-930e-01e2ef9c123c/resourceGroups/csmrg6017/providers/Microsoft.Network/publicIPAddresses/azsmnet9781",
                  "properties": {}
                }
              }
            },
            {
              "name": "azsmnet2745",
              "properties": {
                "privateIPAllocationMethod": "Dynamic",
                "subnet": {
                  "id": "/subscriptions/db1ab6f0-4769-4b27-930e-01e2ef9c123c/resourceGroups/csmrg6017/providers/Microsoft.Network/virtualNetworks/azsmnet9957/subnets/azsmnet7173",
                  "properties": {}
                },
                "primary": false
              }
            }
          ]
        }
      },
      "StatusCode": 201,
      "ResponseHeaders": {
        "azure-asyncnotification": "Enabled",
        "azure-asyncoperation": "https://management.azure.com/subscriptions/db1ab6f0-4769-4b27-930e-01e2ef9c123c/providers/Microsoft.Network/locations/westus/operations/5dd66600-8a9a-40ef-8669-e805df3e4d68?api-version=2021-04-01",
        "Cache-Control": "no-cache",
        "Content-Length": "2699",
        "Content-Type": "application/json; charset=utf-8",
        "Date": "Wed, 28 Jun 2023 15:35:42 GMT",
        "Expires": "-1",
        "Pragma": "no-cache",
        "Server": [
          "Microsoft-HTTPAPI/2.0",
          "Microsoft-HTTPAPI/2.0"
        ],
        "Strict-Transport-Security": "max-age=31536000; includeSubDomains",
        "X-Content-Type-Options": "nosniff",
        "x-ms-arm-service-request-id": "cf46b70e-3b9c-4738-b434-b5c8d0e717bd",
        "x-ms-client-request-id": "c91f32ff14329268786fa3ef4a851793",
        "x-ms-correlation-request-id": "56da3b1c-97e1-4fa3-94d8-9ca383e25c6d",
        "x-ms-ratelimit-remaining-subscription-writes": "929",
        "x-ms-request-id": "5dd66600-8a9a-40ef-8669-e805df3e4d68",
        "x-ms-routing-request-id": "SOUTHEASTASIA:20230628T153542Z:56da3b1c-97e1-4fa3-94d8-9ca383e25c6d"
      },
      "ResponseBody": {
        "name": "azsmnet8046",
        "id": "/subscriptions/db1ab6f0-4769-4b27-930e-01e2ef9c123c/resourceGroups/csmrg6017/providers/Microsoft.Network/networkInterfaces/azsmnet8046",
        "etag": "W/\u0022f8b782ce-6616-4989-998b-cf69ede77e60\u0022",
        "tags": {
          "key": "value"
        },
        "properties": {
          "provisioningState": "Succeeded",
          "resourceGuid": "9bef37dc-b143-4e4a-8501-b507b14646d4",
          "ipConfigurations": [
            {
              "name": "azsmnet7499",
              "id": "/subscriptions/db1ab6f0-4769-4b27-930e-01e2ef9c123c/resourceGroups/csmrg6017/providers/Microsoft.Network/networkInterfaces/azsmnet8046/ipConfigurations/azsmnet7499",
              "etag": "W/\u0022f8b782ce-6616-4989-998b-cf69ede77e60\u0022",
              "type": "Microsoft.Network/networkInterfaces/ipConfigurations",
              "properties": {
                "provisioningState": "Succeeded",
                "privateIPAddress": "10.0.0.4",
                "privateIPAllocationMethod": "Dynamic",
                "publicIPAddress": {
                  "id": "/subscriptions/db1ab6f0-4769-4b27-930e-01e2ef9c123c/resourceGroups/csmrg6017/providers/Microsoft.Network/publicIPAddresses/azsmnet9781"
                },
                "subnet": {
                  "id": "/subscriptions/db1ab6f0-4769-4b27-930e-01e2ef9c123c/resourceGroups/csmrg6017/providers/Microsoft.Network/virtualNetworks/azsmnet9957/subnets/azsmnet7173"
                },
                "primary": true,
                "privateIPAddressVersion": "IPv4"
              }
            },
            {
              "name": "azsmnet2745",
              "id": "/subscriptions/db1ab6f0-4769-4b27-930e-01e2ef9c123c/resourceGroups/csmrg6017/providers/Microsoft.Network/networkInterfaces/azsmnet8046/ipConfigurations/azsmnet2745",
              "etag": "W/\u0022f8b782ce-6616-4989-998b-cf69ede77e60\u0022",
              "type": "Microsoft.Network/networkInterfaces/ipConfigurations",
              "properties": {
                "provisioningState": "Succeeded",
                "privateIPAddress": "10.0.0.5",
                "privateIPAllocationMethod": "Dynamic",
                "subnet": {
                  "id": "/subscriptions/db1ab6f0-4769-4b27-930e-01e2ef9c123c/resourceGroups/csmrg6017/providers/Microsoft.Network/virtualNetworks/azsmnet9957/subnets/azsmnet7173"
                },
                "primary": false,
                "privateIPAddressVersion": "IPv4"
              }
            }
          ],
          "dnsSettings": {
            "dnsServers": [],
            "appliedDnsServers": [],
            "internalDomainNameSuffix": "ilukc5dqbo1unbdwixjpyowexh.dx.internal.cloudapp.net"
          },
          "vnetEncryptionSupported": false,
          "enableIPForwarding": false,
          "hostedWorkloads": [],
          "tapConfigurations": [],
          "nicType": "Standard"
        },
        "type": "Microsoft.Network/networkInterfaces",
        "location": "westus"
      }
    },
    {
      "RequestUri": "https://management.azure.com/subscriptions/db1ab6f0-4769-4b27-930e-01e2ef9c123c/providers/Microsoft.Network/locations/westus/operations/5dd66600-8a9a-40ef-8669-e805df3e4d68?api-version=2021-04-01",
      "RequestMethod": "GET",
      "RequestHeaders": {
        "Authorization": "Sanitized",
        "traceparent": "00-edcd72bdb207f117bb9215ea4361172a-a62aad6de167cc76-00",
        "User-Agent": "azsdk-net-ResourceManager/1.6.0 (.NET 7.0.7; Microsoft Windows 10.0.22621)",
        "x-ms-client-request-id": "c1cdcea24b8d532638e74bbed130e047",
        "x-ms-return-client-request-id": "true"
      },
      "RequestBody": null,
      "StatusCode": 200,
      "ResponseHeaders": {
        "Cache-Control": "no-cache",
        "Content-Length": "29",
        "Content-Type": "application/json; charset=utf-8",
        "Date": "Wed, 28 Jun 2023 15:35:42 GMT",
        "Expires": "-1",
        "Pragma": "no-cache",
        "Server": [
          "Microsoft-HTTPAPI/2.0",
          "Microsoft-HTTPAPI/2.0"
        ],
        "Strict-Transport-Security": "max-age=31536000; includeSubDomains",
        "X-Content-Type-Options": "nosniff",
        "x-ms-arm-service-request-id": "7fb6c7a3-403a-4b7f-bc7e-31e71a64255e",
        "x-ms-client-request-id": "c1cdcea24b8d532638e74bbed130e047",
        "x-ms-correlation-request-id": "3ebb68fc-79f7-419c-aee3-afba628311fc",
        "x-ms-ratelimit-remaining-subscription-reads": "10953",
        "x-ms-request-id": "e84c794c-f746-4fc2-82ad-8f962b417182",
        "x-ms-routing-request-id": "SOUTHEASTASIA:20230628T153543Z:3ebb68fc-79f7-419c-aee3-afba628311fc"
      },
      "ResponseBody": {
        "status": "Succeeded"
      }
    },
    {
      "RequestUri": "https://management.azure.com/subscriptions/db1ab6f0-4769-4b27-930e-01e2ef9c123c/resourceGroups/csmrg6017/providers/Microsoft.Network/networkInterfaces/azsmnet8046?api-version=2021-04-01",
      "RequestMethod": "GET",
      "RequestHeaders": {
        "Authorization": "Sanitized",
        "traceparent": "00-edcd72bdb207f117bb9215ea4361172a-bf95efb6d91545c8-00",
        "User-Agent": "azsdk-net-ResourceManager/1.6.0 (.NET 7.0.7; Microsoft Windows 10.0.22621)",
        "x-ms-client-request-id": "1572a4dae539f63a9bed0990e61b2404",
        "x-ms-return-client-request-id": "true"
      },
      "RequestBody": null,
      "StatusCode": 200,
      "ResponseHeaders": {
        "Cache-Control": "no-cache",
        "Content-Length": "2699",
        "Content-Type": "application/json; charset=utf-8",
        "Date": "Wed, 28 Jun 2023 15:35:43 GMT",
        "ETag": "W/\u0022f8b782ce-6616-4989-998b-cf69ede77e60\u0022",
        "Expires": "-1",
        "Pragma": "no-cache",
        "Server": [
          "Microsoft-HTTPAPI/2.0",
          "Microsoft-HTTPAPI/2.0"
        ],
        "Strict-Transport-Security": "max-age=31536000; includeSubDomains",
        "X-Content-Type-Options": "nosniff",
        "x-ms-arm-service-request-id": "8798665a-5188-4af9-aab0-d05ae2e2fb5c",
        "x-ms-client-request-id": "1572a4dae539f63a9bed0990e61b2404",
        "x-ms-correlation-request-id": "f41de4e2-6f79-40d4-809d-b7541e38c8bd",
        "x-ms-ratelimit-remaining-subscription-reads": "10952",
        "x-ms-request-id": "f25cf0cb-fd3e-42ad-aabc-477825ed5646",
        "x-ms-routing-request-id": "SOUTHEASTASIA:20230628T153543Z:f41de4e2-6f79-40d4-809d-b7541e38c8bd"
      },
      "ResponseBody": {
        "name": "azsmnet8046",
        "id": "/subscriptions/db1ab6f0-4769-4b27-930e-01e2ef9c123c/resourceGroups/csmrg6017/providers/Microsoft.Network/networkInterfaces/azsmnet8046",
        "etag": "W/\u0022f8b782ce-6616-4989-998b-cf69ede77e60\u0022",
        "tags": {
          "key": "value"
        },
        "properties": {
          "provisioningState": "Succeeded",
          "resourceGuid": "9bef37dc-b143-4e4a-8501-b507b14646d4",
          "ipConfigurations": [
            {
              "name": "azsmnet7499",
              "id": "/subscriptions/db1ab6f0-4769-4b27-930e-01e2ef9c123c/resourceGroups/csmrg6017/providers/Microsoft.Network/networkInterfaces/azsmnet8046/ipConfigurations/azsmnet7499",
              "etag": "W/\u0022f8b782ce-6616-4989-998b-cf69ede77e60\u0022",
              "type": "Microsoft.Network/networkInterfaces/ipConfigurations",
              "properties": {
                "provisioningState": "Succeeded",
                "privateIPAddress": "10.0.0.4",
                "privateIPAllocationMethod": "Dynamic",
                "publicIPAddress": {
                  "id": "/subscriptions/db1ab6f0-4769-4b27-930e-01e2ef9c123c/resourceGroups/csmrg6017/providers/Microsoft.Network/publicIPAddresses/azsmnet9781"
                },
                "subnet": {
                  "id": "/subscriptions/db1ab6f0-4769-4b27-930e-01e2ef9c123c/resourceGroups/csmrg6017/providers/Microsoft.Network/virtualNetworks/azsmnet9957/subnets/azsmnet7173"
                },
                "primary": true,
                "privateIPAddressVersion": "IPv4"
              }
            },
            {
              "name": "azsmnet2745",
              "id": "/subscriptions/db1ab6f0-4769-4b27-930e-01e2ef9c123c/resourceGroups/csmrg6017/providers/Microsoft.Network/networkInterfaces/azsmnet8046/ipConfigurations/azsmnet2745",
              "etag": "W/\u0022f8b782ce-6616-4989-998b-cf69ede77e60\u0022",
              "type": "Microsoft.Network/networkInterfaces/ipConfigurations",
              "properties": {
                "provisioningState": "Succeeded",
                "privateIPAddress": "10.0.0.5",
                "privateIPAllocationMethod": "Dynamic",
                "subnet": {
                  "id": "/subscriptions/db1ab6f0-4769-4b27-930e-01e2ef9c123c/resourceGroups/csmrg6017/providers/Microsoft.Network/virtualNetworks/azsmnet9957/subnets/azsmnet7173"
                },
                "primary": false,
                "privateIPAddressVersion": "IPv4"
              }
            }
          ],
          "dnsSettings": {
            "dnsServers": [],
            "appliedDnsServers": [],
            "internalDomainNameSuffix": "ilukc5dqbo1unbdwixjpyowexh.dx.internal.cloudapp.net"
          },
          "vnetEncryptionSupported": false,
          "enableIPForwarding": false,
          "hostedWorkloads": [],
          "tapConfigurations": [],
          "nicType": "Standard"
        },
        "type": "Microsoft.Network/networkInterfaces",
        "location": "westus"
      }
    },
    {
      "RequestUri": "https://management.azure.com/subscriptions/db1ab6f0-4769-4b27-930e-01e2ef9c123c/resourceGroups/csmrg6017/providers/Microsoft.Network/networkInterfaces/azsmnet8046?api-version=2021-04-01",
      "RequestMethod": "GET",
      "RequestHeaders": {
        "Accept": "application/json",
        "Authorization": "Sanitized",
        "traceparent": "00-afd36bd8dc129ba72997d140564c70a2-e4d96231f709880d-00",
        "User-Agent": "azsdk-net-ResourceManager.Network/1.3.0-alpha.20230627.1 (.NET 7.0.7; Microsoft Windows 10.0.22621)",
        "x-ms-client-request-id": "7c4d82ae56b7bd052264df0abdd8608f",
        "x-ms-return-client-request-id": "true"
      },
      "RequestBody": null,
      "StatusCode": 200,
      "ResponseHeaders": {
        "Cache-Control": "no-cache",
        "Content-Length": "2699",
        "Content-Type": "application/json; charset=utf-8",
        "Date": "Wed, 28 Jun 2023 15:35:43 GMT",
        "ETag": "W/\u0022f8b782ce-6616-4989-998b-cf69ede77e60\u0022",
        "Expires": "-1",
        "Pragma": "no-cache",
        "Server": [
          "Microsoft-HTTPAPI/2.0",
          "Microsoft-HTTPAPI/2.0"
        ],
        "Strict-Transport-Security": "max-age=31536000; includeSubDomains",
        "X-Content-Type-Options": "nosniff",
        "x-ms-arm-service-request-id": "a504a76d-54d7-4d4a-abbe-48b572b1552f",
        "x-ms-client-request-id": "7c4d82ae56b7bd052264df0abdd8608f",
        "x-ms-correlation-request-id": "10d2b713-c3a2-44e8-9906-8f2e7f13f68d",
        "x-ms-ratelimit-remaining-subscription-reads": "10951",
        "x-ms-request-id": "36eb7ef0-6dd8-4e44-855d-e90b585aa02e",
        "x-ms-routing-request-id": "SOUTHEASTASIA:20230628T153544Z:10d2b713-c3a2-44e8-9906-8f2e7f13f68d"
      },
      "ResponseBody": {
        "name": "azsmnet8046",
        "id": "/subscriptions/db1ab6f0-4769-4b27-930e-01e2ef9c123c/resourceGroups/csmrg6017/providers/Microsoft.Network/networkInterfaces/azsmnet8046",
        "etag": "W/\u0022f8b782ce-6616-4989-998b-cf69ede77e60\u0022",
        "tags": {
          "key": "value"
        },
        "properties": {
          "provisioningState": "Succeeded",
          "resourceGuid": "9bef37dc-b143-4e4a-8501-b507b14646d4",
          "ipConfigurations": [
            {
              "name": "azsmnet7499",
              "id": "/subscriptions/db1ab6f0-4769-4b27-930e-01e2ef9c123c/resourceGroups/csmrg6017/providers/Microsoft.Network/networkInterfaces/azsmnet8046/ipConfigurations/azsmnet7499",
              "etag": "W/\u0022f8b782ce-6616-4989-998b-cf69ede77e60\u0022",
              "type": "Microsoft.Network/networkInterfaces/ipConfigurations",
              "properties": {
                "provisioningState": "Succeeded",
                "privateIPAddress": "10.0.0.4",
                "privateIPAllocationMethod": "Dynamic",
                "publicIPAddress": {
                  "id": "/subscriptions/db1ab6f0-4769-4b27-930e-01e2ef9c123c/resourceGroups/csmrg6017/providers/Microsoft.Network/publicIPAddresses/azsmnet9781"
                },
                "subnet": {
                  "id": "/subscriptions/db1ab6f0-4769-4b27-930e-01e2ef9c123c/resourceGroups/csmrg6017/providers/Microsoft.Network/virtualNetworks/azsmnet9957/subnets/azsmnet7173"
                },
                "primary": true,
                "privateIPAddressVersion": "IPv4"
              }
            },
            {
              "name": "azsmnet2745",
              "id": "/subscriptions/db1ab6f0-4769-4b27-930e-01e2ef9c123c/resourceGroups/csmrg6017/providers/Microsoft.Network/networkInterfaces/azsmnet8046/ipConfigurations/azsmnet2745",
              "etag": "W/\u0022f8b782ce-6616-4989-998b-cf69ede77e60\u0022",
              "type": "Microsoft.Network/networkInterfaces/ipConfigurations",
              "properties": {
                "provisioningState": "Succeeded",
                "privateIPAddress": "10.0.0.5",
                "privateIPAllocationMethod": "Dynamic",
                "subnet": {
                  "id": "/subscriptions/db1ab6f0-4769-4b27-930e-01e2ef9c123c/resourceGroups/csmrg6017/providers/Microsoft.Network/virtualNetworks/azsmnet9957/subnets/azsmnet7173"
                },
                "primary": false,
                "privateIPAddressVersion": "IPv4"
              }
            }
          ],
          "dnsSettings": {
            "dnsServers": [],
            "appliedDnsServers": [],
            "internalDomainNameSuffix": "ilukc5dqbo1unbdwixjpyowexh.dx.internal.cloudapp.net"
          },
          "vnetEncryptionSupported": false,
          "enableIPForwarding": false,
          "hostedWorkloads": [],
          "tapConfigurations": [],
          "nicType": "Standard"
        },
        "type": "Microsoft.Network/networkInterfaces",
        "location": "westus"
      }
    },
    {
      "RequestUri": "https://management.azure.com/subscriptions/db1ab6f0-4769-4b27-930e-01e2ef9c123c/resourceGroups/csmrg6017/providers/Microsoft.Network/networkInterfaces?api-version=2021-04-01",
      "RequestMethod": "GET",
      "RequestHeaders": {
        "Accept": "application/json",
        "Authorization": "Sanitized",
        "User-Agent": "azsdk-net-ResourceManager.Network/1.3.0-alpha.20230627.1 (.NET 7.0.7; Microsoft Windows 10.0.22621)",
        "x-ms-client-request-id": "c973e6c1aa01bde694d626a042966d1d",
        "x-ms-return-client-request-id": "true"
      },
      "RequestBody": null,
      "StatusCode": 200,
      "ResponseHeaders": {
        "Cache-Control": "no-cache",
        "Content-Length": "2968",
        "Content-Type": "application/json; charset=utf-8",
        "Date": "Wed, 28 Jun 2023 15:35:44 GMT",
        "Expires": "-1",
        "Pragma": "no-cache",
        "Server": [
          "Microsoft-HTTPAPI/2.0",
          "Microsoft-HTTPAPI/2.0"
        ],
        "Strict-Transport-Security": "max-age=31536000; includeSubDomains",
        "X-Content-Type-Options": "nosniff",
        "x-ms-arm-service-request-id": "2c091c54-324e-477e-b9b5-e7c6765b351d",
        "x-ms-client-request-id": "c973e6c1aa01bde694d626a042966d1d",
        "x-ms-correlation-request-id": "f7f92b1a-813e-4c10-bd45-2e3df4715601",
        "x-ms-ratelimit-remaining-subscription-reads": "10950",
        "x-ms-request-id": "8e8ab757-0a07-4ff8-9b5f-b6ae8c1f509a",
        "x-ms-routing-request-id": "SOUTHEASTASIA:20230628T153544Z:f7f92b1a-813e-4c10-bd45-2e3df4715601"
      },
      "ResponseBody": {
        "value": [
          {
            "name": "azsmnet8046",
            "id": "/subscriptions/db1ab6f0-4769-4b27-930e-01e2ef9c123c/resourceGroups/csmrg6017/providers/Microsoft.Network/networkInterfaces/azsmnet8046",
            "etag": "W/\u0022f8b782ce-6616-4989-998b-cf69ede77e60\u0022",
            "tags": {
              "key": "value"
            },
            "properties": {
              "provisioningState": "Succeeded",
              "resourceGuid": "9bef37dc-b143-4e4a-8501-b507b14646d4",
              "ipConfigurations": [
                {
                  "name": "azsmnet7499",
                  "id": "/subscriptions/db1ab6f0-4769-4b27-930e-01e2ef9c123c/resourceGroups/csmrg6017/providers/Microsoft.Network/networkInterfaces/azsmnet8046/ipConfigurations/azsmnet7499",
                  "etag": "W/\u0022f8b782ce-6616-4989-998b-cf69ede77e60\u0022",
                  "type": "Microsoft.Network/networkInterfaces/ipConfigurations",
                  "properties": {
                    "provisioningState": "Succeeded",
                    "privateIPAddress": "10.0.0.4",
                    "privateIPAllocationMethod": "Dynamic",
                    "publicIPAddress": {
                      "id": "/subscriptions/db1ab6f0-4769-4b27-930e-01e2ef9c123c/resourceGroups/csmrg6017/providers/Microsoft.Network/publicIPAddresses/azsmnet9781"
                    },
                    "subnet": {
                      "id": "/subscriptions/db1ab6f0-4769-4b27-930e-01e2ef9c123c/resourceGroups/csmrg6017/providers/Microsoft.Network/virtualNetworks/azsmnet9957/subnets/azsmnet7173"
                    },
                    "primary": true,
                    "privateIPAddressVersion": "IPv4"
                  }
                },
                {
                  "name": "azsmnet2745",
                  "id": "/subscriptions/db1ab6f0-4769-4b27-930e-01e2ef9c123c/resourceGroups/csmrg6017/providers/Microsoft.Network/networkInterfaces/azsmnet8046/ipConfigurations/azsmnet2745",
                  "etag": "W/\u0022f8b782ce-6616-4989-998b-cf69ede77e60\u0022",
                  "type": "Microsoft.Network/networkInterfaces/ipConfigurations",
                  "properties": {
                    "provisioningState": "Succeeded",
                    "privateIPAddress": "10.0.0.5",
                    "privateIPAllocationMethod": "Dynamic",
                    "subnet": {
                      "id": "/subscriptions/db1ab6f0-4769-4b27-930e-01e2ef9c123c/resourceGroups/csmrg6017/providers/Microsoft.Network/virtualNetworks/azsmnet9957/subnets/azsmnet7173"
                    },
                    "primary": false,
                    "privateIPAddressVersion": "IPv4"
                  }
                }
              ],
              "dnsSettings": {
                "dnsServers": [],
                "appliedDnsServers": [],
                "internalDomainNameSuffix": "ilukc5dqbo1unbdwixjpyowexh.dx.internal.cloudapp.net"
              },
              "vnetEncryptionSupported": false,
              "enableIPForwarding": false,
              "hostedWorkloads": [],
              "tapConfigurations": [],
              "nicType": "Standard"
            },
            "type": "Microsoft.Network/networkInterfaces",
            "location": "westus"
          }
        ]
      }
    },
    {
      "RequestUri": "https://management.azure.com/subscriptions/db1ab6f0-4769-4b27-930e-01e2ef9c123c/providers/Microsoft.Network/networkInterfaces?api-version=2021-04-01",
      "RequestMethod": "GET",
      "RequestHeaders": {
        "Accept": "application/json",
        "Authorization": "Sanitized",
        "User-Agent": "azsdk-net-ResourceManager.Network/1.3.0-alpha.20230627.1 (.NET 7.0.7; Microsoft Windows 10.0.22621)",
        "x-ms-client-request-id": "4f0f46c264e384909fb4f3d5052f39c2",
        "x-ms-return-client-request-id": "true"
      },
      "RequestBody": null,
      "StatusCode": 200,
      "ResponseHeaders": {
        "Cache-Control": "no-cache",
        "Content-Length": "6052",
        "Content-Type": "application/json; charset=utf-8",
        "Date": "Wed, 28 Jun 2023 15:35:45 GMT",
        "Expires": "-1",
        "Pragma": "no-cache",
        "Strict-Transport-Security": "max-age=31536000; includeSubDomains",
        "X-Content-Type-Options": "nosniff",
        "x-ms-correlation-request-id": "734bf5d9-5e19-43fe-a9af-90e3c3f96260",
        "x-ms-original-request-ids": [
          "604e7f95-4e2f-4b8d-b298-0d593d0eed7d",
          "a627c37f-b78e-4783-a6b3-f4af7b968ab4",
          "15ad7856-3e9a-48ab-a581-eafdb95ae5cd"
        ],
        "x-ms-ratelimit-remaining-subscription-reads": "10949",
        "x-ms-request-id": "734bf5d9-5e19-43fe-a9af-90e3c3f96260",
        "x-ms-routing-request-id": "SOUTHEASTASIA:20230628T153545Z:734bf5d9-5e19-43fe-a9af-90e3c3f96260"
      },
      "ResponseBody": {
        "value": [
          {
            "name": "azsmnet8046",
            "id": "/subscriptions/db1ab6f0-4769-4b27-930e-01e2ef9c123c/resourceGroups/csmrg6017/providers/Microsoft.Network/networkInterfaces/azsmnet8046",
            "etag": "W/\u0022f8b782ce-6616-4989-998b-cf69ede77e60\u0022",
            "tags": {
              "key": "value"
            },
            "properties": {
              "provisioningState": "Succeeded",
              "resourceGuid": "9bef37dc-b143-4e4a-8501-b507b14646d4",
              "ipConfigurations": [
                {
                  "name": "azsmnet7499",
                  "id": "/subscriptions/db1ab6f0-4769-4b27-930e-01e2ef9c123c/resourceGroups/csmrg6017/providers/Microsoft.Network/networkInterfaces/azsmnet8046/ipConfigurations/azsmnet7499",
                  "etag": "W/\u0022f8b782ce-6616-4989-998b-cf69ede77e60\u0022",
                  "type": "Microsoft.Network/networkInterfaces/ipConfigurations",
                  "properties": {
                    "provisioningState": "Succeeded",
                    "privateIPAddress": "10.0.0.4",
                    "privateIPAllocationMethod": "Dynamic",
                    "publicIPAddress": {
                      "id": "/subscriptions/db1ab6f0-4769-4b27-930e-01e2ef9c123c/resourceGroups/csmrg6017/providers/Microsoft.Network/publicIPAddresses/azsmnet9781"
                    },
                    "subnet": {
                      "id": "/subscriptions/db1ab6f0-4769-4b27-930e-01e2ef9c123c/resourceGroups/csmrg6017/providers/Microsoft.Network/virtualNetworks/azsmnet9957/subnets/azsmnet7173"
                    },
                    "primary": true,
                    "privateIPAddressVersion": "IPv4"
                  }
                },
                {
                  "name": "azsmnet2745",
                  "id": "/subscriptions/db1ab6f0-4769-4b27-930e-01e2ef9c123c/resourceGroups/csmrg6017/providers/Microsoft.Network/networkInterfaces/azsmnet8046/ipConfigurations/azsmnet2745",
                  "etag": "W/\u0022f8b782ce-6616-4989-998b-cf69ede77e60\u0022",
                  "type": "Microsoft.Network/networkInterfaces/ipConfigurations",
                  "properties": {
                    "provisioningState": "Succeeded",
                    "privateIPAddress": "10.0.0.5",
                    "privateIPAllocationMethod": "Dynamic",
                    "subnet": {
                      "id": "/subscriptions/db1ab6f0-4769-4b27-930e-01e2ef9c123c/resourceGroups/csmrg6017/providers/Microsoft.Network/virtualNetworks/azsmnet9957/subnets/azsmnet7173"
                    },
                    "primary": false,
                    "privateIPAddressVersion": "IPv4"
                  }
                }
              ],
              "dnsSettings": {
                "dnsServers": [],
                "appliedDnsServers": [],
                "internalDomainNameSuffix": "ilukc5dqbo1unbdwixjpyowexh.dx.internal.cloudapp.net"
              },
              "vnetEncryptionSupported": false,
              "enableIPForwarding": false,
              "hostedWorkloads": [],
              "tapConfigurations": [],
              "nicType": "Standard"
            },
            "type": "Microsoft.Network/networkInterfaces",
            "location": "westus"
          },
          {
            "name": "anf-vnet-1199-nic-IZRD23",
            "id": "/subscriptions/db1ab6f0-4769-4b27-930e-01e2ef9c123c/resourceGroups/testNetAppDotNetSDKRG-6481-remote3540/providers/Microsoft.Network/networkInterfaces/anf-vnet-1199-nic-IZRD23",
            "etag": "W/\u00228b98424b-1e49-40d4-acae-5b13712aecc9\u0022",
            "properties": {
              "provisioningState": "Succeeded",
              "resourceGuid": "221a9e05-68ed-48d5-8880-9d8b56850ee1",
              "ipConfigurations": [
                {
                  "name": "ipconfig1",
                  "id": "/subscriptions/db1ab6f0-4769-4b27-930e-01e2ef9c123c/resourceGroups/testNetAppDotNetSDKRG-6481-remote3540/providers/Microsoft.Network/networkInterfaces/anf-vnet-1199-nic-IZRD23/ipConfigurations/ipconfig1",
                  "etag": "W/\u00228b98424b-1e49-40d4-acae-5b13712aecc9\u0022",
                  "type": "Microsoft.Network/networkInterfaces/ipConfigurations",
                  "properties": {
                    "provisioningState": "Succeeded",
                    "privateIPAddress": "10.0.1.4",
                    "privateIPAllocationMethod": "Dynamic",
                    "subnet": {
                      "id": "/subscriptions/db1ab6f0-4769-4b27-930e-01e2ef9c123c/resourceGroups/testNetAppDotNetSDKRG-6481-remote3540/providers/Microsoft.Network/virtualNetworks/vnet-1199/subnets/default"
                    },
                    "primary": true,
                    "privateIPAddressVersion": "IPv4"
                  }
                }
              ],
              "dnsSettings": {
                "dnsServers": [],
                "appliedDnsServers": [],
                "internalDomainNameSuffix": "a5acgemjljbe3gas2cqcqxgopa.bx.internal.cloudapp.net"
              },
              "macAddress": "",
              "enableAcceleratedNetworking": false,
              "vnetEncryptionSupported": false,
              "enableIPForwarding": false,
              "linkedResourceType": "Microsoft.Netapp/volumes",
              "primary": true,
              "bareMetalServer": {
                "id": "/subscriptions/db1ab6f0-4769-4b27-930e-01e2ef9c123c/resourceGroups/testNetAppDotNetSDKRG-6481-remote3540/providers/Microsoft.Network/bareMetalServers/baremetalTenant_svm_e79307e363604b0b9f3185974f98edce_3e1940a0"
              },
              "hostedWorkloads": [
                "/subscriptions/db1ab6f0-4769-4b27-930e-01e2ef9c123c/resourceGroups/testNetAppDotNetSDKRG-6481-remote3540/providers/Microsoft.NetApp/netAppAccounts/account1200-remote/capacityPools/pool1/volumes/volumeName-1883"
              ],
              "tapConfigurations": [],
              "nicType": "Standard"
            },
            "type": "Microsoft.Network/networkInterfaces",
            "location": "eastus"
          },
          {
            "name": "anf-vnet-5947-nic-U3OJPR",
            "id": "/subscriptions/db1ab6f0-4769-4b27-930e-01e2ef9c123c/resourceGroups/testNetAppDotNetSDKRG-6481/providers/Microsoft.Network/networkInterfaces/anf-vnet-5947-nic-U3OJPR",
            "etag": "W/\u00222d33da72-4973-4965-adc4-214a76ed3b15\u0022",
            "properties": {
              "provisioningState": "Succeeded",
              "resourceGuid": "74dd737a-c8e6-43f4-8367-41ee562d6c3b",
              "ipConfigurations": [
                {
                  "name": "ipconfig1",
                  "id": "/subscriptions/db1ab6f0-4769-4b27-930e-01e2ef9c123c/resourceGroups/testNetAppDotNetSDKRG-6481/providers/Microsoft.Network/networkInterfaces/anf-vnet-5947-nic-U3OJPR/ipConfigurations/ipconfig1",
                  "etag": "W/\u00222d33da72-4973-4965-adc4-214a76ed3b15\u0022",
                  "type": "Microsoft.Network/networkInterfaces/ipConfigurations",
                  "properties": {
                    "provisioningState": "Succeeded",
                    "privateIPAddress": "10.0.1.4",
                    "privateIPAllocationMethod": "Dynamic",
                    "subnet": {
                      "id": "/subscriptions/db1ab6f0-4769-4b27-930e-01e2ef9c123c/resourceGroups/testNetAppDotNetSDKRG-6481/providers/Microsoft.Network/virtualNetworks/vnet-5947/subnets/default"
                    },
                    "primary": true,
                    "privateIPAddressVersion": "IPv4"
                  }
                }
              ],
              "dnsSettings": {
                "dnsServers": [],
                "appliedDnsServers": [],
                "internalDomainNameSuffix": "lfhia5h0swhulh451sv4vdvmnh.xx.internal.cloudapp.net"
              },
              "macAddress": "",
              "enableAcceleratedNetworking": false,
              "vnetEncryptionSupported": false,
              "enableIPForwarding": false,
              "linkedResourceType": "Microsoft.Netapp/volumes",
              "primary": true,
              "bareMetalServer": {
                "id": "/subscriptions/db1ab6f0-4769-4b27-930e-01e2ef9c123c/resourceGroups/testNetAppDotNetSDKRG-6481/providers/Microsoft.Network/bareMetalServers/baremetalTenant_svm_5c0fa1eac94c11ed8b73f2b6939a5d08_a117bec8"
              },
              "hostedWorkloads": [
                "/subscriptions/db1ab6f0-4769-4b27-930e-01e2ef9c123c/resourceGroups/testNetAppDotNetSDKRG-6481/providers/Microsoft.NetApp/netAppAccounts/account1200/capacityPools/pool1/volumes/volumeName-2056"
              ],
              "tapConfigurations": [],
              "nicType": "Standard"
            },
            "type": "Microsoft.Network/networkInterfaces",
            "location": "westus2"
          }
        ]
      }
    },
    {
      "RequestUri": "https://management.azure.com/subscriptions/db1ab6f0-4769-4b27-930e-01e2ef9c123c/resourceGroups/csmrg6017/providers/Microsoft.Network/networkInterfaces/azsmnet8046?api-version=2021-04-01",
      "RequestMethod": "DELETE",
      "RequestHeaders": {
        "Accept": "application/json",
        "Authorization": "Sanitized",
        "traceparent": "00-1b87ebe5ae8d88fb9275c00fe3adb00d-10d00b35269fb3d1-00",
        "User-Agent": "azsdk-net-ResourceManager.Network/1.3.0-alpha.20230627.1 (.NET 7.0.7; Microsoft Windows 10.0.22621)",
        "x-ms-client-request-id": "ffce798c5aa704039b8fe7e030657a8b",
        "x-ms-return-client-request-id": "true"
      },
      "RequestBody": null,
      "StatusCode": 200,
      "ResponseHeaders": {
        "azure-asyncnotification": "Enabled",
        "azure-asyncoperation": "https://management.azure.com/subscriptions/db1ab6f0-4769-4b27-930e-01e2ef9c123c/providers/Microsoft.Network/locations/westus/operations/457e547c-741a-481b-b4cb-2893b6971ef9?api-version=2021-04-01",
        "Cache-Control": "no-cache",
        "Content-Length": "0",
        "Date": "Wed, 28 Jun 2023 15:35:48 GMT",
        "Expires": "-1",
        "Location": "https://management.azure.com/subscriptions/db1ab6f0-4769-4b27-930e-01e2ef9c123c/providers/Microsoft.Network/locations/westus/operationResults/457e547c-741a-481b-b4cb-2893b6971ef9?api-version=2021-04-01",
        "Pragma": "no-cache",
        "Retry-After": "4",
        "Server": [
          "Microsoft-HTTPAPI/2.0",
          "Microsoft-HTTPAPI/2.0"
        ],
        "Strict-Transport-Security": "max-age=31536000; includeSubDomains",
        "X-Content-Type-Options": "nosniff",
        "x-ms-arm-service-request-id": "4fda85fa-98f4-4bd0-8704-607f78b6becf",
        "x-ms-client-request-id": "ffce798c5aa704039b8fe7e030657a8b",
        "x-ms-correlation-request-id": "aaae0bca-d356-4235-8995-5f37ad857f5b",
        "x-ms-ratelimit-remaining-subscription-deletes": "14869",
        "x-ms-request-id": "457e547c-741a-481b-b4cb-2893b6971ef9",
        "x-ms-routing-request-id": "SOUTHEASTASIA:20230628T153549Z:aaae0bca-d356-4235-8995-5f37ad857f5b"
      },
      "ResponseBody": null
    },
    {
      "RequestUri": "https://management.azure.com/subscriptions/db1ab6f0-4769-4b27-930e-01e2ef9c123c/providers/Microsoft.Network/locations/westus/operations/457e547c-741a-481b-b4cb-2893b6971ef9?api-version=2021-04-01",
      "RequestMethod": "GET",
      "RequestHeaders": {
        "Authorization": "Sanitized",
        "traceparent": "00-1b87ebe5ae8d88fb9275c00fe3adb00d-d2bb9b2d157b26f5-00",
        "User-Agent": "azsdk-net-ResourceManager/1.6.0 (.NET 7.0.7; Microsoft Windows 10.0.22621)",
        "x-ms-client-request-id": "c813639c6dc76775430bb4547daf5339",
        "x-ms-return-client-request-id": "true"
      },
      "RequestBody": null,
      "StatusCode": 200,
      "ResponseHeaders": {
        "Cache-Control": "no-cache",
        "Content-Length": "29",
        "Content-Type": "application/json; charset=utf-8",
        "Date": "Wed, 28 Jun 2023 15:35:49 GMT",
        "Expires": "-1",
        "Pragma": "no-cache",
        "Server": [
          "Microsoft-HTTPAPI/2.0",
          "Microsoft-HTTPAPI/2.0"
        ],
        "Strict-Transport-Security": "max-age=31536000; includeSubDomains",
        "X-Content-Type-Options": "nosniff",
        "x-ms-arm-service-request-id": "27bdd46d-ba8f-46fe-9ac3-23fd5c3e8e70",
        "x-ms-client-request-id": "c813639c6dc76775430bb4547daf5339",
        "x-ms-correlation-request-id": "ca2f9a89-f033-4d41-b402-1a8f56558f68",
        "x-ms-ratelimit-remaining-subscription-reads": "10948",
        "x-ms-request-id": "ec7ddde8-4da3-449f-9314-ca656a93ddd6",
        "x-ms-routing-request-id": "SOUTHEASTASIA:20230628T153549Z:ca2f9a89-f033-4d41-b402-1a8f56558f68"
      },
      "ResponseBody": {
        "status": "Succeeded"
      }
    },
    {
      "RequestUri": "https://management.azure.com/subscriptions/db1ab6f0-4769-4b27-930e-01e2ef9c123c/resourceGroups/csmrg6017/providers/Microsoft.Network/networkInterfaces?api-version=2021-04-01",
      "RequestMethod": "GET",
      "RequestHeaders": {
        "Accept": "application/json",
        "Authorization": "Sanitized",
        "User-Agent": "azsdk-net-ResourceManager.Network/1.3.0-alpha.20230627.1 (.NET 7.0.7; Microsoft Windows 10.0.22621)",
        "x-ms-client-request-id": "42df6739c3e67cface72a9b830b74d8a",
        "x-ms-return-client-request-id": "true"
      },
      "RequestBody": null,
      "StatusCode": 200,
      "ResponseHeaders": {
        "Cache-Control": "no-cache",
        "Content-Length": "12",
        "Content-Type": "application/json; charset=utf-8",
        "Date": "Wed, 28 Jun 2023 15:35:49 GMT",
        "Expires": "-1",
        "Pragma": "no-cache",
        "Strict-Transport-Security": "max-age=31536000; includeSubDomains",
        "X-Content-Type-Options": "nosniff",
        "x-ms-correlation-request-id": "62b05c85-9c5c-4b99-959e-3541c114804c",
        "x-ms-ratelimit-remaining-subscription-reads": "10947",
        "x-ms-request-id": "62b05c85-9c5c-4b99-959e-3541c114804c",
        "x-ms-routing-request-id": "SOUTHEASTASIA:20230628T153550Z:62b05c85-9c5c-4b99-959e-3541c114804c"
      },
      "ResponseBody": {
        "value": []
      }
    },
    {
      "RequestUri": "https://management.azure.com/subscriptions/db1ab6f0-4769-4b27-930e-01e2ef9c123c/resourceGroups/csmrg6017/providers/Microsoft.Network/publicIPAddresses/azsmnet9781?api-version=2023-02-01",
      "RequestMethod": "DELETE",
      "RequestHeaders": {
        "Accept": "application/json",
        "Authorization": "Sanitized",
        "traceparent": "00-2139555868da4b330155be996cf31f18-26da4b290125788c-00",
        "User-Agent": "azsdk-net-ResourceManager.Network/1.3.0-alpha.20230627.1 (.NET 7.0.7; Microsoft Windows 10.0.22621)",
        "x-ms-client-request-id": "cc4382d7b25188c44de033bd5c56dfa6",
        "x-ms-return-client-request-id": "true"
      },
      "RequestBody": null,
      "StatusCode": 202,
      "ResponseHeaders": {
        "azure-asyncnotification": "Enabled",
        "azure-asyncoperation": "https://management.azure.com/subscriptions/db1ab6f0-4769-4b27-930e-01e2ef9c123c/providers/Microsoft.Network/locations/westus/operations/53210aeb-07c2-4e62-91de-951d8d560938?api-version=2023-02-01",
        "Cache-Control": "no-cache",
        "Content-Length": "0",
        "Date": "Wed, 28 Jun 2023 15:35:50 GMT",
        "Expires": "-1",
        "Location": "https://management.azure.com/subscriptions/db1ab6f0-4769-4b27-930e-01e2ef9c123c/providers/Microsoft.Network/locations/westus/operationResults/53210aeb-07c2-4e62-91de-951d8d560938?api-version=2023-02-01",
        "Pragma": "no-cache",
        "Retry-After": "10",
        "Server": [
          "Microsoft-HTTPAPI/2.0",
          "Microsoft-HTTPAPI/2.0"
        ],
        "Strict-Transport-Security": "max-age=31536000; includeSubDomains",
        "X-Content-Type-Options": "nosniff",
        "x-ms-arm-service-request-id": "497b23fe-a938-4331-b40e-8d9d7a20d041",
        "x-ms-client-request-id": "cc4382d7b25188c44de033bd5c56dfa6",
        "x-ms-correlation-request-id": "41c2667f-65f3-40d9-9962-70b056f378ef",
        "x-ms-ratelimit-remaining-subscription-deletes": "14868",
        "x-ms-request-id": "53210aeb-07c2-4e62-91de-951d8d560938",
        "x-ms-routing-request-id": "SOUTHEASTASIA:20230628T153550Z:41c2667f-65f3-40d9-9962-70b056f378ef"
      },
      "ResponseBody": null
    },
    {
      "RequestUri": "https://management.azure.com/subscriptions/db1ab6f0-4769-4b27-930e-01e2ef9c123c/providers/Microsoft.Network/locations/westus/operations/53210aeb-07c2-4e62-91de-951d8d560938?api-version=2023-02-01",
      "RequestMethod": "GET",
      "RequestHeaders": {
        "Authorization": "Sanitized",
        "traceparent": "00-2139555868da4b330155be996cf31f18-de3288ec6ab6fce5-00",
        "User-Agent": "azsdk-net-ResourceManager/1.6.0 (.NET 7.0.7; Microsoft Windows 10.0.22621)",
        "x-ms-client-request-id": "fa7c2abe866b87e8a356f5068f3c1f77",
        "x-ms-return-client-request-id": "true"
      },
      "RequestBody": null,
      "StatusCode": 200,
      "ResponseHeaders": {
        "Cache-Control": "no-cache",
        "Content-Length": "23",
        "Content-Type": "application/json; charset=utf-8",
        "Date": "Wed, 28 Jun 2023 15:35:50 GMT",
        "Expires": "-1",
        "Pragma": "no-cache",
        "Retry-After": "10",
        "Server": [
          "Microsoft-HTTPAPI/2.0",
          "Microsoft-HTTPAPI/2.0"
        ],
        "Strict-Transport-Security": "max-age=31536000; includeSubDomains",
        "X-Content-Type-Options": "nosniff",
        "x-ms-arm-service-request-id": "2fadc6c6-0e32-43dc-a2c5-3fe3df6f923c",
        "x-ms-client-request-id": "fa7c2abe866b87e8a356f5068f3c1f77",
        "x-ms-correlation-request-id": "10bb537d-4f7b-4a7d-b746-112c1004fe5f",
        "x-ms-ratelimit-remaining-subscription-reads": "10946",
        "x-ms-request-id": "cd8f91fb-0cc1-4304-9250-b7c457d86a8c",
        "x-ms-routing-request-id": "SOUTHEASTASIA:20230628T153551Z:10bb537d-4f7b-4a7d-b746-112c1004fe5f"
      },
      "ResponseBody": {
        "status": "InProgress"
      }
    },
    {
      "RequestUri": "https://management.azure.com/subscriptions/db1ab6f0-4769-4b27-930e-01e2ef9c123c/providers/Microsoft.Network/locations/westus/operations/53210aeb-07c2-4e62-91de-951d8d560938?api-version=2023-02-01",
      "RequestMethod": "GET",
      "RequestHeaders": {
        "Authorization": "Sanitized",
        "traceparent": "00-2139555868da4b330155be996cf31f18-cfaf0051efb9d8eb-00",
        "User-Agent": "azsdk-net-ResourceManager/1.6.0 (.NET 7.0.7; Microsoft Windows 10.0.22621)",
        "x-ms-client-request-id": "3f1d0292fda46158046a63bab76ec490",
        "x-ms-return-client-request-id": "true"
      },
      "RequestBody": null,
      "StatusCode": 200,
      "ResponseHeaders": {
        "Cache-Control": "no-cache",
        "Content-Length": "22",
        "Content-Type": "application/json; charset=utf-8",
        "Date": "Wed, 28 Jun 2023 15:36:01 GMT",
        "Expires": "-1",
        "Pragma": "no-cache",
        "Server": [
          "Microsoft-HTTPAPI/2.0",
          "Microsoft-HTTPAPI/2.0"
        ],
        "Strict-Transport-Security": "max-age=31536000; includeSubDomains",
        "X-Content-Type-Options": "nosniff",
        "x-ms-arm-service-request-id": "8911f718-fd68-4538-83cf-b66e02e60cd7",
        "x-ms-client-request-id": "3f1d0292fda46158046a63bab76ec490",
        "x-ms-correlation-request-id": "79dfd644-a438-492a-aae6-12af5e19fb15",
        "x-ms-ratelimit-remaining-subscription-reads": "10945",
        "x-ms-request-id": "69046a36-043f-4c94-b00b-a72d8a9231d7",
        "x-ms-routing-request-id": "SOUTHEASTASIA:20230628T153601Z:79dfd644-a438-492a-aae6-12af5e19fb15"
      },
      "ResponseBody": {
        "status": "Succeeded"
      }
    },
    {
      "RequestUri": "https://management.azure.com/subscriptions/db1ab6f0-4769-4b27-930e-01e2ef9c123c/resourceGroups/csmrg6017/providers/Microsoft.Network/virtualNetworks/azsmnet9957?api-version=2023-02-01",
      "RequestMethod": "DELETE",
      "RequestHeaders": {
        "Accept": "application/json",
        "Authorization": "Sanitized",
        "traceparent": "00-7ddbb4b1768740ed20b91f1e3da66aa1-178e9ccdac5cfd90-00",
        "User-Agent": "azsdk-net-ResourceManager.Network/1.3.0-alpha.20230627.1 (.NET 7.0.7; Microsoft Windows 10.0.22621)",
        "x-ms-client-request-id": "32fea7a8e4da143b088aabdb7f774a2c",
        "x-ms-return-client-request-id": "true"
      },
      "RequestBody": null,
      "StatusCode": 202,
      "ResponseHeaders": {
        "azure-asyncnotification": "Enabled",
        "azure-asyncoperation": "https://management.azure.com/subscriptions/db1ab6f0-4769-4b27-930e-01e2ef9c123c/providers/Microsoft.Network/locations/westus/operations/6306ff08-abe4-41b3-8ab4-c1373780b61c?api-version=2023-02-01",
        "Cache-Control": "no-cache",
        "Content-Length": "0",
        "Date": "Wed, 28 Jun 2023 15:36:01 GMT",
        "Expires": "-1",
        "Location": "https://management.azure.com/subscriptions/db1ab6f0-4769-4b27-930e-01e2ef9c123c/providers/Microsoft.Network/locations/westus/operationResults/6306ff08-abe4-41b3-8ab4-c1373780b61c?api-version=2023-02-01",
        "Pragma": "no-cache",
        "Retry-After": "10",
        "Server": [
          "Microsoft-HTTPAPI/2.0",
          "Microsoft-HTTPAPI/2.0"
        ],
        "Strict-Transport-Security": "max-age=31536000; includeSubDomains",
        "X-Content-Type-Options": "nosniff",
        "x-ms-arm-service-request-id": "18f799ad-2516-47bf-b2c0-e5645b6451ec",
        "x-ms-client-request-id": "32fea7a8e4da143b088aabdb7f774a2c",
        "x-ms-correlation-request-id": "9046b418-5b0b-4c1c-8a9c-e4694e880f0f",
        "x-ms-ratelimit-remaining-subscription-deletes": "14867",
        "x-ms-request-id": "6306ff08-abe4-41b3-8ab4-c1373780b61c",
        "x-ms-routing-request-id": "SOUTHEASTASIA:20230628T153602Z:9046b418-5b0b-4c1c-8a9c-e4694e880f0f"
      },
      "ResponseBody": null
    },
    {
      "RequestUri": "https://management.azure.com/subscriptions/db1ab6f0-4769-4b27-930e-01e2ef9c123c/providers/Microsoft.Network/locations/westus/operations/6306ff08-abe4-41b3-8ab4-c1373780b61c?api-version=2023-02-01",
      "RequestMethod": "GET",
      "RequestHeaders": {
        "Authorization": "Sanitized",
        "traceparent": "00-7ddbb4b1768740ed20b91f1e3da66aa1-f50a7a4f6c00909d-00",
        "User-Agent": "azsdk-net-ResourceManager/1.6.0 (.NET 7.0.7; Microsoft Windows 10.0.22621)",
        "x-ms-client-request-id": "e75d6591ed3eae9dc708371a527ce28c",
        "x-ms-return-client-request-id": "true"
      },
      "RequestBody": null,
      "StatusCode": 200,
      "ResponseHeaders": {
        "Cache-Control": "no-cache",
        "Content-Length": "22",
        "Content-Type": "application/json; charset=utf-8",
        "Date": "Wed, 28 Jun 2023 15:36:02 GMT",
        "Expires": "-1",
        "Pragma": "no-cache",
        "Server": [
          "Microsoft-HTTPAPI/2.0",
          "Microsoft-HTTPAPI/2.0"
        ],
        "Strict-Transport-Security": "max-age=31536000; includeSubDomains",
        "X-Content-Type-Options": "nosniff",
        "x-ms-arm-service-request-id": "63108969-3ee1-4a81-8c65-23ce6b1c8d5e",
        "x-ms-client-request-id": "e75d6591ed3eae9dc708371a527ce28c",
        "x-ms-correlation-request-id": "5f2608b7-4c73-481e-bad9-48a604b773a1",
        "x-ms-ratelimit-remaining-subscription-reads": "10944",
        "x-ms-request-id": "672b6a26-1ba5-4b8c-a226-f82aabd93cc5",
        "x-ms-routing-request-id": "SOUTHEASTASIA:20230628T153602Z:5f2608b7-4c73-481e-bad9-48a604b773a1"
      },
      "ResponseBody": {
        "status": "Succeeded"
      }
    }
  ],
  "Variables": {
    "AZURE_AUTHORITY_HOST": "https://login.microsoftonline.com",
    "LOCATION": "westus",
    "RandomSeed": "1239124467",
    "RESOURCE_MANAGER_URL": null,
    "SUBSCRIPTION_ID": "db1ab6f0-4769-4b27-930e-01e2ef9c123c"
  }
}
