{
  "Entries": [
    {
      "RequestUri": "https://management.azure.com/subscriptions/db1ab6f0-4769-4b27-930e-01e2ef9c123c?api-version=2019-11-01",
      "RequestMethod": "GET",
      "RequestHeaders": {
        "Accept": "application/json",
        "Authorization": "Sanitized",
        "User-Agent": "azsdk-net-ResourceManager/1.0.0-beta.4 (.NET Framework 4.8.4420.0; Microsoft Windows 10.0.22000 )",
        "x-ms-client-request-id": "d45f5e1c454918d2e062137500f5fbcf",
        "x-ms-return-client-request-id": "true"
      },
      "RequestBody": null,
      "StatusCode": 200,
      "ResponseHeaders": {
        "Cache-Control": "no-cache",
        "Content-Length": "468",
        "Content-Type": "application/json; charset=utf-8",
        "Date": "Sat, 16 Oct 2021 15:37:31 GMT",
        "Expires": "-1",
        "Pragma": "no-cache",
        "Strict-Transport-Security": "max-age=31536000; includeSubDomains",
        "X-Content-Type-Options": "nosniff",
        "x-ms-correlation-request-id": "b3c28ee4-bba7-4bbb-8d01-351ec65a82ba",
        "x-ms-ratelimit-remaining-subscription-reads": "11743",
        "x-ms-request-id": "b3c28ee4-bba7-4bbb-8d01-351ec65a82ba",
        "x-ms-routing-request-id": "KOREASOUTH:20211016T153732Z:b3c28ee4-bba7-4bbb-8d01-351ec65a82ba"
      },
      "ResponseBody": {
        "id": "/subscriptions/db1ab6f0-4769-4b27-930e-01e2ef9c123c",
        "authorizationSource": "RoleBased",
        "managedByTenants": [],
        "tags": {
          "tagKey1": "tagValue1",
          "tagKey2": "tagValue2"
        },
        "subscriptionId": "db1ab6f0-4769-4b27-930e-01e2ef9c123c",
        "tenantId": "72f988bf-86f1-41af-91ab-2d7cd011db47",
        "displayName": ".NET Mgmt SDK Test with TTL = 1 Day",
        "state": "Enabled",
        "subscriptionPolicies": {
          "locationPlacementId": "Internal_2014-09-01",
          "quotaId": "Internal_2014-09-01",
          "spendingLimit": "Off"
        }
      }
    },
    {
      "RequestUri": "https://management.azure.com/subscriptions/db1ab6f0-4769-4b27-930e-01e2ef9c123c/resourcegroups/csmrg9809?api-version=2019-10-01",
      "RequestMethod": "PUT",
      "RequestHeaders": {
        "Accept": "application/json",
        "Authorization": "Sanitized",
        "Content-Length": "21",
        "Content-Type": "application/json",
        "traceparent": "00-323d841ed111064bb6e02973ab60ae3c-e5aee069bbeebd45-00",
        "User-Agent": "azsdk-net-ResourceManager/1.0.0-beta.4 (.NET Framework 4.8.4420.0; Microsoft Windows 10.0.22000 )",
        "x-ms-client-request-id": "ef0809ae9e3ab2c43e10ddbea3cc31a3",
        "x-ms-return-client-request-id": "true"
      },
      "RequestBody": {
        "location": "eastus"
      },
      "StatusCode": 201,
      "ResponseHeaders": {
        "Cache-Control": "no-cache",
        "Content-Length": "215",
        "Content-Type": "application/json; charset=utf-8",
        "Date": "Sat, 16 Oct 2021 15:37:32 GMT",
        "Expires": "-1",
        "Pragma": "no-cache",
        "Strict-Transport-Security": "max-age=31536000; includeSubDomains",
        "X-Content-Type-Options": "nosniff",
        "x-ms-correlation-request-id": "7f5df15b-262e-43a9-bcf1-67bc1b36f5a2",
        "x-ms-ratelimit-remaining-subscription-writes": "1167",
        "x-ms-request-id": "7f5df15b-262e-43a9-bcf1-67bc1b36f5a2",
        "x-ms-routing-request-id": "KOREASOUTH:20211016T153732Z:7f5df15b-262e-43a9-bcf1-67bc1b36f5a2"
      },
      "ResponseBody": {
        "id": "/subscriptions/db1ab6f0-4769-4b27-930e-01e2ef9c123c/resourceGroups/csmrg9809",
        "name": "csmrg9809",
        "type": "Microsoft.Resources/resourceGroups",
        "location": "eastus",
        "properties": {
          "provisioningState": "Succeeded"
        }
      }
    },
    {
      "RequestUri": "https://management.azure.com/subscriptions/db1ab6f0-4769-4b27-930e-01e2ef9c123c/resourceGroups/csmrg9809/providers/Microsoft.Network/virtualNetworks/azsmnet7823?api-version=2021-02-01",
      "RequestMethod": "PUT",
      "RequestHeaders": {
        "Accept": "application/json",
        "Authorization": "Sanitized",
        "Content-Length": "220",
        "Content-Type": "application/json",
        "User-Agent": "azsdk-net-ResourceManager.Network/1.0.0-alpha.20211016.1 (.NET Framework 4.8.4420.0; Microsoft Windows 10.0.22000 )",
        "x-ms-client-request-id": "b2caa086a91af7597ad0f50734a9afdc",
        "x-ms-return-client-request-id": "true"
      },
      "RequestBody": {
        "location": "eastus",
        "properties": {
          "addressSpace": {
            "addressPrefixes": [
              "10.0.0.0/16"
            ]
          },
          "dhcpOptions": {
            "dnsServers": [
              "10.1.1.1",
              "10.1.2.4"
            ]
          },
          "subnets": [
            {
              "name": "azsmnet1500",
              "properties": {
                "addressPrefix": "10.0.0.0/24"
              }
            }
          ]
        }
      },
      "StatusCode": 201,
      "ResponseHeaders": {
        "Azure-AsyncNotification": "Enabled",
        "Azure-AsyncOperation": "https://management.azure.com/subscriptions/db1ab6f0-4769-4b27-930e-01e2ef9c123c/providers/Microsoft.Network/locations/eastus/operations/29cbf415-b9fd-42cf-8341-0c39032c0dad?api-version=2021-02-01",
        "Cache-Control": "no-cache",
        "Content-Length": "1331",
        "Content-Type": "application/json; charset=utf-8",
        "Date": "Sat, 16 Oct 2021 15:37:35 GMT",
        "Expires": "-1",
        "Pragma": "no-cache",
        "Retry-After": "3",
        "Server": [
          "Microsoft-HTTPAPI/2.0",
          "Microsoft-HTTPAPI/2.0"
        ],
        "Strict-Transport-Security": "max-age=31536000; includeSubDomains",
        "X-Content-Type-Options": "nosniff",
        "x-ms-arm-service-request-id": "7a5a9aa4-b357-4ec0-aad4-7cc08a8f86ad",
        "x-ms-client-request-id": "b2caa086a91af7597ad0f50734a9afdc",
        "x-ms-correlation-request-id": "cbe6f7ad-a8f7-4424-bc9c-b67f8a43ef69",
        "x-ms-ratelimit-remaining-subscription-writes": "1166",
        "x-ms-request-id": "29cbf415-b9fd-42cf-8341-0c39032c0dad",
        "x-ms-routing-request-id": "KOREASOUTH:20211016T153736Z:cbe6f7ad-a8f7-4424-bc9c-b67f8a43ef69"
      },
      "ResponseBody": [
        "{\r\n",
        "  \u0022name\u0022: \u0022azsmnet7823\u0022,\r\n",
        "  \u0022id\u0022: \u0022/subscriptions/db1ab6f0-4769-4b27-930e-01e2ef9c123c/resourceGroups/csmrg9809/providers/Microsoft.Network/virtualNetworks/azsmnet7823\u0022,\r\n",
        "  \u0022etag\u0022: \u0022W/\\\u0022bccab910-88cd-49c0-b5c7-40fe0777d3b1\\\u0022\u0022,\r\n",
        "  \u0022type\u0022: \u0022Microsoft.Network/virtualNetworks\u0022,\r\n",
        "  \u0022location\u0022: \u0022eastus\u0022,\r\n",
        "  \u0022properties\u0022: {\r\n",
        "    \u0022provisioningState\u0022: \u0022Updating\u0022,\r\n",
        "    \u0022resourceGuid\u0022: \u00223a2e608b-79c1-4d7e-bb11-74106f336146\u0022,\r\n",
        "    \u0022addressSpace\u0022: {\r\n",
        "      \u0022addressPrefixes\u0022: [\r\n",
        "        \u002210.0.0.0/16\u0022\r\n",
        "      ]\r\n",
        "    },\r\n",
        "    \u0022dhcpOptions\u0022: {\r\n",
        "      \u0022dnsServers\u0022: [\r\n",
        "        \u002210.1.1.1\u0022,\r\n",
        "        \u002210.1.2.4\u0022\r\n",
        "      ]\r\n",
        "    },\r\n",
        "    \u0022subnets\u0022: [\r\n",
        "      {\r\n",
        "        \u0022name\u0022: \u0022azsmnet1500\u0022,\r\n",
        "        \u0022id\u0022: \u0022/subscriptions/db1ab6f0-4769-4b27-930e-01e2ef9c123c/resourceGroups/csmrg9809/providers/Microsoft.Network/virtualNetworks/azsmnet7823/subnets/azsmnet1500\u0022,\r\n",
        "        \u0022etag\u0022: \u0022W/\\\u0022bccab910-88cd-49c0-b5c7-40fe0777d3b1\\\u0022\u0022,\r\n",
        "        \u0022properties\u0022: {\r\n",
        "          \u0022provisioningState\u0022: \u0022Updating\u0022,\r\n",
        "          \u0022addressPrefix\u0022: \u002210.0.0.0/24\u0022,\r\n",
        "          \u0022delegations\u0022: [],\r\n",
        "          \u0022privateEndpointNetworkPolicies\u0022: \u0022Enabled\u0022,\r\n",
        "          \u0022privateLinkServiceNetworkPolicies\u0022: \u0022Enabled\u0022\r\n",
        "        },\r\n",
        "        \u0022type\u0022: \u0022Microsoft.Network/virtualNetworks/subnets\u0022\r\n",
        "      }\r\n",
        "    ],\r\n",
        "    \u0022virtualNetworkPeerings\u0022: [],\r\n",
        "    \u0022enableDdosProtection\u0022: false\r\n",
        "  }\r\n",
        "}"
      ]
    },
    {
      "RequestUri": "https://management.azure.com/subscriptions/db1ab6f0-4769-4b27-930e-01e2ef9c123c/providers/Microsoft.Network/locations/eastus/operations/29cbf415-b9fd-42cf-8341-0c39032c0dad?api-version=2021-02-01",
      "RequestMethod": "GET",
      "RequestHeaders": {
        "Authorization": "Sanitized",
        "User-Agent": "azsdk-net-ResourceManager/1.0.0-beta.4 (.NET Framework 4.8.4420.0; Microsoft Windows 10.0.22000 )",
        "x-ms-client-request-id": "2e752f6cfcba5fee954223f3bc37db34",
        "x-ms-return-client-request-id": "true"
      },
      "RequestBody": null,
      "StatusCode": 200,
      "ResponseHeaders": {
        "Cache-Control": "no-cache",
        "Content-Length": "30",
        "Content-Type": "application/json; charset=utf-8",
        "Date": "Sat, 16 Oct 2021 15:37:36 GMT",
        "Expires": "-1",
        "Pragma": "no-cache",
        "Retry-After": "10",
        "Server": [
          "Microsoft-HTTPAPI/2.0",
          "Microsoft-HTTPAPI/2.0"
        ],
        "Strict-Transport-Security": "max-age=31536000; includeSubDomains",
        "X-Content-Type-Options": "nosniff",
        "x-ms-arm-service-request-id": "a1509698-809a-49bb-9c1b-153e37ac10bc",
        "x-ms-client-request-id": "2e752f6cfcba5fee954223f3bc37db34",
        "x-ms-correlation-request-id": "7a0d3ae7-25e6-4eb2-951f-601eaf4c4f20",
        "x-ms-ratelimit-remaining-subscription-reads": "11742",
        "x-ms-request-id": "0b328a21-c124-4e89-8b39-4892f97f4bb1",
        "x-ms-routing-request-id": "KOREASOUTH:20211016T153736Z:7a0d3ae7-25e6-4eb2-951f-601eaf4c4f20"
      },
      "ResponseBody": [
        "{\r\n",
        "  \u0022status\u0022: \u0022InProgress\u0022\r\n",
        "}"
      ]
    },
    {
      "RequestUri": "https://management.azure.com/subscriptions/db1ab6f0-4769-4b27-930e-01e2ef9c123c/providers/Microsoft.Network/locations/eastus/operations/29cbf415-b9fd-42cf-8341-0c39032c0dad?api-version=2021-02-01",
      "RequestMethod": "GET",
      "RequestHeaders": {
        "Authorization": "Sanitized",
        "User-Agent": "azsdk-net-ResourceManager/1.0.0-beta.4 (.NET Framework 4.8.4420.0; Microsoft Windows 10.0.22000 )",
        "x-ms-client-request-id": "4178c60f2a16c7e305a8a7e5b400bae5",
        "x-ms-return-client-request-id": "true"
      },
      "RequestBody": null,
      "StatusCode": 200,
      "ResponseHeaders": {
        "Cache-Control": "no-cache",
        "Content-Length": "30",
        "Content-Type": "application/json; charset=utf-8",
        "Date": "Sat, 16 Oct 2021 15:37:37 GMT",
        "Expires": "-1",
        "Pragma": "no-cache",
        "Retry-After": "20",
        "Server": [
          "Microsoft-HTTPAPI/2.0",
          "Microsoft-HTTPAPI/2.0"
        ],
        "Strict-Transport-Security": "max-age=31536000; includeSubDomains",
        "X-Content-Type-Options": "nosniff",
        "x-ms-arm-service-request-id": "66cbb941-bcac-41b7-b491-b39d583c64c9",
        "x-ms-client-request-id": "4178c60f2a16c7e305a8a7e5b400bae5",
        "x-ms-correlation-request-id": "d8aeb2c5-9fa9-48de-9467-dfdd0a8a31b4",
        "x-ms-ratelimit-remaining-subscription-reads": "11741",
        "x-ms-request-id": "90b4fdbf-e0d8-492b-ad39-dfd9c5ff2e29",
        "x-ms-routing-request-id": "KOREASOUTH:20211016T153737Z:d8aeb2c5-9fa9-48de-9467-dfdd0a8a31b4"
      },
      "ResponseBody": [
        "{\r\n",
        "  \u0022status\u0022: \u0022InProgress\u0022\r\n",
        "}"
      ]
    },
    {
      "RequestUri": "https://management.azure.com/subscriptions/db1ab6f0-4769-4b27-930e-01e2ef9c123c/providers/Microsoft.Network/locations/eastus/operations/29cbf415-b9fd-42cf-8341-0c39032c0dad?api-version=2021-02-01",
      "RequestMethod": "GET",
      "RequestHeaders": {
        "Authorization": "Sanitized",
        "User-Agent": "azsdk-net-ResourceManager/1.0.0-beta.4 (.NET Framework 4.8.4420.0; Microsoft Windows 10.0.22000 )",
        "x-ms-client-request-id": "059b24ef81345822012dd4a09ba665d4",
        "x-ms-return-client-request-id": "true"
      },
      "RequestBody": null,
      "StatusCode": 200,
      "ResponseHeaders": {
        "Cache-Control": "no-cache",
        "Content-Length": "30",
        "Content-Type": "application/json; charset=utf-8",
        "Date": "Sat, 16 Oct 2021 15:37:38 GMT",
        "Expires": "-1",
        "Pragma": "no-cache",
        "Retry-After": "20",
        "Server": [
          "Microsoft-HTTPAPI/2.0",
          "Microsoft-HTTPAPI/2.0"
        ],
        "Strict-Transport-Security": "max-age=31536000; includeSubDomains",
        "X-Content-Type-Options": "nosniff",
        "x-ms-arm-service-request-id": "5e52fcc7-2a00-430e-9921-3a5b6993a4cb",
        "x-ms-client-request-id": "059b24ef81345822012dd4a09ba665d4",
        "x-ms-correlation-request-id": "22654fd9-df1a-4a58-99a5-bec01e68612c",
        "x-ms-ratelimit-remaining-subscription-reads": "11740",
        "x-ms-request-id": "bac5b226-53e5-475c-b93e-2f41668c247a",
        "x-ms-routing-request-id": "KOREASOUTH:20211016T153739Z:22654fd9-df1a-4a58-99a5-bec01e68612c"
      },
      "ResponseBody": [
        "{\r\n",
        "  \u0022status\u0022: \u0022InProgress\u0022\r\n",
        "}"
      ]
    },
    {
      "RequestUri": "https://management.azure.com/subscriptions/db1ab6f0-4769-4b27-930e-01e2ef9c123c/providers/Microsoft.Network/locations/eastus/operations/29cbf415-b9fd-42cf-8341-0c39032c0dad?api-version=2021-02-01",
      "RequestMethod": "GET",
      "RequestHeaders": {
        "Authorization": "Sanitized",
        "User-Agent": "azsdk-net-ResourceManager/1.0.0-beta.4 (.NET Framework 4.8.4420.0; Microsoft Windows 10.0.22000 )",
        "x-ms-client-request-id": "764ac05aa01d41bb4cae28115409aa95",
        "x-ms-return-client-request-id": "true"
      },
      "RequestBody": null,
      "StatusCode": 200,
      "ResponseHeaders": {
        "Cache-Control": "no-cache",
        "Content-Length": "29",
        "Content-Type": "application/json; charset=utf-8",
        "Date": "Sat, 16 Oct 2021 15:37:40 GMT",
        "Expires": "-1",
        "Pragma": "no-cache",
        "Server": [
          "Microsoft-HTTPAPI/2.0",
          "Microsoft-HTTPAPI/2.0"
        ],
        "Strict-Transport-Security": "max-age=31536000; includeSubDomains",
        "X-Content-Type-Options": "nosniff",
        "x-ms-arm-service-request-id": "c3b8a9aa-802b-4eef-ae38-d19048bc56eb",
        "x-ms-client-request-id": "764ac05aa01d41bb4cae28115409aa95",
        "x-ms-correlation-request-id": "80ceec48-92ff-4bd1-b401-b8306af6423f",
        "x-ms-ratelimit-remaining-subscription-reads": "11739",
        "x-ms-request-id": "8c9cd120-91cb-441c-ae83-264946f29562",
        "x-ms-routing-request-id": "KOREASOUTH:20211016T153740Z:80ceec48-92ff-4bd1-b401-b8306af6423f"
      },
      "ResponseBody": [
        "{\r\n",
        "  \u0022status\u0022: \u0022Succeeded\u0022\r\n",
        "}"
      ]
    },
    {
      "RequestUri": "https://management.azure.com/subscriptions/db1ab6f0-4769-4b27-930e-01e2ef9c123c/resourceGroups/csmrg9809/providers/Microsoft.Network/virtualNetworks/azsmnet7823?api-version=2021-02-01",
      "RequestMethod": "GET",
      "RequestHeaders": {
        "Authorization": "Sanitized",
        "User-Agent": "azsdk-net-ResourceManager/1.0.0-beta.4 (.NET Framework 4.8.4420.0; Microsoft Windows 10.0.22000 )",
        "x-ms-client-request-id": "98043e87d59b8dffa41f3fe855422b5f",
        "x-ms-return-client-request-id": "true"
      },
      "RequestBody": null,
      "StatusCode": 200,
      "ResponseHeaders": {
        "Cache-Control": "no-cache",
        "Content-Length": "1333",
        "Content-Type": "application/json; charset=utf-8",
        "Date": "Sat, 16 Oct 2021 15:37:40 GMT",
        "ETag": "W/\u0022aad72af2-2bbb-48ad-aacd-d9da9e5dc37d\u0022",
        "Expires": "-1",
        "Pragma": "no-cache",
        "Server": [
          "Microsoft-HTTPAPI/2.0",
          "Microsoft-HTTPAPI/2.0"
        ],
        "Strict-Transport-Security": "max-age=31536000; includeSubDomains",
        "X-Content-Type-Options": "nosniff",
        "x-ms-arm-service-request-id": "e27ebe97-4fae-46a9-87c7-51f7008dacac",
        "x-ms-client-request-id": "98043e87d59b8dffa41f3fe855422b5f",
        "x-ms-correlation-request-id": "ca12c17e-c6fc-4813-b1ab-2b025751e940",
        "x-ms-ratelimit-remaining-subscription-reads": "11738",
        "x-ms-request-id": "d121fe06-5cf4-4cd5-9769-3c8bbbed3022",
        "x-ms-routing-request-id": "KOREASOUTH:20211016T153740Z:ca12c17e-c6fc-4813-b1ab-2b025751e940"
      },
      "ResponseBody": [
        "{\r\n",
        "  \u0022name\u0022: \u0022azsmnet7823\u0022,\r\n",
        "  \u0022id\u0022: \u0022/subscriptions/db1ab6f0-4769-4b27-930e-01e2ef9c123c/resourceGroups/csmrg9809/providers/Microsoft.Network/virtualNetworks/azsmnet7823\u0022,\r\n",
        "  \u0022etag\u0022: \u0022W/\\\u0022aad72af2-2bbb-48ad-aacd-d9da9e5dc37d\\\u0022\u0022,\r\n",
        "  \u0022type\u0022: \u0022Microsoft.Network/virtualNetworks\u0022,\r\n",
        "  \u0022location\u0022: \u0022eastus\u0022,\r\n",
        "  \u0022properties\u0022: {\r\n",
        "    \u0022provisioningState\u0022: \u0022Succeeded\u0022,\r\n",
        "    \u0022resourceGuid\u0022: \u00223a2e608b-79c1-4d7e-bb11-74106f336146\u0022,\r\n",
        "    \u0022addressSpace\u0022: {\r\n",
        "      \u0022addressPrefixes\u0022: [\r\n",
        "        \u002210.0.0.0/16\u0022\r\n",
        "      ]\r\n",
        "    },\r\n",
        "    \u0022dhcpOptions\u0022: {\r\n",
        "      \u0022dnsServers\u0022: [\r\n",
        "        \u002210.1.1.1\u0022,\r\n",
        "        \u002210.1.2.4\u0022\r\n",
        "      ]\r\n",
        "    },\r\n",
        "    \u0022subnets\u0022: [\r\n",
        "      {\r\n",
        "        \u0022name\u0022: \u0022azsmnet1500\u0022,\r\n",
        "        \u0022id\u0022: \u0022/subscriptions/db1ab6f0-4769-4b27-930e-01e2ef9c123c/resourceGroups/csmrg9809/providers/Microsoft.Network/virtualNetworks/azsmnet7823/subnets/azsmnet1500\u0022,\r\n",
        "        \u0022etag\u0022: \u0022W/\\\u0022aad72af2-2bbb-48ad-aacd-d9da9e5dc37d\\\u0022\u0022,\r\n",
        "        \u0022properties\u0022: {\r\n",
        "          \u0022provisioningState\u0022: \u0022Succeeded\u0022,\r\n",
        "          \u0022addressPrefix\u0022: \u002210.0.0.0/24\u0022,\r\n",
        "          \u0022delegations\u0022: [],\r\n",
        "          \u0022privateEndpointNetworkPolicies\u0022: \u0022Enabled\u0022,\r\n",
        "          \u0022privateLinkServiceNetworkPolicies\u0022: \u0022Enabled\u0022\r\n",
        "        },\r\n",
        "        \u0022type\u0022: \u0022Microsoft.Network/virtualNetworks/subnets\u0022\r\n",
        "      }\r\n",
        "    ],\r\n",
        "    \u0022virtualNetworkPeerings\u0022: [],\r\n",
        "    \u0022enableDdosProtection\u0022: false\r\n",
        "  }\r\n",
        "}"
      ]
    },
    {
      "RequestUri": "https://management.azure.com/subscriptions/db1ab6f0-4769-4b27-930e-01e2ef9c123c/resourceGroups/csmrg9809/providers/Microsoft.Network/virtualNetworks/azsmnet7823/subnets/azsmnet1500?api-version=2021-02-01",
      "RequestMethod": "GET",
      "RequestHeaders": {
        "Accept": "application/json",
        "Authorization": "Sanitized",
        "User-Agent": "azsdk-net-ResourceManager.Network/1.0.0-alpha.20211016.1 (.NET Framework 4.8.4420.0; Microsoft Windows 10.0.22000 )",
        "x-ms-client-request-id": "f38bd34344b54ec7685ab985581003f8",
        "x-ms-return-client-request-id": "true"
      },
      "RequestBody": null,
      "StatusCode": 200,
      "ResponseHeaders": {
        "Cache-Control": "no-cache",
        "Content-Length": "534",
        "Content-Type": "application/json; charset=utf-8",
        "Date": "Sat, 16 Oct 2021 15:37:40 GMT",
        "ETag": "W/\u0022aad72af2-2bbb-48ad-aacd-d9da9e5dc37d\u0022",
        "Expires": "-1",
        "Pragma": "no-cache",
        "Server": [
          "Microsoft-HTTPAPI/2.0",
          "Microsoft-HTTPAPI/2.0"
        ],
        "Strict-Transport-Security": "max-age=31536000; includeSubDomains",
        "X-Content-Type-Options": "nosniff",
        "x-ms-arm-service-request-id": "f54e5264-baa4-4c15-a174-2188cd1e874c",
        "x-ms-client-request-id": "f38bd34344b54ec7685ab985581003f8",
        "x-ms-correlation-request-id": "aeea33bc-c255-4d33-870d-fd9912a0e072",
        "x-ms-ratelimit-remaining-subscription-reads": "11737",
        "x-ms-request-id": "128636be-392b-4c14-b1a1-db26490919a2",
        "x-ms-routing-request-id": "KOREASOUTH:20211016T153741Z:aeea33bc-c255-4d33-870d-fd9912a0e072"
      },
      "ResponseBody": [
        "{\r\n",
        "  \u0022name\u0022: \u0022azsmnet1500\u0022,\r\n",
        "  \u0022id\u0022: \u0022/subscriptions/db1ab6f0-4769-4b27-930e-01e2ef9c123c/resourceGroups/csmrg9809/providers/Microsoft.Network/virtualNetworks/azsmnet7823/subnets/azsmnet1500\u0022,\r\n",
        "  \u0022etag\u0022: \u0022W/\\\u0022aad72af2-2bbb-48ad-aacd-d9da9e5dc37d\\\u0022\u0022,\r\n",
        "  \u0022properties\u0022: {\r\n",
        "    \u0022provisioningState\u0022: \u0022Succeeded\u0022,\r\n",
        "    \u0022addressPrefix\u0022: \u002210.0.0.0/24\u0022,\r\n",
        "    \u0022delegations\u0022: [],\r\n",
        "    \u0022privateEndpointNetworkPolicies\u0022: \u0022Enabled\u0022,\r\n",
        "    \u0022privateLinkServiceNetworkPolicies\u0022: \u0022Enabled\u0022\r\n",
        "  },\r\n",
        "  \u0022type\u0022: \u0022Microsoft.Network/virtualNetworks/subnets\u0022\r\n",
        "}"
      ]
    },
    {
      "RequestUri": "https://management.azure.com/subscriptions/db1ab6f0-4769-4b27-930e-01e2ef9c123c/resourceGroups/csmrg9809/providers/Microsoft.Network/networkInterfaces/azsmnet9595?api-version=2021-02-01",
      "RequestMethod": "PUT",
      "RequestHeaders": {
        "Accept": "application/json",
        "Authorization": "Sanitized",
        "Content-Length": "426",
        "Content-Type": "application/json",
        "User-Agent": "azsdk-net-ResourceManager.Network/1.0.0-alpha.20211016.1 (.NET Framework 4.8.4420.0; Microsoft Windows 10.0.22000 )",
        "x-ms-client-request-id": "cca25c188438bcc1d1fd61d2eb0982c9",
        "x-ms-return-client-request-id": "true"
      },
      "RequestBody": {
        "location": "eastus",
        "tags": {
          "key": "value"
        },
        "properties": {
          "ipConfigurations": [
            {
              "name": "azsmnet5885",
              "properties": {
                "privateIPAllocationMethod": "Dynamic",
                "privateIPAddressVersion": "IPv4",
                "subnet": {
                  "id": "/subscriptions/db1ab6f0-4769-4b27-930e-01e2ef9c123c/resourceGroups/csmrg9809/providers/Microsoft.Network/virtualNetworks/azsmnet7823/subnets/azsmnet1500",
                  "properties": {}
                },
                "primary": true
              }
            }
          ],
          "enableAcceleratedNetworking": true
        }
      },
      "StatusCode": 201,
      "ResponseHeaders": {
        "Azure-AsyncNotification": "Enabled",
        "Azure-AsyncOperation": "https://management.azure.com/subscriptions/db1ab6f0-4769-4b27-930e-01e2ef9c123c/providers/Microsoft.Network/locations/eastus/operations/a10eb963-f6ca-4d71-8125-dd291182b448?api-version=2021-02-01",
        "Cache-Control": "no-cache",
        "Content-Length": "1710",
        "Content-Type": "application/json; charset=utf-8",
        "Date": "Sat, 16 Oct 2021 15:37:43 GMT",
        "Expires": "-1",
        "Pragma": "no-cache",
        "Server": [
          "Microsoft-HTTPAPI/2.0",
          "Microsoft-HTTPAPI/2.0"
        ],
        "Strict-Transport-Security": "max-age=31536000; includeSubDomains",
        "X-Content-Type-Options": "nosniff",
        "x-ms-arm-service-request-id": "9d17f2bd-0720-4bbe-b489-97ae68df4204",
        "x-ms-client-request-id": "cca25c188438bcc1d1fd61d2eb0982c9",
        "x-ms-correlation-request-id": "4c49883d-524a-445d-8399-d3a3f105d754",
        "x-ms-ratelimit-remaining-subscription-writes": "1165",
        "x-ms-request-id": "a10eb963-f6ca-4d71-8125-dd291182b448",
        "x-ms-routing-request-id": "KOREASOUTH:20211016T153744Z:4c49883d-524a-445d-8399-d3a3f105d754"
      },
      "ResponseBody": [
        "{\r\n",
        "  \u0022name\u0022: \u0022azsmnet9595\u0022,\r\n",
        "  \u0022id\u0022: \u0022/subscriptions/db1ab6f0-4769-4b27-930e-01e2ef9c123c/resourceGroups/csmrg9809/providers/Microsoft.Network/networkInterfaces/azsmnet9595\u0022,\r\n",
        "  \u0022etag\u0022: \u0022W/\\\u002269256370-a112-424f-a118-f43064035349\\\u0022\u0022,\r\n",
        "  \u0022location\u0022: \u0022eastus\u0022,\r\n",
        "  \u0022tags\u0022: {\r\n",
        "    \u0022key\u0022: \u0022value\u0022\r\n",
        "  },\r\n",
        "  \u0022properties\u0022: {\r\n",
        "    \u0022provisioningState\u0022: \u0022Succeeded\u0022,\r\n",
        "    \u0022resourceGuid\u0022: \u0022bc068042-d2b0-4935-94b8-493c33b3774c\u0022,\r\n",
        "    \u0022ipConfigurations\u0022: [\r\n",
        "      {\r\n",
        "        \u0022name\u0022: \u0022azsmnet5885\u0022,\r\n",
        "        \u0022id\u0022: \u0022/subscriptions/db1ab6f0-4769-4b27-930e-01e2ef9c123c/resourceGroups/csmrg9809/providers/Microsoft.Network/networkInterfaces/azsmnet9595/ipConfigurations/azsmnet5885\u0022,\r\n",
        "        \u0022etag\u0022: \u0022W/\\\u002269256370-a112-424f-a118-f43064035349\\\u0022\u0022,\r\n",
        "        \u0022type\u0022: \u0022Microsoft.Network/networkInterfaces/ipConfigurations\u0022,\r\n",
        "        \u0022properties\u0022: {\r\n",
        "          \u0022provisioningState\u0022: \u0022Succeeded\u0022,\r\n",
        "          \u0022privateIPAddress\u0022: \u002210.0.0.4\u0022,\r\n",
        "          \u0022privateIPAllocationMethod\u0022: \u0022Dynamic\u0022,\r\n",
        "          \u0022subnet\u0022: {\r\n",
        "            \u0022id\u0022: \u0022/subscriptions/db1ab6f0-4769-4b27-930e-01e2ef9c123c/resourceGroups/csmrg9809/providers/Microsoft.Network/virtualNetworks/azsmnet7823/subnets/azsmnet1500\u0022\r\n",
        "          },\r\n",
        "          \u0022primary\u0022: true,\r\n",
        "          \u0022privateIPAddressVersion\u0022: \u0022IPv4\u0022\r\n",
        "        }\r\n",
        "      }\r\n",
        "    ],\r\n",
        "    \u0022dnsSettings\u0022: {\r\n",
        "      \u0022dnsServers\u0022: [],\r\n",
        "      \u0022appliedDnsServers\u0022: [],\r\n",
        "      \u0022internalDomainNameSuffix\u0022: \u0022rnqc2owbpf5e1oyroqig4m1big.bx.internal.cloudapp.net\u0022\r\n",
        "    },\r\n",
        "    \u0022enableAcceleratedNetworking\u0022: true,\r\n",
        "    \u0022vnetEncryptionSupported\u0022: false,\r\n",
        "    \u0022enableIPForwarding\u0022: false,\r\n",
        "    \u0022hostedWorkloads\u0022: [],\r\n",
        "    \u0022tapConfigurations\u0022: [],\r\n",
        "    \u0022nicType\u0022: \u0022Standard\u0022\r\n",
        "  },\r\n",
        "  \u0022type\u0022: \u0022Microsoft.Network/networkInterfaces\u0022\r\n",
        "}"
      ]
    },
    {
      "RequestUri": "https://management.azure.com/subscriptions/db1ab6f0-4769-4b27-930e-01e2ef9c123c/providers/Microsoft.Network/locations/eastus/operations/a10eb963-f6ca-4d71-8125-dd291182b448?api-version=2021-02-01",
      "RequestMethod": "GET",
      "RequestHeaders": {
        "Authorization": "Sanitized",
        "User-Agent": "azsdk-net-ResourceManager/1.0.0-beta.4 (.NET Framework 4.8.4420.0; Microsoft Windows 10.0.22000 )",
        "x-ms-client-request-id": "ce29166577bc069a32f972c9ed966eb0",
        "x-ms-return-client-request-id": "true"
      },
      "RequestBody": null,
      "StatusCode": 200,
      "ResponseHeaders": {
        "Cache-Control": "no-cache",
        "Content-Length": "29",
        "Content-Type": "application/json; charset=utf-8",
        "Date": "Sat, 16 Oct 2021 15:37:43 GMT",
        "Expires": "-1",
        "Pragma": "no-cache",
        "Server": [
          "Microsoft-HTTPAPI/2.0",
          "Microsoft-HTTPAPI/2.0"
        ],
        "Strict-Transport-Security": "max-age=31536000; includeSubDomains",
        "X-Content-Type-Options": "nosniff",
        "x-ms-arm-service-request-id": "0a826904-5f52-4646-a917-abc9599d3611",
        "x-ms-client-request-id": "ce29166577bc069a32f972c9ed966eb0",
        "x-ms-correlation-request-id": "6937c8cf-8179-433a-808f-d1a0e93a4374",
        "x-ms-ratelimit-remaining-subscription-reads": "11736",
        "x-ms-request-id": "3aefd89b-6218-4f51-a8e7-5d2171787841",
        "x-ms-routing-request-id": "KOREASOUTH:20211016T153744Z:6937c8cf-8179-433a-808f-d1a0e93a4374"
      },
      "ResponseBody": [
        "{\r\n",
        "  \u0022status\u0022: \u0022Succeeded\u0022\r\n",
        "}"
      ]
    },
    {
      "RequestUri": "https://management.azure.com/subscriptions/db1ab6f0-4769-4b27-930e-01e2ef9c123c/resourceGroups/csmrg9809/providers/Microsoft.Network/networkInterfaces/azsmnet9595?api-version=2021-02-01",
      "RequestMethod": "GET",
      "RequestHeaders": {
        "Authorization": "Sanitized",
        "User-Agent": "azsdk-net-ResourceManager/1.0.0-beta.4 (.NET Framework 4.8.4420.0; Microsoft Windows 10.0.22000 )",
        "x-ms-client-request-id": "81428f03cb7bd560e5ec9cf76847873c",
        "x-ms-return-client-request-id": "true"
      },
      "RequestBody": null,
      "StatusCode": 200,
      "ResponseHeaders": {
        "Cache-Control": "no-cache",
        "Content-Length": "1710",
        "Content-Type": "application/json; charset=utf-8",
        "Date": "Sat, 16 Oct 2021 15:37:44 GMT",
        "ETag": "W/\u002269256370-a112-424f-a118-f43064035349\u0022",
        "Expires": "-1",
        "Pragma": "no-cache",
        "Server": [
          "Microsoft-HTTPAPI/2.0",
          "Microsoft-HTTPAPI/2.0"
        ],
        "Strict-Transport-Security": "max-age=31536000; includeSubDomains",
        "X-Content-Type-Options": "nosniff",
        "x-ms-arm-service-request-id": "8f14b0f3-d5de-4170-898e-7ace19473e04",
        "x-ms-client-request-id": "81428f03cb7bd560e5ec9cf76847873c",
        "x-ms-correlation-request-id": "acc51214-0168-429c-a25f-ec98f6a50108",
        "x-ms-ratelimit-remaining-subscription-reads": "11735",
        "x-ms-request-id": "eb5697b2-9938-471b-acb0-e3e22d0ad33d",
        "x-ms-routing-request-id": "KOREASOUTH:20211016T153744Z:acc51214-0168-429c-a25f-ec98f6a50108"
      },
      "ResponseBody": [
        "{\r\n",
        "  \u0022name\u0022: \u0022azsmnet9595\u0022,\r\n",
        "  \u0022id\u0022: \u0022/subscriptions/db1ab6f0-4769-4b27-930e-01e2ef9c123c/resourceGroups/csmrg9809/providers/Microsoft.Network/networkInterfaces/azsmnet9595\u0022,\r\n",
        "  \u0022etag\u0022: \u0022W/\\\u002269256370-a112-424f-a118-f43064035349\\\u0022\u0022,\r\n",
        "  \u0022location\u0022: \u0022eastus\u0022,\r\n",
        "  \u0022tags\u0022: {\r\n",
        "    \u0022key\u0022: \u0022value\u0022\r\n",
        "  },\r\n",
        "  \u0022properties\u0022: {\r\n",
        "    \u0022provisioningState\u0022: \u0022Succeeded\u0022,\r\n",
        "    \u0022resourceGuid\u0022: \u0022bc068042-d2b0-4935-94b8-493c33b3774c\u0022,\r\n",
        "    \u0022ipConfigurations\u0022: [\r\n",
        "      {\r\n",
        "        \u0022name\u0022: \u0022azsmnet5885\u0022,\r\n",
        "        \u0022id\u0022: \u0022/subscriptions/db1ab6f0-4769-4b27-930e-01e2ef9c123c/resourceGroups/csmrg9809/providers/Microsoft.Network/networkInterfaces/azsmnet9595/ipConfigurations/azsmnet5885\u0022,\r\n",
        "        \u0022etag\u0022: \u0022W/\\\u002269256370-a112-424f-a118-f43064035349\\\u0022\u0022,\r\n",
        "        \u0022type\u0022: \u0022Microsoft.Network/networkInterfaces/ipConfigurations\u0022,\r\n",
        "        \u0022properties\u0022: {\r\n",
        "          \u0022provisioningState\u0022: \u0022Succeeded\u0022,\r\n",
        "          \u0022privateIPAddress\u0022: \u002210.0.0.4\u0022,\r\n",
        "          \u0022privateIPAllocationMethod\u0022: \u0022Dynamic\u0022,\r\n",
        "          \u0022subnet\u0022: {\r\n",
        "            \u0022id\u0022: \u0022/subscriptions/db1ab6f0-4769-4b27-930e-01e2ef9c123c/resourceGroups/csmrg9809/providers/Microsoft.Network/virtualNetworks/azsmnet7823/subnets/azsmnet1500\u0022\r\n",
        "          },\r\n",
        "          \u0022primary\u0022: true,\r\n",
        "          \u0022privateIPAddressVersion\u0022: \u0022IPv4\u0022\r\n",
        "        }\r\n",
        "      }\r\n",
        "    ],\r\n",
        "    \u0022dnsSettings\u0022: {\r\n",
        "      \u0022dnsServers\u0022: [],\r\n",
        "      \u0022appliedDnsServers\u0022: [],\r\n",
        "      \u0022internalDomainNameSuffix\u0022: \u0022rnqc2owbpf5e1oyroqig4m1big.bx.internal.cloudapp.net\u0022\r\n",
        "    },\r\n",
        "    \u0022enableAcceleratedNetworking\u0022: true,\r\n",
        "    \u0022vnetEncryptionSupported\u0022: false,\r\n",
        "    \u0022enableIPForwarding\u0022: false,\r\n",
        "    \u0022hostedWorkloads\u0022: [],\r\n",
        "    \u0022tapConfigurations\u0022: [],\r\n",
        "    \u0022nicType\u0022: \u0022Standard\u0022\r\n",
        "  },\r\n",
        "  \u0022type\u0022: \u0022Microsoft.Network/networkInterfaces\u0022\r\n",
        "}"
      ]
    },
    {
      "RequestUri": "https://management.azure.com/subscriptions/db1ab6f0-4769-4b27-930e-01e2ef9c123c/resourceGroups/csmrg9809/providers/Microsoft.Network/networkInterfaces/azsmnet9595?api-version=2021-02-01",
      "RequestMethod": "GET",
      "RequestHeaders": {
        "Accept": "application/json",
        "Authorization": "Sanitized",
        "User-Agent": "azsdk-net-ResourceManager.Network/1.0.0-alpha.20211016.1 (.NET Framework 4.8.4420.0; Microsoft Windows 10.0.22000 )",
        "x-ms-client-request-id": "d56c1ae1b4df560ce77684e6d0aec898",
        "x-ms-return-client-request-id": "true"
      },
      "RequestBody": null,
      "StatusCode": 200,
      "ResponseHeaders": {
        "Cache-Control": "no-cache",
        "Content-Length": "1710",
        "Content-Type": "application/json; charset=utf-8",
        "Date": "Sat, 16 Oct 2021 15:37:44 GMT",
        "ETag": "W/\u002269256370-a112-424f-a118-f43064035349\u0022",
        "Expires": "-1",
        "Pragma": "no-cache",
        "Server": [
          "Microsoft-HTTPAPI/2.0",
          "Microsoft-HTTPAPI/2.0"
        ],
        "Strict-Transport-Security": "max-age=31536000; includeSubDomains",
        "X-Content-Type-Options": "nosniff",
        "x-ms-arm-service-request-id": "79eb366b-5a2a-4d4c-9304-4e464b97f404",
        "x-ms-client-request-id": "d56c1ae1b4df560ce77684e6d0aec898",
        "x-ms-correlation-request-id": "2f38d952-8d17-406d-906f-a58a076ee94f",
        "x-ms-ratelimit-remaining-subscription-reads": "11734",
        "x-ms-request-id": "6f6b207a-35e4-45f3-8dca-eea4c97c7e02",
        "x-ms-routing-request-id": "KOREASOUTH:20211016T153745Z:2f38d952-8d17-406d-906f-a58a076ee94f"
      },
      "ResponseBody": [
        "{\r\n",
        "  \u0022name\u0022: \u0022azsmnet9595\u0022,\r\n",
        "  \u0022id\u0022: \u0022/subscriptions/db1ab6f0-4769-4b27-930e-01e2ef9c123c/resourceGroups/csmrg9809/providers/Microsoft.Network/networkInterfaces/azsmnet9595\u0022,\r\n",
        "  \u0022etag\u0022: \u0022W/\\\u002269256370-a112-424f-a118-f43064035349\\\u0022\u0022,\r\n",
        "  \u0022location\u0022: \u0022eastus\u0022,\r\n",
        "  \u0022tags\u0022: {\r\n",
        "    \u0022key\u0022: \u0022value\u0022\r\n",
        "  },\r\n",
        "  \u0022properties\u0022: {\r\n",
        "    \u0022provisioningState\u0022: \u0022Succeeded\u0022,\r\n",
        "    \u0022resourceGuid\u0022: \u0022bc068042-d2b0-4935-94b8-493c33b3774c\u0022,\r\n",
        "    \u0022ipConfigurations\u0022: [\r\n",
        "      {\r\n",
        "        \u0022name\u0022: \u0022azsmnet5885\u0022,\r\n",
        "        \u0022id\u0022: \u0022/subscriptions/db1ab6f0-4769-4b27-930e-01e2ef9c123c/resourceGroups/csmrg9809/providers/Microsoft.Network/networkInterfaces/azsmnet9595/ipConfigurations/azsmnet5885\u0022,\r\n",
        "        \u0022etag\u0022: \u0022W/\\\u002269256370-a112-424f-a118-f43064035349\\\u0022\u0022,\r\n",
        "        \u0022type\u0022: \u0022Microsoft.Network/networkInterfaces/ipConfigurations\u0022,\r\n",
        "        \u0022properties\u0022: {\r\n",
        "          \u0022provisioningState\u0022: \u0022Succeeded\u0022,\r\n",
        "          \u0022privateIPAddress\u0022: \u002210.0.0.4\u0022,\r\n",
        "          \u0022privateIPAllocationMethod\u0022: \u0022Dynamic\u0022,\r\n",
        "          \u0022subnet\u0022: {\r\n",
        "            \u0022id\u0022: \u0022/subscriptions/db1ab6f0-4769-4b27-930e-01e2ef9c123c/resourceGroups/csmrg9809/providers/Microsoft.Network/virtualNetworks/azsmnet7823/subnets/azsmnet1500\u0022\r\n",
        "          },\r\n",
        "          \u0022primary\u0022: true,\r\n",
        "          \u0022privateIPAddressVersion\u0022: \u0022IPv4\u0022\r\n",
        "        }\r\n",
        "      }\r\n",
        "    ],\r\n",
        "    \u0022dnsSettings\u0022: {\r\n",
        "      \u0022dnsServers\u0022: [],\r\n",
        "      \u0022appliedDnsServers\u0022: [],\r\n",
        "      \u0022internalDomainNameSuffix\u0022: \u0022rnqc2owbpf5e1oyroqig4m1big.bx.internal.cloudapp.net\u0022\r\n",
        "    },\r\n",
        "    \u0022enableAcceleratedNetworking\u0022: true,\r\n",
        "    \u0022vnetEncryptionSupported\u0022: false,\r\n",
        "    \u0022enableIPForwarding\u0022: false,\r\n",
        "    \u0022hostedWorkloads\u0022: [],\r\n",
        "    \u0022tapConfigurations\u0022: [],\r\n",
        "    \u0022nicType\u0022: \u0022Standard\u0022\r\n",
        "  },\r\n",
        "  \u0022type\u0022: \u0022Microsoft.Network/networkInterfaces\u0022\r\n",
        "}"
      ]
    },
    {
      "RequestUri": "https://management.azure.com/subscriptions/db1ab6f0-4769-4b27-930e-01e2ef9c123c/resourceGroups/csmrg9809/providers/Microsoft.Network/networkInterfaces/azsmnet9595?api-version=2021-02-01",
      "RequestMethod": "DELETE",
      "RequestHeaders": {
        "Accept": "application/json",
        "Authorization": "Sanitized",
        "User-Agent": "azsdk-net-ResourceManager.Network/1.0.0-alpha.20211016.1 (.NET Framework 4.8.4420.0; Microsoft Windows 10.0.22000 )",
        "x-ms-client-request-id": "a6766bd29a529acbb654e9d0daa39eeb",
        "x-ms-return-client-request-id": "true"
      },
      "RequestBody": null,
      "StatusCode": 202,
      "ResponseHeaders": {
        "Azure-AsyncNotification": "Enabled",
        "Azure-AsyncOperation": "https://management.azure.com/subscriptions/db1ab6f0-4769-4b27-930e-01e2ef9c123c/providers/Microsoft.Network/locations/eastus/operations/329dc946-136c-4817-81fb-d13b0e88836a?api-version=2021-02-01",
        "Cache-Control": "no-cache",
        "Content-Length": "0",
        "Date": "Sat, 16 Oct 2021 15:37:45 GMT",
        "Expires": "-1",
        "Location": "https://management.azure.com/subscriptions/db1ab6f0-4769-4b27-930e-01e2ef9c123c/providers/Microsoft.Network/locations/eastus/operationResults/329dc946-136c-4817-81fb-d13b0e88836a?api-version=2021-02-01",
        "Pragma": "no-cache",
        "Retry-After": "10",
        "Server": [
          "Microsoft-HTTPAPI/2.0",
          "Microsoft-HTTPAPI/2.0"
        ],
        "Strict-Transport-Security": "max-age=31536000; includeSubDomains",
        "X-Content-Type-Options": "nosniff",
        "x-ms-arm-service-request-id": "52931d7a-1999-409c-a515-59ad08e113e1",
        "x-ms-client-request-id": "a6766bd29a529acbb654e9d0daa39eeb",
        "x-ms-correlation-request-id": "890586c4-22b2-4ff8-9040-d0c6ff9defff",
        "x-ms-ratelimit-remaining-subscription-deletes": "14963",
        "x-ms-request-id": "329dc946-136c-4817-81fb-d13b0e88836a",
        "x-ms-routing-request-id": "KOREASOUTH:20211016T153745Z:890586c4-22b2-4ff8-9040-d0c6ff9defff"
      },
      "ResponseBody": []
    },
    {
      "RequestUri": "https://management.azure.com/subscriptions/db1ab6f0-4769-4b27-930e-01e2ef9c123c/providers/Microsoft.Network/locations/eastus/operations/329dc946-136c-4817-81fb-d13b0e88836a?api-version=2021-02-01",
      "RequestMethod": "GET",
      "RequestHeaders": {
        "Authorization": "Sanitized",
        "User-Agent": "azsdk-net-ResourceManager/1.0.0-beta.4 (.NET Framework 4.8.4420.0; Microsoft Windows 10.0.22000 )",
        "x-ms-client-request-id": "fc240324e1d046e94fd21e8aca3c7c43",
        "x-ms-return-client-request-id": "true"
      },
      "RequestBody": null,
      "StatusCode": 200,
      "ResponseHeaders": {
        "Cache-Control": "no-cache",
        "Content-Length": "29",
        "Content-Type": "application/json; charset=utf-8",
        "Date": "Sat, 16 Oct 2021 15:37:45 GMT",
        "Expires": "-1",
        "Pragma": "no-cache",
        "Server": [
          "Microsoft-HTTPAPI/2.0",
          "Microsoft-HTTPAPI/2.0"
        ],
        "Strict-Transport-Security": "max-age=31536000; includeSubDomains",
        "X-Content-Type-Options": "nosniff",
        "x-ms-arm-service-request-id": "b5be3e90-d561-4ce1-b966-633c839ace7b",
        "x-ms-client-request-id": "fc240324e1d046e94fd21e8aca3c7c43",
        "x-ms-correlation-request-id": "03761b8e-160d-4f9c-8141-b6562786cd73",
        "x-ms-ratelimit-remaining-subscription-reads": "11733",
        "x-ms-request-id": "4e324f1c-2fcd-410b-b8d4-f8a6f86a9fdf",
        "x-ms-routing-request-id": "KOREASOUTH:20211016T153746Z:03761b8e-160d-4f9c-8141-b6562786cd73"
      },
      "ResponseBody": [
        "{\r\n",
        "  \u0022status\u0022: \u0022Succeeded\u0022\r\n",
        "}"
      ]
    },
    {
      "RequestUri": "https://management.azure.com/subscriptions/db1ab6f0-4769-4b27-930e-01e2ef9c123c/resourceGroups/csmrg9809/providers/Microsoft.Network/networkInterfaces?api-version=2021-02-01",
      "RequestMethod": "GET",
      "RequestHeaders": {
        "Accept": "application/json",
        "Authorization": "Sanitized",
        "User-Agent": "azsdk-net-ResourceManager.Network/1.0.0-alpha.20211016.1 (.NET Framework 4.8.4420.0; Microsoft Windows 10.0.22000 )",
        "x-ms-client-request-id": "9a7499d7f5c6396e9b27246700c7523c",
        "x-ms-return-client-request-id": "true"
      },
      "RequestBody": null,
      "StatusCode": 200,
      "ResponseHeaders": {
        "Cache-Control": "no-cache",
        "Content-Length": "19",
        "Content-Type": "application/json; charset=utf-8",
        "Date": "Sat, 16 Oct 2021 15:37:45 GMT",
        "Expires": "-1",
        "Pragma": "no-cache",
        "Server": [
          "Microsoft-HTTPAPI/2.0",
          "Microsoft-HTTPAPI/2.0"
        ],
        "Strict-Transport-Security": "max-age=31536000; includeSubDomains",
        "X-Content-Type-Options": "nosniff",
        "x-ms-arm-service-request-id": "4890f3b5-9c70-4788-bb9c-e5e8fa4126e1",
        "x-ms-client-request-id": "9a7499d7f5c6396e9b27246700c7523c",
        "x-ms-correlation-request-id": "ae4fdf9f-e602-4c7a-ac04-b2733ae38b1a",
        "x-ms-ratelimit-remaining-subscription-reads": "11732",
        "x-ms-request-id": "aeb52ca8-7c3f-4e4f-ab27-c14683c2eddc",
        "x-ms-routing-request-id": "KOREASOUTH:20211016T153746Z:ae4fdf9f-e602-4c7a-ac04-b2733ae38b1a"
      },
      "ResponseBody": [
        "{\r\n",
        "  \u0022value\u0022: []\r\n",
        "}"
      ]
    },
    {
      "RequestUri": "https://management.azure.com/subscriptions/db1ab6f0-4769-4b27-930e-01e2ef9c123c/resourceGroups/csmrg9809/providers/Microsoft.Network/virtualNetworks/azsmnet7823?api-version=2021-02-01",
      "RequestMethod": "DELETE",
      "RequestHeaders": {
        "Accept": "application/json",
        "Authorization": "Sanitized",
        "User-Agent": "azsdk-net-ResourceManager.Network/1.0.0-alpha.20211016.1 (.NET Framework 4.8.4420.0; Microsoft Windows 10.0.22000 )",
        "x-ms-client-request-id": "d6acb24fa27f901a4ca083587a458445",
        "x-ms-return-client-request-id": "true"
      },
      "RequestBody": null,
      "StatusCode": 202,
      "ResponseHeaders": {
        "Azure-AsyncNotification": "Enabled",
        "Azure-AsyncOperation": "https://management.azure.com/subscriptions/db1ab6f0-4769-4b27-930e-01e2ef9c123c/providers/Microsoft.Network/locations/eastus/operations/0de0a33b-8181-47d8-8121-42a8ddb6b235?api-version=2021-02-01",
        "Cache-Control": "no-cache",
        "Content-Length": "0",
        "Date": "Sat, 16 Oct 2021 15:37:46 GMT",
        "Expires": "-1",
        "Location": "https://management.azure.com/subscriptions/db1ab6f0-4769-4b27-930e-01e2ef9c123c/providers/Microsoft.Network/locations/eastus/operationResults/0de0a33b-8181-47d8-8121-42a8ddb6b235?api-version=2021-02-01",
        "Pragma": "no-cache",
        "Retry-After": "10",
        "Server": [
          "Microsoft-HTTPAPI/2.0",
          "Microsoft-HTTPAPI/2.0"
        ],
        "Strict-Transport-Security": "max-age=31536000; includeSubDomains",
        "X-Content-Type-Options": "nosniff",
        "x-ms-arm-service-request-id": "b1cd306f-6c0d-4812-9cc0-d46918bdb9ab",
        "x-ms-client-request-id": "d6acb24fa27f901a4ca083587a458445",
        "x-ms-correlation-request-id": "4acaae7c-ade6-41f1-bb58-56c0a32fe3b5",
        "x-ms-ratelimit-remaining-subscription-deletes": "14962",
        "x-ms-request-id": "0de0a33b-8181-47d8-8121-42a8ddb6b235",
        "x-ms-routing-request-id": "KOREASOUTH:20211016T153747Z:4acaae7c-ade6-41f1-bb58-56c0a32fe3b5"
      },
      "ResponseBody": []
    },
    {
      "RequestUri": "https://management.azure.com/subscriptions/db1ab6f0-4769-4b27-930e-01e2ef9c123c/providers/Microsoft.Network/locations/eastus/operations/0de0a33b-8181-47d8-8121-42a8ddb6b235?api-version=2021-02-01",
      "RequestMethod": "GET",
      "RequestHeaders": {
        "Authorization": "Sanitized",
        "User-Agent": "azsdk-net-ResourceManager/1.0.0-beta.4 (.NET Framework 4.8.4420.0; Microsoft Windows 10.0.22000 )",
        "x-ms-client-request-id": "183be27fa59035c47fe44d257216be55",
        "x-ms-return-client-request-id": "true"
      },
      "RequestBody": null,
      "StatusCode": 200,
      "ResponseHeaders": {
        "Cache-Control": "no-cache",
        "Content-Length": "29",
        "Content-Type": "application/json; charset=utf-8",
        "Date": "Sat, 16 Oct 2021 15:37:47 GMT",
        "Expires": "-1",
        "Pragma": "no-cache",
        "Server": [
          "Microsoft-HTTPAPI/2.0",
          "Microsoft-HTTPAPI/2.0"
        ],
        "Strict-Transport-Security": "max-age=31536000; includeSubDomains",
        "X-Content-Type-Options": "nosniff",
        "x-ms-arm-service-request-id": "480e6d08-b782-43cc-b0ba-5a6bf850f0ac",
        "x-ms-client-request-id": "183be27fa59035c47fe44d257216be55",
        "x-ms-correlation-request-id": "a357396f-7ad9-4cab-ac2a-1d8965ef605f",
        "x-ms-ratelimit-remaining-subscription-reads": "11731",
        "x-ms-request-id": "e8f53ba5-4561-4e60-ad1e-8e8ebd61e880",
        "x-ms-routing-request-id": "KOREASOUTH:20211016T153747Z:a357396f-7ad9-4cab-ac2a-1d8965ef605f"
      },
      "ResponseBody": [
        "{\r\n",
        "  \u0022status\u0022: \u0022Succeeded\u0022\r\n",
        "}"
      ]
    }
  ],
  "Variables": {
    "LOCATION": "eastus",
    "RandomSeed": "1963490289",
    "RESOURCE_MANAGER_URL": null,
    "SUBSCRIPTION_ID": "db1ab6f0-4769-4b27-930e-01e2ef9c123c"
  }
}