{
  "Entries": [
    {
      "RequestUri": "https://management.azure.com/subscriptions/db1ab6f0-4769-4b27-930e-01e2ef9c123c?api-version=2021-01-01",
      "RequestMethod": "GET",
      "RequestHeaders": {
        "Accept": "application/json",
        "Authorization": "Sanitized",
        "traceparent": "00-db0df257c971b861922aa67a0e816f00-cf46084f9969fbff-00",
        "User-Agent": "azsdk-net-ResourceManager/1.2.1 (.NET 6.0.7; Microsoft Windows 10.0.17763)",
        "x-ms-client-request-id": "8db60dac5e5906b9bdfc399be1d862cc",
        "x-ms-return-client-request-id": "true"
      },
      "RequestBody": null,
      "StatusCode": 200,
      "ResponseHeaders": {
        "Cache-Control": "no-cache",
        "Content-Length": "747",
        "Content-Type": "application/json; charset=utf-8",
        "Date": "Wed, 03 Aug 2022 01:28:43 GMT",
        "Expires": "-1",
        "Pragma": "no-cache",
        "Strict-Transport-Security": "max-age=31536000; includeSubDomains",
        "X-Content-Type-Options": "nosniff",
        "x-ms-correlation-request-id": "700470e5-3896-430b-b413-224621b59643",
        "x-ms-ratelimit-remaining-subscription-reads": "11964",
        "x-ms-request-id": "700470e5-3896-430b-b413-224621b59643",
        "x-ms-routing-request-id": "WESTCENTRALUS:20220803T012844Z:700470e5-3896-430b-b413-224621b59643"
      },
      "ResponseBody": {
        "id": "/subscriptions/db1ab6f0-4769-4b27-930e-01e2ef9c123c",
        "authorizationSource": "RoleBased",
        "managedByTenants": [],
        "tags": {
          "TagKey-9823": "TagValue-566",
          "TagKey-3481": "TagValue-320",
          "TagKey-4926": "TagValue-1187",
          "TagKey-751": "TagValue-3921",
          "TagKey-1866": "TagValue-8559",
          "TagKey-3094": "TagValue-9190",
          "TagKey-2449": "TagValue-9",
          "TagKey-8379": "TagValue-164",
          "TagKey-7470": "TagValue-2205",
          "TagKey-4236": "TagValue-3698",
          "TagKey-5316": "TagValue-2725"
        },
        "subscriptionId": "db1ab6f0-4769-4b27-930e-01e2ef9c123c",
        "tenantId": "72f988bf-86f1-41af-91ab-2d7cd011db47",
        "displayName": ".NET Mgmt SDK Test with TTL = 1 Day",
        "state": "Enabled",
        "subscriptionPolicies": {
          "locationPlacementId": "Internal_2014-09-01",
          "quotaId": "Internal_2014-09-01",
          "spendingLimit": "Off"
        }
      }
    },
    {
      "RequestUri": "https://management.azure.com/subscriptions/db1ab6f0-4769-4b27-930e-01e2ef9c123c/resourcegroups/csmrg1407?api-version=**",
      "RequestMethod": "PUT",
      "RequestHeaders": {
        "Accept": "application/json",
        "Authorization": "Sanitized",
        "Content-Length": "21",
        "Content-Type": "application/json",
        "traceparent": "00-b8c7489fed366ed42b91dc86b921441c-84b9c2304bc6d601-00",
        "User-Agent": "azsdk-net-ResourceManager/1.2.1 (.NET 6.0.7; Microsoft Windows 10.0.17763)",
        "x-ms-client-request-id": "b3719a68b9512d977091c276dc6aab8b",
        "x-ms-return-client-request-id": "true"
      },
      "RequestBody": {
        "location": "westus"
      },
      "StatusCode": 201,
      "ResponseHeaders": {
        "Cache-Control": "no-cache",
        "Content-Length": "215",
        "Content-Type": "application/json; charset=utf-8",
        "Date": "Wed, 03 Aug 2022 01:28:44 GMT",
        "Expires": "-1",
        "Pragma": "no-cache",
        "Strict-Transport-Security": "max-age=31536000; includeSubDomains",
        "X-Content-Type-Options": "nosniff",
        "x-ms-correlation-request-id": "af5b21c3-e013-44ca-8cdb-47bb28cd1a4a",
        "x-ms-ratelimit-remaining-subscription-writes": "1189",
        "x-ms-request-id": "af5b21c3-e013-44ca-8cdb-47bb28cd1a4a",
        "x-ms-routing-request-id": "WESTCENTRALUS:20220803T012845Z:af5b21c3-e013-44ca-8cdb-47bb28cd1a4a"
      },
      "ResponseBody": {
        "id": "/subscriptions/db1ab6f0-4769-4b27-930e-01e2ef9c123c/resourceGroups/csmrg1407",
        "name": "csmrg1407",
        "type": "Microsoft.Resources/resourceGroups",
        "location": "westus",
        "properties": {
          "provisioningState": "Succeeded"
        }
      }
    },
    {
      "RequestUri": "https://management.azure.com/subscriptions/db1ab6f0-4769-4b27-930e-01e2ef9c123c/resourceGroups/csmrg1407/providers/Microsoft.Network/publicIPAddresses/azsmnet1578?api-version=2022-09-01",
      "RequestMethod": "PUT",
      "RequestHeaders": {
        "Accept": "application/json",
        "Authorization": "Sanitized",
        "Content-Length": "143",
        "Content-Type": "application/json",
        "traceparent": "00-0b0d69a6d6d047007b4bdb05094a306f-7b717fa8a1f7e747-00",
        "User-Agent": "azsdk-net-ResourceManager.Network/1.1.0-alpha.20220802.1 (.NET 6.0.7; Microsoft Windows 10.0.17763)",
        "x-ms-client-request-id": "b977efa74bedfe7324e15ed692b18ec0",
        "x-ms-return-client-request-id": "true"
      },
      "RequestBody": {
        "location": "westus",
        "tags": {
          "key": "value"
        },
        "properties": {
          "publicIPAllocationMethod": "Dynamic",
          "dnsSettings": {
            "domainNameLabel": "azsmnet602"
          }
        }
      },
      "StatusCode": 201,
      "ResponseHeaders": {
        "azure-asyncnotification": "Enabled",
        "azure-asyncoperation": "https://management.azure.com/subscriptions/db1ab6f0-4769-4b27-930e-01e2ef9c123c/providers/Microsoft.Network/locations/westus/operations/1e19295e-4e1c-426e-840a-59edf3d1c4ef?api-version=2022-09-01",
        "Cache-Control": "no-cache",
        "Content-Length": "792",
        "Content-Type": "application/json; charset=utf-8",
        "Date": "Wed, 03 Aug 2022 01:28:45 GMT",
        "Expires": "-1",
        "Pragma": "no-cache",
        "Retry-After": "1",
        "Server": [
          "Microsoft-HTTPAPI/2.0",
          "Microsoft-HTTPAPI/2.0"
        ],
        "Strict-Transport-Security": "max-age=31536000; includeSubDomains",
        "X-Content-Type-Options": "nosniff",
        "x-ms-arm-service-request-id": "ab1e1f06-1699-4de4-bf53-5da5d3dd97db",
        "x-ms-client-request-id": "b977efa74bedfe7324e15ed692b18ec0",
        "x-ms-correlation-request-id": "52bc6e17-c5e4-499d-8d7f-cadc560978f6",
        "x-ms-ratelimit-remaining-subscription-writes": "1188",
        "x-ms-request-id": "1e19295e-4e1c-426e-840a-59edf3d1c4ef",
        "x-ms-routing-request-id": "WESTCENTRALUS:20220803T012846Z:52bc6e17-c5e4-499d-8d7f-cadc560978f6"
      },
      "ResponseBody": {
        "name": "azsmnet1578",
        "id": "/subscriptions/db1ab6f0-4769-4b27-930e-01e2ef9c123c/resourceGroups/csmrg1407/providers/Microsoft.Network/publicIPAddresses/azsmnet1578",
        "etag": "W/\u00220ce4314f-15b1-4b5e-a8d7-bfb8148bcb0f\u0022",
        "location": "westus",
        "tags": {
          "key": "value"
        },
        "properties": {
          "provisioningState": "Updating",
          "resourceGuid": "0fba7ff4-c429-4bbf-a6bd-a2ba1aca2b26",
          "publicIPAddressVersion": "IPv4",
          "publicIPAllocationMethod": "Dynamic",
          "idleTimeoutInMinutes": 4,
          "dnsSettings": {
            "domainNameLabel": "azsmnet602",
            "fqdn": "azsmnet602.westus.cloudapp.azure.com"
          },
          "ipTags": []
        },
        "type": "Microsoft.Network/publicIPAddresses",
        "sku": {
          "name": "Basic",
          "tier": "Regional"
        }
      }
    },
    {
      "RequestUri": "https://management.azure.com/subscriptions/db1ab6f0-4769-4b27-930e-01e2ef9c123c/providers/Microsoft.Network/locations/westus/operations/1e19295e-4e1c-426e-840a-59edf3d1c4ef?api-version=2022-09-01",
      "RequestMethod": "GET",
      "RequestHeaders": {
        "Authorization": "Sanitized",
        "traceparent": "00-0b0d69a6d6d047007b4bdb05094a306f-8a628931584facc4-00",
        "User-Agent": "azsdk-net-ResourceManager/1.2.1 (.NET 6.0.7; Microsoft Windows 10.0.17763)",
        "x-ms-client-request-id": "dcbbba23aebe26ac3f5394b5cf99fe10",
        "x-ms-return-client-request-id": "true"
      },
      "RequestBody": null,
      "StatusCode": 200,
      "ResponseHeaders": {
        "Cache-Control": "no-cache",
        "Content-Length": "30",
        "Content-Type": "application/json; charset=utf-8",
        "Date": "Wed, 03 Aug 2022 01:28:45 GMT",
        "Expires": "-1",
        "Pragma": "no-cache",
        "Retry-After": "2",
        "Server": [
          "Microsoft-HTTPAPI/2.0",
          "Microsoft-HTTPAPI/2.0"
        ],
        "Strict-Transport-Security": "max-age=31536000; includeSubDomains",
        "X-Content-Type-Options": "nosniff",
        "x-ms-arm-service-request-id": "571d533f-05d0-4e2d-b951-4c6615e7c36d",
        "x-ms-client-request-id": "dcbbba23aebe26ac3f5394b5cf99fe10",
        "x-ms-correlation-request-id": "19b73aec-a8e8-4d68-bb80-a56dd1f29585",
        "x-ms-ratelimit-remaining-subscription-reads": "11963",
        "x-ms-request-id": "275fb8b9-0973-403c-90ac-9c6e9f08982a",
        "x-ms-routing-request-id": "WESTCENTRALUS:20220803T012846Z:19b73aec-a8e8-4d68-bb80-a56dd1f29585"
      },
      "ResponseBody": {
        "status": "InProgress"
      }
    },
    {
      "RequestUri": "https://management.azure.com/subscriptions/db1ab6f0-4769-4b27-930e-01e2ef9c123c/providers/Microsoft.Network/locations/westus/operations/1e19295e-4e1c-426e-840a-59edf3d1c4ef?api-version=2022-09-01",
      "RequestMethod": "GET",
      "RequestHeaders": {
        "Authorization": "Sanitized",
        "traceparent": "00-0b0d69a6d6d047007b4bdb05094a306f-27e7f54f167c6557-00",
        "User-Agent": "azsdk-net-ResourceManager/1.2.1 (.NET 6.0.7; Microsoft Windows 10.0.17763)",
        "x-ms-client-request-id": "2f2c1be8f14652c3d017d02053e31e92",
        "x-ms-return-client-request-id": "true"
      },
      "RequestBody": null,
      "StatusCode": 200,
      "ResponseHeaders": {
        "Cache-Control": "no-cache",
        "Content-Length": "29",
        "Content-Type": "application/json; charset=utf-8",
        "Date": "Wed, 03 Aug 2022 01:28:47 GMT",
        "Expires": "-1",
        "Pragma": "no-cache",
        "Server": [
          "Microsoft-HTTPAPI/2.0",
          "Microsoft-HTTPAPI/2.0"
        ],
        "Strict-Transport-Security": "max-age=31536000; includeSubDomains",
        "X-Content-Type-Options": "nosniff",
        "x-ms-arm-service-request-id": "54090aa1-b3e9-4269-8518-efc5751b617c",
        "x-ms-client-request-id": "2f2c1be8f14652c3d017d02053e31e92",
        "x-ms-correlation-request-id": "cd68c580-3eda-423c-9f30-a730fd8e861e",
        "x-ms-ratelimit-remaining-subscription-reads": "11962",
        "x-ms-request-id": "339eeb68-51b7-4afe-b338-51ea19584a1a",
        "x-ms-routing-request-id": "WESTCENTRALUS:20220803T012848Z:cd68c580-3eda-423c-9f30-a730fd8e861e"
      },
      "ResponseBody": {
        "status": "Succeeded"
      }
    },
    {
      "RequestUri": "https://management.azure.com/subscriptions/db1ab6f0-4769-4b27-930e-01e2ef9c123c/resourceGroups/csmrg1407/providers/Microsoft.Network/publicIPAddresses/azsmnet1578?api-version=2022-09-01",
      "RequestMethod": "GET",
      "RequestHeaders": {
        "Authorization": "Sanitized",
        "traceparent": "00-0b0d69a6d6d047007b4bdb05094a306f-7a5a56705bf2be40-00",
        "User-Agent": "azsdk-net-ResourceManager/1.2.1 (.NET 6.0.7; Microsoft Windows 10.0.17763)",
        "x-ms-client-request-id": "d8b34d54b1f58f01cf1e8c07bf69904f",
        "x-ms-return-client-request-id": "true"
      },
      "RequestBody": null,
      "StatusCode": 200,
      "ResponseHeaders": {
        "Cache-Control": "no-cache",
        "Content-Length": "793",
        "Content-Type": "application/json; charset=utf-8",
        "Date": "Wed, 03 Aug 2022 01:28:47 GMT",
        "ETag": "W/\u00225d5e7988-3fc7-43fb-a99d-576855dbe0f8\u0022",
        "Expires": "-1",
        "Pragma": "no-cache",
        "Server": [
          "Microsoft-HTTPAPI/2.0",
          "Microsoft-HTTPAPI/2.0"
        ],
        "Strict-Transport-Security": "max-age=31536000; includeSubDomains",
        "X-Content-Type-Options": "nosniff",
        "x-ms-arm-service-request-id": "f8d64f30-6c9b-41f8-b005-b1277d85dc96",
        "x-ms-client-request-id": "d8b34d54b1f58f01cf1e8c07bf69904f",
        "x-ms-correlation-request-id": "8735c0ce-a36a-49ec-86da-33d9b9321af4",
        "x-ms-ratelimit-remaining-subscription-reads": "11961",
        "x-ms-request-id": "6ada4aa3-3ffe-4b51-9b9d-840a41a78dbb",
        "x-ms-routing-request-id": "WESTCENTRALUS:20220803T012848Z:8735c0ce-a36a-49ec-86da-33d9b9321af4"
      },
      "ResponseBody": {
        "name": "azsmnet1578",
        "id": "/subscriptions/db1ab6f0-4769-4b27-930e-01e2ef9c123c/resourceGroups/csmrg1407/providers/Microsoft.Network/publicIPAddresses/azsmnet1578",
        "etag": "W/\u00225d5e7988-3fc7-43fb-a99d-576855dbe0f8\u0022",
        "location": "westus",
        "tags": {
          "key": "value"
        },
        "properties": {
          "provisioningState": "Succeeded",
          "resourceGuid": "0fba7ff4-c429-4bbf-a6bd-a2ba1aca2b26",
          "publicIPAddressVersion": "IPv4",
          "publicIPAllocationMethod": "Dynamic",
          "idleTimeoutInMinutes": 4,
          "dnsSettings": {
            "domainNameLabel": "azsmnet602",
            "fqdn": "azsmnet602.westus.cloudapp.azure.com"
          },
          "ipTags": []
        },
        "type": "Microsoft.Network/publicIPAddresses",
        "sku": {
          "name": "Basic",
          "tier": "Regional"
        }
      }
    },
    {
      "RequestUri": "https://management.azure.com/subscriptions/db1ab6f0-4769-4b27-930e-01e2ef9c123c/resourceGroups/csmrg1407/providers/Microsoft.Network/publicIPAddresses/azsmnet1578?api-version=2022-09-01",
      "RequestMethod": "GET",
      "RequestHeaders": {
        "Accept": "application/json",
        "Authorization": "Sanitized",
        "traceparent": "00-36fb68b6bde45d87e19fb64d65d51397-b418568df77ec784-00",
        "User-Agent": "azsdk-net-ResourceManager.Network/1.1.0-alpha.20220802.1 (.NET 6.0.7; Microsoft Windows 10.0.17763)",
        "x-ms-client-request-id": "c4a7e6ce5e6431caf6680ca7dd8cd25c",
        "x-ms-return-client-request-id": "true"
      },
      "RequestBody": null,
      "StatusCode": 200,
      "ResponseHeaders": {
        "Cache-Control": "no-cache",
        "Content-Length": "793",
        "Content-Type": "application/json; charset=utf-8",
        "Date": "Wed, 03 Aug 2022 01:28:48 GMT",
        "ETag": "W/\u00225d5e7988-3fc7-43fb-a99d-576855dbe0f8\u0022",
        "Expires": "-1",
        "Pragma": "no-cache",
        "Server": [
          "Microsoft-HTTPAPI/2.0",
          "Microsoft-HTTPAPI/2.0"
        ],
        "Strict-Transport-Security": "max-age=31536000; includeSubDomains",
        "X-Content-Type-Options": "nosniff",
        "x-ms-arm-service-request-id": "f6d2e578-0b11-4751-94d7-64934c4640ff",
        "x-ms-client-request-id": "c4a7e6ce5e6431caf6680ca7dd8cd25c",
        "x-ms-correlation-request-id": "df46b68d-2898-4fe1-864c-583d6bba446e",
        "x-ms-ratelimit-remaining-subscription-reads": "11960",
        "x-ms-request-id": "3e2dfa71-e9d1-41af-bc5f-a6e541a93dbe",
        "x-ms-routing-request-id": "WESTCENTRALUS:20220803T012848Z:df46b68d-2898-4fe1-864c-583d6bba446e"
      },
      "ResponseBody": {
        "name": "azsmnet1578",
        "id": "/subscriptions/db1ab6f0-4769-4b27-930e-01e2ef9c123c/resourceGroups/csmrg1407/providers/Microsoft.Network/publicIPAddresses/azsmnet1578",
        "etag": "W/\u00225d5e7988-3fc7-43fb-a99d-576855dbe0f8\u0022",
        "location": "westus",
        "tags": {
          "key": "value"
        },
        "properties": {
          "provisioningState": "Succeeded",
          "resourceGuid": "0fba7ff4-c429-4bbf-a6bd-a2ba1aca2b26",
          "publicIPAddressVersion": "IPv4",
          "publicIPAllocationMethod": "Dynamic",
          "idleTimeoutInMinutes": 4,
          "dnsSettings": {
            "domainNameLabel": "azsmnet602",
            "fqdn": "azsmnet602.westus.cloudapp.azure.com"
          },
          "ipTags": []
        },
        "type": "Microsoft.Network/publicIPAddresses",
        "sku": {
          "name": "Basic",
          "tier": "Regional"
        }
      }
    },
    {
      "RequestUri": "https://management.azure.com/subscriptions/db1ab6f0-4769-4b27-930e-01e2ef9c123c/resourceGroups/csmrg1407/providers/Microsoft.Network/virtualNetworks/azsmnet4848?api-version=2022-09-01",
      "RequestMethod": "PUT",
      "RequestHeaders": {
        "Accept": "application/json",
        "Authorization": "Sanitized",
        "Content-Length": "220",
        "Content-Type": "application/json",
        "traceparent": "00-521ac0e0c02761432c58b7716d7e3826-616b484a980ef13c-00",
        "User-Agent": "azsdk-net-ResourceManager.Network/1.1.0-alpha.20220802.1 (.NET 6.0.7; Microsoft Windows 10.0.17763)",
        "x-ms-client-request-id": "26e68161371a9d19602764bc93678781",
        "x-ms-return-client-request-id": "true"
      },
      "RequestBody": {
        "location": "westus",
        "properties": {
          "addressSpace": {
            "addressPrefixes": [
              "10.0.0.0/16"
            ]
          },
          "dhcpOptions": {
            "dnsServers": [
              "10.1.1.1",
              "10.1.2.4"
            ]
          },
          "subnets": [
            {
              "name": "azsmnet7573",
              "properties": {
                "addressPrefix": "10.0.0.0/24"
              }
            }
          ]
        }
      },
      "StatusCode": 201,
      "ResponseHeaders": {
        "azure-asyncnotification": "Enabled",
        "azure-asyncoperation": "https://management.azure.com/subscriptions/db1ab6f0-4769-4b27-930e-01e2ef9c123c/providers/Microsoft.Network/locations/westus/operations/781d57d0-d0da-4e8c-9218-e82439ce11a2?api-version=2022-09-01",
        "Cache-Control": "no-cache",
        "Content-Length": "1332",
        "Content-Type": "application/json; charset=utf-8",
        "Date": "Wed, 03 Aug 2022 01:28:48 GMT",
        "Expires": "-1",
        "Pragma": "no-cache",
        "Retry-After": "3",
        "Server": [
          "Microsoft-HTTPAPI/2.0",
          "Microsoft-HTTPAPI/2.0"
        ],
        "Strict-Transport-Security": "max-age=31536000; includeSubDomains",
        "X-Content-Type-Options": "nosniff",
        "x-ms-arm-service-request-id": "27f86e1e-17ea-47b1-8153-25224c3752de",
        "x-ms-client-request-id": "26e68161371a9d19602764bc93678781",
        "x-ms-correlation-request-id": "d6349d6b-df5c-4c24-9178-6cb2943cc85a",
        "x-ms-ratelimit-remaining-subscription-writes": "1187",
        "x-ms-request-id": "781d57d0-d0da-4e8c-9218-e82439ce11a2",
        "x-ms-routing-request-id": "WESTCENTRALUS:20220803T012849Z:d6349d6b-df5c-4c24-9178-6cb2943cc85a"
      },
      "ResponseBody": {
        "name": "azsmnet4848",
        "id": "/subscriptions/db1ab6f0-4769-4b27-930e-01e2ef9c123c/resourceGroups/csmrg1407/providers/Microsoft.Network/virtualNetworks/azsmnet4848",
        "etag": "W/\u0022fb4417c1-6792-4724-9d09-aa0579f8e440\u0022",
        "type": "Microsoft.Network/virtualNetworks",
        "location": "westus",
        "properties": {
          "provisioningState": "Updating",
          "resourceGuid": "cab2a87b-053a-4282-a013-89233415cf8f",
          "addressSpace": {
            "addressPrefixes": [
              "10.0.0.0/16"
            ]
          },
          "dhcpOptions": {
            "dnsServers": [
              "10.1.1.1",
              "10.1.2.4"
            ]
          },
          "subnets": [
            {
              "name": "azsmnet7573",
              "id": "/subscriptions/db1ab6f0-4769-4b27-930e-01e2ef9c123c/resourceGroups/csmrg1407/providers/Microsoft.Network/virtualNetworks/azsmnet4848/subnets/azsmnet7573",
              "etag": "W/\u0022fb4417c1-6792-4724-9d09-aa0579f8e440\u0022",
              "properties": {
                "provisioningState": "Updating",
                "addressPrefix": "10.0.0.0/24",
                "delegations": [],
                "privateEndpointNetworkPolicies": "Disabled",
                "privateLinkServiceNetworkPolicies": "Enabled"
              },
              "type": "Microsoft.Network/virtualNetworks/subnets"
            }
          ],
          "virtualNetworkPeerings": [],
          "enableDdosProtection": false
        }
      }
    },
    {
      "RequestUri": "https://management.azure.com/subscriptions/db1ab6f0-4769-4b27-930e-01e2ef9c123c/providers/Microsoft.Network/locations/westus/operations/781d57d0-d0da-4e8c-9218-e82439ce11a2?api-version=2022-09-01",
      "RequestMethod": "GET",
      "RequestHeaders": {
        "Authorization": "Sanitized",
        "traceparent": "00-521ac0e0c02761432c58b7716d7e3826-ac43b276a038583f-00",
        "User-Agent": "azsdk-net-ResourceManager/1.2.1 (.NET 6.0.7; Microsoft Windows 10.0.17763)",
        "x-ms-client-request-id": "0e07bdd1a8686fcbaac6fda2cd3ad5a4",
        "x-ms-return-client-request-id": "true"
      },
      "RequestBody": null,
      "StatusCode": 200,
      "ResponseHeaders": {
        "Cache-Control": "no-cache",
        "Content-Length": "30",
        "Content-Type": "application/json; charset=utf-8",
        "Date": "Wed, 03 Aug 2022 01:28:48 GMT",
        "Expires": "-1",
        "Pragma": "no-cache",
        "Retry-After": "10",
        "Server": [
          "Microsoft-HTTPAPI/2.0",
          "Microsoft-HTTPAPI/2.0"
        ],
        "Strict-Transport-Security": "max-age=31536000; includeSubDomains",
        "X-Content-Type-Options": "nosniff",
        "x-ms-arm-service-request-id": "64303b43-f683-4941-993a-96af0d82db9d",
        "x-ms-client-request-id": "0e07bdd1a8686fcbaac6fda2cd3ad5a4",
        "x-ms-correlation-request-id": "5c507d3e-0bfa-49dd-9100-64a7dd6b875d",
        "x-ms-ratelimit-remaining-subscription-reads": "11959",
        "x-ms-request-id": "bd332775-a53c-4694-aa21-0a337f21098d",
        "x-ms-routing-request-id": "WESTCENTRALUS:20220803T012849Z:5c507d3e-0bfa-49dd-9100-64a7dd6b875d"
      },
      "ResponseBody": {
        "status": "InProgress"
      }
    },
    {
      "RequestUri": "https://management.azure.com/subscriptions/db1ab6f0-4769-4b27-930e-01e2ef9c123c/providers/Microsoft.Network/locations/westus/operations/781d57d0-d0da-4e8c-9218-e82439ce11a2?api-version=2022-09-01",
      "RequestMethod": "GET",
      "RequestHeaders": {
        "Authorization": "Sanitized",
        "traceparent": "00-521ac0e0c02761432c58b7716d7e3826-724e9b23aa3f8cd2-00",
        "User-Agent": "azsdk-net-ResourceManager/1.2.1 (.NET 6.0.7; Microsoft Windows 10.0.17763)",
        "x-ms-client-request-id": "653a5c1fdb1f6bd3fe64448d92bfec1d",
        "x-ms-return-client-request-id": "true"
      },
      "RequestBody": null,
      "StatusCode": 200,
      "ResponseHeaders": {
        "Cache-Control": "no-cache",
        "Content-Length": "29",
        "Content-Type": "application/json; charset=utf-8",
        "Date": "Wed, 03 Aug 2022 01:28:59 GMT",
        "Expires": "-1",
        "Pragma": "no-cache",
        "Server": [
          "Microsoft-HTTPAPI/2.0",
          "Microsoft-HTTPAPI/2.0"
        ],
        "Strict-Transport-Security": "max-age=31536000; includeSubDomains",
        "X-Content-Type-Options": "nosniff",
        "x-ms-arm-service-request-id": "230f286f-57d5-4cbf-b25a-f97003a4f814",
        "x-ms-client-request-id": "653a5c1fdb1f6bd3fe64448d92bfec1d",
        "x-ms-correlation-request-id": "1cddcc4c-f438-42d7-aec0-90d6e0c5e770",
        "x-ms-ratelimit-remaining-subscription-reads": "11958",
        "x-ms-request-id": "a6bc84f5-8246-4f59-8f7d-5b863c0a4d12",
        "x-ms-routing-request-id": "WESTCENTRALUS:20220803T012859Z:1cddcc4c-f438-42d7-aec0-90d6e0c5e770"
      },
      "ResponseBody": {
        "status": "Succeeded"
      }
    },
    {
      "RequestUri": "https://management.azure.com/subscriptions/db1ab6f0-4769-4b27-930e-01e2ef9c123c/resourceGroups/csmrg1407/providers/Microsoft.Network/virtualNetworks/azsmnet4848?api-version=2022-09-01",
      "RequestMethod": "GET",
      "RequestHeaders": {
        "Authorization": "Sanitized",
        "traceparent": "00-521ac0e0c02761432c58b7716d7e3826-b2c4dcef07077979-00",
        "User-Agent": "azsdk-net-ResourceManager/1.2.1 (.NET 6.0.7; Microsoft Windows 10.0.17763)",
        "x-ms-client-request-id": "d5eb33db785fa918a1ccaf67f8e0b4a7",
        "x-ms-return-client-request-id": "true"
      },
      "RequestBody": null,
      "StatusCode": 200,
      "ResponseHeaders": {
        "Cache-Control": "no-cache",
        "Content-Length": "1334",
        "Content-Type": "application/json; charset=utf-8",
        "Date": "Wed, 03 Aug 2022 01:28:59 GMT",
        "ETag": "W/\u0022eca294ca-b75b-4a53-ae17-385438666aa2\u0022",
        "Expires": "-1",
        "Pragma": "no-cache",
        "Server": [
          "Microsoft-HTTPAPI/2.0",
          "Microsoft-HTTPAPI/2.0"
        ],
        "Strict-Transport-Security": "max-age=31536000; includeSubDomains",
        "X-Content-Type-Options": "nosniff",
        "x-ms-arm-service-request-id": "7548991f-4365-4c10-8e2d-9c89655a5288",
        "x-ms-client-request-id": "d5eb33db785fa918a1ccaf67f8e0b4a7",
        "x-ms-correlation-request-id": "62f74a80-8e01-4d58-b242-6d7c95ca1b1b",
        "x-ms-ratelimit-remaining-subscription-reads": "11957",
        "x-ms-request-id": "9797becd-3070-4209-953c-25d71962a9c4",
        "x-ms-routing-request-id": "WESTCENTRALUS:20220803T012859Z:62f74a80-8e01-4d58-b242-6d7c95ca1b1b"
      },
      "ResponseBody": {
        "name": "azsmnet4848",
        "id": "/subscriptions/db1ab6f0-4769-4b27-930e-01e2ef9c123c/resourceGroups/csmrg1407/providers/Microsoft.Network/virtualNetworks/azsmnet4848",
        "etag": "W/\u0022eca294ca-b75b-4a53-ae17-385438666aa2\u0022",
        "type": "Microsoft.Network/virtualNetworks",
        "location": "westus",
        "properties": {
          "provisioningState": "Succeeded",
          "resourceGuid": "cab2a87b-053a-4282-a013-89233415cf8f",
          "addressSpace": {
            "addressPrefixes": [
              "10.0.0.0/16"
            ]
          },
          "dhcpOptions": {
            "dnsServers": [
              "10.1.1.1",
              "10.1.2.4"
            ]
          },
          "subnets": [
            {
              "name": "azsmnet7573",
              "id": "/subscriptions/db1ab6f0-4769-4b27-930e-01e2ef9c123c/resourceGroups/csmrg1407/providers/Microsoft.Network/virtualNetworks/azsmnet4848/subnets/azsmnet7573",
              "etag": "W/\u0022eca294ca-b75b-4a53-ae17-385438666aa2\u0022",
              "properties": {
                "provisioningState": "Succeeded",
                "addressPrefix": "10.0.0.0/24",
                "delegations": [],
                "privateEndpointNetworkPolicies": "Disabled",
                "privateLinkServiceNetworkPolicies": "Enabled"
              },
              "type": "Microsoft.Network/virtualNetworks/subnets"
            }
          ],
          "virtualNetworkPeerings": [],
          "enableDdosProtection": false
        }
      }
    },
    {
      "RequestUri": "https://management.azure.com/subscriptions/db1ab6f0-4769-4b27-930e-01e2ef9c123c/resourceGroups/csmrg1407/providers/Microsoft.Network/virtualNetworks/azsmnet4848/subnets/azsmnet7573?api-version=2022-09-01",
      "RequestMethod": "GET",
      "RequestHeaders": {
        "Accept": "application/json",
        "Authorization": "Sanitized",
        "traceparent": "00-0df5704497224e1fbf85dd4dae1de534-a516ab97d7027de7-00",
        "User-Agent": "azsdk-net-ResourceManager.Network/1.1.0-alpha.20220802.1 (.NET 6.0.7; Microsoft Windows 10.0.17763)",
        "x-ms-client-request-id": "543a00b8e708f511ea9c1004633eddeb",
        "x-ms-return-client-request-id": "true"
      },
      "RequestBody": null,
      "StatusCode": 200,
      "ResponseHeaders": {
        "Cache-Control": "no-cache",
        "Content-Length": "535",
        "Content-Type": "application/json; charset=utf-8",
        "Date": "Wed, 03 Aug 2022 01:28:59 GMT",
        "ETag": "W/\u0022eca294ca-b75b-4a53-ae17-385438666aa2\u0022",
        "Expires": "-1",
        "Pragma": "no-cache",
        "Server": [
          "Microsoft-HTTPAPI/2.0",
          "Microsoft-HTTPAPI/2.0"
        ],
        "Strict-Transport-Security": "max-age=31536000; includeSubDomains",
        "X-Content-Type-Options": "nosniff",
        "x-ms-arm-service-request-id": "e0bffa6e-ce0a-49b2-b5cf-2f37888e2939",
        "x-ms-client-request-id": "543a00b8e708f511ea9c1004633eddeb",
        "x-ms-correlation-request-id": "464e5289-52cb-48c3-a3b8-fa3a120beff8",
        "x-ms-ratelimit-remaining-subscription-reads": "11956",
        "x-ms-request-id": "56bbff58-68ec-40f9-9d8e-4988b4592119",
        "x-ms-routing-request-id": "WESTCENTRALUS:20220803T012859Z:464e5289-52cb-48c3-a3b8-fa3a120beff8"
      },
      "ResponseBody": {
        "name": "azsmnet7573",
        "id": "/subscriptions/db1ab6f0-4769-4b27-930e-01e2ef9c123c/resourceGroups/csmrg1407/providers/Microsoft.Network/virtualNetworks/azsmnet4848/subnets/azsmnet7573",
        "etag": "W/\u0022eca294ca-b75b-4a53-ae17-385438666aa2\u0022",
        "properties": {
          "provisioningState": "Succeeded",
          "addressPrefix": "10.0.0.0/24",
          "delegations": [],
          "privateEndpointNetworkPolicies": "Disabled",
          "privateLinkServiceNetworkPolicies": "Enabled"
        },
        "type": "Microsoft.Network/virtualNetworks/subnets"
      }
    },
    {
      "RequestUri": "https://management.azure.com/subscriptions/db1ab6f0-4769-4b27-930e-01e2ef9c123c/resourceGroups/csmrg1407/providers/Microsoft.Network/networkInterfaces/azsmnet3297?api-version=2018-11-01",
      "RequestMethod": "PUT",
      "RequestHeaders": {
        "Accept": "application/json",
        "Authorization": "Sanitized",
        "Content-Length": "521",
        "Content-Type": "application/json",
        "traceparent": "00-a4b1c018fe1d1834b055a46b0365c071-ffc3053860f42f24-00",
        "User-Agent": "azsdk-net-ResourceManager.Network/1.1.0-alpha.20220802.1 (.NET 6.0.7; Microsoft Windows 10.0.17763)",
        "x-ms-client-request-id": "ff4f99c7a7459043c3522c6c721daf9d",
        "x-ms-return-client-request-id": "true"
      },
      "RequestBody": {
        "location": "westus",
        "tags": {
          "key": "value"
        },
        "properties": {
          "ipConfigurations": [
            {
              "name": "azsmnet8572",
              "properties": {
                "privateIPAllocationMethod": "Dynamic",
                "subnet": {
                  "id": "/subscriptions/db1ab6f0-4769-4b27-930e-01e2ef9c123c/resourceGroups/csmrg1407/providers/Microsoft.Network/virtualNetworks/azsmnet4848/subnets/azsmnet7573",
                  "properties": {}
                },
                "publicIPAddress": {
                  "id": "/subscriptions/db1ab6f0-4769-4b27-930e-01e2ef9c123c/resourceGroups/csmrg1407/providers/Microsoft.Network/publicIPAddresses/azsmnet1578",
                  "properties": {}
                }
              }
            }
          ]
        }
      },
      "StatusCode": 201,
      "ResponseHeaders": {
        "azure-asyncnotification": "Enabled",
        "azure-asyncoperation": "https://management.azure.com/subscriptions/db1ab6f0-4769-4b27-930e-01e2ef9c123c/providers/Microsoft.Network/locations/westus/operations/20116512-40dd-4da1-8ce1-c891d321ac0f?api-version=2018-11-01",
        "Cache-Control": "no-cache",
        "Content-Length": "1803",
        "Content-Type": "application/json; charset=utf-8",
        "Date": "Wed, 03 Aug 2022 01:29:00 GMT",
        "Expires": "-1",
        "Pragma": "no-cache",
        "Server": [
          "Microsoft-HTTPAPI/2.0",
          "Microsoft-HTTPAPI/2.0"
        ],
        "Strict-Transport-Security": "max-age=31536000; includeSubDomains",
        "X-Content-Type-Options": "nosniff",
        "x-ms-arm-service-request-id": "448b6bca-1540-4322-9aff-3bec107acafd",
        "x-ms-client-request-id": "ff4f99c7a7459043c3522c6c721daf9d",
        "x-ms-correlation-request-id": "d553ea0a-34dd-4ef4-a5f2-61b851dc0788",
        "x-ms-ratelimit-remaining-subscription-writes": "1186",
        "x-ms-request-id": "20116512-40dd-4da1-8ce1-c891d321ac0f",
        "x-ms-routing-request-id": "WESTCENTRALUS:20220803T012900Z:d553ea0a-34dd-4ef4-a5f2-61b851dc0788"
      },
      "ResponseBody": {
        "name": "azsmnet3297",
        "id": "/subscriptions/db1ab6f0-4769-4b27-930e-01e2ef9c123c/resourceGroups/csmrg1407/providers/Microsoft.Network/networkInterfaces/azsmnet3297",
        "etag": "W/\u0022b9c8222e-d7aa-4289-9dbe-3b65c2f95f3d\u0022",
        "tags": {
          "key": "value"
        },
        "properties": {
          "provisioningState": "Succeeded",
          "resourceGuid": "35258c67-e1c7-4a69-a40f-1c57667aef9b",
          "ipConfigurations": [
            {
              "name": "azsmnet8572",
              "id": "/subscriptions/db1ab6f0-4769-4b27-930e-01e2ef9c123c/resourceGroups/csmrg1407/providers/Microsoft.Network/networkInterfaces/azsmnet3297/ipConfigurations/azsmnet8572",
              "etag": "W/\u0022b9c8222e-d7aa-4289-9dbe-3b65c2f95f3d\u0022",
              "type": "Microsoft.Network/networkInterfaces/ipConfigurations",
              "properties": {
                "provisioningState": "Succeeded",
                "privateIPAddress": "10.0.0.4",
                "privateIPAllocationMethod": "Dynamic",
                "publicIPAddress": {
                  "id": "/subscriptions/db1ab6f0-4769-4b27-930e-01e2ef9c123c/resourceGroups/csmrg1407/providers/Microsoft.Network/publicIPAddresses/azsmnet1578"
                },
                "subnet": {
                  "id": "/subscriptions/db1ab6f0-4769-4b27-930e-01e2ef9c123c/resourceGroups/csmrg1407/providers/Microsoft.Network/virtualNetworks/azsmnet4848/subnets/azsmnet7573"
                },
                "primary": true,
                "privateIPAddressVersion": "IPv4"
              }
            }
          ],
          "dnsSettings": {
            "dnsServers": [],
            "appliedDnsServers": [],
            "internalDomainNameSuffix": "poulfsr0awbefiatrertifoprh.dx.internal.cloudapp.net"
          },
          "enableIPForwarding": false,
          "hostedWorkloads": [],
          "tapConfigurations": []
        },
        "type": "Microsoft.Network/networkInterfaces",
        "location": "westus"
      }
    },
    {
      "RequestUri": "https://management.azure.com/subscriptions/db1ab6f0-4769-4b27-930e-01e2ef9c123c/providers/Microsoft.Network/locations/westus/operations/20116512-40dd-4da1-8ce1-c891d321ac0f?api-version=2018-11-01",
      "RequestMethod": "GET",
      "RequestHeaders": {
        "Authorization": "Sanitized",
        "traceparent": "00-a4b1c018fe1d1834b055a46b0365c071-3fc50bb3c06f541b-00",
        "User-Agent": "azsdk-net-ResourceManager/1.2.1 (.NET 6.0.7; Microsoft Windows 10.0.17763)",
        "x-ms-client-request-id": "1b18188cb85893ba117823bec87e29f2",
        "x-ms-return-client-request-id": "true"
      },
      "RequestBody": null,
      "StatusCode": 200,
      "ResponseHeaders": {
        "Cache-Control": "no-cache",
        "Content-Length": "29",
        "Content-Type": "application/json; charset=utf-8",
        "Date": "Wed, 03 Aug 2022 01:29:00 GMT",
        "Expires": "-1",
        "Pragma": "no-cache",
        "Server": [
          "Microsoft-HTTPAPI/2.0",
          "Microsoft-HTTPAPI/2.0"
        ],
        "Strict-Transport-Security": "max-age=31536000; includeSubDomains",
        "X-Content-Type-Options": "nosniff",
        "x-ms-arm-service-request-id": "ff9c24e4-5f18-47c5-8983-411eef7454e9",
        "x-ms-client-request-id": "1b18188cb85893ba117823bec87e29f2",
        "x-ms-correlation-request-id": "29cfe790-f448-40ab-a265-cd5eedae18d2",
        "x-ms-ratelimit-remaining-subscription-reads": "11955",
        "x-ms-request-id": "9c00c837-9008-4375-bcf6-edcdb1875c2c",
        "x-ms-routing-request-id": "WESTCENTRALUS:20220803T012900Z:29cfe790-f448-40ab-a265-cd5eedae18d2"
      },
      "ResponseBody": {
        "status": "Succeeded"
      }
    },
    {
      "RequestUri": "https://management.azure.com/subscriptions/db1ab6f0-4769-4b27-930e-01e2ef9c123c/resourceGroups/csmrg1407/providers/Microsoft.Network/networkInterfaces/azsmnet3297?api-version=2018-11-01",
      "RequestMethod": "GET",
      "RequestHeaders": {
        "Authorization": "Sanitized",
        "traceparent": "00-a4b1c018fe1d1834b055a46b0365c071-2928c34b94f3208d-00",
        "User-Agent": "azsdk-net-ResourceManager/1.2.1 (.NET 6.0.7; Microsoft Windows 10.0.17763)",
        "x-ms-client-request-id": "4b6ac6544266d4cb765914823e2e4a61",
        "x-ms-return-client-request-id": "true"
      },
      "RequestBody": null,
      "StatusCode": 200,
      "ResponseHeaders": {
        "Cache-Control": "no-cache",
        "Content-Length": "1803",
        "Content-Type": "application/json; charset=utf-8",
        "Date": "Wed, 03 Aug 2022 01:29:00 GMT",
        "ETag": "W/\u0022b9c8222e-d7aa-4289-9dbe-3b65c2f95f3d\u0022",
        "Expires": "-1",
        "Pragma": "no-cache",
        "Server": [
          "Microsoft-HTTPAPI/2.0",
          "Microsoft-HTTPAPI/2.0"
        ],
        "Strict-Transport-Security": "max-age=31536000; includeSubDomains",
        "X-Content-Type-Options": "nosniff",
        "x-ms-arm-service-request-id": "4c1c7138-85e2-436a-8ba2-f685b607f094",
        "x-ms-client-request-id": "4b6ac6544266d4cb765914823e2e4a61",
        "x-ms-correlation-request-id": "a176b4ef-e488-47b4-ba6b-468098336711",
        "x-ms-ratelimit-remaining-subscription-reads": "11954",
        "x-ms-request-id": "296f7a38-b757-43d6-84f4-e9403e922328",
        "x-ms-routing-request-id": "WESTCENTRALUS:20220803T012901Z:a176b4ef-e488-47b4-ba6b-468098336711"
      },
      "ResponseBody": {
        "name": "azsmnet3297",
        "id": "/subscriptions/db1ab6f0-4769-4b27-930e-01e2ef9c123c/resourceGroups/csmrg1407/providers/Microsoft.Network/networkInterfaces/azsmnet3297",
        "etag": "W/\u0022b9c8222e-d7aa-4289-9dbe-3b65c2f95f3d\u0022",
        "tags": {
          "key": "value"
        },
        "properties": {
          "provisioningState": "Succeeded",
          "resourceGuid": "35258c67-e1c7-4a69-a40f-1c57667aef9b",
          "ipConfigurations": [
            {
              "name": "azsmnet8572",
              "id": "/subscriptions/db1ab6f0-4769-4b27-930e-01e2ef9c123c/resourceGroups/csmrg1407/providers/Microsoft.Network/networkInterfaces/azsmnet3297/ipConfigurations/azsmnet8572",
              "etag": "W/\u0022b9c8222e-d7aa-4289-9dbe-3b65c2f95f3d\u0022",
              "type": "Microsoft.Network/networkInterfaces/ipConfigurations",
              "properties": {
                "provisioningState": "Succeeded",
                "privateIPAddress": "10.0.0.4",
                "privateIPAllocationMethod": "Dynamic",
                "publicIPAddress": {
                  "id": "/subscriptions/db1ab6f0-4769-4b27-930e-01e2ef9c123c/resourceGroups/csmrg1407/providers/Microsoft.Network/publicIPAddresses/azsmnet1578"
                },
                "subnet": {
                  "id": "/subscriptions/db1ab6f0-4769-4b27-930e-01e2ef9c123c/resourceGroups/csmrg1407/providers/Microsoft.Network/virtualNetworks/azsmnet4848/subnets/azsmnet7573"
                },
                "primary": true,
                "privateIPAddressVersion": "IPv4"
              }
            }
          ],
          "dnsSettings": {
            "dnsServers": [],
            "appliedDnsServers": [],
            "internalDomainNameSuffix": "poulfsr0awbefiatrertifoprh.dx.internal.cloudapp.net"
          },
          "enableIPForwarding": false,
          "hostedWorkloads": [],
          "tapConfigurations": []
        },
        "type": "Microsoft.Network/networkInterfaces",
        "location": "westus"
      }
    },
    {
      "RequestUri": "https://management.azure.com/subscriptions/db1ab6f0-4769-4b27-930e-01e2ef9c123c/resourceGroups/csmrg1407/providers/Microsoft.Network/networkInterfaces/azsmnet3297?api-version=2018-11-01",
      "RequestMethod": "GET",
      "RequestHeaders": {
        "Accept": "application/json",
        "Authorization": "Sanitized",
        "traceparent": "00-6b0356baf4ee41ae4e531ca76f15bc79-f733b19df730e1ca-00",
        "User-Agent": "azsdk-net-ResourceManager.Network/1.1.0-alpha.20220802.1 (.NET 6.0.7; Microsoft Windows 10.0.17763)",
        "x-ms-client-request-id": "59df686394051b45d6f1859cd0642c6c",
        "x-ms-return-client-request-id": "true"
      },
      "RequestBody": null,
      "StatusCode": 200,
      "ResponseHeaders": {
        "Cache-Control": "no-cache",
        "Content-Length": "1803",
        "Content-Type": "application/json; charset=utf-8",
        "Date": "Wed, 03 Aug 2022 01:29:01 GMT",
        "ETag": "W/\u0022b9c8222e-d7aa-4289-9dbe-3b65c2f95f3d\u0022",
        "Expires": "-1",
        "Pragma": "no-cache",
        "Server": [
          "Microsoft-HTTPAPI/2.0",
          "Microsoft-HTTPAPI/2.0"
        ],
        "Strict-Transport-Security": "max-age=31536000; includeSubDomains",
        "X-Content-Type-Options": "nosniff",
        "x-ms-arm-service-request-id": "d2dbbe2c-44a5-48e7-847e-059aa7eaeac1",
        "x-ms-client-request-id": "59df686394051b45d6f1859cd0642c6c",
        "x-ms-correlation-request-id": "e9fca8d8-106d-4d3b-abce-a039778c1c27",
        "x-ms-ratelimit-remaining-subscription-reads": "11953",
        "x-ms-request-id": "2c9648e8-beea-4d4b-997c-f626ce661a90",
        "x-ms-routing-request-id": "WESTCENTRALUS:20220803T012901Z:e9fca8d8-106d-4d3b-abce-a039778c1c27"
      },
      "ResponseBody": {
        "name": "azsmnet3297",
        "id": "/subscriptions/db1ab6f0-4769-4b27-930e-01e2ef9c123c/resourceGroups/csmrg1407/providers/Microsoft.Network/networkInterfaces/azsmnet3297",
        "etag": "W/\u0022b9c8222e-d7aa-4289-9dbe-3b65c2f95f3d\u0022",
        "tags": {
          "key": "value"
        },
        "properties": {
          "provisioningState": "Succeeded",
          "resourceGuid": "35258c67-e1c7-4a69-a40f-1c57667aef9b",
          "ipConfigurations": [
            {
              "name": "azsmnet8572",
              "id": "/subscriptions/db1ab6f0-4769-4b27-930e-01e2ef9c123c/resourceGroups/csmrg1407/providers/Microsoft.Network/networkInterfaces/azsmnet3297/ipConfigurations/azsmnet8572",
              "etag": "W/\u0022b9c8222e-d7aa-4289-9dbe-3b65c2f95f3d\u0022",
              "type": "Microsoft.Network/networkInterfaces/ipConfigurations",
              "properties": {
                "provisioningState": "Succeeded",
                "privateIPAddress": "10.0.0.4",
                "privateIPAllocationMethod": "Dynamic",
                "publicIPAddress": {
                  "id": "/subscriptions/db1ab6f0-4769-4b27-930e-01e2ef9c123c/resourceGroups/csmrg1407/providers/Microsoft.Network/publicIPAddresses/azsmnet1578"
                },
                "subnet": {
                  "id": "/subscriptions/db1ab6f0-4769-4b27-930e-01e2ef9c123c/resourceGroups/csmrg1407/providers/Microsoft.Network/virtualNetworks/azsmnet4848/subnets/azsmnet7573"
                },
                "primary": true,
                "privateIPAddressVersion": "IPv4"
              }
            }
          ],
          "dnsSettings": {
            "dnsServers": [],
            "appliedDnsServers": [],
            "internalDomainNameSuffix": "poulfsr0awbefiatrertifoprh.dx.internal.cloudapp.net"
          },
          "enableIPForwarding": false,
          "hostedWorkloads": [],
          "tapConfigurations": []
        },
        "type": "Microsoft.Network/networkInterfaces",
        "location": "westus"
      }
    },
    {
      "RequestUri": "https://management.azure.com/subscriptions/db1ab6f0-4769-4b27-930e-01e2ef9c123c/resourceGroups/csmrg1407/providers/Microsoft.Network/networkInterfaces/azsmnet3297?api-version=2018-11-01",
      "RequestMethod": "GET",
      "RequestHeaders": {
        "Accept": "application/json",
        "Authorization": "Sanitized",
        "traceparent": "00-15481126050de16433373dab69cac8a7-909d8f16fef4f166-00",
        "User-Agent": "azsdk-net-ResourceManager.Network/1.1.0-alpha.20220802.1 (.NET 6.0.7; Microsoft Windows 10.0.17763)",
        "x-ms-client-request-id": "7fc07598a3f84a5d4d44a4fea33854e3",
        "x-ms-return-client-request-id": "true"
      },
      "RequestBody": null,
      "StatusCode": 200,
      "ResponseHeaders": {
        "Cache-Control": "no-cache",
        "Content-Length": "1803",
        "Content-Type": "application/json; charset=utf-8",
        "Date": "Wed, 03 Aug 2022 01:29:01 GMT",
        "ETag": "W/\u0022b9c8222e-d7aa-4289-9dbe-3b65c2f95f3d\u0022",
        "Expires": "-1",
        "Pragma": "no-cache",
        "Server": [
          "Microsoft-HTTPAPI/2.0",
          "Microsoft-HTTPAPI/2.0"
        ],
        "Strict-Transport-Security": "max-age=31536000; includeSubDomains",
        "X-Content-Type-Options": "nosniff",
        "x-ms-arm-service-request-id": "f0a31712-14c6-4696-bdf3-6201598e4b24",
        "x-ms-client-request-id": "7fc07598a3f84a5d4d44a4fea33854e3",
        "x-ms-correlation-request-id": "018126fd-6eb1-440c-adbe-1e13af0a0719",
        "x-ms-ratelimit-remaining-subscription-reads": "11952",
        "x-ms-request-id": "0601689a-ba1d-4bcc-8521-725b206c3ee2",
        "x-ms-routing-request-id": "WESTCENTRALUS:20220803T012901Z:018126fd-6eb1-440c-adbe-1e13af0a0719"
      },
      "ResponseBody": {
        "name": "azsmnet3297",
        "id": "/subscriptions/db1ab6f0-4769-4b27-930e-01e2ef9c123c/resourceGroups/csmrg1407/providers/Microsoft.Network/networkInterfaces/azsmnet3297",
        "etag": "W/\u0022b9c8222e-d7aa-4289-9dbe-3b65c2f95f3d\u0022",
        "tags": {
          "key": "value"
        },
        "properties": {
          "provisioningState": "Succeeded",
          "resourceGuid": "35258c67-e1c7-4a69-a40f-1c57667aef9b",
          "ipConfigurations": [
            {
              "name": "azsmnet8572",
              "id": "/subscriptions/db1ab6f0-4769-4b27-930e-01e2ef9c123c/resourceGroups/csmrg1407/providers/Microsoft.Network/networkInterfaces/azsmnet3297/ipConfigurations/azsmnet8572",
              "etag": "W/\u0022b9c8222e-d7aa-4289-9dbe-3b65c2f95f3d\u0022",
              "type": "Microsoft.Network/networkInterfaces/ipConfigurations",
              "properties": {
                "provisioningState": "Succeeded",
                "privateIPAddress": "10.0.0.4",
                "privateIPAllocationMethod": "Dynamic",
                "publicIPAddress": {
                  "id": "/subscriptions/db1ab6f0-4769-4b27-930e-01e2ef9c123c/resourceGroups/csmrg1407/providers/Microsoft.Network/publicIPAddresses/azsmnet1578"
                },
                "subnet": {
                  "id": "/subscriptions/db1ab6f0-4769-4b27-930e-01e2ef9c123c/resourceGroups/csmrg1407/providers/Microsoft.Network/virtualNetworks/azsmnet4848/subnets/azsmnet7573"
                },
                "primary": true,
                "privateIPAddressVersion": "IPv4"
              }
            }
          ],
          "dnsSettings": {
            "dnsServers": [],
            "appliedDnsServers": [],
            "internalDomainNameSuffix": "poulfsr0awbefiatrertifoprh.dx.internal.cloudapp.net"
          },
          "enableIPForwarding": false,
          "hostedWorkloads": [],
          "tapConfigurations": []
        },
        "type": "Microsoft.Network/networkInterfaces",
        "location": "westus"
      }
    },
    {
      "RequestUri": "https://management.azure.com/subscriptions/db1ab6f0-4769-4b27-930e-01e2ef9c123c/resourceGroups/csmrg1407/providers/Microsoft.Network/networkInterfaces/azsmnet3297/ipConfigurations?api-version=2022-09-01",
      "RequestMethod": "GET",
      "RequestHeaders": {
        "Accept": "application/json",
        "Authorization": "Sanitized",
        "traceparent": "00-e7e425bde4c717936055643c2a6601db-26b4338554f38787-00",
        "User-Agent": "azsdk-net-ResourceManager.Network/1.1.0-alpha.20220802.1 (.NET 6.0.7; Microsoft Windows 10.0.17763)",
        "x-ms-client-request-id": "605ac12dd09ebfed804e7475bc2e0312",
        "x-ms-return-client-request-id": "true"
      },
      "RequestBody": null,
      "StatusCode": 200,
      "ResponseHeaders": {
        "Cache-Control": "no-cache",
        "Content-Length": "1014",
        "Content-Type": "application/json; charset=utf-8",
        "Date": "Wed, 03 Aug 2022 01:29:01 GMT",
        "Expires": "-1",
        "Pragma": "no-cache",
        "Server": [
          "Microsoft-HTTPAPI/2.0",
          "Microsoft-HTTPAPI/2.0"
        ],
        "Strict-Transport-Security": "max-age=31536000; includeSubDomains",
        "X-Content-Type-Options": "nosniff",
        "x-ms-arm-service-request-id": "f7040ff1-4bf0-4ef8-a8ec-8081c25fd274",
        "x-ms-client-request-id": "605ac12dd09ebfed804e7475bc2e0312",
        "x-ms-correlation-request-id": "bd3daaab-f362-44d2-b399-e1376e3c096e",
        "x-ms-ratelimit-remaining-subscription-reads": "11951",
        "x-ms-request-id": "34b45ccb-5e6b-4364-9e00-920cd2bc1b04",
        "x-ms-routing-request-id": "WESTCENTRALUS:20220803T012901Z:bd3daaab-f362-44d2-b399-e1376e3c096e"
      },
      "ResponseBody": {
        "value": [
          {
            "name": "azsmnet8572",
            "id": "/subscriptions/db1ab6f0-4769-4b27-930e-01e2ef9c123c/resourceGroups/csmrg1407/providers/Microsoft.Network/networkInterfaces/azsmnet3297/ipConfigurations/azsmnet8572",
            "etag": "W/\u0022b9c8222e-d7aa-4289-9dbe-3b65c2f95f3d\u0022",
            "type": "Microsoft.Network/networkInterfaces/ipConfigurations",
            "properties": {
              "provisioningState": "Succeeded",
              "privateIPAddress": "10.0.0.4",
              "privateIPAllocationMethod": "Dynamic",
              "publicIPAddress": {
                "id": "/subscriptions/db1ab6f0-4769-4b27-930e-01e2ef9c123c/resourceGroups/csmrg1407/providers/Microsoft.Network/publicIPAddresses/azsmnet1578"
              },
              "subnet": {
                "id": "/subscriptions/db1ab6f0-4769-4b27-930e-01e2ef9c123c/resourceGroups/csmrg1407/providers/Microsoft.Network/virtualNetworks/azsmnet4848/subnets/azsmnet7573"
              },
              "primary": true,
              "privateIPAddressVersion": "IPv4"
            }
          }
        ]
      }
    },
    {
      "RequestUri": "https://management.azure.com/subscriptions/db1ab6f0-4769-4b27-930e-01e2ef9c123c/resourceGroups/csmrg1407/providers/Microsoft.Network/networkInterfaces/azsmnet3297/loadBalancers?api-version=2022-09-01",
      "RequestMethod": "GET",
      "RequestHeaders": {
        "Accept": "application/json",
        "Authorization": "Sanitized",
        "traceparent": "00-8c72daf0cf761855c030c72a2c90aa09-9553ce2dd52dcd19-00",
        "User-Agent": "azsdk-net-ResourceManager.Network/1.1.0-alpha.20220802.1 (.NET 6.0.7; Microsoft Windows 10.0.17763)",
        "x-ms-client-request-id": "c9e9a82dca6ec0690b950cc0f047779e",
        "x-ms-return-client-request-id": "true"
      },
      "RequestBody": null,
      "StatusCode": 200,
      "ResponseHeaders": {
        "Cache-Control": "no-cache",
        "Content-Length": "19",
        "Content-Type": "application/json; charset=utf-8",
        "Date": "Wed, 03 Aug 2022 01:29:01 GMT",
        "Expires": "-1",
        "Pragma": "no-cache",
        "Server": [
          "Microsoft-HTTPAPI/2.0",
          "Microsoft-HTTPAPI/2.0"
        ],
        "Strict-Transport-Security": "max-age=31536000; includeSubDomains",
        "X-Content-Type-Options": "nosniff",
        "x-ms-arm-service-request-id": "49d9d35f-e011-45bc-9b5e-244270bc8d83",
        "x-ms-client-request-id": "c9e9a82dca6ec0690b950cc0f047779e",
        "x-ms-correlation-request-id": "0064bff8-9dcd-4cf8-84b1-9c44caa85858",
        "x-ms-ratelimit-remaining-subscription-reads": "11950",
        "x-ms-request-id": "ee5836fa-4065-4bc9-9571-46717a017b61",
        "x-ms-routing-request-id": "WESTCENTRALUS:20220803T012901Z:0064bff8-9dcd-4cf8-84b1-9c44caa85858"
      },
      "ResponseBody": {
        "value": []
      }
    },
    {
      "RequestUri": "https://management.azure.com/subscriptions/db1ab6f0-4769-4b27-930e-01e2ef9c123c/resourceGroups/csmrg1407/providers/Microsoft.Network/networkInterfaces?api-version=2018-11-01",
      "RequestMethod": "GET",
      "RequestHeaders": {
        "Accept": "application/json",
        "Authorization": "Sanitized",
        "traceparent": "00-7d391a6288bfc841862e6d92057c7623-854d953a6adbf0cc-00",
        "User-Agent": "azsdk-net-ResourceManager.Network/1.1.0-alpha.20220802.1 (.NET 6.0.7; Microsoft Windows 10.0.17763)",
        "x-ms-client-request-id": "0e6fa29ccc09c8cd8800ffaa2ee78d1f",
        "x-ms-return-client-request-id": "true"
      },
      "RequestBody": null,
      "StatusCode": 200,
      "ResponseHeaders": {
        "Cache-Control": "no-cache",
        "Content-Length": "2000",
        "Content-Type": "application/json; charset=utf-8",
        "Date": "Wed, 03 Aug 2022 01:29:01 GMT",
        "Expires": "-1",
        "Pragma": "no-cache",
        "Server": [
          "Microsoft-HTTPAPI/2.0",
          "Microsoft-HTTPAPI/2.0"
        ],
        "Strict-Transport-Security": "max-age=31536000; includeSubDomains",
        "X-Content-Type-Options": "nosniff",
        "x-ms-arm-service-request-id": "1db4fcc6-1092-466b-9ed4-012653cbf8e0",
        "x-ms-client-request-id": "0e6fa29ccc09c8cd8800ffaa2ee78d1f",
        "x-ms-correlation-request-id": "154d3dfc-a8fc-48a5-bfbd-74905f2b97ab",
        "x-ms-ratelimit-remaining-subscription-reads": "11949",
        "x-ms-request-id": "74e0d02f-712c-46e7-892c-c7b8b90eaf38",
        "x-ms-routing-request-id": "WESTCENTRALUS:20220803T012901Z:154d3dfc-a8fc-48a5-bfbd-74905f2b97ab"
      },
      "ResponseBody": {
        "value": [
          {
            "name": "azsmnet3297",
            "id": "/subscriptions/db1ab6f0-4769-4b27-930e-01e2ef9c123c/resourceGroups/csmrg1407/providers/Microsoft.Network/networkInterfaces/azsmnet3297",
            "etag": "W/\u0022b9c8222e-d7aa-4289-9dbe-3b65c2f95f3d\u0022",
            "tags": {
              "key": "value"
            },
            "properties": {
              "provisioningState": "Succeeded",
              "resourceGuid": "35258c67-e1c7-4a69-a40f-1c57667aef9b",
              "ipConfigurations": [
                {
                  "name": "azsmnet8572",
                  "id": "/subscriptions/db1ab6f0-4769-4b27-930e-01e2ef9c123c/resourceGroups/csmrg1407/providers/Microsoft.Network/networkInterfaces/azsmnet3297/ipConfigurations/azsmnet8572",
                  "etag": "W/\u0022b9c8222e-d7aa-4289-9dbe-3b65c2f95f3d\u0022",
                  "type": "Microsoft.Network/networkInterfaces/ipConfigurations",
                  "properties": {
                    "provisioningState": "Succeeded",
                    "privateIPAddress": "10.0.0.4",
                    "privateIPAllocationMethod": "Dynamic",
                    "publicIPAddress": {
                      "id": "/subscriptions/db1ab6f0-4769-4b27-930e-01e2ef9c123c/resourceGroups/csmrg1407/providers/Microsoft.Network/publicIPAddresses/azsmnet1578"
                    },
                    "subnet": {
                      "id": "/subscriptions/db1ab6f0-4769-4b27-930e-01e2ef9c123c/resourceGroups/csmrg1407/providers/Microsoft.Network/virtualNetworks/azsmnet4848/subnets/azsmnet7573"
                    },
                    "primary": true,
                    "privateIPAddressVersion": "IPv4"
                  }
                }
              ],
              "dnsSettings": {
                "dnsServers": [],
                "appliedDnsServers": [],
                "internalDomainNameSuffix": "poulfsr0awbefiatrertifoprh.dx.internal.cloudapp.net"
              },
              "enableIPForwarding": false,
              "hostedWorkloads": [],
              "tapConfigurations": []
            },
            "type": "Microsoft.Network/networkInterfaces",
            "location": "westus"
          }
        ]
      }
    },
    {
      "RequestUri": "https://management.azure.com/subscriptions/db1ab6f0-4769-4b27-930e-01e2ef9c123c/providers/Microsoft.Network/networkInterfaces?api-version=2018-11-01",
      "RequestMethod": "GET",
      "RequestHeaders": {
        "Accept": "application/json",
        "Authorization": "Sanitized",
        "traceparent": "00-507f99fe48882a984c39e39402bc0222-a94b4ac8ddb30379-00",
        "User-Agent": "azsdk-net-ResourceManager.Network/1.1.0-alpha.20220802.1 (.NET 6.0.7; Microsoft Windows 10.0.17763)",
        "x-ms-client-request-id": "fbd091408b4e6274589a5409c32ccf39",
        "x-ms-return-client-request-id": "true"
      },
      "RequestBody": null,
      "StatusCode": 200,
      "ResponseHeaders": {
        "Cache-Control": "no-cache",
        "Content-Length": "4509",
        "Content-Type": "application/json; charset=utf-8",
        "Date": "Wed, 03 Aug 2022 01:29:01 GMT",
        "Expires": "-1",
        "Pragma": "no-cache",
        "Server": [
          "Microsoft-HTTPAPI/2.0",
          "Microsoft-HTTPAPI/2.0"
        ],
        "Strict-Transport-Security": "max-age=31536000; includeSubDomains",
        "X-Content-Type-Options": "nosniff",
        "x-ms-arm-service-request-id": "01653306-f89a-425f-acf2-f2715850100e",
        "x-ms-client-request-id": "fbd091408b4e6274589a5409c32ccf39",
        "x-ms-correlation-request-id": "5dd4350f-3870-4207-8c51-24161ca7fd65",
        "x-ms-ratelimit-remaining-subscription-reads": "11948",
        "x-ms-request-id": "72b3867c-737a-47f2-b480-c24a138e6c82",
        "x-ms-routing-request-id": "WESTCENTRALUS:20220803T012901Z:5dd4350f-3870-4207-8c51-24161ca7fd65"
      },
      "ResponseBody": {
        "value": [
          {
            "name": "test-vm-rg796",
            "id": "/subscriptions/db1ab6f0-4769-4b27-930e-01e2ef9c123c/resourceGroups/AutoRestResources2/providers/Microsoft.Network/networkInterfaces/test-vm-rg796",
            "etag": "W/\u0022a013adf2-08f8-4907-ad3f-2fca45b1e3dd\u0022",
            "properties": {
              "provisioningState": "Succeeded",
              "resourceGuid": "77343a1f-bb57-4f0a-8129-65cb98d84086",
              "ipConfigurations": [
                {
                  "name": "ipconfig1",
                  "id": "/subscriptions/db1ab6f0-4769-4b27-930e-01e2ef9c123c/resourceGroups/AutoRestResources2/providers/Microsoft.Network/networkInterfaces/test-vm-rg796/ipConfigurations/ipconfig1",
                  "etag": "W/\u0022a013adf2-08f8-4907-ad3f-2fca45b1e3dd\u0022",
                  "type": "Microsoft.Network/networkInterfaces/ipConfigurations",
                  "properties": {
                    "provisioningState": "Succeeded",
                    "privateIPAddress": "10.0.0.4",
                    "privateIPAllocationMethod": "Dynamic",
                    "publicIPAddress": {
                      "id": "/subscriptions/db1ab6f0-4769-4b27-930e-01e2ef9c123c/resourceGroups/AutoRestResources2/providers/Microsoft.Network/publicIPAddresses/test-vm-rg-ip"
                    },
                    "subnet": {
                      "id": "/subscriptions/db1ab6f0-4769-4b27-930e-01e2ef9c123c/resourceGroups/AutoRestResources2/providers/Microsoft.Network/virtualNetworks/AutoRestResources2-vnet/subnets/default"
                    },
                    "primary": true,
                    "privateIPAddressVersion": "IPv4"
                  }
                }
              ],
              "dnsSettings": {
                "dnsServers": [],
                "appliedDnsServers": [],
                "internalDomainNameSuffix": "zzbt3ykchyzenceueag5cyvsga.dx.internal.cloudapp.net"
              },
              "macAddress": "00-22-48-08-51-62",
              "enableAcceleratedNetworking": true,
              "enableIPForwarding": false,
              "networkSecurityGroup": {
                "id": "/subscriptions/db1ab6f0-4769-4b27-930e-01e2ef9c123c/resourceGroups/AutoRestResources2/providers/Microsoft.Network/networkSecurityGroups/test-vm-rg-nsg"
              },
              "primary": true,
              "virtualMachine": {
                "id": "/subscriptions/db1ab6f0-4769-4b27-930e-01e2ef9c123c/resourceGroups/AutoRestResources2/providers/Microsoft.Compute/virtualMachines/test-vm-rg"
              },
              "hostedWorkloads": [],
              "tapConfigurations": []
            },
            "type": "Microsoft.Network/networkInterfaces",
            "location": "westus"
          },
          {
            "name": "azsmnet3297",
            "id": "/subscriptions/db1ab6f0-4769-4b27-930e-01e2ef9c123c/resourceGroups/csmrg1407/providers/Microsoft.Network/networkInterfaces/azsmnet3297",
            "etag": "W/\u0022b9c8222e-d7aa-4289-9dbe-3b65c2f95f3d\u0022",
            "tags": {
              "key": "value"
            },
            "properties": {
              "provisioningState": "Succeeded",
              "resourceGuid": "35258c67-e1c7-4a69-a40f-1c57667aef9b",
              "ipConfigurations": [
                {
                  "name": "azsmnet8572",
                  "id": "/subscriptions/db1ab6f0-4769-4b27-930e-01e2ef9c123c/resourceGroups/csmrg1407/providers/Microsoft.Network/networkInterfaces/azsmnet3297/ipConfigurations/azsmnet8572",
                  "etag": "W/\u0022b9c8222e-d7aa-4289-9dbe-3b65c2f95f3d\u0022",
                  "type": "Microsoft.Network/networkInterfaces/ipConfigurations",
                  "properties": {
                    "provisioningState": "Succeeded",
                    "privateIPAddress": "10.0.0.4",
                    "privateIPAllocationMethod": "Dynamic",
                    "publicIPAddress": {
                      "id": "/subscriptions/db1ab6f0-4769-4b27-930e-01e2ef9c123c/resourceGroups/csmrg1407/providers/Microsoft.Network/publicIPAddresses/azsmnet1578"
                    },
                    "subnet": {
                      "id": "/subscriptions/db1ab6f0-4769-4b27-930e-01e2ef9c123c/resourceGroups/csmrg1407/providers/Microsoft.Network/virtualNetworks/azsmnet4848/subnets/azsmnet7573"
                    },
                    "primary": true,
                    "privateIPAddressVersion": "IPv4"
                  }
                }
              ],
              "dnsSettings": {
                "dnsServers": [],
                "appliedDnsServers": [],
                "internalDomainNameSuffix": "poulfsr0awbefiatrertifoprh.dx.internal.cloudapp.net"
              },
              "enableIPForwarding": false,
              "hostedWorkloads": [],
              "tapConfigurations": []
            },
            "type": "Microsoft.Network/networkInterfaces",
            "location": "westus"
          }
        ]
      }
    },
    {
      "RequestUri": "https://management.azure.com/subscriptions/db1ab6f0-4769-4b27-930e-01e2ef9c123c/resourceGroups/csmrg1407/providers/Microsoft.Network/networkInterfaces/azsmnet3297?api-version=2018-11-01",
      "RequestMethod": "DELETE",
      "RequestHeaders": {
        "Accept": "application/json",
        "Authorization": "Sanitized",
        "traceparent": "00-7b8835075a2a2ce74cd60c51d9c7f7e0-a84c8b1b6e808fe1-00",
        "User-Agent": "azsdk-net-ResourceManager.Network/1.1.0-alpha.20220802.1 (.NET 6.0.7; Microsoft Windows 10.0.17763)",
        "x-ms-client-request-id": "1ad8d6d6f4bf6108da21416ecbbf9123",
        "x-ms-return-client-request-id": "true"
      },
      "RequestBody": null,
      "StatusCode": 200,
      "ResponseHeaders": {
        "azure-asyncnotification": "Enabled",
        "azure-asyncoperation": "https://management.azure.com/subscriptions/db1ab6f0-4769-4b27-930e-01e2ef9c123c/providers/Microsoft.Network/locations/westus/operations/44587aff-5dad-402c-aea6-fa23250a1cfc?api-version=2018-11-01",
        "Cache-Control": "no-cache",
        "Content-Length": "0",
        "Date": "Wed, 03 Aug 2022 01:29:03 GMT",
        "Expires": "-1",
        "Location": "https://management.azure.com/subscriptions/db1ab6f0-4769-4b27-930e-01e2ef9c123c/providers/Microsoft.Network/locations/westus/operationResults/44587aff-5dad-402c-aea6-fa23250a1cfc?api-version=2018-11-01",
        "Pragma": "no-cache",
        "Retry-After": "4",
        "Server": [
          "Microsoft-HTTPAPI/2.0",
          "Microsoft-HTTPAPI/2.0"
        ],
        "Strict-Transport-Security": "max-age=31536000; includeSubDomains",
        "X-Content-Type-Options": "nosniff",
        "x-ms-arm-service-request-id": "2fd743e6-26e8-43ac-9b21-4c8725cd2b7e",
        "x-ms-client-request-id": "1ad8d6d6f4bf6108da21416ecbbf9123",
        "x-ms-correlation-request-id": "132c3bed-f44e-4509-8a08-4b491a92b92b",
        "x-ms-ratelimit-remaining-subscription-deletes": "14996",
        "x-ms-request-id": "44587aff-5dad-402c-aea6-fa23250a1cfc",
        "x-ms-routing-request-id": "WESTCENTRALUS:20220803T012903Z:132c3bed-f44e-4509-8a08-4b491a92b92b"
      },
      "ResponseBody": null
    },
    {
      "RequestUri": "https://management.azure.com/subscriptions/db1ab6f0-4769-4b27-930e-01e2ef9c123c/providers/Microsoft.Network/locations/westus/operations/44587aff-5dad-402c-aea6-fa23250a1cfc?api-version=2018-11-01",
      "RequestMethod": "GET",
      "RequestHeaders": {
        "Authorization": "Sanitized",
        "traceparent": "00-7b8835075a2a2ce74cd60c51d9c7f7e0-fe1b5b9bb76abde6-00",
        "User-Agent": "azsdk-net-ResourceManager/1.2.1 (.NET 6.0.7; Microsoft Windows 10.0.17763)",
        "x-ms-client-request-id": "58d3c531730f4c5f886f212d49069799",
        "x-ms-return-client-request-id": "true"
      },
      "RequestBody": null,
      "StatusCode": 200,
      "ResponseHeaders": {
        "Cache-Control": "no-cache",
        "Content-Length": "29",
        "Content-Type": "application/json; charset=utf-8",
        "Date": "Wed, 03 Aug 2022 01:29:03 GMT",
        "Expires": "-1",
        "Pragma": "no-cache",
        "Server": [
          "Microsoft-HTTPAPI/2.0",
          "Microsoft-HTTPAPI/2.0"
        ],
        "Strict-Transport-Security": "max-age=31536000; includeSubDomains",
        "X-Content-Type-Options": "nosniff",
        "x-ms-arm-service-request-id": "f2898a30-2659-4e12-8824-68cc27f15a3f",
        "x-ms-client-request-id": "58d3c531730f4c5f886f212d49069799",
        "x-ms-correlation-request-id": "a74a628c-129c-43fe-9d45-26bfe300e981",
        "x-ms-ratelimit-remaining-subscription-reads": "11947",
        "x-ms-request-id": "47fa7826-5c94-44e6-83ba-2657bd9c6659",
        "x-ms-routing-request-id": "WESTCENTRALUS:20220803T012903Z:a74a628c-129c-43fe-9d45-26bfe300e981"
      },
      "ResponseBody": {
        "status": "Succeeded"
      }
    },
    {
      "RequestUri": "https://management.azure.com/subscriptions/db1ab6f0-4769-4b27-930e-01e2ef9c123c/resourceGroups/csmrg1407/providers/Microsoft.Network/networkInterfaces?api-version=2018-11-01",
      "RequestMethod": "GET",
      "RequestHeaders": {
        "Accept": "application/json",
        "Authorization": "Sanitized",
        "traceparent": "00-3b6619bb61b943c51d7a0c8546891719-25441345fefd1a81-00",
        "User-Agent": "azsdk-net-ResourceManager.Network/1.1.0-alpha.20220802.1 (.NET 6.0.7; Microsoft Windows 10.0.17763)",
        "x-ms-client-request-id": "d702300870ac5ac385c7ebb33e9ae916",
        "x-ms-return-client-request-id": "true"
      },
      "RequestBody": null,
      "StatusCode": 200,
      "ResponseHeaders": {
        "Cache-Control": "no-cache",
        "Content-Length": "12",
        "Content-Type": "application/json; charset=utf-8",
        "Date": "Wed, 03 Aug 2022 01:29:03 GMT",
        "Expires": "-1",
        "Pragma": "no-cache",
        "Strict-Transport-Security": "max-age=31536000; includeSubDomains",
        "X-Content-Type-Options": "nosniff",
        "x-ms-correlation-request-id": "2ec22445-e3b5-4f0b-aa76-f77c2ca32fbb",
        "x-ms-ratelimit-remaining-subscription-reads": "11946",
        "x-ms-request-id": "2ec22445-e3b5-4f0b-aa76-f77c2ca32fbb",
        "x-ms-routing-request-id": "WESTCENTRALUS:20220803T012903Z:2ec22445-e3b5-4f0b-aa76-f77c2ca32fbb"
      },
      "ResponseBody": {
        "value": []
      }
    },
    {
      "RequestUri": "https://management.azure.com/subscriptions/db1ab6f0-4769-4b27-930e-01e2ef9c123c/resourceGroups/csmrg1407/providers/Microsoft.Network/publicIPAddresses/azsmnet1578?api-version=2022-09-01",
      "RequestMethod": "DELETE",
      "RequestHeaders": {
        "Accept": "application/json",
        "Authorization": "Sanitized",
        "traceparent": "00-f92a2797a5627fde04f191d6c18df20e-83a6559e74c3d5d4-00",
        "User-Agent": "azsdk-net-ResourceManager.Network/1.1.0-alpha.20220802.1 (.NET 6.0.7; Microsoft Windows 10.0.17763)",
        "x-ms-client-request-id": "063de51c39eb94148c33d5065a23c728",
        "x-ms-return-client-request-id": "true"
      },
      "RequestBody": null,
      "StatusCode": 202,
      "ResponseHeaders": {
        "azure-asyncnotification": "Enabled",
        "azure-asyncoperation": "https://management.azure.com/subscriptions/db1ab6f0-4769-4b27-930e-01e2ef9c123c/providers/Microsoft.Network/locations/westus/operations/e113fe76-0c9f-4e4c-be64-6bb7e3ecb2de?api-version=2022-09-01",
        "Cache-Control": "no-cache",
        "Content-Length": "0",
        "Date": "Wed, 03 Aug 2022 01:29:03 GMT",
        "Expires": "-1",
        "Location": "https://management.azure.com/subscriptions/db1ab6f0-4769-4b27-930e-01e2ef9c123c/providers/Microsoft.Network/locations/westus/operationResults/e113fe76-0c9f-4e4c-be64-6bb7e3ecb2de?api-version=2022-09-01",
        "Pragma": "no-cache",
        "Retry-After": "10",
        "Server": [
          "Microsoft-HTTPAPI/2.0",
          "Microsoft-HTTPAPI/2.0"
        ],
        "Strict-Transport-Security": "max-age=31536000; includeSubDomains",
        "X-Content-Type-Options": "nosniff",
        "x-ms-arm-service-request-id": "80d7da7d-a534-4caf-b248-567532c2ffcb",
        "x-ms-client-request-id": "063de51c39eb94148c33d5065a23c728",
        "x-ms-correlation-request-id": "186eb824-3467-4081-96ad-e4baae1b55e5",
        "x-ms-ratelimit-remaining-subscription-deletes": "14995",
        "x-ms-request-id": "e113fe76-0c9f-4e4c-be64-6bb7e3ecb2de",
        "x-ms-routing-request-id": "WESTCENTRALUS:20220803T012903Z:186eb824-3467-4081-96ad-e4baae1b55e5"
      },
      "ResponseBody": null
    },
    {
      "RequestUri": "https://management.azure.com/subscriptions/db1ab6f0-4769-4b27-930e-01e2ef9c123c/providers/Microsoft.Network/locations/westus/operations/e113fe76-0c9f-4e4c-be64-6bb7e3ecb2de?api-version=2022-09-01",
      "RequestMethod": "GET",
      "RequestHeaders": {
        "Authorization": "Sanitized",
        "traceparent": "00-f92a2797a5627fde04f191d6c18df20e-2b56cb4f90569e0c-00",
        "User-Agent": "azsdk-net-ResourceManager/1.2.1 (.NET 6.0.7; Microsoft Windows 10.0.17763)",
        "x-ms-client-request-id": "64100b8691c8cfae1c6d4a799abcff62",
        "x-ms-return-client-request-id": "true"
      },
      "RequestBody": null,
      "StatusCode": 200,
      "ResponseHeaders": {
        "Cache-Control": "no-cache",
        "Content-Length": "30",
        "Content-Type": "application/json; charset=utf-8",
        "Date": "Wed, 03 Aug 2022 01:29:03 GMT",
        "Expires": "-1",
        "Pragma": "no-cache",
        "Retry-After": "10",
        "Server": [
          "Microsoft-HTTPAPI/2.0",
          "Microsoft-HTTPAPI/2.0"
        ],
        "Strict-Transport-Security": "max-age=31536000; includeSubDomains",
        "X-Content-Type-Options": "nosniff",
        "x-ms-arm-service-request-id": "9681002c-e362-4c2b-8d3b-b5ac13d3b01d",
        "x-ms-client-request-id": "64100b8691c8cfae1c6d4a799abcff62",
        "x-ms-correlation-request-id": "5bd66deb-1d65-458f-babe-d6039a20b122",
        "x-ms-ratelimit-remaining-subscription-reads": "11945",
        "x-ms-request-id": "8d12b706-4dd4-42c7-a14f-41712265a415",
        "x-ms-routing-request-id": "WESTCENTRALUS:20220803T012903Z:5bd66deb-1d65-458f-babe-d6039a20b122"
      },
      "ResponseBody": {
        "status": "InProgress"
      }
    },
    {
      "RequestUri": "https://management.azure.com/subscriptions/db1ab6f0-4769-4b27-930e-01e2ef9c123c/providers/Microsoft.Network/locations/westus/operations/e113fe76-0c9f-4e4c-be64-6bb7e3ecb2de?api-version=2022-09-01",
      "RequestMethod": "GET",
      "RequestHeaders": {
        "Authorization": "Sanitized",
        "traceparent": "00-f92a2797a5627fde04f191d6c18df20e-ba282c5f91f3430d-00",
        "User-Agent": "azsdk-net-ResourceManager/1.2.1 (.NET 6.0.7; Microsoft Windows 10.0.17763)",
        "x-ms-client-request-id": "223ec3ffa234ee54377c037267cc0cdf",
        "x-ms-return-client-request-id": "true"
      },
      "RequestBody": null,
      "StatusCode": 200,
      "ResponseHeaders": {
        "Cache-Control": "no-cache",
        "Content-Length": "29",
        "Content-Type": "application/json; charset=utf-8",
        "Date": "Wed, 03 Aug 2022 01:29:13 GMT",
        "Expires": "-1",
        "Pragma": "no-cache",
        "Server": [
          "Microsoft-HTTPAPI/2.0",
          "Microsoft-HTTPAPI/2.0"
        ],
        "Strict-Transport-Security": "max-age=31536000; includeSubDomains",
        "X-Content-Type-Options": "nosniff",
        "x-ms-arm-service-request-id": "3e1e8450-7522-432f-ab1c-118301ec57f7",
        "x-ms-client-request-id": "223ec3ffa234ee54377c037267cc0cdf",
        "x-ms-correlation-request-id": "aa39ff55-5cd3-4539-b1b1-c574f84ef035",
        "x-ms-ratelimit-remaining-subscription-reads": "11944",
        "x-ms-request-id": "1c9cc658-ab8b-453a-8341-95ec05d56dde",
        "x-ms-routing-request-id": "WESTCENTRALUS:20220803T012914Z:aa39ff55-5cd3-4539-b1b1-c574f84ef035"
      },
      "ResponseBody": {
        "status": "Succeeded"
      }
    },
    {
      "RequestUri": "https://management.azure.com/subscriptions/db1ab6f0-4769-4b27-930e-01e2ef9c123c/resourceGroups/csmrg1407/providers/Microsoft.Network/virtualNetworks/azsmnet4848?api-version=2022-09-01",
      "RequestMethod": "DELETE",
      "RequestHeaders": {
        "Accept": "application/json",
        "Authorization": "Sanitized",
        "traceparent": "00-d0eb6729852bd7882265e9459460fb59-76aa9876f160e225-00",
        "User-Agent": "azsdk-net-ResourceManager.Network/1.1.0-alpha.20220802.1 (.NET 6.0.7; Microsoft Windows 10.0.17763)",
        "x-ms-client-request-id": "4e80e7266312e35f6e962a54e3352545",
        "x-ms-return-client-request-id": "true"
      },
      "RequestBody": null,
      "StatusCode": 202,
      "ResponseHeaders": {
        "azure-asyncnotification": "Enabled",
        "azure-asyncoperation": "https://management.azure.com/subscriptions/db1ab6f0-4769-4b27-930e-01e2ef9c123c/providers/Microsoft.Network/locations/westus/operations/fe7f9702-1ff8-45d2-9a71-df50f4b414ed?api-version=2022-09-01",
        "Cache-Control": "no-cache",
        "Content-Length": "0",
        "Date": "Wed, 03 Aug 2022 01:29:14 GMT",
        "Expires": "-1",
        "Location": "https://management.azure.com/subscriptions/db1ab6f0-4769-4b27-930e-01e2ef9c123c/providers/Microsoft.Network/locations/westus/operationResults/fe7f9702-1ff8-45d2-9a71-df50f4b414ed?api-version=2022-09-01",
        "Pragma": "no-cache",
        "Retry-After": "10",
        "Server": [
          "Microsoft-HTTPAPI/2.0",
          "Microsoft-HTTPAPI/2.0"
        ],
        "Strict-Transport-Security": "max-age=31536000; includeSubDomains",
        "X-Content-Type-Options": "nosniff",
        "x-ms-arm-service-request-id": "f3d5ab49-9908-4ae5-a288-8f727e0f89b6",
        "x-ms-client-request-id": "4e80e7266312e35f6e962a54e3352545",
        "x-ms-correlation-request-id": "01763100-20db-454c-bc8f-b3e96ac03a39",
        "x-ms-ratelimit-remaining-subscription-deletes": "14994",
        "x-ms-request-id": "fe7f9702-1ff8-45d2-9a71-df50f4b414ed",
        "x-ms-routing-request-id": "WESTCENTRALUS:20220803T012914Z:01763100-20db-454c-bc8f-b3e96ac03a39"
      },
      "ResponseBody": null
    },
    {
      "RequestUri": "https://management.azure.com/subscriptions/db1ab6f0-4769-4b27-930e-01e2ef9c123c/providers/Microsoft.Network/locations/westus/operations/fe7f9702-1ff8-45d2-9a71-df50f4b414ed?api-version=2022-09-01",
      "RequestMethod": "GET",
      "RequestHeaders": {
        "Authorization": "Sanitized",
        "traceparent": "00-d0eb6729852bd7882265e9459460fb59-f8f7bb97af3590d3-00",
        "User-Agent": "azsdk-net-ResourceManager/1.2.1 (.NET 6.0.7; Microsoft Windows 10.0.17763)",
        "x-ms-client-request-id": "b3526a61b13c9b50645ab39d77000b01",
        "x-ms-return-client-request-id": "true"
      },
      "RequestBody": null,
      "StatusCode": 200,
      "ResponseHeaders": {
        "Cache-Control": "no-cache",
        "Content-Length": "30",
        "Content-Type": "application/json; charset=utf-8",
        "Date": "Wed, 03 Aug 2022 01:29:14 GMT",
        "Expires": "-1",
        "Pragma": "no-cache",
        "Retry-After": "10",
        "Server": [
          "Microsoft-HTTPAPI/2.0",
          "Microsoft-HTTPAPI/2.0"
        ],
        "Strict-Transport-Security": "max-age=31536000; includeSubDomains",
        "X-Content-Type-Options": "nosniff",
        "x-ms-arm-service-request-id": "22774a52-a2fb-4592-aa04-7f35354e7989",
        "x-ms-client-request-id": "b3526a61b13c9b50645ab39d77000b01",
        "x-ms-correlation-request-id": "9aef76ef-a9b6-4f16-81e2-e691f9bdcf56",
        "x-ms-ratelimit-remaining-subscription-reads": "11943",
        "x-ms-request-id": "1f55e7a9-3d0e-467f-8008-fbbc52d9eabd",
        "x-ms-routing-request-id": "WESTCENTRALUS:20220803T012914Z:9aef76ef-a9b6-4f16-81e2-e691f9bdcf56"
      },
      "ResponseBody": {
        "status": "InProgress"
      }
    },
    {
      "RequestUri": "https://management.azure.com/subscriptions/db1ab6f0-4769-4b27-930e-01e2ef9c123c/providers/Microsoft.Network/locations/westus/operations/fe7f9702-1ff8-45d2-9a71-df50f4b414ed?api-version=2022-09-01",
      "RequestMethod": "GET",
      "RequestHeaders": {
        "Authorization": "Sanitized",
        "traceparent": "00-d0eb6729852bd7882265e9459460fb59-d6da98c73ba3d785-00",
        "User-Agent": "azsdk-net-ResourceManager/1.2.1 (.NET 6.0.7; Microsoft Windows 10.0.17763)",
        "x-ms-client-request-id": "f7f9be5648833b712c9b97f036135632",
        "x-ms-return-client-request-id": "true"
      },
      "RequestBody": null,
      "StatusCode": 200,
      "ResponseHeaders": {
        "Cache-Control": "no-cache",
        "Content-Length": "29",
        "Content-Type": "application/json; charset=utf-8",
        "Date": "Wed, 03 Aug 2022 01:29:24 GMT",
        "Expires": "-1",
        "Pragma": "no-cache",
        "Server": [
          "Microsoft-HTTPAPI/2.0",
          "Microsoft-HTTPAPI/2.0"
        ],
        "Strict-Transport-Security": "max-age=31536000; includeSubDomains",
        "X-Content-Type-Options": "nosniff",
        "x-ms-arm-service-request-id": "8d5f6678-2db6-4804-90f0-789b9e091888",
        "x-ms-client-request-id": "f7f9be5648833b712c9b97f036135632",
        "x-ms-correlation-request-id": "cd947bde-079c-489f-8149-6d3a9f36a991",
        "x-ms-ratelimit-remaining-subscription-reads": "11942",
        "x-ms-request-id": "1cd725b0-76e4-4940-b07f-d9526df2eca5",
        "x-ms-routing-request-id": "WESTCENTRALUS:20220803T012924Z:cd947bde-079c-489f-8149-6d3a9f36a991"
      },
      "ResponseBody": {
        "status": "Succeeded"
      }
    }
  ],
  "Variables": {
    "AZURE_AUTHORITY_HOST": "https://login.microsoftonline.com",
    "LOCATION": "westus",
    "RandomSeed": "1988631003",
    "RESOURCE_MANAGER_URL": null,
    "SUBSCRIPTION_ID": "db1ab6f0-4769-4b27-930e-01e2ef9c123c"
  }
}
