{
  "Entries": [
    {
      "RequestUri": "https://management.azure.com/subscriptions/db1ab6f0-4769-4b27-930e-01e2ef9c123c?api-version=2021-01-01",
      "RequestMethod": "GET",
      "RequestHeaders": {
        "Accept": "application/json",
        "Authorization": "Sanitized",
        "traceparent": "00-7908a4c15fc4c54e91d9e43f38fe4d51-915ea5d34b89ae43-00",
        "User-Agent": "azsdk-net-ResourceManager/1.0.0-alpha.20220118.1 (.NET Framework 4.8.4420.0; Microsoft Windows 10.0.19043 )",
        "x-ms-client-request-id": "864ed1343eaebce4a4d2e4221d55617b",
        "x-ms-return-client-request-id": "true"
      },
      "RequestBody": null,
      "StatusCode": 200,
      "ResponseHeaders": {
        "Cache-Control": "no-cache",
        "Content-Length": "468",
        "Content-Type": "application/json; charset=utf-8",
        "Date": "Tue, 18 Jan 2022 20:36:12 GMT",
        "Expires": "-1",
        "Pragma": "no-cache",
        "Strict-Transport-Security": "max-age=31536000; includeSubDomains",
        "X-Content-Type-Options": "nosniff",
        "x-ms-correlation-request-id": "4bc060d3-4309-420d-9953-d180f6ee81b8",
        "x-ms-ratelimit-remaining-subscription-reads": "11957",
        "x-ms-request-id": "4bc060d3-4309-420d-9953-d180f6ee81b8",
        "x-ms-routing-request-id": "SOUTHEASTASIA:20220118T203612Z:4bc060d3-4309-420d-9953-d180f6ee81b8"
      },
      "ResponseBody": {
        "id": "/subscriptions/db1ab6f0-4769-4b27-930e-01e2ef9c123c",
        "authorizationSource": "RoleBased",
        "managedByTenants": [],
        "tags": {
          "tagKey1": "tagValue1",
          "tagKey2": "tagValue2"
        },
        "subscriptionId": "db1ab6f0-4769-4b27-930e-01e2ef9c123c",
        "tenantId": "72f988bf-86f1-41af-91ab-2d7cd011db47",
        "displayName": ".NET Mgmt SDK Test with TTL = 1 Day",
        "state": "Enabled",
        "subscriptionPolicies": {
          "locationPlacementId": "Internal_2014-09-01",
          "quotaId": "Internal_2014-09-01",
          "spendingLimit": "Off"
        }
      }
    },
    {
      "RequestUri": "https://management.azure.com/subscriptions/db1ab6f0-4769-4b27-930e-01e2ef9c123c/resourcegroups/csmrg2542?api-version=2021-04-01",
      "RequestMethod": "PUT",
      "RequestHeaders": {
        "Accept": "application/json",
        "Authorization": "Sanitized",
        "Content-Length": "31",
        "Content-Type": "application/json",
        "User-Agent": "azsdk-net-ResourceManager/1.0.0-alpha.20220118.1 (.NET Framework 4.8.4420.0; Microsoft Windows 10.0.19043 )",
        "x-ms-client-request-id": "49280757c460199d6190de717a80270f",
        "x-ms-return-client-request-id": "true"
      },
      "RequestBody": {
        "tags": {},
        "location": "eastus"
      },
      "StatusCode": 201,
      "ResponseHeaders": {
        "Cache-Control": "no-cache",
        "Content-Length": "225",
        "Content-Type": "application/json; charset=utf-8",
        "Date": "Tue, 18 Jan 2022 20:36:13 GMT",
        "Expires": "-1",
        "Pragma": "no-cache",
        "Strict-Transport-Security": "max-age=31536000; includeSubDomains",
        "X-Content-Type-Options": "nosniff",
        "x-ms-correlation-request-id": "2c8eebbd-b3e3-468a-8733-acf2524c17b6",
        "x-ms-ratelimit-remaining-subscription-writes": "1193",
        "x-ms-request-id": "2c8eebbd-b3e3-468a-8733-acf2524c17b6",
        "x-ms-routing-request-id": "SOUTHEASTASIA:20220118T203613Z:2c8eebbd-b3e3-468a-8733-acf2524c17b6"
      },
      "ResponseBody": {
        "id": "/subscriptions/db1ab6f0-4769-4b27-930e-01e2ef9c123c/resourceGroups/csmrg2542",
        "name": "csmrg2542",
        "type": "Microsoft.Resources/resourceGroups",
        "location": "eastus",
        "tags": {},
        "properties": {
          "provisioningState": "Succeeded"
        }
      }
    },
    {
      "RequestUri": "https://management.azure.com/subscriptions/db1ab6f0-4769-4b27-930e-01e2ef9c123c/resourceGroups/csmrg2542/providers/Microsoft.Network/publicIPAddresses/azsmnet6074?api-version=2021-02-01",
      "RequestMethod": "PUT",
      "RequestHeaders": {
        "Accept": "application/json",
        "Authorization": "Sanitized",
        "Content-Length": "144",
        "Content-Type": "application/json",
        "User-Agent": "azsdk-net-ResourceManager.Network/1.0.0-alpha.20220118.1 (.NET Framework 4.8.4420.0; Microsoft Windows 10.0.19043 )",
        "x-ms-client-request-id": "b1ad3172595d22115012ca6bf59b649a",
        "x-ms-return-client-request-id": "true"
      },
      "RequestBody": {
        "location": "eastus",
        "tags": {
          "key": "value"
        },
        "properties": {
          "publicIPAllocationMethod": "Dynamic",
          "dnsSettings": {
            "domainNameLabel": "azsmnet5326"
          }
        }
      },
      "StatusCode": 201,
      "ResponseHeaders": {
        "Azure-AsyncNotification": "Enabled",
        "Azure-AsyncOperation": "https://management.azure.com/subscriptions/db1ab6f0-4769-4b27-930e-01e2ef9c123c/providers/Microsoft.Network/locations/eastus/operations/0745399a-157d-4801-b229-b14758d45612?api-version=2021-02-01",
        "Cache-Control": "no-cache",
        "Content-Length": "794",
        "Content-Type": "application/json; charset=utf-8",
        "Date": "Tue, 18 Jan 2022 20:36:17 GMT",
        "Expires": "-1",
        "Pragma": "no-cache",
        "Retry-After": "1",
        "Server": [
          "Microsoft-HTTPAPI/2.0",
          "Microsoft-HTTPAPI/2.0"
        ],
        "Strict-Transport-Security": "max-age=31536000; includeSubDomains",
        "X-Content-Type-Options": "nosniff",
        "x-ms-arm-service-request-id": "d0e9108f-2e81-4efd-aeea-39e452803abc",
        "x-ms-client-request-id": "b1ad3172595d22115012ca6bf59b649a",
        "x-ms-correlation-request-id": "31a03a83-4614-49d0-90da-6d07d1beea43",
        "x-ms-ratelimit-remaining-subscription-writes": "1192",
        "x-ms-request-id": "0745399a-157d-4801-b229-b14758d45612",
        "x-ms-routing-request-id": "SOUTHEASTASIA:20220118T203617Z:31a03a83-4614-49d0-90da-6d07d1beea43"
      },
      "ResponseBody": [
        "{\r\n",
        "  \u0022name\u0022: \u0022azsmnet6074\u0022,\r\n",
        "  \u0022id\u0022: \u0022/subscriptions/db1ab6f0-4769-4b27-930e-01e2ef9c123c/resourceGroups/csmrg2542/providers/Microsoft.Network/publicIPAddresses/azsmnet6074\u0022,\r\n",
        "  \u0022etag\u0022: \u0022W/\\\u00220517fe0c-1dd8-4a09-9018-1a58a699d573\\\u0022\u0022,\r\n",
        "  \u0022location\u0022: \u0022eastus\u0022,\r\n",
        "  \u0022tags\u0022: {\r\n",
        "    \u0022key\u0022: \u0022value\u0022\r\n",
        "  },\r\n",
        "  \u0022properties\u0022: {\r\n",
        "    \u0022provisioningState\u0022: \u0022Updating\u0022,\r\n",
        "    \u0022resourceGuid\u0022: \u00222134a575-506d-4714-800a-6253d53410ff\u0022,\r\n",
        "    \u0022publicIPAddressVersion\u0022: \u0022IPv4\u0022,\r\n",
        "    \u0022publicIPAllocationMethod\u0022: \u0022Dynamic\u0022,\r\n",
        "    \u0022idleTimeoutInMinutes\u0022: 4,\r\n",
        "    \u0022dnsSettings\u0022: {\r\n",
        "      \u0022domainNameLabel\u0022: \u0022azsmnet5326\u0022,\r\n",
        "      \u0022fqdn\u0022: \u0022azsmnet5326.eastus.cloudapp.azure.com\u0022\r\n",
        "    },\r\n",
        "    \u0022ipTags\u0022: []\r\n",
        "  },\r\n",
        "  \u0022type\u0022: \u0022Microsoft.Network/publicIPAddresses\u0022,\r\n",
        "  \u0022sku\u0022: {\r\n",
        "    \u0022name\u0022: \u0022Basic\u0022,\r\n",
        "    \u0022tier\u0022: \u0022Regional\u0022\r\n",
        "  }\r\n",
        "}"
      ]
    },
    {
      "RequestUri": "https://management.azure.com/subscriptions/db1ab6f0-4769-4b27-930e-01e2ef9c123c/providers/Microsoft.Network/locations/eastus/operations/0745399a-157d-4801-b229-b14758d45612?api-version=2021-02-01",
      "RequestMethod": "GET",
      "RequestHeaders": {
        "Authorization": "Sanitized",
        "User-Agent": "azsdk-net-ResourceManager/1.0.0-alpha.20220118.1 (.NET Framework 4.8.4420.0; Microsoft Windows 10.0.19043 )",
        "x-ms-client-request-id": "49eefddda597cea9383d748b4ff59a42",
        "x-ms-return-client-request-id": "true"
      },
      "RequestBody": null,
      "StatusCode": 200,
      "ResponseHeaders": {
        "Cache-Control": "no-cache",
        "Content-Length": "29",
        "Content-Type": "application/json; charset=utf-8",
        "Date": "Tue, 18 Jan 2022 20:36:18 GMT",
        "Expires": "-1",
        "Pragma": "no-cache",
        "Server": [
          "Microsoft-HTTPAPI/2.0",
          "Microsoft-HTTPAPI/2.0"
        ],
        "Strict-Transport-Security": "max-age=31536000; includeSubDomains",
        "X-Content-Type-Options": "nosniff",
        "x-ms-arm-service-request-id": "12c75d83-f12f-4d89-b20f-ddbb79e430f4",
        "x-ms-client-request-id": "49eefddda597cea9383d748b4ff59a42",
        "x-ms-correlation-request-id": "a6373f07-bd0f-40a8-a7c5-4b31967c0cbd",
        "x-ms-ratelimit-remaining-subscription-reads": "11956",
        "x-ms-request-id": "1f734b2b-fbe7-4979-a270-a5b1992e0b05",
        "x-ms-routing-request-id": "SOUTHEASTASIA:20220118T203618Z:a6373f07-bd0f-40a8-a7c5-4b31967c0cbd"
      },
      "ResponseBody": [
        "{\r\n",
        "  \u0022status\u0022: \u0022Succeeded\u0022\r\n",
        "}"
      ]
    },
    {
      "RequestUri": "https://management.azure.com/subscriptions/db1ab6f0-4769-4b27-930e-01e2ef9c123c/resourceGroups/csmrg2542/providers/Microsoft.Network/publicIPAddresses/azsmnet6074?api-version=2021-02-01",
      "RequestMethod": "GET",
      "RequestHeaders": {
        "Authorization": "Sanitized",
        "User-Agent": "azsdk-net-ResourceManager/1.0.0-alpha.20220118.1 (.NET Framework 4.8.4420.0; Microsoft Windows 10.0.19043 )",
        "x-ms-client-request-id": "c85be00d098c6683814064af53c6f8fe",
        "x-ms-return-client-request-id": "true"
      },
      "RequestBody": null,
      "StatusCode": 200,
      "ResponseHeaders": {
        "Cache-Control": "no-cache",
        "Content-Length": "795",
        "Content-Type": "application/json; charset=utf-8",
        "Date": "Tue, 18 Jan 2022 20:36:18 GMT",
        "ETag": "W/\u0022d76a5ab6-34b0-417f-b822-24b735f0d2ad\u0022",
        "Expires": "-1",
        "Pragma": "no-cache",
        "Server": [
          "Microsoft-HTTPAPI/2.0",
          "Microsoft-HTTPAPI/2.0"
        ],
        "Strict-Transport-Security": "max-age=31536000; includeSubDomains",
        "X-Content-Type-Options": "nosniff",
        "x-ms-arm-service-request-id": "cdd94633-77e5-42eb-9d38-4d4f3fd2fef0",
        "x-ms-client-request-id": "c85be00d098c6683814064af53c6f8fe",
        "x-ms-correlation-request-id": "15edbe2c-1485-4cfc-993c-ba04cf3e6b2b",
        "x-ms-ratelimit-remaining-subscription-reads": "11955",
        "x-ms-request-id": "d3a2ef78-2401-4469-a10c-f2b624863df0",
        "x-ms-routing-request-id": "SOUTHEASTASIA:20220118T203619Z:15edbe2c-1485-4cfc-993c-ba04cf3e6b2b"
      },
      "ResponseBody": [
        "{\r\n",
        "  \u0022name\u0022: \u0022azsmnet6074\u0022,\r\n",
        "  \u0022id\u0022: \u0022/subscriptions/db1ab6f0-4769-4b27-930e-01e2ef9c123c/resourceGroups/csmrg2542/providers/Microsoft.Network/publicIPAddresses/azsmnet6074\u0022,\r\n",
        "  \u0022etag\u0022: \u0022W/\\\u0022d76a5ab6-34b0-417f-b822-24b735f0d2ad\\\u0022\u0022,\r\n",
        "  \u0022location\u0022: \u0022eastus\u0022,\r\n",
        "  \u0022tags\u0022: {\r\n",
        "    \u0022key\u0022: \u0022value\u0022\r\n",
        "  },\r\n",
        "  \u0022properties\u0022: {\r\n",
        "    \u0022provisioningState\u0022: \u0022Succeeded\u0022,\r\n",
        "    \u0022resourceGuid\u0022: \u00222134a575-506d-4714-800a-6253d53410ff\u0022,\r\n",
        "    \u0022publicIPAddressVersion\u0022: \u0022IPv4\u0022,\r\n",
        "    \u0022publicIPAllocationMethod\u0022: \u0022Dynamic\u0022,\r\n",
        "    \u0022idleTimeoutInMinutes\u0022: 4,\r\n",
        "    \u0022dnsSettings\u0022: {\r\n",
        "      \u0022domainNameLabel\u0022: \u0022azsmnet5326\u0022,\r\n",
        "      \u0022fqdn\u0022: \u0022azsmnet5326.eastus.cloudapp.azure.com\u0022\r\n",
        "    },\r\n",
        "    \u0022ipTags\u0022: []\r\n",
        "  },\r\n",
        "  \u0022type\u0022: \u0022Microsoft.Network/publicIPAddresses\u0022,\r\n",
        "  \u0022sku\u0022: {\r\n",
        "    \u0022name\u0022: \u0022Basic\u0022,\r\n",
        "    \u0022tier\u0022: \u0022Regional\u0022\r\n",
        "  }\r\n",
        "}"
      ]
    },
    {
      "RequestUri": "https://management.azure.com/subscriptions/db1ab6f0-4769-4b27-930e-01e2ef9c123c/providers/Microsoft.Network/locations/eastus/operations/0745399a-157d-4801-b229-b14758d45612?api-version=2021-02-01",
      "RequestMethod": "GET",
      "RequestHeaders": {
        "Authorization": "Sanitized",
        "User-Agent": "azsdk-net-ResourceManager/1.0.0-alpha.20220118.1 (.NET Framework 4.8.4420.0; Microsoft Windows 10.0.19043 )",
        "x-ms-client-request-id": "f88eb7541bad7f02b4b4fe9698241e57",
        "x-ms-return-client-request-id": "true"
      },
      "RequestBody": null,
      "StatusCode": 200,
      "ResponseHeaders": {
        "Cache-Control": "no-cache",
        "Content-Length": "29",
        "Content-Type": "application/json; charset=utf-8",
        "Date": "Tue, 18 Jan 2022 20:36:18 GMT",
        "Expires": "-1",
        "Pragma": "no-cache",
        "Server": [
          "Microsoft-HTTPAPI/2.0",
          "Microsoft-HTTPAPI/2.0"
        ],
        "Strict-Transport-Security": "max-age=31536000; includeSubDomains",
        "X-Content-Type-Options": "nosniff",
        "x-ms-arm-service-request-id": "fc3210b3-7d87-4b37-98c8-e5318febfee2",
        "x-ms-client-request-id": "f88eb7541bad7f02b4b4fe9698241e57",
        "x-ms-correlation-request-id": "385e7fa0-b039-4a1a-87da-311c6b36a90d",
        "x-ms-ratelimit-remaining-subscription-reads": "11954",
        "x-ms-request-id": "df82586a-b2aa-4a0a-9067-e772ff81493e",
        "x-ms-routing-request-id": "SOUTHEASTASIA:20220118T203619Z:385e7fa0-b039-4a1a-87da-311c6b36a90d"
      },
      "ResponseBody": [
        "{\r\n",
        "  \u0022status\u0022: \u0022Succeeded\u0022\r\n",
        "}"
      ]
    },
    {
      "RequestUri": "https://management.azure.com/subscriptions/db1ab6f0-4769-4b27-930e-01e2ef9c123c/resourceGroups/csmrg2542/providers/Microsoft.Network/publicIPAddresses/azsmnet6074?api-version=2021-02-01",
      "RequestMethod": "GET",
      "RequestHeaders": {
        "Authorization": "Sanitized",
        "User-Agent": "azsdk-net-ResourceManager/1.0.0-alpha.20220118.1 (.NET Framework 4.8.4420.0; Microsoft Windows 10.0.19043 )",
        "x-ms-client-request-id": "493dc313f4f6d4867a88c85741fa7a71",
        "x-ms-return-client-request-id": "true"
      },
      "RequestBody": null,
      "StatusCode": 200,
      "ResponseHeaders": {
        "Cache-Control": "no-cache",
        "Content-Length": "795",
        "Content-Type": "application/json; charset=utf-8",
        "Date": "Tue, 18 Jan 2022 20:36:19 GMT",
        "ETag": "W/\u0022d76a5ab6-34b0-417f-b822-24b735f0d2ad\u0022",
        "Expires": "-1",
        "Pragma": "no-cache",
        "Server": [
          "Microsoft-HTTPAPI/2.0",
          "Microsoft-HTTPAPI/2.0"
        ],
        "Strict-Transport-Security": "max-age=31536000; includeSubDomains",
        "X-Content-Type-Options": "nosniff",
        "x-ms-arm-service-request-id": "bc3a0baa-be5e-459c-847b-516947aaa6b1",
        "x-ms-client-request-id": "493dc313f4f6d4867a88c85741fa7a71",
        "x-ms-correlation-request-id": "0b77eddd-e1ba-48d7-b355-351ab78b5b10",
        "x-ms-ratelimit-remaining-subscription-reads": "11953",
        "x-ms-request-id": "c8a8c0b5-26a2-447c-921e-d5e2e03ae9e5",
        "x-ms-routing-request-id": "SOUTHEASTASIA:20220118T203619Z:0b77eddd-e1ba-48d7-b355-351ab78b5b10"
      },
      "ResponseBody": [
        "{\r\n",
        "  \u0022name\u0022: \u0022azsmnet6074\u0022,\r\n",
        "  \u0022id\u0022: \u0022/subscriptions/db1ab6f0-4769-4b27-930e-01e2ef9c123c/resourceGroups/csmrg2542/providers/Microsoft.Network/publicIPAddresses/azsmnet6074\u0022,\r\n",
        "  \u0022etag\u0022: \u0022W/\\\u0022d76a5ab6-34b0-417f-b822-24b735f0d2ad\\\u0022\u0022,\r\n",
        "  \u0022location\u0022: \u0022eastus\u0022,\r\n",
        "  \u0022tags\u0022: {\r\n",
        "    \u0022key\u0022: \u0022value\u0022\r\n",
        "  },\r\n",
        "  \u0022properties\u0022: {\r\n",
        "    \u0022provisioningState\u0022: \u0022Succeeded\u0022,\r\n",
        "    \u0022resourceGuid\u0022: \u00222134a575-506d-4714-800a-6253d53410ff\u0022,\r\n",
        "    \u0022publicIPAddressVersion\u0022: \u0022IPv4\u0022,\r\n",
        "    \u0022publicIPAllocationMethod\u0022: \u0022Dynamic\u0022,\r\n",
        "    \u0022idleTimeoutInMinutes\u0022: 4,\r\n",
        "    \u0022dnsSettings\u0022: {\r\n",
        "      \u0022domainNameLabel\u0022: \u0022azsmnet5326\u0022,\r\n",
        "      \u0022fqdn\u0022: \u0022azsmnet5326.eastus.cloudapp.azure.com\u0022\r\n",
        "    },\r\n",
        "    \u0022ipTags\u0022: []\r\n",
        "  },\r\n",
        "  \u0022type\u0022: \u0022Microsoft.Network/publicIPAddresses\u0022,\r\n",
        "  \u0022sku\u0022: {\r\n",
        "    \u0022name\u0022: \u0022Basic\u0022,\r\n",
        "    \u0022tier\u0022: \u0022Regional\u0022\r\n",
        "  }\r\n",
        "}"
      ]
    },
    {
      "RequestUri": "https://management.azure.com/subscriptions/db1ab6f0-4769-4b27-930e-01e2ef9c123c/resourceGroups/csmrg2542/providers/Microsoft.Network/publicIPAddresses/azsmnet6074?api-version=2021-02-01",
      "RequestMethod": "GET",
      "RequestHeaders": {
        "Accept": "application/json",
        "Authorization": "Sanitized",
        "User-Agent": "azsdk-net-ResourceManager.Network/1.0.0-alpha.20220118.1 (.NET Framework 4.8.4420.0; Microsoft Windows 10.0.19043 )",
        "x-ms-client-request-id": "97377645a267f195dddc14d70aeccd5c",
        "x-ms-return-client-request-id": "true"
      },
      "RequestBody": null,
      "StatusCode": 200,
      "ResponseHeaders": {
        "Cache-Control": "no-cache",
        "Content-Length": "795",
        "Content-Type": "application/json; charset=utf-8",
        "Date": "Tue, 18 Jan 2022 20:36:20 GMT",
        "ETag": "W/\u0022d76a5ab6-34b0-417f-b822-24b735f0d2ad\u0022",
        "Expires": "-1",
        "Pragma": "no-cache",
        "Server": [
          "Microsoft-HTTPAPI/2.0",
          "Microsoft-HTTPAPI/2.0"
        ],
        "Strict-Transport-Security": "max-age=31536000; includeSubDomains",
        "X-Content-Type-Options": "nosniff",
        "x-ms-arm-service-request-id": "59927538-d0d2-4a6c-9df6-d40757b28f8a",
        "x-ms-client-request-id": "97377645a267f195dddc14d70aeccd5c",
        "x-ms-correlation-request-id": "0a7ff075-ac70-48cf-becc-30562332053b",
        "x-ms-ratelimit-remaining-subscription-reads": "11952",
        "x-ms-request-id": "f548b6c2-38d4-4aac-a35d-6f10af9e9fdb",
        "x-ms-routing-request-id": "SOUTHEASTASIA:20220118T203620Z:0a7ff075-ac70-48cf-becc-30562332053b"
      },
      "ResponseBody": [
        "{\r\n",
        "  \u0022name\u0022: \u0022azsmnet6074\u0022,\r\n",
        "  \u0022id\u0022: \u0022/subscriptions/db1ab6f0-4769-4b27-930e-01e2ef9c123c/resourceGroups/csmrg2542/providers/Microsoft.Network/publicIPAddresses/azsmnet6074\u0022,\r\n",
        "  \u0022etag\u0022: \u0022W/\\\u0022d76a5ab6-34b0-417f-b822-24b735f0d2ad\\\u0022\u0022,\r\n",
        "  \u0022location\u0022: \u0022eastus\u0022,\r\n",
        "  \u0022tags\u0022: {\r\n",
        "    \u0022key\u0022: \u0022value\u0022\r\n",
        "  },\r\n",
        "  \u0022properties\u0022: {\r\n",
        "    \u0022provisioningState\u0022: \u0022Succeeded\u0022,\r\n",
        "    \u0022resourceGuid\u0022: \u00222134a575-506d-4714-800a-6253d53410ff\u0022,\r\n",
        "    \u0022publicIPAddressVersion\u0022: \u0022IPv4\u0022,\r\n",
        "    \u0022publicIPAllocationMethod\u0022: \u0022Dynamic\u0022,\r\n",
        "    \u0022idleTimeoutInMinutes\u0022: 4,\r\n",
        "    \u0022dnsSettings\u0022: {\r\n",
        "      \u0022domainNameLabel\u0022: \u0022azsmnet5326\u0022,\r\n",
        "      \u0022fqdn\u0022: \u0022azsmnet5326.eastus.cloudapp.azure.com\u0022\r\n",
        "    },\r\n",
        "    \u0022ipTags\u0022: []\r\n",
        "  },\r\n",
        "  \u0022type\u0022: \u0022Microsoft.Network/publicIPAddresses\u0022,\r\n",
        "  \u0022sku\u0022: {\r\n",
        "    \u0022name\u0022: \u0022Basic\u0022,\r\n",
        "    \u0022tier\u0022: \u0022Regional\u0022\r\n",
        "  }\r\n",
        "}"
      ]
    },
    {
      "RequestUri": "https://management.azure.com/subscriptions/db1ab6f0-4769-4b27-930e-01e2ef9c123c/resourceGroups/csmrg2542/providers/Microsoft.Network/virtualNetworks/azsmnet3009?api-version=2021-02-01",
      "RequestMethod": "PUT",
      "RequestHeaders": {
        "Accept": "application/json",
        "Authorization": "Sanitized",
        "Content-Length": "220",
        "Content-Type": "application/json",
        "User-Agent": "azsdk-net-ResourceManager.Network/1.0.0-alpha.20220118.1 (.NET Framework 4.8.4420.0; Microsoft Windows 10.0.19043 )",
        "x-ms-client-request-id": "ae898f9c6007ba317d2453aa3eba3a8d",
        "x-ms-return-client-request-id": "true"
      },
      "RequestBody": {
        "location": "eastus",
        "properties": {
          "addressSpace": {
            "addressPrefixes": [
              "10.0.0.0/16"
            ]
          },
          "dhcpOptions": {
            "dnsServers": [
              "10.1.1.1",
              "10.1.2.4"
            ]
          },
          "subnets": [
            {
              "name": "azsmnet9442",
              "properties": {
                "addressPrefix": "10.0.0.0/24"
              }
            }
          ]
        }
      },
      "StatusCode": 201,
      "ResponseHeaders": {
        "Azure-AsyncNotification": "Enabled",
        "Azure-AsyncOperation": "https://management.azure.com/subscriptions/db1ab6f0-4769-4b27-930e-01e2ef9c123c/providers/Microsoft.Network/locations/eastus/operations/355fc4ec-6db0-40c0-ace4-d244a5684edc?api-version=2021-02-01",
        "Cache-Control": "no-cache",
        "Content-Length": "1328",
        "Content-Type": "application/json; charset=utf-8",
        "Date": "Tue, 18 Jan 2022 20:36:24 GMT",
        "Expires": "-1",
        "Pragma": "no-cache",
        "Retry-After": "3",
        "Server": [
          "Microsoft-HTTPAPI/2.0",
          "Microsoft-HTTPAPI/2.0"
        ],
        "Strict-Transport-Security": "max-age=31536000; includeSubDomains",
        "X-Content-Type-Options": "nosniff",
        "x-ms-arm-service-request-id": "88ccba1a-e5e4-4262-a376-0a44b9465dac",
        "x-ms-client-request-id": "ae898f9c6007ba317d2453aa3eba3a8d",
        "x-ms-correlation-request-id": "dae52a10-f899-43db-ab5b-dcbe157164b0",
        "x-ms-ratelimit-remaining-subscription-writes": "1191",
        "x-ms-request-id": "355fc4ec-6db0-40c0-ace4-d244a5684edc",
        "x-ms-routing-request-id": "SOUTHEASTASIA:20220118T203624Z:dae52a10-f899-43db-ab5b-dcbe157164b0"
      },
      "ResponseBody": [
        "{\r\n",
        "  \u0022name\u0022: \u0022azsmnet3009\u0022,\r\n",
        "  \u0022id\u0022: \u0022/subscriptions/db1ab6f0-4769-4b27-930e-01e2ef9c123c/resourceGroups/csmrg2542/providers/Microsoft.Network/virtualNetworks/azsmnet3009\u0022,\r\n",
        "  \u0022etag\u0022: \u0022W/\\\u0022859815fa-53fe-4b1b-9d25-da99da2dfaf2\\\u0022\u0022,\r\n",
        "  \u0022type\u0022: \u0022Microsoft.Network/virtualNetworks\u0022,\r\n",
        "  \u0022location\u0022: \u0022eastus\u0022,\r\n",
        "  \u0022properties\u0022: {\r\n",
        "    \u0022provisioningState\u0022: \u0022Updating\u0022,\r\n",
        "    \u0022resourceGuid\u0022: \u00224bc532dd-3a47-4f62-8d3b-d2cfbb2c617d\u0022,\r\n",
        "    \u0022addressSpace\u0022: {\r\n",
        "      \u0022addressPrefixes\u0022: [\r\n",
        "        \u002210.0.0.0/16\u0022\r\n",
        "      ]\r\n",
        "    },\r\n",
        "    \u0022dhcpOptions\u0022: {\r\n",
        "      \u0022dnsServers\u0022: [\r\n",
        "        \u002210.1.1.1\u0022,\r\n",
        "        \u002210.1.2.4\u0022\r\n",
        "      ]\r\n",
        "    },\r\n",
        "    \u0022subnets\u0022: [\r\n",
        "      {\r\n",
        "        \u0022name\u0022: \u0022azsmnet9442\u0022,\r\n",
        "        \u0022id\u0022: \u0022/subscriptions/db1ab6f0-4769-4b27-930e-01e2ef9c123c/resourceGroups/csmrg2542/providers/Microsoft.Network/virtualNetworks/azsmnet3009/subnets/azsmnet9442\u0022,\r\n",
        "        \u0022etag\u0022: \u0022W/\\\u0022859815fa-53fe-4b1b-9d25-da99da2dfaf2\\\u0022\u0022,\r\n",
        "        \u0022properties\u0022: {\r\n",
        "          \u0022provisioningState\u0022: \u0022Updating\u0022,\r\n",
        "          \u0022addressPrefix\u0022: \u002210.0.0.0/24\u0022,\r\n",
        "          \u0022delegations\u0022: [],\r\n",
        "          \u0022privateEndpointNetworkPolicies\u0022: \u0022Enabled\u0022,\r\n",
        "          \u0022privateLinkServiceNetworkPolicies\u0022: \u0022Enabled\u0022\r\n",
        "        },\r\n",
        "        \u0022type\u0022: \u0022Microsoft.Network/virtualNetworks/subnets\u0022\r\n",
        "      }\r\n",
        "    ],\r\n",
        "    \u0022virtualNetworkPeerings\u0022: [],\r\n",
        "    \u0022enableDdosProtection\u0022: false\r\n",
        "  }\r\n",
        "}"
      ]
    },
    {
      "RequestUri": "https://management.azure.com/subscriptions/db1ab6f0-4769-4b27-930e-01e2ef9c123c/providers/Microsoft.Network/locations/eastus/operations/355fc4ec-6db0-40c0-ace4-d244a5684edc?api-version=2021-02-01",
      "RequestMethod": "GET",
      "RequestHeaders": {
        "Authorization": "Sanitized",
        "User-Agent": "azsdk-net-ResourceManager/1.0.0-alpha.20220118.1 (.NET Framework 4.8.4420.0; Microsoft Windows 10.0.19043 )",
        "x-ms-client-request-id": "eb5d343596e7d66e66ac24709e339d59",
        "x-ms-return-client-request-id": "true"
      },
      "RequestBody": null,
      "StatusCode": 200,
      "ResponseHeaders": {
        "Cache-Control": "no-cache",
        "Content-Length": "29",
        "Content-Type": "application/json; charset=utf-8",
        "Date": "Tue, 18 Jan 2022 20:36:25 GMT",
        "Expires": "-1",
        "Pragma": "no-cache",
        "Server": [
          "Microsoft-HTTPAPI/2.0",
          "Microsoft-HTTPAPI/2.0"
        ],
        "Strict-Transport-Security": "max-age=31536000; includeSubDomains",
        "X-Content-Type-Options": "nosniff",
        "x-ms-arm-service-request-id": "f33d75be-f2cc-4a1c-b624-8fe0e5025f0f",
        "x-ms-client-request-id": "eb5d343596e7d66e66ac24709e339d59",
        "x-ms-correlation-request-id": "32adad46-70d1-42f2-b887-ba3b5a4cf49a",
        "x-ms-ratelimit-remaining-subscription-reads": "11951",
        "x-ms-request-id": "0d02508e-6818-42e1-810f-b0240dad0e07",
        "x-ms-routing-request-id": "SOUTHEASTASIA:20220118T203625Z:32adad46-70d1-42f2-b887-ba3b5a4cf49a"
      },
      "ResponseBody": [
        "{\r\n",
        "  \u0022status\u0022: \u0022Succeeded\u0022\r\n",
        "}"
      ]
    },
    {
      "RequestUri": "https://management.azure.com/subscriptions/db1ab6f0-4769-4b27-930e-01e2ef9c123c/resourceGroups/csmrg2542/providers/Microsoft.Network/virtualNetworks/azsmnet3009?api-version=2021-02-01",
      "RequestMethod": "GET",
      "RequestHeaders": {
        "Authorization": "Sanitized",
        "User-Agent": "azsdk-net-ResourceManager/1.0.0-alpha.20220118.1 (.NET Framework 4.8.4420.0; Microsoft Windows 10.0.19043 )",
        "x-ms-client-request-id": "ab9b7d9d9b6e2b1c603e42ed7f81f0ef",
        "x-ms-return-client-request-id": "true"
      },
      "RequestBody": null,
      "StatusCode": 200,
      "ResponseHeaders": {
        "Cache-Control": "no-cache",
        "Content-Length": "1330",
        "Content-Type": "application/json; charset=utf-8",
        "Date": "Tue, 18 Jan 2022 20:36:25 GMT",
        "ETag": "W/\u00226142d8f3-3768-4d8b-ba65-6ef5489aed15\u0022",
        "Expires": "-1",
        "Pragma": "no-cache",
        "Server": [
          "Microsoft-HTTPAPI/2.0",
          "Microsoft-HTTPAPI/2.0"
        ],
        "Strict-Transport-Security": "max-age=31536000; includeSubDomains",
        "X-Content-Type-Options": "nosniff",
        "x-ms-arm-service-request-id": "54678dde-cb01-4cae-b4de-a5db38b4c3aa",
        "x-ms-client-request-id": "ab9b7d9d9b6e2b1c603e42ed7f81f0ef",
        "x-ms-correlation-request-id": "deeabfc4-15a8-4a3e-b1e4-afae2ad29a76",
        "x-ms-ratelimit-remaining-subscription-reads": "11950",
        "x-ms-request-id": "05dcc662-d119-4427-8174-a94b7eb27f20",
        "x-ms-routing-request-id": "SOUTHEASTASIA:20220118T203626Z:deeabfc4-15a8-4a3e-b1e4-afae2ad29a76"
      },
      "ResponseBody": [
        "{\r\n",
        "  \u0022name\u0022: \u0022azsmnet3009\u0022,\r\n",
        "  \u0022id\u0022: \u0022/subscriptions/db1ab6f0-4769-4b27-930e-01e2ef9c123c/resourceGroups/csmrg2542/providers/Microsoft.Network/virtualNetworks/azsmnet3009\u0022,\r\n",
        "  \u0022etag\u0022: \u0022W/\\\u00226142d8f3-3768-4d8b-ba65-6ef5489aed15\\\u0022\u0022,\r\n",
        "  \u0022type\u0022: \u0022Microsoft.Network/virtualNetworks\u0022,\r\n",
        "  \u0022location\u0022: \u0022eastus\u0022,\r\n",
        "  \u0022properties\u0022: {\r\n",
        "    \u0022provisioningState\u0022: \u0022Succeeded\u0022,\r\n",
        "    \u0022resourceGuid\u0022: \u00224bc532dd-3a47-4f62-8d3b-d2cfbb2c617d\u0022,\r\n",
        "    \u0022addressSpace\u0022: {\r\n",
        "      \u0022addressPrefixes\u0022: [\r\n",
        "        \u002210.0.0.0/16\u0022\r\n",
        "      ]\r\n",
        "    },\r\n",
        "    \u0022dhcpOptions\u0022: {\r\n",
        "      \u0022dnsServers\u0022: [\r\n",
        "        \u002210.1.1.1\u0022,\r\n",
        "        \u002210.1.2.4\u0022\r\n",
        "      ]\r\n",
        "    },\r\n",
        "    \u0022subnets\u0022: [\r\n",
        "      {\r\n",
        "        \u0022name\u0022: \u0022azsmnet9442\u0022,\r\n",
        "        \u0022id\u0022: \u0022/subscriptions/db1ab6f0-4769-4b27-930e-01e2ef9c123c/resourceGroups/csmrg2542/providers/Microsoft.Network/virtualNetworks/azsmnet3009/subnets/azsmnet9442\u0022,\r\n",
        "        \u0022etag\u0022: \u0022W/\\\u00226142d8f3-3768-4d8b-ba65-6ef5489aed15\\\u0022\u0022,\r\n",
        "        \u0022properties\u0022: {\r\n",
        "          \u0022provisioningState\u0022: \u0022Succeeded\u0022,\r\n",
        "          \u0022addressPrefix\u0022: \u002210.0.0.0/24\u0022,\r\n",
        "          \u0022delegations\u0022: [],\r\n",
        "          \u0022privateEndpointNetworkPolicies\u0022: \u0022Enabled\u0022,\r\n",
        "          \u0022privateLinkServiceNetworkPolicies\u0022: \u0022Enabled\u0022\r\n",
        "        },\r\n",
        "        \u0022type\u0022: \u0022Microsoft.Network/virtualNetworks/subnets\u0022\r\n",
        "      }\r\n",
        "    ],\r\n",
        "    \u0022virtualNetworkPeerings\u0022: [],\r\n",
        "    \u0022enableDdosProtection\u0022: false\r\n",
        "  }\r\n",
        "}"
      ]
    },
    {
      "RequestUri": "https://management.azure.com/subscriptions/db1ab6f0-4769-4b27-930e-01e2ef9c123c/providers/Microsoft.Network/locations/eastus/operations/355fc4ec-6db0-40c0-ace4-d244a5684edc?api-version=2021-02-01",
      "RequestMethod": "GET",
      "RequestHeaders": {
        "Authorization": "Sanitized",
        "User-Agent": "azsdk-net-ResourceManager/1.0.0-alpha.20220118.1 (.NET Framework 4.8.4420.0; Microsoft Windows 10.0.19043 )",
        "x-ms-client-request-id": "0975e7694e5cbaa5b31620434cbdad38",
        "x-ms-return-client-request-id": "true"
      },
      "RequestBody": null,
      "StatusCode": 200,
      "ResponseHeaders": {
        "Cache-Control": "no-cache",
        "Content-Length": "29",
        "Content-Type": "application/json; charset=utf-8",
        "Date": "Tue, 18 Jan 2022 20:36:25 GMT",
        "Expires": "-1",
        "Pragma": "no-cache",
        "Server": [
          "Microsoft-HTTPAPI/2.0",
          "Microsoft-HTTPAPI/2.0"
        ],
        "Strict-Transport-Security": "max-age=31536000; includeSubDomains",
        "X-Content-Type-Options": "nosniff",
        "x-ms-arm-service-request-id": "807e62e8-ffc9-4366-974a-bbccba6ac8aa",
        "x-ms-client-request-id": "0975e7694e5cbaa5b31620434cbdad38",
        "x-ms-correlation-request-id": "de97774b-f471-41e1-be4e-65ecc25630b8",
        "x-ms-ratelimit-remaining-subscription-reads": "11949",
        "x-ms-request-id": "995e17c8-01cb-4801-a13f-6f31e287f0b2",
        "x-ms-routing-request-id": "SOUTHEASTASIA:20220118T203626Z:de97774b-f471-41e1-be4e-65ecc25630b8"
      },
      "ResponseBody": [
        "{\r\n",
        "  \u0022status\u0022: \u0022Succeeded\u0022\r\n",
        "}"
      ]
    },
    {
      "RequestUri": "https://management.azure.com/subscriptions/db1ab6f0-4769-4b27-930e-01e2ef9c123c/resourceGroups/csmrg2542/providers/Microsoft.Network/virtualNetworks/azsmnet3009?api-version=2021-02-01",
      "RequestMethod": "GET",
      "RequestHeaders": {
        "Authorization": "Sanitized",
        "User-Agent": "azsdk-net-ResourceManager/1.0.0-alpha.20220118.1 (.NET Framework 4.8.4420.0; Microsoft Windows 10.0.19043 )",
        "x-ms-client-request-id": "4c11867c0ff39afd18318aa9538056e4",
        "x-ms-return-client-request-id": "true"
      },
      "RequestBody": null,
      "StatusCode": 200,
      "ResponseHeaders": {
        "Cache-Control": "no-cache",
        "Content-Length": "1330",
        "Content-Type": "application/json; charset=utf-8",
        "Date": "Tue, 18 Jan 2022 20:36:26 GMT",
        "ETag": "W/\u00226142d8f3-3768-4d8b-ba65-6ef5489aed15\u0022",
        "Expires": "-1",
        "Pragma": "no-cache",
        "Server": [
          "Microsoft-HTTPAPI/2.0",
          "Microsoft-HTTPAPI/2.0"
        ],
        "Strict-Transport-Security": "max-age=31536000; includeSubDomains",
        "X-Content-Type-Options": "nosniff",
        "x-ms-arm-service-request-id": "b3ed3b71-794b-4e29-99e2-f362b4feadc5",
        "x-ms-client-request-id": "4c11867c0ff39afd18318aa9538056e4",
        "x-ms-correlation-request-id": "1629d328-f0fd-463d-88b2-b989675e4964",
        "x-ms-ratelimit-remaining-subscription-reads": "11948",
        "x-ms-request-id": "b6ad99b4-a2f0-474d-8ddd-776c418e1082",
        "x-ms-routing-request-id": "SOUTHEASTASIA:20220118T203626Z:1629d328-f0fd-463d-88b2-b989675e4964"
      },
      "ResponseBody": [
        "{\r\n",
        "  \u0022name\u0022: \u0022azsmnet3009\u0022,\r\n",
        "  \u0022id\u0022: \u0022/subscriptions/db1ab6f0-4769-4b27-930e-01e2ef9c123c/resourceGroups/csmrg2542/providers/Microsoft.Network/virtualNetworks/azsmnet3009\u0022,\r\n",
        "  \u0022etag\u0022: \u0022W/\\\u00226142d8f3-3768-4d8b-ba65-6ef5489aed15\\\u0022\u0022,\r\n",
        "  \u0022type\u0022: \u0022Microsoft.Network/virtualNetworks\u0022,\r\n",
        "  \u0022location\u0022: \u0022eastus\u0022,\r\n",
        "  \u0022properties\u0022: {\r\n",
        "    \u0022provisioningState\u0022: \u0022Succeeded\u0022,\r\n",
        "    \u0022resourceGuid\u0022: \u00224bc532dd-3a47-4f62-8d3b-d2cfbb2c617d\u0022,\r\n",
        "    \u0022addressSpace\u0022: {\r\n",
        "      \u0022addressPrefixes\u0022: [\r\n",
        "        \u002210.0.0.0/16\u0022\r\n",
        "      ]\r\n",
        "    },\r\n",
        "    \u0022dhcpOptions\u0022: {\r\n",
        "      \u0022dnsServers\u0022: [\r\n",
        "        \u002210.1.1.1\u0022,\r\n",
        "        \u002210.1.2.4\u0022\r\n",
        "      ]\r\n",
        "    },\r\n",
        "    \u0022subnets\u0022: [\r\n",
        "      {\r\n",
        "        \u0022name\u0022: \u0022azsmnet9442\u0022,\r\n",
        "        \u0022id\u0022: \u0022/subscriptions/db1ab6f0-4769-4b27-930e-01e2ef9c123c/resourceGroups/csmrg2542/providers/Microsoft.Network/virtualNetworks/azsmnet3009/subnets/azsmnet9442\u0022,\r\n",
        "        \u0022etag\u0022: \u0022W/\\\u00226142d8f3-3768-4d8b-ba65-6ef5489aed15\\\u0022\u0022,\r\n",
        "        \u0022properties\u0022: {\r\n",
        "          \u0022provisioningState\u0022: \u0022Succeeded\u0022,\r\n",
        "          \u0022addressPrefix\u0022: \u002210.0.0.0/24\u0022,\r\n",
        "          \u0022delegations\u0022: [],\r\n",
        "          \u0022privateEndpointNetworkPolicies\u0022: \u0022Enabled\u0022,\r\n",
        "          \u0022privateLinkServiceNetworkPolicies\u0022: \u0022Enabled\u0022\r\n",
        "        },\r\n",
        "        \u0022type\u0022: \u0022Microsoft.Network/virtualNetworks/subnets\u0022\r\n",
        "      }\r\n",
        "    ],\r\n",
        "    \u0022virtualNetworkPeerings\u0022: [],\r\n",
        "    \u0022enableDdosProtection\u0022: false\r\n",
        "  }\r\n",
        "}"
      ]
    },
    {
      "RequestUri": "https://management.azure.com/subscriptions/db1ab6f0-4769-4b27-930e-01e2ef9c123c/resourceGroups/csmrg2542/providers/Microsoft.Network/virtualNetworks/azsmnet3009/subnets/azsmnet9442?api-version=2021-02-01",
      "RequestMethod": "GET",
      "RequestHeaders": {
        "Accept": "application/json",
        "Authorization": "Sanitized",
        "User-Agent": "azsdk-net-ResourceManager.Network/1.0.0-alpha.20220118.1 (.NET Framework 4.8.4420.0; Microsoft Windows 10.0.19043 )",
        "x-ms-client-request-id": "b70635bc93be4efcd7e0f7577bd8dfa3",
        "x-ms-return-client-request-id": "true"
      },
      "RequestBody": null,
      "StatusCode": 200,
      "ResponseHeaders": {
        "Cache-Control": "no-cache",
        "Content-Length": "533",
        "Content-Type": "application/json; charset=utf-8",
        "Date": "Tue, 18 Jan 2022 20:36:26 GMT",
        "ETag": "W/\u00226142d8f3-3768-4d8b-ba65-6ef5489aed15\u0022",
        "Expires": "-1",
        "Pragma": "no-cache",
        "Server": [
          "Microsoft-HTTPAPI/2.0",
          "Microsoft-HTTPAPI/2.0"
        ],
        "Strict-Transport-Security": "max-age=31536000; includeSubDomains",
        "X-Content-Type-Options": "nosniff",
        "x-ms-arm-service-request-id": "04a06101-d9a9-4316-8622-4fe0a8f14c10",
        "x-ms-client-request-id": "b70635bc93be4efcd7e0f7577bd8dfa3",
        "x-ms-correlation-request-id": "993040d3-6f44-4639-8ce1-dc3b0b65de65",
        "x-ms-ratelimit-remaining-subscription-reads": "11947",
        "x-ms-request-id": "59f63f71-528c-4853-a33a-665315712095",
        "x-ms-routing-request-id": "SOUTHEASTASIA:20220118T203627Z:993040d3-6f44-4639-8ce1-dc3b0b65de65"
      },
      "ResponseBody": [
        "{\r\n",
        "  \u0022name\u0022: \u0022azsmnet9442\u0022,\r\n",
        "  \u0022id\u0022: \u0022/subscriptions/db1ab6f0-4769-4b27-930e-01e2ef9c123c/resourceGroups/csmrg2542/providers/Microsoft.Network/virtualNetworks/azsmnet3009/subnets/azsmnet9442\u0022,\r\n",
        "  \u0022etag\u0022: \u0022W/\\\u00226142d8f3-3768-4d8b-ba65-6ef5489aed15\\\u0022\u0022,\r\n",
        "  \u0022properties\u0022: {\r\n",
        "    \u0022provisioningState\u0022: \u0022Succeeded\u0022,\r\n",
        "    \u0022addressPrefix\u0022: \u002210.0.0.0/24\u0022,\r\n",
        "    \u0022delegations\u0022: [],\r\n",
        "    \u0022privateEndpointNetworkPolicies\u0022: \u0022Enabled\u0022,\r\n",
        "    \u0022privateLinkServiceNetworkPolicies\u0022: \u0022Enabled\u0022\r\n",
        "  },\r\n",
        "  \u0022type\u0022: \u0022Microsoft.Network/virtualNetworks/subnets\u0022\r\n",
        "}"
      ]
    },
    {
      "RequestUri": "https://management.azure.com/subscriptions/db1ab6f0-4769-4b27-930e-01e2ef9c123c/resourceGroups/csmrg2542/providers/Microsoft.Network/networkInterfaces/dualstacknic3005?api-version=2021-02-01",
      "RequestMethod": "PUT",
      "RequestHeaders": {
        "Accept": "application/json",
        "Authorization": "Sanitized",
        "Content-Length": "810",
        "Content-Type": "application/json",
        "User-Agent": "azsdk-net-ResourceManager.Network/1.0.0-alpha.20220118.1 (.NET Framework 4.8.4420.0; Microsoft Windows 10.0.19043 )",
        "x-ms-client-request-id": "5afca470dbe92bf1c4fc6733bf3b8716",
        "x-ms-return-client-request-id": "true"
      },
      "RequestBody": {
        "location": "eastus",
        "tags": {
          "key": "value"
        },
        "properties": {
          "ipConfigurations": [
            {
              "name": "ipv4ipconfig1810",
              "properties": {
                "privateIPAllocationMethod": "Dynamic",
                "privateIPAddressVersion": "IPv4",
                "subnet": {
                  "id": "/subscriptions/db1ab6f0-4769-4b27-930e-01e2ef9c123c/resourceGroups/csmrg2542/providers/Microsoft.Network/virtualNetworks/azsmnet3009/subnets/azsmnet9442",
                  "properties": {}
                },
                "primary": true
              }
            },
            {
              "name": "ipv6ipconfig597",
              "properties": {
                "privateIPAllocationMethod": "Dynamic",
                "privateIPAddressVersion": "IPv6"
              }
            },
            {
              "name": "ipv4ipconfig25042",
              "properties": {
                "privateIPAllocationMethod": "Dynamic",
                "privateIPAddressVersion": "IPv4",
                "subnet": {
                  "id": "/subscriptions/db1ab6f0-4769-4b27-930e-01e2ef9c123c/resourceGroups/csmrg2542/providers/Microsoft.Network/virtualNetworks/azsmnet3009/subnets/azsmnet9442",
                  "properties": {}
                }
              }
            }
          ]
        }
      },
      "StatusCode": 201,
      "ResponseHeaders": {
        "Azure-AsyncNotification": "Enabled",
        "Azure-AsyncOperation": "https://management.azure.com/subscriptions/db1ab6f0-4769-4b27-930e-01e2ef9c123c/providers/Microsoft.Network/locations/eastus/operations/8f29489a-f07b-4262-ae90-bf58e46975d1?api-version=2021-02-01",
        "Cache-Control": "no-cache",
        "Content-Length": "3141",
        "Content-Type": "application/json; charset=utf-8",
        "Date": "Tue, 18 Jan 2022 20:36:31 GMT",
        "Expires": "-1",
        "Pragma": "no-cache",
        "Server": [
          "Microsoft-HTTPAPI/2.0",
          "Microsoft-HTTPAPI/2.0"
        ],
        "Strict-Transport-Security": "max-age=31536000; includeSubDomains",
        "X-Content-Type-Options": "nosniff",
        "x-ms-arm-service-request-id": "a69cdfcb-2fd5-4b1d-847d-20a967dba9bd",
        "x-ms-client-request-id": "5afca470dbe92bf1c4fc6733bf3b8716",
        "x-ms-correlation-request-id": "e6241fbd-471e-4128-9a58-3c4d6a17ef6f",
        "x-ms-ratelimit-remaining-subscription-writes": "1190",
        "x-ms-request-id": "8f29489a-f07b-4262-ae90-bf58e46975d1",
        "x-ms-routing-request-id": "SOUTHEASTASIA:20220118T203631Z:e6241fbd-471e-4128-9a58-3c4d6a17ef6f"
      },
      "ResponseBody": [
        "{\r\n",
        "  \u0022name\u0022: \u0022dualstacknic3005\u0022,\r\n",
        "  \u0022id\u0022: \u0022/subscriptions/db1ab6f0-4769-4b27-930e-01e2ef9c123c/resourceGroups/csmrg2542/providers/Microsoft.Network/networkInterfaces/dualstacknic3005\u0022,\r\n",
        "  \u0022etag\u0022: \u0022W/\\\u0022d6edab06-8f06-44ff-9975-25e5cb7a4e7e\\\u0022\u0022,\r\n",
        "  \u0022location\u0022: \u0022eastus\u0022,\r\n",
        "  \u0022tags\u0022: {\r\n",
        "    \u0022key\u0022: \u0022value\u0022\r\n",
        "  },\r\n",
        "  \u0022properties\u0022: {\r\n",
        "    \u0022provisioningState\u0022: \u0022Succeeded\u0022,\r\n",
        "    \u0022resourceGuid\u0022: \u0022c97e12d9-d4e4-4fb7-a7dc-1b9628db430c\u0022,\r\n",
        "    \u0022ipConfigurations\u0022: [\r\n",
        "      {\r\n",
        "        \u0022name\u0022: \u0022ipv4ipconfig1810\u0022,\r\n",
        "        \u0022id\u0022: \u0022/subscriptions/db1ab6f0-4769-4b27-930e-01e2ef9c123c/resourceGroups/csmrg2542/providers/Microsoft.Network/networkInterfaces/dualstacknic3005/ipConfigurations/ipv4ipconfig1810\u0022,\r\n",
        "        \u0022etag\u0022: \u0022W/\\\u0022d6edab06-8f06-44ff-9975-25e5cb7a4e7e\\\u0022\u0022,\r\n",
        "        \u0022type\u0022: \u0022Microsoft.Network/networkInterfaces/ipConfigurations\u0022,\r\n",
        "        \u0022properties\u0022: {\r\n",
        "          \u0022provisioningState\u0022: \u0022Succeeded\u0022,\r\n",
        "          \u0022privateIPAddress\u0022: \u002210.0.0.4\u0022,\r\n",
        "          \u0022privateIPAllocationMethod\u0022: \u0022Dynamic\u0022,\r\n",
        "          \u0022subnet\u0022: {\r\n",
        "            \u0022id\u0022: \u0022/subscriptions/db1ab6f0-4769-4b27-930e-01e2ef9c123c/resourceGroups/csmrg2542/providers/Microsoft.Network/virtualNetworks/azsmnet3009/subnets/azsmnet9442\u0022\r\n",
        "          },\r\n",
        "          \u0022primary\u0022: true,\r\n",
        "          \u0022privateIPAddressVersion\u0022: \u0022IPv4\u0022\r\n",
        "        }\r\n",
        "      },\r\n",
        "      {\r\n",
        "        \u0022name\u0022: \u0022ipv6ipconfig597\u0022,\r\n",
        "        \u0022id\u0022: \u0022/subscriptions/db1ab6f0-4769-4b27-930e-01e2ef9c123c/resourceGroups/csmrg2542/providers/Microsoft.Network/networkInterfaces/dualstacknic3005/ipConfigurations/ipv6ipconfig597\u0022,\r\n",
        "        \u0022etag\u0022: \u0022W/\\\u0022d6edab06-8f06-44ff-9975-25e5cb7a4e7e\\\u0022\u0022,\r\n",
        "        \u0022type\u0022: \u0022Microsoft.Network/networkInterfaces/ipConfigurations\u0022,\r\n",
        "        \u0022properties\u0022: {\r\n",
        "          \u0022provisioningState\u0022: \u0022Succeeded\u0022,\r\n",
        "          \u0022privateIPAllocationMethod\u0022: \u0022Dynamic\u0022,\r\n",
        "          \u0022privateIPAddressVersion\u0022: \u0022IPv6\u0022\r\n",
        "        }\r\n",
        "      },\r\n",
        "      {\r\n",
        "        \u0022name\u0022: \u0022ipv4ipconfig25042\u0022,\r\n",
        "        \u0022id\u0022: \u0022/subscriptions/db1ab6f0-4769-4b27-930e-01e2ef9c123c/resourceGroups/csmrg2542/providers/Microsoft.Network/networkInterfaces/dualstacknic3005/ipConfigurations/ipv4ipconfig25042\u0022,\r\n",
        "        \u0022etag\u0022: \u0022W/\\\u0022d6edab06-8f06-44ff-9975-25e5cb7a4e7e\\\u0022\u0022,\r\n",
        "        \u0022type\u0022: \u0022Microsoft.Network/networkInterfaces/ipConfigurations\u0022,\r\n",
        "        \u0022properties\u0022: {\r\n",
        "          \u0022provisioningState\u0022: \u0022Succeeded\u0022,\r\n",
        "          \u0022privateIPAddress\u0022: \u002210.0.0.5\u0022,\r\n",
        "          \u0022privateIPAllocationMethod\u0022: \u0022Dynamic\u0022,\r\n",
        "          \u0022subnet\u0022: {\r\n",
        "            \u0022id\u0022: \u0022/subscriptions/db1ab6f0-4769-4b27-930e-01e2ef9c123c/resourceGroups/csmrg2542/providers/Microsoft.Network/virtualNetworks/azsmnet3009/subnets/azsmnet9442\u0022\r\n",
        "          },\r\n",
        "          \u0022primary\u0022: false,\r\n",
        "          \u0022privateIPAddressVersion\u0022: \u0022IPv4\u0022\r\n",
        "        }\r\n",
        "      }\r\n",
        "    ],\r\n",
        "    \u0022dnsSettings\u0022: {\r\n",
        "      \u0022dnsServers\u0022: [],\r\n",
        "      \u0022appliedDnsServers\u0022: [],\r\n",
        "      \u0022internalDomainNameSuffix\u0022: \u00221uzmks0hhjre5dj10lh1wldbpf.bx.internal.cloudapp.net\u0022\r\n",
        "    },\r\n",
        "    \u0022enableAcceleratedNetworking\u0022: false,\r\n",
        "    \u0022vnetEncryptionSupported\u0022: false,\r\n",
        "    \u0022enableIPForwarding\u0022: false,\r\n",
        "    \u0022hostedWorkloads\u0022: [],\r\n",
        "    \u0022tapConfigurations\u0022: [],\r\n",
        "    \u0022nicType\u0022: \u0022Standard\u0022\r\n",
        "  },\r\n",
        "  \u0022type\u0022: \u0022Microsoft.Network/networkInterfaces\u0022\r\n",
        "}"
      ]
    },
    {
      "RequestUri": "https://management.azure.com/subscriptions/db1ab6f0-4769-4b27-930e-01e2ef9c123c/providers/Microsoft.Network/locations/eastus/operations/8f29489a-f07b-4262-ae90-bf58e46975d1?api-version=2021-02-01",
      "RequestMethod": "GET",
      "RequestHeaders": {
        "Authorization": "Sanitized",
        "User-Agent": "azsdk-net-ResourceManager/1.0.0-alpha.20220118.1 (.NET Framework 4.8.4420.0; Microsoft Windows 10.0.19043 )",
        "x-ms-client-request-id": "18745d0fac38e3cda2d18adb79c4973f",
        "x-ms-return-client-request-id": "true"
      },
      "RequestBody": null,
      "StatusCode": 200,
      "ResponseHeaders": {
        "Cache-Control": "no-cache",
        "Content-Length": "29",
        "Content-Type": "application/json; charset=utf-8",
        "Date": "Tue, 18 Jan 2022 20:36:31 GMT",
        "Expires": "-1",
        "Pragma": "no-cache",
        "Server": [
          "Microsoft-HTTPAPI/2.0",
          "Microsoft-HTTPAPI/2.0"
        ],
        "Strict-Transport-Security": "max-age=31536000; includeSubDomains",
        "X-Content-Type-Options": "nosniff",
        "x-ms-arm-service-request-id": "401a5dcc-1125-45a9-a3ec-35752a395068",
        "x-ms-client-request-id": "18745d0fac38e3cda2d18adb79c4973f",
        "x-ms-correlation-request-id": "3cfac0b0-be6a-40e1-9c33-db156c9c3589",
        "x-ms-ratelimit-remaining-subscription-reads": "11946",
        "x-ms-request-id": "11e77b23-d8c0-4a84-b9f8-5bee5387743b",
        "x-ms-routing-request-id": "SOUTHEASTASIA:20220118T203632Z:3cfac0b0-be6a-40e1-9c33-db156c9c3589"
      },
      "ResponseBody": [
        "{\r\n",
        "  \u0022status\u0022: \u0022Succeeded\u0022\r\n",
        "}"
      ]
    },
    {
      "RequestUri": "https://management.azure.com/subscriptions/db1ab6f0-4769-4b27-930e-01e2ef9c123c/resourceGroups/csmrg2542/providers/Microsoft.Network/networkInterfaces/dualstacknic3005?api-version=2021-02-01",
      "RequestMethod": "GET",
      "RequestHeaders": {
        "Authorization": "Sanitized",
        "User-Agent": "azsdk-net-ResourceManager/1.0.0-alpha.20220118.1 (.NET Framework 4.8.4420.0; Microsoft Windows 10.0.19043 )",
        "x-ms-client-request-id": "9becc851888fac6f2fe94244bcb1d8dd",
        "x-ms-return-client-request-id": "true"
      },
      "RequestBody": null,
      "StatusCode": 200,
      "ResponseHeaders": {
        "Cache-Control": "no-cache",
        "Content-Length": "3141",
        "Content-Type": "application/json; charset=utf-8",
        "Date": "Tue, 18 Jan 2022 20:36:31 GMT",
        "ETag": "W/\u0022d6edab06-8f06-44ff-9975-25e5cb7a4e7e\u0022",
        "Expires": "-1",
        "Pragma": "no-cache",
        "Server": [
          "Microsoft-HTTPAPI/2.0",
          "Microsoft-HTTPAPI/2.0"
        ],
        "Strict-Transport-Security": "max-age=31536000; includeSubDomains",
        "X-Content-Type-Options": "nosniff",
        "x-ms-arm-service-request-id": "79753ffe-4555-4e14-bf01-252a7f8d2bfb",
        "x-ms-client-request-id": "9becc851888fac6f2fe94244bcb1d8dd",
        "x-ms-correlation-request-id": "7d9e0968-804f-440a-b2fa-d544bffea36a",
        "x-ms-ratelimit-remaining-subscription-reads": "11945",
        "x-ms-request-id": "9d3ebb31-49ac-45a2-9a32-413fc8e54ef4",
        "x-ms-routing-request-id": "SOUTHEASTASIA:20220118T203632Z:7d9e0968-804f-440a-b2fa-d544bffea36a"
      },
      "ResponseBody": [
        "{\r\n",
        "  \u0022name\u0022: \u0022dualstacknic3005\u0022,\r\n",
        "  \u0022id\u0022: \u0022/subscriptions/db1ab6f0-4769-4b27-930e-01e2ef9c123c/resourceGroups/csmrg2542/providers/Microsoft.Network/networkInterfaces/dualstacknic3005\u0022,\r\n",
        "  \u0022etag\u0022: \u0022W/\\\u0022d6edab06-8f06-44ff-9975-25e5cb7a4e7e\\\u0022\u0022,\r\n",
        "  \u0022location\u0022: \u0022eastus\u0022,\r\n",
        "  \u0022tags\u0022: {\r\n",
        "    \u0022key\u0022: \u0022value\u0022\r\n",
        "  },\r\n",
        "  \u0022properties\u0022: {\r\n",
        "    \u0022provisioningState\u0022: \u0022Succeeded\u0022,\r\n",
        "    \u0022resourceGuid\u0022: \u0022c97e12d9-d4e4-4fb7-a7dc-1b9628db430c\u0022,\r\n",
        "    \u0022ipConfigurations\u0022: [\r\n",
        "      {\r\n",
        "        \u0022name\u0022: \u0022ipv4ipconfig1810\u0022,\r\n",
        "        \u0022id\u0022: \u0022/subscriptions/db1ab6f0-4769-4b27-930e-01e2ef9c123c/resourceGroups/csmrg2542/providers/Microsoft.Network/networkInterfaces/dualstacknic3005/ipConfigurations/ipv4ipconfig1810\u0022,\r\n",
        "        \u0022etag\u0022: \u0022W/\\\u0022d6edab06-8f06-44ff-9975-25e5cb7a4e7e\\\u0022\u0022,\r\n",
        "        \u0022type\u0022: \u0022Microsoft.Network/networkInterfaces/ipConfigurations\u0022,\r\n",
        "        \u0022properties\u0022: {\r\n",
        "          \u0022provisioningState\u0022: \u0022Succeeded\u0022,\r\n",
        "          \u0022privateIPAddress\u0022: \u002210.0.0.4\u0022,\r\n",
        "          \u0022privateIPAllocationMethod\u0022: \u0022Dynamic\u0022,\r\n",
        "          \u0022subnet\u0022: {\r\n",
        "            \u0022id\u0022: \u0022/subscriptions/db1ab6f0-4769-4b27-930e-01e2ef9c123c/resourceGroups/csmrg2542/providers/Microsoft.Network/virtualNetworks/azsmnet3009/subnets/azsmnet9442\u0022\r\n",
        "          },\r\n",
        "          \u0022primary\u0022: true,\r\n",
        "          \u0022privateIPAddressVersion\u0022: \u0022IPv4\u0022\r\n",
        "        }\r\n",
        "      },\r\n",
        "      {\r\n",
        "        \u0022name\u0022: \u0022ipv6ipconfig597\u0022,\r\n",
        "        \u0022id\u0022: \u0022/subscriptions/db1ab6f0-4769-4b27-930e-01e2ef9c123c/resourceGroups/csmrg2542/providers/Microsoft.Network/networkInterfaces/dualstacknic3005/ipConfigurations/ipv6ipconfig597\u0022,\r\n",
        "        \u0022etag\u0022: \u0022W/\\\u0022d6edab06-8f06-44ff-9975-25e5cb7a4e7e\\\u0022\u0022,\r\n",
        "        \u0022type\u0022: \u0022Microsoft.Network/networkInterfaces/ipConfigurations\u0022,\r\n",
        "        \u0022properties\u0022: {\r\n",
        "          \u0022provisioningState\u0022: \u0022Succeeded\u0022,\r\n",
        "          \u0022privateIPAllocationMethod\u0022: \u0022Dynamic\u0022,\r\n",
        "          \u0022privateIPAddressVersion\u0022: \u0022IPv6\u0022\r\n",
        "        }\r\n",
        "      },\r\n",
        "      {\r\n",
        "        \u0022name\u0022: \u0022ipv4ipconfig25042\u0022,\r\n",
        "        \u0022id\u0022: \u0022/subscriptions/db1ab6f0-4769-4b27-930e-01e2ef9c123c/resourceGroups/csmrg2542/providers/Microsoft.Network/networkInterfaces/dualstacknic3005/ipConfigurations/ipv4ipconfig25042\u0022,\r\n",
        "        \u0022etag\u0022: \u0022W/\\\u0022d6edab06-8f06-44ff-9975-25e5cb7a4e7e\\\u0022\u0022,\r\n",
        "        \u0022type\u0022: \u0022Microsoft.Network/networkInterfaces/ipConfigurations\u0022,\r\n",
        "        \u0022properties\u0022: {\r\n",
        "          \u0022provisioningState\u0022: \u0022Succeeded\u0022,\r\n",
        "          \u0022privateIPAddress\u0022: \u002210.0.0.5\u0022,\r\n",
        "          \u0022privateIPAllocationMethod\u0022: \u0022Dynamic\u0022,\r\n",
        "          \u0022subnet\u0022: {\r\n",
        "            \u0022id\u0022: \u0022/subscriptions/db1ab6f0-4769-4b27-930e-01e2ef9c123c/resourceGroups/csmrg2542/providers/Microsoft.Network/virtualNetworks/azsmnet3009/subnets/azsmnet9442\u0022\r\n",
        "          },\r\n",
        "          \u0022primary\u0022: false,\r\n",
        "          \u0022privateIPAddressVersion\u0022: \u0022IPv4\u0022\r\n",
        "        }\r\n",
        "      }\r\n",
        "    ],\r\n",
        "    \u0022dnsSettings\u0022: {\r\n",
        "      \u0022dnsServers\u0022: [],\r\n",
        "      \u0022appliedDnsServers\u0022: [],\r\n",
        "      \u0022internalDomainNameSuffix\u0022: \u00221uzmks0hhjre5dj10lh1wldbpf.bx.internal.cloudapp.net\u0022\r\n",
        "    },\r\n",
        "    \u0022enableAcceleratedNetworking\u0022: false,\r\n",
        "    \u0022vnetEncryptionSupported\u0022: false,\r\n",
        "    \u0022enableIPForwarding\u0022: false,\r\n",
        "    \u0022hostedWorkloads\u0022: [],\r\n",
        "    \u0022tapConfigurations\u0022: [],\r\n",
        "    \u0022nicType\u0022: \u0022Standard\u0022\r\n",
        "  },\r\n",
        "  \u0022type\u0022: \u0022Microsoft.Network/networkInterfaces\u0022\r\n",
        "}"
      ]
    },
    {
      "RequestUri": "https://management.azure.com/subscriptions/db1ab6f0-4769-4b27-930e-01e2ef9c123c/providers/Microsoft.Network/locations/eastus/operations/8f29489a-f07b-4262-ae90-bf58e46975d1?api-version=2021-02-01",
      "RequestMethod": "GET",
      "RequestHeaders": {
        "Authorization": "Sanitized",
        "User-Agent": "azsdk-net-ResourceManager/1.0.0-alpha.20220118.1 (.NET Framework 4.8.4420.0; Microsoft Windows 10.0.19043 )",
        "x-ms-client-request-id": "62231de36fc70ade299746b738999953",
        "x-ms-return-client-request-id": "true"
      },
      "RequestBody": null,
      "StatusCode": 200,
      "ResponseHeaders": {
        "Cache-Control": "no-cache",
        "Content-Length": "29",
        "Content-Type": "application/json; charset=utf-8",
        "Date": "Tue, 18 Jan 2022 20:36:32 GMT",
        "Expires": "-1",
        "Pragma": "no-cache",
        "Server": [
          "Microsoft-HTTPAPI/2.0",
          "Microsoft-HTTPAPI/2.0"
        ],
        "Strict-Transport-Security": "max-age=31536000; includeSubDomains",
        "X-Content-Type-Options": "nosniff",
        "x-ms-arm-service-request-id": "56a2365f-9f1c-47e4-83e7-3229b58f72ed",
        "x-ms-client-request-id": "62231de36fc70ade299746b738999953",
        "x-ms-correlation-request-id": "bfd9a276-1c84-4c7d-b752-5338e5518cda",
        "x-ms-ratelimit-remaining-subscription-reads": "11944",
        "x-ms-request-id": "45674284-3843-4c74-aedb-28063f032859",
        "x-ms-routing-request-id": "SOUTHEASTASIA:20220118T203633Z:bfd9a276-1c84-4c7d-b752-5338e5518cda"
      },
      "ResponseBody": [
        "{\r\n",
        "  \u0022status\u0022: \u0022Succeeded\u0022\r\n",
        "}"
      ]
    },
    {
      "RequestUri": "https://management.azure.com/subscriptions/db1ab6f0-4769-4b27-930e-01e2ef9c123c/resourceGroups/csmrg2542/providers/Microsoft.Network/networkInterfaces/dualstacknic3005?api-version=2021-02-01",
      "RequestMethod": "GET",
      "RequestHeaders": {
        "Authorization": "Sanitized",
        "User-Agent": "azsdk-net-ResourceManager/1.0.0-alpha.20220118.1 (.NET Framework 4.8.4420.0; Microsoft Windows 10.0.19043 )",
        "x-ms-client-request-id": "89eede0e7dfa86b9edc7e84f698926f0",
        "x-ms-return-client-request-id": "true"
      },
      "RequestBody": null,
      "StatusCode": 200,
      "ResponseHeaders": {
        "Cache-Control": "no-cache",
        "Content-Length": "3141",
        "Content-Type": "application/json; charset=utf-8",
        "Date": "Tue, 18 Jan 2022 20:36:33 GMT",
        "ETag": "W/\u0022d6edab06-8f06-44ff-9975-25e5cb7a4e7e\u0022",
        "Expires": "-1",
        "Pragma": "no-cache",
        "Server": [
          "Microsoft-HTTPAPI/2.0",
          "Microsoft-HTTPAPI/2.0"
        ],
        "Strict-Transport-Security": "max-age=31536000; includeSubDomains",
        "X-Content-Type-Options": "nosniff",
        "x-ms-arm-service-request-id": "ebe585c9-3afc-4474-9da7-b4e0f26077e6",
        "x-ms-client-request-id": "89eede0e7dfa86b9edc7e84f698926f0",
        "x-ms-correlation-request-id": "cdef3491-b514-4268-a104-3e8e8d1761b7",
        "x-ms-ratelimit-remaining-subscription-reads": "11943",
        "x-ms-request-id": "5246eaf6-3818-45b3-a8de-ccb19463a315",
        "x-ms-routing-request-id": "SOUTHEASTASIA:20220118T203633Z:cdef3491-b514-4268-a104-3e8e8d1761b7"
      },
      "ResponseBody": [
        "{\r\n",
        "  \u0022name\u0022: \u0022dualstacknic3005\u0022,\r\n",
        "  \u0022id\u0022: \u0022/subscriptions/db1ab6f0-4769-4b27-930e-01e2ef9c123c/resourceGroups/csmrg2542/providers/Microsoft.Network/networkInterfaces/dualstacknic3005\u0022,\r\n",
        "  \u0022etag\u0022: \u0022W/\\\u0022d6edab06-8f06-44ff-9975-25e5cb7a4e7e\\\u0022\u0022,\r\n",
        "  \u0022location\u0022: \u0022eastus\u0022,\r\n",
        "  \u0022tags\u0022: {\r\n",
        "    \u0022key\u0022: \u0022value\u0022\r\n",
        "  },\r\n",
        "  \u0022properties\u0022: {\r\n",
        "    \u0022provisioningState\u0022: \u0022Succeeded\u0022,\r\n",
        "    \u0022resourceGuid\u0022: \u0022c97e12d9-d4e4-4fb7-a7dc-1b9628db430c\u0022,\r\n",
        "    \u0022ipConfigurations\u0022: [\r\n",
        "      {\r\n",
        "        \u0022name\u0022: \u0022ipv4ipconfig1810\u0022,\r\n",
        "        \u0022id\u0022: \u0022/subscriptions/db1ab6f0-4769-4b27-930e-01e2ef9c123c/resourceGroups/csmrg2542/providers/Microsoft.Network/networkInterfaces/dualstacknic3005/ipConfigurations/ipv4ipconfig1810\u0022,\r\n",
        "        \u0022etag\u0022: \u0022W/\\\u0022d6edab06-8f06-44ff-9975-25e5cb7a4e7e\\\u0022\u0022,\r\n",
        "        \u0022type\u0022: \u0022Microsoft.Network/networkInterfaces/ipConfigurations\u0022,\r\n",
        "        \u0022properties\u0022: {\r\n",
        "          \u0022provisioningState\u0022: \u0022Succeeded\u0022,\r\n",
        "          \u0022privateIPAddress\u0022: \u002210.0.0.4\u0022,\r\n",
        "          \u0022privateIPAllocationMethod\u0022: \u0022Dynamic\u0022,\r\n",
        "          \u0022subnet\u0022: {\r\n",
        "            \u0022id\u0022: \u0022/subscriptions/db1ab6f0-4769-4b27-930e-01e2ef9c123c/resourceGroups/csmrg2542/providers/Microsoft.Network/virtualNetworks/azsmnet3009/subnets/azsmnet9442\u0022\r\n",
        "          },\r\n",
        "          \u0022primary\u0022: true,\r\n",
        "          \u0022privateIPAddressVersion\u0022: \u0022IPv4\u0022\r\n",
        "        }\r\n",
        "      },\r\n",
        "      {\r\n",
        "        \u0022name\u0022: \u0022ipv6ipconfig597\u0022,\r\n",
        "        \u0022id\u0022: \u0022/subscriptions/db1ab6f0-4769-4b27-930e-01e2ef9c123c/resourceGroups/csmrg2542/providers/Microsoft.Network/networkInterfaces/dualstacknic3005/ipConfigurations/ipv6ipconfig597\u0022,\r\n",
        "        \u0022etag\u0022: \u0022W/\\\u0022d6edab06-8f06-44ff-9975-25e5cb7a4e7e\\\u0022\u0022,\r\n",
        "        \u0022type\u0022: \u0022Microsoft.Network/networkInterfaces/ipConfigurations\u0022,\r\n",
        "        \u0022properties\u0022: {\r\n",
        "          \u0022provisioningState\u0022: \u0022Succeeded\u0022,\r\n",
        "          \u0022privateIPAllocationMethod\u0022: \u0022Dynamic\u0022,\r\n",
        "          \u0022privateIPAddressVersion\u0022: \u0022IPv6\u0022\r\n",
        "        }\r\n",
        "      },\r\n",
        "      {\r\n",
        "        \u0022name\u0022: \u0022ipv4ipconfig25042\u0022,\r\n",
        "        \u0022id\u0022: \u0022/subscriptions/db1ab6f0-4769-4b27-930e-01e2ef9c123c/resourceGroups/csmrg2542/providers/Microsoft.Network/networkInterfaces/dualstacknic3005/ipConfigurations/ipv4ipconfig25042\u0022,\r\n",
        "        \u0022etag\u0022: \u0022W/\\\u0022d6edab06-8f06-44ff-9975-25e5cb7a4e7e\\\u0022\u0022,\r\n",
        "        \u0022type\u0022: \u0022Microsoft.Network/networkInterfaces/ipConfigurations\u0022,\r\n",
        "        \u0022properties\u0022: {\r\n",
        "          \u0022provisioningState\u0022: \u0022Succeeded\u0022,\r\n",
        "          \u0022privateIPAddress\u0022: \u002210.0.0.5\u0022,\r\n",
        "          \u0022privateIPAllocationMethod\u0022: \u0022Dynamic\u0022,\r\n",
        "          \u0022subnet\u0022: {\r\n",
        "            \u0022id\u0022: \u0022/subscriptions/db1ab6f0-4769-4b27-930e-01e2ef9c123c/resourceGroups/csmrg2542/providers/Microsoft.Network/virtualNetworks/azsmnet3009/subnets/azsmnet9442\u0022\r\n",
        "          },\r\n",
        "          \u0022primary\u0022: false,\r\n",
        "          \u0022privateIPAddressVersion\u0022: \u0022IPv4\u0022\r\n",
        "        }\r\n",
        "      }\r\n",
        "    ],\r\n",
        "    \u0022dnsSettings\u0022: {\r\n",
        "      \u0022dnsServers\u0022: [],\r\n",
        "      \u0022appliedDnsServers\u0022: [],\r\n",
        "      \u0022internalDomainNameSuffix\u0022: \u00221uzmks0hhjre5dj10lh1wldbpf.bx.internal.cloudapp.net\u0022\r\n",
        "    },\r\n",
        "    \u0022enableAcceleratedNetworking\u0022: false,\r\n",
        "    \u0022vnetEncryptionSupported\u0022: false,\r\n",
        "    \u0022enableIPForwarding\u0022: false,\r\n",
        "    \u0022hostedWorkloads\u0022: [],\r\n",
        "    \u0022tapConfigurations\u0022: [],\r\n",
        "    \u0022nicType\u0022: \u0022Standard\u0022\r\n",
        "  },\r\n",
        "  \u0022type\u0022: \u0022Microsoft.Network/networkInterfaces\u0022\r\n",
        "}"
      ]
    },
    {
      "RequestUri": "https://management.azure.com/subscriptions/db1ab6f0-4769-4b27-930e-01e2ef9c123c/resourceGroups/csmrg2542/providers/Microsoft.Network/networkInterfaces/dualstacknic3005?api-version=2021-02-01",
      "RequestMethod": "GET",
      "RequestHeaders": {
        "Accept": "application/json",
        "Authorization": "Sanitized",
        "User-Agent": "azsdk-net-ResourceManager.Network/1.0.0-alpha.20220118.1 (.NET Framework 4.8.4420.0; Microsoft Windows 10.0.19043 )",
        "x-ms-client-request-id": "5bf7adf935a0e278eae271f742b77396",
        "x-ms-return-client-request-id": "true"
      },
      "RequestBody": null,
      "StatusCode": 200,
      "ResponseHeaders": {
        "Cache-Control": "no-cache",
        "Content-Length": "3141",
        "Content-Type": "application/json; charset=utf-8",
        "Date": "Tue, 18 Jan 2022 20:36:33 GMT",
        "ETag": "W/\u0022d6edab06-8f06-44ff-9975-25e5cb7a4e7e\u0022",
        "Expires": "-1",
        "Pragma": "no-cache",
        "Server": [
          "Microsoft-HTTPAPI/2.0",
          "Microsoft-HTTPAPI/2.0"
        ],
        "Strict-Transport-Security": "max-age=31536000; includeSubDomains",
        "X-Content-Type-Options": "nosniff",
        "x-ms-arm-service-request-id": "90ea8447-f236-4315-9707-240a6368baf5",
        "x-ms-client-request-id": "5bf7adf935a0e278eae271f742b77396",
        "x-ms-correlation-request-id": "35108f7f-c49b-4ca1-8b61-0f430866a908",
        "x-ms-ratelimit-remaining-subscription-reads": "11942",
        "x-ms-request-id": "e34bdae6-7fd3-4d9f-b132-59c034b12059",
        "x-ms-routing-request-id": "SOUTHEASTASIA:20220118T203634Z:35108f7f-c49b-4ca1-8b61-0f430866a908"
      },
      "ResponseBody": [
        "{\r\n",
        "  \u0022name\u0022: \u0022dualstacknic3005\u0022,\r\n",
        "  \u0022id\u0022: \u0022/subscriptions/db1ab6f0-4769-4b27-930e-01e2ef9c123c/resourceGroups/csmrg2542/providers/Microsoft.Network/networkInterfaces/dualstacknic3005\u0022,\r\n",
        "  \u0022etag\u0022: \u0022W/\\\u0022d6edab06-8f06-44ff-9975-25e5cb7a4e7e\\\u0022\u0022,\r\n",
        "  \u0022location\u0022: \u0022eastus\u0022,\r\n",
        "  \u0022tags\u0022: {\r\n",
        "    \u0022key\u0022: \u0022value\u0022\r\n",
        "  },\r\n",
        "  \u0022properties\u0022: {\r\n",
        "    \u0022provisioningState\u0022: \u0022Succeeded\u0022,\r\n",
        "    \u0022resourceGuid\u0022: \u0022c97e12d9-d4e4-4fb7-a7dc-1b9628db430c\u0022,\r\n",
        "    \u0022ipConfigurations\u0022: [\r\n",
        "      {\r\n",
        "        \u0022name\u0022: \u0022ipv4ipconfig1810\u0022,\r\n",
        "        \u0022id\u0022: \u0022/subscriptions/db1ab6f0-4769-4b27-930e-01e2ef9c123c/resourceGroups/csmrg2542/providers/Microsoft.Network/networkInterfaces/dualstacknic3005/ipConfigurations/ipv4ipconfig1810\u0022,\r\n",
        "        \u0022etag\u0022: \u0022W/\\\u0022d6edab06-8f06-44ff-9975-25e5cb7a4e7e\\\u0022\u0022,\r\n",
        "        \u0022type\u0022: \u0022Microsoft.Network/networkInterfaces/ipConfigurations\u0022,\r\n",
        "        \u0022properties\u0022: {\r\n",
        "          \u0022provisioningState\u0022: \u0022Succeeded\u0022,\r\n",
        "          \u0022privateIPAddress\u0022: \u002210.0.0.4\u0022,\r\n",
        "          \u0022privateIPAllocationMethod\u0022: \u0022Dynamic\u0022,\r\n",
        "          \u0022subnet\u0022: {\r\n",
        "            \u0022id\u0022: \u0022/subscriptions/db1ab6f0-4769-4b27-930e-01e2ef9c123c/resourceGroups/csmrg2542/providers/Microsoft.Network/virtualNetworks/azsmnet3009/subnets/azsmnet9442\u0022\r\n",
        "          },\r\n",
        "          \u0022primary\u0022: true,\r\n",
        "          \u0022privateIPAddressVersion\u0022: \u0022IPv4\u0022\r\n",
        "        }\r\n",
        "      },\r\n",
        "      {\r\n",
        "        \u0022name\u0022: \u0022ipv6ipconfig597\u0022,\r\n",
        "        \u0022id\u0022: \u0022/subscriptions/db1ab6f0-4769-4b27-930e-01e2ef9c123c/resourceGroups/csmrg2542/providers/Microsoft.Network/networkInterfaces/dualstacknic3005/ipConfigurations/ipv6ipconfig597\u0022,\r\n",
        "        \u0022etag\u0022: \u0022W/\\\u0022d6edab06-8f06-44ff-9975-25e5cb7a4e7e\\\u0022\u0022,\r\n",
        "        \u0022type\u0022: \u0022Microsoft.Network/networkInterfaces/ipConfigurations\u0022,\r\n",
        "        \u0022properties\u0022: {\r\n",
        "          \u0022provisioningState\u0022: \u0022Succeeded\u0022,\r\n",
        "          \u0022privateIPAllocationMethod\u0022: \u0022Dynamic\u0022,\r\n",
        "          \u0022privateIPAddressVersion\u0022: \u0022IPv6\u0022\r\n",
        "        }\r\n",
        "      },\r\n",
        "      {\r\n",
        "        \u0022name\u0022: \u0022ipv4ipconfig25042\u0022,\r\n",
        "        \u0022id\u0022: \u0022/subscriptions/db1ab6f0-4769-4b27-930e-01e2ef9c123c/resourceGroups/csmrg2542/providers/Microsoft.Network/networkInterfaces/dualstacknic3005/ipConfigurations/ipv4ipconfig25042\u0022,\r\n",
        "        \u0022etag\u0022: \u0022W/\\\u0022d6edab06-8f06-44ff-9975-25e5cb7a4e7e\\\u0022\u0022,\r\n",
        "        \u0022type\u0022: \u0022Microsoft.Network/networkInterfaces/ipConfigurations\u0022,\r\n",
        "        \u0022properties\u0022: {\r\n",
        "          \u0022provisioningState\u0022: \u0022Succeeded\u0022,\r\n",
        "          \u0022privateIPAddress\u0022: \u002210.0.0.5\u0022,\r\n",
        "          \u0022privateIPAllocationMethod\u0022: \u0022Dynamic\u0022,\r\n",
        "          \u0022subnet\u0022: {\r\n",
        "            \u0022id\u0022: \u0022/subscriptions/db1ab6f0-4769-4b27-930e-01e2ef9c123c/resourceGroups/csmrg2542/providers/Microsoft.Network/virtualNetworks/azsmnet3009/subnets/azsmnet9442\u0022\r\n",
        "          },\r\n",
        "          \u0022primary\u0022: false,\r\n",
        "          \u0022privateIPAddressVersion\u0022: \u0022IPv4\u0022\r\n",
        "        }\r\n",
        "      }\r\n",
        "    ],\r\n",
        "    \u0022dnsSettings\u0022: {\r\n",
        "      \u0022dnsServers\u0022: [],\r\n",
        "      \u0022appliedDnsServers\u0022: [],\r\n",
        "      \u0022internalDomainNameSuffix\u0022: \u00221uzmks0hhjre5dj10lh1wldbpf.bx.internal.cloudapp.net\u0022\r\n",
        "    },\r\n",
        "    \u0022enableAcceleratedNetworking\u0022: false,\r\n",
        "    \u0022vnetEncryptionSupported\u0022: false,\r\n",
        "    \u0022enableIPForwarding\u0022: false,\r\n",
        "    \u0022hostedWorkloads\u0022: [],\r\n",
        "    \u0022tapConfigurations\u0022: [],\r\n",
        "    \u0022nicType\u0022: \u0022Standard\u0022\r\n",
        "  },\r\n",
        "  \u0022type\u0022: \u0022Microsoft.Network/networkInterfaces\u0022\r\n",
        "}"
      ]
    },
    {
      "RequestUri": "https://management.azure.com/subscriptions/db1ab6f0-4769-4b27-930e-01e2ef9c123c/resourceGroups/csmrg2542/providers/Microsoft.Network/networkInterfaces?api-version=2021-02-01",
      "RequestMethod": "GET",
      "RequestHeaders": {
        "Accept": "application/json",
        "Authorization": "Sanitized",
        "User-Agent": "azsdk-net-ResourceManager.Network/1.0.0-alpha.20220118.1 (.NET Framework 4.8.4420.0; Microsoft Windows 10.0.19043 )",
        "x-ms-client-request-id": "dd35ef4f4fc266e2639d74ff868ea19f",
        "x-ms-return-client-request-id": "true"
      },
      "RequestBody": null,
      "StatusCode": 200,
      "ResponseHeaders": {
        "Cache-Control": "no-cache",
        "Content-Length": "3446",
        "Content-Type": "application/json; charset=utf-8",
        "Date": "Tue, 18 Jan 2022 20:36:33 GMT",
        "Expires": "-1",
        "Pragma": "no-cache",
        "Server": [
          "Microsoft-HTTPAPI/2.0",
          "Microsoft-HTTPAPI/2.0"
        ],
        "Strict-Transport-Security": "max-age=31536000; includeSubDomains",
        "X-Content-Type-Options": "nosniff",
        "x-ms-arm-service-request-id": "209c07a4-3233-4467-8e5e-971bd06f5b10",
        "x-ms-client-request-id": "dd35ef4f4fc266e2639d74ff868ea19f",
        "x-ms-correlation-request-id": "f5ec4f6a-2778-46d2-9b04-c5925a82805c",
        "x-ms-ratelimit-remaining-subscription-reads": "11941",
        "x-ms-request-id": "fb272101-33ec-463e-a850-7a66bc0ea4ac",
        "x-ms-routing-request-id": "SOUTHEASTASIA:20220118T203634Z:f5ec4f6a-2778-46d2-9b04-c5925a82805c"
      },
      "ResponseBody": [
        "{\r\n",
        "  \u0022value\u0022: [\r\n",
        "    {\r\n",
        "      \u0022name\u0022: \u0022dualstacknic3005\u0022,\r\n",
        "      \u0022id\u0022: \u0022/subscriptions/db1ab6f0-4769-4b27-930e-01e2ef9c123c/resourceGroups/csmrg2542/providers/Microsoft.Network/networkInterfaces/dualstacknic3005\u0022,\r\n",
        "      \u0022etag\u0022: \u0022W/\\\u0022d6edab06-8f06-44ff-9975-25e5cb7a4e7e\\\u0022\u0022,\r\n",
        "      \u0022location\u0022: \u0022eastus\u0022,\r\n",
        "      \u0022tags\u0022: {\r\n",
        "        \u0022key\u0022: \u0022value\u0022\r\n",
        "      },\r\n",
        "      \u0022properties\u0022: {\r\n",
        "        \u0022provisioningState\u0022: \u0022Succeeded\u0022,\r\n",
        "        \u0022resourceGuid\u0022: \u0022c97e12d9-d4e4-4fb7-a7dc-1b9628db430c\u0022,\r\n",
        "        \u0022ipConfigurations\u0022: [\r\n",
        "          {\r\n",
        "            \u0022name\u0022: \u0022ipv4ipconfig1810\u0022,\r\n",
        "            \u0022id\u0022: \u0022/subscriptions/db1ab6f0-4769-4b27-930e-01e2ef9c123c/resourceGroups/csmrg2542/providers/Microsoft.Network/networkInterfaces/dualstacknic3005/ipConfigurations/ipv4ipconfig1810\u0022,\r\n",
        "            \u0022etag\u0022: \u0022W/\\\u0022d6edab06-8f06-44ff-9975-25e5cb7a4e7e\\\u0022\u0022,\r\n",
        "            \u0022type\u0022: \u0022Microsoft.Network/networkInterfaces/ipConfigurations\u0022,\r\n",
        "            \u0022properties\u0022: {\r\n",
        "              \u0022provisioningState\u0022: \u0022Succeeded\u0022,\r\n",
        "              \u0022privateIPAddress\u0022: \u002210.0.0.4\u0022,\r\n",
        "              \u0022privateIPAllocationMethod\u0022: \u0022Dynamic\u0022,\r\n",
        "              \u0022subnet\u0022: {\r\n",
        "                \u0022id\u0022: \u0022/subscriptions/db1ab6f0-4769-4b27-930e-01e2ef9c123c/resourceGroups/csmrg2542/providers/Microsoft.Network/virtualNetworks/azsmnet3009/subnets/azsmnet9442\u0022\r\n",
        "              },\r\n",
        "              \u0022primary\u0022: true,\r\n",
        "              \u0022privateIPAddressVersion\u0022: \u0022IPv4\u0022\r\n",
        "            }\r\n",
        "          },\r\n",
        "          {\r\n",
        "            \u0022name\u0022: \u0022ipv6ipconfig597\u0022,\r\n",
        "            \u0022id\u0022: \u0022/subscriptions/db1ab6f0-4769-4b27-930e-01e2ef9c123c/resourceGroups/csmrg2542/providers/Microsoft.Network/networkInterfaces/dualstacknic3005/ipConfigurations/ipv6ipconfig597\u0022,\r\n",
        "            \u0022etag\u0022: \u0022W/\\\u0022d6edab06-8f06-44ff-9975-25e5cb7a4e7e\\\u0022\u0022,\r\n",
        "            \u0022type\u0022: \u0022Microsoft.Network/networkInterfaces/ipConfigurations\u0022,\r\n",
        "            \u0022properties\u0022: {\r\n",
        "              \u0022provisioningState\u0022: \u0022Succeeded\u0022,\r\n",
        "              \u0022privateIPAllocationMethod\u0022: \u0022Dynamic\u0022,\r\n",
        "              \u0022privateIPAddressVersion\u0022: \u0022IPv6\u0022\r\n",
        "            }\r\n",
        "          },\r\n",
        "          {\r\n",
        "            \u0022name\u0022: \u0022ipv4ipconfig25042\u0022,\r\n",
        "            \u0022id\u0022: \u0022/subscriptions/db1ab6f0-4769-4b27-930e-01e2ef9c123c/resourceGroups/csmrg2542/providers/Microsoft.Network/networkInterfaces/dualstacknic3005/ipConfigurations/ipv4ipconfig25042\u0022,\r\n",
        "            \u0022etag\u0022: \u0022W/\\\u0022d6edab06-8f06-44ff-9975-25e5cb7a4e7e\\\u0022\u0022,\r\n",
        "            \u0022type\u0022: \u0022Microsoft.Network/networkInterfaces/ipConfigurations\u0022,\r\n",
        "            \u0022properties\u0022: {\r\n",
        "              \u0022provisioningState\u0022: \u0022Succeeded\u0022,\r\n",
        "              \u0022privateIPAddress\u0022: \u002210.0.0.5\u0022,\r\n",
        "              \u0022privateIPAllocationMethod\u0022: \u0022Dynamic\u0022,\r\n",
        "              \u0022subnet\u0022: {\r\n",
        "                \u0022id\u0022: \u0022/subscriptions/db1ab6f0-4769-4b27-930e-01e2ef9c123c/resourceGroups/csmrg2542/providers/Microsoft.Network/virtualNetworks/azsmnet3009/subnets/azsmnet9442\u0022\r\n",
        "              },\r\n",
        "              \u0022primary\u0022: false,\r\n",
        "              \u0022privateIPAddressVersion\u0022: \u0022IPv4\u0022\r\n",
        "            }\r\n",
        "          }\r\n",
        "        ],\r\n",
        "        \u0022dnsSettings\u0022: {\r\n",
        "          \u0022dnsServers\u0022: [],\r\n",
        "          \u0022appliedDnsServers\u0022: [],\r\n",
        "          \u0022internalDomainNameSuffix\u0022: \u00221uzmks0hhjre5dj10lh1wldbpf.bx.internal.cloudapp.net\u0022\r\n",
        "        },\r\n",
        "        \u0022enableAcceleratedNetworking\u0022: false,\r\n",
        "        \u0022vnetEncryptionSupported\u0022: false,\r\n",
        "        \u0022enableIPForwarding\u0022: false,\r\n",
        "        \u0022hostedWorkloads\u0022: [],\r\n",
        "        \u0022tapConfigurations\u0022: [],\r\n",
        "        \u0022nicType\u0022: \u0022Standard\u0022\r\n",
        "      },\r\n",
        "      \u0022type\u0022: \u0022Microsoft.Network/networkInterfaces\u0022\r\n",
        "    }\r\n",
        "  ]\r\n",
        "}"
      ]
    },
    {
      "RequestUri": "https://management.azure.com/subscriptions/db1ab6f0-4769-4b27-930e-01e2ef9c123c/providers/Microsoft.Network/networkInterfaces?api-version=2021-02-01",
      "RequestMethod": "GET",
      "RequestHeaders": {
        "Accept": "application/json",
        "Authorization": "Sanitized",
        "User-Agent": "azsdk-net-ResourceManager.Network/1.0.0-alpha.20220118.1 (.NET Framework 4.8.4420.0; Microsoft Windows 10.0.19043 )",
        "x-ms-client-request-id": "8bbe55703ea1d8b2660c9f180bc14336",
        "x-ms-return-client-request-id": "true"
      },
      "RequestBody": null,
      "StatusCode": 200,
      "ResponseHeaders": {
        "Cache-Control": "no-cache",
        "Content-Length": "6122",
        "Content-Type": "application/json; charset=utf-8",
        "Date": "Tue, 18 Jan 2022 20:36:34 GMT",
        "Expires": "-1",
        "Pragma": "no-cache",
        "Strict-Transport-Security": "max-age=31536000; includeSubDomains",
        "X-Content-Type-Options": "nosniff",
        "x-ms-correlation-request-id": "ac46e91e-de94-41ae-95e8-b9790848b042",
        "x-ms-original-request-ids": [
          "1639bfb7-f4ff-4291-a6e8-a76ace4714d4",
          "3fb8d65b-5ab7-4617-917a-330b3ede5028"
        ],
        "x-ms-ratelimit-remaining-subscription-reads": "11940",
        "x-ms-request-id": "ac46e91e-de94-41ae-95e8-b9790848b042",
        "x-ms-routing-request-id": "SOUTHEASTASIA:20220118T203634Z:ac46e91e-de94-41ae-95e8-b9790848b042"
      },
      "ResponseBody": {
        "value": [
          {
            "name": "dualstacknic3005",
            "id": "/subscriptions/db1ab6f0-4769-4b27-930e-01e2ef9c123c/resourceGroups/csmrg2542/providers/Microsoft.Network/networkInterfaces/dualstacknic3005",
            "etag": "W/\u0022d6edab06-8f06-44ff-9975-25e5cb7a4e7e\u0022",
            "location": "eastus",
            "tags": {
              "key": "value"
            },
            "properties": {
              "provisioningState": "Succeeded",
              "resourceGuid": "c97e12d9-d4e4-4fb7-a7dc-1b9628db430c",
              "ipConfigurations": [
                {
                  "name": "ipv4ipconfig1810",
                  "id": "/subscriptions/db1ab6f0-4769-4b27-930e-01e2ef9c123c/resourceGroups/csmrg2542/providers/Microsoft.Network/networkInterfaces/dualstacknic3005/ipConfigurations/ipv4ipconfig1810",
                  "etag": "W/\u0022d6edab06-8f06-44ff-9975-25e5cb7a4e7e\u0022",
                  "type": "Microsoft.Network/networkInterfaces/ipConfigurations",
                  "properties": {
                    "provisioningState": "Succeeded",
                    "privateIPAddress": "10.0.0.4",
                    "privateIPAllocationMethod": "Dynamic",
                    "subnet": {
                      "id": "/subscriptions/db1ab6f0-4769-4b27-930e-01e2ef9c123c/resourceGroups/csmrg2542/providers/Microsoft.Network/virtualNetworks/azsmnet3009/subnets/azsmnet9442"
                    },
                    "primary": true,
                    "privateIPAddressVersion": "IPv4"
                  }
                },
                {
                  "name": "ipv6ipconfig597",
                  "id": "/subscriptions/db1ab6f0-4769-4b27-930e-01e2ef9c123c/resourceGroups/csmrg2542/providers/Microsoft.Network/networkInterfaces/dualstacknic3005/ipConfigurations/ipv6ipconfig597",
                  "etag": "W/\u0022d6edab06-8f06-44ff-9975-25e5cb7a4e7e\u0022",
                  "type": "Microsoft.Network/networkInterfaces/ipConfigurations",
                  "properties": {
                    "provisioningState": "Succeeded",
                    "privateIPAllocationMethod": "Dynamic",
                    "privateIPAddressVersion": "IPv6"
                  }
                },
                {
                  "name": "ipv4ipconfig25042",
                  "id": "/subscriptions/db1ab6f0-4769-4b27-930e-01e2ef9c123c/resourceGroups/csmrg2542/providers/Microsoft.Network/networkInterfaces/dualstacknic3005/ipConfigurations/ipv4ipconfig25042",
                  "etag": "W/\u0022d6edab06-8f06-44ff-9975-25e5cb7a4e7e\u0022",
                  "type": "Microsoft.Network/networkInterfaces/ipConfigurations",
                  "properties": {
                    "provisioningState": "Succeeded",
                    "privateIPAddress": "10.0.0.5",
                    "privateIPAllocationMethod": "Dynamic",
                    "subnet": {
                      "id": "/subscriptions/db1ab6f0-4769-4b27-930e-01e2ef9c123c/resourceGroups/csmrg2542/providers/Microsoft.Network/virtualNetworks/azsmnet3009/subnets/azsmnet9442"
                    },
                    "primary": false,
                    "privateIPAddressVersion": "IPv4"
                  }
                }
              ],
              "dnsSettings": {
                "dnsServers": [],
                "appliedDnsServers": [],
                "internalDomainNameSuffix": "1uzmks0hhjre5dj10lh1wldbpf.bx.internal.cloudapp.net"
              },
              "enableAcceleratedNetworking": false,
              "vnetEncryptionSupported": false,
              "enableIPForwarding": false,
              "hostedWorkloads": [],
              "tapConfigurations": [],
              "nicType": "Standard"
            },
            "type": "Microsoft.Network/networkInterfaces"
          },
          {
            "name": "privateendpoint1110.nic.d22c911b-b07d-4f32-ae1d-d07ced7355d7",
            "id": "/subscriptions/db1ab6f0-4769-4b27-930e-01e2ef9c123c/resourceGroups/yungez-network/providers/Microsoft.Network/networkInterfaces/privateendpoint1110.nic.d22c911b-b07d-4f32-ae1d-d07ced7355d7",
            "etag": "W/\u002293ad4ba4-e04e-4fc5-b4d5-3c178d80ec51\u0022",
            "location": "eastus2",
            "tags": {},
            "properties": {
              "provisioningState": "Succeeded",
              "resourceGuid": "b6a11c9d-d8db-4246-8e95-5dceb03b2105",
              "ipConfigurations": [
                {
                  "name": "privateEndpointIpConfig.edc12953-511c-4360-b571-cb68748836eb",
                  "id": "/subscriptions/db1ab6f0-4769-4b27-930e-01e2ef9c123c/resourceGroups/yungez-network/providers/Microsoft.Network/networkInterfaces/privateendpoint1110.nic.d22c911b-b07d-4f32-ae1d-d07ced7355d7/ipConfigurations/privateEndpointIpConfig.edc12953-511c-4360-b571-cb68748836eb",
                  "etag": "W/\u002293ad4ba4-e04e-4fc5-b4d5-3c178d80ec51\u0022",
                  "type": "Microsoft.Network/networkInterfaces/ipConfigurations",
                  "properties": {
                    "provisioningState": "Succeeded",
                    "privateIPAddress": "10.2.0.4",
                    "privateIPAllocationMethod": "Dynamic",
                    "subnet": {
                      "id": "/subscriptions/db1ab6f0-4769-4b27-930e-01e2ef9c123c/resourceGroups/yungez-network/providers/Microsoft.Network/virtualNetworks/vnet1110-pe/subnets/mysubnetpe"
                    },
                    "primary": true,
                    "privateIPAddressVersion": "IPv4",
                    "privateLinkConnectionProperties": {
                      "groupId": "",
                      "requiredMemberName": "",
                      "fqdns": []
                    }
                  }
                }
              ],
              "dnsSettings": {
                "dnsServers": [],
                "appliedDnsServers": [],
                "internalDomainNameSuffix": "5wk1pobbrgsuveqyycm5ck5vqb.cx.internal.cloudapp.net"
              },
              "macAddress": "",
              "enableAcceleratedNetworking": false,
              "vnetEncryptionSupported": false,
              "enableIPForwarding": false,
              "hostedWorkloads": [],
              "tapConfigurations": [],
              "privateEndpoint": {
                "id": "/subscriptions/db1ab6f0-4769-4b27-930e-01e2ef9c123c/resourceGroups/yungez-network/providers/Microsoft.Network/privateEndpoints/privateendpoint1110"
              },
              "nicType": "Standard"
            },
            "type": "Microsoft.Network/networkInterfaces"
          },
          {
            "name": "privatelinkservice1110.nic.5eb6a2b7-008d-4952-a96a-a023181aa931",
            "id": "/subscriptions/db1ab6f0-4769-4b27-930e-01e2ef9c123c/resourceGroups/yungez-network/providers/Microsoft.Network/networkInterfaces/privatelinkservice1110.nic.5eb6a2b7-008d-4952-a96a-a023181aa931",
            "etag": "W/\u0022a8416cf9-21dd-4517-80b9-4ce53d119f6a\u0022",
            "location": "eastus2",
            "tags": {},
            "properties": {
              "provisioningState": "Succeeded",
              "resourceGuid": "b77bfa0c-0c55-43fb-9ea5-19e4a9514f7a",
              "ipConfigurations": [
                {
                  "name": "myBackendSubnet-1",
                  "id": "/subscriptions/db1ab6f0-4769-4b27-930e-01e2ef9c123c/resourceGroups/yungez-network/providers/Microsoft.Network/networkInterfaces/privatelinkservice1110.nic.5eb6a2b7-008d-4952-a96a-a023181aa931/ipConfigurations/myBackendSubnet-1",
                  "etag": "W/\u0022a8416cf9-21dd-4517-80b9-4ce53d119f6a\u0022",
                  "type": "Microsoft.Network/networkInterfaces/ipConfigurations",
                  "properties": {
                    "provisioningState": "Succeeded",
                    "privateIPAddress": "10.1.0.5",
                    "privateIPAllocationMethod": "Dynamic",
                    "subnet": {
                      "id": "/subscriptions/db1ab6f0-4769-4b27-930e-01e2ef9c123c/resourceGroups/yungez-network/providers/Microsoft.Network/virtualNetworks/vnet1110/subnets/myBackendSubnet"
                    },
                    "primary": true,
                    "privateIPAddressVersion": "IPv4"
                  }
                }
              ],
              "dnsSettings": {
                "dnsServers": [],
                "appliedDnsServers": [],
                "internalDomainNameSuffix": "bpimh1pjdfcevc5spv0yas43bg.cx.internal.cloudapp.net"
              },
              "macAddress": "",
              "enableAcceleratedNetworking": false,
              "vnetEncryptionSupported": false,
              "enableIPForwarding": false,
              "hostedWorkloads": [],
              "tapConfigurations": [],
              "privateLinkService": {
                "id": "/subscriptions/db1ab6f0-4769-4b27-930e-01e2ef9c123c/resourceGroups/yungez-network/providers/Microsoft.Network/privateLinkServices/privatelinkservice1110"
              },
              "nicType": "Standard"
            },
            "type": "Microsoft.Network/networkInterfaces"
          }
        ]
      }
    },
    {
      "RequestUri": "https://management.azure.com/subscriptions/db1ab6f0-4769-4b27-930e-01e2ef9c123c/resourceGroups/csmrg2542/providers/Microsoft.Network/networkInterfaces/dualstacknic3005?api-version=2021-02-01",
      "RequestMethod": "DELETE",
      "RequestHeaders": {
        "Accept": "application/json",
        "Authorization": "Sanitized",
        "User-Agent": "azsdk-net-ResourceManager.Network/1.0.0-alpha.20220118.1 (.NET Framework 4.8.4420.0; Microsoft Windows 10.0.19043 )",
        "x-ms-client-request-id": "79ff52534953a92dca91f702c0795b5b",
        "x-ms-return-client-request-id": "true"
      },
      "RequestBody": null,
      "StatusCode": 202,
      "ResponseHeaders": {
        "Azure-AsyncNotification": "Enabled",
        "Azure-AsyncOperation": "https://management.azure.com/subscriptions/db1ab6f0-4769-4b27-930e-01e2ef9c123c/providers/Microsoft.Network/locations/eastus/operations/bc59c1d2-5463-4cd4-a850-a97388a0f912?api-version=2021-02-01",
        "Cache-Control": "no-cache",
        "Content-Length": "0",
        "Date": "Tue, 18 Jan 2022 20:36:35 GMT",
        "Expires": "-1",
        "Location": "https://management.azure.com/subscriptions/db1ab6f0-4769-4b27-930e-01e2ef9c123c/providers/Microsoft.Network/locations/eastus/operationResults/bc59c1d2-5463-4cd4-a850-a97388a0f912?api-version=2021-02-01",
        "Pragma": "no-cache",
        "Retry-After": "10",
        "Server": [
          "Microsoft-HTTPAPI/2.0",
          "Microsoft-HTTPAPI/2.0"
        ],
        "Strict-Transport-Security": "max-age=31536000; includeSubDomains",
        "X-Content-Type-Options": "nosniff",
        "x-ms-arm-service-request-id": "1341b2eb-3b0b-4666-90c2-a0ab8c83f723",
        "x-ms-client-request-id": "79ff52534953a92dca91f702c0795b5b",
        "x-ms-correlation-request-id": "11771e8d-42b9-4cb5-bf2c-0f7edfac2e4b",
        "x-ms-ratelimit-remaining-subscription-deletes": "14989",
        "x-ms-request-id": "bc59c1d2-5463-4cd4-a850-a97388a0f912",
        "x-ms-routing-request-id": "SOUTHEASTASIA:20220118T203635Z:11771e8d-42b9-4cb5-bf2c-0f7edfac2e4b"
      },
      "ResponseBody": []
    },
    {
      "RequestUri": "https://management.azure.com/subscriptions/db1ab6f0-4769-4b27-930e-01e2ef9c123c/providers/Microsoft.Network/locations/eastus/operations/bc59c1d2-5463-4cd4-a850-a97388a0f912?api-version=2021-02-01",
      "RequestMethod": "GET",
      "RequestHeaders": {
        "Authorization": "Sanitized",
        "User-Agent": "azsdk-net-ResourceManager/1.0.0-alpha.20220118.1 (.NET Framework 4.8.4420.0; Microsoft Windows 10.0.19043 )",
        "x-ms-client-request-id": "33ab3e59278f274c2714c11046af17ed",
        "x-ms-return-client-request-id": "true"
      },
      "RequestBody": null,
      "StatusCode": 200,
      "ResponseHeaders": {
        "Cache-Control": "no-cache",
        "Content-Length": "29",
        "Content-Type": "application/json; charset=utf-8",
        "Date": "Tue, 18 Jan 2022 20:36:35 GMT",
        "Expires": "-1",
        "Pragma": "no-cache",
        "Server": [
          "Microsoft-HTTPAPI/2.0",
          "Microsoft-HTTPAPI/2.0"
        ],
        "Strict-Transport-Security": "max-age=31536000; includeSubDomains",
        "X-Content-Type-Options": "nosniff",
        "x-ms-arm-service-request-id": "fae8e787-bef8-4557-a60b-4185ccfff7aa",
        "x-ms-client-request-id": "33ab3e59278f274c2714c11046af17ed",
        "x-ms-correlation-request-id": "ce0986a6-0aca-44a4-94b5-c538c7229220",
        "x-ms-ratelimit-remaining-subscription-reads": "11939",
        "x-ms-request-id": "fe64d91b-a9d6-4955-9518-0bcc6701955b",
        "x-ms-routing-request-id": "SOUTHEASTASIA:20220118T203636Z:ce0986a6-0aca-44a4-94b5-c538c7229220"
      },
      "ResponseBody": [
        "{\r\n",
        "  \u0022status\u0022: \u0022Succeeded\u0022\r\n",
        "}"
      ]
    },
    {
      "RequestUri": "https://management.azure.com/subscriptions/db1ab6f0-4769-4b27-930e-01e2ef9c123c/providers/Microsoft.Network/locations/eastus/operations/bc59c1d2-5463-4cd4-a850-a97388a0f912?api-version=2021-02-01",
      "RequestMethod": "GET",
      "RequestHeaders": {
        "Authorization": "Sanitized",
        "User-Agent": "azsdk-net-ResourceManager/1.0.0-alpha.20220118.1 (.NET Framework 4.8.4420.0; Microsoft Windows 10.0.19043 )",
        "x-ms-client-request-id": "39d743b0563a6b3d5dee3df5d177fa00",
        "x-ms-return-client-request-id": "true"
      },
      "RequestBody": null,
      "StatusCode": 200,
      "ResponseHeaders": {
        "Cache-Control": "no-cache",
        "Content-Length": "29",
        "Content-Type": "application/json; charset=utf-8",
        "Date": "Tue, 18 Jan 2022 20:36:35 GMT",
        "Expires": "-1",
        "Pragma": "no-cache",
        "Server": [
          "Microsoft-HTTPAPI/2.0",
          "Microsoft-HTTPAPI/2.0"
        ],
        "Strict-Transport-Security": "max-age=31536000; includeSubDomains",
        "X-Content-Type-Options": "nosniff",
        "x-ms-arm-service-request-id": "3a57b56d-2dca-4df3-a46a-7e803379764c",
        "x-ms-client-request-id": "39d743b0563a6b3d5dee3df5d177fa00",
        "x-ms-correlation-request-id": "20ec7337-fb84-4582-9733-cd9f0e71c3cf",
        "x-ms-ratelimit-remaining-subscription-reads": "11938",
        "x-ms-request-id": "a56cfc66-6579-4227-a534-9454660a4bb2",
        "x-ms-routing-request-id": "SOUTHEASTASIA:20220118T203636Z:20ec7337-fb84-4582-9733-cd9f0e71c3cf"
      },
      "ResponseBody": [
        "{\r\n",
        "  \u0022status\u0022: \u0022Succeeded\u0022\r\n",
        "}"
      ]
    },
    {
      "RequestUri": "https://management.azure.com/subscriptions/db1ab6f0-4769-4b27-930e-01e2ef9c123c/resourceGroups/csmrg2542/providers/Microsoft.Network/networkInterfaces?api-version=2021-02-01",
      "RequestMethod": "GET",
      "RequestHeaders": {
        "Accept": "application/json",
        "Authorization": "Sanitized",
        "User-Agent": "azsdk-net-ResourceManager.Network/1.0.0-alpha.20220118.1 (.NET Framework 4.8.4420.0; Microsoft Windows 10.0.19043 )",
        "x-ms-client-request-id": "82a9553528cd19cc855fc5e326e4ca8c",
        "x-ms-return-client-request-id": "true"
      },
      "RequestBody": null,
      "StatusCode": 200,
      "ResponseHeaders": {
        "Cache-Control": "no-cache",
        "Content-Length": "19",
        "Content-Type": "application/json; charset=utf-8",
        "Date": "Tue, 18 Jan 2022 20:36:36 GMT",
        "Expires": "-1",
        "Pragma": "no-cache",
        "Server": [
          "Microsoft-HTTPAPI/2.0",
          "Microsoft-HTTPAPI/2.0"
        ],
        "Strict-Transport-Security": "max-age=31536000; includeSubDomains",
        "X-Content-Type-Options": "nosniff",
        "x-ms-arm-service-request-id": "98e99095-4ef3-45b2-a7a1-e9306a238d97",
        "x-ms-client-request-id": "82a9553528cd19cc855fc5e326e4ca8c",
        "x-ms-correlation-request-id": "b31074ec-3cb3-492d-b078-619cdae67859",
        "x-ms-ratelimit-remaining-subscription-reads": "11937",
        "x-ms-request-id": "0ca89620-4578-462b-a715-a5d93f14c060",
        "x-ms-routing-request-id": "SOUTHEASTASIA:20220118T203636Z:b31074ec-3cb3-492d-b078-619cdae67859"
      },
      "ResponseBody": [
        "{\r\n",
        "  \u0022value\u0022: []\r\n",
        "}"
      ]
    },
    {
      "RequestUri": "https://management.azure.com/subscriptions/db1ab6f0-4769-4b27-930e-01e2ef9c123c/resourceGroups/csmrg2542/providers/Microsoft.Network/publicIPAddresses/azsmnet6074?api-version=2021-02-01",
      "RequestMethod": "DELETE",
      "RequestHeaders": {
        "Accept": "application/json",
        "Authorization": "Sanitized",
        "User-Agent": "azsdk-net-ResourceManager.Network/1.0.0-alpha.20220118.1 (.NET Framework 4.8.4420.0; Microsoft Windows 10.0.19043 )",
        "x-ms-client-request-id": "6c068a4522f202670040d6a1ea5655b0",
        "x-ms-return-client-request-id": "true"
      },
      "RequestBody": null,
      "StatusCode": 202,
      "ResponseHeaders": {
        "Azure-AsyncNotification": "Enabled",
        "Azure-AsyncOperation": "https://management.azure.com/subscriptions/db1ab6f0-4769-4b27-930e-01e2ef9c123c/providers/Microsoft.Network/locations/eastus/operations/38c34235-619d-411d-8176-2ee005a5a3c8?api-version=2021-02-01",
        "Cache-Control": "no-cache",
        "Content-Length": "0",
        "Date": "Tue, 18 Jan 2022 20:36:36 GMT",
        "Expires": "-1",
        "Location": "https://management.azure.com/subscriptions/db1ab6f0-4769-4b27-930e-01e2ef9c123c/providers/Microsoft.Network/locations/eastus/operationResults/38c34235-619d-411d-8176-2ee005a5a3c8?api-version=2021-02-01",
        "Pragma": "no-cache",
        "Retry-After": "10",
        "Server": [
          "Microsoft-HTTPAPI/2.0",
          "Microsoft-HTTPAPI/2.0"
        ],
        "Strict-Transport-Security": "max-age=31536000; includeSubDomains",
        "X-Content-Type-Options": "nosniff",
        "x-ms-arm-service-request-id": "8cd1393c-24df-4365-8068-8ed695194644",
        "x-ms-client-request-id": "6c068a4522f202670040d6a1ea5655b0",
        "x-ms-correlation-request-id": "fc12c4d0-bfc6-45de-997f-127264ac7431",
        "x-ms-ratelimit-remaining-subscription-deletes": "14988",
        "x-ms-request-id": "38c34235-619d-411d-8176-2ee005a5a3c8",
        "x-ms-routing-request-id": "SOUTHEASTASIA:20220118T203637Z:fc12c4d0-bfc6-45de-997f-127264ac7431"
      },
      "ResponseBody": []
    },
    {
      "RequestUri": "https://management.azure.com/subscriptions/db1ab6f0-4769-4b27-930e-01e2ef9c123c/providers/Microsoft.Network/locations/eastus/operations/38c34235-619d-411d-8176-2ee005a5a3c8?api-version=2021-02-01",
      "RequestMethod": "GET",
      "RequestHeaders": {
        "Authorization": "Sanitized",
        "User-Agent": "azsdk-net-ResourceManager/1.0.0-alpha.20220118.1 (.NET Framework 4.8.4420.0; Microsoft Windows 10.0.19043 )",
        "x-ms-client-request-id": "47b0b0238d71130deea6828c512a2f2e",
        "x-ms-return-client-request-id": "true"
      },
      "RequestBody": null,
      "StatusCode": 200,
      "ResponseHeaders": {
        "Cache-Control": "no-cache",
        "Content-Length": "30",
        "Content-Type": "application/json; charset=utf-8",
        "Date": "Tue, 18 Jan 2022 20:36:37 GMT",
        "Expires": "-1",
        "Pragma": "no-cache",
        "Retry-After": "10",
        "Server": [
          "Microsoft-HTTPAPI/2.0",
          "Microsoft-HTTPAPI/2.0"
        ],
        "Strict-Transport-Security": "max-age=31536000; includeSubDomains",
        "X-Content-Type-Options": "nosniff",
        "x-ms-arm-service-request-id": "3bcc4d01-cd98-4d7d-95e6-17436fa30196",
        "x-ms-client-request-id": "47b0b0238d71130deea6828c512a2f2e",
        "x-ms-correlation-request-id": "45401d92-fec4-496d-88cb-d2b08b71643c",
        "x-ms-ratelimit-remaining-subscription-reads": "11936",
        "x-ms-request-id": "deb08773-9e5f-48b1-8074-e0f5be9bb2e5",
        "x-ms-routing-request-id": "SOUTHEASTASIA:20220118T203637Z:45401d92-fec4-496d-88cb-d2b08b71643c"
      },
      "ResponseBody": [
        "{\r\n",
        "  \u0022status\u0022: \u0022InProgress\u0022\r\n",
        "}"
      ]
    },
    {
      "RequestUri": "https://management.azure.com/subscriptions/db1ab6f0-4769-4b27-930e-01e2ef9c123c/providers/Microsoft.Network/locations/eastus/operations/38c34235-619d-411d-8176-2ee005a5a3c8?api-version=2021-02-01",
      "RequestMethod": "GET",
      "RequestHeaders": {
        "Authorization": "Sanitized",
        "User-Agent": "azsdk-net-ResourceManager/1.0.0-alpha.20220118.1 (.NET Framework 4.8.4420.0; Microsoft Windows 10.0.19043 )",
        "x-ms-client-request-id": "65c81509d909b0866a7df5356e8b71a7",
        "x-ms-return-client-request-id": "true"
      },
      "RequestBody": null,
      "StatusCode": 200,
      "ResponseHeaders": {
        "Cache-Control": "no-cache",
        "Connection": "close",
        "Content-Length": "29",
        "Content-Type": "application/json; charset=utf-8",
        "Date": "Tue, 18 Jan 2022 20:36:47 GMT",
        "Expires": "-1",
        "Pragma": "no-cache",
        "Server": [
          "Microsoft-HTTPAPI/2.0",
          "Microsoft-HTTPAPI/2.0"
        ],
        "Strict-Transport-Security": "max-age=31536000; includeSubDomains",
        "X-Content-Type-Options": "nosniff",
        "x-ms-arm-service-request-id": "f04d9a26-7612-4fb2-b275-2377b431f704",
        "x-ms-client-request-id": "65c81509d909b0866a7df5356e8b71a7",
        "x-ms-correlation-request-id": "5fdba257-ca94-41bb-a477-3793734c92d4",
        "x-ms-ratelimit-remaining-subscription-reads": "11935",
        "x-ms-request-id": "80ecc9af-7ed4-4b37-9ed7-39a15e342eae",
        "x-ms-routing-request-id": "SOUTHEASTASIA:20220118T203648Z:5fdba257-ca94-41bb-a477-3793734c92d4"
      },
      "ResponseBody": [
        "{\r\n",
        "  \u0022status\u0022: \u0022Succeeded\u0022\r\n",
        "}"
      ]
    },
    {
      "RequestUri": "https://management.azure.com/subscriptions/db1ab6f0-4769-4b27-930e-01e2ef9c123c/resourceGroups/csmrg2542/providers/Microsoft.Network/virtualNetworks/azsmnet3009?api-version=2021-02-01",
      "RequestMethod": "DELETE",
      "RequestHeaders": {
        "Accept": "application/json",
        "Authorization": "Sanitized",
        "User-Agent": "azsdk-net-ResourceManager.Network/1.0.0-alpha.20220118.1 (.NET Framework 4.8.4420.0; Microsoft Windows 10.0.19043 )",
        "x-ms-client-request-id": "397d5dfb0da68d3fb3c7025f1293364c",
        "x-ms-return-client-request-id": "true"
      },
      "RequestBody": null,
      "StatusCode": 202,
      "ResponseHeaders": {
        "Azure-AsyncNotification": "Enabled",
        "Azure-AsyncOperation": "https://management.azure.com/subscriptions/db1ab6f0-4769-4b27-930e-01e2ef9c123c/providers/Microsoft.Network/locations/eastus/operations/5031fe3b-3192-471e-9552-873df851b623?api-version=2021-02-01",
        "Cache-Control": "no-cache",
        "Content-Length": "0",
        "Date": "Tue, 18 Jan 2022 20:36:51 GMT",
        "Expires": "-1",
        "Location": "https://management.azure.com/subscriptions/db1ab6f0-4769-4b27-930e-01e2ef9c123c/providers/Microsoft.Network/locations/eastus/operationResults/5031fe3b-3192-471e-9552-873df851b623?api-version=2021-02-01",
        "Pragma": "no-cache",
        "Retry-After": "10",
        "Server": [
          "Microsoft-HTTPAPI/2.0",
          "Microsoft-HTTPAPI/2.0"
        ],
        "Strict-Transport-Security": "max-age=31536000; includeSubDomains",
        "X-Content-Type-Options": "nosniff",
        "x-ms-arm-service-request-id": "050b901c-fe3f-4033-8b56-ca3678302e33",
        "x-ms-client-request-id": "397d5dfb0da68d3fb3c7025f1293364c",
        "x-ms-correlation-request-id": "6b14d373-ae04-4151-8896-665aefefa8d7",
        "x-ms-ratelimit-remaining-subscription-deletes": "14992",
        "x-ms-request-id": "5031fe3b-3192-471e-9552-873df851b623",
        "x-ms-routing-request-id": "SOUTHEASTASIA:20220118T203651Z:6b14d373-ae04-4151-8896-665aefefa8d7"
      },
      "ResponseBody": []
    },
    {
      "RequestUri": "https://management.azure.com/subscriptions/db1ab6f0-4769-4b27-930e-01e2ef9c123c/providers/Microsoft.Network/locations/eastus/operations/5031fe3b-3192-471e-9552-873df851b623?api-version=2021-02-01",
      "RequestMethod": "GET",
      "RequestHeaders": {
        "Authorization": "Sanitized",
        "User-Agent": "azsdk-net-ResourceManager/1.0.0-alpha.20220118.1 (.NET Framework 4.8.4420.0; Microsoft Windows 10.0.19043 )",
        "x-ms-client-request-id": "f491da35f6acfb87d53bb242d6269dd7",
        "x-ms-return-client-request-id": "true"
      },
      "RequestBody": null,
      "StatusCode": 200,
      "ResponseHeaders": {
        "Cache-Control": "no-cache",
        "Content-Length": "29",
        "Content-Type": "application/json; charset=utf-8",
        "Date": "Tue, 18 Jan 2022 20:36:51 GMT",
        "Expires": "-1",
        "Pragma": "no-cache",
        "Server": [
          "Microsoft-HTTPAPI/2.0",
          "Microsoft-HTTPAPI/2.0"
        ],
        "Strict-Transport-Security": "max-age=31536000; includeSubDomains",
        "X-Content-Type-Options": "nosniff",
        "x-ms-arm-service-request-id": "80db9b8d-b716-4676-830b-8b71ae6054e8",
        "x-ms-client-request-id": "f491da35f6acfb87d53bb242d6269dd7",
        "x-ms-correlation-request-id": "636fa67e-0ee2-41f5-9940-a97c213b03cc",
        "x-ms-ratelimit-remaining-subscription-reads": "11984",
        "x-ms-request-id": "918ed4e5-f587-4cd8-86ef-e8a9568838b7",
        "x-ms-routing-request-id": "SOUTHEASTASIA:20220118T203652Z:636fa67e-0ee2-41f5-9940-a97c213b03cc"
      },
      "ResponseBody": [
        "{\r\n",
        "  \u0022status\u0022: \u0022Succeeded\u0022\r\n",
        "}"
      ]
    }
  ],
  "Variables": {
    "LOCATION": "eastus",
    "RandomSeed": "1402384971",
    "RESOURCE_MANAGER_URL": null,
    "SUBSCRIPTION_ID": "db1ab6f0-4769-4b27-930e-01e2ef9c123c"
  }
}
