{
  "Entries": [
    {
      "RequestUri": "https://management.azure.com/subscriptions/db1ab6f0-4769-4b27-930e-01e2ef9c123c?api-version=2022-12-01",
      "RequestMethod": "GET",
      "RequestHeaders": {
        "Accept": "application/json",
        "Authorization": "Sanitized",
        "traceparent": "00-6ae76826ad7d8a30dbc6230ed91a67aa-e57d1b286a813932-00",
        "User-Agent": "azsdk-net-ResourceManager/1.4.0 (.NET 7.0.5; Microsoft Windows 10.0.22621)",
        "x-ms-client-request-id": "4803a1ab9018a7b97e15ef086423a9e5",
        "x-ms-return-client-request-id": "true"
      },
      "RequestBody": null,
      "StatusCode": 200,
      "ResponseHeaders": {
        "Cache-Control": "no-cache",
        "Content-Length": "748",
        "Content-Type": "application/json; charset=utf-8",
        "Date": "Wed, 26 Apr 2023 05:49:50 GMT",
        "Expires": "-1",
        "Pragma": "no-cache",
        "Strict-Transport-Security": "max-age=31536000; includeSubDomains",
        "X-Content-Type-Options": "nosniff",
        "x-ms-correlation-request-id": "1684f4a9-4dc9-4c93-8b45-856280458470",
        "x-ms-ratelimit-remaining-subscription-reads": "11979",
        "x-ms-request-id": "1684f4a9-4dc9-4c93-8b45-856280458470",
        "x-ms-routing-request-id": "SOUTHEASTASIA:20230426T054951Z:1684f4a9-4dc9-4c93-8b45-856280458470"
      },
      "ResponseBody": {
        "id": "/subscriptions/db1ab6f0-4769-4b27-930e-01e2ef9c123c",
        "authorizationSource": "RoleBased",
        "managedByTenants": [],
        "tags": {
          "TagKey-9823": "TagValue-1254",
          "TagKey-3481": "TagValue-320",
          "TagKey-4926": "TagValue-1187",
          "TagKey-751": "TagValue-3921",
          "TagKey-1866": "TagValue-8559",
          "TagKey-3094": "TagValue-9190",
          "TagKey-2449": "TagValue-9",
          "TagKey-8379": "TagValue-164",
          "TagKey-7470": "TagValue-2205",
          "TagKey-4236": "TagValue-3698",
          "TagKey-5316": "TagValue-2725"
        },
        "subscriptionId": "db1ab6f0-4769-4b27-930e-01e2ef9c123c",
        "tenantId": "72f988bf-86f1-41af-91ab-2d7cd011db47",
        "displayName": ".NET Mgmt SDK Test with TTL = 1 Day",
        "state": "Enabled",
        "subscriptionPolicies": {
          "locationPlacementId": "Internal_2014-09-01",
          "quotaId": "Internal_2014-09-01",
          "spendingLimit": "Off"
        }
      }
    },
    {
      "RequestUri": "https://management.azure.com/subscriptions/db1ab6f0-4769-4b27-930e-01e2ef9c123c/resourcegroups/sdktestrg-kv-1824?api-version=**",
      "RequestMethod": "PUT",
      "RequestHeaders": {
        "Accept": "application/json",
        "Authorization": "Sanitized",
        "Content-Length": "28",
        "Content-Type": "application/json",
        "traceparent": "00-03c872bfb1856c08da3f2079cfcc2c51-c5adb47ed516a609-00",
        "User-Agent": "azsdk-net-ResourceManager/1.4.0 (.NET 7.0.5; Microsoft Windows 10.0.22621)",
        "x-ms-client-request-id": "7903cd3cd013294a40d66cdd3e4113f7",
        "x-ms-return-client-request-id": "true"
      },
      "RequestBody": {
        "location": "canadacentral"
      },
      "StatusCode": 201,
      "ResponseHeaders": {
        "Cache-Control": "no-cache",
        "Content-Length": "238",
        "Content-Type": "application/json; charset=utf-8",
        "Date": "Wed, 26 Apr 2023 05:49:52 GMT",
        "Expires": "-1",
        "Pragma": "no-cache",
        "Strict-Transport-Security": "max-age=31536000; includeSubDomains",
        "X-Content-Type-Options": "nosniff",
        "x-ms-correlation-request-id": "83e07413-179b-4b00-af09-522867411d59",
        "x-ms-ratelimit-remaining-subscription-writes": "1194",
        "x-ms-request-id": "83e07413-179b-4b00-af09-522867411d59",
        "x-ms-routing-request-id": "SOUTHEASTASIA:20230426T054953Z:83e07413-179b-4b00-af09-522867411d59"
      },
      "ResponseBody": {
        "id": "/subscriptions/db1ab6f0-4769-4b27-930e-01e2ef9c123c/resourceGroups/sdktestrg-kv-1824",
        "name": "sdktestrg-kv-1824",
        "type": "Microsoft.Resources/resourceGroups",
        "location": "canadacentral",
        "properties": {
          "provisioningState": "Succeeded"
        }
      }
    },
    {
      "RequestUri": "https://management.azure.com/subscriptions/db1ab6f0-4769-4b27-930e-01e2ef9c123c/resourceGroups/sdktestrg-kv-1824/providers/Microsoft.KeyVault/vaults/sdktest-vault-8431?api-version=2023-02-01",
      "RequestMethod": "PUT",
      "RequestHeaders": {
        "Accept": "application/json",
        "Authorization": "Sanitized",
        "Content-Length": "707",
        "Content-Type": "application/json",
        "traceparent": "00-a81dc900f2be9db6315185e3508fedea-42522e71a4bc8cc2-00",
        "User-Agent": "azsdk-net-ResourceManager.KeyVault/1.2.0-alpha.20230426.1 (.NET 7.0.5; Microsoft Windows 10.0.22621)",
        "x-ms-client-request-id": "501e4095ecb1b444cad526e066d41cf8",
        "x-ms-return-client-request-id": "true"
      },
      "RequestBody": {
        "location": "canadacentral",
        "tags": {
          "tag1": "value1",
          "tag2": "value2",
          "tag3": "value3"
        },
        "properties": {
          "tenantId": "72f988bf-86f1-41af-91ab-2d7cd011db47",
          "sku": {
            "family": "A",
            "name": "standard"
          },
          "accessPolicies": [
            {
              "tenantId": "72f988bf-86f1-41af-91ab-2d7cd011db47",
              "objectId": "d8d75902-f0d1-442d-b310-62e23b1ff5ec",
              "permissions": {
                "keys": [
                  "all"
                ],
                "secrets": [
                  "all"
                ],
                "certificates": [
                  "all"
                ],
                "storage": [
                  "all"
                ]
              }
            }
          ],
          "vaultUri": "http://vaulturi.com/",
          "enabledForDeployment": true,
          "enabledForDiskEncryption": true,
          "enabledForTemplateDeployment": true,
          "enableSoftDelete": true,
          "softDeleteRetentionInDays": 7,
          "networkAcls": {
            "bypass": "AzureServices",
            "defaultAction": "Allow",
            "ipRules": [
              {
                "value": "1.2.3.4/32"
              },
              {
                "value": "1.0.0.0/25"
              }
            ]
          }
        }
      },
      "StatusCode": 200,
      "ResponseHeaders": {
        "Cache-Control": "no-cache",
        "Content-Length": "1303",
        "Content-Type": "application/json; charset=utf-8",
        "Date": "Wed, 26 Apr 2023 05:49:58 GMT",
        "Expires": "-1",
        "Pragma": "no-cache",
        "Server": "Microsoft-IIS/10.0",
        "Strict-Transport-Security": "max-age=31536000; includeSubDomains",
        "X-AspNet-Version": "4.0.30319",
        "X-Content-Type-Options": "nosniff",
        "x-ms-client-request-id": "501e4095ecb1b444cad526e066d41cf8",
        "x-ms-correlation-request-id": "c4446551-3112-424a-a068-ba14df9f6186",
        "x-ms-keyvault-service-version": "1.5.743.0",
        "x-ms-ratelimit-remaining-subscription-writes": "1193",
        "x-ms-request-id": "0e6c1413-68a6-4c06-8552-cc4e30971eff",
        "x-ms-routing-request-id": "SOUTHEASTASIA:20230426T054959Z:c4446551-3112-424a-a068-ba14df9f6186"
      },
      "ResponseBody": {
        "id": "/subscriptions/db1ab6f0-4769-4b27-930e-01e2ef9c123c/resourceGroups/sdktestrg-kv-1824/providers/Microsoft.KeyVault/vaults/sdktest-vault-8431",
        "name": "sdktest-vault-8431",
        "type": "Microsoft.KeyVault/vaults",
        "location": "canadacentral",
        "tags": {
          "tag1": "value1",
          "tag2": "value2",
          "tag3": "value3"
        },
        "systemData": {
          "createdBy": "8e6d47e0-7969-4fde-a62c-4fea4f165e98",
          "createdByType": "Application",
          "createdAt": "2023-04-26T05:49:55.287Z",
          "lastModifiedBy": "8e6d47e0-7969-4fde-a62c-4fea4f165e98",
          "lastModifiedByType": "Application",
          "lastModifiedAt": "2023-04-26T05:49:55.287Z"
        },
        "properties": {
          "sku": {
            "family": "A",
            "name": "standard"
          },
          "tenantId": "72f988bf-86f1-41af-91ab-2d7cd011db47",
          "networkAcls": {
            "bypass": "AzureServices",
            "defaultAction": "Allow",
            "ipRules": [
              {
                "value": "1.2.3.4/32"
              },
              {
                "value": "1.0.0.0/25"
              }
            ],
            "virtualNetworkRules": []
          },
          "accessPolicies": [
            {
              "tenantId": "72f988bf-86f1-41af-91ab-2d7cd011db47",
              "objectId": "d8d75902-f0d1-442d-b310-62e23b1ff5ec",
              "permissions": {
                "keys": [
                  "all"
                ],
                "secrets": [
                  "all"
                ],
                "certificates": [
                  "all"
                ],
                "storage": [
                  "all"
                ]
              }
            }
          ],
          "enabledForDeployment": true,
          "enabledForDiskEncryption": true,
          "enabledForTemplateDeployment": true,
          "enableSoftDelete": true,
          "softDeleteRetentionInDays": 7,
          "vaultUri": "https://sdktest-vault-8431.vault.azure.net",
          "provisioningState": "RegisteringDns",
          "publicNetworkAccess": "Enabled"
        }
      }
    },
    {
      "RequestUri": "https://management.azure.com/subscriptions/db1ab6f0-4769-4b27-930e-01e2ef9c123c/resourceGroups/sdktestrg-kv-1824/providers/Microsoft.KeyVault/vaults/sdktest-vault-8431?api-version=2023-02-01",
      "RequestMethod": "GET",
      "RequestHeaders": {
        "Authorization": "Sanitized",
        "traceparent": "00-a81dc900f2be9db6315185e3508fedea-92066c1af479b6f2-00",
        "User-Agent": "azsdk-net-ResourceManager/1.4.0 (.NET 7.0.5; Microsoft Windows 10.0.22621)",
        "x-ms-client-request-id": "fb8cd784b3af26c88c955e6ab08c7769",
        "x-ms-return-client-request-id": "true"
      },
      "RequestBody": null,
      "StatusCode": 200,
      "ResponseHeaders": {
        "Cache-Control": "no-cache",
        "Content-Length": "1304",
        "Content-Type": "application/json; charset=utf-8",
        "Date": "Wed, 26 Apr 2023 05:49:59 GMT",
        "Expires": "-1",
        "Pragma": "no-cache",
        "Server": "Microsoft-IIS/10.0",
        "Strict-Transport-Security": "max-age=31536000; includeSubDomains",
        "X-AspNet-Version": "4.0.30319",
        "X-Content-Type-Options": "nosniff",
        "x-ms-client-request-id": "fb8cd784b3af26c88c955e6ab08c7769",
        "x-ms-correlation-request-id": "eae3d1cd-08eb-4412-8d80-c72aa17b07f9",
        "x-ms-keyvault-service-version": "1.5.743.0",
        "x-ms-ratelimit-remaining-subscription-reads": "11978",
        "x-ms-request-id": "5589d105-81ac-44c1-8793-b7470b845740",
        "x-ms-routing-request-id": "SOUTHEASTASIA:20230426T055000Z:eae3d1cd-08eb-4412-8d80-c72aa17b07f9"
      },
      "ResponseBody": {
        "id": "/subscriptions/db1ab6f0-4769-4b27-930e-01e2ef9c123c/resourceGroups/sdktestrg-kv-1824/providers/Microsoft.KeyVault/vaults/sdktest-vault-8431",
        "name": "sdktest-vault-8431",
        "type": "Microsoft.KeyVault/vaults",
        "location": "canadacentral",
        "tags": {
          "tag1": "value1",
          "tag2": "value2",
          "tag3": "value3"
        },
        "systemData": {
          "createdBy": "8e6d47e0-7969-4fde-a62c-4fea4f165e98",
          "createdByType": "Application",
          "createdAt": "2023-04-26T05:49:55.287Z",
          "lastModifiedBy": "8e6d47e0-7969-4fde-a62c-4fea4f165e98",
          "lastModifiedByType": "Application",
          "lastModifiedAt": "2023-04-26T05:49:55.287Z"
        },
        "properties": {
          "sku": {
            "family": "A",
            "name": "standard"
          },
          "tenantId": "72f988bf-86f1-41af-91ab-2d7cd011db47",
          "networkAcls": {
            "bypass": "AzureServices",
            "defaultAction": "Allow",
            "ipRules": [
              {
                "value": "1.2.3.4/32"
              },
              {
                "value": "1.0.0.0/25"
              }
            ],
            "virtualNetworkRules": []
          },
          "accessPolicies": [
            {
              "tenantId": "72f988bf-86f1-41af-91ab-2d7cd011db47",
              "objectId": "d8d75902-f0d1-442d-b310-62e23b1ff5ec",
              "permissions": {
                "keys": [
                  "all"
                ],
                "secrets": [
                  "all"
                ],
                "certificates": [
                  "all"
                ],
                "storage": [
                  "all"
                ]
              }
            }
          ],
          "enabledForDeployment": true,
          "enabledForDiskEncryption": true,
          "enabledForTemplateDeployment": true,
          "enableSoftDelete": true,
          "softDeleteRetentionInDays": 7,
          "vaultUri": "https://sdktest-vault-8431.vault.azure.net/",
          "provisioningState": "RegisteringDns",
          "publicNetworkAccess": "Enabled"
        }
      }
    },
    {
      "RequestUri": "https://management.azure.com/subscriptions/db1ab6f0-4769-4b27-930e-01e2ef9c123c/resourceGroups/sdktestrg-kv-1824/providers/Microsoft.KeyVault/vaults/sdktest-vault-8431?api-version=2023-02-01",
      "RequestMethod": "GET",
      "RequestHeaders": {
        "Authorization": "Sanitized",
        "traceparent": "00-a81dc900f2be9db6315185e3508fedea-6b3f7f6c7962ba68-00",
        "User-Agent": "azsdk-net-ResourceManager/1.4.0 (.NET 7.0.5; Microsoft Windows 10.0.22621)",
        "x-ms-client-request-id": "6fb61a25557d7555686403e7ac70d8b9",
        "x-ms-return-client-request-id": "true"
      },
      "RequestBody": null,
      "StatusCode": 200,
      "ResponseHeaders": {
        "Cache-Control": "no-cache",
        "Content-Length": "1304",
        "Content-Type": "application/json; charset=utf-8",
        "Date": "Wed, 26 Apr 2023 05:50:01 GMT",
        "Expires": "-1",
        "Pragma": "no-cache",
        "Server": "Microsoft-IIS/10.0",
        "Strict-Transport-Security": "max-age=31536000; includeSubDomains",
        "X-AspNet-Version": "4.0.30319",
        "X-Content-Type-Options": "nosniff",
        "x-ms-client-request-id": "6fb61a25557d7555686403e7ac70d8b9",
        "x-ms-correlation-request-id": "7fd6dd70-3027-4a00-85ba-95eaf9010b1f",
        "x-ms-keyvault-service-version": "1.5.743.0",
        "x-ms-ratelimit-remaining-subscription-reads": "11977",
        "x-ms-request-id": "1380c9bf-23eb-4ae9-9cb5-db3f6c60dfab",
        "x-ms-routing-request-id": "SOUTHEASTASIA:20230426T055001Z:7fd6dd70-3027-4a00-85ba-95eaf9010b1f"
      },
      "ResponseBody": {
        "id": "/subscriptions/db1ab6f0-4769-4b27-930e-01e2ef9c123c/resourceGroups/sdktestrg-kv-1824/providers/Microsoft.KeyVault/vaults/sdktest-vault-8431",
        "name": "sdktest-vault-8431",
        "type": "Microsoft.KeyVault/vaults",
        "location": "canadacentral",
        "tags": {
          "tag1": "value1",
          "tag2": "value2",
          "tag3": "value3"
        },
        "systemData": {
          "createdBy": "8e6d47e0-7969-4fde-a62c-4fea4f165e98",
          "createdByType": "Application",
          "createdAt": "2023-04-26T05:49:55.287Z",
          "lastModifiedBy": "8e6d47e0-7969-4fde-a62c-4fea4f165e98",
          "lastModifiedByType": "Application",
          "lastModifiedAt": "2023-04-26T05:49:55.287Z"
        },
        "properties": {
          "sku": {
            "family": "A",
            "name": "standard"
          },
          "tenantId": "72f988bf-86f1-41af-91ab-2d7cd011db47",
          "networkAcls": {
            "bypass": "AzureServices",
            "defaultAction": "Allow",
            "ipRules": [
              {
                "value": "1.2.3.4/32"
              },
              {
                "value": "1.0.0.0/25"
              }
            ],
            "virtualNetworkRules": []
          },
          "accessPolicies": [
            {
              "tenantId": "72f988bf-86f1-41af-91ab-2d7cd011db47",
              "objectId": "d8d75902-f0d1-442d-b310-62e23b1ff5ec",
              "permissions": {
                "keys": [
                  "all"
                ],
                "secrets": [
                  "all"
                ],
                "certificates": [
                  "all"
                ],
                "storage": [
                  "all"
                ]
              }
            }
          ],
          "enabledForDeployment": true,
          "enabledForDiskEncryption": true,
          "enabledForTemplateDeployment": true,
          "enableSoftDelete": true,
          "softDeleteRetentionInDays": 7,
          "vaultUri": "https://sdktest-vault-8431.vault.azure.net/",
          "provisioningState": "RegisteringDns",
          "publicNetworkAccess": "Enabled"
        }
      }
    },
    {
      "RequestUri": "https://management.azure.com/subscriptions/db1ab6f0-4769-4b27-930e-01e2ef9c123c/resourceGroups/sdktestrg-kv-1824/providers/Microsoft.KeyVault/vaults/sdktest-vault-8431?api-version=2023-02-01",
      "RequestMethod": "GET",
      "RequestHeaders": {
        "Authorization": "Sanitized",
        "traceparent": "00-a81dc900f2be9db6315185e3508fedea-8eae28cf7679962a-00",
        "User-Agent": "azsdk-net-ResourceManager/1.4.0 (.NET 7.0.5; Microsoft Windows 10.0.22621)",
        "x-ms-client-request-id": "8e5c18c320488e481a714423c06d09c1",
        "x-ms-return-client-request-id": "true"
      },
      "RequestBody": null,
      "StatusCode": 200,
      "ResponseHeaders": {
        "Cache-Control": "no-cache",
        "Content-Length": "1304",
        "Content-Type": "application/json; charset=utf-8",
        "Date": "Wed, 26 Apr 2023 05:50:02 GMT",
        "Expires": "-1",
        "Pragma": "no-cache",
        "Server": "Microsoft-IIS/10.0",
        "Strict-Transport-Security": "max-age=31536000; includeSubDomains",
        "X-AspNet-Version": "4.0.30319",
        "X-Content-Type-Options": "nosniff",
        "x-ms-client-request-id": "8e5c18c320488e481a714423c06d09c1",
        "x-ms-correlation-request-id": "e2bf7bd8-66d4-44c9-884b-8a7683cc14d7",
        "x-ms-keyvault-service-version": "1.5.743.0",
        "x-ms-ratelimit-remaining-subscription-reads": "11976",
        "x-ms-request-id": "c417122a-bf2e-4e37-b1a0-58a2e712c451",
        "x-ms-routing-request-id": "SOUTHEASTASIA:20230426T055003Z:e2bf7bd8-66d4-44c9-884b-8a7683cc14d7"
      },
      "ResponseBody": {
        "id": "/subscriptions/db1ab6f0-4769-4b27-930e-01e2ef9c123c/resourceGroups/sdktestrg-kv-1824/providers/Microsoft.KeyVault/vaults/sdktest-vault-8431",
        "name": "sdktest-vault-8431",
        "type": "Microsoft.KeyVault/vaults",
        "location": "canadacentral",
        "tags": {
          "tag1": "value1",
          "tag2": "value2",
          "tag3": "value3"
        },
        "systemData": {
          "createdBy": "8e6d47e0-7969-4fde-a62c-4fea4f165e98",
          "createdByType": "Application",
          "createdAt": "2023-04-26T05:49:55.287Z",
          "lastModifiedBy": "8e6d47e0-7969-4fde-a62c-4fea4f165e98",
          "lastModifiedByType": "Application",
          "lastModifiedAt": "2023-04-26T05:49:55.287Z"
        },
        "properties": {
          "sku": {
            "family": "A",
            "name": "standard"
          },
          "tenantId": "72f988bf-86f1-41af-91ab-2d7cd011db47",
          "networkAcls": {
            "bypass": "AzureServices",
            "defaultAction": "Allow",
            "ipRules": [
              {
                "value": "1.2.3.4/32"
              },
              {
                "value": "1.0.0.0/25"
              }
            ],
            "virtualNetworkRules": []
          },
          "accessPolicies": [
            {
              "tenantId": "72f988bf-86f1-41af-91ab-2d7cd011db47",
              "objectId": "d8d75902-f0d1-442d-b310-62e23b1ff5ec",
              "permissions": {
                "keys": [
                  "all"
                ],
                "secrets": [
                  "all"
                ],
                "certificates": [
                  "all"
                ],
                "storage": [
                  "all"
                ]
              }
            }
          ],
          "enabledForDeployment": true,
          "enabledForDiskEncryption": true,
          "enabledForTemplateDeployment": true,
          "enableSoftDelete": true,
          "softDeleteRetentionInDays": 7,
          "vaultUri": "https://sdktest-vault-8431.vault.azure.net/",
          "provisioningState": "RegisteringDns",
          "publicNetworkAccess": "Enabled"
        }
      }
    },
    {
      "RequestUri": "https://management.azure.com/subscriptions/db1ab6f0-4769-4b27-930e-01e2ef9c123c/resourceGroups/sdktestrg-kv-1824/providers/Microsoft.KeyVault/vaults/sdktest-vault-8431?api-version=2023-02-01",
      "RequestMethod": "GET",
      "RequestHeaders": {
        "Authorization": "Sanitized",
        "traceparent": "00-a81dc900f2be9db6315185e3508fedea-95e72c80c6994e28-00",
        "User-Agent": "azsdk-net-ResourceManager/1.4.0 (.NET 7.0.5; Microsoft Windows 10.0.22621)",
        "x-ms-client-request-id": "c1aed652a35a2e908216934bafe17a1b",
        "x-ms-return-client-request-id": "true"
      },
      "RequestBody": null,
      "StatusCode": 200,
      "ResponseHeaders": {
        "Cache-Control": "no-cache",
        "Content-Length": "1304",
        "Content-Type": "application/json; charset=utf-8",
        "Date": "Wed, 26 Apr 2023 05:50:04 GMT",
        "Expires": "-1",
        "Pragma": "no-cache",
        "Server": "Microsoft-IIS/10.0",
        "Strict-Transport-Security": "max-age=31536000; includeSubDomains",
        "X-AspNet-Version": "4.0.30319",
        "X-Content-Type-Options": "nosniff",
        "x-ms-client-request-id": "c1aed652a35a2e908216934bafe17a1b",
        "x-ms-correlation-request-id": "219f075e-c5df-4d1a-a6fb-35917ca51641",
        "x-ms-keyvault-service-version": "1.5.743.0",
        "x-ms-ratelimit-remaining-subscription-reads": "11975",
        "x-ms-request-id": "fbc27295-bad5-4403-b776-77f1a6f63c9e",
        "x-ms-routing-request-id": "SOUTHEASTASIA:20230426T055005Z:219f075e-c5df-4d1a-a6fb-35917ca51641"
      },
      "ResponseBody": {
        "id": "/subscriptions/db1ab6f0-4769-4b27-930e-01e2ef9c123c/resourceGroups/sdktestrg-kv-1824/providers/Microsoft.KeyVault/vaults/sdktest-vault-8431",
        "name": "sdktest-vault-8431",
        "type": "Microsoft.KeyVault/vaults",
        "location": "canadacentral",
        "tags": {
          "tag1": "value1",
          "tag2": "value2",
          "tag3": "value3"
        },
        "systemData": {
          "createdBy": "8e6d47e0-7969-4fde-a62c-4fea4f165e98",
          "createdByType": "Application",
          "createdAt": "2023-04-26T05:49:55.287Z",
          "lastModifiedBy": "8e6d47e0-7969-4fde-a62c-4fea4f165e98",
          "lastModifiedByType": "Application",
          "lastModifiedAt": "2023-04-26T05:49:55.287Z"
        },
        "properties": {
          "sku": {
            "family": "A",
            "name": "standard"
          },
          "tenantId": "72f988bf-86f1-41af-91ab-2d7cd011db47",
          "networkAcls": {
            "bypass": "AzureServices",
            "defaultAction": "Allow",
            "ipRules": [
              {
                "value": "1.2.3.4/32"
              },
              {
                "value": "1.0.0.0/25"
              }
            ],
            "virtualNetworkRules": []
          },
          "accessPolicies": [
            {
              "tenantId": "72f988bf-86f1-41af-91ab-2d7cd011db47",
              "objectId": "d8d75902-f0d1-442d-b310-62e23b1ff5ec",
              "permissions": {
                "keys": [
                  "all"
                ],
                "secrets": [
                  "all"
                ],
                "certificates": [
                  "all"
                ],
                "storage": [
                  "all"
                ]
              }
            }
          ],
          "enabledForDeployment": true,
          "enabledForDiskEncryption": true,
          "enabledForTemplateDeployment": true,
          "enableSoftDelete": true,
          "softDeleteRetentionInDays": 7,
          "vaultUri": "https://sdktest-vault-8431.vault.azure.net/",
          "provisioningState": "RegisteringDns",
          "publicNetworkAccess": "Enabled"
        }
      }
    },
    {
      "RequestUri": "https://management.azure.com/subscriptions/db1ab6f0-4769-4b27-930e-01e2ef9c123c/resourceGroups/sdktestrg-kv-1824/providers/Microsoft.KeyVault/vaults/sdktest-vault-8431?api-version=2023-02-01",
      "RequestMethod": "GET",
      "RequestHeaders": {
        "Authorization": "Sanitized",
        "traceparent": "00-a81dc900f2be9db6315185e3508fedea-d345359a9ddbbb80-00",
        "User-Agent": "azsdk-net-ResourceManager/1.4.0 (.NET 7.0.5; Microsoft Windows 10.0.22621)",
        "x-ms-client-request-id": "97a7a5bce82f0520d228540b1131b5fb",
        "x-ms-return-client-request-id": "true"
      },
      "RequestBody": null,
      "StatusCode": 200,
      "ResponseHeaders": {
        "Cache-Control": "no-cache",
        "Content-Length": "1304",
        "Content-Type": "application/json; charset=utf-8",
        "Date": "Wed, 26 Apr 2023 05:50:06 GMT",
        "Expires": "-1",
        "Pragma": "no-cache",
        "Server": "Microsoft-IIS/10.0",
        "Strict-Transport-Security": "max-age=31536000; includeSubDomains",
        "X-AspNet-Version": "4.0.30319",
        "X-Content-Type-Options": "nosniff",
        "x-ms-client-request-id": "97a7a5bce82f0520d228540b1131b5fb",
        "x-ms-correlation-request-id": "d7958d0c-0643-4cb5-bfc3-791b0639461c",
        "x-ms-keyvault-service-version": "1.5.743.0",
        "x-ms-ratelimit-remaining-subscription-reads": "11974",
        "x-ms-request-id": "634a436e-19fc-440c-a21e-5e827e3b34a1",
        "x-ms-routing-request-id": "SOUTHEASTASIA:20230426T055007Z:d7958d0c-0643-4cb5-bfc3-791b0639461c"
      },
      "ResponseBody": {
        "id": "/subscriptions/db1ab6f0-4769-4b27-930e-01e2ef9c123c/resourceGroups/sdktestrg-kv-1824/providers/Microsoft.KeyVault/vaults/sdktest-vault-8431",
        "name": "sdktest-vault-8431",
        "type": "Microsoft.KeyVault/vaults",
        "location": "canadacentral",
        "tags": {
          "tag1": "value1",
          "tag2": "value2",
          "tag3": "value3"
        },
        "systemData": {
          "createdBy": "8e6d47e0-7969-4fde-a62c-4fea4f165e98",
          "createdByType": "Application",
          "createdAt": "2023-04-26T05:49:55.287Z",
          "lastModifiedBy": "8e6d47e0-7969-4fde-a62c-4fea4f165e98",
          "lastModifiedByType": "Application",
          "lastModifiedAt": "2023-04-26T05:49:55.287Z"
        },
        "properties": {
          "sku": {
            "family": "A",
            "name": "standard"
          },
          "tenantId": "72f988bf-86f1-41af-91ab-2d7cd011db47",
          "networkAcls": {
            "bypass": "AzureServices",
            "defaultAction": "Allow",
            "ipRules": [
              {
                "value": "1.2.3.4/32"
              },
              {
                "value": "1.0.0.0/25"
              }
            ],
            "virtualNetworkRules": []
          },
          "accessPolicies": [
            {
              "tenantId": "72f988bf-86f1-41af-91ab-2d7cd011db47",
              "objectId": "d8d75902-f0d1-442d-b310-62e23b1ff5ec",
              "permissions": {
                "keys": [
                  "all"
                ],
                "secrets": [
                  "all"
                ],
                "certificates": [
                  "all"
                ],
                "storage": [
                  "all"
                ]
              }
            }
          ],
          "enabledForDeployment": true,
          "enabledForDiskEncryption": true,
          "enabledForTemplateDeployment": true,
          "enableSoftDelete": true,
          "softDeleteRetentionInDays": 7,
          "vaultUri": "https://sdktest-vault-8431.vault.azure.net/",
          "provisioningState": "RegisteringDns",
          "publicNetworkAccess": "Enabled"
        }
      }
    },
    {
      "RequestUri": "https://management.azure.com/subscriptions/db1ab6f0-4769-4b27-930e-01e2ef9c123c/resourceGroups/sdktestrg-kv-1824/providers/Microsoft.KeyVault/vaults/sdktest-vault-8431?api-version=2023-02-01",
      "RequestMethod": "GET",
      "RequestHeaders": {
        "Authorization": "Sanitized",
        "traceparent": "00-a81dc900f2be9db6315185e3508fedea-db062751c708699e-00",
        "User-Agent": "azsdk-net-ResourceManager/1.4.0 (.NET 7.0.5; Microsoft Windows 10.0.22621)",
        "x-ms-client-request-id": "d594425a17c21f5e872d0c328cfcde39",
        "x-ms-return-client-request-id": "true"
      },
      "RequestBody": null,
      "StatusCode": 200,
      "ResponseHeaders": {
        "Cache-Control": "no-cache",
        "Content-Length": "1304",
        "Content-Type": "application/json; charset=utf-8",
        "Date": "Wed, 26 Apr 2023 05:50:11 GMT",
        "Expires": "-1",
        "Pragma": "no-cache",
        "Server": "Microsoft-IIS/10.0",
        "Strict-Transport-Security": "max-age=31536000; includeSubDomains",
        "X-AspNet-Version": "4.0.30319",
        "X-Content-Type-Options": "nosniff",
        "x-ms-client-request-id": "d594425a17c21f5e872d0c328cfcde39",
        "x-ms-correlation-request-id": "eab85b41-5c50-40ea-905b-42636356329e",
        "x-ms-keyvault-service-version": "1.5.743.0",
        "x-ms-ratelimit-remaining-subscription-reads": "11973",
        "x-ms-request-id": "20e25fd2-7010-4604-8e63-92bc97230a1e",
        "x-ms-routing-request-id": "SOUTHEASTASIA:20230426T055012Z:eab85b41-5c50-40ea-905b-42636356329e"
      },
      "ResponseBody": {
        "id": "/subscriptions/db1ab6f0-4769-4b27-930e-01e2ef9c123c/resourceGroups/sdktestrg-kv-1824/providers/Microsoft.KeyVault/vaults/sdktest-vault-8431",
        "name": "sdktest-vault-8431",
        "type": "Microsoft.KeyVault/vaults",
        "location": "canadacentral",
        "tags": {
          "tag1": "value1",
          "tag2": "value2",
          "tag3": "value3"
        },
        "systemData": {
          "createdBy": "8e6d47e0-7969-4fde-a62c-4fea4f165e98",
          "createdByType": "Application",
          "createdAt": "2023-04-26T05:49:55.287Z",
          "lastModifiedBy": "8e6d47e0-7969-4fde-a62c-4fea4f165e98",
          "lastModifiedByType": "Application",
          "lastModifiedAt": "2023-04-26T05:49:55.287Z"
        },
        "properties": {
          "sku": {
            "family": "A",
            "name": "standard"
          },
          "tenantId": "72f988bf-86f1-41af-91ab-2d7cd011db47",
          "networkAcls": {
            "bypass": "AzureServices",
            "defaultAction": "Allow",
            "ipRules": [
              {
                "value": "1.2.3.4/32"
              },
              {
                "value": "1.0.0.0/25"
              }
            ],
            "virtualNetworkRules": []
          },
          "accessPolicies": [
            {
              "tenantId": "72f988bf-86f1-41af-91ab-2d7cd011db47",
              "objectId": "d8d75902-f0d1-442d-b310-62e23b1ff5ec",
              "permissions": {
                "keys": [
                  "all"
                ],
                "secrets": [
                  "all"
                ],
                "certificates": [
                  "all"
                ],
                "storage": [
                  "all"
                ]
              }
            }
          ],
          "enabledForDeployment": true,
          "enabledForDiskEncryption": true,
          "enabledForTemplateDeployment": true,
          "enableSoftDelete": true,
          "softDeleteRetentionInDays": 7,
          "vaultUri": "https://sdktest-vault-8431.vault.azure.net/",
          "provisioningState": "RegisteringDns",
          "publicNetworkAccess": "Enabled"
        }
      }
    },
    {
      "RequestUri": "https://management.azure.com/subscriptions/db1ab6f0-4769-4b27-930e-01e2ef9c123c/resourceGroups/sdktestrg-kv-1824/providers/Microsoft.KeyVault/vaults/sdktest-vault-8431?api-version=2023-02-01",
      "RequestMethod": "GET",
      "RequestHeaders": {
        "Authorization": "Sanitized",
        "traceparent": "00-a81dc900f2be9db6315185e3508fedea-c5b6fba4e60b9cd6-00",
        "User-Agent": "azsdk-net-ResourceManager/1.4.0 (.NET 7.0.5; Microsoft Windows 10.0.22621)",
        "x-ms-client-request-id": "1b6629f771c56a91b6a8ee324e851d50",
        "x-ms-return-client-request-id": "true"
      },
      "RequestBody": null,
      "StatusCode": 200,
      "ResponseHeaders": {
        "Cache-Control": "no-cache",
        "Content-Length": "1299",
        "Content-Type": "application/json; charset=utf-8",
        "Date": "Wed, 26 Apr 2023 05:50:20 GMT",
        "Expires": "-1",
        "Pragma": "no-cache",
        "Server": "Microsoft-IIS/10.0",
        "Strict-Transport-Security": "max-age=31536000; includeSubDomains",
        "X-AspNet-Version": "4.0.30319",
        "X-Content-Type-Options": "nosniff",
        "x-ms-client-request-id": "1b6629f771c56a91b6a8ee324e851d50",
        "x-ms-correlation-request-id": "bcea1f70-2846-425d-a711-01ee77a3605f",
        "x-ms-keyvault-service-version": "1.5.743.0",
        "x-ms-ratelimit-remaining-subscription-reads": "11972",
        "x-ms-request-id": "315a4ade-a47c-4042-8c1a-d560a5428344",
        "x-ms-routing-request-id": "SOUTHEASTASIA:20230426T055020Z:bcea1f70-2846-425d-a711-01ee77a3605f"
      },
      "ResponseBody": {
        "id": "/subscriptions/db1ab6f0-4769-4b27-930e-01e2ef9c123c/resourceGroups/sdktestrg-kv-1824/providers/Microsoft.KeyVault/vaults/sdktest-vault-8431",
        "name": "sdktest-vault-8431",
        "type": "Microsoft.KeyVault/vaults",
        "location": "canadacentral",
        "tags": {
          "tag1": "value1",
          "tag2": "value2",
          "tag3": "value3"
        },
        "systemData": {
          "createdBy": "8e6d47e0-7969-4fde-a62c-4fea4f165e98",
          "createdByType": "Application",
          "createdAt": "2023-04-26T05:49:55.287Z",
          "lastModifiedBy": "8e6d47e0-7969-4fde-a62c-4fea4f165e98",
          "lastModifiedByType": "Application",
          "lastModifiedAt": "2023-04-26T05:49:55.287Z"
        },
        "properties": {
          "sku": {
            "family": "A",
            "name": "standard"
          },
          "tenantId": "72f988bf-86f1-41af-91ab-2d7cd011db47",
          "networkAcls": {
            "bypass": "AzureServices",
            "defaultAction": "Allow",
            "ipRules": [
              {
                "value": "1.2.3.4/32"
              },
              {
                "value": "1.0.0.0/25"
              }
            ],
            "virtualNetworkRules": []
          },
          "accessPolicies": [
            {
              "tenantId": "72f988bf-86f1-41af-91ab-2d7cd011db47",
              "objectId": "d8d75902-f0d1-442d-b310-62e23b1ff5ec",
              "permissions": {
                "keys": [
                  "all"
                ],
                "secrets": [
                  "all"
                ],
                "certificates": [
                  "all"
                ],
                "storage": [
                  "all"
                ]
              }
            }
          ],
          "enabledForDeployment": true,
          "enabledForDiskEncryption": true,
          "enabledForTemplateDeployment": true,
          "enableSoftDelete": true,
          "softDeleteRetentionInDays": 7,
          "vaultUri": "https://sdktest-vault-8431.vault.azure.net/",
          "provisioningState": "Succeeded",
          "publicNetworkAccess": "Enabled"
        }
      }
    },
    {
      "RequestUri": "https://management.azure.com/subscriptions/db1ab6f0-4769-4b27-930e-01e2ef9c123c/resourceGroups/sdktestrg-kv-1824/providers/Microsoft.Network/privateEndpoints/pe-2974?api-version=2021-02-01",
      "RequestMethod": "PUT",
      "RequestHeaders": {
        "Accept": "application/json",
        "Authorization": "Sanitized",
        "Content-Length": "520",
        "Content-Type": "application/json",
        "traceparent": "00-e61a2a8037706c77d8b1052a1aaaea16-0b20dd3324339319-00",
        "User-Agent": "azsdk-net-ResourceManager.Network/1.1.0 (.NET 7.0.5; Microsoft Windows 10.0.22621)",
        "x-ms-client-request-id": "440fe958909f35d9099103b3cacd9244",
        "x-ms-return-client-request-id": "true"
      },
      "RequestBody": {
        "location": "canadacentral",
        "properties": {
          "subnet": {
            "id": "/subscriptions/db1ab6f0-4769-4b27-930e-01e2ef9c123c/resourceGroups/sdktestrg-kv-1824/providers/Microsoft.Network/virtualNetworks/vnet-1789/subnets/default",
            "properties": {}
          },
          "manualPrivateLinkServiceConnections": [
            {
              "name": "pec7124",
              "properties": {
                "privateLinkServiceId": "/subscriptions/db1ab6f0-4769-4b27-930e-01e2ef9c123c/resourceGroups/sdktestrg-kv-1824/providers/Microsoft.KeyVault/vaults/sdktest-vault-8431",
                "groupIds": [
                  "vault"
                ],
                "requestMessage": "SDK test"
              }
            }
          ]
        }
      },
      "StatusCode": 201,
      "ResponseHeaders": {
        "Azure-AsyncNotification": "Enabled",
        "Azure-AsyncOperation": "https://management.azure.com/subscriptions/db1ab6f0-4769-4b27-930e-01e2ef9c123c/providers/Microsoft.Network/locations/canadacentral/operations/caf48836-2964-41b1-94da-b6c75d9f0e0c?api-version=2021-02-01",
        "Cache-Control": "no-cache",
        "Content-Length": "1943",
        "Content-Type": "application/json; charset=utf-8",
        "Date": "Wed, 26 Apr 2023 05:50:39 GMT",
        "Expires": "-1",
        "Pragma": "no-cache",
        "Retry-After": "10",
        "Server": [
          "Microsoft-HTTPAPI/2.0",
          "Microsoft-HTTPAPI/2.0"
        ],
        "Strict-Transport-Security": "max-age=31536000; includeSubDomains",
        "X-Content-Type-Options": "nosniff",
        "x-ms-arm-service-request-id": "deaa0f54-baaf-426b-a2eb-38681ead4599",
        "x-ms-client-request-id": "440fe958909f35d9099103b3cacd9244",
        "x-ms-correlation-request-id": "d2b62ffc-8600-432c-a0db-75868adda118",
        "x-ms-ratelimit-remaining-subscription-writes": "1191",
        "x-ms-request-id": "caf48836-2964-41b1-94da-b6c75d9f0e0c",
        "x-ms-routing-request-id": "SOUTHEASTASIA:20230426T055039Z:d2b62ffc-8600-432c-a0db-75868adda118"
      },
      "ResponseBody": {
        "name": "pe-2974",
        "id": "/subscriptions/db1ab6f0-4769-4b27-930e-01e2ef9c123c/resourceGroups/sdktestrg-kv-1824/providers/Microsoft.Network/privateEndpoints/pe-2974",
        "etag": "W/\u00228245dab5-b288-4dac-8ded-df664ce197a3\u0022",
        "type": "Microsoft.Network/privateEndpoints",
        "location": "canadacentral",
        "properties": {
          "provisioningState": "Updating",
          "resourceGuid": "5cd09094-6f05-410a-b1d6-7dc99c01c66a",
          "privateLinkServiceConnections": [],
          "manualPrivateLinkServiceConnections": [
            {
              "name": "pec7124",
              "id": "/subscriptions/db1ab6f0-4769-4b27-930e-01e2ef9c123c/resourceGroups/sdktestrg-kv-1824/providers/Microsoft.Network/privateEndpoints/pe-2974/manualPrivateLinkServiceConnections/pec7124",
              "etag": "W/\u00228245dab5-b288-4dac-8ded-df664ce197a3\u0022",
              "properties": {
                "provisioningState": "Succeeded",
                "privateLinkServiceId": "/subscriptions/db1ab6f0-4769-4b27-930e-01e2ef9c123c/resourceGroups/sdktestrg-kv-1824/providers/Microsoft.KeyVault/vaults/sdktest-vault-8431",
                "groupIds": [
                  "vault"
                ],
                "requestMessage": "SDK test",
                "privateLinkServiceConnectionState": {
                  "status": "Pending",
                  "description": "SDK test",
                  "actionsRequired": "None"
                }
              },
              "type": "Microsoft.Network/privateEndpoints/manualPrivateLinkServiceConnections"
            }
          ],
          "subnet": {
            "id": "/subscriptions/db1ab6f0-4769-4b27-930e-01e2ef9c123c/resourceGroups/sdktestrg-kv-1824/providers/Microsoft.Network/virtualNetworks/vnet-1789/subnets/default"
          },
          "networkInterfaces": [
            {
              "id": "/subscriptions/db1ab6f0-4769-4b27-930e-01e2ef9c123c/resourceGroups/sdktestrg-kv-1824/providers/Microsoft.Network/networkInterfaces/pe-2974.nic.1d89171a-f48a-4aef-8bf2-f8e6cb7f6d8a"
            }
          ],
          "customDnsConfigs": []
        }
      }
    },
    {
      "RequestUri": "https://management.azure.com/subscriptions/db1ab6f0-4769-4b27-930e-01e2ef9c123c/providers/Microsoft.Network/locations/canadacentral/operations/caf48836-2964-41b1-94da-b6c75d9f0e0c?api-version=2021-02-01",
      "RequestMethod": "GET",
      "RequestHeaders": {
        "Authorization": "Sanitized",
        "traceparent": "00-e61a2a8037706c77d8b1052a1aaaea16-fdd73d7a7ced02a9-00",
        "User-Agent": "azsdk-net-ResourceManager/1.4.0 (.NET 7.0.5; Microsoft Windows 10.0.22621)",
        "x-ms-client-request-id": "552d879bd56d7e1618ea13f2c62664f3",
        "x-ms-return-client-request-id": "true"
      },
      "RequestBody": null,
      "StatusCode": 200,
      "ResponseHeaders": {
        "Cache-Control": "no-cache",
        "Content-Length": "30",
        "Content-Type": "application/json; charset=utf-8",
        "Date": "Wed, 26 Apr 2023 05:50:39 GMT",
        "Expires": "-1",
        "Pragma": "no-cache",
        "Retry-After": "10",
        "Server": [
          "Microsoft-HTTPAPI/2.0",
          "Microsoft-HTTPAPI/2.0"
        ],
        "Strict-Transport-Security": "max-age=31536000; includeSubDomains",
        "X-Content-Type-Options": "nosniff",
        "x-ms-arm-service-request-id": "f6e51499-0e8a-4979-a07d-30b391a7d2fa",
        "x-ms-client-request-id": "552d879bd56d7e1618ea13f2c62664f3",
        "x-ms-correlation-request-id": "e3e1145a-8bd9-4e1e-8d4e-332206f04b2c",
        "x-ms-ratelimit-remaining-subscription-reads": "11968",
        "x-ms-request-id": "97685b1f-901d-4e86-971a-f607ee89ac59",
        "x-ms-routing-request-id": "SOUTHEASTASIA:20230426T055039Z:e3e1145a-8bd9-4e1e-8d4e-332206f04b2c"
      },
      "ResponseBody": {
        "status": "InProgress"
      }
    },
    {
      "RequestUri": "https://management.azure.com/subscriptions/db1ab6f0-4769-4b27-930e-01e2ef9c123c/providers/Microsoft.Network/locations/canadacentral/operations/caf48836-2964-41b1-94da-b6c75d9f0e0c?api-version=2021-02-01",
      "RequestMethod": "GET",
      "RequestHeaders": {
        "Authorization": "Sanitized",
        "traceparent": "00-e61a2a8037706c77d8b1052a1aaaea16-9869336582cfa320-00",
        "User-Agent": "azsdk-net-ResourceManager/1.4.0 (.NET 7.0.5; Microsoft Windows 10.0.22621)",
        "x-ms-client-request-id": "710bc4858434ae2c3cbe369cdfbbb908",
        "x-ms-return-client-request-id": "true"
      },
      "RequestBody": null,
      "StatusCode": 200,
      "ResponseHeaders": {
        "Cache-Control": "no-cache",
        "Content-Length": "30",
        "Content-Type": "application/json; charset=utf-8",
        "Date": "Wed, 26 Apr 2023 05:50:50 GMT",
        "Expires": "-1",
        "Pragma": "no-cache",
        "Retry-After": "20",
        "Server": [
          "Microsoft-HTTPAPI/2.0",
          "Microsoft-HTTPAPI/2.0"
        ],
        "Strict-Transport-Security": "max-age=31536000; includeSubDomains",
        "X-Content-Type-Options": "nosniff",
        "x-ms-arm-service-request-id": "f3f6f391-3c96-4ea5-9b3f-d3a228e8b21f",
        "x-ms-client-request-id": "710bc4858434ae2c3cbe369cdfbbb908",
        "x-ms-correlation-request-id": "e9bd9244-9f5d-49ee-9acd-cd0a166f5671",
        "x-ms-ratelimit-remaining-subscription-reads": "11967",
        "x-ms-request-id": "ec1a1728-f8bb-4472-ac5c-5befd48999d3",
        "x-ms-routing-request-id": "SOUTHEASTASIA:20230426T055050Z:e9bd9244-9f5d-49ee-9acd-cd0a166f5671"
      },
      "ResponseBody": {
        "status": "InProgress"
      }
    },
    {
      "RequestUri": "https://management.azure.com/subscriptions/db1ab6f0-4769-4b27-930e-01e2ef9c123c/providers/Microsoft.Network/locations/canadacentral/operations/caf48836-2964-41b1-94da-b6c75d9f0e0c?api-version=2021-02-01",
      "RequestMethod": "GET",
      "RequestHeaders": {
        "Authorization": "Sanitized",
        "traceparent": "00-e61a2a8037706c77d8b1052a1aaaea16-3ff424861934fc28-00",
        "User-Agent": "azsdk-net-ResourceManager/1.4.0 (.NET 7.0.5; Microsoft Windows 10.0.22621)",
        "x-ms-client-request-id": "431782273d9fe4d770d4848495ba8ae7",
        "x-ms-return-client-request-id": "true"
      },
      "RequestBody": null,
      "StatusCode": 200,
      "ResponseHeaders": {
        "Cache-Control": "no-cache",
        "Content-Length": "29",
        "Content-Type": "application/json; charset=utf-8",
        "Date": "Wed, 26 Apr 2023 05:51:10 GMT",
        "Expires": "-1",
        "Pragma": "no-cache",
        "Server": [
          "Microsoft-HTTPAPI/2.0",
          "Microsoft-HTTPAPI/2.0"
        ],
        "Strict-Transport-Security": "max-age=31536000; includeSubDomains",
        "X-Content-Type-Options": "nosniff",
        "x-ms-arm-service-request-id": "92ce5c36-f92b-45ef-9d98-84fb5ec8319f",
        "x-ms-client-request-id": "431782273d9fe4d770d4848495ba8ae7",
        "x-ms-correlation-request-id": "0a2f7650-66dd-4dfb-a946-a56fa941513c",
        "x-ms-ratelimit-remaining-subscription-reads": "11966",
        "x-ms-request-id": "e1bb5f07-ba43-4510-94f0-861f8b0d70b4",
        "x-ms-routing-request-id": "SOUTHEASTASIA:20230426T055111Z:0a2f7650-66dd-4dfb-a946-a56fa941513c"
      },
      "ResponseBody": {
        "status": "Succeeded"
      }
    },
    {
      "RequestUri": "https://management.azure.com/subscriptions/db1ab6f0-4769-4b27-930e-01e2ef9c123c/resourceGroups/sdktestrg-kv-1824/providers/Microsoft.Network/privateEndpoints/pe-2974?api-version=2021-02-01",
      "RequestMethod": "GET",
      "RequestHeaders": {
        "Authorization": "Sanitized",
        "traceparent": "00-e61a2a8037706c77d8b1052a1aaaea16-0b1b6862cbb28de8-00",
        "User-Agent": "azsdk-net-ResourceManager/1.4.0 (.NET 7.0.5; Microsoft Windows 10.0.22621)",
        "x-ms-client-request-id": "b799bd9ef9f6174b5b7e18ae9e7a9e5d",
        "x-ms-return-client-request-id": "true"
      },
      "RequestBody": null,
      "StatusCode": 200,
      "ResponseHeaders": {
        "Cache-Control": "no-cache",
        "Content-Length": "2082",
        "Content-Type": "application/json; charset=utf-8",
        "Date": "Wed, 26 Apr 2023 05:51:11 GMT",
        "ETag": "W/\u0022b6e9ac60-5dad-4d73-8ebf-d36caa628c1a\u0022",
        "Expires": "-1",
        "Pragma": "no-cache",
        "Server": [
          "Microsoft-HTTPAPI/2.0",
          "Microsoft-HTTPAPI/2.0"
        ],
        "Strict-Transport-Security": "max-age=31536000; includeSubDomains",
        "X-Content-Type-Options": "nosniff",
        "x-ms-arm-service-request-id": "4a400bdc-ae15-4070-8af0-df2101dbd48d",
        "x-ms-client-request-id": "b799bd9ef9f6174b5b7e18ae9e7a9e5d",
        "x-ms-correlation-request-id": "a5946af0-7bff-47d4-91e7-fd4bb3a7e664",
        "x-ms-ratelimit-remaining-subscription-reads": "11965",
        "x-ms-request-id": "4f1f168f-630e-43e6-abbe-8fd3d4644c8c",
        "x-ms-routing-request-id": "SOUTHEASTASIA:20230426T055112Z:a5946af0-7bff-47d4-91e7-fd4bb3a7e664"
      },
      "ResponseBody": {
        "name": "pe-2974",
        "id": "/subscriptions/db1ab6f0-4769-4b27-930e-01e2ef9c123c/resourceGroups/sdktestrg-kv-1824/providers/Microsoft.Network/privateEndpoints/pe-2974",
        "etag": "W/\u0022b6e9ac60-5dad-4d73-8ebf-d36caa628c1a\u0022",
        "type": "Microsoft.Network/privateEndpoints",
        "location": "canadacentral",
        "properties": {
          "provisioningState": "Succeeded",
          "resourceGuid": "5cd09094-6f05-410a-b1d6-7dc99c01c66a",
          "privateLinkServiceConnections": [],
          "manualPrivateLinkServiceConnections": [
            {
              "name": "pec7124",
              "id": "/subscriptions/db1ab6f0-4769-4b27-930e-01e2ef9c123c/resourceGroups/sdktestrg-kv-1824/providers/Microsoft.Network/privateEndpoints/pe-2974/manualPrivateLinkServiceConnections/pec7124",
              "etag": "W/\u0022b6e9ac60-5dad-4d73-8ebf-d36caa628c1a\u0022",
              "properties": {
                "provisioningState": "Succeeded",
                "privateLinkServiceId": "/subscriptions/db1ab6f0-4769-4b27-930e-01e2ef9c123c/resourceGroups/sdktestrg-kv-1824/providers/Microsoft.KeyVault/vaults/sdktest-vault-8431",
                "groupIds": [
                  "vault"
                ],
                "requestMessage": "SDK test",
                "privateLinkServiceConnectionState": {
                  "status": "Pending",
                  "description": "SDK test",
                  "actionsRequired": "None"
                }
              },
              "type": "Microsoft.Network/privateEndpoints/manualPrivateLinkServiceConnections"
            }
          ],
          "subnet": {
            "id": "/subscriptions/db1ab6f0-4769-4b27-930e-01e2ef9c123c/resourceGroups/sdktestrg-kv-1824/providers/Microsoft.Network/virtualNetworks/vnet-1789/subnets/default"
          },
          "networkInterfaces": [
            {
              "id": "/subscriptions/db1ab6f0-4769-4b27-930e-01e2ef9c123c/resourceGroups/sdktestrg-kv-1824/providers/Microsoft.Network/networkInterfaces/pe-2974.nic.1d89171a-f48a-4aef-8bf2-f8e6cb7f6d8a"
            }
          ],
          "customDnsConfigs": [
            {
              "fqdn": "sdktest-vault-8431.vault.azure.net",
              "ipAddresses": [
                "10.0.1.4"
              ]
            }
          ]
        }
      }
    },
    {
      "RequestUri": "https://management.azure.com/subscriptions/db1ab6f0-4769-4b27-930e-01e2ef9c123c/resourceGroups/sdktestrg-kv-1824/providers/Microsoft.Network/privateEndpoints/pe-2974?api-version=2021-02-01",
      "RequestMethod": "GET",
      "RequestHeaders": {
        "Accept": "application/json",
        "Authorization": "Sanitized",
        "traceparent": "00-e4c88c49d1f7e60ed110ebb7b1d35815-bcc9cfe41b517675-00",
        "User-Agent": "azsdk-net-ResourceManager.Network/1.1.0 (.NET 7.0.5; Microsoft Windows 10.0.22621)",
        "x-ms-client-request-id": "43ca0b30210e4853ed26006000a71882",
        "x-ms-return-client-request-id": "true"
      },
      "RequestBody": null,
      "StatusCode": 200,
      "ResponseHeaders": {
        "Cache-Control": "no-cache",
        "Content-Length": "2082",
        "Content-Type": "application/json; charset=utf-8",
        "Date": "Wed, 26 Apr 2023 05:51:11 GMT",
        "ETag": "W/\u0022b6e9ac60-5dad-4d73-8ebf-d36caa628c1a\u0022",
        "Expires": "-1",
        "Pragma": "no-cache",
        "Server": [
          "Microsoft-HTTPAPI/2.0",
          "Microsoft-HTTPAPI/2.0"
        ],
        "Strict-Transport-Security": "max-age=31536000; includeSubDomains",
        "X-Content-Type-Options": "nosniff",
        "x-ms-arm-service-request-id": "0b99dd2e-cc42-4d0b-acdf-edefd2580eac",
        "x-ms-client-request-id": "43ca0b30210e4853ed26006000a71882",
        "x-ms-correlation-request-id": "9d79f02d-2207-427b-a609-5aa519f774f8",
        "x-ms-ratelimit-remaining-subscription-reads": "11964",
        "x-ms-request-id": "40b28f95-1069-4c56-bd6b-90f6b97ef1d3",
        "x-ms-routing-request-id": "SOUTHEASTASIA:20230426T055112Z:9d79f02d-2207-427b-a609-5aa519f774f8"
      },
      "ResponseBody": {
        "name": "pe-2974",
        "id": "/subscriptions/db1ab6f0-4769-4b27-930e-01e2ef9c123c/resourceGroups/sdktestrg-kv-1824/providers/Microsoft.Network/privateEndpoints/pe-2974",
        "etag": "W/\u0022b6e9ac60-5dad-4d73-8ebf-d36caa628c1a\u0022",
        "type": "Microsoft.Network/privateEndpoints",
        "location": "canadacentral",
        "properties": {
          "provisioningState": "Succeeded",
          "resourceGuid": "5cd09094-6f05-410a-b1d6-7dc99c01c66a",
          "privateLinkServiceConnections": [],
          "manualPrivateLinkServiceConnections": [
            {
              "name": "pec7124",
              "id": "/subscriptions/db1ab6f0-4769-4b27-930e-01e2ef9c123c/resourceGroups/sdktestrg-kv-1824/providers/Microsoft.Network/privateEndpoints/pe-2974/manualPrivateLinkServiceConnections/pec7124",
              "etag": "W/\u0022b6e9ac60-5dad-4d73-8ebf-d36caa628c1a\u0022",
              "properties": {
                "provisioningState": "Succeeded",
                "privateLinkServiceId": "/subscriptions/db1ab6f0-4769-4b27-930e-01e2ef9c123c/resourceGroups/sdktestrg-kv-1824/providers/Microsoft.KeyVault/vaults/sdktest-vault-8431",
                "groupIds": [
                  "vault"
                ],
                "requestMessage": "SDK test",
                "privateLinkServiceConnectionState": {
                  "status": "Pending",
                  "description": "SDK test",
                  "actionsRequired": "None"
                }
              },
              "type": "Microsoft.Network/privateEndpoints/manualPrivateLinkServiceConnections"
            }
          ],
          "subnet": {
            "id": "/subscriptions/db1ab6f0-4769-4b27-930e-01e2ef9c123c/resourceGroups/sdktestrg-kv-1824/providers/Microsoft.Network/virtualNetworks/vnet-1789/subnets/default"
          },
          "networkInterfaces": [
            {
              "id": "/subscriptions/db1ab6f0-4769-4b27-930e-01e2ef9c123c/resourceGroups/sdktestrg-kv-1824/providers/Microsoft.Network/networkInterfaces/pe-2974.nic.1d89171a-f48a-4aef-8bf2-f8e6cb7f6d8a"
            }
          ],
          "customDnsConfigs": [
            {
              "fqdn": "sdktest-vault-8431.vault.azure.net",
              "ipAddresses": [
                "10.0.1.4"
              ]
            }
          ]
        }
      }
    },
    {
      "RequestUri": "https://management.azure.com/subscriptions/db1ab6f0-4769-4b27-930e-01e2ef9c123c/resourceGroups/sdktestrg-kv-1824/providers/Microsoft.Network/privateEndpoints/pe-2974?api-version=2021-02-01",
      "RequestMethod": "PUT",
      "RequestHeaders": {
        "Accept": "application/json",
        "Authorization": "Sanitized",
        "Content-Length": "543",
        "Content-Type": "application/json",
        "traceparent": "00-3be6800216d0e06fa930d0076dd26f38-188f70a1f75b7c86-00",
        "User-Agent": "azsdk-net-ResourceManager.Network/1.1.0 (.NET 7.0.5; Microsoft Windows 10.0.22621)",
        "x-ms-client-request-id": "22fd4f3401212e113600e821242845f6",
        "x-ms-return-client-request-id": "true"
      },
      "RequestBody": {
        "location": "canadacentral",
        "tags": {
          "test": "test"
        },
        "properties": {
          "subnet": {
            "id": "/subscriptions/db1ab6f0-4769-4b27-930e-01e2ef9c123c/resourceGroups/sdktestrg-kv-1824/providers/Microsoft.Network/virtualNetworks/vnet-1789/subnets/default",
            "properties": {}
          },
          "manualPrivateLinkServiceConnections": [
            {
              "name": "pec7124",
              "properties": {
                "privateLinkServiceId": "/subscriptions/db1ab6f0-4769-4b27-930e-01e2ef9c123c/resourceGroups/sdktestrg-kv-1824/providers/Microsoft.KeyVault/vaults/sdktest-vault-8431",
                "groupIds": [
                  "vault"
                ],
                "requestMessage": "SDK test"
              }
            }
          ]
        }
      },
      "StatusCode": 200,
      "ResponseHeaders": {
        "Azure-AsyncNotification": "Enabled",
        "Azure-AsyncOperation": "https://management.azure.com/subscriptions/db1ab6f0-4769-4b27-930e-01e2ef9c123c/providers/Microsoft.Network/locations/canadacentral/operations/d23d1519-b648-4c62-98ff-c22cfd99eddc?api-version=2021-02-01",
        "Cache-Control": "no-cache",
        "Content-Length": "2121",
        "Content-Type": "application/json; charset=utf-8",
        "Date": "Wed, 26 Apr 2023 05:51:15 GMT",
        "Expires": "-1",
        "Pragma": "no-cache",
        "Server": [
          "Microsoft-HTTPAPI/2.0",
          "Microsoft-HTTPAPI/2.0"
        ],
        "Strict-Transport-Security": "max-age=31536000; includeSubDomains",
        "X-Content-Type-Options": "nosniff",
        "x-ms-arm-service-request-id": "6965b4ca-e6a4-45d9-92af-0fad427f0fa6",
        "x-ms-client-request-id": "22fd4f3401212e113600e821242845f6",
        "x-ms-correlation-request-id": "18b065e2-4ee2-4fde-93cc-413c8c165862",
        "x-ms-ratelimit-remaining-subscription-writes": "1190",
        "x-ms-request-id": "d23d1519-b648-4c62-98ff-c22cfd99eddc",
        "x-ms-routing-request-id": "SOUTHEASTASIA:20230426T055115Z:18b065e2-4ee2-4fde-93cc-413c8c165862"
      },
      "ResponseBody": {
        "name": "pe-2974",
        "id": "/subscriptions/db1ab6f0-4769-4b27-930e-01e2ef9c123c/resourceGroups/sdktestrg-kv-1824/providers/Microsoft.Network/privateEndpoints/pe-2974",
        "etag": "W/\u0022b52c05fa-cf10-4000-a0dc-c3da68e88861\u0022",
        "type": "Microsoft.Network/privateEndpoints",
        "location": "canadacentral",
        "tags": {
          "test": "test"
        },
        "properties": {
          "provisioningState": "Succeeded",
          "resourceGuid": "5cd09094-6f05-410a-b1d6-7dc99c01c66a",
          "privateLinkServiceConnections": [],
          "manualPrivateLinkServiceConnections": [
            {
              "name": "pec7124",
              "id": "/subscriptions/db1ab6f0-4769-4b27-930e-01e2ef9c123c/resourceGroups/sdktestrg-kv-1824/providers/Microsoft.Network/privateEndpoints/pe-2974/manualPrivateLinkServiceConnections/pec7124",
              "etag": "W/\u0022b52c05fa-cf10-4000-a0dc-c3da68e88861\u0022",
              "properties": {
                "provisioningState": "Succeeded",
                "privateLinkServiceId": "/subscriptions/db1ab6f0-4769-4b27-930e-01e2ef9c123c/resourceGroups/sdktestrg-kv-1824/providers/Microsoft.KeyVault/vaults/sdktest-vault-8431",
                "groupIds": [
                  "vault"
                ],
                "requestMessage": "SDK test",
                "privateLinkServiceConnectionState": {
                  "status": "Pending",
                  "description": "SDK test",
                  "actionsRequired": "None"
                }
              },
              "type": "Microsoft.Network/privateEndpoints/manualPrivateLinkServiceConnections"
            }
          ],
          "subnet": {
            "id": "/subscriptions/db1ab6f0-4769-4b27-930e-01e2ef9c123c/resourceGroups/sdktestrg-kv-1824/providers/Microsoft.Network/virtualNetworks/vnet-1789/subnets/default"
          },
          "networkInterfaces": [
            {
              "id": "/subscriptions/db1ab6f0-4769-4b27-930e-01e2ef9c123c/resourceGroups/sdktestrg-kv-1824/providers/Microsoft.Network/networkInterfaces/pe-2974.nic.1d89171a-f48a-4aef-8bf2-f8e6cb7f6d8a"
            }
          ],
          "customDnsConfigs": [
            {
              "fqdn": "sdktest-vault-8431.vault.azure.net",
              "ipAddresses": [
                "10.0.1.4"
              ]
            }
          ]
        }
      }
    },
    {
      "RequestUri": "https://management.azure.com/subscriptions/db1ab6f0-4769-4b27-930e-01e2ef9c123c/providers/Microsoft.Network/locations/canadacentral/operations/d23d1519-b648-4c62-98ff-c22cfd99eddc?api-version=2021-02-01",
      "RequestMethod": "GET",
      "RequestHeaders": {
        "Authorization": "Sanitized",
        "traceparent": "00-3be6800216d0e06fa930d0076dd26f38-cea06c8ef1096dcc-00",
        "User-Agent": "azsdk-net-ResourceManager/1.4.0 (.NET 7.0.5; Microsoft Windows 10.0.22621)",
        "x-ms-client-request-id": "4f7a96657c7c2e3bfa9c0c0d393223c4",
        "x-ms-return-client-request-id": "true"
      },
      "RequestBody": null,
      "StatusCode": 200,
      "ResponseHeaders": {
        "Cache-Control": "no-cache",
        "Content-Length": "29",
        "Content-Type": "application/json; charset=utf-8",
        "Date": "Wed, 26 Apr 2023 05:51:15 GMT",
        "Expires": "-1",
        "Pragma": "no-cache",
        "Server": [
          "Microsoft-HTTPAPI/2.0",
          "Microsoft-HTTPAPI/2.0"
        ],
        "Strict-Transport-Security": "max-age=31536000; includeSubDomains",
        "X-Content-Type-Options": "nosniff",
        "x-ms-arm-service-request-id": "9735aee2-a27f-423e-8086-650525e84257",
        "x-ms-client-request-id": "4f7a96657c7c2e3bfa9c0c0d393223c4",
        "x-ms-correlation-request-id": "9e967a29-2c4c-46d3-81df-2a626bf57bd7",
        "x-ms-ratelimit-remaining-subscription-reads": "11963",
        "x-ms-request-id": "44afdd5a-0421-4e16-b721-6dd3b4f095a1",
        "x-ms-routing-request-id": "SOUTHEASTASIA:20230426T055116Z:9e967a29-2c4c-46d3-81df-2a626bf57bd7"
      },
      "ResponseBody": {
        "status": "Succeeded"
      }
    },
    {
      "RequestUri": "https://management.azure.com/subscriptions/db1ab6f0-4769-4b27-930e-01e2ef9c123c/resourceGroups/sdktestrg-kv-1824/providers/Microsoft.Network/privateEndpoints/pe-2974?api-version=2021-02-01",
      "RequestMethod": "GET",
      "RequestHeaders": {
        "Authorization": "Sanitized",
        "traceparent": "00-3be6800216d0e06fa930d0076dd26f38-fbccb66f84e7f64a-00",
        "User-Agent": "azsdk-net-ResourceManager/1.4.0 (.NET 7.0.5; Microsoft Windows 10.0.22621)",
        "x-ms-client-request-id": "d92a09e08f52ed927680b8d03741354b",
        "x-ms-return-client-request-id": "true"
      },
      "RequestBody": null,
      "StatusCode": 200,
      "ResponseHeaders": {
        "Cache-Control": "no-cache",
        "Content-Length": "2121",
        "Content-Type": "application/json; charset=utf-8",
        "Date": "Wed, 26 Apr 2023 05:51:16 GMT",
        "ETag": "W/\u0022b52c05fa-cf10-4000-a0dc-c3da68e88861\u0022",
        "Expires": "-1",
        "Pragma": "no-cache",
        "Server": [
          "Microsoft-HTTPAPI/2.0",
          "Microsoft-HTTPAPI/2.0"
        ],
        "Strict-Transport-Security": "max-age=31536000; includeSubDomains",
        "X-Content-Type-Options": "nosniff",
        "x-ms-arm-service-request-id": "1a6a91d4-123a-4c35-ba3f-7e830ee72fd6",
        "x-ms-client-request-id": "d92a09e08f52ed927680b8d03741354b",
        "x-ms-correlation-request-id": "fd4c2f92-0619-4d6c-903e-ea4ee74e32e1",
        "x-ms-ratelimit-remaining-subscription-reads": "11962",
        "x-ms-request-id": "53fb5084-2cb1-426b-81ae-34ebed19763f",
        "x-ms-routing-request-id": "SOUTHEASTASIA:20230426T055117Z:fd4c2f92-0619-4d6c-903e-ea4ee74e32e1"
      },
      "ResponseBody": {
        "name": "pe-2974",
        "id": "/subscriptions/db1ab6f0-4769-4b27-930e-01e2ef9c123c/resourceGroups/sdktestrg-kv-1824/providers/Microsoft.Network/privateEndpoints/pe-2974",
        "etag": "W/\u0022b52c05fa-cf10-4000-a0dc-c3da68e88861\u0022",
        "type": "Microsoft.Network/privateEndpoints",
        "location": "canadacentral",
        "tags": {
          "test": "test"
        },
        "properties": {
          "provisioningState": "Succeeded",
          "resourceGuid": "5cd09094-6f05-410a-b1d6-7dc99c01c66a",
          "privateLinkServiceConnections": [],
          "manualPrivateLinkServiceConnections": [
            {
              "name": "pec7124",
              "id": "/subscriptions/db1ab6f0-4769-4b27-930e-01e2ef9c123c/resourceGroups/sdktestrg-kv-1824/providers/Microsoft.Network/privateEndpoints/pe-2974/manualPrivateLinkServiceConnections/pec7124",
              "etag": "W/\u0022b52c05fa-cf10-4000-a0dc-c3da68e88861\u0022",
              "properties": {
                "provisioningState": "Succeeded",
                "privateLinkServiceId": "/subscriptions/db1ab6f0-4769-4b27-930e-01e2ef9c123c/resourceGroups/sdktestrg-kv-1824/providers/Microsoft.KeyVault/vaults/sdktest-vault-8431",
                "groupIds": [
                  "vault"
                ],
                "requestMessage": "SDK test",
                "privateLinkServiceConnectionState": {
                  "status": "Pending",
                  "description": "SDK test",
                  "actionsRequired": "None"
                }
              },
              "type": "Microsoft.Network/privateEndpoints/manualPrivateLinkServiceConnections"
            }
          ],
          "subnet": {
            "id": "/subscriptions/db1ab6f0-4769-4b27-930e-01e2ef9c123c/resourceGroups/sdktestrg-kv-1824/providers/Microsoft.Network/virtualNetworks/vnet-1789/subnets/default"
          },
          "networkInterfaces": [
            {
              "id": "/subscriptions/db1ab6f0-4769-4b27-930e-01e2ef9c123c/resourceGroups/sdktestrg-kv-1824/providers/Microsoft.Network/networkInterfaces/pe-2974.nic.1d89171a-f48a-4aef-8bf2-f8e6cb7f6d8a"
            }
          ],
          "customDnsConfigs": [
            {
              "fqdn": "sdktest-vault-8431.vault.azure.net",
              "ipAddresses": [
                "10.0.1.4"
              ]
            }
          ]
        }
      }
    },
    {
      "RequestUri": "https://management.azure.com/subscriptions/db1ab6f0-4769-4b27-930e-01e2ef9c123c/resourceGroups/sdktestrg-kv-1824/providers/Microsoft.Network/privateEndpoints?api-version=2021-02-01",
      "RequestMethod": "GET",
      "RequestHeaders": {
        "Accept": "application/json",
        "Authorization": "Sanitized",
        "traceparent": "00-ad98a6fefdb7c324a559513710ad7778-7458f83af390ae13-00",
        "User-Agent": "azsdk-net-ResourceManager.Network/1.1.0 (.NET 7.0.5; Microsoft Windows 10.0.22621)",
        "x-ms-client-request-id": "8ebb34eaf6aeb97aea258f533aca4336",
        "x-ms-return-client-request-id": "true"
      },
      "RequestBody": null,
      "StatusCode": 200,
      "ResponseHeaders": {
        "Cache-Control": "no-cache",
        "Content-Length": "2354",
        "Content-Type": "application/json; charset=utf-8",
        "Date": "Wed, 26 Apr 2023 05:51:17 GMT",
        "Expires": "-1",
        "Pragma": "no-cache",
        "Server": [
          "Microsoft-HTTPAPI/2.0",
          "Microsoft-HTTPAPI/2.0"
        ],
        "Strict-Transport-Security": "max-age=31536000; includeSubDomains",
        "X-Content-Type-Options": "nosniff",
        "x-ms-arm-service-request-id": "1e57afe0-3c11-4a97-8e5c-e77dfe98247f",
        "x-ms-client-request-id": "8ebb34eaf6aeb97aea258f533aca4336",
        "x-ms-correlation-request-id": "bc00f2ac-b268-4ddc-9bb4-704c6d05a0b3",
        "x-ms-ratelimit-remaining-subscription-reads": "11961",
        "x-ms-request-id": "73bfb9b3-56ee-4976-a6ea-82e9228de350",
        "x-ms-routing-request-id": "SOUTHEASTASIA:20230426T055117Z:bc00f2ac-b268-4ddc-9bb4-704c6d05a0b3"
      },
      "ResponseBody": {
        "value": [
          {
            "name": "pe-2974",
            "id": "/subscriptions/db1ab6f0-4769-4b27-930e-01e2ef9c123c/resourceGroups/sdktestrg-kv-1824/providers/Microsoft.Network/privateEndpoints/pe-2974",
            "etag": "W/\u0022b52c05fa-cf10-4000-a0dc-c3da68e88861\u0022",
            "type": "Microsoft.Network/privateEndpoints",
            "location": "canadacentral",
            "tags": {
              "test": "test"
            },
            "properties": {
              "provisioningState": "Succeeded",
              "resourceGuid": "5cd09094-6f05-410a-b1d6-7dc99c01c66a",
              "privateLinkServiceConnections": [],
              "manualPrivateLinkServiceConnections": [
                {
                  "name": "pec7124",
                  "id": "/subscriptions/db1ab6f0-4769-4b27-930e-01e2ef9c123c/resourceGroups/sdktestrg-kv-1824/providers/Microsoft.Network/privateEndpoints/pe-2974/manualPrivateLinkServiceConnections/pec7124",
                  "etag": "W/\u0022b52c05fa-cf10-4000-a0dc-c3da68e88861\u0022",
                  "properties": {
                    "provisioningState": "Succeeded",
                    "privateLinkServiceId": "/subscriptions/db1ab6f0-4769-4b27-930e-01e2ef9c123c/resourceGroups/sdktestrg-kv-1824/providers/Microsoft.KeyVault/vaults/sdktest-vault-8431",
                    "groupIds": [
                      "vault"
                    ],
                    "requestMessage": "SDK test",
                    "privateLinkServiceConnectionState": {
                      "status": "Pending",
                      "description": "SDK test",
                      "actionsRequired": "None"
                    }
                  },
                  "type": "Microsoft.Network/privateEndpoints/manualPrivateLinkServiceConnections"
                }
              ],
              "subnet": {
                "id": "/subscriptions/db1ab6f0-4769-4b27-930e-01e2ef9c123c/resourceGroups/sdktestrg-kv-1824/providers/Microsoft.Network/virtualNetworks/vnet-1789/subnets/default"
              },
              "networkInterfaces": [
                {
                  "id": "/subscriptions/db1ab6f0-4769-4b27-930e-01e2ef9c123c/resourceGroups/sdktestrg-kv-1824/providers/Microsoft.Network/networkInterfaces/pe-2974.nic.1d89171a-f48a-4aef-8bf2-f8e6cb7f6d8a"
                }
              ],
              "customDnsConfigs": [
                {
                  "fqdn": "sdktest-vault-8431.vault.azure.net",
                  "ipAddresses": [
                    "10.0.1.4"
                  ]
                }
              ]
            }
          }
        ]
      }
    },
    {
      "RequestUri": "https://management.azure.com/subscriptions/db1ab6f0-4769-4b27-930e-01e2ef9c123c/resourceGroups/sdktestrg-kv-1824/providers/Microsoft.Network/privateEndpoints/pe-2974?api-version=2021-02-01",
      "RequestMethod": "DELETE",
      "RequestHeaders": {
        "Accept": "application/json",
        "Authorization": "Sanitized",
        "traceparent": "00-0fa330b06013abb2d79890aa32330707-7ec8c9a7e84902d4-00",
        "User-Agent": "azsdk-net-ResourceManager.Network/1.1.0 (.NET 7.0.5; Microsoft Windows 10.0.22621)",
        "x-ms-client-request-id": "eff0062d3dc0d661038cd8fbc36af7b9",
        "x-ms-return-client-request-id": "true"
      },
      "RequestBody": null,
      "StatusCode": 202,
      "ResponseHeaders": {
        "Azure-AsyncNotification": "Enabled",
        "Azure-AsyncOperation": "https://management.azure.com/subscriptions/db1ab6f0-4769-4b27-930e-01e2ef9c123c/providers/Microsoft.Network/locations/canadacentral/operations/a00672b1-56b8-4776-815e-71fcad6f406c?api-version=2021-02-01",
        "Cache-Control": "no-cache",
        "Content-Length": "0",
        "Date": "Wed, 26 Apr 2023 05:51:17 GMT",
        "Expires": "-1",
        "Location": "https://management.azure.com/subscriptions/db1ab6f0-4769-4b27-930e-01e2ef9c123c/providers/Microsoft.Network/locations/canadacentral/operationResults/a00672b1-56b8-4776-815e-71fcad6f406c?api-version=2021-02-01",
        "Pragma": "no-cache",
        "Retry-After": "10",
        "Server": [
          "Microsoft-HTTPAPI/2.0",
          "Microsoft-HTTPAPI/2.0"
        ],
        "Strict-Transport-Security": "max-age=31536000; includeSubDomains",
        "X-Content-Type-Options": "nosniff",
        "x-ms-arm-service-request-id": "1df86958-aa1b-46ea-8ab2-b8877e839541",
        "x-ms-client-request-id": "eff0062d3dc0d661038cd8fbc36af7b9",
        "x-ms-correlation-request-id": "92b146db-44c1-4bc0-8a18-3919719a7cc6",
        "x-ms-ratelimit-remaining-subscription-deletes": "14998",
        "x-ms-request-id": "a00672b1-56b8-4776-815e-71fcad6f406c",
        "x-ms-routing-request-id": "SOUTHEASTASIA:20230426T055118Z:92b146db-44c1-4bc0-8a18-3919719a7cc6"
      },
      "ResponseBody": null
    },
    {
      "RequestUri": "https://management.azure.com/subscriptions/db1ab6f0-4769-4b27-930e-01e2ef9c123c/providers/Microsoft.Network/locations/canadacentral/operations/a00672b1-56b8-4776-815e-71fcad6f406c?api-version=2021-02-01",
      "RequestMethod": "GET",
      "RequestHeaders": {
        "Authorization": "Sanitized",
        "traceparent": "00-0fa330b06013abb2d79890aa32330707-15d09412667999b0-00",
        "User-Agent": "azsdk-net-ResourceManager/1.4.0 (.NET 7.0.5; Microsoft Windows 10.0.22621)",
        "x-ms-client-request-id": "30a3813c4650ad8ad3e48a221d7ef580",
        "x-ms-return-client-request-id": "true"
      },
      "RequestBody": null,
      "StatusCode": 200,
      "ResponseHeaders": {
        "Cache-Control": "no-cache",
        "Content-Length": "30",
        "Content-Type": "application/json; charset=utf-8",
        "Date": "Wed, 26 Apr 2023 05:51:18 GMT",
        "Expires": "-1",
        "Pragma": "no-cache",
        "Retry-After": "10",
        "Server": [
          "Microsoft-HTTPAPI/2.0",
          "Microsoft-HTTPAPI/2.0"
        ],
        "Strict-Transport-Security": "max-age=31536000; includeSubDomains",
        "X-Content-Type-Options": "nosniff",
        "x-ms-arm-service-request-id": "5d14cc06-3917-4693-8b96-cf0e4aee9880",
        "x-ms-client-request-id": "30a3813c4650ad8ad3e48a221d7ef580",
        "x-ms-correlation-request-id": "1ab4d965-1275-42d3-a696-1985ec34a589",
        "x-ms-ratelimit-remaining-subscription-reads": "11960",
        "x-ms-request-id": "fa281f8f-20ec-4bc5-8509-a853228066a5",
        "x-ms-routing-request-id": "SOUTHEASTASIA:20230426T055119Z:1ab4d965-1275-42d3-a696-1985ec34a589"
      },
      "ResponseBody": {
        "status": "InProgress"
      }
    },
    {
      "RequestUri": "https://management.azure.com/subscriptions/db1ab6f0-4769-4b27-930e-01e2ef9c123c/providers/Microsoft.Network/locations/canadacentral/operations/a00672b1-56b8-4776-815e-71fcad6f406c?api-version=2021-02-01",
      "RequestMethod": "GET",
      "RequestHeaders": {
        "Authorization": "Sanitized",
        "traceparent": "00-0fa330b06013abb2d79890aa32330707-b20eabdfb215fbb4-00",
        "User-Agent": "azsdk-net-ResourceManager/1.4.0 (.NET 7.0.5; Microsoft Windows 10.0.22621)",
        "x-ms-client-request-id": "78ecd62e3ea697bff1065f4f4e33d7c4",
        "x-ms-return-client-request-id": "true"
      },
      "RequestBody": null,
      "StatusCode": 200,
      "ResponseHeaders": {
        "Cache-Control": "no-cache",
        "Content-Length": "29",
        "Content-Type": "application/json; charset=utf-8",
        "Date": "Wed, 26 Apr 2023 05:51:29 GMT",
        "Expires": "-1",
        "Pragma": "no-cache",
        "Server": [
          "Microsoft-HTTPAPI/2.0",
          "Microsoft-HTTPAPI/2.0"
        ],
        "Strict-Transport-Security": "max-age=31536000; includeSubDomains",
        "X-Content-Type-Options": "nosniff",
        "x-ms-arm-service-request-id": "70e97702-c863-404c-87cc-2bcae64721e7",
        "x-ms-client-request-id": "78ecd62e3ea697bff1065f4f4e33d7c4",
        "x-ms-correlation-request-id": "431078c8-941a-43b4-9d56-44b301575097",
        "x-ms-ratelimit-remaining-subscription-reads": "11959",
        "x-ms-request-id": "baad06c5-17bd-44f6-a504-d79380b708e2",
        "x-ms-routing-request-id": "SOUTHEASTASIA:20230426T055129Z:431078c8-941a-43b4-9d56-44b301575097"
      },
      "ResponseBody": {
        "status": "Succeeded"
      }
    },
    {
      "RequestUri": "https://management.azure.com/subscriptions/db1ab6f0-4769-4b27-930e-01e2ef9c123c/providers/Microsoft.Network/privateEndpoints?api-version=2021-02-01",
      "RequestMethod": "GET",
      "RequestHeaders": {
        "Accept": "application/json",
        "Authorization": "Sanitized",
        "traceparent": "00-bb6c61f5c91dbf78de1375e945f4f1bb-6bc2f15b33a6fa87-00",
        "User-Agent": "azsdk-net-ResourceManager.Network/1.1.0 (.NET 7.0.5; Microsoft Windows 10.0.22621)",
        "x-ms-client-request-id": "42bf2cd8c6c72068367631920bf2cc11",
        "x-ms-return-client-request-id": "true"
      },
      "RequestBody": null,
      "StatusCode": 200,
      "ResponseHeaders": {
        "Cache-Control": "no-cache",
        "Content-Length": "19",
        "Content-Type": "application/json; charset=utf-8",
        "Date": "Wed, 26 Apr 2023 05:51:30 GMT",
        "Expires": "-1",
        "Pragma": "no-cache",
        "Server": [
          "Microsoft-HTTPAPI/2.0",
          "Microsoft-HTTPAPI/2.0"
        ],
        "Strict-Transport-Security": "max-age=31536000; includeSubDomains",
        "X-Content-Type-Options": "nosniff",
        "x-ms-arm-service-request-id": "818e177b-c97a-455d-80ac-d9d9bba2f169",
        "x-ms-client-request-id": "42bf2cd8c6c72068367631920bf2cc11",
        "x-ms-correlation-request-id": "0823205b-7f03-431b-bb8c-4601c2806477",
        "x-ms-ratelimit-remaining-subscription-reads": "11958",
        "x-ms-request-id": "71c6ea04-93c1-4c42-9815-1f3eebf5acad",
        "x-ms-routing-request-id": "SOUTHEASTASIA:20230426T055130Z:0823205b-7f03-431b-bb8c-4601c2806477"
      },
      "ResponseBody": {
        "value": []
      }
    }
  ],
  "Variables": {
    "AZURE_AUTHORITY_HOST": "https://login.microsoftonline.com",
    "OBJECT_ID": "d8d75902-f0d1-442d-b310-62e23b1ff5ec",
    "RandomSeed": "1898183220",
    "RESOURCE_MANAGER_URL": null,
    "SUBSCRIPTION_ID": "db1ab6f0-4769-4b27-930e-01e2ef9c123c",
    "TENANT_ID": "72f988bf-86f1-41af-91ab-2d7cd011db47"
  }
}
