{
  "Entries": [
    {
      "RequestUri": "/subscriptions/3c729b2a-4f86-4bb2-abe8-4b8647af156c/providers/Microsoft.Search/register?api-version=2016-09-01",
      "EncodedRequestUri": "L3N1YnNjcmlwdGlvbnMvM2M3MjliMmEtNGY4Ni00YmIyLWFiZTgtNGI4NjQ3YWYxNTZjL3Byb3ZpZGVycy9NaWNyb3NvZnQuU2VhcmNoL3JlZ2lzdGVyP2FwaS12ZXJzaW9uPTIwMTYtMDktMDE=",
      "RequestMethod": "POST",
      "RequestBody": "",
      "RequestHeaders": {
        "x-ms-client-request-id": [
          "9e6a9120-c6f9-47b5-8dfe-14b88232df9f"
        ],
        "Accept-Language": [
          "en-US"
        ],
        "User-Agent": [
          "FxVersion/4.6.28207.04",
          "OSName/Windows",
          "OSVersion/Microsoft.Windows.10.0.17763.",
          "Microsoft.Azure.Management.ResourceManager.ResourceManagementClient/1.5.0.0"
        ]
      },
      "ResponseHeaders": {
        "Cache-Control": [
          "no-cache"
        ],
        "Pragma": [
          "no-cache"
        ],
        "x-ms-ratelimit-remaining-subscription-writes": [
          "1188"
        ],
        "x-ms-request-id": [
          "e2a634b5-fd21-4c20-88dd-45794b4a5ec5"
        ],
        "x-ms-correlation-request-id": [
          "e2a634b5-fd21-4c20-88dd-45794b4a5ec5"
        ],
        "x-ms-routing-request-id": [
          "NORTHEUROPE:20200123T034347Z:e2a634b5-fd21-4c20-88dd-45794b4a5ec5"
        ],
        "Strict-Transport-Security": [
          "max-age=31536000; includeSubDomains"
        ],
        "X-Content-Type-Options": [
          "nosniff"
        ],
        "Date": [
          "Thu, 23 Jan 2020 03:43:46 GMT"
        ],
        "Content-Length": [
          "2699"
        ],
        "Content-Type": [
          "application/json; charset=utf-8"
        ],
        "Expires": [
          "-1"
        ]
      },
      "ResponseBody": "{\r\n  \"id\": \"/subscriptions/3c729b2a-4f86-4bb2-abe8-4b8647af156c/providers/Microsoft.Search\",\r\n  \"namespace\": \"Microsoft.Search\",\r\n  \"authorization\": {\r\n    \"applicationId\": \"804f4a7a-7d6e-4df7-bf8c-e7f0106e16c2\",\r\n    \"roleDefinitionId\": \"20FA3191-87CF-4C3D-9510-74CCB594A310\"\r\n  },\r\n  \"resourceTypes\": [\r\n    {\r\n      \"resourceType\": \"searchServices\",\r\n      \"locations\": [\r\n        \"West US\",\r\n        \"East US\"\r\n      ],\r\n      \"apiVersions\": [\r\n        \"2019-10-01-Preview\",\r\n        \"2015-08-19\",\r\n        \"2015-02-28\",\r\n        \"2014-07-31-Preview\"\r\n      ],\r\n      \"capabilities\": \"CrossResourceGroupResourceMove, CrossSubscriptionResourceMove, SystemAssignedResourceIdentity\"\r\n    },\r\n    {\r\n      \"resourceType\": \"searchServicesCit\",\r\n      \"locations\": [\r\n        \"West US\"\r\n      ],\r\n      \"apiVersions\": [\r\n        \"2019-10-01-Preview\",\r\n        \"2015-08-19\",\r\n        \"2015-02-28\",\r\n        \"2014-07-31-Preview\"\r\n      ],\r\n      \"capabilities\": \"CrossResourceGroupResourceMove, CrossSubscriptionResourceMove, SystemAssignedResourceIdentity\"\r\n    },\r\n    {\r\n      \"resourceType\": \"searchServicesTHHILL\",\r\n      \"locations\": [\r\n        \"East US\"\r\n      ],\r\n      \"apiVersions\": [\r\n        \"2019-10-01-Preview\",\r\n        \"2015-08-19\",\r\n        \"2015-02-28\",\r\n        \"2014-07-31-Preview\"\r\n      ],\r\n      \"capabilities\": \"CrossResourceGroupResourceMove, CrossSubscriptionResourceMove, SystemAssignedResourceIdentity\"\r\n    },\r\n    {\r\n      \"resourceType\": \"searchServicesInt\",\r\n      \"locations\": [\r\n        \"West US\"\r\n      ],\r\n      \"apiVersions\": [\r\n        \"2019-10-01-Preview\",\r\n        \"2015-08-19\",\r\n        \"2015-02-28\",\r\n        \"2014-07-31-Preview\"\r\n      ],\r\n      \"capabilities\": \"CrossResourceGroupResourceMove, CrossSubscriptionResourceMove, SystemAssignedResourceIdentity\"\r\n    },\r\n    {\r\n      \"resourceType\": \"searchServicesPpe\",\r\n      \"locations\": [\r\n        \"West US\"\r\n      ],\r\n      \"apiVersions\": [\r\n        \"2019-10-01-Preview\",\r\n        \"2015-08-19\",\r\n        \"2015-02-28\",\r\n        \"2014-07-31-Preview\"\r\n      ],\r\n      \"capabilities\": \"CrossResourceGroupResourceMove, CrossSubscriptionResourceMove, SystemAssignedResourceIdentity\"\r\n    },\r\n    {\r\n      \"resourceType\": \"checkServiceNameAvailability\",\r\n      \"locations\": [],\r\n      \"apiVersions\": [\r\n        \"2015-02-28\",\r\n        \"2014-07-31-Preview\"\r\n      ]\r\n    },\r\n    {\r\n      \"resourceType\": \"checkServiceNameAvailabilityCit\",\r\n      \"locations\": [],\r\n      \"apiVersions\": [\r\n        \"2015-02-28\",\r\n        \"2014-07-31-Preview\"\r\n      ]\r\n    },\r\n    {\r\n      \"resourceType\": \"checkServiceNameAvailabilityInt\",\r\n      \"locations\": [],\r\n      \"apiVersions\": [\r\n        \"2015-02-28\",\r\n        \"2014-07-31-Preview\"\r\n      ]\r\n    },\r\n    {\r\n      \"resourceType\": \"checkServiceNameAvailabilityPpe\",\r\n      \"locations\": [],\r\n      \"apiVersions\": [\r\n        \"2015-02-28\",\r\n        \"2014-07-31-Preview\"\r\n      ]\r\n    },\r\n    {\r\n      \"resourceType\": \"checkNameAvailability\",\r\n      \"locations\": [],\r\n      \"apiVersions\": [\r\n        \"2019-10-01-Preview\",\r\n        \"2015-08-19\"\r\n      ]\r\n    },\r\n    {\r\n      \"resourceType\": \"checkNameAvailabilityCit\",\r\n      \"locations\": [],\r\n      \"apiVersions\": [\r\n        \"2019-10-01-Preview\",\r\n        \"2015-08-19\"\r\n      ]\r\n    },\r\n    {\r\n      \"resourceType\": \"checkNameAvailabilityInt\",\r\n      \"locations\": [],\r\n      \"apiVersions\": [\r\n        \"2019-10-01-Preview\",\r\n        \"2015-08-19\"\r\n      ]\r\n    },\r\n    {\r\n      \"resourceType\": \"checkNameAvailabilityPpe\",\r\n      \"locations\": [],\r\n      \"apiVersions\": [\r\n        \"2019-10-01-Preview\",\r\n        \"2015-08-19\"\r\n      ]\r\n    },\r\n    {\r\n      \"resourceType\": \"resourceHealthMetadata\",\r\n      \"locations\": [],\r\n      \"apiVersions\": [\r\n        \"2019-10-01-Preview\",\r\n        \"2015-08-19\"\r\n      ]\r\n    },\r\n    {\r\n      \"resourceType\": \"operations\",\r\n      \"locations\": [],\r\n      \"apiVersions\": [\r\n        \"2019-10-01-Preview\",\r\n        \"2015-08-19\",\r\n        \"2015-02-28\"\r\n      ]\r\n    }\r\n  ],\r\n  \"registrationState\": \"Registered\"\r\n}",
      "StatusCode": 200
    },
    {
      "RequestUri": "/subscriptions/3c729b2a-4f86-4bb2-abe8-4b8647af156c/resourcegroups/azsmnet1849?api-version=2016-09-01",
      "EncodedRequestUri": "L3N1YnNjcmlwdGlvbnMvM2M3MjliMmEtNGY4Ni00YmIyLWFiZTgtNGI4NjQ3YWYxNTZjL3Jlc291cmNlZ3JvdXBzL2F6c21uZXQxODQ5P2FwaS12ZXJzaW9uPTIwMTYtMDktMDE=",
      "RequestMethod": "PUT",
      "RequestBody": "{\r\n  \"location\": \"West US\"\r\n}",
      "RequestHeaders": {
        "x-ms-client-request-id": [
          "833d8b3c-4097-46fb-a024-702e689b2a80"
        ],
        "Accept-Language": [
          "en-US"
        ],
        "User-Agent": [
          "FxVersion/4.6.28207.04",
          "OSName/Windows",
          "OSVersion/Microsoft.Windows.10.0.17763.",
          "Microsoft.Azure.Management.ResourceManager.ResourceManagementClient/1.5.0.0"
        ],
        "Content-Type": [
          "application/json; charset=utf-8"
        ],
        "Content-Length": [
          "29"
        ]
      },
      "ResponseHeaders": {
        "Cache-Control": [
          "no-cache"
        ],
        "Pragma": [
          "no-cache"
        ],
        "x-ms-ratelimit-remaining-subscription-writes": [
          "1193"
        ],
        "x-ms-request-id": [
          "de21ff7c-221b-4dee-b6cb-5b3217e1b91e"
        ],
        "x-ms-correlation-request-id": [
          "de21ff7c-221b-4dee-b6cb-5b3217e1b91e"
        ],
        "x-ms-routing-request-id": [
          "NORTHEUROPE:20200123T034349Z:de21ff7c-221b-4dee-b6cb-5b3217e1b91e"
        ],
        "Strict-Transport-Security": [
          "max-age=31536000; includeSubDomains"
        ],
        "X-Content-Type-Options": [
          "nosniff"
        ],
        "Date": [
          "Thu, 23 Jan 2020 03:43:48 GMT"
        ],
        "Content-Length": [
          "175"
        ],
        "Content-Type": [
          "application/json; charset=utf-8"
        ],
        "Expires": [
          "-1"
        ]
      },
      "ResponseBody": "{\r\n  \"id\": \"/subscriptions/3c729b2a-4f86-4bb2-abe8-4b8647af156c/resourceGroups/azsmnet1849\",\r\n  \"name\": \"azsmnet1849\",\r\n  \"location\": \"westus\",\r\n  \"properties\": {\r\n    \"provisioningState\": \"Succeeded\"\r\n  }\r\n}",
      "StatusCode": 201
    },
    {
      "RequestUri": "/subscriptions/3c729b2a-4f86-4bb2-abe8-4b8647af156c/resourceGroups/azsmnet1849/providers/Microsoft.Search/searchServices/azs-5926?api-version=2019-10-01-preview",
      "EncodedRequestUri": "L3N1YnNjcmlwdGlvbnMvM2M3MjliMmEtNGY4Ni00YmIyLWFiZTgtNGI4NjQ3YWYxNTZjL3Jlc291cmNlR3JvdXBzL2F6c21uZXQxODQ5L3Byb3ZpZGVycy9NaWNyb3NvZnQuU2VhcmNoL3NlYXJjaFNlcnZpY2VzL2F6cy01OTI2P2FwaS12ZXJzaW9uPTIwMTktMTAtMDEtcHJldmlldw==",
      "RequestMethod": "PUT",
      "RequestBody": "{\r\n  \"sku\": {\r\n    \"name\": \"free\"\r\n  },\r\n  \"location\": \"West US\"\r\n}",
      "RequestHeaders": {
        "x-ms-client-request-id": [
          "501b578a-86f4-4dc9-9ca1-d0e7c2ac082f"
        ],
        "Accept-Language": [
          "en-US"
        ],
        "User-Agent": [
          "FxVersion/4.6.28207.04",
          "OSName/Windows",
          "OSVersion/Microsoft.Windows.10.0.17763.",
          "Microsoft.Azure.Management.Search.SearchManagementClient/3.0.0.0"
        ],
        "Content-Type": [
          "application/json; charset=utf-8"
        ],
        "Content-Length": [
          "67"
        ]
      },
      "ResponseHeaders": {
        "Cache-Control": [
          "no-cache"
        ],
        "Pragma": [
          "no-cache"
        ],
        "ETag": [
          "W/\"datetime'2020-01-23T03%3A43%3A52.9054868Z'\""
        ],
        "x-ms-request-id": [
          "501b578a-86f4-4dc9-9ca1-d0e7c2ac082f"
        ],
        "request-id": [
          "501b578a-86f4-4dc9-9ca1-d0e7c2ac082f"
        ],
        "elapsed-time": [
          "1483"
        ],
        "Strict-Transport-Security": [
          "max-age=31536000; includeSubDomains"
        ],
        "x-ms-ratelimit-remaining-subscription-writes": [
          "1195"
        ],
        "x-ms-correlation-request-id": [
          "c21c2b78-54ad-4364-846f-25e37c9dea8e"
        ],
        "x-ms-routing-request-id": [
          "NORTHEUROPE:20200123T034353Z:c21c2b78-54ad-4364-846f-25e37c9dea8e"
        ],
        "X-Content-Type-Options": [
          "nosniff"
        ],
        "Date": [
          "Thu, 23 Jan 2020 03:43:53 GMT"
        ],
        "Content-Length": [
          "491"
        ],
        "Content-Type": [
          "application/json; charset=utf-8"
        ],
        "Expires": [
          "-1"
        ]
      },
      "ResponseBody": "{\r\n  \"id\": \"/subscriptions/3c729b2a-4f86-4bb2-abe8-4b8647af156c/resourceGroups/azsmnet1849/providers/Microsoft.Search/searchServices/azs-5926\",\r\n  \"name\": \"azs-5926\",\r\n  \"type\": \"Microsoft.Search/searchServices\",\r\n  \"location\": \"West US\",\r\n  \"properties\": {\r\n    \"replicaCount\": 1,\r\n    \"partitionCount\": 1,\r\n    \"status\": \"running\",\r\n    \"statusDetails\": \"\",\r\n    \"provisioningState\": \"succeeded\",\r\n    \"hostingMode\": \"Default\",\r\n    \"networkRuleSet\": {\r\n      \"endpointAccess\": \"Public\",\r\n      \"ipRules\": [],\r\n      \"bypass\": \"None\"\r\n    },\r\n    \"privateEndpointConnections\": []\r\n  },\r\n  \"sku\": {\r\n    \"name\": \"free\"\r\n  }\r\n}",
      "StatusCode": 201
    },
    {
      "RequestUri": "/subscriptions/3c729b2a-4f86-4bb2-abe8-4b8647af156c/resourceGroups/azsmnet1849/providers/Microsoft.Search/searchServices/azs-5926/listAdminKeys?api-version=2019-10-01-preview",
      "EncodedRequestUri": "L3N1YnNjcmlwdGlvbnMvM2M3MjliMmEtNGY4Ni00YmIyLWFiZTgtNGI4NjQ3YWYxNTZjL3Jlc291cmNlR3JvdXBzL2F6c21uZXQxODQ5L3Byb3ZpZGVycy9NaWNyb3NvZnQuU2VhcmNoL3NlYXJjaFNlcnZpY2VzL2F6cy01OTI2L2xpc3RBZG1pbktleXM/YXBpLXZlcnNpb249MjAxOS0xMC0wMS1wcmV2aWV3",
      "RequestMethod": "POST",
      "RequestBody": "",
      "RequestHeaders": {
        "x-ms-client-request-id": [
          "ce8872a2-2dd1-469e-90e6-497524c27ed3"
        ],
        "Accept-Language": [
          "en-US"
        ],
        "User-Agent": [
          "FxVersion/4.6.28207.04",
          "OSName/Windows",
          "OSVersion/Microsoft.Windows.10.0.17763.",
          "Microsoft.Azure.Management.Search.SearchManagementClient/3.0.0.0"
        ]
      },
      "ResponseHeaders": {
        "Cache-Control": [
          "no-cache"
        ],
        "Pragma": [
          "no-cache"
        ],
        "Vary": [
          "Accept-Encoding"
        ],
        "x-ms-request-id": [
          "ce8872a2-2dd1-469e-90e6-497524c27ed3"
        ],
        "request-id": [
          "ce8872a2-2dd1-469e-90e6-497524c27ed3"
        ],
        "elapsed-time": [
          "252"
        ],
        "Strict-Transport-Security": [
          "max-age=31536000; includeSubDomains"
        ],
        "x-ms-ratelimit-remaining-subscription-writes": [
          "1195"
        ],
        "x-ms-correlation-request-id": [
          "e582a508-6de2-4dc6-8f50-4e68a9cd7d36"
        ],
        "x-ms-routing-request-id": [
          "NORTHEUROPE:20200123T034356Z:e582a508-6de2-4dc6-8f50-4e68a9cd7d36"
        ],
        "X-Content-Type-Options": [
          "nosniff"
        ],
        "Date": [
          "Thu, 23 Jan 2020 03:43:55 GMT"
        ],
        "Content-Length": [
          "99"
        ],
        "Content-Type": [
          "application/json; charset=utf-8"
        ],
        "Expires": [
          "-1"
        ]
      },
      "ResponseBody": "{\r\n  \"primaryKey\": \"BC6BFC952B289539FCD59697BCFE0EA7\",\r\n  \"secondaryKey\": \"B6F66F796605510FD731DD99EC540ED6\"\r\n}",
      "StatusCode": 200
    },
    {
      "RequestUri": "/subscriptions/3c729b2a-4f86-4bb2-abe8-4b8647af156c/resourceGroups/azsmnet1849/providers/Microsoft.Search/searchServices/azs-5926/listQueryKeys?api-version=2019-10-01-preview",
      "EncodedRequestUri": "L3N1YnNjcmlwdGlvbnMvM2M3MjliMmEtNGY4Ni00YmIyLWFiZTgtNGI4NjQ3YWYxNTZjL3Jlc291cmNlR3JvdXBzL2F6c21uZXQxODQ5L3Byb3ZpZGVycy9NaWNyb3NvZnQuU2VhcmNoL3NlYXJjaFNlcnZpY2VzL2F6cy01OTI2L2xpc3RRdWVyeUtleXM/YXBpLXZlcnNpb249MjAxOS0xMC0wMS1wcmV2aWV3",
      "RequestMethod": "POST",
      "RequestBody": "",
      "RequestHeaders": {
        "x-ms-client-request-id": [
          "da4fc1d5-6b55-47bf-89b3-74de8834211d"
        ],
        "Accept-Language": [
          "en-US"
        ],
        "User-Agent": [
          "FxVersion/4.6.28207.04",
          "OSName/Windows",
          "OSVersion/Microsoft.Windows.10.0.17763.",
          "Microsoft.Azure.Management.Search.SearchManagementClient/3.0.0.0"
        ]
      },
      "ResponseHeaders": {
        "Cache-Control": [
          "no-cache"
        ],
        "Pragma": [
          "no-cache"
        ],
        "Vary": [
          "Accept-Encoding"
        ],
        "x-ms-request-id": [
          "da4fc1d5-6b55-47bf-89b3-74de8834211d"
        ],
        "request-id": [
          "da4fc1d5-6b55-47bf-89b3-74de8834211d"
        ],
        "elapsed-time": [
          "319"
        ],
        "Strict-Transport-Security": [
          "max-age=31536000; includeSubDomains"
        ],
        "x-ms-ratelimit-remaining-subscription-writes": [
          "1194"
        ],
        "x-ms-correlation-request-id": [
          "618c00d1-96cd-4729-89f1-62aa70da3b07"
        ],
        "x-ms-routing-request-id": [
          "NORTHEUROPE:20200123T034357Z:618c00d1-96cd-4729-89f1-62aa70da3b07"
        ],
        "X-Content-Type-Options": [
          "nosniff"
        ],
        "Date": [
          "Thu, 23 Jan 2020 03:43:56 GMT"
        ],
        "Content-Length": [
          "82"
        ],
        "Content-Type": [
          "application/json; charset=utf-8"
        ],
        "Expires": [
          "-1"
        ]
      },
      "ResponseBody": "{\r\n  \"value\": [\r\n    {\r\n      \"name\": null,\r\n      \"key\": \"58E747DD149F2592D9EC91E822FF3641\"\r\n    }\r\n  ],\r\n  \"nextLink\": null\r\n}",
      "StatusCode": 200
    },
    {
      "RequestUri": "/indexes?api-version=2019-05-06",
      "EncodedRequestUri": "L2luZGV4ZXM/YXBpLXZlcnNpb249MjAxOS0wNS0wNg==",
      "RequestMethod": "POST",
      "RequestBody": "{\r\n  \"name\": \"azsmnet9436\",\r\n  \"fields\": [\r\n    {\r\n      \"name\": \"hotelId\",\r\n      \"type\": \"Edm.String\",\r\n      \"key\": true,\r\n      \"retrievable\": true,\r\n      \"searchable\": false,\r\n      \"filterable\": true,\r\n      \"sortable\": true,\r\n      \"facetable\": true\r\n    },\r\n    {\r\n      \"name\": \"hotelName\",\r\n      \"type\": \"Edm.String\",\r\n      \"key\": false,\r\n      \"retrievable\": true,\r\n      \"searchable\": true,\r\n      \"filterable\": true,\r\n      \"sortable\": true,\r\n      \"facetable\": false\r\n    },\r\n    {\r\n      \"name\": \"description\",\r\n      \"type\": \"Edm.String\",\r\n      \"key\": false,\r\n      \"retrievable\": true,\r\n      \"searchable\": true,\r\n      \"filterable\": false,\r\n      \"sortable\": false,\r\n      \"facetable\": false,\r\n      \"analyzer\": \"en.lucene\"\r\n    },\r\n    {\r\n      \"name\": \"descriptionFr\",\r\n      \"type\": \"Edm.String\",\r\n      \"key\": false,\r\n      \"retrievable\": true,\r\n      \"searchable\": true,\r\n      \"filterable\": false,\r\n      \"sortable\": false,\r\n      \"facetable\": false,\r\n      \"analyzer\": \"fr.lucene\"\r\n    },\r\n    {\r\n      \"name\": \"description_custom\",\r\n      \"type\": \"Edm.String\",\r\n      \"key\": false,\r\n      \"retrievable\": true,\r\n      \"searchable\": true,\r\n      \"filterable\": false,\r\n      \"sortable\": false,\r\n      \"facetable\": false,\r\n      \"searchAnalyzer\": \"stop\",\r\n      \"indexAnalyzer\": \"stop\"\r\n    },\r\n    {\r\n      \"name\": \"category\",\r\n      \"type\": \"Edm.String\",\r\n      \"key\": false,\r\n      \"retrievable\": true,\r\n      \"searchable\": true,\r\n      \"filterable\": true,\r\n      \"sortable\": true,\r\n      \"facetable\": true\r\n    },\r\n    {\r\n      \"name\": \"tags\",\r\n      \"type\": \"Collection(Edm.String)\",\r\n      \"key\": false,\r\n      \"retrievable\": true,\r\n      \"searchable\": true,\r\n      \"filterable\": true,\r\n      \"sortable\": false,\r\n      \"facetable\": true\r\n    },\r\n    {\r\n      \"name\": \"parkingIncluded\",\r\n      \"type\": \"Edm.Boolean\",\r\n      \"key\": false,\r\n      \"retrievable\": true,\r\n      \"searchable\": false,\r\n      \"filterable\": true,\r\n      \"sortable\": true,\r\n      \"facetable\": true\r\n    },\r\n    {\r\n      \"name\": \"smokingAllowed\",\r\n      \"type\": \"Edm.Boolean\",\r\n      \"key\": false,\r\n      \"retrievable\": true,\r\n      \"searchable\": false,\r\n      \"filterable\": true,\r\n      \"sortable\": true,\r\n      \"facetable\": true\r\n    },\r\n    {\r\n      \"name\": \"lastRenovationDate\",\r\n      \"type\": \"Edm.DateTimeOffset\",\r\n      \"key\": false,\r\n      \"retrievable\": true,\r\n      \"searchable\": false,\r\n      \"filterable\": true,\r\n      \"sortable\": true,\r\n      \"facetable\": true\r\n    },\r\n    {\r\n      \"name\": \"rating\",\r\n      \"type\": \"Edm.Int32\",\r\n      \"key\": false,\r\n      \"retrievable\": true,\r\n      \"searchable\": false,\r\n      \"filterable\": true,\r\n      \"sortable\": true,\r\n      \"facetable\": true\r\n    },\r\n    {\r\n      \"name\": \"address\",\r\n      \"type\": \"Edm.ComplexType\",\r\n      \"fields\": [\r\n        {\r\n          \"name\": \"streetAddress\",\r\n          \"type\": \"Edm.String\",\r\n          \"key\": false,\r\n          \"retrievable\": true,\r\n          \"searchable\": true,\r\n          \"filterable\": false,\r\n          \"sortable\": false,\r\n          \"facetable\": false\r\n        },\r\n        {\r\n          \"name\": \"city\",\r\n          \"type\": \"Edm.String\",\r\n          \"key\": false,\r\n          \"retrievable\": true,\r\n          \"searchable\": true,\r\n          \"filterable\": true,\r\n          \"sortable\": true,\r\n          \"facetable\": true\r\n        },\r\n        {\r\n          \"name\": \"stateProvince\",\r\n          \"type\": \"Edm.String\",\r\n          \"key\": false,\r\n          \"retrievable\": true,\r\n          \"searchable\": true,\r\n          \"filterable\": true,\r\n          \"sortable\": true,\r\n          \"facetable\": true\r\n        },\r\n        {\r\n          \"name\": \"country\",\r\n          \"type\": \"Edm.String\",\r\n          \"key\": false,\r\n          \"retrievable\": true,\r\n          \"searchable\": true,\r\n          \"filterable\": true,\r\n          \"sortable\": true,\r\n          \"facetable\": true\r\n        },\r\n        {\r\n          \"name\": \"postalCode\",\r\n          \"type\": \"Edm.String\",\r\n          \"key\": false,\r\n          \"retrievable\": true,\r\n          \"searchable\": true,\r\n          \"filterable\": true,\r\n          \"sortable\": true,\r\n          \"facetable\": true\r\n        }\r\n      ]\r\n    },\r\n    {\r\n      \"name\": \"location\",\r\n      \"type\": \"Edm.GeographyPoint\",\r\n      \"key\": false,\r\n      \"retrievable\": true,\r\n      \"searchable\": false,\r\n      \"filterable\": true,\r\n      \"sortable\": true,\r\n      \"facetable\": false\r\n    },\r\n    {\r\n      \"name\": \"rooms\",\r\n      \"type\": \"Collection(Edm.ComplexType)\",\r\n      \"fields\": [\r\n        {\r\n          \"name\": \"description\",\r\n          \"type\": \"Edm.String\",\r\n          \"key\": false,\r\n          \"retrievable\": true,\r\n          \"searchable\": true,\r\n          \"filterable\": false,\r\n          \"sortable\": false,\r\n          \"facetable\": false,\r\n          \"analyzer\": \"en.lucene\"\r\n        },\r\n        {\r\n          \"name\": \"descriptionFr\",\r\n          \"type\": \"Edm.String\",\r\n          \"key\": false,\r\n          \"retrievable\": true,\r\n          \"searchable\": true,\r\n          \"filterable\": false,\r\n          \"sortable\": false,\r\n          \"facetable\": false,\r\n          \"analyzer\": \"fr.lucene\"\r\n        },\r\n        {\r\n          \"name\": \"type\",\r\n          \"type\": \"Edm.String\",\r\n          \"key\": false,\r\n          \"retrievable\": true,\r\n          \"searchable\": true,\r\n          \"filterable\": true,\r\n          \"sortable\": false,\r\n          \"facetable\": true\r\n        },\r\n        {\r\n          \"name\": \"baseRate\",\r\n          \"type\": \"Edm.Double\",\r\n          \"key\": false,\r\n          \"retrievable\": true,\r\n          \"searchable\": false,\r\n          \"filterable\": true,\r\n          \"sortable\": false,\r\n          \"facetable\": true\r\n        },\r\n        {\r\n          \"name\": \"bedOptions\",\r\n          \"type\": \"Edm.String\",\r\n          \"key\": false,\r\n          \"retrievable\": true,\r\n          \"searchable\": true,\r\n          \"filterable\": true,\r\n          \"sortable\": false,\r\n          \"facetable\": true\r\n        },\r\n        {\r\n          \"name\": \"sleepsCount\",\r\n          \"type\": \"Edm.Int32\",\r\n          \"key\": false,\r\n          \"retrievable\": true,\r\n          \"searchable\": false,\r\n          \"filterable\": true,\r\n          \"sortable\": false,\r\n          \"facetable\": true\r\n        },\r\n        {\r\n          \"name\": \"smokingAllowed\",\r\n          \"type\": \"Edm.Boolean\",\r\n          \"key\": false,\r\n          \"retrievable\": true,\r\n          \"searchable\": false,\r\n          \"filterable\": true,\r\n          \"sortable\": false,\r\n          \"facetable\": true\r\n        },\r\n        {\r\n          \"name\": \"tags\",\r\n          \"type\": \"Collection(Edm.String)\",\r\n          \"key\": false,\r\n          \"retrievable\": true,\r\n          \"searchable\": true,\r\n          \"filterable\": true,\r\n          \"sortable\": false,\r\n          \"facetable\": true\r\n        }\r\n      ]\r\n    },\r\n    {\r\n      \"name\": \"totalGuests\",\r\n      \"type\": \"Edm.Int64\",\r\n      \"key\": false,\r\n      \"retrievable\": false,\r\n      \"searchable\": false,\r\n      \"filterable\": true,\r\n      \"sortable\": true,\r\n      \"facetable\": true\r\n    },\r\n    {\r\n      \"name\": \"profitMargin\",\r\n      \"type\": \"Edm.Double\",\r\n      \"key\": false,\r\n      \"retrievable\": true,\r\n      \"searchable\": false,\r\n      \"filterable\": false,\r\n      \"sortable\": false,\r\n      \"facetable\": false\r\n    }\r\n  ],\r\n  \"scoringProfiles\": [\r\n    {\r\n      \"name\": \"MyProfile\",\r\n      \"functions\": [\r\n        {\r\n          \"type\": \"magnitude\",\r\n          \"magnitude\": {\r\n            \"boostingRangeStart\": 1.0,\r\n            \"boostingRangeEnd\": 4.0\r\n          },\r\n          \"fieldName\": \"rating\",\r\n          \"boost\": 2.0\r\n        }\r\n      ]\r\n    }\r\n  ],\r\n  \"defaultScoringProfile\": \"MyProfile\",\r\n  \"corsOptions\": {\r\n    \"allowedOrigins\": [\r\n      \"*\"\r\n    ]\r\n  },\r\n  \"suggesters\": [\r\n    {\r\n      \"name\": \"FancySuggester\",\r\n      \"sourceFields\": [\r\n        \"hotelName\"\r\n      ],\r\n      \"searchMode\": \"analyzingInfixMatching\"\r\n    }\r\n  ]\r\n}",
      "RequestHeaders": {
        "client-request-id": [
          "b1322355-194d-45d9-abfd-1a64107d78e8"
        ],
        "Accept-Language": [
          "en-US"
        ],
        "api-key": [
          "BC6BFC952B289539FCD59697BCFE0EA7"
        ],
        "User-Agent": [
          "FxVersion/4.6.28207.04",
          "OSName/Windows",
          "OSVersion/Microsoft.Windows.10.0.17763.",
          "Microsoft.Azure.Search.SearchServiceClient/10.1.0.0"
        ],
        "Content-Type": [
          "application/json; charset=utf-8"
        ],
        "Content-Length": [
          "7789"
        ]
      },
      "ResponseHeaders": {
        "Cache-Control": [
          "no-cache"
        ],
        "Pragma": [
          "no-cache"
        ],
        "ETag": [
          "W/\"0x8D79FB67B1D9BCD\""
        ],
        "Location": [
          "https://azs-5926.search-dogfood.windows-int.net/indexes('azsmnet9436')?api-version=2019-05-06"
        ],
        "request-id": [
          "b1322355-194d-45d9-abfd-1a64107d78e8"
        ],
        "elapsed-time": [
          "807"
        ],
        "OData-Version": [
          "4.0"
        ],
        "Preference-Applied": [
          "odata.include-annotations=\"*\""
        ],
        "Strict-Transport-Security": [
          "max-age=15724800; includeSubDomains"
        ],
        "Date": [
          "Thu, 23 Jan 2020 03:43:58 GMT"
        ],
        "Content-Type": [
          "application/json; odata.metadata=minimal"
        ],
        "Expires": [
          "-1"
        ],
        "Content-Length": [
          "6895"
        ]
      },
      "ResponseBody": "{\r\n  \"@odata.context\": \"https://azs-5926.search-dogfood.windows-int.net/$metadata#indexes/$entity\",\r\n  \"@odata.etag\": \"\\\"0x8D79FB67B1D9BCD\\\"\",\r\n  \"name\": \"azsmnet9436\",\r\n  \"defaultScoringProfile\": \"MyProfile\",\r\n  \"fields\": [\r\n    {\r\n      \"name\": \"hotelId\",\r\n      \"type\": \"Edm.String\",\r\n      \"searchable\": false,\r\n      \"filterable\": true,\r\n      \"retrievable\": true,\r\n      \"sortable\": true,\r\n      \"facetable\": true,\r\n      \"key\": true,\r\n      \"indexAnalyzer\": null,\r\n      \"searchAnalyzer\": null,\r\n      \"analyzer\": null,\r\n      \"synonymMaps\": []\r\n    },\r\n    {\r\n      \"name\": \"hotelName\",\r\n      \"type\": \"Edm.String\",\r\n      \"searchable\": true,\r\n      \"filterable\": true,\r\n      \"retrievable\": true,\r\n      \"sortable\": true,\r\n      \"facetable\": false,\r\n      \"key\": false,\r\n      \"indexAnalyzer\": null,\r\n      \"searchAnalyzer\": null,\r\n      \"analyzer\": null,\r\n      \"synonymMaps\": []\r\n    },\r\n    {\r\n      \"name\": \"description\",\r\n      \"type\": \"Edm.String\",\r\n      \"searchable\": true,\r\n      \"filterable\": false,\r\n      \"retrievable\": true,\r\n      \"sortable\": false,\r\n      \"facetable\": false,\r\n      \"key\": false,\r\n      \"indexAnalyzer\": null,\r\n      \"searchAnalyzer\": null,\r\n      \"analyzer\": \"en.lucene\",\r\n      \"synonymMaps\": []\r\n    },\r\n    {\r\n      \"name\": \"descriptionFr\",\r\n      \"type\": \"Edm.String\",\r\n      \"searchable\": true,\r\n      \"filterable\": false,\r\n      \"retrievable\": true,\r\n      \"sortable\": false,\r\n      \"facetable\": false,\r\n      \"key\": false,\r\n      \"indexAnalyzer\": null,\r\n      \"searchAnalyzer\": null,\r\n      \"analyzer\": \"fr.lucene\",\r\n      \"synonymMaps\": []\r\n    },\r\n    {\r\n      \"name\": \"description_custom\",\r\n      \"type\": \"Edm.String\",\r\n      \"searchable\": true,\r\n      \"filterable\": false,\r\n      \"retrievable\": true,\r\n      \"sortable\": false,\r\n      \"facetable\": false,\r\n      \"key\": false,\r\n      \"indexAnalyzer\": \"stop\",\r\n      \"searchAnalyzer\": \"stop\",\r\n      \"analyzer\": null,\r\n      \"synonymMaps\": []\r\n    },\r\n    {\r\n      \"name\": \"category\",\r\n      \"type\": \"Edm.String\",\r\n      \"searchable\": true,\r\n      \"filterable\": true,\r\n      \"retrievable\": true,\r\n      \"sortable\": true,\r\n      \"facetable\": true,\r\n      \"key\": false,\r\n      \"indexAnalyzer\": null,\r\n      \"searchAnalyzer\": null,\r\n      \"analyzer\": null,\r\n      \"synonymMaps\": []\r\n    },\r\n    {\r\n      \"name\": \"tags\",\r\n      \"type\": \"Collection(Edm.String)\",\r\n      \"searchable\": true,\r\n      \"filterable\": true,\r\n      \"retrievable\": true,\r\n      \"sortable\": false,\r\n      \"facetable\": true,\r\n      \"key\": false,\r\n      \"indexAnalyzer\": null,\r\n      \"searchAnalyzer\": null,\r\n      \"analyzer\": null,\r\n      \"synonymMaps\": []\r\n    },\r\n    {\r\n      \"name\": \"parkingIncluded\",\r\n      \"type\": \"Edm.Boolean\",\r\n      \"searchable\": false,\r\n      \"filterable\": true,\r\n      \"retrievable\": true,\r\n      \"sortable\": true,\r\n      \"facetable\": true,\r\n      \"key\": false,\r\n      \"indexAnalyzer\": null,\r\n      \"searchAnalyzer\": null,\r\n      \"analyzer\": null,\r\n      \"synonymMaps\": []\r\n    },\r\n    {\r\n      \"name\": \"smokingAllowed\",\r\n      \"type\": \"Edm.Boolean\",\r\n      \"searchable\": false,\r\n      \"filterable\": true,\r\n      \"retrievable\": true,\r\n      \"sortable\": true,\r\n      \"facetable\": true,\r\n      \"key\": false,\r\n      \"indexAnalyzer\": null,\r\n      \"searchAnalyzer\": null,\r\n      \"analyzer\": null,\r\n      \"synonymMaps\": []\r\n    },\r\n    {\r\n      \"name\": \"lastRenovationDate\",\r\n      \"type\": \"Edm.DateTimeOffset\",\r\n      \"searchable\": false,\r\n      \"filterable\": true,\r\n      \"retrievable\": true,\r\n      \"sortable\": true,\r\n      \"facetable\": true,\r\n      \"key\": false,\r\n      \"indexAnalyzer\": null,\r\n      \"searchAnalyzer\": null,\r\n      \"analyzer\": null,\r\n      \"synonymMaps\": []\r\n    },\r\n    {\r\n      \"name\": \"rating\",\r\n      \"type\": \"Edm.Int32\",\r\n      \"searchable\": false,\r\n      \"filterable\": true,\r\n      \"retrievable\": true,\r\n      \"sortable\": true,\r\n      \"facetable\": true,\r\n      \"key\": false,\r\n      \"indexAnalyzer\": null,\r\n      \"searchAnalyzer\": null,\r\n      \"analyzer\": null,\r\n      \"synonymMaps\": []\r\n    },\r\n    {\r\n      \"name\": \"address\",\r\n      \"type\": \"Edm.ComplexType\",\r\n      \"fields\": [\r\n        {\r\n          \"name\": \"streetAddress\",\r\n          \"type\": \"Edm.String\",\r\n          \"searchable\": true,\r\n          \"filterable\": false,\r\n          \"retrievable\": true,\r\n          \"sortable\": false,\r\n          \"facetable\": false,\r\n          \"key\": false,\r\n          \"indexAnalyzer\": null,\r\n          \"searchAnalyzer\": null,\r\n          \"analyzer\": null,\r\n          \"synonymMaps\": []\r\n        },\r\n        {\r\n          \"name\": \"city\",\r\n          \"type\": \"Edm.String\",\r\n          \"searchable\": true,\r\n          \"filterable\": true,\r\n          \"retrievable\": true,\r\n          \"sortable\": true,\r\n          \"facetable\": true,\r\n          \"key\": false,\r\n          \"indexAnalyzer\": null,\r\n          \"searchAnalyzer\": null,\r\n          \"analyzer\": null,\r\n          \"synonymMaps\": []\r\n        },\r\n        {\r\n          \"name\": \"stateProvince\",\r\n          \"type\": \"Edm.String\",\r\n          \"searchable\": true,\r\n          \"filterable\": true,\r\n          \"retrievable\": true,\r\n          \"sortable\": true,\r\n          \"facetable\": true,\r\n          \"key\": false,\r\n          \"indexAnalyzer\": null,\r\n          \"searchAnalyzer\": null,\r\n          \"analyzer\": null,\r\n          \"synonymMaps\": []\r\n        },\r\n        {\r\n          \"name\": \"country\",\r\n          \"type\": \"Edm.String\",\r\n          \"searchable\": true,\r\n          \"filterable\": true,\r\n          \"retrievable\": true,\r\n          \"sortable\": true,\r\n          \"facetable\": true,\r\n          \"key\": false,\r\n          \"indexAnalyzer\": null,\r\n          \"searchAnalyzer\": null,\r\n          \"analyzer\": null,\r\n          \"synonymMaps\": []\r\n        },\r\n        {\r\n          \"name\": \"postalCode\",\r\n          \"type\": \"Edm.String\",\r\n          \"searchable\": true,\r\n          \"filterable\": true,\r\n          \"retrievable\": true,\r\n          \"sortable\": true,\r\n          \"facetable\": true,\r\n          \"key\": false,\r\n          \"indexAnalyzer\": null,\r\n          \"searchAnalyzer\": null,\r\n          \"analyzer\": null,\r\n          \"synonymMaps\": []\r\n        }\r\n      ]\r\n    },\r\n    {\r\n      \"name\": \"location\",\r\n      \"type\": \"Edm.GeographyPoint\",\r\n      \"searchable\": false,\r\n      \"filterable\": true,\r\n      \"retrievable\": true,\r\n      \"sortable\": true,\r\n      \"facetable\": false,\r\n      \"key\": false,\r\n      \"indexAnalyzer\": null,\r\n      \"searchAnalyzer\": null,\r\n      \"analyzer\": null,\r\n      \"synonymMaps\": []\r\n    },\r\n    {\r\n      \"name\": \"rooms\",\r\n      \"type\": \"Collection(Edm.ComplexType)\",\r\n      \"fields\": [\r\n        {\r\n          \"name\": \"description\",\r\n          \"type\": \"Edm.String\",\r\n          \"searchable\": true,\r\n          \"filterable\": false,\r\n          \"retrievable\": true,\r\n          \"sortable\": false,\r\n          \"facetable\": false,\r\n          \"key\": false,\r\n          \"indexAnalyzer\": null,\r\n          \"searchAnalyzer\": null,\r\n          \"analyzer\": \"en.lucene\",\r\n          \"synonymMaps\": []\r\n        },\r\n        {\r\n          \"name\": \"descriptionFr\",\r\n          \"type\": \"Edm.String\",\r\n          \"searchable\": true,\r\n          \"filterable\": false,\r\n          \"retrievable\": true,\r\n          \"sortable\": false,\r\n          \"facetable\": false,\r\n          \"key\": false,\r\n          \"indexAnalyzer\": null,\r\n          \"searchAnalyzer\": null,\r\n          \"analyzer\": \"fr.lucene\",\r\n          \"synonymMaps\": []\r\n        },\r\n        {\r\n          \"name\": \"type\",\r\n          \"type\": \"Edm.String\",\r\n          \"searchable\": true,\r\n          \"filterable\": true,\r\n          \"retrievable\": true,\r\n          \"sortable\": false,\r\n          \"facetable\": true,\r\n          \"key\": false,\r\n          \"indexAnalyzer\": null,\r\n          \"searchAnalyzer\": null,\r\n          \"analyzer\": null,\r\n          \"synonymMaps\": []\r\n        },\r\n        {\r\n          \"name\": \"baseRate\",\r\n          \"type\": \"Edm.Double\",\r\n          \"searchable\": false,\r\n          \"filterable\": true,\r\n          \"retrievable\": true,\r\n          \"sortable\": false,\r\n          \"facetable\": true,\r\n          \"key\": false,\r\n          \"indexAnalyzer\": null,\r\n          \"searchAnalyzer\": null,\r\n          \"analyzer\": null,\r\n          \"synonymMaps\": []\r\n        },\r\n        {\r\n          \"name\": \"bedOptions\",\r\n          \"type\": \"Edm.String\",\r\n          \"searchable\": true,\r\n          \"filterable\": true,\r\n          \"retrievable\": true,\r\n          \"sortable\": false,\r\n          \"facetable\": true,\r\n          \"key\": false,\r\n          \"indexAnalyzer\": null,\r\n          \"searchAnalyzer\": null,\r\n          \"analyzer\": null,\r\n          \"synonymMaps\": []\r\n        },\r\n        {\r\n          \"name\": \"sleepsCount\",\r\n          \"type\": \"Edm.Int32\",\r\n          \"searchable\": false,\r\n          \"filterable\": true,\r\n          \"retrievable\": true,\r\n          \"sortable\": false,\r\n          \"facetable\": true,\r\n          \"key\": false,\r\n          \"indexAnalyzer\": null,\r\n          \"searchAnalyzer\": null,\r\n          \"analyzer\": null,\r\n          \"synonymMaps\": []\r\n        },\r\n        {\r\n          \"name\": \"smokingAllowed\",\r\n          \"type\": \"Edm.Boolean\",\r\n          \"searchable\": false,\r\n          \"filterable\": true,\r\n          \"retrievable\": true,\r\n          \"sortable\": false,\r\n          \"facetable\": true,\r\n          \"key\": false,\r\n          \"indexAnalyzer\": null,\r\n          \"searchAnalyzer\": null,\r\n          \"analyzer\": null,\r\n          \"synonymMaps\": []\r\n        },\r\n        {\r\n          \"name\": \"tags\",\r\n          \"type\": \"Collection(Edm.String)\",\r\n          \"searchable\": true,\r\n          \"filterable\": true,\r\n          \"retrievable\": true,\r\n          \"sortable\": false,\r\n          \"facetable\": true,\r\n          \"key\": false,\r\n          \"indexAnalyzer\": null,\r\n          \"searchAnalyzer\": null,\r\n          \"analyzer\": null,\r\n          \"synonymMaps\": []\r\n        }\r\n      ]\r\n    },\r\n    {\r\n      \"name\": \"totalGuests\",\r\n      \"type\": \"Edm.Int64\",\r\n      \"searchable\": false,\r\n      \"filterable\": true,\r\n      \"retrievable\": false,\r\n      \"sortable\": true,\r\n      \"facetable\": true,\r\n      \"key\": false,\r\n      \"indexAnalyzer\": null,\r\n      \"searchAnalyzer\": null,\r\n      \"analyzer\": null,\r\n      \"synonymMaps\": []\r\n    },\r\n    {\r\n      \"name\": \"profitMargin\",\r\n      \"type\": \"Edm.Double\",\r\n      \"searchable\": false,\r\n      \"filterable\": false,\r\n      \"retrievable\": true,\r\n      \"sortable\": false,\r\n      \"facetable\": false,\r\n      \"key\": false,\r\n      \"indexAnalyzer\": null,\r\n      \"searchAnalyzer\": null,\r\n      \"analyzer\": null,\r\n      \"synonymMaps\": []\r\n    }\r\n  ],\r\n  \"scoringProfiles\": [\r\n    {\r\n      \"name\": \"MyProfile\",\r\n      \"functionAggregation\": \"sum\",\r\n      \"text\": null,\r\n      \"functions\": [\r\n        {\r\n          \"fieldName\": \"rating\",\r\n          \"interpolation\": \"linear\",\r\n          \"type\": \"magnitude\",\r\n          \"boost\": 2.0,\r\n          \"freshness\": null,\r\n          \"magnitude\": {\r\n            \"boostingRangeStart\": 1.0,\r\n            \"boostingRangeEnd\": 4.0,\r\n            \"constantBoostBeyondRange\": false\r\n          },\r\n          \"distance\": null,\r\n          \"tag\": null\r\n        }\r\n      ]\r\n    }\r\n  ],\r\n  \"corsOptions\": {\r\n    \"allowedOrigins\": [\r\n      \"*\"\r\n    ],\r\n    \"maxAgeInSeconds\": null\r\n  },\r\n  \"suggesters\": [\r\n    {\r\n      \"name\": \"FancySuggester\",\r\n      \"searchMode\": \"analyzingInfixMatching\",\r\n      \"sourceFields\": [\r\n        \"hotelName\"\r\n      ]\r\n    }\r\n  ],\r\n  \"analyzers\": [],\r\n  \"tokenizers\": [],\r\n  \"tokenFilters\": [],\r\n  \"charFilters\": [],\r\n  \"encryptionKey\": null\r\n}",
      "StatusCode": 201
    },
    {
      "RequestUri": "/subscriptions/3c729b2a-4f86-4bb2-abe8-4b8647af156c/resourceGroups/azsmnet1849/providers/Microsoft.Search/searchServices/azs-5926?api-version=2019-10-01-preview",
      "EncodedRequestUri": "L3N1YnNjcmlwdGlvbnMvM2M3MjliMmEtNGY4Ni00YmIyLWFiZTgtNGI4NjQ3YWYxNTZjL3Jlc291cmNlR3JvdXBzL2F6c21uZXQxODQ5L3Byb3ZpZGVycy9NaWNyb3NvZnQuU2VhcmNoL3NlYXJjaFNlcnZpY2VzL2F6cy01OTI2P2FwaS12ZXJzaW9uPTIwMTktMTAtMDEtcHJldmlldw==",
      "RequestMethod": "DELETE",
      "RequestBody": "",
      "RequestHeaders": {
        "x-ms-client-request-id": [
          "ca69cb78-16e1-40eb-b9cb-b3eceb86a0a7"
        ],
        "Accept-Language": [
          "en-US"
        ],
        "User-Agent": [
          "FxVersion/4.6.28207.04",
          "OSName/Windows",
          "OSVersion/Microsoft.Windows.10.0.17763.",
          "Microsoft.Azure.Management.Search.SearchManagementClient/3.0.0.0"
        ]
      },
      "ResponseHeaders": {
        "Cache-Control": [
          "no-cache"
        ],
        "Pragma": [
          "no-cache"
        ],
        "x-ms-request-id": [
          "ca69cb78-16e1-40eb-b9cb-b3eceb86a0a7"
        ],
        "request-id": [
          "ca69cb78-16e1-40eb-b9cb-b3eceb86a0a7"
        ],
        "elapsed-time": [
          "1407"
        ],
        "Strict-Transport-Security": [
          "max-age=31536000; includeSubDomains"
        ],
        "x-ms-ratelimit-remaining-subscription-deletes": [
          "14986"
        ],
        "x-ms-correlation-request-id": [
          "4b25fe3d-ee7e-49b2-99ba-9a88e28e2137"
        ],
        "x-ms-routing-request-id": [
          "NORTHEUROPE:20200123T034403Z:4b25fe3d-ee7e-49b2-99ba-9a88e28e2137"
        ],
        "X-Content-Type-Options": [
          "nosniff"
        ],
        "Date": [
          "Thu, 23 Jan 2020 03:44:03 GMT"
        ],
        "Expires": [
          "-1"
        ],
        "Content-Length": [
          "0"
        ]
      },
      "ResponseBody": "",
      "StatusCode": 200
    }
  ],
  "Names": {
    "GenerateName": [
      "azsmnet1849",
      "azsmnet9436"
    ],
    "GenerateServiceName": [
      "azs-5926"
    ]
  },
  "Variables": {
    "SubscriptionId": "3c729b2a-4f86-4bb2-abe8-4b8647af156c"
  }
}