{
  "Entries": [
    {
      "RequestUri": "/subscriptions/3c729b2a-4f86-4bb2-abe8-4b8647af156c/providers/Microsoft.Search/register?api-version=2016-09-01",
      "EncodedRequestUri": "L3N1YnNjcmlwdGlvbnMvM2M3MjliMmEtNGY4Ni00YmIyLWFiZTgtNGI4NjQ3YWYxNTZjL3Byb3ZpZGVycy9NaWNyb3NvZnQuU2VhcmNoL3JlZ2lzdGVyP2FwaS12ZXJzaW9uPTIwMTYtMDktMDE=",
      "RequestMethod": "POST",
      "RequestBody": "",
      "RequestHeaders": {
        "x-ms-client-request-id": [
          "7054925d-312a-452d-b669-dcff7701901f"
        ],
        "accept-language": [
          "en-US"
        ],
        "User-Agent": [
          "FxVersion/4.8.4018.0",
          "OSName/Windows",
          "OSVersion/10.0.18362.0",
          "Microsoft.Azure.Management.ResourceManager.ResourceManagementClient/1.5.0.0"
        ]
      },
      "ResponseHeaders": {
        "Pragma": [
          "no-cache"
        ],
        "x-ms-ratelimit-remaining-subscription-writes": [
          "1197"
        ],
        "x-ms-request-id": [
          "954b5fa1-fc4b-4672-b9fa-c73a94829108"
        ],
        "x-ms-correlation-request-id": [
          "954b5fa1-fc4b-4672-b9fa-c73a94829108"
        ],
        "x-ms-routing-request-id": [
          "NORTHEUROPE:20191028T195337Z:954b5fa1-fc4b-4672-b9fa-c73a94829108"
        ],
        "Strict-Transport-Security": [
          "max-age=31536000; includeSubDomains"
        ],
        "X-Content-Type-Options": [
          "nosniff"
        ],
        "Cache-Control": [
          "no-cache"
        ],
        "Date": [
          "Mon, 28 Oct 2019 19:53:37 GMT"
        ],
        "Content-Length": [
          "2708"
        ],
        "Content-Type": [
          "application/json; charset=utf-8"
        ],
        "Expires": [
          "-1"
        ]
      },
      "ResponseBody": "{\r\n  \"id\": \"/subscriptions/3c729b2a-4f86-4bb2-abe8-4b8647af156c/providers/Microsoft.Search\",\r\n  \"namespace\": \"Microsoft.Search\",\r\n  \"authorization\": {\r\n    \"applicationId\": \"804f4a7a-7d6e-4df7-bf8c-e7f0106e16c2\",\r\n    \"roleDefinitionId\": \"20FA3191-87CF-4C3D-9510-74CCB594A310\"\r\n  },\r\n  \"resourceTypes\": [\r\n    {\r\n      \"resourceType\": \"searchServices\",\r\n      \"locations\": [\r\n        \"West US\",\r\n        \"East US\"\r\n      ],\r\n      \"apiVersions\": [\r\n        \"2015-08-19\",\r\n        \"2015-02-28\",\r\n        \"2014-07-31-Preview\"\r\n      ],\r\n      \"capabilities\": \"CrossResourceGroupResourceMove, CrossSubscriptionResourceMove, SystemAssignedResourceIdentity\"\r\n    },\r\n    {\r\n      \"resourceType\": \"searchServicesCit\",\r\n      \"locations\": [\r\n        \"West US\"\r\n      ],\r\n      \"apiVersions\": [\r\n        \"2015-08-19\",\r\n        \"2015-02-28\",\r\n        \"2014-07-31-Preview\"\r\n      ],\r\n      \"capabilities\": \"CrossResourceGroupResourceMove, CrossSubscriptionResourceMove, SystemAssignedResourceIdentity\"\r\n    },\r\n    {\r\n      \"resourceType\": \"searchServicesSisatti1\",\r\n      \"locations\": [\r\n        \"East US\"\r\n      ],\r\n      \"apiVersions\": [\r\n        \"2015-08-19\",\r\n        \"2015-02-28\",\r\n        \"2014-07-31-Preview\"\r\n      ],\r\n      \"capabilities\": \"CrossResourceGroupResourceMove, CrossSubscriptionResourceMove, SystemAssignedResourceIdentity\"\r\n    },\r\n    {\r\n      \"resourceType\": \"searchServicesTHHILL\",\r\n      \"locations\": [\r\n        \"East US\"\r\n      ],\r\n      \"apiVersions\": [\r\n        \"2015-08-19\",\r\n        \"2015-02-28\",\r\n        \"2014-07-31-Preview\"\r\n      ],\r\n      \"capabilities\": \"CrossResourceGroupResourceMove, CrossSubscriptionResourceMove, SystemAssignedResourceIdentity\"\r\n    },\r\n    {\r\n      \"resourceType\": \"searchServicesInt\",\r\n      \"locations\": [\r\n        \"West US\"\r\n      ],\r\n      \"apiVersions\": [\r\n        \"2015-08-19\",\r\n        \"2015-02-28\",\r\n        \"2014-07-31-Preview\"\r\n      ],\r\n      \"capabilities\": \"CrossResourceGroupResourceMove, CrossSubscriptionResourceMove, SystemAssignedResourceIdentity\"\r\n    },\r\n    {\r\n      \"resourceType\": \"searchServicesPpe\",\r\n      \"locations\": [\r\n        \"West US\"\r\n      ],\r\n      \"apiVersions\": [\r\n        \"2015-08-19\",\r\n        \"2015-02-28\",\r\n        \"2014-07-31-Preview\"\r\n      ],\r\n      \"capabilities\": \"CrossResourceGroupResourceMove, CrossSubscriptionResourceMove, SystemAssignedResourceIdentity\"\r\n    },\r\n    {\r\n      \"resourceType\": \"checkServiceNameAvailability\",\r\n      \"locations\": [],\r\n      \"apiVersions\": [\r\n        \"2015-02-28\",\r\n        \"2014-07-31-Preview\"\r\n      ]\r\n    },\r\n    {\r\n      \"resourceType\": \"checkServiceNameAvailabilityCit\",\r\n      \"locations\": [],\r\n      \"apiVersions\": [\r\n        \"2015-02-28\",\r\n        \"2014-07-31-Preview\"\r\n      ]\r\n    },\r\n    {\r\n      \"resourceType\": \"checkServiceNameAvailabilityInt\",\r\n      \"locations\": [],\r\n      \"apiVersions\": [\r\n        \"2015-02-28\",\r\n        \"2014-07-31-Preview\"\r\n      ]\r\n    },\r\n    {\r\n      \"resourceType\": \"checkServiceNameAvailabilityPpe\",\r\n      \"locations\": [],\r\n      \"apiVersions\": [\r\n        \"2015-02-28\",\r\n        \"2014-07-31-Preview\"\r\n      ]\r\n    },\r\n    {\r\n      \"resourceType\": \"checkNameAvailability\",\r\n      \"locations\": [],\r\n      \"apiVersions\": [\r\n        \"2015-08-19\"\r\n      ]\r\n    },\r\n    {\r\n      \"resourceType\": \"checkNameAvailabilityCit\",\r\n      \"locations\": [],\r\n      \"apiVersions\": [\r\n        \"2015-08-19\"\r\n      ]\r\n    },\r\n    {\r\n      \"resourceType\": \"checkNameAvailabilityInt\",\r\n      \"locations\": [],\r\n      \"apiVersions\": [\r\n        \"2015-08-19\"\r\n      ]\r\n    },\r\n    {\r\n      \"resourceType\": \"checkNameAvailabilityPpe\",\r\n      \"locations\": [],\r\n      \"apiVersions\": [\r\n        \"2015-08-19\"\r\n      ]\r\n    },\r\n    {\r\n      \"resourceType\": \"resourceHealthMetadata\",\r\n      \"locations\": [],\r\n      \"apiVersions\": [\r\n        \"2015-08-19\"\r\n      ]\r\n    },\r\n    {\r\n      \"resourceType\": \"operations\",\r\n      \"locations\": [],\r\n      \"apiVersions\": [\r\n        \"2015-08-19\",\r\n        \"2015-02-28\"\r\n      ]\r\n    }\r\n  ],\r\n  \"registrationState\": \"Registered\"\r\n}",
      "StatusCode": 200
    },
    {
      "RequestUri": "/subscriptions/3c729b2a-4f86-4bb2-abe8-4b8647af156c/resourcegroups/azsmnet3360?api-version=2016-09-01",
      "EncodedRequestUri": "L3N1YnNjcmlwdGlvbnMvM2M3MjliMmEtNGY4Ni00YmIyLWFiZTgtNGI4NjQ3YWYxNTZjL3Jlc291cmNlZ3JvdXBzL2F6c21uZXQzMzYwP2FwaS12ZXJzaW9uPTIwMTYtMDktMDE=",
      "RequestMethod": "PUT",
      "RequestBody": "{\r\n  \"location\": \"West US\"\r\n}",
      "RequestHeaders": {
        "x-ms-client-request-id": [
          "64a247ac-68e8-484b-b045-e20219458a4f"
        ],
        "accept-language": [
          "en-US"
        ],
        "User-Agent": [
          "FxVersion/4.8.4018.0",
          "OSName/Windows",
          "OSVersion/10.0.18362.0",
          "Microsoft.Azure.Management.ResourceManager.ResourceManagementClient/1.5.0.0"
        ],
        "Content-Type": [
          "application/json; charset=utf-8"
        ],
        "Content-Length": [
          "29"
        ]
      },
      "ResponseHeaders": {
        "Pragma": [
          "no-cache"
        ],
        "x-ms-ratelimit-remaining-subscription-writes": [
          "1197"
        ],
        "x-ms-request-id": [
          "3a3191e5-bc24-492b-988b-e291f191c230"
        ],
        "x-ms-correlation-request-id": [
          "3a3191e5-bc24-492b-988b-e291f191c230"
        ],
        "x-ms-routing-request-id": [
          "NORTHEUROPE:20191028T195339Z:3a3191e5-bc24-492b-988b-e291f191c230"
        ],
        "Strict-Transport-Security": [
          "max-age=31536000; includeSubDomains"
        ],
        "X-Content-Type-Options": [
          "nosniff"
        ],
        "Cache-Control": [
          "no-cache"
        ],
        "Date": [
          "Mon, 28 Oct 2019 19:53:39 GMT"
        ],
        "Content-Length": [
          "175"
        ],
        "Content-Type": [
          "application/json; charset=utf-8"
        ],
        "Expires": [
          "-1"
        ]
      },
      "ResponseBody": "{\r\n  \"id\": \"/subscriptions/3c729b2a-4f86-4bb2-abe8-4b8647af156c/resourceGroups/azsmnet3360\",\r\n  \"name\": \"azsmnet3360\",\r\n  \"location\": \"westus\",\r\n  \"properties\": {\r\n    \"provisioningState\": \"Succeeded\"\r\n  }\r\n}",
      "StatusCode": 201
    },
    {
      "RequestUri": "/subscriptions/3c729b2a-4f86-4bb2-abe8-4b8647af156c/resourceGroups/azsmnet3360/providers/Microsoft.Search/searchServices/azs-7171?api-version=2015-08-19",
      "EncodedRequestUri": "L3N1YnNjcmlwdGlvbnMvM2M3MjliMmEtNGY4Ni00YmIyLWFiZTgtNGI4NjQ3YWYxNTZjL3Jlc291cmNlR3JvdXBzL2F6c21uZXQzMzYwL3Byb3ZpZGVycy9NaWNyb3NvZnQuU2VhcmNoL3NlYXJjaFNlcnZpY2VzL2F6cy03MTcxP2FwaS12ZXJzaW9uPTIwMTUtMDgtMTk=",
      "RequestMethod": "PUT",
      "RequestBody": "{\r\n  \"sku\": {\r\n    \"name\": \"free\"\r\n  },\r\n  \"location\": \"West US\"\r\n}",
      "RequestHeaders": {
        "x-ms-client-request-id": [
          "06c28a15-27d4-4425-af3e-87c488f2ccd7"
        ],
        "accept-language": [
          "en-US"
        ],
        "User-Agent": [
          "FxVersion/4.8.4018.0",
          "OSName/Windows",
          "OSVersion/10.0.18362.0",
          "Microsoft.Azure.Management.Search.SearchManagementClient/3.0.0.0"
        ],
        "Content-Type": [
          "application/json; charset=utf-8"
        ],
        "Content-Length": [
          "67"
        ]
      },
      "ResponseHeaders": {
        "Pragma": [
          "no-cache"
        ],
        "x-ms-request-id": [
          "06c28a15-27d4-4425-af3e-87c488f2ccd7"
        ],
        "request-id": [
          "06c28a15-27d4-4425-af3e-87c488f2ccd7"
        ],
        "elapsed-time": [
          "2576"
        ],
        "Strict-Transport-Security": [
          "max-age=31536000; includeSubDomains"
        ],
        "x-ms-ratelimit-remaining-subscription-writes": [
          "1195"
        ],
        "x-ms-correlation-request-id": [
          "bc5ea7b1-6e5b-43bc-9b93-fc53ebcb9a93"
        ],
        "x-ms-routing-request-id": [
          "NORTHEUROPE:20191028T195345Z:bc5ea7b1-6e5b-43bc-9b93-fc53ebcb9a93"
        ],
        "X-Content-Type-Options": [
          "nosniff"
        ],
        "Cache-Control": [
          "no-cache"
        ],
        "Date": [
          "Mon, 28 Oct 2019 19:53:44 GMT"
        ],
        "ETag": [
          "W/\"datetime'2019-10-28T19%3A53%3A44.6291925Z'\""
        ],
        "Content-Length": [
          "385"
        ],
        "Content-Type": [
          "application/json; charset=utf-8"
        ],
        "Expires": [
          "-1"
        ]
      },
      "ResponseBody": "{\r\n  \"id\": \"/subscriptions/3c729b2a-4f86-4bb2-abe8-4b8647af156c/resourceGroups/azsmnet3360/providers/Microsoft.Search/searchServices/azs-7171\",\r\n  \"name\": \"azs-7171\",\r\n  \"type\": \"Microsoft.Search/searchServices\",\r\n  \"location\": \"West US\",\r\n  \"properties\": {\r\n    \"replicaCount\": 1,\r\n    \"partitionCount\": 1,\r\n    \"status\": \"running\",\r\n    \"statusDetails\": \"\",\r\n    \"provisioningState\": \"succeeded\",\r\n    \"hostingMode\": \"Default\"\r\n  },\r\n  \"sku\": {\r\n    \"name\": \"free\"\r\n  }\r\n}",
      "StatusCode": 201
    },
    {
      "RequestUri": "/subscriptions/3c729b2a-4f86-4bb2-abe8-4b8647af156c/resourceGroups/azsmnet3360/providers/Microsoft.Search/searchServices/azs-7171/listAdminKeys?api-version=2015-08-19",
      "EncodedRequestUri": "L3N1YnNjcmlwdGlvbnMvM2M3MjliMmEtNGY4Ni00YmIyLWFiZTgtNGI4NjQ3YWYxNTZjL3Jlc291cmNlR3JvdXBzL2F6c21uZXQzMzYwL3Byb3ZpZGVycy9NaWNyb3NvZnQuU2VhcmNoL3NlYXJjaFNlcnZpY2VzL2F6cy03MTcxL2xpc3RBZG1pbktleXM/YXBpLXZlcnNpb249MjAxNS0wOC0xOQ==",
      "RequestMethod": "POST",
      "RequestBody": "",
      "RequestHeaders": {
        "x-ms-client-request-id": [
          "1e93408e-26d7-4f44-92f5-d3086ea40536"
        ],
        "accept-language": [
          "en-US"
        ],
        "User-Agent": [
          "FxVersion/4.8.4018.0",
          "OSName/Windows",
          "OSVersion/10.0.18362.0",
          "Microsoft.Azure.Management.Search.SearchManagementClient/3.0.0.0"
        ]
      },
      "ResponseHeaders": {
        "Pragma": [
          "no-cache"
        ],
        "Vary": [
          "Accept-Encoding"
        ],
        "x-ms-request-id": [
          "1e93408e-26d7-4f44-92f5-d3086ea40536"
        ],
        "request-id": [
          "1e93408e-26d7-4f44-92f5-d3086ea40536"
        ],
        "elapsed-time": [
          "260"
        ],
        "Strict-Transport-Security": [
          "max-age=31536000; includeSubDomains"
        ],
        "x-ms-ratelimit-remaining-subscription-writes": [
          "1195"
        ],
        "x-ms-correlation-request-id": [
          "9079e891-993d-48e7-a839-c02d53ef0d73"
        ],
        "x-ms-routing-request-id": [
          "NORTHEUROPE:20191028T195347Z:9079e891-993d-48e7-a839-c02d53ef0d73"
        ],
        "X-Content-Type-Options": [
          "nosniff"
        ],
        "Cache-Control": [
          "no-cache"
        ],
        "Date": [
          "Mon, 28 Oct 2019 19:53:47 GMT"
        ],
        "Content-Length": [
          "99"
        ],
        "Content-Type": [
          "application/json; charset=utf-8"
        ],
        "Expires": [
          "-1"
        ]
      },
      "ResponseBody": "{\r\n  \"primaryKey\": \"6BAE963B2725DF10AA771F3D5190EA68\",\r\n  \"secondaryKey\": \"446421C8D87478189A9CD5325F00CCB9\"\r\n}",
      "StatusCode": 200
    },
    {
      "RequestUri": "/subscriptions/3c729b2a-4f86-4bb2-abe8-4b8647af156c/resourceGroups/azsmnet3360/providers/Microsoft.Search/searchServices/azs-7171/listQueryKeys?api-version=2015-08-19",
      "EncodedRequestUri": "L3N1YnNjcmlwdGlvbnMvM2M3MjliMmEtNGY4Ni00YmIyLWFiZTgtNGI4NjQ3YWYxNTZjL3Jlc291cmNlR3JvdXBzL2F6c21uZXQzMzYwL3Byb3ZpZGVycy9NaWNyb3NvZnQuU2VhcmNoL3NlYXJjaFNlcnZpY2VzL2F6cy03MTcxL2xpc3RRdWVyeUtleXM/YXBpLXZlcnNpb249MjAxNS0wOC0xOQ==",
      "RequestMethod": "GET",
      "RequestBody": "",
      "RequestHeaders": {
        "x-ms-client-request-id": [
          "e8566d7e-c70f-4863-97f5-31f261ff25d4"
        ],
        "accept-language": [
          "en-US"
        ],
        "User-Agent": [
          "FxVersion/4.8.4018.0",
          "OSName/Windows",
          "OSVersion/10.0.18362.0",
          "Microsoft.Azure.Management.Search.SearchManagementClient/3.0.0.0"
        ]
      },
      "ResponseHeaders": {
        "Pragma": [
          "no-cache"
        ],
        "Vary": [
          "Accept-Encoding"
        ],
        "x-ms-request-id": [
          "e8566d7e-c70f-4863-97f5-31f261ff25d4"
        ],
        "request-id": [
          "e8566d7e-c70f-4863-97f5-31f261ff25d4"
        ],
        "elapsed-time": [
          "313"
        ],
        "Strict-Transport-Security": [
          "max-age=31536000; includeSubDomains"
        ],
        "x-ms-ratelimit-remaining-subscription-reads": [
          "14982"
        ],
        "x-ms-correlation-request-id": [
          "1cccb695-0e6e-45bc-96a6-c7bf34ec1c8f"
        ],
        "x-ms-routing-request-id": [
          "NORTHEUROPE:20191028T195348Z:1cccb695-0e6e-45bc-96a6-c7bf34ec1c8f"
        ],
        "X-Content-Type-Options": [
          "nosniff"
        ],
        "Cache-Control": [
          "no-cache"
        ],
        "Date": [
          "Mon, 28 Oct 2019 19:53:48 GMT"
        ],
        "Content-Length": [
          "82"
        ],
        "Content-Type": [
          "application/json; charset=utf-8"
        ],
        "Expires": [
          "-1"
        ]
      },
      "ResponseBody": "{\r\n  \"value\": [\r\n    {\r\n      \"name\": null,\r\n      \"key\": \"692DABA6B94AC736B1A012E722E0AB68\"\r\n    }\r\n  ],\r\n  \"nextLink\": null\r\n}",
      "StatusCode": 200
    },
    {
      "RequestUri": "/indexes('azsmnet4485')?api-version=2019-05-06-Preview",
      "EncodedRequestUri": "L2luZGV4ZXMoJ2F6c21uZXQ0NDg1Jyk/YXBpLXZlcnNpb249MjAxOS0wNS0wNi1QcmV2aWV3",
      "RequestMethod": "PUT",
      "RequestBody": "{\r\n  \"name\": \"azsmnet4485\",\r\n  \"fields\": [\r\n    {\r\n      \"name\": \"hotelId\",\r\n      \"type\": \"Edm.String\",\r\n      \"key\": true,\r\n      \"retrievable\": true,\r\n      \"searchable\": false,\r\n      \"filterable\": true,\r\n      \"sortable\": true,\r\n      \"facetable\": true\r\n    },\r\n    {\r\n      \"name\": \"hotelName\",\r\n      \"type\": \"Edm.String\",\r\n      \"key\": false,\r\n      \"retrievable\": true,\r\n      \"searchable\": true,\r\n      \"filterable\": true,\r\n      \"sortable\": true,\r\n      \"facetable\": false\r\n    },\r\n    {\r\n      \"name\": \"description\",\r\n      \"type\": \"Edm.String\",\r\n      \"key\": false,\r\n      \"retrievable\": true,\r\n      \"searchable\": true,\r\n      \"filterable\": false,\r\n      \"sortable\": false,\r\n      \"facetable\": false,\r\n      \"analyzer\": \"en.lucene\"\r\n    },\r\n    {\r\n      \"name\": \"descriptionFr\",\r\n      \"type\": \"Edm.String\",\r\n      \"key\": false,\r\n      \"retrievable\": true,\r\n      \"searchable\": true,\r\n      \"filterable\": false,\r\n      \"sortable\": false,\r\n      \"facetable\": false,\r\n      \"analyzer\": \"fr.lucene\"\r\n    },\r\n    {\r\n      \"name\": \"description_custom\",\r\n      \"type\": \"Edm.String\",\r\n      \"key\": false,\r\n      \"retrievable\": true,\r\n      \"searchable\": true,\r\n      \"filterable\": false,\r\n      \"sortable\": false,\r\n      \"facetable\": false,\r\n      \"searchAnalyzer\": \"stop\",\r\n      \"indexAnalyzer\": \"stop\"\r\n    },\r\n    {\r\n      \"name\": \"category\",\r\n      \"type\": \"Edm.String\",\r\n      \"key\": false,\r\n      \"retrievable\": true,\r\n      \"searchable\": true,\r\n      \"filterable\": true,\r\n      \"sortable\": true,\r\n      \"facetable\": true\r\n    },\r\n    {\r\n      \"name\": \"tags\",\r\n      \"type\": \"Collection(Edm.String)\",\r\n      \"key\": false,\r\n      \"retrievable\": true,\r\n      \"searchable\": true,\r\n      \"filterable\": true,\r\n      \"sortable\": false,\r\n      \"facetable\": true\r\n    },\r\n    {\r\n      \"name\": \"parkingIncluded\",\r\n      \"type\": \"Edm.Boolean\",\r\n      \"key\": false,\r\n      \"retrievable\": true,\r\n      \"searchable\": false,\r\n      \"filterable\": true,\r\n      \"sortable\": true,\r\n      \"facetable\": true\r\n    },\r\n    {\r\n      \"name\": \"smokingAllowed\",\r\n      \"type\": \"Edm.Boolean\",\r\n      \"key\": false,\r\n      \"retrievable\": true,\r\n      \"searchable\": false,\r\n      \"filterable\": true,\r\n      \"sortable\": true,\r\n      \"facetable\": true\r\n    },\r\n    {\r\n      \"name\": \"lastRenovationDate\",\r\n      \"type\": \"Edm.DateTimeOffset\",\r\n      \"key\": false,\r\n      \"retrievable\": true,\r\n      \"searchable\": false,\r\n      \"filterable\": true,\r\n      \"sortable\": true,\r\n      \"facetable\": true\r\n    },\r\n    {\r\n      \"name\": \"rating\",\r\n      \"type\": \"Edm.Int32\",\r\n      \"key\": false,\r\n      \"retrievable\": true,\r\n      \"searchable\": false,\r\n      \"filterable\": true,\r\n      \"sortable\": true,\r\n      \"facetable\": true\r\n    },\r\n    {\r\n      \"name\": \"address\",\r\n      \"type\": \"Edm.ComplexType\",\r\n      \"fields\": [\r\n        {\r\n          \"name\": \"streetAddress\",\r\n          \"type\": \"Edm.String\",\r\n          \"key\": false,\r\n          \"retrievable\": true,\r\n          \"searchable\": true,\r\n          \"filterable\": false,\r\n          \"sortable\": false,\r\n          \"facetable\": false\r\n        },\r\n        {\r\n          \"name\": \"city\",\r\n          \"type\": \"Edm.String\",\r\n          \"key\": false,\r\n          \"retrievable\": true,\r\n          \"searchable\": true,\r\n          \"filterable\": true,\r\n          \"sortable\": true,\r\n          \"facetable\": true\r\n        },\r\n        {\r\n          \"name\": \"stateProvince\",\r\n          \"type\": \"Edm.String\",\r\n          \"key\": false,\r\n          \"retrievable\": true,\r\n          \"searchable\": true,\r\n          \"filterable\": true,\r\n          \"sortable\": true,\r\n          \"facetable\": true\r\n        },\r\n        {\r\n          \"name\": \"country\",\r\n          \"type\": \"Edm.String\",\r\n          \"key\": false,\r\n          \"retrievable\": true,\r\n          \"searchable\": true,\r\n          \"filterable\": true,\r\n          \"sortable\": true,\r\n          \"facetable\": true\r\n        },\r\n        {\r\n          \"name\": \"postalCode\",\r\n          \"type\": \"Edm.String\",\r\n          \"key\": false,\r\n          \"retrievable\": true,\r\n          \"searchable\": true,\r\n          \"filterable\": true,\r\n          \"sortable\": true,\r\n          \"facetable\": true\r\n        }\r\n      ]\r\n    },\r\n    {\r\n      \"name\": \"location\",\r\n      \"type\": \"Edm.GeographyPoint\",\r\n      \"key\": false,\r\n      \"retrievable\": true,\r\n      \"searchable\": false,\r\n      \"filterable\": true,\r\n      \"sortable\": true,\r\n      \"facetable\": false\r\n    },\r\n    {\r\n      \"name\": \"rooms\",\r\n      \"type\": \"Collection(Edm.ComplexType)\",\r\n      \"fields\": [\r\n        {\r\n          \"name\": \"description\",\r\n          \"type\": \"Edm.String\",\r\n          \"key\": false,\r\n          \"retrievable\": true,\r\n          \"searchable\": true,\r\n          \"filterable\": false,\r\n          \"sortable\": false,\r\n          \"facetable\": false,\r\n          \"analyzer\": \"en.lucene\"\r\n        },\r\n        {\r\n          \"name\": \"descriptionFr\",\r\n          \"type\": \"Edm.String\",\r\n          \"key\": false,\r\n          \"retrievable\": true,\r\n          \"searchable\": true,\r\n          \"filterable\": false,\r\n          \"sortable\": false,\r\n          \"facetable\": false,\r\n          \"analyzer\": \"fr.lucene\"\r\n        },\r\n        {\r\n          \"name\": \"type\",\r\n          \"type\": \"Edm.String\",\r\n          \"key\": false,\r\n          \"retrievable\": true,\r\n          \"searchable\": true,\r\n          \"filterable\": true,\r\n          \"sortable\": false,\r\n          \"facetable\": true\r\n        },\r\n        {\r\n          \"name\": \"baseRate\",\r\n          \"type\": \"Edm.Double\",\r\n          \"key\": false,\r\n          \"retrievable\": true,\r\n          \"searchable\": false,\r\n          \"filterable\": true,\r\n          \"sortable\": false,\r\n          \"facetable\": true\r\n        },\r\n        {\r\n          \"name\": \"bedOptions\",\r\n          \"type\": \"Edm.String\",\r\n          \"key\": false,\r\n          \"retrievable\": true,\r\n          \"searchable\": true,\r\n          \"filterable\": true,\r\n          \"sortable\": false,\r\n          \"facetable\": true\r\n        },\r\n        {\r\n          \"name\": \"sleepsCount\",\r\n          \"type\": \"Edm.Int32\",\r\n          \"key\": false,\r\n          \"retrievable\": true,\r\n          \"searchable\": false,\r\n          \"filterable\": true,\r\n          \"sortable\": false,\r\n          \"facetable\": true\r\n        },\r\n        {\r\n          \"name\": \"smokingAllowed\",\r\n          \"type\": \"Edm.Boolean\",\r\n          \"key\": false,\r\n          \"retrievable\": true,\r\n          \"searchable\": false,\r\n          \"filterable\": true,\r\n          \"sortable\": false,\r\n          \"facetable\": true\r\n        },\r\n        {\r\n          \"name\": \"tags\",\r\n          \"type\": \"Collection(Edm.String)\",\r\n          \"key\": false,\r\n          \"retrievable\": true,\r\n          \"searchable\": true,\r\n          \"filterable\": true,\r\n          \"sortable\": false,\r\n          \"facetable\": true\r\n        }\r\n      ]\r\n    },\r\n    {\r\n      \"name\": \"totalGuests\",\r\n      \"type\": \"Edm.Int64\",\r\n      \"key\": false,\r\n      \"retrievable\": false,\r\n      \"searchable\": false,\r\n      \"filterable\": true,\r\n      \"sortable\": true,\r\n      \"facetable\": true\r\n    },\r\n    {\r\n      \"name\": \"profitMargin\",\r\n      \"type\": \"Edm.Double\",\r\n      \"key\": false,\r\n      \"retrievable\": true,\r\n      \"searchable\": false,\r\n      \"filterable\": false,\r\n      \"sortable\": false,\r\n      \"facetable\": false\r\n    }\r\n  ],\r\n  \"scoringProfiles\": [\r\n    {\r\n      \"name\": \"MyProfile\",\r\n      \"text\": {\r\n        \"weights\": {\r\n          \"description\": 1.5,\r\n          \"category\": 2.0\r\n        }\r\n      },\r\n      \"functions\": [\r\n        {\r\n          \"type\": \"magnitude\",\r\n          \"magnitude\": {\r\n            \"boostingRangeStart\": 1.0,\r\n            \"boostingRangeEnd\": 4.0,\r\n            \"constantBoostBeyondRange\": true\r\n          },\r\n          \"fieldName\": \"rating\",\r\n          \"boost\": 2.0,\r\n          \"interpolation\": \"constant\"\r\n        },\r\n        {\r\n          \"type\": \"distance\",\r\n          \"distance\": {\r\n            \"referencePointParameter\": \"loc\",\r\n            \"boostingDistance\": 5.0\r\n          },\r\n          \"fieldName\": \"location\",\r\n          \"boost\": 1.5,\r\n          \"interpolation\": \"linear\"\r\n        },\r\n        {\r\n          \"type\": \"freshness\",\r\n          \"freshness\": {\r\n            \"boostingDuration\": \"P365D\"\r\n          },\r\n          \"fieldName\": \"lastRenovationDate\",\r\n          \"boost\": 1.1,\r\n          \"interpolation\": \"logarithmic\"\r\n        }\r\n      ],\r\n      \"functionAggregation\": \"average\"\r\n    },\r\n    {\r\n      \"name\": \"ProfileTwo\",\r\n      \"functions\": [\r\n        {\r\n          \"type\": \"tag\",\r\n          \"tag\": {\r\n            \"tagsParameter\": \"mytags\"\r\n          },\r\n          \"fieldName\": \"tags\",\r\n          \"boost\": 1.5,\r\n          \"interpolation\": \"linear\"\r\n        }\r\n      ],\r\n      \"functionAggregation\": \"maximum\"\r\n    },\r\n    {\r\n      \"name\": \"ProfileThree\",\r\n      \"functions\": [\r\n        {\r\n          \"type\": \"magnitude\",\r\n          \"magnitude\": {\r\n            \"boostingRangeStart\": 0.0,\r\n            \"boostingRangeEnd\": 10.0,\r\n            \"constantBoostBeyondRange\": false\r\n          },\r\n          \"fieldName\": \"rating\",\r\n          \"boost\": 3.0,\r\n          \"interpolation\": \"quadratic\"\r\n        }\r\n      ],\r\n      \"functionAggregation\": \"minimum\"\r\n    },\r\n    {\r\n      \"name\": \"ProfileFour\",\r\n      \"functions\": [\r\n        {\r\n          \"type\": \"magnitude\",\r\n          \"magnitude\": {\r\n            \"boostingRangeStart\": 1.0,\r\n            \"boostingRangeEnd\": 5.0,\r\n            \"constantBoostBeyondRange\": false\r\n          },\r\n          \"fieldName\": \"rating\",\r\n          \"boost\": 3.14,\r\n          \"interpolation\": \"constant\"\r\n        }\r\n      ],\r\n      \"functionAggregation\": \"firstMatching\"\r\n    }\r\n  ],\r\n  \"defaultScoringProfile\": \"MyProfile\",\r\n  \"corsOptions\": {\r\n    \"allowedOrigins\": [\r\n      \"http://tempuri.org\",\r\n      \"http://localhost:80\"\r\n    ],\r\n    \"maxAgeInSeconds\": 60\r\n  },\r\n  \"suggesters\": [\r\n    {\r\n      \"name\": \"FancySuggester\",\r\n      \"sourceFields\": [\r\n        \"hotelName\"\r\n      ],\r\n      \"searchMode\": \"analyzingInfixMatching\"\r\n    }\r\n  ]\r\n}",
      "RequestHeaders": {
        "client-request-id": [
          "3f58f245-2199-4a2d-94a4-be08fcac685e"
        ],
        "Prefer": [
          "return=representation"
        ],
        "accept-language": [
          "en-US"
        ],
        "api-key": [
          "6BAE963B2725DF10AA771F3D5190EA68"
        ],
        "User-Agent": [
          "FxVersion/4.8.4018.0",
          "OSName/Windows",
          "OSVersion/10.0.18362.0",
          "Microsoft.Azure.Search.SearchServiceClient/11.0.0.0"
        ],
        "Content-Type": [
          "application/json; charset=utf-8"
        ],
        "Content-Length": [
          "9843"
        ]
      },
      "ResponseHeaders": {
        "Pragma": [
          "no-cache"
        ],
        "request-id": [
          "3f58f245-2199-4a2d-94a4-be08fcac685e"
        ],
        "elapsed-time": [
          "1032"
        ],
        "OData-Version": [
          "4.0"
        ],
        "Preference-Applied": [
          "odata.include-annotations=\"*\""
        ],
        "Strict-Transport-Security": [
          "max-age=15724800; includeSubDomains"
        ],
        "Cache-Control": [
          "no-cache"
        ],
        "Date": [
          "Mon, 28 Oct 2019 19:53:50 GMT"
        ],
        "ETag": [
          "W/\"0x8D75BE08DF06C5E\""
        ],
        "Location": [
          "https://azs-7171.search-dogfood.windows-int.net/indexes('azsmnet4485')?api-version=2019-05-06-Preview"
        ],
        "Content-Length": [
          "8199"
        ],
        "Content-Type": [
          "application/json; odata.metadata=minimal"
        ],
        "Expires": [
          "-1"
        ]
      },
      "ResponseBody": "{\r\n  \"@odata.context\": \"https://azs-7171.search-dogfood.windows-int.net/$metadata#indexes/$entity\",\r\n  \"@odata.etag\": \"\\\"0x8D75BE08DF06C5E\\\"\",\r\n  \"name\": \"azsmnet4485\",\r\n  \"defaultScoringProfile\": \"MyProfile\",\r\n  \"fields\": [\r\n    {\r\n      \"name\": \"hotelId\",\r\n      \"type\": \"Edm.String\",\r\n      \"searchable\": false,\r\n      \"filterable\": true,\r\n      \"retrievable\": true,\r\n      \"sortable\": true,\r\n      \"facetable\": true,\r\n      \"key\": true,\r\n      \"indexAnalyzer\": null,\r\n      \"searchAnalyzer\": null,\r\n      \"analyzer\": null,\r\n      \"synonymMaps\": []\r\n    },\r\n    {\r\n      \"name\": \"hotelName\",\r\n      \"type\": \"Edm.String\",\r\n      \"searchable\": true,\r\n      \"filterable\": true,\r\n      \"retrievable\": true,\r\n      \"sortable\": true,\r\n      \"facetable\": false,\r\n      \"key\": false,\r\n      \"indexAnalyzer\": null,\r\n      \"searchAnalyzer\": null,\r\n      \"analyzer\": null,\r\n      \"synonymMaps\": []\r\n    },\r\n    {\r\n      \"name\": \"description\",\r\n      \"type\": \"Edm.String\",\r\n      \"searchable\": true,\r\n      \"filterable\": false,\r\n      \"retrievable\": true,\r\n      \"sortable\": false,\r\n      \"facetable\": false,\r\n      \"key\": false,\r\n      \"indexAnalyzer\": null,\r\n      \"searchAnalyzer\": null,\r\n      \"analyzer\": \"en.lucene\",\r\n      \"synonymMaps\": []\r\n    },\r\n    {\r\n      \"name\": \"descriptionFr\",\r\n      \"type\": \"Edm.String\",\r\n      \"searchable\": true,\r\n      \"filterable\": false,\r\n      \"retrievable\": true,\r\n      \"sortable\": false,\r\n      \"facetable\": false,\r\n      \"key\": false,\r\n      \"indexAnalyzer\": null,\r\n      \"searchAnalyzer\": null,\r\n      \"analyzer\": \"fr.lucene\",\r\n      \"synonymMaps\": []\r\n    },\r\n    {\r\n      \"name\": \"description_custom\",\r\n      \"type\": \"Edm.String\",\r\n      \"searchable\": true,\r\n      \"filterable\": false,\r\n      \"retrievable\": true,\r\n      \"sortable\": false,\r\n      \"facetable\": false,\r\n      \"key\": false,\r\n      \"indexAnalyzer\": \"stop\",\r\n      \"searchAnalyzer\": \"stop\",\r\n      \"analyzer\": null,\r\n      \"synonymMaps\": []\r\n    },\r\n    {\r\n      \"name\": \"category\",\r\n      \"type\": \"Edm.String\",\r\n      \"searchable\": true,\r\n      \"filterable\": true,\r\n      \"retrievable\": true,\r\n      \"sortable\": true,\r\n      \"facetable\": true,\r\n      \"key\": false,\r\n      \"indexAnalyzer\": null,\r\n      \"searchAnalyzer\": null,\r\n      \"analyzer\": null,\r\n      \"synonymMaps\": []\r\n    },\r\n    {\r\n      \"name\": \"tags\",\r\n      \"type\": \"Collection(Edm.String)\",\r\n      \"searchable\": true,\r\n      \"filterable\": true,\r\n      \"retrievable\": true,\r\n      \"sortable\": false,\r\n      \"facetable\": true,\r\n      \"key\": false,\r\n      \"indexAnalyzer\": null,\r\n      \"searchAnalyzer\": null,\r\n      \"analyzer\": null,\r\n      \"synonymMaps\": []\r\n    },\r\n    {\r\n      \"name\": \"parkingIncluded\",\r\n      \"type\": \"Edm.Boolean\",\r\n      \"searchable\": false,\r\n      \"filterable\": true,\r\n      \"retrievable\": true,\r\n      \"sortable\": true,\r\n      \"facetable\": true,\r\n      \"key\": false,\r\n      \"indexAnalyzer\": null,\r\n      \"searchAnalyzer\": null,\r\n      \"analyzer\": null,\r\n      \"synonymMaps\": []\r\n    },\r\n    {\r\n      \"name\": \"smokingAllowed\",\r\n      \"type\": \"Edm.Boolean\",\r\n      \"searchable\": false,\r\n      \"filterable\": true,\r\n      \"retrievable\": true,\r\n      \"sortable\": true,\r\n      \"facetable\": true,\r\n      \"key\": false,\r\n      \"indexAnalyzer\": null,\r\n      \"searchAnalyzer\": null,\r\n      \"analyzer\": null,\r\n      \"synonymMaps\": []\r\n    },\r\n    {\r\n      \"name\": \"lastRenovationDate\",\r\n      \"type\": \"Edm.DateTimeOffset\",\r\n      \"searchable\": false,\r\n      \"filterable\": true,\r\n      \"retrievable\": true,\r\n      \"sortable\": true,\r\n      \"facetable\": true,\r\n      \"key\": false,\r\n      \"indexAnalyzer\": null,\r\n      \"searchAnalyzer\": null,\r\n      \"analyzer\": null,\r\n      \"synonymMaps\": []\r\n    },\r\n    {\r\n      \"name\": \"rating\",\r\n      \"type\": \"Edm.Int32\",\r\n      \"searchable\": false,\r\n      \"filterable\": true,\r\n      \"retrievable\": true,\r\n      \"sortable\": true,\r\n      \"facetable\": true,\r\n      \"key\": false,\r\n      \"indexAnalyzer\": null,\r\n      \"searchAnalyzer\": null,\r\n      \"analyzer\": null,\r\n      \"synonymMaps\": []\r\n    },\r\n    {\r\n      \"name\": \"address\",\r\n      \"type\": \"Edm.ComplexType\",\r\n      \"fields\": [\r\n        {\r\n          \"name\": \"streetAddress\",\r\n          \"type\": \"Edm.String\",\r\n          \"searchable\": true,\r\n          \"filterable\": false,\r\n          \"retrievable\": true,\r\n          \"sortable\": false,\r\n          \"facetable\": false,\r\n          \"key\": false,\r\n          \"indexAnalyzer\": null,\r\n          \"searchAnalyzer\": null,\r\n          \"analyzer\": null,\r\n          \"synonymMaps\": []\r\n        },\r\n        {\r\n          \"name\": \"city\",\r\n          \"type\": \"Edm.String\",\r\n          \"searchable\": true,\r\n          \"filterable\": true,\r\n          \"retrievable\": true,\r\n          \"sortable\": true,\r\n          \"facetable\": true,\r\n          \"key\": false,\r\n          \"indexAnalyzer\": null,\r\n          \"searchAnalyzer\": null,\r\n          \"analyzer\": null,\r\n          \"synonymMaps\": []\r\n        },\r\n        {\r\n          \"name\": \"stateProvince\",\r\n          \"type\": \"Edm.String\",\r\n          \"searchable\": true,\r\n          \"filterable\": true,\r\n          \"retrievable\": true,\r\n          \"sortable\": true,\r\n          \"facetable\": true,\r\n          \"key\": false,\r\n          \"indexAnalyzer\": null,\r\n          \"searchAnalyzer\": null,\r\n          \"analyzer\": null,\r\n          \"synonymMaps\": []\r\n        },\r\n        {\r\n          \"name\": \"country\",\r\n          \"type\": \"Edm.String\",\r\n          \"searchable\": true,\r\n          \"filterable\": true,\r\n          \"retrievable\": true,\r\n          \"sortable\": true,\r\n          \"facetable\": true,\r\n          \"key\": false,\r\n          \"indexAnalyzer\": null,\r\n          \"searchAnalyzer\": null,\r\n          \"analyzer\": null,\r\n          \"synonymMaps\": []\r\n        },\r\n        {\r\n          \"name\": \"postalCode\",\r\n          \"type\": \"Edm.String\",\r\n          \"searchable\": true,\r\n          \"filterable\": true,\r\n          \"retrievable\": true,\r\n          \"sortable\": true,\r\n          \"facetable\": true,\r\n          \"key\": false,\r\n          \"indexAnalyzer\": null,\r\n          \"searchAnalyzer\": null,\r\n          \"analyzer\": null,\r\n          \"synonymMaps\": []\r\n        }\r\n      ]\r\n    },\r\n    {\r\n      \"name\": \"location\",\r\n      \"type\": \"Edm.GeographyPoint\",\r\n      \"searchable\": false,\r\n      \"filterable\": true,\r\n      \"retrievable\": true,\r\n      \"sortable\": true,\r\n      \"facetable\": false,\r\n      \"key\": false,\r\n      \"indexAnalyzer\": null,\r\n      \"searchAnalyzer\": null,\r\n      \"analyzer\": null,\r\n      \"synonymMaps\": []\r\n    },\r\n    {\r\n      \"name\": \"rooms\",\r\n      \"type\": \"Collection(Edm.ComplexType)\",\r\n      \"fields\": [\r\n        {\r\n          \"name\": \"description\",\r\n          \"type\": \"Edm.String\",\r\n          \"searchable\": true,\r\n          \"filterable\": false,\r\n          \"retrievable\": true,\r\n          \"sortable\": false,\r\n          \"facetable\": false,\r\n          \"key\": false,\r\n          \"indexAnalyzer\": null,\r\n          \"searchAnalyzer\": null,\r\n          \"analyzer\": \"en.lucene\",\r\n          \"synonymMaps\": []\r\n        },\r\n        {\r\n          \"name\": \"descriptionFr\",\r\n          \"type\": \"Edm.String\",\r\n          \"searchable\": true,\r\n          \"filterable\": false,\r\n          \"retrievable\": true,\r\n          \"sortable\": false,\r\n          \"facetable\": false,\r\n          \"key\": false,\r\n          \"indexAnalyzer\": null,\r\n          \"searchAnalyzer\": null,\r\n          \"analyzer\": \"fr.lucene\",\r\n          \"synonymMaps\": []\r\n        },\r\n        {\r\n          \"name\": \"type\",\r\n          \"type\": \"Edm.String\",\r\n          \"searchable\": true,\r\n          \"filterable\": true,\r\n          \"retrievable\": true,\r\n          \"sortable\": false,\r\n          \"facetable\": true,\r\n          \"key\": false,\r\n          \"indexAnalyzer\": null,\r\n          \"searchAnalyzer\": null,\r\n          \"analyzer\": null,\r\n          \"synonymMaps\": []\r\n        },\r\n        {\r\n          \"name\": \"baseRate\",\r\n          \"type\": \"Edm.Double\",\r\n          \"searchable\": false,\r\n          \"filterable\": true,\r\n          \"retrievable\": true,\r\n          \"sortable\": false,\r\n          \"facetable\": true,\r\n          \"key\": false,\r\n          \"indexAnalyzer\": null,\r\n          \"searchAnalyzer\": null,\r\n          \"analyzer\": null,\r\n          \"synonymMaps\": []\r\n        },\r\n        {\r\n          \"name\": \"bedOptions\",\r\n          \"type\": \"Edm.String\",\r\n          \"searchable\": true,\r\n          \"filterable\": true,\r\n          \"retrievable\": true,\r\n          \"sortable\": false,\r\n          \"facetable\": true,\r\n          \"key\": false,\r\n          \"indexAnalyzer\": null,\r\n          \"searchAnalyzer\": null,\r\n          \"analyzer\": null,\r\n          \"synonymMaps\": []\r\n        },\r\n        {\r\n          \"name\": \"sleepsCount\",\r\n          \"type\": \"Edm.Int32\",\r\n          \"searchable\": false,\r\n          \"filterable\": true,\r\n          \"retrievable\": true,\r\n          \"sortable\": false,\r\n          \"facetable\": true,\r\n          \"key\": false,\r\n          \"indexAnalyzer\": null,\r\n          \"searchAnalyzer\": null,\r\n          \"analyzer\": null,\r\n          \"synonymMaps\": []\r\n        },\r\n        {\r\n          \"name\": \"smokingAllowed\",\r\n          \"type\": \"Edm.Boolean\",\r\n          \"searchable\": false,\r\n          \"filterable\": true,\r\n          \"retrievable\": true,\r\n          \"sortable\": false,\r\n          \"facetable\": true,\r\n          \"key\": false,\r\n          \"indexAnalyzer\": null,\r\n          \"searchAnalyzer\": null,\r\n          \"analyzer\": null,\r\n          \"synonymMaps\": []\r\n        },\r\n        {\r\n          \"name\": \"tags\",\r\n          \"type\": \"Collection(Edm.String)\",\r\n          \"searchable\": true,\r\n          \"filterable\": true,\r\n          \"retrievable\": true,\r\n          \"sortable\": false,\r\n          \"facetable\": true,\r\n          \"key\": false,\r\n          \"indexAnalyzer\": null,\r\n          \"searchAnalyzer\": null,\r\n          \"analyzer\": null,\r\n          \"synonymMaps\": []\r\n        }\r\n      ]\r\n    },\r\n    {\r\n      \"name\": \"totalGuests\",\r\n      \"type\": \"Edm.Int64\",\r\n      \"searchable\": false,\r\n      \"filterable\": true,\r\n      \"retrievable\": false,\r\n      \"sortable\": true,\r\n      \"facetable\": true,\r\n      \"key\": false,\r\n      \"indexAnalyzer\": null,\r\n      \"searchAnalyzer\": null,\r\n      \"analyzer\": null,\r\n      \"synonymMaps\": []\r\n    },\r\n    {\r\n      \"name\": \"profitMargin\",\r\n      \"type\": \"Edm.Double\",\r\n      \"searchable\": false,\r\n      \"filterable\": false,\r\n      \"retrievable\": true,\r\n      \"sortable\": false,\r\n      \"facetable\": false,\r\n      \"key\": false,\r\n      \"indexAnalyzer\": null,\r\n      \"searchAnalyzer\": null,\r\n      \"analyzer\": null,\r\n      \"synonymMaps\": []\r\n    }\r\n  ],\r\n  \"scoringProfiles\": [\r\n    {\r\n      \"name\": \"MyProfile\",\r\n      \"functionAggregation\": \"average\",\r\n      \"text\": {\r\n        \"weights\": {\r\n          \"description\": 1.5,\r\n          \"category\": 2.0\r\n        }\r\n      },\r\n      \"functions\": [\r\n        {\r\n          \"fieldName\": \"rating\",\r\n          \"interpolation\": \"constant\",\r\n          \"type\": \"magnitude\",\r\n          \"boost\": 2.0,\r\n          \"freshness\": null,\r\n          \"magnitude\": {\r\n            \"boostingRangeStart\": 1.0,\r\n            \"boostingRangeEnd\": 4.0,\r\n            \"constantBoostBeyondRange\": true\r\n          },\r\n          \"distance\": null,\r\n          \"tag\": null\r\n        },\r\n        {\r\n          \"fieldName\": \"location\",\r\n          \"interpolation\": \"linear\",\r\n          \"type\": \"distance\",\r\n          \"boost\": 1.5,\r\n          \"freshness\": null,\r\n          \"magnitude\": null,\r\n          \"distance\": {\r\n            \"referencePointParameter\": \"loc\",\r\n            \"boostingDistance\": 5.0\r\n          },\r\n          \"tag\": null\r\n        },\r\n        {\r\n          \"fieldName\": \"lastRenovationDate\",\r\n          \"interpolation\": \"logarithmic\",\r\n          \"type\": \"freshness\",\r\n          \"boost\": 1.1,\r\n          \"freshness\": {\r\n            \"boostingDuration\": \"P365D\"\r\n          },\r\n          \"magnitude\": null,\r\n          \"distance\": null,\r\n          \"tag\": null\r\n        }\r\n      ]\r\n    },\r\n    {\r\n      \"name\": \"ProfileTwo\",\r\n      \"functionAggregation\": \"maximum\",\r\n      \"text\": null,\r\n      \"functions\": [\r\n        {\r\n          \"fieldName\": \"tags\",\r\n          \"interpolation\": \"linear\",\r\n          \"type\": \"tag\",\r\n          \"boost\": 1.5,\r\n          \"freshness\": null,\r\n          \"magnitude\": null,\r\n          \"distance\": null,\r\n          \"tag\": {\r\n            \"tagsParameter\": \"mytags\"\r\n          }\r\n        }\r\n      ]\r\n    },\r\n    {\r\n      \"name\": \"ProfileThree\",\r\n      \"functionAggregation\": \"minimum\",\r\n      \"text\": null,\r\n      \"functions\": [\r\n        {\r\n          \"fieldName\": \"rating\",\r\n          \"interpolation\": \"quadratic\",\r\n          \"type\": \"magnitude\",\r\n          \"boost\": 3.0,\r\n          \"freshness\": null,\r\n          \"magnitude\": {\r\n            \"boostingRangeStart\": 0.0,\r\n            \"boostingRangeEnd\": 10.0,\r\n            \"constantBoostBeyondRange\": false\r\n          },\r\n          \"distance\": null,\r\n          \"tag\": null\r\n        }\r\n      ]\r\n    },\r\n    {\r\n      \"name\": \"ProfileFour\",\r\n      \"functionAggregation\": \"firstMatching\",\r\n      \"text\": null,\r\n      \"functions\": [\r\n        {\r\n          \"fieldName\": \"rating\",\r\n          \"interpolation\": \"constant\",\r\n          \"type\": \"magnitude\",\r\n          \"boost\": 3.14,\r\n          \"freshness\": null,\r\n          \"magnitude\": {\r\n            \"boostingRangeStart\": 1.0,\r\n            \"boostingRangeEnd\": 5.0,\r\n            \"constantBoostBeyondRange\": false\r\n          },\r\n          \"distance\": null,\r\n          \"tag\": null\r\n        }\r\n      ]\r\n    }\r\n  ],\r\n  \"corsOptions\": {\r\n    \"allowedOrigins\": [\r\n      \"http://tempuri.org\",\r\n      \"http://localhost:80\"\r\n    ],\r\n    \"maxAgeInSeconds\": 60\r\n  },\r\n  \"suggesters\": [\r\n    {\r\n      \"name\": \"FancySuggester\",\r\n      \"searchMode\": \"analyzingInfixMatching\",\r\n      \"sourceFields\": [\r\n        \"hotelName\"\r\n      ]\r\n    }\r\n  ],\r\n  \"analyzers\": [],\r\n  \"tokenizers\": [],\r\n  \"tokenFilters\": [],\r\n  \"charFilters\": [],\r\n  \"encryptionKey\": null\r\n}",
      "StatusCode": 201
    },
    {
      "RequestUri": "/indexes('azsmnet4485')?api-version=2019-05-06-Preview",
      "EncodedRequestUri": "L2luZGV4ZXMoJ2F6c21uZXQ0NDg1Jyk/YXBpLXZlcnNpb249MjAxOS0wNS0wNi1QcmV2aWV3",
      "RequestMethod": "PUT",
      "RequestBody": "{\r\n  \"name\": \"azsmnet4485\",\r\n  \"fields\": [\r\n    {\r\n      \"name\": \"hotelId\",\r\n      \"type\": \"Edm.String\",\r\n      \"key\": true,\r\n      \"retrievable\": true,\r\n      \"searchable\": false,\r\n      \"filterable\": true,\r\n      \"sortable\": true,\r\n      \"facetable\": true,\r\n      \"synonymMaps\": []\r\n    },\r\n    {\r\n      \"name\": \"hotelName\",\r\n      \"type\": \"Edm.String\",\r\n      \"key\": false,\r\n      \"retrievable\": true,\r\n      \"searchable\": true,\r\n      \"filterable\": true,\r\n      \"sortable\": true,\r\n      \"facetable\": false,\r\n      \"synonymMaps\": []\r\n    },\r\n    {\r\n      \"name\": \"description\",\r\n      \"type\": \"Edm.String\",\r\n      \"key\": false,\r\n      \"retrievable\": true,\r\n      \"searchable\": true,\r\n      \"filterable\": false,\r\n      \"sortable\": false,\r\n      \"facetable\": false,\r\n      \"analyzer\": \"en.lucene\",\r\n      \"synonymMaps\": []\r\n    },\r\n    {\r\n      \"name\": \"descriptionFr\",\r\n      \"type\": \"Edm.String\",\r\n      \"key\": false,\r\n      \"retrievable\": true,\r\n      \"searchable\": true,\r\n      \"filterable\": false,\r\n      \"sortable\": false,\r\n      \"facetable\": false,\r\n      \"analyzer\": \"fr.lucene\",\r\n      \"synonymMaps\": []\r\n    },\r\n    {\r\n      \"name\": \"description_custom\",\r\n      \"type\": \"Edm.String\",\r\n      \"key\": false,\r\n      \"retrievable\": true,\r\n      \"searchable\": true,\r\n      \"filterable\": false,\r\n      \"sortable\": false,\r\n      \"facetable\": false,\r\n      \"searchAnalyzer\": \"stop\",\r\n      \"indexAnalyzer\": \"stop\",\r\n      \"synonymMaps\": []\r\n    },\r\n    {\r\n      \"name\": \"category\",\r\n      \"type\": \"Edm.String\",\r\n      \"key\": false,\r\n      \"retrievable\": true,\r\n      \"searchable\": true,\r\n      \"filterable\": true,\r\n      \"sortable\": true,\r\n      \"facetable\": true,\r\n      \"synonymMaps\": []\r\n    },\r\n    {\r\n      \"name\": \"tags\",\r\n      \"type\": \"Collection(Edm.String)\",\r\n      \"key\": false,\r\n      \"retrievable\": true,\r\n      \"searchable\": true,\r\n      \"filterable\": true,\r\n      \"sortable\": false,\r\n      \"facetable\": true,\r\n      \"synonymMaps\": []\r\n    },\r\n    {\r\n      \"name\": \"parkingIncluded\",\r\n      \"type\": \"Edm.Boolean\",\r\n      \"key\": false,\r\n      \"retrievable\": true,\r\n      \"searchable\": false,\r\n      \"filterable\": true,\r\n      \"sortable\": true,\r\n      \"facetable\": true,\r\n      \"synonymMaps\": []\r\n    },\r\n    {\r\n      \"name\": \"smokingAllowed\",\r\n      \"type\": \"Edm.Boolean\",\r\n      \"key\": false,\r\n      \"retrievable\": true,\r\n      \"searchable\": false,\r\n      \"filterable\": true,\r\n      \"sortable\": true,\r\n      \"facetable\": true,\r\n      \"synonymMaps\": []\r\n    },\r\n    {\r\n      \"name\": \"lastRenovationDate\",\r\n      \"type\": \"Edm.DateTimeOffset\",\r\n      \"key\": false,\r\n      \"retrievable\": true,\r\n      \"searchable\": false,\r\n      \"filterable\": true,\r\n      \"sortable\": true,\r\n      \"facetable\": true,\r\n      \"synonymMaps\": []\r\n    },\r\n    {\r\n      \"name\": \"rating\",\r\n      \"type\": \"Edm.Int32\",\r\n      \"key\": false,\r\n      \"retrievable\": true,\r\n      \"searchable\": false,\r\n      \"filterable\": true,\r\n      \"sortable\": true,\r\n      \"facetable\": true,\r\n      \"synonymMaps\": []\r\n    },\r\n    {\r\n      \"name\": \"address\",\r\n      \"type\": \"Edm.ComplexType\",\r\n      \"fields\": [\r\n        {\r\n          \"name\": \"streetAddress\",\r\n          \"type\": \"Edm.String\",\r\n          \"key\": false,\r\n          \"retrievable\": true,\r\n          \"searchable\": true,\r\n          \"filterable\": false,\r\n          \"sortable\": false,\r\n          \"facetable\": false,\r\n          \"synonymMaps\": []\r\n        },\r\n        {\r\n          \"name\": \"city\",\r\n          \"type\": \"Edm.String\",\r\n          \"key\": false,\r\n          \"retrievable\": true,\r\n          \"searchable\": true,\r\n          \"filterable\": true,\r\n          \"sortable\": true,\r\n          \"facetable\": true,\r\n          \"synonymMaps\": []\r\n        },\r\n        {\r\n          \"name\": \"stateProvince\",\r\n          \"type\": \"Edm.String\",\r\n          \"key\": false,\r\n          \"retrievable\": true,\r\n          \"searchable\": true,\r\n          \"filterable\": true,\r\n          \"sortable\": true,\r\n          \"facetable\": true,\r\n          \"synonymMaps\": []\r\n        },\r\n        {\r\n          \"name\": \"country\",\r\n          \"type\": \"Edm.String\",\r\n          \"key\": false,\r\n          \"retrievable\": true,\r\n          \"searchable\": true,\r\n          \"filterable\": true,\r\n          \"sortable\": true,\r\n          \"facetable\": true,\r\n          \"synonymMaps\": []\r\n        },\r\n        {\r\n          \"name\": \"postalCode\",\r\n          \"type\": \"Edm.String\",\r\n          \"key\": false,\r\n          \"retrievable\": true,\r\n          \"searchable\": true,\r\n          \"filterable\": true,\r\n          \"sortable\": true,\r\n          \"facetable\": true,\r\n          \"synonymMaps\": []\r\n        }\r\n      ]\r\n    },\r\n    {\r\n      \"name\": \"location\",\r\n      \"type\": \"Edm.GeographyPoint\",\r\n      \"key\": false,\r\n      \"retrievable\": true,\r\n      \"searchable\": false,\r\n      \"filterable\": true,\r\n      \"sortable\": true,\r\n      \"facetable\": false,\r\n      \"synonymMaps\": []\r\n    },\r\n    {\r\n      \"name\": \"rooms\",\r\n      \"type\": \"Collection(Edm.ComplexType)\",\r\n      \"fields\": [\r\n        {\r\n          \"name\": \"description\",\r\n          \"type\": \"Edm.String\",\r\n          \"key\": false,\r\n          \"retrievable\": true,\r\n          \"searchable\": true,\r\n          \"filterable\": false,\r\n          \"sortable\": false,\r\n          \"facetable\": false,\r\n          \"analyzer\": \"en.lucene\",\r\n          \"synonymMaps\": []\r\n        },\r\n        {\r\n          \"name\": \"descriptionFr\",\r\n          \"type\": \"Edm.String\",\r\n          \"key\": false,\r\n          \"retrievable\": true,\r\n          \"searchable\": true,\r\n          \"filterable\": false,\r\n          \"sortable\": false,\r\n          \"facetable\": false,\r\n          \"analyzer\": \"fr.lucene\",\r\n          \"synonymMaps\": []\r\n        },\r\n        {\r\n          \"name\": \"type\",\r\n          \"type\": \"Edm.String\",\r\n          \"key\": false,\r\n          \"retrievable\": true,\r\n          \"searchable\": true,\r\n          \"filterable\": true,\r\n          \"sortable\": false,\r\n          \"facetable\": true,\r\n          \"synonymMaps\": []\r\n        },\r\n        {\r\n          \"name\": \"baseRate\",\r\n          \"type\": \"Edm.Double\",\r\n          \"key\": false,\r\n          \"retrievable\": true,\r\n          \"searchable\": false,\r\n          \"filterable\": true,\r\n          \"sortable\": false,\r\n          \"facetable\": true,\r\n          \"synonymMaps\": []\r\n        },\r\n        {\r\n          \"name\": \"bedOptions\",\r\n          \"type\": \"Edm.String\",\r\n          \"key\": false,\r\n          \"retrievable\": true,\r\n          \"searchable\": true,\r\n          \"filterable\": true,\r\n          \"sortable\": false,\r\n          \"facetable\": true,\r\n          \"synonymMaps\": []\r\n        },\r\n        {\r\n          \"name\": \"sleepsCount\",\r\n          \"type\": \"Edm.Int32\",\r\n          \"key\": false,\r\n          \"retrievable\": true,\r\n          \"searchable\": false,\r\n          \"filterable\": true,\r\n          \"sortable\": false,\r\n          \"facetable\": true,\r\n          \"synonymMaps\": []\r\n        },\r\n        {\r\n          \"name\": \"smokingAllowed\",\r\n          \"type\": \"Edm.Boolean\",\r\n          \"key\": false,\r\n          \"retrievable\": true,\r\n          \"searchable\": false,\r\n          \"filterable\": true,\r\n          \"sortable\": false,\r\n          \"facetable\": true,\r\n          \"synonymMaps\": []\r\n        },\r\n        {\r\n          \"name\": \"tags\",\r\n          \"type\": \"Collection(Edm.String)\",\r\n          \"key\": false,\r\n          \"retrievable\": true,\r\n          \"searchable\": true,\r\n          \"filterable\": true,\r\n          \"sortable\": false,\r\n          \"facetable\": true,\r\n          \"synonymMaps\": []\r\n        }\r\n      ]\r\n    },\r\n    {\r\n      \"name\": \"totalGuests\",\r\n      \"type\": \"Edm.Int64\",\r\n      \"key\": false,\r\n      \"retrievable\": false,\r\n      \"searchable\": false,\r\n      \"filterable\": true,\r\n      \"sortable\": true,\r\n      \"facetable\": true,\r\n      \"synonymMaps\": []\r\n    },\r\n    {\r\n      \"name\": \"profitMargin\",\r\n      \"type\": \"Edm.Double\",\r\n      \"key\": false,\r\n      \"retrievable\": true,\r\n      \"searchable\": false,\r\n      \"filterable\": false,\r\n      \"sortable\": false,\r\n      \"facetable\": false,\r\n      \"synonymMaps\": []\r\n    }\r\n  ],\r\n  \"scoringProfiles\": [\r\n    {\r\n      \"name\": \"MyProfile\",\r\n      \"text\": {\r\n        \"weights\": {\r\n          \"description\": 1.5,\r\n          \"category\": 2.0\r\n        }\r\n      },\r\n      \"functions\": [\r\n        {\r\n          \"type\": \"magnitude\",\r\n          \"magnitude\": {\r\n            \"boostingRangeStart\": 1.0,\r\n            \"boostingRangeEnd\": 4.0,\r\n            \"constantBoostBeyondRange\": true\r\n          },\r\n          \"fieldName\": \"rating\",\r\n          \"boost\": 2.0,\r\n          \"interpolation\": \"constant\"\r\n        },\r\n        {\r\n          \"type\": \"distance\",\r\n          \"distance\": {\r\n            \"referencePointParameter\": \"loc\",\r\n            \"boostingDistance\": 5.0\r\n          },\r\n          \"fieldName\": \"location\",\r\n          \"boost\": 1.5,\r\n          \"interpolation\": \"linear\"\r\n        },\r\n        {\r\n          \"type\": \"freshness\",\r\n          \"freshness\": {\r\n            \"boostingDuration\": \"P365D\"\r\n          },\r\n          \"fieldName\": \"lastRenovationDate\",\r\n          \"boost\": 1.1,\r\n          \"interpolation\": \"logarithmic\"\r\n        }\r\n      ],\r\n      \"functionAggregation\": \"average\"\r\n    },\r\n    {\r\n      \"name\": \"ProfileTwo\",\r\n      \"functions\": [\r\n        {\r\n          \"type\": \"tag\",\r\n          \"tag\": {\r\n            \"tagsParameter\": \"mytags\"\r\n          },\r\n          \"fieldName\": \"tags\",\r\n          \"boost\": 1.5,\r\n          \"interpolation\": \"linear\"\r\n        }\r\n      ],\r\n      \"functionAggregation\": \"maximum\"\r\n    },\r\n    {\r\n      \"name\": \"ProfileThree\",\r\n      \"functions\": [\r\n        {\r\n          \"type\": \"magnitude\",\r\n          \"magnitude\": {\r\n            \"boostingRangeStart\": 0.0,\r\n            \"boostingRangeEnd\": 10.0,\r\n            \"constantBoostBeyondRange\": false\r\n          },\r\n          \"fieldName\": \"rating\",\r\n          \"boost\": 3.0,\r\n          \"interpolation\": \"quadratic\"\r\n        }\r\n      ],\r\n      \"functionAggregation\": \"minimum\"\r\n    },\r\n    {\r\n      \"name\": \"ProfileFour\",\r\n      \"functions\": [\r\n        {\r\n          \"type\": \"magnitude\",\r\n          \"magnitude\": {\r\n            \"boostingRangeStart\": 1.0,\r\n            \"boostingRangeEnd\": 5.0,\r\n            \"constantBoostBeyondRange\": false\r\n          },\r\n          \"fieldName\": \"rating\",\r\n          \"boost\": 3.14,\r\n          \"interpolation\": \"constant\"\r\n        }\r\n      ],\r\n      \"functionAggregation\": \"firstMatching\"\r\n    }\r\n  ],\r\n  \"defaultScoringProfile\": \"MyProfile\",\r\n  \"corsOptions\": {\r\n    \"allowedOrigins\": [\r\n      \"*\"\r\n    ],\r\n    \"maxAgeInSeconds\": 60\r\n  },\r\n  \"suggesters\": [\r\n    {\r\n      \"name\": \"FancySuggester\",\r\n      \"sourceFields\": [\r\n        \"hotelName\"\r\n      ],\r\n      \"searchMode\": \"analyzingInfixMatching\"\r\n    }\r\n  ],\r\n  \"analyzers\": [],\r\n  \"tokenizers\": [],\r\n  \"tokenFilters\": [],\r\n  \"charFilters\": [],\r\n  \"@odata.etag\": \"\\\"0x8D75BE08DF06C5E\\\"\"\r\n}",
      "RequestHeaders": {
        "client-request-id": [
          "d33b656e-c502-4fba-9932-4170840c165b"
        ],
        "Prefer": [
          "return=representation"
        ],
        "accept-language": [
          "en-US"
        ],
        "If-Match": [
          "\"0x8D75BE08DF06C5E\""
        ],
        "api-key": [
          "6BAE963B2725DF10AA771F3D5190EA68"
        ],
        "User-Agent": [
          "FxVersion/4.8.4018.0",
          "OSName/Windows",
          "OSVersion/10.0.18362.0",
          "Microsoft.Azure.Search.SearchServiceClient/11.0.0.0"
        ],
        "Content-Type": [
          "application/json; charset=utf-8"
        ],
        "Content-Length": [
          "10679"
        ]
      },
      "ResponseHeaders": {
        "Pragma": [
          "no-cache"
        ],
        "request-id": [
          "d33b656e-c502-4fba-9932-4170840c165b"
        ],
        "elapsed-time": [
          "404"
        ],
        "OData-Version": [
          "4.0"
        ],
        "Preference-Applied": [
          "odata.include-annotations=\"*\""
        ],
        "Strict-Transport-Security": [
          "max-age=15724800; includeSubDomains"
        ],
        "Cache-Control": [
          "no-cache"
        ],
        "Date": [
          "Mon, 28 Oct 2019 19:53:52 GMT"
        ],
        "ETag": [
          "W/\"0x8D75BE08F3FD2B4\""
        ],
        "Content-Length": [
          "8160"
        ],
        "Content-Type": [
          "application/json; odata.metadata=minimal"
        ],
        "Expires": [
          "-1"
        ]
      },
      "ResponseBody": "{\r\n  \"@odata.context\": \"https://azs-7171.search-dogfood.windows-int.net/$metadata#indexes/$entity\",\r\n  \"@odata.etag\": \"\\\"0x8D75BE08F3FD2B4\\\"\",\r\n  \"name\": \"azsmnet4485\",\r\n  \"defaultScoringProfile\": \"MyProfile\",\r\n  \"fields\": [\r\n    {\r\n      \"name\": \"hotelId\",\r\n      \"type\": \"Edm.String\",\r\n      \"searchable\": false,\r\n      \"filterable\": true,\r\n      \"retrievable\": true,\r\n      \"sortable\": true,\r\n      \"facetable\": true,\r\n      \"key\": true,\r\n      \"indexAnalyzer\": null,\r\n      \"searchAnalyzer\": null,\r\n      \"analyzer\": null,\r\n      \"synonymMaps\": []\r\n    },\r\n    {\r\n      \"name\": \"hotelName\",\r\n      \"type\": \"Edm.String\",\r\n      \"searchable\": true,\r\n      \"filterable\": true,\r\n      \"retrievable\": true,\r\n      \"sortable\": true,\r\n      \"facetable\": false,\r\n      \"key\": false,\r\n      \"indexAnalyzer\": null,\r\n      \"searchAnalyzer\": null,\r\n      \"analyzer\": null,\r\n      \"synonymMaps\": []\r\n    },\r\n    {\r\n      \"name\": \"description\",\r\n      \"type\": \"Edm.String\",\r\n      \"searchable\": true,\r\n      \"filterable\": false,\r\n      \"retrievable\": true,\r\n      \"sortable\": false,\r\n      \"facetable\": false,\r\n      \"key\": false,\r\n      \"indexAnalyzer\": null,\r\n      \"searchAnalyzer\": null,\r\n      \"analyzer\": \"en.lucene\",\r\n      \"synonymMaps\": []\r\n    },\r\n    {\r\n      \"name\": \"descriptionFr\",\r\n      \"type\": \"Edm.String\",\r\n      \"searchable\": true,\r\n      \"filterable\": false,\r\n      \"retrievable\": true,\r\n      \"sortable\": false,\r\n      \"facetable\": false,\r\n      \"key\": false,\r\n      \"indexAnalyzer\": null,\r\n      \"searchAnalyzer\": null,\r\n      \"analyzer\": \"fr.lucene\",\r\n      \"synonymMaps\": []\r\n    },\r\n    {\r\n      \"name\": \"description_custom\",\r\n      \"type\": \"Edm.String\",\r\n      \"searchable\": true,\r\n      \"filterable\": false,\r\n      \"retrievable\": true,\r\n      \"sortable\": false,\r\n      \"facetable\": false,\r\n      \"key\": false,\r\n      \"indexAnalyzer\": \"stop\",\r\n      \"searchAnalyzer\": \"stop\",\r\n      \"analyzer\": null,\r\n      \"synonymMaps\": []\r\n    },\r\n    {\r\n      \"name\": \"category\",\r\n      \"type\": \"Edm.String\",\r\n      \"searchable\": true,\r\n      \"filterable\": true,\r\n      \"retrievable\": true,\r\n      \"sortable\": true,\r\n      \"facetable\": true,\r\n      \"key\": false,\r\n      \"indexAnalyzer\": null,\r\n      \"searchAnalyzer\": null,\r\n      \"analyzer\": null,\r\n      \"synonymMaps\": []\r\n    },\r\n    {\r\n      \"name\": \"tags\",\r\n      \"type\": \"Collection(Edm.String)\",\r\n      \"searchable\": true,\r\n      \"filterable\": true,\r\n      \"retrievable\": true,\r\n      \"sortable\": false,\r\n      \"facetable\": true,\r\n      \"key\": false,\r\n      \"indexAnalyzer\": null,\r\n      \"searchAnalyzer\": null,\r\n      \"analyzer\": null,\r\n      \"synonymMaps\": []\r\n    },\r\n    {\r\n      \"name\": \"parkingIncluded\",\r\n      \"type\": \"Edm.Boolean\",\r\n      \"searchable\": false,\r\n      \"filterable\": true,\r\n      \"retrievable\": true,\r\n      \"sortable\": true,\r\n      \"facetable\": true,\r\n      \"key\": false,\r\n      \"indexAnalyzer\": null,\r\n      \"searchAnalyzer\": null,\r\n      \"analyzer\": null,\r\n      \"synonymMaps\": []\r\n    },\r\n    {\r\n      \"name\": \"smokingAllowed\",\r\n      \"type\": \"Edm.Boolean\",\r\n      \"searchable\": false,\r\n      \"filterable\": true,\r\n      \"retrievable\": true,\r\n      \"sortable\": true,\r\n      \"facetable\": true,\r\n      \"key\": false,\r\n      \"indexAnalyzer\": null,\r\n      \"searchAnalyzer\": null,\r\n      \"analyzer\": null,\r\n      \"synonymMaps\": []\r\n    },\r\n    {\r\n      \"name\": \"lastRenovationDate\",\r\n      \"type\": \"Edm.DateTimeOffset\",\r\n      \"searchable\": false,\r\n      \"filterable\": true,\r\n      \"retrievable\": true,\r\n      \"sortable\": true,\r\n      \"facetable\": true,\r\n      \"key\": false,\r\n      \"indexAnalyzer\": null,\r\n      \"searchAnalyzer\": null,\r\n      \"analyzer\": null,\r\n      \"synonymMaps\": []\r\n    },\r\n    {\r\n      \"name\": \"rating\",\r\n      \"type\": \"Edm.Int32\",\r\n      \"searchable\": false,\r\n      \"filterable\": true,\r\n      \"retrievable\": true,\r\n      \"sortable\": true,\r\n      \"facetable\": true,\r\n      \"key\": false,\r\n      \"indexAnalyzer\": null,\r\n      \"searchAnalyzer\": null,\r\n      \"analyzer\": null,\r\n      \"synonymMaps\": []\r\n    },\r\n    {\r\n      \"name\": \"address\",\r\n      \"type\": \"Edm.ComplexType\",\r\n      \"fields\": [\r\n        {\r\n          \"name\": \"streetAddress\",\r\n          \"type\": \"Edm.String\",\r\n          \"searchable\": true,\r\n          \"filterable\": false,\r\n          \"retrievable\": true,\r\n          \"sortable\": false,\r\n          \"facetable\": false,\r\n          \"key\": false,\r\n          \"indexAnalyzer\": null,\r\n          \"searchAnalyzer\": null,\r\n          \"analyzer\": null,\r\n          \"synonymMaps\": []\r\n        },\r\n        {\r\n          \"name\": \"city\",\r\n          \"type\": \"Edm.String\",\r\n          \"searchable\": true,\r\n          \"filterable\": true,\r\n          \"retrievable\": true,\r\n          \"sortable\": true,\r\n          \"facetable\": true,\r\n          \"key\": false,\r\n          \"indexAnalyzer\": null,\r\n          \"searchAnalyzer\": null,\r\n          \"analyzer\": null,\r\n          \"synonymMaps\": []\r\n        },\r\n        {\r\n          \"name\": \"stateProvince\",\r\n          \"type\": \"Edm.String\",\r\n          \"searchable\": true,\r\n          \"filterable\": true,\r\n          \"retrievable\": true,\r\n          \"sortable\": true,\r\n          \"facetable\": true,\r\n          \"key\": false,\r\n          \"indexAnalyzer\": null,\r\n          \"searchAnalyzer\": null,\r\n          \"analyzer\": null,\r\n          \"synonymMaps\": []\r\n        },\r\n        {\r\n          \"name\": \"country\",\r\n          \"type\": \"Edm.String\",\r\n          \"searchable\": true,\r\n          \"filterable\": true,\r\n          \"retrievable\": true,\r\n          \"sortable\": true,\r\n          \"facetable\": true,\r\n          \"key\": false,\r\n          \"indexAnalyzer\": null,\r\n          \"searchAnalyzer\": null,\r\n          \"analyzer\": null,\r\n          \"synonymMaps\": []\r\n        },\r\n        {\r\n          \"name\": \"postalCode\",\r\n          \"type\": \"Edm.String\",\r\n          \"searchable\": true,\r\n          \"filterable\": true,\r\n          \"retrievable\": true,\r\n          \"sortable\": true,\r\n          \"facetable\": true,\r\n          \"key\": false,\r\n          \"indexAnalyzer\": null,\r\n          \"searchAnalyzer\": null,\r\n          \"analyzer\": null,\r\n          \"synonymMaps\": []\r\n        }\r\n      ]\r\n    },\r\n    {\r\n      \"name\": \"location\",\r\n      \"type\": \"Edm.GeographyPoint\",\r\n      \"searchable\": false,\r\n      \"filterable\": true,\r\n      \"retrievable\": true,\r\n      \"sortable\": true,\r\n      \"facetable\": false,\r\n      \"key\": false,\r\n      \"indexAnalyzer\": null,\r\n      \"searchAnalyzer\": null,\r\n      \"analyzer\": null,\r\n      \"synonymMaps\": []\r\n    },\r\n    {\r\n      \"name\": \"rooms\",\r\n      \"type\": \"Collection(Edm.ComplexType)\",\r\n      \"fields\": [\r\n        {\r\n          \"name\": \"description\",\r\n          \"type\": \"Edm.String\",\r\n          \"searchable\": true,\r\n          \"filterable\": false,\r\n          \"retrievable\": true,\r\n          \"sortable\": false,\r\n          \"facetable\": false,\r\n          \"key\": false,\r\n          \"indexAnalyzer\": null,\r\n          \"searchAnalyzer\": null,\r\n          \"analyzer\": \"en.lucene\",\r\n          \"synonymMaps\": []\r\n        },\r\n        {\r\n          \"name\": \"descriptionFr\",\r\n          \"type\": \"Edm.String\",\r\n          \"searchable\": true,\r\n          \"filterable\": false,\r\n          \"retrievable\": true,\r\n          \"sortable\": false,\r\n          \"facetable\": false,\r\n          \"key\": false,\r\n          \"indexAnalyzer\": null,\r\n          \"searchAnalyzer\": null,\r\n          \"analyzer\": \"fr.lucene\",\r\n          \"synonymMaps\": []\r\n        },\r\n        {\r\n          \"name\": \"type\",\r\n          \"type\": \"Edm.String\",\r\n          \"searchable\": true,\r\n          \"filterable\": true,\r\n          \"retrievable\": true,\r\n          \"sortable\": false,\r\n          \"facetable\": true,\r\n          \"key\": false,\r\n          \"indexAnalyzer\": null,\r\n          \"searchAnalyzer\": null,\r\n          \"analyzer\": null,\r\n          \"synonymMaps\": []\r\n        },\r\n        {\r\n          \"name\": \"baseRate\",\r\n          \"type\": \"Edm.Double\",\r\n          \"searchable\": false,\r\n          \"filterable\": true,\r\n          \"retrievable\": true,\r\n          \"sortable\": false,\r\n          \"facetable\": true,\r\n          \"key\": false,\r\n          \"indexAnalyzer\": null,\r\n          \"searchAnalyzer\": null,\r\n          \"analyzer\": null,\r\n          \"synonymMaps\": []\r\n        },\r\n        {\r\n          \"name\": \"bedOptions\",\r\n          \"type\": \"Edm.String\",\r\n          \"searchable\": true,\r\n          \"filterable\": true,\r\n          \"retrievable\": true,\r\n          \"sortable\": false,\r\n          \"facetable\": true,\r\n          \"key\": false,\r\n          \"indexAnalyzer\": null,\r\n          \"searchAnalyzer\": null,\r\n          \"analyzer\": null,\r\n          \"synonymMaps\": []\r\n        },\r\n        {\r\n          \"name\": \"sleepsCount\",\r\n          \"type\": \"Edm.Int32\",\r\n          \"searchable\": false,\r\n          \"filterable\": true,\r\n          \"retrievable\": true,\r\n          \"sortable\": false,\r\n          \"facetable\": true,\r\n          \"key\": false,\r\n          \"indexAnalyzer\": null,\r\n          \"searchAnalyzer\": null,\r\n          \"analyzer\": null,\r\n          \"synonymMaps\": []\r\n        },\r\n        {\r\n          \"name\": \"smokingAllowed\",\r\n          \"type\": \"Edm.Boolean\",\r\n          \"searchable\": false,\r\n          \"filterable\": true,\r\n          \"retrievable\": true,\r\n          \"sortable\": false,\r\n          \"facetable\": true,\r\n          \"key\": false,\r\n          \"indexAnalyzer\": null,\r\n          \"searchAnalyzer\": null,\r\n          \"analyzer\": null,\r\n          \"synonymMaps\": []\r\n        },\r\n        {\r\n          \"name\": \"tags\",\r\n          \"type\": \"Collection(Edm.String)\",\r\n          \"searchable\": true,\r\n          \"filterable\": true,\r\n          \"retrievable\": true,\r\n          \"sortable\": false,\r\n          \"facetable\": true,\r\n          \"key\": false,\r\n          \"indexAnalyzer\": null,\r\n          \"searchAnalyzer\": null,\r\n          \"analyzer\": null,\r\n          \"synonymMaps\": []\r\n        }\r\n      ]\r\n    },\r\n    {\r\n      \"name\": \"totalGuests\",\r\n      \"type\": \"Edm.Int64\",\r\n      \"searchable\": false,\r\n      \"filterable\": true,\r\n      \"retrievable\": false,\r\n      \"sortable\": true,\r\n      \"facetable\": true,\r\n      \"key\": false,\r\n      \"indexAnalyzer\": null,\r\n      \"searchAnalyzer\": null,\r\n      \"analyzer\": null,\r\n      \"synonymMaps\": []\r\n    },\r\n    {\r\n      \"name\": \"profitMargin\",\r\n      \"type\": \"Edm.Double\",\r\n      \"searchable\": false,\r\n      \"filterable\": false,\r\n      \"retrievable\": true,\r\n      \"sortable\": false,\r\n      \"facetable\": false,\r\n      \"key\": false,\r\n      \"indexAnalyzer\": null,\r\n      \"searchAnalyzer\": null,\r\n      \"analyzer\": null,\r\n      \"synonymMaps\": []\r\n    }\r\n  ],\r\n  \"scoringProfiles\": [\r\n    {\r\n      \"name\": \"MyProfile\",\r\n      \"functionAggregation\": \"average\",\r\n      \"text\": {\r\n        \"weights\": {\r\n          \"description\": 1.5,\r\n          \"category\": 2.0\r\n        }\r\n      },\r\n      \"functions\": [\r\n        {\r\n          \"fieldName\": \"rating\",\r\n          \"interpolation\": \"constant\",\r\n          \"type\": \"magnitude\",\r\n          \"boost\": 2.0,\r\n          \"freshness\": null,\r\n          \"magnitude\": {\r\n            \"boostingRangeStart\": 1.0,\r\n            \"boostingRangeEnd\": 4.0,\r\n            \"constantBoostBeyondRange\": true\r\n          },\r\n          \"distance\": null,\r\n          \"tag\": null\r\n        },\r\n        {\r\n          \"fieldName\": \"location\",\r\n          \"interpolation\": \"linear\",\r\n          \"type\": \"distance\",\r\n          \"boost\": 1.5,\r\n          \"freshness\": null,\r\n          \"magnitude\": null,\r\n          \"distance\": {\r\n            \"referencePointParameter\": \"loc\",\r\n            \"boostingDistance\": 5.0\r\n          },\r\n          \"tag\": null\r\n        },\r\n        {\r\n          \"fieldName\": \"lastRenovationDate\",\r\n          \"interpolation\": \"logarithmic\",\r\n          \"type\": \"freshness\",\r\n          \"boost\": 1.1,\r\n          \"freshness\": {\r\n            \"boostingDuration\": \"P365D\"\r\n          },\r\n          \"magnitude\": null,\r\n          \"distance\": null,\r\n          \"tag\": null\r\n        }\r\n      ]\r\n    },\r\n    {\r\n      \"name\": \"ProfileTwo\",\r\n      \"functionAggregation\": \"maximum\",\r\n      \"text\": null,\r\n      \"functions\": [\r\n        {\r\n          \"fieldName\": \"tags\",\r\n          \"interpolation\": \"linear\",\r\n          \"type\": \"tag\",\r\n          \"boost\": 1.5,\r\n          \"freshness\": null,\r\n          \"magnitude\": null,\r\n          \"distance\": null,\r\n          \"tag\": {\r\n            \"tagsParameter\": \"mytags\"\r\n          }\r\n        }\r\n      ]\r\n    },\r\n    {\r\n      \"name\": \"ProfileThree\",\r\n      \"functionAggregation\": \"minimum\",\r\n      \"text\": null,\r\n      \"functions\": [\r\n        {\r\n          \"fieldName\": \"rating\",\r\n          \"interpolation\": \"quadratic\",\r\n          \"type\": \"magnitude\",\r\n          \"boost\": 3.0,\r\n          \"freshness\": null,\r\n          \"magnitude\": {\r\n            \"boostingRangeStart\": 0.0,\r\n            \"boostingRangeEnd\": 10.0,\r\n            \"constantBoostBeyondRange\": false\r\n          },\r\n          \"distance\": null,\r\n          \"tag\": null\r\n        }\r\n      ]\r\n    },\r\n    {\r\n      \"name\": \"ProfileFour\",\r\n      \"functionAggregation\": \"firstMatching\",\r\n      \"text\": null,\r\n      \"functions\": [\r\n        {\r\n          \"fieldName\": \"rating\",\r\n          \"interpolation\": \"constant\",\r\n          \"type\": \"magnitude\",\r\n          \"boost\": 3.14,\r\n          \"freshness\": null,\r\n          \"magnitude\": {\r\n            \"boostingRangeStart\": 1.0,\r\n            \"boostingRangeEnd\": 5.0,\r\n            \"constantBoostBeyondRange\": false\r\n          },\r\n          \"distance\": null,\r\n          \"tag\": null\r\n        }\r\n      ]\r\n    }\r\n  ],\r\n  \"corsOptions\": {\r\n    \"allowedOrigins\": [\r\n      \"*\"\r\n    ],\r\n    \"maxAgeInSeconds\": 60\r\n  },\r\n  \"suggesters\": [\r\n    {\r\n      \"name\": \"FancySuggester\",\r\n      \"searchMode\": \"analyzingInfixMatching\",\r\n      \"sourceFields\": [\r\n        \"hotelName\"\r\n      ]\r\n    }\r\n  ],\r\n  \"analyzers\": [],\r\n  \"tokenizers\": [],\r\n  \"tokenFilters\": [],\r\n  \"charFilters\": [],\r\n  \"encryptionKey\": null\r\n}",
      "StatusCode": 200
    },
    {
      "RequestUri": "/subscriptions/3c729b2a-4f86-4bb2-abe8-4b8647af156c/resourceGroups/azsmnet3360/providers/Microsoft.Search/searchServices/azs-7171?api-version=2015-08-19",
      "EncodedRequestUri": "L3N1YnNjcmlwdGlvbnMvM2M3MjliMmEtNGY4Ni00YmIyLWFiZTgtNGI4NjQ3YWYxNTZjL3Jlc291cmNlR3JvdXBzL2F6c21uZXQzMzYwL3Byb3ZpZGVycy9NaWNyb3NvZnQuU2VhcmNoL3NlYXJjaFNlcnZpY2VzL2F6cy03MTcxP2FwaS12ZXJzaW9uPTIwMTUtMDgtMTk=",
      "RequestMethod": "DELETE",
      "RequestBody": "",
      "RequestHeaders": {
        "x-ms-client-request-id": [
          "dbe68666-9f05-4778-a8db-1d0f3ada7c47"
        ],
        "accept-language": [
          "en-US"
        ],
        "User-Agent": [
          "FxVersion/4.8.4018.0",
          "OSName/Windows",
          "OSVersion/10.0.18362.0",
          "Microsoft.Azure.Management.Search.SearchManagementClient/3.0.0.0"
        ]
      },
      "ResponseHeaders": {
        "Pragma": [
          "no-cache"
        ],
        "x-ms-request-id": [
          "dbe68666-9f05-4778-a8db-1d0f3ada7c47"
        ],
        "request-id": [
          "dbe68666-9f05-4778-a8db-1d0f3ada7c47"
        ],
        "elapsed-time": [
          "985"
        ],
        "Strict-Transport-Security": [
          "max-age=31536000; includeSubDomains"
        ],
        "x-ms-ratelimit-remaining-subscription-deletes": [
          "14996"
        ],
        "x-ms-correlation-request-id": [
          "6bb17045-8cae-4f15-968c-02e36459f426"
        ],
        "x-ms-routing-request-id": [
          "NORTHEUROPE:20191028T195355Z:6bb17045-8cae-4f15-968c-02e36459f426"
        ],
        "X-Content-Type-Options": [
          "nosniff"
        ],
        "Cache-Control": [
          "no-cache"
        ],
        "Date": [
          "Mon, 28 Oct 2019 19:53:55 GMT"
        ],
        "Content-Length": [
          "0"
        ],
        "Expires": [
          "-1"
        ]
      },
      "ResponseBody": "",
      "StatusCode": 200
    }
  ],
  "Names": {
    "GenerateName": [
      "azsmnet3360",
      "azsmnet4485"
    ],
    "GenerateServiceName": [
      "azs-7171"
    ]
  },
  "Variables": {
    "SubscriptionId": "3c729b2a-4f86-4bb2-abe8-4b8647af156c"
  }
}