{
  "Entries": [
    {
      "RequestUri": "https://management.azure.com/subscriptions/69a75bda-882e-44d5-8431-63421204132a?api-version=2021-01-01",
      "RequestMethod": "GET",
      "RequestHeaders": {
        "Accept": "application/json",
        "Authorization": "Sanitized",
        "traceparent": "00-38b28f4297790c4817a1f00d8349b235-4387068cb76a47e5-00",
        "User-Agent": "azsdk-net-ResourceManager/1.3.2 (.NET 6.0.14; Microsoft Windows 10.0.22000)",
        "x-ms-client-request-id": "e14a2a7255df9979546bc2afe24300e6",
        "x-ms-return-client-request-id": "true"
      },
      "RequestBody": null,
      "StatusCode": 200,
      "ResponseHeaders": {
        "Cache-Control": "no-cache",
        "Content-Length": "422",
        "Content-Type": "application/json; charset=utf-8",
        "Date": "Mon, 27 Feb 2023 15:18:41 GMT",
        "Expires": "-1",
        "Pragma": "no-cache",
        "Strict-Transport-Security": "max-age=31536000; includeSubDomains",
        "X-Content-Type-Options": "nosniff",
        "x-ms-correlation-request-id": "0615ecf7-1352-4829-83e9-a0b6cd4a3715",
        "x-ms-ratelimit-remaining-subscription-reads": "11963",
        "x-ms-request-id": "0615ecf7-1352-4829-83e9-a0b6cd4a3715",
        "x-ms-routing-request-id": "SWEDENSOUTH:20230227T151841Z:0615ecf7-1352-4829-83e9-a0b6cd4a3715"
      },
      "ResponseBody": {
        "id": "/subscriptions/69a75bda-882e-44d5-8431-63421204132a",
        "authorizationSource": "RoleBased",
        "managedByTenants": [],
        "tags": {
          "SkipNRMSNSG": "true"
        },
        "subscriptionId": "69a75bda-882e-44d5-8431-63421204132a",
        "tenantId": "72f988bf-86f1-41af-91ab-2d7cd011db47",
        "displayName": "QATest02-SVL",
        "state": "Enabled",
        "subscriptionPolicies": {
          "locationPlacementId": "Internal_2014-09-01",
          "quotaId": "Internal_2014-09-01",
          "spendingLimit": "Off"
        }
      }
    },
    {
      "RequestUri": "https://management.azure.com/subscriptions/69a75bda-882e-44d5-8431-63421204132a/resourcegroups/testNetAppDotNetSDKRG-7184?api-version=2021-04-01",
      "RequestMethod": "PUT",
      "RequestHeaders": {
        "Accept": "application/json",
        "Authorization": "Sanitized",
        "Content-Length": "63",
        "Content-Type": "application/json",
        "traceparent": "00-1809f3608b97b30a20ccca6311d59d8f-ea6285ba7eef9224-00",
        "User-Agent": "azsdk-net-ResourceManager/1.3.2 (.NET 6.0.14; Microsoft Windows 10.0.22000)",
        "x-ms-client-request-id": "8cf831f226f574c7b7739e483eb9b50c",
        "x-ms-return-client-request-id": "true"
      },
      "RequestBody": {
        "tags": {
          "test": "env",
          "Owner": "b-aubald"
        },
        "location": "westus2"
      },
      "StatusCode": 201,
      "ResponseHeaders": {
        "Cache-Control": "no-cache",
        "Content-Length": "359",
        "Content-Type": "application/json; charset=utf-8",
        "Date": "Mon, 27 Feb 2023 15:18:43 GMT",
        "Expires": "-1",
        "Pragma": "no-cache",
        "Strict-Transport-Security": "max-age=31536000; includeSubDomains",
        "X-Content-Type-Options": "nosniff",
        "x-ms-correlation-request-id": "eaae5f59-00b1-48fa-9dc6-79dccb6f6d53",
        "x-ms-ratelimit-remaining-subscription-writes": "1196",
        "x-ms-request-id": "eaae5f59-00b1-48fa-9dc6-79dccb6f6d53",
        "x-ms-routing-request-id": "SWEDENSOUTH:20230227T151843Z:eaae5f59-00b1-48fa-9dc6-79dccb6f6d53"
      },
      "ResponseBody": {
        "id": "/subscriptions/69a75bda-882e-44d5-8431-63421204132a/resourceGroups/testNetAppDotNetSDKRG-7184",
        "name": "testNetAppDotNetSDKRG-7184",
        "type": "Microsoft.Resources/resourceGroups",
        "location": "westus2",
        "tags": {
          "test": "env",
          "Owner": "b-aubald",
          "CreatedOnDate": "2023-02-27T15:18:42.5354694Z",
          "SkipNRMSNSG": "true"
        },
        "properties": {
          "provisioningState": "Succeeded"
        }
      }
    },
    {
      "RequestUri": "https://management.azure.com/subscriptions/69a75bda-882e-44d5-8431-63421204132a/providers/Microsoft.NetApp/locations/westus2/checkNameAvailability?api-version=2022-09-01",
      "RequestMethod": "POST",
      "RequestHeaders": {
        "Accept": "application/json",
        "Authorization": "Sanitized",
        "Content-Length": "108",
        "Content-Type": "application/json",
        "traceparent": "00-07a1adbb6ad15938223d2f099ba1ab6a-33240309d549d795-00",
        "User-Agent": "azsdk-net-ResourceManager.NetApp/1.1.0-alpha.20230223.1 (.NET 6.0.14; Microsoft Windows 10.0.22000)",
        "x-ms-client-request-id": "116d350c245e4c4cf256d82eecd4aa59",
        "x-ms-return-client-request-id": "true"
      },
      "RequestBody": {
        "name": "account3698",
        "type": "Microsoft.NetApp/netAppAccounts",
        "resourceGroup": "testNetAppDotNetSDKRG-7184"
      },
      "StatusCode": 200,
      "ResponseHeaders": {
        "Cache-Control": "no-cache",
        "Content-Length": "20",
        "Content-Type": "application/json; charset=utf-8",
        "Date": "Mon, 27 Feb 2023 15:18:44 GMT",
        "Expires": "-1",
        "Pragma": "no-cache",
        "Server": "Microsoft-IIS/10.0",
        "Strict-Transport-Security": "max-age=31536000; includeSubDomains",
        "X-Content-Type-Options": "nosniff",
        "x-ms-correlation-request-id": "af5440c9-5f06-42e4-b58a-73848cda4070",
        "x-ms-ratelimit-remaining-subscription-writes": "1198",
        "x-ms-request-id": "941828cf-97ff-4ca0-b11e-31699df9475c",
        "x-ms-routing-request-id": "SWEDENSOUTH:20230227T151844Z:af5440c9-5f06-42e4-b58a-73848cda4070",
        "X-Powered-By": "ASP.NET"
      },
      "ResponseBody": {
        "isAvailable": true
      }
    },
    {
      "RequestUri": "https://management.azure.com/subscriptions/69a75bda-882e-44d5-8431-63421204132a/resourceGroups/testNetAppDotNetSDKRG-7184/providers/Microsoft.NetApp/netAppAccounts/account3698?api-version=2022-09-01",
      "RequestMethod": "PUT",
      "RequestHeaders": {
        "Accept": "application/json",
        "Authorization": "Sanitized",
        "Content-Length": "79",
        "Content-Type": "application/json",
        "traceparent": "00-c3be30b98ec8c6f6570087541183205c-664862e441a91abc-00",
        "User-Agent": "azsdk-net-ResourceManager.NetApp/1.1.0-alpha.20230223.1 (.NET 6.0.14; Microsoft Windows 10.0.22000)",
        "x-ms-client-request-id": "e67b5df97ce583036d27e1db5015b10d",
        "x-ms-return-client-request-id": "true"
      },
      "RequestBody": {
        "tags": {
          "key1": "value1",
          "key2": "value2"
        },
        "location": "westus2",
        "properties": {}
      },
      "StatusCode": 201,
      "ResponseHeaders": {
        "Azure-AsyncOperation": "https://management.azure.com/subscriptions/69a75bda-882e-44d5-8431-63421204132a/providers/Microsoft.NetApp/locations/westus2/operationResults/a2f91120-e70c-4df6-959e-85290bf1afbc?api-version=2022-09-01",
        "Cache-Control": "no-cache",
        "Content-Length": "1131",
        "Content-Type": "application/json; charset=utf-8",
        "Date": "Mon, 27 Feb 2023 15:18:47 GMT",
        "ETag": "W/\u0022datetime\u00272023-02-27T15%3A18%3A46.0867862Z\u0027\u0022",
        "Expires": "-1",
        "Pragma": "no-cache",
        "Server": "Microsoft-IIS/10.0",
        "Strict-Transport-Security": "max-age=31536000; includeSubDomains",
        "X-Content-Type-Options": "nosniff",
        "x-ms-correlation-request-id": "fcac3d25-226d-4105-bff1-f5e0412c0800",
        "x-ms-ratelimit-remaining-subscription-writes": "1195",
        "x-ms-request-id": "162e1dc8-e6c3-423f-a458-43b70a8a96ec",
        "x-ms-routing-request-id": "SWEDENSOUTH:20230227T151847Z:fcac3d25-226d-4105-bff1-f5e0412c0800",
        "X-Powered-By": "ASP.NET"
      },
      "ResponseBody": {
        "id": "/subscriptions/69a75bda-882e-44d5-8431-63421204132a/resourceGroups/testNetAppDotNetSDKRG-7184/providers/Microsoft.NetApp/netAppAccounts/account3698",
        "name": "account3698",
        "type": "Microsoft.NetApp/netAppAccounts",
        "etag": "W/\u0022datetime\u00272023-02-27T15%3A18%3A46.0867862Z\u0027\u0022",
        "location": "westus2",
        "tags": {
          "key1": "value1",
          "key2": "value2",
          "CreatedOnDate": "2023-02-27T15:18:44.3444083Z"
        },
        "properties": {
          "activeDirectories": [
            {
              "activeDirectoryId": "09ef3da0-c3dd-8e10-a69c-04a84d8ebc85",
              "username": "sdkuser",
              "password": "****************",
              "domain": "sdkdomain",
              "dns": "192.0.2.2",
              "status": "Created",
              "smbServerName": "PSSMBSName",
              "organizationalUnit": "CN=Computers",
              "adName": "ps1792",
              "aesEncryption": false,
              "ldapSigning": false,
              "ldapOverTLS": false,
              "allowLocalNfsUsersWithLdap": false,
              "encryptDCConnections": false,
              "ldapSearchScope": {}
            }
          ],
          "provisioningState": "Creating"
        },
        "systemData": {
          "createdBy": "c6c4faba-2b22-44d9-80a4-71ff5b71f811",
          "createdByType": "Application",
          "createdAt": "2023-02-27T15:18:45.9286953Z",
          "lastModifiedBy": "c6c4faba-2b22-44d9-80a4-71ff5b71f811",
          "lastModifiedByType": "Application",
          "lastModifiedAt": "2023-02-27T15:18:45.9286953Z"
        }
      }
    },
    {
      "RequestUri": "https://management.azure.com/subscriptions/69a75bda-882e-44d5-8431-63421204132a/providers/Microsoft.NetApp/locations/westus2/operationResults/a2f91120-e70c-4df6-959e-85290bf1afbc?api-version=2022-09-01",
      "RequestMethod": "GET",
      "RequestHeaders": {
        "Authorization": "Sanitized",
        "traceparent": "00-c3be30b98ec8c6f6570087541183205c-abae5c0cf379b5e5-00",
        "User-Agent": "azsdk-net-ResourceManager/1.3.2 (.NET 6.0.14; Microsoft Windows 10.0.22000)",
        "x-ms-client-request-id": "5b45eff3263a8fb931e9a4364271fbdd",
        "x-ms-return-client-request-id": "true"
      },
      "RequestBody": null,
      "StatusCode": 200,
      "ResponseHeaders": {
        "Cache-Control": "no-cache",
        "Content-Length": "532",
        "Content-Type": "application/json; charset=utf-8",
        "Date": "Mon, 27 Feb 2023 15:18:47 GMT",
        "Expires": "-1",
        "Pragma": "no-cache",
        "Server": "Microsoft-IIS/10.0",
        "Strict-Transport-Security": "max-age=31536000; includeSubDomains",
        "X-Content-Type-Options": "nosniff",
        "x-ms-correlation-request-id": "a6fae4ed-d52c-4d4b-990c-b71c101cce43",
        "x-ms-ratelimit-remaining-subscription-reads": "11962",
        "x-ms-request-id": "3df7ec1c-8689-492d-b374-d482f226da1a",
        "x-ms-routing-request-id": "SWEDENSOUTH:20230227T151847Z:a6fae4ed-d52c-4d4b-990c-b71c101cce43",
        "X-Powered-By": "ASP.NET"
      },
      "ResponseBody": {
        "id": "/subscriptions/69a75bda-882e-44d5-8431-63421204132a/providers/Microsoft.NetApp/locations/westus2/operationResults/a2f91120-e70c-4df6-959e-85290bf1afbc",
        "name": "a2f91120-e70c-4df6-959e-85290bf1afbc",
        "status": "Succeeded",
        "startTime": "2023-02-27T15:18:46.0933251Z",
        "endTime": "2023-02-27T15:18:46.1483805Z",
        "percentComplete": 100.0,
        "properties": {
          "resourceName": "/subscriptions/69a75bda-882e-44d5-8431-63421204132a/resourceGroups/testNetAppDotNetSDKRG-7184/providers/Microsoft.NetApp/netAppAccounts/account3698",
          "action": "CREATE"
        }
      }
    },
    {
      "RequestUri": "https://management.azure.com/subscriptions/69a75bda-882e-44d5-8431-63421204132a/resourceGroups/testNetAppDotNetSDKRG-7184/providers/Microsoft.NetApp/netAppAccounts/account3698?api-version=2022-09-01",
      "RequestMethod": "GET",
      "RequestHeaders": {
        "Authorization": "Sanitized",
        "traceparent": "00-c3be30b98ec8c6f6570087541183205c-403c88ef434ab890-00",
        "User-Agent": "azsdk-net-ResourceManager/1.3.2 (.NET 6.0.14; Microsoft Windows 10.0.22000)",
        "x-ms-client-request-id": "a88acba4df9d92e0c96d39a57a339426",
        "x-ms-return-client-request-id": "true"
      },
      "RequestBody": null,
      "StatusCode": 200,
      "ResponseHeaders": {
        "Cache-Control": "no-cache",
        "Content-Length": "1178",
        "Content-Type": "application/json; charset=utf-8",
        "Date": "Mon, 27 Feb 2023 15:18:48 GMT",
        "ETag": "W/\u0022datetime\u00272023-02-27T15%3A18%3A46.1425916Z\u0027\u0022",
        "Expires": "-1",
        "Pragma": "no-cache",
        "Server": "Microsoft-IIS/10.0",
        "Strict-Transport-Security": "max-age=31536000; includeSubDomains",
        "X-Content-Type-Options": "nosniff",
        "x-ms-correlation-request-id": "84020530-6a65-460e-8268-b3bfd9c85532",
        "x-ms-ratelimit-remaining-subscription-reads": "11961",
        "x-ms-request-id": "5c7fd2d8-1c93-4470-b842-5b29645a5046",
        "x-ms-routing-request-id": "SWEDENSOUTH:20230227T151848Z:84020530-6a65-460e-8268-b3bfd9c85532",
        "X-Powered-By": "ASP.NET"
      },
      "ResponseBody": {
        "id": "/subscriptions/69a75bda-882e-44d5-8431-63421204132a/resourceGroups/testNetAppDotNetSDKRG-7184/providers/Microsoft.NetApp/netAppAccounts/account3698",
        "name": "account3698",
        "type": "Microsoft.NetApp/netAppAccounts",
        "etag": "W/\u0022datetime\u00272023-02-27T15%3A18%3A46.1425916Z\u0027\u0022",
        "location": "westus2",
        "tags": {
          "key1": "value1",
          "key2": "value2",
          "CreatedOnDate": "2023-02-27T15:18:44.3444083Z"
        },
        "properties": {
          "activeDirectories": [
            {
              "activeDirectoryId": "09ef3da0-c3dd-8e10-a69c-04a84d8ebc85",
              "username": "sdkuser",
              "password": "****************",
              "domain": "sdkdomain",
              "dns": "192.0.2.2",
              "status": "Created",
              "smbServerName": "PSSMBSName",
              "organizationalUnit": "CN=Computers",
              "adName": "ps1792",
              "aesEncryption": false,
              "ldapSigning": false,
              "ldapOverTLS": false,
              "allowLocalNfsUsersWithLdap": false,
              "encryptDCConnections": false,
              "ldapSearchScope": {}
            }
          ],
          "encryption": {
            "keySource": "Microsoft.NetApp"
          },
          "provisioningState": "Succeeded"
        },
        "systemData": {
          "createdBy": "c6c4faba-2b22-44d9-80a4-71ff5b71f811",
          "createdByType": "Application",
          "createdAt": "2023-02-27T15:18:45.9286953Z",
          "lastModifiedBy": "c6c4faba-2b22-44d9-80a4-71ff5b71f811",
          "lastModifiedByType": "Application",
          "lastModifiedAt": "2023-02-27T15:18:45.9286953Z"
        }
      }
    },
    {
      "RequestUri": "https://management.azure.com/subscriptions/69a75bda-882e-44d5-8431-63421204132a/resourceGroups/testNetAppDotNetSDKRG-7184/providers/Microsoft.NetApp/netAppAccounts/account3698/backupPolicies/backupPolicy-2793?api-version=2022-09-01",
      "RequestMethod": "PUT",
      "RequestHeaders": {
        "Accept": "application/json",
        "Authorization": "Sanitized",
        "Content-Length": "134",
        "Content-Type": "application/json",
        "traceparent": "00-818501d1c150cfbbc4ca466098a96b54-22b2f18fb71bbbb6-00",
        "User-Agent": "azsdk-net-ResourceManager.NetApp/1.1.0-alpha.20230223.1 (.NET 6.0.14; Microsoft Windows 10.0.22000)",
        "x-ms-client-request-id": "cf61e741d255897da7998ec25cca3b44",
        "x-ms-return-client-request-id": "true"
      },
      "RequestBody": {
        "tags": {},
        "location": "westus2",
        "properties": {
          "dailyBackupsToKeep": 4,
          "weeklyBackupsToKeep": 3,
          "monthlyBackupsToKeep": 2,
          "enabled": true
        }
      },
      "StatusCode": 201,
      "ResponseHeaders": {
        "Azure-AsyncOperation": "https://management.azure.com/subscriptions/69a75bda-882e-44d5-8431-63421204132a/providers/Microsoft.NetApp/locations/westus2/operationResults/072b9368-1772-43eb-aa36-597d62346f04?api-version=2022-09-01",
        "Cache-Control": "no-cache",
        "Content-Length": "830",
        "Content-Type": "application/json; charset=utf-8",
        "Date": "Mon, 27 Feb 2023 15:18:51 GMT",
        "ETag": "W/\u0022datetime\u00272023-02-27T15%3A18%3A50.1704503Z\u0027\u0022",
        "Expires": "-1",
        "Pragma": "no-cache",
        "Server": "Microsoft-IIS/10.0",
        "Strict-Transport-Security": "max-age=31536000; includeSubDomains",
        "X-Content-Type-Options": "nosniff",
        "x-ms-correlation-request-id": "ed599ca4-43be-4c72-901a-3565fcd4e193",
        "x-ms-ratelimit-remaining-subscription-writes": "1194",
        "x-ms-request-id": "fa458f8e-3522-42ea-96fa-21e6bee06b61",
        "x-ms-routing-request-id": "SWEDENSOUTH:20230227T151851Z:ed599ca4-43be-4c72-901a-3565fcd4e193",
        "X-Powered-By": "ASP.NET"
      },
      "ResponseBody": {
        "id": "/subscriptions/69a75bda-882e-44d5-8431-63421204132a/resourceGroups/testNetAppDotNetSDKRG-7184/providers/Microsoft.NetApp/netAppAccounts/account3698/backupPolicies/backupPolicy-2793",
        "name": "account3698/backupPolicy-2793",
        "type": "Microsoft.NetApp/netAppAccounts/backupPolicies",
        "etag": "W/\u0022datetime\u00272023-02-27T15%3A18%3A50.1704503Z\u0027\u0022",
        "location": "westus2",
        "tags": {
          "CreatedOnDate": "2023-02-27T15:18:48.3695073Z"
        },
        "properties": {
          "enabled": true,
          "dailyBackupsToKeep": 4,
          "weeklyBackupsToKeep": 3,
          "monthlyBackupsToKeep": 2,
          "provisioningState": "Creating"
        },
        "systemData": {
          "createdBy": "c6c4faba-2b22-44d9-80a4-71ff5b71f811",
          "createdByType": "Application",
          "createdAt": "2023-02-27T15:18:50.0536874Z",
          "lastModifiedBy": "c6c4faba-2b22-44d9-80a4-71ff5b71f811",
          "lastModifiedByType": "Application",
          "lastModifiedAt": "2023-02-27T15:18:50.0536874Z"
        }
      }
    },
    {
      "RequestUri": "https://management.azure.com/subscriptions/69a75bda-882e-44d5-8431-63421204132a/providers/Microsoft.NetApp/locations/westus2/operationResults/072b9368-1772-43eb-aa36-597d62346f04?api-version=2022-09-01",
      "RequestMethod": "GET",
      "RequestHeaders": {
        "Authorization": "Sanitized",
        "traceparent": "00-818501d1c150cfbbc4ca466098a96b54-4d0c20277957ac8c-00",
        "User-Agent": "azsdk-net-ResourceManager/1.3.2 (.NET 6.0.14; Microsoft Windows 10.0.22000)",
        "x-ms-client-request-id": "8901da7d0d9af84e0d1ff64551cf6da3",
        "x-ms-return-client-request-id": "true"
      },
      "RequestBody": null,
      "StatusCode": 200,
      "ResponseHeaders": {
        "Cache-Control": "no-cache",
        "Content-Length": "565",
        "Content-Type": "application/json; charset=utf-8",
        "Date": "Mon, 27 Feb 2023 15:18:51 GMT",
        "Expires": "-1",
        "Pragma": "no-cache",
        "Server": "Microsoft-IIS/10.0",
        "Strict-Transport-Security": "max-age=31536000; includeSubDomains",
        "X-Content-Type-Options": "nosniff",
        "x-ms-correlation-request-id": "95ec726e-6154-41be-8ae4-0cef28275b17",
        "x-ms-ratelimit-remaining-subscription-reads": "11960",
        "x-ms-request-id": "7605a55c-3a7b-43a4-95c2-0c4d66ba0a3a",
        "x-ms-routing-request-id": "SWEDENSOUTH:20230227T151851Z:95ec726e-6154-41be-8ae4-0cef28275b17",
        "X-Powered-By": "ASP.NET"
      },
      "ResponseBody": {
        "id": "/subscriptions/69a75bda-882e-44d5-8431-63421204132a/providers/Microsoft.NetApp/locations/westus2/operationResults/072b9368-1772-43eb-aa36-597d62346f04",
        "name": "072b9368-1772-43eb-aa36-597d62346f04",
        "status": "Succeeded",
        "startTime": "2023-02-27T15:18:50.1780317Z",
        "endTime": "2023-02-27T15:18:50.5179188Z",
        "percentComplete": 100.0,
        "properties": {
          "resourceName": "/subscriptions/69a75bda-882e-44d5-8431-63421204132a/resourceGroups/testNetAppDotNetSDKRG-7184/providers/Microsoft.NetApp/netAppAccounts/account3698/backupPolicies/backupPolicy-2793",
          "action": "CREATE"
        }
      }
    },
    {
      "RequestUri": "https://management.azure.com/subscriptions/69a75bda-882e-44d5-8431-63421204132a/resourceGroups/testNetAppDotNetSDKRG-7184/providers/Microsoft.NetApp/netAppAccounts/account3698/backupPolicies/backupPolicy-2793?api-version=2022-09-01",
      "RequestMethod": "GET",
      "RequestHeaders": {
        "Authorization": "Sanitized",
        "traceparent": "00-818501d1c150cfbbc4ca466098a96b54-cc9b781ef6bb5b83-00",
        "User-Agent": "azsdk-net-ResourceManager/1.3.2 (.NET 6.0.14; Microsoft Windows 10.0.22000)",
        "x-ms-client-request-id": "075661fe6b703f39d3521cc305907592",
        "x-ms-return-client-request-id": "true"
      },
      "RequestBody": null,
      "StatusCode": 200,
      "ResponseHeaders": {
        "Cache-Control": "no-cache",
        "Content-Length": "907",
        "Content-Type": "application/json; charset=utf-8",
        "Date": "Mon, 27 Feb 2023 15:18:51 GMT",
        "ETag": "W/\u0022datetime\u00272023-02-27T15%3A18%3A50.5120465Z\u0027\u0022",
        "Expires": "-1",
        "Pragma": "no-cache",
        "Server": "Microsoft-IIS/10.0",
        "Strict-Transport-Security": "max-age=31536000; includeSubDomains",
        "X-Content-Type-Options": "nosniff",
        "x-ms-correlation-request-id": "b8a57630-50b9-4ed6-b51a-d88d329b1f92",
        "x-ms-ratelimit-remaining-subscription-reads": "11959",
        "x-ms-request-id": "d31a4265-3b01-40c2-a11e-7aabb181ff4f",
        "x-ms-routing-request-id": "SWEDENSOUTH:20230227T151852Z:b8a57630-50b9-4ed6-b51a-d88d329b1f92",
        "X-Powered-By": "ASP.NET"
      },
      "ResponseBody": {
        "id": "/subscriptions/69a75bda-882e-44d5-8431-63421204132a/resourceGroups/testNetAppDotNetSDKRG-7184/providers/Microsoft.NetApp/netAppAccounts/account3698/backupPolicies/backupPolicy-2793",
        "name": "account3698/backupPolicy-2793",
        "type": "Microsoft.NetApp/netAppAccounts/backupPolicies",
        "etag": "W/\u0022datetime\u00272023-02-27T15%3A18%3A50.5120465Z\u0027\u0022",
        "location": "westus2",
        "tags": {
          "CreatedOnDate": "2023-02-27T15:18:48.3695073Z"
        },
        "properties": {
          "enabled": true,
          "backupPolicyId": "09e764da-b6b2-11ed-b478-f2bc1cb2ae42",
          "dailyBackupsToKeep": 4,
          "weeklyBackupsToKeep": 3,
          "monthlyBackupsToKeep": 2,
          "volumesAssigned": 0,
          "provisioningState": "Succeeded"
        },
        "systemData": {
          "createdBy": "c6c4faba-2b22-44d9-80a4-71ff5b71f811",
          "createdByType": "Application",
          "createdAt": "2023-02-27T15:18:50.0536874Z",
          "lastModifiedBy": "c6c4faba-2b22-44d9-80a4-71ff5b71f811",
          "lastModifiedByType": "Application",
          "lastModifiedAt": "2023-02-27T15:18:50.0536874Z"
        }
      }
    },
    {
      "RequestUri": "https://management.azure.com/subscriptions/69a75bda-882e-44d5-8431-63421204132a/resourceGroups/testNetAppDotNetSDKRG-7184/providers/Microsoft.NetApp/netAppAccounts/account3698/capacityPools/pool-9525?api-version=2022-09-01",
      "RequestMethod": "PUT",
      "RequestHeaders": {
        "Accept": "application/json",
        "Authorization": "Sanitized",
        "Content-Length": "124",
        "Content-Type": "application/json",
        "traceparent": "00-819654485332b0eeb3fce0546c45ed1d-dac87e17ba7eee16-00",
        "User-Agent": "azsdk-net-ResourceManager.NetApp/1.1.0-alpha.20230223.1 (.NET 6.0.14; Microsoft Windows 10.0.22000)",
        "x-ms-client-request-id": "c8824539aab1dd172bad030bcebce324",
        "x-ms-return-client-request-id": "true"
      },
      "RequestBody": {
        "tags": {
          "key1": "value1",
          "key2": "value2"
        },
        "location": "westus2",
        "properties": {
          "size": 4398046511104,
          "serviceLevel": "Premium"
        }
      },
      "StatusCode": 201,
      "ResponseHeaders": {
        "Azure-AsyncOperation": "https://management.azure.com/subscriptions/69a75bda-882e-44d5-8431-63421204132a/providers/Microsoft.NetApp/locations/westus2/operationResults/91395842-30b2-4c57-a672-81ac28c6f4f9?api-version=2022-09-01",
        "Cache-Control": "no-cache",
        "Content-Length": "860",
        "Content-Type": "application/json; charset=utf-8",
        "Date": "Mon, 27 Feb 2023 15:18:54 GMT",
        "ETag": "W/\u0022datetime\u00272023-02-27T15%3A18%3A53.9532864Z\u0027\u0022",
        "Expires": "-1",
        "Pragma": "no-cache",
        "Server": "Microsoft-IIS/10.0",
        "Strict-Transport-Security": "max-age=31536000; includeSubDomains",
        "X-Content-Type-Options": "nosniff",
        "x-ms-correlation-request-id": "bf0e99e7-e377-4f73-a0b8-0b3eda476323",
        "x-ms-ratelimit-remaining-subscription-writes": "1193",
        "x-ms-request-id": "3a1e5daa-a0bc-477e-9de8-58e8e1da861f",
        "x-ms-routing-request-id": "SWEDENSOUTH:20230227T151855Z:bf0e99e7-e377-4f73-a0b8-0b3eda476323",
        "X-Powered-By": "ASP.NET"
      },
      "ResponseBody": {
        "id": "/subscriptions/69a75bda-882e-44d5-8431-63421204132a/resourceGroups/testNetAppDotNetSDKRG-7184/providers/Microsoft.NetApp/netAppAccounts/account3698/capacityPools/pool-9525",
        "name": "account3698/pool-9525",
        "type": "Microsoft.NetApp/netAppAccounts/capacityPools",
        "etag": "W/\u0022datetime\u00272023-02-27T15%3A18%3A53.9532864Z\u0027\u0022",
        "location": "westus2",
        "tags": {
          "key1": "value1",
          "key2": "value2",
          "CreatedOnDate": "2023-02-27T15:18:52.3558111Z"
        },
        "properties": {
          "serviceLevel": "Premium",
          "size": 4398046511104,
          "totalThroughputMibps": 0.0,
          "utilizedThroughputMibps": 0.0,
          "provisioningState": "Creating"
        },
        "systemData": {
          "createdBy": "c6c4faba-2b22-44d9-80a4-71ff5b71f811",
          "createdByType": "Application",
          "createdAt": "2023-02-27T15:18:53.7256523Z",
          "lastModifiedBy": "c6c4faba-2b22-44d9-80a4-71ff5b71f811",
          "lastModifiedByType": "Application",
          "lastModifiedAt": "2023-02-27T15:18:53.7256523Z"
        }
      }
    },
    {
      "RequestUri": "https://management.azure.com/subscriptions/69a75bda-882e-44d5-8431-63421204132a/providers/Microsoft.NetApp/locations/westus2/operationResults/91395842-30b2-4c57-a672-81ac28c6f4f9?api-version=2022-09-01",
      "RequestMethod": "GET",
      "RequestHeaders": {
        "Authorization": "Sanitized",
        "traceparent": "00-819654485332b0eeb3fce0546c45ed1d-04f7249ce74380f1-00",
        "User-Agent": "azsdk-net-ResourceManager/1.3.2 (.NET 6.0.14; Microsoft Windows 10.0.22000)",
        "x-ms-client-request-id": "8a18ab64daebb74d3e2a45bd36330595",
        "x-ms-return-client-request-id": "true"
      },
      "RequestBody": null,
      "StatusCode": 200,
      "ResponseHeaders": {
        "Cache-Control": "no-cache",
        "Content-Length": "556",
        "Content-Type": "application/json; charset=utf-8",
        "Date": "Mon, 27 Feb 2023 15:18:54 GMT",
        "Expires": "-1",
        "Pragma": "no-cache",
        "Server": "Microsoft-IIS/10.0",
        "Strict-Transport-Security": "max-age=31536000; includeSubDomains",
        "X-Content-Type-Options": "nosniff",
        "x-ms-correlation-request-id": "3ffaece3-33f9-4d05-a39f-4a0247688da3",
        "x-ms-ratelimit-remaining-subscription-reads": "11958",
        "x-ms-request-id": "822effba-92bf-40cf-a094-9b5b447a6444",
        "x-ms-routing-request-id": "SWEDENSOUTH:20230227T151855Z:3ffaece3-33f9-4d05-a39f-4a0247688da3",
        "X-Powered-By": "ASP.NET"
      },
      "ResponseBody": {
        "id": "/subscriptions/69a75bda-882e-44d5-8431-63421204132a/providers/Microsoft.NetApp/locations/westus2/operationResults/91395842-30b2-4c57-a672-81ac28c6f4f9",
        "name": "91395842-30b2-4c57-a672-81ac28c6f4f9",
        "status": "Succeeded",
        "startTime": "2023-02-27T15:18:53.9604911Z",
        "endTime": "2023-02-27T15:18:54.0799494Z",
        "percentComplete": 100.0,
        "properties": {
          "resourceName": "/subscriptions/69a75bda-882e-44d5-8431-63421204132a/resourceGroups/testNetAppDotNetSDKRG-7184/providers/Microsoft.NetApp/netAppAccounts/account3698/capacityPools/pool-9525",
          "action": "CREATE"
        }
      }
    },
    {
      "RequestUri": "https://management.azure.com/subscriptions/69a75bda-882e-44d5-8431-63421204132a/resourceGroups/testNetAppDotNetSDKRG-7184/providers/Microsoft.NetApp/netAppAccounts/account3698/capacityPools/pool-9525?api-version=2022-09-01",
      "RequestMethod": "GET",
      "RequestHeaders": {
        "Authorization": "Sanitized",
        "traceparent": "00-819654485332b0eeb3fce0546c45ed1d-9451a94b680a9037-00",
        "User-Agent": "azsdk-net-ResourceManager/1.3.2 (.NET 6.0.14; Microsoft Windows 10.0.22000)",
        "x-ms-client-request-id": "a2dc9f39d3c254a433e106fb62265238",
        "x-ms-return-client-request-id": "true"
      },
      "RequestBody": null,
      "StatusCode": 200,
      "ResponseHeaders": {
        "Cache-Control": "no-cache",
        "Content-Length": "973",
        "Content-Type": "application/json; charset=utf-8",
        "Date": "Mon, 27 Feb 2023 15:18:55 GMT",
        "ETag": "W/\u0022datetime\u00272023-02-27T15%3A18%3A54.0709746Z\u0027\u0022",
        "Expires": "-1",
        "Pragma": "no-cache",
        "Server": "Microsoft-IIS/10.0",
        "Strict-Transport-Security": "max-age=31536000; includeSubDomains",
        "X-Content-Type-Options": "nosniff",
        "x-ms-correlation-request-id": "8cbed5e5-cd05-454d-b49e-66ba0d609a5a",
        "x-ms-ratelimit-remaining-subscription-reads": "11957",
        "x-ms-request-id": "0e50cb6a-2321-4eb5-a3bb-eafa8cac3f8e",
        "x-ms-routing-request-id": "SWEDENSOUTH:20230227T151855Z:8cbed5e5-cd05-454d-b49e-66ba0d609a5a",
        "X-Powered-By": "ASP.NET"
      },
      "ResponseBody": {
        "id": "/subscriptions/69a75bda-882e-44d5-8431-63421204132a/resourceGroups/testNetAppDotNetSDKRG-7184/providers/Microsoft.NetApp/netAppAccounts/account3698/capacityPools/pool-9525",
        "name": "account3698/pool-9525",
        "type": "Microsoft.NetApp/netAppAccounts/capacityPools",
        "etag": "W/\u0022datetime\u00272023-02-27T15%3A18%3A54.0709746Z\u0027\u0022",
        "location": "westus2",
        "tags": {
          "key1": "value1",
          "key2": "value2",
          "CreatedOnDate": "2023-02-27T15:18:52.3558111Z"
        },
        "properties": {
          "poolId": "a1ed7894-35df-452c-c012-31e2d7ea3bf9",
          "serviceLevel": "Premium",
          "size": 4398046511104,
          "qosType": "Auto",
          "totalThroughputMibps": 256.0,
          "utilizedThroughputMibps": 0.0,
          "encryptionType": "Single",
          "coolAccess": false,
          "provisioningState": "Succeeded"
        },
        "systemData": {
          "createdBy": "c6c4faba-2b22-44d9-80a4-71ff5b71f811",
          "createdByType": "Application",
          "createdAt": "2023-02-27T15:18:53.7256523Z",
          "lastModifiedBy": "c6c4faba-2b22-44d9-80a4-71ff5b71f811",
          "lastModifiedByType": "Application",
          "lastModifiedAt": "2023-02-27T15:18:53.7256523Z"
        }
      }
    },
    {
      "RequestUri": "https://management.azure.com/subscriptions/69a75bda-882e-44d5-8431-63421204132a/resourceGroups/testNetAppDotNetSDKRG-7184/providers/Microsoft.Network/virtualNetworks/vnet-1966?api-version=2021-02-01",
      "RequestMethod": "PUT",
      "RequestHeaders": {
        "Accept": "application/json",
        "Authorization": "Sanitized",
        "Content-Length": "261",
        "Content-Type": "application/json",
        "traceparent": "00-5a00c8b5a9f9d08be149a4926b39c63e-438a19ab373a21e6-00",
        "User-Agent": "azsdk-net-ResourceManager.Network/1.1.0 (.NET 6.0.14; Microsoft Windows 10.0.22000)",
        "x-ms-client-request-id": "a423a7593959a14efb80cca0546a8eb0",
        "x-ms-return-client-request-id": "true"
      },
      "RequestBody": {
        "location": "westus2",
        "properties": {
          "addressSpace": {
            "addressPrefixes": [
              "10.0.0.0/16"
            ]
          },
          "subnets": [
            {
              "name": "default",
              "properties": {
                "addressPrefix": "10.0.1.0/24",
                "delegations": [
                  {
                    "name": "netAppVolumes",
                    "properties": {
                      "serviceName": "Microsoft.Netapp/volumes"
                    }
                  }
                ]
              }
            }
          ]
        }
      },
      "StatusCode": 201,
      "ResponseHeaders": {
        "azure-asyncnotification": "Enabled",
        "azure-asyncoperation": "https://management.azure.com/subscriptions/69a75bda-882e-44d5-8431-63421204132a/providers/Microsoft.Network/locations/westus2/operations/4bab95ba-d481-45f0-9ccb-f31b0bfab132?api-version=2021-02-01",
        "Cache-Control": "no-cache",
        "Content-Length": "2151",
        "Content-Type": "application/json; charset=utf-8",
        "Date": "Mon, 27 Feb 2023 15:18:58 GMT",
        "Expires": "-1",
        "Pragma": "no-cache",
        "Retry-After": "3",
        "Server": [
          "Microsoft-HTTPAPI/2.0",
          "Microsoft-HTTPAPI/2.0"
        ],
        "Strict-Transport-Security": "max-age=31536000; includeSubDomains",
        "X-Content-Type-Options": "nosniff",
        "x-ms-arm-service-request-id": "a61ec0cf-c875-4109-ab71-5810de67792f",
        "x-ms-client-request-id": "a423a7593959a14efb80cca0546a8eb0",
        "x-ms-correlation-request-id": "a1c8a4e0-785a-4743-944b-729b0126c289",
        "x-ms-ratelimit-remaining-subscription-writes": "1192",
        "x-ms-request-id": "4bab95ba-d481-45f0-9ccb-f31b0bfab132",
        "x-ms-routing-request-id": "SWEDENSOUTH:20230227T151859Z:a1c8a4e0-785a-4743-944b-729b0126c289"
      },
      "ResponseBody": {
        "name": "vnet-1966",
        "id": "/subscriptions/69a75bda-882e-44d5-8431-63421204132a/resourceGroups/testNetAppDotNetSDKRG-7184/providers/Microsoft.Network/virtualNetworks/vnet-1966",
        "etag": "W/\u0022aeebc9d4-ae2a-49cd-bb96-6654ee39fa6f\u0022",
        "type": "Microsoft.Network/virtualNetworks",
        "location": "westus2",
        "tags": {
          "CreatedOnDate": "2023-02-27T15:18:55.9896930Z"
        },
        "properties": {
          "provisioningState": "Updating",
          "resourceGuid": "988e4e24-4018-4b54-b193-c618a266705f",
          "addressSpace": {
            "addressPrefixes": [
              "10.0.0.0/16"
            ]
          },
          "subnets": [
            {
              "name": "default",
              "id": "/subscriptions/69a75bda-882e-44d5-8431-63421204132a/resourceGroups/testNetAppDotNetSDKRG-7184/providers/Microsoft.Network/virtualNetworks/vnet-1966/subnets/default",
              "etag": "W/\u0022aeebc9d4-ae2a-49cd-bb96-6654ee39fa6f\u0022",
              "properties": {
                "provisioningState": "Updating",
                "addressPrefix": "10.0.1.0/24",
                "delegations": [
                  {
                    "name": "netAppVolumes",
                    "id": "/subscriptions/69a75bda-882e-44d5-8431-63421204132a/resourceGroups/testNetAppDotNetSDKRG-7184/providers/Microsoft.Network/virtualNetworks/vnet-1966/subnets/default/delegations/netAppVolumes",
                    "etag": "W/\u0022aeebc9d4-ae2a-49cd-bb96-6654ee39fa6f\u0022",
                    "properties": {
                      "provisioningState": "Succeeded",
                      "serviceName": "Microsoft.Netapp/volumes",
                      "actions": [
                        "Microsoft.Network/networkinterfaces/*",
                        "Microsoft.Network/virtualNetworks/subnets/join/action"
                      ]
                    },
                    "type": "Microsoft.Network/virtualNetworks/subnets/delegations"
                  }
                ],
                "purpose": "HostedWorkloads",
                "privateEndpointNetworkPolicies": "Disabled",
                "privateLinkServiceNetworkPolicies": "Enabled"
              },
              "type": "Microsoft.Network/virtualNetworks/subnets"
            }
          ],
          "virtualNetworkPeerings": [],
          "enableDdosProtection": false
        }
      }
    },
    {
      "RequestUri": "https://management.azure.com/subscriptions/69a75bda-882e-44d5-8431-63421204132a/providers/Microsoft.Network/locations/westus2/operations/4bab95ba-d481-45f0-9ccb-f31b0bfab132?api-version=2021-02-01",
      "RequestMethod": "GET",
      "RequestHeaders": {
        "Authorization": "Sanitized",
        "traceparent": "00-5a00c8b5a9f9d08be149a4926b39c63e-c2b049889abf9518-00",
        "User-Agent": "azsdk-net-ResourceManager/1.3.2 (.NET 6.0.14; Microsoft Windows 10.0.22000)",
        "x-ms-client-request-id": "8bdd8c0cf1e265e08e01c753d7b3de77",
        "x-ms-return-client-request-id": "true"
      },
      "RequestBody": null,
      "StatusCode": 200,
      "ResponseHeaders": {
        "Cache-Control": "no-cache",
        "Content-Length": "30",
        "Content-Type": "application/json; charset=utf-8",
        "Date": "Mon, 27 Feb 2023 15:18:58 GMT",
        "Expires": "-1",
        "Pragma": "no-cache",
        "Retry-After": "10",
        "Server": [
          "Microsoft-HTTPAPI/2.0",
          "Microsoft-HTTPAPI/2.0"
        ],
        "Strict-Transport-Security": "max-age=31536000; includeSubDomains",
        "X-Content-Type-Options": "nosniff",
        "x-ms-arm-service-request-id": "a706dd64-630e-4033-828b-35dbcfc0d39c",
        "x-ms-client-request-id": "8bdd8c0cf1e265e08e01c753d7b3de77",
        "x-ms-correlation-request-id": "a834487c-eddc-495e-8236-fded076d7609",
        "x-ms-ratelimit-remaining-subscription-reads": "11956",
        "x-ms-request-id": "47b2dc40-69de-4c03-a368-f7aeefcb0bb4",
        "x-ms-routing-request-id": "SWEDENSOUTH:20230227T151859Z:a834487c-eddc-495e-8236-fded076d7609"
      },
      "ResponseBody": {
        "status": "InProgress"
      }
    },
    {
      "RequestUri": "https://management.azure.com/subscriptions/69a75bda-882e-44d5-8431-63421204132a/providers/Microsoft.Network/locations/westus2/operations/4bab95ba-d481-45f0-9ccb-f31b0bfab132?api-version=2021-02-01",
      "RequestMethod": "GET",
      "RequestHeaders": {
        "Authorization": "Sanitized",
        "traceparent": "00-5a00c8b5a9f9d08be149a4926b39c63e-5b78bdb16cfdabb0-00",
        "User-Agent": "azsdk-net-ResourceManager/1.3.2 (.NET 6.0.14; Microsoft Windows 10.0.22000)",
        "x-ms-client-request-id": "6eb04a7822677256171ce0012f794fa6",
        "x-ms-return-client-request-id": "true"
      },
      "RequestBody": null,
      "StatusCode": 200,
      "ResponseHeaders": {
        "Cache-Control": "no-cache",
        "Content-Length": "29",
        "Content-Type": "application/json; charset=utf-8",
        "Date": "Mon, 27 Feb 2023 15:19:09 GMT",
        "Expires": "-1",
        "Pragma": "no-cache",
        "Server": [
          "Microsoft-HTTPAPI/2.0",
          "Microsoft-HTTPAPI/2.0"
        ],
        "Strict-Transport-Security": "max-age=31536000; includeSubDomains",
        "X-Content-Type-Options": "nosniff",
        "x-ms-arm-service-request-id": "a062df0e-f46c-405e-b026-9510ecc86b7a",
        "x-ms-client-request-id": "6eb04a7822677256171ce0012f794fa6",
        "x-ms-correlation-request-id": "dbdfea2b-1a94-462b-be2d-dbb148002341",
        "x-ms-ratelimit-remaining-subscription-reads": "11955",
        "x-ms-request-id": "9e556f21-3cc6-42c6-8819-b98b29152ba9",
        "x-ms-routing-request-id": "SWEDENSOUTH:20230227T151909Z:dbdfea2b-1a94-462b-be2d-dbb148002341"
      },
      "ResponseBody": {
        "status": "Succeeded"
      }
    },
    {
      "RequestUri": "https://management.azure.com/subscriptions/69a75bda-882e-44d5-8431-63421204132a/resourceGroups/testNetAppDotNetSDKRG-7184/providers/Microsoft.Network/virtualNetworks/vnet-1966?api-version=2021-02-01",
      "RequestMethod": "GET",
      "RequestHeaders": {
        "Authorization": "Sanitized",
        "traceparent": "00-5a00c8b5a9f9d08be149a4926b39c63e-afc7dabafc7ef170-00",
        "User-Agent": "azsdk-net-ResourceManager/1.3.2 (.NET 6.0.14; Microsoft Windows 10.0.22000)",
        "x-ms-client-request-id": "c793f467038cc0ced78687d81f3d2f10",
        "x-ms-return-client-request-id": "true"
      },
      "RequestBody": null,
      "StatusCode": 200,
      "ResponseHeaders": {
        "Cache-Control": "no-cache",
        "Content-Length": "2153",
        "Content-Type": "application/json; charset=utf-8",
        "Date": "Mon, 27 Feb 2023 15:19:09 GMT",
        "ETag": "W/\u0022dd2e34e5-1f28-464f-bffc-1cce461e92d4\u0022",
        "Expires": "-1",
        "Pragma": "no-cache",
        "Server": [
          "Microsoft-HTTPAPI/2.0",
          "Microsoft-HTTPAPI/2.0"
        ],
        "Strict-Transport-Security": "max-age=31536000; includeSubDomains",
        "X-Content-Type-Options": "nosniff",
        "x-ms-arm-service-request-id": "791505bd-085f-481c-89cc-292425bc9cf5",
        "x-ms-client-request-id": "c793f467038cc0ced78687d81f3d2f10",
        "x-ms-correlation-request-id": "b8fb27d4-b6b7-409d-bbab-ecb6b6b278d0",
        "x-ms-ratelimit-remaining-subscription-reads": "11954",
        "x-ms-request-id": "7ccc6579-22b9-4b3a-b97f-31cf7635dcb0",
        "x-ms-routing-request-id": "SWEDENSOUTH:20230227T151910Z:b8fb27d4-b6b7-409d-bbab-ecb6b6b278d0"
      },
      "ResponseBody": {
        "name": "vnet-1966",
        "id": "/subscriptions/69a75bda-882e-44d5-8431-63421204132a/resourceGroups/testNetAppDotNetSDKRG-7184/providers/Microsoft.Network/virtualNetworks/vnet-1966",
        "etag": "W/\u0022dd2e34e5-1f28-464f-bffc-1cce461e92d4\u0022",
        "type": "Microsoft.Network/virtualNetworks",
        "location": "westus2",
        "tags": {
          "CreatedOnDate": "2023-02-27T15:18:55.9896930Z"
        },
        "properties": {
          "provisioningState": "Succeeded",
          "resourceGuid": "988e4e24-4018-4b54-b193-c618a266705f",
          "addressSpace": {
            "addressPrefixes": [
              "10.0.0.0/16"
            ]
          },
          "subnets": [
            {
              "name": "default",
              "id": "/subscriptions/69a75bda-882e-44d5-8431-63421204132a/resourceGroups/testNetAppDotNetSDKRG-7184/providers/Microsoft.Network/virtualNetworks/vnet-1966/subnets/default",
              "etag": "W/\u0022dd2e34e5-1f28-464f-bffc-1cce461e92d4\u0022",
              "properties": {
                "provisioningState": "Succeeded",
                "addressPrefix": "10.0.1.0/24",
                "delegations": [
                  {
                    "name": "netAppVolumes",
                    "id": "/subscriptions/69a75bda-882e-44d5-8431-63421204132a/resourceGroups/testNetAppDotNetSDKRG-7184/providers/Microsoft.Network/virtualNetworks/vnet-1966/subnets/default/delegations/netAppVolumes",
                    "etag": "W/\u0022dd2e34e5-1f28-464f-bffc-1cce461e92d4\u0022",
                    "properties": {
                      "provisioningState": "Succeeded",
                      "serviceName": "Microsoft.Netapp/volumes",
                      "actions": [
                        "Microsoft.Network/networkinterfaces/*",
                        "Microsoft.Network/virtualNetworks/subnets/join/action"
                      ]
                    },
                    "type": "Microsoft.Network/virtualNetworks/subnets/delegations"
                  }
                ],
                "purpose": "HostedWorkloads",
                "privateEndpointNetworkPolicies": "Disabled",
                "privateLinkServiceNetworkPolicies": "Enabled"
              },
              "type": "Microsoft.Network/virtualNetworks/subnets"
            }
          ],
          "virtualNetworkPeerings": [],
          "enableDdosProtection": false
        }
      }
    },
    {
      "RequestUri": "https://management.azure.com/subscriptions/69a75bda-882e-44d5-8431-63421204132a/resourceGroups/testNetAppDotNetSDKRG-7184/providers/Microsoft.Network/virtualNetworks/vnet-1966?api-version=2021-02-01",
      "RequestMethod": "GET",
      "RequestHeaders": {
        "Accept": "application/json",
        "Authorization": "Sanitized",
        "traceparent": "00-bfa0eb27bef7d74d6d5fdd7dba0f82c1-84cee6238960c277-00",
        "User-Agent": "azsdk-net-ResourceManager.Network/1.1.0 (.NET 6.0.14; Microsoft Windows 10.0.22000)",
        "x-ms-client-request-id": "075c9278a9a3ea70356a74c610de3515",
        "x-ms-return-client-request-id": "true"
      },
      "RequestBody": null,
      "StatusCode": 200,
      "ResponseHeaders": {
        "Cache-Control": "no-cache",
        "Content-Length": "2153",
        "Content-Type": "application/json; charset=utf-8",
        "Date": "Mon, 27 Feb 2023 15:19:40 GMT",
        "ETag": "W/\u0022dd2e34e5-1f28-464f-bffc-1cce461e92d4\u0022",
        "Expires": "-1",
        "Pragma": "no-cache",
        "Server": [
          "Microsoft-HTTPAPI/2.0",
          "Microsoft-HTTPAPI/2.0"
        ],
        "Strict-Transport-Security": "max-age=31536000; includeSubDomains",
        "X-Content-Type-Options": "nosniff",
        "x-ms-arm-service-request-id": "d8ba7e5c-a0a0-4cb6-afc1-ac7b04546dae",
        "x-ms-client-request-id": "075c9278a9a3ea70356a74c610de3515",
        "x-ms-correlation-request-id": "5fdd692d-f87f-485b-b990-43ce2de396f8",
        "x-ms-ratelimit-remaining-subscription-reads": "11953",
        "x-ms-request-id": "17ccbe7a-f39a-4ded-aaa5-bb54b80de68c",
        "x-ms-routing-request-id": "SWEDENSOUTH:20230227T151941Z:5fdd692d-f87f-485b-b990-43ce2de396f8"
      },
      "ResponseBody": {
        "name": "vnet-1966",
        "id": "/subscriptions/69a75bda-882e-44d5-8431-63421204132a/resourceGroups/testNetAppDotNetSDKRG-7184/providers/Microsoft.Network/virtualNetworks/vnet-1966",
        "etag": "W/\u0022dd2e34e5-1f28-464f-bffc-1cce461e92d4\u0022",
        "type": "Microsoft.Network/virtualNetworks",
        "location": "westus2",
        "tags": {
          "CreatedOnDate": "2023-02-27T15:18:55.9896930Z"
        },
        "properties": {
          "provisioningState": "Succeeded",
          "resourceGuid": "988e4e24-4018-4b54-b193-c618a266705f",
          "addressSpace": {
            "addressPrefixes": [
              "10.0.0.0/16"
            ]
          },
          "subnets": [
            {
              "name": "default",
              "id": "/subscriptions/69a75bda-882e-44d5-8431-63421204132a/resourceGroups/testNetAppDotNetSDKRG-7184/providers/Microsoft.Network/virtualNetworks/vnet-1966/subnets/default",
              "etag": "W/\u0022dd2e34e5-1f28-464f-bffc-1cce461e92d4\u0022",
              "properties": {
                "provisioningState": "Succeeded",
                "addressPrefix": "10.0.1.0/24",
                "delegations": [
                  {
                    "name": "netAppVolumes",
                    "id": "/subscriptions/69a75bda-882e-44d5-8431-63421204132a/resourceGroups/testNetAppDotNetSDKRG-7184/providers/Microsoft.Network/virtualNetworks/vnet-1966/subnets/default/delegations/netAppVolumes",
                    "etag": "W/\u0022dd2e34e5-1f28-464f-bffc-1cce461e92d4\u0022",
                    "properties": {
                      "provisioningState": "Succeeded",
                      "serviceName": "Microsoft.Netapp/volumes",
                      "actions": [
                        "Microsoft.Network/networkinterfaces/*",
                        "Microsoft.Network/virtualNetworks/subnets/join/action"
                      ]
                    },
                    "type": "Microsoft.Network/virtualNetworks/subnets/delegations"
                  }
                ],
                "purpose": "HostedWorkloads",
                "privateEndpointNetworkPolicies": "Disabled",
                "privateLinkServiceNetworkPolicies": "Enabled"
              },
              "type": "Microsoft.Network/virtualNetworks/subnets"
            }
          ],
          "virtualNetworkPeerings": [],
          "enableDdosProtection": false
        }
      }
    },
    {
      "RequestUri": "https://management.azure.com/subscriptions/69a75bda-882e-44d5-8431-63421204132a/resourceGroups/testNetAppDotNetSDKRG-7184/providers/Microsoft.NetApp/netAppAccounts/account3698/capacityPools/pool-9525/volumes/volumeName-1491?api-version=2022-09-01",
      "RequestMethod": "PUT",
      "RequestHeaders": {
        "Accept": "application/json",
        "Authorization": "Sanitized",
        "Content-Length": "593",
        "Content-Type": "application/json",
        "traceparent": "00-ab8e63763fc7fc8313b9916801590e11-6ae74a27fe9617a4-00",
        "User-Agent": "azsdk-net-ResourceManager.NetApp/1.1.0-alpha.20230223.1 (.NET 6.0.14; Microsoft Windows 10.0.22000)",
        "x-ms-client-request-id": "20e2eb21ea167c74f097e09a7e53d9ec",
        "x-ms-return-client-request-id": "true"
      },
      "RequestBody": {
        "tags": {
          "key1": "value1",
          "key2": "value2"
        },
        "location": "westus2",
        "properties": {
          "creationToken": "volumeName-1491",
          "usageThreshold": 107374182400,
          "subnetId": "/subscriptions/69a75bda-882e-44d5-8431-63421204132a/resourceGroups/testNetAppDotNetSDKRG-7184/providers/Microsoft.Network/virtualNetworks/vnet-1966/subnets/default",
          "dataProtection": {
            "backup": {
              "backupPolicyId": "/subscriptions/69a75bda-882e-44d5-8431-63421204132a/resourceGroups/testNetAppDotNetSDKRG-7184/providers/Microsoft.NetApp/netAppAccounts/account3698/backupPolicies/backupPolicy-2793",
              "policyEnforced": false,
              "backupEnabled": true
            }
          }
        }
      },
      "StatusCode": 201,
      "ResponseHeaders": {
        "Azure-AsyncOperation": "https://management.azure.com/subscriptions/69a75bda-882e-44d5-8431-63421204132a/providers/Microsoft.NetApp/locations/westus2/operationResults/0a7c15ca-1862-42fb-93bb-2e5c92aefa43?api-version=2022-09-01",
        "Cache-Control": "no-cache",
        "Content-Length": "1378",
        "Content-Type": "application/json; charset=utf-8",
        "Date": "Mon, 27 Feb 2023 15:19:44 GMT",
        "ETag": "W/\u0022datetime\u00272023-02-27T15%3A19%3A43.9281549Z\u0027\u0022",
        "Expires": "-1",
        "Pragma": "no-cache",
        "Server": "Microsoft-IIS/10.0",
        "Strict-Transport-Security": "max-age=31536000; includeSubDomains",
        "X-Content-Type-Options": "nosniff",
        "x-ms-correlation-request-id": "e4e595d3-d55b-40d9-a1c9-c779006c74a7",
        "x-ms-ratelimit-remaining-subscription-writes": "1191",
        "x-ms-request-id": "606fc2b4-8fcf-40f5-8cdc-211b8436a005",
        "x-ms-routing-request-id": "SWEDENSOUTH:20230227T151945Z:e4e595d3-d55b-40d9-a1c9-c779006c74a7",
        "X-Powered-By": "ASP.NET"
      },
      "ResponseBody": {
        "id": "/subscriptions/69a75bda-882e-44d5-8431-63421204132a/resourceGroups/testNetAppDotNetSDKRG-7184/providers/Microsoft.NetApp/netAppAccounts/account3698/capacityPools/pool-9525/volumes/volumeName-1491",
        "name": "account3698/pool-9525/volumeName-1491",
        "type": "Microsoft.NetApp/netAppAccounts/capacityPools/volumes",
        "etag": "W/\u0022datetime\u00272023-02-27T15%3A19%3A43.9281549Z\u0027\u0022",
        "location": "westus2",
        "tags": {
          "key1": "value1",
          "key2": "value2",
          "CreatedOnDate": "2023-02-27T15:19:41.2577528Z"
        },
        "properties": {
          "dataProtection": {
            "backup": {
              "backupEnabled": true,
              "policyEnforced": false,
              "backupPolicyId": "/subscriptions/69a75bda-882e-44d5-8431-63421204132a/resourceGroups/testNetAppDotNetSDKRG-7184/providers/Microsoft.NetApp/netAppAccounts/account3698/backupPolicies/backupPolicy-2793"
            }
          },
          "serviceLevel": "Premium",
          "creationToken": "volumeName-1491",
          "usageThreshold": 107374182400,
          "subnetId": "/subscriptions/69a75bda-882e-44d5-8431-63421204132a/resourceGroups/testNetAppDotNetSDKRG-7184/providers/Microsoft.Network/virtualNetworks/vnet-1966/subnets/default",
          "maximumNumberOfFiles": 100000000,
          "provisioningState": "Creating"
        },
        "systemData": {
          "createdBy": "c6c4faba-2b22-44d9-80a4-71ff5b71f811",
          "createdByType": "Application",
          "createdAt": "2023-02-27T15:19:43.1479596Z",
          "lastModifiedBy": "c6c4faba-2b22-44d9-80a4-71ff5b71f811",
          "lastModifiedByType": "Application",
          "lastModifiedAt": "2023-02-27T15:19:43.1479596Z"
        }
      }
    },
    {
      "RequestUri": "https://management.azure.com/subscriptions/69a75bda-882e-44d5-8431-63421204132a/providers/Microsoft.NetApp/locations/westus2/operationResults/0a7c15ca-1862-42fb-93bb-2e5c92aefa43?api-version=2022-09-01",
      "RequestMethod": "GET",
      "RequestHeaders": {
        "Authorization": "Sanitized",
        "traceparent": "00-ab8e63763fc7fc8313b9916801590e11-e37ef805b285678c-00",
        "User-Agent": "azsdk-net-ResourceManager/1.3.2 (.NET 6.0.14; Microsoft Windows 10.0.22000)",
        "x-ms-client-request-id": "51fd2672ef4ca861e78ab3128f4fb717",
        "x-ms-return-client-request-id": "true"
      },
      "RequestBody": null,
      "StatusCode": 200,
      "ResponseHeaders": {
        "Cache-Control": "no-cache",
        "Content-Length": "569",
        "Content-Type": "application/json; charset=utf-8",
        "Date": "Mon, 27 Feb 2023 15:19:44 GMT",
        "Expires": "-1",
        "Pragma": "no-cache",
        "Server": "Microsoft-IIS/10.0",
        "Strict-Transport-Security": "max-age=31536000; includeSubDomains",
        "X-Content-Type-Options": "nosniff",
        "x-ms-correlation-request-id": "dce2f1b0-aae8-4d5e-9c4b-0ff9a7f726d3",
        "x-ms-ratelimit-remaining-subscription-reads": "11952",
        "x-ms-request-id": "8254d961-d6c1-4ae5-8c3f-e9bf35a51235",
        "x-ms-routing-request-id": "SWEDENSOUTH:20230227T151945Z:dce2f1b0-aae8-4d5e-9c4b-0ff9a7f726d3",
        "X-Powered-By": "ASP.NET"
      },
      "ResponseBody": {
        "id": "/subscriptions/69a75bda-882e-44d5-8431-63421204132a/providers/Microsoft.NetApp/locations/westus2/operationResults/0a7c15ca-1862-42fb-93bb-2e5c92aefa43",
        "name": "0a7c15ca-1862-42fb-93bb-2e5c92aefa43",
        "status": "Creating",
        "startTime": "2023-02-27T15:19:43.9361252Z",
        "endTime": "0001-01-01T00:00:00Z",
        "percentComplete": 0.0,
        "properties": {
          "resourceName": "/subscriptions/69a75bda-882e-44d5-8431-63421204132a/resourceGroups/testNetAppDotNetSDKRG-7184/providers/Microsoft.NetApp/netAppAccounts/account3698/capacityPools/pool-9525/volumes/volumeName-1491",
          "action": "CREATE"
        }
      }
    },
    {
      "RequestUri": "https://management.azure.com/subscriptions/69a75bda-882e-44d5-8431-63421204132a/providers/Microsoft.NetApp/locations/westus2/operationResults/0a7c15ca-1862-42fb-93bb-2e5c92aefa43?api-version=2022-09-01",
      "RequestMethod": "GET",
      "RequestHeaders": {
        "Authorization": "Sanitized",
        "traceparent": "00-ab8e63763fc7fc8313b9916801590e11-67d69e0d09dc57fb-00",
        "User-Agent": "azsdk-net-ResourceManager/1.3.2 (.NET 6.0.14; Microsoft Windows 10.0.22000)",
        "x-ms-client-request-id": "5540d99af7981f692d5e7784c8e67440",
        "x-ms-return-client-request-id": "true"
      },
      "RequestBody": null,
      "StatusCode": 200,
      "ResponseHeaders": {
        "Cache-Control": "no-cache",
        "Content-Length": "569",
        "Content-Type": "application/json; charset=utf-8",
        "Date": "Mon, 27 Feb 2023 15:19:46 GMT",
        "Expires": "-1",
        "Pragma": "no-cache",
        "Server": "Microsoft-IIS/10.0",
        "Strict-Transport-Security": "max-age=31536000; includeSubDomains",
        "X-Content-Type-Options": "nosniff",
        "x-ms-correlation-request-id": "0c831954-b37c-4961-ae79-f8bd75c35ee1",
        "x-ms-ratelimit-remaining-subscription-reads": "11951",
        "x-ms-request-id": "ba48670c-96ca-453b-b22b-fc542e2bc299",
        "x-ms-routing-request-id": "SWEDENSOUTH:20230227T151946Z:0c831954-b37c-4961-ae79-f8bd75c35ee1",
        "X-Powered-By": "ASP.NET"
      },
      "ResponseBody": {
        "id": "/subscriptions/69a75bda-882e-44d5-8431-63421204132a/providers/Microsoft.NetApp/locations/westus2/operationResults/0a7c15ca-1862-42fb-93bb-2e5c92aefa43",
        "name": "0a7c15ca-1862-42fb-93bb-2e5c92aefa43",
        "status": "Creating",
        "startTime": "2023-02-27T15:19:43.9361252Z",
        "endTime": "0001-01-01T00:00:00Z",
        "percentComplete": 0.0,
        "properties": {
          "resourceName": "/subscriptions/69a75bda-882e-44d5-8431-63421204132a/resourceGroups/testNetAppDotNetSDKRG-7184/providers/Microsoft.NetApp/netAppAccounts/account3698/capacityPools/pool-9525/volumes/volumeName-1491",
          "action": "CREATE"
        }
      }
    },
    {
      "RequestUri": "https://management.azure.com/subscriptions/69a75bda-882e-44d5-8431-63421204132a/providers/Microsoft.NetApp/locations/westus2/operationResults/0a7c15ca-1862-42fb-93bb-2e5c92aefa43?api-version=2022-09-01",
      "RequestMethod": "GET",
      "RequestHeaders": {
        "Authorization": "Sanitized",
        "traceparent": "00-ab8e63763fc7fc8313b9916801590e11-ba922212bd134ed5-00",
        "User-Agent": "azsdk-net-ResourceManager/1.3.2 (.NET 6.0.14; Microsoft Windows 10.0.22000)",
        "x-ms-client-request-id": "57288f9e8855e09f27f536bd4eabf459",
        "x-ms-return-client-request-id": "true"
      },
      "RequestBody": null,
      "StatusCode": 200,
      "ResponseHeaders": {
        "Cache-Control": "no-cache",
        "Content-Length": "569",
        "Content-Type": "application/json; charset=utf-8",
        "Date": "Mon, 27 Feb 2023 15:19:47 GMT",
        "Expires": "-1",
        "Pragma": "no-cache",
        "Server": "Microsoft-IIS/10.0",
        "Strict-Transport-Security": "max-age=31536000; includeSubDomains",
        "X-Content-Type-Options": "nosniff",
        "x-ms-correlation-request-id": "385be653-29c8-4d70-bc6b-2f1e5fc57037",
        "x-ms-ratelimit-remaining-subscription-reads": "11950",
        "x-ms-request-id": "7035ad66-1888-43fb-850a-657d6fb26ee8",
        "x-ms-routing-request-id": "SWEDENSOUTH:20230227T151948Z:385be653-29c8-4d70-bc6b-2f1e5fc57037",
        "X-Powered-By": "ASP.NET"
      },
      "ResponseBody": {
        "id": "/subscriptions/69a75bda-882e-44d5-8431-63421204132a/providers/Microsoft.NetApp/locations/westus2/operationResults/0a7c15ca-1862-42fb-93bb-2e5c92aefa43",
        "name": "0a7c15ca-1862-42fb-93bb-2e5c92aefa43",
        "status": "Creating",
        "startTime": "2023-02-27T15:19:43.9361252Z",
        "endTime": "0001-01-01T00:00:00Z",
        "percentComplete": 0.0,
        "properties": {
          "resourceName": "/subscriptions/69a75bda-882e-44d5-8431-63421204132a/resourceGroups/testNetAppDotNetSDKRG-7184/providers/Microsoft.NetApp/netAppAccounts/account3698/capacityPools/pool-9525/volumes/volumeName-1491",
          "action": "CREATE"
        }
      }
    },
    {
      "RequestUri": "https://management.azure.com/subscriptions/69a75bda-882e-44d5-8431-63421204132a/providers/Microsoft.NetApp/locations/westus2/operationResults/0a7c15ca-1862-42fb-93bb-2e5c92aefa43?api-version=2022-09-01",
      "RequestMethod": "GET",
      "RequestHeaders": {
        "Authorization": "Sanitized",
        "traceparent": "00-ab8e63763fc7fc8313b9916801590e11-824c830905dfbe64-00",
        "User-Agent": "azsdk-net-ResourceManager/1.3.2 (.NET 6.0.14; Microsoft Windows 10.0.22000)",
        "x-ms-client-request-id": "2ef40adba36e7ab8bcde23ee78dddf01",
        "x-ms-return-client-request-id": "true"
      },
      "RequestBody": null,
      "StatusCode": 200,
      "ResponseHeaders": {
        "Cache-Control": "no-cache",
        "Content-Length": "569",
        "Content-Type": "application/json; charset=utf-8",
        "Date": "Mon, 27 Feb 2023 15:19:48 GMT",
        "Expires": "-1",
        "Pragma": "no-cache",
        "Server": "Microsoft-IIS/10.0",
        "Strict-Transport-Security": "max-age=31536000; includeSubDomains",
        "X-Content-Type-Options": "nosniff",
        "x-ms-correlation-request-id": "5672da34-bcaa-46c5-ba8d-152abc023c67",
        "x-ms-ratelimit-remaining-subscription-reads": "11949",
        "x-ms-request-id": "72d43f50-89da-4446-bb0c-0d7cd4b3b145",
        "x-ms-routing-request-id": "SWEDENSOUTH:20230227T151949Z:5672da34-bcaa-46c5-ba8d-152abc023c67",
        "X-Powered-By": "ASP.NET"
      },
      "ResponseBody": {
        "id": "/subscriptions/69a75bda-882e-44d5-8431-63421204132a/providers/Microsoft.NetApp/locations/westus2/operationResults/0a7c15ca-1862-42fb-93bb-2e5c92aefa43",
        "name": "0a7c15ca-1862-42fb-93bb-2e5c92aefa43",
        "status": "Creating",
        "startTime": "2023-02-27T15:19:43.9361252Z",
        "endTime": "0001-01-01T00:00:00Z",
        "percentComplete": 0.0,
        "properties": {
          "resourceName": "/subscriptions/69a75bda-882e-44d5-8431-63421204132a/resourceGroups/testNetAppDotNetSDKRG-7184/providers/Microsoft.NetApp/netAppAccounts/account3698/capacityPools/pool-9525/volumes/volumeName-1491",
          "action": "CREATE"
        }
      }
    },
    {
      "RequestUri": "https://management.azure.com/subscriptions/69a75bda-882e-44d5-8431-63421204132a/providers/Microsoft.NetApp/locations/westus2/operationResults/0a7c15ca-1862-42fb-93bb-2e5c92aefa43?api-version=2022-09-01",
      "RequestMethod": "GET",
      "RequestHeaders": {
        "Authorization": "Sanitized",
        "traceparent": "00-ab8e63763fc7fc8313b9916801590e11-11b23b455fc29154-00",
        "User-Agent": "azsdk-net-ResourceManager/1.3.2 (.NET 6.0.14; Microsoft Windows 10.0.22000)",
        "x-ms-client-request-id": "ff7472165f2612c139602ea2c1acd082",
        "x-ms-return-client-request-id": "true"
      },
      "RequestBody": null,
      "StatusCode": 200,
      "ResponseHeaders": {
        "Cache-Control": "no-cache",
        "Content-Length": "569",
        "Content-Type": "application/json; charset=utf-8",
        "Date": "Mon, 27 Feb 2023 15:19:51 GMT",
        "Expires": "-1",
        "Pragma": "no-cache",
        "Server": "Microsoft-IIS/10.0",
        "Strict-Transport-Security": "max-age=31536000; includeSubDomains",
        "X-Content-Type-Options": "nosniff",
        "x-ms-correlation-request-id": "bf1cfbce-3bf0-4478-a38f-487bfc0a7ef5",
        "x-ms-ratelimit-remaining-subscription-reads": "11948",
        "x-ms-request-id": "5f878fef-96ea-4632-a830-5f7d4f7222c0",
        "x-ms-routing-request-id": "SWEDENSOUTH:20230227T151951Z:bf1cfbce-3bf0-4478-a38f-487bfc0a7ef5",
        "X-Powered-By": "ASP.NET"
      },
      "ResponseBody": {
        "id": "/subscriptions/69a75bda-882e-44d5-8431-63421204132a/providers/Microsoft.NetApp/locations/westus2/operationResults/0a7c15ca-1862-42fb-93bb-2e5c92aefa43",
        "name": "0a7c15ca-1862-42fb-93bb-2e5c92aefa43",
        "status": "Creating",
        "startTime": "2023-02-27T15:19:43.9361252Z",
        "endTime": "0001-01-01T00:00:00Z",
        "percentComplete": 0.0,
        "properties": {
          "resourceName": "/subscriptions/69a75bda-882e-44d5-8431-63421204132a/resourceGroups/testNetAppDotNetSDKRG-7184/providers/Microsoft.NetApp/netAppAccounts/account3698/capacityPools/pool-9525/volumes/volumeName-1491",
          "action": "CREATE"
        }
      }
    },
    {
      "RequestUri": "https://management.azure.com/subscriptions/69a75bda-882e-44d5-8431-63421204132a/providers/Microsoft.NetApp/locations/westus2/operationResults/0a7c15ca-1862-42fb-93bb-2e5c92aefa43?api-version=2022-09-01",
      "RequestMethod": "GET",
      "RequestHeaders": {
        "Authorization": "Sanitized",
        "traceparent": "00-ab8e63763fc7fc8313b9916801590e11-a3406f5e5e7f1e59-00",
        "User-Agent": "azsdk-net-ResourceManager/1.3.2 (.NET 6.0.14; Microsoft Windows 10.0.22000)",
        "x-ms-client-request-id": "bea91d6945f2fad1d6ad9a7764b16849",
        "x-ms-return-client-request-id": "true"
      },
      "RequestBody": null,
      "StatusCode": 200,
      "ResponseHeaders": {
        "Cache-Control": "no-cache",
        "Content-Length": "569",
        "Content-Type": "application/json; charset=utf-8",
        "Date": "Mon, 27 Feb 2023 15:19:55 GMT",
        "Expires": "-1",
        "Pragma": "no-cache",
        "Server": "Microsoft-IIS/10.0",
        "Strict-Transport-Security": "max-age=31536000; includeSubDomains",
        "X-Content-Type-Options": "nosniff",
        "x-ms-correlation-request-id": "b1de96d4-efdd-4a02-9b06-cdd4fe6df467",
        "x-ms-ratelimit-remaining-subscription-reads": "11947",
        "x-ms-request-id": "c3149589-30ae-40f8-8804-edf7af40eeb9",
        "x-ms-routing-request-id": "SWEDENSOUTH:20230227T151955Z:b1de96d4-efdd-4a02-9b06-cdd4fe6df467",
        "X-Powered-By": "ASP.NET"
      },
      "ResponseBody": {
        "id": "/subscriptions/69a75bda-882e-44d5-8431-63421204132a/providers/Microsoft.NetApp/locations/westus2/operationResults/0a7c15ca-1862-42fb-93bb-2e5c92aefa43",
        "name": "0a7c15ca-1862-42fb-93bb-2e5c92aefa43",
        "status": "Creating",
        "startTime": "2023-02-27T15:19:43.9361252Z",
        "endTime": "0001-01-01T00:00:00Z",
        "percentComplete": 0.0,
        "properties": {
          "resourceName": "/subscriptions/69a75bda-882e-44d5-8431-63421204132a/resourceGroups/testNetAppDotNetSDKRG-7184/providers/Microsoft.NetApp/netAppAccounts/account3698/capacityPools/pool-9525/volumes/volumeName-1491",
          "action": "CREATE"
        }
      }
    },
    {
      "RequestUri": "https://management.azure.com/subscriptions/69a75bda-882e-44d5-8431-63421204132a/providers/Microsoft.NetApp/locations/westus2/operationResults/0a7c15ca-1862-42fb-93bb-2e5c92aefa43?api-version=2022-09-01",
      "RequestMethod": "GET",
      "RequestHeaders": {
        "Authorization": "Sanitized",
        "traceparent": "00-ab8e63763fc7fc8313b9916801590e11-dcfc8adfebef6f8a-00",
        "User-Agent": "azsdk-net-ResourceManager/1.3.2 (.NET 6.0.14; Microsoft Windows 10.0.22000)",
        "x-ms-client-request-id": "dca63515f4377b3248e1f50e7416b910",
        "x-ms-return-client-request-id": "true"
      },
      "RequestBody": null,
      "StatusCode": 200,
      "ResponseHeaders": {
        "Cache-Control": "no-cache",
        "Content-Length": "569",
        "Content-Type": "application/json; charset=utf-8",
        "Date": "Mon, 27 Feb 2023 15:20:03 GMT",
        "Expires": "-1",
        "Pragma": "no-cache",
        "Server": "Microsoft-IIS/10.0",
        "Strict-Transport-Security": "max-age=31536000; includeSubDomains",
        "X-Content-Type-Options": "nosniff",
        "x-ms-correlation-request-id": "ded401e8-d791-4b7a-834a-1728bae44c0e",
        "x-ms-ratelimit-remaining-subscription-reads": "11949",
        "x-ms-request-id": "c2619b2c-1ac9-4f89-b98a-470db4001a8a",
        "x-ms-routing-request-id": "SWEDENSOUTH:20230227T152004Z:ded401e8-d791-4b7a-834a-1728bae44c0e",
        "X-Powered-By": "ASP.NET"
      },
      "ResponseBody": {
        "id": "/subscriptions/69a75bda-882e-44d5-8431-63421204132a/providers/Microsoft.NetApp/locations/westus2/operationResults/0a7c15ca-1862-42fb-93bb-2e5c92aefa43",
        "name": "0a7c15ca-1862-42fb-93bb-2e5c92aefa43",
        "status": "Creating",
        "startTime": "2023-02-27T15:19:43.9361252Z",
        "endTime": "0001-01-01T00:00:00Z",
        "percentComplete": 0.0,
        "properties": {
          "resourceName": "/subscriptions/69a75bda-882e-44d5-8431-63421204132a/resourceGroups/testNetAppDotNetSDKRG-7184/providers/Microsoft.NetApp/netAppAccounts/account3698/capacityPools/pool-9525/volumes/volumeName-1491",
          "action": "CREATE"
        }
      }
    },
    {
      "RequestUri": "https://management.azure.com/subscriptions/69a75bda-882e-44d5-8431-63421204132a/providers/Microsoft.NetApp/locations/westus2/operationResults/0a7c15ca-1862-42fb-93bb-2e5c92aefa43?api-version=2022-09-01",
      "RequestMethod": "GET",
      "RequestHeaders": {
        "Authorization": "Sanitized",
        "traceparent": "00-ab8e63763fc7fc8313b9916801590e11-53c5dd986e0c043f-00",
        "User-Agent": "azsdk-net-ResourceManager/1.3.2 (.NET 6.0.14; Microsoft Windows 10.0.22000)",
        "x-ms-client-request-id": "5a85a10d2033d10ea0792978c549ae88",
        "x-ms-return-client-request-id": "true"
      },
      "RequestBody": null,
      "StatusCode": 200,
      "ResponseHeaders": {
        "Cache-Control": "no-cache",
        "Content-Length": "569",
        "Content-Type": "application/json; charset=utf-8",
        "Date": "Mon, 27 Feb 2023 15:20:19 GMT",
        "Expires": "-1",
        "Pragma": "no-cache",
        "Server": "Microsoft-IIS/10.0",
        "Strict-Transport-Security": "max-age=31536000; includeSubDomains",
        "X-Content-Type-Options": "nosniff",
        "x-ms-correlation-request-id": "8de3fa80-d147-4258-ba11-82a169f9713d",
        "x-ms-ratelimit-remaining-subscription-reads": "11948",
        "x-ms-request-id": "392aa633-a252-4215-a8b2-9a6976c0b16e",
        "x-ms-routing-request-id": "SWEDENSOUTH:20230227T152020Z:8de3fa80-d147-4258-ba11-82a169f9713d",
        "X-Powered-By": "ASP.NET"
      },
      "ResponseBody": {
        "id": "/subscriptions/69a75bda-882e-44d5-8431-63421204132a/providers/Microsoft.NetApp/locations/westus2/operationResults/0a7c15ca-1862-42fb-93bb-2e5c92aefa43",
        "name": "0a7c15ca-1862-42fb-93bb-2e5c92aefa43",
        "status": "Creating",
        "startTime": "2023-02-27T15:19:43.9361252Z",
        "endTime": "0001-01-01T00:00:00Z",
        "percentComplete": 0.0,
        "properties": {
          "resourceName": "/subscriptions/69a75bda-882e-44d5-8431-63421204132a/resourceGroups/testNetAppDotNetSDKRG-7184/providers/Microsoft.NetApp/netAppAccounts/account3698/capacityPools/pool-9525/volumes/volumeName-1491",
          "action": "CREATE"
        }
      }
    },
    {
      "RequestUri": "https://management.azure.com/subscriptions/69a75bda-882e-44d5-8431-63421204132a/providers/Microsoft.NetApp/locations/westus2/operationResults/0a7c15ca-1862-42fb-93bb-2e5c92aefa43?api-version=2022-09-01",
      "RequestMethod": "GET",
      "RequestHeaders": {
        "Authorization": "Sanitized",
        "traceparent": "00-ab8e63763fc7fc8313b9916801590e11-8dcf1cbfb79402c4-00",
        "User-Agent": "azsdk-net-ResourceManager/1.3.2 (.NET 6.0.14; Microsoft Windows 10.0.22000)",
        "x-ms-client-request-id": "8c8ce4f7f405744aeb2e75104fc386c0",
        "x-ms-return-client-request-id": "true"
      },
      "RequestBody": null,
      "StatusCode": 200,
      "ResponseHeaders": {
        "Cache-Control": "no-cache",
        "Content-Length": "569",
        "Content-Type": "application/json; charset=utf-8",
        "Date": "Mon, 27 Feb 2023 15:20:51 GMT",
        "Expires": "-1",
        "Pragma": "no-cache",
        "Server": "Microsoft-IIS/10.0",
        "Strict-Transport-Security": "max-age=31536000; includeSubDomains",
        "X-Content-Type-Options": "nosniff",
        "x-ms-correlation-request-id": "e6f2d4c1-b981-465d-b880-c29b9340c3dd",
        "x-ms-ratelimit-remaining-subscription-reads": "11947",
        "x-ms-request-id": "65d5ca71-6ed5-491c-bd13-47fc286197fc",
        "x-ms-routing-request-id": "SWEDENSOUTH:20230227T152052Z:e6f2d4c1-b981-465d-b880-c29b9340c3dd",
        "X-Powered-By": "ASP.NET"
      },
      "ResponseBody": {
        "id": "/subscriptions/69a75bda-882e-44d5-8431-63421204132a/providers/Microsoft.NetApp/locations/westus2/operationResults/0a7c15ca-1862-42fb-93bb-2e5c92aefa43",
        "name": "0a7c15ca-1862-42fb-93bb-2e5c92aefa43",
        "status": "Creating",
        "startTime": "2023-02-27T15:19:43.9361252Z",
        "endTime": "0001-01-01T00:00:00Z",
        "percentComplete": 0.0,
        "properties": {
          "resourceName": "/subscriptions/69a75bda-882e-44d5-8431-63421204132a/resourceGroups/testNetAppDotNetSDKRG-7184/providers/Microsoft.NetApp/netAppAccounts/account3698/capacityPools/pool-9525/volumes/volumeName-1491",
          "action": "CREATE"
        }
      }
    },
    {
      "RequestUri": "https://management.azure.com/subscriptions/69a75bda-882e-44d5-8431-63421204132a/providers/Microsoft.NetApp/locations/westus2/operationResults/0a7c15ca-1862-42fb-93bb-2e5c92aefa43?api-version=2022-09-01",
      "RequestMethod": "GET",
      "RequestHeaders": {
        "Authorization": "Sanitized",
        "traceparent": "00-ab8e63763fc7fc8313b9916801590e11-ab282f734a1361a6-00",
        "User-Agent": "azsdk-net-ResourceManager/1.3.2 (.NET 6.0.14; Microsoft Windows 10.0.22000)",
        "x-ms-client-request-id": "c2698af40e2bf51526d53bbecbb9b5fe",
        "x-ms-return-client-request-id": "true"
      },
      "RequestBody": null,
      "StatusCode": 200,
      "ResponseHeaders": {
        "Cache-Control": "no-cache",
        "Content-Length": "569",
        "Content-Type": "application/json; charset=utf-8",
        "Date": "Mon, 27 Feb 2023 15:21:23 GMT",
        "Expires": "-1",
        "Pragma": "no-cache",
        "Server": "Microsoft-IIS/10.0",
        "Strict-Transport-Security": "max-age=31536000; includeSubDomains",
        "X-Content-Type-Options": "nosniff",
        "x-ms-correlation-request-id": "fa9cc061-0b22-4ade-b4d6-6150ac47d849",
        "x-ms-ratelimit-remaining-subscription-reads": "11946",
        "x-ms-request-id": "d3c9ba8a-f431-44a9-b6cf-444642308c84",
        "x-ms-routing-request-id": "SWEDENSOUTH:20230227T152124Z:fa9cc061-0b22-4ade-b4d6-6150ac47d849",
        "X-Powered-By": "ASP.NET"
      },
      "ResponseBody": {
        "id": "/subscriptions/69a75bda-882e-44d5-8431-63421204132a/providers/Microsoft.NetApp/locations/westus2/operationResults/0a7c15ca-1862-42fb-93bb-2e5c92aefa43",
        "name": "0a7c15ca-1862-42fb-93bb-2e5c92aefa43",
        "status": "Creating",
        "startTime": "2023-02-27T15:19:43.9361252Z",
        "endTime": "0001-01-01T00:00:00Z",
        "percentComplete": 0.0,
        "properties": {
          "resourceName": "/subscriptions/69a75bda-882e-44d5-8431-63421204132a/resourceGroups/testNetAppDotNetSDKRG-7184/providers/Microsoft.NetApp/netAppAccounts/account3698/capacityPools/pool-9525/volumes/volumeName-1491",
          "action": "CREATE"
        }
      }
    },
    {
      "RequestUri": "https://management.azure.com/subscriptions/69a75bda-882e-44d5-8431-63421204132a/providers/Microsoft.NetApp/locations/westus2/operationResults/0a7c15ca-1862-42fb-93bb-2e5c92aefa43?api-version=2022-09-01",
      "RequestMethod": "GET",
      "RequestHeaders": {
        "Authorization": "Sanitized",
        "traceparent": "00-ab8e63763fc7fc8313b9916801590e11-58f4e7259d9b2b25-00",
        "User-Agent": "azsdk-net-ResourceManager/1.3.2 (.NET 6.0.14; Microsoft Windows 10.0.22000)",
        "x-ms-client-request-id": "8f166c332d89190a57116f05aafe81dd",
        "x-ms-return-client-request-id": "true"
      },
      "RequestBody": null,
      "StatusCode": 200,
      "ResponseHeaders": {
        "Cache-Control": "no-cache",
        "Content-Length": "569",
        "Content-Type": "application/json; charset=utf-8",
        "Date": "Mon, 27 Feb 2023 15:21:56 GMT",
        "Expires": "-1",
        "Pragma": "no-cache",
        "Server": "Microsoft-IIS/10.0",
        "Strict-Transport-Security": "max-age=31536000; includeSubDomains",
        "X-Content-Type-Options": "nosniff",
        "x-ms-correlation-request-id": "1e873553-e294-4c17-9cf7-57231f8f46d7",
        "x-ms-ratelimit-remaining-subscription-reads": "11945",
        "x-ms-request-id": "7e3b1d73-7160-4737-a627-d71286147acd",
        "x-ms-routing-request-id": "SWEDENSOUTH:20230227T152157Z:1e873553-e294-4c17-9cf7-57231f8f46d7",
        "X-Powered-By": "ASP.NET"
      },
      "ResponseBody": {
        "id": "/subscriptions/69a75bda-882e-44d5-8431-63421204132a/providers/Microsoft.NetApp/locations/westus2/operationResults/0a7c15ca-1862-42fb-93bb-2e5c92aefa43",
        "name": "0a7c15ca-1862-42fb-93bb-2e5c92aefa43",
        "status": "Creating",
        "startTime": "2023-02-27T15:19:43.9361252Z",
        "endTime": "0001-01-01T00:00:00Z",
        "percentComplete": 0.0,
        "properties": {
          "resourceName": "/subscriptions/69a75bda-882e-44d5-8431-63421204132a/resourceGroups/testNetAppDotNetSDKRG-7184/providers/Microsoft.NetApp/netAppAccounts/account3698/capacityPools/pool-9525/volumes/volumeName-1491",
          "action": "CREATE"
        }
      }
    },
    {
      "RequestUri": "https://management.azure.com/subscriptions/69a75bda-882e-44d5-8431-63421204132a/providers/Microsoft.NetApp/locations/westus2/operationResults/0a7c15ca-1862-42fb-93bb-2e5c92aefa43?api-version=2022-09-01",
      "RequestMethod": "GET",
      "RequestHeaders": {
        "Authorization": "Sanitized",
        "traceparent": "00-ab8e63763fc7fc8313b9916801590e11-5603560363e1420c-00",
        "User-Agent": "azsdk-net-ResourceManager/1.3.2 (.NET 6.0.14; Microsoft Windows 10.0.22000)",
        "x-ms-client-request-id": "3a8468f3ecdfe95ccf976630b88ca831",
        "x-ms-return-client-request-id": "true"
      },
      "RequestBody": null,
      "StatusCode": 200,
      "ResponseHeaders": {
        "Cache-Control": "no-cache",
        "Content-Length": "569",
        "Content-Type": "application/json; charset=utf-8",
        "Date": "Mon, 27 Feb 2023 15:22:28 GMT",
        "Expires": "-1",
        "Pragma": "no-cache",
        "Server": "Microsoft-IIS/10.0",
        "Strict-Transport-Security": "max-age=31536000; includeSubDomains",
        "X-Content-Type-Options": "nosniff",
        "x-ms-correlation-request-id": "b475b606-8645-48d6-b156-b0b0d996b79e",
        "x-ms-ratelimit-remaining-subscription-reads": "11944",
        "x-ms-request-id": "dd121df7-3827-4a61-abb3-555d7143436a",
        "x-ms-routing-request-id": "SWEDENSOUTH:20230227T152229Z:b475b606-8645-48d6-b156-b0b0d996b79e",
        "X-Powered-By": "ASP.NET"
      },
      "ResponseBody": {
        "id": "/subscriptions/69a75bda-882e-44d5-8431-63421204132a/providers/Microsoft.NetApp/locations/westus2/operationResults/0a7c15ca-1862-42fb-93bb-2e5c92aefa43",
        "name": "0a7c15ca-1862-42fb-93bb-2e5c92aefa43",
        "status": "Creating",
        "startTime": "2023-02-27T15:19:43.9361252Z",
        "endTime": "0001-01-01T00:00:00Z",
        "percentComplete": 0.0,
        "properties": {
          "resourceName": "/subscriptions/69a75bda-882e-44d5-8431-63421204132a/resourceGroups/testNetAppDotNetSDKRG-7184/providers/Microsoft.NetApp/netAppAccounts/account3698/capacityPools/pool-9525/volumes/volumeName-1491",
          "action": "CREATE"
        }
      }
    },
    {
      "RequestUri": "https://management.azure.com/subscriptions/69a75bda-882e-44d5-8431-63421204132a/providers/Microsoft.NetApp/locations/westus2/operationResults/0a7c15ca-1862-42fb-93bb-2e5c92aefa43?api-version=2022-09-01",
      "RequestMethod": "GET",
      "RequestHeaders": {
        "Authorization": "Sanitized",
        "traceparent": "00-ab8e63763fc7fc8313b9916801590e11-95a2922113e0829f-00",
        "User-Agent": "azsdk-net-ResourceManager/1.3.2 (.NET 6.0.14; Microsoft Windows 10.0.22000)",
        "x-ms-client-request-id": "e2dd7778f6acc7377f506a1a9f104a27",
        "x-ms-return-client-request-id": "true"
      },
      "RequestBody": null,
      "StatusCode": 200,
      "ResponseHeaders": {
        "Cache-Control": "no-cache",
        "Content-Length": "569",
        "Content-Type": "application/json; charset=utf-8",
        "Date": "Mon, 27 Feb 2023 15:23:01 GMT",
        "Expires": "-1",
        "Pragma": "no-cache",
        "Server": "Microsoft-IIS/10.0",
        "Strict-Transport-Security": "max-age=31536000; includeSubDomains",
        "X-Content-Type-Options": "nosniff",
        "x-ms-correlation-request-id": "90d171b1-031b-4a6c-9327-13a991c163c3",
        "x-ms-ratelimit-remaining-subscription-reads": "11943",
        "x-ms-request-id": "dce8ad78-7e7c-40b2-b40b-beb1d3e84f40",
        "x-ms-routing-request-id": "SWEDENSOUTH:20230227T152301Z:90d171b1-031b-4a6c-9327-13a991c163c3",
        "X-Powered-By": "ASP.NET"
      },
      "ResponseBody": {
        "id": "/subscriptions/69a75bda-882e-44d5-8431-63421204132a/providers/Microsoft.NetApp/locations/westus2/operationResults/0a7c15ca-1862-42fb-93bb-2e5c92aefa43",
        "name": "0a7c15ca-1862-42fb-93bb-2e5c92aefa43",
        "status": "Creating",
        "startTime": "2023-02-27T15:19:43.9361252Z",
        "endTime": "0001-01-01T00:00:00Z",
        "percentComplete": 0.0,
        "properties": {
          "resourceName": "/subscriptions/69a75bda-882e-44d5-8431-63421204132a/resourceGroups/testNetAppDotNetSDKRG-7184/providers/Microsoft.NetApp/netAppAccounts/account3698/capacityPools/pool-9525/volumes/volumeName-1491",
          "action": "CREATE"
        }
      }
    },
    {
      "RequestUri": "https://management.azure.com/subscriptions/69a75bda-882e-44d5-8431-63421204132a/providers/Microsoft.NetApp/locations/westus2/operationResults/0a7c15ca-1862-42fb-93bb-2e5c92aefa43?api-version=2022-09-01",
      "RequestMethod": "GET",
      "RequestHeaders": {
        "Authorization": "Sanitized",
        "traceparent": "00-ab8e63763fc7fc8313b9916801590e11-6e4874063481e0f5-00",
        "User-Agent": "azsdk-net-ResourceManager/1.3.2 (.NET 6.0.14; Microsoft Windows 10.0.22000)",
        "x-ms-client-request-id": "63ca5d537b35471e102cc0f1c7d960cb",
        "x-ms-return-client-request-id": "true"
      },
      "RequestBody": null,
      "StatusCode": 200,
      "ResponseHeaders": {
        "Cache-Control": "no-cache",
        "Content-Length": "569",
        "Content-Type": "application/json; charset=utf-8",
        "Date": "Mon, 27 Feb 2023 15:23:33 GMT",
        "Expires": "-1",
        "Pragma": "no-cache",
        "Server": "Microsoft-IIS/10.0",
        "Strict-Transport-Security": "max-age=31536000; includeSubDomains",
        "X-Content-Type-Options": "nosniff",
        "x-ms-correlation-request-id": "86c0bdf1-691f-49a0-8978-7b41d7a7e8aa",
        "x-ms-ratelimit-remaining-subscription-reads": "11942",
        "x-ms-request-id": "6bfb5829-367e-485d-8a17-b41b66f34728",
        "x-ms-routing-request-id": "SWEDENSOUTH:20230227T152333Z:86c0bdf1-691f-49a0-8978-7b41d7a7e8aa",
        "X-Powered-By": "ASP.NET"
      },
      "ResponseBody": {
        "id": "/subscriptions/69a75bda-882e-44d5-8431-63421204132a/providers/Microsoft.NetApp/locations/westus2/operationResults/0a7c15ca-1862-42fb-93bb-2e5c92aefa43",
        "name": "0a7c15ca-1862-42fb-93bb-2e5c92aefa43",
        "status": "Creating",
        "startTime": "2023-02-27T15:19:43.9361252Z",
        "endTime": "0001-01-01T00:00:00Z",
        "percentComplete": 0.0,
        "properties": {
          "resourceName": "/subscriptions/69a75bda-882e-44d5-8431-63421204132a/resourceGroups/testNetAppDotNetSDKRG-7184/providers/Microsoft.NetApp/netAppAccounts/account3698/capacityPools/pool-9525/volumes/volumeName-1491",
          "action": "CREATE"
        }
      }
    },
    {
      "RequestUri": "https://management.azure.com/subscriptions/69a75bda-882e-44d5-8431-63421204132a/providers/Microsoft.NetApp/locations/westus2/operationResults/0a7c15ca-1862-42fb-93bb-2e5c92aefa43?api-version=2022-09-01",
      "RequestMethod": "GET",
      "RequestHeaders": {
        "Authorization": "Sanitized",
        "traceparent": "00-ab8e63763fc7fc8313b9916801590e11-e25eff4d568b9129-00",
        "User-Agent": "azsdk-net-ResourceManager/1.3.2 (.NET 6.0.14; Microsoft Windows 10.0.22000)",
        "x-ms-client-request-id": "338d3d689f21fd3130bdba8f81424abe",
        "x-ms-return-client-request-id": "true"
      },
      "RequestBody": null,
      "StatusCode": 200,
      "ResponseHeaders": {
        "Cache-Control": "no-cache",
        "Content-Length": "569",
        "Content-Type": "application/json; charset=utf-8",
        "Date": "Mon, 27 Feb 2023 15:24:05 GMT",
        "Expires": "-1",
        "Pragma": "no-cache",
        "Server": "Microsoft-IIS/10.0",
        "Strict-Transport-Security": "max-age=31536000; includeSubDomains",
        "X-Content-Type-Options": "nosniff",
        "x-ms-correlation-request-id": "21d73da7-2b26-4779-a03c-0c2aa88d13b7",
        "x-ms-ratelimit-remaining-subscription-reads": "11941",
        "x-ms-request-id": "f8bc7da6-4e4f-41bf-b33e-fc1969591601",
        "x-ms-routing-request-id": "SWEDENSOUTH:20230227T152406Z:21d73da7-2b26-4779-a03c-0c2aa88d13b7",
        "X-Powered-By": "ASP.NET"
      },
      "ResponseBody": {
        "id": "/subscriptions/69a75bda-882e-44d5-8431-63421204132a/providers/Microsoft.NetApp/locations/westus2/operationResults/0a7c15ca-1862-42fb-93bb-2e5c92aefa43",
        "name": "0a7c15ca-1862-42fb-93bb-2e5c92aefa43",
        "status": "Creating",
        "startTime": "2023-02-27T15:19:43.9361252Z",
        "endTime": "0001-01-01T00:00:00Z",
        "percentComplete": 0.0,
        "properties": {
          "resourceName": "/subscriptions/69a75bda-882e-44d5-8431-63421204132a/resourceGroups/testNetAppDotNetSDKRG-7184/providers/Microsoft.NetApp/netAppAccounts/account3698/capacityPools/pool-9525/volumes/volumeName-1491",
          "action": "CREATE"
        }
      }
    },
    {
      "RequestUri": "https://management.azure.com/subscriptions/69a75bda-882e-44d5-8431-63421204132a/providers/Microsoft.NetApp/locations/westus2/operationResults/0a7c15ca-1862-42fb-93bb-2e5c92aefa43?api-version=2022-09-01",
      "RequestMethod": "GET",
      "RequestHeaders": {
        "Authorization": "Sanitized",
        "traceparent": "00-ab8e63763fc7fc8313b9916801590e11-363c74de55f1b771-00",
        "User-Agent": "azsdk-net-ResourceManager/1.3.2 (.NET 6.0.14; Microsoft Windows 10.0.22000)",
        "x-ms-client-request-id": "5bdd3e4d45c1fdfb5896d27f354600a6",
        "x-ms-return-client-request-id": "true"
      },
      "RequestBody": null,
      "StatusCode": 200,
      "ResponseHeaders": {
        "Cache-Control": "no-cache",
        "Content-Length": "580",
        "Content-Type": "application/json; charset=utf-8",
        "Date": "Mon, 27 Feb 2023 15:24:38 GMT",
        "Expires": "-1",
        "Pragma": "no-cache",
        "Server": "Microsoft-IIS/10.0",
        "Strict-Transport-Security": "max-age=31536000; includeSubDomains",
        "X-Content-Type-Options": "nosniff",
        "x-ms-correlation-request-id": "4336f1b1-19c1-4206-b0a6-51e0c6411f65",
        "x-ms-ratelimit-remaining-subscription-reads": "11940",
        "x-ms-request-id": "71a15a2d-4516-4225-a060-444fb3ab5f47",
        "x-ms-routing-request-id": "SWEDENSOUTH:20230227T152438Z:4336f1b1-19c1-4206-b0a6-51e0c6411f65",
        "X-Powered-By": "ASP.NET"
      },
      "ResponseBody": {
        "id": "/subscriptions/69a75bda-882e-44d5-8431-63421204132a/providers/Microsoft.NetApp/locations/westus2/operationResults/0a7c15ca-1862-42fb-93bb-2e5c92aefa43",
        "name": "0a7c15ca-1862-42fb-93bb-2e5c92aefa43",
        "status": "Succeeded",
        "startTime": "2023-02-27T15:19:43.9361252Z",
        "endTime": "2023-02-27T15:24:15.0974667Z",
        "percentComplete": 100.0,
        "properties": {
          "resourceName": "/subscriptions/69a75bda-882e-44d5-8431-63421204132a/resourceGroups/testNetAppDotNetSDKRG-7184/providers/Microsoft.NetApp/netAppAccounts/account3698/capacityPools/pool-9525/volumes/volumeName-1491",
          "action": "CREATE"
        }
      }
    },
    {
      "RequestUri": "https://management.azure.com/subscriptions/69a75bda-882e-44d5-8431-63421204132a/resourceGroups/testNetAppDotNetSDKRG-7184/providers/Microsoft.NetApp/netAppAccounts/account3698/capacityPools/pool-9525/volumes/volumeName-1491?api-version=2022-09-01",
      "RequestMethod": "GET",
      "RequestHeaders": {
        "Authorization": "Sanitized",
        "traceparent": "00-ab8e63763fc7fc8313b9916801590e11-b888d8f2c30b128d-00",
        "User-Agent": "azsdk-net-ResourceManager/1.3.2 (.NET 6.0.14; Microsoft Windows 10.0.22000)",
        "x-ms-client-request-id": "61b29fef1683b4062ccd3277c08ec5cd",
        "x-ms-return-client-request-id": "true"
      },
      "RequestBody": null,
      "StatusCode": 200,
      "ResponseHeaders": {
        "Cache-Control": "no-cache",
        "Content-Length": "2710",
        "Content-Type": "application/json; charset=utf-8",
        "Date": "Mon, 27 Feb 2023 15:24:39 GMT",
        "ETag": "W/\u0022datetime\u00272023-02-27T15%3A24%3A15.0870548Z\u0027\u0022",
        "Expires": "-1",
        "Pragma": "no-cache",
        "Server": "Microsoft-IIS/10.0",
        "Strict-Transport-Security": "max-age=31536000; includeSubDomains",
        "X-Content-Type-Options": "nosniff",
        "x-ms-correlation-request-id": "32848ce9-6fda-4955-8aba-75dbe6e68f58",
        "x-ms-ratelimit-remaining-subscription-reads": "11939",
        "x-ms-request-id": "9ea6fee7-a14c-45a2-9461-31698df72f6a",
        "x-ms-routing-request-id": "SWEDENSOUTH:20230227T152439Z:32848ce9-6fda-4955-8aba-75dbe6e68f58",
        "X-Powered-By": "ASP.NET"
      },
      "ResponseBody": {
        "id": "/subscriptions/69a75bda-882e-44d5-8431-63421204132a/resourceGroups/testNetAppDotNetSDKRG-7184/providers/Microsoft.NetApp/netAppAccounts/account3698/capacityPools/pool-9525/volumes/volumeName-1491",
        "name": "account3698/pool-9525/volumeName-1491",
        "type": "Microsoft.NetApp/netAppAccounts/capacityPools/volumes",
        "etag": "W/\u0022datetime\u00272023-02-27T15%3A24%3A15.0870548Z\u0027\u0022",
        "location": "westus2",
        "tags": {
          "key1": "value1",
          "key2": "value2",
          "CreatedOnDate": "2023-02-27T15:19:41.2577528Z"
        },
        "properties": {
          "dataProtection": {
            "backup": {
              "backupEnabled": true,
              "policyEnforced": false,
              "backupPolicyId": "/subscriptions/69a75bda-882e-44d5-8431-63421204132a/resourceGroups/testNetAppDotNetSDKRG-7184/providers/Microsoft.NetApp/netAppAccounts/account3698/backupPolicies/backupPolicy-2793"
            }
          },
          "fileSystemId": "5ac714a9-5f59-e563-6463-0d281721a80a",
          "serviceLevel": "Premium",
          "creationToken": "volumeName-1491",
          "usageThreshold": 107374182400,
          "exportPolicy": {
            "rules": [
              {
                "ruleIndex": 1,
                "unixReadOnly": false,
                "unixReadWrite": true,
                "cifs": false,
                "nfsv3": true,
                "nfsv41": false,
                "allowedClients": "0.0.0.0/0",
                "kerberos5ReadOnly": false,
                "kerberos5ReadWrite": false,
                "kerberos5iReadOnly": false,
                "kerberos5iReadWrite": false,
                "kerberos5pReadOnly": false,
                "kerberos5pReadWrite": false,
                "hasRootAccess": true,
                "chownMode": "Restricted"
              }
            ]
          },
          "protocolTypes": [
            "NFSv3"
          ],
          "baremetalTenantId": "baremetalTenant_svm_8f82c7b40509489d9e97d719b9b955b4_ef79a0a5",
          "subnetId": "/subscriptions/69a75bda-882e-44d5-8431-63421204132a/resourceGroups/testNetAppDotNetSDKRG-7184/providers/Microsoft.Network/virtualNetworks/vnet-1966/subnets/default",
          "networkFeatures": "Basic",
          "networkSiblingSetId": "1bea8e4a-8bcc-2c5d-0921-9f6e2eb6230b",
          "storageToNetworkProximity": "Default",
          "snapshotDirectoryVisible": true,
          "kerberosEnabled": false,
          "securityStyle": "Unix",
          "smbEncryption": false,
          "smbContinuouslyAvailable": false,
          "encryptionKeySource": "Microsoft.NetApp",
          "ldapEnabled": false,
          "unixPermissions": "0770",
          "mountTargets": [
            {
              "mountTargetId": "5ac714a9-5f59-e563-6463-0d281721a80a",
              "fileSystemId": "5ac714a9-5f59-e563-6463-0d281721a80a",
              "ipAddress": "10.0.1.4"
            }
          ],
          "throughputMibps": 6.25,
          "coolAccess": false,
          "avsDataStore": "Disabled",
          "isDefaultQuotaEnabled": false,
          "defaultUserQuotaInKiBs": 0,
          "defaultGroupQuotaInKiBs": 0,
          "enableSubvolumes": "Disabled",
          "maximumNumberOfFiles": 100000000,
          "smbNonBrowsable": "Disabled",
          "smbAccessBasedEnumeration": "Disabled",
          "isLargeVolume": false,
          "provisionedAvailabilityZone": "1",
          "provisioningState": "Succeeded"
        },
        "systemData": {
          "createdBy": "c6c4faba-2b22-44d9-80a4-71ff5b71f811",
          "createdByType": "Application",
          "createdAt": "2023-02-27T15:19:43.1479596Z",
          "lastModifiedBy": "c6c4faba-2b22-44d9-80a4-71ff5b71f811",
          "lastModifiedByType": "Application",
          "lastModifiedAt": "2023-02-27T15:19:43.1479596Z"
        }
      }
    },
    {
      "RequestUri": "https://management.azure.com/subscriptions/69a75bda-882e-44d5-8431-63421204132a/resourceGroups/testNetAppDotNetSDKRG-7184/providers/Microsoft.NetApp/netAppAccounts/account3698/capacityPools/pool-9525/volumes/volumeName-1491?api-version=2022-09-01",
      "RequestMethod": "GET",
      "RequestHeaders": {
        "Accept": "application/json",
        "Authorization": "Sanitized",
        "traceparent": "00-2629ceed7534608df82d32bcca38ba0a-cb42f3e575afe3f7-00",
        "User-Agent": "azsdk-net-ResourceManager.NetApp/1.1.0-alpha.20230223.1 (.NET 6.0.14; Microsoft Windows 10.0.22000)",
        "x-ms-client-request-id": "88a302e205fc23094190db8accb1c7ea",
        "x-ms-return-client-request-id": "true"
      },
      "RequestBody": null,
      "StatusCode": 200,
      "ResponseHeaders": {
        "Cache-Control": "no-cache",
        "Content-Length": "2710",
        "Content-Type": "application/json; charset=utf-8",
        "Date": "Mon, 27 Feb 2023 15:24:39 GMT",
        "ETag": "W/\u0022datetime\u00272023-02-27T15%3A24%3A15.0870548Z\u0027\u0022",
        "Expires": "-1",
        "Pragma": "no-cache",
        "Server": "Microsoft-IIS/10.0",
        "Strict-Transport-Security": "max-age=31536000; includeSubDomains",
        "X-Content-Type-Options": "nosniff",
        "x-ms-correlation-request-id": "98f51fc3-3729-4e8d-ad4a-8a6823f2e3ee",
        "x-ms-ratelimit-remaining-subscription-reads": "11938",
        "x-ms-request-id": "75fcaaac-a463-4a10-8dbe-1e3b7b3fce3f",
        "x-ms-routing-request-id": "SWEDENSOUTH:20230227T152439Z:98f51fc3-3729-4e8d-ad4a-8a6823f2e3ee",
        "X-Powered-By": "ASP.NET"
      },
      "ResponseBody": {
        "id": "/subscriptions/69a75bda-882e-44d5-8431-63421204132a/resourceGroups/testNetAppDotNetSDKRG-7184/providers/Microsoft.NetApp/netAppAccounts/account3698/capacityPools/pool-9525/volumes/volumeName-1491",
        "name": "account3698/pool-9525/volumeName-1491",
        "type": "Microsoft.NetApp/netAppAccounts/capacityPools/volumes",
        "etag": "W/\u0022datetime\u00272023-02-27T15%3A24%3A15.0870548Z\u0027\u0022",
        "location": "westus2",
        "tags": {
          "key1": "value1",
          "key2": "value2",
          "CreatedOnDate": "2023-02-27T15:19:41.2577528Z"
        },
        "properties": {
          "dataProtection": {
            "backup": {
              "backupEnabled": true,
              "policyEnforced": false,
              "backupPolicyId": "/subscriptions/69a75bda-882e-44d5-8431-63421204132a/resourceGroups/testNetAppDotNetSDKRG-7184/providers/Microsoft.NetApp/netAppAccounts/account3698/backupPolicies/backupPolicy-2793"
            }
          },
          "fileSystemId": "5ac714a9-5f59-e563-6463-0d281721a80a",
          "serviceLevel": "Premium",
          "creationToken": "volumeName-1491",
          "usageThreshold": 107374182400,
          "exportPolicy": {
            "rules": [
              {
                "ruleIndex": 1,
                "unixReadOnly": false,
                "unixReadWrite": true,
                "cifs": false,
                "nfsv3": true,
                "nfsv41": false,
                "allowedClients": "0.0.0.0/0",
                "kerberos5ReadOnly": false,
                "kerberos5ReadWrite": false,
                "kerberos5iReadOnly": false,
                "kerberos5iReadWrite": false,
                "kerberos5pReadOnly": false,
                "kerberos5pReadWrite": false,
                "hasRootAccess": true,
                "chownMode": "Restricted"
              }
            ]
          },
          "protocolTypes": [
            "NFSv3"
          ],
          "baremetalTenantId": "baremetalTenant_svm_8f82c7b40509489d9e97d719b9b955b4_ef79a0a5",
          "subnetId": "/subscriptions/69a75bda-882e-44d5-8431-63421204132a/resourceGroups/testNetAppDotNetSDKRG-7184/providers/Microsoft.Network/virtualNetworks/vnet-1966/subnets/default",
          "networkFeatures": "Basic",
          "networkSiblingSetId": "1bea8e4a-8bcc-2c5d-0921-9f6e2eb6230b",
          "storageToNetworkProximity": "Default",
          "snapshotDirectoryVisible": true,
          "kerberosEnabled": false,
          "securityStyle": "Unix",
          "smbEncryption": false,
          "smbContinuouslyAvailable": false,
          "encryptionKeySource": "Microsoft.NetApp",
          "ldapEnabled": false,
          "unixPermissions": "0770",
          "mountTargets": [
            {
              "mountTargetId": "5ac714a9-5f59-e563-6463-0d281721a80a",
              "fileSystemId": "5ac714a9-5f59-e563-6463-0d281721a80a",
              "ipAddress": "10.0.1.4"
            }
          ],
          "throughputMibps": 6.25,
          "coolAccess": false,
          "avsDataStore": "Disabled",
          "isDefaultQuotaEnabled": false,
          "defaultUserQuotaInKiBs": 0,
          "defaultGroupQuotaInKiBs": 0,
          "enableSubvolumes": "Disabled",
          "maximumNumberOfFiles": 100000000,
          "smbNonBrowsable": "Disabled",
          "smbAccessBasedEnumeration": "Disabled",
          "isLargeVolume": false,
          "provisionedAvailabilityZone": "1",
          "provisioningState": "Succeeded"
        },
        "systemData": {
          "createdBy": "c6c4faba-2b22-44d9-80a4-71ff5b71f811",
          "createdByType": "Application",
          "createdAt": "2023-02-27T15:19:43.1479596Z",
          "lastModifiedBy": "c6c4faba-2b22-44d9-80a4-71ff5b71f811",
          "lastModifiedByType": "Application",
          "lastModifiedAt": "2023-02-27T15:19:43.1479596Z"
        }
      }
    },
    {
      "RequestUri": "https://management.azure.com/subscriptions/69a75bda-882e-44d5-8431-63421204132a/resourceGroups/testNetAppDotNetSDKRG-7184/providers/Microsoft.NetApp/netAppAccounts/account3698/capacityPools/pool-9525/volumes/volumeName-1491?api-version=2022-09-01",
      "RequestMethod": "DELETE",
      "RequestHeaders": {
        "Authorization": "Sanitized",
        "traceparent": "00-0a7395675ab9971784c1e6ed56305148-b5018985213f08b4-00",
        "User-Agent": "azsdk-net-ResourceManager.NetApp/1.1.0-alpha.20230223.1 (.NET 6.0.14; Microsoft Windows 10.0.22000)",
        "x-ms-client-request-id": "e2a014bde990363b38292ef312843cc9",
        "x-ms-return-client-request-id": "true"
      },
      "RequestBody": null,
      "StatusCode": 202,
      "ResponseHeaders": {
        "Azure-AsyncOperation": "https://management.azure.com/subscriptions/69a75bda-882e-44d5-8431-63421204132a/providers/Microsoft.NetApp/locations/westus2/operationResults/f886b031-bac1-4047-8c04-64266ab5452a?api-version=2022-09-01",
        "Cache-Control": "no-cache",
        "Content-Length": "0",
        "Date": "Mon, 27 Feb 2023 15:24:40 GMT",
        "Expires": "-1",
        "Location": "https://management.azure.com/subscriptions/69a75bda-882e-44d5-8431-63421204132a/providers/Microsoft.NetApp/locations/westus2/operationResults/f886b031-bac1-4047-8c04-64266ab5452a?api-version=2022-09-01\u0026operationResultResponseType=Location",
        "Pragma": "no-cache",
        "Server": "Microsoft-IIS/10.0",
        "Strict-Transport-Security": "max-age=31536000; includeSubDomains",
        "X-Content-Type-Options": "nosniff",
        "x-ms-correlation-request-id": "1cd66ddc-2702-4e60-a85d-cac23b451245",
        "x-ms-ratelimit-remaining-subscription-deletes": "14997",
        "x-ms-request-id": "1cd66ddc-2702-4e60-a85d-cac23b451245",
        "x-ms-routing-request-id": "SWEDENSOUTH:20230227T152440Z:1cd66ddc-2702-4e60-a85d-cac23b451245",
        "X-Powered-By": "ASP.NET"
      },
      "ResponseBody": null
    },
    {
      "RequestUri": "https://management.azure.com/subscriptions/69a75bda-882e-44d5-8431-63421204132a/providers/Microsoft.NetApp/locations/westus2/operationResults/f886b031-bac1-4047-8c04-64266ab5452a?api-version=2022-09-01",
      "RequestMethod": "GET",
      "RequestHeaders": {
        "Authorization": "Sanitized",
        "traceparent": "00-0a7395675ab9971784c1e6ed56305148-3ae73aae4b5e1ec7-00",
        "User-Agent": "azsdk-net-ResourceManager/1.3.2 (.NET 6.0.14; Microsoft Windows 10.0.22000)",
        "x-ms-client-request-id": "abba4805e3eef83dc66c50d2d71611bd",
        "x-ms-return-client-request-id": "true"
      },
      "RequestBody": null,
      "StatusCode": 200,
      "ResponseHeaders": {
        "Cache-Control": "no-cache",
        "Content-Length": "569",
        "Content-Type": "application/json; charset=utf-8",
        "Date": "Mon, 27 Feb 2023 15:24:40 GMT",
        "Expires": "-1",
        "Pragma": "no-cache",
        "Server": "Microsoft-IIS/10.0",
        "Strict-Transport-Security": "max-age=31536000; includeSubDomains",
        "X-Content-Type-Options": "nosniff",
        "x-ms-correlation-request-id": "041e63cd-74d4-4326-9ebc-2b68f7c92cad",
        "x-ms-ratelimit-remaining-subscription-reads": "11937",
        "x-ms-request-id": "dd4e1313-b67c-4d30-9e31-0c4d45ebd32a",
        "x-ms-routing-request-id": "SWEDENSOUTH:20230227T152440Z:041e63cd-74d4-4326-9ebc-2b68f7c92cad",
        "X-Powered-By": "ASP.NET"
      },
      "ResponseBody": {
        "id": "/subscriptions/69a75bda-882e-44d5-8431-63421204132a/providers/Microsoft.NetApp/locations/westus2/operationResults/f886b031-bac1-4047-8c04-64266ab5452a",
        "name": "f886b031-bac1-4047-8c04-64266ab5452a",
        "status": "Deleting",
        "startTime": "2023-02-27T15:24:40.5439304Z",
        "endTime": "0001-01-01T00:00:00Z",
        "percentComplete": 0.0,
        "properties": {
          "resourceName": "/subscriptions/69a75bda-882e-44d5-8431-63421204132a/resourceGroups/testNetAppDotNetSDKRG-7184/providers/Microsoft.NetApp/netAppAccounts/account3698/capacityPools/pool-9525/volumes/volumeName-1491",
          "action": "DELETE"
        }
      }
    },
    {
      "RequestUri": "https://management.azure.com/subscriptions/69a75bda-882e-44d5-8431-63421204132a/providers/Microsoft.NetApp/locations/westus2/operationResults/f886b031-bac1-4047-8c04-64266ab5452a?api-version=2022-09-01",
      "RequestMethod": "GET",
      "RequestHeaders": {
        "Authorization": "Sanitized",
        "traceparent": "00-0a7395675ab9971784c1e6ed56305148-2396eada04ce9d26-00",
        "User-Agent": "azsdk-net-ResourceManager/1.3.2 (.NET 6.0.14; Microsoft Windows 10.0.22000)",
        "x-ms-client-request-id": "c7ba1153941345486ab74c01ca48fbbc",
        "x-ms-return-client-request-id": "true"
      },
      "RequestBody": null,
      "StatusCode": 200,
      "ResponseHeaders": {
        "Cache-Control": "no-cache",
        "Content-Length": "569",
        "Content-Type": "application/json; charset=utf-8",
        "Date": "Mon, 27 Feb 2023 15:24:41 GMT",
        "Expires": "-1",
        "Pragma": "no-cache",
        "Server": "Microsoft-IIS/10.0",
        "Strict-Transport-Security": "max-age=31536000; includeSubDomains",
        "X-Content-Type-Options": "nosniff",
        "x-ms-correlation-request-id": "0a1186f0-57c9-47b0-9214-63354aa3a4f0",
        "x-ms-ratelimit-remaining-subscription-reads": "11936",
        "x-ms-request-id": "cf8dac6b-3ee6-488b-bbfe-7b5c581b563c",
        "x-ms-routing-request-id": "SWEDENSOUTH:20230227T152442Z:0a1186f0-57c9-47b0-9214-63354aa3a4f0",
        "X-Powered-By": "ASP.NET"
      },
      "ResponseBody": {
        "id": "/subscriptions/69a75bda-882e-44d5-8431-63421204132a/providers/Microsoft.NetApp/locations/westus2/operationResults/f886b031-bac1-4047-8c04-64266ab5452a",
        "name": "f886b031-bac1-4047-8c04-64266ab5452a",
        "status": "Deleting",
        "startTime": "2023-02-27T15:24:40.5439304Z",
        "endTime": "0001-01-01T00:00:00Z",
        "percentComplete": 0.0,
        "properties": {
          "resourceName": "/subscriptions/69a75bda-882e-44d5-8431-63421204132a/resourceGroups/testNetAppDotNetSDKRG-7184/providers/Microsoft.NetApp/netAppAccounts/account3698/capacityPools/pool-9525/volumes/volumeName-1491",
          "action": "DELETE"
        }
      }
    },
    {
      "RequestUri": "https://management.azure.com/subscriptions/69a75bda-882e-44d5-8431-63421204132a/providers/Microsoft.NetApp/locations/westus2/operationResults/f886b031-bac1-4047-8c04-64266ab5452a?api-version=2022-09-01",
      "RequestMethod": "GET",
      "RequestHeaders": {
        "Authorization": "Sanitized",
        "traceparent": "00-0a7395675ab9971784c1e6ed56305148-87209239541dae77-00",
        "User-Agent": "azsdk-net-ResourceManager/1.3.2 (.NET 6.0.14; Microsoft Windows 10.0.22000)",
        "x-ms-client-request-id": "caedb34290c9eddbc7a56c3527d7127f",
        "x-ms-return-client-request-id": "true"
      },
      "RequestBody": null,
      "StatusCode": 200,
      "ResponseHeaders": {
        "Cache-Control": "no-cache",
        "Content-Length": "569",
        "Content-Type": "application/json; charset=utf-8",
        "Date": "Mon, 27 Feb 2023 15:24:43 GMT",
        "Expires": "-1",
        "Pragma": "no-cache",
        "Server": "Microsoft-IIS/10.0",
        "Strict-Transport-Security": "max-age=31536000; includeSubDomains",
        "X-Content-Type-Options": "nosniff",
        "x-ms-correlation-request-id": "976faf83-1447-44d4-99d7-7d7a68d75385",
        "x-ms-ratelimit-remaining-subscription-reads": "11935",
        "x-ms-request-id": "ec79c913-0e4c-4f96-8956-f236b869da3b",
        "x-ms-routing-request-id": "SWEDENSOUTH:20230227T152443Z:976faf83-1447-44d4-99d7-7d7a68d75385",
        "X-Powered-By": "ASP.NET"
      },
      "ResponseBody": {
        "id": "/subscriptions/69a75bda-882e-44d5-8431-63421204132a/providers/Microsoft.NetApp/locations/westus2/operationResults/f886b031-bac1-4047-8c04-64266ab5452a",
        "name": "f886b031-bac1-4047-8c04-64266ab5452a",
        "status": "Deleting",
        "startTime": "2023-02-27T15:24:40.5439304Z",
        "endTime": "0001-01-01T00:00:00Z",
        "percentComplete": 0.0,
        "properties": {
          "resourceName": "/subscriptions/69a75bda-882e-44d5-8431-63421204132a/resourceGroups/testNetAppDotNetSDKRG-7184/providers/Microsoft.NetApp/netAppAccounts/account3698/capacityPools/pool-9525/volumes/volumeName-1491",
          "action": "DELETE"
        }
      }
    },
    {
      "RequestUri": "https://management.azure.com/subscriptions/69a75bda-882e-44d5-8431-63421204132a/providers/Microsoft.NetApp/locations/westus2/operationResults/f886b031-bac1-4047-8c04-64266ab5452a?api-version=2022-09-01",
      "RequestMethod": "GET",
      "RequestHeaders": {
        "Authorization": "Sanitized",
        "traceparent": "00-0a7395675ab9971784c1e6ed56305148-47cbc08bd07a470f-00",
        "User-Agent": "azsdk-net-ResourceManager/1.3.2 (.NET 6.0.14; Microsoft Windows 10.0.22000)",
        "x-ms-client-request-id": "2a9f617d1fc1716700744137973b2e7d",
        "x-ms-return-client-request-id": "true"
      },
      "RequestBody": null,
      "StatusCode": 200,
      "ResponseHeaders": {
        "Cache-Control": "no-cache",
        "Content-Length": "569",
        "Content-Type": "application/json; charset=utf-8",
        "Date": "Mon, 27 Feb 2023 15:24:44 GMT",
        "Expires": "-1",
        "Pragma": "no-cache",
        "Server": "Microsoft-IIS/10.0",
        "Strict-Transport-Security": "max-age=31536000; includeSubDomains",
        "X-Content-Type-Options": "nosniff",
        "x-ms-correlation-request-id": "0ca0a2cc-9ad3-4a15-8a85-5d43baa64b2a",
        "x-ms-ratelimit-remaining-subscription-reads": "11934",
        "x-ms-request-id": "fec609ac-828b-4b3c-b0fc-f8bd22f81333",
        "x-ms-routing-request-id": "SWEDENSOUTH:20230227T152444Z:0ca0a2cc-9ad3-4a15-8a85-5d43baa64b2a",
        "X-Powered-By": "ASP.NET"
      },
      "ResponseBody": {
        "id": "/subscriptions/69a75bda-882e-44d5-8431-63421204132a/providers/Microsoft.NetApp/locations/westus2/operationResults/f886b031-bac1-4047-8c04-64266ab5452a",
        "name": "f886b031-bac1-4047-8c04-64266ab5452a",
        "status": "Deleting",
        "startTime": "2023-02-27T15:24:40.5439304Z",
        "endTime": "0001-01-01T00:00:00Z",
        "percentComplete": 0.0,
        "properties": {
          "resourceName": "/subscriptions/69a75bda-882e-44d5-8431-63421204132a/resourceGroups/testNetAppDotNetSDKRG-7184/providers/Microsoft.NetApp/netAppAccounts/account3698/capacityPools/pool-9525/volumes/volumeName-1491",
          "action": "DELETE"
        }
      }
    },
    {
      "RequestUri": "https://management.azure.com/subscriptions/69a75bda-882e-44d5-8431-63421204132a/providers/Microsoft.NetApp/locations/westus2/operationResults/f886b031-bac1-4047-8c04-64266ab5452a?api-version=2022-09-01",
      "RequestMethod": "GET",
      "RequestHeaders": {
        "Authorization": "Sanitized",
        "traceparent": "00-0a7395675ab9971784c1e6ed56305148-9391fe27b703c1b4-00",
        "User-Agent": "azsdk-net-ResourceManager/1.3.2 (.NET 6.0.14; Microsoft Windows 10.0.22000)",
        "x-ms-client-request-id": "239093714728c2f436cc006e27121e92",
        "x-ms-return-client-request-id": "true"
      },
      "RequestBody": null,
      "StatusCode": 200,
      "ResponseHeaders": {
        "Cache-Control": "no-cache",
        "Content-Length": "569",
        "Content-Type": "application/json; charset=utf-8",
        "Date": "Mon, 27 Feb 2023 15:24:46 GMT",
        "Expires": "-1",
        "Pragma": "no-cache",
        "Server": "Microsoft-IIS/10.0",
        "Strict-Transport-Security": "max-age=31536000; includeSubDomains",
        "X-Content-Type-Options": "nosniff",
        "x-ms-correlation-request-id": "e978cdb9-3cf9-425a-adaa-99a2d68707f0",
        "x-ms-ratelimit-remaining-subscription-reads": "11933",
        "x-ms-request-id": "7d1a5e6c-4e3b-4064-8ae5-9f8eb346b1d2",
        "x-ms-routing-request-id": "SWEDENSOUTH:20230227T152446Z:e978cdb9-3cf9-425a-adaa-99a2d68707f0",
        "X-Powered-By": "ASP.NET"
      },
      "ResponseBody": {
        "id": "/subscriptions/69a75bda-882e-44d5-8431-63421204132a/providers/Microsoft.NetApp/locations/westus2/operationResults/f886b031-bac1-4047-8c04-64266ab5452a",
        "name": "f886b031-bac1-4047-8c04-64266ab5452a",
        "status": "Deleting",
        "startTime": "2023-02-27T15:24:40.5439304Z",
        "endTime": "0001-01-01T00:00:00Z",
        "percentComplete": 0.0,
        "properties": {
          "resourceName": "/subscriptions/69a75bda-882e-44d5-8431-63421204132a/resourceGroups/testNetAppDotNetSDKRG-7184/providers/Microsoft.NetApp/netAppAccounts/account3698/capacityPools/pool-9525/volumes/volumeName-1491",
          "action": "DELETE"
        }
      }
    },
    {
      "RequestUri": "https://management.azure.com/subscriptions/69a75bda-882e-44d5-8431-63421204132a/providers/Microsoft.NetApp/locations/westus2/operationResults/f886b031-bac1-4047-8c04-64266ab5452a?api-version=2022-09-01",
      "RequestMethod": "GET",
      "RequestHeaders": {
        "Authorization": "Sanitized",
        "traceparent": "00-0a7395675ab9971784c1e6ed56305148-3bffcadfcca97f36-00",
        "User-Agent": "azsdk-net-ResourceManager/1.3.2 (.NET 6.0.14; Microsoft Windows 10.0.22000)",
        "x-ms-client-request-id": "6984cda4d1a922fb4c7cc9544fa3568b",
        "x-ms-return-client-request-id": "true"
      },
      "RequestBody": null,
      "StatusCode": 200,
      "ResponseHeaders": {
        "Cache-Control": "no-cache",
        "Content-Length": "569",
        "Content-Type": "application/json; charset=utf-8",
        "Date": "Mon, 27 Feb 2023 15:24:50 GMT",
        "Expires": "-1",
        "Pragma": "no-cache",
        "Server": "Microsoft-IIS/10.0",
        "Strict-Transport-Security": "max-age=31536000; includeSubDomains",
        "X-Content-Type-Options": "nosniff",
        "x-ms-correlation-request-id": "419f81e6-2ea7-4002-a845-8987cd61d2f2",
        "x-ms-ratelimit-remaining-subscription-reads": "11932",
        "x-ms-request-id": "c4b7f2a8-c63a-4db4-a261-8fe8d19c28c4",
        "x-ms-routing-request-id": "SWEDENSOUTH:20230227T152450Z:419f81e6-2ea7-4002-a845-8987cd61d2f2",
        "X-Powered-By": "ASP.NET"
      },
      "ResponseBody": {
        "id": "/subscriptions/69a75bda-882e-44d5-8431-63421204132a/providers/Microsoft.NetApp/locations/westus2/operationResults/f886b031-bac1-4047-8c04-64266ab5452a",
        "name": "f886b031-bac1-4047-8c04-64266ab5452a",
        "status": "Deleting",
        "startTime": "2023-02-27T15:24:40.5439304Z",
        "endTime": "0001-01-01T00:00:00Z",
        "percentComplete": 0.0,
        "properties": {
          "resourceName": "/subscriptions/69a75bda-882e-44d5-8431-63421204132a/resourceGroups/testNetAppDotNetSDKRG-7184/providers/Microsoft.NetApp/netAppAccounts/account3698/capacityPools/pool-9525/volumes/volumeName-1491",
          "action": "DELETE"
        }
      }
    },
    {
      "RequestUri": "https://management.azure.com/subscriptions/69a75bda-882e-44d5-8431-63421204132a/providers/Microsoft.NetApp/locations/westus2/operationResults/f886b031-bac1-4047-8c04-64266ab5452a?api-version=2022-09-01",
      "RequestMethod": "GET",
      "RequestHeaders": {
        "Authorization": "Sanitized",
        "traceparent": "00-0a7395675ab9971784c1e6ed56305148-78f661499428fff9-00",
        "User-Agent": "azsdk-net-ResourceManager/1.3.2 (.NET 6.0.14; Microsoft Windows 10.0.22000)",
        "x-ms-client-request-id": "93c4ef77ee4736566dddf3f41ff849ed",
        "x-ms-return-client-request-id": "true"
      },
      "RequestBody": null,
      "StatusCode": 200,
      "ResponseHeaders": {
        "Cache-Control": "no-cache",
        "Content-Length": "569",
        "Content-Type": "application/json; charset=utf-8",
        "Date": "Mon, 27 Feb 2023 15:24:58 GMT",
        "Expires": "-1",
        "Pragma": "no-cache",
        "Server": "Microsoft-IIS/10.0",
        "Strict-Transport-Security": "max-age=31536000; includeSubDomains",
        "X-Content-Type-Options": "nosniff",
        "x-ms-correlation-request-id": "a6649962-e297-4634-ade8-737d39764e3c",
        "x-ms-ratelimit-remaining-subscription-reads": "11931",
        "x-ms-request-id": "bd4a6558-5673-4b3a-a503-2804703f72c3",
        "x-ms-routing-request-id": "SWEDENSOUTH:20230227T152459Z:a6649962-e297-4634-ade8-737d39764e3c",
        "X-Powered-By": "ASP.NET"
      },
      "ResponseBody": {
        "id": "/subscriptions/69a75bda-882e-44d5-8431-63421204132a/providers/Microsoft.NetApp/locations/westus2/operationResults/f886b031-bac1-4047-8c04-64266ab5452a",
        "name": "f886b031-bac1-4047-8c04-64266ab5452a",
        "status": "Deleting",
        "startTime": "2023-02-27T15:24:40.5439304Z",
        "endTime": "0001-01-01T00:00:00Z",
        "percentComplete": 0.0,
        "properties": {
          "resourceName": "/subscriptions/69a75bda-882e-44d5-8431-63421204132a/resourceGroups/testNetAppDotNetSDKRG-7184/providers/Microsoft.NetApp/netAppAccounts/account3698/capacityPools/pool-9525/volumes/volumeName-1491",
          "action": "DELETE"
        }
      }
    },
    {
      "RequestUri": "https://management.azure.com/subscriptions/69a75bda-882e-44d5-8431-63421204132a/providers/Microsoft.NetApp/locations/westus2/operationResults/f886b031-bac1-4047-8c04-64266ab5452a?api-version=2022-09-01",
      "RequestMethod": "GET",
      "RequestHeaders": {
        "Authorization": "Sanitized",
        "traceparent": "00-0a7395675ab9971784c1e6ed56305148-351da990e2845ca7-00",
        "User-Agent": "azsdk-net-ResourceManager/1.3.2 (.NET 6.0.14; Microsoft Windows 10.0.22000)",
        "x-ms-client-request-id": "c992ae56c4b7a0d4986ed7ac7d9f7392",
        "x-ms-return-client-request-id": "true"
      },
      "RequestBody": null,
      "StatusCode": 200,
      "ResponseHeaders": {
        "Cache-Control": "no-cache",
        "Content-Length": "569",
        "Content-Type": "application/json; charset=utf-8",
        "Date": "Mon, 27 Feb 2023 15:25:14 GMT",
        "Expires": "-1",
        "Pragma": "no-cache",
        "Server": "Microsoft-IIS/10.0",
        "Strict-Transport-Security": "max-age=31536000; includeSubDomains",
        "X-Content-Type-Options": "nosniff",
        "x-ms-correlation-request-id": "73fa41e6-9ca1-4fbc-961b-f1be948a4e49",
        "x-ms-ratelimit-remaining-subscription-reads": "11930",
        "x-ms-request-id": "28e2cf3a-0cc2-4978-942b-a0b9e49300d7",
        "x-ms-routing-request-id": "SWEDENSOUTH:20230227T152515Z:73fa41e6-9ca1-4fbc-961b-f1be948a4e49",
        "X-Powered-By": "ASP.NET"
      },
      "ResponseBody": {
        "id": "/subscriptions/69a75bda-882e-44d5-8431-63421204132a/providers/Microsoft.NetApp/locations/westus2/operationResults/f886b031-bac1-4047-8c04-64266ab5452a",
        "name": "f886b031-bac1-4047-8c04-64266ab5452a",
        "status": "Deleting",
        "startTime": "2023-02-27T15:24:40.5439304Z",
        "endTime": "0001-01-01T00:00:00Z",
        "percentComplete": 0.0,
        "properties": {
          "resourceName": "/subscriptions/69a75bda-882e-44d5-8431-63421204132a/resourceGroups/testNetAppDotNetSDKRG-7184/providers/Microsoft.NetApp/netAppAccounts/account3698/capacityPools/pool-9525/volumes/volumeName-1491",
          "action": "DELETE"
        }
      }
    },
    {
      "RequestUri": "https://management.azure.com/subscriptions/69a75bda-882e-44d5-8431-63421204132a/providers/Microsoft.NetApp/locations/westus2/operationResults/f886b031-bac1-4047-8c04-64266ab5452a?api-version=2022-09-01",
      "RequestMethod": "GET",
      "RequestHeaders": {
        "Authorization": "Sanitized",
        "traceparent": "00-0a7395675ab9971784c1e6ed56305148-9a55ec698ba112f8-00",
        "User-Agent": "azsdk-net-ResourceManager/1.3.2 (.NET 6.0.14; Microsoft Windows 10.0.22000)",
        "x-ms-client-request-id": "38f774768b4eb64b764efccbdd060253",
        "x-ms-return-client-request-id": "true"
      },
      "RequestBody": null,
      "StatusCode": 200,
      "ResponseHeaders": {
        "Cache-Control": "no-cache",
        "Content-Length": "569",
        "Content-Type": "application/json; charset=utf-8",
        "Date": "Mon, 27 Feb 2023 15:25:47 GMT",
        "Expires": "-1",
        "Pragma": "no-cache",
        "Server": "Microsoft-IIS/10.0",
        "Strict-Transport-Security": "max-age=31536000; includeSubDomains",
        "X-Content-Type-Options": "nosniff",
        "x-ms-correlation-request-id": "474c1f3a-d4e6-45e5-91f7-c9c8a589835c",
        "x-ms-ratelimit-remaining-subscription-reads": "11929",
        "x-ms-request-id": "8143f40e-a544-4b33-89df-0838a149ee2c",
        "x-ms-routing-request-id": "SWEDENSOUTH:20230227T152547Z:474c1f3a-d4e6-45e5-91f7-c9c8a589835c",
        "X-Powered-By": "ASP.NET"
      },
      "ResponseBody": {
        "id": "/subscriptions/69a75bda-882e-44d5-8431-63421204132a/providers/Microsoft.NetApp/locations/westus2/operationResults/f886b031-bac1-4047-8c04-64266ab5452a",
        "name": "f886b031-bac1-4047-8c04-64266ab5452a",
        "status": "Deleting",
        "startTime": "2023-02-27T15:24:40.5439304Z",
        "endTime": "0001-01-01T00:00:00Z",
        "percentComplete": 0.0,
        "properties": {
          "resourceName": "/subscriptions/69a75bda-882e-44d5-8431-63421204132a/resourceGroups/testNetAppDotNetSDKRG-7184/providers/Microsoft.NetApp/netAppAccounts/account3698/capacityPools/pool-9525/volumes/volumeName-1491",
          "action": "DELETE"
        }
      }
    },
    {
      "RequestUri": "https://management.azure.com/subscriptions/69a75bda-882e-44d5-8431-63421204132a/providers/Microsoft.NetApp/locations/westus2/operationResults/f886b031-bac1-4047-8c04-64266ab5452a?api-version=2022-09-01",
      "RequestMethod": "GET",
      "RequestHeaders": {
        "Authorization": "Sanitized",
        "traceparent": "00-0a7395675ab9971784c1e6ed56305148-35b4f3be053b47c9-00",
        "User-Agent": "azsdk-net-ResourceManager/1.3.2 (.NET 6.0.14; Microsoft Windows 10.0.22000)",
        "x-ms-client-request-id": "a0fedc338c11b2d41a24fad916aab9cd",
        "x-ms-return-client-request-id": "true"
      },
      "RequestBody": null,
      "StatusCode": 200,
      "ResponseHeaders": {
        "Cache-Control": "no-cache",
        "Content-Length": "580",
        "Content-Type": "application/json; charset=utf-8",
        "Date": "Mon, 27 Feb 2023 15:26:19 GMT",
        "Expires": "-1",
        "Pragma": "no-cache",
        "Server": "Microsoft-IIS/10.0",
        "Strict-Transport-Security": "max-age=31536000; includeSubDomains",
        "X-Content-Type-Options": "nosniff",
        "x-ms-correlation-request-id": "25ceea4c-88b1-43da-8e59-8d8d12daa0c7",
        "x-ms-ratelimit-remaining-subscription-reads": "11928",
        "x-ms-request-id": "f205269e-d4a7-44bd-b4ca-5aa792183cd4",
        "x-ms-routing-request-id": "SWEDENSOUTH:20230227T152619Z:25ceea4c-88b1-43da-8e59-8d8d12daa0c7",
        "X-Powered-By": "ASP.NET"
      },
      "ResponseBody": {
        "id": "/subscriptions/69a75bda-882e-44d5-8431-63421204132a/providers/Microsoft.NetApp/locations/westus2/operationResults/f886b031-bac1-4047-8c04-64266ab5452a",
        "name": "f886b031-bac1-4047-8c04-64266ab5452a",
        "status": "Succeeded",
        "startTime": "2023-02-27T15:24:40.5439304Z",
        "endTime": "2023-02-27T15:26:05.5823052Z",
        "percentComplete": 100.0,
        "properties": {
          "resourceName": "/subscriptions/69a75bda-882e-44d5-8431-63421204132a/resourceGroups/testNetAppDotNetSDKRG-7184/providers/Microsoft.NetApp/netAppAccounts/account3698/capacityPools/pool-9525/volumes/volumeName-1491",
          "action": "DELETE"
        }
      }
    },
    {
      "RequestUri": "https://management.azure.com/subscriptions/69a75bda-882e-44d5-8431-63421204132a/resourceGroups/testNetAppDotNetSDKRG-7184/providers/Microsoft.NetApp/netAppAccounts/account3698/capacityPools/pool-9525?api-version=2022-09-01",
      "RequestMethod": "DELETE",
      "RequestHeaders": {
        "Authorization": "Sanitized",
        "traceparent": "00-34c38ea9940fc451ee5987b9e194ca43-ca336fd4f49e5a26-00",
        "User-Agent": "azsdk-net-ResourceManager.NetApp/1.1.0-alpha.20230223.1 (.NET 6.0.14; Microsoft Windows 10.0.22000)",
        "x-ms-client-request-id": "aa7d60691001ca9f63db5369c808c291",
        "x-ms-return-client-request-id": "true"
      },
      "RequestBody": null,
      "StatusCode": 202,
      "ResponseHeaders": {
        "Azure-AsyncOperation": "https://management.azure.com/subscriptions/69a75bda-882e-44d5-8431-63421204132a/providers/Microsoft.NetApp/locations/westus2/operationResults/c0008166-50c5-4854-8df9-fde7ab819ac6?api-version=2022-09-01",
        "Cache-Control": "no-cache",
        "Content-Length": "0",
        "Date": "Mon, 27 Feb 2023 15:26:59 GMT",
        "Expires": "-1",
        "Location": "https://management.azure.com/subscriptions/69a75bda-882e-44d5-8431-63421204132a/providers/Microsoft.NetApp/locations/westus2/operationResults/c0008166-50c5-4854-8df9-fde7ab819ac6?api-version=2022-09-01\u0026operationResultResponseType=Location",
        "Pragma": "no-cache",
        "Server": "Microsoft-IIS/10.0",
        "Strict-Transport-Security": "max-age=31536000; includeSubDomains",
        "X-Content-Type-Options": "nosniff",
        "x-ms-correlation-request-id": "ff09a51f-2a9e-4ea2-a142-a75eafbdaf19",
        "x-ms-ratelimit-remaining-subscription-deletes": "14996",
        "x-ms-request-id": "ff09a51f-2a9e-4ea2-a142-a75eafbdaf19",
        "x-ms-routing-request-id": "SWEDENSOUTH:20230227T152700Z:ff09a51f-2a9e-4ea2-a142-a75eafbdaf19",
        "X-Powered-By": "ASP.NET"
      },
      "ResponseBody": null
    },
    {
      "RequestUri": "https://management.azure.com/subscriptions/69a75bda-882e-44d5-8431-63421204132a/providers/Microsoft.NetApp/locations/westus2/operationResults/c0008166-50c5-4854-8df9-fde7ab819ac6?api-version=2022-09-01",
      "RequestMethod": "GET",
      "RequestHeaders": {
        "Authorization": "Sanitized",
        "traceparent": "00-34c38ea9940fc451ee5987b9e194ca43-bcb1b69022bcb772-00",
        "User-Agent": "azsdk-net-ResourceManager/1.3.2 (.NET 6.0.14; Microsoft Windows 10.0.22000)",
        "x-ms-client-request-id": "7d622e94588922513c333c35396ae912",
        "x-ms-return-client-request-id": "true"
      },
      "RequestBody": null,
      "StatusCode": 200,
      "ResponseHeaders": {
        "Cache-Control": "no-cache",
        "Content-Length": "545",
        "Content-Type": "application/json; charset=utf-8",
        "Date": "Mon, 27 Feb 2023 15:26:59 GMT",
        "Expires": "-1",
        "Pragma": "no-cache",
        "Server": "Microsoft-IIS/10.0",
        "Strict-Transport-Security": "max-age=31536000; includeSubDomains",
        "X-Content-Type-Options": "nosniff",
        "x-ms-correlation-request-id": "56cec52d-6aa7-470a-85d5-98e6071701bb",
        "x-ms-ratelimit-remaining-subscription-reads": "11927",
        "x-ms-request-id": "231ca487-8422-4085-af05-5cbd5ae2384c",
        "x-ms-routing-request-id": "SWEDENSOUTH:20230227T152700Z:56cec52d-6aa7-470a-85d5-98e6071701bb",
        "X-Powered-By": "ASP.NET"
      },
      "ResponseBody": {
        "id": "/subscriptions/69a75bda-882e-44d5-8431-63421204132a/providers/Microsoft.NetApp/locations/westus2/operationResults/c0008166-50c5-4854-8df9-fde7ab819ac6",
        "name": "c0008166-50c5-4854-8df9-fde7ab819ac6",
        "status": "Deleting",
        "startTime": "2023-02-27T15:27:00.5304549Z",
        "endTime": "0001-01-01T00:00:00Z",
        "percentComplete": 0.0,
        "properties": {
          "resourceName": "/subscriptions/69a75bda-882e-44d5-8431-63421204132a/resourceGroups/testNetAppDotNetSDKRG-7184/providers/Microsoft.NetApp/netAppAccounts/account3698/capacityPools/pool-9525",
          "action": "DELETE"
        }
      }
    },
    {
      "RequestUri": "https://management.azure.com/subscriptions/69a75bda-882e-44d5-8431-63421204132a/providers/Microsoft.NetApp/locations/westus2/operationResults/c0008166-50c5-4854-8df9-fde7ab819ac6?api-version=2022-09-01",
      "RequestMethod": "GET",
      "RequestHeaders": {
        "Authorization": "Sanitized",
        "traceparent": "00-34c38ea9940fc451ee5987b9e194ca43-a38b52d1f91089f9-00",
        "User-Agent": "azsdk-net-ResourceManager/1.3.2 (.NET 6.0.14; Microsoft Windows 10.0.22000)",
        "x-ms-client-request-id": "916e68611831962cdf9309bcf37539f1",
        "x-ms-return-client-request-id": "true"
      },
      "RequestBody": null,
      "StatusCode": 200,
      "ResponseHeaders": {
        "Cache-Control": "no-cache",
        "Content-Length": "556",
        "Content-Type": "application/json; charset=utf-8",
        "Date": "Mon, 27 Feb 2023 15:27:01 GMT",
        "Expires": "-1",
        "Pragma": "no-cache",
        "Server": "Microsoft-IIS/10.0",
        "Strict-Transport-Security": "max-age=31536000; includeSubDomains",
        "X-Content-Type-Options": "nosniff",
        "x-ms-correlation-request-id": "bb4e6ef6-6f75-4fe6-a477-076b3a5f0941",
        "x-ms-ratelimit-remaining-subscription-reads": "11926",
        "x-ms-request-id": "83e3720b-e5dd-47b1-8736-ae3b84293610",
        "x-ms-routing-request-id": "SWEDENSOUTH:20230227T152702Z:bb4e6ef6-6f75-4fe6-a477-076b3a5f0941",
        "X-Powered-By": "ASP.NET"
      },
      "ResponseBody": {
        "id": "/subscriptions/69a75bda-882e-44d5-8431-63421204132a/providers/Microsoft.NetApp/locations/westus2/operationResults/c0008166-50c5-4854-8df9-fde7ab819ac6",
        "name": "c0008166-50c5-4854-8df9-fde7ab819ac6",
        "status": "Succeeded",
        "startTime": "2023-02-27T15:27:00.5304549Z",
        "endTime": "2023-02-27T15:27:00.9309843Z",
        "percentComplete": 100.0,
        "properties": {
          "resourceName": "/subscriptions/69a75bda-882e-44d5-8431-63421204132a/resourceGroups/testNetAppDotNetSDKRG-7184/providers/Microsoft.NetApp/netAppAccounts/account3698/capacityPools/pool-9525",
          "action": "DELETE"
        }
      }
    },
    {
      "RequestUri": "https://management.azure.com/subscriptions/69a75bda-882e-44d5-8431-63421204132a/resourceGroups/testNetAppDotNetSDKRG-7184/providers/Microsoft.NetApp/netAppAccounts/account3698/backupPolicies?api-version=2022-09-01",
      "RequestMethod": "GET",
      "RequestHeaders": {
        "Accept": "application/json",
        "Authorization": "Sanitized",
        "traceparent": "00-ff034cee57d1c5896c69425a49e6bcb3-4ccf7af27b3081a1-00",
        "User-Agent": "azsdk-net-ResourceManager.NetApp/1.1.0-alpha.20230223.1 (.NET 6.0.14; Microsoft Windows 10.0.22000)",
        "x-ms-client-request-id": "9ad4873a45a612083256646d964bb136",
        "x-ms-return-client-request-id": "true"
      },
      "RequestBody": null,
      "StatusCode": 200,
      "ResponseHeaders": {
        "Cache-Control": "no-cache",
        "Content-Length": "919",
        "Content-Type": "application/json; charset=utf-8",
        "Date": "Mon, 27 Feb 2023 15:27:01 GMT",
        "Expires": "-1",
        "Pragma": "no-cache",
        "Server": "Microsoft-IIS/10.0",
        "Strict-Transport-Security": "max-age=31536000; includeSubDomains",
        "X-Content-Type-Options": "nosniff",
        "x-ms-correlation-request-id": "3db42959-6504-4bbd-92b3-41641df8bb60",
        "x-ms-ratelimit-remaining-subscription-reads": "11925",
        "x-ms-request-id": "cba8e83e-98cd-470a-a9a0-52c2eb2637a0",
        "x-ms-routing-request-id": "SWEDENSOUTH:20230227T152702Z:3db42959-6504-4bbd-92b3-41641df8bb60",
        "X-Powered-By": "ASP.NET"
      },
      "ResponseBody": {
        "value": [
          {
            "id": "/subscriptions/69a75bda-882e-44d5-8431-63421204132a/resourceGroups/testNetAppDotNetSDKRG-7184/providers/Microsoft.NetApp/netAppAccounts/account3698/backupPolicies/backupPolicy-2793",
            "name": "account3698/backupPolicy-2793",
            "type": "Microsoft.NetApp/netAppAccounts/backupPolicies",
            "etag": "W/\u0022datetime\u00272023-02-27T15%3A18%3A50.5120465Z\u0027\u0022",
            "location": "westus2",
            "tags": {
              "CreatedOnDate": "2023-02-27T15:18:48.3695073Z"
            },
            "properties": {
              "enabled": true,
              "backupPolicyId": "09e764da-b6b2-11ed-b478-f2bc1cb2ae42",
              "dailyBackupsToKeep": 4,
              "weeklyBackupsToKeep": 3,
              "monthlyBackupsToKeep": 2,
              "volumesAssigned": 0,
              "provisioningState": "Succeeded"
            },
            "systemData": {
              "createdBy": "c6c4faba-2b22-44d9-80a4-71ff5b71f811",
              "createdByType": "Application",
              "createdAt": "2023-02-27T15:18:50.0536874Z",
              "lastModifiedBy": "c6c4faba-2b22-44d9-80a4-71ff5b71f811",
              "lastModifiedByType": "Application",
              "lastModifiedAt": "2023-02-27T15:18:50.0536874Z"
            }
          }
        ]
      }
    },
    {
      "RequestUri": "https://management.azure.com/subscriptions/69a75bda-882e-44d5-8431-63421204132a/resourceGroups/testNetAppDotNetSDKRG-7184/providers/Microsoft.NetApp/netAppAccounts/account3698/backupPolicies/backupPolicy-2793?api-version=2022-09-01",
      "RequestMethod": "DELETE",
      "RequestHeaders": {
        "Authorization": "Sanitized",
        "traceparent": "00-78429d43af4c4e6db1a9dd8daf44756f-a05064a49e9c7268-00",
        "User-Agent": "azsdk-net-ResourceManager.NetApp/1.1.0-alpha.20230223.1 (.NET 6.0.14; Microsoft Windows 10.0.22000)",
        "x-ms-client-request-id": "28c80a5b0f047c9a02cb9df54e952ec7",
        "x-ms-return-client-request-id": "true"
      },
      "RequestBody": null,
      "StatusCode": 202,
      "ResponseHeaders": {
        "Azure-AsyncOperation": "https://management.azure.com/subscriptions/69a75bda-882e-44d5-8431-63421204132a/providers/Microsoft.NetApp/locations/westus2/operationResults/0eab41e2-f4a4-46b4-887d-32d4b78c1b07?api-version=2022-09-01",
        "Cache-Control": "no-cache",
        "Content-Length": "0",
        "Date": "Mon, 27 Feb 2023 15:27:02 GMT",
        "Expires": "-1",
        "Location": "https://management.azure.com/subscriptions/69a75bda-882e-44d5-8431-63421204132a/providers/Microsoft.NetApp/locations/westus2/operationResults/0eab41e2-f4a4-46b4-887d-32d4b78c1b07?api-version=2022-09-01\u0026operationResultResponseType=Location",
        "Pragma": "no-cache",
        "Server": "Microsoft-IIS/10.0",
        "Strict-Transport-Security": "max-age=31536000; includeSubDomains",
        "X-Content-Type-Options": "nosniff",
        "x-ms-correlation-request-id": "cbadd08e-a6d3-4870-bab0-cdedce5ee223",
        "x-ms-ratelimit-remaining-subscription-deletes": "14995",
        "x-ms-request-id": "cbadd08e-a6d3-4870-bab0-cdedce5ee223",
        "x-ms-routing-request-id": "SWEDENSOUTH:20230227T152703Z:cbadd08e-a6d3-4870-bab0-cdedce5ee223",
        "X-Powered-By": "ASP.NET"
      },
      "ResponseBody": null
    },
    {
      "RequestUri": "https://management.azure.com/subscriptions/69a75bda-882e-44d5-8431-63421204132a/providers/Microsoft.NetApp/locations/westus2/operationResults/0eab41e2-f4a4-46b4-887d-32d4b78c1b07?api-version=2022-09-01",
      "RequestMethod": "GET",
      "RequestHeaders": {
        "Authorization": "Sanitized",
        "traceparent": "00-78429d43af4c4e6db1a9dd8daf44756f-ec6ce3e1ec3e62b3-00",
        "User-Agent": "azsdk-net-ResourceManager/1.3.2 (.NET 6.0.14; Microsoft Windows 10.0.22000)",
        "x-ms-client-request-id": "e860d3e211ad2bedec5898daa713c39d",
        "x-ms-return-client-request-id": "true"
      },
      "RequestBody": null,
      "StatusCode": 200,
      "ResponseHeaders": {
        "Cache-Control": "no-cache",
        "Content-Length": "565",
        "Content-Type": "application/json; charset=utf-8",
        "Date": "Mon, 27 Feb 2023 15:27:02 GMT",
        "Expires": "-1",
        "Pragma": "no-cache",
        "Server": "Microsoft-IIS/10.0",
        "Strict-Transport-Security": "max-age=31536000; includeSubDomains",
        "X-Content-Type-Options": "nosniff",
        "x-ms-correlation-request-id": "4d7c11ed-012e-413b-ad6e-5f36be36dc86",
        "x-ms-ratelimit-remaining-subscription-reads": "11924",
        "x-ms-request-id": "a53663dc-536b-4523-b42e-d10d23395744",
        "x-ms-routing-request-id": "SWEDENSOUTH:20230227T152703Z:4d7c11ed-012e-413b-ad6e-5f36be36dc86",
        "X-Powered-By": "ASP.NET"
      },
      "ResponseBody": {
        "id": "/subscriptions/69a75bda-882e-44d5-8431-63421204132a/providers/Microsoft.NetApp/locations/westus2/operationResults/0eab41e2-f4a4-46b4-887d-32d4b78c1b07",
        "name": "0eab41e2-f4a4-46b4-887d-32d4b78c1b07",
        "status": "Succeeded",
        "startTime": "2023-02-27T15:27:03.3922604Z",
        "endTime": "2023-02-27T15:27:03.6054632Z",
        "percentComplete": 100.0,
        "properties": {
          "resourceName": "/subscriptions/69a75bda-882e-44d5-8431-63421204132a/resourceGroups/testNetAppDotNetSDKRG-7184/providers/Microsoft.NetApp/netAppAccounts/account3698/backupPolicies/backupPolicy-2793",
          "action": "DELETE"
        }
      }
    },
    {
      "RequestUri": "https://management.azure.com/subscriptions/69a75bda-882e-44d5-8431-63421204132a/resourceGroups/testNetAppDotNetSDKRG-7184/providers/Microsoft.NetApp/netAppAccounts/account3698?api-version=2022-09-01",
      "RequestMethod": "DELETE",
      "RequestHeaders": {
        "Authorization": "Sanitized",
        "traceparent": "00-b57e54a499c626d8bf0734b3d04d03bc-dc3dce0fa3c13ab5-00",
        "User-Agent": "azsdk-net-ResourceManager.NetApp/1.1.0-alpha.20230223.1 (.NET 6.0.14; Microsoft Windows 10.0.22000)",
        "x-ms-client-request-id": "4a739c27fe500ca09eabc9a8b0bfc842",
        "x-ms-return-client-request-id": "true"
      },
      "RequestBody": null,
      "StatusCode": 202,
      "ResponseHeaders": {
        "Azure-AsyncOperation": "https://management.azure.com/subscriptions/69a75bda-882e-44d5-8431-63421204132a/providers/Microsoft.NetApp/locations/westus2/operationResults/85f5db32-5344-40dc-a330-286b84b25d29?api-version=2022-09-01",
        "Cache-Control": "no-cache",
        "Content-Length": "0",
        "Date": "Mon, 27 Feb 2023 15:27:44 GMT",
        "Expires": "-1",
        "Location": "https://management.azure.com/subscriptions/69a75bda-882e-44d5-8431-63421204132a/providers/Microsoft.NetApp/locations/westus2/operationResults/85f5db32-5344-40dc-a330-286b84b25d29?api-version=2022-09-01\u0026operationResultResponseType=Location",
        "Pragma": "no-cache",
        "Server": "Microsoft-IIS/10.0",
        "Strict-Transport-Security": "max-age=31536000; includeSubDomains",
        "X-Content-Type-Options": "nosniff",
        "x-ms-correlation-request-id": "80fcae08-1214-4a65-99e3-6f7c3b152590",
        "x-ms-ratelimit-remaining-subscription-deletes": "14994",
        "x-ms-request-id": "80fcae08-1214-4a65-99e3-6f7c3b152590",
        "x-ms-routing-request-id": "SWEDENSOUTH:20230227T152744Z:80fcae08-1214-4a65-99e3-6f7c3b152590",
        "X-Powered-By": "ASP.NET"
      },
      "ResponseBody": null
    },
    {
      "RequestUri": "https://management.azure.com/subscriptions/69a75bda-882e-44d5-8431-63421204132a/providers/Microsoft.NetApp/locations/westus2/operationResults/85f5db32-5344-40dc-a330-286b84b25d29?api-version=2022-09-01",
      "RequestMethod": "GET",
      "RequestHeaders": {
        "Authorization": "Sanitized",
        "traceparent": "00-b57e54a499c626d8bf0734b3d04d03bc-a331922cc59dd5fb-00",
        "User-Agent": "azsdk-net-ResourceManager/1.3.2 (.NET 6.0.14; Microsoft Windows 10.0.22000)",
        "x-ms-client-request-id": "17b3c098b54ce34233544a0148447b2d",
        "x-ms-return-client-request-id": "true"
      },
      "RequestBody": null,
      "StatusCode": 200,
      "ResponseHeaders": {
        "Cache-Control": "no-cache",
        "Content-Length": "532",
        "Content-Type": "application/json; charset=utf-8",
        "Date": "Mon, 27 Feb 2023 15:27:44 GMT",
        "Expires": "-1",
        "Pragma": "no-cache",
        "Server": "Microsoft-IIS/10.0",
        "Strict-Transport-Security": "max-age=31536000; includeSubDomains",
        "X-Content-Type-Options": "nosniff",
        "x-ms-correlation-request-id": "4a9be103-1fd0-467a-83c4-d8b9e8690903",
        "x-ms-ratelimit-remaining-subscription-reads": "11923",
        "x-ms-request-id": "7125320f-05f9-4dd5-90d3-83bce7afb841",
        "x-ms-routing-request-id": "SWEDENSOUTH:20230227T152744Z:4a9be103-1fd0-467a-83c4-d8b9e8690903",
        "X-Powered-By": "ASP.NET"
      },
      "ResponseBody": {
        "id": "/subscriptions/69a75bda-882e-44d5-8431-63421204132a/providers/Microsoft.NetApp/locations/westus2/operationResults/85f5db32-5344-40dc-a330-286b84b25d29",
        "name": "85f5db32-5344-40dc-a330-286b84b25d29",
        "status": "Succeeded",
        "startTime": "2023-02-27T15:27:44.4052608Z",
        "endTime": "2023-02-27T15:27:44.4479944Z",
        "percentComplete": 100.0,
        "properties": {
          "resourceName": "/subscriptions/69a75bda-882e-44d5-8431-63421204132a/resourceGroups/testNetAppDotNetSDKRG-7184/providers/Microsoft.NetApp/netAppAccounts/account3698",
          "action": "DELETE"
        }
      }
    }
  ],
  "Variables": {
    "AZURE_AUTHORITY_HOST": "https://login.microsoftonline.com",
    "RandomSeed": "2007979194",
    "RESOURCE_MANAGER_URL": null,
    "SUBSCRIPTION_ID": "69a75bda-882e-44d5-8431-63421204132a"
  }
}
