{
  "Entries": [
    {
      "RequestUri": "https://management.azure.com/subscriptions/69a75bda-882e-44d5-8431-63421204132a?api-version=2021-01-01",
      "RequestMethod": "GET",
      "RequestHeaders": {
        "Accept": "application/json",
        "Authorization": "Sanitized",
        "traceparent": "00-ad6af8e4d41d921d647f994c07876b1a-ae31aba4ca0ce6cb-00",
        "User-Agent": "azsdk-net-ResourceManager/1.3.2 (.NET 6.0.14; Microsoft Windows 10.0.22000)",
        "x-ms-client-request-id": "4da25ebe105a3aacdd2ec6cbcd6f9ade",
        "x-ms-return-client-request-id": "true"
      },
      "RequestBody": null,
      "StatusCode": 200,
      "ResponseHeaders": {
        "Cache-Control": "no-cache",
        "Content-Length": "422",
        "Content-Type": "application/json; charset=utf-8",
        "Date": "Mon, 27 Feb 2023 14:59:32 GMT",
        "Expires": "-1",
        "Pragma": "no-cache",
        "Strict-Transport-Security": "max-age=31536000; includeSubDomains",
        "X-Content-Type-Options": "nosniff",
        "x-ms-correlation-request-id": "6fa04d55-57e0-4b6f-a623-8526eb240880",
        "x-ms-ratelimit-remaining-subscription-reads": "11972",
        "x-ms-request-id": "6fa04d55-57e0-4b6f-a623-8526eb240880",
        "x-ms-routing-request-id": "SWEDENSOUTH:20230227T145932Z:6fa04d55-57e0-4b6f-a623-8526eb240880"
      },
      "ResponseBody": {
        "id": "/subscriptions/69a75bda-882e-44d5-8431-63421204132a",
        "authorizationSource": "RoleBased",
        "managedByTenants": [],
        "tags": {
          "SkipNRMSNSG": "true"
        },
        "subscriptionId": "69a75bda-882e-44d5-8431-63421204132a",
        "tenantId": "72f988bf-86f1-41af-91ab-2d7cd011db47",
        "displayName": "QATest02-SVL",
        "state": "Enabled",
        "subscriptionPolicies": {
          "locationPlacementId": "Internal_2014-09-01",
          "quotaId": "Internal_2014-09-01",
          "spendingLimit": "Off"
        }
      }
    },
    {
      "RequestUri": "https://management.azure.com/subscriptions/69a75bda-882e-44d5-8431-63421204132a/resourcegroups/testNetAppDotNetSDKRG-4733?api-version=2021-04-01",
      "RequestMethod": "PUT",
      "RequestHeaders": {
        "Accept": "application/json",
        "Authorization": "Sanitized",
        "Content-Length": "63",
        "Content-Type": "application/json",
        "traceparent": "00-a14a3e2fabffcada2949d8d68eb4b067-abdeb6f0d313eba4-00",
        "User-Agent": "azsdk-net-ResourceManager/1.3.2 (.NET 6.0.14; Microsoft Windows 10.0.22000)",
        "x-ms-client-request-id": "deb431afc58f9c1f0df4c6edbb295ffd",
        "x-ms-return-client-request-id": "true"
      },
      "RequestBody": {
        "tags": {
          "test": "env",
          "Owner": "b-aubald"
        },
        "location": "westus2"
      },
      "StatusCode": 201,
      "ResponseHeaders": {
        "Cache-Control": "no-cache",
        "Content-Length": "359",
        "Content-Type": "application/json; charset=utf-8",
        "Date": "Mon, 27 Feb 2023 14:59:36 GMT",
        "Expires": "-1",
        "Pragma": "no-cache",
        "Strict-Transport-Security": "max-age=31536000; includeSubDomains",
        "X-Content-Type-Options": "nosniff",
        "x-ms-correlation-request-id": "54a2537a-08b6-4bd4-9aa8-9ad58aecdccc",
        "x-ms-ratelimit-remaining-subscription-writes": "1199",
        "x-ms-request-id": "54a2537a-08b6-4bd4-9aa8-9ad58aecdccc",
        "x-ms-routing-request-id": "SWEDENSOUTH:20230227T145937Z:54a2537a-08b6-4bd4-9aa8-9ad58aecdccc"
      },
      "ResponseBody": {
        "id": "/subscriptions/69a75bda-882e-44d5-8431-63421204132a/resourceGroups/testNetAppDotNetSDKRG-4733",
        "name": "testNetAppDotNetSDKRG-4733",
        "type": "Microsoft.Resources/resourceGroups",
        "location": "westus2",
        "tags": {
          "test": "env",
          "Owner": "b-aubald",
          "CreatedOnDate": "2023-02-27T14:59:33.3920255Z",
          "SkipNRMSNSG": "true"
        },
        "properties": {
          "provisioningState": "Succeeded"
        }
      }
    },
    {
      "RequestUri": "https://management.azure.com/subscriptions/69a75bda-882e-44d5-8431-63421204132a/providers/Microsoft.NetApp/locations/westus2/checkNameAvailability?api-version=2022-09-01",
      "RequestMethod": "POST",
      "RequestHeaders": {
        "Accept": "application/json",
        "Authorization": "Sanitized",
        "Content-Length": "107",
        "Content-Type": "application/json",
        "traceparent": "00-3d7428f0b81db688be0b520c3256cb22-865812926a8548b7-00",
        "User-Agent": "azsdk-net-ResourceManager.NetApp/1.1.0-alpha.20230223.1 (.NET 6.0.14; Microsoft Windows 10.0.22000)",
        "x-ms-client-request-id": "d7a3e2169240b404bded69eb77c2ef19",
        "x-ms-return-client-request-id": "true"
      },
      "RequestBody": {
        "name": "account475",
        "type": "Microsoft.NetApp/netAppAccounts",
        "resourceGroup": "testNetAppDotNetSDKRG-4733"
      },
      "StatusCode": 200,
      "ResponseHeaders": {
        "Cache-Control": "no-cache",
        "Content-Length": "20",
        "Content-Type": "application/json; charset=utf-8",
        "Date": "Mon, 27 Feb 2023 14:59:38 GMT",
        "Expires": "-1",
        "Pragma": "no-cache",
        "Server": "Microsoft-IIS/10.0",
        "Strict-Transport-Security": "max-age=31536000; includeSubDomains",
        "X-Content-Type-Options": "nosniff",
        "x-ms-correlation-request-id": "b4fd5c0f-0d5a-4ac7-9526-5f7dc4993b20",
        "x-ms-ratelimit-remaining-subscription-writes": "1199",
        "x-ms-request-id": "29b89fbe-3d38-45ef-9f91-d6770b3b5275",
        "x-ms-routing-request-id": "SWEDENSOUTH:20230227T145938Z:b4fd5c0f-0d5a-4ac7-9526-5f7dc4993b20",
        "X-Powered-By": "ASP.NET"
      },
      "ResponseBody": {
        "isAvailable": true
      }
    },
    {
      "RequestUri": "https://management.azure.com/subscriptions/69a75bda-882e-44d5-8431-63421204132a/resourceGroups/testNetAppDotNetSDKRG-4733/providers/Microsoft.NetApp/netAppAccounts/account475?api-version=2022-09-01",
      "RequestMethod": "PUT",
      "RequestHeaders": {
        "Accept": "application/json",
        "Authorization": "Sanitized",
        "Content-Length": "79",
        "Content-Type": "application/json",
        "traceparent": "00-9170b795796dd5e6fc46be27dc4b8df0-349004d9a044df33-00",
        "User-Agent": "azsdk-net-ResourceManager.NetApp/1.1.0-alpha.20230223.1 (.NET 6.0.14; Microsoft Windows 10.0.22000)",
        "x-ms-client-request-id": "260817d92f6f8398b04d1be54c210566",
        "x-ms-return-client-request-id": "true"
      },
      "RequestBody": {
        "tags": {
          "key1": "value1",
          "key2": "value2"
        },
        "location": "westus2",
        "properties": {}
      },
      "StatusCode": 201,
      "ResponseHeaders": {
        "Azure-AsyncOperation": "https://management.azure.com/subscriptions/69a75bda-882e-44d5-8431-63421204132a/providers/Microsoft.NetApp/locations/westus2/operationResults/3c452aca-361b-4411-a88f-5d1ae5865a32?api-version=2022-09-01",
        "Cache-Control": "no-cache",
        "Content-Length": "1129",
        "Content-Type": "application/json; charset=utf-8",
        "Date": "Mon, 27 Feb 2023 14:59:44 GMT",
        "ETag": "W/\u0022datetime\u00272023-02-27T14%3A59%3A42.8642752Z\u0027\u0022",
        "Expires": "-1",
        "Pragma": "no-cache",
        "Server": "Microsoft-IIS/10.0",
        "Strict-Transport-Security": "max-age=31536000; includeSubDomains",
        "X-Content-Type-Options": "nosniff",
        "x-ms-correlation-request-id": "ce91dcd2-b587-4ed8-9152-1debdadb5684",
        "x-ms-ratelimit-remaining-subscription-writes": "1198",
        "x-ms-request-id": "ef6486bd-0ac8-4c37-b884-003432c01023",
        "x-ms-routing-request-id": "SWEDENSOUTH:20230227T145944Z:ce91dcd2-b587-4ed8-9152-1debdadb5684",
        "X-Powered-By": "ASP.NET"
      },
      "ResponseBody": {
        "id": "/subscriptions/69a75bda-882e-44d5-8431-63421204132a/resourceGroups/testNetAppDotNetSDKRG-4733/providers/Microsoft.NetApp/netAppAccounts/account475",
        "name": "account475",
        "type": "Microsoft.NetApp/netAppAccounts",
        "etag": "W/\u0022datetime\u00272023-02-27T14%3A59%3A42.8642752Z\u0027\u0022",
        "location": "westus2",
        "tags": {
          "key1": "value1",
          "key2": "value2",
          "CreatedOnDate": "2023-02-27T14:59:38.8052550Z"
        },
        "properties": {
          "activeDirectories": [
            {
              "activeDirectoryId": "09ef3da0-c3dd-8e10-a69c-04a84d8ebc85",
              "username": "sdkuser",
              "password": "****************",
              "domain": "sdkdomain",
              "dns": "192.0.2.2",
              "status": "Created",
              "smbServerName": "PSSMBSName",
              "organizationalUnit": "CN=Computers",
              "adName": "ps1792",
              "aesEncryption": false,
              "ldapSigning": false,
              "ldapOverTLS": false,
              "allowLocalNfsUsersWithLdap": false,
              "encryptDCConnections": false,
              "ldapSearchScope": {}
            }
          ],
          "provisioningState": "Creating"
        },
        "systemData": {
          "createdBy": "c6c4faba-2b22-44d9-80a4-71ff5b71f811",
          "createdByType": "Application",
          "createdAt": "2023-02-27T14:59:42.6816033Z",
          "lastModifiedBy": "c6c4faba-2b22-44d9-80a4-71ff5b71f811",
          "lastModifiedByType": "Application",
          "lastModifiedAt": "2023-02-27T14:59:42.6816033Z"
        }
      }
    },
    {
      "RequestUri": "https://management.azure.com/subscriptions/69a75bda-882e-44d5-8431-63421204132a/providers/Microsoft.NetApp/locations/westus2/operationResults/3c452aca-361b-4411-a88f-5d1ae5865a32?api-version=2022-09-01",
      "RequestMethod": "GET",
      "RequestHeaders": {
        "Authorization": "Sanitized",
        "traceparent": "00-9170b795796dd5e6fc46be27dc4b8df0-cb49af68d97017c5-00",
        "User-Agent": "azsdk-net-ResourceManager/1.3.2 (.NET 6.0.14; Microsoft Windows 10.0.22000)",
        "x-ms-client-request-id": "11e2d3d7d757e7a1491f27f3761e679b",
        "x-ms-return-client-request-id": "true"
      },
      "RequestBody": null,
      "StatusCode": 200,
      "ResponseHeaders": {
        "Cache-Control": "no-cache",
        "Content-Length": "531",
        "Content-Type": "application/json; charset=utf-8",
        "Date": "Mon, 27 Feb 2023 14:59:44 GMT",
        "Expires": "-1",
        "Pragma": "no-cache",
        "Server": "Microsoft-IIS/10.0",
        "Strict-Transport-Security": "max-age=31536000; includeSubDomains",
        "X-Content-Type-Options": "nosniff",
        "x-ms-correlation-request-id": "bec804dc-fea0-4a0f-9efc-2f3feb5c7fc2",
        "x-ms-ratelimit-remaining-subscription-reads": "11971",
        "x-ms-request-id": "81a87d8b-edd3-421d-b622-d7a606aa82f6",
        "x-ms-routing-request-id": "SWEDENSOUTH:20230227T145944Z:bec804dc-fea0-4a0f-9efc-2f3feb5c7fc2",
        "X-Powered-By": "ASP.NET"
      },
      "ResponseBody": {
        "id": "/subscriptions/69a75bda-882e-44d5-8431-63421204132a/providers/Microsoft.NetApp/locations/westus2/operationResults/3c452aca-361b-4411-a88f-5d1ae5865a32",
        "name": "3c452aca-361b-4411-a88f-5d1ae5865a32",
        "status": "Succeeded",
        "startTime": "2023-02-27T14:59:42.8726545Z",
        "endTime": "2023-02-27T14:59:42.9158883Z",
        "percentComplete": 100.0,
        "properties": {
          "resourceName": "/subscriptions/69a75bda-882e-44d5-8431-63421204132a/resourceGroups/testNetAppDotNetSDKRG-4733/providers/Microsoft.NetApp/netAppAccounts/account475",
          "action": "CREATE"
        }
      }
    },
    {
      "RequestUri": "https://management.azure.com/subscriptions/69a75bda-882e-44d5-8431-63421204132a/resourceGroups/testNetAppDotNetSDKRG-4733/providers/Microsoft.NetApp/netAppAccounts/account475?api-version=2022-09-01",
      "RequestMethod": "GET",
      "RequestHeaders": {
        "Authorization": "Sanitized",
        "traceparent": "00-9170b795796dd5e6fc46be27dc4b8df0-e3e2667c80b3d722-00",
        "User-Agent": "azsdk-net-ResourceManager/1.3.2 (.NET 6.0.14; Microsoft Windows 10.0.22000)",
        "x-ms-client-request-id": "ba1c02e8376a76dda76975455cc0cdff",
        "x-ms-return-client-request-id": "true"
      },
      "RequestBody": null,
      "StatusCode": 200,
      "ResponseHeaders": {
        "Cache-Control": "no-cache",
        "Content-Length": "1176",
        "Content-Type": "application/json; charset=utf-8",
        "Date": "Mon, 27 Feb 2023 14:59:45 GMT",
        "ETag": "W/\u0022datetime\u00272023-02-27T14%3A59%3A42.9093428Z\u0027\u0022",
        "Expires": "-1",
        "Pragma": "no-cache",
        "Server": "Microsoft-IIS/10.0",
        "Strict-Transport-Security": "max-age=31536000; includeSubDomains",
        "X-Content-Type-Options": "nosniff",
        "x-ms-correlation-request-id": "2780084d-a5e8-41f8-8970-fed7b9b2c4f6",
        "x-ms-ratelimit-remaining-subscription-reads": "11970",
        "x-ms-request-id": "fb56611f-d45c-472a-b020-0f79d825b9b6",
        "x-ms-routing-request-id": "SWEDENSOUTH:20230227T145946Z:2780084d-a5e8-41f8-8970-fed7b9b2c4f6",
        "X-Powered-By": "ASP.NET"
      },
      "ResponseBody": {
        "id": "/subscriptions/69a75bda-882e-44d5-8431-63421204132a/resourceGroups/testNetAppDotNetSDKRG-4733/providers/Microsoft.NetApp/netAppAccounts/account475",
        "name": "account475",
        "type": "Microsoft.NetApp/netAppAccounts",
        "etag": "W/\u0022datetime\u00272023-02-27T14%3A59%3A42.9093428Z\u0027\u0022",
        "location": "westus2",
        "tags": {
          "key1": "value1",
          "key2": "value2",
          "CreatedOnDate": "2023-02-27T14:59:38.8052550Z"
        },
        "properties": {
          "activeDirectories": [
            {
              "activeDirectoryId": "09ef3da0-c3dd-8e10-a69c-04a84d8ebc85",
              "username": "sdkuser",
              "password": "****************",
              "domain": "sdkdomain",
              "dns": "192.0.2.2",
              "status": "Created",
              "smbServerName": "PSSMBSName",
              "organizationalUnit": "CN=Computers",
              "adName": "ps1792",
              "aesEncryption": false,
              "ldapSigning": false,
              "ldapOverTLS": false,
              "allowLocalNfsUsersWithLdap": false,
              "encryptDCConnections": false,
              "ldapSearchScope": {}
            }
          ],
          "encryption": {
            "keySource": "Microsoft.NetApp"
          },
          "provisioningState": "Succeeded"
        },
        "systemData": {
          "createdBy": "c6c4faba-2b22-44d9-80a4-71ff5b71f811",
          "createdByType": "Application",
          "createdAt": "2023-02-27T14:59:42.6816033Z",
          "lastModifiedBy": "c6c4faba-2b22-44d9-80a4-71ff5b71f811",
          "lastModifiedByType": "Application",
          "lastModifiedAt": "2023-02-27T14:59:42.6816033Z"
        }
      }
    },
    {
      "RequestUri": "https://management.azure.com/subscriptions/69a75bda-882e-44d5-8431-63421204132a/resourceGroups/testNetAppDotNetSDKRG-4733/providers/Microsoft.NetApp/netAppAccounts/account475/backupPolicies/backupPolicy-888?api-version=2022-09-01",
      "RequestMethod": "PUT",
      "RequestHeaders": {
        "Accept": "application/json",
        "Authorization": "Sanitized",
        "Content-Length": "134",
        "Content-Type": "application/json",
        "traceparent": "00-77ee17d9de01fbafd1499feb686180c0-bc332ed596440465-00",
        "User-Agent": "azsdk-net-ResourceManager.NetApp/1.1.0-alpha.20230223.1 (.NET 6.0.14; Microsoft Windows 10.0.22000)",
        "x-ms-client-request-id": "3f790de90ff31cf7716d1b3b7b2891c2",
        "x-ms-return-client-request-id": "true"
      },
      "RequestBody": {
        "tags": {},
        "location": "westus2",
        "properties": {
          "dailyBackupsToKeep": 4,
          "weeklyBackupsToKeep": 3,
          "monthlyBackupsToKeep": 2,
          "enabled": true
        }
      },
      "StatusCode": 201,
      "ResponseHeaders": {
        "Azure-AsyncOperation": "https://management.azure.com/subscriptions/69a75bda-882e-44d5-8431-63421204132a/providers/Microsoft.NetApp/locations/westus2/operationResults/dc2758fa-566e-4eef-ac25-3e5c96a7ef75?api-version=2022-09-01",
        "Cache-Control": "no-cache",
        "Content-Length": "826",
        "Content-Type": "application/json; charset=utf-8",
        "Date": "Mon, 27 Feb 2023 14:59:49 GMT",
        "ETag": "W/\u0022datetime\u00272023-02-27T14%3A59%3A48.2461858Z\u0027\u0022",
        "Expires": "-1",
        "Pragma": "no-cache",
        "Server": "Microsoft-IIS/10.0",
        "Strict-Transport-Security": "max-age=31536000; includeSubDomains",
        "X-Content-Type-Options": "nosniff",
        "x-ms-correlation-request-id": "35f758cd-4adb-4db8-9a35-6990fdd96a9d",
        "x-ms-ratelimit-remaining-subscription-writes": "1197",
        "x-ms-request-id": "a5aebbc7-038f-414d-a7be-b822865f87da",
        "x-ms-routing-request-id": "SWEDENSOUTH:20230227T145949Z:35f758cd-4adb-4db8-9a35-6990fdd96a9d",
        "X-Powered-By": "ASP.NET"
      },
      "ResponseBody": {
        "id": "/subscriptions/69a75bda-882e-44d5-8431-63421204132a/resourceGroups/testNetAppDotNetSDKRG-4733/providers/Microsoft.NetApp/netAppAccounts/account475/backupPolicies/backupPolicy-888",
        "name": "account475/backupPolicy-888",
        "type": "Microsoft.NetApp/netAppAccounts/backupPolicies",
        "etag": "W/\u0022datetime\u00272023-02-27T14%3A59%3A48.2461858Z\u0027\u0022",
        "location": "westus2",
        "tags": {
          "CreatedOnDate": "2023-02-27T14:59:46.4275901Z"
        },
        "properties": {
          "enabled": true,
          "dailyBackupsToKeep": 4,
          "weeklyBackupsToKeep": 3,
          "monthlyBackupsToKeep": 2,
          "provisioningState": "Creating"
        },
        "systemData": {
          "createdBy": "c6c4faba-2b22-44d9-80a4-71ff5b71f811",
          "createdByType": "Application",
          "createdAt": "2023-02-27T14:59:48.0879201Z",
          "lastModifiedBy": "c6c4faba-2b22-44d9-80a4-71ff5b71f811",
          "lastModifiedByType": "Application",
          "lastModifiedAt": "2023-02-27T14:59:48.0879201Z"
        }
      }
    },
    {
      "RequestUri": "https://management.azure.com/subscriptions/69a75bda-882e-44d5-8431-63421204132a/providers/Microsoft.NetApp/locations/westus2/operationResults/dc2758fa-566e-4eef-ac25-3e5c96a7ef75?api-version=2022-09-01",
      "RequestMethod": "GET",
      "RequestHeaders": {
        "Authorization": "Sanitized",
        "traceparent": "00-77ee17d9de01fbafd1499feb686180c0-f9f56c7920e8dbea-00",
        "User-Agent": "azsdk-net-ResourceManager/1.3.2 (.NET 6.0.14; Microsoft Windows 10.0.22000)",
        "x-ms-client-request-id": "118c3b285ceef2f4259ef8c9c13b2c40",
        "x-ms-return-client-request-id": "true"
      },
      "RequestBody": null,
      "StatusCode": 200,
      "ResponseHeaders": {
        "Cache-Control": "no-cache",
        "Content-Length": "562",
        "Content-Type": "application/json; charset=utf-8",
        "Date": "Mon, 27 Feb 2023 14:59:49 GMT",
        "Expires": "-1",
        "Pragma": "no-cache",
        "Server": "Microsoft-IIS/10.0",
        "Strict-Transport-Security": "max-age=31536000; includeSubDomains",
        "X-Content-Type-Options": "nosniff",
        "x-ms-correlation-request-id": "9b03808a-1bde-4dff-8808-65579d8d0b47",
        "x-ms-ratelimit-remaining-subscription-reads": "11969",
        "x-ms-request-id": "9a922338-c3a1-479d-a9ea-9b64b4b87e80",
        "x-ms-routing-request-id": "SWEDENSOUTH:20230227T145950Z:9b03808a-1bde-4dff-8808-65579d8d0b47",
        "X-Powered-By": "ASP.NET"
      },
      "ResponseBody": {
        "id": "/subscriptions/69a75bda-882e-44d5-8431-63421204132a/providers/Microsoft.NetApp/locations/westus2/operationResults/dc2758fa-566e-4eef-ac25-3e5c96a7ef75",
        "name": "dc2758fa-566e-4eef-ac25-3e5c96a7ef75",
        "status": "Succeeded",
        "startTime": "2023-02-27T14:59:48.2530674Z",
        "endTime": "2023-02-27T14:59:48.594579Z",
        "percentComplete": 100.0,
        "properties": {
          "resourceName": "/subscriptions/69a75bda-882e-44d5-8431-63421204132a/resourceGroups/testNetAppDotNetSDKRG-4733/providers/Microsoft.NetApp/netAppAccounts/account475/backupPolicies/backupPolicy-888",
          "action": "CREATE"
        }
      }
    },
    {
      "RequestUri": "https://management.azure.com/subscriptions/69a75bda-882e-44d5-8431-63421204132a/resourceGroups/testNetAppDotNetSDKRG-4733/providers/Microsoft.NetApp/netAppAccounts/account475/backupPolicies/backupPolicy-888?api-version=2022-09-01",
      "RequestMethod": "GET",
      "RequestHeaders": {
        "Authorization": "Sanitized",
        "traceparent": "00-77ee17d9de01fbafd1499feb686180c0-481030265cab46af-00",
        "User-Agent": "azsdk-net-ResourceManager/1.3.2 (.NET 6.0.14; Microsoft Windows 10.0.22000)",
        "x-ms-client-request-id": "d02582e46a1922dd6c83d3892196c0e5",
        "x-ms-return-client-request-id": "true"
      },
      "RequestBody": null,
      "StatusCode": 200,
      "ResponseHeaders": {
        "Cache-Control": "no-cache",
        "Content-Length": "903",
        "Content-Type": "application/json; charset=utf-8",
        "Date": "Mon, 27 Feb 2023 14:59:49 GMT",
        "ETag": "W/\u0022datetime\u00272023-02-27T14%3A59%3A48.5680505Z\u0027\u0022",
        "Expires": "-1",
        "Pragma": "no-cache",
        "Server": "Microsoft-IIS/10.0",
        "Strict-Transport-Security": "max-age=31536000; includeSubDomains",
        "X-Content-Type-Options": "nosniff",
        "x-ms-correlation-request-id": "687f069b-1c63-4821-b190-becc15e46075",
        "x-ms-ratelimit-remaining-subscription-reads": "11968",
        "x-ms-request-id": "56d66f08-fce5-4537-bb78-85715cb66972",
        "x-ms-routing-request-id": "SWEDENSOUTH:20230227T145950Z:687f069b-1c63-4821-b190-becc15e46075",
        "X-Powered-By": "ASP.NET"
      },
      "ResponseBody": {
        "id": "/subscriptions/69a75bda-882e-44d5-8431-63421204132a/resourceGroups/testNetAppDotNetSDKRG-4733/providers/Microsoft.NetApp/netAppAccounts/account475/backupPolicies/backupPolicy-888",
        "name": "account475/backupPolicy-888",
        "type": "Microsoft.NetApp/netAppAccounts/backupPolicies",
        "etag": "W/\u0022datetime\u00272023-02-27T14%3A59%3A48.5680505Z\u0027\u0022",
        "location": "westus2",
        "tags": {
          "CreatedOnDate": "2023-02-27T14:59:46.4275901Z"
        },
        "properties": {
          "enabled": true,
          "backupPolicyId": "613eebef-b6af-11ed-b478-f2bc1cb2ae42",
          "dailyBackupsToKeep": 4,
          "weeklyBackupsToKeep": 3,
          "monthlyBackupsToKeep": 2,
          "volumesAssigned": 0,
          "provisioningState": "Succeeded"
        },
        "systemData": {
          "createdBy": "c6c4faba-2b22-44d9-80a4-71ff5b71f811",
          "createdByType": "Application",
          "createdAt": "2023-02-27T14:59:48.0879201Z",
          "lastModifiedBy": "c6c4faba-2b22-44d9-80a4-71ff5b71f811",
          "lastModifiedByType": "Application",
          "lastModifiedAt": "2023-02-27T14:59:48.0879201Z"
        }
      }
    },
    {
      "RequestUri": "https://management.azure.com/subscriptions/69a75bda-882e-44d5-8431-63421204132a/resourceGroups/testNetAppDotNetSDKRG-4733/providers/Microsoft.NetApp/netAppAccounts/account475/backupPolicies/backupPolicy-888?api-version=2022-09-01",
      "RequestMethod": "GET",
      "RequestHeaders": {
        "Accept": "application/json",
        "Authorization": "Sanitized",
        "traceparent": "00-0692f9f370f2ba2ae4db7b8d8620d807-46ac64367da7d2ca-00",
        "User-Agent": "azsdk-net-ResourceManager.NetApp/1.1.0-alpha.20230223.1 (.NET 6.0.14; Microsoft Windows 10.0.22000)",
        "x-ms-client-request-id": "4013c9e47f9bdad3fbc06f3bced63430",
        "x-ms-return-client-request-id": "true"
      },
      "RequestBody": null,
      "StatusCode": 200,
      "ResponseHeaders": {
        "Cache-Control": "no-cache",
        "Content-Length": "903",
        "Content-Type": "application/json; charset=utf-8",
        "Date": "Mon, 27 Feb 2023 14:59:50 GMT",
        "ETag": "W/\u0022datetime\u00272023-02-27T14%3A59%3A48.5680505Z\u0027\u0022",
        "Expires": "-1",
        "Pragma": "no-cache",
        "Server": "Microsoft-IIS/10.0",
        "Strict-Transport-Security": "max-age=31536000; includeSubDomains",
        "X-Content-Type-Options": "nosniff",
        "x-ms-correlation-request-id": "989abb7a-84dc-496e-9f08-0e0f4810a962",
        "x-ms-ratelimit-remaining-subscription-reads": "11967",
        "x-ms-request-id": "93459a1f-f85c-4731-be97-8d336c997372",
        "x-ms-routing-request-id": "SWEDENSOUTH:20230227T145950Z:989abb7a-84dc-496e-9f08-0e0f4810a962",
        "X-Powered-By": "ASP.NET"
      },
      "ResponseBody": {
        "id": "/subscriptions/69a75bda-882e-44d5-8431-63421204132a/resourceGroups/testNetAppDotNetSDKRG-4733/providers/Microsoft.NetApp/netAppAccounts/account475/backupPolicies/backupPolicy-888",
        "name": "account475/backupPolicy-888",
        "type": "Microsoft.NetApp/netAppAccounts/backupPolicies",
        "etag": "W/\u0022datetime\u00272023-02-27T14%3A59%3A48.5680505Z\u0027\u0022",
        "location": "westus2",
        "tags": {
          "CreatedOnDate": "2023-02-27T14:59:46.4275901Z"
        },
        "properties": {
          "enabled": true,
          "backupPolicyId": "613eebef-b6af-11ed-b478-f2bc1cb2ae42",
          "dailyBackupsToKeep": 4,
          "weeklyBackupsToKeep": 3,
          "monthlyBackupsToKeep": 2,
          "volumesAssigned": 0,
          "provisioningState": "Succeeded"
        },
        "systemData": {
          "createdBy": "c6c4faba-2b22-44d9-80a4-71ff5b71f811",
          "createdByType": "Application",
          "createdAt": "2023-02-27T14:59:48.0879201Z",
          "lastModifiedBy": "c6c4faba-2b22-44d9-80a4-71ff5b71f811",
          "lastModifiedByType": "Application",
          "lastModifiedAt": "2023-02-27T14:59:48.0879201Z"
        }
      }
    },
    {
      "RequestUri": "https://management.azure.com/subscriptions/69a75bda-882e-44d5-8431-63421204132a/resourceGroups/testNetAppDotNetSDKRG-4733/providers/Microsoft.NetApp/netAppAccounts/account475/backupPolicies/backupPolicy-8881?api-version=2022-09-01",
      "RequestMethod": "GET",
      "RequestHeaders": {
        "Accept": "application/json",
        "Authorization": "Sanitized",
        "traceparent": "00-2a0caa5cb7d0bf7435d0b6fc2e13a531-b29e1d6b233a8514-00",
        "User-Agent": "azsdk-net-ResourceManager.NetApp/1.1.0-alpha.20230223.1 (.NET 6.0.14; Microsoft Windows 10.0.22000)",
        "x-ms-client-request-id": "d97cad3db865bd395d6aa46b896ad18e",
        "x-ms-return-client-request-id": "true"
      },
      "RequestBody": null,
      "StatusCode": 404,
      "ResponseHeaders": {
        "Cache-Control": "no-cache",
        "Content-Length": "273",
        "Content-Type": "application/json; charset=utf-8",
        "Date": "Mon, 27 Feb 2023 14:59:50 GMT",
        "Expires": "-1",
        "Pragma": "no-cache",
        "Strict-Transport-Security": "max-age=31536000; includeSubDomains",
        "X-Content-Type-Options": "nosniff",
        "x-ms-correlation-request-id": "bf279630-333a-479b-8a4f-2df97425e242",
        "x-ms-failure-cause": "gateway",
        "x-ms-request-id": "bf279630-333a-479b-8a4f-2df97425e242",
        "x-ms-routing-request-id": "SWEDENSOUTH:20230227T145951Z:bf279630-333a-479b-8a4f-2df97425e242"
      },
      "ResponseBody": {
        "error": {
          "code": "ResourceNotFound",
          "message": "The Resource \u0027Microsoft.NetApp/netAppAccounts/account475/backupPolicies/backupPolicy-8881\u0027 under resource group \u0027testNetAppDotNetSDKRG-4733\u0027 was not found. For more details please go to https://aka.ms/ARMResourceNotFoundFix"
        }
      }
    },
    {
      "RequestUri": "https://management.azure.com/subscriptions/69a75bda-882e-44d5-8431-63421204132a/resourceGroups/testNetAppDotNetSDKRG-4733/providers/Microsoft.NetApp/netAppAccounts/account475/backupPolicies/backupPolicy-888?api-version=2022-09-01",
      "RequestMethod": "GET",
      "RequestHeaders": {
        "Accept": "application/json",
        "Authorization": "Sanitized",
        "traceparent": "00-82fed5e5ce1b1156e1451477cbde6052-3a52e1eeb307e847-00",
        "User-Agent": "azsdk-net-ResourceManager.NetApp/1.1.0-alpha.20230223.1 (.NET 6.0.14; Microsoft Windows 10.0.22000)",
        "x-ms-client-request-id": "f8e513deec2764a4af4bd459faa15395",
        "x-ms-return-client-request-id": "true"
      },
      "RequestBody": null,
      "StatusCode": 200,
      "ResponseHeaders": {
        "Cache-Control": "no-cache",
        "Content-Length": "903",
        "Content-Type": "application/json; charset=utf-8",
        "Date": "Mon, 27 Feb 2023 14:59:51 GMT",
        "ETag": "W/\u0022datetime\u00272023-02-27T14%3A59%3A48.5680505Z\u0027\u0022",
        "Expires": "-1",
        "Pragma": "no-cache",
        "Server": "Microsoft-IIS/10.0",
        "Strict-Transport-Security": "max-age=31536000; includeSubDomains",
        "X-Content-Type-Options": "nosniff",
        "x-ms-correlation-request-id": "5568ba59-d1c7-444b-ad74-5ed059a390cb",
        "x-ms-ratelimit-remaining-subscription-reads": "11965",
        "x-ms-request-id": "9aecb15b-1f9f-40ae-b82c-ef001d36cc11",
        "x-ms-routing-request-id": "SWEDENSOUTH:20230227T145951Z:5568ba59-d1c7-444b-ad74-5ed059a390cb",
        "X-Powered-By": "ASP.NET"
      },
      "ResponseBody": {
        "id": "/subscriptions/69a75bda-882e-44d5-8431-63421204132a/resourceGroups/testNetAppDotNetSDKRG-4733/providers/Microsoft.NetApp/netAppAccounts/account475/backupPolicies/backupPolicy-888",
        "name": "account475/backupPolicy-888",
        "type": "Microsoft.NetApp/netAppAccounts/backupPolicies",
        "etag": "W/\u0022datetime\u00272023-02-27T14%3A59%3A48.5680505Z\u0027\u0022",
        "location": "westus2",
        "tags": {
          "CreatedOnDate": "2023-02-27T14:59:46.4275901Z"
        },
        "properties": {
          "enabled": true,
          "backupPolicyId": "613eebef-b6af-11ed-b478-f2bc1cb2ae42",
          "dailyBackupsToKeep": 4,
          "weeklyBackupsToKeep": 3,
          "monthlyBackupsToKeep": 2,
          "volumesAssigned": 0,
          "provisioningState": "Succeeded"
        },
        "systemData": {
          "createdBy": "c6c4faba-2b22-44d9-80a4-71ff5b71f811",
          "createdByType": "Application",
          "createdAt": "2023-02-27T14:59:48.0879201Z",
          "lastModifiedBy": "c6c4faba-2b22-44d9-80a4-71ff5b71f811",
          "lastModifiedByType": "Application",
          "lastModifiedAt": "2023-02-27T14:59:48.0879201Z"
        }
      }
    },
    {
      "RequestUri": "https://management.azure.com/subscriptions/69a75bda-882e-44d5-8431-63421204132a/resourceGroups/testNetAppDotNetSDKRG-4733/providers/Microsoft.NetApp/netAppAccounts/account475/backupPolicies/backupPolicy-8881?api-version=2022-09-01",
      "RequestMethod": "GET",
      "RequestHeaders": {
        "Accept": "application/json",
        "Authorization": "Sanitized",
        "traceparent": "00-1c3599f95b557dd9e201f70f632cf870-bfb251dc5b25811e-00",
        "User-Agent": "azsdk-net-ResourceManager.NetApp/1.1.0-alpha.20230223.1 (.NET 6.0.14; Microsoft Windows 10.0.22000)",
        "x-ms-client-request-id": "744ca24ee6192b808f55e230db675191",
        "x-ms-return-client-request-id": "true"
      },
      "RequestBody": null,
      "StatusCode": 404,
      "ResponseHeaders": {
        "Cache-Control": "no-cache",
        "Content-Length": "273",
        "Content-Type": "application/json; charset=utf-8",
        "Date": "Mon, 27 Feb 2023 14:59:51 GMT",
        "Expires": "-1",
        "Pragma": "no-cache",
        "Strict-Transport-Security": "max-age=31536000; includeSubDomains",
        "X-Content-Type-Options": "nosniff",
        "x-ms-correlation-request-id": "f31c62d1-99f2-497e-95f9-5aba01cd337f",
        "x-ms-failure-cause": "gateway",
        "x-ms-request-id": "f31c62d1-99f2-497e-95f9-5aba01cd337f",
        "x-ms-routing-request-id": "SWEDENSOUTH:20230227T145951Z:f31c62d1-99f2-497e-95f9-5aba01cd337f"
      },
      "ResponseBody": {
        "error": {
          "code": "ResourceNotFound",
          "message": "The Resource \u0027Microsoft.NetApp/netAppAccounts/account475/backupPolicies/backupPolicy-8881\u0027 under resource group \u0027testNetAppDotNetSDKRG-4733\u0027 was not found. For more details please go to https://aka.ms/ARMResourceNotFoundFix"
        }
      }
    },
    {
      "RequestUri": "https://management.azure.com/subscriptions/69a75bda-882e-44d5-8431-63421204132a/resourceGroups/testNetAppDotNetSDKRG-4733/providers/Microsoft.NetApp/netAppAccounts/account475/backupPolicies/backupPolicy-888?api-version=2022-09-01",
      "RequestMethod": "DELETE",
      "RequestHeaders": {
        "Authorization": "Sanitized",
        "traceparent": "00-295f0482ded286cbd60a5fdfc4a83ab5-2b28b211f10b6477-00",
        "User-Agent": "azsdk-net-ResourceManager.NetApp/1.1.0-alpha.20230223.1 (.NET 6.0.14; Microsoft Windows 10.0.22000)",
        "x-ms-client-request-id": "bb5de1ef3bf151080817291ae4e0c3bc",
        "x-ms-return-client-request-id": "true"
      },
      "RequestBody": null,
      "StatusCode": 202,
      "ResponseHeaders": {
        "Azure-AsyncOperation": "https://management.azure.com/subscriptions/69a75bda-882e-44d5-8431-63421204132a/providers/Microsoft.NetApp/locations/westus2/operationResults/bc1d37a1-fef5-4851-9d71-300a60787559?api-version=2022-09-01",
        "Cache-Control": "no-cache",
        "Content-Length": "0",
        "Date": "Mon, 27 Feb 2023 14:59:52 GMT",
        "Expires": "-1",
        "Location": "https://management.azure.com/subscriptions/69a75bda-882e-44d5-8431-63421204132a/providers/Microsoft.NetApp/locations/westus2/operationResults/bc1d37a1-fef5-4851-9d71-300a60787559?api-version=2022-09-01\u0026operationResultResponseType=Location",
        "Pragma": "no-cache",
        "Server": "Microsoft-IIS/10.0",
        "Strict-Transport-Security": "max-age=31536000; includeSubDomains",
        "X-Content-Type-Options": "nosniff",
        "x-ms-correlation-request-id": "75a3e09c-7b4c-4fce-b1be-216e184e4c27",
        "x-ms-ratelimit-remaining-subscription-deletes": "14999",
        "x-ms-request-id": "75a3e09c-7b4c-4fce-b1be-216e184e4c27",
        "x-ms-routing-request-id": "SWEDENSOUTH:20230227T145952Z:75a3e09c-7b4c-4fce-b1be-216e184e4c27",
        "X-Powered-By": "ASP.NET"
      },
      "ResponseBody": null
    },
    {
      "RequestUri": "https://management.azure.com/subscriptions/69a75bda-882e-44d5-8431-63421204132a/providers/Microsoft.NetApp/locations/westus2/operationResults/bc1d37a1-fef5-4851-9d71-300a60787559?api-version=2022-09-01",
      "RequestMethod": "GET",
      "RequestHeaders": {
        "Authorization": "Sanitized",
        "traceparent": "00-295f0482ded286cbd60a5fdfc4a83ab5-c4dfb26fb945500e-00",
        "User-Agent": "azsdk-net-ResourceManager/1.3.2 (.NET 6.0.14; Microsoft Windows 10.0.22000)",
        "x-ms-client-request-id": "196942fa984413a399fa6b02bd6647af",
        "x-ms-return-client-request-id": "true"
      },
      "RequestBody": null,
      "StatusCode": 200,
      "ResponseHeaders": {
        "Cache-Control": "no-cache",
        "Content-Length": "563",
        "Content-Type": "application/json; charset=utf-8",
        "Date": "Mon, 27 Feb 2023 14:59:52 GMT",
        "Expires": "-1",
        "Pragma": "no-cache",
        "Server": "Microsoft-IIS/10.0",
        "Strict-Transport-Security": "max-age=31536000; includeSubDomains",
        "X-Content-Type-Options": "nosniff",
        "x-ms-correlation-request-id": "a7409802-4712-499f-b083-16ec66300018",
        "x-ms-ratelimit-remaining-subscription-reads": "11963",
        "x-ms-request-id": "a91aec18-4762-420d-b2f6-a8afae976224",
        "x-ms-routing-request-id": "SWEDENSOUTH:20230227T145952Z:a7409802-4712-499f-b083-16ec66300018",
        "X-Powered-By": "ASP.NET"
      },
      "ResponseBody": {
        "id": "/subscriptions/69a75bda-882e-44d5-8431-63421204132a/providers/Microsoft.NetApp/locations/westus2/operationResults/bc1d37a1-fef5-4851-9d71-300a60787559",
        "name": "bc1d37a1-fef5-4851-9d71-300a60787559",
        "status": "Succeeded",
        "startTime": "2023-02-27T14:59:52.5392665Z",
        "endTime": "2023-02-27T14:59:52.7503712Z",
        "percentComplete": 100.0,
        "properties": {
          "resourceName": "/subscriptions/69a75bda-882e-44d5-8431-63421204132a/resourceGroups/testNetAppDotNetSDKRG-4733/providers/Microsoft.NetApp/netAppAccounts/account475/backupPolicies/backupPolicy-888",
          "action": "DELETE"
        }
      }
    },
    {
      "RequestUri": "https://management.azure.com/subscriptions/69a75bda-882e-44d5-8431-63421204132a/resourceGroups/testNetAppDotNetSDKRG-4733/providers/Microsoft.NetApp/netAppAccounts/account475/backupPolicies/backupPolicy-888?api-version=2022-09-01",
      "RequestMethod": "GET",
      "RequestHeaders": {
        "Accept": "application/json",
        "Authorization": "Sanitized",
        "traceparent": "00-6c5b61721dad87de3f70428cbe3f78e1-7c04f22a6d419090-00",
        "User-Agent": "azsdk-net-ResourceManager.NetApp/1.1.0-alpha.20230223.1 (.NET 6.0.14; Microsoft Windows 10.0.22000)",
        "x-ms-client-request-id": "cc1926926a4b92736c662838d2364794",
        "x-ms-return-client-request-id": "true"
      },
      "RequestBody": null,
      "StatusCode": 404,
      "ResponseHeaders": {
        "Cache-Control": "no-cache",
        "Content-Length": "273",
        "Content-Type": "application/json; charset=utf-8",
        "Date": "Mon, 27 Feb 2023 14:59:52 GMT",
        "Expires": "-1",
        "Pragma": "no-cache",
        "Server": "Microsoft-IIS/10.0",
        "Strict-Transport-Security": "max-age=31536000; includeSubDomains",
        "X-Content-Type-Options": "nosniff",
        "x-ms-correlation-request-id": "c6b7a54d-7aff-42dc-9c1d-0e3b2c659895",
        "x-ms-ratelimit-remaining-subscription-reads": "11962",
        "x-ms-request-id": "397b50a3-32d5-4a47-bc28-a5cc53d29798",
        "x-ms-routing-request-id": "SWEDENSOUTH:20230227T145953Z:c6b7a54d-7aff-42dc-9c1d-0e3b2c659895",
        "X-Powered-By": "ASP.NET"
      },
      "ResponseBody": {
        "error": {
          "code": "ResourceNotFound",
          "message": "The resource with identifier \u0027/subscriptions/69a75bda-882e-44d5-8431-63421204132a/resourceGroups/testNetAppDotNetSDKRG-4733/providers/Microsoft.NetApp/netAppAccounts/account475/backupPolicies/backupPolicy-888\u0027 is not found."
        }
      }
    },
    {
      "RequestUri": "https://management.azure.com/subscriptions/69a75bda-882e-44d5-8431-63421204132a/resourceGroups/testNetAppDotNetSDKRG-4733/providers/Microsoft.NetApp/netAppAccounts/account475/backupPolicies/backupPolicy-888?api-version=2022-09-01",
      "RequestMethod": "GET",
      "RequestHeaders": {
        "Accept": "application/json",
        "Authorization": "Sanitized",
        "traceparent": "00-ae9ed07c4eebb0873ed746fdb96236f3-fcf417b300235f82-00",
        "User-Agent": "azsdk-net-ResourceManager.NetApp/1.1.0-alpha.20230223.1 (.NET 6.0.14; Microsoft Windows 10.0.22000)",
        "x-ms-client-request-id": "a11fe28ea9767e776a084d23f1723a2c",
        "x-ms-return-client-request-id": "true"
      },
      "RequestBody": null,
      "StatusCode": 404,
      "ResponseHeaders": {
        "Cache-Control": "no-cache",
        "Content-Length": "273",
        "Content-Type": "application/json; charset=utf-8",
        "Date": "Mon, 27 Feb 2023 14:59:53 GMT",
        "Expires": "-1",
        "Pragma": "no-cache",
        "Server": "Microsoft-IIS/10.0",
        "Strict-Transport-Security": "max-age=31536000; includeSubDomains",
        "X-Content-Type-Options": "nosniff",
        "x-ms-correlation-request-id": "43194758-6256-4bcb-8adb-441bba449ac4",
        "x-ms-ratelimit-remaining-subscription-reads": "11961",
        "x-ms-request-id": "8e8289cf-cd15-46a4-a7a6-1612326fb78e",
        "x-ms-routing-request-id": "SWEDENSOUTH:20230227T145953Z:43194758-6256-4bcb-8adb-441bba449ac4",
        "X-Powered-By": "ASP.NET"
      },
      "ResponseBody": {
        "error": {
          "code": "ResourceNotFound",
          "message": "The resource with identifier \u0027/subscriptions/69a75bda-882e-44d5-8431-63421204132a/resourceGroups/testNetAppDotNetSDKRG-4733/providers/Microsoft.NetApp/netAppAccounts/account475/backupPolicies/backupPolicy-888\u0027 is not found."
        }
      }
    },
    {
      "RequestUri": "https://management.azure.com/subscriptions/69a75bda-882e-44d5-8431-63421204132a/resourceGroups/testNetAppDotNetSDKRG-4733/providers/Microsoft.NetApp/netAppAccounts/account475/backupPolicies?api-version=2022-09-01",
      "RequestMethod": "GET",
      "RequestHeaders": {
        "Accept": "application/json",
        "Authorization": "Sanitized",
        "traceparent": "00-048323fcd110c59a87d1857b4b7c96ab-4a4d118286b6165d-00",
        "User-Agent": "azsdk-net-ResourceManager.NetApp/1.1.0-alpha.20230223.1 (.NET 6.0.14; Microsoft Windows 10.0.22000)",
        "x-ms-client-request-id": "e340b971bd5a8ffccfd7adde6f6b4162",
        "x-ms-return-client-request-id": "true"
      },
      "RequestBody": null,
      "StatusCode": 200,
      "ResponseHeaders": {
        "Cache-Control": "no-cache",
        "Content-Length": "12",
        "Content-Type": "application/json; charset=utf-8",
        "Date": "Mon, 27 Feb 2023 14:59:53 GMT",
        "Expires": "-1",
        "Pragma": "no-cache",
        "Server": "Microsoft-IIS/10.0",
        "Strict-Transport-Security": "max-age=31536000; includeSubDomains",
        "X-Content-Type-Options": "nosniff",
        "x-ms-correlation-request-id": "8aafd782-320f-4435-b435-042c290fba1b",
        "x-ms-ratelimit-remaining-subscription-reads": "11960",
        "x-ms-request-id": "f7acf76f-ca53-4c39-afb9-d942a780a155",
        "x-ms-routing-request-id": "SWEDENSOUTH:20230227T145954Z:8aafd782-320f-4435-b435-042c290fba1b",
        "X-Powered-By": "ASP.NET"
      },
      "ResponseBody": {
        "value": []
      }
    },
    {
      "RequestUri": "https://management.azure.com/subscriptions/69a75bda-882e-44d5-8431-63421204132a/resourceGroups/testNetAppDotNetSDKRG-4733/providers/Microsoft.NetApp/netAppAccounts/account475?api-version=2022-09-01",
      "RequestMethod": "DELETE",
      "RequestHeaders": {
        "Authorization": "Sanitized",
        "traceparent": "00-4c4495929afc929ffcdf29baa4e7db47-bd697ea5b5cf9ed4-00",
        "User-Agent": "azsdk-net-ResourceManager.NetApp/1.1.0-alpha.20230223.1 (.NET 6.0.14; Microsoft Windows 10.0.22000)",
        "x-ms-client-request-id": "da73d7b3a646e839ae9a61421d50a0f9",
        "x-ms-return-client-request-id": "true"
      },
      "RequestBody": null,
      "StatusCode": 202,
      "ResponseHeaders": {
        "Azure-AsyncOperation": "https://management.azure.com/subscriptions/69a75bda-882e-44d5-8431-63421204132a/providers/Microsoft.NetApp/locations/westus2/operationResults/529e7d93-125a-426f-bea5-1bcf3f239c61?api-version=2022-09-01",
        "Cache-Control": "no-cache",
        "Content-Length": "0",
        "Date": "Mon, 27 Feb 2023 15:00:34 GMT",
        "Expires": "-1",
        "Location": "https://management.azure.com/subscriptions/69a75bda-882e-44d5-8431-63421204132a/providers/Microsoft.NetApp/locations/westus2/operationResults/529e7d93-125a-426f-bea5-1bcf3f239c61?api-version=2022-09-01\u0026operationResultResponseType=Location",
        "Pragma": "no-cache",
        "Server": "Microsoft-IIS/10.0",
        "Strict-Transport-Security": "max-age=31536000; includeSubDomains",
        "X-Content-Type-Options": "nosniff",
        "x-ms-correlation-request-id": "c242ff20-68e5-4854-ae17-9c79bc9b2036",
        "x-ms-ratelimit-remaining-subscription-deletes": "14998",
        "x-ms-request-id": "c242ff20-68e5-4854-ae17-9c79bc9b2036",
        "x-ms-routing-request-id": "SWEDENSOUTH:20230227T150035Z:c242ff20-68e5-4854-ae17-9c79bc9b2036",
        "X-Powered-By": "ASP.NET"
      },
      "ResponseBody": null
    },
    {
      "RequestUri": "https://management.azure.com/subscriptions/69a75bda-882e-44d5-8431-63421204132a/providers/Microsoft.NetApp/locations/westus2/operationResults/529e7d93-125a-426f-bea5-1bcf3f239c61?api-version=2022-09-01",
      "RequestMethod": "GET",
      "RequestHeaders": {
        "Authorization": "Sanitized",
        "traceparent": "00-4c4495929afc929ffcdf29baa4e7db47-cbd496e6f611d115-00",
        "User-Agent": "azsdk-net-ResourceManager/1.3.2 (.NET 6.0.14; Microsoft Windows 10.0.22000)",
        "x-ms-client-request-id": "1a70eac760fecae67f5734bf5bb9727e",
        "x-ms-return-client-request-id": "true"
      },
      "RequestBody": null,
      "StatusCode": 200,
      "ResponseHeaders": {
        "Cache-Control": "no-cache",
        "Content-Length": "531",
        "Content-Type": "application/json; charset=utf-8",
        "Date": "Mon, 27 Feb 2023 15:00:34 GMT",
        "Expires": "-1",
        "Pragma": "no-cache",
        "Server": "Microsoft-IIS/10.0",
        "Strict-Transport-Security": "max-age=31536000; includeSubDomains",
        "X-Content-Type-Options": "nosniff",
        "x-ms-correlation-request-id": "7e24ea18-ad49-4cd0-b6c0-c104acf17958",
        "x-ms-ratelimit-remaining-subscription-reads": "11962",
        "x-ms-request-id": "966ad26b-f938-466d-881f-71ea2957c670",
        "x-ms-routing-request-id": "SWEDENSOUTH:20230227T150035Z:7e24ea18-ad49-4cd0-b6c0-c104acf17958",
        "X-Powered-By": "ASP.NET"
      },
      "ResponseBody": {
        "id": "/subscriptions/69a75bda-882e-44d5-8431-63421204132a/providers/Microsoft.NetApp/locations/westus2/operationResults/529e7d93-125a-426f-bea5-1bcf3f239c61",
        "name": "529e7d93-125a-426f-bea5-1bcf3f239c61",
        "status": "Succeeded",
        "startTime": "2023-02-27T15:00:34.9630495Z",
        "endTime": "2023-02-27T15:00:35.0084955Z",
        "percentComplete": 100.0,
        "properties": {
          "resourceName": "/subscriptions/69a75bda-882e-44d5-8431-63421204132a/resourceGroups/testNetAppDotNetSDKRG-4733/providers/Microsoft.NetApp/netAppAccounts/account475",
          "action": "DELETE"
        }
      }
    }
  ],
  "Variables": {
    "AZURE_AUTHORITY_HOST": "https://login.microsoftonline.com",
    "RandomSeed": "577653406",
    "RESOURCE_MANAGER_URL": null,
    "SUBSCRIPTION_ID": "69a75bda-882e-44d5-8431-63421204132a"
  }
}
