{
  "Entries": [
    {
      "RequestUri": "https://api.loganalytics.io/v1/workspaces/33283218-aeb0-4388-b0c0-77a9bf80a8d2/query",
      "RequestMethod": "POST",
      "RequestHeaders": {
        "Accept": "application/json",
        "Authorization": "Sanitized",
        "Content-Length": "179",
        "Content-Type": "application/json",
        "traceparent": "00-13632b0931d011c6f0425cf7e223870b-475567a147359605-00",
        "User-Agent": "azsdk-net-Monitor.Query/1.1.0 (.NET 7.0.5; Microsoft Windows 10.0.22621)",
        "x-ms-client-request-id": "28ea658fdd8df6b14fc68999c31482d9",
        "x-ms-return-client-request-id": "true"
      },
      "RequestBody": {
        "query": "AppDependencies | where Data == \u0027http://localhost:9998/\u0027 | where AppRoleName == \u0027DistroWebAppLiveTests\u0027 | top 1 by TimeGenerated",
        "timespan": "PT30M"
      },
      "StatusCode": 200,
      "ResponseHeaders": {
        "Access-Control-Allow-Origin": "*",
        "Access-Control-Expose-Headers": "Retry-After,Age,WWW-Authenticate,x-resource-identities,x-ms-status-location",
        "Age": "48",
        "Connection": "keep-alive",
        "Content-Length": "2425",
        "Content-Type": "application/json; charset=utf-8",
        "Date": "Fri, 28 Apr 2023 18:10:45 GMT",
        "Strict-Transport-Security": "max-age=15724800; includeSubDomains",
        "Vary": "Accept-Encoding",
        "Via": "1.1 draft-oms-585bfd996d-r8z2k",
        "X-Content-Type-Options": "nosniff"
      },
      "ResponseBody": {
        "tables": [
          {
            "name": "PrimaryResult",
            "columns": [
              {
                "name": "TenantId",
                "type": "string"
              },
              {
                "name": "TimeGenerated",
                "type": "datetime"
              },
              {
                "name": "Id",
                "type": "string"
              },
              {
                "name": "Target",
                "type": "string"
              },
              {
                "name": "DependencyType",
                "type": "string"
              },
              {
                "name": "Name",
                "type": "string"
              },
              {
                "name": "Data",
                "type": "string"
              },
              {
                "name": "Success",
                "type": "bool"
              },
              {
                "name": "ResultCode",
                "type": "string"
              },
              {
                "name": "DurationMs",
                "type": "real"
              },
              {
                "name": "PerformanceBucket",
                "type": "string"
              },
              {
                "name": "Properties",
                "type": "dynamic"
              },
              {
                "name": "Measurements",
                "type": "dynamic"
              },
              {
                "name": "OperationName",
                "type": "string"
              },
              {
                "name": "OperationId",
                "type": "string"
              },
              {
                "name": "ParentId",
                "type": "string"
              },
              {
                "name": "SyntheticSource",
                "type": "string"
              },
              {
                "name": "SessionId",
                "type": "string"
              },
              {
                "name": "UserId",
                "type": "string"
              },
              {
                "name": "UserAuthenticatedId",
                "type": "string"
              },
              {
                "name": "UserAccountId",
                "type": "string"
              },
              {
                "name": "AppVersion",
                "type": "string"
              },
              {
                "name": "AppRoleName",
                "type": "string"
              },
              {
                "name": "AppRoleInstance",
                "type": "string"
              },
              {
                "name": "ClientType",
                "type": "string"
              },
              {
                "name": "ClientModel",
                "type": "string"
              },
              {
                "name": "ClientOS",
                "type": "string"
              },
              {
                "name": "ClientIP",
                "type": "string"
              },
              {
                "name": "ClientCity",
                "type": "string"
              },
              {
                "name": "ClientStateOrProvince",
                "type": "string"
              },
              {
                "name": "ClientCountryOrRegion",
                "type": "string"
              },
              {
                "name": "ClientBrowser",
                "type": "string"
              },
              {
                "name": "ResourceGUID",
                "type": "string"
              },
              {
                "name": "IKey",
                "type": "string"
              },
              {
                "name": "SDKVersion",
                "type": "string"
              },
              {
                "name": "ItemCount",
                "type": "int"
              },
              {
                "name": "ReferencedItemId",
                "type": "string"
              },
              {
                "name": "ReferencedType",
                "type": "string"
              },
              {
                "name": "SourceSystem",
                "type": "string"
              },
              {
                "name": "Type",
                "type": "string"
              },
              {
                "name": "_ResourceId",
                "type": "string"
              }
            ],
            "rows": [
              [
                "33283218-aeb0-4388-b0c0-77a9bf80a8d2",
                "2023-04-28T18:07:49.3168505Z",
                "5a48991c7617de8d",
                "localhost:9998",
                "HTTP",
                "GET /",
                "http://localhost:9998/",
                true,
                "200",
                56.3792,
                "\u003C250ms",
                "{\u0022http.flavor\u0022:\u00221.1\u0022,\u0022_MS.ProcessedByMetricExtractors\u0022:\u0022(Name: X,Ver:\u00271.1\u0027)\u0022}",
                null,
                "",
                "fe7b232465db70db070b6d0648fca0cc",
                "fe7b232465db70db070b6d0648fca0cc",
                "",
                "",
                "",
                "",
                "",
                "",
                "DistroWebAppLiveTests",
                "TL-XPS",
                "PC",
                "Other",
                "Windows 10",
                "0.0.0.0",
                "Redmond",
                "Washington",
                "United States",
                "Other",
                "6cbe8a21-11ea-42f8-b456-19144d0c3dde",
                "375a4ad1-58c9-4f8f-bf21-7f483a813bd5",
                "dotnet7.0.5:otel1.4.0:ext1.0.0-alpha.20230428.1",
                1,
                "",
                "",
                "Azure",
                "AppDependencies",
                "/subscriptions/65b2f83e-7bf1-4be3-bafc-3a4163265a52/resourcegroups/rg-mothrmonitor/providers/microsoft.insights/components/tca5ef17935bdced8"
              ]
            ]
          }
        ]
      }
    },
    {
      "RequestUri": "https://api.loganalytics.io/v1/workspaces/33283218-aeb0-4388-b0c0-77a9bf80a8d2/query",
      "RequestMethod": "POST",
      "RequestHeaders": {
        "Accept": "application/json",
        "Authorization": "Sanitized",
        "Content-Length": "174",
        "Content-Type": "application/json",
        "traceparent": "00-6c9f16396b4c5198bc1a39ec1a6eeb2e-8ac4f3342aad191d-00",
        "User-Agent": "azsdk-net-Monitor.Query/1.1.0 (.NET 7.0.5; Microsoft Windows 10.0.22621)",
        "x-ms-client-request-id": "18dc6468ea58a498465ac4a9fdce0cd5",
        "x-ms-return-client-request-id": "true"
      },
      "RequestBody": {
        "query": "AppRequests | where Url == \u0027http://localhost:9998/\u0027 | where AppRoleName == \u0027DistroWebAppLiveTests\u0027 | top 1 by TimeGenerated",
        "timespan": "PT30M"
      },
      "StatusCode": 200,
      "ResponseHeaders": {
        "Access-Control-Allow-Origin": "*",
        "Access-Control-Expose-Headers": "Retry-After,Age,WWW-Authenticate,x-resource-identities,x-ms-status-location",
        "Age": "47",
        "Connection": "keep-alive",
        "Content-Length": "2393",
        "Content-Type": "application/json; charset=utf-8",
        "Date": "Fri, 28 Apr 2023 18:10:45 GMT",
        "Strict-Transport-Security": "max-age=15724800; includeSubDomains",
        "Vary": "Accept-Encoding",
        "Via": "1.1 draft-oms-585bfd996d-ng68r",
        "X-Content-Type-Options": "nosniff"
      },
      "ResponseBody": {
        "tables": [
          {
            "name": "PrimaryResult",
            "columns": [
              {
                "name": "TenantId",
                "type": "string"
              },
              {
                "name": "TimeGenerated",
                "type": "datetime"
              },
              {
                "name": "Id",
                "type": "string"
              },
              {
                "name": "Source",
                "type": "string"
              },
              {
                "name": "Name",
                "type": "string"
              },
              {
                "name": "Url",
                "type": "string"
              },
              {
                "name": "Success",
                "type": "bool"
              },
              {
                "name": "ResultCode",
                "type": "string"
              },
              {
                "name": "DurationMs",
                "type": "real"
              },
              {
                "name": "PerformanceBucket",
                "type": "string"
              },
              {
                "name": "Properties",
                "type": "dynamic"
              },
              {
                "name": "Measurements",
                "type": "dynamic"
              },
              {
                "name": "OperationName",
                "type": "string"
              },
              {
                "name": "OperationId",
                "type": "string"
              },
              {
                "name": "OperationLinks",
                "type": "dynamic"
              },
              {
                "name": "ParentId",
                "type": "string"
              },
              {
                "name": "SyntheticSource",
                "type": "string"
              },
              {
                "name": "SessionId",
                "type": "string"
              },
              {
                "name": "UserId",
                "type": "string"
              },
              {
                "name": "UserAuthenticatedId",
                "type": "string"
              },
              {
                "name": "UserAccountId",
                "type": "string"
              },
              {
                "name": "AppVersion",
                "type": "string"
              },
              {
                "name": "AppRoleName",
                "type": "string"
              },
              {
                "name": "AppRoleInstance",
                "type": "string"
              },
              {
                "name": "ClientType",
                "type": "string"
              },
              {
                "name": "ClientModel",
                "type": "string"
              },
              {
                "name": "ClientOS",
                "type": "string"
              },
              {
                "name": "ClientIP",
                "type": "string"
              },
              {
                "name": "ClientCity",
                "type": "string"
              },
              {
                "name": "ClientStateOrProvince",
                "type": "string"
              },
              {
                "name": "ClientCountryOrRegion",
                "type": "string"
              },
              {
                "name": "ClientBrowser",
                "type": "string"
              },
              {
                "name": "ResourceGUID",
                "type": "string"
              },
              {
                "name": "IKey",
                "type": "string"
              },
              {
                "name": "SDKVersion",
                "type": "string"
              },
              {
                "name": "ItemCount",
                "type": "int"
              },
              {
                "name": "ReferencedItemId",
                "type": "string"
              },
              {
                "name": "ReferencedType",
                "type": "string"
              },
              {
                "name": "SourceSystem",
                "type": "string"
              },
              {
                "name": "Type",
                "type": "string"
              },
              {
                "name": "_ResourceId",
                "type": "string"
              }
            ],
            "rows": [
              [
                "33283218-aeb0-4388-b0c0-77a9bf80a8d2",
                "2023-04-28T18:07:49.346213Z",
                "be198895826a29fe",
                "",
                "GET /",
                "http://localhost:9998/",
                true,
                "200",
                26.7811,
                "\u003C250ms",
                "{\u0022http.flavor\u0022:\u00221.1\u0022,\u0022_MS.ProcessedByMetricExtractors\u0022:\u0022(Name: X,Ver:\u00271.1\u0027)\u0022}",
                null,
                "GET /",
                "fe7b232465db70db070b6d0648fca0cc",
                null,
                "5a48991c7617de8d",
                "",
                "",
                "",
                "",
                "",
                "",
                "DistroWebAppLiveTests",
                "TL-XPS",
                "PC",
                "Other",
                "Windows 10",
                "0.0.0.0",
                "Redmond",
                "Washington",
                "United States",
                "Other",
                "6cbe8a21-11ea-42f8-b456-19144d0c3dde",
                "375a4ad1-58c9-4f8f-bf21-7f483a813bd5",
                "dotnet7.0.5:otel1.4.0:ext1.0.0-alpha.20230428.1",
                1,
                "",
                "",
                "Azure",
                "AppRequests",
                "/subscriptions/65b2f83e-7bf1-4be3-bafc-3a4163265a52/resourcegroups/rg-mothrmonitor/providers/microsoft.insights/components/tca5ef17935bdced8"
              ]
            ]
          }
        ]
      }
    },
    {
      "RequestUri": "https://api.loganalytics.io/v1/workspaces/33283218-aeb0-4388-b0c0-77a9bf80a8d2/query",
      "RequestMethod": "POST",
      "RequestHeaders": {
        "Accept": "application/json",
        "Authorization": "Sanitized",
        "Content-Length": "244",
        "Content-Type": "application/json",
        "traceparent": "00-42ea0c93add9a13f1146dccb66f802b2-6e12c8a793f7f391-00",
        "User-Agent": "azsdk-net-Monitor.Query/1.1.0 (.NET 7.0.5; Microsoft Windows 10.0.22621)",
        "x-ms-client-request-id": "0be041f6c7024cb97026d031e317848d",
        "x-ms-return-client-request-id": "true"
      },
      "RequestBody": {
        "query": "AppMetrics | where Name == \u0027http.client.duration\u0027 | where AppRoleName == \u0027DistroWebAppLiveTests\u0027 | where Properties.[\u0027net.peer.name\u0027] == \u0027localhost\u0027 | top 1 by TimeGenerated",
        "timespan": "PT30M"
      },
      "StatusCode": 200,
      "ResponseHeaders": {
        "Access-Control-Allow-Origin": "*",
        "Access-Control-Expose-Headers": "Retry-After,Age,WWW-Authenticate,x-resource-identities,x-ms-status-location",
        "Age": "47",
        "Connection": "keep-alive",
        "Content-Length": "2043",
        "Content-Type": "application/json; charset=utf-8",
        "Date": "Fri, 28 Apr 2023 18:10:45 GMT",
        "Strict-Transport-Security": "max-age=15724800; includeSubDomains",
        "Vary": "Accept-Encoding",
        "Via": "1.1 draft-oms-585bfd996d-zknfr",
        "X-Content-Type-Options": "nosniff"
      },
      "ResponseBody": {
        "tables": [
          {
            "name": "PrimaryResult",
            "columns": [
              {
                "name": "TenantId",
                "type": "string"
              },
              {
                "name": "TimeGenerated",
                "type": "datetime"
              },
              {
                "name": "Name",
                "type": "string"
              },
              {
                "name": "ItemCount",
                "type": "int"
              },
              {
                "name": "Sum",
                "type": "real"
              },
              {
                "name": "Min",
                "type": "real"
              },
              {
                "name": "Max",
                "type": "real"
              },
              {
                "name": "Properties",
                "type": "dynamic"
              },
              {
                "name": "OperationName",
                "type": "string"
              },
              {
                "name": "OperationId",
                "type": "string"
              },
              {
                "name": "ParentId",
                "type": "string"
              },
              {
                "name": "SyntheticSource",
                "type": "string"
              },
              {
                "name": "SessionId",
                "type": "string"
              },
              {
                "name": "UserId",
                "type": "string"
              },
              {
                "name": "UserAuthenticatedId",
                "type": "string"
              },
              {
                "name": "UserAccountId",
                "type": "string"
              },
              {
                "name": "AppVersion",
                "type": "string"
              },
              {
                "name": "AppRoleName",
                "type": "string"
              },
              {
                "name": "AppRoleInstance",
                "type": "string"
              },
              {
                "name": "ClientType",
                "type": "string"
              },
              {
                "name": "ClientModel",
                "type": "string"
              },
              {
                "name": "ClientOS",
                "type": "string"
              },
              {
                "name": "ClientIP",
                "type": "string"
              },
              {
                "name": "ClientCity",
                "type": "string"
              },
              {
                "name": "ClientStateOrProvince",
                "type": "string"
              },
              {
                "name": "ClientCountryOrRegion",
                "type": "string"
              },
              {
                "name": "ClientBrowser",
                "type": "string"
              },
              {
                "name": "ResourceGUID",
                "type": "string"
              },
              {
                "name": "IKey",
                "type": "string"
              },
              {
                "name": "SDKVersion",
                "type": "string"
              },
              {
                "name": "SourceSystem",
                "type": "string"
              },
              {
                "name": "Type",
                "type": "string"
              },
              {
                "name": "_ResourceId",
                "type": "string"
              }
            ],
            "rows": [
              [
                "33283218-aeb0-4388-b0c0-77a9bf80a8d2",
                "2023-04-28T18:06:31.884769Z",
                "http.client.duration",
                1,
                12.721,
                12.721,
                12.721,
                "{\u0022http.flavor\u0022:\u00221.1\u0022,\u0022http.method\u0022:\u0022GET\u0022,\u0022http.scheme\u0022:\u0022http\u0022,\u0022http.status_code\u0022:\u0022200\u0022,\u0022net.peer.name\u0022:\u0022localhost\u0022,\u0022net.peer.port\u0022:\u00229999\u0022}",
                "",
                "",
                "",
                "",
                "",
                "",
                "",
                "",
                "",
                "DistroWebAppLiveTests",
                "Mac-1682703896607.local",
                "PC",
                "Other",
                "Other",
                "0.0.0.0",
                "Quincy",
                "Washington",
                "United States",
                "Other",
                "6cbe8a21-11ea-42f8-b456-19144d0c3dde",
                "375a4ad1-58c9-4f8f-bf21-7f483a813bd5",
                "dotnet6.0.16:otel1.4.0:ext1.0.0-alpha.20230428.4",
                "Azure",
                "AppMetrics",
                "/subscriptions/65b2f83e-7bf1-4be3-bafc-3a4163265a52/resourcegroups/rg-mothrmonitor/providers/microsoft.insights/components/tca5ef17935bdced8"
              ]
            ]
          }
        ]
      }
    },
    {
      "RequestUri": "https://api.loganalytics.io/v1/workspaces/33283218-aeb0-4388-b0c0-77a9bf80a8d2/query",
      "RequestMethod": "POST",
      "RequestHeaders": {
        "Accept": "application/json",
        "Authorization": "Sanitized",
        "Content-Length": "244",
        "Content-Type": "application/json",
        "traceparent": "00-b529531465d786c2429b6d097017f3e4-da9e9c9045bd36be-00",
        "User-Agent": "azsdk-net-Monitor.Query/1.1.0 (.NET 7.0.5; Microsoft Windows 10.0.22621)",
        "x-ms-client-request-id": "6db61c1ac950a53dcd46e2331807f881",
        "x-ms-return-client-request-id": "true"
      },
      "RequestBody": {
        "query": "AppMetrics | where Name == \u0027http.server.duration\u0027 | where AppRoleName == \u0027DistroWebAppLiveTests\u0027 | where Properties.[\u0027net.host.name\u0027] == \u0027localhost\u0027 | top 1 by TimeGenerated",
        "timespan": "PT30M"
      },
      "StatusCode": 200,
      "ResponseHeaders": {
        "Access-Control-Allow-Origin": "*",
        "Access-Control-Expose-Headers": "Retry-After,Age,WWW-Authenticate,x-resource-identities,x-ms-status-location",
        "Age": "46",
        "Connection": "keep-alive",
        "Content-Length": "2061",
        "Content-Type": "application/json; charset=utf-8",
        "Date": "Fri, 28 Apr 2023 18:10:45 GMT",
        "Strict-Transport-Security": "max-age=15724800; includeSubDomains",
        "Vary": "Accept-Encoding",
        "Via": "1.1 draft-oms-585bfd996d-vq5l9",
        "X-Content-Type-Options": "nosniff"
      },
      "ResponseBody": {
        "tables": [
          {
            "name": "PrimaryResult",
            "columns": [
              {
                "name": "TenantId",
                "type": "string"
              },
              {
                "name": "TimeGenerated",
                "type": "datetime"
              },
              {
                "name": "Name",
                "type": "string"
              },
              {
                "name": "ItemCount",
                "type": "int"
              },
              {
                "name": "Sum",
                "type": "real"
              },
              {
                "name": "Min",
                "type": "real"
              },
              {
                "name": "Max",
                "type": "real"
              },
              {
                "name": "Properties",
                "type": "dynamic"
              },
              {
                "name": "OperationName",
                "type": "string"
              },
              {
                "name": "OperationId",
                "type": "string"
              },
              {
                "name": "ParentId",
                "type": "string"
              },
              {
                "name": "SyntheticSource",
                "type": "string"
              },
              {
                "name": "SessionId",
                "type": "string"
              },
              {
                "name": "UserId",
                "type": "string"
              },
              {
                "name": "UserAuthenticatedId",
                "type": "string"
              },
              {
                "name": "UserAccountId",
                "type": "string"
              },
              {
                "name": "AppVersion",
                "type": "string"
              },
              {
                "name": "AppRoleName",
                "type": "string"
              },
              {
                "name": "AppRoleInstance",
                "type": "string"
              },
              {
                "name": "ClientType",
                "type": "string"
              },
              {
                "name": "ClientModel",
                "type": "string"
              },
              {
                "name": "ClientOS",
                "type": "string"
              },
              {
                "name": "ClientIP",
                "type": "string"
              },
              {
                "name": "ClientCity",
                "type": "string"
              },
              {
                "name": "ClientStateOrProvince",
                "type": "string"
              },
              {
                "name": "ClientCountryOrRegion",
                "type": "string"
              },
              {
                "name": "ClientBrowser",
                "type": "string"
              },
              {
                "name": "ResourceGUID",
                "type": "string"
              },
              {
                "name": "IKey",
                "type": "string"
              },
              {
                "name": "SDKVersion",
                "type": "string"
              },
              {
                "name": "SourceSystem",
                "type": "string"
              },
              {
                "name": "Type",
                "type": "string"
              },
              {
                "name": "_ResourceId",
                "type": "string"
              }
            ],
            "rows": [
              [
                "33283218-aeb0-4388-b0c0-77a9bf80a8d2",
                "2023-04-28T18:06:31.884777Z",
                "http.server.duration",
                1,
                1.323,
                1.323,
                1.323,
                "{\u0022http.flavor\u0022:\u00221.1\u0022,\u0022http.method\u0022:\u0022GET\u0022,\u0022http.route\u0022:\u0022/\u0022,\u0022http.scheme\u0022:\u0022http\u0022,\u0022http.status_code\u0022:\u0022200\u0022,\u0022net.host.name\u0022:\u0022localhost\u0022,\u0022net.host.port\u0022:\u00229999\u0022}",
                "",
                "",
                "",
                "",
                "",
                "",
                "",
                "",
                "",
                "DistroWebAppLiveTests",
                "Mac-1682703896607.local",
                "PC",
                "Other",
                "Other",
                "0.0.0.0",
                "Quincy",
                "Washington",
                "United States",
                "Other",
                "6cbe8a21-11ea-42f8-b456-19144d0c3dde",
                "375a4ad1-58c9-4f8f-bf21-7f483a813bd5",
                "dotnet6.0.16:otel1.4.0:ext1.0.0-alpha.20230428.4",
                "Azure",
                "AppMetrics",
                "/subscriptions/65b2f83e-7bf1-4be3-bafc-3a4163265a52/resourcegroups/rg-mothrmonitor/providers/microsoft.insights/components/tca5ef17935bdced8"
              ]
            ]
          }
        ]
      }
    },
    {
      "RequestUri": "https://api.loganalytics.io/v1/workspaces/33283218-aeb0-4388-b0c0-77a9bf80a8d2/query",
      "RequestMethod": "POST",
      "RequestHeaders": {
        "Accept": "application/json",
        "Authorization": "Sanitized",
        "Content-Length": "173",
        "Content-Type": "application/json",
        "traceparent": "00-bd0e826a075791a20a60372e1db9d38a-cd3c734a5275cd2f-00",
        "User-Agent": "azsdk-net-Monitor.Query/1.1.0 (.NET 7.0.5; Microsoft Windows 10.0.22621)",
        "x-ms-client-request-id": "81a2b3ba7733a0d6aa90a8311a66c02e",
        "x-ms-return-client-request-id": "true"
      },
      "RequestBody": {
        "query": "AppTraces | where Message == \u0027Message via ILogger\u0027 | where AppRoleName == \u0027DistroWebAppLiveTests\u0027 | top 1 by TimeGenerated",
        "timespan": "PT30M"
      },
      "StatusCode": 200,
      "ResponseHeaders": {
        "Access-Control-Allow-Origin": "*",
        "Access-Control-Expose-Headers": "Retry-After,Age,WWW-Authenticate,x-resource-identities,x-ms-status-location",
        "Age": "46",
        "Connection": "keep-alive",
        "Content-Length": "2044",
        "Content-Type": "application/json; charset=utf-8",
        "Date": "Fri, 28 Apr 2023 18:10:45 GMT",
        "Strict-Transport-Security": "max-age=15724800; includeSubDomains",
        "Vary": "Accept-Encoding",
        "Via": "1.1 draft-oms-585bfd996d-vknsj",
        "X-Content-Type-Options": "nosniff"
      },
      "ResponseBody": {
        "tables": [
          {
            "name": "PrimaryResult",
            "columns": [
              {
                "name": "TenantId",
                "type": "string"
              },
              {
                "name": "TimeGenerated",
                "type": "datetime"
              },
              {
                "name": "Message",
                "type": "string"
              },
              {
                "name": "SeverityLevel",
                "type": "int"
              },
              {
                "name": "Properties",
                "type": "dynamic"
              },
              {
                "name": "Measurements",
                "type": "dynamic"
              },
              {
                "name": "OperationName",
                "type": "string"
              },
              {
                "name": "OperationId",
                "type": "string"
              },
              {
                "name": "ParentId",
                "type": "string"
              },
              {
                "name": "SyntheticSource",
                "type": "string"
              },
              {
                "name": "SessionId",
                "type": "string"
              },
              {
                "name": "UserId",
                "type": "string"
              },
              {
                "name": "UserAuthenticatedId",
                "type": "string"
              },
              {
                "name": "UserAccountId",
                "type": "string"
              },
              {
                "name": "AppVersion",
                "type": "string"
              },
              {
                "name": "AppRoleName",
                "type": "string"
              },
              {
                "name": "AppRoleInstance",
                "type": "string"
              },
              {
                "name": "ClientType",
                "type": "string"
              },
              {
                "name": "ClientModel",
                "type": "string"
              },
              {
                "name": "ClientOS",
                "type": "string"
              },
              {
                "name": "ClientIP",
                "type": "string"
              },
              {
                "name": "ClientCity",
                "type": "string"
              },
              {
                "name": "ClientStateOrProvince",
                "type": "string"
              },
              {
                "name": "ClientCountryOrRegion",
                "type": "string"
              },
              {
                "name": "ClientBrowser",
                "type": "string"
              },
              {
                "name": "ResourceGUID",
                "type": "string"
              },
              {
                "name": "IKey",
                "type": "string"
              },
              {
                "name": "SDKVersion",
                "type": "string"
              },
              {
                "name": "ItemCount",
                "type": "int"
              },
              {
                "name": "ReferencedItemId",
                "type": "string"
              },
              {
                "name": "ReferencedType",
                "type": "string"
              },
              {
                "name": "SourceSystem",
                "type": "string"
              },
              {
                "name": "Type",
                "type": "string"
              },
              {
                "name": "_ResourceId",
                "type": "string"
              }
            ],
            "rows": [
              [
                "33283218-aeb0-4388-b0c0-77a9bf80a8d2",
                "2023-04-28T18:06:31.847871Z",
                "Message via ILogger",
                1,
                "{\u0022OriginalFormat\u0022:\u0022Message via ILogger\u0022}",
                null,
                "",
                "fa494dc92ba7a1a71affcb7c91f7314f",
                "a6a03876f36d6ca7",
                "",
                "",
                "",
                "",
                "",
                "",
                "DistroWebAppLiveTests",
                "Mac-1682703896607.local",
                "PC",
                "Other",
                "Other",
                "0.0.0.0",
                "Quincy",
                "Washington",
                "United States",
                "Other",
                "6cbe8a21-11ea-42f8-b456-19144d0c3dde",
                "375a4ad1-58c9-4f8f-bf21-7f483a813bd5",
                "dotnet6.0.16:otel1.4.0:ext1.0.0-alpha.20230428.4",
                1,
                "",
                "",
                "Azure",
                "AppTraces",
                "/subscriptions/65b2f83e-7bf1-4be3-bafc-3a4163265a52/resourcegroups/rg-mothrmonitor/providers/microsoft.insights/components/tca5ef17935bdced8"
              ]
            ]
          }
        ]
      }
    }
  ],
  "Variables": {
    "AZURE_AUTHORITY_HOST": "https://login.microsoftonline.com/",
    "CONNECTION_STRING": "InstrumentationKey=375a4ad1-58c9-4f8f-bf21-7f483a813bd5;IngestionEndpoint=https://westus-0.in.applicationinsights.azure.com/;LiveEndpoint=https://westus.livediagnostics.monitor.azure.com/",
    "LOGS_ENDPOINT": "https://api.loganalytics.io",
    "RandomSeed": "693464945",
    "WORKSPACE_ID": "33283218-aeb0-4388-b0c0-77a9bf80a8d2"
  }
}
