{
  "Entries": [
    {
      "RequestUri": "https://api.loganalytics.io/v1/workspaces/33d8a320-00c3-4ec8-a6a4-8692b07a6841/query",
      "RequestMethod": "POST",
      "RequestHeaders": {
        "Accept": "application/json",
        "Authorization": "Sanitized",
        "Content-Length": "196",
        "Content-Type": "application/json",
        "traceparent": "00-3ae412bd8ebb6506bff25c9d648b2613-9d75fdf0a8042c33-00",
        "User-Agent": "azsdk-net-Monitor.Query/1.1.0 (.NET 8.0.8; Microsoft Windows 10.0.22631)",
        "x-ms-client-request-id": "Sanitized",
        "x-ms-return-client-request-id": "true"
      },
      "RequestBody": {
        "query": "AppDependencies | where Data == 'http://localhost:9998/' | where AppRoleName == '[TestServiceNamespace]/TestServiceName' | top 1 by TimeGenerated",
        "timespan": "PT30M"
      },
      "StatusCode": 200,
      "ResponseHeaders": {
        "Access-Control-Allow-Origin": "*",
        "Access-Control-Expose-Headers": "Retry-After,Age,WWW-Authenticate,x-resource-identities,x-ms-status-location",
        "Age": "8",
        "Connection": "keep-alive",
        "Content-Length": "2545",
        "Content-Type": "application/json; charset=utf-8",
        "Date": "Wed, 11 Sep 2024 19:11:24 GMT",
        "Strict-Transport-Security": "max-age=15724800; includeSubDomains",
        "Vary": "Accept-Encoding",
        "Via": "1.1 draft-oms-6ddbddd5f9-jm622",
        "X-Content-Type-Options": "nosniff"
      },
      "ResponseBody": {
        "tables": [
          {
            "name": "PrimaryResult",
            "columns": [
              {
                "name": "TenantId",
                "type": "string"
              },
              {
                "name": "TimeGenerated",
                "type": "datetime"
              },
              {
                "name": "Id",
                "type": "string"
              },
              {
                "name": "Target",
                "type": "string"
              },
              {
                "name": "DependencyType",
                "type": "string"
              },
              {
                "name": "Name",
                "type": "string"
              },
              {
                "name": "Data",
                "type": "string"
              },
              {
                "name": "Success",
                "type": "bool"
              },
              {
                "name": "ResultCode",
                "type": "string"
              },
              {
                "name": "DurationMs",
                "type": "real"
              },
              {
                "name": "PerformanceBucket",
                "type": "string"
              },
              {
                "name": "Properties",
                "type": "dynamic"
              },
              {
                "name": "Measurements",
                "type": "dynamic"
              },
              {
                "name": "OperationName",
                "type": "string"
              },
              {
                "name": "OperationId",
                "type": "string"
              },
              {
                "name": "ParentId",
                "type": "string"
              },
              {
                "name": "SyntheticSource",
                "type": "string"
              },
              {
                "name": "SessionId",
                "type": "string"
              },
              {
                "name": "UserId",
                "type": "string"
              },
              {
                "name": "UserAuthenticatedId",
                "type": "string"
              },
              {
                "name": "UserAccountId",
                "type": "string"
              },
              {
                "name": "AppVersion",
                "type": "string"
              },
              {
                "name": "AppRoleName",
                "type": "string"
              },
              {
                "name": "AppRoleInstance",
                "type": "string"
              },
              {
                "name": "ClientType",
                "type": "string"
              },
              {
                "name": "ClientModel",
                "type": "string"
              },
              {
                "name": "ClientOS",
                "type": "string"
              },
              {
                "name": "ClientIP",
                "type": "string"
              },
              {
                "name": "ClientCity",
                "type": "string"
              },
              {
                "name": "ClientStateOrProvince",
                "type": "string"
              },
              {
                "name": "ClientCountryOrRegion",
                "type": "string"
              },
              {
                "name": "ClientBrowser",
                "type": "string"
              },
              {
                "name": "ResourceGUID",
                "type": "string"
              },
              {
                "name": "IKey",
                "type": "string"
              },
              {
                "name": "SDKVersion",
                "type": "string"
              },
              {
                "name": "ItemCount",
                "type": "int"
              },
              {
                "name": "ReferencedItemId",
                "type": "string"
              },
              {
                "name": "ReferencedType",
                "type": "string"
              },
              {
                "name": "SourceSystem",
                "type": "string"
              },
              {
                "name": "Type",
                "type": "string"
              },
              {
                "name": "_ResourceId",
                "type": "string"
              }
            ],
            "rows": [
              [
                "33d8a320-00c3-4ec8-a6a4-8692b07a6841",
                "2024-09-11T19:08:05.6771397Z",
                "a8dbe2f47de9520d",
                "localhost:9998",
                "HTTP",
                "GET /",
                "http://localhost:9998/",
                true,
                "200",
                3.3064,
                "<250ms",
                "{\"network.protocol.version\":\"1.1\",\"CustomProperty1\":\"Value1\",\"_MS.ProcessedByMetricExtractors\":\"(Name: X,Ver:'1.1')\"}",
                null,
                "",
                "afdfc0a94e8f58a9101da682a3462054",
                "afdfc0a94e8f58a9101da682a3462054",
                "",
                "",
                "",
                "TestAuthenticatedUserId",
                "",
                "TestServiceVersion",
                "[TestServiceNamespace]/TestServiceName",
                "TestServiceInstance",
                "PC",
                "Other",
                "Windows 10",
                "0.0.0.0",
                "Quincy",
                "Washington",
                "United States",
                "Other",
                "a98f261a-124b-425a-931e-8dc00af2e65c",
                "53e1f7f0-9975-4995-830a-414a26e9450a",
                "dotnet8.0.8:otel1.9.0:ext1.4.0-alpha.20240911-d",
                1,
                "",
                "",
                "Azure",
                "AppDependencies",
                "/subscriptions/65b2f83e-7bf1-4be3-bafc-3a4163265a52/resourcegroups/tileetest06201346/providers/microsoft.insights/components/te3fca6a3c26958b8-ai-1"
              ]
            ]
          }
        ]
      }
    },
    {
      "RequestUri": "https://api.loganalytics.io/v1/workspaces/33d8a320-00c3-4ec8-a6a4-8692b07a6841/query",
      "RequestMethod": "POST",
      "RequestHeaders": {
        "Accept": "application/json",
        "Authorization": "Sanitized",
        "Content-Length": "191",
        "Content-Type": "application/json",
        "traceparent": "00-a5c64eb9fb29a791706fddbf386ba8c5-1ee44845634cfecb-00",
        "User-Agent": "azsdk-net-Monitor.Query/1.1.0 (.NET 8.0.8; Microsoft Windows 10.0.22631)",
        "x-ms-client-request-id": "Sanitized",
        "x-ms-return-client-request-id": "true"
      },
      "RequestBody": {
        "query": "AppRequests | where Url == 'http://localhost:9998/' | where AppRoleName == '[TestServiceNamespace]/TestServiceName' | top 1 by TimeGenerated",
        "timespan": "PT30M"
      },
      "StatusCode": 200,
      "ResponseHeaders": {
        "Access-Control-Allow-Origin": "*",
        "Access-Control-Expose-Headers": "Retry-After,Age,WWW-Authenticate,x-resource-identities,x-ms-status-location",
        "Age": "7",
        "Connection": "keep-alive",
        "Content-Length": "2514",
        "Content-Type": "application/json; charset=utf-8",
        "Date": "Wed, 11 Sep 2024 19:11:24 GMT",
        "Strict-Transport-Security": "max-age=15724800; includeSubDomains",
        "Vary": "Accept-Encoding",
        "Via": "1.1 draft-oms-6ddbddd5f9-qbmtf",
        "X-Content-Type-Options": "nosniff"
      },
      "ResponseBody": {
        "tables": [
          {
            "name": "PrimaryResult",
            "columns": [
              {
                "name": "TenantId",
                "type": "string"
              },
              {
                "name": "TimeGenerated",
                "type": "datetime"
              },
              {
                "name": "Id",
                "type": "string"
              },
              {
                "name": "Source",
                "type": "string"
              },
              {
                "name": "Name",
                "type": "string"
              },
              {
                "name": "Url",
                "type": "string"
              },
              {
                "name": "Success",
                "type": "bool"
              },
              {
                "name": "ResultCode",
                "type": "string"
              },
              {
                "name": "DurationMs",
                "type": "real"
              },
              {
                "name": "PerformanceBucket",
                "type": "string"
              },
              {
                "name": "Properties",
                "type": "dynamic"
              },
              {
                "name": "Measurements",
                "type": "dynamic"
              },
              {
                "name": "OperationName",
                "type": "string"
              },
              {
                "name": "OperationId",
                "type": "string"
              },
              {
                "name": "OperationLinks",
                "type": "dynamic"
              },
              {
                "name": "ParentId",
                "type": "string"
              },
              {
                "name": "SyntheticSource",
                "type": "string"
              },
              {
                "name": "SessionId",
                "type": "string"
              },
              {
                "name": "UserId",
                "type": "string"
              },
              {
                "name": "UserAuthenticatedId",
                "type": "string"
              },
              {
                "name": "UserAccountId",
                "type": "string"
              },
              {
                "name": "AppVersion",
                "type": "string"
              },
              {
                "name": "AppRoleName",
                "type": "string"
              },
              {
                "name": "AppRoleInstance",
                "type": "string"
              },
              {
                "name": "ClientType",
                "type": "string"
              },
              {
                "name": "ClientModel",
                "type": "string"
              },
              {
                "name": "ClientOS",
                "type": "string"
              },
              {
                "name": "ClientIP",
                "type": "string"
              },
              {
                "name": "ClientCity",
                "type": "string"
              },
              {
                "name": "ClientStateOrProvince",
                "type": "string"
              },
              {
                "name": "ClientCountryOrRegion",
                "type": "string"
              },
              {
                "name": "ClientBrowser",
                "type": "string"
              },
              {
                "name": "ResourceGUID",
                "type": "string"
              },
              {
                "name": "IKey",
                "type": "string"
              },
              {
                "name": "SDKVersion",
                "type": "string"
              },
              {
                "name": "ItemCount",
                "type": "int"
              },
              {
                "name": "ReferencedItemId",
                "type": "string"
              },
              {
                "name": "ReferencedType",
                "type": "string"
              },
              {
                "name": "SourceSystem",
                "type": "string"
              },
              {
                "name": "Type",
                "type": "string"
              },
              {
                "name": "_ResourceId",
                "type": "string"
              }
            ],
            "rows": [
              [
                "33d8a320-00c3-4ec8-a6a4-8692b07a6841",
                "2024-09-11T19:08:05.6790279Z",
                "52206518d825c398",
                "",
                "GET /",
                "http://localhost:9998/",
                true,
                "200",
                1.3723,
                "<250ms",
                "{\"network.protocol.version\":\"1.1\",\"CustomProperty1\":\"Value1\",\"_MS.ProcessedByMetricExtractors\":\"(Name: X,Ver:'1.1')\"}",
                null,
                "GET /",
                "afdfc0a94e8f58a9101da682a3462054",
                null,
                "a8dbe2f47de9520d",
                "",
                "",
                "",
                "TestAuthenticatedUserId",
                "",
                "TestServiceVersion",
                "[TestServiceNamespace]/TestServiceName",
                "TestServiceInstance",
                "PC",
                "Other",
                "Windows 10",
                "0.0.0.0",
                "Quincy",
                "Washington",
                "United States",
                "Other",
                "a98f261a-124b-425a-931e-8dc00af2e65c",
                "53e1f7f0-9975-4995-830a-414a26e9450a",
                "dotnet8.0.8:otel1.9.0:ext1.4.0-alpha.20240911-d",
                1,
                "",
                "",
                "Azure",
                "AppRequests",
                "/subscriptions/65b2f83e-7bf1-4be3-bafc-3a4163265a52/resourcegroups/tileetest06201346/providers/microsoft.insights/components/te3fca6a3c26958b8-ai-1"
              ]
            ]
          }
        ]
      }
    },
    {
      "RequestUri": "https://api.loganalytics.io/v1/workspaces/33d8a320-00c3-4ec8-a6a4-8692b07a6841/query",
      "RequestMethod": "POST",
      "RequestHeaders": {
        "Accept": "application/json",
        "Authorization": "Sanitized",
        "Content-Length": "270",
        "Content-Type": "application/json",
        "traceparent": "00-f6e7f95abc19f1976c26f8b0faa4a780-0d9f531bcc0f95ea-00",
        "User-Agent": "azsdk-net-Monitor.Query/1.1.0 (.NET 8.0.8; Microsoft Windows 10.0.22631)",
        "x-ms-client-request-id": "Sanitized",
        "x-ms-return-client-request-id": "true"
      },
      "RequestBody": {
        "query": "AppMetrics | where Name == 'http.client.request.duration' | where AppRoleName == '[TestServiceNamespace]/TestServiceName' | where Properties.['server.address'] == 'localhost' | top 1 by TimeGenerated",
        "timespan": "PT30M"
      },
      "StatusCode": 200,
      "ResponseHeaders": {
        "Access-Control-Allow-Origin": "*",
        "Access-Control-Expose-Headers": "Retry-After,Age,WWW-Authenticate,x-resource-identities,x-ms-status-location",
        "Age": "7",
        "Connection": "keep-alive",
        "Content-Length": "2131",
        "Content-Type": "application/json; charset=utf-8",
        "Date": "Wed, 11 Sep 2024 19:11:24 GMT",
        "Strict-Transport-Security": "max-age=15724800; includeSubDomains",
        "Vary": "Accept-Encoding",
        "Via": "1.1 draft-oms-6ddbddd5f9-49vks",
        "X-Content-Type-Options": "nosniff"
      },
      "ResponseBody": {
        "tables": [
          {
            "name": "PrimaryResult",
            "columns": [
              {
                "name": "TenantId",
                "type": "string"
              },
              {
                "name": "TimeGenerated",
                "type": "datetime"
              },
              {
                "name": "Name",
                "type": "string"
              },
              {
                "name": "ItemCount",
                "type": "int"
              },
              {
                "name": "Sum",
                "type": "real"
              },
              {
                "name": "Min",
                "type": "real"
              },
              {
                "name": "Max",
                "type": "real"
              },
              {
                "name": "Properties",
                "type": "dynamic"
              },
              {
                "name": "OperationName",
                "type": "string"
              },
              {
                "name": "OperationId",
                "type": "string"
              },
              {
                "name": "ParentId",
                "type": "string"
              },
              {
                "name": "SyntheticSource",
                "type": "string"
              },
              {
                "name": "SessionId",
                "type": "string"
              },
              {
                "name": "UserId",
                "type": "string"
              },
              {
                "name": "UserAuthenticatedId",
                "type": "string"
              },
              {
                "name": "UserAccountId",
                "type": "string"
              },
              {
                "name": "AppVersion",
                "type": "string"
              },
              {
                "name": "AppRoleName",
                "type": "string"
              },
              {
                "name": "AppRoleInstance",
                "type": "string"
              },
              {
                "name": "ClientType",
                "type": "string"
              },
              {
                "name": "ClientModel",
                "type": "string"
              },
              {
                "name": "ClientOS",
                "type": "string"
              },
              {
                "name": "ClientIP",
                "type": "string"
              },
              {
                "name": "ClientCity",
                "type": "string"
              },
              {
                "name": "ClientStateOrProvince",
                "type": "string"
              },
              {
                "name": "ClientCountryOrRegion",
                "type": "string"
              },
              {
                "name": "ClientBrowser",
                "type": "string"
              },
              {
                "name": "ResourceGUID",
                "type": "string"
              },
              {
                "name": "IKey",
                "type": "string"
              },
              {
                "name": "SDKVersion",
                "type": "string"
              },
              {
                "name": "SourceSystem",
                "type": "string"
              },
              {
                "name": "Type",
                "type": "string"
              },
              {
                "name": "_ResourceId",
                "type": "string"
              }
            ],
            "rows": [
              [
                "33d8a320-00c3-4ec8-a6a4-8692b07a6841",
                "2024-09-11T19:08:05.8171598Z",
                "http.client.request.duration",
                1,
                0.0035298,
                0.0035298,
                0.0035298,
                "{\"http.request.method\":\"GET\",\"http.response.status_code\":\"200\",\"network.protocol.version\":\"1.1\",\"server.address\":\"localhost\",\"server.port\":\"9998\",\"url.scheme\":\"http\"}",
                "",
                "",
                "",
                "",
                "",
                "",
                "",
                "",
                "TestServiceVersion",
                "[TestServiceNamespace]/TestServiceName",
                "TestServiceInstance",
                "PC",
                "Other",
                "Windows 10",
                "0.0.0.0",
                "Quincy",
                "Washington",
                "United States",
                "Other",
                "a98f261a-124b-425a-931e-8dc00af2e65c",
                "53e1f7f0-9975-4995-830a-414a26e9450a",
                "dotnet8.0.8:otel1.9.0:ext1.4.0-alpha.20240911-d",
                "Azure",
                "AppMetrics",
                "/subscriptions/65b2f83e-7bf1-4be3-bafc-3a4163265a52/resourcegroups/tileetest06201346/providers/microsoft.insights/components/te3fca6a3c26958b8-ai-1"
              ]
            ]
          }
        ]
      }
    },
    {
      "RequestUri": "https://api.loganalytics.io/v1/workspaces/33d8a320-00c3-4ec8-a6a4-8692b07a6841/query",
      "RequestMethod": "POST",
      "RequestHeaders": {
        "Accept": "application/json",
        "Authorization": "Sanitized",
        "Content-Length": "197",
        "Content-Type": "application/json",
        "traceparent": "00-80cc168fcbe9b3d45e3c2060f2bce480-4822cb5291c52d10-00",
        "User-Agent": "azsdk-net-Monitor.Query/1.1.0 (.NET 8.0.8; Microsoft Windows 10.0.22631)",
        "x-ms-client-request-id": "Sanitized",
        "x-ms-return-client-request-id": "true"
      },
      "RequestBody": {
        "query": "AppMetrics | where Name == 'http.server.request.duration' | where AppRoleName == '[TestServiceNamespace]/TestServiceName' | top 1 by TimeGenerated",
        "timespan": "PT30M"
      },
      "StatusCode": 200,
      "ResponseHeaders": {
        "Access-Control-Allow-Origin": "*",
        "Access-Control-Expose-Headers": "Retry-After,Age,WWW-Authenticate,x-resource-identities,x-ms-status-location",
        "Age": "3",
        "Connection": "keep-alive",
        "Content-Length": "2091",
        "Content-Type": "application/json; charset=utf-8",
        "Date": "Wed, 11 Sep 2024 19:11:24 GMT",
        "Strict-Transport-Security": "max-age=15724800; includeSubDomains",
        "Vary": "Accept-Encoding",
        "Via": "1.1 draft-oms-6ddbddd5f9-hwbkx",
        "X-Content-Type-Options": "nosniff"
      },
      "ResponseBody": {
        "tables": [
          {
            "name": "PrimaryResult",
            "columns": [
              {
                "name": "TenantId",
                "type": "string"
              },
              {
                "name": "TimeGenerated",
                "type": "datetime"
              },
              {
                "name": "Name",
                "type": "string"
              },
              {
                "name": "ItemCount",
                "type": "int"
              },
              {
                "name": "Sum",
                "type": "real"
              },
              {
                "name": "Min",
                "type": "real"
              },
              {
                "name": "Max",
                "type": "real"
              },
              {
                "name": "Properties",
                "type": "dynamic"
              },
              {
                "name": "OperationName",
                "type": "string"
              },
              {
                "name": "OperationId",
                "type": "string"
              },
              {
                "name": "ParentId",
                "type": "string"
              },
              {
                "name": "SyntheticSource",
                "type": "string"
              },
              {
                "name": "SessionId",
                "type": "string"
              },
              {
                "name": "UserId",
                "type": "string"
              },
              {
                "name": "UserAuthenticatedId",
                "type": "string"
              },
              {
                "name": "UserAccountId",
                "type": "string"
              },
              {
                "name": "AppVersion",
                "type": "string"
              },
              {
                "name": "AppRoleName",
                "type": "string"
              },
              {
                "name": "AppRoleInstance",
                "type": "string"
              },
              {
                "name": "ClientType",
                "type": "string"
              },
              {
                "name": "ClientModel",
                "type": "string"
              },
              {
                "name": "ClientOS",
                "type": "string"
              },
              {
                "name": "ClientIP",
                "type": "string"
              },
              {
                "name": "ClientCity",
                "type": "string"
              },
              {
                "name": "ClientStateOrProvince",
                "type": "string"
              },
              {
                "name": "ClientCountryOrRegion",
                "type": "string"
              },
              {
                "name": "ClientBrowser",
                "type": "string"
              },
              {
                "name": "ResourceGUID",
                "type": "string"
              },
              {
                "name": "IKey",
                "type": "string"
              },
              {
                "name": "SDKVersion",
                "type": "string"
              },
              {
                "name": "SourceSystem",
                "type": "string"
              },
              {
                "name": "Type",
                "type": "string"
              },
              {
                "name": "_ResourceId",
                "type": "string"
              }
            ],
            "rows": [
              [
                "33d8a320-00c3-4ec8-a6a4-8692b07a6841",
                "2024-09-11T19:08:05.8171643Z",
                "http.server.request.duration",
                1,
                0.001328,
                0.001328,
                0.001328,
                "{\"http.request.method\":\"GET\",\"http.response.status_code\":\"200\",\"http.route\":\"/\",\"network.protocol.version\":\"1.1\",\"url.scheme\":\"http\"}",
                "",
                "",
                "",
                "",
                "",
                "",
                "",
                "",
                "TestServiceVersion",
                "[TestServiceNamespace]/TestServiceName",
                "TestServiceInstance",
                "PC",
                "Other",
                "Windows 10",
                "0.0.0.0",
                "Quincy",
                "Washington",
                "United States",
                "Other",
                "a98f261a-124b-425a-931e-8dc00af2e65c",
                "53e1f7f0-9975-4995-830a-414a26e9450a",
                "dotnet8.0.8:otel1.9.0:ext1.4.0-alpha.20240911-d",
                "Azure",
                "AppMetrics",
                "/subscriptions/65b2f83e-7bf1-4be3-bafc-3a4163265a52/resourcegroups/tileetest06201346/providers/microsoft.insights/components/te3fca6a3c26958b8-ai-1"
              ]
            ]
          }
        ]
      }
    },
    {
      "RequestUri": "https://api.loganalytics.io/v1/workspaces/33d8a320-00c3-4ec8-a6a4-8692b07a6841/query",
      "RequestMethod": "POST",
      "RequestHeaders": {
        "Accept": "application/json",
        "Authorization": "Sanitized",
        "Content-Length": "190",
        "Content-Type": "application/json",
        "traceparent": "00-69987d034e04ab4f523f80a3436b76ec-d2ada63df61a97fe-00",
        "User-Agent": "azsdk-net-Monitor.Query/1.1.0 (.NET 8.0.8; Microsoft Windows 10.0.22631)",
        "x-ms-client-request-id": "Sanitized",
        "x-ms-return-client-request-id": "true"
      },
      "RequestBody": {
        "query": "AppTraces | where Message == 'Message via ILogger' | where AppRoleName == '[TestServiceNamespace]/TestServiceName' | top 1 by TimeGenerated",
        "timespan": "PT30M"
      },
      "StatusCode": 200,
      "ResponseHeaders": {
        "Access-Control-Allow-Origin": "*",
        "Access-Control-Expose-Headers": "Retry-After,Age,WWW-Authenticate,x-resource-identities,x-ms-status-location",
        "Age": "2",
        "Connection": "keep-alive",
        "Content-Length": "2084",
        "Content-Type": "application/json; charset=utf-8",
        "Date": "Wed, 11 Sep 2024 19:11:24 GMT",
        "Strict-Transport-Security": "max-age=15724800; includeSubDomains",
        "Vary": "Accept-Encoding",
        "Via": "1.1 draft-oms-6ddbddd5f9-v7lz4",
        "X-Content-Type-Options": "nosniff"
      },
      "ResponseBody": {
        "tables": [
          {
            "name": "PrimaryResult",
            "columns": [
              {
                "name": "TenantId",
                "type": "string"
              },
              {
                "name": "TimeGenerated",
                "type": "datetime"
              },
              {
                "name": "Message",
                "type": "string"
              },
              {
                "name": "SeverityLevel",
                "type": "int"
              },
              {
                "name": "Properties",
                "type": "dynamic"
              },
              {
                "name": "Measurements",
                "type": "dynamic"
              },
              {
                "name": "OperationName",
                "type": "string"
              },
              {
                "name": "OperationId",
                "type": "string"
              },
              {
                "name": "ParentId",
                "type": "string"
              },
              {
                "name": "SyntheticSource",
                "type": "string"
              },
              {
                "name": "SessionId",
                "type": "string"
              },
              {
                "name": "UserId",
                "type": "string"
              },
              {
                "name": "UserAuthenticatedId",
                "type": "string"
              },
              {
                "name": "UserAccountId",
                "type": "string"
              },
              {
                "name": "AppVersion",
                "type": "string"
              },
              {
                "name": "AppRoleName",
                "type": "string"
              },
              {
                "name": "AppRoleInstance",
                "type": "string"
              },
              {
                "name": "ClientType",
                "type": "string"
              },
              {
                "name": "ClientModel",
                "type": "string"
              },
              {
                "name": "ClientOS",
                "type": "string"
              },
              {
                "name": "ClientIP",
                "type": "string"
              },
              {
                "name": "ClientCity",
                "type": "string"
              },
              {
                "name": "ClientStateOrProvince",
                "type": "string"
              },
              {
                "name": "ClientCountryOrRegion",
                "type": "string"
              },
              {
                "name": "ClientBrowser",
                "type": "string"
              },
              {
                "name": "ResourceGUID",
                "type": "string"
              },
              {
                "name": "IKey",
                "type": "string"
              },
              {
                "name": "SDKVersion",
                "type": "string"
              },
              {
                "name": "ItemCount",
                "type": "int"
              },
              {
                "name": "ReferencedItemId",
                "type": "string"
              },
              {
                "name": "ReferencedType",
                "type": "string"
              },
              {
                "name": "SourceSystem",
                "type": "string"
              },
              {
                "name": "Type",
                "type": "string"
              },
              {
                "name": "_ResourceId",
                "type": "string"
              }
            ],
            "rows": [
              [
                "33d8a320-00c3-4ec8-a6a4-8692b07a6841",
                "2024-09-11T19:08:05.6802073Z",
                "Message via ILogger",
                1,
                "{\"CategoryName\":\"CustomCategoryName\"}",
                null,
                "",
                "afdfc0a94e8f58a9101da682a3462054",
                "52206518d825c398",
                "",
                "",
                "",
                "",
                "",
                "TestServiceVersion",
                "[TestServiceNamespace]/TestServiceName",
                "TestServiceInstance",
                "PC",
                "Other",
                "Windows 10",
                "0.0.0.0",
                "Quincy",
                "Washington",
                "United States",
                "Other",
                "a98f261a-124b-425a-931e-8dc00af2e65c",
                "53e1f7f0-9975-4995-830a-414a26e9450a",
                "dotnet8.0.8:otel1.9.0:ext1.4.0-alpha.20240911-d",
                1,
                "",
                "",
                "Azure",
                "AppTraces",
                "/subscriptions/65b2f83e-7bf1-4be3-bafc-3a4163265a52/resourcegroups/tileetest06201346/providers/microsoft.insights/components/te3fca6a3c26958b8-ai-1"
              ]
            ]
          }
        ]
      }
    },
    {
      "RequestUri": "https://api.loganalytics.io/v1/workspaces/e1407f81-4e84-4943-843a-0494dd4700e5/query",
      "RequestMethod": "POST",
      "RequestHeaders": {
        "Accept": "application/json",
        "Authorization": "Sanitized",
        "Content-Length": "196",
        "Content-Type": "application/json",
        "traceparent": "00-b7f47f8e3bb356f1b0edf92ef9893072-75fae55d8ab53562-00",
        "User-Agent": "azsdk-net-Monitor.Query/1.1.0 (.NET 8.0.8; Microsoft Windows 10.0.22631)",
        "x-ms-client-request-id": "Sanitized",
        "x-ms-return-client-request-id": "true"
      },
      "RequestBody": {
        "query": "AppDependencies | where Data == 'http://localhost:9998/' | where AppRoleName == '[TestServiceNamespace]/TestServiceName' | top 1 by TimeGenerated",
        "timespan": "PT30M"
      },
      "StatusCode": 200,
      "ResponseHeaders": {
        "Access-Control-Allow-Origin": "*",
        "Access-Control-Expose-Headers": "Retry-After,Age,WWW-Authenticate,x-resource-identities,x-ms-status-location",
        "Connection": "keep-alive",
        "Content-Length": "2545",
        "Content-Type": "application/json; charset=utf-8",
        "Date": "Wed, 11 Sep 2024 19:11:25 GMT",
        "Strict-Transport-Security": "max-age=15724800; includeSubDomains",
        "Vary": "Accept-Encoding",
        "Via": "1.1 draft-oms-6ddbddd5f9-whk54",
        "X-Content-Type-Options": "nosniff"
      },
      "ResponseBody": {
        "tables": [
          {
            "name": "PrimaryResult",
            "columns": [
              {
                "name": "TenantId",
                "type": "string"
              },
              {
                "name": "TimeGenerated",
                "type": "datetime"
              },
              {
                "name": "Id",
                "type": "string"
              },
              {
                "name": "Target",
                "type": "string"
              },
              {
                "name": "DependencyType",
                "type": "string"
              },
              {
                "name": "Name",
                "type": "string"
              },
              {
                "name": "Data",
                "type": "string"
              },
              {
                "name": "Success",
                "type": "bool"
              },
              {
                "name": "ResultCode",
                "type": "string"
              },
              {
                "name": "DurationMs",
                "type": "real"
              },
              {
                "name": "PerformanceBucket",
                "type": "string"
              },
              {
                "name": "Properties",
                "type": "dynamic"
              },
              {
                "name": "Measurements",
                "type": "dynamic"
              },
              {
                "name": "OperationName",
                "type": "string"
              },
              {
                "name": "OperationId",
                "type": "string"
              },
              {
                "name": "ParentId",
                "type": "string"
              },
              {
                "name": "SyntheticSource",
                "type": "string"
              },
              {
                "name": "SessionId",
                "type": "string"
              },
              {
                "name": "UserId",
                "type": "string"
              },
              {
                "name": "UserAuthenticatedId",
                "type": "string"
              },
              {
                "name": "UserAccountId",
                "type": "string"
              },
              {
                "name": "AppVersion",
                "type": "string"
              },
              {
                "name": "AppRoleName",
                "type": "string"
              },
              {
                "name": "AppRoleInstance",
                "type": "string"
              },
              {
                "name": "ClientType",
                "type": "string"
              },
              {
                "name": "ClientModel",
                "type": "string"
              },
              {
                "name": "ClientOS",
                "type": "string"
              },
              {
                "name": "ClientIP",
                "type": "string"
              },
              {
                "name": "ClientCity",
                "type": "string"
              },
              {
                "name": "ClientStateOrProvince",
                "type": "string"
              },
              {
                "name": "ClientCountryOrRegion",
                "type": "string"
              },
              {
                "name": "ClientBrowser",
                "type": "string"
              },
              {
                "name": "ResourceGUID",
                "type": "string"
              },
              {
                "name": "IKey",
                "type": "string"
              },
              {
                "name": "SDKVersion",
                "type": "string"
              },
              {
                "name": "ItemCount",
                "type": "int"
              },
              {
                "name": "ReferencedItemId",
                "type": "string"
              },
              {
                "name": "ReferencedType",
                "type": "string"
              },
              {
                "name": "SourceSystem",
                "type": "string"
              },
              {
                "name": "Type",
                "type": "string"
              },
              {
                "name": "_ResourceId",
                "type": "string"
              }
            ],
            "rows": [
              [
                "e1407f81-4e84-4943-843a-0494dd4700e5",
                "2024-09-11T19:08:05.6771397Z",
                "a8dbe2f47de9520d",
                "localhost:9998",
                "HTTP",
                "GET /",
                "http://localhost:9998/",
                true,
                "200",
                3.3064,
                "<250ms",
                "{\"_MS.ProcessedByMetricExtractors\":\"(Name: X,Ver:'1.1')\",\"CustomProperty1\":\"Value1\",\"network.protocol.version\":\"1.1\"}",
                null,
                "",
                "afdfc0a94e8f58a9101da682a3462054",
                "afdfc0a94e8f58a9101da682a3462054",
                "",
                "",
                "",
                "TestAuthenticatedUserId",
                "",
                "TestServiceVersion",
                "[TestServiceNamespace]/TestServiceName",
                "TestServiceInstance",
                "PC",
                "Other",
                "Windows 10",
                "0.0.0.0",
                "Quincy",
                "Washington",
                "United States",
                "Other",
                "d64e2b0b-7f11-41ec-b85e-5bd69ee688e2",
                "3f8e759a-2c28-4cc7-b260-9b343fb2a3ff",
                "dotnet8.0.8:otel1.9.0:ext1.4.0-alpha.20240911-d",
                1,
                "",
                "",
                "Azure",
                "AppDependencies",
                "/subscriptions/65b2f83e-7bf1-4be3-bafc-3a4163265a52/resourcegroups/tileetest06201346/providers/microsoft.insights/components/te3fca6a3c26958b8-ai-2"
              ]
            ]
          }
        ]
      }
    },
    {
      "RequestUri": "https://api.loganalytics.io/v1/workspaces/33d8a320-00c3-4ec8-a6a4-8692b07a6841/query",
      "RequestMethod": "POST",
      "RequestHeaders": {
        "Accept": "application/json",
        "Authorization": "Sanitized",
        "Content-Length": "191",
        "Content-Type": "application/json",
        "traceparent": "00-ddcc58cdcfe24e8b3344d7d4ea70c024-7c2d279573d8238e-00",
        "User-Agent": "azsdk-net-Monitor.Query/1.1.0 (.NET 8.0.8; Microsoft Windows 10.0.22631)",
        "x-ms-client-request-id": "Sanitized",
        "x-ms-return-client-request-id": "true"
      },
      "RequestBody": {
        "query": "AppRequests | where Url == 'http://localhost:9998/' | where AppRoleName == '[TestServiceNamespace]/TestServiceName' | top 1 by TimeGenerated",
        "timespan": "PT30M"
      },
      "StatusCode": 200,
      "ResponseHeaders": {
        "Access-Control-Allow-Origin": "*",
        "Access-Control-Expose-Headers": "Retry-After,Age,WWW-Authenticate,x-resource-identities,x-ms-status-location",
        "Age": "9",
        "Connection": "keep-alive",
        "Content-Length": "2514",
        "Content-Type": "application/json; charset=utf-8",
        "Date": "Wed, 11 Sep 2024 19:11:25 GMT",
        "Strict-Transport-Security": "max-age=15724800; includeSubDomains",
        "Vary": "Accept-Encoding",
        "Via": "1.1 draft-oms-6ddbddd5f9-kmpvj",
        "X-Content-Type-Options": "nosniff"
      },
      "ResponseBody": {
        "tables": [
          {
            "name": "PrimaryResult",
            "columns": [
              {
                "name": "TenantId",
                "type": "string"
              },
              {
                "name": "TimeGenerated",
                "type": "datetime"
              },
              {
                "name": "Id",
                "type": "string"
              },
              {
                "name": "Source",
                "type": "string"
              },
              {
                "name": "Name",
                "type": "string"
              },
              {
                "name": "Url",
                "type": "string"
              },
              {
                "name": "Success",
                "type": "bool"
              },
              {
                "name": "ResultCode",
                "type": "string"
              },
              {
                "name": "DurationMs",
                "type": "real"
              },
              {
                "name": "PerformanceBucket",
                "type": "string"
              },
              {
                "name": "Properties",
                "type": "dynamic"
              },
              {
                "name": "Measurements",
                "type": "dynamic"
              },
              {
                "name": "OperationName",
                "type": "string"
              },
              {
                "name": "OperationId",
                "type": "string"
              },
              {
                "name": "OperationLinks",
                "type": "dynamic"
              },
              {
                "name": "ParentId",
                "type": "string"
              },
              {
                "name": "SyntheticSource",
                "type": "string"
              },
              {
                "name": "SessionId",
                "type": "string"
              },
              {
                "name": "UserId",
                "type": "string"
              },
              {
                "name": "UserAuthenticatedId",
                "type": "string"
              },
              {
                "name": "UserAccountId",
                "type": "string"
              },
              {
                "name": "AppVersion",
                "type": "string"
              },
              {
                "name": "AppRoleName",
                "type": "string"
              },
              {
                "name": "AppRoleInstance",
                "type": "string"
              },
              {
                "name": "ClientType",
                "type": "string"
              },
              {
                "name": "ClientModel",
                "type": "string"
              },
              {
                "name": "ClientOS",
                "type": "string"
              },
              {
                "name": "ClientIP",
                "type": "string"
              },
              {
                "name": "ClientCity",
                "type": "string"
              },
              {
                "name": "ClientStateOrProvince",
                "type": "string"
              },
              {
                "name": "ClientCountryOrRegion",
                "type": "string"
              },
              {
                "name": "ClientBrowser",
                "type": "string"
              },
              {
                "name": "ResourceGUID",
                "type": "string"
              },
              {
                "name": "IKey",
                "type": "string"
              },
              {
                "name": "SDKVersion",
                "type": "string"
              },
              {
                "name": "ItemCount",
                "type": "int"
              },
              {
                "name": "ReferencedItemId",
                "type": "string"
              },
              {
                "name": "ReferencedType",
                "type": "string"
              },
              {
                "name": "SourceSystem",
                "type": "string"
              },
              {
                "name": "Type",
                "type": "string"
              },
              {
                "name": "_ResourceId",
                "type": "string"
              }
            ],
            "rows": [
              [
                "33d8a320-00c3-4ec8-a6a4-8692b07a6841",
                "2024-09-11T19:08:05.6790279Z",
                "52206518d825c398",
                "",
                "GET /",
                "http://localhost:9998/",
                true,
                "200",
                1.3723,
                "<250ms",
                "{\"network.protocol.version\":\"1.1\",\"CustomProperty1\":\"Value1\",\"_MS.ProcessedByMetricExtractors\":\"(Name: X,Ver:'1.1')\"}",
                null,
                "GET /",
                "afdfc0a94e8f58a9101da682a3462054",
                null,
                "a8dbe2f47de9520d",
                "",
                "",
                "",
                "TestAuthenticatedUserId",
                "",
                "TestServiceVersion",
                "[TestServiceNamespace]/TestServiceName",
                "TestServiceInstance",
                "PC",
                "Other",
                "Windows 10",
                "0.0.0.0",
                "Quincy",
                "Washington",
                "United States",
                "Other",
                "a98f261a-124b-425a-931e-8dc00af2e65c",
                "53e1f7f0-9975-4995-830a-414a26e9450a",
                "dotnet8.0.8:otel1.9.0:ext1.4.0-alpha.20240911-d",
                1,
                "",
                "",
                "Azure",
                "AppRequests",
                "/subscriptions/65b2f83e-7bf1-4be3-bafc-3a4163265a52/resourcegroups/tileetest06201346/providers/microsoft.insights/components/te3fca6a3c26958b8-ai-1"
              ]
            ]
          }
        ]
      }
    },
    {
      "RequestUri": "https://api.loganalytics.io/v1/workspaces/33d8a320-00c3-4ec8-a6a4-8692b07a6841/query",
      "RequestMethod": "POST",
      "RequestHeaders": {
        "Accept": "application/json",
        "Authorization": "Sanitized",
        "Content-Length": "270",
        "Content-Type": "application/json",
        "traceparent": "00-f7541db6b3665056412da39aa2cd1f9f-24e3201d75ba3794-00",
        "User-Agent": "azsdk-net-Monitor.Query/1.1.0 (.NET 8.0.8; Microsoft Windows 10.0.22631)",
        "x-ms-client-request-id": "Sanitized",
        "x-ms-return-client-request-id": "true"
      },
      "RequestBody": {
        "query": "AppMetrics | where Name == 'http.client.request.duration' | where AppRoleName == '[TestServiceNamespace]/TestServiceName' | where Properties.['server.address'] == 'localhost' | top 1 by TimeGenerated",
        "timespan": "PT30M"
      },
      "StatusCode": 200,
      "ResponseHeaders": {
        "Access-Control-Allow-Origin": "*",
        "Access-Control-Expose-Headers": "Retry-After,Age,WWW-Authenticate,x-resource-identities,x-ms-status-location",
        "Age": "8",
        "Connection": "keep-alive",
        "Content-Length": "2131",
        "Content-Type": "application/json; charset=utf-8",
        "Date": "Wed, 11 Sep 2024 19:11:25 GMT",
        "Strict-Transport-Security": "max-age=15724800; includeSubDomains",
        "Vary": "Accept-Encoding",
        "Via": "1.1 draft-oms-6ddbddd5f9-tl6t8",
        "X-Content-Type-Options": "nosniff"
      },
      "ResponseBody": {
        "tables": [
          {
            "name": "PrimaryResult",
            "columns": [
              {
                "name": "TenantId",
                "type": "string"
              },
              {
                "name": "TimeGenerated",
                "type": "datetime"
              },
              {
                "name": "Name",
                "type": "string"
              },
              {
                "name": "ItemCount",
                "type": "int"
              },
              {
                "name": "Sum",
                "type": "real"
              },
              {
                "name": "Min",
                "type": "real"
              },
              {
                "name": "Max",
                "type": "real"
              },
              {
                "name": "Properties",
                "type": "dynamic"
              },
              {
                "name": "OperationName",
                "type": "string"
              },
              {
                "name": "OperationId",
                "type": "string"
              },
              {
                "name": "ParentId",
                "type": "string"
              },
              {
                "name": "SyntheticSource",
                "type": "string"
              },
              {
                "name": "SessionId",
                "type": "string"
              },
              {
                "name": "UserId",
                "type": "string"
              },
              {
                "name": "UserAuthenticatedId",
                "type": "string"
              },
              {
                "name": "UserAccountId",
                "type": "string"
              },
              {
                "name": "AppVersion",
                "type": "string"
              },
              {
                "name": "AppRoleName",
                "type": "string"
              },
              {
                "name": "AppRoleInstance",
                "type": "string"
              },
              {
                "name": "ClientType",
                "type": "string"
              },
              {
                "name": "ClientModel",
                "type": "string"
              },
              {
                "name": "ClientOS",
                "type": "string"
              },
              {
                "name": "ClientIP",
                "type": "string"
              },
              {
                "name": "ClientCity",
                "type": "string"
              },
              {
                "name": "ClientStateOrProvince",
                "type": "string"
              },
              {
                "name": "ClientCountryOrRegion",
                "type": "string"
              },
              {
                "name": "ClientBrowser",
                "type": "string"
              },
              {
                "name": "ResourceGUID",
                "type": "string"
              },
              {
                "name": "IKey",
                "type": "string"
              },
              {
                "name": "SDKVersion",
                "type": "string"
              },
              {
                "name": "SourceSystem",
                "type": "string"
              },
              {
                "name": "Type",
                "type": "string"
              },
              {
                "name": "_ResourceId",
                "type": "string"
              }
            ],
            "rows": [
              [
                "33d8a320-00c3-4ec8-a6a4-8692b07a6841",
                "2024-09-11T19:08:05.8171598Z",
                "http.client.request.duration",
                1,
                0.0035298,
                0.0035298,
                0.0035298,
                "{\"http.request.method\":\"GET\",\"http.response.status_code\":\"200\",\"network.protocol.version\":\"1.1\",\"server.address\":\"localhost\",\"server.port\":\"9998\",\"url.scheme\":\"http\"}",
                "",
                "",
                "",
                "",
                "",
                "",
                "",
                "",
                "TestServiceVersion",
                "[TestServiceNamespace]/TestServiceName",
                "TestServiceInstance",
                "PC",
                "Other",
                "Windows 10",
                "0.0.0.0",
                "Quincy",
                "Washington",
                "United States",
                "Other",
                "a98f261a-124b-425a-931e-8dc00af2e65c",
                "53e1f7f0-9975-4995-830a-414a26e9450a",
                "dotnet8.0.8:otel1.9.0:ext1.4.0-alpha.20240911-d",
                "Azure",
                "AppMetrics",
                "/subscriptions/65b2f83e-7bf1-4be3-bafc-3a4163265a52/resourcegroups/tileetest06201346/providers/microsoft.insights/components/te3fca6a3c26958b8-ai-1"
              ]
            ]
          }
        ]
      }
    },
    {
      "RequestUri": "https://api.loganalytics.io/v1/workspaces/33d8a320-00c3-4ec8-a6a4-8692b07a6841/query",
      "RequestMethod": "POST",
      "RequestHeaders": {
        "Accept": "application/json",
        "Authorization": "Sanitized",
        "Content-Length": "197",
        "Content-Type": "application/json",
        "traceparent": "00-08a698dae895a3116afd3c5deff388c2-28212195495a291e-00",
        "User-Agent": "azsdk-net-Monitor.Query/1.1.0 (.NET 8.0.8; Microsoft Windows 10.0.22631)",
        "x-ms-client-request-id": "Sanitized",
        "x-ms-return-client-request-id": "true"
      },
      "RequestBody": {
        "query": "AppMetrics | where Name == 'http.server.request.duration' | where AppRoleName == '[TestServiceNamespace]/TestServiceName' | top 1 by TimeGenerated",
        "timespan": "PT30M"
      },
      "StatusCode": 200,
      "ResponseHeaders": {
        "Access-Control-Allow-Origin": "*",
        "Access-Control-Expose-Headers": "Retry-After,Age,WWW-Authenticate,x-resource-identities,x-ms-status-location",
        "Age": "5",
        "Connection": "keep-alive",
        "Content-Length": "2091",
        "Content-Type": "application/json; charset=utf-8",
        "Date": "Wed, 11 Sep 2024 19:11:26 GMT",
        "Strict-Transport-Security": "max-age=15724800; includeSubDomains",
        "Vary": "Accept-Encoding",
        "Via": "1.1 draft-oms-6ddbddd5f9-qnp28",
        "X-Content-Type-Options": "nosniff"
      },
      "ResponseBody": {
        "tables": [
          {
            "name": "PrimaryResult",
            "columns": [
              {
                "name": "TenantId",
                "type": "string"
              },
              {
                "name": "TimeGenerated",
                "type": "datetime"
              },
              {
                "name": "Name",
                "type": "string"
              },
              {
                "name": "ItemCount",
                "type": "int"
              },
              {
                "name": "Sum",
                "type": "real"
              },
              {
                "name": "Min",
                "type": "real"
              },
              {
                "name": "Max",
                "type": "real"
              },
              {
                "name": "Properties",
                "type": "dynamic"
              },
              {
                "name": "OperationName",
                "type": "string"
              },
              {
                "name": "OperationId",
                "type": "string"
              },
              {
                "name": "ParentId",
                "type": "string"
              },
              {
                "name": "SyntheticSource",
                "type": "string"
              },
              {
                "name": "SessionId",
                "type": "string"
              },
              {
                "name": "UserId",
                "type": "string"
              },
              {
                "name": "UserAuthenticatedId",
                "type": "string"
              },
              {
                "name": "UserAccountId",
                "type": "string"
              },
              {
                "name": "AppVersion",
                "type": "string"
              },
              {
                "name": "AppRoleName",
                "type": "string"
              },
              {
                "name": "AppRoleInstance",
                "type": "string"
              },
              {
                "name": "ClientType",
                "type": "string"
              },
              {
                "name": "ClientModel",
                "type": "string"
              },
              {
                "name": "ClientOS",
                "type": "string"
              },
              {
                "name": "ClientIP",
                "type": "string"
              },
              {
                "name": "ClientCity",
                "type": "string"
              },
              {
                "name": "ClientStateOrProvince",
                "type": "string"
              },
              {
                "name": "ClientCountryOrRegion",
                "type": "string"
              },
              {
                "name": "ClientBrowser",
                "type": "string"
              },
              {
                "name": "ResourceGUID",
                "type": "string"
              },
              {
                "name": "IKey",
                "type": "string"
              },
              {
                "name": "SDKVersion",
                "type": "string"
              },
              {
                "name": "SourceSystem",
                "type": "string"
              },
              {
                "name": "Type",
                "type": "string"
              },
              {
                "name": "_ResourceId",
                "type": "string"
              }
            ],
            "rows": [
              [
                "33d8a320-00c3-4ec8-a6a4-8692b07a6841",
                "2024-09-11T19:08:05.8171643Z",
                "http.server.request.duration",
                1,
                0.001328,
                0.001328,
                0.001328,
                "{\"http.request.method\":\"GET\",\"http.response.status_code\":\"200\",\"http.route\":\"/\",\"network.protocol.version\":\"1.1\",\"url.scheme\":\"http\"}",
                "",
                "",
                "",
                "",
                "",
                "",
                "",
                "",
                "TestServiceVersion",
                "[TestServiceNamespace]/TestServiceName",
                "TestServiceInstance",
                "PC",
                "Other",
                "Windows 10",
                "0.0.0.0",
                "Quincy",
                "Washington",
                "United States",
                "Other",
                "a98f261a-124b-425a-931e-8dc00af2e65c",
                "53e1f7f0-9975-4995-830a-414a26e9450a",
                "dotnet8.0.8:otel1.9.0:ext1.4.0-alpha.20240911-d",
                "Azure",
                "AppMetrics",
                "/subscriptions/65b2f83e-7bf1-4be3-bafc-3a4163265a52/resourcegroups/tileetest06201346/providers/microsoft.insights/components/te3fca6a3c26958b8-ai-1"
              ]
            ]
          }
        ]
      }
    },
    {
      "RequestUri": "https://api.loganalytics.io/v1/workspaces/33d8a320-00c3-4ec8-a6a4-8692b07a6841/query",
      "RequestMethod": "POST",
      "RequestHeaders": {
        "Accept": "application/json",
        "Authorization": "Sanitized",
        "Content-Length": "190",
        "Content-Type": "application/json",
        "traceparent": "00-7749a334a7e850d2155e124088e74928-217f0dc0ad1a17bd-00",
        "User-Agent": "azsdk-net-Monitor.Query/1.1.0 (.NET 8.0.8; Microsoft Windows 10.0.22631)",
        "x-ms-client-request-id": "Sanitized",
        "x-ms-return-client-request-id": "true"
      },
      "RequestBody": {
        "query": "AppTraces | where Message == 'Message via ILogger' | where AppRoleName == '[TestServiceNamespace]/TestServiceName' | top 1 by TimeGenerated",
        "timespan": "PT30M"
      },
      "StatusCode": 200,
      "ResponseHeaders": {
        "Access-Control-Allow-Origin": "*",
        "Access-Control-Expose-Headers": "Retry-After,Age,WWW-Authenticate,x-resource-identities,x-ms-status-location",
        "Age": "3",
        "Connection": "keep-alive",
        "Content-Length": "2084",
        "Content-Type": "application/json; charset=utf-8",
        "Date": "Wed, 11 Sep 2024 19:11:26 GMT",
        "Strict-Transport-Security": "max-age=15724800; includeSubDomains",
        "Vary": "Accept-Encoding",
        "Via": "1.1 draft-oms-6ddbddd5f9-hmmfq",
        "X-Content-Type-Options": "nosniff"
      },
      "ResponseBody": {
        "tables": [
          {
            "name": "PrimaryResult",
            "columns": [
              {
                "name": "TenantId",
                "type": "string"
              },
              {
                "name": "TimeGenerated",
                "type": "datetime"
              },
              {
                "name": "Message",
                "type": "string"
              },
              {
                "name": "SeverityLevel",
                "type": "int"
              },
              {
                "name": "Properties",
                "type": "dynamic"
              },
              {
                "name": "Measurements",
                "type": "dynamic"
              },
              {
                "name": "OperationName",
                "type": "string"
              },
              {
                "name": "OperationId",
                "type": "string"
              },
              {
                "name": "ParentId",
                "type": "string"
              },
              {
                "name": "SyntheticSource",
                "type": "string"
              },
              {
                "name": "SessionId",
                "type": "string"
              },
              {
                "name": "UserId",
                "type": "string"
              },
              {
                "name": "UserAuthenticatedId",
                "type": "string"
              },
              {
                "name": "UserAccountId",
                "type": "string"
              },
              {
                "name": "AppVersion",
                "type": "string"
              },
              {
                "name": "AppRoleName",
                "type": "string"
              },
              {
                "name": "AppRoleInstance",
                "type": "string"
              },
              {
                "name": "ClientType",
                "type": "string"
              },
              {
                "name": "ClientModel",
                "type": "string"
              },
              {
                "name": "ClientOS",
                "type": "string"
              },
              {
                "name": "ClientIP",
                "type": "string"
              },
              {
                "name": "ClientCity",
                "type": "string"
              },
              {
                "name": "ClientStateOrProvince",
                "type": "string"
              },
              {
                "name": "ClientCountryOrRegion",
                "type": "string"
              },
              {
                "name": "ClientBrowser",
                "type": "string"
              },
              {
                "name": "ResourceGUID",
                "type": "string"
              },
              {
                "name": "IKey",
                "type": "string"
              },
              {
                "name": "SDKVersion",
                "type": "string"
              },
              {
                "name": "ItemCount",
                "type": "int"
              },
              {
                "name": "ReferencedItemId",
                "type": "string"
              },
              {
                "name": "ReferencedType",
                "type": "string"
              },
              {
                "name": "SourceSystem",
                "type": "string"
              },
              {
                "name": "Type",
                "type": "string"
              },
              {
                "name": "_ResourceId",
                "type": "string"
              }
            ],
            "rows": [
              [
                "33d8a320-00c3-4ec8-a6a4-8692b07a6841",
                "2024-09-11T19:08:05.6802073Z",
                "Message via ILogger",
                1,
                "{\"CategoryName\":\"CustomCategoryName\"}",
                null,
                "",
                "afdfc0a94e8f58a9101da682a3462054",
                "52206518d825c398",
                "",
                "",
                "",
                "",
                "",
                "TestServiceVersion",
                "[TestServiceNamespace]/TestServiceName",
                "TestServiceInstance",
                "PC",
                "Other",
                "Windows 10",
                "0.0.0.0",
                "Quincy",
                "Washington",
                "United States",
                "Other",
                "a98f261a-124b-425a-931e-8dc00af2e65c",
                "53e1f7f0-9975-4995-830a-414a26e9450a",
                "dotnet8.0.8:otel1.9.0:ext1.4.0-alpha.20240911-d",
                1,
                "",
                "",
                "Azure",
                "AppTraces",
                "/subscriptions/65b2f83e-7bf1-4be3-bafc-3a4163265a52/resourcegroups/tileetest06201346/providers/microsoft.insights/components/te3fca6a3c26958b8-ai-1"
              ]
            ]
          }
        ]
      }
    }
  ],
  "Variables": {
    "CONNECTION_STRING": "InstrumentationKey=53e1f7f0-9975-4995-830a-414a26e9450a;IngestionEndpoint=https://westus-0.in.applicationinsights.azure.com/;LiveEndpoint=https://westus.livediagnostics.monitor.azure.com/;ApplicationId=a98f261a-124b-425a-931e-8dc00af2e65c",
    "LOGS_ENDPOINT": "https://api.loganalytics.io",
    "RandomSeed": "2118970434",
    "SECONDARY_CONNECTION_STRING": "InstrumentationKey=3f8e759a-2c28-4cc7-b260-9b343fb2a3ff;IngestionEndpoint=https://westus-0.in.applicationinsights.azure.com/;LiveEndpoint=https://westus.livediagnostics.monitor.azure.com/;ApplicationId=d64e2b0b-7f11-41ec-b85e-5bd69ee688e2",
    "SECONDARY_WORKSPACE_ID": "e1407f81-4e84-4943-843a-0494dd4700e5",
    "WORKSPACE_ID": "33d8a320-00c3-4ec8-a6a4-8692b07a6841"
  }
}
