{
  "Entries": [
    {
      "RequestUri": "https://management.azure.com/subscriptions/f3d94233-a9aa-4241-ac82-2dfb63ce637a?api-version=2021-01-01",
      "RequestMethod": "GET",
      "RequestHeaders": {
        "Accept": "application/json",
        "Authorization": "Sanitized",
        "User-Agent": [
          "azsdk-net-ResourceManager/1.0.0-beta.3",
          "(.NET 5.0.10; Microsoft Windows 10.0.19043)"
        ],
        "x-ms-client-request-id": "2e44d5bc8fac06e9a5d6f4a47f883542",
        "x-ms-return-client-request-id": "true"
      },
      "RequestBody": null,
      "StatusCode": 200,
      "ResponseHeaders": {
        "Cache-Control": "no-cache",
        "Content-Length": "410",
        "Content-Type": "application/json; charset=utf-8",
        "Date": "Sun, 26 Sep 2021 03:03:37 GMT",
        "Expires": "-1",
        "Pragma": "no-cache",
        "Strict-Transport-Security": "max-age=31536000; includeSubDomains",
        "X-Content-Type-Options": "nosniff",
        "x-ms-correlation-request-id": "d61ca305-9338-434a-aa19-66431b2b5074",
        "x-ms-ratelimit-remaining-subscription-reads": "11979",
        "x-ms-request-id": "d61ca305-9338-434a-aa19-66431b2b5074",
        "x-ms-routing-request-id": "SOUTHEASTASIA:20210926T030337Z:d61ca305-9338-434a-aa19-66431b2b5074"
      },
      "ResponseBody": {
        "id": "/subscriptions/f3d94233-a9aa-4241-ac82-2dfb63ce637a",
        "authorizationSource": "RoleBased",
        "managedByTenants": [],
        "subscriptionId": "f3d94233-a9aa-4241-ac82-2dfb63ce637a",
        "tenantId": "75743128-1c62-4904-9be1-c23c1edb9a9f",
        "displayName": "Visual Studio Enterprise Subscription",
        "state": "Enabled",
        "subscriptionPolicies": {
          "locationPlacementId": "Public_2014-09-01",
          "quotaId": "MSDN_2014-09-01",
          "spendingLimit": "On"
        }
      }
    },
    {
      "RequestUri": "https://management.azure.com/subscriptions/f3d94233-a9aa-4241-ac82-2dfb63ce637a/resourcegroups/CdnTest?api-version=2021-04-01",
      "RequestMethod": "GET",
      "RequestHeaders": {
        "Accept": "application/json",
        "Authorization": "Sanitized",
        "traceparent": "00-3cc74372ff00f94cbeb1c65005631046-5ac2d022c7889b4b-00",
        "User-Agent": [
          "azsdk-net-ResourceManager/1.0.0-beta.3",
          "(.NET 5.0.10; Microsoft Windows 10.0.19043)"
        ],
        "x-ms-client-request-id": "68bb56c7834706b96cb7380fbcb59822",
        "x-ms-return-client-request-id": "true"
      },
      "RequestBody": null,
      "StatusCode": 200,
      "ResponseHeaders": {
        "Cache-Control": "no-cache",
        "Content-Length": "211",
        "Content-Type": "application/json; charset=utf-8",
        "Date": "Sun, 26 Sep 2021 03:03:37 GMT",
        "Expires": "-1",
        "Pragma": "no-cache",
        "Strict-Transport-Security": "max-age=31536000; includeSubDomains",
        "X-Content-Type-Options": "nosniff",
        "x-ms-correlation-request-id": "0a87b8d6-7073-400e-8183-8dcb54b864bf",
        "x-ms-ratelimit-remaining-subscription-reads": "11978",
        "x-ms-request-id": "0a87b8d6-7073-400e-8183-8dcb54b864bf",
        "x-ms-routing-request-id": "SOUTHEASTASIA:20210926T030337Z:0a87b8d6-7073-400e-8183-8dcb54b864bf"
      },
      "ResponseBody": {
        "id": "/subscriptions/f3d94233-a9aa-4241-ac82-2dfb63ce637a/resourceGroups/CdnTest",
        "name": "CdnTest",
        "type": "Microsoft.Resources/resourceGroups",
        "location": "westus",
        "properties": {
          "provisioningState": "Succeeded"
        }
      }
    },
    {
      "RequestUri": "https://management.azure.com/subscriptions/f3d94233-a9aa-4241-ac82-2dfb63ce637a/resourceGroups/CdnTest/providers/Microsoft.Cdn/profiles/testAFDProfile?api-version=2020-09-01",
      "RequestMethod": "GET",
      "RequestHeaders": {
        "Accept": "application/json",
        "Authorization": "Sanitized",
        "User-Agent": [
          "azsdk-net-ResourceManager.Cdn/1.0.0-alpha.20210926.1",
          "(.NET 5.0.10; Microsoft Windows 10.0.19043)"
        ],
        "x-ms-client-request-id": "5b2e3f14bb3aaaf731f2bc8024eb0b39",
        "x-ms-return-client-request-id": "true"
      },
      "RequestBody": null,
      "StatusCode": 200,
      "ResponseHeaders": {
        "Cache-Control": "no-cache",
        "Content-Length": "402",
        "Content-Type": "application/json; charset=utf-8",
        "Date": "Sun, 26 Sep 2021 03:03:38 GMT",
        "Expires": "-1",
        "Pragma": "no-cache",
        "Server": "Kestrel",
        "Strict-Transport-Security": "max-age=31536000; includeSubDomains",
        "X-Content-Type-Options": "nosniff",
        "x-ms-client-request-id": "5b2e3f14bb3aaaf731f2bc8024eb0b39",
        "x-ms-correlation-request-id": "1956b3bf-c08e-4aba-bdde-15573ca2a07d",
        "x-ms-ratelimit-remaining-subscription-resource-requests": "47",
        "x-ms-request-id": "ae990c41-efeb-4ace-bfb6-3720234128a1",
        "x-ms-routing-request-id": "SOUTHEASTASIA:20210926T030338Z:1956b3bf-c08e-4aba-bdde-15573ca2a07d"
      },
      "ResponseBody": {
        "id": "/subscriptions/f3d94233-a9aa-4241-ac82-2dfb63ce637a/resourcegroups/CdnTest/providers/Microsoft.Cdn/profiles/testAFDProfile",
        "type": "Microsoft.Cdn/profiles",
        "name": "testAFDProfile",
        "location": "Global",
        "kind": "frontdoor",
        "tags": {},
        "sku": {
          "name": "Standard_AzureFrontDoor"
        },
        "properties": {
          "frontDoorId": "cef6ca76-0f57-44af-8779-83debad0a6cb",
          "resourceState": "Active",
          "provisioningState": "Succeeded"
        }
      }
    },
    {
      "RequestUri": "https://management.azure.com/subscriptions/f3d94233-a9aa-4241-ac82-2dfb63ce637a/resourceGroups/CdnTest/providers/Microsoft.Cdn/profiles/testAFDProfile/getLogAnalyticsRankings?api-version=2020-09-01\u0026rankings=url\u0026metrics=clientRequestCount\u0026maxRanking=5\u0026dateTimeBegin=2021-09-23T00%3A00%3A00.0000000Z\u0026dateTimeEnd=2021-09-25T00%3A00%3A00.0000000Z",
      "RequestMethod": "GET",
      "RequestHeaders": {
        "Accept": "application/json",
        "Authorization": "Sanitized",
        "User-Agent": [
          "azsdk-net-ResourceManager.Cdn/1.0.0-alpha.20210926.1",
          "(.NET 5.0.10; Microsoft Windows 10.0.19043)"
        ],
        "x-ms-client-request-id": "2b2babe1a28238351c3dc1f557d94af0",
        "x-ms-return-client-request-id": "true"
      },
      "RequestBody": null,
      "StatusCode": 200,
      "ResponseHeaders": {
        "Cache-Control": "no-cache",
        "Content-Length": "126",
        "Content-Type": "application/json; charset=utf-8",
        "Date": "Sun, 26 Sep 2021 03:03:39 GMT",
        "Expires": "-1",
        "Pragma": "no-cache",
        "Server": "Kestrel",
        "Strict-Transport-Security": "max-age=31536000; includeSubDomains",
        "X-Content-Type-Options": "nosniff",
        "x-ms-client-request-id": "2b2babe1a28238351c3dc1f557d94af0",
        "x-ms-correlation-request-id": "b222d12e-db3f-480f-b06e-add423d9bb88",
        "x-ms-ratelimit-remaining-subscription-reads": "11977",
        "x-ms-request-id": "5a24dd6a-e7f3-46af-8e8d-2a1e485e2df1",
        "x-ms-routing-request-id": "SOUTHEASTASIA:20210926T030340Z:b222d12e-db3f-480f-b06e-add423d9bb88"
      },
      "ResponseBody": {
        "dateTimeBegin": "2021-09-23T00:00:00\u002B00:00",
        "dateTimeEnd": "2021-09-25T00:00:00\u002B00:00",
        "tables": [
          {
            "ranking": "url",
            "data": []
          }
        ]
      }
    }
  ],
  "Variables": {
    "RandomSeed": "181214199",
    "RESOURCE_MANAGER_URL": null,
    "SUBSCRIPTION_ID": "f3d94233-a9aa-4241-ac82-2dfb63ce637a"
  }
}