{
  "Entries": [
    {
      "RequestUri": "https://management.azure.com/subscriptions/db1ab6f0-4769-4b27-930e-01e2ef9c123c?api-version=2021-01-01",
      "RequestMethod": "GET",
      "RequestHeaders": {
        "Accept": "application/json",
        "Authorization": "Sanitized",
        "traceparent": "00-31c0f0c240968a98cac7307c662457b6-69b94e02b66dd0ce-00",
        "User-Agent": "azsdk-net-ResourceManager/1.0.0-alpha.20220214.1 (.NET 6.0.1; Microsoft Windows 10.0.22000) azsdk-net-ResourceManager/1.0.0-alpha.20220214.1 (.NET 6.0.1; Microsoft Windows 10.0.22000)",
        "x-ms-client-request-id": "acaa5088037e59202a139a9f8d43a995",
        "x-ms-return-client-request-id": "true"
      },
      "RequestBody": null,
      "StatusCode": 200,
      "ResponseHeaders": {
        "Cache-Control": "no-cache",
        "Content-Length": "468",
        "Content-Type": "application/json; charset=utf-8",
        "Date": "Mon, 14 Feb 2022 16:39:53 GMT",
        "Expires": "-1",
        "Pragma": "no-cache",
        "Strict-Transport-Security": "max-age=31536000; includeSubDomains",
        "X-Content-Type-Options": "nosniff",
        "x-ms-correlation-request-id": "f89a769b-e646-4a62-94f4-a80229d0623e",
        "x-ms-ratelimit-remaining-subscription-reads": "11999",
        "x-ms-request-id": "f89a769b-e646-4a62-94f4-a80229d0623e",
        "x-ms-routing-request-id": "WESTUS2:20220214T163954Z:f89a769b-e646-4a62-94f4-a80229d0623e"
      },
      "ResponseBody": {
        "id": "/subscriptions/db1ab6f0-4769-4b27-930e-01e2ef9c123c",
        "authorizationSource": "RoleBased",
        "managedByTenants": [],
        "tags": {
          "tagKey1": "tagValue1",
          "tagKey2": "tagValue2"
        },
        "subscriptionId": "db1ab6f0-4769-4b27-930e-01e2ef9c123c",
        "tenantId": "72f988bf-86f1-41af-91ab-2d7cd011db47",
        "displayName": ".NET Mgmt SDK Test with TTL = 1 Day",
        "state": "Enabled",
        "subscriptionPolicies": {
          "locationPlacementId": "Internal_2014-09-01",
          "quotaId": "Internal_2014-09-01",
          "spendingLimit": "Off"
        }
      }
    },
    {
      "RequestUri": "https://management.azure.com/subscriptions/db1ab6f0-4769-4b27-930e-01e2ef9c123c/resourcegroups/testRg-3526?api-version=2021-04-01",
      "RequestMethod": "PUT",
      "RequestHeaders": {
        "Accept": "application/json",
        "Authorization": "Sanitized",
        "Content-Length": "31",
        "Content-Type": "application/json",
        "traceparent": "00-bb7c53f37c88cd57e95fe25b242dcfd1-be1ef16977dc9129-00",
        "User-Agent": "azsdk-net-ResourceManager/1.0.0-alpha.20220214.1 (.NET 6.0.1; Microsoft Windows 10.0.22000) azsdk-net-ResourceManager/1.0.0-alpha.20220214.1 (.NET 6.0.1; Microsoft Windows 10.0.22000)",
        "x-ms-client-request-id": "17b711d5c3da623314fd5e18b5465162",
        "x-ms-return-client-request-id": "true"
      },
      "RequestBody": {
        "tags": {},
        "location": "westus"
      },
      "StatusCode": 201,
      "ResponseHeaders": {
        "Cache-Control": "no-cache",
        "Content-Length": "229",
        "Content-Type": "application/json; charset=utf-8",
        "Date": "Mon, 14 Feb 2022 16:39:54 GMT",
        "Expires": "-1",
        "Pragma": "no-cache",
        "Strict-Transport-Security": "max-age=31536000; includeSubDomains",
        "X-Content-Type-Options": "nosniff",
        "x-ms-correlation-request-id": "39860c16-e866-49e8-a18a-7a5305be6a87",
        "x-ms-ratelimit-remaining-subscription-writes": "1199",
        "x-ms-request-id": "39860c16-e866-49e8-a18a-7a5305be6a87",
        "x-ms-routing-request-id": "WESTUS2:20220214T163955Z:39860c16-e866-49e8-a18a-7a5305be6a87"
      },
      "ResponseBody": {
        "id": "/subscriptions/db1ab6f0-4769-4b27-930e-01e2ef9c123c/resourceGroups/testRg-3526",
        "name": "testRg-3526",
        "type": "Microsoft.Resources/resourceGroups",
        "location": "westus",
        "tags": {},
        "properties": {
          "provisioningState": "Succeeded"
        }
      }
    },
    {
      "RequestUri": "https://management.azure.com/subscriptions/db1ab6f0-4769-4b27-930e-01e2ef9c123c/resourceGroups/testRg-3526/providers/Microsoft.Cdn/profiles/AFDProfile-6184?api-version=2020-09-01",
      "RequestMethod": "PUT",
      "RequestHeaders": {
        "Accept": "application/json",
        "Authorization": "Sanitized",
        "Content-Length": "88",
        "Content-Type": "application/json",
        "traceparent": "00-bef24bd08d82d5e808c4b2590288e784-43b102c99eb83d19-00",
        "User-Agent": "azsdk-net-ResourceManager.Cdn/1.0.0-alpha.20220214.1 (.NET 6.0.1; Microsoft Windows 10.0.22000) azsdk-net-ResourceManager/1.0.0-alpha.20220214.1 (.NET 6.0.1; Microsoft Windows 10.0.22000)",
        "x-ms-client-request-id": "fdbf0a8e33250e8553b1fb59a1e7f26d",
        "x-ms-return-client-request-id": "true"
      },
      "RequestBody": {
        "sku": {
          "name": "Standard_AzureFrontDoor"
        },
        "tags": {},
        "location": "Global",
        "properties": {}
      },
      "StatusCode": 201,
      "ResponseHeaders": {
        "Azure-AsyncOperation": "https://management.azure.com/subscriptions/db1ab6f0-4769-4b27-930e-01e2ef9c123c/resourcegroups/testRg-3526/providers/Microsoft.Cdn/operationresults/8375685a-f898-461a-aa57-09da9d4f0dd4?api-version=2020-09-01",
        "Cache-Control": "no-cache",
        "Content-Length": "467",
        "Content-Type": "application/json; charset=utf-8",
        "Date": "Mon, 14 Feb 2022 16:39:59 GMT",
        "Expires": "-1",
        "Pragma": "no-cache",
        "Retry-After": "10",
        "Server": "Kestrel",
        "Strict-Transport-Security": "max-age=31536000; includeSubDomains",
        "X-Content-Type-Options": "nosniff",
        "x-ms-client-request-id": "fdbf0a8e33250e8553b1fb59a1e7f26d",
        "x-ms-correlation-request-id": "ac397a88-06c7-4954-a105-ffd246632659",
        "x-ms-ratelimit-remaining-subscription-resource-requests": "24",
        "x-ms-request-id": "10fb9374-02c2-4d69-993d-51d546652cd6",
        "x-ms-routing-request-id": "WESTUS2:20220214T163959Z:ac397a88-06c7-4954-a105-ffd246632659"
      },
      "ResponseBody": {
        "id": "/subscriptions/db1ab6f0-4769-4b27-930e-01e2ef9c123c/resourcegroups/testRg-3526/providers/Microsoft.Cdn/profiles/AFDProfile-6184",
        "type": "Microsoft.Cdn/profiles",
        "name": "AFDProfile-6184",
        "location": "Global",
        "kind": "frontdoor",
        "tags": {},
        "sku": {
          "name": "Standard_AzureFrontDoor"
        },
        "properties": {
          "frontDoorId": "23cc7782-6351-4a4a-ac99-4a244063b5af",
          "resourceState": "Creating",
          "identity": {
            "type": "None",
            "principal": null,
            "tenant": null
          },
          "provisioningState": "Creating"
        }
      }
    },
    {
      "RequestUri": "https://management.azure.com/subscriptions/db1ab6f0-4769-4b27-930e-01e2ef9c123c/resourcegroups/testRg-3526/providers/Microsoft.Cdn/operationresults/8375685a-f898-461a-aa57-09da9d4f0dd4?api-version=2020-09-01",
      "RequestMethod": "GET",
      "RequestHeaders": {
        "Authorization": "Sanitized",
        "User-Agent": "azsdk-net-ResourceManager/1.0.0-alpha.20220214.1 (.NET 6.0.1; Microsoft Windows 10.0.22000) azsdk-net-ResourceManager/1.0.0-alpha.20220214.1 (.NET 6.0.1; Microsoft Windows 10.0.22000)",
        "x-ms-client-request-id": "9fb4483c24d6ddb03109871237087216",
        "x-ms-return-client-request-id": "true"
      },
      "RequestBody": null,
      "StatusCode": 200,
      "ResponseHeaders": {
        "Cache-Control": "no-cache",
        "Content-Length": "62",
        "Content-Type": "application/json; charset=utf-8",
        "Date": "Mon, 14 Feb 2022 16:39:59 GMT",
        "Expires": "-1",
        "Pragma": "no-cache",
        "Server": "Kestrel",
        "Strict-Transport-Security": "max-age=31536000; includeSubDomains",
        "X-Content-Type-Options": "nosniff",
        "x-ms-client-request-id": "9fb4483c24d6ddb03109871237087216",
        "x-ms-correlation-request-id": "434b7285-894c-4dd1-b9ec-447f9df29519",
        "x-ms-ratelimit-remaining-subscription-reads": "11998",
        "x-ms-request-id": "5a986521-9553-4cbf-a293-879fdd069ace",
        "x-ms-routing-request-id": "WESTUS2:20220214T163959Z:434b7285-894c-4dd1-b9ec-447f9df29519"
      },
      "ResponseBody": {
        "status": "InProgress",
        "error": {
          "code": "None",
          "message": null
        }
      }
    },
    {
      "RequestUri": "https://management.azure.com/subscriptions/db1ab6f0-4769-4b27-930e-01e2ef9c123c/resourcegroups/testRg-3526/providers/Microsoft.Cdn/operationresults/8375685a-f898-461a-aa57-09da9d4f0dd4?api-version=2020-09-01",
      "RequestMethod": "GET",
      "RequestHeaders": {
        "Authorization": "Sanitized",
        "User-Agent": "azsdk-net-ResourceManager/1.0.0-alpha.20220214.1 (.NET 6.0.1; Microsoft Windows 10.0.22000) azsdk-net-ResourceManager/1.0.0-alpha.20220214.1 (.NET 6.0.1; Microsoft Windows 10.0.22000)",
        "x-ms-client-request-id": "c52dab6ceedde1c47d47b3bb2dc3cdde",
        "x-ms-return-client-request-id": "true"
      },
      "RequestBody": null,
      "StatusCode": 200,
      "ResponseHeaders": {
        "Cache-Control": "no-cache",
        "Content-Length": "62",
        "Content-Type": "application/json; charset=utf-8",
        "Date": "Mon, 14 Feb 2022 16:39:59 GMT",
        "Expires": "-1",
        "Pragma": "no-cache",
        "Server": "Kestrel",
        "Strict-Transport-Security": "max-age=31536000; includeSubDomains",
        "X-Content-Type-Options": "nosniff",
        "x-ms-client-request-id": "c52dab6ceedde1c47d47b3bb2dc3cdde",
        "x-ms-correlation-request-id": "d395e899-75dd-41da-8512-f1d155609b20",
        "x-ms-ratelimit-remaining-subscription-reads": "11997",
        "x-ms-request-id": "de44b833-69ac-4754-a2e4-0ba9d59c24c3",
        "x-ms-routing-request-id": "WESTUS2:20220214T163959Z:d395e899-75dd-41da-8512-f1d155609b20"
      },
      "ResponseBody": {
        "status": "InProgress",
        "error": {
          "code": "None",
          "message": null
        }
      }
    },
    {
      "RequestUri": "https://management.azure.com/subscriptions/db1ab6f0-4769-4b27-930e-01e2ef9c123c/resourcegroups/testRg-3526/providers/Microsoft.Cdn/operationresults/8375685a-f898-461a-aa57-09da9d4f0dd4?api-version=2020-09-01",
      "RequestMethod": "GET",
      "RequestHeaders": {
        "Authorization": "Sanitized",
        "User-Agent": "azsdk-net-ResourceManager/1.0.0-alpha.20220214.1 (.NET 6.0.1; Microsoft Windows 10.0.22000) azsdk-net-ResourceManager/1.0.0-alpha.20220214.1 (.NET 6.0.1; Microsoft Windows 10.0.22000)",
        "x-ms-client-request-id": "581cb2e353326297d0964278267a3f41",
        "x-ms-return-client-request-id": "true"
      },
      "RequestBody": null,
      "StatusCode": 200,
      "ResponseHeaders": {
        "Cache-Control": "no-cache",
        "Content-Length": "62",
        "Content-Type": "application/json; charset=utf-8",
        "Date": "Mon, 14 Feb 2022 16:39:59 GMT",
        "Expires": "-1",
        "Pragma": "no-cache",
        "Server": "Kestrel",
        "Strict-Transport-Security": "max-age=31536000; includeSubDomains",
        "X-Content-Type-Options": "nosniff",
        "x-ms-client-request-id": "581cb2e353326297d0964278267a3f41",
        "x-ms-correlation-request-id": "bb9c0e77-617c-46ea-b740-7d856d30d767",
        "x-ms-ratelimit-remaining-subscription-reads": "11996",
        "x-ms-request-id": "ca9b54cb-8ee3-466d-9634-84318337cf98",
        "x-ms-routing-request-id": "WESTUS2:20220214T163959Z:bb9c0e77-617c-46ea-b740-7d856d30d767"
      },
      "ResponseBody": {
        "status": "InProgress",
        "error": {
          "code": "None",
          "message": null
        }
      }
    },
    {
      "RequestUri": "https://management.azure.com/subscriptions/db1ab6f0-4769-4b27-930e-01e2ef9c123c/resourcegroups/testRg-3526/providers/Microsoft.Cdn/operationresults/8375685a-f898-461a-aa57-09da9d4f0dd4?api-version=2020-09-01",
      "RequestMethod": "GET",
      "RequestHeaders": {
        "Authorization": "Sanitized",
        "User-Agent": "azsdk-net-ResourceManager/1.0.0-alpha.20220214.1 (.NET 6.0.1; Microsoft Windows 10.0.22000) azsdk-net-ResourceManager/1.0.0-alpha.20220214.1 (.NET 6.0.1; Microsoft Windows 10.0.22000)",
        "x-ms-client-request-id": "9555f0f707464e6b84d3228e71f5b06d",
        "x-ms-return-client-request-id": "true"
      },
      "RequestBody": null,
      "StatusCode": 200,
      "ResponseHeaders": {
        "Cache-Control": "no-cache",
        "Content-Length": "62",
        "Content-Type": "application/json; charset=utf-8",
        "Date": "Mon, 14 Feb 2022 16:39:59 GMT",
        "Expires": "-1",
        "Pragma": "no-cache",
        "Server": "Kestrel",
        "Strict-Transport-Security": "max-age=31536000; includeSubDomains",
        "X-Content-Type-Options": "nosniff",
        "x-ms-client-request-id": "9555f0f707464e6b84d3228e71f5b06d",
        "x-ms-correlation-request-id": "e4ddf025-0156-4fa0-a4e5-76eec8c926ad",
        "x-ms-ratelimit-remaining-subscription-reads": "11995",
        "x-ms-request-id": "111774ee-e758-4689-8472-662c22add08d",
        "x-ms-routing-request-id": "WESTUS2:20220214T164000Z:e4ddf025-0156-4fa0-a4e5-76eec8c926ad"
      },
      "ResponseBody": {
        "status": "InProgress",
        "error": {
          "code": "None",
          "message": null
        }
      }
    },
    {
      "RequestUri": "https://management.azure.com/subscriptions/db1ab6f0-4769-4b27-930e-01e2ef9c123c/resourcegroups/testRg-3526/providers/Microsoft.Cdn/operationresults/8375685a-f898-461a-aa57-09da9d4f0dd4?api-version=2020-09-01",
      "RequestMethod": "GET",
      "RequestHeaders": {
        "Authorization": "Sanitized",
        "User-Agent": "azsdk-net-ResourceManager/1.0.0-alpha.20220214.1 (.NET 6.0.1; Microsoft Windows 10.0.22000) azsdk-net-ResourceManager/1.0.0-alpha.20220214.1 (.NET 6.0.1; Microsoft Windows 10.0.22000)",
        "x-ms-client-request-id": "842ea93b19eb19e313cbf446ab4bba02",
        "x-ms-return-client-request-id": "true"
      },
      "RequestBody": null,
      "StatusCode": 200,
      "ResponseHeaders": {
        "Cache-Control": "no-cache",
        "Content-Length": "62",
        "Content-Type": "application/json; charset=utf-8",
        "Date": "Mon, 14 Feb 2022 16:39:59 GMT",
        "Expires": "-1",
        "Pragma": "no-cache",
        "Server": "Kestrel",
        "Strict-Transport-Security": "max-age=31536000; includeSubDomains",
        "X-Content-Type-Options": "nosniff",
        "x-ms-client-request-id": "842ea93b19eb19e313cbf446ab4bba02",
        "x-ms-correlation-request-id": "4a735de9-2b9c-4c42-bcf0-93274147e72a",
        "x-ms-ratelimit-remaining-subscription-reads": "11994",
        "x-ms-request-id": "cec1b665-e46c-4a41-97ce-8f07126390b5",
        "x-ms-routing-request-id": "WESTUS2:20220214T164000Z:4a735de9-2b9c-4c42-bcf0-93274147e72a"
      },
      "ResponseBody": {
        "status": "InProgress",
        "error": {
          "code": "None",
          "message": null
        }
      }
    },
    {
      "RequestUri": "https://management.azure.com/subscriptions/db1ab6f0-4769-4b27-930e-01e2ef9c123c/resourcegroups/testRg-3526/providers/Microsoft.Cdn/operationresults/8375685a-f898-461a-aa57-09da9d4f0dd4?api-version=2020-09-01",
      "RequestMethod": "GET",
      "RequestHeaders": {
        "Authorization": "Sanitized",
        "User-Agent": "azsdk-net-ResourceManager/1.0.0-alpha.20220214.1 (.NET 6.0.1; Microsoft Windows 10.0.22000) azsdk-net-ResourceManager/1.0.0-alpha.20220214.1 (.NET 6.0.1; Microsoft Windows 10.0.22000)",
        "x-ms-client-request-id": "3dc37107376edc9746ced45f3108f0db",
        "x-ms-return-client-request-id": "true"
      },
      "RequestBody": null,
      "StatusCode": 200,
      "ResponseHeaders": {
        "Cache-Control": "no-cache",
        "Content-Length": "62",
        "Content-Type": "application/json; charset=utf-8",
        "Date": "Mon, 14 Feb 2022 16:39:59 GMT",
        "Expires": "-1",
        "Pragma": "no-cache",
        "Server": "Kestrel",
        "Strict-Transport-Security": "max-age=31536000; includeSubDomains",
        "X-Content-Type-Options": "nosniff",
        "x-ms-client-request-id": "3dc37107376edc9746ced45f3108f0db",
        "x-ms-correlation-request-id": "39e352aa-9533-460e-8080-faa9e360c86e",
        "x-ms-ratelimit-remaining-subscription-reads": "11993",
        "x-ms-request-id": "21c90b0e-b949-423a-89d8-a231d362d15e",
        "x-ms-routing-request-id": "WESTUS2:20220214T164000Z:39e352aa-9533-460e-8080-faa9e360c86e"
      },
      "ResponseBody": {
        "status": "InProgress",
        "error": {
          "code": "None",
          "message": null
        }
      }
    },
    {
      "RequestUri": "https://management.azure.com/subscriptions/db1ab6f0-4769-4b27-930e-01e2ef9c123c/resourcegroups/testRg-3526/providers/Microsoft.Cdn/operationresults/8375685a-f898-461a-aa57-09da9d4f0dd4?api-version=2020-09-01",
      "RequestMethod": "GET",
      "RequestHeaders": {
        "Authorization": "Sanitized",
        "User-Agent": "azsdk-net-ResourceManager/1.0.0-alpha.20220214.1 (.NET 6.0.1; Microsoft Windows 10.0.22000) azsdk-net-ResourceManager/1.0.0-alpha.20220214.1 (.NET 6.0.1; Microsoft Windows 10.0.22000)",
        "x-ms-client-request-id": "7c3cd5e6ba4bdd550c3c817b1225a238",
        "x-ms-return-client-request-id": "true"
      },
      "RequestBody": null,
      "StatusCode": 200,
      "ResponseHeaders": {
        "Cache-Control": "no-cache",
        "Content-Length": "62",
        "Content-Type": "application/json; charset=utf-8",
        "Date": "Mon, 14 Feb 2022 16:40:00 GMT",
        "Expires": "-1",
        "Pragma": "no-cache",
        "Server": "Kestrel",
        "Strict-Transport-Security": "max-age=31536000; includeSubDomains",
        "X-Content-Type-Options": "nosniff",
        "x-ms-client-request-id": "7c3cd5e6ba4bdd550c3c817b1225a238",
        "x-ms-correlation-request-id": "825be9e8-5da7-4161-ac93-5c0a25b3913c",
        "x-ms-ratelimit-remaining-subscription-reads": "11992",
        "x-ms-request-id": "d78505eb-d991-49c1-926c-53cb823bb603",
        "x-ms-routing-request-id": "WESTUS2:20220214T164000Z:825be9e8-5da7-4161-ac93-5c0a25b3913c"
      },
      "ResponseBody": {
        "status": "InProgress",
        "error": {
          "code": "None",
          "message": null
        }
      }
    },
    {
      "RequestUri": "https://management.azure.com/subscriptions/db1ab6f0-4769-4b27-930e-01e2ef9c123c/resourcegroups/testRg-3526/providers/Microsoft.Cdn/operationresults/8375685a-f898-461a-aa57-09da9d4f0dd4?api-version=2020-09-01",
      "RequestMethod": "GET",
      "RequestHeaders": {
        "Authorization": "Sanitized",
        "User-Agent": "azsdk-net-ResourceManager/1.0.0-alpha.20220214.1 (.NET 6.0.1; Microsoft Windows 10.0.22000) azsdk-net-ResourceManager/1.0.0-alpha.20220214.1 (.NET 6.0.1; Microsoft Windows 10.0.22000)",
        "x-ms-client-request-id": "00861f18723103ff11523e1d4584e80a",
        "x-ms-return-client-request-id": "true"
      },
      "RequestBody": null,
      "StatusCode": 200,
      "ResponseHeaders": {
        "Cache-Control": "no-cache",
        "Content-Length": "62",
        "Content-Type": "application/json; charset=utf-8",
        "Date": "Mon, 14 Feb 2022 16:40:00 GMT",
        "Expires": "-1",
        "Pragma": "no-cache",
        "Server": "Kestrel",
        "Strict-Transport-Security": "max-age=31536000; includeSubDomains",
        "X-Content-Type-Options": "nosniff",
        "x-ms-client-request-id": "00861f18723103ff11523e1d4584e80a",
        "x-ms-correlation-request-id": "be52955b-e0f9-476b-a5c4-07ac40f16641",
        "x-ms-ratelimit-remaining-subscription-reads": "11991",
        "x-ms-request-id": "92d13a80-941d-4314-90c9-0b1f5ef1d463",
        "x-ms-routing-request-id": "WESTUS2:20220214T164000Z:be52955b-e0f9-476b-a5c4-07ac40f16641"
      },
      "ResponseBody": {
        "status": "InProgress",
        "error": {
          "code": "None",
          "message": null
        }
      }
    },
    {
      "RequestUri": "https://management.azure.com/subscriptions/db1ab6f0-4769-4b27-930e-01e2ef9c123c/resourcegroups/testRg-3526/providers/Microsoft.Cdn/operationresults/8375685a-f898-461a-aa57-09da9d4f0dd4?api-version=2020-09-01",
      "RequestMethod": "GET",
      "RequestHeaders": {
        "Authorization": "Sanitized",
        "User-Agent": "azsdk-net-ResourceManager/1.0.0-alpha.20220214.1 (.NET 6.0.1; Microsoft Windows 10.0.22000) azsdk-net-ResourceManager/1.0.0-alpha.20220214.1 (.NET 6.0.1; Microsoft Windows 10.0.22000)",
        "x-ms-client-request-id": "d66019da3d0e4db71be63032b51cc921",
        "x-ms-return-client-request-id": "true"
      },
      "RequestBody": null,
      "StatusCode": 200,
      "ResponseHeaders": {
        "Cache-Control": "no-cache",
        "Content-Length": "62",
        "Content-Type": "application/json; charset=utf-8",
        "Date": "Mon, 14 Feb 2022 16:40:00 GMT",
        "Expires": "-1",
        "Pragma": "no-cache",
        "Server": "Kestrel",
        "Strict-Transport-Security": "max-age=31536000; includeSubDomains",
        "X-Content-Type-Options": "nosniff",
        "x-ms-client-request-id": "d66019da3d0e4db71be63032b51cc921",
        "x-ms-correlation-request-id": "885805fe-4e16-4dfa-b2e6-83ded310bfca",
        "x-ms-ratelimit-remaining-subscription-reads": "11990",
        "x-ms-request-id": "f8ebf367-8f15-4d0f-b027-38d8ed9ca096",
        "x-ms-routing-request-id": "WESTUS2:20220214T164000Z:885805fe-4e16-4dfa-b2e6-83ded310bfca"
      },
      "ResponseBody": {
        "status": "InProgress",
        "error": {
          "code": "None",
          "message": null
        }
      }
    },
    {
      "RequestUri": "https://management.azure.com/subscriptions/db1ab6f0-4769-4b27-930e-01e2ef9c123c/resourcegroups/testRg-3526/providers/Microsoft.Cdn/operationresults/8375685a-f898-461a-aa57-09da9d4f0dd4?api-version=2020-09-01",
      "RequestMethod": "GET",
      "RequestHeaders": {
        "Authorization": "Sanitized",
        "User-Agent": "azsdk-net-ResourceManager/1.0.0-alpha.20220214.1 (.NET 6.0.1; Microsoft Windows 10.0.22000) azsdk-net-ResourceManager/1.0.0-alpha.20220214.1 (.NET 6.0.1; Microsoft Windows 10.0.22000)",
        "x-ms-client-request-id": "11469b2cf08273aad6396bf87c389887",
        "x-ms-return-client-request-id": "true"
      },
      "RequestBody": null,
      "StatusCode": 200,
      "ResponseHeaders": {
        "Cache-Control": "no-cache",
        "Content-Length": "62",
        "Content-Type": "application/json; charset=utf-8",
        "Date": "Mon, 14 Feb 2022 16:40:00 GMT",
        "Expires": "-1",
        "Pragma": "no-cache",
        "Server": "Kestrel",
        "Strict-Transport-Security": "max-age=31536000; includeSubDomains",
        "X-Content-Type-Options": "nosniff",
        "x-ms-client-request-id": "11469b2cf08273aad6396bf87c389887",
        "x-ms-correlation-request-id": "339a43cc-2d0e-49ee-a839-030de6c14f4a",
        "x-ms-ratelimit-remaining-subscription-reads": "11989",
        "x-ms-request-id": "2f437727-b21e-4268-ba39-0f149f72cc64",
        "x-ms-routing-request-id": "WESTUS2:20220214T164001Z:339a43cc-2d0e-49ee-a839-030de6c14f4a"
      },
      "ResponseBody": {
        "status": "InProgress",
        "error": {
          "code": "None",
          "message": null
        }
      }
    },
    {
      "RequestUri": "https://management.azure.com/subscriptions/db1ab6f0-4769-4b27-930e-01e2ef9c123c/resourcegroups/testRg-3526/providers/Microsoft.Cdn/operationresults/8375685a-f898-461a-aa57-09da9d4f0dd4?api-version=2020-09-01",
      "RequestMethod": "GET",
      "RequestHeaders": {
        "Authorization": "Sanitized",
        "User-Agent": "azsdk-net-ResourceManager/1.0.0-alpha.20220214.1 (.NET 6.0.1; Microsoft Windows 10.0.22000) azsdk-net-ResourceManager/1.0.0-alpha.20220214.1 (.NET 6.0.1; Microsoft Windows 10.0.22000)",
        "x-ms-client-request-id": "f9a07754cbc4da2a6739e44a42cd4df5",
        "x-ms-return-client-request-id": "true"
      },
      "RequestBody": null,
      "StatusCode": 200,
      "ResponseHeaders": {
        "Cache-Control": "no-cache",
        "Content-Length": "62",
        "Content-Type": "application/json; charset=utf-8",
        "Date": "Mon, 14 Feb 2022 16:40:00 GMT",
        "Expires": "-1",
        "Pragma": "no-cache",
        "Server": "Kestrel",
        "Strict-Transport-Security": "max-age=31536000; includeSubDomains",
        "X-Content-Type-Options": "nosniff",
        "x-ms-client-request-id": "f9a07754cbc4da2a6739e44a42cd4df5",
        "x-ms-correlation-request-id": "71bde530-f718-42c4-9d93-c1cee365b241",
        "x-ms-ratelimit-remaining-subscription-reads": "11988",
        "x-ms-request-id": "e2cfd7a9-b678-4002-862f-3f60f9743afb",
        "x-ms-routing-request-id": "WESTUS2:20220214T164001Z:71bde530-f718-42c4-9d93-c1cee365b241"
      },
      "ResponseBody": {
        "status": "InProgress",
        "error": {
          "code": "None",
          "message": null
        }
      }
    },
    {
      "RequestUri": "https://management.azure.com/subscriptions/db1ab6f0-4769-4b27-930e-01e2ef9c123c/resourcegroups/testRg-3526/providers/Microsoft.Cdn/operationresults/8375685a-f898-461a-aa57-09da9d4f0dd4?api-version=2020-09-01",
      "RequestMethod": "GET",
      "RequestHeaders": {
        "Authorization": "Sanitized",
        "User-Agent": "azsdk-net-ResourceManager/1.0.0-alpha.20220214.1 (.NET 6.0.1; Microsoft Windows 10.0.22000) azsdk-net-ResourceManager/1.0.0-alpha.20220214.1 (.NET 6.0.1; Microsoft Windows 10.0.22000)",
        "x-ms-client-request-id": "a9f01c89d63dea886eec00d5d2bed0e2",
        "x-ms-return-client-request-id": "true"
      },
      "RequestBody": null,
      "StatusCode": 200,
      "ResponseHeaders": {
        "Cache-Control": "no-cache",
        "Content-Length": "62",
        "Content-Type": "application/json; charset=utf-8",
        "Date": "Mon, 14 Feb 2022 16:40:00 GMT",
        "Expires": "-1",
        "Pragma": "no-cache",
        "Server": "Kestrel",
        "Strict-Transport-Security": "max-age=31536000; includeSubDomains",
        "X-Content-Type-Options": "nosniff",
        "x-ms-client-request-id": "a9f01c89d63dea886eec00d5d2bed0e2",
        "x-ms-correlation-request-id": "5742fb17-535c-400b-99ee-6b4f095dcf4a",
        "x-ms-ratelimit-remaining-subscription-reads": "11987",
        "x-ms-request-id": "1569ad9c-00e1-47fb-b20e-4645d22100e3",
        "x-ms-routing-request-id": "WESTUS2:20220214T164001Z:5742fb17-535c-400b-99ee-6b4f095dcf4a"
      },
      "ResponseBody": {
        "status": "InProgress",
        "error": {
          "code": "None",
          "message": null
        }
      }
    },
    {
      "RequestUri": "https://management.azure.com/subscriptions/db1ab6f0-4769-4b27-930e-01e2ef9c123c/resourcegroups/testRg-3526/providers/Microsoft.Cdn/operationresults/8375685a-f898-461a-aa57-09da9d4f0dd4?api-version=2020-09-01",
      "RequestMethod": "GET",
      "RequestHeaders": {
        "Authorization": "Sanitized",
        "User-Agent": "azsdk-net-ResourceManager/1.0.0-alpha.20220214.1 (.NET 6.0.1; Microsoft Windows 10.0.22000) azsdk-net-ResourceManager/1.0.0-alpha.20220214.1 (.NET 6.0.1; Microsoft Windows 10.0.22000)",
        "x-ms-client-request-id": "3edda94ecf7b605c716ba9480b5f3108",
        "x-ms-return-client-request-id": "true"
      },
      "RequestBody": null,
      "StatusCode": 200,
      "ResponseHeaders": {
        "Cache-Control": "no-cache",
        "Content-Length": "62",
        "Content-Type": "application/json; charset=utf-8",
        "Date": "Mon, 14 Feb 2022 16:40:01 GMT",
        "Expires": "-1",
        "Pragma": "no-cache",
        "Server": "Kestrel",
        "Strict-Transport-Security": "max-age=31536000; includeSubDomains",
        "X-Content-Type-Options": "nosniff",
        "x-ms-client-request-id": "3edda94ecf7b605c716ba9480b5f3108",
        "x-ms-correlation-request-id": "3207aae1-3eb3-4c09-b303-16fed59a60a6",
        "x-ms-ratelimit-remaining-subscription-reads": "11986",
        "x-ms-request-id": "5e2f98db-ea0c-40f8-bcef-fe6c8bfa5170",
        "x-ms-routing-request-id": "WESTUS2:20220214T164001Z:3207aae1-3eb3-4c09-b303-16fed59a60a6"
      },
      "ResponseBody": {
        "status": "InProgress",
        "error": {
          "code": "None",
          "message": null
        }
      }
    },
    {
      "RequestUri": "https://management.azure.com/subscriptions/db1ab6f0-4769-4b27-930e-01e2ef9c123c/resourcegroups/testRg-3526/providers/Microsoft.Cdn/operationresults/8375685a-f898-461a-aa57-09da9d4f0dd4?api-version=2020-09-01",
      "RequestMethod": "GET",
      "RequestHeaders": {
        "Authorization": "Sanitized",
        "User-Agent": "azsdk-net-ResourceManager/1.0.0-alpha.20220214.1 (.NET 6.0.1; Microsoft Windows 10.0.22000) azsdk-net-ResourceManager/1.0.0-alpha.20220214.1 (.NET 6.0.1; Microsoft Windows 10.0.22000)",
        "x-ms-client-request-id": "606f75ebee487d4aeeb68bd8cb5408a9",
        "x-ms-return-client-request-id": "true"
      },
      "RequestBody": null,
      "StatusCode": 200,
      "ResponseHeaders": {
        "Cache-Control": "no-cache",
        "Content-Length": "62",
        "Content-Type": "application/json; charset=utf-8",
        "Date": "Mon, 14 Feb 2022 16:40:01 GMT",
        "Expires": "-1",
        "Pragma": "no-cache",
        "Server": "Kestrel",
        "Strict-Transport-Security": "max-age=31536000; includeSubDomains",
        "X-Content-Type-Options": "nosniff",
        "x-ms-client-request-id": "606f75ebee487d4aeeb68bd8cb5408a9",
        "x-ms-correlation-request-id": "3132b6a1-8e86-4fa5-81cc-14047c96db03",
        "x-ms-ratelimit-remaining-subscription-reads": "11985",
        "x-ms-request-id": "a08549ea-a446-45c0-87f6-e44854dda3d0",
        "x-ms-routing-request-id": "WESTUS2:20220214T164001Z:3132b6a1-8e86-4fa5-81cc-14047c96db03"
      },
      "ResponseBody": {
        "status": "InProgress",
        "error": {
          "code": "None",
          "message": null
        }
      }
    },
    {
      "RequestUri": "https://management.azure.com/subscriptions/db1ab6f0-4769-4b27-930e-01e2ef9c123c/resourcegroups/testRg-3526/providers/Microsoft.Cdn/operationresults/8375685a-f898-461a-aa57-09da9d4f0dd4?api-version=2020-09-01",
      "RequestMethod": "GET",
      "RequestHeaders": {
        "Authorization": "Sanitized",
        "User-Agent": "azsdk-net-ResourceManager/1.0.0-alpha.20220214.1 (.NET 6.0.1; Microsoft Windows 10.0.22000) azsdk-net-ResourceManager/1.0.0-alpha.20220214.1 (.NET 6.0.1; Microsoft Windows 10.0.22000)",
        "x-ms-client-request-id": "99fc01690eefb979bf8f37d12c3fde0f",
        "x-ms-return-client-request-id": "true"
      },
      "RequestBody": null,
      "StatusCode": 200,
      "ResponseHeaders": {
        "Cache-Control": "no-cache",
        "Content-Length": "62",
        "Content-Type": "application/json; charset=utf-8",
        "Date": "Mon, 14 Feb 2022 16:40:01 GMT",
        "Expires": "-1",
        "Pragma": "no-cache",
        "Server": "Kestrel",
        "Strict-Transport-Security": "max-age=31536000; includeSubDomains",
        "X-Content-Type-Options": "nosniff",
        "x-ms-client-request-id": "99fc01690eefb979bf8f37d12c3fde0f",
        "x-ms-correlation-request-id": "47fe6087-17cf-4c6b-b230-fcb20f8e52c8",
        "x-ms-ratelimit-remaining-subscription-reads": "11984",
        "x-ms-request-id": "9a036cc4-6372-4d69-bee6-d4efbfea38ab",
        "x-ms-routing-request-id": "WESTUS2:20220214T164002Z:47fe6087-17cf-4c6b-b230-fcb20f8e52c8"
      },
      "ResponseBody": {
        "status": "InProgress",
        "error": {
          "code": "None",
          "message": null
        }
      }
    },
    {
      "RequestUri": "https://management.azure.com/subscriptions/db1ab6f0-4769-4b27-930e-01e2ef9c123c/resourcegroups/testRg-3526/providers/Microsoft.Cdn/operationresults/8375685a-f898-461a-aa57-09da9d4f0dd4?api-version=2020-09-01",
      "RequestMethod": "GET",
      "RequestHeaders": {
        "Authorization": "Sanitized",
        "User-Agent": "azsdk-net-ResourceManager/1.0.0-alpha.20220214.1 (.NET 6.0.1; Microsoft Windows 10.0.22000) azsdk-net-ResourceManager/1.0.0-alpha.20220214.1 (.NET 6.0.1; Microsoft Windows 10.0.22000)",
        "x-ms-client-request-id": "5deaf7bb6f4e5f9a5e6050c54484951d",
        "x-ms-return-client-request-id": "true"
      },
      "RequestBody": null,
      "StatusCode": 200,
      "ResponseHeaders": {
        "Cache-Control": "no-cache",
        "Content-Length": "62",
        "Content-Type": "application/json; charset=utf-8",
        "Date": "Mon, 14 Feb 2022 16:40:01 GMT",
        "Expires": "-1",
        "Pragma": "no-cache",
        "Server": "Kestrel",
        "Strict-Transport-Security": "max-age=31536000; includeSubDomains",
        "X-Content-Type-Options": "nosniff",
        "x-ms-client-request-id": "5deaf7bb6f4e5f9a5e6050c54484951d",
        "x-ms-correlation-request-id": "ba35bfdd-3b88-447e-ab52-937f848b8b3d",
        "x-ms-ratelimit-remaining-subscription-reads": "11983",
        "x-ms-request-id": "9705f482-b74d-488d-b7f9-f6964b2f7f0e",
        "x-ms-routing-request-id": "WESTUS2:20220214T164002Z:ba35bfdd-3b88-447e-ab52-937f848b8b3d"
      },
      "ResponseBody": {
        "status": "InProgress",
        "error": {
          "code": "None",
          "message": null
        }
      }
    },
    {
      "RequestUri": "https://management.azure.com/subscriptions/db1ab6f0-4769-4b27-930e-01e2ef9c123c/resourcegroups/testRg-3526/providers/Microsoft.Cdn/operationresults/8375685a-f898-461a-aa57-09da9d4f0dd4?api-version=2020-09-01",
      "RequestMethod": "GET",
      "RequestHeaders": {
        "Authorization": "Sanitized",
        "User-Agent": "azsdk-net-ResourceManager/1.0.0-alpha.20220214.1 (.NET 6.0.1; Microsoft Windows 10.0.22000) azsdk-net-ResourceManager/1.0.0-alpha.20220214.1 (.NET 6.0.1; Microsoft Windows 10.0.22000)",
        "x-ms-client-request-id": "09df00639862dc19fbb6a1b8b67851ae",
        "x-ms-return-client-request-id": "true"
      },
      "RequestBody": null,
      "StatusCode": 200,
      "ResponseHeaders": {
        "Cache-Control": "no-cache",
        "Content-Length": "62",
        "Content-Type": "application/json; charset=utf-8",
        "Date": "Mon, 14 Feb 2022 16:40:01 GMT",
        "Expires": "-1",
        "Pragma": "no-cache",
        "Server": "Kestrel",
        "Strict-Transport-Security": "max-age=31536000; includeSubDomains",
        "X-Content-Type-Options": "nosniff",
        "x-ms-client-request-id": "09df00639862dc19fbb6a1b8b67851ae",
        "x-ms-correlation-request-id": "0e38266b-6d9c-44ee-ad94-afc177a6ed2d",
        "x-ms-ratelimit-remaining-subscription-reads": "11982",
        "x-ms-request-id": "6f3a4c9b-0ae7-4e5f-8e7f-333d60756025",
        "x-ms-routing-request-id": "WESTUS2:20220214T164002Z:0e38266b-6d9c-44ee-ad94-afc177a6ed2d"
      },
      "ResponseBody": {
        "status": "InProgress",
        "error": {
          "code": "None",
          "message": null
        }
      }
    },
    {
      "RequestUri": "https://management.azure.com/subscriptions/db1ab6f0-4769-4b27-930e-01e2ef9c123c/resourcegroups/testRg-3526/providers/Microsoft.Cdn/operationresults/8375685a-f898-461a-aa57-09da9d4f0dd4?api-version=2020-09-01",
      "RequestMethod": "GET",
      "RequestHeaders": {
        "Authorization": "Sanitized",
        "User-Agent": "azsdk-net-ResourceManager/1.0.0-alpha.20220214.1 (.NET 6.0.1; Microsoft Windows 10.0.22000) azsdk-net-ResourceManager/1.0.0-alpha.20220214.1 (.NET 6.0.1; Microsoft Windows 10.0.22000)",
        "x-ms-client-request-id": "d41c7bd7ab6af95a679c3a8ebeb4753a",
        "x-ms-return-client-request-id": "true"
      },
      "RequestBody": null,
      "StatusCode": 200,
      "ResponseHeaders": {
        "Cache-Control": "no-cache",
        "Content-Length": "62",
        "Content-Type": "application/json; charset=utf-8",
        "Date": "Mon, 14 Feb 2022 16:40:01 GMT",
        "Expires": "-1",
        "Pragma": "no-cache",
        "Server": "Kestrel",
        "Strict-Transport-Security": "max-age=31536000; includeSubDomains",
        "X-Content-Type-Options": "nosniff",
        "x-ms-client-request-id": "d41c7bd7ab6af95a679c3a8ebeb4753a",
        "x-ms-correlation-request-id": "f97cf269-9732-4f85-aeaf-1e1a5552fb26",
        "x-ms-ratelimit-remaining-subscription-reads": "11981",
        "x-ms-request-id": "cbe0dc32-4a1b-42e9-8415-701f9ce61a91",
        "x-ms-routing-request-id": "WESTUS2:20220214T164002Z:f97cf269-9732-4f85-aeaf-1e1a5552fb26"
      },
      "ResponseBody": {
        "status": "InProgress",
        "error": {
          "code": "None",
          "message": null
        }
      }
    },
    {
      "RequestUri": "https://management.azure.com/subscriptions/db1ab6f0-4769-4b27-930e-01e2ef9c123c/resourcegroups/testRg-3526/providers/Microsoft.Cdn/operationresults/8375685a-f898-461a-aa57-09da9d4f0dd4?api-version=2020-09-01",
      "RequestMethod": "GET",
      "RequestHeaders": {
        "Authorization": "Sanitized",
        "User-Agent": "azsdk-net-ResourceManager/1.0.0-alpha.20220214.1 (.NET 6.0.1; Microsoft Windows 10.0.22000) azsdk-net-ResourceManager/1.0.0-alpha.20220214.1 (.NET 6.0.1; Microsoft Windows 10.0.22000)",
        "x-ms-client-request-id": "2b6e1afad56023acdd0d6198cee1a9e6",
        "x-ms-return-client-request-id": "true"
      },
      "RequestBody": null,
      "StatusCode": 200,
      "ResponseHeaders": {
        "Cache-Control": "no-cache",
        "Content-Length": "62",
        "Content-Type": "application/json; charset=utf-8",
        "Date": "Mon, 14 Feb 2022 16:40:02 GMT",
        "Expires": "-1",
        "Pragma": "no-cache",
        "Server": "Kestrel",
        "Strict-Transport-Security": "max-age=31536000; includeSubDomains",
        "X-Content-Type-Options": "nosniff",
        "x-ms-client-request-id": "2b6e1afad56023acdd0d6198cee1a9e6",
        "x-ms-correlation-request-id": "729249a1-5eca-468b-a9ba-9185ab6e2953",
        "x-ms-ratelimit-remaining-subscription-reads": "11980",
        "x-ms-request-id": "7971a642-7159-476d-8a73-1cc9e4913a2b",
        "x-ms-routing-request-id": "WESTUS2:20220214T164002Z:729249a1-5eca-468b-a9ba-9185ab6e2953"
      },
      "ResponseBody": {
        "status": "InProgress",
        "error": {
          "code": "None",
          "message": null
        }
      }
    },
    {
      "RequestUri": "https://management.azure.com/subscriptions/db1ab6f0-4769-4b27-930e-01e2ef9c123c/resourcegroups/testRg-3526/providers/Microsoft.Cdn/operationresults/8375685a-f898-461a-aa57-09da9d4f0dd4?api-version=2020-09-01",
      "RequestMethod": "GET",
      "RequestHeaders": {
        "Authorization": "Sanitized",
        "User-Agent": "azsdk-net-ResourceManager/1.0.0-alpha.20220214.1 (.NET 6.0.1; Microsoft Windows 10.0.22000) azsdk-net-ResourceManager/1.0.0-alpha.20220214.1 (.NET 6.0.1; Microsoft Windows 10.0.22000)",
        "x-ms-client-request-id": "c8eea10fc168b8b2a6e5a2c65e8a1e47",
        "x-ms-return-client-request-id": "true"
      },
      "RequestBody": null,
      "StatusCode": 200,
      "ResponseHeaders": {
        "Cache-Control": "no-cache",
        "Content-Length": "62",
        "Content-Type": "application/json; charset=utf-8",
        "Date": "Mon, 14 Feb 2022 16:40:02 GMT",
        "Expires": "-1",
        "Pragma": "no-cache",
        "Server": "Kestrel",
        "Strict-Transport-Security": "max-age=31536000; includeSubDomains",
        "X-Content-Type-Options": "nosniff",
        "x-ms-client-request-id": "c8eea10fc168b8b2a6e5a2c65e8a1e47",
        "x-ms-correlation-request-id": "694437fe-7e2f-4b6f-bc1e-6089a00b8799",
        "x-ms-ratelimit-remaining-subscription-reads": "11979",
        "x-ms-request-id": "775e12d3-83fc-4c86-87f2-f7dd35f99a83",
        "x-ms-routing-request-id": "WESTUS2:20220214T164002Z:694437fe-7e2f-4b6f-bc1e-6089a00b8799"
      },
      "ResponseBody": {
        "status": "InProgress",
        "error": {
          "code": "None",
          "message": null
        }
      }
    },
    {
      "RequestUri": "https://management.azure.com/subscriptions/db1ab6f0-4769-4b27-930e-01e2ef9c123c/resourcegroups/testRg-3526/providers/Microsoft.Cdn/operationresults/8375685a-f898-461a-aa57-09da9d4f0dd4?api-version=2020-09-01",
      "RequestMethod": "GET",
      "RequestHeaders": {
        "Authorization": "Sanitized",
        "User-Agent": "azsdk-net-ResourceManager/1.0.0-alpha.20220214.1 (.NET 6.0.1; Microsoft Windows 10.0.22000) azsdk-net-ResourceManager/1.0.0-alpha.20220214.1 (.NET 6.0.1; Microsoft Windows 10.0.22000)",
        "x-ms-client-request-id": "9bbe66412509024dcef9f65d49c22b85",
        "x-ms-return-client-request-id": "true"
      },
      "RequestBody": null,
      "StatusCode": 200,
      "ResponseHeaders": {
        "Cache-Control": "no-cache",
        "Content-Length": "62",
        "Content-Type": "application/json; charset=utf-8",
        "Date": "Mon, 14 Feb 2022 16:40:02 GMT",
        "Expires": "-1",
        "Pragma": "no-cache",
        "Server": "Kestrel",
        "Strict-Transport-Security": "max-age=31536000; includeSubDomains",
        "X-Content-Type-Options": "nosniff",
        "x-ms-client-request-id": "9bbe66412509024dcef9f65d49c22b85",
        "x-ms-correlation-request-id": "4e0f4817-04dc-43bb-a3a7-8a6962bbc8c0",
        "x-ms-ratelimit-remaining-subscription-reads": "11978",
        "x-ms-request-id": "0229f02c-0409-4d78-b427-90db962e9dc8",
        "x-ms-routing-request-id": "WESTUS2:20220214T164002Z:4e0f4817-04dc-43bb-a3a7-8a6962bbc8c0"
      },
      "ResponseBody": {
        "status": "InProgress",
        "error": {
          "code": "None",
          "message": null
        }
      }
    },
    {
      "RequestUri": "https://management.azure.com/subscriptions/db1ab6f0-4769-4b27-930e-01e2ef9c123c/resourcegroups/testRg-3526/providers/Microsoft.Cdn/operationresults/8375685a-f898-461a-aa57-09da9d4f0dd4?api-version=2020-09-01",
      "RequestMethod": "GET",
      "RequestHeaders": {
        "Authorization": "Sanitized",
        "User-Agent": "azsdk-net-ResourceManager/1.0.0-alpha.20220214.1 (.NET 6.0.1; Microsoft Windows 10.0.22000) azsdk-net-ResourceManager/1.0.0-alpha.20220214.1 (.NET 6.0.1; Microsoft Windows 10.0.22000)",
        "x-ms-client-request-id": "1c7f53f3acc538d268b5857b32e6c452",
        "x-ms-return-client-request-id": "true"
      },
      "RequestBody": null,
      "StatusCode": 200,
      "ResponseHeaders": {
        "Cache-Control": "no-cache",
        "Content-Length": "62",
        "Content-Type": "application/json; charset=utf-8",
        "Date": "Mon, 14 Feb 2022 16:40:02 GMT",
        "Expires": "-1",
        "Pragma": "no-cache",
        "Server": "Kestrel",
        "Strict-Transport-Security": "max-age=31536000; includeSubDomains",
        "X-Content-Type-Options": "nosniff",
        "x-ms-client-request-id": "1c7f53f3acc538d268b5857b32e6c452",
        "x-ms-correlation-request-id": "03bc1f11-f6e9-4fe1-bcce-f46a681a5315",
        "x-ms-ratelimit-remaining-subscription-reads": "11977",
        "x-ms-request-id": "0a0f6314-7335-4b90-8fab-5a65b844d892",
        "x-ms-routing-request-id": "WESTUS2:20220214T164003Z:03bc1f11-f6e9-4fe1-bcce-f46a681a5315"
      },
      "ResponseBody": {
        "status": "InProgress",
        "error": {
          "code": "None",
          "message": null
        }
      }
    },
    {
      "RequestUri": "https://management.azure.com/subscriptions/db1ab6f0-4769-4b27-930e-01e2ef9c123c/resourcegroups/testRg-3526/providers/Microsoft.Cdn/operationresults/8375685a-f898-461a-aa57-09da9d4f0dd4?api-version=2020-09-01",
      "RequestMethod": "GET",
      "RequestHeaders": {
        "Authorization": "Sanitized",
        "User-Agent": "azsdk-net-ResourceManager/1.0.0-alpha.20220214.1 (.NET 6.0.1; Microsoft Windows 10.0.22000) azsdk-net-ResourceManager/1.0.0-alpha.20220214.1 (.NET 6.0.1; Microsoft Windows 10.0.22000)",
        "x-ms-client-request-id": "67561aef0d23eadc54ecfa6eca556ee3",
        "x-ms-return-client-request-id": "true"
      },
      "RequestBody": null,
      "StatusCode": 200,
      "ResponseHeaders": {
        "Cache-Control": "no-cache",
        "Content-Length": "62",
        "Content-Type": "application/json; charset=utf-8",
        "Date": "Mon, 14 Feb 2022 16:40:02 GMT",
        "Expires": "-1",
        "Pragma": "no-cache",
        "Server": "Kestrel",
        "Strict-Transport-Security": "max-age=31536000; includeSubDomains",
        "X-Content-Type-Options": "nosniff",
        "x-ms-client-request-id": "67561aef0d23eadc54ecfa6eca556ee3",
        "x-ms-correlation-request-id": "173eda32-5648-49a6-908f-e5e83344689b",
        "x-ms-ratelimit-remaining-subscription-reads": "11976",
        "x-ms-request-id": "a23ca6ab-ab94-4768-a95f-525671e2f1b2",
        "x-ms-routing-request-id": "WESTUS2:20220214T164003Z:173eda32-5648-49a6-908f-e5e83344689b"
      },
      "ResponseBody": {
        "status": "InProgress",
        "error": {
          "code": "None",
          "message": null
        }
      }
    },
    {
      "RequestUri": "https://management.azure.com/subscriptions/db1ab6f0-4769-4b27-930e-01e2ef9c123c/resourcegroups/testRg-3526/providers/Microsoft.Cdn/operationresults/8375685a-f898-461a-aa57-09da9d4f0dd4?api-version=2020-09-01",
      "RequestMethod": "GET",
      "RequestHeaders": {
        "Authorization": "Sanitized",
        "User-Agent": "azsdk-net-ResourceManager/1.0.0-alpha.20220214.1 (.NET 6.0.1; Microsoft Windows 10.0.22000) azsdk-net-ResourceManager/1.0.0-alpha.20220214.1 (.NET 6.0.1; Microsoft Windows 10.0.22000)",
        "x-ms-client-request-id": "0ad31cba010b9581938533549fd2cfe8",
        "x-ms-return-client-request-id": "true"
      },
      "RequestBody": null,
      "StatusCode": 200,
      "ResponseHeaders": {
        "Cache-Control": "no-cache",
        "Content-Length": "62",
        "Content-Type": "application/json; charset=utf-8",
        "Date": "Mon, 14 Feb 2022 16:40:02 GMT",
        "Expires": "-1",
        "Pragma": "no-cache",
        "Server": "Kestrel",
        "Strict-Transport-Security": "max-age=31536000; includeSubDomains",
        "X-Content-Type-Options": "nosniff",
        "x-ms-client-request-id": "0ad31cba010b9581938533549fd2cfe8",
        "x-ms-correlation-request-id": "62994aff-2fdb-4aeb-b99f-03d56e4d0ea3",
        "x-ms-ratelimit-remaining-subscription-reads": "11975",
        "x-ms-request-id": "ae45f2e5-baa2-4603-b3a9-bda35a7d632a",
        "x-ms-routing-request-id": "WESTUS2:20220214T164003Z:62994aff-2fdb-4aeb-b99f-03d56e4d0ea3"
      },
      "ResponseBody": {
        "status": "InProgress",
        "error": {
          "code": "None",
          "message": null
        }
      }
    },
    {
      "RequestUri": "https://management.azure.com/subscriptions/db1ab6f0-4769-4b27-930e-01e2ef9c123c/resourcegroups/testRg-3526/providers/Microsoft.Cdn/operationresults/8375685a-f898-461a-aa57-09da9d4f0dd4?api-version=2020-09-01",
      "RequestMethod": "GET",
      "RequestHeaders": {
        "Authorization": "Sanitized",
        "User-Agent": "azsdk-net-ResourceManager/1.0.0-alpha.20220214.1 (.NET 6.0.1; Microsoft Windows 10.0.22000) azsdk-net-ResourceManager/1.0.0-alpha.20220214.1 (.NET 6.0.1; Microsoft Windows 10.0.22000)",
        "x-ms-client-request-id": "2f6ea334c36be5627695c8d9b1646d13",
        "x-ms-return-client-request-id": "true"
      },
      "RequestBody": null,
      "StatusCode": 200,
      "ResponseHeaders": {
        "Cache-Control": "no-cache",
        "Content-Length": "62",
        "Content-Type": "application/json; charset=utf-8",
        "Date": "Mon, 14 Feb 2022 16:40:03 GMT",
        "Expires": "-1",
        "Pragma": "no-cache",
        "Server": "Kestrel",
        "Strict-Transport-Security": "max-age=31536000; includeSubDomains",
        "X-Content-Type-Options": "nosniff",
        "x-ms-client-request-id": "2f6ea334c36be5627695c8d9b1646d13",
        "x-ms-correlation-request-id": "a8a50ed7-8b05-4f3c-8bdb-b1cfa3530595",
        "x-ms-ratelimit-remaining-subscription-reads": "11974",
        "x-ms-request-id": "e5e60f0a-8478-44b0-874a-bc53df695e18",
        "x-ms-routing-request-id": "WESTUS2:20220214T164003Z:a8a50ed7-8b05-4f3c-8bdb-b1cfa3530595"
      },
      "ResponseBody": {
        "status": "InProgress",
        "error": {
          "code": "None",
          "message": null
        }
      }
    },
    {
      "RequestUri": "https://management.azure.com/subscriptions/db1ab6f0-4769-4b27-930e-01e2ef9c123c/resourcegroups/testRg-3526/providers/Microsoft.Cdn/operationresults/8375685a-f898-461a-aa57-09da9d4f0dd4?api-version=2020-09-01",
      "RequestMethod": "GET",
      "RequestHeaders": {
        "Authorization": "Sanitized",
        "User-Agent": "azsdk-net-ResourceManager/1.0.0-alpha.20220214.1 (.NET 6.0.1; Microsoft Windows 10.0.22000) azsdk-net-ResourceManager/1.0.0-alpha.20220214.1 (.NET 6.0.1; Microsoft Windows 10.0.22000)",
        "x-ms-client-request-id": "15c1a247ba13ed4798c1d49dda884a81",
        "x-ms-return-client-request-id": "true"
      },
      "RequestBody": null,
      "StatusCode": 200,
      "ResponseHeaders": {
        "Cache-Control": "no-cache",
        "Content-Length": "62",
        "Content-Type": "application/json; charset=utf-8",
        "Date": "Mon, 14 Feb 2022 16:40:03 GMT",
        "Expires": "-1",
        "Pragma": "no-cache",
        "Server": "Kestrel",
        "Strict-Transport-Security": "max-age=31536000; includeSubDomains",
        "X-Content-Type-Options": "nosniff",
        "x-ms-client-request-id": "15c1a247ba13ed4798c1d49dda884a81",
        "x-ms-correlation-request-id": "579f94ee-ed1b-47ad-8077-647d06734b6b",
        "x-ms-ratelimit-remaining-subscription-reads": "11973",
        "x-ms-request-id": "0c6ffd74-81b9-4f13-85fc-017104565696",
        "x-ms-routing-request-id": "WESTUS2:20220214T164003Z:579f94ee-ed1b-47ad-8077-647d06734b6b"
      },
      "ResponseBody": {
        "status": "InProgress",
        "error": {
          "code": "None",
          "message": null
        }
      }
    },
    {
      "RequestUri": "https://management.azure.com/subscriptions/db1ab6f0-4769-4b27-930e-01e2ef9c123c/resourcegroups/testRg-3526/providers/Microsoft.Cdn/operationresults/8375685a-f898-461a-aa57-09da9d4f0dd4?api-version=2020-09-01",
      "RequestMethod": "GET",
      "RequestHeaders": {
        "Authorization": "Sanitized",
        "User-Agent": "azsdk-net-ResourceManager/1.0.0-alpha.20220214.1 (.NET 6.0.1; Microsoft Windows 10.0.22000) azsdk-net-ResourceManager/1.0.0-alpha.20220214.1 (.NET 6.0.1; Microsoft Windows 10.0.22000)",
        "x-ms-client-request-id": "2739111c3ee7f678baed947639a7e32f",
        "x-ms-return-client-request-id": "true"
      },
      "RequestBody": null,
      "StatusCode": 200,
      "ResponseHeaders": {
        "Cache-Control": "no-cache",
        "Content-Length": "62",
        "Content-Type": "application/json; charset=utf-8",
        "Date": "Mon, 14 Feb 2022 16:40:03 GMT",
        "Expires": "-1",
        "Pragma": "no-cache",
        "Server": "Kestrel",
        "Strict-Transport-Security": "max-age=31536000; includeSubDomains",
        "X-Content-Type-Options": "nosniff",
        "x-ms-client-request-id": "2739111c3ee7f678baed947639a7e32f",
        "x-ms-correlation-request-id": "4e3aac44-4889-4bd1-b347-3d8274aeb595",
        "x-ms-ratelimit-remaining-subscription-reads": "11972",
        "x-ms-request-id": "9ce7f249-7648-4c72-bd6b-48c43c1a96cb",
        "x-ms-routing-request-id": "WESTUS2:20220214T164003Z:4e3aac44-4889-4bd1-b347-3d8274aeb595"
      },
      "ResponseBody": {
        "status": "InProgress",
        "error": {
          "code": "None",
          "message": null
        }
      }
    },
    {
      "RequestUri": "https://management.azure.com/subscriptions/db1ab6f0-4769-4b27-930e-01e2ef9c123c/resourcegroups/testRg-3526/providers/Microsoft.Cdn/operationresults/8375685a-f898-461a-aa57-09da9d4f0dd4?api-version=2020-09-01",
      "RequestMethod": "GET",
      "RequestHeaders": {
        "Authorization": "Sanitized",
        "User-Agent": "azsdk-net-ResourceManager/1.0.0-alpha.20220214.1 (.NET 6.0.1; Microsoft Windows 10.0.22000) azsdk-net-ResourceManager/1.0.0-alpha.20220214.1 (.NET 6.0.1; Microsoft Windows 10.0.22000)",
        "x-ms-client-request-id": "fd0d1f18b9117ad45c8097a9efc50bed",
        "x-ms-return-client-request-id": "true"
      },
      "RequestBody": null,
      "StatusCode": 200,
      "ResponseHeaders": {
        "Cache-Control": "no-cache",
        "Content-Length": "62",
        "Content-Type": "application/json; charset=utf-8",
        "Date": "Mon, 14 Feb 2022 16:40:03 GMT",
        "Expires": "-1",
        "Pragma": "no-cache",
        "Server": "Kestrel",
        "Strict-Transport-Security": "max-age=31536000; includeSubDomains",
        "X-Content-Type-Options": "nosniff",
        "x-ms-client-request-id": "fd0d1f18b9117ad45c8097a9efc50bed",
        "x-ms-correlation-request-id": "4c2bf739-fbe6-44c6-88ca-2af4fc8e920b",
        "x-ms-ratelimit-remaining-subscription-reads": "11971",
        "x-ms-request-id": "de312aa5-7d88-409c-afd3-3fa9741d65e0",
        "x-ms-routing-request-id": "WESTUS2:20220214T164004Z:4c2bf739-fbe6-44c6-88ca-2af4fc8e920b"
      },
      "ResponseBody": {
        "status": "InProgress",
        "error": {
          "code": "None",
          "message": null
        }
      }
    },
    {
      "RequestUri": "https://management.azure.com/subscriptions/db1ab6f0-4769-4b27-930e-01e2ef9c123c/resourcegroups/testRg-3526/providers/Microsoft.Cdn/operationresults/8375685a-f898-461a-aa57-09da9d4f0dd4?api-version=2020-09-01",
      "RequestMethod": "GET",
      "RequestHeaders": {
        "Authorization": "Sanitized",
        "User-Agent": "azsdk-net-ResourceManager/1.0.0-alpha.20220214.1 (.NET 6.0.1; Microsoft Windows 10.0.22000) azsdk-net-ResourceManager/1.0.0-alpha.20220214.1 (.NET 6.0.1; Microsoft Windows 10.0.22000)",
        "x-ms-client-request-id": "9fbd464a462a082c2aca5b2525d1b3f1",
        "x-ms-return-client-request-id": "true"
      },
      "RequestBody": null,
      "StatusCode": 200,
      "ResponseHeaders": {
        "Cache-Control": "no-cache",
        "Content-Length": "62",
        "Content-Type": "application/json; charset=utf-8",
        "Date": "Mon, 14 Feb 2022 16:40:03 GMT",
        "Expires": "-1",
        "Pragma": "no-cache",
        "Server": "Kestrel",
        "Strict-Transport-Security": "max-age=31536000; includeSubDomains",
        "X-Content-Type-Options": "nosniff",
        "x-ms-client-request-id": "9fbd464a462a082c2aca5b2525d1b3f1",
        "x-ms-correlation-request-id": "a85cc5bc-c29a-4133-a7e5-9c2a4b17a7c9",
        "x-ms-ratelimit-remaining-subscription-reads": "11970",
        "x-ms-request-id": "bb65d268-f986-4518-9b0d-eedb2153c932",
        "x-ms-routing-request-id": "WESTUS2:20220214T164004Z:a85cc5bc-c29a-4133-a7e5-9c2a4b17a7c9"
      },
      "ResponseBody": {
        "status": "InProgress",
        "error": {
          "code": "None",
          "message": null
        }
      }
    },
    {
      "RequestUri": "https://management.azure.com/subscriptions/db1ab6f0-4769-4b27-930e-01e2ef9c123c/resourcegroups/testRg-3526/providers/Microsoft.Cdn/operationresults/8375685a-f898-461a-aa57-09da9d4f0dd4?api-version=2020-09-01",
      "RequestMethod": "GET",
      "RequestHeaders": {
        "Authorization": "Sanitized",
        "User-Agent": "azsdk-net-ResourceManager/1.0.0-alpha.20220214.1 (.NET 6.0.1; Microsoft Windows 10.0.22000) azsdk-net-ResourceManager/1.0.0-alpha.20220214.1 (.NET 6.0.1; Microsoft Windows 10.0.22000)",
        "x-ms-client-request-id": "ba85a4de4d7b62703cbeca66a7ce07f5",
        "x-ms-return-client-request-id": "true"
      },
      "RequestBody": null,
      "StatusCode": 200,
      "ResponseHeaders": {
        "Cache-Control": "no-cache",
        "Content-Length": "62",
        "Content-Type": "application/json; charset=utf-8",
        "Date": "Mon, 14 Feb 2022 16:40:03 GMT",
        "Expires": "-1",
        "Pragma": "no-cache",
        "Server": "Kestrel",
        "Strict-Transport-Security": "max-age=31536000; includeSubDomains",
        "X-Content-Type-Options": "nosniff",
        "x-ms-client-request-id": "ba85a4de4d7b62703cbeca66a7ce07f5",
        "x-ms-correlation-request-id": "7869bf30-a285-46b7-aa51-05e438e54710",
        "x-ms-ratelimit-remaining-subscription-reads": "11969",
        "x-ms-request-id": "c6a6b941-9910-45f8-bf48-e1c4bf3b5d56",
        "x-ms-routing-request-id": "WESTUS2:20220214T164004Z:7869bf30-a285-46b7-aa51-05e438e54710"
      },
      "ResponseBody": {
        "status": "InProgress",
        "error": {
          "code": "None",
          "message": null
        }
      }
    },
    {
      "RequestUri": "https://management.azure.com/subscriptions/db1ab6f0-4769-4b27-930e-01e2ef9c123c/resourcegroups/testRg-3526/providers/Microsoft.Cdn/operationresults/8375685a-f898-461a-aa57-09da9d4f0dd4?api-version=2020-09-01",
      "RequestMethod": "GET",
      "RequestHeaders": {
        "Authorization": "Sanitized",
        "User-Agent": "azsdk-net-ResourceManager/1.0.0-alpha.20220214.1 (.NET 6.0.1; Microsoft Windows 10.0.22000) azsdk-net-ResourceManager/1.0.0-alpha.20220214.1 (.NET 6.0.1; Microsoft Windows 10.0.22000)",
        "x-ms-client-request-id": "f32ba6e243ead105f305d3475eaf548b",
        "x-ms-return-client-request-id": "true"
      },
      "RequestBody": null,
      "StatusCode": 200,
      "ResponseHeaders": {
        "Cache-Control": "no-cache",
        "Content-Length": "62",
        "Content-Type": "application/json; charset=utf-8",
        "Date": "Mon, 14 Feb 2022 16:40:03 GMT",
        "Expires": "-1",
        "Pragma": "no-cache",
        "Server": "Kestrel",
        "Strict-Transport-Security": "max-age=31536000; includeSubDomains",
        "X-Content-Type-Options": "nosniff",
        "x-ms-client-request-id": "f32ba6e243ead105f305d3475eaf548b",
        "x-ms-correlation-request-id": "26697ba2-dac3-45e1-9c7c-2fde03c127d1",
        "x-ms-ratelimit-remaining-subscription-reads": "11968",
        "x-ms-request-id": "bf95fd58-31c5-4da4-ae6c-39f623ef67cf",
        "x-ms-routing-request-id": "WESTUS2:20220214T164004Z:26697ba2-dac3-45e1-9c7c-2fde03c127d1"
      },
      "ResponseBody": {
        "status": "InProgress",
        "error": {
          "code": "None",
          "message": null
        }
      }
    },
    {
      "RequestUri": "https://management.azure.com/subscriptions/db1ab6f0-4769-4b27-930e-01e2ef9c123c/resourcegroups/testRg-3526/providers/Microsoft.Cdn/operationresults/8375685a-f898-461a-aa57-09da9d4f0dd4?api-version=2020-09-01",
      "RequestMethod": "GET",
      "RequestHeaders": {
        "Authorization": "Sanitized",
        "User-Agent": "azsdk-net-ResourceManager/1.0.0-alpha.20220214.1 (.NET 6.0.1; Microsoft Windows 10.0.22000) azsdk-net-ResourceManager/1.0.0-alpha.20220214.1 (.NET 6.0.1; Microsoft Windows 10.0.22000)",
        "x-ms-client-request-id": "4acba5cc5040fd72d65a636b7cc5605b",
        "x-ms-return-client-request-id": "true"
      },
      "RequestBody": null,
      "StatusCode": 200,
      "ResponseHeaders": {
        "Cache-Control": "no-cache",
        "Content-Length": "62",
        "Content-Type": "application/json; charset=utf-8",
        "Date": "Mon, 14 Feb 2022 16:40:04 GMT",
        "Expires": "-1",
        "Pragma": "no-cache",
        "Server": "Kestrel",
        "Strict-Transport-Security": "max-age=31536000; includeSubDomains",
        "X-Content-Type-Options": "nosniff",
        "x-ms-client-request-id": "4acba5cc5040fd72d65a636b7cc5605b",
        "x-ms-correlation-request-id": "2d8dc4ad-2e67-411b-bc6c-7b501396c08d",
        "x-ms-ratelimit-remaining-subscription-reads": "11967",
        "x-ms-request-id": "c5fedf5f-6aa9-47f8-9411-c3947409bb11",
        "x-ms-routing-request-id": "WESTUS2:20220214T164004Z:2d8dc4ad-2e67-411b-bc6c-7b501396c08d"
      },
      "ResponseBody": {
        "status": "InProgress",
        "error": {
          "code": "None",
          "message": null
        }
      }
    },
    {
      "RequestUri": "https://management.azure.com/subscriptions/db1ab6f0-4769-4b27-930e-01e2ef9c123c/resourcegroups/testRg-3526/providers/Microsoft.Cdn/operationresults/8375685a-f898-461a-aa57-09da9d4f0dd4?api-version=2020-09-01",
      "RequestMethod": "GET",
      "RequestHeaders": {
        "Authorization": "Sanitized",
        "User-Agent": "azsdk-net-ResourceManager/1.0.0-alpha.20220214.1 (.NET 6.0.1; Microsoft Windows 10.0.22000) azsdk-net-ResourceManager/1.0.0-alpha.20220214.1 (.NET 6.0.1; Microsoft Windows 10.0.22000)",
        "x-ms-client-request-id": "7f4365c2c0a69b069fb3c6767928048d",
        "x-ms-return-client-request-id": "true"
      },
      "RequestBody": null,
      "StatusCode": 200,
      "ResponseHeaders": {
        "Cache-Control": "no-cache",
        "Content-Length": "62",
        "Content-Type": "application/json; charset=utf-8",
        "Date": "Mon, 14 Feb 2022 16:40:04 GMT",
        "Expires": "-1",
        "Pragma": "no-cache",
        "Server": "Kestrel",
        "Strict-Transport-Security": "max-age=31536000; includeSubDomains",
        "X-Content-Type-Options": "nosniff",
        "x-ms-client-request-id": "7f4365c2c0a69b069fb3c6767928048d",
        "x-ms-correlation-request-id": "7f4c2a3b-ebf8-4488-8991-34ed3c054eeb",
        "x-ms-ratelimit-remaining-subscription-reads": "11966",
        "x-ms-request-id": "519e9022-f6b3-4a48-b95f-f1db595b23da",
        "x-ms-routing-request-id": "WESTUS2:20220214T164004Z:7f4c2a3b-ebf8-4488-8991-34ed3c054eeb"
      },
      "ResponseBody": {
        "status": "InProgress",
        "error": {
          "code": "None",
          "message": null
        }
      }
    },
    {
      "RequestUri": "https://management.azure.com/subscriptions/db1ab6f0-4769-4b27-930e-01e2ef9c123c/resourcegroups/testRg-3526/providers/Microsoft.Cdn/operationresults/8375685a-f898-461a-aa57-09da9d4f0dd4?api-version=2020-09-01",
      "RequestMethod": "GET",
      "RequestHeaders": {
        "Authorization": "Sanitized",
        "User-Agent": "azsdk-net-ResourceManager/1.0.0-alpha.20220214.1 (.NET 6.0.1; Microsoft Windows 10.0.22000) azsdk-net-ResourceManager/1.0.0-alpha.20220214.1 (.NET 6.0.1; Microsoft Windows 10.0.22000)",
        "x-ms-client-request-id": "01993e6abc0291b5332d1c90e099542d",
        "x-ms-return-client-request-id": "true"
      },
      "RequestBody": null,
      "StatusCode": 200,
      "ResponseHeaders": {
        "Cache-Control": "no-cache",
        "Content-Length": "62",
        "Content-Type": "application/json; charset=utf-8",
        "Date": "Mon, 14 Feb 2022 16:40:04 GMT",
        "Expires": "-1",
        "Pragma": "no-cache",
        "Server": "Kestrel",
        "Strict-Transport-Security": "max-age=31536000; includeSubDomains",
        "X-Content-Type-Options": "nosniff",
        "x-ms-client-request-id": "01993e6abc0291b5332d1c90e099542d",
        "x-ms-correlation-request-id": "c2c3a5e7-6ef5-48a6-a6ba-56b7e3431d97",
        "x-ms-ratelimit-remaining-subscription-reads": "11965",
        "x-ms-request-id": "309b1a3b-bea0-4263-b867-9085ae136eb7",
        "x-ms-routing-request-id": "WESTUS2:20220214T164005Z:c2c3a5e7-6ef5-48a6-a6ba-56b7e3431d97"
      },
      "ResponseBody": {
        "status": "InProgress",
        "error": {
          "code": "None",
          "message": null
        }
      }
    },
    {
      "RequestUri": "https://management.azure.com/subscriptions/db1ab6f0-4769-4b27-930e-01e2ef9c123c/resourcegroups/testRg-3526/providers/Microsoft.Cdn/operationresults/8375685a-f898-461a-aa57-09da9d4f0dd4?api-version=2020-09-01",
      "RequestMethod": "GET",
      "RequestHeaders": {
        "Authorization": "Sanitized",
        "User-Agent": "azsdk-net-ResourceManager/1.0.0-alpha.20220214.1 (.NET 6.0.1; Microsoft Windows 10.0.22000) azsdk-net-ResourceManager/1.0.0-alpha.20220214.1 (.NET 6.0.1; Microsoft Windows 10.0.22000)",
        "x-ms-client-request-id": "f98477a4d56b0ce59f30ab8c89fc83ad",
        "x-ms-return-client-request-id": "true"
      },
      "RequestBody": null,
      "StatusCode": 200,
      "ResponseHeaders": {
        "Cache-Control": "no-cache",
        "Content-Length": "62",
        "Content-Type": "application/json; charset=utf-8",
        "Date": "Mon, 14 Feb 2022 16:40:04 GMT",
        "Expires": "-1",
        "Pragma": "no-cache",
        "Server": "Kestrel",
        "Strict-Transport-Security": "max-age=31536000; includeSubDomains",
        "X-Content-Type-Options": "nosniff",
        "x-ms-client-request-id": "f98477a4d56b0ce59f30ab8c89fc83ad",
        "x-ms-correlation-request-id": "e2b85924-f148-4424-b1a1-21474ea0768c",
        "x-ms-ratelimit-remaining-subscription-reads": "11964",
        "x-ms-request-id": "ab1a9c32-7b6c-40c0-b66a-94951283757e",
        "x-ms-routing-request-id": "WESTUS2:20220214T164005Z:e2b85924-f148-4424-b1a1-21474ea0768c"
      },
      "ResponseBody": {
        "status": "InProgress",
        "error": {
          "code": "None",
          "message": null
        }
      }
    },
    {
      "RequestUri": "https://management.azure.com/subscriptions/db1ab6f0-4769-4b27-930e-01e2ef9c123c/resourcegroups/testRg-3526/providers/Microsoft.Cdn/operationresults/8375685a-f898-461a-aa57-09da9d4f0dd4?api-version=2020-09-01",
      "RequestMethod": "GET",
      "RequestHeaders": {
        "Authorization": "Sanitized",
        "User-Agent": "azsdk-net-ResourceManager/1.0.0-alpha.20220214.1 (.NET 6.0.1; Microsoft Windows 10.0.22000) azsdk-net-ResourceManager/1.0.0-alpha.20220214.1 (.NET 6.0.1; Microsoft Windows 10.0.22000)",
        "x-ms-client-request-id": "3d01d5555e2c0559b0b24b78a476ba05",
        "x-ms-return-client-request-id": "true"
      },
      "RequestBody": null,
      "StatusCode": 200,
      "ResponseHeaders": {
        "Cache-Control": "no-cache",
        "Content-Length": "62",
        "Content-Type": "application/json; charset=utf-8",
        "Date": "Mon, 14 Feb 2022 16:40:04 GMT",
        "Expires": "-1",
        "Pragma": "no-cache",
        "Server": "Kestrel",
        "Strict-Transport-Security": "max-age=31536000; includeSubDomains",
        "X-Content-Type-Options": "nosniff",
        "x-ms-client-request-id": "3d01d5555e2c0559b0b24b78a476ba05",
        "x-ms-correlation-request-id": "60933650-2fa1-4540-a3bd-f8ff61b4d203",
        "x-ms-ratelimit-remaining-subscription-reads": "11963",
        "x-ms-request-id": "d51bb82e-3d09-46b8-8995-5c343883c3df",
        "x-ms-routing-request-id": "WESTUS2:20220214T164005Z:60933650-2fa1-4540-a3bd-f8ff61b4d203"
      },
      "ResponseBody": {
        "status": "InProgress",
        "error": {
          "code": "None",
          "message": null
        }
      }
    },
    {
      "RequestUri": "https://management.azure.com/subscriptions/db1ab6f0-4769-4b27-930e-01e2ef9c123c/resourcegroups/testRg-3526/providers/Microsoft.Cdn/operationresults/8375685a-f898-461a-aa57-09da9d4f0dd4?api-version=2020-09-01",
      "RequestMethod": "GET",
      "RequestHeaders": {
        "Authorization": "Sanitized",
        "User-Agent": "azsdk-net-ResourceManager/1.0.0-alpha.20220214.1 (.NET 6.0.1; Microsoft Windows 10.0.22000) azsdk-net-ResourceManager/1.0.0-alpha.20220214.1 (.NET 6.0.1; Microsoft Windows 10.0.22000)",
        "x-ms-client-request-id": "02d1995f0ba49422598d62d211290737",
        "x-ms-return-client-request-id": "true"
      },
      "RequestBody": null,
      "StatusCode": 200,
      "ResponseHeaders": {
        "Cache-Control": "no-cache",
        "Content-Length": "62",
        "Content-Type": "application/json; charset=utf-8",
        "Date": "Mon, 14 Feb 2022 16:40:04 GMT",
        "Expires": "-1",
        "Pragma": "no-cache",
        "Server": "Kestrel",
        "Strict-Transport-Security": "max-age=31536000; includeSubDomains",
        "X-Content-Type-Options": "nosniff",
        "x-ms-client-request-id": "02d1995f0ba49422598d62d211290737",
        "x-ms-correlation-request-id": "843c072f-ed77-4d84-b968-4210cfbd5cec",
        "x-ms-ratelimit-remaining-subscription-reads": "11962",
        "x-ms-request-id": "e97000f2-1acd-4912-9217-944ec4252cd8",
        "x-ms-routing-request-id": "WESTUS2:20220214T164005Z:843c072f-ed77-4d84-b968-4210cfbd5cec"
      },
      "ResponseBody": {
        "status": "InProgress",
        "error": {
          "code": "None",
          "message": null
        }
      }
    },
    {
      "RequestUri": "https://management.azure.com/subscriptions/db1ab6f0-4769-4b27-930e-01e2ef9c123c/resourcegroups/testRg-3526/providers/Microsoft.Cdn/operationresults/8375685a-f898-461a-aa57-09da9d4f0dd4?api-version=2020-09-01",
      "RequestMethod": "GET",
      "RequestHeaders": {
        "Authorization": "Sanitized",
        "User-Agent": "azsdk-net-ResourceManager/1.0.0-alpha.20220214.1 (.NET 6.0.1; Microsoft Windows 10.0.22000) azsdk-net-ResourceManager/1.0.0-alpha.20220214.1 (.NET 6.0.1; Microsoft Windows 10.0.22000)",
        "x-ms-client-request-id": "0b3a6ea9179746011e7e48b9896c6829",
        "x-ms-return-client-request-id": "true"
      },
      "RequestBody": null,
      "StatusCode": 200,
      "ResponseHeaders": {
        "Cache-Control": "no-cache",
        "Content-Length": "62",
        "Content-Type": "application/json; charset=utf-8",
        "Date": "Mon, 14 Feb 2022 16:40:05 GMT",
        "Expires": "-1",
        "Pragma": "no-cache",
        "Server": "Kestrel",
        "Strict-Transport-Security": "max-age=31536000; includeSubDomains",
        "X-Content-Type-Options": "nosniff",
        "x-ms-client-request-id": "0b3a6ea9179746011e7e48b9896c6829",
        "x-ms-correlation-request-id": "1f938373-5349-49bd-a067-17c819405ab1",
        "x-ms-ratelimit-remaining-subscription-reads": "11961",
        "x-ms-request-id": "2fdefbaa-e9ef-4911-ade8-a9088633b6ad",
        "x-ms-routing-request-id": "WESTUS2:20220214T164005Z:1f938373-5349-49bd-a067-17c819405ab1"
      },
      "ResponseBody": {
        "status": "InProgress",
        "error": {
          "code": "None",
          "message": null
        }
      }
    },
    {
      "RequestUri": "https://management.azure.com/subscriptions/db1ab6f0-4769-4b27-930e-01e2ef9c123c/resourcegroups/testRg-3526/providers/Microsoft.Cdn/operationresults/8375685a-f898-461a-aa57-09da9d4f0dd4?api-version=2020-09-01",
      "RequestMethod": "GET",
      "RequestHeaders": {
        "Authorization": "Sanitized",
        "User-Agent": "azsdk-net-ResourceManager/1.0.0-alpha.20220214.1 (.NET 6.0.1; Microsoft Windows 10.0.22000) azsdk-net-ResourceManager/1.0.0-alpha.20220214.1 (.NET 6.0.1; Microsoft Windows 10.0.22000)",
        "x-ms-client-request-id": "f02da575812a4a09b26ce49efb86f486",
        "x-ms-return-client-request-id": "true"
      },
      "RequestBody": null,
      "StatusCode": 200,
      "ResponseHeaders": {
        "Cache-Control": "no-cache",
        "Content-Length": "62",
        "Content-Type": "application/json; charset=utf-8",
        "Date": "Mon, 14 Feb 2022 16:40:05 GMT",
        "Expires": "-1",
        "Pragma": "no-cache",
        "Server": "Kestrel",
        "Strict-Transport-Security": "max-age=31536000; includeSubDomains",
        "X-Content-Type-Options": "nosniff",
        "x-ms-client-request-id": "f02da575812a4a09b26ce49efb86f486",
        "x-ms-correlation-request-id": "5ab39940-d936-44ef-85bc-431c66038679",
        "x-ms-ratelimit-remaining-subscription-reads": "11960",
        "x-ms-request-id": "7233bb2a-882f-452d-a94d-23198d447ece",
        "x-ms-routing-request-id": "WESTUS2:20220214T164005Z:5ab39940-d936-44ef-85bc-431c66038679"
      },
      "ResponseBody": {
        "status": "InProgress",
        "error": {
          "code": "None",
          "message": null
        }
      }
    },
    {
      "RequestUri": "https://management.azure.com/subscriptions/db1ab6f0-4769-4b27-930e-01e2ef9c123c/resourcegroups/testRg-3526/providers/Microsoft.Cdn/operationresults/8375685a-f898-461a-aa57-09da9d4f0dd4?api-version=2020-09-01",
      "RequestMethod": "GET",
      "RequestHeaders": {
        "Authorization": "Sanitized",
        "User-Agent": "azsdk-net-ResourceManager/1.0.0-alpha.20220214.1 (.NET 6.0.1; Microsoft Windows 10.0.22000) azsdk-net-ResourceManager/1.0.0-alpha.20220214.1 (.NET 6.0.1; Microsoft Windows 10.0.22000)",
        "x-ms-client-request-id": "35cf14aaaf3b476d978ae425c2690aec",
        "x-ms-return-client-request-id": "true"
      },
      "RequestBody": null,
      "StatusCode": 200,
      "ResponseHeaders": {
        "Cache-Control": "no-cache",
        "Content-Length": "62",
        "Content-Type": "application/json; charset=utf-8",
        "Date": "Mon, 14 Feb 2022 16:40:05 GMT",
        "Expires": "-1",
        "Pragma": "no-cache",
        "Server": "Kestrel",
        "Strict-Transport-Security": "max-age=31536000; includeSubDomains",
        "X-Content-Type-Options": "nosniff",
        "x-ms-client-request-id": "35cf14aaaf3b476d978ae425c2690aec",
        "x-ms-correlation-request-id": "ede6a5eb-e309-462c-805e-037bc29e19cd",
        "x-ms-ratelimit-remaining-subscription-reads": "11959",
        "x-ms-request-id": "657d05dd-5943-4413-8151-e2d17c8e3f1f",
        "x-ms-routing-request-id": "WESTUS2:20220214T164006Z:ede6a5eb-e309-462c-805e-037bc29e19cd"
      },
      "ResponseBody": {
        "status": "InProgress",
        "error": {
          "code": "None",
          "message": null
        }
      }
    },
    {
      "RequestUri": "https://management.azure.com/subscriptions/db1ab6f0-4769-4b27-930e-01e2ef9c123c/resourcegroups/testRg-3526/providers/Microsoft.Cdn/operationresults/8375685a-f898-461a-aa57-09da9d4f0dd4?api-version=2020-09-01",
      "RequestMethod": "GET",
      "RequestHeaders": {
        "Authorization": "Sanitized",
        "User-Agent": "azsdk-net-ResourceManager/1.0.0-alpha.20220214.1 (.NET 6.0.1; Microsoft Windows 10.0.22000) azsdk-net-ResourceManager/1.0.0-alpha.20220214.1 (.NET 6.0.1; Microsoft Windows 10.0.22000)",
        "x-ms-client-request-id": "6b5c392516fc270c65f0582a32624a97",
        "x-ms-return-client-request-id": "true"
      },
      "RequestBody": null,
      "StatusCode": 200,
      "ResponseHeaders": {
        "Cache-Control": "no-cache",
        "Content-Length": "62",
        "Content-Type": "application/json; charset=utf-8",
        "Date": "Mon, 14 Feb 2022 16:40:05 GMT",
        "Expires": "-1",
        "Pragma": "no-cache",
        "Server": "Kestrel",
        "Strict-Transport-Security": "max-age=31536000; includeSubDomains",
        "X-Content-Type-Options": "nosniff",
        "x-ms-client-request-id": "6b5c392516fc270c65f0582a32624a97",
        "x-ms-correlation-request-id": "68b2913b-bba2-492a-92f0-bb314d9a360a",
        "x-ms-ratelimit-remaining-subscription-reads": "11958",
        "x-ms-request-id": "921d9b30-84ef-490f-9e76-d961cda18548",
        "x-ms-routing-request-id": "WESTUS2:20220214T164006Z:68b2913b-bba2-492a-92f0-bb314d9a360a"
      },
      "ResponseBody": {
        "status": "InProgress",
        "error": {
          "code": "None",
          "message": null
        }
      }
    },
    {
      "RequestUri": "https://management.azure.com/subscriptions/db1ab6f0-4769-4b27-930e-01e2ef9c123c/resourcegroups/testRg-3526/providers/Microsoft.Cdn/operationresults/8375685a-f898-461a-aa57-09da9d4f0dd4?api-version=2020-09-01",
      "RequestMethod": "GET",
      "RequestHeaders": {
        "Authorization": "Sanitized",
        "User-Agent": "azsdk-net-ResourceManager/1.0.0-alpha.20220214.1 (.NET 6.0.1; Microsoft Windows 10.0.22000) azsdk-net-ResourceManager/1.0.0-alpha.20220214.1 (.NET 6.0.1; Microsoft Windows 10.0.22000)",
        "x-ms-client-request-id": "750ec18a329dc5ed37e559a09de48749",
        "x-ms-return-client-request-id": "true"
      },
      "RequestBody": null,
      "StatusCode": 200,
      "ResponseHeaders": {
        "Cache-Control": "no-cache",
        "Content-Length": "62",
        "Content-Type": "application/json; charset=utf-8",
        "Date": "Mon, 14 Feb 2022 16:40:05 GMT",
        "Expires": "-1",
        "Pragma": "no-cache",
        "Server": "Kestrel",
        "Strict-Transport-Security": "max-age=31536000; includeSubDomains",
        "X-Content-Type-Options": "nosniff",
        "x-ms-client-request-id": "750ec18a329dc5ed37e559a09de48749",
        "x-ms-correlation-request-id": "7f046b8a-a4a6-401c-82be-2fc3beea8636",
        "x-ms-ratelimit-remaining-subscription-reads": "11957",
        "x-ms-request-id": "5158d9ad-9858-40ab-94cc-f442e3c67b17",
        "x-ms-routing-request-id": "WESTUS2:20220214T164006Z:7f046b8a-a4a6-401c-82be-2fc3beea8636"
      },
      "ResponseBody": {
        "status": "InProgress",
        "error": {
          "code": "None",
          "message": null
        }
      }
    },
    {
      "RequestUri": "https://management.azure.com/subscriptions/db1ab6f0-4769-4b27-930e-01e2ef9c123c/resourcegroups/testRg-3526/providers/Microsoft.Cdn/operationresults/8375685a-f898-461a-aa57-09da9d4f0dd4?api-version=2020-09-01",
      "RequestMethod": "GET",
      "RequestHeaders": {
        "Authorization": "Sanitized",
        "User-Agent": "azsdk-net-ResourceManager/1.0.0-alpha.20220214.1 (.NET 6.0.1; Microsoft Windows 10.0.22000) azsdk-net-ResourceManager/1.0.0-alpha.20220214.1 (.NET 6.0.1; Microsoft Windows 10.0.22000)",
        "x-ms-client-request-id": "c279f7628829948a07a7d04a57421435",
        "x-ms-return-client-request-id": "true"
      },
      "RequestBody": null,
      "StatusCode": 200,
      "ResponseHeaders": {
        "Cache-Control": "no-cache",
        "Content-Length": "62",
        "Content-Type": "application/json; charset=utf-8",
        "Date": "Mon, 14 Feb 2022 16:40:05 GMT",
        "Expires": "-1",
        "Pragma": "no-cache",
        "Server": "Kestrel",
        "Strict-Transport-Security": "max-age=31536000; includeSubDomains",
        "X-Content-Type-Options": "nosniff",
        "x-ms-client-request-id": "c279f7628829948a07a7d04a57421435",
        "x-ms-correlation-request-id": "f71f5933-b4e0-4dbd-ad9d-f11e796bbc67",
        "x-ms-ratelimit-remaining-subscription-reads": "11956",
        "x-ms-request-id": "51866e2c-a78c-45a9-8b33-8e3ae7912b17",
        "x-ms-routing-request-id": "WESTUS2:20220214T164006Z:f71f5933-b4e0-4dbd-ad9d-f11e796bbc67"
      },
      "ResponseBody": {
        "status": "InProgress",
        "error": {
          "code": "None",
          "message": null
        }
      }
    },
    {
      "RequestUri": "https://management.azure.com/subscriptions/db1ab6f0-4769-4b27-930e-01e2ef9c123c/resourcegroups/testRg-3526/providers/Microsoft.Cdn/operationresults/8375685a-f898-461a-aa57-09da9d4f0dd4?api-version=2020-09-01",
      "RequestMethod": "GET",
      "RequestHeaders": {
        "Authorization": "Sanitized",
        "User-Agent": "azsdk-net-ResourceManager/1.0.0-alpha.20220214.1 (.NET 6.0.1; Microsoft Windows 10.0.22000) azsdk-net-ResourceManager/1.0.0-alpha.20220214.1 (.NET 6.0.1; Microsoft Windows 10.0.22000)",
        "x-ms-client-request-id": "009b4c3f955bf24f4b963417bd6c8a80",
        "x-ms-return-client-request-id": "true"
      },
      "RequestBody": null,
      "StatusCode": 200,
      "ResponseHeaders": {
        "Cache-Control": "no-cache",
        "Content-Length": "62",
        "Content-Type": "application/json; charset=utf-8",
        "Date": "Mon, 14 Feb 2022 16:40:05 GMT",
        "Expires": "-1",
        "Pragma": "no-cache",
        "Server": "Kestrel",
        "Strict-Transport-Security": "max-age=31536000; includeSubDomains",
        "X-Content-Type-Options": "nosniff",
        "x-ms-client-request-id": "009b4c3f955bf24f4b963417bd6c8a80",
        "x-ms-correlation-request-id": "e4bf0493-fe54-4c68-938c-2c5d1f719f59",
        "x-ms-ratelimit-remaining-subscription-reads": "11955",
        "x-ms-request-id": "2a0fa320-f3c7-4471-baa0-37987ce991cd",
        "x-ms-routing-request-id": "WESTUS2:20220214T164006Z:e4bf0493-fe54-4c68-938c-2c5d1f719f59"
      },
      "ResponseBody": {
        "status": "InProgress",
        "error": {
          "code": "None",
          "message": null
        }
      }
    },
    {
      "RequestUri": "https://management.azure.com/subscriptions/db1ab6f0-4769-4b27-930e-01e2ef9c123c/resourcegroups/testRg-3526/providers/Microsoft.Cdn/operationresults/8375685a-f898-461a-aa57-09da9d4f0dd4?api-version=2020-09-01",
      "RequestMethod": "GET",
      "RequestHeaders": {
        "Authorization": "Sanitized",
        "User-Agent": "azsdk-net-ResourceManager/1.0.0-alpha.20220214.1 (.NET 6.0.1; Microsoft Windows 10.0.22000) azsdk-net-ResourceManager/1.0.0-alpha.20220214.1 (.NET 6.0.1; Microsoft Windows 10.0.22000)",
        "x-ms-client-request-id": "3bc80e6888e8016d377a6df562a26ef4",
        "x-ms-return-client-request-id": "true"
      },
      "RequestBody": null,
      "StatusCode": 200,
      "ResponseHeaders": {
        "Cache-Control": "no-cache",
        "Content-Length": "62",
        "Content-Type": "application/json; charset=utf-8",
        "Date": "Mon, 14 Feb 2022 16:40:06 GMT",
        "Expires": "-1",
        "Pragma": "no-cache",
        "Server": "Kestrel",
        "Strict-Transport-Security": "max-age=31536000; includeSubDomains",
        "X-Content-Type-Options": "nosniff",
        "x-ms-client-request-id": "3bc80e6888e8016d377a6df562a26ef4",
        "x-ms-correlation-request-id": "4575d797-1342-4eda-8bc6-2bf89a3ce3b4",
        "x-ms-ratelimit-remaining-subscription-reads": "11954",
        "x-ms-request-id": "a393b592-38f8-40ea-9ad9-003db7699da8",
        "x-ms-routing-request-id": "WESTUS2:20220214T164006Z:4575d797-1342-4eda-8bc6-2bf89a3ce3b4"
      },
      "ResponseBody": {
        "status": "InProgress",
        "error": {
          "code": "None",
          "message": null
        }
      }
    },
    {
      "RequestUri": "https://management.azure.com/subscriptions/db1ab6f0-4769-4b27-930e-01e2ef9c123c/resourcegroups/testRg-3526/providers/Microsoft.Cdn/operationresults/8375685a-f898-461a-aa57-09da9d4f0dd4?api-version=2020-09-01",
      "RequestMethod": "GET",
      "RequestHeaders": {
        "Authorization": "Sanitized",
        "User-Agent": "azsdk-net-ResourceManager/1.0.0-alpha.20220214.1 (.NET 6.0.1; Microsoft Windows 10.0.22000) azsdk-net-ResourceManager/1.0.0-alpha.20220214.1 (.NET 6.0.1; Microsoft Windows 10.0.22000)",
        "x-ms-client-request-id": "506024d08749cceea78776925473d69b",
        "x-ms-return-client-request-id": "true"
      },
      "RequestBody": null,
      "StatusCode": 200,
      "ResponseHeaders": {
        "Cache-Control": "no-cache",
        "Content-Length": "62",
        "Content-Type": "application/json; charset=utf-8",
        "Date": "Mon, 14 Feb 2022 16:40:06 GMT",
        "Expires": "-1",
        "Pragma": "no-cache",
        "Server": "Kestrel",
        "Strict-Transport-Security": "max-age=31536000; includeSubDomains",
        "X-Content-Type-Options": "nosniff",
        "x-ms-client-request-id": "506024d08749cceea78776925473d69b",
        "x-ms-correlation-request-id": "163de9b1-dafa-4f35-a8da-a04c344c3c08",
        "x-ms-ratelimit-remaining-subscription-reads": "11953",
        "x-ms-request-id": "e6e7a0c6-fed1-443f-a2fc-d12ff1949b5b",
        "x-ms-routing-request-id": "WESTUS2:20220214T164007Z:163de9b1-dafa-4f35-a8da-a04c344c3c08"
      },
      "ResponseBody": {
        "status": "InProgress",
        "error": {
          "code": "None",
          "message": null
        }
      }
    },
    {
      "RequestUri": "https://management.azure.com/subscriptions/db1ab6f0-4769-4b27-930e-01e2ef9c123c/resourcegroups/testRg-3526/providers/Microsoft.Cdn/operationresults/8375685a-f898-461a-aa57-09da9d4f0dd4?api-version=2020-09-01",
      "RequestMethod": "GET",
      "RequestHeaders": {
        "Authorization": "Sanitized",
        "User-Agent": "azsdk-net-ResourceManager/1.0.0-alpha.20220214.1 (.NET 6.0.1; Microsoft Windows 10.0.22000) azsdk-net-ResourceManager/1.0.0-alpha.20220214.1 (.NET 6.0.1; Microsoft Windows 10.0.22000)",
        "x-ms-client-request-id": "48e24f1cd97ab74cde99c9e1275a8fa8",
        "x-ms-return-client-request-id": "true"
      },
      "RequestBody": null,
      "StatusCode": 200,
      "ResponseHeaders": {
        "Cache-Control": "no-cache",
        "Content-Length": "62",
        "Content-Type": "application/json; charset=utf-8",
        "Date": "Mon, 14 Feb 2022 16:40:06 GMT",
        "Expires": "-1",
        "Pragma": "no-cache",
        "Server": "Kestrel",
        "Strict-Transport-Security": "max-age=31536000; includeSubDomains",
        "X-Content-Type-Options": "nosniff",
        "x-ms-client-request-id": "48e24f1cd97ab74cde99c9e1275a8fa8",
        "x-ms-correlation-request-id": "360a334d-caa4-4833-b9c2-9823c5a51d2e",
        "x-ms-ratelimit-remaining-subscription-reads": "11952",
        "x-ms-request-id": "b3c02887-4ef6-4014-93f4-3c47e172d4df",
        "x-ms-routing-request-id": "WESTUS2:20220214T164007Z:360a334d-caa4-4833-b9c2-9823c5a51d2e"
      },
      "ResponseBody": {
        "status": "InProgress",
        "error": {
          "code": "None",
          "message": null
        }
      }
    },
    {
      "RequestUri": "https://management.azure.com/subscriptions/db1ab6f0-4769-4b27-930e-01e2ef9c123c/resourcegroups/testRg-3526/providers/Microsoft.Cdn/operationresults/8375685a-f898-461a-aa57-09da9d4f0dd4?api-version=2020-09-01",
      "RequestMethod": "GET",
      "RequestHeaders": {
        "Authorization": "Sanitized",
        "User-Agent": "azsdk-net-ResourceManager/1.0.0-alpha.20220214.1 (.NET 6.0.1; Microsoft Windows 10.0.22000) azsdk-net-ResourceManager/1.0.0-alpha.20220214.1 (.NET 6.0.1; Microsoft Windows 10.0.22000)",
        "x-ms-client-request-id": "994640283a0ce13720fc946012dbadc3",
        "x-ms-return-client-request-id": "true"
      },
      "RequestBody": null,
      "StatusCode": 200,
      "ResponseHeaders": {
        "Cache-Control": "no-cache",
        "Content-Length": "62",
        "Content-Type": "application/json; charset=utf-8",
        "Date": "Mon, 14 Feb 2022 16:40:06 GMT",
        "Expires": "-1",
        "Pragma": "no-cache",
        "Server": "Kestrel",
        "Strict-Transport-Security": "max-age=31536000; includeSubDomains",
        "X-Content-Type-Options": "nosniff",
        "x-ms-client-request-id": "994640283a0ce13720fc946012dbadc3",
        "x-ms-correlation-request-id": "a9587356-052c-4941-9ca9-fd51ca6ac3c6",
        "x-ms-ratelimit-remaining-subscription-reads": "11951",
        "x-ms-request-id": "6751992e-233f-497a-bb2d-43c73d118535",
        "x-ms-routing-request-id": "WESTUS2:20220214T164007Z:a9587356-052c-4941-9ca9-fd51ca6ac3c6"
      },
      "ResponseBody": {
        "status": "InProgress",
        "error": {
          "code": "None",
          "message": null
        }
      }
    },
    {
      "RequestUri": "https://management.azure.com/subscriptions/db1ab6f0-4769-4b27-930e-01e2ef9c123c/resourcegroups/testRg-3526/providers/Microsoft.Cdn/operationresults/8375685a-f898-461a-aa57-09da9d4f0dd4?api-version=2020-09-01",
      "RequestMethod": "GET",
      "RequestHeaders": {
        "Authorization": "Sanitized",
        "User-Agent": "azsdk-net-ResourceManager/1.0.0-alpha.20220214.1 (.NET 6.0.1; Microsoft Windows 10.0.22000) azsdk-net-ResourceManager/1.0.0-alpha.20220214.1 (.NET 6.0.1; Microsoft Windows 10.0.22000)",
        "x-ms-client-request-id": "13d8d2a326c0f67ad7a871afbe0ca44c",
        "x-ms-return-client-request-id": "true"
      },
      "RequestBody": null,
      "StatusCode": 200,
      "ResponseHeaders": {
        "Cache-Control": "no-cache",
        "Content-Length": "62",
        "Content-Type": "application/json; charset=utf-8",
        "Date": "Mon, 14 Feb 2022 16:40:06 GMT",
        "Expires": "-1",
        "Pragma": "no-cache",
        "Server": "Kestrel",
        "Strict-Transport-Security": "max-age=31536000; includeSubDomains",
        "X-Content-Type-Options": "nosniff",
        "x-ms-client-request-id": "13d8d2a326c0f67ad7a871afbe0ca44c",
        "x-ms-correlation-request-id": "59b4a587-52b2-412b-9a86-cb7d828f9766",
        "x-ms-ratelimit-remaining-subscription-reads": "11950",
        "x-ms-request-id": "42c826a3-174f-4b30-ae78-108b474638eb",
        "x-ms-routing-request-id": "WESTUS2:20220214T164007Z:59b4a587-52b2-412b-9a86-cb7d828f9766"
      },
      "ResponseBody": {
        "status": "InProgress",
        "error": {
          "code": "None",
          "message": null
        }
      }
    },
    {
      "RequestUri": "https://management.azure.com/subscriptions/db1ab6f0-4769-4b27-930e-01e2ef9c123c/resourcegroups/testRg-3526/providers/Microsoft.Cdn/operationresults/8375685a-f898-461a-aa57-09da9d4f0dd4?api-version=2020-09-01",
      "RequestMethod": "GET",
      "RequestHeaders": {
        "Authorization": "Sanitized",
        "User-Agent": "azsdk-net-ResourceManager/1.0.0-alpha.20220214.1 (.NET 6.0.1; Microsoft Windows 10.0.22000) azsdk-net-ResourceManager/1.0.0-alpha.20220214.1 (.NET 6.0.1; Microsoft Windows 10.0.22000)",
        "x-ms-client-request-id": "136acdf83c2ce28e1700277d44eba503",
        "x-ms-return-client-request-id": "true"
      },
      "RequestBody": null,
      "StatusCode": 200,
      "ResponseHeaders": {
        "Cache-Control": "no-cache",
        "Content-Length": "62",
        "Content-Type": "application/json; charset=utf-8",
        "Date": "Mon, 14 Feb 2022 16:40:06 GMT",
        "Expires": "-1",
        "Pragma": "no-cache",
        "Server": "Kestrel",
        "Strict-Transport-Security": "max-age=31536000; includeSubDomains",
        "X-Content-Type-Options": "nosniff",
        "x-ms-client-request-id": "136acdf83c2ce28e1700277d44eba503",
        "x-ms-correlation-request-id": "8a7c6c00-9f82-469a-aae0-30168d600428",
        "x-ms-ratelimit-remaining-subscription-reads": "11949",
        "x-ms-request-id": "dbbc312a-02d5-461d-a227-70a768101b59",
        "x-ms-routing-request-id": "WESTUS2:20220214T164007Z:8a7c6c00-9f82-469a-aae0-30168d600428"
      },
      "ResponseBody": {
        "status": "InProgress",
        "error": {
          "code": "None",
          "message": null
        }
      }
    },
    {
      "RequestUri": "https://management.azure.com/subscriptions/db1ab6f0-4769-4b27-930e-01e2ef9c123c/resourcegroups/testRg-3526/providers/Microsoft.Cdn/operationresults/8375685a-f898-461a-aa57-09da9d4f0dd4?api-version=2020-09-01",
      "RequestMethod": "GET",
      "RequestHeaders": {
        "Authorization": "Sanitized",
        "User-Agent": "azsdk-net-ResourceManager/1.0.0-alpha.20220214.1 (.NET 6.0.1; Microsoft Windows 10.0.22000) azsdk-net-ResourceManager/1.0.0-alpha.20220214.1 (.NET 6.0.1; Microsoft Windows 10.0.22000)",
        "x-ms-client-request-id": "553d05ec7c8202e7c54fc263c8882313",
        "x-ms-return-client-request-id": "true"
      },
      "RequestBody": null,
      "StatusCode": 200,
      "ResponseHeaders": {
        "Cache-Control": "no-cache",
        "Content-Length": "62",
        "Content-Type": "application/json; charset=utf-8",
        "Date": "Mon, 14 Feb 2022 16:40:07 GMT",
        "Expires": "-1",
        "Pragma": "no-cache",
        "Server": "Kestrel",
        "Strict-Transport-Security": "max-age=31536000; includeSubDomains",
        "X-Content-Type-Options": "nosniff",
        "x-ms-client-request-id": "553d05ec7c8202e7c54fc263c8882313",
        "x-ms-correlation-request-id": "be27c42b-4399-4bee-8e65-c893caf53a2e",
        "x-ms-ratelimit-remaining-subscription-reads": "11948",
        "x-ms-request-id": "ab58a09d-9750-4ccf-8f7e-41518b9b012b",
        "x-ms-routing-request-id": "WESTUS2:20220214T164007Z:be27c42b-4399-4bee-8e65-c893caf53a2e"
      },
      "ResponseBody": {
        "status": "InProgress",
        "error": {
          "code": "None",
          "message": null
        }
      }
    },
    {
      "RequestUri": "https://management.azure.com/subscriptions/db1ab6f0-4769-4b27-930e-01e2ef9c123c/resourcegroups/testRg-3526/providers/Microsoft.Cdn/operationresults/8375685a-f898-461a-aa57-09da9d4f0dd4?api-version=2020-09-01",
      "RequestMethod": "GET",
      "RequestHeaders": {
        "Authorization": "Sanitized",
        "User-Agent": "azsdk-net-ResourceManager/1.0.0-alpha.20220214.1 (.NET 6.0.1; Microsoft Windows 10.0.22000) azsdk-net-ResourceManager/1.0.0-alpha.20220214.1 (.NET 6.0.1; Microsoft Windows 10.0.22000)",
        "x-ms-client-request-id": "446847579970669743f5fbc0fefcb2eb",
        "x-ms-return-client-request-id": "true"
      },
      "RequestBody": null,
      "StatusCode": 200,
      "ResponseHeaders": {
        "Cache-Control": "no-cache",
        "Content-Length": "62",
        "Content-Type": "application/json; charset=utf-8",
        "Date": "Mon, 14 Feb 2022 16:40:07 GMT",
        "Expires": "-1",
        "Pragma": "no-cache",
        "Server": "Kestrel",
        "Strict-Transport-Security": "max-age=31536000; includeSubDomains",
        "X-Content-Type-Options": "nosniff",
        "x-ms-client-request-id": "446847579970669743f5fbc0fefcb2eb",
        "x-ms-correlation-request-id": "e90137d1-e57e-42a0-95aa-441de829e082",
        "x-ms-ratelimit-remaining-subscription-reads": "11947",
        "x-ms-request-id": "fab32dc5-47bb-4cbd-86e5-60e415b52547",
        "x-ms-routing-request-id": "WESTUS2:20220214T164007Z:e90137d1-e57e-42a0-95aa-441de829e082"
      },
      "ResponseBody": {
        "status": "InProgress",
        "error": {
          "code": "None",
          "message": null
        }
      }
    },
    {
      "RequestUri": "https://management.azure.com/subscriptions/db1ab6f0-4769-4b27-930e-01e2ef9c123c/resourcegroups/testRg-3526/providers/Microsoft.Cdn/operationresults/8375685a-f898-461a-aa57-09da9d4f0dd4?api-version=2020-09-01",
      "RequestMethod": "GET",
      "RequestHeaders": {
        "Authorization": "Sanitized",
        "User-Agent": "azsdk-net-ResourceManager/1.0.0-alpha.20220214.1 (.NET 6.0.1; Microsoft Windows 10.0.22000) azsdk-net-ResourceManager/1.0.0-alpha.20220214.1 (.NET 6.0.1; Microsoft Windows 10.0.22000)",
        "x-ms-client-request-id": "b8c36d034fcf7ccae5674edc7a2b198f",
        "x-ms-return-client-request-id": "true"
      },
      "RequestBody": null,
      "StatusCode": 200,
      "ResponseHeaders": {
        "Cache-Control": "no-cache",
        "Content-Length": "62",
        "Content-Type": "application/json; charset=utf-8",
        "Date": "Mon, 14 Feb 2022 16:40:07 GMT",
        "Expires": "-1",
        "Pragma": "no-cache",
        "Server": "Kestrel",
        "Strict-Transport-Security": "max-age=31536000; includeSubDomains",
        "X-Content-Type-Options": "nosniff",
        "x-ms-client-request-id": "b8c36d034fcf7ccae5674edc7a2b198f",
        "x-ms-correlation-request-id": "b886205c-09d7-4524-902b-ef5751911bdd",
        "x-ms-ratelimit-remaining-subscription-reads": "11946",
        "x-ms-request-id": "629ce14f-8d1d-4103-8c8a-860dd51e5336",
        "x-ms-routing-request-id": "WESTUS2:20220214T164008Z:b886205c-09d7-4524-902b-ef5751911bdd"
      },
      "ResponseBody": {
        "status": "InProgress",
        "error": {
          "code": "None",
          "message": null
        }
      }
    },
    {
      "RequestUri": "https://management.azure.com/subscriptions/db1ab6f0-4769-4b27-930e-01e2ef9c123c/resourcegroups/testRg-3526/providers/Microsoft.Cdn/operationresults/8375685a-f898-461a-aa57-09da9d4f0dd4?api-version=2020-09-01",
      "RequestMethod": "GET",
      "RequestHeaders": {
        "Authorization": "Sanitized",
        "User-Agent": "azsdk-net-ResourceManager/1.0.0-alpha.20220214.1 (.NET 6.0.1; Microsoft Windows 10.0.22000) azsdk-net-ResourceManager/1.0.0-alpha.20220214.1 (.NET 6.0.1; Microsoft Windows 10.0.22000)",
        "x-ms-client-request-id": "fd2613dd608352926ed6118c802703c9",
        "x-ms-return-client-request-id": "true"
      },
      "RequestBody": null,
      "StatusCode": 200,
      "ResponseHeaders": {
        "Cache-Control": "no-cache",
        "Content-Length": "62",
        "Content-Type": "application/json; charset=utf-8",
        "Date": "Mon, 14 Feb 2022 16:40:07 GMT",
        "Expires": "-1",
        "Pragma": "no-cache",
        "Server": "Kestrel",
        "Strict-Transport-Security": "max-age=31536000; includeSubDomains",
        "X-Content-Type-Options": "nosniff",
        "x-ms-client-request-id": "fd2613dd608352926ed6118c802703c9",
        "x-ms-correlation-request-id": "8c4df7c0-9ad8-4e7c-aed6-cf86ed240383",
        "x-ms-ratelimit-remaining-subscription-reads": "11945",
        "x-ms-request-id": "dc7b2fd3-959a-4535-9fd4-eecb9c1eb1bb",
        "x-ms-routing-request-id": "WESTUS2:20220214T164008Z:8c4df7c0-9ad8-4e7c-aed6-cf86ed240383"
      },
      "ResponseBody": {
        "status": "InProgress",
        "error": {
          "code": "None",
          "message": null
        }
      }
    },
    {
      "RequestUri": "https://management.azure.com/subscriptions/db1ab6f0-4769-4b27-930e-01e2ef9c123c/resourcegroups/testRg-3526/providers/Microsoft.Cdn/operationresults/8375685a-f898-461a-aa57-09da9d4f0dd4?api-version=2020-09-01",
      "RequestMethod": "GET",
      "RequestHeaders": {
        "Authorization": "Sanitized",
        "User-Agent": "azsdk-net-ResourceManager/1.0.0-alpha.20220214.1 (.NET 6.0.1; Microsoft Windows 10.0.22000) azsdk-net-ResourceManager/1.0.0-alpha.20220214.1 (.NET 6.0.1; Microsoft Windows 10.0.22000)",
        "x-ms-client-request-id": "5a60d69d6ac508447ceb5e094bbaec18",
        "x-ms-return-client-request-id": "true"
      },
      "RequestBody": null,
      "StatusCode": 200,
      "ResponseHeaders": {
        "Cache-Control": "no-cache",
        "Content-Length": "62",
        "Content-Type": "application/json; charset=utf-8",
        "Date": "Mon, 14 Feb 2022 16:40:07 GMT",
        "Expires": "-1",
        "Pragma": "no-cache",
        "Server": "Kestrel",
        "Strict-Transport-Security": "max-age=31536000; includeSubDomains",
        "X-Content-Type-Options": "nosniff",
        "x-ms-client-request-id": "5a60d69d6ac508447ceb5e094bbaec18",
        "x-ms-correlation-request-id": "08bc88ee-03ba-440a-90d7-73280515cd81",
        "x-ms-ratelimit-remaining-subscription-reads": "11944",
        "x-ms-request-id": "44846b26-5abc-44e0-aecf-f529d5d738b1",
        "x-ms-routing-request-id": "WESTUS2:20220214T164008Z:08bc88ee-03ba-440a-90d7-73280515cd81"
      },
      "ResponseBody": {
        "status": "InProgress",
        "error": {
          "code": "None",
          "message": null
        }
      }
    },
    {
      "RequestUri": "https://management.azure.com/subscriptions/db1ab6f0-4769-4b27-930e-01e2ef9c123c/resourcegroups/testRg-3526/providers/Microsoft.Cdn/operationresults/8375685a-f898-461a-aa57-09da9d4f0dd4?api-version=2020-09-01",
      "RequestMethod": "GET",
      "RequestHeaders": {
        "Authorization": "Sanitized",
        "User-Agent": "azsdk-net-ResourceManager/1.0.0-alpha.20220214.1 (.NET 6.0.1; Microsoft Windows 10.0.22000) azsdk-net-ResourceManager/1.0.0-alpha.20220214.1 (.NET 6.0.1; Microsoft Windows 10.0.22000)",
        "x-ms-client-request-id": "eae26bdcb4d5a267db704af83d3efbbd",
        "x-ms-return-client-request-id": "true"
      },
      "RequestBody": null,
      "StatusCode": 200,
      "ResponseHeaders": {
        "Cache-Control": "no-cache",
        "Content-Length": "62",
        "Content-Type": "application/json; charset=utf-8",
        "Date": "Mon, 14 Feb 2022 16:40:07 GMT",
        "Expires": "-1",
        "Pragma": "no-cache",
        "Server": "Kestrel",
        "Strict-Transport-Security": "max-age=31536000; includeSubDomains",
        "X-Content-Type-Options": "nosniff",
        "x-ms-client-request-id": "eae26bdcb4d5a267db704af83d3efbbd",
        "x-ms-correlation-request-id": "e78575b6-1c1d-4465-9547-1063c2f04d32",
        "x-ms-ratelimit-remaining-subscription-reads": "11943",
        "x-ms-request-id": "bfedcf6a-e813-46c4-aebc-0d275b5d6595",
        "x-ms-routing-request-id": "WESTUS2:20220214T164008Z:e78575b6-1c1d-4465-9547-1063c2f04d32"
      },
      "ResponseBody": {
        "status": "InProgress",
        "error": {
          "code": "None",
          "message": null
        }
      }
    },
    {
      "RequestUri": "https://management.azure.com/subscriptions/db1ab6f0-4769-4b27-930e-01e2ef9c123c/resourcegroups/testRg-3526/providers/Microsoft.Cdn/operationresults/8375685a-f898-461a-aa57-09da9d4f0dd4?api-version=2020-09-01",
      "RequestMethod": "GET",
      "RequestHeaders": {
        "Authorization": "Sanitized",
        "User-Agent": "azsdk-net-ResourceManager/1.0.0-alpha.20220214.1 (.NET 6.0.1; Microsoft Windows 10.0.22000) azsdk-net-ResourceManager/1.0.0-alpha.20220214.1 (.NET 6.0.1; Microsoft Windows 10.0.22000)",
        "x-ms-client-request-id": "a33e8463becb72cacf1e8098028907b3",
        "x-ms-return-client-request-id": "true"
      },
      "RequestBody": null,
      "StatusCode": 200,
      "ResponseHeaders": {
        "Cache-Control": "no-cache",
        "Content-Length": "62",
        "Content-Type": "application/json; charset=utf-8",
        "Date": "Mon, 14 Feb 2022 16:40:08 GMT",
        "Expires": "-1",
        "Pragma": "no-cache",
        "Server": "Kestrel",
        "Strict-Transport-Security": "max-age=31536000; includeSubDomains",
        "X-Content-Type-Options": "nosniff",
        "x-ms-client-request-id": "a33e8463becb72cacf1e8098028907b3",
        "x-ms-correlation-request-id": "3c9dbf56-4c3c-49b3-871e-324c1f1e04bf",
        "x-ms-ratelimit-remaining-subscription-reads": "11942",
        "x-ms-request-id": "86e64f0a-f48f-46b8-afb0-0e9a1ed36385",
        "x-ms-routing-request-id": "WESTUS2:20220214T164008Z:3c9dbf56-4c3c-49b3-871e-324c1f1e04bf"
      },
      "ResponseBody": {
        "status": "InProgress",
        "error": {
          "code": "None",
          "message": null
        }
      }
    },
    {
      "RequestUri": "https://management.azure.com/subscriptions/db1ab6f0-4769-4b27-930e-01e2ef9c123c/resourcegroups/testRg-3526/providers/Microsoft.Cdn/operationresults/8375685a-f898-461a-aa57-09da9d4f0dd4?api-version=2020-09-01",
      "RequestMethod": "GET",
      "RequestHeaders": {
        "Authorization": "Sanitized",
        "User-Agent": "azsdk-net-ResourceManager/1.0.0-alpha.20220214.1 (.NET 6.0.1; Microsoft Windows 10.0.22000) azsdk-net-ResourceManager/1.0.0-alpha.20220214.1 (.NET 6.0.1; Microsoft Windows 10.0.22000)",
        "x-ms-client-request-id": "14aff9ea1945e9f36fbd7f54204bcb3d",
        "x-ms-return-client-request-id": "true"
      },
      "RequestBody": null,
      "StatusCode": 200,
      "ResponseHeaders": {
        "Cache-Control": "no-cache",
        "Content-Length": "62",
        "Content-Type": "application/json; charset=utf-8",
        "Date": "Mon, 14 Feb 2022 16:40:08 GMT",
        "Expires": "-1",
        "Pragma": "no-cache",
        "Server": "Kestrel",
        "Strict-Transport-Security": "max-age=31536000; includeSubDomains",
        "X-Content-Type-Options": "nosniff",
        "x-ms-client-request-id": "14aff9ea1945e9f36fbd7f54204bcb3d",
        "x-ms-correlation-request-id": "c90011da-351c-43c6-a337-83b54a2c4e68",
        "x-ms-ratelimit-remaining-subscription-reads": "11941",
        "x-ms-request-id": "b292e1a0-51fa-4f3f-9952-4fee9985daf7",
        "x-ms-routing-request-id": "WESTUS2:20220214T164008Z:c90011da-351c-43c6-a337-83b54a2c4e68"
      },
      "ResponseBody": {
        "status": "InProgress",
        "error": {
          "code": "None",
          "message": null
        }
      }
    },
    {
      "RequestUri": "https://management.azure.com/subscriptions/db1ab6f0-4769-4b27-930e-01e2ef9c123c/resourcegroups/testRg-3526/providers/Microsoft.Cdn/operationresults/8375685a-f898-461a-aa57-09da9d4f0dd4?api-version=2020-09-01",
      "RequestMethod": "GET",
      "RequestHeaders": {
        "Authorization": "Sanitized",
        "User-Agent": "azsdk-net-ResourceManager/1.0.0-alpha.20220214.1 (.NET 6.0.1; Microsoft Windows 10.0.22000) azsdk-net-ResourceManager/1.0.0-alpha.20220214.1 (.NET 6.0.1; Microsoft Windows 10.0.22000)",
        "x-ms-client-request-id": "c6a5a0ef487b1d4da1701bb733cfa051",
        "x-ms-return-client-request-id": "true"
      },
      "RequestBody": null,
      "StatusCode": 200,
      "ResponseHeaders": {
        "Cache-Control": "no-cache",
        "Content-Length": "62",
        "Content-Type": "application/json; charset=utf-8",
        "Date": "Mon, 14 Feb 2022 16:40:08 GMT",
        "Expires": "-1",
        "Pragma": "no-cache",
        "Server": "Kestrel",
        "Strict-Transport-Security": "max-age=31536000; includeSubDomains",
        "X-Content-Type-Options": "nosniff",
        "x-ms-client-request-id": "c6a5a0ef487b1d4da1701bb733cfa051",
        "x-ms-correlation-request-id": "206c5c7f-25a5-4814-a62d-613031f8f74f",
        "x-ms-ratelimit-remaining-subscription-reads": "11940",
        "x-ms-request-id": "ee9c20d6-35c7-4e9b-af57-23d56a6d4f76",
        "x-ms-routing-request-id": "WESTUS2:20220214T164009Z:206c5c7f-25a5-4814-a62d-613031f8f74f"
      },
      "ResponseBody": {
        "status": "InProgress",
        "error": {
          "code": "None",
          "message": null
        }
      }
    },
    {
      "RequestUri": "https://management.azure.com/subscriptions/db1ab6f0-4769-4b27-930e-01e2ef9c123c/resourcegroups/testRg-3526/providers/Microsoft.Cdn/operationresults/8375685a-f898-461a-aa57-09da9d4f0dd4?api-version=2020-09-01",
      "RequestMethod": "GET",
      "RequestHeaders": {
        "Authorization": "Sanitized",
        "User-Agent": "azsdk-net-ResourceManager/1.0.0-alpha.20220214.1 (.NET 6.0.1; Microsoft Windows 10.0.22000) azsdk-net-ResourceManager/1.0.0-alpha.20220214.1 (.NET 6.0.1; Microsoft Windows 10.0.22000)",
        "x-ms-client-request-id": "430e9669e78e4a789155340d3e755283",
        "x-ms-return-client-request-id": "true"
      },
      "RequestBody": null,
      "StatusCode": 200,
      "ResponseHeaders": {
        "Cache-Control": "no-cache",
        "Content-Length": "62",
        "Content-Type": "application/json; charset=utf-8",
        "Date": "Mon, 14 Feb 2022 16:40:08 GMT",
        "Expires": "-1",
        "Pragma": "no-cache",
        "Server": "Kestrel",
        "Strict-Transport-Security": "max-age=31536000; includeSubDomains",
        "X-Content-Type-Options": "nosniff",
        "x-ms-client-request-id": "430e9669e78e4a789155340d3e755283",
        "x-ms-correlation-request-id": "80500047-50bf-415f-891a-56093a086936",
        "x-ms-ratelimit-remaining-subscription-reads": "11939",
        "x-ms-request-id": "d7f9b6b8-d706-48fa-a96f-ec60eee56aeb",
        "x-ms-routing-request-id": "WESTUS2:20220214T164009Z:80500047-50bf-415f-891a-56093a086936"
      },
      "ResponseBody": {
        "status": "InProgress",
        "error": {
          "code": "None",
          "message": null
        }
      }
    },
    {
      "RequestUri": "https://management.azure.com/subscriptions/db1ab6f0-4769-4b27-930e-01e2ef9c123c/resourcegroups/testRg-3526/providers/Microsoft.Cdn/operationresults/8375685a-f898-461a-aa57-09da9d4f0dd4?api-version=2020-09-01",
      "RequestMethod": "GET",
      "RequestHeaders": {
        "Authorization": "Sanitized",
        "User-Agent": "azsdk-net-ResourceManager/1.0.0-alpha.20220214.1 (.NET 6.0.1; Microsoft Windows 10.0.22000) azsdk-net-ResourceManager/1.0.0-alpha.20220214.1 (.NET 6.0.1; Microsoft Windows 10.0.22000)",
        "x-ms-client-request-id": "61a8435340e4a238ab9273d5fd3bb59f",
        "x-ms-return-client-request-id": "true"
      },
      "RequestBody": null,
      "StatusCode": 200,
      "ResponseHeaders": {
        "Cache-Control": "no-cache",
        "Content-Length": "62",
        "Content-Type": "application/json; charset=utf-8",
        "Date": "Mon, 14 Feb 2022 16:40:08 GMT",
        "Expires": "-1",
        "Pragma": "no-cache",
        "Server": "Kestrel",
        "Strict-Transport-Security": "max-age=31536000; includeSubDomains",
        "X-Content-Type-Options": "nosniff",
        "x-ms-client-request-id": "61a8435340e4a238ab9273d5fd3bb59f",
        "x-ms-correlation-request-id": "a20589f8-5c07-4f77-88bc-87cff42a1060",
        "x-ms-ratelimit-remaining-subscription-reads": "11938",
        "x-ms-request-id": "7b1d8401-676f-4868-946c-62e4cf14544f",
        "x-ms-routing-request-id": "WESTUS2:20220214T164009Z:a20589f8-5c07-4f77-88bc-87cff42a1060"
      },
      "ResponseBody": {
        "status": "InProgress",
        "error": {
          "code": "None",
          "message": null
        }
      }
    },
    {
      "RequestUri": "https://management.azure.com/subscriptions/db1ab6f0-4769-4b27-930e-01e2ef9c123c/resourcegroups/testRg-3526/providers/Microsoft.Cdn/operationresults/8375685a-f898-461a-aa57-09da9d4f0dd4?api-version=2020-09-01",
      "RequestMethod": "GET",
      "RequestHeaders": {
        "Authorization": "Sanitized",
        "User-Agent": "azsdk-net-ResourceManager/1.0.0-alpha.20220214.1 (.NET 6.0.1; Microsoft Windows 10.0.22000) azsdk-net-ResourceManager/1.0.0-alpha.20220214.1 (.NET 6.0.1; Microsoft Windows 10.0.22000)",
        "x-ms-client-request-id": "8aeb2e1c873c08ae285a3525133fde2c",
        "x-ms-return-client-request-id": "true"
      },
      "RequestBody": null,
      "StatusCode": 200,
      "ResponseHeaders": {
        "Cache-Control": "no-cache",
        "Content-Length": "62",
        "Content-Type": "application/json; charset=utf-8",
        "Date": "Mon, 14 Feb 2022 16:40:08 GMT",
        "Expires": "-1",
        "Pragma": "no-cache",
        "Server": "Kestrel",
        "Strict-Transport-Security": "max-age=31536000; includeSubDomains",
        "X-Content-Type-Options": "nosniff",
        "x-ms-client-request-id": "8aeb2e1c873c08ae285a3525133fde2c",
        "x-ms-correlation-request-id": "c6ccf59b-2390-44a4-b39a-5f6f8ff1234f",
        "x-ms-ratelimit-remaining-subscription-reads": "11937",
        "x-ms-request-id": "e0bc81b4-604d-4f1d-8508-e3d9f507edf9",
        "x-ms-routing-request-id": "WESTUS2:20220214T164009Z:c6ccf59b-2390-44a4-b39a-5f6f8ff1234f"
      },
      "ResponseBody": {
        "status": "InProgress",
        "error": {
          "code": "None",
          "message": null
        }
      }
    },
    {
      "RequestUri": "https://management.azure.com/subscriptions/db1ab6f0-4769-4b27-930e-01e2ef9c123c/resourcegroups/testRg-3526/providers/Microsoft.Cdn/operationresults/8375685a-f898-461a-aa57-09da9d4f0dd4?api-version=2020-09-01",
      "RequestMethod": "GET",
      "RequestHeaders": {
        "Authorization": "Sanitized",
        "User-Agent": "azsdk-net-ResourceManager/1.0.0-alpha.20220214.1 (.NET 6.0.1; Microsoft Windows 10.0.22000) azsdk-net-ResourceManager/1.0.0-alpha.20220214.1 (.NET 6.0.1; Microsoft Windows 10.0.22000)",
        "x-ms-client-request-id": "f064971d3f26296d5e6c98fc73a34d55",
        "x-ms-return-client-request-id": "true"
      },
      "RequestBody": null,
      "StatusCode": 200,
      "ResponseHeaders": {
        "Cache-Control": "no-cache",
        "Content-Length": "62",
        "Content-Type": "application/json; charset=utf-8",
        "Date": "Mon, 14 Feb 2022 16:40:08 GMT",
        "Expires": "-1",
        "Pragma": "no-cache",
        "Server": "Kestrel",
        "Strict-Transport-Security": "max-age=31536000; includeSubDomains",
        "X-Content-Type-Options": "nosniff",
        "x-ms-client-request-id": "f064971d3f26296d5e6c98fc73a34d55",
        "x-ms-correlation-request-id": "213ef7e4-caba-4e37-85e2-9c501184544f",
        "x-ms-ratelimit-remaining-subscription-reads": "11936",
        "x-ms-request-id": "7bf022e4-8bb0-45f0-b7e5-d779ef97d0bc",
        "x-ms-routing-request-id": "WESTUS2:20220214T164009Z:213ef7e4-caba-4e37-85e2-9c501184544f"
      },
      "ResponseBody": {
        "status": "InProgress",
        "error": {
          "code": "None",
          "message": null
        }
      }
    },
    {
      "RequestUri": "https://management.azure.com/subscriptions/db1ab6f0-4769-4b27-930e-01e2ef9c123c/resourcegroups/testRg-3526/providers/Microsoft.Cdn/operationresults/8375685a-f898-461a-aa57-09da9d4f0dd4?api-version=2020-09-01",
      "RequestMethod": "GET",
      "RequestHeaders": {
        "Authorization": "Sanitized",
        "User-Agent": "azsdk-net-ResourceManager/1.0.0-alpha.20220214.1 (.NET 6.0.1; Microsoft Windows 10.0.22000) azsdk-net-ResourceManager/1.0.0-alpha.20220214.1 (.NET 6.0.1; Microsoft Windows 10.0.22000)",
        "x-ms-client-request-id": "10f1949fc88acb46949f39890a128e6c",
        "x-ms-return-client-request-id": "true"
      },
      "RequestBody": null,
      "StatusCode": 200,
      "ResponseHeaders": {
        "Cache-Control": "no-cache",
        "Content-Length": "62",
        "Content-Type": "application/json; charset=utf-8",
        "Date": "Mon, 14 Feb 2022 16:40:09 GMT",
        "Expires": "-1",
        "Pragma": "no-cache",
        "Server": "Kestrel",
        "Strict-Transport-Security": "max-age=31536000; includeSubDomains",
        "X-Content-Type-Options": "nosniff",
        "x-ms-client-request-id": "10f1949fc88acb46949f39890a128e6c",
        "x-ms-correlation-request-id": "70d90917-7cbe-4070-bd47-05253d8c6e13",
        "x-ms-ratelimit-remaining-subscription-reads": "11935",
        "x-ms-request-id": "466e1185-6c6f-481f-9e69-a41cf7c3f5b1",
        "x-ms-routing-request-id": "WESTUS2:20220214T164009Z:70d90917-7cbe-4070-bd47-05253d8c6e13"
      },
      "ResponseBody": {
        "status": "InProgress",
        "error": {
          "code": "None",
          "message": null
        }
      }
    },
    {
      "RequestUri": "https://management.azure.com/subscriptions/db1ab6f0-4769-4b27-930e-01e2ef9c123c/resourcegroups/testRg-3526/providers/Microsoft.Cdn/operationresults/8375685a-f898-461a-aa57-09da9d4f0dd4?api-version=2020-09-01",
      "RequestMethod": "GET",
      "RequestHeaders": {
        "Authorization": "Sanitized",
        "User-Agent": "azsdk-net-ResourceManager/1.0.0-alpha.20220214.1 (.NET 6.0.1; Microsoft Windows 10.0.22000) azsdk-net-ResourceManager/1.0.0-alpha.20220214.1 (.NET 6.0.1; Microsoft Windows 10.0.22000)",
        "x-ms-client-request-id": "66b747b3c5d6dd79c0c12bd0eeb29484",
        "x-ms-return-client-request-id": "true"
      },
      "RequestBody": null,
      "StatusCode": 200,
      "ResponseHeaders": {
        "Cache-Control": "no-cache",
        "Content-Length": "62",
        "Content-Type": "application/json; charset=utf-8",
        "Date": "Mon, 14 Feb 2022 16:40:09 GMT",
        "Expires": "-1",
        "Pragma": "no-cache",
        "Server": "Kestrel",
        "Strict-Transport-Security": "max-age=31536000; includeSubDomains",
        "X-Content-Type-Options": "nosniff",
        "x-ms-client-request-id": "66b747b3c5d6dd79c0c12bd0eeb29484",
        "x-ms-correlation-request-id": "f2881bad-a07e-4d56-81cd-b89d58981d06",
        "x-ms-ratelimit-remaining-subscription-reads": "11934",
        "x-ms-request-id": "cdcb3994-c3c4-458e-9264-995d598b4302",
        "x-ms-routing-request-id": "WESTUS2:20220214T164010Z:f2881bad-a07e-4d56-81cd-b89d58981d06"
      },
      "ResponseBody": {
        "status": "InProgress",
        "error": {
          "code": "None",
          "message": null
        }
      }
    },
    {
      "RequestUri": "https://management.azure.com/subscriptions/db1ab6f0-4769-4b27-930e-01e2ef9c123c/resourcegroups/testRg-3526/providers/Microsoft.Cdn/operationresults/8375685a-f898-461a-aa57-09da9d4f0dd4?api-version=2020-09-01",
      "RequestMethod": "GET",
      "RequestHeaders": {
        "Authorization": "Sanitized",
        "User-Agent": "azsdk-net-ResourceManager/1.0.0-alpha.20220214.1 (.NET 6.0.1; Microsoft Windows 10.0.22000) azsdk-net-ResourceManager/1.0.0-alpha.20220214.1 (.NET 6.0.1; Microsoft Windows 10.0.22000)",
        "x-ms-client-request-id": "7e85df0dce4e55a150985c8606e31e4b",
        "x-ms-return-client-request-id": "true"
      },
      "RequestBody": null,
      "StatusCode": 200,
      "ResponseHeaders": {
        "Cache-Control": "no-cache",
        "Content-Length": "62",
        "Content-Type": "application/json; charset=utf-8",
        "Date": "Mon, 14 Feb 2022 16:40:09 GMT",
        "Expires": "-1",
        "Pragma": "no-cache",
        "Server": "Kestrel",
        "Strict-Transport-Security": "max-age=31536000; includeSubDomains",
        "X-Content-Type-Options": "nosniff",
        "x-ms-client-request-id": "7e85df0dce4e55a150985c8606e31e4b",
        "x-ms-correlation-request-id": "65c17a8b-4340-4f41-8796-d1123671fd2a",
        "x-ms-ratelimit-remaining-subscription-reads": "11933",
        "x-ms-request-id": "86fac50b-4d5c-490a-b7db-df23d6153385",
        "x-ms-routing-request-id": "WESTUS2:20220214T164010Z:65c17a8b-4340-4f41-8796-d1123671fd2a"
      },
      "ResponseBody": {
        "status": "InProgress",
        "error": {
          "code": "None",
          "message": null
        }
      }
    },
    {
      "RequestUri": "https://management.azure.com/subscriptions/db1ab6f0-4769-4b27-930e-01e2ef9c123c/resourcegroups/testRg-3526/providers/Microsoft.Cdn/operationresults/8375685a-f898-461a-aa57-09da9d4f0dd4?api-version=2020-09-01",
      "RequestMethod": "GET",
      "RequestHeaders": {
        "Authorization": "Sanitized",
        "User-Agent": "azsdk-net-ResourceManager/1.0.0-alpha.20220214.1 (.NET 6.0.1; Microsoft Windows 10.0.22000) azsdk-net-ResourceManager/1.0.0-alpha.20220214.1 (.NET 6.0.1; Microsoft Windows 10.0.22000)",
        "x-ms-client-request-id": "2c492cdde7ecda7f1b144fc89c76dce1",
        "x-ms-return-client-request-id": "true"
      },
      "RequestBody": null,
      "StatusCode": 200,
      "ResponseHeaders": {
        "Cache-Control": "no-cache",
        "Content-Length": "62",
        "Content-Type": "application/json; charset=utf-8",
        "Date": "Mon, 14 Feb 2022 16:40:09 GMT",
        "Expires": "-1",
        "Pragma": "no-cache",
        "Server": "Kestrel",
        "Strict-Transport-Security": "max-age=31536000; includeSubDomains",
        "X-Content-Type-Options": "nosniff",
        "x-ms-client-request-id": "2c492cdde7ecda7f1b144fc89c76dce1",
        "x-ms-correlation-request-id": "613045b8-2ea3-4e88-a101-ddd3ae5eb349",
        "x-ms-ratelimit-remaining-subscription-reads": "11932",
        "x-ms-request-id": "989f0888-e455-42e6-b686-24415243820a",
        "x-ms-routing-request-id": "WESTUS2:20220214T164010Z:613045b8-2ea3-4e88-a101-ddd3ae5eb349"
      },
      "ResponseBody": {
        "status": "InProgress",
        "error": {
          "code": "None",
          "message": null
        }
      }
    },
    {
      "RequestUri": "https://management.azure.com/subscriptions/db1ab6f0-4769-4b27-930e-01e2ef9c123c/resourcegroups/testRg-3526/providers/Microsoft.Cdn/operationresults/8375685a-f898-461a-aa57-09da9d4f0dd4?api-version=2020-09-01",
      "RequestMethod": "GET",
      "RequestHeaders": {
        "Authorization": "Sanitized",
        "User-Agent": "azsdk-net-ResourceManager/1.0.0-alpha.20220214.1 (.NET 6.0.1; Microsoft Windows 10.0.22000) azsdk-net-ResourceManager/1.0.0-alpha.20220214.1 (.NET 6.0.1; Microsoft Windows 10.0.22000)",
        "x-ms-client-request-id": "2b7cb40b108ce51da561153d68f3d6dd",
        "x-ms-return-client-request-id": "true"
      },
      "RequestBody": null,
      "StatusCode": 200,
      "ResponseHeaders": {
        "Cache-Control": "no-cache",
        "Content-Length": "62",
        "Content-Type": "application/json; charset=utf-8",
        "Date": "Mon, 14 Feb 2022 16:40:09 GMT",
        "Expires": "-1",
        "Pragma": "no-cache",
        "Server": "Kestrel",
        "Strict-Transport-Security": "max-age=31536000; includeSubDomains",
        "X-Content-Type-Options": "nosniff",
        "x-ms-client-request-id": "2b7cb40b108ce51da561153d68f3d6dd",
        "x-ms-correlation-request-id": "3bf439b7-fd0f-446c-94ce-60e1ab0ee191",
        "x-ms-ratelimit-remaining-subscription-reads": "11931",
        "x-ms-request-id": "4028f68d-218e-44eb-84a1-eacb392aa665",
        "x-ms-routing-request-id": "WESTUS2:20220214T164010Z:3bf439b7-fd0f-446c-94ce-60e1ab0ee191"
      },
      "ResponseBody": {
        "status": "InProgress",
        "error": {
          "code": "None",
          "message": null
        }
      }
    },
    {
      "RequestUri": "https://management.azure.com/subscriptions/db1ab6f0-4769-4b27-930e-01e2ef9c123c/resourcegroups/testRg-3526/providers/Microsoft.Cdn/operationresults/8375685a-f898-461a-aa57-09da9d4f0dd4?api-version=2020-09-01",
      "RequestMethod": "GET",
      "RequestHeaders": {
        "Authorization": "Sanitized",
        "User-Agent": "azsdk-net-ResourceManager/1.0.0-alpha.20220214.1 (.NET 6.0.1; Microsoft Windows 10.0.22000) azsdk-net-ResourceManager/1.0.0-alpha.20220214.1 (.NET 6.0.1; Microsoft Windows 10.0.22000)",
        "x-ms-client-request-id": "c2f3e0a36868269860ab63397ed9b9da",
        "x-ms-return-client-request-id": "true"
      },
      "RequestBody": null,
      "StatusCode": 200,
      "ResponseHeaders": {
        "Cache-Control": "no-cache",
        "Content-Length": "62",
        "Content-Type": "application/json; charset=utf-8",
        "Date": "Mon, 14 Feb 2022 16:40:09 GMT",
        "Expires": "-1",
        "Pragma": "no-cache",
        "Server": "Kestrel",
        "Strict-Transport-Security": "max-age=31536000; includeSubDomains",
        "X-Content-Type-Options": "nosniff",
        "x-ms-client-request-id": "c2f3e0a36868269860ab63397ed9b9da",
        "x-ms-correlation-request-id": "76c1ebad-ad30-4fd5-994e-76ab68ef3784",
        "x-ms-ratelimit-remaining-subscription-reads": "11930",
        "x-ms-request-id": "d316b345-2ab4-46b3-95f8-e55a8e07fb8f",
        "x-ms-routing-request-id": "WESTUS2:20220214T164010Z:76c1ebad-ad30-4fd5-994e-76ab68ef3784"
      },
      "ResponseBody": {
        "status": "InProgress",
        "error": {
          "code": "None",
          "message": null
        }
      }
    },
    {
      "RequestUri": "https://management.azure.com/subscriptions/db1ab6f0-4769-4b27-930e-01e2ef9c123c/resourcegroups/testRg-3526/providers/Microsoft.Cdn/operationresults/8375685a-f898-461a-aa57-09da9d4f0dd4?api-version=2020-09-01",
      "RequestMethod": "GET",
      "RequestHeaders": {
        "Authorization": "Sanitized",
        "User-Agent": "azsdk-net-ResourceManager/1.0.0-alpha.20220214.1 (.NET 6.0.1; Microsoft Windows 10.0.22000) azsdk-net-ResourceManager/1.0.0-alpha.20220214.1 (.NET 6.0.1; Microsoft Windows 10.0.22000)",
        "x-ms-client-request-id": "517b7abbf266ccbe0e64878ad1417128",
        "x-ms-return-client-request-id": "true"
      },
      "RequestBody": null,
      "StatusCode": 200,
      "ResponseHeaders": {
        "Cache-Control": "no-cache",
        "Content-Length": "62",
        "Content-Type": "application/json; charset=utf-8",
        "Date": "Mon, 14 Feb 2022 16:40:10 GMT",
        "Expires": "-1",
        "Pragma": "no-cache",
        "Server": "Kestrel",
        "Strict-Transport-Security": "max-age=31536000; includeSubDomains",
        "X-Content-Type-Options": "nosniff",
        "x-ms-client-request-id": "517b7abbf266ccbe0e64878ad1417128",
        "x-ms-correlation-request-id": "7fb7768f-6ce1-4282-b1be-6d59fd89512d",
        "x-ms-ratelimit-remaining-subscription-reads": "11929",
        "x-ms-request-id": "d1ce1e32-02f3-429b-b96c-7f9f37256df5",
        "x-ms-routing-request-id": "WESTUS2:20220214T164011Z:7fb7768f-6ce1-4282-b1be-6d59fd89512d"
      },
      "ResponseBody": {
        "status": "InProgress",
        "error": {
          "code": "None",
          "message": null
        }
      }
    },
    {
      "RequestUri": "https://management.azure.com/subscriptions/db1ab6f0-4769-4b27-930e-01e2ef9c123c/resourcegroups/testRg-3526/providers/Microsoft.Cdn/operationresults/8375685a-f898-461a-aa57-09da9d4f0dd4?api-version=2020-09-01",
      "RequestMethod": "GET",
      "RequestHeaders": {
        "Authorization": "Sanitized",
        "User-Agent": "azsdk-net-ResourceManager/1.0.0-alpha.20220214.1 (.NET 6.0.1; Microsoft Windows 10.0.22000) azsdk-net-ResourceManager/1.0.0-alpha.20220214.1 (.NET 6.0.1; Microsoft Windows 10.0.22000)",
        "x-ms-client-request-id": "bb24723d1a82a3791b56cbe1ade367cc",
        "x-ms-return-client-request-id": "true"
      },
      "RequestBody": null,
      "StatusCode": 200,
      "ResponseHeaders": {
        "Cache-Control": "no-cache",
        "Content-Length": "62",
        "Content-Type": "application/json; charset=utf-8",
        "Date": "Mon, 14 Feb 2022 16:40:10 GMT",
        "Expires": "-1",
        "Pragma": "no-cache",
        "Server": "Kestrel",
        "Strict-Transport-Security": "max-age=31536000; includeSubDomains",
        "X-Content-Type-Options": "nosniff",
        "x-ms-client-request-id": "bb24723d1a82a3791b56cbe1ade367cc",
        "x-ms-correlation-request-id": "6a38e2b5-35da-4e12-8dc3-329f3b5e9a42",
        "x-ms-ratelimit-remaining-subscription-reads": "11928",
        "x-ms-request-id": "4c5ed527-767c-4117-a05f-9c50e5a860c9",
        "x-ms-routing-request-id": "WESTUS2:20220214T164011Z:6a38e2b5-35da-4e12-8dc3-329f3b5e9a42"
      },
      "ResponseBody": {
        "status": "InProgress",
        "error": {
          "code": "None",
          "message": null
        }
      }
    },
    {
      "RequestUri": "https://management.azure.com/subscriptions/db1ab6f0-4769-4b27-930e-01e2ef9c123c/resourcegroups/testRg-3526/providers/Microsoft.Cdn/operationresults/8375685a-f898-461a-aa57-09da9d4f0dd4?api-version=2020-09-01",
      "RequestMethod": "GET",
      "RequestHeaders": {
        "Authorization": "Sanitized",
        "User-Agent": "azsdk-net-ResourceManager/1.0.0-alpha.20220214.1 (.NET 6.0.1; Microsoft Windows 10.0.22000) azsdk-net-ResourceManager/1.0.0-alpha.20220214.1 (.NET 6.0.1; Microsoft Windows 10.0.22000)",
        "x-ms-client-request-id": "ee813aa78477b0762126b404e00d541e",
        "x-ms-return-client-request-id": "true"
      },
      "RequestBody": null,
      "StatusCode": 200,
      "ResponseHeaders": {
        "Cache-Control": "no-cache",
        "Content-Length": "62",
        "Content-Type": "application/json; charset=utf-8",
        "Date": "Mon, 14 Feb 2022 16:40:10 GMT",
        "Expires": "-1",
        "Pragma": "no-cache",
        "Server": "Kestrel",
        "Strict-Transport-Security": "max-age=31536000; includeSubDomains",
        "X-Content-Type-Options": "nosniff",
        "x-ms-client-request-id": "ee813aa78477b0762126b404e00d541e",
        "x-ms-correlation-request-id": "2e0f54f0-2450-4324-ab97-d1824674b3d0",
        "x-ms-ratelimit-remaining-subscription-reads": "11927",
        "x-ms-request-id": "514d66d7-85f1-4c27-8b36-3da9acb6948e",
        "x-ms-routing-request-id": "WESTUS2:20220214T164011Z:2e0f54f0-2450-4324-ab97-d1824674b3d0"
      },
      "ResponseBody": {
        "status": "InProgress",
        "error": {
          "code": "None",
          "message": null
        }
      }
    },
    {
      "RequestUri": "https://management.azure.com/subscriptions/db1ab6f0-4769-4b27-930e-01e2ef9c123c/resourcegroups/testRg-3526/providers/Microsoft.Cdn/operationresults/8375685a-f898-461a-aa57-09da9d4f0dd4?api-version=2020-09-01",
      "RequestMethod": "GET",
      "RequestHeaders": {
        "Authorization": "Sanitized",
        "User-Agent": "azsdk-net-ResourceManager/1.0.0-alpha.20220214.1 (.NET 6.0.1; Microsoft Windows 10.0.22000) azsdk-net-ResourceManager/1.0.0-alpha.20220214.1 (.NET 6.0.1; Microsoft Windows 10.0.22000)",
        "x-ms-client-request-id": "0bfc3b39feb4a15801d8360f27dd1f2a",
        "x-ms-return-client-request-id": "true"
      },
      "RequestBody": null,
      "StatusCode": 200,
      "ResponseHeaders": {
        "Cache-Control": "no-cache",
        "Content-Length": "62",
        "Content-Type": "application/json; charset=utf-8",
        "Date": "Mon, 14 Feb 2022 16:40:10 GMT",
        "Expires": "-1",
        "Pragma": "no-cache",
        "Server": "Kestrel",
        "Strict-Transport-Security": "max-age=31536000; includeSubDomains",
        "X-Content-Type-Options": "nosniff",
        "x-ms-client-request-id": "0bfc3b39feb4a15801d8360f27dd1f2a",
        "x-ms-correlation-request-id": "bedac07d-0e14-4504-bf9a-1a096be38ced",
        "x-ms-ratelimit-remaining-subscription-reads": "11926",
        "x-ms-request-id": "a9f72da3-67b8-4d18-89cf-11726cb10911",
        "x-ms-routing-request-id": "WESTUS2:20220214T164011Z:bedac07d-0e14-4504-bf9a-1a096be38ced"
      },
      "ResponseBody": {
        "status": "InProgress",
        "error": {
          "code": "None",
          "message": null
        }
      }
    },
    {
      "RequestUri": "https://management.azure.com/subscriptions/db1ab6f0-4769-4b27-930e-01e2ef9c123c/resourcegroups/testRg-3526/providers/Microsoft.Cdn/operationresults/8375685a-f898-461a-aa57-09da9d4f0dd4?api-version=2020-09-01",
      "RequestMethod": "GET",
      "RequestHeaders": {
        "Authorization": "Sanitized",
        "User-Agent": "azsdk-net-ResourceManager/1.0.0-alpha.20220214.1 (.NET 6.0.1; Microsoft Windows 10.0.22000) azsdk-net-ResourceManager/1.0.0-alpha.20220214.1 (.NET 6.0.1; Microsoft Windows 10.0.22000)",
        "x-ms-client-request-id": "96e3bbfd83bfb8b0fb74995b6574c20d",
        "x-ms-return-client-request-id": "true"
      },
      "RequestBody": null,
      "StatusCode": 200,
      "ResponseHeaders": {
        "Cache-Control": "no-cache",
        "Content-Length": "62",
        "Content-Type": "application/json; charset=utf-8",
        "Date": "Mon, 14 Feb 2022 16:40:10 GMT",
        "Expires": "-1",
        "Pragma": "no-cache",
        "Server": "Kestrel",
        "Strict-Transport-Security": "max-age=31536000; includeSubDomains",
        "X-Content-Type-Options": "nosniff",
        "x-ms-client-request-id": "96e3bbfd83bfb8b0fb74995b6574c20d",
        "x-ms-correlation-request-id": "cfc45a8c-6b82-4bfa-9afc-49f4839d9e31",
        "x-ms-ratelimit-remaining-subscription-reads": "11925",
        "x-ms-request-id": "f4210f9f-ab4e-48c2-b8bd-76dcd16c19f0",
        "x-ms-routing-request-id": "WESTUS2:20220214T164011Z:cfc45a8c-6b82-4bfa-9afc-49f4839d9e31"
      },
      "ResponseBody": {
        "status": "InProgress",
        "error": {
          "code": "None",
          "message": null
        }
      }
    },
    {
      "RequestUri": "https://management.azure.com/subscriptions/db1ab6f0-4769-4b27-930e-01e2ef9c123c/resourcegroups/testRg-3526/providers/Microsoft.Cdn/operationresults/8375685a-f898-461a-aa57-09da9d4f0dd4?api-version=2020-09-01",
      "RequestMethod": "GET",
      "RequestHeaders": {
        "Authorization": "Sanitized",
        "User-Agent": "azsdk-net-ResourceManager/1.0.0-alpha.20220214.1 (.NET 6.0.1; Microsoft Windows 10.0.22000) azsdk-net-ResourceManager/1.0.0-alpha.20220214.1 (.NET 6.0.1; Microsoft Windows 10.0.22000)",
        "x-ms-client-request-id": "72a8ac025be7a917e2dfed9f4e678844",
        "x-ms-return-client-request-id": "true"
      },
      "RequestBody": null,
      "StatusCode": 200,
      "ResponseHeaders": {
        "Cache-Control": "no-cache",
        "Content-Length": "62",
        "Content-Type": "application/json; charset=utf-8",
        "Date": "Mon, 14 Feb 2022 16:40:10 GMT",
        "Expires": "-1",
        "Pragma": "no-cache",
        "Server": "Kestrel",
        "Strict-Transport-Security": "max-age=31536000; includeSubDomains",
        "X-Content-Type-Options": "nosniff",
        "x-ms-client-request-id": "72a8ac025be7a917e2dfed9f4e678844",
        "x-ms-correlation-request-id": "9c6f8cab-ca22-4624-bdd5-788eb469a08c",
        "x-ms-ratelimit-remaining-subscription-reads": "11924",
        "x-ms-request-id": "4584c9c8-11e2-4961-8792-5e6cba4d4af6",
        "x-ms-routing-request-id": "WESTUS2:20220214T164011Z:9c6f8cab-ca22-4624-bdd5-788eb469a08c"
      },
      "ResponseBody": {
        "status": "InProgress",
        "error": {
          "code": "None",
          "message": null
        }
      }
    },
    {
      "RequestUri": "https://management.azure.com/subscriptions/db1ab6f0-4769-4b27-930e-01e2ef9c123c/resourcegroups/testRg-3526/providers/Microsoft.Cdn/operationresults/8375685a-f898-461a-aa57-09da9d4f0dd4?api-version=2020-09-01",
      "RequestMethod": "GET",
      "RequestHeaders": {
        "Authorization": "Sanitized",
        "User-Agent": "azsdk-net-ResourceManager/1.0.0-alpha.20220214.1 (.NET 6.0.1; Microsoft Windows 10.0.22000) azsdk-net-ResourceManager/1.0.0-alpha.20220214.1 (.NET 6.0.1; Microsoft Windows 10.0.22000)",
        "x-ms-client-request-id": "25078a07bd2ab55e8a44104064fc3c8c",
        "x-ms-return-client-request-id": "true"
      },
      "RequestBody": null,
      "StatusCode": 200,
      "ResponseHeaders": {
        "Cache-Control": "no-cache",
        "Content-Length": "62",
        "Content-Type": "application/json; charset=utf-8",
        "Date": "Mon, 14 Feb 2022 16:40:11 GMT",
        "Expires": "-1",
        "Pragma": "no-cache",
        "Server": "Kestrel",
        "Strict-Transport-Security": "max-age=31536000; includeSubDomains",
        "X-Content-Type-Options": "nosniff",
        "x-ms-client-request-id": "25078a07bd2ab55e8a44104064fc3c8c",
        "x-ms-correlation-request-id": "f513c159-268b-4990-8247-92bc51e6c39a",
        "x-ms-ratelimit-remaining-subscription-reads": "11923",
        "x-ms-request-id": "69915a03-6097-4c50-9108-49c4659717ef",
        "x-ms-routing-request-id": "WESTUS2:20220214T164011Z:f513c159-268b-4990-8247-92bc51e6c39a"
      },
      "ResponseBody": {
        "status": "InProgress",
        "error": {
          "code": "None",
          "message": null
        }
      }
    },
    {
      "RequestUri": "https://management.azure.com/subscriptions/db1ab6f0-4769-4b27-930e-01e2ef9c123c/resourcegroups/testRg-3526/providers/Microsoft.Cdn/operationresults/8375685a-f898-461a-aa57-09da9d4f0dd4?api-version=2020-09-01",
      "RequestMethod": "GET",
      "RequestHeaders": {
        "Authorization": "Sanitized",
        "User-Agent": "azsdk-net-ResourceManager/1.0.0-alpha.20220214.1 (.NET 6.0.1; Microsoft Windows 10.0.22000) azsdk-net-ResourceManager/1.0.0-alpha.20220214.1 (.NET 6.0.1; Microsoft Windows 10.0.22000)",
        "x-ms-client-request-id": "7b0d2816ad34a143a339b3e096106994",
        "x-ms-return-client-request-id": "true"
      },
      "RequestBody": null,
      "StatusCode": 200,
      "ResponseHeaders": {
        "Cache-Control": "no-cache",
        "Content-Length": "62",
        "Content-Type": "application/json; charset=utf-8",
        "Date": "Mon, 14 Feb 2022 16:40:11 GMT",
        "Expires": "-1",
        "Pragma": "no-cache",
        "Server": "Kestrel",
        "Strict-Transport-Security": "max-age=31536000; includeSubDomains",
        "X-Content-Type-Options": "nosniff",
        "x-ms-client-request-id": "7b0d2816ad34a143a339b3e096106994",
        "x-ms-correlation-request-id": "005ae519-8969-43b9-904b-a464f143cb4c",
        "x-ms-ratelimit-remaining-subscription-reads": "11922",
        "x-ms-request-id": "9440ca29-2d81-4094-ac06-6050a0073341",
        "x-ms-routing-request-id": "WESTUS2:20220214T164012Z:005ae519-8969-43b9-904b-a464f143cb4c"
      },
      "ResponseBody": {
        "status": "InProgress",
        "error": {
          "code": "None",
          "message": null
        }
      }
    },
    {
      "RequestUri": "https://management.azure.com/subscriptions/db1ab6f0-4769-4b27-930e-01e2ef9c123c/resourcegroups/testRg-3526/providers/Microsoft.Cdn/operationresults/8375685a-f898-461a-aa57-09da9d4f0dd4?api-version=2020-09-01",
      "RequestMethod": "GET",
      "RequestHeaders": {
        "Authorization": "Sanitized",
        "User-Agent": "azsdk-net-ResourceManager/1.0.0-alpha.20220214.1 (.NET 6.0.1; Microsoft Windows 10.0.22000) azsdk-net-ResourceManager/1.0.0-alpha.20220214.1 (.NET 6.0.1; Microsoft Windows 10.0.22000)",
        "x-ms-client-request-id": "db5355eb9c6c44e24df2e7a24ad745e6",
        "x-ms-return-client-request-id": "true"
      },
      "RequestBody": null,
      "StatusCode": 200,
      "ResponseHeaders": {
        "Cache-Control": "no-cache",
        "Content-Length": "62",
        "Content-Type": "application/json; charset=utf-8",
        "Date": "Mon, 14 Feb 2022 16:40:11 GMT",
        "Expires": "-1",
        "Pragma": "no-cache",
        "Server": "Kestrel",
        "Strict-Transport-Security": "max-age=31536000; includeSubDomains",
        "X-Content-Type-Options": "nosniff",
        "x-ms-client-request-id": "db5355eb9c6c44e24df2e7a24ad745e6",
        "x-ms-correlation-request-id": "d6df7cb3-6b9c-4965-ab90-085b435aa98c",
        "x-ms-ratelimit-remaining-subscription-reads": "11921",
        "x-ms-request-id": "eef069ab-a96b-478b-afd8-36af6ed16032",
        "x-ms-routing-request-id": "WESTUS2:20220214T164012Z:d6df7cb3-6b9c-4965-ab90-085b435aa98c"
      },
      "ResponseBody": {
        "status": "InProgress",
        "error": {
          "code": "None",
          "message": null
        }
      }
    },
    {
      "RequestUri": "https://management.azure.com/subscriptions/db1ab6f0-4769-4b27-930e-01e2ef9c123c/resourcegroups/testRg-3526/providers/Microsoft.Cdn/operationresults/8375685a-f898-461a-aa57-09da9d4f0dd4?api-version=2020-09-01",
      "RequestMethod": "GET",
      "RequestHeaders": {
        "Authorization": "Sanitized",
        "User-Agent": "azsdk-net-ResourceManager/1.0.0-alpha.20220214.1 (.NET 6.0.1; Microsoft Windows 10.0.22000) azsdk-net-ResourceManager/1.0.0-alpha.20220214.1 (.NET 6.0.1; Microsoft Windows 10.0.22000)",
        "x-ms-client-request-id": "258960a30d595a0f466582f1097e1f79",
        "x-ms-return-client-request-id": "true"
      },
      "RequestBody": null,
      "StatusCode": 200,
      "ResponseHeaders": {
        "Cache-Control": "no-cache",
        "Content-Length": "62",
        "Content-Type": "application/json; charset=utf-8",
        "Date": "Mon, 14 Feb 2022 16:40:11 GMT",
        "Expires": "-1",
        "Pragma": "no-cache",
        "Server": "Kestrel",
        "Strict-Transport-Security": "max-age=31536000; includeSubDomains",
        "X-Content-Type-Options": "nosniff",
        "x-ms-client-request-id": "258960a30d595a0f466582f1097e1f79",
        "x-ms-correlation-request-id": "23b833fc-dd56-4ff3-bfa1-d487deda46ea",
        "x-ms-ratelimit-remaining-subscription-reads": "11920",
        "x-ms-request-id": "ae4ddaef-1639-4622-b7b7-1545b2441584",
        "x-ms-routing-request-id": "WESTUS2:20220214T164012Z:23b833fc-dd56-4ff3-bfa1-d487deda46ea"
      },
      "ResponseBody": {
        "status": "InProgress",
        "error": {
          "code": "None",
          "message": null
        }
      }
    },
    {
      "RequestUri": "https://management.azure.com/subscriptions/db1ab6f0-4769-4b27-930e-01e2ef9c123c/resourcegroups/testRg-3526/providers/Microsoft.Cdn/operationresults/8375685a-f898-461a-aa57-09da9d4f0dd4?api-version=2020-09-01",
      "RequestMethod": "GET",
      "RequestHeaders": {
        "Authorization": "Sanitized",
        "User-Agent": "azsdk-net-ResourceManager/1.0.0-alpha.20220214.1 (.NET 6.0.1; Microsoft Windows 10.0.22000) azsdk-net-ResourceManager/1.0.0-alpha.20220214.1 (.NET 6.0.1; Microsoft Windows 10.0.22000)",
        "x-ms-client-request-id": "0e547cda60a8791f46c82d42c5a056cb",
        "x-ms-return-client-request-id": "true"
      },
      "RequestBody": null,
      "StatusCode": 200,
      "ResponseHeaders": {
        "Cache-Control": "no-cache",
        "Content-Length": "62",
        "Content-Type": "application/json; charset=utf-8",
        "Date": "Mon, 14 Feb 2022 16:40:11 GMT",
        "Expires": "-1",
        "Pragma": "no-cache",
        "Server": "Kestrel",
        "Strict-Transport-Security": "max-age=31536000; includeSubDomains",
        "X-Content-Type-Options": "nosniff",
        "x-ms-client-request-id": "0e547cda60a8791f46c82d42c5a056cb",
        "x-ms-correlation-request-id": "c27921c8-bc92-491d-829e-f6ee0303b2e6",
        "x-ms-ratelimit-remaining-subscription-reads": "11919",
        "x-ms-request-id": "48ee7ce4-8cc0-43f7-8332-8784a795139b",
        "x-ms-routing-request-id": "WESTUS2:20220214T164012Z:c27921c8-bc92-491d-829e-f6ee0303b2e6"
      },
      "ResponseBody": {
        "status": "InProgress",
        "error": {
          "code": "None",
          "message": null
        }
      }
    },
    {
      "RequestUri": "https://management.azure.com/subscriptions/db1ab6f0-4769-4b27-930e-01e2ef9c123c/resourcegroups/testRg-3526/providers/Microsoft.Cdn/operationresults/8375685a-f898-461a-aa57-09da9d4f0dd4?api-version=2020-09-01",
      "RequestMethod": "GET",
      "RequestHeaders": {
        "Authorization": "Sanitized",
        "User-Agent": "azsdk-net-ResourceManager/1.0.0-alpha.20220214.1 (.NET 6.0.1; Microsoft Windows 10.0.22000) azsdk-net-ResourceManager/1.0.0-alpha.20220214.1 (.NET 6.0.1; Microsoft Windows 10.0.22000)",
        "x-ms-client-request-id": "353ccdf44487dd3a45f994071af13acf",
        "x-ms-return-client-request-id": "true"
      },
      "RequestBody": null,
      "StatusCode": 200,
      "ResponseHeaders": {
        "Cache-Control": "no-cache",
        "Content-Length": "62",
        "Content-Type": "application/json; charset=utf-8",
        "Date": "Mon, 14 Feb 2022 16:40:11 GMT",
        "Expires": "-1",
        "Pragma": "no-cache",
        "Server": "Kestrel",
        "Strict-Transport-Security": "max-age=31536000; includeSubDomains",
        "X-Content-Type-Options": "nosniff",
        "x-ms-client-request-id": "353ccdf44487dd3a45f994071af13acf",
        "x-ms-correlation-request-id": "a7d131d5-fb3e-4ab2-88c2-6feb053350de",
        "x-ms-ratelimit-remaining-subscription-reads": "11918",
        "x-ms-request-id": "3804f379-2eaa-4094-9bd2-938cc3c194ce",
        "x-ms-routing-request-id": "WESTUS2:20220214T164012Z:a7d131d5-fb3e-4ab2-88c2-6feb053350de"
      },
      "ResponseBody": {
        "status": "InProgress",
        "error": {
          "code": "None",
          "message": null
        }
      }
    },
    {
      "RequestUri": "https://management.azure.com/subscriptions/db1ab6f0-4769-4b27-930e-01e2ef9c123c/resourcegroups/testRg-3526/providers/Microsoft.Cdn/operationresults/8375685a-f898-461a-aa57-09da9d4f0dd4?api-version=2020-09-01",
      "RequestMethod": "GET",
      "RequestHeaders": {
        "Authorization": "Sanitized",
        "User-Agent": "azsdk-net-ResourceManager/1.0.0-alpha.20220214.1 (.NET 6.0.1; Microsoft Windows 10.0.22000) azsdk-net-ResourceManager/1.0.0-alpha.20220214.1 (.NET 6.0.1; Microsoft Windows 10.0.22000)",
        "x-ms-client-request-id": "cec86dd23682423d4010df91e0cd95a6",
        "x-ms-return-client-request-id": "true"
      },
      "RequestBody": null,
      "StatusCode": 200,
      "ResponseHeaders": {
        "Cache-Control": "no-cache",
        "Content-Length": "62",
        "Content-Type": "application/json; charset=utf-8",
        "Date": "Mon, 14 Feb 2022 16:40:11 GMT",
        "Expires": "-1",
        "Pragma": "no-cache",
        "Server": "Kestrel",
        "Strict-Transport-Security": "max-age=31536000; includeSubDomains",
        "X-Content-Type-Options": "nosniff",
        "x-ms-client-request-id": "cec86dd23682423d4010df91e0cd95a6",
        "x-ms-correlation-request-id": "8d668428-a1e1-4d94-912f-4048000c2c23",
        "x-ms-ratelimit-remaining-subscription-reads": "11917",
        "x-ms-request-id": "a3af7af0-14d1-4e38-a9bf-7fb34838c919",
        "x-ms-routing-request-id": "WESTUS2:20220214T164012Z:8d668428-a1e1-4d94-912f-4048000c2c23"
      },
      "ResponseBody": {
        "status": "InProgress",
        "error": {
          "code": "None",
          "message": null
        }
      }
    },
    {
      "RequestUri": "https://management.azure.com/subscriptions/db1ab6f0-4769-4b27-930e-01e2ef9c123c/resourcegroups/testRg-3526/providers/Microsoft.Cdn/operationresults/8375685a-f898-461a-aa57-09da9d4f0dd4?api-version=2020-09-01",
      "RequestMethod": "GET",
      "RequestHeaders": {
        "Authorization": "Sanitized",
        "User-Agent": "azsdk-net-ResourceManager/1.0.0-alpha.20220214.1 (.NET 6.0.1; Microsoft Windows 10.0.22000) azsdk-net-ResourceManager/1.0.0-alpha.20220214.1 (.NET 6.0.1; Microsoft Windows 10.0.22000)",
        "x-ms-client-request-id": "3cfcb60eea4296f24176c8afcc185e54",
        "x-ms-return-client-request-id": "true"
      },
      "RequestBody": null,
      "StatusCode": 200,
      "ResponseHeaders": {
        "Cache-Control": "no-cache",
        "Content-Length": "62",
        "Content-Type": "application/json; charset=utf-8",
        "Date": "Mon, 14 Feb 2022 16:40:12 GMT",
        "Expires": "-1",
        "Pragma": "no-cache",
        "Server": "Kestrel",
        "Strict-Transport-Security": "max-age=31536000; includeSubDomains",
        "X-Content-Type-Options": "nosniff",
        "x-ms-client-request-id": "3cfcb60eea4296f24176c8afcc185e54",
        "x-ms-correlation-request-id": "adb448a4-a27b-46ef-9634-7f3a532c89b2",
        "x-ms-ratelimit-remaining-subscription-reads": "11916",
        "x-ms-request-id": "afbac463-25a0-4288-b75a-930f0468fcee",
        "x-ms-routing-request-id": "WESTUS2:20220214T164013Z:adb448a4-a27b-46ef-9634-7f3a532c89b2"
      },
      "ResponseBody": {
        "status": "InProgress",
        "error": {
          "code": "None",
          "message": null
        }
      }
    },
    {
      "RequestUri": "https://management.azure.com/subscriptions/db1ab6f0-4769-4b27-930e-01e2ef9c123c/resourcegroups/testRg-3526/providers/Microsoft.Cdn/operationresults/8375685a-f898-461a-aa57-09da9d4f0dd4?api-version=2020-09-01",
      "RequestMethod": "GET",
      "RequestHeaders": {
        "Authorization": "Sanitized",
        "User-Agent": "azsdk-net-ResourceManager/1.0.0-alpha.20220214.1 (.NET 6.0.1; Microsoft Windows 10.0.22000) azsdk-net-ResourceManager/1.0.0-alpha.20220214.1 (.NET 6.0.1; Microsoft Windows 10.0.22000)",
        "x-ms-client-request-id": "576f5e8d88d8bd4990f9f47764a9fd78",
        "x-ms-return-client-request-id": "true"
      },
      "RequestBody": null,
      "StatusCode": 200,
      "ResponseHeaders": {
        "Cache-Control": "no-cache",
        "Content-Length": "62",
        "Content-Type": "application/json; charset=utf-8",
        "Date": "Mon, 14 Feb 2022 16:40:12 GMT",
        "Expires": "-1",
        "Pragma": "no-cache",
        "Server": "Kestrel",
        "Strict-Transport-Security": "max-age=31536000; includeSubDomains",
        "X-Content-Type-Options": "nosniff",
        "x-ms-client-request-id": "576f5e8d88d8bd4990f9f47764a9fd78",
        "x-ms-correlation-request-id": "5738b2a2-15ff-46c2-b554-ef6a2b423ca5",
        "x-ms-ratelimit-remaining-subscription-reads": "11915",
        "x-ms-request-id": "ca44b3eb-d73e-4665-adf6-35719f5e216e",
        "x-ms-routing-request-id": "WESTUS2:20220214T164013Z:5738b2a2-15ff-46c2-b554-ef6a2b423ca5"
      },
      "ResponseBody": {
        "status": "InProgress",
        "error": {
          "code": "None",
          "message": null
        }
      }
    },
    {
      "RequestUri": "https://management.azure.com/subscriptions/db1ab6f0-4769-4b27-930e-01e2ef9c123c/resourcegroups/testRg-3526/providers/Microsoft.Cdn/operationresults/8375685a-f898-461a-aa57-09da9d4f0dd4?api-version=2020-09-01",
      "RequestMethod": "GET",
      "RequestHeaders": {
        "Authorization": "Sanitized",
        "User-Agent": "azsdk-net-ResourceManager/1.0.0-alpha.20220214.1 (.NET 6.0.1; Microsoft Windows 10.0.22000) azsdk-net-ResourceManager/1.0.0-alpha.20220214.1 (.NET 6.0.1; Microsoft Windows 10.0.22000)",
        "x-ms-client-request-id": "64f8ee63fef4e88c7b328d0b6e8d7628",
        "x-ms-return-client-request-id": "true"
      },
      "RequestBody": null,
      "StatusCode": 200,
      "ResponseHeaders": {
        "Cache-Control": "no-cache",
        "Content-Length": "62",
        "Content-Type": "application/json; charset=utf-8",
        "Date": "Mon, 14 Feb 2022 16:40:12 GMT",
        "Expires": "-1",
        "Pragma": "no-cache",
        "Server": "Kestrel",
        "Strict-Transport-Security": "max-age=31536000; includeSubDomains",
        "X-Content-Type-Options": "nosniff",
        "x-ms-client-request-id": "64f8ee63fef4e88c7b328d0b6e8d7628",
        "x-ms-correlation-request-id": "8ad813b3-fed7-481e-98ed-2a0b615df15b",
        "x-ms-ratelimit-remaining-subscription-reads": "11914",
        "x-ms-request-id": "9127fdf0-9698-451c-b10e-93b303ce455d",
        "x-ms-routing-request-id": "WESTUS2:20220214T164013Z:8ad813b3-fed7-481e-98ed-2a0b615df15b"
      },
      "ResponseBody": {
        "status": "InProgress",
        "error": {
          "code": "None",
          "message": null
        }
      }
    },
    {
      "RequestUri": "https://management.azure.com/subscriptions/db1ab6f0-4769-4b27-930e-01e2ef9c123c/resourcegroups/testRg-3526/providers/Microsoft.Cdn/operationresults/8375685a-f898-461a-aa57-09da9d4f0dd4?api-version=2020-09-01",
      "RequestMethod": "GET",
      "RequestHeaders": {
        "Authorization": "Sanitized",
        "User-Agent": "azsdk-net-ResourceManager/1.0.0-alpha.20220214.1 (.NET 6.0.1; Microsoft Windows 10.0.22000) azsdk-net-ResourceManager/1.0.0-alpha.20220214.1 (.NET 6.0.1; Microsoft Windows 10.0.22000)",
        "x-ms-client-request-id": "81038bb13d5d86ce6c3fab48f57b3198",
        "x-ms-return-client-request-id": "true"
      },
      "RequestBody": null,
      "StatusCode": 200,
      "ResponseHeaders": {
        "Cache-Control": "no-cache",
        "Content-Length": "62",
        "Content-Type": "application/json; charset=utf-8",
        "Date": "Mon, 14 Feb 2022 16:40:12 GMT",
        "Expires": "-1",
        "Pragma": "no-cache",
        "Server": "Kestrel",
        "Strict-Transport-Security": "max-age=31536000; includeSubDomains",
        "X-Content-Type-Options": "nosniff",
        "x-ms-client-request-id": "81038bb13d5d86ce6c3fab48f57b3198",
        "x-ms-correlation-request-id": "271fa232-3e86-42dd-be9e-cff92a2c7973",
        "x-ms-ratelimit-remaining-subscription-reads": "11913",
        "x-ms-request-id": "b2bd1ed9-2314-48ec-ab67-f3c244fc37e1",
        "x-ms-routing-request-id": "WESTUS2:20220214T164013Z:271fa232-3e86-42dd-be9e-cff92a2c7973"
      },
      "ResponseBody": {
        "status": "InProgress",
        "error": {
          "code": "None",
          "message": null
        }
      }
    },
    {
      "RequestUri": "https://management.azure.com/subscriptions/db1ab6f0-4769-4b27-930e-01e2ef9c123c/resourcegroups/testRg-3526/providers/Microsoft.Cdn/operationresults/8375685a-f898-461a-aa57-09da9d4f0dd4?api-version=2020-09-01",
      "RequestMethod": "GET",
      "RequestHeaders": {
        "Authorization": "Sanitized",
        "User-Agent": "azsdk-net-ResourceManager/1.0.0-alpha.20220214.1 (.NET 6.0.1; Microsoft Windows 10.0.22000) azsdk-net-ResourceManager/1.0.0-alpha.20220214.1 (.NET 6.0.1; Microsoft Windows 10.0.22000)",
        "x-ms-client-request-id": "dd4c4f79f91f8f5fd187dca6fa3d4e03",
        "x-ms-return-client-request-id": "true"
      },
      "RequestBody": null,
      "StatusCode": 200,
      "ResponseHeaders": {
        "Cache-Control": "no-cache",
        "Content-Length": "62",
        "Content-Type": "application/json; charset=utf-8",
        "Date": "Mon, 14 Feb 2022 16:40:12 GMT",
        "Expires": "-1",
        "Pragma": "no-cache",
        "Server": "Kestrel",
        "Strict-Transport-Security": "max-age=31536000; includeSubDomains",
        "X-Content-Type-Options": "nosniff",
        "x-ms-client-request-id": "dd4c4f79f91f8f5fd187dca6fa3d4e03",
        "x-ms-correlation-request-id": "4332d771-aa1f-4aa2-8dca-290c3fe0de0d",
        "x-ms-ratelimit-remaining-subscription-reads": "11912",
        "x-ms-request-id": "1850171f-66a8-4466-bddc-f844776161c5",
        "x-ms-routing-request-id": "WESTUS2:20220214T164013Z:4332d771-aa1f-4aa2-8dca-290c3fe0de0d"
      },
      "ResponseBody": {
        "status": "InProgress",
        "error": {
          "code": "None",
          "message": null
        }
      }
    },
    {
      "RequestUri": "https://management.azure.com/subscriptions/db1ab6f0-4769-4b27-930e-01e2ef9c123c/resourcegroups/testRg-3526/providers/Microsoft.Cdn/operationresults/8375685a-f898-461a-aa57-09da9d4f0dd4?api-version=2020-09-01",
      "RequestMethod": "GET",
      "RequestHeaders": {
        "Authorization": "Sanitized",
        "User-Agent": "azsdk-net-ResourceManager/1.0.0-alpha.20220214.1 (.NET 6.0.1; Microsoft Windows 10.0.22000) azsdk-net-ResourceManager/1.0.0-alpha.20220214.1 (.NET 6.0.1; Microsoft Windows 10.0.22000)",
        "x-ms-client-request-id": "d9c5cc837ca5261b2071f7b55344f2ff",
        "x-ms-return-client-request-id": "true"
      },
      "RequestBody": null,
      "StatusCode": 200,
      "ResponseHeaders": {
        "Cache-Control": "no-cache",
        "Content-Length": "62",
        "Content-Type": "application/json; charset=utf-8",
        "Date": "Mon, 14 Feb 2022 16:40:12 GMT",
        "Expires": "-1",
        "Pragma": "no-cache",
        "Server": "Kestrel",
        "Strict-Transport-Security": "max-age=31536000; includeSubDomains",
        "X-Content-Type-Options": "nosniff",
        "x-ms-client-request-id": "d9c5cc837ca5261b2071f7b55344f2ff",
        "x-ms-correlation-request-id": "5a645b57-d7c1-47b0-94ab-74b15837e3e2",
        "x-ms-ratelimit-remaining-subscription-reads": "11911",
        "x-ms-request-id": "c603f0bf-87f6-4c30-927d-1488fff74ee4",
        "x-ms-routing-request-id": "WESTUS2:20220214T164013Z:5a645b57-d7c1-47b0-94ab-74b15837e3e2"
      },
      "ResponseBody": {
        "status": "InProgress",
        "error": {
          "code": "None",
          "message": null
        }
      }
    },
    {
      "RequestUri": "https://management.azure.com/subscriptions/db1ab6f0-4769-4b27-930e-01e2ef9c123c/resourcegroups/testRg-3526/providers/Microsoft.Cdn/operationresults/8375685a-f898-461a-aa57-09da9d4f0dd4?api-version=2020-09-01",
      "RequestMethod": "GET",
      "RequestHeaders": {
        "Authorization": "Sanitized",
        "User-Agent": "azsdk-net-ResourceManager/1.0.0-alpha.20220214.1 (.NET 6.0.1; Microsoft Windows 10.0.22000) azsdk-net-ResourceManager/1.0.0-alpha.20220214.1 (.NET 6.0.1; Microsoft Windows 10.0.22000)",
        "x-ms-client-request-id": "1e92f4009841b7082b74b0d561288b2f",
        "x-ms-return-client-request-id": "true"
      },
      "RequestBody": null,
      "StatusCode": 200,
      "ResponseHeaders": {
        "Cache-Control": "no-cache",
        "Content-Length": "62",
        "Content-Type": "application/json; charset=utf-8",
        "Date": "Mon, 14 Feb 2022 16:40:14 GMT",
        "Expires": "-1",
        "Pragma": "no-cache",
        "Server": "Kestrel",
        "Strict-Transport-Security": "max-age=31536000; includeSubDomains",
        "X-Content-Type-Options": "nosniff",
        "x-ms-client-request-id": "1e92f4009841b7082b74b0d561288b2f",
        "x-ms-correlation-request-id": "7b58fd9a-d34e-4428-a0c6-90d87ff41d4e",
        "x-ms-ratelimit-remaining-subscription-reads": "11910",
        "x-ms-request-id": "53c384b5-e6a5-4f36-addc-dad83798dbc9",
        "x-ms-routing-request-id": "WESTUS2:20220214T164014Z:7b58fd9a-d34e-4428-a0c6-90d87ff41d4e"
      },
      "ResponseBody": {
        "status": "InProgress",
        "error": {
          "code": "None",
          "message": null
        }
      }
    },
    {
      "RequestUri": "https://management.azure.com/subscriptions/db1ab6f0-4769-4b27-930e-01e2ef9c123c/resourcegroups/testRg-3526/providers/Microsoft.Cdn/operationresults/8375685a-f898-461a-aa57-09da9d4f0dd4?api-version=2020-09-01",
      "RequestMethod": "GET",
      "RequestHeaders": {
        "Authorization": "Sanitized",
        "User-Agent": "azsdk-net-ResourceManager/1.0.0-alpha.20220214.1 (.NET 6.0.1; Microsoft Windows 10.0.22000) azsdk-net-ResourceManager/1.0.0-alpha.20220214.1 (.NET 6.0.1; Microsoft Windows 10.0.22000)",
        "x-ms-client-request-id": "29c4a8f058b6fcf33425bdad02aa3b8c",
        "x-ms-return-client-request-id": "true"
      },
      "RequestBody": null,
      "StatusCode": 200,
      "ResponseHeaders": {
        "Cache-Control": "no-cache",
        "Content-Length": "62",
        "Content-Type": "application/json; charset=utf-8",
        "Date": "Mon, 14 Feb 2022 16:40:14 GMT",
        "Expires": "-1",
        "Pragma": "no-cache",
        "Server": "Kestrel",
        "Strict-Transport-Security": "max-age=31536000; includeSubDomains",
        "X-Content-Type-Options": "nosniff",
        "x-ms-client-request-id": "29c4a8f058b6fcf33425bdad02aa3b8c",
        "x-ms-correlation-request-id": "b26c0aa2-3d45-4abf-a1e5-1b3ce7cf6b0c",
        "x-ms-ratelimit-remaining-subscription-reads": "11909",
        "x-ms-request-id": "701ea701-84da-4191-a127-1e2df71e6ad6",
        "x-ms-routing-request-id": "WESTUS2:20220214T164014Z:b26c0aa2-3d45-4abf-a1e5-1b3ce7cf6b0c"
      },
      "ResponseBody": {
        "status": "InProgress",
        "error": {
          "code": "None",
          "message": null
        }
      }
    },
    {
      "RequestUri": "https://management.azure.com/subscriptions/db1ab6f0-4769-4b27-930e-01e2ef9c123c/resourcegroups/testRg-3526/providers/Microsoft.Cdn/operationresults/8375685a-f898-461a-aa57-09da9d4f0dd4?api-version=2020-09-01",
      "RequestMethod": "GET",
      "RequestHeaders": {
        "Authorization": "Sanitized",
        "User-Agent": "azsdk-net-ResourceManager/1.0.0-alpha.20220214.1 (.NET 6.0.1; Microsoft Windows 10.0.22000) azsdk-net-ResourceManager/1.0.0-alpha.20220214.1 (.NET 6.0.1; Microsoft Windows 10.0.22000)",
        "x-ms-client-request-id": "06a5dd9430abebc1c30dad30cc45c5f8",
        "x-ms-return-client-request-id": "true"
      },
      "RequestBody": null,
      "StatusCode": 200,
      "ResponseHeaders": {
        "Cache-Control": "no-cache",
        "Content-Length": "62",
        "Content-Type": "application/json; charset=utf-8",
        "Date": "Mon, 14 Feb 2022 16:40:14 GMT",
        "Expires": "-1",
        "Pragma": "no-cache",
        "Server": "Kestrel",
        "Strict-Transport-Security": "max-age=31536000; includeSubDomains",
        "X-Content-Type-Options": "nosniff",
        "x-ms-client-request-id": "06a5dd9430abebc1c30dad30cc45c5f8",
        "x-ms-correlation-request-id": "fcab9ce0-9ad2-40fb-b039-279f5a9a68d2",
        "x-ms-ratelimit-remaining-subscription-reads": "11908",
        "x-ms-request-id": "2123f54b-1a64-418f-8552-766dfc31a7dd",
        "x-ms-routing-request-id": "WESTUS2:20220214T164014Z:fcab9ce0-9ad2-40fb-b039-279f5a9a68d2"
      },
      "ResponseBody": {
        "status": "InProgress",
        "error": {
          "code": "None",
          "message": null
        }
      }
    },
    {
      "RequestUri": "https://management.azure.com/subscriptions/db1ab6f0-4769-4b27-930e-01e2ef9c123c/resourcegroups/testRg-3526/providers/Microsoft.Cdn/operationresults/8375685a-f898-461a-aa57-09da9d4f0dd4?api-version=2020-09-01",
      "RequestMethod": "GET",
      "RequestHeaders": {
        "Authorization": "Sanitized",
        "User-Agent": "azsdk-net-ResourceManager/1.0.0-alpha.20220214.1 (.NET 6.0.1; Microsoft Windows 10.0.22000) azsdk-net-ResourceManager/1.0.0-alpha.20220214.1 (.NET 6.0.1; Microsoft Windows 10.0.22000)",
        "x-ms-client-request-id": "aac4c8e6c980a7490195ea1bda5ab581",
        "x-ms-return-client-request-id": "true"
      },
      "RequestBody": null,
      "StatusCode": 200,
      "ResponseHeaders": {
        "Cache-Control": "no-cache",
        "Content-Length": "62",
        "Content-Type": "application/json; charset=utf-8",
        "Date": "Mon, 14 Feb 2022 16:40:14 GMT",
        "Expires": "-1",
        "Pragma": "no-cache",
        "Server": "Kestrel",
        "Strict-Transport-Security": "max-age=31536000; includeSubDomains",
        "X-Content-Type-Options": "nosniff",
        "x-ms-client-request-id": "aac4c8e6c980a7490195ea1bda5ab581",
        "x-ms-correlation-request-id": "1452f383-6c6d-4a4a-ac96-f2014abe3da9",
        "x-ms-ratelimit-remaining-subscription-reads": "11907",
        "x-ms-request-id": "83fa63ef-ca5b-49dd-abc8-42b338fb972b",
        "x-ms-routing-request-id": "WESTUS2:20220214T164014Z:1452f383-6c6d-4a4a-ac96-f2014abe3da9"
      },
      "ResponseBody": {
        "status": "InProgress",
        "error": {
          "code": "None",
          "message": null
        }
      }
    },
    {
      "RequestUri": "https://management.azure.com/subscriptions/db1ab6f0-4769-4b27-930e-01e2ef9c123c/resourcegroups/testRg-3526/providers/Microsoft.Cdn/operationresults/8375685a-f898-461a-aa57-09da9d4f0dd4?api-version=2020-09-01",
      "RequestMethod": "GET",
      "RequestHeaders": {
        "Authorization": "Sanitized",
        "User-Agent": "azsdk-net-ResourceManager/1.0.0-alpha.20220214.1 (.NET 6.0.1; Microsoft Windows 10.0.22000) azsdk-net-ResourceManager/1.0.0-alpha.20220214.1 (.NET 6.0.1; Microsoft Windows 10.0.22000)",
        "x-ms-client-request-id": "834123388582c084e6d865a8aac230ee",
        "x-ms-return-client-request-id": "true"
      },
      "RequestBody": null,
      "StatusCode": 200,
      "ResponseHeaders": {
        "Cache-Control": "no-cache",
        "Content-Length": "62",
        "Content-Type": "application/json; charset=utf-8",
        "Date": "Mon, 14 Feb 2022 16:40:14 GMT",
        "Expires": "-1",
        "Pragma": "no-cache",
        "Server": "Kestrel",
        "Strict-Transport-Security": "max-age=31536000; includeSubDomains",
        "X-Content-Type-Options": "nosniff",
        "x-ms-client-request-id": "834123388582c084e6d865a8aac230ee",
        "x-ms-correlation-request-id": "dbb736c9-4d10-4003-bb91-0f64ce6ccf2c",
        "x-ms-ratelimit-remaining-subscription-reads": "11906",
        "x-ms-request-id": "67285f18-cba2-40e1-b2b3-ef621e4fe4ad",
        "x-ms-routing-request-id": "WESTUS2:20220214T164014Z:dbb736c9-4d10-4003-bb91-0f64ce6ccf2c"
      },
      "ResponseBody": {
        "status": "InProgress",
        "error": {
          "code": "None",
          "message": null
        }
      }
    },
    {
      "RequestUri": "https://management.azure.com/subscriptions/db1ab6f0-4769-4b27-930e-01e2ef9c123c/resourcegroups/testRg-3526/providers/Microsoft.Cdn/operationresults/8375685a-f898-461a-aa57-09da9d4f0dd4?api-version=2020-09-01",
      "RequestMethod": "GET",
      "RequestHeaders": {
        "Authorization": "Sanitized",
        "User-Agent": "azsdk-net-ResourceManager/1.0.0-alpha.20220214.1 (.NET 6.0.1; Microsoft Windows 10.0.22000) azsdk-net-ResourceManager/1.0.0-alpha.20220214.1 (.NET 6.0.1; Microsoft Windows 10.0.22000)",
        "x-ms-client-request-id": "39c7c56091e6cb0c93fe051545a61069",
        "x-ms-return-client-request-id": "true"
      },
      "RequestBody": null,
      "StatusCode": 200,
      "ResponseHeaders": {
        "Cache-Control": "no-cache",
        "Content-Length": "62",
        "Content-Type": "application/json; charset=utf-8",
        "Date": "Mon, 14 Feb 2022 16:40:14 GMT",
        "Expires": "-1",
        "Pragma": "no-cache",
        "Server": "Kestrel",
        "Strict-Transport-Security": "max-age=31536000; includeSubDomains",
        "X-Content-Type-Options": "nosniff",
        "x-ms-client-request-id": "39c7c56091e6cb0c93fe051545a61069",
        "x-ms-correlation-request-id": "1be8cde9-6af3-4e9c-847a-e9d8fce50829",
        "x-ms-ratelimit-remaining-subscription-reads": "11905",
        "x-ms-request-id": "5f8aee00-206a-4dee-bbfb-7ead3a96a2c7",
        "x-ms-routing-request-id": "WESTUS2:20220214T164014Z:1be8cde9-6af3-4e9c-847a-e9d8fce50829"
      },
      "ResponseBody": {
        "status": "InProgress",
        "error": {
          "code": "None",
          "message": null
        }
      }
    },
    {
      "RequestUri": "https://management.azure.com/subscriptions/db1ab6f0-4769-4b27-930e-01e2ef9c123c/resourcegroups/testRg-3526/providers/Microsoft.Cdn/operationresults/8375685a-f898-461a-aa57-09da9d4f0dd4?api-version=2020-09-01",
      "RequestMethod": "GET",
      "RequestHeaders": {
        "Authorization": "Sanitized",
        "User-Agent": "azsdk-net-ResourceManager/1.0.0-alpha.20220214.1 (.NET 6.0.1; Microsoft Windows 10.0.22000) azsdk-net-ResourceManager/1.0.0-alpha.20220214.1 (.NET 6.0.1; Microsoft Windows 10.0.22000)",
        "x-ms-client-request-id": "a9f82c58410460754403c4a764a0fd3e",
        "x-ms-return-client-request-id": "true"
      },
      "RequestBody": null,
      "StatusCode": 200,
      "ResponseHeaders": {
        "Cache-Control": "no-cache",
        "Content-Length": "62",
        "Content-Type": "application/json; charset=utf-8",
        "Date": "Mon, 14 Feb 2022 16:40:15 GMT",
        "Expires": "-1",
        "Pragma": "no-cache",
        "Server": "Kestrel",
        "Strict-Transport-Security": "max-age=31536000; includeSubDomains",
        "X-Content-Type-Options": "nosniff",
        "x-ms-client-request-id": "a9f82c58410460754403c4a764a0fd3e",
        "x-ms-correlation-request-id": "74c26e49-cf2b-4456-a6f5-6fa6273480d7",
        "x-ms-ratelimit-remaining-subscription-reads": "11904",
        "x-ms-request-id": "ca217a84-1e9a-41da-b64b-92e70280240b",
        "x-ms-routing-request-id": "WESTUS2:20220214T164015Z:74c26e49-cf2b-4456-a6f5-6fa6273480d7"
      },
      "ResponseBody": {
        "status": "InProgress",
        "error": {
          "code": "None",
          "message": null
        }
      }
    },
    {
      "RequestUri": "https://management.azure.com/subscriptions/db1ab6f0-4769-4b27-930e-01e2ef9c123c/resourcegroups/testRg-3526/providers/Microsoft.Cdn/operationresults/8375685a-f898-461a-aa57-09da9d4f0dd4?api-version=2020-09-01",
      "RequestMethod": "GET",
      "RequestHeaders": {
        "Authorization": "Sanitized",
        "User-Agent": "azsdk-net-ResourceManager/1.0.0-alpha.20220214.1 (.NET 6.0.1; Microsoft Windows 10.0.22000) azsdk-net-ResourceManager/1.0.0-alpha.20220214.1 (.NET 6.0.1; Microsoft Windows 10.0.22000)",
        "x-ms-client-request-id": "15bafb657c93a79a1675ef847f6e7a40",
        "x-ms-return-client-request-id": "true"
      },
      "RequestBody": null,
      "StatusCode": 200,
      "ResponseHeaders": {
        "Cache-Control": "no-cache",
        "Content-Length": "62",
        "Content-Type": "application/json; charset=utf-8",
        "Date": "Mon, 14 Feb 2022 16:40:15 GMT",
        "Expires": "-1",
        "Pragma": "no-cache",
        "Server": "Kestrel",
        "Strict-Transport-Security": "max-age=31536000; includeSubDomains",
        "X-Content-Type-Options": "nosniff",
        "x-ms-client-request-id": "15bafb657c93a79a1675ef847f6e7a40",
        "x-ms-correlation-request-id": "31b8d63c-aabe-493c-a8ce-45d9ba6f9776",
        "x-ms-ratelimit-remaining-subscription-reads": "11903",
        "x-ms-request-id": "86c719c6-6141-4a7a-a8bf-a8e25247873f",
        "x-ms-routing-request-id": "WESTUS2:20220214T164015Z:31b8d63c-aabe-493c-a8ce-45d9ba6f9776"
      },
      "ResponseBody": {
        "status": "InProgress",
        "error": {
          "code": "None",
          "message": null
        }
      }
    },
    {
      "RequestUri": "https://management.azure.com/subscriptions/db1ab6f0-4769-4b27-930e-01e2ef9c123c/resourcegroups/testRg-3526/providers/Microsoft.Cdn/operationresults/8375685a-f898-461a-aa57-09da9d4f0dd4?api-version=2020-09-01",
      "RequestMethod": "GET",
      "RequestHeaders": {
        "Authorization": "Sanitized",
        "User-Agent": "azsdk-net-ResourceManager/1.0.0-alpha.20220214.1 (.NET 6.0.1; Microsoft Windows 10.0.22000) azsdk-net-ResourceManager/1.0.0-alpha.20220214.1 (.NET 6.0.1; Microsoft Windows 10.0.22000)",
        "x-ms-client-request-id": "7e50fcc887ca1fe94f66f4e2cc6566f3",
        "x-ms-return-client-request-id": "true"
      },
      "RequestBody": null,
      "StatusCode": 200,
      "ResponseHeaders": {
        "Cache-Control": "no-cache",
        "Content-Length": "62",
        "Content-Type": "application/json; charset=utf-8",
        "Date": "Mon, 14 Feb 2022 16:40:15 GMT",
        "Expires": "-1",
        "Pragma": "no-cache",
        "Server": "Kestrel",
        "Strict-Transport-Security": "max-age=31536000; includeSubDomains",
        "X-Content-Type-Options": "nosniff",
        "x-ms-client-request-id": "7e50fcc887ca1fe94f66f4e2cc6566f3",
        "x-ms-correlation-request-id": "054c5cae-b6df-44e9-9fd9-5c7f16a9a003",
        "x-ms-ratelimit-remaining-subscription-reads": "11902",
        "x-ms-request-id": "d13b2b2a-ac1f-4856-b049-1088942a96d0",
        "x-ms-routing-request-id": "WESTUS2:20220214T164015Z:054c5cae-b6df-44e9-9fd9-5c7f16a9a003"
      },
      "ResponseBody": {
        "status": "InProgress",
        "error": {
          "code": "None",
          "message": null
        }
      }
    },
    {
      "RequestUri": "https://management.azure.com/subscriptions/db1ab6f0-4769-4b27-930e-01e2ef9c123c/resourcegroups/testRg-3526/providers/Microsoft.Cdn/operationresults/8375685a-f898-461a-aa57-09da9d4f0dd4?api-version=2020-09-01",
      "RequestMethod": "GET",
      "RequestHeaders": {
        "Authorization": "Sanitized",
        "User-Agent": "azsdk-net-ResourceManager/1.0.0-alpha.20220214.1 (.NET 6.0.1; Microsoft Windows 10.0.22000) azsdk-net-ResourceManager/1.0.0-alpha.20220214.1 (.NET 6.0.1; Microsoft Windows 10.0.22000)",
        "x-ms-client-request-id": "4ab0c600fbebdbd69150928e51f1e1d5",
        "x-ms-return-client-request-id": "true"
      },
      "RequestBody": null,
      "StatusCode": 200,
      "ResponseHeaders": {
        "Cache-Control": "no-cache",
        "Content-Length": "62",
        "Content-Type": "application/json; charset=utf-8",
        "Date": "Mon, 14 Feb 2022 16:40:15 GMT",
        "Expires": "-1",
        "Pragma": "no-cache",
        "Server": "Kestrel",
        "Strict-Transport-Security": "max-age=31536000; includeSubDomains",
        "X-Content-Type-Options": "nosniff",
        "x-ms-client-request-id": "4ab0c600fbebdbd69150928e51f1e1d5",
        "x-ms-correlation-request-id": "c518f43d-b09e-4041-8f9d-695887d6763a",
        "x-ms-ratelimit-remaining-subscription-reads": "11901",
        "x-ms-request-id": "58499cae-c8c3-404c-b9a6-6fcc1dabe349",
        "x-ms-routing-request-id": "WESTUS2:20220214T164015Z:c518f43d-b09e-4041-8f9d-695887d6763a"
      },
      "ResponseBody": {
        "status": "InProgress",
        "error": {
          "code": "None",
          "message": null
        }
      }
    },
    {
      "RequestUri": "https://management.azure.com/subscriptions/db1ab6f0-4769-4b27-930e-01e2ef9c123c/resourcegroups/testRg-3526/providers/Microsoft.Cdn/operationresults/8375685a-f898-461a-aa57-09da9d4f0dd4?api-version=2020-09-01",
      "RequestMethod": "GET",
      "RequestHeaders": {
        "Authorization": "Sanitized",
        "User-Agent": "azsdk-net-ResourceManager/1.0.0-alpha.20220214.1 (.NET 6.0.1; Microsoft Windows 10.0.22000) azsdk-net-ResourceManager/1.0.0-alpha.20220214.1 (.NET 6.0.1; Microsoft Windows 10.0.22000)",
        "x-ms-client-request-id": "68df84897f50dd74129bc52c87b8dab0",
        "x-ms-return-client-request-id": "true"
      },
      "RequestBody": null,
      "StatusCode": 200,
      "ResponseHeaders": {
        "Cache-Control": "no-cache",
        "Content-Length": "62",
        "Content-Type": "application/json; charset=utf-8",
        "Date": "Mon, 14 Feb 2022 16:40:15 GMT",
        "Expires": "-1",
        "Pragma": "no-cache",
        "Server": "Kestrel",
        "Strict-Transport-Security": "max-age=31536000; includeSubDomains",
        "X-Content-Type-Options": "nosniff",
        "x-ms-client-request-id": "68df84897f50dd74129bc52c87b8dab0",
        "x-ms-correlation-request-id": "54bd2882-7622-4a29-ba77-49a9aea9ba34",
        "x-ms-ratelimit-remaining-subscription-reads": "11900",
        "x-ms-request-id": "5c4eaf34-a2b0-42c6-b7e2-167c05d65d4e",
        "x-ms-routing-request-id": "WESTUS2:20220214T164015Z:54bd2882-7622-4a29-ba77-49a9aea9ba34"
      },
      "ResponseBody": {
        "status": "InProgress",
        "error": {
          "code": "None",
          "message": null
        }
      }
    },
    {
      "RequestUri": "https://management.azure.com/subscriptions/db1ab6f0-4769-4b27-930e-01e2ef9c123c/resourcegroups/testRg-3526/providers/Microsoft.Cdn/operationresults/8375685a-f898-461a-aa57-09da9d4f0dd4?api-version=2020-09-01",
      "RequestMethod": "GET",
      "RequestHeaders": {
        "Authorization": "Sanitized",
        "User-Agent": "azsdk-net-ResourceManager/1.0.0-alpha.20220214.1 (.NET 6.0.1; Microsoft Windows 10.0.22000) azsdk-net-ResourceManager/1.0.0-alpha.20220214.1 (.NET 6.0.1; Microsoft Windows 10.0.22000)",
        "x-ms-client-request-id": "b983fc0f30becc542574ec79f45ace5d",
        "x-ms-return-client-request-id": "true"
      },
      "RequestBody": null,
      "StatusCode": 200,
      "ResponseHeaders": {
        "Cache-Control": "no-cache",
        "Content-Length": "62",
        "Content-Type": "application/json; charset=utf-8",
        "Date": "Mon, 14 Feb 2022 16:40:15 GMT",
        "Expires": "-1",
        "Pragma": "no-cache",
        "Server": "Kestrel",
        "Strict-Transport-Security": "max-age=31536000; includeSubDomains",
        "X-Content-Type-Options": "nosniff",
        "x-ms-client-request-id": "b983fc0f30becc542574ec79f45ace5d",
        "x-ms-correlation-request-id": "c0a54d34-5484-4aa3-a889-577f4617d47e",
        "x-ms-ratelimit-remaining-subscription-reads": "11899",
        "x-ms-request-id": "f29cf71b-74b5-468e-9424-c929c7357af7",
        "x-ms-routing-request-id": "WESTUS2:20220214T164015Z:c0a54d34-5484-4aa3-a889-577f4617d47e"
      },
      "ResponseBody": {
        "status": "InProgress",
        "error": {
          "code": "None",
          "message": null
        }
      }
    },
    {
      "RequestUri": "https://management.azure.com/subscriptions/db1ab6f0-4769-4b27-930e-01e2ef9c123c/resourcegroups/testRg-3526/providers/Microsoft.Cdn/operationresults/8375685a-f898-461a-aa57-09da9d4f0dd4?api-version=2020-09-01",
      "RequestMethod": "GET",
      "RequestHeaders": {
        "Authorization": "Sanitized",
        "User-Agent": "azsdk-net-ResourceManager/1.0.0-alpha.20220214.1 (.NET 6.0.1; Microsoft Windows 10.0.22000) azsdk-net-ResourceManager/1.0.0-alpha.20220214.1 (.NET 6.0.1; Microsoft Windows 10.0.22000)",
        "x-ms-client-request-id": "48591e85fe8681a251d2375036a953d9",
        "x-ms-return-client-request-id": "true"
      },
      "RequestBody": null,
      "StatusCode": 200,
      "ResponseHeaders": {
        "Cache-Control": "no-cache",
        "Content-Length": "62",
        "Content-Type": "application/json; charset=utf-8",
        "Date": "Mon, 14 Feb 2022 16:40:16 GMT",
        "Expires": "-1",
        "Pragma": "no-cache",
        "Server": "Kestrel",
        "Strict-Transport-Security": "max-age=31536000; includeSubDomains",
        "X-Content-Type-Options": "nosniff",
        "x-ms-client-request-id": "48591e85fe8681a251d2375036a953d9",
        "x-ms-correlation-request-id": "dfbc67f8-cd54-4edb-a45b-3ec0e39c6cb3",
        "x-ms-ratelimit-remaining-subscription-reads": "11898",
        "x-ms-request-id": "108c94bf-df24-42d1-927d-ef1746f432b8",
        "x-ms-routing-request-id": "WESTUS2:20220214T164016Z:dfbc67f8-cd54-4edb-a45b-3ec0e39c6cb3"
      },
      "ResponseBody": {
        "status": "InProgress",
        "error": {
          "code": "None",
          "message": null
        }
      }
    },
    {
      "RequestUri": "https://management.azure.com/subscriptions/db1ab6f0-4769-4b27-930e-01e2ef9c123c/resourcegroups/testRg-3526/providers/Microsoft.Cdn/operationresults/8375685a-f898-461a-aa57-09da9d4f0dd4?api-version=2020-09-01",
      "RequestMethod": "GET",
      "RequestHeaders": {
        "Authorization": "Sanitized",
        "User-Agent": "azsdk-net-ResourceManager/1.0.0-alpha.20220214.1 (.NET 6.0.1; Microsoft Windows 10.0.22000) azsdk-net-ResourceManager/1.0.0-alpha.20220214.1 (.NET 6.0.1; Microsoft Windows 10.0.22000)",
        "x-ms-client-request-id": "547fe176276e58172f1242db92fbe8b7",
        "x-ms-return-client-request-id": "true"
      },
      "RequestBody": null,
      "StatusCode": 200,
      "ResponseHeaders": {
        "Cache-Control": "no-cache",
        "Content-Length": "62",
        "Content-Type": "application/json; charset=utf-8",
        "Date": "Mon, 14 Feb 2022 16:40:16 GMT",
        "Expires": "-1",
        "Pragma": "no-cache",
        "Server": "Kestrel",
        "Strict-Transport-Security": "max-age=31536000; includeSubDomains",
        "X-Content-Type-Options": "nosniff",
        "x-ms-client-request-id": "547fe176276e58172f1242db92fbe8b7",
        "x-ms-correlation-request-id": "5324dc23-761c-49ee-8554-13451ec70421",
        "x-ms-ratelimit-remaining-subscription-reads": "11897",
        "x-ms-request-id": "19bd3b41-3d3d-4cae-a61a-c484dffa10bf",
        "x-ms-routing-request-id": "WESTUS2:20220214T164016Z:5324dc23-761c-49ee-8554-13451ec70421"
      },
      "ResponseBody": {
        "status": "InProgress",
        "error": {
          "code": "None",
          "message": null
        }
      }
    },
    {
      "RequestUri": "https://management.azure.com/subscriptions/db1ab6f0-4769-4b27-930e-01e2ef9c123c/resourcegroups/testRg-3526/providers/Microsoft.Cdn/operationresults/8375685a-f898-461a-aa57-09da9d4f0dd4?api-version=2020-09-01",
      "RequestMethod": "GET",
      "RequestHeaders": {
        "Authorization": "Sanitized",
        "User-Agent": "azsdk-net-ResourceManager/1.0.0-alpha.20220214.1 (.NET 6.0.1; Microsoft Windows 10.0.22000) azsdk-net-ResourceManager/1.0.0-alpha.20220214.1 (.NET 6.0.1; Microsoft Windows 10.0.22000)",
        "x-ms-client-request-id": "69a667cd915e102a590167ecf803957c",
        "x-ms-return-client-request-id": "true"
      },
      "RequestBody": null,
      "StatusCode": 200,
      "ResponseHeaders": {
        "Cache-Control": "no-cache",
        "Content-Length": "62",
        "Content-Type": "application/json; charset=utf-8",
        "Date": "Mon, 14 Feb 2022 16:40:16 GMT",
        "Expires": "-1",
        "Pragma": "no-cache",
        "Server": "Kestrel",
        "Strict-Transport-Security": "max-age=31536000; includeSubDomains",
        "X-Content-Type-Options": "nosniff",
        "x-ms-client-request-id": "69a667cd915e102a590167ecf803957c",
        "x-ms-correlation-request-id": "19100019-bd61-40a0-96a8-b4a692e9dbd5",
        "x-ms-ratelimit-remaining-subscription-reads": "11896",
        "x-ms-request-id": "1e933ddd-ec4f-4253-ae79-393206800b6a",
        "x-ms-routing-request-id": "WESTUS2:20220214T164016Z:19100019-bd61-40a0-96a8-b4a692e9dbd5"
      },
      "ResponseBody": {
        "status": "InProgress",
        "error": {
          "code": "None",
          "message": null
        }
      }
    },
    {
      "RequestUri": "https://management.azure.com/subscriptions/db1ab6f0-4769-4b27-930e-01e2ef9c123c/resourcegroups/testRg-3526/providers/Microsoft.Cdn/operationresults/8375685a-f898-461a-aa57-09da9d4f0dd4?api-version=2020-09-01",
      "RequestMethod": "GET",
      "RequestHeaders": {
        "Authorization": "Sanitized",
        "User-Agent": "azsdk-net-ResourceManager/1.0.0-alpha.20220214.1 (.NET 6.0.1; Microsoft Windows 10.0.22000) azsdk-net-ResourceManager/1.0.0-alpha.20220214.1 (.NET 6.0.1; Microsoft Windows 10.0.22000)",
        "x-ms-client-request-id": "1203122079db5eef07001873bcc7ee56",
        "x-ms-return-client-request-id": "true"
      },
      "RequestBody": null,
      "StatusCode": 200,
      "ResponseHeaders": {
        "Cache-Control": "no-cache",
        "Content-Length": "62",
        "Content-Type": "application/json; charset=utf-8",
        "Date": "Mon, 14 Feb 2022 16:40:16 GMT",
        "Expires": "-1",
        "Pragma": "no-cache",
        "Server": "Kestrel",
        "Strict-Transport-Security": "max-age=31536000; includeSubDomains",
        "X-Content-Type-Options": "nosniff",
        "x-ms-client-request-id": "1203122079db5eef07001873bcc7ee56",
        "x-ms-correlation-request-id": "e4724f7c-5e94-4e4b-94c1-b97b9b385967",
        "x-ms-ratelimit-remaining-subscription-reads": "11895",
        "x-ms-request-id": "a7bcba90-efe3-4a88-94d5-1e9bca3c81a3",
        "x-ms-routing-request-id": "WESTUS2:20220214T164016Z:e4724f7c-5e94-4e4b-94c1-b97b9b385967"
      },
      "ResponseBody": {
        "status": "InProgress",
        "error": {
          "code": "None",
          "message": null
        }
      }
    },
    {
      "RequestUri": "https://management.azure.com/subscriptions/db1ab6f0-4769-4b27-930e-01e2ef9c123c/resourcegroups/testRg-3526/providers/Microsoft.Cdn/operationresults/8375685a-f898-461a-aa57-09da9d4f0dd4?api-version=2020-09-01",
      "RequestMethod": "GET",
      "RequestHeaders": {
        "Authorization": "Sanitized",
        "User-Agent": "azsdk-net-ResourceManager/1.0.0-alpha.20220214.1 (.NET 6.0.1; Microsoft Windows 10.0.22000) azsdk-net-ResourceManager/1.0.0-alpha.20220214.1 (.NET 6.0.1; Microsoft Windows 10.0.22000)",
        "x-ms-client-request-id": "cf8380e9ea03e47bb76ffb6cc02b5f2c",
        "x-ms-return-client-request-id": "true"
      },
      "RequestBody": null,
      "StatusCode": 200,
      "ResponseHeaders": {
        "Cache-Control": "no-cache",
        "Content-Length": "62",
        "Content-Type": "application/json; charset=utf-8",
        "Date": "Mon, 14 Feb 2022 16:40:16 GMT",
        "Expires": "-1",
        "Pragma": "no-cache",
        "Server": "Kestrel",
        "Strict-Transport-Security": "max-age=31536000; includeSubDomains",
        "X-Content-Type-Options": "nosniff",
        "x-ms-client-request-id": "cf8380e9ea03e47bb76ffb6cc02b5f2c",
        "x-ms-correlation-request-id": "4656f80f-9722-4da6-9f5a-5a12b8904f26",
        "x-ms-ratelimit-remaining-subscription-reads": "11894",
        "x-ms-request-id": "4a9e9bca-f886-4018-9102-a1b8dc7cae88",
        "x-ms-routing-request-id": "WESTUS2:20220214T164016Z:4656f80f-9722-4da6-9f5a-5a12b8904f26"
      },
      "ResponseBody": {
        "status": "InProgress",
        "error": {
          "code": "None",
          "message": null
        }
      }
    },
    {
      "RequestUri": "https://management.azure.com/subscriptions/db1ab6f0-4769-4b27-930e-01e2ef9c123c/resourcegroups/testRg-3526/providers/Microsoft.Cdn/operationresults/8375685a-f898-461a-aa57-09da9d4f0dd4?api-version=2020-09-01",
      "RequestMethod": "GET",
      "RequestHeaders": {
        "Authorization": "Sanitized",
        "User-Agent": "azsdk-net-ResourceManager/1.0.0-alpha.20220214.1 (.NET 6.0.1; Microsoft Windows 10.0.22000) azsdk-net-ResourceManager/1.0.0-alpha.20220214.1 (.NET 6.0.1; Microsoft Windows 10.0.22000)",
        "x-ms-client-request-id": "80bac67dd5f753dc7748615d78b75492",
        "x-ms-return-client-request-id": "true"
      },
      "RequestBody": null,
      "StatusCode": 200,
      "ResponseHeaders": {
        "Cache-Control": "no-cache",
        "Content-Length": "62",
        "Content-Type": "application/json; charset=utf-8",
        "Date": "Mon, 14 Feb 2022 16:40:16 GMT",
        "Expires": "-1",
        "Pragma": "no-cache",
        "Server": "Kestrel",
        "Strict-Transport-Security": "max-age=31536000; includeSubDomains",
        "X-Content-Type-Options": "nosniff",
        "x-ms-client-request-id": "80bac67dd5f753dc7748615d78b75492",
        "x-ms-correlation-request-id": "822d63d0-f4ca-4347-9fc1-804894622108",
        "x-ms-ratelimit-remaining-subscription-reads": "11893",
        "x-ms-request-id": "d79561e6-08f2-4d9f-96bd-fdcebd8d0fcd",
        "x-ms-routing-request-id": "WESTUS2:20220214T164016Z:822d63d0-f4ca-4347-9fc1-804894622108"
      },
      "ResponseBody": {
        "status": "InProgress",
        "error": {
          "code": "None",
          "message": null
        }
      }
    },
    {
      "RequestUri": "https://management.azure.com/subscriptions/db1ab6f0-4769-4b27-930e-01e2ef9c123c/resourcegroups/testRg-3526/providers/Microsoft.Cdn/operationresults/8375685a-f898-461a-aa57-09da9d4f0dd4?api-version=2020-09-01",
      "RequestMethod": "GET",
      "RequestHeaders": {
        "Authorization": "Sanitized",
        "User-Agent": "azsdk-net-ResourceManager/1.0.0-alpha.20220214.1 (.NET 6.0.1; Microsoft Windows 10.0.22000) azsdk-net-ResourceManager/1.0.0-alpha.20220214.1 (.NET 6.0.1; Microsoft Windows 10.0.22000)",
        "x-ms-client-request-id": "78021012c6803678961e5b6c7e829ddc",
        "x-ms-return-client-request-id": "true"
      },
      "RequestBody": null,
      "StatusCode": 200,
      "ResponseHeaders": {
        "Cache-Control": "no-cache",
        "Content-Length": "62",
        "Content-Type": "application/json; charset=utf-8",
        "Date": "Mon, 14 Feb 2022 16:40:16 GMT",
        "Expires": "-1",
        "Pragma": "no-cache",
        "Server": "Kestrel",
        "Strict-Transport-Security": "max-age=31536000; includeSubDomains",
        "X-Content-Type-Options": "nosniff",
        "x-ms-client-request-id": "78021012c6803678961e5b6c7e829ddc",
        "x-ms-correlation-request-id": "9b8760e3-0913-441e-a92a-31f4a47d612d",
        "x-ms-ratelimit-remaining-subscription-reads": "11892",
        "x-ms-request-id": "363de038-574f-4af3-acac-85f2a7cfb43b",
        "x-ms-routing-request-id": "WESTUS2:20220214T164016Z:9b8760e3-0913-441e-a92a-31f4a47d612d"
      },
      "ResponseBody": {
        "status": "InProgress",
        "error": {
          "code": "None",
          "message": null
        }
      }
    },
    {
      "RequestUri": "https://management.azure.com/subscriptions/db1ab6f0-4769-4b27-930e-01e2ef9c123c/resourcegroups/testRg-3526/providers/Microsoft.Cdn/operationresults/8375685a-f898-461a-aa57-09da9d4f0dd4?api-version=2020-09-01",
      "RequestMethod": "GET",
      "RequestHeaders": {
        "Authorization": "Sanitized",
        "User-Agent": "azsdk-net-ResourceManager/1.0.0-alpha.20220214.1 (.NET 6.0.1; Microsoft Windows 10.0.22000) azsdk-net-ResourceManager/1.0.0-alpha.20220214.1 (.NET 6.0.1; Microsoft Windows 10.0.22000)",
        "x-ms-client-request-id": "f6f5eca06e0c135ea32f57ba881d6bff",
        "x-ms-return-client-request-id": "true"
      },
      "RequestBody": null,
      "StatusCode": 200,
      "ResponseHeaders": {
        "Cache-Control": "no-cache",
        "Content-Length": "61",
        "Content-Type": "application/json; charset=utf-8",
        "Date": "Mon, 14 Feb 2022 16:40:17 GMT",
        "Expires": "-1",
        "Pragma": "no-cache",
        "Server": "Kestrel",
        "Strict-Transport-Security": "max-age=31536000; includeSubDomains",
        "X-Content-Type-Options": "nosniff",
        "x-ms-client-request-id": "f6f5eca06e0c135ea32f57ba881d6bff",
        "x-ms-correlation-request-id": "29d1c2c3-e67d-4798-b4c1-5a15062cf57a",
        "x-ms-ratelimit-remaining-subscription-reads": "11891",
        "x-ms-request-id": "1c160fc5-be43-4487-adad-0bb8c45a4de3",
        "x-ms-routing-request-id": "WESTUS2:20220214T164017Z:29d1c2c3-e67d-4798-b4c1-5a15062cf57a"
      },
      "ResponseBody": {
        "status": "Succeeded",
        "error": {
          "code": "None",
          "message": null
        }
      }
    },
    {
      "RequestUri": "https://management.azure.com/subscriptions/db1ab6f0-4769-4b27-930e-01e2ef9c123c/resourceGroups/testRg-3526/providers/Microsoft.Cdn/profiles/AFDProfile-6184?api-version=2020-09-01",
      "RequestMethod": "GET",
      "RequestHeaders": {
        "Authorization": "Sanitized",
        "User-Agent": "azsdk-net-ResourceManager/1.0.0-alpha.20220214.1 (.NET 6.0.1; Microsoft Windows 10.0.22000) azsdk-net-ResourceManager/1.0.0-alpha.20220214.1 (.NET 6.0.1; Microsoft Windows 10.0.22000)",
        "x-ms-client-request-id": "af5a681ae728b6ab4d84ead87a70d5f5",
        "x-ms-return-client-request-id": "true"
      },
      "RequestBody": null,
      "StatusCode": 200,
      "ResponseHeaders": {
        "Cache-Control": "no-cache",
        "Content-Length": "466",
        "Content-Type": "application/json; charset=utf-8",
        "Date": "Mon, 14 Feb 2022 16:40:17 GMT",
        "Expires": "-1",
        "Pragma": "no-cache",
        "Server": "Kestrel",
        "Strict-Transport-Security": "max-age=31536000; includeSubDomains",
        "X-Content-Type-Options": "nosniff",
        "x-ms-client-request-id": "af5a681ae728b6ab4d84ead87a70d5f5",
        "x-ms-correlation-request-id": "f5a2ae0a-dfe3-451b-95f0-4e885b586d78",
        "x-ms-ratelimit-remaining-subscription-resource-requests": "49",
        "x-ms-request-id": "1456e492-30a4-4c48-b3ef-07cb0efe6d3b",
        "x-ms-routing-request-id": "WESTUS2:20220214T164017Z:f5a2ae0a-dfe3-451b-95f0-4e885b586d78"
      },
      "ResponseBody": {
        "id": "/subscriptions/db1ab6f0-4769-4b27-930e-01e2ef9c123c/resourcegroups/testRg-3526/providers/Microsoft.Cdn/profiles/AFDProfile-6184",
        "type": "Microsoft.Cdn/profiles",
        "name": "AFDProfile-6184",
        "location": "Global",
        "kind": "frontdoor",
        "tags": {},
        "sku": {
          "name": "Standard_AzureFrontDoor"
        },
        "properties": {
          "frontDoorId": "23cc7782-6351-4a4a-ac99-4a244063b5af",
          "resourceState": "Active",
          "identity": {
            "type": "None",
            "principal": null,
            "tenant": null
          },
          "provisioningState": "Succeeded"
        }
      }
    },
    {
      "RequestUri": "https://management.azure.com/subscriptions/db1ab6f0-4769-4b27-930e-01e2ef9c123c/resourcegroups/testRg-3526/providers/Microsoft.Cdn/profiles/AFDProfile-6184/providers/Microsoft.Resources/tags/default?api-version=2021-04-01",
      "RequestMethod": "GET",
      "RequestHeaders": {
        "Accept": "application/json",
        "Authorization": "Sanitized",
        "traceparent": "00-e8675a8b4043c0c250920ff8c62c94e9-5da01aa019673865-00",
        "User-Agent": "azsdk-net-ResourceManager/1.0.0-alpha.20220214.1 (.NET 6.0.1; Microsoft Windows 10.0.22000) azsdk-net-ResourceManager/1.0.0-alpha.20220214.1 (.NET 6.0.1; Microsoft Windows 10.0.22000)",
        "x-ms-client-request-id": "8bbd85aa5ec1a485b1eed5506fbead79",
        "x-ms-return-client-request-id": "true"
      },
      "RequestBody": null,
      "StatusCode": 200,
      "ResponseHeaders": {
        "Cache-Control": "no-cache",
        "Content-Length": "255",
        "Content-Type": "application/json; charset=utf-8",
        "Date": "Mon, 14 Feb 2022 16:40:17 GMT",
        "Expires": "-1",
        "Pragma": "no-cache",
        "Strict-Transport-Security": "max-age=31536000; includeSubDomains",
        "X-Content-Type-Options": "nosniff",
        "x-ms-correlation-request-id": "c2aa0189-8611-46a7-8166-ade172e4c585",
        "x-ms-ratelimit-remaining-subscription-reads": "11890",
        "x-ms-request-id": "c2aa0189-8611-46a7-8166-ade172e4c585",
        "x-ms-routing-request-id": "WESTUS2:20220214T164017Z:c2aa0189-8611-46a7-8166-ade172e4c585"
      },
      "ResponseBody": {
        "id": "/subscriptions/db1ab6f0-4769-4b27-930e-01e2ef9c123c/resourceGroups/testRg-3526/providers/Microsoft.Cdn/profiles/AFDProfile-6184/providers/Microsoft.Resources/tags/default",
        "name": "default",
        "type": "Microsoft.Resources/tags",
        "properties": {
          "tags": {}
        }
      }
    },
    {
      "RequestUri": "https://management.azure.com/subscriptions/db1ab6f0-4769-4b27-930e-01e2ef9c123c/resourcegroups/testRg-3526/providers/Microsoft.Cdn/profiles/AFDProfile-6184/providers/Microsoft.Resources/tags/default?api-version=2021-04-01",
      "RequestMethod": "PUT",
      "RequestHeaders": {
        "Accept": "application/json",
        "Authorization": "Sanitized",
        "Content-Length": "45",
        "Content-Type": "application/json",
        "traceparent": "00-e8675a8b4043c0c250920ff8c62c94e9-21e4ad28df17a79b-00",
        "User-Agent": "azsdk-net-ResourceManager/1.0.0-alpha.20220214.1 (.NET 6.0.1; Microsoft Windows 10.0.22000) azsdk-net-ResourceManager/1.0.0-alpha.20220214.1 (.NET 6.0.1; Microsoft Windows 10.0.22000)",
        "x-ms-client-request-id": "15515bb3ee28b9b3413fa98884859933",
        "x-ms-return-client-request-id": "true"
      },
      "RequestBody": {
        "properties": {
          "tags": {
            "newTag": "newValue"
          }
        }
      },
      "StatusCode": 200,
      "ResponseHeaders": {
        "Cache-Control": "no-cache",
        "Content-Length": "274",
        "Content-Type": "application/json; charset=utf-8",
        "Date": "Mon, 14 Feb 2022 16:40:19 GMT",
        "Expires": "-1",
        "Pragma": "no-cache",
        "Strict-Transport-Security": "max-age=31536000; includeSubDomains",
        "X-Content-Type-Options": "nosniff",
        "x-ms-correlation-request-id": "73b1fd2e-589a-46ca-861a-7beaa2a9e72d",
        "x-ms-ratelimit-remaining-subscription-writes": "1198",
        "x-ms-request-id": "73b1fd2e-589a-46ca-861a-7beaa2a9e72d",
        "x-ms-routing-request-id": "WESTUS2:20220214T164019Z:73b1fd2e-589a-46ca-861a-7beaa2a9e72d"
      },
      "ResponseBody": {
        "id": "/subscriptions/db1ab6f0-4769-4b27-930e-01e2ef9c123c/resourceGroups/testRg-3526/providers/Microsoft.Cdn/profiles/AFDProfile-6184/providers/Microsoft.Resources/tags/default",
        "name": "default",
        "type": "Microsoft.Resources/tags",
        "properties": {
          "tags": {
            "newTag": "newValue"
          }
        }
      }
    },
    {
      "RequestUri": "https://management.azure.com/subscriptions/db1ab6f0-4769-4b27-930e-01e2ef9c123c/resourceGroups/testRg-3526/providers/Microsoft.Cdn/profiles/AFDProfile-6184?api-version=2020-09-01",
      "RequestMethod": "GET",
      "RequestHeaders": {
        "Accept": "application/json",
        "Authorization": "Sanitized",
        "traceparent": "00-e8675a8b4043c0c250920ff8c62c94e9-4a34476f5ae781a1-00",
        "User-Agent": "azsdk-net-ResourceManager.Cdn/1.0.0-alpha.20220214.1 (.NET 6.0.1; Microsoft Windows 10.0.22000) azsdk-net-ResourceManager/1.0.0-alpha.20220214.1 (.NET 6.0.1; Microsoft Windows 10.0.22000)",
        "x-ms-client-request-id": "0310625adf60bc3ee3b5fd3a125a478e",
        "x-ms-return-client-request-id": "true"
      },
      "RequestBody": null,
      "StatusCode": 200,
      "ResponseHeaders": {
        "Cache-Control": "no-cache",
        "Content-Length": "485",
        "Content-Type": "application/json; charset=utf-8",
        "Date": "Mon, 14 Feb 2022 16:40:19 GMT",
        "Expires": "-1",
        "Pragma": "no-cache",
        "Server": "Kestrel",
        "Strict-Transport-Security": "max-age=31536000; includeSubDomains",
        "X-Content-Type-Options": "nosniff",
        "x-ms-client-request-id": "0310625adf60bc3ee3b5fd3a125a478e",
        "x-ms-correlation-request-id": "843fc33f-f76a-4cb2-bf84-a0cf2b2a590a",
        "x-ms-ratelimit-remaining-subscription-resource-requests": "48",
        "x-ms-request-id": "0157cb46-6bc7-4f60-97a5-3c370c7a965d",
        "x-ms-routing-request-id": "WESTUS2:20220214T164019Z:843fc33f-f76a-4cb2-bf84-a0cf2b2a590a"
      },
      "ResponseBody": {
        "id": "/subscriptions/db1ab6f0-4769-4b27-930e-01e2ef9c123c/resourcegroups/testRg-3526/providers/Microsoft.Cdn/profiles/AFDProfile-6184",
        "type": "Microsoft.Cdn/profiles",
        "name": "AFDProfile-6184",
        "location": "Global",
        "kind": "frontdoor",
        "tags": {
          "newTag": "newValue"
        },
        "sku": {
          "name": "Standard_AzureFrontDoor"
        },
        "properties": {
          "frontDoorId": "23cc7782-6351-4a4a-ac99-4a244063b5af",
          "resourceState": "Active",
          "identity": {
            "type": "None",
            "principal": null,
            "tenant": null
          },
          "provisioningState": "Succeeded"
        }
      }
    }
  ],
  "Variables": {
    "RandomSeed": "605736775",
    "RESOURCE_MANAGER_URL": null,
    "SUBSCRIPTION_ID": "db1ab6f0-4769-4b27-930e-01e2ef9c123c"
  }
}
