{
  "Entries": [
    {
      "RequestUri": "/luis/api/v2.0/apps/86226c53-b7a6-416f-876b-226b2b5ab07b/versions/0.1/closedlists",
      "EncodedRequestUri": "L2x1aXMvYXBpL3YyLjAvYXBwcy84NjIyNmM1My1iN2E2LTQxNmYtODc2Yi0yMjZiMmI1YWIwN2IvdmVyc2lvbnMvMC4xL2Nsb3NlZGxpc3Rz",
      "RequestMethod": "POST",
      "RequestBody": "{\r\n  \"subLists\": [\r\n    {\r\n      \"canonicalForm\": \"New York\",\r\n      \"list\": [\r\n        \"NY\",\r\n        \"New York\"\r\n      ]\r\n    },\r\n    {\r\n      \"canonicalForm\": \"Washington\",\r\n      \"list\": [\r\n        \"WA\",\r\n        \"Washington\"\r\n      ]\r\n    },\r\n    {\r\n      \"canonicalForm\": \"California\",\r\n      \"list\": [\r\n        \"CA\",\r\n        \"California\",\r\n        \"Calif.\",\r\n        \"Cal.\"\r\n      ]\r\n    }\r\n  ],\r\n  \"name\": \"States\"\r\n}",
      "RequestHeaders": {
        "Content-Type": [
          "application/json; charset=utf-8"
        ],
        "Content-Length": [
          "426"
        ],
        "Ocp-Apim-Subscription-Key": [
          "00000000000000000000000000000000"
        ],
        "User-Agent": [
          "FxVersion/4.6.25815.04",
          "Microsoft.Azure.CognitiveServices.Language.LUIS.Programmatic.LuisProgrammaticAPI/0.0.0.0"
        ]
      },
      "ResponseBody": "\"b6480e0e-039d-4310-967d-5e71c1ee808a\"",
      "ResponseHeaders": {
        "Content-Length": [
          "38"
        ],
        "Content-Type": [
          "application/json; charset=utf-8"
        ],
        "Cache-Control": [
          "no-store, proxy-revalidate, no-cache, max-age=0, private"
        ],
        "Date": [
          "Thu, 14 Dec 2017 17:47:32 GMT"
        ],
        "Pragma": [
          "no-cache"
        ],
        "Location": [
          "https://api.luis.ai/api/v2.0/apps/86226c53-b7a6-416f-876b-226b2b5ab07b/versions/0.1/closedlists/b6480e0e-039d-4310-967d-5e71c1ee808a"
        ],
        "Apim-Request-Id": [
          "9b5f03fd-b660-463a-8794-edfaf1049a16"
        ],
        "Request-Id": [
          "9b5f03fd-b660-463a-8794-edfaf1049a16"
        ],
        "Operation-Location": [
          "https://api.luis.ai/api/v2.0/apps/86226c53-b7a6-416f-876b-226b2b5ab07b/versions/0.1/closedlists/b6480e0e-039d-4310-967d-5e71c1ee808a"
        ],
        "Request-Context": [
          "appId=cid-v1:26a3540d-a02a-4998-a060-715488fd769b"
        ],
        "X-Content-Type-Options": [
          "nosniff"
        ],
        "X-Frame-Options": [
          "SAMEORIGIN"
        ],
        "X-Powered-By": [
          "ASP.NET"
        ],
        "Strict-Transport-Security": [
          "max-age=31536000; includeSubDomains; preload"
        ]
      },
      "StatusCode": 201
    },
    {
      "RequestUri": "/luis/api/v2.0/apps/86226c53-b7a6-416f-876b-226b2b5ab07b/versions/0.1/closedlists/b6480e0e-039d-4310-967d-5e71c1ee808a",
      "EncodedRequestUri": "L2x1aXMvYXBpL3YyLjAvYXBwcy84NjIyNmM1My1iN2E2LTQxNmYtODc2Yi0yMjZiMmI1YWIwN2IvdmVyc2lvbnMvMC4xL2Nsb3NlZGxpc3RzL2I2NDgwZTBlLTAzOWQtNDMxMC05NjdkLTVlNzFjMWVlODA4YQ==",
      "RequestMethod": "GET",
      "RequestBody": "",
      "RequestHeaders": {
        "Ocp-Apim-Subscription-Key": [
          "00000000000000000000000000000000"
        ],
        "User-Agent": [
          "FxVersion/4.6.25815.04",
          "Microsoft.Azure.CognitiveServices.Language.LUIS.Programmatic.LuisProgrammaticAPI/0.0.0.0"
        ]
      },
      "ResponseBody": "{\r\n  \"id\": \"b6480e0e-039d-4310-967d-5e71c1ee808a\",\r\n  \"name\": \"States\",\r\n  \"typeId\": 5,\r\n  \"readableType\": \"Closed List Entity Extractor\",\r\n  \"subLists\": [\r\n    {\r\n      \"id\": 7654919,\r\n      \"canonicalForm\": \"New York\",\r\n      \"list\": [\r\n        \"ny\",\r\n        \"new york\"\r\n      ]\r\n    },\r\n    {\r\n      \"id\": 7654920,\r\n      \"canonicalForm\": \"Washington\",\r\n      \"list\": [\r\n        \"wa\",\r\n        \"washington\"\r\n      ]\r\n    },\r\n    {\r\n      \"id\": 7654921,\r\n      \"canonicalForm\": \"California\",\r\n      \"list\": [\r\n        \"ca\",\r\n        \"california\",\r\n        \"calif.\",\r\n        \"cal.\"\r\n      ]\r\n    }\r\n  ]\r\n}",
      "ResponseHeaders": {
        "Content-Length": [
          "356"
        ],
        "Content-Type": [
          "application/json; charset=utf-8"
        ],
        "Cache-Control": [
          "no-store, proxy-revalidate, no-cache, max-age=0, private"
        ],
        "Date": [
          "Thu, 14 Dec 2017 17:47:32 GMT"
        ],
        "Pragma": [
          "no-cache"
        ],
        "Apim-Request-Id": [
          "da2d59fe-afd3-47fb-95df-4b60da5a6a17"
        ],
        "Request-Id": [
          "da2d59fe-afd3-47fb-95df-4b60da5a6a17"
        ],
        "Request-Context": [
          "appId=cid-v1:26a3540d-a02a-4998-a060-715488fd769b"
        ],
        "X-Content-Type-Options": [
          "nosniff"
        ],
        "X-Frame-Options": [
          "SAMEORIGIN"
        ],
        "X-Powered-By": [
          "ASP.NET"
        ],
        "Strict-Transport-Security": [
          "max-age=31536000; includeSubDomains; preload"
        ]
      },
      "StatusCode": 200
    },
    {
      "RequestUri": "/luis/api/v2.0/apps/86226c53-b7a6-416f-876b-226b2b5ab07b/versions/0.1/closedlists/b6480e0e-039d-4310-967d-5e71c1ee808a",
      "EncodedRequestUri": "L2x1aXMvYXBpL3YyLjAvYXBwcy84NjIyNmM1My1iN2E2LTQxNmYtODc2Yi0yMjZiMmI1YWIwN2IvdmVyc2lvbnMvMC4xL2Nsb3NlZGxpc3RzL2I2NDgwZTBlLTAzOWQtNDMxMC05NjdkLTVlNzFjMWVlODA4YQ==",
      "RequestMethod": "GET",
      "RequestBody": "",
      "RequestHeaders": {
        "Ocp-Apim-Subscription-Key": [
          "00000000000000000000000000000000"
        ],
        "User-Agent": [
          "FxVersion/4.6.25815.04",
          "Microsoft.Azure.CognitiveServices.Language.LUIS.Programmatic.LuisProgrammaticAPI/0.0.0.0"
        ]
      },
      "ResponseBody": "{\r\n  \"id\": \"b6480e0e-039d-4310-967d-5e71c1ee808a\",\r\n  \"name\": \"States\",\r\n  \"typeId\": 5,\r\n  \"readableType\": \"Closed List Entity Extractor\",\r\n  \"subLists\": [\r\n    {\r\n      \"id\": 7654920,\r\n      \"canonicalForm\": \"Washington\",\r\n      \"list\": [\r\n        \"wa\",\r\n        \"washington\"\r\n      ]\r\n    },\r\n    {\r\n      \"id\": 7654921,\r\n      \"canonicalForm\": \"California\",\r\n      \"list\": [\r\n        \"ca\",\r\n        \"california\",\r\n        \"calif.\",\r\n        \"cal.\"\r\n      ]\r\n    }\r\n  ]\r\n}",
      "ResponseHeaders": {
        "Content-Length": [
          "289"
        ],
        "Content-Type": [
          "application/json; charset=utf-8"
        ],
        "Cache-Control": [
          "no-store, proxy-revalidate, no-cache, max-age=0, private"
        ],
        "Date": [
          "Thu, 14 Dec 2017 17:47:33 GMT"
        ],
        "Pragma": [
          "no-cache"
        ],
        "Apim-Request-Id": [
          "0c7b7a82-b288-447a-aa6b-d9e5ca31fee4"
        ],
        "Request-Id": [
          "0c7b7a82-b288-447a-aa6b-d9e5ca31fee4"
        ],
        "Request-Context": [
          "appId=cid-v1:26a3540d-a02a-4998-a060-715488fd769b"
        ],
        "X-Content-Type-Options": [
          "nosniff"
        ],
        "X-Frame-Options": [
          "SAMEORIGIN"
        ],
        "X-Powered-By": [
          "ASP.NET"
        ],
        "Strict-Transport-Security": [
          "max-age=31536000; includeSubDomains; preload"
        ]
      },
      "StatusCode": 200
    },
    {
      "RequestUri": "/luis/api/v2.0/apps/86226c53-b7a6-416f-876b-226b2b5ab07b/versions/0.1/closedlists/b6480e0e-039d-4310-967d-5e71c1ee808a/sublists/7654919",
      "EncodedRequestUri": "L2x1aXMvYXBpL3YyLjAvYXBwcy84NjIyNmM1My1iN2E2LTQxNmYtODc2Yi0yMjZiMmI1YWIwN2IvdmVyc2lvbnMvMC4xL2Nsb3NlZGxpc3RzL2I2NDgwZTBlLTAzOWQtNDMxMC05NjdkLTVlNzFjMWVlODA4YS9zdWJsaXN0cy83NjU0OTE5",
      "RequestMethod": "DELETE",
      "RequestBody": "",
      "RequestHeaders": {
        "Ocp-Apim-Subscription-Key": [
          "00000000000000000000000000000000"
        ],
        "User-Agent": [
          "FxVersion/4.6.25815.04",
          "Microsoft.Azure.CognitiveServices.Language.LUIS.Programmatic.LuisProgrammaticAPI/0.0.0.0"
        ]
      },
      "ResponseBody": "{\r\n  \"code\": \"Success\",\r\n  \"message\": \"Operation Successful\"\r\n}",
      "ResponseHeaders": {
        "Content-Length": [
          "51"
        ],
        "Content-Type": [
          "application/json; charset=utf-8"
        ],
        "Cache-Control": [
          "no-store, proxy-revalidate, no-cache, max-age=0, private"
        ],
        "Date": [
          "Thu, 14 Dec 2017 17:47:33 GMT"
        ],
        "Pragma": [
          "no-cache"
        ],
        "Apim-Request-Id": [
          "625afad0-0f7a-4170-ae02-d0ea86369055"
        ],
        "Request-Id": [
          "625afad0-0f7a-4170-ae02-d0ea86369055"
        ],
        "Request-Context": [
          "appId=cid-v1:26a3540d-a02a-4998-a060-715488fd769b"
        ],
        "X-Content-Type-Options": [
          "nosniff"
        ],
        "X-Frame-Options": [
          "SAMEORIGIN"
        ],
        "X-Powered-By": [
          "ASP.NET"
        ],
        "Strict-Transport-Security": [
          "max-age=31536000; includeSubDomains; preload"
        ]
      },
      "StatusCode": 200
    },
    {
      "RequestUri": "/luis/api/v2.0/apps/86226c53-b7a6-416f-876b-226b2b5ab07b/versions/0.1/closedlists/b6480e0e-039d-4310-967d-5e71c1ee808a",
      "EncodedRequestUri": "L2x1aXMvYXBpL3YyLjAvYXBwcy84NjIyNmM1My1iN2E2LTQxNmYtODc2Yi0yMjZiMmI1YWIwN2IvdmVyc2lvbnMvMC4xL2Nsb3NlZGxpc3RzL2I2NDgwZTBlLTAzOWQtNDMxMC05NjdkLTVlNzFjMWVlODA4YQ==",
      "RequestMethod": "DELETE",
      "RequestBody": "",
      "RequestHeaders": {
        "Ocp-Apim-Subscription-Key": [
          "00000000000000000000000000000000"
        ],
        "User-Agent": [
          "FxVersion/4.6.25815.04",
          "Microsoft.Azure.CognitiveServices.Language.LUIS.Programmatic.LuisProgrammaticAPI/0.0.0.0"
        ]
      },
      "ResponseBody": "{\r\n  \"code\": \"Success\",\r\n  \"message\": \"Operation Successful\"\r\n}",
      "ResponseHeaders": {
        "Content-Length": [
          "51"
        ],
        "Content-Type": [
          "application/json; charset=utf-8"
        ],
        "Cache-Control": [
          "no-store, proxy-revalidate, no-cache, max-age=0, private"
        ],
        "Date": [
          "Thu, 14 Dec 2017 17:47:33 GMT"
        ],
        "Pragma": [
          "no-cache"
        ],
        "Apim-Request-Id": [
          "84c6d98f-db44-4906-a3c1-91b3018c512c"
        ],
        "Request-Id": [
          "84c6d98f-db44-4906-a3c1-91b3018c512c"
        ],
        "Request-Context": [
          "appId=cid-v1:26a3540d-a02a-4998-a060-715488fd769b"
        ],
        "X-Content-Type-Options": [
          "nosniff"
        ],
        "X-Frame-Options": [
          "SAMEORIGIN"
        ],
        "X-Powered-By": [
          "ASP.NET"
        ],
        "Strict-Transport-Security": [
          "max-age=31536000; includeSubDomains; preload"
        ]
      },
      "StatusCode": 200
    }
  ],
  "Names": {},
  "Variables": {}
}