{
  "Entries": [
    {
      "RequestUri": "https://api-dogfood.resources.windows-int.net/subscriptions/ce1bff77-08c1-4199-b7a5-52194a42b6ce/resourcegroups/Communication-RG-5924?api-version=**",
      "RequestMethod": "GET",
      "RequestHeaders": {
        "Accept": "application/json",
        "Authorization": "Sanitized",
        "traceparent": "00-eb305079e837946a453721dff734ae57-0185a68327908d7f-00",
        "User-Agent": "azsdk-net-ResourceManager/1.4.0 (.NET 6.0.15; Microsoft Windows 10.0.22621)",
        "x-ms-client-request-id": "b25547a08eacf7cc418e60b44e2bf583",
        "x-ms-return-client-request-id": "true"
      },
      "RequestBody": null,
      "StatusCode": 200,
      "ResponseHeaders": {
        "Cache-Control": "no-cache",
        "Content-Length": "240",
        "Content-Type": "application/json; charset=utf-8",
        "Date": "Tue, 21 Mar 2023 07:47:26 GMT",
        "Expires": "-1",
        "Pragma": "no-cache",
        "Strict-Transport-Security": "max-age=31536000; includeSubDomains",
        "X-Cache": "CONFIG_NOCACHE",
        "X-Content-Type-Options": "nosniff",
        "x-ms-correlation-request-id": "acf7eeb9-64d2-4bf3-9469-a9eac2182f8e",
        "x-ms-ratelimit-remaining-subscription-reads": "14431",
        "x-ms-request-id": "acf7eeb9-64d2-4bf3-9469-a9eac2182f8e",
        "x-ms-routing-request-id": "CENTRALUS:20230321T074726Z:acf7eeb9-64d2-4bf3-9469-a9eac2182f8e",
        "X-MSEdge-Ref": "Ref A: 97901D403CF14E6082CC5EA6E6F47456 Ref B: STBEDGE0107 Ref C: 2023-03-21T07:47:26Z"
      },
      "ResponseBody": {
        "id": "/subscriptions/ce1bff77-08c1-4199-b7a5-52194a42b6ce/resourceGroups/Communication-RG-5924",
        "name": "Communication-RG-5924",
        "type": "Microsoft.Resources/resourceGroups",
        "location": "westus2",
        "properties": {
          "provisioningState": "Succeeded"
        }
      }
    },
    {
      "RequestUri": "https://api-dogfood.resources.windows-int.net/subscriptions/ce1bff77-08c1-4199-b7a5-52194a42b6ce/resourceGroups/Communication-RG-5924/providers/Microsoft.Communication/emailServices/email-service-6583?api-version=2023-03-01-preview",
      "RequestMethod": "PUT",
      "RequestHeaders": {
        "Accept": "application/json",
        "Authorization": "Sanitized",
        "Content-Length": "76",
        "Content-Type": "application/json",
        "traceparent": "00-d959c51131b1372a9d42e1fd51028ea1-ca75dbcdcff40150-00",
        "User-Agent": "azsdk-net-ResourceManager.Communication/1.1.0-alpha.20230320.1 (.NET 6.0.15; Microsoft Windows 10.0.22621)",
        "x-ms-client-request-id": "18b0e0ff396a71092a13ee5276f8ba1a",
        "x-ms-return-client-request-id": "true"
      },
      "RequestBody": {
        "tags": {},
        "location": "global",
        "properties": {
          "dataLocation": "UnitedStates"
        }
      },
      "StatusCode": 201,
      "ResponseHeaders": {
        "Azure-AsyncNotification": "Enabled",
        "Azure-AsyncOperation": "https://api-dogfood.resources.windows-int.net/subscriptions/ce1bff77-08c1-4199-b7a5-52194a42b6ce/providers/Microsoft.Communication/locations/CENTRALUS/operationStatuses/fde3db23-9271-4abb-8d12-b376f1772cd1*AB2FFA831B8EC94069FC0184D0BB2142D505CC06839808D7DA975D5D62F30E26?api-version=2023-03-01-preview",
        "Cache-Control": "no-cache",
        "Content-Length": "623",
        "Content-Type": "application/json; charset=utf-8",
        "Date": "Tue, 21 Mar 2023 07:47:27 GMT",
        "ETag": "\u00226d01ca7c-0000-0700-0000-6419610f0000\u0022",
        "Expires": "-1",
        "mise-correlation-id": "8be6da80-e4a4-47e0-9e17-e3ee86ae9068",
        "Pragma": "no-cache",
        "Request-Context": "appId=",
        "Strict-Transport-Security": "max-age=31536000; includeSubDomains",
        "X-Cache": "CONFIG_NOCACHE",
        "X-Content-Type-Options": "nosniff",
        "x-ms-client-request-id": "18b0e0ff396a71092a13ee5276f8ba1a",
        "x-ms-correlation-request-id": "eabd21c9-b7e9-45ef-a76a-5467d6a390c0",
        "x-ms-providerhub-traffic": "True",
        "x-ms-ratelimit-remaining-subscription-writes": "1148",
        "x-ms-request-id": "fde3db23-9271-4abb-8d12-b376f1772cd1",
        "x-ms-resource-provider-hint": "noPolling",
        "x-ms-routing-request-id": "CENTRALUS:20230321T074727Z:eabd21c9-b7e9-45ef-a76a-5467d6a390c0",
        "X-MSEdge-Ref": "Ref A: E560E68BD92142DA92AC5F4F2B58D772 Ref B: STBEDGE0107 Ref C: 2023-03-21T07:47:26Z"
      },
      "ResponseBody": {
        "id": "/subscriptions/ce1bff77-08c1-4199-b7a5-52194a42b6ce/resourceGroups/Communication-RG-5924/providers/Microsoft.Communication/emailServices/email-service-6583",
        "name": "email-service-6583",
        "type": "microsoft.communication/emailservices",
        "location": "global",
        "tags": {},
        "systemData": {
          "createdBy": "dd5e080b-9821-4976-9ab1-c95d8cc8eafa",
          "createdByType": "Application",
          "createdAt": "2023-03-21T07:47:27.2791628Z",
          "lastModifiedBy": "dd5e080b-9821-4976-9ab1-c95d8cc8eafa",
          "lastModifiedByType": "Application",
          "lastModifiedAt": "2023-03-21T07:47:27.2791628Z"
        },
        "properties": {
          "dataLocation": "UnitedStates",
          "provisioningState": "Accepted"
        }
      }
    },
    {
      "RequestUri": "https://api-dogfood.resources.windows-int.net/subscriptions/ce1bff77-08c1-4199-b7a5-52194a42b6ce/providers/Microsoft.Communication/locations/CENTRALUS/operationStatuses/fde3db23-9271-4abb-8d12-b376f1772cd1*AB2FFA831B8EC94069FC0184D0BB2142D505CC06839808D7DA975D5D62F30E26?api-version=2023-03-01-preview",
      "RequestMethod": "GET",
      "RequestHeaders": {
        "Authorization": "Sanitized",
        "traceparent": "00-d959c51131b1372a9d42e1fd51028ea1-80410c2090bd0e2f-00",
        "User-Agent": "azsdk-net-ResourceManager/1.4.0 (.NET 6.0.15; Microsoft Windows 10.0.22621)",
        "x-ms-client-request-id": "6186f205265e0e354b40827bdda4cb96",
        "x-ms-return-client-request-id": "true"
      },
      "RequestBody": null,
      "StatusCode": 200,
      "ResponseHeaders": {
        "Cache-Control": "no-cache",
        "Content-Length": "579",
        "Content-Type": "application/json; charset=utf-8",
        "Date": "Tue, 21 Mar 2023 07:47:27 GMT",
        "ETag": "\u002229017b2e-0000-0700-0000-6419610f0000\u0022",
        "Expires": "-1",
        "Pragma": "no-cache",
        "Strict-Transport-Security": "max-age=31536000; includeSubDomains",
        "X-Cache": "CONFIG_NOCACHE",
        "X-Content-Type-Options": "nosniff",
        "x-ms-client-request-id": "6186f205265e0e354b40827bdda4cb96",
        "x-ms-correlation-request-id": "72f1c4d3-569a-4ae8-a10a-a99e62a0ce27",
        "x-ms-ratelimit-remaining-subscription-reads": "14429",
        "x-ms-request-id": "bbf739d0-9279-437f-8cc6-a4615710d38f",
        "x-ms-routing-request-id": "CENTRALUS:20230321T074727Z:72f1c4d3-569a-4ae8-a10a-a99e62a0ce27",
        "X-MSEdge-Ref": "Ref A: B8C3A30ECACA42E0B33EBD0B77696DEF Ref B: STBEDGE0107 Ref C: 2023-03-21T07:47:27Z"
      },
      "ResponseBody": {
        "id": "/subscriptions/ce1bff77-08c1-4199-b7a5-52194a42b6ce/providers/Microsoft.Communication/locations/CENTRALUS/operationStatuses/fde3db23-9271-4abb-8d12-b376f1772cd1*AB2FFA831B8EC94069FC0184D0BB2142D505CC06839808D7DA975D5D62F30E26",
        "name": "fde3db23-9271-4abb-8d12-b376f1772cd1*AB2FFA831B8EC94069FC0184D0BB2142D505CC06839808D7DA975D5D62F30E26",
        "resourceId": "/subscriptions/ce1bff77-08c1-4199-b7a5-52194a42b6ce/resourceGroups/Communication-RG-5924/providers/Microsoft.Communication/emailServices/email-service-6583",
        "status": "Accepted",
        "startTime": "2023-03-21T07:47:27.3883848Z"
      }
    },
    {
      "RequestUri": "https://api-dogfood.resources.windows-int.net/subscriptions/ce1bff77-08c1-4199-b7a5-52194a42b6ce/providers/Microsoft.Communication/locations/CENTRALUS/operationStatuses/fde3db23-9271-4abb-8d12-b376f1772cd1*AB2FFA831B8EC94069FC0184D0BB2142D505CC06839808D7DA975D5D62F30E26?api-version=2023-03-01-preview",
      "RequestMethod": "GET",
      "RequestHeaders": {
        "Authorization": "Sanitized",
        "traceparent": "00-d959c51131b1372a9d42e1fd51028ea1-02d67abfe37c69d4-00",
        "User-Agent": "azsdk-net-ResourceManager/1.4.0 (.NET 6.0.15; Microsoft Windows 10.0.22621)",
        "x-ms-client-request-id": "05e39aa5739efd8300f10f06162d977a",
        "x-ms-return-client-request-id": "true"
      },
      "RequestBody": null,
      "StatusCode": 200,
      "ResponseHeaders": {
        "Cache-Control": "no-cache",
        "Content-Length": "579",
        "Content-Type": "application/json; charset=utf-8",
        "Date": "Tue, 21 Mar 2023 07:47:28 GMT",
        "ETag": "\u002229017b2e-0000-0700-0000-6419610f0000\u0022",
        "Expires": "-1",
        "Pragma": "no-cache",
        "Strict-Transport-Security": "max-age=31536000; includeSubDomains",
        "X-Cache": "CONFIG_NOCACHE",
        "X-Content-Type-Options": "nosniff",
        "x-ms-client-request-id": "05e39aa5739efd8300f10f06162d977a",
        "x-ms-correlation-request-id": "ef42b05c-02cf-414f-970e-353bf328e7eb",
        "x-ms-ratelimit-remaining-subscription-reads": "14428",
        "x-ms-request-id": "ef738d83-a6f6-41d3-b4d6-41c90e8dd5bc",
        "x-ms-routing-request-id": "CENTRALUS:20230321T074729Z:ef42b05c-02cf-414f-970e-353bf328e7eb",
        "X-MSEdge-Ref": "Ref A: 4C68B6A1D6224151B92C4A9F7F6225A0 Ref B: STBEDGE0107 Ref C: 2023-03-21T07:47:28Z"
      },
      "ResponseBody": {
        "id": "/subscriptions/ce1bff77-08c1-4199-b7a5-52194a42b6ce/providers/Microsoft.Communication/locations/CENTRALUS/operationStatuses/fde3db23-9271-4abb-8d12-b376f1772cd1*AB2FFA831B8EC94069FC0184D0BB2142D505CC06839808D7DA975D5D62F30E26",
        "name": "fde3db23-9271-4abb-8d12-b376f1772cd1*AB2FFA831B8EC94069FC0184D0BB2142D505CC06839808D7DA975D5D62F30E26",
        "resourceId": "/subscriptions/ce1bff77-08c1-4199-b7a5-52194a42b6ce/resourceGroups/Communication-RG-5924/providers/Microsoft.Communication/emailServices/email-service-6583",
        "status": "Accepted",
        "startTime": "2023-03-21T07:47:27.3883848Z"
      }
    },
    {
      "RequestUri": "https://api-dogfood.resources.windows-int.net/subscriptions/ce1bff77-08c1-4199-b7a5-52194a42b6ce/providers/Microsoft.Communication/locations/CENTRALUS/operationStatuses/fde3db23-9271-4abb-8d12-b376f1772cd1*AB2FFA831B8EC94069FC0184D0BB2142D505CC06839808D7DA975D5D62F30E26?api-version=2023-03-01-preview",
      "RequestMethod": "GET",
      "RequestHeaders": {
        "Authorization": "Sanitized",
        "traceparent": "00-d959c51131b1372a9d42e1fd51028ea1-3675ccabdfa10dac-00",
        "User-Agent": "azsdk-net-ResourceManager/1.4.0 (.NET 6.0.15; Microsoft Windows 10.0.22621)",
        "x-ms-client-request-id": "844d1c4c597245bbf049c4e47f64e064",
        "x-ms-return-client-request-id": "true"
      },
      "RequestBody": null,
      "StatusCode": 200,
      "ResponseHeaders": {
        "Cache-Control": "no-cache",
        "Content-Length": "579",
        "Content-Type": "application/json; charset=utf-8",
        "Date": "Tue, 21 Mar 2023 07:47:29 GMT",
        "ETag": "\u002229017b2e-0000-0700-0000-6419610f0000\u0022",
        "Expires": "-1",
        "Pragma": "no-cache",
        "Strict-Transport-Security": "max-age=31536000; includeSubDomains",
        "X-Cache": "CONFIG_NOCACHE",
        "X-Content-Type-Options": "nosniff",
        "x-ms-client-request-id": "844d1c4c597245bbf049c4e47f64e064",
        "x-ms-correlation-request-id": "0a90ce5f-4784-4019-98f0-877a5cd2d423",
        "x-ms-ratelimit-remaining-subscription-reads": "14427",
        "x-ms-request-id": "6d5b6ca1-e475-44f6-9549-c92cd90012d2",
        "x-ms-routing-request-id": "CENTRALUS:20230321T074730Z:0a90ce5f-4784-4019-98f0-877a5cd2d423",
        "X-MSEdge-Ref": "Ref A: E1963867E6EB438796277E394FECECEB Ref B: STBEDGE0107 Ref C: 2023-03-21T07:47:30Z"
      },
      "ResponseBody": {
        "id": "/subscriptions/ce1bff77-08c1-4199-b7a5-52194a42b6ce/providers/Microsoft.Communication/locations/CENTRALUS/operationStatuses/fde3db23-9271-4abb-8d12-b376f1772cd1*AB2FFA831B8EC94069FC0184D0BB2142D505CC06839808D7DA975D5D62F30E26",
        "name": "fde3db23-9271-4abb-8d12-b376f1772cd1*AB2FFA831B8EC94069FC0184D0BB2142D505CC06839808D7DA975D5D62F30E26",
        "resourceId": "/subscriptions/ce1bff77-08c1-4199-b7a5-52194a42b6ce/resourceGroups/Communication-RG-5924/providers/Microsoft.Communication/emailServices/email-service-6583",
        "status": "Accepted",
        "startTime": "2023-03-21T07:47:27.3883848Z"
      }
    },
    {
      "RequestUri": "https://api-dogfood.resources.windows-int.net/subscriptions/ce1bff77-08c1-4199-b7a5-52194a42b6ce/providers/Microsoft.Communication/locations/CENTRALUS/operationStatuses/fde3db23-9271-4abb-8d12-b376f1772cd1*AB2FFA831B8EC94069FC0184D0BB2142D505CC06839808D7DA975D5D62F30E26?api-version=2023-03-01-preview",
      "RequestMethod": "GET",
      "RequestHeaders": {
        "Authorization": "Sanitized",
        "traceparent": "00-d959c51131b1372a9d42e1fd51028ea1-72d955fe65ff5e10-00",
        "User-Agent": "azsdk-net-ResourceManager/1.4.0 (.NET 6.0.15; Microsoft Windows 10.0.22621)",
        "x-ms-client-request-id": "3f368c98c1cb91336f88606d162ff71e",
        "x-ms-return-client-request-id": "true"
      },
      "RequestBody": null,
      "StatusCode": 200,
      "ResponseHeaders": {
        "Cache-Control": "no-cache",
        "Content-Length": "579",
        "Content-Type": "application/json; charset=utf-8",
        "Date": "Tue, 21 Mar 2023 07:47:30 GMT",
        "ETag": "\u002229017b2e-0000-0700-0000-6419610f0000\u0022",
        "Expires": "-1",
        "Pragma": "no-cache",
        "Strict-Transport-Security": "max-age=31536000; includeSubDomains",
        "X-Cache": "CONFIG_NOCACHE",
        "X-Content-Type-Options": "nosniff",
        "x-ms-client-request-id": "3f368c98c1cb91336f88606d162ff71e",
        "x-ms-correlation-request-id": "a046efa1-76a8-4c32-8fc8-f5e10f4d3529",
        "x-ms-ratelimit-remaining-subscription-reads": "14426",
        "x-ms-request-id": "dfc2f28d-2d70-4918-aa42-6325405baf87",
        "x-ms-routing-request-id": "CENTRALUS:20230321T074731Z:a046efa1-76a8-4c32-8fc8-f5e10f4d3529",
        "X-MSEdge-Ref": "Ref A: 27DB13BBCC9441FEBCE95D939869B871 Ref B: STBEDGE0107 Ref C: 2023-03-21T07:47:31Z"
      },
      "ResponseBody": {
        "id": "/subscriptions/ce1bff77-08c1-4199-b7a5-52194a42b6ce/providers/Microsoft.Communication/locations/CENTRALUS/operationStatuses/fde3db23-9271-4abb-8d12-b376f1772cd1*AB2FFA831B8EC94069FC0184D0BB2142D505CC06839808D7DA975D5D62F30E26",
        "name": "fde3db23-9271-4abb-8d12-b376f1772cd1*AB2FFA831B8EC94069FC0184D0BB2142D505CC06839808D7DA975D5D62F30E26",
        "resourceId": "/subscriptions/ce1bff77-08c1-4199-b7a5-52194a42b6ce/resourceGroups/Communication-RG-5924/providers/Microsoft.Communication/emailServices/email-service-6583",
        "status": "Accepted",
        "startTime": "2023-03-21T07:47:27.3883848Z"
      }
    },
    {
      "RequestUri": "https://api-dogfood.resources.windows-int.net/subscriptions/ce1bff77-08c1-4199-b7a5-52194a42b6ce/providers/Microsoft.Communication/locations/CENTRALUS/operationStatuses/fde3db23-9271-4abb-8d12-b376f1772cd1*AB2FFA831B8EC94069FC0184D0BB2142D505CC06839808D7DA975D5D62F30E26?api-version=2023-03-01-preview",
      "RequestMethod": "GET",
      "RequestHeaders": {
        "Authorization": "Sanitized",
        "traceparent": "00-d959c51131b1372a9d42e1fd51028ea1-fb2aff090b1766e1-00",
        "User-Agent": "azsdk-net-ResourceManager/1.4.0 (.NET 6.0.15; Microsoft Windows 10.0.22621)",
        "x-ms-client-request-id": "c12e07a846564b23de9e1454af9e7d9c",
        "x-ms-return-client-request-id": "true"
      },
      "RequestBody": null,
      "StatusCode": 200,
      "ResponseHeaders": {
        "Cache-Control": "no-cache",
        "Content-Length": "579",
        "Content-Type": "application/json; charset=utf-8",
        "Date": "Tue, 21 Mar 2023 07:47:32 GMT",
        "ETag": "\u002229017b2e-0000-0700-0000-6419610f0000\u0022",
        "Expires": "-1",
        "Pragma": "no-cache",
        "Strict-Transport-Security": "max-age=31536000; includeSubDomains",
        "X-Cache": "CONFIG_NOCACHE",
        "X-Content-Type-Options": "nosniff",
        "x-ms-client-request-id": "c12e07a846564b23de9e1454af9e7d9c",
        "x-ms-correlation-request-id": "b0137bba-d6e6-46d0-bd57-ea45296ba484",
        "x-ms-ratelimit-remaining-subscription-reads": "14425",
        "x-ms-request-id": "5786bd37-c068-430d-b08a-fe9078786fe2",
        "x-ms-routing-request-id": "CENTRALUS:20230321T074733Z:b0137bba-d6e6-46d0-bd57-ea45296ba484",
        "X-MSEdge-Ref": "Ref A: 6E0847F492AC41EABE65BC5377FBF209 Ref B: STBEDGE0107 Ref C: 2023-03-21T07:47:33Z"
      },
      "ResponseBody": {
        "id": "/subscriptions/ce1bff77-08c1-4199-b7a5-52194a42b6ce/providers/Microsoft.Communication/locations/CENTRALUS/operationStatuses/fde3db23-9271-4abb-8d12-b376f1772cd1*AB2FFA831B8EC94069FC0184D0BB2142D505CC06839808D7DA975D5D62F30E26",
        "name": "fde3db23-9271-4abb-8d12-b376f1772cd1*AB2FFA831B8EC94069FC0184D0BB2142D505CC06839808D7DA975D5D62F30E26",
        "resourceId": "/subscriptions/ce1bff77-08c1-4199-b7a5-52194a42b6ce/resourceGroups/Communication-RG-5924/providers/Microsoft.Communication/emailServices/email-service-6583",
        "status": "Accepted",
        "startTime": "2023-03-21T07:47:27.3883848Z"
      }
    },
    {
      "RequestUri": "https://api-dogfood.resources.windows-int.net/subscriptions/ce1bff77-08c1-4199-b7a5-52194a42b6ce/providers/Microsoft.Communication/locations/CENTRALUS/operationStatuses/fde3db23-9271-4abb-8d12-b376f1772cd1*AB2FFA831B8EC94069FC0184D0BB2142D505CC06839808D7DA975D5D62F30E26?api-version=2023-03-01-preview",
      "RequestMethod": "GET",
      "RequestHeaders": {
        "Authorization": "Sanitized",
        "traceparent": "00-d959c51131b1372a9d42e1fd51028ea1-8ec669fc6f7cdc57-00",
        "User-Agent": "azsdk-net-ResourceManager/1.4.0 (.NET 6.0.15; Microsoft Windows 10.0.22621)",
        "x-ms-client-request-id": "896daa1158f78bafe8bb15e9f94e2ec1",
        "x-ms-return-client-request-id": "true"
      },
      "RequestBody": null,
      "StatusCode": 200,
      "ResponseHeaders": {
        "Cache-Control": "no-cache",
        "Content-Length": "579",
        "Content-Type": "application/json; charset=utf-8",
        "Date": "Tue, 21 Mar 2023 07:47:37 GMT",
        "ETag": "\u002229017b2e-0000-0700-0000-6419610f0000\u0022",
        "Expires": "-1",
        "Pragma": "no-cache",
        "Strict-Transport-Security": "max-age=31536000; includeSubDomains",
        "X-Cache": "CONFIG_NOCACHE",
        "X-Content-Type-Options": "nosniff",
        "x-ms-client-request-id": "896daa1158f78bafe8bb15e9f94e2ec1",
        "x-ms-correlation-request-id": "ade8f987-b7e0-4b49-85ea-dc4cfd31deb4",
        "x-ms-ratelimit-remaining-subscription-reads": "14424",
        "x-ms-request-id": "36380cbd-d502-4bd1-86ce-f5917112085c",
        "x-ms-routing-request-id": "CENTRALUS:20230321T074737Z:ade8f987-b7e0-4b49-85ea-dc4cfd31deb4",
        "X-MSEdge-Ref": "Ref A: 35E8FEAC4AA1459EB83EC6D82A29B6FC Ref B: STBEDGE0107 Ref C: 2023-03-21T07:47:37Z"
      },
      "ResponseBody": {
        "id": "/subscriptions/ce1bff77-08c1-4199-b7a5-52194a42b6ce/providers/Microsoft.Communication/locations/CENTRALUS/operationStatuses/fde3db23-9271-4abb-8d12-b376f1772cd1*AB2FFA831B8EC94069FC0184D0BB2142D505CC06839808D7DA975D5D62F30E26",
        "name": "fde3db23-9271-4abb-8d12-b376f1772cd1*AB2FFA831B8EC94069FC0184D0BB2142D505CC06839808D7DA975D5D62F30E26",
        "resourceId": "/subscriptions/ce1bff77-08c1-4199-b7a5-52194a42b6ce/resourceGroups/Communication-RG-5924/providers/Microsoft.Communication/emailServices/email-service-6583",
        "status": "Accepted",
        "startTime": "2023-03-21T07:47:27.3883848Z"
      }
    },
    {
      "RequestUri": "https://api-dogfood.resources.windows-int.net/subscriptions/ce1bff77-08c1-4199-b7a5-52194a42b6ce/providers/Microsoft.Communication/locations/CENTRALUS/operationStatuses/fde3db23-9271-4abb-8d12-b376f1772cd1*AB2FFA831B8EC94069FC0184D0BB2142D505CC06839808D7DA975D5D62F30E26?api-version=2023-03-01-preview",
      "RequestMethod": "GET",
      "RequestHeaders": {
        "Authorization": "Sanitized",
        "traceparent": "00-d959c51131b1372a9d42e1fd51028ea1-4fbb04f9627d6675-00",
        "User-Agent": "azsdk-net-ResourceManager/1.4.0 (.NET 6.0.15; Microsoft Windows 10.0.22621)",
        "x-ms-client-request-id": "773ba6511e36510d68eb602cacdee2d0",
        "x-ms-return-client-request-id": "true"
      },
      "RequestBody": null,
      "StatusCode": 200,
      "ResponseHeaders": {
        "Cache-Control": "no-cache",
        "Content-Length": "579",
        "Content-Type": "application/json; charset=utf-8",
        "Date": "Tue, 21 Mar 2023 07:47:45 GMT",
        "ETag": "\u002229017b2e-0000-0700-0000-6419610f0000\u0022",
        "Expires": "-1",
        "Pragma": "no-cache",
        "Strict-Transport-Security": "max-age=31536000; includeSubDomains",
        "X-Cache": "CONFIG_NOCACHE",
        "X-Content-Type-Options": "nosniff",
        "x-ms-client-request-id": "773ba6511e36510d68eb602cacdee2d0",
        "x-ms-correlation-request-id": "0ed508a9-fdfa-46cd-8ae8-0b89cea3a322",
        "x-ms-ratelimit-remaining-subscription-reads": "14422",
        "x-ms-request-id": "c168a454-2212-4f71-a4a6-9221bd8405cc",
        "x-ms-routing-request-id": "CENTRALUS:20230321T074745Z:0ed508a9-fdfa-46cd-8ae8-0b89cea3a322",
        "X-MSEdge-Ref": "Ref A: 4F5FB566234445E2B1CABF7A576BE38A Ref B: STBEDGE0107 Ref C: 2023-03-21T07:47:45Z"
      },
      "ResponseBody": {
        "id": "/subscriptions/ce1bff77-08c1-4199-b7a5-52194a42b6ce/providers/Microsoft.Communication/locations/CENTRALUS/operationStatuses/fde3db23-9271-4abb-8d12-b376f1772cd1*AB2FFA831B8EC94069FC0184D0BB2142D505CC06839808D7DA975D5D62F30E26",
        "name": "fde3db23-9271-4abb-8d12-b376f1772cd1*AB2FFA831B8EC94069FC0184D0BB2142D505CC06839808D7DA975D5D62F30E26",
        "resourceId": "/subscriptions/ce1bff77-08c1-4199-b7a5-52194a42b6ce/resourceGroups/Communication-RG-5924/providers/Microsoft.Communication/emailServices/email-service-6583",
        "status": "Accepted",
        "startTime": "2023-03-21T07:47:27.3883848Z"
      }
    },
    {
      "RequestUri": "https://api-dogfood.resources.windows-int.net/subscriptions/ce1bff77-08c1-4199-b7a5-52194a42b6ce/providers/Microsoft.Communication/locations/CENTRALUS/operationStatuses/fde3db23-9271-4abb-8d12-b376f1772cd1*AB2FFA831B8EC94069FC0184D0BB2142D505CC06839808D7DA975D5D62F30E26?api-version=2023-03-01-preview",
      "RequestMethod": "GET",
      "RequestHeaders": {
        "Authorization": "Sanitized",
        "traceparent": "00-d959c51131b1372a9d42e1fd51028ea1-e5816fa533d92102-00",
        "User-Agent": "azsdk-net-ResourceManager/1.4.0 (.NET 6.0.15; Microsoft Windows 10.0.22621)",
        "x-ms-client-request-id": "6c5bc30b6dc1502658a3d89b313a518f",
        "x-ms-return-client-request-id": "true"
      },
      "RequestBody": null,
      "StatusCode": 200,
      "ResponseHeaders": {
        "Cache-Control": "no-cache",
        "Content-Length": "579",
        "Content-Type": "application/json; charset=utf-8",
        "Date": "Tue, 21 Mar 2023 07:48:01 GMT",
        "ETag": "\u002229017b2e-0000-0700-0000-6419610f0000\u0022",
        "Expires": "-1",
        "Pragma": "no-cache",
        "Strict-Transport-Security": "max-age=31536000; includeSubDomains",
        "X-Cache": "CONFIG_NOCACHE",
        "X-Content-Type-Options": "nosniff",
        "x-ms-client-request-id": "6c5bc30b6dc1502658a3d89b313a518f",
        "x-ms-correlation-request-id": "93b6614a-ab0d-4f95-94f3-3aba02474ea0",
        "x-ms-ratelimit-remaining-subscription-reads": "14421",
        "x-ms-request-id": "e25352cf-1613-4147-a1f0-068c040678f4",
        "x-ms-routing-request-id": "CENTRALUS:20230321T074801Z:93b6614a-ab0d-4f95-94f3-3aba02474ea0",
        "X-MSEdge-Ref": "Ref A: 2BD13A6F358740D9B2DD98A2018F1995 Ref B: STBEDGE0107 Ref C: 2023-03-21T07:48:01Z"
      },
      "ResponseBody": {
        "id": "/subscriptions/ce1bff77-08c1-4199-b7a5-52194a42b6ce/providers/Microsoft.Communication/locations/CENTRALUS/operationStatuses/fde3db23-9271-4abb-8d12-b376f1772cd1*AB2FFA831B8EC94069FC0184D0BB2142D505CC06839808D7DA975D5D62F30E26",
        "name": "fde3db23-9271-4abb-8d12-b376f1772cd1*AB2FFA831B8EC94069FC0184D0BB2142D505CC06839808D7DA975D5D62F30E26",
        "resourceId": "/subscriptions/ce1bff77-08c1-4199-b7a5-52194a42b6ce/resourceGroups/Communication-RG-5924/providers/Microsoft.Communication/emailServices/email-service-6583",
        "status": "Accepted",
        "startTime": "2023-03-21T07:47:27.3883848Z"
      }
    },
    {
      "RequestUri": "https://api-dogfood.resources.windows-int.net/subscriptions/ce1bff77-08c1-4199-b7a5-52194a42b6ce/providers/Microsoft.Communication/locations/CENTRALUS/operationStatuses/fde3db23-9271-4abb-8d12-b376f1772cd1*AB2FFA831B8EC94069FC0184D0BB2142D505CC06839808D7DA975D5D62F30E26?api-version=2023-03-01-preview",
      "RequestMethod": "GET",
      "RequestHeaders": {
        "Authorization": "Sanitized",
        "traceparent": "00-d959c51131b1372a9d42e1fd51028ea1-1b9f7cf202572d3f-00",
        "User-Agent": "azsdk-net-ResourceManager/1.4.0 (.NET 6.0.15; Microsoft Windows 10.0.22621)",
        "x-ms-client-request-id": "090353700562f2669c1b210cf882de0a",
        "x-ms-return-client-request-id": "true"
      },
      "RequestBody": null,
      "StatusCode": 200,
      "ResponseHeaders": {
        "Cache-Control": "no-cache",
        "Content-Length": "598",
        "Content-Type": "application/json; charset=utf-8",
        "Date": "Tue, 21 Mar 2023 07:48:33 GMT",
        "ETag": "\u00222901ea2e-0000-0700-0000-641961510000\u0022",
        "Expires": "-1",
        "Pragma": "no-cache",
        "Strict-Transport-Security": "max-age=31536000; includeSubDomains",
        "X-Cache": "CONFIG_NOCACHE",
        "X-Content-Type-Options": "nosniff",
        "x-ms-client-request-id": "090353700562f2669c1b210cf882de0a",
        "x-ms-correlation-request-id": "7d7e53cc-2bb3-40b2-8789-3282ee3d232e",
        "x-ms-ratelimit-remaining-subscription-reads": "14420",
        "x-ms-request-id": "35703851-761c-4e55-9edf-4d7b590b4f6a",
        "x-ms-routing-request-id": "CENTRALUS:20230321T074834Z:7d7e53cc-2bb3-40b2-8789-3282ee3d232e",
        "X-MSEdge-Ref": "Ref A: 9A83D5AC3C834275825A5D087BF606D7 Ref B: STBEDGE0107 Ref C: 2023-03-21T07:48:34Z"
      },
      "ResponseBody": {
        "id": "/subscriptions/ce1bff77-08c1-4199-b7a5-52194a42b6ce/providers/Microsoft.Communication/locations/CENTRALUS/operationStatuses/fde3db23-9271-4abb-8d12-b376f1772cd1*AB2FFA831B8EC94069FC0184D0BB2142D505CC06839808D7DA975D5D62F30E26",
        "name": "fde3db23-9271-4abb-8d12-b376f1772cd1*AB2FFA831B8EC94069FC0184D0BB2142D505CC06839808D7DA975D5D62F30E26",
        "resourceId": "/subscriptions/ce1bff77-08c1-4199-b7a5-52194a42b6ce/resourceGroups/Communication-RG-5924/providers/Microsoft.Communication/emailServices/email-service-6583",
        "status": "Succeeded",
        "startTime": "2023-03-21T07:47:27.3883848Z",
        "properties": null
      }
    },
    {
      "RequestUri": "https://api-dogfood.resources.windows-int.net/subscriptions/ce1bff77-08c1-4199-b7a5-52194a42b6ce/resourceGroups/Communication-RG-5924/providers/Microsoft.Communication/emailServices/email-service-6583?api-version=2023-03-01-preview",
      "RequestMethod": "GET",
      "RequestHeaders": {
        "Authorization": "Sanitized",
        "traceparent": "00-d959c51131b1372a9d42e1fd51028ea1-a116e848f79cf38e-00",
        "User-Agent": "azsdk-net-ResourceManager/1.4.0 (.NET 6.0.15; Microsoft Windows 10.0.22621)",
        "x-ms-client-request-id": "35dd44d9c1f2e3ff7feb1f9346721f2d",
        "x-ms-return-client-request-id": "true"
      },
      "RequestBody": null,
      "StatusCode": 200,
      "ResponseHeaders": {
        "Cache-Control": "no-cache",
        "Content-Length": "624",
        "Content-Type": "application/json; charset=utf-8",
        "Date": "Tue, 21 Mar 2023 07:48:33 GMT",
        "ETag": "\u00226d01387d-0000-0700-0000-641961150000\u0022",
        "Expires": "-1",
        "Pragma": "no-cache",
        "Strict-Transport-Security": "max-age=31536000; includeSubDomains",
        "X-Cache": "CONFIG_NOCACHE",
        "X-Content-Type-Options": "nosniff",
        "x-ms-client-request-id": "35dd44d9c1f2e3ff7feb1f9346721f2d",
        "x-ms-correlation-request-id": "d01896e1-7705-44f8-9af5-497d0a9a7017",
        "x-ms-providerhub-traffic": "True",
        "x-ms-ratelimit-remaining-subscription-reads": "14419",
        "x-ms-request-id": "f5ebdeaa-cff2-4d1e-9724-38fc3b64fda2",
        "x-ms-routing-request-id": "CENTRALUS:20230321T074834Z:d01896e1-7705-44f8-9af5-497d0a9a7017",
        "X-MSEdge-Ref": "Ref A: 9C7395CB8371428E99D26712B84036C4 Ref B: STBEDGE0107 Ref C: 2023-03-21T07:48:34Z"
      },
      "ResponseBody": {
        "id": "/subscriptions/ce1bff77-08c1-4199-b7a5-52194a42b6ce/resourceGroups/Communication-RG-5924/providers/Microsoft.Communication/emailServices/email-service-6583",
        "name": "email-service-6583",
        "type": "microsoft.communication/emailservices",
        "location": "global",
        "tags": {},
        "systemData": {
          "createdBy": "dd5e080b-9821-4976-9ab1-c95d8cc8eafa",
          "createdByType": "Application",
          "createdAt": "2023-03-21T07:47:27.2791628Z",
          "lastModifiedBy": "dd5e080b-9821-4976-9ab1-c95d8cc8eafa",
          "lastModifiedByType": "Application",
          "lastModifiedAt": "2023-03-21T07:47:27.2791628Z"
        },
        "properties": {
          "provisioningState": "Succeeded",
          "dataLocation": "UnitedStates"
        }
      }
    },
    {
      "RequestUri": "https://api-dogfood.resources.windows-int.net/subscriptions/ce1bff77-08c1-4199-b7a5-52194a42b6ce/resourceGroups/Communication-RG-5924/providers/Microsoft.Communication/emailServices/email-service-6583?api-version=2023-03-01-preview",
      "RequestMethod": "GET",
      "RequestHeaders": {
        "Accept": "application/json",
        "Authorization": "Sanitized",
        "traceparent": "00-1b78739d3ea609bb583a4879cf4d4185-eb5f2e7d488c0884-00",
        "User-Agent": "azsdk-net-ResourceManager.Communication/1.1.0-alpha.20230320.1 (.NET 6.0.15; Microsoft Windows 10.0.22621)",
        "x-ms-client-request-id": "59bcd199d8db056e5d69cfa54c1a58d5",
        "x-ms-return-client-request-id": "true"
      },
      "RequestBody": null,
      "StatusCode": 200,
      "ResponseHeaders": {
        "Cache-Control": "no-cache",
        "Content-Length": "624",
        "Content-Type": "application/json; charset=utf-8",
        "Date": "Tue, 21 Mar 2023 07:48:33 GMT",
        "ETag": "\u00226d01387d-0000-0700-0000-641961150000\u0022",
        "Expires": "-1",
        "Pragma": "no-cache",
        "Strict-Transport-Security": "max-age=31536000; includeSubDomains",
        "X-Cache": "CONFIG_NOCACHE",
        "X-Content-Type-Options": "nosniff",
        "x-ms-client-request-id": "59bcd199d8db056e5d69cfa54c1a58d5",
        "x-ms-correlation-request-id": "beed1464-8f67-4a50-9127-b140efb22cc7",
        "x-ms-providerhub-traffic": "True",
        "x-ms-ratelimit-remaining-subscription-reads": "14418",
        "x-ms-request-id": "78561341-14df-4fd2-b785-0e665b3cb82c",
        "x-ms-routing-request-id": "CENTRALUS:20230321T074834Z:beed1464-8f67-4a50-9127-b140efb22cc7",
        "X-MSEdge-Ref": "Ref A: 828EC2A245F04578BEF2F9A702422221 Ref B: STBEDGE0107 Ref C: 2023-03-21T07:48:34Z"
      },
      "ResponseBody": {
        "id": "/subscriptions/ce1bff77-08c1-4199-b7a5-52194a42b6ce/resourceGroups/Communication-RG-5924/providers/Microsoft.Communication/emailServices/email-service-6583",
        "name": "email-service-6583",
        "type": "microsoft.communication/emailservices",
        "location": "global",
        "tags": {},
        "systemData": {
          "createdBy": "dd5e080b-9821-4976-9ab1-c95d8cc8eafa",
          "createdByType": "Application",
          "createdAt": "2023-03-21T07:47:27.2791628Z",
          "lastModifiedBy": "dd5e080b-9821-4976-9ab1-c95d8cc8eafa",
          "lastModifiedByType": "Application",
          "lastModifiedAt": "2023-03-21T07:47:27.2791628Z"
        },
        "properties": {
          "provisioningState": "Succeeded",
          "dataLocation": "UnitedStates"
        }
      }
    },
    {
      "RequestUri": "https://api-dogfood.resources.windows-int.net/subscriptions/ce1bff77-08c1-4199-b7a5-52194a42b6ce/resourceGroups/Communication-RG-5924/providers/Microsoft.Communication/emailServices/email-service-6583?api-version=2023-03-01-preview",
      "RequestMethod": "PATCH",
      "RequestHeaders": {
        "Accept": "application/json",
        "Authorization": "Sanitized",
        "Content-Length": "32",
        "Content-Type": "application/json",
        "traceparent": "00-1b78739d3ea609bb583a4879cf4d4185-7d2e10978dfa31a2-00",
        "User-Agent": "azsdk-net-ResourceManager.Communication/1.1.0-alpha.20230320.1 (.NET 6.0.15; Microsoft Windows 10.0.22621)",
        "x-ms-client-request-id": "edc1cec51c5dae9c531f8976e6d2ab29",
        "x-ms-return-client-request-id": "true"
      },
      "RequestBody": {
        "tags": {
          "testkey": "testvalue"
        }
      },
      "StatusCode": 200,
      "ResponseHeaders": {
        "Cache-Control": "no-cache",
        "Content-Length": "645",
        "Content-Type": "application/json; charset=utf-8",
        "Date": "Tue, 21 Mar 2023 07:48:34 GMT",
        "ETag": "\u00226d014183-0000-0700-0000-641961520000\u0022",
        "Expires": "-1",
        "Pragma": "no-cache",
        "Strict-Transport-Security": "max-age=31536000; includeSubDomains",
        "X-Cache": "CONFIG_NOCACHE",
        "X-Content-Type-Options": "nosniff",
        "x-ms-client-request-id": "edc1cec51c5dae9c531f8976e6d2ab29",
        "x-ms-correlation-request-id": "e7cb963a-2d1b-411a-bb09-394833793c63",
        "x-ms-providerhub-traffic": "True",
        "x-ms-ratelimit-remaining-subscription-writes": "1147",
        "x-ms-request-id": "de162192-6212-4872-ac96-00a96cfd47d9",
        "x-ms-routing-request-id": "CENTRALUS:20230321T074834Z:e7cb963a-2d1b-411a-bb09-394833793c63",
        "X-MSEdge-Ref": "Ref A: FDD19EFEBB004A7293CB390C8D6E5761 Ref B: STBEDGE0107 Ref C: 2023-03-21T07:48:34Z"
      },
      "ResponseBody": {
        "id": "/subscriptions/ce1bff77-08c1-4199-b7a5-52194a42b6ce/resourceGroups/Communication-RG-5924/providers/Microsoft.Communication/emailServices/email-service-6583",
        "name": "email-service-6583",
        "type": "microsoft.communication/emailservices",
        "location": "global",
        "tags": {
          "testkey": "testvalue"
        },
        "systemData": {
          "createdBy": "dd5e080b-9821-4976-9ab1-c95d8cc8eafa",
          "createdByType": "Application",
          "createdAt": "2023-03-21T07:47:27.2791628Z",
          "lastModifiedBy": "dd5e080b-9821-4976-9ab1-c95d8cc8eafa",
          "lastModifiedByType": "Application",
          "lastModifiedAt": "2023-03-21T07:48:34.6106011Z"
        },
        "properties": {
          "provisioningState": "Succeeded",
          "dataLocation": "UnitedStates"
        }
      }
    },
    {
      "RequestUri": "https://api-dogfood.resources.windows-int.net/subscriptions/ce1bff77-08c1-4199-b7a5-52194a42b6ce/resourceGroups/Communication-RG-5924/providers/Microsoft.Communication/emailServices/email-service-6583?api-version=2023-03-01-preview",
      "RequestMethod": "GET",
      "RequestHeaders": {
        "Accept": "application/json",
        "Authorization": "Sanitized",
        "traceparent": "00-012546d15ccac8e5d9df759302a96c64-4249a57d8d766928-00",
        "User-Agent": "azsdk-net-ResourceManager.Communication/1.1.0-alpha.20230320.1 (.NET 6.0.15; Microsoft Windows 10.0.22621)",
        "x-ms-client-request-id": "77ce499332b17cd0340e05bc4ef81f8b",
        "x-ms-return-client-request-id": "true"
      },
      "RequestBody": null,
      "StatusCode": 200,
      "ResponseHeaders": {
        "Cache-Control": "no-cache",
        "Content-Length": "645",
        "Content-Type": "application/json; charset=utf-8",
        "Date": "Tue, 21 Mar 2023 07:48:34 GMT",
        "ETag": "\u00226d014183-0000-0700-0000-641961520000\u0022",
        "Expires": "-1",
        "Pragma": "no-cache",
        "Strict-Transport-Security": "max-age=31536000; includeSubDomains",
        "X-Cache": "CONFIG_NOCACHE",
        "X-Content-Type-Options": "nosniff",
        "x-ms-client-request-id": "77ce499332b17cd0340e05bc4ef81f8b",
        "x-ms-correlation-request-id": "4e80dd82-7f56-48a2-ba7c-337b04d8adab",
        "x-ms-providerhub-traffic": "True",
        "x-ms-ratelimit-remaining-subscription-reads": "14417",
        "x-ms-request-id": "0cbfee88-b10c-4221-9c3c-5f4d84960d8b",
        "x-ms-routing-request-id": "CENTRALUS:20230321T074834Z:4e80dd82-7f56-48a2-ba7c-337b04d8adab",
        "X-MSEdge-Ref": "Ref A: ADB06A9FDDC145568D260E6D87CD7F09 Ref B: STBEDGE0107 Ref C: 2023-03-21T07:48:34Z"
      },
      "ResponseBody": {
        "id": "/subscriptions/ce1bff77-08c1-4199-b7a5-52194a42b6ce/resourceGroups/Communication-RG-5924/providers/Microsoft.Communication/emailServices/email-service-6583",
        "name": "email-service-6583",
        "type": "microsoft.communication/emailservices",
        "location": "global",
        "tags": {
          "testkey": "testvalue"
        },
        "systemData": {
          "createdBy": "dd5e080b-9821-4976-9ab1-c95d8cc8eafa",
          "createdByType": "Application",
          "createdAt": "2023-03-21T07:47:27.2791628Z",
          "lastModifiedBy": "dd5e080b-9821-4976-9ab1-c95d8cc8eafa",
          "lastModifiedByType": "Application",
          "lastModifiedAt": "2023-03-21T07:48:34.6106011Z"
        },
        "properties": {
          "provisioningState": "Succeeded",
          "dataLocation": "UnitedStates"
        }
      }
    },
    {
      "RequestUri": "https://api-dogfood.resources.windows-int.net/subscriptions/ce1bff77-08c1-4199-b7a5-52194a42b6ce/resourceGroups/Communication-RG-5924/providers/Microsoft.Communication/emailServices?api-version=2023-03-01-preview",
      "RequestMethod": "GET",
      "RequestHeaders": {
        "Accept": "application/json",
        "Authorization": "Sanitized",
        "User-Agent": "azsdk-net-ResourceManager.Communication/1.1.0-alpha.20230320.1 (.NET 6.0.15; Microsoft Windows 10.0.22621)",
        "x-ms-client-request-id": "58a9a6bd31a7400fa0c018844413bcf9",
        "x-ms-return-client-request-id": "true"
      },
      "RequestBody": null,
      "StatusCode": 200,
      "ResponseHeaders": {
        "Cache-Control": "no-cache",
        "Content-Length": "657",
        "Content-Type": "application/json; charset=utf-8",
        "Date": "Tue, 21 Mar 2023 07:48:34 GMT",
        "Expires": "-1",
        "Pragma": "no-cache",
        "Strict-Transport-Security": "max-age=31536000; includeSubDomains",
        "X-Cache": "CONFIG_NOCACHE",
        "X-Content-Type-Options": "nosniff",
        "x-ms-client-request-id": "58a9a6bd31a7400fa0c018844413bcf9",
        "x-ms-correlation-request-id": "3f4e7a4a-d444-489a-a4bd-de824804106e",
        "x-ms-providerhub-traffic": "True",
        "x-ms-ratelimit-remaining-subscription-reads": "14416",
        "x-ms-request-id": "82326639-aa46-4f81-99e3-43a4496fc9cd",
        "x-ms-routing-request-id": "CENTRALUS:20230321T074835Z:3f4e7a4a-d444-489a-a4bd-de824804106e",
        "X-MSEdge-Ref": "Ref A: 178FE19F944945909CD50DB97165B3A5 Ref B: STBEDGE0107 Ref C: 2023-03-21T07:48:34Z"
      },
      "ResponseBody": {
        "value": [
          {
            "id": "/subscriptions/ce1bff77-08c1-4199-b7a5-52194a42b6ce/resourceGroups/Communication-RG-5924/providers/Microsoft.Communication/emailServices/email-service-6583",
            "name": "email-service-6583",
            "type": "microsoft.communication/emailservices",
            "location": "global",
            "tags": {
              "testkey": "testvalue"
            },
            "systemData": {
              "createdBy": "dd5e080b-9821-4976-9ab1-c95d8cc8eafa",
              "createdByType": "Application",
              "createdAt": "2023-03-21T07:47:27.2791628Z",
              "lastModifiedBy": "dd5e080b-9821-4976-9ab1-c95d8cc8eafa",
              "lastModifiedByType": "Application",
              "lastModifiedAt": "2023-03-21T07:48:34.6106011Z"
            },
            "properties": {
              "provisioningState": "Succeeded",
              "dataLocation": "UnitedStates"
            }
          }
        ]
      }
    },
    {
      "RequestUri": "https://api-dogfood.resources.windows-int.net/subscriptions/ce1bff77-08c1-4199-b7a5-52194a42b6ce/resourceGroups/Communication-RG-5924/providers/Microsoft.Communication/emailServices/email-service-6583?api-version=2023-03-01-preview",
      "RequestMethod": "DELETE",
      "RequestHeaders": {
        "Accept": "application/json",
        "Authorization": "Sanitized",
        "traceparent": "00-a03d8fbc5f9762d67a168c3c9584fe1f-3e191fe4387eb75d-00",
        "User-Agent": "azsdk-net-ResourceManager.Communication/1.1.0-alpha.20230320.1 (.NET 6.0.15; Microsoft Windows 10.0.22621)",
        "x-ms-client-request-id": "9ce225873404c97822f5f2b87e71b1dd",
        "x-ms-return-client-request-id": "true"
      },
      "RequestBody": null,
      "StatusCode": 202,
      "ResponseHeaders": {
        "Azure-AsyncNotification": "Enabled",
        "Azure-AsyncOperation": "https://api-dogfood.resources.windows-int.net/subscriptions/ce1bff77-08c1-4199-b7a5-52194a42b6ce/providers/Microsoft.Communication/locations/CENTRALUS/operationStatuses/b631454d-a09d-46bd-831c-16502d83856f*AB2FFA831B8EC94069FC0184D0BB2142D505CC06839808D7DA975D5D62F30E26?api-version=2023-03-01-preview",
        "Cache-Control": "no-cache",
        "Content-Length": "4",
        "Content-Type": "application/json; charset=utf-8",
        "Date": "Tue, 21 Mar 2023 07:48:35 GMT",
        "ETag": "\u00226d018083-0000-0700-0000-641961530000\u0022",
        "Expires": "-1",
        "Location": "https://api-dogfood.resources.windows-int.net/subscriptions/ce1bff77-08c1-4199-b7a5-52194a42b6ce/providers/Microsoft.Communication/locations/CENTRALUS/operationStatuses/b631454d-a09d-46bd-831c-16502d83856f*AB2FFA831B8EC94069FC0184D0BB2142D505CC06839808D7DA975D5D62F30E26?api-version=2023-03-01-preview",
        "Pragma": "no-cache",
        "Strict-Transport-Security": "max-age=31536000; includeSubDomains",
        "X-Cache": "CONFIG_NOCACHE",
        "X-Content-Type-Options": "nosniff",
        "x-ms-client-request-id": "9ce225873404c97822f5f2b87e71b1dd",
        "x-ms-correlation-request-id": "730a58ac-b496-4991-8403-c51a857205dc",
        "x-ms-providerhub-traffic": "True",
        "x-ms-ratelimit-remaining-subscription-deletes": "14974",
        "x-ms-request-id": "b631454d-a09d-46bd-831c-16502d83856f",
        "x-ms-resource-provider-hint": "noPolling",
        "x-ms-routing-request-id": "CENTRALUS:20230321T074835Z:730a58ac-b496-4991-8403-c51a857205dc",
        "X-MSEdge-Ref": "Ref A: B9C6CE1AE2394F91BF8E77E25DB74A7D Ref B: STBEDGE0107 Ref C: 2023-03-21T07:48:35Z"
      },
      "ResponseBody": "null"
    },
    {
      "RequestUri": "https://api-dogfood.resources.windows-int.net/subscriptions/ce1bff77-08c1-4199-b7a5-52194a42b6ce/providers/Microsoft.Communication/locations/CENTRALUS/operationStatuses/b631454d-a09d-46bd-831c-16502d83856f*AB2FFA831B8EC94069FC0184D0BB2142D505CC06839808D7DA975D5D62F30E26?api-version=2023-03-01-preview",
      "RequestMethod": "GET",
      "RequestHeaders": {
        "Authorization": "Sanitized",
        "traceparent": "00-a03d8fbc5f9762d67a168c3c9584fe1f-1da34601f45f3c63-00",
        "User-Agent": "azsdk-net-ResourceManager/1.4.0 (.NET 6.0.15; Microsoft Windows 10.0.22621)",
        "x-ms-client-request-id": "29340c51831589862ddf35b13e57c12e",
        "x-ms-return-client-request-id": "true"
      },
      "RequestBody": null,
      "StatusCode": 202,
      "ResponseHeaders": {
        "Cache-Control": "no-cache",
        "Content-Length": "579",
        "Content-Type": "application/json; charset=utf-8",
        "Date": "Tue, 21 Mar 2023 07:48:35 GMT",
        "ETag": "\u00222901f42e-0000-0700-0000-641961530000\u0022",
        "Expires": "-1",
        "Pragma": "no-cache",
        "Strict-Transport-Security": "max-age=31536000; includeSubDomains",
        "X-Cache": "CONFIG_NOCACHE",
        "X-Content-Type-Options": "nosniff",
        "x-ms-client-request-id": "29340c51831589862ddf35b13e57c12e",
        "x-ms-correlation-request-id": "2f50857b-e04c-47be-b438-27898e3b72db",
        "x-ms-ratelimit-remaining-subscription-reads": "14415",
        "x-ms-request-id": "37a860d1-6020-490d-a803-7d1aecff1967",
        "x-ms-routing-request-id": "CENTRALUS:20230321T074835Z:2f50857b-e04c-47be-b438-27898e3b72db",
        "X-MSEdge-Ref": "Ref A: 2BCED2EFB5C043838141D35795049507 Ref B: STBEDGE0107 Ref C: 2023-03-21T07:48:35Z"
      },
      "ResponseBody": {
        "id": "/subscriptions/ce1bff77-08c1-4199-b7a5-52194a42b6ce/providers/Microsoft.Communication/locations/CENTRALUS/operationStatuses/b631454d-a09d-46bd-831c-16502d83856f*AB2FFA831B8EC94069FC0184D0BB2142D505CC06839808D7DA975D5D62F30E26",
        "name": "b631454d-a09d-46bd-831c-16502d83856f*AB2FFA831B8EC94069FC0184D0BB2142D505CC06839808D7DA975D5D62F30E26",
        "resourceId": "/subscriptions/ce1bff77-08c1-4199-b7a5-52194a42b6ce/resourceGroups/Communication-RG-5924/providers/Microsoft.Communication/emailServices/email-service-6583",
        "status": "Deleting",
        "startTime": "2023-03-21T07:48:35.3610062Z"
      }
    },
    {
      "RequestUri": "https://api-dogfood.resources.windows-int.net/subscriptions/ce1bff77-08c1-4199-b7a5-52194a42b6ce/providers/Microsoft.Communication/locations/CENTRALUS/operationStatuses/b631454d-a09d-46bd-831c-16502d83856f*AB2FFA831B8EC94069FC0184D0BB2142D505CC06839808D7DA975D5D62F30E26?api-version=2023-03-01-preview",
      "RequestMethod": "GET",
      "RequestHeaders": {
        "Authorization": "Sanitized",
        "traceparent": "00-a03d8fbc5f9762d67a168c3c9584fe1f-8995a4f75056c076-00",
        "User-Agent": "azsdk-net-ResourceManager/1.4.0 (.NET 6.0.15; Microsoft Windows 10.0.22621)",
        "x-ms-client-request-id": "f8cc3a0e70474948677f61765c87afd6",
        "x-ms-return-client-request-id": "true"
      },
      "RequestBody": null,
      "StatusCode": 202,
      "ResponseHeaders": {
        "Cache-Control": "no-cache",
        "Content-Length": "579",
        "Content-Type": "application/json; charset=utf-8",
        "Date": "Tue, 21 Mar 2023 07:48:36 GMT",
        "ETag": "\u00222901f42e-0000-0700-0000-641961530000\u0022",
        "Expires": "-1",
        "Pragma": "no-cache",
        "Strict-Transport-Security": "max-age=31536000; includeSubDomains",
        "X-Cache": "CONFIG_NOCACHE",
        "X-Content-Type-Options": "nosniff",
        "x-ms-client-request-id": "f8cc3a0e70474948677f61765c87afd6",
        "x-ms-correlation-request-id": "fa5f0b11-06a2-4e46-82da-90fdd2168a46",
        "x-ms-ratelimit-remaining-subscription-reads": "14414",
        "x-ms-request-id": "29df6ffd-6cd9-4eb3-97d9-21009cc872fc",
        "x-ms-routing-request-id": "CENTRALUS:20230321T074836Z:fa5f0b11-06a2-4e46-82da-90fdd2168a46",
        "X-MSEdge-Ref": "Ref A: 0229FC4288BE4679B9AEF423D3BA280F Ref B: STBEDGE0107 Ref C: 2023-03-21T07:48:36Z"
      },
      "ResponseBody": {
        "id": "/subscriptions/ce1bff77-08c1-4199-b7a5-52194a42b6ce/providers/Microsoft.Communication/locations/CENTRALUS/operationStatuses/b631454d-a09d-46bd-831c-16502d83856f*AB2FFA831B8EC94069FC0184D0BB2142D505CC06839808D7DA975D5D62F30E26",
        "name": "b631454d-a09d-46bd-831c-16502d83856f*AB2FFA831B8EC94069FC0184D0BB2142D505CC06839808D7DA975D5D62F30E26",
        "resourceId": "/subscriptions/ce1bff77-08c1-4199-b7a5-52194a42b6ce/resourceGroups/Communication-RG-5924/providers/Microsoft.Communication/emailServices/email-service-6583",
        "status": "Deleting",
        "startTime": "2023-03-21T07:48:35.3610062Z"
      }
    },
    {
      "RequestUri": "https://api-dogfood.resources.windows-int.net/subscriptions/ce1bff77-08c1-4199-b7a5-52194a42b6ce/providers/Microsoft.Communication/locations/CENTRALUS/operationStatuses/b631454d-a09d-46bd-831c-16502d83856f*AB2FFA831B8EC94069FC0184D0BB2142D505CC06839808D7DA975D5D62F30E26?api-version=2023-03-01-preview",
      "RequestMethod": "GET",
      "RequestHeaders": {
        "Authorization": "Sanitized",
        "traceparent": "00-a03d8fbc5f9762d67a168c3c9584fe1f-102ad24222229c3f-00",
        "User-Agent": "azsdk-net-ResourceManager/1.4.0 (.NET 6.0.15; Microsoft Windows 10.0.22621)",
        "x-ms-client-request-id": "7266d1bd873d35c8c6421dd0080b24e3",
        "x-ms-return-client-request-id": "true"
      },
      "RequestBody": null,
      "StatusCode": 202,
      "ResponseHeaders": {
        "Cache-Control": "no-cache",
        "Content-Length": "579",
        "Content-Type": "application/json; charset=utf-8",
        "Date": "Tue, 21 Mar 2023 07:48:37 GMT",
        "ETag": "\u00222901f42e-0000-0700-0000-641961530000\u0022",
        "Expires": "-1",
        "Pragma": "no-cache",
        "Strict-Transport-Security": "max-age=31536000; includeSubDomains",
        "X-Cache": "CONFIG_NOCACHE",
        "X-Content-Type-Options": "nosniff",
        "x-ms-client-request-id": "7266d1bd873d35c8c6421dd0080b24e3",
        "x-ms-correlation-request-id": "1b059a81-d85c-4615-86a2-88f81d91d92c",
        "x-ms-ratelimit-remaining-subscription-reads": "14413",
        "x-ms-request-id": "33ec2701-ac36-4cd7-9ede-7007f20ebe49",
        "x-ms-routing-request-id": "CENTRALUS:20230321T074838Z:1b059a81-d85c-4615-86a2-88f81d91d92c",
        "X-MSEdge-Ref": "Ref A: 484D99BC7CCB4AD5894E76427A533C20 Ref B: STBEDGE0107 Ref C: 2023-03-21T07:48:38Z"
      },
      "ResponseBody": {
        "id": "/subscriptions/ce1bff77-08c1-4199-b7a5-52194a42b6ce/providers/Microsoft.Communication/locations/CENTRALUS/operationStatuses/b631454d-a09d-46bd-831c-16502d83856f*AB2FFA831B8EC94069FC0184D0BB2142D505CC06839808D7DA975D5D62F30E26",
        "name": "b631454d-a09d-46bd-831c-16502d83856f*AB2FFA831B8EC94069FC0184D0BB2142D505CC06839808D7DA975D5D62F30E26",
        "resourceId": "/subscriptions/ce1bff77-08c1-4199-b7a5-52194a42b6ce/resourceGroups/Communication-RG-5924/providers/Microsoft.Communication/emailServices/email-service-6583",
        "status": "Deleting",
        "startTime": "2023-03-21T07:48:35.3610062Z"
      }
    },
    {
      "RequestUri": "https://api-dogfood.resources.windows-int.net/subscriptions/ce1bff77-08c1-4199-b7a5-52194a42b6ce/providers/Microsoft.Communication/locations/CENTRALUS/operationStatuses/b631454d-a09d-46bd-831c-16502d83856f*AB2FFA831B8EC94069FC0184D0BB2142D505CC06839808D7DA975D5D62F30E26?api-version=2023-03-01-preview",
      "RequestMethod": "GET",
      "RequestHeaders": {
        "Authorization": "Sanitized",
        "traceparent": "00-a03d8fbc5f9762d67a168c3c9584fe1f-c03165fa3b2c4ac7-00",
        "User-Agent": "azsdk-net-ResourceManager/1.4.0 (.NET 6.0.15; Microsoft Windows 10.0.22621)",
        "x-ms-client-request-id": "dfe2a9cc3f7fe1d9c3ebc295210f2ca6",
        "x-ms-return-client-request-id": "true"
      },
      "RequestBody": null,
      "StatusCode": 202,
      "ResponseHeaders": {
        "Cache-Control": "no-cache",
        "Content-Length": "579",
        "Content-Type": "application/json; charset=utf-8",
        "Date": "Tue, 21 Mar 2023 07:48:38 GMT",
        "ETag": "\u00222901f42e-0000-0700-0000-641961530000\u0022",
        "Expires": "-1",
        "Pragma": "no-cache",
        "Strict-Transport-Security": "max-age=31536000; includeSubDomains",
        "X-Cache": "CONFIG_NOCACHE",
        "X-Content-Type-Options": "nosniff",
        "x-ms-client-request-id": "dfe2a9cc3f7fe1d9c3ebc295210f2ca6",
        "x-ms-correlation-request-id": "abaf00f1-27db-4884-8ddd-b1da39870cd6",
        "x-ms-ratelimit-remaining-subscription-reads": "14412",
        "x-ms-request-id": "91d21691-9534-48a9-8a5a-b1fa81c83a68",
        "x-ms-routing-request-id": "CENTRALUS:20230321T074839Z:abaf00f1-27db-4884-8ddd-b1da39870cd6",
        "X-MSEdge-Ref": "Ref A: 3B48E38AE3E444ED8D9CCB94F44C388D Ref B: STBEDGE0107 Ref C: 2023-03-21T07:48:39Z"
      },
      "ResponseBody": {
        "id": "/subscriptions/ce1bff77-08c1-4199-b7a5-52194a42b6ce/providers/Microsoft.Communication/locations/CENTRALUS/operationStatuses/b631454d-a09d-46bd-831c-16502d83856f*AB2FFA831B8EC94069FC0184D0BB2142D505CC06839808D7DA975D5D62F30E26",
        "name": "b631454d-a09d-46bd-831c-16502d83856f*AB2FFA831B8EC94069FC0184D0BB2142D505CC06839808D7DA975D5D62F30E26",
        "resourceId": "/subscriptions/ce1bff77-08c1-4199-b7a5-52194a42b6ce/resourceGroups/Communication-RG-5924/providers/Microsoft.Communication/emailServices/email-service-6583",
        "status": "Deleting",
        "startTime": "2023-03-21T07:48:35.3610062Z"
      }
    },
    {
      "RequestUri": "https://api-dogfood.resources.windows-int.net/subscriptions/ce1bff77-08c1-4199-b7a5-52194a42b6ce/providers/Microsoft.Communication/locations/CENTRALUS/operationStatuses/b631454d-a09d-46bd-831c-16502d83856f*AB2FFA831B8EC94069FC0184D0BB2142D505CC06839808D7DA975D5D62F30E26?api-version=2023-03-01-preview",
      "RequestMethod": "GET",
      "RequestHeaders": {
        "Authorization": "Sanitized",
        "traceparent": "00-a03d8fbc5f9762d67a168c3c9584fe1f-46d92921dbf99a8e-00",
        "User-Agent": "azsdk-net-ResourceManager/1.4.0 (.NET 6.0.15; Microsoft Windows 10.0.22621)",
        "x-ms-client-request-id": "6cf35f304ef086f1729632045277405c",
        "x-ms-return-client-request-id": "true"
      },
      "RequestBody": null,
      "StatusCode": 202,
      "ResponseHeaders": {
        "Cache-Control": "no-cache",
        "Content-Length": "579",
        "Content-Type": "application/json; charset=utf-8",
        "Date": "Tue, 21 Mar 2023 07:48:40 GMT",
        "ETag": "\u00222901f42e-0000-0700-0000-641961530000\u0022",
        "Expires": "-1",
        "Pragma": "no-cache",
        "Strict-Transport-Security": "max-age=31536000; includeSubDomains",
        "X-Cache": "CONFIG_NOCACHE",
        "X-Content-Type-Options": "nosniff",
        "x-ms-client-request-id": "6cf35f304ef086f1729632045277405c",
        "x-ms-correlation-request-id": "5f9a5045-0031-4d8a-ab9d-79a97301aed0",
        "x-ms-ratelimit-remaining-subscription-reads": "14411",
        "x-ms-request-id": "a0561a78-78fc-4d00-bff6-eadfe9f03a4b",
        "x-ms-routing-request-id": "CENTRALUS:20230321T074841Z:5f9a5045-0031-4d8a-ab9d-79a97301aed0",
        "X-MSEdge-Ref": "Ref A: CE78C93EDD874C8B87A8222AF7D23C2A Ref B: STBEDGE0107 Ref C: 2023-03-21T07:48:41Z"
      },
      "ResponseBody": {
        "id": "/subscriptions/ce1bff77-08c1-4199-b7a5-52194a42b6ce/providers/Microsoft.Communication/locations/CENTRALUS/operationStatuses/b631454d-a09d-46bd-831c-16502d83856f*AB2FFA831B8EC94069FC0184D0BB2142D505CC06839808D7DA975D5D62F30E26",
        "name": "b631454d-a09d-46bd-831c-16502d83856f*AB2FFA831B8EC94069FC0184D0BB2142D505CC06839808D7DA975D5D62F30E26",
        "resourceId": "/subscriptions/ce1bff77-08c1-4199-b7a5-52194a42b6ce/resourceGroups/Communication-RG-5924/providers/Microsoft.Communication/emailServices/email-service-6583",
        "status": "Deleting",
        "startTime": "2023-03-21T07:48:35.3610062Z"
      }
    },
    {
      "RequestUri": "https://api-dogfood.resources.windows-int.net/subscriptions/ce1bff77-08c1-4199-b7a5-52194a42b6ce/providers/Microsoft.Communication/locations/CENTRALUS/operationStatuses/b631454d-a09d-46bd-831c-16502d83856f*AB2FFA831B8EC94069FC0184D0BB2142D505CC06839808D7DA975D5D62F30E26?api-version=2023-03-01-preview",
      "RequestMethod": "GET",
      "RequestHeaders": {
        "Authorization": "Sanitized",
        "traceparent": "00-a03d8fbc5f9762d67a168c3c9584fe1f-eb0474208e60565c-00",
        "User-Agent": "azsdk-net-ResourceManager/1.4.0 (.NET 6.0.15; Microsoft Windows 10.0.22621)",
        "x-ms-client-request-id": "b3aa7e5bd0a57d57f785af51c53214b6",
        "x-ms-return-client-request-id": "true"
      },
      "RequestBody": null,
      "StatusCode": 202,
      "ResponseHeaders": {
        "Cache-Control": "no-cache",
        "Content-Length": "579",
        "Content-Type": "application/json; charset=utf-8",
        "Date": "Tue, 21 Mar 2023 07:48:44 GMT",
        "ETag": "\u00222901f42e-0000-0700-0000-641961530000\u0022",
        "Expires": "-1",
        "Pragma": "no-cache",
        "Strict-Transport-Security": "max-age=31536000; includeSubDomains",
        "X-Cache": "CONFIG_NOCACHE",
        "X-Content-Type-Options": "nosniff",
        "x-ms-client-request-id": "b3aa7e5bd0a57d57f785af51c53214b6",
        "x-ms-correlation-request-id": "5a4bce33-6e8a-4c42-a08a-9be03f260eed",
        "x-ms-ratelimit-remaining-subscription-reads": "14410",
        "x-ms-request-id": "c4199092-315d-44c2-b137-8e68fd6df5f4",
        "x-ms-routing-request-id": "CENTRALUS:20230321T074845Z:5a4bce33-6e8a-4c42-a08a-9be03f260eed",
        "X-MSEdge-Ref": "Ref A: C8BC9F098E8A4B43B5CFDD3CD38BFFAD Ref B: STBEDGE0107 Ref C: 2023-03-21T07:48:45Z"
      },
      "ResponseBody": {
        "id": "/subscriptions/ce1bff77-08c1-4199-b7a5-52194a42b6ce/providers/Microsoft.Communication/locations/CENTRALUS/operationStatuses/b631454d-a09d-46bd-831c-16502d83856f*AB2FFA831B8EC94069FC0184D0BB2142D505CC06839808D7DA975D5D62F30E26",
        "name": "b631454d-a09d-46bd-831c-16502d83856f*AB2FFA831B8EC94069FC0184D0BB2142D505CC06839808D7DA975D5D62F30E26",
        "resourceId": "/subscriptions/ce1bff77-08c1-4199-b7a5-52194a42b6ce/resourceGroups/Communication-RG-5924/providers/Microsoft.Communication/emailServices/email-service-6583",
        "status": "Deleting",
        "startTime": "2023-03-21T07:48:35.3610062Z"
      }
    },
    {
      "RequestUri": "https://api-dogfood.resources.windows-int.net/subscriptions/ce1bff77-08c1-4199-b7a5-52194a42b6ce/providers/Microsoft.Communication/locations/CENTRALUS/operationStatuses/b631454d-a09d-46bd-831c-16502d83856f*AB2FFA831B8EC94069FC0184D0BB2142D505CC06839808D7DA975D5D62F30E26?api-version=2023-03-01-preview",
      "RequestMethod": "GET",
      "RequestHeaders": {
        "Authorization": "Sanitized",
        "traceparent": "00-a03d8fbc5f9762d67a168c3c9584fe1f-42dd3f96dee5258e-00",
        "User-Agent": "azsdk-net-ResourceManager/1.4.0 (.NET 6.0.15; Microsoft Windows 10.0.22621)",
        "x-ms-client-request-id": "a9a07715b7177df2b85b6de90dd48e4b",
        "x-ms-return-client-request-id": "true"
      },
      "RequestBody": null,
      "StatusCode": 202,
      "ResponseHeaders": {
        "Cache-Control": "no-cache",
        "Content-Length": "579",
        "Content-Type": "application/json; charset=utf-8",
        "Date": "Tue, 21 Mar 2023 07:48:53 GMT",
        "ETag": "\u00222901f42e-0000-0700-0000-641961530000\u0022",
        "Expires": "-1",
        "Pragma": "no-cache",
        "Strict-Transport-Security": "max-age=31536000; includeSubDomains",
        "X-Cache": "CONFIG_NOCACHE",
        "X-Content-Type-Options": "nosniff",
        "x-ms-client-request-id": "a9a07715b7177df2b85b6de90dd48e4b",
        "x-ms-correlation-request-id": "4da3b7c6-a6d7-4a95-8cdc-4980f5f89de9",
        "x-ms-ratelimit-remaining-subscription-reads": "14409",
        "x-ms-request-id": "33022a7a-2566-47be-9c4d-d668d4e47f2f",
        "x-ms-routing-request-id": "CENTRALUS:20230321T074853Z:4da3b7c6-a6d7-4a95-8cdc-4980f5f89de9",
        "X-MSEdge-Ref": "Ref A: C1891E477D0B4A96883AC209C1FD4D4B Ref B: STBEDGE0107 Ref C: 2023-03-21T07:48:53Z"
      },
      "ResponseBody": {
        "id": "/subscriptions/ce1bff77-08c1-4199-b7a5-52194a42b6ce/providers/Microsoft.Communication/locations/CENTRALUS/operationStatuses/b631454d-a09d-46bd-831c-16502d83856f*AB2FFA831B8EC94069FC0184D0BB2142D505CC06839808D7DA975D5D62F30E26",
        "name": "b631454d-a09d-46bd-831c-16502d83856f*AB2FFA831B8EC94069FC0184D0BB2142D505CC06839808D7DA975D5D62F30E26",
        "resourceId": "/subscriptions/ce1bff77-08c1-4199-b7a5-52194a42b6ce/resourceGroups/Communication-RG-5924/providers/Microsoft.Communication/emailServices/email-service-6583",
        "status": "Deleting",
        "startTime": "2023-03-21T07:48:35.3610062Z"
      }
    },
    {
      "RequestUri": "https://api-dogfood.resources.windows-int.net/subscriptions/ce1bff77-08c1-4199-b7a5-52194a42b6ce/providers/Microsoft.Communication/locations/CENTRALUS/operationStatuses/b631454d-a09d-46bd-831c-16502d83856f*AB2FFA831B8EC94069FC0184D0BB2142D505CC06839808D7DA975D5D62F30E26?api-version=2023-03-01-preview",
      "RequestMethod": "GET",
      "RequestHeaders": {
        "Authorization": "Sanitized",
        "traceparent": "00-a03d8fbc5f9762d67a168c3c9584fe1f-b40008d1b1815ffc-00",
        "User-Agent": "azsdk-net-ResourceManager/1.4.0 (.NET 6.0.15; Microsoft Windows 10.0.22621)",
        "x-ms-client-request-id": "a23966ab796460010775746b9f9fc03f",
        "x-ms-return-client-request-id": "true"
      },
      "RequestBody": null,
      "StatusCode": 202,
      "ResponseHeaders": {
        "Cache-Control": "no-cache",
        "Content-Length": "579",
        "Content-Type": "application/json; charset=utf-8",
        "Date": "Tue, 21 Mar 2023 07:49:09 GMT",
        "ETag": "\u00222901f42e-0000-0700-0000-641961530000\u0022",
        "Expires": "-1",
        "Pragma": "no-cache",
        "Strict-Transport-Security": "max-age=31536000; includeSubDomains",
        "X-Cache": "CONFIG_NOCACHE",
        "X-Content-Type-Options": "nosniff",
        "x-ms-client-request-id": "a23966ab796460010775746b9f9fc03f",
        "x-ms-correlation-request-id": "16387926-8e2c-4386-aed3-2f478d0958ef",
        "x-ms-ratelimit-remaining-subscription-reads": "14408",
        "x-ms-request-id": "41e4b23b-4564-4dcd-9693-4b63e05d9f42",
        "x-ms-routing-request-id": "CENTRALUS:20230321T074909Z:16387926-8e2c-4386-aed3-2f478d0958ef",
        "X-MSEdge-Ref": "Ref A: 218F8DE44336477E9EF0334E3D4CDD00 Ref B: STBEDGE0107 Ref C: 2023-03-21T07:49:09Z"
      },
      "ResponseBody": {
        "id": "/subscriptions/ce1bff77-08c1-4199-b7a5-52194a42b6ce/providers/Microsoft.Communication/locations/CENTRALUS/operationStatuses/b631454d-a09d-46bd-831c-16502d83856f*AB2FFA831B8EC94069FC0184D0BB2142D505CC06839808D7DA975D5D62F30E26",
        "name": "b631454d-a09d-46bd-831c-16502d83856f*AB2FFA831B8EC94069FC0184D0BB2142D505CC06839808D7DA975D5D62F30E26",
        "resourceId": "/subscriptions/ce1bff77-08c1-4199-b7a5-52194a42b6ce/resourceGroups/Communication-RG-5924/providers/Microsoft.Communication/emailServices/email-service-6583",
        "status": "Deleting",
        "startTime": "2023-03-21T07:48:35.3610062Z"
      }
    },
    {
      "RequestUri": "https://api-dogfood.resources.windows-int.net/subscriptions/ce1bff77-08c1-4199-b7a5-52194a42b6ce/providers/Microsoft.Communication/locations/CENTRALUS/operationStatuses/b631454d-a09d-46bd-831c-16502d83856f*AB2FFA831B8EC94069FC0184D0BB2142D505CC06839808D7DA975D5D62F30E26?api-version=2023-03-01-preview",
      "RequestMethod": "GET",
      "RequestHeaders": {
        "Authorization": "Sanitized",
        "traceparent": "00-a03d8fbc5f9762d67a168c3c9584fe1f-5410b2d15cc0f615-00",
        "User-Agent": "azsdk-net-ResourceManager/1.4.0 (.NET 6.0.15; Microsoft Windows 10.0.22621)",
        "x-ms-client-request-id": "dbef7b8196d7a3448b2cfb49626d7022",
        "x-ms-return-client-request-id": "true"
      },
      "RequestBody": null,
      "StatusCode": 202,
      "ResponseHeaders": {
        "Cache-Control": "no-cache",
        "Content-Length": "579",
        "Content-Type": "application/json; charset=utf-8",
        "Date": "Tue, 21 Mar 2023 07:49:41 GMT",
        "ETag": "\u00222901f42e-0000-0700-0000-641961530000\u0022",
        "Expires": "-1",
        "Pragma": "no-cache",
        "Strict-Transport-Security": "max-age=31536000; includeSubDomains",
        "X-Cache": "CONFIG_NOCACHE",
        "X-Content-Type-Options": "nosniff",
        "x-ms-client-request-id": "dbef7b8196d7a3448b2cfb49626d7022",
        "x-ms-correlation-request-id": "80db637f-798a-47c3-8e74-d543cb970d9e",
        "x-ms-ratelimit-remaining-subscription-reads": "14407",
        "x-ms-request-id": "010e468d-8646-4193-b07b-b30ad06ce586",
        "x-ms-routing-request-id": "CENTRALUS:20230321T074942Z:80db637f-798a-47c3-8e74-d543cb970d9e",
        "X-MSEdge-Ref": "Ref A: 20FBE2D485F04EF3A6823B77D7C5AF92 Ref B: STBEDGE0107 Ref C: 2023-03-21T07:49:41Z"
      },
      "ResponseBody": {
        "id": "/subscriptions/ce1bff77-08c1-4199-b7a5-52194a42b6ce/providers/Microsoft.Communication/locations/CENTRALUS/operationStatuses/b631454d-a09d-46bd-831c-16502d83856f*AB2FFA831B8EC94069FC0184D0BB2142D505CC06839808D7DA975D5D62F30E26",
        "name": "b631454d-a09d-46bd-831c-16502d83856f*AB2FFA831B8EC94069FC0184D0BB2142D505CC06839808D7DA975D5D62F30E26",
        "resourceId": "/subscriptions/ce1bff77-08c1-4199-b7a5-52194a42b6ce/resourceGroups/Communication-RG-5924/providers/Microsoft.Communication/emailServices/email-service-6583",
        "status": "Deleting",
        "startTime": "2023-03-21T07:48:35.3610062Z"
      }
    },
    {
      "RequestUri": "https://api-dogfood.resources.windows-int.net/subscriptions/ce1bff77-08c1-4199-b7a5-52194a42b6ce/providers/Microsoft.Communication/locations/CENTRALUS/operationStatuses/b631454d-a09d-46bd-831c-16502d83856f*AB2FFA831B8EC94069FC0184D0BB2142D505CC06839808D7DA975D5D62F30E26?api-version=2023-03-01-preview",
      "RequestMethod": "GET",
      "RequestHeaders": {
        "Authorization": "Sanitized",
        "traceparent": "00-a03d8fbc5f9762d67a168c3c9584fe1f-38894256d5695b63-00",
        "User-Agent": "azsdk-net-ResourceManager/1.4.0 (.NET 6.0.15; Microsoft Windows 10.0.22621)",
        "x-ms-client-request-id": "5fa664f772f89c527540a1a14287de18",
        "x-ms-return-client-request-id": "true"
      },
      "RequestBody": null,
      "StatusCode": 202,
      "ResponseHeaders": {
        "Cache-Control": "no-cache",
        "Content-Length": "579",
        "Content-Type": "application/json; charset=utf-8",
        "Date": "Tue, 21 Mar 2023 07:50:13 GMT",
        "ETag": "\u00222901f42e-0000-0700-0000-641961530000\u0022",
        "Expires": "-1",
        "Pragma": "no-cache",
        "Strict-Transport-Security": "max-age=31536000; includeSubDomains",
        "X-Cache": "CONFIG_NOCACHE",
        "X-Content-Type-Options": "nosniff",
        "x-ms-client-request-id": "5fa664f772f89c527540a1a14287de18",
        "x-ms-correlation-request-id": "d9eb9d88-6e68-4440-9bab-17c4de8cc713",
        "x-ms-ratelimit-remaining-subscription-reads": "14419",
        "x-ms-request-id": "5782c2b1-ed4a-416a-b5fe-f615690b6030",
        "x-ms-routing-request-id": "CENTRALUS:20230321T075014Z:d9eb9d88-6e68-4440-9bab-17c4de8cc713",
        "X-MSEdge-Ref": "Ref A: 7F8522307BB646D3A31E0226DA9F5629 Ref B: STBEDGE0107 Ref C: 2023-03-21T07:50:14Z"
      },
      "ResponseBody": {
        "id": "/subscriptions/ce1bff77-08c1-4199-b7a5-52194a42b6ce/providers/Microsoft.Communication/locations/CENTRALUS/operationStatuses/b631454d-a09d-46bd-831c-16502d83856f*AB2FFA831B8EC94069FC0184D0BB2142D505CC06839808D7DA975D5D62F30E26",
        "name": "b631454d-a09d-46bd-831c-16502d83856f*AB2FFA831B8EC94069FC0184D0BB2142D505CC06839808D7DA975D5D62F30E26",
        "resourceId": "/subscriptions/ce1bff77-08c1-4199-b7a5-52194a42b6ce/resourceGroups/Communication-RG-5924/providers/Microsoft.Communication/emailServices/email-service-6583",
        "status": "Deleting",
        "startTime": "2023-03-21T07:48:35.3610062Z"
      }
    },
    {
      "RequestUri": "https://api-dogfood.resources.windows-int.net/subscriptions/ce1bff77-08c1-4199-b7a5-52194a42b6ce/providers/Microsoft.Communication/locations/CENTRALUS/operationStatuses/b631454d-a09d-46bd-831c-16502d83856f*AB2FFA831B8EC94069FC0184D0BB2142D505CC06839808D7DA975D5D62F30E26?api-version=2023-03-01-preview",
      "RequestMethod": "GET",
      "RequestHeaders": {
        "Authorization": "Sanitized",
        "traceparent": "00-a03d8fbc5f9762d67a168c3c9584fe1f-28a03bd3c569aa2c-00",
        "User-Agent": "azsdk-net-ResourceManager/1.4.0 (.NET 6.0.15; Microsoft Windows 10.0.22621)",
        "x-ms-client-request-id": "92672d9ab3e51474219516377db7fd9a",
        "x-ms-return-client-request-id": "true"
      },
      "RequestBody": null,
      "StatusCode": 200,
      "ResponseHeaders": {
        "Cache-Control": "no-cache",
        "Content-Length": "598",
        "Content-Type": "application/json; charset=utf-8",
        "Date": "Tue, 21 Mar 2023 07:50:45 GMT",
        "ETag": "\u002229016430-0000-0700-0000-641961d10000\u0022",
        "Expires": "-1",
        "Pragma": "no-cache",
        "Strict-Transport-Security": "max-age=31536000; includeSubDomains",
        "X-Cache": "CONFIG_NOCACHE",
        "X-Content-Type-Options": "nosniff",
        "x-ms-client-request-id": "92672d9ab3e51474219516377db7fd9a",
        "x-ms-correlation-request-id": "61722d7b-b6cc-4679-992e-da6bfe4c2055",
        "x-ms-ratelimit-remaining-subscription-reads": "14418",
        "x-ms-request-id": "06b8c641-264b-486f-afd8-0c2c0dab3dd4",
        "x-ms-routing-request-id": "CENTRALUS:20230321T075046Z:61722d7b-b6cc-4679-992e-da6bfe4c2055",
        "X-MSEdge-Ref": "Ref A: 7380E0C9A44C4A449574A2AF618A842E Ref B: STBEDGE0107 Ref C: 2023-03-21T07:50:46Z"
      },
      "ResponseBody": {
        "id": "/subscriptions/ce1bff77-08c1-4199-b7a5-52194a42b6ce/providers/Microsoft.Communication/locations/CENTRALUS/operationStatuses/b631454d-a09d-46bd-831c-16502d83856f*AB2FFA831B8EC94069FC0184D0BB2142D505CC06839808D7DA975D5D62F30E26",
        "name": "b631454d-a09d-46bd-831c-16502d83856f*AB2FFA831B8EC94069FC0184D0BB2142D505CC06839808D7DA975D5D62F30E26",
        "resourceId": "/subscriptions/ce1bff77-08c1-4199-b7a5-52194a42b6ce/resourceGroups/Communication-RG-5924/providers/Microsoft.Communication/emailServices/email-service-6583",
        "status": "Succeeded",
        "startTime": "2023-03-21T07:48:35.3610062Z",
        "properties": null
      }
    }
  ],
  "Variables": {
    "AZURE_AUTHORITY_HOST": "https://login.windows-ppe.net/",
    "RandomSeed": "1124959187",
    "RESOURCE_MANAGER_URL": "https://api-dogfood.resources.windows-int.net/",
    "SERVICE_MANAGEMENT_URL": "https://management.core.windows.net/",
    "SUBSCRIPTION_ID": "ce1bff77-08c1-4199-b7a5-52194a42b6ce"
  }
}
