{
  "Entries": [
    {
      "RequestUri": "https://api-dogfood.resources.windows-int.net/tenants?api-version=2021-01-01",
      "RequestMethod": "GET",
      "RequestHeaders": {
        "Accept": "application/json",
        "Authorization": "Sanitized",
        "User-Agent": "azsdk-net-ResourceManager/1.4.0 (.NET 6.0.15; Microsoft Windows 10.0.22621)",
        "x-ms-client-request-id": "24f2cb3a653dbf2d1312fd52abff8367",
        "x-ms-return-client-request-id": "true"
      },
      "RequestBody": null,
      "StatusCode": 200,
      "ResponseHeaders": {
        "Cache-Control": "no-cache",
        "Content-Length": "140",
        "Content-Type": "application/json; charset=utf-8",
        "Date": "Mon, 20 Mar 2023 23:15:44 GMT",
        "Expires": "-1",
        "Pragma": "no-cache",
        "Strict-Transport-Security": "max-age=31536000; includeSubDomains",
        "X-Cache": "CONFIG_NOCACHE",
        "X-Content-Type-Options": "nosniff",
        "x-ms-correlation-request-id": "e7d064f4-6b0a-4b66-84f3-1e35448decda",
        "x-ms-ratelimit-remaining-tenant-reads": "14998",
        "x-ms-request-id": "e7d064f4-6b0a-4b66-84f3-1e35448decda",
        "x-ms-routing-request-id": "CENTRALUS:20230320T231545Z:e7d064f4-6b0a-4b66-84f3-1e35448decda",
        "X-MSEdge-Ref": "Ref A: D4B302E1213341EE8F9DAEB3648AFE2C Ref B: STBEDGE0212 Ref C: 2023-03-20T23:15:45Z"
      },
      "ResponseBody": {
        "value": [
          {
            "id": "/tenants/f686d426-8d16-42db-81b7-ab578e110ccd",
            "tenantId": "f686d426-8d16-42db-81b7-ab578e110ccd",
            "tenantCategory": "Home"
          }
        ]
      }
    },
    {
      "RequestUri": "https://api-dogfood.resources.windows-int.net/subscriptions/ce1bff77-08c1-4199-b7a5-52194a42b6ce/resourcegroups/Communication-RG-5114?api-version=**",
      "RequestMethod": "GET",
      "RequestHeaders": {
        "Accept": "application/json",
        "Authorization": "Sanitized",
        "traceparent": "00-4e3d925729142c8b513ba7262624c32f-eb7eb1528751dcc5-00",
        "User-Agent": "azsdk-net-ResourceManager/1.4.0 (.NET 6.0.15; Microsoft Windows 10.0.22621)",
        "x-ms-client-request-id": "9dcf3d4830361b2909a86bbcc2e23190",
        "x-ms-return-client-request-id": "true"
      },
      "RequestBody": null,
      "StatusCode": 200,
      "ResponseHeaders": {
        "Cache-Control": "no-cache",
        "Content-Length": "240",
        "Content-Type": "application/json; charset=utf-8",
        "Date": "Mon, 20 Mar 2023 23:15:45 GMT",
        "Expires": "-1",
        "Pragma": "no-cache",
        "Strict-Transport-Security": "max-age=31536000; includeSubDomains",
        "X-Cache": "CONFIG_NOCACHE",
        "X-Content-Type-Options": "nosniff",
        "x-ms-correlation-request-id": "94f5651d-4398-4a96-8a6d-181aebd01e56",
        "x-ms-ratelimit-remaining-subscription-reads": "14740",
        "x-ms-request-id": "94f5651d-4398-4a96-8a6d-181aebd01e56",
        "x-ms-routing-request-id": "CENTRALUS:20230320T231545Z:94f5651d-4398-4a96-8a6d-181aebd01e56",
        "X-MSEdge-Ref": "Ref A: 9BE229EA6CCE42B8A89A4C00C4D389C5 Ref B: STBEDGE0212 Ref C: 2023-03-20T23:15:45Z"
      },
      "ResponseBody": {
        "id": "/subscriptions/ce1bff77-08c1-4199-b7a5-52194a42b6ce/resourceGroups/Communication-RG-5114",
        "name": "Communication-RG-5114",
        "type": "Microsoft.Resources/resourceGroups",
        "location": "westus2",
        "properties": {
          "provisioningState": "Succeeded"
        }
      }
    },
    {
      "RequestUri": "https://api-dogfood.resources.windows-int.net/subscriptions/ce1bff77-08c1-4199-b7a5-52194a42b6ce/resourceGroups/Communication-RG-5114/providers/Microsoft.Communication/emailServices/email-service-8141?api-version=2023-03-01-preview",
      "RequestMethod": "PUT",
      "RequestHeaders": {
        "Accept": "application/json",
        "Authorization": "Sanitized",
        "Content-Length": "76",
        "Content-Type": "application/json",
        "traceparent": "00-fc4d0584e108e5317fdf4b26f11f4a22-d5082543aa88dd07-00",
        "User-Agent": "azsdk-net-ResourceManager.Communication/1.1.0-alpha.20230320.1 (.NET 6.0.15; Microsoft Windows 10.0.22621)",
        "x-ms-client-request-id": "5dfa3290f2f8395e86a73b56985c4054",
        "x-ms-return-client-request-id": "true"
      },
      "RequestBody": {
        "tags": {},
        "location": "global",
        "properties": {
          "dataLocation": "UnitedStates"
        }
      },
      "StatusCode": 201,
      "ResponseHeaders": {
        "Azure-AsyncNotification": "Enabled",
        "Azure-AsyncOperation": "https://api-dogfood.resources.windows-int.net/subscriptions/ce1bff77-08c1-4199-b7a5-52194a42b6ce/providers/Microsoft.Communication/locations/CENTRALUS/operationStatuses/3deaaafe-3d8b-4ae1-b891-86cb36d9d019*BF62A61BEC19520B9493A53B91354DE99B6D2B3B5E115555F2F5F38C899B87FC?api-version=2023-03-01-preview",
        "Cache-Control": "no-cache",
        "Content-Length": "623",
        "Content-Type": "application/json; charset=utf-8",
        "Date": "Mon, 20 Mar 2023 23:15:45 GMT",
        "ETag": "\u00226101c16e-0000-0700-0000-6418e9210000\u0022",
        "Expires": "-1",
        "mise-correlation-id": "955d9f8d-8856-4d7e-8b31-e64e737d919b",
        "Pragma": "no-cache",
        "Request-Context": "appId=",
        "Strict-Transport-Security": "max-age=31536000; includeSubDomains",
        "X-Cache": "CONFIG_NOCACHE",
        "X-Content-Type-Options": "nosniff",
        "x-ms-client-request-id": "5dfa3290f2f8395e86a73b56985c4054",
        "x-ms-correlation-request-id": "f1b3c7fd-98aa-4d01-8cb7-649661c3404d",
        "x-ms-providerhub-traffic": "True",
        "x-ms-ratelimit-remaining-subscription-writes": "1175",
        "x-ms-request-id": "3deaaafe-3d8b-4ae1-b891-86cb36d9d019",
        "x-ms-resource-provider-hint": "noPolling",
        "x-ms-routing-request-id": "CENTRALUS:20230320T231546Z:f1b3c7fd-98aa-4d01-8cb7-649661c3404d",
        "X-MSEdge-Ref": "Ref A: 9F10B6EB82A448818CA91C6372E5D289 Ref B: STBEDGE0212 Ref C: 2023-03-20T23:15:45Z"
      },
      "ResponseBody": {
        "id": "/subscriptions/ce1bff77-08c1-4199-b7a5-52194a42b6ce/resourceGroups/Communication-RG-5114/providers/Microsoft.Communication/emailServices/email-service-8141",
        "name": "email-service-8141",
        "type": "microsoft.communication/emailservices",
        "location": "global",
        "tags": {},
        "systemData": {
          "createdBy": "dd5e080b-9821-4976-9ab1-c95d8cc8eafa",
          "createdByType": "Application",
          "createdAt": "2023-03-20T23:15:45.5310308Z",
          "lastModifiedBy": "dd5e080b-9821-4976-9ab1-c95d8cc8eafa",
          "lastModifiedByType": "Application",
          "lastModifiedAt": "2023-03-20T23:15:45.5310308Z"
        },
        "properties": {
          "dataLocation": "UnitedStates",
          "provisioningState": "Accepted"
        }
      }
    },
    {
      "RequestUri": "https://api-dogfood.resources.windows-int.net/subscriptions/ce1bff77-08c1-4199-b7a5-52194a42b6ce/providers/Microsoft.Communication/locations/CENTRALUS/operationStatuses/3deaaafe-3d8b-4ae1-b891-86cb36d9d019*BF62A61BEC19520B9493A53B91354DE99B6D2B3B5E115555F2F5F38C899B87FC?api-version=2023-03-01-preview",
      "RequestMethod": "GET",
      "RequestHeaders": {
        "Authorization": "Sanitized",
        "traceparent": "00-fc4d0584e108e5317fdf4b26f11f4a22-9fe69b7fb51b4b4e-00",
        "User-Agent": "azsdk-net-ResourceManager/1.4.0 (.NET 6.0.15; Microsoft Windows 10.0.22621)",
        "x-ms-client-request-id": "cd1a726c09894a507064b089edc5714b",
        "x-ms-return-client-request-id": "true"
      },
      "RequestBody": null,
      "StatusCode": 200,
      "ResponseHeaders": {
        "Cache-Control": "no-cache",
        "Content-Length": "578",
        "Content-Type": "application/json; charset=utf-8",
        "Date": "Mon, 20 Mar 2023 23:15:46 GMT",
        "ETag": "\u002226043316-0000-0700-0000-6418e9210000\u0022",
        "Expires": "-1",
        "Pragma": "no-cache",
        "Strict-Transport-Security": "max-age=31536000; includeSubDomains",
        "X-Cache": "CONFIG_NOCACHE",
        "X-Content-Type-Options": "nosniff",
        "x-ms-client-request-id": "cd1a726c09894a507064b089edc5714b",
        "x-ms-correlation-request-id": "62c3a450-3361-4ba8-b039-3f7b34bd1a5f",
        "x-ms-ratelimit-remaining-subscription-reads": "14924",
        "x-ms-request-id": "7874105f-5f4d-4278-a1cd-75640239a403",
        "x-ms-routing-request-id": "CENTRALUS:20230320T231546Z:62c3a450-3361-4ba8-b039-3f7b34bd1a5f",
        "X-MSEdge-Ref": "Ref A: 57228901657C4168B2E60A6ECF8300B1 Ref B: STBEDGE0212 Ref C: 2023-03-20T23:15:46Z"
      },
      "ResponseBody": {
        "id": "/subscriptions/ce1bff77-08c1-4199-b7a5-52194a42b6ce/providers/Microsoft.Communication/locations/CENTRALUS/operationStatuses/3deaaafe-3d8b-4ae1-b891-86cb36d9d019*BF62A61BEC19520B9493A53B91354DE99B6D2B3B5E115555F2F5F38C899B87FC",
        "name": "3deaaafe-3d8b-4ae1-b891-86cb36d9d019*BF62A61BEC19520B9493A53B91354DE99B6D2B3B5E115555F2F5F38C899B87FC",
        "resourceId": "/subscriptions/ce1bff77-08c1-4199-b7a5-52194a42b6ce/resourceGroups/Communication-RG-5114/providers/Microsoft.Communication/emailServices/email-service-8141",
        "status": "Accepted",
        "startTime": "2023-03-20T23:15:45.639435Z"
      }
    },
    {
      "RequestUri": "https://api-dogfood.resources.windows-int.net/subscriptions/ce1bff77-08c1-4199-b7a5-52194a42b6ce/providers/Microsoft.Communication/locations/CENTRALUS/operationStatuses/3deaaafe-3d8b-4ae1-b891-86cb36d9d019*BF62A61BEC19520B9493A53B91354DE99B6D2B3B5E115555F2F5F38C899B87FC?api-version=2023-03-01-preview",
      "RequestMethod": "GET",
      "RequestHeaders": {
        "Authorization": "Sanitized",
        "traceparent": "00-fc4d0584e108e5317fdf4b26f11f4a22-32ede3338c7437cc-00",
        "User-Agent": "azsdk-net-ResourceManager/1.4.0 (.NET 6.0.15; Microsoft Windows 10.0.22621)",
        "x-ms-client-request-id": "542e672b75674f04285885dc5d65c88a",
        "x-ms-return-client-request-id": "true"
      },
      "RequestBody": null,
      "StatusCode": 200,
      "ResponseHeaders": {
        "Cache-Control": "no-cache",
        "Content-Length": "578",
        "Content-Type": "application/json; charset=utf-8",
        "Date": "Mon, 20 Mar 2023 23:15:47 GMT",
        "ETag": "\u002226043316-0000-0700-0000-6418e9210000\u0022",
        "Expires": "-1",
        "Pragma": "no-cache",
        "Strict-Transport-Security": "max-age=31536000; includeSubDomains",
        "X-Cache": "CONFIG_NOCACHE",
        "X-Content-Type-Options": "nosniff",
        "x-ms-client-request-id": "542e672b75674f04285885dc5d65c88a",
        "x-ms-correlation-request-id": "33469ffe-6518-4d48-8c4c-219c527c1735",
        "x-ms-ratelimit-remaining-subscription-reads": "14739",
        "x-ms-request-id": "44dc5f6c-d346-4456-9abf-3bfd716491d4",
        "x-ms-routing-request-id": "CENTRALUS:20230320T231547Z:33469ffe-6518-4d48-8c4c-219c527c1735",
        "X-MSEdge-Ref": "Ref A: B832A98DF483429FB8C77BA67B058A9D Ref B: STBEDGE0212 Ref C: 2023-03-20T23:15:47Z"
      },
      "ResponseBody": {
        "id": "/subscriptions/ce1bff77-08c1-4199-b7a5-52194a42b6ce/providers/Microsoft.Communication/locations/CENTRALUS/operationStatuses/3deaaafe-3d8b-4ae1-b891-86cb36d9d019*BF62A61BEC19520B9493A53B91354DE99B6D2B3B5E115555F2F5F38C899B87FC",
        "name": "3deaaafe-3d8b-4ae1-b891-86cb36d9d019*BF62A61BEC19520B9493A53B91354DE99B6D2B3B5E115555F2F5F38C899B87FC",
        "resourceId": "/subscriptions/ce1bff77-08c1-4199-b7a5-52194a42b6ce/resourceGroups/Communication-RG-5114/providers/Microsoft.Communication/emailServices/email-service-8141",
        "status": "Accepted",
        "startTime": "2023-03-20T23:15:45.639435Z"
      }
    },
    {
      "RequestUri": "https://api-dogfood.resources.windows-int.net/subscriptions/ce1bff77-08c1-4199-b7a5-52194a42b6ce/providers/Microsoft.Communication/locations/CENTRALUS/operationStatuses/3deaaafe-3d8b-4ae1-b891-86cb36d9d019*BF62A61BEC19520B9493A53B91354DE99B6D2B3B5E115555F2F5F38C899B87FC?api-version=2023-03-01-preview",
      "RequestMethod": "GET",
      "RequestHeaders": {
        "Authorization": "Sanitized",
        "traceparent": "00-fc4d0584e108e5317fdf4b26f11f4a22-031e109b320e67b7-00",
        "User-Agent": "azsdk-net-ResourceManager/1.4.0 (.NET 6.0.15; Microsoft Windows 10.0.22621)",
        "x-ms-client-request-id": "25e95b7573428acb3c7faa779180b512",
        "x-ms-return-client-request-id": "true"
      },
      "RequestBody": null,
      "StatusCode": 200,
      "ResponseHeaders": {
        "Cache-Control": "no-cache",
        "Content-Length": "578",
        "Content-Type": "application/json; charset=utf-8",
        "Date": "Mon, 20 Mar 2023 23:15:48 GMT",
        "ETag": "\u002226043316-0000-0700-0000-6418e9210000\u0022",
        "Expires": "-1",
        "Pragma": "no-cache",
        "Strict-Transport-Security": "max-age=31536000; includeSubDomains",
        "X-Cache": "CONFIG_NOCACHE",
        "X-Content-Type-Options": "nosniff",
        "x-ms-client-request-id": "25e95b7573428acb3c7faa779180b512",
        "x-ms-correlation-request-id": "3fa1140c-cbe4-4664-b9b3-2ed8d21182b7",
        "x-ms-ratelimit-remaining-subscription-reads": "14922",
        "x-ms-request-id": "cd4c36ca-733f-4b6c-a645-26572355abba",
        "x-ms-routing-request-id": "CENTRALUS:20230320T231548Z:3fa1140c-cbe4-4664-b9b3-2ed8d21182b7",
        "X-MSEdge-Ref": "Ref A: CF6A66AD19A049CCAD8A56071D525111 Ref B: STBEDGE0212 Ref C: 2023-03-20T23:15:48Z"
      },
      "ResponseBody": {
        "id": "/subscriptions/ce1bff77-08c1-4199-b7a5-52194a42b6ce/providers/Microsoft.Communication/locations/CENTRALUS/operationStatuses/3deaaafe-3d8b-4ae1-b891-86cb36d9d019*BF62A61BEC19520B9493A53B91354DE99B6D2B3B5E115555F2F5F38C899B87FC",
        "name": "3deaaafe-3d8b-4ae1-b891-86cb36d9d019*BF62A61BEC19520B9493A53B91354DE99B6D2B3B5E115555F2F5F38C899B87FC",
        "resourceId": "/subscriptions/ce1bff77-08c1-4199-b7a5-52194a42b6ce/resourceGroups/Communication-RG-5114/providers/Microsoft.Communication/emailServices/email-service-8141",
        "status": "Accepted",
        "startTime": "2023-03-20T23:15:45.639435Z"
      }
    },
    {
      "RequestUri": "https://api-dogfood.resources.windows-int.net/subscriptions/ce1bff77-08c1-4199-b7a5-52194a42b6ce/providers/Microsoft.Communication/locations/CENTRALUS/operationStatuses/3deaaafe-3d8b-4ae1-b891-86cb36d9d019*BF62A61BEC19520B9493A53B91354DE99B6D2B3B5E115555F2F5F38C899B87FC?api-version=2023-03-01-preview",
      "RequestMethod": "GET",
      "RequestHeaders": {
        "Authorization": "Sanitized",
        "traceparent": "00-fc4d0584e108e5317fdf4b26f11f4a22-af85955b3df43a78-00",
        "User-Agent": "azsdk-net-ResourceManager/1.4.0 (.NET 6.0.15; Microsoft Windows 10.0.22621)",
        "x-ms-client-request-id": "09ce49aadccef7786ecba4318473ec0b",
        "x-ms-return-client-request-id": "true"
      },
      "RequestBody": null,
      "StatusCode": 200,
      "ResponseHeaders": {
        "Cache-Control": "no-cache",
        "Content-Length": "578",
        "Content-Type": "application/json; charset=utf-8",
        "Date": "Mon, 20 Mar 2023 23:15:49 GMT",
        "ETag": "\u002226043316-0000-0700-0000-6418e9210000\u0022",
        "Expires": "-1",
        "Pragma": "no-cache",
        "Strict-Transport-Security": "max-age=31536000; includeSubDomains",
        "X-Cache": "CONFIG_NOCACHE",
        "X-Content-Type-Options": "nosniff",
        "x-ms-client-request-id": "09ce49aadccef7786ecba4318473ec0b",
        "x-ms-correlation-request-id": "aff7041a-fbbc-4986-bba2-9dbf75fe6452",
        "x-ms-ratelimit-remaining-subscription-reads": "14920",
        "x-ms-request-id": "5b6007e7-018f-4a68-92c5-65407faa288e",
        "x-ms-routing-request-id": "CENTRALUS:20230320T231549Z:aff7041a-fbbc-4986-bba2-9dbf75fe6452",
        "X-MSEdge-Ref": "Ref A: A59A88FAF870494FB7335224C54C3F8F Ref B: STBEDGE0212 Ref C: 2023-03-20T23:15:49Z"
      },
      "ResponseBody": {
        "id": "/subscriptions/ce1bff77-08c1-4199-b7a5-52194a42b6ce/providers/Microsoft.Communication/locations/CENTRALUS/operationStatuses/3deaaafe-3d8b-4ae1-b891-86cb36d9d019*BF62A61BEC19520B9493A53B91354DE99B6D2B3B5E115555F2F5F38C899B87FC",
        "name": "3deaaafe-3d8b-4ae1-b891-86cb36d9d019*BF62A61BEC19520B9493A53B91354DE99B6D2B3B5E115555F2F5F38C899B87FC",
        "resourceId": "/subscriptions/ce1bff77-08c1-4199-b7a5-52194a42b6ce/resourceGroups/Communication-RG-5114/providers/Microsoft.Communication/emailServices/email-service-8141",
        "status": "Accepted",
        "startTime": "2023-03-20T23:15:45.639435Z"
      }
    },
    {
      "RequestUri": "https://api-dogfood.resources.windows-int.net/subscriptions/ce1bff77-08c1-4199-b7a5-52194a42b6ce/providers/Microsoft.Communication/locations/CENTRALUS/operationStatuses/3deaaafe-3d8b-4ae1-b891-86cb36d9d019*BF62A61BEC19520B9493A53B91354DE99B6D2B3B5E115555F2F5F38C899B87FC?api-version=2023-03-01-preview",
      "RequestMethod": "GET",
      "RequestHeaders": {
        "Authorization": "Sanitized",
        "traceparent": "00-fc4d0584e108e5317fdf4b26f11f4a22-593ef7cfe533475e-00",
        "User-Agent": "azsdk-net-ResourceManager/1.4.0 (.NET 6.0.15; Microsoft Windows 10.0.22621)",
        "x-ms-client-request-id": "9113269c4bdbb7099ca318e8ca8cbda7",
        "x-ms-return-client-request-id": "true"
      },
      "RequestBody": null,
      "StatusCode": 200,
      "ResponseHeaders": {
        "Cache-Control": "no-cache",
        "Content-Length": "578",
        "Content-Type": "application/json; charset=utf-8",
        "Date": "Mon, 20 Mar 2023 23:15:51 GMT",
        "ETag": "\u002226043316-0000-0700-0000-6418e9210000\u0022",
        "Expires": "-1",
        "Pragma": "no-cache",
        "Strict-Transport-Security": "max-age=31536000; includeSubDomains",
        "X-Cache": "CONFIG_NOCACHE",
        "X-Content-Type-Options": "nosniff",
        "x-ms-client-request-id": "9113269c4bdbb7099ca318e8ca8cbda7",
        "x-ms-correlation-request-id": "8b5dd664-0b05-4ddc-b37a-95da04922bfc",
        "x-ms-ratelimit-remaining-subscription-reads": "14738",
        "x-ms-request-id": "bee857ac-5d9b-4c0a-893c-2adbd53213ce",
        "x-ms-routing-request-id": "CENTRALUS:20230320T231551Z:8b5dd664-0b05-4ddc-b37a-95da04922bfc",
        "X-MSEdge-Ref": "Ref A: A9F4BEEA46B3499CB0D9E3B23F417D1C Ref B: STBEDGE0212 Ref C: 2023-03-20T23:15:51Z"
      },
      "ResponseBody": {
        "id": "/subscriptions/ce1bff77-08c1-4199-b7a5-52194a42b6ce/providers/Microsoft.Communication/locations/CENTRALUS/operationStatuses/3deaaafe-3d8b-4ae1-b891-86cb36d9d019*BF62A61BEC19520B9493A53B91354DE99B6D2B3B5E115555F2F5F38C899B87FC",
        "name": "3deaaafe-3d8b-4ae1-b891-86cb36d9d019*BF62A61BEC19520B9493A53B91354DE99B6D2B3B5E115555F2F5F38C899B87FC",
        "resourceId": "/subscriptions/ce1bff77-08c1-4199-b7a5-52194a42b6ce/resourceGroups/Communication-RG-5114/providers/Microsoft.Communication/emailServices/email-service-8141",
        "status": "Accepted",
        "startTime": "2023-03-20T23:15:45.639435Z"
      }
    },
    {
      "RequestUri": "https://api-dogfood.resources.windows-int.net/subscriptions/ce1bff77-08c1-4199-b7a5-52194a42b6ce/providers/Microsoft.Communication/locations/CENTRALUS/operationStatuses/3deaaafe-3d8b-4ae1-b891-86cb36d9d019*BF62A61BEC19520B9493A53B91354DE99B6D2B3B5E115555F2F5F38C899B87FC?api-version=2023-03-01-preview",
      "RequestMethod": "GET",
      "RequestHeaders": {
        "Authorization": "Sanitized",
        "traceparent": "00-fc4d0584e108e5317fdf4b26f11f4a22-6aa5e2d0cbf293bc-00",
        "User-Agent": "azsdk-net-ResourceManager/1.4.0 (.NET 6.0.15; Microsoft Windows 10.0.22621)",
        "x-ms-client-request-id": "143173a2be9699bbe2f2b776ce9a06c8",
        "x-ms-return-client-request-id": "true"
      },
      "RequestBody": null,
      "StatusCode": 200,
      "ResponseHeaders": {
        "Cache-Control": "no-cache",
        "Content-Length": "578",
        "Content-Type": "application/json; charset=utf-8",
        "Date": "Mon, 20 Mar 2023 23:15:55 GMT",
        "ETag": "\u002226043316-0000-0700-0000-6418e9210000\u0022",
        "Expires": "-1",
        "Pragma": "no-cache",
        "Strict-Transport-Security": "max-age=31536000; includeSubDomains",
        "X-Cache": "CONFIG_NOCACHE",
        "X-Content-Type-Options": "nosniff",
        "x-ms-client-request-id": "143173a2be9699bbe2f2b776ce9a06c8",
        "x-ms-correlation-request-id": "555bff2d-e888-42b6-b4de-13cda6672daf",
        "x-ms-ratelimit-remaining-subscription-reads": "14737",
        "x-ms-request-id": "4ef848e6-1570-434b-959c-2a492b102931",
        "x-ms-routing-request-id": "CENTRALUS:20230320T231555Z:555bff2d-e888-42b6-b4de-13cda6672daf",
        "X-MSEdge-Ref": "Ref A: FA0D923A655F40EB9CF334BD0808E4EB Ref B: STBEDGE0212 Ref C: 2023-03-20T23:15:55Z"
      },
      "ResponseBody": {
        "id": "/subscriptions/ce1bff77-08c1-4199-b7a5-52194a42b6ce/providers/Microsoft.Communication/locations/CENTRALUS/operationStatuses/3deaaafe-3d8b-4ae1-b891-86cb36d9d019*BF62A61BEC19520B9493A53B91354DE99B6D2B3B5E115555F2F5F38C899B87FC",
        "name": "3deaaafe-3d8b-4ae1-b891-86cb36d9d019*BF62A61BEC19520B9493A53B91354DE99B6D2B3B5E115555F2F5F38C899B87FC",
        "resourceId": "/subscriptions/ce1bff77-08c1-4199-b7a5-52194a42b6ce/resourceGroups/Communication-RG-5114/providers/Microsoft.Communication/emailServices/email-service-8141",
        "status": "Accepted",
        "startTime": "2023-03-20T23:15:45.639435Z"
      }
    },
    {
      "RequestUri": "https://api-dogfood.resources.windows-int.net/subscriptions/ce1bff77-08c1-4199-b7a5-52194a42b6ce/providers/Microsoft.Communication/locations/CENTRALUS/operationStatuses/3deaaafe-3d8b-4ae1-b891-86cb36d9d019*BF62A61BEC19520B9493A53B91354DE99B6D2B3B5E115555F2F5F38C899B87FC?api-version=2023-03-01-preview",
      "RequestMethod": "GET",
      "RequestHeaders": {
        "Authorization": "Sanitized",
        "traceparent": "00-fc4d0584e108e5317fdf4b26f11f4a22-9556f0c9108568f3-00",
        "User-Agent": "azsdk-net-ResourceManager/1.4.0 (.NET 6.0.15; Microsoft Windows 10.0.22621)",
        "x-ms-client-request-id": "6bdb9f92236c5f3640166d2bc4902ce1",
        "x-ms-return-client-request-id": "true"
      },
      "RequestBody": null,
      "StatusCode": 200,
      "ResponseHeaders": {
        "Cache-Control": "no-cache",
        "Content-Length": "578",
        "Content-Type": "application/json; charset=utf-8",
        "Date": "Mon, 20 Mar 2023 23:16:04 GMT",
        "ETag": "\u002226043316-0000-0700-0000-6418e9210000\u0022",
        "Expires": "-1",
        "Pragma": "no-cache",
        "Strict-Transport-Security": "max-age=31536000; includeSubDomains",
        "X-Cache": "CONFIG_NOCACHE",
        "X-Content-Type-Options": "nosniff",
        "x-ms-client-request-id": "6bdb9f92236c5f3640166d2bc4902ce1",
        "x-ms-correlation-request-id": "2a1590ec-14e9-4701-a9bb-0dfe6abebca0",
        "x-ms-ratelimit-remaining-subscription-reads": "14736",
        "x-ms-request-id": "8d978154-07d1-4dcd-98f3-960a109933c5",
        "x-ms-routing-request-id": "CENTRALUS:20230320T231604Z:2a1590ec-14e9-4701-a9bb-0dfe6abebca0",
        "X-MSEdge-Ref": "Ref A: B18AB574721A4E4AB973AF3A4D488365 Ref B: STBEDGE0212 Ref C: 2023-03-20T23:16:04Z"
      },
      "ResponseBody": {
        "id": "/subscriptions/ce1bff77-08c1-4199-b7a5-52194a42b6ce/providers/Microsoft.Communication/locations/CENTRALUS/operationStatuses/3deaaafe-3d8b-4ae1-b891-86cb36d9d019*BF62A61BEC19520B9493A53B91354DE99B6D2B3B5E115555F2F5F38C899B87FC",
        "name": "3deaaafe-3d8b-4ae1-b891-86cb36d9d019*BF62A61BEC19520B9493A53B91354DE99B6D2B3B5E115555F2F5F38C899B87FC",
        "resourceId": "/subscriptions/ce1bff77-08c1-4199-b7a5-52194a42b6ce/resourceGroups/Communication-RG-5114/providers/Microsoft.Communication/emailServices/email-service-8141",
        "status": "Accepted",
        "startTime": "2023-03-20T23:15:45.639435Z"
      }
    },
    {
      "RequestUri": "https://api-dogfood.resources.windows-int.net/subscriptions/ce1bff77-08c1-4199-b7a5-52194a42b6ce/providers/Microsoft.Communication/locations/CENTRALUS/operationStatuses/3deaaafe-3d8b-4ae1-b891-86cb36d9d019*BF62A61BEC19520B9493A53B91354DE99B6D2B3B5E115555F2F5F38C899B87FC?api-version=2023-03-01-preview",
      "RequestMethod": "GET",
      "RequestHeaders": {
        "Authorization": "Sanitized",
        "traceparent": "00-fc4d0584e108e5317fdf4b26f11f4a22-fb67a5ea0f653a9c-00",
        "User-Agent": "azsdk-net-ResourceManager/1.4.0 (.NET 6.0.15; Microsoft Windows 10.0.22621)",
        "x-ms-client-request-id": "108efc0dd841dd746a7aafe99392e901",
        "x-ms-return-client-request-id": "true"
      },
      "RequestBody": null,
      "StatusCode": 200,
      "ResponseHeaders": {
        "Cache-Control": "no-cache",
        "Content-Length": "578",
        "Content-Type": "application/json; charset=utf-8",
        "Date": "Mon, 20 Mar 2023 23:16:20 GMT",
        "ETag": "\u002226043316-0000-0700-0000-6418e9210000\u0022",
        "Expires": "-1",
        "Pragma": "no-cache",
        "Strict-Transport-Security": "max-age=31536000; includeSubDomains",
        "X-Cache": "CONFIG_NOCACHE",
        "X-Content-Type-Options": "nosniff",
        "x-ms-client-request-id": "108efc0dd841dd746a7aafe99392e901",
        "x-ms-correlation-request-id": "4899273d-0013-4aa3-8736-75f0f78a6da8",
        "x-ms-ratelimit-remaining-subscription-reads": "14735",
        "x-ms-request-id": "6960f418-792c-46f7-8a3a-3c03adbe04d3",
        "x-ms-routing-request-id": "CENTRALUS:20230320T231620Z:4899273d-0013-4aa3-8736-75f0f78a6da8",
        "X-MSEdge-Ref": "Ref A: 7AF15725D6344E929EF223C06630104F Ref B: STBEDGE0212 Ref C: 2023-03-20T23:16:20Z"
      },
      "ResponseBody": {
        "id": "/subscriptions/ce1bff77-08c1-4199-b7a5-52194a42b6ce/providers/Microsoft.Communication/locations/CENTRALUS/operationStatuses/3deaaafe-3d8b-4ae1-b891-86cb36d9d019*BF62A61BEC19520B9493A53B91354DE99B6D2B3B5E115555F2F5F38C899B87FC",
        "name": "3deaaafe-3d8b-4ae1-b891-86cb36d9d019*BF62A61BEC19520B9493A53B91354DE99B6D2B3B5E115555F2F5F38C899B87FC",
        "resourceId": "/subscriptions/ce1bff77-08c1-4199-b7a5-52194a42b6ce/resourceGroups/Communication-RG-5114/providers/Microsoft.Communication/emailServices/email-service-8141",
        "status": "Accepted",
        "startTime": "2023-03-20T23:15:45.639435Z"
      }
    },
    {
      "RequestUri": "https://api-dogfood.resources.windows-int.net/subscriptions/ce1bff77-08c1-4199-b7a5-52194a42b6ce/providers/Microsoft.Communication/locations/CENTRALUS/operationStatuses/3deaaafe-3d8b-4ae1-b891-86cb36d9d019*BF62A61BEC19520B9493A53B91354DE99B6D2B3B5E115555F2F5F38C899B87FC?api-version=2023-03-01-preview",
      "RequestMethod": "GET",
      "RequestHeaders": {
        "Authorization": "Sanitized",
        "traceparent": "00-fc4d0584e108e5317fdf4b26f11f4a22-f37f445babbbfdd6-00",
        "User-Agent": "azsdk-net-ResourceManager/1.4.0 (.NET 6.0.15; Microsoft Windows 10.0.22621)",
        "x-ms-client-request-id": "2b554f9c52b17e3b3cd2d47f5090d451",
        "x-ms-return-client-request-id": "true"
      },
      "RequestBody": null,
      "StatusCode": 200,
      "ResponseHeaders": {
        "Cache-Control": "no-cache",
        "Content-Length": "597",
        "Content-Type": "application/json; charset=utf-8",
        "Date": "Mon, 20 Mar 2023 23:16:53 GMT",
        "ETag": "\u002226047e20-0000-0700-0000-6418e9630000\u0022",
        "Expires": "-1",
        "Pragma": "no-cache",
        "Strict-Transport-Security": "max-age=31536000; includeSubDomains",
        "X-Cache": "CONFIG_NOCACHE",
        "X-Content-Type-Options": "nosniff",
        "x-ms-client-request-id": "2b554f9c52b17e3b3cd2d47f5090d451",
        "x-ms-correlation-request-id": "e8b8c880-3012-4cab-b88b-a84d46fee30e",
        "x-ms-ratelimit-remaining-subscription-reads": "14734",
        "x-ms-request-id": "44f83620-5d52-477d-954c-ac7cc0289842",
        "x-ms-routing-request-id": "CENTRALUS:20230320T231653Z:e8b8c880-3012-4cab-b88b-a84d46fee30e",
        "X-MSEdge-Ref": "Ref A: B068911FEE4043AFA1E3F17E8EDBF16B Ref B: STBEDGE0212 Ref C: 2023-03-20T23:16:52Z"
      },
      "ResponseBody": {
        "id": "/subscriptions/ce1bff77-08c1-4199-b7a5-52194a42b6ce/providers/Microsoft.Communication/locations/CENTRALUS/operationStatuses/3deaaafe-3d8b-4ae1-b891-86cb36d9d019*BF62A61BEC19520B9493A53B91354DE99B6D2B3B5E115555F2F5F38C899B87FC",
        "name": "3deaaafe-3d8b-4ae1-b891-86cb36d9d019*BF62A61BEC19520B9493A53B91354DE99B6D2B3B5E115555F2F5F38C899B87FC",
        "resourceId": "/subscriptions/ce1bff77-08c1-4199-b7a5-52194a42b6ce/resourceGroups/Communication-RG-5114/providers/Microsoft.Communication/emailServices/email-service-8141",
        "status": "Succeeded",
        "startTime": "2023-03-20T23:15:45.639435Z",
        "properties": null
      }
    },
    {
      "RequestUri": "https://api-dogfood.resources.windows-int.net/subscriptions/ce1bff77-08c1-4199-b7a5-52194a42b6ce/resourceGroups/Communication-RG-5114/providers/Microsoft.Communication/emailServices/email-service-8141?api-version=2023-03-01-preview",
      "RequestMethod": "GET",
      "RequestHeaders": {
        "Authorization": "Sanitized",
        "traceparent": "00-fc4d0584e108e5317fdf4b26f11f4a22-59b534aab2f6da17-00",
        "User-Agent": "azsdk-net-ResourceManager/1.4.0 (.NET 6.0.15; Microsoft Windows 10.0.22621)",
        "x-ms-client-request-id": "d168d6c5f60bb9872afd01f1744dcbad",
        "x-ms-return-client-request-id": "true"
      },
      "RequestBody": null,
      "StatusCode": 200,
      "ResponseHeaders": {
        "Cache-Control": "no-cache",
        "Content-Length": "624",
        "Content-Type": "application/json; charset=utf-8",
        "Date": "Mon, 20 Mar 2023 23:16:53 GMT",
        "ETag": "\u00226101976f-0000-0700-0000-6418e9270000\u0022",
        "Expires": "-1",
        "Pragma": "no-cache",
        "Strict-Transport-Security": "max-age=31536000; includeSubDomains",
        "X-Cache": "CONFIG_NOCACHE",
        "X-Content-Type-Options": "nosniff",
        "x-ms-client-request-id": "d168d6c5f60bb9872afd01f1744dcbad",
        "x-ms-correlation-request-id": "4d870c66-82b3-4a00-ae8e-ff1108f2164b",
        "x-ms-providerhub-traffic": "True",
        "x-ms-ratelimit-remaining-subscription-reads": "14733",
        "x-ms-request-id": "ab6ab7a5-49cb-4a9a-83e2-9130f3bd133f",
        "x-ms-routing-request-id": "CENTRALUS:20230320T231653Z:4d870c66-82b3-4a00-ae8e-ff1108f2164b",
        "X-MSEdge-Ref": "Ref A: C5945A69C7824FAA8549E1393A5ABD66 Ref B: STBEDGE0212 Ref C: 2023-03-20T23:16:53Z"
      },
      "ResponseBody": {
        "id": "/subscriptions/ce1bff77-08c1-4199-b7a5-52194a42b6ce/resourceGroups/Communication-RG-5114/providers/Microsoft.Communication/emailServices/email-service-8141",
        "name": "email-service-8141",
        "type": "microsoft.communication/emailservices",
        "location": "global",
        "tags": {},
        "systemData": {
          "createdBy": "dd5e080b-9821-4976-9ab1-c95d8cc8eafa",
          "createdByType": "Application",
          "createdAt": "2023-03-20T23:15:45.5310308Z",
          "lastModifiedBy": "dd5e080b-9821-4976-9ab1-c95d8cc8eafa",
          "lastModifiedByType": "Application",
          "lastModifiedAt": "2023-03-20T23:15:45.5310308Z"
        },
        "properties": {
          "provisioningState": "Succeeded",
          "dataLocation": "UnitedStates"
        }
      }
    },
    {
      "RequestUri": "https://api-dogfood.resources.windows-int.net/subscriptions/ce1bff77-08c1-4199-b7a5-52194a42b6ce/resourceGroups/Communication-RG-5114/providers/Microsoft.Communication/emailServices?api-version=2023-03-01-preview",
      "RequestMethod": "GET",
      "RequestHeaders": {
        "Accept": "application/json",
        "Authorization": "Sanitized",
        "User-Agent": "azsdk-net-ResourceManager.Communication/1.1.0-alpha.20230320.1 (.NET 6.0.15; Microsoft Windows 10.0.22621)",
        "x-ms-client-request-id": "758f6c2d013abb2fc10fd36f04f58dda",
        "x-ms-return-client-request-id": "true"
      },
      "RequestBody": null,
      "StatusCode": 200,
      "ResponseHeaders": {
        "Cache-Control": "no-cache",
        "Content-Length": "636",
        "Content-Type": "application/json; charset=utf-8",
        "Date": "Mon, 20 Mar 2023 23:16:53 GMT",
        "Expires": "-1",
        "Pragma": "no-cache",
        "Strict-Transport-Security": "max-age=31536000; includeSubDomains",
        "X-Cache": "CONFIG_NOCACHE",
        "X-Content-Type-Options": "nosniff",
        "x-ms-client-request-id": "758f6c2d013abb2fc10fd36f04f58dda",
        "x-ms-correlation-request-id": "072bc6fe-5d28-482e-884d-658927f61bbd",
        "x-ms-providerhub-traffic": "True",
        "x-ms-ratelimit-remaining-subscription-reads": "14732",
        "x-ms-request-id": "c5440f83-9579-4414-ab02-e9d5eebcc933",
        "x-ms-routing-request-id": "CENTRALUS:20230320T231653Z:072bc6fe-5d28-482e-884d-658927f61bbd",
        "X-MSEdge-Ref": "Ref A: B9EDEE8C617F4F16BDF0D2F970DCC3F9 Ref B: STBEDGE0212 Ref C: 2023-03-20T23:16:53Z"
      },
      "ResponseBody": {
        "value": [
          {
            "id": "/subscriptions/ce1bff77-08c1-4199-b7a5-52194a42b6ce/resourceGroups/Communication-RG-5114/providers/Microsoft.Communication/emailServices/email-service-8141",
            "name": "email-service-8141",
            "type": "microsoft.communication/emailservices",
            "location": "global",
            "tags": {},
            "systemData": {
              "createdBy": "dd5e080b-9821-4976-9ab1-c95d8cc8eafa",
              "createdByType": "Application",
              "createdAt": "2023-03-20T23:15:45.5310308Z",
              "lastModifiedBy": "dd5e080b-9821-4976-9ab1-c95d8cc8eafa",
              "lastModifiedByType": "Application",
              "lastModifiedAt": "2023-03-20T23:15:45.5310308Z"
            },
            "properties": {
              "provisioningState": "Succeeded",
              "dataLocation": "UnitedStates"
            }
          }
        ]
      }
    },
    {
      "RequestUri": "https://api-dogfood.resources.windows-int.net/subscriptions/ce1bff77-08c1-4199-b7a5-52194a42b6ce/resourceGroups/Communication-RG-5114/providers/Microsoft.Communication/emailServices/email-service-8141?api-version=2023-03-01-preview",
      "RequestMethod": "DELETE",
      "RequestHeaders": {
        "Accept": "application/json",
        "Authorization": "Sanitized",
        "traceparent": "00-9848ddc192d33211b26bf1dcb89f4f5c-fabb390bce6f6c2f-00",
        "User-Agent": "azsdk-net-ResourceManager.Communication/1.1.0-alpha.20230320.1 (.NET 6.0.15; Microsoft Windows 10.0.22621)",
        "x-ms-client-request-id": "bd235da6172aa5f5c79c01b451490aee",
        "x-ms-return-client-request-id": "true"
      },
      "RequestBody": null,
      "StatusCode": 202,
      "ResponseHeaders": {
        "Azure-AsyncNotification": "Enabled",
        "Azure-AsyncOperation": "https://api-dogfood.resources.windows-int.net/subscriptions/ce1bff77-08c1-4199-b7a5-52194a42b6ce/providers/Microsoft.Communication/locations/CENTRALUS/operationStatuses/ea8f2389-50d9-4ded-a94a-15eedf2604a5*BF62A61BEC19520B9493A53B91354DE99B6D2B3B5E115555F2F5F38C899B87FC?api-version=2023-03-01-preview",
        "Cache-Control": "no-cache",
        "Content-Length": "4",
        "Content-Type": "application/json; charset=utf-8",
        "Date": "Mon, 20 Mar 2023 23:16:54 GMT",
        "ETag": "\u002261019878-0000-0700-0000-6418e9660000\u0022",
        "Expires": "-1",
        "Location": "https://api-dogfood.resources.windows-int.net/subscriptions/ce1bff77-08c1-4199-b7a5-52194a42b6ce/providers/Microsoft.Communication/locations/CENTRALUS/operationStatuses/ea8f2389-50d9-4ded-a94a-15eedf2604a5*BF62A61BEC19520B9493A53B91354DE99B6D2B3B5E115555F2F5F38C899B87FC?api-version=2023-03-01-preview",
        "Pragma": "no-cache",
        "Strict-Transport-Security": "max-age=31536000; includeSubDomains",
        "X-Cache": "CONFIG_NOCACHE",
        "X-Content-Type-Options": "nosniff",
        "x-ms-client-request-id": "bd235da6172aa5f5c79c01b451490aee",
        "x-ms-correlation-request-id": "1fbf385c-3717-4f0a-962c-8b9baf779033",
        "x-ms-providerhub-traffic": "True",
        "x-ms-ratelimit-remaining-subscription-deletes": "14995",
        "x-ms-request-id": "ea8f2389-50d9-4ded-a94a-15eedf2604a5",
        "x-ms-resource-provider-hint": "noPolling",
        "x-ms-routing-request-id": "CENTRALUS:20230320T231654Z:1fbf385c-3717-4f0a-962c-8b9baf779033",
        "X-MSEdge-Ref": "Ref A: E91A3CC38C48434688A2CC659B9FC4EE Ref B: STBEDGE0212 Ref C: 2023-03-20T23:16:54Z"
      },
      "ResponseBody": "null"
    },
    {
      "RequestUri": "https://api-dogfood.resources.windows-int.net/subscriptions/ce1bff77-08c1-4199-b7a5-52194a42b6ce/providers/Microsoft.Communication/locations/CENTRALUS/operationStatuses/ea8f2389-50d9-4ded-a94a-15eedf2604a5*BF62A61BEC19520B9493A53B91354DE99B6D2B3B5E115555F2F5F38C899B87FC?api-version=2023-03-01-preview",
      "RequestMethod": "GET",
      "RequestHeaders": {
        "Authorization": "Sanitized",
        "traceparent": "00-9848ddc192d33211b26bf1dcb89f4f5c-1850a0719d5c8e16-00",
        "User-Agent": "azsdk-net-ResourceManager/1.4.0 (.NET 6.0.15; Microsoft Windows 10.0.22621)",
        "x-ms-client-request-id": "164b266f0d2a158376e9ad9e007a6a77",
        "x-ms-return-client-request-id": "true"
      },
      "RequestBody": null,
      "StatusCode": 202,
      "ResponseHeaders": {
        "Cache-Control": "no-cache",
        "Content-Length": "579",
        "Content-Type": "application/json; charset=utf-8",
        "Date": "Mon, 20 Mar 2023 23:16:54 GMT",
        "ETag": "\u00222604e720-0000-0700-0000-6418e9660000\u0022",
        "Expires": "-1",
        "Pragma": "no-cache",
        "Strict-Transport-Security": "max-age=31536000; includeSubDomains",
        "X-Cache": "CONFIG_NOCACHE",
        "X-Content-Type-Options": "nosniff",
        "x-ms-client-request-id": "164b266f0d2a158376e9ad9e007a6a77",
        "x-ms-correlation-request-id": "ff58f88f-25b3-4eb8-a166-a0625275e3af",
        "x-ms-ratelimit-remaining-subscription-reads": "14731",
        "x-ms-request-id": "ab8790b5-0eb6-4a2f-9b4c-5f1bcbe2932d",
        "x-ms-routing-request-id": "CENTRALUS:20230320T231654Z:ff58f88f-25b3-4eb8-a166-a0625275e3af",
        "X-MSEdge-Ref": "Ref A: 11B2EC24605149949994D16A4EC6BF11 Ref B: STBEDGE0212 Ref C: 2023-03-20T23:16:54Z"
      },
      "ResponseBody": {
        "id": "/subscriptions/ce1bff77-08c1-4199-b7a5-52194a42b6ce/providers/Microsoft.Communication/locations/CENTRALUS/operationStatuses/ea8f2389-50d9-4ded-a94a-15eedf2604a5*BF62A61BEC19520B9493A53B91354DE99B6D2B3B5E115555F2F5F38C899B87FC",
        "name": "ea8f2389-50d9-4ded-a94a-15eedf2604a5*BF62A61BEC19520B9493A53B91354DE99B6D2B3B5E115555F2F5F38C899B87FC",
        "resourceId": "/subscriptions/ce1bff77-08c1-4199-b7a5-52194a42b6ce/resourceGroups/Communication-RG-5114/providers/Microsoft.Communication/emailServices/email-service-8141",
        "status": "Deleting",
        "startTime": "2023-03-20T23:16:54.2300713Z"
      }
    },
    {
      "RequestUri": "https://api-dogfood.resources.windows-int.net/subscriptions/ce1bff77-08c1-4199-b7a5-52194a42b6ce/providers/Microsoft.Communication/locations/CENTRALUS/operationStatuses/ea8f2389-50d9-4ded-a94a-15eedf2604a5*BF62A61BEC19520B9493A53B91354DE99B6D2B3B5E115555F2F5F38C899B87FC?api-version=2023-03-01-preview",
      "RequestMethod": "GET",
      "RequestHeaders": {
        "Authorization": "Sanitized",
        "traceparent": "00-9848ddc192d33211b26bf1dcb89f4f5c-d5eeac1463e6206a-00",
        "User-Agent": "azsdk-net-ResourceManager/1.4.0 (.NET 6.0.15; Microsoft Windows 10.0.22621)",
        "x-ms-client-request-id": "dd67e404a9a347d9465e167d07f982af",
        "x-ms-return-client-request-id": "true"
      },
      "RequestBody": null,
      "StatusCode": 202,
      "ResponseHeaders": {
        "Cache-Control": "no-cache",
        "Content-Length": "579",
        "Content-Type": "application/json; charset=utf-8",
        "Date": "Mon, 20 Mar 2023 23:16:55 GMT",
        "ETag": "\u00222604e720-0000-0700-0000-6418e9660000\u0022",
        "Expires": "-1",
        "Pragma": "no-cache",
        "Strict-Transport-Security": "max-age=31536000; includeSubDomains",
        "X-Cache": "CONFIG_NOCACHE",
        "X-Content-Type-Options": "nosniff",
        "x-ms-client-request-id": "dd67e404a9a347d9465e167d07f982af",
        "x-ms-correlation-request-id": "312d5e89-0a68-40fd-881f-43c5e0468118",
        "x-ms-ratelimit-remaining-subscription-reads": "14916",
        "x-ms-request-id": "112be5b9-41f7-4069-897b-ecb19cd83e39",
        "x-ms-routing-request-id": "CENTRALUS:20230320T231655Z:312d5e89-0a68-40fd-881f-43c5e0468118",
        "X-MSEdge-Ref": "Ref A: D064D5A492B24A34891D9305F194C3C0 Ref B: STBEDGE0212 Ref C: 2023-03-20T23:16:55Z"
      },
      "ResponseBody": {
        "id": "/subscriptions/ce1bff77-08c1-4199-b7a5-52194a42b6ce/providers/Microsoft.Communication/locations/CENTRALUS/operationStatuses/ea8f2389-50d9-4ded-a94a-15eedf2604a5*BF62A61BEC19520B9493A53B91354DE99B6D2B3B5E115555F2F5F38C899B87FC",
        "name": "ea8f2389-50d9-4ded-a94a-15eedf2604a5*BF62A61BEC19520B9493A53B91354DE99B6D2B3B5E115555F2F5F38C899B87FC",
        "resourceId": "/subscriptions/ce1bff77-08c1-4199-b7a5-52194a42b6ce/resourceGroups/Communication-RG-5114/providers/Microsoft.Communication/emailServices/email-service-8141",
        "status": "Deleting",
        "startTime": "2023-03-20T23:16:54.2300713Z"
      }
    },
    {
      "RequestUri": "https://api-dogfood.resources.windows-int.net/subscriptions/ce1bff77-08c1-4199-b7a5-52194a42b6ce/providers/Microsoft.Communication/locations/CENTRALUS/operationStatuses/ea8f2389-50d9-4ded-a94a-15eedf2604a5*BF62A61BEC19520B9493A53B91354DE99B6D2B3B5E115555F2F5F38C899B87FC?api-version=2023-03-01-preview",
      "RequestMethod": "GET",
      "RequestHeaders": {
        "Authorization": "Sanitized",
        "traceparent": "00-9848ddc192d33211b26bf1dcb89f4f5c-bdda1ced6a893cb8-00",
        "User-Agent": "azsdk-net-ResourceManager/1.4.0 (.NET 6.0.15; Microsoft Windows 10.0.22621)",
        "x-ms-client-request-id": "2a45cce6f3fefac4a33c6e16b178c42c",
        "x-ms-return-client-request-id": "true"
      },
      "RequestBody": null,
      "StatusCode": 202,
      "ResponseHeaders": {
        "Cache-Control": "no-cache",
        "Content-Length": "579",
        "Content-Type": "application/json; charset=utf-8",
        "Date": "Mon, 20 Mar 2023 23:16:57 GMT",
        "ETag": "\u00222604e720-0000-0700-0000-6418e9660000\u0022",
        "Expires": "-1",
        "Pragma": "no-cache",
        "Strict-Transport-Security": "max-age=31536000; includeSubDomains",
        "X-Cache": "CONFIG_NOCACHE",
        "X-Content-Type-Options": "nosniff",
        "x-ms-client-request-id": "2a45cce6f3fefac4a33c6e16b178c42c",
        "x-ms-correlation-request-id": "6813d1fb-a191-40f2-aaf4-8833fa121562",
        "x-ms-ratelimit-remaining-subscription-reads": "14730",
        "x-ms-request-id": "87dfd93f-e546-4302-ba42-f7e18c0196ff",
        "x-ms-routing-request-id": "CENTRALUS:20230320T231657Z:6813d1fb-a191-40f2-aaf4-8833fa121562",
        "X-MSEdge-Ref": "Ref A: F653E13108E047E9961327F7C0764889 Ref B: STBEDGE0212 Ref C: 2023-03-20T23:16:56Z"
      },
      "ResponseBody": {
        "id": "/subscriptions/ce1bff77-08c1-4199-b7a5-52194a42b6ce/providers/Microsoft.Communication/locations/CENTRALUS/operationStatuses/ea8f2389-50d9-4ded-a94a-15eedf2604a5*BF62A61BEC19520B9493A53B91354DE99B6D2B3B5E115555F2F5F38C899B87FC",
        "name": "ea8f2389-50d9-4ded-a94a-15eedf2604a5*BF62A61BEC19520B9493A53B91354DE99B6D2B3B5E115555F2F5F38C899B87FC",
        "resourceId": "/subscriptions/ce1bff77-08c1-4199-b7a5-52194a42b6ce/resourceGroups/Communication-RG-5114/providers/Microsoft.Communication/emailServices/email-service-8141",
        "status": "Deleting",
        "startTime": "2023-03-20T23:16:54.2300713Z"
      }
    },
    {
      "RequestUri": "https://api-dogfood.resources.windows-int.net/subscriptions/ce1bff77-08c1-4199-b7a5-52194a42b6ce/providers/Microsoft.Communication/locations/CENTRALUS/operationStatuses/ea8f2389-50d9-4ded-a94a-15eedf2604a5*BF62A61BEC19520B9493A53B91354DE99B6D2B3B5E115555F2F5F38C899B87FC?api-version=2023-03-01-preview",
      "RequestMethod": "GET",
      "RequestHeaders": {
        "Authorization": "Sanitized",
        "traceparent": "00-9848ddc192d33211b26bf1dcb89f4f5c-e036b4c4cea7e2b5-00",
        "User-Agent": "azsdk-net-ResourceManager/1.4.0 (.NET 6.0.15; Microsoft Windows 10.0.22621)",
        "x-ms-client-request-id": "3ef79842d8b0c6914d04d0cbf6050e7c",
        "x-ms-return-client-request-id": "true"
      },
      "RequestBody": null,
      "StatusCode": 202,
      "ResponseHeaders": {
        "Cache-Control": "no-cache",
        "Content-Length": "579",
        "Content-Type": "application/json; charset=utf-8",
        "Date": "Mon, 20 Mar 2023 23:16:58 GMT",
        "ETag": "\u00222604e720-0000-0700-0000-6418e9660000\u0022",
        "Expires": "-1",
        "Pragma": "no-cache",
        "Strict-Transport-Security": "max-age=31536000; includeSubDomains",
        "X-Cache": "CONFIG_NOCACHE",
        "X-Content-Type-Options": "nosniff",
        "x-ms-client-request-id": "3ef79842d8b0c6914d04d0cbf6050e7c",
        "x-ms-correlation-request-id": "a10936be-80ce-40e9-a980-841bb5774d58",
        "x-ms-ratelimit-remaining-subscription-reads": "14914",
        "x-ms-request-id": "7b5107b0-6617-4c39-a6eb-dd8043bac8a3",
        "x-ms-routing-request-id": "CENTRALUS:20230320T231658Z:a10936be-80ce-40e9-a980-841bb5774d58",
        "X-MSEdge-Ref": "Ref A: F855DDC9465E40FEA22D436084A4EC49 Ref B: STBEDGE0212 Ref C: 2023-03-20T23:16:58Z"
      },
      "ResponseBody": {
        "id": "/subscriptions/ce1bff77-08c1-4199-b7a5-52194a42b6ce/providers/Microsoft.Communication/locations/CENTRALUS/operationStatuses/ea8f2389-50d9-4ded-a94a-15eedf2604a5*BF62A61BEC19520B9493A53B91354DE99B6D2B3B5E115555F2F5F38C899B87FC",
        "name": "ea8f2389-50d9-4ded-a94a-15eedf2604a5*BF62A61BEC19520B9493A53B91354DE99B6D2B3B5E115555F2F5F38C899B87FC",
        "resourceId": "/subscriptions/ce1bff77-08c1-4199-b7a5-52194a42b6ce/resourceGroups/Communication-RG-5114/providers/Microsoft.Communication/emailServices/email-service-8141",
        "status": "Deleting",
        "startTime": "2023-03-20T23:16:54.2300713Z"
      }
    },
    {
      "RequestUri": "https://api-dogfood.resources.windows-int.net/subscriptions/ce1bff77-08c1-4199-b7a5-52194a42b6ce/providers/Microsoft.Communication/locations/CENTRALUS/operationStatuses/ea8f2389-50d9-4ded-a94a-15eedf2604a5*BF62A61BEC19520B9493A53B91354DE99B6D2B3B5E115555F2F5F38C899B87FC?api-version=2023-03-01-preview",
      "RequestMethod": "GET",
      "RequestHeaders": {
        "Authorization": "Sanitized",
        "traceparent": "00-9848ddc192d33211b26bf1dcb89f4f5c-c35fc6842267e569-00",
        "User-Agent": "azsdk-net-ResourceManager/1.4.0 (.NET 6.0.15; Microsoft Windows 10.0.22621)",
        "x-ms-client-request-id": "33b7fd6740351179206d39663bc295cd",
        "x-ms-return-client-request-id": "true"
      },
      "RequestBody": null,
      "StatusCode": 202,
      "ResponseHeaders": {
        "Cache-Control": "no-cache",
        "Content-Length": "579",
        "Content-Type": "application/json; charset=utf-8",
        "Date": "Mon, 20 Mar 2023 23:17:00 GMT",
        "ETag": "\u00222604e720-0000-0700-0000-6418e9660000\u0022",
        "Expires": "-1",
        "Pragma": "no-cache",
        "Strict-Transport-Security": "max-age=31536000; includeSubDomains",
        "X-Cache": "CONFIG_NOCACHE",
        "X-Content-Type-Options": "nosniff",
        "x-ms-client-request-id": "33b7fd6740351179206d39663bc295cd",
        "x-ms-correlation-request-id": "0abda951-c230-4db4-9736-8628a8f0b81a",
        "x-ms-ratelimit-remaining-subscription-reads": "14729",
        "x-ms-request-id": "071eab09-57aa-4fa0-8426-d555aead125c",
        "x-ms-routing-request-id": "CENTRALUS:20230320T231700Z:0abda951-c230-4db4-9736-8628a8f0b81a",
        "X-MSEdge-Ref": "Ref A: 6D2E624B69EC4B78B3FB67CE597BB0A1 Ref B: STBEDGE0212 Ref C: 2023-03-20T23:17:00Z"
      },
      "ResponseBody": {
        "id": "/subscriptions/ce1bff77-08c1-4199-b7a5-52194a42b6ce/providers/Microsoft.Communication/locations/CENTRALUS/operationStatuses/ea8f2389-50d9-4ded-a94a-15eedf2604a5*BF62A61BEC19520B9493A53B91354DE99B6D2B3B5E115555F2F5F38C899B87FC",
        "name": "ea8f2389-50d9-4ded-a94a-15eedf2604a5*BF62A61BEC19520B9493A53B91354DE99B6D2B3B5E115555F2F5F38C899B87FC",
        "resourceId": "/subscriptions/ce1bff77-08c1-4199-b7a5-52194a42b6ce/resourceGroups/Communication-RG-5114/providers/Microsoft.Communication/emailServices/email-service-8141",
        "status": "Deleting",
        "startTime": "2023-03-20T23:16:54.2300713Z"
      }
    },
    {
      "RequestUri": "https://api-dogfood.resources.windows-int.net/subscriptions/ce1bff77-08c1-4199-b7a5-52194a42b6ce/providers/Microsoft.Communication/locations/CENTRALUS/operationStatuses/ea8f2389-50d9-4ded-a94a-15eedf2604a5*BF62A61BEC19520B9493A53B91354DE99B6D2B3B5E115555F2F5F38C899B87FC?api-version=2023-03-01-preview",
      "RequestMethod": "GET",
      "RequestHeaders": {
        "Authorization": "Sanitized",
        "traceparent": "00-9848ddc192d33211b26bf1dcb89f4f5c-bbffbd2fb86c6c98-00",
        "User-Agent": "azsdk-net-ResourceManager/1.4.0 (.NET 6.0.15; Microsoft Windows 10.0.22621)",
        "x-ms-client-request-id": "6f3bea9a44020eff3a7eddfa23f8039e",
        "x-ms-return-client-request-id": "true"
      },
      "RequestBody": null,
      "StatusCode": 202,
      "ResponseHeaders": {
        "Cache-Control": "no-cache",
        "Content-Length": "579",
        "Content-Type": "application/json; charset=utf-8",
        "Date": "Mon, 20 Mar 2023 23:17:04 GMT",
        "ETag": "\u00222604e720-0000-0700-0000-6418e9660000\u0022",
        "Expires": "-1",
        "Pragma": "no-cache",
        "Strict-Transport-Security": "max-age=31536000; includeSubDomains",
        "X-Cache": "CONFIG_NOCACHE",
        "X-Content-Type-Options": "nosniff",
        "x-ms-client-request-id": "6f3bea9a44020eff3a7eddfa23f8039e",
        "x-ms-correlation-request-id": "296a1a10-4f09-465a-9888-1381d08f9084",
        "x-ms-ratelimit-remaining-subscription-reads": "14912",
        "x-ms-request-id": "6bff59f6-cbcf-4f56-8b76-7511c2712024",
        "x-ms-routing-request-id": "CENTRALUS:20230320T231704Z:296a1a10-4f09-465a-9888-1381d08f9084",
        "X-MSEdge-Ref": "Ref A: 95C456346045480CB810010997D1072F Ref B: STBEDGE0212 Ref C: 2023-03-20T23:17:04Z"
      },
      "ResponseBody": {
        "id": "/subscriptions/ce1bff77-08c1-4199-b7a5-52194a42b6ce/providers/Microsoft.Communication/locations/CENTRALUS/operationStatuses/ea8f2389-50d9-4ded-a94a-15eedf2604a5*BF62A61BEC19520B9493A53B91354DE99B6D2B3B5E115555F2F5F38C899B87FC",
        "name": "ea8f2389-50d9-4ded-a94a-15eedf2604a5*BF62A61BEC19520B9493A53B91354DE99B6D2B3B5E115555F2F5F38C899B87FC",
        "resourceId": "/subscriptions/ce1bff77-08c1-4199-b7a5-52194a42b6ce/resourceGroups/Communication-RG-5114/providers/Microsoft.Communication/emailServices/email-service-8141",
        "status": "Deleting",
        "startTime": "2023-03-20T23:16:54.2300713Z"
      }
    },
    {
      "RequestUri": "https://api-dogfood.resources.windows-int.net/subscriptions/ce1bff77-08c1-4199-b7a5-52194a42b6ce/providers/Microsoft.Communication/locations/CENTRALUS/operationStatuses/ea8f2389-50d9-4ded-a94a-15eedf2604a5*BF62A61BEC19520B9493A53B91354DE99B6D2B3B5E115555F2F5F38C899B87FC?api-version=2023-03-01-preview",
      "RequestMethod": "GET",
      "RequestHeaders": {
        "Authorization": "Sanitized",
        "traceparent": "00-9848ddc192d33211b26bf1dcb89f4f5c-6932625d23fc5e5e-00",
        "User-Agent": "azsdk-net-ResourceManager/1.4.0 (.NET 6.0.15; Microsoft Windows 10.0.22621)",
        "x-ms-client-request-id": "b3aff12e90c101f61ee61d439e2a8b8a",
        "x-ms-return-client-request-id": "true"
      },
      "RequestBody": null,
      "StatusCode": 202,
      "ResponseHeaders": {
        "Cache-Control": "no-cache",
        "Content-Length": "579",
        "Content-Type": "application/json; charset=utf-8",
        "Date": "Mon, 20 Mar 2023 23:17:12 GMT",
        "ETag": "\u00222604e720-0000-0700-0000-6418e9660000\u0022",
        "Expires": "-1",
        "Pragma": "no-cache",
        "Strict-Transport-Security": "max-age=31536000; includeSubDomains",
        "X-Cache": "CONFIG_NOCACHE",
        "X-Content-Type-Options": "nosniff",
        "x-ms-client-request-id": "b3aff12e90c101f61ee61d439e2a8b8a",
        "x-ms-correlation-request-id": "b72077f0-4f8d-4ad5-b6f8-1fcc1453ab3b",
        "x-ms-ratelimit-remaining-subscription-reads": "14728",
        "x-ms-request-id": "fb9cdf88-2ba1-4318-a65e-c7388515263e",
        "x-ms-routing-request-id": "CENTRALUS:20230320T231713Z:b72077f0-4f8d-4ad5-b6f8-1fcc1453ab3b",
        "X-MSEdge-Ref": "Ref A: AECBD4D4EA1D4E54A50138C376A6D295 Ref B: STBEDGE0212 Ref C: 2023-03-20T23:17:12Z"
      },
      "ResponseBody": {
        "id": "/subscriptions/ce1bff77-08c1-4199-b7a5-52194a42b6ce/providers/Microsoft.Communication/locations/CENTRALUS/operationStatuses/ea8f2389-50d9-4ded-a94a-15eedf2604a5*BF62A61BEC19520B9493A53B91354DE99B6D2B3B5E115555F2F5F38C899B87FC",
        "name": "ea8f2389-50d9-4ded-a94a-15eedf2604a5*BF62A61BEC19520B9493A53B91354DE99B6D2B3B5E115555F2F5F38C899B87FC",
        "resourceId": "/subscriptions/ce1bff77-08c1-4199-b7a5-52194a42b6ce/resourceGroups/Communication-RG-5114/providers/Microsoft.Communication/emailServices/email-service-8141",
        "status": "Deleting",
        "startTime": "2023-03-20T23:16:54.2300713Z"
      }
    },
    {
      "RequestUri": "https://api-dogfood.resources.windows-int.net/subscriptions/ce1bff77-08c1-4199-b7a5-52194a42b6ce/providers/Microsoft.Communication/locations/CENTRALUS/operationStatuses/ea8f2389-50d9-4ded-a94a-15eedf2604a5*BF62A61BEC19520B9493A53B91354DE99B6D2B3B5E115555F2F5F38C899B87FC?api-version=2023-03-01-preview",
      "RequestMethod": "GET",
      "RequestHeaders": {
        "Authorization": "Sanitized",
        "traceparent": "00-9848ddc192d33211b26bf1dcb89f4f5c-d4ef1daf86a5d8f4-00",
        "User-Agent": "azsdk-net-ResourceManager/1.4.0 (.NET 6.0.15; Microsoft Windows 10.0.22621)",
        "x-ms-client-request-id": "0c31036e9eca227afea9f9b6637fee27",
        "x-ms-return-client-request-id": "true"
      },
      "RequestBody": null,
      "StatusCode": 202,
      "ResponseHeaders": {
        "Cache-Control": "no-cache",
        "Content-Length": "579",
        "Content-Type": "application/json; charset=utf-8",
        "Date": "Mon, 20 Mar 2023 23:17:29 GMT",
        "ETag": "\u00222604e720-0000-0700-0000-6418e9660000\u0022",
        "Expires": "-1",
        "Pragma": "no-cache",
        "Strict-Transport-Security": "max-age=31536000; includeSubDomains",
        "X-Cache": "CONFIG_NOCACHE",
        "X-Content-Type-Options": "nosniff",
        "x-ms-client-request-id": "0c31036e9eca227afea9f9b6637fee27",
        "x-ms-correlation-request-id": "8234400a-5c54-4054-ab37-8422d1f87760",
        "x-ms-ratelimit-remaining-subscription-reads": "14727",
        "x-ms-request-id": "a1eef09e-8ac6-4189-b369-a1372712b247",
        "x-ms-routing-request-id": "CENTRALUS:20230320T231729Z:8234400a-5c54-4054-ab37-8422d1f87760",
        "X-MSEdge-Ref": "Ref A: 061EA1A1574B4D52936C97389F136032 Ref B: STBEDGE0212 Ref C: 2023-03-20T23:17:29Z"
      },
      "ResponseBody": {
        "id": "/subscriptions/ce1bff77-08c1-4199-b7a5-52194a42b6ce/providers/Microsoft.Communication/locations/CENTRALUS/operationStatuses/ea8f2389-50d9-4ded-a94a-15eedf2604a5*BF62A61BEC19520B9493A53B91354DE99B6D2B3B5E115555F2F5F38C899B87FC",
        "name": "ea8f2389-50d9-4ded-a94a-15eedf2604a5*BF62A61BEC19520B9493A53B91354DE99B6D2B3B5E115555F2F5F38C899B87FC",
        "resourceId": "/subscriptions/ce1bff77-08c1-4199-b7a5-52194a42b6ce/resourceGroups/Communication-RG-5114/providers/Microsoft.Communication/emailServices/email-service-8141",
        "status": "Deleting",
        "startTime": "2023-03-20T23:16:54.2300713Z"
      }
    },
    {
      "RequestUri": "https://api-dogfood.resources.windows-int.net/subscriptions/ce1bff77-08c1-4199-b7a5-52194a42b6ce/providers/Microsoft.Communication/locations/CENTRALUS/operationStatuses/ea8f2389-50d9-4ded-a94a-15eedf2604a5*BF62A61BEC19520B9493A53B91354DE99B6D2B3B5E115555F2F5F38C899B87FC?api-version=2023-03-01-preview",
      "RequestMethod": "GET",
      "RequestHeaders": {
        "Authorization": "Sanitized",
        "traceparent": "00-9848ddc192d33211b26bf1dcb89f4f5c-ab68b66577bf17d0-00",
        "User-Agent": "azsdk-net-ResourceManager/1.4.0 (.NET 6.0.15; Microsoft Windows 10.0.22621)",
        "x-ms-client-request-id": "49389b6ae112090cf439511b26bb6f0f",
        "x-ms-return-client-request-id": "true"
      },
      "RequestBody": null,
      "StatusCode": 202,
      "ResponseHeaders": {
        "Cache-Control": "no-cache",
        "Content-Length": "579",
        "Content-Type": "application/json; charset=utf-8",
        "Date": "Mon, 20 Mar 2023 23:18:01 GMT",
        "ETag": "\u00222604e720-0000-0700-0000-6418e9660000\u0022",
        "Expires": "-1",
        "Pragma": "no-cache",
        "Strict-Transport-Security": "max-age=31536000; includeSubDomains",
        "X-Cache": "CONFIG_NOCACHE",
        "X-Content-Type-Options": "nosniff",
        "x-ms-client-request-id": "49389b6ae112090cf439511b26bb6f0f",
        "x-ms-correlation-request-id": "bae6d0c6-e76f-4054-afbf-500fd92e6c12",
        "x-ms-ratelimit-remaining-subscription-reads": "14726",
        "x-ms-request-id": "b0243501-c52b-449f-bfe2-14620540fe1b",
        "x-ms-routing-request-id": "CENTRALUS:20230320T231801Z:bae6d0c6-e76f-4054-afbf-500fd92e6c12",
        "X-MSEdge-Ref": "Ref A: 57310F657C7748A6AF8064114F1DCBD4 Ref B: STBEDGE0212 Ref C: 2023-03-20T23:18:01Z"
      },
      "ResponseBody": {
        "id": "/subscriptions/ce1bff77-08c1-4199-b7a5-52194a42b6ce/providers/Microsoft.Communication/locations/CENTRALUS/operationStatuses/ea8f2389-50d9-4ded-a94a-15eedf2604a5*BF62A61BEC19520B9493A53B91354DE99B6D2B3B5E115555F2F5F38C899B87FC",
        "name": "ea8f2389-50d9-4ded-a94a-15eedf2604a5*BF62A61BEC19520B9493A53B91354DE99B6D2B3B5E115555F2F5F38C899B87FC",
        "resourceId": "/subscriptions/ce1bff77-08c1-4199-b7a5-52194a42b6ce/resourceGroups/Communication-RG-5114/providers/Microsoft.Communication/emailServices/email-service-8141",
        "status": "Deleting",
        "startTime": "2023-03-20T23:16:54.2300713Z"
      }
    },
    {
      "RequestUri": "https://api-dogfood.resources.windows-int.net/subscriptions/ce1bff77-08c1-4199-b7a5-52194a42b6ce/providers/Microsoft.Communication/locations/CENTRALUS/operationStatuses/ea8f2389-50d9-4ded-a94a-15eedf2604a5*BF62A61BEC19520B9493A53B91354DE99B6D2B3B5E115555F2F5F38C899B87FC?api-version=2023-03-01-preview",
      "RequestMethod": "GET",
      "RequestHeaders": {
        "Authorization": "Sanitized",
        "traceparent": "00-9848ddc192d33211b26bf1dcb89f4f5c-cc5d25c8c0417c9c-00",
        "User-Agent": "azsdk-net-ResourceManager/1.4.0 (.NET 6.0.15; Microsoft Windows 10.0.22621)",
        "x-ms-client-request-id": "1f8b52f3f7c690d3768db517973f9e9e",
        "x-ms-return-client-request-id": "true"
      },
      "RequestBody": null,
      "StatusCode": 202,
      "ResponseHeaders": {
        "Cache-Control": "no-cache",
        "Content-Length": "579",
        "Content-Type": "application/json; charset=utf-8",
        "Date": "Mon, 20 Mar 2023 23:18:33 GMT",
        "ETag": "\u00222604e720-0000-0700-0000-6418e9660000\u0022",
        "Expires": "-1",
        "Pragma": "no-cache",
        "Strict-Transport-Security": "max-age=31536000; includeSubDomains",
        "X-Cache": "CONFIG_NOCACHE",
        "X-Content-Type-Options": "nosniff",
        "x-ms-client-request-id": "1f8b52f3f7c690d3768db517973f9e9e",
        "x-ms-correlation-request-id": "d5550308-12de-494e-a339-e016da468adf",
        "x-ms-ratelimit-remaining-subscription-reads": "14909",
        "x-ms-request-id": "7d03235e-bd29-426c-929f-de9494e1b82c",
        "x-ms-routing-request-id": "CENTRALUS:20230320T231833Z:d5550308-12de-494e-a339-e016da468adf",
        "X-MSEdge-Ref": "Ref A: CD5BA67B18E24177A4BBB412ED41E361 Ref B: STBEDGE0212 Ref C: 2023-03-20T23:18:33Z"
      },
      "ResponseBody": {
        "id": "/subscriptions/ce1bff77-08c1-4199-b7a5-52194a42b6ce/providers/Microsoft.Communication/locations/CENTRALUS/operationStatuses/ea8f2389-50d9-4ded-a94a-15eedf2604a5*BF62A61BEC19520B9493A53B91354DE99B6D2B3B5E115555F2F5F38C899B87FC",
        "name": "ea8f2389-50d9-4ded-a94a-15eedf2604a5*BF62A61BEC19520B9493A53B91354DE99B6D2B3B5E115555F2F5F38C899B87FC",
        "resourceId": "/subscriptions/ce1bff77-08c1-4199-b7a5-52194a42b6ce/resourceGroups/Communication-RG-5114/providers/Microsoft.Communication/emailServices/email-service-8141",
        "status": "Deleting",
        "startTime": "2023-03-20T23:16:54.2300713Z"
      }
    },
    {
      "RequestUri": "https://api-dogfood.resources.windows-int.net/subscriptions/ce1bff77-08c1-4199-b7a5-52194a42b6ce/providers/Microsoft.Communication/locations/CENTRALUS/operationStatuses/ea8f2389-50d9-4ded-a94a-15eedf2604a5*BF62A61BEC19520B9493A53B91354DE99B6D2B3B5E115555F2F5F38C899B87FC?api-version=2023-03-01-preview",
      "RequestMethod": "GET",
      "RequestHeaders": {
        "Authorization": "Sanitized",
        "traceparent": "00-9848ddc192d33211b26bf1dcb89f4f5c-394ce64f9f5115c8-00",
        "User-Agent": "azsdk-net-ResourceManager/1.4.0 (.NET 6.0.15; Microsoft Windows 10.0.22621)",
        "x-ms-client-request-id": "03d9f5f741f28c77f62717914c5efc42",
        "x-ms-return-client-request-id": "true"
      },
      "RequestBody": null,
      "StatusCode": 200,
      "ResponseHeaders": {
        "Cache-Control": "no-cache",
        "Content-Length": "598",
        "Content-Type": "application/json; charset=utf-8",
        "Date": "Mon, 20 Mar 2023 23:19:05 GMT",
        "ETag": "\u002226041033-0000-0700-0000-6418e9e40000\u0022",
        "Expires": "-1",
        "Pragma": "no-cache",
        "Strict-Transport-Security": "max-age=31536000; includeSubDomains",
        "X-Cache": "CONFIG_NOCACHE",
        "X-Content-Type-Options": "nosniff",
        "x-ms-client-request-id": "03d9f5f741f28c77f62717914c5efc42",
        "x-ms-correlation-request-id": "2a0f1cca-3c45-47d6-80e0-f751e2ef818d",
        "x-ms-ratelimit-remaining-subscription-reads": "14715",
        "x-ms-request-id": "917e86c5-4321-49e2-9f6f-825e95d82e29",
        "x-ms-routing-request-id": "CENTRALUS:20230320T231906Z:2a0f1cca-3c45-47d6-80e0-f751e2ef818d",
        "X-MSEdge-Ref": "Ref A: 82F1F1A70F7E4E39B9AE5E62FE61A5DB Ref B: STBEDGE0212 Ref C: 2023-03-20T23:19:06Z"
      },
      "ResponseBody": {
        "id": "/subscriptions/ce1bff77-08c1-4199-b7a5-52194a42b6ce/providers/Microsoft.Communication/locations/CENTRALUS/operationStatuses/ea8f2389-50d9-4ded-a94a-15eedf2604a5*BF62A61BEC19520B9493A53B91354DE99B6D2B3B5E115555F2F5F38C899B87FC",
        "name": "ea8f2389-50d9-4ded-a94a-15eedf2604a5*BF62A61BEC19520B9493A53B91354DE99B6D2B3B5E115555F2F5F38C899B87FC",
        "resourceId": "/subscriptions/ce1bff77-08c1-4199-b7a5-52194a42b6ce/resourceGroups/Communication-RG-5114/providers/Microsoft.Communication/emailServices/email-service-8141",
        "status": "Succeeded",
        "startTime": "2023-03-20T23:16:54.2300713Z",
        "properties": null
      }
    }
  ],
  "Variables": {
    "AZURE_AUTHORITY_HOST": "https://login.windows-ppe.net/",
    "RandomSeed": "2027372859",
    "RESOURCE_MANAGER_URL": "https://api-dogfood.resources.windows-int.net/",
    "SERVICE_MANAGEMENT_URL": "https://management.core.windows.net/",
    "SUBSCRIPTION_ID": "ce1bff77-08c1-4199-b7a5-52194a42b6ce"
  }
}
