{
  "Entries": [
    {
      "RequestUri": "https://api-dogfood.resources.windows-int.net/subscriptions/ce1bff77-08c1-4199-b7a5-52194a42b6ce/resourcegroups/Communication-RG-7670?api-version=**",
      "RequestMethod": "GET",
      "RequestHeaders": {
        "Accept": "application/json",
        "Authorization": "Sanitized",
        "traceparent": "00-6cf35608d5ba1f1b46fd9c9361e2568c-5af8593e469454a1-00",
        "User-Agent": "azsdk-net-ResourceManager/1.4.0 (.NET 6.0.15; Microsoft Windows 10.0.22621)",
        "x-ms-client-request-id": "b81247b6e436f78a0ab1806a7ea5abe1",
        "x-ms-return-client-request-id": "true"
      },
      "RequestBody": null,
      "StatusCode": 200,
      "ResponseHeaders": {
        "Cache-Control": "no-cache",
        "Content-Length": "240",
        "Content-Type": "application/json; charset=utf-8",
        "Date": "Mon, 20 Mar 2023 03:31:32 GMT",
        "Expires": "-1",
        "Pragma": "no-cache",
        "Strict-Transport-Security": "max-age=31536000; includeSubDomains",
        "X-Cache": "CONFIG_NOCACHE",
        "X-Content-Type-Options": "nosniff",
        "x-ms-correlation-request-id": "084e498e-8bfb-4d54-9402-06375e43c8f8",
        "x-ms-ratelimit-remaining-subscription-reads": "14510",
        "x-ms-request-id": "084e498e-8bfb-4d54-9402-06375e43c8f8",
        "x-ms-routing-request-id": "CENTRALUS:20230320T033133Z:084e498e-8bfb-4d54-9402-06375e43c8f8",
        "X-MSEdge-Ref": "Ref A: CE15FB583B5447DF8107483C8DD32C29 Ref B: STBEDGE0519 Ref C: 2023-03-20T03:31:32Z"
      },
      "ResponseBody": {
        "id": "/subscriptions/ce1bff77-08c1-4199-b7a5-52194a42b6ce/resourceGroups/Communication-RG-7670",
        "name": "Communication-RG-7670",
        "type": "Microsoft.Resources/resourceGroups",
        "location": "westus2",
        "properties": {
          "provisioningState": "Succeeded"
        }
      }
    },
    {
      "RequestUri": "https://api-dogfood.resources.windows-int.net/subscriptions/ce1bff77-08c1-4199-b7a5-52194a42b6ce/resourceGroups/Communication-RG-7670/providers/Microsoft.Communication/emailServices/email-service-904?api-version=2023-03-01-preview",
      "RequestMethod": "PUT",
      "RequestHeaders": {
        "Accept": "application/json",
        "Authorization": "Sanitized",
        "Content-Length": "76",
        "Content-Type": "application/json",
        "traceparent": "00-8e4d12f66d693e2a384bf636c988071f-ff8e2059a3c7ae52-00",
        "User-Agent": "azsdk-net-ResourceManager.Communication/1.1.0-alpha.20230319.1 (.NET 6.0.15; Microsoft Windows 10.0.22621)",
        "x-ms-client-request-id": "9c1fdc38713ba16ef5e9d346c2ee653a",
        "x-ms-return-client-request-id": "true"
      },
      "RequestBody": {
        "tags": {},
        "location": "global",
        "properties": {
          "dataLocation": "UnitedStates"
        }
      },
      "StatusCode": 201,
      "ResponseHeaders": {
        "Azure-AsyncNotification": "Enabled",
        "Azure-AsyncOperation": "https://api-dogfood.resources.windows-int.net/subscriptions/ce1bff77-08c1-4199-b7a5-52194a42b6ce/providers/Microsoft.Communication/locations/CENTRALUS/operationStatuses/dc660cd5-d089-46b5-87a2-70559742abeb*D8470269639734CF0C36703902D17484597932F725351EEFBC5AED7FADAC359A?api-version=2023-03-01-preview",
        "Cache-Control": "no-cache",
        "Content-Length": "621",
        "Content-Type": "application/json; charset=utf-8",
        "Date": "Mon, 20 Mar 2023 03:31:33 GMT",
        "ETag": "\u002236016b99-0000-0700-0000-6417d3950000\u0022",
        "Expires": "-1",
        "mise-correlation-id": "04fd2684-474d-45ee-a729-20a75cd566f8",
        "Pragma": "no-cache",
        "Request-Context": "appId=",
        "Strict-Transport-Security": "max-age=31536000; includeSubDomains",
        "X-Cache": "CONFIG_NOCACHE",
        "X-Content-Type-Options": "nosniff",
        "x-ms-client-request-id": "9c1fdc38713ba16ef5e9d346c2ee653a",
        "x-ms-correlation-request-id": "9c650bcc-f8b5-40ca-9055-f95d8a6db19b",
        "x-ms-providerhub-traffic": "True",
        "x-ms-ratelimit-remaining-subscription-writes": "1156",
        "x-ms-request-id": "dc660cd5-d089-46b5-87a2-70559742abeb",
        "x-ms-resource-provider-hint": "noPolling",
        "x-ms-routing-request-id": "CENTRALUS:20230320T033134Z:9c650bcc-f8b5-40ca-9055-f95d8a6db19b",
        "X-MSEdge-Ref": "Ref A: 079CD42793B049F08D0833AEE5D9A245 Ref B: STBEDGE0519 Ref C: 2023-03-20T03:31:33Z"
      },
      "ResponseBody": {
        "id": "/subscriptions/ce1bff77-08c1-4199-b7a5-52194a42b6ce/resourceGroups/Communication-RG-7670/providers/Microsoft.Communication/emailServices/email-service-904",
        "name": "email-service-904",
        "type": "microsoft.communication/emailservices",
        "location": "global",
        "tags": {},
        "systemData": {
          "createdBy": "dd5e080b-9821-4976-9ab1-c95d8cc8eafa",
          "createdByType": "Application",
          "createdAt": "2023-03-20T03:31:33.3496488Z",
          "lastModifiedBy": "dd5e080b-9821-4976-9ab1-c95d8cc8eafa",
          "lastModifiedByType": "Application",
          "lastModifiedAt": "2023-03-20T03:31:33.3496488Z"
        },
        "properties": {
          "dataLocation": "UnitedStates",
          "provisioningState": "Accepted"
        }
      }
    },
    {
      "RequestUri": "https://api-dogfood.resources.windows-int.net/subscriptions/ce1bff77-08c1-4199-b7a5-52194a42b6ce/providers/Microsoft.Communication/locations/CENTRALUS/operationStatuses/dc660cd5-d089-46b5-87a2-70559742abeb*D8470269639734CF0C36703902D17484597932F725351EEFBC5AED7FADAC359A?api-version=2023-03-01-preview",
      "RequestMethod": "GET",
      "RequestHeaders": {
        "Authorization": "Sanitized",
        "traceparent": "00-8e4d12f66d693e2a384bf636c988071f-0a5e70e73436acaf-00",
        "User-Agent": "azsdk-net-ResourceManager/1.4.0 (.NET 6.0.15; Microsoft Windows 10.0.22621)",
        "x-ms-client-request-id": "6ebea4483b6fd57ba31741fab7b148c3",
        "x-ms-return-client-request-id": "true"
      },
      "RequestBody": null,
      "StatusCode": 200,
      "ResponseHeaders": {
        "Cache-Control": "no-cache",
        "Content-Length": "578",
        "Content-Type": "application/json; charset=utf-8",
        "Date": "Mon, 20 Mar 2023 03:31:33 GMT",
        "ETag": "\u0022ce031b91-0000-0700-0000-6417d3950000\u0022",
        "Expires": "-1",
        "Pragma": "no-cache",
        "Strict-Transport-Security": "max-age=31536000; includeSubDomains",
        "X-Cache": "CONFIG_NOCACHE",
        "X-Content-Type-Options": "nosniff",
        "x-ms-client-request-id": "6ebea4483b6fd57ba31741fab7b148c3",
        "x-ms-correlation-request-id": "7536f0f1-5c5f-4bf2-80d4-31296fc65205",
        "x-ms-ratelimit-remaining-subscription-reads": "14509",
        "x-ms-request-id": "b026f1d7-2ea6-4dc6-943a-870e8cd9497c",
        "x-ms-routing-request-id": "CENTRALUS:20230320T033134Z:7536f0f1-5c5f-4bf2-80d4-31296fc65205",
        "X-MSEdge-Ref": "Ref A: 5D96C643AEFC4A9DB955ACA4916D4F6C Ref B: STBEDGE0519 Ref C: 2023-03-20T03:31:34Z"
      },
      "ResponseBody": {
        "id": "/subscriptions/ce1bff77-08c1-4199-b7a5-52194a42b6ce/providers/Microsoft.Communication/locations/CENTRALUS/operationStatuses/dc660cd5-d089-46b5-87a2-70559742abeb*D8470269639734CF0C36703902D17484597932F725351EEFBC5AED7FADAC359A",
        "name": "dc660cd5-d089-46b5-87a2-70559742abeb*D8470269639734CF0C36703902D17484597932F725351EEFBC5AED7FADAC359A",
        "resourceId": "/subscriptions/ce1bff77-08c1-4199-b7a5-52194a42b6ce/resourceGroups/Communication-RG-7670/providers/Microsoft.Communication/emailServices/email-service-904",
        "status": "Accepted",
        "startTime": "2023-03-20T03:31:33.5592252Z"
      }
    },
    {
      "RequestUri": "https://api-dogfood.resources.windows-int.net/subscriptions/ce1bff77-08c1-4199-b7a5-52194a42b6ce/providers/Microsoft.Communication/locations/CENTRALUS/operationStatuses/dc660cd5-d089-46b5-87a2-70559742abeb*D8470269639734CF0C36703902D17484597932F725351EEFBC5AED7FADAC359A?api-version=2023-03-01-preview",
      "RequestMethod": "GET",
      "RequestHeaders": {
        "Authorization": "Sanitized",
        "traceparent": "00-8e4d12f66d693e2a384bf636c988071f-7405bb0807d0d1e5-00",
        "User-Agent": "azsdk-net-ResourceManager/1.4.0 (.NET 6.0.15; Microsoft Windows 10.0.22621)",
        "x-ms-client-request-id": "3aa52f1ae2795fc0427ba1cdf5d0bd26",
        "x-ms-return-client-request-id": "true"
      },
      "RequestBody": null,
      "StatusCode": 200,
      "ResponseHeaders": {
        "Cache-Control": "no-cache",
        "Content-Length": "578",
        "Content-Type": "application/json; charset=utf-8",
        "Date": "Mon, 20 Mar 2023 03:31:34 GMT",
        "ETag": "\u0022ce031b91-0000-0700-0000-6417d3950000\u0022",
        "Expires": "-1",
        "Pragma": "no-cache",
        "Strict-Transport-Security": "max-age=31536000; includeSubDomains",
        "X-Cache": "CONFIG_NOCACHE",
        "X-Content-Type-Options": "nosniff",
        "x-ms-client-request-id": "3aa52f1ae2795fc0427ba1cdf5d0bd26",
        "x-ms-correlation-request-id": "8ae7a699-d327-4a6c-b6d1-41269c029bfa",
        "x-ms-ratelimit-remaining-subscription-reads": "14508",
        "x-ms-request-id": "7d3edff7-5533-4081-a0ae-567b6abee126",
        "x-ms-routing-request-id": "CENTRALUS:20230320T033135Z:8ae7a699-d327-4a6c-b6d1-41269c029bfa",
        "X-MSEdge-Ref": "Ref A: 32E15E626D944D6EB97F2FE2C9A86980 Ref B: STBEDGE0519 Ref C: 2023-03-20T03:31:35Z"
      },
      "ResponseBody": {
        "id": "/subscriptions/ce1bff77-08c1-4199-b7a5-52194a42b6ce/providers/Microsoft.Communication/locations/CENTRALUS/operationStatuses/dc660cd5-d089-46b5-87a2-70559742abeb*D8470269639734CF0C36703902D17484597932F725351EEFBC5AED7FADAC359A",
        "name": "dc660cd5-d089-46b5-87a2-70559742abeb*D8470269639734CF0C36703902D17484597932F725351EEFBC5AED7FADAC359A",
        "resourceId": "/subscriptions/ce1bff77-08c1-4199-b7a5-52194a42b6ce/resourceGroups/Communication-RG-7670/providers/Microsoft.Communication/emailServices/email-service-904",
        "status": "Accepted",
        "startTime": "2023-03-20T03:31:33.5592252Z"
      }
    },
    {
      "RequestUri": "https://api-dogfood.resources.windows-int.net/subscriptions/ce1bff77-08c1-4199-b7a5-52194a42b6ce/providers/Microsoft.Communication/locations/CENTRALUS/operationStatuses/dc660cd5-d089-46b5-87a2-70559742abeb*D8470269639734CF0C36703902D17484597932F725351EEFBC5AED7FADAC359A?api-version=2023-03-01-preview",
      "RequestMethod": "GET",
      "RequestHeaders": {
        "Authorization": "Sanitized",
        "traceparent": "00-8e4d12f66d693e2a384bf636c988071f-2fd3d5518bda1cbb-00",
        "User-Agent": "azsdk-net-ResourceManager/1.4.0 (.NET 6.0.15; Microsoft Windows 10.0.22621)",
        "x-ms-client-request-id": "1efe6a93f7309ccbef5c5a0a979fed49",
        "x-ms-return-client-request-id": "true"
      },
      "RequestBody": null,
      "StatusCode": 200,
      "ResponseHeaders": {
        "Cache-Control": "no-cache",
        "Content-Length": "578",
        "Content-Type": "application/json; charset=utf-8",
        "Date": "Mon, 20 Mar 2023 03:31:36 GMT",
        "ETag": "\u0022ce031b91-0000-0700-0000-6417d3950000\u0022",
        "Expires": "-1",
        "Pragma": "no-cache",
        "Strict-Transport-Security": "max-age=31536000; includeSubDomains",
        "X-Cache": "CONFIG_NOCACHE",
        "X-Content-Type-Options": "nosniff",
        "x-ms-client-request-id": "1efe6a93f7309ccbef5c5a0a979fed49",
        "x-ms-correlation-request-id": "c3203f75-902a-4006-bb86-6074e26798c8",
        "x-ms-ratelimit-remaining-subscription-reads": "14507",
        "x-ms-request-id": "9632ebd6-9dc5-4c8d-bfb3-299203b7dcb1",
        "x-ms-routing-request-id": "CENTRALUS:20230320T033136Z:c3203f75-902a-4006-bb86-6074e26798c8",
        "X-MSEdge-Ref": "Ref A: 225C230629C8433C868E4FDA82FC6DB3 Ref B: STBEDGE0519 Ref C: 2023-03-20T03:31:36Z"
      },
      "ResponseBody": {
        "id": "/subscriptions/ce1bff77-08c1-4199-b7a5-52194a42b6ce/providers/Microsoft.Communication/locations/CENTRALUS/operationStatuses/dc660cd5-d089-46b5-87a2-70559742abeb*D8470269639734CF0C36703902D17484597932F725351EEFBC5AED7FADAC359A",
        "name": "dc660cd5-d089-46b5-87a2-70559742abeb*D8470269639734CF0C36703902D17484597932F725351EEFBC5AED7FADAC359A",
        "resourceId": "/subscriptions/ce1bff77-08c1-4199-b7a5-52194a42b6ce/resourceGroups/Communication-RG-7670/providers/Microsoft.Communication/emailServices/email-service-904",
        "status": "Accepted",
        "startTime": "2023-03-20T03:31:33.5592252Z"
      }
    },
    {
      "RequestUri": "https://api-dogfood.resources.windows-int.net/subscriptions/ce1bff77-08c1-4199-b7a5-52194a42b6ce/providers/Microsoft.Communication/locations/CENTRALUS/operationStatuses/dc660cd5-d089-46b5-87a2-70559742abeb*D8470269639734CF0C36703902D17484597932F725351EEFBC5AED7FADAC359A?api-version=2023-03-01-preview",
      "RequestMethod": "GET",
      "RequestHeaders": {
        "Authorization": "Sanitized",
        "traceparent": "00-8e4d12f66d693e2a384bf636c988071f-c3d2ef3699ea03ab-00",
        "User-Agent": "azsdk-net-ResourceManager/1.4.0 (.NET 6.0.15; Microsoft Windows 10.0.22621)",
        "x-ms-client-request-id": "b483b9251c2865eee35e2bf399ade0d3",
        "x-ms-return-client-request-id": "true"
      },
      "RequestBody": null,
      "StatusCode": 200,
      "ResponseHeaders": {
        "Cache-Control": "no-cache",
        "Content-Length": "578",
        "Content-Type": "application/json; charset=utf-8",
        "Date": "Mon, 20 Mar 2023 03:31:37 GMT",
        "ETag": "\u0022ce031b91-0000-0700-0000-6417d3950000\u0022",
        "Expires": "-1",
        "Pragma": "no-cache",
        "Strict-Transport-Security": "max-age=31536000; includeSubDomains",
        "X-Cache": "CONFIG_NOCACHE",
        "X-Content-Type-Options": "nosniff",
        "x-ms-client-request-id": "b483b9251c2865eee35e2bf399ade0d3",
        "x-ms-correlation-request-id": "64ce45b6-6cb4-426b-b289-4b67712768ed",
        "x-ms-ratelimit-remaining-subscription-reads": "14506",
        "x-ms-request-id": "742d0c70-97c9-4aa8-8056-c7fe7d1b2695",
        "x-ms-routing-request-id": "CENTRALUS:20230320T033137Z:64ce45b6-6cb4-426b-b289-4b67712768ed",
        "X-MSEdge-Ref": "Ref A: 6570EC4C5BBB42C9B8E5E1F09487E9E7 Ref B: STBEDGE0519 Ref C: 2023-03-20T03:31:37Z"
      },
      "ResponseBody": {
        "id": "/subscriptions/ce1bff77-08c1-4199-b7a5-52194a42b6ce/providers/Microsoft.Communication/locations/CENTRALUS/operationStatuses/dc660cd5-d089-46b5-87a2-70559742abeb*D8470269639734CF0C36703902D17484597932F725351EEFBC5AED7FADAC359A",
        "name": "dc660cd5-d089-46b5-87a2-70559742abeb*D8470269639734CF0C36703902D17484597932F725351EEFBC5AED7FADAC359A",
        "resourceId": "/subscriptions/ce1bff77-08c1-4199-b7a5-52194a42b6ce/resourceGroups/Communication-RG-7670/providers/Microsoft.Communication/emailServices/email-service-904",
        "status": "Accepted",
        "startTime": "2023-03-20T03:31:33.5592252Z"
      }
    },
    {
      "RequestUri": "https://api-dogfood.resources.windows-int.net/subscriptions/ce1bff77-08c1-4199-b7a5-52194a42b6ce/providers/Microsoft.Communication/locations/CENTRALUS/operationStatuses/dc660cd5-d089-46b5-87a2-70559742abeb*D8470269639734CF0C36703902D17484597932F725351EEFBC5AED7FADAC359A?api-version=2023-03-01-preview",
      "RequestMethod": "GET",
      "RequestHeaders": {
        "Authorization": "Sanitized",
        "traceparent": "00-8e4d12f66d693e2a384bf636c988071f-dab2ecb30701e2ab-00",
        "User-Agent": "azsdk-net-ResourceManager/1.4.0 (.NET 6.0.15; Microsoft Windows 10.0.22621)",
        "x-ms-client-request-id": "4c671b5929b3239363094a1d88b5c8a3",
        "x-ms-return-client-request-id": "true"
      },
      "RequestBody": null,
      "StatusCode": 200,
      "ResponseHeaders": {
        "Cache-Control": "no-cache",
        "Content-Length": "578",
        "Content-Type": "application/json; charset=utf-8",
        "Date": "Mon, 20 Mar 2023 03:31:39 GMT",
        "ETag": "\u0022ce031b91-0000-0700-0000-6417d3950000\u0022",
        "Expires": "-1",
        "Pragma": "no-cache",
        "Strict-Transport-Security": "max-age=31536000; includeSubDomains",
        "X-Cache": "CONFIG_NOCACHE",
        "X-Content-Type-Options": "nosniff",
        "x-ms-client-request-id": "4c671b5929b3239363094a1d88b5c8a3",
        "x-ms-correlation-request-id": "195d8615-91d2-42f4-9a1b-632a9d84e760",
        "x-ms-ratelimit-remaining-subscription-reads": "14505",
        "x-ms-request-id": "4fbeadff-4b50-4e78-ac09-b516ea143acf",
        "x-ms-routing-request-id": "CENTRALUS:20230320T033139Z:195d8615-91d2-42f4-9a1b-632a9d84e760",
        "X-MSEdge-Ref": "Ref A: 4957E91BC604461DADBFD6F106D48C83 Ref B: STBEDGE0519 Ref C: 2023-03-20T03:31:39Z"
      },
      "ResponseBody": {
        "id": "/subscriptions/ce1bff77-08c1-4199-b7a5-52194a42b6ce/providers/Microsoft.Communication/locations/CENTRALUS/operationStatuses/dc660cd5-d089-46b5-87a2-70559742abeb*D8470269639734CF0C36703902D17484597932F725351EEFBC5AED7FADAC359A",
        "name": "dc660cd5-d089-46b5-87a2-70559742abeb*D8470269639734CF0C36703902D17484597932F725351EEFBC5AED7FADAC359A",
        "resourceId": "/subscriptions/ce1bff77-08c1-4199-b7a5-52194a42b6ce/resourceGroups/Communication-RG-7670/providers/Microsoft.Communication/emailServices/email-service-904",
        "status": "Accepted",
        "startTime": "2023-03-20T03:31:33.5592252Z"
      }
    },
    {
      "RequestUri": "https://api-dogfood.resources.windows-int.net/subscriptions/ce1bff77-08c1-4199-b7a5-52194a42b6ce/providers/Microsoft.Communication/locations/CENTRALUS/operationStatuses/dc660cd5-d089-46b5-87a2-70559742abeb*D8470269639734CF0C36703902D17484597932F725351EEFBC5AED7FADAC359A?api-version=2023-03-01-preview",
      "RequestMethod": "GET",
      "RequestHeaders": {
        "Authorization": "Sanitized",
        "traceparent": "00-8e4d12f66d693e2a384bf636c988071f-f194e002b8c82d79-00",
        "User-Agent": "azsdk-net-ResourceManager/1.4.0 (.NET 6.0.15; Microsoft Windows 10.0.22621)",
        "x-ms-client-request-id": "3ba7588d094d77fe7c983ad1cbd70341",
        "x-ms-return-client-request-id": "true"
      },
      "RequestBody": null,
      "StatusCode": 200,
      "ResponseHeaders": {
        "Cache-Control": "no-cache",
        "Content-Length": "578",
        "Content-Type": "application/json; charset=utf-8",
        "Date": "Mon, 20 Mar 2023 03:31:43 GMT",
        "ETag": "\u0022ce031b91-0000-0700-0000-6417d3950000\u0022",
        "Expires": "-1",
        "Pragma": "no-cache",
        "Strict-Transport-Security": "max-age=31536000; includeSubDomains",
        "X-Cache": "CONFIG_NOCACHE",
        "X-Content-Type-Options": "nosniff",
        "x-ms-client-request-id": "3ba7588d094d77fe7c983ad1cbd70341",
        "x-ms-correlation-request-id": "da0ea6a6-cf9d-4733-9681-0700d590725b",
        "x-ms-ratelimit-remaining-subscription-reads": "14504",
        "x-ms-request-id": "713174c7-1de1-4feb-ae63-00a19df75a38",
        "x-ms-routing-request-id": "CENTRALUS:20230320T033143Z:da0ea6a6-cf9d-4733-9681-0700d590725b",
        "X-MSEdge-Ref": "Ref A: CA33A9912A184B8DAF7F5AF5E4C61866 Ref B: STBEDGE0519 Ref C: 2023-03-20T03:31:43Z"
      },
      "ResponseBody": {
        "id": "/subscriptions/ce1bff77-08c1-4199-b7a5-52194a42b6ce/providers/Microsoft.Communication/locations/CENTRALUS/operationStatuses/dc660cd5-d089-46b5-87a2-70559742abeb*D8470269639734CF0C36703902D17484597932F725351EEFBC5AED7FADAC359A",
        "name": "dc660cd5-d089-46b5-87a2-70559742abeb*D8470269639734CF0C36703902D17484597932F725351EEFBC5AED7FADAC359A",
        "resourceId": "/subscriptions/ce1bff77-08c1-4199-b7a5-52194a42b6ce/resourceGroups/Communication-RG-7670/providers/Microsoft.Communication/emailServices/email-service-904",
        "status": "Accepted",
        "startTime": "2023-03-20T03:31:33.5592252Z"
      }
    },
    {
      "RequestUri": "https://api-dogfood.resources.windows-int.net/subscriptions/ce1bff77-08c1-4199-b7a5-52194a42b6ce/providers/Microsoft.Communication/locations/CENTRALUS/operationStatuses/dc660cd5-d089-46b5-87a2-70559742abeb*D8470269639734CF0C36703902D17484597932F725351EEFBC5AED7FADAC359A?api-version=2023-03-01-preview",
      "RequestMethod": "GET",
      "RequestHeaders": {
        "Authorization": "Sanitized",
        "traceparent": "00-8e4d12f66d693e2a384bf636c988071f-270cfb312687c412-00",
        "User-Agent": "azsdk-net-ResourceManager/1.4.0 (.NET 6.0.15; Microsoft Windows 10.0.22621)",
        "x-ms-client-request-id": "7bb0877ba138fc95265f501fd1d1dd2e",
        "x-ms-return-client-request-id": "true"
      },
      "RequestBody": null,
      "StatusCode": 200,
      "ResponseHeaders": {
        "Cache-Control": "no-cache",
        "Content-Length": "578",
        "Content-Type": "application/json; charset=utf-8",
        "Date": "Mon, 20 Mar 2023 03:31:51 GMT",
        "ETag": "\u0022ce031b91-0000-0700-0000-6417d3950000\u0022",
        "Expires": "-1",
        "Pragma": "no-cache",
        "Strict-Transport-Security": "max-age=31536000; includeSubDomains",
        "X-Cache": "CONFIG_NOCACHE",
        "X-Content-Type-Options": "nosniff",
        "x-ms-client-request-id": "7bb0877ba138fc95265f501fd1d1dd2e",
        "x-ms-correlation-request-id": "acfbf79a-15e4-4abc-be3d-a9dc3ddb7154",
        "x-ms-ratelimit-remaining-subscription-reads": "14503",
        "x-ms-request-id": "efe017a9-a08b-4048-8cab-1fc024dd21c7",
        "x-ms-routing-request-id": "CENTRALUS:20230320T033152Z:acfbf79a-15e4-4abc-be3d-a9dc3ddb7154",
        "X-MSEdge-Ref": "Ref A: D6F11BAC79C543649F47AAE89E6F6213 Ref B: STBEDGE0519 Ref C: 2023-03-20T03:31:51Z"
      },
      "ResponseBody": {
        "id": "/subscriptions/ce1bff77-08c1-4199-b7a5-52194a42b6ce/providers/Microsoft.Communication/locations/CENTRALUS/operationStatuses/dc660cd5-d089-46b5-87a2-70559742abeb*D8470269639734CF0C36703902D17484597932F725351EEFBC5AED7FADAC359A",
        "name": "dc660cd5-d089-46b5-87a2-70559742abeb*D8470269639734CF0C36703902D17484597932F725351EEFBC5AED7FADAC359A",
        "resourceId": "/subscriptions/ce1bff77-08c1-4199-b7a5-52194a42b6ce/resourceGroups/Communication-RG-7670/providers/Microsoft.Communication/emailServices/email-service-904",
        "status": "Accepted",
        "startTime": "2023-03-20T03:31:33.5592252Z"
      }
    },
    {
      "RequestUri": "https://api-dogfood.resources.windows-int.net/subscriptions/ce1bff77-08c1-4199-b7a5-52194a42b6ce/providers/Microsoft.Communication/locations/CENTRALUS/operationStatuses/dc660cd5-d089-46b5-87a2-70559742abeb*D8470269639734CF0C36703902D17484597932F725351EEFBC5AED7FADAC359A?api-version=2023-03-01-preview",
      "RequestMethod": "GET",
      "RequestHeaders": {
        "Authorization": "Sanitized",
        "traceparent": "00-8e4d12f66d693e2a384bf636c988071f-6871ca50ca680ff7-00",
        "User-Agent": "azsdk-net-ResourceManager/1.4.0 (.NET 6.0.15; Microsoft Windows 10.0.22621)",
        "x-ms-client-request-id": "41658895a40650851defcf1aefc1578c",
        "x-ms-return-client-request-id": "true"
      },
      "RequestBody": null,
      "StatusCode": 200,
      "ResponseHeaders": {
        "Cache-Control": "no-cache",
        "Content-Length": "578",
        "Content-Type": "application/json; charset=utf-8",
        "Date": "Mon, 20 Mar 2023 03:32:07 GMT",
        "ETag": "\u0022ce031b91-0000-0700-0000-6417d3950000\u0022",
        "Expires": "-1",
        "Pragma": "no-cache",
        "Strict-Transport-Security": "max-age=31536000; includeSubDomains",
        "X-Cache": "CONFIG_NOCACHE",
        "X-Content-Type-Options": "nosniff",
        "x-ms-client-request-id": "41658895a40650851defcf1aefc1578c",
        "x-ms-correlation-request-id": "cd8cae2c-e27d-41a7-b460-e32f36449d04",
        "x-ms-ratelimit-remaining-subscription-reads": "14502",
        "x-ms-request-id": "e5d0c3c3-1018-4656-ba5f-e7d20d618235",
        "x-ms-routing-request-id": "CENTRALUS:20230320T033208Z:cd8cae2c-e27d-41a7-b460-e32f36449d04",
        "X-MSEdge-Ref": "Ref A: FF574BBFBD8F45BE85DB31BB2B7EC044 Ref B: STBEDGE0519 Ref C: 2023-03-20T03:32:08Z"
      },
      "ResponseBody": {
        "id": "/subscriptions/ce1bff77-08c1-4199-b7a5-52194a42b6ce/providers/Microsoft.Communication/locations/CENTRALUS/operationStatuses/dc660cd5-d089-46b5-87a2-70559742abeb*D8470269639734CF0C36703902D17484597932F725351EEFBC5AED7FADAC359A",
        "name": "dc660cd5-d089-46b5-87a2-70559742abeb*D8470269639734CF0C36703902D17484597932F725351EEFBC5AED7FADAC359A",
        "resourceId": "/subscriptions/ce1bff77-08c1-4199-b7a5-52194a42b6ce/resourceGroups/Communication-RG-7670/providers/Microsoft.Communication/emailServices/email-service-904",
        "status": "Accepted",
        "startTime": "2023-03-20T03:31:33.5592252Z"
      }
    },
    {
      "RequestUri": "https://api-dogfood.resources.windows-int.net/subscriptions/ce1bff77-08c1-4199-b7a5-52194a42b6ce/providers/Microsoft.Communication/locations/CENTRALUS/operationStatuses/dc660cd5-d089-46b5-87a2-70559742abeb*D8470269639734CF0C36703902D17484597932F725351EEFBC5AED7FADAC359A?api-version=2023-03-01-preview",
      "RequestMethod": "GET",
      "RequestHeaders": {
        "Authorization": "Sanitized",
        "traceparent": "00-8e4d12f66d693e2a384bf636c988071f-96f3929e36577473-00",
        "User-Agent": "azsdk-net-ResourceManager/1.4.0 (.NET 6.0.15; Microsoft Windows 10.0.22621)",
        "x-ms-client-request-id": "00a108054d05ec6ac2ab15edb9dea6ab",
        "x-ms-return-client-request-id": "true"
      },
      "RequestBody": null,
      "StatusCode": 200,
      "ResponseHeaders": {
        "Cache-Control": "no-cache",
        "Content-Length": "578",
        "Content-Type": "application/json; charset=utf-8",
        "Date": "Mon, 20 Mar 2023 03:32:39 GMT",
        "ETag": "\u0022ce031b91-0000-0700-0000-6417d3950000\u0022",
        "Expires": "-1",
        "Pragma": "no-cache",
        "Strict-Transport-Security": "max-age=31536000; includeSubDomains",
        "X-Cache": "CONFIG_NOCACHE",
        "X-Content-Type-Options": "nosniff",
        "x-ms-client-request-id": "00a108054d05ec6ac2ab15edb9dea6ab",
        "x-ms-correlation-request-id": "8cd52dc2-1689-4e35-890a-fe6c1aae4208",
        "x-ms-ratelimit-remaining-subscription-reads": "14499",
        "x-ms-request-id": "4ede47e2-fc85-4999-a986-81cf454d9540",
        "x-ms-routing-request-id": "CENTRALUS:20230320T033240Z:8cd52dc2-1689-4e35-890a-fe6c1aae4208",
        "X-MSEdge-Ref": "Ref A: B80AF96BC46743CC8C20FBC53F4AC67E Ref B: STBEDGE0519 Ref C: 2023-03-20T03:32:40Z"
      },
      "ResponseBody": {
        "id": "/subscriptions/ce1bff77-08c1-4199-b7a5-52194a42b6ce/providers/Microsoft.Communication/locations/CENTRALUS/operationStatuses/dc660cd5-d089-46b5-87a2-70559742abeb*D8470269639734CF0C36703902D17484597932F725351EEFBC5AED7FADAC359A",
        "name": "dc660cd5-d089-46b5-87a2-70559742abeb*D8470269639734CF0C36703902D17484597932F725351EEFBC5AED7FADAC359A",
        "resourceId": "/subscriptions/ce1bff77-08c1-4199-b7a5-52194a42b6ce/resourceGroups/Communication-RG-7670/providers/Microsoft.Communication/emailServices/email-service-904",
        "status": "Accepted",
        "startTime": "2023-03-20T03:31:33.5592252Z"
      }
    },
    {
      "RequestUri": "https://api-dogfood.resources.windows-int.net/subscriptions/ce1bff77-08c1-4199-b7a5-52194a42b6ce/providers/Microsoft.Communication/locations/CENTRALUS/operationStatuses/dc660cd5-d089-46b5-87a2-70559742abeb*D8470269639734CF0C36703902D17484597932F725351EEFBC5AED7FADAC359A?api-version=2023-03-01-preview",
      "RequestMethod": "GET",
      "RequestHeaders": {
        "Authorization": "Sanitized",
        "traceparent": "00-8e4d12f66d693e2a384bf636c988071f-4154e02a7375b41b-00",
        "User-Agent": "azsdk-net-ResourceManager/1.4.0 (.NET 6.0.15; Microsoft Windows 10.0.22621)",
        "x-ms-client-request-id": "433b0cbbc272d73b01605e48d17b0c64",
        "x-ms-return-client-request-id": "true"
      },
      "RequestBody": null,
      "StatusCode": 200,
      "ResponseHeaders": {
        "Cache-Control": "no-cache",
        "Content-Length": "597",
        "Content-Type": "application/json; charset=utf-8",
        "Date": "Mon, 20 Mar 2023 03:33:12 GMT",
        "ETag": "\u0022ce031c98-0000-0700-0000-6417d3d80000\u0022",
        "Expires": "-1",
        "Pragma": "no-cache",
        "Strict-Transport-Security": "max-age=31536000; includeSubDomains",
        "X-Cache": "CONFIG_NOCACHE",
        "X-Content-Type-Options": "nosniff",
        "x-ms-client-request-id": "433b0cbbc272d73b01605e48d17b0c64",
        "x-ms-correlation-request-id": "4fd33ab4-3c64-4be0-adc8-f9a6a8e5ce3b",
        "x-ms-ratelimit-remaining-subscription-reads": "14498",
        "x-ms-request-id": "315ed355-03c6-4427-b0a3-66d3bc4fb16d",
        "x-ms-routing-request-id": "CENTRALUS:20230320T033312Z:4fd33ab4-3c64-4be0-adc8-f9a6a8e5ce3b",
        "X-MSEdge-Ref": "Ref A: 762C0A6A48BD4FBE86ADAAD12A8B5A3D Ref B: STBEDGE0519 Ref C: 2023-03-20T03:33:12Z"
      },
      "ResponseBody": {
        "id": "/subscriptions/ce1bff77-08c1-4199-b7a5-52194a42b6ce/providers/Microsoft.Communication/locations/CENTRALUS/operationStatuses/dc660cd5-d089-46b5-87a2-70559742abeb*D8470269639734CF0C36703902D17484597932F725351EEFBC5AED7FADAC359A",
        "name": "dc660cd5-d089-46b5-87a2-70559742abeb*D8470269639734CF0C36703902D17484597932F725351EEFBC5AED7FADAC359A",
        "resourceId": "/subscriptions/ce1bff77-08c1-4199-b7a5-52194a42b6ce/resourceGroups/Communication-RG-7670/providers/Microsoft.Communication/emailServices/email-service-904",
        "status": "Succeeded",
        "startTime": "2023-03-20T03:31:33.5592252Z",
        "properties": null
      }
    },
    {
      "RequestUri": "https://api-dogfood.resources.windows-int.net/subscriptions/ce1bff77-08c1-4199-b7a5-52194a42b6ce/resourceGroups/Communication-RG-7670/providers/Microsoft.Communication/emailServices/email-service-904?api-version=2023-03-01-preview",
      "RequestMethod": "GET",
      "RequestHeaders": {
        "Authorization": "Sanitized",
        "traceparent": "00-8e4d12f66d693e2a384bf636c988071f-0bac20aa0a8abff0-00",
        "User-Agent": "azsdk-net-ResourceManager/1.4.0 (.NET 6.0.15; Microsoft Windows 10.0.22621)",
        "x-ms-client-request-id": "c819c408dc2f48281d787e5a8f98963e",
        "x-ms-return-client-request-id": "true"
      },
      "RequestBody": null,
      "StatusCode": 200,
      "ResponseHeaders": {
        "Cache-Control": "no-cache",
        "Content-Length": "622",
        "Content-Type": "application/json; charset=utf-8",
        "Date": "Mon, 20 Mar 2023 03:33:12 GMT",
        "ETag": "\u00223601cf99-0000-0700-0000-6417d39e0000\u0022",
        "Expires": "-1",
        "Pragma": "no-cache",
        "Strict-Transport-Security": "max-age=31536000; includeSubDomains",
        "X-Cache": "CONFIG_NOCACHE",
        "X-Content-Type-Options": "nosniff",
        "x-ms-client-request-id": "c819c408dc2f48281d787e5a8f98963e",
        "x-ms-correlation-request-id": "88a01639-2e06-49f6-998c-f905e2fbddaa",
        "x-ms-providerhub-traffic": "True",
        "x-ms-ratelimit-remaining-subscription-reads": "14497",
        "x-ms-request-id": "5b80c1e7-f471-4d5c-bad3-f0b4b3d50a6a",
        "x-ms-routing-request-id": "CENTRALUS:20230320T033312Z:88a01639-2e06-49f6-998c-f905e2fbddaa",
        "X-MSEdge-Ref": "Ref A: 84138477AE9E4931BA373D434F401577 Ref B: STBEDGE0519 Ref C: 2023-03-20T03:33:12Z"
      },
      "ResponseBody": {
        "id": "/subscriptions/ce1bff77-08c1-4199-b7a5-52194a42b6ce/resourceGroups/Communication-RG-7670/providers/Microsoft.Communication/emailServices/email-service-904",
        "name": "email-service-904",
        "type": "microsoft.communication/emailservices",
        "location": "global",
        "tags": {},
        "systemData": {
          "createdBy": "dd5e080b-9821-4976-9ab1-c95d8cc8eafa",
          "createdByType": "Application",
          "createdAt": "2023-03-20T03:31:33.3496488Z",
          "lastModifiedBy": "dd5e080b-9821-4976-9ab1-c95d8cc8eafa",
          "lastModifiedByType": "Application",
          "lastModifiedAt": "2023-03-20T03:31:33.3496488Z"
        },
        "properties": {
          "provisioningState": "Succeeded",
          "dataLocation": "UnitedStates"
        }
      }
    },
    {
      "RequestUri": "https://api-dogfood.resources.windows-int.net/subscriptions/ce1bff77-08c1-4199-b7a5-52194a42b6ce/resourceGroups/Communication-RG-7670/providers/Microsoft.Communication/emailServices/email-service-904?api-version=2023-03-01-preview",
      "RequestMethod": "GET",
      "RequestHeaders": {
        "Accept": "application/json",
        "Authorization": "Sanitized",
        "traceparent": "00-da4557f6a73b20fa025801d98b89e763-710ac9fd0e9f1cde-00",
        "User-Agent": "azsdk-net-ResourceManager.Communication/1.1.0-alpha.20230319.1 (.NET 6.0.15; Microsoft Windows 10.0.22621)",
        "x-ms-client-request-id": "e35f24491386431acdcaffa5ee221b47",
        "x-ms-return-client-request-id": "true"
      },
      "RequestBody": null,
      "StatusCode": 200,
      "ResponseHeaders": {
        "Cache-Control": "no-cache",
        "Content-Length": "622",
        "Content-Type": "application/json; charset=utf-8",
        "Date": "Mon, 20 Mar 2023 03:33:12 GMT",
        "ETag": "\u00223601cf99-0000-0700-0000-6417d39e0000\u0022",
        "Expires": "-1",
        "Pragma": "no-cache",
        "Strict-Transport-Security": "max-age=31536000; includeSubDomains",
        "X-Cache": "CONFIG_NOCACHE",
        "X-Content-Type-Options": "nosniff",
        "x-ms-client-request-id": "e35f24491386431acdcaffa5ee221b47",
        "x-ms-correlation-request-id": "a09ee18d-8a74-446d-8b16-6d654a8c5416",
        "x-ms-providerhub-traffic": "True",
        "x-ms-ratelimit-remaining-subscription-reads": "14496",
        "x-ms-request-id": "e2f9f878-7152-4b83-b775-b1c66a58489c",
        "x-ms-routing-request-id": "CENTRALUS:20230320T033312Z:a09ee18d-8a74-446d-8b16-6d654a8c5416",
        "X-MSEdge-Ref": "Ref A: 541FC857D96A441F98084628967AE0AF Ref B: STBEDGE0519 Ref C: 2023-03-20T03:33:12Z"
      },
      "ResponseBody": {
        "id": "/subscriptions/ce1bff77-08c1-4199-b7a5-52194a42b6ce/resourceGroups/Communication-RG-7670/providers/Microsoft.Communication/emailServices/email-service-904",
        "name": "email-service-904",
        "type": "microsoft.communication/emailservices",
        "location": "global",
        "tags": {},
        "systemData": {
          "createdBy": "dd5e080b-9821-4976-9ab1-c95d8cc8eafa",
          "createdByType": "Application",
          "createdAt": "2023-03-20T03:31:33.3496488Z",
          "lastModifiedBy": "dd5e080b-9821-4976-9ab1-c95d8cc8eafa",
          "lastModifiedByType": "Application",
          "lastModifiedAt": "2023-03-20T03:31:33.3496488Z"
        },
        "properties": {
          "provisioningState": "Succeeded",
          "dataLocation": "UnitedStates"
        }
      }
    },
    {
      "RequestUri": "https://api-dogfood.resources.windows-int.net/subscriptions/ce1bff77-08c1-4199-b7a5-52194a42b6ce/resourceGroups/Communication-RG-7670/providers/Microsoft.Communication/emailServices?api-version=2023-03-01-preview",
      "RequestMethod": "GET",
      "RequestHeaders": {
        "Accept": "application/json",
        "Authorization": "Sanitized",
        "User-Agent": "azsdk-net-ResourceManager.Communication/1.1.0-alpha.20230319.1 (.NET 6.0.15; Microsoft Windows 10.0.22621)",
        "x-ms-client-request-id": "f5e5b19eddc5df7be3f326f943e04769",
        "x-ms-return-client-request-id": "true"
      },
      "RequestBody": null,
      "StatusCode": 200,
      "ResponseHeaders": {
        "Cache-Control": "no-cache",
        "Content-Length": "634",
        "Content-Type": "application/json; charset=utf-8",
        "Date": "Mon, 20 Mar 2023 03:33:12 GMT",
        "Expires": "-1",
        "Pragma": "no-cache",
        "Strict-Transport-Security": "max-age=31536000; includeSubDomains",
        "X-Cache": "CONFIG_NOCACHE",
        "X-Content-Type-Options": "nosniff",
        "x-ms-client-request-id": "f5e5b19eddc5df7be3f326f943e04769",
        "x-ms-correlation-request-id": "07513170-0838-401c-9a2e-22949b6840d5",
        "x-ms-providerhub-traffic": "True",
        "x-ms-ratelimit-remaining-subscription-reads": "14495",
        "x-ms-request-id": "e3c3afae-6fc4-4277-9843-142f96134c05",
        "x-ms-routing-request-id": "CENTRALUS:20230320T033313Z:07513170-0838-401c-9a2e-22949b6840d5",
        "X-MSEdge-Ref": "Ref A: FFB1EF97791741078C3A2CD0D93BD64D Ref B: STBEDGE0519 Ref C: 2023-03-20T03:33:12Z"
      },
      "ResponseBody": {
        "value": [
          {
            "id": "/subscriptions/ce1bff77-08c1-4199-b7a5-52194a42b6ce/resourceGroups/Communication-RG-7670/providers/Microsoft.Communication/emailServices/email-service-904",
            "name": "email-service-904",
            "type": "microsoft.communication/emailservices",
            "location": "global",
            "tags": {},
            "systemData": {
              "createdBy": "dd5e080b-9821-4976-9ab1-c95d8cc8eafa",
              "createdByType": "Application",
              "createdAt": "2023-03-20T03:31:33.3496488Z",
              "lastModifiedBy": "dd5e080b-9821-4976-9ab1-c95d8cc8eafa",
              "lastModifiedByType": "Application",
              "lastModifiedAt": "2023-03-20T03:31:33.3496488Z"
            },
            "properties": {
              "provisioningState": "Succeeded",
              "dataLocation": "UnitedStates"
            }
          }
        ]
      }
    },
    {
      "RequestUri": "https://api-dogfood.resources.windows-int.net/subscriptions/ce1bff77-08c1-4199-b7a5-52194a42b6ce/resourceGroups/Communication-RG-7670/providers/Microsoft.Communication/emailServices/email-service-904?api-version=2023-03-01-preview",
      "RequestMethod": "DELETE",
      "RequestHeaders": {
        "Accept": "application/json",
        "Authorization": "Sanitized",
        "traceparent": "00-adf177975566e19086ce0355ac1b7894-03ca5a73fd51ae36-00",
        "User-Agent": "azsdk-net-ResourceManager.Communication/1.1.0-alpha.20230319.1 (.NET 6.0.15; Microsoft Windows 10.0.22621)",
        "x-ms-client-request-id": "adfe20c9281cf4deaad5fa65dc835afb",
        "x-ms-return-client-request-id": "true"
      },
      "RequestBody": null,
      "StatusCode": 202,
      "ResponseHeaders": {
        "Azure-AsyncNotification": "Enabled",
        "Azure-AsyncOperation": "https://api-dogfood.resources.windows-int.net/subscriptions/ce1bff77-08c1-4199-b7a5-52194a42b6ce/providers/Microsoft.Communication/locations/CENTRALUS/operationStatuses/7940b9a7-43a9-42d9-986d-5001d922bf85*D8470269639734CF0C36703902D17484597932F725351EEFBC5AED7FADAC359A?api-version=2023-03-01-preview",
        "Cache-Control": "no-cache",
        "Content-Length": "4",
        "Content-Type": "application/json; charset=utf-8",
        "Date": "Mon, 20 Mar 2023 03:33:13 GMT",
        "ETag": "\u002236015d9f-0000-0700-0000-6417d3f90000\u0022",
        "Expires": "-1",
        "Location": "https://api-dogfood.resources.windows-int.net/subscriptions/ce1bff77-08c1-4199-b7a5-52194a42b6ce/providers/Microsoft.Communication/locations/CENTRALUS/operationStatuses/7940b9a7-43a9-42d9-986d-5001d922bf85*D8470269639734CF0C36703902D17484597932F725351EEFBC5AED7FADAC359A?api-version=2023-03-01-preview",
        "Pragma": "no-cache",
        "Strict-Transport-Security": "max-age=31536000; includeSubDomains",
        "X-Cache": "CONFIG_NOCACHE",
        "X-Content-Type-Options": "nosniff",
        "x-ms-client-request-id": "adfe20c9281cf4deaad5fa65dc835afb",
        "x-ms-correlation-request-id": "707c77ad-71c2-49f2-9c7d-97e95c14a73f",
        "x-ms-providerhub-traffic": "True",
        "x-ms-ratelimit-remaining-subscription-deletes": "14967",
        "x-ms-request-id": "7940b9a7-43a9-42d9-986d-5001d922bf85",
        "x-ms-resource-provider-hint": "noPolling",
        "x-ms-routing-request-id": "CENTRALUS:20230320T033313Z:707c77ad-71c2-49f2-9c7d-97e95c14a73f",
        "X-MSEdge-Ref": "Ref A: 340ED881862342F489F38D9C0C2501D0 Ref B: STBEDGE0519 Ref C: 2023-03-20T03:33:13Z"
      },
      "ResponseBody": "null"
    },
    {
      "RequestUri": "https://api-dogfood.resources.windows-int.net/subscriptions/ce1bff77-08c1-4199-b7a5-52194a42b6ce/providers/Microsoft.Communication/locations/CENTRALUS/operationStatuses/7940b9a7-43a9-42d9-986d-5001d922bf85*D8470269639734CF0C36703902D17484597932F725351EEFBC5AED7FADAC359A?api-version=2023-03-01-preview",
      "RequestMethod": "GET",
      "RequestHeaders": {
        "Authorization": "Sanitized",
        "traceparent": "00-adf177975566e19086ce0355ac1b7894-cf8c366cb7b34755-00",
        "User-Agent": "azsdk-net-ResourceManager/1.4.0 (.NET 6.0.15; Microsoft Windows 10.0.22621)",
        "x-ms-client-request-id": "cddb96826e23762ad3f14befe216025f",
        "x-ms-return-client-request-id": "true"
      },
      "RequestBody": null,
      "StatusCode": 202,
      "ResponseHeaders": {
        "Cache-Control": "no-cache",
        "Content-Length": "578",
        "Content-Type": "application/json; charset=utf-8",
        "Date": "Mon, 20 Mar 2023 03:33:13 GMT",
        "ETag": "\u0022ce03d09b-0000-0700-0000-6417d3f90000\u0022",
        "Expires": "-1",
        "Pragma": "no-cache",
        "Strict-Transport-Security": "max-age=31536000; includeSubDomains",
        "X-Cache": "CONFIG_NOCACHE",
        "X-Content-Type-Options": "nosniff",
        "x-ms-client-request-id": "cddb96826e23762ad3f14befe216025f",
        "x-ms-correlation-request-id": "9f6d8a74-265c-44fb-970d-1ddf14b15430",
        "x-ms-ratelimit-remaining-subscription-reads": "14494",
        "x-ms-request-id": "2651b7cb-c97b-4e60-a4a5-928320dea2d7",
        "x-ms-routing-request-id": "CENTRALUS:20230320T033313Z:9f6d8a74-265c-44fb-970d-1ddf14b15430",
        "X-MSEdge-Ref": "Ref A: 2732CE4B951248CBA15A8C8629D3D8DE Ref B: STBEDGE0519 Ref C: 2023-03-20T03:33:13Z"
      },
      "ResponseBody": {
        "id": "/subscriptions/ce1bff77-08c1-4199-b7a5-52194a42b6ce/providers/Microsoft.Communication/locations/CENTRALUS/operationStatuses/7940b9a7-43a9-42d9-986d-5001d922bf85*D8470269639734CF0C36703902D17484597932F725351EEFBC5AED7FADAC359A",
        "name": "7940b9a7-43a9-42d9-986d-5001d922bf85*D8470269639734CF0C36703902D17484597932F725351EEFBC5AED7FADAC359A",
        "resourceId": "/subscriptions/ce1bff77-08c1-4199-b7a5-52194a42b6ce/resourceGroups/Communication-RG-7670/providers/Microsoft.Communication/emailServices/email-service-904",
        "status": "Deleting",
        "startTime": "2023-03-20T03:33:13.3124777Z"
      }
    },
    {
      "RequestUri": "https://api-dogfood.resources.windows-int.net/subscriptions/ce1bff77-08c1-4199-b7a5-52194a42b6ce/providers/Microsoft.Communication/locations/CENTRALUS/operationStatuses/7940b9a7-43a9-42d9-986d-5001d922bf85*D8470269639734CF0C36703902D17484597932F725351EEFBC5AED7FADAC359A?api-version=2023-03-01-preview",
      "RequestMethod": "GET",
      "RequestHeaders": {
        "Authorization": "Sanitized",
        "traceparent": "00-adf177975566e19086ce0355ac1b7894-cff8ac98408f86a5-00",
        "User-Agent": "azsdk-net-ResourceManager/1.4.0 (.NET 6.0.15; Microsoft Windows 10.0.22621)",
        "x-ms-client-request-id": "0b9b2a98692427b6a692059c284b0689",
        "x-ms-return-client-request-id": "true"
      },
      "RequestBody": null,
      "StatusCode": 202,
      "ResponseHeaders": {
        "Cache-Control": "no-cache",
        "Content-Length": "578",
        "Content-Type": "application/json; charset=utf-8",
        "Date": "Mon, 20 Mar 2023 03:33:14 GMT",
        "ETag": "\u0022ce03d09b-0000-0700-0000-6417d3f90000\u0022",
        "Expires": "-1",
        "Pragma": "no-cache",
        "Strict-Transport-Security": "max-age=31536000; includeSubDomains",
        "X-Cache": "CONFIG_NOCACHE",
        "X-Content-Type-Options": "nosniff",
        "x-ms-client-request-id": "0b9b2a98692427b6a692059c284b0689",
        "x-ms-correlation-request-id": "769ef08e-9124-4414-9fe9-2945ca274196",
        "x-ms-ratelimit-remaining-subscription-reads": "14493",
        "x-ms-request-id": "b169be7c-fee4-4192-9afe-7a10c37283e6",
        "x-ms-routing-request-id": "CENTRALUS:20230320T033314Z:769ef08e-9124-4414-9fe9-2945ca274196",
        "X-MSEdge-Ref": "Ref A: C41DD6D2BC3742D0B34F7D2BB50B7CCA Ref B: STBEDGE0519 Ref C: 2023-03-20T03:33:14Z"
      },
      "ResponseBody": {
        "id": "/subscriptions/ce1bff77-08c1-4199-b7a5-52194a42b6ce/providers/Microsoft.Communication/locations/CENTRALUS/operationStatuses/7940b9a7-43a9-42d9-986d-5001d922bf85*D8470269639734CF0C36703902D17484597932F725351EEFBC5AED7FADAC359A",
        "name": "7940b9a7-43a9-42d9-986d-5001d922bf85*D8470269639734CF0C36703902D17484597932F725351EEFBC5AED7FADAC359A",
        "resourceId": "/subscriptions/ce1bff77-08c1-4199-b7a5-52194a42b6ce/resourceGroups/Communication-RG-7670/providers/Microsoft.Communication/emailServices/email-service-904",
        "status": "Deleting",
        "startTime": "2023-03-20T03:33:13.3124777Z"
      }
    },
    {
      "RequestUri": "https://api-dogfood.resources.windows-int.net/subscriptions/ce1bff77-08c1-4199-b7a5-52194a42b6ce/providers/Microsoft.Communication/locations/CENTRALUS/operationStatuses/7940b9a7-43a9-42d9-986d-5001d922bf85*D8470269639734CF0C36703902D17484597932F725351EEFBC5AED7FADAC359A?api-version=2023-03-01-preview",
      "RequestMethod": "GET",
      "RequestHeaders": {
        "Authorization": "Sanitized",
        "traceparent": "00-adf177975566e19086ce0355ac1b7894-51936950e298a47c-00",
        "User-Agent": "azsdk-net-ResourceManager/1.4.0 (.NET 6.0.15; Microsoft Windows 10.0.22621)",
        "x-ms-client-request-id": "46e20ed58ca8efd70d450ac1568a8991",
        "x-ms-return-client-request-id": "true"
      },
      "RequestBody": null,
      "StatusCode": 202,
      "ResponseHeaders": {
        "Cache-Control": "no-cache",
        "Content-Length": "578",
        "Content-Type": "application/json; charset=utf-8",
        "Date": "Mon, 20 Mar 2023 03:33:15 GMT",
        "ETag": "\u0022ce03d09b-0000-0700-0000-6417d3f90000\u0022",
        "Expires": "-1",
        "Pragma": "no-cache",
        "Strict-Transport-Security": "max-age=31536000; includeSubDomains",
        "X-Cache": "CONFIG_NOCACHE",
        "X-Content-Type-Options": "nosniff",
        "x-ms-client-request-id": "46e20ed58ca8efd70d450ac1568a8991",
        "x-ms-correlation-request-id": "09db7d03-19d7-4eb1-a905-9f6a7e7bb185",
        "x-ms-ratelimit-remaining-subscription-reads": "14491",
        "x-ms-request-id": "7c192de5-1deb-4e2d-ac1d-58f7ea1a7561",
        "x-ms-routing-request-id": "CENTRALUS:20230320T033316Z:09db7d03-19d7-4eb1-a905-9f6a7e7bb185",
        "X-MSEdge-Ref": "Ref A: 038BA0161976418FA67ED208B6CC26CD Ref B: STBEDGE0519 Ref C: 2023-03-20T03:33:15Z"
      },
      "ResponseBody": {
        "id": "/subscriptions/ce1bff77-08c1-4199-b7a5-52194a42b6ce/providers/Microsoft.Communication/locations/CENTRALUS/operationStatuses/7940b9a7-43a9-42d9-986d-5001d922bf85*D8470269639734CF0C36703902D17484597932F725351EEFBC5AED7FADAC359A",
        "name": "7940b9a7-43a9-42d9-986d-5001d922bf85*D8470269639734CF0C36703902D17484597932F725351EEFBC5AED7FADAC359A",
        "resourceId": "/subscriptions/ce1bff77-08c1-4199-b7a5-52194a42b6ce/resourceGroups/Communication-RG-7670/providers/Microsoft.Communication/emailServices/email-service-904",
        "status": "Deleting",
        "startTime": "2023-03-20T03:33:13.3124777Z"
      }
    },
    {
      "RequestUri": "https://api-dogfood.resources.windows-int.net/subscriptions/ce1bff77-08c1-4199-b7a5-52194a42b6ce/providers/Microsoft.Communication/locations/CENTRALUS/operationStatuses/7940b9a7-43a9-42d9-986d-5001d922bf85*D8470269639734CF0C36703902D17484597932F725351EEFBC5AED7FADAC359A?api-version=2023-03-01-preview",
      "RequestMethod": "GET",
      "RequestHeaders": {
        "Authorization": "Sanitized",
        "traceparent": "00-adf177975566e19086ce0355ac1b7894-58caa1357ae325a2-00",
        "User-Agent": "azsdk-net-ResourceManager/1.4.0 (.NET 6.0.15; Microsoft Windows 10.0.22621)",
        "x-ms-client-request-id": "c2f9a17df58518c7dfb32791688e4d87",
        "x-ms-return-client-request-id": "true"
      },
      "RequestBody": null,
      "StatusCode": 202,
      "ResponseHeaders": {
        "Cache-Control": "no-cache",
        "Content-Length": "578",
        "Content-Type": "application/json; charset=utf-8",
        "Date": "Mon, 20 Mar 2023 03:33:16 GMT",
        "ETag": "\u0022ce03d09b-0000-0700-0000-6417d3f90000\u0022",
        "Expires": "-1",
        "Pragma": "no-cache",
        "Strict-Transport-Security": "max-age=31536000; includeSubDomains",
        "X-Cache": "CONFIG_NOCACHE",
        "X-Content-Type-Options": "nosniff",
        "x-ms-client-request-id": "c2f9a17df58518c7dfb32791688e4d87",
        "x-ms-correlation-request-id": "be13d238-bbbd-4fa8-b48f-ad4613ec506b",
        "x-ms-ratelimit-remaining-subscription-reads": "14490",
        "x-ms-request-id": "e2a3a525-ccaa-4d16-a733-da31c8235622",
        "x-ms-routing-request-id": "CENTRALUS:20230320T033317Z:be13d238-bbbd-4fa8-b48f-ad4613ec506b",
        "X-MSEdge-Ref": "Ref A: CA416E83EF4A48D78D3537093F2430EA Ref B: STBEDGE0519 Ref C: 2023-03-20T03:33:17Z"
      },
      "ResponseBody": {
        "id": "/subscriptions/ce1bff77-08c1-4199-b7a5-52194a42b6ce/providers/Microsoft.Communication/locations/CENTRALUS/operationStatuses/7940b9a7-43a9-42d9-986d-5001d922bf85*D8470269639734CF0C36703902D17484597932F725351EEFBC5AED7FADAC359A",
        "name": "7940b9a7-43a9-42d9-986d-5001d922bf85*D8470269639734CF0C36703902D17484597932F725351EEFBC5AED7FADAC359A",
        "resourceId": "/subscriptions/ce1bff77-08c1-4199-b7a5-52194a42b6ce/resourceGroups/Communication-RG-7670/providers/Microsoft.Communication/emailServices/email-service-904",
        "status": "Deleting",
        "startTime": "2023-03-20T03:33:13.3124777Z"
      }
    },
    {
      "RequestUri": "https://api-dogfood.resources.windows-int.net/subscriptions/ce1bff77-08c1-4199-b7a5-52194a42b6ce/providers/Microsoft.Communication/locations/CENTRALUS/operationStatuses/7940b9a7-43a9-42d9-986d-5001d922bf85*D8470269639734CF0C36703902D17484597932F725351EEFBC5AED7FADAC359A?api-version=2023-03-01-preview",
      "RequestMethod": "GET",
      "RequestHeaders": {
        "Authorization": "Sanitized",
        "traceparent": "00-adf177975566e19086ce0355ac1b7894-71e4c7e512b86a9d-00",
        "User-Agent": "azsdk-net-ResourceManager/1.4.0 (.NET 6.0.15; Microsoft Windows 10.0.22621)",
        "x-ms-client-request-id": "d41ac2eabb340cb753acfedf5ff5d11c",
        "x-ms-return-client-request-id": "true"
      },
      "RequestBody": null,
      "StatusCode": 202,
      "ResponseHeaders": {
        "Cache-Control": "no-cache",
        "Content-Length": "578",
        "Content-Type": "application/json; charset=utf-8",
        "Date": "Mon, 20 Mar 2023 03:33:18 GMT",
        "ETag": "\u0022ce03d09b-0000-0700-0000-6417d3f90000\u0022",
        "Expires": "-1",
        "Pragma": "no-cache",
        "Strict-Transport-Security": "max-age=31536000; includeSubDomains",
        "X-Cache": "CONFIG_NOCACHE",
        "X-Content-Type-Options": "nosniff",
        "x-ms-client-request-id": "d41ac2eabb340cb753acfedf5ff5d11c",
        "x-ms-correlation-request-id": "6072b3dc-1c5a-4334-a05c-a991c3aea865",
        "x-ms-ratelimit-remaining-subscription-reads": "14489",
        "x-ms-request-id": "2be15c85-eb81-435e-85ad-702c63715d27",
        "x-ms-routing-request-id": "CENTRALUS:20230320T033319Z:6072b3dc-1c5a-4334-a05c-a991c3aea865",
        "X-MSEdge-Ref": "Ref A: 2D8BD85205C341339C00F0D5BC045053 Ref B: STBEDGE0519 Ref C: 2023-03-20T03:33:19Z"
      },
      "ResponseBody": {
        "id": "/subscriptions/ce1bff77-08c1-4199-b7a5-52194a42b6ce/providers/Microsoft.Communication/locations/CENTRALUS/operationStatuses/7940b9a7-43a9-42d9-986d-5001d922bf85*D8470269639734CF0C36703902D17484597932F725351EEFBC5AED7FADAC359A",
        "name": "7940b9a7-43a9-42d9-986d-5001d922bf85*D8470269639734CF0C36703902D17484597932F725351EEFBC5AED7FADAC359A",
        "resourceId": "/subscriptions/ce1bff77-08c1-4199-b7a5-52194a42b6ce/resourceGroups/Communication-RG-7670/providers/Microsoft.Communication/emailServices/email-service-904",
        "status": "Deleting",
        "startTime": "2023-03-20T03:33:13.3124777Z"
      }
    },
    {
      "RequestUri": "https://api-dogfood.resources.windows-int.net/subscriptions/ce1bff77-08c1-4199-b7a5-52194a42b6ce/providers/Microsoft.Communication/locations/CENTRALUS/operationStatuses/7940b9a7-43a9-42d9-986d-5001d922bf85*D8470269639734CF0C36703902D17484597932F725351EEFBC5AED7FADAC359A?api-version=2023-03-01-preview",
      "RequestMethod": "GET",
      "RequestHeaders": {
        "Authorization": "Sanitized",
        "traceparent": "00-adf177975566e19086ce0355ac1b7894-25f74868de757a97-00",
        "User-Agent": "azsdk-net-ResourceManager/1.4.0 (.NET 6.0.15; Microsoft Windows 10.0.22621)",
        "x-ms-client-request-id": "871f74094351df0347c967f46546867e",
        "x-ms-return-client-request-id": "true"
      },
      "RequestBody": null,
      "StatusCode": 202,
      "ResponseHeaders": {
        "Cache-Control": "no-cache",
        "Content-Length": "578",
        "Content-Type": "application/json; charset=utf-8",
        "Date": "Mon, 20 Mar 2023 03:33:22 GMT",
        "ETag": "\u0022ce03d09b-0000-0700-0000-6417d3f90000\u0022",
        "Expires": "-1",
        "Pragma": "no-cache",
        "Strict-Transport-Security": "max-age=31536000; includeSubDomains",
        "X-Cache": "CONFIG_NOCACHE",
        "X-Content-Type-Options": "nosniff",
        "x-ms-client-request-id": "871f74094351df0347c967f46546867e",
        "x-ms-correlation-request-id": "6d1fa42c-25ac-4752-9a1c-6c8c1215e4f8",
        "x-ms-ratelimit-remaining-subscription-reads": "14487",
        "x-ms-request-id": "487c4346-cd27-467c-bfdc-398beac1ba9c",
        "x-ms-routing-request-id": "CENTRALUS:20230320T033323Z:6d1fa42c-25ac-4752-9a1c-6c8c1215e4f8",
        "X-MSEdge-Ref": "Ref A: 216DF0395D7C4CCF85D54F773DCFB521 Ref B: STBEDGE0519 Ref C: 2023-03-20T03:33:23Z"
      },
      "ResponseBody": {
        "id": "/subscriptions/ce1bff77-08c1-4199-b7a5-52194a42b6ce/providers/Microsoft.Communication/locations/CENTRALUS/operationStatuses/7940b9a7-43a9-42d9-986d-5001d922bf85*D8470269639734CF0C36703902D17484597932F725351EEFBC5AED7FADAC359A",
        "name": "7940b9a7-43a9-42d9-986d-5001d922bf85*D8470269639734CF0C36703902D17484597932F725351EEFBC5AED7FADAC359A",
        "resourceId": "/subscriptions/ce1bff77-08c1-4199-b7a5-52194a42b6ce/resourceGroups/Communication-RG-7670/providers/Microsoft.Communication/emailServices/email-service-904",
        "status": "Deleting",
        "startTime": "2023-03-20T03:33:13.3124777Z"
      }
    },
    {
      "RequestUri": "https://api-dogfood.resources.windows-int.net/subscriptions/ce1bff77-08c1-4199-b7a5-52194a42b6ce/providers/Microsoft.Communication/locations/CENTRALUS/operationStatuses/7940b9a7-43a9-42d9-986d-5001d922bf85*D8470269639734CF0C36703902D17484597932F725351EEFBC5AED7FADAC359A?api-version=2023-03-01-preview",
      "RequestMethod": "GET",
      "RequestHeaders": {
        "Authorization": "Sanitized",
        "traceparent": "00-adf177975566e19086ce0355ac1b7894-999e78553aa9d598-00",
        "User-Agent": "azsdk-net-ResourceManager/1.4.0 (.NET 6.0.15; Microsoft Windows 10.0.22621)",
        "x-ms-client-request-id": "93d682f8b470c25ce9ed6fd8f7e8b9e9",
        "x-ms-return-client-request-id": "true"
      },
      "RequestBody": null,
      "StatusCode": 202,
      "ResponseHeaders": {
        "Cache-Control": "no-cache",
        "Content-Length": "578",
        "Content-Type": "application/json; charset=utf-8",
        "Date": "Mon, 20 Mar 2023 03:33:31 GMT",
        "ETag": "\u0022ce03d09b-0000-0700-0000-6417d3f90000\u0022",
        "Expires": "-1",
        "Pragma": "no-cache",
        "Strict-Transport-Security": "max-age=31536000; includeSubDomains",
        "X-Cache": "CONFIG_NOCACHE",
        "X-Content-Type-Options": "nosniff",
        "x-ms-client-request-id": "93d682f8b470c25ce9ed6fd8f7e8b9e9",
        "x-ms-correlation-request-id": "b7542f7a-a72d-41ac-bbfa-807ef633ede9",
        "x-ms-ratelimit-remaining-subscription-reads": "14486",
        "x-ms-request-id": "879db3d0-4db9-4272-8fde-a53d1178f9c4",
        "x-ms-routing-request-id": "CENTRALUS:20230320T033331Z:b7542f7a-a72d-41ac-bbfa-807ef633ede9",
        "X-MSEdge-Ref": "Ref A: 69C12B19E26647068A012CF430A7E524 Ref B: STBEDGE0519 Ref C: 2023-03-20T03:33:31Z"
      },
      "ResponseBody": {
        "id": "/subscriptions/ce1bff77-08c1-4199-b7a5-52194a42b6ce/providers/Microsoft.Communication/locations/CENTRALUS/operationStatuses/7940b9a7-43a9-42d9-986d-5001d922bf85*D8470269639734CF0C36703902D17484597932F725351EEFBC5AED7FADAC359A",
        "name": "7940b9a7-43a9-42d9-986d-5001d922bf85*D8470269639734CF0C36703902D17484597932F725351EEFBC5AED7FADAC359A",
        "resourceId": "/subscriptions/ce1bff77-08c1-4199-b7a5-52194a42b6ce/resourceGroups/Communication-RG-7670/providers/Microsoft.Communication/emailServices/email-service-904",
        "status": "Deleting",
        "startTime": "2023-03-20T03:33:13.3124777Z"
      }
    },
    {
      "RequestUri": "https://api-dogfood.resources.windows-int.net/subscriptions/ce1bff77-08c1-4199-b7a5-52194a42b6ce/providers/Microsoft.Communication/locations/CENTRALUS/operationStatuses/7940b9a7-43a9-42d9-986d-5001d922bf85*D8470269639734CF0C36703902D17484597932F725351EEFBC5AED7FADAC359A?api-version=2023-03-01-preview",
      "RequestMethod": "GET",
      "RequestHeaders": {
        "Authorization": "Sanitized",
        "traceparent": "00-adf177975566e19086ce0355ac1b7894-09ca65577f072337-00",
        "User-Agent": "azsdk-net-ResourceManager/1.4.0 (.NET 6.0.15; Microsoft Windows 10.0.22621)",
        "x-ms-client-request-id": "f4870ae1c66fa736be3a8c6b53c2a70c",
        "x-ms-return-client-request-id": "true"
      },
      "RequestBody": null,
      "StatusCode": 202,
      "ResponseHeaders": {
        "Cache-Control": "no-cache",
        "Content-Length": "578",
        "Content-Type": "application/json; charset=utf-8",
        "Date": "Mon, 20 Mar 2023 03:33:47 GMT",
        "ETag": "\u0022ce03d09b-0000-0700-0000-6417d3f90000\u0022",
        "Expires": "-1",
        "Pragma": "no-cache",
        "Strict-Transport-Security": "max-age=31536000; includeSubDomains",
        "X-Cache": "CONFIG_NOCACHE",
        "X-Content-Type-Options": "nosniff",
        "x-ms-client-request-id": "f4870ae1c66fa736be3a8c6b53c2a70c",
        "x-ms-correlation-request-id": "ffb1c5c2-1ace-4335-bd30-fe48c98369e4",
        "x-ms-ratelimit-remaining-subscription-reads": "14484",
        "x-ms-request-id": "f7752b8d-c60b-466c-b78b-f8e8f0f4641b",
        "x-ms-routing-request-id": "CENTRALUS:20230320T033347Z:ffb1c5c2-1ace-4335-bd30-fe48c98369e4",
        "X-MSEdge-Ref": "Ref A: 96415C73488F4952A134A8DDEDE940FF Ref B: STBEDGE0519 Ref C: 2023-03-20T03:33:47Z"
      },
      "ResponseBody": {
        "id": "/subscriptions/ce1bff77-08c1-4199-b7a5-52194a42b6ce/providers/Microsoft.Communication/locations/CENTRALUS/operationStatuses/7940b9a7-43a9-42d9-986d-5001d922bf85*D8470269639734CF0C36703902D17484597932F725351EEFBC5AED7FADAC359A",
        "name": "7940b9a7-43a9-42d9-986d-5001d922bf85*D8470269639734CF0C36703902D17484597932F725351EEFBC5AED7FADAC359A",
        "resourceId": "/subscriptions/ce1bff77-08c1-4199-b7a5-52194a42b6ce/resourceGroups/Communication-RG-7670/providers/Microsoft.Communication/emailServices/email-service-904",
        "status": "Deleting",
        "startTime": "2023-03-20T03:33:13.3124777Z"
      }
    },
    {
      "RequestUri": "https://api-dogfood.resources.windows-int.net/subscriptions/ce1bff77-08c1-4199-b7a5-52194a42b6ce/providers/Microsoft.Communication/locations/CENTRALUS/operationStatuses/7940b9a7-43a9-42d9-986d-5001d922bf85*D8470269639734CF0C36703902D17484597932F725351EEFBC5AED7FADAC359A?api-version=2023-03-01-preview",
      "RequestMethod": "GET",
      "RequestHeaders": {
        "Authorization": "Sanitized",
        "traceparent": "00-adf177975566e19086ce0355ac1b7894-86c60b23a6efc433-00",
        "User-Agent": "azsdk-net-ResourceManager/1.4.0 (.NET 6.0.15; Microsoft Windows 10.0.22621)",
        "x-ms-client-request-id": "dce67f253e1f54ac175c9d64d42ae85f",
        "x-ms-return-client-request-id": "true"
      },
      "RequestBody": null,
      "StatusCode": 202,
      "ResponseHeaders": {
        "Cache-Control": "no-cache",
        "Content-Length": "578",
        "Content-Type": "application/json; charset=utf-8",
        "Date": "Mon, 20 Mar 2023 03:34:19 GMT",
        "ETag": "\u0022ce03d09b-0000-0700-0000-6417d3f90000\u0022",
        "Expires": "-1",
        "Pragma": "no-cache",
        "Strict-Transport-Security": "max-age=31536000; includeSubDomains",
        "X-Cache": "CONFIG_NOCACHE",
        "X-Content-Type-Options": "nosniff",
        "x-ms-client-request-id": "dce67f253e1f54ac175c9d64d42ae85f",
        "x-ms-correlation-request-id": "26f95492-face-48e3-970b-acfb8eea54e5",
        "x-ms-ratelimit-remaining-subscription-reads": "14481",
        "x-ms-request-id": "f85d679b-85c1-4dbc-8b57-b0d3de497a02",
        "x-ms-routing-request-id": "CENTRALUS:20230320T033420Z:26f95492-face-48e3-970b-acfb8eea54e5",
        "X-MSEdge-Ref": "Ref A: 69BD8E51594642B6922C7969AB113F62 Ref B: STBEDGE0519 Ref C: 2023-03-20T03:34:19Z"
      },
      "ResponseBody": {
        "id": "/subscriptions/ce1bff77-08c1-4199-b7a5-52194a42b6ce/providers/Microsoft.Communication/locations/CENTRALUS/operationStatuses/7940b9a7-43a9-42d9-986d-5001d922bf85*D8470269639734CF0C36703902D17484597932F725351EEFBC5AED7FADAC359A",
        "name": "7940b9a7-43a9-42d9-986d-5001d922bf85*D8470269639734CF0C36703902D17484597932F725351EEFBC5AED7FADAC359A",
        "resourceId": "/subscriptions/ce1bff77-08c1-4199-b7a5-52194a42b6ce/resourceGroups/Communication-RG-7670/providers/Microsoft.Communication/emailServices/email-service-904",
        "status": "Deleting",
        "startTime": "2023-03-20T03:33:13.3124777Z"
      }
    },
    {
      "RequestUri": "https://api-dogfood.resources.windows-int.net/subscriptions/ce1bff77-08c1-4199-b7a5-52194a42b6ce/providers/Microsoft.Communication/locations/CENTRALUS/operationStatuses/7940b9a7-43a9-42d9-986d-5001d922bf85*D8470269639734CF0C36703902D17484597932F725351EEFBC5AED7FADAC359A?api-version=2023-03-01-preview",
      "RequestMethod": "GET",
      "RequestHeaders": {
        "Authorization": "Sanitized",
        "traceparent": "00-adf177975566e19086ce0355ac1b7894-e86b11d49e36a433-00",
        "User-Agent": "azsdk-net-ResourceManager/1.4.0 (.NET 6.0.15; Microsoft Windows 10.0.22621)",
        "x-ms-client-request-id": "5b127d1091be320f4c2ed53627f16e26",
        "x-ms-return-client-request-id": "true"
      },
      "RequestBody": null,
      "StatusCode": 202,
      "ResponseHeaders": {
        "Cache-Control": "no-cache",
        "Content-Length": "578",
        "Content-Type": "application/json; charset=utf-8",
        "Date": "Mon, 20 Mar 2023 03:34:51 GMT",
        "ETag": "\u0022ce03d09b-0000-0700-0000-6417d3f90000\u0022",
        "Expires": "-1",
        "Pragma": "no-cache",
        "Strict-Transport-Security": "max-age=31536000; includeSubDomains",
        "X-Cache": "CONFIG_NOCACHE",
        "X-Content-Type-Options": "nosniff",
        "x-ms-client-request-id": "5b127d1091be320f4c2ed53627f16e26",
        "x-ms-correlation-request-id": "dcf93e13-75c7-40bc-b9a4-415753ab1757",
        "x-ms-ratelimit-remaining-subscription-reads": "14479",
        "x-ms-request-id": "01d372e8-c886-4568-b3de-5a6a7eaf1e1a",
        "x-ms-routing-request-id": "CENTRALUS:20230320T033452Z:dcf93e13-75c7-40bc-b9a4-415753ab1757",
        "X-MSEdge-Ref": "Ref A: 8B1E913ECFB84D53895BD4FFBB4BB701 Ref B: STBEDGE0519 Ref C: 2023-03-20T03:34:52Z"
      },
      "ResponseBody": {
        "id": "/subscriptions/ce1bff77-08c1-4199-b7a5-52194a42b6ce/providers/Microsoft.Communication/locations/CENTRALUS/operationStatuses/7940b9a7-43a9-42d9-986d-5001d922bf85*D8470269639734CF0C36703902D17484597932F725351EEFBC5AED7FADAC359A",
        "name": "7940b9a7-43a9-42d9-986d-5001d922bf85*D8470269639734CF0C36703902D17484597932F725351EEFBC5AED7FADAC359A",
        "resourceId": "/subscriptions/ce1bff77-08c1-4199-b7a5-52194a42b6ce/resourceGroups/Communication-RG-7670/providers/Microsoft.Communication/emailServices/email-service-904",
        "status": "Deleting",
        "startTime": "2023-03-20T03:33:13.3124777Z"
      }
    },
    {
      "RequestUri": "https://api-dogfood.resources.windows-int.net/subscriptions/ce1bff77-08c1-4199-b7a5-52194a42b6ce/providers/Microsoft.Communication/locations/CENTRALUS/operationStatuses/7940b9a7-43a9-42d9-986d-5001d922bf85*D8470269639734CF0C36703902D17484597932F725351EEFBC5AED7FADAC359A?api-version=2023-03-01-preview",
      "RequestMethod": "GET",
      "RequestHeaders": {
        "Authorization": "Sanitized",
        "traceparent": "00-adf177975566e19086ce0355ac1b7894-6c5f9a249288fe60-00",
        "User-Agent": "azsdk-net-ResourceManager/1.4.0 (.NET 6.0.15; Microsoft Windows 10.0.22621)",
        "x-ms-client-request-id": "77b36245dc01a3ca5d33dd1228d1d393",
        "x-ms-return-client-request-id": "true"
      },
      "RequestBody": null,
      "StatusCode": 200,
      "ResponseHeaders": {
        "Cache-Control": "no-cache",
        "Content-Length": "597",
        "Content-Type": "application/json; charset=utf-8",
        "Date": "Mon, 20 Mar 2023 03:35:23 GMT",
        "ETag": "\u0022ce0338ab-0000-0700-0000-6417d4780000\u0022",
        "Expires": "-1",
        "Pragma": "no-cache",
        "Strict-Transport-Security": "max-age=31536000; includeSubDomains",
        "X-Cache": "CONFIG_NOCACHE",
        "X-Content-Type-Options": "nosniff",
        "x-ms-client-request-id": "77b36245dc01a3ca5d33dd1228d1d393",
        "x-ms-correlation-request-id": "05961839-8eff-48ab-82b5-e6e437f01a88",
        "x-ms-ratelimit-remaining-subscription-reads": "14486",
        "x-ms-request-id": "3fb34d08-b823-4930-a877-e4816cd01cba",
        "x-ms-routing-request-id": "CENTRALUS:20230320T033524Z:05961839-8eff-48ab-82b5-e6e437f01a88",
        "X-MSEdge-Ref": "Ref A: FDB2FAC985834D07ABE9952FDF35C888 Ref B: STBEDGE0519 Ref C: 2023-03-20T03:35:24Z"
      },
      "ResponseBody": {
        "id": "/subscriptions/ce1bff77-08c1-4199-b7a5-52194a42b6ce/providers/Microsoft.Communication/locations/CENTRALUS/operationStatuses/7940b9a7-43a9-42d9-986d-5001d922bf85*D8470269639734CF0C36703902D17484597932F725351EEFBC5AED7FADAC359A",
        "name": "7940b9a7-43a9-42d9-986d-5001d922bf85*D8470269639734CF0C36703902D17484597932F725351EEFBC5AED7FADAC359A",
        "resourceId": "/subscriptions/ce1bff77-08c1-4199-b7a5-52194a42b6ce/resourceGroups/Communication-RG-7670/providers/Microsoft.Communication/emailServices/email-service-904",
        "status": "Succeeded",
        "startTime": "2023-03-20T03:33:13.3124777Z",
        "properties": null
      }
    }
  ],
  "Variables": {
    "AZURE_AUTHORITY_HOST": "https://login.windows-ppe.net/",
    "RandomSeed": "655201143",
    "RESOURCE_MANAGER_URL": "https://api-dogfood.resources.windows-int.net/",
    "SERVICE_MANAGEMENT_URL": "https://management.core.windows.net/",
    "SUBSCRIPTION_ID": "ce1bff77-08c1-4199-b7a5-52194a42b6ce"
  }
}
