{
  "Entries": [
    {
      "RequestUri": "https://api-dogfood.resources.windows-int.net/subscriptions/ce1bff77-08c1-4199-b7a5-52194a42b6ce/resourcegroups/Communication-RG-7488?api-version=**",
      "RequestMethod": "GET",
      "RequestHeaders": {
        "Accept": "application/json",
        "Authorization": "Sanitized",
        "traceparent": "00-35e0378fd5b7d931f69d88bcaa63d980-39467bff5cbf709a-00",
        "User-Agent": "azsdk-net-ResourceManager/1.4.0 (.NET 6.0.15; Microsoft Windows 10.0.22621)",
        "x-ms-client-request-id": "6f3e344274f2ca0294a064a8f6d7f0e7",
        "x-ms-return-client-request-id": "true"
      },
      "RequestBody": null,
      "StatusCode": 200,
      "ResponseHeaders": {
        "Cache-Control": "no-cache",
        "Content-Length": "240",
        "Content-Type": "application/json; charset=utf-8",
        "Date": "Fri, 17 Mar 2023 07:52:29 GMT",
        "Expires": "-1",
        "Pragma": "no-cache",
        "Strict-Transport-Security": "max-age=31536000; includeSubDomains",
        "X-Cache": "CONFIG_NOCACHE",
        "X-Content-Type-Options": "nosniff",
        "x-ms-correlation-request-id": "ed56cdae-6c12-41ce-8357-72ab546c563f",
        "x-ms-ratelimit-remaining-subscription-reads": "14760",
        "x-ms-request-id": "ed56cdae-6c12-41ce-8357-72ab546c563f",
        "x-ms-routing-request-id": "CENTRALUS:20230317T075230Z:ed56cdae-6c12-41ce-8357-72ab546c563f",
        "X-MSEdge-Ref": "Ref A: 1CE27185F74D428087808D06C3009F7B Ref B: STBEDGE0514 Ref C: 2023-03-17T07:52:29Z"
      },
      "ResponseBody": {
        "id": "/subscriptions/ce1bff77-08c1-4199-b7a5-52194a42b6ce/resourceGroups/Communication-RG-7488",
        "name": "Communication-RG-7488",
        "type": "Microsoft.Resources/resourceGroups",
        "location": "westus2",
        "properties": {
          "provisioningState": "Succeeded"
        }
      }
    },
    {
      "RequestUri": "https://api-dogfood.resources.windows-int.net/subscriptions/ce1bff77-08c1-4199-b7a5-52194a42b6ce/resourceGroups/Communication-RG-7488/providers/Microsoft.Communication/emailServices/email-service-9710?api-version=2023-03-01-preview",
      "RequestMethod": "PUT",
      "RequestHeaders": {
        "Accept": "application/json",
        "Authorization": "Sanitized",
        "Content-Length": "76",
        "Content-Type": "application/json",
        "traceparent": "00-74d2b62b93495c44c9ddc4c679d67e40-21aa3e36b38d93c8-00",
        "User-Agent": "azsdk-net-ResourceManager.Communication/1.1.0-alpha.20230316.1 (.NET 6.0.15; Microsoft Windows 10.0.22621)",
        "x-ms-client-request-id": "9c3428e46b40ce3cd7d3566b0e2ee806",
        "x-ms-return-client-request-id": "true"
      },
      "RequestBody": {
        "tags": {},
        "location": "global",
        "properties": {
          "dataLocation": "UnitedStates"
        }
      },
      "StatusCode": 201,
      "ResponseHeaders": {
        "Azure-AsyncNotification": "Enabled",
        "Azure-AsyncOperation": "https://api-dogfood.resources.windows-int.net/subscriptions/ce1bff77-08c1-4199-b7a5-52194a42b6ce/providers/Microsoft.Communication/locations/CENTRALUS/operationStatuses/06e830c6-03e6-4375-a931-df0b4c6fe66f*5B394EA9B9A4D06C4B8C1C9DACB5AC383A5BA111A11886EB71BE4BBDE4765B3A?api-version=2023-03-01-preview",
        "Cache-Control": "no-cache",
        "Content-Length": "623",
        "Content-Type": "application/json; charset=utf-8",
        "Date": "Fri, 17 Mar 2023 07:52:30 GMT",
        "ETag": "\u0022fd001636-0000-0700-0000-64141c3e0000\u0022",
        "Expires": "-1",
        "mise-correlation-id": "6b620d5e-0261-492d-9b88-fd074c17da57",
        "Pragma": "no-cache",
        "Request-Context": "appId=",
        "Strict-Transport-Security": "max-age=31536000; includeSubDomains",
        "X-Cache": "CONFIG_NOCACHE",
        "X-Content-Type-Options": "nosniff",
        "x-ms-client-request-id": "9c3428e46b40ce3cd7d3566b0e2ee806",
        "x-ms-correlation-request-id": "12478e65-9080-433a-999f-351b1d0d383a",
        "x-ms-providerhub-traffic": "True",
        "x-ms-ratelimit-remaining-subscription-writes": "1185",
        "x-ms-request-id": "06e830c6-03e6-4375-a931-df0b4c6fe66f",
        "x-ms-resource-provider-hint": "noPolling",
        "x-ms-routing-request-id": "CENTRALUS:20230317T075231Z:12478e65-9080-433a-999f-351b1d0d383a",
        "X-MSEdge-Ref": "Ref A: 18E7CDC9AF85496B9EE574535D6DB928 Ref B: STBEDGE0514 Ref C: 2023-03-17T07:52:30Z"
      },
      "ResponseBody": {
        "id": "/subscriptions/ce1bff77-08c1-4199-b7a5-52194a42b6ce/resourceGroups/Communication-RG-7488/providers/Microsoft.Communication/emailServices/email-service-9710",
        "name": "email-service-9710",
        "type": "microsoft.communication/emailservices",
        "location": "global",
        "tags": {},
        "systemData": {
          "createdBy": "dd5e080b-9821-4976-9ab1-c95d8cc8eafa",
          "createdByType": "Application",
          "createdAt": "2023-03-17T07:52:30.5342393Z",
          "lastModifiedBy": "dd5e080b-9821-4976-9ab1-c95d8cc8eafa",
          "lastModifiedByType": "Application",
          "lastModifiedAt": "2023-03-17T07:52:30.5342393Z"
        },
        "properties": {
          "dataLocation": "UnitedStates",
          "provisioningState": "Accepted"
        }
      }
    },
    {
      "RequestUri": "https://api-dogfood.resources.windows-int.net/subscriptions/ce1bff77-08c1-4199-b7a5-52194a42b6ce/providers/Microsoft.Communication/locations/CENTRALUS/operationStatuses/06e830c6-03e6-4375-a931-df0b4c6fe66f*5B394EA9B9A4D06C4B8C1C9DACB5AC383A5BA111A11886EB71BE4BBDE4765B3A?api-version=2023-03-01-preview",
      "RequestMethod": "GET",
      "RequestHeaders": {
        "Authorization": "Sanitized",
        "traceparent": "00-74d2b62b93495c44c9ddc4c679d67e40-0456f94f4a23c1c1-00",
        "User-Agent": "azsdk-net-ResourceManager/1.4.0 (.NET 6.0.15; Microsoft Windows 10.0.22621)",
        "x-ms-client-request-id": "0309743f3004c90101a01ba1ab5f8671",
        "x-ms-return-client-request-id": "true"
      },
      "RequestBody": null,
      "StatusCode": 200,
      "ResponseHeaders": {
        "Cache-Control": "no-cache",
        "Content-Length": "579",
        "Content-Type": "application/json; charset=utf-8",
        "Date": "Fri, 17 Mar 2023 07:52:30 GMT",
        "ETag": "\u0022290393aa-0000-0700-0000-64141c3e0000\u0022",
        "Expires": "-1",
        "Pragma": "no-cache",
        "Strict-Transport-Security": "max-age=31536000; includeSubDomains",
        "X-Cache": "CONFIG_NOCACHE",
        "X-Content-Type-Options": "nosniff",
        "x-ms-client-request-id": "0309743f3004c90101a01ba1ab5f8671",
        "x-ms-correlation-request-id": "34f5161e-4e8b-4986-a7a1-be7d747af0ac",
        "x-ms-ratelimit-remaining-subscription-reads": "14759",
        "x-ms-request-id": "fb0feff3-42a0-4e6c-b5a7-562f0b8ee03e",
        "x-ms-routing-request-id": "CENTRALUS:20230317T075231Z:34f5161e-4e8b-4986-a7a1-be7d747af0ac",
        "X-MSEdge-Ref": "Ref A: C4C28E1DBBD14C829C23B6BBA2F7374C Ref B: STBEDGE0514 Ref C: 2023-03-17T07:52:31Z"
      },
      "ResponseBody": {
        "id": "/subscriptions/ce1bff77-08c1-4199-b7a5-52194a42b6ce/providers/Microsoft.Communication/locations/CENTRALUS/operationStatuses/06e830c6-03e6-4375-a931-df0b4c6fe66f*5B394EA9B9A4D06C4B8C1C9DACB5AC383A5BA111A11886EB71BE4BBDE4765B3A",
        "name": "06e830c6-03e6-4375-a931-df0b4c6fe66f*5B394EA9B9A4D06C4B8C1C9DACB5AC383A5BA111A11886EB71BE4BBDE4765B3A",
        "resourceId": "/subscriptions/ce1bff77-08c1-4199-b7a5-52194a42b6ce/resourceGroups/Communication-RG-7488/providers/Microsoft.Communication/emailServices/email-service-9710",
        "status": "Accepted",
        "startTime": "2023-03-17T07:52:30.6454635Z"
      }
    },
    {
      "RequestUri": "https://api-dogfood.resources.windows-int.net/subscriptions/ce1bff77-08c1-4199-b7a5-52194a42b6ce/providers/Microsoft.Communication/locations/CENTRALUS/operationStatuses/06e830c6-03e6-4375-a931-df0b4c6fe66f*5B394EA9B9A4D06C4B8C1C9DACB5AC383A5BA111A11886EB71BE4BBDE4765B3A?api-version=2023-03-01-preview",
      "RequestMethod": "GET",
      "RequestHeaders": {
        "Authorization": "Sanitized",
        "traceparent": "00-74d2b62b93495c44c9ddc4c679d67e40-39080e7eacb836c0-00",
        "User-Agent": "azsdk-net-ResourceManager/1.4.0 (.NET 6.0.15; Microsoft Windows 10.0.22621)",
        "x-ms-client-request-id": "3d0da27b10780af5575bc71d891bdc20",
        "x-ms-return-client-request-id": "true"
      },
      "RequestBody": null,
      "StatusCode": 200,
      "ResponseHeaders": {
        "Cache-Control": "no-cache",
        "Content-Length": "579",
        "Content-Type": "application/json; charset=utf-8",
        "Date": "Fri, 17 Mar 2023 07:52:31 GMT",
        "ETag": "\u0022290393aa-0000-0700-0000-64141c3e0000\u0022",
        "Expires": "-1",
        "Pragma": "no-cache",
        "Strict-Transport-Security": "max-age=31536000; includeSubDomains",
        "X-Cache": "CONFIG_NOCACHE",
        "X-Content-Type-Options": "nosniff",
        "x-ms-client-request-id": "3d0da27b10780af5575bc71d891bdc20",
        "x-ms-correlation-request-id": "6327ee98-ae3f-435f-beb3-11769a9327ec",
        "x-ms-ratelimit-remaining-subscription-reads": "14834",
        "x-ms-request-id": "adabc71a-d58c-4439-9d45-794266196762",
        "x-ms-routing-request-id": "CENTRALUS:20230317T075232Z:6327ee98-ae3f-435f-beb3-11769a9327ec",
        "X-MSEdge-Ref": "Ref A: 4F33C72EC45C4D7D9A2EAF48806C9804 Ref B: STBEDGE0514 Ref C: 2023-03-17T07:52:32Z"
      },
      "ResponseBody": {
        "id": "/subscriptions/ce1bff77-08c1-4199-b7a5-52194a42b6ce/providers/Microsoft.Communication/locations/CENTRALUS/operationStatuses/06e830c6-03e6-4375-a931-df0b4c6fe66f*5B394EA9B9A4D06C4B8C1C9DACB5AC383A5BA111A11886EB71BE4BBDE4765B3A",
        "name": "06e830c6-03e6-4375-a931-df0b4c6fe66f*5B394EA9B9A4D06C4B8C1C9DACB5AC383A5BA111A11886EB71BE4BBDE4765B3A",
        "resourceId": "/subscriptions/ce1bff77-08c1-4199-b7a5-52194a42b6ce/resourceGroups/Communication-RG-7488/providers/Microsoft.Communication/emailServices/email-service-9710",
        "status": "Accepted",
        "startTime": "2023-03-17T07:52:30.6454635Z"
      }
    },
    {
      "RequestUri": "https://api-dogfood.resources.windows-int.net/subscriptions/ce1bff77-08c1-4199-b7a5-52194a42b6ce/providers/Microsoft.Communication/locations/CENTRALUS/operationStatuses/06e830c6-03e6-4375-a931-df0b4c6fe66f*5B394EA9B9A4D06C4B8C1C9DACB5AC383A5BA111A11886EB71BE4BBDE4765B3A?api-version=2023-03-01-preview",
      "RequestMethod": "GET",
      "RequestHeaders": {
        "Authorization": "Sanitized",
        "traceparent": "00-74d2b62b93495c44c9ddc4c679d67e40-e61ea9e453b61421-00",
        "User-Agent": "azsdk-net-ResourceManager/1.4.0 (.NET 6.0.15; Microsoft Windows 10.0.22621)",
        "x-ms-client-request-id": "9a2b9a76e424b80197aed492be2f2c76",
        "x-ms-return-client-request-id": "true"
      },
      "RequestBody": null,
      "StatusCode": 200,
      "ResponseHeaders": {
        "Cache-Control": "no-cache",
        "Content-Length": "579",
        "Content-Type": "application/json; charset=utf-8",
        "Date": "Fri, 17 Mar 2023 07:52:32 GMT",
        "ETag": "\u0022290393aa-0000-0700-0000-64141c3e0000\u0022",
        "Expires": "-1",
        "Pragma": "no-cache",
        "Strict-Transport-Security": "max-age=31536000; includeSubDomains",
        "X-Cache": "CONFIG_NOCACHE",
        "X-Content-Type-Options": "nosniff",
        "x-ms-client-request-id": "9a2b9a76e424b80197aed492be2f2c76",
        "x-ms-correlation-request-id": "5ab0b167-4ebe-4ab5-aae8-8dd196cf110b",
        "x-ms-ratelimit-remaining-subscription-reads": "14758",
        "x-ms-request-id": "e29d5fec-fcb2-47e5-b414-0cb79e76c998",
        "x-ms-routing-request-id": "CENTRALUS:20230317T075233Z:5ab0b167-4ebe-4ab5-aae8-8dd196cf110b",
        "X-MSEdge-Ref": "Ref A: 8ABC222625114FF98EED7858D9F6A2DA Ref B: STBEDGE0514 Ref C: 2023-03-17T07:52:33Z"
      },
      "ResponseBody": {
        "id": "/subscriptions/ce1bff77-08c1-4199-b7a5-52194a42b6ce/providers/Microsoft.Communication/locations/CENTRALUS/operationStatuses/06e830c6-03e6-4375-a931-df0b4c6fe66f*5B394EA9B9A4D06C4B8C1C9DACB5AC383A5BA111A11886EB71BE4BBDE4765B3A",
        "name": "06e830c6-03e6-4375-a931-df0b4c6fe66f*5B394EA9B9A4D06C4B8C1C9DACB5AC383A5BA111A11886EB71BE4BBDE4765B3A",
        "resourceId": "/subscriptions/ce1bff77-08c1-4199-b7a5-52194a42b6ce/resourceGroups/Communication-RG-7488/providers/Microsoft.Communication/emailServices/email-service-9710",
        "status": "Accepted",
        "startTime": "2023-03-17T07:52:30.6454635Z"
      }
    },
    {
      "RequestUri": "https://api-dogfood.resources.windows-int.net/subscriptions/ce1bff77-08c1-4199-b7a5-52194a42b6ce/providers/Microsoft.Communication/locations/CENTRALUS/operationStatuses/06e830c6-03e6-4375-a931-df0b4c6fe66f*5B394EA9B9A4D06C4B8C1C9DACB5AC383A5BA111A11886EB71BE4BBDE4765B3A?api-version=2023-03-01-preview",
      "RequestMethod": "GET",
      "RequestHeaders": {
        "Authorization": "Sanitized",
        "traceparent": "00-74d2b62b93495c44c9ddc4c679d67e40-a3f1f978bdc21423-00",
        "User-Agent": "azsdk-net-ResourceManager/1.4.0 (.NET 6.0.15; Microsoft Windows 10.0.22621)",
        "x-ms-client-request-id": "50a56f9d1ea82e427efeaca869e43fe6",
        "x-ms-return-client-request-id": "true"
      },
      "RequestBody": null,
      "StatusCode": 200,
      "ResponseHeaders": {
        "Cache-Control": "no-cache",
        "Content-Length": "579",
        "Content-Type": "application/json; charset=utf-8",
        "Date": "Fri, 17 Mar 2023 07:52:34 GMT",
        "ETag": "\u0022290393aa-0000-0700-0000-64141c3e0000\u0022",
        "Expires": "-1",
        "Pragma": "no-cache",
        "Strict-Transport-Security": "max-age=31536000; includeSubDomains",
        "X-Cache": "CONFIG_NOCACHE",
        "X-Content-Type-Options": "nosniff",
        "x-ms-client-request-id": "50a56f9d1ea82e427efeaca869e43fe6",
        "x-ms-correlation-request-id": "f0afe0b5-1743-41d8-9098-a976f6480a61",
        "x-ms-ratelimit-remaining-subscription-reads": "14833",
        "x-ms-request-id": "bd8d6544-7489-4f29-bcb2-76ff1af78f9f",
        "x-ms-routing-request-id": "CENTRALUS:20230317T075234Z:f0afe0b5-1743-41d8-9098-a976f6480a61",
        "X-MSEdge-Ref": "Ref A: 5941D06B5B0F4C8E95EFFD81FA87BC0D Ref B: STBEDGE0514 Ref C: 2023-03-17T07:52:34Z"
      },
      "ResponseBody": {
        "id": "/subscriptions/ce1bff77-08c1-4199-b7a5-52194a42b6ce/providers/Microsoft.Communication/locations/CENTRALUS/operationStatuses/06e830c6-03e6-4375-a931-df0b4c6fe66f*5B394EA9B9A4D06C4B8C1C9DACB5AC383A5BA111A11886EB71BE4BBDE4765B3A",
        "name": "06e830c6-03e6-4375-a931-df0b4c6fe66f*5B394EA9B9A4D06C4B8C1C9DACB5AC383A5BA111A11886EB71BE4BBDE4765B3A",
        "resourceId": "/subscriptions/ce1bff77-08c1-4199-b7a5-52194a42b6ce/resourceGroups/Communication-RG-7488/providers/Microsoft.Communication/emailServices/email-service-9710",
        "status": "Accepted",
        "startTime": "2023-03-17T07:52:30.6454635Z"
      }
    },
    {
      "RequestUri": "https://api-dogfood.resources.windows-int.net/subscriptions/ce1bff77-08c1-4199-b7a5-52194a42b6ce/providers/Microsoft.Communication/locations/CENTRALUS/operationStatuses/06e830c6-03e6-4375-a931-df0b4c6fe66f*5B394EA9B9A4D06C4B8C1C9DACB5AC383A5BA111A11886EB71BE4BBDE4765B3A?api-version=2023-03-01-preview",
      "RequestMethod": "GET",
      "RequestHeaders": {
        "Authorization": "Sanitized",
        "traceparent": "00-74d2b62b93495c44c9ddc4c679d67e40-504e17ebde2d2666-00",
        "User-Agent": "azsdk-net-ResourceManager/1.4.0 (.NET 6.0.15; Microsoft Windows 10.0.22621)",
        "x-ms-client-request-id": "112afac4eb34974ca055a6ca3c634c27",
        "x-ms-return-client-request-id": "true"
      },
      "RequestBody": null,
      "StatusCode": 200,
      "ResponseHeaders": {
        "Cache-Control": "no-cache",
        "Content-Length": "579",
        "Content-Type": "application/json; charset=utf-8",
        "Date": "Fri, 17 Mar 2023 07:52:36 GMT",
        "ETag": "\u0022290393aa-0000-0700-0000-64141c3e0000\u0022",
        "Expires": "-1",
        "Pragma": "no-cache",
        "Strict-Transport-Security": "max-age=31536000; includeSubDomains",
        "X-Cache": "CONFIG_NOCACHE",
        "X-Content-Type-Options": "nosniff",
        "x-ms-client-request-id": "112afac4eb34974ca055a6ca3c634c27",
        "x-ms-correlation-request-id": "5ecba1e0-f7d9-43ec-ab60-f5236e8bc55b",
        "x-ms-ratelimit-remaining-subscription-reads": "14757",
        "x-ms-request-id": "31c6a967-fc66-4aac-8a96-cea416d45bd3",
        "x-ms-routing-request-id": "CENTRALUS:20230317T075236Z:5ecba1e0-f7d9-43ec-ab60-f5236e8bc55b",
        "X-MSEdge-Ref": "Ref A: 7ECEFED463894C82AE50051D55FC9A98 Ref B: STBEDGE0514 Ref C: 2023-03-17T07:52:36Z"
      },
      "ResponseBody": {
        "id": "/subscriptions/ce1bff77-08c1-4199-b7a5-52194a42b6ce/providers/Microsoft.Communication/locations/CENTRALUS/operationStatuses/06e830c6-03e6-4375-a931-df0b4c6fe66f*5B394EA9B9A4D06C4B8C1C9DACB5AC383A5BA111A11886EB71BE4BBDE4765B3A",
        "name": "06e830c6-03e6-4375-a931-df0b4c6fe66f*5B394EA9B9A4D06C4B8C1C9DACB5AC383A5BA111A11886EB71BE4BBDE4765B3A",
        "resourceId": "/subscriptions/ce1bff77-08c1-4199-b7a5-52194a42b6ce/resourceGroups/Communication-RG-7488/providers/Microsoft.Communication/emailServices/email-service-9710",
        "status": "Accepted",
        "startTime": "2023-03-17T07:52:30.6454635Z"
      }
    },
    {
      "RequestUri": "https://api-dogfood.resources.windows-int.net/subscriptions/ce1bff77-08c1-4199-b7a5-52194a42b6ce/providers/Microsoft.Communication/locations/CENTRALUS/operationStatuses/06e830c6-03e6-4375-a931-df0b4c6fe66f*5B394EA9B9A4D06C4B8C1C9DACB5AC383A5BA111A11886EB71BE4BBDE4765B3A?api-version=2023-03-01-preview",
      "RequestMethod": "GET",
      "RequestHeaders": {
        "Authorization": "Sanitized",
        "traceparent": "00-74d2b62b93495c44c9ddc4c679d67e40-9561b847986914ae-00",
        "User-Agent": "azsdk-net-ResourceManager/1.4.0 (.NET 6.0.15; Microsoft Windows 10.0.22621)",
        "x-ms-client-request-id": "1a80502e8b75577857fc1c2537594fb3",
        "x-ms-return-client-request-id": "true"
      },
      "RequestBody": null,
      "StatusCode": 200,
      "ResponseHeaders": {
        "Cache-Control": "no-cache",
        "Content-Length": "579",
        "Content-Type": "application/json; charset=utf-8",
        "Date": "Fri, 17 Mar 2023 07:52:40 GMT",
        "ETag": "\u0022290393aa-0000-0700-0000-64141c3e0000\u0022",
        "Expires": "-1",
        "Pragma": "no-cache",
        "Strict-Transport-Security": "max-age=31536000; includeSubDomains",
        "X-Cache": "CONFIG_NOCACHE",
        "X-Content-Type-Options": "nosniff",
        "x-ms-client-request-id": "1a80502e8b75577857fc1c2537594fb3",
        "x-ms-correlation-request-id": "f163f988-7816-4b43-8e74-536ad0a3d304",
        "x-ms-ratelimit-remaining-subscription-reads": "14832",
        "x-ms-request-id": "4adcaadc-861e-4e44-84e9-6ad3dcdd14a4",
        "x-ms-routing-request-id": "CENTRALUS:20230317T075241Z:f163f988-7816-4b43-8e74-536ad0a3d304",
        "X-MSEdge-Ref": "Ref A: 550BC3CF3A5D4261957797EFAD3C6788 Ref B: STBEDGE0514 Ref C: 2023-03-17T07:52:40Z"
      },
      "ResponseBody": {
        "id": "/subscriptions/ce1bff77-08c1-4199-b7a5-52194a42b6ce/providers/Microsoft.Communication/locations/CENTRALUS/operationStatuses/06e830c6-03e6-4375-a931-df0b4c6fe66f*5B394EA9B9A4D06C4B8C1C9DACB5AC383A5BA111A11886EB71BE4BBDE4765B3A",
        "name": "06e830c6-03e6-4375-a931-df0b4c6fe66f*5B394EA9B9A4D06C4B8C1C9DACB5AC383A5BA111A11886EB71BE4BBDE4765B3A",
        "resourceId": "/subscriptions/ce1bff77-08c1-4199-b7a5-52194a42b6ce/resourceGroups/Communication-RG-7488/providers/Microsoft.Communication/emailServices/email-service-9710",
        "status": "Accepted",
        "startTime": "2023-03-17T07:52:30.6454635Z"
      }
    },
    {
      "RequestUri": "https://api-dogfood.resources.windows-int.net/subscriptions/ce1bff77-08c1-4199-b7a5-52194a42b6ce/providers/Microsoft.Communication/locations/CENTRALUS/operationStatuses/06e830c6-03e6-4375-a931-df0b4c6fe66f*5B394EA9B9A4D06C4B8C1C9DACB5AC383A5BA111A11886EB71BE4BBDE4765B3A?api-version=2023-03-01-preview",
      "RequestMethod": "GET",
      "RequestHeaders": {
        "Authorization": "Sanitized",
        "traceparent": "00-74d2b62b93495c44c9ddc4c679d67e40-980cc0ff1819df59-00",
        "User-Agent": "azsdk-net-ResourceManager/1.4.0 (.NET 6.0.15; Microsoft Windows 10.0.22621)",
        "x-ms-client-request-id": "c3cdee6e1b05b142220eb0537877f21a",
        "x-ms-return-client-request-id": "true"
      },
      "RequestBody": null,
      "StatusCode": 200,
      "ResponseHeaders": {
        "Cache-Control": "no-cache",
        "Content-Length": "579",
        "Content-Type": "application/json; charset=utf-8",
        "Date": "Fri, 17 Mar 2023 07:52:48 GMT",
        "ETag": "\u0022290393aa-0000-0700-0000-64141c3e0000\u0022",
        "Expires": "-1",
        "Pragma": "no-cache",
        "Strict-Transport-Security": "max-age=31536000; includeSubDomains",
        "X-Cache": "CONFIG_NOCACHE",
        "X-Content-Type-Options": "nosniff",
        "x-ms-client-request-id": "c3cdee6e1b05b142220eb0537877f21a",
        "x-ms-correlation-request-id": "ed95097d-d362-448f-9b82-30a78bd036d4",
        "x-ms-ratelimit-remaining-subscription-reads": "14756",
        "x-ms-request-id": "2156ffbf-9a2a-45c7-b7b1-b7535594face",
        "x-ms-routing-request-id": "CENTRALUS:20230317T075249Z:ed95097d-d362-448f-9b82-30a78bd036d4",
        "X-MSEdge-Ref": "Ref A: 926312B2E95F49CB93675E9856985519 Ref B: STBEDGE0514 Ref C: 2023-03-17T07:52:49Z"
      },
      "ResponseBody": {
        "id": "/subscriptions/ce1bff77-08c1-4199-b7a5-52194a42b6ce/providers/Microsoft.Communication/locations/CENTRALUS/operationStatuses/06e830c6-03e6-4375-a931-df0b4c6fe66f*5B394EA9B9A4D06C4B8C1C9DACB5AC383A5BA111A11886EB71BE4BBDE4765B3A",
        "name": "06e830c6-03e6-4375-a931-df0b4c6fe66f*5B394EA9B9A4D06C4B8C1C9DACB5AC383A5BA111A11886EB71BE4BBDE4765B3A",
        "resourceId": "/subscriptions/ce1bff77-08c1-4199-b7a5-52194a42b6ce/resourceGroups/Communication-RG-7488/providers/Microsoft.Communication/emailServices/email-service-9710",
        "status": "Accepted",
        "startTime": "2023-03-17T07:52:30.6454635Z"
      }
    },
    {
      "RequestUri": "https://api-dogfood.resources.windows-int.net/subscriptions/ce1bff77-08c1-4199-b7a5-52194a42b6ce/providers/Microsoft.Communication/locations/CENTRALUS/operationStatuses/06e830c6-03e6-4375-a931-df0b4c6fe66f*5B394EA9B9A4D06C4B8C1C9DACB5AC383A5BA111A11886EB71BE4BBDE4765B3A?api-version=2023-03-01-preview",
      "RequestMethod": "GET",
      "RequestHeaders": {
        "Authorization": "Sanitized",
        "traceparent": "00-74d2b62b93495c44c9ddc4c679d67e40-3865883299de446b-00",
        "User-Agent": "azsdk-net-ResourceManager/1.4.0 (.NET 6.0.15; Microsoft Windows 10.0.22621)",
        "x-ms-client-request-id": "187985b22564397082d3b937cf265f46",
        "x-ms-return-client-request-id": "true"
      },
      "RequestBody": null,
      "StatusCode": 200,
      "ResponseHeaders": {
        "Cache-Control": "no-cache",
        "Content-Length": "579",
        "Content-Type": "application/json; charset=utf-8",
        "Date": "Fri, 17 Mar 2023 07:53:04 GMT",
        "ETag": "\u0022290393aa-0000-0700-0000-64141c3e0000\u0022",
        "Expires": "-1",
        "Pragma": "no-cache",
        "Strict-Transport-Security": "max-age=31536000; includeSubDomains",
        "X-Cache": "CONFIG_NOCACHE",
        "X-Content-Type-Options": "nosniff",
        "x-ms-client-request-id": "187985b22564397082d3b937cf265f46",
        "x-ms-correlation-request-id": "94f4dc61-045e-477d-a0b3-caca9ad9395a",
        "x-ms-ratelimit-remaining-subscription-reads": "14831",
        "x-ms-request-id": "f9040861-3b8a-4e76-ad1e-4acd34b257a3",
        "x-ms-routing-request-id": "CENTRALUS:20230317T075305Z:94f4dc61-045e-477d-a0b3-caca9ad9395a",
        "X-MSEdge-Ref": "Ref A: 1573142F8DCC4141A64AFFDABBA50701 Ref B: STBEDGE0514 Ref C: 2023-03-17T07:53:05Z"
      },
      "ResponseBody": {
        "id": "/subscriptions/ce1bff77-08c1-4199-b7a5-52194a42b6ce/providers/Microsoft.Communication/locations/CENTRALUS/operationStatuses/06e830c6-03e6-4375-a931-df0b4c6fe66f*5B394EA9B9A4D06C4B8C1C9DACB5AC383A5BA111A11886EB71BE4BBDE4765B3A",
        "name": "06e830c6-03e6-4375-a931-df0b4c6fe66f*5B394EA9B9A4D06C4B8C1C9DACB5AC383A5BA111A11886EB71BE4BBDE4765B3A",
        "resourceId": "/subscriptions/ce1bff77-08c1-4199-b7a5-52194a42b6ce/resourceGroups/Communication-RG-7488/providers/Microsoft.Communication/emailServices/email-service-9710",
        "status": "Accepted",
        "startTime": "2023-03-17T07:52:30.6454635Z"
      }
    },
    {
      "RequestUri": "https://api-dogfood.resources.windows-int.net/subscriptions/ce1bff77-08c1-4199-b7a5-52194a42b6ce/providers/Microsoft.Communication/locations/CENTRALUS/operationStatuses/06e830c6-03e6-4375-a931-df0b4c6fe66f*5B394EA9B9A4D06C4B8C1C9DACB5AC383A5BA111A11886EB71BE4BBDE4765B3A?api-version=2023-03-01-preview",
      "RequestMethod": "GET",
      "RequestHeaders": {
        "Authorization": "Sanitized",
        "traceparent": "00-74d2b62b93495c44c9ddc4c679d67e40-2903cd82a7842c25-00",
        "User-Agent": "azsdk-net-ResourceManager/1.4.0 (.NET 6.0.15; Microsoft Windows 10.0.22621)",
        "x-ms-client-request-id": "4e5cf305899613220ecef767db24dfe0",
        "x-ms-return-client-request-id": "true"
      },
      "RequestBody": null,
      "StatusCode": 200,
      "ResponseHeaders": {
        "Cache-Control": "no-cache",
        "Content-Length": "598",
        "Content-Type": "application/json; charset=utf-8",
        "Date": "Fri, 17 Mar 2023 07:53:36 GMT",
        "ETag": "\u0022290307b5-0000-0700-0000-64141c800000\u0022",
        "Expires": "-1",
        "Pragma": "no-cache",
        "Strict-Transport-Security": "max-age=31536000; includeSubDomains",
        "X-Cache": "CONFIG_NOCACHE",
        "X-Content-Type-Options": "nosniff",
        "x-ms-client-request-id": "4e5cf305899613220ecef767db24dfe0",
        "x-ms-correlation-request-id": "9a71d5dc-644b-4c66-aec0-6a775aa338ce",
        "x-ms-ratelimit-remaining-subscription-reads": "14755",
        "x-ms-request-id": "661bdbe8-2a82-4cb8-9f39-adc483579e08",
        "x-ms-routing-request-id": "CENTRALUS:20230317T075337Z:9a71d5dc-644b-4c66-aec0-6a775aa338ce",
        "X-MSEdge-Ref": "Ref A: CCB8685812834219BF7BFB8B92870DD6 Ref B: STBEDGE0514 Ref C: 2023-03-17T07:53:37Z"
      },
      "ResponseBody": {
        "id": "/subscriptions/ce1bff77-08c1-4199-b7a5-52194a42b6ce/providers/Microsoft.Communication/locations/CENTRALUS/operationStatuses/06e830c6-03e6-4375-a931-df0b4c6fe66f*5B394EA9B9A4D06C4B8C1C9DACB5AC383A5BA111A11886EB71BE4BBDE4765B3A",
        "name": "06e830c6-03e6-4375-a931-df0b4c6fe66f*5B394EA9B9A4D06C4B8C1C9DACB5AC383A5BA111A11886EB71BE4BBDE4765B3A",
        "resourceId": "/subscriptions/ce1bff77-08c1-4199-b7a5-52194a42b6ce/resourceGroups/Communication-RG-7488/providers/Microsoft.Communication/emailServices/email-service-9710",
        "status": "Succeeded",
        "startTime": "2023-03-17T07:52:30.6454635Z",
        "properties": null
      }
    },
    {
      "RequestUri": "https://api-dogfood.resources.windows-int.net/subscriptions/ce1bff77-08c1-4199-b7a5-52194a42b6ce/resourceGroups/Communication-RG-7488/providers/Microsoft.Communication/emailServices/email-service-9710?api-version=2023-03-01-preview",
      "RequestMethod": "GET",
      "RequestHeaders": {
        "Authorization": "Sanitized",
        "traceparent": "00-74d2b62b93495c44c9ddc4c679d67e40-008acca306348f19-00",
        "User-Agent": "azsdk-net-ResourceManager/1.4.0 (.NET 6.0.15; Microsoft Windows 10.0.22621)",
        "x-ms-client-request-id": "b273010a36df484e7d934032620ae1fb",
        "x-ms-return-client-request-id": "true"
      },
      "RequestBody": null,
      "StatusCode": 200,
      "ResponseHeaders": {
        "Cache-Control": "no-cache",
        "Content-Length": "624",
        "Content-Type": "application/json; charset=utf-8",
        "Date": "Fri, 17 Mar 2023 07:53:37 GMT",
        "ETag": "\u0022fd00be36-0000-0700-0000-64141c440000\u0022",
        "Expires": "-1",
        "Pragma": "no-cache",
        "Strict-Transport-Security": "max-age=31536000; includeSubDomains",
        "X-Cache": "CONFIG_NOCACHE",
        "X-Content-Type-Options": "nosniff",
        "x-ms-client-request-id": "b273010a36df484e7d934032620ae1fb",
        "x-ms-correlation-request-id": "f43c5add-a89d-4717-a6c3-6d0a6aa34348",
        "x-ms-providerhub-traffic": "True",
        "x-ms-ratelimit-remaining-subscription-reads": "14830",
        "x-ms-request-id": "023d7b5f-7302-4f4a-8b4e-29b186842937",
        "x-ms-routing-request-id": "CENTRALUS:20230317T075337Z:f43c5add-a89d-4717-a6c3-6d0a6aa34348",
        "X-MSEdge-Ref": "Ref A: 36AB4AB0370C410C8ABF94CE4AC9DCAC Ref B: STBEDGE0514 Ref C: 2023-03-17T07:53:37Z"
      },
      "ResponseBody": {
        "id": "/subscriptions/ce1bff77-08c1-4199-b7a5-52194a42b6ce/resourceGroups/Communication-RG-7488/providers/Microsoft.Communication/emailServices/email-service-9710",
        "name": "email-service-9710",
        "type": "microsoft.communication/emailservices",
        "location": "global",
        "tags": {},
        "systemData": {
          "createdBy": "dd5e080b-9821-4976-9ab1-c95d8cc8eafa",
          "createdByType": "Application",
          "createdAt": "2023-03-17T07:52:30.5342393Z",
          "lastModifiedBy": "dd5e080b-9821-4976-9ab1-c95d8cc8eafa",
          "lastModifiedByType": "Application",
          "lastModifiedAt": "2023-03-17T07:52:30.5342393Z"
        },
        "properties": {
          "provisioningState": "Succeeded",
          "dataLocation": "UnitedStates"
        }
      }
    },
    {
      "RequestUri": "https://api-dogfood.resources.windows-int.net/subscriptions/ce1bff77-08c1-4199-b7a5-52194a42b6ce?api-version=2021-01-01",
      "RequestMethod": "GET",
      "RequestHeaders": {
        "Accept": "application/json",
        "Authorization": "Sanitized",
        "traceparent": "00-38e3e39549a72756e5254b98fd66d1dd-9a3c6014a20832bb-00",
        "User-Agent": "azsdk-net-ResourceManager/1.4.0 (.NET 6.0.15; Microsoft Windows 10.0.22621)",
        "x-ms-client-request-id": "854d69aea41b2983636609952e085e5e",
        "x-ms-return-client-request-id": "true"
      },
      "RequestBody": null,
      "StatusCode": 200,
      "ResponseHeaders": {
        "Cache-Control": "no-cache",
        "Content-Length": "399",
        "Content-Type": "application/json; charset=utf-8",
        "Date": "Fri, 17 Mar 2023 07:53:37 GMT",
        "Expires": "-1",
        "Pragma": "no-cache",
        "Strict-Transport-Security": "max-age=31536000; includeSubDomains",
        "X-Cache": "CONFIG_NOCACHE",
        "X-Content-Type-Options": "nosniff",
        "x-ms-correlation-request-id": "c8b82185-5a1c-4d5a-9d38-cde0e7309838",
        "x-ms-ratelimit-remaining-subscription-reads": "14754",
        "x-ms-request-id": "c8b82185-5a1c-4d5a-9d38-cde0e7309838",
        "x-ms-routing-request-id": "CENTRALUS:20230317T075337Z:c8b82185-5a1c-4d5a-9d38-cde0e7309838",
        "X-MSEdge-Ref": "Ref A: 3ADF796B21F246E28103CFFC0015D3F5 Ref B: STBEDGE0514 Ref C: 2023-03-17T07:53:37Z"
      },
      "ResponseBody": {
        "id": "/subscriptions/ce1bff77-08c1-4199-b7a5-52194a42b6ce",
        "authorizationSource": "RoleBased",
        "managedByTenants": [],
        "subscriptionId": "ce1bff77-08c1-4199-b7a5-52194a42b6ce",
        "tenantId": "f686d426-8d16-42db-81b7-ab578e110ccd",
        "displayName": "ACS Dogfood Int Env",
        "state": "Enabled",
        "subscriptionPolicies": {
          "locationPlacementId": "Public_2014-09-01",
          "quotaId": "PayAsYouGo_2014-09-01",
          "spendingLimit": "Off"
        }
      }
    },
    {
      "RequestUri": "https://api-dogfood.resources.windows-int.net/subscriptions/ce1bff77-08c1-4199-b7a5-52194a42b6ce/providers/Microsoft.Resources?api-version=**",
      "RequestMethod": "GET",
      "RequestHeaders": {
        "Accept": "application/json",
        "Authorization": "Sanitized",
        "traceparent": "00-38e3e39549a72756e5254b98fd66d1dd-434da2e4dec3cd19-00",
        "User-Agent": "azsdk-net-ResourceManager/1.4.0 (.NET 6.0.15; Microsoft Windows 10.0.22621)",
        "x-ms-client-request-id": "cd2dd9f4acb3cf67a414d00248f0b003",
        "x-ms-return-client-request-id": "true"
      },
      "RequestBody": null,
      "StatusCode": 200,
      "ResponseHeaders": {
        "Cache-Control": "no-cache",
        "Content-Length": "8232",
        "Content-Type": "application/json; charset=utf-8",
        "Date": "Fri, 17 Mar 2023 07:53:37 GMT",
        "Expires": "-1",
        "Pragma": "no-cache",
        "Strict-Transport-Security": "max-age=31536000; includeSubDomains",
        "X-Cache": "CONFIG_NOCACHE",
        "X-Content-Type-Options": "nosniff",
        "x-ms-correlation-request-id": "6513d5b7-82f2-4b35-b95c-b6990e2b49f1",
        "x-ms-ratelimit-remaining-subscription-reads": "14829",
        "x-ms-request-id": "6513d5b7-82f2-4b35-b95c-b6990e2b49f1",
        "x-ms-routing-request-id": "CENTRALUS:20230317T075338Z:6513d5b7-82f2-4b35-b95c-b6990e2b49f1",
        "X-MSEdge-Ref": "Ref A: E5B620B94E30443D85A5508B7B5FDF21 Ref B: STBEDGE0514 Ref C: 2023-03-17T07:53:37Z"
      },
      "ResponseBody": {
        "id": "/subscriptions/ce1bff77-08c1-4199-b7a5-52194a42b6ce/providers/Microsoft.Resources",
        "namespace": "Microsoft.Resources",
        "authorizations": [
          {
            "applicationId": "12a98b7b-dd08-49c0-94b6-4b1b48909d02"
          },
          {
            "applicationId": "3b990c8b-9607-4c2a-8b04-1d41985facca"
          }
        ],
        "resourceTypes": [
          {
            "resourceType": "tagnamespaces",
            "locations": [
              "Australia Central",
              "Australia Central 2",
              "Australia East",
              "Australia Southeast",
              "Brazil South",
              "Brazil Southeast",
              "Canada Central",
              "Canada East",
              "Central India",
              "Central US",
              "Central US EUAP",
              "East Asia",
              "East US",
              "East US 2",
              "East US 2 EUAP",
              "East US SLV",
              "Israel Central",
              "Japan East",
              "Japan West",
              "Korea Central",
              "Korea South",
              "North Central US",
              "Qatar Central",
              "South Africa North",
              "South Africa West",
              "South Central US",
              "South India",
              "Southeast Asia",
              "Taiwan North",
              "UAE Central",
              "UAE North",
              "West Central US",
              "West India",
              "West US",
              "West US 2",
              "West US 3",
              "France Central",
              "France South",
              "Germany North",
              "Germany West Central",
              "Italy North",
              "North Europe",
              "Norway East",
              "Norway West",
              "Poland Central",
              "Sweden South",
              "Sweden Central",
              "Switzerland West",
              "Switzerland North",
              "West Europe",
              "UK South",
              "UK West"
            ],
            "apiVersions": [
              "2023-03-01-preview"
            ],
            "capabilities": "SupportsExtension"
          },
          {
            "resourceType": "tagNamespaceOperationResults",
            "locations": [],
            "apiVersions": [
              "2023-03-01-preview"
            ],
            "capabilities": "None"
          },
          {
            "resourceType": "templateSpecs",
            "locations": [
              "East US",
              "East US 2",
              "West Central US",
              "West US",
              "West US 2",
              "Central US"
            ],
            "apiVersions": [
              "2022-02-01",
              "2021-05-01",
              "2021-03-01-preview",
              "2019-06-01-preview"
            ],
            "capabilities": "CrossResourceGroupResourceMove, CrossSubscriptionResourceMove, SupportsTags, SupportsLocation"
          },
          {
            "resourceType": "templateSpecs/versions",
            "locations": [
              "East US",
              "East US 2",
              "West Central US",
              "West US",
              "West US 2",
              "Central US"
            ],
            "apiVersions": [
              "2022-02-01",
              "2021-05-01",
              "2021-03-01-preview",
              "2019-06-01-preview"
            ],
            "capabilities": "CrossResourceGroupResourceMove, CrossSubscriptionResourceMove, SupportsTags, SupportsLocation"
          },
          {
            "resourceType": "builtInTemplateSpecs",
            "locations": [],
            "apiVersions": [
              "2022-02-01"
            ],
            "capabilities": "None"
          },
          {
            "resourceType": "builtInTemplateSpecs/versions",
            "locations": [],
            "apiVersions": [
              "2022-02-01"
            ],
            "capabilities": "None"
          },
          {
            "resourceType": "deploymentStacks",
            "locations": [
              "East US",
              "East US 2",
              "East US 2 EUAP",
              "West Central US",
              "West US",
              "West US 2",
              "Central US"
            ],
            "apiVersions": [
              "2023-04-01-preview",
              "2022-08-01-preview",
              "2021-05-01-preview"
            ],
            "capabilities": "SupportsExtension"
          },
          {
            "resourceType": "deploymentStacks/snapshots",
            "locations": [
              "East US",
              "East US 2",
              "East US 2 EUAP",
              "West Central US",
              "West US",
              "West US 2",
              "Central US"
            ],
            "apiVersions": [
              "2023-04-01-preview",
              "2022-08-01-preview",
              "2021-05-01-preview"
            ],
            "capabilities": "None"
          },
          {
            "resourceType": "locations/deploymentStackOperationStatus",
            "locations": [
              "East US",
              "East US 2",
              "East US 2 EUAP",
              "West Central US",
              "West US",
              "West US 2",
              "Central US"
            ],
            "apiVersions": [
              "2023-04-01-preview",
              "2022-08-01-preview",
              "2021-05-01-preview"
            ],
            "capabilities": "None"
          },
          {
            "resourceType": "boundaries",
            "locations": [],
            "apiVersions": [
              "2021-09-01-preview"
            ],
            "capabilities": "SupportsExtension"
          },
          {
            "resourceType": "notifyResourceJobs",
            "locations": [],
            "apiVersions": [
              "2019-09-01",
              "2019-05-01",
              "2019-04-01",
              "2019-03-01",
              "2018-11-01",
              "2018-09-01",
              "2018-08-01",
              "2018-07-01",
              "2018-05-01",
              "2018-02-01",
              "2015-01-01",
              "2014-04-01-preview"
            ],
            "capabilities": "None"
          },
          {
            "resourceType": "tenants",
            "locations": [],
            "apiVersions": [
              "2018-05-01",
              "2015-01-01",
              "2014-04-01-preview"
            ],
            "capabilities": "None"
          },
          {
            "resourceType": "locations",
            "locations": [],
            "apiVersions": [
              "2018-05-01",
              "2016-06-01",
              "2016-02-01",
              "2015-11-01",
              "2015-01-01",
              "2014-04-01-preview"
            ],
            "capabilities": "None"
          },
          {
            "resourceType": "providers",
            "locations": [],
            "apiVersions": [
              "2018-05-01",
              "2015-01-01",
              "2014-04-01-preview"
            ],
            "capabilities": "None"
          },
          {
            "resourceType": "checkresourcename",
            "locations": [],
            "apiVersions": [
              "2018-05-01",
              "2015-01-01",
              "2014-04-01-preview"
            ],
            "capabilities": "None"
          },
          {
            "resourceType": "calculateTemplateHash",
            "locations": [],
            "apiVersions": [
              "2018-05-01",
              "2015-01-01",
              "2014-04-01-preview"
            ],
            "capabilities": "None"
          },
          {
            "resourceType": "checkPolicyCompliance",
            "locations": [],
            "apiVersions": [
              "2018-05-01",
              "2018-02-01",
              "2018-01-01",
              "2017-08-01",
              "2017-06-01",
              "2017-05-10",
              "2017-05-01",
              "2017-03-01",
              "2016-09-01",
              "2016-07-01",
              "2016-06-01",
              "2016-02-01",
              "2015-11-01",
              "2015-01-01",
              "2014-04-01-preview"
            ],
            "capabilities": "None"
          },
          {
            "resourceType": "resources",
            "locations": [],
            "apiVersions": [
              "2018-05-01",
              "2015-01-01",
              "2014-04-01-preview"
            ],
            "capabilities": "None"
          },
          {
            "resourceType": "subscriptions",
            "locations": [],
            "apiVersions": [
              "2018-05-01",
              "2015-01-01",
              "2014-04-01-preview"
            ],
            "capabilities": "None"
          },
          {
            "resourceType": "subscriptions/resources",
            "locations": [],
            "apiVersions": [
              "2018-05-01",
              "2015-01-01",
              "2014-04-01-preview"
            ],
            "capabilities": "None"
          },
          {
            "resourceType": "subscriptions/providers",
            "locations": [],
            "apiVersions": [
              "2018-05-01",
              "2015-01-01",
              "2014-04-01-preview"
            ],
            "capabilities": "None"
          },
          {
            "resourceType": "operationresults",
            "locations": [],
            "apiVersions": [
              "2018-05-01",
              "2015-01-01",
              "2014-04-01-preview"
            ],
            "capabilities": "None"
          },
          {
            "resourceType": "subscriptions/operationresults",
            "locations": [],
            "apiVersions": [
              "2018-05-01",
              "2015-01-01",
              "2014-04-01-preview"
            ],
            "capabilities": "None"
          },
          {
            "resourceType": "resourceGroups",
            "locations": [
              "East Asia",
              "Southeast Asia",
              "East US",
              "East US 2",
              "West US",
              "West US 2",
              "West US 3",
              "Central US",
              "North Central US",
              "South Central US",
              "North Europe",
              "West Europe",
              "Japan East",
              "Japan West",
              "Brazil South",
              "Australia Southeast",
              "Australia East"
            ],
            "apiVersions": [
              "2018-05-01",
              "2015-01-01",
              "2014-04-01-preview"
            ],
            "capabilities": "SupportsLocation"
          },
          {
            "resourceType": "subscriptions/resourceGroups",
            "locations": [
              "East Asia",
              "Southeast Asia",
              "East US",
              "East US 2",
              "West US",
              "West US 2",
              "West US 3",
              "Central US",
              "North Central US",
              "South Central US",
              "North Europe",
              "West Europe",
              "Japan East",
              "Japan West",
              "Brazil South",
              "Australia Southeast",
              "Australia East"
            ],
            "apiVersions": [
              "2018-05-01",
              "2015-01-01",
              "2014-04-01-preview"
            ],
            "capabilities": "SupportsLocation"
          },
          {
            "resourceType": "subscriptions/resourcegroups/resources",
            "locations": [],
            "apiVersions": [
              "2018-05-01",
              "2015-01-01",
              "2014-04-01-preview"
            ],
            "capabilities": "None"
          },
          {
            "resourceType": "subscriptions/locations",
            "locations": [],
            "apiVersions": [
              "2018-05-01",
              "2015-01-01",
              "2014-04-01-preview"
            ],
            "capabilities": "None"
          },
          {
            "resourceType": "tags",
            "locations": [],
            "apiVersions": [
              "2019-10-01",
              "2019-05-01",
              "2019-04-01",
              "2019-03-01",
              "2018-11-01"
            ],
            "capabilities": "SupportsExtension"
          },
          {
            "resourceType": "subscriptions/tagnames",
            "locations": [],
            "apiVersions": [
              "2018-05-01",
              "2015-01-01",
              "2014-04-01-preview"
            ],
            "capabilities": "None"
          },
          {
            "resourceType": "subscriptions/tagNames/tagValues",
            "locations": [],
            "apiVersions": [
              "2018-05-01",
              "2015-01-01",
              "2014-04-01-preview"
            ],
            "capabilities": "None"
          },
          {
            "resourceType": "links",
            "locations": [],
            "apiVersions": [
              "2018-05-01",
              "2015-01-01",
              "2014-04-01-preview"
            ],
            "capabilities": "SupportsExtension"
          },
          {
            "resourceType": "deployments",
            "locations": [
              "East US",
              "East US 2",
              "East US 2 EUAP",
              "West Central US",
              "West US",
              "West US 2"
            ],
            "apiVersions": [
              "2021-04-01",
              "2021-01-01",
              "2020-10-01",
              "2020-06-01",
              "2019-08-01",
              "2018-05-01",
              "2016-02-01",
              "2015-11-01",
              "2015-01-01",
              "2014-04-01-preview"
            ],
            "capabilities": "SupportsTags, SupportsExtension"
          },
          {
            "resourceType": "deployments/operations",
            "locations": [
              "East US",
              "East US 2",
              "East US 2 EUAP",
              "West Central US",
              "West US",
              "West US 2"
            ],
            "apiVersions": [
              "2021-04-01",
              "2021-01-01",
              "2020-10-01",
              "2020-06-01",
              "2019-08-01",
              "2018-05-01",
              "2016-02-01",
              "2015-11-01",
              "2015-01-01",
              "2014-04-01-preview"
            ],
            "capabilities": "None"
          },
          {
            "resourceType": "locations/deploymentStatuses",
            "locations": [
              "East US",
              "East US 2",
              "East US 2 EUAP",
              "West Central US",
              "West US",
              "West US 2"
            ],
            "apiVersions": [
              "2021-04-01",
              "2021-01-01",
              "2020-10-01",
              "2020-06-01",
              "2019-08-01",
              "2018-05-01",
              "2016-02-01",
              "2015-11-01",
              "2015-01-01",
              "2014-04-01-preview"
            ],
            "capabilities": "None"
          },
          {
            "resourceType": "validateResources",
            "locations": [],
            "apiVersions": [
              "2022-06-01"
            ],
            "capabilities": "None"
          },
          {
            "resourceType": "operations",
            "locations": [],
            "apiVersions": [
              "2015-01-01"
            ],
            "capabilities": "None"
          },
          {
            "resourceType": "changes",
            "locations": [],
            "apiVersions": [
              "2023-03-01-preview",
              "2022-05-01",
              "2022-03-01-preview"
            ],
            "capabilities": "SupportsExtension"
          }
        ],
        "registrationState": "Registered",
        "registrationPolicy": "RegistrationFree"
      }
    },
    {
      "RequestUri": "https://api-dogfood.resources.windows-int.net/subscriptions/ce1bff77-08c1-4199-b7a5-52194a42b6ce/resourceGroups/Communication-RG-7488/providers/Microsoft.Communication/emailServices/email-service-9710/providers/Microsoft.Resources/tags/default?api-version=**",
      "RequestMethod": "GET",
      "RequestHeaders": {
        "Accept": "application/json",
        "Authorization": "Sanitized",
        "traceparent": "00-38e3e39549a72756e5254b98fd66d1dd-0e2a4dcf050e48b8-00",
        "User-Agent": "azsdk-net-ResourceManager/1.4.0 (.NET 6.0.15; Microsoft Windows 10.0.22621)",
        "x-ms-client-request-id": "71b9fbec59d665c47e4a4f782cb81a74",
        "x-ms-return-client-request-id": "true"
      },
      "RequestBody": null,
      "StatusCode": 200,
      "ResponseHeaders": {
        "Cache-Control": "no-cache",
        "Content-Length": "283",
        "Content-Type": "application/json; charset=utf-8",
        "Date": "Fri, 17 Mar 2023 07:53:37 GMT",
        "Expires": "-1",
        "Pragma": "no-cache",
        "Strict-Transport-Security": "max-age=31536000; includeSubDomains",
        "X-Cache": "CONFIG_NOCACHE",
        "X-Content-Type-Options": "nosniff",
        "x-ms-correlation-request-id": "272cdc69-c30d-4d27-9120-f24dcb1cf0d7",
        "x-ms-ratelimit-remaining-subscription-reads": "14753",
        "x-ms-request-id": "272cdc69-c30d-4d27-9120-f24dcb1cf0d7",
        "x-ms-routing-request-id": "CENTRALUS:20230317T075338Z:272cdc69-c30d-4d27-9120-f24dcb1cf0d7",
        "X-MSEdge-Ref": "Ref A: 7E3E90460FE74394B2ED484F68106D0A Ref B: STBEDGE0514 Ref C: 2023-03-17T07:53:38Z"
      },
      "ResponseBody": {
        "id": "/subscriptions/ce1bff77-08c1-4199-b7a5-52194a42b6ce/resourceGroups/Communication-RG-7488/providers/Microsoft.Communication/EmailServices/email-service-9710/providers/Microsoft.Resources/tags/default",
        "name": "default",
        "type": "Microsoft.Resources/tags",
        "properties": {
          "tags": {}
        }
      }
    },
    {
      "RequestUri": "https://api-dogfood.resources.windows-int.net/subscriptions/ce1bff77-08c1-4199-b7a5-52194a42b6ce/resourceGroups/Communication-RG-7488/providers/Microsoft.Communication/emailServices/email-service-9710/providers/Microsoft.Resources/tags/default?api-version=**",
      "RequestMethod": "PUT",
      "RequestHeaders": {
        "Accept": "application/json",
        "Authorization": "Sanitized",
        "Content-Length": "47",
        "Content-Type": "application/json",
        "traceparent": "00-38e3e39549a72756e5254b98fd66d1dd-ccd76a790cd007ab-00",
        "User-Agent": "azsdk-net-ResourceManager/1.4.0 (.NET 6.0.15; Microsoft Windows 10.0.22621)",
        "x-ms-client-request-id": "893de23514dd0148017ee007d381e173",
        "x-ms-return-client-request-id": "true"
      },
      "RequestBody": {
        "properties": {
          "tags": {
            "testkey": "testvalue"
          }
        }
      },
      "StatusCode": 200,
      "ResponseHeaders": {
        "Cache-Control": "no-cache",
        "Content-Length": "304",
        "Content-Type": "application/json; charset=utf-8",
        "Date": "Fri, 17 Mar 2023 07:53:37 GMT",
        "Expires": "-1",
        "Pragma": "no-cache",
        "Strict-Transport-Security": "max-age=31536000; includeSubDomains",
        "X-Cache": "CONFIG_NOCACHE",
        "X-Content-Type-Options": "nosniff",
        "x-ms-correlation-request-id": "f4750e55-4494-4b30-8408-3f5cf9308870",
        "x-ms-ratelimit-remaining-subscription-writes": "1184",
        "x-ms-request-id": "f4750e55-4494-4b30-8408-3f5cf9308870",
        "x-ms-routing-request-id": "CENTRALUS:20230317T075338Z:f4750e55-4494-4b30-8408-3f5cf9308870",
        "X-MSEdge-Ref": "Ref A: 55AD3A2EC8CE4B1A8870C8FDC4BD8257 Ref B: STBEDGE0514 Ref C: 2023-03-17T07:53:38Z"
      },
      "ResponseBody": {
        "id": "/subscriptions/ce1bff77-08c1-4199-b7a5-52194a42b6ce/resourceGroups/Communication-RG-7488/providers/Microsoft.Communication/EmailServices/email-service-9710/providers/Microsoft.Resources/tags/default",
        "name": "default",
        "type": "Microsoft.Resources/tags",
        "properties": {
          "tags": {
            "testkey": "testvalue"
          }
        }
      }
    },
    {
      "RequestUri": "https://api-dogfood.resources.windows-int.net/subscriptions/ce1bff77-08c1-4199-b7a5-52194a42b6ce/resourceGroups/Communication-RG-7488/providers/Microsoft.Communication/emailServices/email-service-9710?api-version=2023-03-01-preview",
      "RequestMethod": "GET",
      "RequestHeaders": {
        "Accept": "application/json",
        "Authorization": "Sanitized",
        "traceparent": "00-38e3e39549a72756e5254b98fd66d1dd-4002522676f77509-00",
        "User-Agent": "azsdk-net-ResourceManager.Communication/1.1.0-alpha.20230316.1 (.NET 6.0.15; Microsoft Windows 10.0.22621)",
        "x-ms-client-request-id": "65cd5bf927b2d825b2b76f5778bd92fc",
        "x-ms-return-client-request-id": "true"
      },
      "RequestBody": null,
      "StatusCode": 200,
      "ResponseHeaders": {
        "Cache-Control": "no-cache",
        "Content-Length": "645",
        "Content-Type": "application/json; charset=utf-8",
        "Date": "Fri, 17 Mar 2023 07:53:37 GMT",
        "ETag": "\u0022fd009e3b-0000-0700-0000-64141c820000\u0022",
        "Expires": "-1",
        "Pragma": "no-cache",
        "Strict-Transport-Security": "max-age=31536000; includeSubDomains",
        "X-Cache": "CONFIG_NOCACHE",
        "X-Content-Type-Options": "nosniff",
        "x-ms-client-request-id": "65cd5bf927b2d825b2b76f5778bd92fc",
        "x-ms-correlation-request-id": "0cff1eac-14fa-4faa-aef9-711a1d37e22c",
        "x-ms-providerhub-traffic": "True",
        "x-ms-ratelimit-remaining-subscription-reads": "14752",
        "x-ms-request-id": "9d30dc37-389b-4545-812a-bb5fffc64529",
        "x-ms-routing-request-id": "CENTRALUS:20230317T075338Z:0cff1eac-14fa-4faa-aef9-711a1d37e22c",
        "X-MSEdge-Ref": "Ref A: 75CD45D4E250478383A721F3A0586609 Ref B: STBEDGE0514 Ref C: 2023-03-17T07:53:38Z"
      },
      "ResponseBody": {
        "id": "/subscriptions/ce1bff77-08c1-4199-b7a5-52194a42b6ce/resourceGroups/Communication-RG-7488/providers/Microsoft.Communication/emailServices/email-service-9710",
        "name": "email-service-9710",
        "type": "microsoft.communication/emailservices",
        "location": "global",
        "tags": {
          "testkey": "testvalue"
        },
        "systemData": {
          "createdBy": "dd5e080b-9821-4976-9ab1-c95d8cc8eafa",
          "createdByType": "Application",
          "createdAt": "2023-03-17T07:52:30.5342393Z",
          "lastModifiedBy": "dd5e080b-9821-4976-9ab1-c95d8cc8eafa",
          "lastModifiedByType": "Application",
          "lastModifiedAt": "2023-03-17T07:53:38.2844514Z"
        },
        "properties": {
          "provisioningState": "Succeeded",
          "dataLocation": "UnitedStates"
        }
      }
    },
    {
      "RequestUri": "https://api-dogfood.resources.windows-int.net/subscriptions/ce1bff77-08c1-4199-b7a5-52194a42b6ce/resourceGroups/Communication-RG-7488/providers/Microsoft.Communication/emailServices/email-service-9710?api-version=2023-03-01-preview",
      "RequestMethod": "GET",
      "RequestHeaders": {
        "Accept": "application/json",
        "Authorization": "Sanitized",
        "traceparent": "00-6d9ac203fc0042455c4cb07ac41cdc43-63e6a34d4837b405-00",
        "User-Agent": "azsdk-net-ResourceManager.Communication/1.1.0-alpha.20230316.1 (.NET 6.0.15; Microsoft Windows 10.0.22621)",
        "x-ms-client-request-id": "26c2dc69e70f48255aa37416c4e0a413",
        "x-ms-return-client-request-id": "true"
      },
      "RequestBody": null,
      "StatusCode": 200,
      "ResponseHeaders": {
        "Cache-Control": "no-cache",
        "Content-Length": "645",
        "Content-Type": "application/json; charset=utf-8",
        "Date": "Fri, 17 Mar 2023 07:53:38 GMT",
        "ETag": "\u0022fd009e3b-0000-0700-0000-64141c820000\u0022",
        "Expires": "-1",
        "Pragma": "no-cache",
        "Strict-Transport-Security": "max-age=31536000; includeSubDomains",
        "X-Cache": "CONFIG_NOCACHE",
        "X-Content-Type-Options": "nosniff",
        "x-ms-client-request-id": "26c2dc69e70f48255aa37416c4e0a413",
        "x-ms-correlation-request-id": "19279751-03b4-466f-b4e9-7f8acad298ab",
        "x-ms-providerhub-traffic": "True",
        "x-ms-ratelimit-remaining-subscription-reads": "14828",
        "x-ms-request-id": "f0ec4053-ba37-4a32-8179-ff007af9813d",
        "x-ms-routing-request-id": "CENTRALUS:20230317T075338Z:19279751-03b4-466f-b4e9-7f8acad298ab",
        "X-MSEdge-Ref": "Ref A: B285CEEEB673416B9A221AEFA56AE78E Ref B: STBEDGE0514 Ref C: 2023-03-17T07:53:38Z"
      },
      "ResponseBody": {
        "id": "/subscriptions/ce1bff77-08c1-4199-b7a5-52194a42b6ce/resourceGroups/Communication-RG-7488/providers/Microsoft.Communication/emailServices/email-service-9710",
        "name": "email-service-9710",
        "type": "microsoft.communication/emailservices",
        "location": "global",
        "tags": {
          "testkey": "testvalue"
        },
        "systemData": {
          "createdBy": "dd5e080b-9821-4976-9ab1-c95d8cc8eafa",
          "createdByType": "Application",
          "createdAt": "2023-03-17T07:52:30.5342393Z",
          "lastModifiedBy": "dd5e080b-9821-4976-9ab1-c95d8cc8eafa",
          "lastModifiedByType": "Application",
          "lastModifiedAt": "2023-03-17T07:53:38.2844514Z"
        },
        "properties": {
          "provisioningState": "Succeeded",
          "dataLocation": "UnitedStates"
        }
      }
    },
    {
      "RequestUri": "https://api-dogfood.resources.windows-int.net/subscriptions/ce1bff77-08c1-4199-b7a5-52194a42b6ce/resourceGroups/Communication-RG-7488/providers/Microsoft.Communication/emailServices/email-service-9710/providers/Microsoft.Resources/tags/default?api-version=**",
      "RequestMethod": "GET",
      "RequestHeaders": {
        "Accept": "application/json",
        "Authorization": "Sanitized",
        "traceparent": "00-fcf74442d332b046f894008d3a3785f9-ff53ddfb06aa57d5-00",
        "User-Agent": "azsdk-net-ResourceManager/1.4.0 (.NET 6.0.15; Microsoft Windows 10.0.22621)",
        "x-ms-client-request-id": "780df4dc7bb38ec0e0d07f987d302156",
        "x-ms-return-client-request-id": "true"
      },
      "RequestBody": null,
      "StatusCode": 200,
      "ResponseHeaders": {
        "Cache-Control": "no-cache",
        "Content-Length": "304",
        "Content-Type": "application/json; charset=utf-8",
        "Date": "Fri, 17 Mar 2023 07:53:38 GMT",
        "Expires": "-1",
        "Pragma": "no-cache",
        "Strict-Transport-Security": "max-age=31536000; includeSubDomains",
        "X-Cache": "CONFIG_NOCACHE",
        "X-Content-Type-Options": "nosniff",
        "x-ms-correlation-request-id": "068f926d-677d-462c-9207-6055f4be507d",
        "x-ms-ratelimit-remaining-subscription-reads": "14751",
        "x-ms-request-id": "068f926d-677d-462c-9207-6055f4be507d",
        "x-ms-routing-request-id": "CENTRALUS:20230317T075338Z:068f926d-677d-462c-9207-6055f4be507d",
        "X-MSEdge-Ref": "Ref A: C3012FAD01CA4E2BAD410E6C9F2A3A6B Ref B: STBEDGE0514 Ref C: 2023-03-17T07:53:38Z"
      },
      "ResponseBody": {
        "id": "/subscriptions/ce1bff77-08c1-4199-b7a5-52194a42b6ce/resourceGroups/Communication-RG-7488/providers/Microsoft.Communication/EmailServices/email-service-9710/providers/Microsoft.Resources/tags/default",
        "name": "default",
        "type": "Microsoft.Resources/tags",
        "properties": {
          "tags": {
            "testkey": "testvalue"
          }
        }
      }
    },
    {
      "RequestUri": "https://api-dogfood.resources.windows-int.net/subscriptions/ce1bff77-08c1-4199-b7a5-52194a42b6ce/resourceGroups/Communication-RG-7488/providers/Microsoft.Communication/emailServices/email-service-9710/providers/Microsoft.Resources/tags/default?api-version=**",
      "RequestMethod": "PUT",
      "RequestHeaders": {
        "Accept": "application/json",
        "Authorization": "Sanitized",
        "Content-Length": "26",
        "Content-Type": "application/json",
        "traceparent": "00-fcf74442d332b046f894008d3a3785f9-c0a3ae8e66f2aadd-00",
        "User-Agent": "azsdk-net-ResourceManager/1.4.0 (.NET 6.0.15; Microsoft Windows 10.0.22621)",
        "x-ms-client-request-id": "81ff52347b2b12dc36840a0eb20f14d2",
        "x-ms-return-client-request-id": "true"
      },
      "RequestBody": {
        "properties": {
          "tags": {}
        }
      },
      "StatusCode": 200,
      "ResponseHeaders": {
        "Cache-Control": "no-cache",
        "Content-Length": "283",
        "Content-Type": "application/json; charset=utf-8",
        "Date": "Fri, 17 Mar 2023 07:53:38 GMT",
        "Expires": "-1",
        "Pragma": "no-cache",
        "Strict-Transport-Security": "max-age=31536000; includeSubDomains",
        "X-Cache": "CONFIG_NOCACHE",
        "X-Content-Type-Options": "nosniff",
        "x-ms-correlation-request-id": "ea79a7c5-5d8d-4197-8f35-6166ade7d869",
        "x-ms-ratelimit-remaining-subscription-writes": "1183",
        "x-ms-request-id": "ea79a7c5-5d8d-4197-8f35-6166ade7d869",
        "x-ms-routing-request-id": "CENTRALUS:20230317T075339Z:ea79a7c5-5d8d-4197-8f35-6166ade7d869",
        "X-MSEdge-Ref": "Ref A: BD7F05D37237472CA430997146C4A0A3 Ref B: STBEDGE0514 Ref C: 2023-03-17T07:53:38Z"
      },
      "ResponseBody": {
        "id": "/subscriptions/ce1bff77-08c1-4199-b7a5-52194a42b6ce/resourceGroups/Communication-RG-7488/providers/Microsoft.Communication/EmailServices/email-service-9710/providers/Microsoft.Resources/tags/default",
        "name": "default",
        "type": "Microsoft.Resources/tags",
        "properties": {
          "tags": {}
        }
      }
    },
    {
      "RequestUri": "https://api-dogfood.resources.windows-int.net/subscriptions/ce1bff77-08c1-4199-b7a5-52194a42b6ce/resourceGroups/Communication-RG-7488/providers/Microsoft.Communication/emailServices/email-service-9710?api-version=2023-03-01-preview",
      "RequestMethod": "GET",
      "RequestHeaders": {
        "Accept": "application/json",
        "Authorization": "Sanitized",
        "traceparent": "00-fcf74442d332b046f894008d3a3785f9-cb188e4d81cdbb61-00",
        "User-Agent": "azsdk-net-ResourceManager.Communication/1.1.0-alpha.20230316.1 (.NET 6.0.15; Microsoft Windows 10.0.22621)",
        "x-ms-client-request-id": "71e11e8123e060e717fa412f71b2dbd1",
        "x-ms-return-client-request-id": "true"
      },
      "RequestBody": null,
      "StatusCode": 200,
      "ResponseHeaders": {
        "Cache-Control": "no-cache",
        "Content-Length": "624",
        "Content-Type": "application/json; charset=utf-8",
        "Date": "Fri, 17 Mar 2023 07:53:38 GMT",
        "ETag": "\u0022fd00b03b-0000-0700-0000-64141c830000\u0022",
        "Expires": "-1",
        "Pragma": "no-cache",
        "Strict-Transport-Security": "max-age=31536000; includeSubDomains",
        "X-Cache": "CONFIG_NOCACHE",
        "X-Content-Type-Options": "nosniff",
        "x-ms-client-request-id": "71e11e8123e060e717fa412f71b2dbd1",
        "x-ms-correlation-request-id": "d9b9225b-4ce1-41c3-8707-6bb971a5d5b9",
        "x-ms-providerhub-traffic": "True",
        "x-ms-ratelimit-remaining-subscription-reads": "14750",
        "x-ms-request-id": "6981944a-006f-45be-9199-cea52fefc2e5",
        "x-ms-routing-request-id": "CENTRALUS:20230317T075339Z:d9b9225b-4ce1-41c3-8707-6bb971a5d5b9",
        "X-MSEdge-Ref": "Ref A: DB5134DF99B04B4C85503D7FC41885A1 Ref B: STBEDGE0514 Ref C: 2023-03-17T07:53:39Z"
      },
      "ResponseBody": {
        "id": "/subscriptions/ce1bff77-08c1-4199-b7a5-52194a42b6ce/resourceGroups/Communication-RG-7488/providers/Microsoft.Communication/emailServices/email-service-9710",
        "name": "email-service-9710",
        "type": "microsoft.communication/emailservices",
        "location": "global",
        "tags": {},
        "systemData": {
          "createdBy": "dd5e080b-9821-4976-9ab1-c95d8cc8eafa",
          "createdByType": "Application",
          "createdAt": "2023-03-17T07:52:30.5342393Z",
          "lastModifiedBy": "dd5e080b-9821-4976-9ab1-c95d8cc8eafa",
          "lastModifiedByType": "Application",
          "lastModifiedAt": "2023-03-17T07:53:39.0188254Z"
        },
        "properties": {
          "provisioningState": "Succeeded",
          "dataLocation": "UnitedStates"
        }
      }
    },
    {
      "RequestUri": "https://api-dogfood.resources.windows-int.net/subscriptions/ce1bff77-08c1-4199-b7a5-52194a42b6ce/resourceGroups/Communication-RG-7488/providers/Microsoft.Communication/emailServices/email-service-9710?api-version=2023-03-01-preview",
      "RequestMethod": "GET",
      "RequestHeaders": {
        "Accept": "application/json",
        "Authorization": "Sanitized",
        "traceparent": "00-25f5e22677829f46b23c6f2b455166fc-5e550408b395dece-00",
        "User-Agent": "azsdk-net-ResourceManager.Communication/1.1.0-alpha.20230316.1 (.NET 6.0.15; Microsoft Windows 10.0.22621)",
        "x-ms-client-request-id": "2085adbb9db41aa5091265f7359daaa8",
        "x-ms-return-client-request-id": "true"
      },
      "RequestBody": null,
      "StatusCode": 200,
      "ResponseHeaders": {
        "Cache-Control": "no-cache",
        "Content-Length": "624",
        "Content-Type": "application/json; charset=utf-8",
        "Date": "Fri, 17 Mar 2023 07:53:38 GMT",
        "ETag": "\u0022fd00b03b-0000-0700-0000-64141c830000\u0022",
        "Expires": "-1",
        "Pragma": "no-cache",
        "Strict-Transport-Security": "max-age=31536000; includeSubDomains",
        "X-Cache": "CONFIG_NOCACHE",
        "X-Content-Type-Options": "nosniff",
        "x-ms-client-request-id": "2085adbb9db41aa5091265f7359daaa8",
        "x-ms-correlation-request-id": "b4ba0cb6-543d-4703-8439-c183ae5d3ab3",
        "x-ms-providerhub-traffic": "True",
        "x-ms-ratelimit-remaining-subscription-reads": "14827",
        "x-ms-request-id": "bf03c701-c0c8-4b39-8acc-3da9a93b1334",
        "x-ms-routing-request-id": "CENTRALUS:20230317T075339Z:b4ba0cb6-543d-4703-8439-c183ae5d3ab3",
        "X-MSEdge-Ref": "Ref A: 2CA2E9BD40794538A30FEC95D2CDA022 Ref B: STBEDGE0514 Ref C: 2023-03-17T07:53:39Z"
      },
      "ResponseBody": {
        "id": "/subscriptions/ce1bff77-08c1-4199-b7a5-52194a42b6ce/resourceGroups/Communication-RG-7488/providers/Microsoft.Communication/emailServices/email-service-9710",
        "name": "email-service-9710",
        "type": "microsoft.communication/emailservices",
        "location": "global",
        "tags": {},
        "systemData": {
          "createdBy": "dd5e080b-9821-4976-9ab1-c95d8cc8eafa",
          "createdByType": "Application",
          "createdAt": "2023-03-17T07:52:30.5342393Z",
          "lastModifiedBy": "dd5e080b-9821-4976-9ab1-c95d8cc8eafa",
          "lastModifiedByType": "Application",
          "lastModifiedAt": "2023-03-17T07:53:39.0188254Z"
        },
        "properties": {
          "provisioningState": "Succeeded",
          "dataLocation": "UnitedStates"
        }
      }
    },
    {
      "RequestUri": "https://api-dogfood.resources.windows-int.net/subscriptions/ce1bff77-08c1-4199-b7a5-52194a42b6ce/resourceGroups/Communication-RG-7488/providers/Microsoft.Communication/emailServices?api-version=2023-03-01-preview",
      "RequestMethod": "GET",
      "RequestHeaders": {
        "Accept": "application/json",
        "Authorization": "Sanitized",
        "traceparent": "00-c16a31a441757391163b013690d09647-395c16d23059aee9-00",
        "User-Agent": "azsdk-net-ResourceManager.Communication/1.1.0-alpha.20230316.1 (.NET 6.0.15; Microsoft Windows 10.0.22621)",
        "x-ms-client-request-id": "948ce0b8a22deff2741b6cb5d8197c69",
        "x-ms-return-client-request-id": "true"
      },
      "RequestBody": null,
      "StatusCode": 200,
      "ResponseHeaders": {
        "Cache-Control": "no-cache",
        "Content-Length": "636",
        "Content-Type": "application/json; charset=utf-8",
        "Date": "Fri, 17 Mar 2023 07:53:39 GMT",
        "Expires": "-1",
        "Pragma": "no-cache",
        "Strict-Transport-Security": "max-age=31536000; includeSubDomains",
        "X-Cache": "CONFIG_NOCACHE",
        "X-Content-Type-Options": "nosniff",
        "x-ms-client-request-id": "948ce0b8a22deff2741b6cb5d8197c69",
        "x-ms-correlation-request-id": "b61ba763-1460-46b2-a113-b910206a4ed6",
        "x-ms-providerhub-traffic": "True",
        "x-ms-ratelimit-remaining-subscription-reads": "14749",
        "x-ms-request-id": "4d06c762-5890-4f41-af47-d663479e67e4",
        "x-ms-routing-request-id": "CENTRALUS:20230317T075339Z:b61ba763-1460-46b2-a113-b910206a4ed6",
        "X-MSEdge-Ref": "Ref A: 64DCBBC446E94F37B0AA907089488C53 Ref B: STBEDGE0514 Ref C: 2023-03-17T07:53:39Z"
      },
      "ResponseBody": {
        "value": [
          {
            "id": "/subscriptions/ce1bff77-08c1-4199-b7a5-52194a42b6ce/resourceGroups/Communication-RG-7488/providers/Microsoft.Communication/emailServices/email-service-9710",
            "name": "email-service-9710",
            "type": "microsoft.communication/emailservices",
            "location": "global",
            "tags": {},
            "systemData": {
              "createdBy": "dd5e080b-9821-4976-9ab1-c95d8cc8eafa",
              "createdByType": "Application",
              "createdAt": "2023-03-17T07:52:30.5342393Z",
              "lastModifiedBy": "dd5e080b-9821-4976-9ab1-c95d8cc8eafa",
              "lastModifiedByType": "Application",
              "lastModifiedAt": "2023-03-17T07:53:39.0188254Z"
            },
            "properties": {
              "provisioningState": "Succeeded",
              "dataLocation": "UnitedStates"
            }
          }
        ]
      }
    },
    {
      "RequestUri": "https://api-dogfood.resources.windows-int.net/subscriptions/ce1bff77-08c1-4199-b7a5-52194a42b6ce/resourceGroups/Communication-RG-7488/providers/Microsoft.Communication/emailServices/email-service-9710?api-version=2023-03-01-preview",
      "RequestMethod": "DELETE",
      "RequestHeaders": {
        "Accept": "application/json",
        "Authorization": "Sanitized",
        "traceparent": "00-1d18ffedf8fdf150ffd234e0ad8f8b25-59717ef31f80171a-00",
        "User-Agent": "azsdk-net-ResourceManager.Communication/1.1.0-alpha.20230316.1 (.NET 6.0.15; Microsoft Windows 10.0.22621)",
        "x-ms-client-request-id": "ba837558aa08e47578c667cebdf02a7a",
        "x-ms-return-client-request-id": "true"
      },
      "RequestBody": null,
      "StatusCode": 202,
      "ResponseHeaders": {
        "Azure-AsyncNotification": "Enabled",
        "Azure-AsyncOperation": "https://api-dogfood.resources.windows-int.net/subscriptions/ce1bff77-08c1-4199-b7a5-52194a42b6ce/providers/Microsoft.Communication/locations/CENTRALUS/operationStatuses/b67dc772-4022-4b75-a1cf-1d12007e359f*5B394EA9B9A4D06C4B8C1C9DACB5AC383A5BA111A11886EB71BE4BBDE4765B3A?api-version=2023-03-01-preview",
        "Cache-Control": "no-cache",
        "Content-Length": "4",
        "Content-Type": "application/json; charset=utf-8",
        "Date": "Fri, 17 Mar 2023 07:53:39 GMT",
        "ETag": "\u0022fd00bd3b-0000-0700-0000-64141c840000\u0022",
        "Expires": "-1",
        "Location": "https://api-dogfood.resources.windows-int.net/subscriptions/ce1bff77-08c1-4199-b7a5-52194a42b6ce/providers/Microsoft.Communication/locations/CENTRALUS/operationStatuses/b67dc772-4022-4b75-a1cf-1d12007e359f*5B394EA9B9A4D06C4B8C1C9DACB5AC383A5BA111A11886EB71BE4BBDE4765B3A?api-version=2023-03-01-preview",
        "Pragma": "no-cache",
        "Strict-Transport-Security": "max-age=31536000; includeSubDomains",
        "X-Cache": "CONFIG_NOCACHE",
        "X-Content-Type-Options": "nosniff",
        "x-ms-client-request-id": "ba837558aa08e47578c667cebdf02a7a",
        "x-ms-correlation-request-id": "26a558c9-14bb-493e-9ca2-8a120e664d61",
        "x-ms-providerhub-traffic": "True",
        "x-ms-ratelimit-remaining-subscription-deletes": "14992",
        "x-ms-request-id": "b67dc772-4022-4b75-a1cf-1d12007e359f",
        "x-ms-resource-provider-hint": "noPolling",
        "x-ms-routing-request-id": "CENTRALUS:20230317T075340Z:26a558c9-14bb-493e-9ca2-8a120e664d61",
        "X-MSEdge-Ref": "Ref A: 9E7DDE111FC94E8B80F0E78F68FB4A97 Ref B: STBEDGE0514 Ref C: 2023-03-17T07:53:39Z"
      },
      "ResponseBody": "null"
    },
    {
      "RequestUri": "https://api-dogfood.resources.windows-int.net/subscriptions/ce1bff77-08c1-4199-b7a5-52194a42b6ce/providers/Microsoft.Communication/locations/CENTRALUS/operationStatuses/b67dc772-4022-4b75-a1cf-1d12007e359f*5B394EA9B9A4D06C4B8C1C9DACB5AC383A5BA111A11886EB71BE4BBDE4765B3A?api-version=2023-03-01-preview",
      "RequestMethod": "GET",
      "RequestHeaders": {
        "Authorization": "Sanitized",
        "traceparent": "00-1d18ffedf8fdf150ffd234e0ad8f8b25-57fd3d57272e80f0-00",
        "User-Agent": "azsdk-net-ResourceManager/1.4.0 (.NET 6.0.15; Microsoft Windows 10.0.22621)",
        "x-ms-client-request-id": "c09efc95f01a0da06aa81c663b233284",
        "x-ms-return-client-request-id": "true"
      },
      "RequestBody": null,
      "StatusCode": 202,
      "ResponseHeaders": {
        "Cache-Control": "no-cache",
        "Content-Length": "579",
        "Content-Type": "application/json; charset=utf-8",
        "Date": "Fri, 17 Mar 2023 07:53:39 GMT",
        "ETag": "\u002229037ab5-0000-0700-0000-64141c840000\u0022",
        "Expires": "-1",
        "Pragma": "no-cache",
        "Strict-Transport-Security": "max-age=31536000; includeSubDomains",
        "X-Cache": "CONFIG_NOCACHE",
        "X-Content-Type-Options": "nosniff",
        "x-ms-client-request-id": "c09efc95f01a0da06aa81c663b233284",
        "x-ms-correlation-request-id": "6e9b1d5a-0fd4-4f20-900e-deac2e4d753d",
        "x-ms-ratelimit-remaining-subscription-reads": "14748",
        "x-ms-request-id": "c82eea16-dc10-4602-a5a9-51577ffd20af",
        "x-ms-routing-request-id": "CENTRALUS:20230317T075340Z:6e9b1d5a-0fd4-4f20-900e-deac2e4d753d",
        "X-MSEdge-Ref": "Ref A: 785BF8E0F3BF4E13BDEA61CCBF0F8C1A Ref B: STBEDGE0514 Ref C: 2023-03-17T07:53:40Z"
      },
      "ResponseBody": {
        "id": "/subscriptions/ce1bff77-08c1-4199-b7a5-52194a42b6ce/providers/Microsoft.Communication/locations/CENTRALUS/operationStatuses/b67dc772-4022-4b75-a1cf-1d12007e359f*5B394EA9B9A4D06C4B8C1C9DACB5AC383A5BA111A11886EB71BE4BBDE4765B3A",
        "name": "b67dc772-4022-4b75-a1cf-1d12007e359f*5B394EA9B9A4D06C4B8C1C9DACB5AC383A5BA111A11886EB71BE4BBDE4765B3A",
        "resourceId": "/subscriptions/ce1bff77-08c1-4199-b7a5-52194a42b6ce/resourceGroups/Communication-RG-7488/providers/Microsoft.Communication/emailServices/email-service-9710",
        "status": "Deleting",
        "startTime": "2023-03-17T07:53:40.0296861Z"
      }
    },
    {
      "RequestUri": "https://api-dogfood.resources.windows-int.net/subscriptions/ce1bff77-08c1-4199-b7a5-52194a42b6ce/providers/Microsoft.Communication/locations/CENTRALUS/operationStatuses/b67dc772-4022-4b75-a1cf-1d12007e359f*5B394EA9B9A4D06C4B8C1C9DACB5AC383A5BA111A11886EB71BE4BBDE4765B3A?api-version=2023-03-01-preview",
      "RequestMethod": "GET",
      "RequestHeaders": {
        "Authorization": "Sanitized",
        "traceparent": "00-1d18ffedf8fdf150ffd234e0ad8f8b25-2a89b62713cd29d8-00",
        "User-Agent": "azsdk-net-ResourceManager/1.4.0 (.NET 6.0.15; Microsoft Windows 10.0.22621)",
        "x-ms-client-request-id": "3e65f1f0eba21243d16afe72fedbb387",
        "x-ms-return-client-request-id": "true"
      },
      "RequestBody": null,
      "StatusCode": 202,
      "ResponseHeaders": {
        "Cache-Control": "no-cache",
        "Content-Length": "579",
        "Content-Type": "application/json; charset=utf-8",
        "Date": "Fri, 17 Mar 2023 07:53:40 GMT",
        "ETag": "\u002229037ab5-0000-0700-0000-64141c840000\u0022",
        "Expires": "-1",
        "Pragma": "no-cache",
        "Strict-Transport-Security": "max-age=31536000; includeSubDomains",
        "X-Cache": "CONFIG_NOCACHE",
        "X-Content-Type-Options": "nosniff",
        "x-ms-client-request-id": "3e65f1f0eba21243d16afe72fedbb387",
        "x-ms-correlation-request-id": "46404ea3-0438-4808-b98d-9b17b12bddde",
        "x-ms-ratelimit-remaining-subscription-reads": "14826",
        "x-ms-request-id": "9a54690f-607c-403e-bf59-30626d8bf367",
        "x-ms-routing-request-id": "CENTRALUS:20230317T075341Z:46404ea3-0438-4808-b98d-9b17b12bddde",
        "X-MSEdge-Ref": "Ref A: C390380BD4B54588BC06954D157910B9 Ref B: STBEDGE0514 Ref C: 2023-03-17T07:53:41Z"
      },
      "ResponseBody": {
        "id": "/subscriptions/ce1bff77-08c1-4199-b7a5-52194a42b6ce/providers/Microsoft.Communication/locations/CENTRALUS/operationStatuses/b67dc772-4022-4b75-a1cf-1d12007e359f*5B394EA9B9A4D06C4B8C1C9DACB5AC383A5BA111A11886EB71BE4BBDE4765B3A",
        "name": "b67dc772-4022-4b75-a1cf-1d12007e359f*5B394EA9B9A4D06C4B8C1C9DACB5AC383A5BA111A11886EB71BE4BBDE4765B3A",
        "resourceId": "/subscriptions/ce1bff77-08c1-4199-b7a5-52194a42b6ce/resourceGroups/Communication-RG-7488/providers/Microsoft.Communication/emailServices/email-service-9710",
        "status": "Deleting",
        "startTime": "2023-03-17T07:53:40.0296861Z"
      }
    },
    {
      "RequestUri": "https://api-dogfood.resources.windows-int.net/subscriptions/ce1bff77-08c1-4199-b7a5-52194a42b6ce/providers/Microsoft.Communication/locations/CENTRALUS/operationStatuses/b67dc772-4022-4b75-a1cf-1d12007e359f*5B394EA9B9A4D06C4B8C1C9DACB5AC383A5BA111A11886EB71BE4BBDE4765B3A?api-version=2023-03-01-preview",
      "RequestMethod": "GET",
      "RequestHeaders": {
        "Authorization": "Sanitized",
        "traceparent": "00-1d18ffedf8fdf150ffd234e0ad8f8b25-600da7ac5e651834-00",
        "User-Agent": "azsdk-net-ResourceManager/1.4.0 (.NET 6.0.15; Microsoft Windows 10.0.22621)",
        "x-ms-client-request-id": "c03877846a515f60f869257c293ddd97",
        "x-ms-return-client-request-id": "true"
      },
      "RequestBody": null,
      "StatusCode": 202,
      "ResponseHeaders": {
        "Cache-Control": "no-cache",
        "Content-Length": "579",
        "Content-Type": "application/json; charset=utf-8",
        "Date": "Fri, 17 Mar 2023 07:53:42 GMT",
        "ETag": "\u002229037ab5-0000-0700-0000-64141c840000\u0022",
        "Expires": "-1",
        "Pragma": "no-cache",
        "Strict-Transport-Security": "max-age=31536000; includeSubDomains",
        "X-Cache": "CONFIG_NOCACHE",
        "X-Content-Type-Options": "nosniff",
        "x-ms-client-request-id": "c03877846a515f60f869257c293ddd97",
        "x-ms-correlation-request-id": "41e928f7-725a-4a6e-8ce9-a368fc39a704",
        "x-ms-ratelimit-remaining-subscription-reads": "14747",
        "x-ms-request-id": "b1ec5814-cca0-4756-9670-1f628abc1a8b",
        "x-ms-routing-request-id": "CENTRALUS:20230317T075342Z:41e928f7-725a-4a6e-8ce9-a368fc39a704",
        "X-MSEdge-Ref": "Ref A: C22FF54503C141B3A6210486E8B5DFFB Ref B: STBEDGE0514 Ref C: 2023-03-17T07:53:42Z"
      },
      "ResponseBody": {
        "id": "/subscriptions/ce1bff77-08c1-4199-b7a5-52194a42b6ce/providers/Microsoft.Communication/locations/CENTRALUS/operationStatuses/b67dc772-4022-4b75-a1cf-1d12007e359f*5B394EA9B9A4D06C4B8C1C9DACB5AC383A5BA111A11886EB71BE4BBDE4765B3A",
        "name": "b67dc772-4022-4b75-a1cf-1d12007e359f*5B394EA9B9A4D06C4B8C1C9DACB5AC383A5BA111A11886EB71BE4BBDE4765B3A",
        "resourceId": "/subscriptions/ce1bff77-08c1-4199-b7a5-52194a42b6ce/resourceGroups/Communication-RG-7488/providers/Microsoft.Communication/emailServices/email-service-9710",
        "status": "Deleting",
        "startTime": "2023-03-17T07:53:40.0296861Z"
      }
    },
    {
      "RequestUri": "https://api-dogfood.resources.windows-int.net/subscriptions/ce1bff77-08c1-4199-b7a5-52194a42b6ce/providers/Microsoft.Communication/locations/CENTRALUS/operationStatuses/b67dc772-4022-4b75-a1cf-1d12007e359f*5B394EA9B9A4D06C4B8C1C9DACB5AC383A5BA111A11886EB71BE4BBDE4765B3A?api-version=2023-03-01-preview",
      "RequestMethod": "GET",
      "RequestHeaders": {
        "Authorization": "Sanitized",
        "traceparent": "00-1d18ffedf8fdf150ffd234e0ad8f8b25-9cf8b8930399954e-00",
        "User-Agent": "azsdk-net-ResourceManager/1.4.0 (.NET 6.0.15; Microsoft Windows 10.0.22621)",
        "x-ms-client-request-id": "3fa92763038aa94eb98cefaff12d0e8f",
        "x-ms-return-client-request-id": "true"
      },
      "RequestBody": null,
      "StatusCode": 202,
      "ResponseHeaders": {
        "Cache-Control": "no-cache",
        "Content-Length": "579",
        "Content-Type": "application/json; charset=utf-8",
        "Date": "Fri, 17 Mar 2023 07:53:43 GMT",
        "ETag": "\u002229037ab5-0000-0700-0000-64141c840000\u0022",
        "Expires": "-1",
        "Pragma": "no-cache",
        "Strict-Transport-Security": "max-age=31536000; includeSubDomains",
        "X-Cache": "CONFIG_NOCACHE",
        "X-Content-Type-Options": "nosniff",
        "x-ms-client-request-id": "3fa92763038aa94eb98cefaff12d0e8f",
        "x-ms-correlation-request-id": "5a796d0a-7764-4b0e-819a-8783785e5d57",
        "x-ms-ratelimit-remaining-subscription-reads": "14825",
        "x-ms-request-id": "b2e6083d-2707-4a51-8c00-fd8f54c5bb60",
        "x-ms-routing-request-id": "CENTRALUS:20230317T075343Z:5a796d0a-7764-4b0e-819a-8783785e5d57",
        "X-MSEdge-Ref": "Ref A: 2893DBA287E74B0F9535D704E8ED3A00 Ref B: STBEDGE0514 Ref C: 2023-03-17T07:53:43Z"
      },
      "ResponseBody": {
        "id": "/subscriptions/ce1bff77-08c1-4199-b7a5-52194a42b6ce/providers/Microsoft.Communication/locations/CENTRALUS/operationStatuses/b67dc772-4022-4b75-a1cf-1d12007e359f*5B394EA9B9A4D06C4B8C1C9DACB5AC383A5BA111A11886EB71BE4BBDE4765B3A",
        "name": "b67dc772-4022-4b75-a1cf-1d12007e359f*5B394EA9B9A4D06C4B8C1C9DACB5AC383A5BA111A11886EB71BE4BBDE4765B3A",
        "resourceId": "/subscriptions/ce1bff77-08c1-4199-b7a5-52194a42b6ce/resourceGroups/Communication-RG-7488/providers/Microsoft.Communication/emailServices/email-service-9710",
        "status": "Deleting",
        "startTime": "2023-03-17T07:53:40.0296861Z"
      }
    },
    {
      "RequestUri": "https://api-dogfood.resources.windows-int.net/subscriptions/ce1bff77-08c1-4199-b7a5-52194a42b6ce/providers/Microsoft.Communication/locations/CENTRALUS/operationStatuses/b67dc772-4022-4b75-a1cf-1d12007e359f*5B394EA9B9A4D06C4B8C1C9DACB5AC383A5BA111A11886EB71BE4BBDE4765B3A?api-version=2023-03-01-preview",
      "RequestMethod": "GET",
      "RequestHeaders": {
        "Authorization": "Sanitized",
        "traceparent": "00-1d18ffedf8fdf150ffd234e0ad8f8b25-2302d8e88f9e8949-00",
        "User-Agent": "azsdk-net-ResourceManager/1.4.0 (.NET 6.0.15; Microsoft Windows 10.0.22621)",
        "x-ms-client-request-id": "c3e294f571ea853291054638c5c6e893",
        "x-ms-return-client-request-id": "true"
      },
      "RequestBody": null,
      "StatusCode": 202,
      "ResponseHeaders": {
        "Cache-Control": "no-cache",
        "Content-Length": "579",
        "Content-Type": "application/json; charset=utf-8",
        "Date": "Fri, 17 Mar 2023 07:53:45 GMT",
        "ETag": "\u002229037ab5-0000-0700-0000-64141c840000\u0022",
        "Expires": "-1",
        "Pragma": "no-cache",
        "Strict-Transport-Security": "max-age=31536000; includeSubDomains",
        "X-Cache": "CONFIG_NOCACHE",
        "X-Content-Type-Options": "nosniff",
        "x-ms-client-request-id": "c3e294f571ea853291054638c5c6e893",
        "x-ms-correlation-request-id": "e096d1ae-dece-4f6d-91c9-7568e7e77864",
        "x-ms-ratelimit-remaining-subscription-reads": "14746",
        "x-ms-request-id": "0baf3389-e0ee-46ba-9b6c-5385aee79593",
        "x-ms-routing-request-id": "CENTRALUS:20230317T075346Z:e096d1ae-dece-4f6d-91c9-7568e7e77864",
        "X-MSEdge-Ref": "Ref A: CD65694BCEA54831A144FC7063976BA1 Ref B: STBEDGE0514 Ref C: 2023-03-17T07:53:45Z"
      },
      "ResponseBody": {
        "id": "/subscriptions/ce1bff77-08c1-4199-b7a5-52194a42b6ce/providers/Microsoft.Communication/locations/CENTRALUS/operationStatuses/b67dc772-4022-4b75-a1cf-1d12007e359f*5B394EA9B9A4D06C4B8C1C9DACB5AC383A5BA111A11886EB71BE4BBDE4765B3A",
        "name": "b67dc772-4022-4b75-a1cf-1d12007e359f*5B394EA9B9A4D06C4B8C1C9DACB5AC383A5BA111A11886EB71BE4BBDE4765B3A",
        "resourceId": "/subscriptions/ce1bff77-08c1-4199-b7a5-52194a42b6ce/resourceGroups/Communication-RG-7488/providers/Microsoft.Communication/emailServices/email-service-9710",
        "status": "Deleting",
        "startTime": "2023-03-17T07:53:40.0296861Z"
      }
    },
    {
      "RequestUri": "https://api-dogfood.resources.windows-int.net/subscriptions/ce1bff77-08c1-4199-b7a5-52194a42b6ce/providers/Microsoft.Communication/locations/CENTRALUS/operationStatuses/b67dc772-4022-4b75-a1cf-1d12007e359f*5B394EA9B9A4D06C4B8C1C9DACB5AC383A5BA111A11886EB71BE4BBDE4765B3A?api-version=2023-03-01-preview",
      "RequestMethod": "GET",
      "RequestHeaders": {
        "Authorization": "Sanitized",
        "traceparent": "00-1d18ffedf8fdf150ffd234e0ad8f8b25-3e35cdc4f0611a21-00",
        "User-Agent": "azsdk-net-ResourceManager/1.4.0 (.NET 6.0.15; Microsoft Windows 10.0.22621)",
        "x-ms-client-request-id": "d70f678c733280fd288f07c57ab06eca",
        "x-ms-return-client-request-id": "true"
      },
      "RequestBody": null,
      "StatusCode": 202,
      "ResponseHeaders": {
        "Cache-Control": "no-cache",
        "Content-Length": "579",
        "Content-Type": "application/json; charset=utf-8",
        "Date": "Fri, 17 Mar 2023 07:53:49 GMT",
        "ETag": "\u002229037ab5-0000-0700-0000-64141c840000\u0022",
        "Expires": "-1",
        "Pragma": "no-cache",
        "Strict-Transport-Security": "max-age=31536000; includeSubDomains",
        "X-Cache": "CONFIG_NOCACHE",
        "X-Content-Type-Options": "nosniff",
        "x-ms-client-request-id": "d70f678c733280fd288f07c57ab06eca",
        "x-ms-correlation-request-id": "ab12fea9-65d1-422b-9b0a-b6c972049e47",
        "x-ms-ratelimit-remaining-subscription-reads": "14824",
        "x-ms-request-id": "07713157-ccb5-4563-9b72-f45f3fde7140",
        "x-ms-routing-request-id": "CENTRALUS:20230317T075350Z:ab12fea9-65d1-422b-9b0a-b6c972049e47",
        "X-MSEdge-Ref": "Ref A: 0C2D2A8B44854EEBACBF5BD47796195D Ref B: STBEDGE0514 Ref C: 2023-03-17T07:53:50Z"
      },
      "ResponseBody": {
        "id": "/subscriptions/ce1bff77-08c1-4199-b7a5-52194a42b6ce/providers/Microsoft.Communication/locations/CENTRALUS/operationStatuses/b67dc772-4022-4b75-a1cf-1d12007e359f*5B394EA9B9A4D06C4B8C1C9DACB5AC383A5BA111A11886EB71BE4BBDE4765B3A",
        "name": "b67dc772-4022-4b75-a1cf-1d12007e359f*5B394EA9B9A4D06C4B8C1C9DACB5AC383A5BA111A11886EB71BE4BBDE4765B3A",
        "resourceId": "/subscriptions/ce1bff77-08c1-4199-b7a5-52194a42b6ce/resourceGroups/Communication-RG-7488/providers/Microsoft.Communication/emailServices/email-service-9710",
        "status": "Deleting",
        "startTime": "2023-03-17T07:53:40.0296861Z"
      }
    },
    {
      "RequestUri": "https://api-dogfood.resources.windows-int.net/subscriptions/ce1bff77-08c1-4199-b7a5-52194a42b6ce/providers/Microsoft.Communication/locations/CENTRALUS/operationStatuses/b67dc772-4022-4b75-a1cf-1d12007e359f*5B394EA9B9A4D06C4B8C1C9DACB5AC383A5BA111A11886EB71BE4BBDE4765B3A?api-version=2023-03-01-preview",
      "RequestMethod": "GET",
      "RequestHeaders": {
        "Authorization": "Sanitized",
        "traceparent": "00-1d18ffedf8fdf150ffd234e0ad8f8b25-510dfc6faa7e8ce7-00",
        "User-Agent": "azsdk-net-ResourceManager/1.4.0 (.NET 6.0.15; Microsoft Windows 10.0.22621)",
        "x-ms-client-request-id": "9487965b195bf1adf423ad84bd16e3f2",
        "x-ms-return-client-request-id": "true"
      },
      "RequestBody": null,
      "StatusCode": 202,
      "ResponseHeaders": {
        "Cache-Control": "no-cache",
        "Content-Length": "579",
        "Content-Type": "application/json; charset=utf-8",
        "Date": "Fri, 17 Mar 2023 07:53:57 GMT",
        "ETag": "\u002229037ab5-0000-0700-0000-64141c840000\u0022",
        "Expires": "-1",
        "Pragma": "no-cache",
        "Strict-Transport-Security": "max-age=31536000; includeSubDomains",
        "X-Cache": "CONFIG_NOCACHE",
        "X-Content-Type-Options": "nosniff",
        "x-ms-client-request-id": "9487965b195bf1adf423ad84bd16e3f2",
        "x-ms-correlation-request-id": "118d2eb0-7aa4-4e69-b755-3507928c52e9",
        "x-ms-ratelimit-remaining-subscription-reads": "14745",
        "x-ms-request-id": "91ae40c5-6173-46b9-bece-ed78592278dc",
        "x-ms-routing-request-id": "CENTRALUS:20230317T075358Z:118d2eb0-7aa4-4e69-b755-3507928c52e9",
        "X-MSEdge-Ref": "Ref A: 2DA8F6DB05084C18B413EA616F290726 Ref B: STBEDGE0514 Ref C: 2023-03-17T07:53:58Z"
      },
      "ResponseBody": {
        "id": "/subscriptions/ce1bff77-08c1-4199-b7a5-52194a42b6ce/providers/Microsoft.Communication/locations/CENTRALUS/operationStatuses/b67dc772-4022-4b75-a1cf-1d12007e359f*5B394EA9B9A4D06C4B8C1C9DACB5AC383A5BA111A11886EB71BE4BBDE4765B3A",
        "name": "b67dc772-4022-4b75-a1cf-1d12007e359f*5B394EA9B9A4D06C4B8C1C9DACB5AC383A5BA111A11886EB71BE4BBDE4765B3A",
        "resourceId": "/subscriptions/ce1bff77-08c1-4199-b7a5-52194a42b6ce/resourceGroups/Communication-RG-7488/providers/Microsoft.Communication/emailServices/email-service-9710",
        "status": "Deleting",
        "startTime": "2023-03-17T07:53:40.0296861Z"
      }
    },
    {
      "RequestUri": "https://api-dogfood.resources.windows-int.net/subscriptions/ce1bff77-08c1-4199-b7a5-52194a42b6ce/providers/Microsoft.Communication/locations/CENTRALUS/operationStatuses/b67dc772-4022-4b75-a1cf-1d12007e359f*5B394EA9B9A4D06C4B8C1C9DACB5AC383A5BA111A11886EB71BE4BBDE4765B3A?api-version=2023-03-01-preview",
      "RequestMethod": "GET",
      "RequestHeaders": {
        "Authorization": "Sanitized",
        "traceparent": "00-1d18ffedf8fdf150ffd234e0ad8f8b25-50e81621766ef36d-00",
        "User-Agent": "azsdk-net-ResourceManager/1.4.0 (.NET 6.0.15; Microsoft Windows 10.0.22621)",
        "x-ms-client-request-id": "8a235ba3371e815d97629b5b6a6d0be0",
        "x-ms-return-client-request-id": "true"
      },
      "RequestBody": null,
      "StatusCode": 202,
      "ResponseHeaders": {
        "Cache-Control": "no-cache",
        "Content-Length": "579",
        "Content-Type": "application/json; charset=utf-8",
        "Date": "Fri, 17 Mar 2023 07:54:13 GMT",
        "ETag": "\u002229037ab5-0000-0700-0000-64141c840000\u0022",
        "Expires": "-1",
        "Pragma": "no-cache",
        "Strict-Transport-Security": "max-age=31536000; includeSubDomains",
        "X-Cache": "CONFIG_NOCACHE",
        "X-Content-Type-Options": "nosniff",
        "x-ms-client-request-id": "8a235ba3371e815d97629b5b6a6d0be0",
        "x-ms-correlation-request-id": "1d65f595-6083-4576-9a46-a2f0b9c042f1",
        "x-ms-ratelimit-remaining-subscription-reads": "14744",
        "x-ms-request-id": "17487cc8-44b4-49ef-9cae-1733a6a3c277",
        "x-ms-routing-request-id": "CENTRALUS:20230317T075414Z:1d65f595-6083-4576-9a46-a2f0b9c042f1",
        "X-MSEdge-Ref": "Ref A: 8BCE1CEC63184B75B91F6643953986B1 Ref B: STBEDGE0514 Ref C: 2023-03-17T07:54:14Z"
      },
      "ResponseBody": {
        "id": "/subscriptions/ce1bff77-08c1-4199-b7a5-52194a42b6ce/providers/Microsoft.Communication/locations/CENTRALUS/operationStatuses/b67dc772-4022-4b75-a1cf-1d12007e359f*5B394EA9B9A4D06C4B8C1C9DACB5AC383A5BA111A11886EB71BE4BBDE4765B3A",
        "name": "b67dc772-4022-4b75-a1cf-1d12007e359f*5B394EA9B9A4D06C4B8C1C9DACB5AC383A5BA111A11886EB71BE4BBDE4765B3A",
        "resourceId": "/subscriptions/ce1bff77-08c1-4199-b7a5-52194a42b6ce/resourceGroups/Communication-RG-7488/providers/Microsoft.Communication/emailServices/email-service-9710",
        "status": "Deleting",
        "startTime": "2023-03-17T07:53:40.0296861Z"
      }
    },
    {
      "RequestUri": "https://api-dogfood.resources.windows-int.net/subscriptions/ce1bff77-08c1-4199-b7a5-52194a42b6ce/providers/Microsoft.Communication/locations/CENTRALUS/operationStatuses/b67dc772-4022-4b75-a1cf-1d12007e359f*5B394EA9B9A4D06C4B8C1C9DACB5AC383A5BA111A11886EB71BE4BBDE4765B3A?api-version=2023-03-01-preview",
      "RequestMethod": "GET",
      "RequestHeaders": {
        "Authorization": "Sanitized",
        "traceparent": "00-1d18ffedf8fdf150ffd234e0ad8f8b25-7e009b933e2b2c43-00",
        "User-Agent": "azsdk-net-ResourceManager/1.4.0 (.NET 6.0.15; Microsoft Windows 10.0.22621)",
        "x-ms-client-request-id": "2fdd7b97533f7238b91de20ec678c212",
        "x-ms-return-client-request-id": "true"
      },
      "RequestBody": null,
      "StatusCode": 202,
      "ResponseHeaders": {
        "Cache-Control": "no-cache",
        "Content-Length": "579",
        "Content-Type": "application/json; charset=utf-8",
        "Date": "Fri, 17 Mar 2023 07:54:45 GMT",
        "ETag": "\u002229037ab5-0000-0700-0000-64141c840000\u0022",
        "Expires": "-1",
        "Pragma": "no-cache",
        "Strict-Transport-Security": "max-age=31536000; includeSubDomains",
        "X-Cache": "CONFIG_NOCACHE",
        "X-Content-Type-Options": "nosniff",
        "x-ms-client-request-id": "2fdd7b97533f7238b91de20ec678c212",
        "x-ms-correlation-request-id": "c13df7be-9f15-4796-9c7e-66c2d4e35286",
        "x-ms-ratelimit-remaining-subscription-reads": "14823",
        "x-ms-request-id": "17f1162d-f047-4440-bab4-f2111e336c61",
        "x-ms-routing-request-id": "CENTRALUS:20230317T075446Z:c13df7be-9f15-4796-9c7e-66c2d4e35286",
        "X-MSEdge-Ref": "Ref A: 672D301DE5C0438DBD1C31700EE2453F Ref B: STBEDGE0514 Ref C: 2023-03-17T07:54:46Z"
      },
      "ResponseBody": {
        "id": "/subscriptions/ce1bff77-08c1-4199-b7a5-52194a42b6ce/providers/Microsoft.Communication/locations/CENTRALUS/operationStatuses/b67dc772-4022-4b75-a1cf-1d12007e359f*5B394EA9B9A4D06C4B8C1C9DACB5AC383A5BA111A11886EB71BE4BBDE4765B3A",
        "name": "b67dc772-4022-4b75-a1cf-1d12007e359f*5B394EA9B9A4D06C4B8C1C9DACB5AC383A5BA111A11886EB71BE4BBDE4765B3A",
        "resourceId": "/subscriptions/ce1bff77-08c1-4199-b7a5-52194a42b6ce/resourceGroups/Communication-RG-7488/providers/Microsoft.Communication/emailServices/email-service-9710",
        "status": "Deleting",
        "startTime": "2023-03-17T07:53:40.0296861Z"
      }
    },
    {
      "RequestUri": "https://api-dogfood.resources.windows-int.net/subscriptions/ce1bff77-08c1-4199-b7a5-52194a42b6ce/providers/Microsoft.Communication/locations/CENTRALUS/operationStatuses/b67dc772-4022-4b75-a1cf-1d12007e359f*5B394EA9B9A4D06C4B8C1C9DACB5AC383A5BA111A11886EB71BE4BBDE4765B3A?api-version=2023-03-01-preview",
      "RequestMethod": "GET",
      "RequestHeaders": {
        "Authorization": "Sanitized",
        "traceparent": "00-1d18ffedf8fdf150ffd234e0ad8f8b25-f613af9a5eda9e8d-00",
        "User-Agent": "azsdk-net-ResourceManager/1.4.0 (.NET 6.0.15; Microsoft Windows 10.0.22621)",
        "x-ms-client-request-id": "1e2215abe48d23ac3905fdf97e518787",
        "x-ms-return-client-request-id": "true"
      },
      "RequestBody": null,
      "StatusCode": 202,
      "ResponseHeaders": {
        "Cache-Control": "no-cache",
        "Content-Length": "579",
        "Content-Type": "application/json; charset=utf-8",
        "Date": "Fri, 17 Mar 2023 07:55:18 GMT",
        "ETag": "\u002229037ab5-0000-0700-0000-64141c840000\u0022",
        "Expires": "-1",
        "Pragma": "no-cache",
        "Strict-Transport-Security": "max-age=31536000; includeSubDomains",
        "X-Cache": "CONFIG_NOCACHE",
        "X-Content-Type-Options": "nosniff",
        "x-ms-client-request-id": "1e2215abe48d23ac3905fdf97e518787",
        "x-ms-correlation-request-id": "fa083b5c-bcdd-4e5c-8f27-df6bcb3be5c7",
        "x-ms-ratelimit-remaining-subscription-reads": "14763",
        "x-ms-request-id": "af2c04db-75e0-4cda-9b01-cdbe084a7706",
        "x-ms-routing-request-id": "CENTRALUS:20230317T075518Z:fa083b5c-bcdd-4e5c-8f27-df6bcb3be5c7",
        "X-MSEdge-Ref": "Ref A: D778EA73E84E4EE0A40111C5A9BDAF51 Ref B: STBEDGE0514 Ref C: 2023-03-17T07:55:18Z"
      },
      "ResponseBody": {
        "id": "/subscriptions/ce1bff77-08c1-4199-b7a5-52194a42b6ce/providers/Microsoft.Communication/locations/CENTRALUS/operationStatuses/b67dc772-4022-4b75-a1cf-1d12007e359f*5B394EA9B9A4D06C4B8C1C9DACB5AC383A5BA111A11886EB71BE4BBDE4765B3A",
        "name": "b67dc772-4022-4b75-a1cf-1d12007e359f*5B394EA9B9A4D06C4B8C1C9DACB5AC383A5BA111A11886EB71BE4BBDE4765B3A",
        "resourceId": "/subscriptions/ce1bff77-08c1-4199-b7a5-52194a42b6ce/resourceGroups/Communication-RG-7488/providers/Microsoft.Communication/emailServices/email-service-9710",
        "status": "Deleting",
        "startTime": "2023-03-17T07:53:40.0296861Z"
      }
    },
    {
      "RequestUri": "https://api-dogfood.resources.windows-int.net/subscriptions/ce1bff77-08c1-4199-b7a5-52194a42b6ce/providers/Microsoft.Communication/locations/CENTRALUS/operationStatuses/b67dc772-4022-4b75-a1cf-1d12007e359f*5B394EA9B9A4D06C4B8C1C9DACB5AC383A5BA111A11886EB71BE4BBDE4765B3A?api-version=2023-03-01-preview",
      "RequestMethod": "GET",
      "RequestHeaders": {
        "Authorization": "Sanitized",
        "traceparent": "00-1d18ffedf8fdf150ffd234e0ad8f8b25-3296c59ada6f4390-00",
        "User-Agent": "azsdk-net-ResourceManager/1.4.0 (.NET 6.0.15; Microsoft Windows 10.0.22621)",
        "x-ms-client-request-id": "41edcc18b4384fb223b0d000544ebb1f",
        "x-ms-return-client-request-id": "true"
      },
      "RequestBody": null,
      "StatusCode": 200,
      "ResponseHeaders": {
        "Cache-Control": "no-cache",
        "Content-Length": "598",
        "Content-Type": "application/json; charset=utf-8",
        "Date": "Fri, 17 Mar 2023 07:55:50 GMT",
        "ETag": "\u002229030cca-0000-0700-0000-64141d030000\u0022",
        "Expires": "-1",
        "Pragma": "no-cache",
        "Strict-Transport-Security": "max-age=31536000; includeSubDomains",
        "X-Cache": "CONFIG_NOCACHE",
        "X-Content-Type-Options": "nosniff",
        "x-ms-client-request-id": "41edcc18b4384fb223b0d000544ebb1f",
        "x-ms-correlation-request-id": "84b56a84-529d-4b11-b525-99fc69ef0a26",
        "x-ms-ratelimit-remaining-subscription-reads": "14823",
        "x-ms-request-id": "1c5a13b5-8fc8-4817-9c49-379028758cd7",
        "x-ms-routing-request-id": "CENTRALUS:20230317T075551Z:84b56a84-529d-4b11-b525-99fc69ef0a26",
        "X-MSEdge-Ref": "Ref A: F7C9D5EDED094D8A82BAFB27241F6B45 Ref B: STBEDGE0514 Ref C: 2023-03-17T07:55:50Z"
      },
      "ResponseBody": {
        "id": "/subscriptions/ce1bff77-08c1-4199-b7a5-52194a42b6ce/providers/Microsoft.Communication/locations/CENTRALUS/operationStatuses/b67dc772-4022-4b75-a1cf-1d12007e359f*5B394EA9B9A4D06C4B8C1C9DACB5AC383A5BA111A11886EB71BE4BBDE4765B3A",
        "name": "b67dc772-4022-4b75-a1cf-1d12007e359f*5B394EA9B9A4D06C4B8C1C9DACB5AC383A5BA111A11886EB71BE4BBDE4765B3A",
        "resourceId": "/subscriptions/ce1bff77-08c1-4199-b7a5-52194a42b6ce/resourceGroups/Communication-RG-7488/providers/Microsoft.Communication/emailServices/email-service-9710",
        "status": "Succeeded",
        "startTime": "2023-03-17T07:53:40.0296861Z",
        "properties": null
      }
    }
  ],
  "Variables": {
    "AZURE_AUTHORITY_HOST": "https://login.windows-ppe.net/",
    "RandomSeed": "160675929",
    "RESOURCE_MANAGER_URL": "https://api-dogfood.resources.windows-int.net/",
    "SUBSCRIPTION_ID": "ce1bff77-08c1-4199-b7a5-52194a42b6ce"
  }
}
