{
  "Entries": [
    {
      "RequestUri": "https://api-dogfood.resources.windows-int.net/tenants?api-version=2021-01-01",
      "RequestMethod": "GET",
      "RequestHeaders": {
        "Accept": "application/json",
        "Authorization": "Sanitized",
        "traceparent": "00-47878727eb59f6174f4b7ecb14f3fa87-54d1f1aea588f910-00",
        "User-Agent": "azsdk-net-ResourceManager/1.4.0 (.NET 6.0.15; Microsoft Windows 10.0.22621)",
        "x-ms-client-request-id": "9b93789664ddc5e7e18124fee5834333",
        "x-ms-return-client-request-id": "true"
      },
      "RequestBody": null,
      "StatusCode": 200,
      "ResponseHeaders": {
        "Cache-Control": "no-cache",
        "Content-Length": "140",
        "Content-Type": "application/json; charset=utf-8",
        "Date": "Mon, 20 Mar 2023 23:57:19 GMT",
        "Expires": "-1",
        "Pragma": "no-cache",
        "Strict-Transport-Security": "max-age=31536000; includeSubDomains",
        "X-Cache": "CONFIG_NOCACHE",
        "X-Content-Type-Options": "nosniff",
        "x-ms-correlation-request-id": "e77ff4ed-4ad5-4d44-9e56-b8d28f1aaec7",
        "x-ms-ratelimit-remaining-tenant-reads": "14990",
        "x-ms-request-id": "e77ff4ed-4ad5-4d44-9e56-b8d28f1aaec7",
        "x-ms-routing-request-id": "CENTRALUS:20230320T235719Z:e77ff4ed-4ad5-4d44-9e56-b8d28f1aaec7",
        "X-MSEdge-Ref": "Ref A: 7F149A4EBC864200B8310A83C3D60A53 Ref B: STBEDGE0515 Ref C: 2023-03-20T23:57:19Z"
      },
      "ResponseBody": {
        "value": [
          {
            "id": "/tenants/f686d426-8d16-42db-81b7-ab578e110ccd",
            "tenantId": "f686d426-8d16-42db-81b7-ab578e110ccd",
            "tenantCategory": "Home"
          }
        ]
      }
    },
    {
      "RequestUri": "https://api-dogfood.resources.windows-int.net/subscriptions/ce1bff77-08c1-4199-b7a5-52194a42b6ce/resourcegroups/Communication-RG-6235?api-version=**",
      "RequestMethod": "GET",
      "RequestHeaders": {
        "Accept": "application/json",
        "Authorization": "Sanitized",
        "traceparent": "00-5d5fed1b6ef448496ba4f1aa0d4f6ce4-4fd176ff2f678801-00",
        "User-Agent": "azsdk-net-ResourceManager/1.4.0 (.NET 6.0.15; Microsoft Windows 10.0.22621)",
        "x-ms-client-request-id": "0e8b436ba23423c66858833c4fa63a25",
        "x-ms-return-client-request-id": "true"
      },
      "RequestBody": null,
      "StatusCode": 200,
      "ResponseHeaders": {
        "Cache-Control": "no-cache",
        "Content-Length": "240",
        "Content-Type": "application/json; charset=utf-8",
        "Date": "Mon, 20 Mar 2023 23:57:19 GMT",
        "Expires": "-1",
        "Pragma": "no-cache",
        "Strict-Transport-Security": "max-age=31536000; includeSubDomains",
        "X-Cache": "CONFIG_NOCACHE",
        "X-Content-Type-Options": "nosniff",
        "x-ms-correlation-request-id": "9e6cf05c-638c-47f0-a12f-d9f5a0e4dfc7",
        "x-ms-ratelimit-remaining-subscription-reads": "14695",
        "x-ms-request-id": "9e6cf05c-638c-47f0-a12f-d9f5a0e4dfc7",
        "x-ms-routing-request-id": "CENTRALUS:20230320T235719Z:9e6cf05c-638c-47f0-a12f-d9f5a0e4dfc7",
        "X-MSEdge-Ref": "Ref A: A58AE1FFBA8E4A53BF43BB157E4C465B Ref B: STBEDGE0515 Ref C: 2023-03-20T23:57:19Z"
      },
      "ResponseBody": {
        "id": "/subscriptions/ce1bff77-08c1-4199-b7a5-52194a42b6ce/resourceGroups/Communication-RG-6235",
        "name": "Communication-RG-6235",
        "type": "Microsoft.Resources/resourceGroups",
        "location": "westus2",
        "properties": {
          "provisioningState": "Succeeded"
        }
      }
    },
    {
      "RequestUri": "https://api-dogfood.resources.windows-int.net/subscriptions/ce1bff77-08c1-4199-b7a5-52194a42b6ce/resourceGroups/Communication-RG-6235/providers/Microsoft.Communication/emailServices/email-service-1827?api-version=2023-03-01-preview",
      "RequestMethod": "PUT",
      "RequestHeaders": {
        "Accept": "application/json",
        "Authorization": "Sanitized",
        "Content-Length": "76",
        "Content-Type": "application/json",
        "traceparent": "00-cdc110f0acb73dfa5824616a9e320bd0-179a0b69e568de35-00",
        "User-Agent": "azsdk-net-ResourceManager.Communication/1.1.0-alpha.20230320.1 (.NET 6.0.15; Microsoft Windows 10.0.22621)",
        "x-ms-client-request-id": "1bd689be9ec203b672b2371f6be17db2",
        "x-ms-return-client-request-id": "true"
      },
      "RequestBody": {
        "tags": {},
        "location": "global",
        "properties": {
          "dataLocation": "UnitedStates"
        }
      },
      "StatusCode": 201,
      "ResponseHeaders": {
        "Azure-AsyncNotification": "Enabled",
        "Azure-AsyncOperation": "https://api-dogfood.resources.windows-int.net/subscriptions/ce1bff77-08c1-4199-b7a5-52194a42b6ce/providers/Microsoft.Communication/locations/CENTRALUS/operationStatuses/e3f88583-21f1-48ba-9793-8afdf09a4db0*700B72604E97DC12C0396C6DE8961A303CE66333CBF839249739E64112C2310E?api-version=2023-03-01-preview",
        "Cache-Control": "no-cache",
        "Content-Length": "623",
        "Content-Type": "application/json; charset=utf-8",
        "Date": "Mon, 20 Mar 2023 23:57:20 GMT",
        "ETag": "\u002262012758-0000-0700-0000-6418f2e00000\u0022",
        "Expires": "-1",
        "mise-correlation-id": "55ab6109-ef73-4d81-aad4-b1d1f4f75592",
        "Pragma": "no-cache",
        "Request-Context": "appId=",
        "Strict-Transport-Security": "max-age=31536000; includeSubDomains",
        "X-Cache": "CONFIG_NOCACHE",
        "X-Content-Type-Options": "nosniff",
        "x-ms-client-request-id": "1bd689be9ec203b672b2371f6be17db2",
        "x-ms-correlation-request-id": "6cda62fc-a9b2-47d0-951b-2a79ae52614e",
        "x-ms-providerhub-traffic": "True",
        "x-ms-ratelimit-remaining-subscription-writes": "1179",
        "x-ms-request-id": "e3f88583-21f1-48ba-9793-8afdf09a4db0",
        "x-ms-resource-provider-hint": "noPolling",
        "x-ms-routing-request-id": "CENTRALUS:20230320T235720Z:6cda62fc-a9b2-47d0-951b-2a79ae52614e",
        "X-MSEdge-Ref": "Ref A: 9FC66A54B2C947889A6D5365D2C63BF8 Ref B: STBEDGE0515 Ref C: 2023-03-20T23:57:19Z"
      },
      "ResponseBody": {
        "id": "/subscriptions/ce1bff77-08c1-4199-b7a5-52194a42b6ce/resourceGroups/Communication-RG-6235/providers/Microsoft.Communication/emailServices/email-service-1827",
        "name": "email-service-1827",
        "type": "microsoft.communication/emailservices",
        "location": "global",
        "tags": {},
        "systemData": {
          "createdBy": "dd5e080b-9821-4976-9ab1-c95d8cc8eafa",
          "createdByType": "Application",
          "createdAt": "2023-03-20T23:57:19.8409603Z",
          "lastModifiedBy": "dd5e080b-9821-4976-9ab1-c95d8cc8eafa",
          "lastModifiedByType": "Application",
          "lastModifiedAt": "2023-03-20T23:57:19.8409603Z"
        },
        "properties": {
          "dataLocation": "UnitedStates",
          "provisioningState": "Accepted"
        }
      }
    },
    {
      "RequestUri": "https://api-dogfood.resources.windows-int.net/subscriptions/ce1bff77-08c1-4199-b7a5-52194a42b6ce/providers/Microsoft.Communication/locations/CENTRALUS/operationStatuses/e3f88583-21f1-48ba-9793-8afdf09a4db0*700B72604E97DC12C0396C6DE8961A303CE66333CBF839249739E64112C2310E?api-version=2023-03-01-preview",
      "RequestMethod": "GET",
      "RequestHeaders": {
        "Authorization": "Sanitized",
        "traceparent": "00-cdc110f0acb73dfa5824616a9e320bd0-4ac7df7e9fe0fb1d-00",
        "User-Agent": "azsdk-net-ResourceManager/1.4.0 (.NET 6.0.15; Microsoft Windows 10.0.22621)",
        "x-ms-client-request-id": "f9263fff186ca5a9d50bc2f08f04fc77",
        "x-ms-return-client-request-id": "true"
      },
      "RequestBody": null,
      "StatusCode": 200,
      "ResponseHeaders": {
        "Cache-Control": "no-cache",
        "Content-Length": "578",
        "Content-Type": "application/json; charset=utf-8",
        "Date": "Mon, 20 Mar 2023 23:57:20 GMT",
        "ETag": "\u002227049d8b-0000-0700-0000-6418f2e00000\u0022",
        "Expires": "-1",
        "Pragma": "no-cache",
        "Strict-Transport-Security": "max-age=31536000; includeSubDomains",
        "X-Cache": "CONFIG_NOCACHE",
        "X-Content-Type-Options": "nosniff",
        "x-ms-client-request-id": "f9263fff186ca5a9d50bc2f08f04fc77",
        "x-ms-correlation-request-id": "0cddcd8e-a62c-46bf-b5fb-e76df55fac79",
        "x-ms-ratelimit-remaining-subscription-reads": "14694",
        "x-ms-request-id": "7831b871-bf98-4c1b-b84b-ec5634adc031",
        "x-ms-routing-request-id": "CENTRALUS:20230320T235720Z:0cddcd8e-a62c-46bf-b5fb-e76df55fac79",
        "X-MSEdge-Ref": "Ref A: 936F8CD2E9F2449FB9F6B7C05E7B6789 Ref B: STBEDGE0515 Ref C: 2023-03-20T23:57:20Z"
      },
      "ResponseBody": {
        "id": "/subscriptions/ce1bff77-08c1-4199-b7a5-52194a42b6ce/providers/Microsoft.Communication/locations/CENTRALUS/operationStatuses/e3f88583-21f1-48ba-9793-8afdf09a4db0*700B72604E97DC12C0396C6DE8961A303CE66333CBF839249739E64112C2310E",
        "name": "e3f88583-21f1-48ba-9793-8afdf09a4db0*700B72604E97DC12C0396C6DE8961A303CE66333CBF839249739E64112C2310E",
        "resourceId": "/subscriptions/ce1bff77-08c1-4199-b7a5-52194a42b6ce/resourceGroups/Communication-RG-6235/providers/Microsoft.Communication/emailServices/email-service-1827",
        "status": "Accepted",
        "startTime": "2023-03-20T23:57:20.030818Z"
      }
    },
    {
      "RequestUri": "https://api-dogfood.resources.windows-int.net/subscriptions/ce1bff77-08c1-4199-b7a5-52194a42b6ce/providers/Microsoft.Communication/locations/CENTRALUS/operationStatuses/e3f88583-21f1-48ba-9793-8afdf09a4db0*700B72604E97DC12C0396C6DE8961A303CE66333CBF839249739E64112C2310E?api-version=2023-03-01-preview",
      "RequestMethod": "GET",
      "RequestHeaders": {
        "Authorization": "Sanitized",
        "traceparent": "00-cdc110f0acb73dfa5824616a9e320bd0-883ce849de6cf3e4-00",
        "User-Agent": "azsdk-net-ResourceManager/1.4.0 (.NET 6.0.15; Microsoft Windows 10.0.22621)",
        "x-ms-client-request-id": "5b138a05c69e82609524ab8f19d557fd",
        "x-ms-return-client-request-id": "true"
      },
      "RequestBody": null,
      "StatusCode": 200,
      "ResponseHeaders": {
        "Cache-Control": "no-cache",
        "Content-Length": "578",
        "Content-Type": "application/json; charset=utf-8",
        "Date": "Mon, 20 Mar 2023 23:57:21 GMT",
        "ETag": "\u002227049d8b-0000-0700-0000-6418f2e00000\u0022",
        "Expires": "-1",
        "Pragma": "no-cache",
        "Strict-Transport-Security": "max-age=31536000; includeSubDomains",
        "X-Cache": "CONFIG_NOCACHE",
        "X-Content-Type-Options": "nosniff",
        "x-ms-client-request-id": "5b138a05c69e82609524ab8f19d557fd",
        "x-ms-correlation-request-id": "ffebe329-b867-4c51-9bfd-bfe11be66ffa",
        "x-ms-ratelimit-remaining-subscription-reads": "14693",
        "x-ms-request-id": "094c2768-2522-40d8-9e28-33bec93c1d77",
        "x-ms-routing-request-id": "CENTRALUS:20230320T235721Z:ffebe329-b867-4c51-9bfd-bfe11be66ffa",
        "X-MSEdge-Ref": "Ref A: 66E3C1BE460843EC830FD1CDA8E93EF6 Ref B: STBEDGE0515 Ref C: 2023-03-20T23:57:21Z"
      },
      "ResponseBody": {
        "id": "/subscriptions/ce1bff77-08c1-4199-b7a5-52194a42b6ce/providers/Microsoft.Communication/locations/CENTRALUS/operationStatuses/e3f88583-21f1-48ba-9793-8afdf09a4db0*700B72604E97DC12C0396C6DE8961A303CE66333CBF839249739E64112C2310E",
        "name": "e3f88583-21f1-48ba-9793-8afdf09a4db0*700B72604E97DC12C0396C6DE8961A303CE66333CBF839249739E64112C2310E",
        "resourceId": "/subscriptions/ce1bff77-08c1-4199-b7a5-52194a42b6ce/resourceGroups/Communication-RG-6235/providers/Microsoft.Communication/emailServices/email-service-1827",
        "status": "Accepted",
        "startTime": "2023-03-20T23:57:20.030818Z"
      }
    },
    {
      "RequestUri": "https://api-dogfood.resources.windows-int.net/subscriptions/ce1bff77-08c1-4199-b7a5-52194a42b6ce/providers/Microsoft.Communication/locations/CENTRALUS/operationStatuses/e3f88583-21f1-48ba-9793-8afdf09a4db0*700B72604E97DC12C0396C6DE8961A303CE66333CBF839249739E64112C2310E?api-version=2023-03-01-preview",
      "RequestMethod": "GET",
      "RequestHeaders": {
        "Authorization": "Sanitized",
        "traceparent": "00-cdc110f0acb73dfa5824616a9e320bd0-202763ce4ca71103-00",
        "User-Agent": "azsdk-net-ResourceManager/1.4.0 (.NET 6.0.15; Microsoft Windows 10.0.22621)",
        "x-ms-client-request-id": "2c20f07783ba2445a1f689537903226b",
        "x-ms-return-client-request-id": "true"
      },
      "RequestBody": null,
      "StatusCode": 200,
      "ResponseHeaders": {
        "Cache-Control": "no-cache",
        "Content-Length": "578",
        "Content-Type": "application/json; charset=utf-8",
        "Date": "Mon, 20 Mar 2023 23:57:22 GMT",
        "ETag": "\u002227049d8b-0000-0700-0000-6418f2e00000\u0022",
        "Expires": "-1",
        "Pragma": "no-cache",
        "Strict-Transport-Security": "max-age=31536000; includeSubDomains",
        "X-Cache": "CONFIG_NOCACHE",
        "X-Content-Type-Options": "nosniff",
        "x-ms-client-request-id": "2c20f07783ba2445a1f689537903226b",
        "x-ms-correlation-request-id": "4843770d-a6de-4a84-92e5-04dcc2118816",
        "x-ms-ratelimit-remaining-subscription-reads": "14692",
        "x-ms-request-id": "c550dcac-c394-4911-9671-ada2cfce92c6",
        "x-ms-routing-request-id": "CENTRALUS:20230320T235722Z:4843770d-a6de-4a84-92e5-04dcc2118816",
        "X-MSEdge-Ref": "Ref A: 5753AA9A2E5B45649614F8536A69F6DA Ref B: STBEDGE0515 Ref C: 2023-03-20T23:57:22Z"
      },
      "ResponseBody": {
        "id": "/subscriptions/ce1bff77-08c1-4199-b7a5-52194a42b6ce/providers/Microsoft.Communication/locations/CENTRALUS/operationStatuses/e3f88583-21f1-48ba-9793-8afdf09a4db0*700B72604E97DC12C0396C6DE8961A303CE66333CBF839249739E64112C2310E",
        "name": "e3f88583-21f1-48ba-9793-8afdf09a4db0*700B72604E97DC12C0396C6DE8961A303CE66333CBF839249739E64112C2310E",
        "resourceId": "/subscriptions/ce1bff77-08c1-4199-b7a5-52194a42b6ce/resourceGroups/Communication-RG-6235/providers/Microsoft.Communication/emailServices/email-service-1827",
        "status": "Accepted",
        "startTime": "2023-03-20T23:57:20.030818Z"
      }
    },
    {
      "RequestUri": "https://api-dogfood.resources.windows-int.net/subscriptions/ce1bff77-08c1-4199-b7a5-52194a42b6ce/providers/Microsoft.Communication/locations/CENTRALUS/operationStatuses/e3f88583-21f1-48ba-9793-8afdf09a4db0*700B72604E97DC12C0396C6DE8961A303CE66333CBF839249739E64112C2310E?api-version=2023-03-01-preview",
      "RequestMethod": "GET",
      "RequestHeaders": {
        "Authorization": "Sanitized",
        "traceparent": "00-cdc110f0acb73dfa5824616a9e320bd0-856e92c59fd4c959-00",
        "User-Agent": "azsdk-net-ResourceManager/1.4.0 (.NET 6.0.15; Microsoft Windows 10.0.22621)",
        "x-ms-client-request-id": "21db0d35df6138a8dea364486c198cff",
        "x-ms-return-client-request-id": "true"
      },
      "RequestBody": null,
      "StatusCode": 200,
      "ResponseHeaders": {
        "Cache-Control": "no-cache",
        "Content-Length": "578",
        "Content-Type": "application/json; charset=utf-8",
        "Date": "Mon, 20 Mar 2023 23:57:23 GMT",
        "ETag": "\u002227049d8b-0000-0700-0000-6418f2e00000\u0022",
        "Expires": "-1",
        "Pragma": "no-cache",
        "Strict-Transport-Security": "max-age=31536000; includeSubDomains",
        "X-Cache": "CONFIG_NOCACHE",
        "X-Content-Type-Options": "nosniff",
        "x-ms-client-request-id": "21db0d35df6138a8dea364486c198cff",
        "x-ms-correlation-request-id": "3a9ca0c0-94c3-46a1-a27e-828aa0123485",
        "x-ms-ratelimit-remaining-subscription-reads": "14691",
        "x-ms-request-id": "8f552ffe-e50f-443c-a9d2-b0f2b275587b",
        "x-ms-routing-request-id": "CENTRALUS:20230320T235724Z:3a9ca0c0-94c3-46a1-a27e-828aa0123485",
        "X-MSEdge-Ref": "Ref A: 7ED02FF821384CC6A25A0A80B2BBE355 Ref B: STBEDGE0515 Ref C: 2023-03-20T23:57:23Z"
      },
      "ResponseBody": {
        "id": "/subscriptions/ce1bff77-08c1-4199-b7a5-52194a42b6ce/providers/Microsoft.Communication/locations/CENTRALUS/operationStatuses/e3f88583-21f1-48ba-9793-8afdf09a4db0*700B72604E97DC12C0396C6DE8961A303CE66333CBF839249739E64112C2310E",
        "name": "e3f88583-21f1-48ba-9793-8afdf09a4db0*700B72604E97DC12C0396C6DE8961A303CE66333CBF839249739E64112C2310E",
        "resourceId": "/subscriptions/ce1bff77-08c1-4199-b7a5-52194a42b6ce/resourceGroups/Communication-RG-6235/providers/Microsoft.Communication/emailServices/email-service-1827",
        "status": "Accepted",
        "startTime": "2023-03-20T23:57:20.030818Z"
      }
    },
    {
      "RequestUri": "https://api-dogfood.resources.windows-int.net/subscriptions/ce1bff77-08c1-4199-b7a5-52194a42b6ce/providers/Microsoft.Communication/locations/CENTRALUS/operationStatuses/e3f88583-21f1-48ba-9793-8afdf09a4db0*700B72604E97DC12C0396C6DE8961A303CE66333CBF839249739E64112C2310E?api-version=2023-03-01-preview",
      "RequestMethod": "GET",
      "RequestHeaders": {
        "Authorization": "Sanitized",
        "traceparent": "00-cdc110f0acb73dfa5824616a9e320bd0-8d0ed82709e7d9e9-00",
        "User-Agent": "azsdk-net-ResourceManager/1.4.0 (.NET 6.0.15; Microsoft Windows 10.0.22621)",
        "x-ms-client-request-id": "9e78c4b3d0e381bc44eebaa83c0d0992",
        "x-ms-return-client-request-id": "true"
      },
      "RequestBody": null,
      "StatusCode": 200,
      "ResponseHeaders": {
        "Cache-Control": "no-cache",
        "Content-Length": "578",
        "Content-Type": "application/json; charset=utf-8",
        "Date": "Mon, 20 Mar 2023 23:57:25 GMT",
        "ETag": "\u002227049d8b-0000-0700-0000-6418f2e00000\u0022",
        "Expires": "-1",
        "Pragma": "no-cache",
        "Strict-Transport-Security": "max-age=31536000; includeSubDomains",
        "X-Cache": "CONFIG_NOCACHE",
        "X-Content-Type-Options": "nosniff",
        "x-ms-client-request-id": "9e78c4b3d0e381bc44eebaa83c0d0992",
        "x-ms-correlation-request-id": "082169c0-135d-47e2-974e-88cdff20f846",
        "x-ms-ratelimit-remaining-subscription-reads": "14690",
        "x-ms-request-id": "22298790-f56b-4893-af4e-142928f2574d",
        "x-ms-routing-request-id": "CENTRALUS:20230320T235726Z:082169c0-135d-47e2-974e-88cdff20f846",
        "X-MSEdge-Ref": "Ref A: 083AA27DFAFC4D21B2C5C80F383D3018 Ref B: STBEDGE0515 Ref C: 2023-03-20T23:57:26Z"
      },
      "ResponseBody": {
        "id": "/subscriptions/ce1bff77-08c1-4199-b7a5-52194a42b6ce/providers/Microsoft.Communication/locations/CENTRALUS/operationStatuses/e3f88583-21f1-48ba-9793-8afdf09a4db0*700B72604E97DC12C0396C6DE8961A303CE66333CBF839249739E64112C2310E",
        "name": "e3f88583-21f1-48ba-9793-8afdf09a4db0*700B72604E97DC12C0396C6DE8961A303CE66333CBF839249739E64112C2310E",
        "resourceId": "/subscriptions/ce1bff77-08c1-4199-b7a5-52194a42b6ce/resourceGroups/Communication-RG-6235/providers/Microsoft.Communication/emailServices/email-service-1827",
        "status": "Accepted",
        "startTime": "2023-03-20T23:57:20.030818Z"
      }
    },
    {
      "RequestUri": "https://api-dogfood.resources.windows-int.net/subscriptions/ce1bff77-08c1-4199-b7a5-52194a42b6ce/providers/Microsoft.Communication/locations/CENTRALUS/operationStatuses/e3f88583-21f1-48ba-9793-8afdf09a4db0*700B72604E97DC12C0396C6DE8961A303CE66333CBF839249739E64112C2310E?api-version=2023-03-01-preview",
      "RequestMethod": "GET",
      "RequestHeaders": {
        "Authorization": "Sanitized",
        "traceparent": "00-cdc110f0acb73dfa5824616a9e320bd0-0ef861be694836f7-00",
        "User-Agent": "azsdk-net-ResourceManager/1.4.0 (.NET 6.0.15; Microsoft Windows 10.0.22621)",
        "x-ms-client-request-id": "0c5a400136f9989b48e74e171ffdb887",
        "x-ms-return-client-request-id": "true"
      },
      "RequestBody": null,
      "StatusCode": 200,
      "ResponseHeaders": {
        "Cache-Control": "no-cache",
        "Content-Length": "578",
        "Content-Type": "application/json; charset=utf-8",
        "Date": "Mon, 20 Mar 2023 23:57:30 GMT",
        "ETag": "\u002227049d8b-0000-0700-0000-6418f2e00000\u0022",
        "Expires": "-1",
        "Pragma": "no-cache",
        "Strict-Transport-Security": "max-age=31536000; includeSubDomains",
        "X-Cache": "CONFIG_NOCACHE",
        "X-Content-Type-Options": "nosniff",
        "x-ms-client-request-id": "0c5a400136f9989b48e74e171ffdb887",
        "x-ms-correlation-request-id": "929da621-574c-4616-bb5b-c7cce7f4bb47",
        "x-ms-ratelimit-remaining-subscription-reads": "14689",
        "x-ms-request-id": "06406ee2-a694-4a7b-a2a6-a8d6d08274b3",
        "x-ms-routing-request-id": "CENTRALUS:20230320T235730Z:929da621-574c-4616-bb5b-c7cce7f4bb47",
        "X-MSEdge-Ref": "Ref A: 95C73D996A8E46E18746CDBBBC2DEF47 Ref B: STBEDGE0515 Ref C: 2023-03-20T23:57:30Z"
      },
      "ResponseBody": {
        "id": "/subscriptions/ce1bff77-08c1-4199-b7a5-52194a42b6ce/providers/Microsoft.Communication/locations/CENTRALUS/operationStatuses/e3f88583-21f1-48ba-9793-8afdf09a4db0*700B72604E97DC12C0396C6DE8961A303CE66333CBF839249739E64112C2310E",
        "name": "e3f88583-21f1-48ba-9793-8afdf09a4db0*700B72604E97DC12C0396C6DE8961A303CE66333CBF839249739E64112C2310E",
        "resourceId": "/subscriptions/ce1bff77-08c1-4199-b7a5-52194a42b6ce/resourceGroups/Communication-RG-6235/providers/Microsoft.Communication/emailServices/email-service-1827",
        "status": "Accepted",
        "startTime": "2023-03-20T23:57:20.030818Z"
      }
    },
    {
      "RequestUri": "https://api-dogfood.resources.windows-int.net/subscriptions/ce1bff77-08c1-4199-b7a5-52194a42b6ce/providers/Microsoft.Communication/locations/CENTRALUS/operationStatuses/e3f88583-21f1-48ba-9793-8afdf09a4db0*700B72604E97DC12C0396C6DE8961A303CE66333CBF839249739E64112C2310E?api-version=2023-03-01-preview",
      "RequestMethod": "GET",
      "RequestHeaders": {
        "Authorization": "Sanitized",
        "traceparent": "00-cdc110f0acb73dfa5824616a9e320bd0-22ab477ed3e3dc84-00",
        "User-Agent": "azsdk-net-ResourceManager/1.4.0 (.NET 6.0.15; Microsoft Windows 10.0.22621)",
        "x-ms-client-request-id": "b49f8969848a65875159dc7224fffcd1",
        "x-ms-return-client-request-id": "true"
      },
      "RequestBody": null,
      "StatusCode": 200,
      "ResponseHeaders": {
        "Cache-Control": "no-cache",
        "Content-Length": "578",
        "Content-Type": "application/json; charset=utf-8",
        "Date": "Mon, 20 Mar 2023 23:57:38 GMT",
        "ETag": "\u002227049d8b-0000-0700-0000-6418f2e00000\u0022",
        "Expires": "-1",
        "Pragma": "no-cache",
        "Strict-Transport-Security": "max-age=31536000; includeSubDomains",
        "X-Cache": "CONFIG_NOCACHE",
        "X-Content-Type-Options": "nosniff",
        "x-ms-client-request-id": "b49f8969848a65875159dc7224fffcd1",
        "x-ms-correlation-request-id": "61176f94-e34a-4a18-84b8-6c0761932f70",
        "x-ms-ratelimit-remaining-subscription-reads": "14688",
        "x-ms-request-id": "8e95ccee-a4f1-4972-b5f7-36965d6d6f1e",
        "x-ms-routing-request-id": "CENTRALUS:20230320T235738Z:61176f94-e34a-4a18-84b8-6c0761932f70",
        "X-MSEdge-Ref": "Ref A: 6CB1F8A9729B4CC1904737D49B869182 Ref B: STBEDGE0515 Ref C: 2023-03-20T23:57:38Z"
      },
      "ResponseBody": {
        "id": "/subscriptions/ce1bff77-08c1-4199-b7a5-52194a42b6ce/providers/Microsoft.Communication/locations/CENTRALUS/operationStatuses/e3f88583-21f1-48ba-9793-8afdf09a4db0*700B72604E97DC12C0396C6DE8961A303CE66333CBF839249739E64112C2310E",
        "name": "e3f88583-21f1-48ba-9793-8afdf09a4db0*700B72604E97DC12C0396C6DE8961A303CE66333CBF839249739E64112C2310E",
        "resourceId": "/subscriptions/ce1bff77-08c1-4199-b7a5-52194a42b6ce/resourceGroups/Communication-RG-6235/providers/Microsoft.Communication/emailServices/email-service-1827",
        "status": "Accepted",
        "startTime": "2023-03-20T23:57:20.030818Z"
      }
    },
    {
      "RequestUri": "https://api-dogfood.resources.windows-int.net/subscriptions/ce1bff77-08c1-4199-b7a5-52194a42b6ce/providers/Microsoft.Communication/locations/CENTRALUS/operationStatuses/e3f88583-21f1-48ba-9793-8afdf09a4db0*700B72604E97DC12C0396C6DE8961A303CE66333CBF839249739E64112C2310E?api-version=2023-03-01-preview",
      "RequestMethod": "GET",
      "RequestHeaders": {
        "Authorization": "Sanitized",
        "traceparent": "00-cdc110f0acb73dfa5824616a9e320bd0-3e6135e4678a5a49-00",
        "User-Agent": "azsdk-net-ResourceManager/1.4.0 (.NET 6.0.15; Microsoft Windows 10.0.22621)",
        "x-ms-client-request-id": "2b47d29a7fbf7c0629e056fb82a46246",
        "x-ms-return-client-request-id": "true"
      },
      "RequestBody": null,
      "StatusCode": 200,
      "ResponseHeaders": {
        "Cache-Control": "no-cache",
        "Content-Length": "578",
        "Content-Type": "application/json; charset=utf-8",
        "Date": "Mon, 20 Mar 2023 23:57:54 GMT",
        "ETag": "\u002227049d8b-0000-0700-0000-6418f2e00000\u0022",
        "Expires": "-1",
        "Pragma": "no-cache",
        "Strict-Transport-Security": "max-age=31536000; includeSubDomains",
        "X-Cache": "CONFIG_NOCACHE",
        "X-Content-Type-Options": "nosniff",
        "x-ms-client-request-id": "2b47d29a7fbf7c0629e056fb82a46246",
        "x-ms-correlation-request-id": "cc02084c-f7ec-412d-9591-f12ce2aa7c43",
        "x-ms-ratelimit-remaining-subscription-reads": "14687",
        "x-ms-request-id": "b8048168-4e6c-4087-aafb-754f82c5fa19",
        "x-ms-routing-request-id": "CENTRALUS:20230320T235754Z:cc02084c-f7ec-412d-9591-f12ce2aa7c43",
        "X-MSEdge-Ref": "Ref A: 83B62B81DC0646B98DA95DB7563C34A2 Ref B: STBEDGE0515 Ref C: 2023-03-20T23:57:54Z"
      },
      "ResponseBody": {
        "id": "/subscriptions/ce1bff77-08c1-4199-b7a5-52194a42b6ce/providers/Microsoft.Communication/locations/CENTRALUS/operationStatuses/e3f88583-21f1-48ba-9793-8afdf09a4db0*700B72604E97DC12C0396C6DE8961A303CE66333CBF839249739E64112C2310E",
        "name": "e3f88583-21f1-48ba-9793-8afdf09a4db0*700B72604E97DC12C0396C6DE8961A303CE66333CBF839249739E64112C2310E",
        "resourceId": "/subscriptions/ce1bff77-08c1-4199-b7a5-52194a42b6ce/resourceGroups/Communication-RG-6235/providers/Microsoft.Communication/emailServices/email-service-1827",
        "status": "Accepted",
        "startTime": "2023-03-20T23:57:20.030818Z"
      }
    },
    {
      "RequestUri": "https://api-dogfood.resources.windows-int.net/subscriptions/ce1bff77-08c1-4199-b7a5-52194a42b6ce/providers/Microsoft.Communication/locations/CENTRALUS/operationStatuses/e3f88583-21f1-48ba-9793-8afdf09a4db0*700B72604E97DC12C0396C6DE8961A303CE66333CBF839249739E64112C2310E?api-version=2023-03-01-preview",
      "RequestMethod": "GET",
      "RequestHeaders": {
        "Authorization": "Sanitized",
        "traceparent": "00-cdc110f0acb73dfa5824616a9e320bd0-74a0ce9c59621ed5-00",
        "User-Agent": "azsdk-net-ResourceManager/1.4.0 (.NET 6.0.15; Microsoft Windows 10.0.22621)",
        "x-ms-client-request-id": "b23e3236546d7d07b9f4bb9f59287348",
        "x-ms-return-client-request-id": "true"
      },
      "RequestBody": null,
      "StatusCode": 200,
      "ResponseHeaders": {
        "Cache-Control": "no-cache",
        "Content-Length": "597",
        "Content-Type": "application/json; charset=utf-8",
        "Date": "Mon, 20 Mar 2023 23:58:26 GMT",
        "ETag": "\u00222704ec94-0000-0700-0000-6418f3210000\u0022",
        "Expires": "-1",
        "Pragma": "no-cache",
        "Strict-Transport-Security": "max-age=31536000; includeSubDomains",
        "X-Cache": "CONFIG_NOCACHE",
        "X-Content-Type-Options": "nosniff",
        "x-ms-client-request-id": "b23e3236546d7d07b9f4bb9f59287348",
        "x-ms-correlation-request-id": "14e7137a-b06b-41fb-92d8-c457e8506b67",
        "x-ms-ratelimit-remaining-subscription-reads": "14686",
        "x-ms-request-id": "512b316b-c845-4779-92f4-4656910461d4",
        "x-ms-routing-request-id": "CENTRALUS:20230320T235826Z:14e7137a-b06b-41fb-92d8-c457e8506b67",
        "X-MSEdge-Ref": "Ref A: B989961EE22A4032BE6FDEA133F690A3 Ref B: STBEDGE0515 Ref C: 2023-03-20T23:58:26Z"
      },
      "ResponseBody": {
        "id": "/subscriptions/ce1bff77-08c1-4199-b7a5-52194a42b6ce/providers/Microsoft.Communication/locations/CENTRALUS/operationStatuses/e3f88583-21f1-48ba-9793-8afdf09a4db0*700B72604E97DC12C0396C6DE8961A303CE66333CBF839249739E64112C2310E",
        "name": "e3f88583-21f1-48ba-9793-8afdf09a4db0*700B72604E97DC12C0396C6DE8961A303CE66333CBF839249739E64112C2310E",
        "resourceId": "/subscriptions/ce1bff77-08c1-4199-b7a5-52194a42b6ce/resourceGroups/Communication-RG-6235/providers/Microsoft.Communication/emailServices/email-service-1827",
        "status": "Succeeded",
        "startTime": "2023-03-20T23:57:20.030818Z",
        "properties": null
      }
    },
    {
      "RequestUri": "https://api-dogfood.resources.windows-int.net/subscriptions/ce1bff77-08c1-4199-b7a5-52194a42b6ce/resourceGroups/Communication-RG-6235/providers/Microsoft.Communication/emailServices/email-service-1827?api-version=2023-03-01-preview",
      "RequestMethod": "GET",
      "RequestHeaders": {
        "Authorization": "Sanitized",
        "traceparent": "00-cdc110f0acb73dfa5824616a9e320bd0-eedaa8b2e0224c5f-00",
        "User-Agent": "azsdk-net-ResourceManager/1.4.0 (.NET 6.0.15; Microsoft Windows 10.0.22621)",
        "x-ms-client-request-id": "4d7c7ceb8cb6eac883228baa2d8be3ac",
        "x-ms-return-client-request-id": "true"
      },
      "RequestBody": null,
      "StatusCode": 200,
      "ResponseHeaders": {
        "Cache-Control": "no-cache",
        "Content-Length": "624",
        "Content-Type": "application/json; charset=utf-8",
        "Date": "Mon, 20 Mar 2023 23:58:26 GMT",
        "ETag": "\u00226201be58-0000-0700-0000-6418f2e50000\u0022",
        "Expires": "-1",
        "Pragma": "no-cache",
        "Strict-Transport-Security": "max-age=31536000; includeSubDomains",
        "X-Cache": "CONFIG_NOCACHE",
        "X-Content-Type-Options": "nosniff",
        "x-ms-client-request-id": "4d7c7ceb8cb6eac883228baa2d8be3ac",
        "x-ms-correlation-request-id": "8f7fe7dc-bc8e-4039-997e-8bae6f832950",
        "x-ms-providerhub-traffic": "True",
        "x-ms-ratelimit-remaining-subscription-reads": "14685",
        "x-ms-request-id": "5f8ce474-532b-45f4-b38e-ddd27afa4417",
        "x-ms-routing-request-id": "CENTRALUS:20230320T235826Z:8f7fe7dc-bc8e-4039-997e-8bae6f832950",
        "X-MSEdge-Ref": "Ref A: EE035BBF7D8B4F6EAA4554985B8A2C8F Ref B: STBEDGE0515 Ref C: 2023-03-20T23:58:26Z"
      },
      "ResponseBody": {
        "id": "/subscriptions/ce1bff77-08c1-4199-b7a5-52194a42b6ce/resourceGroups/Communication-RG-6235/providers/Microsoft.Communication/emailServices/email-service-1827",
        "name": "email-service-1827",
        "type": "microsoft.communication/emailservices",
        "location": "global",
        "tags": {},
        "systemData": {
          "createdBy": "dd5e080b-9821-4976-9ab1-c95d8cc8eafa",
          "createdByType": "Application",
          "createdAt": "2023-03-20T23:57:19.8409603Z",
          "lastModifiedBy": "dd5e080b-9821-4976-9ab1-c95d8cc8eafa",
          "lastModifiedByType": "Application",
          "lastModifiedAt": "2023-03-20T23:57:19.8409603Z"
        },
        "properties": {
          "provisioningState": "Succeeded",
          "dataLocation": "UnitedStates"
        }
      }
    },
    {
      "RequestUri": "https://api-dogfood.resources.windows-int.net/subscriptions/ce1bff77-08c1-4199-b7a5-52194a42b6ce/resourceGroups/Communication-RG-6235/providers/Microsoft.Communication/emailServices/email-service-1827/providers/Microsoft.Resources/tags/default?api-version=**",
      "RequestMethod": "GET",
      "RequestHeaders": {
        "Accept": "application/json",
        "Authorization": "Sanitized",
        "traceparent": "00-857dc103318f039f4aa3bb71035effc4-600f219e33f2cf40-00",
        "User-Agent": "azsdk-net-ResourceManager/1.4.0 (.NET 6.0.15; Microsoft Windows 10.0.22621)",
        "x-ms-client-request-id": "f23c96f749c14663cac972cac4662200",
        "x-ms-return-client-request-id": "true"
      },
      "RequestBody": null,
      "StatusCode": 200,
      "ResponseHeaders": {
        "Cache-Control": "no-cache",
        "Content-Length": "283",
        "Content-Type": "application/json; charset=utf-8",
        "Date": "Mon, 20 Mar 2023 23:58:26 GMT",
        "Expires": "-1",
        "Pragma": "no-cache",
        "Strict-Transport-Security": "max-age=31536000; includeSubDomains",
        "X-Cache": "CONFIG_NOCACHE",
        "X-Content-Type-Options": "nosniff",
        "x-ms-correlation-request-id": "9559b599-e233-4c17-9a63-4243c8591ee8",
        "x-ms-ratelimit-remaining-subscription-reads": "14684",
        "x-ms-request-id": "9559b599-e233-4c17-9a63-4243c8591ee8",
        "x-ms-routing-request-id": "CENTRALUS:20230320T235826Z:9559b599-e233-4c17-9a63-4243c8591ee8",
        "X-MSEdge-Ref": "Ref A: 7D796C4E732B42F0AA889BAA522F6C6B Ref B: STBEDGE0515 Ref C: 2023-03-20T23:58:26Z"
      },
      "ResponseBody": {
        "id": "/subscriptions/ce1bff77-08c1-4199-b7a5-52194a42b6ce/resourceGroups/Communication-RG-6235/providers/Microsoft.Communication/EmailServices/email-service-1827/providers/Microsoft.Resources/tags/default",
        "name": "default",
        "type": "Microsoft.Resources/tags",
        "properties": {
          "tags": {}
        }
      }
    },
    {
      "RequestUri": "https://api-dogfood.resources.windows-int.net/subscriptions/ce1bff77-08c1-4199-b7a5-52194a42b6ce/resourceGroups/Communication-RG-6235/providers/Microsoft.Communication/emailServices/email-service-1827/providers/Microsoft.Resources/tags/default?api-version=**",
      "RequestMethod": "PUT",
      "RequestHeaders": {
        "Accept": "application/json",
        "Authorization": "Sanitized",
        "Content-Length": "47",
        "Content-Type": "application/json",
        "traceparent": "00-857dc103318f039f4aa3bb71035effc4-4267f5f46da4d1a9-00",
        "User-Agent": "azsdk-net-ResourceManager/1.4.0 (.NET 6.0.15; Microsoft Windows 10.0.22621)",
        "x-ms-client-request-id": "05100e6c1428a99069542f4ac85c4f2d",
        "x-ms-return-client-request-id": "true"
      },
      "RequestBody": {
        "properties": {
          "tags": {
            "testkey": "testvalue"
          }
        }
      },
      "StatusCode": 200,
      "ResponseHeaders": {
        "Cache-Control": "no-cache",
        "Content-Length": "304",
        "Content-Type": "application/json; charset=utf-8",
        "Date": "Mon, 20 Mar 2023 23:58:27 GMT",
        "Expires": "-1",
        "Pragma": "no-cache",
        "Strict-Transport-Security": "max-age=31536000; includeSubDomains",
        "X-Cache": "CONFIG_NOCACHE",
        "X-Content-Type-Options": "nosniff",
        "x-ms-correlation-request-id": "fb43f837-4cb9-4bce-b313-10dd702f55f2",
        "x-ms-ratelimit-remaining-subscription-writes": "1178",
        "x-ms-request-id": "fb43f837-4cb9-4bce-b313-10dd702f55f2",
        "x-ms-routing-request-id": "CENTRALUS:20230320T235827Z:fb43f837-4cb9-4bce-b313-10dd702f55f2",
        "X-MSEdge-Ref": "Ref A: 58C9B479CB4F40ADB6DD78AEAA75EAA1 Ref B: STBEDGE0515 Ref C: 2023-03-20T23:58:27Z"
      },
      "ResponseBody": {
        "id": "/subscriptions/ce1bff77-08c1-4199-b7a5-52194a42b6ce/resourceGroups/Communication-RG-6235/providers/Microsoft.Communication/EmailServices/email-service-1827/providers/Microsoft.Resources/tags/default",
        "name": "default",
        "type": "Microsoft.Resources/tags",
        "properties": {
          "tags": {
            "testkey": "testvalue"
          }
        }
      }
    },
    {
      "RequestUri": "https://api-dogfood.resources.windows-int.net/subscriptions/ce1bff77-08c1-4199-b7a5-52194a42b6ce/resourceGroups/Communication-RG-6235/providers/Microsoft.Communication/emailServices/email-service-1827?api-version=2023-03-01-preview",
      "RequestMethod": "GET",
      "RequestHeaders": {
        "Accept": "application/json",
        "Authorization": "Sanitized",
        "traceparent": "00-857dc103318f039f4aa3bb71035effc4-91964f86bf54c1ae-00",
        "User-Agent": "azsdk-net-ResourceManager.Communication/1.1.0-alpha.20230320.1 (.NET 6.0.15; Microsoft Windows 10.0.22621)",
        "x-ms-client-request-id": "1f3e8a00dd7be2840592896d19187d6e",
        "x-ms-return-client-request-id": "true"
      },
      "RequestBody": null,
      "StatusCode": 200,
      "ResponseHeaders": {
        "Cache-Control": "no-cache",
        "Content-Length": "645",
        "Content-Type": "application/json; charset=utf-8",
        "Date": "Mon, 20 Mar 2023 23:58:27 GMT",
        "ETag": "\u002262018a5e-0000-0700-0000-6418f3230000\u0022",
        "Expires": "-1",
        "Pragma": "no-cache",
        "Strict-Transport-Security": "max-age=31536000; includeSubDomains",
        "X-Cache": "CONFIG_NOCACHE",
        "X-Content-Type-Options": "nosniff",
        "x-ms-client-request-id": "1f3e8a00dd7be2840592896d19187d6e",
        "x-ms-correlation-request-id": "0d45086c-231e-452e-9d2d-b4066280aaf1",
        "x-ms-providerhub-traffic": "True",
        "x-ms-ratelimit-remaining-subscription-reads": "14683",
        "x-ms-request-id": "d7f3a831-6c09-4201-b61d-faa12855aad8",
        "x-ms-routing-request-id": "CENTRALUS:20230320T235827Z:0d45086c-231e-452e-9d2d-b4066280aaf1",
        "X-MSEdge-Ref": "Ref A: 646DE8F967F648B9B6A993D8CD85159F Ref B: STBEDGE0515 Ref C: 2023-03-20T23:58:27Z"
      },
      "ResponseBody": {
        "id": "/subscriptions/ce1bff77-08c1-4199-b7a5-52194a42b6ce/resourceGroups/Communication-RG-6235/providers/Microsoft.Communication/emailServices/email-service-1827",
        "name": "email-service-1827",
        "type": "microsoft.communication/emailservices",
        "location": "global",
        "tags": {
          "testkey": "testvalue"
        },
        "systemData": {
          "createdBy": "dd5e080b-9821-4976-9ab1-c95d8cc8eafa",
          "createdByType": "Application",
          "createdAt": "2023-03-20T23:57:19.8409603Z",
          "lastModifiedBy": "dd5e080b-9821-4976-9ab1-c95d8cc8eafa",
          "lastModifiedByType": "Application",
          "lastModifiedAt": "2023-03-20T23:58:27.1557345Z"
        },
        "properties": {
          "provisioningState": "Succeeded",
          "dataLocation": "UnitedStates"
        }
      }
    },
    {
      "RequestUri": "https://api-dogfood.resources.windows-int.net/subscriptions/ce1bff77-08c1-4199-b7a5-52194a42b6ce/resourceGroups/Communication-RG-6235/providers/Microsoft.Communication/emailServices/email-service-1827?api-version=2023-03-01-preview",
      "RequestMethod": "GET",
      "RequestHeaders": {
        "Accept": "application/json",
        "Authorization": "Sanitized",
        "traceparent": "00-f21e1bebed663cedc6f2205bf3e5f147-e4da1802dfbf7550-00",
        "User-Agent": "azsdk-net-ResourceManager.Communication/1.1.0-alpha.20230320.1 (.NET 6.0.15; Microsoft Windows 10.0.22621)",
        "x-ms-client-request-id": "b5b9447a5fbeeb14876eecf191a48f6b",
        "x-ms-return-client-request-id": "true"
      },
      "RequestBody": null,
      "StatusCode": 200,
      "ResponseHeaders": {
        "Cache-Control": "no-cache",
        "Content-Length": "645",
        "Content-Type": "application/json; charset=utf-8",
        "Date": "Mon, 20 Mar 2023 23:58:27 GMT",
        "ETag": "\u002262018a5e-0000-0700-0000-6418f3230000\u0022",
        "Expires": "-1",
        "Pragma": "no-cache",
        "Strict-Transport-Security": "max-age=31536000; includeSubDomains",
        "X-Cache": "CONFIG_NOCACHE",
        "X-Content-Type-Options": "nosniff",
        "x-ms-client-request-id": "b5b9447a5fbeeb14876eecf191a48f6b",
        "x-ms-correlation-request-id": "c04e22c1-71b4-4377-8ce7-241eb3291ce8",
        "x-ms-providerhub-traffic": "True",
        "x-ms-ratelimit-remaining-subscription-reads": "14682",
        "x-ms-request-id": "e4c71203-7afc-42cf-b44f-2ee023733ccb",
        "x-ms-routing-request-id": "CENTRALUS:20230320T235827Z:c04e22c1-71b4-4377-8ce7-241eb3291ce8",
        "X-MSEdge-Ref": "Ref A: D89ECAFAD5984112896A3B8CCD3BCA29 Ref B: STBEDGE0515 Ref C: 2023-03-20T23:58:27Z"
      },
      "ResponseBody": {
        "id": "/subscriptions/ce1bff77-08c1-4199-b7a5-52194a42b6ce/resourceGroups/Communication-RG-6235/providers/Microsoft.Communication/emailServices/email-service-1827",
        "name": "email-service-1827",
        "type": "microsoft.communication/emailservices",
        "location": "global",
        "tags": {
          "testkey": "testvalue"
        },
        "systemData": {
          "createdBy": "dd5e080b-9821-4976-9ab1-c95d8cc8eafa",
          "createdByType": "Application",
          "createdAt": "2023-03-20T23:57:19.8409603Z",
          "lastModifiedBy": "dd5e080b-9821-4976-9ab1-c95d8cc8eafa",
          "lastModifiedByType": "Application",
          "lastModifiedAt": "2023-03-20T23:58:27.1557345Z"
        },
        "properties": {
          "provisioningState": "Succeeded",
          "dataLocation": "UnitedStates"
        }
      }
    },
    {
      "RequestUri": "https://api-dogfood.resources.windows-int.net/subscriptions/ce1bff77-08c1-4199-b7a5-52194a42b6ce/resourceGroups/Communication-RG-6235/providers/Microsoft.Communication/emailServices/email-service-1827/providers/Microsoft.Resources/tags/default?api-version=**",
      "RequestMethod": "GET",
      "RequestHeaders": {
        "Accept": "application/json",
        "Authorization": "Sanitized",
        "traceparent": "00-35726467f55525b1bdfa138d377dd4a1-14b14ddf2acc921a-00",
        "User-Agent": "azsdk-net-ResourceManager/1.4.0 (.NET 6.0.15; Microsoft Windows 10.0.22621)",
        "x-ms-client-request-id": "3e4a122f2f1e33b28ac5bd5af7198800",
        "x-ms-return-client-request-id": "true"
      },
      "RequestBody": null,
      "StatusCode": 200,
      "ResponseHeaders": {
        "Cache-Control": "no-cache",
        "Content-Length": "304",
        "Content-Type": "application/json; charset=utf-8",
        "Date": "Mon, 20 Mar 2023 23:58:27 GMT",
        "Expires": "-1",
        "Pragma": "no-cache",
        "Strict-Transport-Security": "max-age=31536000; includeSubDomains",
        "X-Cache": "CONFIG_NOCACHE",
        "X-Content-Type-Options": "nosniff",
        "x-ms-correlation-request-id": "86400119-64a0-4f36-807c-9dc3b45abb57",
        "x-ms-ratelimit-remaining-subscription-reads": "14681",
        "x-ms-request-id": "86400119-64a0-4f36-807c-9dc3b45abb57",
        "x-ms-routing-request-id": "CENTRALUS:20230320T235827Z:86400119-64a0-4f36-807c-9dc3b45abb57",
        "X-MSEdge-Ref": "Ref A: 9247AFA132114A7CB847CDF09A233FDD Ref B: STBEDGE0515 Ref C: 2023-03-20T23:58:27Z"
      },
      "ResponseBody": {
        "id": "/subscriptions/ce1bff77-08c1-4199-b7a5-52194a42b6ce/resourceGroups/Communication-RG-6235/providers/Microsoft.Communication/EmailServices/email-service-1827/providers/Microsoft.Resources/tags/default",
        "name": "default",
        "type": "Microsoft.Resources/tags",
        "properties": {
          "tags": {
            "testkey": "testvalue"
          }
        }
      }
    },
    {
      "RequestUri": "https://api-dogfood.resources.windows-int.net/subscriptions/ce1bff77-08c1-4199-b7a5-52194a42b6ce/resourceGroups/Communication-RG-6235/providers/Microsoft.Communication/emailServices/email-service-1827/providers/Microsoft.Resources/tags/default?api-version=**",
      "RequestMethod": "PUT",
      "RequestHeaders": {
        "Accept": "application/json",
        "Authorization": "Sanitized",
        "Content-Length": "26",
        "Content-Type": "application/json",
        "traceparent": "00-35726467f55525b1bdfa138d377dd4a1-549f1c781e1bb0c2-00",
        "User-Agent": "azsdk-net-ResourceManager/1.4.0 (.NET 6.0.15; Microsoft Windows 10.0.22621)",
        "x-ms-client-request-id": "d57214b96f44a05e7652980df1925061",
        "x-ms-return-client-request-id": "true"
      },
      "RequestBody": {
        "properties": {
          "tags": {}
        }
      },
      "StatusCode": 200,
      "ResponseHeaders": {
        "Cache-Control": "no-cache",
        "Content-Length": "283",
        "Content-Type": "application/json; charset=utf-8",
        "Date": "Mon, 20 Mar 2023 23:58:27 GMT",
        "Expires": "-1",
        "Pragma": "no-cache",
        "Strict-Transport-Security": "max-age=31536000; includeSubDomains",
        "X-Cache": "CONFIG_NOCACHE",
        "X-Content-Type-Options": "nosniff",
        "x-ms-correlation-request-id": "012084ce-c392-4d84-921d-adb464e364ab",
        "x-ms-ratelimit-remaining-subscription-writes": "1177",
        "x-ms-request-id": "012084ce-c392-4d84-921d-adb464e364ab",
        "x-ms-routing-request-id": "CENTRALUS:20230320T235828Z:012084ce-c392-4d84-921d-adb464e364ab",
        "X-MSEdge-Ref": "Ref A: 1C5576C762EC4680AEC64108ACC797DB Ref B: STBEDGE0515 Ref C: 2023-03-20T23:58:27Z"
      },
      "ResponseBody": {
        "id": "/subscriptions/ce1bff77-08c1-4199-b7a5-52194a42b6ce/resourceGroups/Communication-RG-6235/providers/Microsoft.Communication/EmailServices/email-service-1827/providers/Microsoft.Resources/tags/default",
        "name": "default",
        "type": "Microsoft.Resources/tags",
        "properties": {
          "tags": {}
        }
      }
    },
    {
      "RequestUri": "https://api-dogfood.resources.windows-int.net/subscriptions/ce1bff77-08c1-4199-b7a5-52194a42b6ce/resourceGroups/Communication-RG-6235/providers/Microsoft.Communication/emailServices/email-service-1827?api-version=2023-03-01-preview",
      "RequestMethod": "GET",
      "RequestHeaders": {
        "Accept": "application/json",
        "Authorization": "Sanitized",
        "traceparent": "00-35726467f55525b1bdfa138d377dd4a1-fec1fffb80f213b4-00",
        "User-Agent": "azsdk-net-ResourceManager.Communication/1.1.0-alpha.20230320.1 (.NET 6.0.15; Microsoft Windows 10.0.22621)",
        "x-ms-client-request-id": "7c37ebe5ba31bf27b4a9c7cc97a541f8",
        "x-ms-return-client-request-id": "true"
      },
      "RequestBody": null,
      "StatusCode": 200,
      "ResponseHeaders": {
        "Cache-Control": "no-cache",
        "Content-Length": "624",
        "Content-Type": "application/json; charset=utf-8",
        "Date": "Mon, 20 Mar 2023 23:58:28 GMT",
        "ETag": "\u00226201995e-0000-0700-0000-6418f3240000\u0022",
        "Expires": "-1",
        "Pragma": "no-cache",
        "Strict-Transport-Security": "max-age=31536000; includeSubDomains",
        "X-Cache": "CONFIG_NOCACHE",
        "X-Content-Type-Options": "nosniff",
        "x-ms-client-request-id": "7c37ebe5ba31bf27b4a9c7cc97a541f8",
        "x-ms-correlation-request-id": "dbd16fbc-3db4-4742-8307-0c697ff517b8",
        "x-ms-providerhub-traffic": "True",
        "x-ms-ratelimit-remaining-subscription-reads": "14680",
        "x-ms-request-id": "8fc7af8e-74f4-4a1e-be9a-9e4c44d94bec",
        "x-ms-routing-request-id": "CENTRALUS:20230320T235828Z:dbd16fbc-3db4-4742-8307-0c697ff517b8",
        "X-MSEdge-Ref": "Ref A: 68919F5EA3D546A79039BE5F156A5D8C Ref B: STBEDGE0515 Ref C: 2023-03-20T23:58:28Z"
      },
      "ResponseBody": {
        "id": "/subscriptions/ce1bff77-08c1-4199-b7a5-52194a42b6ce/resourceGroups/Communication-RG-6235/providers/Microsoft.Communication/emailServices/email-service-1827",
        "name": "email-service-1827",
        "type": "microsoft.communication/emailservices",
        "location": "global",
        "tags": {},
        "systemData": {
          "createdBy": "dd5e080b-9821-4976-9ab1-c95d8cc8eafa",
          "createdByType": "Application",
          "createdAt": "2023-03-20T23:57:19.8409603Z",
          "lastModifiedBy": "dd5e080b-9821-4976-9ab1-c95d8cc8eafa",
          "lastModifiedByType": "Application",
          "lastModifiedAt": "2023-03-20T23:58:27.9526121Z"
        },
        "properties": {
          "provisioningState": "Succeeded",
          "dataLocation": "UnitedStates"
        }
      }
    },
    {
      "RequestUri": "https://api-dogfood.resources.windows-int.net/subscriptions/ce1bff77-08c1-4199-b7a5-52194a42b6ce/resourceGroups/Communication-RG-6235/providers/Microsoft.Communication/emailServices/email-service-1827?api-version=2023-03-01-preview",
      "RequestMethod": "GET",
      "RequestHeaders": {
        "Accept": "application/json",
        "Authorization": "Sanitized",
        "traceparent": "00-17dbaa10967a62440150d623dcd7df04-0a6ea3258105e180-00",
        "User-Agent": "azsdk-net-ResourceManager.Communication/1.1.0-alpha.20230320.1 (.NET 6.0.15; Microsoft Windows 10.0.22621)",
        "x-ms-client-request-id": "da575c7482db7a32c52742be4465ffbc",
        "x-ms-return-client-request-id": "true"
      },
      "RequestBody": null,
      "StatusCode": 200,
      "ResponseHeaders": {
        "Cache-Control": "no-cache",
        "Content-Length": "624",
        "Content-Type": "application/json; charset=utf-8",
        "Date": "Mon, 20 Mar 2023 23:58:28 GMT",
        "ETag": "\u00226201995e-0000-0700-0000-6418f3240000\u0022",
        "Expires": "-1",
        "Pragma": "no-cache",
        "Strict-Transport-Security": "max-age=31536000; includeSubDomains",
        "X-Cache": "CONFIG_NOCACHE",
        "X-Content-Type-Options": "nosniff",
        "x-ms-client-request-id": "da575c7482db7a32c52742be4465ffbc",
        "x-ms-correlation-request-id": "f9a2d460-0be5-421e-957e-8ae80c9d33bc",
        "x-ms-providerhub-traffic": "True",
        "x-ms-ratelimit-remaining-subscription-reads": "14679",
        "x-ms-request-id": "3b963e4a-cbbf-494e-b3e7-b712f1da867d",
        "x-ms-routing-request-id": "CENTRALUS:20230320T235828Z:f9a2d460-0be5-421e-957e-8ae80c9d33bc",
        "X-MSEdge-Ref": "Ref A: DFEBE56DB8D5451D8ECDBC7DB6CAF47D Ref B: STBEDGE0515 Ref C: 2023-03-20T23:58:28Z"
      },
      "ResponseBody": {
        "id": "/subscriptions/ce1bff77-08c1-4199-b7a5-52194a42b6ce/resourceGroups/Communication-RG-6235/providers/Microsoft.Communication/emailServices/email-service-1827",
        "name": "email-service-1827",
        "type": "microsoft.communication/emailservices",
        "location": "global",
        "tags": {},
        "systemData": {
          "createdBy": "dd5e080b-9821-4976-9ab1-c95d8cc8eafa",
          "createdByType": "Application",
          "createdAt": "2023-03-20T23:57:19.8409603Z",
          "lastModifiedBy": "dd5e080b-9821-4976-9ab1-c95d8cc8eafa",
          "lastModifiedByType": "Application",
          "lastModifiedAt": "2023-03-20T23:58:27.9526121Z"
        },
        "properties": {
          "provisioningState": "Succeeded",
          "dataLocation": "UnitedStates"
        }
      }
    },
    {
      "RequestUri": "https://api-dogfood.resources.windows-int.net/subscriptions/ce1bff77-08c1-4199-b7a5-52194a42b6ce/resourceGroups/Communication-RG-6235/providers/Microsoft.Communication/emailServices?api-version=2023-03-01-preview",
      "RequestMethod": "GET",
      "RequestHeaders": {
        "Accept": "application/json",
        "Authorization": "Sanitized",
        "traceparent": "00-bb2c338488f05d01c7a6cae22773e05d-552a40525b3594ec-00",
        "User-Agent": "azsdk-net-ResourceManager.Communication/1.1.0-alpha.20230320.1 (.NET 6.0.15; Microsoft Windows 10.0.22621)",
        "x-ms-client-request-id": "05272a5ed45a472ff57e52247783b2ed",
        "x-ms-return-client-request-id": "true"
      },
      "RequestBody": null,
      "StatusCode": 200,
      "ResponseHeaders": {
        "Cache-Control": "no-cache",
        "Content-Length": "636",
        "Content-Type": "application/json; charset=utf-8",
        "Date": "Mon, 20 Mar 2023 23:58:28 GMT",
        "Expires": "-1",
        "Pragma": "no-cache",
        "Strict-Transport-Security": "max-age=31536000; includeSubDomains",
        "X-Cache": "CONFIG_NOCACHE",
        "X-Content-Type-Options": "nosniff",
        "x-ms-client-request-id": "05272a5ed45a472ff57e52247783b2ed",
        "x-ms-correlation-request-id": "ba72cdcb-2269-473b-9159-1adc17f34063",
        "x-ms-providerhub-traffic": "True",
        "x-ms-ratelimit-remaining-subscription-reads": "14678",
        "x-ms-request-id": "28c5c14b-cff9-40a0-9085-194823882aa8",
        "x-ms-routing-request-id": "CENTRALUS:20230320T235828Z:ba72cdcb-2269-473b-9159-1adc17f34063",
        "X-MSEdge-Ref": "Ref A: CE67D0B0803C4A49A3EDF930649BA5FB Ref B: STBEDGE0515 Ref C: 2023-03-20T23:58:28Z"
      },
      "ResponseBody": {
        "value": [
          {
            "id": "/subscriptions/ce1bff77-08c1-4199-b7a5-52194a42b6ce/resourceGroups/Communication-RG-6235/providers/Microsoft.Communication/emailServices/email-service-1827",
            "name": "email-service-1827",
            "type": "microsoft.communication/emailservices",
            "location": "global",
            "tags": {},
            "systemData": {
              "createdBy": "dd5e080b-9821-4976-9ab1-c95d8cc8eafa",
              "createdByType": "Application",
              "createdAt": "2023-03-20T23:57:19.8409603Z",
              "lastModifiedBy": "dd5e080b-9821-4976-9ab1-c95d8cc8eafa",
              "lastModifiedByType": "Application",
              "lastModifiedAt": "2023-03-20T23:58:27.9526121Z"
            },
            "properties": {
              "provisioningState": "Succeeded",
              "dataLocation": "UnitedStates"
            }
          }
        ]
      }
    },
    {
      "RequestUri": "https://api-dogfood.resources.windows-int.net/subscriptions/ce1bff77-08c1-4199-b7a5-52194a42b6ce/resourceGroups/Communication-RG-6235/providers/Microsoft.Communication/emailServices/email-service-1827?api-version=2023-03-01-preview",
      "RequestMethod": "DELETE",
      "RequestHeaders": {
        "Accept": "application/json",
        "Authorization": "Sanitized",
        "traceparent": "00-78dd26b84522fc148cc2513cfbf26093-3dd1d0de7ab59ea5-00",
        "User-Agent": "azsdk-net-ResourceManager.Communication/1.1.0-alpha.20230320.1 (.NET 6.0.15; Microsoft Windows 10.0.22621)",
        "x-ms-client-request-id": "4483324419626391b9bdb70a78687a4e",
        "x-ms-return-client-request-id": "true"
      },
      "RequestBody": null,
      "StatusCode": 202,
      "ResponseHeaders": {
        "Azure-AsyncNotification": "Enabled",
        "Azure-AsyncOperation": "https://api-dogfood.resources.windows-int.net/subscriptions/ce1bff77-08c1-4199-b7a5-52194a42b6ce/providers/Microsoft.Communication/locations/CENTRALUS/operationStatuses/44c906db-399e-4426-bd8e-b4d512d6d17b*700B72604E97DC12C0396C6DE8961A303CE66333CBF839249739E64112C2310E?api-version=2023-03-01-preview",
        "Cache-Control": "no-cache",
        "Content-Length": "4",
        "Content-Type": "application/json; charset=utf-8",
        "Date": "Mon, 20 Mar 2023 23:58:28 GMT",
        "ETag": "\u00226201ae5e-0000-0700-0000-6418f3250000\u0022",
        "Expires": "-1",
        "Location": "https://api-dogfood.resources.windows-int.net/subscriptions/ce1bff77-08c1-4199-b7a5-52194a42b6ce/providers/Microsoft.Communication/locations/CENTRALUS/operationStatuses/44c906db-399e-4426-bd8e-b4d512d6d17b*700B72604E97DC12C0396C6DE8961A303CE66333CBF839249739E64112C2310E?api-version=2023-03-01-preview",
        "Pragma": "no-cache",
        "Strict-Transport-Security": "max-age=31536000; includeSubDomains",
        "X-Cache": "CONFIG_NOCACHE",
        "X-Content-Type-Options": "nosniff",
        "x-ms-client-request-id": "4483324419626391b9bdb70a78687a4e",
        "x-ms-correlation-request-id": "3dffaccc-fd26-416b-a75f-6ab4b223992c",
        "x-ms-providerhub-traffic": "True",
        "x-ms-ratelimit-remaining-subscription-deletes": "14985",
        "x-ms-request-id": "44c906db-399e-4426-bd8e-b4d512d6d17b",
        "x-ms-resource-provider-hint": "noPolling",
        "x-ms-routing-request-id": "CENTRALUS:20230320T235829Z:3dffaccc-fd26-416b-a75f-6ab4b223992c",
        "X-MSEdge-Ref": "Ref A: 7A417FC376A14581A38FEF046484CF23 Ref B: STBEDGE0515 Ref C: 2023-03-20T23:58:28Z"
      },
      "ResponseBody": "null"
    },
    {
      "RequestUri": "https://api-dogfood.resources.windows-int.net/subscriptions/ce1bff77-08c1-4199-b7a5-52194a42b6ce/providers/Microsoft.Communication/locations/CENTRALUS/operationStatuses/44c906db-399e-4426-bd8e-b4d512d6d17b*700B72604E97DC12C0396C6DE8961A303CE66333CBF839249739E64112C2310E?api-version=2023-03-01-preview",
      "RequestMethod": "GET",
      "RequestHeaders": {
        "Authorization": "Sanitized",
        "traceparent": "00-78dd26b84522fc148cc2513cfbf26093-5d8c8840e8550e1b-00",
        "User-Agent": "azsdk-net-ResourceManager/1.4.0 (.NET 6.0.15; Microsoft Windows 10.0.22621)",
        "x-ms-client-request-id": "127a5574bae2455998c44c9d1c25cf8c",
        "x-ms-return-client-request-id": "true"
      },
      "RequestBody": null,
      "StatusCode": 202,
      "ResponseHeaders": {
        "Cache-Control": "no-cache",
        "Content-Length": "579",
        "Content-Type": "application/json; charset=utf-8",
        "Date": "Mon, 20 Mar 2023 23:58:29 GMT",
        "ETag": "\u002227045d95-0000-0700-0000-6418f3240000\u0022",
        "Expires": "-1",
        "Pragma": "no-cache",
        "Strict-Transport-Security": "max-age=31536000; includeSubDomains",
        "X-Cache": "CONFIG_NOCACHE",
        "X-Content-Type-Options": "nosniff",
        "x-ms-client-request-id": "127a5574bae2455998c44c9d1c25cf8c",
        "x-ms-correlation-request-id": "01839d1a-a313-4f63-92a3-dd3e90016e82",
        "x-ms-ratelimit-remaining-subscription-reads": "14677",
        "x-ms-request-id": "c2d830e6-d388-4c9b-9770-b90537e21df0",
        "x-ms-routing-request-id": "CENTRALUS:20230320T235829Z:01839d1a-a313-4f63-92a3-dd3e90016e82",
        "X-MSEdge-Ref": "Ref A: A285BB3B8C5E4ED7ACC021F089F73EE8 Ref B: STBEDGE0515 Ref C: 2023-03-20T23:58:29Z"
      },
      "ResponseBody": {
        "id": "/subscriptions/ce1bff77-08c1-4199-b7a5-52194a42b6ce/providers/Microsoft.Communication/locations/CENTRALUS/operationStatuses/44c906db-399e-4426-bd8e-b4d512d6d17b*700B72604E97DC12C0396C6DE8961A303CE66333CBF839249739E64112C2310E",
        "name": "44c906db-399e-4426-bd8e-b4d512d6d17b*700B72604E97DC12C0396C6DE8961A303CE66333CBF839249739E64112C2310E",
        "resourceId": "/subscriptions/ce1bff77-08c1-4199-b7a5-52194a42b6ce/resourceGroups/Communication-RG-6235/providers/Microsoft.Communication/emailServices/email-service-1827",
        "status": "Deleting",
        "startTime": "2023-03-20T23:58:28.8828966Z"
      }
    },
    {
      "RequestUri": "https://api-dogfood.resources.windows-int.net/subscriptions/ce1bff77-08c1-4199-b7a5-52194a42b6ce/providers/Microsoft.Communication/locations/CENTRALUS/operationStatuses/44c906db-399e-4426-bd8e-b4d512d6d17b*700B72604E97DC12C0396C6DE8961A303CE66333CBF839249739E64112C2310E?api-version=2023-03-01-preview",
      "RequestMethod": "GET",
      "RequestHeaders": {
        "Authorization": "Sanitized",
        "traceparent": "00-78dd26b84522fc148cc2513cfbf26093-3090d4942a974824-00",
        "User-Agent": "azsdk-net-ResourceManager/1.4.0 (.NET 6.0.15; Microsoft Windows 10.0.22621)",
        "x-ms-client-request-id": "6c7904034516087094e31852343433aa",
        "x-ms-return-client-request-id": "true"
      },
      "RequestBody": null,
      "StatusCode": 202,
      "ResponseHeaders": {
        "Cache-Control": "no-cache",
        "Content-Length": "579",
        "Content-Type": "application/json; charset=utf-8",
        "Date": "Mon, 20 Mar 2023 23:58:30 GMT",
        "ETag": "\u002227045d95-0000-0700-0000-6418f3240000\u0022",
        "Expires": "-1",
        "Pragma": "no-cache",
        "Strict-Transport-Security": "max-age=31536000; includeSubDomains",
        "X-Cache": "CONFIG_NOCACHE",
        "X-Content-Type-Options": "nosniff",
        "x-ms-client-request-id": "6c7904034516087094e31852343433aa",
        "x-ms-correlation-request-id": "97ea5441-7319-4675-8706-8cbbfcd0afd4",
        "x-ms-ratelimit-remaining-subscription-reads": "14676",
        "x-ms-request-id": "a00c0aa3-08d5-46e2-acb5-d743139f3920",
        "x-ms-routing-request-id": "CENTRALUS:20230320T235830Z:97ea5441-7319-4675-8706-8cbbfcd0afd4",
        "X-MSEdge-Ref": "Ref A: 24EAF68954F644F4969243CC5BBE5CFC Ref B: STBEDGE0515 Ref C: 2023-03-20T23:58:30Z"
      },
      "ResponseBody": {
        "id": "/subscriptions/ce1bff77-08c1-4199-b7a5-52194a42b6ce/providers/Microsoft.Communication/locations/CENTRALUS/operationStatuses/44c906db-399e-4426-bd8e-b4d512d6d17b*700B72604E97DC12C0396C6DE8961A303CE66333CBF839249739E64112C2310E",
        "name": "44c906db-399e-4426-bd8e-b4d512d6d17b*700B72604E97DC12C0396C6DE8961A303CE66333CBF839249739E64112C2310E",
        "resourceId": "/subscriptions/ce1bff77-08c1-4199-b7a5-52194a42b6ce/resourceGroups/Communication-RG-6235/providers/Microsoft.Communication/emailServices/email-service-1827",
        "status": "Deleting",
        "startTime": "2023-03-20T23:58:28.8828966Z"
      }
    },
    {
      "RequestUri": "https://api-dogfood.resources.windows-int.net/subscriptions/ce1bff77-08c1-4199-b7a5-52194a42b6ce/providers/Microsoft.Communication/locations/CENTRALUS/operationStatuses/44c906db-399e-4426-bd8e-b4d512d6d17b*700B72604E97DC12C0396C6DE8961A303CE66333CBF839249739E64112C2310E?api-version=2023-03-01-preview",
      "RequestMethod": "GET",
      "RequestHeaders": {
        "Authorization": "Sanitized",
        "traceparent": "00-78dd26b84522fc148cc2513cfbf26093-79f1593ddfed0d31-00",
        "User-Agent": "azsdk-net-ResourceManager/1.4.0 (.NET 6.0.15; Microsoft Windows 10.0.22621)",
        "x-ms-client-request-id": "229576ba68eeef6cb128d4b8ef008407",
        "x-ms-return-client-request-id": "true"
      },
      "RequestBody": null,
      "StatusCode": 202,
      "ResponseHeaders": {
        "Cache-Control": "no-cache",
        "Content-Length": "579",
        "Content-Type": "application/json; charset=utf-8",
        "Date": "Mon, 20 Mar 2023 23:58:31 GMT",
        "ETag": "\u002227045d95-0000-0700-0000-6418f3240000\u0022",
        "Expires": "-1",
        "Pragma": "no-cache",
        "Strict-Transport-Security": "max-age=31536000; includeSubDomains",
        "X-Cache": "CONFIG_NOCACHE",
        "X-Content-Type-Options": "nosniff",
        "x-ms-client-request-id": "229576ba68eeef6cb128d4b8ef008407",
        "x-ms-correlation-request-id": "13f4afe3-435c-4994-adb1-f06191e3796f",
        "x-ms-ratelimit-remaining-subscription-reads": "14675",
        "x-ms-request-id": "1ecf4fc0-4fae-498a-b8ea-00996ecfae8d",
        "x-ms-routing-request-id": "CENTRALUS:20230320T235831Z:13f4afe3-435c-4994-adb1-f06191e3796f",
        "X-MSEdge-Ref": "Ref A: AB4634A87CF94AFEA423550940E2F529 Ref B: STBEDGE0515 Ref C: 2023-03-20T23:58:31Z"
      },
      "ResponseBody": {
        "id": "/subscriptions/ce1bff77-08c1-4199-b7a5-52194a42b6ce/providers/Microsoft.Communication/locations/CENTRALUS/operationStatuses/44c906db-399e-4426-bd8e-b4d512d6d17b*700B72604E97DC12C0396C6DE8961A303CE66333CBF839249739E64112C2310E",
        "name": "44c906db-399e-4426-bd8e-b4d512d6d17b*700B72604E97DC12C0396C6DE8961A303CE66333CBF839249739E64112C2310E",
        "resourceId": "/subscriptions/ce1bff77-08c1-4199-b7a5-52194a42b6ce/resourceGroups/Communication-RG-6235/providers/Microsoft.Communication/emailServices/email-service-1827",
        "status": "Deleting",
        "startTime": "2023-03-20T23:58:28.8828966Z"
      }
    },
    {
      "RequestUri": "https://api-dogfood.resources.windows-int.net/subscriptions/ce1bff77-08c1-4199-b7a5-52194a42b6ce/providers/Microsoft.Communication/locations/CENTRALUS/operationStatuses/44c906db-399e-4426-bd8e-b4d512d6d17b*700B72604E97DC12C0396C6DE8961A303CE66333CBF839249739E64112C2310E?api-version=2023-03-01-preview",
      "RequestMethod": "GET",
      "RequestHeaders": {
        "Authorization": "Sanitized",
        "traceparent": "00-78dd26b84522fc148cc2513cfbf26093-d73361fc7d5c46bc-00",
        "User-Agent": "azsdk-net-ResourceManager/1.4.0 (.NET 6.0.15; Microsoft Windows 10.0.22621)",
        "x-ms-client-request-id": "2b59584096942e2be5727dffa2071163",
        "x-ms-return-client-request-id": "true"
      },
      "RequestBody": null,
      "StatusCode": 202,
      "ResponseHeaders": {
        "Cache-Control": "no-cache",
        "Content-Length": "579",
        "Content-Type": "application/json; charset=utf-8",
        "Date": "Mon, 20 Mar 2023 23:58:32 GMT",
        "ETag": "\u002227045d95-0000-0700-0000-6418f3240000\u0022",
        "Expires": "-1",
        "Pragma": "no-cache",
        "Strict-Transport-Security": "max-age=31536000; includeSubDomains",
        "X-Cache": "CONFIG_NOCACHE",
        "X-Content-Type-Options": "nosniff",
        "x-ms-client-request-id": "2b59584096942e2be5727dffa2071163",
        "x-ms-correlation-request-id": "bf57454b-d76e-457c-9941-8b1cdc896e4e",
        "x-ms-ratelimit-remaining-subscription-reads": "14674",
        "x-ms-request-id": "a2e3a98a-aba1-4259-95f5-678143f6fdeb",
        "x-ms-routing-request-id": "CENTRALUS:20230320T235832Z:bf57454b-d76e-457c-9941-8b1cdc896e4e",
        "X-MSEdge-Ref": "Ref A: A8F66E7EA29A443AA6BAAA706CE74E8E Ref B: STBEDGE0515 Ref C: 2023-03-20T23:58:32Z"
      },
      "ResponseBody": {
        "id": "/subscriptions/ce1bff77-08c1-4199-b7a5-52194a42b6ce/providers/Microsoft.Communication/locations/CENTRALUS/operationStatuses/44c906db-399e-4426-bd8e-b4d512d6d17b*700B72604E97DC12C0396C6DE8961A303CE66333CBF839249739E64112C2310E",
        "name": "44c906db-399e-4426-bd8e-b4d512d6d17b*700B72604E97DC12C0396C6DE8961A303CE66333CBF839249739E64112C2310E",
        "resourceId": "/subscriptions/ce1bff77-08c1-4199-b7a5-52194a42b6ce/resourceGroups/Communication-RG-6235/providers/Microsoft.Communication/emailServices/email-service-1827",
        "status": "Deleting",
        "startTime": "2023-03-20T23:58:28.8828966Z"
      }
    },
    {
      "RequestUri": "https://api-dogfood.resources.windows-int.net/subscriptions/ce1bff77-08c1-4199-b7a5-52194a42b6ce/providers/Microsoft.Communication/locations/CENTRALUS/operationStatuses/44c906db-399e-4426-bd8e-b4d512d6d17b*700B72604E97DC12C0396C6DE8961A303CE66333CBF839249739E64112C2310E?api-version=2023-03-01-preview",
      "RequestMethod": "GET",
      "RequestHeaders": {
        "Authorization": "Sanitized",
        "traceparent": "00-78dd26b84522fc148cc2513cfbf26093-bdb33eecb16984a9-00",
        "User-Agent": "azsdk-net-ResourceManager/1.4.0 (.NET 6.0.15; Microsoft Windows 10.0.22621)",
        "x-ms-client-request-id": "a6e2a191ac8f9a9e978abbed71b71994",
        "x-ms-return-client-request-id": "true"
      },
      "RequestBody": null,
      "StatusCode": 202,
      "ResponseHeaders": {
        "Cache-Control": "no-cache",
        "Content-Length": "579",
        "Content-Type": "application/json; charset=utf-8",
        "Date": "Mon, 20 Mar 2023 23:58:34 GMT",
        "ETag": "\u002227045d95-0000-0700-0000-6418f3240000\u0022",
        "Expires": "-1",
        "Pragma": "no-cache",
        "Strict-Transport-Security": "max-age=31536000; includeSubDomains",
        "X-Cache": "CONFIG_NOCACHE",
        "X-Content-Type-Options": "nosniff",
        "x-ms-client-request-id": "a6e2a191ac8f9a9e978abbed71b71994",
        "x-ms-correlation-request-id": "ea3989f2-e54e-412d-8a40-8b73b6c17a47",
        "x-ms-ratelimit-remaining-subscription-reads": "14673",
        "x-ms-request-id": "3bdc5d04-9e5d-47e0-9eaa-728fef31443f",
        "x-ms-routing-request-id": "CENTRALUS:20230320T235834Z:ea3989f2-e54e-412d-8a40-8b73b6c17a47",
        "X-MSEdge-Ref": "Ref A: B3D41B492015462B888212E98C8BE7CF Ref B: STBEDGE0515 Ref C: 2023-03-20T23:58:34Z"
      },
      "ResponseBody": {
        "id": "/subscriptions/ce1bff77-08c1-4199-b7a5-52194a42b6ce/providers/Microsoft.Communication/locations/CENTRALUS/operationStatuses/44c906db-399e-4426-bd8e-b4d512d6d17b*700B72604E97DC12C0396C6DE8961A303CE66333CBF839249739E64112C2310E",
        "name": "44c906db-399e-4426-bd8e-b4d512d6d17b*700B72604E97DC12C0396C6DE8961A303CE66333CBF839249739E64112C2310E",
        "resourceId": "/subscriptions/ce1bff77-08c1-4199-b7a5-52194a42b6ce/resourceGroups/Communication-RG-6235/providers/Microsoft.Communication/emailServices/email-service-1827",
        "status": "Deleting",
        "startTime": "2023-03-20T23:58:28.8828966Z"
      }
    },
    {
      "RequestUri": "https://api-dogfood.resources.windows-int.net/subscriptions/ce1bff77-08c1-4199-b7a5-52194a42b6ce/providers/Microsoft.Communication/locations/CENTRALUS/operationStatuses/44c906db-399e-4426-bd8e-b4d512d6d17b*700B72604E97DC12C0396C6DE8961A303CE66333CBF839249739E64112C2310E?api-version=2023-03-01-preview",
      "RequestMethod": "GET",
      "RequestHeaders": {
        "Authorization": "Sanitized",
        "traceparent": "00-78dd26b84522fc148cc2513cfbf26093-b8d7b04384ff0dcd-00",
        "User-Agent": "azsdk-net-ResourceManager/1.4.0 (.NET 6.0.15; Microsoft Windows 10.0.22621)",
        "x-ms-client-request-id": "db12115e07db24164a673d7ceb6d4ca9",
        "x-ms-return-client-request-id": "true"
      },
      "RequestBody": null,
      "StatusCode": 202,
      "ResponseHeaders": {
        "Cache-Control": "no-cache",
        "Content-Length": "579",
        "Content-Type": "application/json; charset=utf-8",
        "Date": "Mon, 20 Mar 2023 23:58:38 GMT",
        "ETag": "\u002227045d95-0000-0700-0000-6418f3240000\u0022",
        "Expires": "-1",
        "Pragma": "no-cache",
        "Strict-Transport-Security": "max-age=31536000; includeSubDomains",
        "X-Cache": "CONFIG_NOCACHE",
        "X-Content-Type-Options": "nosniff",
        "x-ms-client-request-id": "db12115e07db24164a673d7ceb6d4ca9",
        "x-ms-correlation-request-id": "52762920-f9f6-493c-a30f-21bdd3263d97",
        "x-ms-ratelimit-remaining-subscription-reads": "14672",
        "x-ms-request-id": "dbe0a980-1513-49c5-b64b-1b62ed8ed47d",
        "x-ms-routing-request-id": "CENTRALUS:20230320T235839Z:52762920-f9f6-493c-a30f-21bdd3263d97",
        "X-MSEdge-Ref": "Ref A: D826A1AFA2D2471D916E60E8AC2125BC Ref B: STBEDGE0515 Ref C: 2023-03-20T23:58:38Z"
      },
      "ResponseBody": {
        "id": "/subscriptions/ce1bff77-08c1-4199-b7a5-52194a42b6ce/providers/Microsoft.Communication/locations/CENTRALUS/operationStatuses/44c906db-399e-4426-bd8e-b4d512d6d17b*700B72604E97DC12C0396C6DE8961A303CE66333CBF839249739E64112C2310E",
        "name": "44c906db-399e-4426-bd8e-b4d512d6d17b*700B72604E97DC12C0396C6DE8961A303CE66333CBF839249739E64112C2310E",
        "resourceId": "/subscriptions/ce1bff77-08c1-4199-b7a5-52194a42b6ce/resourceGroups/Communication-RG-6235/providers/Microsoft.Communication/emailServices/email-service-1827",
        "status": "Deleting",
        "startTime": "2023-03-20T23:58:28.8828966Z"
      }
    },
    {
      "RequestUri": "https://api-dogfood.resources.windows-int.net/subscriptions/ce1bff77-08c1-4199-b7a5-52194a42b6ce/providers/Microsoft.Communication/locations/CENTRALUS/operationStatuses/44c906db-399e-4426-bd8e-b4d512d6d17b*700B72604E97DC12C0396C6DE8961A303CE66333CBF839249739E64112C2310E?api-version=2023-03-01-preview",
      "RequestMethod": "GET",
      "RequestHeaders": {
        "Authorization": "Sanitized",
        "traceparent": "00-78dd26b84522fc148cc2513cfbf26093-01c41018d695c905-00",
        "User-Agent": "azsdk-net-ResourceManager/1.4.0 (.NET 6.0.15; Microsoft Windows 10.0.22621)",
        "x-ms-client-request-id": "4d267016de1e9377babe9309da3dbd2d",
        "x-ms-return-client-request-id": "true"
      },
      "RequestBody": null,
      "StatusCode": 202,
      "ResponseHeaders": {
        "Cache-Control": "no-cache",
        "Content-Length": "579",
        "Content-Type": "application/json; charset=utf-8",
        "Date": "Mon, 20 Mar 2023 23:58:46 GMT",
        "ETag": "\u002227045d95-0000-0700-0000-6418f3240000\u0022",
        "Expires": "-1",
        "Pragma": "no-cache",
        "Strict-Transport-Security": "max-age=31536000; includeSubDomains",
        "X-Cache": "CONFIG_NOCACHE",
        "X-Content-Type-Options": "nosniff",
        "x-ms-client-request-id": "4d267016de1e9377babe9309da3dbd2d",
        "x-ms-correlation-request-id": "fd802521-c111-4ce1-8a42-18692cdd90c4",
        "x-ms-ratelimit-remaining-subscription-reads": "14671",
        "x-ms-request-id": "268a3b62-c349-4729-aa20-fb8c02e2853f",
        "x-ms-routing-request-id": "CENTRALUS:20230320T235847Z:fd802521-c111-4ce1-8a42-18692cdd90c4",
        "X-MSEdge-Ref": "Ref A: D6AB9AC3C5C74C1D8F8D818C829E7A95 Ref B: STBEDGE0515 Ref C: 2023-03-20T23:58:47Z"
      },
      "ResponseBody": {
        "id": "/subscriptions/ce1bff77-08c1-4199-b7a5-52194a42b6ce/providers/Microsoft.Communication/locations/CENTRALUS/operationStatuses/44c906db-399e-4426-bd8e-b4d512d6d17b*700B72604E97DC12C0396C6DE8961A303CE66333CBF839249739E64112C2310E",
        "name": "44c906db-399e-4426-bd8e-b4d512d6d17b*700B72604E97DC12C0396C6DE8961A303CE66333CBF839249739E64112C2310E",
        "resourceId": "/subscriptions/ce1bff77-08c1-4199-b7a5-52194a42b6ce/resourceGroups/Communication-RG-6235/providers/Microsoft.Communication/emailServices/email-service-1827",
        "status": "Deleting",
        "startTime": "2023-03-20T23:58:28.8828966Z"
      }
    },
    {
      "RequestUri": "https://api-dogfood.resources.windows-int.net/subscriptions/ce1bff77-08c1-4199-b7a5-52194a42b6ce/providers/Microsoft.Communication/locations/CENTRALUS/operationStatuses/44c906db-399e-4426-bd8e-b4d512d6d17b*700B72604E97DC12C0396C6DE8961A303CE66333CBF839249739E64112C2310E?api-version=2023-03-01-preview",
      "RequestMethod": "GET",
      "RequestHeaders": {
        "Authorization": "Sanitized",
        "traceparent": "00-78dd26b84522fc148cc2513cfbf26093-5fbc32b2dd621aa8-00",
        "User-Agent": "azsdk-net-ResourceManager/1.4.0 (.NET 6.0.15; Microsoft Windows 10.0.22621)",
        "x-ms-client-request-id": "91a0e95835f489888bbe5b286f21af2a",
        "x-ms-return-client-request-id": "true"
      },
      "RequestBody": null,
      "StatusCode": 202,
      "ResponseHeaders": {
        "Cache-Control": "no-cache",
        "Content-Length": "579",
        "Content-Type": "application/json; charset=utf-8",
        "Date": "Mon, 20 Mar 2023 23:59:02 GMT",
        "ETag": "\u002227045d95-0000-0700-0000-6418f3240000\u0022",
        "Expires": "-1",
        "Pragma": "no-cache",
        "Strict-Transport-Security": "max-age=31536000; includeSubDomains",
        "X-Cache": "CONFIG_NOCACHE",
        "X-Content-Type-Options": "nosniff",
        "x-ms-client-request-id": "91a0e95835f489888bbe5b286f21af2a",
        "x-ms-correlation-request-id": "ba0e852f-12aa-43f1-826e-ab676f6bcd79",
        "x-ms-ratelimit-remaining-subscription-reads": "14670",
        "x-ms-request-id": "6325947a-1d9c-4dc6-9808-b357968f2d45",
        "x-ms-routing-request-id": "CENTRALUS:20230320T235903Z:ba0e852f-12aa-43f1-826e-ab676f6bcd79",
        "X-MSEdge-Ref": "Ref A: 85D01B09A6354E758DC5C206E551827D Ref B: STBEDGE0515 Ref C: 2023-03-20T23:59:03Z"
      },
      "ResponseBody": {
        "id": "/subscriptions/ce1bff77-08c1-4199-b7a5-52194a42b6ce/providers/Microsoft.Communication/locations/CENTRALUS/operationStatuses/44c906db-399e-4426-bd8e-b4d512d6d17b*700B72604E97DC12C0396C6DE8961A303CE66333CBF839249739E64112C2310E",
        "name": "44c906db-399e-4426-bd8e-b4d512d6d17b*700B72604E97DC12C0396C6DE8961A303CE66333CBF839249739E64112C2310E",
        "resourceId": "/subscriptions/ce1bff77-08c1-4199-b7a5-52194a42b6ce/resourceGroups/Communication-RG-6235/providers/Microsoft.Communication/emailServices/email-service-1827",
        "status": "Deleting",
        "startTime": "2023-03-20T23:58:28.8828966Z"
      }
    },
    {
      "RequestUri": "https://api-dogfood.resources.windows-int.net/subscriptions/ce1bff77-08c1-4199-b7a5-52194a42b6ce/providers/Microsoft.Communication/locations/CENTRALUS/operationStatuses/44c906db-399e-4426-bd8e-b4d512d6d17b*700B72604E97DC12C0396C6DE8961A303CE66333CBF839249739E64112C2310E?api-version=2023-03-01-preview",
      "RequestMethod": "GET",
      "RequestHeaders": {
        "Authorization": "Sanitized",
        "traceparent": "00-78dd26b84522fc148cc2513cfbf26093-41993894ed34c6f1-00",
        "User-Agent": "azsdk-net-ResourceManager/1.4.0 (.NET 6.0.15; Microsoft Windows 10.0.22621)",
        "x-ms-client-request-id": "01d6113dcb908076997f211d730c490d",
        "x-ms-return-client-request-id": "true"
      },
      "RequestBody": null,
      "StatusCode": 202,
      "ResponseHeaders": {
        "Cache-Control": "no-cache",
        "Content-Length": "579",
        "Content-Type": "application/json; charset=utf-8",
        "Date": "Mon, 20 Mar 2023 23:59:35 GMT",
        "ETag": "\u002227045d95-0000-0700-0000-6418f3240000\u0022",
        "Expires": "-1",
        "Pragma": "no-cache",
        "Strict-Transport-Security": "max-age=31536000; includeSubDomains",
        "X-Cache": "CONFIG_NOCACHE",
        "X-Content-Type-Options": "nosniff",
        "x-ms-client-request-id": "01d6113dcb908076997f211d730c490d",
        "x-ms-correlation-request-id": "01a0cf04-98ae-4375-8b5a-cb5cde79b215",
        "x-ms-ratelimit-remaining-subscription-reads": "14669",
        "x-ms-request-id": "a5bbd091-a01d-47f8-af20-25fd30714bd6",
        "x-ms-routing-request-id": "CENTRALUS:20230320T235935Z:01a0cf04-98ae-4375-8b5a-cb5cde79b215",
        "X-MSEdge-Ref": "Ref A: 57B4DF9A0AF143989B121FDBA5056116 Ref B: STBEDGE0515 Ref C: 2023-03-20T23:59:35Z"
      },
      "ResponseBody": {
        "id": "/subscriptions/ce1bff77-08c1-4199-b7a5-52194a42b6ce/providers/Microsoft.Communication/locations/CENTRALUS/operationStatuses/44c906db-399e-4426-bd8e-b4d512d6d17b*700B72604E97DC12C0396C6DE8961A303CE66333CBF839249739E64112C2310E",
        "name": "44c906db-399e-4426-bd8e-b4d512d6d17b*700B72604E97DC12C0396C6DE8961A303CE66333CBF839249739E64112C2310E",
        "resourceId": "/subscriptions/ce1bff77-08c1-4199-b7a5-52194a42b6ce/resourceGroups/Communication-RG-6235/providers/Microsoft.Communication/emailServices/email-service-1827",
        "status": "Deleting",
        "startTime": "2023-03-20T23:58:28.8828966Z"
      }
    },
    {
      "RequestUri": "https://api-dogfood.resources.windows-int.net/subscriptions/ce1bff77-08c1-4199-b7a5-52194a42b6ce/providers/Microsoft.Communication/locations/CENTRALUS/operationStatuses/44c906db-399e-4426-bd8e-b4d512d6d17b*700B72604E97DC12C0396C6DE8961A303CE66333CBF839249739E64112C2310E?api-version=2023-03-01-preview",
      "RequestMethod": "GET",
      "RequestHeaders": {
        "Authorization": "Sanitized",
        "traceparent": "00-78dd26b84522fc148cc2513cfbf26093-96a13ae7bc2e00bd-00",
        "User-Agent": "azsdk-net-ResourceManager/1.4.0 (.NET 6.0.15; Microsoft Windows 10.0.22621)",
        "x-ms-client-request-id": "02230faabbcce1b5e89cc260824f2399",
        "x-ms-return-client-request-id": "true"
      },
      "RequestBody": null,
      "StatusCode": 202,
      "ResponseHeaders": {
        "Cache-Control": "no-cache",
        "Content-Length": "579",
        "Content-Type": "application/json; charset=utf-8",
        "Date": "Tue, 21 Mar 2023 00:00:07 GMT",
        "ETag": "\u002227045d95-0000-0700-0000-6418f3240000\u0022",
        "Expires": "-1",
        "Pragma": "no-cache",
        "Strict-Transport-Security": "max-age=31536000; includeSubDomains",
        "X-Cache": "CONFIG_NOCACHE",
        "X-Content-Type-Options": "nosniff",
        "x-ms-client-request-id": "02230faabbcce1b5e89cc260824f2399",
        "x-ms-correlation-request-id": "3e72983c-1275-4579-9e28-359315d19d82",
        "x-ms-ratelimit-remaining-subscription-reads": "14674",
        "x-ms-request-id": "9498f9b1-7e81-410c-933a-714d312992b7",
        "x-ms-routing-request-id": "CENTRALUS:20230321T000007Z:3e72983c-1275-4579-9e28-359315d19d82",
        "X-MSEdge-Ref": "Ref A: B4C0205D6908469BAD415047815578BD Ref B: STBEDGE0515 Ref C: 2023-03-21T00:00:07Z"
      },
      "ResponseBody": {
        "id": "/subscriptions/ce1bff77-08c1-4199-b7a5-52194a42b6ce/providers/Microsoft.Communication/locations/CENTRALUS/operationStatuses/44c906db-399e-4426-bd8e-b4d512d6d17b*700B72604E97DC12C0396C6DE8961A303CE66333CBF839249739E64112C2310E",
        "name": "44c906db-399e-4426-bd8e-b4d512d6d17b*700B72604E97DC12C0396C6DE8961A303CE66333CBF839249739E64112C2310E",
        "resourceId": "/subscriptions/ce1bff77-08c1-4199-b7a5-52194a42b6ce/resourceGroups/Communication-RG-6235/providers/Microsoft.Communication/emailServices/email-service-1827",
        "status": "Deleting",
        "startTime": "2023-03-20T23:58:28.8828966Z"
      }
    },
    {
      "RequestUri": "https://api-dogfood.resources.windows-int.net/subscriptions/ce1bff77-08c1-4199-b7a5-52194a42b6ce/providers/Microsoft.Communication/locations/CENTRALUS/operationStatuses/44c906db-399e-4426-bd8e-b4d512d6d17b*700B72604E97DC12C0396C6DE8961A303CE66333CBF839249739E64112C2310E?api-version=2023-03-01-preview",
      "RequestMethod": "GET",
      "RequestHeaders": {
        "Authorization": "Sanitized",
        "traceparent": "00-78dd26b84522fc148cc2513cfbf26093-65f0d77ede8dc0c9-00",
        "User-Agent": "azsdk-net-ResourceManager/1.4.0 (.NET 6.0.15; Microsoft Windows 10.0.22621)",
        "x-ms-client-request-id": "c9cb680fbb668d9d731ff874146a167e",
        "x-ms-return-client-request-id": "true"
      },
      "RequestBody": null,
      "StatusCode": 200,
      "ResponseHeaders": {
        "Cache-Control": "no-cache",
        "Content-Length": "598",
        "Content-Type": "application/json; charset=utf-8",
        "Date": "Tue, 21 Mar 2023 00:00:39 GMT",
        "ETag": "\u002227044caa-0000-0700-0000-6418f3a30000\u0022",
        "Expires": "-1",
        "Pragma": "no-cache",
        "Strict-Transport-Security": "max-age=31536000; includeSubDomains",
        "X-Cache": "CONFIG_NOCACHE",
        "X-Content-Type-Options": "nosniff",
        "x-ms-client-request-id": "c9cb680fbb668d9d731ff874146a167e",
        "x-ms-correlation-request-id": "f13a849b-6c97-42af-9504-d2610919c8f4",
        "x-ms-ratelimit-remaining-subscription-reads": "14673",
        "x-ms-request-id": "e0f6c6cf-a1cf-46ef-a3ad-5626031cebdc",
        "x-ms-routing-request-id": "CENTRALUS:20230321T000039Z:f13a849b-6c97-42af-9504-d2610919c8f4",
        "X-MSEdge-Ref": "Ref A: AD150C991B374C4BB7E9E0F70747F111 Ref B: STBEDGE0515 Ref C: 2023-03-21T00:00:39Z"
      },
      "ResponseBody": {
        "id": "/subscriptions/ce1bff77-08c1-4199-b7a5-52194a42b6ce/providers/Microsoft.Communication/locations/CENTRALUS/operationStatuses/44c906db-399e-4426-bd8e-b4d512d6d17b*700B72604E97DC12C0396C6DE8961A303CE66333CBF839249739E64112C2310E",
        "name": "44c906db-399e-4426-bd8e-b4d512d6d17b*700B72604E97DC12C0396C6DE8961A303CE66333CBF839249739E64112C2310E",
        "resourceId": "/subscriptions/ce1bff77-08c1-4199-b7a5-52194a42b6ce/resourceGroups/Communication-RG-6235/providers/Microsoft.Communication/emailServices/email-service-1827",
        "status": "Succeeded",
        "startTime": "2023-03-20T23:58:28.8828966Z",
        "properties": null
      }
    }
  ],
  "Variables": {
    "AZURE_AUTHORITY_HOST": "https://login.windows-ppe.net/",
    "RandomSeed": "1701639355",
    "RESOURCE_MANAGER_URL": "https://api-dogfood.resources.windows-int.net/",
    "SERVICE_MANAGEMENT_URL": "https://management.core.windows.net/",
    "SUBSCRIPTION_ID": "ce1bff77-08c1-4199-b7a5-52194a42b6ce"
  }
}
