{
  "Entries": [
    {
      "RequestUri": "https://api-dogfood.resources.windows-int.net/tenants?api-version=2021-01-01",
      "RequestMethod": "GET",
      "RequestHeaders": {
        "Accept": "application/json",
        "Authorization": "Sanitized",
        "traceparent": "00-d0c939e266868f02da84567acaa7c7e4-ee75298ec649a26a-00",
        "User-Agent": "azsdk-net-ResourceManager/1.4.0 (.NET 6.0.15; Microsoft Windows 10.0.22621)",
        "x-ms-client-request-id": "d800ee737c5c1317faebf7be8ca27020",
        "x-ms-return-client-request-id": "true"
      },
      "RequestBody": null,
      "StatusCode": 200,
      "ResponseHeaders": {
        "Cache-Control": "no-cache",
        "Content-Length": "140",
        "Content-Type": "application/json; charset=utf-8",
        "Date": "Mon, 20 Mar 2023 23:25:56 GMT",
        "Expires": "-1",
        "Pragma": "no-cache",
        "Strict-Transport-Security": "max-age=31536000; includeSubDomains",
        "X-Cache": "CONFIG_NOCACHE",
        "X-Content-Type-Options": "nosniff",
        "x-ms-correlation-request-id": "a882505e-9b6e-4fee-89b8-eaa4308a203a",
        "x-ms-ratelimit-remaining-tenant-reads": "14989",
        "x-ms-request-id": "a882505e-9b6e-4fee-89b8-eaa4308a203a",
        "x-ms-routing-request-id": "CENTRALUS:20230320T232556Z:a882505e-9b6e-4fee-89b8-eaa4308a203a",
        "X-MSEdge-Ref": "Ref A: 066A57C046BA41078478E5401C7D87DD Ref B: STBEDGE0621 Ref C: 2023-03-20T23:25:56Z"
      },
      "ResponseBody": {
        "value": [
          {
            "id": "/tenants/f686d426-8d16-42db-81b7-ab578e110ccd",
            "tenantId": "f686d426-8d16-42db-81b7-ab578e110ccd",
            "tenantCategory": "Home"
          }
        ]
      }
    },
    {
      "RequestUri": "https://api-dogfood.resources.windows-int.net/subscriptions/ce1bff77-08c1-4199-b7a5-52194a42b6ce/resourcegroups/Communication-RG-3705?api-version=**",
      "RequestMethod": "GET",
      "RequestHeaders": {
        "Accept": "application/json",
        "Authorization": "Sanitized",
        "traceparent": "00-045b4712f2389a8910529a387039a7de-ebd53163490b6467-00",
        "User-Agent": "azsdk-net-ResourceManager/1.4.0 (.NET 6.0.15; Microsoft Windows 10.0.22621)",
        "x-ms-client-request-id": "46980aa6ad9a347104315870f6ff3042",
        "x-ms-return-client-request-id": "true"
      },
      "RequestBody": null,
      "StatusCode": 200,
      "ResponseHeaders": {
        "Cache-Control": "no-cache",
        "Content-Length": "240",
        "Content-Type": "application/json; charset=utf-8",
        "Date": "Mon, 20 Mar 2023 23:25:56 GMT",
        "Expires": "-1",
        "Pragma": "no-cache",
        "Strict-Transport-Security": "max-age=31536000; includeSubDomains",
        "X-Cache": "CONFIG_NOCACHE",
        "X-Content-Type-Options": "nosniff",
        "x-ms-correlation-request-id": "955398bd-54c6-468f-bee3-72d8d3bb78ad",
        "x-ms-ratelimit-remaining-subscription-reads": "14705",
        "x-ms-request-id": "955398bd-54c6-468f-bee3-72d8d3bb78ad",
        "x-ms-routing-request-id": "CENTRALUS:20230320T232556Z:955398bd-54c6-468f-bee3-72d8d3bb78ad",
        "X-MSEdge-Ref": "Ref A: 476D52D347D7438BA8294A7F2101C959 Ref B: STBEDGE0621 Ref C: 2023-03-20T23:25:56Z"
      },
      "ResponseBody": {
        "id": "/subscriptions/ce1bff77-08c1-4199-b7a5-52194a42b6ce/resourceGroups/Communication-RG-3705",
        "name": "Communication-RG-3705",
        "type": "Microsoft.Resources/resourceGroups",
        "location": "westus2",
        "properties": {
          "provisioningState": "Succeeded"
        }
      }
    },
    {
      "RequestUri": "https://api-dogfood.resources.windows-int.net/subscriptions/ce1bff77-08c1-4199-b7a5-52194a42b6ce/resourceGroups/Communication-RG-3705/providers/Microsoft.Communication/emailServices/email-service-3524?api-version=2023-03-01-preview",
      "RequestMethod": "PUT",
      "RequestHeaders": {
        "Accept": "application/json",
        "Authorization": "Sanitized",
        "Content-Length": "76",
        "Content-Type": "application/json",
        "traceparent": "00-37015cbfcdacd0dcd45eef4bedfaa9b7-aaa712e979f816de-00",
        "User-Agent": "azsdk-net-ResourceManager.Communication/1.1.0-alpha.20230320.1 (.NET 6.0.15; Microsoft Windows 10.0.22621)",
        "x-ms-client-request-id": "949ffbc460a12d7775691dc1f79bd03c",
        "x-ms-return-client-request-id": "true"
      },
      "RequestBody": {
        "tags": {},
        "location": "global",
        "properties": {
          "dataLocation": "UnitedStates"
        }
      },
      "StatusCode": 201,
      "ResponseHeaders": {
        "Azure-AsyncNotification": "Enabled",
        "Azure-AsyncOperation": "https://api-dogfood.resources.windows-int.net/subscriptions/ce1bff77-08c1-4199-b7a5-52194a42b6ce/providers/Microsoft.Communication/locations/CENTRALUS/operationStatuses/c21e9d75-ebf0-49d8-9fd2-f4c9c4aa7a2a*CAF9871CC3BF71AEDDEC41C7D2C8AF6D2CD4A70C1C305AC0B11200981994C6C8?api-version=2023-03-01-preview",
        "Cache-Control": "no-cache",
        "Content-Length": "623",
        "Content-Type": "application/json; charset=utf-8",
        "Date": "Mon, 20 Mar 2023 23:25:57 GMT",
        "ETag": "\u002261018ab3-0000-0700-0000-6418eb850000\u0022",
        "Expires": "-1",
        "mise-correlation-id": "c5fc6270-57fd-4b6d-99cb-438eabc850f7",
        "Pragma": "no-cache",
        "Request-Context": "appId=",
        "Strict-Transport-Security": "max-age=31536000; includeSubDomains",
        "X-Cache": "CONFIG_NOCACHE",
        "X-Content-Type-Options": "nosniff",
        "x-ms-client-request-id": "949ffbc460a12d7775691dc1f79bd03c",
        "x-ms-correlation-request-id": "c8802a5f-8b11-4545-98b3-e95392fe1362",
        "x-ms-providerhub-traffic": "True",
        "x-ms-ratelimit-remaining-subscription-writes": "1175",
        "x-ms-request-id": "c21e9d75-ebf0-49d8-9fd2-f4c9c4aa7a2a",
        "x-ms-resource-provider-hint": "noPolling",
        "x-ms-routing-request-id": "CENTRALUS:20230320T232557Z:c8802a5f-8b11-4545-98b3-e95392fe1362",
        "X-MSEdge-Ref": "Ref A: 7B7CDAD632064340A07E2529C6452ACE Ref B: STBEDGE0621 Ref C: 2023-03-20T23:25:56Z"
      },
      "ResponseBody": {
        "id": "/subscriptions/ce1bff77-08c1-4199-b7a5-52194a42b6ce/resourceGroups/Communication-RG-3705/providers/Microsoft.Communication/emailServices/email-service-3524",
        "name": "email-service-3524",
        "type": "microsoft.communication/emailservices",
        "location": "global",
        "tags": {},
        "systemData": {
          "createdBy": "dd5e080b-9821-4976-9ab1-c95d8cc8eafa",
          "createdByType": "Application",
          "createdAt": "2023-03-20T23:25:56.6409102Z",
          "lastModifiedBy": "dd5e080b-9821-4976-9ab1-c95d8cc8eafa",
          "lastModifiedByType": "Application",
          "lastModifiedAt": "2023-03-20T23:25:56.6409102Z"
        },
        "properties": {
          "dataLocation": "UnitedStates",
          "provisioningState": "Accepted"
        }
      }
    },
    {
      "RequestUri": "https://api-dogfood.resources.windows-int.net/subscriptions/ce1bff77-08c1-4199-b7a5-52194a42b6ce/providers/Microsoft.Communication/locations/CENTRALUS/operationStatuses/c21e9d75-ebf0-49d8-9fd2-f4c9c4aa7a2a*CAF9871CC3BF71AEDDEC41C7D2C8AF6D2CD4A70C1C305AC0B11200981994C6C8?api-version=2023-03-01-preview",
      "RequestMethod": "GET",
      "RequestHeaders": {
        "Authorization": "Sanitized",
        "traceparent": "00-37015cbfcdacd0dcd45eef4bedfaa9b7-e7a8bb793662bdf7-00",
        "User-Agent": "azsdk-net-ResourceManager/1.4.0 (.NET 6.0.15; Microsoft Windows 10.0.22621)",
        "x-ms-client-request-id": "a7c74eb48cd1aa042118254454720d95",
        "x-ms-return-client-request-id": "true"
      },
      "RequestBody": null,
      "StatusCode": 200,
      "ResponseHeaders": {
        "Cache-Control": "no-cache",
        "Content-Length": "579",
        "Content-Type": "application/json; charset=utf-8",
        "Date": "Mon, 20 Mar 2023 23:25:57 GMT",
        "ETag": "\u00222604b875-0000-0700-0000-6418eb840000\u0022",
        "Expires": "-1",
        "Pragma": "no-cache",
        "Strict-Transport-Security": "max-age=31536000; includeSubDomains",
        "X-Cache": "CONFIG_NOCACHE",
        "X-Content-Type-Options": "nosniff",
        "x-ms-client-request-id": "a7c74eb48cd1aa042118254454720d95",
        "x-ms-correlation-request-id": "568df11e-6e1a-4fc0-b441-9d08244b182c",
        "x-ms-ratelimit-remaining-subscription-reads": "14704",
        "x-ms-request-id": "7abd43b1-5319-46d9-a33a-99131a8bed79",
        "x-ms-routing-request-id": "CENTRALUS:20230320T232557Z:568df11e-6e1a-4fc0-b441-9d08244b182c",
        "X-MSEdge-Ref": "Ref A: A787BEFCD05848469FD5BCC158B6291B Ref B: STBEDGE0621 Ref C: 2023-03-20T23:25:57Z"
      },
      "ResponseBody": {
        "id": "/subscriptions/ce1bff77-08c1-4199-b7a5-52194a42b6ce/providers/Microsoft.Communication/locations/CENTRALUS/operationStatuses/c21e9d75-ebf0-49d8-9fd2-f4c9c4aa7a2a*CAF9871CC3BF71AEDDEC41C7D2C8AF6D2CD4A70C1C305AC0B11200981994C6C8",
        "name": "c21e9d75-ebf0-49d8-9fd2-f4c9c4aa7a2a*CAF9871CC3BF71AEDDEC41C7D2C8AF6D2CD4A70C1C305AC0B11200981994C6C8",
        "resourceId": "/subscriptions/ce1bff77-08c1-4199-b7a5-52194a42b6ce/resourceGroups/Communication-RG-3705/providers/Microsoft.Communication/emailServices/email-service-3524",
        "status": "Accepted",
        "startTime": "2023-03-20T23:25:56.7556836Z"
      }
    },
    {
      "RequestUri": "https://api-dogfood.resources.windows-int.net/subscriptions/ce1bff77-08c1-4199-b7a5-52194a42b6ce/providers/Microsoft.Communication/locations/CENTRALUS/operationStatuses/c21e9d75-ebf0-49d8-9fd2-f4c9c4aa7a2a*CAF9871CC3BF71AEDDEC41C7D2C8AF6D2CD4A70C1C305AC0B11200981994C6C8?api-version=2023-03-01-preview",
      "RequestMethod": "GET",
      "RequestHeaders": {
        "Authorization": "Sanitized",
        "traceparent": "00-37015cbfcdacd0dcd45eef4bedfaa9b7-264d24f011e4b162-00",
        "User-Agent": "azsdk-net-ResourceManager/1.4.0 (.NET 6.0.15; Microsoft Windows 10.0.22621)",
        "x-ms-client-request-id": "bc4634873f1cab0f3522c7ce35538758",
        "x-ms-return-client-request-id": "true"
      },
      "RequestBody": null,
      "StatusCode": 200,
      "ResponseHeaders": {
        "Cache-Control": "no-cache",
        "Content-Length": "579",
        "Content-Type": "application/json; charset=utf-8",
        "Date": "Mon, 20 Mar 2023 23:25:58 GMT",
        "ETag": "\u00222604b875-0000-0700-0000-6418eb840000\u0022",
        "Expires": "-1",
        "Pragma": "no-cache",
        "Strict-Transport-Security": "max-age=31536000; includeSubDomains",
        "X-Cache": "CONFIG_NOCACHE",
        "X-Content-Type-Options": "nosniff",
        "x-ms-client-request-id": "bc4634873f1cab0f3522c7ce35538758",
        "x-ms-correlation-request-id": "99c3a276-77cd-4239-a7f2-d74001636d09",
        "x-ms-ratelimit-remaining-subscription-reads": "14703",
        "x-ms-request-id": "33dbfc02-2b0d-440d-bfcd-33bfd6e59939",
        "x-ms-routing-request-id": "CENTRALUS:20230320T232558Z:99c3a276-77cd-4239-a7f2-d74001636d09",
        "X-MSEdge-Ref": "Ref A: 255B4F845F4C4682A61D104B29F520A6 Ref B: STBEDGE0621 Ref C: 2023-03-20T23:25:58Z"
      },
      "ResponseBody": {
        "id": "/subscriptions/ce1bff77-08c1-4199-b7a5-52194a42b6ce/providers/Microsoft.Communication/locations/CENTRALUS/operationStatuses/c21e9d75-ebf0-49d8-9fd2-f4c9c4aa7a2a*CAF9871CC3BF71AEDDEC41C7D2C8AF6D2CD4A70C1C305AC0B11200981994C6C8",
        "name": "c21e9d75-ebf0-49d8-9fd2-f4c9c4aa7a2a*CAF9871CC3BF71AEDDEC41C7D2C8AF6D2CD4A70C1C305AC0B11200981994C6C8",
        "resourceId": "/subscriptions/ce1bff77-08c1-4199-b7a5-52194a42b6ce/resourceGroups/Communication-RG-3705/providers/Microsoft.Communication/emailServices/email-service-3524",
        "status": "Accepted",
        "startTime": "2023-03-20T23:25:56.7556836Z"
      }
    },
    {
      "RequestUri": "https://api-dogfood.resources.windows-int.net/subscriptions/ce1bff77-08c1-4199-b7a5-52194a42b6ce/providers/Microsoft.Communication/locations/CENTRALUS/operationStatuses/c21e9d75-ebf0-49d8-9fd2-f4c9c4aa7a2a*CAF9871CC3BF71AEDDEC41C7D2C8AF6D2CD4A70C1C305AC0B11200981994C6C8?api-version=2023-03-01-preview",
      "RequestMethod": "GET",
      "RequestHeaders": {
        "Authorization": "Sanitized",
        "traceparent": "00-37015cbfcdacd0dcd45eef4bedfaa9b7-826bd2e8d107e238-00",
        "User-Agent": "azsdk-net-ResourceManager/1.4.0 (.NET 6.0.15; Microsoft Windows 10.0.22621)",
        "x-ms-client-request-id": "a80d626e29d3246b3e6ae146f481295a",
        "x-ms-return-client-request-id": "true"
      },
      "RequestBody": null,
      "StatusCode": 200,
      "ResponseHeaders": {
        "Cache-Control": "no-cache",
        "Content-Length": "579",
        "Content-Type": "application/json; charset=utf-8",
        "Date": "Mon, 20 Mar 2023 23:25:59 GMT",
        "ETag": "\u00222604b875-0000-0700-0000-6418eb840000\u0022",
        "Expires": "-1",
        "Pragma": "no-cache",
        "Strict-Transport-Security": "max-age=31536000; includeSubDomains",
        "X-Cache": "CONFIG_NOCACHE",
        "X-Content-Type-Options": "nosniff",
        "x-ms-client-request-id": "a80d626e29d3246b3e6ae146f481295a",
        "x-ms-correlation-request-id": "25ae8221-fcf8-4756-a264-a5d411d32926",
        "x-ms-ratelimit-remaining-subscription-reads": "14702",
        "x-ms-request-id": "1489773b-c5e4-4d0a-b7f6-40200e43a277",
        "x-ms-routing-request-id": "CENTRALUS:20230320T232559Z:25ae8221-fcf8-4756-a264-a5d411d32926",
        "X-MSEdge-Ref": "Ref A: B5EF12454BFB4879A8DE4508B0ACFB01 Ref B: STBEDGE0621 Ref C: 2023-03-20T23:25:59Z"
      },
      "ResponseBody": {
        "id": "/subscriptions/ce1bff77-08c1-4199-b7a5-52194a42b6ce/providers/Microsoft.Communication/locations/CENTRALUS/operationStatuses/c21e9d75-ebf0-49d8-9fd2-f4c9c4aa7a2a*CAF9871CC3BF71AEDDEC41C7D2C8AF6D2CD4A70C1C305AC0B11200981994C6C8",
        "name": "c21e9d75-ebf0-49d8-9fd2-f4c9c4aa7a2a*CAF9871CC3BF71AEDDEC41C7D2C8AF6D2CD4A70C1C305AC0B11200981994C6C8",
        "resourceId": "/subscriptions/ce1bff77-08c1-4199-b7a5-52194a42b6ce/resourceGroups/Communication-RG-3705/providers/Microsoft.Communication/emailServices/email-service-3524",
        "status": "Accepted",
        "startTime": "2023-03-20T23:25:56.7556836Z"
      }
    },
    {
      "RequestUri": "https://api-dogfood.resources.windows-int.net/subscriptions/ce1bff77-08c1-4199-b7a5-52194a42b6ce/providers/Microsoft.Communication/locations/CENTRALUS/operationStatuses/c21e9d75-ebf0-49d8-9fd2-f4c9c4aa7a2a*CAF9871CC3BF71AEDDEC41C7D2C8AF6D2CD4A70C1C305AC0B11200981994C6C8?api-version=2023-03-01-preview",
      "RequestMethod": "GET",
      "RequestHeaders": {
        "Authorization": "Sanitized",
        "traceparent": "00-37015cbfcdacd0dcd45eef4bedfaa9b7-c3e46f84d5868299-00",
        "User-Agent": "azsdk-net-ResourceManager/1.4.0 (.NET 6.0.15; Microsoft Windows 10.0.22621)",
        "x-ms-client-request-id": "719c95c53ed6759e3e1c71aec43675cd",
        "x-ms-return-client-request-id": "true"
      },
      "RequestBody": null,
      "StatusCode": 200,
      "ResponseHeaders": {
        "Cache-Control": "no-cache",
        "Content-Length": "579",
        "Content-Type": "application/json; charset=utf-8",
        "Date": "Mon, 20 Mar 2023 23:26:00 GMT",
        "ETag": "\u00222604b875-0000-0700-0000-6418eb840000\u0022",
        "Expires": "-1",
        "Pragma": "no-cache",
        "Strict-Transport-Security": "max-age=31536000; includeSubDomains",
        "X-Cache": "CONFIG_NOCACHE",
        "X-Content-Type-Options": "nosniff",
        "x-ms-client-request-id": "719c95c53ed6759e3e1c71aec43675cd",
        "x-ms-correlation-request-id": "f099e4d1-8eee-47db-9465-4d1d1f892199",
        "x-ms-ratelimit-remaining-subscription-reads": "14700",
        "x-ms-request-id": "5602fd33-9aad-4648-b0af-c7e0cc21c989",
        "x-ms-routing-request-id": "CENTRALUS:20230320T232600Z:f099e4d1-8eee-47db-9465-4d1d1f892199",
        "X-MSEdge-Ref": "Ref A: DFDE6484250A41BBAF2CD04E60AD6BD6 Ref B: STBEDGE0621 Ref C: 2023-03-20T23:26:00Z"
      },
      "ResponseBody": {
        "id": "/subscriptions/ce1bff77-08c1-4199-b7a5-52194a42b6ce/providers/Microsoft.Communication/locations/CENTRALUS/operationStatuses/c21e9d75-ebf0-49d8-9fd2-f4c9c4aa7a2a*CAF9871CC3BF71AEDDEC41C7D2C8AF6D2CD4A70C1C305AC0B11200981994C6C8",
        "name": "c21e9d75-ebf0-49d8-9fd2-f4c9c4aa7a2a*CAF9871CC3BF71AEDDEC41C7D2C8AF6D2CD4A70C1C305AC0B11200981994C6C8",
        "resourceId": "/subscriptions/ce1bff77-08c1-4199-b7a5-52194a42b6ce/resourceGroups/Communication-RG-3705/providers/Microsoft.Communication/emailServices/email-service-3524",
        "status": "Accepted",
        "startTime": "2023-03-20T23:25:56.7556836Z"
      }
    },
    {
      "RequestUri": "https://api-dogfood.resources.windows-int.net/subscriptions/ce1bff77-08c1-4199-b7a5-52194a42b6ce/providers/Microsoft.Communication/locations/CENTRALUS/operationStatuses/c21e9d75-ebf0-49d8-9fd2-f4c9c4aa7a2a*CAF9871CC3BF71AEDDEC41C7D2C8AF6D2CD4A70C1C305AC0B11200981994C6C8?api-version=2023-03-01-preview",
      "RequestMethod": "GET",
      "RequestHeaders": {
        "Authorization": "Sanitized",
        "traceparent": "00-37015cbfcdacd0dcd45eef4bedfaa9b7-8edd40d7a1e3544e-00",
        "User-Agent": "azsdk-net-ResourceManager/1.4.0 (.NET 6.0.15; Microsoft Windows 10.0.22621)",
        "x-ms-client-request-id": "f1d6cc9165655ec1c9227eb15dc8b6b3",
        "x-ms-return-client-request-id": "true"
      },
      "RequestBody": null,
      "StatusCode": 200,
      "ResponseHeaders": {
        "Cache-Control": "no-cache",
        "Content-Length": "579",
        "Content-Type": "application/json; charset=utf-8",
        "Date": "Mon, 20 Mar 2023 23:26:02 GMT",
        "ETag": "\u00222604b875-0000-0700-0000-6418eb840000\u0022",
        "Expires": "-1",
        "Pragma": "no-cache",
        "Strict-Transport-Security": "max-age=31536000; includeSubDomains",
        "X-Cache": "CONFIG_NOCACHE",
        "X-Content-Type-Options": "nosniff",
        "x-ms-client-request-id": "f1d6cc9165655ec1c9227eb15dc8b6b3",
        "x-ms-correlation-request-id": "2b792f00-ca7d-4ef9-8145-8491e284acc7",
        "x-ms-ratelimit-remaining-subscription-reads": "14699",
        "x-ms-request-id": "d3606357-ad5d-4903-a397-c9f9daeb518c",
        "x-ms-routing-request-id": "CENTRALUS:20230320T232602Z:2b792f00-ca7d-4ef9-8145-8491e284acc7",
        "X-MSEdge-Ref": "Ref A: EE5C7E77E4FE46A385E70F015BA48A3F Ref B: STBEDGE0621 Ref C: 2023-03-20T23:26:02Z"
      },
      "ResponseBody": {
        "id": "/subscriptions/ce1bff77-08c1-4199-b7a5-52194a42b6ce/providers/Microsoft.Communication/locations/CENTRALUS/operationStatuses/c21e9d75-ebf0-49d8-9fd2-f4c9c4aa7a2a*CAF9871CC3BF71AEDDEC41C7D2C8AF6D2CD4A70C1C305AC0B11200981994C6C8",
        "name": "c21e9d75-ebf0-49d8-9fd2-f4c9c4aa7a2a*CAF9871CC3BF71AEDDEC41C7D2C8AF6D2CD4A70C1C305AC0B11200981994C6C8",
        "resourceId": "/subscriptions/ce1bff77-08c1-4199-b7a5-52194a42b6ce/resourceGroups/Communication-RG-3705/providers/Microsoft.Communication/emailServices/email-service-3524",
        "status": "Accepted",
        "startTime": "2023-03-20T23:25:56.7556836Z"
      }
    },
    {
      "RequestUri": "https://api-dogfood.resources.windows-int.net/subscriptions/ce1bff77-08c1-4199-b7a5-52194a42b6ce/providers/Microsoft.Communication/locations/CENTRALUS/operationStatuses/c21e9d75-ebf0-49d8-9fd2-f4c9c4aa7a2a*CAF9871CC3BF71AEDDEC41C7D2C8AF6D2CD4A70C1C305AC0B11200981994C6C8?api-version=2023-03-01-preview",
      "RequestMethod": "GET",
      "RequestHeaders": {
        "Authorization": "Sanitized",
        "traceparent": "00-37015cbfcdacd0dcd45eef4bedfaa9b7-35b99e0d037bbfd0-00",
        "User-Agent": "azsdk-net-ResourceManager/1.4.0 (.NET 6.0.15; Microsoft Windows 10.0.22621)",
        "x-ms-client-request-id": "9f086df915b72f82c39769b7b7bc5f08",
        "x-ms-return-client-request-id": "true"
      },
      "RequestBody": null,
      "StatusCode": 200,
      "ResponseHeaders": {
        "Cache-Control": "no-cache",
        "Content-Length": "579",
        "Content-Type": "application/json; charset=utf-8",
        "Date": "Mon, 20 Mar 2023 23:26:06 GMT",
        "ETag": "\u00222604b875-0000-0700-0000-6418eb840000\u0022",
        "Expires": "-1",
        "Pragma": "no-cache",
        "Strict-Transport-Security": "max-age=31536000; includeSubDomains",
        "X-Cache": "CONFIG_NOCACHE",
        "X-Content-Type-Options": "nosniff",
        "x-ms-client-request-id": "9f086df915b72f82c39769b7b7bc5f08",
        "x-ms-correlation-request-id": "bf0209dc-e791-4f33-95c9-9de2d905f8cf",
        "x-ms-ratelimit-remaining-subscription-reads": "14698",
        "x-ms-request-id": "9b19dd4c-394d-4d62-b6cc-7775f78c35e4",
        "x-ms-routing-request-id": "CENTRALUS:20230320T232607Z:bf0209dc-e791-4f33-95c9-9de2d905f8cf",
        "X-MSEdge-Ref": "Ref A: 6C561F10A3BF46A6A9B94B8F5D7850E2 Ref B: STBEDGE0621 Ref C: 2023-03-20T23:26:06Z"
      },
      "ResponseBody": {
        "id": "/subscriptions/ce1bff77-08c1-4199-b7a5-52194a42b6ce/providers/Microsoft.Communication/locations/CENTRALUS/operationStatuses/c21e9d75-ebf0-49d8-9fd2-f4c9c4aa7a2a*CAF9871CC3BF71AEDDEC41C7D2C8AF6D2CD4A70C1C305AC0B11200981994C6C8",
        "name": "c21e9d75-ebf0-49d8-9fd2-f4c9c4aa7a2a*CAF9871CC3BF71AEDDEC41C7D2C8AF6D2CD4A70C1C305AC0B11200981994C6C8",
        "resourceId": "/subscriptions/ce1bff77-08c1-4199-b7a5-52194a42b6ce/resourceGroups/Communication-RG-3705/providers/Microsoft.Communication/emailServices/email-service-3524",
        "status": "Accepted",
        "startTime": "2023-03-20T23:25:56.7556836Z"
      }
    },
    {
      "RequestUri": "https://api-dogfood.resources.windows-int.net/subscriptions/ce1bff77-08c1-4199-b7a5-52194a42b6ce/providers/Microsoft.Communication/locations/CENTRALUS/operationStatuses/c21e9d75-ebf0-49d8-9fd2-f4c9c4aa7a2a*CAF9871CC3BF71AEDDEC41C7D2C8AF6D2CD4A70C1C305AC0B11200981994C6C8?api-version=2023-03-01-preview",
      "RequestMethod": "GET",
      "RequestHeaders": {
        "Authorization": "Sanitized",
        "traceparent": "00-37015cbfcdacd0dcd45eef4bedfaa9b7-2f1678e9c848c26a-00",
        "User-Agent": "azsdk-net-ResourceManager/1.4.0 (.NET 6.0.15; Microsoft Windows 10.0.22621)",
        "x-ms-client-request-id": "28b514f537ab60f4d33da8b4c0ed1876",
        "x-ms-return-client-request-id": "true"
      },
      "RequestBody": null,
      "StatusCode": 200,
      "ResponseHeaders": {
        "Cache-Control": "no-cache",
        "Content-Length": "579",
        "Content-Type": "application/json; charset=utf-8",
        "Date": "Mon, 20 Mar 2023 23:26:15 GMT",
        "ETag": "\u00222604b875-0000-0700-0000-6418eb840000\u0022",
        "Expires": "-1",
        "Pragma": "no-cache",
        "Strict-Transport-Security": "max-age=31536000; includeSubDomains",
        "X-Cache": "CONFIG_NOCACHE",
        "X-Content-Type-Options": "nosniff",
        "x-ms-client-request-id": "28b514f537ab60f4d33da8b4c0ed1876",
        "x-ms-correlation-request-id": "fd900f11-db7b-4b2d-ae5b-832df59d8bf3",
        "x-ms-ratelimit-remaining-subscription-reads": "14697",
        "x-ms-request-id": "8b9ee54b-94cb-4e0c-940c-6b1facc6a483",
        "x-ms-routing-request-id": "CENTRALUS:20230320T232615Z:fd900f11-db7b-4b2d-ae5b-832df59d8bf3",
        "X-MSEdge-Ref": "Ref A: B13136B0F1CB445086243C3E9DDA4967 Ref B: STBEDGE0621 Ref C: 2023-03-20T23:26:15Z"
      },
      "ResponseBody": {
        "id": "/subscriptions/ce1bff77-08c1-4199-b7a5-52194a42b6ce/providers/Microsoft.Communication/locations/CENTRALUS/operationStatuses/c21e9d75-ebf0-49d8-9fd2-f4c9c4aa7a2a*CAF9871CC3BF71AEDDEC41C7D2C8AF6D2CD4A70C1C305AC0B11200981994C6C8",
        "name": "c21e9d75-ebf0-49d8-9fd2-f4c9c4aa7a2a*CAF9871CC3BF71AEDDEC41C7D2C8AF6D2CD4A70C1C305AC0B11200981994C6C8",
        "resourceId": "/subscriptions/ce1bff77-08c1-4199-b7a5-52194a42b6ce/resourceGroups/Communication-RG-3705/providers/Microsoft.Communication/emailServices/email-service-3524",
        "status": "Accepted",
        "startTime": "2023-03-20T23:25:56.7556836Z"
      }
    },
    {
      "RequestUri": "https://api-dogfood.resources.windows-int.net/subscriptions/ce1bff77-08c1-4199-b7a5-52194a42b6ce/providers/Microsoft.Communication/locations/CENTRALUS/operationStatuses/c21e9d75-ebf0-49d8-9fd2-f4c9c4aa7a2a*CAF9871CC3BF71AEDDEC41C7D2C8AF6D2CD4A70C1C305AC0B11200981994C6C8?api-version=2023-03-01-preview",
      "RequestMethod": "GET",
      "RequestHeaders": {
        "Authorization": "Sanitized",
        "traceparent": "00-37015cbfcdacd0dcd45eef4bedfaa9b7-0af76b6fd2e2209f-00",
        "User-Agent": "azsdk-net-ResourceManager/1.4.0 (.NET 6.0.15; Microsoft Windows 10.0.22621)",
        "x-ms-client-request-id": "56b5bd65d52d7c164aa62dcefb0aa60d",
        "x-ms-return-client-request-id": "true"
      },
      "RequestBody": null,
      "StatusCode": 200,
      "ResponseHeaders": {
        "Cache-Control": "no-cache",
        "Content-Length": "579",
        "Content-Type": "application/json; charset=utf-8",
        "Date": "Mon, 20 Mar 2023 23:26:31 GMT",
        "ETag": "\u00222604b875-0000-0700-0000-6418eb840000\u0022",
        "Expires": "-1",
        "Pragma": "no-cache",
        "Strict-Transport-Security": "max-age=31536000; includeSubDomains",
        "X-Cache": "CONFIG_NOCACHE",
        "X-Content-Type-Options": "nosniff",
        "x-ms-client-request-id": "56b5bd65d52d7c164aa62dcefb0aa60d",
        "x-ms-correlation-request-id": "89f246cf-f2a7-4fc3-a19f-3122fc3a5151",
        "x-ms-ratelimit-remaining-subscription-reads": "14696",
        "x-ms-request-id": "3cc9fd35-b56e-4b5a-b52f-c10b2e2f101f",
        "x-ms-routing-request-id": "CENTRALUS:20230320T232631Z:89f246cf-f2a7-4fc3-a19f-3122fc3a5151",
        "X-MSEdge-Ref": "Ref A: 53A3B7063CBA481D9B372F4F2AE47BD8 Ref B: STBEDGE0621 Ref C: 2023-03-20T23:26:31Z"
      },
      "ResponseBody": {
        "id": "/subscriptions/ce1bff77-08c1-4199-b7a5-52194a42b6ce/providers/Microsoft.Communication/locations/CENTRALUS/operationStatuses/c21e9d75-ebf0-49d8-9fd2-f4c9c4aa7a2a*CAF9871CC3BF71AEDDEC41C7D2C8AF6D2CD4A70C1C305AC0B11200981994C6C8",
        "name": "c21e9d75-ebf0-49d8-9fd2-f4c9c4aa7a2a*CAF9871CC3BF71AEDDEC41C7D2C8AF6D2CD4A70C1C305AC0B11200981994C6C8",
        "resourceId": "/subscriptions/ce1bff77-08c1-4199-b7a5-52194a42b6ce/resourceGroups/Communication-RG-3705/providers/Microsoft.Communication/emailServices/email-service-3524",
        "status": "Accepted",
        "startTime": "2023-03-20T23:25:56.7556836Z"
      }
    },
    {
      "RequestUri": "https://api-dogfood.resources.windows-int.net/subscriptions/ce1bff77-08c1-4199-b7a5-52194a42b6ce/providers/Microsoft.Communication/locations/CENTRALUS/operationStatuses/c21e9d75-ebf0-49d8-9fd2-f4c9c4aa7a2a*CAF9871CC3BF71AEDDEC41C7D2C8AF6D2CD4A70C1C305AC0B11200981994C6C8?api-version=2023-03-01-preview",
      "RequestMethod": "GET",
      "RequestHeaders": {
        "Authorization": "Sanitized",
        "traceparent": "00-37015cbfcdacd0dcd45eef4bedfaa9b7-5ce876645c2ff7f4-00",
        "User-Agent": "azsdk-net-ResourceManager/1.4.0 (.NET 6.0.15; Microsoft Windows 10.0.22621)",
        "x-ms-client-request-id": "48bc75c28e13c10878a7cc796dcd6ed6",
        "x-ms-return-client-request-id": "true"
      },
      "RequestBody": null,
      "StatusCode": 200,
      "ResponseHeaders": {
        "Cache-Control": "no-cache",
        "Content-Length": "598",
        "Content-Type": "application/json; charset=utf-8",
        "Date": "Mon, 20 Mar 2023 23:27:03 GMT",
        "ETag": "\u002226048181-0000-0700-0000-6418ebc60000\u0022",
        "Expires": "-1",
        "Pragma": "no-cache",
        "Strict-Transport-Security": "max-age=31536000; includeSubDomains",
        "X-Cache": "CONFIG_NOCACHE",
        "X-Content-Type-Options": "nosniff",
        "x-ms-client-request-id": "48bc75c28e13c10878a7cc796dcd6ed6",
        "x-ms-correlation-request-id": "33561ee0-8c61-4df7-8ef8-e9edc9a90e3a",
        "x-ms-ratelimit-remaining-subscription-reads": "14695",
        "x-ms-request-id": "1e91cb29-aeba-40e4-885b-7d8f3e3ea1e0",
        "x-ms-routing-request-id": "CENTRALUS:20230320T232703Z:33561ee0-8c61-4df7-8ef8-e9edc9a90e3a",
        "X-MSEdge-Ref": "Ref A: 5C3252CE9ECD4DB19F897FC0BDECEFCE Ref B: STBEDGE0621 Ref C: 2023-03-20T23:27:03Z"
      },
      "ResponseBody": {
        "id": "/subscriptions/ce1bff77-08c1-4199-b7a5-52194a42b6ce/providers/Microsoft.Communication/locations/CENTRALUS/operationStatuses/c21e9d75-ebf0-49d8-9fd2-f4c9c4aa7a2a*CAF9871CC3BF71AEDDEC41C7D2C8AF6D2CD4A70C1C305AC0B11200981994C6C8",
        "name": "c21e9d75-ebf0-49d8-9fd2-f4c9c4aa7a2a*CAF9871CC3BF71AEDDEC41C7D2C8AF6D2CD4A70C1C305AC0B11200981994C6C8",
        "resourceId": "/subscriptions/ce1bff77-08c1-4199-b7a5-52194a42b6ce/resourceGroups/Communication-RG-3705/providers/Microsoft.Communication/emailServices/email-service-3524",
        "status": "Succeeded",
        "startTime": "2023-03-20T23:25:56.7556836Z",
        "properties": null
      }
    },
    {
      "RequestUri": "https://api-dogfood.resources.windows-int.net/subscriptions/ce1bff77-08c1-4199-b7a5-52194a42b6ce/resourceGroups/Communication-RG-3705/providers/Microsoft.Communication/emailServices/email-service-3524?api-version=2023-03-01-preview",
      "RequestMethod": "GET",
      "RequestHeaders": {
        "Authorization": "Sanitized",
        "traceparent": "00-37015cbfcdacd0dcd45eef4bedfaa9b7-ab0cfa7088a0b95f-00",
        "User-Agent": "azsdk-net-ResourceManager/1.4.0 (.NET 6.0.15; Microsoft Windows 10.0.22621)",
        "x-ms-client-request-id": "f952f37e090620dafe39dd050a2665c9",
        "x-ms-return-client-request-id": "true"
      },
      "RequestBody": null,
      "StatusCode": 200,
      "ResponseHeaders": {
        "Cache-Control": "no-cache",
        "Content-Length": "624",
        "Content-Type": "application/json; charset=utf-8",
        "Date": "Mon, 20 Mar 2023 23:27:03 GMT",
        "ETag": "\u002261013bb4-0000-0700-0000-6418eb8a0000\u0022",
        "Expires": "-1",
        "Pragma": "no-cache",
        "Strict-Transport-Security": "max-age=31536000; includeSubDomains",
        "X-Cache": "CONFIG_NOCACHE",
        "X-Content-Type-Options": "nosniff",
        "x-ms-client-request-id": "f952f37e090620dafe39dd050a2665c9",
        "x-ms-correlation-request-id": "fb5440b4-1c78-473a-bd1a-936c9c784e9c",
        "x-ms-providerhub-traffic": "True",
        "x-ms-ratelimit-remaining-subscription-reads": "14694",
        "x-ms-request-id": "a17b978d-037c-4c28-9d44-a84a552e5262",
        "x-ms-routing-request-id": "CENTRALUS:20230320T232704Z:fb5440b4-1c78-473a-bd1a-936c9c784e9c",
        "X-MSEdge-Ref": "Ref A: B7D6077223B24039A5FB55EB2FD8DF50 Ref B: STBEDGE0621 Ref C: 2023-03-20T23:27:03Z"
      },
      "ResponseBody": {
        "id": "/subscriptions/ce1bff77-08c1-4199-b7a5-52194a42b6ce/resourceGroups/Communication-RG-3705/providers/Microsoft.Communication/emailServices/email-service-3524",
        "name": "email-service-3524",
        "type": "microsoft.communication/emailservices",
        "location": "global",
        "tags": {},
        "systemData": {
          "createdBy": "dd5e080b-9821-4976-9ab1-c95d8cc8eafa",
          "createdByType": "Application",
          "createdAt": "2023-03-20T23:25:56.6409102Z",
          "lastModifiedBy": "dd5e080b-9821-4976-9ab1-c95d8cc8eafa",
          "lastModifiedByType": "Application",
          "lastModifiedAt": "2023-03-20T23:25:56.6409102Z"
        },
        "properties": {
          "provisioningState": "Succeeded",
          "dataLocation": "UnitedStates"
        }
      }
    },
    {
      "RequestUri": "https://api-dogfood.resources.windows-int.net/subscriptions/ce1bff77-08c1-4199-b7a5-52194a42b6ce/resourceGroups/Communication-RG-3705/providers/Microsoft.Communication/emailServices/email-service-3524?api-version=2023-03-01-preview",
      "RequestMethod": "PATCH",
      "RequestHeaders": {
        "Accept": "application/json",
        "Authorization": "Sanitized",
        "Content-Length": "2",
        "Content-Type": "application/json",
        "traceparent": "00-e23e5081e8a4262858e1bbb95fcce47d-8b8cda073e3995e9-00",
        "User-Agent": "azsdk-net-ResourceManager.Communication/1.1.0-alpha.20230320.1 (.NET 6.0.15; Microsoft Windows 10.0.22621)",
        "x-ms-client-request-id": "4af29b97d030d662b5f3dd85089c0e7c",
        "x-ms-return-client-request-id": "true"
      },
      "RequestBody": {},
      "StatusCode": 200,
      "ResponseHeaders": {
        "Cache-Control": "no-cache",
        "Content-Length": "624",
        "Content-Type": "application/json; charset=utf-8",
        "Date": "Mon, 20 Mar 2023 23:27:04 GMT",
        "ETag": "\u002261017aba-0000-0700-0000-6418ebc80000\u0022",
        "Expires": "-1",
        "Pragma": "no-cache",
        "Strict-Transport-Security": "max-age=31536000; includeSubDomains",
        "X-Cache": "CONFIG_NOCACHE",
        "X-Content-Type-Options": "nosniff",
        "x-ms-client-request-id": "4af29b97d030d662b5f3dd85089c0e7c",
        "x-ms-correlation-request-id": "ea588811-ad53-4c78-b352-6108227e14ee",
        "x-ms-providerhub-traffic": "True",
        "x-ms-ratelimit-remaining-subscription-writes": "1174",
        "x-ms-request-id": "3f7e55bd-f73a-49d1-8cae-a7a5abfd8a27",
        "x-ms-routing-request-id": "CENTRALUS:20230320T232704Z:ea588811-ad53-4c78-b352-6108227e14ee",
        "X-MSEdge-Ref": "Ref A: EA96447E776E4CDFA1C869DFDE25C163 Ref B: STBEDGE0621 Ref C: 2023-03-20T23:27:04Z"
      },
      "ResponseBody": {
        "id": "/subscriptions/ce1bff77-08c1-4199-b7a5-52194a42b6ce/resourceGroups/Communication-RG-3705/providers/Microsoft.Communication/emailServices/email-service-3524",
        "name": "email-service-3524",
        "type": "microsoft.communication/emailservices",
        "location": "global",
        "tags": {},
        "systemData": {
          "createdBy": "dd5e080b-9821-4976-9ab1-c95d8cc8eafa",
          "createdByType": "Application",
          "createdAt": "2023-03-20T23:25:56.6409102Z",
          "lastModifiedBy": "dd5e080b-9821-4976-9ab1-c95d8cc8eafa",
          "lastModifiedByType": "Application",
          "lastModifiedAt": "2023-03-20T23:27:04.4090042Z"
        },
        "properties": {
          "provisioningState": "Succeeded",
          "dataLocation": "UnitedStates"
        }
      }
    },
    {
      "RequestUri": "https://api-dogfood.resources.windows-int.net/subscriptions/ce1bff77-08c1-4199-b7a5-52194a42b6ce/resourceGroups/Communication-RG-3705/providers/Microsoft.Communication/emailServices?api-version=2023-03-01-preview",
      "RequestMethod": "GET",
      "RequestHeaders": {
        "Accept": "application/json",
        "Authorization": "Sanitized",
        "traceparent": "00-461160e7a370dc0dd89dba64f026840b-db979a241e3ee591-00",
        "User-Agent": "azsdk-net-ResourceManager.Communication/1.1.0-alpha.20230320.1 (.NET 6.0.15; Microsoft Windows 10.0.22621)",
        "x-ms-client-request-id": "d2e2034223dbaea6907b44132b551761",
        "x-ms-return-client-request-id": "true"
      },
      "RequestBody": null,
      "StatusCode": 200,
      "ResponseHeaders": {
        "Cache-Control": "no-cache",
        "Content-Length": "636",
        "Content-Type": "application/json; charset=utf-8",
        "Date": "Mon, 20 Mar 2023 23:27:04 GMT",
        "Expires": "-1",
        "Pragma": "no-cache",
        "Strict-Transport-Security": "max-age=31536000; includeSubDomains",
        "X-Cache": "CONFIG_NOCACHE",
        "X-Content-Type-Options": "nosniff",
        "x-ms-client-request-id": "d2e2034223dbaea6907b44132b551761",
        "x-ms-correlation-request-id": "9d6ea63d-57c4-4711-a7a0-ea953c4c2b5e",
        "x-ms-providerhub-traffic": "True",
        "x-ms-ratelimit-remaining-subscription-reads": "14693",
        "x-ms-request-id": "48e5bc06-2208-4894-afdb-8d5b4d06656c",
        "x-ms-routing-request-id": "CENTRALUS:20230320T232704Z:9d6ea63d-57c4-4711-a7a0-ea953c4c2b5e",
        "X-MSEdge-Ref": "Ref A: B728AE023DFB47FA8A18E802786507E1 Ref B: STBEDGE0621 Ref C: 2023-03-20T23:27:04Z"
      },
      "ResponseBody": {
        "value": [
          {
            "id": "/subscriptions/ce1bff77-08c1-4199-b7a5-52194a42b6ce/resourceGroups/Communication-RG-3705/providers/Microsoft.Communication/emailServices/email-service-3524",
            "name": "email-service-3524",
            "type": "microsoft.communication/emailservices",
            "location": "global",
            "tags": {},
            "systemData": {
              "createdBy": "dd5e080b-9821-4976-9ab1-c95d8cc8eafa",
              "createdByType": "Application",
              "createdAt": "2023-03-20T23:25:56.6409102Z",
              "lastModifiedBy": "dd5e080b-9821-4976-9ab1-c95d8cc8eafa",
              "lastModifiedByType": "Application",
              "lastModifiedAt": "2023-03-20T23:27:04.4090042Z"
            },
            "properties": {
              "provisioningState": "Succeeded",
              "dataLocation": "UnitedStates"
            }
          }
        ]
      }
    },
    {
      "RequestUri": "https://api-dogfood.resources.windows-int.net/subscriptions/ce1bff77-08c1-4199-b7a5-52194a42b6ce/resourceGroups/Communication-RG-3705/providers/Microsoft.Communication/emailServices/email-service-3524?api-version=2023-03-01-preview",
      "RequestMethod": "DELETE",
      "RequestHeaders": {
        "Accept": "application/json",
        "Authorization": "Sanitized",
        "traceparent": "00-05e7872309ae6e1ad75879188bb5b458-3195942ba7e57834-00",
        "User-Agent": "azsdk-net-ResourceManager.Communication/1.1.0-alpha.20230320.1 (.NET 6.0.15; Microsoft Windows 10.0.22621)",
        "x-ms-client-request-id": "b3cd612a5cd7ea119439af94858826b2",
        "x-ms-return-client-request-id": "true"
      },
      "RequestBody": null,
      "StatusCode": 202,
      "ResponseHeaders": {
        "Azure-AsyncNotification": "Enabled",
        "Azure-AsyncOperation": "https://api-dogfood.resources.windows-int.net/subscriptions/ce1bff77-08c1-4199-b7a5-52194a42b6ce/providers/Microsoft.Communication/locations/CENTRALUS/operationStatuses/e40ec03c-f5f1-4535-89de-ca72477299cf*CAF9871CC3BF71AEDDEC41C7D2C8AF6D2CD4A70C1C305AC0B11200981994C6C8?api-version=2023-03-01-preview",
        "Cache-Control": "no-cache",
        "Content-Length": "4",
        "Content-Type": "application/json; charset=utf-8",
        "Date": "Mon, 20 Mar 2023 23:27:05 GMT",
        "ETag": "\u0022610197ba-0000-0700-0000-6418ebc90000\u0022",
        "Expires": "-1",
        "Location": "https://api-dogfood.resources.windows-int.net/subscriptions/ce1bff77-08c1-4199-b7a5-52194a42b6ce/providers/Microsoft.Communication/locations/CENTRALUS/operationStatuses/e40ec03c-f5f1-4535-89de-ca72477299cf*CAF9871CC3BF71AEDDEC41C7D2C8AF6D2CD4A70C1C305AC0B11200981994C6C8?api-version=2023-03-01-preview",
        "Pragma": "no-cache",
        "Strict-Transport-Security": "max-age=31536000; includeSubDomains",
        "X-Cache": "CONFIG_NOCACHE",
        "X-Content-Type-Options": "nosniff",
        "x-ms-client-request-id": "b3cd612a5cd7ea119439af94858826b2",
        "x-ms-correlation-request-id": "e8f2816b-5a17-41e7-b8f4-b226dfcf3c32",
        "x-ms-providerhub-traffic": "True",
        "x-ms-ratelimit-remaining-subscription-deletes": "14988",
        "x-ms-request-id": "e40ec03c-f5f1-4535-89de-ca72477299cf",
        "x-ms-resource-provider-hint": "noPolling",
        "x-ms-routing-request-id": "CENTRALUS:20230320T232705Z:e8f2816b-5a17-41e7-b8f4-b226dfcf3c32",
        "X-MSEdge-Ref": "Ref A: 39C159A84E394D90A45C0D43F1FE1DC6 Ref B: STBEDGE0621 Ref C: 2023-03-20T23:27:05Z"
      },
      "ResponseBody": "null"
    },
    {
      "RequestUri": "https://api-dogfood.resources.windows-int.net/subscriptions/ce1bff77-08c1-4199-b7a5-52194a42b6ce/providers/Microsoft.Communication/locations/CENTRALUS/operationStatuses/e40ec03c-f5f1-4535-89de-ca72477299cf*CAF9871CC3BF71AEDDEC41C7D2C8AF6D2CD4A70C1C305AC0B11200981994C6C8?api-version=2023-03-01-preview",
      "RequestMethod": "GET",
      "RequestHeaders": {
        "Authorization": "Sanitized",
        "traceparent": "00-05e7872309ae6e1ad75879188bb5b458-3b9168d660bdcb62-00",
        "User-Agent": "azsdk-net-ResourceManager/1.4.0 (.NET 6.0.15; Microsoft Windows 10.0.22621)",
        "x-ms-client-request-id": "4fb0e8850435e67bf2f73da274112808",
        "x-ms-return-client-request-id": "true"
      },
      "RequestBody": null,
      "StatusCode": 202,
      "ResponseHeaders": {
        "Cache-Control": "no-cache",
        "Content-Length": "579",
        "Content-Type": "application/json; charset=utf-8",
        "Date": "Mon, 20 Mar 2023 23:27:05 GMT",
        "ETag": "\u00222604f781-0000-0700-0000-6418ebc90000\u0022",
        "Expires": "-1",
        "Pragma": "no-cache",
        "Strict-Transport-Security": "max-age=31536000; includeSubDomains",
        "X-Cache": "CONFIG_NOCACHE",
        "X-Content-Type-Options": "nosniff",
        "x-ms-client-request-id": "4fb0e8850435e67bf2f73da274112808",
        "x-ms-correlation-request-id": "3d7a2b41-8b2f-4371-badd-18046629ae52",
        "x-ms-ratelimit-remaining-subscription-reads": "14691",
        "x-ms-request-id": "9501d24a-23eb-404a-a3b1-29fc63f28748",
        "x-ms-routing-request-id": "CENTRALUS:20230320T232706Z:3d7a2b41-8b2f-4371-badd-18046629ae52",
        "X-MSEdge-Ref": "Ref A: E5539B30898341EEAA0BFC62168C4F91 Ref B: STBEDGE0621 Ref C: 2023-03-20T23:27:05Z"
      },
      "ResponseBody": {
        "id": "/subscriptions/ce1bff77-08c1-4199-b7a5-52194a42b6ce/providers/Microsoft.Communication/locations/CENTRALUS/operationStatuses/e40ec03c-f5f1-4535-89de-ca72477299cf*CAF9871CC3BF71AEDDEC41C7D2C8AF6D2CD4A70C1C305AC0B11200981994C6C8",
        "name": "e40ec03c-f5f1-4535-89de-ca72477299cf*CAF9871CC3BF71AEDDEC41C7D2C8AF6D2CD4A70C1C305AC0B11200981994C6C8",
        "resourceId": "/subscriptions/ce1bff77-08c1-4199-b7a5-52194a42b6ce/resourceGroups/Communication-RG-3705/providers/Microsoft.Communication/emailServices/email-service-3524",
        "status": "Deleting",
        "startTime": "2023-03-20T23:27:05.3562306Z"
      }
    },
    {
      "RequestUri": "https://api-dogfood.resources.windows-int.net/subscriptions/ce1bff77-08c1-4199-b7a5-52194a42b6ce/providers/Microsoft.Communication/locations/CENTRALUS/operationStatuses/e40ec03c-f5f1-4535-89de-ca72477299cf*CAF9871CC3BF71AEDDEC41C7D2C8AF6D2CD4A70C1C305AC0B11200981994C6C8?api-version=2023-03-01-preview",
      "RequestMethod": "GET",
      "RequestHeaders": {
        "Authorization": "Sanitized",
        "traceparent": "00-05e7872309ae6e1ad75879188bb5b458-c1059a8841e56dd4-00",
        "User-Agent": "azsdk-net-ResourceManager/1.4.0 (.NET 6.0.15; Microsoft Windows 10.0.22621)",
        "x-ms-client-request-id": "a0d791551112eda7c0b90236e5d482a2",
        "x-ms-return-client-request-id": "true"
      },
      "RequestBody": null,
      "StatusCode": 202,
      "ResponseHeaders": {
        "Cache-Control": "no-cache",
        "Content-Length": "579",
        "Content-Type": "application/json; charset=utf-8",
        "Date": "Mon, 20 Mar 2023 23:27:07 GMT",
        "ETag": "\u00222604f781-0000-0700-0000-6418ebc90000\u0022",
        "Expires": "-1",
        "Pragma": "no-cache",
        "Strict-Transport-Security": "max-age=31536000; includeSubDomains",
        "X-Cache": "CONFIG_NOCACHE",
        "X-Content-Type-Options": "nosniff",
        "x-ms-client-request-id": "a0d791551112eda7c0b90236e5d482a2",
        "x-ms-correlation-request-id": "49c67558-0292-43a7-b0b6-380208e87618",
        "x-ms-ratelimit-remaining-subscription-reads": "14690",
        "x-ms-request-id": "3397802e-2ed2-486b-bf32-fff810ba9f44",
        "x-ms-routing-request-id": "CENTRALUS:20230320T232707Z:49c67558-0292-43a7-b0b6-380208e87618",
        "X-MSEdge-Ref": "Ref A: 663ED84825154B6F991A71CD4EB9A469 Ref B: STBEDGE0621 Ref C: 2023-03-20T23:27:07Z"
      },
      "ResponseBody": {
        "id": "/subscriptions/ce1bff77-08c1-4199-b7a5-52194a42b6ce/providers/Microsoft.Communication/locations/CENTRALUS/operationStatuses/e40ec03c-f5f1-4535-89de-ca72477299cf*CAF9871CC3BF71AEDDEC41C7D2C8AF6D2CD4A70C1C305AC0B11200981994C6C8",
        "name": "e40ec03c-f5f1-4535-89de-ca72477299cf*CAF9871CC3BF71AEDDEC41C7D2C8AF6D2CD4A70C1C305AC0B11200981994C6C8",
        "resourceId": "/subscriptions/ce1bff77-08c1-4199-b7a5-52194a42b6ce/resourceGroups/Communication-RG-3705/providers/Microsoft.Communication/emailServices/email-service-3524",
        "status": "Deleting",
        "startTime": "2023-03-20T23:27:05.3562306Z"
      }
    },
    {
      "RequestUri": "https://api-dogfood.resources.windows-int.net/subscriptions/ce1bff77-08c1-4199-b7a5-52194a42b6ce/providers/Microsoft.Communication/locations/CENTRALUS/operationStatuses/e40ec03c-f5f1-4535-89de-ca72477299cf*CAF9871CC3BF71AEDDEC41C7D2C8AF6D2CD4A70C1C305AC0B11200981994C6C8?api-version=2023-03-01-preview",
      "RequestMethod": "GET",
      "RequestHeaders": {
        "Authorization": "Sanitized",
        "traceparent": "00-05e7872309ae6e1ad75879188bb5b458-978bef2cc65ff162-00",
        "User-Agent": "azsdk-net-ResourceManager/1.4.0 (.NET 6.0.15; Microsoft Windows 10.0.22621)",
        "x-ms-client-request-id": "9d0e6aacd7d8377c105c13c2fffe9f9e",
        "x-ms-return-client-request-id": "true"
      },
      "RequestBody": null,
      "StatusCode": 202,
      "ResponseHeaders": {
        "Cache-Control": "no-cache",
        "Content-Length": "579",
        "Content-Type": "application/json; charset=utf-8",
        "Date": "Mon, 20 Mar 2023 23:27:08 GMT",
        "ETag": "\u00222604f781-0000-0700-0000-6418ebc90000\u0022",
        "Expires": "-1",
        "Pragma": "no-cache",
        "Strict-Transport-Security": "max-age=31536000; includeSubDomains",
        "X-Cache": "CONFIG_NOCACHE",
        "X-Content-Type-Options": "nosniff",
        "x-ms-client-request-id": "9d0e6aacd7d8377c105c13c2fffe9f9e",
        "x-ms-correlation-request-id": "51929fe9-3eab-4970-9124-72feeeb0a02d",
        "x-ms-ratelimit-remaining-subscription-reads": "14689",
        "x-ms-request-id": "4e2892b1-ab1e-4afb-b1a2-2b33994a8feb",
        "x-ms-routing-request-id": "CENTRALUS:20230320T232708Z:51929fe9-3eab-4970-9124-72feeeb0a02d",
        "X-MSEdge-Ref": "Ref A: 0C6DCFE794D948B9893E42DDC4139640 Ref B: STBEDGE0621 Ref C: 2023-03-20T23:27:08Z"
      },
      "ResponseBody": {
        "id": "/subscriptions/ce1bff77-08c1-4199-b7a5-52194a42b6ce/providers/Microsoft.Communication/locations/CENTRALUS/operationStatuses/e40ec03c-f5f1-4535-89de-ca72477299cf*CAF9871CC3BF71AEDDEC41C7D2C8AF6D2CD4A70C1C305AC0B11200981994C6C8",
        "name": "e40ec03c-f5f1-4535-89de-ca72477299cf*CAF9871CC3BF71AEDDEC41C7D2C8AF6D2CD4A70C1C305AC0B11200981994C6C8",
        "resourceId": "/subscriptions/ce1bff77-08c1-4199-b7a5-52194a42b6ce/resourceGroups/Communication-RG-3705/providers/Microsoft.Communication/emailServices/email-service-3524",
        "status": "Deleting",
        "startTime": "2023-03-20T23:27:05.3562306Z"
      }
    },
    {
      "RequestUri": "https://api-dogfood.resources.windows-int.net/subscriptions/ce1bff77-08c1-4199-b7a5-52194a42b6ce/providers/Microsoft.Communication/locations/CENTRALUS/operationStatuses/e40ec03c-f5f1-4535-89de-ca72477299cf*CAF9871CC3BF71AEDDEC41C7D2C8AF6D2CD4A70C1C305AC0B11200981994C6C8?api-version=2023-03-01-preview",
      "RequestMethod": "GET",
      "RequestHeaders": {
        "Authorization": "Sanitized",
        "traceparent": "00-05e7872309ae6e1ad75879188bb5b458-4f24e0495ee4f617-00",
        "User-Agent": "azsdk-net-ResourceManager/1.4.0 (.NET 6.0.15; Microsoft Windows 10.0.22621)",
        "x-ms-client-request-id": "d6e76e78ec1b743340c28e7c0144001d",
        "x-ms-return-client-request-id": "true"
      },
      "RequestBody": null,
      "StatusCode": 202,
      "ResponseHeaders": {
        "Cache-Control": "no-cache",
        "Content-Length": "579",
        "Content-Type": "application/json; charset=utf-8",
        "Date": "Mon, 20 Mar 2023 23:27:09 GMT",
        "ETag": "\u00222604f781-0000-0700-0000-6418ebc90000\u0022",
        "Expires": "-1",
        "Pragma": "no-cache",
        "Strict-Transport-Security": "max-age=31536000; includeSubDomains",
        "X-Cache": "CONFIG_NOCACHE",
        "X-Content-Type-Options": "nosniff",
        "x-ms-client-request-id": "d6e76e78ec1b743340c28e7c0144001d",
        "x-ms-correlation-request-id": "40c4d098-104c-4e65-a8ed-414c83097bff",
        "x-ms-ratelimit-remaining-subscription-reads": "14688",
        "x-ms-request-id": "b19efcfe-e4c1-45e4-ba07-ce95346c0c3f",
        "x-ms-routing-request-id": "CENTRALUS:20230320T232709Z:40c4d098-104c-4e65-a8ed-414c83097bff",
        "X-MSEdge-Ref": "Ref A: 8E7B9B7F80914363BB52C0897B2FFB6C Ref B: STBEDGE0621 Ref C: 2023-03-20T23:27:09Z"
      },
      "ResponseBody": {
        "id": "/subscriptions/ce1bff77-08c1-4199-b7a5-52194a42b6ce/providers/Microsoft.Communication/locations/CENTRALUS/operationStatuses/e40ec03c-f5f1-4535-89de-ca72477299cf*CAF9871CC3BF71AEDDEC41C7D2C8AF6D2CD4A70C1C305AC0B11200981994C6C8",
        "name": "e40ec03c-f5f1-4535-89de-ca72477299cf*CAF9871CC3BF71AEDDEC41C7D2C8AF6D2CD4A70C1C305AC0B11200981994C6C8",
        "resourceId": "/subscriptions/ce1bff77-08c1-4199-b7a5-52194a42b6ce/resourceGroups/Communication-RG-3705/providers/Microsoft.Communication/emailServices/email-service-3524",
        "status": "Deleting",
        "startTime": "2023-03-20T23:27:05.3562306Z"
      }
    },
    {
      "RequestUri": "https://api-dogfood.resources.windows-int.net/subscriptions/ce1bff77-08c1-4199-b7a5-52194a42b6ce/providers/Microsoft.Communication/locations/CENTRALUS/operationStatuses/e40ec03c-f5f1-4535-89de-ca72477299cf*CAF9871CC3BF71AEDDEC41C7D2C8AF6D2CD4A70C1C305AC0B11200981994C6C8?api-version=2023-03-01-preview",
      "RequestMethod": "GET",
      "RequestHeaders": {
        "Authorization": "Sanitized",
        "traceparent": "00-05e7872309ae6e1ad75879188bb5b458-5c90dcd7e222ab3e-00",
        "User-Agent": "azsdk-net-ResourceManager/1.4.0 (.NET 6.0.15; Microsoft Windows 10.0.22621)",
        "x-ms-client-request-id": "09f59b758b037d3014a08fb6fde4eec2",
        "x-ms-return-client-request-id": "true"
      },
      "RequestBody": null,
      "StatusCode": 202,
      "ResponseHeaders": {
        "Cache-Control": "no-cache",
        "Content-Length": "579",
        "Content-Type": "application/json; charset=utf-8",
        "Date": "Mon, 20 Mar 2023 23:27:11 GMT",
        "ETag": "\u00222604f781-0000-0700-0000-6418ebc90000\u0022",
        "Expires": "-1",
        "Pragma": "no-cache",
        "Strict-Transport-Security": "max-age=31536000; includeSubDomains",
        "X-Cache": "CONFIG_NOCACHE",
        "X-Content-Type-Options": "nosniff",
        "x-ms-client-request-id": "09f59b758b037d3014a08fb6fde4eec2",
        "x-ms-correlation-request-id": "6e1111b0-3f8b-4aec-93d6-5c457048bc93",
        "x-ms-ratelimit-remaining-subscription-reads": "14687",
        "x-ms-request-id": "fee1dbbf-a704-41bb-938c-dafab3234897",
        "x-ms-routing-request-id": "CENTRALUS:20230320T232711Z:6e1111b0-3f8b-4aec-93d6-5c457048bc93",
        "X-MSEdge-Ref": "Ref A: 74DA182998D44218AF7693863D7B9CED Ref B: STBEDGE0621 Ref C: 2023-03-20T23:27:11Z"
      },
      "ResponseBody": {
        "id": "/subscriptions/ce1bff77-08c1-4199-b7a5-52194a42b6ce/providers/Microsoft.Communication/locations/CENTRALUS/operationStatuses/e40ec03c-f5f1-4535-89de-ca72477299cf*CAF9871CC3BF71AEDDEC41C7D2C8AF6D2CD4A70C1C305AC0B11200981994C6C8",
        "name": "e40ec03c-f5f1-4535-89de-ca72477299cf*CAF9871CC3BF71AEDDEC41C7D2C8AF6D2CD4A70C1C305AC0B11200981994C6C8",
        "resourceId": "/subscriptions/ce1bff77-08c1-4199-b7a5-52194a42b6ce/resourceGroups/Communication-RG-3705/providers/Microsoft.Communication/emailServices/email-service-3524",
        "status": "Deleting",
        "startTime": "2023-03-20T23:27:05.3562306Z"
      }
    },
    {
      "RequestUri": "https://api-dogfood.resources.windows-int.net/subscriptions/ce1bff77-08c1-4199-b7a5-52194a42b6ce/providers/Microsoft.Communication/locations/CENTRALUS/operationStatuses/e40ec03c-f5f1-4535-89de-ca72477299cf*CAF9871CC3BF71AEDDEC41C7D2C8AF6D2CD4A70C1C305AC0B11200981994C6C8?api-version=2023-03-01-preview",
      "RequestMethod": "GET",
      "RequestHeaders": {
        "Authorization": "Sanitized",
        "traceparent": "00-05e7872309ae6e1ad75879188bb5b458-68c64de4667e08ce-00",
        "User-Agent": "azsdk-net-ResourceManager/1.4.0 (.NET 6.0.15; Microsoft Windows 10.0.22621)",
        "x-ms-client-request-id": "76bd6419abecbf86379a5c15480035cb",
        "x-ms-return-client-request-id": "true"
      },
      "RequestBody": null,
      "StatusCode": 202,
      "ResponseHeaders": {
        "Cache-Control": "no-cache",
        "Content-Length": "579",
        "Content-Type": "application/json; charset=utf-8",
        "Date": "Mon, 20 Mar 2023 23:27:15 GMT",
        "ETag": "\u00222604f781-0000-0700-0000-6418ebc90000\u0022",
        "Expires": "-1",
        "Pragma": "no-cache",
        "Strict-Transport-Security": "max-age=31536000; includeSubDomains",
        "X-Cache": "CONFIG_NOCACHE",
        "X-Content-Type-Options": "nosniff",
        "x-ms-client-request-id": "76bd6419abecbf86379a5c15480035cb",
        "x-ms-correlation-request-id": "d7139de1-638c-476c-bf76-ed0dd7676688",
        "x-ms-ratelimit-remaining-subscription-reads": "14686",
        "x-ms-request-id": "1e160de7-904e-42a3-b24c-e559802496b1",
        "x-ms-routing-request-id": "CENTRALUS:20230320T232715Z:d7139de1-638c-476c-bf76-ed0dd7676688",
        "X-MSEdge-Ref": "Ref A: FC6E13EF306F4B979EE40810799040EA Ref B: STBEDGE0621 Ref C: 2023-03-20T23:27:15Z"
      },
      "ResponseBody": {
        "id": "/subscriptions/ce1bff77-08c1-4199-b7a5-52194a42b6ce/providers/Microsoft.Communication/locations/CENTRALUS/operationStatuses/e40ec03c-f5f1-4535-89de-ca72477299cf*CAF9871CC3BF71AEDDEC41C7D2C8AF6D2CD4A70C1C305AC0B11200981994C6C8",
        "name": "e40ec03c-f5f1-4535-89de-ca72477299cf*CAF9871CC3BF71AEDDEC41C7D2C8AF6D2CD4A70C1C305AC0B11200981994C6C8",
        "resourceId": "/subscriptions/ce1bff77-08c1-4199-b7a5-52194a42b6ce/resourceGroups/Communication-RG-3705/providers/Microsoft.Communication/emailServices/email-service-3524",
        "status": "Deleting",
        "startTime": "2023-03-20T23:27:05.3562306Z"
      }
    },
    {
      "RequestUri": "https://api-dogfood.resources.windows-int.net/subscriptions/ce1bff77-08c1-4199-b7a5-52194a42b6ce/providers/Microsoft.Communication/locations/CENTRALUS/operationStatuses/e40ec03c-f5f1-4535-89de-ca72477299cf*CAF9871CC3BF71AEDDEC41C7D2C8AF6D2CD4A70C1C305AC0B11200981994C6C8?api-version=2023-03-01-preview",
      "RequestMethod": "GET",
      "RequestHeaders": {
        "Authorization": "Sanitized",
        "traceparent": "00-05e7872309ae6e1ad75879188bb5b458-781f6207c5ff4a7e-00",
        "User-Agent": "azsdk-net-ResourceManager/1.4.0 (.NET 6.0.15; Microsoft Windows 10.0.22621)",
        "x-ms-client-request-id": "644df65b9509ec9b3e69c17a5c7d765b",
        "x-ms-return-client-request-id": "true"
      },
      "RequestBody": null,
      "StatusCode": 202,
      "ResponseHeaders": {
        "Cache-Control": "no-cache",
        "Content-Length": "579",
        "Content-Type": "application/json; charset=utf-8",
        "Date": "Mon, 20 Mar 2023 23:27:23 GMT",
        "ETag": "\u00222604f781-0000-0700-0000-6418ebc90000\u0022",
        "Expires": "-1",
        "Pragma": "no-cache",
        "Strict-Transport-Security": "max-age=31536000; includeSubDomains",
        "X-Cache": "CONFIG_NOCACHE",
        "X-Content-Type-Options": "nosniff",
        "x-ms-client-request-id": "644df65b9509ec9b3e69c17a5c7d765b",
        "x-ms-correlation-request-id": "86c199b6-eeaa-4fd5-8319-dcb63e8fca52",
        "x-ms-ratelimit-remaining-subscription-reads": "14685",
        "x-ms-request-id": "fad4644a-185f-4a6a-9525-2318fec37142",
        "x-ms-routing-request-id": "CENTRALUS:20230320T232724Z:86c199b6-eeaa-4fd5-8319-dcb63e8fca52",
        "X-MSEdge-Ref": "Ref A: B0057851E44E4F4695CF9ABBA6270314 Ref B: STBEDGE0621 Ref C: 2023-03-20T23:27:24Z"
      },
      "ResponseBody": {
        "id": "/subscriptions/ce1bff77-08c1-4199-b7a5-52194a42b6ce/providers/Microsoft.Communication/locations/CENTRALUS/operationStatuses/e40ec03c-f5f1-4535-89de-ca72477299cf*CAF9871CC3BF71AEDDEC41C7D2C8AF6D2CD4A70C1C305AC0B11200981994C6C8",
        "name": "e40ec03c-f5f1-4535-89de-ca72477299cf*CAF9871CC3BF71AEDDEC41C7D2C8AF6D2CD4A70C1C305AC0B11200981994C6C8",
        "resourceId": "/subscriptions/ce1bff77-08c1-4199-b7a5-52194a42b6ce/resourceGroups/Communication-RG-3705/providers/Microsoft.Communication/emailServices/email-service-3524",
        "status": "Deleting",
        "startTime": "2023-03-20T23:27:05.3562306Z"
      }
    },
    {
      "RequestUri": "https://api-dogfood.resources.windows-int.net/subscriptions/ce1bff77-08c1-4199-b7a5-52194a42b6ce/providers/Microsoft.Communication/locations/CENTRALUS/operationStatuses/e40ec03c-f5f1-4535-89de-ca72477299cf*CAF9871CC3BF71AEDDEC41C7D2C8AF6D2CD4A70C1C305AC0B11200981994C6C8?api-version=2023-03-01-preview",
      "RequestMethod": "GET",
      "RequestHeaders": {
        "Authorization": "Sanitized",
        "traceparent": "00-05e7872309ae6e1ad75879188bb5b458-96c534ef02b12ca8-00",
        "User-Agent": "azsdk-net-ResourceManager/1.4.0 (.NET 6.0.15; Microsoft Windows 10.0.22621)",
        "x-ms-client-request-id": "9d62ccd48987c9311435d2682f1a3514",
        "x-ms-return-client-request-id": "true"
      },
      "RequestBody": null,
      "StatusCode": 202,
      "ResponseHeaders": {
        "Cache-Control": "no-cache",
        "Content-Length": "579",
        "Content-Type": "application/json; charset=utf-8",
        "Date": "Mon, 20 Mar 2023 23:27:40 GMT",
        "ETag": "\u00222604f781-0000-0700-0000-6418ebc90000\u0022",
        "Expires": "-1",
        "Pragma": "no-cache",
        "Strict-Transport-Security": "max-age=31536000; includeSubDomains",
        "X-Cache": "CONFIG_NOCACHE",
        "X-Content-Type-Options": "nosniff",
        "x-ms-client-request-id": "9d62ccd48987c9311435d2682f1a3514",
        "x-ms-correlation-request-id": "65679025-1115-4bbc-878d-15f15a609234",
        "x-ms-ratelimit-remaining-subscription-reads": "14683",
        "x-ms-request-id": "17924a42-d0d6-4242-9b15-73ed35c83f21",
        "x-ms-routing-request-id": "CENTRALUS:20230320T232740Z:65679025-1115-4bbc-878d-15f15a609234",
        "X-MSEdge-Ref": "Ref A: 45A2103606694E2D80D84DBEC845C63C Ref B: STBEDGE0621 Ref C: 2023-03-20T23:27:40Z"
      },
      "ResponseBody": {
        "id": "/subscriptions/ce1bff77-08c1-4199-b7a5-52194a42b6ce/providers/Microsoft.Communication/locations/CENTRALUS/operationStatuses/e40ec03c-f5f1-4535-89de-ca72477299cf*CAF9871CC3BF71AEDDEC41C7D2C8AF6D2CD4A70C1C305AC0B11200981994C6C8",
        "name": "e40ec03c-f5f1-4535-89de-ca72477299cf*CAF9871CC3BF71AEDDEC41C7D2C8AF6D2CD4A70C1C305AC0B11200981994C6C8",
        "resourceId": "/subscriptions/ce1bff77-08c1-4199-b7a5-52194a42b6ce/resourceGroups/Communication-RG-3705/providers/Microsoft.Communication/emailServices/email-service-3524",
        "status": "Deleting",
        "startTime": "2023-03-20T23:27:05.3562306Z"
      }
    },
    {
      "RequestUri": "https://api-dogfood.resources.windows-int.net/subscriptions/ce1bff77-08c1-4199-b7a5-52194a42b6ce/providers/Microsoft.Communication/locations/CENTRALUS/operationStatuses/e40ec03c-f5f1-4535-89de-ca72477299cf*CAF9871CC3BF71AEDDEC41C7D2C8AF6D2CD4A70C1C305AC0B11200981994C6C8?api-version=2023-03-01-preview",
      "RequestMethod": "GET",
      "RequestHeaders": {
        "Authorization": "Sanitized",
        "traceparent": "00-05e7872309ae6e1ad75879188bb5b458-e6692319fff96e97-00",
        "User-Agent": "azsdk-net-ResourceManager/1.4.0 (.NET 6.0.15; Microsoft Windows 10.0.22621)",
        "x-ms-client-request-id": "075ac46a899784b8c8d13882e90c63b9",
        "x-ms-return-client-request-id": "true"
      },
      "RequestBody": null,
      "StatusCode": 202,
      "ResponseHeaders": {
        "Cache-Control": "no-cache",
        "Content-Length": "579",
        "Content-Type": "application/json; charset=utf-8",
        "Date": "Mon, 20 Mar 2023 23:28:12 GMT",
        "ETag": "\u00222604f781-0000-0700-0000-6418ebc90000\u0022",
        "Expires": "-1",
        "Pragma": "no-cache",
        "Strict-Transport-Security": "max-age=31536000; includeSubDomains",
        "X-Cache": "CONFIG_NOCACHE",
        "X-Content-Type-Options": "nosniff",
        "x-ms-client-request-id": "075ac46a899784b8c8d13882e90c63b9",
        "x-ms-correlation-request-id": "b56ea292-9362-4705-b04d-246fd6195937",
        "x-ms-ratelimit-remaining-subscription-reads": "14681",
        "x-ms-request-id": "c38f500c-f74e-4671-b9f8-531290d29f9a",
        "x-ms-routing-request-id": "CENTRALUS:20230320T232812Z:b56ea292-9362-4705-b04d-246fd6195937",
        "X-MSEdge-Ref": "Ref A: 0FDAF8BB328244C89ADFFA2211FDE1E6 Ref B: STBEDGE0621 Ref C: 2023-03-20T23:28:12Z"
      },
      "ResponseBody": {
        "id": "/subscriptions/ce1bff77-08c1-4199-b7a5-52194a42b6ce/providers/Microsoft.Communication/locations/CENTRALUS/operationStatuses/e40ec03c-f5f1-4535-89de-ca72477299cf*CAF9871CC3BF71AEDDEC41C7D2C8AF6D2CD4A70C1C305AC0B11200981994C6C8",
        "name": "e40ec03c-f5f1-4535-89de-ca72477299cf*CAF9871CC3BF71AEDDEC41C7D2C8AF6D2CD4A70C1C305AC0B11200981994C6C8",
        "resourceId": "/subscriptions/ce1bff77-08c1-4199-b7a5-52194a42b6ce/resourceGroups/Communication-RG-3705/providers/Microsoft.Communication/emailServices/email-service-3524",
        "status": "Deleting",
        "startTime": "2023-03-20T23:27:05.3562306Z"
      }
    },
    {
      "RequestUri": "https://api-dogfood.resources.windows-int.net/subscriptions/ce1bff77-08c1-4199-b7a5-52194a42b6ce/providers/Microsoft.Communication/locations/CENTRALUS/operationStatuses/e40ec03c-f5f1-4535-89de-ca72477299cf*CAF9871CC3BF71AEDDEC41C7D2C8AF6D2CD4A70C1C305AC0B11200981994C6C8?api-version=2023-03-01-preview",
      "RequestMethod": "GET",
      "RequestHeaders": {
        "Authorization": "Sanitized",
        "traceparent": "00-05e7872309ae6e1ad75879188bb5b458-e4b5dcc18e193394-00",
        "User-Agent": "azsdk-net-ResourceManager/1.4.0 (.NET 6.0.15; Microsoft Windows 10.0.22621)",
        "x-ms-client-request-id": "7c410024989ed244c4834fd3c232bd23",
        "x-ms-return-client-request-id": "true"
      },
      "RequestBody": null,
      "StatusCode": 202,
      "ResponseHeaders": {
        "Cache-Control": "no-cache",
        "Content-Length": "579",
        "Content-Type": "application/json; charset=utf-8",
        "Date": "Mon, 20 Mar 2023 23:28:44 GMT",
        "ETag": "\u00222604f781-0000-0700-0000-6418ebc90000\u0022",
        "Expires": "-1",
        "Pragma": "no-cache",
        "Strict-Transport-Security": "max-age=31536000; includeSubDomains",
        "X-Cache": "CONFIG_NOCACHE",
        "X-Content-Type-Options": "nosniff",
        "x-ms-client-request-id": "7c410024989ed244c4834fd3c232bd23",
        "x-ms-correlation-request-id": "3b419965-d5fd-4d4f-a811-d6548b76b9eb",
        "x-ms-ratelimit-remaining-subscription-reads": "14679",
        "x-ms-request-id": "b2d7d6f3-0978-462c-ba09-0691aa2bae49",
        "x-ms-routing-request-id": "CENTRALUS:20230320T232844Z:3b419965-d5fd-4d4f-a811-d6548b76b9eb",
        "X-MSEdge-Ref": "Ref A: F97CD98272574AA595112F3654B85534 Ref B: STBEDGE0621 Ref C: 2023-03-20T23:28:44Z"
      },
      "ResponseBody": {
        "id": "/subscriptions/ce1bff77-08c1-4199-b7a5-52194a42b6ce/providers/Microsoft.Communication/locations/CENTRALUS/operationStatuses/e40ec03c-f5f1-4535-89de-ca72477299cf*CAF9871CC3BF71AEDDEC41C7D2C8AF6D2CD4A70C1C305AC0B11200981994C6C8",
        "name": "e40ec03c-f5f1-4535-89de-ca72477299cf*CAF9871CC3BF71AEDDEC41C7D2C8AF6D2CD4A70C1C305AC0B11200981994C6C8",
        "resourceId": "/subscriptions/ce1bff77-08c1-4199-b7a5-52194a42b6ce/resourceGroups/Communication-RG-3705/providers/Microsoft.Communication/emailServices/email-service-3524",
        "status": "Deleting",
        "startTime": "2023-03-20T23:27:05.3562306Z"
      }
    },
    {
      "RequestUri": "https://api-dogfood.resources.windows-int.net/subscriptions/ce1bff77-08c1-4199-b7a5-52194a42b6ce/providers/Microsoft.Communication/locations/CENTRALUS/operationStatuses/e40ec03c-f5f1-4535-89de-ca72477299cf*CAF9871CC3BF71AEDDEC41C7D2C8AF6D2CD4A70C1C305AC0B11200981994C6C8?api-version=2023-03-01-preview",
      "RequestMethod": "GET",
      "RequestHeaders": {
        "Authorization": "Sanitized",
        "traceparent": "00-05e7872309ae6e1ad75879188bb5b458-61560b8d8f6ce843-00",
        "User-Agent": "azsdk-net-ResourceManager/1.4.0 (.NET 6.0.15; Microsoft Windows 10.0.22621)",
        "x-ms-client-request-id": "980fad346f234ac413ded4b551aee007",
        "x-ms-return-client-request-id": "true"
      },
      "RequestBody": null,
      "StatusCode": 200,
      "ResponseHeaders": {
        "Cache-Control": "no-cache",
        "Content-Length": "598",
        "Content-Type": "application/json; charset=utf-8",
        "Date": "Mon, 20 Mar 2023 23:29:16 GMT",
        "ETag": "\u002226043496-0000-0700-0000-6418ec470000\u0022",
        "Expires": "-1",
        "Pragma": "no-cache",
        "Strict-Transport-Security": "max-age=31536000; includeSubDomains",
        "X-Cache": "CONFIG_NOCACHE",
        "X-Content-Type-Options": "nosniff",
        "x-ms-client-request-id": "980fad346f234ac413ded4b551aee007",
        "x-ms-correlation-request-id": "37b0c7fa-58a6-4d1a-bc4a-aa574bc23320",
        "x-ms-ratelimit-remaining-subscription-reads": "14678",
        "x-ms-request-id": "79ba59e3-442c-4791-a281-3e711d86aa28",
        "x-ms-routing-request-id": "CENTRALUS:20230320T232916Z:37b0c7fa-58a6-4d1a-bc4a-aa574bc23320",
        "X-MSEdge-Ref": "Ref A: D3BEF211FD734ED4B0C511AD1305AB16 Ref B: STBEDGE0621 Ref C: 2023-03-20T23:29:16Z"
      },
      "ResponseBody": {
        "id": "/subscriptions/ce1bff77-08c1-4199-b7a5-52194a42b6ce/providers/Microsoft.Communication/locations/CENTRALUS/operationStatuses/e40ec03c-f5f1-4535-89de-ca72477299cf*CAF9871CC3BF71AEDDEC41C7D2C8AF6D2CD4A70C1C305AC0B11200981994C6C8",
        "name": "e40ec03c-f5f1-4535-89de-ca72477299cf*CAF9871CC3BF71AEDDEC41C7D2C8AF6D2CD4A70C1C305AC0B11200981994C6C8",
        "resourceId": "/subscriptions/ce1bff77-08c1-4199-b7a5-52194a42b6ce/resourceGroups/Communication-RG-3705/providers/Microsoft.Communication/emailServices/email-service-3524",
        "status": "Succeeded",
        "startTime": "2023-03-20T23:27:05.3562306Z",
        "properties": null
      }
    }
  ],
  "Variables": {
    "AZURE_AUTHORITY_HOST": "https://login.windows-ppe.net/",
    "RandomSeed": "1487880502",
    "RESOURCE_MANAGER_URL": "https://api-dogfood.resources.windows-int.net/",
    "SERVICE_MANAGEMENT_URL": "https://management.core.windows.net/",
    "SUBSCRIPTION_ID": "ce1bff77-08c1-4199-b7a5-52194a42b6ce"
  }
}
