{
  "Entries": [
    {
      "RequestUri": "/subscriptions/80d4fe69-c95b-4dd2-a938-9250f1c8ab03/resourceGroups/flowrg/providers/Microsoft.Logic/integrationAccounts?api-version=2019-05-01",
      "EncodedRequestUri": "L3N1YnNjcmlwdGlvbnMvODBkNGZlNjktYzk1Yi00ZGQyLWE5MzgtOTI1MGYxYzhhYjAzL3Jlc291cmNlR3JvdXBzL2Zsb3dyZy9wcm92aWRlcnMvTWljcm9zb2Z0LkxvZ2ljL2ludGVncmF0aW9uQWNjb3VudHM/YXBpLXZlcnNpb249MjAxOS0wNS0wMQ==",
      "RequestMethod": "GET",
      "RequestBody": "",
      "RequestHeaders": {
        "x-ms-client-request-id": [
          "5b9593ca-8873-4a76-85cc-490aacee2be3"
        ],
        "Accept-Language": [
          "en-US"
        ],
        "User-Agent": [
          "FxVersion/4.6.28207.04",
          "OSName/Windows",
          "OSVersion/Microsoft.Windows.10.0.18363.",
          "Microsoft.Azure.Management.Logic.LogicManagementClient/4.1.0.0"
        ]
      },
      "ResponseHeaders": {
        "Cache-Control": [
          "no-cache"
        ],
        "Pragma": [
          "no-cache"
        ],
        "x-ms-ratelimit-remaining-subscription-reads": [
          "11999"
        ],
        "x-ms-request-id": [
          "c05910c6-ccd2-46bf-8105-0f9e90c54059"
        ],
        "x-ms-correlation-request-id": [
          "c05910c6-ccd2-46bf-8105-0f9e90c54059"
        ],
        "x-ms-routing-request-id": [
          "WESTUS:20191219T091612Z:c05910c6-ccd2-46bf-8105-0f9e90c54059"
        ],
        "Strict-Transport-Security": [
          "max-age=31536000; includeSubDomains"
        ],
        "X-Content-Type-Options": [
          "nosniff"
        ],
        "Date": [
          "Thu, 19 Dec 2019 09:16:12 GMT"
        ],
        "Content-Type": [
          "application/json; charset=utf-8"
        ],
        "Expires": [
          "-1"
        ],
        "Content-Length": [
          "12"
        ]
      },
      "ResponseBody": "{\r\n  \"value\": []\r\n}",
      "StatusCode": 200
    },
    {
      "RequestUri": "/subscriptions/80d4fe69-c95b-4dd2-a938-9250f1c8ab03/resourceGroups/flowrg/providers/Microsoft.Logic/workflows?api-version=2019-05-01",
      "EncodedRequestUri": "L3N1YnNjcmlwdGlvbnMvODBkNGZlNjktYzk1Yi00ZGQyLWE5MzgtOTI1MGYxYzhhYjAzL3Jlc291cmNlR3JvdXBzL2Zsb3dyZy9wcm92aWRlcnMvTWljcm9zb2Z0LkxvZ2ljL3dvcmtmbG93cz9hcGktdmVyc2lvbj0yMDE5LTA1LTAx",
      "RequestMethod": "GET",
      "RequestBody": "",
      "RequestHeaders": {
        "x-ms-client-request-id": [
          "661d5ab6-b6ca-4974-ac1c-4580e4199d34"
        ],
        "Accept-Language": [
          "en-US"
        ],
        "User-Agent": [
          "FxVersion/4.6.28207.04",
          "OSName/Windows",
          "OSVersion/Microsoft.Windows.10.0.18363.",
          "Microsoft.Azure.Management.Logic.LogicManagementClient/4.1.0.0"
        ]
      },
      "ResponseHeaders": {
        "Cache-Control": [
          "no-cache"
        ],
        "Pragma": [
          "no-cache"
        ],
        "x-ms-ratelimit-remaining-subscription-resource-requests": [
          "19999"
        ],
        "x-ms-request-id": [
          "783c6051-b8a2-4a3b-8154-72a50877e4e8"
        ],
        "x-ms-correlation-request-id": [
          "783c6051-b8a2-4a3b-8154-72a50877e4e8"
        ],
        "x-ms-routing-request-id": [
          "WESTUS:20191219T091612Z:783c6051-b8a2-4a3b-8154-72a50877e4e8"
        ],
        "Strict-Transport-Security": [
          "max-age=31536000; includeSubDomains"
        ],
        "X-Content-Type-Options": [
          "nosniff"
        ],
        "Date": [
          "Thu, 19 Dec 2019 09:16:12 GMT"
        ],
        "Content-Type": [
          "application/json; charset=utf-8"
        ],
        "Expires": [
          "-1"
        ],
        "Content-Length": [
          "12"
        ]
      },
      "ResponseBody": "{\r\n  \"value\": []\r\n}",
      "StatusCode": 200
    },
    {
      "RequestUri": "/subscriptions/80d4fe69-c95b-4dd2-a938-9250f1c8ab03/resourceGroups/flowrg/providers/Microsoft.Logic/integrationAccounts/IntegrationAccount7106?api-version=2019-05-01",
      "EncodedRequestUri": "L3N1YnNjcmlwdGlvbnMvODBkNGZlNjktYzk1Yi00ZGQyLWE5MzgtOTI1MGYxYzhhYjAzL3Jlc291cmNlR3JvdXBzL2Zsb3dyZy9wcm92aWRlcnMvTWljcm9zb2Z0LkxvZ2ljL2ludGVncmF0aW9uQWNjb3VudHMvSW50ZWdyYXRpb25BY2NvdW50NzEwNj9hcGktdmVyc2lvbj0yMDE5LTA1LTAx",
      "RequestMethod": "PUT",
      "RequestBody": "{\r\n  \"properties\": {},\r\n  \"sku\": {\r\n    \"name\": \"Standard\"\r\n  },\r\n  \"location\": \"westus\"\r\n}",
      "RequestHeaders": {
        "x-ms-client-request-id": [
          "fc4ba484-52a5-45a4-be25-7b5b9b6304e4"
        ],
        "Accept-Language": [
          "en-US"
        ],
        "User-Agent": [
          "FxVersion/4.6.28207.04",
          "OSName/Windows",
          "OSVersion/Microsoft.Windows.10.0.18363.",
          "Microsoft.Azure.Management.Logic.LogicManagementClient/4.1.0.0"
        ],
        "Content-Type": [
          "application/json; charset=utf-8"
        ],
        "Content-Length": [
          "91"
        ]
      },
      "ResponseHeaders": {
        "Cache-Control": [
          "no-cache"
        ],
        "Pragma": [
          "no-cache"
        ],
        "x-ms-request-id": [
          "westus:93e5764e-99d2-46a5-ad73-06bc596e0ded"
        ],
        "Strict-Transport-Security": [
          "max-age=31536000; includeSubDomains"
        ],
        "x-ms-ratelimit-remaining-subscription-writes": [
          "1198"
        ],
        "x-ms-correlation-request-id": [
          "8076bdbe-5671-4392-b013-803eef160b95"
        ],
        "x-ms-routing-request-id": [
          "WESTUS:20191219T091613Z:8076bdbe-5671-4392-b013-803eef160b95"
        ],
        "X-Content-Type-Options": [
          "nosniff"
        ],
        "Date": [
          "Thu, 19 Dec 2019 09:16:13 GMT"
        ],
        "Content-Length": [
          "307"
        ],
        "Content-Type": [
          "application/json; charset=utf-8"
        ],
        "Expires": [
          "-1"
        ]
      },
      "ResponseBody": "{\r\n  \"properties\": {\r\n    \"state\": \"Enabled\"\r\n  },\r\n  \"sku\": {\r\n    \"name\": \"Standard\"\r\n  },\r\n  \"id\": \"/subscriptions/80d4fe69-c95b-4dd2-a938-9250f1c8ab03/resourceGroups/flowrg/providers/Microsoft.Logic/integrationAccounts/IntegrationAccount7106\",\r\n  \"name\": \"IntegrationAccount7106\",\r\n  \"type\": \"Microsoft.Logic/integrationAccounts\",\r\n  \"location\": \"westus\"\r\n}",
      "StatusCode": 201
    },
    {
      "RequestUri": "/subscriptions/80d4fe69-c95b-4dd2-a938-9250f1c8ab03/resourceGroups/flowrg/providers/Microsoft.Logic/integrationAccounts/IntegrationAccount7106/schemas/IntegrationAccountSchema6076?api-version=2019-05-01",
      "EncodedRequestUri": "L3N1YnNjcmlwdGlvbnMvODBkNGZlNjktYzk1Yi00ZGQyLWE5MzgtOTI1MGYxYzhhYjAzL3Jlc291cmNlR3JvdXBzL2Zsb3dyZy9wcm92aWRlcnMvTWljcm9zb2Z0LkxvZ2ljL2ludGVncmF0aW9uQWNjb3VudHMvSW50ZWdyYXRpb25BY2NvdW50NzEwNi9zY2hlbWFzL0ludGVncmF0aW9uQWNjb3VudFNjaGVtYTYwNzY/YXBpLXZlcnNpb249MjAxOS0wNS0wMQ==",
      "RequestMethod": "PUT",
      "RequestBody": "{\r\n  \"properties\": {\r\n    \"schemaType\": \"Xml\",\r\n    \"targetNamespace\": \"http://Inbound_EDI.OrderFile\",\r\n    \"content\": \"<?xml version=\\\"1.0\\\" encoding=\\\"utf-16\\\"?>\\r\\n<xs:schema xmlns:b=\\\"http://schemas.microsoft.com/BizTalk/2003\\\" xmlns=\\\"http://Inbound_EDI.OrderFile\\\" targetNamespace=\\\"http://Inbound_EDI.OrderFile\\\" xmlns:xs=\\\"http://www.w3.org/2001/XMLSchema\\\">\\r\\n  <xs:annotation>\\r\\n    <xs:appinfo>\\r\\n      <b:schemaInfo default_pad_char=\\\" \\\" count_positions_by_byte=\\\"false\\\" parser_optimization=\\\"speed\\\" lookahead_depth=\\\"3\\\" suppress_empty_nodes=\\\"false\\\" generate_empty_nodes=\\\"true\\\" allow_early_termination=\\\"false\\\" early_terminate_optional_fields=\\\"false\\\" allow_message_breakup_of_infix_root=\\\"false\\\" compile_parse_tables=\\\"false\\\" standard=\\\"Flat File\\\" root_reference=\\\"OrderFile\\\" />\\r\\n      <schemaEditorExtension:schemaInfo namespaceAlias=\\\"b\\\" extensionClass=\\\"Microsoft.BizTalk.FlatFileExtension.FlatFileExtension\\\" standardName=\\\"Flat File\\\" xmlns:schemaEditorExtension=\\\"http://schemas.microsoft.com/BizTalk/2003/SchemaEditorExtensions\\\" />\\r\\n    </xs:appinfo>\\r\\n  </xs:annotation>\\r\\n  <xs:element name=\\\"OrderFile\\\">\\r\\n    <xs:annotation>\\r\\n      <xs:appinfo>\\r\\n        <b:recordInfo structure=\\\"delimited\\\" preserve_delimiter_for_empty_data=\\\"true\\\" suppress_trailing_delimiters=\\\"false\\\" sequence_number=\\\"1\\\" />\\r\\n      </xs:appinfo>\\r\\n    </xs:annotation>\\r\\n    <xs:complexType>\\r\\n      <xs:sequence>\\r\\n        <xs:annotation>\\r\\n          <xs:appinfo>\\r\\n            <b:groupInfo sequence_number=\\\"0\\\" />\\r\\n          </xs:appinfo>\\r\\n        </xs:annotation>\\r\\n        <xs:element name=\\\"Order\\\">\\r\\n          <xs:annotation>\\r\\n            <xs:appinfo>\\r\\n              <b:recordInfo sequence_number=\\\"1\\\" structure=\\\"delimited\\\" preserve_delimiter_for_empty_data=\\\"true\\\" suppress_trailing_delimiters=\\\"false\\\" child_delimiter_type=\\\"hex\\\" child_delimiter=\\\"0x0D 0x0A\\\" child_order=\\\"infix\\\" />\\r\\n            </xs:appinfo>\\r\\n          </xs:annotation>\\r\\n          <xs:complexType>\\r\\n            <xs:sequence>\\r\\n              <xs:annotation>\\r\\n                <xs:appinfo>\\r\\n                  <b:groupInfo sequence_number=\\\"0\\\" />\\r\\n                </xs:appinfo>\\r\\n              </xs:annotation>\\r\\n              <xs:element name=\\\"Header\\\">\\r\\n                <xs:annotation>\\r\\n                  <xs:appinfo>\\r\\n                    <b:recordInfo sequence_number=\\\"1\\\" structure=\\\"delimited\\\" preserve_delimiter_for_empty_data=\\\"true\\\" suppress_trailing_delimiters=\\\"false\\\" child_delimiter_type=\\\"char\\\" child_delimiter=\\\"|\\\" child_order=\\\"infix\\\" tag_name=\\\"HDR|\\\" />\\r\\n                  </xs:appinfo>\\r\\n                </xs:annotation>\\r\\n                <xs:complexType>\\r\\n                  <xs:sequence>\\r\\n                    <xs:annotation>\\r\\n                      <xs:appinfo>\\r\\n                        <b:groupInfo sequence_number=\\\"0\\\" />\\r\\n                      </xs:appinfo>\\r\\n                    </xs:annotation>\\r\\n                    <xs:element name=\\\"PODate\\\" type=\\\"xs:string\\\">\\r\\n                      <xs:annotation>\\r\\n                        <xs:appinfo>\\r\\n                          <b:fieldInfo sequence_number=\\\"1\\\" justification=\\\"left\\\" />\\r\\n                        </xs:appinfo>\\r\\n                      </xs:annotation>\\r\\n                    </xs:element>\\r\\n                    <xs:element name=\\\"PONumber\\\" type=\\\"xs:string\\\">\\r\\n                      <xs:annotation>\\r\\n                        <xs:appinfo>\\r\\n                          <b:fieldInfo justification=\\\"left\\\" sequence_number=\\\"2\\\" />\\r\\n                        </xs:appinfo>\\r\\n                      </xs:annotation>\\r\\n                    </xs:element>\\r\\n                    <xs:element name=\\\"CustomerID\\\" type=\\\"xs:string\\\">\\r\\n                      <xs:annotation>\\r\\n                        <xs:appinfo>\\r\\n                          <b:fieldInfo sequence_number=\\\"3\\\" justification=\\\"left\\\" />\\r\\n                        </xs:appinfo>\\r\\n                      </xs:annotation>\\r\\n                    </xs:element>\\r\\n                    <xs:element name=\\\"CustomerContactName\\\" type=\\\"xs:string\\\">\\r\\n                      <xs:annotation>\\r\\n                        <xs:appinfo>\\r\\n                          <b:fieldInfo sequence_number=\\\"4\\\" justification=\\\"left\\\" />\\r\\n                        </xs:appinfo>\\r\\n                      </xs:annotation>\\r\\n                    </xs:element>\\r\\n                    <xs:element name=\\\"CustomerContactPhone\\\" type=\\\"xs:string\\\">\\r\\n                      <xs:annotation>\\r\\n                        <xs:appinfo>\\r\\n                          <b:fieldInfo sequence_number=\\\"5\\\" justification=\\\"left\\\" />\\r\\n                        </xs:appinfo>\\r\\n                      </xs:annotation>\\r\\n                    </xs:element>\\r\\n                  </xs:sequence>\\r\\n                </xs:complexType>\\r\\n              </xs:element>\\r\\n              <xs:element minOccurs=\\\"1\\\" maxOccurs=\\\"unbounded\\\" name=\\\"LineItems\\\">\\r\\n                <xs:annotation>\\r\\n                  <xs:appinfo>\\r\\n                    <b:recordInfo sequence_number=\\\"2\\\" structure=\\\"delimited\\\" preserve_delimiter_for_empty_data=\\\"true\\\" suppress_trailing_delimiters=\\\"false\\\" child_delimiter_type=\\\"char\\\" child_delimiter=\\\"|\\\" child_order=\\\"infix\\\" tag_name=\\\"DTL|\\\" />\\r\\n                  </xs:appinfo>\\r\\n                </xs:annotation>\\r\\n                <xs:complexType>\\r\\n                  <xs:sequence>\\r\\n                    <xs:annotation>\\r\\n                      <xs:appinfo>\\r\\n                        <b:groupInfo sequence_number=\\\"0\\\" />\\r\\n                      </xs:appinfo>\\r\\n                    </xs:annotation>\\r\\n                    <xs:element name=\\\"PONumber\\\" type=\\\"xs:string\\\">\\r\\n                      <xs:annotation>\\r\\n                        <xs:appinfo>\\r\\n                          <b:fieldInfo sequence_number=\\\"1\\\" justification=\\\"left\\\" />\\r\\n                        </xs:appinfo>\\r\\n                      </xs:annotation>\\r\\n                    </xs:element>\\r\\n                    <xs:element name=\\\"ItemOrdered\\\" type=\\\"xs:string\\\">\\r\\n                      <xs:annotation>\\r\\n                        <xs:appinfo>\\r\\n                          <b:fieldInfo sequence_number=\\\"2\\\" justification=\\\"left\\\" />\\r\\n                        </xs:appinfo>\\r\\n                      </xs:annotation>\\r\\n                    </xs:element>\\r\\n                    <xs:element name=\\\"Quantity\\\" type=\\\"xs:string\\\">\\r\\n                      <xs:annotation>\\r\\n                        <xs:appinfo>\\r\\n                          <b:fieldInfo sequence_number=\\\"3\\\" justification=\\\"left\\\" />\\r\\n                        </xs:appinfo>\\r\\n                      </xs:annotation>\\r\\n                    </xs:element>\\r\\n                    <xs:element name=\\\"UOM\\\" type=\\\"xs:string\\\">\\r\\n                      <xs:annotation>\\r\\n                        <xs:appinfo>\\r\\n                          <b:fieldInfo sequence_number=\\\"4\\\" justification=\\\"left\\\" />\\r\\n                        </xs:appinfo>\\r\\n                      </xs:annotation>\\r\\n                    </xs:element>\\r\\n                    <xs:element name=\\\"Price\\\" type=\\\"xs:string\\\">\\r\\n                      <xs:annotation>\\r\\n                        <xs:appinfo>\\r\\n                          <b:fieldInfo sequence_number=\\\"5\\\" justification=\\\"left\\\" />\\r\\n                        </xs:appinfo>\\r\\n                      </xs:annotation>\\r\\n                    </xs:element>\\r\\n                    <xs:element name=\\\"ExtendedPrice\\\" type=\\\"xs:string\\\">\\r\\n                      <xs:annotation>\\r\\n                        <xs:appinfo>\\r\\n                          <b:fieldInfo sequence_number=\\\"6\\\" justification=\\\"left\\\" />\\r\\n                        </xs:appinfo>\\r\\n                      </xs:annotation>\\r\\n                    </xs:element>\\r\\n                    <xs:element name=\\\"Description\\\" type=\\\"xs:string\\\">\\r\\n                      <xs:annotation>\\r\\n                        <xs:appinfo>\\r\\n                          <b:fieldInfo sequence_number=\\\"7\\\" justification=\\\"left\\\" />\\r\\n                        </xs:appinfo>\\r\\n                      </xs:annotation>\\r\\n                    </xs:element>\\r\\n                  </xs:sequence>\\r\\n                </xs:complexType>\\r\\n              </xs:element>\\r\\n            </xs:sequence>\\r\\n          </xs:complexType>\\r\\n        </xs:element>\\r\\n      </xs:sequence>\\r\\n    </xs:complexType>\\r\\n  </xs:element>\\r\\n</xs:schema>\",\r\n    \"contentType\": \"application/xml\"\r\n  },\r\n  \"location\": \"westus\"\r\n}",
      "RequestHeaders": {
        "x-ms-client-request-id": [
          "14b11e1c-aaf0-41d5-97aa-faf4594bb026"
        ],
        "Accept-Language": [
          "en-US"
        ],
        "User-Agent": [
          "FxVersion/4.6.28207.04",
          "OSName/Windows",
          "OSVersion/Microsoft.Windows.10.0.18363.",
          "Microsoft.Azure.Management.Logic.LogicManagementClient/4.1.0.0"
        ],
        "Content-Type": [
          "application/json; charset=utf-8"
        ],
        "Content-Length": [
          "8620"
        ]
      },
      "ResponseHeaders": {
        "Cache-Control": [
          "no-cache"
        ],
        "Pragma": [
          "no-cache"
        ],
        "x-ms-request-id": [
          "westus:5be08337-7da6-4be0-b9a6-1998ab485d34"
        ],
        "Strict-Transport-Security": [
          "max-age=31536000; includeSubDomains"
        ],
        "x-ms-ratelimit-remaining-subscription-writes": [
          "1197"
        ],
        "x-ms-correlation-request-id": [
          "99a36c91-898a-474b-91df-77da3daaaeb2"
        ],
        "x-ms-routing-request-id": [
          "WESTUS:20191219T091614Z:99a36c91-898a-474b-91df-77da3daaaeb2"
        ],
        "X-Content-Type-Options": [
          "nosniff"
        ],
        "Date": [
          "Thu, 19 Dec 2019 09:16:13 GMT"
        ],
        "Content-Length": [
          "845"
        ],
        "Content-Type": [
          "application/json; charset=utf-8"
        ],
        "Expires": [
          "-1"
        ]
      },
      "ResponseBody": "{\r\n  \"properties\": {\r\n    \"schemaType\": \"Xml\",\r\n    \"targetNamespace\": \"http://Inbound_EDI.OrderFile\",\r\n    \"documentName\": \"OrderFile\",\r\n    \"contentLink\": {\r\n      \"uri\": \"https://prod-109.westus.logic.azure.com:443/integrationAccounts/4d155e913ab54c419a7896a55d35f016/schemas/IntegrationAccountSchema6076/contents/Value?api-version=2015-08-01-preview&se=2019-12-19T13%3A16%3A14.4895315Z&sp=%2Fschemas%2FIntegrationAccountSchema6076%2Fread&sv=1.0&sig=zE6Yh4eoL6Q8zLMXJ3386Y3DBAB3uCO5XspkwalYU8Q\",\r\n      \"contentSize\": 7901\r\n    },\r\n    \"createdTime\": \"2019-12-19T09:16:14.1556825Z\",\r\n    \"changedTime\": \"2019-12-19T09:16:14.1566423Z\"\r\n  },\r\n  \"id\": \"/subscriptions/80d4fe69-c95b-4dd2-a938-9250f1c8ab03/resourceGroups/flowrg/providers/Microsoft.Logic/integrationAccounts/IntegrationAccount7106/schemas/IntegrationAccountSchema6076\",\r\n  \"name\": \"IntegrationAccountSchema6076\",\r\n  \"type\": \"Microsoft.Logic/integrationAccounts/schemas\"\r\n}",
      "StatusCode": 201
    },
    {
      "RequestUri": "/subscriptions/80d4fe69-c95b-4dd2-a938-9250f1c8ab03/resourceGroups/flowrg/providers/Microsoft.Logic/integrationAccounts/IntegrationAccount7106?api-version=2019-05-01",
      "EncodedRequestUri": "L3N1YnNjcmlwdGlvbnMvODBkNGZlNjktYzk1Yi00ZGQyLWE5MzgtOTI1MGYxYzhhYjAzL3Jlc291cmNlR3JvdXBzL2Zsb3dyZy9wcm92aWRlcnMvTWljcm9zb2Z0LkxvZ2ljL2ludGVncmF0aW9uQWNjb3VudHMvSW50ZWdyYXRpb25BY2NvdW50NzEwNj9hcGktdmVyc2lvbj0yMDE5LTA1LTAx",
      "RequestMethod": "DELETE",
      "RequestBody": "",
      "RequestHeaders": {
        "x-ms-client-request-id": [
          "b4a8502c-e87d-4174-b9b4-4a187fe98de4"
        ],
        "Accept-Language": [
          "en-US"
        ],
        "User-Agent": [
          "FxVersion/4.6.28207.04",
          "OSName/Windows",
          "OSVersion/Microsoft.Windows.10.0.18363.",
          "Microsoft.Azure.Management.Logic.LogicManagementClient/4.1.0.0"
        ]
      },
      "ResponseHeaders": {
        "Cache-Control": [
          "no-cache"
        ],
        "Pragma": [
          "no-cache"
        ],
        "x-ms-request-id": [
          "westus:5439682d-f029-4d8e-ac12-ff722577885c"
        ],
        "Strict-Transport-Security": [
          "max-age=31536000; includeSubDomains"
        ],
        "x-ms-ratelimit-remaining-subscription-deletes": [
          "14999"
        ],
        "x-ms-correlation-request-id": [
          "909dae7e-258b-4c47-9e5a-a2cefb835470"
        ],
        "x-ms-routing-request-id": [
          "WESTUS:20191219T091614Z:909dae7e-258b-4c47-9e5a-a2cefb835470"
        ],
        "X-Content-Type-Options": [
          "nosniff"
        ],
        "Date": [
          "Thu, 19 Dec 2019 09:16:14 GMT"
        ],
        "Expires": [
          "-1"
        ],
        "Content-Length": [
          "0"
        ]
      },
      "ResponseBody": "",
      "StatusCode": 200
    },
    {
      "RequestUri": "/subscriptions/80d4fe69-c95b-4dd2-a938-9250f1c8ab03/resourceGroups/flowrg/providers/Microsoft.Logic/integrationAccounts/IntegrationAccount7106/schemas/IntegrationAccountSchema6076?api-version=2019-05-01",
      "EncodedRequestUri": "L3N1YnNjcmlwdGlvbnMvODBkNGZlNjktYzk1Yi00ZGQyLWE5MzgtOTI1MGYxYzhhYjAzL3Jlc291cmNlR3JvdXBzL2Zsb3dyZy9wcm92aWRlcnMvTWljcm9zb2Z0LkxvZ2ljL2ludGVncmF0aW9uQWNjb3VudHMvSW50ZWdyYXRpb25BY2NvdW50NzEwNi9zY2hlbWFzL0ludGVncmF0aW9uQWNjb3VudFNjaGVtYTYwNzY/YXBpLXZlcnNpb249MjAxOS0wNS0wMQ==",
      "RequestMethod": "GET",
      "RequestBody": "",
      "RequestHeaders": {
        "x-ms-client-request-id": [
          "a152a139-360c-4fc7-83d9-96289c6591a8"
        ],
        "Accept-Language": [
          "en-US"
        ],
        "User-Agent": [
          "FxVersion/4.6.28207.04",
          "OSName/Windows",
          "OSVersion/Microsoft.Windows.10.0.18363.",
          "Microsoft.Azure.Management.Logic.LogicManagementClient/4.1.0.0"
        ]
      },
      "ResponseHeaders": {
        "Cache-Control": [
          "no-cache"
        ],
        "Pragma": [
          "no-cache"
        ],
        "x-ms-failure-cause": [
          "gateway"
        ],
        "x-ms-request-id": [
          "ced70c6f-2496-4139-849b-b5fc05b869f0"
        ],
        "x-ms-correlation-request-id": [
          "ced70c6f-2496-4139-849b-b5fc05b869f0"
        ],
        "x-ms-routing-request-id": [
          "WESTUS:20191219T091614Z:ced70c6f-2496-4139-849b-b5fc05b869f0"
        ],
        "Strict-Transport-Security": [
          "max-age=31536000; includeSubDomains"
        ],
        "X-Content-Type-Options": [
          "nosniff"
        ],
        "Date": [
          "Thu, 19 Dec 2019 09:16:14 GMT"
        ],
        "Content-Type": [
          "application/json; charset=utf-8"
        ],
        "Expires": [
          "-1"
        ],
        "Content-Length": [
          "168"
        ]
      },
      "ResponseBody": "{\r\n  \"error\": {\r\n    \"code\": \"ResourceNotFound\",\r\n    \"message\": \"The Resource 'Microsoft.Logic/integrationAccounts/IntegrationAccount7106' under resource group 'flowrg' was not found.\"\r\n  }\r\n}",
      "StatusCode": 404
    }
  ],
  "Names": {
    "IntegrationAccountSchemas_DeleteWhenDeleteIntegrationAccount_OK": [
      "IntegrationAccount7106",
      "IntegrationAccountSchema6076"
    ]
  },
  "Variables": {
    "SubscriptionId": "80d4fe69-c95b-4dd2-a938-9250f1c8ab03"
  }
}