{
  "Entries": [
    {
      "RequestUri": "/subscriptions/24fb23e3-6ba3-41f0-9b6e-e41131d5d61e/providers/Microsoft.Compute/locations/SoutheastAsia/publishers/MicrosoftWindowsServer/artifacttypes/vmimage/offers/WindowsServer/skus/2012-R2-Datacenter/versions?$top=1&api-version=2016-04-30-preview",
      "EncodedRequestUri": "L3N1YnNjcmlwdGlvbnMvMjRmYjIzZTMtNmJhMy00MWYwLTliNmUtZTQxMTMxZDVkNjFlL3Byb3ZpZGVycy9NaWNyb3NvZnQuQ29tcHV0ZS9sb2NhdGlvbnMvU291dGhlYXN0QXNpYS9wdWJsaXNoZXJzL01pY3Jvc29mdFdpbmRvd3NTZXJ2ZXIvYXJ0aWZhY3R0eXBlcy92bWltYWdlL29mZmVycy9XaW5kb3dzU2VydmVyL3NrdXMvMjAxMi1SMi1EYXRhY2VudGVyL3ZlcnNpb25zPyR0b3A9MSZhcGktdmVyc2lvbj0yMDE2LTA0LTMwLXByZXZpZXc=",
      "RequestMethod": "GET",
      "RequestBody": "",
      "RequestHeaders": {
        "x-ms-client-request-id": [
          "67ba4984-2451-465e-91ea-c1128b9cbb47"
        ],
        "accept-language": [
          "en-US"
        ],
        "User-Agent": [
          "Microsoft.Azure.Management.Compute.ComputeManagementClient/1.0.0.0"
        ]
      },
      "ResponseBody": "[\r\n  {\r\n    \"location\": \"southeastasia\",\r\n    \"name\": \"4.0.20151120\",\r\n    \"id\": \"/Subscriptions/24fb23e3-6ba3-41f0-9b6e-e41131d5d61e/Providers/Microsoft.Compute/Locations/southeastasia/Publishers/MicrosoftWindowsServer/ArtifactTypes/VMImage/Offers/WindowsServer/Skus/2012-R2-Datacenter/Versions/4.0.20151120\"\r\n  }\r\n]",
      "ResponseHeaders": {
        "Content-Length": [
          "317"
        ],
        "Content-Type": [
          "application/json; charset=utf-8"
        ],
        "Expires": [
          "-1"
        ],
        "Pragma": [
          "no-cache"
        ],
        "Strict-Transport-Security": [
          "max-age=31536000; includeSubDomains"
        ],
        "x-ms-request-id": [
          "f5c416b8-6e32-4685-b9fe-3d9d7cd37bf8"
        ],
        "Cache-Control": [
          "no-cache"
        ],
        "Server": [
          "Microsoft-HTTPAPI/2.0",
          "Microsoft-HTTPAPI/2.0"
        ],
        "x-ms-ratelimit-remaining-subscription-reads": [
          "14999"
        ],
        "x-ms-correlation-request-id": [
          "36f09d2c-1e2b-4742-be27-875c5505fc5e"
        ],
        "x-ms-routing-request-id": [
          "CENTRALUS:20160922T034721Z:36f09d2c-1e2b-4742-be27-875c5505fc5e"
        ],
        "Date": [
          "Thu, 22 Sep 2016 03:47:21 GMT"
        ]
      },
      "StatusCode": 200
    },
    {
      "RequestUri": "/subscriptions/24fb23e3-6ba3-41f0-9b6e-e41131d5d61e/resourcegroups/crptestar6771?api-version=2015-11-01",
      "EncodedRequestUri": "L3N1YnNjcmlwdGlvbnMvMjRmYjIzZTMtNmJhMy00MWYwLTliNmUtZTQxMTMxZDVkNjFlL3Jlc291cmNlZ3JvdXBzL2NycHRlc3RhcjY3NzE/YXBpLXZlcnNpb249MjAxNS0xMS0wMQ==",
      "RequestMethod": "PUT",
      "RequestBody": "{\r\n  \"location\": \"SoutheastAsia\",\r\n  \"tags\": {\r\n    \"crptestar6771\": \"2016-09-22 03:47:22Z\"\r\n  }\r\n}",
      "RequestHeaders": {
        "Content-Type": [
          "application/json; charset=utf-8"
        ],
        "Content-Length": [
          "99"
        ],
        "x-ms-client-request-id": [
          "cd406b4c-2de9-4e26-874a-ee91c05d1d6b"
        ],
        "accept-language": [
          "en-US"
        ],
        "User-Agent": [
          "Microsoft.Azure.Management.Resources.ResourceManagementClient/3.0.0.0"
        ]
      },
      "ResponseBody": "{\r\n  \"id\": \"/subscriptions/24fb23e3-6ba3-41f0-9b6e-e41131d5d61e/resourceGroups/crptestar6771\",\r\n  \"name\": \"crptestar6771\",\r\n  \"location\": \"southeastasia\",\r\n  \"tags\": {\r\n    \"crptestar6771\": \"2016-09-22 03:47:22Z\"\r\n  },\r\n  \"properties\": {\r\n    \"provisioningState\": \"Succeeded\"\r\n  }\r\n}",
      "ResponseHeaders": {
        "Content-Length": [
          "234"
        ],
        "Content-Type": [
          "application/json; charset=utf-8"
        ],
        "Expires": [
          "-1"
        ],
        "Pragma": [
          "no-cache"
        ],
        "x-ms-ratelimit-remaining-subscription-writes": [
          "1199"
        ],
        "x-ms-request-id": [
          "55ec3485-ca29-4639-8f20-ff94f7e09691"
        ],
        "x-ms-correlation-request-id": [
          "55ec3485-ca29-4639-8f20-ff94f7e09691"
        ],
        "x-ms-routing-request-id": [
          "CENTRALUS:20160922T034725Z:55ec3485-ca29-4639-8f20-ff94f7e09691"
        ],
        "Strict-Transport-Security": [
          "max-age=31536000; includeSubDomains"
        ],
        "Cache-Control": [
          "no-cache"
        ],
        "Date": [
          "Thu, 22 Sep 2016 03:47:25 GMT"
        ]
      },
      "StatusCode": 201
    },
    {
      "RequestUri": "/subscriptions/24fb23e3-6ba3-41f0-9b6e-e41131d5d61e/resourceGroups/crptestar6771/providers/Microsoft.Network/publicIPAddresses/pip2265?api-version=2017-03-01",
      "EncodedRequestUri": "L3N1YnNjcmlwdGlvbnMvMjRmYjIzZTMtNmJhMy00MWYwLTliNmUtZTQxMTMxZDVkNjFlL3Jlc291cmNlR3JvdXBzL2NycHRlc3RhcjY3NzEvcHJvdmlkZXJzL01pY3Jvc29mdC5OZXR3b3JrL3B1YmxpY0lQQWRkcmVzc2VzL3BpcDIyNjU/YXBpLXZlcnNpb249MjAxNy0wMy0wMQ==",
      "RequestMethod": "PUT",
      "RequestBody": "{\r\n  \"location\": \"SoutheastAsia\",\r\n  \"tags\": {\r\n    \"key\": \"value\"\r\n  },\r\n  \"properties\": {\r\n    \"publicIPAllocationMethod\": \"Dynamic\",\r\n    \"dnsSettings\": {\r\n      \"domainNameLabel\": \"dn3148\"\r\n    }\r\n  }\r\n}",
      "RequestHeaders": {
        "Content-Type": [
          "application/json; charset=utf-8"
        ],
        "Content-Length": [
          "207"
        ],
        "x-ms-client-request-id": [
          "248cad64-d1f6-4c30-bc78-73c5d3bde218"
        ],
        "accept-language": [
          "en-US"
        ],
        "User-Agent": [
          "Microsoft.Azure.Management.Network.NetworkManagementClient/3.0.0.0"
        ]
      },
      "ResponseBody": "{\r\n  \"name\": \"pip2265\",\r\n  \"id\": \"/subscriptions/24fb23e3-6ba3-41f0-9b6e-e41131d5d61e/resourceGroups/crptestar6771/providers/Microsoft.Network/publicIPAddresses/pip2265\",\r\n  \"etag\": \"W/\\\"fa3af062-eb96-48fc-bf87-c1e0906c37c6\\\"\",\r\n  \"type\": \"Microsoft.Network/publicIPAddresses\",\r\n  \"location\": \"southeastasia\",\r\n  \"tags\": {\r\n    \"key\": \"value\"\r\n  },\r\n  \"properties\": {\r\n    \"provisioningState\": \"Updating\",\r\n    \"resourceGuid\": \"b9a5018b-78eb-418b-bd8a-8d1d2dc760a9\",\r\n    \"publicIPAllocationMethod\": \"Dynamic\",\r\n    \"idleTimeoutInMinutes\": 4,\r\n    \"dnsSettings\": {\r\n      \"domainNameLabel\": \"dn3148\",\r\n      \"fqdn\": \"dn3148.southeastasia.cloudapp.azure.com\"\r\n    }\r\n  }\r\n}",
      "ResponseHeaders": {
        "Content-Length": [
          "672"
        ],
        "Content-Type": [
          "application/json; charset=utf-8"
        ],
        "Expires": [
          "-1"
        ],
        "Pragma": [
          "no-cache"
        ],
        "Retry-After": [
          "10"
        ],
        "x-ms-request-id": [
          "a0947abc-4d83-40ff-b67e-fc6cca95679b"
        ],
        "Azure-AsyncOperation": [
          "https://management.azure.com/subscriptions/24fb23e3-6ba3-41f0-9b6e-e41131d5d61e/providers/Microsoft.Network/locations/southeastasia/operations/a0947abc-4d83-40ff-b67e-fc6cca95679b?api-version=2017-03-01"
        ],
        "Strict-Transport-Security": [
          "max-age=31536000; includeSubDomains"
        ],
        "Cache-Control": [
          "no-cache"
        ],
        "Server": [
          "Microsoft-HTTPAPI/2.0",
          "Microsoft-HTTPAPI/2.0"
        ],
        "x-ms-ratelimit-remaining-subscription-writes": [
          "1199"
        ],
        "x-ms-correlation-request-id": [
          "a3e89348-522b-4cd9-b001-5955e1040b5f"
        ],
        "x-ms-routing-request-id": [
          "CENTRALUS:20160922T034732Z:a3e89348-522b-4cd9-b001-5955e1040b5f"
        ],
        "Date": [
          "Thu, 22 Sep 2016 03:47:32 GMT"
        ]
      },
      "StatusCode": 201
    },
    {
      "RequestUri": "/subscriptions/24fb23e3-6ba3-41f0-9b6e-e41131d5d61e/providers/Microsoft.Network/locations/southeastasia/operations/a0947abc-4d83-40ff-b67e-fc6cca95679b?api-version=2017-03-01",
      "EncodedRequestUri": "L3N1YnNjcmlwdGlvbnMvMjRmYjIzZTMtNmJhMy00MWYwLTliNmUtZTQxMTMxZDVkNjFlL3Byb3ZpZGVycy9NaWNyb3NvZnQuTmV0d29yay9sb2NhdGlvbnMvc291dGhlYXN0YXNpYS9vcGVyYXRpb25zL2EwOTQ3YWJjLTRkODMtNDBmZi1iNjdlLWZjNmNjYTk1Njc5Yj9hcGktdmVyc2lvbj0yMDE3LTAzLTAx",
      "RequestMethod": "GET",
      "RequestBody": "",
      "RequestHeaders": {
        "User-Agent": [
          "Microsoft.Azure.Management.Network.NetworkManagementClient/3.0.0.0"
        ]
      },
      "ResponseBody": "{\r\n  \"status\": \"Succeeded\"\r\n}",
      "ResponseHeaders": {
        "Content-Length": [
          "29"
        ],
        "Content-Type": [
          "application/json; charset=utf-8"
        ],
        "Expires": [
          "-1"
        ],
        "Pragma": [
          "no-cache"
        ],
        "x-ms-request-id": [
          "63e8867d-559e-4915-9cbe-6c8ec24d09de"
        ],
        "Strict-Transport-Security": [
          "max-age=31536000; includeSubDomains"
        ],
        "Cache-Control": [
          "no-cache"
        ],
        "Server": [
          "Microsoft-HTTPAPI/2.0",
          "Microsoft-HTTPAPI/2.0"
        ],
        "x-ms-ratelimit-remaining-subscription-reads": [
          "14999"
        ],
        "x-ms-correlation-request-id": [
          "2c6ce6aa-2564-49b6-b6f6-0f6a9924f6c1"
        ],
        "x-ms-routing-request-id": [
          "CENTRALUS:20160922T034803Z:2c6ce6aa-2564-49b6-b6f6-0f6a9924f6c1"
        ],
        "Date": [
          "Thu, 22 Sep 2016 03:48:03 GMT"
        ]
      },
      "StatusCode": 200
    },
    {
      "RequestUri": "/subscriptions/24fb23e3-6ba3-41f0-9b6e-e41131d5d61e/resourceGroups/crptestar6771/providers/Microsoft.Network/publicIPAddresses/pip2265?api-version=2017-03-01",
      "EncodedRequestUri": "L3N1YnNjcmlwdGlvbnMvMjRmYjIzZTMtNmJhMy00MWYwLTliNmUtZTQxMTMxZDVkNjFlL3Jlc291cmNlR3JvdXBzL2NycHRlc3RhcjY3NzEvcHJvdmlkZXJzL01pY3Jvc29mdC5OZXR3b3JrL3B1YmxpY0lQQWRkcmVzc2VzL3BpcDIyNjU/YXBpLXZlcnNpb249MjAxNy0wMy0wMQ==",
      "RequestMethod": "GET",
      "RequestBody": "",
      "RequestHeaders": {
        "User-Agent": [
          "Microsoft.Azure.Management.Network.NetworkManagementClient/3.0.0.0"
        ]
      },
      "ResponseBody": "{\r\n  \"name\": \"pip2265\",\r\n  \"id\": \"/subscriptions/24fb23e3-6ba3-41f0-9b6e-e41131d5d61e/resourceGroups/crptestar6771/providers/Microsoft.Network/publicIPAddresses/pip2265\",\r\n  \"etag\": \"W/\\\"2d2abe31-f0b4-42a8-945a-a5cfccd528c2\\\"\",\r\n  \"type\": \"Microsoft.Network/publicIPAddresses\",\r\n  \"location\": \"southeastasia\",\r\n  \"tags\": {\r\n    \"key\": \"value\"\r\n  },\r\n  \"properties\": {\r\n    \"provisioningState\": \"Succeeded\",\r\n    \"resourceGuid\": \"b9a5018b-78eb-418b-bd8a-8d1d2dc760a9\",\r\n    \"publicIPAllocationMethod\": \"Dynamic\",\r\n    \"idleTimeoutInMinutes\": 4,\r\n    \"dnsSettings\": {\r\n      \"domainNameLabel\": \"dn3148\",\r\n      \"fqdn\": \"dn3148.southeastasia.cloudapp.azure.com\"\r\n    }\r\n  }\r\n}",
      "ResponseHeaders": {
        "Content-Length": [
          "673"
        ],
        "Content-Type": [
          "application/json; charset=utf-8"
        ],
        "Expires": [
          "-1"
        ],
        "Pragma": [
          "no-cache"
        ],
        "x-ms-request-id": [
          "38ed0593-83af-4265-8b7b-cee223f2c006"
        ],
        "Strict-Transport-Security": [
          "max-age=31536000; includeSubDomains"
        ],
        "Cache-Control": [
          "no-cache"
        ],
        "ETag": [
          "W/\"2d2abe31-f0b4-42a8-945a-a5cfccd528c2\""
        ],
        "Server": [
          "Microsoft-HTTPAPI/2.0",
          "Microsoft-HTTPAPI/2.0"
        ],
        "x-ms-ratelimit-remaining-subscription-reads": [
          "14998"
        ],
        "x-ms-correlation-request-id": [
          "933a20ef-c52d-4601-901d-20295fc3d9eb"
        ],
        "x-ms-routing-request-id": [
          "CENTRALUS:20160922T034804Z:933a20ef-c52d-4601-901d-20295fc3d9eb"
        ],
        "Date": [
          "Thu, 22 Sep 2016 03:48:03 GMT"
        ]
      },
      "StatusCode": 200
    },
    {
      "RequestUri": "/subscriptions/24fb23e3-6ba3-41f0-9b6e-e41131d5d61e/resourceGroups/crptestar6771/providers/Microsoft.Network/publicIPAddresses/pip2265?api-version=2017-03-01",
      "EncodedRequestUri": "L3N1YnNjcmlwdGlvbnMvMjRmYjIzZTMtNmJhMy00MWYwLTliNmUtZTQxMTMxZDVkNjFlL3Jlc291cmNlR3JvdXBzL2NycHRlc3RhcjY3NzEvcHJvdmlkZXJzL01pY3Jvc29mdC5OZXR3b3JrL3B1YmxpY0lQQWRkcmVzc2VzL3BpcDIyNjU/YXBpLXZlcnNpb249MjAxNy0wMy0wMQ==",
      "RequestMethod": "GET",
      "RequestBody": "",
      "RequestHeaders": {
        "x-ms-client-request-id": [
          "7a8edc62-3a25-4ca9-9e8d-8f82770c0d55"
        ],
        "accept-language": [
          "en-US"
        ],
        "User-Agent": [
          "Microsoft.Azure.Management.Network.NetworkManagementClient/3.0.0.0"
        ]
      },
      "ResponseBody": "{\r\n  \"name\": \"pip2265\",\r\n  \"id\": \"/subscriptions/24fb23e3-6ba3-41f0-9b6e-e41131d5d61e/resourceGroups/crptestar6771/providers/Microsoft.Network/publicIPAddresses/pip2265\",\r\n  \"etag\": \"W/\\\"2d2abe31-f0b4-42a8-945a-a5cfccd528c2\\\"\",\r\n  \"type\": \"Microsoft.Network/publicIPAddresses\",\r\n  \"location\": \"southeastasia\",\r\n  \"tags\": {\r\n    \"key\": \"value\"\r\n  },\r\n  \"properties\": {\r\n    \"provisioningState\": \"Succeeded\",\r\n    \"resourceGuid\": \"b9a5018b-78eb-418b-bd8a-8d1d2dc760a9\",\r\n    \"publicIPAllocationMethod\": \"Dynamic\",\r\n    \"idleTimeoutInMinutes\": 4,\r\n    \"dnsSettings\": {\r\n      \"domainNameLabel\": \"dn3148\",\r\n      \"fqdn\": \"dn3148.southeastasia.cloudapp.azure.com\"\r\n    }\r\n  }\r\n}",
      "ResponseHeaders": {
        "Content-Length": [
          "673"
        ],
        "Content-Type": [
          "application/json; charset=utf-8"
        ],
        "Expires": [
          "-1"
        ],
        "Pragma": [
          "no-cache"
        ],
        "x-ms-request-id": [
          "358a6a31-d8aa-4ca2-a694-5a6f6d23cd25"
        ],
        "Strict-Transport-Security": [
          "max-age=31536000; includeSubDomains"
        ],
        "Cache-Control": [
          "no-cache"
        ],
        "ETag": [
          "W/\"2d2abe31-f0b4-42a8-945a-a5cfccd528c2\""
        ],
        "Server": [
          "Microsoft-HTTPAPI/2.0",
          "Microsoft-HTTPAPI/2.0"
        ],
        "x-ms-ratelimit-remaining-subscription-reads": [
          "14997"
        ],
        "x-ms-correlation-request-id": [
          "59825d51-b806-4a08-a430-039f2b9399d8"
        ],
        "x-ms-routing-request-id": [
          "CENTRALUS:20160922T034804Z:59825d51-b806-4a08-a430-039f2b9399d8"
        ],
        "Date": [
          "Thu, 22 Sep 2016 03:48:04 GMT"
        ]
      },
      "StatusCode": 200
    },
    {
      "RequestUri": "/subscriptions/24fb23e3-6ba3-41f0-9b6e-e41131d5d61e/resourceGroups/crptestar6771/providers/Microsoft.Network/virtualNetworks/vn2916?api-version=2017-03-01",
      "EncodedRequestUri": "L3N1YnNjcmlwdGlvbnMvMjRmYjIzZTMtNmJhMy00MWYwLTliNmUtZTQxMTMxZDVkNjFlL3Jlc291cmNlR3JvdXBzL2NycHRlc3RhcjY3NzEvcHJvdmlkZXJzL01pY3Jvc29mdC5OZXR3b3JrL3ZpcnR1YWxOZXR3b3Jrcy92bjI5MTY/YXBpLXZlcnNpb249MjAxNy0wMy0wMQ==",
      "RequestMethod": "PUT",
      "RequestBody": "{\r\n  \"location\": \"SoutheastAsia\",\r\n  \"properties\": {\r\n    \"addressSpace\": {\r\n      \"addressPrefixes\": [\r\n        \"10.0.0.0/16\"\r\n      ]\r\n    },\r\n    \"subnets\": [\r\n      {\r\n        \"name\": \"sn7781\",\r\n        \"properties\": {\r\n          \"addressPrefix\": \"10.0.0.0/24\"\r\n        }\r\n      }\r\n    ]\r\n  }\r\n}",
      "RequestHeaders": {
        "Content-Type": [
          "application/json; charset=utf-8"
        ],
        "Content-Length": [
          "299"
        ],
        "x-ms-client-request-id": [
          "8527dabb-e930-4922-bb7c-0408403ca8eb"
        ],
        "accept-language": [
          "en-US"
        ],
        "User-Agent": [
          "Microsoft.Azure.Management.Network.NetworkManagementClient/3.0.0.0"
        ]
      },
      "ResponseBody": "{\r\n  \"name\": \"vn2916\",\r\n  \"id\": \"/subscriptions/24fb23e3-6ba3-41f0-9b6e-e41131d5d61e/resourceGroups/crptestar6771/providers/Microsoft.Network/virtualNetworks/vn2916\",\r\n  \"etag\": \"W/\\\"0e8c3c0b-c2cc-4a05-bad0-dabd5250532b\\\"\",\r\n  \"type\": \"Microsoft.Network/virtualNetworks\",\r\n  \"location\": \"southeastasia\",\r\n  \"properties\": {\r\n    \"provisioningState\": \"Updating\",\r\n    \"resourceGuid\": \"8e6fc43c-2e0c-4d1c-a05b-fed9f07b10b7\",\r\n    \"addressSpace\": {\r\n      \"addressPrefixes\": [\r\n        \"10.0.0.0/16\"\r\n      ]\r\n    },\r\n    \"subnets\": [\r\n      {\r\n        \"name\": \"sn7781\",\r\n        \"id\": \"/subscriptions/24fb23e3-6ba3-41f0-9b6e-e41131d5d61e/resourceGroups/crptestar6771/providers/Microsoft.Network/virtualNetworks/vn2916/subnets/sn7781\",\r\n        \"etag\": \"W/\\\"0e8c3c0b-c2cc-4a05-bad0-dabd5250532b\\\"\",\r\n        \"properties\": {\r\n          \"provisioningState\": \"Updating\",\r\n          \"addressPrefix\": \"10.0.0.0/24\"\r\n        }\r\n      }\r\n    ]\r\n  }\r\n}",
      "ResponseHeaders": {
        "Content-Length": [
          "940"
        ],
        "Content-Type": [
          "application/json; charset=utf-8"
        ],
        "Expires": [
          "-1"
        ],
        "Pragma": [
          "no-cache"
        ],
        "Retry-After": [
          "10"
        ],
        "x-ms-request-id": [
          "393cefed-f783-4c10-9d9f-95056de294cf"
        ],
        "Azure-AsyncOperation": [
          "https://management.azure.com/subscriptions/24fb23e3-6ba3-41f0-9b6e-e41131d5d61e/providers/Microsoft.Network/locations/southeastasia/operations/393cefed-f783-4c10-9d9f-95056de294cf?api-version=2017-03-01"
        ],
        "Strict-Transport-Security": [
          "max-age=31536000; includeSubDomains"
        ],
        "Cache-Control": [
          "no-cache"
        ],
        "Server": [
          "Microsoft-HTTPAPI/2.0",
          "Microsoft-HTTPAPI/2.0"
        ],
        "x-ms-ratelimit-remaining-subscription-writes": [
          "1198"
        ],
        "x-ms-correlation-request-id": [
          "3697bdfa-13f3-444b-9a64-09a8bd83115c"
        ],
        "x-ms-routing-request-id": [
          "CENTRALUS:20160922T034808Z:3697bdfa-13f3-444b-9a64-09a8bd83115c"
        ],
        "Date": [
          "Thu, 22 Sep 2016 03:48:07 GMT"
        ]
      },
      "StatusCode": 201
    },
    {
      "RequestUri": "/subscriptions/24fb23e3-6ba3-41f0-9b6e-e41131d5d61e/providers/Microsoft.Network/locations/southeastasia/operations/393cefed-f783-4c10-9d9f-95056de294cf?api-version=2017-03-01",
      "EncodedRequestUri": "L3N1YnNjcmlwdGlvbnMvMjRmYjIzZTMtNmJhMy00MWYwLTliNmUtZTQxMTMxZDVkNjFlL3Byb3ZpZGVycy9NaWNyb3NvZnQuTmV0d29yay9sb2NhdGlvbnMvc291dGhlYXN0YXNpYS9vcGVyYXRpb25zLzM5M2NlZmVkLWY3ODMtNGMxMC05ZDlmLTk1MDU2ZGUyOTRjZj9hcGktdmVyc2lvbj0yMDE3LTAzLTAx",
      "RequestMethod": "GET",
      "RequestBody": "",
      "RequestHeaders": {
        "User-Agent": [
          "Microsoft.Azure.Management.Network.NetworkManagementClient/3.0.0.0"
        ]
      },
      "ResponseBody": "{\r\n  \"status\": \"Succeeded\"\r\n}",
      "ResponseHeaders": {
        "Content-Length": [
          "29"
        ],
        "Content-Type": [
          "application/json; charset=utf-8"
        ],
        "Expires": [
          "-1"
        ],
        "Pragma": [
          "no-cache"
        ],
        "x-ms-request-id": [
          "ad380535-cbeb-4443-8476-cf4429d4a08c"
        ],
        "Strict-Transport-Security": [
          "max-age=31536000; includeSubDomains"
        ],
        "Cache-Control": [
          "no-cache"
        ],
        "Server": [
          "Microsoft-HTTPAPI/2.0",
          "Microsoft-HTTPAPI/2.0"
        ],
        "x-ms-ratelimit-remaining-subscription-reads": [
          "14996"
        ],
        "x-ms-correlation-request-id": [
          "8ec76cfa-a9f6-4355-9dab-3179c00d7849"
        ],
        "x-ms-routing-request-id": [
          "CENTRALUS:20160922T034839Z:8ec76cfa-a9f6-4355-9dab-3179c00d7849"
        ],
        "Date": [
          "Thu, 22 Sep 2016 03:48:38 GMT"
        ]
      },
      "StatusCode": 200
    },
    {
      "RequestUri": "/subscriptions/24fb23e3-6ba3-41f0-9b6e-e41131d5d61e/resourceGroups/crptestar6771/providers/Microsoft.Network/virtualNetworks/vn2916?api-version=2017-03-01",
      "EncodedRequestUri": "L3N1YnNjcmlwdGlvbnMvMjRmYjIzZTMtNmJhMy00MWYwLTliNmUtZTQxMTMxZDVkNjFlL3Jlc291cmNlR3JvdXBzL2NycHRlc3RhcjY3NzEvcHJvdmlkZXJzL01pY3Jvc29mdC5OZXR3b3JrL3ZpcnR1YWxOZXR3b3Jrcy92bjI5MTY/YXBpLXZlcnNpb249MjAxNy0wMy0wMQ==",
      "RequestMethod": "GET",
      "RequestBody": "",
      "RequestHeaders": {
        "User-Agent": [
          "Microsoft.Azure.Management.Network.NetworkManagementClient/3.0.0.0"
        ]
      },
      "ResponseBody": "{\r\n  \"name\": \"vn2916\",\r\n  \"id\": \"/subscriptions/24fb23e3-6ba3-41f0-9b6e-e41131d5d61e/resourceGroups/crptestar6771/providers/Microsoft.Network/virtualNetworks/vn2916\",\r\n  \"etag\": \"W/\\\"a8b9d9fd-ede0-4d06-88a3-d2b857e42136\\\"\",\r\n  \"type\": \"Microsoft.Network/virtualNetworks\",\r\n  \"location\": \"southeastasia\",\r\n  \"properties\": {\r\n    \"provisioningState\": \"Succeeded\",\r\n    \"resourceGuid\": \"8e6fc43c-2e0c-4d1c-a05b-fed9f07b10b7\",\r\n    \"addressSpace\": {\r\n      \"addressPrefixes\": [\r\n        \"10.0.0.0/16\"\r\n      ]\r\n    },\r\n    \"subnets\": [\r\n      {\r\n        \"name\": \"sn7781\",\r\n        \"id\": \"/subscriptions/24fb23e3-6ba3-41f0-9b6e-e41131d5d61e/resourceGroups/crptestar6771/providers/Microsoft.Network/virtualNetworks/vn2916/subnets/sn7781\",\r\n        \"etag\": \"W/\\\"a8b9d9fd-ede0-4d06-88a3-d2b857e42136\\\"\",\r\n        \"properties\": {\r\n          \"provisioningState\": \"Succeeded\",\r\n          \"addressPrefix\": \"10.0.0.0/24\"\r\n        }\r\n      }\r\n    ]\r\n  }\r\n}",
      "ResponseHeaders": {
        "Content-Length": [
          "942"
        ],
        "Content-Type": [
          "application/json; charset=utf-8"
        ],
        "Expires": [
          "-1"
        ],
        "Pragma": [
          "no-cache"
        ],
        "x-ms-request-id": [
          "7a5be3e7-0f88-4219-a478-68cd249aa965"
        ],
        "Strict-Transport-Security": [
          "max-age=31536000; includeSubDomains"
        ],
        "Cache-Control": [
          "no-cache"
        ],
        "ETag": [
          "W/\"a8b9d9fd-ede0-4d06-88a3-d2b857e42136\""
        ],
        "Server": [
          "Microsoft-HTTPAPI/2.0",
          "Microsoft-HTTPAPI/2.0"
        ],
        "x-ms-ratelimit-remaining-subscription-reads": [
          "14995"
        ],
        "x-ms-correlation-request-id": [
          "f4dcf7ca-b1d3-4b1a-85fe-6bdf9490d852"
        ],
        "x-ms-routing-request-id": [
          "CENTRALUS:20160922T034839Z:f4dcf7ca-b1d3-4b1a-85fe-6bdf9490d852"
        ],
        "Date": [
          "Thu, 22 Sep 2016 03:48:38 GMT"
        ]
      },
      "StatusCode": 200
    },
    {
      "RequestUri": "/subscriptions/24fb23e3-6ba3-41f0-9b6e-e41131d5d61e/resourceGroups/crptestar6771/providers/Microsoft.Network/virtualNetworks/vn2916/subnets/sn7781?api-version=2017-03-01",
      "EncodedRequestUri": "L3N1YnNjcmlwdGlvbnMvMjRmYjIzZTMtNmJhMy00MWYwLTliNmUtZTQxMTMxZDVkNjFlL3Jlc291cmNlR3JvdXBzL2NycHRlc3RhcjY3NzEvcHJvdmlkZXJzL01pY3Jvc29mdC5OZXR3b3JrL3ZpcnR1YWxOZXR3b3Jrcy92bjI5MTYvc3VibmV0cy9zbjc3ODE/YXBpLXZlcnNpb249MjAxNy0wMy0wMQ==",
      "RequestMethod": "GET",
      "RequestBody": "",
      "RequestHeaders": {
        "x-ms-client-request-id": [
          "a9873cfe-fcca-4bc2-ada0-eaa161bb0491"
        ],
        "accept-language": [
          "en-US"
        ],
        "User-Agent": [
          "Microsoft.Azure.Management.Network.NetworkManagementClient/3.0.0.0"
        ]
      },
      "ResponseBody": "{\r\n  \"name\": \"sn7781\",\r\n  \"id\": \"/subscriptions/24fb23e3-6ba3-41f0-9b6e-e41131d5d61e/resourceGroups/crptestar6771/providers/Microsoft.Network/virtualNetworks/vn2916/subnets/sn7781\",\r\n  \"etag\": \"W/\\\"a8b9d9fd-ede0-4d06-88a3-d2b857e42136\\\"\",\r\n  \"properties\": {\r\n    \"provisioningState\": \"Succeeded\",\r\n    \"addressPrefix\": \"10.0.0.0/24\"\r\n  }\r\n}",
      "ResponseHeaders": {
        "Content-Length": [
          "340"
        ],
        "Content-Type": [
          "application/json; charset=utf-8"
        ],
        "Expires": [
          "-1"
        ],
        "Pragma": [
          "no-cache"
        ],
        "x-ms-request-id": [
          "209ad40a-40f8-4a14-ba79-98f17582313a"
        ],
        "Strict-Transport-Security": [
          "max-age=31536000; includeSubDomains"
        ],
        "Cache-Control": [
          "no-cache"
        ],
        "ETag": [
          "W/\"a8b9d9fd-ede0-4d06-88a3-d2b857e42136\""
        ],
        "Server": [
          "Microsoft-HTTPAPI/2.0",
          "Microsoft-HTTPAPI/2.0"
        ],
        "x-ms-ratelimit-remaining-subscription-reads": [
          "14994"
        ],
        "x-ms-correlation-request-id": [
          "caad65ff-d6c9-48d3-8821-426804991776"
        ],
        "x-ms-routing-request-id": [
          "CENTRALUS:20160922T034839Z:caad65ff-d6c9-48d3-8821-426804991776"
        ],
        "Date": [
          "Thu, 22 Sep 2016 03:48:39 GMT"
        ]
      },
      "StatusCode": 200
    },
    {
      "RequestUri": "/subscriptions/24fb23e3-6ba3-41f0-9b6e-e41131d5d61e/resourceGroups/crptestar6771/providers/Microsoft.Network/networkInterfaces/nic3338?api-version=2017-03-01",
      "EncodedRequestUri": "L3N1YnNjcmlwdGlvbnMvMjRmYjIzZTMtNmJhMy00MWYwLTliNmUtZTQxMTMxZDVkNjFlL3Jlc291cmNlR3JvdXBzL2NycHRlc3RhcjY3NzEvcHJvdmlkZXJzL01pY3Jvc29mdC5OZXR3b3JrL25ldHdvcmtJbnRlcmZhY2VzL25pYzMzMzg/YXBpLXZlcnNpb249MjAxNy0wMy0wMQ==",
      "RequestMethod": "PUT",
      "RequestBody": "{\r\n  \"location\": \"SoutheastAsia\",\r\n  \"tags\": {\r\n    \"key\": \"value\"\r\n  },\r\n  \"properties\": {\r\n    \"ipConfigurations\": [\r\n      {\r\n        \"name\": \"ip9759\",\r\n        \"properties\": {\r\n          \"privateIPAllocationMethod\": \"Dynamic\",\r\n          \"subnet\": {\r\n            \"name\": \"sn7781\",\r\n            \"etag\": \"W/\\\"a8b9d9fd-ede0-4d06-88a3-d2b857e42136\\\"\",\r\n            \"id\": \"/subscriptions/24fb23e3-6ba3-41f0-9b6e-e41131d5d61e/resourceGroups/crptestar6771/providers/Microsoft.Network/virtualNetworks/vn2916/subnets/sn7781\",\r\n            \"properties\": {\r\n              \"addressPrefix\": \"10.0.0.0/24\",\r\n              \"provisioningState\": \"Succeeded\"\r\n            }\r\n          }\r\n        }\r\n      }\r\n    ]\r\n  }\r\n}",
      "RequestHeaders": {
        "Content-Type": [
          "application/json; charset=utf-8"
        ],
        "Content-Length": [
          "707"
        ],
        "x-ms-client-request-id": [
          "3acb1b03-ea65-4443-bca2-b7e60684be52"
        ],
        "accept-language": [
          "en-US"
        ],
        "User-Agent": [
          "Microsoft.Azure.Management.Network.NetworkManagementClient/3.0.0.0"
        ]
      },
      "ResponseBody": "{\r\n  \"name\": \"nic3338\",\r\n  \"id\": \"/subscriptions/24fb23e3-6ba3-41f0-9b6e-e41131d5d61e/resourceGroups/crptestar6771/providers/Microsoft.Network/networkInterfaces/nic3338\",\r\n  \"etag\": \"W/\\\"8b903bd7-a398-4f0f-984a-f4c3c9b1e9b8\\\"\",\r\n  \"location\": \"southeastasia\",\r\n  \"tags\": {\r\n    \"key\": \"value\"\r\n  },\r\n  \"properties\": {\r\n    \"provisioningState\": \"Succeeded\",\r\n    \"resourceGuid\": \"24d357ea-57b7-42cb-a6fa-31161f383792\",\r\n    \"ipConfigurations\": [\r\n      {\r\n        \"name\": \"ip9759\",\r\n        \"id\": \"/subscriptions/24fb23e3-6ba3-41f0-9b6e-e41131d5d61e/resourceGroups/crptestar6771/providers/Microsoft.Network/networkInterfaces/nic3338/ipConfigurations/ip9759\",\r\n        \"etag\": \"W/\\\"8b903bd7-a398-4f0f-984a-f4c3c9b1e9b8\\\"\",\r\n        \"properties\": {\r\n          \"provisioningState\": \"Succeeded\",\r\n          \"privateIPAddress\": \"10.0.0.4\",\r\n          \"privateIPAllocationMethod\": \"Dynamic\",\r\n          \"subnet\": {\r\n            \"id\": \"/subscriptions/24fb23e3-6ba3-41f0-9b6e-e41131d5d61e/resourceGroups/crptestar6771/providers/Microsoft.Network/virtualNetworks/vn2916/subnets/sn7781\"\r\n          },\r\n          \"primary\": true\r\n        }\r\n      }\r\n    ],\r\n    \"dnsSettings\": {\r\n      \"dnsServers\": [],\r\n      \"appliedDnsServers\": []\r\n    },\r\n    \"enableIPForwarding\": false\r\n  },\r\n  \"type\": \"Microsoft.Network/networkInterfaces\"\r\n}",
      "ResponseHeaders": {
        "Content-Length": [
          "1321"
        ],
        "Content-Type": [
          "application/json; charset=utf-8"
        ],
        "Expires": [
          "-1"
        ],
        "Pragma": [
          "no-cache"
        ],
        "x-ms-request-id": [
          "b3e5bcca-6047-432c-9abc-0ec1597b463a"
        ],
        "Azure-AsyncOperation": [
          "https://management.azure.com/subscriptions/24fb23e3-6ba3-41f0-9b6e-e41131d5d61e/providers/Microsoft.Network/locations/southeastasia/operations/b3e5bcca-6047-432c-9abc-0ec1597b463a?api-version=2017-03-01"
        ],
        "Strict-Transport-Security": [
          "max-age=31536000; includeSubDomains"
        ],
        "Cache-Control": [
          "no-cache"
        ],
        "Server": [
          "Microsoft-HTTPAPI/2.0",
          "Microsoft-HTTPAPI/2.0"
        ],
        "x-ms-ratelimit-remaining-subscription-writes": [
          "1197"
        ],
        "x-ms-correlation-request-id": [
          "8ada6f6d-fcc7-49c7-8fa1-65c0ec2d1c98"
        ],
        "x-ms-routing-request-id": [
          "CENTRALUS:20160922T034844Z:8ada6f6d-fcc7-49c7-8fa1-65c0ec2d1c98"
        ],
        "Date": [
          "Thu, 22 Sep 2016 03:48:43 GMT"
        ]
      },
      "StatusCode": 201
    },
	{
      "RequestUri": "/subscriptions/24fb23e3-6ba3-41f0-9b6e-e41131d5d61e/resourceGroups/crptestar6771/providers/Microsoft.Network/networkInterfaces/nic3338?api-version=2017-03-01",
      "EncodedRequestUri": "L3N1YnNjcmlwdGlvbnMvMjRmYjIzZTMtNmJhMy00MWYwLTliNmUtZTQxMTMxZDVkNjFlL3Jlc291cmNlR3JvdXBzL2NycHRlc3RhcjY3NzEvcHJvdmlkZXJzL01pY3Jvc29mdC5OZXR3b3JrL25ldHdvcmtJbnRlcmZhY2VzL25pYzMzMzg/YXBpLXZlcnNpb249MjAxNy0wMy0wMQ==",
      "RequestMethod": "GET",
      "RequestBody": "",
      "RequestHeaders": {
        "User-Agent": [
          "Microsoft.Azure.Management.Network.NetworkManagementClient/5.0.0-preview"
        ]
      },
      "ResponseBody": "{\r\n  \"name\": \"nic3338\",\r\n  \"id\": \"/subscriptions/24fb23e3-6ba3-41f0-9b6e-e41131d5d61e/resourceGroups/crptestar6771/providers/Microsoft.Network/networkInterfaces/nic3338\",\r\n  \"etag\": \"W/\\\"8b903bd7-a398-4f0f-984a-f4c3c9b1e9b8\\\"\",\r\n  \"location\": \"southeastasia\",\r\n  \"tags\": {\r\n    \"key\": \"value\"\r\n  },\r\n  \"properties\": {\r\n    \"provisioningState\": \"Succeeded\",\r\n    \"resourceGuid\": \"24d357ea-57b7-42cb-a6fa-31161f383792\",\r\n    \"ipConfigurations\": [\r\n      {\r\n        \"name\": \"ip9759\",\r\n        \"id\": \"/subscriptions/24fb23e3-6ba3-41f0-9b6e-e41131d5d61e/resourceGroups/crptestar6771/providers/Microsoft.Network/networkInterfaces/nic3338/ipConfigurations/ip9759\",\r\n        \"etag\": \"W/\\\"8b903bd7-a398-4f0f-984a-f4c3c9b1e9b8\\\"\",\r\n        \"properties\": {\r\n          \"provisioningState\": \"Succeeded\",\r\n          \"privateIPAddress\": \"10.0.0.4\",\r\n          \"privateIPAllocationMethod\": \"Dynamic\",\r\n          \"subnet\": {\r\n            \"id\": \"/subscriptions/24fb23e3-6ba3-41f0-9b6e-e41131d5d61e/resourceGroups/crptestar6771/providers/Microsoft.Network/virtualNetworks/vn2916/subnets/sn7781\"\r\n          },\r\n          \"primary\": true\r\n        }\r\n      }\r\n    ],\r\n    \"dnsSettings\": {\r\n      \"dnsServers\": [],\r\n      \"appliedDnsServers\": []\r\n    },\r\n    \"enableIPForwarding\": false\r\n  },\r\n  \"type\": \"Microsoft.Network/networkInterfaces\"\r\n}",
      "ResponseHeaders": {
        "Content-Length": [
          "1321"
        ],
        "Content-Type": [
          "application/json; charset=utf-8"
        ],
        "Expires": [
          "-1"
        ],
        "Pragma": [
          "no-cache"
        ],
        "x-ms-request-id": [
          "8e7735ce-aad4-4ed4-b1b6-eacb6d01a63a"
        ],
        "Strict-Transport-Security": [
          "max-age=31536000; includeSubDomains"
        ],
        "Cache-Control": [
          "no-cache"
        ],
        "ETag": [
          "W/\"8b903bd7-a398-4f0f-984a-f4c3c9b1e9b8\""
        ],
        "Server": [
          "Microsoft-HTTPAPI/2.0",
          "Microsoft-HTTPAPI/2.0"
        ],
        "x-ms-ratelimit-remaining-subscription-reads": [
          "14993"
        ],
        "x-ms-correlation-request-id": [
          "7af496fb-b301-4d8c-9864-64ca394a4bf5"
        ],
        "x-ms-routing-request-id": [
          "CENTRALUS:20160922T034844Z:7af496fb-b301-4d8c-9864-64ca394a4bf5"
        ],
        "Date": [
          "Thu, 22 Sep 2016 03:48:43 GMT"
        ]
      },
      "StatusCode": 200
    },
    {
      "RequestUri": "/subscriptions/24fb23e3-6ba3-41f0-9b6e-e41131d5d61e/resourceGroups/crptestar6771/providers/Microsoft.Network/networkInterfaces/nic3338?api-version=2017-03-01",
      "EncodedRequestUri": "L3N1YnNjcmlwdGlvbnMvMjRmYjIzZTMtNmJhMy00MWYwLTliNmUtZTQxMTMxZDVkNjFlL3Jlc291cmNlR3JvdXBzL2NycHRlc3RhcjY3NzEvcHJvdmlkZXJzL01pY3Jvc29mdC5OZXR3b3JrL25ldHdvcmtJbnRlcmZhY2VzL25pYzMzMzg/YXBpLXZlcnNpb249MjAxNy0wMy0wMQ==",
      "RequestMethod": "GET",
      "RequestBody": "",
      "RequestHeaders": {
        "x-ms-client-request-id": [
          "f0d87bc2-35a7-4a07-b20f-fe96d11ed5b3"
        ],
        "accept-language": [
          "en-US"
        ],
        "User-Agent": [
          "Microsoft.Azure.Management.Network.NetworkManagementClient/5.0.0-preview"
        ]
      },
      "ResponseBody": "{\r\n  \"name\": \"nic3338\",\r\n  \"id\": \"/subscriptions/24fb23e3-6ba3-41f0-9b6e-e41131d5d61e/resourceGroups/crptestar6771/providers/Microsoft.Network/networkInterfaces/nic3338\",\r\n  \"etag\": \"W/\\\"8b903bd7-a398-4f0f-984a-f4c3c9b1e9b8\\\"\",\r\n  \"location\": \"southeastasia\",\r\n  \"tags\": {\r\n    \"key\": \"value\"\r\n  },\r\n  \"properties\": {\r\n    \"provisioningState\": \"Succeeded\",\r\n    \"resourceGuid\": \"24d357ea-57b7-42cb-a6fa-31161f383792\",\r\n    \"ipConfigurations\": [\r\n      {\r\n        \"name\": \"ip9759\",\r\n        \"id\": \"/subscriptions/24fb23e3-6ba3-41f0-9b6e-e41131d5d61e/resourceGroups/crptestar6771/providers/Microsoft.Network/networkInterfaces/nic3338/ipConfigurations/ip9759\",\r\n        \"etag\": \"W/\\\"8b903bd7-a398-4f0f-984a-f4c3c9b1e9b8\\\"\",\r\n        \"properties\": {\r\n          \"provisioningState\": \"Succeeded\",\r\n          \"privateIPAddress\": \"10.0.0.4\",\r\n          \"privateIPAllocationMethod\": \"Dynamic\",\r\n          \"subnet\": {\r\n            \"id\": \"/subscriptions/24fb23e3-6ba3-41f0-9b6e-e41131d5d61e/resourceGroups/crptestar6771/providers/Microsoft.Network/virtualNetworks/vn2916/subnets/sn7781\"\r\n          },\r\n          \"primary\": true\r\n        }\r\n      }\r\n    ],\r\n    \"dnsSettings\": {\r\n      \"dnsServers\": [],\r\n      \"appliedDnsServers\": []\r\n    },\r\n    \"enableIPForwarding\": false\r\n  },\r\n  \"type\": \"Microsoft.Network/networkInterfaces\"\r\n}",
      "ResponseHeaders": {
        "Content-Length": [
          "1321"
        ],
        "Content-Type": [
          "application/json; charset=utf-8"
        ],
        "Expires": [
          "-1"
        ],
        "Pragma": [
          "no-cache"
        ],
        "x-ms-request-id": [
          "8e7735ce-aad4-4ed4-b1b6-eacb6d01a63a"
        ],
        "Strict-Transport-Security": [
          "max-age=31536000; includeSubDomains"
        ],
        "Cache-Control": [
          "no-cache"
        ],
        "ETag": [
          "W/\"8b903bd7-a398-4f0f-984a-f4c3c9b1e9b8\""
        ],
        "Server": [
          "Microsoft-HTTPAPI/2.0",
          "Microsoft-HTTPAPI/2.0"
        ],
        "x-ms-ratelimit-remaining-subscription-reads": [
          "14993"
        ],
        "x-ms-correlation-request-id": [
          "7af496fb-b301-4d8c-9864-64ca394a4bf5"
        ],
        "x-ms-routing-request-id": [
          "CENTRALUS:20160922T034844Z:7af496fb-b301-4d8c-9864-64ca394a4bf5"
        ],
        "Date": [
          "Thu, 22 Sep 2016 03:48:43 GMT"
        ]
      },
      "StatusCode": 200
    },
    {
      "RequestUri": "/subscriptions/24fb23e3-6ba3-41f0-9b6e-e41131d5d61e/resourceGroups/crptestar6771/providers/Microsoft.Compute/availabilitySets/as262?api-version=2016-04-30-preview",
      "EncodedRequestUri": "L3N1YnNjcmlwdGlvbnMvMjRmYjIzZTMtNmJhMy00MWYwLTliNmUtZTQxMTMxZDVkNjFlL3Jlc291cmNlR3JvdXBzL2NycHRlc3RhcjY3NzEvcHJvdmlkZXJzL01pY3Jvc29mdC5Db21wdXRlL2F2YWlsYWJpbGl0eVNldHMvYXMyNjI/YXBpLXZlcnNpb249MjAxNi0wNC0zMC1wcmV2aWV3",
      "RequestMethod": "PUT",
      "RequestBody": "{\r\n  \"properties\": {\r\n    \"platformUpdateDomainCount\": 5,\r\n    \"platformFaultDomainCount\": 2,\r\n    \"managed\": true\r\n  },\r\n  \"location\": \"SoutheastAsia\",\r\n  \"tags\": {\r\n    \"RG\": \"rg\",\r\n    \"testTag\": \"1\"\r\n  }\r\n}",
      "RequestHeaders": {
        "Content-Type": [
          "application/json; charset=utf-8"
        ],
        "Content-Length": [
          "210"
        ],
        "x-ms-client-request-id": [
          "d99bf55d-8875-474e-9d69-bd6459c61080"
        ],
        "accept-language": [
          "en-US"
        ],
        "User-Agent": [
          "Microsoft.Azure.Management.Compute.ComputeManagementClient/1.0.0.0"
        ]
      },
      "ResponseBody": "{\r\n  \"properties\": {\r\n    \"platformUpdateDomainCount\": 5,\r\n    \"platformFaultDomainCount\": 2,\r\n    \"managed\": true\r\n  },\r\n  \"id\": \"/subscriptions/24fb23e3-6ba3-41f0-9b6e-e41131d5d61e/resourceGroups/crptestar6771/providers/Microsoft.Compute/availabilitySets/as262\",\r\n  \"name\": \"as262\",\r\n  \"type\": \"Microsoft.Compute/availabilitySets\",\r\n  \"location\": \"southeastasia\",\r\n  \"tags\": {\r\n    \"RG\": \"rg\",\r\n    \"testTag\": \"1\"\r\n  }\r\n}",
      "ResponseHeaders": {
        "Content-Length": [
          "423"
        ],
        "Content-Type": [
          "application/json; charset=utf-8"
        ],
        "Expires": [
          "-1"
        ],
        "Pragma": [
          "no-cache"
        ],
        "Strict-Transport-Security": [
          "max-age=31536000; includeSubDomains"
        ],
        "x-ms-served-by": [
          "d8479ab9-b4a1-4ca4-bfe5-eb2106eeb54c_131177630606801848"
        ],
        "x-ms-request-id": [
          "e216e88c-02ad-443c-bad5-f7bb408c66a6"
        ],
        "Cache-Control": [
          "no-cache"
        ],
        "Server": [
          "Microsoft-HTTPAPI/2.0",
          "Microsoft-HTTPAPI/2.0"
        ],
        "x-ms-ratelimit-remaining-subscription-writes": [
          "1199"
        ],
        "x-ms-correlation-request-id": [
          "a4d931f6-8b98-4c1b-a1f3-b75259fede9b"
        ],
        "x-ms-routing-request-id": [
          "CENTRALUS:20160922T034850Z:a4d931f6-8b98-4c1b-a1f3-b75259fede9b"
        ],
        "Date": [
          "Thu, 22 Sep 2016 03:48:49 GMT"
        ]
      },
      "StatusCode": 200
    },
    {
      "RequestUri": "/subscriptions/24fb23e3-6ba3-41f0-9b6e-e41131d5d61e/resourceGroups/crptestar6771/providers/Microsoft.Compute/virtualMachines/vm2212?api-version=2016-04-30-preview",
      "EncodedRequestUri": "L3N1YnNjcmlwdGlvbnMvMjRmYjIzZTMtNmJhMy00MWYwLTliNmUtZTQxMTMxZDVkNjFlL3Jlc291cmNlR3JvdXBzL2NycHRlc3RhcjY3NzEvcHJvdmlkZXJzL01pY3Jvc29mdC5Db21wdXRlL3ZpcnR1YWxNYWNoaW5lcy92bTIyMTI/YXBpLXZlcnNpb249MjAxNi0wNC0zMC1wcmV2aWV3",
      "RequestMethod": "PUT",
      "RequestBody": "{\r\n  \"properties\": {\r\n    \"hardwareProfile\": {\r\n      \"vmSize\": \"Standard_A0\"\r\n    },\r\n    \"storageProfile\": {\r\n      \"imageReference\": {\r\n        \"publisher\": \"MicrosoftWindowsServer\",\r\n        \"offer\": \"WindowsServer\",\r\n        \"sku\": \"2012-R2-Datacenter\",\r\n        \"version\": \"4.0.20151120\"\r\n      },\r\n      \"osDisk\": {\r\n        \"name\": \"test\",\r\n        \"caching\": \"None\",\r\n        \"createOption\": \"fromImage\"\r\n      },\r\n      \"dataDisks\": [\r\n        {\r\n          \"lun\": 0,\r\n          \"caching\": \"None\",\r\n          \"createOption\": \"empty\",\r\n          \"diskSizeGB\": 30,\r\n          \"managedDisk\": {\r\n            \"storageAccountType\": \"Standard_LRS\"\r\n          }\r\n        }\r\n      ]\r\n    },\r\n    \"osProfile\": {\r\n      \"computerName\": \"test\",\r\n      \"adminUsername\": \"Foo12\",\r\n      \"adminPassword\": \"BaR@123crptestar6771\"\r\n    },\r\n    \"networkProfile\": {\r\n      \"networkInterfaces\": [\r\n        {\r\n          \"id\": \"/subscriptions/24fb23e3-6ba3-41f0-9b6e-e41131d5d61e/resourceGroups/crptestar6771/providers/Microsoft.Network/networkInterfaces/nic3338\"\r\n        }\r\n      ]\r\n    },\r\n    \"availabilitySet\": {\r\n      \"id\": \"/subscriptions/24fb23e3-6ba3-41f0-9b6e-e41131d5d61e/resourceGroups/crptestar6771/providers/Microsoft.Compute/availabilitySets/as262\"\r\n    }\r\n  },\r\n  \"location\": \"SoutheastAsia\",\r\n  \"tags\": {\r\n    \"RG\": \"rg\",\r\n    \"testTag\": \"1\"\r\n  }\r\n}",
      "RequestHeaders": {
        "Content-Type": [
          "application/json; charset=utf-8"
        ],
        "Content-Length": [
          "1353"
        ],
        "x-ms-client-request-id": [
          "9e73abfd-67ef-4eb0-abd9-daa86b030e42"
        ],
        "accept-language": [
          "en-US"
        ],
        "User-Agent": [
          "Microsoft.Azure.Management.Compute.ComputeManagementClient/1.0.0.0"
        ]
      },
      "ResponseBody": "{\r\n  \"properties\": {\r\n    \"vmId\": \"43d18833-9fae-46f5-9b48-d59eb6d25e12\",\r\n    \"availabilitySet\": {\r\n      \"id\": \"/subscriptions/24fb23e3-6ba3-41f0-9b6e-e41131d5d61e/resourceGroups/crptestar6771/providers/Microsoft.Compute/availabilitySets/AS262\"\r\n    },\r\n    \"hardwareProfile\": {\r\n      \"vmSize\": \"Standard_A0\"\r\n    },\r\n    \"storageProfile\": {\r\n      \"imageReference\": {\r\n        \"publisher\": \"MicrosoftWindowsServer\",\r\n        \"offer\": \"WindowsServer\",\r\n        \"sku\": \"2012-R2-Datacenter\",\r\n        \"version\": \"4.0.20151120\"\r\n      },\r\n      \"osDisk\": {\r\n        \"osType\": \"Windows\",\r\n        \"name\": \"test\",\r\n        \"createOption\": \"FromImage\",\r\n        \"caching\": \"None\",\r\n        \"managedDisk\": {\r\n          \"storageAccountType\": \"Standard_LRS\"\r\n        }\r\n      },\r\n      \"dataDisks\": [\r\n        {\r\n          \"lun\": 0,\r\n          \"createOption\": \"Empty\",\r\n          \"caching\": \"None\",\r\n          \"managedDisk\": {\r\n            \"storageAccountType\": \"Standard_LRS\"\r\n          },\r\n          \"diskSizeGB\": 30\r\n        }\r\n      ]\r\n    },\r\n    \"osProfile\": {\r\n      \"computerName\": \"test\",\r\n      \"adminUsername\": \"Foo12\",\r\n      \"windowsConfiguration\": {\r\n        \"provisionVMAgent\": true,\r\n        \"enableAutomaticUpdates\": true\r\n      },\r\n      \"secrets\": []\r\n    },\r\n    \"networkProfile\": {\r\n      \"networkInterfaces\": [\r\n        {\r\n          \"id\": \"/subscriptions/24fb23e3-6ba3-41f0-9b6e-e41131d5d61e/resourceGroups/crptestar6771/providers/Microsoft.Network/networkInterfaces/nic3338\"\r\n        }\r\n      ]\r\n    },\r\n    \"provisioningState\": \"Creating\"\r\n  },\r\n  \"id\": \"/subscriptions/24fb23e3-6ba3-41f0-9b6e-e41131d5d61e/resourceGroups/crptestar6771/providers/Microsoft.Compute/virtualMachines/vm2212\",\r\n  \"name\": \"vm2212\",\r\n  \"type\": \"Microsoft.Compute/virtualMachines\",\r\n  \"location\": \"southeastasia\",\r\n  \"tags\": {\r\n    \"RG\": \"rg\",\r\n    \"testTag\": \"1\"\r\n  }\r\n}",
      "ResponseHeaders": {
        "Content-Length": [
          "1809"
        ],
        "Content-Type": [
          "application/json; charset=utf-8"
        ],
        "Expires": [
          "-1"
        ],
        "Pragma": [
          "no-cache"
        ],
        "Azure-AsyncOperation": [
          "https://management.azure.com/subscriptions/24fb23e3-6ba3-41f0-9b6e-e41131d5d61e/providers/Microsoft.Compute/locations/southeastasia/operations/8ace636a-75b7-4f3b-bc91-62046147739b?api-version=2016-04-30-preview"
        ],
        "Strict-Transport-Security": [
          "max-age=31536000; includeSubDomains"
        ],
        "x-ms-served-by": [
          "d8479ab9-b4a1-4ca4-bfe5-eb2106eeb54c_131177630606801848"
        ],
        "x-ms-request-id": [
          "8ace636a-75b7-4f3b-bc91-62046147739b"
        ],
        "Cache-Control": [
          "no-cache"
        ],
        "Server": [
          "Microsoft-HTTPAPI/2.0",
          "Microsoft-HTTPAPI/2.0"
        ],
        "x-ms-ratelimit-remaining-subscription-writes": [
          "1198"
        ],
        "x-ms-correlation-request-id": [
          "c3f0413b-1f36-4efd-a62b-5b1311b522a2"
        ],
        "x-ms-routing-request-id": [
          "CENTRALUS:20160922T034853Z:c3f0413b-1f36-4efd-a62b-5b1311b522a2"
        ],
        "Date": [
          "Thu, 22 Sep 2016 03:48:53 GMT"
        ]
      },
      "StatusCode": 201
    },
    {
      "RequestUri": "/subscriptions/24fb23e3-6ba3-41f0-9b6e-e41131d5d61e/providers/Microsoft.Compute/locations/southeastasia/operations/8ace636a-75b7-4f3b-bc91-62046147739b?api-version=2016-04-30-preview",
      "EncodedRequestUri": "L3N1YnNjcmlwdGlvbnMvMjRmYjIzZTMtNmJhMy00MWYwLTliNmUtZTQxMTMxZDVkNjFlL3Byb3ZpZGVycy9NaWNyb3NvZnQuQ29tcHV0ZS9sb2NhdGlvbnMvc291dGhlYXN0YXNpYS9vcGVyYXRpb25zLzhhY2U2MzZhLTc1YjctNGYzYi1iYzkxLTYyMDQ2MTQ3NzM5Yj9hcGktdmVyc2lvbj0yMDE2LTA0LTMwLXByZXZpZXc=",
      "RequestMethod": "GET",
      "RequestBody": "",
      "RequestHeaders": {
        "User-Agent": [
          "Microsoft.Azure.Management.Compute.ComputeManagementClient/1.0.0.0"
        ]
      },
      "ResponseBody": "{\r\n  \"startTime\": \"2016-09-21T20:48:52.8188898-07:00\",\r\n  \"status\": \"InProgress\",\r\n  \"name\": \"8ace636a-75b7-4f3b-bc91-62046147739b\"\r\n}",
      "ResponseHeaders": {
        "Content-Length": [
          "134"
        ],
        "Content-Type": [
          "application/json; charset=utf-8"
        ],
        "Expires": [
          "-1"
        ],
        "Pragma": [
          "no-cache"
        ],
        "Strict-Transport-Security": [
          "max-age=31536000; includeSubDomains"
        ],
        "x-ms-served-by": [
          "d8479ab9-b4a1-4ca4-bfe5-eb2106eeb54c_131177630606801848"
        ],
        "x-ms-request-id": [
          "2a611456-9f05-4d51-b020-402c646a22d8"
        ],
        "Cache-Control": [
          "no-cache"
        ],
        "Server": [
          "Microsoft-HTTPAPI/2.0",
          "Microsoft-HTTPAPI/2.0"
        ],
        "x-ms-ratelimit-remaining-subscription-reads": [
          "14998"
        ],
        "x-ms-correlation-request-id": [
          "e3cb632b-9dd6-4190-8295-745ea54dc1bc"
        ],
        "x-ms-routing-request-id": [
          "CENTRALUS:20160922T034924Z:e3cb632b-9dd6-4190-8295-745ea54dc1bc"
        ],
        "Date": [
          "Thu, 22 Sep 2016 03:49:24 GMT"
        ]
      },
      "StatusCode": 200
    },
    {
      "RequestUri": "/subscriptions/24fb23e3-6ba3-41f0-9b6e-e41131d5d61e/providers/Microsoft.Compute/locations/southeastasia/operations/8ace636a-75b7-4f3b-bc91-62046147739b?api-version=2016-04-30-preview",
      "EncodedRequestUri": "L3N1YnNjcmlwdGlvbnMvMjRmYjIzZTMtNmJhMy00MWYwLTliNmUtZTQxMTMxZDVkNjFlL3Byb3ZpZGVycy9NaWNyb3NvZnQuQ29tcHV0ZS9sb2NhdGlvbnMvc291dGhlYXN0YXNpYS9vcGVyYXRpb25zLzhhY2U2MzZhLTc1YjctNGYzYi1iYzkxLTYyMDQ2MTQ3NzM5Yj9hcGktdmVyc2lvbj0yMDE2LTA0LTMwLXByZXZpZXc=",
      "RequestMethod": "GET",
      "RequestBody": "",
      "RequestHeaders": {
        "User-Agent": [
          "Microsoft.Azure.Management.Compute.ComputeManagementClient/1.0.0.0"
        ]
      },
      "ResponseBody": "{\r\n  \"startTime\": \"2016-09-21T20:48:52.8188898-07:00\",\r\n  \"status\": \"InProgress\",\r\n  \"name\": \"8ace636a-75b7-4f3b-bc91-62046147739b\"\r\n}",
      "ResponseHeaders": {
        "Content-Length": [
          "134"
        ],
        "Content-Type": [
          "application/json; charset=utf-8"
        ],
        "Expires": [
          "-1"
        ],
        "Pragma": [
          "no-cache"
        ],
        "Strict-Transport-Security": [
          "max-age=31536000; includeSubDomains"
        ],
        "x-ms-served-by": [
          "d8479ab9-b4a1-4ca4-bfe5-eb2106eeb54c_131177630606801848"
        ],
        "x-ms-request-id": [
          "cc200302-0907-4a35-ac37-5d1ceb078fb9"
        ],
        "Cache-Control": [
          "no-cache"
        ],
        "Server": [
          "Microsoft-HTTPAPI/2.0",
          "Microsoft-HTTPAPI/2.0"
        ],
        "x-ms-ratelimit-remaining-subscription-reads": [
          "14997"
        ],
        "x-ms-correlation-request-id": [
          "d1562e90-1ed6-412a-84b1-052e47aa3545"
        ],
        "x-ms-routing-request-id": [
          "CENTRALUS:20160922T034955Z:d1562e90-1ed6-412a-84b1-052e47aa3545"
        ],
        "Date": [
          "Thu, 22 Sep 2016 03:49:54 GMT"
        ]
      },
      "StatusCode": 200
    },
    {
      "RequestUri": "/subscriptions/24fb23e3-6ba3-41f0-9b6e-e41131d5d61e/providers/Microsoft.Compute/locations/southeastasia/operations/8ace636a-75b7-4f3b-bc91-62046147739b?api-version=2016-04-30-preview",
      "EncodedRequestUri": "L3N1YnNjcmlwdGlvbnMvMjRmYjIzZTMtNmJhMy00MWYwLTliNmUtZTQxMTMxZDVkNjFlL3Byb3ZpZGVycy9NaWNyb3NvZnQuQ29tcHV0ZS9sb2NhdGlvbnMvc291dGhlYXN0YXNpYS9vcGVyYXRpb25zLzhhY2U2MzZhLTc1YjctNGYzYi1iYzkxLTYyMDQ2MTQ3NzM5Yj9hcGktdmVyc2lvbj0yMDE2LTA0LTMwLXByZXZpZXc=",
      "RequestMethod": "GET",
      "RequestBody": "",
      "RequestHeaders": {
        "User-Agent": [
          "Microsoft.Azure.Management.Compute.ComputeManagementClient/1.0.0.0"
        ]
      },
      "ResponseBody": "{\r\n  \"startTime\": \"2016-09-21T20:48:52.8188898-07:00\",\r\n  \"status\": \"InProgress\",\r\n  \"name\": \"8ace636a-75b7-4f3b-bc91-62046147739b\"\r\n}",
      "ResponseHeaders": {
        "Content-Length": [
          "134"
        ],
        "Content-Type": [
          "application/json; charset=utf-8"
        ],
        "Expires": [
          "-1"
        ],
        "Pragma": [
          "no-cache"
        ],
        "Strict-Transport-Security": [
          "max-age=31536000; includeSubDomains"
        ],
        "x-ms-served-by": [
          "d8479ab9-b4a1-4ca4-bfe5-eb2106eeb54c_131177630606801848"
        ],
        "x-ms-request-id": [
          "c4009d14-b6d2-4e2d-abc5-f4001bd61394"
        ],
        "Cache-Control": [
          "no-cache"
        ],
        "Server": [
          "Microsoft-HTTPAPI/2.0",
          "Microsoft-HTTPAPI/2.0"
        ],
        "x-ms-ratelimit-remaining-subscription-reads": [
          "14996"
        ],
        "x-ms-correlation-request-id": [
          "6d11396a-c2f3-424a-a838-e9595d14726c"
        ],
        "x-ms-routing-request-id": [
          "CENTRALUS:20160922T035025Z:6d11396a-c2f3-424a-a838-e9595d14726c"
        ],
        "Date": [
          "Thu, 22 Sep 2016 03:50:25 GMT"
        ]
      },
      "StatusCode": 200
    },
    {
      "RequestUri": "/subscriptions/24fb23e3-6ba3-41f0-9b6e-e41131d5d61e/providers/Microsoft.Compute/locations/southeastasia/operations/8ace636a-75b7-4f3b-bc91-62046147739b?api-version=2016-04-30-preview",
      "EncodedRequestUri": "L3N1YnNjcmlwdGlvbnMvMjRmYjIzZTMtNmJhMy00MWYwLTliNmUtZTQxMTMxZDVkNjFlL3Byb3ZpZGVycy9NaWNyb3NvZnQuQ29tcHV0ZS9sb2NhdGlvbnMvc291dGhlYXN0YXNpYS9vcGVyYXRpb25zLzhhY2U2MzZhLTc1YjctNGYzYi1iYzkxLTYyMDQ2MTQ3NzM5Yj9hcGktdmVyc2lvbj0yMDE2LTA0LTMwLXByZXZpZXc=",
      "RequestMethod": "GET",
      "RequestBody": "",
      "RequestHeaders": {
        "User-Agent": [
          "Microsoft.Azure.Management.Compute.ComputeManagementClient/1.0.0.0"
        ]
      },
      "ResponseBody": "{\r\n  \"startTime\": \"2016-09-21T20:48:52.8188898-07:00\",\r\n  \"status\": \"InProgress\",\r\n  \"name\": \"8ace636a-75b7-4f3b-bc91-62046147739b\"\r\n}",
      "ResponseHeaders": {
        "Content-Length": [
          "134"
        ],
        "Content-Type": [
          "application/json; charset=utf-8"
        ],
        "Expires": [
          "-1"
        ],
        "Pragma": [
          "no-cache"
        ],
        "Strict-Transport-Security": [
          "max-age=31536000; includeSubDomains"
        ],
        "x-ms-served-by": [
          "d8479ab9-b4a1-4ca4-bfe5-eb2106eeb54c_131177630606801848"
        ],
        "x-ms-request-id": [
          "7bed70c4-78a5-46ca-ab3c-4144d70b2036"
        ],
        "Cache-Control": [
          "no-cache"
        ],
        "Server": [
          "Microsoft-HTTPAPI/2.0",
          "Microsoft-HTTPAPI/2.0"
        ],
        "x-ms-ratelimit-remaining-subscription-reads": [
          "14995"
        ],
        "x-ms-correlation-request-id": [
          "184316c1-3fe3-41bb-9106-b82eb8c4d965"
        ],
        "x-ms-routing-request-id": [
          "CENTRALUS:20160922T035055Z:184316c1-3fe3-41bb-9106-b82eb8c4d965"
        ],
        "Date": [
          "Thu, 22 Sep 2016 03:50:55 GMT"
        ]
      },
      "StatusCode": 200
    },
    {
      "RequestUri": "/subscriptions/24fb23e3-6ba3-41f0-9b6e-e41131d5d61e/providers/Microsoft.Compute/locations/southeastasia/operations/8ace636a-75b7-4f3b-bc91-62046147739b?api-version=2016-04-30-preview",
      "EncodedRequestUri": "L3N1YnNjcmlwdGlvbnMvMjRmYjIzZTMtNmJhMy00MWYwLTliNmUtZTQxMTMxZDVkNjFlL3Byb3ZpZGVycy9NaWNyb3NvZnQuQ29tcHV0ZS9sb2NhdGlvbnMvc291dGhlYXN0YXNpYS9vcGVyYXRpb25zLzhhY2U2MzZhLTc1YjctNGYzYi1iYzkxLTYyMDQ2MTQ3NzM5Yj9hcGktdmVyc2lvbj0yMDE2LTA0LTMwLXByZXZpZXc=",
      "RequestMethod": "GET",
      "RequestBody": "",
      "RequestHeaders": {
        "User-Agent": [
          "Microsoft.Azure.Management.Compute.ComputeManagementClient/1.0.0.0"
        ]
      },
      "ResponseBody": "{\r\n  \"startTime\": \"2016-09-21T20:48:52.8188898-07:00\",\r\n  \"status\": \"InProgress\",\r\n  \"name\": \"8ace636a-75b7-4f3b-bc91-62046147739b\"\r\n}",
      "ResponseHeaders": {
        "Content-Length": [
          "134"
        ],
        "Content-Type": [
          "application/json; charset=utf-8"
        ],
        "Expires": [
          "-1"
        ],
        "Pragma": [
          "no-cache"
        ],
        "Strict-Transport-Security": [
          "max-age=31536000; includeSubDomains"
        ],
        "x-ms-served-by": [
          "d8479ab9-b4a1-4ca4-bfe5-eb2106eeb54c_131177630606801848"
        ],
        "x-ms-request-id": [
          "f6c13601-e9b8-4330-b0c3-e1a66bb155c1"
        ],
        "Cache-Control": [
          "no-cache"
        ],
        "Server": [
          "Microsoft-HTTPAPI/2.0",
          "Microsoft-HTTPAPI/2.0"
        ],
        "x-ms-ratelimit-remaining-subscription-reads": [
          "14994"
        ],
        "x-ms-correlation-request-id": [
          "4d15a894-ba70-4b8b-ba4e-15ae4075722d"
        ],
        "x-ms-routing-request-id": [
          "CENTRALUS:20160922T035126Z:4d15a894-ba70-4b8b-ba4e-15ae4075722d"
        ],
        "Date": [
          "Thu, 22 Sep 2016 03:51:25 GMT"
        ]
      },
      "StatusCode": 200
    },
    {
      "RequestUri": "/subscriptions/24fb23e3-6ba3-41f0-9b6e-e41131d5d61e/providers/Microsoft.Compute/locations/southeastasia/operations/8ace636a-75b7-4f3b-bc91-62046147739b?api-version=2016-04-30-preview",
      "EncodedRequestUri": "L3N1YnNjcmlwdGlvbnMvMjRmYjIzZTMtNmJhMy00MWYwLTliNmUtZTQxMTMxZDVkNjFlL3Byb3ZpZGVycy9NaWNyb3NvZnQuQ29tcHV0ZS9sb2NhdGlvbnMvc291dGhlYXN0YXNpYS9vcGVyYXRpb25zLzhhY2U2MzZhLTc1YjctNGYzYi1iYzkxLTYyMDQ2MTQ3NzM5Yj9hcGktdmVyc2lvbj0yMDE2LTA0LTMwLXByZXZpZXc=",
      "RequestMethod": "GET",
      "RequestBody": "",
      "RequestHeaders": {
        "User-Agent": [
          "Microsoft.Azure.Management.Compute.ComputeManagementClient/1.0.0.0"
        ]
      },
      "ResponseBody": "{\r\n  \"startTime\": \"2016-09-21T20:48:52.8188898-07:00\",\r\n  \"status\": \"InProgress\",\r\n  \"name\": \"8ace636a-75b7-4f3b-bc91-62046147739b\"\r\n}",
      "ResponseHeaders": {
        "Content-Length": [
          "134"
        ],
        "Content-Type": [
          "application/json; charset=utf-8"
        ],
        "Expires": [
          "-1"
        ],
        "Pragma": [
          "no-cache"
        ],
        "Strict-Transport-Security": [
          "max-age=31536000; includeSubDomains"
        ],
        "x-ms-served-by": [
          "d8479ab9-b4a1-4ca4-bfe5-eb2106eeb54c_131177630606801848"
        ],
        "x-ms-request-id": [
          "d9616a64-ebb7-4464-a30b-424aac8dc189"
        ],
        "Cache-Control": [
          "no-cache"
        ],
        "Server": [
          "Microsoft-HTTPAPI/2.0",
          "Microsoft-HTTPAPI/2.0"
        ],
        "x-ms-ratelimit-remaining-subscription-reads": [
          "14993"
        ],
        "x-ms-correlation-request-id": [
          "7748ce77-832d-4c82-84b7-4d6b82fa4f1f"
        ],
        "x-ms-routing-request-id": [
          "CENTRALUS:20160922T035156Z:7748ce77-832d-4c82-84b7-4d6b82fa4f1f"
        ],
        "Date": [
          "Thu, 22 Sep 2016 03:51:55 GMT"
        ]
      },
      "StatusCode": 200
    },
    {
      "RequestUri": "/subscriptions/24fb23e3-6ba3-41f0-9b6e-e41131d5d61e/providers/Microsoft.Compute/locations/southeastasia/operations/8ace636a-75b7-4f3b-bc91-62046147739b?api-version=2016-04-30-preview",
      "EncodedRequestUri": "L3N1YnNjcmlwdGlvbnMvMjRmYjIzZTMtNmJhMy00MWYwLTliNmUtZTQxMTMxZDVkNjFlL3Byb3ZpZGVycy9NaWNyb3NvZnQuQ29tcHV0ZS9sb2NhdGlvbnMvc291dGhlYXN0YXNpYS9vcGVyYXRpb25zLzhhY2U2MzZhLTc1YjctNGYzYi1iYzkxLTYyMDQ2MTQ3NzM5Yj9hcGktdmVyc2lvbj0yMDE2LTA0LTMwLXByZXZpZXc=",
      "RequestMethod": "GET",
      "RequestBody": "",
      "RequestHeaders": {
        "User-Agent": [
          "Microsoft.Azure.Management.Compute.ComputeManagementClient/1.0.0.0"
        ]
      },
      "ResponseBody": "{\r\n  \"startTime\": \"2016-09-21T20:48:52.8188898-07:00\",\r\n  \"status\": \"InProgress\",\r\n  \"name\": \"8ace636a-75b7-4f3b-bc91-62046147739b\"\r\n}",
      "ResponseHeaders": {
        "Content-Length": [
          "134"
        ],
        "Content-Type": [
          "application/json; charset=utf-8"
        ],
        "Expires": [
          "-1"
        ],
        "Pragma": [
          "no-cache"
        ],
        "Strict-Transport-Security": [
          "max-age=31536000; includeSubDomains"
        ],
        "x-ms-served-by": [
          "d8479ab9-b4a1-4ca4-bfe5-eb2106eeb54c_131177630606801848"
        ],
        "x-ms-request-id": [
          "0f7e210d-0ef7-4fad-84fa-81260f647118"
        ],
        "Cache-Control": [
          "no-cache"
        ],
        "Server": [
          "Microsoft-HTTPAPI/2.0",
          "Microsoft-HTTPAPI/2.0"
        ],
        "x-ms-ratelimit-remaining-subscription-reads": [
          "14992"
        ],
        "x-ms-correlation-request-id": [
          "cd79476f-aa7d-41b5-8bb7-a9ebd1c63c8c"
        ],
        "x-ms-routing-request-id": [
          "CENTRALUS:20160922T035226Z:cd79476f-aa7d-41b5-8bb7-a9ebd1c63c8c"
        ],
        "Date": [
          "Thu, 22 Sep 2016 03:52:25 GMT"
        ]
      },
      "StatusCode": 200
    },
    {
      "RequestUri": "/subscriptions/24fb23e3-6ba3-41f0-9b6e-e41131d5d61e/providers/Microsoft.Compute/locations/southeastasia/operations/8ace636a-75b7-4f3b-bc91-62046147739b?api-version=2016-04-30-preview",
      "EncodedRequestUri": "L3N1YnNjcmlwdGlvbnMvMjRmYjIzZTMtNmJhMy00MWYwLTliNmUtZTQxMTMxZDVkNjFlL3Byb3ZpZGVycy9NaWNyb3NvZnQuQ29tcHV0ZS9sb2NhdGlvbnMvc291dGhlYXN0YXNpYS9vcGVyYXRpb25zLzhhY2U2MzZhLTc1YjctNGYzYi1iYzkxLTYyMDQ2MTQ3NzM5Yj9hcGktdmVyc2lvbj0yMDE2LTA0LTMwLXByZXZpZXc=",
      "RequestMethod": "GET",
      "RequestBody": "",
      "RequestHeaders": {
        "User-Agent": [
          "Microsoft.Azure.Management.Compute.ComputeManagementClient/1.0.0.0"
        ]
      },
      "ResponseBody": "{\r\n  \"startTime\": \"2016-09-21T20:48:52.8188898-07:00\",\r\n  \"status\": \"InProgress\",\r\n  \"name\": \"8ace636a-75b7-4f3b-bc91-62046147739b\"\r\n}",
      "ResponseHeaders": {
        "Content-Length": [
          "134"
        ],
        "Content-Type": [
          "application/json; charset=utf-8"
        ],
        "Expires": [
          "-1"
        ],
        "Pragma": [
          "no-cache"
        ],
        "Strict-Transport-Security": [
          "max-age=31536000; includeSubDomains"
        ],
        "x-ms-served-by": [
          "d8479ab9-b4a1-4ca4-bfe5-eb2106eeb54c_131177630606801848"
        ],
        "x-ms-request-id": [
          "eea7f857-d7d0-450d-8354-502bc16b68b8"
        ],
        "Cache-Control": [
          "no-cache"
        ],
        "Server": [
          "Microsoft-HTTPAPI/2.0",
          "Microsoft-HTTPAPI/2.0"
        ],
        "x-ms-ratelimit-remaining-subscription-reads": [
          "14991"
        ],
        "x-ms-correlation-request-id": [
          "c04a3eaa-39e3-4127-b6f1-694bf4ded5cf"
        ],
        "x-ms-routing-request-id": [
          "CENTRALUS:20160922T035256Z:c04a3eaa-39e3-4127-b6f1-694bf4ded5cf"
        ],
        "Date": [
          "Thu, 22 Sep 2016 03:52:55 GMT"
        ]
      },
      "StatusCode": 200
    },
    {
      "RequestUri": "/subscriptions/24fb23e3-6ba3-41f0-9b6e-e41131d5d61e/providers/Microsoft.Compute/locations/southeastasia/operations/8ace636a-75b7-4f3b-bc91-62046147739b?api-version=2016-04-30-preview",
      "EncodedRequestUri": "L3N1YnNjcmlwdGlvbnMvMjRmYjIzZTMtNmJhMy00MWYwLTliNmUtZTQxMTMxZDVkNjFlL3Byb3ZpZGVycy9NaWNyb3NvZnQuQ29tcHV0ZS9sb2NhdGlvbnMvc291dGhlYXN0YXNpYS9vcGVyYXRpb25zLzhhY2U2MzZhLTc1YjctNGYzYi1iYzkxLTYyMDQ2MTQ3NzM5Yj9hcGktdmVyc2lvbj0yMDE2LTA0LTMwLXByZXZpZXc=",
      "RequestMethod": "GET",
      "RequestBody": "",
      "RequestHeaders": {
        "User-Agent": [
          "Microsoft.Azure.Management.Compute.ComputeManagementClient/1.0.0.0"
        ]
      },
      "ResponseBody": "{\r\n  \"startTime\": \"2016-09-21T20:48:52.8188898-07:00\",\r\n  \"status\": \"InProgress\",\r\n  \"name\": \"8ace636a-75b7-4f3b-bc91-62046147739b\"\r\n}",
      "ResponseHeaders": {
        "Content-Length": [
          "134"
        ],
        "Content-Type": [
          "application/json; charset=utf-8"
        ],
        "Expires": [
          "-1"
        ],
        "Pragma": [
          "no-cache"
        ],
        "Strict-Transport-Security": [
          "max-age=31536000; includeSubDomains"
        ],
        "x-ms-served-by": [
          "d8479ab9-b4a1-4ca4-bfe5-eb2106eeb54c_131177630606801848"
        ],
        "x-ms-request-id": [
          "491d085b-f763-4abe-bf52-aeaa8bcf48cf"
        ],
        "Cache-Control": [
          "no-cache"
        ],
        "Server": [
          "Microsoft-HTTPAPI/2.0",
          "Microsoft-HTTPAPI/2.0"
        ],
        "x-ms-ratelimit-remaining-subscription-reads": [
          "14990"
        ],
        "x-ms-correlation-request-id": [
          "f8527b79-ed54-427d-a311-ccd4430c1304"
        ],
        "x-ms-routing-request-id": [
          "CENTRALUS:20160922T035327Z:f8527b79-ed54-427d-a311-ccd4430c1304"
        ],
        "Date": [
          "Thu, 22 Sep 2016 03:53:27 GMT"
        ]
      },
      "StatusCode": 200
    },
    {
      "RequestUri": "/subscriptions/24fb23e3-6ba3-41f0-9b6e-e41131d5d61e/providers/Microsoft.Compute/locations/southeastasia/operations/8ace636a-75b7-4f3b-bc91-62046147739b?api-version=2016-04-30-preview",
      "EncodedRequestUri": "L3N1YnNjcmlwdGlvbnMvMjRmYjIzZTMtNmJhMy00MWYwLTliNmUtZTQxMTMxZDVkNjFlL3Byb3ZpZGVycy9NaWNyb3NvZnQuQ29tcHV0ZS9sb2NhdGlvbnMvc291dGhlYXN0YXNpYS9vcGVyYXRpb25zLzhhY2U2MzZhLTc1YjctNGYzYi1iYzkxLTYyMDQ2MTQ3NzM5Yj9hcGktdmVyc2lvbj0yMDE2LTA0LTMwLXByZXZpZXc=",
      "RequestMethod": "GET",
      "RequestBody": "",
      "RequestHeaders": {
        "User-Agent": [
          "Microsoft.Azure.Management.Compute.ComputeManagementClient/1.0.0.0"
        ]
      },
      "ResponseBody": "{\r\n  \"startTime\": \"2016-09-21T20:48:52.8188898-07:00\",\r\n  \"status\": \"InProgress\",\r\n  \"name\": \"8ace636a-75b7-4f3b-bc91-62046147739b\"\r\n}",
      "ResponseHeaders": {
        "Content-Length": [
          "134"
        ],
        "Content-Type": [
          "application/json; charset=utf-8"
        ],
        "Expires": [
          "-1"
        ],
        "Pragma": [
          "no-cache"
        ],
        "Strict-Transport-Security": [
          "max-age=31536000; includeSubDomains"
        ],
        "x-ms-served-by": [
          "d8479ab9-b4a1-4ca4-bfe5-eb2106eeb54c_131177630606801848"
        ],
        "x-ms-request-id": [
          "c87d869c-32d0-4af0-98b5-a54c46a6183a"
        ],
        "Cache-Control": [
          "no-cache"
        ],
        "Server": [
          "Microsoft-HTTPAPI/2.0",
          "Microsoft-HTTPAPI/2.0"
        ],
        "x-ms-ratelimit-remaining-subscription-reads": [
          "14989"
        ],
        "x-ms-correlation-request-id": [
          "b651ac8c-d42f-45c0-9df9-157d3dce8062"
        ],
        "x-ms-routing-request-id": [
          "CENTRALUS:20160922T035357Z:b651ac8c-d42f-45c0-9df9-157d3dce8062"
        ],
        "Date": [
          "Thu, 22 Sep 2016 03:53:57 GMT"
        ]
      },
      "StatusCode": 200
    },
    {
      "RequestUri": "/subscriptions/24fb23e3-6ba3-41f0-9b6e-e41131d5d61e/providers/Microsoft.Compute/locations/southeastasia/operations/8ace636a-75b7-4f3b-bc91-62046147739b?api-version=2016-04-30-preview",
      "EncodedRequestUri": "L3N1YnNjcmlwdGlvbnMvMjRmYjIzZTMtNmJhMy00MWYwLTliNmUtZTQxMTMxZDVkNjFlL3Byb3ZpZGVycy9NaWNyb3NvZnQuQ29tcHV0ZS9sb2NhdGlvbnMvc291dGhlYXN0YXNpYS9vcGVyYXRpb25zLzhhY2U2MzZhLTc1YjctNGYzYi1iYzkxLTYyMDQ2MTQ3NzM5Yj9hcGktdmVyc2lvbj0yMDE2LTA0LTMwLXByZXZpZXc=",
      "RequestMethod": "GET",
      "RequestBody": "",
      "RequestHeaders": {
        "User-Agent": [
          "Microsoft.Azure.Management.Compute.ComputeManagementClient/1.0.0.0"
        ]
      },
      "ResponseBody": "{\r\n  \"startTime\": \"2016-09-21T20:48:52.8188898-07:00\",\r\n  \"status\": \"InProgress\",\r\n  \"name\": \"8ace636a-75b7-4f3b-bc91-62046147739b\"\r\n}",
      "ResponseHeaders": {
        "Content-Length": [
          "134"
        ],
        "Content-Type": [
          "application/json; charset=utf-8"
        ],
        "Expires": [
          "-1"
        ],
        "Pragma": [
          "no-cache"
        ],
        "Strict-Transport-Security": [
          "max-age=31536000; includeSubDomains"
        ],
        "x-ms-served-by": [
          "d8479ab9-b4a1-4ca4-bfe5-eb2106eeb54c_131177630606801848"
        ],
        "x-ms-request-id": [
          "131713c7-2e07-4d7e-b47f-f454db6e01b7"
        ],
        "Cache-Control": [
          "no-cache"
        ],
        "Server": [
          "Microsoft-HTTPAPI/2.0",
          "Microsoft-HTTPAPI/2.0"
        ],
        "x-ms-ratelimit-remaining-subscription-reads": [
          "14988"
        ],
        "x-ms-correlation-request-id": [
          "bb6a2a7d-64b0-4983-a01c-b0b9fa27ae01"
        ],
        "x-ms-routing-request-id": [
          "CENTRALUS:20160922T035427Z:bb6a2a7d-64b0-4983-a01c-b0b9fa27ae01"
        ],
        "Date": [
          "Thu, 22 Sep 2016 03:54:27 GMT"
        ]
      },
      "StatusCode": 200
    },
    {
      "RequestUri": "/subscriptions/24fb23e3-6ba3-41f0-9b6e-e41131d5d61e/providers/Microsoft.Compute/locations/southeastasia/operations/8ace636a-75b7-4f3b-bc91-62046147739b?api-version=2016-04-30-preview",
      "EncodedRequestUri": "L3N1YnNjcmlwdGlvbnMvMjRmYjIzZTMtNmJhMy00MWYwLTliNmUtZTQxMTMxZDVkNjFlL3Byb3ZpZGVycy9NaWNyb3NvZnQuQ29tcHV0ZS9sb2NhdGlvbnMvc291dGhlYXN0YXNpYS9vcGVyYXRpb25zLzhhY2U2MzZhLTc1YjctNGYzYi1iYzkxLTYyMDQ2MTQ3NzM5Yj9hcGktdmVyc2lvbj0yMDE2LTA0LTMwLXByZXZpZXc=",
      "RequestMethod": "GET",
      "RequestBody": "",
      "RequestHeaders": {
        "User-Agent": [
          "Microsoft.Azure.Management.Compute.ComputeManagementClient/1.0.0.0"
        ]
      },
      "ResponseBody": "{\r\n  \"startTime\": \"2016-09-21T20:48:52.8188898-07:00\",\r\n  \"status\": \"InProgress\",\r\n  \"name\": \"8ace636a-75b7-4f3b-bc91-62046147739b\"\r\n}",
      "ResponseHeaders": {
        "Content-Length": [
          "134"
        ],
        "Content-Type": [
          "application/json; charset=utf-8"
        ],
        "Expires": [
          "-1"
        ],
        "Pragma": [
          "no-cache"
        ],
        "Strict-Transport-Security": [
          "max-age=31536000; includeSubDomains"
        ],
        "x-ms-served-by": [
          "d8479ab9-b4a1-4ca4-bfe5-eb2106eeb54c_131177630606801848"
        ],
        "x-ms-request-id": [
          "8aea8418-9817-42ab-845f-0fe8cdf65b13"
        ],
        "Cache-Control": [
          "no-cache"
        ],
        "Server": [
          "Microsoft-HTTPAPI/2.0",
          "Microsoft-HTTPAPI/2.0"
        ],
        "x-ms-ratelimit-remaining-subscription-reads": [
          "14987"
        ],
        "x-ms-correlation-request-id": [
          "bc108a2e-21f6-4b9c-b60b-f5713273ebf4"
        ],
        "x-ms-routing-request-id": [
          "CENTRALUS:20160922T035457Z:bc108a2e-21f6-4b9c-b60b-f5713273ebf4"
        ],
        "Date": [
          "Thu, 22 Sep 2016 03:54:57 GMT"
        ]
      },
      "StatusCode": 200
    },
    {
      "RequestUri": "/subscriptions/24fb23e3-6ba3-41f0-9b6e-e41131d5d61e/providers/Microsoft.Compute/locations/southeastasia/operations/8ace636a-75b7-4f3b-bc91-62046147739b?api-version=2016-04-30-preview",
      "EncodedRequestUri": "L3N1YnNjcmlwdGlvbnMvMjRmYjIzZTMtNmJhMy00MWYwLTliNmUtZTQxMTMxZDVkNjFlL3Byb3ZpZGVycy9NaWNyb3NvZnQuQ29tcHV0ZS9sb2NhdGlvbnMvc291dGhlYXN0YXNpYS9vcGVyYXRpb25zLzhhY2U2MzZhLTc1YjctNGYzYi1iYzkxLTYyMDQ2MTQ3NzM5Yj9hcGktdmVyc2lvbj0yMDE2LTA0LTMwLXByZXZpZXc=",
      "RequestMethod": "GET",
      "RequestBody": "",
      "RequestHeaders": {
        "User-Agent": [
          "Microsoft.Azure.Management.Compute.ComputeManagementClient/1.0.0.0"
        ]
      },
      "ResponseBody": "{\r\n  \"startTime\": \"2016-09-21T20:48:52.8188898-07:00\",\r\n  \"status\": \"InProgress\",\r\n  \"name\": \"8ace636a-75b7-4f3b-bc91-62046147739b\"\r\n}",
      "ResponseHeaders": {
        "Content-Length": [
          "134"
        ],
        "Content-Type": [
          "application/json; charset=utf-8"
        ],
        "Expires": [
          "-1"
        ],
        "Pragma": [
          "no-cache"
        ],
        "Strict-Transport-Security": [
          "max-age=31536000; includeSubDomains"
        ],
        "x-ms-served-by": [
          "d8479ab9-b4a1-4ca4-bfe5-eb2106eeb54c_131177630606801848"
        ],
        "x-ms-request-id": [
          "f6657dd9-0580-4a16-b243-aad597e07240"
        ],
        "Cache-Control": [
          "no-cache"
        ],
        "Server": [
          "Microsoft-HTTPAPI/2.0",
          "Microsoft-HTTPAPI/2.0"
        ],
        "x-ms-ratelimit-remaining-subscription-reads": [
          "14986"
        ],
        "x-ms-correlation-request-id": [
          "8e76dc54-9514-4947-ad42-0ea184010e4c"
        ],
        "x-ms-routing-request-id": [
          "CENTRALUS:20160922T035528Z:8e76dc54-9514-4947-ad42-0ea184010e4c"
        ],
        "Date": [
          "Thu, 22 Sep 2016 03:55:27 GMT"
        ]
      },
      "StatusCode": 200
    },
    {
      "RequestUri": "/subscriptions/24fb23e3-6ba3-41f0-9b6e-e41131d5d61e/providers/Microsoft.Compute/locations/southeastasia/operations/8ace636a-75b7-4f3b-bc91-62046147739b?api-version=2016-04-30-preview",
      "EncodedRequestUri": "L3N1YnNjcmlwdGlvbnMvMjRmYjIzZTMtNmJhMy00MWYwLTliNmUtZTQxMTMxZDVkNjFlL3Byb3ZpZGVycy9NaWNyb3NvZnQuQ29tcHV0ZS9sb2NhdGlvbnMvc291dGhlYXN0YXNpYS9vcGVyYXRpb25zLzhhY2U2MzZhLTc1YjctNGYzYi1iYzkxLTYyMDQ2MTQ3NzM5Yj9hcGktdmVyc2lvbj0yMDE2LTA0LTMwLXByZXZpZXc=",
      "RequestMethod": "GET",
      "RequestBody": "",
      "RequestHeaders": {
        "User-Agent": [
          "Microsoft.Azure.Management.Compute.ComputeManagementClient/1.0.0.0"
        ]
      },
      "ResponseBody": "{\r\n  \"startTime\": \"2016-09-21T20:48:52.8188898-07:00\",\r\n  \"status\": \"InProgress\",\r\n  \"name\": \"8ace636a-75b7-4f3b-bc91-62046147739b\"\r\n}",
      "ResponseHeaders": {
        "Content-Length": [
          "134"
        ],
        "Content-Type": [
          "application/json; charset=utf-8"
        ],
        "Expires": [
          "-1"
        ],
        "Pragma": [
          "no-cache"
        ],
        "Strict-Transport-Security": [
          "max-age=31536000; includeSubDomains"
        ],
        "x-ms-served-by": [
          "d8479ab9-b4a1-4ca4-bfe5-eb2106eeb54c_131177630606801848"
        ],
        "x-ms-request-id": [
          "cc6977de-7c3b-4407-a2d0-e3c661e14723"
        ],
        "Cache-Control": [
          "no-cache"
        ],
        "Server": [
          "Microsoft-HTTPAPI/2.0",
          "Microsoft-HTTPAPI/2.0"
        ],
        "x-ms-ratelimit-remaining-subscription-reads": [
          "14985"
        ],
        "x-ms-correlation-request-id": [
          "d710210d-a2ae-42d1-afbc-2d9a43862a67"
        ],
        "x-ms-routing-request-id": [
          "CENTRALUS:20160922T035558Z:d710210d-a2ae-42d1-afbc-2d9a43862a67"
        ],
        "Date": [
          "Thu, 22 Sep 2016 03:55:57 GMT"
        ]
      },
      "StatusCode": 200
    },
    {
      "RequestUri": "/subscriptions/24fb23e3-6ba3-41f0-9b6e-e41131d5d61e/providers/Microsoft.Compute/locations/southeastasia/operations/8ace636a-75b7-4f3b-bc91-62046147739b?api-version=2016-04-30-preview",
      "EncodedRequestUri": "L3N1YnNjcmlwdGlvbnMvMjRmYjIzZTMtNmJhMy00MWYwLTliNmUtZTQxMTMxZDVkNjFlL3Byb3ZpZGVycy9NaWNyb3NvZnQuQ29tcHV0ZS9sb2NhdGlvbnMvc291dGhlYXN0YXNpYS9vcGVyYXRpb25zLzhhY2U2MzZhLTc1YjctNGYzYi1iYzkxLTYyMDQ2MTQ3NzM5Yj9hcGktdmVyc2lvbj0yMDE2LTA0LTMwLXByZXZpZXc=",
      "RequestMethod": "GET",
      "RequestBody": "",
      "RequestHeaders": {
        "User-Agent": [
          "Microsoft.Azure.Management.Compute.ComputeManagementClient/1.0.0.0"
        ]
      },
      "ResponseBody": "{\r\n  \"startTime\": \"2016-09-21T20:48:52.8188898-07:00\",\r\n  \"status\": \"InProgress\",\r\n  \"name\": \"8ace636a-75b7-4f3b-bc91-62046147739b\"\r\n}",
      "ResponseHeaders": {
        "Content-Length": [
          "134"
        ],
        "Content-Type": [
          "application/json; charset=utf-8"
        ],
        "Expires": [
          "-1"
        ],
        "Pragma": [
          "no-cache"
        ],
        "Strict-Transport-Security": [
          "max-age=31536000; includeSubDomains"
        ],
        "x-ms-served-by": [
          "d8479ab9-b4a1-4ca4-bfe5-eb2106eeb54c_131177630606801848"
        ],
        "x-ms-request-id": [
          "d3f708b4-3345-4626-9ab2-0e55efec2a51"
        ],
        "Cache-Control": [
          "no-cache"
        ],
        "Server": [
          "Microsoft-HTTPAPI/2.0",
          "Microsoft-HTTPAPI/2.0"
        ],
        "x-ms-ratelimit-remaining-subscription-reads": [
          "14984"
        ],
        "x-ms-correlation-request-id": [
          "d979b769-e106-4c9d-b9b6-f611c265c047"
        ],
        "x-ms-routing-request-id": [
          "CENTRALUS:20160922T035628Z:d979b769-e106-4c9d-b9b6-f611c265c047"
        ],
        "Date": [
          "Thu, 22 Sep 2016 03:56:28 GMT"
        ]
      },
      "StatusCode": 200
    },
    {
      "RequestUri": "/subscriptions/24fb23e3-6ba3-41f0-9b6e-e41131d5d61e/providers/Microsoft.Compute/locations/southeastasia/operations/8ace636a-75b7-4f3b-bc91-62046147739b?api-version=2016-04-30-preview",
      "EncodedRequestUri": "L3N1YnNjcmlwdGlvbnMvMjRmYjIzZTMtNmJhMy00MWYwLTliNmUtZTQxMTMxZDVkNjFlL3Byb3ZpZGVycy9NaWNyb3NvZnQuQ29tcHV0ZS9sb2NhdGlvbnMvc291dGhlYXN0YXNpYS9vcGVyYXRpb25zLzhhY2U2MzZhLTc1YjctNGYzYi1iYzkxLTYyMDQ2MTQ3NzM5Yj9hcGktdmVyc2lvbj0yMDE2LTA0LTMwLXByZXZpZXc=",
      "RequestMethod": "GET",
      "RequestBody": "",
      "RequestHeaders": {
        "User-Agent": [
          "Microsoft.Azure.Management.Compute.ComputeManagementClient/1.0.0.0"
        ]
      },
      "ResponseBody": "{\r\n  \"startTime\": \"2016-09-21T20:48:52.8188898-07:00\",\r\n  \"endTime\": \"2016-09-21T20:56:49.6877227-07:00\",\r\n  \"status\": \"Succeeded\",\r\n  \"name\": \"8ace636a-75b7-4f3b-bc91-62046147739b\"\r\n}",
      "ResponseHeaders": {
        "Content-Length": [
          "184"
        ],
        "Content-Type": [
          "application/json; charset=utf-8"
        ],
        "Expires": [
          "-1"
        ],
        "Pragma": [
          "no-cache"
        ],
        "Strict-Transport-Security": [
          "max-age=31536000; includeSubDomains"
        ],
        "x-ms-served-by": [
          "d8479ab9-b4a1-4ca4-bfe5-eb2106eeb54c_131177630606801848"
        ],
        "x-ms-request-id": [
          "3fbca53b-aa5f-44ba-9edb-e6714a8973be"
        ],
        "Cache-Control": [
          "no-cache"
        ],
        "Server": [
          "Microsoft-HTTPAPI/2.0",
          "Microsoft-HTTPAPI/2.0"
        ],
        "x-ms-ratelimit-remaining-subscription-reads": [
          "14983"
        ],
        "x-ms-correlation-request-id": [
          "01fbeeb5-387e-4356-ae9e-76a819bf7293"
        ],
        "x-ms-routing-request-id": [
          "CENTRALUS:20160922T035659Z:01fbeeb5-387e-4356-ae9e-76a819bf7293"
        ],
        "Date": [
          "Thu, 22 Sep 2016 03:56:58 GMT"
        ]
      },
      "StatusCode": 200
    },
    {
      "RequestUri": "/subscriptions/24fb23e3-6ba3-41f0-9b6e-e41131d5d61e/resourceGroups/crptestar6771/providers/Microsoft.Compute/virtualMachines/vm2212?api-version=2016-04-30-preview",
      "EncodedRequestUri": "L3N1YnNjcmlwdGlvbnMvMjRmYjIzZTMtNmJhMy00MWYwLTliNmUtZTQxMTMxZDVkNjFlL3Jlc291cmNlR3JvdXBzL2NycHRlc3RhcjY3NzEvcHJvdmlkZXJzL01pY3Jvc29mdC5Db21wdXRlL3ZpcnR1YWxNYWNoaW5lcy92bTIyMTI/YXBpLXZlcnNpb249MjAxNi0wNC0zMC1wcmV2aWV3",
      "RequestMethod": "GET",
      "RequestBody": "",
      "RequestHeaders": {
        "User-Agent": [
          "Microsoft.Azure.Management.Compute.ComputeManagementClient/1.0.0.0"
        ]
      },
      "ResponseBody": "{\r\n  \"properties\": {\r\n    \"vmId\": \"43d18833-9fae-46f5-9b48-d59eb6d25e12\",\r\n    \"availabilitySet\": {\r\n      \"id\": \"/subscriptions/24fb23e3-6ba3-41f0-9b6e-e41131d5d61e/resourceGroups/crptestar6771/providers/Microsoft.Compute/availabilitySets/AS262\"\r\n    },\r\n    \"hardwareProfile\": {\r\n      \"vmSize\": \"Standard_A0\"\r\n    },\r\n    \"storageProfile\": {\r\n      \"imageReference\": {\r\n        \"publisher\": \"MicrosoftWindowsServer\",\r\n        \"offer\": \"WindowsServer\",\r\n        \"sku\": \"2012-R2-Datacenter\",\r\n        \"version\": \"4.0.20151120\"\r\n      },\r\n      \"osDisk\": {\r\n        \"osType\": \"Windows\",\r\n        \"name\": \"test\",\r\n        \"createOption\": \"FromImage\",\r\n        \"caching\": \"None\",\r\n        \"managedDisk\": {\r\n          \"storageAccountType\": \"Standard_LRS\",\r\n          \"id\": \"/subscriptions/24fb23e3-6ba3-41f0-9b6e-e41131d5d61e/resourceGroups/crptestar6771/providers/Microsoft.Compute/disks/test\"\r\n        }\r\n      },\r\n      \"dataDisks\": [\r\n        {\r\n          \"lun\": 0,\r\n          \"name\": \"vm2212_disk2\",\r\n          \"createOption\": \"Empty\",\r\n          \"caching\": \"None\",\r\n          \"managedDisk\": {\r\n            \"storageAccountType\": \"Standard_LRS\",\r\n            \"id\": \"/subscriptions/24fb23e3-6ba3-41f0-9b6e-e41131d5d61e/resourceGroups/crptestar6771/providers/Microsoft.Compute/disks/vm2212_disk2\"\r\n          },\r\n          \"diskSizeGB\": 30\r\n        }\r\n      ]\r\n    },\r\n    \"osProfile\": {\r\n      \"computerName\": \"test\",\r\n      \"adminUsername\": \"Foo12\",\r\n      \"windowsConfiguration\": {\r\n        \"provisionVMAgent\": true,\r\n        \"enableAutomaticUpdates\": true\r\n      },\r\n      \"secrets\": []\r\n    },\r\n    \"networkProfile\": {\r\n      \"networkInterfaces\": [\r\n        {\r\n          \"id\": \"/subscriptions/24fb23e3-6ba3-41f0-9b6e-e41131d5d61e/resourceGroups/crptestar6771/providers/Microsoft.Network/networkInterfaces/nic3338\"\r\n        }\r\n      ]\r\n    },\r\n    \"provisioningState\": \"Succeeded\"\r\n  },\r\n  \"id\": \"/subscriptions/24fb23e3-6ba3-41f0-9b6e-e41131d5d61e/resourceGroups/crptestar6771/providers/Microsoft.Compute/virtualMachines/vm2212\",\r\n  \"name\": \"vm2212\",\r\n  \"type\": \"Microsoft.Compute/virtualMachines\",\r\n  \"location\": \"southeastasia\",\r\n  \"tags\": {\r\n    \"RG\": \"rg\",\r\n    \"testTag\": \"1\"\r\n  }\r\n}",
      "ResponseHeaders": {
        "Content-Length": [
          "2135"
        ],
        "Content-Type": [
          "application/json; charset=utf-8"
        ],
        "Expires": [
          "-1"
        ],
        "Pragma": [
          "no-cache"
        ],
        "Strict-Transport-Security": [
          "max-age=31536000; includeSubDomains"
        ],
        "x-ms-served-by": [
          "d8479ab9-b4a1-4ca4-bfe5-eb2106eeb54c_131177630606801848"
        ],
        "x-ms-request-id": [
          "daf02c1f-990a-4782-9d02-8437d2a98865"
        ],
        "Cache-Control": [
          "no-cache"
        ],
        "Server": [
          "Microsoft-HTTPAPI/2.0",
          "Microsoft-HTTPAPI/2.0"
        ],
        "x-ms-ratelimit-remaining-subscription-reads": [
          "14982"
        ],
        "x-ms-correlation-request-id": [
          "6b41cbb6-5d9c-4f10-bdd1-551528d7eea0"
        ],
        "x-ms-routing-request-id": [
          "CENTRALUS:20160922T035659Z:6b41cbb6-5d9c-4f10-bdd1-551528d7eea0"
        ],
        "Date": [
          "Thu, 22 Sep 2016 03:56:59 GMT"
        ]
      },
      "StatusCode": 200
    },
    {
      "RequestUri": "/subscriptions/24fb23e3-6ba3-41f0-9b6e-e41131d5d61e/resourceGroups/crptestar6771/providers/Microsoft.Compute/virtualMachines/vm2212?api-version=2016-04-30-preview",
      "EncodedRequestUri": "L3N1YnNjcmlwdGlvbnMvMjRmYjIzZTMtNmJhMy00MWYwLTliNmUtZTQxMTMxZDVkNjFlL3Jlc291cmNlR3JvdXBzL2NycHRlc3RhcjY3NzEvcHJvdmlkZXJzL01pY3Jvc29mdC5Db21wdXRlL3ZpcnR1YWxNYWNoaW5lcy92bTIyMTI/YXBpLXZlcnNpb249MjAxNi0wNC0zMC1wcmV2aWV3",
      "RequestMethod": "GET",
      "RequestBody": "",
      "RequestHeaders": {
        "x-ms-client-request-id": [
          "3db575a7-5249-4142-8381-db5e74d851e7"
        ],
        "accept-language": [
          "en-US"
        ],
        "User-Agent": [
          "Microsoft.Azure.Management.Compute.ComputeManagementClient/1.0.0.0"
        ]
      },
      "ResponseBody": "{\r\n  \"properties\": {\r\n    \"vmId\": \"43d18833-9fae-46f5-9b48-d59eb6d25e12\",\r\n    \"availabilitySet\": {\r\n      \"id\": \"/subscriptions/24fb23e3-6ba3-41f0-9b6e-e41131d5d61e/resourceGroups/crptestar6771/providers/Microsoft.Compute/availabilitySets/AS262\"\r\n    },\r\n    \"hardwareProfile\": {\r\n      \"vmSize\": \"Standard_A0\"\r\n    },\r\n    \"storageProfile\": {\r\n      \"imageReference\": {\r\n        \"publisher\": \"MicrosoftWindowsServer\",\r\n        \"offer\": \"WindowsServer\",\r\n        \"sku\": \"2012-R2-Datacenter\",\r\n        \"version\": \"4.0.20151120\"\r\n      },\r\n      \"osDisk\": {\r\n        \"osType\": \"Windows\",\r\n        \"name\": \"test\",\r\n        \"createOption\": \"FromImage\",\r\n        \"caching\": \"None\",\r\n        \"managedDisk\": {\r\n          \"storageAccountType\": \"Standard_LRS\",\r\n          \"id\": \"/subscriptions/24fb23e3-6ba3-41f0-9b6e-e41131d5d61e/resourceGroups/crptestar6771/providers/Microsoft.Compute/disks/test\"\r\n        }\r\n      },\r\n      \"dataDisks\": [\r\n        {\r\n          \"lun\": 0,\r\n          \"name\": \"vm2212_disk2\",\r\n          \"createOption\": \"Empty\",\r\n          \"caching\": \"None\",\r\n          \"managedDisk\": {\r\n            \"storageAccountType\": \"Standard_LRS\",\r\n            \"id\": \"/subscriptions/24fb23e3-6ba3-41f0-9b6e-e41131d5d61e/resourceGroups/crptestar6771/providers/Microsoft.Compute/disks/vm2212_disk2\"\r\n          },\r\n          \"diskSizeGB\": 30\r\n        }\r\n      ]\r\n    },\r\n    \"osProfile\": {\r\n      \"computerName\": \"test\",\r\n      \"adminUsername\": \"Foo12\",\r\n      \"windowsConfiguration\": {\r\n        \"provisionVMAgent\": true,\r\n        \"enableAutomaticUpdates\": true\r\n      },\r\n      \"secrets\": []\r\n    },\r\n    \"networkProfile\": {\r\n      \"networkInterfaces\": [\r\n        {\r\n          \"id\": \"/subscriptions/24fb23e3-6ba3-41f0-9b6e-e41131d5d61e/resourceGroups/crptestar6771/providers/Microsoft.Network/networkInterfaces/nic3338\"\r\n        }\r\n      ]\r\n    },\r\n    \"provisioningState\": \"Succeeded\"\r\n  },\r\n  \"id\": \"/subscriptions/24fb23e3-6ba3-41f0-9b6e-e41131d5d61e/resourceGroups/crptestar6771/providers/Microsoft.Compute/virtualMachines/vm2212\",\r\n  \"name\": \"vm2212\",\r\n  \"type\": \"Microsoft.Compute/virtualMachines\",\r\n  \"location\": \"southeastasia\",\r\n  \"tags\": {\r\n    \"RG\": \"rg\",\r\n    \"testTag\": \"1\"\r\n  }\r\n}",
      "ResponseHeaders": {
        "Content-Length": [
          "2135"
        ],
        "Content-Type": [
          "application/json; charset=utf-8"
        ],
        "Expires": [
          "-1"
        ],
        "Pragma": [
          "no-cache"
        ],
        "Strict-Transport-Security": [
          "max-age=31536000; includeSubDomains"
        ],
        "x-ms-served-by": [
          "d8479ab9-b4a1-4ca4-bfe5-eb2106eeb54c_131177630606801848"
        ],
        "x-ms-request-id": [
          "b4cfa4d2-cbae-4320-92a8-5b2afe4cc5fd"
        ],
        "Cache-Control": [
          "no-cache"
        ],
        "Server": [
          "Microsoft-HTTPAPI/2.0",
          "Microsoft-HTTPAPI/2.0"
        ],
        "x-ms-ratelimit-remaining-subscription-reads": [
          "14981"
        ],
        "x-ms-correlation-request-id": [
          "67adf99a-2843-40d8-b44d-e2916f0586f0"
        ],
        "x-ms-routing-request-id": [
          "CENTRALUS:20160922T035700Z:67adf99a-2843-40d8-b44d-e2916f0586f0"
        ],
        "Date": [
          "Thu, 22 Sep 2016 03:57:00 GMT"
        ]
      },
      "StatusCode": 200
    },
    {
      "RequestUri": "/subscriptions/24fb23e3-6ba3-41f0-9b6e-e41131d5d61e/resourceGroups/crptestar6771/providers/Microsoft.Compute/virtualMachines/vm2212?$expand=instanceView&api-version=2016-04-30-preview",
      "EncodedRequestUri": "L3N1YnNjcmlwdGlvbnMvMjRmYjIzZTMtNmJhMy00MWYwLTliNmUtZTQxMTMxZDVkNjFlL3Jlc291cmNlR3JvdXBzL2NycHRlc3RhcjY3NzEvcHJvdmlkZXJzL01pY3Jvc29mdC5Db21wdXRlL3ZpcnR1YWxNYWNoaW5lcy92bTIyMTI/JGV4cGFuZD1pbnN0YW5jZVZpZXcmYXBpLXZlcnNpb249MjAxNi0wNC0zMC1wcmV2aWV3",
      "RequestMethod": "GET",
      "RequestBody": "",
      "RequestHeaders": {
        "x-ms-client-request-id": [
          "ff2849ed-88d0-4463-a11f-351d4f4dc404"
        ],
        "accept-language": [
          "en-US"
        ],
        "User-Agent": [
          "Microsoft.Azure.Management.Compute.ComputeManagementClient/1.0.0.0"
        ]
      },
      "ResponseBody": "{\r\n  \"properties\": {\r\n    \"vmId\": \"43d18833-9fae-46f5-9b48-d59eb6d25e12\",\r\n    \"availabilitySet\": {\r\n      \"id\": \"/subscriptions/24fb23e3-6ba3-41f0-9b6e-e41131d5d61e/resourceGroups/crptestar6771/providers/Microsoft.Compute/availabilitySets/AS262\"\r\n    },\r\n    \"hardwareProfile\": {\r\n      \"vmSize\": \"Standard_A0\"\r\n    },\r\n    \"storageProfile\": {\r\n      \"imageReference\": {\r\n        \"publisher\": \"MicrosoftWindowsServer\",\r\n        \"offer\": \"WindowsServer\",\r\n        \"sku\": \"2012-R2-Datacenter\",\r\n        \"version\": \"4.0.20151120\"\r\n      },\r\n      \"osDisk\": {\r\n        \"osType\": \"Windows\",\r\n        \"name\": \"test\",\r\n        \"createOption\": \"FromImage\",\r\n        \"caching\": \"None\",\r\n        \"managedDisk\": {\r\n          \"storageAccountType\": \"Standard_LRS\",\r\n          \"id\": \"/subscriptions/24fb23e3-6ba3-41f0-9b6e-e41131d5d61e/resourceGroups/crptestar6771/providers/Microsoft.Compute/disks/test\"\r\n        }\r\n      },\r\n      \"dataDisks\": [\r\n        {\r\n          \"lun\": 0,\r\n          \"name\": \"vm2212_disk2\",\r\n          \"createOption\": \"Empty\",\r\n          \"caching\": \"None\",\r\n          \"managedDisk\": {\r\n            \"storageAccountType\": \"Standard_LRS\",\r\n            \"id\": \"/subscriptions/24fb23e3-6ba3-41f0-9b6e-e41131d5d61e/resourceGroups/crptestar6771/providers/Microsoft.Compute/disks/vm2212_disk2\"\r\n          },\r\n          \"diskSizeGB\": 30\r\n        }\r\n      ]\r\n    },\r\n    \"osProfile\": {\r\n      \"computerName\": \"test\",\r\n      \"adminUsername\": \"Foo12\",\r\n      \"windowsConfiguration\": {\r\n        \"provisionVMAgent\": true,\r\n        \"enableAutomaticUpdates\": true\r\n      },\r\n      \"secrets\": []\r\n    },\r\n    \"networkProfile\": {\r\n      \"networkInterfaces\": [\r\n        {\r\n          \"id\": \"/subscriptions/24fb23e3-6ba3-41f0-9b6e-e41131d5d61e/resourceGroups/crptestar6771/providers/Microsoft.Network/networkInterfaces/nic3338\"\r\n        }\r\n      ]\r\n    },\r\n    \"provisioningState\": \"Succeeded\",\r\n    \"instanceView\": {\r\n      \"platformUpdateDomain\": 0,\r\n      \"platformFaultDomain\": 0,\r\n      \"vmAgent\": {\r\n        \"vmAgentVersion\": \"Unknown\",\r\n        \"statuses\": [\r\n          {\r\n            \"code\": \"ProvisioningState/Unavailable\",\r\n            \"level\": \"Warning\",\r\n            \"displayStatus\": \"Not Ready\",\r\n            \"message\": \"VM status blob is found but not yet populated.\",\r\n            \"time\": \"2016-09-21T20:57:00-07:00\"\r\n          }\r\n        ]\r\n      },\r\n      \"statuses\": [\r\n        {\r\n          \"code\": \"ProvisioningState/succeeded\",\r\n          \"level\": \"Info\",\r\n          \"displayStatus\": \"Provisioning succeeded\",\r\n          \"time\": \"2016-09-21T20:56:49.625233-07:00\"\r\n        },\r\n        {\r\n          \"code\": \"PowerState/running\",\r\n          \"level\": \"Info\",\r\n          \"displayStatus\": \"VM running\"\r\n        }\r\n      ]\r\n    }\r\n  },\r\n  \"id\": \"/subscriptions/24fb23e3-6ba3-41f0-9b6e-e41131d5d61e/resourceGroups/crptestar6771/providers/Microsoft.Compute/virtualMachines/vm2212\",\r\n  \"name\": \"vm2212\",\r\n  \"type\": \"Microsoft.Compute/virtualMachines\",\r\n  \"location\": \"southeastasia\",\r\n  \"tags\": {\r\n    \"RG\": \"rg\",\r\n    \"testTag\": \"1\"\r\n  }\r\n}",
      "ResponseHeaders": {
        "Content-Length": [
          "2985"
        ],
        "Content-Type": [
          "application/json; charset=utf-8"
        ],
        "Expires": [
          "-1"
        ],
        "Pragma": [
          "no-cache"
        ],
        "Strict-Transport-Security": [
          "max-age=31536000; includeSubDomains"
        ],
        "x-ms-served-by": [
          "d8479ab9-b4a1-4ca4-bfe5-eb2106eeb54c_131177630606801848"
        ],
        "x-ms-request-id": [
          "4461d4ff-01e4-401c-aa32-1d79b27edc79"
        ],
        "Cache-Control": [
          "no-cache"
        ],
        "Server": [
          "Microsoft-HTTPAPI/2.0",
          "Microsoft-HTTPAPI/2.0"
        ],
        "x-ms-ratelimit-remaining-subscription-reads": [
          "14980"
        ],
        "x-ms-correlation-request-id": [
          "c3a0d931-2a99-40df-a562-f5045b2468ac"
        ],
        "x-ms-routing-request-id": [
          "CENTRALUS:20160922T035700Z:c3a0d931-2a99-40df-a562-f5045b2468ac"
        ],
        "Date": [
          "Thu, 22 Sep 2016 03:57:00 GMT"
        ]
      },
      "StatusCode": 200
    },
    {
      "RequestUri": "/subscriptions/24fb23e3-6ba3-41f0-9b6e-e41131d5d61e/resourceGroups/crptestar6771/providers/Microsoft.Compute/virtualMachines?api-version=2016-04-30-preview",
      "EncodedRequestUri": "L3N1YnNjcmlwdGlvbnMvMjRmYjIzZTMtNmJhMy00MWYwLTliNmUtZTQxMTMxZDVkNjFlL3Jlc291cmNlR3JvdXBzL2NycHRlc3RhcjY3NzEvcHJvdmlkZXJzL01pY3Jvc29mdC5Db21wdXRlL3ZpcnR1YWxNYWNoaW5lcz9hcGktdmVyc2lvbj0yMDE2LTA0LTMwLXByZXZpZXc=",
      "RequestMethod": "GET",
      "RequestBody": "",
      "RequestHeaders": {
        "x-ms-client-request-id": [
          "56934ba9-e31f-4687-8017-b03761f4e98f"
        ],
        "accept-language": [
          "en-US"
        ],
        "User-Agent": [
          "Microsoft.Azure.Management.Compute.ComputeManagementClient/1.0.0.0"
        ]
      },
      "ResponseBody": "{\r\n  \"value\": [\r\n    {\r\n      \"properties\": {\r\n        \"vmId\": \"43d18833-9fae-46f5-9b48-d59eb6d25e12\",\r\n        \"availabilitySet\": {\r\n          \"id\": \"/subscriptions/24fb23e3-6ba3-41f0-9b6e-e41131d5d61e/resourceGroups/crptestar6771/providers/Microsoft.Compute/availabilitySets/AS262\"\r\n        },\r\n        \"hardwareProfile\": {\r\n          \"vmSize\": \"Standard_A0\"\r\n        },\r\n        \"storageProfile\": {\r\n          \"imageReference\": {\r\n            \"publisher\": \"MicrosoftWindowsServer\",\r\n            \"offer\": \"WindowsServer\",\r\n            \"sku\": \"2012-R2-Datacenter\",\r\n            \"version\": \"4.0.20151120\"\r\n          },\r\n          \"osDisk\": {\r\n            \"osType\": \"Windows\",\r\n            \"name\": \"test\",\r\n            \"createOption\": \"FromImage\",\r\n            \"caching\": \"None\",\r\n            \"managedDisk\": {\r\n              \"storageAccountType\": \"Standard_LRS\",\r\n              \"id\": \"/subscriptions/24fb23e3-6ba3-41f0-9b6e-e41131d5d61e/resourceGroups/crptestar6771/providers/Microsoft.Compute/disks/test\"\r\n            }\r\n          },\r\n          \"dataDisks\": [\r\n            {\r\n              \"lun\": 0,\r\n              \"name\": \"vm2212_disk2\",\r\n              \"createOption\": \"Empty\",\r\n              \"caching\": \"None\",\r\n              \"managedDisk\": {\r\n                \"storageAccountType\": \"Standard_LRS\",\r\n                \"id\": \"/subscriptions/24fb23e3-6ba3-41f0-9b6e-e41131d5d61e/resourceGroups/crptestar6771/providers/Microsoft.Compute/disks/vm2212_disk2\"\r\n              },\r\n              \"diskSizeGB\": 30\r\n            }\r\n          ]\r\n        },\r\n        \"osProfile\": {\r\n          \"computerName\": \"test\",\r\n          \"adminUsername\": \"Foo12\",\r\n          \"windowsConfiguration\": {\r\n            \"provisionVMAgent\": true,\r\n            \"enableAutomaticUpdates\": true\r\n          },\r\n          \"secrets\": []\r\n        },\r\n        \"networkProfile\": {\r\n          \"networkInterfaces\": [\r\n            {\r\n              \"id\": \"/subscriptions/24fb23e3-6ba3-41f0-9b6e-e41131d5d61e/resourceGroups/crptestar6771/providers/Microsoft.Network/networkInterfaces/nic3338\"\r\n            }\r\n          ]\r\n        },\r\n        \"provisioningState\": \"Succeeded\"\r\n      },\r\n      \"id\": \"/subscriptions/24fb23e3-6ba3-41f0-9b6e-e41131d5d61e/resourceGroups/crptestar6771/providers/Microsoft.Compute/virtualMachines/vm2212\",\r\n      \"name\": \"vm2212\",\r\n      \"type\": \"Microsoft.Compute/virtualMachines\",\r\n      \"location\": \"southeastasia\",\r\n      \"tags\": {\r\n        \"RG\": \"rg\",\r\n        \"testTag\": \"1\"\r\n      }\r\n    }\r\n  ]\r\n}",
      "ResponseHeaders": {
        "Content-Length": [
          "2404"
        ],
        "Content-Type": [
          "application/json; charset=utf-8"
        ],
        "Expires": [
          "-1"
        ],
        "Pragma": [
          "no-cache"
        ],
        "Strict-Transport-Security": [
          "max-age=31536000; includeSubDomains"
        ],
        "x-ms-served-by": [
          "d8479ab9-b4a1-4ca4-bfe5-eb2106eeb54c_131177630606801848"
        ],
        "x-ms-request-id": [
          "29732ad9-d6bb-4658-8edb-da8aeddc1a83"
        ],
        "Cache-Control": [
          "no-cache"
        ],
        "Server": [
          "Microsoft-HTTPAPI/2.0",
          "Microsoft-HTTPAPI/2.0"
        ],
        "x-ms-ratelimit-remaining-subscription-reads": [
          "14979"
        ],
        "x-ms-correlation-request-id": [
          "1355a678-71e4-4a44-9347-0aac6a3fb915"
        ],
        "x-ms-routing-request-id": [
          "CENTRALUS:20160922T035700Z:1355a678-71e4-4a44-9347-0aac6a3fb915"
        ],
        "Date": [
          "Thu, 22 Sep 2016 03:57:00 GMT"
        ]
      },
      "StatusCode": 200
    },
    {
      "RequestUri": "/subscriptions/24fb23e3-6ba3-41f0-9b6e-e41131d5d61e/resourceGroups/crptestar6771/providers/Microsoft.Compute/virtualMachines/vm2212/vmSizes?api-version=2016-04-30-preview",
      "EncodedRequestUri": "L3N1YnNjcmlwdGlvbnMvMjRmYjIzZTMtNmJhMy00MWYwLTliNmUtZTQxMTMxZDVkNjFlL3Jlc291cmNlR3JvdXBzL2NycHRlc3RhcjY3NzEvcHJvdmlkZXJzL01pY3Jvc29mdC5Db21wdXRlL3ZpcnR1YWxNYWNoaW5lcy92bTIyMTIvdm1TaXplcz9hcGktdmVyc2lvbj0yMDE2LTA0LTMwLXByZXZpZXc=",
      "RequestMethod": "GET",
      "RequestBody": "",
      "RequestHeaders": {
        "x-ms-client-request-id": [
          "481ad900-4716-4ddc-a47b-4edb7ee70b36"
        ],
        "accept-language": [
          "en-US"
        ],
        "User-Agent": [
          "Microsoft.Azure.Management.Compute.ComputeManagementClient/1.0.0.0"
        ]
      },
      "ResponseBody": "{\r\n  \"value\": [\r\n    {\r\n      \"name\": \"Standard_A0\",\r\n      \"numberOfCores\": 1,\r\n      \"osDiskSizeInMB\": 1047552,\r\n      \"resourceDiskSizeInMB\": 20480,\r\n      \"memoryInMB\": 768,\r\n      \"maxDataDiskCount\": 1\r\n    },\r\n    {\r\n      \"name\": \"Standard_A1\",\r\n      \"numberOfCores\": 1,\r\n      \"osDiskSizeInMB\": 1047552,\r\n      \"resourceDiskSizeInMB\": 71680,\r\n      \"memoryInMB\": 1792,\r\n      \"maxDataDiskCount\": 2\r\n    },\r\n    {\r\n      \"name\": \"Standard_A2\",\r\n      \"numberOfCores\": 2,\r\n      \"osDiskSizeInMB\": 1047552,\r\n      \"resourceDiskSizeInMB\": 138240,\r\n      \"memoryInMB\": 3584,\r\n      \"maxDataDiskCount\": 4\r\n    },\r\n    {\r\n      \"name\": \"Standard_A3\",\r\n      \"numberOfCores\": 4,\r\n      \"osDiskSizeInMB\": 1047552,\r\n      \"resourceDiskSizeInMB\": 291840,\r\n      \"memoryInMB\": 7168,\r\n      \"maxDataDiskCount\": 8\r\n    },\r\n    {\r\n      \"name\": \"Standard_A5\",\r\n      \"numberOfCores\": 2,\r\n      \"osDiskSizeInMB\": 1047552,\r\n      \"resourceDiskSizeInMB\": 138240,\r\n      \"memoryInMB\": 14336,\r\n      \"maxDataDiskCount\": 4\r\n    },\r\n    {\r\n      \"name\": \"Standard_A4\",\r\n      \"numberOfCores\": 8,\r\n      \"osDiskSizeInMB\": 1047552,\r\n      \"resourceDiskSizeInMB\": 619520,\r\n      \"memoryInMB\": 14336,\r\n      \"maxDataDiskCount\": 16\r\n    },\r\n    {\r\n      \"name\": \"Standard_A6\",\r\n      \"numberOfCores\": 4,\r\n      \"osDiskSizeInMB\": 1047552,\r\n      \"resourceDiskSizeInMB\": 291840,\r\n      \"memoryInMB\": 28672,\r\n      \"maxDataDiskCount\": 8\r\n    },\r\n    {\r\n      \"name\": \"Standard_A7\",\r\n      \"numberOfCores\": 8,\r\n      \"osDiskSizeInMB\": 1047552,\r\n      \"resourceDiskSizeInMB\": 619520,\r\n      \"memoryInMB\": 57344,\r\n      \"maxDataDiskCount\": 16\r\n    },\r\n    {\r\n      \"name\": \"Basic_A0\",\r\n      \"numberOfCores\": 1,\r\n      \"osDiskSizeInMB\": 1047552,\r\n      \"resourceDiskSizeInMB\": 20480,\r\n      \"memoryInMB\": 768,\r\n      \"maxDataDiskCount\": 1\r\n    },\r\n    {\r\n      \"name\": \"Basic_A1\",\r\n      \"numberOfCores\": 1,\r\n      \"osDiskSizeInMB\": 1047552,\r\n      \"resourceDiskSizeInMB\": 40960,\r\n      \"memoryInMB\": 1792,\r\n      \"maxDataDiskCount\": 2\r\n    },\r\n    {\r\n      \"name\": \"Basic_A2\",\r\n      \"numberOfCores\": 2,\r\n      \"osDiskSizeInMB\": 1047552,\r\n      \"resourceDiskSizeInMB\": 61440,\r\n      \"memoryInMB\": 3584,\r\n      \"maxDataDiskCount\": 4\r\n    },\r\n    {\r\n      \"name\": \"Basic_A3\",\r\n      \"numberOfCores\": 4,\r\n      \"osDiskSizeInMB\": 1047552,\r\n      \"resourceDiskSizeInMB\": 122880,\r\n      \"memoryInMB\": 7168,\r\n      \"maxDataDiskCount\": 8\r\n    },\r\n    {\r\n      \"name\": \"Basic_A4\",\r\n      \"numberOfCores\": 8,\r\n      \"osDiskSizeInMB\": 1047552,\r\n      \"resourceDiskSizeInMB\": 245760,\r\n      \"memoryInMB\": 14336,\r\n      \"maxDataDiskCount\": 16\r\n    },\r\n    {\r\n      \"name\": \"Standard_D1_v2\",\r\n      \"numberOfCores\": 1,\r\n      \"osDiskSizeInMB\": 1047552,\r\n      \"resourceDiskSizeInMB\": 51200,\r\n      \"memoryInMB\": 3584,\r\n      \"maxDataDiskCount\": 2\r\n    },\r\n    {\r\n      \"name\": \"Standard_D2_v2\",\r\n      \"numberOfCores\": 2,\r\n      \"osDiskSizeInMB\": 1047552,\r\n      \"resourceDiskSizeInMB\": 102400,\r\n      \"memoryInMB\": 7168,\r\n      \"maxDataDiskCount\": 4\r\n    },\r\n    {\r\n      \"name\": \"Standard_D3_v2\",\r\n      \"numberOfCores\": 4,\r\n      \"osDiskSizeInMB\": 1047552,\r\n      \"resourceDiskSizeInMB\": 204800,\r\n      \"memoryInMB\": 14336,\r\n      \"maxDataDiskCount\": 8\r\n    },\r\n    {\r\n      \"name\": \"Standard_D4_v2\",\r\n      \"numberOfCores\": 8,\r\n      \"osDiskSizeInMB\": 1047552,\r\n      \"resourceDiskSizeInMB\": 409600,\r\n      \"memoryInMB\": 28672,\r\n      \"maxDataDiskCount\": 16\r\n    },\r\n    {\r\n      \"name\": \"Standard_D5_v2\",\r\n      \"numberOfCores\": 16,\r\n      \"osDiskSizeInMB\": 1047552,\r\n      \"resourceDiskSizeInMB\": 819200,\r\n      \"memoryInMB\": 57344,\r\n      \"maxDataDiskCount\": 32\r\n    },\r\n    {\r\n      \"name\": \"Standard_D11_v2\",\r\n      \"numberOfCores\": 2,\r\n      \"osDiskSizeInMB\": 1047552,\r\n      \"resourceDiskSizeInMB\": 102400,\r\n      \"memoryInMB\": 14336,\r\n      \"maxDataDiskCount\": 4\r\n    },\r\n    {\r\n      \"name\": \"Standard_D12_v2\",\r\n      \"numberOfCores\": 4,\r\n      \"osDiskSizeInMB\": 1047552,\r\n      \"resourceDiskSizeInMB\": 204800,\r\n      \"memoryInMB\": 28672,\r\n      \"maxDataDiskCount\": 8\r\n    },\r\n    {\r\n      \"name\": \"Standard_D13_v2\",\r\n      \"numberOfCores\": 8,\r\n      \"osDiskSizeInMB\": 1047552,\r\n      \"resourceDiskSizeInMB\": 409600,\r\n      \"memoryInMB\": 57344,\r\n      \"maxDataDiskCount\": 16\r\n    },\r\n    {\r\n      \"name\": \"Standard_D14_v2\",\r\n      \"numberOfCores\": 16,\r\n      \"osDiskSizeInMB\": 1047552,\r\n      \"resourceDiskSizeInMB\": 819200,\r\n      \"memoryInMB\": 114688,\r\n      \"maxDataDiskCount\": 32\r\n    },\r\n    {\r\n      \"name\": \"Standard_D15_v2\",\r\n      \"numberOfCores\": 20,\r\n      \"osDiskSizeInMB\": 1047552,\r\n      \"resourceDiskSizeInMB\": 286720,\r\n      \"memoryInMB\": 143360,\r\n      \"maxDataDiskCount\": 40\r\n    },\r\n    {\r\n      \"name\": \"Standard_F1\",\r\n      \"numberOfCores\": 1,\r\n      \"osDiskSizeInMB\": 1047552,\r\n      \"resourceDiskSizeInMB\": 16384,\r\n      \"memoryInMB\": 2048,\r\n      \"maxDataDiskCount\": 2\r\n    },\r\n    {\r\n      \"name\": \"Standard_F2\",\r\n      \"numberOfCores\": 2,\r\n      \"osDiskSizeInMB\": 1047552,\r\n      \"resourceDiskSizeInMB\": 32768,\r\n      \"memoryInMB\": 4096,\r\n      \"maxDataDiskCount\": 4\r\n    },\r\n    {\r\n      \"name\": \"Standard_F4\",\r\n      \"numberOfCores\": 4,\r\n      \"osDiskSizeInMB\": 1047552,\r\n      \"resourceDiskSizeInMB\": 65536,\r\n      \"memoryInMB\": 8192,\r\n      \"maxDataDiskCount\": 8\r\n    },\r\n    {\r\n      \"name\": \"Standard_F8\",\r\n      \"numberOfCores\": 8,\r\n      \"osDiskSizeInMB\": 1047552,\r\n      \"resourceDiskSizeInMB\": 131072,\r\n      \"memoryInMB\": 16384,\r\n      \"maxDataDiskCount\": 16\r\n    },\r\n    {\r\n      \"name\": \"Standard_F16\",\r\n      \"numberOfCores\": 16,\r\n      \"osDiskSizeInMB\": 1047552,\r\n      \"resourceDiskSizeInMB\": 262144,\r\n      \"memoryInMB\": 32768,\r\n      \"maxDataDiskCount\": 32\r\n    }\r\n  ]\r\n}",
      "ResponseHeaders": {
        "Content-Length": [
          "5691"
        ],
        "Content-Type": [
          "application/json; charset=utf-8"
        ],
        "Expires": [
          "-1"
        ],
        "Pragma": [
          "no-cache"
        ],
        "Strict-Transport-Security": [
          "max-age=31536000; includeSubDomains"
        ],
        "x-ms-served-by": [
          "d8479ab9-b4a1-4ca4-bfe5-eb2106eeb54c_131177630606801848"
        ],
        "x-ms-request-id": [
          "6fdedab5-d599-4a61-bc51-8cbd0987bf68"
        ],
        "Cache-Control": [
          "no-cache"
        ],
        "Server": [
          "Microsoft-HTTPAPI/2.0",
          "Microsoft-HTTPAPI/2.0"
        ],
        "x-ms-ratelimit-remaining-subscription-reads": [
          "14978"
        ],
        "x-ms-correlation-request-id": [
          "a7ec565f-7821-4d8a-8a5a-76903e2fdf1b"
        ],
        "x-ms-routing-request-id": [
          "CENTRALUS:20160922T035701Z:a7ec565f-7821-4d8a-8a5a-76903e2fdf1b"
        ],
        "Date": [
          "Thu, 22 Sep 2016 03:57:00 GMT"
        ]
      },
      "StatusCode": 200
    },
    {
      "RequestUri": "/subscriptions/24fb23e3-6ba3-41f0-9b6e-e41131d5d61e/resourceGroups/crptestar6771/providers/Microsoft.Compute/availabilitySets/as262/vmSizes?api-version=2016-04-30-preview",
      "EncodedRequestUri": "L3N1YnNjcmlwdGlvbnMvMjRmYjIzZTMtNmJhMy00MWYwLTliNmUtZTQxMTMxZDVkNjFlL3Jlc291cmNlR3JvdXBzL2NycHRlc3RhcjY3NzEvcHJvdmlkZXJzL01pY3Jvc29mdC5Db21wdXRlL2F2YWlsYWJpbGl0eVNldHMvYXMyNjIvdm1TaXplcz9hcGktdmVyc2lvbj0yMDE2LTA0LTMwLXByZXZpZXc=",
      "RequestMethod": "GET",
      "RequestBody": "",
      "RequestHeaders": {
        "x-ms-client-request-id": [
          "3e4fe099-abd3-4b9d-9c9c-70a22f7ecf3f"
        ],
        "accept-language": [
          "en-US"
        ],
        "User-Agent": [
          "Microsoft.Azure.Management.Compute.ComputeManagementClient/1.0.0.0"
        ]
      },
      "ResponseBody": "{\r\n  \"value\": [\r\n    {\r\n      \"name\": \"Standard_A0\",\r\n      \"numberOfCores\": 1,\r\n      \"osDiskSizeInMB\": 1047552,\r\n      \"resourceDiskSizeInMB\": 20480,\r\n      \"memoryInMB\": 768,\r\n      \"maxDataDiskCount\": 1\r\n    },\r\n    {\r\n      \"name\": \"Standard_A1\",\r\n      \"numberOfCores\": 1,\r\n      \"osDiskSizeInMB\": 1047552,\r\n      \"resourceDiskSizeInMB\": 71680,\r\n      \"memoryInMB\": 1792,\r\n      \"maxDataDiskCount\": 2\r\n    },\r\n    {\r\n      \"name\": \"Standard_A2\",\r\n      \"numberOfCores\": 2,\r\n      \"osDiskSizeInMB\": 1047552,\r\n      \"resourceDiskSizeInMB\": 138240,\r\n      \"memoryInMB\": 3584,\r\n      \"maxDataDiskCount\": 4\r\n    },\r\n    {\r\n      \"name\": \"Standard_A3\",\r\n      \"numberOfCores\": 4,\r\n      \"osDiskSizeInMB\": 1047552,\r\n      \"resourceDiskSizeInMB\": 291840,\r\n      \"memoryInMB\": 7168,\r\n      \"maxDataDiskCount\": 8\r\n    },\r\n    {\r\n      \"name\": \"Standard_A5\",\r\n      \"numberOfCores\": 2,\r\n      \"osDiskSizeInMB\": 1047552,\r\n      \"resourceDiskSizeInMB\": 138240,\r\n      \"memoryInMB\": 14336,\r\n      \"maxDataDiskCount\": 4\r\n    },\r\n    {\r\n      \"name\": \"Standard_A4\",\r\n      \"numberOfCores\": 8,\r\n      \"osDiskSizeInMB\": 1047552,\r\n      \"resourceDiskSizeInMB\": 619520,\r\n      \"memoryInMB\": 14336,\r\n      \"maxDataDiskCount\": 16\r\n    },\r\n    {\r\n      \"name\": \"Standard_A6\",\r\n      \"numberOfCores\": 4,\r\n      \"osDiskSizeInMB\": 1047552,\r\n      \"resourceDiskSizeInMB\": 291840,\r\n      \"memoryInMB\": 28672,\r\n      \"maxDataDiskCount\": 8\r\n    },\r\n    {\r\n      \"name\": \"Standard_A7\",\r\n      \"numberOfCores\": 8,\r\n      \"osDiskSizeInMB\": 1047552,\r\n      \"resourceDiskSizeInMB\": 619520,\r\n      \"memoryInMB\": 57344,\r\n      \"maxDataDiskCount\": 16\r\n    },\r\n    {\r\n      \"name\": \"Basic_A0\",\r\n      \"numberOfCores\": 1,\r\n      \"osDiskSizeInMB\": 1047552,\r\n      \"resourceDiskSizeInMB\": 20480,\r\n      \"memoryInMB\": 768,\r\n      \"maxDataDiskCount\": 1\r\n    },\r\n    {\r\n      \"name\": \"Basic_A1\",\r\n      \"numberOfCores\": 1,\r\n      \"osDiskSizeInMB\": 1047552,\r\n      \"resourceDiskSizeInMB\": 40960,\r\n      \"memoryInMB\": 1792,\r\n      \"maxDataDiskCount\": 2\r\n    },\r\n    {\r\n      \"name\": \"Basic_A2\",\r\n      \"numberOfCores\": 2,\r\n      \"osDiskSizeInMB\": 1047552,\r\n      \"resourceDiskSizeInMB\": 61440,\r\n      \"memoryInMB\": 3584,\r\n      \"maxDataDiskCount\": 4\r\n    },\r\n    {\r\n      \"name\": \"Basic_A3\",\r\n      \"numberOfCores\": 4,\r\n      \"osDiskSizeInMB\": 1047552,\r\n      \"resourceDiskSizeInMB\": 122880,\r\n      \"memoryInMB\": 7168,\r\n      \"maxDataDiskCount\": 8\r\n    },\r\n    {\r\n      \"name\": \"Basic_A4\",\r\n      \"numberOfCores\": 8,\r\n      \"osDiskSizeInMB\": 1047552,\r\n      \"resourceDiskSizeInMB\": 245760,\r\n      \"memoryInMB\": 14336,\r\n      \"maxDataDiskCount\": 16\r\n    },\r\n    {\r\n      \"name\": \"Standard_D1_v2\",\r\n      \"numberOfCores\": 1,\r\n      \"osDiskSizeInMB\": 1047552,\r\n      \"resourceDiskSizeInMB\": 51200,\r\n      \"memoryInMB\": 3584,\r\n      \"maxDataDiskCount\": 2\r\n    },\r\n    {\r\n      \"name\": \"Standard_D2_v2\",\r\n      \"numberOfCores\": 2,\r\n      \"osDiskSizeInMB\": 1047552,\r\n      \"resourceDiskSizeInMB\": 102400,\r\n      \"memoryInMB\": 7168,\r\n      \"maxDataDiskCount\": 4\r\n    },\r\n    {\r\n      \"name\": \"Standard_D3_v2\",\r\n      \"numberOfCores\": 4,\r\n      \"osDiskSizeInMB\": 1047552,\r\n      \"resourceDiskSizeInMB\": 204800,\r\n      \"memoryInMB\": 14336,\r\n      \"maxDataDiskCount\": 8\r\n    },\r\n    {\r\n      \"name\": \"Standard_D4_v2\",\r\n      \"numberOfCores\": 8,\r\n      \"osDiskSizeInMB\": 1047552,\r\n      \"resourceDiskSizeInMB\": 409600,\r\n      \"memoryInMB\": 28672,\r\n      \"maxDataDiskCount\": 16\r\n    },\r\n    {\r\n      \"name\": \"Standard_D5_v2\",\r\n      \"numberOfCores\": 16,\r\n      \"osDiskSizeInMB\": 1047552,\r\n      \"resourceDiskSizeInMB\": 819200,\r\n      \"memoryInMB\": 57344,\r\n      \"maxDataDiskCount\": 32\r\n    },\r\n    {\r\n      \"name\": \"Standard_D11_v2\",\r\n      \"numberOfCores\": 2,\r\n      \"osDiskSizeInMB\": 1047552,\r\n      \"resourceDiskSizeInMB\": 102400,\r\n      \"memoryInMB\": 14336,\r\n      \"maxDataDiskCount\": 4\r\n    },\r\n    {\r\n      \"name\": \"Standard_D12_v2\",\r\n      \"numberOfCores\": 4,\r\n      \"osDiskSizeInMB\": 1047552,\r\n      \"resourceDiskSizeInMB\": 204800,\r\n      \"memoryInMB\": 28672,\r\n      \"maxDataDiskCount\": 8\r\n    },\r\n    {\r\n      \"name\": \"Standard_D13_v2\",\r\n      \"numberOfCores\": 8,\r\n      \"osDiskSizeInMB\": 1047552,\r\n      \"resourceDiskSizeInMB\": 409600,\r\n      \"memoryInMB\": 57344,\r\n      \"maxDataDiskCount\": 16\r\n    },\r\n    {\r\n      \"name\": \"Standard_D14_v2\",\r\n      \"numberOfCores\": 16,\r\n      \"osDiskSizeInMB\": 1047552,\r\n      \"resourceDiskSizeInMB\": 819200,\r\n      \"memoryInMB\": 114688,\r\n      \"maxDataDiskCount\": 32\r\n    },\r\n    {\r\n      \"name\": \"Standard_D15_v2\",\r\n      \"numberOfCores\": 20,\r\n      \"osDiskSizeInMB\": 1047552,\r\n      \"resourceDiskSizeInMB\": 286720,\r\n      \"memoryInMB\": 143360,\r\n      \"maxDataDiskCount\": 40\r\n    },\r\n    {\r\n      \"name\": \"Standard_F1\",\r\n      \"numberOfCores\": 1,\r\n      \"osDiskSizeInMB\": 1047552,\r\n      \"resourceDiskSizeInMB\": 16384,\r\n      \"memoryInMB\": 2048,\r\n      \"maxDataDiskCount\": 2\r\n    },\r\n    {\r\n      \"name\": \"Standard_F2\",\r\n      \"numberOfCores\": 2,\r\n      \"osDiskSizeInMB\": 1047552,\r\n      \"resourceDiskSizeInMB\": 32768,\r\n      \"memoryInMB\": 4096,\r\n      \"maxDataDiskCount\": 4\r\n    },\r\n    {\r\n      \"name\": \"Standard_F4\",\r\n      \"numberOfCores\": 4,\r\n      \"osDiskSizeInMB\": 1047552,\r\n      \"resourceDiskSizeInMB\": 65536,\r\n      \"memoryInMB\": 8192,\r\n      \"maxDataDiskCount\": 8\r\n    },\r\n    {\r\n      \"name\": \"Standard_F8\",\r\n      \"numberOfCores\": 8,\r\n      \"osDiskSizeInMB\": 1047552,\r\n      \"resourceDiskSizeInMB\": 131072,\r\n      \"memoryInMB\": 16384,\r\n      \"maxDataDiskCount\": 16\r\n    },\r\n    {\r\n      \"name\": \"Standard_F16\",\r\n      \"numberOfCores\": 16,\r\n      \"osDiskSizeInMB\": 1047552,\r\n      \"resourceDiskSizeInMB\": 262144,\r\n      \"memoryInMB\": 32768,\r\n      \"maxDataDiskCount\": 32\r\n    }\r\n  ]\r\n}",
      "ResponseHeaders": {
        "Content-Length": [
          "5691"
        ],
        "Content-Type": [
          "application/json; charset=utf-8"
        ],
        "Expires": [
          "-1"
        ],
        "Pragma": [
          "no-cache"
        ],
        "Strict-Transport-Security": [
          "max-age=31536000; includeSubDomains"
        ],
        "x-ms-served-by": [
          "d8479ab9-b4a1-4ca4-bfe5-eb2106eeb54c_131177630606801848"
        ],
        "x-ms-request-id": [
          "b3e9859a-2063-4864-aaf2-9cda3f3d7e73"
        ],
        "Cache-Control": [
          "no-cache"
        ],
        "Server": [
          "Microsoft-HTTPAPI/2.0",
          "Microsoft-HTTPAPI/2.0"
        ],
        "x-ms-ratelimit-remaining-subscription-reads": [
          "14977"
        ],
        "x-ms-correlation-request-id": [
          "6093c30e-3ba2-4b81-ad35-9703ac8f54dc"
        ],
        "x-ms-routing-request-id": [
          "CENTRALUS:20160922T035702Z:6093c30e-3ba2-4b81-ad35-9703ac8f54dc"
        ],
        "Date": [
          "Thu, 22 Sep 2016 03:57:01 GMT"
        ]
      },
      "StatusCode": 200
    },
    {
      "RequestUri": "/subscriptions/24fb23e3-6ba3-41f0-9b6e-e41131d5d61e/resourceGroups/crptestar6771/providers/Microsoft.Compute/virtualMachines/vm2212?api-version=2016-04-30-preview",
      "EncodedRequestUri": "L3N1YnNjcmlwdGlvbnMvMjRmYjIzZTMtNmJhMy00MWYwLTliNmUtZTQxMTMxZDVkNjFlL3Jlc291cmNlR3JvdXBzL2NycHRlc3RhcjY3NzEvcHJvdmlkZXJzL01pY3Jvc29mdC5Db21wdXRlL3ZpcnR1YWxNYWNoaW5lcy92bTIyMTI/YXBpLXZlcnNpb249MjAxNi0wNC0zMC1wcmV2aWV3",
      "RequestMethod": "DELETE",
      "RequestBody": "",
      "RequestHeaders": {
        "x-ms-client-request-id": [
          "2b179088-6892-49ac-92b5-65759905d7a7"
        ],
        "accept-language": [
          "en-US"
        ],
        "User-Agent": [
          "Microsoft.Azure.Management.Compute.ComputeManagementClient/1.0.0.0"
        ]
      },
      "ResponseBody": "",
      "ResponseHeaders": {
        "Content-Length": [
          "0"
        ],
        "Expires": [
          "-1"
        ],
        "Pragma": [
          "no-cache"
        ],
        "Azure-AsyncOperation": [
          "https://management.azure.com/subscriptions/24fb23e3-6ba3-41f0-9b6e-e41131d5d61e/providers/Microsoft.Compute/locations/southeastasia/operations/27982cce-a591-4d7d-bf3e-0439ab1f96e1?api-version=2016-04-30-preview"
        ],
        "Strict-Transport-Security": [
          "max-age=31536000; includeSubDomains"
        ],
        "x-ms-served-by": [
          "d8479ab9-b4a1-4ca4-bfe5-eb2106eeb54c_131177630606801848"
        ],
        "x-ms-request-id": [
          "27982cce-a591-4d7d-bf3e-0439ab1f96e1"
        ],
        "Cache-Control": [
          "no-cache"
        ],
        "Location": [
          "https://management.azure.com/subscriptions/24fb23e3-6ba3-41f0-9b6e-e41131d5d61e/providers/Microsoft.Compute/locations/southeastasia/operations/27982cce-a591-4d7d-bf3e-0439ab1f96e1?monitor=true&api-version=2016-04-30-preview"
        ],
        "Server": [
          "Microsoft-HTTPAPI/2.0",
          "Microsoft-HTTPAPI/2.0"
        ],
        "x-ms-ratelimit-remaining-subscription-writes": [
          "1197"
        ],
        "x-ms-correlation-request-id": [
          "41ca1588-db21-4a83-9c5f-8556ac62419b"
        ],
        "x-ms-routing-request-id": [
          "CENTRALUS:20160922T035703Z:41ca1588-db21-4a83-9c5f-8556ac62419b"
        ],
        "Date": [
          "Thu, 22 Sep 2016 03:57:03 GMT"
        ]
      },
      "StatusCode": 202
    },
    {
      "RequestUri": "/subscriptions/24fb23e3-6ba3-41f0-9b6e-e41131d5d61e/providers/Microsoft.Compute/locations/southeastasia/operations/27982cce-a591-4d7d-bf3e-0439ab1f96e1?api-version=2016-04-30-preview",
      "EncodedRequestUri": "L3N1YnNjcmlwdGlvbnMvMjRmYjIzZTMtNmJhMy00MWYwLTliNmUtZTQxMTMxZDVkNjFlL3Byb3ZpZGVycy9NaWNyb3NvZnQuQ29tcHV0ZS9sb2NhdGlvbnMvc291dGhlYXN0YXNpYS9vcGVyYXRpb25zLzI3OTgyY2NlLWE1OTEtNGQ3ZC1iZjNlLTA0MzlhYjFmOTZlMT9hcGktdmVyc2lvbj0yMDE2LTA0LTMwLXByZXZpZXc=",
      "RequestMethod": "GET",
      "RequestBody": "",
      "RequestHeaders": {
        "User-Agent": [
          "Microsoft.Azure.Management.Compute.ComputeManagementClient/1.0.0.0"
        ]
      },
      "ResponseBody": "{\r\n  \"startTime\": \"2016-09-21T20:57:03.3393696-07:00\",\r\n  \"status\": \"InProgress\",\r\n  \"name\": \"27982cce-a591-4d7d-bf3e-0439ab1f96e1\"\r\n}",
      "ResponseHeaders": {
        "Content-Length": [
          "134"
        ],
        "Content-Type": [
          "application/json; charset=utf-8"
        ],
        "Expires": [
          "-1"
        ],
        "Pragma": [
          "no-cache"
        ],
        "Strict-Transport-Security": [
          "max-age=31536000; includeSubDomains"
        ],
        "x-ms-served-by": [
          "d8479ab9-b4a1-4ca4-bfe5-eb2106eeb54c_131177630606801848"
        ],
        "x-ms-request-id": [
          "11c35b19-3c1c-4a92-8a67-558bcb1bb8a9"
        ],
        "Cache-Control": [
          "no-cache"
        ],
        "Server": [
          "Microsoft-HTTPAPI/2.0",
          "Microsoft-HTTPAPI/2.0"
        ],
        "x-ms-ratelimit-remaining-subscription-reads": [
          "14976"
        ],
        "x-ms-correlation-request-id": [
          "a217a303-c733-46af-9ad6-8fc2fabee218"
        ],
        "x-ms-routing-request-id": [
          "CENTRALUS:20160922T035733Z:a217a303-c733-46af-9ad6-8fc2fabee218"
        ],
        "Date": [
          "Thu, 22 Sep 2016 03:57:33 GMT"
        ]
      },
      "StatusCode": 200
    },
    {
      "RequestUri": "/subscriptions/24fb23e3-6ba3-41f0-9b6e-e41131d5d61e/providers/Microsoft.Compute/locations/southeastasia/operations/27982cce-a591-4d7d-bf3e-0439ab1f96e1?api-version=2016-04-30-preview",
      "EncodedRequestUri": "L3N1YnNjcmlwdGlvbnMvMjRmYjIzZTMtNmJhMy00MWYwLTliNmUtZTQxMTMxZDVkNjFlL3Byb3ZpZGVycy9NaWNyb3NvZnQuQ29tcHV0ZS9sb2NhdGlvbnMvc291dGhlYXN0YXNpYS9vcGVyYXRpb25zLzI3OTgyY2NlLWE1OTEtNGQ3ZC1iZjNlLTA0MzlhYjFmOTZlMT9hcGktdmVyc2lvbj0yMDE2LTA0LTMwLXByZXZpZXc=",
      "RequestMethod": "GET",
      "RequestBody": "",
      "RequestHeaders": {
        "User-Agent": [
          "Microsoft.Azure.Management.Compute.ComputeManagementClient/1.0.0.0"
        ]
      },
      "ResponseBody": "{\r\n  \"startTime\": \"2016-09-21T20:57:03.3393696-07:00\",\r\n  \"status\": \"InProgress\",\r\n  \"name\": \"27982cce-a591-4d7d-bf3e-0439ab1f96e1\"\r\n}",
      "ResponseHeaders": {
        "Content-Length": [
          "134"
        ],
        "Content-Type": [
          "application/json; charset=utf-8"
        ],
        "Expires": [
          "-1"
        ],
        "Pragma": [
          "no-cache"
        ],
        "Strict-Transport-Security": [
          "max-age=31536000; includeSubDomains"
        ],
        "x-ms-served-by": [
          "d8479ab9-b4a1-4ca4-bfe5-eb2106eeb54c_131177630606801848"
        ],
        "x-ms-request-id": [
          "07b24e8c-fb86-47ab-a78a-eef0bf130519"
        ],
        "Cache-Control": [
          "no-cache"
        ],
        "Server": [
          "Microsoft-HTTPAPI/2.0",
          "Microsoft-HTTPAPI/2.0"
        ],
        "x-ms-ratelimit-remaining-subscription-reads": [
          "14975"
        ],
        "x-ms-correlation-request-id": [
          "748a443d-5718-49d3-b031-02154771c9aa"
        ],
        "x-ms-routing-request-id": [
          "CENTRALUS:20160922T035804Z:748a443d-5718-49d3-b031-02154771c9aa"
        ],
        "Date": [
          "Thu, 22 Sep 2016 03:58:03 GMT"
        ]
      },
      "StatusCode": 200
    },
    {
      "RequestUri": "/subscriptions/24fb23e3-6ba3-41f0-9b6e-e41131d5d61e/providers/Microsoft.Compute/locations/southeastasia/operations/27982cce-a591-4d7d-bf3e-0439ab1f96e1?api-version=2016-04-30-preview",
      "EncodedRequestUri": "L3N1YnNjcmlwdGlvbnMvMjRmYjIzZTMtNmJhMy00MWYwLTliNmUtZTQxMTMxZDVkNjFlL3Byb3ZpZGVycy9NaWNyb3NvZnQuQ29tcHV0ZS9sb2NhdGlvbnMvc291dGhlYXN0YXNpYS9vcGVyYXRpb25zLzI3OTgyY2NlLWE1OTEtNGQ3ZC1iZjNlLTA0MzlhYjFmOTZlMT9hcGktdmVyc2lvbj0yMDE2LTA0LTMwLXByZXZpZXc=",
      "RequestMethod": "GET",
      "RequestBody": "",
      "RequestHeaders": {
        "User-Agent": [
          "Microsoft.Azure.Management.Compute.ComputeManagementClient/1.0.0.0"
        ]
      },
      "ResponseBody": "{\r\n  \"startTime\": \"2016-09-21T20:57:03.3393696-07:00\",\r\n  \"status\": \"InProgress\",\r\n  \"name\": \"27982cce-a591-4d7d-bf3e-0439ab1f96e1\"\r\n}",
      "ResponseHeaders": {
        "Content-Length": [
          "134"
        ],
        "Content-Type": [
          "application/json; charset=utf-8"
        ],
        "Expires": [
          "-1"
        ],
        "Pragma": [
          "no-cache"
        ],
        "Strict-Transport-Security": [
          "max-age=31536000; includeSubDomains"
        ],
        "x-ms-served-by": [
          "d8479ab9-b4a1-4ca4-bfe5-eb2106eeb54c_131177630606801848"
        ],
        "x-ms-request-id": [
          "1276f858-30d0-4509-b515-cf576a99172a"
        ],
        "Cache-Control": [
          "no-cache"
        ],
        "Server": [
          "Microsoft-HTTPAPI/2.0",
          "Microsoft-HTTPAPI/2.0"
        ],
        "x-ms-ratelimit-remaining-subscription-reads": [
          "14974"
        ],
        "x-ms-correlation-request-id": [
          "d3d748d6-fdd6-4a0b-ab4e-2c5a83002df7"
        ],
        "x-ms-routing-request-id": [
          "CENTRALUS:20160922T035834Z:d3d748d6-fdd6-4a0b-ab4e-2c5a83002df7"
        ],
        "Date": [
          "Thu, 22 Sep 2016 03:58:33 GMT"
        ]
      },
      "StatusCode": 200
    },
    {
      "RequestUri": "/subscriptions/24fb23e3-6ba3-41f0-9b6e-e41131d5d61e/providers/Microsoft.Compute/locations/southeastasia/operations/27982cce-a591-4d7d-bf3e-0439ab1f96e1?api-version=2016-04-30-preview",
      "EncodedRequestUri": "L3N1YnNjcmlwdGlvbnMvMjRmYjIzZTMtNmJhMy00MWYwLTliNmUtZTQxMTMxZDVkNjFlL3Byb3ZpZGVycy9NaWNyb3NvZnQuQ29tcHV0ZS9sb2NhdGlvbnMvc291dGhlYXN0YXNpYS9vcGVyYXRpb25zLzI3OTgyY2NlLWE1OTEtNGQ3ZC1iZjNlLTA0MzlhYjFmOTZlMT9hcGktdmVyc2lvbj0yMDE2LTA0LTMwLXByZXZpZXc=",
      "RequestMethod": "GET",
      "RequestBody": "",
      "RequestHeaders": {
        "User-Agent": [
          "Microsoft.Azure.Management.Compute.ComputeManagementClient/1.0.0.0"
        ]
      },
      "ResponseBody": "{\r\n  \"startTime\": \"2016-09-21T20:57:03.3393696-07:00\",\r\n  \"status\": \"InProgress\",\r\n  \"name\": \"27982cce-a591-4d7d-bf3e-0439ab1f96e1\"\r\n}",
      "ResponseHeaders": {
        "Content-Length": [
          "134"
        ],
        "Content-Type": [
          "application/json; charset=utf-8"
        ],
        "Expires": [
          "-1"
        ],
        "Pragma": [
          "no-cache"
        ],
        "Strict-Transport-Security": [
          "max-age=31536000; includeSubDomains"
        ],
        "x-ms-served-by": [
          "d8479ab9-b4a1-4ca4-bfe5-eb2106eeb54c_131177630606801848"
        ],
        "x-ms-request-id": [
          "06b0f457-2b09-415d-84ed-475f73772e4e"
        ],
        "Cache-Control": [
          "no-cache"
        ],
        "Server": [
          "Microsoft-HTTPAPI/2.0",
          "Microsoft-HTTPAPI/2.0"
        ],
        "x-ms-ratelimit-remaining-subscription-reads": [
          "14973"
        ],
        "x-ms-correlation-request-id": [
          "7efc118f-0332-4268-9e5d-7ebd7e8f5acb"
        ],
        "x-ms-routing-request-id": [
          "CENTRALUS:20160922T035904Z:7efc118f-0332-4268-9e5d-7ebd7e8f5acb"
        ],
        "Date": [
          "Thu, 22 Sep 2016 03:59:04 GMT"
        ]
      },
      "StatusCode": 200
    },
    {
      "RequestUri": "/subscriptions/24fb23e3-6ba3-41f0-9b6e-e41131d5d61e/providers/Microsoft.Compute/locations/southeastasia/operations/27982cce-a591-4d7d-bf3e-0439ab1f96e1?api-version=2016-04-30-preview",
      "EncodedRequestUri": "L3N1YnNjcmlwdGlvbnMvMjRmYjIzZTMtNmJhMy00MWYwLTliNmUtZTQxMTMxZDVkNjFlL3Byb3ZpZGVycy9NaWNyb3NvZnQuQ29tcHV0ZS9sb2NhdGlvbnMvc291dGhlYXN0YXNpYS9vcGVyYXRpb25zLzI3OTgyY2NlLWE1OTEtNGQ3ZC1iZjNlLTA0MzlhYjFmOTZlMT9hcGktdmVyc2lvbj0yMDE2LTA0LTMwLXByZXZpZXc=",
      "RequestMethod": "GET",
      "RequestBody": "",
      "RequestHeaders": {
        "User-Agent": [
          "Microsoft.Azure.Management.Compute.ComputeManagementClient/1.0.0.0"
        ]
      },
      "ResponseBody": "{\r\n  \"startTime\": \"2016-09-21T20:57:03.3393696-07:00\",\r\n  \"status\": \"InProgress\",\r\n  \"name\": \"27982cce-a591-4d7d-bf3e-0439ab1f96e1\"\r\n}",
      "ResponseHeaders": {
        "Content-Length": [
          "134"
        ],
        "Content-Type": [
          "application/json; charset=utf-8"
        ],
        "Expires": [
          "-1"
        ],
        "Pragma": [
          "no-cache"
        ],
        "Strict-Transport-Security": [
          "max-age=31536000; includeSubDomains"
        ],
        "x-ms-served-by": [
          "d8479ab9-b4a1-4ca4-bfe5-eb2106eeb54c_131177630606801848"
        ],
        "x-ms-request-id": [
          "49e19456-e71d-473a-b210-f56af839cb06"
        ],
        "Cache-Control": [
          "no-cache"
        ],
        "Server": [
          "Microsoft-HTTPAPI/2.0",
          "Microsoft-HTTPAPI/2.0"
        ],
        "x-ms-ratelimit-remaining-subscription-reads": [
          "14972"
        ],
        "x-ms-correlation-request-id": [
          "904de6d4-a773-4c8a-b55e-9872c5c868ab"
        ],
        "x-ms-routing-request-id": [
          "CENTRALUS:20160922T035935Z:904de6d4-a773-4c8a-b55e-9872c5c868ab"
        ],
        "Date": [
          "Thu, 22 Sep 2016 03:59:35 GMT"
        ]
      },
      "StatusCode": 200
    },
    {
      "RequestUri": "/subscriptions/24fb23e3-6ba3-41f0-9b6e-e41131d5d61e/providers/Microsoft.Compute/locations/southeastasia/operations/27982cce-a591-4d7d-bf3e-0439ab1f96e1?api-version=2016-04-30-preview",
      "EncodedRequestUri": "L3N1YnNjcmlwdGlvbnMvMjRmYjIzZTMtNmJhMy00MWYwLTliNmUtZTQxMTMxZDVkNjFlL3Byb3ZpZGVycy9NaWNyb3NvZnQuQ29tcHV0ZS9sb2NhdGlvbnMvc291dGhlYXN0YXNpYS9vcGVyYXRpb25zLzI3OTgyY2NlLWE1OTEtNGQ3ZC1iZjNlLTA0MzlhYjFmOTZlMT9hcGktdmVyc2lvbj0yMDE2LTA0LTMwLXByZXZpZXc=",
      "RequestMethod": "GET",
      "RequestBody": "",
      "RequestHeaders": {
        "User-Agent": [
          "Microsoft.Azure.Management.Compute.ComputeManagementClient/1.0.0.0"
        ]
      },
      "ResponseBody": "{\r\n  \"startTime\": \"2016-09-21T20:57:03.3393696-07:00\",\r\n  \"endTime\": \"2016-09-21T20:59:44.4573011-07:00\",\r\n  \"status\": \"Succeeded\",\r\n  \"name\": \"27982cce-a591-4d7d-bf3e-0439ab1f96e1\"\r\n}",
      "ResponseHeaders": {
        "Content-Length": [
          "184"
        ],
        "Content-Type": [
          "application/json; charset=utf-8"
        ],
        "Expires": [
          "-1"
        ],
        "Pragma": [
          "no-cache"
        ],
        "Strict-Transport-Security": [
          "max-age=31536000; includeSubDomains"
        ],
        "x-ms-served-by": [
          "d8479ab9-b4a1-4ca4-bfe5-eb2106eeb54c_131177630606801848"
        ],
        "x-ms-request-id": [
          "7c39261c-b8da-446e-94b7-2104fba9caa5"
        ],
        "Cache-Control": [
          "no-cache"
        ],
        "Server": [
          "Microsoft-HTTPAPI/2.0",
          "Microsoft-HTTPAPI/2.0"
        ],
        "x-ms-ratelimit-remaining-subscription-reads": [
          "14971"
        ],
        "x-ms-correlation-request-id": [
          "2fc2786f-5dc3-4b16-9179-3cc5e3a4d946"
        ],
        "x-ms-routing-request-id": [
          "CENTRALUS:20160922T040005Z:2fc2786f-5dc3-4b16-9179-3cc5e3a4d946"
        ],
        "Date": [
          "Thu, 22 Sep 2016 04:00:05 GMT"
        ]
      },
      "StatusCode": 200
    },
    {
      "RequestUri": "/subscriptions/24fb23e3-6ba3-41f0-9b6e-e41131d5d61e/resourcegroups/crptestar6771?api-version=2015-11-01",
      "EncodedRequestUri": "L3N1YnNjcmlwdGlvbnMvMjRmYjIzZTMtNmJhMy00MWYwLTliNmUtZTQxMTMxZDVkNjFlL3Jlc291cmNlZ3JvdXBzL2NycHRlc3RhcjY3NzE/YXBpLXZlcnNpb249MjAxNS0xMS0wMQ==",
      "RequestMethod": "DELETE",
      "RequestBody": "",
      "RequestHeaders": {
        "x-ms-client-request-id": [
          "38107f77-66d2-41f2-a4cc-adfbb8a6c620"
        ],
        "accept-language": [
          "en-US"
        ],
        "User-Agent": [
          "Microsoft.Azure.Management.Resources.ResourceManagementClient/3.0.0.0"
        ]
      },
      "ResponseBody": "",
      "ResponseHeaders": {
        "Content-Length": [
          "0"
        ],
        "Expires": [
          "-1"
        ],
        "Pragma": [
          "no-cache"
        ],
        "Retry-After": [
          "15"
        ],
        "x-ms-ratelimit-remaining-subscription-writes": [
          "1199"
        ],
        "x-ms-request-id": [
          "cf89d355-5480-4de2-b87f-be4f8167752a"
        ],
        "x-ms-correlation-request-id": [
          "cf89d355-5480-4de2-b87f-be4f8167752a"
        ],
        "x-ms-routing-request-id": [
          "WESTUS2:20160922T040008Z:cf89d355-5480-4de2-b87f-be4f8167752a"
        ],
        "Strict-Transport-Security": [
          "max-age=31536000; includeSubDomains"
        ],
        "Cache-Control": [
          "no-cache"
        ],
        "Date": [
          "Thu, 22 Sep 2016 04:00:08 GMT"
        ],
        "Location": [
          "https://management.azure.com/subscriptions/24fb23e3-6ba3-41f0-9b6e-e41131d5d61e/operationresults/eyJqb2JJZCI6IlJFU09VUkNFR1JPVVBERUxFVElPTkpPQi1DUlBURVNUQVI2NzcxLVNPVVRIRUFTVEFTSUEiLCJqb2JMb2NhdGlvbiI6InNvdXRoZWFzdGFzaWEifQ?api-version=2015-11-01"
        ]
      },
      "StatusCode": 202
    },
    {
      "RequestUri": "/subscriptions/24fb23e3-6ba3-41f0-9b6e-e41131d5d61e/operationresults/eyJqb2JJZCI6IlJFU09VUkNFR1JPVVBERUxFVElPTkpPQi1DUlBURVNUQVI2NzcxLVNPVVRIRUFTVEFTSUEiLCJqb2JMb2NhdGlvbiI6InNvdXRoZWFzdGFzaWEifQ?api-version=2015-11-01",
      "EncodedRequestUri": "L3N1YnNjcmlwdGlvbnMvMjRmYjIzZTMtNmJhMy00MWYwLTliNmUtZTQxMTMxZDVkNjFlL29wZXJhdGlvbnJlc3VsdHMvZXlKcWIySkpaQ0k2SWxKRlUwOVZVa05GUjFKUFZWQkVSVXhGVkVsUFRrcFBRaTFEVWxCVVJWTlVRVkkyTnpjeExWTlBWVlJJUlVGVFZFRlRTVUVpTENKcWIySk1iMk5oZEdsdmJpSTZJbk52ZFhSb1pXRnpkR0Z6YVdFaWZRP2FwaS12ZXJzaW9uPTIwMTUtMTEtMDE=",
      "RequestMethod": "GET",
      "RequestBody": "",
      "RequestHeaders": {
        "User-Agent": [
          "Microsoft.Azure.Management.Resources.ResourceManagementClient/3.0.0.0"
        ]
      },
      "ResponseBody": "",
      "ResponseHeaders": {
        "Content-Length": [
          "0"
        ],
        "Expires": [
          "-1"
        ],
        "Pragma": [
          "no-cache"
        ],
        "Retry-After": [
          "15"
        ],
        "x-ms-ratelimit-remaining-subscription-reads": [
          "14999"
        ],
        "x-ms-request-id": [
          "608e230a-48eb-43e7-8b45-36d265292c09"
        ],
        "x-ms-correlation-request-id": [
          "608e230a-48eb-43e7-8b45-36d265292c09"
        ],
        "x-ms-routing-request-id": [
          "WESTUS2:20160922T040038Z:608e230a-48eb-43e7-8b45-36d265292c09"
        ],
        "Strict-Transport-Security": [
          "max-age=31536000; includeSubDomains"
        ],
        "Cache-Control": [
          "no-cache"
        ],
        "Date": [
          "Thu, 22 Sep 2016 04:00:38 GMT"
        ],
        "Location": [
          "https://management.azure.com/subscriptions/24fb23e3-6ba3-41f0-9b6e-e41131d5d61e/operationresults/eyJqb2JJZCI6IlJFU09VUkNFR1JPVVBERUxFVElPTkpPQi1DUlBURVNUQVI2NzcxLVNPVVRIRUFTVEFTSUEiLCJqb2JMb2NhdGlvbiI6InNvdXRoZWFzdGFzaWEifQ?api-version=2015-11-01"
        ]
      },
      "StatusCode": 202
    },
    {
      "RequestUri": "/subscriptions/24fb23e3-6ba3-41f0-9b6e-e41131d5d61e/operationresults/eyJqb2JJZCI6IlJFU09VUkNFR1JPVVBERUxFVElPTkpPQi1DUlBURVNUQVI2NzcxLVNPVVRIRUFTVEFTSUEiLCJqb2JMb2NhdGlvbiI6InNvdXRoZWFzdGFzaWEifQ?api-version=2015-11-01",
      "EncodedRequestUri": "L3N1YnNjcmlwdGlvbnMvMjRmYjIzZTMtNmJhMy00MWYwLTliNmUtZTQxMTMxZDVkNjFlL29wZXJhdGlvbnJlc3VsdHMvZXlKcWIySkpaQ0k2SWxKRlUwOVZVa05GUjFKUFZWQkVSVXhGVkVsUFRrcFBRaTFEVWxCVVJWTlVRVkkyTnpjeExWTlBWVlJJUlVGVFZFRlRTVUVpTENKcWIySk1iMk5oZEdsdmJpSTZJbk52ZFhSb1pXRnpkR0Z6YVdFaWZRP2FwaS12ZXJzaW9uPTIwMTUtMTEtMDE=",
      "RequestMethod": "GET",
      "RequestBody": "",
      "RequestHeaders": {
        "User-Agent": [
          "Microsoft.Azure.Management.Resources.ResourceManagementClient/3.0.0.0"
        ]
      },
      "ResponseBody": "",
      "ResponseHeaders": {
        "Content-Length": [
          "0"
        ],
        "Expires": [
          "-1"
        ],
        "Pragma": [
          "no-cache"
        ],
        "Retry-After": [
          "15"
        ],
        "x-ms-ratelimit-remaining-subscription-reads": [
          "14998"
        ],
        "x-ms-request-id": [
          "12c83557-45b9-409d-9958-8a2f1d564d0f"
        ],
        "x-ms-correlation-request-id": [
          "12c83557-45b9-409d-9958-8a2f1d564d0f"
        ],
        "x-ms-routing-request-id": [
          "WESTUS2:20160922T040109Z:12c83557-45b9-409d-9958-8a2f1d564d0f"
        ],
        "Strict-Transport-Security": [
          "max-age=31536000; includeSubDomains"
        ],
        "Cache-Control": [
          "no-cache"
        ],
        "Date": [
          "Thu, 22 Sep 2016 04:01:08 GMT"
        ],
        "Location": [
          "https://management.azure.com/subscriptions/24fb23e3-6ba3-41f0-9b6e-e41131d5d61e/operationresults/eyJqb2JJZCI6IlJFU09VUkNFR1JPVVBERUxFVElPTkpPQi1DUlBURVNUQVI2NzcxLVNPVVRIRUFTVEFTSUEiLCJqb2JMb2NhdGlvbiI6InNvdXRoZWFzdGFzaWEifQ?api-version=2015-11-01"
        ]
      },
      "StatusCode": 202
    },
    {
      "RequestUri": "/subscriptions/24fb23e3-6ba3-41f0-9b6e-e41131d5d61e/operationresults/eyJqb2JJZCI6IlJFU09VUkNFR1JPVVBERUxFVElPTkpPQi1DUlBURVNUQVI2NzcxLVNPVVRIRUFTVEFTSUEiLCJqb2JMb2NhdGlvbiI6InNvdXRoZWFzdGFzaWEifQ?api-version=2015-11-01",
      "EncodedRequestUri": "L3N1YnNjcmlwdGlvbnMvMjRmYjIzZTMtNmJhMy00MWYwLTliNmUtZTQxMTMxZDVkNjFlL29wZXJhdGlvbnJlc3VsdHMvZXlKcWIySkpaQ0k2SWxKRlUwOVZVa05GUjFKUFZWQkVSVXhGVkVsUFRrcFBRaTFEVWxCVVJWTlVRVkkyTnpjeExWTlBWVlJJUlVGVFZFRlRTVUVpTENKcWIySk1iMk5oZEdsdmJpSTZJbk52ZFhSb1pXRnpkR0Z6YVdFaWZRP2FwaS12ZXJzaW9uPTIwMTUtMTEtMDE=",
      "RequestMethod": "GET",
      "RequestBody": "",
      "RequestHeaders": {
        "User-Agent": [
          "Microsoft.Azure.Management.Resources.ResourceManagementClient/3.0.0.0"
        ]
      },
      "ResponseBody": "",
      "ResponseHeaders": {
        "Content-Length": [
          "0"
        ],
        "Expires": [
          "-1"
        ],
        "Pragma": [
          "no-cache"
        ],
        "Retry-After": [
          "15"
        ],
        "x-ms-ratelimit-remaining-subscription-reads": [
          "14997"
        ],
        "x-ms-request-id": [
          "062aae1c-1bd0-467a-b037-6fa2bde7fdbc"
        ],
        "x-ms-correlation-request-id": [
          "062aae1c-1bd0-467a-b037-6fa2bde7fdbc"
        ],
        "x-ms-routing-request-id": [
          "WESTUS2:20160922T040139Z:062aae1c-1bd0-467a-b037-6fa2bde7fdbc"
        ],
        "Strict-Transport-Security": [
          "max-age=31536000; includeSubDomains"
        ],
        "Cache-Control": [
          "no-cache"
        ],
        "Date": [
          "Thu, 22 Sep 2016 04:01:39 GMT"
        ],
        "Location": [
          "https://management.azure.com/subscriptions/24fb23e3-6ba3-41f0-9b6e-e41131d5d61e/operationresults/eyJqb2JJZCI6IlJFU09VUkNFR1JPVVBERUxFVElPTkpPQi1DUlBURVNUQVI2NzcxLVNPVVRIRUFTVEFTSUEiLCJqb2JMb2NhdGlvbiI6InNvdXRoZWFzdGFzaWEifQ?api-version=2015-11-01"
        ]
      },
      "StatusCode": 202
    },
    {
      "RequestUri": "/subscriptions/24fb23e3-6ba3-41f0-9b6e-e41131d5d61e/operationresults/eyJqb2JJZCI6IlJFU09VUkNFR1JPVVBERUxFVElPTkpPQi1DUlBURVNUQVI2NzcxLVNPVVRIRUFTVEFTSUEiLCJqb2JMb2NhdGlvbiI6InNvdXRoZWFzdGFzaWEifQ?api-version=2015-11-01",
      "EncodedRequestUri": "L3N1YnNjcmlwdGlvbnMvMjRmYjIzZTMtNmJhMy00MWYwLTliNmUtZTQxMTMxZDVkNjFlL29wZXJhdGlvbnJlc3VsdHMvZXlKcWIySkpaQ0k2SWxKRlUwOVZVa05GUjFKUFZWQkVSVXhGVkVsUFRrcFBRaTFEVWxCVVJWTlVRVkkyTnpjeExWTlBWVlJJUlVGVFZFRlRTVUVpTENKcWIySk1iMk5oZEdsdmJpSTZJbk52ZFhSb1pXRnpkR0Z6YVdFaWZRP2FwaS12ZXJzaW9uPTIwMTUtMTEtMDE=",
      "RequestMethod": "GET",
      "RequestBody": "",
      "RequestHeaders": {
        "User-Agent": [
          "Microsoft.Azure.Management.Resources.ResourceManagementClient/3.0.0.0"
        ]
      },
      "ResponseBody": "",
      "ResponseHeaders": {
        "Content-Length": [
          "0"
        ],
        "Expires": [
          "-1"
        ],
        "Pragma": [
          "no-cache"
        ],
        "Retry-After": [
          "15"
        ],
        "x-ms-ratelimit-remaining-subscription-reads": [
          "14996"
        ],
        "x-ms-request-id": [
          "a13378c9-86b3-491e-ba7e-c0ebd926a1e3"
        ],
        "x-ms-correlation-request-id": [
          "a13378c9-86b3-491e-ba7e-c0ebd926a1e3"
        ],
        "x-ms-routing-request-id": [
          "WESTUS2:20160922T040209Z:a13378c9-86b3-491e-ba7e-c0ebd926a1e3"
        ],
        "Strict-Transport-Security": [
          "max-age=31536000; includeSubDomains"
        ],
        "Cache-Control": [
          "no-cache"
        ],
        "Date": [
          "Thu, 22 Sep 2016 04:02:09 GMT"
        ],
        "Location": [
          "https://management.azure.com/subscriptions/24fb23e3-6ba3-41f0-9b6e-e41131d5d61e/operationresults/eyJqb2JJZCI6IlJFU09VUkNFR1JPVVBERUxFVElPTkpPQi1DUlBURVNUQVI2NzcxLVNPVVRIRUFTVEFTSUEiLCJqb2JMb2NhdGlvbiI6InNvdXRoZWFzdGFzaWEifQ?api-version=2015-11-01"
        ]
      },
      "StatusCode": 202
    },
    {
      "RequestUri": "/subscriptions/24fb23e3-6ba3-41f0-9b6e-e41131d5d61e/operationresults/eyJqb2JJZCI6IlJFU09VUkNFR1JPVVBERUxFVElPTkpPQi1DUlBURVNUQVI2NzcxLVNPVVRIRUFTVEFTSUEiLCJqb2JMb2NhdGlvbiI6InNvdXRoZWFzdGFzaWEifQ?api-version=2015-11-01",
      "EncodedRequestUri": "L3N1YnNjcmlwdGlvbnMvMjRmYjIzZTMtNmJhMy00MWYwLTliNmUtZTQxMTMxZDVkNjFlL29wZXJhdGlvbnJlc3VsdHMvZXlKcWIySkpaQ0k2SWxKRlUwOVZVa05GUjFKUFZWQkVSVXhGVkVsUFRrcFBRaTFEVWxCVVJWTlVRVkkyTnpjeExWTlBWVlJJUlVGVFZFRlRTVUVpTENKcWIySk1iMk5oZEdsdmJpSTZJbk52ZFhSb1pXRnpkR0Z6YVdFaWZRP2FwaS12ZXJzaW9uPTIwMTUtMTEtMDE=",
      "RequestMethod": "GET",
      "RequestBody": "",
      "RequestHeaders": {
        "User-Agent": [
          "Microsoft.Azure.Management.Resources.ResourceManagementClient/3.0.0.0"
        ]
      },
      "ResponseBody": "",
      "ResponseHeaders": {
        "Content-Length": [
          "0"
        ],
        "Expires": [
          "-1"
        ],
        "Pragma": [
          "no-cache"
        ],
        "Retry-After": [
          "15"
        ],
        "x-ms-ratelimit-remaining-subscription-reads": [
          "14995"
        ],
        "x-ms-request-id": [
          "988dd427-982d-44e0-9e20-4fdc449db218"
        ],
        "x-ms-correlation-request-id": [
          "988dd427-982d-44e0-9e20-4fdc449db218"
        ],
        "x-ms-routing-request-id": [
          "WESTUS2:20160922T040240Z:988dd427-982d-44e0-9e20-4fdc449db218"
        ],
        "Strict-Transport-Security": [
          "max-age=31536000; includeSubDomains"
        ],
        "Cache-Control": [
          "no-cache"
        ],
        "Date": [
          "Thu, 22 Sep 2016 04:02:39 GMT"
        ],
        "Location": [
          "https://management.azure.com/subscriptions/24fb23e3-6ba3-41f0-9b6e-e41131d5d61e/operationresults/eyJqb2JJZCI6IlJFU09VUkNFR1JPVVBERUxFVElPTkpPQi1DUlBURVNUQVI2NzcxLVNPVVRIRUFTVEFTSUEiLCJqb2JMb2NhdGlvbiI6InNvdXRoZWFzdGFzaWEifQ?api-version=2015-11-01"
        ]
      },
      "StatusCode": 202
    },
    {
      "RequestUri": "/subscriptions/24fb23e3-6ba3-41f0-9b6e-e41131d5d61e/operationresults/eyJqb2JJZCI6IlJFU09VUkNFR1JPVVBERUxFVElPTkpPQi1DUlBURVNUQVI2NzcxLVNPVVRIRUFTVEFTSUEiLCJqb2JMb2NhdGlvbiI6InNvdXRoZWFzdGFzaWEifQ?api-version=2015-11-01",
      "EncodedRequestUri": "L3N1YnNjcmlwdGlvbnMvMjRmYjIzZTMtNmJhMy00MWYwLTliNmUtZTQxMTMxZDVkNjFlL29wZXJhdGlvbnJlc3VsdHMvZXlKcWIySkpaQ0k2SWxKRlUwOVZVa05GUjFKUFZWQkVSVXhGVkVsUFRrcFBRaTFEVWxCVVJWTlVRVkkyTnpjeExWTlBWVlJJUlVGVFZFRlRTVUVpTENKcWIySk1iMk5oZEdsdmJpSTZJbk52ZFhSb1pXRnpkR0Z6YVdFaWZRP2FwaS12ZXJzaW9uPTIwMTUtMTEtMDE=",
      "RequestMethod": "GET",
      "RequestBody": "",
      "RequestHeaders": {
        "User-Agent": [
          "Microsoft.Azure.Management.Resources.ResourceManagementClient/3.0.0.0"
        ]
      },
      "ResponseBody": "",
      "ResponseHeaders": {
        "Content-Length": [
          "0"
        ],
        "Expires": [
          "-1"
        ],
        "Pragma": [
          "no-cache"
        ],
        "x-ms-ratelimit-remaining-subscription-reads": [
          "14994"
        ],
        "x-ms-request-id": [
          "815314c0-f724-446e-b19a-cc47e4c56454"
        ],
        "x-ms-correlation-request-id": [
          "815314c0-f724-446e-b19a-cc47e4c56454"
        ],
        "x-ms-routing-request-id": [
          "WESTUS2:20160922T040310Z:815314c0-f724-446e-b19a-cc47e4c56454"
        ],
        "Strict-Transport-Security": [
          "max-age=31536000; includeSubDomains"
        ],
        "Cache-Control": [
          "no-cache"
        ],
        "Date": [
          "Thu, 22 Sep 2016 04:03:10 GMT"
        ]
      },
      "StatusCode": 200
    }
  ],
  "Names": {
    "TestVMScenarioOperationsInternal": [
      "crptestar6771",
      "crptestar5965",
      "as262"
    ],
    "CreatePublicIP": [
      "pip2265",
      "dn3148"
    ],
    "CreateVNET": [
      "vn2916",
      "sn7781"
    ],
    "CreateNIC": [
      "nic3338",
      "ip9759"
    ],
    "CreateDefaultVMInput": [
      "crptestar348",
      "crptestar5273",
      "crptestar4082",
      "vm2212",
      "Microsoft.Compute/virtualMachines5815"
    ]
  },
  "Variables": {
    "SubscriptionId": "24fb23e3-6ba3-41f0-9b6e-e41131d5d61e"
  }
}
