{
  "Entries": [
    {
      "RequestUri": "/subscriptions/9657ab5d-4a4a-4fd2-ae7a-4cd9fbd030ef/resourcegroups/rg6112?api-version=2016-02-01",
      "EncodedRequestUri": "L3N1YnNjcmlwdGlvbnMvOTY1N2FiNWQtNGE0YS00ZmQyLWFlN2EtNGNkOWZiZDAzMGVmL3Jlc291cmNlZ3JvdXBzL3JnNjExMj9hcGktdmVyc2lvbj0yMDE2LTAyLTAx",
      "RequestMethod": "PUT",
      "RequestBody": "{\r\n  \"location\": \"eastus\"\r\n}",
      "RequestHeaders": {
        "Content-Type": [
          "application/json; charset=utf-8"
        ],
        "Content-Length": [
          "28"
        ],
        "x-ms-client-request-id": [
          "09b58a58-c73f-49f6-b520-0a568f0b80b5"
        ],
        "accept-language": [
          "en-US"
        ],
        "User-Agent": [
          "FxVersion/4.6.24214.01",
          "Microsoft.Azure.Management.Resource.Fluent.ResourceManagementClient/1.0.0-beta4.1"
        ]
      },
      "ResponseBody": "{\r\n  \"id\": \"/subscriptions/9657ab5d-4a4a-4fd2-ae7a-4cd9fbd030ef/resourceGroups/rg6112\",\r\n  \"name\": \"rg6112\",\r\n  \"location\": \"eastus\",\r\n  \"properties\": {\r\n    \"provisioningState\": \"Succeeded\"\r\n  }\r\n}",
      "ResponseHeaders": {
        "Content-Length": [
          "165"
        ],
        "Content-Type": [
          "application/json; charset=utf-8"
        ],
        "Expires": [
          "-1"
        ],
        "Cache-Control": [
          "no-cache"
        ],
        "Date": [
          "Fri, 06 Jan 2017 02:02:51 GMT"
        ],
        "Pragma": [
          "no-cache"
        ],
        "x-ms-ratelimit-remaining-subscription-writes": [
          "1199"
        ],
        "x-ms-request-id": [
          "46627e1a-0f0f-4c9d-a992-37e476923a43"
        ],
        "x-ms-correlation-request-id": [
          "46627e1a-0f0f-4c9d-a992-37e476923a43"
        ],
        "x-ms-routing-request-id": [
          "CENTRALUS:20170106T020252Z:46627e1a-0f0f-4c9d-a992-37e476923a43"
        ],
        "Strict-Transport-Security": [
          "max-age=31536000; includeSubDomains"
        ]
      },
      "StatusCode": 201
    },
    {
      "RequestUri": "/subscriptions/9657ab5d-4a4a-4fd2-ae7a-4cd9fbd030ef/resourceGroups/rg6112/providers/Microsoft.Network/virtualNetworks/vnet13b36051476a?api-version=2016-06-01",
      "EncodedRequestUri": "L3N1YnNjcmlwdGlvbnMvOTY1N2FiNWQtNGE0YS00ZmQyLWFlN2EtNGNkOWZiZDAzMGVmL3Jlc291cmNlR3JvdXBzL3JnNjExMi9wcm92aWRlcnMvTWljcm9zb2Z0Lk5ldHdvcmsvdmlydHVhbE5ldHdvcmtzL3ZuZXQxM2IzNjA1MTQ3NmE/YXBpLXZlcnNpb249MjAxNi0wNi0wMQ==",
      "RequestMethod": "PUT",
      "RequestBody": "{\r\n  \"properties\": {\r\n    \"addressSpace\": {\r\n      \"addressPrefixes\": [\r\n        \"10.0.0.0/28\"\r\n      ]\r\n    },\r\n    \"dhcpOptions\": {\r\n      \"dnsServers\": []\r\n    },\r\n    \"subnets\": [\r\n      {\r\n        \"properties\": {\r\n          \"addressPrefix\": \"10.0.0.0/28\"\r\n        },\r\n        \"name\": \"subnet1\"\r\n      }\r\n    ]\r\n  },\r\n  \"location\": \"eastus\",\r\n  \"tags\": {}\r\n}",
      "RequestHeaders": {
        "Content-Type": [
          "application/json; charset=utf-8"
        ],
        "Content-Length": [
          "362"
        ],
        "x-ms-client-request-id": [
          "4bebf397-52e4-484c-95ed-65ad859cee29"
        ],
        "accept-language": [
          "en-US"
        ],
        "User-Agent": [
          "FxVersion/4.6.24214.01",
          "Microsoft.Azure.Management.Network.Fluent.NetworkManagementClient/1.0.0-beta4.1"
        ]
      },
      "ResponseBody": "{\r\n  \"name\": \"vnet13b36051476a\",\r\n  \"id\": \"/subscriptions/9657ab5d-4a4a-4fd2-ae7a-4cd9fbd030ef/resourceGroups/rg6112/providers/Microsoft.Network/virtualNetworks/vnet13b36051476a\",\r\n  \"etag\": \"W/\\\"c97bfe5f-ec92-448b-a55c-031a50708679\\\"\",\r\n  \"type\": \"Microsoft.Network/virtualNetworks\",\r\n  \"location\": \"eastus\",\r\n  \"tags\": {},\r\n  \"properties\": {\r\n    \"provisioningState\": \"Updating\",\r\n    \"resourceGuid\": \"2336187d-ea5b-4188-a51b-17dfca3d805d\",\r\n    \"addressSpace\": {\r\n      \"addressPrefixes\": [\r\n        \"10.0.0.0/28\"\r\n      ]\r\n    },\r\n    \"dhcpOptions\": {\r\n      \"dnsServers\": []\r\n    },\r\n    \"subnets\": [\r\n      {\r\n        \"name\": \"subnet1\",\r\n        \"id\": \"/subscriptions/9657ab5d-4a4a-4fd2-ae7a-4cd9fbd030ef/resourceGroups/rg6112/providers/Microsoft.Network/virtualNetworks/vnet13b36051476a/subnets/subnet1\",\r\n        \"etag\": \"W/\\\"c97bfe5f-ec92-448b-a55c-031a50708679\\\"\",\r\n        \"properties\": {\r\n          \"provisioningState\": \"Updating\",\r\n          \"addressPrefix\": \"10.0.0.0/28\"\r\n        }\r\n      }\r\n    ],\r\n    \"virtualNetworkPeerings\": []\r\n  }\r\n}",
      "ResponseHeaders": {
        "Content-Length": [
          "1055"
        ],
        "Content-Type": [
          "application/json; charset=utf-8"
        ],
        "Expires": [
          "-1"
        ],
        "Cache-Control": [
          "no-cache"
        ],
        "Date": [
          "Fri, 06 Jan 2017 02:02:52 GMT"
        ],
        "Pragma": [
          "no-cache"
        ],
        "Retry-After": [
          "3"
        ],
        "Server": [
          "Microsoft-HTTPAPI/2.0",
          "Microsoft-HTTPAPI/2.0"
        ],
        "x-ms-request-id": [
          "e22eb721-a7b8-40d1-80e1-8de0d282da4a"
        ],
        "Azure-AsyncOperation": [
          "https://management.azure.com/subscriptions/9657ab5d-4a4a-4fd2-ae7a-4cd9fbd030ef/providers/Microsoft.Network/locations/eastus/operations/e22eb721-a7b8-40d1-80e1-8de0d282da4a?api-version=2016-06-01"
        ],
        "Strict-Transport-Security": [
          "max-age=31536000; includeSubDomains"
        ],
        "x-ms-ratelimit-remaining-subscription-writes": [
          "1198"
        ],
        "x-ms-correlation-request-id": [
          "efaf3849-89d5-4569-9039-cb9ca0d3638c"
        ],
        "x-ms-routing-request-id": [
          "CENTRALUS:20170106T020252Z:efaf3849-89d5-4569-9039-cb9ca0d3638c"
        ]
      },
      "StatusCode": 201
    },
    {
      "RequestUri": "/subscriptions/9657ab5d-4a4a-4fd2-ae7a-4cd9fbd030ef/resourceGroups/rg6112/providers/Microsoft.Network/publicIPAddresses/pip45235163e9?api-version=2016-06-01",
      "EncodedRequestUri": "L3N1YnNjcmlwdGlvbnMvOTY1N2FiNWQtNGE0YS00ZmQyLWFlN2EtNGNkOWZiZDAzMGVmL3Jlc291cmNlR3JvdXBzL3JnNjExMi9wcm92aWRlcnMvTWljcm9zb2Z0Lk5ldHdvcmsvcHVibGljSVBBZGRyZXNzZXMvcGlwNDUyMzUxNjNlOT9hcGktdmVyc2lvbj0yMDE2LTA2LTAx",
      "RequestMethod": "PUT",
      "RequestBody": "{\r\n  \"properties\": {\r\n    \"dnsSettings\": {\r\n      \"domainNameLabel\": \"pipdns6112\"\r\n    }\r\n  },\r\n  \"location\": \"eastus\",\r\n  \"tags\": {}\r\n}",
      "RequestHeaders": {
        "Content-Type": [
          "application/json; charset=utf-8"
        ],
        "Content-Length": [
          "136"
        ],
        "x-ms-client-request-id": [
          "a857090c-9132-4b37-861b-61b0c817615e"
        ],
        "accept-language": [
          "en-US"
        ],
        "User-Agent": [
          "FxVersion/4.6.24214.01",
          "Microsoft.Azure.Management.Network.Fluent.NetworkManagementClient/1.0.0-beta4.1"
        ]
      },
      "ResponseBody": "{\r\n  \"name\": \"pip45235163e9\",\r\n  \"id\": \"/subscriptions/9657ab5d-4a4a-4fd2-ae7a-4cd9fbd030ef/resourceGroups/rg6112/providers/Microsoft.Network/publicIPAddresses/pip45235163e9\",\r\n  \"etag\": \"W/\\\"a45412f1-b4aa-4264-a308-cff3b029b2df\\\"\",\r\n  \"type\": \"Microsoft.Network/publicIPAddresses\",\r\n  \"location\": \"eastus\",\r\n  \"tags\": {},\r\n  \"properties\": {\r\n    \"provisioningState\": \"Updating\",\r\n    \"resourceGuid\": \"2b44e8ec-4bf2-4f8b-a476-2c42dfb5780d\",\r\n    \"publicIPAddressVersion\": \"IPv4\",\r\n    \"publicIPAllocationMethod\": \"Dynamic\",\r\n    \"idleTimeoutInMinutes\": 4,\r\n    \"dnsSettings\": {\r\n      \"domainNameLabel\": \"pipdns6112\",\r\n      \"fqdn\": \"pipdns6112.eastus.cloudapp.azure.com\"\r\n    }\r\n  }\r\n}",
      "ResponseHeaders": {
        "Content-Length": [
          "686"
        ],
        "Content-Type": [
          "application/json; charset=utf-8"
        ],
        "Expires": [
          "-1"
        ],
        "Cache-Control": [
          "no-cache"
        ],
        "Date": [
          "Fri, 06 Jan 2017 02:02:53 GMT"
        ],
        "Pragma": [
          "no-cache"
        ],
        "Retry-After": [
          "3"
        ],
        "Server": [
          "Microsoft-HTTPAPI/2.0",
          "Microsoft-HTTPAPI/2.0"
        ],
        "x-ms-request-id": [
          "a7c683dd-4048-4d61-b271-2800bc8c638a"
        ],
        "Azure-AsyncOperation": [
          "https://management.azure.com/subscriptions/9657ab5d-4a4a-4fd2-ae7a-4cd9fbd030ef/providers/Microsoft.Network/locations/eastus/operations/a7c683dd-4048-4d61-b271-2800bc8c638a?api-version=2016-06-01"
        ],
        "Strict-Transport-Security": [
          "max-age=31536000; includeSubDomains"
        ],
        "x-ms-ratelimit-remaining-subscription-writes": [
          "1199"
        ],
        "x-ms-correlation-request-id": [
          "788834f8-10d6-4d69-8127-217042a52b61"
        ],
        "x-ms-routing-request-id": [
          "CENTRALUS:20170106T020253Z:788834f8-10d6-4d69-8127-217042a52b61"
        ]
      },
      "StatusCode": 201
    },
    {
      "RequestUri": "/subscriptions/9657ab5d-4a4a-4fd2-ae7a-4cd9fbd030ef/providers/Microsoft.Network/locations/eastus/operations/e22eb721-a7b8-40d1-80e1-8de0d282da4a?api-version=2016-06-01",
      "EncodedRequestUri": "L3N1YnNjcmlwdGlvbnMvOTY1N2FiNWQtNGE0YS00ZmQyLWFlN2EtNGNkOWZiZDAzMGVmL3Byb3ZpZGVycy9NaWNyb3NvZnQuTmV0d29yay9sb2NhdGlvbnMvZWFzdHVzL29wZXJhdGlvbnMvZTIyZWI3MjEtYTdiOC00MGQxLTgwZTEtOGRlMGQyODJkYTRhP2FwaS12ZXJzaW9uPTIwMTYtMDYtMDE=",
      "RequestMethod": "GET",
      "RequestBody": "",
      "RequestHeaders": {
        "User-Agent": [
          "FxVersion/4.6.24214.01",
          "Microsoft.Azure.Management.Network.Fluent.NetworkManagementClient/1.0.0-beta4.1"
        ]
      },
      "ResponseBody": "{\r\n  \"status\": \"Succeeded\"\r\n}",
      "ResponseHeaders": {
        "Content-Type": [
          "application/json; charset=utf-8"
        ],
        "Expires": [
          "-1"
        ],
        "Cache-Control": [
          "no-cache"
        ],
        "Date": [
          "Fri, 06 Jan 2017 02:03:22 GMT"
        ],
        "Pragma": [
          "no-cache"
        ],
        "Transfer-Encoding": [
          "chunked"
        ],
        "Server": [
          "Microsoft-HTTPAPI/2.0",
          "Microsoft-HTTPAPI/2.0"
        ],
        "Vary": [
          "Accept-Encoding"
        ],
        "x-ms-request-id": [
          "834b1652-9717-4c26-9702-ca7dbaf13eec"
        ],
        "Strict-Transport-Security": [
          "max-age=31536000; includeSubDomains"
        ],
        "x-ms-ratelimit-remaining-subscription-reads": [
          "14998"
        ],
        "x-ms-correlation-request-id": [
          "01872f20-d768-4cd3-b412-45a299ec56ec"
        ],
        "x-ms-routing-request-id": [
          "CENTRALUS:20170106T020323Z:01872f20-d768-4cd3-b412-45a299ec56ec"
        ]
      },
      "StatusCode": 200
    },
    {
      "RequestUri": "/subscriptions/9657ab5d-4a4a-4fd2-ae7a-4cd9fbd030ef/resourceGroups/rg6112/providers/Microsoft.Network/virtualNetworks/vnet13b36051476a?api-version=2016-06-01",
      "EncodedRequestUri": "L3N1YnNjcmlwdGlvbnMvOTY1N2FiNWQtNGE0YS00ZmQyLWFlN2EtNGNkOWZiZDAzMGVmL3Jlc291cmNlR3JvdXBzL3JnNjExMi9wcm92aWRlcnMvTWljcm9zb2Z0Lk5ldHdvcmsvdmlydHVhbE5ldHdvcmtzL3ZuZXQxM2IzNjA1MTQ3NmE/YXBpLXZlcnNpb249MjAxNi0wNi0wMQ==",
      "RequestMethod": "GET",
      "RequestBody": "",
      "RequestHeaders": {
        "User-Agent": [
          "FxVersion/4.6.24214.01",
          "Microsoft.Azure.Management.Network.Fluent.NetworkManagementClient/1.0.0-beta4.1"
        ]
      },
      "ResponseBody": "{\r\n  \"name\": \"vnet13b36051476a\",\r\n  \"id\": \"/subscriptions/9657ab5d-4a4a-4fd2-ae7a-4cd9fbd030ef/resourceGroups/rg6112/providers/Microsoft.Network/virtualNetworks/vnet13b36051476a\",\r\n  \"etag\": \"W/\\\"7fe427d4-89aa-480b-aa26-bcf53f816c6e\\\"\",\r\n  \"type\": \"Microsoft.Network/virtualNetworks\",\r\n  \"location\": \"eastus\",\r\n  \"tags\": {},\r\n  \"properties\": {\r\n    \"provisioningState\": \"Succeeded\",\r\n    \"resourceGuid\": \"2336187d-ea5b-4188-a51b-17dfca3d805d\",\r\n    \"addressSpace\": {\r\n      \"addressPrefixes\": [\r\n        \"10.0.0.0/28\"\r\n      ]\r\n    },\r\n    \"dhcpOptions\": {\r\n      \"dnsServers\": []\r\n    },\r\n    \"subnets\": [\r\n      {\r\n        \"name\": \"subnet1\",\r\n        \"id\": \"/subscriptions/9657ab5d-4a4a-4fd2-ae7a-4cd9fbd030ef/resourceGroups/rg6112/providers/Microsoft.Network/virtualNetworks/vnet13b36051476a/subnets/subnet1\",\r\n        \"etag\": \"W/\\\"7fe427d4-89aa-480b-aa26-bcf53f816c6e\\\"\",\r\n        \"properties\": {\r\n          \"provisioningState\": \"Succeeded\",\r\n          \"addressPrefix\": \"10.0.0.0/28\"\r\n        }\r\n      }\r\n    ],\r\n    \"virtualNetworkPeerings\": []\r\n  }\r\n}",
      "ResponseHeaders": {
        "Content-Type": [
          "application/json; charset=utf-8"
        ],
        "Expires": [
          "-1"
        ],
        "Cache-Control": [
          "no-cache"
        ],
        "Date": [
          "Fri, 06 Jan 2017 02:03:22 GMT"
        ],
        "Pragma": [
          "no-cache"
        ],
        "Transfer-Encoding": [
          "chunked"
        ],
        "ETag": [
          "W/\"7fe427d4-89aa-480b-aa26-bcf53f816c6e\""
        ],
        "Server": [
          "Microsoft-HTTPAPI/2.0",
          "Microsoft-HTTPAPI/2.0"
        ],
        "Vary": [
          "Accept-Encoding"
        ],
        "x-ms-request-id": [
          "cb004828-8a25-41e3-840a-740eb8cc41cf"
        ],
        "Strict-Transport-Security": [
          "max-age=31536000; includeSubDomains"
        ],
        "x-ms-ratelimit-remaining-subscription-reads": [
          "14997"
        ],
        "x-ms-correlation-request-id": [
          "e0908001-c892-44b6-8b8d-ec4a5ac2838e"
        ],
        "x-ms-routing-request-id": [
          "CENTRALUS:20170106T020323Z:e0908001-c892-44b6-8b8d-ec4a5ac2838e"
        ]
      },
      "StatusCode": 200
    },
    {
      "RequestUri": "/subscriptions/9657ab5d-4a4a-4fd2-ae7a-4cd9fbd030ef/providers/Microsoft.Network/locations/eastus/operations/a7c683dd-4048-4d61-b271-2800bc8c638a?api-version=2016-06-01",
      "EncodedRequestUri": "L3N1YnNjcmlwdGlvbnMvOTY1N2FiNWQtNGE0YS00ZmQyLWFlN2EtNGNkOWZiZDAzMGVmL3Byb3ZpZGVycy9NaWNyb3NvZnQuTmV0d29yay9sb2NhdGlvbnMvZWFzdHVzL29wZXJhdGlvbnMvYTdjNjgzZGQtNDA0OC00ZDYxLWIyNzEtMjgwMGJjOGM2MzhhP2FwaS12ZXJzaW9uPTIwMTYtMDYtMDE=",
      "RequestMethod": "GET",
      "RequestBody": "",
      "RequestHeaders": {
        "User-Agent": [
          "FxVersion/4.6.24214.01",
          "Microsoft.Azure.Management.Network.Fluent.NetworkManagementClient/1.0.0-beta4.1"
        ]
      },
      "ResponseBody": "{\r\n  \"status\": \"Succeeded\"\r\n}",
      "ResponseHeaders": {
        "Content-Type": [
          "application/json; charset=utf-8"
        ],
        "Expires": [
          "-1"
        ],
        "Cache-Control": [
          "no-cache"
        ],
        "Date": [
          "Fri, 06 Jan 2017 02:03:23 GMT"
        ],
        "Pragma": [
          "no-cache"
        ],
        "Transfer-Encoding": [
          "chunked"
        ],
        "Server": [
          "Microsoft-HTTPAPI/2.0",
          "Microsoft-HTTPAPI/2.0"
        ],
        "Vary": [
          "Accept-Encoding"
        ],
        "x-ms-request-id": [
          "96dc4979-b79d-4a1d-afb5-eb2dbb419852"
        ],
        "Strict-Transport-Security": [
          "max-age=31536000; includeSubDomains"
        ],
        "x-ms-ratelimit-remaining-subscription-reads": [
          "14997"
        ],
        "x-ms-correlation-request-id": [
          "d5e8e7d5-908e-40c9-a034-bef40245f4e4"
        ],
        "x-ms-routing-request-id": [
          "CENTRALUS:20170106T020323Z:d5e8e7d5-908e-40c9-a034-bef40245f4e4"
        ]
      },
      "StatusCode": 200
    },
    {
      "RequestUri": "/subscriptions/9657ab5d-4a4a-4fd2-ae7a-4cd9fbd030ef/resourceGroups/rg6112/providers/Microsoft.Network/publicIPAddresses/pip45235163e9?api-version=2016-06-01",
      "EncodedRequestUri": "L3N1YnNjcmlwdGlvbnMvOTY1N2FiNWQtNGE0YS00ZmQyLWFlN2EtNGNkOWZiZDAzMGVmL3Jlc291cmNlR3JvdXBzL3JnNjExMi9wcm92aWRlcnMvTWljcm9zb2Z0Lk5ldHdvcmsvcHVibGljSVBBZGRyZXNzZXMvcGlwNDUyMzUxNjNlOT9hcGktdmVyc2lvbj0yMDE2LTA2LTAx",
      "RequestMethod": "GET",
      "RequestBody": "",
      "RequestHeaders": {
        "User-Agent": [
          "FxVersion/4.6.24214.01",
          "Microsoft.Azure.Management.Network.Fluent.NetworkManagementClient/1.0.0-beta4.1"
        ]
      },
      "ResponseBody": "{\r\n  \"name\": \"pip45235163e9\",\r\n  \"id\": \"/subscriptions/9657ab5d-4a4a-4fd2-ae7a-4cd9fbd030ef/resourceGroups/rg6112/providers/Microsoft.Network/publicIPAddresses/pip45235163e9\",\r\n  \"etag\": \"W/\\\"9628d7c6-64a1-4386-bc55-28f91f373912\\\"\",\r\n  \"type\": \"Microsoft.Network/publicIPAddresses\",\r\n  \"location\": \"eastus\",\r\n  \"tags\": {},\r\n  \"properties\": {\r\n    \"provisioningState\": \"Succeeded\",\r\n    \"resourceGuid\": \"2b44e8ec-4bf2-4f8b-a476-2c42dfb5780d\",\r\n    \"publicIPAddressVersion\": \"IPv4\",\r\n    \"publicIPAllocationMethod\": \"Dynamic\",\r\n    \"idleTimeoutInMinutes\": 4,\r\n    \"dnsSettings\": {\r\n      \"domainNameLabel\": \"pipdns6112\",\r\n      \"fqdn\": \"pipdns6112.eastus.cloudapp.azure.com\"\r\n    }\r\n  }\r\n}",
      "ResponseHeaders": {
        "Content-Type": [
          "application/json; charset=utf-8"
        ],
        "Expires": [
          "-1"
        ],
        "Cache-Control": [
          "no-cache"
        ],
        "Date": [
          "Fri, 06 Jan 2017 02:03:23 GMT"
        ],
        "Pragma": [
          "no-cache"
        ],
        "Transfer-Encoding": [
          "chunked"
        ],
        "ETag": [
          "W/\"9628d7c6-64a1-4386-bc55-28f91f373912\""
        ],
        "Server": [
          "Microsoft-HTTPAPI/2.0",
          "Microsoft-HTTPAPI/2.0"
        ],
        "Vary": [
          "Accept-Encoding"
        ],
        "x-ms-request-id": [
          "ee941a75-2f5b-4df6-8bab-34fc7a98bdbb"
        ],
        "Strict-Transport-Security": [
          "max-age=31536000; includeSubDomains"
        ],
        "x-ms-ratelimit-remaining-subscription-reads": [
          "14996"
        ],
        "x-ms-correlation-request-id": [
          "20a9d2b7-2c1a-489c-adc5-db5932d07f0b"
        ],
        "x-ms-routing-request-id": [
          "CENTRALUS:20170106T020323Z:20a9d2b7-2c1a-489c-adc5-db5932d07f0b"
        ]
      },
      "StatusCode": 200
    },
    {
      "RequestUri": "/subscriptions/9657ab5d-4a4a-4fd2-ae7a-4cd9fbd030ef/resourceGroups/rg6112/providers/Microsoft.Network/publicIPAddresses/pip45235163e9?api-version=2016-06-01",
      "EncodedRequestUri": "L3N1YnNjcmlwdGlvbnMvOTY1N2FiNWQtNGE0YS00ZmQyLWFlN2EtNGNkOWZiZDAzMGVmL3Jlc291cmNlR3JvdXBzL3JnNjExMi9wcm92aWRlcnMvTWljcm9zb2Z0Lk5ldHdvcmsvcHVibGljSVBBZGRyZXNzZXMvcGlwNDUyMzUxNjNlOT9hcGktdmVyc2lvbj0yMDE2LTA2LTAx",
      "RequestMethod": "GET",
      "RequestBody": "",
      "RequestHeaders": {
        "x-ms-client-request-id": [
          "16376a36-1217-4228-8889-debf82b2248a"
        ],
        "accept-language": [
          "en-US"
        ],
        "User-Agent": [
          "FxVersion/4.6.24214.01",
          "Microsoft.Azure.Management.Network.Fluent.NetworkManagementClient/1.0.0-beta4.1"
        ]
      },
      "ResponseBody": "{\r\n  \"name\": \"pip45235163e9\",\r\n  \"id\": \"/subscriptions/9657ab5d-4a4a-4fd2-ae7a-4cd9fbd030ef/resourceGroups/rg6112/providers/Microsoft.Network/publicIPAddresses/pip45235163e9\",\r\n  \"etag\": \"W/\\\"9628d7c6-64a1-4386-bc55-28f91f373912\\\"\",\r\n  \"type\": \"Microsoft.Network/publicIPAddresses\",\r\n  \"location\": \"eastus\",\r\n  \"tags\": {},\r\n  \"properties\": {\r\n    \"provisioningState\": \"Succeeded\",\r\n    \"resourceGuid\": \"2b44e8ec-4bf2-4f8b-a476-2c42dfb5780d\",\r\n    \"publicIPAddressVersion\": \"IPv4\",\r\n    \"publicIPAllocationMethod\": \"Dynamic\",\r\n    \"idleTimeoutInMinutes\": 4,\r\n    \"dnsSettings\": {\r\n      \"domainNameLabel\": \"pipdns6112\",\r\n      \"fqdn\": \"pipdns6112.eastus.cloudapp.azure.com\"\r\n    }\r\n  }\r\n}",
      "ResponseHeaders": {
        "Content-Type": [
          "application/json; charset=utf-8"
        ],
        "Expires": [
          "-1"
        ],
        "Cache-Control": [
          "no-cache"
        ],
        "Date": [
          "Fri, 06 Jan 2017 02:03:23 GMT"
        ],
        "Pragma": [
          "no-cache"
        ],
        "Transfer-Encoding": [
          "chunked"
        ],
        "ETag": [
          "W/\"9628d7c6-64a1-4386-bc55-28f91f373912\""
        ],
        "Server": [
          "Microsoft-HTTPAPI/2.0",
          "Microsoft-HTTPAPI/2.0"
        ],
        "Vary": [
          "Accept-Encoding"
        ],
        "x-ms-request-id": [
          "236e0784-907d-4eae-8e13-d84faee61cdd"
        ],
        "Strict-Transport-Security": [
          "max-age=31536000; includeSubDomains"
        ],
        "x-ms-ratelimit-remaining-subscription-reads": [
          "14996"
        ],
        "x-ms-correlation-request-id": [
          "6e060eba-ccad-43f7-8921-4c991b5a2af6"
        ],
        "x-ms-routing-request-id": [
          "CENTRALUS:20170106T020324Z:6e060eba-ccad-43f7-8921-4c991b5a2af6"
        ]
      },
      "StatusCode": 200
    },
    {
      "RequestUri": "/subscriptions/9657ab5d-4a4a-4fd2-ae7a-4cd9fbd030ef/resourceGroups/rg6112/providers/Microsoft.Network/networkInterfaces/nic6112?api-version=2016-06-01",
      "EncodedRequestUri": "L3N1YnNjcmlwdGlvbnMvOTY1N2FiNWQtNGE0YS00ZmQyLWFlN2EtNGNkOWZiZDAzMGVmL3Jlc291cmNlR3JvdXBzL3JnNjExMi9wcm92aWRlcnMvTWljcm9zb2Z0Lk5ldHdvcmsvbmV0d29ya0ludGVyZmFjZXMvbmljNjExMj9hcGktdmVyc2lvbj0yMDE2LTA2LTAx",
      "RequestMethod": "PUT",
      "RequestBody": "{\r\n  \"properties\": {\r\n    \"ipConfigurations\": [\r\n      {\r\n        \"properties\": {\r\n          \"privateIPAllocationMethod\": \"Dynamic\",\r\n          \"subnet\": {\r\n            \"id\": \"/subscriptions/9657ab5d-4a4a-4fd2-ae7a-4cd9fbd030ef/resourceGroups/rg6112/providers/Microsoft.Network/virtualNetworks/vnet13b36051476a/subnets/subnet1\"\r\n          },\r\n          \"publicIPAddress\": {\r\n            \"id\": \"/subscriptions/9657ab5d-4a4a-4fd2-ae7a-4cd9fbd030ef/resourceGroups/rg6112/providers/Microsoft.Network/publicIPAddresses/pip45235163e9\",\r\n            \"properties\": {\r\n              \"publicIPAllocationMethod\": \"Dynamic\",\r\n              \"publicIPAddressVersion\": \"IPv4\",\r\n              \"dnsSettings\": {\r\n                \"domainNameLabel\": \"pipdns6112\",\r\n                \"fqdn\": \"pipdns6112.eastus.cloudapp.azure.com\"\r\n              },\r\n              \"idleTimeoutInMinutes\": 4,\r\n              \"resourceGuid\": \"2b44e8ec-4bf2-4f8b-a476-2c42dfb5780d\",\r\n              \"provisioningState\": \"Succeeded\"\r\n            },\r\n            \"etag\": \"W/\\\"9628d7c6-64a1-4386-bc55-28f91f373912\\\"\",\r\n            \"location\": \"eastus\",\r\n            \"tags\": {}\r\n          }\r\n        },\r\n        \"name\": \"primary\"\r\n      }\r\n    ],\r\n    \"dnsSettings\": {},\r\n    \"enableIPForwarding\": true\r\n  },\r\n  \"location\": \"eastus\",\r\n  \"tags\": {}\r\n}",
      "RequestHeaders": {
        "Content-Type": [
          "application/json; charset=utf-8"
        ],
        "Content-Length": [
          "1301"
        ],
        "x-ms-client-request-id": [
          "8c14ee62-3c0a-4b89-b433-39f0d55ea553"
        ],
        "accept-language": [
          "en-US"
        ],
        "User-Agent": [
          "FxVersion/4.6.24214.01",
          "Microsoft.Azure.Management.Network.Fluent.NetworkManagementClient/1.0.0-beta4.1"
        ]
      },
      "ResponseBody": "{\r\n  \"name\": \"nic6112\",\r\n  \"id\": \"/subscriptions/9657ab5d-4a4a-4fd2-ae7a-4cd9fbd030ef/resourceGroups/rg6112/providers/Microsoft.Network/networkInterfaces/nic6112\",\r\n  \"etag\": \"W/\\\"34a93e52-7d80-4bda-a3e4-595184d1cd59\\\"\",\r\n  \"location\": \"eastus\",\r\n  \"tags\": {},\r\n  \"properties\": {\r\n    \"provisioningState\": \"Succeeded\",\r\n    \"resourceGuid\": \"a5c8a443-bd41-40d2-92d0-d2f4c1432ef5\",\r\n    \"ipConfigurations\": [\r\n      {\r\n        \"name\": \"primary\",\r\n        \"id\": \"/subscriptions/9657ab5d-4a4a-4fd2-ae7a-4cd9fbd030ef/resourceGroups/rg6112/providers/Microsoft.Network/networkInterfaces/nic6112/ipConfigurations/primary\",\r\n        \"etag\": \"W/\\\"34a93e52-7d80-4bda-a3e4-595184d1cd59\\\"\",\r\n        \"properties\": {\r\n          \"provisioningState\": \"Succeeded\",\r\n          \"privateIPAddress\": \"10.0.0.4\",\r\n          \"privateIPAllocationMethod\": \"Dynamic\",\r\n          \"publicIPAddress\": {\r\n            \"id\": \"/subscriptions/9657ab5d-4a4a-4fd2-ae7a-4cd9fbd030ef/resourceGroups/rg6112/providers/Microsoft.Network/publicIPAddresses/pip45235163e9\"\r\n          },\r\n          \"subnet\": {\r\n            \"id\": \"/subscriptions/9657ab5d-4a4a-4fd2-ae7a-4cd9fbd030ef/resourceGroups/rg6112/providers/Microsoft.Network/virtualNetworks/vnet13b36051476a/subnets/subnet1\"\r\n          },\r\n          \"primary\": true,\r\n          \"privateIPAddressVersion\": \"IPv4\"\r\n        }\r\n      }\r\n    ],\r\n    \"dnsSettings\": {\r\n      \"dnsServers\": [],\r\n      \"appliedDnsServers\": [],\r\n      \"internalDomainNameSuffix\": \"pumdmi013keedji1c5p2upmalf.bx.internal.cloudapp.net\"\r\n    },\r\n    \"enableIPForwarding\": true\r\n  },\r\n  \"type\": \"Microsoft.Network/networkInterfaces\"\r\n}",
      "ResponseHeaders": {
        "Content-Length": [
          "1618"
        ],
        "Content-Type": [
          "application/json; charset=utf-8"
        ],
        "Expires": [
          "-1"
        ],
        "Cache-Control": [
          "no-cache"
        ],
        "Date": [
          "Fri, 06 Jan 2017 02:03:24 GMT"
        ],
        "Pragma": [
          "no-cache"
        ],
        "Server": [
          "Microsoft-HTTPAPI/2.0",
          "Microsoft-HTTPAPI/2.0"
        ],
        "x-ms-request-id": [
          "c0d88cbf-5365-4d4d-ab24-ce3e4a760e8a"
        ],
        "Azure-AsyncOperation": [
          "https://management.azure.com/subscriptions/9657ab5d-4a4a-4fd2-ae7a-4cd9fbd030ef/providers/Microsoft.Network/locations/eastus/operations/c0d88cbf-5365-4d4d-ab24-ce3e4a760e8a?api-version=2016-06-01"
        ],
        "Strict-Transport-Security": [
          "max-age=31536000; includeSubDomains"
        ],
        "x-ms-ratelimit-remaining-subscription-writes": [
          "1198"
        ],
        "x-ms-correlation-request-id": [
          "a0ed6428-996b-4c31-a11d-af0983f176fb"
        ],
        "x-ms-routing-request-id": [
          "CENTRALUS:20170106T020324Z:a0ed6428-996b-4c31-a11d-af0983f176fb"
        ]
      },
      "StatusCode": 201
    },
    {
      "RequestUri": "/subscriptions/9657ab5d-4a4a-4fd2-ae7a-4cd9fbd030ef/resourceGroups/rg6112/providers/Microsoft.Network/networkInterfaces/nic6112?api-version=2016-06-01",
      "EncodedRequestUri": "L3N1YnNjcmlwdGlvbnMvOTY1N2FiNWQtNGE0YS00ZmQyLWFlN2EtNGNkOWZiZDAzMGVmL3Jlc291cmNlR3JvdXBzL3JnNjExMi9wcm92aWRlcnMvTWljcm9zb2Z0Lk5ldHdvcmsvbmV0d29ya0ludGVyZmFjZXMvbmljNjExMj9hcGktdmVyc2lvbj0yMDE2LTA2LTAx",
      "RequestMethod": "PUT",
      "RequestBody": "{\r\n  \"properties\": {\r\n    \"ipConfigurations\": [\r\n      {\r\n        \"properties\": {\r\n          \"privateIPAllocationMethod\": \"Dynamic\",\r\n          \"privateIPAddressVersion\": \"IPv4\",\r\n          \"subnet\": {\r\n            \"id\": \"/subscriptions/9657ab5d-4a4a-4fd2-ae7a-4cd9fbd030ef/resourceGroups/rg6112/providers/Microsoft.Network/virtualNetworks/vnet13b36051476a/subnets/subnet1\"\r\n          },\r\n          \"primary\": true,\r\n          \"provisioningState\": \"Succeeded\"\r\n        },\r\n        \"name\": \"primary\",\r\n        \"etag\": \"W/\\\"34a93e52-7d80-4bda-a3e4-595184d1cd59\\\"\",\r\n        \"id\": \"/subscriptions/9657ab5d-4a4a-4fd2-ae7a-4cd9fbd030ef/resourceGroups/rg6112/providers/Microsoft.Network/networkInterfaces/nic6112/ipConfigurations/primary\"\r\n      }\r\n    ],\r\n    \"dnsSettings\": {\r\n      \"dnsServers\": [],\r\n      \"appliedDnsServers\": [],\r\n      \"internalDomainNameSuffix\": \"pumdmi013keedji1c5p2upmalf.bx.internal.cloudapp.net\"\r\n    },\r\n    \"enableIPForwarding\": false,\r\n    \"resourceGuid\": \"a5c8a443-bd41-40d2-92d0-d2f4c1432ef5\",\r\n    \"provisioningState\": \"Succeeded\"\r\n  },\r\n  \"etag\": \"W/\\\"34a93e52-7d80-4bda-a3e4-595184d1cd59\\\"\",\r\n  \"id\": \"/subscriptions/9657ab5d-4a4a-4fd2-ae7a-4cd9fbd030ef/resourceGroups/rg6112/providers/Microsoft.Network/networkInterfaces/nic6112\",\r\n  \"location\": \"eastus\",\r\n  \"tags\": {\r\n    \"tag1\": \"value1\",\r\n    \"tag2\": \"value2\"\r\n  }\r\n}",
      "RequestHeaders": {
        "Content-Type": [
          "application/json; charset=utf-8"
        ],
        "Content-Length": [
          "1352"
        ],
        "x-ms-client-request-id": [
          "e5da1221-4de1-4b30-b28f-11d9ca7a1288"
        ],
        "accept-language": [
          "en-US"
        ],
        "User-Agent": [
          "FxVersion/4.6.24214.01",
          "Microsoft.Azure.Management.Network.Fluent.NetworkManagementClient/1.0.0-beta4.1"
        ]
      },
      "ResponseBody": "{\r\n  \"name\": \"nic6112\",\r\n  \"id\": \"/subscriptions/9657ab5d-4a4a-4fd2-ae7a-4cd9fbd030ef/resourceGroups/rg6112/providers/Microsoft.Network/networkInterfaces/nic6112\",\r\n  \"etag\": \"W/\\\"652bfaf5-0c95-4ebb-ae16-d84f2efb8a7f\\\"\",\r\n  \"location\": \"eastus\",\r\n  \"tags\": {\r\n    \"tag1\": \"value1\",\r\n    \"tag2\": \"value2\"\r\n  },\r\n  \"properties\": {\r\n    \"provisioningState\": \"Succeeded\",\r\n    \"resourceGuid\": \"a5c8a443-bd41-40d2-92d0-d2f4c1432ef5\",\r\n    \"ipConfigurations\": [\r\n      {\r\n        \"name\": \"primary\",\r\n        \"id\": \"/subscriptions/9657ab5d-4a4a-4fd2-ae7a-4cd9fbd030ef/resourceGroups/rg6112/providers/Microsoft.Network/networkInterfaces/nic6112/ipConfigurations/primary\",\r\n        \"etag\": \"W/\\\"652bfaf5-0c95-4ebb-ae16-d84f2efb8a7f\\\"\",\r\n        \"properties\": {\r\n          \"provisioningState\": \"Succeeded\",\r\n          \"privateIPAddress\": \"10.0.0.4\",\r\n          \"privateIPAllocationMethod\": \"Dynamic\",\r\n          \"subnet\": {\r\n            \"id\": \"/subscriptions/9657ab5d-4a4a-4fd2-ae7a-4cd9fbd030ef/resourceGroups/rg6112/providers/Microsoft.Network/virtualNetworks/vnet13b36051476a/subnets/subnet1\"\r\n          },\r\n          \"primary\": true,\r\n          \"privateIPAddressVersion\": \"IPv4\"\r\n        }\r\n      }\r\n    ],\r\n    \"dnsSettings\": {\r\n      \"dnsServers\": [],\r\n      \"appliedDnsServers\": [],\r\n      \"internalDomainNameSuffix\": \"pumdmi013keedji1c5p2upmalf.bx.internal.cloudapp.net\"\r\n    },\r\n    \"enableIPForwarding\": false\r\n  },\r\n  \"type\": \"Microsoft.Network/networkInterfaces\"\r\n}",
      "ResponseHeaders": {
        "Content-Type": [
          "application/json; charset=utf-8"
        ],
        "Expires": [
          "-1"
        ],
        "Cache-Control": [
          "no-cache"
        ],
        "Date": [
          "Fri, 06 Jan 2017 02:03:25 GMT"
        ],
        "Pragma": [
          "no-cache"
        ],
        "Transfer-Encoding": [
          "chunked"
        ],
        "Server": [
          "Microsoft-HTTPAPI/2.0",
          "Microsoft-HTTPAPI/2.0"
        ],
        "Vary": [
          "Accept-Encoding"
        ],
        "x-ms-request-id": [
          "36a5d8c7-cc21-45de-a724-d167f1c37f54"
        ],
        "Azure-AsyncOperation": [
          "https://management.azure.com/subscriptions/9657ab5d-4a4a-4fd2-ae7a-4cd9fbd030ef/providers/Microsoft.Network/locations/eastus/operations/36a5d8c7-cc21-45de-a724-d167f1c37f54?api-version=2016-06-01"
        ],
        "Strict-Transport-Security": [
          "max-age=31536000; includeSubDomains"
        ],
        "x-ms-ratelimit-remaining-subscription-writes": [
          "1197"
        ],
        "x-ms-correlation-request-id": [
          "dcf73e6f-4309-48c4-8276-804974e8b6ba"
        ],
        "x-ms-routing-request-id": [
          "CENTRALUS:20170106T020325Z:dcf73e6f-4309-48c4-8276-804974e8b6ba"
        ]
      },
      "StatusCode": 200
    },
    {
      "RequestUri": "/subscriptions/9657ab5d-4a4a-4fd2-ae7a-4cd9fbd030ef/resourceGroups/rg6112/providers/Microsoft.Network/networkInterfaces/nic6112?api-version=2016-06-01",
      "EncodedRequestUri": "L3N1YnNjcmlwdGlvbnMvOTY1N2FiNWQtNGE0YS00ZmQyLWFlN2EtNGNkOWZiZDAzMGVmL3Jlc291cmNlR3JvdXBzL3JnNjExMi9wcm92aWRlcnMvTWljcm9zb2Z0Lk5ldHdvcmsvbmV0d29ya0ludGVyZmFjZXMvbmljNjExMj9hcGktdmVyc2lvbj0yMDE2LTA2LTAx",
      "RequestMethod": "GET",
      "RequestBody": "",
      "RequestHeaders": {
        "User-Agent": [
          "FxVersion/4.6.24214.01",
          "Microsoft.Azure.Management.Network.Fluent.NetworkManagementClient/1.0.0-beta4.1"
        ]
      },
      "ResponseBody": "{\r\n  \"name\": \"nic6112\",\r\n  \"id\": \"/subscriptions/9657ab5d-4a4a-4fd2-ae7a-4cd9fbd030ef/resourceGroups/rg6112/providers/Microsoft.Network/networkInterfaces/nic6112\",\r\n  \"etag\": \"W/\\\"34a93e52-7d80-4bda-a3e4-595184d1cd59\\\"\",\r\n  \"location\": \"eastus\",\r\n  \"tags\": {},\r\n  \"properties\": {\r\n    \"provisioningState\": \"Succeeded\",\r\n    \"resourceGuid\": \"a5c8a443-bd41-40d2-92d0-d2f4c1432ef5\",\r\n    \"ipConfigurations\": [\r\n      {\r\n        \"name\": \"primary\",\r\n        \"id\": \"/subscriptions/9657ab5d-4a4a-4fd2-ae7a-4cd9fbd030ef/resourceGroups/rg6112/providers/Microsoft.Network/networkInterfaces/nic6112/ipConfigurations/primary\",\r\n        \"etag\": \"W/\\\"34a93e52-7d80-4bda-a3e4-595184d1cd59\\\"\",\r\n        \"properties\": {\r\n          \"provisioningState\": \"Succeeded\",\r\n          \"privateIPAddress\": \"10.0.0.4\",\r\n          \"privateIPAllocationMethod\": \"Dynamic\",\r\n          \"publicIPAddress\": {\r\n            \"id\": \"/subscriptions/9657ab5d-4a4a-4fd2-ae7a-4cd9fbd030ef/resourceGroups/rg6112/providers/Microsoft.Network/publicIPAddresses/pip45235163e9\"\r\n          },\r\n          \"subnet\": {\r\n            \"id\": \"/subscriptions/9657ab5d-4a4a-4fd2-ae7a-4cd9fbd030ef/resourceGroups/rg6112/providers/Microsoft.Network/virtualNetworks/vnet13b36051476a/subnets/subnet1\"\r\n          },\r\n          \"primary\": true,\r\n          \"privateIPAddressVersion\": \"IPv4\"\r\n        }\r\n      }\r\n    ],\r\n    \"dnsSettings\": {\r\n      \"dnsServers\": [],\r\n      \"appliedDnsServers\": [],\r\n      \"internalDomainNameSuffix\": \"pumdmi013keedji1c5p2upmalf.bx.internal.cloudapp.net\"\r\n    },\r\n    \"enableIPForwarding\": true\r\n  },\r\n  \"type\": \"Microsoft.Network/networkInterfaces\"\r\n}",
      "ResponseHeaders": {
        "Content-Type": [
          "application/json; charset=utf-8"
        ],
        "Expires": [
          "-1"
        ],
        "Cache-Control": [
          "no-cache"
        ],
        "Date": [
          "Fri, 06 Jan 2017 02:03:24 GMT"
        ],
        "Pragma": [
          "no-cache"
        ],
        "Transfer-Encoding": [
          "chunked"
        ],
        "ETag": [
          "W/\"34a93e52-7d80-4bda-a3e4-595184d1cd59\""
        ],
        "Server": [
          "Microsoft-HTTPAPI/2.0",
          "Microsoft-HTTPAPI/2.0"
        ],
        "Vary": [
          "Accept-Encoding"
        ],
        "x-ms-request-id": [
          "52210dc8-3503-4b8c-a7fb-5b90aef416cc"
        ],
        "Strict-Transport-Security": [
          "max-age=31536000; includeSubDomains"
        ],
        "x-ms-ratelimit-remaining-subscription-reads": [
          "14995"
        ],
        "x-ms-correlation-request-id": [
          "a2108163-18c5-4e3a-b9b6-76058692f4f4"
        ],
        "x-ms-routing-request-id": [
          "CENTRALUS:20170106T020324Z:a2108163-18c5-4e3a-b9b6-76058692f4f4"
        ]
      },
      "StatusCode": 200
    },
    {
      "RequestUri": "/subscriptions/9657ab5d-4a4a-4fd2-ae7a-4cd9fbd030ef/resourceGroups/rg6112/providers/Microsoft.Network/networkInterfaces/nic6112?api-version=2016-06-01",
      "EncodedRequestUri": "L3N1YnNjcmlwdGlvbnMvOTY1N2FiNWQtNGE0YS00ZmQyLWFlN2EtNGNkOWZiZDAzMGVmL3Jlc291cmNlR3JvdXBzL3JnNjExMi9wcm92aWRlcnMvTWljcm9zb2Z0Lk5ldHdvcmsvbmV0d29ya0ludGVyZmFjZXMvbmljNjExMj9hcGktdmVyc2lvbj0yMDE2LTA2LTAx",
      "RequestMethod": "GET",
      "RequestBody": "",
      "RequestHeaders": {
        "x-ms-client-request-id": [
          "2def5c7a-a671-4fe1-8f43-62463e7171ee"
        ],
        "accept-language": [
          "en-US"
        ],
        "User-Agent": [
          "FxVersion/4.6.24214.01",
          "Microsoft.Azure.Management.Network.Fluent.NetworkManagementClient/1.0.0-beta4.1"
        ]
      },
      "ResponseBody": "{\r\n  \"name\": \"nic6112\",\r\n  \"id\": \"/subscriptions/9657ab5d-4a4a-4fd2-ae7a-4cd9fbd030ef/resourceGroups/rg6112/providers/Microsoft.Network/networkInterfaces/nic6112\",\r\n  \"etag\": \"W/\\\"34a93e52-7d80-4bda-a3e4-595184d1cd59\\\"\",\r\n  \"location\": \"eastus\",\r\n  \"tags\": {},\r\n  \"properties\": {\r\n    \"provisioningState\": \"Succeeded\",\r\n    \"resourceGuid\": \"a5c8a443-bd41-40d2-92d0-d2f4c1432ef5\",\r\n    \"ipConfigurations\": [\r\n      {\r\n        \"name\": \"primary\",\r\n        \"id\": \"/subscriptions/9657ab5d-4a4a-4fd2-ae7a-4cd9fbd030ef/resourceGroups/rg6112/providers/Microsoft.Network/networkInterfaces/nic6112/ipConfigurations/primary\",\r\n        \"etag\": \"W/\\\"34a93e52-7d80-4bda-a3e4-595184d1cd59\\\"\",\r\n        \"properties\": {\r\n          \"provisioningState\": \"Succeeded\",\r\n          \"privateIPAddress\": \"10.0.0.4\",\r\n          \"privateIPAllocationMethod\": \"Dynamic\",\r\n          \"publicIPAddress\": {\r\n            \"id\": \"/subscriptions/9657ab5d-4a4a-4fd2-ae7a-4cd9fbd030ef/resourceGroups/rg6112/providers/Microsoft.Network/publicIPAddresses/pip45235163e9\"\r\n          },\r\n          \"subnet\": {\r\n            \"id\": \"/subscriptions/9657ab5d-4a4a-4fd2-ae7a-4cd9fbd030ef/resourceGroups/rg6112/providers/Microsoft.Network/virtualNetworks/vnet13b36051476a/subnets/subnet1\"\r\n          },\r\n          \"primary\": true,\r\n          \"privateIPAddressVersion\": \"IPv4\"\r\n        }\r\n      }\r\n    ],\r\n    \"dnsSettings\": {\r\n      \"dnsServers\": [],\r\n      \"appliedDnsServers\": [],\r\n      \"internalDomainNameSuffix\": \"pumdmi013keedji1c5p2upmalf.bx.internal.cloudapp.net\"\r\n    },\r\n    \"enableIPForwarding\": true\r\n  },\r\n  \"type\": \"Microsoft.Network/networkInterfaces\"\r\n}",
      "ResponseHeaders": {
        "Content-Type": [
          "application/json; charset=utf-8"
        ],
        "Expires": [
          "-1"
        ],
        "Cache-Control": [
          "no-cache"
        ],
        "Date": [
          "Fri, 06 Jan 2017 02:03:24 GMT"
        ],
        "Pragma": [
          "no-cache"
        ],
        "Transfer-Encoding": [
          "chunked"
        ],
        "ETag": [
          "W/\"34a93e52-7d80-4bda-a3e4-595184d1cd59\""
        ],
        "Server": [
          "Microsoft-HTTPAPI/2.0",
          "Microsoft-HTTPAPI/2.0"
        ],
        "Vary": [
          "Accept-Encoding"
        ],
        "x-ms-request-id": [
          "60983c57-eacb-4ef0-bd3d-4b921cb6c04c"
        ],
        "Strict-Transport-Security": [
          "max-age=31536000; includeSubDomains"
        ],
        "x-ms-ratelimit-remaining-subscription-reads": [
          "14995"
        ],
        "x-ms-correlation-request-id": [
          "f289fc9a-e8ca-4e63-9cb2-75645c914517"
        ],
        "x-ms-routing-request-id": [
          "CENTRALUS:20170106T020325Z:f289fc9a-e8ca-4e63-9cb2-75645c914517"
        ]
      },
      "StatusCode": 200
    },
    {
      "RequestUri": "/subscriptions/9657ab5d-4a4a-4fd2-ae7a-4cd9fbd030ef/resourceGroups/rg6112/providers/Microsoft.Network/networkInterfaces/nic6112?api-version=2016-06-01",
      "EncodedRequestUri": "L3N1YnNjcmlwdGlvbnMvOTY1N2FiNWQtNGE0YS00ZmQyLWFlN2EtNGNkOWZiZDAzMGVmL3Jlc291cmNlR3JvdXBzL3JnNjExMi9wcm92aWRlcnMvTWljcm9zb2Z0Lk5ldHdvcmsvbmV0d29ya0ludGVyZmFjZXMvbmljNjExMj9hcGktdmVyc2lvbj0yMDE2LTA2LTAx",
      "RequestMethod": "GET",
      "RequestBody": "",
      "RequestHeaders": {
        "User-Agent": [
          "FxVersion/4.6.24214.01",
          "Microsoft.Azure.Management.Network.Fluent.NetworkManagementClient/1.0.0-beta4.1"
        ]
      },
      "ResponseBody": "{\r\n  \"name\": \"nic6112\",\r\n  \"id\": \"/subscriptions/9657ab5d-4a4a-4fd2-ae7a-4cd9fbd030ef/resourceGroups/rg6112/providers/Microsoft.Network/networkInterfaces/nic6112\",\r\n  \"etag\": \"W/\\\"652bfaf5-0c95-4ebb-ae16-d84f2efb8a7f\\\"\",\r\n  \"location\": \"eastus\",\r\n  \"tags\": {\r\n    \"tag1\": \"value1\",\r\n    \"tag2\": \"value2\"\r\n  },\r\n  \"properties\": {\r\n    \"provisioningState\": \"Succeeded\",\r\n    \"resourceGuid\": \"a5c8a443-bd41-40d2-92d0-d2f4c1432ef5\",\r\n    \"ipConfigurations\": [\r\n      {\r\n        \"name\": \"primary\",\r\n        \"id\": \"/subscriptions/9657ab5d-4a4a-4fd2-ae7a-4cd9fbd030ef/resourceGroups/rg6112/providers/Microsoft.Network/networkInterfaces/nic6112/ipConfigurations/primary\",\r\n        \"etag\": \"W/\\\"652bfaf5-0c95-4ebb-ae16-d84f2efb8a7f\\\"\",\r\n        \"properties\": {\r\n          \"provisioningState\": \"Succeeded\",\r\n          \"privateIPAddress\": \"10.0.0.4\",\r\n          \"privateIPAllocationMethod\": \"Dynamic\",\r\n          \"subnet\": {\r\n            \"id\": \"/subscriptions/9657ab5d-4a4a-4fd2-ae7a-4cd9fbd030ef/resourceGroups/rg6112/providers/Microsoft.Network/virtualNetworks/vnet13b36051476a/subnets/subnet1\"\r\n          },\r\n          \"primary\": true,\r\n          \"privateIPAddressVersion\": \"IPv4\"\r\n        }\r\n      }\r\n    ],\r\n    \"dnsSettings\": {\r\n      \"dnsServers\": [],\r\n      \"appliedDnsServers\": [],\r\n      \"internalDomainNameSuffix\": \"pumdmi013keedji1c5p2upmalf.bx.internal.cloudapp.net\"\r\n    },\r\n    \"enableIPForwarding\": false\r\n  },\r\n  \"type\": \"Microsoft.Network/networkInterfaces\"\r\n}",
      "ResponseHeaders": {
        "Content-Type": [
          "application/json; charset=utf-8"
        ],
        "Expires": [
          "-1"
        ],
        "Cache-Control": [
          "no-cache"
        ],
        "Date": [
          "Fri, 06 Jan 2017 02:03:25 GMT"
        ],
        "Pragma": [
          "no-cache"
        ],
        "Transfer-Encoding": [
          "chunked"
        ],
        "ETag": [
          "W/\"652bfaf5-0c95-4ebb-ae16-d84f2efb8a7f\""
        ],
        "Server": [
          "Microsoft-HTTPAPI/2.0",
          "Microsoft-HTTPAPI/2.0"
        ],
        "Vary": [
          "Accept-Encoding"
        ],
        "x-ms-request-id": [
          "8a7c826e-ed6f-49d9-b641-587be236834f"
        ],
        "Strict-Transport-Security": [
          "max-age=31536000; includeSubDomains"
        ],
        "x-ms-ratelimit-remaining-subscription-reads": [
          "14994"
        ],
        "x-ms-correlation-request-id": [
          "c4605144-5fd9-4a3e-9c53-00f6e1640b33"
        ],
        "x-ms-routing-request-id": [
          "CENTRALUS:20170106T020325Z:c4605144-5fd9-4a3e-9c53-00f6e1640b33"
        ]
      },
      "StatusCode": 200
    },
    {
      "RequestUri": "/subscriptions/9657ab5d-4a4a-4fd2-ae7a-4cd9fbd030ef/resourceGroups/rg6112/providers/Microsoft.Network/networkInterfaces/nic6112?api-version=2016-06-01",
      "EncodedRequestUri": "L3N1YnNjcmlwdGlvbnMvOTY1N2FiNWQtNGE0YS00ZmQyLWFlN2EtNGNkOWZiZDAzMGVmL3Jlc291cmNlR3JvdXBzL3JnNjExMi9wcm92aWRlcnMvTWljcm9zb2Z0Lk5ldHdvcmsvbmV0d29ya0ludGVyZmFjZXMvbmljNjExMj9hcGktdmVyc2lvbj0yMDE2LTA2LTAx",
      "RequestMethod": "DELETE",
      "RequestBody": "",
      "RequestHeaders": {
        "x-ms-client-request-id": [
          "44cc01aa-d858-4f30-83d2-b1bfe6aba7b9"
        ],
        "accept-language": [
          "en-US"
        ],
        "User-Agent": [
          "FxVersion/4.6.24214.01",
          "Microsoft.Azure.Management.Network.Fluent.NetworkManagementClient/1.0.0-beta4.1"
        ]
      },
      "ResponseBody": "",
      "ResponseHeaders": {
        "Content-Length": [
          "0"
        ],
        "Expires": [
          "-1"
        ],
        "Cache-Control": [
          "no-cache"
        ],
        "Date": [
          "Fri, 06 Jan 2017 02:03:25 GMT"
        ],
        "Pragma": [
          "no-cache"
        ],
        "Location": [
          "https://management.azure.com/subscriptions/9657ab5d-4a4a-4fd2-ae7a-4cd9fbd030ef/providers/Microsoft.Network/locations/eastus/operationResults/2048e9df-d3ab-4933-b73c-93f0d506f8ec?api-version=2016-06-01"
        ],
        "Retry-After": [
          "10"
        ],
        "Server": [
          "Microsoft-HTTPAPI/2.0",
          "Microsoft-HTTPAPI/2.0"
        ],
        "x-ms-request-id": [
          "2048e9df-d3ab-4933-b73c-93f0d506f8ec"
        ],
        "Azure-AsyncOperation": [
          "https://management.azure.com/subscriptions/9657ab5d-4a4a-4fd2-ae7a-4cd9fbd030ef/providers/Microsoft.Network/locations/eastus/operations/2048e9df-d3ab-4933-b73c-93f0d506f8ec?api-version=2016-06-01"
        ],
        "Strict-Transport-Security": [
          "max-age=31536000; includeSubDomains"
        ],
        "x-ms-ratelimit-remaining-subscription-writes": [
          "1196"
        ],
        "x-ms-correlation-request-id": [
          "0b1da590-5a3a-4564-b93b-4414e92c0325"
        ],
        "x-ms-routing-request-id": [
          "CENTRALUS:20170106T020326Z:0b1da590-5a3a-4564-b93b-4414e92c0325"
        ]
      },
      "StatusCode": 202
    },
    {
      "RequestUri": "/subscriptions/9657ab5d-4a4a-4fd2-ae7a-4cd9fbd030ef/providers/Microsoft.Network/locations/eastus/operations/2048e9df-d3ab-4933-b73c-93f0d506f8ec?api-version=2016-06-01",
      "EncodedRequestUri": "L3N1YnNjcmlwdGlvbnMvOTY1N2FiNWQtNGE0YS00ZmQyLWFlN2EtNGNkOWZiZDAzMGVmL3Byb3ZpZGVycy9NaWNyb3NvZnQuTmV0d29yay9sb2NhdGlvbnMvZWFzdHVzL29wZXJhdGlvbnMvMjA0OGU5ZGYtZDNhYi00OTMzLWI3M2MtOTNmMGQ1MDZmOGVjP2FwaS12ZXJzaW9uPTIwMTYtMDYtMDE=",
      "RequestMethod": "GET",
      "RequestBody": "",
      "RequestHeaders": {
        "User-Agent": [
          "FxVersion/4.6.24214.01",
          "Microsoft.Azure.Management.Network.Fluent.NetworkManagementClient/1.0.0-beta4.1"
        ]
      },
      "ResponseBody": "{\r\n  \"status\": \"Succeeded\"\r\n}",
      "ResponseHeaders": {
        "Content-Type": [
          "application/json; charset=utf-8"
        ],
        "Expires": [
          "-1"
        ],
        "Cache-Control": [
          "no-cache"
        ],
        "Date": [
          "Fri, 06 Jan 2017 02:03:55 GMT"
        ],
        "Pragma": [
          "no-cache"
        ],
        "Transfer-Encoding": [
          "chunked"
        ],
        "Server": [
          "Microsoft-HTTPAPI/2.0",
          "Microsoft-HTTPAPI/2.0"
        ],
        "Vary": [
          "Accept-Encoding"
        ],
        "x-ms-request-id": [
          "daaed039-98f7-41fd-bbcb-a22f2aa203cd"
        ],
        "Strict-Transport-Security": [
          "max-age=31536000; includeSubDomains"
        ],
        "x-ms-ratelimit-remaining-subscription-reads": [
          "14992"
        ],
        "x-ms-correlation-request-id": [
          "1c32ebc6-847f-45d7-8f0b-94f59dae1c9f"
        ],
        "x-ms-routing-request-id": [
          "CENTRALUS:20170106T020356Z:1c32ebc6-847f-45d7-8f0b-94f59dae1c9f"
        ]
      },
      "StatusCode": 200
    }
  ],
  "Names": {
    "CreateUpdateTest": [
      "6112"
    ]
  },
  "Variables": {}
}