{
  "Entries": [
    {
      "RequestUri": "https://workspaceywlive.dev.azuresynapse.net/notebooks?api-version=2019-06-01-preview",
      "RequestMethod": "GET",
      "RequestHeaders": {
        "Accept": "application/json",
        "Authorization": "Sanitized",
        "User-Agent": [
          "azsdk-net-Analytics.Synapse.Artifacts/1.0.0-alpha.20200923.1",
          "(.NET Core 4.6.29220.03; Microsoft Windows 10.0.19041 )"
        ],
        "x-ms-client-request-id": "765dcd98fbeb2794bc56547da66ebf7d",
        "x-ms-return-client-request-id": "true"
      },
      "RequestBody": null,
      "StatusCode": 200,
      "ResponseHeaders": {
        "Content-Length": "805",
        "Content-Type": "application/json; charset=utf-8",
        "Date": "Wed, 23 Sep 2020 08:57:27 GMT",
        "Server": "Microsoft-HTTPAPI/2.0",
        "Strict-Transport-Security": "max-age=31536000; includeSubDomains",
        "x-ms-client-request-id": "765dcd98fbeb2794bc56547da66ebf7d",
        "x-ms-request-id": "f54a8dc2-ff09-4d77-8f9a-94d4498da5e2"
      },
      "ResponseBody": {
        "value": [
          {
            "id": "/subscriptions/7f31cba8-b597-4129-b158-8f21a7395bd0/resourceGroups/rg-ywlive/providers/Microsoft.Synapse/workspaces/workspaceywlive/notebooks/Notebook1980347592",
            "name": "Notebook1980347592",
            "type": "Microsoft.Synapse/workspaces/notebooks",
            "etag": "77001f60-0000-0800-0000-5f6b0dda0000",
            "properties": {
              "metadata": {
                "language_info": {
                  "name": "Python"
                }
              },
              "nbformat": 4,
              "nbformat_minor": 2,
              "cells": []
            }
          },
          {
            "id": "/subscriptions/7f31cba8-b597-4129-b158-8f21a7395bd0/resourceGroups/rg-ywlive/providers/Microsoft.Synapse/workspaces/workspaceywlive/notebooks/Notebook1304984445",
            "name": "Notebook1304984445",
            "type": "Microsoft.Synapse/workspaces/notebooks",
            "etag": "7700f362-0000-0800-0000-5f6b0deb0000",
            "properties": {
              "metadata": {
                "language_info": {
                  "name": "Python"
                }
              },
              "nbformat": 4,
              "nbformat_minor": 2,
              "cells": []
            }
          }
        ]
      }
    },
    {
      "RequestUri": "https://workspaceywlive.dev.azuresynapse.net/notebooks/Notebook1980347592?api-version=2019-06-01-preview",
      "RequestMethod": "GET",
      "RequestHeaders": {
        "Accept": "application/json",
        "Authorization": "Sanitized",
        "traceparent": "00-4e8f41f7732d324d85790901aa8ed31d-786939e26dfb2b4d-00",
        "User-Agent": [
          "azsdk-net-Analytics.Synapse.Artifacts/1.0.0-alpha.20200923.1",
          "(.NET Core 4.6.29220.03; Microsoft Windows 10.0.19041 )"
        ],
        "x-ms-client-request-id": "8fac1d1f3467c3a7c68b0cee7d692513",
        "x-ms-return-client-request-id": "true"
      },
      "RequestBody": null,
      "StatusCode": 200,
      "ResponseHeaders": {
        "Cache-Control": "no-cache",
        "Content-Length": "396",
        "Content-Type": "application/json; charset=utf-8",
        "Date": "Wed, 23 Sep 2020 08:57:27 GMT",
        "Expires": "-1",
        "Pragma": "no-cache",
        "Server": [
          "Microsoft-IIS/10.0",
          "Microsoft-HTTPAPI/2.0"
        ],
        "Strict-Transport-Security": "max-age=15724800; includeSubDomains",
        "X-Content-Type-Options": "nosniff",
        "x-ms-client-request-id": "8fac1d1f3467c3a7c68b0cee7d692513",
        "x-ms-correlation-request-id": "60013919-7f09-4907-a9dc-134ce37cb03d",
        "x-ms-request-id": "d89e5843-0339-40c2-8a43-50b177f1127b",
        "X-Powered-By": "ASP.NET"
      },
      "ResponseBody": {
        "id": "/subscriptions/7f31cba8-b597-4129-b158-8f21a7395bd0/resourceGroups/rg-ywlive/providers/Microsoft.Synapse/workspaces/workspaceywlive/notebooks/Notebook1980347592",
        "name": "Notebook1980347592",
        "type": "Microsoft.Synapse/workspaces/notebooks",
        "properties": {
          "metadata": {
            "language_info": {
              "name": "Python"
            }
          },
          "nbformat": 4,
          "nbformat_minor": 2,
          "cells": []
        },
        "etag": "77001f60-0000-0800-0000-5f6b0dda0000"
      }
    },
    {
      "RequestUri": "https://workspaceywlive.dev.azuresynapse.net/notebooks/Notebook1304984445?api-version=2019-06-01-preview",
      "RequestMethod": "GET",
      "RequestHeaders": {
        "Accept": "application/json",
        "Authorization": "Sanitized",
        "traceparent": "00-f7424adf0e6aca468548fd30521451b3-37e1aecde5ff904f-00",
        "User-Agent": [
          "azsdk-net-Analytics.Synapse.Artifacts/1.0.0-alpha.20200923.1",
          "(.NET Core 4.6.29220.03; Microsoft Windows 10.0.19041 )"
        ],
        "x-ms-client-request-id": "0a2d2b55c619c1c6a5e590fbfec3543a",
        "x-ms-return-client-request-id": "true"
      },
      "RequestBody": null,
      "StatusCode": 200,
      "ResponseHeaders": {
        "Cache-Control": "no-cache",
        "Content-Length": "396",
        "Content-Type": "application/json; charset=utf-8",
        "Date": "Wed, 23 Sep 2020 08:57:27 GMT",
        "Expires": "-1",
        "Pragma": "no-cache",
        "Server": [
          "Microsoft-IIS/10.0",
          "Microsoft-HTTPAPI/2.0"
        ],
        "Strict-Transport-Security": "max-age=15724800; includeSubDomains",
        "X-Content-Type-Options": "nosniff",
        "x-ms-client-request-id": "0a2d2b55c619c1c6a5e590fbfec3543a",
        "x-ms-correlation-request-id": "0e754543-4ac2-4fd4-b1e1-2354e8aba52b",
        "x-ms-request-id": "67e02c4d-b744-4736-8b01-610427f038a2",
        "X-Powered-By": "ASP.NET"
      },
      "ResponseBody": {
        "id": "/subscriptions/7f31cba8-b597-4129-b158-8f21a7395bd0/resourceGroups/rg-ywlive/providers/Microsoft.Synapse/workspaces/workspaceywlive/notebooks/Notebook1304984445",
        "name": "Notebook1304984445",
        "type": "Microsoft.Synapse/workspaces/notebooks",
        "properties": {
          "metadata": {
            "language_info": {
              "name": "Python"
            }
          },
          "nbformat": 4,
          "nbformat_minor": 2,
          "cells": []
        },
        "etag": "7700f362-0000-0800-0000-5f6b0deb0000"
      }
    }
  ],
  "Variables": {
    "AZURE_SYNAPSE_WORKSPACE_URL": "https://workspaceywlive.dev.azuresynapse.net",
    "RandomSeed": "2131167218"
  }
}