{
  "Entries": [
    {
      "RequestUri": "https://testsynapseworkspace.dev.azuresynapse.net/notebooks/MyNotebook?api-version=2019-06-01-preview",
      "RequestMethod": "PUT",
      "RequestHeaders": {
        "Authorization": "Sanitized",
        "Content-Length": "106",
        "Content-Type": "application/json",
        "traceparent": "00-963ea412ce5a284d825e44a71dd2b45c-f02d420f58294141-00",
        "User-Agent": [
          "azsdk-net-Analytics.Synapse.Artifacts/1.0.0-dev.20200821.1",
          "(.NET Core 4.6.29130.01; Microsoft Windows 10.0.19041 )"
        ],
        "x-ms-client-request-id": "d397c27d0e008c59ac54b85213fc9d18",
        "x-ms-return-client-request-id": "true"
      },
      "RequestBody": {
        "properties": {
          "metadata": {
            "language_info": {
              "name": "Python"
            }
          },
          "nbformat": 4,
          "nbformat_minor": 2,
          "cells": []
        }
      },
      "StatusCode": 202,
      "ResponseHeaders": {
        "Access-Control-Allow-Headers": [
          "Location",
          "Retry-After"
        ],
        "Access-Control-Expose-Headers": [
          "Location",
          "Retry-After"
        ],
        "Content-Length": "368",
        "Content-Type": "application/json; charset=utf-8",
        "Date": "Fri, 21 Aug 2020 01:46:39 GMT",
        "Location": "https://testsynapseworkspace.dev.azuresynapse.net/operationResults/27fe76b0-2c4d-414a-9b33-564e35c7bc28?api-version=2019-06-01-preview",
        "Retry-After": "10",
        "Server": "Microsoft-HTTPAPI/2.0",
        "Strict-Transport-Security": "max-age=31536000; includeSubDomains",
        "x-ms-client-request-id": "d397c27d0e008c59ac54b85213fc9d18",
        "x-ms-request-id": "8b40aa30-52e3-4b52-a717-39ec02f2bb19"
      },
      "ResponseBody": {
        "id": "/subscriptions/051ddeca-1ed6-4d8b-ba6f-1ff561e5f3b3/resourceGroups/zzy-test-rg/providers/Microsoft.Synapse/workspaces/testsynapseworkspace/notebooks/MyNotebook",
        "recordId": 202079,
        "state": "Creating",
        "created": "2020-08-21T01:46:39.99Z",
        "changed": "2020-08-21T01:46:39.99Z",
        "type": "Notebook",
        "name": "MyNotebook",
        "operationId": "27fe76b0-2c4d-414a-9b33-564e35c7bc28"
      }
    },
    {
      "RequestUri": "https://testsynapseworkspace.dev.azuresynapse.net/operationResults/27fe76b0-2c4d-414a-9b33-564e35c7bc28?api-version=2019-06-01-preview",
      "RequestMethod": "GET",
      "RequestHeaders": {
        "Authorization": "Sanitized",
        "User-Agent": [
          "azsdk-net-Analytics.Synapse.Artifacts/1.0.0-dev.20200821.1",
          "(.NET Core 4.6.29130.01; Microsoft Windows 10.0.19041 )"
        ],
        "x-ms-client-request-id": "96d9b91820b763c36e26acff578054e5",
        "x-ms-return-client-request-id": "true"
      },
      "RequestBody": null,
      "StatusCode": 202,
      "ResponseHeaders": {
        "Access-Control-Allow-Headers": [
          "Location",
          "Retry-After"
        ],
        "Access-Control-Expose-Headers": [
          "Location",
          "Retry-After"
        ],
        "Content-Length": "23",
        "Content-Type": "application/json; charset=utf-8",
        "Date": "Fri, 21 Aug 2020 01:46:39 GMT",
        "Location": "https://testsynapseworkspace.dev.azuresynapse.net/operationResults/27fe76b0-2c4d-414a-9b33-564e35c7bc28?api-version=2019-06-01-preview",
        "Retry-After": "10",
        "Server": "Microsoft-HTTPAPI/2.0",
        "Strict-Transport-Security": "max-age=31536000; includeSubDomains",
        "x-ms-client-request-id": "96d9b91820b763c36e26acff578054e5",
        "x-ms-request-id": "3b19a927-f593-481e-bdd1-bce56807b880"
      },
      "ResponseBody": {
        "status": "InProgress"
      }
    },
    {
      "RequestUri": "https://testsynapseworkspace.dev.azuresynapse.net/operationResults/27fe76b0-2c4d-414a-9b33-564e35c7bc28?api-version=2019-06-01-preview",
      "RequestMethod": "GET",
      "RequestHeaders": {
        "Authorization": "Sanitized",
        "User-Agent": [
          "azsdk-net-Analytics.Synapse.Artifacts/1.0.0-dev.20200821.1",
          "(.NET Core 4.6.29130.01; Microsoft Windows 10.0.19041 )"
        ],
        "x-ms-client-request-id": "6870cea03a67392e3499352011f9b798",
        "x-ms-return-client-request-id": "true"
      },
      "RequestBody": null,
      "StatusCode": 202,
      "ResponseHeaders": {
        "Access-Control-Allow-Headers": [
          "Location",
          "Retry-After"
        ],
        "Access-Control-Expose-Headers": [
          "Location",
          "Retry-After"
        ],
        "Content-Length": "23",
        "Content-Type": "application/json; charset=utf-8",
        "Date": "Fri, 21 Aug 2020 01:46:39 GMT",
        "Location": "https://testsynapseworkspace.dev.azuresynapse.net/operationResults/27fe76b0-2c4d-414a-9b33-564e35c7bc28?api-version=2019-06-01-preview",
        "Retry-After": "10",
        "Server": "Microsoft-HTTPAPI/2.0",
        "Strict-Transport-Security": "max-age=31536000; includeSubDomains",
        "x-ms-client-request-id": "6870cea03a67392e3499352011f9b798",
        "x-ms-request-id": "89494c7d-72e2-42fa-8ab3-8f95d53aecfb"
      },
      "ResponseBody": {
        "status": "InProgress"
      }
    },
    {
      "RequestUri": "https://testsynapseworkspace.dev.azuresynapse.net/operationResults/27fe76b0-2c4d-414a-9b33-564e35c7bc28?api-version=2019-06-01-preview",
      "RequestMethod": "GET",
      "RequestHeaders": {
        "Authorization": "Sanitized",
        "User-Agent": [
          "azsdk-net-Analytics.Synapse.Artifacts/1.0.0-dev.20200821.1",
          "(.NET Core 4.6.29130.01; Microsoft Windows 10.0.19041 )"
        ],
        "x-ms-client-request-id": "5a39898e0722446052d0a701988ea51d",
        "x-ms-return-client-request-id": "true"
      },
      "RequestBody": null,
      "StatusCode": 202,
      "ResponseHeaders": {
        "Access-Control-Allow-Headers": [
          "Location",
          "Retry-After"
        ],
        "Access-Control-Expose-Headers": [
          "Location",
          "Retry-After"
        ],
        "Content-Length": "23",
        "Content-Type": "application/json; charset=utf-8",
        "Date": "Fri, 21 Aug 2020 01:46:40 GMT",
        "Location": "https://testsynapseworkspace.dev.azuresynapse.net/operationResults/27fe76b0-2c4d-414a-9b33-564e35c7bc28?api-version=2019-06-01-preview",
        "Retry-After": "10",
        "Server": "Microsoft-HTTPAPI/2.0",
        "Strict-Transport-Security": "max-age=31536000; includeSubDomains",
        "x-ms-client-request-id": "5a39898e0722446052d0a701988ea51d",
        "x-ms-request-id": "a8749830-003d-4039-9052-b76814e0afeb"
      },
      "ResponseBody": {
        "status": "InProgress"
      }
    },
    {
      "RequestUri": "https://testsynapseworkspace.dev.azuresynapse.net/operationResults/27fe76b0-2c4d-414a-9b33-564e35c7bc28?api-version=2019-06-01-preview",
      "RequestMethod": "GET",
      "RequestHeaders": {
        "Authorization": "Sanitized",
        "User-Agent": [
          "azsdk-net-Analytics.Synapse.Artifacts/1.0.0-dev.20200821.1",
          "(.NET Core 4.6.29130.01; Microsoft Windows 10.0.19041 )"
        ],
        "x-ms-client-request-id": "06bf178b5da4ddc78aa0611deba25275",
        "x-ms-return-client-request-id": "true"
      },
      "RequestBody": null,
      "StatusCode": 202,
      "ResponseHeaders": {
        "Access-Control-Allow-Headers": [
          "Location",
          "Retry-After"
        ],
        "Access-Control-Expose-Headers": [
          "Location",
          "Retry-After"
        ],
        "Content-Length": "23",
        "Content-Type": "application/json; charset=utf-8",
        "Date": "Fri, 21 Aug 2020 01:46:40 GMT",
        "Location": "https://testsynapseworkspace.dev.azuresynapse.net/operationResults/27fe76b0-2c4d-414a-9b33-564e35c7bc28?api-version=2019-06-01-preview",
        "Retry-After": "10",
        "Server": "Microsoft-HTTPAPI/2.0",
        "Strict-Transport-Security": "max-age=31536000; includeSubDomains",
        "x-ms-client-request-id": "06bf178b5da4ddc78aa0611deba25275",
        "x-ms-request-id": "c33306bd-e871-48a6-b213-5842b0f905d2"
      },
      "ResponseBody": {
        "status": "InProgress"
      }
    },
    {
      "RequestUri": "https://testsynapseworkspace.dev.azuresynapse.net/operationResults/27fe76b0-2c4d-414a-9b33-564e35c7bc28?api-version=2019-06-01-preview",
      "RequestMethod": "GET",
      "RequestHeaders": {
        "Authorization": "Sanitized",
        "User-Agent": [
          "azsdk-net-Analytics.Synapse.Artifacts/1.0.0-dev.20200821.1",
          "(.NET Core 4.6.29130.01; Microsoft Windows 10.0.19041 )"
        ],
        "x-ms-client-request-id": "cd71136ffa4799c36d2b1597922da1a6",
        "x-ms-return-client-request-id": "true"
      },
      "RequestBody": null,
      "StatusCode": 202,
      "ResponseHeaders": {
        "Access-Control-Allow-Headers": [
          "Location",
          "Retry-After"
        ],
        "Access-Control-Expose-Headers": [
          "Location",
          "Retry-After"
        ],
        "Content-Length": "23",
        "Content-Type": "application/json; charset=utf-8",
        "Date": "Fri, 21 Aug 2020 01:46:40 GMT",
        "Location": "https://testsynapseworkspace.dev.azuresynapse.net/operationResults/27fe76b0-2c4d-414a-9b33-564e35c7bc28?api-version=2019-06-01-preview",
        "Retry-After": "10",
        "Server": "Microsoft-HTTPAPI/2.0",
        "Strict-Transport-Security": "max-age=31536000; includeSubDomains",
        "x-ms-client-request-id": "cd71136ffa4799c36d2b1597922da1a6",
        "x-ms-request-id": "007514cc-96fb-416e-84e3-0b63cdea2810"
      },
      "ResponseBody": {
        "status": "InProgress"
      }
    },
    {
      "RequestUri": "https://testsynapseworkspace.dev.azuresynapse.net/operationResults/27fe76b0-2c4d-414a-9b33-564e35c7bc28?api-version=2019-06-01-preview",
      "RequestMethod": "GET",
      "RequestHeaders": {
        "Authorization": "Sanitized",
        "User-Agent": [
          "azsdk-net-Analytics.Synapse.Artifacts/1.0.0-dev.20200821.1",
          "(.NET Core 4.6.29130.01; Microsoft Windows 10.0.19041 )"
        ],
        "x-ms-client-request-id": "fa9517f4b03931f4c25bcf82a54259b0",
        "x-ms-return-client-request-id": "true"
      },
      "RequestBody": null,
      "StatusCode": 202,
      "ResponseHeaders": {
        "Access-Control-Allow-Headers": [
          "Location",
          "Retry-After"
        ],
        "Access-Control-Expose-Headers": [
          "Location",
          "Retry-After"
        ],
        "Content-Length": "23",
        "Content-Type": "application/json; charset=utf-8",
        "Date": "Fri, 21 Aug 2020 01:46:40 GMT",
        "Location": "https://testsynapseworkspace.dev.azuresynapse.net/operationResults/27fe76b0-2c4d-414a-9b33-564e35c7bc28?api-version=2019-06-01-preview",
        "Retry-After": "10",
        "Server": "Microsoft-HTTPAPI/2.0",
        "Strict-Transport-Security": "max-age=31536000; includeSubDomains",
        "x-ms-client-request-id": "fa9517f4b03931f4c25bcf82a54259b0",
        "x-ms-request-id": "05a9b82b-6268-4200-b785-479c089348bf"
      },
      "ResponseBody": {
        "status": "InProgress"
      }
    },
    {
      "RequestUri": "https://testsynapseworkspace.dev.azuresynapse.net/operationResults/27fe76b0-2c4d-414a-9b33-564e35c7bc28?api-version=2019-06-01-preview",
      "RequestMethod": "GET",
      "RequestHeaders": {
        "Authorization": "Sanitized",
        "User-Agent": [
          "azsdk-net-Analytics.Synapse.Artifacts/1.0.0-dev.20200821.1",
          "(.NET Core 4.6.29130.01; Microsoft Windows 10.0.19041 )"
        ],
        "x-ms-client-request-id": "8492327ed71d90d65325997947304a5d",
        "x-ms-return-client-request-id": "true"
      },
      "RequestBody": null,
      "StatusCode": 202,
      "ResponseHeaders": {
        "Access-Control-Allow-Headers": [
          "Location",
          "Retry-After"
        ],
        "Access-Control-Expose-Headers": [
          "Location",
          "Retry-After"
        ],
        "Content-Length": "23",
        "Content-Type": "application/json; charset=utf-8",
        "Date": "Fri, 21 Aug 2020 01:46:41 GMT",
        "Location": "https://testsynapseworkspace.dev.azuresynapse.net/operationResults/27fe76b0-2c4d-414a-9b33-564e35c7bc28?api-version=2019-06-01-preview",
        "Retry-After": "10",
        "Server": "Microsoft-HTTPAPI/2.0",
        "Strict-Transport-Security": "max-age=31536000; includeSubDomains",
        "x-ms-client-request-id": "8492327ed71d90d65325997947304a5d",
        "x-ms-request-id": "12cb50e2-9f59-46e7-89ae-13caa9bf780b"
      },
      "ResponseBody": {
        "status": "InProgress"
      }
    },
    {
      "RequestUri": "https://testsynapseworkspace.dev.azuresynapse.net/operationResults/27fe76b0-2c4d-414a-9b33-564e35c7bc28?api-version=2019-06-01-preview",
      "RequestMethod": "GET",
      "RequestHeaders": {
        "Authorization": "Sanitized",
        "User-Agent": [
          "azsdk-net-Analytics.Synapse.Artifacts/1.0.0-dev.20200821.1",
          "(.NET Core 4.6.29130.01; Microsoft Windows 10.0.19041 )"
        ],
        "x-ms-client-request-id": "d429bbff580cbe3b1f3f0beb2b40f42b",
        "x-ms-return-client-request-id": "true"
      },
      "RequestBody": null,
      "StatusCode": 202,
      "ResponseHeaders": {
        "Access-Control-Allow-Headers": [
          "Location",
          "Retry-After"
        ],
        "Access-Control-Expose-Headers": [
          "Location",
          "Retry-After"
        ],
        "Content-Length": "23",
        "Content-Type": "application/json; charset=utf-8",
        "Date": "Fri, 21 Aug 2020 01:46:41 GMT",
        "Location": "https://testsynapseworkspace.dev.azuresynapse.net/operationResults/27fe76b0-2c4d-414a-9b33-564e35c7bc28?api-version=2019-06-01-preview",
        "Retry-After": "10",
        "Server": "Microsoft-HTTPAPI/2.0",
        "Strict-Transport-Security": "max-age=31536000; includeSubDomains",
        "x-ms-client-request-id": "d429bbff580cbe3b1f3f0beb2b40f42b",
        "x-ms-request-id": "e13eb57a-86cc-45ba-a504-39da54246c33"
      },
      "ResponseBody": {
        "status": "InProgress"
      }
    },
    {
      "RequestUri": "https://testsynapseworkspace.dev.azuresynapse.net/operationResults/27fe76b0-2c4d-414a-9b33-564e35c7bc28?api-version=2019-06-01-preview",
      "RequestMethod": "GET",
      "RequestHeaders": {
        "Authorization": "Sanitized",
        "User-Agent": [
          "azsdk-net-Analytics.Synapse.Artifacts/1.0.0-dev.20200821.1",
          "(.NET Core 4.6.29130.01; Microsoft Windows 10.0.19041 )"
        ],
        "x-ms-client-request-id": "601864d11c9b1c894105a614177bea91",
        "x-ms-return-client-request-id": "true"
      },
      "RequestBody": null,
      "StatusCode": 202,
      "ResponseHeaders": {
        "Access-Control-Allow-Headers": [
          "Location",
          "Retry-After"
        ],
        "Access-Control-Expose-Headers": [
          "Location",
          "Retry-After"
        ],
        "Content-Length": "23",
        "Content-Type": "application/json; charset=utf-8",
        "Date": "Fri, 21 Aug 2020 01:46:41 GMT",
        "Location": "https://testsynapseworkspace.dev.azuresynapse.net/operationResults/27fe76b0-2c4d-414a-9b33-564e35c7bc28?api-version=2019-06-01-preview",
        "Retry-After": "10",
        "Server": "Microsoft-HTTPAPI/2.0",
        "Strict-Transport-Security": "max-age=31536000; includeSubDomains",
        "x-ms-client-request-id": "601864d11c9b1c894105a614177bea91",
        "x-ms-request-id": "f92c85fe-06db-4ba7-b6c4-0376b5d36f01"
      },
      "ResponseBody": {
        "status": "InProgress"
      }
    },
    {
      "RequestUri": "https://testsynapseworkspace.dev.azuresynapse.net/operationResults/27fe76b0-2c4d-414a-9b33-564e35c7bc28?api-version=2019-06-01-preview",
      "RequestMethod": "GET",
      "RequestHeaders": {
        "Authorization": "Sanitized",
        "User-Agent": [
          "azsdk-net-Analytics.Synapse.Artifacts/1.0.0-dev.20200821.1",
          "(.NET Core 4.6.29130.01; Microsoft Windows 10.0.19041 )"
        ],
        "x-ms-client-request-id": "ea837110851826a3f6d364ddccea6512",
        "x-ms-return-client-request-id": "true"
      },
      "RequestBody": null,
      "StatusCode": 202,
      "ResponseHeaders": {
        "Access-Control-Allow-Headers": [
          "Location",
          "Retry-After"
        ],
        "Access-Control-Expose-Headers": [
          "Location",
          "Retry-After"
        ],
        "Content-Length": "23",
        "Content-Type": "application/json; charset=utf-8",
        "Date": "Fri, 21 Aug 2020 01:46:41 GMT",
        "Location": "https://testsynapseworkspace.dev.azuresynapse.net/operationResults/27fe76b0-2c4d-414a-9b33-564e35c7bc28?api-version=2019-06-01-preview",
        "Retry-After": "10",
        "Server": "Microsoft-HTTPAPI/2.0",
        "Strict-Transport-Security": "max-age=31536000; includeSubDomains",
        "x-ms-client-request-id": "ea837110851826a3f6d364ddccea6512",
        "x-ms-request-id": "343e8580-e38a-4da4-a3e2-87d3149bdf6b"
      },
      "ResponseBody": {
        "status": "InProgress"
      }
    },
    {
      "RequestUri": "https://testsynapseworkspace.dev.azuresynapse.net/operationResults/27fe76b0-2c4d-414a-9b33-564e35c7bc28?api-version=2019-06-01-preview",
      "RequestMethod": "GET",
      "RequestHeaders": {
        "Authorization": "Sanitized",
        "User-Agent": [
          "azsdk-net-Analytics.Synapse.Artifacts/1.0.0-dev.20200821.1",
          "(.NET Core 4.6.29130.01; Microsoft Windows 10.0.19041 )"
        ],
        "x-ms-client-request-id": "e2a76d31ea17e2c2320c9207b127a6a4",
        "x-ms-return-client-request-id": "true"
      },
      "RequestBody": null,
      "StatusCode": 200,
      "ResponseHeaders": {
        "Cache-Control": "no-cache",
        "Content-Length": "387",
        "Content-Type": "application/json; charset=utf-8",
        "Date": "Fri, 21 Aug 2020 01:46:42 GMT",
        "Expires": "-1",
        "Pragma": "no-cache",
        "Server": [
          "Microsoft-IIS/10.0",
          "Microsoft-HTTPAPI/2.0"
        ],
        "Strict-Transport-Security": "max-age=15724800; includeSubDomains",
        "X-Content-Type-Options": "nosniff",
        "x-ms-client-request-id": "e2a76d31ea17e2c2320c9207b127a6a4",
        "x-ms-correlation-request-id": "71408c19-a039-470b-bd90-b1db5e705941",
        "x-ms-request-id": "64668c81-fe37-447d-865c-bf32d24de298",
        "X-Powered-By": "ASP.NET"
      },
      "ResponseBody": {
        "id": "/subscriptions/051ddeca-1ed6-4d8b-ba6f-1ff561e5f3b3/resourceGroups/zzy-test-rg/providers/Microsoft.Synapse/workspaces/testsynapseworkspace/notebooks/MyNotebook",
        "name": "MyNotebook",
        "type": "Microsoft.Synapse/workspaces/notebooks",
        "properties": {
          "metadata": {
            "language_info": {
              "name": "Python"
            }
          },
          "nbformat": 4,
          "nbformat_minor": 2,
          "cells": []
        },
        "etag": "0900da04-0000-0100-0000-5f3f27820000"
      }
    }
  ],
  "Variables": {
    "AZURE_SYNAPSE_WORKSPACE_URL": "https://testsynapseworkspace.dev.azuresynapse.net",
    "RandomSeed": "1648047094"
  }
}