{
  "Entries": [
    {
      "RequestUri": "/subscriptions/24fb23e3-6ba3-41f0-9b6e-e41131d5d61e/resourcegroups/crptestar5245?api-version=2017-05-10",
      "EncodedRequestUri": "L3N1YnNjcmlwdGlvbnMvMjRmYjIzZTMtNmJhMy00MWYwLTliNmUtZTQxMTMxZDVkNjFlL3Jlc291cmNlZ3JvdXBzL2NycHRlc3RhcjUyNDU/YXBpLXZlcnNpb249MjAxNy0wNS0xMA==",
      "RequestMethod": "PUT",
      "RequestBody": "{\r\n  \"location\": \"SoutheastAsia\",\r\n  \"tags\": {\r\n    \"crptestar5245\": \"2018-05-03 18:06:23Z\"\r\n  }\r\n}",
      "RequestHeaders": {
        "Content-Type": [
          "application/json; charset=utf-8"
        ],
        "Content-Length": [
          "99"
        ],
        "x-ms-client-request-id": [
          "06f3c18e-e17f-4ab3-ad8c-11baafb00fb7"
        ],
        "accept-language": [
          "en-US"
        ],
        "User-Agent": [
          "FxVersion/4.6.25714.03",
          "Microsoft.Azure.Management.ResourceManager.ResourceManagementClient/1.6.0.0"
        ]
      },
      "ResponseBody": "{\r\n  \"id\": \"/subscriptions/24fb23e3-6ba3-41f0-9b6e-e41131d5d61e/resourceGroups/crptestar5245\",\r\n  \"name\": \"crptestar5245\",\r\n  \"location\": \"southeastasia\",\r\n  \"tags\": {\r\n    \"crptestar5245\": \"2018-05-03 18:06:23Z\"\r\n  },\r\n  \"properties\": {\r\n    \"provisioningState\": \"Succeeded\"\r\n  }\r\n}",
      "ResponseHeaders": {
        "Content-Length": [
          "234"
        ],
        "Content-Type": [
          "application/json; charset=utf-8"
        ],
        "Expires": [
          "-1"
        ],
        "Cache-Control": [
          "no-cache"
        ],
        "Date": [
          "Thu, 03 May 2018 18:06:25 GMT"
        ],
        "Pragma": [
          "no-cache"
        ],
        "x-ms-ratelimit-remaining-subscription-writes": [
          "1196"
        ],
        "x-ms-request-id": [
          "87e0755b-79c2-4e2b-adf3-cc32eb36a44b"
        ],
        "x-ms-correlation-request-id": [
          "87e0755b-79c2-4e2b-adf3-cc32eb36a44b"
        ],
        "x-ms-routing-request-id": [
          "WESTUS2:20180503T180625Z:87e0755b-79c2-4e2b-adf3-cc32eb36a44b"
        ],
        "Strict-Transport-Security": [
          "max-age=31536000; includeSubDomains"
        ],
        "X-Content-Type-Options": [
          "nosniff"
        ]
      },
      "StatusCode": 201
    },
    {
      "RequestUri": "/subscriptions/24fb23e3-6ba3-41f0-9b6e-e41131d5d61e/resourcegroups/crptestar5245?api-version=2017-05-10",
      "EncodedRequestUri": "L3N1YnNjcmlwdGlvbnMvMjRmYjIzZTMtNmJhMy00MWYwLTliNmUtZTQxMTMxZDVkNjFlL3Jlc291cmNlZ3JvdXBzL2NycHRlc3RhcjUyNDU/YXBpLXZlcnNpb249MjAxNy0wNS0xMA==",
      "RequestMethod": "PUT",
      "RequestBody": "{\r\n  \"location\": \"SoutheastAsia\",\r\n  \"tags\": {\r\n    \"crptestar5245\": \"2018-05-03 18:06:58Z\"\r\n  }\r\n}",
      "RequestHeaders": {
        "Content-Type": [
          "application/json; charset=utf-8"
        ],
        "Content-Length": [
          "99"
        ],
        "x-ms-client-request-id": [
          "8a9f642d-b069-4735-a6b7-b8c57f0706bf"
        ],
        "accept-language": [
          "en-US"
        ],
        "User-Agent": [
          "FxVersion/4.6.25714.03",
          "Microsoft.Azure.Management.ResourceManager.ResourceManagementClient/1.6.0.0"
        ]
      },
      "ResponseBody": "{\r\n  \"id\": \"/subscriptions/24fb23e3-6ba3-41f0-9b6e-e41131d5d61e/resourceGroups/crptestar5245\",\r\n  \"name\": \"crptestar5245\",\r\n  \"location\": \"southeastasia\",\r\n  \"tags\": {\r\n    \"crptestar5245\": \"2018-05-03 18:06:58Z\"\r\n  },\r\n  \"properties\": {\r\n    \"provisioningState\": \"Succeeded\"\r\n  }\r\n}",
      "ResponseHeaders": {
        "Content-Type": [
          "application/json; charset=utf-8"
        ],
        "Expires": [
          "-1"
        ],
        "Cache-Control": [
          "no-cache"
        ],
        "Date": [
          "Thu, 03 May 2018 18:06:58 GMT"
        ],
        "Pragma": [
          "no-cache"
        ],
        "Transfer-Encoding": [
          "chunked"
        ],
        "Vary": [
          "Accept-Encoding"
        ],
        "x-ms-ratelimit-remaining-subscription-writes": [
          "1195"
        ],
        "x-ms-request-id": [
          "2316e541-02fe-4762-a46b-60ed5aeebe4a"
        ],
        "x-ms-correlation-request-id": [
          "2316e541-02fe-4762-a46b-60ed5aeebe4a"
        ],
        "x-ms-routing-request-id": [
          "WESTUS2:20180503T180659Z:2316e541-02fe-4762-a46b-60ed5aeebe4a"
        ],
        "Strict-Transport-Security": [
          "max-age=31536000; includeSubDomains"
        ],
        "X-Content-Type-Options": [
          "nosniff"
        ]
      },
      "StatusCode": 200
    },
    {
      "RequestUri": "/subscriptions/24fb23e3-6ba3-41f0-9b6e-e41131d5d61e/resourceGroups/crptestar5245/providers/Microsoft.Storage/storageAccounts/crptestar7203?api-version=2015-06-15",
      "EncodedRequestUri": "L3N1YnNjcmlwdGlvbnMvMjRmYjIzZTMtNmJhMy00MWYwLTliNmUtZTQxMTMxZDVkNjFlL3Jlc291cmNlR3JvdXBzL2NycHRlc3RhcjUyNDUvcHJvdmlkZXJzL01pY3Jvc29mdC5TdG9yYWdlL3N0b3JhZ2VBY2NvdW50cy9jcnB0ZXN0YXI3MjAzP2FwaS12ZXJzaW9uPTIwMTUtMDYtMTU=",
      "RequestMethod": "PUT",
      "RequestBody": "{\r\n  \"location\": \"SoutheastAsia\",\r\n  \"properties\": {\r\n    \"accountType\": \"Standard_GRS\"\r\n  }\r\n}",
      "RequestHeaders": {
        "Content-Type": [
          "application/json; charset=utf-8"
        ],
        "Content-Length": [
          "95"
        ],
        "x-ms-client-request-id": [
          "9ee3cb36-9f29-4f8e-840f-3e21409a4bb8"
        ],
        "accept-language": [
          "en-US"
        ],
        "User-Agent": [
          "FxVersion/4.6.25714.03",
          "Microsoft.Azure.Management.Storage.StorageManagementClient/4.0.0.0"
        ]
      },
      "ResponseBody": "",
      "ResponseHeaders": {
        "Content-Length": [
          "0"
        ],
        "Content-Type": [
          "text/plain; charset=utf-8"
        ],
        "Expires": [
          "-1"
        ],
        "Cache-Control": [
          "no-cache"
        ],
        "Date": [
          "Thu, 03 May 2018 18:06:30 GMT"
        ],
        "Pragma": [
          "no-cache"
        ],
        "Location": [
          "https://management.azure.com/subscriptions/24fb23e3-6ba3-41f0-9b6e-e41131d5d61e/providers/Microsoft.Storage/locations/southeastasia/asyncoperations/7d960652-c084-459d-8ba5-496b7e990951?monitor=true&api-version=2015-06-15"
        ],
        "Retry-After": [
          "17"
        ],
        "Server": [
          "Microsoft-Azure-Storage-Resource-Provider/1.0,Microsoft-HTTPAPI/2.0 Microsoft-HTTPAPI/2.0"
        ],
        "x-ms-request-id": [
          "7d960652-c084-459d-8ba5-496b7e990951"
        ],
        "Strict-Transport-Security": [
          "max-age=31536000; includeSubDomains"
        ],
        "x-ms-ratelimit-remaining-subscription-writes": [
          "1199"
        ],
        "x-ms-correlation-request-id": [
          "407a3778-53af-449c-ac82-706363ba8009"
        ],
        "x-ms-routing-request-id": [
          "WESTUS2:20180503T180630Z:407a3778-53af-449c-ac82-706363ba8009"
        ],
        "X-Content-Type-Options": [
          "nosniff"
        ]
      },
      "StatusCode": 202
    },
    {
      "RequestUri": "/subscriptions/24fb23e3-6ba3-41f0-9b6e-e41131d5d61e/providers/Microsoft.Storage/locations/southeastasia/asyncoperations/7d960652-c084-459d-8ba5-496b7e990951?monitor=true&api-version=2015-06-15",
      "EncodedRequestUri": "L3N1YnNjcmlwdGlvbnMvMjRmYjIzZTMtNmJhMy00MWYwLTliNmUtZTQxMTMxZDVkNjFlL3Byb3ZpZGVycy9NaWNyb3NvZnQuU3RvcmFnZS9sb2NhdGlvbnMvc291dGhlYXN0YXNpYS9hc3luY29wZXJhdGlvbnMvN2Q5NjA2NTItYzA4NC00NTlkLThiYTUtNDk2YjdlOTkwOTUxP21vbml0b3I9dHJ1ZSZhcGktdmVyc2lvbj0yMDE1LTA2LTE1",
      "RequestMethod": "GET",
      "RequestBody": "",
      "RequestHeaders": {
        "User-Agent": [
          "FxVersion/4.6.25714.03",
          "Microsoft.Azure.Management.Storage.StorageManagementClient/4.0.0.0"
        ]
      },
      "ResponseBody": "{\r\n  \"location\": \"SoutheastAsia\",\r\n  \"properties\": {\r\n    \"accountType\": \"Standard_GRS\"\r\n  }\r\n}",
      "ResponseHeaders": {
        "Content-Type": [
          "application/json"
        ],
        "Expires": [
          "-1"
        ],
        "Cache-Control": [
          "no-cache"
        ],
        "Date": [
          "Thu, 03 May 2018 18:06:47 GMT"
        ],
        "Pragma": [
          "no-cache"
        ],
        "Transfer-Encoding": [
          "chunked"
        ],
        "Server": [
          "Microsoft-Azure-Storage-Resource-Provider/1.0,Microsoft-HTTPAPI/2.0 Microsoft-HTTPAPI/2.0"
        ],
        "Vary": [
          "Accept-Encoding"
        ],
        "x-ms-request-id": [
          "6ba9b257-fa8e-43f1-9ff9-98c65dcedbd4"
        ],
        "Strict-Transport-Security": [
          "max-age=31536000; includeSubDomains"
        ],
        "x-ms-ratelimit-remaining-subscription-reads": [
          "14999"
        ],
        "x-ms-correlation-request-id": [
          "2aa2d5cd-67b0-42ae-91f3-f555d3d0ad0d"
        ],
        "x-ms-routing-request-id": [
          "WESTUS2:20180503T180647Z:2aa2d5cd-67b0-42ae-91f3-f555d3d0ad0d"
        ],
        "X-Content-Type-Options": [
          "nosniff"
        ]
      },
      "StatusCode": 200
    },
    {
      "RequestUri": "/subscriptions/24fb23e3-6ba3-41f0-9b6e-e41131d5d61e/resourceGroups/crptestar5245/providers/Microsoft.Storage/storageAccounts?api-version=2015-06-15",
      "EncodedRequestUri": "L3N1YnNjcmlwdGlvbnMvMjRmYjIzZTMtNmJhMy00MWYwLTliNmUtZTQxMTMxZDVkNjFlL3Jlc291cmNlR3JvdXBzL2NycHRlc3RhcjUyNDUvcHJvdmlkZXJzL01pY3Jvc29mdC5TdG9yYWdlL3N0b3JhZ2VBY2NvdW50cz9hcGktdmVyc2lvbj0yMDE1LTA2LTE1",
      "RequestMethod": "GET",
      "RequestBody": "",
      "RequestHeaders": {
        "x-ms-client-request-id": [
          "8b0c998d-468b-44bd-abb8-a29692413fb2"
        ],
        "accept-language": [
          "en-US"
        ],
        "User-Agent": [
          "FxVersion/4.6.25714.03",
          "Microsoft.Azure.Management.Storage.StorageManagementClient/4.0.0.0"
        ]
      },
      "ResponseBody": "{\r\n  \"value\": [\r\n    {\r\n      \"id\": \"/subscriptions/24fb23e3-6ba3-41f0-9b6e-e41131d5d61e/resourceGroups/crptestar5245/providers/Microsoft.Storage/storageAccounts/crptestar7203\",\r\n      \"name\": \"crptestar7203\",\r\n      \"type\": \"Microsoft.Storage/storageAccounts\",\r\n      \"location\": \"southeastasia\",\r\n      \"tags\": {},\r\n      \"properties\": {\r\n        \"accountType\": \"Standard_GRS\",\r\n        \"provisioningState\": \"Succeeded\",\r\n        \"creationTime\": \"2018-05-03T18:06:28.9639432Z\",\r\n        \"primaryEndpoints\": {\r\n          \"blob\": \"https://crptestar7203.blob.core.windows.net/\",\r\n          \"queue\": \"https://crptestar7203.queue.core.windows.net/\",\r\n          \"table\": \"https://crptestar7203.table.core.windows.net/\",\r\n          \"file\": \"https://crptestar7203.file.core.windows.net/\"\r\n        },\r\n        \"primaryLocation\": \"southeastasia\",\r\n        \"statusOfPrimary\": \"available\",\r\n        \"secondaryLocation\": \"eastasia\",\r\n        \"statusOfSecondary\": \"available\"\r\n      }\r\n    }\r\n  ]\r\n}",
      "ResponseHeaders": {
        "Content-Type": [
          "application/json"
        ],
        "Expires": [
          "-1"
        ],
        "Cache-Control": [
          "no-cache"
        ],
        "Date": [
          "Thu, 03 May 2018 18:06:57 GMT"
        ],
        "Pragma": [
          "no-cache"
        ],
        "Transfer-Encoding": [
          "chunked"
        ],
        "Server": [
          "Microsoft-Azure-Storage-Resource-Provider/1.0,Microsoft-HTTPAPI/2.0 Microsoft-HTTPAPI/2.0"
        ],
        "Vary": [
          "Accept-Encoding"
        ],
        "x-ms-request-id": [
          "25ad3601-8365-47f1-b1be-db667560f559"
        ],
        "Strict-Transport-Security": [
          "max-age=31536000; includeSubDomains"
        ],
        "x-ms-ratelimit-remaining-subscription-reads": [
          "14998"
        ],
        "x-ms-correlation-request-id": [
          "5cce73b7-539e-4e1a-b54e-63a35d427289"
        ],
        "x-ms-routing-request-id": [
          "WESTUS2:20180503T180658Z:5cce73b7-539e-4e1a-b54e-63a35d427289"
        ],
        "X-Content-Type-Options": [
          "nosniff"
        ]
      },
      "StatusCode": 200
    },
    {
      "RequestUri": "/subscriptions/24fb23e3-6ba3-41f0-9b6e-e41131d5d61e/resourceGroups/crptestar5245/providers/Microsoft.Storage/storageAccounts/crptestar7203?api-version=2015-06-15",
      "EncodedRequestUri": "L3N1YnNjcmlwdGlvbnMvMjRmYjIzZTMtNmJhMy00MWYwLTliNmUtZTQxMTMxZDVkNjFlL3Jlc291cmNlR3JvdXBzL2NycHRlc3RhcjUyNDUvcHJvdmlkZXJzL01pY3Jvc29mdC5TdG9yYWdlL3N0b3JhZ2VBY2NvdW50cy9jcnB0ZXN0YXI3MjAzP2FwaS12ZXJzaW9uPTIwMTUtMDYtMTU=",
      "RequestMethod": "GET",
      "RequestBody": "",
      "RequestHeaders": {
        "x-ms-client-request-id": [
          "e0805241-b26c-47b8-9ce3-7eaaf7f76138"
        ],
        "accept-language": [
          "en-US"
        ],
        "User-Agent": [
          "FxVersion/4.6.25714.03",
          "Microsoft.Azure.Management.Storage.StorageManagementClient/4.0.0.0"
        ]
      },
      "ResponseBody": "{\r\n  \"id\": \"/subscriptions/24fb23e3-6ba3-41f0-9b6e-e41131d5d61e/resourceGroups/crptestar5245/providers/Microsoft.Storage/storageAccounts/crptestar7203\",\r\n  \"name\": \"crptestar7203\",\r\n  \"type\": \"Microsoft.Storage/storageAccounts\",\r\n  \"location\": \"southeastasia\",\r\n  \"tags\": {},\r\n  \"properties\": {\r\n    \"accountType\": \"Standard_GRS\",\r\n    \"provisioningState\": \"Succeeded\",\r\n    \"creationTime\": \"2018-05-03T18:06:28.9639432Z\",\r\n    \"primaryEndpoints\": {\r\n      \"blob\": \"https://crptestar7203.blob.core.windows.net/\",\r\n      \"queue\": \"https://crptestar7203.queue.core.windows.net/\",\r\n      \"table\": \"https://crptestar7203.table.core.windows.net/\",\r\n      \"file\": \"https://crptestar7203.file.core.windows.net/\"\r\n    },\r\n    \"primaryLocation\": \"southeastasia\",\r\n    \"statusOfPrimary\": \"available\",\r\n    \"secondaryLocation\": \"eastasia\",\r\n    \"statusOfSecondary\": \"available\"\r\n  }\r\n}",
      "ResponseHeaders": {
        "Content-Type": [
          "application/json"
        ],
        "Expires": [
          "-1"
        ],
        "Cache-Control": [
          "no-cache"
        ],
        "Date": [
          "Thu, 03 May 2018 18:06:57 GMT"
        ],
        "Pragma": [
          "no-cache"
        ],
        "Transfer-Encoding": [
          "chunked"
        ],
        "Server": [
          "Microsoft-Azure-Storage-Resource-Provider/1.0,Microsoft-HTTPAPI/2.0 Microsoft-HTTPAPI/2.0"
        ],
        "Vary": [
          "Accept-Encoding"
        ],
        "x-ms-request-id": [
          "22db2aac-aaa1-4298-b716-1f6be6142cde"
        ],
        "Strict-Transport-Security": [
          "max-age=31536000; includeSubDomains"
        ],
        "x-ms-ratelimit-remaining-subscription-reads": [
          "14997"
        ],
        "x-ms-correlation-request-id": [
          "5e02f7e0-d6a1-47ed-b1eb-6290c9cdf047"
        ],
        "x-ms-routing-request-id": [
          "WESTUS2:20180503T180658Z:5e02f7e0-d6a1-47ed-b1eb-6290c9cdf047"
        ],
        "X-Content-Type-Options": [
          "nosniff"
        ]
      },
      "StatusCode": 200
    },
    {
      "RequestUri": "/subscriptions/24fb23e3-6ba3-41f0-9b6e-e41131d5d61e/resourceGroups/crptestar5245/providers/Microsoft.Network/publicIPAddresses/pip8433?api-version=2017-03-01",
      "EncodedRequestUri": "L3N1YnNjcmlwdGlvbnMvMjRmYjIzZTMtNmJhMy00MWYwLTliNmUtZTQxMTMxZDVkNjFlL3Jlc291cmNlR3JvdXBzL2NycHRlc3RhcjUyNDUvcHJvdmlkZXJzL01pY3Jvc29mdC5OZXR3b3JrL3B1YmxpY0lQQWRkcmVzc2VzL3BpcDg0MzM/YXBpLXZlcnNpb249MjAxNy0wMy0wMQ==",
      "RequestMethod": "PUT",
      "RequestBody": "{\r\n  \"properties\": {\r\n    \"publicIPAllocationMethod\": \"Dynamic\",\r\n    \"dnsSettings\": {\r\n      \"domainNameLabel\": \"dn1147\"\r\n    }\r\n  },\r\n  \"location\": \"SoutheastAsia\",\r\n  \"tags\": {\r\n    \"key\": \"value\"\r\n  }\r\n}",
      "RequestHeaders": {
        "Content-Type": [
          "application/json; charset=utf-8"
        ],
        "Content-Length": [
          "207"
        ],
        "x-ms-client-request-id": [
          "61947eb1-e289-44d4-997f-538cb605db13"
        ],
        "accept-language": [
          "en-US"
        ],
        "User-Agent": [
          "FxVersion/4.6.25714.03",
          "Microsoft.Azure.Management.Network.NetworkManagementClient/10.0.0.0"
        ]
      },
      "ResponseBody": "{\r\n  \"name\": \"pip8433\",\r\n  \"id\": \"/subscriptions/24fb23e3-6ba3-41f0-9b6e-e41131d5d61e/resourceGroups/crptestar5245/providers/Microsoft.Network/publicIPAddresses/pip8433\",\r\n  \"etag\": \"W/\\\"5a94b542-905c-48f9-ab5a-c8c792bc239c\\\"\",\r\n  \"location\": \"southeastasia\",\r\n  \"tags\": {\r\n    \"key\": \"value\"\r\n  },\r\n  \"properties\": {\r\n    \"provisioningState\": \"Updating\",\r\n    \"resourceGuid\": \"e770efb6-5201-4a4a-9536-533c0fa777af\",\r\n    \"publicIPAddressVersion\": \"IPv4\",\r\n    \"publicIPAllocationMethod\": \"Dynamic\",\r\n    \"idleTimeoutInMinutes\": 4,\r\n    \"dnsSettings\": {\r\n      \"domainNameLabel\": \"dn1147\",\r\n      \"fqdn\": \"dn1147.southeastasia.cloudapp.azure.com\"\r\n    }\r\n  },\r\n  \"type\": \"Microsoft.Network/publicIPAddresses\"\r\n}",
      "ResponseHeaders": {
        "Content-Length": [
          "711"
        ],
        "Content-Type": [
          "application/json; charset=utf-8"
        ],
        "Expires": [
          "-1"
        ],
        "Cache-Control": [
          "no-cache"
        ],
        "Date": [
          "Thu, 03 May 2018 18:07:04 GMT"
        ],
        "Pragma": [
          "no-cache"
        ],
        "Retry-After": [
          "3"
        ],
        "Server": [
          "Microsoft-HTTPAPI/2.0",
          "Microsoft-HTTPAPI/2.0"
        ],
        "x-ms-request-id": [
          "b75c0668-867b-49f2-b4c4-5e4cbb018aa9"
        ],
        "Azure-AsyncOperation": [
          "https://management.azure.com/subscriptions/24fb23e3-6ba3-41f0-9b6e-e41131d5d61e/providers/Microsoft.Network/locations/southeastasia/operations/b75c0668-867b-49f2-b4c4-5e4cbb018aa9?api-version=2017-03-01"
        ],
        "Strict-Transport-Security": [
          "max-age=31536000; includeSubDomains"
        ],
        "x-ms-ratelimit-remaining-subscription-writes": [
          "1199"
        ],
        "x-ms-correlation-request-id": [
          "fbde3f89-c12e-49d3-be33-ca1a2a0c973f"
        ],
        "x-ms-routing-request-id": [
          "WESTUS2:20180503T180705Z:fbde3f89-c12e-49d3-be33-ca1a2a0c973f"
        ],
        "X-Content-Type-Options": [
          "nosniff"
        ]
      },
      "StatusCode": 201
    },
    {
      "RequestUri": "/subscriptions/24fb23e3-6ba3-41f0-9b6e-e41131d5d61e/providers/Microsoft.Network/locations/southeastasia/operations/b75c0668-867b-49f2-b4c4-5e4cbb018aa9?api-version=2017-03-01",
      "EncodedRequestUri": "L3N1YnNjcmlwdGlvbnMvMjRmYjIzZTMtNmJhMy00MWYwLTliNmUtZTQxMTMxZDVkNjFlL3Byb3ZpZGVycy9NaWNyb3NvZnQuTmV0d29yay9sb2NhdGlvbnMvc291dGhlYXN0YXNpYS9vcGVyYXRpb25zL2I3NWMwNjY4LTg2N2ItNDlmMi1iNGM0LTVlNGNiYjAxOGFhOT9hcGktdmVyc2lvbj0yMDE3LTAzLTAx",
      "RequestMethod": "GET",
      "RequestBody": "",
      "RequestHeaders": {
        "User-Agent": [
          "FxVersion/4.6.25714.03",
          "Microsoft.Azure.Management.Network.NetworkManagementClient/10.0.0.0"
        ]
      },
      "ResponseBody": "{\r\n  \"status\": \"Succeeded\"\r\n}",
      "ResponseHeaders": {
        "Content-Type": [
          "application/json; charset=utf-8"
        ],
        "Expires": [
          "-1"
        ],
        "Cache-Control": [
          "no-cache"
        ],
        "Date": [
          "Thu, 03 May 2018 18:07:08 GMT"
        ],
        "Pragma": [
          "no-cache"
        ],
        "Transfer-Encoding": [
          "chunked"
        ],
        "Server": [
          "Microsoft-HTTPAPI/2.0",
          "Microsoft-HTTPAPI/2.0"
        ],
        "Vary": [
          "Accept-Encoding"
        ],
        "x-ms-request-id": [
          "4390b12e-a757-4f38-8617-654fab5e8c9d"
        ],
        "Strict-Transport-Security": [
          "max-age=31536000; includeSubDomains"
        ],
        "x-ms-ratelimit-remaining-subscription-reads": [
          "14996"
        ],
        "x-ms-correlation-request-id": [
          "f2f3456d-3c64-4ce6-8aed-aea6d5276d2b"
        ],
        "x-ms-routing-request-id": [
          "WESTUS2:20180503T180709Z:f2f3456d-3c64-4ce6-8aed-aea6d5276d2b"
        ],
        "X-Content-Type-Options": [
          "nosniff"
        ]
      },
      "StatusCode": 200
    },
    {
      "RequestUri": "/subscriptions/24fb23e3-6ba3-41f0-9b6e-e41131d5d61e/resourceGroups/crptestar5245/providers/Microsoft.Network/publicIPAddresses/pip8433?api-version=2017-03-01",
      "EncodedRequestUri": "L3N1YnNjcmlwdGlvbnMvMjRmYjIzZTMtNmJhMy00MWYwLTliNmUtZTQxMTMxZDVkNjFlL3Jlc291cmNlR3JvdXBzL2NycHRlc3RhcjUyNDUvcHJvdmlkZXJzL01pY3Jvc29mdC5OZXR3b3JrL3B1YmxpY0lQQWRkcmVzc2VzL3BpcDg0MzM/YXBpLXZlcnNpb249MjAxNy0wMy0wMQ==",
      "RequestMethod": "GET",
      "RequestBody": "",
      "RequestHeaders": {
        "User-Agent": [
          "FxVersion/4.6.25714.03",
          "Microsoft.Azure.Management.Network.NetworkManagementClient/10.0.0.0"
        ]
      },
      "ResponseBody": "{\r\n  \"name\": \"pip8433\",\r\n  \"id\": \"/subscriptions/24fb23e3-6ba3-41f0-9b6e-e41131d5d61e/resourceGroups/crptestar5245/providers/Microsoft.Network/publicIPAddresses/pip8433\",\r\n  \"etag\": \"W/\\\"7dcf9476-7490-45fc-aec5-c8768ecae852\\\"\",\r\n  \"location\": \"southeastasia\",\r\n  \"tags\": {\r\n    \"key\": \"value\"\r\n  },\r\n  \"properties\": {\r\n    \"provisioningState\": \"Succeeded\",\r\n    \"resourceGuid\": \"e770efb6-5201-4a4a-9536-533c0fa777af\",\r\n    \"publicIPAddressVersion\": \"IPv4\",\r\n    \"publicIPAllocationMethod\": \"Dynamic\",\r\n    \"idleTimeoutInMinutes\": 4,\r\n    \"dnsSettings\": {\r\n      \"domainNameLabel\": \"dn1147\",\r\n      \"fqdn\": \"dn1147.southeastasia.cloudapp.azure.com\"\r\n    }\r\n  },\r\n  \"type\": \"Microsoft.Network/publicIPAddresses\"\r\n}",
      "ResponseHeaders": {
        "Content-Type": [
          "application/json; charset=utf-8"
        ],
        "Expires": [
          "-1"
        ],
        "Cache-Control": [
          "no-cache"
        ],
        "Date": [
          "Thu, 03 May 2018 18:07:08 GMT"
        ],
        "Pragma": [
          "no-cache"
        ],
        "Transfer-Encoding": [
          "chunked"
        ],
        "ETag": [
          "W/\"7dcf9476-7490-45fc-aec5-c8768ecae852\""
        ],
        "Server": [
          "Microsoft-HTTPAPI/2.0",
          "Microsoft-HTTPAPI/2.0"
        ],
        "Vary": [
          "Accept-Encoding"
        ],
        "x-ms-request-id": [
          "3676094b-b760-4f25-94be-2b60fb591d5b"
        ],
        "Strict-Transport-Security": [
          "max-age=31536000; includeSubDomains"
        ],
        "x-ms-ratelimit-remaining-subscription-reads": [
          "14995"
        ],
        "x-ms-correlation-request-id": [
          "351c25a7-9fe3-4839-8715-3bf8bca98375"
        ],
        "x-ms-routing-request-id": [
          "WESTUS2:20180503T180709Z:351c25a7-9fe3-4839-8715-3bf8bca98375"
        ],
        "X-Content-Type-Options": [
          "nosniff"
        ]
      },
      "StatusCode": 200
    },
    {
      "RequestUri": "/subscriptions/24fb23e3-6ba3-41f0-9b6e-e41131d5d61e/resourceGroups/crptestar5245/providers/Microsoft.Network/publicIPAddresses/pip8433?api-version=2017-03-01",
      "EncodedRequestUri": "L3N1YnNjcmlwdGlvbnMvMjRmYjIzZTMtNmJhMy00MWYwLTliNmUtZTQxMTMxZDVkNjFlL3Jlc291cmNlR3JvdXBzL2NycHRlc3RhcjUyNDUvcHJvdmlkZXJzL01pY3Jvc29mdC5OZXR3b3JrL3B1YmxpY0lQQWRkcmVzc2VzL3BpcDg0MzM/YXBpLXZlcnNpb249MjAxNy0wMy0wMQ==",
      "RequestMethod": "GET",
      "RequestBody": "",
      "RequestHeaders": {
        "x-ms-client-request-id": [
          "99981413-edb5-4ce6-966b-c2d954fc251f"
        ],
        "accept-language": [
          "en-US"
        ],
        "User-Agent": [
          "FxVersion/4.6.25714.03",
          "Microsoft.Azure.Management.Network.NetworkManagementClient/10.0.0.0"
        ]
      },
      "ResponseBody": "{\r\n  \"name\": \"pip8433\",\r\n  \"id\": \"/subscriptions/24fb23e3-6ba3-41f0-9b6e-e41131d5d61e/resourceGroups/crptestar5245/providers/Microsoft.Network/publicIPAddresses/pip8433\",\r\n  \"etag\": \"W/\\\"7dcf9476-7490-45fc-aec5-c8768ecae852\\\"\",\r\n  \"location\": \"southeastasia\",\r\n  \"tags\": {\r\n    \"key\": \"value\"\r\n  },\r\n  \"properties\": {\r\n    \"provisioningState\": \"Succeeded\",\r\n    \"resourceGuid\": \"e770efb6-5201-4a4a-9536-533c0fa777af\",\r\n    \"publicIPAddressVersion\": \"IPv4\",\r\n    \"publicIPAllocationMethod\": \"Dynamic\",\r\n    \"idleTimeoutInMinutes\": 4,\r\n    \"dnsSettings\": {\r\n      \"domainNameLabel\": \"dn1147\",\r\n      \"fqdn\": \"dn1147.southeastasia.cloudapp.azure.com\"\r\n    }\r\n  },\r\n  \"type\": \"Microsoft.Network/publicIPAddresses\"\r\n}",
      "ResponseHeaders": {
        "Content-Type": [
          "application/json; charset=utf-8"
        ],
        "Expires": [
          "-1"
        ],
        "Cache-Control": [
          "no-cache"
        ],
        "Date": [
          "Thu, 03 May 2018 18:07:08 GMT"
        ],
        "Pragma": [
          "no-cache"
        ],
        "Transfer-Encoding": [
          "chunked"
        ],
        "ETag": [
          "W/\"7dcf9476-7490-45fc-aec5-c8768ecae852\""
        ],
        "Server": [
          "Microsoft-HTTPAPI/2.0",
          "Microsoft-HTTPAPI/2.0"
        ],
        "Vary": [
          "Accept-Encoding"
        ],
        "x-ms-request-id": [
          "4ff73e12-3714-4d0e-a7dd-b9a7ddb3fdbd"
        ],
        "Strict-Transport-Security": [
          "max-age=31536000; includeSubDomains"
        ],
        "x-ms-ratelimit-remaining-subscription-reads": [
          "14994"
        ],
        "x-ms-correlation-request-id": [
          "847a9f65-9073-48a4-8dc3-fc4cb6b790c2"
        ],
        "x-ms-routing-request-id": [
          "WESTUS2:20180503T180709Z:847a9f65-9073-48a4-8dc3-fc4cb6b790c2"
        ],
        "X-Content-Type-Options": [
          "nosniff"
        ]
      },
      "StatusCode": 200
    },
    {
      "RequestUri": "/subscriptions/24fb23e3-6ba3-41f0-9b6e-e41131d5d61e/resourceGroups/crptestar5245/providers/Microsoft.Network/virtualNetworks/vn6767?api-version=2017-03-01",
      "EncodedRequestUri": "L3N1YnNjcmlwdGlvbnMvMjRmYjIzZTMtNmJhMy00MWYwLTliNmUtZTQxMTMxZDVkNjFlL3Jlc291cmNlR3JvdXBzL2NycHRlc3RhcjUyNDUvcHJvdmlkZXJzL01pY3Jvc29mdC5OZXR3b3JrL3ZpcnR1YWxOZXR3b3Jrcy92bjY3Njc/YXBpLXZlcnNpb249MjAxNy0wMy0wMQ==",
      "RequestMethod": "PUT",
      "RequestBody": "{\r\n  \"properties\": {\r\n    \"addressSpace\": {\r\n      \"addressPrefixes\": [\r\n        \"10.0.0.0/16\"\r\n      ]\r\n    },\r\n    \"dhcpOptions\": {\r\n      \"dnsServers\": [\r\n        \"10.1.1.1\",\r\n        \"10.1.2.4\"\r\n      ]\r\n    },\r\n    \"subnets\": [\r\n      {\r\n        \"properties\": {\r\n          \"addressPrefix\": \"10.0.0.0/24\"\r\n        },\r\n        \"name\": \"sn2680\"\r\n      }\r\n    ]\r\n  },\r\n  \"location\": \"SoutheastAsia\"\r\n}",
      "RequestHeaders": {
        "Content-Type": [
          "application/json; charset=utf-8"
        ],
        "Content-Length": [
          "402"
        ],
        "x-ms-client-request-id": [
          "76ea3748-ec7c-43b3-8ee6-22c8c645dd4f"
        ],
        "accept-language": [
          "en-US"
        ],
        "User-Agent": [
          "FxVersion/4.6.25714.03",
          "Microsoft.Azure.Management.Network.NetworkManagementClient/10.0.0.0"
        ]
      },
      "ResponseBody": "{\r\n  \"name\": \"vn6767\",\r\n  \"id\": \"/subscriptions/24fb23e3-6ba3-41f0-9b6e-e41131d5d61e/resourceGroups/crptestar5245/providers/Microsoft.Network/virtualNetworks/vn6767\",\r\n  \"etag\": \"W/\\\"fd3ed5d7-38f8-4b77-add6-1e43301cb6df\\\"\",\r\n  \"type\": \"Microsoft.Network/virtualNetworks\",\r\n  \"location\": \"southeastasia\",\r\n  \"properties\": {\r\n    \"provisioningState\": \"Updating\",\r\n    \"resourceGuid\": \"b44c0930-bb19-4456-9fbe-9b73fb16d128\",\r\n    \"addressSpace\": {\r\n      \"addressPrefixes\": [\r\n        \"10.0.0.0/16\"\r\n      ]\r\n    },\r\n    \"dhcpOptions\": {\r\n      \"dnsServers\": [\r\n        \"10.1.1.1\",\r\n        \"10.1.2.4\"\r\n      ]\r\n    },\r\n    \"subnets\": [\r\n      {\r\n        \"name\": \"sn2680\",\r\n        \"id\": \"/subscriptions/24fb23e3-6ba3-41f0-9b6e-e41131d5d61e/resourceGroups/crptestar5245/providers/Microsoft.Network/virtualNetworks/vn6767/subnets/sn2680\",\r\n        \"etag\": \"W/\\\"fd3ed5d7-38f8-4b77-add6-1e43301cb6df\\\"\",\r\n        \"properties\": {\r\n          \"provisioningState\": \"Updating\",\r\n          \"addressPrefix\": \"10.0.0.0/24\"\r\n        }\r\n      }\r\n    ],\r\n    \"virtualNetworkPeerings\": []\r\n  }\r\n}",
      "ResponseHeaders": {
        "Content-Length": [
          "1078"
        ],
        "Content-Type": [
          "application/json; charset=utf-8"
        ],
        "Expires": [
          "-1"
        ],
        "Cache-Control": [
          "no-cache"
        ],
        "Date": [
          "Thu, 03 May 2018 18:07:11 GMT"
        ],
        "Pragma": [
          "no-cache"
        ],
        "Retry-After": [
          "3"
        ],
        "Server": [
          "Microsoft-HTTPAPI/2.0",
          "Microsoft-HTTPAPI/2.0"
        ],
        "x-ms-request-id": [
          "ac7a5d09-12a2-405c-aae4-4055269b5dbb"
        ],
        "Azure-AsyncOperation": [
          "https://management.azure.com/subscriptions/24fb23e3-6ba3-41f0-9b6e-e41131d5d61e/providers/Microsoft.Network/locations/southeastasia/operations/ac7a5d09-12a2-405c-aae4-4055269b5dbb?api-version=2017-03-01"
        ],
        "Strict-Transport-Security": [
          "max-age=31536000; includeSubDomains"
        ],
        "x-ms-ratelimit-remaining-subscription-writes": [
          "1198"
        ],
        "x-ms-correlation-request-id": [
          "67cf9ab3-8975-4c63-8385-d9c89a18ce92"
        ],
        "x-ms-routing-request-id": [
          "WESTUS2:20180503T180711Z:67cf9ab3-8975-4c63-8385-d9c89a18ce92"
        ],
        "X-Content-Type-Options": [
          "nosniff"
        ]
      },
      "StatusCode": 201
    },
    {
      "RequestUri": "/subscriptions/24fb23e3-6ba3-41f0-9b6e-e41131d5d61e/providers/Microsoft.Network/locations/southeastasia/operations/ac7a5d09-12a2-405c-aae4-4055269b5dbb?api-version=2017-03-01",
      "EncodedRequestUri": "L3N1YnNjcmlwdGlvbnMvMjRmYjIzZTMtNmJhMy00MWYwLTliNmUtZTQxMTMxZDVkNjFlL3Byb3ZpZGVycy9NaWNyb3NvZnQuTmV0d29yay9sb2NhdGlvbnMvc291dGhlYXN0YXNpYS9vcGVyYXRpb25zL2FjN2E1ZDA5LTEyYTItNDA1Yy1hYWU0LTQwNTUyNjliNWRiYj9hcGktdmVyc2lvbj0yMDE3LTAzLTAx",
      "RequestMethod": "GET",
      "RequestBody": "",
      "RequestHeaders": {
        "User-Agent": [
          "FxVersion/4.6.25714.03",
          "Microsoft.Azure.Management.Network.NetworkManagementClient/10.0.0.0"
        ]
      },
      "ResponseBody": "{\r\n  \"status\": \"InProgress\"\r\n}",
      "ResponseHeaders": {
        "Content-Type": [
          "application/json; charset=utf-8"
        ],
        "Expires": [
          "-1"
        ],
        "Cache-Control": [
          "no-cache"
        ],
        "Date": [
          "Thu, 03 May 2018 18:07:14 GMT"
        ],
        "Pragma": [
          "no-cache"
        ],
        "Transfer-Encoding": [
          "chunked"
        ],
        "Retry-After": [
          "10"
        ],
        "Server": [
          "Microsoft-HTTPAPI/2.0",
          "Microsoft-HTTPAPI/2.0"
        ],
        "Vary": [
          "Accept-Encoding"
        ],
        "x-ms-request-id": [
          "8d53b5c6-9282-4893-972f-5bc2fcdb8056"
        ],
        "Strict-Transport-Security": [
          "max-age=31536000; includeSubDomains"
        ],
        "x-ms-ratelimit-remaining-subscription-reads": [
          "14993"
        ],
        "x-ms-correlation-request-id": [
          "26c7b8aa-48b0-49a2-9fb8-c637e87dbd09"
        ],
        "x-ms-routing-request-id": [
          "WESTUS2:20180503T180715Z:26c7b8aa-48b0-49a2-9fb8-c637e87dbd09"
        ],
        "X-Content-Type-Options": [
          "nosniff"
        ]
      },
      "StatusCode": 200
    },
    {
      "RequestUri": "/subscriptions/24fb23e3-6ba3-41f0-9b6e-e41131d5d61e/providers/Microsoft.Network/locations/southeastasia/operations/ac7a5d09-12a2-405c-aae4-4055269b5dbb?api-version=2017-03-01",
      "EncodedRequestUri": "L3N1YnNjcmlwdGlvbnMvMjRmYjIzZTMtNmJhMy00MWYwLTliNmUtZTQxMTMxZDVkNjFlL3Byb3ZpZGVycy9NaWNyb3NvZnQuTmV0d29yay9sb2NhdGlvbnMvc291dGhlYXN0YXNpYS9vcGVyYXRpb25zL2FjN2E1ZDA5LTEyYTItNDA1Yy1hYWU0LTQwNTUyNjliNWRiYj9hcGktdmVyc2lvbj0yMDE3LTAzLTAx",
      "RequestMethod": "GET",
      "RequestBody": "",
      "RequestHeaders": {
        "User-Agent": [
          "FxVersion/4.6.25714.03",
          "Microsoft.Azure.Management.Network.NetworkManagementClient/10.0.0.0"
        ]
      },
      "ResponseBody": "{\r\n  \"status\": \"Succeeded\"\r\n}",
      "ResponseHeaders": {
        "Content-Type": [
          "application/json; charset=utf-8"
        ],
        "Expires": [
          "-1"
        ],
        "Cache-Control": [
          "no-cache"
        ],
        "Date": [
          "Thu, 03 May 2018 18:07:25 GMT"
        ],
        "Pragma": [
          "no-cache"
        ],
        "Transfer-Encoding": [
          "chunked"
        ],
        "Server": [
          "Microsoft-HTTPAPI/2.0",
          "Microsoft-HTTPAPI/2.0"
        ],
        "Vary": [
          "Accept-Encoding"
        ],
        "x-ms-request-id": [
          "44d108c4-fb94-40f3-9218-88c7f27bcec5"
        ],
        "Strict-Transport-Security": [
          "max-age=31536000; includeSubDomains"
        ],
        "x-ms-ratelimit-remaining-subscription-reads": [
          "14992"
        ],
        "x-ms-correlation-request-id": [
          "d37fd65b-76b0-485b-b979-e932b9e429c1"
        ],
        "x-ms-routing-request-id": [
          "WESTUS2:20180503T180725Z:d37fd65b-76b0-485b-b979-e932b9e429c1"
        ],
        "X-Content-Type-Options": [
          "nosniff"
        ]
      },
      "StatusCode": 200
    },
    {
      "RequestUri": "/subscriptions/24fb23e3-6ba3-41f0-9b6e-e41131d5d61e/resourceGroups/crptestar5245/providers/Microsoft.Network/virtualNetworks/vn6767?api-version=2017-03-01",
      "EncodedRequestUri": "L3N1YnNjcmlwdGlvbnMvMjRmYjIzZTMtNmJhMy00MWYwLTliNmUtZTQxMTMxZDVkNjFlL3Jlc291cmNlR3JvdXBzL2NycHRlc3RhcjUyNDUvcHJvdmlkZXJzL01pY3Jvc29mdC5OZXR3b3JrL3ZpcnR1YWxOZXR3b3Jrcy92bjY3Njc/YXBpLXZlcnNpb249MjAxNy0wMy0wMQ==",
      "RequestMethod": "GET",
      "RequestBody": "",
      "RequestHeaders": {
        "User-Agent": [
          "FxVersion/4.6.25714.03",
          "Microsoft.Azure.Management.Network.NetworkManagementClient/10.0.0.0"
        ]
      },
      "ResponseBody": "{\r\n  \"name\": \"vn6767\",\r\n  \"id\": \"/subscriptions/24fb23e3-6ba3-41f0-9b6e-e41131d5d61e/resourceGroups/crptestar5245/providers/Microsoft.Network/virtualNetworks/vn6767\",\r\n  \"etag\": \"W/\\\"709af7df-cd3c-442e-bc79-a6f335ea2b2f\\\"\",\r\n  \"type\": \"Microsoft.Network/virtualNetworks\",\r\n  \"location\": \"southeastasia\",\r\n  \"properties\": {\r\n    \"provisioningState\": \"Succeeded\",\r\n    \"resourceGuid\": \"b44c0930-bb19-4456-9fbe-9b73fb16d128\",\r\n    \"addressSpace\": {\r\n      \"addressPrefixes\": [\r\n        \"10.0.0.0/16\"\r\n      ]\r\n    },\r\n    \"dhcpOptions\": {\r\n      \"dnsServers\": [\r\n        \"10.1.1.1\",\r\n        \"10.1.2.4\"\r\n      ]\r\n    },\r\n    \"subnets\": [\r\n      {\r\n        \"name\": \"sn2680\",\r\n        \"id\": \"/subscriptions/24fb23e3-6ba3-41f0-9b6e-e41131d5d61e/resourceGroups/crptestar5245/providers/Microsoft.Network/virtualNetworks/vn6767/subnets/sn2680\",\r\n        \"etag\": \"W/\\\"709af7df-cd3c-442e-bc79-a6f335ea2b2f\\\"\",\r\n        \"properties\": {\r\n          \"provisioningState\": \"Succeeded\",\r\n          \"addressPrefix\": \"10.0.0.0/24\"\r\n        }\r\n      }\r\n    ],\r\n    \"virtualNetworkPeerings\": []\r\n  }\r\n}",
      "ResponseHeaders": {
        "Content-Type": [
          "application/json; charset=utf-8"
        ],
        "Expires": [
          "-1"
        ],
        "Cache-Control": [
          "no-cache"
        ],
        "Date": [
          "Thu, 03 May 2018 18:07:25 GMT"
        ],
        "Pragma": [
          "no-cache"
        ],
        "Transfer-Encoding": [
          "chunked"
        ],
        "ETag": [
          "W/\"709af7df-cd3c-442e-bc79-a6f335ea2b2f\""
        ],
        "Server": [
          "Microsoft-HTTPAPI/2.0",
          "Microsoft-HTTPAPI/2.0"
        ],
        "Vary": [
          "Accept-Encoding"
        ],
        "x-ms-request-id": [
          "de6137e9-abd8-46ba-a3a1-022c2c651321"
        ],
        "Strict-Transport-Security": [
          "max-age=31536000; includeSubDomains"
        ],
        "x-ms-ratelimit-remaining-subscription-reads": [
          "14991"
        ],
        "x-ms-correlation-request-id": [
          "57834d66-a6ae-40d7-bd74-3edd9d997600"
        ],
        "x-ms-routing-request-id": [
          "WESTUS2:20180503T180725Z:57834d66-a6ae-40d7-bd74-3edd9d997600"
        ],
        "X-Content-Type-Options": [
          "nosniff"
        ]
      },
      "StatusCode": 200
    },
    {
      "RequestUri": "/subscriptions/24fb23e3-6ba3-41f0-9b6e-e41131d5d61e/resourceGroups/crptestar5245/providers/Microsoft.Network/virtualNetworks/vn6767/subnets/sn2680?api-version=2017-03-01",
      "EncodedRequestUri": "L3N1YnNjcmlwdGlvbnMvMjRmYjIzZTMtNmJhMy00MWYwLTliNmUtZTQxMTMxZDVkNjFlL3Jlc291cmNlR3JvdXBzL2NycHRlc3RhcjUyNDUvcHJvdmlkZXJzL01pY3Jvc29mdC5OZXR3b3JrL3ZpcnR1YWxOZXR3b3Jrcy92bjY3Njcvc3VibmV0cy9zbjI2ODA/YXBpLXZlcnNpb249MjAxNy0wMy0wMQ==",
      "RequestMethod": "GET",
      "RequestBody": "",
      "RequestHeaders": {
        "x-ms-client-request-id": [
          "6fef9fc4-a350-4e84-8c2a-e999afc6b520"
        ],
        "accept-language": [
          "en-US"
        ],
        "User-Agent": [
          "FxVersion/4.6.25714.03",
          "Microsoft.Azure.Management.Network.NetworkManagementClient/10.0.0.0"
        ]
      },
      "ResponseBody": "{\r\n  \"name\": \"sn2680\",\r\n  \"id\": \"/subscriptions/24fb23e3-6ba3-41f0-9b6e-e41131d5d61e/resourceGroups/crptestar5245/providers/Microsoft.Network/virtualNetworks/vn6767/subnets/sn2680\",\r\n  \"etag\": \"W/\\\"709af7df-cd3c-442e-bc79-a6f335ea2b2f\\\"\",\r\n  \"properties\": {\r\n    \"provisioningState\": \"Succeeded\",\r\n    \"addressPrefix\": \"10.0.0.0/24\"\r\n  }\r\n}",
      "ResponseHeaders": {
        "Content-Type": [
          "application/json; charset=utf-8"
        ],
        "Expires": [
          "-1"
        ],
        "Cache-Control": [
          "no-cache"
        ],
        "Date": [
          "Thu, 03 May 2018 18:07:25 GMT"
        ],
        "Pragma": [
          "no-cache"
        ],
        "Transfer-Encoding": [
          "chunked"
        ],
        "ETag": [
          "W/\"709af7df-cd3c-442e-bc79-a6f335ea2b2f\""
        ],
        "Server": [
          "Microsoft-HTTPAPI/2.0",
          "Microsoft-HTTPAPI/2.0"
        ],
        "Vary": [
          "Accept-Encoding"
        ],
        "x-ms-request-id": [
          "ee7265e1-0a8f-407b-a784-e55c6e35a2be"
        ],
        "Strict-Transport-Security": [
          "max-age=31536000; includeSubDomains"
        ],
        "x-ms-ratelimit-remaining-subscription-reads": [
          "14990"
        ],
        "x-ms-correlation-request-id": [
          "5fe31d3b-b77b-42f2-ac83-c4c787bd91b6"
        ],
        "x-ms-routing-request-id": [
          "WESTUS2:20180503T180725Z:5fe31d3b-b77b-42f2-ac83-c4c787bd91b6"
        ],
        "X-Content-Type-Options": [
          "nosniff"
        ]
      },
      "StatusCode": 200
    },
    {
      "RequestUri": "/subscriptions/24fb23e3-6ba3-41f0-9b6e-e41131d5d61e/resourceGroups/crptestar5245/providers/Microsoft.Network/networkInterfaces/nic5624?api-version=2017-03-01",
      "EncodedRequestUri": "L3N1YnNjcmlwdGlvbnMvMjRmYjIzZTMtNmJhMy00MWYwLTliNmUtZTQxMTMxZDVkNjFlL3Jlc291cmNlR3JvdXBzL2NycHRlc3RhcjUyNDUvcHJvdmlkZXJzL01pY3Jvc29mdC5OZXR3b3JrL25ldHdvcmtJbnRlcmZhY2VzL25pYzU2MjQ/YXBpLXZlcnNpb249MjAxNy0wMy0wMQ==",
      "RequestMethod": "PUT",
      "RequestBody": "{\r\n  \"properties\": {\r\n    \"ipConfigurations\": [\r\n      {\r\n        \"properties\": {\r\n          \"privateIPAllocationMethod\": \"Dynamic\",\r\n          \"subnet\": {\r\n            \"properties\": {\r\n              \"addressPrefix\": \"10.0.0.0/24\",\r\n              \"provisioningState\": \"Succeeded\"\r\n            },\r\n            \"name\": \"sn2680\",\r\n            \"etag\": \"W/\\\"709af7df-cd3c-442e-bc79-a6f335ea2b2f\\\"\",\r\n            \"id\": \"/subscriptions/24fb23e3-6ba3-41f0-9b6e-e41131d5d61e/resourceGroups/crptestar5245/providers/Microsoft.Network/virtualNetworks/vn6767/subnets/sn2680\"\r\n          }\r\n        },\r\n        \"name\": \"ip828\"\r\n      }\r\n    ]\r\n  },\r\n  \"location\": \"SoutheastAsia\",\r\n  \"tags\": {\r\n    \"key\": \"value\"\r\n  }\r\n}",
      "RequestHeaders": {
        "Content-Type": [
          "application/json; charset=utf-8"
        ],
        "Content-Length": [
          "706"
        ],
        "x-ms-client-request-id": [
          "3c75876a-8c21-4335-9e7e-efaa33d332b0"
        ],
        "accept-language": [
          "en-US"
        ],
        "User-Agent": [
          "FxVersion/4.6.25714.03",
          "Microsoft.Azure.Management.Network.NetworkManagementClient/10.0.0.0"
        ]
      },
      "ResponseBody": "{\r\n  \"name\": \"nic5624\",\r\n  \"id\": \"/subscriptions/24fb23e3-6ba3-41f0-9b6e-e41131d5d61e/resourceGroups/crptestar5245/providers/Microsoft.Network/networkInterfaces/nic5624\",\r\n  \"etag\": \"W/\\\"888c712c-e462-407a-924b-5f416d6fce6c\\\"\",\r\n  \"location\": \"southeastasia\",\r\n  \"tags\": {\r\n    \"key\": \"value\"\r\n  },\r\n  \"properties\": {\r\n    \"provisioningState\": \"Succeeded\",\r\n    \"resourceGuid\": \"39f5b105-0ac7-4eae-bf91-896e2f3b4969\",\r\n    \"ipConfigurations\": [\r\n      {\r\n        \"name\": \"ip828\",\r\n        \"id\": \"/subscriptions/24fb23e3-6ba3-41f0-9b6e-e41131d5d61e/resourceGroups/crptestar5245/providers/Microsoft.Network/networkInterfaces/nic5624/ipConfigurations/ip828\",\r\n        \"etag\": \"W/\\\"888c712c-e462-407a-924b-5f416d6fce6c\\\"\",\r\n        \"properties\": {\r\n          \"provisioningState\": \"Succeeded\",\r\n          \"privateIPAddress\": \"10.0.0.4\",\r\n          \"privateIPAllocationMethod\": \"Dynamic\",\r\n          \"subnet\": {\r\n            \"id\": \"/subscriptions/24fb23e3-6ba3-41f0-9b6e-e41131d5d61e/resourceGroups/crptestar5245/providers/Microsoft.Network/virtualNetworks/vn6767/subnets/sn2680\"\r\n          },\r\n          \"primary\": true,\r\n          \"privateIPAddressVersion\": \"IPv4\",\r\n          \"isInUseWithService\": false\r\n        }\r\n      }\r\n    ],\r\n    \"dnsSettings\": {\r\n      \"dnsServers\": [],\r\n      \"appliedDnsServers\": [],\r\n      \"internalDomainNameSuffix\": \"gaeuznazxnlejh34tnz5wfwrfa.ix.internal.cloudapp.net\"\r\n    },\r\n    \"enableAcceleratedNetworking\": false,\r\n    \"enableIPForwarding\": false\r\n  },\r\n  \"type\": \"Microsoft.Network/networkInterfaces\"\r\n}",
      "ResponseHeaders": {
        "Content-Length": [
          "1538"
        ],
        "Content-Type": [
          "application/json; charset=utf-8"
        ],
        "Expires": [
          "-1"
        ],
        "Cache-Control": [
          "no-cache"
        ],
        "Date": [
          "Thu, 03 May 2018 18:07:27 GMT"
        ],
        "Pragma": [
          "no-cache"
        ],
        "Server": [
          "Microsoft-HTTPAPI/2.0",
          "Microsoft-HTTPAPI/2.0"
        ],
        "x-ms-request-id": [
          "37346460-3f82-4f71-b917-41fa6519c6b1"
        ],
        "Azure-AsyncOperation": [
          "https://management.azure.com/subscriptions/24fb23e3-6ba3-41f0-9b6e-e41131d5d61e/providers/Microsoft.Network/locations/southeastasia/operations/37346460-3f82-4f71-b917-41fa6519c6b1?api-version=2017-03-01"
        ],
        "Strict-Transport-Security": [
          "max-age=31536000; includeSubDomains"
        ],
        "x-ms-ratelimit-remaining-subscription-writes": [
          "1197"
        ],
        "x-ms-correlation-request-id": [
          "b4100aa8-1d98-4c00-86d5-f05585425170"
        ],
        "x-ms-routing-request-id": [
          "WESTUS2:20180503T180727Z:b4100aa8-1d98-4c00-86d5-f05585425170"
        ],
        "X-Content-Type-Options": [
          "nosniff"
        ]
      },
      "StatusCode": 201
    },
    {
      "RequestUri": "/subscriptions/24fb23e3-6ba3-41f0-9b6e-e41131d5d61e/resourceGroups/crptestar5245/providers/Microsoft.Network/networkInterfaces/nic5624?api-version=2017-03-01",
      "EncodedRequestUri": "L3N1YnNjcmlwdGlvbnMvMjRmYjIzZTMtNmJhMy00MWYwLTliNmUtZTQxMTMxZDVkNjFlL3Jlc291cmNlR3JvdXBzL2NycHRlc3RhcjUyNDUvcHJvdmlkZXJzL01pY3Jvc29mdC5OZXR3b3JrL25ldHdvcmtJbnRlcmZhY2VzL25pYzU2MjQ/YXBpLXZlcnNpb249MjAxNy0wMy0wMQ==",
      "RequestMethod": "GET",
      "RequestBody": "",
      "RequestHeaders": {
        "User-Agent": [
          "FxVersion/4.6.25714.03",
          "Microsoft.Azure.Management.Network.NetworkManagementClient/10.0.0.0"
        ]
      },
      "ResponseBody": "{\r\n  \"name\": \"nic5624\",\r\n  \"id\": \"/subscriptions/24fb23e3-6ba3-41f0-9b6e-e41131d5d61e/resourceGroups/crptestar5245/providers/Microsoft.Network/networkInterfaces/nic5624\",\r\n  \"etag\": \"W/\\\"888c712c-e462-407a-924b-5f416d6fce6c\\\"\",\r\n  \"location\": \"southeastasia\",\r\n  \"tags\": {\r\n    \"key\": \"value\"\r\n  },\r\n  \"properties\": {\r\n    \"provisioningState\": \"Succeeded\",\r\n    \"resourceGuid\": \"39f5b105-0ac7-4eae-bf91-896e2f3b4969\",\r\n    \"ipConfigurations\": [\r\n      {\r\n        \"name\": \"ip828\",\r\n        \"id\": \"/subscriptions/24fb23e3-6ba3-41f0-9b6e-e41131d5d61e/resourceGroups/crptestar5245/providers/Microsoft.Network/networkInterfaces/nic5624/ipConfigurations/ip828\",\r\n        \"etag\": \"W/\\\"888c712c-e462-407a-924b-5f416d6fce6c\\\"\",\r\n        \"properties\": {\r\n          \"provisioningState\": \"Succeeded\",\r\n          \"privateIPAddress\": \"10.0.0.4\",\r\n          \"privateIPAllocationMethod\": \"Dynamic\",\r\n          \"subnet\": {\r\n            \"id\": \"/subscriptions/24fb23e3-6ba3-41f0-9b6e-e41131d5d61e/resourceGroups/crptestar5245/providers/Microsoft.Network/virtualNetworks/vn6767/subnets/sn2680\"\r\n          },\r\n          \"primary\": true,\r\n          \"privateIPAddressVersion\": \"IPv4\",\r\n          \"isInUseWithService\": false\r\n        }\r\n      }\r\n    ],\r\n    \"dnsSettings\": {\r\n      \"dnsServers\": [],\r\n      \"appliedDnsServers\": [],\r\n      \"internalDomainNameSuffix\": \"gaeuznazxnlejh34tnz5wfwrfa.ix.internal.cloudapp.net\"\r\n    },\r\n    \"enableAcceleratedNetworking\": false,\r\n    \"enableIPForwarding\": false\r\n  },\r\n  \"type\": \"Microsoft.Network/networkInterfaces\"\r\n}",
      "ResponseHeaders": {
        "Content-Type": [
          "application/json; charset=utf-8"
        ],
        "Expires": [
          "-1"
        ],
        "Cache-Control": [
          "no-cache"
        ],
        "Date": [
          "Thu, 03 May 2018 18:07:28 GMT"
        ],
        "Pragma": [
          "no-cache"
        ],
        "Transfer-Encoding": [
          "chunked"
        ],
        "ETag": [
          "W/\"888c712c-e462-407a-924b-5f416d6fce6c\""
        ],
        "Server": [
          "Microsoft-HTTPAPI/2.0",
          "Microsoft-HTTPAPI/2.0"
        ],
        "Vary": [
          "Accept-Encoding"
        ],
        "x-ms-request-id": [
          "5083e862-0c6c-4f5e-8324-caacec604be4"
        ],
        "Strict-Transport-Security": [
          "max-age=31536000; includeSubDomains"
        ],
        "x-ms-ratelimit-remaining-subscription-reads": [
          "14989"
        ],
        "x-ms-correlation-request-id": [
          "921e847b-49ca-4ae9-b9ea-2991d6a044c8"
        ],
        "x-ms-routing-request-id": [
          "WESTUS2:20180503T180728Z:921e847b-49ca-4ae9-b9ea-2991d6a044c8"
        ],
        "X-Content-Type-Options": [
          "nosniff"
        ]
      },
      "StatusCode": 200
    },
    {
      "RequestUri": "/subscriptions/24fb23e3-6ba3-41f0-9b6e-e41131d5d61e/resourceGroups/crptestar5245/providers/Microsoft.Network/networkInterfaces/nic5624?api-version=2017-03-01",
      "EncodedRequestUri": "L3N1YnNjcmlwdGlvbnMvMjRmYjIzZTMtNmJhMy00MWYwLTliNmUtZTQxMTMxZDVkNjFlL3Jlc291cmNlR3JvdXBzL2NycHRlc3RhcjUyNDUvcHJvdmlkZXJzL01pY3Jvc29mdC5OZXR3b3JrL25ldHdvcmtJbnRlcmZhY2VzL25pYzU2MjQ/YXBpLXZlcnNpb249MjAxNy0wMy0wMQ==",
      "RequestMethod": "GET",
      "RequestBody": "",
      "RequestHeaders": {
        "x-ms-client-request-id": [
          "e9d9c157-9582-4bb3-923d-75566c717ef1"
        ],
        "accept-language": [
          "en-US"
        ],
        "User-Agent": [
          "FxVersion/4.6.25714.03",
          "Microsoft.Azure.Management.Network.NetworkManagementClient/10.0.0.0"
        ]
      },
      "ResponseBody": "{\r\n  \"name\": \"nic5624\",\r\n  \"id\": \"/subscriptions/24fb23e3-6ba3-41f0-9b6e-e41131d5d61e/resourceGroups/crptestar5245/providers/Microsoft.Network/networkInterfaces/nic5624\",\r\n  \"etag\": \"W/\\\"888c712c-e462-407a-924b-5f416d6fce6c\\\"\",\r\n  \"location\": \"southeastasia\",\r\n  \"tags\": {\r\n    \"key\": \"value\"\r\n  },\r\n  \"properties\": {\r\n    \"provisioningState\": \"Succeeded\",\r\n    \"resourceGuid\": \"39f5b105-0ac7-4eae-bf91-896e2f3b4969\",\r\n    \"ipConfigurations\": [\r\n      {\r\n        \"name\": \"ip828\",\r\n        \"id\": \"/subscriptions/24fb23e3-6ba3-41f0-9b6e-e41131d5d61e/resourceGroups/crptestar5245/providers/Microsoft.Network/networkInterfaces/nic5624/ipConfigurations/ip828\",\r\n        \"etag\": \"W/\\\"888c712c-e462-407a-924b-5f416d6fce6c\\\"\",\r\n        \"properties\": {\r\n          \"provisioningState\": \"Succeeded\",\r\n          \"privateIPAddress\": \"10.0.0.4\",\r\n          \"privateIPAllocationMethod\": \"Dynamic\",\r\n          \"subnet\": {\r\n            \"id\": \"/subscriptions/24fb23e3-6ba3-41f0-9b6e-e41131d5d61e/resourceGroups/crptestar5245/providers/Microsoft.Network/virtualNetworks/vn6767/subnets/sn2680\"\r\n          },\r\n          \"primary\": true,\r\n          \"privateIPAddressVersion\": \"IPv4\",\r\n          \"isInUseWithService\": false\r\n        }\r\n      }\r\n    ],\r\n    \"dnsSettings\": {\r\n      \"dnsServers\": [],\r\n      \"appliedDnsServers\": [],\r\n      \"internalDomainNameSuffix\": \"gaeuznazxnlejh34tnz5wfwrfa.ix.internal.cloudapp.net\"\r\n    },\r\n    \"enableAcceleratedNetworking\": false,\r\n    \"enableIPForwarding\": false\r\n  },\r\n  \"type\": \"Microsoft.Network/networkInterfaces\"\r\n}",
      "ResponseHeaders": {
        "Content-Type": [
          "application/json; charset=utf-8"
        ],
        "Expires": [
          "-1"
        ],
        "Cache-Control": [
          "no-cache"
        ],
        "Date": [
          "Thu, 03 May 2018 18:07:28 GMT"
        ],
        "Pragma": [
          "no-cache"
        ],
        "Transfer-Encoding": [
          "chunked"
        ],
        "ETag": [
          "W/\"888c712c-e462-407a-924b-5f416d6fce6c\""
        ],
        "Server": [
          "Microsoft-HTTPAPI/2.0",
          "Microsoft-HTTPAPI/2.0"
        ],
        "Vary": [
          "Accept-Encoding"
        ],
        "x-ms-request-id": [
          "028c6f2f-ede7-4063-bfe1-5d6f69fceb0d"
        ],
        "Strict-Transport-Security": [
          "max-age=31536000; includeSubDomains"
        ],
        "x-ms-ratelimit-remaining-subscription-reads": [
          "14988"
        ],
        "x-ms-correlation-request-id": [
          "7e73dcf9-fbca-4f99-a5bd-b24b6ee32cd1"
        ],
        "x-ms-routing-request-id": [
          "WESTUS2:20180503T180728Z:7e73dcf9-fbca-4f99-a5bd-b24b6ee32cd1"
        ],
        "X-Content-Type-Options": [
          "nosniff"
        ]
      },
      "StatusCode": 200
    },
    {
      "RequestUri": "/subscriptions/24fb23e3-6ba3-41f0-9b6e-e41131d5d61e/resourceGroups/crptestar5245/providers/Microsoft.Compute/availabilitySets/as186?api-version=2018-04-01",
      "EncodedRequestUri": "L3N1YnNjcmlwdGlvbnMvMjRmYjIzZTMtNmJhMy00MWYwLTliNmUtZTQxMTMxZDVkNjFlL3Jlc291cmNlR3JvdXBzL2NycHRlc3RhcjUyNDUvcHJvdmlkZXJzL01pY3Jvc29mdC5Db21wdXRlL2F2YWlsYWJpbGl0eVNldHMvYXMxODY/YXBpLXZlcnNpb249MjAxOC0wNC0wMQ==",
      "RequestMethod": "PUT",
      "RequestBody": "{\r\n  \"properties\": {\r\n    \"platformUpdateDomainCount\": 5,\r\n    \"platformFaultDomainCount\": 3\r\n  },\r\n  \"sku\": {\r\n    \"name\": \"Classic\"\r\n  },\r\n  \"location\": \"SoutheastAsia\",\r\n  \"tags\": {\r\n    \"RG\": \"rg\",\r\n    \"testTag\": \"1\"\r\n  }\r\n}",
      "RequestHeaders": {
        "Content-Type": [
          "application/json; charset=utf-8"
        ],
        "Content-Length": [
          "229"
        ],
        "x-ms-client-request-id": [
          "5adabd04-28c8-4cf2-9abb-b77e357f3134"
        ],
        "accept-language": [
          "en-US"
        ],
        "User-Agent": [
          "FxVersion/4.6.25714.03",
          "Microsoft.Azure.Management.Compute.ComputeManagementClient/18.0.0.0"
        ]
      },
      "ResponseBody": "{\r\n  \"properties\": {\r\n    \"platformUpdateDomainCount\": 5,\r\n    \"platformFaultDomainCount\": 3\r\n  },\r\n  \"type\": \"Microsoft.Compute/availabilitySets\",\r\n  \"location\": \"southeastasia\",\r\n  \"tags\": {\r\n    \"RG\": \"rg\",\r\n    \"testTag\": \"1\"\r\n  },\r\n  \"id\": \"/subscriptions/24fb23e3-6ba3-41f0-9b6e-e41131d5d61e/resourceGroups/crptestar5245/providers/Microsoft.Compute/availabilitySets/as186\",\r\n  \"name\": \"as186\",\r\n  \"sku\": {\r\n    \"name\": \"Classic\"\r\n  }\r\n}",
      "ResponseHeaders": {
        "Content-Type": [
          "application/json; charset=utf-8"
        ],
        "Expires": [
          "-1"
        ],
        "Cache-Control": [
          "no-cache"
        ],
        "Date": [
          "Thu, 03 May 2018 18:07:32 GMT"
        ],
        "Pragma": [
          "no-cache"
        ],
        "Transfer-Encoding": [
          "chunked"
        ],
        "Server": [
          "Microsoft-HTTPAPI/2.0",
          "Microsoft-HTTPAPI/2.0"
        ],
        "Vary": [
          "Accept-Encoding"
        ],
        "x-ms-ratelimit-remaining-resource": [
          "Microsoft.Compute/PutVM3Min;413,Microsoft.Compute/PutVM30Min;2097"
        ],
        "Strict-Transport-Security": [
          "max-age=31536000; includeSubDomains"
        ],
        "x-ms-served-by": [
          "d8479ab9-b4a1-4ca4-bfe5-eb2106eeb54c_131698431315038144"
        ],
        "x-ms-request-id": [
          "5f9b502b-bc74-4107-85cc-aab0f7c09982"
        ],
        "x-ms-ratelimit-remaining-subscription-writes": [
          "1199"
        ],
        "x-ms-correlation-request-id": [
          "cf750a0b-03a5-4eb2-b61f-635b23562086"
        ],
        "x-ms-routing-request-id": [
          "WESTUS2:20180503T180732Z:cf750a0b-03a5-4eb2-b61f-635b23562086"
        ],
        "X-Content-Type-Options": [
          "nosniff"
        ]
      },
      "StatusCode": 200
    },
    {
      "RequestUri": "/subscriptions/24fb23e3-6ba3-41f0-9b6e-e41131d5d61e/providers/Microsoft.Compute/locations/SoutheastAsia/publishers/MicrosoftWindowsServer/artifacttypes/vmimage/offers/WindowsServer/skus/2012-R2-Datacenter/versions?$top=1&api-version=2018-04-01",
      "EncodedRequestUri": "L3N1YnNjcmlwdGlvbnMvMjRmYjIzZTMtNmJhMy00MWYwLTliNmUtZTQxMTMxZDVkNjFlL3Byb3ZpZGVycy9NaWNyb3NvZnQuQ29tcHV0ZS9sb2NhdGlvbnMvU291dGhlYXN0QXNpYS9wdWJsaXNoZXJzL01pY3Jvc29mdFdpbmRvd3NTZXJ2ZXIvYXJ0aWZhY3R0eXBlcy92bWltYWdlL29mZmVycy9XaW5kb3dzU2VydmVyL3NrdXMvMjAxMi1SMi1EYXRhY2VudGVyL3ZlcnNpb25zPyR0b3A9MSZhcGktdmVyc2lvbj0yMDE4LTA0LTAx",
      "RequestMethod": "GET",
      "RequestBody": "",
      "RequestHeaders": {
        "x-ms-client-request-id": [
          "9f00ce9b-689e-43a1-b605-f9af10d14df7"
        ],
        "accept-language": [
          "en-US"
        ],
        "User-Agent": [
          "FxVersion/4.6.25714.03",
          "Microsoft.Azure.Management.Compute.ComputeManagementClient/18.0.0.0"
        ]
      },
      "ResponseBody": "[\r\n  {\r\n    \"location\": \"southeastasia\",\r\n    \"name\": \"4.127.20170406\",\r\n    \"id\": \"/Subscriptions/24fb23e3-6ba3-41f0-9b6e-e41131d5d61e/Providers/Microsoft.Compute/Locations/southeastasia/Publishers/MicrosoftWindowsServer/ArtifactTypes/VMImage/Offers/WindowsServer/Skus/2012-R2-Datacenter/Versions/4.127.20170406\"\r\n  }\r\n]",
      "ResponseHeaders": {
        "Content-Type": [
          "application/json; charset=utf-8"
        ],
        "Expires": [
          "-1"
        ],
        "Cache-Control": [
          "no-cache"
        ],
        "Date": [
          "Thu, 03 May 2018 18:07:33 GMT"
        ],
        "Pragma": [
          "no-cache"
        ],
        "Transfer-Encoding": [
          "chunked"
        ],
        "Server": [
          "Microsoft-HTTPAPI/2.0",
          "Microsoft-HTTPAPI/2.0"
        ],
        "Vary": [
          "Accept-Encoding"
        ],
        "Strict-Transport-Security": [
          "max-age=31536000; includeSubDomains"
        ],
        "x-ms-served-by": [
          "9fc414ea-410e-4600-9f7c-71bc36416f3f_131698365983840278"
        ],
        "x-ms-request-id": [
          "9f1626e5-3869-4cbf-9288-067c5fe482f8"
        ],
        "x-ms-ratelimit-remaining-subscription-reads": [
          "14996"
        ],
        "x-ms-correlation-request-id": [
          "f83f02df-b1c2-4eb0-8340-f218c7b907b1"
        ],
        "x-ms-routing-request-id": [
          "WESTUS2:20180503T180733Z:f83f02df-b1c2-4eb0-8340-f218c7b907b1"
        ],
        "X-Content-Type-Options": [
          "nosniff"
        ]
      },
      "StatusCode": 200
    },
    {
      "RequestUri": "/subscriptions/24fb23e3-6ba3-41f0-9b6e-e41131d5d61e/resourceGroups/crptestar5245/providers/Microsoft.Compute/virtualMachines/vm1739?api-version=2018-04-01",
      "EncodedRequestUri": "L3N1YnNjcmlwdGlvbnMvMjRmYjIzZTMtNmJhMy00MWYwLTliNmUtZTQxMTMxZDVkNjFlL3Jlc291cmNlR3JvdXBzL2NycHRlc3RhcjUyNDUvcHJvdmlkZXJzL01pY3Jvc29mdC5Db21wdXRlL3ZpcnR1YWxNYWNoaW5lcy92bTE3Mzk/YXBpLXZlcnNpb249MjAxOC0wNC0wMQ==",
      "RequestMethod": "PUT",
      "RequestBody": "{\r\n  \"properties\": {\r\n    \"hardwareProfile\": {\r\n      \"vmSize\": \"Standard_A0\"\r\n    },\r\n    \"storageProfile\": {\r\n      \"imageReference\": {\r\n        \"publisher\": \"MicrosoftWindowsServer\",\r\n        \"offer\": \"WindowsServer\",\r\n        \"sku\": \"2012-R2-Datacenter\",\r\n        \"version\": \"4.127.20170406\"\r\n      },\r\n      \"osDisk\": {\r\n        \"name\": \"test\",\r\n        \"vhd\": {\r\n          \"uri\": \"https://crptestar7203.blob.core.windows.net/crptestar6255/oscrptestar972.vhd\"\r\n        },\r\n        \"caching\": \"None\",\r\n        \"createOption\": \"FromImage\"\r\n      }\r\n    },\r\n    \"osProfile\": {\r\n      \"computerName\": \"Test\",\r\n      \"adminUsername\": \"Foo12\",\r\n      \"adminPassword\": \"[PLACEHOLDER]\"\r\n    },\r\n    \"networkProfile\": {\r\n      \"networkInterfaces\": [\r\n        {\r\n          \"id\": \"/subscriptions/24fb23e3-6ba3-41f0-9b6e-e41131d5d61e/resourceGroups/crptestar5245/providers/Microsoft.Network/networkInterfaces/nic5624\"\r\n        }\r\n      ]\r\n    },\r\n    \"availabilitySet\": {\r\n      \"id\": \"/subscriptions/24fb23e3-6ba3-41f0-9b6e-e41131d5d61e/resourceGroups/crptestar5245/providers/Microsoft.Compute/availabilitySets/as186\"\r\n    },\r\n    \"licenseType\": \"Windows_Server\"\r\n  },\r\n  \"location\": \"SoutheastAsia\",\r\n  \"tags\": {\r\n    \"RG\": \"rg\",\r\n    \"testTag\": \"1\"\r\n  }\r\n}",
      "RequestHeaders": {
        "Content-Type": [
          "application/json; charset=utf-8"
        ],
        "Content-Length": [
          "1254"
        ],
        "x-ms-client-request-id": [
          "f79f1e9e-a97e-4d6f-a024-84d108bd2c25"
        ],
        "accept-language": [
          "en-US"
        ],
        "User-Agent": [
          "FxVersion/4.6.25714.03",
          "Microsoft.Azure.Management.Compute.ComputeManagementClient/18.0.0.0"
        ]
      },
      "ResponseBody": "{\r\n  \"properties\": {\r\n    \"vmId\": \"6d8b63c0-c1ae-4959-a7eb-9c4c2c645649\",\r\n    \"availabilitySet\": {\r\n      \"id\": \"/subscriptions/24fb23e3-6ba3-41f0-9b6e-e41131d5d61e/resourceGroups/crptestar5245/providers/Microsoft.Compute/availabilitySets/AS186\"\r\n    },\r\n    \"hardwareProfile\": {\r\n      \"vmSize\": \"Standard_A0\"\r\n    },\r\n    \"storageProfile\": {\r\n      \"imageReference\": {\r\n        \"publisher\": \"MicrosoftWindowsServer\",\r\n        \"offer\": \"WindowsServer\",\r\n        \"sku\": \"2012-R2-Datacenter\",\r\n        \"version\": \"4.127.20170406\"\r\n      },\r\n      \"osDisk\": {\r\n        \"osType\": \"Windows\",\r\n        \"name\": \"test\",\r\n        \"createOption\": \"FromImage\",\r\n        \"vhd\": {\r\n          \"uri\": \"https://crptestar7203.blob.core.windows.net/crptestar6255/oscrptestar972.vhd\"\r\n        },\r\n        \"caching\": \"None\"\r\n      },\r\n      \"dataDisks\": []\r\n    },\r\n    \"osProfile\": {\r\n      \"computerName\": \"Test\",\r\n      \"adminUsername\": \"Foo12\",\r\n      \"windowsConfiguration\": {\r\n        \"provisionVMAgent\": true,\r\n        \"enableAutomaticUpdates\": true\r\n      },\r\n      \"secrets\": []\r\n    },\r\n    \"networkProfile\": {\r\n      \"networkInterfaces\": [\r\n        {\r\n          \"id\": \"/subscriptions/24fb23e3-6ba3-41f0-9b6e-e41131d5d61e/resourceGroups/crptestar5245/providers/Microsoft.Network/networkInterfaces/nic5624\"\r\n        }\r\n      ]\r\n    },\r\n    \"licenseType\": \"Windows_Server\",\r\n    \"provisioningState\": \"Creating\"\r\n  },\r\n  \"type\": \"Microsoft.Compute/virtualMachines\",\r\n  \"location\": \"southeastasia\",\r\n  \"tags\": {\r\n    \"RG\": \"rg\",\r\n    \"testTag\": \"1\"\r\n  },\r\n  \"id\": \"/subscriptions/24fb23e3-6ba3-41f0-9b6e-e41131d5d61e/resourceGroups/crptestar5245/providers/Microsoft.Compute/virtualMachines/vm1739\",\r\n  \"name\": \"vm1739\"\r\n}",
      "ResponseHeaders": {
        "Content-Length": [
          "1653"
        ],
        "Content-Type": [
          "application/json; charset=utf-8"
        ],
        "Expires": [
          "-1"
        ],
        "Cache-Control": [
          "no-cache"
        ],
        "Date": [
          "Thu, 03 May 2018 18:07:36 GMT"
        ],
        "Pragma": [
          "no-cache"
        ],
        "Retry-After": [
          "10"
        ],
        "Server": [
          "Microsoft-HTTPAPI/2.0",
          "Microsoft-HTTPAPI/2.0"
        ],
        "Azure-AsyncOperation": [
          "https://management.azure.com/subscriptions/24fb23e3-6ba3-41f0-9b6e-e41131d5d61e/providers/Microsoft.Compute/locations/southeastasia/operations/9018a580-4036-45f8-89a1-caa529d175fd?api-version=2018-04-01"
        ],
        "x-ms-ratelimit-remaining-resource": [
          "Microsoft.Compute/PutVM3Min;412,Microsoft.Compute/PutVM30Min;2096"
        ],
        "Strict-Transport-Security": [
          "max-age=31536000; includeSubDomains"
        ],
        "x-ms-served-by": [
          "d8479ab9-b4a1-4ca4-bfe5-eb2106eeb54c_131698431315038144"
        ],
        "x-ms-request-id": [
          "9018a580-4036-45f8-89a1-caa529d175fd"
        ],
        "x-ms-ratelimit-remaining-subscription-writes": [
          "1198"
        ],
        "x-ms-correlation-request-id": [
          "c04f0417-7d3d-468f-9aca-e25dbe70e678"
        ],
        "x-ms-routing-request-id": [
          "WESTUS2:20180503T180736Z:c04f0417-7d3d-468f-9aca-e25dbe70e678"
        ],
        "X-Content-Type-Options": [
          "nosniff"
        ]
      },
      "StatusCode": 201
    },
    {
      "RequestUri": "/subscriptions/24fb23e3-6ba3-41f0-9b6e-e41131d5d61e/providers/Microsoft.Compute/locations/southeastasia/operations/9018a580-4036-45f8-89a1-caa529d175fd?api-version=2018-04-01",
      "EncodedRequestUri": "L3N1YnNjcmlwdGlvbnMvMjRmYjIzZTMtNmJhMy00MWYwLTliNmUtZTQxMTMxZDVkNjFlL3Byb3ZpZGVycy9NaWNyb3NvZnQuQ29tcHV0ZS9sb2NhdGlvbnMvc291dGhlYXN0YXNpYS9vcGVyYXRpb25zLzkwMThhNTgwLTQwMzYtNDVmOC04OWExLWNhYTUyOWQxNzVmZD9hcGktdmVyc2lvbj0yMDE4LTA0LTAx",
      "RequestMethod": "GET",
      "RequestBody": "",
      "RequestHeaders": {
        "User-Agent": [
          "FxVersion/4.6.25714.03",
          "Microsoft.Azure.Management.Compute.ComputeManagementClient/18.0.0.0"
        ]
      },
      "ResponseBody": "{\r\n  \"startTime\": \"2018-05-03T11:07:34.6248209-07:00\",\r\n  \"status\": \"InProgress\",\r\n  \"name\": \"9018a580-4036-45f8-89a1-caa529d175fd\"\r\n}",
      "ResponseHeaders": {
        "Content-Type": [
          "application/json; charset=utf-8"
        ],
        "Expires": [
          "-1"
        ],
        "Cache-Control": [
          "no-cache"
        ],
        "Date": [
          "Thu, 03 May 2018 18:07:52 GMT"
        ],
        "Pragma": [
          "no-cache"
        ],
        "Transfer-Encoding": [
          "chunked"
        ],
        "Server": [
          "Microsoft-HTTPAPI/2.0",
          "Microsoft-HTTPAPI/2.0"
        ],
        "Vary": [
          "Accept-Encoding"
        ],
        "x-ms-ratelimit-remaining-resource": [
          "Microsoft.Compute/GetOperation3Min;14998,Microsoft.Compute/GetOperation30Min;29945"
        ],
        "Strict-Transport-Security": [
          "max-age=31536000; includeSubDomains"
        ],
        "x-ms-served-by": [
          "d8479ab9-b4a1-4ca4-bfe5-eb2106eeb54c_131698431315038144"
        ],
        "x-ms-request-id": [
          "9570848c-77e0-4ebf-a930-e138a6e50c06"
        ],
        "x-ms-ratelimit-remaining-subscription-reads": [
          "14995"
        ],
        "x-ms-correlation-request-id": [
          "f2a58594-b6bd-47f8-afb4-97956c4143af"
        ],
        "x-ms-routing-request-id": [
          "WESTUS2:20180503T180753Z:f2a58594-b6bd-47f8-afb4-97956c4143af"
        ],
        "X-Content-Type-Options": [
          "nosniff"
        ]
      },
      "StatusCode": 200
    },
    {
      "RequestUri": "/subscriptions/24fb23e3-6ba3-41f0-9b6e-e41131d5d61e/providers/Microsoft.Compute/locations/southeastasia/operations/9018a580-4036-45f8-89a1-caa529d175fd?api-version=2018-04-01",
      "EncodedRequestUri": "L3N1YnNjcmlwdGlvbnMvMjRmYjIzZTMtNmJhMy00MWYwLTliNmUtZTQxMTMxZDVkNjFlL3Byb3ZpZGVycy9NaWNyb3NvZnQuQ29tcHV0ZS9sb2NhdGlvbnMvc291dGhlYXN0YXNpYS9vcGVyYXRpb25zLzkwMThhNTgwLTQwMzYtNDVmOC04OWExLWNhYTUyOWQxNzVmZD9hcGktdmVyc2lvbj0yMDE4LTA0LTAx",
      "RequestMethod": "GET",
      "RequestBody": "",
      "RequestHeaders": {
        "User-Agent": [
          "FxVersion/4.6.25714.03",
          "Microsoft.Azure.Management.Compute.ComputeManagementClient/18.0.0.0"
        ]
      },
      "ResponseBody": "{\r\n  \"startTime\": \"2018-05-03T11:07:34.6248209-07:00\",\r\n  \"status\": \"InProgress\",\r\n  \"name\": \"9018a580-4036-45f8-89a1-caa529d175fd\"\r\n}",
      "ResponseHeaders": {
        "Content-Type": [
          "application/json; charset=utf-8"
        ],
        "Expires": [
          "-1"
        ],
        "Cache-Control": [
          "no-cache"
        ],
        "Date": [
          "Thu, 03 May 2018 18:08:02 GMT"
        ],
        "Pragma": [
          "no-cache"
        ],
        "Transfer-Encoding": [
          "chunked"
        ],
        "Server": [
          "Microsoft-HTTPAPI/2.0",
          "Microsoft-HTTPAPI/2.0"
        ],
        "Vary": [
          "Accept-Encoding"
        ],
        "x-ms-ratelimit-remaining-resource": [
          "Microsoft.Compute/GetOperation3Min;14997,Microsoft.Compute/GetOperation30Min;29944"
        ],
        "Strict-Transport-Security": [
          "max-age=31536000; includeSubDomains"
        ],
        "x-ms-served-by": [
          "d8479ab9-b4a1-4ca4-bfe5-eb2106eeb54c_131698431315038144"
        ],
        "x-ms-request-id": [
          "bd9e1a8f-8240-4b08-bba3-37556c775234"
        ],
        "x-ms-ratelimit-remaining-subscription-reads": [
          "14994"
        ],
        "x-ms-correlation-request-id": [
          "19d34185-02a2-4a9b-a0f0-7636fb20149b"
        ],
        "x-ms-routing-request-id": [
          "WESTUS2:20180503T180803Z:19d34185-02a2-4a9b-a0f0-7636fb20149b"
        ],
        "X-Content-Type-Options": [
          "nosniff"
        ]
      },
      "StatusCode": 200
    },
    {
      "RequestUri": "/subscriptions/24fb23e3-6ba3-41f0-9b6e-e41131d5d61e/providers/Microsoft.Compute/locations/southeastasia/operations/9018a580-4036-45f8-89a1-caa529d175fd?api-version=2018-04-01",
      "EncodedRequestUri": "L3N1YnNjcmlwdGlvbnMvMjRmYjIzZTMtNmJhMy00MWYwLTliNmUtZTQxMTMxZDVkNjFlL3Byb3ZpZGVycy9NaWNyb3NvZnQuQ29tcHV0ZS9sb2NhdGlvbnMvc291dGhlYXN0YXNpYS9vcGVyYXRpb25zLzkwMThhNTgwLTQwMzYtNDVmOC04OWExLWNhYTUyOWQxNzVmZD9hcGktdmVyc2lvbj0yMDE4LTA0LTAx",
      "RequestMethod": "GET",
      "RequestBody": "",
      "RequestHeaders": {
        "User-Agent": [
          "FxVersion/4.6.25714.03",
          "Microsoft.Azure.Management.Compute.ComputeManagementClient/18.0.0.0"
        ]
      },
      "ResponseBody": "{\r\n  \"startTime\": \"2018-05-03T11:07:34.6248209-07:00\",\r\n  \"status\": \"InProgress\",\r\n  \"name\": \"9018a580-4036-45f8-89a1-caa529d175fd\"\r\n}",
      "ResponseHeaders": {
        "Content-Type": [
          "application/json; charset=utf-8"
        ],
        "Expires": [
          "-1"
        ],
        "Cache-Control": [
          "no-cache"
        ],
        "Date": [
          "Thu, 03 May 2018 18:08:13 GMT"
        ],
        "Pragma": [
          "no-cache"
        ],
        "Transfer-Encoding": [
          "chunked"
        ],
        "Server": [
          "Microsoft-HTTPAPI/2.0",
          "Microsoft-HTTPAPI/2.0"
        ],
        "Vary": [
          "Accept-Encoding"
        ],
        "x-ms-ratelimit-remaining-resource": [
          "Microsoft.Compute/GetOperation3Min;14996,Microsoft.Compute/GetOperation30Min;29943"
        ],
        "Strict-Transport-Security": [
          "max-age=31536000; includeSubDomains"
        ],
        "x-ms-served-by": [
          "d8479ab9-b4a1-4ca4-bfe5-eb2106eeb54c_131698431315038144"
        ],
        "x-ms-request-id": [
          "e7d9d303-78f0-46b2-abc4-2fb6ce32bd0d"
        ],
        "x-ms-ratelimit-remaining-subscription-reads": [
          "14993"
        ],
        "x-ms-correlation-request-id": [
          "610252cf-4aa4-4d37-96a1-dcc50274a9ed"
        ],
        "x-ms-routing-request-id": [
          "WESTUS2:20180503T180813Z:610252cf-4aa4-4d37-96a1-dcc50274a9ed"
        ],
        "X-Content-Type-Options": [
          "nosniff"
        ]
      },
      "StatusCode": 200
    },
    {
      "RequestUri": "/subscriptions/24fb23e3-6ba3-41f0-9b6e-e41131d5d61e/providers/Microsoft.Compute/locations/southeastasia/operations/9018a580-4036-45f8-89a1-caa529d175fd?api-version=2018-04-01",
      "EncodedRequestUri": "L3N1YnNjcmlwdGlvbnMvMjRmYjIzZTMtNmJhMy00MWYwLTliNmUtZTQxMTMxZDVkNjFlL3Byb3ZpZGVycy9NaWNyb3NvZnQuQ29tcHV0ZS9sb2NhdGlvbnMvc291dGhlYXN0YXNpYS9vcGVyYXRpb25zLzkwMThhNTgwLTQwMzYtNDVmOC04OWExLWNhYTUyOWQxNzVmZD9hcGktdmVyc2lvbj0yMDE4LTA0LTAx",
      "RequestMethod": "GET",
      "RequestBody": "",
      "RequestHeaders": {
        "User-Agent": [
          "FxVersion/4.6.25714.03",
          "Microsoft.Azure.Management.Compute.ComputeManagementClient/18.0.0.0"
        ]
      },
      "ResponseBody": "{\r\n  \"startTime\": \"2018-05-03T11:07:34.6248209-07:00\",\r\n  \"status\": \"InProgress\",\r\n  \"name\": \"9018a580-4036-45f8-89a1-caa529d175fd\"\r\n}",
      "ResponseHeaders": {
        "Content-Type": [
          "application/json; charset=utf-8"
        ],
        "Expires": [
          "-1"
        ],
        "Cache-Control": [
          "no-cache"
        ],
        "Date": [
          "Thu, 03 May 2018 18:08:23 GMT"
        ],
        "Pragma": [
          "no-cache"
        ],
        "Transfer-Encoding": [
          "chunked"
        ],
        "Server": [
          "Microsoft-HTTPAPI/2.0",
          "Microsoft-HTTPAPI/2.0"
        ],
        "Vary": [
          "Accept-Encoding"
        ],
        "x-ms-ratelimit-remaining-resource": [
          "Microsoft.Compute/GetOperation3Min;14995,Microsoft.Compute/GetOperation30Min;29942"
        ],
        "Strict-Transport-Security": [
          "max-age=31536000; includeSubDomains"
        ],
        "x-ms-served-by": [
          "d8479ab9-b4a1-4ca4-bfe5-eb2106eeb54c_131698431315038144"
        ],
        "x-ms-request-id": [
          "30948cf6-ba2c-4483-b7f3-ae92265549d4"
        ],
        "x-ms-ratelimit-remaining-subscription-reads": [
          "14992"
        ],
        "x-ms-correlation-request-id": [
          "8bb88d76-5180-49b0-adf3-8434a80c7bb5"
        ],
        "x-ms-routing-request-id": [
          "WESTUS2:20180503T180824Z:8bb88d76-5180-49b0-adf3-8434a80c7bb5"
        ],
        "X-Content-Type-Options": [
          "nosniff"
        ]
      },
      "StatusCode": 200
    },
    {
      "RequestUri": "/subscriptions/24fb23e3-6ba3-41f0-9b6e-e41131d5d61e/providers/Microsoft.Compute/locations/southeastasia/operations/9018a580-4036-45f8-89a1-caa529d175fd?api-version=2018-04-01",
      "EncodedRequestUri": "L3N1YnNjcmlwdGlvbnMvMjRmYjIzZTMtNmJhMy00MWYwLTliNmUtZTQxMTMxZDVkNjFlL3Byb3ZpZGVycy9NaWNyb3NvZnQuQ29tcHV0ZS9sb2NhdGlvbnMvc291dGhlYXN0YXNpYS9vcGVyYXRpb25zLzkwMThhNTgwLTQwMzYtNDVmOC04OWExLWNhYTUyOWQxNzVmZD9hcGktdmVyc2lvbj0yMDE4LTA0LTAx",
      "RequestMethod": "GET",
      "RequestBody": "",
      "RequestHeaders": {
        "User-Agent": [
          "FxVersion/4.6.25714.03",
          "Microsoft.Azure.Management.Compute.ComputeManagementClient/18.0.0.0"
        ]
      },
      "ResponseBody": "{\r\n  \"startTime\": \"2018-05-03T11:07:34.6248209-07:00\",\r\n  \"status\": \"InProgress\",\r\n  \"name\": \"9018a580-4036-45f8-89a1-caa529d175fd\"\r\n}",
      "ResponseHeaders": {
        "Content-Type": [
          "application/json; charset=utf-8"
        ],
        "Expires": [
          "-1"
        ],
        "Cache-Control": [
          "no-cache"
        ],
        "Date": [
          "Thu, 03 May 2018 18:08:33 GMT"
        ],
        "Pragma": [
          "no-cache"
        ],
        "Transfer-Encoding": [
          "chunked"
        ],
        "Server": [
          "Microsoft-HTTPAPI/2.0",
          "Microsoft-HTTPAPI/2.0"
        ],
        "Vary": [
          "Accept-Encoding"
        ],
        "x-ms-ratelimit-remaining-resource": [
          "Microsoft.Compute/GetOperation3Min;14994,Microsoft.Compute/GetOperation30Min;29941"
        ],
        "Strict-Transport-Security": [
          "max-age=31536000; includeSubDomains"
        ],
        "x-ms-served-by": [
          "d8479ab9-b4a1-4ca4-bfe5-eb2106eeb54c_131698431315038144"
        ],
        "x-ms-request-id": [
          "5147f796-2dd5-4ebd-af52-a48d770b4d26"
        ],
        "x-ms-ratelimit-remaining-subscription-reads": [
          "14991"
        ],
        "x-ms-correlation-request-id": [
          "d27f2543-e265-48d4-a2dd-ad6ddf500c61"
        ],
        "x-ms-routing-request-id": [
          "WESTUS2:20180503T180834Z:d27f2543-e265-48d4-a2dd-ad6ddf500c61"
        ],
        "X-Content-Type-Options": [
          "nosniff"
        ]
      },
      "StatusCode": 200
    },
    {
      "RequestUri": "/subscriptions/24fb23e3-6ba3-41f0-9b6e-e41131d5d61e/providers/Microsoft.Compute/locations/southeastasia/operations/9018a580-4036-45f8-89a1-caa529d175fd?api-version=2018-04-01",
      "EncodedRequestUri": "L3N1YnNjcmlwdGlvbnMvMjRmYjIzZTMtNmJhMy00MWYwLTliNmUtZTQxMTMxZDVkNjFlL3Byb3ZpZGVycy9NaWNyb3NvZnQuQ29tcHV0ZS9sb2NhdGlvbnMvc291dGhlYXN0YXNpYS9vcGVyYXRpb25zLzkwMThhNTgwLTQwMzYtNDVmOC04OWExLWNhYTUyOWQxNzVmZD9hcGktdmVyc2lvbj0yMDE4LTA0LTAx",
      "RequestMethod": "GET",
      "RequestBody": "",
      "RequestHeaders": {
        "User-Agent": [
          "FxVersion/4.6.25714.03",
          "Microsoft.Azure.Management.Compute.ComputeManagementClient/18.0.0.0"
        ]
      },
      "ResponseBody": "{\r\n  \"startTime\": \"2018-05-03T11:07:34.6248209-07:00\",\r\n  \"status\": \"InProgress\",\r\n  \"name\": \"9018a580-4036-45f8-89a1-caa529d175fd\"\r\n}",
      "ResponseHeaders": {
        "Content-Type": [
          "application/json; charset=utf-8"
        ],
        "Expires": [
          "-1"
        ],
        "Cache-Control": [
          "no-cache"
        ],
        "Date": [
          "Thu, 03 May 2018 18:08:44 GMT"
        ],
        "Pragma": [
          "no-cache"
        ],
        "Transfer-Encoding": [
          "chunked"
        ],
        "Server": [
          "Microsoft-HTTPAPI/2.0",
          "Microsoft-HTTPAPI/2.0"
        ],
        "Vary": [
          "Accept-Encoding"
        ],
        "x-ms-ratelimit-remaining-resource": [
          "Microsoft.Compute/GetOperation3Min;14993,Microsoft.Compute/GetOperation30Min;29940"
        ],
        "Strict-Transport-Security": [
          "max-age=31536000; includeSubDomains"
        ],
        "x-ms-served-by": [
          "d8479ab9-b4a1-4ca4-bfe5-eb2106eeb54c_131698431315038144"
        ],
        "x-ms-request-id": [
          "fd4bb911-f24d-4c88-879d-1a18b53c5e8b"
        ],
        "x-ms-ratelimit-remaining-subscription-reads": [
          "14990"
        ],
        "x-ms-correlation-request-id": [
          "072d6dad-220e-4aad-86de-f6da3c828267"
        ],
        "x-ms-routing-request-id": [
          "WESTUS2:20180503T180845Z:072d6dad-220e-4aad-86de-f6da3c828267"
        ],
        "X-Content-Type-Options": [
          "nosniff"
        ]
      },
      "StatusCode": 200
    },
    {
      "RequestUri": "/subscriptions/24fb23e3-6ba3-41f0-9b6e-e41131d5d61e/providers/Microsoft.Compute/locations/southeastasia/operations/9018a580-4036-45f8-89a1-caa529d175fd?api-version=2018-04-01",
      "EncodedRequestUri": "L3N1YnNjcmlwdGlvbnMvMjRmYjIzZTMtNmJhMy00MWYwLTliNmUtZTQxMTMxZDVkNjFlL3Byb3ZpZGVycy9NaWNyb3NvZnQuQ29tcHV0ZS9sb2NhdGlvbnMvc291dGhlYXN0YXNpYS9vcGVyYXRpb25zLzkwMThhNTgwLTQwMzYtNDVmOC04OWExLWNhYTUyOWQxNzVmZD9hcGktdmVyc2lvbj0yMDE4LTA0LTAx",
      "RequestMethod": "GET",
      "RequestBody": "",
      "RequestHeaders": {
        "User-Agent": [
          "FxVersion/4.6.25714.03",
          "Microsoft.Azure.Management.Compute.ComputeManagementClient/18.0.0.0"
        ]
      },
      "ResponseBody": "{\r\n  \"startTime\": \"2018-05-03T11:07:34.6248209-07:00\",\r\n  \"status\": \"InProgress\",\r\n  \"name\": \"9018a580-4036-45f8-89a1-caa529d175fd\"\r\n}",
      "ResponseHeaders": {
        "Content-Type": [
          "application/json; charset=utf-8"
        ],
        "Expires": [
          "-1"
        ],
        "Cache-Control": [
          "no-cache"
        ],
        "Date": [
          "Thu, 03 May 2018 18:08:54 GMT"
        ],
        "Pragma": [
          "no-cache"
        ],
        "Transfer-Encoding": [
          "chunked"
        ],
        "Server": [
          "Microsoft-HTTPAPI/2.0",
          "Microsoft-HTTPAPI/2.0"
        ],
        "Vary": [
          "Accept-Encoding"
        ],
        "x-ms-ratelimit-remaining-resource": [
          "Microsoft.Compute/GetOperation3Min;14992,Microsoft.Compute/GetOperation30Min;29939"
        ],
        "Strict-Transport-Security": [
          "max-age=31536000; includeSubDomains"
        ],
        "x-ms-served-by": [
          "d8479ab9-b4a1-4ca4-bfe5-eb2106eeb54c_131698431315038144"
        ],
        "x-ms-request-id": [
          "7efa1624-9d8f-4973-9b8e-82c68cfee693"
        ],
        "x-ms-ratelimit-remaining-subscription-reads": [
          "14989"
        ],
        "x-ms-correlation-request-id": [
          "3004e2dc-af86-432e-b7b2-3b4b76b5f2d2"
        ],
        "x-ms-routing-request-id": [
          "WESTUS2:20180503T180855Z:3004e2dc-af86-432e-b7b2-3b4b76b5f2d2"
        ],
        "X-Content-Type-Options": [
          "nosniff"
        ]
      },
      "StatusCode": 200
    },
    {
      "RequestUri": "/subscriptions/24fb23e3-6ba3-41f0-9b6e-e41131d5d61e/providers/Microsoft.Compute/locations/southeastasia/operations/9018a580-4036-45f8-89a1-caa529d175fd?api-version=2018-04-01",
      "EncodedRequestUri": "L3N1YnNjcmlwdGlvbnMvMjRmYjIzZTMtNmJhMy00MWYwLTliNmUtZTQxMTMxZDVkNjFlL3Byb3ZpZGVycy9NaWNyb3NvZnQuQ29tcHV0ZS9sb2NhdGlvbnMvc291dGhlYXN0YXNpYS9vcGVyYXRpb25zLzkwMThhNTgwLTQwMzYtNDVmOC04OWExLWNhYTUyOWQxNzVmZD9hcGktdmVyc2lvbj0yMDE4LTA0LTAx",
      "RequestMethod": "GET",
      "RequestBody": "",
      "RequestHeaders": {
        "User-Agent": [
          "FxVersion/4.6.25714.03",
          "Microsoft.Azure.Management.Compute.ComputeManagementClient/18.0.0.0"
        ]
      },
      "ResponseBody": "{\r\n  \"startTime\": \"2018-05-03T11:07:34.6248209-07:00\",\r\n  \"status\": \"InProgress\",\r\n  \"name\": \"9018a580-4036-45f8-89a1-caa529d175fd\"\r\n}",
      "ResponseHeaders": {
        "Content-Type": [
          "application/json; charset=utf-8"
        ],
        "Expires": [
          "-1"
        ],
        "Cache-Control": [
          "no-cache"
        ],
        "Date": [
          "Thu, 03 May 2018 18:09:08 GMT"
        ],
        "Pragma": [
          "no-cache"
        ],
        "Transfer-Encoding": [
          "chunked"
        ],
        "Server": [
          "Microsoft-HTTPAPI/2.0",
          "Microsoft-HTTPAPI/2.0"
        ],
        "Vary": [
          "Accept-Encoding"
        ],
        "x-ms-ratelimit-remaining-resource": [
          "Microsoft.Compute/GetOperation3Min;14990,Microsoft.Compute/GetOperation30Min;29937"
        ],
        "Strict-Transport-Security": [
          "max-age=31536000; includeSubDomains"
        ],
        "x-ms-served-by": [
          "d8479ab9-b4a1-4ca4-bfe5-eb2106eeb54c_131698431315038144"
        ],
        "x-ms-request-id": [
          "bc658783-867d-49f8-bc1b-996707b45e75"
        ],
        "x-ms-ratelimit-remaining-subscription-reads": [
          "14988"
        ],
        "x-ms-correlation-request-id": [
          "ca0174b2-3fd5-47cc-8c04-cffb23b9646c"
        ],
        "x-ms-routing-request-id": [
          "WESTUS2:20180503T180909Z:ca0174b2-3fd5-47cc-8c04-cffb23b9646c"
        ],
        "X-Content-Type-Options": [
          "nosniff"
        ]
      },
      "StatusCode": 200
    },
    {
      "RequestUri": "/subscriptions/24fb23e3-6ba3-41f0-9b6e-e41131d5d61e/providers/Microsoft.Compute/locations/southeastasia/operations/9018a580-4036-45f8-89a1-caa529d175fd?api-version=2018-04-01",
      "EncodedRequestUri": "L3N1YnNjcmlwdGlvbnMvMjRmYjIzZTMtNmJhMy00MWYwLTliNmUtZTQxMTMxZDVkNjFlL3Byb3ZpZGVycy9NaWNyb3NvZnQuQ29tcHV0ZS9sb2NhdGlvbnMvc291dGhlYXN0YXNpYS9vcGVyYXRpb25zLzkwMThhNTgwLTQwMzYtNDVmOC04OWExLWNhYTUyOWQxNzVmZD9hcGktdmVyc2lvbj0yMDE4LTA0LTAx",
      "RequestMethod": "GET",
      "RequestBody": "",
      "RequestHeaders": {
        "User-Agent": [
          "FxVersion/4.6.25714.03",
          "Microsoft.Azure.Management.Compute.ComputeManagementClient/18.0.0.0"
        ]
      },
      "ResponseBody": "{\r\n  \"startTime\": \"2018-05-03T11:07:34.6248209-07:00\",\r\n  \"status\": \"InProgress\",\r\n  \"name\": \"9018a580-4036-45f8-89a1-caa529d175fd\"\r\n}",
      "ResponseHeaders": {
        "Content-Type": [
          "application/json; charset=utf-8"
        ],
        "Expires": [
          "-1"
        ],
        "Cache-Control": [
          "no-cache"
        ],
        "Date": [
          "Thu, 03 May 2018 18:09:25 GMT"
        ],
        "Pragma": [
          "no-cache"
        ],
        "Transfer-Encoding": [
          "chunked"
        ],
        "Server": [
          "Microsoft-HTTPAPI/2.0",
          "Microsoft-HTTPAPI/2.0"
        ],
        "Vary": [
          "Accept-Encoding"
        ],
        "x-ms-ratelimit-remaining-resource": [
          "Microsoft.Compute/GetOperation3Min;14988,Microsoft.Compute/GetOperation30Min;29935"
        ],
        "Strict-Transport-Security": [
          "max-age=31536000; includeSubDomains"
        ],
        "x-ms-served-by": [
          "d8479ab9-b4a1-4ca4-bfe5-eb2106eeb54c_131698431315038144"
        ],
        "x-ms-request-id": [
          "bc95b6a3-e910-480a-ab42-2e0ae3d6396d"
        ],
        "x-ms-ratelimit-remaining-subscription-reads": [
          "14987"
        ],
        "x-ms-correlation-request-id": [
          "603d3565-2f28-4963-a7d1-70cc536fb7b4"
        ],
        "x-ms-routing-request-id": [
          "WESTUS2:20180503T180925Z:603d3565-2f28-4963-a7d1-70cc536fb7b4"
        ],
        "X-Content-Type-Options": [
          "nosniff"
        ]
      },
      "StatusCode": 200
    },
    {
      "RequestUri": "/subscriptions/24fb23e3-6ba3-41f0-9b6e-e41131d5d61e/providers/Microsoft.Compute/locations/southeastasia/operations/9018a580-4036-45f8-89a1-caa529d175fd?api-version=2018-04-01",
      "EncodedRequestUri": "L3N1YnNjcmlwdGlvbnMvMjRmYjIzZTMtNmJhMy00MWYwLTliNmUtZTQxMTMxZDVkNjFlL3Byb3ZpZGVycy9NaWNyb3NvZnQuQ29tcHV0ZS9sb2NhdGlvbnMvc291dGhlYXN0YXNpYS9vcGVyYXRpb25zLzkwMThhNTgwLTQwMzYtNDVmOC04OWExLWNhYTUyOWQxNzVmZD9hcGktdmVyc2lvbj0yMDE4LTA0LTAx",
      "RequestMethod": "GET",
      "RequestBody": "",
      "RequestHeaders": {
        "User-Agent": [
          "FxVersion/4.6.25714.03",
          "Microsoft.Azure.Management.Compute.ComputeManagementClient/18.0.0.0"
        ]
      },
      "ResponseBody": "{\r\n  \"startTime\": \"2018-05-03T11:07:34.6248209-07:00\",\r\n  \"status\": \"InProgress\",\r\n  \"name\": \"9018a580-4036-45f8-89a1-caa529d175fd\"\r\n}",
      "ResponseHeaders": {
        "Content-Type": [
          "application/json; charset=utf-8"
        ],
        "Expires": [
          "-1"
        ],
        "Cache-Control": [
          "no-cache"
        ],
        "Date": [
          "Thu, 03 May 2018 18:09:42 GMT"
        ],
        "Pragma": [
          "no-cache"
        ],
        "Transfer-Encoding": [
          "chunked"
        ],
        "Server": [
          "Microsoft-HTTPAPI/2.0",
          "Microsoft-HTTPAPI/2.0"
        ],
        "Vary": [
          "Accept-Encoding"
        ],
        "x-ms-ratelimit-remaining-resource": [
          "Microsoft.Compute/GetOperation3Min;14986,Microsoft.Compute/GetOperation30Min;29933"
        ],
        "Strict-Transport-Security": [
          "max-age=31536000; includeSubDomains"
        ],
        "x-ms-served-by": [
          "d8479ab9-b4a1-4ca4-bfe5-eb2106eeb54c_131698431315038144"
        ],
        "x-ms-request-id": [
          "b9dc4251-47da-4d69-ad2b-360fa65272a8"
        ],
        "x-ms-ratelimit-remaining-subscription-reads": [
          "14986"
        ],
        "x-ms-correlation-request-id": [
          "56606963-ffcc-42c9-8beb-3fe90542f28c"
        ],
        "x-ms-routing-request-id": [
          "WESTUS2:20180503T180942Z:56606963-ffcc-42c9-8beb-3fe90542f28c"
        ],
        "X-Content-Type-Options": [
          "nosniff"
        ]
      },
      "StatusCode": 200
    },
    {
      "RequestUri": "/subscriptions/24fb23e3-6ba3-41f0-9b6e-e41131d5d61e/providers/Microsoft.Compute/locations/southeastasia/operations/9018a580-4036-45f8-89a1-caa529d175fd?api-version=2018-04-01",
      "EncodedRequestUri": "L3N1YnNjcmlwdGlvbnMvMjRmYjIzZTMtNmJhMy00MWYwLTliNmUtZTQxMTMxZDVkNjFlL3Byb3ZpZGVycy9NaWNyb3NvZnQuQ29tcHV0ZS9sb2NhdGlvbnMvc291dGhlYXN0YXNpYS9vcGVyYXRpb25zLzkwMThhNTgwLTQwMzYtNDVmOC04OWExLWNhYTUyOWQxNzVmZD9hcGktdmVyc2lvbj0yMDE4LTA0LTAx",
      "RequestMethod": "GET",
      "RequestBody": "",
      "RequestHeaders": {
        "User-Agent": [
          "FxVersion/4.6.25714.03",
          "Microsoft.Azure.Management.Compute.ComputeManagementClient/18.0.0.0"
        ]
      },
      "ResponseBody": "{\r\n  \"startTime\": \"2018-05-03T11:07:34.6248209-07:00\",\r\n  \"status\": \"InProgress\",\r\n  \"name\": \"9018a580-4036-45f8-89a1-caa529d175fd\"\r\n}",
      "ResponseHeaders": {
        "Content-Type": [
          "application/json; charset=utf-8"
        ],
        "Expires": [
          "-1"
        ],
        "Cache-Control": [
          "no-cache"
        ],
        "Date": [
          "Thu, 03 May 2018 18:09:58 GMT"
        ],
        "Pragma": [
          "no-cache"
        ],
        "Transfer-Encoding": [
          "chunked"
        ],
        "Server": [
          "Microsoft-HTTPAPI/2.0",
          "Microsoft-HTTPAPI/2.0"
        ],
        "Vary": [
          "Accept-Encoding"
        ],
        "x-ms-ratelimit-remaining-resource": [
          "Microsoft.Compute/GetOperation3Min;14984,Microsoft.Compute/GetOperation30Min;29931"
        ],
        "Strict-Transport-Security": [
          "max-age=31536000; includeSubDomains"
        ],
        "x-ms-served-by": [
          "d8479ab9-b4a1-4ca4-bfe5-eb2106eeb54c_131698431315038144"
        ],
        "x-ms-request-id": [
          "7e200d3a-d9b8-4fd8-a0a3-e75f0aff804c"
        ],
        "x-ms-ratelimit-remaining-subscription-reads": [
          "14985"
        ],
        "x-ms-correlation-request-id": [
          "127aea3a-d929-4217-9f54-c321aeb24ed9"
        ],
        "x-ms-routing-request-id": [
          "WESTUS2:20180503T180958Z:127aea3a-d929-4217-9f54-c321aeb24ed9"
        ],
        "X-Content-Type-Options": [
          "nosniff"
        ]
      },
      "StatusCode": 200
    },
    {
      "RequestUri": "/subscriptions/24fb23e3-6ba3-41f0-9b6e-e41131d5d61e/providers/Microsoft.Compute/locations/southeastasia/operations/9018a580-4036-45f8-89a1-caa529d175fd?api-version=2018-04-01",
      "EncodedRequestUri": "L3N1YnNjcmlwdGlvbnMvMjRmYjIzZTMtNmJhMy00MWYwLTliNmUtZTQxMTMxZDVkNjFlL3Byb3ZpZGVycy9NaWNyb3NvZnQuQ29tcHV0ZS9sb2NhdGlvbnMvc291dGhlYXN0YXNpYS9vcGVyYXRpb25zLzkwMThhNTgwLTQwMzYtNDVmOC04OWExLWNhYTUyOWQxNzVmZD9hcGktdmVyc2lvbj0yMDE4LTA0LTAx",
      "RequestMethod": "GET",
      "RequestBody": "",
      "RequestHeaders": {
        "User-Agent": [
          "FxVersion/4.6.25714.03",
          "Microsoft.Azure.Management.Compute.ComputeManagementClient/18.0.0.0"
        ]
      },
      "ResponseBody": "{\r\n  \"startTime\": \"2018-05-03T11:07:34.6248209-07:00\",\r\n  \"status\": \"InProgress\",\r\n  \"name\": \"9018a580-4036-45f8-89a1-caa529d175fd\"\r\n}",
      "ResponseHeaders": {
        "Content-Type": [
          "application/json; charset=utf-8"
        ],
        "Expires": [
          "-1"
        ],
        "Cache-Control": [
          "no-cache"
        ],
        "Date": [
          "Thu, 03 May 2018 18:10:15 GMT"
        ],
        "Pragma": [
          "no-cache"
        ],
        "Transfer-Encoding": [
          "chunked"
        ],
        "Server": [
          "Microsoft-HTTPAPI/2.0",
          "Microsoft-HTTPAPI/2.0"
        ],
        "Vary": [
          "Accept-Encoding"
        ],
        "x-ms-ratelimit-remaining-resource": [
          "Microsoft.Compute/GetOperation3Min;14982,Microsoft.Compute/GetOperation30Min;29929"
        ],
        "Strict-Transport-Security": [
          "max-age=31536000; includeSubDomains"
        ],
        "x-ms-served-by": [
          "d8479ab9-b4a1-4ca4-bfe5-eb2106eeb54c_131698431315038144"
        ],
        "x-ms-request-id": [
          "556b7763-8d47-40c6-ab46-b35c95e0931a"
        ],
        "x-ms-ratelimit-remaining-subscription-reads": [
          "14984"
        ],
        "x-ms-correlation-request-id": [
          "42601124-5d15-47d2-b2f4-31106c956eb3"
        ],
        "x-ms-routing-request-id": [
          "WESTUS2:20180503T181015Z:42601124-5d15-47d2-b2f4-31106c956eb3"
        ],
        "X-Content-Type-Options": [
          "nosniff"
        ]
      },
      "StatusCode": 200
    },
    {
      "RequestUri": "/subscriptions/24fb23e3-6ba3-41f0-9b6e-e41131d5d61e/providers/Microsoft.Compute/locations/southeastasia/operations/9018a580-4036-45f8-89a1-caa529d175fd?api-version=2018-04-01",
      "EncodedRequestUri": "L3N1YnNjcmlwdGlvbnMvMjRmYjIzZTMtNmJhMy00MWYwLTliNmUtZTQxMTMxZDVkNjFlL3Byb3ZpZGVycy9NaWNyb3NvZnQuQ29tcHV0ZS9sb2NhdGlvbnMvc291dGhlYXN0YXNpYS9vcGVyYXRpb25zLzkwMThhNTgwLTQwMzYtNDVmOC04OWExLWNhYTUyOWQxNzVmZD9hcGktdmVyc2lvbj0yMDE4LTA0LTAx",
      "RequestMethod": "GET",
      "RequestBody": "",
      "RequestHeaders": {
        "User-Agent": [
          "FxVersion/4.6.25714.03",
          "Microsoft.Azure.Management.Compute.ComputeManagementClient/18.0.0.0"
        ]
      },
      "ResponseBody": "{\r\n  \"startTime\": \"2018-05-03T11:07:34.6248209-07:00\",\r\n  \"status\": \"InProgress\",\r\n  \"name\": \"9018a580-4036-45f8-89a1-caa529d175fd\"\r\n}",
      "ResponseHeaders": {
        "Content-Type": [
          "application/json; charset=utf-8"
        ],
        "Expires": [
          "-1"
        ],
        "Cache-Control": [
          "no-cache"
        ],
        "Date": [
          "Thu, 03 May 2018 18:10:31 GMT"
        ],
        "Pragma": [
          "no-cache"
        ],
        "Transfer-Encoding": [
          "chunked"
        ],
        "Server": [
          "Microsoft-HTTPAPI/2.0",
          "Microsoft-HTTPAPI/2.0"
        ],
        "Vary": [
          "Accept-Encoding"
        ],
        "x-ms-ratelimit-remaining-resource": [
          "Microsoft.Compute/GetOperation3Min;14980,Microsoft.Compute/GetOperation30Min;29927"
        ],
        "Strict-Transport-Security": [
          "max-age=31536000; includeSubDomains"
        ],
        "x-ms-served-by": [
          "d8479ab9-b4a1-4ca4-bfe5-eb2106eeb54c_131698431315038144"
        ],
        "x-ms-request-id": [
          "ba4cde20-ae2b-4ca5-a83b-7c6566d74707"
        ],
        "x-ms-ratelimit-remaining-subscription-reads": [
          "14983"
        ],
        "x-ms-correlation-request-id": [
          "cb3be0f0-9e50-4ac3-8c02-4a0828bfdc17"
        ],
        "x-ms-routing-request-id": [
          "WESTUS2:20180503T181031Z:cb3be0f0-9e50-4ac3-8c02-4a0828bfdc17"
        ],
        "X-Content-Type-Options": [
          "nosniff"
        ]
      },
      "StatusCode": 200
    },
    {
      "RequestUri": "/subscriptions/24fb23e3-6ba3-41f0-9b6e-e41131d5d61e/providers/Microsoft.Compute/locations/southeastasia/operations/9018a580-4036-45f8-89a1-caa529d175fd?api-version=2018-04-01",
      "EncodedRequestUri": "L3N1YnNjcmlwdGlvbnMvMjRmYjIzZTMtNmJhMy00MWYwLTliNmUtZTQxMTMxZDVkNjFlL3Byb3ZpZGVycy9NaWNyb3NvZnQuQ29tcHV0ZS9sb2NhdGlvbnMvc291dGhlYXN0YXNpYS9vcGVyYXRpb25zLzkwMThhNTgwLTQwMzYtNDVmOC04OWExLWNhYTUyOWQxNzVmZD9hcGktdmVyc2lvbj0yMDE4LTA0LTAx",
      "RequestMethod": "GET",
      "RequestBody": "",
      "RequestHeaders": {
        "User-Agent": [
          "FxVersion/4.6.25714.03",
          "Microsoft.Azure.Management.Compute.ComputeManagementClient/18.0.0.0"
        ]
      },
      "ResponseBody": "{\r\n  \"startTime\": \"2018-05-03T11:07:34.6248209-07:00\",\r\n  \"status\": \"InProgress\",\r\n  \"name\": \"9018a580-4036-45f8-89a1-caa529d175fd\"\r\n}",
      "ResponseHeaders": {
        "Content-Type": [
          "application/json; charset=utf-8"
        ],
        "Expires": [
          "-1"
        ],
        "Cache-Control": [
          "no-cache"
        ],
        "Date": [
          "Thu, 03 May 2018 18:10:47 GMT"
        ],
        "Pragma": [
          "no-cache"
        ],
        "Transfer-Encoding": [
          "chunked"
        ],
        "Server": [
          "Microsoft-HTTPAPI/2.0",
          "Microsoft-HTTPAPI/2.0"
        ],
        "Vary": [
          "Accept-Encoding"
        ],
        "x-ms-ratelimit-remaining-resource": [
          "Microsoft.Compute/GetOperation3Min;14980,Microsoft.Compute/GetOperation30Min;29925"
        ],
        "Strict-Transport-Security": [
          "max-age=31536000; includeSubDomains"
        ],
        "x-ms-served-by": [
          "d8479ab9-b4a1-4ca4-bfe5-eb2106eeb54c_131698431315038144"
        ],
        "x-ms-request-id": [
          "de1f495b-fc38-4b8a-89fa-7ed996b8619a"
        ],
        "x-ms-ratelimit-remaining-subscription-reads": [
          "14982"
        ],
        "x-ms-correlation-request-id": [
          "9e222f22-9e1f-4718-8ee7-f483536178f6"
        ],
        "x-ms-routing-request-id": [
          "WESTUS2:20180503T181048Z:9e222f22-9e1f-4718-8ee7-f483536178f6"
        ],
        "X-Content-Type-Options": [
          "nosniff"
        ]
      },
      "StatusCode": 200
    },
    {
      "RequestUri": "/subscriptions/24fb23e3-6ba3-41f0-9b6e-e41131d5d61e/providers/Microsoft.Compute/locations/southeastasia/operations/9018a580-4036-45f8-89a1-caa529d175fd?api-version=2018-04-01",
      "EncodedRequestUri": "L3N1YnNjcmlwdGlvbnMvMjRmYjIzZTMtNmJhMy00MWYwLTliNmUtZTQxMTMxZDVkNjFlL3Byb3ZpZGVycy9NaWNyb3NvZnQuQ29tcHV0ZS9sb2NhdGlvbnMvc291dGhlYXN0YXNpYS9vcGVyYXRpb25zLzkwMThhNTgwLTQwMzYtNDVmOC04OWExLWNhYTUyOWQxNzVmZD9hcGktdmVyc2lvbj0yMDE4LTA0LTAx",
      "RequestMethod": "GET",
      "RequestBody": "",
      "RequestHeaders": {
        "User-Agent": [
          "FxVersion/4.6.25714.03",
          "Microsoft.Azure.Management.Compute.ComputeManagementClient/18.0.0.0"
        ]
      },
      "ResponseBody": "{\r\n  \"startTime\": \"2018-05-03T11:07:34.6248209-07:00\",\r\n  \"status\": \"InProgress\",\r\n  \"name\": \"9018a580-4036-45f8-89a1-caa529d175fd\"\r\n}",
      "ResponseHeaders": {
        "Content-Type": [
          "application/json; charset=utf-8"
        ],
        "Expires": [
          "-1"
        ],
        "Cache-Control": [
          "no-cache"
        ],
        "Date": [
          "Thu, 03 May 2018 18:11:03 GMT"
        ],
        "Pragma": [
          "no-cache"
        ],
        "Transfer-Encoding": [
          "chunked"
        ],
        "Server": [
          "Microsoft-HTTPAPI/2.0",
          "Microsoft-HTTPAPI/2.0"
        ],
        "Vary": [
          "Accept-Encoding"
        ],
        "x-ms-ratelimit-remaining-resource": [
          "Microsoft.Compute/GetOperation3Min;14978,Microsoft.Compute/GetOperation30Min;29923"
        ],
        "Strict-Transport-Security": [
          "max-age=31536000; includeSubDomains"
        ],
        "x-ms-served-by": [
          "d8479ab9-b4a1-4ca4-bfe5-eb2106eeb54c_131698431315038144"
        ],
        "x-ms-request-id": [
          "20eaed89-ae25-4301-9786-7fbc50c0860d"
        ],
        "x-ms-ratelimit-remaining-subscription-reads": [
          "14981"
        ],
        "x-ms-correlation-request-id": [
          "8e2e9220-f571-4b34-9c84-3d4f984f3878"
        ],
        "x-ms-routing-request-id": [
          "WESTUS2:20180503T181104Z:8e2e9220-f571-4b34-9c84-3d4f984f3878"
        ],
        "X-Content-Type-Options": [
          "nosniff"
        ]
      },
      "StatusCode": 200
    },
    {
      "RequestUri": "/subscriptions/24fb23e3-6ba3-41f0-9b6e-e41131d5d61e/providers/Microsoft.Compute/locations/southeastasia/operations/9018a580-4036-45f8-89a1-caa529d175fd?api-version=2018-04-01",
      "EncodedRequestUri": "L3N1YnNjcmlwdGlvbnMvMjRmYjIzZTMtNmJhMy00MWYwLTliNmUtZTQxMTMxZDVkNjFlL3Byb3ZpZGVycy9NaWNyb3NvZnQuQ29tcHV0ZS9sb2NhdGlvbnMvc291dGhlYXN0YXNpYS9vcGVyYXRpb25zLzkwMThhNTgwLTQwMzYtNDVmOC04OWExLWNhYTUyOWQxNzVmZD9hcGktdmVyc2lvbj0yMDE4LTA0LTAx",
      "RequestMethod": "GET",
      "RequestBody": "",
      "RequestHeaders": {
        "User-Agent": [
          "FxVersion/4.6.25714.03",
          "Microsoft.Azure.Management.Compute.ComputeManagementClient/18.0.0.0"
        ]
      },
      "ResponseBody": "{\r\n  \"startTime\": \"2018-05-03T11:07:34.6248209-07:00\",\r\n  \"status\": \"InProgress\",\r\n  \"name\": \"9018a580-4036-45f8-89a1-caa529d175fd\"\r\n}",
      "ResponseHeaders": {
        "Content-Type": [
          "application/json; charset=utf-8"
        ],
        "Expires": [
          "-1"
        ],
        "Cache-Control": [
          "no-cache"
        ],
        "Date": [
          "Thu, 03 May 2018 18:11:21 GMT"
        ],
        "Pragma": [
          "no-cache"
        ],
        "Transfer-Encoding": [
          "chunked"
        ],
        "Server": [
          "Microsoft-HTTPAPI/2.0",
          "Microsoft-HTTPAPI/2.0"
        ],
        "Vary": [
          "Accept-Encoding"
        ],
        "x-ms-ratelimit-remaining-resource": [
          "Microsoft.Compute/GetOperation3Min;14979,Microsoft.Compute/GetOperation30Min;29921"
        ],
        "Strict-Transport-Security": [
          "max-age=31536000; includeSubDomains"
        ],
        "x-ms-served-by": [
          "d8479ab9-b4a1-4ca4-bfe5-eb2106eeb54c_131698431315038144"
        ],
        "x-ms-request-id": [
          "71ce2a28-e4ac-4e46-a805-572308bfba8d"
        ],
        "x-ms-ratelimit-remaining-subscription-reads": [
          "14980"
        ],
        "x-ms-correlation-request-id": [
          "93bf15e7-21c1-4744-992b-06f7b71ab800"
        ],
        "x-ms-routing-request-id": [
          "WESTUS2:20180503T181121Z:93bf15e7-21c1-4744-992b-06f7b71ab800"
        ],
        "X-Content-Type-Options": [
          "nosniff"
        ]
      },
      "StatusCode": 200
    },
    {
      "RequestUri": "/subscriptions/24fb23e3-6ba3-41f0-9b6e-e41131d5d61e/providers/Microsoft.Compute/locations/southeastasia/operations/9018a580-4036-45f8-89a1-caa529d175fd?api-version=2018-04-01",
      "EncodedRequestUri": "L3N1YnNjcmlwdGlvbnMvMjRmYjIzZTMtNmJhMy00MWYwLTliNmUtZTQxMTMxZDVkNjFlL3Byb3ZpZGVycy9NaWNyb3NvZnQuQ29tcHV0ZS9sb2NhdGlvbnMvc291dGhlYXN0YXNpYS9vcGVyYXRpb25zLzkwMThhNTgwLTQwMzYtNDVmOC04OWExLWNhYTUyOWQxNzVmZD9hcGktdmVyc2lvbj0yMDE4LTA0LTAx",
      "RequestMethod": "GET",
      "RequestBody": "",
      "RequestHeaders": {
        "User-Agent": [
          "FxVersion/4.6.25714.03",
          "Microsoft.Azure.Management.Compute.ComputeManagementClient/18.0.0.0"
        ]
      },
      "ResponseBody": "{\r\n  \"startTime\": \"2018-05-03T11:07:34.6248209-07:00\",\r\n  \"status\": \"InProgress\",\r\n  \"name\": \"9018a580-4036-45f8-89a1-caa529d175fd\"\r\n}",
      "ResponseHeaders": {
        "Content-Type": [
          "application/json; charset=utf-8"
        ],
        "Expires": [
          "-1"
        ],
        "Cache-Control": [
          "no-cache"
        ],
        "Date": [
          "Thu, 03 May 2018 18:11:36 GMT"
        ],
        "Pragma": [
          "no-cache"
        ],
        "Transfer-Encoding": [
          "chunked"
        ],
        "Server": [
          "Microsoft-HTTPAPI/2.0",
          "Microsoft-HTTPAPI/2.0"
        ],
        "Vary": [
          "Accept-Encoding"
        ],
        "x-ms-ratelimit-remaining-resource": [
          "Microsoft.Compute/GetOperation3Min;14981,Microsoft.Compute/GetOperation30Min;29919"
        ],
        "Strict-Transport-Security": [
          "max-age=31536000; includeSubDomains"
        ],
        "x-ms-served-by": [
          "d8479ab9-b4a1-4ca4-bfe5-eb2106eeb54c_131698431315038144"
        ],
        "x-ms-request-id": [
          "fa7b712a-bd2a-4756-b127-57dc7bd3643c"
        ],
        "x-ms-ratelimit-remaining-subscription-reads": [
          "14979"
        ],
        "x-ms-correlation-request-id": [
          "39c049d8-165d-4f57-b2d9-e3f77428689f"
        ],
        "x-ms-routing-request-id": [
          "WESTUS2:20180503T181136Z:39c049d8-165d-4f57-b2d9-e3f77428689f"
        ],
        "X-Content-Type-Options": [
          "nosniff"
        ]
      },
      "StatusCode": 200
    },
    {
      "RequestUri": "/subscriptions/24fb23e3-6ba3-41f0-9b6e-e41131d5d61e/providers/Microsoft.Compute/locations/southeastasia/operations/9018a580-4036-45f8-89a1-caa529d175fd?api-version=2018-04-01",
      "EncodedRequestUri": "L3N1YnNjcmlwdGlvbnMvMjRmYjIzZTMtNmJhMy00MWYwLTliNmUtZTQxMTMxZDVkNjFlL3Byb3ZpZGVycy9NaWNyb3NvZnQuQ29tcHV0ZS9sb2NhdGlvbnMvc291dGhlYXN0YXNpYS9vcGVyYXRpb25zLzkwMThhNTgwLTQwMzYtNDVmOC04OWExLWNhYTUyOWQxNzVmZD9hcGktdmVyc2lvbj0yMDE4LTA0LTAx",
      "RequestMethod": "GET",
      "RequestBody": "",
      "RequestHeaders": {
        "User-Agent": [
          "FxVersion/4.6.25714.03",
          "Microsoft.Azure.Management.Compute.ComputeManagementClient/18.0.0.0"
        ]
      },
      "ResponseBody": "{\r\n  \"startTime\": \"2018-05-03T11:07:34.6248209-07:00\",\r\n  \"status\": \"InProgress\",\r\n  \"name\": \"9018a580-4036-45f8-89a1-caa529d175fd\"\r\n}",
      "ResponseHeaders": {
        "Content-Type": [
          "application/json; charset=utf-8"
        ],
        "Expires": [
          "-1"
        ],
        "Cache-Control": [
          "no-cache"
        ],
        "Date": [
          "Thu, 03 May 2018 18:11:52 GMT"
        ],
        "Pragma": [
          "no-cache"
        ],
        "Transfer-Encoding": [
          "chunked"
        ],
        "Server": [
          "Microsoft-HTTPAPI/2.0",
          "Microsoft-HTTPAPI/2.0"
        ],
        "Vary": [
          "Accept-Encoding"
        ],
        "x-ms-ratelimit-remaining-resource": [
          "Microsoft.Compute/GetOperation3Min;14979,Microsoft.Compute/GetOperation30Min;29917"
        ],
        "Strict-Transport-Security": [
          "max-age=31536000; includeSubDomains"
        ],
        "x-ms-served-by": [
          "d8479ab9-b4a1-4ca4-bfe5-eb2106eeb54c_131698431315038144"
        ],
        "x-ms-request-id": [
          "fea80480-1eb4-49e2-b077-0dca3862137f"
        ],
        "x-ms-ratelimit-remaining-subscription-reads": [
          "14978"
        ],
        "x-ms-correlation-request-id": [
          "e3e91dbb-bf85-42fd-8376-9ae1766b8b56"
        ],
        "x-ms-routing-request-id": [
          "WESTUS2:20180503T181153Z:e3e91dbb-bf85-42fd-8376-9ae1766b8b56"
        ],
        "X-Content-Type-Options": [
          "nosniff"
        ]
      },
      "StatusCode": 200
    },
    {
      "RequestUri": "/subscriptions/24fb23e3-6ba3-41f0-9b6e-e41131d5d61e/providers/Microsoft.Compute/locations/southeastasia/operations/9018a580-4036-45f8-89a1-caa529d175fd?api-version=2018-04-01",
      "EncodedRequestUri": "L3N1YnNjcmlwdGlvbnMvMjRmYjIzZTMtNmJhMy00MWYwLTliNmUtZTQxMTMxZDVkNjFlL3Byb3ZpZGVycy9NaWNyb3NvZnQuQ29tcHV0ZS9sb2NhdGlvbnMvc291dGhlYXN0YXNpYS9vcGVyYXRpb25zLzkwMThhNTgwLTQwMzYtNDVmOC04OWExLWNhYTUyOWQxNzVmZD9hcGktdmVyc2lvbj0yMDE4LTA0LTAx",
      "RequestMethod": "GET",
      "RequestBody": "",
      "RequestHeaders": {
        "User-Agent": [
          "FxVersion/4.6.25714.03",
          "Microsoft.Azure.Management.Compute.ComputeManagementClient/18.0.0.0"
        ]
      },
      "ResponseBody": "{\r\n  \"startTime\": \"2018-05-03T11:07:34.6248209-07:00\",\r\n  \"status\": \"InProgress\",\r\n  \"name\": \"9018a580-4036-45f8-89a1-caa529d175fd\"\r\n}",
      "ResponseHeaders": {
        "Content-Type": [
          "application/json; charset=utf-8"
        ],
        "Expires": [
          "-1"
        ],
        "Cache-Control": [
          "no-cache"
        ],
        "Date": [
          "Thu, 03 May 2018 18:12:11 GMT"
        ],
        "Pragma": [
          "no-cache"
        ],
        "Transfer-Encoding": [
          "chunked"
        ],
        "Server": [
          "Microsoft-HTTPAPI/2.0",
          "Microsoft-HTTPAPI/2.0"
        ],
        "Vary": [
          "Accept-Encoding"
        ],
        "x-ms-ratelimit-remaining-resource": [
          "Microsoft.Compute/GetOperation3Min;14980,Microsoft.Compute/GetOperation30Min;29915"
        ],
        "Strict-Transport-Security": [
          "max-age=31536000; includeSubDomains"
        ],
        "x-ms-served-by": [
          "d8479ab9-b4a1-4ca4-bfe5-eb2106eeb54c_131698431315038144"
        ],
        "x-ms-request-id": [
          "d2c8e93c-61a2-47cb-9236-af60e9f1cfb9"
        ],
        "x-ms-ratelimit-remaining-subscription-reads": [
          "14977"
        ],
        "x-ms-correlation-request-id": [
          "496da8f4-531d-4938-8816-731e2f4928bf"
        ],
        "x-ms-routing-request-id": [
          "WESTUS2:20180503T181211Z:496da8f4-531d-4938-8816-731e2f4928bf"
        ],
        "X-Content-Type-Options": [
          "nosniff"
        ]
      },
      "StatusCode": 200
    },
    {
      "RequestUri": "/subscriptions/24fb23e3-6ba3-41f0-9b6e-e41131d5d61e/providers/Microsoft.Compute/locations/southeastasia/operations/9018a580-4036-45f8-89a1-caa529d175fd?api-version=2018-04-01",
      "EncodedRequestUri": "L3N1YnNjcmlwdGlvbnMvMjRmYjIzZTMtNmJhMy00MWYwLTliNmUtZTQxMTMxZDVkNjFlL3Byb3ZpZGVycy9NaWNyb3NvZnQuQ29tcHV0ZS9sb2NhdGlvbnMvc291dGhlYXN0YXNpYS9vcGVyYXRpb25zLzkwMThhNTgwLTQwMzYtNDVmOC04OWExLWNhYTUyOWQxNzVmZD9hcGktdmVyc2lvbj0yMDE4LTA0LTAx",
      "RequestMethod": "GET",
      "RequestBody": "",
      "RequestHeaders": {
        "User-Agent": [
          "FxVersion/4.6.25714.03",
          "Microsoft.Azure.Management.Compute.ComputeManagementClient/18.0.0.0"
        ]
      },
      "ResponseBody": "{\r\n  \"startTime\": \"2018-05-03T11:07:34.6248209-07:00\",\r\n  \"status\": \"InProgress\",\r\n  \"name\": \"9018a580-4036-45f8-89a1-caa529d175fd\"\r\n}",
      "ResponseHeaders": {
        "Content-Type": [
          "application/json; charset=utf-8"
        ],
        "Expires": [
          "-1"
        ],
        "Cache-Control": [
          "no-cache"
        ],
        "Date": [
          "Thu, 03 May 2018 18:12:28 GMT"
        ],
        "Pragma": [
          "no-cache"
        ],
        "Transfer-Encoding": [
          "chunked"
        ],
        "Server": [
          "Microsoft-HTTPAPI/2.0",
          "Microsoft-HTTPAPI/2.0"
        ],
        "Vary": [
          "Accept-Encoding"
        ],
        "x-ms-ratelimit-remaining-resource": [
          "Microsoft.Compute/GetOperation3Min;14978,Microsoft.Compute/GetOperation30Min;29913"
        ],
        "Strict-Transport-Security": [
          "max-age=31536000; includeSubDomains"
        ],
        "x-ms-served-by": [
          "d8479ab9-b4a1-4ca4-bfe5-eb2106eeb54c_131698431315038144"
        ],
        "x-ms-request-id": [
          "de3e3fe1-fcc7-4f84-b97d-f3ac38aa1bfb"
        ],
        "x-ms-ratelimit-remaining-subscription-reads": [
          "14976"
        ],
        "x-ms-correlation-request-id": [
          "3ff2c5d7-115f-41c1-8a3f-7fea56bb2e76"
        ],
        "x-ms-routing-request-id": [
          "WESTUS2:20180503T181228Z:3ff2c5d7-115f-41c1-8a3f-7fea56bb2e76"
        ],
        "X-Content-Type-Options": [
          "nosniff"
        ]
      },
      "StatusCode": 200
    },
    {
      "RequestUri": "/subscriptions/24fb23e3-6ba3-41f0-9b6e-e41131d5d61e/providers/Microsoft.Compute/locations/southeastasia/operations/9018a580-4036-45f8-89a1-caa529d175fd?api-version=2018-04-01",
      "EncodedRequestUri": "L3N1YnNjcmlwdGlvbnMvMjRmYjIzZTMtNmJhMy00MWYwLTliNmUtZTQxMTMxZDVkNjFlL3Byb3ZpZGVycy9NaWNyb3NvZnQuQ29tcHV0ZS9sb2NhdGlvbnMvc291dGhlYXN0YXNpYS9vcGVyYXRpb25zLzkwMThhNTgwLTQwMzYtNDVmOC04OWExLWNhYTUyOWQxNzVmZD9hcGktdmVyc2lvbj0yMDE4LTA0LTAx",
      "RequestMethod": "GET",
      "RequestBody": "",
      "RequestHeaders": {
        "User-Agent": [
          "FxVersion/4.6.25714.03",
          "Microsoft.Azure.Management.Compute.ComputeManagementClient/18.0.0.0"
        ]
      },
      "ResponseBody": "{\r\n  \"startTime\": \"2018-05-03T11:07:34.6248209-07:00\",\r\n  \"status\": \"InProgress\",\r\n  \"name\": \"9018a580-4036-45f8-89a1-caa529d175fd\"\r\n}",
      "ResponseHeaders": {
        "Content-Type": [
          "application/json; charset=utf-8"
        ],
        "Expires": [
          "-1"
        ],
        "Cache-Control": [
          "no-cache"
        ],
        "Date": [
          "Thu, 03 May 2018 18:12:44 GMT"
        ],
        "Pragma": [
          "no-cache"
        ],
        "Transfer-Encoding": [
          "chunked"
        ],
        "Server": [
          "Microsoft-HTTPAPI/2.0",
          "Microsoft-HTTPAPI/2.0"
        ],
        "Vary": [
          "Accept-Encoding"
        ],
        "x-ms-ratelimit-remaining-resource": [
          "Microsoft.Compute/GetOperation3Min;14980,Microsoft.Compute/GetOperation30Min;29911"
        ],
        "Strict-Transport-Security": [
          "max-age=31536000; includeSubDomains"
        ],
        "x-ms-served-by": [
          "d8479ab9-b4a1-4ca4-bfe5-eb2106eeb54c_131698431315038144"
        ],
        "x-ms-request-id": [
          "9422adff-a96e-4300-9017-1f84f01ca483"
        ],
        "x-ms-ratelimit-remaining-subscription-reads": [
          "14975"
        ],
        "x-ms-correlation-request-id": [
          "70e57430-081a-4978-9b1f-f280a8a1d790"
        ],
        "x-ms-routing-request-id": [
          "WESTUS2:20180503T181244Z:70e57430-081a-4978-9b1f-f280a8a1d790"
        ],
        "X-Content-Type-Options": [
          "nosniff"
        ]
      },
      "StatusCode": 200
    },
    {
      "RequestUri": "/subscriptions/24fb23e3-6ba3-41f0-9b6e-e41131d5d61e/providers/Microsoft.Compute/locations/southeastasia/operations/9018a580-4036-45f8-89a1-caa529d175fd?api-version=2018-04-01",
      "EncodedRequestUri": "L3N1YnNjcmlwdGlvbnMvMjRmYjIzZTMtNmJhMy00MWYwLTliNmUtZTQxMTMxZDVkNjFlL3Byb3ZpZGVycy9NaWNyb3NvZnQuQ29tcHV0ZS9sb2NhdGlvbnMvc291dGhlYXN0YXNpYS9vcGVyYXRpb25zLzkwMThhNTgwLTQwMzYtNDVmOC04OWExLWNhYTUyOWQxNzVmZD9hcGktdmVyc2lvbj0yMDE4LTA0LTAx",
      "RequestMethod": "GET",
      "RequestBody": "",
      "RequestHeaders": {
        "User-Agent": [
          "FxVersion/4.6.25714.03",
          "Microsoft.Azure.Management.Compute.ComputeManagementClient/18.0.0.0"
        ]
      },
      "ResponseBody": "{\r\n  \"startTime\": \"2018-05-03T11:07:34.6248209-07:00\",\r\n  \"status\": \"InProgress\",\r\n  \"name\": \"9018a580-4036-45f8-89a1-caa529d175fd\"\r\n}",
      "ResponseHeaders": {
        "Content-Type": [
          "application/json; charset=utf-8"
        ],
        "Expires": [
          "-1"
        ],
        "Cache-Control": [
          "no-cache"
        ],
        "Date": [
          "Thu, 03 May 2018 18:13:00 GMT"
        ],
        "Pragma": [
          "no-cache"
        ],
        "Transfer-Encoding": [
          "chunked"
        ],
        "Server": [
          "Microsoft-HTTPAPI/2.0",
          "Microsoft-HTTPAPI/2.0"
        ],
        "Vary": [
          "Accept-Encoding"
        ],
        "x-ms-ratelimit-remaining-resource": [
          "Microsoft.Compute/GetOperation3Min;14978,Microsoft.Compute/GetOperation30Min;29909"
        ],
        "Strict-Transport-Security": [
          "max-age=31536000; includeSubDomains"
        ],
        "x-ms-served-by": [
          "d8479ab9-b4a1-4ca4-bfe5-eb2106eeb54c_131698431315038144"
        ],
        "x-ms-request-id": [
          "bee5e225-e006-45bf-ae43-069c2fb5ddeb"
        ],
        "x-ms-ratelimit-remaining-subscription-reads": [
          "14974"
        ],
        "x-ms-correlation-request-id": [
          "371f6969-9be1-43cb-a6a9-25723547c078"
        ],
        "x-ms-routing-request-id": [
          "WESTUS2:20180503T181301Z:371f6969-9be1-43cb-a6a9-25723547c078"
        ],
        "X-Content-Type-Options": [
          "nosniff"
        ]
      },
      "StatusCode": 200
    },
    {
      "RequestUri": "/subscriptions/24fb23e3-6ba3-41f0-9b6e-e41131d5d61e/providers/Microsoft.Compute/locations/southeastasia/operations/9018a580-4036-45f8-89a1-caa529d175fd?api-version=2018-04-01",
      "EncodedRequestUri": "L3N1YnNjcmlwdGlvbnMvMjRmYjIzZTMtNmJhMy00MWYwLTliNmUtZTQxMTMxZDVkNjFlL3Byb3ZpZGVycy9NaWNyb3NvZnQuQ29tcHV0ZS9sb2NhdGlvbnMvc291dGhlYXN0YXNpYS9vcGVyYXRpb25zLzkwMThhNTgwLTQwMzYtNDVmOC04OWExLWNhYTUyOWQxNzVmZD9hcGktdmVyc2lvbj0yMDE4LTA0LTAx",
      "RequestMethod": "GET",
      "RequestBody": "",
      "RequestHeaders": {
        "User-Agent": [
          "FxVersion/4.6.25714.03",
          "Microsoft.Azure.Management.Compute.ComputeManagementClient/18.0.0.0"
        ]
      },
      "ResponseBody": "{\r\n  \"startTime\": \"2018-05-03T11:07:34.6248209-07:00\",\r\n  \"status\": \"InProgress\",\r\n  \"name\": \"9018a580-4036-45f8-89a1-caa529d175fd\"\r\n}",
      "ResponseHeaders": {
        "Content-Type": [
          "application/json; charset=utf-8"
        ],
        "Expires": [
          "-1"
        ],
        "Cache-Control": [
          "no-cache"
        ],
        "Date": [
          "Thu, 03 May 2018 18:13:10 GMT"
        ],
        "Pragma": [
          "no-cache"
        ],
        "Transfer-Encoding": [
          "chunked"
        ],
        "Server": [
          "Microsoft-HTTPAPI/2.0",
          "Microsoft-HTTPAPI/2.0"
        ],
        "Vary": [
          "Accept-Encoding"
        ],
        "x-ms-ratelimit-remaining-resource": [
          "Microsoft.Compute/GetOperation3Min;14981,Microsoft.Compute/GetOperation30Min;29908"
        ],
        "Strict-Transport-Security": [
          "max-age=31536000; includeSubDomains"
        ],
        "x-ms-served-by": [
          "d8479ab9-b4a1-4ca4-bfe5-eb2106eeb54c_131698431315038144"
        ],
        "x-ms-request-id": [
          "07df9bc3-7716-44b5-867f-2c63e5cb7e45"
        ],
        "x-ms-ratelimit-remaining-subscription-reads": [
          "14973"
        ],
        "x-ms-correlation-request-id": [
          "b55b21eb-3f5a-40ed-87b0-d7151ce9d4ef"
        ],
        "x-ms-routing-request-id": [
          "WESTUS2:20180503T181311Z:b55b21eb-3f5a-40ed-87b0-d7151ce9d4ef"
        ],
        "X-Content-Type-Options": [
          "nosniff"
        ]
      },
      "StatusCode": 200
    },
    {
      "RequestUri": "/subscriptions/24fb23e3-6ba3-41f0-9b6e-e41131d5d61e/providers/Microsoft.Compute/locations/southeastasia/operations/9018a580-4036-45f8-89a1-caa529d175fd?api-version=2018-04-01",
      "EncodedRequestUri": "L3N1YnNjcmlwdGlvbnMvMjRmYjIzZTMtNmJhMy00MWYwLTliNmUtZTQxMTMxZDVkNjFlL3Byb3ZpZGVycy9NaWNyb3NvZnQuQ29tcHV0ZS9sb2NhdGlvbnMvc291dGhlYXN0YXNpYS9vcGVyYXRpb25zLzkwMThhNTgwLTQwMzYtNDVmOC04OWExLWNhYTUyOWQxNzVmZD9hcGktdmVyc2lvbj0yMDE4LTA0LTAx",
      "RequestMethod": "GET",
      "RequestBody": "",
      "RequestHeaders": {
        "User-Agent": [
          "FxVersion/4.6.25714.03",
          "Microsoft.Azure.Management.Compute.ComputeManagementClient/18.0.0.0"
        ]
      },
      "ResponseBody": "{\r\n  \"startTime\": \"2018-05-03T11:07:34.6248209-07:00\",\r\n  \"status\": \"InProgress\",\r\n  \"name\": \"9018a580-4036-45f8-89a1-caa529d175fd\"\r\n}",
      "ResponseHeaders": {
        "Content-Type": [
          "application/json; charset=utf-8"
        ],
        "Expires": [
          "-1"
        ],
        "Cache-Control": [
          "no-cache"
        ],
        "Date": [
          "Thu, 03 May 2018 18:13:25 GMT"
        ],
        "Pragma": [
          "no-cache"
        ],
        "Transfer-Encoding": [
          "chunked"
        ],
        "Server": [
          "Microsoft-HTTPAPI/2.0",
          "Microsoft-HTTPAPI/2.0"
        ],
        "Vary": [
          "Accept-Encoding"
        ],
        "x-ms-ratelimit-remaining-resource": [
          "Microsoft.Compute/GetOperation3Min;14979,Microsoft.Compute/GetOperation30Min;29906"
        ],
        "Strict-Transport-Security": [
          "max-age=31536000; includeSubDomains"
        ],
        "x-ms-served-by": [
          "d8479ab9-b4a1-4ca4-bfe5-eb2106eeb54c_131698431315038144"
        ],
        "x-ms-request-id": [
          "9042ee32-e7ac-493f-a1a6-cf8311a3d286"
        ],
        "x-ms-ratelimit-remaining-subscription-reads": [
          "14972"
        ],
        "x-ms-correlation-request-id": [
          "0221140c-6464-425e-9a46-236170b3493a"
        ],
        "x-ms-routing-request-id": [
          "WESTUS2:20180503T181325Z:0221140c-6464-425e-9a46-236170b3493a"
        ],
        "X-Content-Type-Options": [
          "nosniff"
        ]
      },
      "StatusCode": 200
    },
    {
      "RequestUri": "/subscriptions/24fb23e3-6ba3-41f0-9b6e-e41131d5d61e/providers/Microsoft.Compute/locations/southeastasia/operations/9018a580-4036-45f8-89a1-caa529d175fd?api-version=2018-04-01",
      "EncodedRequestUri": "L3N1YnNjcmlwdGlvbnMvMjRmYjIzZTMtNmJhMy00MWYwLTliNmUtZTQxMTMxZDVkNjFlL3Byb3ZpZGVycy9NaWNyb3NvZnQuQ29tcHV0ZS9sb2NhdGlvbnMvc291dGhlYXN0YXNpYS9vcGVyYXRpb25zLzkwMThhNTgwLTQwMzYtNDVmOC04OWExLWNhYTUyOWQxNzVmZD9hcGktdmVyc2lvbj0yMDE4LTA0LTAx",
      "RequestMethod": "GET",
      "RequestBody": "",
      "RequestHeaders": {
        "User-Agent": [
          "FxVersion/4.6.25714.03",
          "Microsoft.Azure.Management.Compute.ComputeManagementClient/18.0.0.0"
        ]
      },
      "ResponseBody": "{\r\n  \"startTime\": \"2018-05-03T11:07:34.6248209-07:00\",\r\n  \"status\": \"InProgress\",\r\n  \"name\": \"9018a580-4036-45f8-89a1-caa529d175fd\"\r\n}",
      "ResponseHeaders": {
        "Content-Type": [
          "application/json; charset=utf-8"
        ],
        "Expires": [
          "-1"
        ],
        "Cache-Control": [
          "no-cache"
        ],
        "Date": [
          "Thu, 03 May 2018 18:13:35 GMT"
        ],
        "Pragma": [
          "no-cache"
        ],
        "Transfer-Encoding": [
          "chunked"
        ],
        "Server": [
          "Microsoft-HTTPAPI/2.0",
          "Microsoft-HTTPAPI/2.0"
        ],
        "Vary": [
          "Accept-Encoding"
        ],
        "x-ms-ratelimit-remaining-resource": [
          "Microsoft.Compute/GetOperation3Min;14982,Microsoft.Compute/GetOperation30Min;29905"
        ],
        "Strict-Transport-Security": [
          "max-age=31536000; includeSubDomains"
        ],
        "x-ms-served-by": [
          "d8479ab9-b4a1-4ca4-bfe5-eb2106eeb54c_131698431315038144"
        ],
        "x-ms-request-id": [
          "0492fd6b-577d-45ca-8bfd-4192b112a30b"
        ],
        "x-ms-ratelimit-remaining-subscription-reads": [
          "14971"
        ],
        "x-ms-correlation-request-id": [
          "f51d2940-8d07-45c2-b04e-b4e0eb1a297d"
        ],
        "x-ms-routing-request-id": [
          "WESTUS2:20180503T181335Z:f51d2940-8d07-45c2-b04e-b4e0eb1a297d"
        ],
        "X-Content-Type-Options": [
          "nosniff"
        ]
      },
      "StatusCode": 200
    },
    {
      "RequestUri": "/subscriptions/24fb23e3-6ba3-41f0-9b6e-e41131d5d61e/providers/Microsoft.Compute/locations/southeastasia/operations/9018a580-4036-45f8-89a1-caa529d175fd?api-version=2018-04-01",
      "EncodedRequestUri": "L3N1YnNjcmlwdGlvbnMvMjRmYjIzZTMtNmJhMy00MWYwLTliNmUtZTQxMTMxZDVkNjFlL3Byb3ZpZGVycy9NaWNyb3NvZnQuQ29tcHV0ZS9sb2NhdGlvbnMvc291dGhlYXN0YXNpYS9vcGVyYXRpb25zLzkwMThhNTgwLTQwMzYtNDVmOC04OWExLWNhYTUyOWQxNzVmZD9hcGktdmVyc2lvbj0yMDE4LTA0LTAx",
      "RequestMethod": "GET",
      "RequestBody": "",
      "RequestHeaders": {
        "User-Agent": [
          "FxVersion/4.6.25714.03",
          "Microsoft.Azure.Management.Compute.ComputeManagementClient/18.0.0.0"
        ]
      },
      "ResponseBody": "{\r\n  \"startTime\": \"2018-05-03T11:07:34.6248209-07:00\",\r\n  \"endTime\": \"2018-05-03T11:13:43.750126-07:00\",\r\n  \"status\": \"Succeeded\",\r\n  \"name\": \"9018a580-4036-45f8-89a1-caa529d175fd\"\r\n}",
      "ResponseHeaders": {
        "Content-Type": [
          "application/json; charset=utf-8"
        ],
        "Expires": [
          "-1"
        ],
        "Cache-Control": [
          "no-cache"
        ],
        "Date": [
          "Thu, 03 May 2018 18:13:48 GMT"
        ],
        "Pragma": [
          "no-cache"
        ],
        "Transfer-Encoding": [
          "chunked"
        ],
        "Server": [
          "Microsoft-HTTPAPI/2.0",
          "Microsoft-HTTPAPI/2.0"
        ],
        "Vary": [
          "Accept-Encoding"
        ],
        "x-ms-ratelimit-remaining-resource": [
          "Microsoft.Compute/GetOperation3Min;14980,Microsoft.Compute/GetOperation30Min;29903"
        ],
        "Strict-Transport-Security": [
          "max-age=31536000; includeSubDomains"
        ],
        "x-ms-served-by": [
          "d8479ab9-b4a1-4ca4-bfe5-eb2106eeb54c_131698431315038144"
        ],
        "x-ms-request-id": [
          "e1a41817-23a5-44c1-9bca-5efba9d03ba0"
        ],
        "x-ms-ratelimit-remaining-subscription-reads": [
          "14970"
        ],
        "x-ms-correlation-request-id": [
          "1adbb105-ecba-471f-8427-1d68ae30ad18"
        ],
        "x-ms-routing-request-id": [
          "WESTUS2:20180503T181349Z:1adbb105-ecba-471f-8427-1d68ae30ad18"
        ],
        "X-Content-Type-Options": [
          "nosniff"
        ]
      },
      "StatusCode": 200
    },
    {
      "RequestUri": "/subscriptions/24fb23e3-6ba3-41f0-9b6e-e41131d5d61e/resourceGroups/crptestar5245/providers/Microsoft.Compute/virtualMachines/vm1739?api-version=2018-04-01",
      "EncodedRequestUri": "L3N1YnNjcmlwdGlvbnMvMjRmYjIzZTMtNmJhMy00MWYwLTliNmUtZTQxMTMxZDVkNjFlL3Jlc291cmNlR3JvdXBzL2NycHRlc3RhcjUyNDUvcHJvdmlkZXJzL01pY3Jvc29mdC5Db21wdXRlL3ZpcnR1YWxNYWNoaW5lcy92bTE3Mzk/YXBpLXZlcnNpb249MjAxOC0wNC0wMQ==",
      "RequestMethod": "GET",
      "RequestBody": "",
      "RequestHeaders": {
        "User-Agent": [
          "FxVersion/4.6.25714.03",
          "Microsoft.Azure.Management.Compute.ComputeManagementClient/18.0.0.0"
        ]
      },
      "ResponseBody": "{\r\n  \"properties\": {\r\n    \"vmId\": \"6d8b63c0-c1ae-4959-a7eb-9c4c2c645649\",\r\n    \"availabilitySet\": {\r\n      \"id\": \"/subscriptions/24fb23e3-6ba3-41f0-9b6e-e41131d5d61e/resourceGroups/crptestar5245/providers/Microsoft.Compute/availabilitySets/AS186\"\r\n    },\r\n    \"hardwareProfile\": {\r\n      \"vmSize\": \"Standard_A0\"\r\n    },\r\n    \"storageProfile\": {\r\n      \"imageReference\": {\r\n        \"publisher\": \"MicrosoftWindowsServer\",\r\n        \"offer\": \"WindowsServer\",\r\n        \"sku\": \"2012-R2-Datacenter\",\r\n        \"version\": \"4.127.20170406\"\r\n      },\r\n      \"osDisk\": {\r\n        \"osType\": \"Windows\",\r\n        \"name\": \"test\",\r\n        \"createOption\": \"FromImage\",\r\n        \"vhd\": {\r\n          \"uri\": \"https://crptestar7203.blob.core.windows.net/crptestar6255/oscrptestar972.vhd\"\r\n        },\r\n        \"caching\": \"None\",\r\n        \"diskSizeGB\": 127\r\n      },\r\n      \"dataDisks\": []\r\n    },\r\n    \"osProfile\": {\r\n      \"computerName\": \"Test\",\r\n      \"adminUsername\": \"Foo12\",\r\n      \"windowsConfiguration\": {\r\n        \"provisionVMAgent\": true,\r\n        \"enableAutomaticUpdates\": true\r\n      },\r\n      \"secrets\": []\r\n    },\r\n    \"networkProfile\": {\r\n      \"networkInterfaces\": [\r\n        {\r\n          \"id\": \"/subscriptions/24fb23e3-6ba3-41f0-9b6e-e41131d5d61e/resourceGroups/crptestar5245/providers/Microsoft.Network/networkInterfaces/nic5624\"\r\n        }\r\n      ]\r\n    },\r\n    \"licenseType\": \"Windows_Server\",\r\n    \"provisioningState\": \"Succeeded\"\r\n  },\r\n  \"type\": \"Microsoft.Compute/virtualMachines\",\r\n  \"location\": \"southeastasia\",\r\n  \"tags\": {\r\n    \"RG\": \"rg\",\r\n    \"testTag\": \"1\"\r\n  },\r\n  \"id\": \"/subscriptions/24fb23e3-6ba3-41f0-9b6e-e41131d5d61e/resourceGroups/crptestar5245/providers/Microsoft.Compute/virtualMachines/vm1739\",\r\n  \"name\": \"vm1739\"\r\n}",
      "ResponseHeaders": {
        "Content-Type": [
          "application/json; charset=utf-8"
        ],
        "Expires": [
          "-1"
        ],
        "Cache-Control": [
          "no-cache"
        ],
        "Date": [
          "Thu, 03 May 2018 18:13:49 GMT"
        ],
        "Pragma": [
          "no-cache"
        ],
        "Transfer-Encoding": [
          "chunked"
        ],
        "Server": [
          "Microsoft-HTTPAPI/2.0",
          "Microsoft-HTTPAPI/2.0"
        ],
        "Vary": [
          "Accept-Encoding"
        ],
        "x-ms-ratelimit-remaining-resource": [
          "Microsoft.Compute/LowCostGet3Min;4196,Microsoft.Compute/LowCostGet30Min;33569"
        ],
        "Strict-Transport-Security": [
          "max-age=31536000; includeSubDomains"
        ],
        "x-ms-served-by": [
          "d8479ab9-b4a1-4ca4-bfe5-eb2106eeb54c_131698431315038144"
        ],
        "x-ms-request-id": [
          "1f10ef7a-c4f8-4fed-86fb-a2578f079942"
        ],
        "x-ms-ratelimit-remaining-subscription-reads": [
          "14969"
        ],
        "x-ms-correlation-request-id": [
          "35f1df71-63e8-46c1-b13b-73f78b2c3312"
        ],
        "x-ms-routing-request-id": [
          "WESTUS2:20180503T181349Z:35f1df71-63e8-46c1-b13b-73f78b2c3312"
        ],
        "X-Content-Type-Options": [
          "nosniff"
        ]
      },
      "StatusCode": 200
    },
    {
      "RequestUri": "/subscriptions/24fb23e3-6ba3-41f0-9b6e-e41131d5d61e/resourceGroups/crptestar5245/providers/Microsoft.Compute/virtualMachines/vm1739?api-version=2018-04-01",
      "EncodedRequestUri": "L3N1YnNjcmlwdGlvbnMvMjRmYjIzZTMtNmJhMy00MWYwLTliNmUtZTQxMTMxZDVkNjFlL3Jlc291cmNlR3JvdXBzL2NycHRlc3RhcjUyNDUvcHJvdmlkZXJzL01pY3Jvc29mdC5Db21wdXRlL3ZpcnR1YWxNYWNoaW5lcy92bTE3Mzk/YXBpLXZlcnNpb249MjAxOC0wNC0wMQ==",
      "RequestMethod": "GET",
      "RequestBody": "",
      "RequestHeaders": {
        "x-ms-client-request-id": [
          "a6a68a1d-6b28-403d-9bf7-f954bd7cd9d7"
        ],
        "accept-language": [
          "en-US"
        ],
        "User-Agent": [
          "FxVersion/4.6.25714.03",
          "Microsoft.Azure.Management.Compute.ComputeManagementClient/18.0.0.0"
        ]
      },
      "ResponseBody": "{\r\n  \"properties\": {\r\n    \"vmId\": \"6d8b63c0-c1ae-4959-a7eb-9c4c2c645649\",\r\n    \"availabilitySet\": {\r\n      \"id\": \"/subscriptions/24fb23e3-6ba3-41f0-9b6e-e41131d5d61e/resourceGroups/crptestar5245/providers/Microsoft.Compute/availabilitySets/AS186\"\r\n    },\r\n    \"hardwareProfile\": {\r\n      \"vmSize\": \"Standard_A0\"\r\n    },\r\n    \"storageProfile\": {\r\n      \"imageReference\": {\r\n        \"publisher\": \"MicrosoftWindowsServer\",\r\n        \"offer\": \"WindowsServer\",\r\n        \"sku\": \"2012-R2-Datacenter\",\r\n        \"version\": \"4.127.20170406\"\r\n      },\r\n      \"osDisk\": {\r\n        \"osType\": \"Windows\",\r\n        \"name\": \"test\",\r\n        \"createOption\": \"FromImage\",\r\n        \"vhd\": {\r\n          \"uri\": \"https://crptestar7203.blob.core.windows.net/crptestar6255/oscrptestar972.vhd\"\r\n        },\r\n        \"caching\": \"None\",\r\n        \"diskSizeGB\": 127\r\n      },\r\n      \"dataDisks\": []\r\n    },\r\n    \"osProfile\": {\r\n      \"computerName\": \"Test\",\r\n      \"adminUsername\": \"Foo12\",\r\n      \"windowsConfiguration\": {\r\n        \"provisionVMAgent\": true,\r\n        \"enableAutomaticUpdates\": true\r\n      },\r\n      \"secrets\": []\r\n    },\r\n    \"networkProfile\": {\r\n      \"networkInterfaces\": [\r\n        {\r\n          \"id\": \"/subscriptions/24fb23e3-6ba3-41f0-9b6e-e41131d5d61e/resourceGroups/crptestar5245/providers/Microsoft.Network/networkInterfaces/nic5624\"\r\n        }\r\n      ]\r\n    },\r\n    \"licenseType\": \"Windows_Server\",\r\n    \"provisioningState\": \"Succeeded\"\r\n  },\r\n  \"type\": \"Microsoft.Compute/virtualMachines\",\r\n  \"location\": \"southeastasia\",\r\n  \"tags\": {\r\n    \"RG\": \"rg\",\r\n    \"testTag\": \"1\"\r\n  },\r\n  \"id\": \"/subscriptions/24fb23e3-6ba3-41f0-9b6e-e41131d5d61e/resourceGroups/crptestar5245/providers/Microsoft.Compute/virtualMachines/vm1739\",\r\n  \"name\": \"vm1739\"\r\n}",
      "ResponseHeaders": {
        "Content-Type": [
          "application/json; charset=utf-8"
        ],
        "Expires": [
          "-1"
        ],
        "Cache-Control": [
          "no-cache"
        ],
        "Date": [
          "Thu, 03 May 2018 18:13:49 GMT"
        ],
        "Pragma": [
          "no-cache"
        ],
        "Transfer-Encoding": [
          "chunked"
        ],
        "Server": [
          "Microsoft-HTTPAPI/2.0",
          "Microsoft-HTTPAPI/2.0"
        ],
        "Vary": [
          "Accept-Encoding"
        ],
        "x-ms-ratelimit-remaining-resource": [
          "Microsoft.Compute/LowCostGet3Min;4195,Microsoft.Compute/LowCostGet30Min;33568"
        ],
        "Strict-Transport-Security": [
          "max-age=31536000; includeSubDomains"
        ],
        "x-ms-served-by": [
          "d8479ab9-b4a1-4ca4-bfe5-eb2106eeb54c_131698431315038144"
        ],
        "x-ms-request-id": [
          "4bcc7b43-662f-402b-8fc6-b601d96d7f32"
        ],
        "x-ms-ratelimit-remaining-subscription-reads": [
          "14968"
        ],
        "x-ms-correlation-request-id": [
          "987e512d-6791-4dee-b332-5748eb320ad9"
        ],
        "x-ms-routing-request-id": [
          "WESTUS2:20180503T181350Z:987e512d-6791-4dee-b332-5748eb320ad9"
        ],
        "X-Content-Type-Options": [
          "nosniff"
        ]
      },
      "StatusCode": 200
    },
    {
      "RequestUri": "/subscriptions/24fb23e3-6ba3-41f0-9b6e-e41131d5d61e/resourceGroups/crptestar5245/providers/Microsoft.Compute/virtualMachines/vm1739?api-version=2018-04-01",
      "EncodedRequestUri": "L3N1YnNjcmlwdGlvbnMvMjRmYjIzZTMtNmJhMy00MWYwLTliNmUtZTQxMTMxZDVkNjFlL3Jlc291cmNlR3JvdXBzL2NycHRlc3RhcjUyNDUvcHJvdmlkZXJzL01pY3Jvc29mdC5Db21wdXRlL3ZpcnR1YWxNYWNoaW5lcy92bTE3Mzk/YXBpLXZlcnNpb249MjAxOC0wNC0wMQ==",
      "RequestMethod": "GET",
      "RequestBody": "",
      "RequestHeaders": {
        "x-ms-client-request-id": [
          "6dd464d9-8517-401a-85d5-010cbabfdc46"
        ],
        "accept-language": [
          "en-US"
        ],
        "User-Agent": [
          "FxVersion/4.6.25714.03",
          "Microsoft.Azure.Management.Compute.ComputeManagementClient/18.0.0.0"
        ]
      },
      "ResponseBody": "{\r\n  \"properties\": {\r\n    \"vmId\": \"6d8b63c0-c1ae-4959-a7eb-9c4c2c645649\",\r\n    \"availabilitySet\": {\r\n      \"id\": \"/subscriptions/24fb23e3-6ba3-41f0-9b6e-e41131d5d61e/resourceGroups/crptestar5245/providers/Microsoft.Compute/availabilitySets/AS186\"\r\n    },\r\n    \"hardwareProfile\": {\r\n      \"vmSize\": \"Standard_A0\"\r\n    },\r\n    \"storageProfile\": {\r\n      \"imageReference\": {\r\n        \"publisher\": \"MicrosoftWindowsServer\",\r\n        \"offer\": \"WindowsServer\",\r\n        \"sku\": \"2012-R2-Datacenter\",\r\n        \"version\": \"4.127.20170406\"\r\n      },\r\n      \"osDisk\": {\r\n        \"osType\": \"Windows\",\r\n        \"name\": \"test\",\r\n        \"createOption\": \"FromImage\",\r\n        \"vhd\": {\r\n          \"uri\": \"https://crptestar7203.blob.core.windows.net/crptestar6255/oscrptestar972.vhd\"\r\n        },\r\n        \"caching\": \"None\",\r\n        \"diskSizeGB\": 127\r\n      },\r\n      \"dataDisks\": []\r\n    },\r\n    \"osProfile\": {\r\n      \"computerName\": \"Test\",\r\n      \"adminUsername\": \"Foo12\",\r\n      \"windowsConfiguration\": {\r\n        \"provisionVMAgent\": true,\r\n        \"enableAutomaticUpdates\": true\r\n      },\r\n      \"secrets\": []\r\n    },\r\n    \"networkProfile\": {\r\n      \"networkInterfaces\": [\r\n        {\r\n          \"id\": \"/subscriptions/24fb23e3-6ba3-41f0-9b6e-e41131d5d61e/resourceGroups/crptestar5245/providers/Microsoft.Network/networkInterfaces/nic5624\"\r\n        }\r\n      ]\r\n    },\r\n    \"licenseType\": \"Windows_Server\",\r\n    \"provisioningState\": \"Succeeded\"\r\n  },\r\n  \"type\": \"Microsoft.Compute/virtualMachines\",\r\n  \"location\": \"southeastasia\",\r\n  \"tags\": {\r\n    \"RG\": \"rg\",\r\n    \"testTag\": \"1\"\r\n  },\r\n  \"id\": \"/subscriptions/24fb23e3-6ba3-41f0-9b6e-e41131d5d61e/resourceGroups/crptestar5245/providers/Microsoft.Compute/virtualMachines/vm1739\",\r\n  \"name\": \"vm1739\"\r\n}",
      "ResponseHeaders": {
        "Content-Type": [
          "application/json; charset=utf-8"
        ],
        "Expires": [
          "-1"
        ],
        "Cache-Control": [
          "no-cache"
        ],
        "Date": [
          "Thu, 03 May 2018 18:13:49 GMT"
        ],
        "Pragma": [
          "no-cache"
        ],
        "Transfer-Encoding": [
          "chunked"
        ],
        "Server": [
          "Microsoft-HTTPAPI/2.0",
          "Microsoft-HTTPAPI/2.0"
        ],
        "Vary": [
          "Accept-Encoding"
        ],
        "x-ms-ratelimit-remaining-resource": [
          "Microsoft.Compute/LowCostGet3Min;4194,Microsoft.Compute/LowCostGet30Min;33567"
        ],
        "Strict-Transport-Security": [
          "max-age=31536000; includeSubDomains"
        ],
        "x-ms-served-by": [
          "d8479ab9-b4a1-4ca4-bfe5-eb2106eeb54c_131698431315038144"
        ],
        "x-ms-request-id": [
          "1db5ede9-3fb9-46f1-b54a-c3ae27c7d145"
        ],
        "x-ms-ratelimit-remaining-subscription-reads": [
          "14967"
        ],
        "x-ms-correlation-request-id": [
          "c7e43038-fe93-43b6-9b1f-9b2e17cfef71"
        ],
        "x-ms-routing-request-id": [
          "WESTUS2:20180503T181350Z:c7e43038-fe93-43b6-9b1f-9b2e17cfef71"
        ],
        "X-Content-Type-Options": [
          "nosniff"
        ]
      },
      "StatusCode": 200
    },
    {
      "RequestUri": "/subscriptions/24fb23e3-6ba3-41f0-9b6e-e41131d5d61e/resourceGroups/crptestar5245/providers/Microsoft.Compute/virtualMachines/vm1739?api-version=2018-04-01",
      "EncodedRequestUri": "L3N1YnNjcmlwdGlvbnMvMjRmYjIzZTMtNmJhMy00MWYwLTliNmUtZTQxMTMxZDVkNjFlL3Jlc291cmNlR3JvdXBzL2NycHRlc3RhcjUyNDUvcHJvdmlkZXJzL01pY3Jvc29mdC5Db21wdXRlL3ZpcnR1YWxNYWNoaW5lcy92bTE3Mzk/YXBpLXZlcnNpb249MjAxOC0wNC0wMQ==",
      "RequestMethod": "DELETE",
      "RequestBody": "",
      "RequestHeaders": {
        "x-ms-client-request-id": [
          "f6827e6a-cce3-40e3-8307-85be688240eb"
        ],
        "accept-language": [
          "en-US"
        ],
        "User-Agent": [
          "FxVersion/4.6.25714.03",
          "Microsoft.Azure.Management.Compute.ComputeManagementClient/18.0.0.0"
        ]
      },
      "ResponseBody": "",
      "ResponseHeaders": {
        "Content-Length": [
          "0"
        ],
        "Expires": [
          "-1"
        ],
        "Cache-Control": [
          "no-cache"
        ],
        "Date": [
          "Thu, 03 May 2018 18:13:50 GMT"
        ],
        "Pragma": [
          "no-cache"
        ],
        "Location": [
          "https://management.azure.com/subscriptions/24fb23e3-6ba3-41f0-9b6e-e41131d5d61e/providers/Microsoft.Compute/locations/southeastasia/operations/f0099fdd-7d85-484c-843a-2fe08751cf0d?monitor=true&api-version=2018-04-01"
        ],
        "Retry-After": [
          "10"
        ],
        "Server": [
          "Microsoft-HTTPAPI/2.0",
          "Microsoft-HTTPAPI/2.0"
        ],
        "Azure-AsyncOperation": [
          "https://management.azure.com/subscriptions/24fb23e3-6ba3-41f0-9b6e-e41131d5d61e/providers/Microsoft.Compute/locations/southeastasia/operations/f0099fdd-7d85-484c-843a-2fe08751cf0d?api-version=2018-04-01"
        ],
        "x-ms-ratelimit-remaining-resource": [
          "Microsoft.Compute/DeleteVM3Min;239,Microsoft.Compute/DeleteVM30Min;1193"
        ],
        "Strict-Transport-Security": [
          "max-age=31536000; includeSubDomains"
        ],
        "x-ms-served-by": [
          "d8479ab9-b4a1-4ca4-bfe5-eb2106eeb54c_131698431315038144"
        ],
        "x-ms-request-id": [
          "f0099fdd-7d85-484c-843a-2fe08751cf0d"
        ],
        "x-ms-ratelimit-remaining-subscription-writes": [
          "1197"
        ],
        "x-ms-correlation-request-id": [
          "8d2f94db-d550-43a5-8a47-96bf82cdd02a"
        ],
        "x-ms-routing-request-id": [
          "WESTUS2:20180503T181351Z:8d2f94db-d550-43a5-8a47-96bf82cdd02a"
        ],
        "X-Content-Type-Options": [
          "nosniff"
        ]
      },
      "StatusCode": 202
    },
    {
      "RequestUri": "/subscriptions/24fb23e3-6ba3-41f0-9b6e-e41131d5d61e/providers/Microsoft.Compute/locations/southeastasia/operations/f0099fdd-7d85-484c-843a-2fe08751cf0d?api-version=2018-04-01",
      "EncodedRequestUri": "L3N1YnNjcmlwdGlvbnMvMjRmYjIzZTMtNmJhMy00MWYwLTliNmUtZTQxMTMxZDVkNjFlL3Byb3ZpZGVycy9NaWNyb3NvZnQuQ29tcHV0ZS9sb2NhdGlvbnMvc291dGhlYXN0YXNpYS9vcGVyYXRpb25zL2YwMDk5ZmRkLTdkODUtNDg0Yy04NDNhLTJmZTA4NzUxY2YwZD9hcGktdmVyc2lvbj0yMDE4LTA0LTAx",
      "RequestMethod": "GET",
      "RequestBody": "",
      "RequestHeaders": {
        "User-Agent": [
          "FxVersion/4.6.25714.03",
          "Microsoft.Azure.Management.Compute.ComputeManagementClient/18.0.0.0"
        ]
      },
      "ResponseBody": "{\r\n  \"startTime\": \"2018-05-03T11:13:51.2345182-07:00\",\r\n  \"status\": \"InProgress\",\r\n  \"name\": \"f0099fdd-7d85-484c-843a-2fe08751cf0d\"\r\n}",
      "ResponseHeaders": {
        "Content-Type": [
          "application/json; charset=utf-8"
        ],
        "Expires": [
          "-1"
        ],
        "Cache-Control": [
          "no-cache"
        ],
        "Date": [
          "Thu, 03 May 2018 18:14:01 GMT"
        ],
        "Pragma": [
          "no-cache"
        ],
        "Transfer-Encoding": [
          "chunked"
        ],
        "Retry-After": [
          "30"
        ],
        "Server": [
          "Microsoft-HTTPAPI/2.0",
          "Microsoft-HTTPAPI/2.0"
        ],
        "Vary": [
          "Accept-Encoding"
        ],
        "x-ms-ratelimit-remaining-resource": [
          "Microsoft.Compute/GetOperation3Min;14981,Microsoft.Compute/GetOperation30Min;29901"
        ],
        "Strict-Transport-Security": [
          "max-age=31536000; includeSubDomains"
        ],
        "x-ms-served-by": [
          "d8479ab9-b4a1-4ca4-bfe5-eb2106eeb54c_131698431315038144"
        ],
        "x-ms-request-id": [
          "19086a87-e62e-452b-9932-4fc062adc81f"
        ],
        "x-ms-ratelimit-remaining-subscription-reads": [
          "14966"
        ],
        "x-ms-correlation-request-id": [
          "2c07d4b2-c7f3-41ef-bf26-19c24a6d96cc"
        ],
        "x-ms-routing-request-id": [
          "WESTUS2:20180503T181401Z:2c07d4b2-c7f3-41ef-bf26-19c24a6d96cc"
        ],
        "X-Content-Type-Options": [
          "nosniff"
        ]
      },
      "StatusCode": 200
    },
    {
      "RequestUri": "/subscriptions/24fb23e3-6ba3-41f0-9b6e-e41131d5d61e/providers/Microsoft.Compute/locations/southeastasia/operations/f0099fdd-7d85-484c-843a-2fe08751cf0d?api-version=2018-04-01",
      "EncodedRequestUri": "L3N1YnNjcmlwdGlvbnMvMjRmYjIzZTMtNmJhMy00MWYwLTliNmUtZTQxMTMxZDVkNjFlL3Byb3ZpZGVycy9NaWNyb3NvZnQuQ29tcHV0ZS9sb2NhdGlvbnMvc291dGhlYXN0YXNpYS9vcGVyYXRpb25zL2YwMDk5ZmRkLTdkODUtNDg0Yy04NDNhLTJmZTA4NzUxY2YwZD9hcGktdmVyc2lvbj0yMDE4LTA0LTAx",
      "RequestMethod": "GET",
      "RequestBody": "",
      "RequestHeaders": {
        "User-Agent": [
          "FxVersion/4.6.25714.03",
          "Microsoft.Azure.Management.Compute.ComputeManagementClient/18.0.0.0"
        ]
      },
      "ResponseBody": "{\r\n  \"startTime\": \"2018-05-03T11:13:51.2345182-07:00\",\r\n  \"status\": \"InProgress\",\r\n  \"name\": \"f0099fdd-7d85-484c-843a-2fe08751cf0d\"\r\n}",
      "ResponseHeaders": {
        "Content-Type": [
          "application/json; charset=utf-8"
        ],
        "Expires": [
          "-1"
        ],
        "Cache-Control": [
          "no-cache"
        ],
        "Date": [
          "Thu, 03 May 2018 18:14:31 GMT"
        ],
        "Pragma": [
          "no-cache"
        ],
        "Transfer-Encoding": [
          "chunked"
        ],
        "Server": [
          "Microsoft-HTTPAPI/2.0",
          "Microsoft-HTTPAPI/2.0"
        ],
        "Vary": [
          "Accept-Encoding"
        ],
        "x-ms-ratelimit-remaining-resource": [
          "Microsoft.Compute/GetOperation3Min;14981,Microsoft.Compute/GetOperation30Min;29898"
        ],
        "Strict-Transport-Security": [
          "max-age=31536000; includeSubDomains"
        ],
        "x-ms-served-by": [
          "d8479ab9-b4a1-4ca4-bfe5-eb2106eeb54c_131698431315038144"
        ],
        "x-ms-request-id": [
          "4e257285-1256-4262-b5a0-12e253f568b0"
        ],
        "x-ms-ratelimit-remaining-subscription-reads": [
          "14965"
        ],
        "x-ms-correlation-request-id": [
          "24437045-8628-48e1-bf9c-5feb180afa59"
        ],
        "x-ms-routing-request-id": [
          "WESTUS2:20180503T181432Z:24437045-8628-48e1-bf9c-5feb180afa59"
        ],
        "X-Content-Type-Options": [
          "nosniff"
        ]
      },
      "StatusCode": 200
    },
    {
      "RequestUri": "/subscriptions/24fb23e3-6ba3-41f0-9b6e-e41131d5d61e/providers/Microsoft.Compute/locations/southeastasia/operations/f0099fdd-7d85-484c-843a-2fe08751cf0d?api-version=2018-04-01",
      "EncodedRequestUri": "L3N1YnNjcmlwdGlvbnMvMjRmYjIzZTMtNmJhMy00MWYwLTliNmUtZTQxMTMxZDVkNjFlL3Byb3ZpZGVycy9NaWNyb3NvZnQuQ29tcHV0ZS9sb2NhdGlvbnMvc291dGhlYXN0YXNpYS9vcGVyYXRpb25zL2YwMDk5ZmRkLTdkODUtNDg0Yy04NDNhLTJmZTA4NzUxY2YwZD9hcGktdmVyc2lvbj0yMDE4LTA0LTAx",
      "RequestMethod": "GET",
      "RequestBody": "",
      "RequestHeaders": {
        "User-Agent": [
          "FxVersion/4.6.25714.03",
          "Microsoft.Azure.Management.Compute.ComputeManagementClient/18.0.0.0"
        ]
      },
      "ResponseBody": "{\r\n  \"startTime\": \"2018-05-03T11:13:51.2345182-07:00\",\r\n  \"status\": \"InProgress\",\r\n  \"name\": \"f0099fdd-7d85-484c-843a-2fe08751cf0d\"\r\n}",
      "ResponseHeaders": {
        "Content-Type": [
          "application/json; charset=utf-8"
        ],
        "Expires": [
          "-1"
        ],
        "Cache-Control": [
          "no-cache"
        ],
        "Date": [
          "Thu, 03 May 2018 18:15:05 GMT"
        ],
        "Pragma": [
          "no-cache"
        ],
        "Transfer-Encoding": [
          "chunked"
        ],
        "Server": [
          "Microsoft-HTTPAPI/2.0",
          "Microsoft-HTTPAPI/2.0"
        ],
        "Vary": [
          "Accept-Encoding"
        ],
        "x-ms-ratelimit-remaining-resource": [
          "Microsoft.Compute/GetOperation3Min;14982,Microsoft.Compute/GetOperation30Min;29896"
        ],
        "Strict-Transport-Security": [
          "max-age=31536000; includeSubDomains"
        ],
        "x-ms-served-by": [
          "d8479ab9-b4a1-4ca4-bfe5-eb2106eeb54c_131698431315038144"
        ],
        "x-ms-request-id": [
          "c2ffecb7-681d-47f3-b084-46f4db6a8b4f"
        ],
        "x-ms-ratelimit-remaining-subscription-reads": [
          "14964"
        ],
        "x-ms-correlation-request-id": [
          "f64bc909-d05e-4f91-b192-a2eecc54507a"
        ],
        "x-ms-routing-request-id": [
          "WESTUS2:20180503T181505Z:f64bc909-d05e-4f91-b192-a2eecc54507a"
        ],
        "X-Content-Type-Options": [
          "nosniff"
        ]
      },
      "StatusCode": 200
    },
    {
      "RequestUri": "/subscriptions/24fb23e3-6ba3-41f0-9b6e-e41131d5d61e/providers/Microsoft.Compute/locations/southeastasia/operations/f0099fdd-7d85-484c-843a-2fe08751cf0d?api-version=2018-04-01",
      "EncodedRequestUri": "L3N1YnNjcmlwdGlvbnMvMjRmYjIzZTMtNmJhMy00MWYwLTliNmUtZTQxMTMxZDVkNjFlL3Byb3ZpZGVycy9NaWNyb3NvZnQuQ29tcHV0ZS9sb2NhdGlvbnMvc291dGhlYXN0YXNpYS9vcGVyYXRpb25zL2YwMDk5ZmRkLTdkODUtNDg0Yy04NDNhLTJmZTA4NzUxY2YwZD9hcGktdmVyc2lvbj0yMDE4LTA0LTAx",
      "RequestMethod": "GET",
      "RequestBody": "",
      "RequestHeaders": {
        "User-Agent": [
          "FxVersion/4.6.25714.03",
          "Microsoft.Azure.Management.Compute.ComputeManagementClient/18.0.0.0"
        ]
      },
      "ResponseBody": "{\r\n  \"startTime\": \"2018-05-03T11:13:51.2345182-07:00\",\r\n  \"status\": \"InProgress\",\r\n  \"name\": \"f0099fdd-7d85-484c-843a-2fe08751cf0d\"\r\n}",
      "ResponseHeaders": {
        "Content-Type": [
          "application/json; charset=utf-8"
        ],
        "Expires": [
          "-1"
        ],
        "Cache-Control": [
          "no-cache"
        ],
        "Date": [
          "Thu, 03 May 2018 18:15:37 GMT"
        ],
        "Pragma": [
          "no-cache"
        ],
        "Transfer-Encoding": [
          "chunked"
        ],
        "Server": [
          "Microsoft-HTTPAPI/2.0",
          "Microsoft-HTTPAPI/2.0"
        ],
        "Vary": [
          "Accept-Encoding"
        ],
        "x-ms-ratelimit-remaining-resource": [
          "Microsoft.Compute/GetOperation3Min;14983,Microsoft.Compute/GetOperation30Min;29893"
        ],
        "Strict-Transport-Security": [
          "max-age=31536000; includeSubDomains"
        ],
        "x-ms-served-by": [
          "d8479ab9-b4a1-4ca4-bfe5-eb2106eeb54c_131698431315038144"
        ],
        "x-ms-request-id": [
          "0777cfd4-52a9-4c03-a99b-a88b47bc17af"
        ],
        "x-ms-ratelimit-remaining-subscription-reads": [
          "14963"
        ],
        "x-ms-correlation-request-id": [
          "f5d299d1-d8af-40a6-8dff-cc5ae11b5641"
        ],
        "x-ms-routing-request-id": [
          "WESTUS2:20180503T181537Z:f5d299d1-d8af-40a6-8dff-cc5ae11b5641"
        ],
        "X-Content-Type-Options": [
          "nosniff"
        ]
      },
      "StatusCode": 200
    },
    {
      "RequestUri": "/subscriptions/24fb23e3-6ba3-41f0-9b6e-e41131d5d61e/providers/Microsoft.Compute/locations/southeastasia/operations/f0099fdd-7d85-484c-843a-2fe08751cf0d?api-version=2018-04-01",
      "EncodedRequestUri": "L3N1YnNjcmlwdGlvbnMvMjRmYjIzZTMtNmJhMy00MWYwLTliNmUtZTQxMTMxZDVkNjFlL3Byb3ZpZGVycy9NaWNyb3NvZnQuQ29tcHV0ZS9sb2NhdGlvbnMvc291dGhlYXN0YXNpYS9vcGVyYXRpb25zL2YwMDk5ZmRkLTdkODUtNDg0Yy04NDNhLTJmZTA4NzUxY2YwZD9hcGktdmVyc2lvbj0yMDE4LTA0LTAx",
      "RequestMethod": "GET",
      "RequestBody": "",
      "RequestHeaders": {
        "User-Agent": [
          "FxVersion/4.6.25714.03",
          "Microsoft.Azure.Management.Compute.ComputeManagementClient/18.0.0.0"
        ]
      },
      "ResponseBody": "{\r\n  \"startTime\": \"2018-05-03T11:13:51.2345182-07:00\",\r\n  \"status\": \"InProgress\",\r\n  \"name\": \"f0099fdd-7d85-484c-843a-2fe08751cf0d\"\r\n}",
      "ResponseHeaders": {
        "Content-Type": [
          "application/json; charset=utf-8"
        ],
        "Expires": [
          "-1"
        ],
        "Cache-Control": [
          "no-cache"
        ],
        "Date": [
          "Thu, 03 May 2018 18:16:10 GMT"
        ],
        "Pragma": [
          "no-cache"
        ],
        "Transfer-Encoding": [
          "chunked"
        ],
        "Server": [
          "Microsoft-HTTPAPI/2.0",
          "Microsoft-HTTPAPI/2.0"
        ],
        "Vary": [
          "Accept-Encoding"
        ],
        "x-ms-ratelimit-remaining-resource": [
          "Microsoft.Compute/GetOperation3Min;14983,Microsoft.Compute/GetOperation30Min;29890"
        ],
        "Strict-Transport-Security": [
          "max-age=31536000; includeSubDomains"
        ],
        "x-ms-served-by": [
          "d8479ab9-b4a1-4ca4-bfe5-eb2106eeb54c_131698431315038144"
        ],
        "x-ms-request-id": [
          "944fe7bf-48a0-4be6-96e7-d311450b7c80"
        ],
        "x-ms-ratelimit-remaining-subscription-reads": [
          "14962"
        ],
        "x-ms-correlation-request-id": [
          "e18dda9c-f9c6-44ff-91f0-0684631085b8"
        ],
        "x-ms-routing-request-id": [
          "WESTUS2:20180503T181611Z:e18dda9c-f9c6-44ff-91f0-0684631085b8"
        ],
        "X-Content-Type-Options": [
          "nosniff"
        ]
      },
      "StatusCode": 200
    },
    {
      "RequestUri": "/subscriptions/24fb23e3-6ba3-41f0-9b6e-e41131d5d61e/providers/Microsoft.Compute/locations/southeastasia/operations/f0099fdd-7d85-484c-843a-2fe08751cf0d?api-version=2018-04-01",
      "EncodedRequestUri": "L3N1YnNjcmlwdGlvbnMvMjRmYjIzZTMtNmJhMy00MWYwLTliNmUtZTQxMTMxZDVkNjFlL3Byb3ZpZGVycy9NaWNyb3NvZnQuQ29tcHV0ZS9sb2NhdGlvbnMvc291dGhlYXN0YXNpYS9vcGVyYXRpb25zL2YwMDk5ZmRkLTdkODUtNDg0Yy04NDNhLTJmZTA4NzUxY2YwZD9hcGktdmVyc2lvbj0yMDE4LTA0LTAx",
      "RequestMethod": "GET",
      "RequestBody": "",
      "RequestHeaders": {
        "User-Agent": [
          "FxVersion/4.6.25714.03",
          "Microsoft.Azure.Management.Compute.ComputeManagementClient/18.0.0.0"
        ]
      },
      "ResponseBody": "{\r\n  \"startTime\": \"2018-05-03T11:13:51.2345182-07:00\",\r\n  \"endTime\": \"2018-05-03T11:16:17.1563868-07:00\",\r\n  \"status\": \"Succeeded\",\r\n  \"name\": \"f0099fdd-7d85-484c-843a-2fe08751cf0d\"\r\n}",
      "ResponseHeaders": {
        "Content-Type": [
          "application/json; charset=utf-8"
        ],
        "Expires": [
          "-1"
        ],
        "Cache-Control": [
          "no-cache"
        ],
        "Date": [
          "Thu, 03 May 2018 18:16:41 GMT"
        ],
        "Pragma": [
          "no-cache"
        ],
        "Transfer-Encoding": [
          "chunked"
        ],
        "Server": [
          "Microsoft-HTTPAPI/2.0",
          "Microsoft-HTTPAPI/2.0"
        ],
        "Vary": [
          "Accept-Encoding"
        ],
        "x-ms-ratelimit-remaining-resource": [
          "Microsoft.Compute/GetOperation3Min;14984,Microsoft.Compute/GetOperation30Min;29888"
        ],
        "Strict-Transport-Security": [
          "max-age=31536000; includeSubDomains"
        ],
        "x-ms-served-by": [
          "d8479ab9-b4a1-4ca4-bfe5-eb2106eeb54c_131698431315038144"
        ],
        "x-ms-request-id": [
          "1ed20846-a075-4fe4-98b3-65a6254579e7"
        ],
        "x-ms-ratelimit-remaining-subscription-reads": [
          "14961"
        ],
        "x-ms-correlation-request-id": [
          "75c772a3-439a-4dff-81ea-c4ef80776367"
        ],
        "x-ms-routing-request-id": [
          "WESTUS2:20180503T181641Z:75c772a3-439a-4dff-81ea-c4ef80776367"
        ],
        "X-Content-Type-Options": [
          "nosniff"
        ]
      },
      "StatusCode": 200
    },
    {
      "RequestUri": "/subscriptions/24fb23e3-6ba3-41f0-9b6e-e41131d5d61e/providers/Microsoft.Compute/locations/southeastasia/operations/f0099fdd-7d85-484c-843a-2fe08751cf0d?monitor=true&api-version=2018-04-01",
      "EncodedRequestUri": "L3N1YnNjcmlwdGlvbnMvMjRmYjIzZTMtNmJhMy00MWYwLTliNmUtZTQxMTMxZDVkNjFlL3Byb3ZpZGVycy9NaWNyb3NvZnQuQ29tcHV0ZS9sb2NhdGlvbnMvc291dGhlYXN0YXNpYS9vcGVyYXRpb25zL2YwMDk5ZmRkLTdkODUtNDg0Yy04NDNhLTJmZTA4NzUxY2YwZD9tb25pdG9yPXRydWUmYXBpLXZlcnNpb249MjAxOC0wNC0wMQ==",
      "RequestMethod": "GET",
      "RequestBody": "",
      "RequestHeaders": {
        "User-Agent": [
          "FxVersion/4.6.25714.03",
          "Microsoft.Azure.Management.Compute.ComputeManagementClient/18.0.0.0"
        ]
      },
      "ResponseBody": "",
      "ResponseHeaders": {
        "Content-Length": [
          "0"
        ],
        "Expires": [
          "-1"
        ],
        "Cache-Control": [
          "no-cache"
        ],
        "Date": [
          "Thu, 03 May 2018 18:16:41 GMT"
        ],
        "Pragma": [
          "no-cache"
        ],
        "Server": [
          "Microsoft-HTTPAPI/2.0",
          "Microsoft-HTTPAPI/2.0"
        ],
        "x-ms-ratelimit-remaining-resource": [
          "Microsoft.Compute/GetOperation3Min;14983,Microsoft.Compute/GetOperation30Min;29887"
        ],
        "Strict-Transport-Security": [
          "max-age=31536000; includeSubDomains"
        ],
        "x-ms-served-by": [
          "d8479ab9-b4a1-4ca4-bfe5-eb2106eeb54c_131698431315038144"
        ],
        "x-ms-request-id": [
          "f33481c3-954d-4909-972e-46b11395c9c9"
        ],
        "x-ms-ratelimit-remaining-subscription-reads": [
          "14960"
        ],
        "x-ms-correlation-request-id": [
          "7e8112a5-c399-4123-be5d-6d64e521c51f"
        ],
        "x-ms-routing-request-id": [
          "WESTUS2:20180503T181641Z:7e8112a5-c399-4123-be5d-6d64e521c51f"
        ],
        "X-Content-Type-Options": [
          "nosniff"
        ]
      },
      "StatusCode": 200
    },
    {
      "RequestUri": "/subscriptions/24fb23e3-6ba3-41f0-9b6e-e41131d5d61e/resourcegroups/crptestar5245?api-version=2017-05-10",
      "EncodedRequestUri": "L3N1YnNjcmlwdGlvbnMvMjRmYjIzZTMtNmJhMy00MWYwLTliNmUtZTQxMTMxZDVkNjFlL3Jlc291cmNlZ3JvdXBzL2NycHRlc3RhcjUyNDU/YXBpLXZlcnNpb249MjAxNy0wNS0xMA==",
      "RequestMethod": "DELETE",
      "RequestBody": "",
      "RequestHeaders": {
        "x-ms-client-request-id": [
          "1b11e273-bd1e-40f3-83e2-b236b16cff27"
        ],
        "accept-language": [
          "en-US"
        ],
        "User-Agent": [
          "FxVersion/4.6.25714.03",
          "Microsoft.Azure.Management.ResourceManager.ResourceManagementClient/1.6.0.0"
        ]
      },
      "ResponseBody": "",
      "ResponseHeaders": {
        "Content-Length": [
          "0"
        ],
        "Expires": [
          "-1"
        ],
        "Cache-Control": [
          "no-cache"
        ],
        "Date": [
          "Thu, 03 May 2018 18:16:44 GMT"
        ],
        "Pragma": [
          "no-cache"
        ],
        "Location": [
          "https://management.azure.com/subscriptions/24fb23e3-6ba3-41f0-9b6e-e41131d5d61e/operationresults/eyJqb2JJZCI6IlJFU09VUkNFR1JPVVBERUxFVElPTkpPQi1DUlBURVNUQVI1MjQ1LVNPVVRIRUFTVEFTSUEiLCJqb2JMb2NhdGlvbiI6InNvdXRoZWFzdGFzaWEifQ?api-version=2017-05-10"
        ],
        "Retry-After": [
          "15"
        ],
        "x-ms-ratelimit-remaining-subscription-writes": [
          "1199"
        ],
        "x-ms-request-id": [
          "3bbd18f3-33fb-47a3-af45-6724d519c734"
        ],
        "x-ms-correlation-request-id": [
          "3bbd18f3-33fb-47a3-af45-6724d519c734"
        ],
        "x-ms-routing-request-id": [
          "WESTUS2:20180503T181644Z:3bbd18f3-33fb-47a3-af45-6724d519c734"
        ],
        "Strict-Transport-Security": [
          "max-age=31536000; includeSubDomains"
        ],
        "X-Content-Type-Options": [
          "nosniff"
        ]
      },
      "StatusCode": 202
    }
  ],
  "Names": {
    "TestVMBYOL": [
      "crptestar5245",
      "as186",
      "crptestar7203"
    ],
    "CreatePublicIP": [
      "pip8433",
      "dn1147"
    ],
    "CreateVNET": [
      "vn6767",
      "sn2680"
    ],
    "CreateNIC": [
      "nic5624",
      "ip828"
    ],
    "CreateDefaultVMInput": [
      "crptestar6255",
      "crptestar238",
      "crptestar972",
      "vm1739",
      "Microsoft.Compute/virtualMachines3981"
    ]
  },
  "Variables": {
    "SubscriptionId": "24fb23e3-6ba3-41f0-9b6e-e41131d5d61e"
  }
}