{
  "Entries": [
    {
      "RequestUri": "http://seanmcccanary3.blob.core.windows.net/test-filesystem-690baa09-288f-fa12-ca1b-d49a158ab53d?restype=container",
      "RequestMethod": "PUT",
      "RequestHeaders": {
        "Accept": "application/xml",
        "Authorization": "Sanitized",
        "traceparent": "00-951d63ff7b56f744a594e8bcc5217f2a-f9f85c8be44d7f47-00",
        "User-Agent": "azsdk-net-Storage.Files.DataLake/12.9.0-alpha.20220203.1 (.NET Framework 4.8.4420.0; Microsoft Windows 10.0.19044 )",
        "x-ms-blob-public-access": "container",
        "x-ms-client-request-id": "38ba9775-b917-13bd-302f-928afd20d604",
        "x-ms-date": "Thu, 03 Feb 2022 19:47:43 GMT",
        "x-ms-return-client-request-id": "true",
        "x-ms-version": "2021-06-08"
      },
      "RequestBody": null,
      "StatusCode": 201,
      "ResponseHeaders": {
        "Content-Length": "0",
        "Date": "Thu, 03 Feb 2022 19:47:42 GMT",
        "ETag": "\u00220x8D9E74E0B45FFD5\u0022",
        "Last-Modified": "Thu, 03 Feb 2022 19:47:43 GMT",
        "Server": "Windows-Azure-Blob/1.0 Microsoft-HTTPAPI/2.0",
        "x-ms-client-request-id": "38ba9775-b917-13bd-302f-928afd20d604",
        "x-ms-request-id": "a0e96f1d-c01e-0014-5336-1992ad000000",
        "x-ms-version": "2021-06-08"
      },
      "ResponseBody": []
    },
    {
      "RequestUri": "http://seanmcccanary3.blob.core.windows.net/test-filesystem-690baa09-288f-fa12-ca1b-d49a158ab53d?sv=2021-12-02\u0026ss=b\u0026srt=sco\u0026st=2022-02-03T18%3A47%3A43Z\u0026se=2022-02-03T20%3A47%3A43Z\u0026sp=rwdlac\u0026sig=Sanitized\u0026restype=container",
      "RequestMethod": "GET",
      "RequestHeaders": {
        "Accept": "application/xml",
        "traceparent": "00-7927057d8fe7bc41a0a257c7ad0c2df7-f567b0b6fe061748-00",
        "User-Agent": "azsdk-net-Storage.Files.DataLake/12.9.0-alpha.20220203.1 (.NET Framework 4.8.4420.0; Microsoft Windows 10.0.19044 )",
        "x-ms-client-request-id": "be368999-4383-548a-3eea-6be07e9e7835",
        "x-ms-return-client-request-id": "true",
        "x-ms-version": "2021-06-08"
      },
      "RequestBody": null,
      "StatusCode": 200,
      "ResponseHeaders": {
        "Content-Length": "0",
        "Date": "Thu, 03 Feb 2022 19:47:43 GMT",
        "ETag": "\u00220x8D9E74E0B45FFD5\u0022",
        "Last-Modified": "Thu, 03 Feb 2022 19:47:43 GMT",
        "Server": "Windows-Azure-Blob/1.0 Microsoft-HTTPAPI/2.0",
        "Vary": "Origin",
        "x-ms-blob-public-access": "container",
        "x-ms-client-request-id": "be368999-4383-548a-3eea-6be07e9e7835",
        "x-ms-default-encryption-scope": "$account-encryption-key",
        "x-ms-deny-encryption-scope-override": "false",
        "x-ms-has-immutability-policy": "false",
        "x-ms-has-legal-hold": "false",
        "x-ms-immutable-storage-with-versioning-enabled": "false",
        "x-ms-lease-state": "available",
        "x-ms-lease-status": "unlocked",
        "x-ms-request-id": "a0e96f5b-c01e-0014-0436-1992ad000000",
        "x-ms-version": "2021-06-08"
      },
      "ResponseBody": []
    },
    {
      "RequestUri": "http://seanmcccanary3.blob.core.windows.net/test-filesystem-690baa09-288f-fa12-ca1b-d49a158ab53d?restype=container",
      "RequestMethod": "DELETE",
      "RequestHeaders": {
        "Accept": "application/xml",
        "Authorization": "Sanitized",
        "traceparent": "00-61a9c79b8a620d4587116f79563e0f3b-4be91fc4e8954848-00",
        "User-Agent": "azsdk-net-Storage.Files.DataLake/12.9.0-alpha.20220203.1 (.NET Framework 4.8.4420.0; Microsoft Windows 10.0.19044 )",
        "x-ms-client-request-id": "11862d61-8ac4-1a6a-f4d0-3ee51146b4e7",
        "x-ms-date": "Thu, 03 Feb 2022 19:47:43 GMT",
        "x-ms-return-client-request-id": "true",
        "x-ms-version": "2021-06-08"
      },
      "RequestBody": null,
      "StatusCode": 202,
      "ResponseHeaders": {
        "Content-Length": "0",
        "Date": "Thu, 03 Feb 2022 19:47:43 GMT",
        "Server": "Windows-Azure-Blob/1.0 Microsoft-HTTPAPI/2.0",
        "x-ms-client-request-id": "11862d61-8ac4-1a6a-f4d0-3ee51146b4e7",
        "x-ms-request-id": "a0e96fa0-c01e-0014-3b36-1992ad000000",
        "x-ms-version": "2021-06-08"
      },
      "ResponseBody": []
    }
  ],
  "Variables": {
    "DateTimeOffsetNow": "2022-02-03T11:47:43.2705883-08:00",
    "RandomSeed": "1039413345",
    "Storage_TestConfigHierarchicalNamespace": "NamespaceTenant\nseanmcccanary3\nU2FuaXRpemVk\nhttp://seanmcccanary3.blob.core.windows.net\nhttp://seanmcccanary3.file.core.windows.net\nhttp://seanmcccanary3.queue.core.windows.net\nhttp://seanmcccanary3.table.core.windows.net\n\n\n\n\nhttp://seanmcccanary3-secondary.blob.core.windows.net\nhttp://seanmcccanary3-secondary.file.core.windows.net\nhttp://seanmcccanary3-secondary.queue.core.windows.net\nhttp://seanmcccanary3-secondary.table.core.windows.net\n\nSanitized\n\n\nCloud\nBlobEndpoint=http://seanmcccanary3.blob.core.windows.net/;QueueEndpoint=http://seanmcccanary3.queue.core.windows.net/;FileEndpoint=http://seanmcccanary3.file.core.windows.net/;BlobSecondaryEndpoint=http://seanmcccanary3-secondary.blob.core.windows.net/;QueueSecondaryEndpoint=http://seanmcccanary3-secondary.queue.core.windows.net/;FileSecondaryEndpoint=http://seanmcccanary3-secondary.file.core.windows.net/;AccountName=seanmcccanary3;AccountKey=Sanitized\n\n\n"
  }
}