{
  "Entries": [
    {
      "RequestUri": "/subscriptions/8fbd19e9-e8e0-4224-89f6-b1d5d86fb4c4/resourcegroups/cdnResourceGroup2027?api-version=2015-11-01",
      "EncodedRequestUri": "L3N1YnNjcmlwdGlvbnMvOGZiZDE5ZTktZThlMC00MjI0LTg5ZjYtYjFkNWQ4NmZiNGM0L3Jlc291cmNlZ3JvdXBzL2NkblJlc291cmNlR3JvdXAyMDI3P2FwaS12ZXJzaW9uPTIwMTUtMTEtMDE=",
      "RequestMethod": "PUT",
      "RequestBody": "{\r\n  \"location\": \"westus\"\r\n}",
      "RequestHeaders": {
        "Content-Type": [
          "application/json; charset=utf-8"
        ],
        "Content-Length": [
          "28"
        ],
        "x-ms-client-request-id": [
          "41f2d93d-6553-4e16-9bbc-8e55488e4051"
        ],
        "accept-language": [
          "en-US"
        ],
        "User-Agent": [
          "FxVersion/4.6.24410.01",
          "Microsoft.Azure.Management.Resources.ResourceManagementClient/1.0.0-preview"
        ]
      },
      "ResponseBody": "{\r\n  \"id\": \"/subscriptions/8fbd19e9-e8e0-4224-89f6-b1d5d86fb4c4/resourceGroups/cdnResourceGroup2027\",\r\n  \"name\": \"cdnResourceGroup2027\",\r\n  \"location\": \"westus\",\r\n  \"properties\": {\r\n    \"provisioningState\": \"Succeeded\"\r\n  }\r\n}",
      "ResponseHeaders": {
        "Content-Length": [
          "193"
        ],
        "Content-Type": [
          "application/json; charset=utf-8"
        ],
        "Expires": [
          "-1"
        ],
        "Cache-Control": [
          "no-cache"
        ],
        "Date": [
          "Wed, 02 Nov 2016 00:16:40 GMT"
        ],
        "Pragma": [
          "no-cache"
        ],
        "x-ms-ratelimit-remaining-subscription-writes": [
          "1198"
        ],
        "x-ms-request-id": [
          "54d8ea3d-3bcb-4cf4-9f74-8c3152ebd786"
        ],
        "x-ms-correlation-request-id": [
          "54d8ea3d-3bcb-4cf4-9f74-8c3152ebd786"
        ],
        "x-ms-routing-request-id": [
          "WESTUS2:20161102T001641Z:54d8ea3d-3bcb-4cf4-9f74-8c3152ebd786"
        ],
        "Strict-Transport-Security": [
          "max-age=31536000; includeSubDomains"
        ]
      },
      "StatusCode": 201
    },
    {
      "RequestUri": "/subscriptions/8fbd19e9-e8e0-4224-89f6-b1d5d86fb4c4/resourceGroups/cdnResourceGroup2027/providers/Microsoft.Cdn/profiles/profile617?api-version=2016-10-02",
      "EncodedRequestUri": "L3N1YnNjcmlwdGlvbnMvOGZiZDE5ZTktZThlMC00MjI0LTg5ZjYtYjFkNWQ4NmZiNGM0L3Jlc291cmNlR3JvdXBzL2NkblJlc291cmNlR3JvdXAyMDI3L3Byb3ZpZGVycy9NaWNyb3NvZnQuQ2RuL3Byb2ZpbGVzL3Byb2ZpbGU2MTc/YXBpLXZlcnNpb249MjAxNi0xMC0wMg==",
      "RequestMethod": "PUT",
      "RequestBody": "{\r\n  \"sku\": {\r\n    \"name\": \"Standard_Verizon\"\r\n  },\r\n  \"location\": \"WestUs\",\r\n  \"tags\": {\r\n    \"key1\": \"value1\",\r\n    \"key2\": \"value2\"\r\n  }\r\n}",
      "RequestHeaders": {
        "Content-Type": [
          "application/json; charset=utf-8"
        ],
        "Content-Length": [
          "142"
        ],
        "x-ms-client-request-id": [
          "8d7b7af4-df79-42b7-b055-01c52a6f8a2f"
        ],
        "accept-language": [
          "en-US"
        ],
        "User-Agent": [
          "FxVersion/4.6.24410.01",
          "Microsoft.Azure.Management.Cdn.CdnManagementClient/2.0.0"
        ]
      },
      "ResponseBody": "{\r\n  \"name\": \"profile617\",\r\n  \"id\": \"/subscriptions/8fbd19e9-e8e0-4224-89f6-b1d5d86fb4c4/resourcegroups/cdnResourceGroup2027/providers/Microsoft.Cdn/profiles/profile617\",\r\n  \"type\": \"Microsoft.Cdn/profiles\",\r\n  \"tags\": {\r\n    \"key1\": \"value1\",\r\n    \"key2\": \"value2\"\r\n  },\r\n  \"location\": \"WestUs\",\r\n  \"sku\": {\r\n    \"name\": \"Standard_Verizon\"\r\n  },\r\n  \"properties\": {\r\n    \"provisioningState\": \"Creating\",\r\n    \"resourceState\": \"Creating\"\r\n  }\r\n}",
      "ResponseHeaders": {
        "Content-Length": [
          "396"
        ],
        "Content-Type": [
          "application/json; odata.metadata=minimal"
        ],
        "Expires": [
          "-1"
        ],
        "Cache-Control": [
          "no-cache"
        ],
        "Date": [
          "Wed, 02 Nov 2016 00:16:43 GMT"
        ],
        "Pragma": [
          "no-cache"
        ],
        "Retry-After": [
          "10"
        ],
        "Server": [
          "Microsoft-IIS/8.5"
        ],
        "x-ms-request-id": [
          "f29eac0a-5e68-4d21-b74f-900466802fa0"
        ],
        "x-ms-client-request-id": [
          "8d7b7af4-df79-42b7-b055-01c52a6f8a2f"
        ],
        "Azure-AsyncOperation": [
          "https://management.azure.com/subscriptions/8fbd19e9-e8e0-4224-89f6-b1d5d86fb4c4/resourcegroups/cdnResourceGroup2027/providers/Microsoft.Cdn/operationresults/97663002-6310-4cc4-b72f-558b2c90e62b?api-version=2016-10-02"
        ],
        "OData-Version": [
          "4.0"
        ],
        "Strict-Transport-Security": [
          "max-age=31536000; includeSubDomains"
        ],
        "X-AspNet-Version": [
          "4.0.30319"
        ],
        "X-Powered-By": [
          "ASP.NET"
        ],
        "x-ms-ratelimit-remaining-subscription-writes": [
          "1193"
        ],
        "x-ms-correlation-request-id": [
          "e9a8fd65-96e0-4002-99c0-1c475d70193a"
        ],
        "x-ms-routing-request-id": [
          "WESTUS2:20161102T001643Z:e9a8fd65-96e0-4002-99c0-1c475d70193a"
        ]
      },
      "StatusCode": 201
    },
    {
      "RequestUri": "/subscriptions/8fbd19e9-e8e0-4224-89f6-b1d5d86fb4c4/resourcegroups/cdnResourceGroup2027/providers/Microsoft.Cdn/operationresults/97663002-6310-4cc4-b72f-558b2c90e62b?api-version=2016-10-02",
      "EncodedRequestUri": "L3N1YnNjcmlwdGlvbnMvOGZiZDE5ZTktZThlMC00MjI0LTg5ZjYtYjFkNWQ4NmZiNGM0L3Jlc291cmNlZ3JvdXBzL2NkblJlc291cmNlR3JvdXAyMDI3L3Byb3ZpZGVycy9NaWNyb3NvZnQuQ2RuL29wZXJhdGlvbnJlc3VsdHMvOTc2NjMwMDItNjMxMC00Y2M0LWI3MmYtNTU4YjJjOTBlNjJiP2FwaS12ZXJzaW9uPTIwMTYtMTAtMDI=",
      "RequestMethod": "GET",
      "RequestBody": "",
      "RequestHeaders": {
        "User-Agent": [
          "FxVersion/4.6.24410.01",
          "Microsoft.Azure.Management.Cdn.CdnManagementClient/2.0.0"
        ]
      },
      "ResponseBody": "{\r\n  \"status\": \"InProgress\",\r\n  \"error\": {\r\n    \"code\": \"None\",\r\n    \"message\": null\r\n  }\r\n}",
      "ResponseHeaders": {
        "Content-Type": [
          "application/json; odata.metadata=minimal; odata.streaming=true"
        ],
        "Expires": [
          "-1"
        ],
        "Cache-Control": [
          "no-cache"
        ],
        "Date": [
          "Wed, 02 Nov 2016 00:17:13 GMT"
        ],
        "Pragma": [
          "no-cache"
        ],
        "Transfer-Encoding": [
          "chunked"
        ],
        "Server": [
          "Microsoft-IIS/8.5"
        ],
        "Vary": [
          "Accept-Encoding"
        ],
        "x-ms-request-id": [
          "d9cf0182-97be-48fb-a6ba-c23aadd9f55c"
        ],
        "x-ms-client-request-id": [
          "a65b0a09-12a9-4a70-a40f-248438d63fd2"
        ],
        "OData-Version": [
          "4.0"
        ],
        "Strict-Transport-Security": [
          "max-age=31536000; includeSubDomains"
        ],
        "X-AspNet-Version": [
          "4.0.30319"
        ],
        "X-Powered-By": [
          "ASP.NET"
        ],
        "x-ms-ratelimit-remaining-subscription-reads": [
          "14984"
        ],
        "x-ms-correlation-request-id": [
          "d751ec9c-0e47-4868-b5c4-2eac4810fbe0"
        ],
        "x-ms-routing-request-id": [
          "WESTUS2:20161102T001713Z:d751ec9c-0e47-4868-b5c4-2eac4810fbe0"
        ]
      },
      "StatusCode": 200
    },
    {
      "RequestUri": "/subscriptions/8fbd19e9-e8e0-4224-89f6-b1d5d86fb4c4/resourcegroups/cdnResourceGroup2027/providers/Microsoft.Cdn/operationresults/97663002-6310-4cc4-b72f-558b2c90e62b?api-version=2016-10-02",
      "EncodedRequestUri": "L3N1YnNjcmlwdGlvbnMvOGZiZDE5ZTktZThlMC00MjI0LTg5ZjYtYjFkNWQ4NmZiNGM0L3Jlc291cmNlZ3JvdXBzL2NkblJlc291cmNlR3JvdXAyMDI3L3Byb3ZpZGVycy9NaWNyb3NvZnQuQ2RuL29wZXJhdGlvbnJlc3VsdHMvOTc2NjMwMDItNjMxMC00Y2M0LWI3MmYtNTU4YjJjOTBlNjJiP2FwaS12ZXJzaW9uPTIwMTYtMTAtMDI=",
      "RequestMethod": "GET",
      "RequestBody": "",
      "RequestHeaders": {
        "User-Agent": [
          "FxVersion/4.6.24410.01",
          "Microsoft.Azure.Management.Cdn.CdnManagementClient/2.0.0"
        ]
      },
      "ResponseBody": "{\r\n  \"status\": \"Succeeded\",\r\n  \"error\": {\r\n    \"code\": \"None\",\r\n    \"message\": null\r\n  }\r\n}",
      "ResponseHeaders": {
        "Content-Type": [
          "application/json; odata.metadata=minimal; odata.streaming=true"
        ],
        "Expires": [
          "-1"
        ],
        "Cache-Control": [
          "no-cache"
        ],
        "Date": [
          "Wed, 02 Nov 2016 00:17:43 GMT"
        ],
        "Pragma": [
          "no-cache"
        ],
        "Transfer-Encoding": [
          "chunked"
        ],
        "Server": [
          "Microsoft-IIS/8.5"
        ],
        "Vary": [
          "Accept-Encoding"
        ],
        "x-ms-request-id": [
          "694cccd5-01d5-42a8-9fa9-a6ce2fdd092b"
        ],
        "x-ms-client-request-id": [
          "8084e261-3f47-4c6e-a996-4593ca44fc96"
        ],
        "OData-Version": [
          "4.0"
        ],
        "Strict-Transport-Security": [
          "max-age=31536000; includeSubDomains"
        ],
        "X-AspNet-Version": [
          "4.0.30319"
        ],
        "X-Powered-By": [
          "ASP.NET"
        ],
        "x-ms-ratelimit-remaining-subscription-reads": [
          "14983"
        ],
        "x-ms-correlation-request-id": [
          "52f71df0-9eb0-44e6-9223-5d6746b1314f"
        ],
        "x-ms-routing-request-id": [
          "WESTUS2:20161102T001744Z:52f71df0-9eb0-44e6-9223-5d6746b1314f"
        ]
      },
      "StatusCode": 200
    },
    {
      "RequestUri": "/subscriptions/8fbd19e9-e8e0-4224-89f6-b1d5d86fb4c4/resourceGroups/cdnResourceGroup2027/providers/Microsoft.Cdn/profiles/profile617?api-version=2016-10-02",
      "EncodedRequestUri": "L3N1YnNjcmlwdGlvbnMvOGZiZDE5ZTktZThlMC00MjI0LTg5ZjYtYjFkNWQ4NmZiNGM0L3Jlc291cmNlR3JvdXBzL2NkblJlc291cmNlR3JvdXAyMDI3L3Byb3ZpZGVycy9NaWNyb3NvZnQuQ2RuL3Byb2ZpbGVzL3Byb2ZpbGU2MTc/YXBpLXZlcnNpb249MjAxNi0xMC0wMg==",
      "RequestMethod": "GET",
      "RequestBody": "",
      "RequestHeaders": {
        "User-Agent": [
          "FxVersion/4.6.24410.01",
          "Microsoft.Azure.Management.Cdn.CdnManagementClient/2.0.0"
        ]
      },
      "ResponseBody": "{\r\n  \"name\": \"profile617\",\r\n  \"id\": \"/subscriptions/8fbd19e9-e8e0-4224-89f6-b1d5d86fb4c4/resourcegroups/cdnResourceGroup2027/providers/Microsoft.Cdn/profiles/profile617\",\r\n  \"type\": \"Microsoft.Cdn/profiles\",\r\n  \"tags\": {\r\n    \"key1\": \"value1\",\r\n    \"key2\": \"value2\"\r\n  },\r\n  \"location\": \"WestUs\",\r\n  \"sku\": {\r\n    \"name\": \"Standard_Verizon\"\r\n  },\r\n  \"properties\": {\r\n    \"provisioningState\": \"Succeeded\",\r\n    \"resourceState\": \"Active\"\r\n  }\r\n}",
      "ResponseHeaders": {
        "Content-Type": [
          "application/json; odata.metadata=minimal; odata.streaming=true"
        ],
        "Expires": [
          "-1"
        ],
        "Cache-Control": [
          "no-cache"
        ],
        "Date": [
          "Wed, 02 Nov 2016 00:17:44 GMT"
        ],
        "Pragma": [
          "no-cache"
        ],
        "Transfer-Encoding": [
          "chunked"
        ],
        "Server": [
          "Microsoft-IIS/8.5"
        ],
        "Vary": [
          "Accept-Encoding"
        ],
        "x-ms-request-id": [
          "0dbd69e0-dea5-4cea-ad59-ef54a1206536"
        ],
        "x-ms-client-request-id": [
          "ca4c67b4-64f1-4a14-8e7e-6bef60f06d06"
        ],
        "OData-Version": [
          "4.0"
        ],
        "Strict-Transport-Security": [
          "max-age=31536000; includeSubDomains"
        ],
        "X-AspNet-Version": [
          "4.0.30319"
        ],
        "X-Powered-By": [
          "ASP.NET"
        ],
        "x-ms-ratelimit-remaining-subscription-reads": [
          "14982"
        ],
        "x-ms-correlation-request-id": [
          "d463dee5-4312-4aa0-a9b5-0068c0295042"
        ],
        "x-ms-routing-request-id": [
          "WESTUS2:20161102T001744Z:d463dee5-4312-4aa0-a9b5-0068c0295042"
        ]
      },
      "StatusCode": 200
    },
    {
      "RequestUri": "/subscriptions/8fbd19e9-e8e0-4224-89f6-b1d5d86fb4c4/resourceGroups/cdnResourceGroup2027/providers/Microsoft.Cdn/profiles/profile617?api-version=2016-10-02",
      "EncodedRequestUri": "L3N1YnNjcmlwdGlvbnMvOGZiZDE5ZTktZThlMC00MjI0LTg5ZjYtYjFkNWQ4NmZiNGM0L3Jlc291cmNlR3JvdXBzL2NkblJlc291cmNlR3JvdXAyMDI3L3Byb3ZpZGVycy9NaWNyb3NvZnQuQ2RuL3Byb2ZpbGVzL3Byb2ZpbGU2MTc/YXBpLXZlcnNpb249MjAxNi0xMC0wMg==",
      "RequestMethod": "DELETE",
      "RequestBody": "",
      "RequestHeaders": {
        "x-ms-client-request-id": [
          "1e0f6b3e-b775-480b-a2ae-67671879f335"
        ],
        "accept-language": [
          "en-US"
        ],
        "User-Agent": [
          "FxVersion/4.6.24410.01",
          "Microsoft.Azure.Management.Cdn.CdnManagementClient/2.0.0"
        ]
      },
      "ResponseBody": "",
      "ResponseHeaders": {
        "Content-Length": [
          "0"
        ],
        "Expires": [
          "-1"
        ],
        "Cache-Control": [
          "no-cache"
        ],
        "Date": [
          "Wed, 02 Nov 2016 00:17:44 GMT"
        ],
        "Pragma": [
          "no-cache"
        ],
        "Location": [
          "https://management.azure.com/subscriptions/8fbd19e9-e8e0-4224-89f6-b1d5d86fb4c4/resourcegroups/cdnResourceGroup2027/providers/Microsoft.Cdn/operationresults/465f892c-0939-48bd-97d7-75f9c4342183/profileresults/profile617?api-version=2016-10-02"
        ],
        "Retry-After": [
          "10"
        ],
        "Server": [
          "Microsoft-IIS/8.5"
        ],
        "x-ms-request-id": [
          "3a95a150-17f7-4363-a073-e2523fd5c209"
        ],
        "x-ms-client-request-id": [
          "1e0f6b3e-b775-480b-a2ae-67671879f335"
        ],
        "Azure-AsyncOperation": [
          "https://management.azure.com/subscriptions/8fbd19e9-e8e0-4224-89f6-b1d5d86fb4c4/resourcegroups/cdnResourceGroup2027/providers/Microsoft.Cdn/operationresults/465f892c-0939-48bd-97d7-75f9c4342183?api-version=2016-10-02"
        ],
        "Strict-Transport-Security": [
          "max-age=31536000; includeSubDomains"
        ],
        "X-AspNet-Version": [
          "4.0.30319"
        ],
        "X-Powered-By": [
          "ASP.NET"
        ],
        "x-ms-ratelimit-remaining-subscription-writes": [
          "1192"
        ],
        "x-ms-correlation-request-id": [
          "388c26a7-c385-46a5-a522-694a3f6ad333"
        ],
        "x-ms-routing-request-id": [
          "WESTUS2:20161102T001745Z:388c26a7-c385-46a5-a522-694a3f6ad333"
        ]
      },
      "StatusCode": 202
    },
    {
      "RequestUri": "/subscriptions/8fbd19e9-e8e0-4224-89f6-b1d5d86fb4c4/resourceGroups/cdnResourceGroup2027/providers/Microsoft.Cdn/profiles/profile617?api-version=2016-10-02",
      "EncodedRequestUri": "L3N1YnNjcmlwdGlvbnMvOGZiZDE5ZTktZThlMC00MjI0LTg5ZjYtYjFkNWQ4NmZiNGM0L3Jlc291cmNlR3JvdXBzL2NkblJlc291cmNlR3JvdXAyMDI3L3Byb3ZpZGVycy9NaWNyb3NvZnQuQ2RuL3Byb2ZpbGVzL3Byb2ZpbGU2MTc/YXBpLXZlcnNpb249MjAxNi0xMC0wMg==",
      "RequestMethod": "DELETE",
      "RequestBody": "",
      "RequestHeaders": {
        "x-ms-client-request-id": [
          "9f8b80df-e831-434a-a58b-ecef5b300149"
        ],
        "accept-language": [
          "en-US"
        ],
        "User-Agent": [
          "FxVersion/4.6.24410.01",
          "Microsoft.Azure.Management.Cdn.CdnManagementClient/2.0.0"
        ]
      },
      "ResponseBody": "",
      "ResponseHeaders": {
        "Expires": [
          "-1"
        ],
        "Cache-Control": [
          "no-cache"
        ],
        "Date": [
          "Wed, 02 Nov 2016 00:18:15 GMT"
        ],
        "Pragma": [
          "no-cache"
        ],
        "x-ms-ratelimit-remaining-subscription-writes": [
          "1191"
        ],
        "x-ms-request-id": [
          "2462e421-166d-4d50-98c0-b5b9d1b3db0b"
        ],
        "x-ms-correlation-request-id": [
          "2462e421-166d-4d50-98c0-b5b9d1b3db0b"
        ],
        "x-ms-routing-request-id": [
          "WESTUS2:20161102T001816Z:2462e421-166d-4d50-98c0-b5b9d1b3db0b"
        ],
        "Strict-Transport-Security": [
          "max-age=31536000; includeSubDomains"
        ]
      },
      "StatusCode": 204
    },
    {
      "RequestUri": "/subscriptions/8fbd19e9-e8e0-4224-89f6-b1d5d86fb4c4/resourcegroups/cdnResourceGroup2027/providers/Microsoft.Cdn/operationresults/465f892c-0939-48bd-97d7-75f9c4342183?api-version=2016-10-02",
      "EncodedRequestUri": "L3N1YnNjcmlwdGlvbnMvOGZiZDE5ZTktZThlMC00MjI0LTg5ZjYtYjFkNWQ4NmZiNGM0L3Jlc291cmNlZ3JvdXBzL2NkblJlc291cmNlR3JvdXAyMDI3L3Byb3ZpZGVycy9NaWNyb3NvZnQuQ2RuL29wZXJhdGlvbnJlc3VsdHMvNDY1Zjg5MmMtMDkzOS00OGJkLTk3ZDctNzVmOWM0MzQyMTgzP2FwaS12ZXJzaW9uPTIwMTYtMTAtMDI=",
      "RequestMethod": "GET",
      "RequestBody": "",
      "RequestHeaders": {
        "User-Agent": [
          "FxVersion/4.6.24410.01",
          "Microsoft.Azure.Management.Cdn.CdnManagementClient/2.0.0"
        ]
      },
      "ResponseBody": "{\r\n  \"status\": \"Succeeded\",\r\n  \"error\": {\r\n    \"code\": \"None\",\r\n    \"message\": null\r\n  }\r\n}",
      "ResponseHeaders": {
        "Content-Type": [
          "application/json; odata.metadata=minimal; odata.streaming=true"
        ],
        "Expires": [
          "-1"
        ],
        "Cache-Control": [
          "no-cache"
        ],
        "Date": [
          "Wed, 02 Nov 2016 00:18:14 GMT"
        ],
        "Pragma": [
          "no-cache"
        ],
        "Transfer-Encoding": [
          "chunked"
        ],
        "Server": [
          "Microsoft-IIS/8.5"
        ],
        "Vary": [
          "Accept-Encoding"
        ],
        "x-ms-request-id": [
          "eb4143cb-118d-42ac-bd80-2b35431641e6"
        ],
        "x-ms-client-request-id": [
          "401d57eb-5d54-4e0f-b269-466f9dc27f05"
        ],
        "OData-Version": [
          "4.0"
        ],
        "Strict-Transport-Security": [
          "max-age=31536000; includeSubDomains"
        ],
        "X-AspNet-Version": [
          "4.0.30319"
        ],
        "X-Powered-By": [
          "ASP.NET"
        ],
        "x-ms-ratelimit-remaining-subscription-reads": [
          "14981"
        ],
        "x-ms-correlation-request-id": [
          "aba321bc-db7e-4ce8-a826-27da1147c617"
        ],
        "x-ms-routing-request-id": [
          "WESTUS2:20161102T001815Z:aba321bc-db7e-4ce8-a826-27da1147c617"
        ]
      },
      "StatusCode": 200
    },
    {
      "RequestUri": "/subscriptions/8fbd19e9-e8e0-4224-89f6-b1d5d86fb4c4/resourceGroups/cdnResourceGroup2027/providers/Microsoft.Cdn/profiles?api-version=2016-10-02",
      "EncodedRequestUri": "L3N1YnNjcmlwdGlvbnMvOGZiZDE5ZTktZThlMC00MjI0LTg5ZjYtYjFkNWQ4NmZiNGM0L3Jlc291cmNlR3JvdXBzL2NkblJlc291cmNlR3JvdXAyMDI3L3Byb3ZpZGVycy9NaWNyb3NvZnQuQ2RuL3Byb2ZpbGVzP2FwaS12ZXJzaW9uPTIwMTYtMTAtMDI=",
      "RequestMethod": "GET",
      "RequestBody": "",
      "RequestHeaders": {
        "x-ms-client-request-id": [
          "0d33fa28-d2fa-42ab-9971-51717a8fcdcc"
        ],
        "accept-language": [
          "en-US"
        ],
        "User-Agent": [
          "FxVersion/4.6.24410.01",
          "Microsoft.Azure.Management.Cdn.CdnManagementClient/2.0.0"
        ]
      },
      "ResponseBody": "{\r\n  \"value\": []\r\n}",
      "ResponseHeaders": {
        "Content-Type": [
          "application/json; odata.metadata=minimal; odata.streaming=true"
        ],
        "Expires": [
          "-1"
        ],
        "Cache-Control": [
          "no-cache"
        ],
        "Date": [
          "Wed, 02 Nov 2016 00:18:15 GMT"
        ],
        "Pragma": [
          "no-cache"
        ],
        "Transfer-Encoding": [
          "chunked"
        ],
        "Server": [
          "Microsoft-IIS/8.5"
        ],
        "Vary": [
          "Accept-Encoding"
        ],
        "x-ms-request-id": [
          "29b6dd21-39ea-4182-8511-d04ef2567a85"
        ],
        "x-ms-client-request-id": [
          "0d33fa28-d2fa-42ab-9971-51717a8fcdcc"
        ],
        "OData-Version": [
          "4.0"
        ],
        "Strict-Transport-Security": [
          "max-age=31536000; includeSubDomains"
        ],
        "X-AspNet-Version": [
          "4.0.30319"
        ],
        "X-Powered-By": [
          "ASP.NET"
        ],
        "x-ms-ratelimit-remaining-subscription-reads": [
          "14980"
        ],
        "x-ms-correlation-request-id": [
          "d1d9d5ae-1a20-4f03-ab26-1911a36c921d"
        ],
        "x-ms-routing-request-id": [
          "WESTUS2:20161102T001815Z:d1d9d5ae-1a20-4f03-ab26-1911a36c921d"
        ]
      },
      "StatusCode": 200
    },
    {
      "RequestUri": "/subscriptions/8fbd19e9-e8e0-4224-89f6-b1d5d86fb4c4/resourceGroups/cdnResourceGroup2027/providers/Microsoft.Cdn/profiles?api-version=2016-10-02",
      "EncodedRequestUri": "L3N1YnNjcmlwdGlvbnMvOGZiZDE5ZTktZThlMC00MjI0LTg5ZjYtYjFkNWQ4NmZiNGM0L3Jlc291cmNlR3JvdXBzL2NkblJlc291cmNlR3JvdXAyMDI3L3Byb3ZpZGVycy9NaWNyb3NvZnQuQ2RuL3Byb2ZpbGVzP2FwaS12ZXJzaW9uPTIwMTYtMTAtMDI=",
      "RequestMethod": "GET",
      "RequestBody": "",
      "RequestHeaders": {
        "x-ms-client-request-id": [
          "bf229224-6a6c-4d9a-9a67-77521a1b58e1"
        ],
        "accept-language": [
          "en-US"
        ],
        "User-Agent": [
          "FxVersion/4.6.24410.01",
          "Microsoft.Azure.Management.Cdn.CdnManagementClient/2.0.0"
        ]
      },
      "ResponseBody": "{\r\n  \"value\": []\r\n}",
      "ResponseHeaders": {
        "Content-Type": [
          "application/json; odata.metadata=minimal; odata.streaming=true"
        ],
        "Expires": [
          "-1"
        ],
        "Cache-Control": [
          "no-cache"
        ],
        "Date": [
          "Wed, 02 Nov 2016 00:19:49 GMT"
        ],
        "Pragma": [
          "no-cache"
        ],
        "Transfer-Encoding": [
          "chunked"
        ],
        "Server": [
          "Microsoft-IIS/8.5"
        ],
        "Vary": [
          "Accept-Encoding"
        ],
        "x-ms-request-id": [
          "a274ee5e-30e5-45b0-807f-e87fcaf564d5"
        ],
        "x-ms-client-request-id": [
          "bf229224-6a6c-4d9a-9a67-77521a1b58e1"
        ],
        "OData-Version": [
          "4.0"
        ],
        "Strict-Transport-Security": [
          "max-age=31536000; includeSubDomains"
        ],
        "X-AspNet-Version": [
          "4.0.30319"
        ],
        "X-Powered-By": [
          "ASP.NET"
        ],
        "x-ms-ratelimit-remaining-subscription-reads": [
          "14986"
        ],
        "x-ms-correlation-request-id": [
          "380da82c-c8cb-422d-b511-4940ea6a2541"
        ],
        "x-ms-routing-request-id": [
          "WESTUS2:20161102T001950Z:380da82c-c8cb-422d-b511-4940ea6a2541"
        ]
      },
      "StatusCode": 200
    },
    {
      "RequestUri": "/subscriptions/8fbd19e9-e8e0-4224-89f6-b1d5d86fb4c4/resourceGroups/cdnResourceGroup2027/providers/Microsoft.Cdn/profiles/profile3063?api-version=2016-10-02",
      "EncodedRequestUri": "L3N1YnNjcmlwdGlvbnMvOGZiZDE5ZTktZThlMC00MjI0LTg5ZjYtYjFkNWQ4NmZiNGM0L3Jlc291cmNlR3JvdXBzL2NkblJlc291cmNlR3JvdXAyMDI3L3Byb3ZpZGVycy9NaWNyb3NvZnQuQ2RuL3Byb2ZpbGVzL3Byb2ZpbGUzMDYzP2FwaS12ZXJzaW9uPTIwMTYtMTAtMDI=",
      "RequestMethod": "PUT",
      "RequestBody": "{\r\n  \"sku\": {\r\n    \"name\": \"Standard_Verizon\"\r\n  },\r\n  \"location\": \"WestUs\",\r\n  \"tags\": {\r\n    \"key1\": \"value1\",\r\n    \"key2\": \"value2\"\r\n  }\r\n}",
      "RequestHeaders": {
        "Content-Type": [
          "application/json; charset=utf-8"
        ],
        "Content-Length": [
          "142"
        ],
        "x-ms-client-request-id": [
          "7e99d8c4-c76f-4217-8a8a-8200d11c2cc1"
        ],
        "accept-language": [
          "en-US"
        ],
        "User-Agent": [
          "FxVersion/4.6.24410.01",
          "Microsoft.Azure.Management.Cdn.CdnManagementClient/2.0.0"
        ]
      },
      "ResponseBody": "{\r\n  \"name\": \"profile3063\",\r\n  \"id\": \"/subscriptions/8fbd19e9-e8e0-4224-89f6-b1d5d86fb4c4/resourcegroups/cdnResourceGroup2027/providers/Microsoft.Cdn/profiles/profile3063\",\r\n  \"type\": \"Microsoft.Cdn/profiles\",\r\n  \"tags\": {\r\n    \"key1\": \"value1\",\r\n    \"key2\": \"value2\"\r\n  },\r\n  \"location\": \"WestUs\",\r\n  \"sku\": {\r\n    \"name\": \"Standard_Verizon\"\r\n  },\r\n  \"properties\": {\r\n    \"provisioningState\": \"Creating\",\r\n    \"resourceState\": \"Creating\"\r\n  }\r\n}",
      "ResponseHeaders": {
        "Content-Length": [
          "398"
        ],
        "Content-Type": [
          "application/json; odata.metadata=minimal"
        ],
        "Expires": [
          "-1"
        ],
        "Cache-Control": [
          "no-cache"
        ],
        "Date": [
          "Wed, 02 Nov 2016 00:18:16 GMT"
        ],
        "Pragma": [
          "no-cache"
        ],
        "Retry-After": [
          "10"
        ],
        "Server": [
          "Microsoft-IIS/8.5"
        ],
        "x-ms-request-id": [
          "0339daeb-688b-4f4d-8e60-a2b0a2e1dbf3"
        ],
        "x-ms-client-request-id": [
          "7e99d8c4-c76f-4217-8a8a-8200d11c2cc1"
        ],
        "Azure-AsyncOperation": [
          "https://management.azure.com/subscriptions/8fbd19e9-e8e0-4224-89f6-b1d5d86fb4c4/resourcegroups/cdnResourceGroup2027/providers/Microsoft.Cdn/operationresults/00e1c078-464d-402e-b465-e6ad3f17d856?api-version=2016-10-02"
        ],
        "OData-Version": [
          "4.0"
        ],
        "Strict-Transport-Security": [
          "max-age=31536000; includeSubDomains"
        ],
        "X-AspNet-Version": [
          "4.0.30319"
        ],
        "X-Powered-By": [
          "ASP.NET"
        ],
        "x-ms-ratelimit-remaining-subscription-writes": [
          "1190"
        ],
        "x-ms-correlation-request-id": [
          "6277d9c7-ddd5-44b5-83b7-cb7d36e54308"
        ],
        "x-ms-routing-request-id": [
          "WESTUS2:20161102T001817Z:6277d9c7-ddd5-44b5-83b7-cb7d36e54308"
        ]
      },
      "StatusCode": 201
    },
    {
      "RequestUri": "/subscriptions/8fbd19e9-e8e0-4224-89f6-b1d5d86fb4c4/resourceGroups/cdnResourceGroup2027/providers/Microsoft.Cdn/profiles/profile3063?api-version=2016-10-02",
      "EncodedRequestUri": "L3N1YnNjcmlwdGlvbnMvOGZiZDE5ZTktZThlMC00MjI0LTg5ZjYtYjFkNWQ4NmZiNGM0L3Jlc291cmNlR3JvdXBzL2NkblJlc291cmNlR3JvdXAyMDI3L3Byb3ZpZGVycy9NaWNyb3NvZnQuQ2RuL3Byb2ZpbGVzL3Byb2ZpbGUzMDYzP2FwaS12ZXJzaW9uPTIwMTYtMTAtMDI=",
      "RequestMethod": "DELETE",
      "RequestBody": "",
      "RequestHeaders": {
        "x-ms-client-request-id": [
          "1fc192aa-ae0b-4116-a7cd-f31cd24f1ae7"
        ],
        "accept-language": [
          "en-US"
        ],
        "User-Agent": [
          "FxVersion/4.6.24410.01",
          "Microsoft.Azure.Management.Cdn.CdnManagementClient/2.0.0"
        ]
      },
      "ResponseBody": "{\r\n  \"error\": {\r\n    \"code\": \"BadRequest\",\r\n    \"message\": \"The requested operation cannot be executed on the entity in the current state.\"\r\n  }\r\n}",
      "ResponseHeaders": {
        "Content-Length": [
          "147"
        ],
        "Content-Type": [
          "application/json; charset=utf-8"
        ],
        "Content-Language": [
          "en-US"
        ],
        "Expires": [
          "-1"
        ],
        "Cache-Control": [
          "no-cache"
        ],
        "Date": [
          "Wed, 02 Nov 2016 00:18:16 GMT"
        ],
        "Pragma": [
          "no-cache"
        ],
        "Server": [
          "Microsoft-IIS/8.5"
        ],
        "x-ms-request-id": [
          "c7fbbc69-53a8-49b4-a16b-8888ed527175"
        ],
        "x-ms-client-request-id": [
          "1fc192aa-ae0b-4116-a7cd-f31cd24f1ae7"
        ],
        "Strict-Transport-Security": [
          "max-age=31536000; includeSubDomains"
        ],
        "X-AspNet-Version": [
          "4.0.30319"
        ],
        "X-Powered-By": [
          "ASP.NET"
        ],
        "x-ms-ratelimit-remaining-subscription-writes": [
          "1189"
        ],
        "x-ms-correlation-request-id": [
          "49a3cf17-6c96-42b4-8d5c-c18bc9fe94ec"
        ],
        "x-ms-routing-request-id": [
          "WESTUS2:20161102T001817Z:49a3cf17-6c96-42b4-8d5c-c18bc9fe94ec"
        ]
      },
      "StatusCode": 400
    },
    {
      "RequestUri": "/subscriptions/8fbd19e9-e8e0-4224-89f6-b1d5d86fb4c4/resourceGroups/cdnResourceGroup2027/providers/Microsoft.Cdn/profiles/profile3063?api-version=2016-10-02",
      "EncodedRequestUri": "L3N1YnNjcmlwdGlvbnMvOGZiZDE5ZTktZThlMC00MjI0LTg5ZjYtYjFkNWQ4NmZiNGM0L3Jlc291cmNlR3JvdXBzL2NkblJlc291cmNlR3JvdXAyMDI3L3Byb3ZpZGVycy9NaWNyb3NvZnQuQ2RuL3Byb2ZpbGVzL3Byb2ZpbGUzMDYzP2FwaS12ZXJzaW9uPTIwMTYtMTAtMDI=",
      "RequestMethod": "DELETE",
      "RequestBody": "",
      "RequestHeaders": {
        "x-ms-client-request-id": [
          "cb1e0639-321b-45e9-82ef-fe1b4b29955f"
        ],
        "accept-language": [
          "en-US"
        ],
        "User-Agent": [
          "FxVersion/4.6.24410.01",
          "Microsoft.Azure.Management.Cdn.CdnManagementClient/2.0.0"
        ]
      },
      "ResponseBody": "",
      "ResponseHeaders": {
        "Content-Length": [
          "0"
        ],
        "Expires": [
          "-1"
        ],
        "Cache-Control": [
          "no-cache"
        ],
        "Date": [
          "Wed, 02 Nov 2016 00:19:17 GMT"
        ],
        "Pragma": [
          "no-cache"
        ],
        "Location": [
          "https://management.azure.com/subscriptions/8fbd19e9-e8e0-4224-89f6-b1d5d86fb4c4/resourcegroups/cdnResourceGroup2027/providers/Microsoft.Cdn/operationresults/49868a7c-e271-4aff-91de-944ba4eec2ee/profileresults/profile3063?api-version=2016-10-02"
        ],
        "Retry-After": [
          "10"
        ],
        "Server": [
          "Microsoft-IIS/8.5"
        ],
        "x-ms-request-id": [
          "6cd299a0-d11d-41f1-a92c-42683a7a2e4a"
        ],
        "x-ms-client-request-id": [
          "cb1e0639-321b-45e9-82ef-fe1b4b29955f"
        ],
        "Azure-AsyncOperation": [
          "https://management.azure.com/subscriptions/8fbd19e9-e8e0-4224-89f6-b1d5d86fb4c4/resourcegroups/cdnResourceGroup2027/providers/Microsoft.Cdn/operationresults/49868a7c-e271-4aff-91de-944ba4eec2ee?api-version=2016-10-02"
        ],
        "Strict-Transport-Security": [
          "max-age=31536000; includeSubDomains"
        ],
        "X-AspNet-Version": [
          "4.0.30319"
        ],
        "X-Powered-By": [
          "ASP.NET"
        ],
        "x-ms-ratelimit-remaining-subscription-writes": [
          "1197"
        ],
        "x-ms-correlation-request-id": [
          "d952851e-7e85-4a0b-9009-02609eab0dd9"
        ],
        "x-ms-routing-request-id": [
          "WESTUS2:20161102T001918Z:d952851e-7e85-4a0b-9009-02609eab0dd9"
        ]
      },
      "StatusCode": 202
    },
    {
      "RequestUri": "/subscriptions/8fbd19e9-e8e0-4224-89f6-b1d5d86fb4c4/resourcegroups/cdnResourceGroup2027/providers/Microsoft.Cdn/operationresults/49868a7c-e271-4aff-91de-944ba4eec2ee?api-version=2016-10-02",
      "EncodedRequestUri": "L3N1YnNjcmlwdGlvbnMvOGZiZDE5ZTktZThlMC00MjI0LTg5ZjYtYjFkNWQ4NmZiNGM0L3Jlc291cmNlZ3JvdXBzL2NkblJlc291cmNlR3JvdXAyMDI3L3Byb3ZpZGVycy9NaWNyb3NvZnQuQ2RuL29wZXJhdGlvbnJlc3VsdHMvNDk4NjhhN2MtZTI3MS00YWZmLTkxZGUtOTQ0YmE0ZWVjMmVlP2FwaS12ZXJzaW9uPTIwMTYtMTAtMDI=",
      "RequestMethod": "GET",
      "RequestBody": "",
      "RequestHeaders": {
        "User-Agent": [
          "FxVersion/4.6.24410.01",
          "Microsoft.Azure.Management.Cdn.CdnManagementClient/2.0.0"
        ]
      },
      "ResponseBody": "{\r\n  \"status\": \"Succeeded\",\r\n  \"error\": {\r\n    \"code\": \"None\",\r\n    \"message\": null\r\n  }\r\n}",
      "ResponseHeaders": {
        "Content-Type": [
          "application/json; odata.metadata=minimal; odata.streaming=true"
        ],
        "Expires": [
          "-1"
        ],
        "Cache-Control": [
          "no-cache"
        ],
        "Date": [
          "Wed, 02 Nov 2016 00:19:49 GMT"
        ],
        "Pragma": [
          "no-cache"
        ],
        "Transfer-Encoding": [
          "chunked"
        ],
        "Server": [
          "Microsoft-IIS/8.5"
        ],
        "Vary": [
          "Accept-Encoding"
        ],
        "x-ms-request-id": [
          "e452d826-b181-44d8-873a-1b9079f04c35"
        ],
        "x-ms-client-request-id": [
          "09ef9ced-acdc-44e8-8f7d-42ba895955f5"
        ],
        "OData-Version": [
          "4.0"
        ],
        "Strict-Transport-Security": [
          "max-age=31536000; includeSubDomains"
        ],
        "X-AspNet-Version": [
          "4.0.30319"
        ],
        "X-Powered-By": [
          "ASP.NET"
        ],
        "x-ms-ratelimit-remaining-subscription-reads": [
          "14987"
        ],
        "x-ms-correlation-request-id": [
          "7d06b70f-45be-4ca8-a0a2-9e03fd8ef55b"
        ],
        "x-ms-routing-request-id": [
          "WESTUS2:20161102T001949Z:7d06b70f-45be-4ca8-a0a2-9e03fd8ef55b"
        ]
      },
      "StatusCode": 200
    },
    {
      "RequestUri": "/subscriptions/8fbd19e9-e8e0-4224-89f6-b1d5d86fb4c4/resourcegroups/cdnResourceGroup2027?api-version=2015-11-01",
      "EncodedRequestUri": "L3N1YnNjcmlwdGlvbnMvOGZiZDE5ZTktZThlMC00MjI0LTg5ZjYtYjFkNWQ4NmZiNGM0L3Jlc291cmNlZ3JvdXBzL2NkblJlc291cmNlR3JvdXAyMDI3P2FwaS12ZXJzaW9uPTIwMTUtMTEtMDE=",
      "RequestMethod": "DELETE",
      "RequestBody": "",
      "RequestHeaders": {
        "x-ms-client-request-id": [
          "e01d6823-f4bb-4970-b7a0-1c9eb2dde699"
        ],
        "accept-language": [
          "en-US"
        ],
        "User-Agent": [
          "FxVersion/4.6.24410.01",
          "Microsoft.Azure.Management.Resources.ResourceManagementClient/1.0.0-preview"
        ]
      },
      "ResponseBody": "",
      "ResponseHeaders": {
        "Content-Length": [
          "0"
        ],
        "Expires": [
          "-1"
        ],
        "Cache-Control": [
          "no-cache"
        ],
        "Date": [
          "Wed, 02 Nov 2016 00:19:50 GMT"
        ],
        "Pragma": [
          "no-cache"
        ],
        "Location": [
          "https://management.azure.com/subscriptions/8fbd19e9-e8e0-4224-89f6-b1d5d86fb4c4/operationresults/eyJqb2JJZCI6IlJFU09VUkNFR1JPVVBERUxFVElPTkpPQi1DRE5SRVNPVVJDRUdST1VQMjAyNy1XRVNUVVMiLCJqb2JMb2NhdGlvbiI6Indlc3R1cyJ9?api-version=2015-11-01"
        ],
        "Retry-After": [
          "15"
        ],
        "x-ms-ratelimit-remaining-subscription-writes": [
          "1197"
        ],
        "x-ms-request-id": [
          "22caba67-8915-4406-a970-077ba3aca324"
        ],
        "x-ms-correlation-request-id": [
          "22caba67-8915-4406-a970-077ba3aca324"
        ],
        "x-ms-routing-request-id": [
          "WESTUS2:20161102T001950Z:22caba67-8915-4406-a970-077ba3aca324"
        ],
        "Strict-Transport-Security": [
          "max-age=31536000; includeSubDomains"
        ]
      },
      "StatusCode": 202
    },
    {
      "RequestUri": "/subscriptions/8fbd19e9-e8e0-4224-89f6-b1d5d86fb4c4/operationresults/eyJqb2JJZCI6IlJFU09VUkNFR1JPVVBERUxFVElPTkpPQi1DRE5SRVNPVVJDRUdST1VQMjAyNy1XRVNUVVMiLCJqb2JMb2NhdGlvbiI6Indlc3R1cyJ9?api-version=2015-11-01",
      "EncodedRequestUri": "L3N1YnNjcmlwdGlvbnMvOGZiZDE5ZTktZThlMC00MjI0LTg5ZjYtYjFkNWQ4NmZiNGM0L29wZXJhdGlvbnJlc3VsdHMvZXlKcWIySkpaQ0k2SWxKRlUwOVZVa05GUjFKUFZWQkVSVXhGVkVsUFRrcFBRaTFEUkU1U1JWTlBWVkpEUlVkU1QxVlFNakF5TnkxWFJWTlVWVk1pTENKcWIySk1iMk5oZEdsdmJpSTZJbmRsYzNSMWN5Sjk/YXBpLXZlcnNpb249MjAxNS0xMS0wMQ==",
      "RequestMethod": "GET",
      "RequestBody": "",
      "RequestHeaders": {
        "User-Agent": [
          "FxVersion/4.6.24410.01",
          "Microsoft.Azure.Management.Resources.ResourceManagementClient/1.0.0-preview"
        ]
      },
      "ResponseBody": "",
      "ResponseHeaders": {
        "Content-Length": [
          "0"
        ],
        "Expires": [
          "-1"
        ],
        "Cache-Control": [
          "no-cache"
        ],
        "Date": [
          "Wed, 02 Nov 2016 00:20:19 GMT"
        ],
        "Pragma": [
          "no-cache"
        ],
        "Location": [
          "https://management.azure.com/subscriptions/8fbd19e9-e8e0-4224-89f6-b1d5d86fb4c4/operationresults/eyJqb2JJZCI6IlJFU09VUkNFR1JPVVBERUxFVElPTkpPQi1DRE5SRVNPVVJDRUdST1VQMjAyNy1XRVNUVVMiLCJqb2JMb2NhdGlvbiI6Indlc3R1cyJ9?api-version=2015-11-01"
        ],
        "Retry-After": [
          "15"
        ],
        "x-ms-ratelimit-remaining-subscription-reads": [
          "14993"
        ],
        "x-ms-request-id": [
          "0645c051-9d5d-44c0-87a3-600603ea3375"
        ],
        "x-ms-correlation-request-id": [
          "0645c051-9d5d-44c0-87a3-600603ea3375"
        ],
        "x-ms-routing-request-id": [
          "WESTUS2:20161102T002020Z:0645c051-9d5d-44c0-87a3-600603ea3375"
        ],
        "Strict-Transport-Security": [
          "max-age=31536000; includeSubDomains"
        ]
      },
      "StatusCode": 202
    },
    {
      "RequestUri": "/subscriptions/8fbd19e9-e8e0-4224-89f6-b1d5d86fb4c4/operationresults/eyJqb2JJZCI6IlJFU09VUkNFR1JPVVBERUxFVElPTkpPQi1DRE5SRVNPVVJDRUdST1VQMjAyNy1XRVNUVVMiLCJqb2JMb2NhdGlvbiI6Indlc3R1cyJ9?api-version=2015-11-01",
      "EncodedRequestUri": "L3N1YnNjcmlwdGlvbnMvOGZiZDE5ZTktZThlMC00MjI0LTg5ZjYtYjFkNWQ4NmZiNGM0L29wZXJhdGlvbnJlc3VsdHMvZXlKcWIySkpaQ0k2SWxKRlUwOVZVa05GUjFKUFZWQkVSVXhGVkVsUFRrcFBRaTFEUkU1U1JWTlBWVkpEUlVkU1QxVlFNakF5TnkxWFJWTlVWVk1pTENKcWIySk1iMk5oZEdsdmJpSTZJbmRsYzNSMWN5Sjk/YXBpLXZlcnNpb249MjAxNS0xMS0wMQ==",
      "RequestMethod": "GET",
      "RequestBody": "",
      "RequestHeaders": {
        "User-Agent": [
          "FxVersion/4.6.24410.01",
          "Microsoft.Azure.Management.Resources.ResourceManagementClient/1.0.0-preview"
        ]
      },
      "ResponseBody": "",
      "ResponseHeaders": {
        "Content-Length": [
          "0"
        ],
        "Expires": [
          "-1"
        ],
        "Cache-Control": [
          "no-cache"
        ],
        "Date": [
          "Wed, 02 Nov 2016 00:20:50 GMT"
        ],
        "Pragma": [
          "no-cache"
        ],
        "x-ms-ratelimit-remaining-subscription-reads": [
          "14992"
        ],
        "x-ms-request-id": [
          "78cc7dbf-db57-45a8-9547-4f2aba645dd2"
        ],
        "x-ms-correlation-request-id": [
          "78cc7dbf-db57-45a8-9547-4f2aba645dd2"
        ],
        "x-ms-routing-request-id": [
          "WESTUS2:20161102T002050Z:78cc7dbf-db57-45a8-9547-4f2aba645dd2"
        ],
        "Strict-Transport-Security": [
          "max-age=31536000; includeSubDomains"
        ]
      },
      "StatusCode": 200
    }
  ],
  "Names": {
    "CreateResourceGroup": [
      "cdnResourceGroup2027"
    ],
    "ProfileDeleteTest": [
      "profile617",
      "profile3063"
    ]
  },
  "Variables": {
    "SubscriptionId": "8fbd19e9-e8e0-4224-89f6-b1d5d86fb4c4"
  }
}