{
  "Entries": [
    {
      "RequestUri": "/subscriptions/0b1f6471-1bf0-4dda-aec3-cb9272f09590/resourcegroups/cdnResourceGroup5813?api-version=2015-11-01",
      "EncodedRequestUri": "L3N1YnNjcmlwdGlvbnMvMGIxZjY0NzEtMWJmMC00ZGRhLWFlYzMtY2I5MjcyZjA5NTkwL3Jlc291cmNlZ3JvdXBzL2NkblJlc291cmNlR3JvdXA1ODEzP2FwaS12ZXJzaW9uPTIwMTUtMTEtMDE=",
      "RequestMethod": "PUT",
      "RequestBody": "{\r\n  \"location\": \"westus\"\r\n}",
      "RequestHeaders": {
        "Content-Type": [
          "application/json; charset=utf-8"
        ],
        "Content-Length": [
          "28"
        ],
        "x-ms-client-request-id": [
          "f82e13e5-564a-4531-a9e6-53bfebdd6724"
        ],
        "accept-language": [
          "en-US"
        ],
        "User-Agent": [
          "Microsoft.Azure.Management.Resources.ResourceManagementClient/1.0.0-preview"
        ]
      },
      "ResponseBody": "{\r\n  \"id\": \"/subscriptions/0b1f6471-1bf0-4dda-aec3-cb9272f09590/resourceGroups/cdnResourceGroup5813\",\r\n  \"name\": \"cdnResourceGroup5813\",\r\n  \"location\": \"westus\",\r\n  \"properties\": {\r\n    \"provisioningState\": \"Succeeded\"\r\n  }\r\n}",
      "ResponseHeaders": {
        "Content-Length": [
          "193"
        ],
        "Content-Type": [
          "application/json; charset=utf-8"
        ],
        "Expires": [
          "-1"
        ],
        "Cache-Control": [
          "no-cache"
        ],
        "Date": [
          "Thu, 13 Oct 2016 23:38:18 GMT"
        ],
        "Pragma": [
          "no-cache"
        ],
        "x-ms-ratelimit-remaining-subscription-writes": [
          "1199"
        ],
        "x-ms-request-id": [
          "fa6c2e88-dd38-4e7b-af90-c99ac078574b"
        ],
        "x-ms-correlation-request-id": [
          "fa6c2e88-dd38-4e7b-af90-c99ac078574b"
        ],
        "x-ms-routing-request-id": [
          "WESTUS2:20161013T233819Z:fa6c2e88-dd38-4e7b-af90-c99ac078574b"
        ],
        "Strict-Transport-Security": [
          "max-age=31536000; includeSubDomains"
        ]
      },
      "StatusCode": 201
    },
    {
      "RequestUri": "/subscriptions/0b1f6471-1bf0-4dda-aec3-cb9272f09590/resourceGroups/cdnResourceGroup5813/providers/Microsoft.Cdn/profiles/profile1845?api-version=2016-10-02",
      "EncodedRequestUri": "L3N1YnNjcmlwdGlvbnMvMGIxZjY0NzEtMWJmMC00ZGRhLWFlYzMtY2I5MjcyZjA5NTkwL3Jlc291cmNlR3JvdXBzL2NkblJlc291cmNlR3JvdXA1ODEzL3Byb3ZpZGVycy9NaWNyb3NvZnQuQ2RuL3Byb2ZpbGVzL3Byb2ZpbGUxODQ1P2FwaS12ZXJzaW9uPTIwMTYtMTAtMDI=",
      "RequestMethod": "PUT",
      "RequestBody": "{\r\n  \"sku\": {\r\n    \"name\": \"Standard_Verizon\"\r\n  },\r\n  \"location\": \"WestUs\",\r\n  \"tags\": {\r\n    \"key1\": \"value1\",\r\n    \"key2\": \"value2\"\r\n  }\r\n}",
      "RequestHeaders": {
        "Content-Type": [
          "application/json; charset=utf-8"
        ],
        "Content-Length": [
          "142"
        ],
        "x-ms-client-request-id": [
          "833ae9e5-514a-4204-b96e-67f8b6efa40c"
        ],
        "accept-language": [
          "en-US"
        ],
        "User-Agent": [
          "Microsoft.Azure.Management.Cdn.CdnManagementClient/1.1.2"
        ]
      },
      "ResponseBody": "{\r\n  \"name\": \"profile1845\",\r\n  \"id\": \"/subscriptions/0b1f6471-1bf0-4dda-aec3-cb9272f09590/resourcegroups/cdnResourceGroup5813/providers/Microsoft.Cdn/profiles/profile1845\",\r\n  \"type\": \"Microsoft.Cdn/profiles\",\r\n  \"tags\": {\r\n    \"key1\": \"value1\",\r\n    \"key2\": \"value2\"\r\n  },\r\n  \"location\": \"WestUs\",\r\n  \"sku\": {\r\n    \"name\": \"Standard_Verizon\"\r\n  },\r\n  \"properties\": {\r\n    \"provisioningState\": \"Creating\",\r\n    \"resourceState\": \"Creating\"\r\n  }\r\n}",
      "ResponseHeaders": {
        "Content-Length": [
          "398"
        ],
        "Content-Type": [
          "application/json; odata.metadata=minimal"
        ],
        "Expires": [
          "-1"
        ],
        "Cache-Control": [
          "no-cache"
        ],
        "Date": [
          "Thu, 13 Oct 2016 23:38:20 GMT"
        ],
        "Pragma": [
          "no-cache"
        ],
        "Retry-After": [
          "10"
        ],
        "Server": [
          "Microsoft-IIS/8.5"
        ],
        "x-ms-request-id": [
          "43cf0ee5-7be6-4650-aae9-57d5231137d2"
        ],
        "x-ms-client-request-id": [
          "833ae9e5-514a-4204-b96e-67f8b6efa40c"
        ],
        "Azure-AsyncOperation": [
          "https://management.azure.com/subscriptions/0b1f6471-1bf0-4dda-aec3-cb9272f09590/resourcegroups/cdnResourceGroup5813/providers/Microsoft.Cdn/operationresults/54375b4b-ca98-428c-ae5f-9abdba5b9ddf?api-version=2016-10-02"
        ],
        "OData-Version": [
          "4.0"
        ],
        "Strict-Transport-Security": [
          "max-age=31536000; includeSubDomains"
        ],
        "X-AspNet-Version": [
          "4.0.30319"
        ],
        "X-Powered-By": [
          "ASP.NET"
        ],
        "x-ms-ratelimit-remaining-subscription-writes": [
          "1199"
        ],
        "x-ms-correlation-request-id": [
          "df7b962e-bd5f-4e00-bea5-55a1d3838f14"
        ],
        "x-ms-routing-request-id": [
          "WESTUS2:20161013T233820Z:df7b962e-bd5f-4e00-bea5-55a1d3838f14"
        ]
      },
      "StatusCode": 201
    },
    {
      "RequestUri": "/subscriptions/0b1f6471-1bf0-4dda-aec3-cb9272f09590/resourcegroups/cdnResourceGroup5813/providers/Microsoft.Cdn/operationresults/54375b4b-ca98-428c-ae5f-9abdba5b9ddf?api-version=2016-10-02",
      "EncodedRequestUri": "L3N1YnNjcmlwdGlvbnMvMGIxZjY0NzEtMWJmMC00ZGRhLWFlYzMtY2I5MjcyZjA5NTkwL3Jlc291cmNlZ3JvdXBzL2NkblJlc291cmNlR3JvdXA1ODEzL3Byb3ZpZGVycy9NaWNyb3NvZnQuQ2RuL29wZXJhdGlvbnJlc3VsdHMvNTQzNzViNGItY2E5OC00MjhjLWFlNWYtOWFiZGJhNWI5ZGRmP2FwaS12ZXJzaW9uPTIwMTYtMTAtMDI=",
      "RequestMethod": "GET",
      "RequestBody": "",
      "RequestHeaders": {
        "User-Agent": [
          "Microsoft.Azure.Management.Cdn.CdnManagementClient/1.1.2"
        ]
      },
      "ResponseBody": "{\r\n  \"status\": \"InProgress\",\r\n  \"error\": {\r\n    \"code\": \"None\",\r\n    \"message\": null\r\n  }\r\n}",
      "ResponseHeaders": {
        "Content-Type": [
          "application/json; odata.metadata=minimal; odata.streaming=true"
        ],
        "Expires": [
          "-1"
        ],
        "Cache-Control": [
          "no-cache"
        ],
        "Date": [
          "Thu, 13 Oct 2016 23:38:51 GMT"
        ],
        "Pragma": [
          "no-cache"
        ],
        "Transfer-Encoding": [
          "chunked"
        ],
        "Server": [
          "Microsoft-IIS/8.5"
        ],
        "Vary": [
          "Accept-Encoding"
        ],
        "x-ms-request-id": [
          "2a94bd24-4c24-483b-80ba-c56378fbbc03"
        ],
        "x-ms-client-request-id": [
          "b468cbb4-4340-4556-a9eb-de7d6e7c4351"
        ],
        "OData-Version": [
          "4.0"
        ],
        "Strict-Transport-Security": [
          "max-age=31536000; includeSubDomains"
        ],
        "X-AspNet-Version": [
          "4.0.30319"
        ],
        "X-Powered-By": [
          "ASP.NET"
        ],
        "x-ms-ratelimit-remaining-subscription-reads": [
          "14999"
        ],
        "x-ms-correlation-request-id": [
          "655f6537-dea2-4d0d-bff6-87f0c0c2ff2f"
        ],
        "x-ms-routing-request-id": [
          "WESTUS2:20161013T233851Z:655f6537-dea2-4d0d-bff6-87f0c0c2ff2f"
        ]
      },
      "StatusCode": 200
    },
    {
      "RequestUri": "/subscriptions/0b1f6471-1bf0-4dda-aec3-cb9272f09590/resourcegroups/cdnResourceGroup5813/providers/Microsoft.Cdn/operationresults/54375b4b-ca98-428c-ae5f-9abdba5b9ddf?api-version=2016-10-02",
      "EncodedRequestUri": "L3N1YnNjcmlwdGlvbnMvMGIxZjY0NzEtMWJmMC00ZGRhLWFlYzMtY2I5MjcyZjA5NTkwL3Jlc291cmNlZ3JvdXBzL2NkblJlc291cmNlR3JvdXA1ODEzL3Byb3ZpZGVycy9NaWNyb3NvZnQuQ2RuL29wZXJhdGlvbnJlc3VsdHMvNTQzNzViNGItY2E5OC00MjhjLWFlNWYtOWFiZGJhNWI5ZGRmP2FwaS12ZXJzaW9uPTIwMTYtMTAtMDI=",
      "RequestMethod": "GET",
      "RequestBody": "",
      "RequestHeaders": {
        "User-Agent": [
          "Microsoft.Azure.Management.Cdn.CdnManagementClient/1.1.2"
        ]
      },
      "ResponseBody": "{\r\n  \"status\": \"Succeeded\",\r\n  \"error\": {\r\n    \"code\": \"None\",\r\n    \"message\": null\r\n  }\r\n}",
      "ResponseHeaders": {
        "Content-Type": [
          "application/json; odata.metadata=minimal; odata.streaming=true"
        ],
        "Expires": [
          "-1"
        ],
        "Cache-Control": [
          "no-cache"
        ],
        "Date": [
          "Thu, 13 Oct 2016 23:39:20 GMT"
        ],
        "Pragma": [
          "no-cache"
        ],
        "Transfer-Encoding": [
          "chunked"
        ],
        "Server": [
          "Microsoft-IIS/8.5"
        ],
        "Vary": [
          "Accept-Encoding"
        ],
        "x-ms-request-id": [
          "82470753-efc9-49ef-8787-2388c2f6b065"
        ],
        "x-ms-client-request-id": [
          "f84e6732-7a5b-4c44-ad16-0ccdb52ec214"
        ],
        "OData-Version": [
          "4.0"
        ],
        "Strict-Transport-Security": [
          "max-age=31536000; includeSubDomains"
        ],
        "X-AspNet-Version": [
          "4.0.30319"
        ],
        "X-Powered-By": [
          "ASP.NET"
        ],
        "x-ms-ratelimit-remaining-subscription-reads": [
          "14998"
        ],
        "x-ms-correlation-request-id": [
          "bee90d50-b9fb-44a9-8058-22868b0de095"
        ],
        "x-ms-routing-request-id": [
          "WESTUS2:20161013T233921Z:bee90d50-b9fb-44a9-8058-22868b0de095"
        ]
      },
      "StatusCode": 200
    },
    {
      "RequestUri": "/subscriptions/0b1f6471-1bf0-4dda-aec3-cb9272f09590/resourceGroups/cdnResourceGroup5813/providers/Microsoft.Cdn/profiles/profile1845?api-version=2016-10-02",
      "EncodedRequestUri": "L3N1YnNjcmlwdGlvbnMvMGIxZjY0NzEtMWJmMC00ZGRhLWFlYzMtY2I5MjcyZjA5NTkwL3Jlc291cmNlR3JvdXBzL2NkblJlc291cmNlR3JvdXA1ODEzL3Byb3ZpZGVycy9NaWNyb3NvZnQuQ2RuL3Byb2ZpbGVzL3Byb2ZpbGUxODQ1P2FwaS12ZXJzaW9uPTIwMTYtMTAtMDI=",
      "RequestMethod": "GET",
      "RequestBody": "",
      "RequestHeaders": {
        "User-Agent": [
          "Microsoft.Azure.Management.Cdn.CdnManagementClient/1.1.2"
        ]
      },
      "ResponseBody": "{\r\n  \"name\": \"profile1845\",\r\n  \"id\": \"/subscriptions/0b1f6471-1bf0-4dda-aec3-cb9272f09590/resourcegroups/cdnResourceGroup5813/providers/Microsoft.Cdn/profiles/profile1845\",\r\n  \"type\": \"Microsoft.Cdn/profiles\",\r\n  \"tags\": {\r\n    \"key1\": \"value1\",\r\n    \"key2\": \"value2\"\r\n  },\r\n  \"location\": \"WestUs\",\r\n  \"sku\": {\r\n    \"name\": \"Standard_Verizon\"\r\n  },\r\n  \"properties\": {\r\n    \"provisioningState\": \"Succeeded\",\r\n    \"resourceState\": \"Active\"\r\n  }\r\n}",
      "ResponseHeaders": {
        "Content-Type": [
          "application/json; odata.metadata=minimal; odata.streaming=true"
        ],
        "Expires": [
          "-1"
        ],
        "Cache-Control": [
          "no-cache"
        ],
        "Date": [
          "Thu, 13 Oct 2016 23:39:21 GMT"
        ],
        "Pragma": [
          "no-cache"
        ],
        "Transfer-Encoding": [
          "chunked"
        ],
        "Server": [
          "Microsoft-IIS/8.5"
        ],
        "Vary": [
          "Accept-Encoding"
        ],
        "x-ms-request-id": [
          "6cad0328-c2c5-4cde-ab4d-7ba772e6a9aa"
        ],
        "x-ms-client-request-id": [
          "1338f1e9-8ea6-460a-9c1a-092a5e167b78"
        ],
        "OData-Version": [
          "4.0"
        ],
        "Strict-Transport-Security": [
          "max-age=31536000; includeSubDomains"
        ],
        "X-AspNet-Version": [
          "4.0.30319"
        ],
        "X-Powered-By": [
          "ASP.NET"
        ],
        "x-ms-ratelimit-remaining-subscription-reads": [
          "14997"
        ],
        "x-ms-correlation-request-id": [
          "6ddf308f-6bfb-44a3-80e2-31993dc44045"
        ],
        "x-ms-routing-request-id": [
          "WESTUS2:20161013T233922Z:6ddf308f-6bfb-44a3-80e2-31993dc44045"
        ]
      },
      "StatusCode": 200
    },
    {
      "RequestUri": "/subscriptions/0b1f6471-1bf0-4dda-aec3-cb9272f09590/resourceGroups/cdnResourceGroup5813/providers/Microsoft.Cdn/profiles/profile6797?api-version=2016-10-02",
      "EncodedRequestUri": "L3N1YnNjcmlwdGlvbnMvMGIxZjY0NzEtMWJmMC00ZGRhLWFlYzMtY2I5MjcyZjA5NTkwL3Jlc291cmNlR3JvdXBzL2NkblJlc291cmNlR3JvdXA1ODEzL3Byb3ZpZGVycy9NaWNyb3NvZnQuQ2RuL3Byb2ZpbGVzL3Byb2ZpbGU2Nzk3P2FwaS12ZXJzaW9uPTIwMTYtMTAtMDI=",
      "RequestMethod": "PUT",
      "RequestBody": "{\r\n  \"sku\": {\r\n    \"name\": \"Premium_Verizon\"\r\n  },\r\n  \"location\": \"EastUs\",\r\n  \"tags\": {\r\n    \"key1\": \"value1\",\r\n    \"key2\": \"value2\"\r\n  }\r\n}",
      "RequestHeaders": {
        "Content-Type": [
          "application/json; charset=utf-8"
        ],
        "Content-Length": [
          "141"
        ],
        "x-ms-client-request-id": [
          "ba4c96b4-b8c9-4780-a8f6-5e35f3a96825"
        ],
        "accept-language": [
          "en-US"
        ],
        "User-Agent": [
          "Microsoft.Azure.Management.Cdn.CdnManagementClient/1.1.2"
        ]
      },
      "ResponseBody": "{\r\n  \"name\": \"profile6797\",\r\n  \"id\": \"/subscriptions/0b1f6471-1bf0-4dda-aec3-cb9272f09590/resourcegroups/cdnResourceGroup5813/providers/Microsoft.Cdn/profiles/profile6797\",\r\n  \"type\": \"Microsoft.Cdn/profiles\",\r\n  \"tags\": {\r\n    \"key1\": \"value1\",\r\n    \"key2\": \"value2\"\r\n  },\r\n  \"location\": \"EastUs\",\r\n  \"sku\": {\r\n    \"name\": \"Premium_Verizon\"\r\n  },\r\n  \"properties\": {\r\n    \"provisioningState\": \"Creating\",\r\n    \"resourceState\": \"Creating\"\r\n  }\r\n}",
      "ResponseHeaders": {
        "Content-Length": [
          "397"
        ],
        "Content-Type": [
          "application/json; odata.metadata=minimal"
        ],
        "Expires": [
          "-1"
        ],
        "Cache-Control": [
          "no-cache"
        ],
        "Date": [
          "Thu, 13 Oct 2016 23:39:22 GMT"
        ],
        "Pragma": [
          "no-cache"
        ],
        "Retry-After": [
          "10"
        ],
        "Server": [
          "Microsoft-IIS/8.5"
        ],
        "x-ms-request-id": [
          "5c17c649-83f7-4dc6-8e2d-ae3ad4c2d02a"
        ],
        "x-ms-client-request-id": [
          "ba4c96b4-b8c9-4780-a8f6-5e35f3a96825"
        ],
        "Azure-AsyncOperation": [
          "https://management.azure.com/subscriptions/0b1f6471-1bf0-4dda-aec3-cb9272f09590/resourcegroups/cdnResourceGroup5813/providers/Microsoft.Cdn/operationresults/62899d0f-bbf4-4d64-bd58-35b5bb9b9459?api-version=2016-10-02"
        ],
        "OData-Version": [
          "4.0"
        ],
        "Strict-Transport-Security": [
          "max-age=31536000; includeSubDomains"
        ],
        "X-AspNet-Version": [
          "4.0.30319"
        ],
        "X-Powered-By": [
          "ASP.NET"
        ],
        "x-ms-ratelimit-remaining-subscription-writes": [
          "1198"
        ],
        "x-ms-correlation-request-id": [
          "7dd478ed-53ac-44a1-80d5-e006da8e3a86"
        ],
        "x-ms-routing-request-id": [
          "WESTUS2:20161013T233923Z:7dd478ed-53ac-44a1-80d5-e006da8e3a86"
        ]
      },
      "StatusCode": 201
    },
    {
      "RequestUri": "/subscriptions/0b1f6471-1bf0-4dda-aec3-cb9272f09590/resourceGroups/cdnResourceGroup5813/providers/Microsoft.Cdn/profiles/profile6797?api-version=2016-10-02",
      "EncodedRequestUri": "L3N1YnNjcmlwdGlvbnMvMGIxZjY0NzEtMWJmMC00ZGRhLWFlYzMtY2I5MjcyZjA5NTkwL3Jlc291cmNlR3JvdXBzL2NkblJlc291cmNlR3JvdXA1ODEzL3Byb3ZpZGVycy9NaWNyb3NvZnQuQ2RuL3Byb2ZpbGVzL3Byb2ZpbGU2Nzk3P2FwaS12ZXJzaW9uPTIwMTYtMTAtMDI=",
      "RequestMethod": "PUT",
      "RequestBody": "{\r\n  \"sku\": {\r\n    \"name\": \"Standard_Verizon\"\r\n  },\r\n  \"location\": \"WestUs\",\r\n  \"tags\": {}\r\n}",
      "RequestHeaders": {
        "Content-Type": [
          "application/json; charset=utf-8"
        ],
        "Content-Length": [
          "93"
        ],
        "x-ms-client-request-id": [
          "97905fc3-422d-4af7-91fd-9d461ce48c11"
        ],
        "accept-language": [
          "en-US"
        ],
        "User-Agent": [
          "Microsoft.Azure.Management.Cdn.CdnManagementClient/1.1.2"
        ]
      },
      "ResponseBody": "{\r\n  \"error\": {\r\n    \"code\": \"InvalidResourceLocation\",\r\n    \"message\": \"The resource 'profile6797' already exists in location 'eastus' in resource group 'cdnResourceGroup5813'. A resource with the same name cannot be created in location 'WestUs'. Please select a new resource name.\"\r\n  }\r\n}",
      "ResponseHeaders": {
        "Content-Length": [
          "266"
        ],
        "Content-Type": [
          "application/json; charset=utf-8"
        ],
        "Expires": [
          "-1"
        ],
        "Cache-Control": [
          "no-cache"
        ],
        "Date": [
          "Thu, 13 Oct 2016 23:40:54 GMT"
        ],
        "Pragma": [
          "no-cache"
        ],
        "x-ms-failure-cause": [
          "gateway"
        ],
        "x-ms-request-id": [
          "5164a411-3b62-4319-8971-83af671cbbec"
        ],
        "x-ms-correlation-request-id": [
          "5164a411-3b62-4319-8971-83af671cbbec"
        ],
        "x-ms-routing-request-id": [
          "WESTUS2:20161013T234054Z:5164a411-3b62-4319-8971-83af671cbbec"
        ],
        "Strict-Transport-Security": [
          "max-age=31536000; includeSubDomains"
        ]
      },
      "StatusCode": 409
    },
    {
      "RequestUri": "/subscriptions/0b1f6471-1bf0-4dda-aec3-cb9272f09590/resourcegroups/cdnResourceGroup5813/providers/Microsoft.Cdn/operationresults/62899d0f-bbf4-4d64-bd58-35b5bb9b9459?api-version=2016-10-02",
      "EncodedRequestUri": "L3N1YnNjcmlwdGlvbnMvMGIxZjY0NzEtMWJmMC00ZGRhLWFlYzMtY2I5MjcyZjA5NTkwL3Jlc291cmNlZ3JvdXBzL2NkblJlc291cmNlR3JvdXA1ODEzL3Byb3ZpZGVycy9NaWNyb3NvZnQuQ2RuL29wZXJhdGlvbnJlc3VsdHMvNjI4OTlkMGYtYmJmNC00ZDY0LWJkNTgtMzViNWJiOWI5NDU5P2FwaS12ZXJzaW9uPTIwMTYtMTAtMDI=",
      "RequestMethod": "GET",
      "RequestBody": "",
      "RequestHeaders": {
        "User-Agent": [
          "Microsoft.Azure.Management.Cdn.CdnManagementClient/1.1.2"
        ]
      },
      "ResponseBody": "{\r\n  \"status\": \"InProgress\",\r\n  \"error\": {\r\n    \"code\": \"None\",\r\n    \"message\": null\r\n  }\r\n}",
      "ResponseHeaders": {
        "Content-Type": [
          "application/json; odata.metadata=minimal; odata.streaming=true"
        ],
        "Expires": [
          "-1"
        ],
        "Cache-Control": [
          "no-cache"
        ],
        "Date": [
          "Thu, 13 Oct 2016 23:39:53 GMT"
        ],
        "Pragma": [
          "no-cache"
        ],
        "Transfer-Encoding": [
          "chunked"
        ],
        "Server": [
          "Microsoft-IIS/8.5"
        ],
        "Vary": [
          "Accept-Encoding"
        ],
        "x-ms-request-id": [
          "8166afe7-c09f-4dca-96ca-7307ef763d4e"
        ],
        "x-ms-client-request-id": [
          "f508bcd3-83fc-4784-8f37-cb44f5548edb"
        ],
        "OData-Version": [
          "4.0"
        ],
        "Strict-Transport-Security": [
          "max-age=31536000; includeSubDomains"
        ],
        "X-AspNet-Version": [
          "4.0.30319"
        ],
        "X-Powered-By": [
          "ASP.NET"
        ],
        "x-ms-ratelimit-remaining-subscription-reads": [
          "14996"
        ],
        "x-ms-correlation-request-id": [
          "defb87f8-044c-42ce-8598-c631746be648"
        ],
        "x-ms-routing-request-id": [
          "WESTUS2:20161013T233953Z:defb87f8-044c-42ce-8598-c631746be648"
        ]
      },
      "StatusCode": 200
    },
    {
      "RequestUri": "/subscriptions/0b1f6471-1bf0-4dda-aec3-cb9272f09590/resourcegroups/cdnResourceGroup5813/providers/Microsoft.Cdn/operationresults/62899d0f-bbf4-4d64-bd58-35b5bb9b9459?api-version=2016-10-02",
      "EncodedRequestUri": "L3N1YnNjcmlwdGlvbnMvMGIxZjY0NzEtMWJmMC00ZGRhLWFlYzMtY2I5MjcyZjA5NTkwL3Jlc291cmNlZ3JvdXBzL2NkblJlc291cmNlR3JvdXA1ODEzL3Byb3ZpZGVycy9NaWNyb3NvZnQuQ2RuL29wZXJhdGlvbnJlc3VsdHMvNjI4OTlkMGYtYmJmNC00ZDY0LWJkNTgtMzViNWJiOWI5NDU5P2FwaS12ZXJzaW9uPTIwMTYtMTAtMDI=",
      "RequestMethod": "GET",
      "RequestBody": "",
      "RequestHeaders": {
        "User-Agent": [
          "Microsoft.Azure.Management.Cdn.CdnManagementClient/1.1.2"
        ]
      },
      "ResponseBody": "{\r\n  \"status\": \"InProgress\",\r\n  \"error\": {\r\n    \"code\": \"None\",\r\n    \"message\": null\r\n  }\r\n}",
      "ResponseHeaders": {
        "Content-Type": [
          "application/json; odata.metadata=minimal; odata.streaming=true"
        ],
        "Expires": [
          "-1"
        ],
        "Cache-Control": [
          "no-cache"
        ],
        "Date": [
          "Thu, 13 Oct 2016 23:40:23 GMT"
        ],
        "Pragma": [
          "no-cache"
        ],
        "Transfer-Encoding": [
          "chunked"
        ],
        "Server": [
          "Microsoft-IIS/8.5"
        ],
        "Vary": [
          "Accept-Encoding"
        ],
        "x-ms-request-id": [
          "f5c5e4c5-3779-4348-a9b4-0735ba2ef656"
        ],
        "x-ms-client-request-id": [
          "5af3aabb-e2c9-47f3-991d-e2dda8076b59"
        ],
        "OData-Version": [
          "4.0"
        ],
        "Strict-Transport-Security": [
          "max-age=31536000; includeSubDomains"
        ],
        "X-AspNet-Version": [
          "4.0.30319"
        ],
        "X-Powered-By": [
          "ASP.NET"
        ],
        "x-ms-ratelimit-remaining-subscription-reads": [
          "14995"
        ],
        "x-ms-correlation-request-id": [
          "ad82ca9f-1497-429c-a1ef-ed3b891f636e"
        ],
        "x-ms-routing-request-id": [
          "WESTUS2:20161013T234024Z:ad82ca9f-1497-429c-a1ef-ed3b891f636e"
        ]
      },
      "StatusCode": 200
    },
    {
      "RequestUri": "/subscriptions/0b1f6471-1bf0-4dda-aec3-cb9272f09590/resourcegroups/cdnResourceGroup5813/providers/Microsoft.Cdn/operationresults/62899d0f-bbf4-4d64-bd58-35b5bb9b9459?api-version=2016-10-02",
      "EncodedRequestUri": "L3N1YnNjcmlwdGlvbnMvMGIxZjY0NzEtMWJmMC00ZGRhLWFlYzMtY2I5MjcyZjA5NTkwL3Jlc291cmNlZ3JvdXBzL2NkblJlc291cmNlR3JvdXA1ODEzL3Byb3ZpZGVycy9NaWNyb3NvZnQuQ2RuL29wZXJhdGlvbnJlc3VsdHMvNjI4OTlkMGYtYmJmNC00ZDY0LWJkNTgtMzViNWJiOWI5NDU5P2FwaS12ZXJzaW9uPTIwMTYtMTAtMDI=",
      "RequestMethod": "GET",
      "RequestBody": "",
      "RequestHeaders": {
        "User-Agent": [
          "Microsoft.Azure.Management.Cdn.CdnManagementClient/1.1.2"
        ]
      },
      "ResponseBody": "{\r\n  \"status\": \"Succeeded\",\r\n  \"error\": {\r\n    \"code\": \"None\",\r\n    \"message\": null\r\n  }\r\n}",
      "ResponseHeaders": {
        "Content-Type": [
          "application/json; odata.metadata=minimal; odata.streaming=true"
        ],
        "Expires": [
          "-1"
        ],
        "Cache-Control": [
          "no-cache"
        ],
        "Date": [
          "Thu, 13 Oct 2016 23:40:53 GMT"
        ],
        "Pragma": [
          "no-cache"
        ],
        "Transfer-Encoding": [
          "chunked"
        ],
        "Server": [
          "Microsoft-IIS/8.5"
        ],
        "Vary": [
          "Accept-Encoding"
        ],
        "x-ms-request-id": [
          "7582a89b-da0c-4545-a3d3-32c1489fec94"
        ],
        "x-ms-client-request-id": [
          "0c6fbead-8b46-4c94-9bff-8c8306bee4b8"
        ],
        "OData-Version": [
          "4.0"
        ],
        "Strict-Transport-Security": [
          "max-age=31536000; includeSubDomains"
        ],
        "X-AspNet-Version": [
          "4.0.30319"
        ],
        "X-Powered-By": [
          "ASP.NET"
        ],
        "x-ms-ratelimit-remaining-subscription-reads": [
          "14994"
        ],
        "x-ms-correlation-request-id": [
          "102fc254-c335-402b-80e9-4c3c823a72a8"
        ],
        "x-ms-routing-request-id": [
          "WESTUS2:20161013T234054Z:102fc254-c335-402b-80e9-4c3c823a72a8"
        ]
      },
      "StatusCode": 200
    },
    {
      "RequestUri": "/subscriptions/0b1f6471-1bf0-4dda-aec3-cb9272f09590/resourceGroups/cdnResourceGroup5813/providers/Microsoft.Cdn/profiles/profile6797?api-version=2016-10-02",
      "EncodedRequestUri": "L3N1YnNjcmlwdGlvbnMvMGIxZjY0NzEtMWJmMC00ZGRhLWFlYzMtY2I5MjcyZjA5NTkwL3Jlc291cmNlR3JvdXBzL2NkblJlc291cmNlR3JvdXA1ODEzL3Byb3ZpZGVycy9NaWNyb3NvZnQuQ2RuL3Byb2ZpbGVzL3Byb2ZpbGU2Nzk3P2FwaS12ZXJzaW9uPTIwMTYtMTAtMDI=",
      "RequestMethod": "GET",
      "RequestBody": "",
      "RequestHeaders": {
        "User-Agent": [
          "Microsoft.Azure.Management.Cdn.CdnManagementClient/1.1.2"
        ]
      },
      "ResponseBody": "{\r\n  \"name\": \"profile6797\",\r\n  \"id\": \"/subscriptions/0b1f6471-1bf0-4dda-aec3-cb9272f09590/resourcegroups/cdnResourceGroup5813/providers/Microsoft.Cdn/profiles/profile6797\",\r\n  \"type\": \"Microsoft.Cdn/profiles\",\r\n  \"tags\": {\r\n    \"key1\": \"value1\",\r\n    \"key2\": \"value2\"\r\n  },\r\n  \"location\": \"EastUs\",\r\n  \"sku\": {\r\n    \"name\": \"Premium_Verizon\"\r\n  },\r\n  \"properties\": {\r\n    \"provisioningState\": \"Succeeded\",\r\n    \"resourceState\": \"Active\"\r\n  }\r\n}",
      "ResponseHeaders": {
        "Content-Type": [
          "application/json; odata.metadata=minimal; odata.streaming=true"
        ],
        "Expires": [
          "-1"
        ],
        "Cache-Control": [
          "no-cache"
        ],
        "Date": [
          "Thu, 13 Oct 2016 23:40:54 GMT"
        ],
        "Pragma": [
          "no-cache"
        ],
        "Transfer-Encoding": [
          "chunked"
        ],
        "Server": [
          "Microsoft-IIS/8.5"
        ],
        "Vary": [
          "Accept-Encoding"
        ],
        "x-ms-request-id": [
          "1a294ad3-af9b-4312-8ec5-b6699e5916cd"
        ],
        "x-ms-client-request-id": [
          "4ed29481-ea2b-4e27-888e-3c136ae549cb"
        ],
        "OData-Version": [
          "4.0"
        ],
        "Strict-Transport-Security": [
          "max-age=31536000; includeSubDomains"
        ],
        "X-AspNet-Version": [
          "4.0.30319"
        ],
        "X-Powered-By": [
          "ASP.NET"
        ],
        "x-ms-ratelimit-remaining-subscription-reads": [
          "14993"
        ],
        "x-ms-correlation-request-id": [
          "b57f0e84-3d72-4cb3-b00e-327c80fe83ec"
        ],
        "x-ms-routing-request-id": [
          "WESTUS2:20161013T234054Z:b57f0e84-3d72-4cb3-b00e-327c80fe83ec"
        ]
      },
      "StatusCode": 200
    },
    {
      "RequestUri": "/subscriptions/0b1f6471-1bf0-4dda-aec3-cb9272f09590/resourcegroups/cdnResourceGroup5813?api-version=2015-11-01",
      "EncodedRequestUri": "L3N1YnNjcmlwdGlvbnMvMGIxZjY0NzEtMWJmMC00ZGRhLWFlYzMtY2I5MjcyZjA5NTkwL3Jlc291cmNlZ3JvdXBzL2NkblJlc291cmNlR3JvdXA1ODEzP2FwaS12ZXJzaW9uPTIwMTUtMTEtMDE=",
      "RequestMethod": "DELETE",
      "RequestBody": "",
      "RequestHeaders": {
        "x-ms-client-request-id": [
          "c8d5f933-5ed1-4fd6-8f30-e57a675a754b"
        ],
        "accept-language": [
          "en-US"
        ],
        "User-Agent": [
          "Microsoft.Azure.Management.Resources.ResourceManagementClient/1.0.0-preview"
        ]
      },
      "ResponseBody": "",
      "ResponseHeaders": {
        "Content-Length": [
          "0"
        ],
        "Expires": [
          "-1"
        ],
        "Cache-Control": [
          "no-cache"
        ],
        "Date": [
          "Thu, 13 Oct 2016 23:40:54 GMT"
        ],
        "Pragma": [
          "no-cache"
        ],
        "Location": [
          "https://management.azure.com/subscriptions/0b1f6471-1bf0-4dda-aec3-cb9272f09590/operationresults/eyJqb2JJZCI6IlJFU09VUkNFR1JPVVBERUxFVElPTkpPQi1DRE5SRVNPVVJDRUdST1VQNTgxMy1XRVNUVVMiLCJqb2JMb2NhdGlvbiI6Indlc3R1cyJ9?api-version=2015-11-01"
        ],
        "Retry-After": [
          "15"
        ],
        "x-ms-ratelimit-remaining-subscription-writes": [
          "1199"
        ],
        "x-ms-request-id": [
          "bd0d1e08-d777-4875-aa44-a3e675ffaad1"
        ],
        "x-ms-correlation-request-id": [
          "bd0d1e08-d777-4875-aa44-a3e675ffaad1"
        ],
        "x-ms-routing-request-id": [
          "WESTUS2:20161013T234055Z:bd0d1e08-d777-4875-aa44-a3e675ffaad1"
        ],
        "Strict-Transport-Security": [
          "max-age=31536000; includeSubDomains"
        ]
      },
      "StatusCode": 202
    },
    {
      "RequestUri": "/subscriptions/0b1f6471-1bf0-4dda-aec3-cb9272f09590/operationresults/eyJqb2JJZCI6IlJFU09VUkNFR1JPVVBERUxFVElPTkpPQi1DRE5SRVNPVVJDRUdST1VQNTgxMy1XRVNUVVMiLCJqb2JMb2NhdGlvbiI6Indlc3R1cyJ9?api-version=2015-11-01",
      "EncodedRequestUri": "L3N1YnNjcmlwdGlvbnMvMGIxZjY0NzEtMWJmMC00ZGRhLWFlYzMtY2I5MjcyZjA5NTkwL29wZXJhdGlvbnJlc3VsdHMvZXlKcWIySkpaQ0k2SWxKRlUwOVZVa05GUjFKUFZWQkVSVXhGVkVsUFRrcFBRaTFEUkU1U1JWTlBWVkpEUlVkU1QxVlFOVGd4TXkxWFJWTlVWVk1pTENKcWIySk1iMk5oZEdsdmJpSTZJbmRsYzNSMWN5Sjk/YXBpLXZlcnNpb249MjAxNS0xMS0wMQ==",
      "RequestMethod": "GET",
      "RequestBody": "",
      "RequestHeaders": {
        "User-Agent": [
          "Microsoft.Azure.Management.Resources.ResourceManagementClient/1.0.0-preview"
        ]
      },
      "ResponseBody": "",
      "ResponseHeaders": {
        "Content-Length": [
          "0"
        ],
        "Expires": [
          "-1"
        ],
        "Cache-Control": [
          "no-cache"
        ],
        "Date": [
          "Thu, 13 Oct 2016 23:41:24 GMT"
        ],
        "Pragma": [
          "no-cache"
        ],
        "Location": [
          "https://management.azure.com/subscriptions/0b1f6471-1bf0-4dda-aec3-cb9272f09590/operationresults/eyJqb2JJZCI6IlJFU09VUkNFR1JPVVBERUxFVElPTkpPQi1DRE5SRVNPVVJDRUdST1VQNTgxMy1XRVNUVVMiLCJqb2JMb2NhdGlvbiI6Indlc3R1cyJ9?api-version=2015-11-01"
        ],
        "Retry-After": [
          "15"
        ],
        "x-ms-ratelimit-remaining-subscription-reads": [
          "14998"
        ],
        "x-ms-request-id": [
          "693751ad-b749-421d-bc88-1a9b8ae187c1"
        ],
        "x-ms-correlation-request-id": [
          "693751ad-b749-421d-bc88-1a9b8ae187c1"
        ],
        "x-ms-routing-request-id": [
          "WESTUS2:20161013T234125Z:693751ad-b749-421d-bc88-1a9b8ae187c1"
        ],
        "Strict-Transport-Security": [
          "max-age=31536000; includeSubDomains"
        ]
      },
      "StatusCode": 202
    },
    {
      "RequestUri": "/subscriptions/0b1f6471-1bf0-4dda-aec3-cb9272f09590/operationresults/eyJqb2JJZCI6IlJFU09VUkNFR1JPVVBERUxFVElPTkpPQi1DRE5SRVNPVVJDRUdST1VQNTgxMy1XRVNUVVMiLCJqb2JMb2NhdGlvbiI6Indlc3R1cyJ9?api-version=2015-11-01",
      "EncodedRequestUri": "L3N1YnNjcmlwdGlvbnMvMGIxZjY0NzEtMWJmMC00ZGRhLWFlYzMtY2I5MjcyZjA5NTkwL29wZXJhdGlvbnJlc3VsdHMvZXlKcWIySkpaQ0k2SWxKRlUwOVZVa05GUjFKUFZWQkVSVXhGVkVsUFRrcFBRaTFEUkU1U1JWTlBWVkpEUlVkU1QxVlFOVGd4TXkxWFJWTlVWVk1pTENKcWIySk1iMk5oZEdsdmJpSTZJbmRsYzNSMWN5Sjk/YXBpLXZlcnNpb249MjAxNS0xMS0wMQ==",
      "RequestMethod": "GET",
      "RequestBody": "",
      "RequestHeaders": {
        "User-Agent": [
          "Microsoft.Azure.Management.Resources.ResourceManagementClient/1.0.0-preview"
        ]
      },
      "ResponseBody": "",
      "ResponseHeaders": {
        "Content-Length": [
          "0"
        ],
        "Expires": [
          "-1"
        ],
        "Cache-Control": [
          "no-cache"
        ],
        "Date": [
          "Thu, 13 Oct 2016 23:41:55 GMT"
        ],
        "Pragma": [
          "no-cache"
        ],
        "Location": [
          "https://management.azure.com/subscriptions/0b1f6471-1bf0-4dda-aec3-cb9272f09590/operationresults/eyJqb2JJZCI6IlJFU09VUkNFR1JPVVBERUxFVElPTkpPQi1DRE5SRVNPVVJDRUdST1VQNTgxMy1XRVNUVVMiLCJqb2JMb2NhdGlvbiI6Indlc3R1cyJ9?api-version=2015-11-01"
        ],
        "Retry-After": [
          "15"
        ],
        "x-ms-ratelimit-remaining-subscription-reads": [
          "14997"
        ],
        "x-ms-request-id": [
          "69b0e613-cf5e-4ef9-8b93-4e5ce824c4bf"
        ],
        "x-ms-correlation-request-id": [
          "69b0e613-cf5e-4ef9-8b93-4e5ce824c4bf"
        ],
        "x-ms-routing-request-id": [
          "WESTUS2:20161013T234155Z:69b0e613-cf5e-4ef9-8b93-4e5ce824c4bf"
        ],
        "Strict-Transport-Security": [
          "max-age=31536000; includeSubDomains"
        ]
      },
      "StatusCode": 202
    },
    {
      "RequestUri": "/subscriptions/0b1f6471-1bf0-4dda-aec3-cb9272f09590/operationresults/eyJqb2JJZCI6IlJFU09VUkNFR1JPVVBERUxFVElPTkpPQi1DRE5SRVNPVVJDRUdST1VQNTgxMy1XRVNUVVMiLCJqb2JMb2NhdGlvbiI6Indlc3R1cyJ9?api-version=2015-11-01",
      "EncodedRequestUri": "L3N1YnNjcmlwdGlvbnMvMGIxZjY0NzEtMWJmMC00ZGRhLWFlYzMtY2I5MjcyZjA5NTkwL29wZXJhdGlvbnJlc3VsdHMvZXlKcWIySkpaQ0k2SWxKRlUwOVZVa05GUjFKUFZWQkVSVXhGVkVsUFRrcFBRaTFEUkU1U1JWTlBWVkpEUlVkU1QxVlFOVGd4TXkxWFJWTlVWVk1pTENKcWIySk1iMk5oZEdsdmJpSTZJbmRsYzNSMWN5Sjk/YXBpLXZlcnNpb249MjAxNS0xMS0wMQ==",
      "RequestMethod": "GET",
      "RequestBody": "",
      "RequestHeaders": {
        "User-Agent": [
          "Microsoft.Azure.Management.Resources.ResourceManagementClient/1.0.0-preview"
        ]
      },
      "ResponseBody": "",
      "ResponseHeaders": {
        "Content-Length": [
          "0"
        ],
        "Expires": [
          "-1"
        ],
        "Cache-Control": [
          "no-cache"
        ],
        "Date": [
          "Thu, 13 Oct 2016 23:42:25 GMT"
        ],
        "Pragma": [
          "no-cache"
        ],
        "Location": [
          "https://management.azure.com/subscriptions/0b1f6471-1bf0-4dda-aec3-cb9272f09590/operationresults/eyJqb2JJZCI6IlJFU09VUkNFR1JPVVBERUxFVElPTkpPQi1DRE5SRVNPVVJDRUdST1VQNTgxMy1XRVNUVVMiLCJqb2JMb2NhdGlvbiI6Indlc3R1cyJ9?api-version=2015-11-01"
        ],
        "Retry-After": [
          "15"
        ],
        "x-ms-ratelimit-remaining-subscription-reads": [
          "14996"
        ],
        "x-ms-request-id": [
          "46f6865e-63a6-49f3-98da-c1a597248d64"
        ],
        "x-ms-correlation-request-id": [
          "46f6865e-63a6-49f3-98da-c1a597248d64"
        ],
        "x-ms-routing-request-id": [
          "WESTUS2:20161013T234225Z:46f6865e-63a6-49f3-98da-c1a597248d64"
        ],
        "Strict-Transport-Security": [
          "max-age=31536000; includeSubDomains"
        ]
      },
      "StatusCode": 202
    },
    {
      "RequestUri": "/subscriptions/0b1f6471-1bf0-4dda-aec3-cb9272f09590/operationresults/eyJqb2JJZCI6IlJFU09VUkNFR1JPVVBERUxFVElPTkpPQi1DRE5SRVNPVVJDRUdST1VQNTgxMy1XRVNUVVMiLCJqb2JMb2NhdGlvbiI6Indlc3R1cyJ9?api-version=2015-11-01",
      "EncodedRequestUri": "L3N1YnNjcmlwdGlvbnMvMGIxZjY0NzEtMWJmMC00ZGRhLWFlYzMtY2I5MjcyZjA5NTkwL29wZXJhdGlvbnJlc3VsdHMvZXlKcWIySkpaQ0k2SWxKRlUwOVZVa05GUjFKUFZWQkVSVXhGVkVsUFRrcFBRaTFEUkU1U1JWTlBWVkpEUlVkU1QxVlFOVGd4TXkxWFJWTlVWVk1pTENKcWIySk1iMk5oZEdsdmJpSTZJbmRsYzNSMWN5Sjk/YXBpLXZlcnNpb249MjAxNS0xMS0wMQ==",
      "RequestMethod": "GET",
      "RequestBody": "",
      "RequestHeaders": {
        "User-Agent": [
          "Microsoft.Azure.Management.Resources.ResourceManagementClient/1.0.0-preview"
        ]
      },
      "ResponseBody": "",
      "ResponseHeaders": {
        "Content-Length": [
          "0"
        ],
        "Expires": [
          "-1"
        ],
        "Cache-Control": [
          "no-cache"
        ],
        "Date": [
          "Thu, 13 Oct 2016 23:42:54 GMT"
        ],
        "Pragma": [
          "no-cache"
        ],
        "x-ms-ratelimit-remaining-subscription-reads": [
          "14995"
        ],
        "x-ms-request-id": [
          "d7f0de3e-a8d9-4241-9fac-4254b6c42929"
        ],
        "x-ms-correlation-request-id": [
          "d7f0de3e-a8d9-4241-9fac-4254b6c42929"
        ],
        "x-ms-routing-request-id": [
          "WESTUS2:20161013T234255Z:d7f0de3e-a8d9-4241-9fac-4254b6c42929"
        ],
        "Strict-Transport-Security": [
          "max-age=31536000; includeSubDomains"
        ]
      },
      "StatusCode": 200
    }
  ],
  "Names": {
    "CreateResourceGroup": [
      "cdnResourceGroup5813"
    ],
    "ProfileCreateTest": [
      "profile1845",
      "profile6797"
    ]
  },
  "Variables": {
    "SubscriptionId": "0b1f6471-1bf0-4dda-aec3-cb9272f09590"
  }
}