{
  "Entries": [
    {
      "RequestUri": "https://fakeHost.api.wus2.digitaltwins.azure.net/eventroutes/someEventRouteId-690889591?api-version=2023-06-30",
      "RequestMethod": "PUT",
      "RequestHeaders": {
        "Accept": "application/json",
        "Authorization": "Sanitized",
        "Content-Length": "165",
        "Content-Type": "application/json",
        "traceparent": "00-44c7a93b864eb4fb508b02ab04bd5008-82f2bb81d3bb3e5e-00",
        "User-Agent": "azsdk-net-DigitalTwins.Core/1.5.0-alpha.20230531.1 (.NET 6.0.16; Microsoft Windows 10.0.22621)",
        "x-ms-client-request-id": "1843cb03d1f9955805719cfcc4da0df6",
        "x-ms-return-client-request-id": "true"
      },
      "RequestBody": {
        "endpointName": "someEventHubEndpoint",
        "filter": "$eventType = \u0027DigitalTwinTelemetryMessages\u0027 or $eventType = \u0027DigitalTwinLifecycleNotification\u0027"
      },
      "StatusCode": 204,
      "ResponseHeaders": {
        "Content-Length": "0",
        "Date": "Wed, 31 May 2023 22:12:49 GMT",
        "mise-correlation-id": "0c5b4b82-b26f-431d-a091-fa7ce4c67c45",
        "Strict-Transport-Security": "max-age=2592000",
        "traceresponse": "00-44c7a93b864eb4fb508b02ab04bd5008-c809369670ec089b-01"
      },
      "ResponseBody": null
    },
    {
      "RequestUri": "https://fakeHost.api.wus2.digitaltwins.azure.net/eventroutes/someEventRouteId-690889591?api-version=2023-06-30",
      "RequestMethod": "GET",
      "RequestHeaders": {
        "Accept": "application/json",
        "Authorization": "Sanitized",
        "traceparent": "00-8a2054d47fccc601546ab569ea39575e-925b985f569bdfd5-00",
        "User-Agent": "azsdk-net-DigitalTwins.Core/1.5.0-alpha.20230531.1 (.NET 6.0.16; Microsoft Windows 10.0.22621)",
        "x-ms-client-request-id": "a4a827b1ae39dcffc0f5bfeb09ee48ff",
        "x-ms-return-client-request-id": "true"
      },
      "RequestBody": null,
      "StatusCode": 200,
      "ResponseHeaders": {
        "Content-Length": "179",
        "Content-Type": "application/json; charset=utf-8",
        "Date": "Wed, 31 May 2023 22:13:00 GMT",
        "mise-correlation-id": "dd3b250c-5ae2-4024-b75b-ecb2abe1bc97",
        "Strict-Transport-Security": "max-age=2592000",
        "traceresponse": "00-8a2054d47fccc601546ab569ea39575e-1d9bf53bf25315f2-01"
      },
      "ResponseBody": {
        "id": "someEventRouteId-690889591",
        "endpointName": "someEventHubEndpoint",
        "filter": "$eventType = \u0027DigitalTwinTelemetryMessages\u0027 or $eventType = \u0027DigitalTwinLifecycleNotification\u0027"
      }
    },
    {
      "RequestUri": "https://fakeHost.api.wus2.digitaltwins.azure.net/eventroutes?api-version=2023-06-30",
      "RequestMethod": "GET",
      "RequestHeaders": {
        "Accept": "application/json",
        "Authorization": "Sanitized",
        "traceparent": "00-4cbabfa575b789c59b0258380de3937e-46829bb643570c0e-00",
        "User-Agent": "azsdk-net-DigitalTwins.Core/1.5.0-alpha.20230531.1 (.NET 6.0.16; Microsoft Windows 10.0.22621)",
        "x-ms-client-request-id": "96e9063803251d7ade7bc8506d06c915",
        "x-ms-return-client-request-id": "true"
      },
      "RequestBody": null,
      "StatusCode": 200,
      "ResponseHeaders": {
        "Content-Length": "207",
        "Content-Type": "application/json; charset=utf-8",
        "Date": "Wed, 31 May 2023 22:13:00 GMT",
        "mise-correlation-id": "bb6737ca-a1f2-40c7-98fb-15cb355006f9",
        "Strict-Transport-Security": "max-age=2592000",
        "traceresponse": "00-4cbabfa575b789c59b0258380de3937e-94196cf34bfab293-01"
      },
      "ResponseBody": {
        "value": [
          {
            "id": "someEventRouteId-690889591",
            "endpointName": "someEventHubEndpoint",
            "filter": "$eventType = \u0027DigitalTwinTelemetryMessages\u0027 or $eventType = \u0027DigitalTwinLifecycleNotification\u0027"
          }
        ],
        "nextLink": null
      }
    },
    {
      "RequestUri": "https://fakeHost.api.wus2.digitaltwins.azure.net/eventroutes/someEventRouteId-690889591?api-version=2023-06-30",
      "RequestMethod": "DELETE",
      "RequestHeaders": {
        "Accept": "application/json",
        "Authorization": "Sanitized",
        "traceparent": "00-841ba3e6596ee564b0502add7431fb9f-bb3a520164b93045-00",
        "User-Agent": "azsdk-net-DigitalTwins.Core/1.5.0-alpha.20230531.1 (.NET 6.0.16; Microsoft Windows 10.0.22621)",
        "x-ms-client-request-id": "8044098de32d553dcc675704116d8b17",
        "x-ms-return-client-request-id": "true"
      },
      "RequestBody": null,
      "StatusCode": 204,
      "ResponseHeaders": {
        "Content-Length": "0",
        "Date": "Wed, 31 May 2023 22:13:00 GMT",
        "mise-correlation-id": "508ec325-1594-4d21-bc66-4fcd4256b959",
        "Strict-Transport-Security": "max-age=2592000",
        "traceresponse": "00-841ba3e6596ee564b0502add7431fb9f-e1101adf7220b10f-01"
      },
      "ResponseBody": null
    },
    {
      "RequestUri": "https://fakeHost.api.wus2.digitaltwins.azure.net/eventroutes/someEventRouteId-690889591?api-version=2023-06-30",
      "RequestMethod": "GET",
      "RequestHeaders": {
        "Accept": "application/json",
        "Authorization": "Sanitized",
        "traceparent": "00-8f07b6675f1d5c526781a6f87b03288f-7daee2b8a2bc15d3-00",
        "User-Agent": "azsdk-net-DigitalTwins.Core/1.5.0-alpha.20230531.1 (.NET 6.0.16; Microsoft Windows 10.0.22621)",
        "x-ms-client-request-id": "bdc39d2976f1aed1ac8bc5bee5af6eb9",
        "x-ms-return-client-request-id": "true"
      },
      "RequestBody": null,
      "StatusCode": 404,
      "ResponseHeaders": {
        "Content-Length": "223",
        "Content-Type": "application/json; charset=utf-8",
        "Date": "Wed, 31 May 2023 22:13:10 GMT",
        "mise-correlation-id": "2626bfa5-ffe6-45c3-98df-0edd220a6d69",
        "Strict-Transport-Security": "max-age=2592000",
        "traceresponse": "00-8f07b6675f1d5c526781a6f87b03288f-15916476df00967a-01",
        "x-ms-error-code": "EventRouteNotFound"
      },
      "ResponseBody": {
        "error": {
          "code": "EventRouteNotFound",
          "message": "There is no route available that matches the provided input. Check for all valid event routes by calling EventRoute_List. See Swagger example (https://aka.ms/RouteSwSmpl)."
        }
      }
    }
  ],
  "Variables": {
    "AZURE_AUTHORITY_HOST": null,
    "DIGITALTWINS_URL": "https://fakeHost.api.wus2.digitaltwins.azure.net",
    "RandomSeed": "1539463898"
  }
}
