{
  "Entries": [
    {
      "RequestUri": "https://mariari-westus2-s.cognitiveservices.azure.com/text/analytics/v3.1-preview.4/analyze",
      "RequestMethod": "POST",
      "RequestHeaders": {
        "Accept": "application/json, text/json",
        "Content-Length": "1968",
        "Content-Type": "application/json",
        "Ocp-Apim-Subscription-Key": "Sanitized",
        "traceparent": "00-08f65d9195f0d14d9b414cae7e25e12f-bf3aeda44bcd2541-00",
        "User-Agent": "azsdk-net-AI.TextAnalytics/5.1.0-alpha.20210305.1 (.NET Framework 4.8.4300.0; Microsoft Windows 10.0.19042 )",
        "x-ms-client-request-id": "5a3d6c2348d829c15de122829c1d2254",
        "x-ms-return-client-request-id": "true"
      },
      "RequestBody": {
        "analysisInput": {
          "documents": [
            {
              "id": "0",
              "text": "Elon Musk is the CEO of SpaceX and Tesla.",
              "language": "en"
            },
            {
              "id": "1",
              "text": "Elon Musk is the CEO of SpaceX and Tesla.",
              "language": "en"
            },
            {
              "id": "2",
              "text": "Elon Musk is the CEO of SpaceX and Tesla.",
              "language": "en"
            },
            {
              "id": "3",
              "text": "Elon Musk is the CEO of SpaceX and Tesla.",
              "language": "en"
            },
            {
              "id": "4",
              "text": "Elon Musk is the CEO of SpaceX and Tesla.",
              "language": "en"
            },
            {
              "id": "5",
              "text": "Elon Musk is the CEO of SpaceX and Tesla.",
              "language": "en"
            },
            {
              "id": "6",
              "text": "Elon Musk is the CEO of SpaceX and Tesla.",
              "language": "en"
            },
            {
              "id": "7",
              "text": "Elon Musk is the CEO of SpaceX and Tesla.",
              "language": "en"
            },
            {
              "id": "8",
              "text": "Elon Musk is the CEO of SpaceX and Tesla.",
              "language": "en"
            },
            {
              "id": "9",
              "text": "Elon Musk is the CEO of SpaceX and Tesla.",
              "language": "en"
            },
            {
              "id": "10",
              "text": "Elon Musk is the CEO of SpaceX and Tesla.",
              "language": "en"
            },
            {
              "id": "11",
              "text": "Elon Musk is the CEO of SpaceX and Tesla.",
              "language": "en"
            },
            {
              "id": "12",
              "text": "Elon Musk is the CEO of SpaceX and Tesla.",
              "language": "en"
            },
            {
              "id": "13",
              "text": "Elon Musk is the CEO of SpaceX and Tesla.",
              "language": "en"
            },
            {
              "id": "14",
              "text": "Elon Musk is the CEO of SpaceX and Tesla.",
              "language": "en"
            },
            {
              "id": "15",
              "text": "Elon Musk is the CEO of SpaceX and Tesla.",
              "language": "en"
            },
            {
              "id": "16",
              "text": "Elon Musk is the CEO of SpaceX and Tesla.",
              "language": "en"
            },
            {
              "id": "17",
              "text": "Elon Musk is the CEO of SpaceX and Tesla.",
              "language": "en"
            },
            {
              "id": "18",
              "text": "Elon Musk is the CEO of SpaceX and Tesla.",
              "language": "en"
            },
            {
              "id": "19",
              "text": "Elon Musk is the CEO of SpaceX and Tesla.",
              "language": "en"
            },
            {
              "id": "20",
              "text": "Elon Musk is the CEO of SpaceX and Tesla.",
              "language": "en"
            },
            {
              "id": "21",
              "text": "Elon Musk is the CEO of SpaceX and Tesla.",
              "language": "en"
            },
            {
              "id": "22",
              "text": "Elon Musk is the CEO of SpaceX and Tesla.",
              "language": "en"
            }
          ]
        },
        "tasks": {
          "keyPhraseExtractionTasks": [
            {
              "parameters": {
                "model-version": "latest"
              }
            }
          ]
        },
        "displayName": "AnalyzeOperationWithPagination"
      },
      "StatusCode": 202,
      "ResponseHeaders": {
        "apim-request-id": "58459fca-240d-4140-8703-b5b94acd5612",
        "Date": "Fri, 05 Mar 2021 20:19:49 GMT",
        "operation-location": "https://mariari-westus2-s.cognitiveservices.azure.com/text/analytics/v3.1-preview.4/analyze/jobs/778d8c1f-8a4e-4cff-b140-67e827fabb93",
        "Strict-Transport-Security": "max-age=31536000; includeSubDomains; preload",
        "Transfer-Encoding": "chunked",
        "x-content-type-options": "nosniff",
        "x-envoy-upstream-service-time": "385"
      },
      "ResponseBody": []
    },
    {
      "RequestUri": "https://mariari-westus2-s.cognitiveservices.azure.com/text/analytics/v3.1-preview.4/analyze/jobs/778d8c1f-8a4e-4cff-b140-67e827fabb93?showStats=false",
      "RequestMethod": "GET",
      "RequestHeaders": {
        "Accept": "application/json, text/json",
        "Ocp-Apim-Subscription-Key": "Sanitized",
        "User-Agent": "azsdk-net-AI.TextAnalytics/5.1.0-alpha.20210305.1 (.NET Framework 4.8.4300.0; Microsoft Windows 10.0.19042 )",
        "x-ms-client-request-id": "4d5c3f1f260ea429f32258bc15d3c165",
        "x-ms-return-client-request-id": "true"
      },
      "RequestBody": null,
      "StatusCode": 200,
      "ResponseHeaders": {
        "apim-request-id": "27ed32d9-9635-4942-b339-9643ffda81d2",
        "Content-Type": "application/json; charset=utf-8",
        "Date": "Fri, 05 Mar 2021 20:19:50 GMT",
        "Strict-Transport-Security": "max-age=31536000; includeSubDomains; preload",
        "Transfer-Encoding": "chunked",
        "x-content-type-options": "nosniff",
        "x-envoy-upstream-service-time": "114"
      },
      "ResponseBody": {
        "displayName": "AnalyzeOperationWithPagination",
        "jobId": "778d8c1f-8a4e-4cff-b140-67e827fabb93",
        "lastUpdateDateTime": "2021-03-05T20:19:49Z",
        "createdDateTime": "2021-03-05T20:19:49Z",
        "expirationDateTime": "2021-03-06T20:19:49Z",
        "status": "notStarted",
        "errors": [],
        "tasks": {
          "details": {
            "name": "AnalyzeOperationWithPagination",
            "lastUpdateDateTime": "2021-03-05T20:19:49Z"
          },
          "completed": 0,
          "failed": 0,
          "inProgress": 0,
          "total": 0
        }
      }
    },
    {
      "RequestUri": "https://mariari-westus2-s.cognitiveservices.azure.com/text/analytics/v3.1-preview.4/analyze/jobs/778d8c1f-8a4e-4cff-b140-67e827fabb93?showStats=false",
      "RequestMethod": "GET",
      "RequestHeaders": {
        "Accept": "application/json, text/json",
        "Ocp-Apim-Subscription-Key": "Sanitized",
        "User-Agent": "azsdk-net-AI.TextAnalytics/5.1.0-alpha.20210305.1 (.NET Framework 4.8.4300.0; Microsoft Windows 10.0.19042 )",
        "x-ms-client-request-id": "0814b8f9ff4d9a0118a1c7a3b4ca2d52",
        "x-ms-return-client-request-id": "true"
      },
      "RequestBody": null,
      "StatusCode": 200,
      "ResponseHeaders": {
        "apim-request-id": "77547003-7433-46e9-8999-5378bec2a264",
        "Content-Type": "application/json; charset=utf-8",
        "Date": "Fri, 05 Mar 2021 20:19:51 GMT",
        "Strict-Transport-Security": "max-age=31536000; includeSubDomains; preload",
        "Transfer-Encoding": "chunked",
        "x-content-type-options": "nosniff",
        "x-envoy-upstream-service-time": "146"
      },
      "ResponseBody": {
        "displayName": "AnalyzeOperationWithPagination",
        "jobId": "778d8c1f-8a4e-4cff-b140-67e827fabb93",
        "lastUpdateDateTime": "2021-03-05T20:19:50Z",
        "createdDateTime": "2021-03-05T20:19:49Z",
        "expirationDateTime": "2021-03-06T20:19:49Z",
        "status": "running",
        "errors": [],
        "tasks": {
          "details": {
            "name": "AnalyzeOperationWithPagination",
            "lastUpdateDateTime": "2021-03-05T20:19:50Z"
          },
          "completed": 0,
          "failed": 0,
          "inProgress": 1,
          "total": 1
        }
      }
    },
    {
      "RequestUri": "https://mariari-westus2-s.cognitiveservices.azure.com/text/analytics/v3.1-preview.4/analyze/jobs/778d8c1f-8a4e-4cff-b140-67e827fabb93?showStats=false",
      "RequestMethod": "GET",
      "RequestHeaders": {
        "Accept": "application/json, text/json",
        "Ocp-Apim-Subscription-Key": "Sanitized",
        "User-Agent": "azsdk-net-AI.TextAnalytics/5.1.0-alpha.20210305.1 (.NET Framework 4.8.4300.0; Microsoft Windows 10.0.19042 )",
        "x-ms-client-request-id": "e5bd681a9611fd57429866b6f0041489",
        "x-ms-return-client-request-id": "true"
      },
      "RequestBody": null,
      "StatusCode": 200,
      "ResponseHeaders": {
        "apim-request-id": "8945e265-d983-4b8e-bd63-87019615ec91",
        "Content-Type": "application/json; charset=utf-8",
        "Date": "Fri, 05 Mar 2021 20:19:52 GMT",
        "Strict-Transport-Security": "max-age=31536000; includeSubDomains; preload",
        "Transfer-Encoding": "chunked",
        "x-content-type-options": "nosniff",
        "x-envoy-upstream-service-time": "120"
      },
      "ResponseBody": {
        "displayName": "AnalyzeOperationWithPagination",
        "jobId": "778d8c1f-8a4e-4cff-b140-67e827fabb93",
        "lastUpdateDateTime": "2021-03-05T20:19:50Z",
        "createdDateTime": "2021-03-05T20:19:49Z",
        "expirationDateTime": "2021-03-06T20:19:49Z",
        "status": "running",
        "errors": [],
        "tasks": {
          "details": {
            "name": "AnalyzeOperationWithPagination",
            "lastUpdateDateTime": "2021-03-05T20:19:50Z"
          },
          "completed": 0,
          "failed": 0,
          "inProgress": 1,
          "total": 1
        }
      }
    },
    {
      "RequestUri": "https://mariari-westus2-s.cognitiveservices.azure.com/text/analytics/v3.1-preview.4/analyze/jobs/778d8c1f-8a4e-4cff-b140-67e827fabb93?showStats=false",
      "RequestMethod": "GET",
      "RequestHeaders": {
        "Accept": "application/json, text/json",
        "Ocp-Apim-Subscription-Key": "Sanitized",
        "User-Agent": "azsdk-net-AI.TextAnalytics/5.1.0-alpha.20210305.1 (.NET Framework 4.8.4300.0; Microsoft Windows 10.0.19042 )",
        "x-ms-client-request-id": "e389bc1f1a0820073dc2346c5e86f029",
        "x-ms-return-client-request-id": "true"
      },
      "RequestBody": null,
      "StatusCode": 200,
      "ResponseHeaders": {
        "apim-request-id": "d63941f0-667d-4b6f-90bd-31a4198bd105",
        "Content-Type": "application/json; charset=utf-8",
        "Date": "Fri, 05 Mar 2021 20:19:53 GMT",
        "Strict-Transport-Security": "max-age=31536000; includeSubDomains; preload",
        "Transfer-Encoding": "chunked",
        "x-content-type-options": "nosniff",
        "x-envoy-upstream-service-time": "98"
      },
      "ResponseBody": {
        "displayName": "AnalyzeOperationWithPagination",
        "jobId": "778d8c1f-8a4e-4cff-b140-67e827fabb93",
        "lastUpdateDateTime": "2021-03-05T20:19:50Z",
        "createdDateTime": "2021-03-05T20:19:49Z",
        "expirationDateTime": "2021-03-06T20:19:49Z",
        "status": "running",
        "errors": [],
        "tasks": {
          "details": {
            "name": "AnalyzeOperationWithPagination",
            "lastUpdateDateTime": "2021-03-05T20:19:50Z"
          },
          "completed": 0,
          "failed": 0,
          "inProgress": 1,
          "total": 1
        }
      }
    },
    {
      "RequestUri": "https://mariari-westus2-s.cognitiveservices.azure.com/text/analytics/v3.1-preview.4/analyze/jobs/778d8c1f-8a4e-4cff-b140-67e827fabb93?showStats=false",
      "RequestMethod": "GET",
      "RequestHeaders": {
        "Accept": "application/json, text/json",
        "Ocp-Apim-Subscription-Key": "Sanitized",
        "User-Agent": "azsdk-net-AI.TextAnalytics/5.1.0-alpha.20210305.1 (.NET Framework 4.8.4300.0; Microsoft Windows 10.0.19042 )",
        "x-ms-client-request-id": "aca106f5dc1663546016c5b4984baa13",
        "x-ms-return-client-request-id": "true"
      },
      "RequestBody": null,
      "StatusCode": 200,
      "ResponseHeaders": {
        "apim-request-id": "6bb13840-951e-4a0c-b171-ff2796736814",
        "Content-Type": "application/json; charset=utf-8",
        "Date": "Fri, 05 Mar 2021 20:19:55 GMT",
        "Strict-Transport-Security": "max-age=31536000; includeSubDomains; preload",
        "Transfer-Encoding": "chunked",
        "x-content-type-options": "nosniff",
        "x-envoy-upstream-service-time": "154"
      },
      "ResponseBody": {
        "displayName": "AnalyzeOperationWithPagination",
        "jobId": "778d8c1f-8a4e-4cff-b140-67e827fabb93",
        "lastUpdateDateTime": "2021-03-05T20:19:50Z",
        "createdDateTime": "2021-03-05T20:19:49Z",
        "expirationDateTime": "2021-03-06T20:19:49Z",
        "status": "running",
        "errors": [],
        "tasks": {
          "details": {
            "name": "AnalyzeOperationWithPagination",
            "lastUpdateDateTime": "2021-03-05T20:19:50Z"
          },
          "completed": 0,
          "failed": 0,
          "inProgress": 1,
          "total": 1
        }
      }
    },
    {
      "RequestUri": "https://mariari-westus2-s.cognitiveservices.azure.com/text/analytics/v3.1-preview.4/analyze/jobs/778d8c1f-8a4e-4cff-b140-67e827fabb93?showStats=false",
      "RequestMethod": "GET",
      "RequestHeaders": {
        "Accept": "application/json, text/json",
        "Ocp-Apim-Subscription-Key": "Sanitized",
        "User-Agent": "azsdk-net-AI.TextAnalytics/5.1.0-alpha.20210305.1 (.NET Framework 4.8.4300.0; Microsoft Windows 10.0.19042 )",
        "x-ms-client-request-id": "f7833e8d4940ff49619da74f61ea9fbc",
        "x-ms-return-client-request-id": "true"
      },
      "RequestBody": null,
      "StatusCode": 200,
      "ResponseHeaders": {
        "apim-request-id": "84754b54-4fc1-46bd-a0e6-685479c91f22",
        "Content-Type": "application/json; charset=utf-8",
        "Date": "Fri, 05 Mar 2021 20:19:56 GMT",
        "Strict-Transport-Security": "max-age=31536000; includeSubDomains; preload",
        "Transfer-Encoding": "chunked",
        "x-content-type-options": "nosniff",
        "x-envoy-upstream-service-time": "485"
      },
      "ResponseBody": {
        "displayName": "AnalyzeOperationWithPagination",
        "jobId": "778d8c1f-8a4e-4cff-b140-67e827fabb93",
        "lastUpdateDateTime": "2021-03-05T20:19:50Z",
        "createdDateTime": "2021-03-05T20:19:49Z",
        "expirationDateTime": "2021-03-06T20:19:49Z",
        "status": "succeeded",
        "errors": [],
        "tasks": {
          "details": {
            "name": "AnalyzeOperationWithPagination",
            "lastUpdateDateTime": "2021-03-05T20:19:50Z"
          },
          "completed": 1,
          "failed": 0,
          "inProgress": 0,
          "total": 1,
          "keyPhraseExtractionTasks": [
            {
              "lastUpdateDateTime": "2021-03-05T20:19:50.8182918Z",
              "name": "AnalyzeOperationWithPagination",
              "state": "succeeded",
              "results": {
                "documents": [
                  {
                    "id": "0",
                    "keyPhrases": [
                      "CEO of SpaceX",
                      "Elon Musk",
                      "Tesla"
                    ],
                    "warnings": []
                  },
                  {
                    "id": "1",
                    "keyPhrases": [
                      "CEO of SpaceX",
                      "Elon Musk",
                      "Tesla"
                    ],
                    "warnings": []
                  },
                  {
                    "id": "2",
                    "keyPhrases": [
                      "CEO of SpaceX",
                      "Elon Musk",
                      "Tesla"
                    ],
                    "warnings": []
                  },
                  {
                    "id": "3",
                    "keyPhrases": [
                      "CEO of SpaceX",
                      "Elon Musk",
                      "Tesla"
                    ],
                    "warnings": []
                  },
                  {
                    "id": "4",
                    "keyPhrases": [
                      "CEO of SpaceX",
                      "Elon Musk",
                      "Tesla"
                    ],
                    "warnings": []
                  },
                  {
                    "id": "5",
                    "keyPhrases": [
                      "CEO of SpaceX",
                      "Elon Musk",
                      "Tesla"
                    ],
                    "warnings": []
                  },
                  {
                    "id": "6",
                    "keyPhrases": [
                      "CEO of SpaceX",
                      "Elon Musk",
                      "Tesla"
                    ],
                    "warnings": []
                  },
                  {
                    "id": "7",
                    "keyPhrases": [
                      "CEO of SpaceX",
                      "Elon Musk",
                      "Tesla"
                    ],
                    "warnings": []
                  },
                  {
                    "id": "8",
                    "keyPhrases": [
                      "CEO of SpaceX",
                      "Elon Musk",
                      "Tesla"
                    ],
                    "warnings": []
                  },
                  {
                    "id": "9",
                    "keyPhrases": [
                      "CEO of SpaceX",
                      "Elon Musk",
                      "Tesla"
                    ],
                    "warnings": []
                  },
                  {
                    "id": "10",
                    "keyPhrases": [
                      "CEO of SpaceX",
                      "Elon Musk",
                      "Tesla"
                    ],
                    "warnings": []
                  },
                  {
                    "id": "11",
                    "keyPhrases": [
                      "CEO of SpaceX",
                      "Elon Musk",
                      "Tesla"
                    ],
                    "warnings": []
                  },
                  {
                    "id": "12",
                    "keyPhrases": [
                      "CEO of SpaceX",
                      "Elon Musk",
                      "Tesla"
                    ],
                    "warnings": []
                  },
                  {
                    "id": "13",
                    "keyPhrases": [
                      "CEO of SpaceX",
                      "Elon Musk",
                      "Tesla"
                    ],
                    "warnings": []
                  },
                  {
                    "id": "14",
                    "keyPhrases": [
                      "CEO of SpaceX",
                      "Elon Musk",
                      "Tesla"
                    ],
                    "warnings": []
                  },
                  {
                    "id": "15",
                    "keyPhrases": [
                      "CEO of SpaceX",
                      "Elon Musk",
                      "Tesla"
                    ],
                    "warnings": []
                  },
                  {
                    "id": "16",
                    "keyPhrases": [
                      "CEO of SpaceX",
                      "Elon Musk",
                      "Tesla"
                    ],
                    "warnings": []
                  },
                  {
                    "id": "17",
                    "keyPhrases": [
                      "CEO of SpaceX",
                      "Elon Musk",
                      "Tesla"
                    ],
                    "warnings": []
                  },
                  {
                    "id": "18",
                    "keyPhrases": [
                      "CEO of SpaceX",
                      "Elon Musk",
                      "Tesla"
                    ],
                    "warnings": []
                  },
                  {
                    "id": "19",
                    "keyPhrases": [
                      "CEO of SpaceX",
                      "Elon Musk",
                      "Tesla"
                    ],
                    "warnings": []
                  }
                ],
                "errors": [],
                "modelVersion": "2020-07-01"
              }
            }
          ]
        },
        "@nextLink": "https://mariari-westus2-s.cognitiveservices.azure.com/text/analytics/v3.1-preview.4/analyze/jobs/778d8c1f-8a4e-4cff-b140-67e827fabb93?$skip=20\u0026$top=20"
      }
    },
    {
      "RequestUri": "https://mariari-westus2-s.cognitiveservices.azure.com/text/analytics/v3.1-preview.4/analyze/jobs/778d8c1f-8a4e-4cff-b140-67e827fabb93?$skip=20\u0026$top=20\u0026showStats=false",
      "RequestMethod": "GET",
      "RequestHeaders": {
        "Accept": "application/json, text/json",
        "Ocp-Apim-Subscription-Key": "Sanitized",
        "User-Agent": "azsdk-net-AI.TextAnalytics/5.1.0-alpha.20210305.1 (.NET Framework 4.8.4300.0; Microsoft Windows 10.0.19042 )",
        "x-ms-client-request-id": "eac03ca867624373682682f2555287f2",
        "x-ms-return-client-request-id": "true"
      },
      "RequestBody": null,
      "StatusCode": 200,
      "ResponseHeaders": {
        "apim-request-id": "a70ab909-45c9-4a8f-91be-12d33f6ba048",
        "Content-Type": "application/json; charset=utf-8",
        "Date": "Fri, 05 Mar 2021 20:19:56 GMT",
        "Strict-Transport-Security": "max-age=31536000; includeSubDomains; preload",
        "Transfer-Encoding": "chunked",
        "x-content-type-options": "nosniff",
        "x-envoy-upstream-service-time": "131"
      },
      "ResponseBody": {
        "displayName": "AnalyzeOperationWithPagination",
        "jobId": "778d8c1f-8a4e-4cff-b140-67e827fabb93",
        "lastUpdateDateTime": "2021-03-05T20:19:50Z",
        "createdDateTime": "2021-03-05T20:19:49Z",
        "expirationDateTime": "2021-03-06T20:19:49Z",
        "status": "succeeded",
        "errors": [],
        "tasks": {
          "details": {
            "name": "AnalyzeOperationWithPagination",
            "lastUpdateDateTime": "2021-03-05T20:19:50Z"
          },
          "completed": 1,
          "failed": 0,
          "inProgress": 0,
          "total": 1,
          "keyPhraseExtractionTasks": [
            {
              "lastUpdateDateTime": "2021-03-05T20:19:50.8182918Z",
              "name": "AnalyzeOperationWithPagination",
              "state": "succeeded",
              "results": {
                "documents": [
                  {
                    "id": "20",
                    "keyPhrases": [
                      "CEO of SpaceX",
                      "Elon Musk",
                      "Tesla"
                    ],
                    "warnings": []
                  },
                  {
                    "id": "21",
                    "keyPhrases": [
                      "CEO of SpaceX",
                      "Elon Musk",
                      "Tesla"
                    ],
                    "warnings": []
                  },
                  {
                    "id": "22",
                    "keyPhrases": [
                      "CEO of SpaceX",
                      "Elon Musk",
                      "Tesla"
                    ],
                    "warnings": []
                  }
                ],
                "errors": [],
                "modelVersion": "2020-07-01"
              }
            }
          ]
        }
      }
    },
    {
      "RequestUri": "https://mariari-westus2-s.cognitiveservices.azure.com/text/analytics/v3.1-preview.4/analyze/jobs/778d8c1f-8a4e-4cff-b140-67e827fabb93?$skip=20\u0026$top=20\u0026showStats=false",
      "RequestMethod": "GET",
      "RequestHeaders": {
        "Accept": "application/json, text/json",
        "Ocp-Apim-Subscription-Key": "Sanitized",
        "User-Agent": "azsdk-net-AI.TextAnalytics/5.1.0-alpha.20210305.1 (.NET Framework 4.8.4300.0; Microsoft Windows 10.0.19042 )",
        "x-ms-client-request-id": "20de2017f802ace8bda24b7834050176",
        "x-ms-return-client-request-id": "true"
      },
      "RequestBody": null,
      "StatusCode": 200,
      "ResponseHeaders": {
        "apim-request-id": "b718aae4-3c13-429f-ba86-adcc13b93fc6",
        "Content-Type": "application/json; charset=utf-8",
        "Date": "Fri, 05 Mar 2021 20:19:57 GMT",
        "Strict-Transport-Security": "max-age=31536000; includeSubDomains; preload",
        "Transfer-Encoding": "chunked",
        "x-content-type-options": "nosniff",
        "x-envoy-upstream-service-time": "254"
      },
      "ResponseBody": {
        "displayName": "AnalyzeOperationWithPagination",
        "jobId": "778d8c1f-8a4e-4cff-b140-67e827fabb93",
        "lastUpdateDateTime": "2021-03-05T20:19:50Z",
        "createdDateTime": "2021-03-05T20:19:49Z",
        "expirationDateTime": "2021-03-06T20:19:49Z",
        "status": "succeeded",
        "errors": [],
        "tasks": {
          "details": {
            "name": "AnalyzeOperationWithPagination",
            "lastUpdateDateTime": "2021-03-05T20:19:50Z"
          },
          "completed": 1,
          "failed": 0,
          "inProgress": 0,
          "total": 1,
          "keyPhraseExtractionTasks": [
            {
              "lastUpdateDateTime": "2021-03-05T20:19:50.8182918Z",
              "name": "AnalyzeOperationWithPagination",
              "state": "succeeded",
              "results": {
                "documents": [
                  {
                    "id": "20",
                    "keyPhrases": [
                      "CEO of SpaceX",
                      "Elon Musk",
                      "Tesla"
                    ],
                    "warnings": []
                  },
                  {
                    "id": "21",
                    "keyPhrases": [
                      "CEO of SpaceX",
                      "Elon Musk",
                      "Tesla"
                    ],
                    "warnings": []
                  },
                  {
                    "id": "22",
                    "keyPhrases": [
                      "CEO of SpaceX",
                      "Elon Musk",
                      "Tesla"
                    ],
                    "warnings": []
                  }
                ],
                "errors": [],
                "modelVersion": "2020-07-01"
              }
            }
          ]
        }
      }
    }
  ],
  "Variables": {
    "RandomSeed": "275027038",
    "TEXT_ANALYTICS_API_KEY": "Sanitized",
    "TEXT_ANALYTICS_ENDPOINT": "https://mariari-westus2-s.cognitiveservices.azure.com/"
  }
}