{
  "Entries": [
    {
      "RequestUri": "https://textanalytics-westeurope.ppe.cognitiveservices.azure.com/text/analytics/v3.1-preview.3/analyze",
      "RequestMethod": "POST",
      "RequestHeaders": {
        "Accept": [
          "application/json",
          "text/json"
        ],
        "Content-Length": "315",
        "Content-Type": "application/json",
        "Ocp-Apim-Subscription-Key": "Sanitized",
        "Request-Id": "00-59dc84ef23ecbf4f85e9e759a04c7f54-3daf6c99d323d746-00",
        "traceparent": "00-59dc84ef23ecbf4f85e9e759a04c7f54-3daf6c99d323d746-00",
        "User-Agent": [
          "azsdk-net-AI.TextAnalytics/5.1.0-alpha.20201111.1",
          "(.NET Core 4.6.29321.03; Microsoft Windows 10.0.19042 )"
        ],
        "x-ms-client-request-id": "f5a0428665082c595c1d3b6d579c7b27",
        "x-ms-return-client-request-id": "true"
      },
      "RequestBody": {
        "analysisInput": {
          "documents": [
            {
              "id": "0",
              "text": "Elon Musk is the CEO of SpaceX and Tesla.",
              "language": "en"
            },
            {
              "id": "1",
              "text": "Tesla stock is up by 400% this year.",
              "language": "en"
            }
          ]
        },
        "tasks": {
          "keyPhraseExtractionTasks": [
            {
              "parameters": {
                "model-version": "latest"
              }
            }
          ]
        },
        "displayName": "AnalyzeOperationWithSkipParameter"
      },
      "StatusCode": 202,
      "ResponseHeaders": {
        "apim-request-id": "c72fc51f-a9d5-49b7-aa1c-ceb1bac6da51",
        "Date": "Thu, 12 Nov 2020 00:10:57 GMT",
        "operation-location": "https://textanalytics-westeurope.ppe.cognitiveservices.azure.com/text/analytics/v3.1-preview.3/analyze/jobs/a87f3cb4-197a-4862-bbfc-79654d5039ae_637407360000000000",
        "Strict-Transport-Security": "max-age=31536000; includeSubDomains; preload",
        "Transfer-Encoding": "chunked",
        "X-Content-Type-Options": "nosniff",
        "x-envoy-upstream-service-time": "288"
      },
      "ResponseBody": []
    },
    {
      "RequestUri": "https://textanalytics-westeurope.ppe.cognitiveservices.azure.com/text/analytics/v3.1-preview.3/analyze/jobs/a87f3cb4-197a-4862-bbfc-79654d5039ae_637407360000000000?showStats=false\u0026$top=1",
      "RequestMethod": "GET",
      "RequestHeaders": {
        "Accept": [
          "application/json",
          "text/json"
        ],
        "Ocp-Apim-Subscription-Key": "Sanitized",
        "Request-Id": "|73151a50-44c5cabff455e21b.",
        "User-Agent": [
          "azsdk-net-AI.TextAnalytics/5.1.0-alpha.20201111.1",
          "(.NET Core 4.6.29321.03; Microsoft Windows 10.0.19042 )"
        ],
        "x-ms-client-request-id": "553c2e9c301fafa2ce30174e56a7aeb6",
        "x-ms-return-client-request-id": "true"
      },
      "RequestBody": null,
      "StatusCode": 200,
      "ResponseHeaders": {
        "apim-request-id": "34e3d08c-d218-4577-a87e-e4b7db3dc772",
        "Content-Type": "application/json; charset=utf-8",
        "Date": "Thu, 12 Nov 2020 00:11:00 GMT",
        "Strict-Transport-Security": "max-age=31536000; includeSubDomains; preload",
        "Transfer-Encoding": "chunked",
        "X-Content-Type-Options": "nosniff",
        "x-envoy-upstream-service-time": "149"
      },
      "ResponseBody": {
        "displayName": "AnalyzeOperationWithSkipParameter",
        "jobId": "a87f3cb4-197a-4862-bbfc-79654d5039ae_637407360000000000",
        "lastUpdateDateTime": "2020-11-12T00:10:58Z",
        "createdDateTime": "2020-11-12T00:10:57Z",
        "expirationDateTime": "2020-11-13T00:10:57Z",
        "status": "notStarted",
        "errors": [],
        "tasks": {
          "details": {
            "name": "AnalyzeOperationWithSkipParameter",
            "lastUpdateDateTime": "2020-11-12T00:10:58Z"
          },
          "completed": 0,
          "failed": 0,
          "inProgress": 1,
          "total": 1
        }
      }
    },
    {
      "RequestUri": "https://textanalytics-westeurope.ppe.cognitiveservices.azure.com/text/analytics/v3.1-preview.3/analyze/jobs/a87f3cb4-197a-4862-bbfc-79654d5039ae_637407360000000000?showStats=false\u0026$top=1",
      "RequestMethod": "GET",
      "RequestHeaders": {
        "Accept": [
          "application/json",
          "text/json"
        ],
        "Ocp-Apim-Subscription-Key": "Sanitized",
        "Request-Id": "|73151a51-44c5cabff455e21b.",
        "User-Agent": [
          "azsdk-net-AI.TextAnalytics/5.1.0-alpha.20201111.1",
          "(.NET Core 4.6.29321.03; Microsoft Windows 10.0.19042 )"
        ],
        "x-ms-client-request-id": "ef89b7f4fba1a676b9ada33b769d705d",
        "x-ms-return-client-request-id": "true"
      },
      "RequestBody": null,
      "StatusCode": 200,
      "ResponseHeaders": {
        "apim-request-id": "9c88cb28-1b84-49df-9999-b2ffbc3cc6bd",
        "Content-Type": "application/json; charset=utf-8",
        "Date": "Thu, 12 Nov 2020 00:11:02 GMT",
        "Strict-Transport-Security": "max-age=31536000; includeSubDomains; preload",
        "Transfer-Encoding": "chunked",
        "X-Content-Type-Options": "nosniff",
        "x-envoy-upstream-service-time": "223"
      },
      "ResponseBody": {
        "displayName": "AnalyzeOperationWithSkipParameter",
        "jobId": "a87f3cb4-197a-4862-bbfc-79654d5039ae_637407360000000000",
        "lastUpdateDateTime": "2020-11-12T00:10:58Z",
        "createdDateTime": "2020-11-12T00:10:57Z",
        "expirationDateTime": "2020-11-13T00:10:57Z",
        "status": "succeeded",
        "errors": [],
        "tasks": {
          "details": {
            "name": "AnalyzeOperationWithSkipParameter",
            "lastUpdateDateTime": "2020-11-12T00:10:58Z"
          },
          "completed": 1,
          "failed": 0,
          "inProgress": 0,
          "total": 1,
          "keyPhraseExtractionTasks": [
            {
              "name": "AnalyzeOperationWithSkipParameter",
              "lastUpdateDateTime": "2020-11-12T00:10:58.1748106Z",
              "results": {
                "inTerminalState": true,
                "documents": [
                  {
                    "id": "0",
                    "keyPhrases": [
                      "CEO of SpaceX",
                      "Elon Musk",
                      "Tesla"
                    ],
                    "warnings": []
                  }
                ],
                "errors": [],
                "modelVersion": "2020-07-01",
                "@nextLink": "http://svc--textanalyticsdispatcher.text-analytics.svc.cluster.local/text/analytics/v3.1-preview.3/jobs/d61728df-c8e4-4b46-8a70-c953338f3942?$skip=1\u0026$top=1"
              }
            }
          ]
        },
        "nextLink": "https://textanalytics-westeurope.ppe.cognitiveservices.azure.com/text/analytics/v3.1-preview.3/analyze/jobs/a87f3cb4-197a-4862-bbfc-79654d5039ae_637407360000000000?$skip=1\u0026$top=1"
      }
    }
  ],
  "Variables": {
    "RandomSeed": "1969253882",
    "TEXT_ANALYTICS_API_KEY": "Sanitized",
    "TEXT_ANALYTICS_ENDPOINT": "https://textanalytics-westeurope.ppe.cognitiveservices.azure.com"
  }
}