{
  "Entries": [
    {
      "RequestUri": "https://javatextanalyticstestresources.cognitiveservices.azure.com/language/analyze-text/jobs?api-version=2022-10-01-preview",
      "RequestMethod": "POST",
      "RequestHeaders": {
        "Accept": "application/json",
        "Content-Length": "212",
        "Content-Type": "application/json",
        "Ocp-Apim-Subscription-Key": "Sanitized",
        "traceparent": "00-7a00d04da27bb961ecbe1ea9f49eb33a-7c9df408b0dcfa58-00",
        "User-Agent": "azsdk-net-AI.TextAnalytics/5.3.0-alpha.20221014.1 (.NET 6.0.10; Microsoft Windows 10.0.22621)",
        "x-ms-client-request-id": "5f9599c55bab7f7ece33dea12c3f4c2b",
        "x-ms-return-client-request-id": "true"
      },
      "RequestBody": {
        "analysisInput": {
          "documents": [
            {
              "id": "0",
              "text": "Subject is taking 100mg of ibuprofen twice daily",
              "language": "en"
            },
            {
              "id": "1",
              "text": "",
              "language": "en"
            }
          ]
        },
        "tasks": [
          {
            "parameters": {},
            "kind": "KeyPhraseExtraction"
          }
        ]
      },
      "StatusCode": 202,
      "ResponseHeaders": {
        "apim-request-id": "534036a2-21de-4d47-8641-bc0e660eae83",
        "Content-Length": "0",
        "Date": "Fri, 14 Oct 2022 22:16:32 GMT",
        "operation-location": "https://javatextanalyticstestresources.cognitiveservices.azure.com/language/analyze-text/jobs/67ecb491-fac1-48b7-b8e2-c128eba30ebc?api-version=2022-10-01-preview",
        "Strict-Transport-Security": "max-age=31536000; includeSubDomains; preload",
        "X-Content-Type-Options": "nosniff",
        "x-envoy-upstream-service-time": "143"
      },
      "ResponseBody": null
    },
    {
      "RequestUri": "https://javatextanalyticstestresources.cognitiveservices.azure.com/language/analyze-text/jobs/67ecb491-fac1-48b7-b8e2-c128eba30ebc?api-version=2022-10-01-preview",
      "RequestMethod": "GET",
      "RequestHeaders": {
        "Accept": "application/json",
        "Ocp-Apim-Subscription-Key": "Sanitized",
        "User-Agent": "azsdk-net-AI.TextAnalytics/5.3.0-alpha.20221014.1 (.NET 6.0.10; Microsoft Windows 10.0.22621)",
        "x-ms-client-request-id": "b2a912ff38980de0322f85ebce99b5ca",
        "x-ms-return-client-request-id": "true"
      },
      "RequestBody": null,
      "StatusCode": 200,
      "ResponseHeaders": {
        "apim-request-id": "a09a04e0-314b-4f6e-9fdd-368701babdc6",
        "Content-Length": "282",
        "Content-Type": "application/json; charset=utf-8",
        "Date": "Fri, 14 Oct 2022 22:16:32 GMT",
        "Strict-Transport-Security": "max-age=31536000; includeSubDomains; preload",
        "X-Content-Type-Options": "nosniff",
        "x-envoy-upstream-service-time": "7"
      },
      "ResponseBody": {
        "jobId": "67ecb491-fac1-48b7-b8e2-c128eba30ebc",
        "lastUpdateDateTime": "2022-10-14T22:16:33Z",
        "createdDateTime": "2022-10-14T22:16:33Z",
        "expirationDateTime": "2022-10-15T22:16:33Z",
        "status": "notStarted",
        "errors": [],
        "tasks": {
          "completed": 0,
          "failed": 0,
          "inProgress": 1,
          "total": 1,
          "items": []
        }
      }
    },
    {
      "RequestUri": "https://javatextanalyticstestresources.cognitiveservices.azure.com/language/analyze-text/jobs/67ecb491-fac1-48b7-b8e2-c128eba30ebc?api-version=2022-10-01-preview",
      "RequestMethod": "GET",
      "RequestHeaders": {
        "Accept": "application/json",
        "Ocp-Apim-Subscription-Key": "Sanitized",
        "User-Agent": "azsdk-net-AI.TextAnalytics/5.3.0-alpha.20221014.1 (.NET 6.0.10; Microsoft Windows 10.0.22621)",
        "x-ms-client-request-id": "b4c105a376eb225997abd4a1e37bde2c",
        "x-ms-return-client-request-id": "true"
      },
      "RequestBody": null,
      "StatusCode": 200,
      "ResponseHeaders": {
        "apim-request-id": "05b0bb74-3079-4796-9e62-5014028af170",
        "Content-Length": "279",
        "Content-Type": "application/json; charset=utf-8",
        "Date": "Fri, 14 Oct 2022 22:16:33 GMT",
        "Strict-Transport-Security": "max-age=31536000; includeSubDomains; preload",
        "X-Content-Type-Options": "nosniff",
        "x-envoy-upstream-service-time": "6"
      },
      "ResponseBody": {
        "jobId": "67ecb491-fac1-48b7-b8e2-c128eba30ebc",
        "lastUpdateDateTime": "2022-10-14T22:16:33Z",
        "createdDateTime": "2022-10-14T22:16:33Z",
        "expirationDateTime": "2022-10-15T22:16:33Z",
        "status": "running",
        "errors": [],
        "tasks": {
          "completed": 0,
          "failed": 0,
          "inProgress": 1,
          "total": 1,
          "items": []
        }
      }
    },
    {
      "RequestUri": "https://javatextanalyticstestresources.cognitiveservices.azure.com/language/analyze-text/jobs/67ecb491-fac1-48b7-b8e2-c128eba30ebc?api-version=2022-10-01-preview",
      "RequestMethod": "GET",
      "RequestHeaders": {
        "Accept": "application/json",
        "Ocp-Apim-Subscription-Key": "Sanitized",
        "User-Agent": "azsdk-net-AI.TextAnalytics/5.3.0-alpha.20221014.1 (.NET 6.0.10; Microsoft Windows 10.0.22621)",
        "x-ms-client-request-id": "9606701198d68db0b9872c7bd692b035",
        "x-ms-return-client-request-id": "true"
      },
      "RequestBody": null,
      "StatusCode": 200,
      "ResponseHeaders": {
        "apim-request-id": "2f05b5dd-f0e5-49dd-90d2-47a859c093d2",
        "Content-Length": "692",
        "Content-Type": "application/json; charset=utf-8",
        "Date": "Fri, 14 Oct 2022 22:16:34 GMT",
        "Strict-Transport-Security": "max-age=31536000; includeSubDomains; preload",
        "X-Content-Type-Options": "nosniff",
        "x-envoy-upstream-service-time": "37"
      },
      "ResponseBody": {
        "jobId": "67ecb491-fac1-48b7-b8e2-c128eba30ebc",
        "lastUpdateDateTime": "2022-10-14T22:16:35Z",
        "createdDateTime": "2022-10-14T22:16:33Z",
        "expirationDateTime": "2022-10-15T22:16:33Z",
        "status": "succeeded",
        "errors": [],
        "tasks": {
          "completed": 1,
          "failed": 0,
          "inProgress": 0,
          "total": 1,
          "items": [
            {
              "kind": "KeyPhraseExtractionLROResults",
              "lastUpdateDateTime": "2022-10-14T22:16:35.0071266Z",
              "status": "succeeded",
              "results": {
                "documents": [
                  {
                    "id": "0",
                    "keyPhrases": [
                      "Subject",
                      "100mg",
                      "ibuprofen"
                    ],
                    "warnings": []
                  }
                ],
                "errors": [
                  {
                    "id": "1",
                    "error": {
                      "code": "InvalidArgument",
                      "message": "Invalid Document in request.",
                      "innererror": {
                        "code": "InvalidDocument",
                        "message": "Document text is empty."
                      }
                    }
                  }
                ],
                "modelVersion": "2022-10-01"
              }
            }
          ]
        }
      }
    }
  ],
  "Variables": {
    "RandomSeed": "1181629265",
    "TEXT_ANALYTICS_API_KEY": "Sanitized",
    "TEXT_ANALYTICS_ENDPOINT": "https://javatextanalyticstestresources.cognitiveservices.azure.com"
  }
}
