{
  "Entries": [
    {
      "RequestUri": "https://mariari-westus2-s.cognitiveservices.azure.com/text/analytics/v3.1-preview.5/analyze",
      "RequestMethod": "POST",
      "RequestHeaders": {
        "Accept": "application/json, text/json",
        "Content-Length": "1944",
        "Content-Type": "application/json",
        "Ocp-Apim-Subscription-Key": "Sanitized",
        "traceparent": "00-638a4707642726419799f28a353ab622-f23b10fbd739ab44-00",
        "User-Agent": "azsdk-net-AI.TextAnalytics/5.1.0-alpha.20210517.1 (.NET Framework 4.8.4300.0; Microsoft Windows 10.0.19043 )",
        "x-ms-client-request-id": "21ac64e10f1baa75d580bbe74a8c1d32",
        "x-ms-return-client-request-id": "true"
      },
      "RequestBody": {
        "analysisInput": {
          "documents": [
            {
              "id": "0",
              "text": "Elon Musk is the CEO of SpaceX and Tesla.",
              "language": "en"
            },
            {
              "id": "1",
              "text": "Elon Musk is the CEO of SpaceX and Tesla.",
              "language": "en"
            },
            {
              "id": "2",
              "text": "Elon Musk is the CEO of SpaceX and Tesla.",
              "language": "en"
            },
            {
              "id": "3",
              "text": "Elon Musk is the CEO of SpaceX and Tesla.",
              "language": "en"
            },
            {
              "id": "4",
              "text": "Elon Musk is the CEO of SpaceX and Tesla.",
              "language": "en"
            },
            {
              "id": "5",
              "text": "Elon Musk is the CEO of SpaceX and Tesla.",
              "language": "en"
            },
            {
              "id": "6",
              "text": "Elon Musk is the CEO of SpaceX and Tesla.",
              "language": "en"
            },
            {
              "id": "7",
              "text": "Elon Musk is the CEO of SpaceX and Tesla.",
              "language": "en"
            },
            {
              "id": "8",
              "text": "Elon Musk is the CEO of SpaceX and Tesla.",
              "language": "en"
            },
            {
              "id": "9",
              "text": "Elon Musk is the CEO of SpaceX and Tesla.",
              "language": "en"
            },
            {
              "id": "10",
              "text": "Elon Musk is the CEO of SpaceX and Tesla.",
              "language": "en"
            },
            {
              "id": "11",
              "text": "Elon Musk is the CEO of SpaceX and Tesla.",
              "language": "en"
            },
            {
              "id": "12",
              "text": "Elon Musk is the CEO of SpaceX and Tesla.",
              "language": "en"
            },
            {
              "id": "13",
              "text": "Elon Musk is the CEO of SpaceX and Tesla.",
              "language": "en"
            },
            {
              "id": "14",
              "text": "Elon Musk is the CEO of SpaceX and Tesla.",
              "language": "en"
            },
            {
              "id": "15",
              "text": "Elon Musk is the CEO of SpaceX and Tesla.",
              "language": "en"
            },
            {
              "id": "16",
              "text": "Elon Musk is the CEO of SpaceX and Tesla.",
              "language": "en"
            },
            {
              "id": "17",
              "text": "Elon Musk is the CEO of SpaceX and Tesla.",
              "language": "en"
            },
            {
              "id": "18",
              "text": "Elon Musk is the CEO of SpaceX and Tesla.",
              "language": "en"
            },
            {
              "id": "19",
              "text": "Elon Musk is the CEO of SpaceX and Tesla.",
              "language": "en"
            },
            {
              "id": "20",
              "text": "Elon Musk is the CEO of SpaceX and Tesla.",
              "language": "en"
            },
            {
              "id": "21",
              "text": "Elon Musk is the CEO of SpaceX and Tesla.",
              "language": "en"
            },
            {
              "id": "22",
              "text": "Elon Musk is the CEO of SpaceX and Tesla.",
              "language": "en"
            }
          ]
        },
        "tasks": {
          "keyPhraseExtractionTasks": [
            {
              "parameters": {}
            }
          ]
        },
        "displayName": "AnalyzeOperationWithPagination"
      },
      "StatusCode": 202,
      "ResponseHeaders": {
        "apim-request-id": "a5b83f4d-667e-425c-911b-396619ddd6cc",
        "Date": "Mon, 17 May 2021 19:51:14 GMT",
        "operation-location": "https://mariari-westus2-s.cognitiveservices.azure.com/text/analytics/v3.1-preview.5/analyze/jobs/36575a78-d141-49df-9b8c-988a391f8524",
        "Strict-Transport-Security": "max-age=31536000; includeSubDomains; preload",
        "Transfer-Encoding": "chunked",
        "x-content-type-options": "nosniff",
        "x-envoy-upstream-service-time": "369"
      },
      "ResponseBody": []
    },
    {
      "RequestUri": "https://mariari-westus2-s.cognitiveservices.azure.com/text/analytics/v3.1-preview.5/analyze/jobs/36575a78-d141-49df-9b8c-988a391f8524?showStats=false",
      "RequestMethod": "GET",
      "RequestHeaders": {
        "Accept": "application/json, text/json",
        "Ocp-Apim-Subscription-Key": "Sanitized",
        "User-Agent": "azsdk-net-AI.TextAnalytics/5.1.0-alpha.20210517.1 (.NET Framework 4.8.4300.0; Microsoft Windows 10.0.19043 )",
        "x-ms-client-request-id": "b6309a59d4cb441b6d3a8ce20237d04a",
        "x-ms-return-client-request-id": "true"
      },
      "RequestBody": null,
      "StatusCode": 200,
      "ResponseHeaders": {
        "apim-request-id": "1ff99c19-7002-4ad4-99c9-d0e154cda5d5",
        "Content-Type": "application/json; charset=utf-8",
        "Date": "Mon, 17 May 2021 19:51:14 GMT",
        "Strict-Transport-Security": "max-age=31536000; includeSubDomains; preload",
        "Transfer-Encoding": "chunked",
        "x-content-type-options": "nosniff",
        "x-envoy-upstream-service-time": "9"
      },
      "ResponseBody": {
        "jobId": "36575a78-d141-49df-9b8c-988a391f8524",
        "lastUpdateDateTime": "2021-05-17T19:51:15Z",
        "createdDateTime": "2021-05-17T19:51:15Z",
        "expirationDateTime": "2021-05-18T19:51:15Z",
        "status": "notStarted",
        "errors": [],
        "displayName": "AnalyzeOperationWithPagination",
        "tasks": {
          "details": {
            "name": "AnalyzeOperationWithPagination",
            "lastUpdateDateTime": "2021-05-17T19:51:15Z"
          },
          "completed": 0,
          "failed": 0,
          "inProgress": 1,
          "total": 1
        }
      }
    },
    {
      "RequestUri": "https://mariari-westus2-s.cognitiveservices.azure.com/text/analytics/v3.1-preview.5/analyze/jobs/36575a78-d141-49df-9b8c-988a391f8524?showStats=false",
      "RequestMethod": "GET",
      "RequestHeaders": {
        "Accept": "application/json, text/json",
        "Ocp-Apim-Subscription-Key": "Sanitized",
        "User-Agent": "azsdk-net-AI.TextAnalytics/5.1.0-alpha.20210517.1 (.NET Framework 4.8.4300.0; Microsoft Windows 10.0.19043 )",
        "x-ms-client-request-id": "e3d0a275ac6660be41af3fd3bf957141",
        "x-ms-return-client-request-id": "true"
      },
      "RequestBody": null,
      "StatusCode": 200,
      "ResponseHeaders": {
        "apim-request-id": "8c00a246-faa2-419f-960b-89f29d341c9a",
        "Content-Type": "application/json; charset=utf-8",
        "Date": "Mon, 17 May 2021 19:51:15 GMT",
        "Strict-Transport-Security": "max-age=31536000; includeSubDomains; preload",
        "Transfer-Encoding": "chunked",
        "x-content-type-options": "nosniff",
        "x-envoy-upstream-service-time": "6"
      },
      "ResponseBody": {
        "jobId": "36575a78-d141-49df-9b8c-988a391f8524",
        "lastUpdateDateTime": "2021-05-17T19:51:15Z",
        "createdDateTime": "2021-05-17T19:51:15Z",
        "expirationDateTime": "2021-05-18T19:51:15Z",
        "status": "running",
        "errors": [],
        "displayName": "AnalyzeOperationWithPagination",
        "tasks": {
          "details": {
            "name": "AnalyzeOperationWithPagination",
            "lastUpdateDateTime": "2021-05-17T19:51:15Z"
          },
          "completed": 0,
          "failed": 0,
          "inProgress": 1,
          "total": 1
        }
      }
    },
    {
      "RequestUri": "https://mariari-westus2-s.cognitiveservices.azure.com/text/analytics/v3.1-preview.5/analyze/jobs/36575a78-d141-49df-9b8c-988a391f8524?showStats=false",
      "RequestMethod": "GET",
      "RequestHeaders": {
        "Accept": "application/json, text/json",
        "Ocp-Apim-Subscription-Key": "Sanitized",
        "User-Agent": "azsdk-net-AI.TextAnalytics/5.1.0-alpha.20210517.1 (.NET Framework 4.8.4300.0; Microsoft Windows 10.0.19043 )",
        "x-ms-client-request-id": "2d059a9f02910c864867b4e18393a89d",
        "x-ms-return-client-request-id": "true"
      },
      "RequestBody": null,
      "StatusCode": 200,
      "ResponseHeaders": {
        "apim-request-id": "0b729129-92cf-4fbc-9d3a-3f5ab4dc15bf",
        "Content-Type": "application/json; charset=utf-8",
        "Date": "Mon, 17 May 2021 19:51:17 GMT",
        "Strict-Transport-Security": "max-age=31536000; includeSubDomains; preload",
        "Transfer-Encoding": "chunked",
        "x-content-type-options": "nosniff",
        "x-envoy-upstream-service-time": "7"
      },
      "ResponseBody": {
        "jobId": "36575a78-d141-49df-9b8c-988a391f8524",
        "lastUpdateDateTime": "2021-05-17T19:51:15Z",
        "createdDateTime": "2021-05-17T19:51:15Z",
        "expirationDateTime": "2021-05-18T19:51:15Z",
        "status": "running",
        "errors": [],
        "displayName": "AnalyzeOperationWithPagination",
        "tasks": {
          "details": {
            "name": "AnalyzeOperationWithPagination",
            "lastUpdateDateTime": "2021-05-17T19:51:15Z"
          },
          "completed": 0,
          "failed": 0,
          "inProgress": 1,
          "total": 1
        }
      }
    },
    {
      "RequestUri": "https://mariari-westus2-s.cognitiveservices.azure.com/text/analytics/v3.1-preview.5/analyze/jobs/36575a78-d141-49df-9b8c-988a391f8524?showStats=false",
      "RequestMethod": "GET",
      "RequestHeaders": {
        "Accept": "application/json, text/json",
        "Ocp-Apim-Subscription-Key": "Sanitized",
        "User-Agent": "azsdk-net-AI.TextAnalytics/5.1.0-alpha.20210517.1 (.NET Framework 4.8.4300.0; Microsoft Windows 10.0.19043 )",
        "x-ms-client-request-id": "a87271af3abbaccbdbd0751c954884d8",
        "x-ms-return-client-request-id": "true"
      },
      "RequestBody": null,
      "StatusCode": 200,
      "ResponseHeaders": {
        "apim-request-id": "25b117c3-06b0-422d-9424-656cf618db06",
        "Content-Type": "application/json; charset=utf-8",
        "Date": "Mon, 17 May 2021 19:51:18 GMT",
        "Strict-Transport-Security": "max-age=31536000; includeSubDomains; preload",
        "Transfer-Encoding": "chunked",
        "x-content-type-options": "nosniff",
        "x-envoy-upstream-service-time": "8"
      },
      "ResponseBody": {
        "jobId": "36575a78-d141-49df-9b8c-988a391f8524",
        "lastUpdateDateTime": "2021-05-17T19:51:15Z",
        "createdDateTime": "2021-05-17T19:51:15Z",
        "expirationDateTime": "2021-05-18T19:51:15Z",
        "status": "running",
        "errors": [],
        "displayName": "AnalyzeOperationWithPagination",
        "tasks": {
          "details": {
            "name": "AnalyzeOperationWithPagination",
            "lastUpdateDateTime": "2021-05-17T19:51:15Z"
          },
          "completed": 0,
          "failed": 0,
          "inProgress": 1,
          "total": 1
        }
      }
    },
    {
      "RequestUri": "https://mariari-westus2-s.cognitiveservices.azure.com/text/analytics/v3.1-preview.5/analyze/jobs/36575a78-d141-49df-9b8c-988a391f8524?showStats=false",
      "RequestMethod": "GET",
      "RequestHeaders": {
        "Accept": "application/json, text/json",
        "Ocp-Apim-Subscription-Key": "Sanitized",
        "User-Agent": "azsdk-net-AI.TextAnalytics/5.1.0-alpha.20210517.1 (.NET Framework 4.8.4300.0; Microsoft Windows 10.0.19043 )",
        "x-ms-client-request-id": "68424ac8a23173b91bc49bfef8dddcae",
        "x-ms-return-client-request-id": "true"
      },
      "RequestBody": null,
      "StatusCode": 200,
      "ResponseHeaders": {
        "apim-request-id": "cfd11bc2-73ed-4503-8367-77f3ee0b6404",
        "Content-Type": "application/json; charset=utf-8",
        "Date": "Mon, 17 May 2021 19:51:19 GMT",
        "Strict-Transport-Security": "max-age=31536000; includeSubDomains; preload",
        "Transfer-Encoding": "chunked",
        "x-content-type-options": "nosniff",
        "x-envoy-upstream-service-time": "7"
      },
      "ResponseBody": {
        "jobId": "36575a78-d141-49df-9b8c-988a391f8524",
        "lastUpdateDateTime": "2021-05-17T19:51:15Z",
        "createdDateTime": "2021-05-17T19:51:15Z",
        "expirationDateTime": "2021-05-18T19:51:15Z",
        "status": "running",
        "errors": [],
        "displayName": "AnalyzeOperationWithPagination",
        "tasks": {
          "details": {
            "name": "AnalyzeOperationWithPagination",
            "lastUpdateDateTime": "2021-05-17T19:51:15Z"
          },
          "completed": 0,
          "failed": 0,
          "inProgress": 1,
          "total": 1
        }
      }
    },
    {
      "RequestUri": "https://mariari-westus2-s.cognitiveservices.azure.com/text/analytics/v3.1-preview.5/analyze/jobs/36575a78-d141-49df-9b8c-988a391f8524?showStats=false",
      "RequestMethod": "GET",
      "RequestHeaders": {
        "Accept": "application/json, text/json",
        "Ocp-Apim-Subscription-Key": "Sanitized",
        "User-Agent": "azsdk-net-AI.TextAnalytics/5.1.0-alpha.20210517.1 (.NET Framework 4.8.4300.0; Microsoft Windows 10.0.19043 )",
        "x-ms-client-request-id": "4e23a107c9226585ce5851c08c6a7600",
        "x-ms-return-client-request-id": "true"
      },
      "RequestBody": null,
      "StatusCode": 200,
      "ResponseHeaders": {
        "apim-request-id": "90aee7bc-fac2-45b3-ac8e-05f0172e9680",
        "Content-Type": "application/json; charset=utf-8",
        "Date": "Mon, 17 May 2021 19:51:21 GMT",
        "Strict-Transport-Security": "max-age=31536000; includeSubDomains; preload",
        "Transfer-Encoding": "chunked",
        "x-content-type-options": "nosniff",
        "x-envoy-upstream-service-time": "9"
      },
      "ResponseBody": {
        "jobId": "36575a78-d141-49df-9b8c-988a391f8524",
        "lastUpdateDateTime": "2021-05-17T19:51:15Z",
        "createdDateTime": "2021-05-17T19:51:15Z",
        "expirationDateTime": "2021-05-18T19:51:15Z",
        "status": "running",
        "errors": [],
        "displayName": "AnalyzeOperationWithPagination",
        "tasks": {
          "details": {
            "name": "AnalyzeOperationWithPagination",
            "lastUpdateDateTime": "2021-05-17T19:51:15Z"
          },
          "completed": 0,
          "failed": 0,
          "inProgress": 1,
          "total": 1
        }
      }
    },
    {
      "RequestUri": "https://mariari-westus2-s.cognitiveservices.azure.com/text/analytics/v3.1-preview.5/analyze/jobs/36575a78-d141-49df-9b8c-988a391f8524?showStats=false",
      "RequestMethod": "GET",
      "RequestHeaders": {
        "Accept": "application/json, text/json",
        "Ocp-Apim-Subscription-Key": "Sanitized",
        "User-Agent": "azsdk-net-AI.TextAnalytics/5.1.0-alpha.20210517.1 (.NET Framework 4.8.4300.0; Microsoft Windows 10.0.19043 )",
        "x-ms-client-request-id": "3818dce33f500d6cb8ff8cf79eccb4fe",
        "x-ms-return-client-request-id": "true"
      },
      "RequestBody": null,
      "StatusCode": 200,
      "ResponseHeaders": {
        "apim-request-id": "cf95f462-771a-4689-850b-03158e423934",
        "Content-Type": "application/json; charset=utf-8",
        "Date": "Mon, 17 May 2021 19:51:22 GMT",
        "Strict-Transport-Security": "max-age=31536000; includeSubDomains; preload",
        "Transfer-Encoding": "chunked",
        "x-content-type-options": "nosniff",
        "x-envoy-upstream-service-time": "7"
      },
      "ResponseBody": {
        "jobId": "36575a78-d141-49df-9b8c-988a391f8524",
        "lastUpdateDateTime": "2021-05-17T19:51:15Z",
        "createdDateTime": "2021-05-17T19:51:15Z",
        "expirationDateTime": "2021-05-18T19:51:15Z",
        "status": "running",
        "errors": [],
        "displayName": "AnalyzeOperationWithPagination",
        "tasks": {
          "details": {
            "name": "AnalyzeOperationWithPagination",
            "lastUpdateDateTime": "2021-05-17T19:51:15Z"
          },
          "completed": 0,
          "failed": 0,
          "inProgress": 1,
          "total": 1
        }
      }
    },
    {
      "RequestUri": "https://mariari-westus2-s.cognitiveservices.azure.com/text/analytics/v3.1-preview.5/analyze/jobs/36575a78-d141-49df-9b8c-988a391f8524?showStats=false",
      "RequestMethod": "GET",
      "RequestHeaders": {
        "Accept": "application/json, text/json",
        "Ocp-Apim-Subscription-Key": "Sanitized",
        "User-Agent": "azsdk-net-AI.TextAnalytics/5.1.0-alpha.20210517.1 (.NET Framework 4.8.4300.0; Microsoft Windows 10.0.19043 )",
        "x-ms-client-request-id": "f414c7f33524ffb5c4dc9ad850f8e6b0",
        "x-ms-return-client-request-id": "true"
      },
      "RequestBody": null,
      "StatusCode": 200,
      "ResponseHeaders": {
        "apim-request-id": "9f0b3362-13c0-4488-9e43-1abaef44a26e",
        "Content-Type": "application/json; charset=utf-8",
        "Date": "Mon, 17 May 2021 19:51:23 GMT",
        "Strict-Transport-Security": "max-age=31536000; includeSubDomains; preload",
        "Transfer-Encoding": "chunked",
        "x-content-type-options": "nosniff",
        "x-envoy-upstream-service-time": "15"
      },
      "ResponseBody": {
        "jobId": "36575a78-d141-49df-9b8c-988a391f8524",
        "lastUpdateDateTime": "2021-05-17T19:51:23Z",
        "createdDateTime": "2021-05-17T19:51:15Z",
        "expirationDateTime": "2021-05-18T19:51:15Z",
        "status": "running",
        "errors": [],
        "displayName": "AnalyzeOperationWithPagination",
        "tasks": {
          "details": {
            "name": "AnalyzeOperationWithPagination",
            "lastUpdateDateTime": "2021-05-17T19:51:23Z"
          },
          "completed": 0,
          "failed": 0,
          "inProgress": 1,
          "total": 1
        }
      }
    },
    {
      "RequestUri": "https://mariari-westus2-s.cognitiveservices.azure.com/text/analytics/v3.1-preview.5/analyze/jobs/36575a78-d141-49df-9b8c-988a391f8524?showStats=false",
      "RequestMethod": "GET",
      "RequestHeaders": {
        "Accept": "application/json, text/json",
        "Ocp-Apim-Subscription-Key": "Sanitized",
        "User-Agent": "azsdk-net-AI.TextAnalytics/5.1.0-alpha.20210517.1 (.NET Framework 4.8.4300.0; Microsoft Windows 10.0.19043 )",
        "x-ms-client-request-id": "1b1b9a4da3c4c85d341696233c8dc601",
        "x-ms-return-client-request-id": "true"
      },
      "RequestBody": null,
      "StatusCode": 200,
      "ResponseHeaders": {
        "apim-request-id": "13f54c30-daf0-4b0b-9b3f-24439b5107b4",
        "Content-Type": "application/json; charset=utf-8",
        "Date": "Mon, 17 May 2021 19:51:24 GMT",
        "Strict-Transport-Security": "max-age=31536000; includeSubDomains; preload",
        "Transfer-Encoding": "chunked",
        "x-content-type-options": "nosniff",
        "x-envoy-upstream-service-time": "162"
      },
      "ResponseBody": {
        "jobId": "36575a78-d141-49df-9b8c-988a391f8524",
        "lastUpdateDateTime": "2021-05-17T19:51:23Z",
        "createdDateTime": "2021-05-17T19:51:15Z",
        "expirationDateTime": "2021-05-18T19:51:15Z",
        "status": "succeeded",
        "errors": [],
        "displayName": "AnalyzeOperationWithPagination",
        "tasks": {
          "details": {
            "name": "AnalyzeOperationWithPagination",
            "lastUpdateDateTime": "2021-05-17T19:51:23Z"
          },
          "completed": 1,
          "failed": 0,
          "inProgress": 0,
          "total": 1,
          "keyPhraseExtractionTasks": [
            {
              "lastUpdateDateTime": "2021-05-17T19:51:23.7629577Z",
              "name": "AnalyzeOperationWithPagination",
              "state": "succeeded",
              "results": {
                "documents": [
                  {
                    "id": "0",
                    "keyPhrases": [
                      "CEO of SpaceX",
                      "Elon Musk",
                      "Tesla"
                    ],
                    "warnings": []
                  },
                  {
                    "id": "1",
                    "keyPhrases": [
                      "CEO of SpaceX",
                      "Elon Musk",
                      "Tesla"
                    ],
                    "warnings": []
                  },
                  {
                    "id": "2",
                    "keyPhrases": [
                      "CEO of SpaceX",
                      "Elon Musk",
                      "Tesla"
                    ],
                    "warnings": []
                  },
                  {
                    "id": "3",
                    "keyPhrases": [
                      "CEO of SpaceX",
                      "Elon Musk",
                      "Tesla"
                    ],
                    "warnings": []
                  },
                  {
                    "id": "4",
                    "keyPhrases": [
                      "CEO of SpaceX",
                      "Elon Musk",
                      "Tesla"
                    ],
                    "warnings": []
                  },
                  {
                    "id": "5",
                    "keyPhrases": [
                      "CEO of SpaceX",
                      "Elon Musk",
                      "Tesla"
                    ],
                    "warnings": []
                  },
                  {
                    "id": "6",
                    "keyPhrases": [
                      "CEO of SpaceX",
                      "Elon Musk",
                      "Tesla"
                    ],
                    "warnings": []
                  },
                  {
                    "id": "7",
                    "keyPhrases": [
                      "CEO of SpaceX",
                      "Elon Musk",
                      "Tesla"
                    ],
                    "warnings": []
                  },
                  {
                    "id": "8",
                    "keyPhrases": [
                      "CEO of SpaceX",
                      "Elon Musk",
                      "Tesla"
                    ],
                    "warnings": []
                  },
                  {
                    "id": "9",
                    "keyPhrases": [
                      "CEO of SpaceX",
                      "Elon Musk",
                      "Tesla"
                    ],
                    "warnings": []
                  },
                  {
                    "id": "10",
                    "keyPhrases": [
                      "CEO of SpaceX",
                      "Elon Musk",
                      "Tesla"
                    ],
                    "warnings": []
                  },
                  {
                    "id": "11",
                    "keyPhrases": [
                      "CEO of SpaceX",
                      "Elon Musk",
                      "Tesla"
                    ],
                    "warnings": []
                  },
                  {
                    "id": "12",
                    "keyPhrases": [
                      "CEO of SpaceX",
                      "Elon Musk",
                      "Tesla"
                    ],
                    "warnings": []
                  },
                  {
                    "id": "13",
                    "keyPhrases": [
                      "CEO of SpaceX",
                      "Elon Musk",
                      "Tesla"
                    ],
                    "warnings": []
                  },
                  {
                    "id": "14",
                    "keyPhrases": [
                      "CEO of SpaceX",
                      "Elon Musk",
                      "Tesla"
                    ],
                    "warnings": []
                  },
                  {
                    "id": "15",
                    "keyPhrases": [
                      "CEO of SpaceX",
                      "Elon Musk",
                      "Tesla"
                    ],
                    "warnings": []
                  },
                  {
                    "id": "16",
                    "keyPhrases": [
                      "CEO of SpaceX",
                      "Elon Musk",
                      "Tesla"
                    ],
                    "warnings": []
                  },
                  {
                    "id": "17",
                    "keyPhrases": [
                      "CEO of SpaceX",
                      "Elon Musk",
                      "Tesla"
                    ],
                    "warnings": []
                  },
                  {
                    "id": "18",
                    "keyPhrases": [
                      "CEO of SpaceX",
                      "Elon Musk",
                      "Tesla"
                    ],
                    "warnings": []
                  },
                  {
                    "id": "19",
                    "keyPhrases": [
                      "CEO of SpaceX",
                      "Elon Musk",
                      "Tesla"
                    ],
                    "warnings": []
                  }
                ],
                "errors": [],
                "modelVersion": "2020-07-01"
              }
            }
          ]
        },
        "@nextLink": "https://mariari-westus2-s.cognitiveservices.azure.com/text/analytics/v3.1-preview.5/analyze/jobs/36575a78-d141-49df-9b8c-988a391f8524?$skip=20\u0026$top=3\u0026showStats=False"
      }
    },
    {
      "RequestUri": "https://mariari-westus2-s.cognitiveservices.azure.com/text/analytics/v3.1-preview.5/analyze/jobs/36575a78-d141-49df-9b8c-988a391f8524?$skip=20\u0026$top=3\u0026showStats=False",
      "RequestMethod": "GET",
      "RequestHeaders": {
        "Accept": "application/json, text/json",
        "Ocp-Apim-Subscription-Key": "Sanitized",
        "User-Agent": "azsdk-net-AI.TextAnalytics/5.1.0-alpha.20210517.1 (.NET Framework 4.8.4300.0; Microsoft Windows 10.0.19043 )",
        "x-ms-client-request-id": "c5cc53a48255addc27197474a593bcbf",
        "x-ms-return-client-request-id": "true"
      },
      "RequestBody": null,
      "StatusCode": 200,
      "ResponseHeaders": {
        "apim-request-id": "2ab444bd-5464-4258-8d88-2db490593cb7",
        "Content-Type": "application/json; charset=utf-8",
        "Date": "Mon, 17 May 2021 19:51:24 GMT",
        "Strict-Transport-Security": "max-age=31536000; includeSubDomains; preload",
        "Transfer-Encoding": "chunked",
        "x-content-type-options": "nosniff",
        "x-envoy-upstream-service-time": "43"
      },
      "ResponseBody": {
        "jobId": "36575a78-d141-49df-9b8c-988a391f8524",
        "lastUpdateDateTime": "2021-05-17T19:51:23Z",
        "createdDateTime": "2021-05-17T19:51:15Z",
        "expirationDateTime": "2021-05-18T19:51:15Z",
        "status": "succeeded",
        "errors": [],
        "displayName": "AnalyzeOperationWithPagination",
        "tasks": {
          "details": {
            "name": "AnalyzeOperationWithPagination",
            "lastUpdateDateTime": "2021-05-17T19:51:23Z"
          },
          "completed": 1,
          "failed": 0,
          "inProgress": 0,
          "total": 1,
          "keyPhraseExtractionTasks": [
            {
              "lastUpdateDateTime": "2021-05-17T19:51:23.7629577Z",
              "name": "AnalyzeOperationWithPagination",
              "state": "succeeded",
              "results": {
                "documents": [
                  {
                    "id": "20",
                    "keyPhrases": [
                      "CEO of SpaceX",
                      "Elon Musk",
                      "Tesla"
                    ],
                    "warnings": []
                  },
                  {
                    "id": "21",
                    "keyPhrases": [
                      "CEO of SpaceX",
                      "Elon Musk",
                      "Tesla"
                    ],
                    "warnings": []
                  },
                  {
                    "id": "22",
                    "keyPhrases": [
                      "CEO of SpaceX",
                      "Elon Musk",
                      "Tesla"
                    ],
                    "warnings": []
                  }
                ],
                "errors": [],
                "modelVersion": "2020-07-01"
              }
            }
          ]
        }
      }
    },
    {
      "RequestUri": "https://mariari-westus2-s.cognitiveservices.azure.com/text/analytics/v3.1-preview.5/analyze/jobs/36575a78-d141-49df-9b8c-988a391f8524?$skip=20\u0026$top=3\u0026showStats=False",
      "RequestMethod": "GET",
      "RequestHeaders": {
        "Accept": "application/json, text/json",
        "Ocp-Apim-Subscription-Key": "Sanitized",
        "User-Agent": "azsdk-net-AI.TextAnalytics/5.1.0-alpha.20210517.1 (.NET Framework 4.8.4300.0; Microsoft Windows 10.0.19043 )",
        "x-ms-client-request-id": "04aadb1998b14f3a694cbf0d9f91c336",
        "x-ms-return-client-request-id": "true"
      },
      "RequestBody": null,
      "StatusCode": 200,
      "ResponseHeaders": {
        "apim-request-id": "8fad9953-dadd-43e7-95c8-6460eee9ae49",
        "Content-Type": "application/json; charset=utf-8",
        "Date": "Mon, 17 May 2021 19:51:24 GMT",
        "Strict-Transport-Security": "max-age=31536000; includeSubDomains; preload",
        "Transfer-Encoding": "chunked",
        "x-content-type-options": "nosniff",
        "x-envoy-upstream-service-time": "47"
      },
      "ResponseBody": {
        "jobId": "36575a78-d141-49df-9b8c-988a391f8524",
        "lastUpdateDateTime": "2021-05-17T19:51:23Z",
        "createdDateTime": "2021-05-17T19:51:15Z",
        "expirationDateTime": "2021-05-18T19:51:15Z",
        "status": "succeeded",
        "errors": [],
        "displayName": "AnalyzeOperationWithPagination",
        "tasks": {
          "details": {
            "name": "AnalyzeOperationWithPagination",
            "lastUpdateDateTime": "2021-05-17T19:51:23Z"
          },
          "completed": 1,
          "failed": 0,
          "inProgress": 0,
          "total": 1,
          "keyPhraseExtractionTasks": [
            {
              "lastUpdateDateTime": "2021-05-17T19:51:23.7629577Z",
              "name": "AnalyzeOperationWithPagination",
              "state": "succeeded",
              "results": {
                "documents": [
                  {
                    "id": "20",
                    "keyPhrases": [
                      "CEO of SpaceX",
                      "Elon Musk",
                      "Tesla"
                    ],
                    "warnings": []
                  },
                  {
                    "id": "21",
                    "keyPhrases": [
                      "CEO of SpaceX",
                      "Elon Musk",
                      "Tesla"
                    ],
                    "warnings": []
                  },
                  {
                    "id": "22",
                    "keyPhrases": [
                      "CEO of SpaceX",
                      "Elon Musk",
                      "Tesla"
                    ],
                    "warnings": []
                  }
                ],
                "errors": [],
                "modelVersion": "2020-07-01"
              }
            }
          ]
        }
      }
    }
  ],
  "Variables": {
    "RandomSeed": "24609339",
    "TEXT_ANALYTICS_API_KEY": "Sanitized",
    "TEXT_ANALYTICS_ENDPOINT": "https://mariari-westus2-s.cognitiveservices.azure.com/"
  }
}