{
  "Entries": [
    {
      "RequestUri": "https://cognitiveweppe.azure-api.net/text/analytics/v3.1/analyze",
      "RequestMethod": "POST",
      "RequestHeaders": {
        "Accept": "application/json, text/json",
        "Content-Length": "304",
        "Content-Type": "application/json",
        "Ocp-Apim-Subscription-Key": "Sanitized",
        "traceparent": "00-2dc74e0cf7433143b5005acd9238b8c1-629c82ab66e2fa4f-00",
        "User-Agent": "azsdk-net-AI.TextAnalytics/5.1.0-alpha.20210623.1 (.NET Framework 4.8.4300.0; Microsoft Windows 10.0.19043 )",
        "x-ms-client-request-id": "b6927c132680ad8649ac90e19e28d853",
        "x-ms-return-client-request-id": "true"
      },
      "RequestBody": {
        "analysisInput": {
          "documents": [
            {
              "id": "0",
              "text": "The park was clean and pretty. The bathrooms and restaurant were not clean.",
              "language": "en"
            }
          ]
        },
        "tasks": {
          "sentimentAnalysisTasks": [
            {
              "parameters": {
                "opinionMining": true,
                "stringIndexType": "Utf16CodeUnit"
              }
            }
          ]
        },
        "displayName": "AnalyzeOperationWithOpinionMining"
      },
      "StatusCode": 202,
      "ResponseHeaders": {
        "apim-request-id": "5b64ddff-e578-4b50-85f9-ae3dd08861f0",
        "Date": "Wed, 23 Jun 2021 19:48:24 GMT",
        "operation-location": "https://cognitiveweppe.azure-api.net/text/analytics/v3.1/analyze/jobs/b8cf71f8-52aa-489e-b097-6a0d221ccc55",
        "Strict-Transport-Security": "max-age=31536000; includeSubDomains; preload",
        "Transfer-Encoding": "chunked",
        "x-content-type-options": "nosniff",
        "x-envoy-upstream-service-time": "153"
      },
      "ResponseBody": []
    },
    {
      "RequestUri": "https://cognitiveweppe.azure-api.net/text/analytics/v3.1/analyze/jobs/b8cf71f8-52aa-489e-b097-6a0d221ccc55",
      "RequestMethod": "GET",
      "RequestHeaders": {
        "Accept": "application/json, text/json",
        "Ocp-Apim-Subscription-Key": "Sanitized",
        "User-Agent": "azsdk-net-AI.TextAnalytics/5.1.0-alpha.20210623.1 (.NET Framework 4.8.4300.0; Microsoft Windows 10.0.19043 )",
        "x-ms-client-request-id": "153d4b6951e2c2fd62e262d9e8ed622f",
        "x-ms-return-client-request-id": "true"
      },
      "RequestBody": null,
      "StatusCode": 200,
      "ResponseHeaders": {
        "apim-request-id": "fe53a5e7-3b83-405d-aef2-7825c9355904",
        "Content-Type": "application/json; charset=utf-8",
        "Date": "Wed, 23 Jun 2021 19:48:24 GMT",
        "Strict-Transport-Security": "max-age=31536000; includeSubDomains; preload",
        "Transfer-Encoding": "chunked",
        "x-content-type-options": "nosniff",
        "x-envoy-upstream-service-time": "8"
      },
      "ResponseBody": {
        "jobId": "b8cf71f8-52aa-489e-b097-6a0d221ccc55",
        "lastUpdateDateTime": "2021-06-23T19:48:24Z",
        "createdDateTime": "2021-06-23T19:48:24Z",
        "expirationDateTime": "2021-06-24T19:48:24Z",
        "status": "running",
        "errors": [],
        "displayName": "AnalyzeOperationWithOpinionMining",
        "tasks": {
          "completed": 0,
          "failed": 0,
          "inProgress": 1,
          "total": 1
        }
      }
    },
    {
      "RequestUri": "https://cognitiveweppe.azure-api.net/text/analytics/v3.1/analyze/jobs/b8cf71f8-52aa-489e-b097-6a0d221ccc55",
      "RequestMethod": "GET",
      "RequestHeaders": {
        "Accept": "application/json, text/json",
        "Ocp-Apim-Subscription-Key": "Sanitized",
        "User-Agent": "azsdk-net-AI.TextAnalytics/5.1.0-alpha.20210623.1 (.NET Framework 4.8.4300.0; Microsoft Windows 10.0.19043 )",
        "x-ms-client-request-id": "8d697313a410adabb5c42bae4e0a8799",
        "x-ms-return-client-request-id": "true"
      },
      "RequestBody": null,
      "StatusCode": 200,
      "ResponseHeaders": {
        "apim-request-id": "6ad73037-f913-4255-9747-6b1922bb5f5a",
        "Content-Type": "application/json; charset=utf-8",
        "Date": "Wed, 23 Jun 2021 19:48:25 GMT",
        "Strict-Transport-Security": "max-age=31536000; includeSubDomains; preload",
        "Transfer-Encoding": "chunked",
        "x-content-type-options": "nosniff",
        "x-envoy-upstream-service-time": "11"
      },
      "ResponseBody": {
        "jobId": "b8cf71f8-52aa-489e-b097-6a0d221ccc55",
        "lastUpdateDateTime": "2021-06-23T19:48:24Z",
        "createdDateTime": "2021-06-23T19:48:24Z",
        "expirationDateTime": "2021-06-24T19:48:24Z",
        "status": "running",
        "errors": [],
        "displayName": "AnalyzeOperationWithOpinionMining",
        "tasks": {
          "completed": 0,
          "failed": 0,
          "inProgress": 1,
          "total": 1
        }
      }
    },
    {
      "RequestUri": "https://cognitiveweppe.azure-api.net/text/analytics/v3.1/analyze/jobs/b8cf71f8-52aa-489e-b097-6a0d221ccc55",
      "RequestMethod": "GET",
      "RequestHeaders": {
        "Accept": "application/json, text/json",
        "Ocp-Apim-Subscription-Key": "Sanitized",
        "User-Agent": "azsdk-net-AI.TextAnalytics/5.1.0-alpha.20210623.1 (.NET Framework 4.8.4300.0; Microsoft Windows 10.0.19043 )",
        "x-ms-client-request-id": "4e5bfab8d343c24b7ecf549ec3adc45c",
        "x-ms-return-client-request-id": "true"
      },
      "RequestBody": null,
      "StatusCode": 200,
      "ResponseHeaders": {
        "apim-request-id": "442ac620-8f46-4379-991a-c6cacb64e31a",
        "Content-Type": "application/json; charset=utf-8",
        "Date": "Wed, 23 Jun 2021 19:48:26 GMT",
        "Strict-Transport-Security": "max-age=31536000; includeSubDomains; preload",
        "Transfer-Encoding": "chunked",
        "x-content-type-options": "nosniff",
        "x-envoy-upstream-service-time": "10"
      },
      "ResponseBody": {
        "jobId": "b8cf71f8-52aa-489e-b097-6a0d221ccc55",
        "lastUpdateDateTime": "2021-06-23T19:48:24Z",
        "createdDateTime": "2021-06-23T19:48:24Z",
        "expirationDateTime": "2021-06-24T19:48:24Z",
        "status": "running",
        "errors": [],
        "displayName": "AnalyzeOperationWithOpinionMining",
        "tasks": {
          "completed": 0,
          "failed": 0,
          "inProgress": 1,
          "total": 1
        }
      }
    },
    {
      "RequestUri": "https://cognitiveweppe.azure-api.net/text/analytics/v3.1/analyze/jobs/b8cf71f8-52aa-489e-b097-6a0d221ccc55",
      "RequestMethod": "GET",
      "RequestHeaders": {
        "Accept": "application/json, text/json",
        "Ocp-Apim-Subscription-Key": "Sanitized",
        "User-Agent": "azsdk-net-AI.TextAnalytics/5.1.0-alpha.20210623.1 (.NET Framework 4.8.4300.0; Microsoft Windows 10.0.19043 )",
        "x-ms-client-request-id": "2ace604a4bbec5429f90601e254f7357",
        "x-ms-return-client-request-id": "true"
      },
      "RequestBody": null,
      "StatusCode": 200,
      "ResponseHeaders": {
        "apim-request-id": "00cece4b-b8fe-4328-8bb7-292d4e8f34c0",
        "Content-Type": "application/json; charset=utf-8",
        "Date": "Wed, 23 Jun 2021 19:48:27 GMT",
        "Strict-Transport-Security": "max-age=31536000; includeSubDomains; preload",
        "Transfer-Encoding": "chunked",
        "x-content-type-options": "nosniff",
        "x-envoy-upstream-service-time": "11"
      },
      "ResponseBody": {
        "jobId": "b8cf71f8-52aa-489e-b097-6a0d221ccc55",
        "lastUpdateDateTime": "2021-06-23T19:48:24Z",
        "createdDateTime": "2021-06-23T19:48:24Z",
        "expirationDateTime": "2021-06-24T19:48:24Z",
        "status": "running",
        "errors": [],
        "displayName": "AnalyzeOperationWithOpinionMining",
        "tasks": {
          "completed": 0,
          "failed": 0,
          "inProgress": 1,
          "total": 1
        }
      }
    },
    {
      "RequestUri": "https://cognitiveweppe.azure-api.net/text/analytics/v3.1/analyze/jobs/b8cf71f8-52aa-489e-b097-6a0d221ccc55",
      "RequestMethod": "GET",
      "RequestHeaders": {
        "Accept": "application/json, text/json",
        "Ocp-Apim-Subscription-Key": "Sanitized",
        "User-Agent": "azsdk-net-AI.TextAnalytics/5.1.0-alpha.20210623.1 (.NET Framework 4.8.4300.0; Microsoft Windows 10.0.19043 )",
        "x-ms-client-request-id": "ee21c95b139140eb27a70f40500de907",
        "x-ms-return-client-request-id": "true"
      },
      "RequestBody": null,
      "StatusCode": 200,
      "ResponseHeaders": {
        "apim-request-id": "0d93452d-cf99-4cb7-b180-14d550a7ccd1",
        "Content-Type": "application/json; charset=utf-8",
        "Date": "Wed, 23 Jun 2021 19:48:29 GMT",
        "Strict-Transport-Security": "max-age=31536000; includeSubDomains; preload",
        "Transfer-Encoding": "chunked",
        "x-content-type-options": "nosniff",
        "x-envoy-upstream-service-time": "12"
      },
      "ResponseBody": {
        "jobId": "b8cf71f8-52aa-489e-b097-6a0d221ccc55",
        "lastUpdateDateTime": "2021-06-23T19:48:24Z",
        "createdDateTime": "2021-06-23T19:48:24Z",
        "expirationDateTime": "2021-06-24T19:48:24Z",
        "status": "running",
        "errors": [],
        "displayName": "AnalyzeOperationWithOpinionMining",
        "tasks": {
          "completed": 0,
          "failed": 0,
          "inProgress": 1,
          "total": 1
        }
      }
    },
    {
      "RequestUri": "https://cognitiveweppe.azure-api.net/text/analytics/v3.1/analyze/jobs/b8cf71f8-52aa-489e-b097-6a0d221ccc55",
      "RequestMethod": "GET",
      "RequestHeaders": {
        "Accept": "application/json, text/json",
        "Ocp-Apim-Subscription-Key": "Sanitized",
        "User-Agent": "azsdk-net-AI.TextAnalytics/5.1.0-alpha.20210623.1 (.NET Framework 4.8.4300.0; Microsoft Windows 10.0.19043 )",
        "x-ms-client-request-id": "ed63cf005c3c6ddab795afb3722d9d2e",
        "x-ms-return-client-request-id": "true"
      },
      "RequestBody": null,
      "StatusCode": 200,
      "ResponseHeaders": {
        "apim-request-id": "4d977266-87aa-4ff7-96b4-3bde9c2f52e9",
        "Content-Type": "application/json; charset=utf-8",
        "Date": "Wed, 23 Jun 2021 19:48:30 GMT",
        "Strict-Transport-Security": "max-age=31536000; includeSubDomains; preload",
        "Transfer-Encoding": "chunked",
        "x-content-type-options": "nosniff",
        "x-envoy-upstream-service-time": "12"
      },
      "ResponseBody": {
        "jobId": "b8cf71f8-52aa-489e-b097-6a0d221ccc55",
        "lastUpdateDateTime": "2021-06-23T19:48:24Z",
        "createdDateTime": "2021-06-23T19:48:24Z",
        "expirationDateTime": "2021-06-24T19:48:24Z",
        "status": "running",
        "errors": [],
        "displayName": "AnalyzeOperationWithOpinionMining",
        "tasks": {
          "completed": 0,
          "failed": 0,
          "inProgress": 1,
          "total": 1
        }
      }
    },
    {
      "RequestUri": "https://cognitiveweppe.azure-api.net/text/analytics/v3.1/analyze/jobs/b8cf71f8-52aa-489e-b097-6a0d221ccc55",
      "RequestMethod": "GET",
      "RequestHeaders": {
        "Accept": "application/json, text/json",
        "Ocp-Apim-Subscription-Key": "Sanitized",
        "User-Agent": "azsdk-net-AI.TextAnalytics/5.1.0-alpha.20210623.1 (.NET Framework 4.8.4300.0; Microsoft Windows 10.0.19043 )",
        "x-ms-client-request-id": "f942fc5cd58b36ca758d02173c027591",
        "x-ms-return-client-request-id": "true"
      },
      "RequestBody": null,
      "StatusCode": 200,
      "ResponseHeaders": {
        "apim-request-id": "bd97db33-d02b-42b0-8a5c-91e6dda8eac2",
        "Content-Type": "application/json; charset=utf-8",
        "Date": "Wed, 23 Jun 2021 19:48:31 GMT",
        "Strict-Transport-Security": "max-age=31536000; includeSubDomains; preload",
        "Transfer-Encoding": "chunked",
        "x-content-type-options": "nosniff",
        "x-envoy-upstream-service-time": "8"
      },
      "ResponseBody": {
        "jobId": "b8cf71f8-52aa-489e-b097-6a0d221ccc55",
        "lastUpdateDateTime": "2021-06-23T19:48:24Z",
        "createdDateTime": "2021-06-23T19:48:24Z",
        "expirationDateTime": "2021-06-24T19:48:24Z",
        "status": "running",
        "errors": [],
        "displayName": "AnalyzeOperationWithOpinionMining",
        "tasks": {
          "completed": 0,
          "failed": 0,
          "inProgress": 1,
          "total": 1
        }
      }
    },
    {
      "RequestUri": "https://cognitiveweppe.azure-api.net/text/analytics/v3.1/analyze/jobs/b8cf71f8-52aa-489e-b097-6a0d221ccc55",
      "RequestMethod": "GET",
      "RequestHeaders": {
        "Accept": "application/json, text/json",
        "Ocp-Apim-Subscription-Key": "Sanitized",
        "User-Agent": "azsdk-net-AI.TextAnalytics/5.1.0-alpha.20210623.1 (.NET Framework 4.8.4300.0; Microsoft Windows 10.0.19043 )",
        "x-ms-client-request-id": "551d58a785ebfe1aefb436fb6438cefa",
        "x-ms-return-client-request-id": "true"
      },
      "RequestBody": null,
      "StatusCode": 200,
      "ResponseHeaders": {
        "apim-request-id": "33a0d083-c727-49c7-8e51-93ca961ff230",
        "Content-Type": "application/json; charset=utf-8",
        "Date": "Wed, 23 Jun 2021 19:48:32 GMT",
        "Strict-Transport-Security": "max-age=31536000; includeSubDomains; preload",
        "Transfer-Encoding": "chunked",
        "x-content-type-options": "nosniff",
        "x-envoy-upstream-service-time": "7"
      },
      "ResponseBody": {
        "jobId": "b8cf71f8-52aa-489e-b097-6a0d221ccc55",
        "lastUpdateDateTime": "2021-06-23T19:48:24Z",
        "createdDateTime": "2021-06-23T19:48:24Z",
        "expirationDateTime": "2021-06-24T19:48:24Z",
        "status": "running",
        "errors": [],
        "displayName": "AnalyzeOperationWithOpinionMining",
        "tasks": {
          "completed": 0,
          "failed": 0,
          "inProgress": 1,
          "total": 1
        }
      }
    },
    {
      "RequestUri": "https://cognitiveweppe.azure-api.net/text/analytics/v3.1/analyze/jobs/b8cf71f8-52aa-489e-b097-6a0d221ccc55",
      "RequestMethod": "GET",
      "RequestHeaders": {
        "Accept": "application/json, text/json",
        "Ocp-Apim-Subscription-Key": "Sanitized",
        "User-Agent": "azsdk-net-AI.TextAnalytics/5.1.0-alpha.20210623.1 (.NET Framework 4.8.4300.0; Microsoft Windows 10.0.19043 )",
        "x-ms-client-request-id": "53e4e00aefca2a7b052d78ae5ac330b5",
        "x-ms-return-client-request-id": "true"
      },
      "RequestBody": null,
      "StatusCode": 200,
      "ResponseHeaders": {
        "apim-request-id": "29d26e12-68f4-48e7-aaf5-d28fb83ef5f5",
        "Content-Type": "application/json; charset=utf-8",
        "Date": "Wed, 23 Jun 2021 19:48:33 GMT",
        "Strict-Transport-Security": "max-age=31536000; includeSubDomains; preload",
        "Transfer-Encoding": "chunked",
        "x-content-type-options": "nosniff",
        "x-envoy-upstream-service-time": "12"
      },
      "ResponseBody": {
        "jobId": "b8cf71f8-52aa-489e-b097-6a0d221ccc55",
        "lastUpdateDateTime": "2021-06-23T19:48:24Z",
        "createdDateTime": "2021-06-23T19:48:24Z",
        "expirationDateTime": "2021-06-24T19:48:24Z",
        "status": "running",
        "errors": [],
        "displayName": "AnalyzeOperationWithOpinionMining",
        "tasks": {
          "completed": 0,
          "failed": 0,
          "inProgress": 1,
          "total": 1
        }
      }
    },
    {
      "RequestUri": "https://cognitiveweppe.azure-api.net/text/analytics/v3.1/analyze/jobs/b8cf71f8-52aa-489e-b097-6a0d221ccc55",
      "RequestMethod": "GET",
      "RequestHeaders": {
        "Accept": "application/json, text/json",
        "Ocp-Apim-Subscription-Key": "Sanitized",
        "User-Agent": "azsdk-net-AI.TextAnalytics/5.1.0-alpha.20210623.1 (.NET Framework 4.8.4300.0; Microsoft Windows 10.0.19043 )",
        "x-ms-client-request-id": "190c1d20470fd642e1440ad79fced23c",
        "x-ms-return-client-request-id": "true"
      },
      "RequestBody": null,
      "StatusCode": 200,
      "ResponseHeaders": {
        "apim-request-id": "21a858a9-7073-4da8-aae9-45a9c86fedda",
        "Content-Type": "application/json; charset=utf-8",
        "Date": "Wed, 23 Jun 2021 19:48:35 GMT",
        "Strict-Transport-Security": "max-age=31536000; includeSubDomains; preload",
        "Transfer-Encoding": "chunked",
        "x-content-type-options": "nosniff",
        "x-envoy-upstream-service-time": "9"
      },
      "ResponseBody": {
        "jobId": "b8cf71f8-52aa-489e-b097-6a0d221ccc55",
        "lastUpdateDateTime": "2021-06-23T19:48:24Z",
        "createdDateTime": "2021-06-23T19:48:24Z",
        "expirationDateTime": "2021-06-24T19:48:24Z",
        "status": "running",
        "errors": [],
        "displayName": "AnalyzeOperationWithOpinionMining",
        "tasks": {
          "completed": 0,
          "failed": 0,
          "inProgress": 1,
          "total": 1
        }
      }
    },
    {
      "RequestUri": "https://cognitiveweppe.azure-api.net/text/analytics/v3.1/analyze/jobs/b8cf71f8-52aa-489e-b097-6a0d221ccc55",
      "RequestMethod": "GET",
      "RequestHeaders": {
        "Accept": "application/json, text/json",
        "Ocp-Apim-Subscription-Key": "Sanitized",
        "User-Agent": "azsdk-net-AI.TextAnalytics/5.1.0-alpha.20210623.1 (.NET Framework 4.8.4300.0; Microsoft Windows 10.0.19043 )",
        "x-ms-client-request-id": "5b0d08bf221db7c6ddf350be0c6ca42c",
        "x-ms-return-client-request-id": "true"
      },
      "RequestBody": null,
      "StatusCode": 200,
      "ResponseHeaders": {
        "apim-request-id": "bffd35d6-9fe0-4baa-af40-624852bc416d",
        "Content-Type": "application/json; charset=utf-8",
        "Date": "Wed, 23 Jun 2021 19:48:36 GMT",
        "Strict-Transport-Security": "max-age=31536000; includeSubDomains; preload",
        "Transfer-Encoding": "chunked",
        "x-content-type-options": "nosniff",
        "x-envoy-upstream-service-time": "8"
      },
      "ResponseBody": {
        "jobId": "b8cf71f8-52aa-489e-b097-6a0d221ccc55",
        "lastUpdateDateTime": "2021-06-23T19:48:24Z",
        "createdDateTime": "2021-06-23T19:48:24Z",
        "expirationDateTime": "2021-06-24T19:48:24Z",
        "status": "running",
        "errors": [],
        "displayName": "AnalyzeOperationWithOpinionMining",
        "tasks": {
          "completed": 0,
          "failed": 0,
          "inProgress": 1,
          "total": 1
        }
      }
    },
    {
      "RequestUri": "https://cognitiveweppe.azure-api.net/text/analytics/v3.1/analyze/jobs/b8cf71f8-52aa-489e-b097-6a0d221ccc55",
      "RequestMethod": "GET",
      "RequestHeaders": {
        "Accept": "application/json, text/json",
        "Ocp-Apim-Subscription-Key": "Sanitized",
        "User-Agent": "azsdk-net-AI.TextAnalytics/5.1.0-alpha.20210623.1 (.NET Framework 4.8.4300.0; Microsoft Windows 10.0.19043 )",
        "x-ms-client-request-id": "46db8183b42cc2ea9d0e7186e4a48b36",
        "x-ms-return-client-request-id": "true"
      },
      "RequestBody": null,
      "StatusCode": 200,
      "ResponseHeaders": {
        "apim-request-id": "56e48b48-69ab-4771-ac34-97c4e13c2ef0",
        "Content-Type": "application/json; charset=utf-8",
        "Date": "Wed, 23 Jun 2021 19:48:37 GMT",
        "Strict-Transport-Security": "max-age=31536000; includeSubDomains; preload",
        "Transfer-Encoding": "chunked",
        "x-content-type-options": "nosniff",
        "x-envoy-upstream-service-time": "10"
      },
      "ResponseBody": {
        "jobId": "b8cf71f8-52aa-489e-b097-6a0d221ccc55",
        "lastUpdateDateTime": "2021-06-23T19:48:24Z",
        "createdDateTime": "2021-06-23T19:48:24Z",
        "expirationDateTime": "2021-06-24T19:48:24Z",
        "status": "running",
        "errors": [],
        "displayName": "AnalyzeOperationWithOpinionMining",
        "tasks": {
          "completed": 0,
          "failed": 0,
          "inProgress": 1,
          "total": 1
        }
      }
    },
    {
      "RequestUri": "https://cognitiveweppe.azure-api.net/text/analytics/v3.1/analyze/jobs/b8cf71f8-52aa-489e-b097-6a0d221ccc55",
      "RequestMethod": "GET",
      "RequestHeaders": {
        "Accept": "application/json, text/json",
        "Ocp-Apim-Subscription-Key": "Sanitized",
        "User-Agent": "azsdk-net-AI.TextAnalytics/5.1.0-alpha.20210623.1 (.NET Framework 4.8.4300.0; Microsoft Windows 10.0.19043 )",
        "x-ms-client-request-id": "51ef3c5ad4b6fe9856543c1cf784c975",
        "x-ms-return-client-request-id": "true"
      },
      "RequestBody": null,
      "StatusCode": 200,
      "ResponseHeaders": {
        "apim-request-id": "d4fcf0e8-5658-494e-a142-80f22ca514fa",
        "Content-Type": "application/json; charset=utf-8",
        "Date": "Wed, 23 Jun 2021 19:48:38 GMT",
        "Strict-Transport-Security": "max-age=31536000; includeSubDomains; preload",
        "Transfer-Encoding": "chunked",
        "x-content-type-options": "nosniff",
        "x-envoy-upstream-service-time": "74"
      },
      "ResponseBody": {
        "jobId": "b8cf71f8-52aa-489e-b097-6a0d221ccc55",
        "lastUpdateDateTime": "2021-06-23T19:48:37Z",
        "createdDateTime": "2021-06-23T19:48:24Z",
        "expirationDateTime": "2021-06-24T19:48:24Z",
        "status": "succeeded",
        "errors": [],
        "displayName": "AnalyzeOperationWithOpinionMining",
        "tasks": {
          "completed": 1,
          "failed": 0,
          "inProgress": 0,
          "total": 1,
          "sentimentAnalysisTasks": [
            {
              "lastUpdateDateTime": "2021-06-23T19:48:37.9373408Z",
              "taskName": "SentimentAnalysis_latest",
              "state": "succeeded",
              "results": {
                "documents": [
                  {
                    "id": "0",
                    "sentiment": "mixed",
                    "confidenceScores": {
                      "positive": 0.5,
                      "neutral": 0.0,
                      "negative": 0.5
                    },
                    "sentences": [
                      {
                        "sentiment": "positive",
                        "confidenceScores": {
                          "positive": 1.0,
                          "neutral": 0.0,
                          "negative": 0.0
                        },
                        "offset": 0,
                        "length": 30,
                        "text": "The park was clean and pretty.",
                        "targets": [
                          {
                            "sentiment": "positive",
                            "confidenceScores": {
                              "positive": 1.0,
                              "negative": 0.0
                            },
                            "offset": 4,
                            "length": 4,
                            "text": "park",
                            "relations": [
                              {
                                "relationType": "assessment",
                                "ref": "#/documents/0/sentences/0/assessments/0"
                              },
                              {
                                "relationType": "assessment",
                                "ref": "#/documents/0/sentences/0/assessments/1"
                              }
                            ]
                          }
                        ],
                        "assessments": [
                          {
                            "sentiment": "positive",
                            "confidenceScores": {
                              "positive": 1.0,
                              "negative": 0.0
                            },
                            "offset": 13,
                            "length": 5,
                            "text": "clean",
                            "isNegated": false
                          },
                          {
                            "sentiment": "positive",
                            "confidenceScores": {
                              "positive": 1.0,
                              "negative": 0.0
                            },
                            "offset": 23,
                            "length": 6,
                            "text": "pretty",
                            "isNegated": false
                          }
                        ]
                      },
                      {
                        "sentiment": "negative",
                        "confidenceScores": {
                          "positive": 0.0,
                          "neutral": 0.0,
                          "negative": 1.0
                        },
                        "offset": 31,
                        "length": 44,
                        "text": "The bathrooms and restaurant were not clean.",
                        "targets": [
                          {
                            "sentiment": "negative",
                            "confidenceScores": {
                              "positive": 0.01,
                              "negative": 0.99
                            },
                            "offset": 35,
                            "length": 9,
                            "text": "bathrooms",
                            "relations": [
                              {
                                "relationType": "assessment",
                                "ref": "#/documents/0/sentences/1/assessments/0"
                              }
                            ]
                          },
                          {
                            "sentiment": "negative",
                            "confidenceScores": {
                              "positive": 0.01,
                              "negative": 0.99
                            },
                            "offset": 49,
                            "length": 10,
                            "text": "restaurant",
                            "relations": [
                              {
                                "relationType": "assessment",
                                "ref": "#/documents/0/sentences/1/assessments/0"
                              }
                            ]
                          }
                        ],
                        "assessments": [
                          {
                            "sentiment": "negative",
                            "confidenceScores": {
                              "positive": 0.01,
                              "negative": 0.99
                            },
                            "offset": 69,
                            "length": 5,
                            "text": "clean",
                            "isNegated": true
                          }
                        ]
                      }
                    ],
                    "warnings": []
                  }
                ],
                "errors": [],
                "modelVersion": "2020-04-01"
              }
            }
          ]
        }
      }
    }
  ],
  "Variables": {
    "RandomSeed": "333490656",
    "TEXT_ANALYTICS_API_KEY": "Sanitized",
    "TEXT_ANALYTICS_ENDPOINT": "https://cognitiveweppe.azure-api.net"
  }
}