{
  "Entries": [
    {
      "RequestUri": "https://javatextanalyticstestresources.cognitiveservices.azure.com/text/analytics/v3.2-preview.2/analyze",
      "RequestMethod": "POST",
      "RequestHeaders": {
        "Accept": "application/json, text/json",
        "Authorization": "Sanitized",
        "Content-Length": "241",
        "Content-Type": "application/json",
        "traceparent": "00-436413c2a6613a4d929afb735cb3f406-07c4df5f1ee7a744-00",
        "User-Agent": "azsdk-net-AI.TextAnalytics/5.2.0-alpha.20211025.1 (.NET Framework 4.8.4300.0; Microsoft Windows 10.0.19043 )",
        "x-ms-client-request-id": "de59ba8e1395f2e982e2a8b6c3b12fcf",
        "x-ms-return-client-request-id": "true"
      },
      "RequestBody": {
        "analysisInput": {
          "documents": [
            {
              "id": "1",
              "text": "Elon Musk is the CEO of SpaceX and Tesla.",
              "language": "en"
            },
            {
              "id": "2",
              "text": "Tesla stock is up by 400% this year.",
              "language": "en"
            }
          ]
        },
        "tasks": {
          "keyPhraseExtractionTasks": [
            {
              "parameters": {}
            }
          ]
        }
      },
      "StatusCode": 202,
      "ResponseHeaders": {
        "apim-request-id": "ae977378-4ea5-4b8c-81b1-7de51350e182",
        "Date": "Mon, 25 Oct 2021 23:04:01 GMT",
        "operation-location": "https://javatextanalyticstestresources.cognitiveservices.azure.com/text/analytics/v3.2-preview.2/analyze/jobs/bde359ab-5b40-46b5-b084-9574cd36af3e",
        "Strict-Transport-Security": "max-age=31536000; includeSubDomains; preload",
        "Transfer-Encoding": "chunked",
        "x-content-type-options": "nosniff",
        "x-envoy-upstream-service-time": "779"
      },
      "ResponseBody": []
    },
    {
      "RequestUri": "https://javatextanalyticstestresources.cognitiveservices.azure.com/text/analytics/v3.2-preview.2/analyze/jobs/bde359ab-5b40-46b5-b084-9574cd36af3e",
      "RequestMethod": "GET",
      "RequestHeaders": {
        "Accept": "application/json, text/json",
        "Authorization": "Sanitized",
        "User-Agent": "azsdk-net-AI.TextAnalytics/5.2.0-alpha.20211025.1 (.NET Framework 4.8.4300.0; Microsoft Windows 10.0.19043 )",
        "x-ms-client-request-id": "d0f08a276f98a811231335a436578f77",
        "x-ms-return-client-request-id": "true"
      },
      "RequestBody": null,
      "StatusCode": 200,
      "ResponseHeaders": {
        "apim-request-id": "92d6479f-50be-4bef-b158-8266130466a9",
        "Content-Type": "application/json; charset=utf-8",
        "Date": "Mon, 25 Oct 2021 23:04:01 GMT",
        "Strict-Transport-Security": "max-age=31536000; includeSubDomains; preload",
        "Transfer-Encoding": "chunked",
        "x-content-type-options": "nosniff",
        "x-envoy-upstream-service-time": "39"
      },
      "ResponseBody": {
        "jobId": "bde359ab-5b40-46b5-b084-9574cd36af3e",
        "lastUpdateDateTime": "2021-10-25T23:04:01Z",
        "createdDateTime": "2021-10-25T23:04:01Z",
        "expirationDateTime": "2021-10-26T23:04:01Z",
        "status": "notStarted",
        "errors": [],
        "tasks": {
          "completed": 0,
          "failed": 0,
          "inProgress": 1,
          "total": 1
        }
      }
    },
    {
      "RequestUri": "https://javatextanalyticstestresources.cognitiveservices.azure.com/text/analytics/v3.2-preview.2/analyze/jobs/bde359ab-5b40-46b5-b084-9574cd36af3e",
      "RequestMethod": "GET",
      "RequestHeaders": {
        "Accept": "application/json, text/json",
        "Authorization": "Sanitized",
        "User-Agent": "azsdk-net-AI.TextAnalytics/5.2.0-alpha.20211025.1 (.NET Framework 4.8.4300.0; Microsoft Windows 10.0.19043 )",
        "x-ms-client-request-id": "ec1ef899d7f19ce637bb763a0306aa84",
        "x-ms-return-client-request-id": "true"
      },
      "RequestBody": null,
      "StatusCode": 200,
      "ResponseHeaders": {
        "apim-request-id": "136d2d60-f72e-4c40-8db3-30c3b58fdb2f",
        "Content-Type": "application/json; charset=utf-8",
        "Date": "Mon, 25 Oct 2021 23:04:02 GMT",
        "Strict-Transport-Security": "max-age=31536000; includeSubDomains; preload",
        "Transfer-Encoding": "chunked",
        "x-content-type-options": "nosniff",
        "x-envoy-upstream-service-time": "10"
      },
      "ResponseBody": {
        "jobId": "bde359ab-5b40-46b5-b084-9574cd36af3e",
        "lastUpdateDateTime": "2021-10-25T23:04:01Z",
        "createdDateTime": "2021-10-25T23:04:01Z",
        "expirationDateTime": "2021-10-26T23:04:01Z",
        "status": "running",
        "errors": [],
        "tasks": {
          "completed": 0,
          "failed": 0,
          "inProgress": 1,
          "total": 1
        }
      }
    },
    {
      "RequestUri": "https://javatextanalyticstestresources.cognitiveservices.azure.com/text/analytics/v3.2-preview.2/analyze/jobs/bde359ab-5b40-46b5-b084-9574cd36af3e",
      "RequestMethod": "GET",
      "RequestHeaders": {
        "Accept": "application/json, text/json",
        "Authorization": "Sanitized",
        "User-Agent": "azsdk-net-AI.TextAnalytics/5.2.0-alpha.20211025.1 (.NET Framework 4.8.4300.0; Microsoft Windows 10.0.19043 )",
        "x-ms-client-request-id": "a8b531a4828c1ef7a8b1ba81de45bc2b",
        "x-ms-return-client-request-id": "true"
      },
      "RequestBody": null,
      "StatusCode": 200,
      "ResponseHeaders": {
        "apim-request-id": "fd8ff601-3e4a-4f4d-81bb-70e89edfa822",
        "Content-Type": "application/json; charset=utf-8",
        "Date": "Mon, 25 Oct 2021 23:04:03 GMT",
        "Strict-Transport-Security": "max-age=31536000; includeSubDomains; preload",
        "Transfer-Encoding": "chunked",
        "x-content-type-options": "nosniff",
        "x-envoy-upstream-service-time": "7"
      },
      "ResponseBody": {
        "jobId": "bde359ab-5b40-46b5-b084-9574cd36af3e",
        "lastUpdateDateTime": "2021-10-25T23:04:01Z",
        "createdDateTime": "2021-10-25T23:04:01Z",
        "expirationDateTime": "2021-10-26T23:04:01Z",
        "status": "running",
        "errors": [],
        "tasks": {
          "completed": 0,
          "failed": 0,
          "inProgress": 1,
          "total": 1
        }
      }
    },
    {
      "RequestUri": "https://javatextanalyticstestresources.cognitiveservices.azure.com/text/analytics/v3.2-preview.2/analyze/jobs/bde359ab-5b40-46b5-b084-9574cd36af3e",
      "RequestMethod": "GET",
      "RequestHeaders": {
        "Accept": "application/json, text/json",
        "Authorization": "Sanitized",
        "User-Agent": "azsdk-net-AI.TextAnalytics/5.2.0-alpha.20211025.1 (.NET Framework 4.8.4300.0; Microsoft Windows 10.0.19043 )",
        "x-ms-client-request-id": "cb1d3152439250dea35398dcf9d7a41d",
        "x-ms-return-client-request-id": "true"
      },
      "RequestBody": null,
      "StatusCode": 200,
      "ResponseHeaders": {
        "apim-request-id": "bd4927d7-820e-4e38-9b6e-9c09d076bc12",
        "Content-Type": "application/json; charset=utf-8",
        "Date": "Mon, 25 Oct 2021 23:04:04 GMT",
        "Strict-Transport-Security": "max-age=31536000; includeSubDomains; preload",
        "Transfer-Encoding": "chunked",
        "x-content-type-options": "nosniff",
        "x-envoy-upstream-service-time": "7"
      },
      "ResponseBody": {
        "jobId": "bde359ab-5b40-46b5-b084-9574cd36af3e",
        "lastUpdateDateTime": "2021-10-25T23:04:01Z",
        "createdDateTime": "2021-10-25T23:04:01Z",
        "expirationDateTime": "2021-10-26T23:04:01Z",
        "status": "running",
        "errors": [],
        "tasks": {
          "completed": 0,
          "failed": 0,
          "inProgress": 1,
          "total": 1
        }
      }
    },
    {
      "RequestUri": "https://javatextanalyticstestresources.cognitiveservices.azure.com/text/analytics/v3.2-preview.2/analyze/jobs/bde359ab-5b40-46b5-b084-9574cd36af3e",
      "RequestMethod": "GET",
      "RequestHeaders": {
        "Accept": "application/json, text/json",
        "Authorization": "Sanitized",
        "User-Agent": "azsdk-net-AI.TextAnalytics/5.2.0-alpha.20211025.1 (.NET Framework 4.8.4300.0; Microsoft Windows 10.0.19043 )",
        "x-ms-client-request-id": "04ffb169e6a116ea00ff433f1d64bef2",
        "x-ms-return-client-request-id": "true"
      },
      "RequestBody": null,
      "StatusCode": 200,
      "ResponseHeaders": {
        "apim-request-id": "6806300c-8418-439d-a746-79ee57c0657f",
        "Content-Type": "application/json; charset=utf-8",
        "Date": "Mon, 25 Oct 2021 23:04:05 GMT",
        "Strict-Transport-Security": "max-age=31536000; includeSubDomains; preload",
        "Transfer-Encoding": "chunked",
        "x-content-type-options": "nosniff",
        "x-envoy-upstream-service-time": "9"
      },
      "ResponseBody": {
        "jobId": "bde359ab-5b40-46b5-b084-9574cd36af3e",
        "lastUpdateDateTime": "2021-10-25T23:04:01Z",
        "createdDateTime": "2021-10-25T23:04:01Z",
        "expirationDateTime": "2021-10-26T23:04:01Z",
        "status": "running",
        "errors": [],
        "tasks": {
          "completed": 0,
          "failed": 0,
          "inProgress": 1,
          "total": 1
        }
      }
    },
    {
      "RequestUri": "https://javatextanalyticstestresources.cognitiveservices.azure.com/text/analytics/v3.2-preview.2/analyze/jobs/bde359ab-5b40-46b5-b084-9574cd36af3e",
      "RequestMethod": "GET",
      "RequestHeaders": {
        "Accept": "application/json, text/json",
        "Authorization": "Sanitized",
        "User-Agent": "azsdk-net-AI.TextAnalytics/5.2.0-alpha.20211025.1 (.NET Framework 4.8.4300.0; Microsoft Windows 10.0.19043 )",
        "x-ms-client-request-id": "d2e74affdfe961f153650539ea1a25d0",
        "x-ms-return-client-request-id": "true"
      },
      "RequestBody": null,
      "StatusCode": 200,
      "ResponseHeaders": {
        "apim-request-id": "d28ac82c-aa7f-45f3-b1f0-4e4429296584",
        "Content-Type": "application/json; charset=utf-8",
        "Date": "Mon, 25 Oct 2021 23:04:06 GMT",
        "Strict-Transport-Security": "max-age=31536000; includeSubDomains; preload",
        "Transfer-Encoding": "chunked",
        "x-content-type-options": "nosniff",
        "x-envoy-upstream-service-time": "8"
      },
      "ResponseBody": {
        "jobId": "bde359ab-5b40-46b5-b084-9574cd36af3e",
        "lastUpdateDateTime": "2021-10-25T23:04:01Z",
        "createdDateTime": "2021-10-25T23:04:01Z",
        "expirationDateTime": "2021-10-26T23:04:01Z",
        "status": "running",
        "errors": [],
        "tasks": {
          "completed": 0,
          "failed": 0,
          "inProgress": 1,
          "total": 1
        }
      }
    },
    {
      "RequestUri": "https://javatextanalyticstestresources.cognitiveservices.azure.com/text/analytics/v3.2-preview.2/analyze/jobs/bde359ab-5b40-46b5-b084-9574cd36af3e",
      "RequestMethod": "GET",
      "RequestHeaders": {
        "Accept": "application/json, text/json",
        "Authorization": "Sanitized",
        "User-Agent": "azsdk-net-AI.TextAnalytics/5.2.0-alpha.20211025.1 (.NET Framework 4.8.4300.0; Microsoft Windows 10.0.19043 )",
        "x-ms-client-request-id": "2d189c0cb7466b8a4606ca93ff9e333e",
        "x-ms-return-client-request-id": "true"
      },
      "RequestBody": null,
      "StatusCode": 200,
      "ResponseHeaders": {
        "apim-request-id": "be9dfad5-8085-4173-b850-eb6e007a5c38",
        "Content-Type": "application/json; charset=utf-8",
        "Date": "Mon, 25 Oct 2021 23:04:18 GMT",
        "Strict-Transport-Security": "max-age=31536000; includeSubDomains; preload",
        "Transfer-Encoding": "chunked",
        "x-content-type-options": "nosniff",
        "x-envoy-upstream-service-time": "10228"
      },
      "ResponseBody": {
        "jobId": "bde359ab-5b40-46b5-b084-9574cd36af3e",
        "lastUpdateDateTime": "2021-10-25T23:04:08Z",
        "createdDateTime": "2021-10-25T23:04:01Z",
        "expirationDateTime": "2021-10-26T23:04:01Z",
        "status": "succeeded",
        "errors": [],
        "tasks": {
          "completed": 1,
          "failed": 0,
          "inProgress": 0,
          "total": 1,
          "keyPhraseExtractionTasks": [
            {
              "lastUpdateDateTime": "2021-10-25T23:04:08.4230886Z",
              "state": "succeeded",
              "results": {
                "documents": [
                  {
                    "id": "1",
                    "keyPhrases": [
                      "Elon Musk",
                      "CEO",
                      "SpaceX",
                      "Tesla"
                    ],
                    "warnings": []
                  },
                  {
                    "id": "2",
                    "keyPhrases": [
                      "Tesla stock"
                    ],
                    "warnings": []
                  }
                ],
                "errors": [],
                "modelVersion": "2021-06-01"
              }
            }
          ]
        }
      }
    }
  ],
  "Variables": {
    "RandomSeed": "1505286662",
    "TEXT_ANALYTICS_ENDPOINT": "https://javatextanalyticstestresources.cognitiveservices.azure.com"
  }
}