{
  "Entries": [
    {
      "RequestUri": "https://textanalytics-westeurope.ppe.cognitiveservices.azure.com/text/analytics/v3.1-preview.3/analyze",
      "RequestMethod": "POST",
      "RequestHeaders": {
        "Accept": [
          "application/json",
          "text/json"
        ],
        "Content-Length": "336",
        "Content-Type": "application/json",
        "Ocp-Apim-Subscription-Key": "Sanitized",
        "traceparent": "00-3db6a6fb86b4f145a60471c909ba9afd-5861ad2ef042d24c-00",
        "User-Agent": [
          "azsdk-net-AI.TextAnalytics/5.1.0-alpha.20201116.1",
          "(.NET Core 4.6.29321.03; Microsoft Windows 10.0.19042 )"
        ],
        "x-ms-client-request-id": "ff1f44cf0b7d52519f4611a53ca09dbe",
        "x-ms-return-client-request-id": "true"
      },
      "RequestBody": {
        "analysisInput": {
          "documents": [
            {
              "id": "1",
              "text": "Microsoft was founded by Bill Gates and Paul Allen.",
              "language": "en"
            },
            {
              "id": "2",
              "text": "Mi perro y mi gato tienen que ir al veterinario.",
              "language": "es"
            }
          ]
        },
        "tasks": {
          "keyPhraseExtractionTasks": [
            {
              "parameters": {
                "model-version": "latest"
              }
            }
          ]
        },
        "displayName": "AnalyzeOperationWithLanguageTest"
      },
      "StatusCode": 202,
      "ResponseHeaders": {
        "apim-request-id": "4c88b4d3-2514-4e27-be1c-99b87e3c8f4c",
        "Date": "Mon, 16 Nov 2020 19:17:52 GMT",
        "operation-location": "https://textanalytics-westeurope.ppe.cognitiveservices.azure.com/text/analytics/v3.1-preview.3/analyze/jobs/bd20534f-80cb-478d-a101-df66e4b7842d_637410816000000000",
        "Strict-Transport-Security": "max-age=31536000; includeSubDomains; preload",
        "Transfer-Encoding": "chunked",
        "X-Content-Type-Options": "nosniff",
        "x-envoy-upstream-service-time": "109"
      },
      "ResponseBody": []
    },
    {
      "RequestUri": "https://textanalytics-westeurope.ppe.cognitiveservices.azure.com/text/analytics/v3.1-preview.3/analyze/jobs/bd20534f-80cb-478d-a101-df66e4b7842d_637410816000000000?showStats=false",
      "RequestMethod": "GET",
      "RequestHeaders": {
        "Accept": [
          "application/json",
          "text/json"
        ],
        "Ocp-Apim-Subscription-Key": "Sanitized",
        "User-Agent": [
          "azsdk-net-AI.TextAnalytics/5.1.0-alpha.20201116.1",
          "(.NET Core 4.6.29321.03; Microsoft Windows 10.0.19042 )"
        ],
        "x-ms-client-request-id": "e5fe6af6690f6491194fc0223b355da1",
        "x-ms-return-client-request-id": "true"
      },
      "RequestBody": null,
      "StatusCode": 200,
      "ResponseHeaders": {
        "apim-request-id": "e2825f82-1205-4103-ba80-775abbec25bb",
        "Content-Type": "application/json; charset=utf-8",
        "Date": "Mon, 16 Nov 2020 19:17:52 GMT",
        "Strict-Transport-Security": "max-age=31536000; includeSubDomains; preload",
        "Transfer-Encoding": "chunked",
        "X-Content-Type-Options": "nosniff",
        "x-envoy-upstream-service-time": "13"
      },
      "ResponseBody": {
        "displayName": "AnalyzeOperationWithLanguageTest",
        "jobId": "bd20534f-80cb-478d-a101-df66e4b7842d_637410816000000000",
        "lastUpdateDateTime": "2020-11-16T19:17:52Z",
        "createdDateTime": "2020-11-16T19:17:52Z",
        "expirationDateTime": "2020-11-17T19:17:52Z",
        "status": "notStarted",
        "errors": [],
        "tasks": {
          "details": {
            "name": "AnalyzeOperationWithLanguageTest",
            "lastUpdateDateTime": "2020-11-16T19:17:52Z"
          },
          "completed": 0,
          "failed": 0,
          "inProgress": 0,
          "total": 0
        }
      }
    },
    {
      "RequestUri": "https://textanalytics-westeurope.ppe.cognitiveservices.azure.com/text/analytics/v3.1-preview.3/analyze/jobs/bd20534f-80cb-478d-a101-df66e4b7842d_637410816000000000?showStats=false",
      "RequestMethod": "GET",
      "RequestHeaders": {
        "Accept": [
          "application/json",
          "text/json"
        ],
        "Ocp-Apim-Subscription-Key": "Sanitized",
        "User-Agent": [
          "azsdk-net-AI.TextAnalytics/5.1.0-alpha.20201116.1",
          "(.NET Core 4.6.29321.03; Microsoft Windows 10.0.19042 )"
        ],
        "x-ms-client-request-id": "c22721a113540c5c7d4db56795b725e8",
        "x-ms-return-client-request-id": "true"
      },
      "RequestBody": null,
      "StatusCode": 200,
      "ResponseHeaders": {
        "apim-request-id": "a0f4b9ed-7afe-49aa-a5d1-dc57984ca2b6",
        "Content-Type": "application/json; charset=utf-8",
        "Date": "Mon, 16 Nov 2020 19:17:54 GMT",
        "Strict-Transport-Security": "max-age=31536000; includeSubDomains; preload",
        "Transfer-Encoding": "chunked",
        "X-Content-Type-Options": "nosniff",
        "x-envoy-upstream-service-time": "96"
      },
      "ResponseBody": {
        "displayName": "AnalyzeOperationWithLanguageTest",
        "jobId": "bd20534f-80cb-478d-a101-df66e4b7842d_637410816000000000",
        "lastUpdateDateTime": "2020-11-16T19:17:53Z",
        "createdDateTime": "2020-11-16T19:17:52Z",
        "expirationDateTime": "2020-11-17T19:17:52Z",
        "status": "succeeded",
        "errors": [],
        "tasks": {
          "details": {
            "name": "AnalyzeOperationWithLanguageTest",
            "lastUpdateDateTime": "2020-11-16T19:17:53Z"
          },
          "completed": 1,
          "failed": 0,
          "inProgress": 0,
          "total": 1,
          "keyPhraseExtractionTasks": [
            {
              "name": "AnalyzeOperationWithLanguageTest",
              "lastUpdateDateTime": "2020-11-16T19:17:53.3636521Z",
              "results": {
                "inTerminalState": true,
                "documents": [
                  {
                    "id": "1",
                    "keyPhrases": [
                      "Bill Gates",
                      "Paul Allen",
                      "Microsoft"
                    ],
                    "warnings": []
                  },
                  {
                    "id": "2",
                    "keyPhrases": [
                      "gato",
                      "perro",
                      "veterinario"
                    ],
                    "warnings": []
                  }
                ],
                "errors": [],
                "modelVersion": "2020-07-01"
              }
            }
          ]
        }
      }
    }
  ],
  "Variables": {
    "RandomSeed": "915431106",
    "TEXT_ANALYTICS_API_KEY": "Sanitized",
    "TEXT_ANALYTICS_ENDPOINT": "https://textanalytics-westeurope.ppe.cognitiveservices.azure.com"
  }
}