{
  "Entries": [
    {
      "RequestUri": "https://ta-s-westeurope.cognitiveservices.azure.com/text/analytics/v3.1-preview.4/analyze",
      "RequestMethod": "POST",
      "RequestHeaders": {
        "Accept": "application/json, text/json",
        "Authorization": "Sanitized",
        "Content-Length": "265",
        "Content-Type": "application/json",
        "traceparent": "00-9532610968e63c4e872a00b1f577f74b-3a505f469301d94e-00",
        "User-Agent": "azsdk-net-AI.TextAnalytics/5.1.0-alpha.20210224.1 (.NET Framework 4.8.4300.0; Microsoft Windows 10.0.19042 )",
        "x-ms-client-request-id": "de59ba8e1395f2e982e2a8b6c3b12fcf",
        "x-ms-return-client-request-id": "true"
      },
      "RequestBody": {
        "analysisInput": {
          "documents": [
            {
              "id": "1",
              "text": "Elon Musk is the CEO of SpaceX and Tesla.",
              "language": "en"
            },
            {
              "id": "2",
              "text": "Tesla stock is up by 400% this year.",
              "language": "en"
            }
          ]
        },
        "tasks": {
          "keyPhraseExtractionTasks": [
            {
              "parameters": {
                "model-version": "latest"
              }
            }
          ]
        }
      },
      "StatusCode": 202,
      "ResponseHeaders": {
        "apim-request-id": "75159668-cea3-4b32-b9b9-4e0ebfd72a32",
        "Date": "Wed, 24 Feb 2021 16:48:06 GMT",
        "operation-location": "https://ta-s-westeurope.cognitiveservices.azure.com/text/analytics/v3.1-preview.4/analyze/jobs/6227c038-52e3-4804-ac94-2e0734a95c7f",
        "Strict-Transport-Security": "max-age=31536000; includeSubDomains; preload",
        "Transfer-Encoding": "chunked",
        "x-content-type-options": "nosniff",
        "x-envoy-upstream-service-time": "173"
      },
      "ResponseBody": []
    },
    {
      "RequestUri": "https://ta-s-westeurope.cognitiveservices.azure.com/text/analytics/v3.1-preview.4/analyze/jobs/6227c038-52e3-4804-ac94-2e0734a95c7f?showStats=false",
      "RequestMethod": "GET",
      "RequestHeaders": {
        "Accept": "application/json, text/json",
        "Authorization": "Sanitized",
        "User-Agent": "azsdk-net-AI.TextAnalytics/5.1.0-alpha.20210224.1 (.NET Framework 4.8.4300.0; Microsoft Windows 10.0.19042 )",
        "x-ms-client-request-id": "d0f08a276f98a811231335a436578f77",
        "x-ms-return-client-request-id": "true"
      },
      "RequestBody": null,
      "StatusCode": 200,
      "ResponseHeaders": {
        "apim-request-id": "c6ff0b88-166b-4458-9b8c-9b0c659ca4c9",
        "Content-Type": "application/json; charset=utf-8",
        "Date": "Wed, 24 Feb 2021 16:48:06 GMT",
        "Strict-Transport-Security": "max-age=31536000; includeSubDomains; preload",
        "Transfer-Encoding": "chunked",
        "x-content-type-options": "nosniff",
        "x-envoy-upstream-service-time": "42"
      },
      "ResponseBody": {
        "jobId": "6227c038-52e3-4804-ac94-2e0734a95c7f",
        "lastUpdateDateTime": "2021-02-24T16:48:07Z",
        "createdDateTime": "2021-02-24T16:48:06Z",
        "expirationDateTime": "2021-02-25T16:48:06Z",
        "status": "notStarted",
        "errors": [],
        "tasks": {
          "details": {
            "lastUpdateDateTime": "2021-02-24T16:48:07Z"
          },
          "completed": 0,
          "failed": 0,
          "inProgress": 1,
          "total": 1
        }
      }
    },
    {
      "RequestUri": "https://ta-s-westeurope.cognitiveservices.azure.com/text/analytics/v3.1-preview.4/analyze/jobs/6227c038-52e3-4804-ac94-2e0734a95c7f?showStats=false",
      "RequestMethod": "GET",
      "RequestHeaders": {
        "Accept": "application/json, text/json",
        "Authorization": "Sanitized",
        "User-Agent": "azsdk-net-AI.TextAnalytics/5.1.0-alpha.20210224.1 (.NET Framework 4.8.4300.0; Microsoft Windows 10.0.19042 )",
        "x-ms-client-request-id": "ec1ef899d7f19ce637bb763a0306aa84",
        "x-ms-return-client-request-id": "true"
      },
      "RequestBody": null,
      "StatusCode": 200,
      "ResponseHeaders": {
        "apim-request-id": "ba0dccd7-954b-482a-8a4a-edbf717393f0",
        "Content-Type": "application/json; charset=utf-8",
        "Date": "Wed, 24 Feb 2021 16:48:07 GMT",
        "Strict-Transport-Security": "max-age=31536000; includeSubDomains; preload",
        "Transfer-Encoding": "chunked",
        "x-content-type-options": "nosniff",
        "x-envoy-upstream-service-time": "114"
      },
      "ResponseBody": {
        "jobId": "6227c038-52e3-4804-ac94-2e0734a95c7f",
        "lastUpdateDateTime": "2021-02-24T16:48:07Z",
        "createdDateTime": "2021-02-24T16:48:06Z",
        "expirationDateTime": "2021-02-25T16:48:06Z",
        "status": "succeeded",
        "errors": [],
        "tasks": {
          "details": {
            "lastUpdateDateTime": "2021-02-24T16:48:07Z"
          },
          "completed": 1,
          "failed": 0,
          "inProgress": 0,
          "total": 1,
          "keyPhraseExtractionTasks": [
            {
              "lastUpdateDateTime": "2021-02-24T16:48:07.0889948Z",
              "state": "succeeded",
              "results": {
                "documents": [
                  {
                    "id": "1",
                    "keyPhrases": [
                      "CEO of SpaceX",
                      "Elon Musk",
                      "Tesla"
                    ],
                    "warnings": []
                  },
                  {
                    "id": "2",
                    "keyPhrases": [
                      "Tesla stock",
                      "year"
                    ],
                    "warnings": []
                  }
                ],
                "errors": [],
                "modelVersion": "2020-07-01"
              }
            }
          ]
        }
      }
    }
  ],
  "Variables": {
    "RandomSeed": "1505286662",
    "TEXT_ANALYTICS_ENDPOINT": "https://ta-s-westeurope.cognitiveservices.azure.com"
  }
}