{
  "Entries": [
    {
      "RequestUri": "https://textanalytics-westeurope.ppe.cognitiveservices.azure.com/text/analytics/v3.1-preview.3/analyze",
      "RequestMethod": "POST",
      "RequestHeaders": {
        "Accept": [
          "application/json",
          "text/json"
        ],
        "Content-Length": "311",
        "Content-Type": "application/json",
        "Ocp-Apim-Subscription-Key": "Sanitized",
        "traceparent": "00-f7a71da1ff1272419b62b9c798076c0d-2863fe2908fcd047-00",
        "User-Agent": [
          "azsdk-net-AI.TextAnalytics/5.1.0-alpha.20201116.1",
          "(.NET Core 4.6.29321.03; Microsoft Windows 10.0.19042 )"
        ],
        "x-ms-client-request-id": "dbcf75b1d6cb24fdb41d742a5d142b0a",
        "x-ms-return-client-request-id": "true"
      },
      "RequestBody": {
        "analysisInput": {
          "documents": [
            {
              "id": "0",
              "text": "A patient with medical id 12345678 whose phone number is 800-102-1100 is going under heart surgery",
              "language": "en"
            }
          ]
        },
        "tasks": {
          "entityRecognitionPiiTasks": [
            {
              "parameters": {
                "domain": "phi",
                "model-version": "latest"
              }
            }
          ]
        },
        "displayName": "AnalyzeOperationWithPHIDomain"
      },
      "StatusCode": 202,
      "ResponseHeaders": {
        "apim-request-id": "3ac58cbe-e29f-4a72-83fe-9590d65a4d79",
        "Date": "Mon, 16 Nov 2020 19:15:40 GMT",
        "operation-location": "https://textanalytics-westeurope.ppe.cognitiveservices.azure.com/text/analytics/v3.1-preview.3/analyze/jobs/4f78ef8c-d5d8-40df-94b8-66b292c2f1ef_637410816000000000",
        "Strict-Transport-Security": "max-age=31536000; includeSubDomains; preload",
        "Transfer-Encoding": "chunked",
        "X-Content-Type-Options": "nosniff",
        "x-envoy-upstream-service-time": "257"
      },
      "ResponseBody": []
    },
    {
      "RequestUri": "https://textanalytics-westeurope.ppe.cognitiveservices.azure.com/text/analytics/v3.1-preview.3/analyze/jobs/4f78ef8c-d5d8-40df-94b8-66b292c2f1ef_637410816000000000?showStats=false",
      "RequestMethod": "GET",
      "RequestHeaders": {
        "Accept": [
          "application/json",
          "text/json"
        ],
        "Ocp-Apim-Subscription-Key": "Sanitized",
        "User-Agent": [
          "azsdk-net-AI.TextAnalytics/5.1.0-alpha.20201116.1",
          "(.NET Core 4.6.29321.03; Microsoft Windows 10.0.19042 )"
        ],
        "x-ms-client-request-id": "4c8042efa9b72511ebff89e389aea38e",
        "x-ms-return-client-request-id": "true"
      },
      "RequestBody": null,
      "StatusCode": 200,
      "ResponseHeaders": {
        "apim-request-id": "b1699e2e-70bc-4eb3-8ddf-41524aed3b4d",
        "Content-Type": "application/json; charset=utf-8",
        "Date": "Mon, 16 Nov 2020 19:15:40 GMT",
        "Strict-Transport-Security": "max-age=31536000; includeSubDomains; preload",
        "Transfer-Encoding": "chunked",
        "X-Content-Type-Options": "nosniff",
        "x-envoy-upstream-service-time": "13"
      },
      "ResponseBody": {
        "displayName": "AnalyzeOperationWithPHIDomain",
        "jobId": "4f78ef8c-d5d8-40df-94b8-66b292c2f1ef_637410816000000000",
        "lastUpdateDateTime": "2020-11-16T19:15:40Z",
        "createdDateTime": "2020-11-16T19:15:40Z",
        "expirationDateTime": "2020-11-17T19:15:40Z",
        "status": "notStarted",
        "errors": [],
        "tasks": {
          "details": {
            "name": "AnalyzeOperationWithPHIDomain",
            "lastUpdateDateTime": "2020-11-16T19:15:40Z"
          },
          "completed": 0,
          "failed": 0,
          "inProgress": 0,
          "total": 0
        }
      }
    },
    {
      "RequestUri": "https://textanalytics-westeurope.ppe.cognitiveservices.azure.com/text/analytics/v3.1-preview.3/analyze/jobs/4f78ef8c-d5d8-40df-94b8-66b292c2f1ef_637410816000000000?showStats=false",
      "RequestMethod": "GET",
      "RequestHeaders": {
        "Accept": [
          "application/json",
          "text/json"
        ],
        "Ocp-Apim-Subscription-Key": "Sanitized",
        "User-Agent": [
          "azsdk-net-AI.TextAnalytics/5.1.0-alpha.20201116.1",
          "(.NET Core 4.6.29321.03; Microsoft Windows 10.0.19042 )"
        ],
        "x-ms-client-request-id": "d874985d95266ebb9878278edaa670b9",
        "x-ms-return-client-request-id": "true"
      },
      "RequestBody": null,
      "StatusCode": 200,
      "ResponseHeaders": {
        "apim-request-id": "fc505549-d2f8-4d7d-85d4-794d67a41824",
        "Content-Type": "application/json; charset=utf-8",
        "Date": "Mon, 16 Nov 2020 19:15:42 GMT",
        "Strict-Transport-Security": "max-age=31536000; includeSubDomains; preload",
        "Transfer-Encoding": "chunked",
        "X-Content-Type-Options": "nosniff",
        "x-envoy-upstream-service-time": "38"
      },
      "ResponseBody": {
        "displayName": "AnalyzeOperationWithPHIDomain",
        "jobId": "4f78ef8c-d5d8-40df-94b8-66b292c2f1ef_637410816000000000",
        "lastUpdateDateTime": "2020-11-16T19:15:41Z",
        "createdDateTime": "2020-11-16T19:15:40Z",
        "expirationDateTime": "2020-11-17T19:15:40Z",
        "status": "running",
        "errors": [],
        "tasks": {
          "details": {
            "name": "AnalyzeOperationWithPHIDomain",
            "lastUpdateDateTime": "2020-11-16T19:15:41Z"
          },
          "completed": 0,
          "failed": 0,
          "inProgress": 1,
          "total": 1
        }
      }
    },
    {
      "RequestUri": "https://textanalytics-westeurope.ppe.cognitiveservices.azure.com/text/analytics/v3.1-preview.3/analyze/jobs/4f78ef8c-d5d8-40df-94b8-66b292c2f1ef_637410816000000000?showStats=false",
      "RequestMethod": "GET",
      "RequestHeaders": {
        "Accept": [
          "application/json",
          "text/json"
        ],
        "Ocp-Apim-Subscription-Key": "Sanitized",
        "User-Agent": [
          "azsdk-net-AI.TextAnalytics/5.1.0-alpha.20201116.1",
          "(.NET Core 4.6.29321.03; Microsoft Windows 10.0.19042 )"
        ],
        "x-ms-client-request-id": "75458861a56107e864a9f0cb4c199a06",
        "x-ms-return-client-request-id": "true"
      },
      "RequestBody": null,
      "StatusCode": 200,
      "ResponseHeaders": {
        "apim-request-id": "af2ab3d2-f4a1-4269-860b-65cc928e3a7a",
        "Content-Type": "application/json; charset=utf-8",
        "Date": "Mon, 16 Nov 2020 19:15:43 GMT",
        "Strict-Transport-Security": "max-age=31536000; includeSubDomains; preload",
        "Transfer-Encoding": "chunked",
        "X-Content-Type-Options": "nosniff",
        "x-envoy-upstream-service-time": "61"
      },
      "ResponseBody": {
        "displayName": "AnalyzeOperationWithPHIDomain",
        "jobId": "4f78ef8c-d5d8-40df-94b8-66b292c2f1ef_637410816000000000",
        "lastUpdateDateTime": "2020-11-16T19:15:41Z",
        "createdDateTime": "2020-11-16T19:15:40Z",
        "expirationDateTime": "2020-11-17T19:15:40Z",
        "status": "running",
        "errors": [],
        "tasks": {
          "details": {
            "name": "AnalyzeOperationWithPHIDomain",
            "lastUpdateDateTime": "2020-11-16T19:15:41Z"
          },
          "completed": 0,
          "failed": 0,
          "inProgress": 1,
          "total": 1
        }
      }
    },
    {
      "RequestUri": "https://textanalytics-westeurope.ppe.cognitiveservices.azure.com/text/analytics/v3.1-preview.3/analyze/jobs/4f78ef8c-d5d8-40df-94b8-66b292c2f1ef_637410816000000000?showStats=false",
      "RequestMethod": "GET",
      "RequestHeaders": {
        "Accept": [
          "application/json",
          "text/json"
        ],
        "Ocp-Apim-Subscription-Key": "Sanitized",
        "User-Agent": [
          "azsdk-net-AI.TextAnalytics/5.1.0-alpha.20201116.1",
          "(.NET Core 4.6.29321.03; Microsoft Windows 10.0.19042 )"
        ],
        "x-ms-client-request-id": "c4cce67952a059e38711b33f82834b45",
        "x-ms-return-client-request-id": "true"
      },
      "RequestBody": null,
      "StatusCode": 200,
      "ResponseHeaders": {
        "apim-request-id": "d8190be8-be7e-4ba6-8bf0-3e3f7093587e",
        "Content-Type": "application/json; charset=utf-8",
        "Date": "Mon, 16 Nov 2020 19:15:45 GMT",
        "Strict-Transport-Security": "max-age=31536000; includeSubDomains; preload",
        "Transfer-Encoding": "chunked",
        "X-Content-Type-Options": "nosniff",
        "x-envoy-upstream-service-time": "77"
      },
      "ResponseBody": {
        "displayName": "AnalyzeOperationWithPHIDomain",
        "jobId": "4f78ef8c-d5d8-40df-94b8-66b292c2f1ef_637410816000000000",
        "lastUpdateDateTime": "2020-11-16T19:15:41Z",
        "createdDateTime": "2020-11-16T19:15:40Z",
        "expirationDateTime": "2020-11-17T19:15:40Z",
        "status": "running",
        "errors": [],
        "tasks": {
          "details": {
            "name": "AnalyzeOperationWithPHIDomain",
            "lastUpdateDateTime": "2020-11-16T19:15:41Z"
          },
          "completed": 0,
          "failed": 0,
          "inProgress": 1,
          "total": 1
        }
      }
    },
    {
      "RequestUri": "https://textanalytics-westeurope.ppe.cognitiveservices.azure.com/text/analytics/v3.1-preview.3/analyze/jobs/4f78ef8c-d5d8-40df-94b8-66b292c2f1ef_637410816000000000?showStats=false",
      "RequestMethod": "GET",
      "RequestHeaders": {
        "Accept": [
          "application/json",
          "text/json"
        ],
        "Ocp-Apim-Subscription-Key": "Sanitized",
        "User-Agent": [
          "azsdk-net-AI.TextAnalytics/5.1.0-alpha.20201116.1",
          "(.NET Core 4.6.29321.03; Microsoft Windows 10.0.19042 )"
        ],
        "x-ms-client-request-id": "0182d08f2e68b82daf6c747ca5ef217e",
        "x-ms-return-client-request-id": "true"
      },
      "RequestBody": null,
      "StatusCode": 200,
      "ResponseHeaders": {
        "apim-request-id": "f3a6f64a-44dc-43cc-80b8-c0cbad791a74",
        "Content-Type": "application/json; charset=utf-8",
        "Date": "Mon, 16 Nov 2020 19:15:46 GMT",
        "Strict-Transport-Security": "max-age=31536000; includeSubDomains; preload",
        "Transfer-Encoding": "chunked",
        "X-Content-Type-Options": "nosniff",
        "x-envoy-upstream-service-time": "45"
      },
      "ResponseBody": {
        "displayName": "AnalyzeOperationWithPHIDomain",
        "jobId": "4f78ef8c-d5d8-40df-94b8-66b292c2f1ef_637410816000000000",
        "lastUpdateDateTime": "2020-11-16T19:15:41Z",
        "createdDateTime": "2020-11-16T19:15:40Z",
        "expirationDateTime": "2020-11-17T19:15:40Z",
        "status": "running",
        "errors": [],
        "tasks": {
          "details": {
            "name": "AnalyzeOperationWithPHIDomain",
            "lastUpdateDateTime": "2020-11-16T19:15:41Z"
          },
          "completed": 0,
          "failed": 0,
          "inProgress": 1,
          "total": 1
        }
      }
    },
    {
      "RequestUri": "https://textanalytics-westeurope.ppe.cognitiveservices.azure.com/text/analytics/v3.1-preview.3/analyze/jobs/4f78ef8c-d5d8-40df-94b8-66b292c2f1ef_637410816000000000?showStats=false",
      "RequestMethod": "GET",
      "RequestHeaders": {
        "Accept": [
          "application/json",
          "text/json"
        ],
        "Ocp-Apim-Subscription-Key": "Sanitized",
        "User-Agent": [
          "azsdk-net-AI.TextAnalytics/5.1.0-alpha.20201116.1",
          "(.NET Core 4.6.29321.03; Microsoft Windows 10.0.19042 )"
        ],
        "x-ms-client-request-id": "f31420deabd90f18a4ecee4ff1a985e1",
        "x-ms-return-client-request-id": "true"
      },
      "RequestBody": null,
      "StatusCode": 200,
      "ResponseHeaders": {
        "apim-request-id": "53a94840-e4a6-4fbf-bb23-50a8b6a91f58",
        "Content-Type": "application/json; charset=utf-8",
        "Date": "Mon, 16 Nov 2020 19:15:47 GMT",
        "Strict-Transport-Security": "max-age=31536000; includeSubDomains; preload",
        "Transfer-Encoding": "chunked",
        "X-Content-Type-Options": "nosniff",
        "x-envoy-upstream-service-time": "64"
      },
      "ResponseBody": {
        "displayName": "AnalyzeOperationWithPHIDomain",
        "jobId": "4f78ef8c-d5d8-40df-94b8-66b292c2f1ef_637410816000000000",
        "lastUpdateDateTime": "2020-11-16T19:15:41Z",
        "createdDateTime": "2020-11-16T19:15:40Z",
        "expirationDateTime": "2020-11-17T19:15:40Z",
        "status": "running",
        "errors": [],
        "tasks": {
          "details": {
            "name": "AnalyzeOperationWithPHIDomain",
            "lastUpdateDateTime": "2020-11-16T19:15:41Z"
          },
          "completed": 0,
          "failed": 0,
          "inProgress": 1,
          "total": 1
        }
      }
    },
    {
      "RequestUri": "https://textanalytics-westeurope.ppe.cognitiveservices.azure.com/text/analytics/v3.1-preview.3/analyze/jobs/4f78ef8c-d5d8-40df-94b8-66b292c2f1ef_637410816000000000?showStats=false",
      "RequestMethod": "GET",
      "RequestHeaders": {
        "Accept": [
          "application/json",
          "text/json"
        ],
        "Ocp-Apim-Subscription-Key": "Sanitized",
        "User-Agent": [
          "azsdk-net-AI.TextAnalytics/5.1.0-alpha.20201116.1",
          "(.NET Core 4.6.29321.03; Microsoft Windows 10.0.19042 )"
        ],
        "x-ms-client-request-id": "7c3cab5e99974b9db9141433dd67b397",
        "x-ms-return-client-request-id": "true"
      },
      "RequestBody": null,
      "StatusCode": 200,
      "ResponseHeaders": {
        "apim-request-id": "83c03df3-b5a2-4022-b3eb-a16265c2ce4c",
        "Content-Type": "application/json; charset=utf-8",
        "Date": "Mon, 16 Nov 2020 19:15:48 GMT",
        "Strict-Transport-Security": "max-age=31536000; includeSubDomains; preload",
        "Transfer-Encoding": "chunked",
        "X-Content-Type-Options": "nosniff",
        "x-envoy-upstream-service-time": "63"
      },
      "ResponseBody": {
        "displayName": "AnalyzeOperationWithPHIDomain",
        "jobId": "4f78ef8c-d5d8-40df-94b8-66b292c2f1ef_637410816000000000",
        "lastUpdateDateTime": "2020-11-16T19:15:41Z",
        "createdDateTime": "2020-11-16T19:15:40Z",
        "expirationDateTime": "2020-11-17T19:15:40Z",
        "status": "running",
        "errors": [],
        "tasks": {
          "details": {
            "name": "AnalyzeOperationWithPHIDomain",
            "lastUpdateDateTime": "2020-11-16T19:15:41Z"
          },
          "completed": 0,
          "failed": 0,
          "inProgress": 1,
          "total": 1
        }
      }
    },
    {
      "RequestUri": "https://textanalytics-westeurope.ppe.cognitiveservices.azure.com/text/analytics/v3.1-preview.3/analyze/jobs/4f78ef8c-d5d8-40df-94b8-66b292c2f1ef_637410816000000000?showStats=false",
      "RequestMethod": "GET",
      "RequestHeaders": {
        "Accept": [
          "application/json",
          "text/json"
        ],
        "Ocp-Apim-Subscription-Key": "Sanitized",
        "User-Agent": [
          "azsdk-net-AI.TextAnalytics/5.1.0-alpha.20201116.1",
          "(.NET Core 4.6.29321.03; Microsoft Windows 10.0.19042 )"
        ],
        "x-ms-client-request-id": "616034ef576ee36bb7725c7c40ddc605",
        "x-ms-return-client-request-id": "true"
      },
      "RequestBody": null,
      "StatusCode": 200,
      "ResponseHeaders": {
        "apim-request-id": "c0eec639-9a21-4f5b-b800-e3742abfcdf6",
        "Content-Type": "application/json; charset=utf-8",
        "Date": "Mon, 16 Nov 2020 19:15:49 GMT",
        "Strict-Transport-Security": "max-age=31536000; includeSubDomains; preload",
        "Transfer-Encoding": "chunked",
        "X-Content-Type-Options": "nosniff",
        "x-envoy-upstream-service-time": "73"
      },
      "ResponseBody": {
        "displayName": "AnalyzeOperationWithPHIDomain",
        "jobId": "4f78ef8c-d5d8-40df-94b8-66b292c2f1ef_637410816000000000",
        "lastUpdateDateTime": "2020-11-16T19:15:41Z",
        "createdDateTime": "2020-11-16T19:15:40Z",
        "expirationDateTime": "2020-11-17T19:15:40Z",
        "status": "running",
        "errors": [],
        "tasks": {
          "details": {
            "name": "AnalyzeOperationWithPHIDomain",
            "lastUpdateDateTime": "2020-11-16T19:15:41Z"
          },
          "completed": 0,
          "failed": 0,
          "inProgress": 1,
          "total": 1
        }
      }
    },
    {
      "RequestUri": "https://textanalytics-westeurope.ppe.cognitiveservices.azure.com/text/analytics/v3.1-preview.3/analyze/jobs/4f78ef8c-d5d8-40df-94b8-66b292c2f1ef_637410816000000000?showStats=false",
      "RequestMethod": "GET",
      "RequestHeaders": {
        "Accept": [
          "application/json",
          "text/json"
        ],
        "Ocp-Apim-Subscription-Key": "Sanitized",
        "User-Agent": [
          "azsdk-net-AI.TextAnalytics/5.1.0-alpha.20201116.1",
          "(.NET Core 4.6.29321.03; Microsoft Windows 10.0.19042 )"
        ],
        "x-ms-client-request-id": "fa1e93e7a5b345e782c93ac496e4323d",
        "x-ms-return-client-request-id": "true"
      },
      "RequestBody": null,
      "StatusCode": 200,
      "ResponseHeaders": {
        "apim-request-id": "358f720d-f82d-4dd9-974b-283158c6d7de",
        "Content-Type": "application/json; charset=utf-8",
        "Date": "Mon, 16 Nov 2020 19:15:51 GMT",
        "Strict-Transport-Security": "max-age=31536000; includeSubDomains; preload",
        "Transfer-Encoding": "chunked",
        "X-Content-Type-Options": "nosniff",
        "x-envoy-upstream-service-time": "48"
      },
      "ResponseBody": {
        "displayName": "AnalyzeOperationWithPHIDomain",
        "jobId": "4f78ef8c-d5d8-40df-94b8-66b292c2f1ef_637410816000000000",
        "lastUpdateDateTime": "2020-11-16T19:15:41Z",
        "createdDateTime": "2020-11-16T19:15:40Z",
        "expirationDateTime": "2020-11-17T19:15:40Z",
        "status": "running",
        "errors": [],
        "tasks": {
          "details": {
            "name": "AnalyzeOperationWithPHIDomain",
            "lastUpdateDateTime": "2020-11-16T19:15:41Z"
          },
          "completed": 0,
          "failed": 0,
          "inProgress": 1,
          "total": 1
        }
      }
    },
    {
      "RequestUri": "https://textanalytics-westeurope.ppe.cognitiveservices.azure.com/text/analytics/v3.1-preview.3/analyze/jobs/4f78ef8c-d5d8-40df-94b8-66b292c2f1ef_637410816000000000?showStats=false",
      "RequestMethod": "GET",
      "RequestHeaders": {
        "Accept": [
          "application/json",
          "text/json"
        ],
        "Ocp-Apim-Subscription-Key": "Sanitized",
        "User-Agent": [
          "azsdk-net-AI.TextAnalytics/5.1.0-alpha.20201116.1",
          "(.NET Core 4.6.29321.03; Microsoft Windows 10.0.19042 )"
        ],
        "x-ms-client-request-id": "bc5f5738234907723f58c4243c200bdb",
        "x-ms-return-client-request-id": "true"
      },
      "RequestBody": null,
      "StatusCode": 200,
      "ResponseHeaders": {
        "apim-request-id": "2247d9cf-a3f5-4527-965a-8c4a006a34f8",
        "Content-Type": "application/json; charset=utf-8",
        "Date": "Mon, 16 Nov 2020 19:15:52 GMT",
        "Strict-Transport-Security": "max-age=31536000; includeSubDomains; preload",
        "Transfer-Encoding": "chunked",
        "X-Content-Type-Options": "nosniff",
        "x-envoy-upstream-service-time": "45"
      },
      "ResponseBody": {
        "displayName": "AnalyzeOperationWithPHIDomain",
        "jobId": "4f78ef8c-d5d8-40df-94b8-66b292c2f1ef_637410816000000000",
        "lastUpdateDateTime": "2020-11-16T19:15:41Z",
        "createdDateTime": "2020-11-16T19:15:40Z",
        "expirationDateTime": "2020-11-17T19:15:40Z",
        "status": "running",
        "errors": [],
        "tasks": {
          "details": {
            "name": "AnalyzeOperationWithPHIDomain",
            "lastUpdateDateTime": "2020-11-16T19:15:41Z"
          },
          "completed": 0,
          "failed": 0,
          "inProgress": 1,
          "total": 1
        }
      }
    },
    {
      "RequestUri": "https://textanalytics-westeurope.ppe.cognitiveservices.azure.com/text/analytics/v3.1-preview.3/analyze/jobs/4f78ef8c-d5d8-40df-94b8-66b292c2f1ef_637410816000000000?showStats=false",
      "RequestMethod": "GET",
      "RequestHeaders": {
        "Accept": [
          "application/json",
          "text/json"
        ],
        "Ocp-Apim-Subscription-Key": "Sanitized",
        "User-Agent": [
          "azsdk-net-AI.TextAnalytics/5.1.0-alpha.20201116.1",
          "(.NET Core 4.6.29321.03; Microsoft Windows 10.0.19042 )"
        ],
        "x-ms-client-request-id": "494c0e4db9494ae34d1bdea41ca64cd2",
        "x-ms-return-client-request-id": "true"
      },
      "RequestBody": null,
      "StatusCode": 200,
      "ResponseHeaders": {
        "apim-request-id": "45ec4c9d-2679-4f22-bb24-736538013c2c",
        "Content-Type": "application/json; charset=utf-8",
        "Date": "Mon, 16 Nov 2020 19:15:53 GMT",
        "Strict-Transport-Security": "max-age=31536000; includeSubDomains; preload",
        "Transfer-Encoding": "chunked",
        "X-Content-Type-Options": "nosniff",
        "x-envoy-upstream-service-time": "43"
      },
      "ResponseBody": {
        "displayName": "AnalyzeOperationWithPHIDomain",
        "jobId": "4f78ef8c-d5d8-40df-94b8-66b292c2f1ef_637410816000000000",
        "lastUpdateDateTime": "2020-11-16T19:15:41Z",
        "createdDateTime": "2020-11-16T19:15:40Z",
        "expirationDateTime": "2020-11-17T19:15:40Z",
        "status": "running",
        "errors": [],
        "tasks": {
          "details": {
            "name": "AnalyzeOperationWithPHIDomain",
            "lastUpdateDateTime": "2020-11-16T19:15:41Z"
          },
          "completed": 0,
          "failed": 0,
          "inProgress": 1,
          "total": 1
        }
      }
    },
    {
      "RequestUri": "https://textanalytics-westeurope.ppe.cognitiveservices.azure.com/text/analytics/v3.1-preview.3/analyze/jobs/4f78ef8c-d5d8-40df-94b8-66b292c2f1ef_637410816000000000?showStats=false",
      "RequestMethod": "GET",
      "RequestHeaders": {
        "Accept": [
          "application/json",
          "text/json"
        ],
        "Ocp-Apim-Subscription-Key": "Sanitized",
        "User-Agent": [
          "azsdk-net-AI.TextAnalytics/5.1.0-alpha.20201116.1",
          "(.NET Core 4.6.29321.03; Microsoft Windows 10.0.19042 )"
        ],
        "x-ms-client-request-id": "e8441e400a7ec3bc2017ba5be0c20861",
        "x-ms-return-client-request-id": "true"
      },
      "RequestBody": null,
      "StatusCode": 200,
      "ResponseHeaders": {
        "apim-request-id": "ccf77599-1d8c-4184-993e-17021ebca7d3",
        "Content-Type": "application/json; charset=utf-8",
        "Date": "Mon, 16 Nov 2020 19:15:54 GMT",
        "Strict-Transport-Security": "max-age=31536000; includeSubDomains; preload",
        "Transfer-Encoding": "chunked",
        "X-Content-Type-Options": "nosniff",
        "x-envoy-upstream-service-time": "40"
      },
      "ResponseBody": {
        "displayName": "AnalyzeOperationWithPHIDomain",
        "jobId": "4f78ef8c-d5d8-40df-94b8-66b292c2f1ef_637410816000000000",
        "lastUpdateDateTime": "2020-11-16T19:15:41Z",
        "createdDateTime": "2020-11-16T19:15:40Z",
        "expirationDateTime": "2020-11-17T19:15:40Z",
        "status": "running",
        "errors": [],
        "tasks": {
          "details": {
            "name": "AnalyzeOperationWithPHIDomain",
            "lastUpdateDateTime": "2020-11-16T19:15:41Z"
          },
          "completed": 0,
          "failed": 0,
          "inProgress": 1,
          "total": 1
        }
      }
    },
    {
      "RequestUri": "https://textanalytics-westeurope.ppe.cognitiveservices.azure.com/text/analytics/v3.1-preview.3/analyze/jobs/4f78ef8c-d5d8-40df-94b8-66b292c2f1ef_637410816000000000?showStats=false",
      "RequestMethod": "GET",
      "RequestHeaders": {
        "Accept": [
          "application/json",
          "text/json"
        ],
        "Ocp-Apim-Subscription-Key": "Sanitized",
        "User-Agent": [
          "azsdk-net-AI.TextAnalytics/5.1.0-alpha.20201116.1",
          "(.NET Core 4.6.29321.03; Microsoft Windows 10.0.19042 )"
        ],
        "x-ms-client-request-id": "88775fbee8987ff473156e2e45cdea98",
        "x-ms-return-client-request-id": "true"
      },
      "RequestBody": null,
      "StatusCode": 200,
      "ResponseHeaders": {
        "apim-request-id": "0c3a58b5-0e27-4538-bc37-d9c2b546afb4",
        "Content-Type": "application/json; charset=utf-8",
        "Date": "Mon, 16 Nov 2020 19:15:55 GMT",
        "Strict-Transport-Security": "max-age=31536000; includeSubDomains; preload",
        "Transfer-Encoding": "chunked",
        "X-Content-Type-Options": "nosniff",
        "x-envoy-upstream-service-time": "38"
      },
      "ResponseBody": {
        "displayName": "AnalyzeOperationWithPHIDomain",
        "jobId": "4f78ef8c-d5d8-40df-94b8-66b292c2f1ef_637410816000000000",
        "lastUpdateDateTime": "2020-11-16T19:15:41Z",
        "createdDateTime": "2020-11-16T19:15:40Z",
        "expirationDateTime": "2020-11-17T19:15:40Z",
        "status": "running",
        "errors": [],
        "tasks": {
          "details": {
            "name": "AnalyzeOperationWithPHIDomain",
            "lastUpdateDateTime": "2020-11-16T19:15:41Z"
          },
          "completed": 0,
          "failed": 0,
          "inProgress": 1,
          "total": 1
        }
      }
    },
    {
      "RequestUri": "https://textanalytics-westeurope.ppe.cognitiveservices.azure.com/text/analytics/v3.1-preview.3/analyze/jobs/4f78ef8c-d5d8-40df-94b8-66b292c2f1ef_637410816000000000?showStats=false",
      "RequestMethod": "GET",
      "RequestHeaders": {
        "Accept": [
          "application/json",
          "text/json"
        ],
        "Ocp-Apim-Subscription-Key": "Sanitized",
        "User-Agent": [
          "azsdk-net-AI.TextAnalytics/5.1.0-alpha.20201116.1",
          "(.NET Core 4.6.29321.03; Microsoft Windows 10.0.19042 )"
        ],
        "x-ms-client-request-id": "1de4f20b22dc435d52892831fe88698a",
        "x-ms-return-client-request-id": "true"
      },
      "RequestBody": null,
      "StatusCode": 200,
      "ResponseHeaders": {
        "apim-request-id": "d2bd383b-8ed8-45cd-aad4-056249fb7c55",
        "Content-Type": "application/json; charset=utf-8",
        "Date": "Mon, 16 Nov 2020 19:15:57 GMT",
        "Strict-Transport-Security": "max-age=31536000; includeSubDomains; preload",
        "Transfer-Encoding": "chunked",
        "X-Content-Type-Options": "nosniff",
        "x-envoy-upstream-service-time": "63"
      },
      "ResponseBody": {
        "displayName": "AnalyzeOperationWithPHIDomain",
        "jobId": "4f78ef8c-d5d8-40df-94b8-66b292c2f1ef_637410816000000000",
        "lastUpdateDateTime": "2020-11-16T19:15:41Z",
        "createdDateTime": "2020-11-16T19:15:40Z",
        "expirationDateTime": "2020-11-17T19:15:40Z",
        "status": "running",
        "errors": [],
        "tasks": {
          "details": {
            "name": "AnalyzeOperationWithPHIDomain",
            "lastUpdateDateTime": "2020-11-16T19:15:41Z"
          },
          "completed": 0,
          "failed": 0,
          "inProgress": 1,
          "total": 1
        }
      }
    },
    {
      "RequestUri": "https://textanalytics-westeurope.ppe.cognitiveservices.azure.com/text/analytics/v3.1-preview.3/analyze/jobs/4f78ef8c-d5d8-40df-94b8-66b292c2f1ef_637410816000000000?showStats=false",
      "RequestMethod": "GET",
      "RequestHeaders": {
        "Accept": [
          "application/json",
          "text/json"
        ],
        "Ocp-Apim-Subscription-Key": "Sanitized",
        "User-Agent": [
          "azsdk-net-AI.TextAnalytics/5.1.0-alpha.20201116.1",
          "(.NET Core 4.6.29321.03; Microsoft Windows 10.0.19042 )"
        ],
        "x-ms-client-request-id": "bce67c12c42f583a2ac475689b8e7e53",
        "x-ms-return-client-request-id": "true"
      },
      "RequestBody": null,
      "StatusCode": 200,
      "ResponseHeaders": {
        "apim-request-id": "73b765ad-da57-4a49-a443-ac9f06e7cf20",
        "Content-Type": "application/json; charset=utf-8",
        "Date": "Mon, 16 Nov 2020 19:15:58 GMT",
        "Strict-Transport-Security": "max-age=31536000; includeSubDomains; preload",
        "Transfer-Encoding": "chunked",
        "X-Content-Type-Options": "nosniff",
        "x-envoy-upstream-service-time": "46"
      },
      "ResponseBody": {
        "displayName": "AnalyzeOperationWithPHIDomain",
        "jobId": "4f78ef8c-d5d8-40df-94b8-66b292c2f1ef_637410816000000000",
        "lastUpdateDateTime": "2020-11-16T19:15:41Z",
        "createdDateTime": "2020-11-16T19:15:40Z",
        "expirationDateTime": "2020-11-17T19:15:40Z",
        "status": "running",
        "errors": [],
        "tasks": {
          "details": {
            "name": "AnalyzeOperationWithPHIDomain",
            "lastUpdateDateTime": "2020-11-16T19:15:41Z"
          },
          "completed": 0,
          "failed": 0,
          "inProgress": 1,
          "total": 1
        }
      }
    },
    {
      "RequestUri": "https://textanalytics-westeurope.ppe.cognitiveservices.azure.com/text/analytics/v3.1-preview.3/analyze/jobs/4f78ef8c-d5d8-40df-94b8-66b292c2f1ef_637410816000000000?showStats=false",
      "RequestMethod": "GET",
      "RequestHeaders": {
        "Accept": [
          "application/json",
          "text/json"
        ],
        "Ocp-Apim-Subscription-Key": "Sanitized",
        "User-Agent": [
          "azsdk-net-AI.TextAnalytics/5.1.0-alpha.20201116.1",
          "(.NET Core 4.6.29321.03; Microsoft Windows 10.0.19042 )"
        ],
        "x-ms-client-request-id": "ee4f222cebde9c850234350ebfc281ea",
        "x-ms-return-client-request-id": "true"
      },
      "RequestBody": null,
      "StatusCode": 200,
      "ResponseHeaders": {
        "apim-request-id": "58523a58-02b1-4557-9116-252b9c22c6f6",
        "Content-Type": "application/json; charset=utf-8",
        "Date": "Mon, 16 Nov 2020 19:15:59 GMT",
        "Strict-Transport-Security": "max-age=31536000; includeSubDomains; preload",
        "Transfer-Encoding": "chunked",
        "X-Content-Type-Options": "nosniff",
        "x-envoy-upstream-service-time": "53"
      },
      "ResponseBody": {
        "displayName": "AnalyzeOperationWithPHIDomain",
        "jobId": "4f78ef8c-d5d8-40df-94b8-66b292c2f1ef_637410816000000000",
        "lastUpdateDateTime": "2020-11-16T19:15:41Z",
        "createdDateTime": "2020-11-16T19:15:40Z",
        "expirationDateTime": "2020-11-17T19:15:40Z",
        "status": "running",
        "errors": [],
        "tasks": {
          "details": {
            "name": "AnalyzeOperationWithPHIDomain",
            "lastUpdateDateTime": "2020-11-16T19:15:41Z"
          },
          "completed": 0,
          "failed": 0,
          "inProgress": 1,
          "total": 1
        }
      }
    },
    {
      "RequestUri": "https://textanalytics-westeurope.ppe.cognitiveservices.azure.com/text/analytics/v3.1-preview.3/analyze/jobs/4f78ef8c-d5d8-40df-94b8-66b292c2f1ef_637410816000000000?showStats=false",
      "RequestMethod": "GET",
      "RequestHeaders": {
        "Accept": [
          "application/json",
          "text/json"
        ],
        "Ocp-Apim-Subscription-Key": "Sanitized",
        "User-Agent": [
          "azsdk-net-AI.TextAnalytics/5.1.0-alpha.20201116.1",
          "(.NET Core 4.6.29321.03; Microsoft Windows 10.0.19042 )"
        ],
        "x-ms-client-request-id": "c81ce4ab2de74668b78bf218acf4a7c3",
        "x-ms-return-client-request-id": "true"
      },
      "RequestBody": null,
      "StatusCode": 200,
      "ResponseHeaders": {
        "apim-request-id": "610f3415-1eae-4e0c-8bde-b9b61e1414f0",
        "Content-Type": "application/json; charset=utf-8",
        "Date": "Mon, 16 Nov 2020 19:16:01 GMT",
        "Strict-Transport-Security": "max-age=31536000; includeSubDomains; preload",
        "Transfer-Encoding": "chunked",
        "X-Content-Type-Options": "nosniff",
        "x-envoy-upstream-service-time": "65"
      },
      "ResponseBody": {
        "displayName": "AnalyzeOperationWithPHIDomain",
        "jobId": "4f78ef8c-d5d8-40df-94b8-66b292c2f1ef_637410816000000000",
        "lastUpdateDateTime": "2020-11-16T19:15:41Z",
        "createdDateTime": "2020-11-16T19:15:40Z",
        "expirationDateTime": "2020-11-17T19:15:40Z",
        "status": "running",
        "errors": [],
        "tasks": {
          "details": {
            "name": "AnalyzeOperationWithPHIDomain",
            "lastUpdateDateTime": "2020-11-16T19:15:41Z"
          },
          "completed": 0,
          "failed": 0,
          "inProgress": 1,
          "total": 1
        }
      }
    },
    {
      "RequestUri": "https://textanalytics-westeurope.ppe.cognitiveservices.azure.com/text/analytics/v3.1-preview.3/analyze/jobs/4f78ef8c-d5d8-40df-94b8-66b292c2f1ef_637410816000000000?showStats=false",
      "RequestMethod": "GET",
      "RequestHeaders": {
        "Accept": [
          "application/json",
          "text/json"
        ],
        "Ocp-Apim-Subscription-Key": "Sanitized",
        "User-Agent": [
          "azsdk-net-AI.TextAnalytics/5.1.0-alpha.20201116.1",
          "(.NET Core 4.6.29321.03; Microsoft Windows 10.0.19042 )"
        ],
        "x-ms-client-request-id": "db05d50a7b3926acf74abafb8f2b9868",
        "x-ms-return-client-request-id": "true"
      },
      "RequestBody": null,
      "StatusCode": 200,
      "ResponseHeaders": {
        "apim-request-id": "f7b3d33b-5b86-4f59-91d7-4574582daeee",
        "Content-Type": "application/json; charset=utf-8",
        "Date": "Mon, 16 Nov 2020 19:16:02 GMT",
        "Strict-Transport-Security": "max-age=31536000; includeSubDomains; preload",
        "Transfer-Encoding": "chunked",
        "X-Content-Type-Options": "nosniff",
        "x-envoy-upstream-service-time": "64"
      },
      "ResponseBody": {
        "displayName": "AnalyzeOperationWithPHIDomain",
        "jobId": "4f78ef8c-d5d8-40df-94b8-66b292c2f1ef_637410816000000000",
        "lastUpdateDateTime": "2020-11-16T19:15:41Z",
        "createdDateTime": "2020-11-16T19:15:40Z",
        "expirationDateTime": "2020-11-17T19:15:40Z",
        "status": "running",
        "errors": [],
        "tasks": {
          "details": {
            "name": "AnalyzeOperationWithPHIDomain",
            "lastUpdateDateTime": "2020-11-16T19:15:41Z"
          },
          "completed": 0,
          "failed": 0,
          "inProgress": 1,
          "total": 1
        }
      }
    },
    {
      "RequestUri": "https://textanalytics-westeurope.ppe.cognitiveservices.azure.com/text/analytics/v3.1-preview.3/analyze/jobs/4f78ef8c-d5d8-40df-94b8-66b292c2f1ef_637410816000000000?showStats=false",
      "RequestMethod": "GET",
      "RequestHeaders": {
        "Accept": [
          "application/json",
          "text/json"
        ],
        "Ocp-Apim-Subscription-Key": "Sanitized",
        "User-Agent": [
          "azsdk-net-AI.TextAnalytics/5.1.0-alpha.20201116.1",
          "(.NET Core 4.6.29321.03; Microsoft Windows 10.0.19042 )"
        ],
        "x-ms-client-request-id": "b7bd8a43b672fe6bb9083652f86cef0e",
        "x-ms-return-client-request-id": "true"
      },
      "RequestBody": null,
      "StatusCode": 200,
      "ResponseHeaders": {
        "apim-request-id": "0009d162-0179-4ea6-962e-bf254db4f232",
        "Content-Type": "application/json; charset=utf-8",
        "Date": "Mon, 16 Nov 2020 19:16:03 GMT",
        "Strict-Transport-Security": "max-age=31536000; includeSubDomains; preload",
        "Transfer-Encoding": "chunked",
        "X-Content-Type-Options": "nosniff",
        "x-envoy-upstream-service-time": "52"
      },
      "ResponseBody": {
        "displayName": "AnalyzeOperationWithPHIDomain",
        "jobId": "4f78ef8c-d5d8-40df-94b8-66b292c2f1ef_637410816000000000",
        "lastUpdateDateTime": "2020-11-16T19:15:41Z",
        "createdDateTime": "2020-11-16T19:15:40Z",
        "expirationDateTime": "2020-11-17T19:15:40Z",
        "status": "running",
        "errors": [],
        "tasks": {
          "details": {
            "name": "AnalyzeOperationWithPHIDomain",
            "lastUpdateDateTime": "2020-11-16T19:15:41Z"
          },
          "completed": 0,
          "failed": 0,
          "inProgress": 1,
          "total": 1
        }
      }
    },
    {
      "RequestUri": "https://textanalytics-westeurope.ppe.cognitiveservices.azure.com/text/analytics/v3.1-preview.3/analyze/jobs/4f78ef8c-d5d8-40df-94b8-66b292c2f1ef_637410816000000000?showStats=false",
      "RequestMethod": "GET",
      "RequestHeaders": {
        "Accept": [
          "application/json",
          "text/json"
        ],
        "Ocp-Apim-Subscription-Key": "Sanitized",
        "User-Agent": [
          "azsdk-net-AI.TextAnalytics/5.1.0-alpha.20201116.1",
          "(.NET Core 4.6.29321.03; Microsoft Windows 10.0.19042 )"
        ],
        "x-ms-client-request-id": "e903718ca5bc2fb137f5d09d736db78b",
        "x-ms-return-client-request-id": "true"
      },
      "RequestBody": null,
      "StatusCode": 200,
      "ResponseHeaders": {
        "apim-request-id": "2b1d7c2b-8b51-4c97-b5d3-b00aaa719e7f",
        "Content-Type": "application/json; charset=utf-8",
        "Date": "Mon, 16 Nov 2020 19:16:04 GMT",
        "Strict-Transport-Security": "max-age=31536000; includeSubDomains; preload",
        "Transfer-Encoding": "chunked",
        "X-Content-Type-Options": "nosniff",
        "x-envoy-upstream-service-time": "39"
      },
      "ResponseBody": {
        "displayName": "AnalyzeOperationWithPHIDomain",
        "jobId": "4f78ef8c-d5d8-40df-94b8-66b292c2f1ef_637410816000000000",
        "lastUpdateDateTime": "2020-11-16T19:15:41Z",
        "createdDateTime": "2020-11-16T19:15:40Z",
        "expirationDateTime": "2020-11-17T19:15:40Z",
        "status": "running",
        "errors": [],
        "tasks": {
          "details": {
            "name": "AnalyzeOperationWithPHIDomain",
            "lastUpdateDateTime": "2020-11-16T19:15:41Z"
          },
          "completed": 0,
          "failed": 0,
          "inProgress": 1,
          "total": 1
        }
      }
    },
    {
      "RequestUri": "https://textanalytics-westeurope.ppe.cognitiveservices.azure.com/text/analytics/v3.1-preview.3/analyze/jobs/4f78ef8c-d5d8-40df-94b8-66b292c2f1ef_637410816000000000?showStats=false",
      "RequestMethod": "GET",
      "RequestHeaders": {
        "Accept": [
          "application/json",
          "text/json"
        ],
        "Ocp-Apim-Subscription-Key": "Sanitized",
        "User-Agent": [
          "azsdk-net-AI.TextAnalytics/5.1.0-alpha.20201116.1",
          "(.NET Core 4.6.29321.03; Microsoft Windows 10.0.19042 )"
        ],
        "x-ms-client-request-id": "21d58af3ef3754516a06223045592e8a",
        "x-ms-return-client-request-id": "true"
      },
      "RequestBody": null,
      "StatusCode": 200,
      "ResponseHeaders": {
        "apim-request-id": "17113a1f-0f6c-428b-8443-8d2f694c991d",
        "Content-Type": "application/json; charset=utf-8",
        "Date": "Mon, 16 Nov 2020 19:16:05 GMT",
        "Strict-Transport-Security": "max-age=31536000; includeSubDomains; preload",
        "Transfer-Encoding": "chunked",
        "X-Content-Type-Options": "nosniff",
        "x-envoy-upstream-service-time": "45"
      },
      "ResponseBody": {
        "displayName": "AnalyzeOperationWithPHIDomain",
        "jobId": "4f78ef8c-d5d8-40df-94b8-66b292c2f1ef_637410816000000000",
        "lastUpdateDateTime": "2020-11-16T19:15:41Z",
        "createdDateTime": "2020-11-16T19:15:40Z",
        "expirationDateTime": "2020-11-17T19:15:40Z",
        "status": "running",
        "errors": [],
        "tasks": {
          "details": {
            "name": "AnalyzeOperationWithPHIDomain",
            "lastUpdateDateTime": "2020-11-16T19:15:41Z"
          },
          "completed": 0,
          "failed": 0,
          "inProgress": 1,
          "total": 1
        }
      }
    },
    {
      "RequestUri": "https://textanalytics-westeurope.ppe.cognitiveservices.azure.com/text/analytics/v3.1-preview.3/analyze/jobs/4f78ef8c-d5d8-40df-94b8-66b292c2f1ef_637410816000000000?showStats=false",
      "RequestMethod": "GET",
      "RequestHeaders": {
        "Accept": [
          "application/json",
          "text/json"
        ],
        "Ocp-Apim-Subscription-Key": "Sanitized",
        "User-Agent": [
          "azsdk-net-AI.TextAnalytics/5.1.0-alpha.20201116.1",
          "(.NET Core 4.6.29321.03; Microsoft Windows 10.0.19042 )"
        ],
        "x-ms-client-request-id": "1d6fac5aaf289dabd98d7f7de5ce8b4c",
        "x-ms-return-client-request-id": "true"
      },
      "RequestBody": null,
      "StatusCode": 200,
      "ResponseHeaders": {
        "apim-request-id": "bbf039ba-b071-4f03-8ab0-f42448d701a4",
        "Content-Type": "application/json; charset=utf-8",
        "Date": "Mon, 16 Nov 2020 19:16:07 GMT",
        "Strict-Transport-Security": "max-age=31536000; includeSubDomains; preload",
        "Transfer-Encoding": "chunked",
        "X-Content-Type-Options": "nosniff",
        "x-envoy-upstream-service-time": "44"
      },
      "ResponseBody": {
        "displayName": "AnalyzeOperationWithPHIDomain",
        "jobId": "4f78ef8c-d5d8-40df-94b8-66b292c2f1ef_637410816000000000",
        "lastUpdateDateTime": "2020-11-16T19:15:41Z",
        "createdDateTime": "2020-11-16T19:15:40Z",
        "expirationDateTime": "2020-11-17T19:15:40Z",
        "status": "running",
        "errors": [],
        "tasks": {
          "details": {
            "name": "AnalyzeOperationWithPHIDomain",
            "lastUpdateDateTime": "2020-11-16T19:15:41Z"
          },
          "completed": 0,
          "failed": 0,
          "inProgress": 1,
          "total": 1
        }
      }
    },
    {
      "RequestUri": "https://textanalytics-westeurope.ppe.cognitiveservices.azure.com/text/analytics/v3.1-preview.3/analyze/jobs/4f78ef8c-d5d8-40df-94b8-66b292c2f1ef_637410816000000000?showStats=false",
      "RequestMethod": "GET",
      "RequestHeaders": {
        "Accept": [
          "application/json",
          "text/json"
        ],
        "Ocp-Apim-Subscription-Key": "Sanitized",
        "User-Agent": [
          "azsdk-net-AI.TextAnalytics/5.1.0-alpha.20201116.1",
          "(.NET Core 4.6.29321.03; Microsoft Windows 10.0.19042 )"
        ],
        "x-ms-client-request-id": "6d5faa51cd979cd620ae7fb58381eadd",
        "x-ms-return-client-request-id": "true"
      },
      "RequestBody": null,
      "StatusCode": 200,
      "ResponseHeaders": {
        "apim-request-id": "90660f29-6f0a-4bca-862d-19f1c58818e5",
        "Content-Type": "application/json; charset=utf-8",
        "Date": "Mon, 16 Nov 2020 19:16:08 GMT",
        "Strict-Transport-Security": "max-age=31536000; includeSubDomains; preload",
        "Transfer-Encoding": "chunked",
        "X-Content-Type-Options": "nosniff",
        "x-envoy-upstream-service-time": "38"
      },
      "ResponseBody": {
        "displayName": "AnalyzeOperationWithPHIDomain",
        "jobId": "4f78ef8c-d5d8-40df-94b8-66b292c2f1ef_637410816000000000",
        "lastUpdateDateTime": "2020-11-16T19:15:41Z",
        "createdDateTime": "2020-11-16T19:15:40Z",
        "expirationDateTime": "2020-11-17T19:15:40Z",
        "status": "running",
        "errors": [],
        "tasks": {
          "details": {
            "name": "AnalyzeOperationWithPHIDomain",
            "lastUpdateDateTime": "2020-11-16T19:15:41Z"
          },
          "completed": 0,
          "failed": 0,
          "inProgress": 1,
          "total": 1
        }
      }
    },
    {
      "RequestUri": "https://textanalytics-westeurope.ppe.cognitiveservices.azure.com/text/analytics/v3.1-preview.3/analyze/jobs/4f78ef8c-d5d8-40df-94b8-66b292c2f1ef_637410816000000000?showStats=false",
      "RequestMethod": "GET",
      "RequestHeaders": {
        "Accept": [
          "application/json",
          "text/json"
        ],
        "Ocp-Apim-Subscription-Key": "Sanitized",
        "User-Agent": [
          "azsdk-net-AI.TextAnalytics/5.1.0-alpha.20201116.1",
          "(.NET Core 4.6.29321.03; Microsoft Windows 10.0.19042 )"
        ],
        "x-ms-client-request-id": "c74245c69afd4363df3748a970d46f9b",
        "x-ms-return-client-request-id": "true"
      },
      "RequestBody": null,
      "StatusCode": 200,
      "ResponseHeaders": {
        "apim-request-id": "c9cce4f2-6232-43a0-8d7b-3d57178bd36f",
        "Content-Type": "application/json; charset=utf-8",
        "Date": "Mon, 16 Nov 2020 19:16:09 GMT",
        "Strict-Transport-Security": "max-age=31536000; includeSubDomains; preload",
        "Transfer-Encoding": "chunked",
        "X-Content-Type-Options": "nosniff",
        "x-envoy-upstream-service-time": "36"
      },
      "ResponseBody": {
        "displayName": "AnalyzeOperationWithPHIDomain",
        "jobId": "4f78ef8c-d5d8-40df-94b8-66b292c2f1ef_637410816000000000",
        "lastUpdateDateTime": "2020-11-16T19:15:41Z",
        "createdDateTime": "2020-11-16T19:15:40Z",
        "expirationDateTime": "2020-11-17T19:15:40Z",
        "status": "running",
        "errors": [],
        "tasks": {
          "details": {
            "name": "AnalyzeOperationWithPHIDomain",
            "lastUpdateDateTime": "2020-11-16T19:15:41Z"
          },
          "completed": 0,
          "failed": 0,
          "inProgress": 1,
          "total": 1
        }
      }
    },
    {
      "RequestUri": "https://textanalytics-westeurope.ppe.cognitiveservices.azure.com/text/analytics/v3.1-preview.3/analyze/jobs/4f78ef8c-d5d8-40df-94b8-66b292c2f1ef_637410816000000000?showStats=false",
      "RequestMethod": "GET",
      "RequestHeaders": {
        "Accept": [
          "application/json",
          "text/json"
        ],
        "Ocp-Apim-Subscription-Key": "Sanitized",
        "User-Agent": [
          "azsdk-net-AI.TextAnalytics/5.1.0-alpha.20201116.1",
          "(.NET Core 4.6.29321.03; Microsoft Windows 10.0.19042 )"
        ],
        "x-ms-client-request-id": "9aded57bc1fa8df3d5d2fc792ff51a58",
        "x-ms-return-client-request-id": "true"
      },
      "RequestBody": null,
      "StatusCode": 200,
      "ResponseHeaders": {
        "apim-request-id": "85e35a5d-d437-49cd-bdd0-e8069e886de5",
        "Content-Type": "application/json; charset=utf-8",
        "Date": "Mon, 16 Nov 2020 19:16:10 GMT",
        "Strict-Transport-Security": "max-age=31536000; includeSubDomains; preload",
        "Transfer-Encoding": "chunked",
        "X-Content-Type-Options": "nosniff",
        "x-envoy-upstream-service-time": "49"
      },
      "ResponseBody": {
        "displayName": "AnalyzeOperationWithPHIDomain",
        "jobId": "4f78ef8c-d5d8-40df-94b8-66b292c2f1ef_637410816000000000",
        "lastUpdateDateTime": "2020-11-16T19:15:41Z",
        "createdDateTime": "2020-11-16T19:15:40Z",
        "expirationDateTime": "2020-11-17T19:15:40Z",
        "status": "running",
        "errors": [],
        "tasks": {
          "details": {
            "name": "AnalyzeOperationWithPHIDomain",
            "lastUpdateDateTime": "2020-11-16T19:15:41Z"
          },
          "completed": 0,
          "failed": 0,
          "inProgress": 1,
          "total": 1
        }
      }
    },
    {
      "RequestUri": "https://textanalytics-westeurope.ppe.cognitiveservices.azure.com/text/analytics/v3.1-preview.3/analyze/jobs/4f78ef8c-d5d8-40df-94b8-66b292c2f1ef_637410816000000000?showStats=false",
      "RequestMethod": "GET",
      "RequestHeaders": {
        "Accept": [
          "application/json",
          "text/json"
        ],
        "Ocp-Apim-Subscription-Key": "Sanitized",
        "User-Agent": [
          "azsdk-net-AI.TextAnalytics/5.1.0-alpha.20201116.1",
          "(.NET Core 4.6.29321.03; Microsoft Windows 10.0.19042 )"
        ],
        "x-ms-client-request-id": "9fb6a1a2c38cb74e461b8e60852d2c4c",
        "x-ms-return-client-request-id": "true"
      },
      "RequestBody": null,
      "StatusCode": 200,
      "ResponseHeaders": {
        "apim-request-id": "eb95bdc9-c3b5-4161-8765-b9f6bacb31a7",
        "Content-Type": "application/json; charset=utf-8",
        "Date": "Mon, 16 Nov 2020 19:16:12 GMT",
        "Strict-Transport-Security": "max-age=31536000; includeSubDomains; preload",
        "Transfer-Encoding": "chunked",
        "X-Content-Type-Options": "nosniff",
        "x-envoy-upstream-service-time": "64"
      },
      "ResponseBody": {
        "displayName": "AnalyzeOperationWithPHIDomain",
        "jobId": "4f78ef8c-d5d8-40df-94b8-66b292c2f1ef_637410816000000000",
        "lastUpdateDateTime": "2020-11-16T19:15:41Z",
        "createdDateTime": "2020-11-16T19:15:40Z",
        "expirationDateTime": "2020-11-17T19:15:40Z",
        "status": "running",
        "errors": [],
        "tasks": {
          "details": {
            "name": "AnalyzeOperationWithPHIDomain",
            "lastUpdateDateTime": "2020-11-16T19:15:41Z"
          },
          "completed": 0,
          "failed": 0,
          "inProgress": 1,
          "total": 1
        }
      }
    },
    {
      "RequestUri": "https://textanalytics-westeurope.ppe.cognitiveservices.azure.com/text/analytics/v3.1-preview.3/analyze/jobs/4f78ef8c-d5d8-40df-94b8-66b292c2f1ef_637410816000000000?showStats=false",
      "RequestMethod": "GET",
      "RequestHeaders": {
        "Accept": [
          "application/json",
          "text/json"
        ],
        "Ocp-Apim-Subscription-Key": "Sanitized",
        "User-Agent": [
          "azsdk-net-AI.TextAnalytics/5.1.0-alpha.20201116.1",
          "(.NET Core 4.6.29321.03; Microsoft Windows 10.0.19042 )"
        ],
        "x-ms-client-request-id": "ad3ae33f4fa205e352b5f12b9dea13ea",
        "x-ms-return-client-request-id": "true"
      },
      "RequestBody": null,
      "StatusCode": 200,
      "ResponseHeaders": {
        "apim-request-id": "d047543a-9d25-4638-a76d-0401c1795068",
        "Content-Type": "application/json; charset=utf-8",
        "Date": "Mon, 16 Nov 2020 19:16:13 GMT",
        "Strict-Transport-Security": "max-age=31536000; includeSubDomains; preload",
        "Transfer-Encoding": "chunked",
        "X-Content-Type-Options": "nosniff",
        "x-envoy-upstream-service-time": "65"
      },
      "ResponseBody": {
        "displayName": "AnalyzeOperationWithPHIDomain",
        "jobId": "4f78ef8c-d5d8-40df-94b8-66b292c2f1ef_637410816000000000",
        "lastUpdateDateTime": "2020-11-16T19:15:41Z",
        "createdDateTime": "2020-11-16T19:15:40Z",
        "expirationDateTime": "2020-11-17T19:15:40Z",
        "status": "running",
        "errors": [],
        "tasks": {
          "details": {
            "name": "AnalyzeOperationWithPHIDomain",
            "lastUpdateDateTime": "2020-11-16T19:15:41Z"
          },
          "completed": 0,
          "failed": 0,
          "inProgress": 1,
          "total": 1
        }
      }
    },
    {
      "RequestUri": "https://textanalytics-westeurope.ppe.cognitiveservices.azure.com/text/analytics/v3.1-preview.3/analyze/jobs/4f78ef8c-d5d8-40df-94b8-66b292c2f1ef_637410816000000000?showStats=false",
      "RequestMethod": "GET",
      "RequestHeaders": {
        "Accept": [
          "application/json",
          "text/json"
        ],
        "Ocp-Apim-Subscription-Key": "Sanitized",
        "User-Agent": [
          "azsdk-net-AI.TextAnalytics/5.1.0-alpha.20201116.1",
          "(.NET Core 4.6.29321.03; Microsoft Windows 10.0.19042 )"
        ],
        "x-ms-client-request-id": "ce06f01cd01db70f872753de339208a8",
        "x-ms-return-client-request-id": "true"
      },
      "RequestBody": null,
      "StatusCode": 200,
      "ResponseHeaders": {
        "apim-request-id": "f9a51a6e-126f-495a-bd38-eb10373ead1f",
        "Content-Type": "application/json; charset=utf-8",
        "Date": "Mon, 16 Nov 2020 19:16:14 GMT",
        "Strict-Transport-Security": "max-age=31536000; includeSubDomains; preload",
        "Transfer-Encoding": "chunked",
        "X-Content-Type-Options": "nosniff",
        "x-envoy-upstream-service-time": "88"
      },
      "ResponseBody": {
        "displayName": "AnalyzeOperationWithPHIDomain",
        "jobId": "4f78ef8c-d5d8-40df-94b8-66b292c2f1ef_637410816000000000",
        "lastUpdateDateTime": "2020-11-16T19:15:41Z",
        "createdDateTime": "2020-11-16T19:15:40Z",
        "expirationDateTime": "2020-11-17T19:15:40Z",
        "status": "running",
        "errors": [],
        "tasks": {
          "details": {
            "name": "AnalyzeOperationWithPHIDomain",
            "lastUpdateDateTime": "2020-11-16T19:15:41Z"
          },
          "completed": 0,
          "failed": 0,
          "inProgress": 1,
          "total": 1
        }
      }
    },
    {
      "RequestUri": "https://textanalytics-westeurope.ppe.cognitiveservices.azure.com/text/analytics/v3.1-preview.3/analyze/jobs/4f78ef8c-d5d8-40df-94b8-66b292c2f1ef_637410816000000000?showStats=false",
      "RequestMethod": "GET",
      "RequestHeaders": {
        "Accept": [
          "application/json",
          "text/json"
        ],
        "Ocp-Apim-Subscription-Key": "Sanitized",
        "User-Agent": [
          "azsdk-net-AI.TextAnalytics/5.1.0-alpha.20201116.1",
          "(.NET Core 4.6.29321.03; Microsoft Windows 10.0.19042 )"
        ],
        "x-ms-client-request-id": "4c39b0a66dbb52b5beb14cd6d2231a5b",
        "x-ms-return-client-request-id": "true"
      },
      "RequestBody": null,
      "StatusCode": 200,
      "ResponseHeaders": {
        "apim-request-id": "18b446d9-a667-4863-91da-d9e5a866fc5c",
        "Content-Type": "application/json; charset=utf-8",
        "Date": "Mon, 16 Nov 2020 19:16:15 GMT",
        "Strict-Transport-Security": "max-age=31536000; includeSubDomains; preload",
        "Transfer-Encoding": "chunked",
        "X-Content-Type-Options": "nosniff",
        "x-envoy-upstream-service-time": "43"
      },
      "ResponseBody": {
        "displayName": "AnalyzeOperationWithPHIDomain",
        "jobId": "4f78ef8c-d5d8-40df-94b8-66b292c2f1ef_637410816000000000",
        "lastUpdateDateTime": "2020-11-16T19:15:41Z",
        "createdDateTime": "2020-11-16T19:15:40Z",
        "expirationDateTime": "2020-11-17T19:15:40Z",
        "status": "running",
        "errors": [],
        "tasks": {
          "details": {
            "name": "AnalyzeOperationWithPHIDomain",
            "lastUpdateDateTime": "2020-11-16T19:15:41Z"
          },
          "completed": 0,
          "failed": 0,
          "inProgress": 1,
          "total": 1
        }
      }
    },
    {
      "RequestUri": "https://textanalytics-westeurope.ppe.cognitiveservices.azure.com/text/analytics/v3.1-preview.3/analyze/jobs/4f78ef8c-d5d8-40df-94b8-66b292c2f1ef_637410816000000000?showStats=false",
      "RequestMethod": "GET",
      "RequestHeaders": {
        "Accept": [
          "application/json",
          "text/json"
        ],
        "Ocp-Apim-Subscription-Key": "Sanitized",
        "User-Agent": [
          "azsdk-net-AI.TextAnalytics/5.1.0-alpha.20201116.1",
          "(.NET Core 4.6.29321.03; Microsoft Windows 10.0.19042 )"
        ],
        "x-ms-client-request-id": "9444a3075d266f2ed382257bfc04d2c0",
        "x-ms-return-client-request-id": "true"
      },
      "RequestBody": null,
      "StatusCode": 200,
      "ResponseHeaders": {
        "apim-request-id": "fc735272-52ec-4348-9454-d1cde38817a9",
        "Content-Type": "application/json; charset=utf-8",
        "Date": "Mon, 16 Nov 2020 19:16:17 GMT",
        "Strict-Transport-Security": "max-age=31536000; includeSubDomains; preload",
        "Transfer-Encoding": "chunked",
        "X-Content-Type-Options": "nosniff",
        "x-envoy-upstream-service-time": "40"
      },
      "ResponseBody": {
        "displayName": "AnalyzeOperationWithPHIDomain",
        "jobId": "4f78ef8c-d5d8-40df-94b8-66b292c2f1ef_637410816000000000",
        "lastUpdateDateTime": "2020-11-16T19:15:41Z",
        "createdDateTime": "2020-11-16T19:15:40Z",
        "expirationDateTime": "2020-11-17T19:15:40Z",
        "status": "running",
        "errors": [],
        "tasks": {
          "details": {
            "name": "AnalyzeOperationWithPHIDomain",
            "lastUpdateDateTime": "2020-11-16T19:15:41Z"
          },
          "completed": 0,
          "failed": 0,
          "inProgress": 1,
          "total": 1
        }
      }
    },
    {
      "RequestUri": "https://textanalytics-westeurope.ppe.cognitiveservices.azure.com/text/analytics/v3.1-preview.3/analyze/jobs/4f78ef8c-d5d8-40df-94b8-66b292c2f1ef_637410816000000000?showStats=false",
      "RequestMethod": "GET",
      "RequestHeaders": {
        "Accept": [
          "application/json",
          "text/json"
        ],
        "Ocp-Apim-Subscription-Key": "Sanitized",
        "User-Agent": [
          "azsdk-net-AI.TextAnalytics/5.1.0-alpha.20201116.1",
          "(.NET Core 4.6.29321.03; Microsoft Windows 10.0.19042 )"
        ],
        "x-ms-client-request-id": "ec8449adc7b1ae2f3bb3106c8338e564",
        "x-ms-return-client-request-id": "true"
      },
      "RequestBody": null,
      "StatusCode": 200,
      "ResponseHeaders": {
        "apim-request-id": "b302ae99-3f20-4880-8baf-694f1761669a",
        "Content-Type": "application/json; charset=utf-8",
        "Date": "Mon, 16 Nov 2020 19:16:18 GMT",
        "Strict-Transport-Security": "max-age=31536000; includeSubDomains; preload",
        "Transfer-Encoding": "chunked",
        "X-Content-Type-Options": "nosniff",
        "x-envoy-upstream-service-time": "34"
      },
      "ResponseBody": {
        "displayName": "AnalyzeOperationWithPHIDomain",
        "jobId": "4f78ef8c-d5d8-40df-94b8-66b292c2f1ef_637410816000000000",
        "lastUpdateDateTime": "2020-11-16T19:15:41Z",
        "createdDateTime": "2020-11-16T19:15:40Z",
        "expirationDateTime": "2020-11-17T19:15:40Z",
        "status": "running",
        "errors": [],
        "tasks": {
          "details": {
            "name": "AnalyzeOperationWithPHIDomain",
            "lastUpdateDateTime": "2020-11-16T19:15:41Z"
          },
          "completed": 0,
          "failed": 0,
          "inProgress": 1,
          "total": 1
        }
      }
    },
    {
      "RequestUri": "https://textanalytics-westeurope.ppe.cognitiveservices.azure.com/text/analytics/v3.1-preview.3/analyze/jobs/4f78ef8c-d5d8-40df-94b8-66b292c2f1ef_637410816000000000?showStats=false",
      "RequestMethod": "GET",
      "RequestHeaders": {
        "Accept": [
          "application/json",
          "text/json"
        ],
        "Ocp-Apim-Subscription-Key": "Sanitized",
        "User-Agent": [
          "azsdk-net-AI.TextAnalytics/5.1.0-alpha.20201116.1",
          "(.NET Core 4.6.29321.03; Microsoft Windows 10.0.19042 )"
        ],
        "x-ms-client-request-id": "8fd6f80d734e488181c97838483956b9",
        "x-ms-return-client-request-id": "true"
      },
      "RequestBody": null,
      "StatusCode": 200,
      "ResponseHeaders": {
        "apim-request-id": "f2c58c2b-4e23-4b18-b875-c78a372b7b2d",
        "Content-Type": "application/json; charset=utf-8",
        "Date": "Mon, 16 Nov 2020 19:16:19 GMT",
        "Strict-Transport-Security": "max-age=31536000; includeSubDomains; preload",
        "Transfer-Encoding": "chunked",
        "X-Content-Type-Options": "nosniff",
        "x-envoy-upstream-service-time": "54"
      },
      "ResponseBody": {
        "displayName": "AnalyzeOperationWithPHIDomain",
        "jobId": "4f78ef8c-d5d8-40df-94b8-66b292c2f1ef_637410816000000000",
        "lastUpdateDateTime": "2020-11-16T19:15:41Z",
        "createdDateTime": "2020-11-16T19:15:40Z",
        "expirationDateTime": "2020-11-17T19:15:40Z",
        "status": "running",
        "errors": [],
        "tasks": {
          "details": {
            "name": "AnalyzeOperationWithPHIDomain",
            "lastUpdateDateTime": "2020-11-16T19:15:41Z"
          },
          "completed": 0,
          "failed": 0,
          "inProgress": 1,
          "total": 1
        }
      }
    },
    {
      "RequestUri": "https://textanalytics-westeurope.ppe.cognitiveservices.azure.com/text/analytics/v3.1-preview.3/analyze/jobs/4f78ef8c-d5d8-40df-94b8-66b292c2f1ef_637410816000000000?showStats=false",
      "RequestMethod": "GET",
      "RequestHeaders": {
        "Accept": [
          "application/json",
          "text/json"
        ],
        "Ocp-Apim-Subscription-Key": "Sanitized",
        "User-Agent": [
          "azsdk-net-AI.TextAnalytics/5.1.0-alpha.20201116.1",
          "(.NET Core 4.6.29321.03; Microsoft Windows 10.0.19042 )"
        ],
        "x-ms-client-request-id": "88298cde2d9e40aa749559724dc2eb9b",
        "x-ms-return-client-request-id": "true"
      },
      "RequestBody": null,
      "StatusCode": 200,
      "ResponseHeaders": {
        "apim-request-id": "8accf654-065e-4efa-9aa8-edc0af4fcbe6",
        "Content-Type": "application/json; charset=utf-8",
        "Date": "Mon, 16 Nov 2020 19:16:20 GMT",
        "Strict-Transport-Security": "max-age=31536000; includeSubDomains; preload",
        "Transfer-Encoding": "chunked",
        "X-Content-Type-Options": "nosniff",
        "x-envoy-upstream-service-time": "42"
      },
      "ResponseBody": {
        "displayName": "AnalyzeOperationWithPHIDomain",
        "jobId": "4f78ef8c-d5d8-40df-94b8-66b292c2f1ef_637410816000000000",
        "lastUpdateDateTime": "2020-11-16T19:15:41Z",
        "createdDateTime": "2020-11-16T19:15:40Z",
        "expirationDateTime": "2020-11-17T19:15:40Z",
        "status": "running",
        "errors": [],
        "tasks": {
          "details": {
            "name": "AnalyzeOperationWithPHIDomain",
            "lastUpdateDateTime": "2020-11-16T19:15:41Z"
          },
          "completed": 0,
          "failed": 0,
          "inProgress": 1,
          "total": 1
        }
      }
    },
    {
      "RequestUri": "https://textanalytics-westeurope.ppe.cognitiveservices.azure.com/text/analytics/v3.1-preview.3/analyze/jobs/4f78ef8c-d5d8-40df-94b8-66b292c2f1ef_637410816000000000?showStats=false",
      "RequestMethod": "GET",
      "RequestHeaders": {
        "Accept": [
          "application/json",
          "text/json"
        ],
        "Ocp-Apim-Subscription-Key": "Sanitized",
        "User-Agent": [
          "azsdk-net-AI.TextAnalytics/5.1.0-alpha.20201116.1",
          "(.NET Core 4.6.29321.03; Microsoft Windows 10.0.19042 )"
        ],
        "x-ms-client-request-id": "046ec19c432d3971c73c6be74ef66601",
        "x-ms-return-client-request-id": "true"
      },
      "RequestBody": null,
      "StatusCode": 200,
      "ResponseHeaders": {
        "apim-request-id": "e01e5240-7a54-40bb-b165-2c2dc0c3c603",
        "Content-Type": "application/json; charset=utf-8",
        "Date": "Mon, 16 Nov 2020 19:16:21 GMT",
        "Strict-Transport-Security": "max-age=31536000; includeSubDomains; preload",
        "Transfer-Encoding": "chunked",
        "X-Content-Type-Options": "nosniff",
        "x-envoy-upstream-service-time": "45"
      },
      "ResponseBody": {
        "displayName": "AnalyzeOperationWithPHIDomain",
        "jobId": "4f78ef8c-d5d8-40df-94b8-66b292c2f1ef_637410816000000000",
        "lastUpdateDateTime": "2020-11-16T19:15:41Z",
        "createdDateTime": "2020-11-16T19:15:40Z",
        "expirationDateTime": "2020-11-17T19:15:40Z",
        "status": "running",
        "errors": [],
        "tasks": {
          "details": {
            "name": "AnalyzeOperationWithPHIDomain",
            "lastUpdateDateTime": "2020-11-16T19:15:41Z"
          },
          "completed": 0,
          "failed": 0,
          "inProgress": 1,
          "total": 1
        }
      }
    },
    {
      "RequestUri": "https://textanalytics-westeurope.ppe.cognitiveservices.azure.com/text/analytics/v3.1-preview.3/analyze/jobs/4f78ef8c-d5d8-40df-94b8-66b292c2f1ef_637410816000000000?showStats=false",
      "RequestMethod": "GET",
      "RequestHeaders": {
        "Accept": [
          "application/json",
          "text/json"
        ],
        "Ocp-Apim-Subscription-Key": "Sanitized",
        "User-Agent": [
          "azsdk-net-AI.TextAnalytics/5.1.0-alpha.20201116.1",
          "(.NET Core 4.6.29321.03; Microsoft Windows 10.0.19042 )"
        ],
        "x-ms-client-request-id": "f78d565c5d0edfc54d961ab91a0ffbbf",
        "x-ms-return-client-request-id": "true"
      },
      "RequestBody": null,
      "StatusCode": 200,
      "ResponseHeaders": {
        "apim-request-id": "6814984f-315f-4993-8df0-74d33c3620a1",
        "Content-Type": "application/json; charset=utf-8",
        "Date": "Mon, 16 Nov 2020 19:16:23 GMT",
        "Strict-Transport-Security": "max-age=31536000; includeSubDomains; preload",
        "Transfer-Encoding": "chunked",
        "X-Content-Type-Options": "nosniff",
        "x-envoy-upstream-service-time": "58"
      },
      "ResponseBody": {
        "displayName": "AnalyzeOperationWithPHIDomain",
        "jobId": "4f78ef8c-d5d8-40df-94b8-66b292c2f1ef_637410816000000000",
        "lastUpdateDateTime": "2020-11-16T19:15:41Z",
        "createdDateTime": "2020-11-16T19:15:40Z",
        "expirationDateTime": "2020-11-17T19:15:40Z",
        "status": "running",
        "errors": [],
        "tasks": {
          "details": {
            "name": "AnalyzeOperationWithPHIDomain",
            "lastUpdateDateTime": "2020-11-16T19:15:41Z"
          },
          "completed": 0,
          "failed": 0,
          "inProgress": 1,
          "total": 1
        }
      }
    },
    {
      "RequestUri": "https://textanalytics-westeurope.ppe.cognitiveservices.azure.com/text/analytics/v3.1-preview.3/analyze/jobs/4f78ef8c-d5d8-40df-94b8-66b292c2f1ef_637410816000000000?showStats=false",
      "RequestMethod": "GET",
      "RequestHeaders": {
        "Accept": [
          "application/json",
          "text/json"
        ],
        "Ocp-Apim-Subscription-Key": "Sanitized",
        "User-Agent": [
          "azsdk-net-AI.TextAnalytics/5.1.0-alpha.20201116.1",
          "(.NET Core 4.6.29321.03; Microsoft Windows 10.0.19042 )"
        ],
        "x-ms-client-request-id": "869bddde52cb9b8b1af0c061c2c3f17e",
        "x-ms-return-client-request-id": "true"
      },
      "RequestBody": null,
      "StatusCode": 200,
      "ResponseHeaders": {
        "apim-request-id": "e7869bcf-f4b4-467e-b7c3-69e46d1310c7",
        "Content-Type": "application/json; charset=utf-8",
        "Date": "Mon, 16 Nov 2020 19:16:24 GMT",
        "Strict-Transport-Security": "max-age=31536000; includeSubDomains; preload",
        "Transfer-Encoding": "chunked",
        "X-Content-Type-Options": "nosniff",
        "x-envoy-upstream-service-time": "41"
      },
      "ResponseBody": {
        "displayName": "AnalyzeOperationWithPHIDomain",
        "jobId": "4f78ef8c-d5d8-40df-94b8-66b292c2f1ef_637410816000000000",
        "lastUpdateDateTime": "2020-11-16T19:15:41Z",
        "createdDateTime": "2020-11-16T19:15:40Z",
        "expirationDateTime": "2020-11-17T19:15:40Z",
        "status": "running",
        "errors": [],
        "tasks": {
          "details": {
            "name": "AnalyzeOperationWithPHIDomain",
            "lastUpdateDateTime": "2020-11-16T19:15:41Z"
          },
          "completed": 0,
          "failed": 0,
          "inProgress": 1,
          "total": 1
        }
      }
    },
    {
      "RequestUri": "https://textanalytics-westeurope.ppe.cognitiveservices.azure.com/text/analytics/v3.1-preview.3/analyze/jobs/4f78ef8c-d5d8-40df-94b8-66b292c2f1ef_637410816000000000?showStats=false",
      "RequestMethod": "GET",
      "RequestHeaders": {
        "Accept": [
          "application/json",
          "text/json"
        ],
        "Ocp-Apim-Subscription-Key": "Sanitized",
        "User-Agent": [
          "azsdk-net-AI.TextAnalytics/5.1.0-alpha.20201116.1",
          "(.NET Core 4.6.29321.03; Microsoft Windows 10.0.19042 )"
        ],
        "x-ms-client-request-id": "f615582ef4353f8cfb8eb69728b81fb8",
        "x-ms-return-client-request-id": "true"
      },
      "RequestBody": null,
      "StatusCode": 200,
      "ResponseHeaders": {
        "apim-request-id": "5a0bcc56-508b-4d8e-b5e1-664f5f08a767",
        "Content-Type": "application/json; charset=utf-8",
        "Date": "Mon, 16 Nov 2020 19:16:25 GMT",
        "Strict-Transport-Security": "max-age=31536000; includeSubDomains; preload",
        "Transfer-Encoding": "chunked",
        "X-Content-Type-Options": "nosniff",
        "x-envoy-upstream-service-time": "45"
      },
      "ResponseBody": {
        "displayName": "AnalyzeOperationWithPHIDomain",
        "jobId": "4f78ef8c-d5d8-40df-94b8-66b292c2f1ef_637410816000000000",
        "lastUpdateDateTime": "2020-11-16T19:15:41Z",
        "createdDateTime": "2020-11-16T19:15:40Z",
        "expirationDateTime": "2020-11-17T19:15:40Z",
        "status": "running",
        "errors": [],
        "tasks": {
          "details": {
            "name": "AnalyzeOperationWithPHIDomain",
            "lastUpdateDateTime": "2020-11-16T19:15:41Z"
          },
          "completed": 0,
          "failed": 0,
          "inProgress": 1,
          "total": 1
        }
      }
    },
    {
      "RequestUri": "https://textanalytics-westeurope.ppe.cognitiveservices.azure.com/text/analytics/v3.1-preview.3/analyze/jobs/4f78ef8c-d5d8-40df-94b8-66b292c2f1ef_637410816000000000?showStats=false",
      "RequestMethod": "GET",
      "RequestHeaders": {
        "Accept": [
          "application/json",
          "text/json"
        ],
        "Ocp-Apim-Subscription-Key": "Sanitized",
        "User-Agent": [
          "azsdk-net-AI.TextAnalytics/5.1.0-alpha.20201116.1",
          "(.NET Core 4.6.29321.03; Microsoft Windows 10.0.19042 )"
        ],
        "x-ms-client-request-id": "7109ac41e05a0a35cbf1dd1e9c631d8a",
        "x-ms-return-client-request-id": "true"
      },
      "RequestBody": null,
      "StatusCode": 200,
      "ResponseHeaders": {
        "apim-request-id": "a4b6670a-f907-43f7-99e4-1bac8cfd02cb",
        "Content-Type": "application/json; charset=utf-8",
        "Date": "Mon, 16 Nov 2020 19:16:26 GMT",
        "Strict-Transport-Security": "max-age=31536000; includeSubDomains; preload",
        "Transfer-Encoding": "chunked",
        "X-Content-Type-Options": "nosniff",
        "x-envoy-upstream-service-time": "47"
      },
      "ResponseBody": {
        "displayName": "AnalyzeOperationWithPHIDomain",
        "jobId": "4f78ef8c-d5d8-40df-94b8-66b292c2f1ef_637410816000000000",
        "lastUpdateDateTime": "2020-11-16T19:15:41Z",
        "createdDateTime": "2020-11-16T19:15:40Z",
        "expirationDateTime": "2020-11-17T19:15:40Z",
        "status": "running",
        "errors": [],
        "tasks": {
          "details": {
            "name": "AnalyzeOperationWithPHIDomain",
            "lastUpdateDateTime": "2020-11-16T19:15:41Z"
          },
          "completed": 0,
          "failed": 0,
          "inProgress": 1,
          "total": 1
        }
      }
    },
    {
      "RequestUri": "https://textanalytics-westeurope.ppe.cognitiveservices.azure.com/text/analytics/v3.1-preview.3/analyze/jobs/4f78ef8c-d5d8-40df-94b8-66b292c2f1ef_637410816000000000?showStats=false",
      "RequestMethod": "GET",
      "RequestHeaders": {
        "Accept": [
          "application/json",
          "text/json"
        ],
        "Ocp-Apim-Subscription-Key": "Sanitized",
        "User-Agent": [
          "azsdk-net-AI.TextAnalytics/5.1.0-alpha.20201116.1",
          "(.NET Core 4.6.29321.03; Microsoft Windows 10.0.19042 )"
        ],
        "x-ms-client-request-id": "c18a9ba404f9e989505c8a3c9cf37261",
        "x-ms-return-client-request-id": "true"
      },
      "RequestBody": null,
      "StatusCode": 200,
      "ResponseHeaders": {
        "apim-request-id": "28250d2a-f5d8-45a6-aa61-ed2f5ed07ce9",
        "Content-Type": "application/json; charset=utf-8",
        "Date": "Mon, 16 Nov 2020 19:16:28 GMT",
        "Strict-Transport-Security": "max-age=31536000; includeSubDomains; preload",
        "Transfer-Encoding": "chunked",
        "X-Content-Type-Options": "nosniff",
        "x-envoy-upstream-service-time": "69"
      },
      "ResponseBody": {
        "displayName": "AnalyzeOperationWithPHIDomain",
        "jobId": "4f78ef8c-d5d8-40df-94b8-66b292c2f1ef_637410816000000000",
        "lastUpdateDateTime": "2020-11-16T19:15:41Z",
        "createdDateTime": "2020-11-16T19:15:40Z",
        "expirationDateTime": "2020-11-17T19:15:40Z",
        "status": "running",
        "errors": [],
        "tasks": {
          "details": {
            "name": "AnalyzeOperationWithPHIDomain",
            "lastUpdateDateTime": "2020-11-16T19:15:41Z"
          },
          "completed": 0,
          "failed": 0,
          "inProgress": 1,
          "total": 1
        }
      }
    },
    {
      "RequestUri": "https://textanalytics-westeurope.ppe.cognitiveservices.azure.com/text/analytics/v3.1-preview.3/analyze/jobs/4f78ef8c-d5d8-40df-94b8-66b292c2f1ef_637410816000000000?showStats=false",
      "RequestMethod": "GET",
      "RequestHeaders": {
        "Accept": [
          "application/json",
          "text/json"
        ],
        "Ocp-Apim-Subscription-Key": "Sanitized",
        "User-Agent": [
          "azsdk-net-AI.TextAnalytics/5.1.0-alpha.20201116.1",
          "(.NET Core 4.6.29321.03; Microsoft Windows 10.0.19042 )"
        ],
        "x-ms-client-request-id": "162008d080b94e23220b2a44176da397",
        "x-ms-return-client-request-id": "true"
      },
      "RequestBody": null,
      "StatusCode": 200,
      "ResponseHeaders": {
        "apim-request-id": "d9246d38-af09-4c9c-9540-4b9cb0853195",
        "Content-Type": "application/json; charset=utf-8",
        "Date": "Mon, 16 Nov 2020 19:16:29 GMT",
        "Strict-Transport-Security": "max-age=31536000; includeSubDomains; preload",
        "Transfer-Encoding": "chunked",
        "X-Content-Type-Options": "nosniff",
        "x-envoy-upstream-service-time": "65"
      },
      "ResponseBody": {
        "displayName": "AnalyzeOperationWithPHIDomain",
        "jobId": "4f78ef8c-d5d8-40df-94b8-66b292c2f1ef_637410816000000000",
        "lastUpdateDateTime": "2020-11-16T19:15:41Z",
        "createdDateTime": "2020-11-16T19:15:40Z",
        "expirationDateTime": "2020-11-17T19:15:40Z",
        "status": "running",
        "errors": [],
        "tasks": {
          "details": {
            "name": "AnalyzeOperationWithPHIDomain",
            "lastUpdateDateTime": "2020-11-16T19:15:41Z"
          },
          "completed": 0,
          "failed": 0,
          "inProgress": 1,
          "total": 1
        }
      }
    },
    {
      "RequestUri": "https://textanalytics-westeurope.ppe.cognitiveservices.azure.com/text/analytics/v3.1-preview.3/analyze/jobs/4f78ef8c-d5d8-40df-94b8-66b292c2f1ef_637410816000000000?showStats=false",
      "RequestMethod": "GET",
      "RequestHeaders": {
        "Accept": [
          "application/json",
          "text/json"
        ],
        "Ocp-Apim-Subscription-Key": "Sanitized",
        "User-Agent": [
          "azsdk-net-AI.TextAnalytics/5.1.0-alpha.20201116.1",
          "(.NET Core 4.6.29321.03; Microsoft Windows 10.0.19042 )"
        ],
        "x-ms-client-request-id": "8df32c715d2d3cbf221f20fe55f86dd7",
        "x-ms-return-client-request-id": "true"
      },
      "RequestBody": null,
      "StatusCode": 200,
      "ResponseHeaders": {
        "apim-request-id": "b360349f-bbad-4a8b-93dc-1acf0ed4933b",
        "Content-Type": "application/json; charset=utf-8",
        "Date": "Mon, 16 Nov 2020 19:16:30 GMT",
        "Strict-Transport-Security": "max-age=31536000; includeSubDomains; preload",
        "Transfer-Encoding": "chunked",
        "X-Content-Type-Options": "nosniff",
        "x-envoy-upstream-service-time": "55"
      },
      "ResponseBody": {
        "displayName": "AnalyzeOperationWithPHIDomain",
        "jobId": "4f78ef8c-d5d8-40df-94b8-66b292c2f1ef_637410816000000000",
        "lastUpdateDateTime": "2020-11-16T19:15:41Z",
        "createdDateTime": "2020-11-16T19:15:40Z",
        "expirationDateTime": "2020-11-17T19:15:40Z",
        "status": "running",
        "errors": [],
        "tasks": {
          "details": {
            "name": "AnalyzeOperationWithPHIDomain",
            "lastUpdateDateTime": "2020-11-16T19:15:41Z"
          },
          "completed": 0,
          "failed": 0,
          "inProgress": 1,
          "total": 1
        }
      }
    },
    {
      "RequestUri": "https://textanalytics-westeurope.ppe.cognitiveservices.azure.com/text/analytics/v3.1-preview.3/analyze/jobs/4f78ef8c-d5d8-40df-94b8-66b292c2f1ef_637410816000000000?showStats=false",
      "RequestMethod": "GET",
      "RequestHeaders": {
        "Accept": [
          "application/json",
          "text/json"
        ],
        "Ocp-Apim-Subscription-Key": "Sanitized",
        "User-Agent": [
          "azsdk-net-AI.TextAnalytics/5.1.0-alpha.20201116.1",
          "(.NET Core 4.6.29321.03; Microsoft Windows 10.0.19042 )"
        ],
        "x-ms-client-request-id": "944d7b7e074324d0783c9fedd945d2e2",
        "x-ms-return-client-request-id": "true"
      },
      "RequestBody": null,
      "StatusCode": 200,
      "ResponseHeaders": {
        "apim-request-id": "9cbada19-54b2-4b26-b802-d916fcdbae32",
        "Content-Type": "application/json; charset=utf-8",
        "Date": "Mon, 16 Nov 2020 19:16:31 GMT",
        "Strict-Transport-Security": "max-age=31536000; includeSubDomains; preload",
        "Transfer-Encoding": "chunked",
        "X-Content-Type-Options": "nosniff",
        "x-envoy-upstream-service-time": "58"
      },
      "ResponseBody": {
        "displayName": "AnalyzeOperationWithPHIDomain",
        "jobId": "4f78ef8c-d5d8-40df-94b8-66b292c2f1ef_637410816000000000",
        "lastUpdateDateTime": "2020-11-16T19:15:41Z",
        "createdDateTime": "2020-11-16T19:15:40Z",
        "expirationDateTime": "2020-11-17T19:15:40Z",
        "status": "running",
        "errors": [],
        "tasks": {
          "details": {
            "name": "AnalyzeOperationWithPHIDomain",
            "lastUpdateDateTime": "2020-11-16T19:15:41Z"
          },
          "completed": 0,
          "failed": 0,
          "inProgress": 1,
          "total": 1
        }
      }
    },
    {
      "RequestUri": "https://textanalytics-westeurope.ppe.cognitiveservices.azure.com/text/analytics/v3.1-preview.3/analyze/jobs/4f78ef8c-d5d8-40df-94b8-66b292c2f1ef_637410816000000000?showStats=false",
      "RequestMethod": "GET",
      "RequestHeaders": {
        "Accept": [
          "application/json",
          "text/json"
        ],
        "Ocp-Apim-Subscription-Key": "Sanitized",
        "User-Agent": [
          "azsdk-net-AI.TextAnalytics/5.1.0-alpha.20201116.1",
          "(.NET Core 4.6.29321.03; Microsoft Windows 10.0.19042 )"
        ],
        "x-ms-client-request-id": "70cbf3b8e500723348e3f3995f25f929",
        "x-ms-return-client-request-id": "true"
      },
      "RequestBody": null,
      "StatusCode": 200,
      "ResponseHeaders": {
        "apim-request-id": "3a744b90-c103-43a6-971a-680b7df77409",
        "Content-Type": "application/json; charset=utf-8",
        "Date": "Mon, 16 Nov 2020 19:16:33 GMT",
        "Strict-Transport-Security": "max-age=31536000; includeSubDomains; preload",
        "Transfer-Encoding": "chunked",
        "X-Content-Type-Options": "nosniff",
        "x-envoy-upstream-service-time": "45"
      },
      "ResponseBody": {
        "displayName": "AnalyzeOperationWithPHIDomain",
        "jobId": "4f78ef8c-d5d8-40df-94b8-66b292c2f1ef_637410816000000000",
        "lastUpdateDateTime": "2020-11-16T19:15:41Z",
        "createdDateTime": "2020-11-16T19:15:40Z",
        "expirationDateTime": "2020-11-17T19:15:40Z",
        "status": "running",
        "errors": [],
        "tasks": {
          "details": {
            "name": "AnalyzeOperationWithPHIDomain",
            "lastUpdateDateTime": "2020-11-16T19:15:41Z"
          },
          "completed": 0,
          "failed": 0,
          "inProgress": 1,
          "total": 1
        }
      }
    },
    {
      "RequestUri": "https://textanalytics-westeurope.ppe.cognitiveservices.azure.com/text/analytics/v3.1-preview.3/analyze/jobs/4f78ef8c-d5d8-40df-94b8-66b292c2f1ef_637410816000000000?showStats=false",
      "RequestMethod": "GET",
      "RequestHeaders": {
        "Accept": [
          "application/json",
          "text/json"
        ],
        "Ocp-Apim-Subscription-Key": "Sanitized",
        "User-Agent": [
          "azsdk-net-AI.TextAnalytics/5.1.0-alpha.20201116.1",
          "(.NET Core 4.6.29321.03; Microsoft Windows 10.0.19042 )"
        ],
        "x-ms-client-request-id": "9bc5539d0f1f6a545bce14f1bed163dd",
        "x-ms-return-client-request-id": "true"
      },
      "RequestBody": null,
      "StatusCode": 200,
      "ResponseHeaders": {
        "apim-request-id": "704fcf6b-dc4a-4cf8-96c0-27670335efa1",
        "Content-Type": "application/json; charset=utf-8",
        "Date": "Mon, 16 Nov 2020 19:16:34 GMT",
        "Strict-Transport-Security": "max-age=31536000; includeSubDomains; preload",
        "Transfer-Encoding": "chunked",
        "X-Content-Type-Options": "nosniff",
        "x-envoy-upstream-service-time": "37"
      },
      "ResponseBody": {
        "displayName": "AnalyzeOperationWithPHIDomain",
        "jobId": "4f78ef8c-d5d8-40df-94b8-66b292c2f1ef_637410816000000000",
        "lastUpdateDateTime": "2020-11-16T19:15:41Z",
        "createdDateTime": "2020-11-16T19:15:40Z",
        "expirationDateTime": "2020-11-17T19:15:40Z",
        "status": "running",
        "errors": [],
        "tasks": {
          "details": {
            "name": "AnalyzeOperationWithPHIDomain",
            "lastUpdateDateTime": "2020-11-16T19:15:41Z"
          },
          "completed": 0,
          "failed": 0,
          "inProgress": 1,
          "total": 1
        }
      }
    },
    {
      "RequestUri": "https://textanalytics-westeurope.ppe.cognitiveservices.azure.com/text/analytics/v3.1-preview.3/analyze/jobs/4f78ef8c-d5d8-40df-94b8-66b292c2f1ef_637410816000000000?showStats=false",
      "RequestMethod": "GET",
      "RequestHeaders": {
        "Accept": [
          "application/json",
          "text/json"
        ],
        "Ocp-Apim-Subscription-Key": "Sanitized",
        "User-Agent": [
          "azsdk-net-AI.TextAnalytics/5.1.0-alpha.20201116.1",
          "(.NET Core 4.6.29321.03; Microsoft Windows 10.0.19042 )"
        ],
        "x-ms-client-request-id": "62463d4dfd2d98d748db4b5f1336c453",
        "x-ms-return-client-request-id": "true"
      },
      "RequestBody": null,
      "StatusCode": 200,
      "ResponseHeaders": {
        "apim-request-id": "0b0d78fb-2216-49fc-b7b9-55da563b22fd",
        "Content-Type": "application/json; charset=utf-8",
        "Date": "Mon, 16 Nov 2020 19:16:35 GMT",
        "Strict-Transport-Security": "max-age=31536000; includeSubDomains; preload",
        "Transfer-Encoding": "chunked",
        "X-Content-Type-Options": "nosniff",
        "x-envoy-upstream-service-time": "51"
      },
      "ResponseBody": {
        "displayName": "AnalyzeOperationWithPHIDomain",
        "jobId": "4f78ef8c-d5d8-40df-94b8-66b292c2f1ef_637410816000000000",
        "lastUpdateDateTime": "2020-11-16T19:15:41Z",
        "createdDateTime": "2020-11-16T19:15:40Z",
        "expirationDateTime": "2020-11-17T19:15:40Z",
        "status": "running",
        "errors": [],
        "tasks": {
          "details": {
            "name": "AnalyzeOperationWithPHIDomain",
            "lastUpdateDateTime": "2020-11-16T19:15:41Z"
          },
          "completed": 0,
          "failed": 0,
          "inProgress": 1,
          "total": 1
        }
      }
    },
    {
      "RequestUri": "https://textanalytics-westeurope.ppe.cognitiveservices.azure.com/text/analytics/v3.1-preview.3/analyze/jobs/4f78ef8c-d5d8-40df-94b8-66b292c2f1ef_637410816000000000?showStats=false",
      "RequestMethod": "GET",
      "RequestHeaders": {
        "Accept": [
          "application/json",
          "text/json"
        ],
        "Ocp-Apim-Subscription-Key": "Sanitized",
        "User-Agent": [
          "azsdk-net-AI.TextAnalytics/5.1.0-alpha.20201116.1",
          "(.NET Core 4.6.29321.03; Microsoft Windows 10.0.19042 )"
        ],
        "x-ms-client-request-id": "86507643377fa9c39e611431d142b477",
        "x-ms-return-client-request-id": "true"
      },
      "RequestBody": null,
      "StatusCode": 200,
      "ResponseHeaders": {
        "apim-request-id": "ba1c8576-a2ab-45d0-9c73-b77ad040adce",
        "Content-Type": "application/json; charset=utf-8",
        "Date": "Mon, 16 Nov 2020 19:16:36 GMT",
        "Strict-Transport-Security": "max-age=31536000; includeSubDomains; preload",
        "Transfer-Encoding": "chunked",
        "X-Content-Type-Options": "nosniff",
        "x-envoy-upstream-service-time": "49"
      },
      "ResponseBody": {
        "displayName": "AnalyzeOperationWithPHIDomain",
        "jobId": "4f78ef8c-d5d8-40df-94b8-66b292c2f1ef_637410816000000000",
        "lastUpdateDateTime": "2020-11-16T19:15:41Z",
        "createdDateTime": "2020-11-16T19:15:40Z",
        "expirationDateTime": "2020-11-17T19:15:40Z",
        "status": "running",
        "errors": [],
        "tasks": {
          "details": {
            "name": "AnalyzeOperationWithPHIDomain",
            "lastUpdateDateTime": "2020-11-16T19:15:41Z"
          },
          "completed": 0,
          "failed": 0,
          "inProgress": 1,
          "total": 1
        }
      }
    },
    {
      "RequestUri": "https://textanalytics-westeurope.ppe.cognitiveservices.azure.com/text/analytics/v3.1-preview.3/analyze/jobs/4f78ef8c-d5d8-40df-94b8-66b292c2f1ef_637410816000000000?showStats=false",
      "RequestMethod": "GET",
      "RequestHeaders": {
        "Accept": [
          "application/json",
          "text/json"
        ],
        "Ocp-Apim-Subscription-Key": "Sanitized",
        "User-Agent": [
          "azsdk-net-AI.TextAnalytics/5.1.0-alpha.20201116.1",
          "(.NET Core 4.6.29321.03; Microsoft Windows 10.0.19042 )"
        ],
        "x-ms-client-request-id": "214c168097de9ffc7b2d5244c4f55624",
        "x-ms-return-client-request-id": "true"
      },
      "RequestBody": null,
      "StatusCode": 200,
      "ResponseHeaders": {
        "apim-request-id": "370c1981-edda-4411-b11f-a033422aa85b",
        "Content-Type": "application/json; charset=utf-8",
        "Date": "Mon, 16 Nov 2020 19:16:37 GMT",
        "Strict-Transport-Security": "max-age=31536000; includeSubDomains; preload",
        "Transfer-Encoding": "chunked",
        "X-Content-Type-Options": "nosniff",
        "x-envoy-upstream-service-time": "41"
      },
      "ResponseBody": {
        "displayName": "AnalyzeOperationWithPHIDomain",
        "jobId": "4f78ef8c-d5d8-40df-94b8-66b292c2f1ef_637410816000000000",
        "lastUpdateDateTime": "2020-11-16T19:15:41Z",
        "createdDateTime": "2020-11-16T19:15:40Z",
        "expirationDateTime": "2020-11-17T19:15:40Z",
        "status": "running",
        "errors": [],
        "tasks": {
          "details": {
            "name": "AnalyzeOperationWithPHIDomain",
            "lastUpdateDateTime": "2020-11-16T19:15:41Z"
          },
          "completed": 0,
          "failed": 0,
          "inProgress": 1,
          "total": 1
        }
      }
    },
    {
      "RequestUri": "https://textanalytics-westeurope.ppe.cognitiveservices.azure.com/text/analytics/v3.1-preview.3/analyze/jobs/4f78ef8c-d5d8-40df-94b8-66b292c2f1ef_637410816000000000?showStats=false",
      "RequestMethod": "GET",
      "RequestHeaders": {
        "Accept": [
          "application/json",
          "text/json"
        ],
        "Ocp-Apim-Subscription-Key": "Sanitized",
        "User-Agent": [
          "azsdk-net-AI.TextAnalytics/5.1.0-alpha.20201116.1",
          "(.NET Core 4.6.29321.03; Microsoft Windows 10.0.19042 )"
        ],
        "x-ms-client-request-id": "48aec109dc81165e7a9dc3cbe8a5c706",
        "x-ms-return-client-request-id": "true"
      },
      "RequestBody": null,
      "StatusCode": 200,
      "ResponseHeaders": {
        "apim-request-id": "32aa8f76-79f1-478a-bd31-4896d203ef2f",
        "Content-Type": "application/json; charset=utf-8",
        "Date": "Mon, 16 Nov 2020 19:16:39 GMT",
        "Strict-Transport-Security": "max-age=31536000; includeSubDomains; preload",
        "Transfer-Encoding": "chunked",
        "X-Content-Type-Options": "nosniff",
        "x-envoy-upstream-service-time": "60"
      },
      "ResponseBody": {
        "displayName": "AnalyzeOperationWithPHIDomain",
        "jobId": "4f78ef8c-d5d8-40df-94b8-66b292c2f1ef_637410816000000000",
        "lastUpdateDateTime": "2020-11-16T19:15:41Z",
        "createdDateTime": "2020-11-16T19:15:40Z",
        "expirationDateTime": "2020-11-17T19:15:40Z",
        "status": "running",
        "errors": [],
        "tasks": {
          "details": {
            "name": "AnalyzeOperationWithPHIDomain",
            "lastUpdateDateTime": "2020-11-16T19:15:41Z"
          },
          "completed": 0,
          "failed": 0,
          "inProgress": 1,
          "total": 1
        }
      }
    },
    {
      "RequestUri": "https://textanalytics-westeurope.ppe.cognitiveservices.azure.com/text/analytics/v3.1-preview.3/analyze/jobs/4f78ef8c-d5d8-40df-94b8-66b292c2f1ef_637410816000000000?showStats=false",
      "RequestMethod": "GET",
      "RequestHeaders": {
        "Accept": [
          "application/json",
          "text/json"
        ],
        "Ocp-Apim-Subscription-Key": "Sanitized",
        "User-Agent": [
          "azsdk-net-AI.TextAnalytics/5.1.0-alpha.20201116.1",
          "(.NET Core 4.6.29321.03; Microsoft Windows 10.0.19042 )"
        ],
        "x-ms-client-request-id": "fdded326a3eaab747ab00a52e47ee4a9",
        "x-ms-return-client-request-id": "true"
      },
      "RequestBody": null,
      "StatusCode": 200,
      "ResponseHeaders": {
        "apim-request-id": "7faa5ad8-264b-4a53-a43c-b368fd68a435",
        "Content-Type": "application/json; charset=utf-8",
        "Date": "Mon, 16 Nov 2020 19:16:40 GMT",
        "Strict-Transport-Security": "max-age=31536000; includeSubDomains; preload",
        "Transfer-Encoding": "chunked",
        "X-Content-Type-Options": "nosniff",
        "x-envoy-upstream-service-time": "41"
      },
      "ResponseBody": {
        "displayName": "AnalyzeOperationWithPHIDomain",
        "jobId": "4f78ef8c-d5d8-40df-94b8-66b292c2f1ef_637410816000000000",
        "lastUpdateDateTime": "2020-11-16T19:15:41Z",
        "createdDateTime": "2020-11-16T19:15:40Z",
        "expirationDateTime": "2020-11-17T19:15:40Z",
        "status": "running",
        "errors": [],
        "tasks": {
          "details": {
            "name": "AnalyzeOperationWithPHIDomain",
            "lastUpdateDateTime": "2020-11-16T19:15:41Z"
          },
          "completed": 0,
          "failed": 0,
          "inProgress": 1,
          "total": 1
        }
      }
    },
    {
      "RequestUri": "https://textanalytics-westeurope.ppe.cognitiveservices.azure.com/text/analytics/v3.1-preview.3/analyze/jobs/4f78ef8c-d5d8-40df-94b8-66b292c2f1ef_637410816000000000?showStats=false",
      "RequestMethod": "GET",
      "RequestHeaders": {
        "Accept": [
          "application/json",
          "text/json"
        ],
        "Ocp-Apim-Subscription-Key": "Sanitized",
        "User-Agent": [
          "azsdk-net-AI.TextAnalytics/5.1.0-alpha.20201116.1",
          "(.NET Core 4.6.29321.03; Microsoft Windows 10.0.19042 )"
        ],
        "x-ms-client-request-id": "0f27f00a6c93a3f5b736a641d330b7d5",
        "x-ms-return-client-request-id": "true"
      },
      "RequestBody": null,
      "StatusCode": 200,
      "ResponseHeaders": {
        "apim-request-id": "c4bbcb85-cfb0-4d4f-a2c8-677fac0beaf7",
        "Content-Type": "application/json; charset=utf-8",
        "Date": "Mon, 16 Nov 2020 19:16:41 GMT",
        "Strict-Transport-Security": "max-age=31536000; includeSubDomains; preload",
        "Transfer-Encoding": "chunked",
        "X-Content-Type-Options": "nosniff",
        "x-envoy-upstream-service-time": "70"
      },
      "ResponseBody": {
        "displayName": "AnalyzeOperationWithPHIDomain",
        "jobId": "4f78ef8c-d5d8-40df-94b8-66b292c2f1ef_637410816000000000",
        "lastUpdateDateTime": "2020-11-16T19:15:41Z",
        "createdDateTime": "2020-11-16T19:15:40Z",
        "expirationDateTime": "2020-11-17T19:15:40Z",
        "status": "running",
        "errors": [],
        "tasks": {
          "details": {
            "name": "AnalyzeOperationWithPHIDomain",
            "lastUpdateDateTime": "2020-11-16T19:15:41Z"
          },
          "completed": 0,
          "failed": 0,
          "inProgress": 1,
          "total": 1
        }
      }
    },
    {
      "RequestUri": "https://textanalytics-westeurope.ppe.cognitiveservices.azure.com/text/analytics/v3.1-preview.3/analyze/jobs/4f78ef8c-d5d8-40df-94b8-66b292c2f1ef_637410816000000000?showStats=false",
      "RequestMethod": "GET",
      "RequestHeaders": {
        "Accept": [
          "application/json",
          "text/json"
        ],
        "Ocp-Apim-Subscription-Key": "Sanitized",
        "User-Agent": [
          "azsdk-net-AI.TextAnalytics/5.1.0-alpha.20201116.1",
          "(.NET Core 4.6.29321.03; Microsoft Windows 10.0.19042 )"
        ],
        "x-ms-client-request-id": "f01e4c655916663a4d02ced1d10c31fc",
        "x-ms-return-client-request-id": "true"
      },
      "RequestBody": null,
      "StatusCode": 200,
      "ResponseHeaders": {
        "apim-request-id": "162b1716-d40c-4b59-ae21-076b8781cc80",
        "Content-Type": "application/json; charset=utf-8",
        "Date": "Mon, 16 Nov 2020 19:16:42 GMT",
        "Strict-Transport-Security": "max-age=31536000; includeSubDomains; preload",
        "Transfer-Encoding": "chunked",
        "X-Content-Type-Options": "nosniff",
        "x-envoy-upstream-service-time": "66"
      },
      "ResponseBody": {
        "displayName": "AnalyzeOperationWithPHIDomain",
        "jobId": "4f78ef8c-d5d8-40df-94b8-66b292c2f1ef_637410816000000000",
        "lastUpdateDateTime": "2020-11-16T19:15:41Z",
        "createdDateTime": "2020-11-16T19:15:40Z",
        "expirationDateTime": "2020-11-17T19:15:40Z",
        "status": "running",
        "errors": [],
        "tasks": {
          "details": {
            "name": "AnalyzeOperationWithPHIDomain",
            "lastUpdateDateTime": "2020-11-16T19:15:41Z"
          },
          "completed": 0,
          "failed": 0,
          "inProgress": 1,
          "total": 1
        }
      }
    },
    {
      "RequestUri": "https://textanalytics-westeurope.ppe.cognitiveservices.azure.com/text/analytics/v3.1-preview.3/analyze/jobs/4f78ef8c-d5d8-40df-94b8-66b292c2f1ef_637410816000000000?showStats=false",
      "RequestMethod": "GET",
      "RequestHeaders": {
        "Accept": [
          "application/json",
          "text/json"
        ],
        "Ocp-Apim-Subscription-Key": "Sanitized",
        "User-Agent": [
          "azsdk-net-AI.TextAnalytics/5.1.0-alpha.20201116.1",
          "(.NET Core 4.6.29321.03; Microsoft Windows 10.0.19042 )"
        ],
        "x-ms-client-request-id": "f8c11ab8b87eba72dd3a45b4fc32d849",
        "x-ms-return-client-request-id": "true"
      },
      "RequestBody": null,
      "StatusCode": 200,
      "ResponseHeaders": {
        "apim-request-id": "d371603c-9848-4780-9cec-4ed35ac86d87",
        "Content-Type": "application/json; charset=utf-8",
        "Date": "Mon, 16 Nov 2020 19:16:44 GMT",
        "Strict-Transport-Security": "max-age=31536000; includeSubDomains; preload",
        "Transfer-Encoding": "chunked",
        "X-Content-Type-Options": "nosniff",
        "x-envoy-upstream-service-time": "46"
      },
      "ResponseBody": {
        "displayName": "AnalyzeOperationWithPHIDomain",
        "jobId": "4f78ef8c-d5d8-40df-94b8-66b292c2f1ef_637410816000000000",
        "lastUpdateDateTime": "2020-11-16T19:15:41Z",
        "createdDateTime": "2020-11-16T19:15:40Z",
        "expirationDateTime": "2020-11-17T19:15:40Z",
        "status": "running",
        "errors": [],
        "tasks": {
          "details": {
            "name": "AnalyzeOperationWithPHIDomain",
            "lastUpdateDateTime": "2020-11-16T19:15:41Z"
          },
          "completed": 0,
          "failed": 0,
          "inProgress": 1,
          "total": 1
        }
      }
    },
    {
      "RequestUri": "https://textanalytics-westeurope.ppe.cognitiveservices.azure.com/text/analytics/v3.1-preview.3/analyze/jobs/4f78ef8c-d5d8-40df-94b8-66b292c2f1ef_637410816000000000?showStats=false",
      "RequestMethod": "GET",
      "RequestHeaders": {
        "Accept": [
          "application/json",
          "text/json"
        ],
        "Ocp-Apim-Subscription-Key": "Sanitized",
        "User-Agent": [
          "azsdk-net-AI.TextAnalytics/5.1.0-alpha.20201116.1",
          "(.NET Core 4.6.29321.03; Microsoft Windows 10.0.19042 )"
        ],
        "x-ms-client-request-id": "98ec34f9f460b192b6c1c2919e24d2ab",
        "x-ms-return-client-request-id": "true"
      },
      "RequestBody": null,
      "StatusCode": 200,
      "ResponseHeaders": {
        "apim-request-id": "39b897fa-d946-4952-83b2-f751df81c3b5",
        "Content-Type": "application/json; charset=utf-8",
        "Date": "Mon, 16 Nov 2020 19:16:45 GMT",
        "Strict-Transport-Security": "max-age=31536000; includeSubDomains; preload",
        "Transfer-Encoding": "chunked",
        "X-Content-Type-Options": "nosniff",
        "x-envoy-upstream-service-time": "63"
      },
      "ResponseBody": {
        "displayName": "AnalyzeOperationWithPHIDomain",
        "jobId": "4f78ef8c-d5d8-40df-94b8-66b292c2f1ef_637410816000000000",
        "lastUpdateDateTime": "2020-11-16T19:15:41Z",
        "createdDateTime": "2020-11-16T19:15:40Z",
        "expirationDateTime": "2020-11-17T19:15:40Z",
        "status": "running",
        "errors": [],
        "tasks": {
          "details": {
            "name": "AnalyzeOperationWithPHIDomain",
            "lastUpdateDateTime": "2020-11-16T19:15:41Z"
          },
          "completed": 0,
          "failed": 0,
          "inProgress": 1,
          "total": 1
        }
      }
    },
    {
      "RequestUri": "https://textanalytics-westeurope.ppe.cognitiveservices.azure.com/text/analytics/v3.1-preview.3/analyze/jobs/4f78ef8c-d5d8-40df-94b8-66b292c2f1ef_637410816000000000?showStats=false",
      "RequestMethod": "GET",
      "RequestHeaders": {
        "Accept": [
          "application/json",
          "text/json"
        ],
        "Ocp-Apim-Subscription-Key": "Sanitized",
        "User-Agent": [
          "azsdk-net-AI.TextAnalytics/5.1.0-alpha.20201116.1",
          "(.NET Core 4.6.29321.03; Microsoft Windows 10.0.19042 )"
        ],
        "x-ms-client-request-id": "b889aa04be6ead57d96312db1385691a",
        "x-ms-return-client-request-id": "true"
      },
      "RequestBody": null,
      "StatusCode": 200,
      "ResponseHeaders": {
        "apim-request-id": "96e601bc-6851-4849-8c4c-16975423c4e4",
        "Content-Type": "application/json; charset=utf-8",
        "Date": "Mon, 16 Nov 2020 19:16:46 GMT",
        "Strict-Transport-Security": "max-age=31536000; includeSubDomains; preload",
        "Transfer-Encoding": "chunked",
        "X-Content-Type-Options": "nosniff",
        "x-envoy-upstream-service-time": "58"
      },
      "ResponseBody": {
        "displayName": "AnalyzeOperationWithPHIDomain",
        "jobId": "4f78ef8c-d5d8-40df-94b8-66b292c2f1ef_637410816000000000",
        "lastUpdateDateTime": "2020-11-16T19:15:41Z",
        "createdDateTime": "2020-11-16T19:15:40Z",
        "expirationDateTime": "2020-11-17T19:15:40Z",
        "status": "running",
        "errors": [],
        "tasks": {
          "details": {
            "name": "AnalyzeOperationWithPHIDomain",
            "lastUpdateDateTime": "2020-11-16T19:15:41Z"
          },
          "completed": 0,
          "failed": 0,
          "inProgress": 1,
          "total": 1
        }
      }
    },
    {
      "RequestUri": "https://textanalytics-westeurope.ppe.cognitiveservices.azure.com/text/analytics/v3.1-preview.3/analyze/jobs/4f78ef8c-d5d8-40df-94b8-66b292c2f1ef_637410816000000000?showStats=false",
      "RequestMethod": "GET",
      "RequestHeaders": {
        "Accept": [
          "application/json",
          "text/json"
        ],
        "Ocp-Apim-Subscription-Key": "Sanitized",
        "User-Agent": [
          "azsdk-net-AI.TextAnalytics/5.1.0-alpha.20201116.1",
          "(.NET Core 4.6.29321.03; Microsoft Windows 10.0.19042 )"
        ],
        "x-ms-client-request-id": "9dd88429991fc49b870f42bdf5e11bb9",
        "x-ms-return-client-request-id": "true"
      },
      "RequestBody": null,
      "StatusCode": 200,
      "ResponseHeaders": {
        "apim-request-id": "86b581be-c565-4753-ab82-e9feb14d1a53",
        "Content-Type": "application/json; charset=utf-8",
        "Date": "Mon, 16 Nov 2020 19:16:47 GMT",
        "Strict-Transport-Security": "max-age=31536000; includeSubDomains; preload",
        "Transfer-Encoding": "chunked",
        "X-Content-Type-Options": "nosniff",
        "x-envoy-upstream-service-time": "50"
      },
      "ResponseBody": {
        "displayName": "AnalyzeOperationWithPHIDomain",
        "jobId": "4f78ef8c-d5d8-40df-94b8-66b292c2f1ef_637410816000000000",
        "lastUpdateDateTime": "2020-11-16T19:15:41Z",
        "createdDateTime": "2020-11-16T19:15:40Z",
        "expirationDateTime": "2020-11-17T19:15:40Z",
        "status": "running",
        "errors": [],
        "tasks": {
          "details": {
            "name": "AnalyzeOperationWithPHIDomain",
            "lastUpdateDateTime": "2020-11-16T19:15:41Z"
          },
          "completed": 0,
          "failed": 0,
          "inProgress": 1,
          "total": 1
        }
      }
    },
    {
      "RequestUri": "https://textanalytics-westeurope.ppe.cognitiveservices.azure.com/text/analytics/v3.1-preview.3/analyze/jobs/4f78ef8c-d5d8-40df-94b8-66b292c2f1ef_637410816000000000?showStats=false",
      "RequestMethod": "GET",
      "RequestHeaders": {
        "Accept": [
          "application/json",
          "text/json"
        ],
        "Ocp-Apim-Subscription-Key": "Sanitized",
        "User-Agent": [
          "azsdk-net-AI.TextAnalytics/5.1.0-alpha.20201116.1",
          "(.NET Core 4.6.29321.03; Microsoft Windows 10.0.19042 )"
        ],
        "x-ms-client-request-id": "52af9a681fa93adadd3fbefce1b79d30",
        "x-ms-return-client-request-id": "true"
      },
      "RequestBody": null,
      "StatusCode": 200,
      "ResponseHeaders": {
        "apim-request-id": "469dcba8-8392-4af2-bbf3-5434c0d14320",
        "Content-Type": "application/json; charset=utf-8",
        "Date": "Mon, 16 Nov 2020 19:16:49 GMT",
        "Strict-Transport-Security": "max-age=31536000; includeSubDomains; preload",
        "Transfer-Encoding": "chunked",
        "X-Content-Type-Options": "nosniff",
        "x-envoy-upstream-service-time": "40"
      },
      "ResponseBody": {
        "displayName": "AnalyzeOperationWithPHIDomain",
        "jobId": "4f78ef8c-d5d8-40df-94b8-66b292c2f1ef_637410816000000000",
        "lastUpdateDateTime": "2020-11-16T19:15:41Z",
        "createdDateTime": "2020-11-16T19:15:40Z",
        "expirationDateTime": "2020-11-17T19:15:40Z",
        "status": "running",
        "errors": [],
        "tasks": {
          "details": {
            "name": "AnalyzeOperationWithPHIDomain",
            "lastUpdateDateTime": "2020-11-16T19:15:41Z"
          },
          "completed": 0,
          "failed": 0,
          "inProgress": 1,
          "total": 1
        }
      }
    },
    {
      "RequestUri": "https://textanalytics-westeurope.ppe.cognitiveservices.azure.com/text/analytics/v3.1-preview.3/analyze/jobs/4f78ef8c-d5d8-40df-94b8-66b292c2f1ef_637410816000000000?showStats=false",
      "RequestMethod": "GET",
      "RequestHeaders": {
        "Accept": [
          "application/json",
          "text/json"
        ],
        "Ocp-Apim-Subscription-Key": "Sanitized",
        "User-Agent": [
          "azsdk-net-AI.TextAnalytics/5.1.0-alpha.20201116.1",
          "(.NET Core 4.6.29321.03; Microsoft Windows 10.0.19042 )"
        ],
        "x-ms-client-request-id": "1a67a757344c6b8b0ec5315f7b9ab7f7",
        "x-ms-return-client-request-id": "true"
      },
      "RequestBody": null,
      "StatusCode": 200,
      "ResponseHeaders": {
        "apim-request-id": "0b3ffb2f-5154-4e8e-b285-89acc312e1af",
        "Content-Type": "application/json; charset=utf-8",
        "Date": "Mon, 16 Nov 2020 19:16:50 GMT",
        "Strict-Transport-Security": "max-age=31536000; includeSubDomains; preload",
        "Transfer-Encoding": "chunked",
        "X-Content-Type-Options": "nosniff",
        "x-envoy-upstream-service-time": "87"
      },
      "ResponseBody": {
        "displayName": "AnalyzeOperationWithPHIDomain",
        "jobId": "4f78ef8c-d5d8-40df-94b8-66b292c2f1ef_637410816000000000",
        "lastUpdateDateTime": "2020-11-16T19:15:41Z",
        "createdDateTime": "2020-11-16T19:15:40Z",
        "expirationDateTime": "2020-11-17T19:15:40Z",
        "status": "running",
        "errors": [],
        "tasks": {
          "details": {
            "name": "AnalyzeOperationWithPHIDomain",
            "lastUpdateDateTime": "2020-11-16T19:15:41Z"
          },
          "completed": 0,
          "failed": 0,
          "inProgress": 1,
          "total": 1
        }
      }
    },
    {
      "RequestUri": "https://textanalytics-westeurope.ppe.cognitiveservices.azure.com/text/analytics/v3.1-preview.3/analyze/jobs/4f78ef8c-d5d8-40df-94b8-66b292c2f1ef_637410816000000000?showStats=false",
      "RequestMethod": "GET",
      "RequestHeaders": {
        "Accept": [
          "application/json",
          "text/json"
        ],
        "Ocp-Apim-Subscription-Key": "Sanitized",
        "User-Agent": [
          "azsdk-net-AI.TextAnalytics/5.1.0-alpha.20201116.1",
          "(.NET Core 4.6.29321.03; Microsoft Windows 10.0.19042 )"
        ],
        "x-ms-client-request-id": "7972594717d60a71a99dbfdfda9fe2d0",
        "x-ms-return-client-request-id": "true"
      },
      "RequestBody": null,
      "StatusCode": 200,
      "ResponseHeaders": {
        "apim-request-id": "77245a59-fd61-440b-8cae-867d01fa11f5",
        "Content-Type": "application/json; charset=utf-8",
        "Date": "Mon, 16 Nov 2020 19:16:51 GMT",
        "Strict-Transport-Security": "max-age=31536000; includeSubDomains; preload",
        "Transfer-Encoding": "chunked",
        "X-Content-Type-Options": "nosniff",
        "x-envoy-upstream-service-time": "71"
      },
      "ResponseBody": {
        "displayName": "AnalyzeOperationWithPHIDomain",
        "jobId": "4f78ef8c-d5d8-40df-94b8-66b292c2f1ef_637410816000000000",
        "lastUpdateDateTime": "2020-11-16T19:15:41Z",
        "createdDateTime": "2020-11-16T19:15:40Z",
        "expirationDateTime": "2020-11-17T19:15:40Z",
        "status": "running",
        "errors": [],
        "tasks": {
          "details": {
            "name": "AnalyzeOperationWithPHIDomain",
            "lastUpdateDateTime": "2020-11-16T19:15:41Z"
          },
          "completed": 0,
          "failed": 0,
          "inProgress": 1,
          "total": 1
        }
      }
    },
    {
      "RequestUri": "https://textanalytics-westeurope.ppe.cognitiveservices.azure.com/text/analytics/v3.1-preview.3/analyze/jobs/4f78ef8c-d5d8-40df-94b8-66b292c2f1ef_637410816000000000?showStats=false",
      "RequestMethod": "GET",
      "RequestHeaders": {
        "Accept": [
          "application/json",
          "text/json"
        ],
        "Ocp-Apim-Subscription-Key": "Sanitized",
        "User-Agent": [
          "azsdk-net-AI.TextAnalytics/5.1.0-alpha.20201116.1",
          "(.NET Core 4.6.29321.03; Microsoft Windows 10.0.19042 )"
        ],
        "x-ms-client-request-id": "4e651271017a346c0e4444e3ee7bbf42",
        "x-ms-return-client-request-id": "true"
      },
      "RequestBody": null,
      "StatusCode": 200,
      "ResponseHeaders": {
        "apim-request-id": "35a3b995-90b1-49b7-87a7-fb4672984e68",
        "Content-Type": "application/json; charset=utf-8",
        "Date": "Mon, 16 Nov 2020 19:16:52 GMT",
        "Strict-Transport-Security": "max-age=31536000; includeSubDomains; preload",
        "Transfer-Encoding": "chunked",
        "X-Content-Type-Options": "nosniff",
        "x-envoy-upstream-service-time": "37"
      },
      "ResponseBody": {
        "displayName": "AnalyzeOperationWithPHIDomain",
        "jobId": "4f78ef8c-d5d8-40df-94b8-66b292c2f1ef_637410816000000000",
        "lastUpdateDateTime": "2020-11-16T19:15:41Z",
        "createdDateTime": "2020-11-16T19:15:40Z",
        "expirationDateTime": "2020-11-17T19:15:40Z",
        "status": "running",
        "errors": [],
        "tasks": {
          "details": {
            "name": "AnalyzeOperationWithPHIDomain",
            "lastUpdateDateTime": "2020-11-16T19:15:41Z"
          },
          "completed": 0,
          "failed": 0,
          "inProgress": 1,
          "total": 1
        }
      }
    },
    {
      "RequestUri": "https://textanalytics-westeurope.ppe.cognitiveservices.azure.com/text/analytics/v3.1-preview.3/analyze/jobs/4f78ef8c-d5d8-40df-94b8-66b292c2f1ef_637410816000000000?showStats=false",
      "RequestMethod": "GET",
      "RequestHeaders": {
        "Accept": [
          "application/json",
          "text/json"
        ],
        "Ocp-Apim-Subscription-Key": "Sanitized",
        "User-Agent": [
          "azsdk-net-AI.TextAnalytics/5.1.0-alpha.20201116.1",
          "(.NET Core 4.6.29321.03; Microsoft Windows 10.0.19042 )"
        ],
        "x-ms-client-request-id": "87b4c6882444405a365d71ae74ac906f",
        "x-ms-return-client-request-id": "true"
      },
      "RequestBody": null,
      "StatusCode": 200,
      "ResponseHeaders": {
        "apim-request-id": "850c2206-9da3-491f-9500-8c52b9d4ec06",
        "Content-Type": "application/json; charset=utf-8",
        "Date": "Mon, 16 Nov 2020 19:16:54 GMT",
        "Strict-Transport-Security": "max-age=31536000; includeSubDomains; preload",
        "Transfer-Encoding": "chunked",
        "X-Content-Type-Options": "nosniff",
        "x-envoy-upstream-service-time": "44"
      },
      "ResponseBody": {
        "displayName": "AnalyzeOperationWithPHIDomain",
        "jobId": "4f78ef8c-d5d8-40df-94b8-66b292c2f1ef_637410816000000000",
        "lastUpdateDateTime": "2020-11-16T19:15:41Z",
        "createdDateTime": "2020-11-16T19:15:40Z",
        "expirationDateTime": "2020-11-17T19:15:40Z",
        "status": "running",
        "errors": [],
        "tasks": {
          "details": {
            "name": "AnalyzeOperationWithPHIDomain",
            "lastUpdateDateTime": "2020-11-16T19:15:41Z"
          },
          "completed": 0,
          "failed": 0,
          "inProgress": 1,
          "total": 1
        }
      }
    },
    {
      "RequestUri": "https://textanalytics-westeurope.ppe.cognitiveservices.azure.com/text/analytics/v3.1-preview.3/analyze/jobs/4f78ef8c-d5d8-40df-94b8-66b292c2f1ef_637410816000000000?showStats=false",
      "RequestMethod": "GET",
      "RequestHeaders": {
        "Accept": [
          "application/json",
          "text/json"
        ],
        "Ocp-Apim-Subscription-Key": "Sanitized",
        "User-Agent": [
          "azsdk-net-AI.TextAnalytics/5.1.0-alpha.20201116.1",
          "(.NET Core 4.6.29321.03; Microsoft Windows 10.0.19042 )"
        ],
        "x-ms-client-request-id": "69ed61e26934467dec3e6a91d38d1b2d",
        "x-ms-return-client-request-id": "true"
      },
      "RequestBody": null,
      "StatusCode": 200,
      "ResponseHeaders": {
        "apim-request-id": "d8e6a6a4-468c-4c2b-ae44-3eb257cab6c5",
        "Content-Type": "application/json; charset=utf-8",
        "Date": "Mon, 16 Nov 2020 19:16:55 GMT",
        "Strict-Transport-Security": "max-age=31536000; includeSubDomains; preload",
        "Transfer-Encoding": "chunked",
        "X-Content-Type-Options": "nosniff",
        "x-envoy-upstream-service-time": "39"
      },
      "ResponseBody": {
        "displayName": "AnalyzeOperationWithPHIDomain",
        "jobId": "4f78ef8c-d5d8-40df-94b8-66b292c2f1ef_637410816000000000",
        "lastUpdateDateTime": "2020-11-16T19:15:41Z",
        "createdDateTime": "2020-11-16T19:15:40Z",
        "expirationDateTime": "2020-11-17T19:15:40Z",
        "status": "running",
        "errors": [],
        "tasks": {
          "details": {
            "name": "AnalyzeOperationWithPHIDomain",
            "lastUpdateDateTime": "2020-11-16T19:15:41Z"
          },
          "completed": 0,
          "failed": 0,
          "inProgress": 1,
          "total": 1
        }
      }
    },
    {
      "RequestUri": "https://textanalytics-westeurope.ppe.cognitiveservices.azure.com/text/analytics/v3.1-preview.3/analyze/jobs/4f78ef8c-d5d8-40df-94b8-66b292c2f1ef_637410816000000000?showStats=false",
      "RequestMethod": "GET",
      "RequestHeaders": {
        "Accept": [
          "application/json",
          "text/json"
        ],
        "Ocp-Apim-Subscription-Key": "Sanitized",
        "User-Agent": [
          "azsdk-net-AI.TextAnalytics/5.1.0-alpha.20201116.1",
          "(.NET Core 4.6.29321.03; Microsoft Windows 10.0.19042 )"
        ],
        "x-ms-client-request-id": "14567dde5bea4d8bb825171d90bebf62",
        "x-ms-return-client-request-id": "true"
      },
      "RequestBody": null,
      "StatusCode": 200,
      "ResponseHeaders": {
        "apim-request-id": "ee9e7397-60df-4c2a-8437-da07eb47490f",
        "Content-Type": "application/json; charset=utf-8",
        "Date": "Mon, 16 Nov 2020 19:16:56 GMT",
        "Strict-Transport-Security": "max-age=31536000; includeSubDomains; preload",
        "Transfer-Encoding": "chunked",
        "X-Content-Type-Options": "nosniff",
        "x-envoy-upstream-service-time": "42"
      },
      "ResponseBody": {
        "displayName": "AnalyzeOperationWithPHIDomain",
        "jobId": "4f78ef8c-d5d8-40df-94b8-66b292c2f1ef_637410816000000000",
        "lastUpdateDateTime": "2020-11-16T19:15:41Z",
        "createdDateTime": "2020-11-16T19:15:40Z",
        "expirationDateTime": "2020-11-17T19:15:40Z",
        "status": "running",
        "errors": [],
        "tasks": {
          "details": {
            "name": "AnalyzeOperationWithPHIDomain",
            "lastUpdateDateTime": "2020-11-16T19:15:41Z"
          },
          "completed": 0,
          "failed": 0,
          "inProgress": 1,
          "total": 1
        }
      }
    },
    {
      "RequestUri": "https://textanalytics-westeurope.ppe.cognitiveservices.azure.com/text/analytics/v3.1-preview.3/analyze/jobs/4f78ef8c-d5d8-40df-94b8-66b292c2f1ef_637410816000000000?showStats=false",
      "RequestMethod": "GET",
      "RequestHeaders": {
        "Accept": [
          "application/json",
          "text/json"
        ],
        "Ocp-Apim-Subscription-Key": "Sanitized",
        "User-Agent": [
          "azsdk-net-AI.TextAnalytics/5.1.0-alpha.20201116.1",
          "(.NET Core 4.6.29321.03; Microsoft Windows 10.0.19042 )"
        ],
        "x-ms-client-request-id": "8d01d5b4558e1f0e496e9a06b9c86da8",
        "x-ms-return-client-request-id": "true"
      },
      "RequestBody": null,
      "StatusCode": 200,
      "ResponseHeaders": {
        "apim-request-id": "f37cf98c-f23d-4c60-ae59-ba43a3ee539e",
        "Content-Type": "application/json; charset=utf-8",
        "Date": "Mon, 16 Nov 2020 19:16:57 GMT",
        "Strict-Transport-Security": "max-age=31536000; includeSubDomains; preload",
        "Transfer-Encoding": "chunked",
        "X-Content-Type-Options": "nosniff",
        "x-envoy-upstream-service-time": "47"
      },
      "ResponseBody": {
        "displayName": "AnalyzeOperationWithPHIDomain",
        "jobId": "4f78ef8c-d5d8-40df-94b8-66b292c2f1ef_637410816000000000",
        "lastUpdateDateTime": "2020-11-16T19:15:41Z",
        "createdDateTime": "2020-11-16T19:15:40Z",
        "expirationDateTime": "2020-11-17T19:15:40Z",
        "status": "running",
        "errors": [],
        "tasks": {
          "details": {
            "name": "AnalyzeOperationWithPHIDomain",
            "lastUpdateDateTime": "2020-11-16T19:15:41Z"
          },
          "completed": 0,
          "failed": 0,
          "inProgress": 1,
          "total": 1
        }
      }
    },
    {
      "RequestUri": "https://textanalytics-westeurope.ppe.cognitiveservices.azure.com/text/analytics/v3.1-preview.3/analyze/jobs/4f78ef8c-d5d8-40df-94b8-66b292c2f1ef_637410816000000000?showStats=false",
      "RequestMethod": "GET",
      "RequestHeaders": {
        "Accept": [
          "application/json",
          "text/json"
        ],
        "Ocp-Apim-Subscription-Key": "Sanitized",
        "User-Agent": [
          "azsdk-net-AI.TextAnalytics/5.1.0-alpha.20201116.1",
          "(.NET Core 4.6.29321.03; Microsoft Windows 10.0.19042 )"
        ],
        "x-ms-client-request-id": "f7d043417c558784d5a0b10f5160b52e",
        "x-ms-return-client-request-id": "true"
      },
      "RequestBody": null,
      "StatusCode": 200,
      "ResponseHeaders": {
        "apim-request-id": "daecbd81-38e0-4f9c-973a-18f6feb70a5e",
        "Content-Type": "application/json; charset=utf-8",
        "Date": "Mon, 16 Nov 2020 19:16:58 GMT",
        "Strict-Transport-Security": "max-age=31536000; includeSubDomains; preload",
        "Transfer-Encoding": "chunked",
        "X-Content-Type-Options": "nosniff",
        "x-envoy-upstream-service-time": "67"
      },
      "ResponseBody": {
        "displayName": "AnalyzeOperationWithPHIDomain",
        "jobId": "4f78ef8c-d5d8-40df-94b8-66b292c2f1ef_637410816000000000",
        "lastUpdateDateTime": "2020-11-16T19:15:41Z",
        "createdDateTime": "2020-11-16T19:15:40Z",
        "expirationDateTime": "2020-11-17T19:15:40Z",
        "status": "running",
        "errors": [],
        "tasks": {
          "details": {
            "name": "AnalyzeOperationWithPHIDomain",
            "lastUpdateDateTime": "2020-11-16T19:15:41Z"
          },
          "completed": 0,
          "failed": 0,
          "inProgress": 1,
          "total": 1
        }
      }
    },
    {
      "RequestUri": "https://textanalytics-westeurope.ppe.cognitiveservices.azure.com/text/analytics/v3.1-preview.3/analyze/jobs/4f78ef8c-d5d8-40df-94b8-66b292c2f1ef_637410816000000000?showStats=false",
      "RequestMethod": "GET",
      "RequestHeaders": {
        "Accept": [
          "application/json",
          "text/json"
        ],
        "Ocp-Apim-Subscription-Key": "Sanitized",
        "User-Agent": [
          "azsdk-net-AI.TextAnalytics/5.1.0-alpha.20201116.1",
          "(.NET Core 4.6.29321.03; Microsoft Windows 10.0.19042 )"
        ],
        "x-ms-client-request-id": "fedd087f8e8c889f6f37cb7cc08593ef",
        "x-ms-return-client-request-id": "true"
      },
      "RequestBody": null,
      "StatusCode": 200,
      "ResponseHeaders": {
        "apim-request-id": "96939be0-63c6-4465-8326-e181e970a339",
        "Content-Type": "application/json; charset=utf-8",
        "Date": "Mon, 16 Nov 2020 19:17:00 GMT",
        "Strict-Transport-Security": "max-age=31536000; includeSubDomains; preload",
        "Transfer-Encoding": "chunked",
        "X-Content-Type-Options": "nosniff",
        "x-envoy-upstream-service-time": "45"
      },
      "ResponseBody": {
        "displayName": "AnalyzeOperationWithPHIDomain",
        "jobId": "4f78ef8c-d5d8-40df-94b8-66b292c2f1ef_637410816000000000",
        "lastUpdateDateTime": "2020-11-16T19:15:41Z",
        "createdDateTime": "2020-11-16T19:15:40Z",
        "expirationDateTime": "2020-11-17T19:15:40Z",
        "status": "running",
        "errors": [],
        "tasks": {
          "details": {
            "name": "AnalyzeOperationWithPHIDomain",
            "lastUpdateDateTime": "2020-11-16T19:15:41Z"
          },
          "completed": 0,
          "failed": 0,
          "inProgress": 1,
          "total": 1
        }
      }
    },
    {
      "RequestUri": "https://textanalytics-westeurope.ppe.cognitiveservices.azure.com/text/analytics/v3.1-preview.3/analyze/jobs/4f78ef8c-d5d8-40df-94b8-66b292c2f1ef_637410816000000000?showStats=false",
      "RequestMethod": "GET",
      "RequestHeaders": {
        "Accept": [
          "application/json",
          "text/json"
        ],
        "Ocp-Apim-Subscription-Key": "Sanitized",
        "User-Agent": [
          "azsdk-net-AI.TextAnalytics/5.1.0-alpha.20201116.1",
          "(.NET Core 4.6.29321.03; Microsoft Windows 10.0.19042 )"
        ],
        "x-ms-client-request-id": "4cdb6eb7c7ee380c5079b7eea4fecee8",
        "x-ms-return-client-request-id": "true"
      },
      "RequestBody": null,
      "StatusCode": 200,
      "ResponseHeaders": {
        "apim-request-id": "c2339577-0dbd-408b-a61b-5dc6fdcc8c37",
        "Content-Type": "application/json; charset=utf-8",
        "Date": "Mon, 16 Nov 2020 19:17:01 GMT",
        "Strict-Transport-Security": "max-age=31536000; includeSubDomains; preload",
        "Transfer-Encoding": "chunked",
        "X-Content-Type-Options": "nosniff",
        "x-envoy-upstream-service-time": "39"
      },
      "ResponseBody": {
        "displayName": "AnalyzeOperationWithPHIDomain",
        "jobId": "4f78ef8c-d5d8-40df-94b8-66b292c2f1ef_637410816000000000",
        "lastUpdateDateTime": "2020-11-16T19:15:41Z",
        "createdDateTime": "2020-11-16T19:15:40Z",
        "expirationDateTime": "2020-11-17T19:15:40Z",
        "status": "running",
        "errors": [],
        "tasks": {
          "details": {
            "name": "AnalyzeOperationWithPHIDomain",
            "lastUpdateDateTime": "2020-11-16T19:15:41Z"
          },
          "completed": 0,
          "failed": 0,
          "inProgress": 1,
          "total": 1
        }
      }
    },
    {
      "RequestUri": "https://textanalytics-westeurope.ppe.cognitiveservices.azure.com/text/analytics/v3.1-preview.3/analyze/jobs/4f78ef8c-d5d8-40df-94b8-66b292c2f1ef_637410816000000000?showStats=false",
      "RequestMethod": "GET",
      "RequestHeaders": {
        "Accept": [
          "application/json",
          "text/json"
        ],
        "Ocp-Apim-Subscription-Key": "Sanitized",
        "User-Agent": [
          "azsdk-net-AI.TextAnalytics/5.1.0-alpha.20201116.1",
          "(.NET Core 4.6.29321.03; Microsoft Windows 10.0.19042 )"
        ],
        "x-ms-client-request-id": "b1866cb86feab31ca447881eb008c650",
        "x-ms-return-client-request-id": "true"
      },
      "RequestBody": null,
      "StatusCode": 200,
      "ResponseHeaders": {
        "apim-request-id": "a3d1d432-352e-41e3-bed5-99c6d317b288",
        "Content-Type": "application/json; charset=utf-8",
        "Date": "Mon, 16 Nov 2020 19:17:02 GMT",
        "Strict-Transport-Security": "max-age=31536000; includeSubDomains; preload",
        "Transfer-Encoding": "chunked",
        "X-Content-Type-Options": "nosniff",
        "x-envoy-upstream-service-time": "67"
      },
      "ResponseBody": {
        "displayName": "AnalyzeOperationWithPHIDomain",
        "jobId": "4f78ef8c-d5d8-40df-94b8-66b292c2f1ef_637410816000000000",
        "lastUpdateDateTime": "2020-11-16T19:15:41Z",
        "createdDateTime": "2020-11-16T19:15:40Z",
        "expirationDateTime": "2020-11-17T19:15:40Z",
        "status": "running",
        "errors": [],
        "tasks": {
          "details": {
            "name": "AnalyzeOperationWithPHIDomain",
            "lastUpdateDateTime": "2020-11-16T19:15:41Z"
          },
          "completed": 0,
          "failed": 0,
          "inProgress": 1,
          "total": 1
        }
      }
    },
    {
      "RequestUri": "https://textanalytics-westeurope.ppe.cognitiveservices.azure.com/text/analytics/v3.1-preview.3/analyze/jobs/4f78ef8c-d5d8-40df-94b8-66b292c2f1ef_637410816000000000?showStats=false",
      "RequestMethod": "GET",
      "RequestHeaders": {
        "Accept": [
          "application/json",
          "text/json"
        ],
        "Ocp-Apim-Subscription-Key": "Sanitized",
        "User-Agent": [
          "azsdk-net-AI.TextAnalytics/5.1.0-alpha.20201116.1",
          "(.NET Core 4.6.29321.03; Microsoft Windows 10.0.19042 )"
        ],
        "x-ms-client-request-id": "e257c10c6985b840fca5ad12d6b0e470",
        "x-ms-return-client-request-id": "true"
      },
      "RequestBody": null,
      "StatusCode": 200,
      "ResponseHeaders": {
        "apim-request-id": "c9ee5648-75c4-46cf-afb1-39acc3db75db",
        "Content-Type": "application/json; charset=utf-8",
        "Date": "Mon, 16 Nov 2020 19:17:03 GMT",
        "Strict-Transport-Security": "max-age=31536000; includeSubDomains; preload",
        "Transfer-Encoding": "chunked",
        "X-Content-Type-Options": "nosniff",
        "x-envoy-upstream-service-time": "77"
      },
      "ResponseBody": {
        "displayName": "AnalyzeOperationWithPHIDomain",
        "jobId": "4f78ef8c-d5d8-40df-94b8-66b292c2f1ef_637410816000000000",
        "lastUpdateDateTime": "2020-11-16T19:15:41Z",
        "createdDateTime": "2020-11-16T19:15:40Z",
        "expirationDateTime": "2020-11-17T19:15:40Z",
        "status": "running",
        "errors": [],
        "tasks": {
          "details": {
            "name": "AnalyzeOperationWithPHIDomain",
            "lastUpdateDateTime": "2020-11-16T19:15:41Z"
          },
          "completed": 0,
          "failed": 0,
          "inProgress": 1,
          "total": 1
        }
      }
    },
    {
      "RequestUri": "https://textanalytics-westeurope.ppe.cognitiveservices.azure.com/text/analytics/v3.1-preview.3/analyze/jobs/4f78ef8c-d5d8-40df-94b8-66b292c2f1ef_637410816000000000?showStats=false",
      "RequestMethod": "GET",
      "RequestHeaders": {
        "Accept": [
          "application/json",
          "text/json"
        ],
        "Ocp-Apim-Subscription-Key": "Sanitized",
        "User-Agent": [
          "azsdk-net-AI.TextAnalytics/5.1.0-alpha.20201116.1",
          "(.NET Core 4.6.29321.03; Microsoft Windows 10.0.19042 )"
        ],
        "x-ms-client-request-id": "54c3e269e2fe48045228a7a63eee8748",
        "x-ms-return-client-request-id": "true"
      },
      "RequestBody": null,
      "StatusCode": 200,
      "ResponseHeaders": {
        "apim-request-id": "f57095c8-78f2-436a-b5c9-a517651a22e8",
        "Content-Type": "application/json; charset=utf-8",
        "Date": "Mon, 16 Nov 2020 19:17:04 GMT",
        "Strict-Transport-Security": "max-age=31536000; includeSubDomains; preload",
        "Transfer-Encoding": "chunked",
        "X-Content-Type-Options": "nosniff",
        "x-envoy-upstream-service-time": "61"
      },
      "ResponseBody": {
        "displayName": "AnalyzeOperationWithPHIDomain",
        "jobId": "4f78ef8c-d5d8-40df-94b8-66b292c2f1ef_637410816000000000",
        "lastUpdateDateTime": "2020-11-16T19:15:41Z",
        "createdDateTime": "2020-11-16T19:15:40Z",
        "expirationDateTime": "2020-11-17T19:15:40Z",
        "status": "running",
        "errors": [],
        "tasks": {
          "details": {
            "name": "AnalyzeOperationWithPHIDomain",
            "lastUpdateDateTime": "2020-11-16T19:15:41Z"
          },
          "completed": 0,
          "failed": 0,
          "inProgress": 1,
          "total": 1
        }
      }
    },
    {
      "RequestUri": "https://textanalytics-westeurope.ppe.cognitiveservices.azure.com/text/analytics/v3.1-preview.3/analyze/jobs/4f78ef8c-d5d8-40df-94b8-66b292c2f1ef_637410816000000000?showStats=false",
      "RequestMethod": "GET",
      "RequestHeaders": {
        "Accept": [
          "application/json",
          "text/json"
        ],
        "Ocp-Apim-Subscription-Key": "Sanitized",
        "User-Agent": [
          "azsdk-net-AI.TextAnalytics/5.1.0-alpha.20201116.1",
          "(.NET Core 4.6.29321.03; Microsoft Windows 10.0.19042 )"
        ],
        "x-ms-client-request-id": "e2e167b2eba74f632bceb445c109ddf3",
        "x-ms-return-client-request-id": "true"
      },
      "RequestBody": null,
      "StatusCode": 200,
      "ResponseHeaders": {
        "apim-request-id": "47ae4efd-6f8c-418a-a821-208eeb07390b",
        "Content-Type": "application/json; charset=utf-8",
        "Date": "Mon, 16 Nov 2020 19:17:06 GMT",
        "Strict-Transport-Security": "max-age=31536000; includeSubDomains; preload",
        "Transfer-Encoding": "chunked",
        "X-Content-Type-Options": "nosniff",
        "x-envoy-upstream-service-time": "51"
      },
      "ResponseBody": {
        "displayName": "AnalyzeOperationWithPHIDomain",
        "jobId": "4f78ef8c-d5d8-40df-94b8-66b292c2f1ef_637410816000000000",
        "lastUpdateDateTime": "2020-11-16T19:15:41Z",
        "createdDateTime": "2020-11-16T19:15:40Z",
        "expirationDateTime": "2020-11-17T19:15:40Z",
        "status": "running",
        "errors": [],
        "tasks": {
          "details": {
            "name": "AnalyzeOperationWithPHIDomain",
            "lastUpdateDateTime": "2020-11-16T19:15:41Z"
          },
          "completed": 0,
          "failed": 0,
          "inProgress": 1,
          "total": 1
        }
      }
    },
    {
      "RequestUri": "https://textanalytics-westeurope.ppe.cognitiveservices.azure.com/text/analytics/v3.1-preview.3/analyze/jobs/4f78ef8c-d5d8-40df-94b8-66b292c2f1ef_637410816000000000?showStats=false",
      "RequestMethod": "GET",
      "RequestHeaders": {
        "Accept": [
          "application/json",
          "text/json"
        ],
        "Ocp-Apim-Subscription-Key": "Sanitized",
        "User-Agent": [
          "azsdk-net-AI.TextAnalytics/5.1.0-alpha.20201116.1",
          "(.NET Core 4.6.29321.03; Microsoft Windows 10.0.19042 )"
        ],
        "x-ms-client-request-id": "ceb4186272442a51bd0e905dc199790d",
        "x-ms-return-client-request-id": "true"
      },
      "RequestBody": null,
      "StatusCode": 200,
      "ResponseHeaders": {
        "apim-request-id": "3fc69da9-b7c0-401e-a919-aafed69bf030",
        "Content-Type": "application/json; charset=utf-8",
        "Date": "Mon, 16 Nov 2020 19:17:07 GMT",
        "Strict-Transport-Security": "max-age=31536000; includeSubDomains; preload",
        "Transfer-Encoding": "chunked",
        "X-Content-Type-Options": "nosniff",
        "x-envoy-upstream-service-time": "38"
      },
      "ResponseBody": {
        "displayName": "AnalyzeOperationWithPHIDomain",
        "jobId": "4f78ef8c-d5d8-40df-94b8-66b292c2f1ef_637410816000000000",
        "lastUpdateDateTime": "2020-11-16T19:15:41Z",
        "createdDateTime": "2020-11-16T19:15:40Z",
        "expirationDateTime": "2020-11-17T19:15:40Z",
        "status": "running",
        "errors": [],
        "tasks": {
          "details": {
            "name": "AnalyzeOperationWithPHIDomain",
            "lastUpdateDateTime": "2020-11-16T19:15:41Z"
          },
          "completed": 0,
          "failed": 0,
          "inProgress": 1,
          "total": 1
        }
      }
    },
    {
      "RequestUri": "https://textanalytics-westeurope.ppe.cognitiveservices.azure.com/text/analytics/v3.1-preview.3/analyze/jobs/4f78ef8c-d5d8-40df-94b8-66b292c2f1ef_637410816000000000?showStats=false",
      "RequestMethod": "GET",
      "RequestHeaders": {
        "Accept": [
          "application/json",
          "text/json"
        ],
        "Ocp-Apim-Subscription-Key": "Sanitized",
        "User-Agent": [
          "azsdk-net-AI.TextAnalytics/5.1.0-alpha.20201116.1",
          "(.NET Core 4.6.29321.03; Microsoft Windows 10.0.19042 )"
        ],
        "x-ms-client-request-id": "6e5f651e02cf7dc97f7328302dbf8648",
        "x-ms-return-client-request-id": "true"
      },
      "RequestBody": null,
      "StatusCode": 200,
      "ResponseHeaders": {
        "apim-request-id": "f46f2b8b-51fd-4bce-81c7-321eabe7b412",
        "Content-Type": "application/json; charset=utf-8",
        "Date": "Mon, 16 Nov 2020 19:17:08 GMT",
        "Strict-Transport-Security": "max-age=31536000; includeSubDomains; preload",
        "Transfer-Encoding": "chunked",
        "X-Content-Type-Options": "nosniff",
        "x-envoy-upstream-service-time": "42"
      },
      "ResponseBody": {
        "displayName": "AnalyzeOperationWithPHIDomain",
        "jobId": "4f78ef8c-d5d8-40df-94b8-66b292c2f1ef_637410816000000000",
        "lastUpdateDateTime": "2020-11-16T19:15:41Z",
        "createdDateTime": "2020-11-16T19:15:40Z",
        "expirationDateTime": "2020-11-17T19:15:40Z",
        "status": "running",
        "errors": [],
        "tasks": {
          "details": {
            "name": "AnalyzeOperationWithPHIDomain",
            "lastUpdateDateTime": "2020-11-16T19:15:41Z"
          },
          "completed": 0,
          "failed": 0,
          "inProgress": 1,
          "total": 1
        }
      }
    },
    {
      "RequestUri": "https://textanalytics-westeurope.ppe.cognitiveservices.azure.com/text/analytics/v3.1-preview.3/analyze/jobs/4f78ef8c-d5d8-40df-94b8-66b292c2f1ef_637410816000000000?showStats=false",
      "RequestMethod": "GET",
      "RequestHeaders": {
        "Accept": [
          "application/json",
          "text/json"
        ],
        "Ocp-Apim-Subscription-Key": "Sanitized",
        "User-Agent": [
          "azsdk-net-AI.TextAnalytics/5.1.0-alpha.20201116.1",
          "(.NET Core 4.6.29321.03; Microsoft Windows 10.0.19042 )"
        ],
        "x-ms-client-request-id": "2644b34ab839400316b625985b068e92",
        "x-ms-return-client-request-id": "true"
      },
      "RequestBody": null,
      "StatusCode": 200,
      "ResponseHeaders": {
        "apim-request-id": "9bd6ce54-5f9d-48bc-bd59-07076e0f7e84",
        "Content-Type": "application/json; charset=utf-8",
        "Date": "Mon, 16 Nov 2020 19:17:10 GMT",
        "Strict-Transport-Security": "max-age=31536000; includeSubDomains; preload",
        "Transfer-Encoding": "chunked",
        "X-Content-Type-Options": "nosniff",
        "x-envoy-upstream-service-time": "60"
      },
      "ResponseBody": {
        "displayName": "AnalyzeOperationWithPHIDomain",
        "jobId": "4f78ef8c-d5d8-40df-94b8-66b292c2f1ef_637410816000000000",
        "lastUpdateDateTime": "2020-11-16T19:15:41Z",
        "createdDateTime": "2020-11-16T19:15:40Z",
        "expirationDateTime": "2020-11-17T19:15:40Z",
        "status": "running",
        "errors": [],
        "tasks": {
          "details": {
            "name": "AnalyzeOperationWithPHIDomain",
            "lastUpdateDateTime": "2020-11-16T19:15:41Z"
          },
          "completed": 0,
          "failed": 0,
          "inProgress": 1,
          "total": 1
        }
      }
    },
    {
      "RequestUri": "https://textanalytics-westeurope.ppe.cognitiveservices.azure.com/text/analytics/v3.1-preview.3/analyze/jobs/4f78ef8c-d5d8-40df-94b8-66b292c2f1ef_637410816000000000?showStats=false",
      "RequestMethod": "GET",
      "RequestHeaders": {
        "Accept": [
          "application/json",
          "text/json"
        ],
        "Ocp-Apim-Subscription-Key": "Sanitized",
        "User-Agent": [
          "azsdk-net-AI.TextAnalytics/5.1.0-alpha.20201116.1",
          "(.NET Core 4.6.29321.03; Microsoft Windows 10.0.19042 )"
        ],
        "x-ms-client-request-id": "5c26a7556ea95f244f374ed14921fcfd",
        "x-ms-return-client-request-id": "true"
      },
      "RequestBody": null,
      "StatusCode": 200,
      "ResponseHeaders": {
        "apim-request-id": "bd890e7b-0f6a-42b2-aa37-9cc3d8408356",
        "Content-Type": "application/json; charset=utf-8",
        "Date": "Mon, 16 Nov 2020 19:17:11 GMT",
        "Strict-Transport-Security": "max-age=31536000; includeSubDomains; preload",
        "Transfer-Encoding": "chunked",
        "X-Content-Type-Options": "nosniff",
        "x-envoy-upstream-service-time": "55"
      },
      "ResponseBody": {
        "displayName": "AnalyzeOperationWithPHIDomain",
        "jobId": "4f78ef8c-d5d8-40df-94b8-66b292c2f1ef_637410816000000000",
        "lastUpdateDateTime": "2020-11-16T19:15:41Z",
        "createdDateTime": "2020-11-16T19:15:40Z",
        "expirationDateTime": "2020-11-17T19:15:40Z",
        "status": "running",
        "errors": [],
        "tasks": {
          "details": {
            "name": "AnalyzeOperationWithPHIDomain",
            "lastUpdateDateTime": "2020-11-16T19:15:41Z"
          },
          "completed": 0,
          "failed": 0,
          "inProgress": 1,
          "total": 1
        }
      }
    },
    {
      "RequestUri": "https://textanalytics-westeurope.ppe.cognitiveservices.azure.com/text/analytics/v3.1-preview.3/analyze/jobs/4f78ef8c-d5d8-40df-94b8-66b292c2f1ef_637410816000000000?showStats=false",
      "RequestMethod": "GET",
      "RequestHeaders": {
        "Accept": [
          "application/json",
          "text/json"
        ],
        "Ocp-Apim-Subscription-Key": "Sanitized",
        "User-Agent": [
          "azsdk-net-AI.TextAnalytics/5.1.0-alpha.20201116.1",
          "(.NET Core 4.6.29321.03; Microsoft Windows 10.0.19042 )"
        ],
        "x-ms-client-request-id": "0d124788525465d3611f5718dd312279",
        "x-ms-return-client-request-id": "true"
      },
      "RequestBody": null,
      "StatusCode": 200,
      "ResponseHeaders": {
        "apim-request-id": "a0d87cb9-6abb-4c0e-804e-4467359a38f6",
        "Content-Type": "application/json; charset=utf-8",
        "Date": "Mon, 16 Nov 2020 19:17:12 GMT",
        "Strict-Transport-Security": "max-age=31536000; includeSubDomains; preload",
        "Transfer-Encoding": "chunked",
        "X-Content-Type-Options": "nosniff",
        "x-envoy-upstream-service-time": "52"
      },
      "ResponseBody": {
        "displayName": "AnalyzeOperationWithPHIDomain",
        "jobId": "4f78ef8c-d5d8-40df-94b8-66b292c2f1ef_637410816000000000",
        "lastUpdateDateTime": "2020-11-16T19:15:41Z",
        "createdDateTime": "2020-11-16T19:15:40Z",
        "expirationDateTime": "2020-11-17T19:15:40Z",
        "status": "running",
        "errors": [],
        "tasks": {
          "details": {
            "name": "AnalyzeOperationWithPHIDomain",
            "lastUpdateDateTime": "2020-11-16T19:15:41Z"
          },
          "completed": 0,
          "failed": 0,
          "inProgress": 1,
          "total": 1
        }
      }
    },
    {
      "RequestUri": "https://textanalytics-westeurope.ppe.cognitiveservices.azure.com/text/analytics/v3.1-preview.3/analyze/jobs/4f78ef8c-d5d8-40df-94b8-66b292c2f1ef_637410816000000000?showStats=false",
      "RequestMethod": "GET",
      "RequestHeaders": {
        "Accept": [
          "application/json",
          "text/json"
        ],
        "Ocp-Apim-Subscription-Key": "Sanitized",
        "User-Agent": [
          "azsdk-net-AI.TextAnalytics/5.1.0-alpha.20201116.1",
          "(.NET Core 4.6.29321.03; Microsoft Windows 10.0.19042 )"
        ],
        "x-ms-client-request-id": "86da96e52998dc9e8fe5d7026a32f6f5",
        "x-ms-return-client-request-id": "true"
      },
      "RequestBody": null,
      "StatusCode": 200,
      "ResponseHeaders": {
        "apim-request-id": "46201b08-e96d-4521-9f01-2df27528a7b3",
        "Content-Type": "application/json; charset=utf-8",
        "Date": "Mon, 16 Nov 2020 19:17:13 GMT",
        "Strict-Transport-Security": "max-age=31536000; includeSubDomains; preload",
        "Transfer-Encoding": "chunked",
        "X-Content-Type-Options": "nosniff",
        "x-envoy-upstream-service-time": "56"
      },
      "ResponseBody": {
        "displayName": "AnalyzeOperationWithPHIDomain",
        "jobId": "4f78ef8c-d5d8-40df-94b8-66b292c2f1ef_637410816000000000",
        "lastUpdateDateTime": "2020-11-16T19:15:41Z",
        "createdDateTime": "2020-11-16T19:15:40Z",
        "expirationDateTime": "2020-11-17T19:15:40Z",
        "status": "running",
        "errors": [],
        "tasks": {
          "details": {
            "name": "AnalyzeOperationWithPHIDomain",
            "lastUpdateDateTime": "2020-11-16T19:15:41Z"
          },
          "completed": 0,
          "failed": 0,
          "inProgress": 1,
          "total": 1
        }
      }
    },
    {
      "RequestUri": "https://textanalytics-westeurope.ppe.cognitiveservices.azure.com/text/analytics/v3.1-preview.3/analyze/jobs/4f78ef8c-d5d8-40df-94b8-66b292c2f1ef_637410816000000000?showStats=false",
      "RequestMethod": "GET",
      "RequestHeaders": {
        "Accept": [
          "application/json",
          "text/json"
        ],
        "Ocp-Apim-Subscription-Key": "Sanitized",
        "User-Agent": [
          "azsdk-net-AI.TextAnalytics/5.1.0-alpha.20201116.1",
          "(.NET Core 4.6.29321.03; Microsoft Windows 10.0.19042 )"
        ],
        "x-ms-client-request-id": "131027b980f3023dd3c1fb8a160b811d",
        "x-ms-return-client-request-id": "true"
      },
      "RequestBody": null,
      "StatusCode": 200,
      "ResponseHeaders": {
        "apim-request-id": "d9915ad3-548d-4a7e-978b-08f06f5d10a1",
        "Content-Type": "application/json; charset=utf-8",
        "Date": "Mon, 16 Nov 2020 19:17:15 GMT",
        "Strict-Transport-Security": "max-age=31536000; includeSubDomains; preload",
        "Transfer-Encoding": "chunked",
        "X-Content-Type-Options": "nosniff",
        "x-envoy-upstream-service-time": "60"
      },
      "ResponseBody": {
        "displayName": "AnalyzeOperationWithPHIDomain",
        "jobId": "4f78ef8c-d5d8-40df-94b8-66b292c2f1ef_637410816000000000",
        "lastUpdateDateTime": "2020-11-16T19:15:41Z",
        "createdDateTime": "2020-11-16T19:15:40Z",
        "expirationDateTime": "2020-11-17T19:15:40Z",
        "status": "running",
        "errors": [],
        "tasks": {
          "details": {
            "name": "AnalyzeOperationWithPHIDomain",
            "lastUpdateDateTime": "2020-11-16T19:15:41Z"
          },
          "completed": 0,
          "failed": 0,
          "inProgress": 1,
          "total": 1
        }
      }
    },
    {
      "RequestUri": "https://textanalytics-westeurope.ppe.cognitiveservices.azure.com/text/analytics/v3.1-preview.3/analyze/jobs/4f78ef8c-d5d8-40df-94b8-66b292c2f1ef_637410816000000000?showStats=false",
      "RequestMethod": "GET",
      "RequestHeaders": {
        "Accept": [
          "application/json",
          "text/json"
        ],
        "Ocp-Apim-Subscription-Key": "Sanitized",
        "User-Agent": [
          "azsdk-net-AI.TextAnalytics/5.1.0-alpha.20201116.1",
          "(.NET Core 4.6.29321.03; Microsoft Windows 10.0.19042 )"
        ],
        "x-ms-client-request-id": "b2ebd51576465e64a9367d6f7bd1fa2f",
        "x-ms-return-client-request-id": "true"
      },
      "RequestBody": null,
      "StatusCode": 200,
      "ResponseHeaders": {
        "apim-request-id": "7e33641e-a0dd-4faf-9d8b-36d410fd303d",
        "Content-Type": "application/json; charset=utf-8",
        "Date": "Mon, 16 Nov 2020 19:17:16 GMT",
        "Strict-Transport-Security": "max-age=31536000; includeSubDomains; preload",
        "Transfer-Encoding": "chunked",
        "X-Content-Type-Options": "nosniff",
        "x-envoy-upstream-service-time": "37"
      },
      "ResponseBody": {
        "displayName": "AnalyzeOperationWithPHIDomain",
        "jobId": "4f78ef8c-d5d8-40df-94b8-66b292c2f1ef_637410816000000000",
        "lastUpdateDateTime": "2020-11-16T19:15:41Z",
        "createdDateTime": "2020-11-16T19:15:40Z",
        "expirationDateTime": "2020-11-17T19:15:40Z",
        "status": "running",
        "errors": [],
        "tasks": {
          "details": {
            "name": "AnalyzeOperationWithPHIDomain",
            "lastUpdateDateTime": "2020-11-16T19:15:41Z"
          },
          "completed": 0,
          "failed": 0,
          "inProgress": 1,
          "total": 1
        }
      }
    },
    {
      "RequestUri": "https://textanalytics-westeurope.ppe.cognitiveservices.azure.com/text/analytics/v3.1-preview.3/analyze/jobs/4f78ef8c-d5d8-40df-94b8-66b292c2f1ef_637410816000000000?showStats=false",
      "RequestMethod": "GET",
      "RequestHeaders": {
        "Accept": [
          "application/json",
          "text/json"
        ],
        "Ocp-Apim-Subscription-Key": "Sanitized",
        "User-Agent": [
          "azsdk-net-AI.TextAnalytics/5.1.0-alpha.20201116.1",
          "(.NET Core 4.6.29321.03; Microsoft Windows 10.0.19042 )"
        ],
        "x-ms-client-request-id": "b55f62280e21658559d8b2d72e13c584",
        "x-ms-return-client-request-id": "true"
      },
      "RequestBody": null,
      "StatusCode": 200,
      "ResponseHeaders": {
        "apim-request-id": "a53aaefa-8ac7-458c-b220-a4fe317750f4",
        "Content-Type": "application/json; charset=utf-8",
        "Date": "Mon, 16 Nov 2020 19:17:17 GMT",
        "Strict-Transport-Security": "max-age=31536000; includeSubDomains; preload",
        "Transfer-Encoding": "chunked",
        "X-Content-Type-Options": "nosniff",
        "x-envoy-upstream-service-time": "76"
      },
      "ResponseBody": {
        "displayName": "AnalyzeOperationWithPHIDomain",
        "jobId": "4f78ef8c-d5d8-40df-94b8-66b292c2f1ef_637410816000000000",
        "lastUpdateDateTime": "2020-11-16T19:15:41Z",
        "createdDateTime": "2020-11-16T19:15:40Z",
        "expirationDateTime": "2020-11-17T19:15:40Z",
        "status": "running",
        "errors": [],
        "tasks": {
          "details": {
            "name": "AnalyzeOperationWithPHIDomain",
            "lastUpdateDateTime": "2020-11-16T19:15:41Z"
          },
          "completed": 0,
          "failed": 0,
          "inProgress": 1,
          "total": 1
        }
      }
    },
    {
      "RequestUri": "https://textanalytics-westeurope.ppe.cognitiveservices.azure.com/text/analytics/v3.1-preview.3/analyze/jobs/4f78ef8c-d5d8-40df-94b8-66b292c2f1ef_637410816000000000?showStats=false",
      "RequestMethod": "GET",
      "RequestHeaders": {
        "Accept": [
          "application/json",
          "text/json"
        ],
        "Ocp-Apim-Subscription-Key": "Sanitized",
        "User-Agent": [
          "azsdk-net-AI.TextAnalytics/5.1.0-alpha.20201116.1",
          "(.NET Core 4.6.29321.03; Microsoft Windows 10.0.19042 )"
        ],
        "x-ms-client-request-id": "95edb963434743afc2b16abd02ce8701",
        "x-ms-return-client-request-id": "true"
      },
      "RequestBody": null,
      "StatusCode": 200,
      "ResponseHeaders": {
        "apim-request-id": "350add1c-7594-4e82-a17f-6061e7359d31",
        "Content-Type": "application/json; charset=utf-8",
        "Date": "Mon, 16 Nov 2020 19:17:18 GMT",
        "Strict-Transport-Security": "max-age=31536000; includeSubDomains; preload",
        "Transfer-Encoding": "chunked",
        "X-Content-Type-Options": "nosniff",
        "x-envoy-upstream-service-time": "42"
      },
      "ResponseBody": {
        "displayName": "AnalyzeOperationWithPHIDomain",
        "jobId": "4f78ef8c-d5d8-40df-94b8-66b292c2f1ef_637410816000000000",
        "lastUpdateDateTime": "2020-11-16T19:15:41Z",
        "createdDateTime": "2020-11-16T19:15:40Z",
        "expirationDateTime": "2020-11-17T19:15:40Z",
        "status": "running",
        "errors": [],
        "tasks": {
          "details": {
            "name": "AnalyzeOperationWithPHIDomain",
            "lastUpdateDateTime": "2020-11-16T19:15:41Z"
          },
          "completed": 0,
          "failed": 0,
          "inProgress": 1,
          "total": 1
        }
      }
    },
    {
      "RequestUri": "https://textanalytics-westeurope.ppe.cognitiveservices.azure.com/text/analytics/v3.1-preview.3/analyze/jobs/4f78ef8c-d5d8-40df-94b8-66b292c2f1ef_637410816000000000?showStats=false",
      "RequestMethod": "GET",
      "RequestHeaders": {
        "Accept": [
          "application/json",
          "text/json"
        ],
        "Ocp-Apim-Subscription-Key": "Sanitized",
        "User-Agent": [
          "azsdk-net-AI.TextAnalytics/5.1.0-alpha.20201116.1",
          "(.NET Core 4.6.29321.03; Microsoft Windows 10.0.19042 )"
        ],
        "x-ms-client-request-id": "b461ccc6cbac06fc4f86596ec38d2f95",
        "x-ms-return-client-request-id": "true"
      },
      "RequestBody": null,
      "StatusCode": 200,
      "ResponseHeaders": {
        "apim-request-id": "18278b7c-4738-4a45-ad07-5ad288f1c9fd",
        "Content-Type": "application/json; charset=utf-8",
        "Date": "Mon, 16 Nov 2020 19:17:19 GMT",
        "Strict-Transport-Security": "max-age=31536000; includeSubDomains; preload",
        "Transfer-Encoding": "chunked",
        "X-Content-Type-Options": "nosniff",
        "x-envoy-upstream-service-time": "49"
      },
      "ResponseBody": {
        "displayName": "AnalyzeOperationWithPHIDomain",
        "jobId": "4f78ef8c-d5d8-40df-94b8-66b292c2f1ef_637410816000000000",
        "lastUpdateDateTime": "2020-11-16T19:15:41Z",
        "createdDateTime": "2020-11-16T19:15:40Z",
        "expirationDateTime": "2020-11-17T19:15:40Z",
        "status": "running",
        "errors": [],
        "tasks": {
          "details": {
            "name": "AnalyzeOperationWithPHIDomain",
            "lastUpdateDateTime": "2020-11-16T19:15:41Z"
          },
          "completed": 0,
          "failed": 0,
          "inProgress": 1,
          "total": 1
        }
      }
    },
    {
      "RequestUri": "https://textanalytics-westeurope.ppe.cognitiveservices.azure.com/text/analytics/v3.1-preview.3/analyze/jobs/4f78ef8c-d5d8-40df-94b8-66b292c2f1ef_637410816000000000?showStats=false",
      "RequestMethod": "GET",
      "RequestHeaders": {
        "Accept": [
          "application/json",
          "text/json"
        ],
        "Ocp-Apim-Subscription-Key": "Sanitized",
        "User-Agent": [
          "azsdk-net-AI.TextAnalytics/5.1.0-alpha.20201116.1",
          "(.NET Core 4.6.29321.03; Microsoft Windows 10.0.19042 )"
        ],
        "x-ms-client-request-id": "c10bf97065e4e4e8b31bf36fa3c7628b",
        "x-ms-return-client-request-id": "true"
      },
      "RequestBody": null,
      "StatusCode": 200,
      "ResponseHeaders": {
        "apim-request-id": "e4ca917a-7822-4ad0-b619-9ea387686772",
        "Content-Type": "application/json; charset=utf-8",
        "Date": "Mon, 16 Nov 2020 19:17:21 GMT",
        "Strict-Transport-Security": "max-age=31536000; includeSubDomains; preload",
        "Transfer-Encoding": "chunked",
        "X-Content-Type-Options": "nosniff",
        "x-envoy-upstream-service-time": "57"
      },
      "ResponseBody": {
        "displayName": "AnalyzeOperationWithPHIDomain",
        "jobId": "4f78ef8c-d5d8-40df-94b8-66b292c2f1ef_637410816000000000",
        "lastUpdateDateTime": "2020-11-16T19:15:41Z",
        "createdDateTime": "2020-11-16T19:15:40Z",
        "expirationDateTime": "2020-11-17T19:15:40Z",
        "status": "running",
        "errors": [],
        "tasks": {
          "details": {
            "name": "AnalyzeOperationWithPHIDomain",
            "lastUpdateDateTime": "2020-11-16T19:15:41Z"
          },
          "completed": 0,
          "failed": 0,
          "inProgress": 1,
          "total": 1
        }
      }
    },
    {
      "RequestUri": "https://textanalytics-westeurope.ppe.cognitiveservices.azure.com/text/analytics/v3.1-preview.3/analyze/jobs/4f78ef8c-d5d8-40df-94b8-66b292c2f1ef_637410816000000000?showStats=false",
      "RequestMethod": "GET",
      "RequestHeaders": {
        "Accept": [
          "application/json",
          "text/json"
        ],
        "Ocp-Apim-Subscription-Key": "Sanitized",
        "User-Agent": [
          "azsdk-net-AI.TextAnalytics/5.1.0-alpha.20201116.1",
          "(.NET Core 4.6.29321.03; Microsoft Windows 10.0.19042 )"
        ],
        "x-ms-client-request-id": "6210b15010b298d8bce645c0ea417f35",
        "x-ms-return-client-request-id": "true"
      },
      "RequestBody": null,
      "StatusCode": 200,
      "ResponseHeaders": {
        "apim-request-id": "690caa2c-8972-4e48-8227-283958c9ca2c",
        "Content-Type": "application/json; charset=utf-8",
        "Date": "Mon, 16 Nov 2020 19:17:22 GMT",
        "Strict-Transport-Security": "max-age=31536000; includeSubDomains; preload",
        "Transfer-Encoding": "chunked",
        "X-Content-Type-Options": "nosniff",
        "x-envoy-upstream-service-time": "64"
      },
      "ResponseBody": {
        "displayName": "AnalyzeOperationWithPHIDomain",
        "jobId": "4f78ef8c-d5d8-40df-94b8-66b292c2f1ef_637410816000000000",
        "lastUpdateDateTime": "2020-11-16T19:15:41Z",
        "createdDateTime": "2020-11-16T19:15:40Z",
        "expirationDateTime": "2020-11-17T19:15:40Z",
        "status": "running",
        "errors": [],
        "tasks": {
          "details": {
            "name": "AnalyzeOperationWithPHIDomain",
            "lastUpdateDateTime": "2020-11-16T19:15:41Z"
          },
          "completed": 0,
          "failed": 0,
          "inProgress": 1,
          "total": 1
        }
      }
    },
    {
      "RequestUri": "https://textanalytics-westeurope.ppe.cognitiveservices.azure.com/text/analytics/v3.1-preview.3/analyze/jobs/4f78ef8c-d5d8-40df-94b8-66b292c2f1ef_637410816000000000?showStats=false",
      "RequestMethod": "GET",
      "RequestHeaders": {
        "Accept": [
          "application/json",
          "text/json"
        ],
        "Ocp-Apim-Subscription-Key": "Sanitized",
        "User-Agent": [
          "azsdk-net-AI.TextAnalytics/5.1.0-alpha.20201116.1",
          "(.NET Core 4.6.29321.03; Microsoft Windows 10.0.19042 )"
        ],
        "x-ms-client-request-id": "094dd581c5c2601de47d0090d88d6287",
        "x-ms-return-client-request-id": "true"
      },
      "RequestBody": null,
      "StatusCode": 200,
      "ResponseHeaders": {
        "apim-request-id": "8e0af25e-1005-4d18-80af-222aeedbb927",
        "Content-Type": "application/json; charset=utf-8",
        "Date": "Mon, 16 Nov 2020 19:17:23 GMT",
        "Strict-Transport-Security": "max-age=31536000; includeSubDomains; preload",
        "Transfer-Encoding": "chunked",
        "X-Content-Type-Options": "nosniff",
        "x-envoy-upstream-service-time": "40"
      },
      "ResponseBody": {
        "displayName": "AnalyzeOperationWithPHIDomain",
        "jobId": "4f78ef8c-d5d8-40df-94b8-66b292c2f1ef_637410816000000000",
        "lastUpdateDateTime": "2020-11-16T19:15:41Z",
        "createdDateTime": "2020-11-16T19:15:40Z",
        "expirationDateTime": "2020-11-17T19:15:40Z",
        "status": "running",
        "errors": [],
        "tasks": {
          "details": {
            "name": "AnalyzeOperationWithPHIDomain",
            "lastUpdateDateTime": "2020-11-16T19:15:41Z"
          },
          "completed": 0,
          "failed": 0,
          "inProgress": 1,
          "total": 1
        }
      }
    },
    {
      "RequestUri": "https://textanalytics-westeurope.ppe.cognitiveservices.azure.com/text/analytics/v3.1-preview.3/analyze/jobs/4f78ef8c-d5d8-40df-94b8-66b292c2f1ef_637410816000000000?showStats=false",
      "RequestMethod": "GET",
      "RequestHeaders": {
        "Accept": [
          "application/json",
          "text/json"
        ],
        "Ocp-Apim-Subscription-Key": "Sanitized",
        "User-Agent": [
          "azsdk-net-AI.TextAnalytics/5.1.0-alpha.20201116.1",
          "(.NET Core 4.6.29321.03; Microsoft Windows 10.0.19042 )"
        ],
        "x-ms-client-request-id": "121dce24cd7c5fe3207304fe1f27fa72",
        "x-ms-return-client-request-id": "true"
      },
      "RequestBody": null,
      "StatusCode": 200,
      "ResponseHeaders": {
        "apim-request-id": "51f7e9de-db48-4f27-a9c7-b91ae1c64579",
        "Content-Type": "application/json; charset=utf-8",
        "Date": "Mon, 16 Nov 2020 19:17:24 GMT",
        "Strict-Transport-Security": "max-age=31536000; includeSubDomains; preload",
        "Transfer-Encoding": "chunked",
        "X-Content-Type-Options": "nosniff",
        "x-envoy-upstream-service-time": "45"
      },
      "ResponseBody": {
        "displayName": "AnalyzeOperationWithPHIDomain",
        "jobId": "4f78ef8c-d5d8-40df-94b8-66b292c2f1ef_637410816000000000",
        "lastUpdateDateTime": "2020-11-16T19:15:41Z",
        "createdDateTime": "2020-11-16T19:15:40Z",
        "expirationDateTime": "2020-11-17T19:15:40Z",
        "status": "running",
        "errors": [],
        "tasks": {
          "details": {
            "name": "AnalyzeOperationWithPHIDomain",
            "lastUpdateDateTime": "2020-11-16T19:15:41Z"
          },
          "completed": 0,
          "failed": 0,
          "inProgress": 1,
          "total": 1
        }
      }
    },
    {
      "RequestUri": "https://textanalytics-westeurope.ppe.cognitiveservices.azure.com/text/analytics/v3.1-preview.3/analyze/jobs/4f78ef8c-d5d8-40df-94b8-66b292c2f1ef_637410816000000000?showStats=false",
      "RequestMethod": "GET",
      "RequestHeaders": {
        "Accept": [
          "application/json",
          "text/json"
        ],
        "Ocp-Apim-Subscription-Key": "Sanitized",
        "User-Agent": [
          "azsdk-net-AI.TextAnalytics/5.1.0-alpha.20201116.1",
          "(.NET Core 4.6.29321.03; Microsoft Windows 10.0.19042 )"
        ],
        "x-ms-client-request-id": "ceedbd9c587a8ac893af7e341048bf2f",
        "x-ms-return-client-request-id": "true"
      },
      "RequestBody": null,
      "StatusCode": 200,
      "ResponseHeaders": {
        "apim-request-id": "dade24f5-e1d0-4631-a6da-000f7c4e534f",
        "Content-Type": "application/json; charset=utf-8",
        "Date": "Mon, 16 Nov 2020 19:17:26 GMT",
        "Strict-Transport-Security": "max-age=31536000; includeSubDomains; preload",
        "Transfer-Encoding": "chunked",
        "X-Content-Type-Options": "nosniff",
        "x-envoy-upstream-service-time": "70"
      },
      "ResponseBody": {
        "displayName": "AnalyzeOperationWithPHIDomain",
        "jobId": "4f78ef8c-d5d8-40df-94b8-66b292c2f1ef_637410816000000000",
        "lastUpdateDateTime": "2020-11-16T19:15:41Z",
        "createdDateTime": "2020-11-16T19:15:40Z",
        "expirationDateTime": "2020-11-17T19:15:40Z",
        "status": "running",
        "errors": [],
        "tasks": {
          "details": {
            "name": "AnalyzeOperationWithPHIDomain",
            "lastUpdateDateTime": "2020-11-16T19:15:41Z"
          },
          "completed": 0,
          "failed": 0,
          "inProgress": 1,
          "total": 1
        }
      }
    },
    {
      "RequestUri": "https://textanalytics-westeurope.ppe.cognitiveservices.azure.com/text/analytics/v3.1-preview.3/analyze/jobs/4f78ef8c-d5d8-40df-94b8-66b292c2f1ef_637410816000000000?showStats=false",
      "RequestMethod": "GET",
      "RequestHeaders": {
        "Accept": [
          "application/json",
          "text/json"
        ],
        "Ocp-Apim-Subscription-Key": "Sanitized",
        "User-Agent": [
          "azsdk-net-AI.TextAnalytics/5.1.0-alpha.20201116.1",
          "(.NET Core 4.6.29321.03; Microsoft Windows 10.0.19042 )"
        ],
        "x-ms-client-request-id": "1c9cbe836c23b4b8f2ede94fc01e41bc",
        "x-ms-return-client-request-id": "true"
      },
      "RequestBody": null,
      "StatusCode": 200,
      "ResponseHeaders": {
        "apim-request-id": "8c33091d-3f7e-4465-b9ff-3c5adac9316d",
        "Content-Type": "application/json; charset=utf-8",
        "Date": "Mon, 16 Nov 2020 19:17:27 GMT",
        "Strict-Transport-Security": "max-age=31536000; includeSubDomains; preload",
        "Transfer-Encoding": "chunked",
        "X-Content-Type-Options": "nosniff",
        "x-envoy-upstream-service-time": "46"
      },
      "ResponseBody": {
        "displayName": "AnalyzeOperationWithPHIDomain",
        "jobId": "4f78ef8c-d5d8-40df-94b8-66b292c2f1ef_637410816000000000",
        "lastUpdateDateTime": "2020-11-16T19:15:41Z",
        "createdDateTime": "2020-11-16T19:15:40Z",
        "expirationDateTime": "2020-11-17T19:15:40Z",
        "status": "running",
        "errors": [],
        "tasks": {
          "details": {
            "name": "AnalyzeOperationWithPHIDomain",
            "lastUpdateDateTime": "2020-11-16T19:15:41Z"
          },
          "completed": 0,
          "failed": 0,
          "inProgress": 1,
          "total": 1
        }
      }
    },
    {
      "RequestUri": "https://textanalytics-westeurope.ppe.cognitiveservices.azure.com/text/analytics/v3.1-preview.3/analyze/jobs/4f78ef8c-d5d8-40df-94b8-66b292c2f1ef_637410816000000000?showStats=false",
      "RequestMethod": "GET",
      "RequestHeaders": {
        "Accept": [
          "application/json",
          "text/json"
        ],
        "Ocp-Apim-Subscription-Key": "Sanitized",
        "User-Agent": [
          "azsdk-net-AI.TextAnalytics/5.1.0-alpha.20201116.1",
          "(.NET Core 4.6.29321.03; Microsoft Windows 10.0.19042 )"
        ],
        "x-ms-client-request-id": "1bf38e8394a0cb0d05927ecc4fae4fd8",
        "x-ms-return-client-request-id": "true"
      },
      "RequestBody": null,
      "StatusCode": 200,
      "ResponseHeaders": {
        "apim-request-id": "0ff6eeff-df99-4884-8278-22bd1ca3c21e",
        "Content-Type": "application/json; charset=utf-8",
        "Date": "Mon, 16 Nov 2020 19:17:28 GMT",
        "Strict-Transport-Security": "max-age=31536000; includeSubDomains; preload",
        "Transfer-Encoding": "chunked",
        "X-Content-Type-Options": "nosniff",
        "x-envoy-upstream-service-time": "47"
      },
      "ResponseBody": {
        "displayName": "AnalyzeOperationWithPHIDomain",
        "jobId": "4f78ef8c-d5d8-40df-94b8-66b292c2f1ef_637410816000000000",
        "lastUpdateDateTime": "2020-11-16T19:15:41Z",
        "createdDateTime": "2020-11-16T19:15:40Z",
        "expirationDateTime": "2020-11-17T19:15:40Z",
        "status": "running",
        "errors": [],
        "tasks": {
          "details": {
            "name": "AnalyzeOperationWithPHIDomain",
            "lastUpdateDateTime": "2020-11-16T19:15:41Z"
          },
          "completed": 0,
          "failed": 0,
          "inProgress": 1,
          "total": 1
        }
      }
    },
    {
      "RequestUri": "https://textanalytics-westeurope.ppe.cognitiveservices.azure.com/text/analytics/v3.1-preview.3/analyze/jobs/4f78ef8c-d5d8-40df-94b8-66b292c2f1ef_637410816000000000?showStats=false",
      "RequestMethod": "GET",
      "RequestHeaders": {
        "Accept": [
          "application/json",
          "text/json"
        ],
        "Ocp-Apim-Subscription-Key": "Sanitized",
        "User-Agent": [
          "azsdk-net-AI.TextAnalytics/5.1.0-alpha.20201116.1",
          "(.NET Core 4.6.29321.03; Microsoft Windows 10.0.19042 )"
        ],
        "x-ms-client-request-id": "617ad5b3dd8a304e0439db8d6f78ca75",
        "x-ms-return-client-request-id": "true"
      },
      "RequestBody": null,
      "StatusCode": 200,
      "ResponseHeaders": {
        "apim-request-id": "1d9f0875-9d34-479b-8481-be163314a892",
        "Content-Type": "application/json; charset=utf-8",
        "Date": "Mon, 16 Nov 2020 19:17:29 GMT",
        "Strict-Transport-Security": "max-age=31536000; includeSubDomains; preload",
        "Transfer-Encoding": "chunked",
        "X-Content-Type-Options": "nosniff",
        "x-envoy-upstream-service-time": "70"
      },
      "ResponseBody": {
        "displayName": "AnalyzeOperationWithPHIDomain",
        "jobId": "4f78ef8c-d5d8-40df-94b8-66b292c2f1ef_637410816000000000",
        "lastUpdateDateTime": "2020-11-16T19:15:41Z",
        "createdDateTime": "2020-11-16T19:15:40Z",
        "expirationDateTime": "2020-11-17T19:15:40Z",
        "status": "running",
        "errors": [],
        "tasks": {
          "details": {
            "name": "AnalyzeOperationWithPHIDomain",
            "lastUpdateDateTime": "2020-11-16T19:15:41Z"
          },
          "completed": 0,
          "failed": 0,
          "inProgress": 1,
          "total": 1
        }
      }
    },
    {
      "RequestUri": "https://textanalytics-westeurope.ppe.cognitiveservices.azure.com/text/analytics/v3.1-preview.3/analyze/jobs/4f78ef8c-d5d8-40df-94b8-66b292c2f1ef_637410816000000000?showStats=false",
      "RequestMethod": "GET",
      "RequestHeaders": {
        "Accept": [
          "application/json",
          "text/json"
        ],
        "Ocp-Apim-Subscription-Key": "Sanitized",
        "User-Agent": [
          "azsdk-net-AI.TextAnalytics/5.1.0-alpha.20201116.1",
          "(.NET Core 4.6.29321.03; Microsoft Windows 10.0.19042 )"
        ],
        "x-ms-client-request-id": "81b1c16ea454ee8fb1d01691edeb6544",
        "x-ms-return-client-request-id": "true"
      },
      "RequestBody": null,
      "StatusCode": 200,
      "ResponseHeaders": {
        "apim-request-id": "5a980e6f-1d08-4760-9b6a-3c64c0eea03d",
        "Content-Type": "application/json; charset=utf-8",
        "Date": "Mon, 16 Nov 2020 19:17:31 GMT",
        "Strict-Transport-Security": "max-age=31536000; includeSubDomains; preload",
        "Transfer-Encoding": "chunked",
        "X-Content-Type-Options": "nosniff",
        "x-envoy-upstream-service-time": "70"
      },
      "ResponseBody": {
        "displayName": "AnalyzeOperationWithPHIDomain",
        "jobId": "4f78ef8c-d5d8-40df-94b8-66b292c2f1ef_637410816000000000",
        "lastUpdateDateTime": "2020-11-16T19:15:41Z",
        "createdDateTime": "2020-11-16T19:15:40Z",
        "expirationDateTime": "2020-11-17T19:15:40Z",
        "status": "running",
        "errors": [],
        "tasks": {
          "details": {
            "name": "AnalyzeOperationWithPHIDomain",
            "lastUpdateDateTime": "2020-11-16T19:15:41Z"
          },
          "completed": 0,
          "failed": 0,
          "inProgress": 1,
          "total": 1
        }
      }
    },
    {
      "RequestUri": "https://textanalytics-westeurope.ppe.cognitiveservices.azure.com/text/analytics/v3.1-preview.3/analyze/jobs/4f78ef8c-d5d8-40df-94b8-66b292c2f1ef_637410816000000000?showStats=false",
      "RequestMethod": "GET",
      "RequestHeaders": {
        "Accept": [
          "application/json",
          "text/json"
        ],
        "Ocp-Apim-Subscription-Key": "Sanitized",
        "User-Agent": [
          "azsdk-net-AI.TextAnalytics/5.1.0-alpha.20201116.1",
          "(.NET Core 4.6.29321.03; Microsoft Windows 10.0.19042 )"
        ],
        "x-ms-client-request-id": "eb9b109ddfa4a5313fc31666b87f5c8c",
        "x-ms-return-client-request-id": "true"
      },
      "RequestBody": null,
      "StatusCode": 200,
      "ResponseHeaders": {
        "apim-request-id": "3282b484-18d1-4074-99f1-ddb9405e0053",
        "Content-Type": "application/json; charset=utf-8",
        "Date": "Mon, 16 Nov 2020 19:17:32 GMT",
        "Strict-Transport-Security": "max-age=31536000; includeSubDomains; preload",
        "Transfer-Encoding": "chunked",
        "X-Content-Type-Options": "nosniff",
        "x-envoy-upstream-service-time": "47"
      },
      "ResponseBody": {
        "displayName": "AnalyzeOperationWithPHIDomain",
        "jobId": "4f78ef8c-d5d8-40df-94b8-66b292c2f1ef_637410816000000000",
        "lastUpdateDateTime": "2020-11-16T19:15:41Z",
        "createdDateTime": "2020-11-16T19:15:40Z",
        "expirationDateTime": "2020-11-17T19:15:40Z",
        "status": "running",
        "errors": [],
        "tasks": {
          "details": {
            "name": "AnalyzeOperationWithPHIDomain",
            "lastUpdateDateTime": "2020-11-16T19:15:41Z"
          },
          "completed": 0,
          "failed": 0,
          "inProgress": 1,
          "total": 1
        }
      }
    },
    {
      "RequestUri": "https://textanalytics-westeurope.ppe.cognitiveservices.azure.com/text/analytics/v3.1-preview.3/analyze/jobs/4f78ef8c-d5d8-40df-94b8-66b292c2f1ef_637410816000000000?showStats=false",
      "RequestMethod": "GET",
      "RequestHeaders": {
        "Accept": [
          "application/json",
          "text/json"
        ],
        "Ocp-Apim-Subscription-Key": "Sanitized",
        "User-Agent": [
          "azsdk-net-AI.TextAnalytics/5.1.0-alpha.20201116.1",
          "(.NET Core 4.6.29321.03; Microsoft Windows 10.0.19042 )"
        ],
        "x-ms-client-request-id": "8d5d09c8cefc0f84468bb0b9c6bd4219",
        "x-ms-return-client-request-id": "true"
      },
      "RequestBody": null,
      "StatusCode": 200,
      "ResponseHeaders": {
        "apim-request-id": "803a902d-0557-4817-be5d-c02ac527e515",
        "Content-Type": "application/json; charset=utf-8",
        "Date": "Mon, 16 Nov 2020 19:17:33 GMT",
        "Strict-Transport-Security": "max-age=31536000; includeSubDomains; preload",
        "Transfer-Encoding": "chunked",
        "X-Content-Type-Options": "nosniff",
        "x-envoy-upstream-service-time": "42"
      },
      "ResponseBody": {
        "displayName": "AnalyzeOperationWithPHIDomain",
        "jobId": "4f78ef8c-d5d8-40df-94b8-66b292c2f1ef_637410816000000000",
        "lastUpdateDateTime": "2020-11-16T19:15:41Z",
        "createdDateTime": "2020-11-16T19:15:40Z",
        "expirationDateTime": "2020-11-17T19:15:40Z",
        "status": "running",
        "errors": [],
        "tasks": {
          "details": {
            "name": "AnalyzeOperationWithPHIDomain",
            "lastUpdateDateTime": "2020-11-16T19:15:41Z"
          },
          "completed": 0,
          "failed": 0,
          "inProgress": 1,
          "total": 1
        }
      }
    },
    {
      "RequestUri": "https://textanalytics-westeurope.ppe.cognitiveservices.azure.com/text/analytics/v3.1-preview.3/analyze/jobs/4f78ef8c-d5d8-40df-94b8-66b292c2f1ef_637410816000000000?showStats=false",
      "RequestMethod": "GET",
      "RequestHeaders": {
        "Accept": [
          "application/json",
          "text/json"
        ],
        "Ocp-Apim-Subscription-Key": "Sanitized",
        "User-Agent": [
          "azsdk-net-AI.TextAnalytics/5.1.0-alpha.20201116.1",
          "(.NET Core 4.6.29321.03; Microsoft Windows 10.0.19042 )"
        ],
        "x-ms-client-request-id": "5eef97d4dedc8fd08f0c41918e283631",
        "x-ms-return-client-request-id": "true"
      },
      "RequestBody": null,
      "StatusCode": 200,
      "ResponseHeaders": {
        "apim-request-id": "244bf9d9-dae8-4a0d-852e-c2878812f36a",
        "Content-Type": "application/json; charset=utf-8",
        "Date": "Mon, 16 Nov 2020 19:17:34 GMT",
        "Strict-Transport-Security": "max-age=31536000; includeSubDomains; preload",
        "Transfer-Encoding": "chunked",
        "X-Content-Type-Options": "nosniff",
        "x-envoy-upstream-service-time": "51"
      },
      "ResponseBody": {
        "displayName": "AnalyzeOperationWithPHIDomain",
        "jobId": "4f78ef8c-d5d8-40df-94b8-66b292c2f1ef_637410816000000000",
        "lastUpdateDateTime": "2020-11-16T19:15:41Z",
        "createdDateTime": "2020-11-16T19:15:40Z",
        "expirationDateTime": "2020-11-17T19:15:40Z",
        "status": "running",
        "errors": [],
        "tasks": {
          "details": {
            "name": "AnalyzeOperationWithPHIDomain",
            "lastUpdateDateTime": "2020-11-16T19:15:41Z"
          },
          "completed": 0,
          "failed": 0,
          "inProgress": 1,
          "total": 1
        }
      }
    },
    {
      "RequestUri": "https://textanalytics-westeurope.ppe.cognitiveservices.azure.com/text/analytics/v3.1-preview.3/analyze/jobs/4f78ef8c-d5d8-40df-94b8-66b292c2f1ef_637410816000000000?showStats=false",
      "RequestMethod": "GET",
      "RequestHeaders": {
        "Accept": [
          "application/json",
          "text/json"
        ],
        "Ocp-Apim-Subscription-Key": "Sanitized",
        "User-Agent": [
          "azsdk-net-AI.TextAnalytics/5.1.0-alpha.20201116.1",
          "(.NET Core 4.6.29321.03; Microsoft Windows 10.0.19042 )"
        ],
        "x-ms-client-request-id": "e3c98974d78dcf478c8ca4182e77de82",
        "x-ms-return-client-request-id": "true"
      },
      "RequestBody": null,
      "StatusCode": 200,
      "ResponseHeaders": {
        "apim-request-id": "7b988e27-ff33-4e5f-b65f-e0ecce66a259",
        "Content-Type": "application/json; charset=utf-8",
        "Date": "Mon, 16 Nov 2020 19:17:36 GMT",
        "Strict-Transport-Security": "max-age=31536000; includeSubDomains; preload",
        "Transfer-Encoding": "chunked",
        "X-Content-Type-Options": "nosniff",
        "x-envoy-upstream-service-time": "46"
      },
      "ResponseBody": {
        "displayName": "AnalyzeOperationWithPHIDomain",
        "jobId": "4f78ef8c-d5d8-40df-94b8-66b292c2f1ef_637410816000000000",
        "lastUpdateDateTime": "2020-11-16T19:15:41Z",
        "createdDateTime": "2020-11-16T19:15:40Z",
        "expirationDateTime": "2020-11-17T19:15:40Z",
        "status": "running",
        "errors": [],
        "tasks": {
          "details": {
            "name": "AnalyzeOperationWithPHIDomain",
            "lastUpdateDateTime": "2020-11-16T19:15:41Z"
          },
          "completed": 0,
          "failed": 0,
          "inProgress": 1,
          "total": 1
        }
      }
    },
    {
      "RequestUri": "https://textanalytics-westeurope.ppe.cognitiveservices.azure.com/text/analytics/v3.1-preview.3/analyze/jobs/4f78ef8c-d5d8-40df-94b8-66b292c2f1ef_637410816000000000?showStats=false",
      "RequestMethod": "GET",
      "RequestHeaders": {
        "Accept": [
          "application/json",
          "text/json"
        ],
        "Ocp-Apim-Subscription-Key": "Sanitized",
        "User-Agent": [
          "azsdk-net-AI.TextAnalytics/5.1.0-alpha.20201116.1",
          "(.NET Core 4.6.29321.03; Microsoft Windows 10.0.19042 )"
        ],
        "x-ms-client-request-id": "2092fc80fd8fe9b038cefdf08cf2811e",
        "x-ms-return-client-request-id": "true"
      },
      "RequestBody": null,
      "StatusCode": 200,
      "ResponseHeaders": {
        "apim-request-id": "35729f79-f100-40cf-8eaf-94ba0f2fb20e",
        "Content-Type": "application/json; charset=utf-8",
        "Date": "Mon, 16 Nov 2020 19:17:37 GMT",
        "Strict-Transport-Security": "max-age=31536000; includeSubDomains; preload",
        "Transfer-Encoding": "chunked",
        "X-Content-Type-Options": "nosniff",
        "x-envoy-upstream-service-time": "85"
      },
      "ResponseBody": {
        "displayName": "AnalyzeOperationWithPHIDomain",
        "jobId": "4f78ef8c-d5d8-40df-94b8-66b292c2f1ef_637410816000000000",
        "lastUpdateDateTime": "2020-11-16T19:15:41Z",
        "createdDateTime": "2020-11-16T19:15:40Z",
        "expirationDateTime": "2020-11-17T19:15:40Z",
        "status": "running",
        "errors": [],
        "tasks": {
          "details": {
            "name": "AnalyzeOperationWithPHIDomain",
            "lastUpdateDateTime": "2020-11-16T19:15:41Z"
          },
          "completed": 0,
          "failed": 0,
          "inProgress": 1,
          "total": 1
        }
      }
    },
    {
      "RequestUri": "https://textanalytics-westeurope.ppe.cognitiveservices.azure.com/text/analytics/v3.1-preview.3/analyze/jobs/4f78ef8c-d5d8-40df-94b8-66b292c2f1ef_637410816000000000?showStats=false",
      "RequestMethod": "GET",
      "RequestHeaders": {
        "Accept": [
          "application/json",
          "text/json"
        ],
        "Ocp-Apim-Subscription-Key": "Sanitized",
        "User-Agent": [
          "azsdk-net-AI.TextAnalytics/5.1.0-alpha.20201116.1",
          "(.NET Core 4.6.29321.03; Microsoft Windows 10.0.19042 )"
        ],
        "x-ms-client-request-id": "3d457f555ef3fc8b5020d2503ab86018",
        "x-ms-return-client-request-id": "true"
      },
      "RequestBody": null,
      "StatusCode": 200,
      "ResponseHeaders": {
        "apim-request-id": "1563d31c-b0a6-4471-8e8c-5389594f2268",
        "Content-Type": "application/json; charset=utf-8",
        "Date": "Mon, 16 Nov 2020 19:17:38 GMT",
        "Strict-Transport-Security": "max-age=31536000; includeSubDomains; preload",
        "Transfer-Encoding": "chunked",
        "X-Content-Type-Options": "nosniff",
        "x-envoy-upstream-service-time": "61"
      },
      "ResponseBody": {
        "displayName": "AnalyzeOperationWithPHIDomain",
        "jobId": "4f78ef8c-d5d8-40df-94b8-66b292c2f1ef_637410816000000000",
        "lastUpdateDateTime": "2020-11-16T19:15:41Z",
        "createdDateTime": "2020-11-16T19:15:40Z",
        "expirationDateTime": "2020-11-17T19:15:40Z",
        "status": "running",
        "errors": [],
        "tasks": {
          "details": {
            "name": "AnalyzeOperationWithPHIDomain",
            "lastUpdateDateTime": "2020-11-16T19:15:41Z"
          },
          "completed": 0,
          "failed": 0,
          "inProgress": 1,
          "total": 1
        }
      }
    },
    {
      "RequestUri": "https://textanalytics-westeurope.ppe.cognitiveservices.azure.com/text/analytics/v3.1-preview.3/analyze/jobs/4f78ef8c-d5d8-40df-94b8-66b292c2f1ef_637410816000000000?showStats=false",
      "RequestMethod": "GET",
      "RequestHeaders": {
        "Accept": [
          "application/json",
          "text/json"
        ],
        "Ocp-Apim-Subscription-Key": "Sanitized",
        "User-Agent": [
          "azsdk-net-AI.TextAnalytics/5.1.0-alpha.20201116.1",
          "(.NET Core 4.6.29321.03; Microsoft Windows 10.0.19042 )"
        ],
        "x-ms-client-request-id": "9110bf2d159576a1d9dfabbfda574399",
        "x-ms-return-client-request-id": "true"
      },
      "RequestBody": null,
      "StatusCode": 200,
      "ResponseHeaders": {
        "apim-request-id": "7bc97943-5e9a-4351-8ff9-bb4644e278ff",
        "Content-Type": "application/json; charset=utf-8",
        "Date": "Mon, 16 Nov 2020 19:17:39 GMT",
        "Strict-Transport-Security": "max-age=31536000; includeSubDomains; preload",
        "Transfer-Encoding": "chunked",
        "X-Content-Type-Options": "nosniff",
        "x-envoy-upstream-service-time": "64"
      },
      "ResponseBody": {
        "displayName": "AnalyzeOperationWithPHIDomain",
        "jobId": "4f78ef8c-d5d8-40df-94b8-66b292c2f1ef_637410816000000000",
        "lastUpdateDateTime": "2020-11-16T19:15:41Z",
        "createdDateTime": "2020-11-16T19:15:40Z",
        "expirationDateTime": "2020-11-17T19:15:40Z",
        "status": "running",
        "errors": [],
        "tasks": {
          "details": {
            "name": "AnalyzeOperationWithPHIDomain",
            "lastUpdateDateTime": "2020-11-16T19:15:41Z"
          },
          "completed": 0,
          "failed": 0,
          "inProgress": 1,
          "total": 1
        }
      }
    },
    {
      "RequestUri": "https://textanalytics-westeurope.ppe.cognitiveservices.azure.com/text/analytics/v3.1-preview.3/analyze/jobs/4f78ef8c-d5d8-40df-94b8-66b292c2f1ef_637410816000000000?showStats=false",
      "RequestMethod": "GET",
      "RequestHeaders": {
        "Accept": [
          "application/json",
          "text/json"
        ],
        "Ocp-Apim-Subscription-Key": "Sanitized",
        "User-Agent": [
          "azsdk-net-AI.TextAnalytics/5.1.0-alpha.20201116.1",
          "(.NET Core 4.6.29321.03; Microsoft Windows 10.0.19042 )"
        ],
        "x-ms-client-request-id": "afc3850aa132228e7196d06f2b5fae80",
        "x-ms-return-client-request-id": "true"
      },
      "RequestBody": null,
      "StatusCode": 200,
      "ResponseHeaders": {
        "apim-request-id": "8377b97e-dada-4474-8a14-a3c22a5a1324",
        "Content-Type": "application/json; charset=utf-8",
        "Date": "Mon, 16 Nov 2020 19:17:41 GMT",
        "Strict-Transport-Security": "max-age=31536000; includeSubDomains; preload",
        "Transfer-Encoding": "chunked",
        "X-Content-Type-Options": "nosniff",
        "x-envoy-upstream-service-time": "72"
      },
      "ResponseBody": {
        "displayName": "AnalyzeOperationWithPHIDomain",
        "jobId": "4f78ef8c-d5d8-40df-94b8-66b292c2f1ef_637410816000000000",
        "lastUpdateDateTime": "2020-11-16T19:15:41Z",
        "createdDateTime": "2020-11-16T19:15:40Z",
        "expirationDateTime": "2020-11-17T19:15:40Z",
        "status": "running",
        "errors": [],
        "tasks": {
          "details": {
            "name": "AnalyzeOperationWithPHIDomain",
            "lastUpdateDateTime": "2020-11-16T19:15:41Z"
          },
          "completed": 0,
          "failed": 0,
          "inProgress": 1,
          "total": 1
        }
      }
    },
    {
      "RequestUri": "https://textanalytics-westeurope.ppe.cognitiveservices.azure.com/text/analytics/v3.1-preview.3/analyze/jobs/4f78ef8c-d5d8-40df-94b8-66b292c2f1ef_637410816000000000?showStats=false",
      "RequestMethod": "GET",
      "RequestHeaders": {
        "Accept": [
          "application/json",
          "text/json"
        ],
        "Ocp-Apim-Subscription-Key": "Sanitized",
        "User-Agent": [
          "azsdk-net-AI.TextAnalytics/5.1.0-alpha.20201116.1",
          "(.NET Core 4.6.29321.03; Microsoft Windows 10.0.19042 )"
        ],
        "x-ms-client-request-id": "ccc2e56ef0e23f88ddcf6313b3cc22f9",
        "x-ms-return-client-request-id": "true"
      },
      "RequestBody": null,
      "StatusCode": 200,
      "ResponseHeaders": {
        "apim-request-id": "6cb71bda-9373-460b-9367-8a8478ed6a2e",
        "Content-Type": "application/json; charset=utf-8",
        "Date": "Mon, 16 Nov 2020 19:17:42 GMT",
        "Strict-Transport-Security": "max-age=31536000; includeSubDomains; preload",
        "Transfer-Encoding": "chunked",
        "X-Content-Type-Options": "nosniff",
        "x-envoy-upstream-service-time": "46"
      },
      "ResponseBody": {
        "displayName": "AnalyzeOperationWithPHIDomain",
        "jobId": "4f78ef8c-d5d8-40df-94b8-66b292c2f1ef_637410816000000000",
        "lastUpdateDateTime": "2020-11-16T19:15:41Z",
        "createdDateTime": "2020-11-16T19:15:40Z",
        "expirationDateTime": "2020-11-17T19:15:40Z",
        "status": "running",
        "errors": [],
        "tasks": {
          "details": {
            "name": "AnalyzeOperationWithPHIDomain",
            "lastUpdateDateTime": "2020-11-16T19:15:41Z"
          },
          "completed": 0,
          "failed": 0,
          "inProgress": 1,
          "total": 1
        }
      }
    },
    {
      "RequestUri": "https://textanalytics-westeurope.ppe.cognitiveservices.azure.com/text/analytics/v3.1-preview.3/analyze/jobs/4f78ef8c-d5d8-40df-94b8-66b292c2f1ef_637410816000000000?showStats=false",
      "RequestMethod": "GET",
      "RequestHeaders": {
        "Accept": [
          "application/json",
          "text/json"
        ],
        "Ocp-Apim-Subscription-Key": "Sanitized",
        "User-Agent": [
          "azsdk-net-AI.TextAnalytics/5.1.0-alpha.20201116.1",
          "(.NET Core 4.6.29321.03; Microsoft Windows 10.0.19042 )"
        ],
        "x-ms-client-request-id": "b54638ddb0f58ce530ee1fff45324b7a",
        "x-ms-return-client-request-id": "true"
      },
      "RequestBody": null,
      "StatusCode": 200,
      "ResponseHeaders": {
        "apim-request-id": "abb13266-61d7-4f8c-bf11-58b652e4da57",
        "Content-Type": "application/json; charset=utf-8",
        "Date": "Mon, 16 Nov 2020 19:17:43 GMT",
        "Strict-Transport-Security": "max-age=31536000; includeSubDomains; preload",
        "Transfer-Encoding": "chunked",
        "X-Content-Type-Options": "nosniff",
        "x-envoy-upstream-service-time": "58"
      },
      "ResponseBody": {
        "displayName": "AnalyzeOperationWithPHIDomain",
        "jobId": "4f78ef8c-d5d8-40df-94b8-66b292c2f1ef_637410816000000000",
        "lastUpdateDateTime": "2020-11-16T19:15:41Z",
        "createdDateTime": "2020-11-16T19:15:40Z",
        "expirationDateTime": "2020-11-17T19:15:40Z",
        "status": "running",
        "errors": [],
        "tasks": {
          "details": {
            "name": "AnalyzeOperationWithPHIDomain",
            "lastUpdateDateTime": "2020-11-16T19:15:41Z"
          },
          "completed": 0,
          "failed": 0,
          "inProgress": 1,
          "total": 1
        }
      }
    },
    {
      "RequestUri": "https://textanalytics-westeurope.ppe.cognitiveservices.azure.com/text/analytics/v3.1-preview.3/analyze/jobs/4f78ef8c-d5d8-40df-94b8-66b292c2f1ef_637410816000000000?showStats=false",
      "RequestMethod": "GET",
      "RequestHeaders": {
        "Accept": [
          "application/json",
          "text/json"
        ],
        "Ocp-Apim-Subscription-Key": "Sanitized",
        "User-Agent": [
          "azsdk-net-AI.TextAnalytics/5.1.0-alpha.20201116.1",
          "(.NET Core 4.6.29321.03; Microsoft Windows 10.0.19042 )"
        ],
        "x-ms-client-request-id": "f4512a3176941ab7fc83d2633e7a6ea5",
        "x-ms-return-client-request-id": "true"
      },
      "RequestBody": null,
      "StatusCode": 200,
      "ResponseHeaders": {
        "apim-request-id": "fce9048f-93a7-4e27-af46-8dbf55393ecf",
        "Content-Type": "application/json; charset=utf-8",
        "Date": "Mon, 16 Nov 2020 19:17:44 GMT",
        "Strict-Transport-Security": "max-age=31536000; includeSubDomains; preload",
        "Transfer-Encoding": "chunked",
        "X-Content-Type-Options": "nosniff",
        "x-envoy-upstream-service-time": "60"
      },
      "ResponseBody": {
        "displayName": "AnalyzeOperationWithPHIDomain",
        "jobId": "4f78ef8c-d5d8-40df-94b8-66b292c2f1ef_637410816000000000",
        "lastUpdateDateTime": "2020-11-16T19:15:41Z",
        "createdDateTime": "2020-11-16T19:15:40Z",
        "expirationDateTime": "2020-11-17T19:15:40Z",
        "status": "running",
        "errors": [],
        "tasks": {
          "details": {
            "name": "AnalyzeOperationWithPHIDomain",
            "lastUpdateDateTime": "2020-11-16T19:15:41Z"
          },
          "completed": 0,
          "failed": 0,
          "inProgress": 1,
          "total": 1
        }
      }
    },
    {
      "RequestUri": "https://textanalytics-westeurope.ppe.cognitiveservices.azure.com/text/analytics/v3.1-preview.3/analyze/jobs/4f78ef8c-d5d8-40df-94b8-66b292c2f1ef_637410816000000000?showStats=false",
      "RequestMethod": "GET",
      "RequestHeaders": {
        "Accept": [
          "application/json",
          "text/json"
        ],
        "Ocp-Apim-Subscription-Key": "Sanitized",
        "User-Agent": [
          "azsdk-net-AI.TextAnalytics/5.1.0-alpha.20201116.1",
          "(.NET Core 4.6.29321.03; Microsoft Windows 10.0.19042 )"
        ],
        "x-ms-client-request-id": "f292d774f919bd8bff369cf3d089f9ab",
        "x-ms-return-client-request-id": "true"
      },
      "RequestBody": null,
      "StatusCode": 200,
      "ResponseHeaders": {
        "apim-request-id": "a56ef3bd-194f-495d-b9ba-57136d22ef46",
        "Content-Type": "application/json; charset=utf-8",
        "Date": "Mon, 16 Nov 2020 19:17:45 GMT",
        "Strict-Transport-Security": "max-age=31536000; includeSubDomains; preload",
        "Transfer-Encoding": "chunked",
        "X-Content-Type-Options": "nosniff",
        "x-envoy-upstream-service-time": "44"
      },
      "ResponseBody": {
        "displayName": "AnalyzeOperationWithPHIDomain",
        "jobId": "4f78ef8c-d5d8-40df-94b8-66b292c2f1ef_637410816000000000",
        "lastUpdateDateTime": "2020-11-16T19:15:41Z",
        "createdDateTime": "2020-11-16T19:15:40Z",
        "expirationDateTime": "2020-11-17T19:15:40Z",
        "status": "running",
        "errors": [],
        "tasks": {
          "details": {
            "name": "AnalyzeOperationWithPHIDomain",
            "lastUpdateDateTime": "2020-11-16T19:15:41Z"
          },
          "completed": 0,
          "failed": 0,
          "inProgress": 1,
          "total": 1
        }
      }
    },
    {
      "RequestUri": "https://textanalytics-westeurope.ppe.cognitiveservices.azure.com/text/analytics/v3.1-preview.3/analyze/jobs/4f78ef8c-d5d8-40df-94b8-66b292c2f1ef_637410816000000000?showStats=false",
      "RequestMethod": "GET",
      "RequestHeaders": {
        "Accept": [
          "application/json",
          "text/json"
        ],
        "Ocp-Apim-Subscription-Key": "Sanitized",
        "User-Agent": [
          "azsdk-net-AI.TextAnalytics/5.1.0-alpha.20201116.1",
          "(.NET Core 4.6.29321.03; Microsoft Windows 10.0.19042 )"
        ],
        "x-ms-client-request-id": "88e2e8842d7b6665812bb871de824db6",
        "x-ms-return-client-request-id": "true"
      },
      "RequestBody": null,
      "StatusCode": 200,
      "ResponseHeaders": {
        "apim-request-id": "ca65a5e4-d08a-4515-854d-3513418e678c",
        "Content-Type": "application/json; charset=utf-8",
        "Date": "Mon, 16 Nov 2020 19:17:47 GMT",
        "Strict-Transport-Security": "max-age=31536000; includeSubDomains; preload",
        "Transfer-Encoding": "chunked",
        "X-Content-Type-Options": "nosniff",
        "x-envoy-upstream-service-time": "44"
      },
      "ResponseBody": {
        "displayName": "AnalyzeOperationWithPHIDomain",
        "jobId": "4f78ef8c-d5d8-40df-94b8-66b292c2f1ef_637410816000000000",
        "lastUpdateDateTime": "2020-11-16T19:15:41Z",
        "createdDateTime": "2020-11-16T19:15:40Z",
        "expirationDateTime": "2020-11-17T19:15:40Z",
        "status": "running",
        "errors": [],
        "tasks": {
          "details": {
            "name": "AnalyzeOperationWithPHIDomain",
            "lastUpdateDateTime": "2020-11-16T19:15:41Z"
          },
          "completed": 0,
          "failed": 0,
          "inProgress": 1,
          "total": 1
        }
      }
    },
    {
      "RequestUri": "https://textanalytics-westeurope.ppe.cognitiveservices.azure.com/text/analytics/v3.1-preview.3/analyze/jobs/4f78ef8c-d5d8-40df-94b8-66b292c2f1ef_637410816000000000?showStats=false",
      "RequestMethod": "GET",
      "RequestHeaders": {
        "Accept": [
          "application/json",
          "text/json"
        ],
        "Ocp-Apim-Subscription-Key": "Sanitized",
        "User-Agent": [
          "azsdk-net-AI.TextAnalytics/5.1.0-alpha.20201116.1",
          "(.NET Core 4.6.29321.03; Microsoft Windows 10.0.19042 )"
        ],
        "x-ms-client-request-id": "6e8b797f589f37619f93f55ddac34973",
        "x-ms-return-client-request-id": "true"
      },
      "RequestBody": null,
      "StatusCode": 200,
      "ResponseHeaders": {
        "apim-request-id": "6bc67a24-41e2-4dfd-8d4b-d457a4808f54",
        "Content-Type": "application/json; charset=utf-8",
        "Date": "Mon, 16 Nov 2020 19:17:48 GMT",
        "Strict-Transport-Security": "max-age=31536000; includeSubDomains; preload",
        "Transfer-Encoding": "chunked",
        "X-Content-Type-Options": "nosniff",
        "x-envoy-upstream-service-time": "44"
      },
      "ResponseBody": {
        "displayName": "AnalyzeOperationWithPHIDomain",
        "jobId": "4f78ef8c-d5d8-40df-94b8-66b292c2f1ef_637410816000000000",
        "lastUpdateDateTime": "2020-11-16T19:15:41Z",
        "createdDateTime": "2020-11-16T19:15:40Z",
        "expirationDateTime": "2020-11-17T19:15:40Z",
        "status": "running",
        "errors": [],
        "tasks": {
          "details": {
            "name": "AnalyzeOperationWithPHIDomain",
            "lastUpdateDateTime": "2020-11-16T19:15:41Z"
          },
          "completed": 0,
          "failed": 0,
          "inProgress": 1,
          "total": 1
        }
      }
    },
    {
      "RequestUri": "https://textanalytics-westeurope.ppe.cognitiveservices.azure.com/text/analytics/v3.1-preview.3/analyze/jobs/4f78ef8c-d5d8-40df-94b8-66b292c2f1ef_637410816000000000?showStats=false",
      "RequestMethod": "GET",
      "RequestHeaders": {
        "Accept": [
          "application/json",
          "text/json"
        ],
        "Ocp-Apim-Subscription-Key": "Sanitized",
        "User-Agent": [
          "azsdk-net-AI.TextAnalytics/5.1.0-alpha.20201116.1",
          "(.NET Core 4.6.29321.03; Microsoft Windows 10.0.19042 )"
        ],
        "x-ms-client-request-id": "55de2689e598462a712b71ed4119de7c",
        "x-ms-return-client-request-id": "true"
      },
      "RequestBody": null,
      "StatusCode": 200,
      "ResponseHeaders": {
        "apim-request-id": "6ef3c485-e1fc-4e5e-92dd-207a6de99630",
        "Content-Type": "application/json; charset=utf-8",
        "Date": "Mon, 16 Nov 2020 19:17:49 GMT",
        "Strict-Transport-Security": "max-age=31536000; includeSubDomains; preload",
        "Transfer-Encoding": "chunked",
        "X-Content-Type-Options": "nosniff",
        "x-envoy-upstream-service-time": "110"
      },
      "ResponseBody": {
        "displayName": "AnalyzeOperationWithPHIDomain",
        "jobId": "4f78ef8c-d5d8-40df-94b8-66b292c2f1ef_637410816000000000",
        "lastUpdateDateTime": "2020-11-16T19:15:41Z",
        "createdDateTime": "2020-11-16T19:15:40Z",
        "expirationDateTime": "2020-11-17T19:15:40Z",
        "status": "succeeded",
        "errors": [],
        "tasks": {
          "details": {
            "name": "AnalyzeOperationWithPHIDomain",
            "lastUpdateDateTime": "2020-11-16T19:15:41Z"
          },
          "completed": 1,
          "failed": 0,
          "inProgress": 0,
          "total": 1,
          "entityRecognitionPiiTasks": [
            {
              "name": "AnalyzeOperationWithPHIDomain",
              "lastUpdateDateTime": "2020-11-16T19:15:41.5404071Z",
              "results": {
                "inTerminalState": true,
                "documents": [
                  {
                    "redactedText": "A patient with medical id ******** whose phone number is ************ is going under heart surgery",
                    "id": "0",
                    "entities": [
                      {
                        "text": "12345678",
                        "category": "Phone Number",
                        "offset": 26,
                        "length": 8,
                        "confidenceScore": 0.8
                      },
                      {
                        "text": "800-102-1100",
                        "category": "Phone Number",
                        "offset": 57,
                        "length": 12,
                        "confidenceScore": 0.8
                      }
                    ],
                    "warnings": []
                  }
                ],
                "errors": [],
                "modelVersion": "2020-07-01"
              }
            }
          ]
        }
      }
    }
  ],
  "Variables": {
    "RandomSeed": "1544755028",
    "TEXT_ANALYTICS_API_KEY": "Sanitized",
    "TEXT_ANALYTICS_ENDPOINT": "https://textanalytics-westeurope.ppe.cognitiveservices.azure.com"
  }
}