{
  "Entries": [
    {
      "RequestUri": "https://ta-s-westeurope.cognitiveservices.azure.com/text/analytics/v3.1-preview.3/analyze",
      "RequestMethod": "POST",
      "RequestHeaders": {
        "Accept": "application/json, text/json",
        "Content-Length": "345",
        "Content-Type": "application/json",
        "Ocp-Apim-Subscription-Key": "Sanitized",
        "User-Agent": "azsdk-net-AI.TextAnalytics/5.1.0-alpha.20210115.1 (.NET Framework 4.8.4250.0; Microsoft Windows 10.0.19042 )",
        "x-ms-client-request-id": "cfe8e2f8ee3911d883f149c5ba708a25",
        "x-ms-return-client-request-id": "true"
      },
      "RequestBody": {
        "analysisInput": {
          "documents": [
            {
              "id": "0",
              "text": "A patient with medical id 12345678 whose phone number is 800-102-1100 is going under heart surgery",
              "language": "en"
            }
          ]
        },
        "tasks": {
          "entityRecognitionPiiTasks": [
            {
              "parameters": {
                "domain": "phi",
                "model-version": "latest",
                "stringIndexType": "Utf16CodeUnit"
              }
            }
          ]
        },
        "displayName": "AnalyzeOperationWithPHIDomain"
      },
      "StatusCode": 202,
      "ResponseHeaders": {
        "apim-request-id": "7f73f573-6055-4476-9530-e4127ad48983",
        "Date": "Fri, 15 Jan 2021 21:56:52 GMT",
        "operation-location": "https://ta-s-westeurope.cognitiveservices.azure.com/text/analytics/v3.1-preview.3/analyze/jobs/33f97eb5-9568-463d-889c-3d428403bd08_637462656000000000",
        "Strict-Transport-Security": "max-age=31536000; includeSubDomains; preload",
        "Transfer-Encoding": "chunked",
        "x-content-type-options": "nosniff",
        "x-envoy-upstream-service-time": "218"
      },
      "ResponseBody": []
    },
    {
      "RequestUri": "https://ta-s-westeurope.cognitiveservices.azure.com/text/analytics/v3.1-preview.3/analyze/jobs/33f97eb5-9568-463d-889c-3d428403bd08_637462656000000000?showStats=false",
      "RequestMethod": "GET",
      "RequestHeaders": {
        "Accept": "application/json, text/json",
        "Ocp-Apim-Subscription-Key": "Sanitized",
        "User-Agent": "azsdk-net-AI.TextAnalytics/5.1.0-alpha.20210115.1 (.NET Framework 4.8.4250.0; Microsoft Windows 10.0.19042 )",
        "x-ms-client-request-id": "0af6547e6d21f99df5e133f9fb1abff6",
        "x-ms-return-client-request-id": "true"
      },
      "RequestBody": null,
      "StatusCode": 200,
      "ResponseHeaders": {
        "apim-request-id": "6e4fdde9-1a50-4b41-b6a0-33b378731d71",
        "Content-Type": "application/json; charset=utf-8",
        "Date": "Fri, 15 Jan 2021 21:56:52 GMT",
        "Strict-Transport-Security": "max-age=31536000; includeSubDomains; preload",
        "Transfer-Encoding": "chunked",
        "x-content-type-options": "nosniff",
        "x-envoy-upstream-service-time": "25"
      },
      "ResponseBody": {
        "displayName": "AnalyzeOperationWithPHIDomain",
        "jobId": "33f97eb5-9568-463d-889c-3d428403bd08_637462656000000000",
        "lastUpdateDateTime": "2021-01-15T21:56:52Z",
        "createdDateTime": "2021-01-15T21:56:52Z",
        "expirationDateTime": "2021-01-16T21:56:52Z",
        "status": "notStarted",
        "errors": [],
        "tasks": {
          "details": {
            "name": "AnalyzeOperationWithPHIDomain",
            "lastUpdateDateTime": "2021-01-15T21:56:52Z"
          },
          "completed": 0,
          "failed": 0,
          "inProgress": 0,
          "total": 0
        }
      }
    },
    {
      "RequestUri": "https://ta-s-westeurope.cognitiveservices.azure.com/text/analytics/v3.1-preview.3/analyze/jobs/33f97eb5-9568-463d-889c-3d428403bd08_637462656000000000?showStats=false",
      "RequestMethod": "GET",
      "RequestHeaders": {
        "Accept": "application/json, text/json",
        "Ocp-Apim-Subscription-Key": "Sanitized",
        "User-Agent": "azsdk-net-AI.TextAnalytics/5.1.0-alpha.20210115.1 (.NET Framework 4.8.4250.0; Microsoft Windows 10.0.19042 )",
        "x-ms-client-request-id": "1ffe04ae50f965a11f4bc1da8e14f022",
        "x-ms-return-client-request-id": "true"
      },
      "RequestBody": null,
      "StatusCode": 200,
      "ResponseHeaders": {
        "apim-request-id": "0dfddc63-7296-4e49-b754-3ef1fc4f1b67",
        "Content-Type": "application/json; charset=utf-8",
        "Date": "Fri, 15 Jan 2021 21:56:54 GMT",
        "Strict-Transport-Security": "max-age=31536000; includeSubDomains; preload",
        "Transfer-Encoding": "chunked",
        "x-content-type-options": "nosniff",
        "x-envoy-upstream-service-time": "71"
      },
      "ResponseBody": {
        "displayName": "AnalyzeOperationWithPHIDomain",
        "jobId": "33f97eb5-9568-463d-889c-3d428403bd08_637462656000000000",
        "lastUpdateDateTime": "2021-01-15T21:56:53Z",
        "createdDateTime": "2021-01-15T21:56:52Z",
        "expirationDateTime": "2021-01-16T21:56:52Z",
        "status": "running",
        "errors": [],
        "tasks": {
          "details": {
            "name": "AnalyzeOperationWithPHIDomain",
            "lastUpdateDateTime": "2021-01-15T21:56:53Z"
          },
          "completed": 0,
          "failed": 0,
          "inProgress": 1,
          "total": 1
        }
      }
    },
    {
      "RequestUri": "https://ta-s-westeurope.cognitiveservices.azure.com/text/analytics/v3.1-preview.3/analyze/jobs/33f97eb5-9568-463d-889c-3d428403bd08_637462656000000000?showStats=false",
      "RequestMethod": "GET",
      "RequestHeaders": {
        "Accept": "application/json, text/json",
        "Ocp-Apim-Subscription-Key": "Sanitized",
        "User-Agent": "azsdk-net-AI.TextAnalytics/5.1.0-alpha.20210115.1 (.NET Framework 4.8.4250.0; Microsoft Windows 10.0.19042 )",
        "x-ms-client-request-id": "1647a062e0a88b5844efda57badf1569",
        "x-ms-return-client-request-id": "true"
      },
      "RequestBody": null,
      "StatusCode": 200,
      "ResponseHeaders": {
        "apim-request-id": "c29810ab-5fbc-4729-be35-22bf40744ab7",
        "Content-Type": "application/json; charset=utf-8",
        "Date": "Fri, 15 Jan 2021 21:56:55 GMT",
        "Strict-Transport-Security": "max-age=31536000; includeSubDomains; preload",
        "Transfer-Encoding": "chunked",
        "x-content-type-options": "nosniff",
        "x-envoy-upstream-service-time": "75"
      },
      "ResponseBody": {
        "displayName": "AnalyzeOperationWithPHIDomain",
        "jobId": "33f97eb5-9568-463d-889c-3d428403bd08_637462656000000000",
        "lastUpdateDateTime": "2021-01-15T21:56:53Z",
        "createdDateTime": "2021-01-15T21:56:52Z",
        "expirationDateTime": "2021-01-16T21:56:52Z",
        "status": "running",
        "errors": [],
        "tasks": {
          "details": {
            "name": "AnalyzeOperationWithPHIDomain",
            "lastUpdateDateTime": "2021-01-15T21:56:53Z"
          },
          "completed": 0,
          "failed": 0,
          "inProgress": 1,
          "total": 1
        }
      }
    },
    {
      "RequestUri": "https://ta-s-westeurope.cognitiveservices.azure.com/text/analytics/v3.1-preview.3/analyze/jobs/33f97eb5-9568-463d-889c-3d428403bd08_637462656000000000?showStats=false",
      "RequestMethod": "GET",
      "RequestHeaders": {
        "Accept": "application/json, text/json",
        "Ocp-Apim-Subscription-Key": "Sanitized",
        "User-Agent": "azsdk-net-AI.TextAnalytics/5.1.0-alpha.20210115.1 (.NET Framework 4.8.4250.0; Microsoft Windows 10.0.19042 )",
        "x-ms-client-request-id": "b61653316b722e2cb391ead5abc26ae0",
        "x-ms-return-client-request-id": "true"
      },
      "RequestBody": null,
      "StatusCode": 200,
      "ResponseHeaders": {
        "apim-request-id": "40b7e88d-09b4-4a54-a7ec-984346523e1b",
        "Content-Type": "application/json; charset=utf-8",
        "Date": "Fri, 15 Jan 2021 21:56:57 GMT",
        "Strict-Transport-Security": "max-age=31536000; includeSubDomains; preload",
        "Transfer-Encoding": "chunked",
        "x-content-type-options": "nosniff",
        "x-envoy-upstream-service-time": "1083"
      },
      "ResponseBody": {
        "displayName": "AnalyzeOperationWithPHIDomain",
        "jobId": "33f97eb5-9568-463d-889c-3d428403bd08_637462656000000000",
        "lastUpdateDateTime": "2021-01-15T21:56:53Z",
        "createdDateTime": "2021-01-15T21:56:52Z",
        "expirationDateTime": "2021-01-16T21:56:52Z",
        "status": "running",
        "errors": [],
        "tasks": {
          "details": {
            "name": "AnalyzeOperationWithPHIDomain",
            "lastUpdateDateTime": "2021-01-15T21:56:53Z"
          },
          "completed": 0,
          "failed": 0,
          "inProgress": 1,
          "total": 1
        }
      }
    },
    {
      "RequestUri": "https://ta-s-westeurope.cognitiveservices.azure.com/text/analytics/v3.1-preview.3/analyze/jobs/33f97eb5-9568-463d-889c-3d428403bd08_637462656000000000?showStats=false",
      "RequestMethod": "GET",
      "RequestHeaders": {
        "Accept": "application/json, text/json",
        "Ocp-Apim-Subscription-Key": "Sanitized",
        "User-Agent": "azsdk-net-AI.TextAnalytics/5.1.0-alpha.20210115.1 (.NET Framework 4.8.4250.0; Microsoft Windows 10.0.19042 )",
        "x-ms-client-request-id": "5a9611f1a9d2cd4dab72da09754aaa40",
        "x-ms-return-client-request-id": "true"
      },
      "RequestBody": null,
      "StatusCode": 200,
      "ResponseHeaders": {
        "apim-request-id": "ad3a2cb8-b3de-481b-b389-bd3abc6462fd",
        "Content-Type": "application/json; charset=utf-8",
        "Date": "Fri, 15 Jan 2021 21:56:58 GMT",
        "Strict-Transport-Security": "max-age=31536000; includeSubDomains; preload",
        "Transfer-Encoding": "chunked",
        "x-content-type-options": "nosniff",
        "x-envoy-upstream-service-time": "48"
      },
      "ResponseBody": {
        "displayName": "AnalyzeOperationWithPHIDomain",
        "jobId": "33f97eb5-9568-463d-889c-3d428403bd08_637462656000000000",
        "lastUpdateDateTime": "2021-01-15T21:56:53Z",
        "createdDateTime": "2021-01-15T21:56:52Z",
        "expirationDateTime": "2021-01-16T21:56:52Z",
        "status": "running",
        "errors": [],
        "tasks": {
          "details": {
            "name": "AnalyzeOperationWithPHIDomain",
            "lastUpdateDateTime": "2021-01-15T21:56:53Z"
          },
          "completed": 0,
          "failed": 0,
          "inProgress": 1,
          "total": 1
        }
      }
    },
    {
      "RequestUri": "https://ta-s-westeurope.cognitiveservices.azure.com/text/analytics/v3.1-preview.3/analyze/jobs/33f97eb5-9568-463d-889c-3d428403bd08_637462656000000000?showStats=false",
      "RequestMethod": "GET",
      "RequestHeaders": {
        "Accept": "application/json, text/json",
        "Ocp-Apim-Subscription-Key": "Sanitized",
        "User-Agent": "azsdk-net-AI.TextAnalytics/5.1.0-alpha.20210115.1 (.NET Framework 4.8.4250.0; Microsoft Windows 10.0.19042 )",
        "x-ms-client-request-id": "3ba9583539fdf7af74196317f682e081",
        "x-ms-return-client-request-id": "true"
      },
      "RequestBody": null,
      "StatusCode": 200,
      "ResponseHeaders": {
        "apim-request-id": "0a7eef74-8d7e-4e92-a203-0fcc9dd987e1",
        "Content-Type": "application/json; charset=utf-8",
        "Date": "Fri, 15 Jan 2021 21:56:59 GMT",
        "Strict-Transport-Security": "max-age=31536000; includeSubDomains; preload",
        "Transfer-Encoding": "chunked",
        "x-content-type-options": "nosniff",
        "x-envoy-upstream-service-time": "42"
      },
      "ResponseBody": {
        "displayName": "AnalyzeOperationWithPHIDomain",
        "jobId": "33f97eb5-9568-463d-889c-3d428403bd08_637462656000000000",
        "lastUpdateDateTime": "2021-01-15T21:56:53Z",
        "createdDateTime": "2021-01-15T21:56:52Z",
        "expirationDateTime": "2021-01-16T21:56:52Z",
        "status": "running",
        "errors": [],
        "tasks": {
          "details": {
            "name": "AnalyzeOperationWithPHIDomain",
            "lastUpdateDateTime": "2021-01-15T21:56:53Z"
          },
          "completed": 0,
          "failed": 0,
          "inProgress": 1,
          "total": 1
        }
      }
    },
    {
      "RequestUri": "https://ta-s-westeurope.cognitiveservices.azure.com/text/analytics/v3.1-preview.3/analyze/jobs/33f97eb5-9568-463d-889c-3d428403bd08_637462656000000000?showStats=false",
      "RequestMethod": "GET",
      "RequestHeaders": {
        "Accept": "application/json, text/json",
        "Ocp-Apim-Subscription-Key": "Sanitized",
        "User-Agent": "azsdk-net-AI.TextAnalytics/5.1.0-alpha.20210115.1 (.NET Framework 4.8.4250.0; Microsoft Windows 10.0.19042 )",
        "x-ms-client-request-id": "a966f984bb48889605490aff9122b869",
        "x-ms-return-client-request-id": "true"
      },
      "RequestBody": null,
      "StatusCode": 200,
      "ResponseHeaders": {
        "apim-request-id": "923516fc-065e-436e-9e24-7deb2b49f388",
        "Content-Type": "application/json; charset=utf-8",
        "Date": "Fri, 15 Jan 2021 21:57:01 GMT",
        "Strict-Transport-Security": "max-age=31536000; includeSubDomains; preload",
        "Transfer-Encoding": "chunked",
        "x-content-type-options": "nosniff",
        "x-envoy-upstream-service-time": "65"
      },
      "ResponseBody": {
        "displayName": "AnalyzeOperationWithPHIDomain",
        "jobId": "33f97eb5-9568-463d-889c-3d428403bd08_637462656000000000",
        "lastUpdateDateTime": "2021-01-15T21:56:53Z",
        "createdDateTime": "2021-01-15T21:56:52Z",
        "expirationDateTime": "2021-01-16T21:56:52Z",
        "status": "running",
        "errors": [],
        "tasks": {
          "details": {
            "name": "AnalyzeOperationWithPHIDomain",
            "lastUpdateDateTime": "2021-01-15T21:56:53Z"
          },
          "completed": 0,
          "failed": 0,
          "inProgress": 1,
          "total": 1
        }
      }
    },
    {
      "RequestUri": "https://ta-s-westeurope.cognitiveservices.azure.com/text/analytics/v3.1-preview.3/analyze/jobs/33f97eb5-9568-463d-889c-3d428403bd08_637462656000000000?showStats=false",
      "RequestMethod": "GET",
      "RequestHeaders": {
        "Accept": "application/json, text/json",
        "Ocp-Apim-Subscription-Key": "Sanitized",
        "User-Agent": "azsdk-net-AI.TextAnalytics/5.1.0-alpha.20210115.1 (.NET Framework 4.8.4250.0; Microsoft Windows 10.0.19042 )",
        "x-ms-client-request-id": "52a0a9e62e19b7e3619fe5b94536d629",
        "x-ms-return-client-request-id": "true"
      },
      "RequestBody": null,
      "StatusCode": 200,
      "ResponseHeaders": {
        "apim-request-id": "3974fb4b-0d2d-426b-b801-76fe3088c3b9",
        "Content-Type": "application/json; charset=utf-8",
        "Date": "Fri, 15 Jan 2021 21:57:02 GMT",
        "Strict-Transport-Security": "max-age=31536000; includeSubDomains; preload",
        "Transfer-Encoding": "chunked",
        "x-content-type-options": "nosniff",
        "x-envoy-upstream-service-time": "88"
      },
      "ResponseBody": {
        "displayName": "AnalyzeOperationWithPHIDomain",
        "jobId": "33f97eb5-9568-463d-889c-3d428403bd08_637462656000000000",
        "lastUpdateDateTime": "2021-01-15T21:56:53Z",
        "createdDateTime": "2021-01-15T21:56:52Z",
        "expirationDateTime": "2021-01-16T21:56:52Z",
        "status": "running",
        "errors": [],
        "tasks": {
          "details": {
            "name": "AnalyzeOperationWithPHIDomain",
            "lastUpdateDateTime": "2021-01-15T21:56:53Z"
          },
          "completed": 0,
          "failed": 0,
          "inProgress": 1,
          "total": 1
        }
      }
    },
    {
      "RequestUri": "https://ta-s-westeurope.cognitiveservices.azure.com/text/analytics/v3.1-preview.3/analyze/jobs/33f97eb5-9568-463d-889c-3d428403bd08_637462656000000000?showStats=false",
      "RequestMethod": "GET",
      "RequestHeaders": {
        "Accept": "application/json, text/json",
        "Ocp-Apim-Subscription-Key": "Sanitized",
        "User-Agent": "azsdk-net-AI.TextAnalytics/5.1.0-alpha.20210115.1 (.NET Framework 4.8.4250.0; Microsoft Windows 10.0.19042 )",
        "x-ms-client-request-id": "7c84589201e47af8c22036b42eb06652",
        "x-ms-return-client-request-id": "true"
      },
      "RequestBody": null,
      "StatusCode": 200,
      "ResponseHeaders": {
        "apim-request-id": "c9366636-65b1-4dab-9832-a4ebc4022052",
        "Content-Type": "application/json; charset=utf-8",
        "Date": "Fri, 15 Jan 2021 21:57:03 GMT",
        "Strict-Transport-Security": "max-age=31536000; includeSubDomains; preload",
        "Transfer-Encoding": "chunked",
        "x-content-type-options": "nosniff",
        "x-envoy-upstream-service-time": "44"
      },
      "ResponseBody": {
        "displayName": "AnalyzeOperationWithPHIDomain",
        "jobId": "33f97eb5-9568-463d-889c-3d428403bd08_637462656000000000",
        "lastUpdateDateTime": "2021-01-15T21:56:53Z",
        "createdDateTime": "2021-01-15T21:56:52Z",
        "expirationDateTime": "2021-01-16T21:56:52Z",
        "status": "running",
        "errors": [],
        "tasks": {
          "details": {
            "name": "AnalyzeOperationWithPHIDomain",
            "lastUpdateDateTime": "2021-01-15T21:56:53Z"
          },
          "completed": 0,
          "failed": 0,
          "inProgress": 1,
          "total": 1
        }
      }
    },
    {
      "RequestUri": "https://ta-s-westeurope.cognitiveservices.azure.com/text/analytics/v3.1-preview.3/analyze/jobs/33f97eb5-9568-463d-889c-3d428403bd08_637462656000000000?showStats=false",
      "RequestMethod": "GET",
      "RequestHeaders": {
        "Accept": "application/json, text/json",
        "Ocp-Apim-Subscription-Key": "Sanitized",
        "User-Agent": "azsdk-net-AI.TextAnalytics/5.1.0-alpha.20210115.1 (.NET Framework 4.8.4250.0; Microsoft Windows 10.0.19042 )",
        "x-ms-client-request-id": "4c31fa618de2566816ae47a9d5dc42cf",
        "x-ms-return-client-request-id": "true"
      },
      "RequestBody": null,
      "StatusCode": 200,
      "ResponseHeaders": {
        "apim-request-id": "10c0df89-51a6-4903-8383-6ff549f7ef7b",
        "Content-Type": "application/json; charset=utf-8",
        "Date": "Fri, 15 Jan 2021 21:57:04 GMT",
        "Strict-Transport-Security": "max-age=31536000; includeSubDomains; preload",
        "Transfer-Encoding": "chunked",
        "x-content-type-options": "nosniff",
        "x-envoy-upstream-service-time": "71"
      },
      "ResponseBody": {
        "displayName": "AnalyzeOperationWithPHIDomain",
        "jobId": "33f97eb5-9568-463d-889c-3d428403bd08_637462656000000000",
        "lastUpdateDateTime": "2021-01-15T21:56:53Z",
        "createdDateTime": "2021-01-15T21:56:52Z",
        "expirationDateTime": "2021-01-16T21:56:52Z",
        "status": "running",
        "errors": [],
        "tasks": {
          "details": {
            "name": "AnalyzeOperationWithPHIDomain",
            "lastUpdateDateTime": "2021-01-15T21:56:53Z"
          },
          "completed": 0,
          "failed": 0,
          "inProgress": 1,
          "total": 1
        }
      }
    },
    {
      "RequestUri": "https://ta-s-westeurope.cognitiveservices.azure.com/text/analytics/v3.1-preview.3/analyze/jobs/33f97eb5-9568-463d-889c-3d428403bd08_637462656000000000?showStats=false",
      "RequestMethod": "GET",
      "RequestHeaders": {
        "Accept": "application/json, text/json",
        "Ocp-Apim-Subscription-Key": "Sanitized",
        "User-Agent": "azsdk-net-AI.TextAnalytics/5.1.0-alpha.20210115.1 (.NET Framework 4.8.4250.0; Microsoft Windows 10.0.19042 )",
        "x-ms-client-request-id": "386ce1723b9de485b12590f8f82e88b1",
        "x-ms-return-client-request-id": "true"
      },
      "RequestBody": null,
      "StatusCode": 200,
      "ResponseHeaders": {
        "apim-request-id": "4af14c32-d55c-4fd9-aa80-112b07044663",
        "Content-Type": "application/json; charset=utf-8",
        "Date": "Fri, 15 Jan 2021 21:57:06 GMT",
        "Strict-Transport-Security": "max-age=31536000; includeSubDomains; preload",
        "Transfer-Encoding": "chunked",
        "x-content-type-options": "nosniff",
        "x-envoy-upstream-service-time": "67"
      },
      "ResponseBody": {
        "displayName": "AnalyzeOperationWithPHIDomain",
        "jobId": "33f97eb5-9568-463d-889c-3d428403bd08_637462656000000000",
        "lastUpdateDateTime": "2021-01-15T21:56:53Z",
        "createdDateTime": "2021-01-15T21:56:52Z",
        "expirationDateTime": "2021-01-16T21:56:52Z",
        "status": "running",
        "errors": [],
        "tasks": {
          "details": {
            "name": "AnalyzeOperationWithPHIDomain",
            "lastUpdateDateTime": "2021-01-15T21:56:53Z"
          },
          "completed": 0,
          "failed": 0,
          "inProgress": 1,
          "total": 1
        }
      }
    },
    {
      "RequestUri": "https://ta-s-westeurope.cognitiveservices.azure.com/text/analytics/v3.1-preview.3/analyze/jobs/33f97eb5-9568-463d-889c-3d428403bd08_637462656000000000?showStats=false",
      "RequestMethod": "GET",
      "RequestHeaders": {
        "Accept": "application/json, text/json",
        "Ocp-Apim-Subscription-Key": "Sanitized",
        "User-Agent": "azsdk-net-AI.TextAnalytics/5.1.0-alpha.20210115.1 (.NET Framework 4.8.4250.0; Microsoft Windows 10.0.19042 )",
        "x-ms-client-request-id": "4b5893388a040546f02e6635b94ea5e5",
        "x-ms-return-client-request-id": "true"
      },
      "RequestBody": null,
      "StatusCode": 200,
      "ResponseHeaders": {
        "apim-request-id": "e90dee10-234d-43ae-ba23-ad0699b9fe23",
        "Content-Type": "application/json; charset=utf-8",
        "Date": "Fri, 15 Jan 2021 21:57:07 GMT",
        "Strict-Transport-Security": "max-age=31536000; includeSubDomains; preload",
        "Transfer-Encoding": "chunked",
        "x-content-type-options": "nosniff",
        "x-envoy-upstream-service-time": "50"
      },
      "ResponseBody": {
        "displayName": "AnalyzeOperationWithPHIDomain",
        "jobId": "33f97eb5-9568-463d-889c-3d428403bd08_637462656000000000",
        "lastUpdateDateTime": "2021-01-15T21:56:53Z",
        "createdDateTime": "2021-01-15T21:56:52Z",
        "expirationDateTime": "2021-01-16T21:56:52Z",
        "status": "running",
        "errors": [],
        "tasks": {
          "details": {
            "name": "AnalyzeOperationWithPHIDomain",
            "lastUpdateDateTime": "2021-01-15T21:56:53Z"
          },
          "completed": 0,
          "failed": 0,
          "inProgress": 1,
          "total": 1
        }
      }
    },
    {
      "RequestUri": "https://ta-s-westeurope.cognitiveservices.azure.com/text/analytics/v3.1-preview.3/analyze/jobs/33f97eb5-9568-463d-889c-3d428403bd08_637462656000000000?showStats=false",
      "RequestMethod": "GET",
      "RequestHeaders": {
        "Accept": "application/json, text/json",
        "Ocp-Apim-Subscription-Key": "Sanitized",
        "User-Agent": "azsdk-net-AI.TextAnalytics/5.1.0-alpha.20210115.1 (.NET Framework 4.8.4250.0; Microsoft Windows 10.0.19042 )",
        "x-ms-client-request-id": "4d4166de2e4325b5754c9abcfc6f5de7",
        "x-ms-return-client-request-id": "true"
      },
      "RequestBody": null,
      "StatusCode": 200,
      "ResponseHeaders": {
        "apim-request-id": "9b62c674-19cf-41ab-8e6b-4e1052342565",
        "Content-Type": "application/json; charset=utf-8",
        "Date": "Fri, 15 Jan 2021 21:57:08 GMT",
        "Strict-Transport-Security": "max-age=31536000; includeSubDomains; preload",
        "Transfer-Encoding": "chunked",
        "x-content-type-options": "nosniff",
        "x-envoy-upstream-service-time": "53"
      },
      "ResponseBody": {
        "displayName": "AnalyzeOperationWithPHIDomain",
        "jobId": "33f97eb5-9568-463d-889c-3d428403bd08_637462656000000000",
        "lastUpdateDateTime": "2021-01-15T21:56:53Z",
        "createdDateTime": "2021-01-15T21:56:52Z",
        "expirationDateTime": "2021-01-16T21:56:52Z",
        "status": "running",
        "errors": [],
        "tasks": {
          "details": {
            "name": "AnalyzeOperationWithPHIDomain",
            "lastUpdateDateTime": "2021-01-15T21:56:53Z"
          },
          "completed": 0,
          "failed": 0,
          "inProgress": 1,
          "total": 1
        }
      }
    },
    {
      "RequestUri": "https://ta-s-westeurope.cognitiveservices.azure.com/text/analytics/v3.1-preview.3/analyze/jobs/33f97eb5-9568-463d-889c-3d428403bd08_637462656000000000?showStats=false",
      "RequestMethod": "GET",
      "RequestHeaders": {
        "Accept": "application/json, text/json",
        "Ocp-Apim-Subscription-Key": "Sanitized",
        "User-Agent": "azsdk-net-AI.TextAnalytics/5.1.0-alpha.20210115.1 (.NET Framework 4.8.4250.0; Microsoft Windows 10.0.19042 )",
        "x-ms-client-request-id": "41709625f784e8cb9b67476ed54f2b62",
        "x-ms-return-client-request-id": "true"
      },
      "RequestBody": null,
      "StatusCode": 200,
      "ResponseHeaders": {
        "apim-request-id": "978597ce-27e2-474a-a698-b47e4039edf9",
        "Content-Type": "application/json; charset=utf-8",
        "Date": "Fri, 15 Jan 2021 21:57:09 GMT",
        "Strict-Transport-Security": "max-age=31536000; includeSubDomains; preload",
        "Transfer-Encoding": "chunked",
        "x-content-type-options": "nosniff",
        "x-envoy-upstream-service-time": "74"
      },
      "ResponseBody": {
        "displayName": "AnalyzeOperationWithPHIDomain",
        "jobId": "33f97eb5-9568-463d-889c-3d428403bd08_637462656000000000",
        "lastUpdateDateTime": "2021-01-15T21:56:53Z",
        "createdDateTime": "2021-01-15T21:56:52Z",
        "expirationDateTime": "2021-01-16T21:56:52Z",
        "status": "running",
        "errors": [],
        "tasks": {
          "details": {
            "name": "AnalyzeOperationWithPHIDomain",
            "lastUpdateDateTime": "2021-01-15T21:56:53Z"
          },
          "completed": 0,
          "failed": 0,
          "inProgress": 1,
          "total": 1
        }
      }
    },
    {
      "RequestUri": "https://ta-s-westeurope.cognitiveservices.azure.com/text/analytics/v3.1-preview.3/analyze/jobs/33f97eb5-9568-463d-889c-3d428403bd08_637462656000000000?showStats=false",
      "RequestMethod": "GET",
      "RequestHeaders": {
        "Accept": "application/json, text/json",
        "Ocp-Apim-Subscription-Key": "Sanitized",
        "User-Agent": "azsdk-net-AI.TextAnalytics/5.1.0-alpha.20210115.1 (.NET Framework 4.8.4250.0; Microsoft Windows 10.0.19042 )",
        "x-ms-client-request-id": "921aaa803bed0a6edd33d6b7ef8a0880",
        "x-ms-return-client-request-id": "true"
      },
      "RequestBody": null,
      "StatusCode": 200,
      "ResponseHeaders": {
        "apim-request-id": "493bc56c-4c89-4f40-95df-3c13056ccfad",
        "Content-Type": "application/json; charset=utf-8",
        "Date": "Fri, 15 Jan 2021 21:57:10 GMT",
        "Strict-Transport-Security": "max-age=31536000; includeSubDomains; preload",
        "Transfer-Encoding": "chunked",
        "x-content-type-options": "nosniff",
        "x-envoy-upstream-service-time": "56"
      },
      "ResponseBody": {
        "displayName": "AnalyzeOperationWithPHIDomain",
        "jobId": "33f97eb5-9568-463d-889c-3d428403bd08_637462656000000000",
        "lastUpdateDateTime": "2021-01-15T21:56:53Z",
        "createdDateTime": "2021-01-15T21:56:52Z",
        "expirationDateTime": "2021-01-16T21:56:52Z",
        "status": "running",
        "errors": [],
        "tasks": {
          "details": {
            "name": "AnalyzeOperationWithPHIDomain",
            "lastUpdateDateTime": "2021-01-15T21:56:53Z"
          },
          "completed": 0,
          "failed": 0,
          "inProgress": 1,
          "total": 1
        }
      }
    },
    {
      "RequestUri": "https://ta-s-westeurope.cognitiveservices.azure.com/text/analytics/v3.1-preview.3/analyze/jobs/33f97eb5-9568-463d-889c-3d428403bd08_637462656000000000?showStats=false",
      "RequestMethod": "GET",
      "RequestHeaders": {
        "Accept": "application/json, text/json",
        "Ocp-Apim-Subscription-Key": "Sanitized",
        "User-Agent": "azsdk-net-AI.TextAnalytics/5.1.0-alpha.20210115.1 (.NET Framework 4.8.4250.0; Microsoft Windows 10.0.19042 )",
        "x-ms-client-request-id": "220f7ed163dee7609b59b2dbe6464f25",
        "x-ms-return-client-request-id": "true"
      },
      "RequestBody": null,
      "StatusCode": 200,
      "ResponseHeaders": {
        "apim-request-id": "1a2df2b5-be87-4d84-b269-ca7367ef3994",
        "Content-Type": "application/json; charset=utf-8",
        "Date": "Fri, 15 Jan 2021 21:57:12 GMT",
        "Strict-Transport-Security": "max-age=31536000; includeSubDomains; preload",
        "Transfer-Encoding": "chunked",
        "x-content-type-options": "nosniff",
        "x-envoy-upstream-service-time": "70"
      },
      "ResponseBody": {
        "displayName": "AnalyzeOperationWithPHIDomain",
        "jobId": "33f97eb5-9568-463d-889c-3d428403bd08_637462656000000000",
        "lastUpdateDateTime": "2021-01-15T21:56:53Z",
        "createdDateTime": "2021-01-15T21:56:52Z",
        "expirationDateTime": "2021-01-16T21:56:52Z",
        "status": "running",
        "errors": [],
        "tasks": {
          "details": {
            "name": "AnalyzeOperationWithPHIDomain",
            "lastUpdateDateTime": "2021-01-15T21:56:53Z"
          },
          "completed": 0,
          "failed": 0,
          "inProgress": 1,
          "total": 1
        }
      }
    },
    {
      "RequestUri": "https://ta-s-westeurope.cognitiveservices.azure.com/text/analytics/v3.1-preview.3/analyze/jobs/33f97eb5-9568-463d-889c-3d428403bd08_637462656000000000?showStats=false",
      "RequestMethod": "GET",
      "RequestHeaders": {
        "Accept": "application/json, text/json",
        "Ocp-Apim-Subscription-Key": "Sanitized",
        "User-Agent": "azsdk-net-AI.TextAnalytics/5.1.0-alpha.20210115.1 (.NET Framework 4.8.4250.0; Microsoft Windows 10.0.19042 )",
        "x-ms-client-request-id": "513b3721cb55eafa286564512013f810",
        "x-ms-return-client-request-id": "true"
      },
      "RequestBody": null,
      "StatusCode": 200,
      "ResponseHeaders": {
        "apim-request-id": "88e02120-0798-4572-ae9d-9478999c94cc",
        "Content-Type": "application/json; charset=utf-8",
        "Date": "Fri, 15 Jan 2021 21:57:13 GMT",
        "Strict-Transport-Security": "max-age=31536000; includeSubDomains; preload",
        "Transfer-Encoding": "chunked",
        "x-content-type-options": "nosniff",
        "x-envoy-upstream-service-time": "60"
      },
      "ResponseBody": {
        "displayName": "AnalyzeOperationWithPHIDomain",
        "jobId": "33f97eb5-9568-463d-889c-3d428403bd08_637462656000000000",
        "lastUpdateDateTime": "2021-01-15T21:56:53Z",
        "createdDateTime": "2021-01-15T21:56:52Z",
        "expirationDateTime": "2021-01-16T21:56:52Z",
        "status": "running",
        "errors": [],
        "tasks": {
          "details": {
            "name": "AnalyzeOperationWithPHIDomain",
            "lastUpdateDateTime": "2021-01-15T21:56:53Z"
          },
          "completed": 0,
          "failed": 0,
          "inProgress": 1,
          "total": 1
        }
      }
    },
    {
      "RequestUri": "https://ta-s-westeurope.cognitiveservices.azure.com/text/analytics/v3.1-preview.3/analyze/jobs/33f97eb5-9568-463d-889c-3d428403bd08_637462656000000000?showStats=false",
      "RequestMethod": "GET",
      "RequestHeaders": {
        "Accept": "application/json, text/json",
        "Ocp-Apim-Subscription-Key": "Sanitized",
        "User-Agent": "azsdk-net-AI.TextAnalytics/5.1.0-alpha.20210115.1 (.NET Framework 4.8.4250.0; Microsoft Windows 10.0.19042 )",
        "x-ms-client-request-id": "569dc65e083f1d844a33f69389922497",
        "x-ms-return-client-request-id": "true"
      },
      "RequestBody": null,
      "StatusCode": 200,
      "ResponseHeaders": {
        "apim-request-id": "408921e8-2751-4d92-a555-a450709927e4",
        "Content-Type": "application/json; charset=utf-8",
        "Date": "Fri, 15 Jan 2021 21:57:14 GMT",
        "Strict-Transport-Security": "max-age=31536000; includeSubDomains; preload",
        "Transfer-Encoding": "chunked",
        "x-content-type-options": "nosniff",
        "x-envoy-upstream-service-time": "52"
      },
      "ResponseBody": {
        "displayName": "AnalyzeOperationWithPHIDomain",
        "jobId": "33f97eb5-9568-463d-889c-3d428403bd08_637462656000000000",
        "lastUpdateDateTime": "2021-01-15T21:56:53Z",
        "createdDateTime": "2021-01-15T21:56:52Z",
        "expirationDateTime": "2021-01-16T21:56:52Z",
        "status": "running",
        "errors": [],
        "tasks": {
          "details": {
            "name": "AnalyzeOperationWithPHIDomain",
            "lastUpdateDateTime": "2021-01-15T21:56:53Z"
          },
          "completed": 0,
          "failed": 0,
          "inProgress": 1,
          "total": 1
        }
      }
    },
    {
      "RequestUri": "https://ta-s-westeurope.cognitiveservices.azure.com/text/analytics/v3.1-preview.3/analyze/jobs/33f97eb5-9568-463d-889c-3d428403bd08_637462656000000000?showStats=false",
      "RequestMethod": "GET",
      "RequestHeaders": {
        "Accept": "application/json, text/json",
        "Ocp-Apim-Subscription-Key": "Sanitized",
        "User-Agent": "azsdk-net-AI.TextAnalytics/5.1.0-alpha.20210115.1 (.NET Framework 4.8.4250.0; Microsoft Windows 10.0.19042 )",
        "x-ms-client-request-id": "b795b0e3b74e062b8425fa78ff0fc687",
        "x-ms-return-client-request-id": "true"
      },
      "RequestBody": null,
      "StatusCode": 200,
      "ResponseHeaders": {
        "apim-request-id": "566e50b7-9f9c-4dcb-ac32-bb7d65a53d94",
        "Content-Type": "application/json; charset=utf-8",
        "Date": "Fri, 15 Jan 2021 21:57:15 GMT",
        "Strict-Transport-Security": "max-age=31536000; includeSubDomains; preload",
        "Transfer-Encoding": "chunked",
        "x-content-type-options": "nosniff",
        "x-envoy-upstream-service-time": "86"
      },
      "ResponseBody": {
        "displayName": "AnalyzeOperationWithPHIDomain",
        "jobId": "33f97eb5-9568-463d-889c-3d428403bd08_637462656000000000",
        "lastUpdateDateTime": "2021-01-15T21:56:53Z",
        "createdDateTime": "2021-01-15T21:56:52Z",
        "expirationDateTime": "2021-01-16T21:56:52Z",
        "status": "running",
        "errors": [],
        "tasks": {
          "details": {
            "name": "AnalyzeOperationWithPHIDomain",
            "lastUpdateDateTime": "2021-01-15T21:56:53Z"
          },
          "completed": 0,
          "failed": 0,
          "inProgress": 1,
          "total": 1
        }
      }
    },
    {
      "RequestUri": "https://ta-s-westeurope.cognitiveservices.azure.com/text/analytics/v3.1-preview.3/analyze/jobs/33f97eb5-9568-463d-889c-3d428403bd08_637462656000000000?showStats=false",
      "RequestMethod": "GET",
      "RequestHeaders": {
        "Accept": "application/json, text/json",
        "Ocp-Apim-Subscription-Key": "Sanitized",
        "User-Agent": "azsdk-net-AI.TextAnalytics/5.1.0-alpha.20210115.1 (.NET Framework 4.8.4250.0; Microsoft Windows 10.0.19042 )",
        "x-ms-client-request-id": "1f7da160f8a919e6b31e0721d4676096",
        "x-ms-return-client-request-id": "true"
      },
      "RequestBody": null,
      "StatusCode": 200,
      "ResponseHeaders": {
        "apim-request-id": "fcef7bd7-dfaa-4aef-85b1-c1385957e76c",
        "Content-Type": "application/json; charset=utf-8",
        "Date": "Fri, 15 Jan 2021 21:57:17 GMT",
        "Strict-Transport-Security": "max-age=31536000; includeSubDomains; preload",
        "Transfer-Encoding": "chunked",
        "x-content-type-options": "nosniff",
        "x-envoy-upstream-service-time": "49"
      },
      "ResponseBody": {
        "displayName": "AnalyzeOperationWithPHIDomain",
        "jobId": "33f97eb5-9568-463d-889c-3d428403bd08_637462656000000000",
        "lastUpdateDateTime": "2021-01-15T21:56:53Z",
        "createdDateTime": "2021-01-15T21:56:52Z",
        "expirationDateTime": "2021-01-16T21:56:52Z",
        "status": "running",
        "errors": [],
        "tasks": {
          "details": {
            "name": "AnalyzeOperationWithPHIDomain",
            "lastUpdateDateTime": "2021-01-15T21:56:53Z"
          },
          "completed": 0,
          "failed": 0,
          "inProgress": 1,
          "total": 1
        }
      }
    },
    {
      "RequestUri": "https://ta-s-westeurope.cognitiveservices.azure.com/text/analytics/v3.1-preview.3/analyze/jobs/33f97eb5-9568-463d-889c-3d428403bd08_637462656000000000?showStats=false",
      "RequestMethod": "GET",
      "RequestHeaders": {
        "Accept": "application/json, text/json",
        "Ocp-Apim-Subscription-Key": "Sanitized",
        "User-Agent": "azsdk-net-AI.TextAnalytics/5.1.0-alpha.20210115.1 (.NET Framework 4.8.4250.0; Microsoft Windows 10.0.19042 )",
        "x-ms-client-request-id": "706dcc41417da7c29b97d2190d0c1e3a",
        "x-ms-return-client-request-id": "true"
      },
      "RequestBody": null,
      "StatusCode": 200,
      "ResponseHeaders": {
        "apim-request-id": "246c3c9b-ee8d-42fc-9e25-03b75b488382",
        "Content-Type": "application/json; charset=utf-8",
        "Date": "Fri, 15 Jan 2021 21:57:18 GMT",
        "Strict-Transport-Security": "max-age=31536000; includeSubDomains; preload",
        "Transfer-Encoding": "chunked",
        "x-content-type-options": "nosniff",
        "x-envoy-upstream-service-time": "44"
      },
      "ResponseBody": {
        "displayName": "AnalyzeOperationWithPHIDomain",
        "jobId": "33f97eb5-9568-463d-889c-3d428403bd08_637462656000000000",
        "lastUpdateDateTime": "2021-01-15T21:56:53Z",
        "createdDateTime": "2021-01-15T21:56:52Z",
        "expirationDateTime": "2021-01-16T21:56:52Z",
        "status": "running",
        "errors": [],
        "tasks": {
          "details": {
            "name": "AnalyzeOperationWithPHIDomain",
            "lastUpdateDateTime": "2021-01-15T21:56:53Z"
          },
          "completed": 0,
          "failed": 0,
          "inProgress": 1,
          "total": 1
        }
      }
    },
    {
      "RequestUri": "https://ta-s-westeurope.cognitiveservices.azure.com/text/analytics/v3.1-preview.3/analyze/jobs/33f97eb5-9568-463d-889c-3d428403bd08_637462656000000000?showStats=false",
      "RequestMethod": "GET",
      "RequestHeaders": {
        "Accept": "application/json, text/json",
        "Ocp-Apim-Subscription-Key": "Sanitized",
        "User-Agent": "azsdk-net-AI.TextAnalytics/5.1.0-alpha.20210115.1 (.NET Framework 4.8.4250.0; Microsoft Windows 10.0.19042 )",
        "x-ms-client-request-id": "e8326f6d0514ebedca7c0430af09311d",
        "x-ms-return-client-request-id": "true"
      },
      "RequestBody": null,
      "StatusCode": 200,
      "ResponseHeaders": {
        "apim-request-id": "9236aa17-cc99-4833-99db-ee348aaf8fd7",
        "Content-Type": "application/json; charset=utf-8",
        "Date": "Fri, 15 Jan 2021 21:57:19 GMT",
        "Strict-Transport-Security": "max-age=31536000; includeSubDomains; preload",
        "Transfer-Encoding": "chunked",
        "x-content-type-options": "nosniff",
        "x-envoy-upstream-service-time": "48"
      },
      "ResponseBody": {
        "displayName": "AnalyzeOperationWithPHIDomain",
        "jobId": "33f97eb5-9568-463d-889c-3d428403bd08_637462656000000000",
        "lastUpdateDateTime": "2021-01-15T21:56:53Z",
        "createdDateTime": "2021-01-15T21:56:52Z",
        "expirationDateTime": "2021-01-16T21:56:52Z",
        "status": "running",
        "errors": [],
        "tasks": {
          "details": {
            "name": "AnalyzeOperationWithPHIDomain",
            "lastUpdateDateTime": "2021-01-15T21:56:53Z"
          },
          "completed": 0,
          "failed": 0,
          "inProgress": 1,
          "total": 1
        }
      }
    },
    {
      "RequestUri": "https://ta-s-westeurope.cognitiveservices.azure.com/text/analytics/v3.1-preview.3/analyze/jobs/33f97eb5-9568-463d-889c-3d428403bd08_637462656000000000?showStats=false",
      "RequestMethod": "GET",
      "RequestHeaders": {
        "Accept": "application/json, text/json",
        "Ocp-Apim-Subscription-Key": "Sanitized",
        "User-Agent": "azsdk-net-AI.TextAnalytics/5.1.0-alpha.20210115.1 (.NET Framework 4.8.4250.0; Microsoft Windows 10.0.19042 )",
        "x-ms-client-request-id": "323763c556a21f09ded5841225cc0ba7",
        "x-ms-return-client-request-id": "true"
      },
      "RequestBody": null,
      "StatusCode": 200,
      "ResponseHeaders": {
        "apim-request-id": "8b61ab14-5422-4b2c-ba9c-27cc3ca77890",
        "Content-Type": "application/json; charset=utf-8",
        "Date": "Fri, 15 Jan 2021 21:57:20 GMT",
        "Strict-Transport-Security": "max-age=31536000; includeSubDomains; preload",
        "Transfer-Encoding": "chunked",
        "x-content-type-options": "nosniff",
        "x-envoy-upstream-service-time": "47"
      },
      "ResponseBody": {
        "displayName": "AnalyzeOperationWithPHIDomain",
        "jobId": "33f97eb5-9568-463d-889c-3d428403bd08_637462656000000000",
        "lastUpdateDateTime": "2021-01-15T21:56:53Z",
        "createdDateTime": "2021-01-15T21:56:52Z",
        "expirationDateTime": "2021-01-16T21:56:52Z",
        "status": "running",
        "errors": [],
        "tasks": {
          "details": {
            "name": "AnalyzeOperationWithPHIDomain",
            "lastUpdateDateTime": "2021-01-15T21:56:53Z"
          },
          "completed": 0,
          "failed": 0,
          "inProgress": 1,
          "total": 1
        }
      }
    },
    {
      "RequestUri": "https://ta-s-westeurope.cognitiveservices.azure.com/text/analytics/v3.1-preview.3/analyze/jobs/33f97eb5-9568-463d-889c-3d428403bd08_637462656000000000?showStats=false",
      "RequestMethod": "GET",
      "RequestHeaders": {
        "Accept": "application/json, text/json",
        "Ocp-Apim-Subscription-Key": "Sanitized",
        "User-Agent": "azsdk-net-AI.TextAnalytics/5.1.0-alpha.20210115.1 (.NET Framework 4.8.4250.0; Microsoft Windows 10.0.19042 )",
        "x-ms-client-request-id": "64b4cdff78343c81df81a6013c91f891",
        "x-ms-return-client-request-id": "true"
      },
      "RequestBody": null,
      "StatusCode": 200,
      "ResponseHeaders": {
        "apim-request-id": "5934504e-4a5b-48b1-a106-f1db031f245f",
        "Content-Type": "application/json; charset=utf-8",
        "Date": "Fri, 15 Jan 2021 21:57:21 GMT",
        "Strict-Transport-Security": "max-age=31536000; includeSubDomains; preload",
        "Transfer-Encoding": "chunked",
        "x-content-type-options": "nosniff",
        "x-envoy-upstream-service-time": "44"
      },
      "ResponseBody": {
        "displayName": "AnalyzeOperationWithPHIDomain",
        "jobId": "33f97eb5-9568-463d-889c-3d428403bd08_637462656000000000",
        "lastUpdateDateTime": "2021-01-15T21:56:53Z",
        "createdDateTime": "2021-01-15T21:56:52Z",
        "expirationDateTime": "2021-01-16T21:56:52Z",
        "status": "running",
        "errors": [],
        "tasks": {
          "details": {
            "name": "AnalyzeOperationWithPHIDomain",
            "lastUpdateDateTime": "2021-01-15T21:56:53Z"
          },
          "completed": 0,
          "failed": 0,
          "inProgress": 1,
          "total": 1
        }
      }
    },
    {
      "RequestUri": "https://ta-s-westeurope.cognitiveservices.azure.com/text/analytics/v3.1-preview.3/analyze/jobs/33f97eb5-9568-463d-889c-3d428403bd08_637462656000000000?showStats=false",
      "RequestMethod": "GET",
      "RequestHeaders": {
        "Accept": "application/json, text/json",
        "Ocp-Apim-Subscription-Key": "Sanitized",
        "User-Agent": "azsdk-net-AI.TextAnalytics/5.1.0-alpha.20210115.1 (.NET Framework 4.8.4250.0; Microsoft Windows 10.0.19042 )",
        "x-ms-client-request-id": "aa54b565ecd417976513093e80dbc5fd",
        "x-ms-return-client-request-id": "true"
      },
      "RequestBody": null,
      "StatusCode": 200,
      "ResponseHeaders": {
        "apim-request-id": "b5ec5cf7-e352-4c03-ab94-c08c429ebb26",
        "Content-Type": "application/json; charset=utf-8",
        "Date": "Fri, 15 Jan 2021 21:57:23 GMT",
        "Strict-Transport-Security": "max-age=31536000; includeSubDomains; preload",
        "Transfer-Encoding": "chunked",
        "x-content-type-options": "nosniff",
        "x-envoy-upstream-service-time": "74"
      },
      "ResponseBody": {
        "displayName": "AnalyzeOperationWithPHIDomain",
        "jobId": "33f97eb5-9568-463d-889c-3d428403bd08_637462656000000000",
        "lastUpdateDateTime": "2021-01-15T21:56:53Z",
        "createdDateTime": "2021-01-15T21:56:52Z",
        "expirationDateTime": "2021-01-16T21:56:52Z",
        "status": "running",
        "errors": [],
        "tasks": {
          "details": {
            "name": "AnalyzeOperationWithPHIDomain",
            "lastUpdateDateTime": "2021-01-15T21:56:53Z"
          },
          "completed": 0,
          "failed": 0,
          "inProgress": 1,
          "total": 1
        }
      }
    },
    {
      "RequestUri": "https://ta-s-westeurope.cognitiveservices.azure.com/text/analytics/v3.1-preview.3/analyze/jobs/33f97eb5-9568-463d-889c-3d428403bd08_637462656000000000?showStats=false",
      "RequestMethod": "GET",
      "RequestHeaders": {
        "Accept": "application/json, text/json",
        "Ocp-Apim-Subscription-Key": "Sanitized",
        "User-Agent": "azsdk-net-AI.TextAnalytics/5.1.0-alpha.20210115.1 (.NET Framework 4.8.4250.0; Microsoft Windows 10.0.19042 )",
        "x-ms-client-request-id": "e2305d70cc544ce8e2fa5220af07e24c",
        "x-ms-return-client-request-id": "true"
      },
      "RequestBody": null,
      "StatusCode": 200,
      "ResponseHeaders": {
        "apim-request-id": "b5b0b1d4-93df-4e4d-b3f7-001b4b97d49c",
        "Content-Type": "application/json; charset=utf-8",
        "Date": "Fri, 15 Jan 2021 21:57:24 GMT",
        "Strict-Transport-Security": "max-age=31536000; includeSubDomains; preload",
        "Transfer-Encoding": "chunked",
        "x-content-type-options": "nosniff",
        "x-envoy-upstream-service-time": "35"
      },
      "ResponseBody": {
        "displayName": "AnalyzeOperationWithPHIDomain",
        "jobId": "33f97eb5-9568-463d-889c-3d428403bd08_637462656000000000",
        "lastUpdateDateTime": "2021-01-15T21:56:53Z",
        "createdDateTime": "2021-01-15T21:56:52Z",
        "expirationDateTime": "2021-01-16T21:56:52Z",
        "status": "running",
        "errors": [],
        "tasks": {
          "details": {
            "name": "AnalyzeOperationWithPHIDomain",
            "lastUpdateDateTime": "2021-01-15T21:56:53Z"
          },
          "completed": 0,
          "failed": 0,
          "inProgress": 1,
          "total": 1
        }
      }
    },
    {
      "RequestUri": "https://ta-s-westeurope.cognitiveservices.azure.com/text/analytics/v3.1-preview.3/analyze/jobs/33f97eb5-9568-463d-889c-3d428403bd08_637462656000000000?showStats=false",
      "RequestMethod": "GET",
      "RequestHeaders": {
        "Accept": "application/json, text/json",
        "Ocp-Apim-Subscription-Key": "Sanitized",
        "User-Agent": "azsdk-net-AI.TextAnalytics/5.1.0-alpha.20210115.1 (.NET Framework 4.8.4250.0; Microsoft Windows 10.0.19042 )",
        "x-ms-client-request-id": "70acf2dd617813d2359dff216e43bb04",
        "x-ms-return-client-request-id": "true"
      },
      "RequestBody": null,
      "StatusCode": 200,
      "ResponseHeaders": {
        "apim-request-id": "838b3178-a105-48c1-84fe-6d121e799843",
        "Content-Type": "application/json; charset=utf-8",
        "Date": "Fri, 15 Jan 2021 21:57:25 GMT",
        "Strict-Transport-Security": "max-age=31536000; includeSubDomains; preload",
        "Transfer-Encoding": "chunked",
        "x-content-type-options": "nosniff",
        "x-envoy-upstream-service-time": "63"
      },
      "ResponseBody": {
        "displayName": "AnalyzeOperationWithPHIDomain",
        "jobId": "33f97eb5-9568-463d-889c-3d428403bd08_637462656000000000",
        "lastUpdateDateTime": "2021-01-15T21:56:53Z",
        "createdDateTime": "2021-01-15T21:56:52Z",
        "expirationDateTime": "2021-01-16T21:56:52Z",
        "status": "running",
        "errors": [],
        "tasks": {
          "details": {
            "name": "AnalyzeOperationWithPHIDomain",
            "lastUpdateDateTime": "2021-01-15T21:56:53Z"
          },
          "completed": 0,
          "failed": 0,
          "inProgress": 1,
          "total": 1
        }
      }
    },
    {
      "RequestUri": "https://ta-s-westeurope.cognitiveservices.azure.com/text/analytics/v3.1-preview.3/analyze/jobs/33f97eb5-9568-463d-889c-3d428403bd08_637462656000000000?showStats=false",
      "RequestMethod": "GET",
      "RequestHeaders": {
        "Accept": "application/json, text/json",
        "Ocp-Apim-Subscription-Key": "Sanitized",
        "User-Agent": "azsdk-net-AI.TextAnalytics/5.1.0-alpha.20210115.1 (.NET Framework 4.8.4250.0; Microsoft Windows 10.0.19042 )",
        "x-ms-client-request-id": "df91a9bb1561983ccc07c8da9977675d",
        "x-ms-return-client-request-id": "true"
      },
      "RequestBody": null,
      "StatusCode": 200,
      "ResponseHeaders": {
        "apim-request-id": "90c9b226-f671-4675-b469-5b2a0b875593",
        "Content-Type": "application/json; charset=utf-8",
        "Date": "Fri, 15 Jan 2021 21:57:26 GMT",
        "Strict-Transport-Security": "max-age=31536000; includeSubDomains; preload",
        "Transfer-Encoding": "chunked",
        "x-content-type-options": "nosniff",
        "x-envoy-upstream-service-time": "44"
      },
      "ResponseBody": {
        "displayName": "AnalyzeOperationWithPHIDomain",
        "jobId": "33f97eb5-9568-463d-889c-3d428403bd08_637462656000000000",
        "lastUpdateDateTime": "2021-01-15T21:56:53Z",
        "createdDateTime": "2021-01-15T21:56:52Z",
        "expirationDateTime": "2021-01-16T21:56:52Z",
        "status": "running",
        "errors": [],
        "tasks": {
          "details": {
            "name": "AnalyzeOperationWithPHIDomain",
            "lastUpdateDateTime": "2021-01-15T21:56:53Z"
          },
          "completed": 0,
          "failed": 0,
          "inProgress": 1,
          "total": 1
        }
      }
    },
    {
      "RequestUri": "https://ta-s-westeurope.cognitiveservices.azure.com/text/analytics/v3.1-preview.3/analyze/jobs/33f97eb5-9568-463d-889c-3d428403bd08_637462656000000000?showStats=false",
      "RequestMethod": "GET",
      "RequestHeaders": {
        "Accept": "application/json, text/json",
        "Ocp-Apim-Subscription-Key": "Sanitized",
        "User-Agent": "azsdk-net-AI.TextAnalytics/5.1.0-alpha.20210115.1 (.NET Framework 4.8.4250.0; Microsoft Windows 10.0.19042 )",
        "x-ms-client-request-id": "8e60bc30552e0e848b1cacb7cdc7dd9f",
        "x-ms-return-client-request-id": "true"
      },
      "RequestBody": null,
      "StatusCode": 200,
      "ResponseHeaders": {
        "apim-request-id": "42a2e4d9-545f-40f3-86d4-fec305461343",
        "Content-Type": "application/json; charset=utf-8",
        "Date": "Fri, 15 Jan 2021 21:57:27 GMT",
        "Strict-Transport-Security": "max-age=31536000; includeSubDomains; preload",
        "Transfer-Encoding": "chunked",
        "x-content-type-options": "nosniff",
        "x-envoy-upstream-service-time": "61"
      },
      "ResponseBody": {
        "displayName": "AnalyzeOperationWithPHIDomain",
        "jobId": "33f97eb5-9568-463d-889c-3d428403bd08_637462656000000000",
        "lastUpdateDateTime": "2021-01-15T21:56:53Z",
        "createdDateTime": "2021-01-15T21:56:52Z",
        "expirationDateTime": "2021-01-16T21:56:52Z",
        "status": "running",
        "errors": [],
        "tasks": {
          "details": {
            "name": "AnalyzeOperationWithPHIDomain",
            "lastUpdateDateTime": "2021-01-15T21:56:53Z"
          },
          "completed": 0,
          "failed": 0,
          "inProgress": 1,
          "total": 1
        }
      }
    },
    {
      "RequestUri": "https://ta-s-westeurope.cognitiveservices.azure.com/text/analytics/v3.1-preview.3/analyze/jobs/33f97eb5-9568-463d-889c-3d428403bd08_637462656000000000?showStats=false",
      "RequestMethod": "GET",
      "RequestHeaders": {
        "Accept": "application/json, text/json",
        "Ocp-Apim-Subscription-Key": "Sanitized",
        "User-Agent": "azsdk-net-AI.TextAnalytics/5.1.0-alpha.20210115.1 (.NET Framework 4.8.4250.0; Microsoft Windows 10.0.19042 )",
        "x-ms-client-request-id": "06654e3f0376c7ebb614a37099f87abe",
        "x-ms-return-client-request-id": "true"
      },
      "RequestBody": null,
      "StatusCode": 200,
      "ResponseHeaders": {
        "apim-request-id": "d75b3a36-4a02-47fe-843c-d58536b3c29e",
        "Content-Type": "application/json; charset=utf-8",
        "Date": "Fri, 15 Jan 2021 21:57:29 GMT",
        "Strict-Transport-Security": "max-age=31536000; includeSubDomains; preload",
        "Transfer-Encoding": "chunked",
        "x-content-type-options": "nosniff",
        "x-envoy-upstream-service-time": "59"
      },
      "ResponseBody": {
        "displayName": "AnalyzeOperationWithPHIDomain",
        "jobId": "33f97eb5-9568-463d-889c-3d428403bd08_637462656000000000",
        "lastUpdateDateTime": "2021-01-15T21:56:53Z",
        "createdDateTime": "2021-01-15T21:56:52Z",
        "expirationDateTime": "2021-01-16T21:56:52Z",
        "status": "running",
        "errors": [],
        "tasks": {
          "details": {
            "name": "AnalyzeOperationWithPHIDomain",
            "lastUpdateDateTime": "2021-01-15T21:56:53Z"
          },
          "completed": 0,
          "failed": 0,
          "inProgress": 1,
          "total": 1
        }
      }
    },
    {
      "RequestUri": "https://ta-s-westeurope.cognitiveservices.azure.com/text/analytics/v3.1-preview.3/analyze/jobs/33f97eb5-9568-463d-889c-3d428403bd08_637462656000000000?showStats=false",
      "RequestMethod": "GET",
      "RequestHeaders": {
        "Accept": "application/json, text/json",
        "Ocp-Apim-Subscription-Key": "Sanitized",
        "User-Agent": "azsdk-net-AI.TextAnalytics/5.1.0-alpha.20210115.1 (.NET Framework 4.8.4250.0; Microsoft Windows 10.0.19042 )",
        "x-ms-client-request-id": "b2f0a1362de265d5248254446985cb04",
        "x-ms-return-client-request-id": "true"
      },
      "RequestBody": null,
      "StatusCode": 200,
      "ResponseHeaders": {
        "apim-request-id": "7e93e9d2-af19-4ab9-9a49-f35ad1d05b71",
        "Content-Type": "application/json; charset=utf-8",
        "Date": "Fri, 15 Jan 2021 21:57:30 GMT",
        "Strict-Transport-Security": "max-age=31536000; includeSubDomains; preload",
        "Transfer-Encoding": "chunked",
        "x-content-type-options": "nosniff",
        "x-envoy-upstream-service-time": "64"
      },
      "ResponseBody": {
        "displayName": "AnalyzeOperationWithPHIDomain",
        "jobId": "33f97eb5-9568-463d-889c-3d428403bd08_637462656000000000",
        "lastUpdateDateTime": "2021-01-15T21:56:53Z",
        "createdDateTime": "2021-01-15T21:56:52Z",
        "expirationDateTime": "2021-01-16T21:56:52Z",
        "status": "running",
        "errors": [],
        "tasks": {
          "details": {
            "name": "AnalyzeOperationWithPHIDomain",
            "lastUpdateDateTime": "2021-01-15T21:56:53Z"
          },
          "completed": 0,
          "failed": 0,
          "inProgress": 1,
          "total": 1
        }
      }
    },
    {
      "RequestUri": "https://ta-s-westeurope.cognitiveservices.azure.com/text/analytics/v3.1-preview.3/analyze/jobs/33f97eb5-9568-463d-889c-3d428403bd08_637462656000000000?showStats=false",
      "RequestMethod": "GET",
      "RequestHeaders": {
        "Accept": "application/json, text/json",
        "Ocp-Apim-Subscription-Key": "Sanitized",
        "User-Agent": "azsdk-net-AI.TextAnalytics/5.1.0-alpha.20210115.1 (.NET Framework 4.8.4250.0; Microsoft Windows 10.0.19042 )",
        "x-ms-client-request-id": "4a9a282a60112de7d198d81ab1147592",
        "x-ms-return-client-request-id": "true"
      },
      "RequestBody": null,
      "StatusCode": 200,
      "ResponseHeaders": {
        "apim-request-id": "c305c783-6db6-4e12-ae62-392cf8dc5210",
        "Content-Type": "application/json; charset=utf-8",
        "Date": "Fri, 15 Jan 2021 21:57:31 GMT",
        "Strict-Transport-Security": "max-age=31536000; includeSubDomains; preload",
        "Transfer-Encoding": "chunked",
        "x-content-type-options": "nosniff",
        "x-envoy-upstream-service-time": "37"
      },
      "ResponseBody": {
        "displayName": "AnalyzeOperationWithPHIDomain",
        "jobId": "33f97eb5-9568-463d-889c-3d428403bd08_637462656000000000",
        "lastUpdateDateTime": "2021-01-15T21:56:53Z",
        "createdDateTime": "2021-01-15T21:56:52Z",
        "expirationDateTime": "2021-01-16T21:56:52Z",
        "status": "running",
        "errors": [],
        "tasks": {
          "details": {
            "name": "AnalyzeOperationWithPHIDomain",
            "lastUpdateDateTime": "2021-01-15T21:56:53Z"
          },
          "completed": 0,
          "failed": 0,
          "inProgress": 1,
          "total": 1
        }
      }
    },
    {
      "RequestUri": "https://ta-s-westeurope.cognitiveservices.azure.com/text/analytics/v3.1-preview.3/analyze/jobs/33f97eb5-9568-463d-889c-3d428403bd08_637462656000000000?showStats=false",
      "RequestMethod": "GET",
      "RequestHeaders": {
        "Accept": "application/json, text/json",
        "Ocp-Apim-Subscription-Key": "Sanitized",
        "User-Agent": "azsdk-net-AI.TextAnalytics/5.1.0-alpha.20210115.1 (.NET Framework 4.8.4250.0; Microsoft Windows 10.0.19042 )",
        "x-ms-client-request-id": "2b80eea22bd612bc78ffe2f3aea65e30",
        "x-ms-return-client-request-id": "true"
      },
      "RequestBody": null,
      "StatusCode": 200,
      "ResponseHeaders": {
        "apim-request-id": "d41ea1db-b1fe-4468-a9ea-a264bcaf5548",
        "Content-Type": "application/json; charset=utf-8",
        "Date": "Fri, 15 Jan 2021 21:57:32 GMT",
        "Strict-Transport-Security": "max-age=31536000; includeSubDomains; preload",
        "Transfer-Encoding": "chunked",
        "x-content-type-options": "nosniff",
        "x-envoy-upstream-service-time": "51"
      },
      "ResponseBody": {
        "displayName": "AnalyzeOperationWithPHIDomain",
        "jobId": "33f97eb5-9568-463d-889c-3d428403bd08_637462656000000000",
        "lastUpdateDateTime": "2021-01-15T21:56:53Z",
        "createdDateTime": "2021-01-15T21:56:52Z",
        "expirationDateTime": "2021-01-16T21:56:52Z",
        "status": "running",
        "errors": [],
        "tasks": {
          "details": {
            "name": "AnalyzeOperationWithPHIDomain",
            "lastUpdateDateTime": "2021-01-15T21:56:53Z"
          },
          "completed": 0,
          "failed": 0,
          "inProgress": 1,
          "total": 1
        }
      }
    },
    {
      "RequestUri": "https://ta-s-westeurope.cognitiveservices.azure.com/text/analytics/v3.1-preview.3/analyze/jobs/33f97eb5-9568-463d-889c-3d428403bd08_637462656000000000?showStats=false",
      "RequestMethod": "GET",
      "RequestHeaders": {
        "Accept": "application/json, text/json",
        "Ocp-Apim-Subscription-Key": "Sanitized",
        "User-Agent": "azsdk-net-AI.TextAnalytics/5.1.0-alpha.20210115.1 (.NET Framework 4.8.4250.0; Microsoft Windows 10.0.19042 )",
        "x-ms-client-request-id": "70459f492f5dd6acbac3e14954bbb40f",
        "x-ms-return-client-request-id": "true"
      },
      "RequestBody": null,
      "StatusCode": 200,
      "ResponseHeaders": {
        "apim-request-id": "3fb49631-feae-4600-bf29-944e040015e7",
        "Content-Type": "application/json; charset=utf-8",
        "Date": "Fri, 15 Jan 2021 21:57:33 GMT",
        "Strict-Transport-Security": "max-age=31536000; includeSubDomains; preload",
        "Transfer-Encoding": "chunked",
        "x-content-type-options": "nosniff",
        "x-envoy-upstream-service-time": "51"
      },
      "ResponseBody": {
        "displayName": "AnalyzeOperationWithPHIDomain",
        "jobId": "33f97eb5-9568-463d-889c-3d428403bd08_637462656000000000",
        "lastUpdateDateTime": "2021-01-15T21:56:53Z",
        "createdDateTime": "2021-01-15T21:56:52Z",
        "expirationDateTime": "2021-01-16T21:56:52Z",
        "status": "running",
        "errors": [],
        "tasks": {
          "details": {
            "name": "AnalyzeOperationWithPHIDomain",
            "lastUpdateDateTime": "2021-01-15T21:56:53Z"
          },
          "completed": 0,
          "failed": 0,
          "inProgress": 1,
          "total": 1
        }
      }
    },
    {
      "RequestUri": "https://ta-s-westeurope.cognitiveservices.azure.com/text/analytics/v3.1-preview.3/analyze/jobs/33f97eb5-9568-463d-889c-3d428403bd08_637462656000000000?showStats=false",
      "RequestMethod": "GET",
      "RequestHeaders": {
        "Accept": "application/json, text/json",
        "Ocp-Apim-Subscription-Key": "Sanitized",
        "User-Agent": "azsdk-net-AI.TextAnalytics/5.1.0-alpha.20210115.1 (.NET Framework 4.8.4250.0; Microsoft Windows 10.0.19042 )",
        "x-ms-client-request-id": "7aa2c10d9f04ff2e6c88d2127df37e2a",
        "x-ms-return-client-request-id": "true"
      },
      "RequestBody": null,
      "StatusCode": 200,
      "ResponseHeaders": {
        "apim-request-id": "afde8370-4525-4b7b-af95-947412dcde7b",
        "Content-Type": "application/json; charset=utf-8",
        "Date": "Fri, 15 Jan 2021 21:57:35 GMT",
        "Strict-Transport-Security": "max-age=31536000; includeSubDomains; preload",
        "Transfer-Encoding": "chunked",
        "x-content-type-options": "nosniff",
        "x-envoy-upstream-service-time": "58"
      },
      "ResponseBody": {
        "displayName": "AnalyzeOperationWithPHIDomain",
        "jobId": "33f97eb5-9568-463d-889c-3d428403bd08_637462656000000000",
        "lastUpdateDateTime": "2021-01-15T21:56:53Z",
        "createdDateTime": "2021-01-15T21:56:52Z",
        "expirationDateTime": "2021-01-16T21:56:52Z",
        "status": "running",
        "errors": [],
        "tasks": {
          "details": {
            "name": "AnalyzeOperationWithPHIDomain",
            "lastUpdateDateTime": "2021-01-15T21:56:53Z"
          },
          "completed": 0,
          "failed": 0,
          "inProgress": 1,
          "total": 1
        }
      }
    },
    {
      "RequestUri": "https://ta-s-westeurope.cognitiveservices.azure.com/text/analytics/v3.1-preview.3/analyze/jobs/33f97eb5-9568-463d-889c-3d428403bd08_637462656000000000?showStats=false",
      "RequestMethod": "GET",
      "RequestHeaders": {
        "Accept": "application/json, text/json",
        "Ocp-Apim-Subscription-Key": "Sanitized",
        "User-Agent": "azsdk-net-AI.TextAnalytics/5.1.0-alpha.20210115.1 (.NET Framework 4.8.4250.0; Microsoft Windows 10.0.19042 )",
        "x-ms-client-request-id": "12d1a73a04ce733541aa71124973bdbc",
        "x-ms-return-client-request-id": "true"
      },
      "RequestBody": null,
      "StatusCode": 200,
      "ResponseHeaders": {
        "apim-request-id": "f53688d0-b3c4-49df-b292-5b1d5ae05206",
        "Content-Type": "application/json; charset=utf-8",
        "Date": "Fri, 15 Jan 2021 21:57:36 GMT",
        "Strict-Transport-Security": "max-age=31536000; includeSubDomains; preload",
        "Transfer-Encoding": "chunked",
        "x-content-type-options": "nosniff",
        "x-envoy-upstream-service-time": "45"
      },
      "ResponseBody": {
        "displayName": "AnalyzeOperationWithPHIDomain",
        "jobId": "33f97eb5-9568-463d-889c-3d428403bd08_637462656000000000",
        "lastUpdateDateTime": "2021-01-15T21:56:53Z",
        "createdDateTime": "2021-01-15T21:56:52Z",
        "expirationDateTime": "2021-01-16T21:56:52Z",
        "status": "running",
        "errors": [],
        "tasks": {
          "details": {
            "name": "AnalyzeOperationWithPHIDomain",
            "lastUpdateDateTime": "2021-01-15T21:56:53Z"
          },
          "completed": 0,
          "failed": 0,
          "inProgress": 1,
          "total": 1
        }
      }
    },
    {
      "RequestUri": "https://ta-s-westeurope.cognitiveservices.azure.com/text/analytics/v3.1-preview.3/analyze/jobs/33f97eb5-9568-463d-889c-3d428403bd08_637462656000000000?showStats=false",
      "RequestMethod": "GET",
      "RequestHeaders": {
        "Accept": "application/json, text/json",
        "Ocp-Apim-Subscription-Key": "Sanitized",
        "User-Agent": "azsdk-net-AI.TextAnalytics/5.1.0-alpha.20210115.1 (.NET Framework 4.8.4250.0; Microsoft Windows 10.0.19042 )",
        "x-ms-client-request-id": "ede6d34be304a92c704604d55d9a58c6",
        "x-ms-return-client-request-id": "true"
      },
      "RequestBody": null,
      "StatusCode": 200,
      "ResponseHeaders": {
        "apim-request-id": "1a82c8fd-d384-4b9e-8f80-2fdd061c6706",
        "Content-Type": "application/json; charset=utf-8",
        "Date": "Fri, 15 Jan 2021 21:57:37 GMT",
        "Strict-Transport-Security": "max-age=31536000; includeSubDomains; preload",
        "Transfer-Encoding": "chunked",
        "x-content-type-options": "nosniff",
        "x-envoy-upstream-service-time": "69"
      },
      "ResponseBody": {
        "displayName": "AnalyzeOperationWithPHIDomain",
        "jobId": "33f97eb5-9568-463d-889c-3d428403bd08_637462656000000000",
        "lastUpdateDateTime": "2021-01-15T21:56:53Z",
        "createdDateTime": "2021-01-15T21:56:52Z",
        "expirationDateTime": "2021-01-16T21:56:52Z",
        "status": "running",
        "errors": [],
        "tasks": {
          "details": {
            "name": "AnalyzeOperationWithPHIDomain",
            "lastUpdateDateTime": "2021-01-15T21:56:53Z"
          },
          "completed": 0,
          "failed": 0,
          "inProgress": 1,
          "total": 1
        }
      }
    },
    {
      "RequestUri": "https://ta-s-westeurope.cognitiveservices.azure.com/text/analytics/v3.1-preview.3/analyze/jobs/33f97eb5-9568-463d-889c-3d428403bd08_637462656000000000?showStats=false",
      "RequestMethod": "GET",
      "RequestHeaders": {
        "Accept": "application/json, text/json",
        "Ocp-Apim-Subscription-Key": "Sanitized",
        "User-Agent": "azsdk-net-AI.TextAnalytics/5.1.0-alpha.20210115.1 (.NET Framework 4.8.4250.0; Microsoft Windows 10.0.19042 )",
        "x-ms-client-request-id": "ad0eb645a1ea09408c2f395a2d1bb5f8",
        "x-ms-return-client-request-id": "true"
      },
      "RequestBody": null,
      "StatusCode": 200,
      "ResponseHeaders": {
        "apim-request-id": "9fa616c9-f3f5-4146-8d62-7c3b97e72749",
        "Content-Type": "application/json; charset=utf-8",
        "Date": "Fri, 15 Jan 2021 21:57:38 GMT",
        "Strict-Transport-Security": "max-age=31536000; includeSubDomains; preload",
        "Transfer-Encoding": "chunked",
        "x-content-type-options": "nosniff",
        "x-envoy-upstream-service-time": "54"
      },
      "ResponseBody": {
        "displayName": "AnalyzeOperationWithPHIDomain",
        "jobId": "33f97eb5-9568-463d-889c-3d428403bd08_637462656000000000",
        "lastUpdateDateTime": "2021-01-15T21:56:53Z",
        "createdDateTime": "2021-01-15T21:56:52Z",
        "expirationDateTime": "2021-01-16T21:56:52Z",
        "status": "running",
        "errors": [],
        "tasks": {
          "details": {
            "name": "AnalyzeOperationWithPHIDomain",
            "lastUpdateDateTime": "2021-01-15T21:56:53Z"
          },
          "completed": 0,
          "failed": 0,
          "inProgress": 1,
          "total": 1
        }
      }
    },
    {
      "RequestUri": "https://ta-s-westeurope.cognitiveservices.azure.com/text/analytics/v3.1-preview.3/analyze/jobs/33f97eb5-9568-463d-889c-3d428403bd08_637462656000000000?showStats=false",
      "RequestMethod": "GET",
      "RequestHeaders": {
        "Accept": "application/json, text/json",
        "Ocp-Apim-Subscription-Key": "Sanitized",
        "User-Agent": "azsdk-net-AI.TextAnalytics/5.1.0-alpha.20210115.1 (.NET Framework 4.8.4250.0; Microsoft Windows 10.0.19042 )",
        "x-ms-client-request-id": "aac615ca910d56257b27a187ff5f15a7",
        "x-ms-return-client-request-id": "true"
      },
      "RequestBody": null,
      "StatusCode": 200,
      "ResponseHeaders": {
        "apim-request-id": "aaaf2579-ce76-42fc-8e9a-f0448e87b93c",
        "Content-Type": "application/json; charset=utf-8",
        "Date": "Fri, 15 Jan 2021 21:57:39 GMT",
        "Strict-Transport-Security": "max-age=31536000; includeSubDomains; preload",
        "Transfer-Encoding": "chunked",
        "x-content-type-options": "nosniff",
        "x-envoy-upstream-service-time": "44"
      },
      "ResponseBody": {
        "displayName": "AnalyzeOperationWithPHIDomain",
        "jobId": "33f97eb5-9568-463d-889c-3d428403bd08_637462656000000000",
        "lastUpdateDateTime": "2021-01-15T21:56:53Z",
        "createdDateTime": "2021-01-15T21:56:52Z",
        "expirationDateTime": "2021-01-16T21:56:52Z",
        "status": "running",
        "errors": [],
        "tasks": {
          "details": {
            "name": "AnalyzeOperationWithPHIDomain",
            "lastUpdateDateTime": "2021-01-15T21:56:53Z"
          },
          "completed": 0,
          "failed": 0,
          "inProgress": 1,
          "total": 1
        }
      }
    },
    {
      "RequestUri": "https://ta-s-westeurope.cognitiveservices.azure.com/text/analytics/v3.1-preview.3/analyze/jobs/33f97eb5-9568-463d-889c-3d428403bd08_637462656000000000?showStats=false",
      "RequestMethod": "GET",
      "RequestHeaders": {
        "Accept": "application/json, text/json",
        "Ocp-Apim-Subscription-Key": "Sanitized",
        "User-Agent": "azsdk-net-AI.TextAnalytics/5.1.0-alpha.20210115.1 (.NET Framework 4.8.4250.0; Microsoft Windows 10.0.19042 )",
        "x-ms-client-request-id": "93cdab521065aad192dc60d5aad17c55",
        "x-ms-return-client-request-id": "true"
      },
      "RequestBody": null,
      "StatusCode": 200,
      "ResponseHeaders": {
        "apim-request-id": "4100817d-6786-449e-b36a-b50a954828f4",
        "Content-Type": "application/json; charset=utf-8",
        "Date": "Fri, 15 Jan 2021 21:57:41 GMT",
        "Strict-Transport-Security": "max-age=31536000; includeSubDomains; preload",
        "Transfer-Encoding": "chunked",
        "x-content-type-options": "nosniff",
        "x-envoy-upstream-service-time": "76"
      },
      "ResponseBody": {
        "displayName": "AnalyzeOperationWithPHIDomain",
        "jobId": "33f97eb5-9568-463d-889c-3d428403bd08_637462656000000000",
        "lastUpdateDateTime": "2021-01-15T21:56:53Z",
        "createdDateTime": "2021-01-15T21:56:52Z",
        "expirationDateTime": "2021-01-16T21:56:52Z",
        "status": "running",
        "errors": [],
        "tasks": {
          "details": {
            "name": "AnalyzeOperationWithPHIDomain",
            "lastUpdateDateTime": "2021-01-15T21:56:53Z"
          },
          "completed": 0,
          "failed": 0,
          "inProgress": 1,
          "total": 1
        }
      }
    },
    {
      "RequestUri": "https://ta-s-westeurope.cognitiveservices.azure.com/text/analytics/v3.1-preview.3/analyze/jobs/33f97eb5-9568-463d-889c-3d428403bd08_637462656000000000?showStats=false",
      "RequestMethod": "GET",
      "RequestHeaders": {
        "Accept": "application/json, text/json",
        "Ocp-Apim-Subscription-Key": "Sanitized",
        "User-Agent": "azsdk-net-AI.TextAnalytics/5.1.0-alpha.20210115.1 (.NET Framework 4.8.4250.0; Microsoft Windows 10.0.19042 )",
        "x-ms-client-request-id": "470b0c91add3b4b891b832c3ffb8092c",
        "x-ms-return-client-request-id": "true"
      },
      "RequestBody": null,
      "StatusCode": 200,
      "ResponseHeaders": {
        "apim-request-id": "fb6129c0-8e3d-48ba-bd3d-0b4913a93483",
        "Content-Type": "application/json; charset=utf-8",
        "Date": "Fri, 15 Jan 2021 21:57:42 GMT",
        "Strict-Transport-Security": "max-age=31536000; includeSubDomains; preload",
        "Transfer-Encoding": "chunked",
        "x-content-type-options": "nosniff",
        "x-envoy-upstream-service-time": "43"
      },
      "ResponseBody": {
        "displayName": "AnalyzeOperationWithPHIDomain",
        "jobId": "33f97eb5-9568-463d-889c-3d428403bd08_637462656000000000",
        "lastUpdateDateTime": "2021-01-15T21:56:53Z",
        "createdDateTime": "2021-01-15T21:56:52Z",
        "expirationDateTime": "2021-01-16T21:56:52Z",
        "status": "running",
        "errors": [],
        "tasks": {
          "details": {
            "name": "AnalyzeOperationWithPHIDomain",
            "lastUpdateDateTime": "2021-01-15T21:56:53Z"
          },
          "completed": 0,
          "failed": 0,
          "inProgress": 1,
          "total": 1
        }
      }
    },
    {
      "RequestUri": "https://ta-s-westeurope.cognitiveservices.azure.com/text/analytics/v3.1-preview.3/analyze/jobs/33f97eb5-9568-463d-889c-3d428403bd08_637462656000000000?showStats=false",
      "RequestMethod": "GET",
      "RequestHeaders": {
        "Accept": "application/json, text/json",
        "Ocp-Apim-Subscription-Key": "Sanitized",
        "User-Agent": "azsdk-net-AI.TextAnalytics/5.1.0-alpha.20210115.1 (.NET Framework 4.8.4250.0; Microsoft Windows 10.0.19042 )",
        "x-ms-client-request-id": "82089119214eba93431c18303050aca9",
        "x-ms-return-client-request-id": "true"
      },
      "RequestBody": null,
      "StatusCode": 200,
      "ResponseHeaders": {
        "apim-request-id": "72ecf161-3628-44b3-ab7c-f37ba0dcb093",
        "Content-Type": "application/json; charset=utf-8",
        "Date": "Fri, 15 Jan 2021 21:57:43 GMT",
        "Strict-Transport-Security": "max-age=31536000; includeSubDomains; preload",
        "Transfer-Encoding": "chunked",
        "x-content-type-options": "nosniff",
        "x-envoy-upstream-service-time": "46"
      },
      "ResponseBody": {
        "displayName": "AnalyzeOperationWithPHIDomain",
        "jobId": "33f97eb5-9568-463d-889c-3d428403bd08_637462656000000000",
        "lastUpdateDateTime": "2021-01-15T21:56:53Z",
        "createdDateTime": "2021-01-15T21:56:52Z",
        "expirationDateTime": "2021-01-16T21:56:52Z",
        "status": "running",
        "errors": [],
        "tasks": {
          "details": {
            "name": "AnalyzeOperationWithPHIDomain",
            "lastUpdateDateTime": "2021-01-15T21:56:53Z"
          },
          "completed": 0,
          "failed": 0,
          "inProgress": 1,
          "total": 1
        }
      }
    },
    {
      "RequestUri": "https://ta-s-westeurope.cognitiveservices.azure.com/text/analytics/v3.1-preview.3/analyze/jobs/33f97eb5-9568-463d-889c-3d428403bd08_637462656000000000?showStats=false",
      "RequestMethod": "GET",
      "RequestHeaders": {
        "Accept": "application/json, text/json",
        "Ocp-Apim-Subscription-Key": "Sanitized",
        "User-Agent": "azsdk-net-AI.TextAnalytics/5.1.0-alpha.20210115.1 (.NET Framework 4.8.4250.0; Microsoft Windows 10.0.19042 )",
        "x-ms-client-request-id": "f3f64caace54a4d3f21801addd0eabd9",
        "x-ms-return-client-request-id": "true"
      },
      "RequestBody": null,
      "StatusCode": 200,
      "ResponseHeaders": {
        "apim-request-id": "e5a694e1-9813-4ff3-abf0-e6b856beafa2",
        "Content-Type": "application/json; charset=utf-8",
        "Date": "Fri, 15 Jan 2021 21:57:44 GMT",
        "Strict-Transport-Security": "max-age=31536000; includeSubDomains; preload",
        "Transfer-Encoding": "chunked",
        "x-content-type-options": "nosniff",
        "x-envoy-upstream-service-time": "48"
      },
      "ResponseBody": {
        "displayName": "AnalyzeOperationWithPHIDomain",
        "jobId": "33f97eb5-9568-463d-889c-3d428403bd08_637462656000000000",
        "lastUpdateDateTime": "2021-01-15T21:56:53Z",
        "createdDateTime": "2021-01-15T21:56:52Z",
        "expirationDateTime": "2021-01-16T21:56:52Z",
        "status": "running",
        "errors": [],
        "tasks": {
          "details": {
            "name": "AnalyzeOperationWithPHIDomain",
            "lastUpdateDateTime": "2021-01-15T21:56:53Z"
          },
          "completed": 0,
          "failed": 0,
          "inProgress": 1,
          "total": 1
        }
      }
    },
    {
      "RequestUri": "https://ta-s-westeurope.cognitiveservices.azure.com/text/analytics/v3.1-preview.3/analyze/jobs/33f97eb5-9568-463d-889c-3d428403bd08_637462656000000000?showStats=false",
      "RequestMethod": "GET",
      "RequestHeaders": {
        "Accept": "application/json, text/json",
        "Ocp-Apim-Subscription-Key": "Sanitized",
        "User-Agent": "azsdk-net-AI.TextAnalytics/5.1.0-alpha.20210115.1 (.NET Framework 4.8.4250.0; Microsoft Windows 10.0.19042 )",
        "x-ms-client-request-id": "18bc34d3fac96f07795003b695878341",
        "x-ms-return-client-request-id": "true"
      },
      "RequestBody": null,
      "StatusCode": 200,
      "ResponseHeaders": {
        "apim-request-id": "ebef5808-06cc-4c9d-857a-c5751e6dcbf7",
        "Content-Type": "application/json; charset=utf-8",
        "Date": "Fri, 15 Jan 2021 21:57:45 GMT",
        "Strict-Transport-Security": "max-age=31536000; includeSubDomains; preload",
        "Transfer-Encoding": "chunked",
        "x-content-type-options": "nosniff",
        "x-envoy-upstream-service-time": "83"
      },
      "ResponseBody": {
        "displayName": "AnalyzeOperationWithPHIDomain",
        "jobId": "33f97eb5-9568-463d-889c-3d428403bd08_637462656000000000",
        "lastUpdateDateTime": "2021-01-15T21:56:53Z",
        "createdDateTime": "2021-01-15T21:56:52Z",
        "expirationDateTime": "2021-01-16T21:56:52Z",
        "status": "running",
        "errors": [],
        "tasks": {
          "details": {
            "name": "AnalyzeOperationWithPHIDomain",
            "lastUpdateDateTime": "2021-01-15T21:56:53Z"
          },
          "completed": 0,
          "failed": 0,
          "inProgress": 1,
          "total": 1
        }
      }
    },
    {
      "RequestUri": "https://ta-s-westeurope.cognitiveservices.azure.com/text/analytics/v3.1-preview.3/analyze/jobs/33f97eb5-9568-463d-889c-3d428403bd08_637462656000000000?showStats=false",
      "RequestMethod": "GET",
      "RequestHeaders": {
        "Accept": "application/json, text/json",
        "Ocp-Apim-Subscription-Key": "Sanitized",
        "User-Agent": "azsdk-net-AI.TextAnalytics/5.1.0-alpha.20210115.1 (.NET Framework 4.8.4250.0; Microsoft Windows 10.0.19042 )",
        "x-ms-client-request-id": "b218890b15c24ad7be638f3520e6dc35",
        "x-ms-return-client-request-id": "true"
      },
      "RequestBody": null,
      "StatusCode": 200,
      "ResponseHeaders": {
        "apim-request-id": "b8f4164c-c009-4822-a7d4-d671a7d58691",
        "Content-Type": "application/json; charset=utf-8",
        "Date": "Fri, 15 Jan 2021 21:57:47 GMT",
        "Strict-Transport-Security": "max-age=31536000; includeSubDomains; preload",
        "Transfer-Encoding": "chunked",
        "x-content-type-options": "nosniff",
        "x-envoy-upstream-service-time": "36"
      },
      "ResponseBody": {
        "displayName": "AnalyzeOperationWithPHIDomain",
        "jobId": "33f97eb5-9568-463d-889c-3d428403bd08_637462656000000000",
        "lastUpdateDateTime": "2021-01-15T21:56:53Z",
        "createdDateTime": "2021-01-15T21:56:52Z",
        "expirationDateTime": "2021-01-16T21:56:52Z",
        "status": "running",
        "errors": [],
        "tasks": {
          "details": {
            "name": "AnalyzeOperationWithPHIDomain",
            "lastUpdateDateTime": "2021-01-15T21:56:53Z"
          },
          "completed": 0,
          "failed": 0,
          "inProgress": 1,
          "total": 1
        }
      }
    },
    {
      "RequestUri": "https://ta-s-westeurope.cognitiveservices.azure.com/text/analytics/v3.1-preview.3/analyze/jobs/33f97eb5-9568-463d-889c-3d428403bd08_637462656000000000?showStats=false",
      "RequestMethod": "GET",
      "RequestHeaders": {
        "Accept": "application/json, text/json",
        "Ocp-Apim-Subscription-Key": "Sanitized",
        "User-Agent": "azsdk-net-AI.TextAnalytics/5.1.0-alpha.20210115.1 (.NET Framework 4.8.4250.0; Microsoft Windows 10.0.19042 )",
        "x-ms-client-request-id": "fc5d3e719393b0df45867a04ca1c0e6a",
        "x-ms-return-client-request-id": "true"
      },
      "RequestBody": null,
      "StatusCode": 200,
      "ResponseHeaders": {
        "apim-request-id": "da511042-9db5-448a-893b-c6bd987fa4ea",
        "Content-Type": "application/json; charset=utf-8",
        "Date": "Fri, 15 Jan 2021 21:57:48 GMT",
        "Strict-Transport-Security": "max-age=31536000; includeSubDomains; preload",
        "Transfer-Encoding": "chunked",
        "x-content-type-options": "nosniff",
        "x-envoy-upstream-service-time": "45"
      },
      "ResponseBody": {
        "displayName": "AnalyzeOperationWithPHIDomain",
        "jobId": "33f97eb5-9568-463d-889c-3d428403bd08_637462656000000000",
        "lastUpdateDateTime": "2021-01-15T21:56:53Z",
        "createdDateTime": "2021-01-15T21:56:52Z",
        "expirationDateTime": "2021-01-16T21:56:52Z",
        "status": "running",
        "errors": [],
        "tasks": {
          "details": {
            "name": "AnalyzeOperationWithPHIDomain",
            "lastUpdateDateTime": "2021-01-15T21:56:53Z"
          },
          "completed": 0,
          "failed": 0,
          "inProgress": 1,
          "total": 1
        }
      }
    },
    {
      "RequestUri": "https://ta-s-westeurope.cognitiveservices.azure.com/text/analytics/v3.1-preview.3/analyze/jobs/33f97eb5-9568-463d-889c-3d428403bd08_637462656000000000?showStats=false",
      "RequestMethod": "GET",
      "RequestHeaders": {
        "Accept": "application/json, text/json",
        "Ocp-Apim-Subscription-Key": "Sanitized",
        "User-Agent": "azsdk-net-AI.TextAnalytics/5.1.0-alpha.20210115.1 (.NET Framework 4.8.4250.0; Microsoft Windows 10.0.19042 )",
        "x-ms-client-request-id": "54a1c094f8f5be175c715a656ad14f92",
        "x-ms-return-client-request-id": "true"
      },
      "RequestBody": null,
      "StatusCode": 200,
      "ResponseHeaders": {
        "apim-request-id": "92b1c382-420a-48f3-9c33-7beba17852fe",
        "Content-Type": "application/json; charset=utf-8",
        "Date": "Fri, 15 Jan 2021 21:57:49 GMT",
        "Strict-Transport-Security": "max-age=31536000; includeSubDomains; preload",
        "Transfer-Encoding": "chunked",
        "x-content-type-options": "nosniff",
        "x-envoy-upstream-service-time": "51"
      },
      "ResponseBody": {
        "displayName": "AnalyzeOperationWithPHIDomain",
        "jobId": "33f97eb5-9568-463d-889c-3d428403bd08_637462656000000000",
        "lastUpdateDateTime": "2021-01-15T21:56:53Z",
        "createdDateTime": "2021-01-15T21:56:52Z",
        "expirationDateTime": "2021-01-16T21:56:52Z",
        "status": "running",
        "errors": [],
        "tasks": {
          "details": {
            "name": "AnalyzeOperationWithPHIDomain",
            "lastUpdateDateTime": "2021-01-15T21:56:53Z"
          },
          "completed": 0,
          "failed": 0,
          "inProgress": 1,
          "total": 1
        }
      }
    },
    {
      "RequestUri": "https://ta-s-westeurope.cognitiveservices.azure.com/text/analytics/v3.1-preview.3/analyze/jobs/33f97eb5-9568-463d-889c-3d428403bd08_637462656000000000?showStats=false",
      "RequestMethod": "GET",
      "RequestHeaders": {
        "Accept": "application/json, text/json",
        "Ocp-Apim-Subscription-Key": "Sanitized",
        "User-Agent": "azsdk-net-AI.TextAnalytics/5.1.0-alpha.20210115.1 (.NET Framework 4.8.4250.0; Microsoft Windows 10.0.19042 )",
        "x-ms-client-request-id": "5745cd74872a78ada9676d3c9ad37fa1",
        "x-ms-return-client-request-id": "true"
      },
      "RequestBody": null,
      "StatusCode": 200,
      "ResponseHeaders": {
        "apim-request-id": "89512a53-c376-40aa-961c-e195a1d02e9f",
        "Content-Type": "application/json; charset=utf-8",
        "Date": "Fri, 15 Jan 2021 21:57:50 GMT",
        "Strict-Transport-Security": "max-age=31536000; includeSubDomains; preload",
        "Transfer-Encoding": "chunked",
        "x-content-type-options": "nosniff",
        "x-envoy-upstream-service-time": "59"
      },
      "ResponseBody": {
        "displayName": "AnalyzeOperationWithPHIDomain",
        "jobId": "33f97eb5-9568-463d-889c-3d428403bd08_637462656000000000",
        "lastUpdateDateTime": "2021-01-15T21:56:53Z",
        "createdDateTime": "2021-01-15T21:56:52Z",
        "expirationDateTime": "2021-01-16T21:56:52Z",
        "status": "running",
        "errors": [],
        "tasks": {
          "details": {
            "name": "AnalyzeOperationWithPHIDomain",
            "lastUpdateDateTime": "2021-01-15T21:56:53Z"
          },
          "completed": 0,
          "failed": 0,
          "inProgress": 1,
          "total": 1
        }
      }
    },
    {
      "RequestUri": "https://ta-s-westeurope.cognitiveservices.azure.com/text/analytics/v3.1-preview.3/analyze/jobs/33f97eb5-9568-463d-889c-3d428403bd08_637462656000000000?showStats=false",
      "RequestMethod": "GET",
      "RequestHeaders": {
        "Accept": "application/json, text/json",
        "Ocp-Apim-Subscription-Key": "Sanitized",
        "User-Agent": "azsdk-net-AI.TextAnalytics/5.1.0-alpha.20210115.1 (.NET Framework 4.8.4250.0; Microsoft Windows 10.0.19042 )",
        "x-ms-client-request-id": "5fa0245588447940279e9f2239794674",
        "x-ms-return-client-request-id": "true"
      },
      "RequestBody": null,
      "StatusCode": 200,
      "ResponseHeaders": {
        "apim-request-id": "98802100-65a8-4d2a-a2af-c7ad2e6559ec",
        "Content-Type": "application/json; charset=utf-8",
        "Date": "Fri, 15 Jan 2021 21:57:51 GMT",
        "Strict-Transport-Security": "max-age=31536000; includeSubDomains; preload",
        "Transfer-Encoding": "chunked",
        "x-content-type-options": "nosniff",
        "x-envoy-upstream-service-time": "86"
      },
      "ResponseBody": {
        "displayName": "AnalyzeOperationWithPHIDomain",
        "jobId": "33f97eb5-9568-463d-889c-3d428403bd08_637462656000000000",
        "lastUpdateDateTime": "2021-01-15T21:56:53Z",
        "createdDateTime": "2021-01-15T21:56:52Z",
        "expirationDateTime": "2021-01-16T21:56:52Z",
        "status": "running",
        "errors": [],
        "tasks": {
          "details": {
            "name": "AnalyzeOperationWithPHIDomain",
            "lastUpdateDateTime": "2021-01-15T21:56:53Z"
          },
          "completed": 0,
          "failed": 0,
          "inProgress": 1,
          "total": 1
        }
      }
    },
    {
      "RequestUri": "https://ta-s-westeurope.cognitiveservices.azure.com/text/analytics/v3.1-preview.3/analyze/jobs/33f97eb5-9568-463d-889c-3d428403bd08_637462656000000000?showStats=false",
      "RequestMethod": "GET",
      "RequestHeaders": {
        "Accept": "application/json, text/json",
        "Ocp-Apim-Subscription-Key": "Sanitized",
        "User-Agent": "azsdk-net-AI.TextAnalytics/5.1.0-alpha.20210115.1 (.NET Framework 4.8.4250.0; Microsoft Windows 10.0.19042 )",
        "x-ms-client-request-id": "fd90e736b7d70d3f1329aa8d8bda2389",
        "x-ms-return-client-request-id": "true"
      },
      "RequestBody": null,
      "StatusCode": 200,
      "ResponseHeaders": {
        "apim-request-id": "1bb249a2-eac4-4b76-a0a8-7fc5ab8c5b8a",
        "Content-Type": "application/json; charset=utf-8",
        "Date": "Fri, 15 Jan 2021 21:57:54 GMT",
        "Strict-Transport-Security": "max-age=31536000; includeSubDomains; preload",
        "Transfer-Encoding": "chunked",
        "x-content-type-options": "nosniff",
        "x-envoy-upstream-service-time": "45"
      },
      "ResponseBody": {
        "displayName": "AnalyzeOperationWithPHIDomain",
        "jobId": "33f97eb5-9568-463d-889c-3d428403bd08_637462656000000000",
        "lastUpdateDateTime": "2021-01-15T21:56:53Z",
        "createdDateTime": "2021-01-15T21:56:52Z",
        "expirationDateTime": "2021-01-16T21:56:52Z",
        "status": "running",
        "errors": [],
        "tasks": {
          "details": {
            "name": "AnalyzeOperationWithPHIDomain",
            "lastUpdateDateTime": "2021-01-15T21:56:53Z"
          },
          "completed": 0,
          "failed": 0,
          "inProgress": 1,
          "total": 1
        }
      }
    },
    {
      "RequestUri": "https://ta-s-westeurope.cognitiveservices.azure.com/text/analytics/v3.1-preview.3/analyze/jobs/33f97eb5-9568-463d-889c-3d428403bd08_637462656000000000?showStats=false",
      "RequestMethod": "GET",
      "RequestHeaders": {
        "Accept": "application/json, text/json",
        "Ocp-Apim-Subscription-Key": "Sanitized",
        "User-Agent": "azsdk-net-AI.TextAnalytics/5.1.0-alpha.20210115.1 (.NET Framework 4.8.4250.0; Microsoft Windows 10.0.19042 )",
        "x-ms-client-request-id": "4510b9f1f030eb4d8dcc308be88b3e30",
        "x-ms-return-client-request-id": "true"
      },
      "RequestBody": null,
      "StatusCode": 200,
      "ResponseHeaders": {
        "apim-request-id": "a2fc0121-5358-4b97-b2c4-c50d7c588c6c",
        "Content-Type": "application/json; charset=utf-8",
        "Date": "Fri, 15 Jan 2021 21:57:55 GMT",
        "Strict-Transport-Security": "max-age=31536000; includeSubDomains; preload",
        "Transfer-Encoding": "chunked",
        "x-content-type-options": "nosniff",
        "x-envoy-upstream-service-time": "52"
      },
      "ResponseBody": {
        "displayName": "AnalyzeOperationWithPHIDomain",
        "jobId": "33f97eb5-9568-463d-889c-3d428403bd08_637462656000000000",
        "lastUpdateDateTime": "2021-01-15T21:56:53Z",
        "createdDateTime": "2021-01-15T21:56:52Z",
        "expirationDateTime": "2021-01-16T21:56:52Z",
        "status": "running",
        "errors": [],
        "tasks": {
          "details": {
            "name": "AnalyzeOperationWithPHIDomain",
            "lastUpdateDateTime": "2021-01-15T21:56:53Z"
          },
          "completed": 0,
          "failed": 0,
          "inProgress": 1,
          "total": 1
        }
      }
    },
    {
      "RequestUri": "https://ta-s-westeurope.cognitiveservices.azure.com/text/analytics/v3.1-preview.3/analyze/jobs/33f97eb5-9568-463d-889c-3d428403bd08_637462656000000000?showStats=false",
      "RequestMethod": "GET",
      "RequestHeaders": {
        "Accept": "application/json, text/json",
        "Ocp-Apim-Subscription-Key": "Sanitized",
        "User-Agent": "azsdk-net-AI.TextAnalytics/5.1.0-alpha.20210115.1 (.NET Framework 4.8.4250.0; Microsoft Windows 10.0.19042 )",
        "x-ms-client-request-id": "b305f92182439dc9e4934b1bddb2ed4c",
        "x-ms-return-client-request-id": "true"
      },
      "RequestBody": null,
      "StatusCode": 200,
      "ResponseHeaders": {
        "apim-request-id": "cdbddf71-ce24-4b2d-aed8-1c054c5f8d98",
        "Content-Type": "application/json; charset=utf-8",
        "Date": "Fri, 15 Jan 2021 21:57:56 GMT",
        "Strict-Transport-Security": "max-age=31536000; includeSubDomains; preload",
        "Transfer-Encoding": "chunked",
        "x-content-type-options": "nosniff",
        "x-envoy-upstream-service-time": "74"
      },
      "ResponseBody": {
        "displayName": "AnalyzeOperationWithPHIDomain",
        "jobId": "33f97eb5-9568-463d-889c-3d428403bd08_637462656000000000",
        "lastUpdateDateTime": "2021-01-15T21:56:53Z",
        "createdDateTime": "2021-01-15T21:56:52Z",
        "expirationDateTime": "2021-01-16T21:56:52Z",
        "status": "running",
        "errors": [],
        "tasks": {
          "details": {
            "name": "AnalyzeOperationWithPHIDomain",
            "lastUpdateDateTime": "2021-01-15T21:56:53Z"
          },
          "completed": 0,
          "failed": 0,
          "inProgress": 1,
          "total": 1
        }
      }
    },
    {
      "RequestUri": "https://ta-s-westeurope.cognitiveservices.azure.com/text/analytics/v3.1-preview.3/analyze/jobs/33f97eb5-9568-463d-889c-3d428403bd08_637462656000000000?showStats=false",
      "RequestMethod": "GET",
      "RequestHeaders": {
        "Accept": "application/json, text/json",
        "Ocp-Apim-Subscription-Key": "Sanitized",
        "User-Agent": "azsdk-net-AI.TextAnalytics/5.1.0-alpha.20210115.1 (.NET Framework 4.8.4250.0; Microsoft Windows 10.0.19042 )",
        "x-ms-client-request-id": "7f30167b0168464399a46f0b87b42488",
        "x-ms-return-client-request-id": "true"
      },
      "RequestBody": null,
      "StatusCode": 200,
      "ResponseHeaders": {
        "apim-request-id": "397877ab-6b18-4541-9454-a961157d1278",
        "Content-Type": "application/json; charset=utf-8",
        "Date": "Fri, 15 Jan 2021 21:57:57 GMT",
        "Strict-Transport-Security": "max-age=31536000; includeSubDomains; preload",
        "Transfer-Encoding": "chunked",
        "x-content-type-options": "nosniff",
        "x-envoy-upstream-service-time": "62"
      },
      "ResponseBody": {
        "displayName": "AnalyzeOperationWithPHIDomain",
        "jobId": "33f97eb5-9568-463d-889c-3d428403bd08_637462656000000000",
        "lastUpdateDateTime": "2021-01-15T21:56:53Z",
        "createdDateTime": "2021-01-15T21:56:52Z",
        "expirationDateTime": "2021-01-16T21:56:52Z",
        "status": "running",
        "errors": [],
        "tasks": {
          "details": {
            "name": "AnalyzeOperationWithPHIDomain",
            "lastUpdateDateTime": "2021-01-15T21:56:53Z"
          },
          "completed": 0,
          "failed": 0,
          "inProgress": 1,
          "total": 1
        }
      }
    },
    {
      "RequestUri": "https://ta-s-westeurope.cognitiveservices.azure.com/text/analytics/v3.1-preview.3/analyze/jobs/33f97eb5-9568-463d-889c-3d428403bd08_637462656000000000?showStats=false",
      "RequestMethod": "GET",
      "RequestHeaders": {
        "Accept": "application/json, text/json",
        "Ocp-Apim-Subscription-Key": "Sanitized",
        "User-Agent": "azsdk-net-AI.TextAnalytics/5.1.0-alpha.20210115.1 (.NET Framework 4.8.4250.0; Microsoft Windows 10.0.19042 )",
        "x-ms-client-request-id": "926c7aea70d56f45ef72609da4320edb",
        "x-ms-return-client-request-id": "true"
      },
      "RequestBody": null,
      "StatusCode": 200,
      "ResponseHeaders": {
        "apim-request-id": "c3e94e72-0e4a-4e39-a38c-bd9b8b4038f4",
        "Content-Type": "application/json; charset=utf-8",
        "Date": "Fri, 15 Jan 2021 21:57:58 GMT",
        "Strict-Transport-Security": "max-age=31536000; includeSubDomains; preload",
        "Transfer-Encoding": "chunked",
        "x-content-type-options": "nosniff",
        "x-envoy-upstream-service-time": "41"
      },
      "ResponseBody": {
        "displayName": "AnalyzeOperationWithPHIDomain",
        "jobId": "33f97eb5-9568-463d-889c-3d428403bd08_637462656000000000",
        "lastUpdateDateTime": "2021-01-15T21:56:53Z",
        "createdDateTime": "2021-01-15T21:56:52Z",
        "expirationDateTime": "2021-01-16T21:56:52Z",
        "status": "running",
        "errors": [],
        "tasks": {
          "details": {
            "name": "AnalyzeOperationWithPHIDomain",
            "lastUpdateDateTime": "2021-01-15T21:56:53Z"
          },
          "completed": 0,
          "failed": 0,
          "inProgress": 1,
          "total": 1
        }
      }
    },
    {
      "RequestUri": "https://ta-s-westeurope.cognitiveservices.azure.com/text/analytics/v3.1-preview.3/analyze/jobs/33f97eb5-9568-463d-889c-3d428403bd08_637462656000000000?showStats=false",
      "RequestMethod": "GET",
      "RequestHeaders": {
        "Accept": "application/json, text/json",
        "Ocp-Apim-Subscription-Key": "Sanitized",
        "User-Agent": "azsdk-net-AI.TextAnalytics/5.1.0-alpha.20210115.1 (.NET Framework 4.8.4250.0; Microsoft Windows 10.0.19042 )",
        "x-ms-client-request-id": "d210e3debe5b20c7b5bf199f13bd1630",
        "x-ms-return-client-request-id": "true"
      },
      "RequestBody": null,
      "StatusCode": 200,
      "ResponseHeaders": {
        "apim-request-id": "da6a92cc-0419-4280-92a9-a2efe8869a82",
        "Content-Type": "application/json; charset=utf-8",
        "Date": "Fri, 15 Jan 2021 21:57:59 GMT",
        "Strict-Transport-Security": "max-age=31536000; includeSubDomains; preload",
        "Transfer-Encoding": "chunked",
        "x-content-type-options": "nosniff",
        "x-envoy-upstream-service-time": "78"
      },
      "ResponseBody": {
        "displayName": "AnalyzeOperationWithPHIDomain",
        "jobId": "33f97eb5-9568-463d-889c-3d428403bd08_637462656000000000",
        "lastUpdateDateTime": "2021-01-15T21:56:53Z",
        "createdDateTime": "2021-01-15T21:56:52Z",
        "expirationDateTime": "2021-01-16T21:56:52Z",
        "status": "running",
        "errors": [],
        "tasks": {
          "details": {
            "name": "AnalyzeOperationWithPHIDomain",
            "lastUpdateDateTime": "2021-01-15T21:56:53Z"
          },
          "completed": 0,
          "failed": 0,
          "inProgress": 1,
          "total": 1
        }
      }
    },
    {
      "RequestUri": "https://ta-s-westeurope.cognitiveservices.azure.com/text/analytics/v3.1-preview.3/analyze/jobs/33f97eb5-9568-463d-889c-3d428403bd08_637462656000000000?showStats=false",
      "RequestMethod": "GET",
      "RequestHeaders": {
        "Accept": "application/json, text/json",
        "Ocp-Apim-Subscription-Key": "Sanitized",
        "User-Agent": "azsdk-net-AI.TextAnalytics/5.1.0-alpha.20210115.1 (.NET Framework 4.8.4250.0; Microsoft Windows 10.0.19042 )",
        "x-ms-client-request-id": "6331c36e5b460b76d0c190f6a0a5a167",
        "x-ms-return-client-request-id": "true"
      },
      "RequestBody": null,
      "StatusCode": 200,
      "ResponseHeaders": {
        "apim-request-id": "0bc69634-617f-45a6-addc-79724e99b05a",
        "Content-Type": "application/json; charset=utf-8",
        "Date": "Fri, 15 Jan 2021 21:58:01 GMT",
        "Strict-Transport-Security": "max-age=31536000; includeSubDomains; preload",
        "Transfer-Encoding": "chunked",
        "x-content-type-options": "nosniff",
        "x-envoy-upstream-service-time": "72"
      },
      "ResponseBody": {
        "displayName": "AnalyzeOperationWithPHIDomain",
        "jobId": "33f97eb5-9568-463d-889c-3d428403bd08_637462656000000000",
        "lastUpdateDateTime": "2021-01-15T21:56:53Z",
        "createdDateTime": "2021-01-15T21:56:52Z",
        "expirationDateTime": "2021-01-16T21:56:52Z",
        "status": "running",
        "errors": [],
        "tasks": {
          "details": {
            "name": "AnalyzeOperationWithPHIDomain",
            "lastUpdateDateTime": "2021-01-15T21:56:53Z"
          },
          "completed": 0,
          "failed": 0,
          "inProgress": 1,
          "total": 1
        }
      }
    },
    {
      "RequestUri": "https://ta-s-westeurope.cognitiveservices.azure.com/text/analytics/v3.1-preview.3/analyze/jobs/33f97eb5-9568-463d-889c-3d428403bd08_637462656000000000?showStats=false",
      "RequestMethod": "GET",
      "RequestHeaders": {
        "Accept": "application/json, text/json",
        "Ocp-Apim-Subscription-Key": "Sanitized",
        "User-Agent": "azsdk-net-AI.TextAnalytics/5.1.0-alpha.20210115.1 (.NET Framework 4.8.4250.0; Microsoft Windows 10.0.19042 )",
        "x-ms-client-request-id": "a32d949552a32b2db24bdc1656a65b31",
        "x-ms-return-client-request-id": "true"
      },
      "RequestBody": null,
      "StatusCode": 200,
      "ResponseHeaders": {
        "apim-request-id": "29ce0d6a-09cc-424a-970a-b410db3b8616",
        "Content-Type": "application/json; charset=utf-8",
        "Date": "Fri, 15 Jan 2021 21:58:02 GMT",
        "Strict-Transport-Security": "max-age=31536000; includeSubDomains; preload",
        "Transfer-Encoding": "chunked",
        "x-content-type-options": "nosniff",
        "x-envoy-upstream-service-time": "45"
      },
      "ResponseBody": {
        "displayName": "AnalyzeOperationWithPHIDomain",
        "jobId": "33f97eb5-9568-463d-889c-3d428403bd08_637462656000000000",
        "lastUpdateDateTime": "2021-01-15T21:56:53Z",
        "createdDateTime": "2021-01-15T21:56:52Z",
        "expirationDateTime": "2021-01-16T21:56:52Z",
        "status": "running",
        "errors": [],
        "tasks": {
          "details": {
            "name": "AnalyzeOperationWithPHIDomain",
            "lastUpdateDateTime": "2021-01-15T21:56:53Z"
          },
          "completed": 0,
          "failed": 0,
          "inProgress": 1,
          "total": 1
        }
      }
    },
    {
      "RequestUri": "https://ta-s-westeurope.cognitiveservices.azure.com/text/analytics/v3.1-preview.3/analyze/jobs/33f97eb5-9568-463d-889c-3d428403bd08_637462656000000000?showStats=false",
      "RequestMethod": "GET",
      "RequestHeaders": {
        "Accept": "application/json, text/json",
        "Ocp-Apim-Subscription-Key": "Sanitized",
        "User-Agent": "azsdk-net-AI.TextAnalytics/5.1.0-alpha.20210115.1 (.NET Framework 4.8.4250.0; Microsoft Windows 10.0.19042 )",
        "x-ms-client-request-id": "e12e2f5caa0082946d05019a2ed17f10",
        "x-ms-return-client-request-id": "true"
      },
      "RequestBody": null,
      "StatusCode": 200,
      "ResponseHeaders": {
        "apim-request-id": "30ab9b4a-56cd-44ca-b764-38be19afee4b",
        "Content-Type": "application/json; charset=utf-8",
        "Date": "Fri, 15 Jan 2021 21:58:03 GMT",
        "Strict-Transport-Security": "max-age=31536000; includeSubDomains; preload",
        "Transfer-Encoding": "chunked",
        "x-content-type-options": "nosniff",
        "x-envoy-upstream-service-time": "37"
      },
      "ResponseBody": {
        "displayName": "AnalyzeOperationWithPHIDomain",
        "jobId": "33f97eb5-9568-463d-889c-3d428403bd08_637462656000000000",
        "lastUpdateDateTime": "2021-01-15T21:56:53Z",
        "createdDateTime": "2021-01-15T21:56:52Z",
        "expirationDateTime": "2021-01-16T21:56:52Z",
        "status": "running",
        "errors": [],
        "tasks": {
          "details": {
            "name": "AnalyzeOperationWithPHIDomain",
            "lastUpdateDateTime": "2021-01-15T21:56:53Z"
          },
          "completed": 0,
          "failed": 0,
          "inProgress": 1,
          "total": 1
        }
      }
    },
    {
      "RequestUri": "https://ta-s-westeurope.cognitiveservices.azure.com/text/analytics/v3.1-preview.3/analyze/jobs/33f97eb5-9568-463d-889c-3d428403bd08_637462656000000000?showStats=false",
      "RequestMethod": "GET",
      "RequestHeaders": {
        "Accept": "application/json, text/json",
        "Ocp-Apim-Subscription-Key": "Sanitized",
        "User-Agent": "azsdk-net-AI.TextAnalytics/5.1.0-alpha.20210115.1 (.NET Framework 4.8.4250.0; Microsoft Windows 10.0.19042 )",
        "x-ms-client-request-id": "7f09b11d72901c8d9606b0fa7e60b42a",
        "x-ms-return-client-request-id": "true"
      },
      "RequestBody": null,
      "StatusCode": 200,
      "ResponseHeaders": {
        "apim-request-id": "f65489b1-76e6-407e-8a3c-0a1f7d25a0e5",
        "Content-Type": "application/json; charset=utf-8",
        "Date": "Fri, 15 Jan 2021 21:58:04 GMT",
        "Strict-Transport-Security": "max-age=31536000; includeSubDomains; preload",
        "Transfer-Encoding": "chunked",
        "x-content-type-options": "nosniff",
        "x-envoy-upstream-service-time": "39"
      },
      "ResponseBody": {
        "displayName": "AnalyzeOperationWithPHIDomain",
        "jobId": "33f97eb5-9568-463d-889c-3d428403bd08_637462656000000000",
        "lastUpdateDateTime": "2021-01-15T21:56:53Z",
        "createdDateTime": "2021-01-15T21:56:52Z",
        "expirationDateTime": "2021-01-16T21:56:52Z",
        "status": "running",
        "errors": [],
        "tasks": {
          "details": {
            "name": "AnalyzeOperationWithPHIDomain",
            "lastUpdateDateTime": "2021-01-15T21:56:53Z"
          },
          "completed": 0,
          "failed": 0,
          "inProgress": 1,
          "total": 1
        }
      }
    },
    {
      "RequestUri": "https://ta-s-westeurope.cognitiveservices.azure.com/text/analytics/v3.1-preview.3/analyze/jobs/33f97eb5-9568-463d-889c-3d428403bd08_637462656000000000?showStats=false",
      "RequestMethod": "GET",
      "RequestHeaders": {
        "Accept": "application/json, text/json",
        "Ocp-Apim-Subscription-Key": "Sanitized",
        "User-Agent": "azsdk-net-AI.TextAnalytics/5.1.0-alpha.20210115.1 (.NET Framework 4.8.4250.0; Microsoft Windows 10.0.19042 )",
        "x-ms-client-request-id": "71995e65c077eb67ffaa369e5093fce1",
        "x-ms-return-client-request-id": "true"
      },
      "RequestBody": null,
      "StatusCode": 200,
      "ResponseHeaders": {
        "apim-request-id": "6b123e65-7a43-4f05-9078-63ae1b9c7c4a",
        "Content-Type": "application/json; charset=utf-8",
        "Date": "Fri, 15 Jan 2021 21:58:05 GMT",
        "Strict-Transport-Security": "max-age=31536000; includeSubDomains; preload",
        "Transfer-Encoding": "chunked",
        "x-content-type-options": "nosniff",
        "x-envoy-upstream-service-time": "60"
      },
      "ResponseBody": {
        "displayName": "AnalyzeOperationWithPHIDomain",
        "jobId": "33f97eb5-9568-463d-889c-3d428403bd08_637462656000000000",
        "lastUpdateDateTime": "2021-01-15T21:56:53Z",
        "createdDateTime": "2021-01-15T21:56:52Z",
        "expirationDateTime": "2021-01-16T21:56:52Z",
        "status": "running",
        "errors": [],
        "tasks": {
          "details": {
            "name": "AnalyzeOperationWithPHIDomain",
            "lastUpdateDateTime": "2021-01-15T21:56:53Z"
          },
          "completed": 0,
          "failed": 0,
          "inProgress": 1,
          "total": 1
        }
      }
    },
    {
      "RequestUri": "https://ta-s-westeurope.cognitiveservices.azure.com/text/analytics/v3.1-preview.3/analyze/jobs/33f97eb5-9568-463d-889c-3d428403bd08_637462656000000000?showStats=false",
      "RequestMethod": "GET",
      "RequestHeaders": {
        "Accept": "application/json, text/json",
        "Ocp-Apim-Subscription-Key": "Sanitized",
        "User-Agent": "azsdk-net-AI.TextAnalytics/5.1.0-alpha.20210115.1 (.NET Framework 4.8.4250.0; Microsoft Windows 10.0.19042 )",
        "x-ms-client-request-id": "a5f8ccccdc9ce9a1a1124bf9f99a040c",
        "x-ms-return-client-request-id": "true"
      },
      "RequestBody": null,
      "StatusCode": 200,
      "ResponseHeaders": {
        "apim-request-id": "3777ef0b-0072-40ff-93cf-d686384cdb7b",
        "Content-Type": "application/json; charset=utf-8",
        "Date": "Fri, 15 Jan 2021 21:58:07 GMT",
        "Strict-Transport-Security": "max-age=31536000; includeSubDomains; preload",
        "Transfer-Encoding": "chunked",
        "x-content-type-options": "nosniff",
        "x-envoy-upstream-service-time": "55"
      },
      "ResponseBody": {
        "displayName": "AnalyzeOperationWithPHIDomain",
        "jobId": "33f97eb5-9568-463d-889c-3d428403bd08_637462656000000000",
        "lastUpdateDateTime": "2021-01-15T21:56:53Z",
        "createdDateTime": "2021-01-15T21:56:52Z",
        "expirationDateTime": "2021-01-16T21:56:52Z",
        "status": "running",
        "errors": [],
        "tasks": {
          "details": {
            "name": "AnalyzeOperationWithPHIDomain",
            "lastUpdateDateTime": "2021-01-15T21:56:53Z"
          },
          "completed": 0,
          "failed": 0,
          "inProgress": 1,
          "total": 1
        }
      }
    },
    {
      "RequestUri": "https://ta-s-westeurope.cognitiveservices.azure.com/text/analytics/v3.1-preview.3/analyze/jobs/33f97eb5-9568-463d-889c-3d428403bd08_637462656000000000?showStats=false",
      "RequestMethod": "GET",
      "RequestHeaders": {
        "Accept": "application/json, text/json",
        "Ocp-Apim-Subscription-Key": "Sanitized",
        "User-Agent": "azsdk-net-AI.TextAnalytics/5.1.0-alpha.20210115.1 (.NET Framework 4.8.4250.0; Microsoft Windows 10.0.19042 )",
        "x-ms-client-request-id": "d034d7510e375d994a1e7fe63cefcb03",
        "x-ms-return-client-request-id": "true"
      },
      "RequestBody": null,
      "StatusCode": 200,
      "ResponseHeaders": {
        "apim-request-id": "ad9a581e-a11a-4d37-887f-a9316615dc64",
        "Content-Type": "application/json; charset=utf-8",
        "Date": "Fri, 15 Jan 2021 21:58:08 GMT",
        "Strict-Transport-Security": "max-age=31536000; includeSubDomains; preload",
        "Transfer-Encoding": "chunked",
        "x-content-type-options": "nosniff",
        "x-envoy-upstream-service-time": "66"
      },
      "ResponseBody": {
        "displayName": "AnalyzeOperationWithPHIDomain",
        "jobId": "33f97eb5-9568-463d-889c-3d428403bd08_637462656000000000",
        "lastUpdateDateTime": "2021-01-15T21:56:53Z",
        "createdDateTime": "2021-01-15T21:56:52Z",
        "expirationDateTime": "2021-01-16T21:56:52Z",
        "status": "running",
        "errors": [],
        "tasks": {
          "details": {
            "name": "AnalyzeOperationWithPHIDomain",
            "lastUpdateDateTime": "2021-01-15T21:56:53Z"
          },
          "completed": 0,
          "failed": 0,
          "inProgress": 1,
          "total": 1
        }
      }
    },
    {
      "RequestUri": "https://ta-s-westeurope.cognitiveservices.azure.com/text/analytics/v3.1-preview.3/analyze/jobs/33f97eb5-9568-463d-889c-3d428403bd08_637462656000000000?showStats=false",
      "RequestMethod": "GET",
      "RequestHeaders": {
        "Accept": "application/json, text/json",
        "Ocp-Apim-Subscription-Key": "Sanitized",
        "User-Agent": "azsdk-net-AI.TextAnalytics/5.1.0-alpha.20210115.1 (.NET Framework 4.8.4250.0; Microsoft Windows 10.0.19042 )",
        "x-ms-client-request-id": "b22ecf0a0e67888dbdb0cf65756df164",
        "x-ms-return-client-request-id": "true"
      },
      "RequestBody": null,
      "StatusCode": 200,
      "ResponseHeaders": {
        "apim-request-id": "a9b77573-262f-4282-a800-61ce42fac6bc",
        "Content-Type": "application/json; charset=utf-8",
        "Date": "Fri, 15 Jan 2021 21:58:09 GMT",
        "Strict-Transport-Security": "max-age=31536000; includeSubDomains; preload",
        "Transfer-Encoding": "chunked",
        "x-content-type-options": "nosniff",
        "x-envoy-upstream-service-time": "62"
      },
      "ResponseBody": {
        "displayName": "AnalyzeOperationWithPHIDomain",
        "jobId": "33f97eb5-9568-463d-889c-3d428403bd08_637462656000000000",
        "lastUpdateDateTime": "2021-01-15T21:56:53Z",
        "createdDateTime": "2021-01-15T21:56:52Z",
        "expirationDateTime": "2021-01-16T21:56:52Z",
        "status": "running",
        "errors": [],
        "tasks": {
          "details": {
            "name": "AnalyzeOperationWithPHIDomain",
            "lastUpdateDateTime": "2021-01-15T21:56:53Z"
          },
          "completed": 0,
          "failed": 0,
          "inProgress": 1,
          "total": 1
        }
      }
    },
    {
      "RequestUri": "https://ta-s-westeurope.cognitiveservices.azure.com/text/analytics/v3.1-preview.3/analyze/jobs/33f97eb5-9568-463d-889c-3d428403bd08_637462656000000000?showStats=false",
      "RequestMethod": "GET",
      "RequestHeaders": {
        "Accept": "application/json, text/json",
        "Ocp-Apim-Subscription-Key": "Sanitized",
        "User-Agent": "azsdk-net-AI.TextAnalytics/5.1.0-alpha.20210115.1 (.NET Framework 4.8.4250.0; Microsoft Windows 10.0.19042 )",
        "x-ms-client-request-id": "794d29a62c5ebda9339b5b7e5cbaacb2",
        "x-ms-return-client-request-id": "true"
      },
      "RequestBody": null,
      "StatusCode": 200,
      "ResponseHeaders": {
        "apim-request-id": "5f25a70e-547d-4ea3-bf8c-d1d3bcbe0fce",
        "Content-Type": "application/json; charset=utf-8",
        "Date": "Fri, 15 Jan 2021 21:58:10 GMT",
        "Strict-Transport-Security": "max-age=31536000; includeSubDomains; preload",
        "Transfer-Encoding": "chunked",
        "x-content-type-options": "nosniff",
        "x-envoy-upstream-service-time": "63"
      },
      "ResponseBody": {
        "displayName": "AnalyzeOperationWithPHIDomain",
        "jobId": "33f97eb5-9568-463d-889c-3d428403bd08_637462656000000000",
        "lastUpdateDateTime": "2021-01-15T21:56:53Z",
        "createdDateTime": "2021-01-15T21:56:52Z",
        "expirationDateTime": "2021-01-16T21:56:52Z",
        "status": "running",
        "errors": [],
        "tasks": {
          "details": {
            "name": "AnalyzeOperationWithPHIDomain",
            "lastUpdateDateTime": "2021-01-15T21:56:53Z"
          },
          "completed": 0,
          "failed": 0,
          "inProgress": 1,
          "total": 1
        }
      }
    },
    {
      "RequestUri": "https://ta-s-westeurope.cognitiveservices.azure.com/text/analytics/v3.1-preview.3/analyze/jobs/33f97eb5-9568-463d-889c-3d428403bd08_637462656000000000?showStats=false",
      "RequestMethod": "GET",
      "RequestHeaders": {
        "Accept": "application/json, text/json",
        "Ocp-Apim-Subscription-Key": "Sanitized",
        "User-Agent": "azsdk-net-AI.TextAnalytics/5.1.0-alpha.20210115.1 (.NET Framework 4.8.4250.0; Microsoft Windows 10.0.19042 )",
        "x-ms-client-request-id": "29ef4846516c42a549ac12863f33e8dc",
        "x-ms-return-client-request-id": "true"
      },
      "RequestBody": null,
      "StatusCode": 200,
      "ResponseHeaders": {
        "apim-request-id": "c4b0de40-aeda-4f0f-92c6-04be2967ec6d",
        "Content-Type": "application/json; charset=utf-8",
        "Date": "Fri, 15 Jan 2021 21:58:11 GMT",
        "Strict-Transport-Security": "max-age=31536000; includeSubDomains; preload",
        "Transfer-Encoding": "chunked",
        "x-content-type-options": "nosniff",
        "x-envoy-upstream-service-time": "80"
      },
      "ResponseBody": {
        "displayName": "AnalyzeOperationWithPHIDomain",
        "jobId": "33f97eb5-9568-463d-889c-3d428403bd08_637462656000000000",
        "lastUpdateDateTime": "2021-01-15T21:56:53Z",
        "createdDateTime": "2021-01-15T21:56:52Z",
        "expirationDateTime": "2021-01-16T21:56:52Z",
        "status": "running",
        "errors": [],
        "tasks": {
          "details": {
            "name": "AnalyzeOperationWithPHIDomain",
            "lastUpdateDateTime": "2021-01-15T21:56:53Z"
          },
          "completed": 0,
          "failed": 0,
          "inProgress": 1,
          "total": 1
        }
      }
    },
    {
      "RequestUri": "https://ta-s-westeurope.cognitiveservices.azure.com/text/analytics/v3.1-preview.3/analyze/jobs/33f97eb5-9568-463d-889c-3d428403bd08_637462656000000000?showStats=false",
      "RequestMethod": "GET",
      "RequestHeaders": {
        "Accept": "application/json, text/json",
        "Ocp-Apim-Subscription-Key": "Sanitized",
        "User-Agent": "azsdk-net-AI.TextAnalytics/5.1.0-alpha.20210115.1 (.NET Framework 4.8.4250.0; Microsoft Windows 10.0.19042 )",
        "x-ms-client-request-id": "12401b2c51a2dda425707fcbb30f2b02",
        "x-ms-return-client-request-id": "true"
      },
      "RequestBody": null,
      "StatusCode": 200,
      "ResponseHeaders": {
        "apim-request-id": "db049aca-6c71-47f8-adce-29956ed2928f",
        "Content-Type": "application/json; charset=utf-8",
        "Date": "Fri, 15 Jan 2021 21:58:13 GMT",
        "Strict-Transport-Security": "max-age=31536000; includeSubDomains; preload",
        "Transfer-Encoding": "chunked",
        "x-content-type-options": "nosniff",
        "x-envoy-upstream-service-time": "47"
      },
      "ResponseBody": {
        "displayName": "AnalyzeOperationWithPHIDomain",
        "jobId": "33f97eb5-9568-463d-889c-3d428403bd08_637462656000000000",
        "lastUpdateDateTime": "2021-01-15T21:56:53Z",
        "createdDateTime": "2021-01-15T21:56:52Z",
        "expirationDateTime": "2021-01-16T21:56:52Z",
        "status": "running",
        "errors": [],
        "tasks": {
          "details": {
            "name": "AnalyzeOperationWithPHIDomain",
            "lastUpdateDateTime": "2021-01-15T21:56:53Z"
          },
          "completed": 0,
          "failed": 0,
          "inProgress": 1,
          "total": 1
        }
      }
    },
    {
      "RequestUri": "https://ta-s-westeurope.cognitiveservices.azure.com/text/analytics/v3.1-preview.3/analyze/jobs/33f97eb5-9568-463d-889c-3d428403bd08_637462656000000000?showStats=false",
      "RequestMethod": "GET",
      "RequestHeaders": {
        "Accept": "application/json, text/json",
        "Ocp-Apim-Subscription-Key": "Sanitized",
        "User-Agent": "azsdk-net-AI.TextAnalytics/5.1.0-alpha.20210115.1 (.NET Framework 4.8.4250.0; Microsoft Windows 10.0.19042 )",
        "x-ms-client-request-id": "2c1e1c03c77d54f8840a30b119237eff",
        "x-ms-return-client-request-id": "true"
      },
      "RequestBody": null,
      "StatusCode": 200,
      "ResponseHeaders": {
        "apim-request-id": "5cfba11b-6c60-43b1-972d-efc655708a3d",
        "Content-Type": "application/json; charset=utf-8",
        "Date": "Fri, 15 Jan 2021 21:58:14 GMT",
        "Strict-Transport-Security": "max-age=31536000; includeSubDomains; preload",
        "Transfer-Encoding": "chunked",
        "x-content-type-options": "nosniff",
        "x-envoy-upstream-service-time": "57"
      },
      "ResponseBody": {
        "displayName": "AnalyzeOperationWithPHIDomain",
        "jobId": "33f97eb5-9568-463d-889c-3d428403bd08_637462656000000000",
        "lastUpdateDateTime": "2021-01-15T21:56:53Z",
        "createdDateTime": "2021-01-15T21:56:52Z",
        "expirationDateTime": "2021-01-16T21:56:52Z",
        "status": "running",
        "errors": [],
        "tasks": {
          "details": {
            "name": "AnalyzeOperationWithPHIDomain",
            "lastUpdateDateTime": "2021-01-15T21:56:53Z"
          },
          "completed": 0,
          "failed": 0,
          "inProgress": 1,
          "total": 1
        }
      }
    },
    {
      "RequestUri": "https://ta-s-westeurope.cognitiveservices.azure.com/text/analytics/v3.1-preview.3/analyze/jobs/33f97eb5-9568-463d-889c-3d428403bd08_637462656000000000?showStats=false",
      "RequestMethod": "GET",
      "RequestHeaders": {
        "Accept": "application/json, text/json",
        "Ocp-Apim-Subscription-Key": "Sanitized",
        "User-Agent": "azsdk-net-AI.TextAnalytics/5.1.0-alpha.20210115.1 (.NET Framework 4.8.4250.0; Microsoft Windows 10.0.19042 )",
        "x-ms-client-request-id": "41517eb39a7af410a31103fcd2d98e39",
        "x-ms-return-client-request-id": "true"
      },
      "RequestBody": null,
      "StatusCode": 200,
      "ResponseHeaders": {
        "apim-request-id": "6958d6bd-dd29-4496-a10d-5a4323c83392",
        "Content-Type": "application/json; charset=utf-8",
        "Date": "Fri, 15 Jan 2021 21:58:15 GMT",
        "Strict-Transport-Security": "max-age=31536000; includeSubDomains; preload",
        "Transfer-Encoding": "chunked",
        "x-content-type-options": "nosniff",
        "x-envoy-upstream-service-time": "37"
      },
      "ResponseBody": {
        "displayName": "AnalyzeOperationWithPHIDomain",
        "jobId": "33f97eb5-9568-463d-889c-3d428403bd08_637462656000000000",
        "lastUpdateDateTime": "2021-01-15T21:56:53Z",
        "createdDateTime": "2021-01-15T21:56:52Z",
        "expirationDateTime": "2021-01-16T21:56:52Z",
        "status": "running",
        "errors": [],
        "tasks": {
          "details": {
            "name": "AnalyzeOperationWithPHIDomain",
            "lastUpdateDateTime": "2021-01-15T21:56:53Z"
          },
          "completed": 0,
          "failed": 0,
          "inProgress": 1,
          "total": 1
        }
      }
    },
    {
      "RequestUri": "https://ta-s-westeurope.cognitiveservices.azure.com/text/analytics/v3.1-preview.3/analyze/jobs/33f97eb5-9568-463d-889c-3d428403bd08_637462656000000000?showStats=false",
      "RequestMethod": "GET",
      "RequestHeaders": {
        "Accept": "application/json, text/json",
        "Ocp-Apim-Subscription-Key": "Sanitized",
        "User-Agent": "azsdk-net-AI.TextAnalytics/5.1.0-alpha.20210115.1 (.NET Framework 4.8.4250.0; Microsoft Windows 10.0.19042 )",
        "x-ms-client-request-id": "22821080bb15655e22eb8e9721f2c402",
        "x-ms-return-client-request-id": "true"
      },
      "RequestBody": null,
      "StatusCode": 200,
      "ResponseHeaders": {
        "apim-request-id": "d8120a17-2fb4-44c7-90a7-9dfe6d5d77d0",
        "Content-Type": "application/json; charset=utf-8",
        "Date": "Fri, 15 Jan 2021 21:58:16 GMT",
        "Strict-Transport-Security": "max-age=31536000; includeSubDomains; preload",
        "Transfer-Encoding": "chunked",
        "x-content-type-options": "nosniff",
        "x-envoy-upstream-service-time": "54"
      },
      "ResponseBody": {
        "displayName": "AnalyzeOperationWithPHIDomain",
        "jobId": "33f97eb5-9568-463d-889c-3d428403bd08_637462656000000000",
        "lastUpdateDateTime": "2021-01-15T21:56:53Z",
        "createdDateTime": "2021-01-15T21:56:52Z",
        "expirationDateTime": "2021-01-16T21:56:52Z",
        "status": "running",
        "errors": [],
        "tasks": {
          "details": {
            "name": "AnalyzeOperationWithPHIDomain",
            "lastUpdateDateTime": "2021-01-15T21:56:53Z"
          },
          "completed": 0,
          "failed": 0,
          "inProgress": 1,
          "total": 1
        }
      }
    },
    {
      "RequestUri": "https://ta-s-westeurope.cognitiveservices.azure.com/text/analytics/v3.1-preview.3/analyze/jobs/33f97eb5-9568-463d-889c-3d428403bd08_637462656000000000?showStats=false",
      "RequestMethod": "GET",
      "RequestHeaders": {
        "Accept": "application/json, text/json",
        "Ocp-Apim-Subscription-Key": "Sanitized",
        "User-Agent": "azsdk-net-AI.TextAnalytics/5.1.0-alpha.20210115.1 (.NET Framework 4.8.4250.0; Microsoft Windows 10.0.19042 )",
        "x-ms-client-request-id": "341880f1eabe69880c29896cc3fc82aa",
        "x-ms-return-client-request-id": "true"
      },
      "RequestBody": null,
      "StatusCode": 200,
      "ResponseHeaders": {
        "apim-request-id": "ad0c8aae-c7ba-4499-8137-5da99d47453c",
        "Content-Type": "application/json; charset=utf-8",
        "Date": "Fri, 15 Jan 2021 21:58:17 GMT",
        "Strict-Transport-Security": "max-age=31536000; includeSubDomains; preload",
        "Transfer-Encoding": "chunked",
        "x-content-type-options": "nosniff",
        "x-envoy-upstream-service-time": "46"
      },
      "ResponseBody": {
        "displayName": "AnalyzeOperationWithPHIDomain",
        "jobId": "33f97eb5-9568-463d-889c-3d428403bd08_637462656000000000",
        "lastUpdateDateTime": "2021-01-15T21:56:53Z",
        "createdDateTime": "2021-01-15T21:56:52Z",
        "expirationDateTime": "2021-01-16T21:56:52Z",
        "status": "running",
        "errors": [],
        "tasks": {
          "details": {
            "name": "AnalyzeOperationWithPHIDomain",
            "lastUpdateDateTime": "2021-01-15T21:56:53Z"
          },
          "completed": 0,
          "failed": 0,
          "inProgress": 1,
          "total": 1
        }
      }
    },
    {
      "RequestUri": "https://ta-s-westeurope.cognitiveservices.azure.com/text/analytics/v3.1-preview.3/analyze/jobs/33f97eb5-9568-463d-889c-3d428403bd08_637462656000000000?showStats=false",
      "RequestMethod": "GET",
      "RequestHeaders": {
        "Accept": "application/json, text/json",
        "Ocp-Apim-Subscription-Key": "Sanitized",
        "User-Agent": "azsdk-net-AI.TextAnalytics/5.1.0-alpha.20210115.1 (.NET Framework 4.8.4250.0; Microsoft Windows 10.0.19042 )",
        "x-ms-client-request-id": "0831f67c5ca0f7e920ec1e8e0b78d3b0",
        "x-ms-return-client-request-id": "true"
      },
      "RequestBody": null,
      "StatusCode": 200,
      "ResponseHeaders": {
        "apim-request-id": "d7fa9ae3-39e1-4669-95a7-38086af3a468",
        "Content-Type": "application/json; charset=utf-8",
        "Date": "Fri, 15 Jan 2021 21:58:19 GMT",
        "Strict-Transport-Security": "max-age=31536000; includeSubDomains; preload",
        "Transfer-Encoding": "chunked",
        "x-content-type-options": "nosniff",
        "x-envoy-upstream-service-time": "67"
      },
      "ResponseBody": {
        "displayName": "AnalyzeOperationWithPHIDomain",
        "jobId": "33f97eb5-9568-463d-889c-3d428403bd08_637462656000000000",
        "lastUpdateDateTime": "2021-01-15T21:56:53Z",
        "createdDateTime": "2021-01-15T21:56:52Z",
        "expirationDateTime": "2021-01-16T21:56:52Z",
        "status": "running",
        "errors": [],
        "tasks": {
          "details": {
            "name": "AnalyzeOperationWithPHIDomain",
            "lastUpdateDateTime": "2021-01-15T21:56:53Z"
          },
          "completed": 0,
          "failed": 0,
          "inProgress": 1,
          "total": 1
        }
      }
    },
    {
      "RequestUri": "https://ta-s-westeurope.cognitiveservices.azure.com/text/analytics/v3.1-preview.3/analyze/jobs/33f97eb5-9568-463d-889c-3d428403bd08_637462656000000000?showStats=false",
      "RequestMethod": "GET",
      "RequestHeaders": {
        "Accept": "application/json, text/json",
        "Ocp-Apim-Subscription-Key": "Sanitized",
        "User-Agent": "azsdk-net-AI.TextAnalytics/5.1.0-alpha.20210115.1 (.NET Framework 4.8.4250.0; Microsoft Windows 10.0.19042 )",
        "x-ms-client-request-id": "520a014c59c1967b871815eb31f2a126",
        "x-ms-return-client-request-id": "true"
      },
      "RequestBody": null,
      "StatusCode": 200,
      "ResponseHeaders": {
        "apim-request-id": "fcf8fad5-760a-438e-9d08-a5da58021c97",
        "Content-Type": "application/json; charset=utf-8",
        "Date": "Fri, 15 Jan 2021 21:58:20 GMT",
        "Strict-Transport-Security": "max-age=31536000; includeSubDomains; preload",
        "Transfer-Encoding": "chunked",
        "x-content-type-options": "nosniff",
        "x-envoy-upstream-service-time": "41"
      },
      "ResponseBody": {
        "displayName": "AnalyzeOperationWithPHIDomain",
        "jobId": "33f97eb5-9568-463d-889c-3d428403bd08_637462656000000000",
        "lastUpdateDateTime": "2021-01-15T21:56:53Z",
        "createdDateTime": "2021-01-15T21:56:52Z",
        "expirationDateTime": "2021-01-16T21:56:52Z",
        "status": "running",
        "errors": [],
        "tasks": {
          "details": {
            "name": "AnalyzeOperationWithPHIDomain",
            "lastUpdateDateTime": "2021-01-15T21:56:53Z"
          },
          "completed": 0,
          "failed": 0,
          "inProgress": 1,
          "total": 1
        }
      }
    },
    {
      "RequestUri": "https://ta-s-westeurope.cognitiveservices.azure.com/text/analytics/v3.1-preview.3/analyze/jobs/33f97eb5-9568-463d-889c-3d428403bd08_637462656000000000?showStats=false",
      "RequestMethod": "GET",
      "RequestHeaders": {
        "Accept": "application/json, text/json",
        "Ocp-Apim-Subscription-Key": "Sanitized",
        "User-Agent": "azsdk-net-AI.TextAnalytics/5.1.0-alpha.20210115.1 (.NET Framework 4.8.4250.0; Microsoft Windows 10.0.19042 )",
        "x-ms-client-request-id": "2b1ae469bbc19462962014d1cbfa5e93",
        "x-ms-return-client-request-id": "true"
      },
      "RequestBody": null,
      "StatusCode": 200,
      "ResponseHeaders": {
        "apim-request-id": "c3eae3cc-045b-4b2d-9a8e-18be0a711bef",
        "Content-Type": "application/json; charset=utf-8",
        "Date": "Fri, 15 Jan 2021 21:58:21 GMT",
        "Strict-Transport-Security": "max-age=31536000; includeSubDomains; preload",
        "Transfer-Encoding": "chunked",
        "x-content-type-options": "nosniff",
        "x-envoy-upstream-service-time": "50"
      },
      "ResponseBody": {
        "displayName": "AnalyzeOperationWithPHIDomain",
        "jobId": "33f97eb5-9568-463d-889c-3d428403bd08_637462656000000000",
        "lastUpdateDateTime": "2021-01-15T21:56:53Z",
        "createdDateTime": "2021-01-15T21:56:52Z",
        "expirationDateTime": "2021-01-16T21:56:52Z",
        "status": "running",
        "errors": [],
        "tasks": {
          "details": {
            "name": "AnalyzeOperationWithPHIDomain",
            "lastUpdateDateTime": "2021-01-15T21:56:53Z"
          },
          "completed": 0,
          "failed": 0,
          "inProgress": 1,
          "total": 1
        }
      }
    },
    {
      "RequestUri": "https://ta-s-westeurope.cognitiveservices.azure.com/text/analytics/v3.1-preview.3/analyze/jobs/33f97eb5-9568-463d-889c-3d428403bd08_637462656000000000?showStats=false",
      "RequestMethod": "GET",
      "RequestHeaders": {
        "Accept": "application/json, text/json",
        "Ocp-Apim-Subscription-Key": "Sanitized",
        "User-Agent": "azsdk-net-AI.TextAnalytics/5.1.0-alpha.20210115.1 (.NET Framework 4.8.4250.0; Microsoft Windows 10.0.19042 )",
        "x-ms-client-request-id": "c21fd95630f122e97a9b818746fec62e",
        "x-ms-return-client-request-id": "true"
      },
      "RequestBody": null,
      "StatusCode": 200,
      "ResponseHeaders": {
        "apim-request-id": "78a3beb2-3ec3-4e88-8024-0e2cd06a6f89",
        "Content-Type": "application/json; charset=utf-8",
        "Date": "Fri, 15 Jan 2021 21:58:23 GMT",
        "Strict-Transport-Security": "max-age=31536000; includeSubDomains; preload",
        "Transfer-Encoding": "chunked",
        "x-content-type-options": "nosniff",
        "x-envoy-upstream-service-time": "69"
      },
      "ResponseBody": {
        "displayName": "AnalyzeOperationWithPHIDomain",
        "jobId": "33f97eb5-9568-463d-889c-3d428403bd08_637462656000000000",
        "lastUpdateDateTime": "2021-01-15T21:56:53Z",
        "createdDateTime": "2021-01-15T21:56:52Z",
        "expirationDateTime": "2021-01-16T21:56:52Z",
        "status": "running",
        "errors": [],
        "tasks": {
          "details": {
            "name": "AnalyzeOperationWithPHIDomain",
            "lastUpdateDateTime": "2021-01-15T21:56:53Z"
          },
          "completed": 0,
          "failed": 0,
          "inProgress": 1,
          "total": 1
        }
      }
    },
    {
      "RequestUri": "https://ta-s-westeurope.cognitiveservices.azure.com/text/analytics/v3.1-preview.3/analyze/jobs/33f97eb5-9568-463d-889c-3d428403bd08_637462656000000000?showStats=false",
      "RequestMethod": "GET",
      "RequestHeaders": {
        "Accept": "application/json, text/json",
        "Ocp-Apim-Subscription-Key": "Sanitized",
        "User-Agent": "azsdk-net-AI.TextAnalytics/5.1.0-alpha.20210115.1 (.NET Framework 4.8.4250.0; Microsoft Windows 10.0.19042 )",
        "x-ms-client-request-id": "2725f84aa75d91ef9e76bba045aaca8d",
        "x-ms-return-client-request-id": "true"
      },
      "RequestBody": null,
      "StatusCode": 200,
      "ResponseHeaders": {
        "apim-request-id": "2ea4576c-7419-4f3f-a0c5-9b265cea3f30",
        "Content-Type": "application/json; charset=utf-8",
        "Date": "Fri, 15 Jan 2021 21:58:24 GMT",
        "Strict-Transport-Security": "max-age=31536000; includeSubDomains; preload",
        "Transfer-Encoding": "chunked",
        "x-content-type-options": "nosniff",
        "x-envoy-upstream-service-time": "36"
      },
      "ResponseBody": {
        "displayName": "AnalyzeOperationWithPHIDomain",
        "jobId": "33f97eb5-9568-463d-889c-3d428403bd08_637462656000000000",
        "lastUpdateDateTime": "2021-01-15T21:56:53Z",
        "createdDateTime": "2021-01-15T21:56:52Z",
        "expirationDateTime": "2021-01-16T21:56:52Z",
        "status": "running",
        "errors": [],
        "tasks": {
          "details": {
            "name": "AnalyzeOperationWithPHIDomain",
            "lastUpdateDateTime": "2021-01-15T21:56:53Z"
          },
          "completed": 0,
          "failed": 0,
          "inProgress": 1,
          "total": 1
        }
      }
    },
    {
      "RequestUri": "https://ta-s-westeurope.cognitiveservices.azure.com/text/analytics/v3.1-preview.3/analyze/jobs/33f97eb5-9568-463d-889c-3d428403bd08_637462656000000000?showStats=false",
      "RequestMethod": "GET",
      "RequestHeaders": {
        "Accept": "application/json, text/json",
        "Ocp-Apim-Subscription-Key": "Sanitized",
        "User-Agent": "azsdk-net-AI.TextAnalytics/5.1.0-alpha.20210115.1 (.NET Framework 4.8.4250.0; Microsoft Windows 10.0.19042 )",
        "x-ms-client-request-id": "589582baded33935faf8b0263ada4d98",
        "x-ms-return-client-request-id": "true"
      },
      "RequestBody": null,
      "StatusCode": 200,
      "ResponseHeaders": {
        "apim-request-id": "fd252259-2a1d-42df-975d-f8bfd5f30fb0",
        "Content-Type": "application/json; charset=utf-8",
        "Date": "Fri, 15 Jan 2021 21:58:25 GMT",
        "Strict-Transport-Security": "max-age=31536000; includeSubDomains; preload",
        "Transfer-Encoding": "chunked",
        "x-content-type-options": "nosniff",
        "x-envoy-upstream-service-time": "42"
      },
      "ResponseBody": {
        "displayName": "AnalyzeOperationWithPHIDomain",
        "jobId": "33f97eb5-9568-463d-889c-3d428403bd08_637462656000000000",
        "lastUpdateDateTime": "2021-01-15T21:56:53Z",
        "createdDateTime": "2021-01-15T21:56:52Z",
        "expirationDateTime": "2021-01-16T21:56:52Z",
        "status": "running",
        "errors": [],
        "tasks": {
          "details": {
            "name": "AnalyzeOperationWithPHIDomain",
            "lastUpdateDateTime": "2021-01-15T21:56:53Z"
          },
          "completed": 0,
          "failed": 0,
          "inProgress": 1,
          "total": 1
        }
      }
    },
    {
      "RequestUri": "https://ta-s-westeurope.cognitiveservices.azure.com/text/analytics/v3.1-preview.3/analyze/jobs/33f97eb5-9568-463d-889c-3d428403bd08_637462656000000000?showStats=false",
      "RequestMethod": "GET",
      "RequestHeaders": {
        "Accept": "application/json, text/json",
        "Ocp-Apim-Subscription-Key": "Sanitized",
        "User-Agent": "azsdk-net-AI.TextAnalytics/5.1.0-alpha.20210115.1 (.NET Framework 4.8.4250.0; Microsoft Windows 10.0.19042 )",
        "x-ms-client-request-id": "d386e55a36d4ae35e98e237b7449ddd0",
        "x-ms-return-client-request-id": "true"
      },
      "RequestBody": null,
      "StatusCode": 200,
      "ResponseHeaders": {
        "apim-request-id": "412f03a1-67a7-49a1-bdc1-cf59451a3245",
        "Content-Type": "application/json; charset=utf-8",
        "Date": "Fri, 15 Jan 2021 21:58:27 GMT",
        "Strict-Transport-Security": "max-age=31536000; includeSubDomains; preload",
        "Transfer-Encoding": "chunked",
        "x-content-type-options": "nosniff",
        "x-envoy-upstream-service-time": "43"
      },
      "ResponseBody": {
        "displayName": "AnalyzeOperationWithPHIDomain",
        "jobId": "33f97eb5-9568-463d-889c-3d428403bd08_637462656000000000",
        "lastUpdateDateTime": "2021-01-15T21:56:53Z",
        "createdDateTime": "2021-01-15T21:56:52Z",
        "expirationDateTime": "2021-01-16T21:56:52Z",
        "status": "running",
        "errors": [],
        "tasks": {
          "details": {
            "name": "AnalyzeOperationWithPHIDomain",
            "lastUpdateDateTime": "2021-01-15T21:56:53Z"
          },
          "completed": 0,
          "failed": 0,
          "inProgress": 1,
          "total": 1
        }
      }
    },
    {
      "RequestUri": "https://ta-s-westeurope.cognitiveservices.azure.com/text/analytics/v3.1-preview.3/analyze/jobs/33f97eb5-9568-463d-889c-3d428403bd08_637462656000000000?showStats=false",
      "RequestMethod": "GET",
      "RequestHeaders": {
        "Accept": "application/json, text/json",
        "Ocp-Apim-Subscription-Key": "Sanitized",
        "User-Agent": "azsdk-net-AI.TextAnalytics/5.1.0-alpha.20210115.1 (.NET Framework 4.8.4250.0; Microsoft Windows 10.0.19042 )",
        "x-ms-client-request-id": "c4cdf3d06d686c5bc3ec2c65f7c956c3",
        "x-ms-return-client-request-id": "true"
      },
      "RequestBody": null,
      "StatusCode": 200,
      "ResponseHeaders": {
        "apim-request-id": "528668ed-34b3-4a62-96e1-777632031736",
        "Content-Type": "application/json; charset=utf-8",
        "Date": "Fri, 15 Jan 2021 21:58:28 GMT",
        "Strict-Transport-Security": "max-age=31536000; includeSubDomains; preload",
        "Transfer-Encoding": "chunked",
        "x-content-type-options": "nosniff",
        "x-envoy-upstream-service-time": "49"
      },
      "ResponseBody": {
        "displayName": "AnalyzeOperationWithPHIDomain",
        "jobId": "33f97eb5-9568-463d-889c-3d428403bd08_637462656000000000",
        "lastUpdateDateTime": "2021-01-15T21:56:53Z",
        "createdDateTime": "2021-01-15T21:56:52Z",
        "expirationDateTime": "2021-01-16T21:56:52Z",
        "status": "running",
        "errors": [],
        "tasks": {
          "details": {
            "name": "AnalyzeOperationWithPHIDomain",
            "lastUpdateDateTime": "2021-01-15T21:56:53Z"
          },
          "completed": 0,
          "failed": 0,
          "inProgress": 1,
          "total": 1
        }
      }
    },
    {
      "RequestUri": "https://ta-s-westeurope.cognitiveservices.azure.com/text/analytics/v3.1-preview.3/analyze/jobs/33f97eb5-9568-463d-889c-3d428403bd08_637462656000000000?showStats=false",
      "RequestMethod": "GET",
      "RequestHeaders": {
        "Accept": "application/json, text/json",
        "Ocp-Apim-Subscription-Key": "Sanitized",
        "User-Agent": "azsdk-net-AI.TextAnalytics/5.1.0-alpha.20210115.1 (.NET Framework 4.8.4250.0; Microsoft Windows 10.0.19042 )",
        "x-ms-client-request-id": "5f452328f72383b84ce66e44bab9c4b1",
        "x-ms-return-client-request-id": "true"
      },
      "RequestBody": null,
      "StatusCode": 200,
      "ResponseHeaders": {
        "apim-request-id": "be7782f4-b454-47cb-939c-bd561b567690",
        "Content-Type": "application/json; charset=utf-8",
        "Date": "Fri, 15 Jan 2021 21:58:29 GMT",
        "Strict-Transport-Security": "max-age=31536000; includeSubDomains; preload",
        "Transfer-Encoding": "chunked",
        "x-content-type-options": "nosniff",
        "x-envoy-upstream-service-time": "45"
      },
      "ResponseBody": {
        "displayName": "AnalyzeOperationWithPHIDomain",
        "jobId": "33f97eb5-9568-463d-889c-3d428403bd08_637462656000000000",
        "lastUpdateDateTime": "2021-01-15T21:56:53Z",
        "createdDateTime": "2021-01-15T21:56:52Z",
        "expirationDateTime": "2021-01-16T21:56:52Z",
        "status": "running",
        "errors": [],
        "tasks": {
          "details": {
            "name": "AnalyzeOperationWithPHIDomain",
            "lastUpdateDateTime": "2021-01-15T21:56:53Z"
          },
          "completed": 0,
          "failed": 0,
          "inProgress": 1,
          "total": 1
        }
      }
    },
    {
      "RequestUri": "https://ta-s-westeurope.cognitiveservices.azure.com/text/analytics/v3.1-preview.3/analyze/jobs/33f97eb5-9568-463d-889c-3d428403bd08_637462656000000000?showStats=false",
      "RequestMethod": "GET",
      "RequestHeaders": {
        "Accept": "application/json, text/json",
        "Ocp-Apim-Subscription-Key": "Sanitized",
        "User-Agent": "azsdk-net-AI.TextAnalytics/5.1.0-alpha.20210115.1 (.NET Framework 4.8.4250.0; Microsoft Windows 10.0.19042 )",
        "x-ms-client-request-id": "4655e01b890ded2f8a1a0fe80acfb720",
        "x-ms-return-client-request-id": "true"
      },
      "RequestBody": null,
      "StatusCode": 200,
      "ResponseHeaders": {
        "apim-request-id": "4cc61a38-be3f-463b-a38c-33749afc2f50",
        "Content-Type": "application/json; charset=utf-8",
        "Date": "Fri, 15 Jan 2021 21:58:30 GMT",
        "Strict-Transport-Security": "max-age=31536000; includeSubDomains; preload",
        "Transfer-Encoding": "chunked",
        "x-content-type-options": "nosniff",
        "x-envoy-upstream-service-time": "60"
      },
      "ResponseBody": {
        "displayName": "AnalyzeOperationWithPHIDomain",
        "jobId": "33f97eb5-9568-463d-889c-3d428403bd08_637462656000000000",
        "lastUpdateDateTime": "2021-01-15T21:56:53Z",
        "createdDateTime": "2021-01-15T21:56:52Z",
        "expirationDateTime": "2021-01-16T21:56:52Z",
        "status": "running",
        "errors": [],
        "tasks": {
          "details": {
            "name": "AnalyzeOperationWithPHIDomain",
            "lastUpdateDateTime": "2021-01-15T21:56:53Z"
          },
          "completed": 0,
          "failed": 0,
          "inProgress": 1,
          "total": 1
        }
      }
    },
    {
      "RequestUri": "https://ta-s-westeurope.cognitiveservices.azure.com/text/analytics/v3.1-preview.3/analyze/jobs/33f97eb5-9568-463d-889c-3d428403bd08_637462656000000000?showStats=false",
      "RequestMethod": "GET",
      "RequestHeaders": {
        "Accept": "application/json, text/json",
        "Ocp-Apim-Subscription-Key": "Sanitized",
        "User-Agent": "azsdk-net-AI.TextAnalytics/5.1.0-alpha.20210115.1 (.NET Framework 4.8.4250.0; Microsoft Windows 10.0.19042 )",
        "x-ms-client-request-id": "505260377d03d8ad3b497782fe16b109",
        "x-ms-return-client-request-id": "true"
      },
      "RequestBody": null,
      "StatusCode": 200,
      "ResponseHeaders": {
        "apim-request-id": "594a55a7-0f6a-4dd7-ab63-416d64c50586",
        "Content-Type": "application/json; charset=utf-8",
        "Date": "Fri, 15 Jan 2021 21:58:31 GMT",
        "Strict-Transport-Security": "max-age=31536000; includeSubDomains; preload",
        "Transfer-Encoding": "chunked",
        "x-content-type-options": "nosniff",
        "x-envoy-upstream-service-time": "30"
      },
      "ResponseBody": {
        "displayName": "AnalyzeOperationWithPHIDomain",
        "jobId": "33f97eb5-9568-463d-889c-3d428403bd08_637462656000000000",
        "lastUpdateDateTime": "2021-01-15T21:56:53Z",
        "createdDateTime": "2021-01-15T21:56:52Z",
        "expirationDateTime": "2021-01-16T21:56:52Z",
        "status": "running",
        "errors": [],
        "tasks": {
          "details": {
            "name": "AnalyzeOperationWithPHIDomain",
            "lastUpdateDateTime": "2021-01-15T21:56:53Z"
          },
          "completed": 0,
          "failed": 0,
          "inProgress": 1,
          "total": 1
        }
      }
    },
    {
      "RequestUri": "https://ta-s-westeurope.cognitiveservices.azure.com/text/analytics/v3.1-preview.3/analyze/jobs/33f97eb5-9568-463d-889c-3d428403bd08_637462656000000000?showStats=false",
      "RequestMethod": "GET",
      "RequestHeaders": {
        "Accept": "application/json, text/json",
        "Ocp-Apim-Subscription-Key": "Sanitized",
        "User-Agent": "azsdk-net-AI.TextAnalytics/5.1.0-alpha.20210115.1 (.NET Framework 4.8.4250.0; Microsoft Windows 10.0.19042 )",
        "x-ms-client-request-id": "174a7b270f739fb5f458d508e7cf797c",
        "x-ms-return-client-request-id": "true"
      },
      "RequestBody": null,
      "StatusCode": 200,
      "ResponseHeaders": {
        "apim-request-id": "c86b2f9f-dd69-418f-a5b5-c8c2933d1101",
        "Content-Type": "application/json; charset=utf-8",
        "Date": "Fri, 15 Jan 2021 21:58:32 GMT",
        "Strict-Transport-Security": "max-age=31536000; includeSubDomains; preload",
        "Transfer-Encoding": "chunked",
        "x-content-type-options": "nosniff",
        "x-envoy-upstream-service-time": "48"
      },
      "ResponseBody": {
        "displayName": "AnalyzeOperationWithPHIDomain",
        "jobId": "33f97eb5-9568-463d-889c-3d428403bd08_637462656000000000",
        "lastUpdateDateTime": "2021-01-15T21:56:53Z",
        "createdDateTime": "2021-01-15T21:56:52Z",
        "expirationDateTime": "2021-01-16T21:56:52Z",
        "status": "running",
        "errors": [],
        "tasks": {
          "details": {
            "name": "AnalyzeOperationWithPHIDomain",
            "lastUpdateDateTime": "2021-01-15T21:56:53Z"
          },
          "completed": 0,
          "failed": 0,
          "inProgress": 1,
          "total": 1
        }
      }
    },
    {
      "RequestUri": "https://ta-s-westeurope.cognitiveservices.azure.com/text/analytics/v3.1-preview.3/analyze/jobs/33f97eb5-9568-463d-889c-3d428403bd08_637462656000000000?showStats=false",
      "RequestMethod": "GET",
      "RequestHeaders": {
        "Accept": "application/json, text/json",
        "Ocp-Apim-Subscription-Key": "Sanitized",
        "User-Agent": "azsdk-net-AI.TextAnalytics/5.1.0-alpha.20210115.1 (.NET Framework 4.8.4250.0; Microsoft Windows 10.0.19042 )",
        "x-ms-client-request-id": "5a0d4d2f73679dae327c0bc411adee74",
        "x-ms-return-client-request-id": "true"
      },
      "RequestBody": null,
      "StatusCode": 200,
      "ResponseHeaders": {
        "apim-request-id": "0133b4cd-45b9-49ad-a614-96a786e6e754",
        "Content-Type": "application/json; charset=utf-8",
        "Date": "Fri, 15 Jan 2021 21:58:33 GMT",
        "Strict-Transport-Security": "max-age=31536000; includeSubDomains; preload",
        "Transfer-Encoding": "chunked",
        "x-content-type-options": "nosniff",
        "x-envoy-upstream-service-time": "38"
      },
      "ResponseBody": {
        "displayName": "AnalyzeOperationWithPHIDomain",
        "jobId": "33f97eb5-9568-463d-889c-3d428403bd08_637462656000000000",
        "lastUpdateDateTime": "2021-01-15T21:56:53Z",
        "createdDateTime": "2021-01-15T21:56:52Z",
        "expirationDateTime": "2021-01-16T21:56:52Z",
        "status": "running",
        "errors": [],
        "tasks": {
          "details": {
            "name": "AnalyzeOperationWithPHIDomain",
            "lastUpdateDateTime": "2021-01-15T21:56:53Z"
          },
          "completed": 0,
          "failed": 0,
          "inProgress": 1,
          "total": 1
        }
      }
    },
    {
      "RequestUri": "https://ta-s-westeurope.cognitiveservices.azure.com/text/analytics/v3.1-preview.3/analyze/jobs/33f97eb5-9568-463d-889c-3d428403bd08_637462656000000000?showStats=false",
      "RequestMethod": "GET",
      "RequestHeaders": {
        "Accept": "application/json, text/json",
        "Ocp-Apim-Subscription-Key": "Sanitized",
        "User-Agent": "azsdk-net-AI.TextAnalytics/5.1.0-alpha.20210115.1 (.NET Framework 4.8.4250.0; Microsoft Windows 10.0.19042 )",
        "x-ms-client-request-id": "8ec10668a08527adaab35caba8a4f16b",
        "x-ms-return-client-request-id": "true"
      },
      "RequestBody": null,
      "StatusCode": 200,
      "ResponseHeaders": {
        "apim-request-id": "99b46ef7-bddd-4661-8481-de832f679126",
        "Content-Type": "application/json; charset=utf-8",
        "Date": "Fri, 15 Jan 2021 21:58:35 GMT",
        "Strict-Transport-Security": "max-age=31536000; includeSubDomains; preload",
        "Transfer-Encoding": "chunked",
        "x-content-type-options": "nosniff",
        "x-envoy-upstream-service-time": "49"
      },
      "ResponseBody": {
        "displayName": "AnalyzeOperationWithPHIDomain",
        "jobId": "33f97eb5-9568-463d-889c-3d428403bd08_637462656000000000",
        "lastUpdateDateTime": "2021-01-15T21:56:53Z",
        "createdDateTime": "2021-01-15T21:56:52Z",
        "expirationDateTime": "2021-01-16T21:56:52Z",
        "status": "running",
        "errors": [],
        "tasks": {
          "details": {
            "name": "AnalyzeOperationWithPHIDomain",
            "lastUpdateDateTime": "2021-01-15T21:56:53Z"
          },
          "completed": 0,
          "failed": 0,
          "inProgress": 1,
          "total": 1
        }
      }
    },
    {
      "RequestUri": "https://ta-s-westeurope.cognitiveservices.azure.com/text/analytics/v3.1-preview.3/analyze/jobs/33f97eb5-9568-463d-889c-3d428403bd08_637462656000000000?showStats=false",
      "RequestMethod": "GET",
      "RequestHeaders": {
        "Accept": "application/json, text/json",
        "Ocp-Apim-Subscription-Key": "Sanitized",
        "User-Agent": "azsdk-net-AI.TextAnalytics/5.1.0-alpha.20210115.1 (.NET Framework 4.8.4250.0; Microsoft Windows 10.0.19042 )",
        "x-ms-client-request-id": "b052fbd05708b3a2cdade4f604f18d46",
        "x-ms-return-client-request-id": "true"
      },
      "RequestBody": null,
      "StatusCode": 200,
      "ResponseHeaders": {
        "apim-request-id": "d18b1c32-ea21-433e-89d5-0b15e16fcc08",
        "Content-Type": "application/json; charset=utf-8",
        "Date": "Fri, 15 Jan 2021 21:58:36 GMT",
        "Strict-Transport-Security": "max-age=31536000; includeSubDomains; preload",
        "Transfer-Encoding": "chunked",
        "x-content-type-options": "nosniff",
        "x-envoy-upstream-service-time": "67"
      },
      "ResponseBody": {
        "displayName": "AnalyzeOperationWithPHIDomain",
        "jobId": "33f97eb5-9568-463d-889c-3d428403bd08_637462656000000000",
        "lastUpdateDateTime": "2021-01-15T21:56:53Z",
        "createdDateTime": "2021-01-15T21:56:52Z",
        "expirationDateTime": "2021-01-16T21:56:52Z",
        "status": "running",
        "errors": [],
        "tasks": {
          "details": {
            "name": "AnalyzeOperationWithPHIDomain",
            "lastUpdateDateTime": "2021-01-15T21:56:53Z"
          },
          "completed": 0,
          "failed": 0,
          "inProgress": 1,
          "total": 1
        }
      }
    },
    {
      "RequestUri": "https://ta-s-westeurope.cognitiveservices.azure.com/text/analytics/v3.1-preview.3/analyze/jobs/33f97eb5-9568-463d-889c-3d428403bd08_637462656000000000?showStats=false",
      "RequestMethod": "GET",
      "RequestHeaders": {
        "Accept": "application/json, text/json",
        "Ocp-Apim-Subscription-Key": "Sanitized",
        "User-Agent": "azsdk-net-AI.TextAnalytics/5.1.0-alpha.20210115.1 (.NET Framework 4.8.4250.0; Microsoft Windows 10.0.19042 )",
        "x-ms-client-request-id": "e19f6069ea0e8ff7a0e5b0b31702f58e",
        "x-ms-return-client-request-id": "true"
      },
      "RequestBody": null,
      "StatusCode": 200,
      "ResponseHeaders": {
        "apim-request-id": "1d5cb23e-f43a-4813-94c7-d9bbf2ad362d",
        "Content-Type": "application/json; charset=utf-8",
        "Date": "Fri, 15 Jan 2021 21:58:37 GMT",
        "Strict-Transport-Security": "max-age=31536000; includeSubDomains; preload",
        "Transfer-Encoding": "chunked",
        "x-content-type-options": "nosniff",
        "x-envoy-upstream-service-time": "58"
      },
      "ResponseBody": {
        "displayName": "AnalyzeOperationWithPHIDomain",
        "jobId": "33f97eb5-9568-463d-889c-3d428403bd08_637462656000000000",
        "lastUpdateDateTime": "2021-01-15T21:56:53Z",
        "createdDateTime": "2021-01-15T21:56:52Z",
        "expirationDateTime": "2021-01-16T21:56:52Z",
        "status": "running",
        "errors": [],
        "tasks": {
          "details": {
            "name": "AnalyzeOperationWithPHIDomain",
            "lastUpdateDateTime": "2021-01-15T21:56:53Z"
          },
          "completed": 0,
          "failed": 0,
          "inProgress": 1,
          "total": 1
        }
      }
    },
    {
      "RequestUri": "https://ta-s-westeurope.cognitiveservices.azure.com/text/analytics/v3.1-preview.3/analyze/jobs/33f97eb5-9568-463d-889c-3d428403bd08_637462656000000000?showStats=false",
      "RequestMethod": "GET",
      "RequestHeaders": {
        "Accept": "application/json, text/json",
        "Ocp-Apim-Subscription-Key": "Sanitized",
        "User-Agent": "azsdk-net-AI.TextAnalytics/5.1.0-alpha.20210115.1 (.NET Framework 4.8.4250.0; Microsoft Windows 10.0.19042 )",
        "x-ms-client-request-id": "16f39f8b3d5a116b640dc1d8bbb623b8",
        "x-ms-return-client-request-id": "true"
      },
      "RequestBody": null,
      "StatusCode": 200,
      "ResponseHeaders": {
        "apim-request-id": "a51cb115-52f6-4754-ae0c-110f516c69f8",
        "Content-Type": "application/json; charset=utf-8",
        "Date": "Fri, 15 Jan 2021 21:58:38 GMT",
        "Strict-Transport-Security": "max-age=31536000; includeSubDomains; preload",
        "Transfer-Encoding": "chunked",
        "x-content-type-options": "nosniff",
        "x-envoy-upstream-service-time": "79"
      },
      "ResponseBody": {
        "displayName": "AnalyzeOperationWithPHIDomain",
        "jobId": "33f97eb5-9568-463d-889c-3d428403bd08_637462656000000000",
        "lastUpdateDateTime": "2021-01-15T21:56:53Z",
        "createdDateTime": "2021-01-15T21:56:52Z",
        "expirationDateTime": "2021-01-16T21:56:52Z",
        "status": "running",
        "errors": [],
        "tasks": {
          "details": {
            "name": "AnalyzeOperationWithPHIDomain",
            "lastUpdateDateTime": "2021-01-15T21:56:53Z"
          },
          "completed": 0,
          "failed": 0,
          "inProgress": 1,
          "total": 1
        }
      }
    },
    {
      "RequestUri": "https://ta-s-westeurope.cognitiveservices.azure.com/text/analytics/v3.1-preview.3/analyze/jobs/33f97eb5-9568-463d-889c-3d428403bd08_637462656000000000?showStats=false",
      "RequestMethod": "GET",
      "RequestHeaders": {
        "Accept": "application/json, text/json",
        "Ocp-Apim-Subscription-Key": "Sanitized",
        "User-Agent": "azsdk-net-AI.TextAnalytics/5.1.0-alpha.20210115.1 (.NET Framework 4.8.4250.0; Microsoft Windows 10.0.19042 )",
        "x-ms-client-request-id": "474115251004e55c03c31023a6ee9cca",
        "x-ms-return-client-request-id": "true"
      },
      "RequestBody": null,
      "StatusCode": 200,
      "ResponseHeaders": {
        "apim-request-id": "886531f1-4df1-40eb-9197-6554562cc869",
        "Content-Type": "application/json; charset=utf-8",
        "Date": "Fri, 15 Jan 2021 21:58:40 GMT",
        "Strict-Transport-Security": "max-age=31536000; includeSubDomains; preload",
        "Transfer-Encoding": "chunked",
        "x-content-type-options": "nosniff",
        "x-envoy-upstream-service-time": "80"
      },
      "ResponseBody": {
        "displayName": "AnalyzeOperationWithPHIDomain",
        "jobId": "33f97eb5-9568-463d-889c-3d428403bd08_637462656000000000",
        "lastUpdateDateTime": "2021-01-15T21:56:53Z",
        "createdDateTime": "2021-01-15T21:56:52Z",
        "expirationDateTime": "2021-01-16T21:56:52Z",
        "status": "running",
        "errors": [],
        "tasks": {
          "details": {
            "name": "AnalyzeOperationWithPHIDomain",
            "lastUpdateDateTime": "2021-01-15T21:56:53Z"
          },
          "completed": 0,
          "failed": 0,
          "inProgress": 1,
          "total": 1
        }
      }
    },
    {
      "RequestUri": "https://ta-s-westeurope.cognitiveservices.azure.com/text/analytics/v3.1-preview.3/analyze/jobs/33f97eb5-9568-463d-889c-3d428403bd08_637462656000000000?showStats=false",
      "RequestMethod": "GET",
      "RequestHeaders": {
        "Accept": "application/json, text/json",
        "Ocp-Apim-Subscription-Key": "Sanitized",
        "User-Agent": "azsdk-net-AI.TextAnalytics/5.1.0-alpha.20210115.1 (.NET Framework 4.8.4250.0; Microsoft Windows 10.0.19042 )",
        "x-ms-client-request-id": "646b55b777fd2cecf58e7c01291fd3e9",
        "x-ms-return-client-request-id": "true"
      },
      "RequestBody": null,
      "StatusCode": 200,
      "ResponseHeaders": {
        "apim-request-id": "c4172df2-1873-440d-bd6a-ac3545ee98a7",
        "Content-Type": "application/json; charset=utf-8",
        "Date": "Fri, 15 Jan 2021 21:58:41 GMT",
        "Strict-Transport-Security": "max-age=31536000; includeSubDomains; preload",
        "Transfer-Encoding": "chunked",
        "x-content-type-options": "nosniff",
        "x-envoy-upstream-service-time": "43"
      },
      "ResponseBody": {
        "displayName": "AnalyzeOperationWithPHIDomain",
        "jobId": "33f97eb5-9568-463d-889c-3d428403bd08_637462656000000000",
        "lastUpdateDateTime": "2021-01-15T21:56:53Z",
        "createdDateTime": "2021-01-15T21:56:52Z",
        "expirationDateTime": "2021-01-16T21:56:52Z",
        "status": "running",
        "errors": [],
        "tasks": {
          "details": {
            "name": "AnalyzeOperationWithPHIDomain",
            "lastUpdateDateTime": "2021-01-15T21:56:53Z"
          },
          "completed": 0,
          "failed": 0,
          "inProgress": 1,
          "total": 1
        }
      }
    },
    {
      "RequestUri": "https://ta-s-westeurope.cognitiveservices.azure.com/text/analytics/v3.1-preview.3/analyze/jobs/33f97eb5-9568-463d-889c-3d428403bd08_637462656000000000?showStats=false",
      "RequestMethod": "GET",
      "RequestHeaders": {
        "Accept": "application/json, text/json",
        "Ocp-Apim-Subscription-Key": "Sanitized",
        "User-Agent": "azsdk-net-AI.TextAnalytics/5.1.0-alpha.20210115.1 (.NET Framework 4.8.4250.0; Microsoft Windows 10.0.19042 )",
        "x-ms-client-request-id": "018ef7c2adc17b89430e12972d486a75",
        "x-ms-return-client-request-id": "true"
      },
      "RequestBody": null,
      "StatusCode": 200,
      "ResponseHeaders": {
        "apim-request-id": "7d1c88b7-4973-47fd-899e-0e46c1c25f63",
        "Content-Type": "application/json; charset=utf-8",
        "Date": "Fri, 15 Jan 2021 21:58:42 GMT",
        "Strict-Transport-Security": "max-age=31536000; includeSubDomains; preload",
        "Transfer-Encoding": "chunked",
        "x-content-type-options": "nosniff",
        "x-envoy-upstream-service-time": "44"
      },
      "ResponseBody": {
        "displayName": "AnalyzeOperationWithPHIDomain",
        "jobId": "33f97eb5-9568-463d-889c-3d428403bd08_637462656000000000",
        "lastUpdateDateTime": "2021-01-15T21:56:53Z",
        "createdDateTime": "2021-01-15T21:56:52Z",
        "expirationDateTime": "2021-01-16T21:56:52Z",
        "status": "running",
        "errors": [],
        "tasks": {
          "details": {
            "name": "AnalyzeOperationWithPHIDomain",
            "lastUpdateDateTime": "2021-01-15T21:56:53Z"
          },
          "completed": 0,
          "failed": 0,
          "inProgress": 1,
          "total": 1
        }
      }
    },
    {
      "RequestUri": "https://ta-s-westeurope.cognitiveservices.azure.com/text/analytics/v3.1-preview.3/analyze/jobs/33f97eb5-9568-463d-889c-3d428403bd08_637462656000000000?showStats=false",
      "RequestMethod": "GET",
      "RequestHeaders": {
        "Accept": "application/json, text/json",
        "Ocp-Apim-Subscription-Key": "Sanitized",
        "User-Agent": "azsdk-net-AI.TextAnalytics/5.1.0-alpha.20210115.1 (.NET Framework 4.8.4250.0; Microsoft Windows 10.0.19042 )",
        "x-ms-client-request-id": "6520f670be4aadba29155276935bbbe3",
        "x-ms-return-client-request-id": "true"
      },
      "RequestBody": null,
      "StatusCode": 200,
      "ResponseHeaders": {
        "apim-request-id": "f0d4500d-452d-41d9-a907-803f73ad0e0f",
        "Content-Type": "application/json; charset=utf-8",
        "Date": "Fri, 15 Jan 2021 21:58:43 GMT",
        "Strict-Transport-Security": "max-age=31536000; includeSubDomains; preload",
        "Transfer-Encoding": "chunked",
        "x-content-type-options": "nosniff",
        "x-envoy-upstream-service-time": "64"
      },
      "ResponseBody": {
        "displayName": "AnalyzeOperationWithPHIDomain",
        "jobId": "33f97eb5-9568-463d-889c-3d428403bd08_637462656000000000",
        "lastUpdateDateTime": "2021-01-15T21:56:53Z",
        "createdDateTime": "2021-01-15T21:56:52Z",
        "expirationDateTime": "2021-01-16T21:56:52Z",
        "status": "running",
        "errors": [],
        "tasks": {
          "details": {
            "name": "AnalyzeOperationWithPHIDomain",
            "lastUpdateDateTime": "2021-01-15T21:56:53Z"
          },
          "completed": 0,
          "failed": 0,
          "inProgress": 1,
          "total": 1
        }
      }
    },
    {
      "RequestUri": "https://ta-s-westeurope.cognitiveservices.azure.com/text/analytics/v3.1-preview.3/analyze/jobs/33f97eb5-9568-463d-889c-3d428403bd08_637462656000000000?showStats=false",
      "RequestMethod": "GET",
      "RequestHeaders": {
        "Accept": "application/json, text/json",
        "Ocp-Apim-Subscription-Key": "Sanitized",
        "User-Agent": "azsdk-net-AI.TextAnalytics/5.1.0-alpha.20210115.1 (.NET Framework 4.8.4250.0; Microsoft Windows 10.0.19042 )",
        "x-ms-client-request-id": "af6026ef9b600a08ccf021ef6454fead",
        "x-ms-return-client-request-id": "true"
      },
      "RequestBody": null,
      "StatusCode": 200,
      "ResponseHeaders": {
        "apim-request-id": "f2c2a138-08bc-469a-bb86-7afa5ece88a8",
        "Content-Type": "application/json; charset=utf-8",
        "Date": "Fri, 15 Jan 2021 21:58:44 GMT",
        "Strict-Transport-Security": "max-age=31536000; includeSubDomains; preload",
        "Transfer-Encoding": "chunked",
        "x-content-type-options": "nosniff",
        "x-envoy-upstream-service-time": "68"
      },
      "ResponseBody": {
        "displayName": "AnalyzeOperationWithPHIDomain",
        "jobId": "33f97eb5-9568-463d-889c-3d428403bd08_637462656000000000",
        "lastUpdateDateTime": "2021-01-15T21:56:53Z",
        "createdDateTime": "2021-01-15T21:56:52Z",
        "expirationDateTime": "2021-01-16T21:56:52Z",
        "status": "running",
        "errors": [],
        "tasks": {
          "details": {
            "name": "AnalyzeOperationWithPHIDomain",
            "lastUpdateDateTime": "2021-01-15T21:56:53Z"
          },
          "completed": 0,
          "failed": 0,
          "inProgress": 1,
          "total": 1
        }
      }
    },
    {
      "RequestUri": "https://ta-s-westeurope.cognitiveservices.azure.com/text/analytics/v3.1-preview.3/analyze/jobs/33f97eb5-9568-463d-889c-3d428403bd08_637462656000000000?showStats=false",
      "RequestMethod": "GET",
      "RequestHeaders": {
        "Accept": "application/json, text/json",
        "Ocp-Apim-Subscription-Key": "Sanitized",
        "User-Agent": "azsdk-net-AI.TextAnalytics/5.1.0-alpha.20210115.1 (.NET Framework 4.8.4250.0; Microsoft Windows 10.0.19042 )",
        "x-ms-client-request-id": "329006236dff039f3de0d7ac5a13e8e8",
        "x-ms-return-client-request-id": "true"
      },
      "RequestBody": null,
      "StatusCode": 200,
      "ResponseHeaders": {
        "apim-request-id": "819d51a8-643f-4bf5-a87f-05a88f92e501",
        "Content-Type": "application/json; charset=utf-8",
        "Date": "Fri, 15 Jan 2021 21:58:46 GMT",
        "Strict-Transport-Security": "max-age=31536000; includeSubDomains; preload",
        "Transfer-Encoding": "chunked",
        "x-content-type-options": "nosniff",
        "x-envoy-upstream-service-time": "60"
      },
      "ResponseBody": {
        "displayName": "AnalyzeOperationWithPHIDomain",
        "jobId": "33f97eb5-9568-463d-889c-3d428403bd08_637462656000000000",
        "lastUpdateDateTime": "2021-01-15T21:56:53Z",
        "createdDateTime": "2021-01-15T21:56:52Z",
        "expirationDateTime": "2021-01-16T21:56:52Z",
        "status": "running",
        "errors": [],
        "tasks": {
          "details": {
            "name": "AnalyzeOperationWithPHIDomain",
            "lastUpdateDateTime": "2021-01-15T21:56:53Z"
          },
          "completed": 0,
          "failed": 0,
          "inProgress": 1,
          "total": 1
        }
      }
    },
    {
      "RequestUri": "https://ta-s-westeurope.cognitiveservices.azure.com/text/analytics/v3.1-preview.3/analyze/jobs/33f97eb5-9568-463d-889c-3d428403bd08_637462656000000000?showStats=false",
      "RequestMethod": "GET",
      "RequestHeaders": {
        "Accept": "application/json, text/json",
        "Ocp-Apim-Subscription-Key": "Sanitized",
        "User-Agent": "azsdk-net-AI.TextAnalytics/5.1.0-alpha.20210115.1 (.NET Framework 4.8.4250.0; Microsoft Windows 10.0.19042 )",
        "x-ms-client-request-id": "06a72f52bbe7d515ee15995a9dcb49d5",
        "x-ms-return-client-request-id": "true"
      },
      "RequestBody": null,
      "StatusCode": 200,
      "ResponseHeaders": {
        "apim-request-id": "4382a7fb-a9a5-4f2d-8f1b-f4dfbfa8da43",
        "Content-Type": "application/json; charset=utf-8",
        "Date": "Fri, 15 Jan 2021 21:58:47 GMT",
        "Strict-Transport-Security": "max-age=31536000; includeSubDomains; preload",
        "Transfer-Encoding": "chunked",
        "x-content-type-options": "nosniff",
        "x-envoy-upstream-service-time": "51"
      },
      "ResponseBody": {
        "displayName": "AnalyzeOperationWithPHIDomain",
        "jobId": "33f97eb5-9568-463d-889c-3d428403bd08_637462656000000000",
        "lastUpdateDateTime": "2021-01-15T21:56:53Z",
        "createdDateTime": "2021-01-15T21:56:52Z",
        "expirationDateTime": "2021-01-16T21:56:52Z",
        "status": "running",
        "errors": [],
        "tasks": {
          "details": {
            "name": "AnalyzeOperationWithPHIDomain",
            "lastUpdateDateTime": "2021-01-15T21:56:53Z"
          },
          "completed": 0,
          "failed": 0,
          "inProgress": 1,
          "total": 1
        }
      }
    },
    {
      "RequestUri": "https://ta-s-westeurope.cognitiveservices.azure.com/text/analytics/v3.1-preview.3/analyze/jobs/33f97eb5-9568-463d-889c-3d428403bd08_637462656000000000?showStats=false",
      "RequestMethod": "GET",
      "RequestHeaders": {
        "Accept": "application/json, text/json",
        "Ocp-Apim-Subscription-Key": "Sanitized",
        "User-Agent": "azsdk-net-AI.TextAnalytics/5.1.0-alpha.20210115.1 (.NET Framework 4.8.4250.0; Microsoft Windows 10.0.19042 )",
        "x-ms-client-request-id": "8c53a51688ca81e4875d717fc45cafb8",
        "x-ms-return-client-request-id": "true"
      },
      "RequestBody": null,
      "StatusCode": 200,
      "ResponseHeaders": {
        "apim-request-id": "882da9af-834f-43d0-b865-1a198f891458",
        "Content-Type": "application/json; charset=utf-8",
        "Date": "Fri, 15 Jan 2021 21:58:48 GMT",
        "Strict-Transport-Security": "max-age=31536000; includeSubDomains; preload",
        "Transfer-Encoding": "chunked",
        "x-content-type-options": "nosniff",
        "x-envoy-upstream-service-time": "68"
      },
      "ResponseBody": {
        "displayName": "AnalyzeOperationWithPHIDomain",
        "jobId": "33f97eb5-9568-463d-889c-3d428403bd08_637462656000000000",
        "lastUpdateDateTime": "2021-01-15T21:56:53Z",
        "createdDateTime": "2021-01-15T21:56:52Z",
        "expirationDateTime": "2021-01-16T21:56:52Z",
        "status": "running",
        "errors": [],
        "tasks": {
          "details": {
            "name": "AnalyzeOperationWithPHIDomain",
            "lastUpdateDateTime": "2021-01-15T21:56:53Z"
          },
          "completed": 0,
          "failed": 0,
          "inProgress": 1,
          "total": 1
        }
      }
    },
    {
      "RequestUri": "https://ta-s-westeurope.cognitiveservices.azure.com/text/analytics/v3.1-preview.3/analyze/jobs/33f97eb5-9568-463d-889c-3d428403bd08_637462656000000000?showStats=false",
      "RequestMethod": "GET",
      "RequestHeaders": {
        "Accept": "application/json, text/json",
        "Ocp-Apim-Subscription-Key": "Sanitized",
        "User-Agent": "azsdk-net-AI.TextAnalytics/5.1.0-alpha.20210115.1 (.NET Framework 4.8.4250.0; Microsoft Windows 10.0.19042 )",
        "x-ms-client-request-id": "359c3808f8ad67c5f1bb44e9d4446572",
        "x-ms-return-client-request-id": "true"
      },
      "RequestBody": null,
      "StatusCode": 200,
      "ResponseHeaders": {
        "apim-request-id": "fe25e66d-5674-4b8e-822d-5f676f03c6cf",
        "Content-Type": "application/json; charset=utf-8",
        "Date": "Fri, 15 Jan 2021 21:58:49 GMT",
        "Strict-Transport-Security": "max-age=31536000; includeSubDomains; preload",
        "Transfer-Encoding": "chunked",
        "x-content-type-options": "nosniff",
        "x-envoy-upstream-service-time": "61"
      },
      "ResponseBody": {
        "displayName": "AnalyzeOperationWithPHIDomain",
        "jobId": "33f97eb5-9568-463d-889c-3d428403bd08_637462656000000000",
        "lastUpdateDateTime": "2021-01-15T21:56:53Z",
        "createdDateTime": "2021-01-15T21:56:52Z",
        "expirationDateTime": "2021-01-16T21:56:52Z",
        "status": "running",
        "errors": [],
        "tasks": {
          "details": {
            "name": "AnalyzeOperationWithPHIDomain",
            "lastUpdateDateTime": "2021-01-15T21:56:53Z"
          },
          "completed": 0,
          "failed": 0,
          "inProgress": 1,
          "total": 1
        }
      }
    },
    {
      "RequestUri": "https://ta-s-westeurope.cognitiveservices.azure.com/text/analytics/v3.1-preview.3/analyze/jobs/33f97eb5-9568-463d-889c-3d428403bd08_637462656000000000?showStats=false",
      "RequestMethod": "GET",
      "RequestHeaders": {
        "Accept": "application/json, text/json",
        "Ocp-Apim-Subscription-Key": "Sanitized",
        "User-Agent": "azsdk-net-AI.TextAnalytics/5.1.0-alpha.20210115.1 (.NET Framework 4.8.4250.0; Microsoft Windows 10.0.19042 )",
        "x-ms-client-request-id": "b59602975bc0ca1d4a257f894a961191",
        "x-ms-return-client-request-id": "true"
      },
      "RequestBody": null,
      "StatusCode": 200,
      "ResponseHeaders": {
        "apim-request-id": "a7a46f2e-6806-4749-8f0e-5332ceb46ea2",
        "Content-Type": "application/json; charset=utf-8",
        "Date": "Fri, 15 Jan 2021 21:58:50 GMT",
        "Strict-Transport-Security": "max-age=31536000; includeSubDomains; preload",
        "Transfer-Encoding": "chunked",
        "x-content-type-options": "nosniff",
        "x-envoy-upstream-service-time": "53"
      },
      "ResponseBody": {
        "displayName": "AnalyzeOperationWithPHIDomain",
        "jobId": "33f97eb5-9568-463d-889c-3d428403bd08_637462656000000000",
        "lastUpdateDateTime": "2021-01-15T21:56:53Z",
        "createdDateTime": "2021-01-15T21:56:52Z",
        "expirationDateTime": "2021-01-16T21:56:52Z",
        "status": "running",
        "errors": [],
        "tasks": {
          "details": {
            "name": "AnalyzeOperationWithPHIDomain",
            "lastUpdateDateTime": "2021-01-15T21:56:53Z"
          },
          "completed": 0,
          "failed": 0,
          "inProgress": 1,
          "total": 1
        }
      }
    },
    {
      "RequestUri": "https://ta-s-westeurope.cognitiveservices.azure.com/text/analytics/v3.1-preview.3/analyze/jobs/33f97eb5-9568-463d-889c-3d428403bd08_637462656000000000?showStats=false",
      "RequestMethod": "GET",
      "RequestHeaders": {
        "Accept": "application/json, text/json",
        "Ocp-Apim-Subscription-Key": "Sanitized",
        "User-Agent": "azsdk-net-AI.TextAnalytics/5.1.0-alpha.20210115.1 (.NET Framework 4.8.4250.0; Microsoft Windows 10.0.19042 )",
        "x-ms-client-request-id": "6552e166132e1d28dfeb9b0e44faad42",
        "x-ms-return-client-request-id": "true"
      },
      "RequestBody": null,
      "StatusCode": 200,
      "ResponseHeaders": {
        "apim-request-id": "6587942c-efe0-4879-a8b2-5891b83ef4f8",
        "Content-Type": "application/json; charset=utf-8",
        "Date": "Fri, 15 Jan 2021 21:58:51 GMT",
        "Strict-Transport-Security": "max-age=31536000; includeSubDomains; preload",
        "Transfer-Encoding": "chunked",
        "x-content-type-options": "nosniff",
        "x-envoy-upstream-service-time": "54"
      },
      "ResponseBody": {
        "displayName": "AnalyzeOperationWithPHIDomain",
        "jobId": "33f97eb5-9568-463d-889c-3d428403bd08_637462656000000000",
        "lastUpdateDateTime": "2021-01-15T21:56:53Z",
        "createdDateTime": "2021-01-15T21:56:52Z",
        "expirationDateTime": "2021-01-16T21:56:52Z",
        "status": "running",
        "errors": [],
        "tasks": {
          "details": {
            "name": "AnalyzeOperationWithPHIDomain",
            "lastUpdateDateTime": "2021-01-15T21:56:53Z"
          },
          "completed": 0,
          "failed": 0,
          "inProgress": 1,
          "total": 1
        }
      }
    },
    {
      "RequestUri": "https://ta-s-westeurope.cognitiveservices.azure.com/text/analytics/v3.1-preview.3/analyze/jobs/33f97eb5-9568-463d-889c-3d428403bd08_637462656000000000?showStats=false",
      "RequestMethod": "GET",
      "RequestHeaders": {
        "Accept": "application/json, text/json",
        "Ocp-Apim-Subscription-Key": "Sanitized",
        "User-Agent": "azsdk-net-AI.TextAnalytics/5.1.0-alpha.20210115.1 (.NET Framework 4.8.4250.0; Microsoft Windows 10.0.19042 )",
        "x-ms-client-request-id": "c2e8fff7fac6acf81ad2ea87783c1d5a",
        "x-ms-return-client-request-id": "true"
      },
      "RequestBody": null,
      "StatusCode": 200,
      "ResponseHeaders": {
        "apim-request-id": "014b5071-618c-4801-bec0-632e63804b12",
        "Content-Type": "application/json; charset=utf-8",
        "Date": "Fri, 15 Jan 2021 21:58:53 GMT",
        "Strict-Transport-Security": "max-age=31536000; includeSubDomains; preload",
        "Transfer-Encoding": "chunked",
        "x-content-type-options": "nosniff",
        "x-envoy-upstream-service-time": "61"
      },
      "ResponseBody": {
        "displayName": "AnalyzeOperationWithPHIDomain",
        "jobId": "33f97eb5-9568-463d-889c-3d428403bd08_637462656000000000",
        "lastUpdateDateTime": "2021-01-15T21:56:53Z",
        "createdDateTime": "2021-01-15T21:56:52Z",
        "expirationDateTime": "2021-01-16T21:56:52Z",
        "status": "running",
        "errors": [],
        "tasks": {
          "details": {
            "name": "AnalyzeOperationWithPHIDomain",
            "lastUpdateDateTime": "2021-01-15T21:56:53Z"
          },
          "completed": 0,
          "failed": 0,
          "inProgress": 1,
          "total": 1
        }
      }
    },
    {
      "RequestUri": "https://ta-s-westeurope.cognitiveservices.azure.com/text/analytics/v3.1-preview.3/analyze/jobs/33f97eb5-9568-463d-889c-3d428403bd08_637462656000000000?showStats=false",
      "RequestMethod": "GET",
      "RequestHeaders": {
        "Accept": "application/json, text/json",
        "Ocp-Apim-Subscription-Key": "Sanitized",
        "User-Agent": "azsdk-net-AI.TextAnalytics/5.1.0-alpha.20210115.1 (.NET Framework 4.8.4250.0; Microsoft Windows 10.0.19042 )",
        "x-ms-client-request-id": "f283b3aa00f28343d978d6d4c00f8550",
        "x-ms-return-client-request-id": "true"
      },
      "RequestBody": null,
      "StatusCode": 200,
      "ResponseHeaders": {
        "apim-request-id": "7957c353-60c0-4442-b31f-75b2ce2580d0",
        "Content-Type": "application/json; charset=utf-8",
        "Date": "Fri, 15 Jan 2021 21:58:54 GMT",
        "Strict-Transport-Security": "max-age=31536000; includeSubDomains; preload",
        "Transfer-Encoding": "chunked",
        "x-content-type-options": "nosniff",
        "x-envoy-upstream-service-time": "45"
      },
      "ResponseBody": {
        "displayName": "AnalyzeOperationWithPHIDomain",
        "jobId": "33f97eb5-9568-463d-889c-3d428403bd08_637462656000000000",
        "lastUpdateDateTime": "2021-01-15T21:56:53Z",
        "createdDateTime": "2021-01-15T21:56:52Z",
        "expirationDateTime": "2021-01-16T21:56:52Z",
        "status": "running",
        "errors": [],
        "tasks": {
          "details": {
            "name": "AnalyzeOperationWithPHIDomain",
            "lastUpdateDateTime": "2021-01-15T21:56:53Z"
          },
          "completed": 0,
          "failed": 0,
          "inProgress": 1,
          "total": 1
        }
      }
    },
    {
      "RequestUri": "https://ta-s-westeurope.cognitiveservices.azure.com/text/analytics/v3.1-preview.3/analyze/jobs/33f97eb5-9568-463d-889c-3d428403bd08_637462656000000000?showStats=false",
      "RequestMethod": "GET",
      "RequestHeaders": {
        "Accept": "application/json, text/json",
        "Ocp-Apim-Subscription-Key": "Sanitized",
        "User-Agent": "azsdk-net-AI.TextAnalytics/5.1.0-alpha.20210115.1 (.NET Framework 4.8.4250.0; Microsoft Windows 10.0.19042 )",
        "x-ms-client-request-id": "4a913c774ead6bcbe9a54a5c28a0a4a3",
        "x-ms-return-client-request-id": "true"
      },
      "RequestBody": null,
      "StatusCode": 200,
      "ResponseHeaders": {
        "apim-request-id": "4b17d388-cadb-44c6-9062-438ce2582d79",
        "Content-Type": "application/json; charset=utf-8",
        "Date": "Fri, 15 Jan 2021 21:58:55 GMT",
        "Strict-Transport-Security": "max-age=31536000; includeSubDomains; preload",
        "Transfer-Encoding": "chunked",
        "x-content-type-options": "nosniff",
        "x-envoy-upstream-service-time": "62"
      },
      "ResponseBody": {
        "displayName": "AnalyzeOperationWithPHIDomain",
        "jobId": "33f97eb5-9568-463d-889c-3d428403bd08_637462656000000000",
        "lastUpdateDateTime": "2021-01-15T21:56:53Z",
        "createdDateTime": "2021-01-15T21:56:52Z",
        "expirationDateTime": "2021-01-16T21:56:52Z",
        "status": "running",
        "errors": [],
        "tasks": {
          "details": {
            "name": "AnalyzeOperationWithPHIDomain",
            "lastUpdateDateTime": "2021-01-15T21:56:53Z"
          },
          "completed": 0,
          "failed": 0,
          "inProgress": 1,
          "total": 1
        }
      }
    },
    {
      "RequestUri": "https://ta-s-westeurope.cognitiveservices.azure.com/text/analytics/v3.1-preview.3/analyze/jobs/33f97eb5-9568-463d-889c-3d428403bd08_637462656000000000?showStats=false",
      "RequestMethod": "GET",
      "RequestHeaders": {
        "Accept": "application/json, text/json",
        "Ocp-Apim-Subscription-Key": "Sanitized",
        "User-Agent": "azsdk-net-AI.TextAnalytics/5.1.0-alpha.20210115.1 (.NET Framework 4.8.4250.0; Microsoft Windows 10.0.19042 )",
        "x-ms-client-request-id": "916440cebb76f74fbc64e84d2423eb0b",
        "x-ms-return-client-request-id": "true"
      },
      "RequestBody": null,
      "StatusCode": 200,
      "ResponseHeaders": {
        "apim-request-id": "98ba3804-3284-4b4b-a440-93692f42f1ef",
        "Content-Type": "application/json; charset=utf-8",
        "Date": "Fri, 15 Jan 2021 21:58:57 GMT",
        "Strict-Transport-Security": "max-age=31536000; includeSubDomains; preload",
        "Transfer-Encoding": "chunked",
        "x-content-type-options": "nosniff",
        "x-envoy-upstream-service-time": "63"
      },
      "ResponseBody": {
        "displayName": "AnalyzeOperationWithPHIDomain",
        "jobId": "33f97eb5-9568-463d-889c-3d428403bd08_637462656000000000",
        "lastUpdateDateTime": "2021-01-15T21:56:53Z",
        "createdDateTime": "2021-01-15T21:56:52Z",
        "expirationDateTime": "2021-01-16T21:56:52Z",
        "status": "running",
        "errors": [],
        "tasks": {
          "details": {
            "name": "AnalyzeOperationWithPHIDomain",
            "lastUpdateDateTime": "2021-01-15T21:56:53Z"
          },
          "completed": 0,
          "failed": 0,
          "inProgress": 1,
          "total": 1
        }
      }
    },
    {
      "RequestUri": "https://ta-s-westeurope.cognitiveservices.azure.com/text/analytics/v3.1-preview.3/analyze/jobs/33f97eb5-9568-463d-889c-3d428403bd08_637462656000000000?showStats=false",
      "RequestMethod": "GET",
      "RequestHeaders": {
        "Accept": "application/json, text/json",
        "Ocp-Apim-Subscription-Key": "Sanitized",
        "User-Agent": "azsdk-net-AI.TextAnalytics/5.1.0-alpha.20210115.1 (.NET Framework 4.8.4250.0; Microsoft Windows 10.0.19042 )",
        "x-ms-client-request-id": "3b0f9a4cd2aa5bade717094db6e65a39",
        "x-ms-return-client-request-id": "true"
      },
      "RequestBody": null,
      "StatusCode": 200,
      "ResponseHeaders": {
        "apim-request-id": "c16575cd-9208-42d8-9009-77126dd41bed",
        "Content-Type": "application/json; charset=utf-8",
        "Date": "Fri, 15 Jan 2021 21:58:58 GMT",
        "Strict-Transport-Security": "max-age=31536000; includeSubDomains; preload",
        "Transfer-Encoding": "chunked",
        "x-content-type-options": "nosniff",
        "x-envoy-upstream-service-time": "125"
      },
      "ResponseBody": {
        "displayName": "AnalyzeOperationWithPHIDomain",
        "jobId": "33f97eb5-9568-463d-889c-3d428403bd08_637462656000000000",
        "lastUpdateDateTime": "2021-01-15T21:56:53Z",
        "createdDateTime": "2021-01-15T21:56:52Z",
        "expirationDateTime": "2021-01-16T21:56:52Z",
        "status": "succeeded",
        "errors": [],
        "tasks": {
          "details": {
            "name": "AnalyzeOperationWithPHIDomain",
            "lastUpdateDateTime": "2021-01-15T21:56:53Z"
          },
          "completed": 1,
          "failed": 0,
          "inProgress": 0,
          "total": 1,
          "entityRecognitionPiiTasks": [
            {
              "name": "AnalyzeOperationWithPHIDomain",
              "lastUpdateDateTime": "2021-01-15T21:56:53.1069892Z",
              "results": {
                "inTerminalState": true,
                "documents": [
                  {
                    "redactedText": "A patient with medical id ******** whose phone number is ************ is going under heart surgery",
                    "id": "0",
                    "entities": [
                      {
                        "text": "12345678",
                        "category": "Phone Number",
                        "offset": 26,
                        "length": 8,
                        "confidenceScore": 0.8
                      },
                      {
                        "text": "800-102-1100",
                        "category": "Phone Number",
                        "offset": 57,
                        "length": 12,
                        "confidenceScore": 0.8
                      }
                    ],
                    "warnings": []
                  }
                ],
                "errors": [],
                "modelVersion": "2020-07-01"
              }
            }
          ]
        }
      }
    }
  ],
  "Variables": {
    "RandomSeed": "390387714",
    "TEXT_ANALYTICS_API_KEY": "Sanitized",
    "TEXT_ANALYTICS_ENDPOINT": "https://ta-s-westeurope.cognitiveservices.azure.com"
  }
}