{
  "Entries": [
    {
      "RequestUri": "https://management.azure.com/subscriptions/69a75bda-882e-44d5-8431-63421204132a?api-version=2021-01-01",
      "RequestMethod": "GET",
      "RequestHeaders": {
        "Accept": "application/json",
        "Authorization": "Sanitized",
        "traceparent": "00-908fbed433452cc3c8bbee3813173a44-fad3d99c2156519e-00",
        "User-Agent": "azsdk-net-ResourceManager/1.0.0 (.NET 6.0.8; Microsoft Windows 10.0.19044)",
        "x-ms-client-request-id": "32d1be0626f472f618b48f7d278dd23a",
        "x-ms-return-client-request-id": "true"
      },
      "RequestBody": null,
      "StatusCode": 200,
      "ResponseHeaders": {
        "Cache-Control": "no-cache",
        "Content-Length": "422",
        "Content-Type": "application/json; charset=utf-8",
        "Date": "Tue, 30 Aug 2022 15:54:41 GMT",
        "Expires": "-1",
        "Pragma": "no-cache",
        "Strict-Transport-Security": "max-age=31536000; includeSubDomains",
        "X-Content-Type-Options": "nosniff",
        "x-ms-correlation-request-id": "f4b746c8-1812-4836-a295-2da5c40723c2",
        "x-ms-ratelimit-remaining-subscription-reads": "11999",
        "x-ms-request-id": "f4b746c8-1812-4836-a295-2da5c40723c2",
        "x-ms-routing-request-id": "WESTEUROPE:20220830T155441Z:f4b746c8-1812-4836-a295-2da5c40723c2"
      },
      "ResponseBody": {
        "id": "/subscriptions/69a75bda-882e-44d5-8431-63421204132a",
        "authorizationSource": "RoleBased",
        "managedByTenants": [],
        "tags": {
          "SkipNRMSNSG": "true"
        },
        "subscriptionId": "69a75bda-882e-44d5-8431-63421204132a",
        "tenantId": "72f988bf-86f1-41af-91ab-2d7cd011db47",
        "displayName": "QATest02-SVL",
        "state": "Enabled",
        "subscriptionPolicies": {
          "locationPlacementId": "Internal_2014-09-01",
          "quotaId": "Internal_2014-09-01",
          "spendingLimit": "Off"
        }
      }
    },
    {
      "RequestUri": "https://management.azure.com/subscriptions/69a75bda-882e-44d5-8431-63421204132a/resourcegroups/testNetAppDotNetSDKRG-6162?api-version=2021-04-01",
      "RequestMethod": "PUT",
      "RequestHeaders": {
        "Accept": "application/json",
        "Authorization": "Sanitized",
        "Content-Length": "63",
        "Content-Type": "application/json",
        "traceparent": "00-2dffef8d6d2a25d807a8e493f08f0364-c26e810035bf5621-00",
        "User-Agent": "azsdk-net-ResourceManager/1.0.0 (.NET 6.0.8; Microsoft Windows 10.0.19044)",
        "x-ms-client-request-id": "e5c2bbbdab394fd5c6db3f7103fc4836",
        "x-ms-return-client-request-id": "true"
      },
      "RequestBody": {
        "tags": {
          "test": "env",
          "Owner": "b-aubald"
        },
        "location": "westus2"
      },
      "StatusCode": 201,
      "ResponseHeaders": {
        "Cache-Control": "no-cache",
        "Content-Length": "359",
        "Content-Type": "application/json; charset=utf-8",
        "Date": "Tue, 30 Aug 2022 15:54:43 GMT",
        "Expires": "-1",
        "Pragma": "no-cache",
        "Strict-Transport-Security": "max-age=31536000; includeSubDomains",
        "X-Content-Type-Options": "nosniff",
        "x-ms-correlation-request-id": "cf450181-23a3-4731-92ff-815f5a71577c",
        "x-ms-ratelimit-remaining-subscription-writes": "1199",
        "x-ms-request-id": "cf450181-23a3-4731-92ff-815f5a71577c",
        "x-ms-routing-request-id": "WESTEUROPE:20220830T155444Z:cf450181-23a3-4731-92ff-815f5a71577c"
      },
      "ResponseBody": {
        "id": "/subscriptions/69a75bda-882e-44d5-8431-63421204132a/resourceGroups/testNetAppDotNetSDKRG-6162",
        "name": "testNetAppDotNetSDKRG-6162",
        "type": "Microsoft.Resources/resourceGroups",
        "location": "westus2",
        "tags": {
          "test": "env",
          "Owner": "b-aubald",
          "CreatedOnDate": "2022-08-30T15:54:42.5639141Z",
          "SkipNRMSNSG": "true"
        },
        "properties": {
          "provisioningState": "Succeeded"
        }
      }
    },
    {
      "RequestUri": "https://management.azure.com/subscriptions/69a75bda-882e-44d5-8431-63421204132a/providers/Microsoft.NetApp/locations/westus2/checkNameAvailability?api-version=2022-03-01",
      "RequestMethod": "POST",
      "RequestHeaders": {
        "Accept": "application/json",
        "Authorization": "Sanitized",
        "Content-Length": "108",
        "Content-Type": "application/json",
        "traceparent": "00-7e029e343c330b82b6325a873f84390e-de1d18d11f7a0e31-00",
        "User-Agent": "azsdk-net-ResourceManager.NetApp/1.0.0-alpha.20220721.1 (.NET 6.0.8; Microsoft Windows 10.0.19044)",
        "x-ms-client-request-id": "18f717cb1f26258eb0360ab39dfac42e",
        "x-ms-return-client-request-id": "true"
      },
      "RequestBody": {
        "name": "account9803",
        "type": "Microsoft.NetApp/netAppAccounts",
        "resourceGroup": "testNetAppDotNetSDKRG-6162"
      },
      "StatusCode": 200,
      "ResponseHeaders": {
        "Cache-Control": "no-cache",
        "Content-Length": "20",
        "Content-Type": "application/json; charset=utf-8",
        "Date": "Tue, 30 Aug 2022 15:54:45 GMT",
        "Expires": "-1",
        "Pragma": "no-cache",
        "Server": "Microsoft-IIS/10.0",
        "Strict-Transport-Security": "max-age=31536000; includeSubDomains",
        "X-Content-Type-Options": "nosniff",
        "x-ms-correlation-request-id": "624858d9-25d7-4971-8412-4d6a2be39100",
        "x-ms-ratelimit-remaining-subscription-writes": "1199",
        "x-ms-request-id": "f0d1b1ba-f5f1-438a-9028-5ce76c0ab6e2",
        "x-ms-routing-request-id": "WESTEUROPE:20220830T155445Z:624858d9-25d7-4971-8412-4d6a2be39100",
        "X-Powered-By": "ASP.NET"
      },
      "ResponseBody": {
        "isAvailable": true
      }
    },
    {
      "RequestUri": "https://management.azure.com/subscriptions/69a75bda-882e-44d5-8431-63421204132a/resourceGroups/testNetAppDotNetSDKRG-6162/providers/Microsoft.NetApp/netAppAccounts/account9803?api-version=2022-03-01",
      "RequestMethod": "PUT",
      "RequestHeaders": {
        "Accept": "application/json",
        "Authorization": "Sanitized",
        "Content-Length": "79",
        "Content-Type": "application/json",
        "traceparent": "00-28195fc3523556a1ba413c6541b72ed8-cc88d382579f0611-00",
        "User-Agent": "azsdk-net-ResourceManager.NetApp/1.0.0-alpha.20220721.1 (.NET 6.0.8; Microsoft Windows 10.0.19044)",
        "x-ms-client-request-id": "97af069ccddbfb13e22d4bb70115b746",
        "x-ms-return-client-request-id": "true"
      },
      "RequestBody": {
        "tags": {
          "key1": "value1",
          "key2": "value2"
        },
        "location": "westus2",
        "properties": {}
      },
      "StatusCode": 201,
      "ResponseHeaders": {
        "Azure-AsyncOperation": "https://management.azure.com/subscriptions/69a75bda-882e-44d5-8431-63421204132a/providers/Microsoft.NetApp/locations/westus2/operationResults/fd23092c-2da2-4e1c-b374-f79dab0e184b?api-version=2022-03-01",
        "Cache-Control": "no-cache",
        "Content-Length": "1113",
        "Content-Type": "application/json; charset=utf-8",
        "Date": "Tue, 30 Aug 2022 15:54:50 GMT",
        "ETag": "W/\u0022datetime\u00272022-08-30T15%3A54%3A50.0883495Z\u0027\u0022",
        "Expires": "-1",
        "Pragma": "no-cache",
        "Server": "Microsoft-IIS/10.0",
        "Strict-Transport-Security": "max-age=31536000; includeSubDomains",
        "X-Content-Type-Options": "nosniff",
        "x-ms-correlation-request-id": "58e8bcca-6a83-404b-a8af-cff48ef8d51f",
        "x-ms-ratelimit-remaining-subscription-writes": "1198",
        "x-ms-request-id": "f6b37644-8e00-4fd9-946c-b1e3609c18f9",
        "x-ms-routing-request-id": "WESTEUROPE:20220830T155451Z:58e8bcca-6a83-404b-a8af-cff48ef8d51f",
        "X-Powered-By": "ASP.NET"
      },
      "ResponseBody": {
        "id": "/subscriptions/69a75bda-882e-44d5-8431-63421204132a/resourceGroups/testNetAppDotNetSDKRG-6162/providers/Microsoft.NetApp/netAppAccounts/account9803",
        "name": "account9803",
        "type": "Microsoft.NetApp/netAppAccounts",
        "etag": "W/\u0022datetime\u00272022-08-30T15%3A54%3A50.0883495Z\u0027\u0022",
        "location": "westus2",
        "tags": {
          "key1": "value1",
          "key2": "value2",
          "CreatedOnDate": "2022-08-30T15:54:45.9324882Z"
        },
        "properties": {
          "activeDirectories": [
            {
              "activeDirectoryId": "503d38f9-f17c-f92d-ef26-b0d46374534b",
              "username": "sdkuser",
              "password": "****************",
              "domain": "sdkdomain",
              "dns": "192.0.2.2",
              "status": "Created",
              "smbServerName": "SDKSMBSeNa",
              "organizationalUnit": "CN=Computers",
              "aesEncryption": false,
              "ldapSigning": false,
              "ldapOverTLS": false,
              "allowLocalNfsUsersWithLdap": false,
              "encryptDCConnections": false,
              "ldapSearchScope": {}
            }
          ],
          "provisioningState": "Creating"
        },
        "systemData": {
          "createdBy": "c6c4faba-2b22-44d9-80a4-71ff5b71f811",
          "createdByType": "Application",
          "createdAt": "2022-08-30T15:54:49.9358018Z",
          "lastModifiedBy": "c6c4faba-2b22-44d9-80a4-71ff5b71f811",
          "lastModifiedByType": "Application",
          "lastModifiedAt": "2022-08-30T15:54:49.9358018Z"
        }
      }
    },
    {
      "RequestUri": "https://management.azure.com/subscriptions/69a75bda-882e-44d5-8431-63421204132a/providers/Microsoft.NetApp/locations/westus2/operationResults/fd23092c-2da2-4e1c-b374-f79dab0e184b?api-version=2022-03-01",
      "RequestMethod": "GET",
      "RequestHeaders": {
        "Authorization": "Sanitized",
        "traceparent": "00-28195fc3523556a1ba413c6541b72ed8-0cf3fef287c3277d-00",
        "User-Agent": "azsdk-net-ResourceManager/1.0.0 (.NET 6.0.8; Microsoft Windows 10.0.19044)",
        "x-ms-client-request-id": "f667427a9f99fd2504fc36f8d4d7249a",
        "x-ms-return-client-request-id": "true"
      },
      "RequestBody": null,
      "StatusCode": 200,
      "ResponseHeaders": {
        "Cache-Control": "no-cache",
        "Content-Length": "514",
        "Content-Type": "application/json; charset=utf-8",
        "Date": "Tue, 30 Aug 2022 15:54:50 GMT",
        "Expires": "-1",
        "Pragma": "no-cache",
        "Server": "Microsoft-IIS/10.0",
        "Strict-Transport-Security": "max-age=31536000; includeSubDomains",
        "X-Content-Type-Options": "nosniff",
        "x-ms-correlation-request-id": "9f659c46-d812-4b56-b8a9-dbf8c5a7eb37",
        "x-ms-ratelimit-remaining-subscription-reads": "11998",
        "x-ms-request-id": "2944c0c9-268b-46a2-8d1a-2b22d012cf6c",
        "x-ms-routing-request-id": "WESTEUROPE:20220830T155451Z:9f659c46-d812-4b56-b8a9-dbf8c5a7eb37",
        "X-Powered-By": "ASP.NET"
      },
      "ResponseBody": {
        "id": "/subscriptions/69a75bda-882e-44d5-8431-63421204132a/providers/Microsoft.NetApp/locations/westus2/operationResults/fd23092c-2da2-4e1c-b374-f79dab0e184b",
        "name": "fd23092c-2da2-4e1c-b374-f79dab0e184b",
        "status": "Succeeded",
        "startTime": "2022-08-30T15:54:50.0863589Z",
        "endTime": "2022-08-30T15:54:50.1332434Z",
        "percentComplete": 100.0,
        "properties": {
          "resourceName": "/subscriptions/69a75bda-882e-44d5-8431-63421204132a/resourceGroups/testNetAppDotNetSDKRG-6162/providers/Microsoft.NetApp/netAppAccounts/account9803"
        }
      }
    },
    {
      "RequestUri": "https://management.azure.com/subscriptions/69a75bda-882e-44d5-8431-63421204132a/resourceGroups/testNetAppDotNetSDKRG-6162/providers/Microsoft.NetApp/netAppAccounts/account9803?api-version=2022-03-01",
      "RequestMethod": "GET",
      "RequestHeaders": {
        "Authorization": "Sanitized",
        "traceparent": "00-28195fc3523556a1ba413c6541b72ed8-bedd75350961c910-00",
        "User-Agent": "azsdk-net-ResourceManager/1.0.0 (.NET 6.0.8; Microsoft Windows 10.0.19044)",
        "x-ms-client-request-id": "766cc37e0938aaeb6f13631b449e2f46",
        "x-ms-return-client-request-id": "true"
      },
      "RequestBody": null,
      "StatusCode": 200,
      "ResponseHeaders": {
        "Cache-Control": "no-cache",
        "Content-Length": "1160",
        "Content-Type": "application/json; charset=utf-8",
        "Date": "Tue, 30 Aug 2022 15:54:51 GMT",
        "ETag": "W/\u0022datetime\u00272022-08-30T15%3A54%3A50.1355097Z\u0027\u0022",
        "Expires": "-1",
        "Pragma": "no-cache",
        "Server": "Microsoft-IIS/10.0",
        "Strict-Transport-Security": "max-age=31536000; includeSubDomains",
        "X-Content-Type-Options": "nosniff",
        "x-ms-correlation-request-id": "08097944-352f-410f-91d3-18f1ec08bf8e",
        "x-ms-ratelimit-remaining-subscription-reads": "11997",
        "x-ms-request-id": "c2a68f85-dd2b-4fde-ad32-0a48bfc4fe0c",
        "x-ms-routing-request-id": "WESTEUROPE:20220830T155452Z:08097944-352f-410f-91d3-18f1ec08bf8e",
        "X-Powered-By": "ASP.NET"
      },
      "ResponseBody": {
        "id": "/subscriptions/69a75bda-882e-44d5-8431-63421204132a/resourceGroups/testNetAppDotNetSDKRG-6162/providers/Microsoft.NetApp/netAppAccounts/account9803",
        "name": "account9803",
        "type": "Microsoft.NetApp/netAppAccounts",
        "etag": "W/\u0022datetime\u00272022-08-30T15%3A54%3A50.1355097Z\u0027\u0022",
        "location": "westus2",
        "tags": {
          "key1": "value1",
          "key2": "value2",
          "CreatedOnDate": "2022-08-30T15:54:45.9324882Z"
        },
        "properties": {
          "activeDirectories": [
            {
              "activeDirectoryId": "503d38f9-f17c-f92d-ef26-b0d46374534b",
              "username": "sdkuser",
              "password": "****************",
              "domain": "sdkdomain",
              "dns": "192.0.2.2",
              "status": "Created",
              "smbServerName": "SDKSMBSeNa",
              "organizationalUnit": "CN=Computers",
              "aesEncryption": false,
              "ldapSigning": false,
              "ldapOverTLS": false,
              "allowLocalNfsUsersWithLdap": false,
              "encryptDCConnections": false,
              "ldapSearchScope": {}
            }
          ],
          "encryption": {
            "keySource": "Microsoft.NetApp"
          },
          "provisioningState": "Succeeded"
        },
        "systemData": {
          "createdBy": "c6c4faba-2b22-44d9-80a4-71ff5b71f811",
          "createdByType": "Application",
          "createdAt": "2022-08-30T15:54:49.9358018Z",
          "lastModifiedBy": "c6c4faba-2b22-44d9-80a4-71ff5b71f811",
          "lastModifiedByType": "Application",
          "lastModifiedAt": "2022-08-30T15:54:49.9358018Z"
        }
      }
    },
    {
      "RequestUri": "https://management.azure.com/subscriptions/69a75bda-882e-44d5-8431-63421204132a/resourceGroups/testNetAppDotNetSDKRG-6162/providers/Microsoft.NetApp/netAppAccounts/account9803/capacityPools/pool1?api-version=2022-03-01",
      "RequestMethod": "PUT",
      "RequestHeaders": {
        "Accept": "application/json",
        "Authorization": "Sanitized",
        "Content-Length": "124",
        "Content-Type": "application/json",
        "traceparent": "00-32c640b3d04ad6878436cafb254790d9-50a7e2302f0d5eb6-00",
        "User-Agent": "azsdk-net-ResourceManager.NetApp/1.0.0-alpha.20220721.1 (.NET 6.0.8; Microsoft Windows 10.0.19044)",
        "x-ms-client-request-id": "be3c6a03c1ada6ad01c4b646bb9ec75c",
        "x-ms-return-client-request-id": "true"
      },
      "RequestBody": {
        "tags": {
          "key1": "value1",
          "key2": "value2"
        },
        "location": "westus2",
        "properties": {
          "size": 4398046511104,
          "serviceLevel": "Premium"
        }
      },
      "StatusCode": 201,
      "ResponseHeaders": {
        "Azure-AsyncOperation": "https://management.azure.com/subscriptions/69a75bda-882e-44d5-8431-63421204132a/providers/Microsoft.NetApp/locations/westus2/operationResults/cd034bad-8ee1-4ea9-b561-01eab3f47083?api-version=2022-03-01",
        "Cache-Control": "no-cache",
        "Content-Length": "850",
        "Content-Type": "application/json; charset=utf-8",
        "Date": "Tue, 30 Aug 2022 15:54:55 GMT",
        "ETag": "W/\u0022datetime\u00272022-08-30T15%3A54%3A54.1320668Z\u0027\u0022",
        "Expires": "-1",
        "Pragma": "no-cache",
        "Server": "Microsoft-IIS/10.0",
        "Strict-Transport-Security": "max-age=31536000; includeSubDomains",
        "X-Content-Type-Options": "nosniff",
        "x-ms-correlation-request-id": "1ce7a6c0-324b-489b-b4f9-3b448e27b886",
        "x-ms-ratelimit-remaining-subscription-writes": "1197",
        "x-ms-request-id": "60663683-133e-41ee-a4d8-62f0d54c4b95",
        "x-ms-routing-request-id": "WESTEUROPE:20220830T155455Z:1ce7a6c0-324b-489b-b4f9-3b448e27b886",
        "X-Powered-By": "ASP.NET"
      },
      "ResponseBody": {
        "id": "/subscriptions/69a75bda-882e-44d5-8431-63421204132a/resourceGroups/testNetAppDotNetSDKRG-6162/providers/Microsoft.NetApp/netAppAccounts/account9803/capacityPools/pool1",
        "name": "account9803/pool1",
        "type": "Microsoft.NetApp/netAppAccounts/capacityPools",
        "etag": "W/\u0022datetime\u00272022-08-30T15%3A54%3A54.1320668Z\u0027\u0022",
        "location": "westus2",
        "tags": {
          "key1": "value1",
          "key2": "value2",
          "CreatedOnDate": "2022-08-30T15:54:52.4220128Z"
        },
        "properties": {
          "serviceLevel": "Premium",
          "size": 4398046511104,
          "totalThroughputMibps": 0.0,
          "utilizedThroughputMibps": 0.0,
          "provisioningState": "Creating"
        },
        "systemData": {
          "createdBy": "c6c4faba-2b22-44d9-80a4-71ff5b71f811",
          "createdByType": "Application",
          "createdAt": "2022-08-30T15:54:53.910456Z",
          "lastModifiedBy": "c6c4faba-2b22-44d9-80a4-71ff5b71f811",
          "lastModifiedByType": "Application",
          "lastModifiedAt": "2022-08-30T15:54:53.910456Z"
        }
      }
    },
    {
      "RequestUri": "https://management.azure.com/subscriptions/69a75bda-882e-44d5-8431-63421204132a/providers/Microsoft.NetApp/locations/westus2/operationResults/cd034bad-8ee1-4ea9-b561-01eab3f47083?api-version=2022-03-01",
      "RequestMethod": "GET",
      "RequestHeaders": {
        "Authorization": "Sanitized",
        "traceparent": "00-32c640b3d04ad6878436cafb254790d9-46e12b515db469e1-00",
        "User-Agent": "azsdk-net-ResourceManager/1.0.0 (.NET 6.0.8; Microsoft Windows 10.0.19044)",
        "x-ms-client-request-id": "69f5efcc659abded15c6757452a5eed0",
        "x-ms-return-client-request-id": "true"
      },
      "RequestBody": null,
      "StatusCode": 200,
      "ResponseHeaders": {
        "Cache-Control": "no-cache",
        "Content-Length": "534",
        "Content-Type": "application/json; charset=utf-8",
        "Date": "Tue, 30 Aug 2022 15:54:55 GMT",
        "Expires": "-1",
        "Pragma": "no-cache",
        "Server": "Microsoft-IIS/10.0",
        "Strict-Transport-Security": "max-age=31536000; includeSubDomains",
        "X-Content-Type-Options": "nosniff",
        "x-ms-correlation-request-id": "cd807ffb-c126-40e4-9477-c21cc321152b",
        "x-ms-ratelimit-remaining-subscription-reads": "11996",
        "x-ms-request-id": "a03e0f13-e517-43c6-87a3-a89523bc8e67",
        "x-ms-routing-request-id": "WESTEUROPE:20220830T155456Z:cd807ffb-c126-40e4-9477-c21cc321152b",
        "X-Powered-By": "ASP.NET"
      },
      "ResponseBody": {
        "id": "/subscriptions/69a75bda-882e-44d5-8431-63421204132a/providers/Microsoft.NetApp/locations/westus2/operationResults/cd034bad-8ee1-4ea9-b561-01eab3f47083",
        "name": "cd034bad-8ee1-4ea9-b561-01eab3f47083",
        "status": "Succeeded",
        "startTime": "2022-08-30T15:54:54.1332201Z",
        "endTime": "2022-08-30T15:54:54.8519657Z",
        "percentComplete": 100.0,
        "properties": {
          "resourceName": "/subscriptions/69a75bda-882e-44d5-8431-63421204132a/resourceGroups/testNetAppDotNetSDKRG-6162/providers/Microsoft.NetApp/netAppAccounts/account9803/capacityPools/pool1"
        }
      }
    },
    {
      "RequestUri": "https://management.azure.com/subscriptions/69a75bda-882e-44d5-8431-63421204132a/resourceGroups/testNetAppDotNetSDKRG-6162/providers/Microsoft.NetApp/netAppAccounts/account9803/capacityPools/pool1?api-version=2022-03-01",
      "RequestMethod": "GET",
      "RequestHeaders": {
        "Authorization": "Sanitized",
        "traceparent": "00-32c640b3d04ad6878436cafb254790d9-6b1551dbd8f73324-00",
        "User-Agent": "azsdk-net-ResourceManager/1.0.0 (.NET 6.0.8; Microsoft Windows 10.0.19044)",
        "x-ms-client-request-id": "5580074c27a85016c3cb67f139276bf7",
        "x-ms-return-client-request-id": "true"
      },
      "RequestBody": null,
      "StatusCode": 200,
      "ResponseHeaders": {
        "Cache-Control": "no-cache",
        "Content-Length": "963",
        "Content-Type": "application/json; charset=utf-8",
        "Date": "Tue, 30 Aug 2022 15:54:55 GMT",
        "ETag": "W/\u0022datetime\u00272022-08-30T15%3A54%3A54.8448137Z\u0027\u0022",
        "Expires": "-1",
        "Pragma": "no-cache",
        "Server": "Microsoft-IIS/10.0",
        "Strict-Transport-Security": "max-age=31536000; includeSubDomains",
        "X-Content-Type-Options": "nosniff",
        "x-ms-correlation-request-id": "c91b457e-a325-4840-892a-c31de880b4e3",
        "x-ms-ratelimit-remaining-subscription-reads": "11995",
        "x-ms-request-id": "b4cff8b5-d460-47bd-9b7e-b5ea3292652b",
        "x-ms-routing-request-id": "WESTEUROPE:20220830T155456Z:c91b457e-a325-4840-892a-c31de880b4e3",
        "X-Powered-By": "ASP.NET"
      },
      "ResponseBody": {
        "id": "/subscriptions/69a75bda-882e-44d5-8431-63421204132a/resourceGroups/testNetAppDotNetSDKRG-6162/providers/Microsoft.NetApp/netAppAccounts/account9803/capacityPools/pool1",
        "name": "account9803/pool1",
        "type": "Microsoft.NetApp/netAppAccounts/capacityPools",
        "etag": "W/\u0022datetime\u00272022-08-30T15%3A54%3A54.8448137Z\u0027\u0022",
        "location": "westus2",
        "tags": {
          "key1": "value1",
          "key2": "value2",
          "CreatedOnDate": "2022-08-30T15:54:52.4220128Z"
        },
        "properties": {
          "poolId": "dd9b9e4c-0f43-fd43-3fd2-59fce78558c9",
          "serviceLevel": "Premium",
          "size": 4398046511104,
          "qosType": "Auto",
          "totalThroughputMibps": 256.0,
          "utilizedThroughputMibps": 0.0,
          "encryptionType": "Single",
          "coolAccess": false,
          "provisioningState": "Succeeded"
        },
        "systemData": {
          "createdBy": "c6c4faba-2b22-44d9-80a4-71ff5b71f811",
          "createdByType": "Application",
          "createdAt": "2022-08-30T15:54:53.910456Z",
          "lastModifiedBy": "c6c4faba-2b22-44d9-80a4-71ff5b71f811",
          "lastModifiedByType": "Application",
          "lastModifiedAt": "2022-08-30T15:54:53.910456Z"
        }
      }
    },
    {
      "RequestUri": "https://management.azure.com/subscriptions/69a75bda-882e-44d5-8431-63421204132a/resourceGroups/testNetAppDotNetSDKRG-6162/providers/Microsoft.Network/virtualNetworks/vnet-8268?api-version=2021-02-01",
      "RequestMethod": "PUT",
      "RequestHeaders": {
        "Accept": "application/json",
        "Authorization": "Sanitized",
        "Content-Length": "261",
        "Content-Type": "application/json",
        "traceparent": "00-172f082b71ed9583fb8bfa22961ae5f1-2a39ceb82ba844e0-00",
        "User-Agent": "azsdk-net-ResourceManager.Network/1.0.0-alpha.20220627.1 (.NET 6.0.8; Microsoft Windows 10.0.19044)",
        "x-ms-client-request-id": "a9cb7a51c25d013538f2693c331eb1cd",
        "x-ms-return-client-request-id": "true"
      },
      "RequestBody": {
        "location": "westus2",
        "properties": {
          "addressSpace": {
            "addressPrefixes": [
              "10.0.0.0/16"
            ]
          },
          "subnets": [
            {
              "name": "default",
              "properties": {
                "addressPrefix": "10.0.1.0/24",
                "delegations": [
                  {
                    "name": "netAppVolumes",
                    "properties": {
                      "serviceName": "Microsoft.Netapp/volumes"
                    }
                  }
                ]
              }
            }
          ]
        }
      },
      "StatusCode": 201,
      "ResponseHeaders": {
        "Azure-AsyncNotification": "Enabled",
        "Azure-AsyncOperation": "https://management.azure.com/subscriptions/69a75bda-882e-44d5-8431-63421204132a/providers/Microsoft.Network/locations/westus2/operations/3f5a6fac-5417-46cf-b72e-0974172a378c?api-version=2021-02-01",
        "Cache-Control": "no-cache",
        "Content-Length": "2151",
        "Content-Type": "application/json; charset=utf-8",
        "Date": "Tue, 30 Aug 2022 15:54:58 GMT",
        "Expires": "-1",
        "Pragma": "no-cache",
        "Retry-After": "3",
        "Server": [
          "Microsoft-HTTPAPI/2.0",
          "Microsoft-HTTPAPI/2.0"
        ],
        "Strict-Transport-Security": "max-age=31536000; includeSubDomains",
        "X-Content-Type-Options": "nosniff",
        "x-ms-arm-service-request-id": "9cb0dba0-66a9-4f73-9bd6-3c9dcdc3c23f",
        "x-ms-client-request-id": "a9cb7a51c25d013538f2693c331eb1cd",
        "x-ms-correlation-request-id": "4888c2ed-a21e-4bfe-b0f2-2651ac8df785",
        "x-ms-ratelimit-remaining-subscription-writes": "1196",
        "x-ms-request-id": "3f5a6fac-5417-46cf-b72e-0974172a378c",
        "x-ms-routing-request-id": "WESTEUROPE:20220830T155459Z:4888c2ed-a21e-4bfe-b0f2-2651ac8df785"
      },
      "ResponseBody": {
        "name": "vnet-8268",
        "id": "/subscriptions/69a75bda-882e-44d5-8431-63421204132a/resourceGroups/testNetAppDotNetSDKRG-6162/providers/Microsoft.Network/virtualNetworks/vnet-8268",
        "etag": "W/\u0022247450c6-044d-4370-938b-336b0611c580\u0022",
        "type": "Microsoft.Network/virtualNetworks",
        "location": "westus2",
        "tags": {
          "CreatedOnDate": "2022-08-30T15:54:56.7055908Z"
        },
        "properties": {
          "provisioningState": "Updating",
          "resourceGuid": "2ca3cb99-4f81-4d6a-9c7c-5acc30cb1c21",
          "addressSpace": {
            "addressPrefixes": [
              "10.0.0.0/16"
            ]
          },
          "subnets": [
            {
              "name": "default",
              "id": "/subscriptions/69a75bda-882e-44d5-8431-63421204132a/resourceGroups/testNetAppDotNetSDKRG-6162/providers/Microsoft.Network/virtualNetworks/vnet-8268/subnets/default",
              "etag": "W/\u0022247450c6-044d-4370-938b-336b0611c580\u0022",
              "properties": {
                "provisioningState": "Updating",
                "addressPrefix": "10.0.1.0/24",
                "delegations": [
                  {
                    "name": "netAppVolumes",
                    "id": "/subscriptions/69a75bda-882e-44d5-8431-63421204132a/resourceGroups/testNetAppDotNetSDKRG-6162/providers/Microsoft.Network/virtualNetworks/vnet-8268/subnets/default/delegations/netAppVolumes",
                    "etag": "W/\u0022247450c6-044d-4370-938b-336b0611c580\u0022",
                    "properties": {
                      "provisioningState": "Succeeded",
                      "serviceName": "Microsoft.Netapp/volumes",
                      "actions": [
                        "Microsoft.Network/networkinterfaces/*",
                        "Microsoft.Network/virtualNetworks/subnets/join/action"
                      ]
                    },
                    "type": "Microsoft.Network/virtualNetworks/subnets/delegations"
                  }
                ],
                "purpose": "HostedWorkloads",
                "privateEndpointNetworkPolicies": "Disabled",
                "privateLinkServiceNetworkPolicies": "Enabled"
              },
              "type": "Microsoft.Network/virtualNetworks/subnets"
            }
          ],
          "virtualNetworkPeerings": [],
          "enableDdosProtection": false
        }
      }
    },
    {
      "RequestUri": "https://management.azure.com/subscriptions/69a75bda-882e-44d5-8431-63421204132a/providers/Microsoft.Network/locations/westus2/operations/3f5a6fac-5417-46cf-b72e-0974172a378c?api-version=2021-02-01",
      "RequestMethod": "GET",
      "RequestHeaders": {
        "Authorization": "Sanitized",
        "traceparent": "00-172f082b71ed9583fb8bfa22961ae5f1-5b7ff281e899e6e3-00",
        "User-Agent": "azsdk-net-ResourceManager/1.0.0 (.NET 6.0.8; Microsoft Windows 10.0.19044)",
        "x-ms-client-request-id": "2a01697e272244ef4a547035ad148fad",
        "x-ms-return-client-request-id": "true"
      },
      "RequestBody": null,
      "StatusCode": 200,
      "ResponseHeaders": {
        "Cache-Control": "no-cache",
        "Content-Length": "30",
        "Content-Type": "application/json; charset=utf-8",
        "Date": "Tue, 30 Aug 2022 15:54:58 GMT",
        "Expires": "-1",
        "Pragma": "no-cache",
        "Retry-After": "10",
        "Server": [
          "Microsoft-HTTPAPI/2.0",
          "Microsoft-HTTPAPI/2.0"
        ],
        "Strict-Transport-Security": "max-age=31536000; includeSubDomains",
        "X-Content-Type-Options": "nosniff",
        "x-ms-arm-service-request-id": "31bac5f5-cbac-4d9e-8092-d78adab5db95",
        "x-ms-client-request-id": "2a01697e272244ef4a547035ad148fad",
        "x-ms-correlation-request-id": "7d6461cd-766d-479b-ad0c-fade2a758a41",
        "x-ms-ratelimit-remaining-subscription-reads": "11994",
        "x-ms-request-id": "4459d177-4425-40de-b014-acf247fe39b3",
        "x-ms-routing-request-id": "WESTEUROPE:20220830T155459Z:7d6461cd-766d-479b-ad0c-fade2a758a41"
      },
      "ResponseBody": {
        "status": "InProgress"
      }
    },
    {
      "RequestUri": "https://management.azure.com/subscriptions/69a75bda-882e-44d5-8431-63421204132a/providers/Microsoft.Network/locations/westus2/operations/3f5a6fac-5417-46cf-b72e-0974172a378c?api-version=2021-02-01",
      "RequestMethod": "GET",
      "RequestHeaders": {
        "Authorization": "Sanitized",
        "traceparent": "00-172f082b71ed9583fb8bfa22961ae5f1-0d52f3b0224a750b-00",
        "User-Agent": "azsdk-net-ResourceManager/1.0.0 (.NET 6.0.8; Microsoft Windows 10.0.19044)",
        "x-ms-client-request-id": "ee8223b56d3795a6d6f204b7f43705b4",
        "x-ms-return-client-request-id": "true"
      },
      "RequestBody": null,
      "StatusCode": 200,
      "ResponseHeaders": {
        "Cache-Control": "no-cache",
        "Content-Length": "29",
        "Content-Type": "application/json; charset=utf-8",
        "Date": "Tue, 30 Aug 2022 15:55:08 GMT",
        "Expires": "-1",
        "Pragma": "no-cache",
        "Server": [
          "Microsoft-HTTPAPI/2.0",
          "Microsoft-HTTPAPI/2.0"
        ],
        "Strict-Transport-Security": "max-age=31536000; includeSubDomains",
        "X-Content-Type-Options": "nosniff",
        "x-ms-arm-service-request-id": "ac5e4892-a3f8-40cf-ab25-f4ea19c61c5e",
        "x-ms-client-request-id": "ee8223b56d3795a6d6f204b7f43705b4",
        "x-ms-correlation-request-id": "de9cdcdc-4688-4fb2-a624-d84449984393",
        "x-ms-ratelimit-remaining-subscription-reads": "11993",
        "x-ms-request-id": "bcf3556f-d0f7-4002-aa65-b27dee9b5646",
        "x-ms-routing-request-id": "WESTEUROPE:20220830T155509Z:de9cdcdc-4688-4fb2-a624-d84449984393"
      },
      "ResponseBody": {
        "status": "Succeeded"
      }
    },
    {
      "RequestUri": "https://management.azure.com/subscriptions/69a75bda-882e-44d5-8431-63421204132a/resourceGroups/testNetAppDotNetSDKRG-6162/providers/Microsoft.Network/virtualNetworks/vnet-8268?api-version=2021-02-01",
      "RequestMethod": "GET",
      "RequestHeaders": {
        "Authorization": "Sanitized",
        "traceparent": "00-172f082b71ed9583fb8bfa22961ae5f1-d5dbb3bddf7a81aa-00",
        "User-Agent": "azsdk-net-ResourceManager/1.0.0 (.NET 6.0.8; Microsoft Windows 10.0.19044)",
        "x-ms-client-request-id": "cabe0e03871c8faa4aef3f0f4b6f2c90",
        "x-ms-return-client-request-id": "true"
      },
      "RequestBody": null,
      "StatusCode": 200,
      "ResponseHeaders": {
        "Cache-Control": "no-cache",
        "Content-Length": "2153",
        "Content-Type": "application/json; charset=utf-8",
        "Date": "Tue, 30 Aug 2022 15:55:09 GMT",
        "ETag": "W/\u0022b8c94b3d-407e-4119-b93c-1169f390c208\u0022",
        "Expires": "-1",
        "Pragma": "no-cache",
        "Server": [
          "Microsoft-HTTPAPI/2.0",
          "Microsoft-HTTPAPI/2.0"
        ],
        "Strict-Transport-Security": "max-age=31536000; includeSubDomains",
        "X-Content-Type-Options": "nosniff",
        "x-ms-arm-service-request-id": "e541ef3e-5c89-4e8b-84bd-e2890f1c8026",
        "x-ms-client-request-id": "cabe0e03871c8faa4aef3f0f4b6f2c90",
        "x-ms-correlation-request-id": "b98eb31b-8138-4e79-bb0e-f6970d95bdd4",
        "x-ms-ratelimit-remaining-subscription-reads": "11992",
        "x-ms-request-id": "5ccc799a-d494-462a-a16b-97001c3f57df",
        "x-ms-routing-request-id": "WESTEUROPE:20220830T155509Z:b98eb31b-8138-4e79-bb0e-f6970d95bdd4"
      },
      "ResponseBody": {
        "name": "vnet-8268",
        "id": "/subscriptions/69a75bda-882e-44d5-8431-63421204132a/resourceGroups/testNetAppDotNetSDKRG-6162/providers/Microsoft.Network/virtualNetworks/vnet-8268",
        "etag": "W/\u0022b8c94b3d-407e-4119-b93c-1169f390c208\u0022",
        "type": "Microsoft.Network/virtualNetworks",
        "location": "westus2",
        "tags": {
          "CreatedOnDate": "2022-08-30T15:54:56.7055908Z"
        },
        "properties": {
          "provisioningState": "Succeeded",
          "resourceGuid": "2ca3cb99-4f81-4d6a-9c7c-5acc30cb1c21",
          "addressSpace": {
            "addressPrefixes": [
              "10.0.0.0/16"
            ]
          },
          "subnets": [
            {
              "name": "default",
              "id": "/subscriptions/69a75bda-882e-44d5-8431-63421204132a/resourceGroups/testNetAppDotNetSDKRG-6162/providers/Microsoft.Network/virtualNetworks/vnet-8268/subnets/default",
              "etag": "W/\u0022b8c94b3d-407e-4119-b93c-1169f390c208\u0022",
              "properties": {
                "provisioningState": "Succeeded",
                "addressPrefix": "10.0.1.0/24",
                "delegations": [
                  {
                    "name": "netAppVolumes",
                    "id": "/subscriptions/69a75bda-882e-44d5-8431-63421204132a/resourceGroups/testNetAppDotNetSDKRG-6162/providers/Microsoft.Network/virtualNetworks/vnet-8268/subnets/default/delegations/netAppVolumes",
                    "etag": "W/\u0022b8c94b3d-407e-4119-b93c-1169f390c208\u0022",
                    "properties": {
                      "provisioningState": "Succeeded",
                      "serviceName": "Microsoft.Netapp/volumes",
                      "actions": [
                        "Microsoft.Network/networkinterfaces/*",
                        "Microsoft.Network/virtualNetworks/subnets/join/action"
                      ]
                    },
                    "type": "Microsoft.Network/virtualNetworks/subnets/delegations"
                  }
                ],
                "purpose": "HostedWorkloads",
                "privateEndpointNetworkPolicies": "Disabled",
                "privateLinkServiceNetworkPolicies": "Enabled"
              },
              "type": "Microsoft.Network/virtualNetworks/subnets"
            }
          ],
          "virtualNetworkPeerings": [],
          "enableDdosProtection": false
        }
      }
    },
    {
      "RequestUri": "https://management.azure.com/subscriptions/69a75bda-882e-44d5-8431-63421204132a/resourceGroups/testNetAppDotNetSDKRG-6162/providers/Microsoft.Network/virtualNetworks/vnet-8268?api-version=2021-02-01",
      "RequestMethod": "GET",
      "RequestHeaders": {
        "Accept": "application/json",
        "Authorization": "Sanitized",
        "traceparent": "00-c449aa8ed2a954600d7cde760cbdfd88-0a6934d58364e7fc-00",
        "User-Agent": "azsdk-net-ResourceManager.Network/1.0.0-alpha.20220627.1 (.NET 6.0.8; Microsoft Windows 10.0.19044)",
        "x-ms-client-request-id": "d849201600011023c26c543022375013",
        "x-ms-return-client-request-id": "true"
      },
      "RequestBody": null,
      "StatusCode": 200,
      "ResponseHeaders": {
        "Cache-Control": "no-cache",
        "Content-Length": "2153",
        "Content-Type": "application/json; charset=utf-8",
        "Date": "Tue, 30 Aug 2022 15:55:39 GMT",
        "ETag": "W/\u0022b8c94b3d-407e-4119-b93c-1169f390c208\u0022",
        "Expires": "-1",
        "Pragma": "no-cache",
        "Server": [
          "Microsoft-HTTPAPI/2.0",
          "Microsoft-HTTPAPI/2.0"
        ],
        "Strict-Transport-Security": "max-age=31536000; includeSubDomains",
        "X-Content-Type-Options": "nosniff",
        "x-ms-arm-service-request-id": "1f1716fd-b30a-437f-bb34-c385e23c8095",
        "x-ms-client-request-id": "d849201600011023c26c543022375013",
        "x-ms-correlation-request-id": "f11da237-514e-486e-aa63-e58e56917cb5",
        "x-ms-ratelimit-remaining-subscription-reads": "11991",
        "x-ms-request-id": "75b3d7a1-ea5a-4233-87ba-4fc2df39162d",
        "x-ms-routing-request-id": "WESTEUROPE:20220830T155540Z:f11da237-514e-486e-aa63-e58e56917cb5"
      },
      "ResponseBody": {
        "name": "vnet-8268",
        "id": "/subscriptions/69a75bda-882e-44d5-8431-63421204132a/resourceGroups/testNetAppDotNetSDKRG-6162/providers/Microsoft.Network/virtualNetworks/vnet-8268",
        "etag": "W/\u0022b8c94b3d-407e-4119-b93c-1169f390c208\u0022",
        "type": "Microsoft.Network/virtualNetworks",
        "location": "westus2",
        "tags": {
          "CreatedOnDate": "2022-08-30T15:54:56.7055908Z"
        },
        "properties": {
          "provisioningState": "Succeeded",
          "resourceGuid": "2ca3cb99-4f81-4d6a-9c7c-5acc30cb1c21",
          "addressSpace": {
            "addressPrefixes": [
              "10.0.0.0/16"
            ]
          },
          "subnets": [
            {
              "name": "default",
              "id": "/subscriptions/69a75bda-882e-44d5-8431-63421204132a/resourceGroups/testNetAppDotNetSDKRG-6162/providers/Microsoft.Network/virtualNetworks/vnet-8268/subnets/default",
              "etag": "W/\u0022b8c94b3d-407e-4119-b93c-1169f390c208\u0022",
              "properties": {
                "provisioningState": "Succeeded",
                "addressPrefix": "10.0.1.0/24",
                "delegations": [
                  {
                    "name": "netAppVolumes",
                    "id": "/subscriptions/69a75bda-882e-44d5-8431-63421204132a/resourceGroups/testNetAppDotNetSDKRG-6162/providers/Microsoft.Network/virtualNetworks/vnet-8268/subnets/default/delegations/netAppVolumes",
                    "etag": "W/\u0022b8c94b3d-407e-4119-b93c-1169f390c208\u0022",
                    "properties": {
                      "provisioningState": "Succeeded",
                      "serviceName": "Microsoft.Netapp/volumes",
                      "actions": [
                        "Microsoft.Network/networkinterfaces/*",
                        "Microsoft.Network/virtualNetworks/subnets/join/action"
                      ]
                    },
                    "type": "Microsoft.Network/virtualNetworks/subnets/delegations"
                  }
                ],
                "purpose": "HostedWorkloads",
                "privateEndpointNetworkPolicies": "Disabled",
                "privateLinkServiceNetworkPolicies": "Enabled"
              },
              "type": "Microsoft.Network/virtualNetworks/subnets"
            }
          ],
          "virtualNetworkPeerings": [],
          "enableDdosProtection": false
        }
      }
    },
    {
      "RequestUri": "https://management.azure.com/subscriptions/69a75bda-882e-44d5-8431-63421204132a/resourceGroups/testNetAppDotNetSDKRG-6162/providers/Microsoft.NetApp/netAppAccounts/account9803/capacityPools/pool1/volumes/volumeName-6282?api-version=2022-03-01",
      "RequestMethod": "PUT",
      "RequestHeaders": {
        "Accept": "application/json",
        "Authorization": "Sanitized",
        "Content-Length": "319",
        "Content-Type": "application/json",
        "traceparent": "00-43dec77a3d2ce0c332cc6bd844a2eaae-9942cfc8e6061575-00",
        "User-Agent": "azsdk-net-ResourceManager.NetApp/1.0.0-alpha.20220721.1 (.NET 6.0.8; Microsoft Windows 10.0.19044)",
        "x-ms-client-request-id": "559e31bc90c5782ef3a3482e974966c6",
        "x-ms-return-client-request-id": "true"
      },
      "RequestBody": {
        "tags": {
          "key1": "value1",
          "key2": "value2"
        },
        "location": "westus2",
        "properties": {
          "creationToken": "volumeName-6282",
          "usageThreshold": 107374182400,
          "subnetId": "/subscriptions/69a75bda-882e-44d5-8431-63421204132a/resourceGroups/testNetAppDotNetSDKRG-6162/providers/Microsoft.Network/virtualNetworks/vnet-8268/subnets/default"
        }
      },
      "StatusCode": 201,
      "ResponseHeaders": {
        "Azure-AsyncOperation": "https://management.azure.com/subscriptions/69a75bda-882e-44d5-8431-63421204132a/providers/Microsoft.NetApp/locations/westus2/operationResults/917872ce-5735-4dd6-a6db-9d6facd86d9e?api-version=2022-03-01",
        "Cache-Control": "no-cache",
        "Content-Length": "1096",
        "Content-Type": "application/json; charset=utf-8",
        "Date": "Tue, 30 Aug 2022 15:55:42 GMT",
        "ETag": "W/\u0022datetime\u00272022-08-30T15%3A55%3A42.4647869Z\u0027\u0022",
        "Expires": "-1",
        "Pragma": "no-cache",
        "Server": "Microsoft-IIS/10.0",
        "Strict-Transport-Security": "max-age=31536000; includeSubDomains",
        "X-Content-Type-Options": "nosniff",
        "x-ms-correlation-request-id": "9cb7a8df-2cf2-478f-859d-8b63b0b2e88a",
        "x-ms-ratelimit-remaining-subscription-writes": "1195",
        "x-ms-request-id": "b38d020d-4894-43a3-9377-0c144fc8caf0",
        "x-ms-routing-request-id": "WESTEUROPE:20220830T155543Z:9cb7a8df-2cf2-478f-859d-8b63b0b2e88a",
        "X-Powered-By": "ASP.NET"
      },
      "ResponseBody": {
        "id": "/subscriptions/69a75bda-882e-44d5-8431-63421204132a/resourceGroups/testNetAppDotNetSDKRG-6162/providers/Microsoft.NetApp/netAppAccounts/account9803/capacityPools/pool1/volumes/volumeName-6282",
        "name": "account9803/pool1/volumeName-6282",
        "type": "Microsoft.NetApp/netAppAccounts/capacityPools/volumes",
        "etag": "W/\u0022datetime\u00272022-08-30T15%3A55%3A42.4647869Z\u0027\u0022",
        "location": "westus2",
        "tags": {
          "key1": "value1",
          "key2": "value2",
          "CreatedOnDate": "2022-08-30T15:55:40.4047786Z"
        },
        "properties": {
          "serviceLevel": "Premium",
          "creationToken": "volumeName-6282",
          "usageThreshold": 107374182400,
          "subnetId": "/subscriptions/69a75bda-882e-44d5-8431-63421204132a/resourceGroups/testNetAppDotNetSDKRG-6162/providers/Microsoft.Network/virtualNetworks/vnet-8268/subnets/default",
          "maximumNumberOfFiles": 100000000,
          "provisioningState": "Creating"
        },
        "systemData": {
          "createdBy": "c6c4faba-2b22-44d9-80a4-71ff5b71f811",
          "createdByType": "Application",
          "createdAt": "2022-08-30T15:55:41.6995942Z",
          "lastModifiedBy": "c6c4faba-2b22-44d9-80a4-71ff5b71f811",
          "lastModifiedByType": "Application",
          "lastModifiedAt": "2022-08-30T15:55:41.6995942Z"
        }
      }
    },
    {
      "RequestUri": "https://management.azure.com/subscriptions/69a75bda-882e-44d5-8431-63421204132a/providers/Microsoft.NetApp/locations/westus2/operationResults/917872ce-5735-4dd6-a6db-9d6facd86d9e?api-version=2022-03-01",
      "RequestMethod": "GET",
      "RequestHeaders": {
        "Authorization": "Sanitized",
        "traceparent": "00-43dec77a3d2ce0c332cc6bd844a2eaae-0425cabaa659cc7c-00",
        "User-Agent": "azsdk-net-ResourceManager/1.0.0 (.NET 6.0.8; Microsoft Windows 10.0.19044)",
        "x-ms-client-request-id": "3e8fc12c3a8e8f511a5f0d5cdbe22b23",
        "x-ms-return-client-request-id": "true"
      },
      "RequestBody": null,
      "StatusCode": 200,
      "ResponseHeaders": {
        "Cache-Control": "no-cache",
        "Content-Length": "547",
        "Content-Type": "application/json; charset=utf-8",
        "Date": "Tue, 30 Aug 2022 15:55:43 GMT",
        "Expires": "-1",
        "Pragma": "no-cache",
        "Server": "Microsoft-IIS/10.0",
        "Strict-Transport-Security": "max-age=31536000; includeSubDomains",
        "X-Content-Type-Options": "nosniff",
        "x-ms-correlation-request-id": "2c442964-578f-4010-b4d4-d9d1a5c8c221",
        "x-ms-ratelimit-remaining-subscription-reads": "11990",
        "x-ms-request-id": "67796326-1f34-464f-ac0d-2757e00bd265",
        "x-ms-routing-request-id": "WESTEUROPE:20220830T155544Z:2c442964-578f-4010-b4d4-d9d1a5c8c221",
        "X-Powered-By": "ASP.NET"
      },
      "ResponseBody": {
        "id": "/subscriptions/69a75bda-882e-44d5-8431-63421204132a/providers/Microsoft.NetApp/locations/westus2/operationResults/917872ce-5735-4dd6-a6db-9d6facd86d9e",
        "name": "917872ce-5735-4dd6-a6db-9d6facd86d9e",
        "status": "Creating",
        "startTime": "2022-08-30T15:55:42.4708093Z",
        "endTime": "0001-01-01T00:00:00Z",
        "percentComplete": 0.0,
        "properties": {
          "resourceName": "/subscriptions/69a75bda-882e-44d5-8431-63421204132a/resourceGroups/testNetAppDotNetSDKRG-6162/providers/Microsoft.NetApp/netAppAccounts/account9803/capacityPools/pool1/volumes/volumeName-6282"
        }
      }
    },
    {
      "RequestUri": "https://management.azure.com/subscriptions/69a75bda-882e-44d5-8431-63421204132a/providers/Microsoft.NetApp/locations/westus2/operationResults/917872ce-5735-4dd6-a6db-9d6facd86d9e?api-version=2022-03-01",
      "RequestMethod": "GET",
      "RequestHeaders": {
        "Authorization": "Sanitized",
        "traceparent": "00-43dec77a3d2ce0c332cc6bd844a2eaae-1c78db4935035f75-00",
        "User-Agent": "azsdk-net-ResourceManager/1.0.0 (.NET 6.0.8; Microsoft Windows 10.0.19044)",
        "x-ms-client-request-id": "97ad69ed257d09212db2a8bde0fbfe87",
        "x-ms-return-client-request-id": "true"
      },
      "RequestBody": null,
      "StatusCode": 200,
      "ResponseHeaders": {
        "Cache-Control": "no-cache",
        "Content-Length": "547",
        "Content-Type": "application/json; charset=utf-8",
        "Date": "Tue, 30 Aug 2022 15:55:45 GMT",
        "Expires": "-1",
        "Pragma": "no-cache",
        "Server": "Microsoft-IIS/10.0",
        "Strict-Transport-Security": "max-age=31536000; includeSubDomains",
        "X-Content-Type-Options": "nosniff",
        "x-ms-correlation-request-id": "c78557ee-50e4-482a-a560-c3b08824b77f",
        "x-ms-ratelimit-remaining-subscription-reads": "11989",
        "x-ms-request-id": "cb12b91b-ff17-4691-844b-e76bfbc7c119",
        "x-ms-routing-request-id": "WESTEUROPE:20220830T155545Z:c78557ee-50e4-482a-a560-c3b08824b77f",
        "X-Powered-By": "ASP.NET"
      },
      "ResponseBody": {
        "id": "/subscriptions/69a75bda-882e-44d5-8431-63421204132a/providers/Microsoft.NetApp/locations/westus2/operationResults/917872ce-5735-4dd6-a6db-9d6facd86d9e",
        "name": "917872ce-5735-4dd6-a6db-9d6facd86d9e",
        "status": "Creating",
        "startTime": "2022-08-30T15:55:42.4708093Z",
        "endTime": "0001-01-01T00:00:00Z",
        "percentComplete": 0.0,
        "properties": {
          "resourceName": "/subscriptions/69a75bda-882e-44d5-8431-63421204132a/resourceGroups/testNetAppDotNetSDKRG-6162/providers/Microsoft.NetApp/netAppAccounts/account9803/capacityPools/pool1/volumes/volumeName-6282"
        }
      }
    },
    {
      "RequestUri": "https://management.azure.com/subscriptions/69a75bda-882e-44d5-8431-63421204132a/providers/Microsoft.NetApp/locations/westus2/operationResults/917872ce-5735-4dd6-a6db-9d6facd86d9e?api-version=2022-03-01",
      "RequestMethod": "GET",
      "RequestHeaders": {
        "Authorization": "Sanitized",
        "traceparent": "00-43dec77a3d2ce0c332cc6bd844a2eaae-2242a2e90d30db8a-00",
        "User-Agent": "azsdk-net-ResourceManager/1.0.0 (.NET 6.0.8; Microsoft Windows 10.0.19044)",
        "x-ms-client-request-id": "d502a99128b93a384e43d3cea5a710cb",
        "x-ms-return-client-request-id": "true"
      },
      "RequestBody": null,
      "StatusCode": 200,
      "ResponseHeaders": {
        "Cache-Control": "no-cache",
        "Content-Length": "547",
        "Content-Type": "application/json; charset=utf-8",
        "Date": "Tue, 30 Aug 2022 15:55:46 GMT",
        "Expires": "-1",
        "Pragma": "no-cache",
        "Server": "Microsoft-IIS/10.0",
        "Strict-Transport-Security": "max-age=31536000; includeSubDomains",
        "X-Content-Type-Options": "nosniff",
        "x-ms-correlation-request-id": "850de711-36d3-4f44-bd9e-eaf42ab741c8",
        "x-ms-ratelimit-remaining-subscription-reads": "11988",
        "x-ms-request-id": "10aa1e38-da23-45b9-b5d4-63f1d2b03b69",
        "x-ms-routing-request-id": "WESTEUROPE:20220830T155546Z:850de711-36d3-4f44-bd9e-eaf42ab741c8",
        "X-Powered-By": "ASP.NET"
      },
      "ResponseBody": {
        "id": "/subscriptions/69a75bda-882e-44d5-8431-63421204132a/providers/Microsoft.NetApp/locations/westus2/operationResults/917872ce-5735-4dd6-a6db-9d6facd86d9e",
        "name": "917872ce-5735-4dd6-a6db-9d6facd86d9e",
        "status": "Creating",
        "startTime": "2022-08-30T15:55:42.4708093Z",
        "endTime": "0001-01-01T00:00:00Z",
        "percentComplete": 0.0,
        "properties": {
          "resourceName": "/subscriptions/69a75bda-882e-44d5-8431-63421204132a/resourceGroups/testNetAppDotNetSDKRG-6162/providers/Microsoft.NetApp/netAppAccounts/account9803/capacityPools/pool1/volumes/volumeName-6282"
        }
      }
    },
    {
      "RequestUri": "https://management.azure.com/subscriptions/69a75bda-882e-44d5-8431-63421204132a/providers/Microsoft.NetApp/locations/westus2/operationResults/917872ce-5735-4dd6-a6db-9d6facd86d9e?api-version=2022-03-01",
      "RequestMethod": "GET",
      "RequestHeaders": {
        "Authorization": "Sanitized",
        "traceparent": "00-43dec77a3d2ce0c332cc6bd844a2eaae-150ca8042813162f-00",
        "User-Agent": "azsdk-net-ResourceManager/1.0.0 (.NET 6.0.8; Microsoft Windows 10.0.19044)",
        "x-ms-client-request-id": "10458ddc7bbe07219f8510db9194af1f",
        "x-ms-return-client-request-id": "true"
      },
      "RequestBody": null,
      "StatusCode": 200,
      "ResponseHeaders": {
        "Cache-Control": "no-cache",
        "Content-Length": "547",
        "Content-Type": "application/json; charset=utf-8",
        "Date": "Tue, 30 Aug 2022 15:55:48 GMT",
        "Expires": "-1",
        "Pragma": "no-cache",
        "Server": "Microsoft-IIS/10.0",
        "Strict-Transport-Security": "max-age=31536000; includeSubDomains",
        "X-Content-Type-Options": "nosniff",
        "x-ms-correlation-request-id": "45e9b276-db85-4b36-a219-198c62c16b04",
        "x-ms-ratelimit-remaining-subscription-reads": "11987",
        "x-ms-request-id": "c6ab6ae3-cf20-448f-990e-4b69b0d87a31",
        "x-ms-routing-request-id": "WESTEUROPE:20220830T155548Z:45e9b276-db85-4b36-a219-198c62c16b04",
        "X-Powered-By": "ASP.NET"
      },
      "ResponseBody": {
        "id": "/subscriptions/69a75bda-882e-44d5-8431-63421204132a/providers/Microsoft.NetApp/locations/westus2/operationResults/917872ce-5735-4dd6-a6db-9d6facd86d9e",
        "name": "917872ce-5735-4dd6-a6db-9d6facd86d9e",
        "status": "Creating",
        "startTime": "2022-08-30T15:55:42.4708093Z",
        "endTime": "0001-01-01T00:00:00Z",
        "percentComplete": 0.0,
        "properties": {
          "resourceName": "/subscriptions/69a75bda-882e-44d5-8431-63421204132a/resourceGroups/testNetAppDotNetSDKRG-6162/providers/Microsoft.NetApp/netAppAccounts/account9803/capacityPools/pool1/volumes/volumeName-6282"
        }
      }
    },
    {
      "RequestUri": "https://management.azure.com/subscriptions/69a75bda-882e-44d5-8431-63421204132a/providers/Microsoft.NetApp/locations/westus2/operationResults/917872ce-5735-4dd6-a6db-9d6facd86d9e?api-version=2022-03-01",
      "RequestMethod": "GET",
      "RequestHeaders": {
        "Authorization": "Sanitized",
        "traceparent": "00-43dec77a3d2ce0c332cc6bd844a2eaae-95162690dd835458-00",
        "User-Agent": "azsdk-net-ResourceManager/1.0.0 (.NET 6.0.8; Microsoft Windows 10.0.19044)",
        "x-ms-client-request-id": "31cb866055e0c4693173483951526486",
        "x-ms-return-client-request-id": "true"
      },
      "RequestBody": null,
      "StatusCode": 200,
      "ResponseHeaders": {
        "Cache-Control": "no-cache",
        "Content-Length": "547",
        "Content-Type": "application/json; charset=utf-8",
        "Date": "Tue, 30 Aug 2022 15:55:50 GMT",
        "Expires": "-1",
        "Pragma": "no-cache",
        "Server": "Microsoft-IIS/10.0",
        "Strict-Transport-Security": "max-age=31536000; includeSubDomains",
        "X-Content-Type-Options": "nosniff",
        "x-ms-correlation-request-id": "20d25964-5fe2-47c2-ae76-55daec625046",
        "x-ms-ratelimit-remaining-subscription-reads": "11986",
        "x-ms-request-id": "6f06600d-a9cb-4b96-9b7e-fbe8d75ab6b4",
        "x-ms-routing-request-id": "WESTEUROPE:20220830T155550Z:20d25964-5fe2-47c2-ae76-55daec625046",
        "X-Powered-By": "ASP.NET"
      },
      "ResponseBody": {
        "id": "/subscriptions/69a75bda-882e-44d5-8431-63421204132a/providers/Microsoft.NetApp/locations/westus2/operationResults/917872ce-5735-4dd6-a6db-9d6facd86d9e",
        "name": "917872ce-5735-4dd6-a6db-9d6facd86d9e",
        "status": "Creating",
        "startTime": "2022-08-30T15:55:42.4708093Z",
        "endTime": "0001-01-01T00:00:00Z",
        "percentComplete": 0.0,
        "properties": {
          "resourceName": "/subscriptions/69a75bda-882e-44d5-8431-63421204132a/resourceGroups/testNetAppDotNetSDKRG-6162/providers/Microsoft.NetApp/netAppAccounts/account9803/capacityPools/pool1/volumes/volumeName-6282"
        }
      }
    },
    {
      "RequestUri": "https://management.azure.com/subscriptions/69a75bda-882e-44d5-8431-63421204132a/providers/Microsoft.NetApp/locations/westus2/operationResults/917872ce-5735-4dd6-a6db-9d6facd86d9e?api-version=2022-03-01",
      "RequestMethod": "GET",
      "RequestHeaders": {
        "Authorization": "Sanitized",
        "traceparent": "00-43dec77a3d2ce0c332cc6bd844a2eaae-77a2409d63ab334a-00",
        "User-Agent": "azsdk-net-ResourceManager/1.0.0 (.NET 6.0.8; Microsoft Windows 10.0.19044)",
        "x-ms-client-request-id": "53e0dda2edb516c888fb3533185ca8b9",
        "x-ms-return-client-request-id": "true"
      },
      "RequestBody": null,
      "StatusCode": 200,
      "ResponseHeaders": {
        "Cache-Control": "no-cache",
        "Content-Length": "547",
        "Content-Type": "application/json; charset=utf-8",
        "Date": "Tue, 30 Aug 2022 15:55:54 GMT",
        "Expires": "-1",
        "Pragma": "no-cache",
        "Server": "Microsoft-IIS/10.0",
        "Strict-Transport-Security": "max-age=31536000; includeSubDomains",
        "X-Content-Type-Options": "nosniff",
        "x-ms-correlation-request-id": "862fe011-1bbf-4285-9a74-6122f4d05ee4",
        "x-ms-ratelimit-remaining-subscription-reads": "11985",
        "x-ms-request-id": "4b48700b-edfa-4a78-b28c-57d855b8643f",
        "x-ms-routing-request-id": "WESTEUROPE:20220830T155554Z:862fe011-1bbf-4285-9a74-6122f4d05ee4",
        "X-Powered-By": "ASP.NET"
      },
      "ResponseBody": {
        "id": "/subscriptions/69a75bda-882e-44d5-8431-63421204132a/providers/Microsoft.NetApp/locations/westus2/operationResults/917872ce-5735-4dd6-a6db-9d6facd86d9e",
        "name": "917872ce-5735-4dd6-a6db-9d6facd86d9e",
        "status": "Creating",
        "startTime": "2022-08-30T15:55:42.4708093Z",
        "endTime": "0001-01-01T00:00:00Z",
        "percentComplete": 0.0,
        "properties": {
          "resourceName": "/subscriptions/69a75bda-882e-44d5-8431-63421204132a/resourceGroups/testNetAppDotNetSDKRG-6162/providers/Microsoft.NetApp/netAppAccounts/account9803/capacityPools/pool1/volumes/volumeName-6282"
        }
      }
    },
    {
      "RequestUri": "https://management.azure.com/subscriptions/69a75bda-882e-44d5-8431-63421204132a/providers/Microsoft.NetApp/locations/westus2/operationResults/917872ce-5735-4dd6-a6db-9d6facd86d9e?api-version=2022-03-01",
      "RequestMethod": "GET",
      "RequestHeaders": {
        "Authorization": "Sanitized",
        "traceparent": "00-43dec77a3d2ce0c332cc6bd844a2eaae-40db00554331c812-00",
        "User-Agent": "azsdk-net-ResourceManager/1.0.0 (.NET 6.0.8; Microsoft Windows 10.0.19044)",
        "x-ms-client-request-id": "1e6db394dedc86ea2381df4b32e7b54d",
        "x-ms-return-client-request-id": "true"
      },
      "RequestBody": null,
      "StatusCode": 200,
      "ResponseHeaders": {
        "Cache-Control": "no-cache",
        "Content-Length": "547",
        "Content-Type": "application/json; charset=utf-8",
        "Date": "Tue, 30 Aug 2022 15:56:02 GMT",
        "Expires": "-1",
        "Pragma": "no-cache",
        "Server": "Microsoft-IIS/10.0",
        "Strict-Transport-Security": "max-age=31536000; includeSubDomains",
        "X-Content-Type-Options": "nosniff",
        "x-ms-correlation-request-id": "31d42456-f767-4ca2-924d-112b7bc6293b",
        "x-ms-ratelimit-remaining-subscription-reads": "11984",
        "x-ms-request-id": "92859d62-d746-4fd1-bc99-b06cfd03c51d",
        "x-ms-routing-request-id": "WESTEUROPE:20220830T155602Z:31d42456-f767-4ca2-924d-112b7bc6293b",
        "X-Powered-By": "ASP.NET"
      },
      "ResponseBody": {
        "id": "/subscriptions/69a75bda-882e-44d5-8431-63421204132a/providers/Microsoft.NetApp/locations/westus2/operationResults/917872ce-5735-4dd6-a6db-9d6facd86d9e",
        "name": "917872ce-5735-4dd6-a6db-9d6facd86d9e",
        "status": "Creating",
        "startTime": "2022-08-30T15:55:42.4708093Z",
        "endTime": "0001-01-01T00:00:00Z",
        "percentComplete": 0.0,
        "properties": {
          "resourceName": "/subscriptions/69a75bda-882e-44d5-8431-63421204132a/resourceGroups/testNetAppDotNetSDKRG-6162/providers/Microsoft.NetApp/netAppAccounts/account9803/capacityPools/pool1/volumes/volumeName-6282"
        }
      }
    },
    {
      "RequestUri": "https://management.azure.com/subscriptions/69a75bda-882e-44d5-8431-63421204132a/providers/Microsoft.NetApp/locations/westus2/operationResults/917872ce-5735-4dd6-a6db-9d6facd86d9e?api-version=2022-03-01",
      "RequestMethod": "GET",
      "RequestHeaders": {
        "Authorization": "Sanitized",
        "traceparent": "00-43dec77a3d2ce0c332cc6bd844a2eaae-5e58e0caf3e67514-00",
        "User-Agent": "azsdk-net-ResourceManager/1.0.0 (.NET 6.0.8; Microsoft Windows 10.0.19044)",
        "x-ms-client-request-id": "b4398a215cb3736abdb4a9e41f36acd4",
        "x-ms-return-client-request-id": "true"
      },
      "RequestBody": null,
      "StatusCode": 200,
      "ResponseHeaders": {
        "Cache-Control": "no-cache",
        "Content-Length": "547",
        "Content-Type": "application/json; charset=utf-8",
        "Date": "Tue, 30 Aug 2022 15:56:18 GMT",
        "Expires": "-1",
        "Pragma": "no-cache",
        "Server": "Microsoft-IIS/10.0",
        "Strict-Transport-Security": "max-age=31536000; includeSubDomains",
        "X-Content-Type-Options": "nosniff",
        "x-ms-correlation-request-id": "df76dd47-20ae-4de6-985a-a93d862e7401",
        "x-ms-ratelimit-remaining-subscription-reads": "11983",
        "x-ms-request-id": "7cd49ec4-248d-413f-a55b-4e4fbdb4a5c2",
        "x-ms-routing-request-id": "WESTEUROPE:20220830T155619Z:df76dd47-20ae-4de6-985a-a93d862e7401",
        "X-Powered-By": "ASP.NET"
      },
      "ResponseBody": {
        "id": "/subscriptions/69a75bda-882e-44d5-8431-63421204132a/providers/Microsoft.NetApp/locations/westus2/operationResults/917872ce-5735-4dd6-a6db-9d6facd86d9e",
        "name": "917872ce-5735-4dd6-a6db-9d6facd86d9e",
        "status": "Creating",
        "startTime": "2022-08-30T15:55:42.4708093Z",
        "endTime": "0001-01-01T00:00:00Z",
        "percentComplete": 0.0,
        "properties": {
          "resourceName": "/subscriptions/69a75bda-882e-44d5-8431-63421204132a/resourceGroups/testNetAppDotNetSDKRG-6162/providers/Microsoft.NetApp/netAppAccounts/account9803/capacityPools/pool1/volumes/volumeName-6282"
        }
      }
    },
    {
      "RequestUri": "https://management.azure.com/subscriptions/69a75bda-882e-44d5-8431-63421204132a/providers/Microsoft.NetApp/locations/westus2/operationResults/917872ce-5735-4dd6-a6db-9d6facd86d9e?api-version=2022-03-01",
      "RequestMethod": "GET",
      "RequestHeaders": {
        "Authorization": "Sanitized",
        "traceparent": "00-43dec77a3d2ce0c332cc6bd844a2eaae-2ffe39ce51af7bb4-00",
        "User-Agent": "azsdk-net-ResourceManager/1.0.0 (.NET 6.0.8; Microsoft Windows 10.0.19044)",
        "x-ms-client-request-id": "9ea48eca46e5c3a9f2592f340d7de4a1",
        "x-ms-return-client-request-id": "true"
      },
      "RequestBody": null,
      "StatusCode": 200,
      "ResponseHeaders": {
        "Cache-Control": "no-cache",
        "Content-Length": "547",
        "Content-Type": "application/json; charset=utf-8",
        "Date": "Tue, 30 Aug 2022 15:56:50 GMT",
        "Expires": "-1",
        "Pragma": "no-cache",
        "Server": "Microsoft-IIS/10.0",
        "Strict-Transport-Security": "max-age=31536000; includeSubDomains",
        "X-Content-Type-Options": "nosniff",
        "x-ms-correlation-request-id": "dffa827f-3778-4726-8439-ba3fcc12e580",
        "x-ms-ratelimit-remaining-subscription-reads": "11982",
        "x-ms-request-id": "856d9fdb-3b86-44a3-bc39-0b67575374c5",
        "x-ms-routing-request-id": "WESTEUROPE:20220830T155651Z:dffa827f-3778-4726-8439-ba3fcc12e580",
        "X-Powered-By": "ASP.NET"
      },
      "ResponseBody": {
        "id": "/subscriptions/69a75bda-882e-44d5-8431-63421204132a/providers/Microsoft.NetApp/locations/westus2/operationResults/917872ce-5735-4dd6-a6db-9d6facd86d9e",
        "name": "917872ce-5735-4dd6-a6db-9d6facd86d9e",
        "status": "Creating",
        "startTime": "2022-08-30T15:55:42.4708093Z",
        "endTime": "0001-01-01T00:00:00Z",
        "percentComplete": 0.0,
        "properties": {
          "resourceName": "/subscriptions/69a75bda-882e-44d5-8431-63421204132a/resourceGroups/testNetAppDotNetSDKRG-6162/providers/Microsoft.NetApp/netAppAccounts/account9803/capacityPools/pool1/volumes/volumeName-6282"
        }
      }
    },
    {
      "RequestUri": "https://management.azure.com/subscriptions/69a75bda-882e-44d5-8431-63421204132a/providers/Microsoft.NetApp/locations/westus2/operationResults/917872ce-5735-4dd6-a6db-9d6facd86d9e?api-version=2022-03-01",
      "RequestMethod": "GET",
      "RequestHeaders": {
        "Authorization": "Sanitized",
        "traceparent": "00-43dec77a3d2ce0c332cc6bd844a2eaae-9e8fc0372497c2aa-00",
        "User-Agent": "azsdk-net-ResourceManager/1.0.0 (.NET 6.0.8; Microsoft Windows 10.0.19044)",
        "x-ms-client-request-id": "8d12e845f423380649f96027350567ed",
        "x-ms-return-client-request-id": "true"
      },
      "RequestBody": null,
      "StatusCode": 200,
      "ResponseHeaders": {
        "Cache-Control": "no-cache",
        "Content-Length": "547",
        "Content-Type": "application/json; charset=utf-8",
        "Date": "Tue, 30 Aug 2022 15:57:22 GMT",
        "Expires": "-1",
        "Pragma": "no-cache",
        "Server": "Microsoft-IIS/10.0",
        "Strict-Transport-Security": "max-age=31536000; includeSubDomains",
        "X-Content-Type-Options": "nosniff",
        "x-ms-correlation-request-id": "2742bf76-3913-4bda-b1cd-de52319fd7f5",
        "x-ms-ratelimit-remaining-subscription-reads": "11981",
        "x-ms-request-id": "9a072639-db1c-4045-8537-63af467e9a6a",
        "x-ms-routing-request-id": "WESTEUROPE:20220830T155723Z:2742bf76-3913-4bda-b1cd-de52319fd7f5",
        "X-Powered-By": "ASP.NET"
      },
      "ResponseBody": {
        "id": "/subscriptions/69a75bda-882e-44d5-8431-63421204132a/providers/Microsoft.NetApp/locations/westus2/operationResults/917872ce-5735-4dd6-a6db-9d6facd86d9e",
        "name": "917872ce-5735-4dd6-a6db-9d6facd86d9e",
        "status": "Creating",
        "startTime": "2022-08-30T15:55:42.4708093Z",
        "endTime": "0001-01-01T00:00:00Z",
        "percentComplete": 0.0,
        "properties": {
          "resourceName": "/subscriptions/69a75bda-882e-44d5-8431-63421204132a/resourceGroups/testNetAppDotNetSDKRG-6162/providers/Microsoft.NetApp/netAppAccounts/account9803/capacityPools/pool1/volumes/volumeName-6282"
        }
      }
    },
    {
      "RequestUri": "https://management.azure.com/subscriptions/69a75bda-882e-44d5-8431-63421204132a/providers/Microsoft.NetApp/locations/westus2/operationResults/917872ce-5735-4dd6-a6db-9d6facd86d9e?api-version=2022-03-01",
      "RequestMethod": "GET",
      "RequestHeaders": {
        "Authorization": "Sanitized",
        "traceparent": "00-43dec77a3d2ce0c332cc6bd844a2eaae-c0fefca461ce67be-00",
        "User-Agent": "azsdk-net-ResourceManager/1.0.0 (.NET 6.0.8; Microsoft Windows 10.0.19044)",
        "x-ms-client-request-id": "a3800bd41742db67e075c2592c36653f",
        "x-ms-return-client-request-id": "true"
      },
      "RequestBody": null,
      "StatusCode": 200,
      "ResponseHeaders": {
        "Cache-Control": "no-cache",
        "Content-Length": "547",
        "Content-Type": "application/json; charset=utf-8",
        "Date": "Tue, 30 Aug 2022 15:57:55 GMT",
        "Expires": "-1",
        "Pragma": "no-cache",
        "Server": "Microsoft-IIS/10.0",
        "Strict-Transport-Security": "max-age=31536000; includeSubDomains",
        "X-Content-Type-Options": "nosniff",
        "x-ms-correlation-request-id": "f9eec23a-45b2-4fb4-9bbe-afa2443c59b8",
        "x-ms-ratelimit-remaining-subscription-reads": "11980",
        "x-ms-request-id": "5b052cd7-ed37-4762-b69e-c1a40f266082",
        "x-ms-routing-request-id": "WESTEUROPE:20220830T155755Z:f9eec23a-45b2-4fb4-9bbe-afa2443c59b8",
        "X-Powered-By": "ASP.NET"
      },
      "ResponseBody": {
        "id": "/subscriptions/69a75bda-882e-44d5-8431-63421204132a/providers/Microsoft.NetApp/locations/westus2/operationResults/917872ce-5735-4dd6-a6db-9d6facd86d9e",
        "name": "917872ce-5735-4dd6-a6db-9d6facd86d9e",
        "status": "Creating",
        "startTime": "2022-08-30T15:55:42.4708093Z",
        "endTime": "0001-01-01T00:00:00Z",
        "percentComplete": 0.0,
        "properties": {
          "resourceName": "/subscriptions/69a75bda-882e-44d5-8431-63421204132a/resourceGroups/testNetAppDotNetSDKRG-6162/providers/Microsoft.NetApp/netAppAccounts/account9803/capacityPools/pool1/volumes/volumeName-6282"
        }
      }
    },
    {
      "RequestUri": "https://management.azure.com/subscriptions/69a75bda-882e-44d5-8431-63421204132a/providers/Microsoft.NetApp/locations/westus2/operationResults/917872ce-5735-4dd6-a6db-9d6facd86d9e?api-version=2022-03-01",
      "RequestMethod": "GET",
      "RequestHeaders": {
        "Authorization": "Sanitized",
        "traceparent": "00-43dec77a3d2ce0c332cc6bd844a2eaae-163a00f7ec0ccd03-00",
        "User-Agent": "azsdk-net-ResourceManager/1.0.0 (.NET 6.0.8; Microsoft Windows 10.0.19044)",
        "x-ms-client-request-id": "369e08d01f24d6b0886c54ebe5828eec",
        "x-ms-return-client-request-id": "true"
      },
      "RequestBody": null,
      "StatusCode": 200,
      "ResponseHeaders": {
        "Cache-Control": "no-cache",
        "Content-Length": "547",
        "Content-Type": "application/json; charset=utf-8",
        "Date": "Tue, 30 Aug 2022 15:58:27 GMT",
        "Expires": "-1",
        "Pragma": "no-cache",
        "Server": "Microsoft-IIS/10.0",
        "Strict-Transport-Security": "max-age=31536000; includeSubDomains",
        "X-Content-Type-Options": "nosniff",
        "x-ms-correlation-request-id": "633174aa-3b2c-42ea-82e6-3aedb51d7d51",
        "x-ms-ratelimit-remaining-subscription-reads": "11979",
        "x-ms-request-id": "efe9b5de-04d8-455e-b995-33f181b55b0a",
        "x-ms-routing-request-id": "WESTEUROPE:20220830T155828Z:633174aa-3b2c-42ea-82e6-3aedb51d7d51",
        "X-Powered-By": "ASP.NET"
      },
      "ResponseBody": {
        "id": "/subscriptions/69a75bda-882e-44d5-8431-63421204132a/providers/Microsoft.NetApp/locations/westus2/operationResults/917872ce-5735-4dd6-a6db-9d6facd86d9e",
        "name": "917872ce-5735-4dd6-a6db-9d6facd86d9e",
        "status": "Creating",
        "startTime": "2022-08-30T15:55:42.4708093Z",
        "endTime": "0001-01-01T00:00:00Z",
        "percentComplete": 0.0,
        "properties": {
          "resourceName": "/subscriptions/69a75bda-882e-44d5-8431-63421204132a/resourceGroups/testNetAppDotNetSDKRG-6162/providers/Microsoft.NetApp/netAppAccounts/account9803/capacityPools/pool1/volumes/volumeName-6282"
        }
      }
    },
    {
      "RequestUri": "https://management.azure.com/subscriptions/69a75bda-882e-44d5-8431-63421204132a/providers/Microsoft.NetApp/locations/westus2/operationResults/917872ce-5735-4dd6-a6db-9d6facd86d9e?api-version=2022-03-01",
      "RequestMethod": "GET",
      "RequestHeaders": {
        "Authorization": "Sanitized",
        "traceparent": "00-43dec77a3d2ce0c332cc6bd844a2eaae-6c81cd9c85666661-00",
        "User-Agent": "azsdk-net-ResourceManager/1.0.0 (.NET 6.0.8; Microsoft Windows 10.0.19044)",
        "x-ms-client-request-id": "025f42f241fd2e5e8136acad32ac0c13",
        "x-ms-return-client-request-id": "true"
      },
      "RequestBody": null,
      "StatusCode": 200,
      "ResponseHeaders": {
        "Cache-Control": "no-cache",
        "Content-Length": "547",
        "Content-Type": "application/json; charset=utf-8",
        "Date": "Tue, 30 Aug 2022 15:58:59 GMT",
        "Expires": "-1",
        "Pragma": "no-cache",
        "Server": "Microsoft-IIS/10.0",
        "Strict-Transport-Security": "max-age=31536000; includeSubDomains",
        "X-Content-Type-Options": "nosniff",
        "x-ms-correlation-request-id": "47eb60cb-9150-42d6-b156-4f7eb8bd18cf",
        "x-ms-ratelimit-remaining-subscription-reads": "11978",
        "x-ms-request-id": "5aabc7e1-00be-4651-85dd-9f0d04bc7c33",
        "x-ms-routing-request-id": "WESTEUROPE:20220830T155900Z:47eb60cb-9150-42d6-b156-4f7eb8bd18cf",
        "X-Powered-By": "ASP.NET"
      },
      "ResponseBody": {
        "id": "/subscriptions/69a75bda-882e-44d5-8431-63421204132a/providers/Microsoft.NetApp/locations/westus2/operationResults/917872ce-5735-4dd6-a6db-9d6facd86d9e",
        "name": "917872ce-5735-4dd6-a6db-9d6facd86d9e",
        "status": "Creating",
        "startTime": "2022-08-30T15:55:42.4708093Z",
        "endTime": "0001-01-01T00:00:00Z",
        "percentComplete": 0.0,
        "properties": {
          "resourceName": "/subscriptions/69a75bda-882e-44d5-8431-63421204132a/resourceGroups/testNetAppDotNetSDKRG-6162/providers/Microsoft.NetApp/netAppAccounts/account9803/capacityPools/pool1/volumes/volumeName-6282"
        }
      }
    },
    {
      "RequestUri": "https://management.azure.com/subscriptions/69a75bda-882e-44d5-8431-63421204132a/providers/Microsoft.NetApp/locations/westus2/operationResults/917872ce-5735-4dd6-a6db-9d6facd86d9e?api-version=2022-03-01",
      "RequestMethod": "GET",
      "RequestHeaders": {
        "Authorization": "Sanitized",
        "traceparent": "00-43dec77a3d2ce0c332cc6bd844a2eaae-55268523719c3ba4-00",
        "User-Agent": "azsdk-net-ResourceManager/1.0.0 (.NET 6.0.8; Microsoft Windows 10.0.19044)",
        "x-ms-client-request-id": "2d5721933066b5c85baa1ad6c27bf65e",
        "x-ms-return-client-request-id": "true"
      },
      "RequestBody": null,
      "StatusCode": 200,
      "ResponseHeaders": {
        "Cache-Control": "no-cache",
        "Content-Length": "547",
        "Content-Type": "application/json; charset=utf-8",
        "Date": "Tue, 30 Aug 2022 15:59:31 GMT",
        "Expires": "-1",
        "Pragma": "no-cache",
        "Server": "Microsoft-IIS/10.0",
        "Strict-Transport-Security": "max-age=31536000; includeSubDomains",
        "X-Content-Type-Options": "nosniff",
        "x-ms-correlation-request-id": "a8adc482-284d-4a1c-afaf-10f27048424f",
        "x-ms-ratelimit-remaining-subscription-reads": "11977",
        "x-ms-request-id": "6331ef8f-e3be-46b9-a8bd-c886c539160b",
        "x-ms-routing-request-id": "WESTEUROPE:20220830T155932Z:a8adc482-284d-4a1c-afaf-10f27048424f",
        "X-Powered-By": "ASP.NET"
      },
      "ResponseBody": {
        "id": "/subscriptions/69a75bda-882e-44d5-8431-63421204132a/providers/Microsoft.NetApp/locations/westus2/operationResults/917872ce-5735-4dd6-a6db-9d6facd86d9e",
        "name": "917872ce-5735-4dd6-a6db-9d6facd86d9e",
        "status": "Creating",
        "startTime": "2022-08-30T15:55:42.4708093Z",
        "endTime": "0001-01-01T00:00:00Z",
        "percentComplete": 0.0,
        "properties": {
          "resourceName": "/subscriptions/69a75bda-882e-44d5-8431-63421204132a/resourceGroups/testNetAppDotNetSDKRG-6162/providers/Microsoft.NetApp/netAppAccounts/account9803/capacityPools/pool1/volumes/volumeName-6282"
        }
      }
    },
    {
      "RequestUri": "https://management.azure.com/subscriptions/69a75bda-882e-44d5-8431-63421204132a/providers/Microsoft.NetApp/locations/westus2/operationResults/917872ce-5735-4dd6-a6db-9d6facd86d9e?api-version=2022-03-01",
      "RequestMethod": "GET",
      "RequestHeaders": {
        "Authorization": "Sanitized",
        "traceparent": "00-43dec77a3d2ce0c332cc6bd844a2eaae-c16c1432975a601d-00",
        "User-Agent": "azsdk-net-ResourceManager/1.0.0 (.NET 6.0.8; Microsoft Windows 10.0.19044)",
        "x-ms-client-request-id": "ea67d5e763d68f42a970b5ed7202a4dc",
        "x-ms-return-client-request-id": "true"
      },
      "RequestBody": null,
      "StatusCode": 200,
      "ResponseHeaders": {
        "Cache-Control": "no-cache",
        "Content-Length": "547",
        "Content-Type": "application/json; charset=utf-8",
        "Date": "Tue, 30 Aug 2022 16:00:05 GMT",
        "Expires": "-1",
        "Pragma": "no-cache",
        "Server": "Microsoft-IIS/10.0",
        "Strict-Transport-Security": "max-age=31536000; includeSubDomains",
        "X-Content-Type-Options": "nosniff",
        "x-ms-correlation-request-id": "92cd2c66-d068-40c7-bd90-4379a072560b",
        "x-ms-ratelimit-remaining-subscription-reads": "11976",
        "x-ms-request-id": "b8c1a27e-3c68-4cce-8294-360bf048e6c2",
        "x-ms-routing-request-id": "WESTEUROPE:20220830T160005Z:92cd2c66-d068-40c7-bd90-4379a072560b",
        "X-Powered-By": "ASP.NET"
      },
      "ResponseBody": {
        "id": "/subscriptions/69a75bda-882e-44d5-8431-63421204132a/providers/Microsoft.NetApp/locations/westus2/operationResults/917872ce-5735-4dd6-a6db-9d6facd86d9e",
        "name": "917872ce-5735-4dd6-a6db-9d6facd86d9e",
        "status": "Creating",
        "startTime": "2022-08-30T15:55:42.4708093Z",
        "endTime": "0001-01-01T00:00:00Z",
        "percentComplete": 0.0,
        "properties": {
          "resourceName": "/subscriptions/69a75bda-882e-44d5-8431-63421204132a/resourceGroups/testNetAppDotNetSDKRG-6162/providers/Microsoft.NetApp/netAppAccounts/account9803/capacityPools/pool1/volumes/volumeName-6282"
        }
      }
    },
    {
      "RequestUri": "https://management.azure.com/subscriptions/69a75bda-882e-44d5-8431-63421204132a/providers/Microsoft.NetApp/locations/westus2/operationResults/917872ce-5735-4dd6-a6db-9d6facd86d9e?api-version=2022-03-01",
      "RequestMethod": "GET",
      "RequestHeaders": {
        "Authorization": "Sanitized",
        "traceparent": "00-43dec77a3d2ce0c332cc6bd844a2eaae-aa80d2690ad98dee-00",
        "User-Agent": "azsdk-net-ResourceManager/1.0.0 (.NET 6.0.8; Microsoft Windows 10.0.19044)",
        "x-ms-client-request-id": "c4584160602bc28579aaa75226886c06",
        "x-ms-return-client-request-id": "true"
      },
      "RequestBody": null,
      "StatusCode": 200,
      "ResponseHeaders": {
        "Cache-Control": "no-cache",
        "Content-Length": "558",
        "Content-Type": "application/json; charset=utf-8",
        "Date": "Tue, 30 Aug 2022 16:00:37 GMT",
        "Expires": "-1",
        "Pragma": "no-cache",
        "Server": "Microsoft-IIS/10.0",
        "Strict-Transport-Security": "max-age=31536000; includeSubDomains",
        "X-Content-Type-Options": "nosniff",
        "x-ms-correlation-request-id": "2d0bb8a6-4c0f-4d07-a7f3-4aab8afbf4ea",
        "x-ms-ratelimit-remaining-subscription-reads": "11975",
        "x-ms-request-id": "2dcf6879-e663-4b55-8671-bbd26e365022",
        "x-ms-routing-request-id": "WESTEUROPE:20220830T160037Z:2d0bb8a6-4c0f-4d07-a7f3-4aab8afbf4ea",
        "X-Powered-By": "ASP.NET"
      },
      "ResponseBody": {
        "id": "/subscriptions/69a75bda-882e-44d5-8431-63421204132a/providers/Microsoft.NetApp/locations/westus2/operationResults/917872ce-5735-4dd6-a6db-9d6facd86d9e",
        "name": "917872ce-5735-4dd6-a6db-9d6facd86d9e",
        "status": "Succeeded",
        "startTime": "2022-08-30T15:55:42.4708093Z",
        "endTime": "2022-08-30T16:00:18.3552064Z",
        "percentComplete": 100.0,
        "properties": {
          "resourceName": "/subscriptions/69a75bda-882e-44d5-8431-63421204132a/resourceGroups/testNetAppDotNetSDKRG-6162/providers/Microsoft.NetApp/netAppAccounts/account9803/capacityPools/pool1/volumes/volumeName-6282"
        }
      }
    },
    {
      "RequestUri": "https://management.azure.com/subscriptions/69a75bda-882e-44d5-8431-63421204132a/resourceGroups/testNetAppDotNetSDKRG-6162/providers/Microsoft.NetApp/netAppAccounts/account9803/capacityPools/pool1/volumes/volumeName-6282?api-version=2022-03-01",
      "RequestMethod": "GET",
      "RequestHeaders": {
        "Authorization": "Sanitized",
        "traceparent": "00-43dec77a3d2ce0c332cc6bd844a2eaae-d2f6f889859f161b-00",
        "User-Agent": "azsdk-net-ResourceManager/1.0.0 (.NET 6.0.8; Microsoft Windows 10.0.19044)",
        "x-ms-client-request-id": "5cc64e4021452f3cdec783f67bdb4358",
        "x-ms-return-client-request-id": "true"
      },
      "RequestBody": null,
      "StatusCode": 200,
      "ResponseHeaders": {
        "Cache-Control": "no-cache",
        "Content-Length": "2331",
        "Content-Type": "application/json; charset=utf-8",
        "Date": "Tue, 30 Aug 2022 16:00:37 GMT",
        "ETag": "W/\u0022datetime\u00272022-08-30T16%3A00%3A18.3543528Z\u0027\u0022",
        "Expires": "-1",
        "Pragma": "no-cache",
        "Server": "Microsoft-IIS/10.0",
        "Strict-Transport-Security": "max-age=31536000; includeSubDomains",
        "X-Content-Type-Options": "nosniff",
        "x-ms-correlation-request-id": "ba8ed93b-282b-4a84-8a17-b13e31929103",
        "x-ms-ratelimit-remaining-subscription-reads": "11974",
        "x-ms-request-id": "f422d308-c57e-4691-8be2-2be382fa7123",
        "x-ms-routing-request-id": "WESTEUROPE:20220830T160038Z:ba8ed93b-282b-4a84-8a17-b13e31929103",
        "X-Powered-By": "ASP.NET"
      },
      "ResponseBody": {
        "id": "/subscriptions/69a75bda-882e-44d5-8431-63421204132a/resourceGroups/testNetAppDotNetSDKRG-6162/providers/Microsoft.NetApp/netAppAccounts/account9803/capacityPools/pool1/volumes/volumeName-6282",
        "name": "account9803/pool1/volumeName-6282",
        "type": "Microsoft.NetApp/netAppAccounts/capacityPools/volumes",
        "etag": "W/\u0022datetime\u00272022-08-30T16%3A00%3A18.3543528Z\u0027\u0022",
        "location": "westus2",
        "tags": {
          "key1": "value1",
          "key2": "value2",
          "CreatedOnDate": "2022-08-30T15:55:40.4047786Z"
        },
        "properties": {
          "fileSystemId": "78f053eb-0d6f-ef27-aab6-44e03ee6798c",
          "serviceLevel": "Premium",
          "creationToken": "volumeName-6282",
          "usageThreshold": 107374182400,
          "exportPolicy": {
            "rules": [
              {
                "ruleIndex": 1,
                "unixReadOnly": false,
                "unixReadWrite": true,
                "cifs": false,
                "nfsv3": true,
                "nfsv41": false,
                "allowedClients": "0.0.0.0/0",
                "kerberos5ReadOnly": false,
                "kerberos5ReadWrite": false,
                "kerberos5iReadOnly": false,
                "kerberos5iReadWrite": false,
                "kerberos5pReadOnly": false,
                "kerberos5pReadWrite": false,
                "hasRootAccess": true,
                "chownMode": "Restricted"
              }
            ]
          },
          "protocolTypes": [
            "NFSv3"
          ],
          "baremetalTenantId": "baremetalTenant_svm_8f82c7b40509489d9e97d719b9b955b4_43f61c15",
          "subnetId": "/subscriptions/69a75bda-882e-44d5-8431-63421204132a/resourceGroups/testNetAppDotNetSDKRG-6162/providers/Microsoft.Network/virtualNetworks/vnet-8268/subnets/default",
          "networkFeatures": "Basic",
          "networkSiblingSetId": "964a1b1c-ce1a-475e-3b4c-4f01b1c8c366",
          "storageToNetworkProximity": "Default",
          "snapshotDirectoryVisible": true,
          "kerberosEnabled": false,
          "securityStyle": "Unix",
          "smbEncryption": false,
          "smbContinuouslyAvailable": false,
          "encryptionKeySource": "Microsoft.NetApp",
          "ldapEnabled": false,
          "unixPermissions": "0770",
          "mountTargets": [
            {
              "mountTargetId": "78f053eb-0d6f-ef27-aab6-44e03ee6798c",
              "fileSystemId": "78f053eb-0d6f-ef27-aab6-44e03ee6798c",
              "ipAddress": "10.0.1.4"
            }
          ],
          "throughputMibps": 6.25,
          "volumeSpecName": "generic",
          "coolAccess": false,
          "avsDataStore": "Disabled",
          "isDefaultQuotaEnabled": false,
          "defaultUserQuotaInKiBs": 0,
          "defaultGroupQuotaInKiBs": 0,
          "enableSubvolumes": "Disabled",
          "maximumNumberOfFiles": 100000000,
          "provisioningState": "Succeeded"
        },
        "systemData": {
          "createdBy": "c6c4faba-2b22-44d9-80a4-71ff5b71f811",
          "createdByType": "Application",
          "createdAt": "2022-08-30T15:55:41.6995942Z",
          "lastModifiedBy": "c6c4faba-2b22-44d9-80a4-71ff5b71f811",
          "lastModifiedByType": "Application",
          "lastModifiedAt": "2022-08-30T15:55:41.6995942Z"
        }
      }
    },
    {
      "RequestUri": "https://management.azure.com/subscriptions/69a75bda-882e-44d5-8431-63421204132a/resourceGroups/testNetAppDotNetSDKRG-6162/providers/Microsoft.NetApp/netAppAccounts/account9803/capacityPools/pool1/volumes/volumeName-6282?api-version=2022-03-01",
      "RequestMethod": "GET",
      "RequestHeaders": {
        "Accept": "application/json",
        "Authorization": "Sanitized",
        "traceparent": "00-fe548b48b6073cdc9e396bc41fb59118-ff426112125a0948-00",
        "User-Agent": "azsdk-net-ResourceManager.NetApp/1.0.0-alpha.20220721.1 (.NET 6.0.8; Microsoft Windows 10.0.19044)",
        "x-ms-client-request-id": "80753d06322386334fa5702cbcf06821",
        "x-ms-return-client-request-id": "true"
      },
      "RequestBody": null,
      "StatusCode": 200,
      "ResponseHeaders": {
        "Cache-Control": "no-cache",
        "Content-Length": "2331",
        "Content-Type": "application/json; charset=utf-8",
        "Date": "Tue, 30 Aug 2022 16:00:38 GMT",
        "ETag": "W/\u0022datetime\u00272022-08-30T16%3A00%3A18.3543528Z\u0027\u0022",
        "Expires": "-1",
        "Pragma": "no-cache",
        "Server": "Microsoft-IIS/10.0",
        "Strict-Transport-Security": "max-age=31536000; includeSubDomains",
        "X-Content-Type-Options": "nosniff",
        "x-ms-correlation-request-id": "c2e82a9a-22a1-4de9-96cf-5d41d872eeab",
        "x-ms-ratelimit-remaining-subscription-reads": "11973",
        "x-ms-request-id": "68529152-c5e1-42d0-a0c6-007e366d8ac0",
        "x-ms-routing-request-id": "WESTEUROPE:20220830T160038Z:c2e82a9a-22a1-4de9-96cf-5d41d872eeab",
        "X-Powered-By": "ASP.NET"
      },
      "ResponseBody": {
        "id": "/subscriptions/69a75bda-882e-44d5-8431-63421204132a/resourceGroups/testNetAppDotNetSDKRG-6162/providers/Microsoft.NetApp/netAppAccounts/account9803/capacityPools/pool1/volumes/volumeName-6282",
        "name": "account9803/pool1/volumeName-6282",
        "type": "Microsoft.NetApp/netAppAccounts/capacityPools/volumes",
        "etag": "W/\u0022datetime\u00272022-08-30T16%3A00%3A18.3543528Z\u0027\u0022",
        "location": "westus2",
        "tags": {
          "key1": "value1",
          "key2": "value2",
          "CreatedOnDate": "2022-08-30T15:55:40.4047786Z"
        },
        "properties": {
          "fileSystemId": "78f053eb-0d6f-ef27-aab6-44e03ee6798c",
          "serviceLevel": "Premium",
          "creationToken": "volumeName-6282",
          "usageThreshold": 107374182400,
          "exportPolicy": {
            "rules": [
              {
                "ruleIndex": 1,
                "unixReadOnly": false,
                "unixReadWrite": true,
                "cifs": false,
                "nfsv3": true,
                "nfsv41": false,
                "allowedClients": "0.0.0.0/0",
                "kerberos5ReadOnly": false,
                "kerberos5ReadWrite": false,
                "kerberos5iReadOnly": false,
                "kerberos5iReadWrite": false,
                "kerberos5pReadOnly": false,
                "kerberos5pReadWrite": false,
                "hasRootAccess": true,
                "chownMode": "Restricted"
              }
            ]
          },
          "protocolTypes": [
            "NFSv3"
          ],
          "baremetalTenantId": "baremetalTenant_svm_8f82c7b40509489d9e97d719b9b955b4_43f61c15",
          "subnetId": "/subscriptions/69a75bda-882e-44d5-8431-63421204132a/resourceGroups/testNetAppDotNetSDKRG-6162/providers/Microsoft.Network/virtualNetworks/vnet-8268/subnets/default",
          "networkFeatures": "Basic",
          "networkSiblingSetId": "964a1b1c-ce1a-475e-3b4c-4f01b1c8c366",
          "storageToNetworkProximity": "Default",
          "snapshotDirectoryVisible": true,
          "kerberosEnabled": false,
          "securityStyle": "Unix",
          "smbEncryption": false,
          "smbContinuouslyAvailable": false,
          "encryptionKeySource": "Microsoft.NetApp",
          "ldapEnabled": false,
          "unixPermissions": "0770",
          "mountTargets": [
            {
              "mountTargetId": "78f053eb-0d6f-ef27-aab6-44e03ee6798c",
              "fileSystemId": "78f053eb-0d6f-ef27-aab6-44e03ee6798c",
              "ipAddress": "10.0.1.4"
            }
          ],
          "throughputMibps": 6.25,
          "volumeSpecName": "generic",
          "coolAccess": false,
          "avsDataStore": "Disabled",
          "isDefaultQuotaEnabled": false,
          "defaultUserQuotaInKiBs": 0,
          "defaultGroupQuotaInKiBs": 0,
          "enableSubvolumes": "Disabled",
          "maximumNumberOfFiles": 100000000,
          "provisioningState": "Succeeded"
        },
        "systemData": {
          "createdBy": "c6c4faba-2b22-44d9-80a4-71ff5b71f811",
          "createdByType": "Application",
          "createdAt": "2022-08-30T15:55:41.6995942Z",
          "lastModifiedBy": "c6c4faba-2b22-44d9-80a4-71ff5b71f811",
          "lastModifiedByType": "Application",
          "lastModifiedAt": "2022-08-30T15:55:41.6995942Z"
        }
      }
    },
    {
      "RequestUri": "https://management.azure.com/subscriptions/69a75bda-882e-44d5-8431-63421204132a/resourceGroups/testNetAppDotNetSDKRG-6162/providers/Microsoft.NetApp/netAppAccounts/account9803/capacityPools/pool1?api-version=2022-03-01",
      "RequestMethod": "GET",
      "RequestHeaders": {
        "Accept": "application/json",
        "Authorization": "Sanitized",
        "traceparent": "00-3b7a071071e565f32ca4b58e1e4a363a-622d1f52e2502e9a-00",
        "User-Agent": "azsdk-net-ResourceManager.NetApp/1.0.0-alpha.20220721.1 (.NET 6.0.8; Microsoft Windows 10.0.19044)",
        "x-ms-client-request-id": "24acaf03473b3e970428e563dd8e469d",
        "x-ms-return-client-request-id": "true"
      },
      "RequestBody": null,
      "StatusCode": 200,
      "ResponseHeaders": {
        "Cache-Control": "no-cache",
        "Content-Length": "964",
        "Content-Type": "application/json; charset=utf-8",
        "Date": "Tue, 30 Aug 2022 16:00:38 GMT",
        "ETag": "W/\u0022datetime\u00272022-08-30T16%3A00%3A18.2184314Z\u0027\u0022",
        "Expires": "-1",
        "Pragma": "no-cache",
        "Server": "Microsoft-IIS/10.0",
        "Strict-Transport-Security": "max-age=31536000; includeSubDomains",
        "X-Content-Type-Options": "nosniff",
        "x-ms-correlation-request-id": "b7a0a323-884b-4a92-9ccc-d265f9960347",
        "x-ms-ratelimit-remaining-subscription-reads": "11972",
        "x-ms-request-id": "84458b93-817c-4c1d-a26f-1d24203ee6da",
        "x-ms-routing-request-id": "WESTEUROPE:20220830T160039Z:b7a0a323-884b-4a92-9ccc-d265f9960347",
        "X-Powered-By": "ASP.NET"
      },
      "ResponseBody": {
        "id": "/subscriptions/69a75bda-882e-44d5-8431-63421204132a/resourceGroups/testNetAppDotNetSDKRG-6162/providers/Microsoft.NetApp/netAppAccounts/account9803/capacityPools/pool1",
        "name": "account9803/pool1",
        "type": "Microsoft.NetApp/netAppAccounts/capacityPools",
        "etag": "W/\u0022datetime\u00272022-08-30T16%3A00%3A18.2184314Z\u0027\u0022",
        "location": "westus2",
        "tags": {
          "key1": "value1",
          "key2": "value2",
          "CreatedOnDate": "2022-08-30T15:54:52.4220128Z"
        },
        "properties": {
          "poolId": "dd9b9e4c-0f43-fd43-3fd2-59fce78558c9",
          "serviceLevel": "Premium",
          "size": 4398046511104,
          "qosType": "Auto",
          "totalThroughputMibps": 256.0,
          "utilizedThroughputMibps": 6.25,
          "encryptionType": "Single",
          "coolAccess": false,
          "provisioningState": "Succeeded"
        },
        "systemData": {
          "createdBy": "c6c4faba-2b22-44d9-80a4-71ff5b71f811",
          "createdByType": "Application",
          "createdAt": "2022-08-30T15:54:53.910456Z",
          "lastModifiedBy": "c6c4faba-2b22-44d9-80a4-71ff5b71f811",
          "lastModifiedByType": "Application",
          "lastModifiedAt": "2022-08-30T15:54:53.910456Z"
        }
      }
    },
    {
      "RequestUri": "https://management.azure.com/subscriptions/69a75bda-882e-44d5-8431-63421204132a/resourceGroups/testNetAppDotNetSDKRG-6162/providers/Microsoft.NetApp/netAppAccounts/account9803/capacityPools?api-version=2022-03-01",
      "RequestMethod": "GET",
      "RequestHeaders": {
        "Accept": "application/json",
        "Authorization": "Sanitized",
        "traceparent": "00-2f98f1beee603e91dca776e51525243b-2e6853f308187ba2-00",
        "User-Agent": "azsdk-net-ResourceManager.NetApp/1.0.0-alpha.20220721.1 (.NET 6.0.8; Microsoft Windows 10.0.19044)",
        "x-ms-client-request-id": "e84c4e67eb120ee21b400ca0b11073ee",
        "x-ms-return-client-request-id": "true"
      },
      "RequestBody": null,
      "StatusCode": 200,
      "ResponseHeaders": {
        "Cache-Control": "no-cache",
        "Content-Length": "976",
        "Content-Type": "application/json; charset=utf-8",
        "Date": "Tue, 30 Aug 2022 16:00:39 GMT",
        "Expires": "-1",
        "Pragma": "no-cache",
        "Server": "Microsoft-IIS/10.0",
        "Strict-Transport-Security": "max-age=31536000; includeSubDomains",
        "X-Content-Type-Options": "nosniff",
        "x-ms-correlation-request-id": "f1d25601-83e0-4b17-90dd-d4a7ce517409",
        "x-ms-ratelimit-remaining-subscription-reads": "11971",
        "x-ms-request-id": "5ffefe5b-8332-4ecd-92ab-152ce112616a",
        "x-ms-routing-request-id": "WESTEUROPE:20220830T160039Z:f1d25601-83e0-4b17-90dd-d4a7ce517409",
        "X-Powered-By": "ASP.NET"
      },
      "ResponseBody": {
        "value": [
          {
            "id": "/subscriptions/69a75bda-882e-44d5-8431-63421204132a/resourceGroups/testNetAppDotNetSDKRG-6162/providers/Microsoft.NetApp/netAppAccounts/account9803/capacityPools/pool1",
            "name": "account9803/pool1",
            "type": "Microsoft.NetApp/netAppAccounts/capacityPools",
            "etag": "W/\u0022datetime\u00272022-08-30T16%3A00%3A18.2184314Z\u0027\u0022",
            "location": "westus2",
            "tags": {
              "key1": "value1",
              "key2": "value2",
              "CreatedOnDate": "2022-08-30T15:54:52.4220128Z"
            },
            "properties": {
              "poolId": "dd9b9e4c-0f43-fd43-3fd2-59fce78558c9",
              "serviceLevel": "Premium",
              "size": 4398046511104,
              "qosType": "Auto",
              "totalThroughputMibps": 256.0,
              "utilizedThroughputMibps": 6.25,
              "encryptionType": "Single",
              "coolAccess": false,
              "provisioningState": "Succeeded"
            },
            "systemData": {
              "createdBy": "c6c4faba-2b22-44d9-80a4-71ff5b71f811",
              "createdByType": "Application",
              "createdAt": "2022-08-30T15:54:53.910456Z",
              "lastModifiedBy": "c6c4faba-2b22-44d9-80a4-71ff5b71f811",
              "lastModifiedByType": "Application",
              "lastModifiedAt": "2022-08-30T15:54:53.910456Z"
            }
          }
        ]
      }
    },
    {
      "RequestUri": "https://management.azure.com/subscriptions/69a75bda-882e-44d5-8431-63421204132a/resourceGroups/testNetAppDotNetSDKRG-6162/providers/Microsoft.NetApp/netAppAccounts/account9803/capacityPools/pool1/volumes?api-version=2022-03-01",
      "RequestMethod": "GET",
      "RequestHeaders": {
        "Accept": "application/json",
        "Authorization": "Sanitized",
        "traceparent": "00-2c201fcb9264a25d92d35ac4c240b506-32cf68e4479a031c-00",
        "User-Agent": "azsdk-net-ResourceManager.NetApp/1.0.0-alpha.20220721.1 (.NET 6.0.8; Microsoft Windows 10.0.19044)",
        "x-ms-client-request-id": "cbf3625f1f2ebe1ca6377cfb4cd0a9c0",
        "x-ms-return-client-request-id": "true"
      },
      "RequestBody": null,
      "StatusCode": 200,
      "ResponseHeaders": {
        "Cache-Control": "no-cache",
        "Content-Length": "2343",
        "Content-Type": "application/json; charset=utf-8",
        "Date": "Tue, 30 Aug 2022 16:00:39 GMT",
        "Expires": "-1",
        "Pragma": "no-cache",
        "Server": "Microsoft-IIS/10.0",
        "Strict-Transport-Security": "max-age=31536000; includeSubDomains",
        "X-Content-Type-Options": "nosniff",
        "x-ms-correlation-request-id": "deeeb396-fa50-465c-a852-a9478e71bef6",
        "x-ms-ratelimit-remaining-subscription-reads": "11970",
        "x-ms-request-id": "3cb1d718-a91c-481d-b897-b7e131a4a8eb",
        "x-ms-routing-request-id": "WESTEUROPE:20220830T160040Z:deeeb396-fa50-465c-a852-a9478e71bef6",
        "X-Powered-By": "ASP.NET"
      },
      "ResponseBody": {
        "value": [
          {
            "id": "/subscriptions/69a75bda-882e-44d5-8431-63421204132a/resourceGroups/testNetAppDotNetSDKRG-6162/providers/Microsoft.NetApp/netAppAccounts/account9803/capacityPools/pool1/volumes/volumeName-6282",
            "name": "account9803/pool1/volumeName-6282",
            "type": "Microsoft.NetApp/netAppAccounts/capacityPools/volumes",
            "etag": "W/\u0022datetime\u00272022-08-30T16%3A00%3A18.3543528Z\u0027\u0022",
            "location": "westus2",
            "tags": {
              "key1": "value1",
              "key2": "value2",
              "CreatedOnDate": "2022-08-30T15:55:40.4047786Z"
            },
            "properties": {
              "fileSystemId": "78f053eb-0d6f-ef27-aab6-44e03ee6798c",
              "serviceLevel": "Premium",
              "creationToken": "volumeName-6282",
              "usageThreshold": 107374182400,
              "exportPolicy": {
                "rules": [
                  {
                    "ruleIndex": 1,
                    "unixReadOnly": false,
                    "unixReadWrite": true,
                    "cifs": false,
                    "nfsv3": true,
                    "nfsv41": false,
                    "allowedClients": "0.0.0.0/0",
                    "kerberos5ReadOnly": false,
                    "kerberos5ReadWrite": false,
                    "kerberos5iReadOnly": false,
                    "kerberos5iReadWrite": false,
                    "kerberos5pReadOnly": false,
                    "kerberos5pReadWrite": false,
                    "hasRootAccess": true,
                    "chownMode": "Restricted"
                  }
                ]
              },
              "protocolTypes": [
                "NFSv3"
              ],
              "baremetalTenantId": "baremetalTenant_svm_8f82c7b40509489d9e97d719b9b955b4_43f61c15",
              "subnetId": "/subscriptions/69a75bda-882e-44d5-8431-63421204132a/resourceGroups/testNetAppDotNetSDKRG-6162/providers/Microsoft.Network/virtualNetworks/vnet-8268/subnets/default",
              "networkFeatures": "Basic",
              "networkSiblingSetId": "964a1b1c-ce1a-475e-3b4c-4f01b1c8c366",
              "storageToNetworkProximity": "Default",
              "snapshotDirectoryVisible": true,
              "kerberosEnabled": false,
              "securityStyle": "Unix",
              "smbEncryption": false,
              "smbContinuouslyAvailable": false,
              "encryptionKeySource": "Microsoft.NetApp",
              "ldapEnabled": false,
              "unixPermissions": "0770",
              "mountTargets": [
                {
                  "mountTargetId": "78f053eb-0d6f-ef27-aab6-44e03ee6798c",
                  "fileSystemId": "78f053eb-0d6f-ef27-aab6-44e03ee6798c",
                  "ipAddress": "10.0.1.4"
                }
              ],
              "throughputMibps": 6.25,
              "volumeSpecName": "generic",
              "coolAccess": false,
              "avsDataStore": "Disabled",
              "isDefaultQuotaEnabled": false,
              "defaultUserQuotaInKiBs": 0,
              "defaultGroupQuotaInKiBs": 0,
              "enableSubvolumes": "Disabled",
              "maximumNumberOfFiles": 100000000,
              "provisioningState": "Succeeded"
            },
            "systemData": {
              "createdBy": "c6c4faba-2b22-44d9-80a4-71ff5b71f811",
              "createdByType": "Application",
              "createdAt": "2022-08-30T15:55:41.6995942Z",
              "lastModifiedBy": "c6c4faba-2b22-44d9-80a4-71ff5b71f811",
              "lastModifiedByType": "Application",
              "lastModifiedAt": "2022-08-30T15:55:41.6995942Z"
            }
          }
        ]
      }
    },
    {
      "RequestUri": "https://management.azure.com/subscriptions/69a75bda-882e-44d5-8431-63421204132a/resourceGroups/testNetAppDotNetSDKRG-6162/providers/Microsoft.NetApp/netAppAccounts/account9803/capacityPools/pool1/volumes/volumeName-6282?api-version=2022-03-01",
      "RequestMethod": "DELETE",
      "RequestHeaders": {
        "Authorization": "Sanitized",
        "traceparent": "00-2f889a12f08e295cd6544c36c9f6de50-c28332ce26fb0235-00",
        "User-Agent": "azsdk-net-ResourceManager.NetApp/1.0.0-alpha.20220721.1 (.NET 6.0.8; Microsoft Windows 10.0.19044)",
        "x-ms-client-request-id": "6ec5d25e7fa3170ecc9e09fb3af78df3",
        "x-ms-return-client-request-id": "true"
      },
      "RequestBody": null,
      "StatusCode": 202,
      "ResponseHeaders": {
        "Azure-AsyncOperation": "https://management.azure.com/subscriptions/69a75bda-882e-44d5-8431-63421204132a/providers/Microsoft.NetApp/locations/westus2/operationResults/dc4fac18-2e72-4cb0-bebc-6a414ef846bb?api-version=2022-03-01",
        "Cache-Control": "no-cache",
        "Content-Length": "0",
        "Date": "Tue, 30 Aug 2022 16:00:40 GMT",
        "Expires": "-1",
        "Location": "https://management.azure.com/subscriptions/69a75bda-882e-44d5-8431-63421204132a/providers/Microsoft.NetApp/locations/westus2/operationResults/dc4fac18-2e72-4cb0-bebc-6a414ef846bb?api-version=2022-03-01\u0026operationResultResponseType=Location",
        "Pragma": "no-cache",
        "Server": "Microsoft-IIS/10.0",
        "Strict-Transport-Security": "max-age=31536000; includeSubDomains",
        "X-Content-Type-Options": "nosniff",
        "x-ms-correlation-request-id": "026bdb06-70bc-467b-a635-c805610a1acc",
        "x-ms-ratelimit-remaining-subscription-deletes": "14999",
        "x-ms-request-id": "026bdb06-70bc-467b-a635-c805610a1acc",
        "x-ms-routing-request-id": "WESTEUROPE:20220830T160041Z:026bdb06-70bc-467b-a635-c805610a1acc",
        "X-Powered-By": "ASP.NET"
      },
      "ResponseBody": null
    },
    {
      "RequestUri": "https://management.azure.com/subscriptions/69a75bda-882e-44d5-8431-63421204132a/providers/Microsoft.NetApp/locations/westus2/operationResults/dc4fac18-2e72-4cb0-bebc-6a414ef846bb?api-version=2022-03-01",
      "RequestMethod": "GET",
      "RequestHeaders": {
        "Authorization": "Sanitized",
        "traceparent": "00-2f889a12f08e295cd6544c36c9f6de50-e2e36a6188e14027-00",
        "User-Agent": "azsdk-net-ResourceManager/1.0.0 (.NET 6.0.8; Microsoft Windows 10.0.19044)",
        "x-ms-client-request-id": "de424c96044bdf4a54dbff90162083af",
        "x-ms-return-client-request-id": "true"
      },
      "RequestBody": null,
      "StatusCode": 200,
      "ResponseHeaders": {
        "Cache-Control": "no-cache",
        "Content-Length": "547",
        "Content-Type": "application/json; charset=utf-8",
        "Date": "Tue, 30 Aug 2022 16:00:41 GMT",
        "Expires": "-1",
        "Pragma": "no-cache",
        "Server": "Microsoft-IIS/10.0",
        "Strict-Transport-Security": "max-age=31536000; includeSubDomains",
        "X-Content-Type-Options": "nosniff",
        "x-ms-correlation-request-id": "e4cd8219-a386-495a-b53b-5038798b29e6",
        "x-ms-ratelimit-remaining-subscription-reads": "11969",
        "x-ms-request-id": "9e135d99-e221-4785-a9b2-86e98b14c599",
        "x-ms-routing-request-id": "WESTEUROPE:20220830T160041Z:e4cd8219-a386-495a-b53b-5038798b29e6",
        "X-Powered-By": "ASP.NET"
      },
      "ResponseBody": {
        "id": "/subscriptions/69a75bda-882e-44d5-8431-63421204132a/providers/Microsoft.NetApp/locations/westus2/operationResults/dc4fac18-2e72-4cb0-bebc-6a414ef846bb",
        "name": "dc4fac18-2e72-4cb0-bebc-6a414ef846bb",
        "status": "Deleting",
        "startTime": "2022-08-30T16:00:40.9169507Z",
        "endTime": "0001-01-01T00:00:00Z",
        "percentComplete": 0.0,
        "properties": {
          "resourceName": "/subscriptions/69a75bda-882e-44d5-8431-63421204132a/resourceGroups/testNetAppDotNetSDKRG-6162/providers/Microsoft.NetApp/netAppAccounts/account9803/capacityPools/pool1/volumes/volumeName-6282"
        }
      }
    },
    {
      "RequestUri": "https://management.azure.com/subscriptions/69a75bda-882e-44d5-8431-63421204132a/providers/Microsoft.NetApp/locations/westus2/operationResults/dc4fac18-2e72-4cb0-bebc-6a414ef846bb?api-version=2022-03-01",
      "RequestMethod": "GET",
      "RequestHeaders": {
        "Authorization": "Sanitized",
        "traceparent": "00-2f889a12f08e295cd6544c36c9f6de50-0501ea6185086111-00",
        "User-Agent": "azsdk-net-ResourceManager/1.0.0 (.NET 6.0.8; Microsoft Windows 10.0.19044)",
        "x-ms-client-request-id": "544688aa2fcce325637d3c153d32a8e4",
        "x-ms-return-client-request-id": "true"
      },
      "RequestBody": null,
      "StatusCode": 200,
      "ResponseHeaders": {
        "Cache-Control": "no-cache",
        "Content-Length": "547",
        "Content-Type": "application/json; charset=utf-8",
        "Date": "Tue, 30 Aug 2022 16:00:42 GMT",
        "Expires": "-1",
        "Pragma": "no-cache",
        "Server": "Microsoft-IIS/10.0",
        "Strict-Transport-Security": "max-age=31536000; includeSubDomains",
        "X-Content-Type-Options": "nosniff",
        "x-ms-correlation-request-id": "82acec8f-bd39-4c7f-8237-5d42b7ae1391",
        "x-ms-ratelimit-remaining-subscription-reads": "11968",
        "x-ms-request-id": "63da428d-ec25-41b3-9554-600a9a5e6113",
        "x-ms-routing-request-id": "WESTEUROPE:20220830T160042Z:82acec8f-bd39-4c7f-8237-5d42b7ae1391",
        "X-Powered-By": "ASP.NET"
      },
      "ResponseBody": {
        "id": "/subscriptions/69a75bda-882e-44d5-8431-63421204132a/providers/Microsoft.NetApp/locations/westus2/operationResults/dc4fac18-2e72-4cb0-bebc-6a414ef846bb",
        "name": "dc4fac18-2e72-4cb0-bebc-6a414ef846bb",
        "status": "Deleting",
        "startTime": "2022-08-30T16:00:40.9169507Z",
        "endTime": "0001-01-01T00:00:00Z",
        "percentComplete": 0.0,
        "properties": {
          "resourceName": "/subscriptions/69a75bda-882e-44d5-8431-63421204132a/resourceGroups/testNetAppDotNetSDKRG-6162/providers/Microsoft.NetApp/netAppAccounts/account9803/capacityPools/pool1/volumes/volumeName-6282"
        }
      }
    },
    {
      "RequestUri": "https://management.azure.com/subscriptions/69a75bda-882e-44d5-8431-63421204132a/providers/Microsoft.NetApp/locations/westus2/operationResults/dc4fac18-2e72-4cb0-bebc-6a414ef846bb?api-version=2022-03-01",
      "RequestMethod": "GET",
      "RequestHeaders": {
        "Authorization": "Sanitized",
        "traceparent": "00-2f889a12f08e295cd6544c36c9f6de50-76c20519e10a77b3-00",
        "User-Agent": "azsdk-net-ResourceManager/1.0.0 (.NET 6.0.8; Microsoft Windows 10.0.19044)",
        "x-ms-client-request-id": "ee65bedcaeb5b0a8ad2326bf7bdf3111",
        "x-ms-return-client-request-id": "true"
      },
      "RequestBody": null,
      "StatusCode": 200,
      "ResponseHeaders": {
        "Cache-Control": "no-cache",
        "Content-Length": "547",
        "Content-Type": "application/json; charset=utf-8",
        "Date": "Tue, 30 Aug 2022 16:00:43 GMT",
        "Expires": "-1",
        "Pragma": "no-cache",
        "Server": "Microsoft-IIS/10.0",
        "Strict-Transport-Security": "max-age=31536000; includeSubDomains",
        "X-Content-Type-Options": "nosniff",
        "x-ms-correlation-request-id": "c6ceb931-17c8-4bb0-b653-d94fe29db7f2",
        "x-ms-ratelimit-remaining-subscription-reads": "11967",
        "x-ms-request-id": "75bd9762-2a16-4804-bd5c-070cde79343f",
        "x-ms-routing-request-id": "WESTEUROPE:20220830T160044Z:c6ceb931-17c8-4bb0-b653-d94fe29db7f2",
        "X-Powered-By": "ASP.NET"
      },
      "ResponseBody": {
        "id": "/subscriptions/69a75bda-882e-44d5-8431-63421204132a/providers/Microsoft.NetApp/locations/westus2/operationResults/dc4fac18-2e72-4cb0-bebc-6a414ef846bb",
        "name": "dc4fac18-2e72-4cb0-bebc-6a414ef846bb",
        "status": "Deleting",
        "startTime": "2022-08-30T16:00:40.9169507Z",
        "endTime": "0001-01-01T00:00:00Z",
        "percentComplete": 0.0,
        "properties": {
          "resourceName": "/subscriptions/69a75bda-882e-44d5-8431-63421204132a/resourceGroups/testNetAppDotNetSDKRG-6162/providers/Microsoft.NetApp/netAppAccounts/account9803/capacityPools/pool1/volumes/volumeName-6282"
        }
      }
    },
    {
      "RequestUri": "https://management.azure.com/subscriptions/69a75bda-882e-44d5-8431-63421204132a/providers/Microsoft.NetApp/locations/westus2/operationResults/dc4fac18-2e72-4cb0-bebc-6a414ef846bb?api-version=2022-03-01",
      "RequestMethod": "GET",
      "RequestHeaders": {
        "Authorization": "Sanitized",
        "traceparent": "00-2f889a12f08e295cd6544c36c9f6de50-9235e02c68dbacbc-00",
        "User-Agent": "azsdk-net-ResourceManager/1.0.0 (.NET 6.0.8; Microsoft Windows 10.0.19044)",
        "x-ms-client-request-id": "e631920a6da1677e275e7bcec835a221",
        "x-ms-return-client-request-id": "true"
      },
      "RequestBody": null,
      "StatusCode": 200,
      "ResponseHeaders": {
        "Cache-Control": "no-cache",
        "Content-Length": "547",
        "Content-Type": "application/json; charset=utf-8",
        "Date": "Tue, 30 Aug 2022 16:00:44 GMT",
        "Expires": "-1",
        "Pragma": "no-cache",
        "Server": "Microsoft-IIS/10.0",
        "Strict-Transport-Security": "max-age=31536000; includeSubDomains",
        "X-Content-Type-Options": "nosniff",
        "x-ms-correlation-request-id": "b37e5c63-6075-43c9-ae8a-a47c8d396a94",
        "x-ms-ratelimit-remaining-subscription-reads": "11966",
        "x-ms-request-id": "ce7d611d-95d8-4307-9d18-a8d3ff3d3df4",
        "x-ms-routing-request-id": "WESTEUROPE:20220830T160045Z:b37e5c63-6075-43c9-ae8a-a47c8d396a94",
        "X-Powered-By": "ASP.NET"
      },
      "ResponseBody": {
        "id": "/subscriptions/69a75bda-882e-44d5-8431-63421204132a/providers/Microsoft.NetApp/locations/westus2/operationResults/dc4fac18-2e72-4cb0-bebc-6a414ef846bb",
        "name": "dc4fac18-2e72-4cb0-bebc-6a414ef846bb",
        "status": "Deleting",
        "startTime": "2022-08-30T16:00:40.9169507Z",
        "endTime": "0001-01-01T00:00:00Z",
        "percentComplete": 0.0,
        "properties": {
          "resourceName": "/subscriptions/69a75bda-882e-44d5-8431-63421204132a/resourceGroups/testNetAppDotNetSDKRG-6162/providers/Microsoft.NetApp/netAppAccounts/account9803/capacityPools/pool1/volumes/volumeName-6282"
        }
      }
    },
    {
      "RequestUri": "https://management.azure.com/subscriptions/69a75bda-882e-44d5-8431-63421204132a/providers/Microsoft.NetApp/locations/westus2/operationResults/dc4fac18-2e72-4cb0-bebc-6a414ef846bb?api-version=2022-03-01",
      "RequestMethod": "GET",
      "RequestHeaders": {
        "Authorization": "Sanitized",
        "traceparent": "00-2f889a12f08e295cd6544c36c9f6de50-dd4e071a01af0437-00",
        "User-Agent": "azsdk-net-ResourceManager/1.0.0 (.NET 6.0.8; Microsoft Windows 10.0.19044)",
        "x-ms-client-request-id": "57b31a3395bbfbfae095a7a808656784",
        "x-ms-return-client-request-id": "true"
      },
      "RequestBody": null,
      "StatusCode": 200,
      "ResponseHeaders": {
        "Cache-Control": "no-cache",
        "Content-Length": "547",
        "Content-Type": "application/json; charset=utf-8",
        "Date": "Tue, 30 Aug 2022 16:00:47 GMT",
        "Expires": "-1",
        "Pragma": "no-cache",
        "Server": "Microsoft-IIS/10.0",
        "Strict-Transport-Security": "max-age=31536000; includeSubDomains",
        "X-Content-Type-Options": "nosniff",
        "x-ms-correlation-request-id": "41cfd5f2-bbda-4c73-8c39-fd22cbec5fe4",
        "x-ms-ratelimit-remaining-subscription-reads": "11965",
        "x-ms-request-id": "bc5ebecc-2f67-4e0b-b0a5-5c4c5e4ef592",
        "x-ms-routing-request-id": "WESTEUROPE:20220830T160047Z:41cfd5f2-bbda-4c73-8c39-fd22cbec5fe4",
        "X-Powered-By": "ASP.NET"
      },
      "ResponseBody": {
        "id": "/subscriptions/69a75bda-882e-44d5-8431-63421204132a/providers/Microsoft.NetApp/locations/westus2/operationResults/dc4fac18-2e72-4cb0-bebc-6a414ef846bb",
        "name": "dc4fac18-2e72-4cb0-bebc-6a414ef846bb",
        "status": "Deleting",
        "startTime": "2022-08-30T16:00:40.9169507Z",
        "endTime": "0001-01-01T00:00:00Z",
        "percentComplete": 0.0,
        "properties": {
          "resourceName": "/subscriptions/69a75bda-882e-44d5-8431-63421204132a/resourceGroups/testNetAppDotNetSDKRG-6162/providers/Microsoft.NetApp/netAppAccounts/account9803/capacityPools/pool1/volumes/volumeName-6282"
        }
      }
    },
    {
      "RequestUri": "https://management.azure.com/subscriptions/69a75bda-882e-44d5-8431-63421204132a/providers/Microsoft.NetApp/locations/westus2/operationResults/dc4fac18-2e72-4cb0-bebc-6a414ef846bb?api-version=2022-03-01",
      "RequestMethod": "GET",
      "RequestHeaders": {
        "Authorization": "Sanitized",
        "traceparent": "00-2f889a12f08e295cd6544c36c9f6de50-04d266b1673e9010-00",
        "User-Agent": "azsdk-net-ResourceManager/1.0.0 (.NET 6.0.8; Microsoft Windows 10.0.19044)",
        "x-ms-client-request-id": "aa0a2a4bc1016e433ffec75633d9e777",
        "x-ms-return-client-request-id": "true"
      },
      "RequestBody": null,
      "StatusCode": 200,
      "ResponseHeaders": {
        "Cache-Control": "no-cache",
        "Content-Length": "547",
        "Content-Type": "application/json; charset=utf-8",
        "Date": "Tue, 30 Aug 2022 16:00:51 GMT",
        "Expires": "-1",
        "Pragma": "no-cache",
        "Server": "Microsoft-IIS/10.0",
        "Strict-Transport-Security": "max-age=31536000; includeSubDomains",
        "X-Content-Type-Options": "nosniff",
        "x-ms-correlation-request-id": "cee9eb40-64a8-47e0-9e80-5ae6aab0a4fe",
        "x-ms-ratelimit-remaining-subscription-reads": "11964",
        "x-ms-request-id": "e713fd7b-2533-4ce0-82c6-50b576344d11",
        "x-ms-routing-request-id": "WESTEUROPE:20220830T160051Z:cee9eb40-64a8-47e0-9e80-5ae6aab0a4fe",
        "X-Powered-By": "ASP.NET"
      },
      "ResponseBody": {
        "id": "/subscriptions/69a75bda-882e-44d5-8431-63421204132a/providers/Microsoft.NetApp/locations/westus2/operationResults/dc4fac18-2e72-4cb0-bebc-6a414ef846bb",
        "name": "dc4fac18-2e72-4cb0-bebc-6a414ef846bb",
        "status": "Deleting",
        "startTime": "2022-08-30T16:00:40.9169507Z",
        "endTime": "0001-01-01T00:00:00Z",
        "percentComplete": 0.0,
        "properties": {
          "resourceName": "/subscriptions/69a75bda-882e-44d5-8431-63421204132a/resourceGroups/testNetAppDotNetSDKRG-6162/providers/Microsoft.NetApp/netAppAccounts/account9803/capacityPools/pool1/volumes/volumeName-6282"
        }
      }
    },
    {
      "RequestUri": "https://management.azure.com/subscriptions/69a75bda-882e-44d5-8431-63421204132a/providers/Microsoft.NetApp/locations/westus2/operationResults/dc4fac18-2e72-4cb0-bebc-6a414ef846bb?api-version=2022-03-01",
      "RequestMethod": "GET",
      "RequestHeaders": {
        "Authorization": "Sanitized",
        "traceparent": "00-2f889a12f08e295cd6544c36c9f6de50-fb325fcc8bba8c57-00",
        "User-Agent": "azsdk-net-ResourceManager/1.0.0 (.NET 6.0.8; Microsoft Windows 10.0.19044)",
        "x-ms-client-request-id": "608c0481d92b74569835050bc6d55ec1",
        "x-ms-return-client-request-id": "true"
      },
      "RequestBody": null,
      "StatusCode": 200,
      "ResponseHeaders": {
        "Cache-Control": "no-cache",
        "Content-Length": "547",
        "Content-Type": "application/json; charset=utf-8",
        "Date": "Tue, 30 Aug 2022 16:00:59 GMT",
        "Expires": "-1",
        "Pragma": "no-cache",
        "Server": "Microsoft-IIS/10.0",
        "Strict-Transport-Security": "max-age=31536000; includeSubDomains",
        "X-Content-Type-Options": "nosniff",
        "x-ms-correlation-request-id": "9f588e6c-fdf6-4555-aff9-6377c73c11d0",
        "x-ms-ratelimit-remaining-subscription-reads": "11963",
        "x-ms-request-id": "c14371e9-a57b-4e25-a9e4-3e1eabc122b5",
        "x-ms-routing-request-id": "WESTEUROPE:20220830T160100Z:9f588e6c-fdf6-4555-aff9-6377c73c11d0",
        "X-Powered-By": "ASP.NET"
      },
      "ResponseBody": {
        "id": "/subscriptions/69a75bda-882e-44d5-8431-63421204132a/providers/Microsoft.NetApp/locations/westus2/operationResults/dc4fac18-2e72-4cb0-bebc-6a414ef846bb",
        "name": "dc4fac18-2e72-4cb0-bebc-6a414ef846bb",
        "status": "Deleting",
        "startTime": "2022-08-30T16:00:40.9169507Z",
        "endTime": "0001-01-01T00:00:00Z",
        "percentComplete": 0.0,
        "properties": {
          "resourceName": "/subscriptions/69a75bda-882e-44d5-8431-63421204132a/resourceGroups/testNetAppDotNetSDKRG-6162/providers/Microsoft.NetApp/netAppAccounts/account9803/capacityPools/pool1/volumes/volumeName-6282"
        }
      }
    },
    {
      "RequestUri": "https://management.azure.com/subscriptions/69a75bda-882e-44d5-8431-63421204132a/providers/Microsoft.NetApp/locations/westus2/operationResults/dc4fac18-2e72-4cb0-bebc-6a414ef846bb?api-version=2022-03-01",
      "RequestMethod": "GET",
      "RequestHeaders": {
        "Authorization": "Sanitized",
        "traceparent": "00-2f889a12f08e295cd6544c36c9f6de50-798b96b4d5d041d8-00",
        "User-Agent": "azsdk-net-ResourceManager/1.0.0 (.NET 6.0.8; Microsoft Windows 10.0.19044)",
        "x-ms-client-request-id": "9d83f6f7f82a711fd74418bdcea3c806",
        "x-ms-return-client-request-id": "true"
      },
      "RequestBody": null,
      "StatusCode": 200,
      "ResponseHeaders": {
        "Cache-Control": "no-cache",
        "Content-Length": "547",
        "Content-Type": "application/json; charset=utf-8",
        "Date": "Tue, 30 Aug 2022 16:01:15 GMT",
        "Expires": "-1",
        "Pragma": "no-cache",
        "Server": "Microsoft-IIS/10.0",
        "Strict-Transport-Security": "max-age=31536000; includeSubDomains",
        "X-Content-Type-Options": "nosniff",
        "x-ms-correlation-request-id": "4c41d32f-5db8-4fea-aa38-f79575820caa",
        "x-ms-ratelimit-remaining-subscription-reads": "11962",
        "x-ms-request-id": "1b13fbe6-5198-47d7-b263-42452aae3fb2",
        "x-ms-routing-request-id": "WESTEUROPE:20220830T160116Z:4c41d32f-5db8-4fea-aa38-f79575820caa",
        "X-Powered-By": "ASP.NET"
      },
      "ResponseBody": {
        "id": "/subscriptions/69a75bda-882e-44d5-8431-63421204132a/providers/Microsoft.NetApp/locations/westus2/operationResults/dc4fac18-2e72-4cb0-bebc-6a414ef846bb",
        "name": "dc4fac18-2e72-4cb0-bebc-6a414ef846bb",
        "status": "Deleting",
        "startTime": "2022-08-30T16:00:40.9169507Z",
        "endTime": "0001-01-01T00:00:00Z",
        "percentComplete": 0.0,
        "properties": {
          "resourceName": "/subscriptions/69a75bda-882e-44d5-8431-63421204132a/resourceGroups/testNetAppDotNetSDKRG-6162/providers/Microsoft.NetApp/netAppAccounts/account9803/capacityPools/pool1/volumes/volumeName-6282"
        }
      }
    },
    {
      "RequestUri": "https://management.azure.com/subscriptions/69a75bda-882e-44d5-8431-63421204132a/providers/Microsoft.NetApp/locations/westus2/operationResults/dc4fac18-2e72-4cb0-bebc-6a414ef846bb?api-version=2022-03-01",
      "RequestMethod": "GET",
      "RequestHeaders": {
        "Authorization": "Sanitized",
        "traceparent": "00-2f889a12f08e295cd6544c36c9f6de50-1a07ff4f92bc0856-00",
        "User-Agent": "azsdk-net-ResourceManager/1.0.0 (.NET 6.0.8; Microsoft Windows 10.0.19044)",
        "x-ms-client-request-id": "04272fae07d87159d49611ccbb37a869",
        "x-ms-return-client-request-id": "true"
      },
      "RequestBody": null,
      "StatusCode": 200,
      "ResponseHeaders": {
        "Cache-Control": "no-cache",
        "Content-Length": "547",
        "Content-Type": "application/json; charset=utf-8",
        "Date": "Tue, 30 Aug 2022 16:01:48 GMT",
        "Expires": "-1",
        "Pragma": "no-cache",
        "Server": "Microsoft-IIS/10.0",
        "Strict-Transport-Security": "max-age=31536000; includeSubDomains",
        "X-Content-Type-Options": "nosniff",
        "x-ms-correlation-request-id": "aeee5a9e-f7b7-4b3f-b88a-48d76f8c3f49",
        "x-ms-ratelimit-remaining-subscription-reads": "11961",
        "x-ms-request-id": "34acc76f-bbe6-4b1f-9ba8-4af4b3d4a566",
        "x-ms-routing-request-id": "WESTEUROPE:20220830T160148Z:aeee5a9e-f7b7-4b3f-b88a-48d76f8c3f49",
        "X-Powered-By": "ASP.NET"
      },
      "ResponseBody": {
        "id": "/subscriptions/69a75bda-882e-44d5-8431-63421204132a/providers/Microsoft.NetApp/locations/westus2/operationResults/dc4fac18-2e72-4cb0-bebc-6a414ef846bb",
        "name": "dc4fac18-2e72-4cb0-bebc-6a414ef846bb",
        "status": "Deleting",
        "startTime": "2022-08-30T16:00:40.9169507Z",
        "endTime": "0001-01-01T00:00:00Z",
        "percentComplete": 0.0,
        "properties": {
          "resourceName": "/subscriptions/69a75bda-882e-44d5-8431-63421204132a/resourceGroups/testNetAppDotNetSDKRG-6162/providers/Microsoft.NetApp/netAppAccounts/account9803/capacityPools/pool1/volumes/volumeName-6282"
        }
      }
    },
    {
      "RequestUri": "https://management.azure.com/subscriptions/69a75bda-882e-44d5-8431-63421204132a/providers/Microsoft.NetApp/locations/westus2/operationResults/dc4fac18-2e72-4cb0-bebc-6a414ef846bb?api-version=2022-03-01",
      "RequestMethod": "GET",
      "RequestHeaders": {
        "Authorization": "Sanitized",
        "traceparent": "00-2f889a12f08e295cd6544c36c9f6de50-fe42097cb6b8f1c1-00",
        "User-Agent": "azsdk-net-ResourceManager/1.0.0 (.NET 6.0.8; Microsoft Windows 10.0.19044)",
        "x-ms-client-request-id": "3c5f059f4a56894de51a88e6c199a6f4",
        "x-ms-return-client-request-id": "true"
      },
      "RequestBody": null,
      "StatusCode": 200,
      "ResponseHeaders": {
        "Cache-Control": "no-cache",
        "Content-Length": "558",
        "Content-Type": "application/json; charset=utf-8",
        "Date": "Tue, 30 Aug 2022 16:02:20 GMT",
        "Expires": "-1",
        "Pragma": "no-cache",
        "Server": "Microsoft-IIS/10.0",
        "Strict-Transport-Security": "max-age=31536000; includeSubDomains",
        "X-Content-Type-Options": "nosniff",
        "x-ms-correlation-request-id": "a93d888c-257b-4973-8de2-d7019b6b96d6",
        "x-ms-ratelimit-remaining-subscription-reads": "11960",
        "x-ms-request-id": "d3807d3f-7232-40e3-8b22-d3f51f242407",
        "x-ms-routing-request-id": "WESTEUROPE:20220830T160220Z:a93d888c-257b-4973-8de2-d7019b6b96d6",
        "X-Powered-By": "ASP.NET"
      },
      "ResponseBody": {
        "id": "/subscriptions/69a75bda-882e-44d5-8431-63421204132a/providers/Microsoft.NetApp/locations/westus2/operationResults/dc4fac18-2e72-4cb0-bebc-6a414ef846bb",
        "name": "dc4fac18-2e72-4cb0-bebc-6a414ef846bb",
        "status": "Succeeded",
        "startTime": "2022-08-30T16:00:40.9169507Z",
        "endTime": "2022-08-30T16:02:01.0995242Z",
        "percentComplete": 100.0,
        "properties": {
          "resourceName": "/subscriptions/69a75bda-882e-44d5-8431-63421204132a/resourceGroups/testNetAppDotNetSDKRG-6162/providers/Microsoft.NetApp/netAppAccounts/account9803/capacityPools/pool1/volumes/volumeName-6282"
        }
      }
    },
    {
      "RequestUri": "https://management.azure.com/subscriptions/69a75bda-882e-44d5-8431-63421204132a/resourceGroups/testNetAppDotNetSDKRG-6162/providers/Microsoft.NetApp/netAppAccounts/account9803/capacityPools/pool1?api-version=2022-03-01",
      "RequestMethod": "DELETE",
      "RequestHeaders": {
        "Authorization": "Sanitized",
        "traceparent": "00-e6665134b48c0cc3f92472ae514a0159-053fb691de7520e9-00",
        "User-Agent": "azsdk-net-ResourceManager.NetApp/1.0.0-alpha.20220721.1 (.NET 6.0.8; Microsoft Windows 10.0.19044)",
        "x-ms-client-request-id": "965dff6d5aaeefe99d11c994e653b6a0",
        "x-ms-return-client-request-id": "true"
      },
      "RequestBody": null,
      "StatusCode": 202,
      "ResponseHeaders": {
        "Azure-AsyncOperation": "https://management.azure.com/subscriptions/69a75bda-882e-44d5-8431-63421204132a/providers/Microsoft.NetApp/locations/westus2/operationResults/3f7f1519-1d4d-4548-be8e-c2299a223488?api-version=2022-03-01",
        "Cache-Control": "no-cache",
        "Content-Length": "0",
        "Date": "Tue, 30 Aug 2022 16:02:51 GMT",
        "Expires": "-1",
        "Location": "https://management.azure.com/subscriptions/69a75bda-882e-44d5-8431-63421204132a/providers/Microsoft.NetApp/locations/westus2/operationResults/3f7f1519-1d4d-4548-be8e-c2299a223488?api-version=2022-03-01\u0026operationResultResponseType=Location",
        "Pragma": "no-cache",
        "Server": "Microsoft-IIS/10.0",
        "Strict-Transport-Security": "max-age=31536000; includeSubDomains",
        "X-Content-Type-Options": "nosniff",
        "x-ms-correlation-request-id": "fb096fb6-d5a3-41c1-bfb0-92dfe5e3b7aa",
        "x-ms-ratelimit-remaining-subscription-deletes": "14998",
        "x-ms-request-id": "fb096fb6-d5a3-41c1-bfb0-92dfe5e3b7aa",
        "x-ms-routing-request-id": "WESTEUROPE:20220830T160251Z:fb096fb6-d5a3-41c1-bfb0-92dfe5e3b7aa",
        "X-Powered-By": "ASP.NET"
      },
      "ResponseBody": null
    },
    {
      "RequestUri": "https://management.azure.com/subscriptions/69a75bda-882e-44d5-8431-63421204132a/providers/Microsoft.NetApp/locations/westus2/operationResults/3f7f1519-1d4d-4548-be8e-c2299a223488?api-version=2022-03-01",
      "RequestMethod": "GET",
      "RequestHeaders": {
        "Authorization": "Sanitized",
        "traceparent": "00-e6665134b48c0cc3f92472ae514a0159-bfd2b7bada2a2e8c-00",
        "User-Agent": "azsdk-net-ResourceManager/1.0.0 (.NET 6.0.8; Microsoft Windows 10.0.19044)",
        "x-ms-client-request-id": "bc5e1cef12d945bb1c6f9f4481b9a291",
        "x-ms-return-client-request-id": "true"
      },
      "RequestBody": null,
      "StatusCode": 200,
      "ResponseHeaders": {
        "Cache-Control": "no-cache",
        "Content-Length": "523",
        "Content-Type": "application/json; charset=utf-8",
        "Date": "Tue, 30 Aug 2022 16:02:51 GMT",
        "Expires": "-1",
        "Pragma": "no-cache",
        "Server": "Microsoft-IIS/10.0",
        "Strict-Transport-Security": "max-age=31536000; includeSubDomains",
        "X-Content-Type-Options": "nosniff",
        "x-ms-correlation-request-id": "17ce2445-e479-4830-8054-eae545d957f3",
        "x-ms-ratelimit-remaining-subscription-reads": "11959",
        "x-ms-request-id": "71fcd916-43fd-489e-bbc5-627509e52af8",
        "x-ms-routing-request-id": "WESTEUROPE:20220830T160251Z:17ce2445-e479-4830-8054-eae545d957f3",
        "X-Powered-By": "ASP.NET"
      },
      "ResponseBody": {
        "id": "/subscriptions/69a75bda-882e-44d5-8431-63421204132a/providers/Microsoft.NetApp/locations/westus2/operationResults/3f7f1519-1d4d-4548-be8e-c2299a223488",
        "name": "3f7f1519-1d4d-4548-be8e-c2299a223488",
        "status": "Deleting",
        "startTime": "2022-08-30T16:02:51.4624945Z",
        "endTime": "0001-01-01T00:00:00Z",
        "percentComplete": 0.0,
        "properties": {
          "resourceName": "/subscriptions/69a75bda-882e-44d5-8431-63421204132a/resourceGroups/testNetAppDotNetSDKRG-6162/providers/Microsoft.NetApp/netAppAccounts/account9803/capacityPools/pool1"
        }
      }
    },
    {
      "RequestUri": "https://management.azure.com/subscriptions/69a75bda-882e-44d5-8431-63421204132a/providers/Microsoft.NetApp/locations/westus2/operationResults/3f7f1519-1d4d-4548-be8e-c2299a223488?api-version=2022-03-01",
      "RequestMethod": "GET",
      "RequestHeaders": {
        "Authorization": "Sanitized",
        "traceparent": "00-e6665134b48c0cc3f92472ae514a0159-500e7cb2d3c1a899-00",
        "User-Agent": "azsdk-net-ResourceManager/1.0.0 (.NET 6.0.8; Microsoft Windows 10.0.19044)",
        "x-ms-client-request-id": "134ae764dd7be1b04ef9b3103b2a712a",
        "x-ms-return-client-request-id": "true"
      },
      "RequestBody": null,
      "StatusCode": 200,
      "ResponseHeaders": {
        "Cache-Control": "no-cache",
        "Content-Length": "534",
        "Content-Type": "application/json; charset=utf-8",
        "Date": "Tue, 30 Aug 2022 16:02:52 GMT",
        "Expires": "-1",
        "Pragma": "no-cache",
        "Server": "Microsoft-IIS/10.0",
        "Strict-Transport-Security": "max-age=31536000; includeSubDomains",
        "X-Content-Type-Options": "nosniff",
        "x-ms-correlation-request-id": "ddbe3d06-cd57-4d5f-8896-c653a980e811",
        "x-ms-ratelimit-remaining-subscription-reads": "11958",
        "x-ms-request-id": "2729f276-2892-4e65-918d-2196e1dc35ac",
        "x-ms-routing-request-id": "WESTEUROPE:20220830T160253Z:ddbe3d06-cd57-4d5f-8896-c653a980e811",
        "X-Powered-By": "ASP.NET"
      },
      "ResponseBody": {
        "id": "/subscriptions/69a75bda-882e-44d5-8431-63421204132a/providers/Microsoft.NetApp/locations/westus2/operationResults/3f7f1519-1d4d-4548-be8e-c2299a223488",
        "name": "3f7f1519-1d4d-4548-be8e-c2299a223488",
        "status": "Succeeded",
        "startTime": "2022-08-30T16:02:51.4624945Z",
        "endTime": "2022-08-30T16:02:52.2595059Z",
        "percentComplete": 100.0,
        "properties": {
          "resourceName": "/subscriptions/69a75bda-882e-44d5-8431-63421204132a/resourceGroups/testNetAppDotNetSDKRG-6162/providers/Microsoft.NetApp/netAppAccounts/account9803/capacityPools/pool1"
        }
      }
    },
    {
      "RequestUri": "https://management.azure.com/subscriptions/69a75bda-882e-44d5-8431-63421204132a/resourceGroups/testNetAppDotNetSDKRG-6162/providers/Microsoft.NetApp/netAppAccounts/account9803?api-version=2022-03-01",
      "RequestMethod": "DELETE",
      "RequestHeaders": {
        "Authorization": "Sanitized",
        "traceparent": "00-dfa311ce8fe1eab17b0ab955740c05a8-bbf847ad222b3f9e-00",
        "User-Agent": "azsdk-net-ResourceManager.NetApp/1.0.0-alpha.20220721.1 (.NET 6.0.8; Microsoft Windows 10.0.19044)",
        "x-ms-client-request-id": "c9a48d62f9f489c6f3d8acd5ec6be329",
        "x-ms-return-client-request-id": "true"
      },
      "RequestBody": null,
      "StatusCode": 202,
      "ResponseHeaders": {
        "Azure-AsyncOperation": "https://management.azure.com/subscriptions/69a75bda-882e-44d5-8431-63421204132a/providers/Microsoft.NetApp/locations/westus2/operationResults/a6bf90f6-6f38-4633-b519-fc813ffc60f5?api-version=2022-03-01",
        "Cache-Control": "no-cache",
        "Content-Length": "0",
        "Date": "Tue, 30 Aug 2022 16:04:16 GMT",
        "Expires": "-1",
        "Location": "https://management.azure.com/subscriptions/69a75bda-882e-44d5-8431-63421204132a/providers/Microsoft.NetApp/locations/westus2/operationResults/a6bf90f6-6f38-4633-b519-fc813ffc60f5?api-version=2022-03-01\u0026operationResultResponseType=Location",
        "Pragma": "no-cache",
        "Server": "Microsoft-IIS/10.0",
        "Strict-Transport-Security": "max-age=31536000; includeSubDomains",
        "X-Content-Type-Options": "nosniff",
        "x-ms-correlation-request-id": "f68e4728-7be3-41b4-aabd-b440992b8b9c",
        "x-ms-ratelimit-remaining-subscription-deletes": "14999",
        "x-ms-request-id": "f68e4728-7be3-41b4-aabd-b440992b8b9c",
        "x-ms-routing-request-id": "WESTEUROPE:20220830T160416Z:f68e4728-7be3-41b4-aabd-b440992b8b9c",
        "X-Powered-By": "ASP.NET"
      },
      "ResponseBody": null
    },
    {
      "RequestUri": "https://management.azure.com/subscriptions/69a75bda-882e-44d5-8431-63421204132a/providers/Microsoft.NetApp/locations/westus2/operationResults/a6bf90f6-6f38-4633-b519-fc813ffc60f5?api-version=2022-03-01",
      "RequestMethod": "GET",
      "RequestHeaders": {
        "Authorization": "Sanitized",
        "traceparent": "00-dfa311ce8fe1eab17b0ab955740c05a8-8eebe6c070b51bdf-00",
        "User-Agent": "azsdk-net-ResourceManager/1.0.0 (.NET 6.0.8; Microsoft Windows 10.0.19044)",
        "x-ms-client-request-id": "f3e274fdd9146b9c21c11fa330daf4e3",
        "x-ms-return-client-request-id": "true"
      },
      "RequestBody": null,
      "StatusCode": 200,
      "ResponseHeaders": {
        "Cache-Control": "no-cache",
        "Content-Length": "514",
        "Content-Type": "application/json; charset=utf-8",
        "Date": "Tue, 30 Aug 2022 16:04:17 GMT",
        "Expires": "-1",
        "Pragma": "no-cache",
        "Server": "Microsoft-IIS/10.0",
        "Strict-Transport-Security": "max-age=31536000; includeSubDomains",
        "X-Content-Type-Options": "nosniff",
        "x-ms-correlation-request-id": "f31f8fe2-16b3-4147-ace7-61cf90edaa00",
        "x-ms-ratelimit-remaining-subscription-reads": "11999",
        "x-ms-request-id": "2737f684-a509-4881-b28c-a27b55264bd0",
        "x-ms-routing-request-id": "WESTEUROPE:20220830T160417Z:f31f8fe2-16b3-4147-ace7-61cf90edaa00",
        "X-Powered-By": "ASP.NET"
      },
      "ResponseBody": {
        "id": "/subscriptions/69a75bda-882e-44d5-8431-63421204132a/providers/Microsoft.NetApp/locations/westus2/operationResults/a6bf90f6-6f38-4633-b519-fc813ffc60f5",
        "name": "a6bf90f6-6f38-4633-b519-fc813ffc60f5",
        "status": "Succeeded",
        "startTime": "2022-08-30T16:04:16.6581826Z",
        "endTime": "2022-08-30T16:04:16.7206982Z",
        "percentComplete": 100.0,
        "properties": {
          "resourceName": "/subscriptions/69a75bda-882e-44d5-8431-63421204132a/resourceGroups/testNetAppDotNetSDKRG-6162/providers/Microsoft.NetApp/netAppAccounts/account9803"
        }
      }
    }
  ],
  "Variables": {
    "RandomSeed": "1499991254",
    "RESOURCE_MANAGER_URL": null,
    "SUBSCRIPTION_ID": "69a75bda-882e-44d5-8431-63421204132a"
  }
}
