{
  "Entries": [
    {
      "RequestUri": "https://management.azure.com/subscriptions/69a75bda-882e-44d5-8431-63421204132a?api-version=2021-01-01",
      "RequestMethod": "GET",
      "RequestHeaders": {
        "Accept": "application/json",
        "Authorization": "Sanitized",
        "traceparent": "00-a848a337b7c91f0c135986899164e570-57a99d377e1819f7-00",
        "User-Agent": "azsdk-net-ResourceManager/1.3.1 (.NET 6.0.8; Microsoft Windows 10.0.19044)",
        "x-ms-client-request-id": "13733cbfd27037c714e4471a930f6b11",
        "x-ms-return-client-request-id": "true"
      },
      "RequestBody": null,
      "StatusCode": 200,
      "ResponseHeaders": {
        "Cache-Control": "no-cache",
        "Content-Length": "422",
        "Content-Type": "application/json; charset=utf-8",
        "Date": "Wed, 14 Sep 2022 23:53:26 GMT",
        "Expires": "-1",
        "Pragma": "no-cache",
        "Strict-Transport-Security": "max-age=31536000; includeSubDomains",
        "X-Content-Type-Options": "nosniff",
        "x-ms-correlation-request-id": "4139d79d-7128-418d-9eb4-87ac060ef910",
        "x-ms-ratelimit-remaining-subscription-reads": "11998",
        "x-ms-request-id": "4139d79d-7128-418d-9eb4-87ac060ef910",
        "x-ms-routing-request-id": "FRANCESOUTH:20220914T235326Z:4139d79d-7128-418d-9eb4-87ac060ef910"
      },
      "ResponseBody": {
        "id": "/subscriptions/69a75bda-882e-44d5-8431-63421204132a",
        "authorizationSource": "RoleBased",
        "managedByTenants": [],
        "tags": {
          "SkipNRMSNSG": "true"
        },
        "subscriptionId": "69a75bda-882e-44d5-8431-63421204132a",
        "tenantId": "72f988bf-86f1-41af-91ab-2d7cd011db47",
        "displayName": "QATest02-SVL",
        "state": "Enabled",
        "subscriptionPolicies": {
          "locationPlacementId": "Internal_2014-09-01",
          "quotaId": "Internal_2014-09-01",
          "spendingLimit": "Off"
        }
      }
    },
    {
      "RequestUri": "https://management.azure.com/subscriptions/69a75bda-882e-44d5-8431-63421204132a/resourcegroups/testNetAppDotNetSDKRG-2155?api-version=**",
      "RequestMethod": "PUT",
      "RequestHeaders": {
        "Accept": "application/json",
        "Authorization": "Sanitized",
        "Content-Length": "63",
        "Content-Type": "application/json",
        "traceparent": "00-e9c756a7926d3f1897aa250a1b5f0d84-1538991b196f987b-00",
        "User-Agent": "azsdk-net-ResourceManager/1.3.1 (.NET 6.0.8; Microsoft Windows 10.0.19044)",
        "x-ms-client-request-id": "f4983b4de8362b7e4cfe7bb54427e211",
        "x-ms-return-client-request-id": "true"
      },
      "RequestBody": {
        "tags": {
          "test": "env",
          "Owner": "b-aubald"
        },
        "location": "westus2"
      },
      "StatusCode": 201,
      "ResponseHeaders": {
        "Cache-Control": "no-cache",
        "Content-Length": "359",
        "Content-Type": "application/json; charset=utf-8",
        "Date": "Wed, 14 Sep 2022 23:53:32 GMT",
        "Expires": "-1",
        "Pragma": "no-cache",
        "Strict-Transport-Security": "max-age=31536000; includeSubDomains",
        "X-Content-Type-Options": "nosniff",
        "x-ms-correlation-request-id": "29cba372-5aa2-4e8f-8166-354d5780fb31",
        "x-ms-ratelimit-remaining-subscription-writes": "1199",
        "x-ms-request-id": "29cba372-5aa2-4e8f-8166-354d5780fb31",
        "x-ms-routing-request-id": "FRANCESOUTH:20220914T235332Z:29cba372-5aa2-4e8f-8166-354d5780fb31"
      },
      "ResponseBody": {
        "id": "/subscriptions/69a75bda-882e-44d5-8431-63421204132a/resourceGroups/testNetAppDotNetSDKRG-2155",
        "name": "testNetAppDotNetSDKRG-2155",
        "type": "Microsoft.Resources/resourceGroups",
        "location": "westus2",
        "tags": {
          "test": "env",
          "Owner": "b-aubald",
          "CreatedOnDate": "2022-09-14T23:53:31.0035341Z",
          "SkipNRMSNSG": "true"
        },
        "properties": {
          "provisioningState": "Succeeded"
        }
      }
    },
    {
      "RequestUri": "https://management.azure.com/subscriptions/69a75bda-882e-44d5-8431-63421204132a/providers/Microsoft.NetApp/locations/westus2/checkNameAvailability?api-version=2022-05-01",
      "RequestMethod": "POST",
      "RequestHeaders": {
        "Accept": "application/json",
        "Authorization": "Sanitized",
        "Content-Length": "108",
        "Content-Type": "application/json",
        "traceparent": "00-29870a12b5e1e151bdc4b474de8b27b1-2fc9cb02e1582c38-00",
        "User-Agent": "azsdk-net-ResourceManager.NetApp/1.0.0-alpha.20220914.1 (.NET 6.0.8; Microsoft Windows 10.0.19044)",
        "x-ms-client-request-id": "49e8487810b869cedbbf7da60595c576",
        "x-ms-return-client-request-id": "true"
      },
      "RequestBody": {
        "name": "account2578",
        "type": "Microsoft.NetApp/netAppAccounts",
        "resourceGroup": "testNetAppDotNetSDKRG-2155"
      },
      "StatusCode": 200,
      "ResponseHeaders": {
        "Cache-Control": "no-cache",
        "Content-Length": "20",
        "Content-Type": "application/json; charset=utf-8",
        "Date": "Wed, 14 Sep 2022 23:53:32 GMT",
        "Expires": "-1",
        "Pragma": "no-cache",
        "Server": "Microsoft-IIS/10.0",
        "Strict-Transport-Security": "max-age=31536000; includeSubDomains",
        "X-Content-Type-Options": "nosniff",
        "x-ms-correlation-request-id": "6056d6a1-22f1-4754-a62d-f2cc18bfb048",
        "x-ms-ratelimit-remaining-subscription-writes": "1199",
        "x-ms-request-id": "bde2c14c-77d0-4c48-b377-8a6cd41b98f9",
        "x-ms-routing-request-id": "FRANCESOUTH:20220914T235332Z:6056d6a1-22f1-4754-a62d-f2cc18bfb048",
        "X-Powered-By": "ASP.NET"
      },
      "ResponseBody": {
        "isAvailable": true
      }
    },
    {
      "RequestUri": "https://management.azure.com/subscriptions/69a75bda-882e-44d5-8431-63421204132a/resourceGroups/testNetAppDotNetSDKRG-2155/providers/Microsoft.NetApp/netAppAccounts/account2578?api-version=2022-05-01",
      "RequestMethod": "PUT",
      "RequestHeaders": {
        "Accept": "application/json",
        "Authorization": "Sanitized",
        "Content-Length": "79",
        "Content-Type": "application/json",
        "traceparent": "00-3041c72a2400a425cb43e371e161b413-eae144204786584b-00",
        "User-Agent": "azsdk-net-ResourceManager.NetApp/1.0.0-alpha.20220914.1 (.NET 6.0.8; Microsoft Windows 10.0.19044)",
        "x-ms-client-request-id": "8ae95ef788b3f453e724d44b82d0bc65",
        "x-ms-return-client-request-id": "true"
      },
      "RequestBody": {
        "tags": {
          "key1": "value1",
          "key2": "value2"
        },
        "location": "westus2",
        "properties": {}
      },
      "StatusCode": 201,
      "ResponseHeaders": {
        "Azure-AsyncOperation": "https://management.azure.com/subscriptions/69a75bda-882e-44d5-8431-63421204132a/providers/Microsoft.NetApp/locations/westus2/operationResults/8760d423-4a66-428f-8b23-cf0c6bf51f7b?api-version=2022-05-01",
        "Cache-Control": "no-cache",
        "Content-Length": "1113",
        "Content-Type": "application/json; charset=utf-8",
        "Date": "Wed, 14 Sep 2022 23:53:36 GMT",
        "ETag": "W/\u0022datetime\u00272022-09-14T23%3A53%3A35.7382004Z\u0027\u0022",
        "Expires": "-1",
        "Pragma": "no-cache",
        "Server": "Microsoft-IIS/10.0",
        "Strict-Transport-Security": "max-age=31536000; includeSubDomains",
        "X-Content-Type-Options": "nosniff",
        "x-ms-correlation-request-id": "cedf460c-ece6-4dd2-8387-4316e6763d01",
        "x-ms-ratelimit-remaining-subscription-writes": "1198",
        "x-ms-request-id": "607acb80-7ac9-4b6e-9e6c-47695e3f6e99",
        "x-ms-routing-request-id": "FRANCESOUTH:20220914T235337Z:cedf460c-ece6-4dd2-8387-4316e6763d01",
        "X-Powered-By": "ASP.NET"
      },
      "ResponseBody": {
        "id": "/subscriptions/69a75bda-882e-44d5-8431-63421204132a/resourceGroups/testNetAppDotNetSDKRG-2155/providers/Microsoft.NetApp/netAppAccounts/account2578",
        "name": "account2578",
        "type": "Microsoft.NetApp/netAppAccounts",
        "etag": "W/\u0022datetime\u00272022-09-14T23%3A53%3A35.7382004Z\u0027\u0022",
        "location": "westus2",
        "tags": {
          "key1": "value1",
          "key2": "value2",
          "CreatedOnDate": "2022-09-14T23:53:33.0604617Z"
        },
        "properties": {
          "activeDirectories": [
            {
              "activeDirectoryId": "503d38f9-f17c-f92d-ef26-b0d46374534b",
              "username": "sdkuser",
              "password": "****************",
              "domain": "sdkdomain",
              "dns": "192.0.2.2",
              "status": "Created",
              "smbServerName": "SDKSMBSeNa",
              "organizationalUnit": "CN=Computers",
              "aesEncryption": false,
              "ldapSigning": false,
              "ldapOverTLS": false,
              "allowLocalNfsUsersWithLdap": false,
              "encryptDCConnections": false,
              "ldapSearchScope": {}
            }
          ],
          "provisioningState": "Creating"
        },
        "systemData": {
          "createdBy": "c6c4faba-2b22-44d9-80a4-71ff5b71f811",
          "createdByType": "Application",
          "createdAt": "2022-09-14T23:53:35.5806053Z",
          "lastModifiedBy": "c6c4faba-2b22-44d9-80a4-71ff5b71f811",
          "lastModifiedByType": "Application",
          "lastModifiedAt": "2022-09-14T23:53:35.5806053Z"
        }
      }
    },
    {
      "RequestUri": "https://management.azure.com/subscriptions/69a75bda-882e-44d5-8431-63421204132a/providers/Microsoft.NetApp/locations/westus2/operationResults/8760d423-4a66-428f-8b23-cf0c6bf51f7b?api-version=2022-05-01",
      "RequestMethod": "GET",
      "RequestHeaders": {
        "Authorization": "Sanitized",
        "traceparent": "00-3041c72a2400a425cb43e371e161b413-8134931a03e79acb-00",
        "User-Agent": "azsdk-net-ResourceManager/1.3.1 (.NET 6.0.8; Microsoft Windows 10.0.19044)",
        "x-ms-client-request-id": "c94d3eb586f9ef0ff4f361943b83e70b",
        "x-ms-return-client-request-id": "true"
      },
      "RequestBody": null,
      "StatusCode": 200,
      "ResponseHeaders": {
        "Cache-Control": "no-cache",
        "Content-Length": "514",
        "Content-Type": "application/json; charset=utf-8",
        "Date": "Wed, 14 Sep 2022 23:53:37 GMT",
        "Expires": "-1",
        "Pragma": "no-cache",
        "Server": "Microsoft-IIS/10.0",
        "Strict-Transport-Security": "max-age=31536000; includeSubDomains",
        "X-Content-Type-Options": "nosniff",
        "x-ms-correlation-request-id": "6925b904-871b-4471-ab38-141ce7a21953",
        "x-ms-ratelimit-remaining-subscription-reads": "11997",
        "x-ms-request-id": "31dd589f-2641-44af-87a3-4c0279110317",
        "x-ms-routing-request-id": "FRANCESOUTH:20220914T235337Z:6925b904-871b-4471-ab38-141ce7a21953",
        "X-Powered-By": "ASP.NET"
      },
      "ResponseBody": {
        "id": "/subscriptions/69a75bda-882e-44d5-8431-63421204132a/providers/Microsoft.NetApp/locations/westus2/operationResults/8760d423-4a66-428f-8b23-cf0c6bf51f7b",
        "name": "8760d423-4a66-428f-8b23-cf0c6bf51f7b",
        "status": "Succeeded",
        "startTime": "2022-09-14T23:53:35.7403172Z",
        "endTime": "2022-09-14T23:53:35.7715789Z",
        "percentComplete": 100.0,
        "properties": {
          "resourceName": "/subscriptions/69a75bda-882e-44d5-8431-63421204132a/resourceGroups/testNetAppDotNetSDKRG-2155/providers/Microsoft.NetApp/netAppAccounts/account2578"
        }
      }
    },
    {
      "RequestUri": "https://management.azure.com/subscriptions/69a75bda-882e-44d5-8431-63421204132a/resourceGroups/testNetAppDotNetSDKRG-2155/providers/Microsoft.NetApp/netAppAccounts/account2578?api-version=2022-05-01",
      "RequestMethod": "GET",
      "RequestHeaders": {
        "Authorization": "Sanitized",
        "traceparent": "00-3041c72a2400a425cb43e371e161b413-3a44c974faafcbd4-00",
        "User-Agent": "azsdk-net-ResourceManager/1.3.1 (.NET 6.0.8; Microsoft Windows 10.0.19044)",
        "x-ms-client-request-id": "349d1803a3fd104ec9bec0282d2bf362",
        "x-ms-return-client-request-id": "true"
      },
      "RequestBody": null,
      "StatusCode": 200,
      "ResponseHeaders": {
        "Cache-Control": "no-cache",
        "Content-Length": "1160",
        "Content-Type": "application/json; charset=utf-8",
        "Date": "Wed, 14 Sep 2022 23:53:37 GMT",
        "ETag": "W/\u0022datetime\u00272022-09-14T23%3A53%3A35.7755552Z\u0027\u0022",
        "Expires": "-1",
        "Pragma": "no-cache",
        "Server": "Microsoft-IIS/10.0",
        "Strict-Transport-Security": "max-age=31536000; includeSubDomains",
        "X-Content-Type-Options": "nosniff",
        "x-ms-correlation-request-id": "65512ca2-e321-4a0a-8cf9-b81a79b8ae34",
        "x-ms-ratelimit-remaining-subscription-reads": "11996",
        "x-ms-request-id": "f9084184-8e36-4197-8b7e-a2253b73ab3c",
        "x-ms-routing-request-id": "FRANCESOUTH:20220914T235337Z:65512ca2-e321-4a0a-8cf9-b81a79b8ae34",
        "X-Powered-By": "ASP.NET"
      },
      "ResponseBody": {
        "id": "/subscriptions/69a75bda-882e-44d5-8431-63421204132a/resourceGroups/testNetAppDotNetSDKRG-2155/providers/Microsoft.NetApp/netAppAccounts/account2578",
        "name": "account2578",
        "type": "Microsoft.NetApp/netAppAccounts",
        "etag": "W/\u0022datetime\u00272022-09-14T23%3A53%3A35.7755552Z\u0027\u0022",
        "location": "westus2",
        "tags": {
          "key1": "value1",
          "key2": "value2",
          "CreatedOnDate": "2022-09-14T23:53:33.0604617Z"
        },
        "properties": {
          "activeDirectories": [
            {
              "activeDirectoryId": "503d38f9-f17c-f92d-ef26-b0d46374534b",
              "username": "sdkuser",
              "password": "****************",
              "domain": "sdkdomain",
              "dns": "192.0.2.2",
              "status": "Created",
              "smbServerName": "SDKSMBSeNa",
              "organizationalUnit": "CN=Computers",
              "aesEncryption": false,
              "ldapSigning": false,
              "ldapOverTLS": false,
              "allowLocalNfsUsersWithLdap": false,
              "encryptDCConnections": false,
              "ldapSearchScope": {}
            }
          ],
          "encryption": {
            "keySource": "Microsoft.NetApp"
          },
          "provisioningState": "Succeeded"
        },
        "systemData": {
          "createdBy": "c6c4faba-2b22-44d9-80a4-71ff5b71f811",
          "createdByType": "Application",
          "createdAt": "2022-09-14T23:53:35.5806053Z",
          "lastModifiedBy": "c6c4faba-2b22-44d9-80a4-71ff5b71f811",
          "lastModifiedByType": "Application",
          "lastModifiedAt": "2022-09-14T23:53:35.5806053Z"
        }
      }
    },
    {
      "RequestUri": "https://management.azure.com/subscriptions/69a75bda-882e-44d5-8431-63421204132a/resourceGroups/testNetAppDotNetSDKRG-2155/providers/Microsoft.NetApp/netAppAccounts/account2578/capacityPools/pool1?api-version=2022-05-01",
      "RequestMethod": "PUT",
      "RequestHeaders": {
        "Accept": "application/json",
        "Authorization": "Sanitized",
        "Content-Length": "124",
        "Content-Type": "application/json",
        "traceparent": "00-f195995c38cf2133bb85cf85877f676a-704a4a3f6f1dd755-00",
        "User-Agent": "azsdk-net-ResourceManager.NetApp/1.0.0-alpha.20220914.1 (.NET 6.0.8; Microsoft Windows 10.0.19044)",
        "x-ms-client-request-id": "43966cdcf382826bc2a82d348500ef46",
        "x-ms-return-client-request-id": "true"
      },
      "RequestBody": {
        "tags": {
          "key1": "value1",
          "key2": "value2"
        },
        "location": "westus2",
        "properties": {
          "size": 4398046511104,
          "serviceLevel": "Premium"
        }
      },
      "StatusCode": 201,
      "ResponseHeaders": {
        "Azure-AsyncOperation": "https://management.azure.com/subscriptions/69a75bda-882e-44d5-8431-63421204132a/providers/Microsoft.NetApp/locations/westus2/operationResults/6640d0fd-6be1-43fd-b4e5-3bbb6b7d53b2?api-version=2022-05-01",
        "Cache-Control": "no-cache",
        "Content-Length": "852",
        "Content-Type": "application/json; charset=utf-8",
        "Date": "Wed, 14 Sep 2022 23:53:40 GMT",
        "ETag": "W/\u0022datetime\u00272022-09-14T23%3A53%3A39.2262213Z\u0027\u0022",
        "Expires": "-1",
        "Pragma": "no-cache",
        "Server": "Microsoft-IIS/10.0",
        "Strict-Transport-Security": "max-age=31536000; includeSubDomains",
        "X-Content-Type-Options": "nosniff",
        "x-ms-correlation-request-id": "219f127f-cfe7-40b4-ba97-9bee97e23548",
        "x-ms-ratelimit-remaining-subscription-writes": "1197",
        "x-ms-request-id": "752ee06c-2560-4066-b637-023a0ba413e5",
        "x-ms-routing-request-id": "FRANCESOUTH:20220914T235340Z:219f127f-cfe7-40b4-ba97-9bee97e23548",
        "X-Powered-By": "ASP.NET"
      },
      "ResponseBody": {
        "id": "/subscriptions/69a75bda-882e-44d5-8431-63421204132a/resourceGroups/testNetAppDotNetSDKRG-2155/providers/Microsoft.NetApp/netAppAccounts/account2578/capacityPools/pool1",
        "name": "account2578/pool1",
        "type": "Microsoft.NetApp/netAppAccounts/capacityPools",
        "etag": "W/\u0022datetime\u00272022-09-14T23%3A53%3A39.2262213Z\u0027\u0022",
        "location": "westus2",
        "tags": {
          "key1": "value1",
          "key2": "value2",
          "CreatedOnDate": "2022-09-14T23:53:38.0928095Z"
        },
        "properties": {
          "serviceLevel": "Premium",
          "size": 4398046511104,
          "totalThroughputMibps": 0.0,
          "utilizedThroughputMibps": 0.0,
          "provisioningState": "Creating"
        },
        "systemData": {
          "createdBy": "c6c4faba-2b22-44d9-80a4-71ff5b71f811",
          "createdByType": "Application",
          "createdAt": "2022-09-14T23:53:39.0506157Z",
          "lastModifiedBy": "c6c4faba-2b22-44d9-80a4-71ff5b71f811",
          "lastModifiedByType": "Application",
          "lastModifiedAt": "2022-09-14T23:53:39.0506157Z"
        }
      }
    },
    {
      "RequestUri": "https://management.azure.com/subscriptions/69a75bda-882e-44d5-8431-63421204132a/providers/Microsoft.NetApp/locations/westus2/operationResults/6640d0fd-6be1-43fd-b4e5-3bbb6b7d53b2?api-version=2022-05-01",
      "RequestMethod": "GET",
      "RequestHeaders": {
        "Authorization": "Sanitized",
        "traceparent": "00-f195995c38cf2133bb85cf85877f676a-3e12761a8ec2df4a-00",
        "User-Agent": "azsdk-net-ResourceManager/1.3.1 (.NET 6.0.8; Microsoft Windows 10.0.19044)",
        "x-ms-client-request-id": "cfb7feffa3ed0f88ac1b725575198ac8",
        "x-ms-return-client-request-id": "true"
      },
      "RequestBody": null,
      "StatusCode": 200,
      "ResponseHeaders": {
        "Cache-Control": "no-cache",
        "Content-Length": "534",
        "Content-Type": "application/json; charset=utf-8",
        "Date": "Wed, 14 Sep 2022 23:53:40 GMT",
        "Expires": "-1",
        "Pragma": "no-cache",
        "Server": "Microsoft-IIS/10.0",
        "Strict-Transport-Security": "max-age=31536000; includeSubDomains",
        "X-Content-Type-Options": "nosniff",
        "x-ms-correlation-request-id": "b2777c05-3ce7-4f87-b055-2948bd296780",
        "x-ms-ratelimit-remaining-subscription-reads": "11995",
        "x-ms-request-id": "38fe1f3a-9d2c-4b62-96e8-ae20bbaeb59a",
        "x-ms-routing-request-id": "FRANCESOUTH:20220914T235340Z:b2777c05-3ce7-4f87-b055-2948bd296780",
        "X-Powered-By": "ASP.NET"
      },
      "ResponseBody": {
        "id": "/subscriptions/69a75bda-882e-44d5-8431-63421204132a/providers/Microsoft.NetApp/locations/westus2/operationResults/6640d0fd-6be1-43fd-b4e5-3bbb6b7d53b2",
        "name": "6640d0fd-6be1-43fd-b4e5-3bbb6b7d53b2",
        "status": "Succeeded",
        "startTime": "2022-09-14T23:53:39.2249675Z",
        "endTime": "2022-09-14T23:53:40.1627458Z",
        "percentComplete": 100.0,
        "properties": {
          "resourceName": "/subscriptions/69a75bda-882e-44d5-8431-63421204132a/resourceGroups/testNetAppDotNetSDKRG-2155/providers/Microsoft.NetApp/netAppAccounts/account2578/capacityPools/pool1"
        }
      }
    },
    {
      "RequestUri": "https://management.azure.com/subscriptions/69a75bda-882e-44d5-8431-63421204132a/resourceGroups/testNetAppDotNetSDKRG-2155/providers/Microsoft.NetApp/netAppAccounts/account2578/capacityPools/pool1?api-version=2022-05-01",
      "RequestMethod": "GET",
      "RequestHeaders": {
        "Authorization": "Sanitized",
        "traceparent": "00-f195995c38cf2133bb85cf85877f676a-50e5ab35e42c6ce1-00",
        "User-Agent": "azsdk-net-ResourceManager/1.3.1 (.NET 6.0.8; Microsoft Windows 10.0.19044)",
        "x-ms-client-request-id": "de8479cf0a05c97a02835345f330bbdb",
        "x-ms-return-client-request-id": "true"
      },
      "RequestBody": null,
      "StatusCode": 200,
      "ResponseHeaders": {
        "Cache-Control": "no-cache",
        "Content-Length": "965",
        "Content-Type": "application/json; charset=utf-8",
        "Date": "Wed, 14 Sep 2022 23:53:40 GMT",
        "ETag": "W/\u0022datetime\u00272022-09-14T23%3A53%3A40.1559363Z\u0027\u0022",
        "Expires": "-1",
        "Pragma": "no-cache",
        "Server": "Microsoft-IIS/10.0",
        "Strict-Transport-Security": "max-age=31536000; includeSubDomains",
        "X-Content-Type-Options": "nosniff",
        "x-ms-correlation-request-id": "47a26235-6a82-46f1-9f49-fcdde518746f",
        "x-ms-ratelimit-remaining-subscription-reads": "11994",
        "x-ms-request-id": "d3820853-788f-4d28-aeb0-141758900e84",
        "x-ms-routing-request-id": "FRANCESOUTH:20220914T235341Z:47a26235-6a82-46f1-9f49-fcdde518746f",
        "X-Powered-By": "ASP.NET"
      },
      "ResponseBody": {
        "id": "/subscriptions/69a75bda-882e-44d5-8431-63421204132a/resourceGroups/testNetAppDotNetSDKRG-2155/providers/Microsoft.NetApp/netAppAccounts/account2578/capacityPools/pool1",
        "name": "account2578/pool1",
        "type": "Microsoft.NetApp/netAppAccounts/capacityPools",
        "etag": "W/\u0022datetime\u00272022-09-14T23%3A53%3A40.1559363Z\u0027\u0022",
        "location": "westus2",
        "tags": {
          "key1": "value1",
          "key2": "value2",
          "CreatedOnDate": "2022-09-14T23:53:38.0928095Z"
        },
        "properties": {
          "poolId": "aa2a2266-527a-9e7f-7647-43411046d96d",
          "serviceLevel": "Premium",
          "size": 4398046511104,
          "qosType": "Auto",
          "totalThroughputMibps": 256.0,
          "utilizedThroughputMibps": 0.0,
          "encryptionType": "Single",
          "coolAccess": false,
          "provisioningState": "Succeeded"
        },
        "systemData": {
          "createdBy": "c6c4faba-2b22-44d9-80a4-71ff5b71f811",
          "createdByType": "Application",
          "createdAt": "2022-09-14T23:53:39.0506157Z",
          "lastModifiedBy": "c6c4faba-2b22-44d9-80a4-71ff5b71f811",
          "lastModifiedByType": "Application",
          "lastModifiedAt": "2022-09-14T23:53:39.0506157Z"
        }
      }
    },
    {
      "RequestUri": "https://management.azure.com/subscriptions/69a75bda-882e-44d5-8431-63421204132a/resourceGroups/testNetAppDotNetSDKRG-2155/providers/Microsoft.Network/virtualNetworks/vnet-435?api-version=2021-02-01",
      "RequestMethod": "PUT",
      "RequestHeaders": {
        "Accept": "application/json",
        "Authorization": "Sanitized",
        "Content-Length": "261",
        "Content-Type": "application/json",
        "traceparent": "00-264b07a6ad98210be0fcc28d7b4977c6-3324f6330174ebb7-00",
        "User-Agent": "azsdk-net-ResourceManager.Network/1.0.0-alpha.20220627.1 (.NET 6.0.8; Microsoft Windows 10.0.19044)",
        "x-ms-client-request-id": "498635645920c600163ccca0149dd7b2",
        "x-ms-return-client-request-id": "true"
      },
      "RequestBody": {
        "location": "westus2",
        "properties": {
          "addressSpace": {
            "addressPrefixes": [
              "10.0.0.0/16"
            ]
          },
          "subnets": [
            {
              "name": "default",
              "properties": {
                "addressPrefix": "10.0.1.0/24",
                "delegations": [
                  {
                    "name": "netAppVolumes",
                    "properties": {
                      "serviceName": "Microsoft.Netapp/volumes"
                    }
                  }
                ]
              }
            }
          ]
        }
      },
      "StatusCode": 201,
      "ResponseHeaders": {
        "azure-asyncnotification": "Enabled",
        "azure-asyncoperation": "https://management.azure.com/subscriptions/69a75bda-882e-44d5-8431-63421204132a/providers/Microsoft.Network/locations/westus2/operations/70bba711-44f8-4a1c-85bb-03b8cb8f4f86?api-version=2021-02-01",
        "Cache-Control": "no-cache",
        "Content-Length": "2147",
        "Content-Type": "application/json; charset=utf-8",
        "Date": "Wed, 14 Sep 2022 23:53:43 GMT",
        "Expires": "-1",
        "Pragma": "no-cache",
        "Retry-After": "3",
        "Server": [
          "Microsoft-HTTPAPI/2.0",
          "Microsoft-HTTPAPI/2.0"
        ],
        "Strict-Transport-Security": "max-age=31536000; includeSubDomains",
        "X-Content-Type-Options": "nosniff",
        "x-ms-arm-service-request-id": "09dbbff3-13c1-4b4f-a9da-eaeb74993d88",
        "x-ms-client-request-id": "498635645920c600163ccca0149dd7b2",
        "x-ms-correlation-request-id": "18cc710a-c617-426c-9076-bba22d7d7932",
        "x-ms-ratelimit-remaining-subscription-writes": "1196",
        "x-ms-request-id": "70bba711-44f8-4a1c-85bb-03b8cb8f4f86",
        "x-ms-routing-request-id": "FRANCESOUTH:20220914T235343Z:18cc710a-c617-426c-9076-bba22d7d7932"
      },
      "ResponseBody": {
        "name": "vnet-435",
        "id": "/subscriptions/69a75bda-882e-44d5-8431-63421204132a/resourceGroups/testNetAppDotNetSDKRG-2155/providers/Microsoft.Network/virtualNetworks/vnet-435",
        "etag": "W/\u00222fc183b7-b3d1-40b5-8d73-68f61be0b1af\u0022",
        "type": "Microsoft.Network/virtualNetworks",
        "location": "westus2",
        "tags": {
          "CreatedOnDate": "2022-09-14T23:53:41.2300235Z"
        },
        "properties": {
          "provisioningState": "Updating",
          "resourceGuid": "32ea6d81-4a9e-4a34-9890-8467f797aa17",
          "addressSpace": {
            "addressPrefixes": [
              "10.0.0.0/16"
            ]
          },
          "subnets": [
            {
              "name": "default",
              "id": "/subscriptions/69a75bda-882e-44d5-8431-63421204132a/resourceGroups/testNetAppDotNetSDKRG-2155/providers/Microsoft.Network/virtualNetworks/vnet-435/subnets/default",
              "etag": "W/\u00222fc183b7-b3d1-40b5-8d73-68f61be0b1af\u0022",
              "properties": {
                "provisioningState": "Updating",
                "addressPrefix": "10.0.1.0/24",
                "delegations": [
                  {
                    "name": "netAppVolumes",
                    "id": "/subscriptions/69a75bda-882e-44d5-8431-63421204132a/resourceGroups/testNetAppDotNetSDKRG-2155/providers/Microsoft.Network/virtualNetworks/vnet-435/subnets/default/delegations/netAppVolumes",
                    "etag": "W/\u00222fc183b7-b3d1-40b5-8d73-68f61be0b1af\u0022",
                    "properties": {
                      "provisioningState": "Succeeded",
                      "serviceName": "Microsoft.Netapp/volumes",
                      "actions": [
                        "Microsoft.Network/networkinterfaces/*",
                        "Microsoft.Network/virtualNetworks/subnets/join/action"
                      ]
                    },
                    "type": "Microsoft.Network/virtualNetworks/subnets/delegations"
                  }
                ],
                "purpose": "HostedWorkloads",
                "privateEndpointNetworkPolicies": "Disabled",
                "privateLinkServiceNetworkPolicies": "Enabled"
              },
              "type": "Microsoft.Network/virtualNetworks/subnets"
            }
          ],
          "virtualNetworkPeerings": [],
          "enableDdosProtection": false
        }
      }
    },
    {
      "RequestUri": "https://management.azure.com/subscriptions/69a75bda-882e-44d5-8431-63421204132a/providers/Microsoft.Network/locations/westus2/operations/70bba711-44f8-4a1c-85bb-03b8cb8f4f86?api-version=2021-02-01",
      "RequestMethod": "GET",
      "RequestHeaders": {
        "Authorization": "Sanitized",
        "traceparent": "00-264b07a6ad98210be0fcc28d7b4977c6-e1ac92ceb45f9631-00",
        "User-Agent": "azsdk-net-ResourceManager/1.3.1 (.NET 6.0.8; Microsoft Windows 10.0.19044)",
        "x-ms-client-request-id": "e3116f967f0320ae8317efcead29ede6",
        "x-ms-return-client-request-id": "true"
      },
      "RequestBody": null,
      "StatusCode": 200,
      "ResponseHeaders": {
        "Cache-Control": "no-cache",
        "Content-Length": "30",
        "Content-Type": "application/json; charset=utf-8",
        "Date": "Wed, 14 Sep 2022 23:53:43 GMT",
        "Expires": "-1",
        "Pragma": "no-cache",
        "Retry-After": "10",
        "Server": [
          "Microsoft-HTTPAPI/2.0",
          "Microsoft-HTTPAPI/2.0"
        ],
        "Strict-Transport-Security": "max-age=31536000; includeSubDomains",
        "X-Content-Type-Options": "nosniff",
        "x-ms-arm-service-request-id": "ff7973bf-f776-454c-8b41-031c48b9fdee",
        "x-ms-client-request-id": "e3116f967f0320ae8317efcead29ede6",
        "x-ms-correlation-request-id": "49d361c5-8e8d-450e-9c7a-1a8e8aeb1eb3",
        "x-ms-ratelimit-remaining-subscription-reads": "11993",
        "x-ms-request-id": "06872777-bba9-4a91-a859-513249dc0cd8",
        "x-ms-routing-request-id": "FRANCESOUTH:20220914T235343Z:49d361c5-8e8d-450e-9c7a-1a8e8aeb1eb3"
      },
      "ResponseBody": {
        "status": "InProgress"
      }
    },
    {
      "RequestUri": "https://management.azure.com/subscriptions/69a75bda-882e-44d5-8431-63421204132a/providers/Microsoft.Network/locations/westus2/operations/70bba711-44f8-4a1c-85bb-03b8cb8f4f86?api-version=2021-02-01",
      "RequestMethod": "GET",
      "RequestHeaders": {
        "Authorization": "Sanitized",
        "traceparent": "00-264b07a6ad98210be0fcc28d7b4977c6-a403a2ac6db9d4de-00",
        "User-Agent": "azsdk-net-ResourceManager/1.3.1 (.NET 6.0.8; Microsoft Windows 10.0.19044)",
        "x-ms-client-request-id": "c4bc937b786fa00240025b52f0b083fa",
        "x-ms-return-client-request-id": "true"
      },
      "RequestBody": null,
      "StatusCode": 200,
      "ResponseHeaders": {
        "Cache-Control": "no-cache",
        "Content-Length": "29",
        "Content-Type": "application/json; charset=utf-8",
        "Date": "Wed, 14 Sep 2022 23:53:54 GMT",
        "Expires": "-1",
        "Pragma": "no-cache",
        "Server": [
          "Microsoft-HTTPAPI/2.0",
          "Microsoft-HTTPAPI/2.0"
        ],
        "Strict-Transport-Security": "max-age=31536000; includeSubDomains",
        "X-Content-Type-Options": "nosniff",
        "x-ms-arm-service-request-id": "62c278b1-aac3-4fd4-81b6-c5003cb5cf96",
        "x-ms-client-request-id": "c4bc937b786fa00240025b52f0b083fa",
        "x-ms-correlation-request-id": "91cd80b4-1a83-43d8-a09e-805a4bab3ab7",
        "x-ms-ratelimit-remaining-subscription-reads": "11992",
        "x-ms-request-id": "2b4d6733-d5a1-495c-b668-8ca2104c7b72",
        "x-ms-routing-request-id": "FRANCESOUTH:20220914T235354Z:91cd80b4-1a83-43d8-a09e-805a4bab3ab7"
      },
      "ResponseBody": {
        "status": "Succeeded"
      }
    },
    {
      "RequestUri": "https://management.azure.com/subscriptions/69a75bda-882e-44d5-8431-63421204132a/resourceGroups/testNetAppDotNetSDKRG-2155/providers/Microsoft.Network/virtualNetworks/vnet-435?api-version=2021-02-01",
      "RequestMethod": "GET",
      "RequestHeaders": {
        "Authorization": "Sanitized",
        "traceparent": "00-264b07a6ad98210be0fcc28d7b4977c6-9baca83e41d31439-00",
        "User-Agent": "azsdk-net-ResourceManager/1.3.1 (.NET 6.0.8; Microsoft Windows 10.0.19044)",
        "x-ms-client-request-id": "a4096dc1f38bb7afbd2cdeccd326d6c4",
        "x-ms-return-client-request-id": "true"
      },
      "RequestBody": null,
      "StatusCode": 200,
      "ResponseHeaders": {
        "Cache-Control": "no-cache",
        "Content-Length": "2149",
        "Content-Type": "application/json; charset=utf-8",
        "Date": "Wed, 14 Sep 2022 23:53:54 GMT",
        "ETag": "W/\u00223686f0a7-61b9-4c0d-b0b2-c6ba3ec6bedb\u0022",
        "Expires": "-1",
        "Pragma": "no-cache",
        "Server": [
          "Microsoft-HTTPAPI/2.0",
          "Microsoft-HTTPAPI/2.0"
        ],
        "Strict-Transport-Security": "max-age=31536000; includeSubDomains",
        "X-Content-Type-Options": "nosniff",
        "x-ms-arm-service-request-id": "2c5a5084-cbd8-4a6e-9366-5ee67686763a",
        "x-ms-client-request-id": "a4096dc1f38bb7afbd2cdeccd326d6c4",
        "x-ms-correlation-request-id": "fb8359b3-df26-4bdb-acf9-b3b95973d27b",
        "x-ms-ratelimit-remaining-subscription-reads": "11991",
        "x-ms-request-id": "06e190a2-185d-4f2c-ab07-82a62968ea80",
        "x-ms-routing-request-id": "FRANCESOUTH:20220914T235354Z:fb8359b3-df26-4bdb-acf9-b3b95973d27b"
      },
      "ResponseBody": {
        "name": "vnet-435",
        "id": "/subscriptions/69a75bda-882e-44d5-8431-63421204132a/resourceGroups/testNetAppDotNetSDKRG-2155/providers/Microsoft.Network/virtualNetworks/vnet-435",
        "etag": "W/\u00223686f0a7-61b9-4c0d-b0b2-c6ba3ec6bedb\u0022",
        "type": "Microsoft.Network/virtualNetworks",
        "location": "westus2",
        "tags": {
          "CreatedOnDate": "2022-09-14T23:53:41.2300235Z"
        },
        "properties": {
          "provisioningState": "Succeeded",
          "resourceGuid": "32ea6d81-4a9e-4a34-9890-8467f797aa17",
          "addressSpace": {
            "addressPrefixes": [
              "10.0.0.0/16"
            ]
          },
          "subnets": [
            {
              "name": "default",
              "id": "/subscriptions/69a75bda-882e-44d5-8431-63421204132a/resourceGroups/testNetAppDotNetSDKRG-2155/providers/Microsoft.Network/virtualNetworks/vnet-435/subnets/default",
              "etag": "W/\u00223686f0a7-61b9-4c0d-b0b2-c6ba3ec6bedb\u0022",
              "properties": {
                "provisioningState": "Succeeded",
                "addressPrefix": "10.0.1.0/24",
                "delegations": [
                  {
                    "name": "netAppVolumes",
                    "id": "/subscriptions/69a75bda-882e-44d5-8431-63421204132a/resourceGroups/testNetAppDotNetSDKRG-2155/providers/Microsoft.Network/virtualNetworks/vnet-435/subnets/default/delegations/netAppVolumes",
                    "etag": "W/\u00223686f0a7-61b9-4c0d-b0b2-c6ba3ec6bedb\u0022",
                    "properties": {
                      "provisioningState": "Succeeded",
                      "serviceName": "Microsoft.Netapp/volumes",
                      "actions": [
                        "Microsoft.Network/networkinterfaces/*",
                        "Microsoft.Network/virtualNetworks/subnets/join/action"
                      ]
                    },
                    "type": "Microsoft.Network/virtualNetworks/subnets/delegations"
                  }
                ],
                "purpose": "HostedWorkloads",
                "privateEndpointNetworkPolicies": "Disabled",
                "privateLinkServiceNetworkPolicies": "Enabled"
              },
              "type": "Microsoft.Network/virtualNetworks/subnets"
            }
          ],
          "virtualNetworkPeerings": [],
          "enableDdosProtection": false
        }
      }
    },
    {
      "RequestUri": "https://management.azure.com/subscriptions/69a75bda-882e-44d5-8431-63421204132a/resourceGroups/testNetAppDotNetSDKRG-2155/providers/Microsoft.Network/virtualNetworks/vnet-435?api-version=2021-02-01",
      "RequestMethod": "GET",
      "RequestHeaders": {
        "Accept": "application/json",
        "Authorization": "Sanitized",
        "traceparent": "00-cd870faa641e91c22aa580088c689ce5-2e6f7e8dbb42f29c-00",
        "User-Agent": "azsdk-net-ResourceManager.Network/1.0.0-alpha.20220627.1 (.NET 6.0.8; Microsoft Windows 10.0.19044)",
        "x-ms-client-request-id": "afd483dfb65f1eef6d70a300235c2fd3",
        "x-ms-return-client-request-id": "true"
      },
      "RequestBody": null,
      "StatusCode": 200,
      "ResponseHeaders": {
        "Cache-Control": "no-cache",
        "Content-Length": "2149",
        "Content-Type": "application/json; charset=utf-8",
        "Date": "Wed, 14 Sep 2022 23:54:24 GMT",
        "ETag": "W/\u00223686f0a7-61b9-4c0d-b0b2-c6ba3ec6bedb\u0022",
        "Expires": "-1",
        "Pragma": "no-cache",
        "Server": [
          "Microsoft-HTTPAPI/2.0",
          "Microsoft-HTTPAPI/2.0"
        ],
        "Strict-Transport-Security": "max-age=31536000; includeSubDomains",
        "X-Content-Type-Options": "nosniff",
        "x-ms-arm-service-request-id": "80905280-dcce-4366-9887-f66ba9603b15",
        "x-ms-client-request-id": "afd483dfb65f1eef6d70a300235c2fd3",
        "x-ms-correlation-request-id": "ee7e30d0-f226-413f-9f7b-50b42f976d2a",
        "x-ms-ratelimit-remaining-subscription-reads": "11990",
        "x-ms-request-id": "b747a0f2-b4c3-4f2d-968f-a8d04be18cdb",
        "x-ms-routing-request-id": "FRANCESOUTH:20220914T235424Z:ee7e30d0-f226-413f-9f7b-50b42f976d2a"
      },
      "ResponseBody": {
        "name": "vnet-435",
        "id": "/subscriptions/69a75bda-882e-44d5-8431-63421204132a/resourceGroups/testNetAppDotNetSDKRG-2155/providers/Microsoft.Network/virtualNetworks/vnet-435",
        "etag": "W/\u00223686f0a7-61b9-4c0d-b0b2-c6ba3ec6bedb\u0022",
        "type": "Microsoft.Network/virtualNetworks",
        "location": "westus2",
        "tags": {
          "CreatedOnDate": "2022-09-14T23:53:41.2300235Z"
        },
        "properties": {
          "provisioningState": "Succeeded",
          "resourceGuid": "32ea6d81-4a9e-4a34-9890-8467f797aa17",
          "addressSpace": {
            "addressPrefixes": [
              "10.0.0.0/16"
            ]
          },
          "subnets": [
            {
              "name": "default",
              "id": "/subscriptions/69a75bda-882e-44d5-8431-63421204132a/resourceGroups/testNetAppDotNetSDKRG-2155/providers/Microsoft.Network/virtualNetworks/vnet-435/subnets/default",
              "etag": "W/\u00223686f0a7-61b9-4c0d-b0b2-c6ba3ec6bedb\u0022",
              "properties": {
                "provisioningState": "Succeeded",
                "addressPrefix": "10.0.1.0/24",
                "delegations": [
                  {
                    "name": "netAppVolumes",
                    "id": "/subscriptions/69a75bda-882e-44d5-8431-63421204132a/resourceGroups/testNetAppDotNetSDKRG-2155/providers/Microsoft.Network/virtualNetworks/vnet-435/subnets/default/delegations/netAppVolumes",
                    "etag": "W/\u00223686f0a7-61b9-4c0d-b0b2-c6ba3ec6bedb\u0022",
                    "properties": {
                      "provisioningState": "Succeeded",
                      "serviceName": "Microsoft.Netapp/volumes",
                      "actions": [
                        "Microsoft.Network/networkinterfaces/*",
                        "Microsoft.Network/virtualNetworks/subnets/join/action"
                      ]
                    },
                    "type": "Microsoft.Network/virtualNetworks/subnets/delegations"
                  }
                ],
                "purpose": "HostedWorkloads",
                "privateEndpointNetworkPolicies": "Disabled",
                "privateLinkServiceNetworkPolicies": "Enabled"
              },
              "type": "Microsoft.Network/virtualNetworks/subnets"
            }
          ],
          "virtualNetworkPeerings": [],
          "enableDdosProtection": false
        }
      }
    },
    {
      "RequestUri": "https://management.azure.com/subscriptions/69a75bda-882e-44d5-8431-63421204132a/resourceGroups/testNetAppDotNetSDKRG-2155/providers/Microsoft.NetApp/netAppAccounts/account2578/capacityPools/pool1/volumes/volumeName-2983?api-version=2022-05-01",
      "RequestMethod": "PUT",
      "RequestHeaders": {
        "Accept": "application/json",
        "Authorization": "Sanitized",
        "Content-Length": "318",
        "Content-Type": "application/json",
        "traceparent": "00-8d8915df085248790325cf49524a17b6-8ce3267e3ac4d637-00",
        "User-Agent": "azsdk-net-ResourceManager.NetApp/1.0.0-alpha.20220914.1 (.NET 6.0.8; Microsoft Windows 10.0.19044)",
        "x-ms-client-request-id": "1f400cf55a48e4880407439a35cc192c",
        "x-ms-return-client-request-id": "true"
      },
      "RequestBody": {
        "tags": {
          "key1": "value1",
          "key2": "value2"
        },
        "location": "westus2",
        "properties": {
          "creationToken": "volumeName-2983",
          "usageThreshold": 107374182400,
          "subnetId": "/subscriptions/69a75bda-882e-44d5-8431-63421204132a/resourceGroups/testNetAppDotNetSDKRG-2155/providers/Microsoft.Network/virtualNetworks/vnet-435/subnets/default"
        }
      },
      "StatusCode": 201,
      "ResponseHeaders": {
        "Azure-AsyncOperation": "https://management.azure.com/subscriptions/69a75bda-882e-44d5-8431-63421204132a/providers/Microsoft.NetApp/locations/westus2/operationResults/4abb18ce-d7ea-4cf9-891c-fc12dfb0b056?api-version=2022-05-01",
        "Cache-Control": "no-cache",
        "Content-Length": "1095",
        "Content-Type": "application/json; charset=utf-8",
        "Date": "Wed, 14 Sep 2022 23:54:26 GMT",
        "ETag": "W/\u0022datetime\u00272022-09-14T23%3A54%3A26.4634173Z\u0027\u0022",
        "Expires": "-1",
        "Pragma": "no-cache",
        "Server": "Microsoft-IIS/10.0",
        "Strict-Transport-Security": "max-age=31536000; includeSubDomains",
        "X-Content-Type-Options": "nosniff",
        "x-ms-correlation-request-id": "6c336fc5-864c-46e9-913a-2297b1d837fb",
        "x-ms-ratelimit-remaining-subscription-writes": "1195",
        "x-ms-request-id": "4ede1e6b-0fb0-4d7c-b54d-388a3be89c79",
        "x-ms-routing-request-id": "FRANCESOUTH:20220914T235427Z:6c336fc5-864c-46e9-913a-2297b1d837fb",
        "X-Powered-By": "ASP.NET"
      },
      "ResponseBody": {
        "id": "/subscriptions/69a75bda-882e-44d5-8431-63421204132a/resourceGroups/testNetAppDotNetSDKRG-2155/providers/Microsoft.NetApp/netAppAccounts/account2578/capacityPools/pool1/volumes/volumeName-2983",
        "name": "account2578/pool1/volumeName-2983",
        "type": "Microsoft.NetApp/netAppAccounts/capacityPools/volumes",
        "etag": "W/\u0022datetime\u00272022-09-14T23%3A54%3A26.4634173Z\u0027\u0022",
        "location": "westus2",
        "tags": {
          "key1": "value1",
          "key2": "value2",
          "CreatedOnDate": "2022-09-14T23:54:25.0496157Z"
        },
        "properties": {
          "serviceLevel": "Premium",
          "creationToken": "volumeName-2983",
          "usageThreshold": 107374182400,
          "subnetId": "/subscriptions/69a75bda-882e-44d5-8431-63421204132a/resourceGroups/testNetAppDotNetSDKRG-2155/providers/Microsoft.Network/virtualNetworks/vnet-435/subnets/default",
          "maximumNumberOfFiles": 100000000,
          "provisioningState": "Creating"
        },
        "systemData": {
          "createdBy": "c6c4faba-2b22-44d9-80a4-71ff5b71f811",
          "createdByType": "Application",
          "createdAt": "2022-09-14T23:54:26.1523771Z",
          "lastModifiedBy": "c6c4faba-2b22-44d9-80a4-71ff5b71f811",
          "lastModifiedByType": "Application",
          "lastModifiedAt": "2022-09-14T23:54:26.1523771Z"
        }
      }
    },
    {
      "RequestUri": "https://management.azure.com/subscriptions/69a75bda-882e-44d5-8431-63421204132a/providers/Microsoft.NetApp/locations/westus2/operationResults/4abb18ce-d7ea-4cf9-891c-fc12dfb0b056?api-version=2022-05-01",
      "RequestMethod": "GET",
      "RequestHeaders": {
        "Authorization": "Sanitized",
        "traceparent": "00-8d8915df085248790325cf49524a17b6-731ee984cbedb8dd-00",
        "User-Agent": "azsdk-net-ResourceManager/1.3.1 (.NET 6.0.8; Microsoft Windows 10.0.19044)",
        "x-ms-client-request-id": "19de390ba59528974bcb5aaeac8438a4",
        "x-ms-return-client-request-id": "true"
      },
      "RequestBody": null,
      "StatusCode": 200,
      "ResponseHeaders": {
        "Cache-Control": "no-cache",
        "Content-Length": "547",
        "Content-Type": "application/json; charset=utf-8",
        "Date": "Wed, 14 Sep 2022 23:54:26 GMT",
        "Expires": "-1",
        "Pragma": "no-cache",
        "Server": "Microsoft-IIS/10.0",
        "Strict-Transport-Security": "max-age=31536000; includeSubDomains",
        "X-Content-Type-Options": "nosniff",
        "x-ms-correlation-request-id": "b3ee233a-dfae-48a9-8552-87268091001f",
        "x-ms-ratelimit-remaining-subscription-reads": "11989",
        "x-ms-request-id": "1603e950-15eb-4545-8c10-cda0c4ee00e4",
        "x-ms-routing-request-id": "FRANCESOUTH:20220914T235427Z:b3ee233a-dfae-48a9-8552-87268091001f",
        "X-Powered-By": "ASP.NET"
      },
      "ResponseBody": {
        "id": "/subscriptions/69a75bda-882e-44d5-8431-63421204132a/providers/Microsoft.NetApp/locations/westus2/operationResults/4abb18ce-d7ea-4cf9-891c-fc12dfb0b056",
        "name": "4abb18ce-d7ea-4cf9-891c-fc12dfb0b056",
        "status": "Creating",
        "startTime": "2022-09-14T23:54:26.4637832Z",
        "endTime": "0001-01-01T00:00:00Z",
        "percentComplete": 0.0,
        "properties": {
          "resourceName": "/subscriptions/69a75bda-882e-44d5-8431-63421204132a/resourceGroups/testNetAppDotNetSDKRG-2155/providers/Microsoft.NetApp/netAppAccounts/account2578/capacityPools/pool1/volumes/volumeName-2983"
        }
      }
    },
    {
      "RequestUri": "https://management.azure.com/subscriptions/69a75bda-882e-44d5-8431-63421204132a/providers/Microsoft.NetApp/locations/westus2/operationResults/4abb18ce-d7ea-4cf9-891c-fc12dfb0b056?api-version=2022-05-01",
      "RequestMethod": "GET",
      "RequestHeaders": {
        "Authorization": "Sanitized",
        "traceparent": "00-8d8915df085248790325cf49524a17b6-19a7c1fbc02e628c-00",
        "User-Agent": "azsdk-net-ResourceManager/1.3.1 (.NET 6.0.8; Microsoft Windows 10.0.19044)",
        "x-ms-client-request-id": "e88cd48af6c35abe02c233113f383670",
        "x-ms-return-client-request-id": "true"
      },
      "RequestBody": null,
      "StatusCode": 200,
      "ResponseHeaders": {
        "Cache-Control": "no-cache",
        "Content-Length": "547",
        "Content-Type": "application/json; charset=utf-8",
        "Date": "Wed, 14 Sep 2022 23:54:28 GMT",
        "Expires": "-1",
        "Pragma": "no-cache",
        "Server": "Microsoft-IIS/10.0",
        "Strict-Transport-Security": "max-age=31536000; includeSubDomains",
        "X-Content-Type-Options": "nosniff",
        "x-ms-correlation-request-id": "c26c8cf5-2d85-4131-9b60-82a9572bd6af",
        "x-ms-ratelimit-remaining-subscription-reads": "11988",
        "x-ms-request-id": "10bd3028-537e-4088-943e-54eb3e7202a1",
        "x-ms-routing-request-id": "FRANCESOUTH:20220914T235429Z:c26c8cf5-2d85-4131-9b60-82a9572bd6af",
        "X-Powered-By": "ASP.NET"
      },
      "ResponseBody": {
        "id": "/subscriptions/69a75bda-882e-44d5-8431-63421204132a/providers/Microsoft.NetApp/locations/westus2/operationResults/4abb18ce-d7ea-4cf9-891c-fc12dfb0b056",
        "name": "4abb18ce-d7ea-4cf9-891c-fc12dfb0b056",
        "status": "Creating",
        "startTime": "2022-09-14T23:54:26.4637832Z",
        "endTime": "0001-01-01T00:00:00Z",
        "percentComplete": 0.0,
        "properties": {
          "resourceName": "/subscriptions/69a75bda-882e-44d5-8431-63421204132a/resourceGroups/testNetAppDotNetSDKRG-2155/providers/Microsoft.NetApp/netAppAccounts/account2578/capacityPools/pool1/volumes/volumeName-2983"
        }
      }
    },
    {
      "RequestUri": "https://management.azure.com/subscriptions/69a75bda-882e-44d5-8431-63421204132a/providers/Microsoft.NetApp/locations/westus2/operationResults/4abb18ce-d7ea-4cf9-891c-fc12dfb0b056?api-version=2022-05-01",
      "RequestMethod": "GET",
      "RequestHeaders": {
        "Authorization": "Sanitized",
        "traceparent": "00-8d8915df085248790325cf49524a17b6-59c225c92225ad8d-00",
        "User-Agent": "azsdk-net-ResourceManager/1.3.1 (.NET 6.0.8; Microsoft Windows 10.0.19044)",
        "x-ms-client-request-id": "fb8e46a6ffedf296dc439108405bd067",
        "x-ms-return-client-request-id": "true"
      },
      "RequestBody": null,
      "StatusCode": 200,
      "ResponseHeaders": {
        "Cache-Control": "no-cache",
        "Content-Length": "547",
        "Content-Type": "application/json; charset=utf-8",
        "Date": "Wed, 14 Sep 2022 23:54:30 GMT",
        "Expires": "-1",
        "Pragma": "no-cache",
        "Server": "Microsoft-IIS/10.0",
        "Strict-Transport-Security": "max-age=31536000; includeSubDomains",
        "X-Content-Type-Options": "nosniff",
        "x-ms-correlation-request-id": "ae3c1386-c01e-41ce-8c69-abb44a38b94e",
        "x-ms-ratelimit-remaining-subscription-reads": "11987",
        "x-ms-request-id": "702f039b-3ea5-4cd7-abb7-f1e57054e527",
        "x-ms-routing-request-id": "FRANCESOUTH:20220914T235430Z:ae3c1386-c01e-41ce-8c69-abb44a38b94e",
        "X-Powered-By": "ASP.NET"
      },
      "ResponseBody": {
        "id": "/subscriptions/69a75bda-882e-44d5-8431-63421204132a/providers/Microsoft.NetApp/locations/westus2/operationResults/4abb18ce-d7ea-4cf9-891c-fc12dfb0b056",
        "name": "4abb18ce-d7ea-4cf9-891c-fc12dfb0b056",
        "status": "Creating",
        "startTime": "2022-09-14T23:54:26.4637832Z",
        "endTime": "0001-01-01T00:00:00Z",
        "percentComplete": 0.0,
        "properties": {
          "resourceName": "/subscriptions/69a75bda-882e-44d5-8431-63421204132a/resourceGroups/testNetAppDotNetSDKRG-2155/providers/Microsoft.NetApp/netAppAccounts/account2578/capacityPools/pool1/volumes/volumeName-2983"
        }
      }
    },
    {
      "RequestUri": "https://management.azure.com/subscriptions/69a75bda-882e-44d5-8431-63421204132a/providers/Microsoft.NetApp/locations/westus2/operationResults/4abb18ce-d7ea-4cf9-891c-fc12dfb0b056?api-version=2022-05-01",
      "RequestMethod": "GET",
      "RequestHeaders": {
        "Authorization": "Sanitized",
        "traceparent": "00-8d8915df085248790325cf49524a17b6-d71b31cc05487fb0-00",
        "User-Agent": "azsdk-net-ResourceManager/1.3.1 (.NET 6.0.8; Microsoft Windows 10.0.19044)",
        "x-ms-client-request-id": "d9c576fe780715397a8417d27185e913",
        "x-ms-return-client-request-id": "true"
      },
      "RequestBody": null,
      "StatusCode": 200,
      "ResponseHeaders": {
        "Cache-Control": "no-cache",
        "Content-Length": "547",
        "Content-Type": "application/json; charset=utf-8",
        "Date": "Wed, 14 Sep 2022 23:54:31 GMT",
        "Expires": "-1",
        "Pragma": "no-cache",
        "Server": "Microsoft-IIS/10.0",
        "Strict-Transport-Security": "max-age=31536000; includeSubDomains",
        "X-Content-Type-Options": "nosniff",
        "x-ms-correlation-request-id": "9c319774-caf4-4ea8-b649-200ae4ae2b24",
        "x-ms-ratelimit-remaining-subscription-reads": "11986",
        "x-ms-request-id": "75312042-d39f-4c75-bd73-95f3953c886f",
        "x-ms-routing-request-id": "FRANCESOUTH:20220914T235431Z:9c319774-caf4-4ea8-b649-200ae4ae2b24",
        "X-Powered-By": "ASP.NET"
      },
      "ResponseBody": {
        "id": "/subscriptions/69a75bda-882e-44d5-8431-63421204132a/providers/Microsoft.NetApp/locations/westus2/operationResults/4abb18ce-d7ea-4cf9-891c-fc12dfb0b056",
        "name": "4abb18ce-d7ea-4cf9-891c-fc12dfb0b056",
        "status": "Creating",
        "startTime": "2022-09-14T23:54:26.4637832Z",
        "endTime": "0001-01-01T00:00:00Z",
        "percentComplete": 0.0,
        "properties": {
          "resourceName": "/subscriptions/69a75bda-882e-44d5-8431-63421204132a/resourceGroups/testNetAppDotNetSDKRG-2155/providers/Microsoft.NetApp/netAppAccounts/account2578/capacityPools/pool1/volumes/volumeName-2983"
        }
      }
    },
    {
      "RequestUri": "https://management.azure.com/subscriptions/69a75bda-882e-44d5-8431-63421204132a/providers/Microsoft.NetApp/locations/westus2/operationResults/4abb18ce-d7ea-4cf9-891c-fc12dfb0b056?api-version=2022-05-01",
      "RequestMethod": "GET",
      "RequestHeaders": {
        "Authorization": "Sanitized",
        "traceparent": "00-8d8915df085248790325cf49524a17b6-e2af4538528d97a6-00",
        "User-Agent": "azsdk-net-ResourceManager/1.3.1 (.NET 6.0.8; Microsoft Windows 10.0.19044)",
        "x-ms-client-request-id": "6608e9953cf58ab63e990c7f65b619a6",
        "x-ms-return-client-request-id": "true"
      },
      "RequestBody": null,
      "StatusCode": 200,
      "ResponseHeaders": {
        "Cache-Control": "no-cache",
        "Content-Length": "547",
        "Content-Type": "application/json; charset=utf-8",
        "Date": "Wed, 14 Sep 2022 23:54:33 GMT",
        "Expires": "-1",
        "Pragma": "no-cache",
        "Server": "Microsoft-IIS/10.0",
        "Strict-Transport-Security": "max-age=31536000; includeSubDomains",
        "X-Content-Type-Options": "nosniff",
        "x-ms-correlation-request-id": "ed23a12e-4a82-43dc-a28f-a4785a74ac20",
        "x-ms-ratelimit-remaining-subscription-reads": "11985",
        "x-ms-request-id": "fc6b828c-880d-429b-aa65-bc1490f14a99",
        "x-ms-routing-request-id": "FRANCESOUTH:20220914T235433Z:ed23a12e-4a82-43dc-a28f-a4785a74ac20",
        "X-Powered-By": "ASP.NET"
      },
      "ResponseBody": {
        "id": "/subscriptions/69a75bda-882e-44d5-8431-63421204132a/providers/Microsoft.NetApp/locations/westus2/operationResults/4abb18ce-d7ea-4cf9-891c-fc12dfb0b056",
        "name": "4abb18ce-d7ea-4cf9-891c-fc12dfb0b056",
        "status": "Creating",
        "startTime": "2022-09-14T23:54:26.4637832Z",
        "endTime": "0001-01-01T00:00:00Z",
        "percentComplete": 0.0,
        "properties": {
          "resourceName": "/subscriptions/69a75bda-882e-44d5-8431-63421204132a/resourceGroups/testNetAppDotNetSDKRG-2155/providers/Microsoft.NetApp/netAppAccounts/account2578/capacityPools/pool1/volumes/volumeName-2983"
        }
      }
    },
    {
      "RequestUri": "https://management.azure.com/subscriptions/69a75bda-882e-44d5-8431-63421204132a/providers/Microsoft.NetApp/locations/westus2/operationResults/4abb18ce-d7ea-4cf9-891c-fc12dfb0b056?api-version=2022-05-01",
      "RequestMethod": "GET",
      "RequestHeaders": {
        "Authorization": "Sanitized",
        "traceparent": "00-8d8915df085248790325cf49524a17b6-bc006651b361c95c-00",
        "User-Agent": "azsdk-net-ResourceManager/1.3.1 (.NET 6.0.8; Microsoft Windows 10.0.19044)",
        "x-ms-client-request-id": "c912cbf25c722e690d798169e8c38156",
        "x-ms-return-client-request-id": "true"
      },
      "RequestBody": null,
      "StatusCode": 200,
      "ResponseHeaders": {
        "Cache-Control": "no-cache",
        "Content-Length": "547",
        "Content-Type": "application/json; charset=utf-8",
        "Date": "Wed, 14 Sep 2022 23:54:37 GMT",
        "Expires": "-1",
        "Pragma": "no-cache",
        "Server": "Microsoft-IIS/10.0",
        "Strict-Transport-Security": "max-age=31536000; includeSubDomains",
        "X-Content-Type-Options": "nosniff",
        "x-ms-correlation-request-id": "9af1734e-8e2b-4d91-95bb-68ce23152755",
        "x-ms-ratelimit-remaining-subscription-reads": "11984",
        "x-ms-request-id": "9d618af5-bf92-4440-a5f1-c8759b76e7bd",
        "x-ms-routing-request-id": "FRANCESOUTH:20220914T235438Z:9af1734e-8e2b-4d91-95bb-68ce23152755",
        "X-Powered-By": "ASP.NET"
      },
      "ResponseBody": {
        "id": "/subscriptions/69a75bda-882e-44d5-8431-63421204132a/providers/Microsoft.NetApp/locations/westus2/operationResults/4abb18ce-d7ea-4cf9-891c-fc12dfb0b056",
        "name": "4abb18ce-d7ea-4cf9-891c-fc12dfb0b056",
        "status": "Creating",
        "startTime": "2022-09-14T23:54:26.4637832Z",
        "endTime": "0001-01-01T00:00:00Z",
        "percentComplete": 0.0,
        "properties": {
          "resourceName": "/subscriptions/69a75bda-882e-44d5-8431-63421204132a/resourceGroups/testNetAppDotNetSDKRG-2155/providers/Microsoft.NetApp/netAppAccounts/account2578/capacityPools/pool1/volumes/volumeName-2983"
        }
      }
    },
    {
      "RequestUri": "https://management.azure.com/subscriptions/69a75bda-882e-44d5-8431-63421204132a/providers/Microsoft.NetApp/locations/westus2/operationResults/4abb18ce-d7ea-4cf9-891c-fc12dfb0b056?api-version=2022-05-01",
      "RequestMethod": "GET",
      "RequestHeaders": {
        "Authorization": "Sanitized",
        "traceparent": "00-8d8915df085248790325cf49524a17b6-fc662d8a8b906fc1-00",
        "User-Agent": "azsdk-net-ResourceManager/1.3.1 (.NET 6.0.8; Microsoft Windows 10.0.19044)",
        "x-ms-client-request-id": "57737d5a6a53c271bf3b9a6e6bb9afc4",
        "x-ms-return-client-request-id": "true"
      },
      "RequestBody": null,
      "StatusCode": 200,
      "ResponseHeaders": {
        "Cache-Control": "no-cache",
        "Content-Length": "547",
        "Content-Type": "application/json; charset=utf-8",
        "Date": "Wed, 14 Sep 2022 23:54:45 GMT",
        "Expires": "-1",
        "Pragma": "no-cache",
        "Server": "Microsoft-IIS/10.0",
        "Strict-Transport-Security": "max-age=31536000; includeSubDomains",
        "X-Content-Type-Options": "nosniff",
        "x-ms-correlation-request-id": "fc032d0a-2107-456f-8dfe-b782bef4d9d7",
        "x-ms-ratelimit-remaining-subscription-reads": "11983",
        "x-ms-request-id": "7f942856-02b1-4bf6-ab67-79d252226b31",
        "x-ms-routing-request-id": "FRANCESOUTH:20220914T235446Z:fc032d0a-2107-456f-8dfe-b782bef4d9d7",
        "X-Powered-By": "ASP.NET"
      },
      "ResponseBody": {
        "id": "/subscriptions/69a75bda-882e-44d5-8431-63421204132a/providers/Microsoft.NetApp/locations/westus2/operationResults/4abb18ce-d7ea-4cf9-891c-fc12dfb0b056",
        "name": "4abb18ce-d7ea-4cf9-891c-fc12dfb0b056",
        "status": "Creating",
        "startTime": "2022-09-14T23:54:26.4637832Z",
        "endTime": "0001-01-01T00:00:00Z",
        "percentComplete": 0.0,
        "properties": {
          "resourceName": "/subscriptions/69a75bda-882e-44d5-8431-63421204132a/resourceGroups/testNetAppDotNetSDKRG-2155/providers/Microsoft.NetApp/netAppAccounts/account2578/capacityPools/pool1/volumes/volumeName-2983"
        }
      }
    },
    {
      "RequestUri": "https://management.azure.com/subscriptions/69a75bda-882e-44d5-8431-63421204132a/providers/Microsoft.NetApp/locations/westus2/operationResults/4abb18ce-d7ea-4cf9-891c-fc12dfb0b056?api-version=2022-05-01",
      "RequestMethod": "GET",
      "RequestHeaders": {
        "Authorization": "Sanitized",
        "traceparent": "00-8d8915df085248790325cf49524a17b6-a8a80ff6d5243fc4-00",
        "User-Agent": "azsdk-net-ResourceManager/1.3.1 (.NET 6.0.8; Microsoft Windows 10.0.19044)",
        "x-ms-client-request-id": "a5e0706b1f7238a080d9587cba4da17b",
        "x-ms-return-client-request-id": "true"
      },
      "RequestBody": null,
      "StatusCode": 200,
      "ResponseHeaders": {
        "Cache-Control": "no-cache",
        "Content-Length": "547",
        "Content-Type": "application/json; charset=utf-8",
        "Date": "Wed, 14 Sep 2022 23:55:02 GMT",
        "Expires": "-1",
        "Pragma": "no-cache",
        "Server": "Microsoft-IIS/10.0",
        "Strict-Transport-Security": "max-age=31536000; includeSubDomains",
        "X-Content-Type-Options": "nosniff",
        "x-ms-correlation-request-id": "37a80742-f16b-42cd-b499-38cb3a817d64",
        "x-ms-ratelimit-remaining-subscription-reads": "11982",
        "x-ms-request-id": "d4811707-5d8c-4f04-b981-c650898ea0df",
        "x-ms-routing-request-id": "FRANCESOUTH:20220914T235502Z:37a80742-f16b-42cd-b499-38cb3a817d64",
        "X-Powered-By": "ASP.NET"
      },
      "ResponseBody": {
        "id": "/subscriptions/69a75bda-882e-44d5-8431-63421204132a/providers/Microsoft.NetApp/locations/westus2/operationResults/4abb18ce-d7ea-4cf9-891c-fc12dfb0b056",
        "name": "4abb18ce-d7ea-4cf9-891c-fc12dfb0b056",
        "status": "Creating",
        "startTime": "2022-09-14T23:54:26.4637832Z",
        "endTime": "0001-01-01T00:00:00Z",
        "percentComplete": 0.0,
        "properties": {
          "resourceName": "/subscriptions/69a75bda-882e-44d5-8431-63421204132a/resourceGroups/testNetAppDotNetSDKRG-2155/providers/Microsoft.NetApp/netAppAccounts/account2578/capacityPools/pool1/volumes/volumeName-2983"
        }
      }
    },
    {
      "RequestUri": "https://management.azure.com/subscriptions/69a75bda-882e-44d5-8431-63421204132a/providers/Microsoft.NetApp/locations/westus2/operationResults/4abb18ce-d7ea-4cf9-891c-fc12dfb0b056?api-version=2022-05-01",
      "RequestMethod": "GET",
      "RequestHeaders": {
        "Authorization": "Sanitized",
        "traceparent": "00-8d8915df085248790325cf49524a17b6-1e3315c6c8023800-00",
        "User-Agent": "azsdk-net-ResourceManager/1.3.1 (.NET 6.0.8; Microsoft Windows 10.0.19044)",
        "x-ms-client-request-id": "e725b618c14287535a500937c2fac253",
        "x-ms-return-client-request-id": "true"
      },
      "RequestBody": null,
      "StatusCode": 200,
      "ResponseHeaders": {
        "Cache-Control": "no-cache",
        "Content-Length": "547",
        "Content-Type": "application/json; charset=utf-8",
        "Date": "Wed, 14 Sep 2022 23:55:34 GMT",
        "Expires": "-1",
        "Pragma": "no-cache",
        "Server": "Microsoft-IIS/10.0",
        "Strict-Transport-Security": "max-age=31536000; includeSubDomains",
        "X-Content-Type-Options": "nosniff",
        "x-ms-correlation-request-id": "7f717038-22d2-4baa-b306-1cea56d14c36",
        "x-ms-ratelimit-remaining-subscription-reads": "11981",
        "x-ms-request-id": "1622b419-617a-41cb-901a-364cbaa42717",
        "x-ms-routing-request-id": "FRANCESOUTH:20220914T235534Z:7f717038-22d2-4baa-b306-1cea56d14c36",
        "X-Powered-By": "ASP.NET"
      },
      "ResponseBody": {
        "id": "/subscriptions/69a75bda-882e-44d5-8431-63421204132a/providers/Microsoft.NetApp/locations/westus2/operationResults/4abb18ce-d7ea-4cf9-891c-fc12dfb0b056",
        "name": "4abb18ce-d7ea-4cf9-891c-fc12dfb0b056",
        "status": "Creating",
        "startTime": "2022-09-14T23:54:26.4637832Z",
        "endTime": "0001-01-01T00:00:00Z",
        "percentComplete": 0.0,
        "properties": {
          "resourceName": "/subscriptions/69a75bda-882e-44d5-8431-63421204132a/resourceGroups/testNetAppDotNetSDKRG-2155/providers/Microsoft.NetApp/netAppAccounts/account2578/capacityPools/pool1/volumes/volumeName-2983"
        }
      }
    },
    {
      "RequestUri": "https://management.azure.com/subscriptions/69a75bda-882e-44d5-8431-63421204132a/providers/Microsoft.NetApp/locations/westus2/operationResults/4abb18ce-d7ea-4cf9-891c-fc12dfb0b056?api-version=2022-05-01",
      "RequestMethod": "GET",
      "RequestHeaders": {
        "Authorization": "Sanitized",
        "traceparent": "00-8d8915df085248790325cf49524a17b6-f4b1eba64b0c4268-00",
        "User-Agent": "azsdk-net-ResourceManager/1.3.1 (.NET 6.0.8; Microsoft Windows 10.0.19044)",
        "x-ms-client-request-id": "77fdbdc9dbe23ae3dd3ad77912f50772",
        "x-ms-return-client-request-id": "true"
      },
      "RequestBody": null,
      "StatusCode": 200,
      "ResponseHeaders": {
        "Cache-Control": "no-cache",
        "Content-Length": "547",
        "Content-Type": "application/json; charset=utf-8",
        "Date": "Wed, 14 Sep 2022 23:56:06 GMT",
        "Expires": "-1",
        "Pragma": "no-cache",
        "Server": "Microsoft-IIS/10.0",
        "Strict-Transport-Security": "max-age=31536000; includeSubDomains",
        "X-Content-Type-Options": "nosniff",
        "x-ms-correlation-request-id": "3eac4d6a-8ca7-4323-806a-5acdb92a017c",
        "x-ms-ratelimit-remaining-subscription-reads": "11980",
        "x-ms-request-id": "d7bab7a7-baa1-486e-a39b-b643993a58f8",
        "x-ms-routing-request-id": "FRANCESOUTH:20220914T235607Z:3eac4d6a-8ca7-4323-806a-5acdb92a017c",
        "X-Powered-By": "ASP.NET"
      },
      "ResponseBody": {
        "id": "/subscriptions/69a75bda-882e-44d5-8431-63421204132a/providers/Microsoft.NetApp/locations/westus2/operationResults/4abb18ce-d7ea-4cf9-891c-fc12dfb0b056",
        "name": "4abb18ce-d7ea-4cf9-891c-fc12dfb0b056",
        "status": "Creating",
        "startTime": "2022-09-14T23:54:26.4637832Z",
        "endTime": "0001-01-01T00:00:00Z",
        "percentComplete": 0.0,
        "properties": {
          "resourceName": "/subscriptions/69a75bda-882e-44d5-8431-63421204132a/resourceGroups/testNetAppDotNetSDKRG-2155/providers/Microsoft.NetApp/netAppAccounts/account2578/capacityPools/pool1/volumes/volumeName-2983"
        }
      }
    },
    {
      "RequestUri": "https://management.azure.com/subscriptions/69a75bda-882e-44d5-8431-63421204132a/providers/Microsoft.NetApp/locations/westus2/operationResults/4abb18ce-d7ea-4cf9-891c-fc12dfb0b056?api-version=2022-05-01",
      "RequestMethod": "GET",
      "RequestHeaders": {
        "Authorization": "Sanitized",
        "traceparent": "00-8d8915df085248790325cf49524a17b6-c8757c010748d397-00",
        "User-Agent": "azsdk-net-ResourceManager/1.3.1 (.NET 6.0.8; Microsoft Windows 10.0.19044)",
        "x-ms-client-request-id": "b5551f99c894aa811c594b2115697685",
        "x-ms-return-client-request-id": "true"
      },
      "RequestBody": null,
      "StatusCode": 200,
      "ResponseHeaders": {
        "Cache-Control": "no-cache",
        "Content-Length": "547",
        "Content-Type": "application/json; charset=utf-8",
        "Date": "Wed, 14 Sep 2022 23:56:39 GMT",
        "Expires": "-1",
        "Pragma": "no-cache",
        "Server": "Microsoft-IIS/10.0",
        "Strict-Transport-Security": "max-age=31536000; includeSubDomains",
        "X-Content-Type-Options": "nosniff",
        "x-ms-correlation-request-id": "c26a43f5-fca0-43f0-a83c-6bd6cce32d87",
        "x-ms-ratelimit-remaining-subscription-reads": "11979",
        "x-ms-request-id": "87e7f1ee-2674-4ebc-9172-68e3bd95294f",
        "x-ms-routing-request-id": "FRANCESOUTH:20220914T235639Z:c26a43f5-fca0-43f0-a83c-6bd6cce32d87",
        "X-Powered-By": "ASP.NET"
      },
      "ResponseBody": {
        "id": "/subscriptions/69a75bda-882e-44d5-8431-63421204132a/providers/Microsoft.NetApp/locations/westus2/operationResults/4abb18ce-d7ea-4cf9-891c-fc12dfb0b056",
        "name": "4abb18ce-d7ea-4cf9-891c-fc12dfb0b056",
        "status": "Creating",
        "startTime": "2022-09-14T23:54:26.4637832Z",
        "endTime": "0001-01-01T00:00:00Z",
        "percentComplete": 0.0,
        "properties": {
          "resourceName": "/subscriptions/69a75bda-882e-44d5-8431-63421204132a/resourceGroups/testNetAppDotNetSDKRG-2155/providers/Microsoft.NetApp/netAppAccounts/account2578/capacityPools/pool1/volumes/volumeName-2983"
        }
      }
    },
    {
      "RequestUri": "https://management.azure.com/subscriptions/69a75bda-882e-44d5-8431-63421204132a/providers/Microsoft.NetApp/locations/westus2/operationResults/4abb18ce-d7ea-4cf9-891c-fc12dfb0b056?api-version=2022-05-01",
      "RequestMethod": "GET",
      "RequestHeaders": {
        "Authorization": "Sanitized",
        "traceparent": "00-8d8915df085248790325cf49524a17b6-164941d82f9b18f7-00",
        "User-Agent": "azsdk-net-ResourceManager/1.3.1 (.NET 6.0.8; Microsoft Windows 10.0.19044)",
        "x-ms-client-request-id": "fdb204162a4f3d98d2ea0908e9da7564",
        "x-ms-return-client-request-id": "true"
      },
      "RequestBody": null,
      "StatusCode": 200,
      "ResponseHeaders": {
        "Cache-Control": "no-cache",
        "Content-Length": "547",
        "Content-Type": "application/json; charset=utf-8",
        "Date": "Wed, 14 Sep 2022 23:57:10 GMT",
        "Expires": "-1",
        "Pragma": "no-cache",
        "Server": "Microsoft-IIS/10.0",
        "Strict-Transport-Security": "max-age=31536000; includeSubDomains",
        "X-Content-Type-Options": "nosniff",
        "x-ms-correlation-request-id": "632be18b-1f52-4546-953a-17aa075d34eb",
        "x-ms-ratelimit-remaining-subscription-reads": "11978",
        "x-ms-request-id": "6c847b1a-f026-42b3-bf14-6d0b4dfb0d26",
        "x-ms-routing-request-id": "FRANCESOUTH:20220914T235711Z:632be18b-1f52-4546-953a-17aa075d34eb",
        "X-Powered-By": "ASP.NET"
      },
      "ResponseBody": {
        "id": "/subscriptions/69a75bda-882e-44d5-8431-63421204132a/providers/Microsoft.NetApp/locations/westus2/operationResults/4abb18ce-d7ea-4cf9-891c-fc12dfb0b056",
        "name": "4abb18ce-d7ea-4cf9-891c-fc12dfb0b056",
        "status": "Creating",
        "startTime": "2022-09-14T23:54:26.4637832Z",
        "endTime": "0001-01-01T00:00:00Z",
        "percentComplete": 0.0,
        "properties": {
          "resourceName": "/subscriptions/69a75bda-882e-44d5-8431-63421204132a/resourceGroups/testNetAppDotNetSDKRG-2155/providers/Microsoft.NetApp/netAppAccounts/account2578/capacityPools/pool1/volumes/volumeName-2983"
        }
      }
    },
    {
      "RequestUri": "https://management.azure.com/subscriptions/69a75bda-882e-44d5-8431-63421204132a/providers/Microsoft.NetApp/locations/westus2/operationResults/4abb18ce-d7ea-4cf9-891c-fc12dfb0b056?api-version=2022-05-01",
      "RequestMethod": "GET",
      "RequestHeaders": {
        "Authorization": "Sanitized",
        "traceparent": "00-8d8915df085248790325cf49524a17b6-c576d733f23ccc37-00",
        "User-Agent": "azsdk-net-ResourceManager/1.3.1 (.NET 6.0.8; Microsoft Windows 10.0.19044)",
        "x-ms-client-request-id": "a39d97490da501bf3b535a8990c12474",
        "x-ms-return-client-request-id": "true"
      },
      "RequestBody": null,
      "StatusCode": 200,
      "ResponseHeaders": {
        "Cache-Control": "no-cache",
        "Content-Length": "547",
        "Content-Type": "application/json; charset=utf-8",
        "Date": "Wed, 14 Sep 2022 23:57:43 GMT",
        "Expires": "-1",
        "Pragma": "no-cache",
        "Server": "Microsoft-IIS/10.0",
        "Strict-Transport-Security": "max-age=31536000; includeSubDomains",
        "X-Content-Type-Options": "nosniff",
        "x-ms-correlation-request-id": "a9ba164a-3907-4573-8b22-d92b90e9a905",
        "x-ms-ratelimit-remaining-subscription-reads": "11977",
        "x-ms-request-id": "faba18f3-9638-481a-af91-74d1fbe7a8c9",
        "x-ms-routing-request-id": "FRANCESOUTH:20220914T235743Z:a9ba164a-3907-4573-8b22-d92b90e9a905",
        "X-Powered-By": "ASP.NET"
      },
      "ResponseBody": {
        "id": "/subscriptions/69a75bda-882e-44d5-8431-63421204132a/providers/Microsoft.NetApp/locations/westus2/operationResults/4abb18ce-d7ea-4cf9-891c-fc12dfb0b056",
        "name": "4abb18ce-d7ea-4cf9-891c-fc12dfb0b056",
        "status": "Creating",
        "startTime": "2022-09-14T23:54:26.4637832Z",
        "endTime": "0001-01-01T00:00:00Z",
        "percentComplete": 0.0,
        "properties": {
          "resourceName": "/subscriptions/69a75bda-882e-44d5-8431-63421204132a/resourceGroups/testNetAppDotNetSDKRG-2155/providers/Microsoft.NetApp/netAppAccounts/account2578/capacityPools/pool1/volumes/volumeName-2983"
        }
      }
    },
    {
      "RequestUri": "https://management.azure.com/subscriptions/69a75bda-882e-44d5-8431-63421204132a/providers/Microsoft.NetApp/locations/westus2/operationResults/4abb18ce-d7ea-4cf9-891c-fc12dfb0b056?api-version=2022-05-01",
      "RequestMethod": "GET",
      "RequestHeaders": {
        "Authorization": "Sanitized",
        "traceparent": "00-8d8915df085248790325cf49524a17b6-e225a0bb93b7453d-00",
        "User-Agent": "azsdk-net-ResourceManager/1.3.1 (.NET 6.0.8; Microsoft Windows 10.0.19044)",
        "x-ms-client-request-id": "0d6252c409426f228618e2aabe79c042",
        "x-ms-return-client-request-id": "true"
      },
      "RequestBody": null,
      "StatusCode": 200,
      "ResponseHeaders": {
        "Cache-Control": "no-cache",
        "Content-Length": "547",
        "Content-Type": "application/json; charset=utf-8",
        "Date": "Wed, 14 Sep 2022 23:58:15 GMT",
        "Expires": "-1",
        "Pragma": "no-cache",
        "Server": "Microsoft-IIS/10.0",
        "Strict-Transport-Security": "max-age=31536000; includeSubDomains",
        "X-Content-Type-Options": "nosniff",
        "x-ms-correlation-request-id": "392d2021-2925-4a9b-a8c9-4b2de7fea763",
        "x-ms-ratelimit-remaining-subscription-reads": "11976",
        "x-ms-request-id": "e9c262c6-4156-49e9-90d9-4edf2a58b7c2",
        "x-ms-routing-request-id": "FRANCESOUTH:20220914T235816Z:392d2021-2925-4a9b-a8c9-4b2de7fea763",
        "X-Powered-By": "ASP.NET"
      },
      "ResponseBody": {
        "id": "/subscriptions/69a75bda-882e-44d5-8431-63421204132a/providers/Microsoft.NetApp/locations/westus2/operationResults/4abb18ce-d7ea-4cf9-891c-fc12dfb0b056",
        "name": "4abb18ce-d7ea-4cf9-891c-fc12dfb0b056",
        "status": "Creating",
        "startTime": "2022-09-14T23:54:26.4637832Z",
        "endTime": "0001-01-01T00:00:00Z",
        "percentComplete": 0.0,
        "properties": {
          "resourceName": "/subscriptions/69a75bda-882e-44d5-8431-63421204132a/resourceGroups/testNetAppDotNetSDKRG-2155/providers/Microsoft.NetApp/netAppAccounts/account2578/capacityPools/pool1/volumes/volumeName-2983"
        }
      }
    },
    {
      "RequestUri": "https://management.azure.com/subscriptions/69a75bda-882e-44d5-8431-63421204132a/providers/Microsoft.NetApp/locations/westus2/operationResults/4abb18ce-d7ea-4cf9-891c-fc12dfb0b056?api-version=2022-05-01",
      "RequestMethod": "GET",
      "RequestHeaders": {
        "Authorization": "Sanitized",
        "traceparent": "00-8d8915df085248790325cf49524a17b6-75df5a87c374b9a9-00",
        "User-Agent": "azsdk-net-ResourceManager/1.3.1 (.NET 6.0.8; Microsoft Windows 10.0.19044)",
        "x-ms-client-request-id": "7ed8e6e3d3cb09e045b0c2fccf0fac10",
        "x-ms-return-client-request-id": "true"
      },
      "RequestBody": null,
      "StatusCode": 200,
      "ResponseHeaders": {
        "Cache-Control": "no-cache",
        "Content-Length": "558",
        "Content-Type": "application/json; charset=utf-8",
        "Date": "Wed, 14 Sep 2022 23:58:48 GMT",
        "Expires": "-1",
        "Pragma": "no-cache",
        "Server": "Microsoft-IIS/10.0",
        "Strict-Transport-Security": "max-age=31536000; includeSubDomains",
        "X-Content-Type-Options": "nosniff",
        "x-ms-correlation-request-id": "f80f6907-c411-468c-a7bb-8ddd49889c41",
        "x-ms-ratelimit-remaining-subscription-reads": "11975",
        "x-ms-request-id": "a1bdcdc5-09c2-4846-8485-d3cdabc68609",
        "x-ms-routing-request-id": "FRANCESOUTH:20220914T235848Z:f80f6907-c411-468c-a7bb-8ddd49889c41",
        "X-Powered-By": "ASP.NET"
      },
      "ResponseBody": {
        "id": "/subscriptions/69a75bda-882e-44d5-8431-63421204132a/providers/Microsoft.NetApp/locations/westus2/operationResults/4abb18ce-d7ea-4cf9-891c-fc12dfb0b056",
        "name": "4abb18ce-d7ea-4cf9-891c-fc12dfb0b056",
        "status": "Succeeded",
        "startTime": "2022-09-14T23:54:26.4637832Z",
        "endTime": "2022-09-14T23:58:29.3832278Z",
        "percentComplete": 100.0,
        "properties": {
          "resourceName": "/subscriptions/69a75bda-882e-44d5-8431-63421204132a/resourceGroups/testNetAppDotNetSDKRG-2155/providers/Microsoft.NetApp/netAppAccounts/account2578/capacityPools/pool1/volumes/volumeName-2983"
        }
      }
    },
    {
      "RequestUri": "https://management.azure.com/subscriptions/69a75bda-882e-44d5-8431-63421204132a/resourceGroups/testNetAppDotNetSDKRG-2155/providers/Microsoft.NetApp/netAppAccounts/account2578/capacityPools/pool1/volumes/volumeName-2983?api-version=2022-05-01",
      "RequestMethod": "GET",
      "RequestHeaders": {
        "Authorization": "Sanitized",
        "traceparent": "00-8d8915df085248790325cf49524a17b6-b74fb6c865486f80-00",
        "User-Agent": "azsdk-net-ResourceManager/1.3.1 (.NET 6.0.8; Microsoft Windows 10.0.19044)",
        "x-ms-client-request-id": "974395c567773f21752e1c8c2a1543c2",
        "x-ms-return-client-request-id": "true"
      },
      "RequestBody": null,
      "StatusCode": 200,
      "ResponseHeaders": {
        "Cache-Control": "no-cache",
        "Content-Length": "2398",
        "Content-Type": "application/json; charset=utf-8",
        "Date": "Wed, 14 Sep 2022 23:58:48 GMT",
        "ETag": "W/\u0022datetime\u00272022-09-14T23%3A58%3A29.3720756Z\u0027\u0022",
        "Expires": "-1",
        "Pragma": "no-cache",
        "Server": "Microsoft-IIS/10.0",
        "Strict-Transport-Security": "max-age=31536000; includeSubDomains",
        "X-Content-Type-Options": "nosniff",
        "x-ms-correlation-request-id": "a876c4da-caab-4ff4-8265-36436d162861",
        "x-ms-ratelimit-remaining-subscription-reads": "11974",
        "x-ms-request-id": "80619abf-00f8-4b69-b4ed-ad4fd45fcd5f",
        "x-ms-routing-request-id": "FRANCESOUTH:20220914T235848Z:a876c4da-caab-4ff4-8265-36436d162861",
        "X-Powered-By": "ASP.NET"
      },
      "ResponseBody": {
        "id": "/subscriptions/69a75bda-882e-44d5-8431-63421204132a/resourceGroups/testNetAppDotNetSDKRG-2155/providers/Microsoft.NetApp/netAppAccounts/account2578/capacityPools/pool1/volumes/volumeName-2983",
        "name": "account2578/pool1/volumeName-2983",
        "type": "Microsoft.NetApp/netAppAccounts/capacityPools/volumes",
        "etag": "W/\u0022datetime\u00272022-09-14T23%3A58%3A29.3720756Z\u0027\u0022",
        "location": "westus2",
        "tags": {
          "key1": "value1",
          "key2": "value2",
          "CreatedOnDate": "2022-09-14T23:54:25.0496157Z"
        },
        "properties": {
          "fileSystemId": "9c33ed27-a7f0-8e46-ab3e-2e49d80f4a81",
          "serviceLevel": "Premium",
          "creationToken": "volumeName-2983",
          "usageThreshold": 107374182400,
          "exportPolicy": {
            "rules": [
              {
                "ruleIndex": 1,
                "unixReadOnly": false,
                "unixReadWrite": true,
                "cifs": false,
                "nfsv3": true,
                "nfsv41": false,
                "allowedClients": "0.0.0.0/0",
                "kerberos5ReadOnly": false,
                "kerberos5ReadWrite": false,
                "kerberos5iReadOnly": false,
                "kerberos5iReadWrite": false,
                "kerberos5pReadOnly": false,
                "kerberos5pReadWrite": false,
                "hasRootAccess": true,
                "chownMode": "Restricted"
              }
            ]
          },
          "protocolTypes": [
            "NFSv3"
          ],
          "baremetalTenantId": "baremetalTenant_svm_8f82c7b40509489d9e97d719b9b955b4_010236e1",
          "subnetId": "/subscriptions/69a75bda-882e-44d5-8431-63421204132a/resourceGroups/testNetAppDotNetSDKRG-2155/providers/Microsoft.Network/virtualNetworks/vnet-435/subnets/default",
          "networkFeatures": "Basic",
          "networkSiblingSetId": "9f11ca1d-2e7c-33c8-6d58-f4acb89e8b59",
          "storageToNetworkProximity": "Default",
          "snapshotDirectoryVisible": true,
          "kerberosEnabled": false,
          "securityStyle": "Unix",
          "smbEncryption": false,
          "smbContinuouslyAvailable": false,
          "encryptionKeySource": "Microsoft.NetApp",
          "ldapEnabled": false,
          "unixPermissions": "0770",
          "mountTargets": [
            {
              "mountTargetId": "9c33ed27-a7f0-8e46-ab3e-2e49d80f4a81",
              "fileSystemId": "9c33ed27-a7f0-8e46-ab3e-2e49d80f4a81",
              "ipAddress": "10.0.1.4"
            }
          ],
          "throughputMibps": 6.25,
          "volumeSpecName": "generic",
          "coolAccess": false,
          "avsDataStore": "Disabled",
          "isDefaultQuotaEnabled": false,
          "defaultUserQuotaInKiBs": 0,
          "defaultGroupQuotaInKiBs": 0,
          "enableSubvolumes": "Disabled",
          "maximumNumberOfFiles": 100000000,
          "smbNonBrowsable": "Disabled",
          "smbAccessBasedEnumeration": "Disabled",
          "provisioningState": "Succeeded"
        },
        "systemData": {
          "createdBy": "c6c4faba-2b22-44d9-80a4-71ff5b71f811",
          "createdByType": "Application",
          "createdAt": "2022-09-14T23:54:26.1523771Z",
          "lastModifiedBy": "c6c4faba-2b22-44d9-80a4-71ff5b71f811",
          "lastModifiedByType": "Application",
          "lastModifiedAt": "2022-09-14T23:54:26.1523771Z"
        }
      }
    },
    {
      "RequestUri": "https://management.azure.com/subscriptions/69a75bda-882e-44d5-8431-63421204132a/resourceGroups/testNetAppDotNetSDKRG-2155/providers/Microsoft.NetApp/netAppAccounts/account2578/capacityPools/pool1/volumes/volumeName-2983?api-version=2022-05-01",
      "RequestMethod": "GET",
      "RequestHeaders": {
        "Accept": "application/json",
        "Authorization": "Sanitized",
        "traceparent": "00-0961cc6eab161947bc6c60bb65866b6b-a2c6690b7108c9c0-00",
        "User-Agent": "azsdk-net-ResourceManager.NetApp/1.0.0-alpha.20220914.1 (.NET 6.0.8; Microsoft Windows 10.0.19044)",
        "x-ms-client-request-id": "a9a61893a6e9f0a97259c8924725a077",
        "x-ms-return-client-request-id": "true"
      },
      "RequestBody": null,
      "StatusCode": 200,
      "ResponseHeaders": {
        "Cache-Control": "no-cache",
        "Content-Length": "2398",
        "Content-Type": "application/json; charset=utf-8",
        "Date": "Wed, 14 Sep 2022 23:58:49 GMT",
        "ETag": "W/\u0022datetime\u00272022-09-14T23%3A58%3A29.3720756Z\u0027\u0022",
        "Expires": "-1",
        "Pragma": "no-cache",
        "Server": "Microsoft-IIS/10.0",
        "Strict-Transport-Security": "max-age=31536000; includeSubDomains",
        "X-Content-Type-Options": "nosniff",
        "x-ms-correlation-request-id": "d3bed427-5aad-4764-a8a5-2d3c4fbece1e",
        "x-ms-ratelimit-remaining-subscription-reads": "11973",
        "x-ms-request-id": "61928590-8b49-4767-bae1-56d474255b7d",
        "x-ms-routing-request-id": "FRANCESOUTH:20220914T235849Z:d3bed427-5aad-4764-a8a5-2d3c4fbece1e",
        "X-Powered-By": "ASP.NET"
      },
      "ResponseBody": {
        "id": "/subscriptions/69a75bda-882e-44d5-8431-63421204132a/resourceGroups/testNetAppDotNetSDKRG-2155/providers/Microsoft.NetApp/netAppAccounts/account2578/capacityPools/pool1/volumes/volumeName-2983",
        "name": "account2578/pool1/volumeName-2983",
        "type": "Microsoft.NetApp/netAppAccounts/capacityPools/volumes",
        "etag": "W/\u0022datetime\u00272022-09-14T23%3A58%3A29.3720756Z\u0027\u0022",
        "location": "westus2",
        "tags": {
          "key1": "value1",
          "key2": "value2",
          "CreatedOnDate": "2022-09-14T23:54:25.0496157Z"
        },
        "properties": {
          "fileSystemId": "9c33ed27-a7f0-8e46-ab3e-2e49d80f4a81",
          "serviceLevel": "Premium",
          "creationToken": "volumeName-2983",
          "usageThreshold": 107374182400,
          "exportPolicy": {
            "rules": [
              {
                "ruleIndex": 1,
                "unixReadOnly": false,
                "unixReadWrite": true,
                "cifs": false,
                "nfsv3": true,
                "nfsv41": false,
                "allowedClients": "0.0.0.0/0",
                "kerberos5ReadOnly": false,
                "kerberos5ReadWrite": false,
                "kerberos5iReadOnly": false,
                "kerberos5iReadWrite": false,
                "kerberos5pReadOnly": false,
                "kerberos5pReadWrite": false,
                "hasRootAccess": true,
                "chownMode": "Restricted"
              }
            ]
          },
          "protocolTypes": [
            "NFSv3"
          ],
          "baremetalTenantId": "baremetalTenant_svm_8f82c7b40509489d9e97d719b9b955b4_010236e1",
          "subnetId": "/subscriptions/69a75bda-882e-44d5-8431-63421204132a/resourceGroups/testNetAppDotNetSDKRG-2155/providers/Microsoft.Network/virtualNetworks/vnet-435/subnets/default",
          "networkFeatures": "Basic",
          "networkSiblingSetId": "9f11ca1d-2e7c-33c8-6d58-f4acb89e8b59",
          "storageToNetworkProximity": "Default",
          "snapshotDirectoryVisible": true,
          "kerberosEnabled": false,
          "securityStyle": "Unix",
          "smbEncryption": false,
          "smbContinuouslyAvailable": false,
          "encryptionKeySource": "Microsoft.NetApp",
          "ldapEnabled": false,
          "unixPermissions": "0770",
          "mountTargets": [
            {
              "mountTargetId": "9c33ed27-a7f0-8e46-ab3e-2e49d80f4a81",
              "fileSystemId": "9c33ed27-a7f0-8e46-ab3e-2e49d80f4a81",
              "ipAddress": "10.0.1.4"
            }
          ],
          "throughputMibps": 6.25,
          "volumeSpecName": "generic",
          "coolAccess": false,
          "avsDataStore": "Disabled",
          "isDefaultQuotaEnabled": false,
          "defaultUserQuotaInKiBs": 0,
          "defaultGroupQuotaInKiBs": 0,
          "enableSubvolumes": "Disabled",
          "maximumNumberOfFiles": 100000000,
          "smbNonBrowsable": "Disabled",
          "smbAccessBasedEnumeration": "Disabled",
          "provisioningState": "Succeeded"
        },
        "systemData": {
          "createdBy": "c6c4faba-2b22-44d9-80a4-71ff5b71f811",
          "createdByType": "Application",
          "createdAt": "2022-09-14T23:54:26.1523771Z",
          "lastModifiedBy": "c6c4faba-2b22-44d9-80a4-71ff5b71f811",
          "lastModifiedByType": "Application",
          "lastModifiedAt": "2022-09-14T23:54:26.1523771Z"
        }
      }
    },
    {
      "RequestUri": "https://management.azure.com/subscriptions/69a75bda-882e-44d5-8431-63421204132a/resourceGroups/testNetAppDotNetSDKRG-2155/providers/Microsoft.NetApp/netAppAccounts/account2578/capacityPools/pool1/volumes/volumeName-2983?api-version=2022-05-01",
      "RequestMethod": "GET",
      "RequestHeaders": {
        "Accept": "application/json",
        "Authorization": "Sanitized",
        "traceparent": "00-e2ce22f42178999e023479cdb9b95d0f-a2dbb2589aed7b78-00",
        "User-Agent": "azsdk-net-ResourceManager.NetApp/1.0.0-alpha.20220914.1 (.NET 6.0.8; Microsoft Windows 10.0.19044)",
        "x-ms-client-request-id": "28e4d26b28357bcac498089db653de2f",
        "x-ms-return-client-request-id": "true"
      },
      "RequestBody": null,
      "StatusCode": 200,
      "ResponseHeaders": {
        "Cache-Control": "no-cache",
        "Content-Length": "2398",
        "Content-Type": "application/json; charset=utf-8",
        "Date": "Wed, 14 Sep 2022 23:58:49 GMT",
        "ETag": "W/\u0022datetime\u00272022-09-14T23%3A58%3A29.3720756Z\u0027\u0022",
        "Expires": "-1",
        "Pragma": "no-cache",
        "Server": "Microsoft-IIS/10.0",
        "Strict-Transport-Security": "max-age=31536000; includeSubDomains",
        "X-Content-Type-Options": "nosniff",
        "x-ms-correlation-request-id": "2acb9e84-f483-4b46-8951-fc0d78501461",
        "x-ms-ratelimit-remaining-subscription-reads": "11972",
        "x-ms-request-id": "9c4fe1b1-9db0-4ab1-925f-ee98a5206e0d",
        "x-ms-routing-request-id": "FRANCESOUTH:20220914T235849Z:2acb9e84-f483-4b46-8951-fc0d78501461",
        "X-Powered-By": "ASP.NET"
      },
      "ResponseBody": {
        "id": "/subscriptions/69a75bda-882e-44d5-8431-63421204132a/resourceGroups/testNetAppDotNetSDKRG-2155/providers/Microsoft.NetApp/netAppAccounts/account2578/capacityPools/pool1/volumes/volumeName-2983",
        "name": "account2578/pool1/volumeName-2983",
        "type": "Microsoft.NetApp/netAppAccounts/capacityPools/volumes",
        "etag": "W/\u0022datetime\u00272022-09-14T23%3A58%3A29.3720756Z\u0027\u0022",
        "location": "westus2",
        "tags": {
          "key1": "value1",
          "key2": "value2",
          "CreatedOnDate": "2022-09-14T23:54:25.0496157Z"
        },
        "properties": {
          "fileSystemId": "9c33ed27-a7f0-8e46-ab3e-2e49d80f4a81",
          "serviceLevel": "Premium",
          "creationToken": "volumeName-2983",
          "usageThreshold": 107374182400,
          "exportPolicy": {
            "rules": [
              {
                "ruleIndex": 1,
                "unixReadOnly": false,
                "unixReadWrite": true,
                "cifs": false,
                "nfsv3": true,
                "nfsv41": false,
                "allowedClients": "0.0.0.0/0",
                "kerberos5ReadOnly": false,
                "kerberos5ReadWrite": false,
                "kerberos5iReadOnly": false,
                "kerberos5iReadWrite": false,
                "kerberos5pReadOnly": false,
                "kerberos5pReadWrite": false,
                "hasRootAccess": true,
                "chownMode": "Restricted"
              }
            ]
          },
          "protocolTypes": [
            "NFSv3"
          ],
          "baremetalTenantId": "baremetalTenant_svm_8f82c7b40509489d9e97d719b9b955b4_010236e1",
          "subnetId": "/subscriptions/69a75bda-882e-44d5-8431-63421204132a/resourceGroups/testNetAppDotNetSDKRG-2155/providers/Microsoft.Network/virtualNetworks/vnet-435/subnets/default",
          "networkFeatures": "Basic",
          "networkSiblingSetId": "9f11ca1d-2e7c-33c8-6d58-f4acb89e8b59",
          "storageToNetworkProximity": "Default",
          "snapshotDirectoryVisible": true,
          "kerberosEnabled": false,
          "securityStyle": "Unix",
          "smbEncryption": false,
          "smbContinuouslyAvailable": false,
          "encryptionKeySource": "Microsoft.NetApp",
          "ldapEnabled": false,
          "unixPermissions": "0770",
          "mountTargets": [
            {
              "mountTargetId": "9c33ed27-a7f0-8e46-ab3e-2e49d80f4a81",
              "fileSystemId": "9c33ed27-a7f0-8e46-ab3e-2e49d80f4a81",
              "ipAddress": "10.0.1.4"
            }
          ],
          "throughputMibps": 6.25,
          "volumeSpecName": "generic",
          "coolAccess": false,
          "avsDataStore": "Disabled",
          "isDefaultQuotaEnabled": false,
          "defaultUserQuotaInKiBs": 0,
          "defaultGroupQuotaInKiBs": 0,
          "enableSubvolumes": "Disabled",
          "maximumNumberOfFiles": 100000000,
          "smbNonBrowsable": "Disabled",
          "smbAccessBasedEnumeration": "Disabled",
          "provisioningState": "Succeeded"
        },
        "systemData": {
          "createdBy": "c6c4faba-2b22-44d9-80a4-71ff5b71f811",
          "createdByType": "Application",
          "createdAt": "2022-09-14T23:54:26.1523771Z",
          "lastModifiedBy": "c6c4faba-2b22-44d9-80a4-71ff5b71f811",
          "lastModifiedByType": "Application",
          "lastModifiedAt": "2022-09-14T23:54:26.1523771Z"
        }
      }
    },
    {
      "RequestUri": "https://management.azure.com/subscriptions/69a75bda-882e-44d5-8431-63421204132a/resourceGroups/testNetAppDotNetSDKRG-2155/providers/Microsoft.NetApp/netAppAccounts/account2578/capacityPools/pool1/volumes/volumeName-2983?api-version=2022-05-01",
      "RequestMethod": "PATCH",
      "RequestHeaders": {
        "Accept": "application/json",
        "Authorization": "Sanitized",
        "Content-Length": "95",
        "Content-Type": "application/json",
        "traceparent": "00-85572ea1661a3700f0b748bf732fb044-608223a9e0dd9522-00",
        "User-Agent": "azsdk-net-ResourceManager.NetApp/1.0.0-alpha.20220914.1 (.NET 6.0.8; Microsoft Windows 10.0.19044)",
        "x-ms-client-request-id": "b769ff6c03691e27ec53251e9f8ff84f",
        "x-ms-return-client-request-id": "true"
      },
      "RequestBody": {
        "tags": {
          "key1": "value1",
          "key2": "value2",
          "Tag2": "value2"
        },
        "location": "westus2",
        "properties": {}
      },
      "StatusCode": 200,
      "ResponseHeaders": {
        "Cache-Control": "no-cache",
        "Content-Length": "2414",
        "Content-Type": "application/json; charset=utf-8",
        "Date": "Wed, 14 Sep 2022 23:58:54 GMT",
        "ETag": "W/\u0022datetime\u00272022-09-14T23%3A58%3A50.0727074Z\u0027\u0022",
        "Expires": "-1",
        "Pragma": "no-cache",
        "Server": "Microsoft-IIS/10.0",
        "Strict-Transport-Security": "max-age=31536000; includeSubDomains",
        "X-Content-Type-Options": "nosniff",
        "x-ms-correlation-request-id": "3ce4d2c6-e174-42b7-bbbc-35c8f2806c19",
        "x-ms-ratelimit-remaining-subscription-writes": "1194",
        "x-ms-request-id": "28bc9335-5bf2-4ab9-bd69-2fe2b8ddbc61",
        "x-ms-routing-request-id": "FRANCESOUTH:20220914T235854Z:3ce4d2c6-e174-42b7-bbbc-35c8f2806c19",
        "X-Powered-By": "ASP.NET"
      },
      "ResponseBody": {
        "id": "/subscriptions/69a75bda-882e-44d5-8431-63421204132a/resourceGroups/testNetAppDotNetSDKRG-2155/providers/Microsoft.NetApp/netAppAccounts/account2578/capacityPools/pool1/volumes/volumeName-2983",
        "name": "account2578/pool1/volumeName-2983",
        "type": "Microsoft.NetApp/netAppAccounts/capacityPools/volumes",
        "etag": "W/\u0022datetime\u00272022-09-14T23%3A58%3A50.0727074Z\u0027\u0022",
        "location": "westus2",
        "tags": {
          "key1": "value1",
          "key2": "value2",
          "Tag2": "value2",
          "CreatedOnDate": "2022-09-14T23:58:49.7684030Z"
        },
        "properties": {
          "provisioningState": "Succeeded",
          "fileSystemId": "9c33ed27-a7f0-8e46-ab3e-2e49d80f4a81",
          "serviceLevel": "Premium",
          "creationToken": "volumeName-2983",
          "usageThreshold": 107374182400,
          "exportPolicy": {
            "rules": [
              {
                "ruleIndex": 1,
                "unixReadOnly": false,
                "unixReadWrite": true,
                "cifs": false,
                "nfsv3": true,
                "nfsv41": false,
                "allowedClients": "0.0.0.0/0",
                "kerberos5ReadOnly": false,
                "kerberos5ReadWrite": false,
                "kerberos5iReadOnly": false,
                "kerberos5iReadWrite": false,
                "kerberos5pReadOnly": false,
                "kerberos5pReadWrite": false,
                "hasRootAccess": true,
                "chownMode": "Restricted"
              }
            ]
          },
          "protocolTypes": [
            "NFSv3"
          ],
          "baremetalTenantId": "baremetalTenant_svm_8f82c7b40509489d9e97d719b9b955b4_010236e1",
          "subnetId": "/subscriptions/69a75bda-882e-44d5-8431-63421204132a/resourceGroups/testNetAppDotNetSDKRG-2155/providers/Microsoft.Network/virtualNetworks/vnet-435/subnets/default",
          "networkFeatures": "Basic",
          "networkSiblingSetId": "9f11ca1d-2e7c-33c8-6d58-f4acb89e8b59",
          "storageToNetworkProximity": "Default",
          "snapshotDirectoryVisible": true,
          "kerberosEnabled": false,
          "securityStyle": "Unix",
          "smbEncryption": false,
          "smbContinuouslyAvailable": false,
          "encryptionKeySource": "Microsoft.NetApp",
          "ldapEnabled": false,
          "unixPermissions": "0770",
          "mountTargets": [
            {
              "mountTargetId": "9c33ed27-a7f0-8e46-ab3e-2e49d80f4a81",
              "fileSystemId": "9c33ed27-a7f0-8e46-ab3e-2e49d80f4a81",
              "ipAddress": "10.0.1.4"
            }
          ],
          "throughputMibps": 6.25,
          "volumeSpecName": "generic",
          "coolAccess": false,
          "avsDataStore": "Disabled",
          "isDefaultQuotaEnabled": false,
          "defaultUserQuotaInKiBs": 0,
          "defaultGroupQuotaInKiBs": 0,
          "enableSubvolumes": "Disabled",
          "maximumNumberOfFiles": 100000000,
          "smbNonBrowsable": "Disabled",
          "smbAccessBasedEnumeration": "Disabled"
        },
        "systemData": {
          "createdBy": "c6c4faba-2b22-44d9-80a4-71ff5b71f811",
          "createdByType": "Application",
          "createdAt": "2022-09-14T23:54:26.1523771Z",
          "lastModifiedBy": "c6c4faba-2b22-44d9-80a4-71ff5b71f811",
          "lastModifiedByType": "Application",
          "lastModifiedAt": "2022-09-14T23:58:49.9417071Z"
        }
      }
    },
    {
      "RequestUri": "https://management.azure.com/subscriptions/69a75bda-882e-44d5-8431-63421204132a/resourceGroups/testNetAppDotNetSDKRG-2155/providers/Microsoft.NetApp/netAppAccounts/account2578/capacityPools/pool1/volumes/volumeName-2983?api-version=2022-05-01",
      "RequestMethod": "GET",
      "RequestHeaders": {
        "Accept": "application/json",
        "Authorization": "Sanitized",
        "traceparent": "00-fd93a09bcd875fbf39c557cb6595d204-b3791629783509a5-00",
        "User-Agent": "azsdk-net-ResourceManager.NetApp/1.0.0-alpha.20220914.1 (.NET 6.0.8; Microsoft Windows 10.0.19044)",
        "x-ms-client-request-id": "4725987be9bc680dabc63ce202acdb34",
        "x-ms-return-client-request-id": "true"
      },
      "RequestBody": null,
      "StatusCode": 200,
      "ResponseHeaders": {
        "Cache-Control": "no-cache",
        "Content-Length": "2414",
        "Content-Type": "application/json; charset=utf-8",
        "Date": "Wed, 14 Sep 2022 23:58:54 GMT",
        "ETag": "W/\u0022datetime\u00272022-09-14T23%3A58%3A50.0727074Z\u0027\u0022",
        "Expires": "-1",
        "Pragma": "no-cache",
        "Server": "Microsoft-IIS/10.0",
        "Strict-Transport-Security": "max-age=31536000; includeSubDomains",
        "X-Content-Type-Options": "nosniff",
        "x-ms-correlation-request-id": "b747257d-7ddc-4946-a631-a1935b8bb0a6",
        "x-ms-ratelimit-remaining-subscription-reads": "11971",
        "x-ms-request-id": "2adea17a-8281-480a-ae09-7c3f505a4f74",
        "x-ms-routing-request-id": "FRANCESOUTH:20220914T235855Z:b747257d-7ddc-4946-a631-a1935b8bb0a6",
        "X-Powered-By": "ASP.NET"
      },
      "ResponseBody": {
        "id": "/subscriptions/69a75bda-882e-44d5-8431-63421204132a/resourceGroups/testNetAppDotNetSDKRG-2155/providers/Microsoft.NetApp/netAppAccounts/account2578/capacityPools/pool1/volumes/volumeName-2983",
        "name": "account2578/pool1/volumeName-2983",
        "type": "Microsoft.NetApp/netAppAccounts/capacityPools/volumes",
        "etag": "W/\u0022datetime\u00272022-09-14T23%3A58%3A50.0727074Z\u0027\u0022",
        "location": "westus2",
        "tags": {
          "key1": "value1",
          "key2": "value2",
          "Tag2": "value2",
          "CreatedOnDate": "2022-09-14T23:58:49.7684030Z"
        },
        "properties": {
          "provisioningState": "Succeeded",
          "fileSystemId": "9c33ed27-a7f0-8e46-ab3e-2e49d80f4a81",
          "serviceLevel": "Premium",
          "creationToken": "volumeName-2983",
          "usageThreshold": 107374182400,
          "exportPolicy": {
            "rules": [
              {
                "ruleIndex": 1,
                "unixReadOnly": false,
                "unixReadWrite": true,
                "cifs": false,
                "nfsv3": true,
                "nfsv41": false,
                "allowedClients": "0.0.0.0/0",
                "kerberos5ReadOnly": false,
                "kerberos5ReadWrite": false,
                "kerberos5iReadOnly": false,
                "kerberos5iReadWrite": false,
                "kerberos5pReadOnly": false,
                "kerberos5pReadWrite": false,
                "hasRootAccess": true,
                "chownMode": "Restricted"
              }
            ]
          },
          "protocolTypes": [
            "NFSv3"
          ],
          "baremetalTenantId": "baremetalTenant_svm_8f82c7b40509489d9e97d719b9b955b4_010236e1",
          "subnetId": "/subscriptions/69a75bda-882e-44d5-8431-63421204132a/resourceGroups/testNetAppDotNetSDKRG-2155/providers/Microsoft.Network/virtualNetworks/vnet-435/subnets/default",
          "networkFeatures": "Basic",
          "networkSiblingSetId": "9f11ca1d-2e7c-33c8-6d58-f4acb89e8b59",
          "storageToNetworkProximity": "Default",
          "snapshotDirectoryVisible": true,
          "kerberosEnabled": false,
          "securityStyle": "Unix",
          "smbEncryption": false,
          "smbContinuouslyAvailable": false,
          "encryptionKeySource": "Microsoft.NetApp",
          "ldapEnabled": false,
          "unixPermissions": "0770",
          "mountTargets": [
            {
              "mountTargetId": "9c33ed27-a7f0-8e46-ab3e-2e49d80f4a81",
              "fileSystemId": "9c33ed27-a7f0-8e46-ab3e-2e49d80f4a81",
              "ipAddress": "10.0.1.4"
            }
          ],
          "throughputMibps": 6.25,
          "volumeSpecName": "generic",
          "coolAccess": false,
          "avsDataStore": "Disabled",
          "isDefaultQuotaEnabled": false,
          "defaultUserQuotaInKiBs": 0,
          "defaultGroupQuotaInKiBs": 0,
          "enableSubvolumes": "Disabled",
          "maximumNumberOfFiles": 100000000,
          "smbNonBrowsable": "Disabled",
          "smbAccessBasedEnumeration": "Disabled"
        },
        "systemData": {
          "createdBy": "c6c4faba-2b22-44d9-80a4-71ff5b71f811",
          "createdByType": "Application",
          "createdAt": "2022-09-14T23:54:26.1523771Z",
          "lastModifiedBy": "c6c4faba-2b22-44d9-80a4-71ff5b71f811",
          "lastModifiedByType": "Application",
          "lastModifiedAt": "2022-09-14T23:58:49.9417071Z"
        }
      }
    },
    {
      "RequestUri": "https://management.azure.com/subscriptions/69a75bda-882e-44d5-8431-63421204132a/resourceGroups/testNetAppDotNetSDKRG-2155/providers/Microsoft.NetApp/netAppAccounts/account2578/capacityPools/pool1?api-version=2022-05-01",
      "RequestMethod": "GET",
      "RequestHeaders": {
        "Accept": "application/json",
        "Authorization": "Sanitized",
        "traceparent": "00-f11fad4b249256783185d636085319e0-a18dcf122df881fa-00",
        "User-Agent": "azsdk-net-ResourceManager.NetApp/1.0.0-alpha.20220914.1 (.NET 6.0.8; Microsoft Windows 10.0.19044)",
        "x-ms-client-request-id": "110fb8a0853351ff73fe693e1ed680e0",
        "x-ms-return-client-request-id": "true"
      },
      "RequestBody": null,
      "StatusCode": 200,
      "ResponseHeaders": {
        "Cache-Control": "no-cache",
        "Content-Length": "966",
        "Content-Type": "application/json; charset=utf-8",
        "Date": "Wed, 14 Sep 2022 23:58:55 GMT",
        "ETag": "W/\u0022datetime\u00272022-09-14T23%3A58%3A29.2671383Z\u0027\u0022",
        "Expires": "-1",
        "Pragma": "no-cache",
        "Server": "Microsoft-IIS/10.0",
        "Strict-Transport-Security": "max-age=31536000; includeSubDomains",
        "X-Content-Type-Options": "nosniff",
        "x-ms-correlation-request-id": "9ff0446f-ea99-45d7-a7b7-7fcc1975dc00",
        "x-ms-ratelimit-remaining-subscription-reads": "11970",
        "x-ms-request-id": "fb462ec6-36ae-4aca-8f1f-aa747f2104ed",
        "x-ms-routing-request-id": "FRANCESOUTH:20220914T235855Z:9ff0446f-ea99-45d7-a7b7-7fcc1975dc00",
        "X-Powered-By": "ASP.NET"
      },
      "ResponseBody": {
        "id": "/subscriptions/69a75bda-882e-44d5-8431-63421204132a/resourceGroups/testNetAppDotNetSDKRG-2155/providers/Microsoft.NetApp/netAppAccounts/account2578/capacityPools/pool1",
        "name": "account2578/pool1",
        "type": "Microsoft.NetApp/netAppAccounts/capacityPools",
        "etag": "W/\u0022datetime\u00272022-09-14T23%3A58%3A29.2671383Z\u0027\u0022",
        "location": "westus2",
        "tags": {
          "key1": "value1",
          "key2": "value2",
          "CreatedOnDate": "2022-09-14T23:53:38.0928095Z"
        },
        "properties": {
          "poolId": "aa2a2266-527a-9e7f-7647-43411046d96d",
          "serviceLevel": "Premium",
          "size": 4398046511104,
          "qosType": "Auto",
          "totalThroughputMibps": 256.0,
          "utilizedThroughputMibps": 6.25,
          "encryptionType": "Single",
          "coolAccess": false,
          "provisioningState": "Succeeded"
        },
        "systemData": {
          "createdBy": "c6c4faba-2b22-44d9-80a4-71ff5b71f811",
          "createdByType": "Application",
          "createdAt": "2022-09-14T23:53:39.0506157Z",
          "lastModifiedBy": "c6c4faba-2b22-44d9-80a4-71ff5b71f811",
          "lastModifiedByType": "Application",
          "lastModifiedAt": "2022-09-14T23:53:39.0506157Z"
        }
      }
    },
    {
      "RequestUri": "https://management.azure.com/subscriptions/69a75bda-882e-44d5-8431-63421204132a/resourceGroups/testNetAppDotNetSDKRG-2155/providers/Microsoft.NetApp/netAppAccounts/account2578/capacityPools?api-version=2022-05-01",
      "RequestMethod": "GET",
      "RequestHeaders": {
        "Accept": "application/json",
        "Authorization": "Sanitized",
        "traceparent": "00-21610cee2e42cbc108faf34a396560fa-15ed523ff4ebde3b-00",
        "User-Agent": "azsdk-net-ResourceManager.NetApp/1.0.0-alpha.20220914.1 (.NET 6.0.8; Microsoft Windows 10.0.19044)",
        "x-ms-client-request-id": "06a30719b06aa49397b8ad69dea968a1",
        "x-ms-return-client-request-id": "true"
      },
      "RequestBody": null,
      "StatusCode": 200,
      "ResponseHeaders": {
        "Cache-Control": "no-cache",
        "Content-Length": "978",
        "Content-Type": "application/json; charset=utf-8",
        "Date": "Wed, 14 Sep 2022 23:58:55 GMT",
        "Expires": "-1",
        "Pragma": "no-cache",
        "Server": "Microsoft-IIS/10.0",
        "Strict-Transport-Security": "max-age=31536000; includeSubDomains",
        "X-Content-Type-Options": "nosniff",
        "x-ms-correlation-request-id": "0fa356ba-490c-44bd-bfa9-aacc7ad409da",
        "x-ms-ratelimit-remaining-subscription-reads": "11969",
        "x-ms-request-id": "272d93b9-cc01-48a0-b970-2507ebe498c8",
        "x-ms-routing-request-id": "FRANCESOUTH:20220914T235855Z:0fa356ba-490c-44bd-bfa9-aacc7ad409da",
        "X-Powered-By": "ASP.NET"
      },
      "ResponseBody": {
        "value": [
          {
            "id": "/subscriptions/69a75bda-882e-44d5-8431-63421204132a/resourceGroups/testNetAppDotNetSDKRG-2155/providers/Microsoft.NetApp/netAppAccounts/account2578/capacityPools/pool1",
            "name": "account2578/pool1",
            "type": "Microsoft.NetApp/netAppAccounts/capacityPools",
            "etag": "W/\u0022datetime\u00272022-09-14T23%3A58%3A29.2671383Z\u0027\u0022",
            "location": "westus2",
            "tags": {
              "key1": "value1",
              "key2": "value2",
              "CreatedOnDate": "2022-09-14T23:53:38.0928095Z"
            },
            "properties": {
              "poolId": "aa2a2266-527a-9e7f-7647-43411046d96d",
              "serviceLevel": "Premium",
              "size": 4398046511104,
              "qosType": "Auto",
              "totalThroughputMibps": 256.0,
              "utilizedThroughputMibps": 6.25,
              "encryptionType": "Single",
              "coolAccess": false,
              "provisioningState": "Succeeded"
            },
            "systemData": {
              "createdBy": "c6c4faba-2b22-44d9-80a4-71ff5b71f811",
              "createdByType": "Application",
              "createdAt": "2022-09-14T23:53:39.0506157Z",
              "lastModifiedBy": "c6c4faba-2b22-44d9-80a4-71ff5b71f811",
              "lastModifiedByType": "Application",
              "lastModifiedAt": "2022-09-14T23:53:39.0506157Z"
            }
          }
        ]
      }
    },
    {
      "RequestUri": "https://management.azure.com/subscriptions/69a75bda-882e-44d5-8431-63421204132a/resourceGroups/testNetAppDotNetSDKRG-2155/providers/Microsoft.NetApp/netAppAccounts/account2578/capacityPools/pool1/volumes?api-version=2022-05-01",
      "RequestMethod": "GET",
      "RequestHeaders": {
        "Accept": "application/json",
        "Authorization": "Sanitized",
        "traceparent": "00-fe4e684f6409b9a5808897b5cab7048a-149ced080510a80d-00",
        "User-Agent": "azsdk-net-ResourceManager.NetApp/1.0.0-alpha.20220914.1 (.NET 6.0.8; Microsoft Windows 10.0.19044)",
        "x-ms-client-request-id": "e5afb04e28fcf5eb99d3d4be7fcf4ad4",
        "x-ms-return-client-request-id": "true"
      },
      "RequestBody": null,
      "StatusCode": 200,
      "ResponseHeaders": {
        "Cache-Control": "no-cache",
        "Content-Length": "2426",
        "Content-Type": "application/json; charset=utf-8",
        "Date": "Wed, 14 Sep 2022 23:58:55 GMT",
        "Expires": "-1",
        "Pragma": "no-cache",
        "Server": "Microsoft-IIS/10.0",
        "Strict-Transport-Security": "max-age=31536000; includeSubDomains",
        "X-Content-Type-Options": "nosniff",
        "x-ms-correlation-request-id": "7383159a-06e5-45e0-b9ca-24c71e55d4d0",
        "x-ms-ratelimit-remaining-subscription-reads": "11968",
        "x-ms-request-id": "f079d3e5-f7d1-4989-b676-e424c96eaffe",
        "x-ms-routing-request-id": "FRANCESOUTH:20220914T235856Z:7383159a-06e5-45e0-b9ca-24c71e55d4d0",
        "X-Powered-By": "ASP.NET"
      },
      "ResponseBody": {
        "value": [
          {
            "id": "/subscriptions/69a75bda-882e-44d5-8431-63421204132a/resourceGroups/testNetAppDotNetSDKRG-2155/providers/Microsoft.NetApp/netAppAccounts/account2578/capacityPools/pool1/volumes/volumeName-2983",
            "name": "account2578/pool1/volumeName-2983",
            "type": "Microsoft.NetApp/netAppAccounts/capacityPools/volumes",
            "etag": "W/\u0022datetime\u00272022-09-14T23%3A58%3A50.0727074Z\u0027\u0022",
            "location": "westus2",
            "tags": {
              "key1": "value1",
              "key2": "value2",
              "Tag2": "value2",
              "CreatedOnDate": "2022-09-14T23:58:49.7684030Z"
            },
            "properties": {
              "provisioningState": "Succeeded",
              "fileSystemId": "9c33ed27-a7f0-8e46-ab3e-2e49d80f4a81",
              "serviceLevel": "Premium",
              "creationToken": "volumeName-2983",
              "usageThreshold": 107374182400,
              "exportPolicy": {
                "rules": [
                  {
                    "ruleIndex": 1,
                    "unixReadOnly": false,
                    "unixReadWrite": true,
                    "cifs": false,
                    "nfsv3": true,
                    "nfsv41": false,
                    "allowedClients": "0.0.0.0/0",
                    "kerberos5ReadOnly": false,
                    "kerberos5ReadWrite": false,
                    "kerberos5iReadOnly": false,
                    "kerberos5iReadWrite": false,
                    "kerberos5pReadOnly": false,
                    "kerberos5pReadWrite": false,
                    "hasRootAccess": true,
                    "chownMode": "Restricted"
                  }
                ]
              },
              "protocolTypes": [
                "NFSv3"
              ],
              "baremetalTenantId": "baremetalTenant_svm_8f82c7b40509489d9e97d719b9b955b4_010236e1",
              "subnetId": "/subscriptions/69a75bda-882e-44d5-8431-63421204132a/resourceGroups/testNetAppDotNetSDKRG-2155/providers/Microsoft.Network/virtualNetworks/vnet-435/subnets/default",
              "networkFeatures": "Basic",
              "networkSiblingSetId": "9f11ca1d-2e7c-33c8-6d58-f4acb89e8b59",
              "storageToNetworkProximity": "Default",
              "snapshotDirectoryVisible": true,
              "kerberosEnabled": false,
              "securityStyle": "Unix",
              "smbEncryption": false,
              "smbContinuouslyAvailable": false,
              "encryptionKeySource": "Microsoft.NetApp",
              "ldapEnabled": false,
              "unixPermissions": "0770",
              "mountTargets": [
                {
                  "mountTargetId": "9c33ed27-a7f0-8e46-ab3e-2e49d80f4a81",
                  "fileSystemId": "9c33ed27-a7f0-8e46-ab3e-2e49d80f4a81",
                  "ipAddress": "10.0.1.4"
                }
              ],
              "throughputMibps": 6.25,
              "volumeSpecName": "generic",
              "coolAccess": false,
              "avsDataStore": "Disabled",
              "isDefaultQuotaEnabled": false,
              "defaultUserQuotaInKiBs": 0,
              "defaultGroupQuotaInKiBs": 0,
              "enableSubvolumes": "Disabled",
              "maximumNumberOfFiles": 100000000,
              "smbNonBrowsable": "Disabled",
              "smbAccessBasedEnumeration": "Disabled"
            },
            "systemData": {
              "createdBy": "c6c4faba-2b22-44d9-80a4-71ff5b71f811",
              "createdByType": "Application",
              "createdAt": "2022-09-14T23:54:26.1523771Z",
              "lastModifiedBy": "c6c4faba-2b22-44d9-80a4-71ff5b71f811",
              "lastModifiedByType": "Application",
              "lastModifiedAt": "2022-09-14T23:58:49.9417071Z"
            }
          }
        ]
      }
    },
    {
      "RequestUri": "https://management.azure.com/subscriptions/69a75bda-882e-44d5-8431-63421204132a/resourceGroups/testNetAppDotNetSDKRG-2155/providers/Microsoft.NetApp/netAppAccounts/account2578/capacityPools/pool1/volumes/volumeName-2983?api-version=2022-05-01",
      "RequestMethod": "GET",
      "RequestHeaders": {
        "Accept": "application/json",
        "Authorization": "Sanitized",
        "traceparent": "00-9e19646e4b995a53bbf8e05105114591-14f4f3bb1cea0078-00",
        "User-Agent": "azsdk-net-ResourceManager.NetApp/1.0.0-alpha.20220914.1 (.NET 6.0.8; Microsoft Windows 10.0.19044)",
        "x-ms-client-request-id": "fbc95c46d508f0c9256a797ad89573c9",
        "x-ms-return-client-request-id": "true"
      },
      "RequestBody": null,
      "StatusCode": 200,
      "ResponseHeaders": {
        "Cache-Control": "no-cache",
        "Content-Length": "2414",
        "Content-Type": "application/json; charset=utf-8",
        "Date": "Wed, 14 Sep 2022 23:58:56 GMT",
        "ETag": "W/\u0022datetime\u00272022-09-14T23%3A58%3A50.0727074Z\u0027\u0022",
        "Expires": "-1",
        "Pragma": "no-cache",
        "Server": "Microsoft-IIS/10.0",
        "Strict-Transport-Security": "max-age=31536000; includeSubDomains",
        "X-Content-Type-Options": "nosniff",
        "x-ms-correlation-request-id": "f01a025a-1e62-4fb9-9b2f-9591ea5374a7",
        "x-ms-ratelimit-remaining-subscription-reads": "11967",
        "x-ms-request-id": "aa01a641-da27-48b3-9fd2-f12f87ede5b2",
        "x-ms-routing-request-id": "FRANCESOUTH:20220914T235856Z:f01a025a-1e62-4fb9-9b2f-9591ea5374a7",
        "X-Powered-By": "ASP.NET"
      },
      "ResponseBody": {
        "id": "/subscriptions/69a75bda-882e-44d5-8431-63421204132a/resourceGroups/testNetAppDotNetSDKRG-2155/providers/Microsoft.NetApp/netAppAccounts/account2578/capacityPools/pool1/volumes/volumeName-2983",
        "name": "account2578/pool1/volumeName-2983",
        "type": "Microsoft.NetApp/netAppAccounts/capacityPools/volumes",
        "etag": "W/\u0022datetime\u00272022-09-14T23%3A58%3A50.0727074Z\u0027\u0022",
        "location": "westus2",
        "tags": {
          "key1": "value1",
          "key2": "value2",
          "Tag2": "value2",
          "CreatedOnDate": "2022-09-14T23:58:49.7684030Z"
        },
        "properties": {
          "provisioningState": "Succeeded",
          "fileSystemId": "9c33ed27-a7f0-8e46-ab3e-2e49d80f4a81",
          "serviceLevel": "Premium",
          "creationToken": "volumeName-2983",
          "usageThreshold": 107374182400,
          "exportPolicy": {
            "rules": [
              {
                "ruleIndex": 1,
                "unixReadOnly": false,
                "unixReadWrite": true,
                "cifs": false,
                "nfsv3": true,
                "nfsv41": false,
                "allowedClients": "0.0.0.0/0",
                "kerberos5ReadOnly": false,
                "kerberos5ReadWrite": false,
                "kerberos5iReadOnly": false,
                "kerberos5iReadWrite": false,
                "kerberos5pReadOnly": false,
                "kerberos5pReadWrite": false,
                "hasRootAccess": true,
                "chownMode": "Restricted"
              }
            ]
          },
          "protocolTypes": [
            "NFSv3"
          ],
          "baremetalTenantId": "baremetalTenant_svm_8f82c7b40509489d9e97d719b9b955b4_010236e1",
          "subnetId": "/subscriptions/69a75bda-882e-44d5-8431-63421204132a/resourceGroups/testNetAppDotNetSDKRG-2155/providers/Microsoft.Network/virtualNetworks/vnet-435/subnets/default",
          "networkFeatures": "Basic",
          "networkSiblingSetId": "9f11ca1d-2e7c-33c8-6d58-f4acb89e8b59",
          "storageToNetworkProximity": "Default",
          "snapshotDirectoryVisible": true,
          "kerberosEnabled": false,
          "securityStyle": "Unix",
          "smbEncryption": false,
          "smbContinuouslyAvailable": false,
          "encryptionKeySource": "Microsoft.NetApp",
          "ldapEnabled": false,
          "unixPermissions": "0770",
          "mountTargets": [
            {
              "mountTargetId": "9c33ed27-a7f0-8e46-ab3e-2e49d80f4a81",
              "fileSystemId": "9c33ed27-a7f0-8e46-ab3e-2e49d80f4a81",
              "ipAddress": "10.0.1.4"
            }
          ],
          "throughputMibps": 6.25,
          "volumeSpecName": "generic",
          "coolAccess": false,
          "avsDataStore": "Disabled",
          "isDefaultQuotaEnabled": false,
          "defaultUserQuotaInKiBs": 0,
          "defaultGroupQuotaInKiBs": 0,
          "enableSubvolumes": "Disabled",
          "maximumNumberOfFiles": 100000000,
          "smbNonBrowsable": "Disabled",
          "smbAccessBasedEnumeration": "Disabled"
        },
        "systemData": {
          "createdBy": "c6c4faba-2b22-44d9-80a4-71ff5b71f811",
          "createdByType": "Application",
          "createdAt": "2022-09-14T23:54:26.1523771Z",
          "lastModifiedBy": "c6c4faba-2b22-44d9-80a4-71ff5b71f811",
          "lastModifiedByType": "Application",
          "lastModifiedAt": "2022-09-14T23:58:49.9417071Z"
        }
      }
    },
    {
      "RequestUri": "https://management.azure.com/subscriptions/69a75bda-882e-44d5-8431-63421204132a/resourceGroups/testNetAppDotNetSDKRG-2155/providers/Microsoft.NetApp/netAppAccounts/account2578/capacityPools/pool1/volumes/volumeName-2983?api-version=2022-05-01",
      "RequestMethod": "DELETE",
      "RequestHeaders": {
        "Authorization": "Sanitized",
        "traceparent": "00-1af5f646b7ee41b0c1d202c2e4c08400-6177e0152253f57e-00",
        "User-Agent": "azsdk-net-ResourceManager.NetApp/1.0.0-alpha.20220914.1 (.NET 6.0.8; Microsoft Windows 10.0.19044)",
        "x-ms-client-request-id": "6df0c8959a27f0e31cae6d97dcd425c8",
        "x-ms-return-client-request-id": "true"
      },
      "RequestBody": null,
      "StatusCode": 202,
      "ResponseHeaders": {
        "Azure-AsyncOperation": "https://management.azure.com/subscriptions/69a75bda-882e-44d5-8431-63421204132a/providers/Microsoft.NetApp/locations/westus2/operationResults/def600fb-cb48-4203-a071-aebc4d80ebf6?api-version=2022-05-01",
        "Cache-Control": "no-cache",
        "Content-Length": "0",
        "Date": "Wed, 14 Sep 2022 23:58:57 GMT",
        "Expires": "-1",
        "Location": "https://management.azure.com/subscriptions/69a75bda-882e-44d5-8431-63421204132a/providers/Microsoft.NetApp/locations/westus2/operationResults/def600fb-cb48-4203-a071-aebc4d80ebf6?api-version=2022-05-01\u0026operationResultResponseType=Location",
        "Pragma": "no-cache",
        "Server": "Microsoft-IIS/10.0",
        "Strict-Transport-Security": "max-age=31536000; includeSubDomains",
        "X-Content-Type-Options": "nosniff",
        "x-ms-correlation-request-id": "727b5dff-7337-4b6c-b84f-dd960ff0e5ba",
        "x-ms-ratelimit-remaining-subscription-deletes": "14998",
        "x-ms-request-id": "727b5dff-7337-4b6c-b84f-dd960ff0e5ba",
        "x-ms-routing-request-id": "FRANCESOUTH:20220914T235857Z:727b5dff-7337-4b6c-b84f-dd960ff0e5ba",
        "X-Powered-By": "ASP.NET"
      },
      "ResponseBody": null
    },
    {
      "RequestUri": "https://management.azure.com/subscriptions/69a75bda-882e-44d5-8431-63421204132a/providers/Microsoft.NetApp/locations/westus2/operationResults/def600fb-cb48-4203-a071-aebc4d80ebf6?api-version=2022-05-01",
      "RequestMethod": "GET",
      "RequestHeaders": {
        "Authorization": "Sanitized",
        "traceparent": "00-1af5f646b7ee41b0c1d202c2e4c08400-75b03d6b021be504-00",
        "User-Agent": "azsdk-net-ResourceManager/1.3.1 (.NET 6.0.8; Microsoft Windows 10.0.19044)",
        "x-ms-client-request-id": "b7280a5fdddeabad78d9df5a67321350",
        "x-ms-return-client-request-id": "true"
      },
      "RequestBody": null,
      "StatusCode": 200,
      "ResponseHeaders": {
        "Cache-Control": "no-cache",
        "Content-Length": "547",
        "Content-Type": "application/json; charset=utf-8",
        "Date": "Wed, 14 Sep 2022 23:58:57 GMT",
        "Expires": "-1",
        "Pragma": "no-cache",
        "Server": "Microsoft-IIS/10.0",
        "Strict-Transport-Security": "max-age=31536000; includeSubDomains",
        "X-Content-Type-Options": "nosniff",
        "x-ms-correlation-request-id": "0bcb03b9-34c3-424d-ae17-d7d4781e72c9",
        "x-ms-ratelimit-remaining-subscription-reads": "11966",
        "x-ms-request-id": "20bc0903-d7e9-41ed-bf73-0c241d28b8c2",
        "x-ms-routing-request-id": "FRANCESOUTH:20220914T235857Z:0bcb03b9-34c3-424d-ae17-d7d4781e72c9",
        "X-Powered-By": "ASP.NET"
      },
      "ResponseBody": {
        "id": "/subscriptions/69a75bda-882e-44d5-8431-63421204132a/providers/Microsoft.NetApp/locations/westus2/operationResults/def600fb-cb48-4203-a071-aebc4d80ebf6",
        "name": "def600fb-cb48-4203-a071-aebc4d80ebf6",
        "status": "Deleting",
        "startTime": "2022-09-14T23:58:57.1890755Z",
        "endTime": "0001-01-01T00:00:00Z",
        "percentComplete": 0.0,
        "properties": {
          "resourceName": "/subscriptions/69a75bda-882e-44d5-8431-63421204132a/resourceGroups/testNetAppDotNetSDKRG-2155/providers/Microsoft.NetApp/netAppAccounts/account2578/capacityPools/pool1/volumes/volumeName-2983"
        }
      }
    },
    {
      "RequestUri": "https://management.azure.com/subscriptions/69a75bda-882e-44d5-8431-63421204132a/providers/Microsoft.NetApp/locations/westus2/operationResults/def600fb-cb48-4203-a071-aebc4d80ebf6?api-version=2022-05-01",
      "RequestMethod": "GET",
      "RequestHeaders": {
        "Authorization": "Sanitized",
        "traceparent": "00-1af5f646b7ee41b0c1d202c2e4c08400-57b9635f274824de-00",
        "User-Agent": "azsdk-net-ResourceManager/1.3.1 (.NET 6.0.8; Microsoft Windows 10.0.19044)",
        "x-ms-client-request-id": "fe0db145f07129e92f768667da5141ab",
        "x-ms-return-client-request-id": "true"
      },
      "RequestBody": null,
      "StatusCode": 200,
      "ResponseHeaders": {
        "Cache-Control": "no-cache",
        "Content-Length": "547",
        "Content-Type": "application/json; charset=utf-8",
        "Date": "Wed, 14 Sep 2022 23:58:58 GMT",
        "Expires": "-1",
        "Pragma": "no-cache",
        "Server": "Microsoft-IIS/10.0",
        "Strict-Transport-Security": "max-age=31536000; includeSubDomains",
        "X-Content-Type-Options": "nosniff",
        "x-ms-correlation-request-id": "75754bc5-761b-413b-89b7-eafcecd7e826",
        "x-ms-ratelimit-remaining-subscription-reads": "11965",
        "x-ms-request-id": "cd8c7b81-fd08-4bf8-b10e-b44c81e67359",
        "x-ms-routing-request-id": "FRANCESOUTH:20220914T235858Z:75754bc5-761b-413b-89b7-eafcecd7e826",
        "X-Powered-By": "ASP.NET"
      },
      "ResponseBody": {
        "id": "/subscriptions/69a75bda-882e-44d5-8431-63421204132a/providers/Microsoft.NetApp/locations/westus2/operationResults/def600fb-cb48-4203-a071-aebc4d80ebf6",
        "name": "def600fb-cb48-4203-a071-aebc4d80ebf6",
        "status": "Deleting",
        "startTime": "2022-09-14T23:58:57.1890755Z",
        "endTime": "0001-01-01T00:00:00Z",
        "percentComplete": 0.0,
        "properties": {
          "resourceName": "/subscriptions/69a75bda-882e-44d5-8431-63421204132a/resourceGroups/testNetAppDotNetSDKRG-2155/providers/Microsoft.NetApp/netAppAccounts/account2578/capacityPools/pool1/volumes/volumeName-2983"
        }
      }
    },
    {
      "RequestUri": "https://management.azure.com/subscriptions/69a75bda-882e-44d5-8431-63421204132a/providers/Microsoft.NetApp/locations/westus2/operationResults/def600fb-cb48-4203-a071-aebc4d80ebf6?api-version=2022-05-01",
      "RequestMethod": "GET",
      "RequestHeaders": {
        "Authorization": "Sanitized",
        "traceparent": "00-1af5f646b7ee41b0c1d202c2e4c08400-a38ee2a7559c95dc-00",
        "User-Agent": "azsdk-net-ResourceManager/1.3.1 (.NET 6.0.8; Microsoft Windows 10.0.19044)",
        "x-ms-client-request-id": "d1376a906dac90e92c780a078d3e12b4",
        "x-ms-return-client-request-id": "true"
      },
      "RequestBody": null,
      "StatusCode": 200,
      "ResponseHeaders": {
        "Cache-Control": "no-cache",
        "Content-Length": "547",
        "Content-Type": "application/json; charset=utf-8",
        "Date": "Wed, 14 Sep 2022 23:58:59 GMT",
        "Expires": "-1",
        "Pragma": "no-cache",
        "Server": "Microsoft-IIS/10.0",
        "Strict-Transport-Security": "max-age=31536000; includeSubDomains",
        "X-Content-Type-Options": "nosniff",
        "x-ms-correlation-request-id": "4f3b9a7a-8c4c-462d-8f96-c7370c268cf5",
        "x-ms-ratelimit-remaining-subscription-reads": "11964",
        "x-ms-request-id": "f2c0163b-5e6b-4436-b55e-813642135647",
        "x-ms-routing-request-id": "FRANCESOUTH:20220914T235900Z:4f3b9a7a-8c4c-462d-8f96-c7370c268cf5",
        "X-Powered-By": "ASP.NET"
      },
      "ResponseBody": {
        "id": "/subscriptions/69a75bda-882e-44d5-8431-63421204132a/providers/Microsoft.NetApp/locations/westus2/operationResults/def600fb-cb48-4203-a071-aebc4d80ebf6",
        "name": "def600fb-cb48-4203-a071-aebc4d80ebf6",
        "status": "Deleting",
        "startTime": "2022-09-14T23:58:57.1890755Z",
        "endTime": "0001-01-01T00:00:00Z",
        "percentComplete": 0.0,
        "properties": {
          "resourceName": "/subscriptions/69a75bda-882e-44d5-8431-63421204132a/resourceGroups/testNetAppDotNetSDKRG-2155/providers/Microsoft.NetApp/netAppAccounts/account2578/capacityPools/pool1/volumes/volumeName-2983"
        }
      }
    },
    {
      "RequestUri": "https://management.azure.com/subscriptions/69a75bda-882e-44d5-8431-63421204132a/providers/Microsoft.NetApp/locations/westus2/operationResults/def600fb-cb48-4203-a071-aebc4d80ebf6?api-version=2022-05-01",
      "RequestMethod": "GET",
      "RequestHeaders": {
        "Authorization": "Sanitized",
        "traceparent": "00-1af5f646b7ee41b0c1d202c2e4c08400-e52dd864a2064526-00",
        "User-Agent": "azsdk-net-ResourceManager/1.3.1 (.NET 6.0.8; Microsoft Windows 10.0.19044)",
        "x-ms-client-request-id": "fd4c6fab1e626f9121ff88685645d126",
        "x-ms-return-client-request-id": "true"
      },
      "RequestBody": null,
      "StatusCode": 200,
      "ResponseHeaders": {
        "Cache-Control": "no-cache",
        "Content-Length": "547",
        "Content-Type": "application/json; charset=utf-8",
        "Date": "Wed, 14 Sep 2022 23:59:00 GMT",
        "Expires": "-1",
        "Pragma": "no-cache",
        "Server": "Microsoft-IIS/10.0",
        "Strict-Transport-Security": "max-age=31536000; includeSubDomains",
        "X-Content-Type-Options": "nosniff",
        "x-ms-correlation-request-id": "05e6ba79-0adb-4244-81c5-6e060df9d51b",
        "x-ms-ratelimit-remaining-subscription-reads": "11963",
        "x-ms-request-id": "f3a98865-56f1-492a-8fd4-d465776a48cc",
        "x-ms-routing-request-id": "FRANCESOUTH:20220914T235901Z:05e6ba79-0adb-4244-81c5-6e060df9d51b",
        "X-Powered-By": "ASP.NET"
      },
      "ResponseBody": {
        "id": "/subscriptions/69a75bda-882e-44d5-8431-63421204132a/providers/Microsoft.NetApp/locations/westus2/operationResults/def600fb-cb48-4203-a071-aebc4d80ebf6",
        "name": "def600fb-cb48-4203-a071-aebc4d80ebf6",
        "status": "Deleting",
        "startTime": "2022-09-14T23:58:57.1890755Z",
        "endTime": "0001-01-01T00:00:00Z",
        "percentComplete": 0.0,
        "properties": {
          "resourceName": "/subscriptions/69a75bda-882e-44d5-8431-63421204132a/resourceGroups/testNetAppDotNetSDKRG-2155/providers/Microsoft.NetApp/netAppAccounts/account2578/capacityPools/pool1/volumes/volumeName-2983"
        }
      }
    },
    {
      "RequestUri": "https://management.azure.com/subscriptions/69a75bda-882e-44d5-8431-63421204132a/providers/Microsoft.NetApp/locations/westus2/operationResults/def600fb-cb48-4203-a071-aebc4d80ebf6?api-version=2022-05-01",
      "RequestMethod": "GET",
      "RequestHeaders": {
        "Authorization": "Sanitized",
        "traceparent": "00-1af5f646b7ee41b0c1d202c2e4c08400-b06ab86833426843-00",
        "User-Agent": "azsdk-net-ResourceManager/1.3.1 (.NET 6.0.8; Microsoft Windows 10.0.19044)",
        "x-ms-client-request-id": "fcc9339742fad7a4c87dd2f9e6e29bf0",
        "x-ms-return-client-request-id": "true"
      },
      "RequestBody": null,
      "StatusCode": 200,
      "ResponseHeaders": {
        "Cache-Control": "no-cache",
        "Content-Length": "547",
        "Content-Type": "application/json; charset=utf-8",
        "Date": "Wed, 14 Sep 2022 23:59:03 GMT",
        "Expires": "-1",
        "Pragma": "no-cache",
        "Server": "Microsoft-IIS/10.0",
        "Strict-Transport-Security": "max-age=31536000; includeSubDomains",
        "X-Content-Type-Options": "nosniff",
        "x-ms-correlation-request-id": "ccd2a733-5bab-4ff5-8a89-dcbc60efb9bc",
        "x-ms-ratelimit-remaining-subscription-reads": "11962",
        "x-ms-request-id": "02921652-b25f-4882-97f2-c8f837f8e0ab",
        "x-ms-routing-request-id": "FRANCESOUTH:20220914T235903Z:ccd2a733-5bab-4ff5-8a89-dcbc60efb9bc",
        "X-Powered-By": "ASP.NET"
      },
      "ResponseBody": {
        "id": "/subscriptions/69a75bda-882e-44d5-8431-63421204132a/providers/Microsoft.NetApp/locations/westus2/operationResults/def600fb-cb48-4203-a071-aebc4d80ebf6",
        "name": "def600fb-cb48-4203-a071-aebc4d80ebf6",
        "status": "Deleting",
        "startTime": "2022-09-14T23:58:57.1890755Z",
        "endTime": "0001-01-01T00:00:00Z",
        "percentComplete": 0.0,
        "properties": {
          "resourceName": "/subscriptions/69a75bda-882e-44d5-8431-63421204132a/resourceGroups/testNetAppDotNetSDKRG-2155/providers/Microsoft.NetApp/netAppAccounts/account2578/capacityPools/pool1/volumes/volumeName-2983"
        }
      }
    },
    {
      "RequestUri": "https://management.azure.com/subscriptions/69a75bda-882e-44d5-8431-63421204132a/providers/Microsoft.NetApp/locations/westus2/operationResults/def600fb-cb48-4203-a071-aebc4d80ebf6?api-version=2022-05-01",
      "RequestMethod": "GET",
      "RequestHeaders": {
        "Authorization": "Sanitized",
        "traceparent": "00-1af5f646b7ee41b0c1d202c2e4c08400-bb288c0ab1c11fd1-00",
        "User-Agent": "azsdk-net-ResourceManager/1.3.1 (.NET 6.0.8; Microsoft Windows 10.0.19044)",
        "x-ms-client-request-id": "6abbd26444057148d8c8b0ace58139e6",
        "x-ms-return-client-request-id": "true"
      },
      "RequestBody": null,
      "StatusCode": 200,
      "ResponseHeaders": {
        "Cache-Control": "no-cache",
        "Content-Length": "547",
        "Content-Type": "application/json; charset=utf-8",
        "Date": "Wed, 14 Sep 2022 23:59:07 GMT",
        "Expires": "-1",
        "Pragma": "no-cache",
        "Server": "Microsoft-IIS/10.0",
        "Strict-Transport-Security": "max-age=31536000; includeSubDomains",
        "X-Content-Type-Options": "nosniff",
        "x-ms-correlation-request-id": "77935d2f-6736-413b-aa0b-a2deb15a4688",
        "x-ms-ratelimit-remaining-subscription-reads": "11961",
        "x-ms-request-id": "bb6a4660-4f30-4cfa-b986-d25329ebdeec",
        "x-ms-routing-request-id": "FRANCESOUTH:20220914T235907Z:77935d2f-6736-413b-aa0b-a2deb15a4688",
        "X-Powered-By": "ASP.NET"
      },
      "ResponseBody": {
        "id": "/subscriptions/69a75bda-882e-44d5-8431-63421204132a/providers/Microsoft.NetApp/locations/westus2/operationResults/def600fb-cb48-4203-a071-aebc4d80ebf6",
        "name": "def600fb-cb48-4203-a071-aebc4d80ebf6",
        "status": "Deleting",
        "startTime": "2022-09-14T23:58:57.1890755Z",
        "endTime": "0001-01-01T00:00:00Z",
        "percentComplete": 0.0,
        "properties": {
          "resourceName": "/subscriptions/69a75bda-882e-44d5-8431-63421204132a/resourceGroups/testNetAppDotNetSDKRG-2155/providers/Microsoft.NetApp/netAppAccounts/account2578/capacityPools/pool1/volumes/volumeName-2983"
        }
      }
    },
    {
      "RequestUri": "https://management.azure.com/subscriptions/69a75bda-882e-44d5-8431-63421204132a/providers/Microsoft.NetApp/locations/westus2/operationResults/def600fb-cb48-4203-a071-aebc4d80ebf6?api-version=2022-05-01",
      "RequestMethod": "GET",
      "RequestHeaders": {
        "Authorization": "Sanitized",
        "traceparent": "00-1af5f646b7ee41b0c1d202c2e4c08400-284cb8a0c6edc2a8-00",
        "User-Agent": "azsdk-net-ResourceManager/1.3.1 (.NET 6.0.8; Microsoft Windows 10.0.19044)",
        "x-ms-client-request-id": "5a6fe4a6157469b9ca7435e54c97883f",
        "x-ms-return-client-request-id": "true"
      },
      "RequestBody": null,
      "StatusCode": 200,
      "ResponseHeaders": {
        "Cache-Control": "no-cache",
        "Content-Length": "547",
        "Content-Type": "application/json; charset=utf-8",
        "Date": "Wed, 14 Sep 2022 23:59:15 GMT",
        "Expires": "-1",
        "Pragma": "no-cache",
        "Server": "Microsoft-IIS/10.0",
        "Strict-Transport-Security": "max-age=31536000; includeSubDomains",
        "X-Content-Type-Options": "nosniff",
        "x-ms-correlation-request-id": "4f6abb3d-a48c-4f5b-8477-0188f950c09d",
        "x-ms-ratelimit-remaining-subscription-reads": "11960",
        "x-ms-request-id": "9a29c6fe-7cf7-451b-9358-0a21ee7627da",
        "x-ms-routing-request-id": "FRANCESOUTH:20220914T235916Z:4f6abb3d-a48c-4f5b-8477-0188f950c09d",
        "X-Powered-By": "ASP.NET"
      },
      "ResponseBody": {
        "id": "/subscriptions/69a75bda-882e-44d5-8431-63421204132a/providers/Microsoft.NetApp/locations/westus2/operationResults/def600fb-cb48-4203-a071-aebc4d80ebf6",
        "name": "def600fb-cb48-4203-a071-aebc4d80ebf6",
        "status": "Deleting",
        "startTime": "2022-09-14T23:58:57.1890755Z",
        "endTime": "0001-01-01T00:00:00Z",
        "percentComplete": 0.0,
        "properties": {
          "resourceName": "/subscriptions/69a75bda-882e-44d5-8431-63421204132a/resourceGroups/testNetAppDotNetSDKRG-2155/providers/Microsoft.NetApp/netAppAccounts/account2578/capacityPools/pool1/volumes/volumeName-2983"
        }
      }
    },
    {
      "RequestUri": "https://management.azure.com/subscriptions/69a75bda-882e-44d5-8431-63421204132a/providers/Microsoft.NetApp/locations/westus2/operationResults/def600fb-cb48-4203-a071-aebc4d80ebf6?api-version=2022-05-01",
      "RequestMethod": "GET",
      "RequestHeaders": {
        "Authorization": "Sanitized",
        "traceparent": "00-1af5f646b7ee41b0c1d202c2e4c08400-58eb8d65ed96c38e-00",
        "User-Agent": "azsdk-net-ResourceManager/1.3.1 (.NET 6.0.8; Microsoft Windows 10.0.19044)",
        "x-ms-client-request-id": "8303976466895220ea57233291f8f246",
        "x-ms-return-client-request-id": "true"
      },
      "RequestBody": null,
      "StatusCode": 200,
      "ResponseHeaders": {
        "Cache-Control": "no-cache",
        "Content-Length": "547",
        "Content-Type": "application/json; charset=utf-8",
        "Date": "Wed, 14 Sep 2022 23:59:32 GMT",
        "Expires": "-1",
        "Pragma": "no-cache",
        "Server": "Microsoft-IIS/10.0",
        "Strict-Transport-Security": "max-age=31536000; includeSubDomains",
        "X-Content-Type-Options": "nosniff",
        "x-ms-correlation-request-id": "a799c93d-55d5-4194-962d-2a95851f5e98",
        "x-ms-ratelimit-remaining-subscription-reads": "11959",
        "x-ms-request-id": "6cd0ebe2-7b24-4a1b-abd1-214b59d265b9",
        "x-ms-routing-request-id": "FRANCESOUTH:20220914T235933Z:a799c93d-55d5-4194-962d-2a95851f5e98",
        "X-Powered-By": "ASP.NET"
      },
      "ResponseBody": {
        "id": "/subscriptions/69a75bda-882e-44d5-8431-63421204132a/providers/Microsoft.NetApp/locations/westus2/operationResults/def600fb-cb48-4203-a071-aebc4d80ebf6",
        "name": "def600fb-cb48-4203-a071-aebc4d80ebf6",
        "status": "Deleting",
        "startTime": "2022-09-14T23:58:57.1890755Z",
        "endTime": "0001-01-01T00:00:00Z",
        "percentComplete": 0.0,
        "properties": {
          "resourceName": "/subscriptions/69a75bda-882e-44d5-8431-63421204132a/resourceGroups/testNetAppDotNetSDKRG-2155/providers/Microsoft.NetApp/netAppAccounts/account2578/capacityPools/pool1/volumes/volumeName-2983"
        }
      }
    },
    {
      "RequestUri": "https://management.azure.com/subscriptions/69a75bda-882e-44d5-8431-63421204132a/providers/Microsoft.NetApp/locations/westus2/operationResults/def600fb-cb48-4203-a071-aebc4d80ebf6?api-version=2022-05-01",
      "RequestMethod": "GET",
      "RequestHeaders": {
        "Authorization": "Sanitized",
        "traceparent": "00-1af5f646b7ee41b0c1d202c2e4c08400-4b8addc8698b88ff-00",
        "User-Agent": "azsdk-net-ResourceManager/1.3.1 (.NET 6.0.8; Microsoft Windows 10.0.19044)",
        "x-ms-client-request-id": "0253ec4341724f7b1852a0900f632541",
        "x-ms-return-client-request-id": "true"
      },
      "RequestBody": null,
      "StatusCode": 200,
      "ResponseHeaders": {
        "Cache-Control": "no-cache",
        "Content-Length": "558",
        "Content-Type": "application/json; charset=utf-8",
        "Date": "Thu, 15 Sep 2022 00:00:05 GMT",
        "Expires": "-1",
        "Pragma": "no-cache",
        "Server": "Microsoft-IIS/10.0",
        "Strict-Transport-Security": "max-age=31536000; includeSubDomains",
        "X-Content-Type-Options": "nosniff",
        "x-ms-correlation-request-id": "52ad8120-080f-48a4-ae0e-26989de76233",
        "x-ms-ratelimit-remaining-subscription-reads": "11958",
        "x-ms-request-id": "c148246a-3bef-4733-8d51-5fabc710a62b",
        "x-ms-routing-request-id": "FRANCESOUTH:20220915T000005Z:52ad8120-080f-48a4-ae0e-26989de76233",
        "X-Powered-By": "ASP.NET"
      },
      "ResponseBody": {
        "id": "/subscriptions/69a75bda-882e-44d5-8431-63421204132a/providers/Microsoft.NetApp/locations/westus2/operationResults/def600fb-cb48-4203-a071-aebc4d80ebf6",
        "name": "def600fb-cb48-4203-a071-aebc4d80ebf6",
        "status": "Succeeded",
        "startTime": "2022-09-14T23:58:57.1890755Z",
        "endTime": "2022-09-14T23:59:52.6144142Z",
        "percentComplete": 100.0,
        "properties": {
          "resourceName": "/subscriptions/69a75bda-882e-44d5-8431-63421204132a/resourceGroups/testNetAppDotNetSDKRG-2155/providers/Microsoft.NetApp/netAppAccounts/account2578/capacityPools/pool1/volumes/volumeName-2983"
        }
      }
    },
    {
      "RequestUri": "https://management.azure.com/subscriptions/69a75bda-882e-44d5-8431-63421204132a/resourceGroups/testNetAppDotNetSDKRG-2155/providers/Microsoft.NetApp/netAppAccounts/account2578/capacityPools/pool1?api-version=2022-05-01",
      "RequestMethod": "DELETE",
      "RequestHeaders": {
        "Authorization": "Sanitized",
        "traceparent": "00-f3cd3767ee3f54424c95bed95f1b66e7-6421efe34070284a-00",
        "User-Agent": "azsdk-net-ResourceManager.NetApp/1.0.0-alpha.20220914.1 (.NET 6.0.8; Microsoft Windows 10.0.19044)",
        "x-ms-client-request-id": "4d48713fb67d3f5cc31c6f1cf187d8d2",
        "x-ms-return-client-request-id": "true"
      },
      "RequestBody": null,
      "StatusCode": 202,
      "ResponseHeaders": {
        "Azure-AsyncOperation": "https://management.azure.com/subscriptions/69a75bda-882e-44d5-8431-63421204132a/providers/Microsoft.NetApp/locations/westus2/operationResults/803b4928-6fce-4555-a4fc-7ff862c2ea8d?api-version=2022-05-01",
        "Cache-Control": "no-cache",
        "Content-Length": "0",
        "Date": "Thu, 15 Sep 2022 00:00:35 GMT",
        "Expires": "-1",
        "Location": "https://management.azure.com/subscriptions/69a75bda-882e-44d5-8431-63421204132a/providers/Microsoft.NetApp/locations/westus2/operationResults/803b4928-6fce-4555-a4fc-7ff862c2ea8d?api-version=2022-05-01\u0026operationResultResponseType=Location",
        "Pragma": "no-cache",
        "Server": "Microsoft-IIS/10.0",
        "Strict-Transport-Security": "max-age=31536000; includeSubDomains",
        "X-Content-Type-Options": "nosniff",
        "x-ms-correlation-request-id": "e07ca4b1-7128-485c-a2ca-d44546931b63",
        "x-ms-ratelimit-remaining-subscription-deletes": "14997",
        "x-ms-request-id": "e07ca4b1-7128-485c-a2ca-d44546931b63",
        "x-ms-routing-request-id": "FRANCESOUTH:20220915T000036Z:e07ca4b1-7128-485c-a2ca-d44546931b63",
        "X-Powered-By": "ASP.NET"
      },
      "ResponseBody": null
    },
    {
      "RequestUri": "https://management.azure.com/subscriptions/69a75bda-882e-44d5-8431-63421204132a/providers/Microsoft.NetApp/locations/westus2/operationResults/803b4928-6fce-4555-a4fc-7ff862c2ea8d?api-version=2022-05-01",
      "RequestMethod": "GET",
      "RequestHeaders": {
        "Authorization": "Sanitized",
        "traceparent": "00-f3cd3767ee3f54424c95bed95f1b66e7-c95db25a85209455-00",
        "User-Agent": "azsdk-net-ResourceManager/1.3.1 (.NET 6.0.8; Microsoft Windows 10.0.19044)",
        "x-ms-client-request-id": "20f2e232a5b08dc98f133e55d15f5d91",
        "x-ms-return-client-request-id": "true"
      },
      "RequestBody": null,
      "StatusCode": 200,
      "ResponseHeaders": {
        "Cache-Control": "no-cache",
        "Content-Length": "523",
        "Content-Type": "application/json; charset=utf-8",
        "Date": "Thu, 15 Sep 2022 00:00:36 GMT",
        "Expires": "-1",
        "Pragma": "no-cache",
        "Server": "Microsoft-IIS/10.0",
        "Strict-Transport-Security": "max-age=31536000; includeSubDomains",
        "X-Content-Type-Options": "nosniff",
        "x-ms-correlation-request-id": "4c806efc-e9fa-428e-a24a-b4efa914a138",
        "x-ms-ratelimit-remaining-subscription-reads": "11957",
        "x-ms-request-id": "e1206fd7-63b3-42fb-a015-67e435ae8dc9",
        "x-ms-routing-request-id": "FRANCESOUTH:20220915T000036Z:4c806efc-e9fa-428e-a24a-b4efa914a138",
        "X-Powered-By": "ASP.NET"
      },
      "ResponseBody": {
        "id": "/subscriptions/69a75bda-882e-44d5-8431-63421204132a/providers/Microsoft.NetApp/locations/westus2/operationResults/803b4928-6fce-4555-a4fc-7ff862c2ea8d",
        "name": "803b4928-6fce-4555-a4fc-7ff862c2ea8d",
        "status": "Deleting",
        "startTime": "2022-09-15T00:00:36.0853428Z",
        "endTime": "0001-01-01T00:00:00Z",
        "percentComplete": 0.0,
        "properties": {
          "resourceName": "/subscriptions/69a75bda-882e-44d5-8431-63421204132a/resourceGroups/testNetAppDotNetSDKRG-2155/providers/Microsoft.NetApp/netAppAccounts/account2578/capacityPools/pool1"
        }
      }
    },
    {
      "RequestUri": "https://management.azure.com/subscriptions/69a75bda-882e-44d5-8431-63421204132a/providers/Microsoft.NetApp/locations/westus2/operationResults/803b4928-6fce-4555-a4fc-7ff862c2ea8d?api-version=2022-05-01",
      "RequestMethod": "GET",
      "RequestHeaders": {
        "Authorization": "Sanitized",
        "traceparent": "00-f3cd3767ee3f54424c95bed95f1b66e7-9d0013779d6d8a1c-00",
        "User-Agent": "azsdk-net-ResourceManager/1.3.1 (.NET 6.0.8; Microsoft Windows 10.0.19044)",
        "x-ms-client-request-id": "210dcd7ac5c1b9fca42531c94b257932",
        "x-ms-return-client-request-id": "true"
      },
      "RequestBody": null,
      "StatusCode": 200,
      "ResponseHeaders": {
        "Cache-Control": "no-cache",
        "Content-Length": "534",
        "Content-Type": "application/json; charset=utf-8",
        "Date": "Thu, 15 Sep 2022 00:00:37 GMT",
        "Expires": "-1",
        "Pragma": "no-cache",
        "Server": "Microsoft-IIS/10.0",
        "Strict-Transport-Security": "max-age=31536000; includeSubDomains",
        "X-Content-Type-Options": "nosniff",
        "x-ms-correlation-request-id": "354e2548-6e03-4e40-afbd-0cd9d940bac0",
        "x-ms-ratelimit-remaining-subscription-reads": "11956",
        "x-ms-request-id": "0ce18dc3-4625-47e3-87b2-1f09d005cbf2",
        "x-ms-routing-request-id": "FRANCESOUTH:20220915T000037Z:354e2548-6e03-4e40-afbd-0cd9d940bac0",
        "X-Powered-By": "ASP.NET"
      },
      "ResponseBody": {
        "id": "/subscriptions/69a75bda-882e-44d5-8431-63421204132a/providers/Microsoft.NetApp/locations/westus2/operationResults/803b4928-6fce-4555-a4fc-7ff862c2ea8d",
        "name": "803b4928-6fce-4555-a4fc-7ff862c2ea8d",
        "status": "Succeeded",
        "startTime": "2022-09-15T00:00:36.0853428Z",
        "endTime": "2022-09-15T00:00:37.2885678Z",
        "percentComplete": 100.0,
        "properties": {
          "resourceName": "/subscriptions/69a75bda-882e-44d5-8431-63421204132a/resourceGroups/testNetAppDotNetSDKRG-2155/providers/Microsoft.NetApp/netAppAccounts/account2578/capacityPools/pool1"
        }
      }
    },
    {
      "RequestUri": "https://management.azure.com/subscriptions/69a75bda-882e-44d5-8431-63421204132a/resourceGroups/testNetAppDotNetSDKRG-2155/providers/Microsoft.NetApp/netAppAccounts/account2578?api-version=2022-05-01",
      "RequestMethod": "DELETE",
      "RequestHeaders": {
        "Authorization": "Sanitized",
        "traceparent": "00-0ac1573753378e4a870797515e6a4c3e-6e2ae91aa7bdb51f-00",
        "User-Agent": "azsdk-net-ResourceManager.NetApp/1.0.0-alpha.20220914.1 (.NET 6.0.8; Microsoft Windows 10.0.19044)",
        "x-ms-client-request-id": "0eeae8d9b794dd222514d030477751bd",
        "x-ms-return-client-request-id": "true"
      },
      "RequestBody": null,
      "StatusCode": 202,
      "ResponseHeaders": {
        "Azure-AsyncOperation": "https://management.azure.com/subscriptions/69a75bda-882e-44d5-8431-63421204132a/providers/Microsoft.NetApp/locations/westus2/operationResults/94b94546-042c-4be9-af98-2cae4719b058?api-version=2022-05-01",
        "Cache-Control": "no-cache",
        "Content-Length": "0",
        "Date": "Thu, 15 Sep 2022 00:02:01 GMT",
        "Expires": "-1",
        "Location": "https://management.azure.com/subscriptions/69a75bda-882e-44d5-8431-63421204132a/providers/Microsoft.NetApp/locations/westus2/operationResults/94b94546-042c-4be9-af98-2cae4719b058?api-version=2022-05-01\u0026operationResultResponseType=Location",
        "Pragma": "no-cache",
        "Server": "Microsoft-IIS/10.0",
        "Strict-Transport-Security": "max-age=31536000; includeSubDomains",
        "X-Content-Type-Options": "nosniff",
        "x-ms-correlation-request-id": "fee2a15f-9413-4e87-9d45-041cfe04cbab",
        "x-ms-ratelimit-remaining-subscription-deletes": "14999",
        "x-ms-request-id": "fee2a15f-9413-4e87-9d45-041cfe04cbab",
        "x-ms-routing-request-id": "FRANCESOUTH:20220915T000201Z:fee2a15f-9413-4e87-9d45-041cfe04cbab",
        "X-Powered-By": "ASP.NET"
      },
      "ResponseBody": null
    },
    {
      "RequestUri": "https://management.azure.com/subscriptions/69a75bda-882e-44d5-8431-63421204132a/providers/Microsoft.NetApp/locations/westus2/operationResults/94b94546-042c-4be9-af98-2cae4719b058?api-version=2022-05-01",
      "RequestMethod": "GET",
      "RequestHeaders": {
        "Authorization": "Sanitized",
        "traceparent": "00-0ac1573753378e4a870797515e6a4c3e-e28220cb4e2830d4-00",
        "User-Agent": "azsdk-net-ResourceManager/1.3.1 (.NET 6.0.8; Microsoft Windows 10.0.19044)",
        "x-ms-client-request-id": "e87c0c9a4f74c2fcab30fcacf5cc712d",
        "x-ms-return-client-request-id": "true"
      },
      "RequestBody": null,
      "StatusCode": 200,
      "ResponseHeaders": {
        "Cache-Control": "no-cache",
        "Content-Length": "514",
        "Content-Type": "application/json; charset=utf-8",
        "Date": "Thu, 15 Sep 2022 00:02:01 GMT",
        "Expires": "-1",
        "Pragma": "no-cache",
        "Server": "Microsoft-IIS/10.0",
        "Strict-Transport-Security": "max-age=31536000; includeSubDomains",
        "X-Content-Type-Options": "nosniff",
        "x-ms-correlation-request-id": "80c62603-4aac-4a7e-93e0-d872c5f11c31",
        "x-ms-ratelimit-remaining-subscription-reads": "11996",
        "x-ms-request-id": "7f0c9d99-5585-4b63-8e0c-2bf1102cf646",
        "x-ms-routing-request-id": "FRANCESOUTH:20220915T000202Z:80c62603-4aac-4a7e-93e0-d872c5f11c31",
        "X-Powered-By": "ASP.NET"
      },
      "ResponseBody": {
        "id": "/subscriptions/69a75bda-882e-44d5-8431-63421204132a/providers/Microsoft.NetApp/locations/westus2/operationResults/94b94546-042c-4be9-af98-2cae4719b058",
        "name": "94b94546-042c-4be9-af98-2cae4719b058",
        "status": "Succeeded",
        "startTime": "2022-09-15T00:02:01.6982475Z",
        "endTime": "2022-09-15T00:02:01.7607473Z",
        "percentComplete": 100.0,
        "properties": {
          "resourceName": "/subscriptions/69a75bda-882e-44d5-8431-63421204132a/resourceGroups/testNetAppDotNetSDKRG-2155/providers/Microsoft.NetApp/netAppAccounts/account2578"
        }
      }
    }
  ],
  "Variables": {
    "RandomSeed": "1742945454",
    "RESOURCE_MANAGER_URL": null,
    "SUBSCRIPTION_ID": "69a75bda-882e-44d5-8431-63421204132a"
  }
}
