{
  "Entries": [
    {
      "RequestUri": "https://management.azure.com/subscriptions/220fc532-6091-423c-8ba0-66c2397d591b/resourcegroups/dbaccount-4346?api-version=**",
      "RequestMethod": "GET",
      "RequestHeaders": {
        "Accept": "application/json",
        "Authorization": "Sanitized",
        "traceparent": "00-3a4edfab25e7a7988a59c3765381e588-15e18b58dc0bb02c-00",
        "User-Agent": "azsdk-net-ResourceManager/1.6.0 (.NET 7.0.7; Microsoft Windows 10.0.23493)",
        "x-ms-client-request-id": "23c8dfbf88118e198bd33f9269f62a9a",
        "x-ms-return-client-request-id": "true"
      },
      "RequestBody": null,
      "StatusCode": 200,
      "ResponseHeaders": {
        "Cache-Control": "no-cache",
        "Content-Length": "226",
        "Content-Type": "application/json; charset=utf-8",
        "Date": "Sat, 01 Jul 2023 07:17:05 GMT",
        "Expires": "-1",
        "Pragma": "no-cache",
        "Strict-Transport-Security": "max-age=31536000; includeSubDomains",
        "X-Content-Type-Options": "nosniff",
        "x-ms-correlation-request-id": "4499e2a2-2065-4790-9c50-02c5d47f5ac8",
        "x-ms-ratelimit-remaining-subscription-reads": "11207",
        "x-ms-request-id": "4499e2a2-2065-4790-9c50-02c5d47f5ac8",
        "x-ms-routing-request-id": "SOUTHCENTRALUS:20230701T071706Z:4499e2a2-2065-4790-9c50-02c5d47f5ac8"
      },
      "ResponseBody": {
        "id": "/subscriptions/220fc532-6091-423c-8ba0-66c2397d591b/resourceGroups/dbaccount-4346",
        "name": "dbaccount-4346",
        "type": "Microsoft.Resources/resourceGroups",
        "location": "westus2",
        "properties": {
          "provisioningState": "Succeeded"
        }
      }
    },
    {
      "RequestUri": "https://management.azure.com/subscriptions/220fc532-6091-423c-8ba0-66c2397d591b/resourceGroups/dbaccount-4346/providers/Microsoft.DocumentDB/databaseAccounts/dbaccount-1712?api-version=2023-03-15-preview",
      "RequestMethod": "PUT",
      "RequestHeaders": {
        "Accept": "application/json",
        "Authorization": "Sanitized",
        "Content-Length": "541",
        "Content-Type": "application/json",
        "traceparent": "00-44d8ea027557cbf7480645544bda0bdc-065f98aa209e2b61-00",
        "User-Agent": "azsdk-net-ResourceManager.CosmosDB/1.4.0-alpha.20230630.1 (.NET 7.0.7; Microsoft Windows 10.0.23493)",
        "x-ms-client-request-id": "0b256f0d8f0a4e9ecc3be894184439da",
        "x-ms-return-client-request-id": "true"
      },
      "RequestBody": {
        "kind": "GlobalDocumentDB",
        "tags": {
          "key1": "value1",
          "key2": "value2"
        },
        "location": "westus2",
        "properties": {
          "consistencyPolicy": {
            "defaultConsistencyLevel": "BoundedStaleness",
            "maxStalenessPrefix": 300,
            "maxIntervalInSeconds": 1000
          },
          "locations": [
            {
              "locationName": "westus",
              "isZoneRedundant": false
            }
          ],
          "databaseAccountOfferType": "Standard",
          "ipRules": [
            {
              "ipAddressOrRange": "23.43.230.120"
            }
          ],
          "isVirtualNetworkFilterEnabled": true,
          "enableAutomaticFailover": false,
          "connectorOffer": "Small",
          "disableKeyBasedMetadataWriteAccess": false,
          "enablePartitionMerge": false
        }
      },
      "StatusCode": 200,
      "ResponseHeaders": {
        "Azure-AsyncOperation": "https://management.azure.com/subscriptions/220fc532-6091-423c-8ba0-66c2397d591b/providers/Microsoft.DocumentDB/locations/westus2/operationsStatus/e18c52bd-e962-4ebd-aeec-6f75d362e4c7?api-version=2023-03-15-preview",
        "Cache-Control": "no-store, no-cache",
        "Content-Length": "2532",
        "Content-Type": "application/json",
        "Date": "Sat, 01 Jul 2023 07:17:11 GMT",
        "Location": "https://management.azure.com/subscriptions/220fc532-6091-423c-8ba0-66c2397d591b/resourceGroups/dbaccount-4346/providers/Microsoft.DocumentDB/databaseAccounts/dbaccount-1712/operationResults/e18c52bd-e962-4ebd-aeec-6f75d362e4c7?api-version=2023-03-15-preview",
        "Pragma": "no-cache",
        "Server": "Microsoft-HTTPAPI/2.0",
        "Strict-Transport-Security": "max-age=31536000; includeSubDomains",
        "X-Content-Type-Options": "nosniff",
        "x-ms-correlation-request-id": "cabdae62-f677-4b17-9576-81747b431c5c",
        "x-ms-gatewayversion": "version=2.14.0",
        "x-ms-ratelimit-remaining-subscription-writes": "1141",
        "x-ms-request-id": "e18c52bd-e962-4ebd-aeec-6f75d362e4c7",
        "x-ms-routing-request-id": "SOUTHCENTRALUS:20230701T071712Z:cabdae62-f677-4b17-9576-81747b431c5c"
      },
      "ResponseBody": {
        "id": "/subscriptions/220fc532-6091-423c-8ba0-66c2397d591b/resourceGroups/dbaccount-4346/providers/Microsoft.DocumentDB/databaseAccounts/dbaccount-1712",
        "name": "dbaccount-1712",
        "location": "West US 2",
        "type": "Microsoft.DocumentDB/databaseAccounts",
        "kind": "GlobalDocumentDB",
        "tags": {
          "key1": "value1",
          "key2": "value2"
        },
        "systemData": {
          "createdAt": "2023-07-01T07:17:10.0857038Z"
        },
        "properties": {
          "provisioningState": "Creating",
          "publicNetworkAccess": "Enabled",
          "enableAutomaticFailover": false,
          "enableMultipleWriteLocations": false,
          "enablePartitionKeyMonitor": false,
          "isVirtualNetworkFilterEnabled": true,
          "virtualNetworkRules": [],
          "EnabledApiTypes": "Sql",
          "disableKeyBasedMetadataWriteAccess": false,
          "enableFreeTier": false,
          "enableAnalyticalStorage": false,
          "analyticalStorageConfiguration": {
            "schemaType": "WellDefined"
          },
          "instanceId": "2c102a47-df21-4e57-927a-50aeda8b149a",
          "databaseAccountOfferType": "Standard",
          "enableCassandraConnector": false,
          "connectorOffer": "Small",
          "enableMaterializedViews": false,
          "enableFullFidelityChangeFeed": false,
          "defaultIdentity": "",
          "networkAclBypass": "None",
          "disableLocalAuth": false,
          "enablePartitionMerge": false,
          "enableBurstCapacity": false,
          "minimalTlsVersion": "Tls",
          "consistencyPolicy": {
            "defaultConsistencyLevel": "BoundedStaleness",
            "maxIntervalInSeconds": 1000,
            "maxStalenessPrefix": 300
          },
          "configurationOverrides": {},
          "writeLocations": [
            {
              "id": "dbaccount-1712-westus",
              "locationName": "West US",
              "provisioningState": "Creating",
              "failoverPriority": 0,
              "isZoneRedundant": false
            }
          ],
          "readLocations": [
            {
              "id": "dbaccount-1712-westus",
              "locationName": "West US",
              "provisioningState": "Creating",
              "failoverPriority": 0,
              "isZoneRedundant": false
            }
          ],
          "locations": [
            {
              "id": "dbaccount-1712-westus",
              "locationName": "West US",
              "provisioningState": "Creating",
              "failoverPriority": 0,
              "isZoneRedundant": false
            }
          ],
          "failoverPolicies": [
            {
              "id": "dbaccount-1712-westus",
              "locationName": "West US",
              "failoverPriority": 0
            }
          ],
          "cors": [],
          "capabilities": [],
          "ipRules": [
            {
              "ipAddressOrRange": "23.43.230.120"
            }
          ],
          "backupPolicy": {
            "type": "Periodic",
            "periodicModeProperties": {
              "backupIntervalInMinutes": 240,
              "backupRetentionIntervalInHours": 8,
              "backupStorageRedundancy": "Invalid"
            }
          },
          "networkAclBypassResourceIds": [],
          "diagnosticLogSettings": {
            "enableFullTextQuery": "None"
          },
          "keysMetadata": {
            "primaryMasterKey": {
              "generationTime": "2023-07-01T07:17:10.0857038Z"
            },
            "secondaryMasterKey": {
              "generationTime": "2023-07-01T07:17:10.0857038Z"
            },
            "primaryReadonlyMasterKey": {
              "generationTime": "2023-07-01T07:17:10.0857038Z"
            },
            "secondaryReadonlyMasterKey": {
              "generationTime": "2023-07-01T07:17:10.0857038Z"
            }
          }
        },
        "identity": {
          "type": "None"
        }
      }
    },
    {
      "RequestUri": "https://management.azure.com/subscriptions/220fc532-6091-423c-8ba0-66c2397d591b/providers/Microsoft.DocumentDB/locations/westus2/operationsStatus/e18c52bd-e962-4ebd-aeec-6f75d362e4c7?api-version=2023-03-15-preview",
      "RequestMethod": "GET",
      "RequestHeaders": {
        "Authorization": "Sanitized",
        "traceparent": "00-44d8ea027557cbf7480645544bda0bdc-3dca6c103f78fc27-00",
        "User-Agent": "azsdk-net-ResourceManager/1.6.0 (.NET 7.0.7; Microsoft Windows 10.0.23493)",
        "x-ms-client-request-id": "b79abd7596b750b42ad5454d31f9728f",
        "x-ms-return-client-request-id": "true"
      },
      "RequestBody": null,
      "StatusCode": 200,
      "ResponseHeaders": {
        "Cache-Control": "no-store, no-cache",
        "Content-Length": "21",
        "Content-Type": "application/json",
        "Date": "Sat, 01 Jul 2023 07:17:11 GMT",
        "Pragma": "no-cache",
        "Server": "Microsoft-HTTPAPI/2.0",
        "Strict-Transport-Security": "max-age=31536000; includeSubDomains",
        "X-Content-Type-Options": "nosniff",
        "x-ms-correlation-request-id": "ce1ae8cd-f8aa-466b-9a58-a40741db9037",
        "x-ms-gatewayversion": "version=2.14.0",
        "x-ms-ratelimit-remaining-subscription-reads": "11206",
        "x-ms-request-id": "ce1ae8cd-f8aa-466b-9a58-a40741db9037",
        "x-ms-routing-request-id": "SOUTHCENTRALUS:20230701T071712Z:ce1ae8cd-f8aa-466b-9a58-a40741db9037"
      },
      "ResponseBody": {
        "status": "Enqueued"
      }
    },
    {
      "RequestUri": "https://management.azure.com/subscriptions/220fc532-6091-423c-8ba0-66c2397d591b/providers/Microsoft.DocumentDB/locations/westus2/operationsStatus/e18c52bd-e962-4ebd-aeec-6f75d362e4c7?api-version=2023-03-15-preview",
      "RequestMethod": "GET",
      "RequestHeaders": {
        "Authorization": "Sanitized",
        "traceparent": "00-44d8ea027557cbf7480645544bda0bdc-5acc9f74809e1c81-00",
        "User-Agent": "azsdk-net-ResourceManager/1.6.0 (.NET 7.0.7; Microsoft Windows 10.0.23493)",
        "x-ms-client-request-id": "0364b8063bf03f5b9dd2283feea66a51",
        "x-ms-return-client-request-id": "true"
      },
      "RequestBody": null,
      "StatusCode": 200,
      "ResponseHeaders": {
        "Cache-Control": "no-store, no-cache",
        "Content-Length": "21",
        "Content-Type": "application/json",
        "Date": "Sat, 01 Jul 2023 07:17:12 GMT",
        "Pragma": "no-cache",
        "Server": "Microsoft-HTTPAPI/2.0",
        "Strict-Transport-Security": "max-age=31536000; includeSubDomains",
        "X-Content-Type-Options": "nosniff",
        "x-ms-correlation-request-id": "996a076d-c478-4e75-b5ca-915f1b8ab453",
        "x-ms-gatewayversion": "version=2.14.0",
        "x-ms-ratelimit-remaining-subscription-reads": "11205",
        "x-ms-request-id": "996a076d-c478-4e75-b5ca-915f1b8ab453",
        "x-ms-routing-request-id": "SOUTHCENTRALUS:20230701T071713Z:996a076d-c478-4e75-b5ca-915f1b8ab453"
      },
      "ResponseBody": {
        "status": "Enqueued"
      }
    },
    {
      "RequestUri": "https://management.azure.com/subscriptions/220fc532-6091-423c-8ba0-66c2397d591b/providers/Microsoft.DocumentDB/locations/westus2/operationsStatus/e18c52bd-e962-4ebd-aeec-6f75d362e4c7?api-version=2023-03-15-preview",
      "RequestMethod": "GET",
      "RequestHeaders": {
        "Authorization": "Sanitized",
        "traceparent": "00-44d8ea027557cbf7480645544bda0bdc-a8c528b92b24a2ed-00",
        "User-Agent": "azsdk-net-ResourceManager/1.6.0 (.NET 7.0.7; Microsoft Windows 10.0.23493)",
        "x-ms-client-request-id": "5a1f109182aa6f233ee934b7888421e9",
        "x-ms-return-client-request-id": "true"
      },
      "RequestBody": null,
      "StatusCode": 200,
      "ResponseHeaders": {
        "Cache-Control": "no-store, no-cache",
        "Content-Length": "21",
        "Content-Type": "application/json",
        "Date": "Sat, 01 Jul 2023 07:17:13 GMT",
        "Pragma": "no-cache",
        "Server": "Microsoft-HTTPAPI/2.0",
        "Strict-Transport-Security": "max-age=31536000; includeSubDomains",
        "X-Content-Type-Options": "nosniff",
        "x-ms-correlation-request-id": "b56eeade-db7e-4742-8720-bec43d9680b3",
        "x-ms-gatewayversion": "version=2.14.0",
        "x-ms-ratelimit-remaining-subscription-reads": "11204",
        "x-ms-request-id": "b56eeade-db7e-4742-8720-bec43d9680b3",
        "x-ms-routing-request-id": "SOUTHCENTRALUS:20230701T071714Z:b56eeade-db7e-4742-8720-bec43d9680b3"
      },
      "ResponseBody": {
        "status": "Enqueued"
      }
    },
    {
      "RequestUri": "https://management.azure.com/subscriptions/220fc532-6091-423c-8ba0-66c2397d591b/providers/Microsoft.DocumentDB/locations/westus2/operationsStatus/e18c52bd-e962-4ebd-aeec-6f75d362e4c7?api-version=2023-03-15-preview",
      "RequestMethod": "GET",
      "RequestHeaders": {
        "Authorization": "Sanitized",
        "traceparent": "00-44d8ea027557cbf7480645544bda0bdc-a6a4b47ec96796c6-00",
        "User-Agent": "azsdk-net-ResourceManager/1.6.0 (.NET 7.0.7; Microsoft Windows 10.0.23493)",
        "x-ms-client-request-id": "2cf01158a61639e7625a19e56d746183",
        "x-ms-return-client-request-id": "true"
      },
      "RequestBody": null,
      "StatusCode": 200,
      "ResponseHeaders": {
        "Cache-Control": "no-store, no-cache",
        "Content-Length": "21",
        "Content-Type": "application/json",
        "Date": "Sat, 01 Jul 2023 07:17:15 GMT",
        "Pragma": "no-cache",
        "Server": "Microsoft-HTTPAPI/2.0",
        "Strict-Transport-Security": "max-age=31536000; includeSubDomains",
        "X-Content-Type-Options": "nosniff",
        "x-ms-correlation-request-id": "263cf892-a6f8-482c-9451-6d68e3d84b35",
        "x-ms-gatewayversion": "version=2.14.0",
        "x-ms-ratelimit-remaining-subscription-reads": "11203",
        "x-ms-request-id": "263cf892-a6f8-482c-9451-6d68e3d84b35",
        "x-ms-routing-request-id": "SOUTHCENTRALUS:20230701T071715Z:263cf892-a6f8-482c-9451-6d68e3d84b35"
      },
      "ResponseBody": {
        "status": "Dequeued"
      }
    },
    {
      "RequestUri": "https://management.azure.com/subscriptions/220fc532-6091-423c-8ba0-66c2397d591b/providers/Microsoft.DocumentDB/locations/westus2/operationsStatus/e18c52bd-e962-4ebd-aeec-6f75d362e4c7?api-version=2023-03-15-preview",
      "RequestMethod": "GET",
      "RequestHeaders": {
        "Authorization": "Sanitized",
        "traceparent": "00-44d8ea027557cbf7480645544bda0bdc-2a58f233b7b9956d-00",
        "User-Agent": "azsdk-net-ResourceManager/1.6.0 (.NET 7.0.7; Microsoft Windows 10.0.23493)",
        "x-ms-client-request-id": "20bbf46b17da83e595f4c40707a3b619",
        "x-ms-return-client-request-id": "true"
      },
      "RequestBody": null,
      "StatusCode": 200,
      "ResponseHeaders": {
        "Cache-Control": "no-store, no-cache",
        "Content-Length": "21",
        "Content-Type": "application/json",
        "Date": "Sat, 01 Jul 2023 07:17:17 GMT",
        "Pragma": "no-cache",
        "Server": "Microsoft-HTTPAPI/2.0",
        "Strict-Transport-Security": "max-age=31536000; includeSubDomains",
        "X-Content-Type-Options": "nosniff",
        "x-ms-correlation-request-id": "2f1a1dfd-ebae-45e5-a2aa-cad9a55c9778",
        "x-ms-gatewayversion": "version=2.14.0",
        "x-ms-ratelimit-remaining-subscription-reads": "11202",
        "x-ms-request-id": "2f1a1dfd-ebae-45e5-a2aa-cad9a55c9778",
        "x-ms-routing-request-id": "SOUTHCENTRALUS:20230701T071717Z:2f1a1dfd-ebae-45e5-a2aa-cad9a55c9778"
      },
      "ResponseBody": {
        "status": "Dequeued"
      }
    },
    {
      "RequestUri": "https://management.azure.com/subscriptions/220fc532-6091-423c-8ba0-66c2397d591b/providers/Microsoft.DocumentDB/locations/westus2/operationsStatus/e18c52bd-e962-4ebd-aeec-6f75d362e4c7?api-version=2023-03-15-preview",
      "RequestMethod": "GET",
      "RequestHeaders": {
        "Authorization": "Sanitized",
        "traceparent": "00-44d8ea027557cbf7480645544bda0bdc-7be73aad21e58f57-00",
        "User-Agent": "azsdk-net-ResourceManager/1.6.0 (.NET 7.0.7; Microsoft Windows 10.0.23493)",
        "x-ms-client-request-id": "dde73fb03db5eb3a28e5f84f683d01c9",
        "x-ms-return-client-request-id": "true"
      },
      "RequestBody": null,
      "StatusCode": 200,
      "ResponseHeaders": {
        "Cache-Control": "no-store, no-cache",
        "Content-Length": "21",
        "Content-Type": "application/json",
        "Date": "Sat, 01 Jul 2023 07:17:21 GMT",
        "Pragma": "no-cache",
        "Server": "Microsoft-HTTPAPI/2.0",
        "Strict-Transport-Security": "max-age=31536000; includeSubDomains",
        "X-Content-Type-Options": "nosniff",
        "x-ms-correlation-request-id": "5fa70645-9b01-4385-99a1-469d2c7f6543",
        "x-ms-gatewayversion": "version=2.14.0",
        "x-ms-ratelimit-remaining-subscription-reads": "11201",
        "x-ms-request-id": "5fa70645-9b01-4385-99a1-469d2c7f6543",
        "x-ms-routing-request-id": "SOUTHCENTRALUS:20230701T071722Z:5fa70645-9b01-4385-99a1-469d2c7f6543"
      },
      "ResponseBody": {
        "status": "Dequeued"
      }
    },
    {
      "RequestUri": "https://management.azure.com/subscriptions/220fc532-6091-423c-8ba0-66c2397d591b/providers/Microsoft.DocumentDB/locations/westus2/operationsStatus/e18c52bd-e962-4ebd-aeec-6f75d362e4c7?api-version=2023-03-15-preview",
      "RequestMethod": "GET",
      "RequestHeaders": {
        "Authorization": "Sanitized",
        "traceparent": "00-44d8ea027557cbf7480645544bda0bdc-ca6f996b19094817-00",
        "User-Agent": "azsdk-net-ResourceManager/1.6.0 (.NET 7.0.7; Microsoft Windows 10.0.23493)",
        "x-ms-client-request-id": "934cb18700c8400f2c6d9721e1e032be",
        "x-ms-return-client-request-id": "true"
      },
      "RequestBody": null,
      "StatusCode": 200,
      "ResponseHeaders": {
        "Cache-Control": "no-store, no-cache",
        "Content-Length": "21",
        "Content-Type": "application/json",
        "Date": "Sat, 01 Jul 2023 07:17:29 GMT",
        "Pragma": "no-cache",
        "Server": "Microsoft-HTTPAPI/2.0",
        "Strict-Transport-Security": "max-age=31536000; includeSubDomains",
        "X-Content-Type-Options": "nosniff",
        "x-ms-correlation-request-id": "5db71efa-7311-46ee-8a25-15808dfd99b4",
        "x-ms-gatewayversion": "version=2.14.0",
        "x-ms-ratelimit-remaining-subscription-reads": "11200",
        "x-ms-request-id": "5db71efa-7311-46ee-8a25-15808dfd99b4",
        "x-ms-routing-request-id": "SOUTHCENTRALUS:20230701T071730Z:5db71efa-7311-46ee-8a25-15808dfd99b4"
      },
      "ResponseBody": {
        "status": "Dequeued"
      }
    },
    {
      "RequestUri": "https://management.azure.com/subscriptions/220fc532-6091-423c-8ba0-66c2397d591b/providers/Microsoft.DocumentDB/locations/westus2/operationsStatus/e18c52bd-e962-4ebd-aeec-6f75d362e4c7?api-version=2023-03-15-preview",
      "RequestMethod": "GET",
      "RequestHeaders": {
        "Authorization": "Sanitized",
        "traceparent": "00-44d8ea027557cbf7480645544bda0bdc-a0e00cc603eed26a-00",
        "User-Agent": "azsdk-net-ResourceManager/1.6.0 (.NET 7.0.7; Microsoft Windows 10.0.23493)",
        "x-ms-client-request-id": "2d3400a4848d2dcdbad0f8f41f961b57",
        "x-ms-return-client-request-id": "true"
      },
      "RequestBody": null,
      "StatusCode": 200,
      "ResponseHeaders": {
        "Cache-Control": "no-store, no-cache",
        "Content-Length": "21",
        "Content-Type": "application/json",
        "Date": "Sat, 01 Jul 2023 07:17:46 GMT",
        "Pragma": "no-cache",
        "Server": "Microsoft-HTTPAPI/2.0",
        "Strict-Transport-Security": "max-age=31536000; includeSubDomains",
        "X-Content-Type-Options": "nosniff",
        "x-ms-correlation-request-id": "1ab6f22c-2674-40ec-8cbf-5af720f2177f",
        "x-ms-gatewayversion": "version=2.14.0",
        "x-ms-ratelimit-remaining-subscription-reads": "11199",
        "x-ms-request-id": "1ab6f22c-2674-40ec-8cbf-5af720f2177f",
        "x-ms-routing-request-id": "SOUTHCENTRALUS:20230701T071746Z:1ab6f22c-2674-40ec-8cbf-5af720f2177f"
      },
      "ResponseBody": {
        "status": "Dequeued"
      }
    },
    {
      "RequestUri": "https://management.azure.com/subscriptions/220fc532-6091-423c-8ba0-66c2397d591b/providers/Microsoft.DocumentDB/locations/westus2/operationsStatus/e18c52bd-e962-4ebd-aeec-6f75d362e4c7?api-version=2023-03-15-preview",
      "RequestMethod": "GET",
      "RequestHeaders": {
        "Authorization": "Sanitized",
        "traceparent": "00-44d8ea027557cbf7480645544bda0bdc-fe9900e5d34d6c72-00",
        "User-Agent": "azsdk-net-ResourceManager/1.6.0 (.NET 7.0.7; Microsoft Windows 10.0.23493)",
        "x-ms-client-request-id": "5580fbf32257af5130a6b148a6180a48",
        "x-ms-return-client-request-id": "true"
      },
      "RequestBody": null,
      "StatusCode": 200,
      "ResponseHeaders": {
        "Cache-Control": "no-store, no-cache",
        "Content-Length": "21",
        "Content-Type": "application/json",
        "Date": "Sat, 01 Jul 2023 07:18:18 GMT",
        "Pragma": "no-cache",
        "Server": "Microsoft-HTTPAPI/2.0",
        "Strict-Transport-Security": "max-age=31536000; includeSubDomains",
        "X-Content-Type-Options": "nosniff",
        "x-ms-correlation-request-id": "ebbeb105-8d68-432a-a01d-b6c9892bfb6b",
        "x-ms-gatewayversion": "version=2.14.0",
        "x-ms-ratelimit-remaining-subscription-reads": "11198",
        "x-ms-request-id": "ebbeb105-8d68-432a-a01d-b6c9892bfb6b",
        "x-ms-routing-request-id": "SOUTHCENTRALUS:20230701T071818Z:ebbeb105-8d68-432a-a01d-b6c9892bfb6b"
      },
      "ResponseBody": {
        "status": "Dequeued"
      }
    },
    {
      "RequestUri": "https://management.azure.com/subscriptions/220fc532-6091-423c-8ba0-66c2397d591b/providers/Microsoft.DocumentDB/locations/westus2/operationsStatus/e18c52bd-e962-4ebd-aeec-6f75d362e4c7?api-version=2023-03-15-preview",
      "RequestMethod": "GET",
      "RequestHeaders": {
        "Authorization": "Sanitized",
        "traceparent": "00-44d8ea027557cbf7480645544bda0bdc-6f52f67864350a1b-00",
        "User-Agent": "azsdk-net-ResourceManager/1.6.0 (.NET 7.0.7; Microsoft Windows 10.0.23493)",
        "x-ms-client-request-id": "68aa3ab3d309023be41ed9f8081a2195",
        "x-ms-return-client-request-id": "true"
      },
      "RequestBody": null,
      "StatusCode": 200,
      "ResponseHeaders": {
        "Cache-Control": "no-store, no-cache",
        "Content-Length": "21",
        "Content-Type": "application/json",
        "Date": "Sat, 01 Jul 2023 07:18:49 GMT",
        "Pragma": "no-cache",
        "Server": "Microsoft-HTTPAPI/2.0",
        "Strict-Transport-Security": "max-age=31536000; includeSubDomains",
        "X-Content-Type-Options": "nosniff",
        "x-ms-correlation-request-id": "5b0f2e51-2f9b-4d17-a7b9-ce52f21e6ef8",
        "x-ms-gatewayversion": "version=2.14.0",
        "x-ms-ratelimit-remaining-subscription-reads": "11197",
        "x-ms-request-id": "5b0f2e51-2f9b-4d17-a7b9-ce52f21e6ef8",
        "x-ms-routing-request-id": "SOUTHCENTRALUS:20230701T071850Z:5b0f2e51-2f9b-4d17-a7b9-ce52f21e6ef8"
      },
      "ResponseBody": {
        "status": "Dequeued"
      }
    },
    {
      "RequestUri": "https://management.azure.com/subscriptions/220fc532-6091-423c-8ba0-66c2397d591b/providers/Microsoft.DocumentDB/locations/westus2/operationsStatus/e18c52bd-e962-4ebd-aeec-6f75d362e4c7?api-version=2023-03-15-preview",
      "RequestMethod": "GET",
      "RequestHeaders": {
        "Authorization": "Sanitized",
        "traceparent": "00-44d8ea027557cbf7480645544bda0bdc-08949fd1e8a9710c-00",
        "User-Agent": "azsdk-net-ResourceManager/1.6.0 (.NET 7.0.7; Microsoft Windows 10.0.23493)",
        "x-ms-client-request-id": "e62e4052dc5f8167af85fde6d38487a1",
        "x-ms-return-client-request-id": "true"
      },
      "RequestBody": null,
      "StatusCode": 200,
      "ResponseHeaders": {
        "Cache-Control": "no-store, no-cache",
        "Content-Length": "22",
        "Content-Type": "application/json",
        "Date": "Sat, 01 Jul 2023 07:19:21 GMT",
        "Pragma": "no-cache",
        "Server": "Microsoft-HTTPAPI/2.0",
        "Strict-Transport-Security": "max-age=31536000; includeSubDomains",
        "X-Content-Type-Options": "nosniff",
        "x-ms-correlation-request-id": "a0331e7e-094d-4a07-8934-49ff7948020e",
        "x-ms-gatewayversion": "version=2.14.0",
        "x-ms-ratelimit-remaining-subscription-reads": "11196",
        "x-ms-request-id": "a0331e7e-094d-4a07-8934-49ff7948020e",
        "x-ms-routing-request-id": "SOUTHCENTRALUS:20230701T071922Z:a0331e7e-094d-4a07-8934-49ff7948020e"
      },
      "ResponseBody": {
        "status": "Succeeded"
      }
    },
    {
      "RequestUri": "https://management.azure.com/subscriptions/220fc532-6091-423c-8ba0-66c2397d591b/resourceGroups/dbaccount-4346/providers/Microsoft.DocumentDB/databaseAccounts/dbaccount-1712?api-version=2023-03-15-preview",
      "RequestMethod": "GET",
      "RequestHeaders": {
        "Authorization": "Sanitized",
        "traceparent": "00-44d8ea027557cbf7480645544bda0bdc-c3bab8bac3577c59-00",
        "User-Agent": "azsdk-net-ResourceManager/1.6.0 (.NET 7.0.7; Microsoft Windows 10.0.23493)",
        "x-ms-client-request-id": "e440b0c5b2eb204dbf7d71384958a716",
        "x-ms-return-client-request-id": "true"
      },
      "RequestBody": null,
      "StatusCode": 200,
      "ResponseHeaders": {
        "Cache-Control": "no-store, no-cache",
        "Content-Length": "2911",
        "Content-Type": "application/json",
        "Date": "Sat, 01 Jul 2023 07:19:22 GMT",
        "Pragma": "no-cache",
        "Server": "Microsoft-HTTPAPI/2.0",
        "Strict-Transport-Security": "max-age=31536000; includeSubDomains",
        "X-Content-Type-Options": "nosniff",
        "x-ms-correlation-request-id": "2e1617d4-d642-492e-9f80-7ef9b0d28319",
        "x-ms-gatewayversion": "version=2.14.0",
        "x-ms-ratelimit-remaining-subscription-reads": "11195",
        "x-ms-request-id": "2e1617d4-d642-492e-9f80-7ef9b0d28319",
        "x-ms-routing-request-id": "SOUTHCENTRALUS:20230701T071922Z:2e1617d4-d642-492e-9f80-7ef9b0d28319"
      },
      "ResponseBody": {
        "id": "/subscriptions/220fc532-6091-423c-8ba0-66c2397d591b/resourceGroups/dbaccount-4346/providers/Microsoft.DocumentDB/databaseAccounts/dbaccount-1712",
        "name": "dbaccount-1712",
        "location": "West US 2",
        "type": "Microsoft.DocumentDB/databaseAccounts",
        "kind": "GlobalDocumentDB",
        "tags": {
          "key1": "value1",
          "key2": "value2"
        },
        "systemData": {
          "createdAt": "2023-07-01T07:18:49.3184063Z"
        },
        "properties": {
          "provisioningState": "Succeeded",
          "documentEndpoint": "https://dbaccount-1712.documents.azure.com:443/",
          "sqlEndpoint": "https://dbaccount-1712.documents.azure.com:443/",
          "publicNetworkAccess": "Enabled",
          "enableAutomaticFailover": false,
          "enableMultipleWriteLocations": false,
          "enablePartitionKeyMonitor": false,
          "isVirtualNetworkFilterEnabled": true,
          "virtualNetworkRules": [],
          "EnabledApiTypes": "Sql",
          "disableKeyBasedMetadataWriteAccess": false,
          "enableFreeTier": false,
          "enableAnalyticalStorage": false,
          "analyticalStorageConfiguration": {
            "schemaType": "WellDefined"
          },
          "instanceId": "2c102a47-df21-4e57-927a-50aeda8b149a",
          "databaseAccountOfferType": "Standard",
          "enableCassandraConnector": false,
          "connectorOffer": "Small",
          "enableMaterializedViews": false,
          "enableFullFidelityChangeFeed": false,
          "defaultIdentity": "FirstPartyIdentity",
          "networkAclBypass": "None",
          "disableLocalAuth": false,
          "enablePartitionMerge": false,
          "enableBurstCapacity": false,
          "minimalTlsVersion": "Tls",
          "consistencyPolicy": {
            "defaultConsistencyLevel": "BoundedStaleness",
            "maxIntervalInSeconds": 1000,
            "maxStalenessPrefix": 300
          },
          "configurationOverrides": {},
          "writeLocations": [
            {
              "id": "dbaccount-1712-westus",
              "locationName": "West US",
              "documentEndpoint": "https://dbaccount-1712-westus.documents.azure.com:443/",
              "provisioningState": "Succeeded",
              "failoverPriority": 0,
              "isZoneRedundant": false
            }
          ],
          "readLocations": [
            {
              "id": "dbaccount-1712-westus",
              "locationName": "West US",
              "documentEndpoint": "https://dbaccount-1712-westus.documents.azure.com:443/",
              "provisioningState": "Succeeded",
              "failoverPriority": 0,
              "isZoneRedundant": false
            }
          ],
          "locations": [
            {
              "id": "dbaccount-1712-westus",
              "locationName": "West US",
              "documentEndpoint": "https://dbaccount-1712-westus.documents.azure.com:443/",
              "provisioningState": "Succeeded",
              "failoverPriority": 0,
              "isZoneRedundant": false
            }
          ],
          "failoverPolicies": [
            {
              "id": "dbaccount-1712-westus",
              "locationName": "West US",
              "failoverPriority": 0
            }
          ],
          "cors": [],
          "capabilities": [],
          "ipRules": [
            {
              "ipAddressOrRange": "23.43.230.120"
            }
          ],
          "backupPolicy": {
            "type": "Periodic",
            "periodicModeProperties": {
              "backupIntervalInMinutes": 240,
              "backupRetentionIntervalInHours": 8,
              "backupStorageRedundancy": "Geo"
            }
          },
          "networkAclBypassResourceIds": [],
          "diagnosticLogSettings": {
            "enableFullTextQuery": "None"
          },
          "keysMetadata": {
            "primaryMasterKey": {
              "generationTime": "2023-07-01T07:18:49.3184063Z"
            },
            "secondaryMasterKey": {
              "generationTime": "2023-07-01T07:18:49.3184063Z"
            },
            "primaryReadonlyMasterKey": {
              "generationTime": "2023-07-01T07:18:49.3184063Z"
            },
            "secondaryReadonlyMasterKey": {
              "generationTime": "2023-07-01T07:18:49.3184063Z"
            }
          }
        },
        "identity": {
          "type": "None"
        }
      }
    },
    {
      "RequestUri": "https://management.azure.com/subscriptions/220fc532-6091-423c-8ba0-66c2397d591b/resourceGroups/dbaccount-4346/providers/Microsoft.DocumentDB/databaseAccounts/dbaccount-1712/sqlDatabases/sql-db-9298?api-version=2023-03-15-preview",
      "RequestMethod": "PUT",
      "RequestHeaders": {
        "Accept": "application/json",
        "Authorization": "Sanitized",
        "Content-Length": "107",
        "Content-Type": "application/json",
        "traceparent": "00-00d52cdf81fd69f4d78b935e4180e1a0-e75d5057f6f49fb7-00",
        "User-Agent": "azsdk-net-ResourceManager.CosmosDB/1.4.0-alpha.20230630.1 (.NET 7.0.7; Microsoft Windows 10.0.23493)",
        "x-ms-client-request-id": "ea65f61be824d3d729b884d6542f5f97",
        "x-ms-return-client-request-id": "true"
      },
      "RequestBody": {
        "tags": {},
        "location": "westus",
        "properties": {
          "resource": {
            "id": "sql-db-9298"
          },
          "options": {
            "throughput": 700
          }
        }
      },
      "StatusCode": 202,
      "ResponseHeaders": {
        "Azure-AsyncOperation": "https://management.azure.com/subscriptions/220fc532-6091-423c-8ba0-66c2397d591b/providers/Microsoft.DocumentDB/locations/westus2/operationsStatus/677c6dbf-e7a2-48ee-96b2-00f26bc31f92?api-version=2023-03-15-preview",
        "Cache-Control": "no-store, no-cache",
        "Content-Length": "21",
        "Content-Type": "application/json",
        "Date": "Sat, 01 Jul 2023 07:19:22 GMT",
        "Location": "https://management.azure.com/subscriptions/220fc532-6091-423c-8ba0-66c2397d591b/resourceGroups/dbaccount-4346/providers/Microsoft.DocumentDB/databaseAccounts/dbaccount-1712/sqlDatabases/sql-db-9298/operationResults/677c6dbf-e7a2-48ee-96b2-00f26bc31f92?api-version=2023-03-15-preview",
        "Pragma": "no-cache",
        "Server": "Microsoft-HTTPAPI/2.0",
        "Strict-Transport-Security": "max-age=31536000; includeSubDomains",
        "X-Content-Type-Options": "nosniff",
        "x-ms-correlation-request-id": "20d82aa6-a468-4df6-a7ef-b49c079e9b9d",
        "x-ms-gatewayversion": "version=2.14.0",
        "x-ms-ratelimit-remaining-subscription-writes": "1140",
        "x-ms-request-id": "677c6dbf-e7a2-48ee-96b2-00f26bc31f92",
        "x-ms-routing-request-id": "SOUTHCENTRALUS:20230701T071923Z:20d82aa6-a468-4df6-a7ef-b49c079e9b9d"
      },
      "ResponseBody": {
        "status": "Enqueued"
      }
    },
    {
      "RequestUri": "https://management.azure.com/subscriptions/220fc532-6091-423c-8ba0-66c2397d591b/providers/Microsoft.DocumentDB/locations/westus2/operationsStatus/677c6dbf-e7a2-48ee-96b2-00f26bc31f92?api-version=2023-03-15-preview",
      "RequestMethod": "GET",
      "RequestHeaders": {
        "Authorization": "Sanitized",
        "traceparent": "00-00d52cdf81fd69f4d78b935e4180e1a0-39c6e7b5f9965228-00",
        "User-Agent": "azsdk-net-ResourceManager/1.6.0 (.NET 7.0.7; Microsoft Windows 10.0.23493)",
        "x-ms-client-request-id": "8eb862e7b721c7a16911c1f9c9496a4e",
        "x-ms-return-client-request-id": "true"
      },
      "RequestBody": null,
      "StatusCode": 200,
      "ResponseHeaders": {
        "Cache-Control": "no-store, no-cache",
        "Content-Length": "21",
        "Content-Type": "application/json",
        "Date": "Sat, 01 Jul 2023 07:19:22 GMT",
        "Pragma": "no-cache",
        "Server": "Microsoft-HTTPAPI/2.0",
        "Strict-Transport-Security": "max-age=31536000; includeSubDomains",
        "X-Content-Type-Options": "nosniff",
        "x-ms-correlation-request-id": "54178733-373a-4f6d-b340-61733a0cce12",
        "x-ms-gatewayversion": "version=2.14.0",
        "x-ms-ratelimit-remaining-subscription-reads": "11194",
        "x-ms-request-id": "54178733-373a-4f6d-b340-61733a0cce12",
        "x-ms-routing-request-id": "SOUTHCENTRALUS:20230701T071923Z:54178733-373a-4f6d-b340-61733a0cce12"
      },
      "ResponseBody": {
        "status": "Enqueued"
      }
    },
    {
      "RequestUri": "https://management.azure.com/subscriptions/220fc532-6091-423c-8ba0-66c2397d591b/providers/Microsoft.DocumentDB/locations/westus2/operationsStatus/677c6dbf-e7a2-48ee-96b2-00f26bc31f92?api-version=2023-03-15-preview",
      "RequestMethod": "GET",
      "RequestHeaders": {
        "Authorization": "Sanitized",
        "traceparent": "00-00d52cdf81fd69f4d78b935e4180e1a0-a79ecc473347cad6-00",
        "User-Agent": "azsdk-net-ResourceManager/1.6.0 (.NET 7.0.7; Microsoft Windows 10.0.23493)",
        "x-ms-client-request-id": "2611a0113b4e70475673dcfd076ba4f1",
        "x-ms-return-client-request-id": "true"
      },
      "RequestBody": null,
      "StatusCode": 200,
      "ResponseHeaders": {
        "Cache-Control": "no-store, no-cache",
        "Content-Length": "21",
        "Content-Type": "application/json",
        "Date": "Sat, 01 Jul 2023 07:19:23 GMT",
        "Pragma": "no-cache",
        "Server": "Microsoft-HTTPAPI/2.0",
        "Strict-Transport-Security": "max-age=31536000; includeSubDomains",
        "X-Content-Type-Options": "nosniff",
        "x-ms-correlation-request-id": "32e702ad-33cf-40a0-8c68-9395f694d0af",
        "x-ms-gatewayversion": "version=2.14.0",
        "x-ms-ratelimit-remaining-subscription-reads": "11193",
        "x-ms-request-id": "32e702ad-33cf-40a0-8c68-9395f694d0af",
        "x-ms-routing-request-id": "SOUTHCENTRALUS:20230701T071924Z:32e702ad-33cf-40a0-8c68-9395f694d0af"
      },
      "ResponseBody": {
        "status": "Enqueued"
      }
    },
    {
      "RequestUri": "https://management.azure.com/subscriptions/220fc532-6091-423c-8ba0-66c2397d591b/providers/Microsoft.DocumentDB/locations/westus2/operationsStatus/677c6dbf-e7a2-48ee-96b2-00f26bc31f92?api-version=2023-03-15-preview",
      "RequestMethod": "GET",
      "RequestHeaders": {
        "Authorization": "Sanitized",
        "traceparent": "00-00d52cdf81fd69f4d78b935e4180e1a0-e13c85d5f70fdf19-00",
        "User-Agent": "azsdk-net-ResourceManager/1.6.0 (.NET 7.0.7; Microsoft Windows 10.0.23493)",
        "x-ms-client-request-id": "f2efa562d17680759091702be8a528c4",
        "x-ms-return-client-request-id": "true"
      },
      "RequestBody": null,
      "StatusCode": 200,
      "ResponseHeaders": {
        "Cache-Control": "no-store, no-cache",
        "Content-Length": "21",
        "Content-Type": "application/json",
        "Date": "Sat, 01 Jul 2023 07:19:24 GMT",
        "Pragma": "no-cache",
        "Server": "Microsoft-HTTPAPI/2.0",
        "Strict-Transport-Security": "max-age=31536000; includeSubDomains",
        "X-Content-Type-Options": "nosniff",
        "x-ms-correlation-request-id": "e9771678-fec5-4373-a657-1697bb6fcd5c",
        "x-ms-gatewayversion": "version=2.14.0",
        "x-ms-ratelimit-remaining-subscription-reads": "11192",
        "x-ms-request-id": "e9771678-fec5-4373-a657-1697bb6fcd5c",
        "x-ms-routing-request-id": "SOUTHCENTRALUS:20230701T071925Z:e9771678-fec5-4373-a657-1697bb6fcd5c"
      },
      "ResponseBody": {
        "status": "Enqueued"
      }
    },
    {
      "RequestUri": "https://management.azure.com/subscriptions/220fc532-6091-423c-8ba0-66c2397d591b/providers/Microsoft.DocumentDB/locations/westus2/operationsStatus/677c6dbf-e7a2-48ee-96b2-00f26bc31f92?api-version=2023-03-15-preview",
      "RequestMethod": "GET",
      "RequestHeaders": {
        "Authorization": "Sanitized",
        "traceparent": "00-00d52cdf81fd69f4d78b935e4180e1a0-050d1017f0ff4dda-00",
        "User-Agent": "azsdk-net-ResourceManager/1.6.0 (.NET 7.0.7; Microsoft Windows 10.0.23493)",
        "x-ms-client-request-id": "8e5a92bc3026ab8f1a4737aedba4bffd",
        "x-ms-return-client-request-id": "true"
      },
      "RequestBody": null,
      "StatusCode": 200,
      "ResponseHeaders": {
        "Cache-Control": "no-store, no-cache",
        "Content-Length": "21",
        "Content-Type": "application/json",
        "Date": "Sat, 01 Jul 2023 07:19:25 GMT",
        "Pragma": "no-cache",
        "Server": "Microsoft-HTTPAPI/2.0",
        "Strict-Transport-Security": "max-age=31536000; includeSubDomains",
        "X-Content-Type-Options": "nosniff",
        "x-ms-correlation-request-id": "43b3fb49-e50b-45c8-9d89-6c4f3c142b45",
        "x-ms-gatewayversion": "version=2.14.0",
        "x-ms-ratelimit-remaining-subscription-reads": "11191",
        "x-ms-request-id": "43b3fb49-e50b-45c8-9d89-6c4f3c142b45",
        "x-ms-routing-request-id": "SOUTHCENTRALUS:20230701T071926Z:43b3fb49-e50b-45c8-9d89-6c4f3c142b45"
      },
      "ResponseBody": {
        "status": "Enqueued"
      }
    },
    {
      "RequestUri": "https://management.azure.com/subscriptions/220fc532-6091-423c-8ba0-66c2397d591b/providers/Microsoft.DocumentDB/locations/westus2/operationsStatus/677c6dbf-e7a2-48ee-96b2-00f26bc31f92?api-version=2023-03-15-preview",
      "RequestMethod": "GET",
      "RequestHeaders": {
        "Authorization": "Sanitized",
        "traceparent": "00-00d52cdf81fd69f4d78b935e4180e1a0-902ca021b0b77a3e-00",
        "User-Agent": "azsdk-net-ResourceManager/1.6.0 (.NET 7.0.7; Microsoft Windows 10.0.23493)",
        "x-ms-client-request-id": "2397cf6d775a3fd82b9095bdcb1c87b1",
        "x-ms-return-client-request-id": "true"
      },
      "RequestBody": null,
      "StatusCode": 200,
      "ResponseHeaders": {
        "Cache-Control": "no-store, no-cache",
        "Content-Length": "21",
        "Content-Type": "application/json",
        "Date": "Sat, 01 Jul 2023 07:19:28 GMT",
        "Pragma": "no-cache",
        "Server": "Microsoft-HTTPAPI/2.0",
        "Strict-Transport-Security": "max-age=31536000; includeSubDomains",
        "X-Content-Type-Options": "nosniff",
        "x-ms-correlation-request-id": "372f79fd-7013-4669-b5dc-d3dedaf65da4",
        "x-ms-gatewayversion": "version=2.14.0",
        "x-ms-ratelimit-remaining-subscription-reads": "11190",
        "x-ms-request-id": "372f79fd-7013-4669-b5dc-d3dedaf65da4",
        "x-ms-routing-request-id": "SOUTHCENTRALUS:20230701T071928Z:372f79fd-7013-4669-b5dc-d3dedaf65da4"
      },
      "ResponseBody": {
        "status": "Dequeued"
      }
    },
    {
      "RequestUri": "https://management.azure.com/subscriptions/220fc532-6091-423c-8ba0-66c2397d591b/providers/Microsoft.DocumentDB/locations/westus2/operationsStatus/677c6dbf-e7a2-48ee-96b2-00f26bc31f92?api-version=2023-03-15-preview",
      "RequestMethod": "GET",
      "RequestHeaders": {
        "Authorization": "Sanitized",
        "traceparent": "00-00d52cdf81fd69f4d78b935e4180e1a0-3f9edb9e18204c07-00",
        "User-Agent": "azsdk-net-ResourceManager/1.6.0 (.NET 7.0.7; Microsoft Windows 10.0.23493)",
        "x-ms-client-request-id": "7440184a151132cb1643d82f9ac7a5ec",
        "x-ms-return-client-request-id": "true"
      },
      "RequestBody": null,
      "StatusCode": 200,
      "ResponseHeaders": {
        "Cache-Control": "no-store, no-cache",
        "Content-Length": "21",
        "Content-Type": "application/json",
        "Date": "Sat, 01 Jul 2023 07:19:32 GMT",
        "Pragma": "no-cache",
        "Server": "Microsoft-HTTPAPI/2.0",
        "Strict-Transport-Security": "max-age=31536000; includeSubDomains",
        "X-Content-Type-Options": "nosniff",
        "x-ms-correlation-request-id": "f490c9a3-fba6-4616-a778-c8ae42bc2ca3",
        "x-ms-gatewayversion": "version=2.14.0",
        "x-ms-ratelimit-remaining-subscription-reads": "11189",
        "x-ms-request-id": "f490c9a3-fba6-4616-a778-c8ae42bc2ca3",
        "x-ms-routing-request-id": "SOUTHCENTRALUS:20230701T071932Z:f490c9a3-fba6-4616-a778-c8ae42bc2ca3"
      },
      "ResponseBody": {
        "status": "Dequeued"
      }
    },
    {
      "RequestUri": "https://management.azure.com/subscriptions/220fc532-6091-423c-8ba0-66c2397d591b/providers/Microsoft.DocumentDB/locations/westus2/operationsStatus/677c6dbf-e7a2-48ee-96b2-00f26bc31f92?api-version=2023-03-15-preview",
      "RequestMethod": "GET",
      "RequestHeaders": {
        "Authorization": "Sanitized",
        "traceparent": "00-00d52cdf81fd69f4d78b935e4180e1a0-38fb6784a5273b69-00",
        "User-Agent": "azsdk-net-ResourceManager/1.6.0 (.NET 7.0.7; Microsoft Windows 10.0.23493)",
        "x-ms-client-request-id": "19bd72d1040e4569ba1b62969ad2dffd",
        "x-ms-return-client-request-id": "true"
      },
      "RequestBody": null,
      "StatusCode": 200,
      "ResponseHeaders": {
        "Cache-Control": "no-store, no-cache",
        "Content-Length": "22",
        "Content-Type": "application/json",
        "Date": "Sat, 01 Jul 2023 07:19:40 GMT",
        "Pragma": "no-cache",
        "Server": "Microsoft-HTTPAPI/2.0",
        "Strict-Transport-Security": "max-age=31536000; includeSubDomains",
        "X-Content-Type-Options": "nosniff",
        "x-ms-correlation-request-id": "6330e173-1f1a-4373-bd0f-2b4916cd1dd0",
        "x-ms-gatewayversion": "version=2.14.0",
        "x-ms-ratelimit-remaining-subscription-reads": "11188",
        "x-ms-request-id": "6330e173-1f1a-4373-bd0f-2b4916cd1dd0",
        "x-ms-routing-request-id": "SOUTHCENTRALUS:20230701T071940Z:6330e173-1f1a-4373-bd0f-2b4916cd1dd0"
      },
      "ResponseBody": {
        "status": "Succeeded"
      }
    },
    {
      "RequestUri": "https://management.azure.com/subscriptions/220fc532-6091-423c-8ba0-66c2397d591b/resourceGroups/dbaccount-4346/providers/Microsoft.DocumentDB/databaseAccounts/dbaccount-1712/sqlDatabases/sql-db-9298?api-version=2023-03-15-preview",
      "RequestMethod": "GET",
      "RequestHeaders": {
        "Authorization": "Sanitized",
        "traceparent": "00-00d52cdf81fd69f4d78b935e4180e1a0-55db62743c0cdac4-00",
        "User-Agent": "azsdk-net-ResourceManager/1.6.0 (.NET 7.0.7; Microsoft Windows 10.0.23493)",
        "x-ms-client-request-id": "c36386bf4b6357ec04650d179ea8a463",
        "x-ms-return-client-request-id": "true"
      },
      "RequestBody": null,
      "StatusCode": 200,
      "ResponseHeaders": {
        "Cache-Control": "no-store, no-cache",
        "Content-Length": "452",
        "Content-Type": "application/json",
        "Date": "Sat, 01 Jul 2023 07:19:40 GMT",
        "Pragma": "no-cache",
        "Server": "Microsoft-HTTPAPI/2.0",
        "Strict-Transport-Security": "max-age=31536000; includeSubDomains",
        "X-Content-Type-Options": "nosniff",
        "x-ms-correlation-request-id": "3cffb133-e892-4f7c-8541-50b56e15ed4c",
        "x-ms-gatewayversion": "version=2.14.0",
        "x-ms-ratelimit-remaining-subscription-reads": "11187",
        "x-ms-request-id": "3cffb133-e892-4f7c-8541-50b56e15ed4c",
        "x-ms-routing-request-id": "SOUTHCENTRALUS:20230701T071941Z:3cffb133-e892-4f7c-8541-50b56e15ed4c"
      },
      "ResponseBody": {
        "id": "/subscriptions/220fc532-6091-423c-8ba0-66c2397d591b/resourceGroups/dbaccount-4346/providers/Microsoft.DocumentDB/databaseAccounts/dbaccount-1712/sqlDatabases/sql-db-9298",
        "type": "Microsoft.DocumentDB/databaseAccounts/sqlDatabases",
        "name": "sql-db-9298",
        "properties": {
          "resource": {
            "id": "sql-db-9298",
            "_rid": "ubluAA==",
            "_self": "dbs/ubluAA==/",
            "_etag": "\u002200002005-0000-0700-0000-649fd3820000\u0022",
            "_colls": "colls/",
            "_users": "users/",
            "_ts": 1688195970
          }
        }
      }
    },
    {
      "RequestUri": "https://management.azure.com/subscriptions/220fc532-6091-423c-8ba0-66c2397d591b/resourceGroups/dbaccount-4346/providers/Microsoft.DocumentDB/databaseAccounts/dbaccount-1712/sqlRoleDefinitions/be79875a-2cc4-40d5-8958-566017875b39?api-version=2023-03-15-preview",
      "RequestMethod": "PUT",
      "RequestHeaders": {
        "Accept": "application/json",
        "Authorization": "Sanitized",
        "Content-Length": "362",
        "Content-Type": "application/json",
        "traceparent": "00-347ea9101804d1cd4a08d932384e0761-942c6d7fadcc9419-00",
        "User-Agent": "azsdk-net-ResourceManager.CosmosDB/1.4.0-alpha.20230630.1 (.NET 7.0.7; Microsoft Windows 10.0.23493)",
        "x-ms-client-request-id": "5e58eba9a26eae45fbb9f6b334974463",
        "x-ms-return-client-request-id": "true"
      },
      "RequestBody": {
        "properties": {
          "roleName": "sql-role-def-8765",
          "type": "CustomRole",
          "assignableScopes": [
            "/subscriptions/220fc532-6091-423c-8ba0-66c2397d591b/resourceGroups/dbaccount-4346/providers/Microsoft.DocumentDB/databaseAccounts/dbaccount-1712/dbs/sql-db-9298"
          ],
          "permissions": [
            {
              "dataActions": [
                "Microsoft.DocumentDB/databaseAccounts/sqlDatabases/containers/items/create"
              ]
            }
          ]
        }
      },
      "StatusCode": 202,
      "ResponseHeaders": {
        "Azure-AsyncOperation": "https://management.azure.com/subscriptions/220fc532-6091-423c-8ba0-66c2397d591b/providers/Microsoft.DocumentDB/locations/westus2/operationsStatus/820f81a9-aae0-414c-90c6-25844dc86923?api-version=2023-03-15-preview",
        "Cache-Control": "no-store, no-cache",
        "Content-Length": "21",
        "Content-Type": "application/json",
        "Date": "Sat, 01 Jul 2023 07:19:41 GMT",
        "Location": "https://management.azure.com/subscriptions/220fc532-6091-423c-8ba0-66c2397d591b/resourceGroups/dbaccount-4346/providers/Microsoft.DocumentDB/databaseAccounts/dbaccount-1712/sqlRoleDefinitions/be79875a-2cc4-40d5-8958-566017875b39/operationResults/820f81a9-aae0-414c-90c6-25844dc86923?api-version=2023-03-15-preview",
        "Pragma": "no-cache",
        "Server": "Microsoft-HTTPAPI/2.0",
        "Strict-Transport-Security": "max-age=31536000; includeSubDomains",
        "X-Content-Type-Options": "nosniff",
        "x-ms-correlation-request-id": "c1e6ae1c-25ea-400c-8dc5-1cbaacc0e21b",
        "x-ms-gatewayversion": "version=2.14.0",
        "x-ms-ratelimit-remaining-subscription-writes": "1139",
        "x-ms-request-id": "820f81a9-aae0-414c-90c6-25844dc86923",
        "x-ms-routing-request-id": "SOUTHCENTRALUS:20230701T071941Z:c1e6ae1c-25ea-400c-8dc5-1cbaacc0e21b"
      },
      "ResponseBody": {
        "status": "Enqueued"
      }
    },
    {
      "RequestUri": "https://management.azure.com/subscriptions/220fc532-6091-423c-8ba0-66c2397d591b/providers/Microsoft.DocumentDB/locations/westus2/operationsStatus/820f81a9-aae0-414c-90c6-25844dc86923?api-version=2023-03-15-preview",
      "RequestMethod": "GET",
      "RequestHeaders": {
        "Authorization": "Sanitized",
        "traceparent": "00-347ea9101804d1cd4a08d932384e0761-1f045a8cc13a0c18-00",
        "User-Agent": "azsdk-net-ResourceManager/1.6.0 (.NET 7.0.7; Microsoft Windows 10.0.23493)",
        "x-ms-client-request-id": "e6f0abff9e87e3501d146792f6a4cfcd",
        "x-ms-return-client-request-id": "true"
      },
      "RequestBody": null,
      "StatusCode": 200,
      "ResponseHeaders": {
        "Cache-Control": "no-store, no-cache",
        "Content-Length": "21",
        "Content-Type": "application/json",
        "Date": "Sat, 01 Jul 2023 07:19:41 GMT",
        "Pragma": "no-cache",
        "Server": "Microsoft-HTTPAPI/2.0",
        "Strict-Transport-Security": "max-age=31536000; includeSubDomains",
        "X-Content-Type-Options": "nosniff",
        "x-ms-correlation-request-id": "40a9ddec-4448-42fa-88b8-27b5b528e518",
        "x-ms-gatewayversion": "version=2.14.0",
        "x-ms-ratelimit-remaining-subscription-reads": "11186",
        "x-ms-request-id": "40a9ddec-4448-42fa-88b8-27b5b528e518",
        "x-ms-routing-request-id": "SOUTHCENTRALUS:20230701T071941Z:40a9ddec-4448-42fa-88b8-27b5b528e518"
      },
      "ResponseBody": {
        "status": "Enqueued"
      }
    },
    {
      "RequestUri": "https://management.azure.com/subscriptions/220fc532-6091-423c-8ba0-66c2397d591b/providers/Microsoft.DocumentDB/locations/westus2/operationsStatus/820f81a9-aae0-414c-90c6-25844dc86923?api-version=2023-03-15-preview",
      "RequestMethod": "GET",
      "RequestHeaders": {
        "Authorization": "Sanitized",
        "traceparent": "00-347ea9101804d1cd4a08d932384e0761-c1b09b212cf042af-00",
        "User-Agent": "azsdk-net-ResourceManager/1.6.0 (.NET 7.0.7; Microsoft Windows 10.0.23493)",
        "x-ms-client-request-id": "38c3b3c90090210866d2f859f94e5c55",
        "x-ms-return-client-request-id": "true"
      },
      "RequestBody": null,
      "StatusCode": 200,
      "ResponseHeaders": {
        "Cache-Control": "no-store, no-cache",
        "Content-Length": "21",
        "Content-Type": "application/json",
        "Date": "Sat, 01 Jul 2023 07:19:42 GMT",
        "Pragma": "no-cache",
        "Server": "Microsoft-HTTPAPI/2.0",
        "Strict-Transport-Security": "max-age=31536000; includeSubDomains",
        "X-Content-Type-Options": "nosniff",
        "x-ms-correlation-request-id": "a8b6c2f4-dd55-4cac-abda-8bed51d0a05e",
        "x-ms-gatewayversion": "version=2.14.0",
        "x-ms-ratelimit-remaining-subscription-reads": "11185",
        "x-ms-request-id": "a8b6c2f4-dd55-4cac-abda-8bed51d0a05e",
        "x-ms-routing-request-id": "SOUTHCENTRALUS:20230701T071943Z:a8b6c2f4-dd55-4cac-abda-8bed51d0a05e"
      },
      "ResponseBody": {
        "status": "Enqueued"
      }
    },
    {
      "RequestUri": "https://management.azure.com/subscriptions/220fc532-6091-423c-8ba0-66c2397d591b/providers/Microsoft.DocumentDB/locations/westus2/operationsStatus/820f81a9-aae0-414c-90c6-25844dc86923?api-version=2023-03-15-preview",
      "RequestMethod": "GET",
      "RequestHeaders": {
        "Authorization": "Sanitized",
        "traceparent": "00-347ea9101804d1cd4a08d932384e0761-119254d3aaecec9a-00",
        "User-Agent": "azsdk-net-ResourceManager/1.6.0 (.NET 7.0.7; Microsoft Windows 10.0.23493)",
        "x-ms-client-request-id": "89b37fa75da63cdc1e3145cd20f38fc1",
        "x-ms-return-client-request-id": "true"
      },
      "RequestBody": null,
      "StatusCode": 200,
      "ResponseHeaders": {
        "Cache-Control": "no-store, no-cache",
        "Content-Length": "21",
        "Content-Type": "application/json",
        "Date": "Sat, 01 Jul 2023 07:19:43 GMT",
        "Pragma": "no-cache",
        "Server": "Microsoft-HTTPAPI/2.0",
        "Strict-Transport-Security": "max-age=31536000; includeSubDomains",
        "X-Content-Type-Options": "nosniff",
        "x-ms-correlation-request-id": "d254b5af-435b-4954-a024-a8518243616c",
        "x-ms-gatewayversion": "version=2.14.0",
        "x-ms-ratelimit-remaining-subscription-reads": "11184",
        "x-ms-request-id": "d254b5af-435b-4954-a024-a8518243616c",
        "x-ms-routing-request-id": "SOUTHCENTRALUS:20230701T071944Z:d254b5af-435b-4954-a024-a8518243616c"
      },
      "ResponseBody": {
        "status": "Enqueued"
      }
    },
    {
      "RequestUri": "https://management.azure.com/subscriptions/220fc532-6091-423c-8ba0-66c2397d591b/providers/Microsoft.DocumentDB/locations/westus2/operationsStatus/820f81a9-aae0-414c-90c6-25844dc86923?api-version=2023-03-15-preview",
      "RequestMethod": "GET",
      "RequestHeaders": {
        "Authorization": "Sanitized",
        "traceparent": "00-347ea9101804d1cd4a08d932384e0761-d8f06bf9ee91d582-00",
        "User-Agent": "azsdk-net-ResourceManager/1.6.0 (.NET 7.0.7; Microsoft Windows 10.0.23493)",
        "x-ms-client-request-id": "9e2edb45d9e3fee6a2cf80b4a6f7e9cf",
        "x-ms-return-client-request-id": "true"
      },
      "RequestBody": null,
      "StatusCode": 200,
      "ResponseHeaders": {
        "Cache-Control": "no-store, no-cache",
        "Content-Length": "21",
        "Content-Type": "application/json",
        "Date": "Sat, 01 Jul 2023 07:19:44 GMT",
        "Pragma": "no-cache",
        "Server": "Microsoft-HTTPAPI/2.0",
        "Strict-Transport-Security": "max-age=31536000; includeSubDomains",
        "X-Content-Type-Options": "nosniff",
        "x-ms-correlation-request-id": "4a505bd1-381f-4c12-bbb3-b0805b7faec9",
        "x-ms-gatewayversion": "version=2.14.0",
        "x-ms-ratelimit-remaining-subscription-reads": "11183",
        "x-ms-request-id": "4a505bd1-381f-4c12-bbb3-b0805b7faec9",
        "x-ms-routing-request-id": "SOUTHCENTRALUS:20230701T071945Z:4a505bd1-381f-4c12-bbb3-b0805b7faec9"
      },
      "ResponseBody": {
        "status": "Dequeued"
      }
    },
    {
      "RequestUri": "https://management.azure.com/subscriptions/220fc532-6091-423c-8ba0-66c2397d591b/providers/Microsoft.DocumentDB/locations/westus2/operationsStatus/820f81a9-aae0-414c-90c6-25844dc86923?api-version=2023-03-15-preview",
      "RequestMethod": "GET",
      "RequestHeaders": {
        "Authorization": "Sanitized",
        "traceparent": "00-347ea9101804d1cd4a08d932384e0761-564d640485434559-00",
        "User-Agent": "azsdk-net-ResourceManager/1.6.0 (.NET 7.0.7; Microsoft Windows 10.0.23493)",
        "x-ms-client-request-id": "77ea12b746f06b27d6861a5fba3a0072",
        "x-ms-return-client-request-id": "true"
      },
      "RequestBody": null,
      "StatusCode": 200,
      "ResponseHeaders": {
        "Cache-Control": "no-store, no-cache",
        "Content-Length": "21",
        "Content-Type": "application/json",
        "Date": "Sat, 01 Jul 2023 07:19:46 GMT",
        "Pragma": "no-cache",
        "Server": "Microsoft-HTTPAPI/2.0",
        "Strict-Transport-Security": "max-age=31536000; includeSubDomains",
        "X-Content-Type-Options": "nosniff",
        "x-ms-correlation-request-id": "32f9ed3e-02b7-438c-8884-9b076ccfb236",
        "x-ms-gatewayversion": "version=2.14.0",
        "x-ms-ratelimit-remaining-subscription-reads": "11182",
        "x-ms-request-id": "32f9ed3e-02b7-438c-8884-9b076ccfb236",
        "x-ms-routing-request-id": "SOUTHCENTRALUS:20230701T071947Z:32f9ed3e-02b7-438c-8884-9b076ccfb236"
      },
      "ResponseBody": {
        "status": "Dequeued"
      }
    },
    {
      "RequestUri": "https://management.azure.com/subscriptions/220fc532-6091-423c-8ba0-66c2397d591b/providers/Microsoft.DocumentDB/locations/westus2/operationsStatus/820f81a9-aae0-414c-90c6-25844dc86923?api-version=2023-03-15-preview",
      "RequestMethod": "GET",
      "RequestHeaders": {
        "Authorization": "Sanitized",
        "traceparent": "00-347ea9101804d1cd4a08d932384e0761-d73ba020cb98b9a9-00",
        "User-Agent": "azsdk-net-ResourceManager/1.6.0 (.NET 7.0.7; Microsoft Windows 10.0.23493)",
        "x-ms-client-request-id": "1e143643bd1fce7198b5e6d6dd289627",
        "x-ms-return-client-request-id": "true"
      },
      "RequestBody": null,
      "StatusCode": 200,
      "ResponseHeaders": {
        "Cache-Control": "no-store, no-cache",
        "Content-Length": "21",
        "Content-Type": "application/json",
        "Date": "Sat, 01 Jul 2023 07:19:50 GMT",
        "Pragma": "no-cache",
        "Server": "Microsoft-HTTPAPI/2.0",
        "Strict-Transport-Security": "max-age=31536000; includeSubDomains",
        "X-Content-Type-Options": "nosniff",
        "x-ms-correlation-request-id": "e67a1a11-059f-4cc1-821b-a09bb802f278",
        "x-ms-gatewayversion": "version=2.14.0",
        "x-ms-ratelimit-remaining-subscription-reads": "11181",
        "x-ms-request-id": "e67a1a11-059f-4cc1-821b-a09bb802f278",
        "x-ms-routing-request-id": "SOUTHCENTRALUS:20230701T071951Z:e67a1a11-059f-4cc1-821b-a09bb802f278"
      },
      "ResponseBody": {
        "status": "Dequeued"
      }
    },
    {
      "RequestUri": "https://management.azure.com/subscriptions/220fc532-6091-423c-8ba0-66c2397d591b/providers/Microsoft.DocumentDB/locations/westus2/operationsStatus/820f81a9-aae0-414c-90c6-25844dc86923?api-version=2023-03-15-preview",
      "RequestMethod": "GET",
      "RequestHeaders": {
        "Authorization": "Sanitized",
        "traceparent": "00-347ea9101804d1cd4a08d932384e0761-eb896e435a3d6165-00",
        "User-Agent": "azsdk-net-ResourceManager/1.6.0 (.NET 7.0.7; Microsoft Windows 10.0.23493)",
        "x-ms-client-request-id": "0e1676471709fed1b3c3c85dbf874468",
        "x-ms-return-client-request-id": "true"
      },
      "RequestBody": null,
      "StatusCode": 200,
      "ResponseHeaders": {
        "Cache-Control": "no-store, no-cache",
        "Content-Length": "22",
        "Content-Type": "application/json",
        "Date": "Sat, 01 Jul 2023 07:19:58 GMT",
        "Pragma": "no-cache",
        "Server": "Microsoft-HTTPAPI/2.0",
        "Strict-Transport-Security": "max-age=31536000; includeSubDomains",
        "X-Content-Type-Options": "nosniff",
        "x-ms-correlation-request-id": "4c9ae3ac-3cf9-4a33-b277-d6bd33a317cf",
        "x-ms-gatewayversion": "version=2.14.0",
        "x-ms-ratelimit-remaining-subscription-reads": "11180",
        "x-ms-request-id": "4c9ae3ac-3cf9-4a33-b277-d6bd33a317cf",
        "x-ms-routing-request-id": "SOUTHCENTRALUS:20230701T071959Z:4c9ae3ac-3cf9-4a33-b277-d6bd33a317cf"
      },
      "ResponseBody": {
        "status": "Succeeded"
      }
    },
    {
      "RequestUri": "https://management.azure.com/subscriptions/220fc532-6091-423c-8ba0-66c2397d591b/resourceGroups/dbaccount-4346/providers/Microsoft.DocumentDB/databaseAccounts/dbaccount-1712/sqlRoleDefinitions/be79875a-2cc4-40d5-8958-566017875b39?api-version=2023-03-15-preview",
      "RequestMethod": "GET",
      "RequestHeaders": {
        "Authorization": "Sanitized",
        "traceparent": "00-347ea9101804d1cd4a08d932384e0761-8bc45b4ca261f359-00",
        "User-Agent": "azsdk-net-ResourceManager/1.6.0 (.NET 7.0.7; Microsoft Windows 10.0.23493)",
        "x-ms-client-request-id": "6f700dcfcae2f9afa01cde3b60508dae",
        "x-ms-return-client-request-id": "true"
      },
      "RequestBody": null,
      "StatusCode": 200,
      "ResponseHeaders": {
        "Cache-Control": "no-store, no-cache",
        "Content-Length": "702",
        "Content-Type": "application/json",
        "Date": "Sat, 01 Jul 2023 07:19:59 GMT",
        "Pragma": "no-cache",
        "Server": "Microsoft-HTTPAPI/2.0",
        "Strict-Transport-Security": "max-age=31536000; includeSubDomains",
        "X-Content-Type-Options": "nosniff",
        "x-ms-correlation-request-id": "7ac75106-2657-4c93-a407-67b2d72bd1d4",
        "x-ms-gatewayversion": "version=2.14.0",
        "x-ms-ratelimit-remaining-subscription-reads": "11179",
        "x-ms-request-id": "7ac75106-2657-4c93-a407-67b2d72bd1d4",
        "x-ms-routing-request-id": "SOUTHCENTRALUS:20230701T071959Z:7ac75106-2657-4c93-a407-67b2d72bd1d4"
      },
      "ResponseBody": {
        "id": "/subscriptions/220fc532-6091-423c-8ba0-66c2397d591b/resourceGroups/dbaccount-4346/providers/Microsoft.DocumentDB/databaseAccounts/dbaccount-1712/sqlRoleDefinitions/be79875a-2cc4-40d5-8958-566017875b39",
        "name": "be79875a-2cc4-40d5-8958-566017875b39",
        "properties": {
          "roleName": "sql-role-def-8765",
          "type": "CustomRole",
          "assignableScopes": [
            "/subscriptions/220fc532-6091-423c-8ba0-66c2397d591b/resourceGroups/dbaccount-4346/providers/Microsoft.DocumentDB/databaseAccounts/dbaccount-1712/dbs/sql-db-9298"
          ],
          "permissions": [
            {
              "dataActions": [
                "Microsoft.DocumentDB/databaseAccounts/sqlDatabases/containers/items/create"
              ],
              "notDataActions": []
            }
          ]
        },
        "type": "Microsoft.DocumentDB/databaseAccounts/sqlRoleDefinitions"
      }
    },
    {
      "RequestUri": "https://management.azure.com/subscriptions/220fc532-6091-423c-8ba0-66c2397d591b/resourceGroups/dbaccount-4346/providers/Microsoft.DocumentDB/databaseAccounts/dbaccount-1712/sqlRoleAssignments/cb8ed2d7-2371-4e3c-bd31-6cc1560e84f8?api-version=2023-03-15-preview",
      "RequestMethod": "PUT",
      "RequestHeaders": {
        "Accept": "application/json",
        "Authorization": "Sanitized",
        "Content-Length": "462",
        "Content-Type": "application/json",
        "traceparent": "00-766e7e446edb6511dd86b779efa20e6f-b5f9372e1299e37d-00",
        "User-Agent": "azsdk-net-ResourceManager.CosmosDB/1.4.0-alpha.20230630.1 (.NET 7.0.7; Microsoft Windows 10.0.23493)",
        "x-ms-client-request-id": "4317f2eff2242b6965166a5cf5140f11",
        "x-ms-return-client-request-id": "true"
      },
      "RequestBody": {
        "properties": {
          "roleDefinitionId": "/subscriptions/220fc532-6091-423c-8ba0-66c2397d591b/resourceGroups/dbaccount-4346/providers/Microsoft.DocumentDB/databaseAccounts/dbaccount-1712/sqlRoleDefinitions/be79875a-2cc4-40d5-8958-566017875b39",
          "scope": "/subscriptions/220fc532-6091-423c-8ba0-66c2397d591b/resourceGroups/dbaccount-4346/providers/Microsoft.DocumentDB/databaseAccounts/dbaccount-1712/dbs/sql-db-9298",
          "principalId": "ed4c2395-a18c-4018-afb3-6e521e7534d2"
        }
      },
      "StatusCode": 202,
      "ResponseHeaders": {
        "Azure-AsyncOperation": "https://management.azure.com/subscriptions/220fc532-6091-423c-8ba0-66c2397d591b/providers/Microsoft.DocumentDB/locations/westus2/operationsStatus/5e2dfdcf-5400-42ef-9221-a8e490915e56?api-version=2023-03-15-preview",
        "Cache-Control": "no-store, no-cache",
        "Content-Length": "21",
        "Content-Type": "application/json",
        "Date": "Sat, 01 Jul 2023 07:19:59 GMT",
        "Location": "https://management.azure.com/subscriptions/220fc532-6091-423c-8ba0-66c2397d591b/resourceGroups/dbaccount-4346/providers/Microsoft.DocumentDB/databaseAccounts/dbaccount-1712/sqlRoleAssignments/cb8ed2d7-2371-4e3c-bd31-6cc1560e84f8/operationResults/5e2dfdcf-5400-42ef-9221-a8e490915e56?api-version=2023-03-15-preview",
        "Pragma": "no-cache",
        "Server": "Microsoft-HTTPAPI/2.0",
        "Strict-Transport-Security": "max-age=31536000; includeSubDomains",
        "X-Content-Type-Options": "nosniff",
        "x-ms-correlation-request-id": "87167db1-ffdd-4b97-a4fd-cce9326cf08c",
        "x-ms-gatewayversion": "version=2.14.0",
        "x-ms-ratelimit-remaining-subscription-writes": "1145",
        "x-ms-request-id": "5e2dfdcf-5400-42ef-9221-a8e490915e56",
        "x-ms-routing-request-id": "SOUTHCENTRALUS:20230701T072000Z:87167db1-ffdd-4b97-a4fd-cce9326cf08c"
      },
      "ResponseBody": {
        "status": "Enqueued"
      }
    },
    {
      "RequestUri": "https://management.azure.com/subscriptions/220fc532-6091-423c-8ba0-66c2397d591b/providers/Microsoft.DocumentDB/locations/westus2/operationsStatus/5e2dfdcf-5400-42ef-9221-a8e490915e56?api-version=2023-03-15-preview",
      "RequestMethod": "GET",
      "RequestHeaders": {
        "Authorization": "Sanitized",
        "traceparent": "00-766e7e446edb6511dd86b779efa20e6f-0d05bfdfdc208a0d-00",
        "User-Agent": "azsdk-net-ResourceManager/1.6.0 (.NET 7.0.7; Microsoft Windows 10.0.23493)",
        "x-ms-client-request-id": "cc6d1935006fdc43a4440acc6053038b",
        "x-ms-return-client-request-id": "true"
      },
      "RequestBody": null,
      "StatusCode": 200,
      "ResponseHeaders": {
        "Cache-Control": "no-store, no-cache",
        "Content-Length": "21",
        "Content-Type": "application/json",
        "Date": "Sat, 01 Jul 2023 07:20:00 GMT",
        "Pragma": "no-cache",
        "Server": "Microsoft-HTTPAPI/2.0",
        "Strict-Transport-Security": "max-age=31536000; includeSubDomains",
        "X-Content-Type-Options": "nosniff",
        "x-ms-correlation-request-id": "dbddabbd-2f1c-48f6-ae2c-c166159d207f",
        "x-ms-gatewayversion": "version=2.14.0",
        "x-ms-ratelimit-remaining-subscription-reads": "11270",
        "x-ms-request-id": "dbddabbd-2f1c-48f6-ae2c-c166159d207f",
        "x-ms-routing-request-id": "SOUTHCENTRALUS:20230701T072000Z:dbddabbd-2f1c-48f6-ae2c-c166159d207f"
      },
      "ResponseBody": {
        "status": "Enqueued"
      }
    },
    {
      "RequestUri": "https://management.azure.com/subscriptions/220fc532-6091-423c-8ba0-66c2397d591b/providers/Microsoft.DocumentDB/locations/westus2/operationsStatus/5e2dfdcf-5400-42ef-9221-a8e490915e56?api-version=2023-03-15-preview",
      "RequestMethod": "GET",
      "RequestHeaders": {
        "Authorization": "Sanitized",
        "traceparent": "00-766e7e446edb6511dd86b779efa20e6f-fef6d428285f4b9d-00",
        "User-Agent": "azsdk-net-ResourceManager/1.6.0 (.NET 7.0.7; Microsoft Windows 10.0.23493)",
        "x-ms-client-request-id": "e2cbcd0dbd48c7f7ad9b7d08847cf2cf",
        "x-ms-return-client-request-id": "true"
      },
      "RequestBody": null,
      "StatusCode": 200,
      "ResponseHeaders": {
        "Cache-Control": "no-store, no-cache",
        "Content-Length": "21",
        "Content-Type": "application/json",
        "Date": "Sat, 01 Jul 2023 07:20:01 GMT",
        "Pragma": "no-cache",
        "Server": "Microsoft-HTTPAPI/2.0",
        "Strict-Transport-Security": "max-age=31536000; includeSubDomains",
        "X-Content-Type-Options": "nosniff",
        "x-ms-correlation-request-id": "f070dcd1-08d8-4f11-a8d3-4f8270f177ed",
        "x-ms-gatewayversion": "version=2.14.0",
        "x-ms-ratelimit-remaining-subscription-reads": "11269",
        "x-ms-request-id": "f070dcd1-08d8-4f11-a8d3-4f8270f177ed",
        "x-ms-routing-request-id": "SOUTHCENTRALUS:20230701T072001Z:f070dcd1-08d8-4f11-a8d3-4f8270f177ed"
      },
      "ResponseBody": {
        "status": "Enqueued"
      }
    },
    {
      "RequestUri": "https://management.azure.com/subscriptions/220fc532-6091-423c-8ba0-66c2397d591b/providers/Microsoft.DocumentDB/locations/westus2/operationsStatus/5e2dfdcf-5400-42ef-9221-a8e490915e56?api-version=2023-03-15-preview",
      "RequestMethod": "GET",
      "RequestHeaders": {
        "Authorization": "Sanitized",
        "traceparent": "00-766e7e446edb6511dd86b779efa20e6f-1a6dcb661c7051a8-00",
        "User-Agent": "azsdk-net-ResourceManager/1.6.0 (.NET 7.0.7; Microsoft Windows 10.0.23493)",
        "x-ms-client-request-id": "dc26077842a66fa13a2a2b721d781c72",
        "x-ms-return-client-request-id": "true"
      },
      "RequestBody": null,
      "StatusCode": 200,
      "ResponseHeaders": {
        "Cache-Control": "no-store, no-cache",
        "Content-Length": "21",
        "Content-Type": "application/json",
        "Date": "Sat, 01 Jul 2023 07:20:02 GMT",
        "Pragma": "no-cache",
        "Server": "Microsoft-HTTPAPI/2.0",
        "Strict-Transport-Security": "max-age=31536000; includeSubDomains",
        "X-Content-Type-Options": "nosniff",
        "x-ms-correlation-request-id": "d25b86d8-57cf-47d4-b248-48df34357f05",
        "x-ms-gatewayversion": "version=2.14.0",
        "x-ms-ratelimit-remaining-subscription-reads": "11268",
        "x-ms-request-id": "d25b86d8-57cf-47d4-b248-48df34357f05",
        "x-ms-routing-request-id": "SOUTHCENTRALUS:20230701T072003Z:d25b86d8-57cf-47d4-b248-48df34357f05"
      },
      "ResponseBody": {
        "status": "Enqueued"
      }
    },
    {
      "RequestUri": "https://management.azure.com/subscriptions/220fc532-6091-423c-8ba0-66c2397d591b/providers/Microsoft.DocumentDB/locations/westus2/operationsStatus/5e2dfdcf-5400-42ef-9221-a8e490915e56?api-version=2023-03-15-preview",
      "RequestMethod": "GET",
      "RequestHeaders": {
        "Authorization": "Sanitized",
        "traceparent": "00-766e7e446edb6511dd86b779efa20e6f-859d55fa5d250d9f-00",
        "User-Agent": "azsdk-net-ResourceManager/1.6.0 (.NET 7.0.7; Microsoft Windows 10.0.23493)",
        "x-ms-client-request-id": "6bdfe118bbca781b22a51fd4833b5727",
        "x-ms-return-client-request-id": "true"
      },
      "RequestBody": null,
      "StatusCode": 200,
      "ResponseHeaders": {
        "Cache-Control": "no-store, no-cache",
        "Content-Length": "21",
        "Content-Type": "application/json",
        "Date": "Sat, 01 Jul 2023 07:20:03 GMT",
        "Pragma": "no-cache",
        "Server": "Microsoft-HTTPAPI/2.0",
        "Strict-Transport-Security": "max-age=31536000; includeSubDomains",
        "X-Content-Type-Options": "nosniff",
        "x-ms-correlation-request-id": "17dc8e22-9880-4f22-8245-7bb6951eed33",
        "x-ms-gatewayversion": "version=2.14.0",
        "x-ms-ratelimit-remaining-subscription-reads": "11267",
        "x-ms-request-id": "17dc8e22-9880-4f22-8245-7bb6951eed33",
        "x-ms-routing-request-id": "SOUTHCENTRALUS:20230701T072004Z:17dc8e22-9880-4f22-8245-7bb6951eed33"
      },
      "ResponseBody": {
        "status": "Dequeued"
      }
    },
    {
      "RequestUri": "https://management.azure.com/subscriptions/220fc532-6091-423c-8ba0-66c2397d591b/providers/Microsoft.DocumentDB/locations/westus2/operationsStatus/5e2dfdcf-5400-42ef-9221-a8e490915e56?api-version=2023-03-15-preview",
      "RequestMethod": "GET",
      "RequestHeaders": {
        "Authorization": "Sanitized",
        "traceparent": "00-766e7e446edb6511dd86b779efa20e6f-b13abfb413cd877e-00",
        "User-Agent": "azsdk-net-ResourceManager/1.6.0 (.NET 7.0.7; Microsoft Windows 10.0.23493)",
        "x-ms-client-request-id": "58543a52272ccae42c5ba71d9184aa35",
        "x-ms-return-client-request-id": "true"
      },
      "RequestBody": null,
      "StatusCode": 200,
      "ResponseHeaders": {
        "Cache-Control": "no-store, no-cache",
        "Content-Length": "21",
        "Content-Type": "application/json",
        "Date": "Sat, 01 Jul 2023 07:20:05 GMT",
        "Pragma": "no-cache",
        "Server": "Microsoft-HTTPAPI/2.0",
        "Strict-Transport-Security": "max-age=31536000; includeSubDomains",
        "X-Content-Type-Options": "nosniff",
        "x-ms-correlation-request-id": "71e5e262-e636-41ba-99d9-c41f3d64977d",
        "x-ms-gatewayversion": "version=2.14.0",
        "x-ms-ratelimit-remaining-subscription-reads": "11266",
        "x-ms-request-id": "71e5e262-e636-41ba-99d9-c41f3d64977d",
        "x-ms-routing-request-id": "SOUTHCENTRALUS:20230701T072006Z:71e5e262-e636-41ba-99d9-c41f3d64977d"
      },
      "ResponseBody": {
        "status": "Dequeued"
      }
    },
    {
      "RequestUri": "https://management.azure.com/subscriptions/220fc532-6091-423c-8ba0-66c2397d591b/providers/Microsoft.DocumentDB/locations/westus2/operationsStatus/5e2dfdcf-5400-42ef-9221-a8e490915e56?api-version=2023-03-15-preview",
      "RequestMethod": "GET",
      "RequestHeaders": {
        "Authorization": "Sanitized",
        "traceparent": "00-766e7e446edb6511dd86b779efa20e6f-ac35868393fb171a-00",
        "User-Agent": "azsdk-net-ResourceManager/1.6.0 (.NET 7.0.7; Microsoft Windows 10.0.23493)",
        "x-ms-client-request-id": "a3ef0a7e879dbc04ebaeb90123ccecff",
        "x-ms-return-client-request-id": "true"
      },
      "RequestBody": null,
      "StatusCode": 200,
      "ResponseHeaders": {
        "Cache-Control": "no-store, no-cache",
        "Content-Length": "21",
        "Content-Type": "application/json",
        "Date": "Sat, 01 Jul 2023 07:20:09 GMT",
        "Pragma": "no-cache",
        "Server": "Microsoft-HTTPAPI/2.0",
        "Strict-Transport-Security": "max-age=31536000; includeSubDomains",
        "X-Content-Type-Options": "nosniff",
        "x-ms-correlation-request-id": "ad734b0d-bef0-46fe-a89c-7e6f28523eec",
        "x-ms-gatewayversion": "version=2.14.0",
        "x-ms-ratelimit-remaining-subscription-reads": "11265",
        "x-ms-request-id": "ad734b0d-bef0-46fe-a89c-7e6f28523eec",
        "x-ms-routing-request-id": "SOUTHCENTRALUS:20230701T072010Z:ad734b0d-bef0-46fe-a89c-7e6f28523eec"
      },
      "ResponseBody": {
        "status": "Dequeued"
      }
    },
    {
      "RequestUri": "https://management.azure.com/subscriptions/220fc532-6091-423c-8ba0-66c2397d591b/providers/Microsoft.DocumentDB/locations/westus2/operationsStatus/5e2dfdcf-5400-42ef-9221-a8e490915e56?api-version=2023-03-15-preview",
      "RequestMethod": "GET",
      "RequestHeaders": {
        "Authorization": "Sanitized",
        "traceparent": "00-766e7e446edb6511dd86b779efa20e6f-d33b06bd4d7aaf23-00",
        "User-Agent": "azsdk-net-ResourceManager/1.6.0 (.NET 7.0.7; Microsoft Windows 10.0.23493)",
        "x-ms-client-request-id": "e22004d3c323f146fc143e6f14fde69d",
        "x-ms-return-client-request-id": "true"
      },
      "RequestBody": null,
      "StatusCode": 200,
      "ResponseHeaders": {
        "Cache-Control": "no-store, no-cache",
        "Content-Length": "22",
        "Content-Type": "application/json",
        "Date": "Sat, 01 Jul 2023 07:20:17 GMT",
        "Pragma": "no-cache",
        "Server": "Microsoft-HTTPAPI/2.0",
        "Strict-Transport-Security": "max-age=31536000; includeSubDomains",
        "X-Content-Type-Options": "nosniff",
        "x-ms-correlation-request-id": "8497fb7c-2b15-45fd-9f8d-635419ff45e4",
        "x-ms-gatewayversion": "version=2.14.0",
        "x-ms-ratelimit-remaining-subscription-reads": "11264",
        "x-ms-request-id": "8497fb7c-2b15-45fd-9f8d-635419ff45e4",
        "x-ms-routing-request-id": "SOUTHCENTRALUS:20230701T072018Z:8497fb7c-2b15-45fd-9f8d-635419ff45e4"
      },
      "ResponseBody": {
        "status": "Succeeded"
      }
    },
    {
      "RequestUri": "https://management.azure.com/subscriptions/220fc532-6091-423c-8ba0-66c2397d591b/resourceGroups/dbaccount-4346/providers/Microsoft.DocumentDB/databaseAccounts/dbaccount-1712/sqlRoleAssignments/cb8ed2d7-2371-4e3c-bd31-6cc1560e84f8?api-version=2023-03-15-preview",
      "RequestMethod": "GET",
      "RequestHeaders": {
        "Authorization": "Sanitized",
        "traceparent": "00-766e7e446edb6511dd86b779efa20e6f-ff0dc142f7c8a4f7-00",
        "User-Agent": "azsdk-net-ResourceManager/1.6.0 (.NET 7.0.7; Microsoft Windows 10.0.23493)",
        "x-ms-client-request-id": "7956e9fbb44bca8936986d7e6de3a760",
        "x-ms-return-client-request-id": "true"
      },
      "RequestBody": null,
      "StatusCode": 200,
      "ResponseHeaders": {
        "Cache-Control": "no-store, no-cache",
        "Content-Length": "782",
        "Content-Type": "application/json",
        "Date": "Sat, 01 Jul 2023 07:20:17 GMT",
        "Pragma": "no-cache",
        "Server": "Microsoft-HTTPAPI/2.0",
        "Strict-Transport-Security": "max-age=31536000; includeSubDomains",
        "X-Content-Type-Options": "nosniff",
        "x-ms-correlation-request-id": "a5250274-7584-458f-a758-c0ec8a8d812e",
        "x-ms-gatewayversion": "version=2.14.0",
        "x-ms-ratelimit-remaining-subscription-reads": "11263",
        "x-ms-request-id": "a5250274-7584-458f-a758-c0ec8a8d812e",
        "x-ms-routing-request-id": "SOUTHCENTRALUS:20230701T072018Z:a5250274-7584-458f-a758-c0ec8a8d812e"
      },
      "ResponseBody": {
        "id": "/subscriptions/220fc532-6091-423c-8ba0-66c2397d591b/resourceGroups/dbaccount-4346/providers/Microsoft.DocumentDB/databaseAccounts/dbaccount-1712/sqlRoleAssignments/cb8ed2d7-2371-4e3c-bd31-6cc1560e84f8",
        "name": "cb8ed2d7-2371-4e3c-bd31-6cc1560e84f8",
        "properties": {
          "roleDefinitionId": "/subscriptions/220fc532-6091-423c-8ba0-66c2397d591b/resourceGroups/dbaccount-4346/providers/Microsoft.DocumentDB/databaseAccounts/dbaccount-1712/sqlRoleDefinitions/be79875a-2cc4-40d5-8958-566017875b39",
          "principalId": "ed4c2395-a18c-4018-afb3-6e521e7534d2",
          "scope": "/subscriptions/220fc532-6091-423c-8ba0-66c2397d591b/resourceGroups/dbaccount-4346/providers/Microsoft.DocumentDB/databaseAccounts/dbaccount-1712/dbs/sql-db-9298"
        },
        "type": "Microsoft.DocumentDB/databaseAccounts/sqlRoleAssignments"
      }
    },
    {
      "RequestUri": "https://management.azure.com/subscriptions/220fc532-6091-423c-8ba0-66c2397d591b/resourceGroups/dbaccount-4346/providers/Microsoft.DocumentDB/databaseAccounts/dbaccount-1712/sqlRoleAssignments?api-version=2023-03-15-preview",
      "RequestMethod": "GET",
      "RequestHeaders": {
        "Accept": "application/json",
        "Authorization": "Sanitized",
        "traceparent": "00-b106a1eeadf2342454e0ebfd09d96b92-b67ca1f568fb3105-00",
        "User-Agent": "azsdk-net-ResourceManager.CosmosDB/1.4.0-alpha.20230630.1 (.NET 7.0.7; Microsoft Windows 10.0.23493)",
        "x-ms-client-request-id": "8c4aa76fc764bb11c4fea6884895a7ee",
        "x-ms-return-client-request-id": "true"
      },
      "RequestBody": null,
      "StatusCode": 200,
      "ResponseHeaders": {
        "Cache-Control": "no-store, no-cache",
        "Content-Length": "794",
        "Content-Type": "application/json",
        "Date": "Sat, 01 Jul 2023 07:20:18 GMT",
        "Pragma": "no-cache",
        "Server": "Microsoft-HTTPAPI/2.0",
        "Strict-Transport-Security": "max-age=31536000; includeSubDomains",
        "X-Content-Type-Options": "nosniff",
        "x-ms-correlation-request-id": "82067178-7bda-4bb3-b6e2-5683e8b29efa",
        "x-ms-gatewayversion": "version=2.14.0",
        "x-ms-ratelimit-remaining-subscription-reads": "11262",
        "x-ms-request-id": "82067178-7bda-4bb3-b6e2-5683e8b29efa",
        "x-ms-routing-request-id": "SOUTHCENTRALUS:20230701T072019Z:82067178-7bda-4bb3-b6e2-5683e8b29efa"
      },
      "ResponseBody": {
        "value": [
          {
            "id": "/subscriptions/220fc532-6091-423c-8ba0-66c2397d591b/resourceGroups/dbaccount-4346/providers/Microsoft.DocumentDB/databaseAccounts/dbaccount-1712/sqlRoleAssignments/cb8ed2d7-2371-4e3c-bd31-6cc1560e84f8",
            "name": "cb8ed2d7-2371-4e3c-bd31-6cc1560e84f8",
            "properties": {
              "roleDefinitionId": "/subscriptions/220fc532-6091-423c-8ba0-66c2397d591b/resourceGroups/dbaccount-4346/providers/Microsoft.DocumentDB/databaseAccounts/dbaccount-1712/sqlRoleDefinitions/be79875a-2cc4-40d5-8958-566017875b39",
              "principalId": "ed4c2395-a18c-4018-afb3-6e521e7534d2",
              "scope": "/subscriptions/220fc532-6091-423c-8ba0-66c2397d591b/resourceGroups/dbaccount-4346/providers/Microsoft.DocumentDB/databaseAccounts/dbaccount-1712/dbs/sql-db-9298"
            },
            "type": "Microsoft.DocumentDB/databaseAccounts/sqlRoleAssignments"
          }
        ]
      }
    },
    {
      "RequestUri": "https://management.azure.com/subscriptions/220fc532-6091-423c-8ba0-66c2397d591b/resourceGroups/dbaccount-4346/providers/Microsoft.DocumentDB/databaseAccounts/dbaccount-1712/sqlRoleAssignments/cb8ed2d7-2371-4e3c-bd31-6cc1560e84f8?api-version=2023-03-15-preview",
      "RequestMethod": "GET",
      "RequestHeaders": {
        "Accept": "application/json",
        "Authorization": "Sanitized",
        "traceparent": "00-93a8fa2308541a9d8cb2b344741b137c-81bf5ce92a077e4a-00",
        "User-Agent": "azsdk-net-ResourceManager.CosmosDB/1.4.0-alpha.20230630.1 (.NET 7.0.7; Microsoft Windows 10.0.23493)",
        "x-ms-client-request-id": "39051cc773761eb47a55ac8b56c78318",
        "x-ms-return-client-request-id": "true"
      },
      "RequestBody": null,
      "StatusCode": 200,
      "ResponseHeaders": {
        "Cache-Control": "no-store, no-cache",
        "Content-Length": "782",
        "Content-Type": "application/json",
        "Date": "Sat, 01 Jul 2023 07:20:18 GMT",
        "Pragma": "no-cache",
        "Server": "Microsoft-HTTPAPI/2.0",
        "Strict-Transport-Security": "max-age=31536000; includeSubDomains",
        "X-Content-Type-Options": "nosniff",
        "x-ms-correlation-request-id": "2dec84b9-f5af-4e4f-9010-7b20886042f6",
        "x-ms-gatewayversion": "version=2.14.0",
        "x-ms-ratelimit-remaining-subscription-reads": "11261",
        "x-ms-request-id": "2dec84b9-f5af-4e4f-9010-7b20886042f6",
        "x-ms-routing-request-id": "SOUTHCENTRALUS:20230701T072019Z:2dec84b9-f5af-4e4f-9010-7b20886042f6"
      },
      "ResponseBody": {
        "id": "/subscriptions/220fc532-6091-423c-8ba0-66c2397d591b/resourceGroups/dbaccount-4346/providers/Microsoft.DocumentDB/databaseAccounts/dbaccount-1712/sqlRoleAssignments/cb8ed2d7-2371-4e3c-bd31-6cc1560e84f8",
        "name": "cb8ed2d7-2371-4e3c-bd31-6cc1560e84f8",
        "properties": {
          "roleDefinitionId": "/subscriptions/220fc532-6091-423c-8ba0-66c2397d591b/resourceGroups/dbaccount-4346/providers/Microsoft.DocumentDB/databaseAccounts/dbaccount-1712/sqlRoleDefinitions/be79875a-2cc4-40d5-8958-566017875b39",
          "principalId": "ed4c2395-a18c-4018-afb3-6e521e7534d2",
          "scope": "/subscriptions/220fc532-6091-423c-8ba0-66c2397d591b/resourceGroups/dbaccount-4346/providers/Microsoft.DocumentDB/databaseAccounts/dbaccount-1712/dbs/sql-db-9298"
        },
        "type": "Microsoft.DocumentDB/databaseAccounts/sqlRoleAssignments"
      }
    },
    {
      "RequestUri": "https://management.azure.com/subscriptions/220fc532-6091-423c-8ba0-66c2397d591b/resourceGroups/dbaccount-4346/providers/Microsoft.DocumentDB/databaseAccounts/dbaccount-1712/sqlRoleAssignments/cb8ed2d7-2371-4e3c-bd31-6cc1560e84f8?api-version=2023-03-15-preview",
      "RequestMethod": "DELETE",
      "RequestHeaders": {
        "Accept": "application/json",
        "Authorization": "Sanitized",
        "traceparent": "00-222df44096c7c7bfa9b61eadfdcbadec-a6d04d0a4ede13e4-00",
        "User-Agent": "azsdk-net-ResourceManager.CosmosDB/1.4.0-alpha.20230630.1 (.NET 7.0.7; Microsoft Windows 10.0.23493)",
        "x-ms-client-request-id": "6cffde6d5ab33338d89bb44c0d0181a0",
        "x-ms-return-client-request-id": "true"
      },
      "RequestBody": null,
      "StatusCode": 202,
      "ResponseHeaders": {
        "Azure-AsyncOperation": "https://management.azure.com/subscriptions/220fc532-6091-423c-8ba0-66c2397d591b/providers/Microsoft.DocumentDB/locations/westus2/operationsStatus/164c9175-5574-4042-bec4-bea5f1272878?api-version=2023-03-15-preview",
        "Cache-Control": "no-store, no-cache",
        "Content-Length": "21",
        "Content-Type": "application/json",
        "Date": "Sat, 01 Jul 2023 07:20:19 GMT",
        "Location": "https://management.azure.com/subscriptions/220fc532-6091-423c-8ba0-66c2397d591b/resourceGroups/dbaccount-4346/providers/Microsoft.DocumentDB/databaseAccounts/dbaccount-1712/sqlRoleAssignments/cb8ed2d7-2371-4e3c-bd31-6cc1560e84f8/operationResults/164c9175-5574-4042-bec4-bea5f1272878?api-version=2023-03-15-preview",
        "Pragma": "no-cache",
        "Server": "Microsoft-HTTPAPI/2.0",
        "Strict-Transport-Security": "max-age=31536000; includeSubDomains",
        "X-Content-Type-Options": "nosniff",
        "x-ms-correlation-request-id": "1bf496b3-94ee-4890-9af6-f6357ab05239",
        "x-ms-gatewayversion": "version=2.14.0",
        "x-ms-ratelimit-remaining-subscription-deletes": "14971",
        "x-ms-request-id": "164c9175-5574-4042-bec4-bea5f1272878",
        "x-ms-routing-request-id": "SOUTHCENTRALUS:20230701T072020Z:1bf496b3-94ee-4890-9af6-f6357ab05239"
      },
      "ResponseBody": {
        "status": "Enqueued"
      }
    },
    {
      "RequestUri": "https://management.azure.com/subscriptions/220fc532-6091-423c-8ba0-66c2397d591b/providers/Microsoft.DocumentDB/locations/westus2/operationsStatus/164c9175-5574-4042-bec4-bea5f1272878?api-version=2023-03-15-preview",
      "RequestMethod": "GET",
      "RequestHeaders": {
        "Authorization": "Sanitized",
        "traceparent": "00-222df44096c7c7bfa9b61eadfdcbadec-1d63bfd1971f72d8-00",
        "User-Agent": "azsdk-net-ResourceManager/1.6.0 (.NET 7.0.7; Microsoft Windows 10.0.23493)",
        "x-ms-client-request-id": "6a1b8d7b3b956d3ae3d261dabe671079",
        "x-ms-return-client-request-id": "true"
      },
      "RequestBody": null,
      "StatusCode": 200,
      "ResponseHeaders": {
        "Cache-Control": "no-store, no-cache",
        "Content-Length": "21",
        "Content-Type": "application/json",
        "Date": "Sat, 01 Jul 2023 07:20:19 GMT",
        "Pragma": "no-cache",
        "Server": "Microsoft-HTTPAPI/2.0",
        "Strict-Transport-Security": "max-age=31536000; includeSubDomains",
        "X-Content-Type-Options": "nosniff",
        "x-ms-correlation-request-id": "24528e30-32e6-4f2f-9d80-2eb2c5d671f9",
        "x-ms-gatewayversion": "version=2.14.0",
        "x-ms-ratelimit-remaining-subscription-reads": "11260",
        "x-ms-request-id": "24528e30-32e6-4f2f-9d80-2eb2c5d671f9",
        "x-ms-routing-request-id": "SOUTHCENTRALUS:20230701T072020Z:24528e30-32e6-4f2f-9d80-2eb2c5d671f9"
      },
      "ResponseBody": {
        "status": "Enqueued"
      }
    },
    {
      "RequestUri": "https://management.azure.com/subscriptions/220fc532-6091-423c-8ba0-66c2397d591b/providers/Microsoft.DocumentDB/locations/westus2/operationsStatus/164c9175-5574-4042-bec4-bea5f1272878?api-version=2023-03-15-preview",
      "RequestMethod": "GET",
      "RequestHeaders": {
        "Authorization": "Sanitized",
        "traceparent": "00-222df44096c7c7bfa9b61eadfdcbadec-8d4f06137117dcf5-00",
        "User-Agent": "azsdk-net-ResourceManager/1.6.0 (.NET 7.0.7; Microsoft Windows 10.0.23493)",
        "x-ms-client-request-id": "d79b0bd33211ff3af303798748291852",
        "x-ms-return-client-request-id": "true"
      },
      "RequestBody": null,
      "StatusCode": 200,
      "ResponseHeaders": {
        "Cache-Control": "no-store, no-cache",
        "Content-Length": "21",
        "Content-Type": "application/json",
        "Date": "Sat, 01 Jul 2023 07:20:20 GMT",
        "Pragma": "no-cache",
        "Server": "Microsoft-HTTPAPI/2.0",
        "Strict-Transport-Security": "max-age=31536000; includeSubDomains",
        "X-Content-Type-Options": "nosniff",
        "x-ms-correlation-request-id": "817c15d5-fe9a-497b-9d6d-8649ad865e22",
        "x-ms-gatewayversion": "version=2.14.0",
        "x-ms-ratelimit-remaining-subscription-reads": "11259",
        "x-ms-request-id": "817c15d5-fe9a-497b-9d6d-8649ad865e22",
        "x-ms-routing-request-id": "SOUTHCENTRALUS:20230701T072021Z:817c15d5-fe9a-497b-9d6d-8649ad865e22"
      },
      "ResponseBody": {
        "status": "Enqueued"
      }
    },
    {
      "RequestUri": "https://management.azure.com/subscriptions/220fc532-6091-423c-8ba0-66c2397d591b/providers/Microsoft.DocumentDB/locations/westus2/operationsStatus/164c9175-5574-4042-bec4-bea5f1272878?api-version=2023-03-15-preview",
      "RequestMethod": "GET",
      "RequestHeaders": {
        "Authorization": "Sanitized",
        "traceparent": "00-222df44096c7c7bfa9b61eadfdcbadec-22d335f4966c65b4-00",
        "User-Agent": "azsdk-net-ResourceManager/1.6.0 (.NET 7.0.7; Microsoft Windows 10.0.23493)",
        "x-ms-client-request-id": "80d1b83616e5b40b44496d0c0c0f3e8c",
        "x-ms-return-client-request-id": "true"
      },
      "RequestBody": null,
      "StatusCode": 200,
      "ResponseHeaders": {
        "Cache-Control": "no-store, no-cache",
        "Content-Length": "21",
        "Content-Type": "application/json",
        "Date": "Sat, 01 Jul 2023 07:20:21 GMT",
        "Pragma": "no-cache",
        "Server": "Microsoft-HTTPAPI/2.0",
        "Strict-Transport-Security": "max-age=31536000; includeSubDomains",
        "X-Content-Type-Options": "nosniff",
        "x-ms-correlation-request-id": "52fa53ae-4cc6-4ab7-8c6a-f90f9d2bbbee",
        "x-ms-gatewayversion": "version=2.14.0",
        "x-ms-ratelimit-remaining-subscription-reads": "11258",
        "x-ms-request-id": "52fa53ae-4cc6-4ab7-8c6a-f90f9d2bbbee",
        "x-ms-routing-request-id": "SOUTHCENTRALUS:20230701T072022Z:52fa53ae-4cc6-4ab7-8c6a-f90f9d2bbbee"
      },
      "ResponseBody": {
        "status": "Enqueued"
      }
    },
    {
      "RequestUri": "https://management.azure.com/subscriptions/220fc532-6091-423c-8ba0-66c2397d591b/providers/Microsoft.DocumentDB/locations/westus2/operationsStatus/164c9175-5574-4042-bec4-bea5f1272878?api-version=2023-03-15-preview",
      "RequestMethod": "GET",
      "RequestHeaders": {
        "Authorization": "Sanitized",
        "traceparent": "00-222df44096c7c7bfa9b61eadfdcbadec-6abb4ca7c01adb5b-00",
        "User-Agent": "azsdk-net-ResourceManager/1.6.0 (.NET 7.0.7; Microsoft Windows 10.0.23493)",
        "x-ms-client-request-id": "0f3b971a8de949eb521c7791c2b325b9",
        "x-ms-return-client-request-id": "true"
      },
      "RequestBody": null,
      "StatusCode": 200,
      "ResponseHeaders": {
        "Cache-Control": "no-store, no-cache",
        "Content-Length": "21",
        "Content-Type": "application/json",
        "Date": "Sat, 01 Jul 2023 07:20:22 GMT",
        "Pragma": "no-cache",
        "Server": "Microsoft-HTTPAPI/2.0",
        "Strict-Transport-Security": "max-age=31536000; includeSubDomains",
        "X-Content-Type-Options": "nosniff",
        "x-ms-correlation-request-id": "5cacee15-6bb4-4454-8bd3-575fd740c044",
        "x-ms-gatewayversion": "version=2.14.0",
        "x-ms-ratelimit-remaining-subscription-reads": "11257",
        "x-ms-request-id": "5cacee15-6bb4-4454-8bd3-575fd740c044",
        "x-ms-routing-request-id": "SOUTHCENTRALUS:20230701T072023Z:5cacee15-6bb4-4454-8bd3-575fd740c044"
      },
      "ResponseBody": {
        "status": "Enqueued"
      }
    },
    {
      "RequestUri": "https://management.azure.com/subscriptions/220fc532-6091-423c-8ba0-66c2397d591b/providers/Microsoft.DocumentDB/locations/westus2/operationsStatus/164c9175-5574-4042-bec4-bea5f1272878?api-version=2023-03-15-preview",
      "RequestMethod": "GET",
      "RequestHeaders": {
        "Authorization": "Sanitized",
        "traceparent": "00-222df44096c7c7bfa9b61eadfdcbadec-aa5cdfc3754c7c59-00",
        "User-Agent": "azsdk-net-ResourceManager/1.6.0 (.NET 7.0.7; Microsoft Windows 10.0.23493)",
        "x-ms-client-request-id": "05a40eb99095bd9400e693c8c42ef3e4",
        "x-ms-return-client-request-id": "true"
      },
      "RequestBody": null,
      "StatusCode": 200,
      "ResponseHeaders": {
        "Cache-Control": "no-store, no-cache",
        "Content-Length": "21",
        "Content-Type": "application/json",
        "Date": "Sat, 01 Jul 2023 07:20:24 GMT",
        "Pragma": "no-cache",
        "Server": "Microsoft-HTTPAPI/2.0",
        "Strict-Transport-Security": "max-age=31536000; includeSubDomains",
        "X-Content-Type-Options": "nosniff",
        "x-ms-correlation-request-id": "49050136-1990-4704-87f9-02ba555f99fb",
        "x-ms-gatewayversion": "version=2.14.0",
        "x-ms-ratelimit-remaining-subscription-reads": "11256",
        "x-ms-request-id": "49050136-1990-4704-87f9-02ba555f99fb",
        "x-ms-routing-request-id": "SOUTHCENTRALUS:20230701T072025Z:49050136-1990-4704-87f9-02ba555f99fb"
      },
      "ResponseBody": {
        "status": "Dequeued"
      }
    },
    {
      "RequestUri": "https://management.azure.com/subscriptions/220fc532-6091-423c-8ba0-66c2397d591b/providers/Microsoft.DocumentDB/locations/westus2/operationsStatus/164c9175-5574-4042-bec4-bea5f1272878?api-version=2023-03-15-preview",
      "RequestMethod": "GET",
      "RequestHeaders": {
        "Authorization": "Sanitized",
        "traceparent": "00-222df44096c7c7bfa9b61eadfdcbadec-6ceedd54b781af12-00",
        "User-Agent": "azsdk-net-ResourceManager/1.6.0 (.NET 7.0.7; Microsoft Windows 10.0.23493)",
        "x-ms-client-request-id": "b06cecc509eea969cd882dc99f7af290",
        "x-ms-return-client-request-id": "true"
      },
      "RequestBody": null,
      "StatusCode": 200,
      "ResponseHeaders": {
        "Cache-Control": "no-store, no-cache",
        "Content-Length": "21",
        "Content-Type": "application/json",
        "Date": "Sat, 01 Jul 2023 07:20:28 GMT",
        "Pragma": "no-cache",
        "Server": "Microsoft-HTTPAPI/2.0",
        "Strict-Transport-Security": "max-age=31536000; includeSubDomains",
        "X-Content-Type-Options": "nosniff",
        "x-ms-correlation-request-id": "e1ffe89b-a341-47c4-9422-5bf2af14f0e1",
        "x-ms-gatewayversion": "version=2.14.0",
        "x-ms-ratelimit-remaining-subscription-reads": "11255",
        "x-ms-request-id": "e1ffe89b-a341-47c4-9422-5bf2af14f0e1",
        "x-ms-routing-request-id": "SOUTHCENTRALUS:20230701T072029Z:e1ffe89b-a341-47c4-9422-5bf2af14f0e1"
      },
      "ResponseBody": {
        "status": "Dequeued"
      }
    },
    {
      "RequestUri": "https://management.azure.com/subscriptions/220fc532-6091-423c-8ba0-66c2397d591b/providers/Microsoft.DocumentDB/locations/westus2/operationsStatus/164c9175-5574-4042-bec4-bea5f1272878?api-version=2023-03-15-preview",
      "RequestMethod": "GET",
      "RequestHeaders": {
        "Authorization": "Sanitized",
        "traceparent": "00-222df44096c7c7bfa9b61eadfdcbadec-b26709ce13faf1c3-00",
        "User-Agent": "azsdk-net-ResourceManager/1.6.0 (.NET 7.0.7; Microsoft Windows 10.0.23493)",
        "x-ms-client-request-id": "fd52b423386a89f6037d0f02f9238424",
        "x-ms-return-client-request-id": "true"
      },
      "RequestBody": null,
      "StatusCode": 200,
      "ResponseHeaders": {
        "Cache-Control": "no-store, no-cache",
        "Content-Length": "22",
        "Content-Type": "application/json",
        "Date": "Sat, 01 Jul 2023 07:20:36 GMT",
        "Pragma": "no-cache",
        "Server": "Microsoft-HTTPAPI/2.0",
        "Strict-Transport-Security": "max-age=31536000; includeSubDomains",
        "X-Content-Type-Options": "nosniff",
        "x-ms-correlation-request-id": "f2fd058e-5da4-4d68-83c1-3b0fde59e194",
        "x-ms-gatewayversion": "version=2.14.0",
        "x-ms-ratelimit-remaining-subscription-reads": "11254",
        "x-ms-request-id": "f2fd058e-5da4-4d68-83c1-3b0fde59e194",
        "x-ms-routing-request-id": "SOUTHCENTRALUS:20230701T072037Z:f2fd058e-5da4-4d68-83c1-3b0fde59e194"
      },
      "ResponseBody": {
        "status": "Succeeded"
      }
    },
    {
      "RequestUri": "https://management.azure.com/subscriptions/220fc532-6091-423c-8ba0-66c2397d591b/resourceGroups/dbaccount-4346/providers/Microsoft.DocumentDB/databaseAccounts/dbaccount-1712/sqlRoleDefinitions/be79875a-2cc4-40d5-8958-566017875b39?api-version=2023-03-15-preview",
      "RequestMethod": "DELETE",
      "RequestHeaders": {
        "Accept": "application/json",
        "Authorization": "Sanitized",
        "traceparent": "00-ca2b847ecea9446141e3ca2dfb0830c9-002934763f1e67b6-00",
        "User-Agent": "azsdk-net-ResourceManager.CosmosDB/1.4.0-alpha.20230630.1 (.NET 7.0.7; Microsoft Windows 10.0.23493)",
        "x-ms-client-request-id": "d5cb93297446afcaa5fb380c63cb1d85",
        "x-ms-return-client-request-id": "true"
      },
      "RequestBody": null,
      "StatusCode": 202,
      "ResponseHeaders": {
        "Azure-AsyncOperation": "https://management.azure.com/subscriptions/220fc532-6091-423c-8ba0-66c2397d591b/providers/Microsoft.DocumentDB/locations/westus2/operationsStatus/aacd43ad-6138-4a9a-915a-16b02a93d297?api-version=2023-03-15-preview",
        "Cache-Control": "no-store, no-cache",
        "Content-Length": "21",
        "Content-Type": "application/json",
        "Date": "Sat, 01 Jul 2023 07:20:38 GMT",
        "Location": "https://management.azure.com/subscriptions/220fc532-6091-423c-8ba0-66c2397d591b/resourceGroups/dbaccount-4346/providers/Microsoft.DocumentDB/databaseAccounts/dbaccount-1712/sqlRoleDefinitions/be79875a-2cc4-40d5-8958-566017875b39/operationResults/aacd43ad-6138-4a9a-915a-16b02a93d297?api-version=2023-03-15-preview",
        "Pragma": "no-cache",
        "Server": "Microsoft-HTTPAPI/2.0",
        "Strict-Transport-Security": "max-age=31536000; includeSubDomains",
        "X-Content-Type-Options": "nosniff",
        "x-ms-correlation-request-id": "9625c3da-1ac1-4141-ba08-c9070edd8d86",
        "x-ms-gatewayversion": "version=2.14.0",
        "x-ms-ratelimit-remaining-subscription-deletes": "14970",
        "x-ms-request-id": "aacd43ad-6138-4a9a-915a-16b02a93d297",
        "x-ms-routing-request-id": "SOUTHCENTRALUS:20230701T072038Z:9625c3da-1ac1-4141-ba08-c9070edd8d86"
      },
      "ResponseBody": {
        "status": "Enqueued"
      }
    },
    {
      "RequestUri": "https://management.azure.com/subscriptions/220fc532-6091-423c-8ba0-66c2397d591b/providers/Microsoft.DocumentDB/locations/westus2/operationsStatus/aacd43ad-6138-4a9a-915a-16b02a93d297?api-version=2023-03-15-preview",
      "RequestMethod": "GET",
      "RequestHeaders": {
        "Authorization": "Sanitized",
        "traceparent": "00-ca2b847ecea9446141e3ca2dfb0830c9-de4ede660f6c8a8a-00",
        "User-Agent": "azsdk-net-ResourceManager/1.6.0 (.NET 7.0.7; Microsoft Windows 10.0.23493)",
        "x-ms-client-request-id": "0ca008031daeaf4ae9a2586fffe92637",
        "x-ms-return-client-request-id": "true"
      },
      "RequestBody": null,
      "StatusCode": 200,
      "ResponseHeaders": {
        "Cache-Control": "no-store, no-cache",
        "Content-Length": "21",
        "Content-Type": "application/json",
        "Date": "Sat, 01 Jul 2023 07:20:38 GMT",
        "Pragma": "no-cache",
        "Server": "Microsoft-HTTPAPI/2.0",
        "Strict-Transport-Security": "max-age=31536000; includeSubDomains",
        "X-Content-Type-Options": "nosniff",
        "x-ms-correlation-request-id": "52473701-390d-43af-b26e-4f6594b7cea5",
        "x-ms-gatewayversion": "version=2.14.0",
        "x-ms-ratelimit-remaining-subscription-reads": "11253",
        "x-ms-request-id": "52473701-390d-43af-b26e-4f6594b7cea5",
        "x-ms-routing-request-id": "SOUTHCENTRALUS:20230701T072038Z:52473701-390d-43af-b26e-4f6594b7cea5"
      },
      "ResponseBody": {
        "status": "Enqueued"
      }
    },
    {
      "RequestUri": "https://management.azure.com/subscriptions/220fc532-6091-423c-8ba0-66c2397d591b/providers/Microsoft.DocumentDB/locations/westus2/operationsStatus/aacd43ad-6138-4a9a-915a-16b02a93d297?api-version=2023-03-15-preview",
      "RequestMethod": "GET",
      "RequestHeaders": {
        "Authorization": "Sanitized",
        "traceparent": "00-ca2b847ecea9446141e3ca2dfb0830c9-c2f363af4646baf3-00",
        "User-Agent": "azsdk-net-ResourceManager/1.6.0 (.NET 7.0.7; Microsoft Windows 10.0.23493)",
        "x-ms-client-request-id": "f70e8960747f3348193edf63c759b53e",
        "x-ms-return-client-request-id": "true"
      },
      "RequestBody": null,
      "StatusCode": 200,
      "ResponseHeaders": {
        "Cache-Control": "no-store, no-cache",
        "Content-Length": "21",
        "Content-Type": "application/json",
        "Date": "Sat, 01 Jul 2023 07:20:39 GMT",
        "Pragma": "no-cache",
        "Server": "Microsoft-HTTPAPI/2.0",
        "Strict-Transport-Security": "max-age=31536000; includeSubDomains",
        "X-Content-Type-Options": "nosniff",
        "x-ms-correlation-request-id": "fb0a9308-11fa-43a5-8f0a-23659306ce62",
        "x-ms-gatewayversion": "version=2.14.0",
        "x-ms-ratelimit-remaining-subscription-reads": "11252",
        "x-ms-request-id": "fb0a9308-11fa-43a5-8f0a-23659306ce62",
        "x-ms-routing-request-id": "SOUTHCENTRALUS:20230701T072039Z:fb0a9308-11fa-43a5-8f0a-23659306ce62"
      },
      "ResponseBody": {
        "status": "Enqueued"
      }
    },
    {
      "RequestUri": "https://management.azure.com/subscriptions/220fc532-6091-423c-8ba0-66c2397d591b/providers/Microsoft.DocumentDB/locations/westus2/operationsStatus/aacd43ad-6138-4a9a-915a-16b02a93d297?api-version=2023-03-15-preview",
      "RequestMethod": "GET",
      "RequestHeaders": {
        "Authorization": "Sanitized",
        "traceparent": "00-ca2b847ecea9446141e3ca2dfb0830c9-6d581fd3d2d148b6-00",
        "User-Agent": "azsdk-net-ResourceManager/1.6.0 (.NET 7.0.7; Microsoft Windows 10.0.23493)",
        "x-ms-client-request-id": "5a098e4c102ad6d7b8f527399c098e0b",
        "x-ms-return-client-request-id": "true"
      },
      "RequestBody": null,
      "StatusCode": 200,
      "ResponseHeaders": {
        "Cache-Control": "no-store, no-cache",
        "Content-Length": "21",
        "Content-Type": "application/json",
        "Date": "Sat, 01 Jul 2023 07:20:40 GMT",
        "Pragma": "no-cache",
        "Server": "Microsoft-HTTPAPI/2.0",
        "Strict-Transport-Security": "max-age=31536000; includeSubDomains",
        "X-Content-Type-Options": "nosniff",
        "x-ms-correlation-request-id": "67b0e409-0f57-410c-8623-b38ccd6885b8",
        "x-ms-gatewayversion": "version=2.14.0",
        "x-ms-ratelimit-remaining-subscription-reads": "11251",
        "x-ms-request-id": "67b0e409-0f57-410c-8623-b38ccd6885b8",
        "x-ms-routing-request-id": "SOUTHCENTRALUS:20230701T072040Z:67b0e409-0f57-410c-8623-b38ccd6885b8"
      },
      "ResponseBody": {
        "status": "Enqueued"
      }
    },
    {
      "RequestUri": "https://management.azure.com/subscriptions/220fc532-6091-423c-8ba0-66c2397d591b/providers/Microsoft.DocumentDB/locations/westus2/operationsStatus/aacd43ad-6138-4a9a-915a-16b02a93d297?api-version=2023-03-15-preview",
      "RequestMethod": "GET",
      "RequestHeaders": {
        "Authorization": "Sanitized",
        "traceparent": "00-ca2b847ecea9446141e3ca2dfb0830c9-cf958a40b5a498c0-00",
        "User-Agent": "azsdk-net-ResourceManager/1.6.0 (.NET 7.0.7; Microsoft Windows 10.0.23493)",
        "x-ms-client-request-id": "711075bcb7588f2ac06cf2703ee6e88f",
        "x-ms-return-client-request-id": "true"
      },
      "RequestBody": null,
      "StatusCode": 200,
      "ResponseHeaders": {
        "Cache-Control": "no-store, no-cache",
        "Content-Length": "21",
        "Content-Type": "application/json",
        "Date": "Sat, 01 Jul 2023 07:20:42 GMT",
        "Pragma": "no-cache",
        "Server": "Microsoft-HTTPAPI/2.0",
        "Strict-Transport-Security": "max-age=31536000; includeSubDomains",
        "X-Content-Type-Options": "nosniff",
        "x-ms-correlation-request-id": "2b4dd0b7-b617-4259-933d-d56b99e39308",
        "x-ms-gatewayversion": "version=2.14.0",
        "x-ms-ratelimit-remaining-subscription-reads": "11250",
        "x-ms-request-id": "2b4dd0b7-b617-4259-933d-d56b99e39308",
        "x-ms-routing-request-id": "SOUTHCENTRALUS:20230701T072042Z:2b4dd0b7-b617-4259-933d-d56b99e39308"
      },
      "ResponseBody": {
        "status": "Dequeued"
      }
    },
    {
      "RequestUri": "https://management.azure.com/subscriptions/220fc532-6091-423c-8ba0-66c2397d591b/providers/Microsoft.DocumentDB/locations/westus2/operationsStatus/aacd43ad-6138-4a9a-915a-16b02a93d297?api-version=2023-03-15-preview",
      "RequestMethod": "GET",
      "RequestHeaders": {
        "Authorization": "Sanitized",
        "traceparent": "00-ca2b847ecea9446141e3ca2dfb0830c9-14bb510b0ff7309d-00",
        "User-Agent": "azsdk-net-ResourceManager/1.6.0 (.NET 7.0.7; Microsoft Windows 10.0.23493)",
        "x-ms-client-request-id": "70231aedcbe04f0cb1373e894d0e9710",
        "x-ms-return-client-request-id": "true"
      },
      "RequestBody": null,
      "StatusCode": 200,
      "ResponseHeaders": {
        "Cache-Control": "no-store, no-cache",
        "Content-Length": "21",
        "Content-Type": "application/json",
        "Date": "Sat, 01 Jul 2023 07:20:44 GMT",
        "Pragma": "no-cache",
        "Server": "Microsoft-HTTPAPI/2.0",
        "Strict-Transport-Security": "max-age=31536000; includeSubDomains",
        "X-Content-Type-Options": "nosniff",
        "x-ms-correlation-request-id": "ded234d4-bf06-4f9c-a990-8c8bf2a748f4",
        "x-ms-gatewayversion": "version=2.14.0",
        "x-ms-ratelimit-remaining-subscription-reads": "11249",
        "x-ms-request-id": "ded234d4-bf06-4f9c-a990-8c8bf2a748f4",
        "x-ms-routing-request-id": "SOUTHCENTRALUS:20230701T072044Z:ded234d4-bf06-4f9c-a990-8c8bf2a748f4"
      },
      "ResponseBody": {
        "status": "Dequeued"
      }
    },
    {
      "RequestUri": "https://management.azure.com/subscriptions/220fc532-6091-423c-8ba0-66c2397d591b/providers/Microsoft.DocumentDB/locations/westus2/operationsStatus/aacd43ad-6138-4a9a-915a-16b02a93d297?api-version=2023-03-15-preview",
      "RequestMethod": "GET",
      "RequestHeaders": {
        "Authorization": "Sanitized",
        "traceparent": "00-ca2b847ecea9446141e3ca2dfb0830c9-1733b261d4144e8d-00",
        "User-Agent": "azsdk-net-ResourceManager/1.6.0 (.NET 7.0.7; Microsoft Windows 10.0.23493)",
        "x-ms-client-request-id": "51a6d3b0444994e6647a9abe1e6798d1",
        "x-ms-return-client-request-id": "true"
      },
      "RequestBody": null,
      "StatusCode": 200,
      "ResponseHeaders": {
        "Cache-Control": "no-store, no-cache",
        "Content-Length": "21",
        "Content-Type": "application/json",
        "Date": "Sat, 01 Jul 2023 07:20:48 GMT",
        "Pragma": "no-cache",
        "Server": "Microsoft-HTTPAPI/2.0",
        "Strict-Transport-Security": "max-age=31536000; includeSubDomains",
        "X-Content-Type-Options": "nosniff",
        "x-ms-correlation-request-id": "cd7c6433-d832-42c2-a62f-7a9a0baa7789",
        "x-ms-gatewayversion": "version=2.14.0",
        "x-ms-ratelimit-remaining-subscription-reads": "11248",
        "x-ms-request-id": "cd7c6433-d832-42c2-a62f-7a9a0baa7789",
        "x-ms-routing-request-id": "SOUTHCENTRALUS:20230701T072048Z:cd7c6433-d832-42c2-a62f-7a9a0baa7789"
      },
      "ResponseBody": {
        "status": "Dequeued"
      }
    },
    {
      "RequestUri": "https://management.azure.com/subscriptions/220fc532-6091-423c-8ba0-66c2397d591b/providers/Microsoft.DocumentDB/locations/westus2/operationsStatus/aacd43ad-6138-4a9a-915a-16b02a93d297?api-version=2023-03-15-preview",
      "RequestMethod": "GET",
      "RequestHeaders": {
        "Authorization": "Sanitized",
        "traceparent": "00-ca2b847ecea9446141e3ca2dfb0830c9-1e74bc53d3f674b0-00",
        "User-Agent": "azsdk-net-ResourceManager/1.6.0 (.NET 7.0.7; Microsoft Windows 10.0.23493)",
        "x-ms-client-request-id": "824b970d1de6f12b68c0bf2079a041b2",
        "x-ms-return-client-request-id": "true"
      },
      "RequestBody": null,
      "StatusCode": 200,
      "ResponseHeaders": {
        "Cache-Control": "no-store, no-cache",
        "Content-Length": "22",
        "Content-Type": "application/json",
        "Date": "Sat, 01 Jul 2023 07:20:56 GMT",
        "Pragma": "no-cache",
        "Server": "Microsoft-HTTPAPI/2.0",
        "Strict-Transport-Security": "max-age=31536000; includeSubDomains",
        "X-Content-Type-Options": "nosniff",
        "x-ms-correlation-request-id": "e4d4f31d-9aa9-494f-b606-f86d61e57698",
        "x-ms-gatewayversion": "version=2.14.0",
        "x-ms-ratelimit-remaining-subscription-reads": "11247",
        "x-ms-request-id": "e4d4f31d-9aa9-494f-b606-f86d61e57698",
        "x-ms-routing-request-id": "SOUTHCENTRALUS:20230701T072056Z:e4d4f31d-9aa9-494f-b606-f86d61e57698"
      },
      "ResponseBody": {
        "status": "Succeeded"
      }
    },
    {
      "RequestUri": "https://management.azure.com/subscriptions/220fc532-6091-423c-8ba0-66c2397d591b/resourceGroups/dbaccount-4346/providers/Microsoft.DocumentDB/databaseAccounts/dbaccount-1712/sqlDatabases/sql-db-9298?api-version=2023-03-15-preview",
      "RequestMethod": "DELETE",
      "RequestHeaders": {
        "Authorization": "Sanitized",
        "traceparent": "00-7e429e788e4a0e614ff22094cb931c3b-097374ff799351ca-00",
        "User-Agent": "azsdk-net-ResourceManager.CosmosDB/1.4.0-alpha.20230630.1 (.NET 7.0.7; Microsoft Windows 10.0.23493)",
        "x-ms-client-request-id": "6ac0e2d59640a945338e0c66314e314a",
        "x-ms-return-client-request-id": "true"
      },
      "RequestBody": null,
      "StatusCode": 202,
      "ResponseHeaders": {
        "Azure-AsyncOperation": "https://management.azure.com/subscriptions/220fc532-6091-423c-8ba0-66c2397d591b/providers/Microsoft.DocumentDB/locations/westus2/operationsStatus/d1df05b5-5d9c-4bcd-b10d-9646a65814a7?api-version=2023-03-15-preview",
        "Cache-Control": "no-store, no-cache",
        "Content-Length": "21",
        "Content-Type": "application/json",
        "Date": "Sat, 01 Jul 2023 07:20:56 GMT",
        "Location": "https://management.azure.com/subscriptions/220fc532-6091-423c-8ba0-66c2397d591b/resourceGroups/dbaccount-4346/providers/Microsoft.DocumentDB/databaseAccounts/dbaccount-1712/sqlDatabases/sql-db-9298/operationResults/d1df05b5-5d9c-4bcd-b10d-9646a65814a7?api-version=2023-03-15-preview",
        "Pragma": "no-cache",
        "Server": "Microsoft-HTTPAPI/2.0",
        "Strict-Transport-Security": "max-age=31536000; includeSubDomains",
        "X-Content-Type-Options": "nosniff",
        "x-ms-correlation-request-id": "47cd18ec-8cf2-4f45-b9d2-5eac0eba8e27",
        "x-ms-gatewayversion": "version=2.14.0",
        "x-ms-ratelimit-remaining-subscription-deletes": "14969",
        "x-ms-request-id": "d1df05b5-5d9c-4bcd-b10d-9646a65814a7",
        "x-ms-routing-request-id": "SOUTHCENTRALUS:20230701T072056Z:47cd18ec-8cf2-4f45-b9d2-5eac0eba8e27"
      },
      "ResponseBody": {
        "status": "Enqueued"
      }
    },
    {
      "RequestUri": "https://management.azure.com/subscriptions/220fc532-6091-423c-8ba0-66c2397d591b/providers/Microsoft.DocumentDB/locations/westus2/operationsStatus/d1df05b5-5d9c-4bcd-b10d-9646a65814a7?api-version=2023-03-15-preview",
      "RequestMethod": "GET",
      "RequestHeaders": {
        "Authorization": "Sanitized",
        "traceparent": "00-7e429e788e4a0e614ff22094cb931c3b-accb1cf65696548c-00",
        "User-Agent": "azsdk-net-ResourceManager/1.6.0 (.NET 7.0.7; Microsoft Windows 10.0.23493)",
        "x-ms-client-request-id": "3ce9e8382ea7769152a24e5711c4c01a",
        "x-ms-return-client-request-id": "true"
      },
      "RequestBody": null,
      "StatusCode": 200,
      "ResponseHeaders": {
        "Cache-Control": "no-store, no-cache",
        "Content-Length": "21",
        "Content-Type": "application/json",
        "Date": "Sat, 01 Jul 2023 07:20:56 GMT",
        "Pragma": "no-cache",
        "Server": "Microsoft-HTTPAPI/2.0",
        "Strict-Transport-Security": "max-age=31536000; includeSubDomains",
        "X-Content-Type-Options": "nosniff",
        "x-ms-correlation-request-id": "c47d72c7-74a1-4909-8833-451847ec45eb",
        "x-ms-gatewayversion": "version=2.14.0",
        "x-ms-ratelimit-remaining-subscription-reads": "11246",
        "x-ms-request-id": "c47d72c7-74a1-4909-8833-451847ec45eb",
        "x-ms-routing-request-id": "SOUTHCENTRALUS:20230701T072056Z:c47d72c7-74a1-4909-8833-451847ec45eb"
      },
      "ResponseBody": {
        "status": "Enqueued"
      }
    },
    {
      "RequestUri": "https://management.azure.com/subscriptions/220fc532-6091-423c-8ba0-66c2397d591b/providers/Microsoft.DocumentDB/locations/westus2/operationsStatus/d1df05b5-5d9c-4bcd-b10d-9646a65814a7?api-version=2023-03-15-preview",
      "RequestMethod": "GET",
      "RequestHeaders": {
        "Authorization": "Sanitized",
        "traceparent": "00-7e429e788e4a0e614ff22094cb931c3b-2c8bbbd72d6556cb-00",
        "User-Agent": "azsdk-net-ResourceManager/1.6.0 (.NET 7.0.7; Microsoft Windows 10.0.23493)",
        "x-ms-client-request-id": "0b81758f8c23c0efb82dc28badbd256d",
        "x-ms-return-client-request-id": "true"
      },
      "RequestBody": null,
      "StatusCode": 200,
      "ResponseHeaders": {
        "Cache-Control": "no-store, no-cache",
        "Content-Length": "21",
        "Content-Type": "application/json",
        "Date": "Sat, 01 Jul 2023 07:20:57 GMT",
        "Pragma": "no-cache",
        "Server": "Microsoft-HTTPAPI/2.0",
        "Strict-Transport-Security": "max-age=31536000; includeSubDomains",
        "X-Content-Type-Options": "nosniff",
        "x-ms-correlation-request-id": "0b749369-f436-4428-bf8d-3ee1bf7b2a40",
        "x-ms-gatewayversion": "version=2.14.0",
        "x-ms-ratelimit-remaining-subscription-reads": "11245",
        "x-ms-request-id": "0b749369-f436-4428-bf8d-3ee1bf7b2a40",
        "x-ms-routing-request-id": "SOUTHCENTRALUS:20230701T072057Z:0b749369-f436-4428-bf8d-3ee1bf7b2a40"
      },
      "ResponseBody": {
        "status": "Enqueued"
      }
    },
    {
      "RequestUri": "https://management.azure.com/subscriptions/220fc532-6091-423c-8ba0-66c2397d591b/providers/Microsoft.DocumentDB/locations/westus2/operationsStatus/d1df05b5-5d9c-4bcd-b10d-9646a65814a7?api-version=2023-03-15-preview",
      "RequestMethod": "GET",
      "RequestHeaders": {
        "Authorization": "Sanitized",
        "traceparent": "00-7e429e788e4a0e614ff22094cb931c3b-956e9a77fd6d011d-00",
        "User-Agent": "azsdk-net-ResourceManager/1.6.0 (.NET 7.0.7; Microsoft Windows 10.0.23493)",
        "x-ms-client-request-id": "492e4973f56570a3db066320c6d281e3",
        "x-ms-return-client-request-id": "true"
      },
      "RequestBody": null,
      "StatusCode": 200,
      "ResponseHeaders": {
        "Cache-Control": "no-store, no-cache",
        "Content-Length": "21",
        "Content-Type": "application/json",
        "Date": "Sat, 01 Jul 2023 07:20:58 GMT",
        "Pragma": "no-cache",
        "Server": "Microsoft-HTTPAPI/2.0",
        "Strict-Transport-Security": "max-age=31536000; includeSubDomains",
        "X-Content-Type-Options": "nosniff",
        "x-ms-correlation-request-id": "510cac49-2d73-4de9-9fe8-3b7c986d2478",
        "x-ms-gatewayversion": "version=2.14.0",
        "x-ms-ratelimit-remaining-subscription-reads": "11244",
        "x-ms-request-id": "510cac49-2d73-4de9-9fe8-3b7c986d2478",
        "x-ms-routing-request-id": "SOUTHCENTRALUS:20230701T072058Z:510cac49-2d73-4de9-9fe8-3b7c986d2478"
      },
      "ResponseBody": {
        "status": "Enqueued"
      }
    },
    {
      "RequestUri": "https://management.azure.com/subscriptions/220fc532-6091-423c-8ba0-66c2397d591b/providers/Microsoft.DocumentDB/locations/westus2/operationsStatus/d1df05b5-5d9c-4bcd-b10d-9646a65814a7?api-version=2023-03-15-preview",
      "RequestMethod": "GET",
      "RequestHeaders": {
        "Authorization": "Sanitized",
        "traceparent": "00-7e429e788e4a0e614ff22094cb931c3b-a4a2bcc806d862f7-00",
        "User-Agent": "azsdk-net-ResourceManager/1.6.0 (.NET 7.0.7; Microsoft Windows 10.0.23493)",
        "x-ms-client-request-id": "0ff8cef40f45ab9ff82983796b06c894",
        "x-ms-return-client-request-id": "true"
      },
      "RequestBody": null,
      "StatusCode": 200,
      "ResponseHeaders": {
        "Cache-Control": "no-store, no-cache",
        "Content-Length": "21",
        "Content-Type": "application/json",
        "Date": "Sat, 01 Jul 2023 07:21:00 GMT",
        "Pragma": "no-cache",
        "Server": "Microsoft-HTTPAPI/2.0",
        "Strict-Transport-Security": "max-age=31536000; includeSubDomains",
        "X-Content-Type-Options": "nosniff",
        "x-ms-correlation-request-id": "4fba34e4-e499-4ad8-81bd-dc7871b20b7c",
        "x-ms-gatewayversion": "version=2.14.0",
        "x-ms-ratelimit-remaining-subscription-reads": "11243",
        "x-ms-request-id": "4fba34e4-e499-4ad8-81bd-dc7871b20b7c",
        "x-ms-routing-request-id": "SOUTHCENTRALUS:20230701T072100Z:4fba34e4-e499-4ad8-81bd-dc7871b20b7c"
      },
      "ResponseBody": {
        "status": "Dequeued"
      }
    },
    {
      "RequestUri": "https://management.azure.com/subscriptions/220fc532-6091-423c-8ba0-66c2397d591b/providers/Microsoft.DocumentDB/locations/westus2/operationsStatus/d1df05b5-5d9c-4bcd-b10d-9646a65814a7?api-version=2023-03-15-preview",
      "RequestMethod": "GET",
      "RequestHeaders": {
        "Authorization": "Sanitized",
        "traceparent": "00-7e429e788e4a0e614ff22094cb931c3b-c26c93a20e99b1d1-00",
        "User-Agent": "azsdk-net-ResourceManager/1.6.0 (.NET 7.0.7; Microsoft Windows 10.0.23493)",
        "x-ms-client-request-id": "c7e3e17d77969ab5d110301d29cef9e6",
        "x-ms-return-client-request-id": "true"
      },
      "RequestBody": null,
      "StatusCode": 200,
      "ResponseHeaders": {
        "Cache-Control": "no-store, no-cache",
        "Content-Length": "22",
        "Content-Type": "application/json",
        "Date": "Sat, 01 Jul 2023 07:21:02 GMT",
        "Pragma": "no-cache",
        "Server": "Microsoft-HTTPAPI/2.0",
        "Strict-Transport-Security": "max-age=31536000; includeSubDomains",
        "X-Content-Type-Options": "nosniff",
        "x-ms-correlation-request-id": "6e2d92e0-a829-4407-814e-be029337f466",
        "x-ms-gatewayversion": "version=2.14.0",
        "x-ms-ratelimit-remaining-subscription-reads": "11242",
        "x-ms-request-id": "6e2d92e0-a829-4407-814e-be029337f466",
        "x-ms-routing-request-id": "SOUTHCENTRALUS:20230701T072102Z:6e2d92e0-a829-4407-814e-be029337f466"
      },
      "ResponseBody": {
        "status": "Succeeded"
      }
    },
    {
      "RequestUri": "https://management.azure.com/subscriptions/220fc532-6091-423c-8ba0-66c2397d591b/resourceGroups/dbaccount-4346/providers/Microsoft.DocumentDB/databaseAccounts/dbaccount-1712?api-version=2023-03-15-preview",
      "RequestMethod": "DELETE",
      "RequestHeaders": {
        "Authorization": "Sanitized",
        "traceparent": "00-8b07cb959334432aa2b247bd43e3970d-b04dd0cf69eba677-00",
        "User-Agent": "azsdk-net-ResourceManager.CosmosDB/1.4.0-alpha.20230630.1 (.NET 7.0.7; Microsoft Windows 10.0.23493)",
        "x-ms-client-request-id": "de96deab15c46428a982503b712905d5",
        "x-ms-return-client-request-id": "true"
      },
      "RequestBody": null,
      "StatusCode": 202,
      "ResponseHeaders": {
        "Azure-AsyncOperation": "https://management.azure.com/subscriptions/220fc532-6091-423c-8ba0-66c2397d591b/providers/Microsoft.DocumentDB/locations/westus2/operationsStatus/4d3a07c4-e8f1-4023-83ac-648ee32192af?api-version=2023-03-15-preview",
        "Cache-Control": "no-store, no-cache",
        "Content-Length": "21",
        "Content-Type": "application/json",
        "Date": "Sat, 01 Jul 2023 07:21:03 GMT",
        "Location": "https://management.azure.com/subscriptions/220fc532-6091-423c-8ba0-66c2397d591b/providers/Microsoft.DocumentDB/locations/westus2/operationResults/4d3a07c4-e8f1-4023-83ac-648ee32192af?api-version=2023-03-15-preview",
        "Pragma": "no-cache",
        "Server": "Microsoft-HTTPAPI/2.0",
        "Strict-Transport-Security": "max-age=31536000; includeSubDomains",
        "X-Content-Type-Options": "nosniff",
        "x-ms-correlation-request-id": "f0e77469-3438-41a1-8e98-905c3dfed1ff",
        "x-ms-gatewayversion": "version=2.14.0",
        "x-ms-ratelimit-remaining-subscription-deletes": "14968",
        "x-ms-request-id": "4d3a07c4-e8f1-4023-83ac-648ee32192af",
        "x-ms-routing-request-id": "SOUTHCENTRALUS:20230701T072103Z:f0e77469-3438-41a1-8e98-905c3dfed1ff"
      },
      "ResponseBody": {
        "status": "Enqueued"
      }
    },
    {
      "RequestUri": "https://management.azure.com/subscriptions/220fc532-6091-423c-8ba0-66c2397d591b/providers/Microsoft.DocumentDB/locations/westus2/operationsStatus/4d3a07c4-e8f1-4023-83ac-648ee32192af?api-version=2023-03-15-preview",
      "RequestMethod": "GET",
      "RequestHeaders": {
        "Authorization": "Sanitized",
        "traceparent": "00-8b07cb959334432aa2b247bd43e3970d-688516674a70cf48-00",
        "User-Agent": "azsdk-net-ResourceManager/1.6.0 (.NET 7.0.7; Microsoft Windows 10.0.23493)",
        "x-ms-client-request-id": "8dcd9c2fea6f67d0b87f1e13277928a8",
        "x-ms-return-client-request-id": "true"
      },
      "RequestBody": null,
      "StatusCode": 200,
      "ResponseHeaders": {
        "Cache-Control": "no-store, no-cache",
        "Content-Length": "21",
        "Content-Type": "application/json",
        "Date": "Sat, 01 Jul 2023 07:21:03 GMT",
        "Pragma": "no-cache",
        "Server": "Microsoft-HTTPAPI/2.0",
        "Strict-Transport-Security": "max-age=31536000; includeSubDomains",
        "X-Content-Type-Options": "nosniff",
        "x-ms-correlation-request-id": "b8c382f7-16c2-492c-974a-4b2d99411288",
        "x-ms-gatewayversion": "version=2.14.0",
        "x-ms-ratelimit-remaining-subscription-reads": "11241",
        "x-ms-request-id": "b8c382f7-16c2-492c-974a-4b2d99411288",
        "x-ms-routing-request-id": "SOUTHCENTRALUS:20230701T072103Z:b8c382f7-16c2-492c-974a-4b2d99411288"
      },
      "ResponseBody": {
        "status": "Enqueued"
      }
    },
    {
      "RequestUri": "https://management.azure.com/subscriptions/220fc532-6091-423c-8ba0-66c2397d591b/providers/Microsoft.DocumentDB/locations/westus2/operationsStatus/4d3a07c4-e8f1-4023-83ac-648ee32192af?api-version=2023-03-15-preview",
      "RequestMethod": "GET",
      "RequestHeaders": {
        "Authorization": "Sanitized",
        "traceparent": "00-8b07cb959334432aa2b247bd43e3970d-368018882432fae7-00",
        "User-Agent": "azsdk-net-ResourceManager/1.6.0 (.NET 7.0.7; Microsoft Windows 10.0.23493)",
        "x-ms-client-request-id": "5ae05a0b142cf2f8901ac566d8f38427",
        "x-ms-return-client-request-id": "true"
      },
      "RequestBody": null,
      "StatusCode": 200,
      "ResponseHeaders": {
        "Cache-Control": "no-store, no-cache",
        "Content-Length": "21",
        "Content-Type": "application/json",
        "Date": "Sat, 01 Jul 2023 07:21:04 GMT",
        "Pragma": "no-cache",
        "Server": "Microsoft-HTTPAPI/2.0",
        "Strict-Transport-Security": "max-age=31536000; includeSubDomains",
        "X-Content-Type-Options": "nosniff",
        "x-ms-correlation-request-id": "0349ec12-da7d-419c-9ddd-c58f3348cdb3",
        "x-ms-gatewayversion": "version=2.14.0",
        "x-ms-ratelimit-remaining-subscription-reads": "11240",
        "x-ms-request-id": "0349ec12-da7d-419c-9ddd-c58f3348cdb3",
        "x-ms-routing-request-id": "SOUTHCENTRALUS:20230701T072104Z:0349ec12-da7d-419c-9ddd-c58f3348cdb3"
      },
      "ResponseBody": {
        "status": "Enqueued"
      }
    },
    {
      "RequestUri": "https://management.azure.com/subscriptions/220fc532-6091-423c-8ba0-66c2397d591b/providers/Microsoft.DocumentDB/locations/westus2/operationsStatus/4d3a07c4-e8f1-4023-83ac-648ee32192af?api-version=2023-03-15-preview",
      "RequestMethod": "GET",
      "RequestHeaders": {
        "Authorization": "Sanitized",
        "traceparent": "00-8b07cb959334432aa2b247bd43e3970d-4b900481b8c5a4ff-00",
        "User-Agent": "azsdk-net-ResourceManager/1.6.0 (.NET 7.0.7; Microsoft Windows 10.0.23493)",
        "x-ms-client-request-id": "d40b26ff775b5365fe3b2c6e9b3955a0",
        "x-ms-return-client-request-id": "true"
      },
      "RequestBody": null,
      "StatusCode": 200,
      "ResponseHeaders": {
        "Cache-Control": "no-store, no-cache",
        "Content-Length": "21",
        "Content-Type": "application/json",
        "Date": "Sat, 01 Jul 2023 07:21:05 GMT",
        "Pragma": "no-cache",
        "Server": "Microsoft-HTTPAPI/2.0",
        "Strict-Transport-Security": "max-age=31536000; includeSubDomains",
        "X-Content-Type-Options": "nosniff",
        "x-ms-correlation-request-id": "db330098-f0b9-4c03-9756-6f4df30ca105",
        "x-ms-gatewayversion": "version=2.14.0",
        "x-ms-ratelimit-remaining-subscription-reads": "11239",
        "x-ms-request-id": "db330098-f0b9-4c03-9756-6f4df30ca105",
        "x-ms-routing-request-id": "SOUTHCENTRALUS:20230701T072105Z:db330098-f0b9-4c03-9756-6f4df30ca105"
      },
      "ResponseBody": {
        "status": "Enqueued"
      }
    },
    {
      "RequestUri": "https://management.azure.com/subscriptions/220fc532-6091-423c-8ba0-66c2397d591b/providers/Microsoft.DocumentDB/locations/westus2/operationsStatus/4d3a07c4-e8f1-4023-83ac-648ee32192af?api-version=2023-03-15-preview",
      "RequestMethod": "GET",
      "RequestHeaders": {
        "Authorization": "Sanitized",
        "traceparent": "00-8b07cb959334432aa2b247bd43e3970d-4556d8440c4a8a62-00",
        "User-Agent": "azsdk-net-ResourceManager/1.6.0 (.NET 7.0.7; Microsoft Windows 10.0.23493)",
        "x-ms-client-request-id": "8429943528a11bfda4dbfc55246a8ec5",
        "x-ms-return-client-request-id": "true"
      },
      "RequestBody": null,
      "StatusCode": 200,
      "ResponseHeaders": {
        "Cache-Control": "no-store, no-cache",
        "Content-Length": "21",
        "Content-Type": "application/json",
        "Date": "Sat, 01 Jul 2023 07:21:06 GMT",
        "Pragma": "no-cache",
        "Server": "Microsoft-HTTPAPI/2.0",
        "Strict-Transport-Security": "max-age=31536000; includeSubDomains",
        "X-Content-Type-Options": "nosniff",
        "x-ms-correlation-request-id": "b1f234fb-446c-4a28-9e2f-7787b28670bc",
        "x-ms-gatewayversion": "version=2.14.0",
        "x-ms-ratelimit-remaining-subscription-reads": "11238",
        "x-ms-request-id": "b1f234fb-446c-4a28-9e2f-7787b28670bc",
        "x-ms-routing-request-id": "SOUTHCENTRALUS:20230701T072106Z:b1f234fb-446c-4a28-9e2f-7787b28670bc"
      },
      "ResponseBody": {
        "status": "Dequeued"
      }
    },
    {
      "RequestUri": "https://management.azure.com/subscriptions/220fc532-6091-423c-8ba0-66c2397d591b/providers/Microsoft.DocumentDB/locations/westus2/operationsStatus/4d3a07c4-e8f1-4023-83ac-648ee32192af?api-version=2023-03-15-preview",
      "RequestMethod": "GET",
      "RequestHeaders": {
        "Authorization": "Sanitized",
        "traceparent": "00-8b07cb959334432aa2b247bd43e3970d-2278453e1f7a64bb-00",
        "User-Agent": "azsdk-net-ResourceManager/1.6.0 (.NET 7.0.7; Microsoft Windows 10.0.23493)",
        "x-ms-client-request-id": "0013f6fa536d934cf48c5cf1e88a5656",
        "x-ms-return-client-request-id": "true"
      },
      "RequestBody": null,
      "StatusCode": 200,
      "ResponseHeaders": {
        "Cache-Control": "no-store, no-cache",
        "Content-Length": "21",
        "Content-Type": "application/json",
        "Date": "Sat, 01 Jul 2023 07:21:08 GMT",
        "Pragma": "no-cache",
        "Server": "Microsoft-HTTPAPI/2.0",
        "Strict-Transport-Security": "max-age=31536000; includeSubDomains",
        "X-Content-Type-Options": "nosniff",
        "x-ms-correlation-request-id": "f1c5b6d9-9543-4913-b83f-dbd32f1365d9",
        "x-ms-gatewayversion": "version=2.14.0",
        "x-ms-ratelimit-remaining-subscription-reads": "11237",
        "x-ms-request-id": "f1c5b6d9-9543-4913-b83f-dbd32f1365d9",
        "x-ms-routing-request-id": "SOUTHCENTRALUS:20230701T072108Z:f1c5b6d9-9543-4913-b83f-dbd32f1365d9"
      },
      "ResponseBody": {
        "status": "Dequeued"
      }
    },
    {
      "RequestUri": "https://management.azure.com/subscriptions/220fc532-6091-423c-8ba0-66c2397d591b/providers/Microsoft.DocumentDB/locations/westus2/operationsStatus/4d3a07c4-e8f1-4023-83ac-648ee32192af?api-version=2023-03-15-preview",
      "RequestMethod": "GET",
      "RequestHeaders": {
        "Authorization": "Sanitized",
        "traceparent": "00-8b07cb959334432aa2b247bd43e3970d-4303ed80ff871a5f-00",
        "User-Agent": "azsdk-net-ResourceManager/1.6.0 (.NET 7.0.7; Microsoft Windows 10.0.23493)",
        "x-ms-client-request-id": "443025c400c9d78528f030807a102e93",
        "x-ms-return-client-request-id": "true"
      },
      "RequestBody": null,
      "StatusCode": 200,
      "ResponseHeaders": {
        "Cache-Control": "no-store, no-cache",
        "Content-Length": "21",
        "Content-Type": "application/json",
        "Date": "Sat, 01 Jul 2023 07:21:12 GMT",
        "Pragma": "no-cache",
        "Server": "Microsoft-HTTPAPI/2.0",
        "Strict-Transport-Security": "max-age=31536000; includeSubDomains",
        "X-Content-Type-Options": "nosniff",
        "x-ms-correlation-request-id": "f1bdef4f-dcea-4537-b845-26b70c2fe6a4",
        "x-ms-gatewayversion": "version=2.14.0",
        "x-ms-ratelimit-remaining-subscription-reads": "11236",
        "x-ms-request-id": "f1bdef4f-dcea-4537-b845-26b70c2fe6a4",
        "x-ms-routing-request-id": "SOUTHCENTRALUS:20230701T072112Z:f1bdef4f-dcea-4537-b845-26b70c2fe6a4"
      },
      "ResponseBody": {
        "status": "Dequeued"
      }
    },
    {
      "RequestUri": "https://management.azure.com/subscriptions/220fc532-6091-423c-8ba0-66c2397d591b/providers/Microsoft.DocumentDB/locations/westus2/operationsStatus/4d3a07c4-e8f1-4023-83ac-648ee32192af?api-version=2023-03-15-preview",
      "RequestMethod": "GET",
      "RequestHeaders": {
        "Authorization": "Sanitized",
        "traceparent": "00-8b07cb959334432aa2b247bd43e3970d-9f97b43445ad7893-00",
        "User-Agent": "azsdk-net-ResourceManager/1.6.0 (.NET 7.0.7; Microsoft Windows 10.0.23493)",
        "x-ms-client-request-id": "a57366ac5426e13247968f15cc0c321a",
        "x-ms-return-client-request-id": "true"
      },
      "RequestBody": null,
      "StatusCode": 200,
      "ResponseHeaders": {
        "Cache-Control": "no-store, no-cache",
        "Content-Length": "21",
        "Content-Type": "application/json",
        "Date": "Sat, 01 Jul 2023 07:21:20 GMT",
        "Pragma": "no-cache",
        "Server": "Microsoft-HTTPAPI/2.0",
        "Strict-Transport-Security": "max-age=31536000; includeSubDomains",
        "X-Content-Type-Options": "nosniff",
        "x-ms-correlation-request-id": "e43645cf-eea5-4b35-8edf-a1061994cf6f",
        "x-ms-gatewayversion": "version=2.14.0",
        "x-ms-ratelimit-remaining-subscription-reads": "11235",
        "x-ms-request-id": "e43645cf-eea5-4b35-8edf-a1061994cf6f",
        "x-ms-routing-request-id": "SOUTHCENTRALUS:20230701T072120Z:e43645cf-eea5-4b35-8edf-a1061994cf6f"
      },
      "ResponseBody": {
        "status": "Dequeued"
      }
    },
    {
      "RequestUri": "https://management.azure.com/subscriptions/220fc532-6091-423c-8ba0-66c2397d591b/providers/Microsoft.DocumentDB/locations/westus2/operationsStatus/4d3a07c4-e8f1-4023-83ac-648ee32192af?api-version=2023-03-15-preview",
      "RequestMethod": "GET",
      "RequestHeaders": {
        "Authorization": "Sanitized",
        "traceparent": "00-8b07cb959334432aa2b247bd43e3970d-9b8eb17ff370b3f5-00",
        "User-Agent": "azsdk-net-ResourceManager/1.6.0 (.NET 7.0.7; Microsoft Windows 10.0.23493)",
        "x-ms-client-request-id": "ff91a5844a3afafb703cd87c23cc18e4",
        "x-ms-return-client-request-id": "true"
      },
      "RequestBody": null,
      "StatusCode": 200,
      "ResponseHeaders": {
        "Cache-Control": "no-store, no-cache",
        "Content-Length": "21",
        "Content-Type": "application/json",
        "Date": "Sat, 01 Jul 2023 07:21:36 GMT",
        "Pragma": "no-cache",
        "Server": "Microsoft-HTTPAPI/2.0",
        "Strict-Transport-Security": "max-age=31536000; includeSubDomains",
        "X-Content-Type-Options": "nosniff",
        "x-ms-correlation-request-id": "1fd768e3-c66b-4400-801b-01538c0bd2d7",
        "x-ms-gatewayversion": "version=2.14.0",
        "x-ms-ratelimit-remaining-subscription-reads": "11234",
        "x-ms-request-id": "1fd768e3-c66b-4400-801b-01538c0bd2d7",
        "x-ms-routing-request-id": "SOUTHCENTRALUS:20230701T072136Z:1fd768e3-c66b-4400-801b-01538c0bd2d7"
      },
      "ResponseBody": {
        "status": "Dequeued"
      }
    },
    {
      "RequestUri": "https://management.azure.com/subscriptions/220fc532-6091-423c-8ba0-66c2397d591b/providers/Microsoft.DocumentDB/locations/westus2/operationsStatus/4d3a07c4-e8f1-4023-83ac-648ee32192af?api-version=2023-03-15-preview",
      "RequestMethod": "GET",
      "RequestHeaders": {
        "Authorization": "Sanitized",
        "traceparent": "00-8b07cb959334432aa2b247bd43e3970d-fb58da5e6fdbaa7c-00",
        "User-Agent": "azsdk-net-ResourceManager/1.6.0 (.NET 7.0.7; Microsoft Windows 10.0.23493)",
        "x-ms-client-request-id": "8144c85eb1166f30f24efc3370700b1c",
        "x-ms-return-client-request-id": "true"
      },
      "RequestBody": null,
      "StatusCode": 200,
      "ResponseHeaders": {
        "Cache-Control": "no-store, no-cache",
        "Content-Length": "21",
        "Content-Type": "application/json",
        "Date": "Sat, 01 Jul 2023 07:22:08 GMT",
        "Pragma": "no-cache",
        "Server": "Microsoft-HTTPAPI/2.0",
        "Strict-Transport-Security": "max-age=31536000; includeSubDomains",
        "X-Content-Type-Options": "nosniff",
        "x-ms-correlation-request-id": "2f749132-f5cc-42eb-a26a-bfe597827ee1",
        "x-ms-gatewayversion": "version=2.14.0",
        "x-ms-ratelimit-remaining-subscription-reads": "11233",
        "x-ms-request-id": "2f749132-f5cc-42eb-a26a-bfe597827ee1",
        "x-ms-routing-request-id": "SOUTHCENTRALUS:20230701T072208Z:2f749132-f5cc-42eb-a26a-bfe597827ee1"
      },
      "ResponseBody": {
        "status": "Dequeued"
      }
    },
    {
      "RequestUri": "https://management.azure.com/subscriptions/220fc532-6091-423c-8ba0-66c2397d591b/providers/Microsoft.DocumentDB/locations/westus2/operationsStatus/4d3a07c4-e8f1-4023-83ac-648ee32192af?api-version=2023-03-15-preview",
      "RequestMethod": "GET",
      "RequestHeaders": {
        "Authorization": "Sanitized",
        "traceparent": "00-8b07cb959334432aa2b247bd43e3970d-08762a74c0622b1d-00",
        "User-Agent": "azsdk-net-ResourceManager/1.6.0 (.NET 7.0.7; Microsoft Windows 10.0.23493)",
        "x-ms-client-request-id": "d4fb16bd2e7f61596a7835e97cb6be7b",
        "x-ms-return-client-request-id": "true"
      },
      "RequestBody": null,
      "StatusCode": 200,
      "ResponseHeaders": {
        "Cache-Control": "no-store, no-cache",
        "Content-Length": "21",
        "Content-Type": "application/json",
        "Date": "Sat, 01 Jul 2023 07:22:40 GMT",
        "Pragma": "no-cache",
        "Server": "Microsoft-HTTPAPI/2.0",
        "Strict-Transport-Security": "max-age=31536000; includeSubDomains",
        "X-Content-Type-Options": "nosniff",
        "x-ms-correlation-request-id": "e47a97ef-7e43-45c7-bfca-46b25c8f63ca",
        "x-ms-gatewayversion": "version=2.14.0",
        "x-ms-ratelimit-remaining-subscription-reads": "11232",
        "x-ms-request-id": "e47a97ef-7e43-45c7-bfca-46b25c8f63ca",
        "x-ms-routing-request-id": "SOUTHCENTRALUS:20230701T072241Z:e47a97ef-7e43-45c7-bfca-46b25c8f63ca"
      },
      "ResponseBody": {
        "status": "Dequeued"
      }
    },
    {
      "RequestUri": "https://management.azure.com/subscriptions/220fc532-6091-423c-8ba0-66c2397d591b/providers/Microsoft.DocumentDB/locations/westus2/operationsStatus/4d3a07c4-e8f1-4023-83ac-648ee32192af?api-version=2023-03-15-preview",
      "RequestMethod": "GET",
      "RequestHeaders": {
        "Authorization": "Sanitized",
        "traceparent": "00-8b07cb959334432aa2b247bd43e3970d-41b6136bcb0c8e98-00",
        "User-Agent": "azsdk-net-ResourceManager/1.6.0 (.NET 7.0.7; Microsoft Windows 10.0.23493)",
        "x-ms-client-request-id": "03b6aa7db1c7d30374210deb4ec88aff",
        "x-ms-return-client-request-id": "true"
      },
      "RequestBody": null,
      "StatusCode": 200,
      "ResponseHeaders": {
        "Cache-Control": "no-store, no-cache",
        "Content-Length": "21",
        "Content-Type": "application/json",
        "Date": "Sat, 01 Jul 2023 07:23:12 GMT",
        "Pragma": "no-cache",
        "Server": "Microsoft-HTTPAPI/2.0",
        "Strict-Transport-Security": "max-age=31536000; includeSubDomains",
        "X-Content-Type-Options": "nosniff",
        "x-ms-correlation-request-id": "9de21705-cf3a-4b0d-8868-275cbc243b44",
        "x-ms-gatewayversion": "version=2.14.0",
        "x-ms-ratelimit-remaining-subscription-reads": "11231",
        "x-ms-request-id": "9de21705-cf3a-4b0d-8868-275cbc243b44",
        "x-ms-routing-request-id": "SOUTHCENTRALUS:20230701T072313Z:9de21705-cf3a-4b0d-8868-275cbc243b44"
      },
      "ResponseBody": {
        "status": "Dequeued"
      }
    },
    {
      "RequestUri": "https://management.azure.com/subscriptions/220fc532-6091-423c-8ba0-66c2397d591b/providers/Microsoft.DocumentDB/locations/westus2/operationsStatus/4d3a07c4-e8f1-4023-83ac-648ee32192af?api-version=2023-03-15-preview",
      "RequestMethod": "GET",
      "RequestHeaders": {
        "Authorization": "Sanitized",
        "traceparent": "00-8b07cb959334432aa2b247bd43e3970d-794dc3864d2ad7c3-00",
        "User-Agent": "azsdk-net-ResourceManager/1.6.0 (.NET 7.0.7; Microsoft Windows 10.0.23493)",
        "x-ms-client-request-id": "0cbebb3143d12f656ee3169d7c47f33c",
        "x-ms-return-client-request-id": "true"
      },
      "RequestBody": null,
      "StatusCode": 200,
      "ResponseHeaders": {
        "Cache-Control": "no-store, no-cache",
        "Content-Length": "21",
        "Content-Type": "application/json",
        "Date": "Sat, 01 Jul 2023 07:23:44 GMT",
        "Pragma": "no-cache",
        "Server": "Microsoft-HTTPAPI/2.0",
        "Strict-Transport-Security": "max-age=31536000; includeSubDomains",
        "X-Content-Type-Options": "nosniff",
        "x-ms-correlation-request-id": "3651ce1a-a158-4421-ba1f-e88baf76dab3",
        "x-ms-gatewayversion": "version=2.14.0",
        "x-ms-ratelimit-remaining-subscription-reads": "11230",
        "x-ms-request-id": "3651ce1a-a158-4421-ba1f-e88baf76dab3",
        "x-ms-routing-request-id": "SOUTHCENTRALUS:20230701T072345Z:3651ce1a-a158-4421-ba1f-e88baf76dab3"
      },
      "ResponseBody": {
        "status": "Dequeued"
      }
    },
    {
      "RequestUri": "https://management.azure.com/subscriptions/220fc532-6091-423c-8ba0-66c2397d591b/providers/Microsoft.DocumentDB/locations/westus2/operationsStatus/4d3a07c4-e8f1-4023-83ac-648ee32192af?api-version=2023-03-15-preview",
      "RequestMethod": "GET",
      "RequestHeaders": {
        "Authorization": "Sanitized",
        "traceparent": "00-8b07cb959334432aa2b247bd43e3970d-2cc922c8c085dc64-00",
        "User-Agent": "azsdk-net-ResourceManager/1.6.0 (.NET 7.0.7; Microsoft Windows 10.0.23493)",
        "x-ms-client-request-id": "c5b6808f07b90c5412275f5d216e12a2",
        "x-ms-return-client-request-id": "true"
      },
      "RequestBody": null,
      "StatusCode": 200,
      "ResponseHeaders": {
        "Cache-Control": "no-store, no-cache",
        "Content-Length": "21",
        "Content-Type": "application/json",
        "Date": "Sat, 01 Jul 2023 07:24:16 GMT",
        "Pragma": "no-cache",
        "Server": "Microsoft-HTTPAPI/2.0",
        "Strict-Transport-Security": "max-age=31536000; includeSubDomains",
        "X-Content-Type-Options": "nosniff",
        "x-ms-correlation-request-id": "801d5bab-80e1-4de0-a73c-2dbd76efee63",
        "x-ms-gatewayversion": "version=2.14.0",
        "x-ms-ratelimit-remaining-subscription-reads": "11229",
        "x-ms-request-id": "801d5bab-80e1-4de0-a73c-2dbd76efee63",
        "x-ms-routing-request-id": "SOUTHCENTRALUS:20230701T072417Z:801d5bab-80e1-4de0-a73c-2dbd76efee63"
      },
      "ResponseBody": {
        "status": "Dequeued"
      }
    },
    {
      "RequestUri": "https://management.azure.com/subscriptions/220fc532-6091-423c-8ba0-66c2397d591b/providers/Microsoft.DocumentDB/locations/westus2/operationsStatus/4d3a07c4-e8f1-4023-83ac-648ee32192af?api-version=2023-03-15-preview",
      "RequestMethod": "GET",
      "RequestHeaders": {
        "Authorization": "Sanitized",
        "traceparent": "00-8b07cb959334432aa2b247bd43e3970d-2909dd1cf9210fa8-00",
        "User-Agent": "azsdk-net-ResourceManager/1.6.0 (.NET 7.0.7; Microsoft Windows 10.0.23493)",
        "x-ms-client-request-id": "c0b735eeb1f739a9458795e39a65572d",
        "x-ms-return-client-request-id": "true"
      },
      "RequestBody": null,
      "StatusCode": 200,
      "ResponseHeaders": {
        "Cache-Control": "no-store, no-cache",
        "Content-Length": "21",
        "Content-Type": "application/json",
        "Date": "Sat, 01 Jul 2023 07:24:49 GMT",
        "Pragma": "no-cache",
        "Server": "Microsoft-HTTPAPI/2.0",
        "Strict-Transport-Security": "max-age=31536000; includeSubDomains",
        "X-Content-Type-Options": "nosniff",
        "x-ms-correlation-request-id": "f8c2da97-2d12-4bfa-9c44-9fb38b6564da",
        "x-ms-gatewayversion": "version=2.14.0",
        "x-ms-ratelimit-remaining-subscription-reads": "11228",
        "x-ms-request-id": "f8c2da97-2d12-4bfa-9c44-9fb38b6564da",
        "x-ms-routing-request-id": "SOUTHCENTRALUS:20230701T072449Z:f8c2da97-2d12-4bfa-9c44-9fb38b6564da"
      },
      "ResponseBody": {
        "status": "Dequeued"
      }
    },
    {
      "RequestUri": "https://management.azure.com/subscriptions/220fc532-6091-423c-8ba0-66c2397d591b/providers/Microsoft.DocumentDB/locations/westus2/operationsStatus/4d3a07c4-e8f1-4023-83ac-648ee32192af?api-version=2023-03-15-preview",
      "RequestMethod": "GET",
      "RequestHeaders": {
        "Authorization": "Sanitized",
        "traceparent": "00-8b07cb959334432aa2b247bd43e3970d-75fe1a59d56d983e-00",
        "User-Agent": "azsdk-net-ResourceManager/1.6.0 (.NET 7.0.7; Microsoft Windows 10.0.23493)",
        "x-ms-client-request-id": "cd5cd12ec4122a4566b2faa9e4070e00",
        "x-ms-return-client-request-id": "true"
      },
      "RequestBody": null,
      "StatusCode": 200,
      "ResponseHeaders": {
        "Cache-Control": "no-store, no-cache",
        "Content-Length": "21",
        "Content-Type": "application/json",
        "Date": "Sat, 01 Jul 2023 07:25:21 GMT",
        "Pragma": "no-cache",
        "Server": "Microsoft-HTTPAPI/2.0",
        "Strict-Transport-Security": "max-age=31536000; includeSubDomains",
        "X-Content-Type-Options": "nosniff",
        "x-ms-correlation-request-id": "7a670de9-0b63-4994-a9d6-b2c720591435",
        "x-ms-gatewayversion": "version=2.14.0",
        "x-ms-ratelimit-remaining-subscription-reads": "11319",
        "x-ms-request-id": "7a670de9-0b63-4994-a9d6-b2c720591435",
        "x-ms-routing-request-id": "SOUTHCENTRALUS:20230701T072521Z:7a670de9-0b63-4994-a9d6-b2c720591435"
      },
      "ResponseBody": {
        "status": "Dequeued"
      }
    },
    {
      "RequestUri": "https://management.azure.com/subscriptions/220fc532-6091-423c-8ba0-66c2397d591b/providers/Microsoft.DocumentDB/locations/westus2/operationsStatus/4d3a07c4-e8f1-4023-83ac-648ee32192af?api-version=2023-03-15-preview",
      "RequestMethod": "GET",
      "RequestHeaders": {
        "Authorization": "Sanitized",
        "traceparent": "00-8b07cb959334432aa2b247bd43e3970d-b8b8d61f287d666c-00",
        "User-Agent": "azsdk-net-ResourceManager/1.6.0 (.NET 7.0.7; Microsoft Windows 10.0.23493)",
        "x-ms-client-request-id": "46af73d0328fdd44d77d7f32717071ac",
        "x-ms-return-client-request-id": "true"
      },
      "RequestBody": null,
      "StatusCode": 200,
      "ResponseHeaders": {
        "Cache-Control": "no-store, no-cache",
        "Content-Length": "21",
        "Content-Type": "application/json",
        "Date": "Sat, 01 Jul 2023 07:25:53 GMT",
        "Pragma": "no-cache",
        "Server": "Microsoft-HTTPAPI/2.0",
        "Strict-Transport-Security": "max-age=31536000; includeSubDomains",
        "X-Content-Type-Options": "nosniff",
        "x-ms-correlation-request-id": "f4e62487-3943-4667-be41-c5802b9e5136",
        "x-ms-gatewayversion": "version=2.14.0",
        "x-ms-ratelimit-remaining-subscription-reads": "11318",
        "x-ms-request-id": "f4e62487-3943-4667-be41-c5802b9e5136",
        "x-ms-routing-request-id": "SOUTHCENTRALUS:20230701T072553Z:f4e62487-3943-4667-be41-c5802b9e5136"
      },
      "ResponseBody": {
        "status": "Dequeued"
      }
    },
    {
      "RequestUri": "https://management.azure.com/subscriptions/220fc532-6091-423c-8ba0-66c2397d591b/providers/Microsoft.DocumentDB/locations/westus2/operationsStatus/4d3a07c4-e8f1-4023-83ac-648ee32192af?api-version=2023-03-15-preview",
      "RequestMethod": "GET",
      "RequestHeaders": {
        "Authorization": "Sanitized",
        "traceparent": "00-8b07cb959334432aa2b247bd43e3970d-4b43cb05775d974b-00",
        "User-Agent": "azsdk-net-ResourceManager/1.6.0 (.NET 7.0.7; Microsoft Windows 10.0.23493)",
        "x-ms-client-request-id": "502f32d045122990f08d5945b700553d",
        "x-ms-return-client-request-id": "true"
      },
      "RequestBody": null,
      "StatusCode": 200,
      "ResponseHeaders": {
        "Cache-Control": "no-store, no-cache",
        "Content-Length": "21",
        "Content-Type": "application/json",
        "Date": "Sat, 01 Jul 2023 07:26:25 GMT",
        "Pragma": "no-cache",
        "Server": "Microsoft-HTTPAPI/2.0",
        "Strict-Transport-Security": "max-age=31536000; includeSubDomains",
        "X-Content-Type-Options": "nosniff",
        "x-ms-correlation-request-id": "eee21c7e-565b-451d-9f5b-e4d1fd73cd00",
        "x-ms-gatewayversion": "version=2.14.0",
        "x-ms-ratelimit-remaining-subscription-reads": "11317",
        "x-ms-request-id": "eee21c7e-565b-451d-9f5b-e4d1fd73cd00",
        "x-ms-routing-request-id": "SOUTHCENTRALUS:20230701T072625Z:eee21c7e-565b-451d-9f5b-e4d1fd73cd00"
      },
      "ResponseBody": {
        "status": "Dequeued"
      }
    },
    {
      "RequestUri": "https://management.azure.com/subscriptions/220fc532-6091-423c-8ba0-66c2397d591b/providers/Microsoft.DocumentDB/locations/westus2/operationsStatus/4d3a07c4-e8f1-4023-83ac-648ee32192af?api-version=2023-03-15-preview",
      "RequestMethod": "GET",
      "RequestHeaders": {
        "Authorization": "Sanitized",
        "traceparent": "00-8b07cb959334432aa2b247bd43e3970d-b219eb115ad9318f-00",
        "User-Agent": "azsdk-net-ResourceManager/1.6.0 (.NET 7.0.7; Microsoft Windows 10.0.23493)",
        "x-ms-client-request-id": "2613947811b6fb9e8c7ef6944512b8f6",
        "x-ms-return-client-request-id": "true"
      },
      "RequestBody": null,
      "StatusCode": 200,
      "ResponseHeaders": {
        "Cache-Control": "no-store, no-cache",
        "Content-Length": "21",
        "Content-Type": "application/json",
        "Date": "Sat, 01 Jul 2023 07:26:57 GMT",
        "Pragma": "no-cache",
        "Server": "Microsoft-HTTPAPI/2.0",
        "Strict-Transport-Security": "max-age=31536000; includeSubDomains",
        "X-Content-Type-Options": "nosniff",
        "x-ms-correlation-request-id": "1d9dfa6c-ab0f-470c-a9a4-9118ab770688",
        "x-ms-gatewayversion": "version=2.14.0",
        "x-ms-ratelimit-remaining-subscription-reads": "11316",
        "x-ms-request-id": "1d9dfa6c-ab0f-470c-a9a4-9118ab770688",
        "x-ms-routing-request-id": "SOUTHCENTRALUS:20230701T072657Z:1d9dfa6c-ab0f-470c-a9a4-9118ab770688"
      },
      "ResponseBody": {
        "status": "Dequeued"
      }
    },
    {
      "RequestUri": "https://management.azure.com/subscriptions/220fc532-6091-423c-8ba0-66c2397d591b/providers/Microsoft.DocumentDB/locations/westus2/operationsStatus/4d3a07c4-e8f1-4023-83ac-648ee32192af?api-version=2023-03-15-preview",
      "RequestMethod": "GET",
      "RequestHeaders": {
        "Authorization": "Sanitized",
        "traceparent": "00-8b07cb959334432aa2b247bd43e3970d-35c96f2dc383baa5-00",
        "User-Agent": "azsdk-net-ResourceManager/1.6.0 (.NET 7.0.7; Microsoft Windows 10.0.23493)",
        "x-ms-client-request-id": "b1d94d40bed78beee3855501d8ff25d6",
        "x-ms-return-client-request-id": "true"
      },
      "RequestBody": null,
      "StatusCode": 200,
      "ResponseHeaders": {
        "Cache-Control": "no-store, no-cache",
        "Content-Length": "21",
        "Content-Type": "application/json",
        "Date": "Sat, 01 Jul 2023 07:27:29 GMT",
        "Pragma": "no-cache",
        "Server": "Microsoft-HTTPAPI/2.0",
        "Strict-Transport-Security": "max-age=31536000; includeSubDomains",
        "X-Content-Type-Options": "nosniff",
        "x-ms-correlation-request-id": "ab729a32-4bb0-4bee-9251-fd167b583adf",
        "x-ms-gatewayversion": "version=2.14.0",
        "x-ms-ratelimit-remaining-subscription-reads": "11315",
        "x-ms-request-id": "ab729a32-4bb0-4bee-9251-fd167b583adf",
        "x-ms-routing-request-id": "SOUTHCENTRALUS:20230701T072730Z:ab729a32-4bb0-4bee-9251-fd167b583adf"
      },
      "ResponseBody": {
        "status": "Dequeued"
      }
    },
    {
      "RequestUri": "https://management.azure.com/subscriptions/220fc532-6091-423c-8ba0-66c2397d591b/providers/Microsoft.DocumentDB/locations/westus2/operationsStatus/4d3a07c4-e8f1-4023-83ac-648ee32192af?api-version=2023-03-15-preview",
      "RequestMethod": "GET",
      "RequestHeaders": {
        "Authorization": "Sanitized",
        "traceparent": "00-8b07cb959334432aa2b247bd43e3970d-6ba78d165d4085e3-00",
        "User-Agent": "azsdk-net-ResourceManager/1.6.0 (.NET 7.0.7; Microsoft Windows 10.0.23493)",
        "x-ms-client-request-id": "dcb942274a5dbff59433c4934efbe4dd",
        "x-ms-return-client-request-id": "true"
      },
      "RequestBody": null,
      "StatusCode": 200,
      "ResponseHeaders": {
        "Cache-Control": "no-store, no-cache",
        "Content-Length": "21",
        "Content-Type": "application/json",
        "Date": "Sat, 01 Jul 2023 07:28:02 GMT",
        "Pragma": "no-cache",
        "Server": "Microsoft-HTTPAPI/2.0",
        "Strict-Transport-Security": "max-age=31536000; includeSubDomains",
        "X-Content-Type-Options": "nosniff",
        "x-ms-correlation-request-id": "731624f6-7e7b-44bd-94f0-44d16c7a4904",
        "x-ms-gatewayversion": "version=2.14.0",
        "x-ms-ratelimit-remaining-subscription-reads": "11314",
        "x-ms-request-id": "731624f6-7e7b-44bd-94f0-44d16c7a4904",
        "x-ms-routing-request-id": "SOUTHCENTRALUS:20230701T072802Z:731624f6-7e7b-44bd-94f0-44d16c7a4904"
      },
      "ResponseBody": {
        "status": "Dequeued"
      }
    },
    {
      "RequestUri": "https://management.azure.com/subscriptions/220fc532-6091-423c-8ba0-66c2397d591b/providers/Microsoft.DocumentDB/locations/westus2/operationsStatus/4d3a07c4-e8f1-4023-83ac-648ee32192af?api-version=2023-03-15-preview",
      "RequestMethod": "GET",
      "RequestHeaders": {
        "Authorization": "Sanitized",
        "traceparent": "00-8b07cb959334432aa2b247bd43e3970d-90e64e7139f7ccf0-00",
        "User-Agent": "azsdk-net-ResourceManager/1.6.0 (.NET 7.0.7; Microsoft Windows 10.0.23493)",
        "x-ms-client-request-id": "6a0463d5a327ba66a6874330bb9c238c",
        "x-ms-return-client-request-id": "true"
      },
      "RequestBody": null,
      "StatusCode": 200,
      "ResponseHeaders": {
        "Cache-Control": "no-store, no-cache",
        "Content-Length": "22",
        "Content-Type": "application/json",
        "Date": "Sat, 01 Jul 2023 07:28:33 GMT",
        "Pragma": "no-cache",
        "Server": "Microsoft-HTTPAPI/2.0",
        "Strict-Transport-Security": "max-age=31536000; includeSubDomains",
        "X-Content-Type-Options": "nosniff",
        "x-ms-correlation-request-id": "8333b930-64b2-4dcd-91ce-76ad55420629",
        "x-ms-gatewayversion": "version=2.14.0",
        "x-ms-ratelimit-remaining-subscription-reads": "11313",
        "x-ms-request-id": "8333b930-64b2-4dcd-91ce-76ad55420629",
        "x-ms-routing-request-id": "SOUTHCENTRALUS:20230701T072834Z:8333b930-64b2-4dcd-91ce-76ad55420629"
      },
      "ResponseBody": {
        "status": "Succeeded"
      }
    }
  ],
  "Variables": {
    "AZURE_AUTHORITY_HOST": "https://login.microsoftonline.com",
    "RandomSeed": "1645178973",
    "RESOURCE_MANAGER_URL": null,
    "SUBSCRIPTION_ID": "220fc532-6091-423c-8ba0-66c2397d591b"
  }
}
