{
  "Entries": [
    {
      "RequestUri": "/f771266f-1d85-498f-9280-ae4a6c3dae8b/services/networking/media",
      "EncodedRequestUri": "L2Y3NzEyNjZmLTFkODUtNDk4Zi05MjgwLWFlNGE2YzNkYWU4Yi9zZXJ2aWNlcy9uZXR3b3JraW5nL21lZGlh",
      "RequestMethod": "GET",
      "RequestBody": "",
      "RequestHeaders": {
        "x-ms-version": [
          "2015-02-01"
        ],
        "User-Agent": [
          "Microsoft.WindowsAzure.Management.Network.NetworkManagementClient/1.0.0.0"
        ]
      },
      "ResponseBody": "<Error xmlns=\"http://schemas.microsoft.com/windowsazure\" xmlns:i=\"http://www.w3.org/2001/XMLSchema-instance\">\r\n  <Code>ResourceNotFound</Code>\r\n  <Message>Network configuration does not exist.</Message>\r\n</Error>",
      "ResponseHeaders": {
        "Content-Length": [
          "202"
        ],
        "Content-Type": [
          "application/xml; charset=utf-8"
        ],
        "x-ms-servedbyregion": [
          "ussouth2"
        ],
        "Strict-Transport-Security": [
          "max-age=31536000; includeSubDomains"
        ],
        "x-ms-request-id": [
          "936f0f324b2b7a5d8f13792214916311"
        ],
        "Cache-Control": [
          "no-cache"
        ],
        "Date": [
          "Fri, 13 Feb 2015 08:15:57 GMT"
        ],
        "Server": [
          "1.0.6198.187",
          "(rd_rdfe_stable.150211-1556)",
          "Microsoft-HTTPAPI/2.0"
        ]
      },
      "StatusCode": 404
    },
    {
      "RequestUri": "/f771266f-1d85-498f-9280-ae4a6c3dae8b/services/networking/media",
      "EncodedRequestUri": "L2Y3NzEyNjZmLTFkODUtNDk4Zi05MjgwLWFlNGE2YzNkYWU4Yi9zZXJ2aWNlcy9uZXR3b3JraW5nL21lZGlh",
      "RequestMethod": "GET",
      "RequestBody": "",
      "RequestHeaders": {
        "x-ms-version": [
          "2015-02-01"
        ],
        "User-Agent": [
          "Microsoft.WindowsAzure.Management.Network.NetworkManagementClient/1.0.0.0"
        ]
      },
      "ResponseBody": "<Error xmlns=\"http://schemas.microsoft.com/windowsazure\" xmlns:i=\"http://www.w3.org/2001/XMLSchema-instance\">\r\n  <Code>ResourceNotFound</Code>\r\n  <Message>Network configuration does not exist.</Message>\r\n</Error>",
      "ResponseHeaders": {
        "Content-Length": [
          "202"
        ],
        "Content-Type": [
          "application/xml; charset=utf-8"
        ],
        "x-ms-servedbyregion": [
          "ussouth2"
        ],
        "Strict-Transport-Security": [
          "max-age=31536000; includeSubDomains"
        ],
        "x-ms-request-id": [
          "1953fa59b6cf73a689316d1f18ea9474"
        ],
        "Cache-Control": [
          "no-cache"
        ],
        "Date": [
          "Fri, 13 Feb 2015 08:15:57 GMT"
        ],
        "Server": [
          "1.0.6198.187",
          "(rd_rdfe_stable.150211-1556)",
          "Microsoft-HTTPAPI/2.0"
        ]
      },
      "StatusCode": 404
    },
    {
      "RequestUri": "/f771266f-1d85-498f-9280-ae4a6c3dae8b/services/networking/media",
      "EncodedRequestUri": "L2Y3NzEyNjZmLTFkODUtNDk4Zi05MjgwLWFlNGE2YzNkYWU4Yi9zZXJ2aWNlcy9uZXR3b3JraW5nL21lZGlh",
      "RequestMethod": "GET",
      "RequestBody": "",
      "RequestHeaders": {
        "x-ms-version": [
          "2015-02-01"
        ],
        "User-Agent": [
          "Microsoft.WindowsAzure.Management.Network.NetworkManagementClient/1.0.0.0"
        ]
      },
      "ResponseBody": "<Error xmlns=\"http://schemas.microsoft.com/windowsazure\" xmlns:i=\"http://www.w3.org/2001/XMLSchema-instance\">\r\n  <Code>ResourceNotFound</Code>\r\n  <Message>Network configuration does not exist.</Message>\r\n</Error>",
      "ResponseHeaders": {
        "Content-Length": [
          "202"
        ],
        "Content-Type": [
          "application/xml; charset=utf-8"
        ],
        "x-ms-servedbyregion": [
          "ussouth2"
        ],
        "Strict-Transport-Security": [
          "max-age=31536000; includeSubDomains"
        ],
        "x-ms-request-id": [
          "fb0761509ff879dd9a4be270a722b242"
        ],
        "Cache-Control": [
          "no-cache"
        ],
        "Date": [
          "Fri, 13 Feb 2015 08:15:57 GMT"
        ],
        "Server": [
          "1.0.6198.187",
          "(rd_rdfe_stable.150211-1556)",
          "Microsoft-HTTPAPI/2.0"
        ]
      },
      "StatusCode": 404
    },
    {
      "RequestUri": "/f771266f-1d85-498f-9280-ae4a6c3dae8b/services/networking/media",
      "EncodedRequestUri": "L2Y3NzEyNjZmLTFkODUtNDk4Zi05MjgwLWFlNGE2YzNkYWU4Yi9zZXJ2aWNlcy9uZXR3b3JraW5nL21lZGlh",
      "RequestMethod": "GET",
      "RequestBody": "",
      "RequestHeaders": {
        "x-ms-version": [
          "2015-02-01"
        ],
        "User-Agent": [
          "Microsoft.WindowsAzure.Management.Network.NetworkManagementClient/1.0.0.0"
        ]
      },
      "ResponseBody": "<NetworkConfiguration xmlns:xsd=\"http://www.w3.org/2001/XMLSchema\" xmlns:xsi=\"http://www.w3.org/2001/XMLSchema-instance\" xmlns=\"http://schemas.microsoft.com/ServiceHosting/2011/07/NetworkConfiguration\">\r\n  <VirtualNetworkConfiguration>\r\n    <Dns />\r\n    <LocalNetworkSites>\r\n      <LocalNetworkSite name=\"localNetworkSiteName\">\r\n        <AddressSpace>\r\n          <AddressPrefix>10.1.0.0/16</AddressPrefix>\r\n        </AddressSpace>\r\n        <VPNGatewayAddress>1.1.1.1</VPNGatewayAddress>\r\n      </LocalNetworkSite>\r\n    </LocalNetworkSites>\r\n    <VirtualNetworkSites>\r\n      <VirtualNetworkSite name=\"virtualNetworkSiteName\" AffinityGroup=\"affinityGroupName\">\r\n        <AddressSpace>\r\n          <AddressPrefix>192.168.0.0/24</AddressPrefix>\r\n        </AddressSpace>\r\n        <Subnets>\r\n          <Subnet name=\"FrontEndSubnet\">\r\n            <AddressPrefix>192.168.0.0/28</AddressPrefix>\r\n          </Subnet>\r\n          <Subnet name=\"BackEndSubnet\">\r\n            <AddressPrefix>192.168.0.32/28</AddressPrefix>\r\n          </Subnet>\r\n          <Subnet name=\"GatewaySubnet\">\r\n            <AddressPrefix>192.168.0.48/28</AddressPrefix>\r\n          </Subnet>\r\n        </Subnets>\r\n        <Gateway>\r\n          <ConnectionsToLocalNetwork>\r\n            <LocalNetworkSiteRef name=\"localNetworkSiteName\">\r\n              <Connection type=\"IPsec\" />\r\n            </LocalNetworkSiteRef>\r\n          </ConnectionsToLocalNetwork>\r\n        </Gateway>\r\n      </VirtualNetworkSite>\r\n    </VirtualNetworkSites>\r\n  </VirtualNetworkConfiguration>\r\n</NetworkConfiguration>",
      "ResponseHeaders": {
        "Content-Length": [
          "1588"
        ],
        "Content-Type": [
          "text/plain"
        ],
        "x-ms-servedbyregion": [
          "ussouth2"
        ],
        "Strict-Transport-Security": [
          "max-age=31536000; includeSubDomains"
        ],
        "x-ms-request-id": [
          "d83bc8888b767f1d890bddde2d9a4b0e"
        ],
        "Cache-Control": [
          "no-cache"
        ],
        "Date": [
          "Fri, 13 Feb 2015 08:16:29 GMT"
        ],
        "Server": [
          "1.0.6198.187",
          "(rd_rdfe_stable.150211-1556)",
          "Microsoft-HTTPAPI/2.0"
        ]
      },
      "StatusCode": 200
    },
    {
      "RequestUri": "/f771266f-1d85-498f-9280-ae4a6c3dae8b/services/networking/media",
      "EncodedRequestUri": "L2Y3NzEyNjZmLTFkODUtNDk4Zi05MjgwLWFlNGE2YzNkYWU4Yi9zZXJ2aWNlcy9uZXR3b3JraW5nL21lZGlh",
      "RequestMethod": "GET",
      "RequestBody": "",
      "RequestHeaders": {
        "x-ms-version": [
          "2015-02-01"
        ],
        "User-Agent": [
          "Microsoft.WindowsAzure.Management.Network.NetworkManagementClient/1.0.0.0"
        ]
      },
      "ResponseBody": "<NetworkConfiguration xmlns:xsd=\"http://www.w3.org/2001/XMLSchema\" xmlns:xsi=\"http://www.w3.org/2001/XMLSchema-instance\" xmlns=\"http://schemas.microsoft.com/ServiceHosting/2011/07/NetworkConfiguration\">\r\n  <VirtualNetworkConfiguration>\r\n    <Dns />\r\n    <LocalNetworkSites>\r\n      <LocalNetworkSite name=\"localNetworkSiteName\">\r\n        <AddressSpace>\r\n          <AddressPrefix>10.1.0.0/16</AddressPrefix>\r\n        </AddressSpace>\r\n        <VPNGatewayAddress>1.1.1.1</VPNGatewayAddress>\r\n      </LocalNetworkSite>\r\n    </LocalNetworkSites>\r\n    <VirtualNetworkSites>\r\n      <VirtualNetworkSite name=\"virtualNetworkSiteName\" AffinityGroup=\"affinityGroupName\">\r\n        <AddressSpace>\r\n          <AddressPrefix>192.168.0.0/24</AddressPrefix>\r\n        </AddressSpace>\r\n        <Subnets>\r\n          <Subnet name=\"FrontEndSubnet\">\r\n            <AddressPrefix>192.168.0.0/28</AddressPrefix>\r\n          </Subnet>\r\n          <Subnet name=\"BackEndSubnet\">\r\n            <AddressPrefix>192.168.0.32/28</AddressPrefix>\r\n          </Subnet>\r\n          <Subnet name=\"GatewaySubnet\">\r\n            <AddressPrefix>192.168.0.48/28</AddressPrefix>\r\n          </Subnet>\r\n        </Subnets>\r\n        <Gateway>\r\n          <ConnectionsToLocalNetwork>\r\n            <LocalNetworkSiteRef name=\"localNetworkSiteName\">\r\n              <Connection type=\"IPsec\" />\r\n            </LocalNetworkSiteRef>\r\n          </ConnectionsToLocalNetwork>\r\n        </Gateway>\r\n      </VirtualNetworkSite>\r\n    </VirtualNetworkSites>\r\n  </VirtualNetworkConfiguration>\r\n</NetworkConfiguration>",
      "ResponseHeaders": {
        "Content-Length": [
          "1588"
        ],
        "Content-Type": [
          "text/plain"
        ],
        "x-ms-servedbyregion": [
          "ussouth2"
        ],
        "Strict-Transport-Security": [
          "max-age=31536000; includeSubDomains"
        ],
        "x-ms-request-id": [
          "3520c08582117b678e1b859ff29e08e2"
        ],
        "Cache-Control": [
          "no-cache"
        ],
        "Date": [
          "Fri, 13 Feb 2015 08:16:29 GMT"
        ],
        "Server": [
          "1.0.6198.187",
          "(rd_rdfe_stable.150211-1556)",
          "Microsoft-HTTPAPI/2.0"
        ]
      },
      "StatusCode": 200
    },
    {
      "RequestUri": "/f771266f-1d85-498f-9280-ae4a6c3dae8b/services/networking/media",
      "EncodedRequestUri": "L2Y3NzEyNjZmLTFkODUtNDk4Zi05MjgwLWFlNGE2YzNkYWU4Yi9zZXJ2aWNlcy9uZXR3b3JraW5nL21lZGlh",
      "RequestMethod": "GET",
      "RequestBody": "",
      "RequestHeaders": {
        "x-ms-version": [
          "2015-02-01"
        ],
        "User-Agent": [
          "Microsoft.WindowsAzure.Management.Network.NetworkManagementClient/1.0.0.0"
        ]
      },
      "ResponseBody": "<NetworkConfiguration xmlns:xsd=\"http://www.w3.org/2001/XMLSchema\" xmlns:xsi=\"http://www.w3.org/2001/XMLSchema-instance\" xmlns=\"http://schemas.microsoft.com/ServiceHosting/2011/07/NetworkConfiguration\">\r\n  <VirtualNetworkConfiguration>\r\n    <Dns />\r\n    <LocalNetworkSites>\r\n      <LocalNetworkSite name=\"localNetworkSiteName\">\r\n        <AddressSpace>\r\n          <AddressPrefix>10.1.0.0/16</AddressPrefix>\r\n        </AddressSpace>\r\n        <VPNGatewayAddress>1.1.1.1</VPNGatewayAddress>\r\n      </LocalNetworkSite>\r\n    </LocalNetworkSites>\r\n    <VirtualNetworkSites>\r\n      <VirtualNetworkSite name=\"virtualNetworkSiteName\" AffinityGroup=\"affinityGroupName\">\r\n        <AddressSpace>\r\n          <AddressPrefix>192.168.0.0/24</AddressPrefix>\r\n        </AddressSpace>\r\n        <Subnets>\r\n          <Subnet name=\"FrontEndSubnet\">\r\n            <AddressPrefix>192.168.0.0/28</AddressPrefix>\r\n          </Subnet>\r\n          <Subnet name=\"BackEndSubnet\">\r\n            <AddressPrefix>192.168.0.32/28</AddressPrefix>\r\n          </Subnet>\r\n          <Subnet name=\"GatewaySubnet\">\r\n            <AddressPrefix>192.168.0.48/28</AddressPrefix>\r\n          </Subnet>\r\n        </Subnets>\r\n        <Gateway>\r\n          <ConnectionsToLocalNetwork>\r\n            <LocalNetworkSiteRef name=\"localNetworkSiteName\">\r\n              <Connection type=\"IPsec\" />\r\n            </LocalNetworkSiteRef>\r\n          </ConnectionsToLocalNetwork>\r\n        </Gateway>\r\n      </VirtualNetworkSite>\r\n    </VirtualNetworkSites>\r\n  </VirtualNetworkConfiguration>\r\n</NetworkConfiguration>",
      "ResponseHeaders": {
        "Content-Length": [
          "1588"
        ],
        "Content-Type": [
          "text/plain"
        ],
        "x-ms-servedbyregion": [
          "ussouth2"
        ],
        "Strict-Transport-Security": [
          "max-age=31536000; includeSubDomains"
        ],
        "x-ms-request-id": [
          "7104a2ddf1b37e8180d5e8307af69183"
        ],
        "Cache-Control": [
          "no-cache"
        ],
        "Date": [
          "Fri, 13 Feb 2015 08:16:31 GMT"
        ],
        "Server": [
          "1.0.6198.187",
          "(rd_rdfe_stable.150211-1556)",
          "Microsoft-HTTPAPI/2.0"
        ]
      },
      "StatusCode": 200
    },
    {
      "RequestUri": "/f771266f-1d85-498f-9280-ae4a6c3dae8b/services/networking/media",
      "EncodedRequestUri": "L2Y3NzEyNjZmLTFkODUtNDk4Zi05MjgwLWFlNGE2YzNkYWU4Yi9zZXJ2aWNlcy9uZXR3b3JraW5nL21lZGlh",
      "RequestMethod": "PUT",
      "RequestBody": "<NetworkConfiguration xmlns=\"http://schemas.microsoft.com/ServiceHosting/2011/07/NetworkConfiguration\" xmlns:xsi=\"http://www.w3.org/2001/XMLSchema-instance\">\r\n  <VirtualNetworkConfiguration>\r\n    <Dns>\r\n      <DnsServers />\r\n    </Dns>\r\n    <LocalNetworkSites>\r\n      <LocalNetworkSite name=\"localNetworkSiteName\">\r\n        <AddressSpace>\r\n          <!-- A customer can define multiple address prefixes in this section. -->\r\n          <AddressPrefix>10.1.0.0/16</AddressPrefix>\r\n        </AddressSpace>\r\n        <!-- VPNGatewayAddress specifies the public IP address of the customer VPN gateway device. -->\r\n        <VPNGatewayAddress>1.1.1.1</VPNGatewayAddress>\r\n      </LocalNetworkSite>\r\n    </LocalNetworkSites>\r\n    <VirtualNetworkSites>\r\n      <VirtualNetworkSite name=\"virtualNetworkSiteName\" AffinityGroup=\"affinityGroupName\">\r\n        <AddressSpace>\r\n          <!-- A customer can define multiple address prefixes in this section. -->\r\n          <AddressPrefix>192.168.0.0/24</AddressPrefix>\r\n        </AddressSpace>\r\n        <Subnets>\r\n          <Subnet name=\"FrontEndSubnet\">\r\n            <AddressPrefix>192.168.0.0/28</AddressPrefix>\r\n          </Subnet>\r\n          <Subnet name=\"BackEndSubnet\">\r\n            <AddressPrefix>192.168.0.32/28</AddressPrefix>\r\n          </Subnet>\r\n          <Subnet name=\"GatewaySubnet\">\r\n            <AddressPrefix>192.168.0.48/28</AddressPrefix>\r\n          </Subnet>\r\n        </Subnets>\r\n        <DnsServersRef />\r\n        <Gateway profile=\"Small\">\r\n          <ConnectionsToLocalNetwork>\r\n            <!--A customer can specify more than one local network (customer site) to connect to. Only 1 local site per virtual network will be supported for IaaS v1.-->\r\n            <LocalNetworkSiteRef name=\"localNetworkSiteName\" />\r\n          </ConnectionsToLocalNetwork>\r\n        </Gateway>\r\n      </VirtualNetworkSite>\r\n    </VirtualNetworkSites>\r\n  </VirtualNetworkConfiguration>\r\n</NetworkConfiguration>",
      "RequestHeaders": {
        "Content-Type": [
          "application/octet-stream"
        ],
        "Content-Length": [
          "1949"
        ],
        "x-ms-version": [
          "2015-02-01"
        ],
        "User-Agent": [
          "Microsoft.WindowsAzure.Management.Network.NetworkManagementClient/1.0.0.0"
        ]
      },
      "ResponseBody": "",
      "ResponseHeaders": {
        "Content-Length": [
          "0"
        ],
        "x-ms-servedbyregion": [
          "ussouth2"
        ],
        "Strict-Transport-Security": [
          "max-age=31536000; includeSubDomains"
        ],
        "x-ms-request-id": [
          "6bb759bea6757627b8e84f2fe727a799"
        ],
        "Cache-Control": [
          "no-cache"
        ],
        "Date": [
          "Fri, 13 Feb 2015 08:15:59 GMT"
        ],
        "Server": [
          "1.0.6198.187",
          "(rd_rdfe_stable.150211-1556)",
          "Microsoft-HTTPAPI/2.0"
        ]
      },
      "StatusCode": 202
    },
    {
      "RequestUri": "/f771266f-1d85-498f-9280-ae4a6c3dae8b/services/networking/media",
      "EncodedRequestUri": "L2Y3NzEyNjZmLTFkODUtNDk4Zi05MjgwLWFlNGE2YzNkYWU4Yi9zZXJ2aWNlcy9uZXR3b3JraW5nL21lZGlh",
      "RequestMethod": "PUT",
      "RequestBody": "<NetworkConfiguration xmlns=\"http://schemas.microsoft.com/ServiceHosting/2011/07/NetworkConfiguration\" xmlns:xsi=\"http://www.w3.org/2001/XMLSchema-instance\">\r\n  <VirtualNetworkConfiguration></VirtualNetworkConfiguration>\r\n</NetworkConfiguration>",
      "RequestHeaders": {
        "Content-Type": [
          "application/octet-stream"
        ],
        "Content-Length": [
          "255"
        ],
        "x-ms-version": [
          "2015-02-01"
        ],
        "User-Agent": [
          "Microsoft.WindowsAzure.Management.Network.NetworkManagementClient/1.0.0.0"
        ]
      },
      "ResponseBody": "",
      "ResponseHeaders": {
        "Content-Length": [
          "0"
        ],
        "x-ms-servedbyregion": [
          "ussouth2"
        ],
        "Strict-Transport-Security": [
          "max-age=31536000; includeSubDomains"
        ],
        "x-ms-request-id": [
          "2a366d4a0c287feb92520ef659402d2b"
        ],
        "Cache-Control": [
          "no-cache"
        ],
        "Date": [
          "Fri, 13 Feb 2015 08:16:31 GMT"
        ],
        "Server": [
          "1.0.6198.187",
          "(rd_rdfe_stable.150211-1556)",
          "Microsoft-HTTPAPI/2.0"
        ]
      },
      "StatusCode": 202
    },
    {
      "RequestUri": "/f771266f-1d85-498f-9280-ae4a6c3dae8b/operations/6bb759bea6757627b8e84f2fe727a799",
      "EncodedRequestUri": "L2Y3NzEyNjZmLTFkODUtNDk4Zi05MjgwLWFlNGE2YzNkYWU4Yi9vcGVyYXRpb25zLzZiYjc1OWJlYTY3NTc2MjdiOGU4NGYyZmU3MjdhNzk5",
      "RequestMethod": "GET",
      "RequestBody": "",
      "RequestHeaders": {
        "x-ms-version": [
          "2015-02-01"
        ],
        "User-Agent": [
          "Microsoft.WindowsAzure.Management.Network.NetworkManagementClient/1.0.0.0"
        ]
      },
      "ResponseBody": "<Operation xmlns=\"http://schemas.microsoft.com/windowsazure\" xmlns:i=\"http://www.w3.org/2001/XMLSchema-instance\">\r\n  <ID>6bb759be-a675-7627-b8e8-4f2fe727a799</ID>\r\n  <Status>InProgress</Status>\r\n</Operation>",
      "ResponseHeaders": {
        "Content-Length": [
          "197"
        ],
        "Content-Type": [
          "application/xml; charset=utf-8"
        ],
        "x-ms-servedbyregion": [
          "ussouth2"
        ],
        "Strict-Transport-Security": [
          "max-age=31536000; includeSubDomains"
        ],
        "x-ms-request-id": [
          "e94444ed152e781cabc089dd768e7292"
        ],
        "Cache-Control": [
          "no-cache"
        ],
        "Date": [
          "Fri, 13 Feb 2015 08:15:59 GMT"
        ],
        "Server": [
          "1.0.6198.187",
          "(rd_rdfe_stable.150211-1556)",
          "Microsoft-HTTPAPI/2.0"
        ]
      },
      "StatusCode": 200
    },
    {
      "RequestUri": "/f771266f-1d85-498f-9280-ae4a6c3dae8b/operations/6bb759bea6757627b8e84f2fe727a799",
      "EncodedRequestUri": "L2Y3NzEyNjZmLTFkODUtNDk4Zi05MjgwLWFlNGE2YzNkYWU4Yi9vcGVyYXRpb25zLzZiYjc1OWJlYTY3NTc2MjdiOGU4NGYyZmU3MjdhNzk5",
      "RequestMethod": "GET",
      "RequestBody": "",
      "RequestHeaders": {
        "x-ms-version": [
          "2015-02-01"
        ],
        "User-Agent": [
          "Microsoft.WindowsAzure.Management.Network.NetworkManagementClient/1.0.0.0"
        ]
      },
      "ResponseBody": "<Operation xmlns=\"http://schemas.microsoft.com/windowsazure\" xmlns:i=\"http://www.w3.org/2001/XMLSchema-instance\">\r\n  <ID>6bb759be-a675-7627-b8e8-4f2fe727a799</ID>\r\n  <Status>Succeeded</Status>\r\n  <HttpStatusCode>200</HttpStatusCode>\r\n</Operation>",
      "ResponseHeaders": {
        "Content-Length": [
          "232"
        ],
        "Content-Type": [
          "application/xml; charset=utf-8"
        ],
        "x-ms-servedbyregion": [
          "ussouth2"
        ],
        "Strict-Transport-Security": [
          "max-age=31536000; includeSubDomains"
        ],
        "x-ms-request-id": [
          "15d25e20e2a27bb6a2b28ddf4a5c5ffd"
        ],
        "Cache-Control": [
          "no-cache"
        ],
        "Date": [
          "Fri, 13 Feb 2015 08:16:29 GMT"
        ],
        "Server": [
          "1.0.6198.187",
          "(rd_rdfe_stable.150211-1556)",
          "Microsoft-HTTPAPI/2.0"
        ]
      },
      "StatusCode": 200
    },
    {
      "RequestUri": "/f771266f-1d85-498f-9280-ae4a6c3dae8b/services/networking/virtualNetworkSiteName/gateway",
      "EncodedRequestUri": "L2Y3NzEyNjZmLTFkODUtNDk4Zi05MjgwLWFlNGE2YzNkYWU4Yi9zZXJ2aWNlcy9uZXR3b3JraW5nL3ZpcnR1YWxOZXR3b3JrU2l0ZU5hbWUvZ2F0ZXdheQ==",
      "RequestMethod": "GET",
      "RequestBody": "",
      "RequestHeaders": {
        "x-ms-version": [
          "2015-02-01"
        ],
        "User-Agent": [
          "Microsoft.WindowsAzure.Management.Network.NetworkManagementClient/1.0.0.0"
        ]
      },
      "ResponseBody": "<Gateway xmlns=\"http://schemas.microsoft.com/windowsazure\" xmlns:i=\"http://www.w3.org/2001/XMLSchema-instance\">\r\n  <GatewayType>StaticRouting</GatewayType>\r\n  <LastEvent i:nil=\"true\" />\r\n  <State>NotProvisioned</State>\r\n  <GatewaySize>None</GatewaySize>\r\n</Gateway>",
      "ResponseHeaders": {
        "Content-Length": [
          "246"
        ],
        "Content-Type": [
          "application/xml; charset=utf-8"
        ],
        "x-ms-servedbyregion": [
          "ussouth2"
        ],
        "Strict-Transport-Security": [
          "max-age=31536000; includeSubDomains"
        ],
        "x-ms-request-id": [
          "4fc0b223c23f7b3b8d962507e5aaf2fd"
        ],
        "Cache-Control": [
          "no-cache"
        ],
        "Date": [
          "Fri, 13 Feb 2015 08:16:30 GMT"
        ],
        "Server": [
          "1.0.6198.187",
          "(rd_rdfe_stable.150211-1556)",
          "Microsoft-HTTPAPI/2.0"
        ]
      },
      "StatusCode": 200
    },
    {
      "RequestUri": "/f771266f-1d85-498f-9280-ae4a6c3dae8b/services/networking/virtualNetworkSiteName/gateway",
      "EncodedRequestUri": "L2Y3NzEyNjZmLTFkODUtNDk4Zi05MjgwLWFlNGE2YzNkYWU4Yi9zZXJ2aWNlcy9uZXR3b3JraW5nL3ZpcnR1YWxOZXR3b3JrU2l0ZU5hbWUvZ2F0ZXdheQ==",
      "RequestMethod": "GET",
      "RequestBody": "",
      "RequestHeaders": {
        "x-ms-version": [
          "2015-02-01"
        ],
        "User-Agent": [
          "Microsoft.WindowsAzure.Management.Network.NetworkManagementClient/1.0.0.0"
        ]
      },
      "ResponseBody": "<Gateway xmlns=\"http://schemas.microsoft.com/windowsazure\" xmlns:i=\"http://www.w3.org/2001/XMLSchema-instance\">\r\n  <GatewayType>StaticRouting</GatewayType>\r\n  <LastEvent i:nil=\"true\" />\r\n  <State>NotProvisioned</State>\r\n  <GatewaySize>None</GatewaySize>\r\n</Gateway>",
      "ResponseHeaders": {
        "Content-Length": [
          "246"
        ],
        "Content-Type": [
          "application/xml; charset=utf-8"
        ],
        "x-ms-servedbyregion": [
          "ussouth2"
        ],
        "Strict-Transport-Security": [
          "max-age=31536000; includeSubDomains"
        ],
        "x-ms-request-id": [
          "02206221d8ce7edb97db1635524a427c"
        ],
        "Cache-Control": [
          "no-cache"
        ],
        "Date": [
          "Fri, 13 Feb 2015 08:16:30 GMT"
        ],
        "Server": [
          "1.0.6198.187",
          "(rd_rdfe_stable.150211-1556)",
          "Microsoft-HTTPAPI/2.0"
        ]
      },
      "StatusCode": 200
    },
    {
      "RequestUri": "/f771266f-1d85-498f-9280-ae4a6c3dae8b/services/networking/virtualNetworkSiteName/gateway/defaultsites",
      "EncodedRequestUri": "L2Y3NzEyNjZmLTFkODUtNDk4Zi05MjgwLWFlNGE2YzNkYWU4Yi9zZXJ2aWNlcy9uZXR3b3JraW5nL3ZpcnR1YWxOZXR3b3JrU2l0ZU5hbWUvZ2F0ZXdheS9kZWZhdWx0c2l0ZXM=",
      "RequestMethod": "DELETE",
      "RequestBody": "",
      "RequestHeaders": {
        "x-ms-version": [
          "2015-02-01"
        ],
        "User-Agent": [
          "Microsoft.WindowsAzure.Management.Network.NetworkManagementClient/1.0.0.0"
        ]
      },
      "ResponseBody": "<Error xmlns=\"http://schemas.microsoft.com/windowsazure\" xmlns:i=\"http://www.w3.org/2001/XMLSchema-instance\">\r\n  <Code>BadRequest</Code>\r\n  <Message>The current provisioning status of the gateway prevents this operation.</Message>\r\n</Error>",
      "ResponseHeaders": {
        "Content-Length": [
          "230"
        ],
        "Content-Type": [
          "application/xml; charset=utf-8"
        ],
        "x-ms-servedbyregion": [
          "ussouth2"
        ],
        "Strict-Transport-Security": [
          "max-age=31536000; includeSubDomains"
        ],
        "x-ms-request-id": [
          "33a2db2fcd707a8189735a05fbd96a58"
        ],
        "Cache-Control": [
          "no-cache"
        ],
        "Date": [
          "Fri, 13 Feb 2015 08:16:31 GMT"
        ],
        "Server": [
          "1.0.6198.187",
          "(rd_rdfe_stable.150211-1556)",
          "Microsoft-HTTPAPI/2.0"
        ]
      },
      "StatusCode": 400
    },
    {
      "RequestUri": "/f771266f-1d85-498f-9280-ae4a6c3dae8b/operations/2a366d4a0c287feb92520ef659402d2b",
      "EncodedRequestUri": "L2Y3NzEyNjZmLTFkODUtNDk4Zi05MjgwLWFlNGE2YzNkYWU4Yi9vcGVyYXRpb25zLzJhMzY2ZDRhMGMyODdmZWI5MjUyMGVmNjU5NDAyZDJi",
      "RequestMethod": "GET",
      "RequestBody": "",
      "RequestHeaders": {
        "x-ms-version": [
          "2015-02-01"
        ],
        "User-Agent": [
          "Microsoft.WindowsAzure.Management.Network.NetworkManagementClient/1.0.0.0"
        ]
      },
      "ResponseBody": "<Operation xmlns=\"http://schemas.microsoft.com/windowsazure\" xmlns:i=\"http://www.w3.org/2001/XMLSchema-instance\">\r\n  <ID>2a366d4a-0c28-7feb-9252-0ef659402d2b</ID>\r\n  <Status>InProgress</Status>\r\n</Operation>",
      "ResponseHeaders": {
        "Content-Length": [
          "197"
        ],
        "Content-Type": [
          "application/xml; charset=utf-8"
        ],
        "x-ms-servedbyregion": [
          "ussouth2"
        ],
        "Strict-Transport-Security": [
          "max-age=31536000; includeSubDomains"
        ],
        "x-ms-request-id": [
          "c3c287b9f7e97f32841984ab67ca315e"
        ],
        "Cache-Control": [
          "no-cache"
        ],
        "Date": [
          "Fri, 13 Feb 2015 08:16:31 GMT"
        ],
        "Server": [
          "1.0.6198.187",
          "(rd_rdfe_stable.150211-1556)",
          "Microsoft-HTTPAPI/2.0"
        ]
      },
      "StatusCode": 200
    },
    {
      "RequestUri": "/f771266f-1d85-498f-9280-ae4a6c3dae8b/operations/2a366d4a0c287feb92520ef659402d2b",
      "EncodedRequestUri": "L2Y3NzEyNjZmLTFkODUtNDk4Zi05MjgwLWFlNGE2YzNkYWU4Yi9vcGVyYXRpb25zLzJhMzY2ZDRhMGMyODdmZWI5MjUyMGVmNjU5NDAyZDJi",
      "RequestMethod": "GET",
      "RequestBody": "",
      "RequestHeaders": {
        "x-ms-version": [
          "2015-02-01"
        ],
        "User-Agent": [
          "Microsoft.WindowsAzure.Management.Network.NetworkManagementClient/1.0.0.0"
        ]
      },
      "ResponseBody": "<Operation xmlns=\"http://schemas.microsoft.com/windowsazure\" xmlns:i=\"http://www.w3.org/2001/XMLSchema-instance\">\r\n  <ID>2a366d4a-0c28-7feb-9252-0ef659402d2b</ID>\r\n  <Status>Succeeded</Status>\r\n  <HttpStatusCode>200</HttpStatusCode>\r\n</Operation>",
      "ResponseHeaders": {
        "Content-Length": [
          "232"
        ],
        "Content-Type": [
          "application/xml; charset=utf-8"
        ],
        "x-ms-servedbyregion": [
          "ussouth2"
        ],
        "Strict-Transport-Security": [
          "max-age=31536000; includeSubDomains"
        ],
        "x-ms-request-id": [
          "3d9a296e4d657061ae5a559316bc94a8"
        ],
        "Cache-Control": [
          "no-cache"
        ],
        "Date": [
          "Fri, 13 Feb 2015 08:17:02 GMT"
        ],
        "Server": [
          "1.0.6198.187",
          "(rd_rdfe_stable.150211-1556)",
          "Microsoft-HTTPAPI/2.0"
        ]
      },
      "StatusCode": 200
    }
  ],
  "Names": {},
  "Variables": {
    "SubscriptionId": "f771266f-1d85-498f-9280-ae4a6c3dae8b"
  }
}