{
  "Entries": [
    {
      "RequestUri": "https://heathskeyvaulthsm.managedhsm.azure.net/backup?api-version=7.2-preview",
      "RequestMethod": "POST",
      "RequestHeaders": {
        "Accept": "application/json",
        "Content-Type": "application/json",
        "traceparent": "00-c9b1d95a0848a24aa7d6d7d4da9054e6-0f6258815aaf3442-00",
        "User-Agent": [
          "azsdk-net-Security.KeyVault.Administration/4.0.0-alpha.20201029.1",
          "(.NET Core 4.6.29321.03; Microsoft Windows 10.0.19042 )"
        ],
        "x-ms-client-request-id": "ca4accd4dc70f2858819ba237ed84a8b",
        "x-ms-return-client-request-id": "true"
      },
      "RequestBody": null,
      "StatusCode": 401,
      "ResponseHeaders": {
        "Cache-Control": "no-cache",
        "Content-Length": "0",
        "Content-Security-Policy": "default-src \u0027self\u0027",
        "Content-Type": "application/json; charset=utf-8",
        "Strict-Transport-Security": "max-age=31536000; includeSubDomains",
        "WWW-Authenticate": "Bearer authorization=\u0022https://login.microsoftonline.com/72f988bf-86f1-41af-91ab-2d7cd011db47\u0022, resource=\u0022https://managedhsm.azure.net\u0022",
        "X-Content-Type-Options": "nosniff",
        "X-Frame-Options": "SAMEORIGIN",
        "x-ms-request-id": "956668d6-1a09-11eb-9867-0242ac120008",
        "x-ms-server-latency": "1"
      },
      "ResponseBody": []
    },
    {
      "RequestUri": "https://heathskeyvaulthsm.managedhsm.azure.net/backup?api-version=7.2-preview",
      "RequestMethod": "POST",
      "RequestHeaders": {
        "Accept": "application/json",
        "Authorization": "Sanitized",
        "Content-Length": "100",
        "Content-Type": "application/json",
        "traceparent": "00-c9b1d95a0848a24aa7d6d7d4da9054e6-0f6258815aaf3442-00",
        "User-Agent": [
          "azsdk-net-Security.KeyVault.Administration/4.0.0-alpha.20201029.1",
          "(.NET Core 4.6.29321.03; Microsoft Windows 10.0.19042 )"
        ],
        "x-ms-client-request-id": "ca4accd4dc70f2858819ba237ed84a8b",
        "x-ms-return-client-request-id": "true"
      },
      "RequestBody": {
        "storageResourceUri": "https://heathskeyvaultprim.blob.core.windows.net/backup",
        "token": "Sanitized"
      },
      "StatusCode": 202,
      "ResponseHeaders": {
        "azure-asyncoperation": "https://heathskeyvaulthsm.managedhsm.azure.net/backup/2936080d2f0b49fbb31afb37ee49c7d6/pending",
        "Cache-Control": "no-cache",
        "Content-Length": "216",
        "Content-Security-Policy": "default-src \u0027self\u0027",
        "Content-Type": "application/json; charset=utf-8",
        "Date": "Fri, 30 Oct 2020 02:30:11 GMT",
        "Retry-After": "0",
        "Server": "Kestrel",
        "Strict-Transport-Security": "max-age=31536000; includeSubDomains",
        "X-Content-Type-Options": "nosniff",
        "X-Frame-Options": "SAMEORIGIN",
        "x-ms-keyvault-network-info": "addr=67.171.12.239",
        "x-ms-keyvault-region": "southcentralus",
        "x-ms-request-id": "956668d6-1a09-11eb-9867-0242ac120008",
        "x-ms-server-latency": "868"
      },
      "ResponseBody": {
        "status": "InProgress",
        "statusDetails": null,
        "error": {
          "code": null,
          "message": null,
          "innererror": null
        },
        "startTime": 1604025011,
        "endTime": null,
        "jobId": "2936080d2f0b49fbb31afb37ee49c7d6",
        "azureStorageBlobContainerUri": null
      }
    },
    {
      "RequestUri": "https://heathskeyvaulthsm.managedhsm.azure.net/backup/2936080d2f0b49fbb31afb37ee49c7d6/pending?api-version=7.2-preview",
      "RequestMethod": "GET",
      "RequestHeaders": {
        "Accept": "application/json",
        "Authorization": "Sanitized",
        "User-Agent": [
          "azsdk-net-Security.KeyVault.Administration/4.0.0-alpha.20201029.1",
          "(.NET Core 4.6.29321.03; Microsoft Windows 10.0.19042 )"
        ],
        "x-ms-client-request-id": "36d9d973bbbaac9133645130ee35a7e2",
        "x-ms-return-client-request-id": "true"
      },
      "RequestBody": null,
      "StatusCode": 200,
      "ResponseHeaders": {
        "Cache-Control": "no-cache",
        "Content-Length": "216",
        "Content-Security-Policy": "default-src \u0027self\u0027",
        "Content-Type": "application/json; charset=utf-8",
        "Date": "Fri, 30 Oct 2020 02:30:11 GMT",
        "Server": "Kestrel",
        "Strict-Transport-Security": "max-age=31536000; includeSubDomains",
        "X-Content-Type-Options": "nosniff",
        "X-Frame-Options": "SAMEORIGIN",
        "x-ms-build-version": "1.0.20200917-2-1617fc9c-develop",
        "x-ms-keyvault-network-info": "addr=67.171.12.239",
        "x-ms-keyvault-region": "southcentralus",
        "x-ms-request-id": "956668d6-1a09-11eb-9867-0242ac120008",
        "x-ms-server-latency": "665"
      },
      "ResponseBody": {
        "azureStorageBlobContainerUri": null,
        "endTime": null,
        "error": {
          "code": null,
          "innererror": null,
          "message": null
        },
        "jobId": "2936080d2f0b49fbb31afb37ee49c7d6",
        "startTime": 1604025011,
        "status": "InProgress",
        "statusDetails": null
      }
    },
    {
      "RequestUri": "https://heathskeyvaulthsm.managedhsm.azure.net/backup/2936080d2f0b49fbb31afb37ee49c7d6/pending?api-version=7.2-preview",
      "RequestMethod": "GET",
      "RequestHeaders": {
        "Accept": "application/json",
        "Authorization": "Sanitized",
        "User-Agent": [
          "azsdk-net-Security.KeyVault.Administration/4.0.0-alpha.20201029.1",
          "(.NET Core 4.6.29321.03; Microsoft Windows 10.0.19042 )"
        ],
        "x-ms-client-request-id": "d08b4d931a91e2dbd38b9a45c92cf8b6",
        "x-ms-return-client-request-id": "true"
      },
      "RequestBody": null,
      "StatusCode": 200,
      "ResponseHeaders": {
        "Cache-Control": "no-cache",
        "Content-Length": "216",
        "Content-Security-Policy": "default-src \u0027self\u0027",
        "Content-Type": "application/json; charset=utf-8",
        "Date": "Fri, 30 Oct 2020 02:30:13 GMT",
        "Server": "Kestrel",
        "Strict-Transport-Security": "max-age=31536000; includeSubDomains",
        "X-Content-Type-Options": "nosniff",
        "X-Frame-Options": "SAMEORIGIN",
        "x-ms-build-version": "1.0.20200917-2-1617fc9c-develop",
        "x-ms-keyvault-network-info": "addr=67.171.12.239",
        "x-ms-keyvault-region": "southcentralus",
        "x-ms-request-id": "956668d6-1a09-11eb-9867-0242ac120008",
        "x-ms-server-latency": "684"
      },
      "ResponseBody": {
        "azureStorageBlobContainerUri": null,
        "endTime": null,
        "error": {
          "code": null,
          "innererror": null,
          "message": null
        },
        "jobId": "2936080d2f0b49fbb31afb37ee49c7d6",
        "startTime": 1604025011,
        "status": "InProgress",
        "statusDetails": null
      }
    },
    {
      "RequestUri": "https://heathskeyvaulthsm.managedhsm.azure.net/backup/2936080d2f0b49fbb31afb37ee49c7d6/pending?api-version=7.2-preview",
      "RequestMethod": "GET",
      "RequestHeaders": {
        "Accept": "application/json",
        "Authorization": "Sanitized",
        "User-Agent": [
          "azsdk-net-Security.KeyVault.Administration/4.0.0-alpha.20201029.1",
          "(.NET Core 4.6.29321.03; Microsoft Windows 10.0.19042 )"
        ],
        "x-ms-client-request-id": "69fa203baf0919f13b9e970c8a550352",
        "x-ms-return-client-request-id": "true"
      },
      "RequestBody": null,
      "StatusCode": 200,
      "ResponseHeaders": {
        "Cache-Control": "no-cache",
        "Content-Length": "216",
        "Content-Security-Policy": "default-src \u0027self\u0027",
        "Content-Type": "application/json; charset=utf-8",
        "Date": "Fri, 30 Oct 2020 02:30:15 GMT",
        "Server": "Kestrel",
        "Strict-Transport-Security": "max-age=31536000; includeSubDomains",
        "X-Content-Type-Options": "nosniff",
        "X-Frame-Options": "SAMEORIGIN",
        "x-ms-build-version": "1.0.20200917-2-1617fc9c-develop",
        "x-ms-keyvault-network-info": "addr=67.171.12.239",
        "x-ms-keyvault-region": "southcentralus",
        "x-ms-request-id": "956668d6-1a09-11eb-9867-0242ac120008",
        "x-ms-server-latency": "651"
      },
      "ResponseBody": {
        "azureStorageBlobContainerUri": null,
        "endTime": null,
        "error": {
          "code": null,
          "innererror": null,
          "message": null
        },
        "jobId": "2936080d2f0b49fbb31afb37ee49c7d6",
        "startTime": 1604025011,
        "status": "InProgress",
        "statusDetails": null
      }
    },
    {
      "RequestUri": "https://heathskeyvaulthsm.managedhsm.azure.net/backup/2936080d2f0b49fbb31afb37ee49c7d6/pending?api-version=7.2-preview",
      "RequestMethod": "GET",
      "RequestHeaders": {
        "Accept": "application/json",
        "Authorization": "Sanitized",
        "User-Agent": [
          "azsdk-net-Security.KeyVault.Administration/4.0.0-alpha.20201029.1",
          "(.NET Core 4.6.29321.03; Microsoft Windows 10.0.19042 )"
        ],
        "x-ms-client-request-id": "308fd771794c59fafef7632e204ce207",
        "x-ms-return-client-request-id": "true"
      },
      "RequestBody": null,
      "StatusCode": 200,
      "ResponseHeaders": {
        "Cache-Control": "no-cache",
        "Content-Length": "216",
        "Content-Security-Policy": "default-src \u0027self\u0027",
        "Content-Type": "application/json; charset=utf-8",
        "Date": "Fri, 30 Oct 2020 02:30:16 GMT",
        "Server": "Kestrel",
        "Strict-Transport-Security": "max-age=31536000; includeSubDomains",
        "X-Content-Type-Options": "nosniff",
        "X-Frame-Options": "SAMEORIGIN",
        "x-ms-build-version": "1.0.20200917-2-1617fc9c-develop",
        "x-ms-keyvault-network-info": "addr=67.171.12.239",
        "x-ms-keyvault-region": "southcentralus",
        "x-ms-request-id": "956668d6-1a09-11eb-9867-0242ac120008",
        "x-ms-server-latency": "650"
      },
      "ResponseBody": {
        "azureStorageBlobContainerUri": null,
        "endTime": null,
        "error": {
          "code": null,
          "innererror": null,
          "message": null
        },
        "jobId": "2936080d2f0b49fbb31afb37ee49c7d6",
        "startTime": 1604025011,
        "status": "InProgress",
        "statusDetails": null
      }
    },
    {
      "RequestUri": "https://heathskeyvaulthsm.managedhsm.azure.net/backup/2936080d2f0b49fbb31afb37ee49c7d6/pending?api-version=7.2-preview",
      "RequestMethod": "GET",
      "RequestHeaders": {
        "Accept": "application/json",
        "Authorization": "Sanitized",
        "User-Agent": [
          "azsdk-net-Security.KeyVault.Administration/4.0.0-alpha.20201029.1",
          "(.NET Core 4.6.29321.03; Microsoft Windows 10.0.19042 )"
        ],
        "x-ms-client-request-id": "cef49b6b3d3be4d95c7295f283cf587e",
        "x-ms-return-client-request-id": "true"
      },
      "RequestBody": null,
      "StatusCode": 200,
      "ResponseHeaders": {
        "Cache-Control": "no-cache",
        "Content-Length": "216",
        "Content-Security-Policy": "default-src \u0027self\u0027",
        "Content-Type": "application/json; charset=utf-8",
        "Date": "Fri, 30 Oct 2020 02:30:18 GMT",
        "Server": "Kestrel",
        "Strict-Transport-Security": "max-age=31536000; includeSubDomains",
        "X-Content-Type-Options": "nosniff",
        "X-Frame-Options": "SAMEORIGIN",
        "x-ms-build-version": "1.0.20200917-2-1617fc9c-develop",
        "x-ms-keyvault-network-info": "addr=67.171.12.239",
        "x-ms-keyvault-region": "southcentralus",
        "x-ms-request-id": "956668d6-1a09-11eb-9867-0242ac120008",
        "x-ms-server-latency": "622"
      },
      "ResponseBody": {
        "azureStorageBlobContainerUri": null,
        "endTime": null,
        "error": {
          "code": null,
          "innererror": null,
          "message": null
        },
        "jobId": "2936080d2f0b49fbb31afb37ee49c7d6",
        "startTime": 1604025011,
        "status": "InProgress",
        "statusDetails": null
      }
    },
    {
      "RequestUri": "https://heathskeyvaulthsm.managedhsm.azure.net/backup/2936080d2f0b49fbb31afb37ee49c7d6/pending?api-version=7.2-preview",
      "RequestMethod": "GET",
      "RequestHeaders": {
        "Accept": "application/json",
        "Authorization": "Sanitized",
        "User-Agent": [
          "azsdk-net-Security.KeyVault.Administration/4.0.0-alpha.20201029.1",
          "(.NET Core 4.6.29321.03; Microsoft Windows 10.0.19042 )"
        ],
        "x-ms-client-request-id": "f2d34788c79cc26926a16b114cc3f9ef",
        "x-ms-return-client-request-id": "true"
      },
      "RequestBody": null,
      "StatusCode": 200,
      "ResponseHeaders": {
        "Cache-Control": "no-cache",
        "Content-Length": "272",
        "Content-Security-Policy": "default-src \u0027self\u0027",
        "Content-Type": "application/json; charset=utf-8",
        "Date": "Fri, 30 Oct 2020 02:30:20 GMT",
        "Server": "Kestrel",
        "Strict-Transport-Security": "max-age=31536000; includeSubDomains",
        "X-Content-Type-Options": "nosniff",
        "X-Frame-Options": "SAMEORIGIN",
        "x-ms-build-version": "1.0.20200917-2-1617fc9c-develop",
        "x-ms-keyvault-network-info": "addr=67.171.12.239",
        "x-ms-keyvault-region": "southcentralus",
        "x-ms-request-id": "956668d6-1a09-11eb-9867-0242ac120008",
        "x-ms-server-latency": "700"
      },
      "ResponseBody": {
        "azureStorageBlobContainerUri": "https://heathskeyvaultprim.blob.core.windows.net/backup/mhsm-heathskeyvaulthsm-2020103002301108",
        "endTime": 1604025019,
        "error": null,
        "jobId": "2936080d2f0b49fbb31afb37ee49c7d6",
        "startTime": 1604025011,
        "status": "Succeeded",
        "statusDetails": null
      }
    },
    {
      "RequestUri": "https://heathskeyvaulthsm.managedhsm.azure.net/restore?api-version=7.2-preview",
      "RequestMethod": "PUT",
      "RequestHeaders": {
        "Accept": "application/json",
        "Authorization": "Sanitized",
        "Content-Length": "183",
        "Content-Type": "application/json",
        "traceparent": "00-764e584a2211b641937f7129283b0a8f-7fd93d84583e1c47-00",
        "User-Agent": [
          "azsdk-net-Security.KeyVault.Administration/4.0.0-alpha.20201029.1",
          "(.NET Core 4.6.29321.03; Microsoft Windows 10.0.19042 )"
        ],
        "x-ms-client-request-id": "eea08fbb35613417fdabd4dae407d52f",
        "x-ms-return-client-request-id": "true"
      },
      "RequestBody": {
        "sasTokenParameters": {
          "storageResourceUri": "https://heathskeyvaultprim.blob.core.windows.net/backup",
          "token": "Sanitized"
        },
        "folderToRestore": "mhsm-heathskeyvaulthsm-2020103002301108"
      },
      "StatusCode": 202,
      "ResponseHeaders": {
        "azure-asyncoperation": "https://heathskeyvaulthsm.managedhsm.azure.net/restore/3b8b3dda2ee14a8d857bed4e5afd02aa/pending",
        "Cache-Control": "no-cache",
        "Content-Length": "180",
        "Content-Security-Policy": "default-src \u0027self\u0027",
        "Content-Type": "application/json; charset=utf-8",
        "Date": "Fri, 30 Oct 2020 02:30:22 GMT",
        "Retry-After": "0",
        "Server": "Kestrel",
        "Strict-Transport-Security": "max-age=31536000; includeSubDomains",
        "X-Content-Type-Options": "nosniff",
        "X-Frame-Options": "SAMEORIGIN",
        "x-ms-keyvault-network-info": "addr=67.171.12.239",
        "x-ms-keyvault-region": "southcentralus",
        "x-ms-request-id": "956668d6-1a09-11eb-9867-0242ac120008",
        "x-ms-server-latency": "818"
      },
      "ResponseBody": {
        "endTime": null,
        "error": {
          "code": null,
          "innererror": null,
          "message": null
        },
        "jobId": "3b8b3dda2ee14a8d857bed4e5afd02aa",
        "startTime": 1604025022,
        "status": "InProgress",
        "statusDetails": null
      }
    },
    {
      "RequestUri": "https://heathskeyvaulthsm.managedhsm.azure.net/restore/3b8b3dda2ee14a8d857bed4e5afd02aa/pending?api-version=7.2-preview",
      "RequestMethod": "GET",
      "RequestHeaders": {
        "Accept": "application/json",
        "Authorization": "Sanitized",
        "User-Agent": [
          "azsdk-net-Security.KeyVault.Administration/4.0.0-alpha.20201029.1",
          "(.NET Core 4.6.29321.03; Microsoft Windows 10.0.19042 )"
        ],
        "x-ms-client-request-id": "d8a6e49ff079a46a3232a899d2c79799",
        "x-ms-return-client-request-id": "true"
      },
      "RequestBody": null,
      "StatusCode": 200,
      "ResponseHeaders": {
        "Cache-Control": "no-cache",
        "Content-Length": "180",
        "Content-Security-Policy": "default-src \u0027self\u0027",
        "Content-Type": "application/json; charset=utf-8",
        "Date": "Fri, 30 Oct 2020 02:30:22 GMT",
        "Server": "Kestrel",
        "Strict-Transport-Security": "max-age=31536000; includeSubDomains",
        "X-Content-Type-Options": "nosniff",
        "X-Frame-Options": "SAMEORIGIN",
        "x-ms-build-version": "1.0.20200917-2-1617fc9c-develop",
        "x-ms-keyvault-network-info": "addr=67.171.12.239",
        "x-ms-keyvault-region": "southcentralus",
        "x-ms-request-id": "956668d6-1a09-11eb-9867-0242ac120008",
        "x-ms-server-latency": "650"
      },
      "ResponseBody": {
        "endTime": null,
        "error": {
          "code": null,
          "innererror": null,
          "message": null
        },
        "jobId": "3b8b3dda2ee14a8d857bed4e5afd02aa",
        "startTime": 1604025022,
        "status": "InProgress",
        "statusDetails": null
      }
    },
    {
      "RequestUri": "https://heathskeyvaulthsm.managedhsm.azure.net/restore/3b8b3dda2ee14a8d857bed4e5afd02aa/pending?api-version=7.2-preview",
      "RequestMethod": "GET",
      "RequestHeaders": {
        "Accept": "application/json",
        "Authorization": "Sanitized",
        "User-Agent": [
          "azsdk-net-Security.KeyVault.Administration/4.0.0-alpha.20201029.1",
          "(.NET Core 4.6.29321.03; Microsoft Windows 10.0.19042 )"
        ],
        "x-ms-client-request-id": "f337a679692e521c2f9ef4f0f28edd1f",
        "x-ms-return-client-request-id": "true"
      },
      "RequestBody": null,
      "StatusCode": 200,
      "ResponseHeaders": {
        "Cache-Control": "no-cache",
        "Content-Length": "180",
        "Content-Security-Policy": "default-src \u0027self\u0027",
        "Content-Type": "application/json; charset=utf-8",
        "Date": "Fri, 30 Oct 2020 02:30:25 GMT",
        "Server": "Kestrel",
        "Strict-Transport-Security": "max-age=31536000; includeSubDomains",
        "X-Content-Type-Options": "nosniff",
        "X-Frame-Options": "SAMEORIGIN",
        "x-ms-build-version": "1.0.20200917-2-1617fc9c-develop",
        "x-ms-keyvault-network-info": "addr=67.171.12.239",
        "x-ms-keyvault-region": "southcentralus",
        "x-ms-request-id": "956668d6-1a09-11eb-9867-0242ac120008",
        "x-ms-server-latency": "721"
      },
      "ResponseBody": {
        "endTime": null,
        "error": {
          "code": null,
          "innererror": null,
          "message": null
        },
        "jobId": "3b8b3dda2ee14a8d857bed4e5afd02aa",
        "startTime": 1604025022,
        "status": "InProgress",
        "statusDetails": null
      }
    },
    {
      "RequestUri": "https://heathskeyvaulthsm.managedhsm.azure.net/restore/3b8b3dda2ee14a8d857bed4e5afd02aa/pending?api-version=7.2-preview",
      "RequestMethod": "GET",
      "RequestHeaders": {
        "Accept": "application/json",
        "Authorization": "Sanitized",
        "User-Agent": [
          "azsdk-net-Security.KeyVault.Administration/4.0.0-alpha.20201029.1",
          "(.NET Core 4.6.29321.03; Microsoft Windows 10.0.19042 )"
        ],
        "x-ms-client-request-id": "67723ccb201cca7525fcbb2f8d7e6135",
        "x-ms-return-client-request-id": "true"
      },
      "RequestBody": null,
      "StatusCode": 200,
      "ResponseHeaders": {
        "Cache-Control": "no-cache",
        "Content-Length": "180",
        "Content-Security-Policy": "default-src \u0027self\u0027",
        "Content-Type": "application/json; charset=utf-8",
        "Date": "Fri, 30 Oct 2020 02:30:26 GMT",
        "Server": "Kestrel",
        "Strict-Transport-Security": "max-age=31536000; includeSubDomains",
        "X-Content-Type-Options": "nosniff",
        "X-Frame-Options": "SAMEORIGIN",
        "x-ms-build-version": "1.0.20200917-2-1617fc9c-develop",
        "x-ms-keyvault-network-info": "addr=67.171.12.239",
        "x-ms-keyvault-region": "southcentralus",
        "x-ms-request-id": "956668d6-1a09-11eb-9867-0242ac120008",
        "x-ms-server-latency": "671"
      },
      "ResponseBody": {
        "endTime": null,
        "error": {
          "code": null,
          "innererror": null,
          "message": null
        },
        "jobId": "3b8b3dda2ee14a8d857bed4e5afd02aa",
        "startTime": 1604025022,
        "status": "InProgress",
        "statusDetails": null
      }
    },
    {
      "RequestUri": "https://heathskeyvaulthsm.managedhsm.azure.net/restore/3b8b3dda2ee14a8d857bed4e5afd02aa/pending?api-version=7.2-preview",
      "RequestMethod": "GET",
      "RequestHeaders": {
        "Accept": "application/json",
        "Authorization": "Sanitized",
        "User-Agent": [
          "azsdk-net-Security.KeyVault.Administration/4.0.0-alpha.20201029.1",
          "(.NET Core 4.6.29321.03; Microsoft Windows 10.0.19042 )"
        ],
        "x-ms-client-request-id": "3d613b13e2cf3500c853a8dafc7ab1a4",
        "x-ms-return-client-request-id": "true"
      },
      "RequestBody": null,
      "StatusCode": 200,
      "ResponseHeaders": {
        "Cache-Control": "no-cache",
        "Content-Length": "180",
        "Content-Security-Policy": "default-src \u0027self\u0027",
        "Content-Type": "application/json; charset=utf-8",
        "Date": "Fri, 30 Oct 2020 02:30:27 GMT",
        "Server": "Kestrel",
        "Strict-Transport-Security": "max-age=31536000; includeSubDomains",
        "X-Content-Type-Options": "nosniff",
        "X-Frame-Options": "SAMEORIGIN",
        "x-ms-build-version": "1.0.20200917-2-1617fc9c-develop",
        "x-ms-keyvault-network-info": "addr=67.171.12.239",
        "x-ms-keyvault-region": "southcentralus",
        "x-ms-request-id": "956668d6-1a09-11eb-9867-0242ac120008",
        "x-ms-server-latency": "639"
      },
      "ResponseBody": {
        "endTime": null,
        "error": {
          "code": null,
          "innererror": null,
          "message": null
        },
        "jobId": "3b8b3dda2ee14a8d857bed4e5afd02aa",
        "startTime": 1604025022,
        "status": "InProgress",
        "statusDetails": null
      }
    },
    {
      "RequestUri": "https://heathskeyvaulthsm.managedhsm.azure.net/restore/3b8b3dda2ee14a8d857bed4e5afd02aa/pending?api-version=7.2-preview",
      "RequestMethod": "GET",
      "RequestHeaders": {
        "Accept": "application/json",
        "Authorization": "Sanitized",
        "User-Agent": [
          "azsdk-net-Security.KeyVault.Administration/4.0.0-alpha.20201029.1",
          "(.NET Core 4.6.29321.03; Microsoft Windows 10.0.19042 )"
        ],
        "x-ms-client-request-id": "96cd89543055587c306cce32adedc5b1",
        "x-ms-return-client-request-id": "true"
      },
      "RequestBody": null,
      "StatusCode": 200,
      "ResponseHeaders": {
        "Cache-Control": "no-cache",
        "Content-Length": "180",
        "Content-Security-Policy": "default-src \u0027self\u0027",
        "Content-Type": "application/json; charset=utf-8",
        "Date": "Fri, 30 Oct 2020 02:30:32 GMT",
        "Server": "Kestrel",
        "Strict-Transport-Security": "max-age=31536000; includeSubDomains",
        "X-Content-Type-Options": "nosniff",
        "X-Frame-Options": "SAMEORIGIN",
        "x-ms-build-version": "1.0.20200917-2-1617fc9c-develop",
        "x-ms-keyvault-network-info": "addr=67.171.12.239",
        "x-ms-keyvault-region": "southcentralus",
        "x-ms-request-id": "956668d6-1a09-11eb-9867-0242ac120008",
        "x-ms-server-latency": "3032"
      },
      "ResponseBody": {
        "endTime": null,
        "error": {
          "code": null,
          "innererror": null,
          "message": null
        },
        "jobId": "3b8b3dda2ee14a8d857bed4e5afd02aa",
        "startTime": 1604025022,
        "status": "InProgress",
        "statusDetails": null
      }
    },
    {
      "RequestUri": "https://heathskeyvaulthsm.managedhsm.azure.net/restore/3b8b3dda2ee14a8d857bed4e5afd02aa/pending?api-version=7.2-preview",
      "RequestMethod": "GET",
      "RequestHeaders": {
        "Accept": "application/json",
        "Authorization": "Sanitized",
        "User-Agent": [
          "azsdk-net-Security.KeyVault.Administration/4.0.0-alpha.20201029.1",
          "(.NET Core 4.6.29321.03; Microsoft Windows 10.0.19042 )"
        ],
        "x-ms-client-request-id": "b7ddbe3da02ce94f3b3c9fc8779bceab",
        "x-ms-return-client-request-id": "true"
      },
      "RequestBody": null,
      "StatusCode": 200,
      "ResponseHeaders": {
        "Cache-Control": "no-cache",
        "Content-Length": "143",
        "Content-Security-Policy": "default-src \u0027self\u0027",
        "Content-Type": "application/json; charset=utf-8",
        "Date": "Fri, 30 Oct 2020 02:30:36 GMT",
        "Server": "Kestrel",
        "Strict-Transport-Security": "max-age=31536000; includeSubDomains",
        "X-Content-Type-Options": "nosniff",
        "X-Frame-Options": "SAMEORIGIN",
        "x-ms-build-version": "1.0.20200917-2-1617fc9c-develop",
        "x-ms-keyvault-network-info": "addr=67.171.12.239",
        "x-ms-keyvault-region": "southcentralus",
        "x-ms-request-id": "956668d6-1a09-11eb-9867-0242ac120008",
        "x-ms-server-latency": "2207"
      },
      "ResponseBody": {
        "endTime": 1604025033,
        "error": null,
        "jobId": "3b8b3dda2ee14a8d857bed4e5afd02aa",
        "startTime": 1604025022,
        "status": "Succeeded",
        "statusDetails": null
      }
    }
  ],
  "Variables": {
    "AZURE_MANAGEDHSM_URL": "https://heathskeyvaulthsm.managedhsm.azure.net/",
    "BLOB_PRIMARY_STORAGE_ACCOUNT_KEY": "Sanitized",
    "BLOB_STORAGE_ACCOUNT_NAME": "heathskeyvaultprim",
    "RandomSeed": "591915347"
  }
}