{
  "Entries": [
    {
      "RequestUri": "http://seanstagehierarchical.blob.core.windows.net/test-filesystem-b1288825-7c1d-710c-ca5b-cd1a8196fe32?restype=container",
      "RequestMethod": "PUT",
      "RequestHeaders": {
        "Authorization": "Sanitized",
        "traceparent": "00-94395cfb42b33d428f6b08ed046d60d4-cfbc81d7fdbe564e-00",
        "User-Agent": [
          "azsdk-net-Storage.Files.DataLake/12.0.0-dev.20191210.1\u002B5758cdf8298d3305c897cb7ba843ddd732c229c1",
          "(.NET Core 4.6.28008.01; Microsoft Windows 10.0.18363 )"
        ],
        "x-ms-client-request-id": "0d43af71-4a50-46d1-8bb9-140fb729dfca",
        "x-ms-date": "Wed, 11 Dec 2019 06:15:44 GMT",
        "x-ms-return-client-request-id": "true",
        "x-ms-version": "2019-07-07"
      },
      "RequestBody": null,
      "StatusCode": 201,
      "ResponseHeaders": {
        "Content-Length": "0",
        "Date": "Wed, 11 Dec 2019 06:15:45 GMT",
        "ETag": "\u00220x8D77E018EE1A4A9\u0022",
        "Last-Modified": "Wed, 11 Dec 2019 06:15:45 GMT",
        "Server": [
          "Windows-Azure-Blob/1.0",
          "Microsoft-HTTPAPI/2.0"
        ],
        "x-ms-client-request-id": "0d43af71-4a50-46d1-8bb9-140fb729dfca",
        "x-ms-request-id": "8840f13b-e01e-001e-1aea-af7ee3000000",
        "x-ms-version": "2019-07-07"
      },
      "ResponseBody": []
    },
    {
      "RequestUri": "http://seanstagehierarchical.blob.core.windows.net/test-filesystem-b1288825-7c1d-710c-ca5b-cd1a8196fe32?comp=lease\u0026restype=container",
      "RequestMethod": "PUT",
      "RequestHeaders": {
        "Authorization": "Sanitized",
        "traceparent": "00-ab86b28c5cddc246b6f2826ea3f94558-fb54fc396014ad4c-00",
        "User-Agent": [
          "azsdk-net-Storage.Files.DataLake/12.0.0-dev.20191210.1\u002B5758cdf8298d3305c897cb7ba843ddd732c229c1",
          "(.NET Core 4.6.28008.01; Microsoft Windows 10.0.18363 )"
        ],
        "x-ms-client-request-id": "5f3782f4-2c98-4197-f497-7825598816de",
        "x-ms-date": "Wed, 11 Dec 2019 06:15:46 GMT",
        "x-ms-lease-action": "acquire",
        "x-ms-lease-duration": "15",
        "x-ms-proposed-lease-id": "7723e527-2fdb-acbb-942a-f14930ac2c0e",
        "x-ms-return-client-request-id": "true",
        "x-ms-version": "2019-07-07"
      },
      "RequestBody": null,
      "StatusCode": 201,
      "ResponseHeaders": {
        "Content-Length": "0",
        "Date": "Wed, 11 Dec 2019 06:15:45 GMT",
        "ETag": "\u00220x8D77E018EE1A4A9\u0022",
        "Last-Modified": "Wed, 11 Dec 2019 06:15:45 GMT",
        "Server": [
          "Windows-Azure-Blob/1.0",
          "Microsoft-HTTPAPI/2.0"
        ],
        "x-ms-client-request-id": "5f3782f4-2c98-4197-f497-7825598816de",
        "x-ms-lease-id": "7723e527-2fdb-acbb-942a-f14930ac2c0e",
        "x-ms-request-id": "8840f142-e01e-001e-1dea-af7ee3000000",
        "x-ms-version": "2019-07-07"
      },
      "ResponseBody": []
    },
    {
      "RequestUri": "http://seanstagehierarchical.blob.core.windows.net/test-filesystem-b1288825-7c1d-710c-ca5b-cd1a8196fe32?restype=container",
      "RequestMethod": "DELETE",
      "RequestHeaders": {
        "Authorization": "Sanitized",
        "traceparent": "00-6eeb27f38e57c841b000af028f6b066d-3666be267bce5d47-00",
        "User-Agent": [
          "azsdk-net-Storage.Files.DataLake/12.0.0-dev.20191210.1\u002B5758cdf8298d3305c897cb7ba843ddd732c229c1",
          "(.NET Core 4.6.28008.01; Microsoft Windows 10.0.18363 )"
        ],
        "x-ms-client-request-id": "ad545ae3-cd75-8b75-c267-dcbc78bc015a",
        "x-ms-date": "Wed, 11 Dec 2019 06:15:46 GMT",
        "x-ms-lease-id": "7723e527-2fdb-acbb-942a-f14930ac2c0e",
        "x-ms-return-client-request-id": "true",
        "x-ms-version": "2019-07-07"
      },
      "RequestBody": null,
      "StatusCode": 202,
      "ResponseHeaders": {
        "Content-Length": "0",
        "Date": "Wed, 11 Dec 2019 06:15:45 GMT",
        "Server": [
          "Windows-Azure-Blob/1.0",
          "Microsoft-HTTPAPI/2.0"
        ],
        "x-ms-client-request-id": "ad545ae3-cd75-8b75-c267-dcbc78bc015a",
        "x-ms-request-id": "8840f143-e01e-001e-1eea-af7ee3000000",
        "x-ms-version": "2019-07-07"
      },
      "ResponseBody": []
    },
    {
      "RequestUri": "http://seanstagehierarchical.blob.core.windows.net/test-filesystem-5d356a4a-ea8d-e616-0b01-5cd0971c5afb?restype=container",
      "RequestMethod": "PUT",
      "RequestHeaders": {
        "Authorization": "Sanitized",
        "traceparent": "00-3ffeb01891d4b94290c9b1c93bcef43b-54c00bef7f4e8b4c-00",
        "User-Agent": [
          "azsdk-net-Storage.Files.DataLake/12.0.0-dev.20191210.1\u002B5758cdf8298d3305c897cb7ba843ddd732c229c1",
          "(.NET Core 4.6.28008.01; Microsoft Windows 10.0.18363 )"
        ],
        "x-ms-client-request-id": "7b303bc6-eac3-f821-436e-a27370a5f4a6",
        "x-ms-date": "Wed, 11 Dec 2019 06:15:46 GMT",
        "x-ms-return-client-request-id": "true",
        "x-ms-version": "2019-07-07"
      },
      "RequestBody": null,
      "StatusCode": 201,
      "ResponseHeaders": {
        "Content-Length": "0",
        "Date": "Wed, 11 Dec 2019 06:15:45 GMT",
        "ETag": "\u00220x8D77E018F783F50\u0022",
        "Last-Modified": "Wed, 11 Dec 2019 06:15:46 GMT",
        "Server": [
          "Windows-Azure-Blob/1.0",
          "Microsoft-HTTPAPI/2.0"
        ],
        "x-ms-client-request-id": "7b303bc6-eac3-f821-436e-a27370a5f4a6",
        "x-ms-request-id": "8840f144-e01e-001e-1fea-af7ee3000000",
        "x-ms-version": "2019-07-07"
      },
      "ResponseBody": []
    },
    {
      "RequestUri": "http://seanstagehierarchical.blob.core.windows.net/test-filesystem-5d356a4a-ea8d-e616-0b01-5cd0971c5afb?comp=lease\u0026restype=container",
      "RequestMethod": "PUT",
      "RequestHeaders": {
        "Authorization": "Sanitized",
        "If-Modified-Since": "Tue, 10 Dec 2019 06:15:44 GMT",
        "traceparent": "00-2b8f432c06030f49854432aa9498b4f1-70565db69ad53e44-00",
        "User-Agent": [
          "azsdk-net-Storage.Files.DataLake/12.0.0-dev.20191210.1\u002B5758cdf8298d3305c897cb7ba843ddd732c229c1",
          "(.NET Core 4.6.28008.01; Microsoft Windows 10.0.18363 )"
        ],
        "x-ms-client-request-id": "4f0cf3d6-0d4c-c3cd-144e-794c1d5fa846",
        "x-ms-date": "Wed, 11 Dec 2019 06:15:46 GMT",
        "x-ms-lease-action": "acquire",
        "x-ms-lease-duration": "15",
        "x-ms-proposed-lease-id": "af6de10c-0279-e226-0276-ccc250fdb551",
        "x-ms-return-client-request-id": "true",
        "x-ms-version": "2019-07-07"
      },
      "RequestBody": null,
      "StatusCode": 201,
      "ResponseHeaders": {
        "Content-Length": "0",
        "Date": "Wed, 11 Dec 2019 06:15:45 GMT",
        "ETag": "\u00220x8D77E018F783F50\u0022",
        "Last-Modified": "Wed, 11 Dec 2019 06:15:46 GMT",
        "Server": [
          "Windows-Azure-Blob/1.0",
          "Microsoft-HTTPAPI/2.0"
        ],
        "x-ms-client-request-id": "4f0cf3d6-0d4c-c3cd-144e-794c1d5fa846",
        "x-ms-lease-id": "af6de10c-0279-e226-0276-ccc250fdb551",
        "x-ms-request-id": "8840f146-e01e-001e-20ea-af7ee3000000",
        "x-ms-version": "2019-07-07"
      },
      "ResponseBody": []
    },
    {
      "RequestUri": "http://seanstagehierarchical.blob.core.windows.net/test-filesystem-5d356a4a-ea8d-e616-0b01-5cd0971c5afb?restype=container",
      "RequestMethod": "DELETE",
      "RequestHeaders": {
        "Authorization": "Sanitized",
        "traceparent": "00-6dc3497db712b243810fee97362d7e9c-57876aa35c4ce74e-00",
        "User-Agent": [
          "azsdk-net-Storage.Files.DataLake/12.0.0-dev.20191210.1\u002B5758cdf8298d3305c897cb7ba843ddd732c229c1",
          "(.NET Core 4.6.28008.01; Microsoft Windows 10.0.18363 )"
        ],
        "x-ms-client-request-id": "5cebe128-65f1-3705-4746-479d65eb4747",
        "x-ms-date": "Wed, 11 Dec 2019 06:15:46 GMT",
        "x-ms-lease-id": "af6de10c-0279-e226-0276-ccc250fdb551",
        "x-ms-return-client-request-id": "true",
        "x-ms-version": "2019-07-07"
      },
      "RequestBody": null,
      "StatusCode": 202,
      "ResponseHeaders": {
        "Content-Length": "0",
        "Date": "Wed, 11 Dec 2019 06:15:45 GMT",
        "Server": [
          "Windows-Azure-Blob/1.0",
          "Microsoft-HTTPAPI/2.0"
        ],
        "x-ms-client-request-id": "5cebe128-65f1-3705-4746-479d65eb4747",
        "x-ms-request-id": "8840f147-e01e-001e-21ea-af7ee3000000",
        "x-ms-version": "2019-07-07"
      },
      "ResponseBody": []
    },
    {
      "RequestUri": "http://seanstagehierarchical.blob.core.windows.net/test-filesystem-750c74a1-f2c5-3d50-39de-a743049e7bb3?restype=container",
      "RequestMethod": "PUT",
      "RequestHeaders": {
        "Authorization": "Sanitized",
        "traceparent": "00-fc1d75923327d1428d31b782adc1ed59-58768a5588b4ed4d-00",
        "User-Agent": [
          "azsdk-net-Storage.Files.DataLake/12.0.0-dev.20191210.1\u002B5758cdf8298d3305c897cb7ba843ddd732c229c1",
          "(.NET Core 4.6.28008.01; Microsoft Windows 10.0.18363 )"
        ],
        "x-ms-client-request-id": "d28dc0c1-a654-3548-90ad-2212bec132a8",
        "x-ms-date": "Wed, 11 Dec 2019 06:15:46 GMT",
        "x-ms-return-client-request-id": "true",
        "x-ms-version": "2019-07-07"
      },
      "RequestBody": null,
      "StatusCode": 201,
      "ResponseHeaders": {
        "Content-Length": "0",
        "Date": "Wed, 11 Dec 2019 06:15:46 GMT",
        "ETag": "\u00220x8D77E018FA47F6F\u0022",
        "Last-Modified": "Wed, 11 Dec 2019 06:15:46 GMT",
        "Server": [
          "Windows-Azure-Blob/1.0",
          "Microsoft-HTTPAPI/2.0"
        ],
        "x-ms-client-request-id": "d28dc0c1-a654-3548-90ad-2212bec132a8",
        "x-ms-request-id": "8840f148-e01e-001e-22ea-af7ee3000000",
        "x-ms-version": "2019-07-07"
      },
      "ResponseBody": []
    },
    {
      "RequestUri": "http://seanstagehierarchical.blob.core.windows.net/test-filesystem-750c74a1-f2c5-3d50-39de-a743049e7bb3?comp=lease\u0026restype=container",
      "RequestMethod": "PUT",
      "RequestHeaders": {
        "Authorization": "Sanitized",
        "If-Unmodified-Since": "Thu, 12 Dec 2019 06:15:44 GMT",
        "traceparent": "00-0d0d4209c279524baa8ff0435124b591-5ebaea0e7412774f-00",
        "User-Agent": [
          "azsdk-net-Storage.Files.DataLake/12.0.0-dev.20191210.1\u002B5758cdf8298d3305c897cb7ba843ddd732c229c1",
          "(.NET Core 4.6.28008.01; Microsoft Windows 10.0.18363 )"
        ],
        "x-ms-client-request-id": "bc886cc5-cfb2-b6f6-ec37-b29a7c7a5793",
        "x-ms-date": "Wed, 11 Dec 2019 06:15:46 GMT",
        "x-ms-lease-action": "acquire",
        "x-ms-lease-duration": "15",
        "x-ms-proposed-lease-id": "f86a94cb-0ac7-55d3-20ba-2acdddfdec1c",
        "x-ms-return-client-request-id": "true",
        "x-ms-version": "2019-07-07"
      },
      "RequestBody": null,
      "StatusCode": 201,
      "ResponseHeaders": {
        "Content-Length": "0",
        "Date": "Wed, 11 Dec 2019 06:15:46 GMT",
        "ETag": "\u00220x8D77E018FA47F6F\u0022",
        "Last-Modified": "Wed, 11 Dec 2019 06:15:46 GMT",
        "Server": [
          "Windows-Azure-Blob/1.0",
          "Microsoft-HTTPAPI/2.0"
        ],
        "x-ms-client-request-id": "bc886cc5-cfb2-b6f6-ec37-b29a7c7a5793",
        "x-ms-lease-id": "f86a94cb-0ac7-55d3-20ba-2acdddfdec1c",
        "x-ms-request-id": "8840f14a-e01e-001e-23ea-af7ee3000000",
        "x-ms-version": "2019-07-07"
      },
      "ResponseBody": []
    },
    {
      "RequestUri": "http://seanstagehierarchical.blob.core.windows.net/test-filesystem-750c74a1-f2c5-3d50-39de-a743049e7bb3?restype=container",
      "RequestMethod": "DELETE",
      "RequestHeaders": {
        "Authorization": "Sanitized",
        "traceparent": "00-ab14099c000df74b8b9b6cde7f9e5cb3-2120ef0af517a349-00",
        "User-Agent": [
          "azsdk-net-Storage.Files.DataLake/12.0.0-dev.20191210.1\u002B5758cdf8298d3305c897cb7ba843ddd732c229c1",
          "(.NET Core 4.6.28008.01; Microsoft Windows 10.0.18363 )"
        ],
        "x-ms-client-request-id": "7107a025-2f74-466a-f4cb-57d9f6c40fa9",
        "x-ms-date": "Wed, 11 Dec 2019 06:15:46 GMT",
        "x-ms-lease-id": "f86a94cb-0ac7-55d3-20ba-2acdddfdec1c",
        "x-ms-return-client-request-id": "true",
        "x-ms-version": "2019-07-07"
      },
      "RequestBody": null,
      "StatusCode": 202,
      "ResponseHeaders": {
        "Content-Length": "0",
        "Date": "Wed, 11 Dec 2019 06:15:46 GMT",
        "Server": [
          "Windows-Azure-Blob/1.0",
          "Microsoft-HTTPAPI/2.0"
        ],
        "x-ms-client-request-id": "7107a025-2f74-466a-f4cb-57d9f6c40fa9",
        "x-ms-request-id": "8840f14c-e01e-001e-25ea-af7ee3000000",
        "x-ms-version": "2019-07-07"
      },
      "ResponseBody": []
    }
  ],
  "Variables": {
    "DateTimeOffsetNow": "2019-12-10T22:15:44.6642446-08:00",
    "RandomSeed": "570276243",
    "Storage_TestConfigHierarchicalNamespace": "NamespaceTenant\nseanstagehierarchical\nU2FuaXRpemVk\nhttp://seanstagehierarchical.blob.core.windows.net\nhttp://seanstagehierarchical.file.core.windows.net\nhttp://seanstagehierarchical.queue.core.windows.net\nhttp://seanstagehierarchical.table.core.windows.net\n\n\n\n\nhttp://seanstagehierarchical-secondary.blob.core.windows.net\nhttp://seanstagehierarchical-secondary.file.core.windows.net\nhttp://seanstagehierarchical-secondary.queue.core.windows.net\nhttp://seanstagehierarchical-secondary.table.core.windows.net\n68390a19-a643-458b-b726-408abf67b4fc\nSanitized\n72f988bf-86f1-41af-91ab-2d7cd011db47\nhttps://login.microsoftonline.com/\nCloud\nBlobEndpoint=http://seanstagehierarchical.blob.core.windows.net/;QueueEndpoint=http://seanstagehierarchical.queue.core.windows.net/;FileEndpoint=http://seanstagehierarchical.file.core.windows.net/;BlobSecondaryEndpoint=http://seanstagehierarchical-secondary.blob.core.windows.net/;QueueSecondaryEndpoint=http://seanstagehierarchical-secondary.queue.core.windows.net/;FileSecondaryEndpoint=http://seanstagehierarchical-secondary.file.core.windows.net/;AccountName=seanstagehierarchical;AccountKey=Sanitized\n"
  }
}