{
  "Entries": [
    {
      "RequestUri": "http://seanstagehierarchical.blob.core.windows.net/test-filesystem-ce8bfe5b-66a5-aa35-f262-ddba687ac044?restype=container",
      "RequestMethod": "PUT",
      "RequestHeaders": {
        "Authorization": "Sanitized",
        "traceparent": "00-68b35d04af5dc84a902f003eb247045d-2e615e43d5e5244c-00",
        "User-Agent": [
          "azsdk-net-Storage.Files.DataLake/12.0.0-dev.20191223.1\u002Bfd005823f205b17066d91fefd3c5556dfeb42e21",
          "(.NET Core 4.6.28207.04; Microsoft Windows 10.0.18363 )"
        ],
        "x-ms-blob-public-access": "container",
        "x-ms-client-request-id": "f1561d3e-d76a-7397-0cc7-1fdab6fcbe60",
        "x-ms-date": "Mon, 23 Dec 2019 21:03:24 GMT",
        "x-ms-return-client-request-id": "true",
        "x-ms-version": "2019-07-07"
      },
      "RequestBody": null,
      "StatusCode": 201,
      "ResponseHeaders": {
        "Content-Length": "0",
        "Date": "Mon, 23 Dec 2019 21:03:24 GMT",
        "ETag": "\u00220x8D787EB8D025621\u0022",
        "Last-Modified": "Mon, 23 Dec 2019 21:03:24 GMT",
        "Server": [
          "Windows-Azure-Blob/1.0",
          "Microsoft-HTTPAPI/2.0"
        ],
        "x-ms-client-request-id": "f1561d3e-d76a-7397-0cc7-1fdab6fcbe60",
        "x-ms-request-id": "83128ddc-601e-0010-28d4-b95753000000",
        "x-ms-version": "2019-07-07"
      },
      "ResponseBody": []
    },
    {
      "RequestUri": "http://seanstagehierarchical.dfs.core.windows.net/test-filesystem-ce8bfe5b-66a5-aa35-f262-ddba687ac044/test-file-11eb1cf0-a194-ada6-1608-9e86467bdea3?resource=file",
      "RequestMethod": "PUT",
      "RequestHeaders": {
        "Authorization": "Sanitized",
        "traceparent": "00-307a2535744dc845b57559ab52e6028b-203e2d51da88974e-00",
        "User-Agent": [
          "azsdk-net-Storage.Files.DataLake/12.0.0-dev.20191223.1\u002Bfd005823f205b17066d91fefd3c5556dfeb42e21",
          "(.NET Core 4.6.28207.04; Microsoft Windows 10.0.18363 )"
        ],
        "x-ms-client-request-id": "afc9bf60-9c63-9c6d-76a8-da6138102d90",
        "x-ms-date": "Mon, 23 Dec 2019 21:03:24 GMT",
        "x-ms-return-client-request-id": "true",
        "x-ms-version": "2019-07-07"
      },
      "RequestBody": null,
      "StatusCode": 201,
      "ResponseHeaders": {
        "Content-Length": "0",
        "Date": "Mon, 23 Dec 2019 21:03:25 GMT",
        "ETag": "\u00220x8D787EB8D158564\u0022",
        "Last-Modified": "Mon, 23 Dec 2019 21:03:25 GMT",
        "Server": [
          "Windows-Azure-HDFS/1.0",
          "Microsoft-HTTPAPI/2.0"
        ],
        "x-ms-client-request-id": "afc9bf60-9c63-9c6d-76a8-da6138102d90",
        "x-ms-request-id": "7e1ba3d4-d01f-0015-5dd4-b98588000000",
        "x-ms-version": "2019-07-07"
      },
      "ResponseBody": []
    },
    {
      "RequestUri": "http://seanstagehierarchical.blob.core.windows.net/test-filesystem-ce8bfe5b-66a5-aa35-f262-ddba687ac044?restype=container",
      "RequestMethod": "DELETE",
      "RequestHeaders": {
        "Authorization": "Sanitized",
        "traceparent": "00-5d4bd7a0c8a14d42926a69466371cc0c-ad455474dd255440-00",
        "User-Agent": [
          "azsdk-net-Storage.Files.DataLake/12.0.0-dev.20191223.1\u002Bfd005823f205b17066d91fefd3c5556dfeb42e21",
          "(.NET Core 4.6.28207.04; Microsoft Windows 10.0.18363 )"
        ],
        "x-ms-client-request-id": "87256a3c-2eb2-1840-6de0-d57af3784e9e",
        "x-ms-date": "Mon, 23 Dec 2019 21:03:25 GMT",
        "x-ms-return-client-request-id": "true",
        "x-ms-version": "2019-07-07"
      },
      "RequestBody": null,
      "StatusCode": 202,
      "ResponseHeaders": {
        "Content-Length": "0",
        "Date": "Mon, 23 Dec 2019 21:03:24 GMT",
        "Server": [
          "Windows-Azure-Blob/1.0",
          "Microsoft-HTTPAPI/2.0"
        ],
        "x-ms-client-request-id": "87256a3c-2eb2-1840-6de0-d57af3784e9e",
        "x-ms-request-id": "83128de0-601e-0010-2bd4-b95753000000",
        "x-ms-version": "2019-07-07"
      },
      "ResponseBody": []
    }
  ],
  "Variables": {
    "RandomSeed": "2112947779",
    "Storage_TestConfigHierarchicalNamespace": "NamespaceTenant\nseanstagehierarchical\nU2FuaXRpemVk\nhttp://seanstagehierarchical.blob.core.windows.net\nhttp://seanstagehierarchical.file.core.windows.net\nhttp://seanstagehierarchical.queue.core.windows.net\nhttp://seanstagehierarchical.table.core.windows.net\n\n\n\n\nhttp://seanstagehierarchical-secondary.blob.core.windows.net\nhttp://seanstagehierarchical-secondary.file.core.windows.net\nhttp://seanstagehierarchical-secondary.queue.core.windows.net\nhttp://seanstagehierarchical-secondary.table.core.windows.net\n68390a19-a643-458b-b726-408abf67b4fc\nSanitized\n72f988bf-86f1-41af-91ab-2d7cd011db47\nhttps://login.microsoftonline.com/\nCloud\nBlobEndpoint=http://seanstagehierarchical.blob.core.windows.net/;QueueEndpoint=http://seanstagehierarchical.queue.core.windows.net/;FileEndpoint=http://seanstagehierarchical.file.core.windows.net/;BlobSecondaryEndpoint=http://seanstagehierarchical-secondary.blob.core.windows.net/;QueueSecondaryEndpoint=http://seanstagehierarchical-secondary.queue.core.windows.net/;FileSecondaryEndpoint=http://seanstagehierarchical-secondary.file.core.windows.net/;AccountName=seanstagehierarchical;AccountKey=Sanitized\n"
  }
}