{
  "Entries": [
    {
      "RequestUri": "http://seannse.blob.core.windows.net/test-filesystem-cc196736-58d6-a0d5-967f-93d81ade768b?restype=container",
      "RequestMethod": "PUT",
      "RequestHeaders": {
        "Authorization": "Sanitized",
        "traceparent": "00-ad7c318f54f5204394ea71965c32364b-68f122f090b33048-00",
        "User-Agent": [
          "azsdk-net-Storage.Files.DataLake/12.0.0-dev.20191018.1\u002B208b3446540844b7c7a794de85040d2515e86e1a",
          "(.NET Core 4.6.28008.01; Microsoft Windows 10.0.18363 )"
        ],
        "x-ms-blob-public-access": "container",
        "x-ms-client-request-id": "14f94f0e-15b7-7da7-42e6-d9e59c792694",
        "x-ms-date": "Fri, 18 Oct 2019 21:29:43 GMT",
        "x-ms-return-client-request-id": "true",
        "x-ms-version": "2019-02-02"
      },
      "RequestBody": null,
      "StatusCode": 201,
      "ResponseHeaders": {
        "Content-Length": "0",
        "Date": "Fri, 18 Oct 2019 21:29:43 GMT",
        "ETag": "\u00220x8D754124A80A3F3\u0022",
        "Last-Modified": "Fri, 18 Oct 2019 21:29:43 GMT",
        "Server": [
          "Windows-Azure-Blob/1.0",
          "Microsoft-HTTPAPI/2.0"
        ],
        "x-ms-client-request-id": "14f94f0e-15b7-7da7-42e6-d9e59c792694",
        "x-ms-request-id": "9923c0ec-401e-0046-53fb-854bd8000000",
        "x-ms-version": "2019-02-02"
      },
      "ResponseBody": []
    },
    {
      "RequestUri": "http://seannse.dfs.core.windows.net/test-filesystem-cc196736-58d6-a0d5-967f-93d81ade768b/test-file-53578291-10ba-5236-50c6-186a0baba791?resource=file",
      "RequestMethod": "PUT",
      "RequestHeaders": {
        "Authorization": "Sanitized",
        "traceparent": "00-a10f04e4f40de94299e7646f6ee31b10-bd4051899c942744-00",
        "User-Agent": [
          "azsdk-net-Storage.Files.DataLake/12.0.0-dev.20191018.1\u002B208b3446540844b7c7a794de85040d2515e86e1a",
          "(.NET Core 4.6.28008.01; Microsoft Windows 10.0.18363 )"
        ],
        "x-ms-client-request-id": "7698b844-98ac-fed2-19a6-c4f1fc3d7197",
        "x-ms-date": "Fri, 18 Oct 2019 21:29:43 GMT",
        "x-ms-permissions": "0777",
        "x-ms-return-client-request-id": "true",
        "x-ms-umask": "0057",
        "x-ms-version": "2019-02-02"
      },
      "RequestBody": null,
      "StatusCode": 201,
      "ResponseHeaders": {
        "Content-Length": "0",
        "Date": "Fri, 18 Oct 2019 21:29:43 GMT",
        "ETag": "\u00220x8D754124A855851\u0022",
        "Last-Modified": "Fri, 18 Oct 2019 21:29:43 GMT",
        "Server": [
          "Windows-Azure-HDFS/1.0",
          "Microsoft-HTTPAPI/2.0"
        ],
        "x-ms-client-request-id": "7698b844-98ac-fed2-19a6-c4f1fc3d7197",
        "x-ms-request-id": "d7aec7b9-901f-0045-32fb-85aabc000000",
        "x-ms-version": "2019-02-02"
      },
      "ResponseBody": []
    },
    {
      "RequestUri": "http://seannse.dfs.core.windows.net/test-filesystem-cc196736-58d6-a0d5-967f-93d81ade768b/test-file-53578291-10ba-5236-50c6-186a0baba791?action=getAccessControl",
      "RequestMethod": "HEAD",
      "RequestHeaders": {
        "Authorization": "Sanitized",
        "User-Agent": [
          "azsdk-net-Storage.Files.DataLake/12.0.0-dev.20191018.1\u002B208b3446540844b7c7a794de85040d2515e86e1a",
          "(.NET Core 4.6.28008.01; Microsoft Windows 10.0.18363 )"
        ],
        "x-ms-client-request-id": "5325de0e-3012-fbe4-34cb-b13e9ce3c34d",
        "x-ms-date": "Fri, 18 Oct 2019 21:29:43 GMT",
        "x-ms-return-client-request-id": "true",
        "x-ms-version": "2019-02-02"
      },
      "RequestBody": null,
      "StatusCode": 200,
      "ResponseHeaders": {
        "Date": "Fri, 18 Oct 2019 21:29:43 GMT",
        "ETag": "\u00220x8D754124A855851\u0022",
        "Last-Modified": "Fri, 18 Oct 2019 21:29:43 GMT",
        "Server": [
          "Windows-Azure-HDFS/1.0",
          "Microsoft-HTTPAPI/2.0"
        ],
        "x-ms-acl": "user::rwx,group::-w-,other::---",
        "x-ms-client-request-id": "5325de0e-3012-fbe4-34cb-b13e9ce3c34d",
        "x-ms-group": "$superuser",
        "x-ms-owner": "$superuser",
        "x-ms-permissions": "rwx-w----",
        "x-ms-request-id": "d7aec7bc-901f-0045-35fb-85aabc000000",
        "x-ms-version": "2019-02-02"
      },
      "ResponseBody": []
    },
    {
      "RequestUri": "http://seannse.blob.core.windows.net/test-filesystem-cc196736-58d6-a0d5-967f-93d81ade768b?restype=container",
      "RequestMethod": "DELETE",
      "RequestHeaders": {
        "Authorization": "Sanitized",
        "traceparent": "00-d9c297e86b88a64bb60faab126269960-5f45dfcd2c5b1442-00",
        "User-Agent": [
          "azsdk-net-Storage.Files.DataLake/12.0.0-dev.20191018.1\u002B208b3446540844b7c7a794de85040d2515e86e1a",
          "(.NET Core 4.6.28008.01; Microsoft Windows 10.0.18363 )"
        ],
        "x-ms-client-request-id": "1ee2a45d-1d17-0e84-6356-61e4a97093cb",
        "x-ms-date": "Fri, 18 Oct 2019 21:29:43 GMT",
        "x-ms-return-client-request-id": "true",
        "x-ms-version": "2019-02-02"
      },
      "RequestBody": null,
      "StatusCode": 202,
      "ResponseHeaders": {
        "Content-Length": "0",
        "Date": "Fri, 18 Oct 2019 21:29:43 GMT",
        "Server": [
          "Windows-Azure-Blob/1.0",
          "Microsoft-HTTPAPI/2.0"
        ],
        "x-ms-client-request-id": "1ee2a45d-1d17-0e84-6356-61e4a97093cb",
        "x-ms-request-id": "9923c115-401e-0046-79fb-854bd8000000",
        "x-ms-version": "2019-02-02"
      },
      "ResponseBody": []
    }
  ],
  "Variables": {
    "RandomSeed": "61697727",
    "Storage_TestConfigHierarchicalNamespace": "NamespaceTenant\nseannse\nU2FuaXRpemVk\nhttp://seannse.blob.core.windows.net\nhttp://seannse.file.core.windows.net\nhttp://seannse.queue.core.windows.net\nhttp://seannse.table.core.windows.net\n\n\n\n\nhttp://seannse-secondary.blob.core.windows.net\nhttp://seannse-secondary.file.core.windows.net\nhttp://seannse-secondary.queue.core.windows.net\nhttp://seannse-secondary.table.core.windows.net\n68390a19-a643-458b-b726-408abf67b4fc\nSanitized\n72f988bf-86f1-41af-91ab-2d7cd011db47\nhttps://login.microsoftonline.com/\nCloud\nBlobEndpoint=http://seannse.blob.core.windows.net/;QueueEndpoint=http://seannse.queue.core.windows.net/;TableEndpoint=http://seannse.table.core.windows.net/;FileEndpoint=http://seannse.file.core.windows.net/;BlobSecondaryEndpoint=http://seannse-secondary.blob.core.windows.net/;QueueSecondaryEndpoint=http://seannse-secondary.queue.core.windows.net/;TableSecondaryEndpoint=http://seannse-secondary.table.core.windows.net/;FileSecondaryEndpoint=http://seannse-secondary.file.core.windows.net/;AccountName=seannse;AccountKey=Sanitized"
  }
}