{
  "Entries": [
    {
      "RequestUri": "http://seanstagehierarchical.blob.core.windows.net/test-filesystem-c568f82d-5806-1cc0-de41-9fa5139fca08?restype=container",
      "RequestMethod": "PUT",
      "RequestHeaders": {
        "Authorization": "Sanitized",
        "traceparent": "00-f51e55373eb6654d9bb3d9a375649220-80973c447d078947-00",
        "User-Agent": [
          "azsdk-net-Storage.Files.DataLake/12.0.0-dev.20191210.1\u002B5758cdf8298d3305c897cb7ba843ddd732c229c1",
          "(.NET Core 4.6.28008.01; Microsoft Windows 10.0.18363 )"
        ],
        "x-ms-blob-public-access": "container",
        "x-ms-client-request-id": "377488cd-d315-45cf-e2c1-7130ae7f824b",
        "x-ms-date": "Wed, 11 Dec 2019 06:16:12 GMT",
        "x-ms-return-client-request-id": "true",
        "x-ms-version": "2019-07-07"
      },
      "RequestBody": null,
      "StatusCode": 201,
      "ResponseHeaders": {
        "Content-Length": "0",
        "Date": "Wed, 11 Dec 2019 06:16:11 GMT",
        "ETag": "\u00220x8D77E019F2B1BA2\u0022",
        "Last-Modified": "Wed, 11 Dec 2019 06:16:12 GMT",
        "Server": [
          "Windows-Azure-Blob/1.0",
          "Microsoft-HTTPAPI/2.0"
        ],
        "x-ms-client-request-id": "377488cd-d315-45cf-e2c1-7130ae7f824b",
        "x-ms-request-id": "8840f22f-e01e-001e-3aea-af7ee3000000",
        "x-ms-version": "2019-07-07"
      },
      "ResponseBody": []
    },
    {
      "RequestUri": "http://seanstagehierarchical.dfs.core.windows.net/test-filesystem-c568f82d-5806-1cc0-de41-9fa5139fca08/test-directory-6a8923f9-9cba-4718-3bd2-bdfd74ec37f0?resource=directory",
      "RequestMethod": "PUT",
      "RequestHeaders": {
        "Authorization": "Sanitized",
        "traceparent": "00-c61e21821ba7ad4bb82ffefa38d51056-10b10698fc1b8741-00",
        "User-Agent": [
          "azsdk-net-Storage.Files.DataLake/12.0.0-dev.20191210.1\u002B5758cdf8298d3305c897cb7ba843ddd732c229c1",
          "(.NET Core 4.6.28008.01; Microsoft Windows 10.0.18363 )"
        ],
        "x-ms-client-request-id": "c1da9887-5e64-307b-702d-fc4315d1d1f5",
        "x-ms-date": "Wed, 11 Dec 2019 06:16:12 GMT",
        "x-ms-properties": "foo=YmFy,meta=ZGF0YQ==,Capital=bGV0dGVy,UPPER=Y2FzZQ==",
        "x-ms-return-client-request-id": "true",
        "x-ms-version": "2019-02-02"
      },
      "RequestBody": null,
      "StatusCode": 201,
      "ResponseHeaders": {
        "Content-Length": "0",
        "Date": "Wed, 11 Dec 2019 06:16:11 GMT",
        "ETag": "\u00220x8D77E019F3B14A7\u0022",
        "Last-Modified": "Wed, 11 Dec 2019 06:16:12 GMT",
        "Server": [
          "Windows-Azure-HDFS/1.0",
          "Microsoft-HTTPAPI/2.0"
        ],
        "x-ms-client-request-id": "c1da9887-5e64-307b-702d-fc4315d1d1f5",
        "x-ms-request-id": "39f3557e-f01f-003d-76ea-afe420000000",
        "x-ms-version": "2019-02-02"
      },
      "ResponseBody": []
    },
    {
      "RequestUri": "http://seanstagehierarchical.blob.core.windows.net/test-filesystem-c568f82d-5806-1cc0-de41-9fa5139fca08/test-directory-6a8923f9-9cba-4718-3bd2-bdfd74ec37f0",
      "RequestMethod": "HEAD",
      "RequestHeaders": {
        "Authorization": "Sanitized",
        "User-Agent": [
          "azsdk-net-Storage.Files.DataLake/12.0.0-dev.20191210.1\u002B5758cdf8298d3305c897cb7ba843ddd732c229c1",
          "(.NET Core 4.6.28008.01; Microsoft Windows 10.0.18363 )"
        ],
        "x-ms-client-request-id": "db7635ec-7511-198c-eda7-1afd96afebef",
        "x-ms-date": "Wed, 11 Dec 2019 06:16:12 GMT",
        "x-ms-return-client-request-id": "true",
        "x-ms-version": "2019-07-07"
      },
      "RequestBody": null,
      "StatusCode": 200,
      "ResponseHeaders": {
        "Accept-Ranges": "bytes",
        "Content-Length": "0",
        "Content-Type": "application/octet-stream",
        "Date": "Wed, 11 Dec 2019 06:16:12 GMT",
        "ETag": "\u00220x8D77E019F3B14A7\u0022",
        "Last-Modified": "Wed, 11 Dec 2019 06:16:12 GMT",
        "Server": [
          "Windows-Azure-Blob/1.0",
          "Microsoft-HTTPAPI/2.0"
        ],
        "x-ms-access-tier": "Hot",
        "x-ms-access-tier-inferred": "true",
        "x-ms-blob-type": "BlockBlob",
        "x-ms-client-request-id": "db7635ec-7511-198c-eda7-1afd96afebef",
        "x-ms-creation-time": "Wed, 11 Dec 2019 06:16:12 GMT",
        "x-ms-lease-state": "available",
        "x-ms-lease-status": "unlocked",
        "x-ms-meta-Capital": "letter",
        "x-ms-meta-foo": "bar",
        "x-ms-meta-hdi_isfolder": "true",
        "x-ms-meta-meta": "data",
        "x-ms-meta-UPPER": "case",
        "x-ms-request-id": "8840f23c-e01e-001e-43ea-af7ee3000000",
        "x-ms-server-encrypted": "true",
        "x-ms-version": "2019-07-07"
      },
      "ResponseBody": []
    },
    {
      "RequestUri": "http://seanstagehierarchical.blob.core.windows.net/test-filesystem-c568f82d-5806-1cc0-de41-9fa5139fca08?restype=container",
      "RequestMethod": "DELETE",
      "RequestHeaders": {
        "Authorization": "Sanitized",
        "traceparent": "00-e3b821d0a56c4b4c8c45f40a5725af91-8d44a7ef6f419f43-00",
        "User-Agent": [
          "azsdk-net-Storage.Files.DataLake/12.0.0-dev.20191210.1\u002B5758cdf8298d3305c897cb7ba843ddd732c229c1",
          "(.NET Core 4.6.28008.01; Microsoft Windows 10.0.18363 )"
        ],
        "x-ms-client-request-id": "e0574d5a-f65b-15e4-f49f-57ffdd23d081",
        "x-ms-date": "Wed, 11 Dec 2019 06:16:12 GMT",
        "x-ms-return-client-request-id": "true",
        "x-ms-version": "2019-07-07"
      },
      "RequestBody": null,
      "StatusCode": 202,
      "ResponseHeaders": {
        "Content-Length": "0",
        "Date": "Wed, 11 Dec 2019 06:16:12 GMT",
        "Server": [
          "Windows-Azure-Blob/1.0",
          "Microsoft-HTTPAPI/2.0"
        ],
        "x-ms-client-request-id": "e0574d5a-f65b-15e4-f49f-57ffdd23d081",
        "x-ms-request-id": "8840f23d-e01e-001e-44ea-af7ee3000000",
        "x-ms-version": "2019-07-07"
      },
      "ResponseBody": []
    }
  ],
  "Variables": {
    "RandomSeed": "2028764040",
    "Storage_TestConfigHierarchicalNamespace": "NamespaceTenant\nseanstagehierarchical\nU2FuaXRpemVk\nhttp://seanstagehierarchical.blob.core.windows.net\nhttp://seanstagehierarchical.file.core.windows.net\nhttp://seanstagehierarchical.queue.core.windows.net\nhttp://seanstagehierarchical.table.core.windows.net\n\n\n\n\nhttp://seanstagehierarchical-secondary.blob.core.windows.net\nhttp://seanstagehierarchical-secondary.file.core.windows.net\nhttp://seanstagehierarchical-secondary.queue.core.windows.net\nhttp://seanstagehierarchical-secondary.table.core.windows.net\n68390a19-a643-458b-b726-408abf67b4fc\nSanitized\n72f988bf-86f1-41af-91ab-2d7cd011db47\nhttps://login.microsoftonline.com/\nCloud\nBlobEndpoint=http://seanstagehierarchical.blob.core.windows.net/;QueueEndpoint=http://seanstagehierarchical.queue.core.windows.net/;FileEndpoint=http://seanstagehierarchical.file.core.windows.net/;BlobSecondaryEndpoint=http://seanstagehierarchical-secondary.blob.core.windows.net/;QueueSecondaryEndpoint=http://seanstagehierarchical-secondary.queue.core.windows.net/;FileSecondaryEndpoint=http://seanstagehierarchical-secondary.file.core.windows.net/;AccountName=seanstagehierarchical;AccountKey=Sanitized\n"
  }
}