{
  "Entries": [
    {
      "RequestUri": "https://kasobolcanaryhns.blob.core.windows.net/test-filesystem-0f430e4e-4c13-4d04-d1ec-70f712abf16e?restype=container",
      "RequestMethod": "PUT",
      "RequestHeaders": {
        "Authorization": "Sanitized",
        "traceparent": "00-cef4bb35e9a0954b8dc0d6d971592810-2e04ab672b96dd44-00",
        "User-Agent": [
          "azsdk-net-Storage.Files.DataLake/12.6.0-alpha.20201218.1",
          "(.NET Framework 4.8.4250.0; Microsoft Windows 10.0.19042 )"
        ],
        "x-ms-blob-public-access": "container",
        "x-ms-client-request-id": "fb14f9a6-2cc1-a659-4ad4-dd957026815c",
        "x-ms-date": "Fri, 18 Dec 2020 22:07:54 GMT",
        "x-ms-return-client-request-id": "true",
        "x-ms-version": "2020-04-08"
      },
      "RequestBody": null,
      "StatusCode": 201,
      "ResponseHeaders": {
        "Content-Length": "0",
        "Date": "Fri, 18 Dec 2020 22:07:54 GMT",
        "ETag": "\u00220x8D8A3A15E77F1D3\u0022",
        "Last-Modified": "Fri, 18 Dec 2020 22:07:54 GMT",
        "Server": [
          "Windows-Azure-Blob/1.0",
          "Microsoft-HTTPAPI/2.0"
        ],
        "x-ms-client-request-id": "fb14f9a6-2cc1-a659-4ad4-dd957026815c",
        "x-ms-request-id": "da3bb225-c01e-0026-068a-d505b8000000",
        "x-ms-version": "2020-04-08"
      },
      "ResponseBody": []
    },
    {
      "RequestUri": "https://kasobolcanaryhns.blob.core.windows.net/test-filesystem-0f430e4e-4c13-4d04-d1ec-70f712abf16e?restype=container\u0026sv=2020-04-08\u0026ss=b\u0026srt=sco\u0026st=2020-12-18T21:07:54Z\u0026se=2020-12-18T23:07:54Z\u0026sp=rwdlac\u0026sig=Sanitized",
      "RequestMethod": "GET",
      "RequestHeaders": {
        "traceparent": "00-824442ebe0ad234ca038b6bed712b35a-990d33eae0e8c141-00",
        "User-Agent": [
          "azsdk-net-Storage.Files.DataLake/12.6.0-alpha.20201218.1",
          "(.NET Framework 4.8.4250.0; Microsoft Windows 10.0.19042 )"
        ],
        "x-ms-client-request-id": "195037f1-f597-14ad-9f86-e43d42240cde",
        "x-ms-return-client-request-id": "true",
        "x-ms-version": "2020-04-08"
      },
      "RequestBody": null,
      "StatusCode": 200,
      "ResponseHeaders": {
        "Content-Length": "0",
        "Date": "Fri, 18 Dec 2020 22:07:54 GMT",
        "ETag": "\u00220x8D8A3A15E77F1D3\u0022",
        "Last-Modified": "Fri, 18 Dec 2020 22:07:54 GMT",
        "Server": [
          "Windows-Azure-Blob/1.0",
          "Microsoft-HTTPAPI/2.0"
        ],
        "x-ms-blob-public-access": "container",
        "x-ms-client-request-id": "195037f1-f597-14ad-9f86-e43d42240cde",
        "x-ms-default-encryption-scope": "$account-encryption-key",
        "x-ms-deny-encryption-scope-override": "false",
        "x-ms-has-immutability-policy": "false",
        "x-ms-has-legal-hold": "false",
        "x-ms-lease-state": "available",
        "x-ms-lease-status": "unlocked",
        "x-ms-request-id": "b033660a-601e-0062-0a8a-d58f87000000",
        "x-ms-version": "2020-04-08"
      },
      "ResponseBody": []
    },
    {
      "RequestUri": "https://kasobolcanaryhns.blob.core.windows.net/test-filesystem-0f430e4e-4c13-4d04-d1ec-70f712abf16e?restype=container",
      "RequestMethod": "DELETE",
      "RequestHeaders": {
        "Authorization": "Sanitized",
        "traceparent": "00-5267843c80077a4db1aa9c9cc0638378-6379bdd5a86a5c42-00",
        "User-Agent": [
          "azsdk-net-Storage.Files.DataLake/12.6.0-alpha.20201218.1",
          "(.NET Framework 4.8.4250.0; Microsoft Windows 10.0.19042 )"
        ],
        "x-ms-client-request-id": "38a33a79-68d6-78c4-d099-e9792f01ea2f",
        "x-ms-date": "Fri, 18 Dec 2020 22:07:54 GMT",
        "x-ms-return-client-request-id": "true",
        "x-ms-version": "2020-04-08"
      },
      "RequestBody": null,
      "StatusCode": 202,
      "ResponseHeaders": {
        "Content-Length": "0",
        "Date": "Fri, 18 Dec 2020 22:07:54 GMT",
        "Server": [
          "Windows-Azure-Blob/1.0",
          "Microsoft-HTTPAPI/2.0"
        ],
        "x-ms-client-request-id": "38a33a79-68d6-78c4-d099-e9792f01ea2f",
        "x-ms-request-id": "da3bb2ff-c01e-0026-558a-d505b8000000",
        "x-ms-version": "2020-04-08"
      },
      "ResponseBody": []
    }
  ],
  "Variables": {
    "DateTimeOffsetNow": "2020-12-18T14:07:54.0331155-08:00",
    "RandomSeed": "1366619153",
    "Storage_TestConfigHierarchicalNamespace": "NamespaceTenant\nkasobolcanaryhns\nU2FuaXRpemVk\nhttps://kasobolcanaryhns.blob.core.windows.net\nhttps://kasobolcanaryhns.file.core.windows.net\nhttps://kasobolcanaryhns.queue.core.windows.net\nhttps://kasobolcanaryhns.table.core.windows.net\n\n\n\n\nhttps://kasobolcanaryhns-secondary.blob.core.windows.net\nhttps://kasobolcanaryhns-secondary.file.core.windows.net\nhttps://kasobolcanaryhns-secondary.queue.core.windows.net\nhttps://kasobolcanaryhns-secondary.table.core.windows.net\nc6b5fe1a-9b59-4975-92c4-d9f728c3c371\nSanitized\n72f988bf-86f1-41af-91ab-2d7cd011db47\nhttps://login.microsoftonline.com/\nCloud\nBlobEndpoint=https://kasobolcanaryhns.blob.core.windows.net/;QueueEndpoint=https://kasobolcanaryhns.queue.core.windows.net/;FileEndpoint=https://kasobolcanaryhns.file.core.windows.net/;BlobSecondaryEndpoint=https://kasobolcanaryhns-secondary.blob.core.windows.net/;QueueSecondaryEndpoint=https://kasobolcanaryhns-secondary.queue.core.windows.net/;FileSecondaryEndpoint=https://kasobolcanaryhns-secondary.file.core.windows.net/;AccountName=kasobolcanaryhns;AccountKey=Sanitized\n"
  }
}