{
  "Entries": [
    {
      "RequestUri": "http://seannse.blob.core.windows.net/test-filesystem-a1145e49-d068-1103-23a3-0284e9ee4ba2?restype=container",
      "RequestMethod": "PUT",
      "RequestHeaders": {
        "Authorization": "Sanitized",
        "traceparent": "00-c5450e7df39e0943b680f739ba80e375-36f32ee42f18fb4a-00",
        "User-Agent": [
          "azsdk-net-Storage.Files.DataLake/12.0.0-dev.20191119.1\u002B0501cb6105634e0df515eaf2468c892db8faa933",
          "(.NET Core 4.6.28008.01; Microsoft Windows 10.0.18363 )"
        ],
        "x-ms-client-request-id": "18f55702-5923-03ea-5802-3ef62c66c134",
        "x-ms-date": "Tue, 19 Nov 2019 23:58:48 GMT",
        "x-ms-return-client-request-id": "true",
        "x-ms-version": "2019-02-02"
      },
      "RequestBody": null,
      "StatusCode": 201,
      "ResponseHeaders": {
        "Content-Length": "0",
        "Date": "Tue, 19 Nov 2019 23:58:48 GMT",
        "ETag": "\u00220x8D76D4C6BBEE73C\u0022",
        "Last-Modified": "Tue, 19 Nov 2019 23:58:48 GMT",
        "Server": [
          "Windows-Azure-Blob/1.0",
          "Microsoft-HTTPAPI/2.0"
        ],
        "x-ms-client-request-id": "18f55702-5923-03ea-5802-3ef62c66c134",
        "x-ms-request-id": "851d7c0c-e01e-0084-3035-9f0d5e000000",
        "x-ms-version": "2019-02-02"
      },
      "ResponseBody": []
    },
    {
      "RequestUri": "http://seannse.blob.core.windows.net/test-filesystem-a1145e49-d068-1103-23a3-0284e9ee4ba2?comp=lease\u0026restype=container",
      "RequestMethod": "PUT",
      "RequestHeaders": {
        "Authorization": "Sanitized",
        "traceparent": "00-afe124cd0e88de408aabd0410b33810f-0b04ffbdd2c4014e-00",
        "User-Agent": [
          "azsdk-net-Storage.Files.DataLake/12.0.0-dev.20191119.1\u002B0501cb6105634e0df515eaf2468c892db8faa933",
          "(.NET Core 4.6.28008.01; Microsoft Windows 10.0.18363 )"
        ],
        "x-ms-client-request-id": "ca184e74-30e4-763b-8255-f1f649e51515",
        "x-ms-date": "Tue, 19 Nov 2019 23:58:49 GMT",
        "x-ms-lease-action": "acquire",
        "x-ms-lease-duration": "-1",
        "x-ms-proposed-lease-id": "918162de-32f9-5b7e-7abe-e806fa28f84e",
        "x-ms-return-client-request-id": "true",
        "x-ms-version": "2019-02-02"
      },
      "RequestBody": null,
      "StatusCode": 201,
      "ResponseHeaders": {
        "Content-Length": "0",
        "Date": "Tue, 19 Nov 2019 23:58:48 GMT",
        "ETag": "\u00220x8D76D4C6BBEE73C\u0022",
        "Last-Modified": "Tue, 19 Nov 2019 23:58:48 GMT",
        "Server": [
          "Windows-Azure-Blob/1.0",
          "Microsoft-HTTPAPI/2.0"
        ],
        "x-ms-client-request-id": "ca184e74-30e4-763b-8255-f1f649e51515",
        "x-ms-lease-id": "918162de-32f9-5b7e-7abe-e806fa28f84e",
        "x-ms-request-id": "851d7c40-e01e-0084-5d35-9f0d5e000000",
        "x-ms-version": "2019-02-02"
      },
      "ResponseBody": []
    },
    {
      "RequestUri": "http://seannse.blob.core.windows.net/test-filesystem-a1145e49-d068-1103-23a3-0284e9ee4ba2?restype=container\u0026comp=acl",
      "RequestMethod": "GET",
      "RequestHeaders": {
        "Authorization": "Sanitized",
        "traceparent": "00-25c838e45090c04d81965bc39dc16d9a-1263e2ce1b79e34a-00",
        "User-Agent": [
          "azsdk-net-Storage.Files.DataLake/12.0.0-dev.20191119.1\u002B0501cb6105634e0df515eaf2468c892db8faa933",
          "(.NET Core 4.6.28008.01; Microsoft Windows 10.0.18363 )"
        ],
        "x-ms-client-request-id": "ab92fd84-2e10-fb6a-9676-fe2d67f48786",
        "x-ms-date": "Tue, 19 Nov 2019 23:58:49 GMT",
        "x-ms-lease-id": "918162de-32f9-5b7e-7abe-e806fa28f84e",
        "x-ms-return-client-request-id": "true",
        "x-ms-version": "2019-02-02"
      },
      "RequestBody": null,
      "StatusCode": 200,
      "ResponseHeaders": {
        "Content-Type": "application/xml",
        "Date": "Tue, 19 Nov 2019 23:58:48 GMT",
        "ETag": "\u00220x8D76D4C6BBEE73C\u0022",
        "Last-Modified": "Tue, 19 Nov 2019 23:58:48 GMT",
        "Server": [
          "Windows-Azure-Blob/1.0",
          "Microsoft-HTTPAPI/2.0"
        ],
        "Transfer-Encoding": "chunked",
        "x-ms-client-request-id": "ab92fd84-2e10-fb6a-9676-fe2d67f48786",
        "x-ms-request-id": "851d7c47-e01e-0084-6435-9f0d5e000000",
        "x-ms-version": "2019-02-02"
      },
      "ResponseBody": "\uFEFF\u003C?xml version=\u00221.0\u0022 encoding=\u0022utf-8\u0022?\u003E\u003CSignedIdentifiers /\u003E"
    },
    {
      "RequestUri": "http://seannse.blob.core.windows.net/test-filesystem-a1145e49-d068-1103-23a3-0284e9ee4ba2?restype=container",
      "RequestMethod": "DELETE",
      "RequestHeaders": {
        "Authorization": "Sanitized",
        "traceparent": "00-ecd7e904d259104baca2991e88bd473c-007a7d2ad9848f4b-00",
        "User-Agent": [
          "azsdk-net-Storage.Files.DataLake/12.0.0-dev.20191119.1\u002B0501cb6105634e0df515eaf2468c892db8faa933",
          "(.NET Core 4.6.28008.01; Microsoft Windows 10.0.18363 )"
        ],
        "x-ms-client-request-id": "4b71e665-6953-c705-3452-61090d3f1f82",
        "x-ms-date": "Tue, 19 Nov 2019 23:58:49 GMT",
        "x-ms-lease-id": "918162de-32f9-5b7e-7abe-e806fa28f84e",
        "x-ms-return-client-request-id": "true",
        "x-ms-version": "2019-02-02"
      },
      "RequestBody": null,
      "StatusCode": 202,
      "ResponseHeaders": {
        "Content-Length": "0",
        "Date": "Tue, 19 Nov 2019 23:58:48 GMT",
        "Server": [
          "Windows-Azure-Blob/1.0",
          "Microsoft-HTTPAPI/2.0"
        ],
        "x-ms-client-request-id": "4b71e665-6953-c705-3452-61090d3f1f82",
        "x-ms-request-id": "851d7c52-e01e-0084-6c35-9f0d5e000000",
        "x-ms-version": "2019-02-02"
      },
      "ResponseBody": []
    }
  ],
  "Variables": {
    "RandomSeed": "677516491",
    "Storage_TestConfigHierarchicalNamespace": "NamespaceTenant\nseannse\nU2FuaXRpemVk\nhttp://seannse.blob.core.windows.net\nhttp://seannse.file.core.windows.net\nhttp://seannse.queue.core.windows.net\nhttp://seannse.table.core.windows.net\n\n\n\n\nhttp://seannse-secondary.blob.core.windows.net\nhttp://seannse-secondary.file.core.windows.net\nhttp://seannse-secondary.queue.core.windows.net\nhttp://seannse-secondary.table.core.windows.net\n68390a19-a643-458b-b726-408abf67b4fc\nSanitized\n72f988bf-86f1-41af-91ab-2d7cd011db47\nhttps://login.microsoftonline.com/\nCloud\nBlobEndpoint=http://seannse.blob.core.windows.net/;QueueEndpoint=http://seannse.queue.core.windows.net/;TableEndpoint=http://seannse.table.core.windows.net/;FileEndpoint=http://seannse.file.core.windows.net/;BlobSecondaryEndpoint=http://seannse-secondary.blob.core.windows.net/;QueueSecondaryEndpoint=http://seannse-secondary.queue.core.windows.net/;TableSecondaryEndpoint=http://seannse-secondary.table.core.windows.net/;FileSecondaryEndpoint=http://seannse-secondary.file.core.windows.net/;AccountName=seannse;AccountKey=Sanitized"
  }
}