{
  "Entries": [
    {
      "RequestUri": "http://seannsecanary.blob.core.windows.net/test-filesystem-be8b49d1-87e0-e765-47f0-612f70ea3443?restype=container",
      "RequestMethod": "PUT",
      "RequestHeaders": {
        "Accept": "application/xml",
        "Authorization": "Sanitized",
        "traceparent": "00-b26e5b37bb92304192a125d94ab133e8-3a64335b156a1d40-00",
        "User-Agent": [
          "azsdk-net-Storage.Files.DataLake/12.7.0-alpha.20210323.1",
          "(.NET 5.0.4; Microsoft Windows 10.0.19042)"
        ],
        "x-ms-blob-public-access": "container",
        "x-ms-client-request-id": "90158c1f-5052-8797-367d-b9ef7b3b9244",
        "x-ms-date": "Tue, 23 Mar 2021 19:47:24 GMT",
        "x-ms-return-client-request-id": "true",
        "x-ms-version": "2020-08-04"
      },
      "RequestBody": null,
      "StatusCode": 201,
      "ResponseHeaders": {
        "Content-Length": "0",
        "Date": "Tue, 23 Mar 2021 19:47:23 GMT",
        "ETag": "\u00220x8D8EE347AF3408F\u0022",
        "Last-Modified": "Tue, 23 Mar 2021 19:47:24 GMT",
        "Server": [
          "Windows-Azure-Blob/1.0",
          "Microsoft-HTTPAPI/2.0"
        ],
        "x-ms-client-request-id": "90158c1f-5052-8797-367d-b9ef7b3b9244",
        "x-ms-request-id": "e68cd601-201e-004c-701d-20dd90000000",
        "x-ms-version": "2020-08-04"
      },
      "ResponseBody": []
    },
    {
      "RequestUri": "http://seannsecanary.dfs.core.windows.net/test-filesystem-be8b49d1-87e0-e765-47f0-612f70ea3443/test-directory-bcc95157-02dc-c27c-5012-f96385991973?resource=directory",
      "RequestMethod": "PUT",
      "RequestHeaders": {
        "Accept": "application/json",
        "Authorization": "Sanitized",
        "traceparent": "00-6d7352b93d88f74e98f2c14bd044290b-1b2a3472e6ea0743-00",
        "User-Agent": [
          "azsdk-net-Storage.Files.DataLake/12.7.0-alpha.20210323.1",
          "(.NET 5.0.4; Microsoft Windows 10.0.19042)"
        ],
        "x-ms-client-request-id": "7c74bdea-5a0a-1cfe-1053-40405633029c",
        "x-ms-date": "Tue, 23 Mar 2021 19:47:24 GMT",
        "x-ms-return-client-request-id": "true",
        "x-ms-version": "2020-08-04"
      },
      "RequestBody": null,
      "StatusCode": 201,
      "ResponseHeaders": {
        "Content-Length": "0",
        "Date": "Tue, 23 Mar 2021 19:47:23 GMT",
        "ETag": "\u00220x8D8EE347B08C5A9\u0022",
        "Last-Modified": "Tue, 23 Mar 2021 19:47:24 GMT",
        "Server": [
          "Windows-Azure-HDFS/1.0",
          "Microsoft-HTTPAPI/2.0"
        ],
        "x-ms-client-request-id": "7c74bdea-5a0a-1cfe-1053-40405633029c",
        "x-ms-request-id": "9c1f5863-001f-0080-0a1d-20b2a6000000",
        "x-ms-version": "2020-08-04"
      },
      "ResponseBody": []
    },
    {
      "RequestUri": "http://seannsecanary.dfs.core.windows.net/test-filesystem-be8b49d1-87e0-e765-47f0-612f70ea3443/test-directory-bcc95157-02dc-c27c-5012-f96385991973/test-file-f4164563-ad2b-b36f-61a7-600e64ce6c47?resource=file",
      "RequestMethod": "PUT",
      "RequestHeaders": {
        "Accept": "application/json",
        "Authorization": "Sanitized",
        "traceparent": "00-d03fd0496999e54bb9e75175797c25f1-6aac11557bba6248-00",
        "User-Agent": [
          "azsdk-net-Storage.Files.DataLake/12.7.0-alpha.20210323.1",
          "(.NET 5.0.4; Microsoft Windows 10.0.19042)"
        ],
        "x-ms-client-request-id": "104a02cb-09f2-3c5e-4ec1-1b63faf0b842",
        "x-ms-date": "Tue, 23 Mar 2021 19:47:24 GMT",
        "x-ms-return-client-request-id": "true",
        "x-ms-version": "2020-08-04"
      },
      "RequestBody": null,
      "StatusCode": 201,
      "ResponseHeaders": {
        "Content-Length": "0",
        "Date": "Tue, 23 Mar 2021 19:47:23 GMT",
        "ETag": "\u00220x8D8EE347B1BC372\u0022",
        "Last-Modified": "Tue, 23 Mar 2021 19:47:24 GMT",
        "Server": [
          "Windows-Azure-HDFS/1.0",
          "Microsoft-HTTPAPI/2.0"
        ],
        "x-ms-client-request-id": "104a02cb-09f2-3c5e-4ec1-1b63faf0b842",
        "x-ms-request-id": "9c1f5864-001f-0080-0b1d-20b2a6000000",
        "x-ms-version": "2020-08-04"
      },
      "ResponseBody": []
    },
    {
      "RequestUri": "http://seannsecanary.dfs.core.windows.net/test-filesystem-be8b49d1-87e0-e765-47f0-612f70ea3443/test-directory-bcc95157-02dc-c27c-5012-f96385991973/test-file-f4164563-ad2b-b36f-61a7-600e64ce6c47",
      "RequestMethod": "DELETE",
      "RequestHeaders": {
        "Accept": "application/json",
        "Authorization": "Sanitized",
        "traceparent": "00-1d2f91372b42684a8f9595ee33be2b6b-f0b25c3173b52744-00",
        "User-Agent": [
          "azsdk-net-Storage.Files.DataLake/12.7.0-alpha.20210323.1",
          "(.NET 5.0.4; Microsoft Windows 10.0.19042)"
        ],
        "x-ms-client-request-id": "624336db-5b83-0a54-113d-796382058598",
        "x-ms-date": "Tue, 23 Mar 2021 19:47:24 GMT",
        "x-ms-return-client-request-id": "true",
        "x-ms-version": "2020-08-04"
      },
      "RequestBody": null,
      "StatusCode": 200,
      "ResponseHeaders": {
        "Content-Length": "0",
        "Date": "Tue, 23 Mar 2021 19:47:23 GMT",
        "Server": [
          "Windows-Azure-HDFS/1.0",
          "Microsoft-HTTPAPI/2.0"
        ],
        "x-ms-client-request-id": "624336db-5b83-0a54-113d-796382058598",
        "x-ms-delete-type-permanent": "false",
        "x-ms-deletion-id": "132610024444829381",
        "x-ms-request-id": "9c1f5865-001f-0080-0c1d-20b2a6000000",
        "x-ms-version": "2020-08-04"
      },
      "ResponseBody": []
    },
    {
      "RequestUri": "http://seannsecanary.dfs.core.windows.net/test-filesystem-be8b49d1-87e0-e765-47f0-612f70ea3443/test-file-699a913b-e484-9070-8b84-345c9d266261?resource=file",
      "RequestMethod": "PUT",
      "RequestHeaders": {
        "Accept": "application/json",
        "Authorization": "Sanitized",
        "traceparent": "00-73359c6057d747489d695e0bac096735-3b04387cb8db5c40-00",
        "User-Agent": [
          "azsdk-net-Storage.Files.DataLake/12.7.0-alpha.20210323.1",
          "(.NET 5.0.4; Microsoft Windows 10.0.19042)"
        ],
        "x-ms-client-request-id": "47fcd311-e652-f72b-c6b2-d7ff27f76dea",
        "x-ms-date": "Tue, 23 Mar 2021 19:47:24 GMT",
        "x-ms-return-client-request-id": "true",
        "x-ms-version": "2020-08-04"
      },
      "RequestBody": null,
      "StatusCode": 201,
      "ResponseHeaders": {
        "Content-Length": "0",
        "Date": "Tue, 23 Mar 2021 19:47:23 GMT",
        "ETag": "\u00220x8D8EE347B37831A\u0022",
        "Last-Modified": "Tue, 23 Mar 2021 19:47:24 GMT",
        "Server": [
          "Windows-Azure-HDFS/1.0",
          "Microsoft-HTTPAPI/2.0"
        ],
        "x-ms-client-request-id": "47fcd311-e652-f72b-c6b2-d7ff27f76dea",
        "x-ms-request-id": "9c1f5866-001f-0080-0d1d-20b2a6000000",
        "x-ms-version": "2020-08-04"
      },
      "ResponseBody": []
    },
    {
      "RequestUri": "http://seannsecanary.dfs.core.windows.net/test-filesystem-be8b49d1-87e0-e765-47f0-612f70ea3443/test-file-699a913b-e484-9070-8b84-345c9d266261",
      "RequestMethod": "DELETE",
      "RequestHeaders": {
        "Accept": "application/json",
        "Authorization": "Sanitized",
        "traceparent": "00-f841f7b9d1687244adebeb1b1196e558-99762c44293cd046-00",
        "User-Agent": [
          "azsdk-net-Storage.Files.DataLake/12.7.0-alpha.20210323.1",
          "(.NET 5.0.4; Microsoft Windows 10.0.19042)"
        ],
        "x-ms-client-request-id": "ca4a5e41-1a2a-8b0e-3e90-fcfa7ebe63ad",
        "x-ms-date": "Tue, 23 Mar 2021 19:47:24 GMT",
        "x-ms-return-client-request-id": "true",
        "x-ms-version": "2020-08-04"
      },
      "RequestBody": null,
      "StatusCode": 200,
      "ResponseHeaders": {
        "Content-Length": "0",
        "Date": "Tue, 23 Mar 2021 19:47:23 GMT",
        "Server": [
          "Windows-Azure-HDFS/1.0",
          "Microsoft-HTTPAPI/2.0"
        ],
        "x-ms-client-request-id": "ca4a5e41-1a2a-8b0e-3e90-fcfa7ebe63ad",
        "x-ms-delete-type-permanent": "false",
        "x-ms-deletion-id": "132610024446455826",
        "x-ms-request-id": "9c1f5867-001f-0080-0e1d-20b2a6000000",
        "x-ms-version": "2020-08-04"
      },
      "ResponseBody": []
    },
    {
      "RequestUri": "http://seannsecanary.blob.core.windows.net/test-filesystem-be8b49d1-87e0-e765-47f0-612f70ea3443?restype=container\u0026comp=list\u0026prefix=test-directory-bcc95157-02dc-c27c-5012-f96385991973\u0026showonly=deleted",
      "RequestMethod": "GET",
      "RequestHeaders": {
        "Accept": "application/xml",
        "Authorization": "Sanitized",
        "traceparent": "00-e10565de67b4d1498792aae524707b66-b93993b5d6c2b345-00",
        "User-Agent": [
          "azsdk-net-Storage.Files.DataLake/12.7.0-alpha.20210323.1",
          "(.NET 5.0.4; Microsoft Windows 10.0.19042)"
        ],
        "x-ms-client-request-id": "c9be5fe2-a2ac-bfc0-0967-d9edc4f06715",
        "x-ms-date": "Tue, 23 Mar 2021 19:47:24 GMT",
        "x-ms-return-client-request-id": "true",
        "x-ms-version": "2020-08-04"
      },
      "RequestBody": null,
      "StatusCode": 200,
      "ResponseHeaders": {
        "Content-Type": "application/xml",
        "Date": "Tue, 23 Mar 2021 19:47:24 GMT",
        "Server": [
          "Windows-Azure-Blob/1.0",
          "Microsoft-HTTPAPI/2.0"
        ],
        "Transfer-Encoding": "chunked",
        "x-ms-client-request-id": "c9be5fe2-a2ac-bfc0-0967-d9edc4f06715",
        "x-ms-request-id": "e68cd6b7-201e-004c-0b1d-20dd90000000",
        "x-ms-version": "2020-08-04"
      },
      "ResponseBody": "\uFEFF\u003C?xml version=\u00221.0\u0022 encoding=\u0022utf-8\u0022?\u003E\u003CEnumerationResults ServiceEndpoint=\u0022http://seannsecanary.blob.core.windows.net/\u0022 ContainerName=\u0022test-filesystem-be8b49d1-87e0-e765-47f0-612f70ea3443\u0022\u003E\u003CPrefix\u003Etest-directory-bcc95157-02dc-c27c-5012-f96385991973\u003C/Prefix\u003E\u003CBlobs\u003E\u003CBlob\u003E\u003CName\u003Etest-directory-bcc95157-02dc-c27c-5012-f96385991973/test-file-f4164563-ad2b-b36f-61a7-600e64ce6c47\u003C/Name\u003E\u003CDeletionId\u003E132610024444829381\u003C/DeletionId\u003E\u003CDeleted\u003Etrue\u003C/Deleted\u003E\u003CProperties\u003E\u003CCreation-Time\u003ETue, 23 Mar 2021 19:47:24 GMT\u003C/Creation-Time\u003E\u003CLast-Modified\u003ETue, 23 Mar 2021 19:47:24 GMT\u003C/Last-Modified\u003E\u003CExpiry-Time\u003ETue, 30 Mar 2021 19:47:24 GMT\u003C/Expiry-Time\u003E\u003CEtag\u003E0x8D8EE347B1BC372\u003C/Etag\u003E\u003CContent-Length\u003E0\u003C/Content-Length\u003E\u003CContent-Type\u003Eapplication/octet-stream\u003C/Content-Type\u003E\u003CContent-Encoding /\u003E\u003CContent-Language /\u003E\u003CContent-CRC64\u003EAAAAAAAAAAA=\u003C/Content-CRC64\u003E\u003CContent-MD5 /\u003E\u003CCache-Control /\u003E\u003CContent-Disposition /\u003E\u003CBlobType\u003EBlockBlob\u003C/BlobType\u003E\u003CAccessTier\u003EHot\u003C/AccessTier\u003E\u003CAccessTierInferred\u003Etrue\u003C/AccessTierInferred\u003E\u003CServerEncrypted\u003Etrue\u003C/ServerEncrypted\u003E\u003CDeletedTime\u003ETue, 23 Mar 2021 19:47:24 GMT\u003C/DeletedTime\u003E\u003CRemainingRetentionDays\u003E6\u003C/RemainingRetentionDays\u003E\u003C/Properties\u003E\u003COrMetadata /\u003E\u003C/Blob\u003E\u003C/Blobs\u003E\u003CNextMarker /\u003E\u003C/EnumerationResults\u003E"
    },
    {
      "RequestUri": "http://seannsecanary.blob.core.windows.net/test-filesystem-be8b49d1-87e0-e765-47f0-612f70ea3443?restype=container",
      "RequestMethod": "DELETE",
      "RequestHeaders": {
        "Accept": "application/xml",
        "Authorization": "Sanitized",
        "traceparent": "00-19453745e2268241be19fa36516e5c20-9dbfdf370fed9e40-00",
        "User-Agent": [
          "azsdk-net-Storage.Files.DataLake/12.7.0-alpha.20210323.1",
          "(.NET 5.0.4; Microsoft Windows 10.0.19042)"
        ],
        "x-ms-client-request-id": "1e172aa7-9a00-1000-29e1-9fb9506b8af8",
        "x-ms-date": "Tue, 23 Mar 2021 19:47:25 GMT",
        "x-ms-return-client-request-id": "true",
        "x-ms-version": "2020-08-04"
      },
      "RequestBody": null,
      "StatusCode": 202,
      "ResponseHeaders": {
        "Content-Length": "0",
        "Date": "Tue, 23 Mar 2021 19:47:24 GMT",
        "Server": [
          "Windows-Azure-Blob/1.0",
          "Microsoft-HTTPAPI/2.0"
        ],
        "x-ms-client-request-id": "1e172aa7-9a00-1000-29e1-9fb9506b8af8",
        "x-ms-request-id": "e68cd6d4-201e-004c-211d-20dd90000000",
        "x-ms-version": "2020-08-04"
      },
      "ResponseBody": []
    }
  ],
  "Variables": {
    "RandomSeed": "553244302",
    "Storage_TestConfigHierarchicalNamespace": "NamespaceTenant\nseannsecanary\nU2FuaXRpemVk\nhttp://seannsecanary.blob.core.windows.net\nhttp://seannsecanary.file.core.windows.net\nhttp://seannsecanary.queue.core.windows.net\nhttp://seannsecanary.table.core.windows.net\n\n\n\n\nhttp://seannsecanary-secondary.blob.core.windows.net\nhttp://seannsecanary-secondary.file.core.windows.net\nhttp://seannsecanary-secondary.queue.core.windows.net\nhttp://seannsecanary-secondary.table.core.windows.net\n68390a19-a643-458b-b726-408abf67b4fc\nSanitized\n72f988bf-86f1-41af-91ab-2d7cd011db47\nhttps://login.microsoftonline.com/\nCloud\nBlobEndpoint=http://seannsecanary.blob.core.windows.net/;QueueEndpoint=http://seannsecanary.queue.core.windows.net/;FileEndpoint=http://seannsecanary.file.core.windows.net/;BlobSecondaryEndpoint=http://seannsecanary-secondary.blob.core.windows.net/;QueueSecondaryEndpoint=http://seannsecanary-secondary.queue.core.windows.net/;FileSecondaryEndpoint=http://seannsecanary-secondary.file.core.windows.net/;AccountName=seannsecanary;AccountKey=Sanitized\n"
  }
}