{
  "Entries": [
    {
      "RequestUri": "http://seannsecanary.blob.core.windows.net/test-filesystem-556ac50c-920c-19dd-1723-aa78c88b3a2b?restype=container",
      "RequestMethod": "PUT",
      "RequestHeaders": {
        "Authorization": "Sanitized",
        "traceparent": "00-ff9002bf405cb343a2c0b2d831f72722-adb3083e21ecaf4a-00",
        "User-Agent": [
          "azsdk-net-Storage.Files.DataLake/12.1.0-dev.20200403.1",
          "(.NET Core 4.6.28325.01; Microsoft Windows 10.0.18362 )"
        ],
        "x-ms-blob-public-access": "container",
        "x-ms-client-request-id": "ef37ac44-d98c-37c0-0a7f-be567ea37bed",
        "x-ms-date": "Fri, 03 Apr 2020 21:04:37 GMT",
        "x-ms-return-client-request-id": "true",
        "x-ms-version": "2020-04-08"
      },
      "RequestBody": null,
      "StatusCode": 201,
      "ResponseHeaders": {
        "Content-Length": "0",
        "Date": "Fri, 03 Apr 2020 21:04:35 GMT",
        "ETag": "\u00220x8D7D8129D62F48D\u0022",
        "Last-Modified": "Fri, 03 Apr 2020 21:04:35 GMT",
        "Server": [
          "Windows-Azure-Blob/1.0",
          "Microsoft-HTTPAPI/2.0"
        ],
        "x-ms-client-request-id": "ef37ac44-d98c-37c0-0a7f-be567ea37bed",
        "x-ms-request-id": "96229649-f01e-0012-58fb-093670000000",
        "x-ms-version": "2020-04-08"
      },
      "ResponseBody": []
    },
    {
      "RequestUri": "http://seannsecanary.blob.core.windows.net/test-filesystem-556ac50c-920c-19dd-1723-aa78c88b3a2b?restype=container",
      "RequestMethod": "GET",
      "RequestHeaders": {
        "Authorization": "Sanitized",
        "traceparent": "00-b1b235b48674a440b62714599180c5c2-a2e81f1361ac7a4e-00",
        "User-Agent": [
          "azsdk-net-Storage.Files.DataLake/12.1.0-dev.20200403.1",
          "(.NET Core 4.6.28325.01; Microsoft Windows 10.0.18362 )"
        ],
        "x-ms-client-request-id": "1b3395e9-4a54-7b9e-b298-4870d0e0ebd4",
        "x-ms-date": "Fri, 03 Apr 2020 21:04:37 GMT",
        "x-ms-return-client-request-id": "true",
        "x-ms-version": "2020-04-08"
      },
      "RequestBody": null,
      "StatusCode": 200,
      "ResponseHeaders": {
        "Content-Length": "0",
        "Date": "Fri, 03 Apr 2020 21:04:35 GMT",
        "ETag": "\u00220x8D7D8129D62F48D\u0022",
        "Last-Modified": "Fri, 03 Apr 2020 21:04:35 GMT",
        "Server": [
          "Windows-Azure-Blob/1.0",
          "Microsoft-HTTPAPI/2.0"
        ],
        "x-ms-blob-public-access": "container",
        "x-ms-client-request-id": "1b3395e9-4a54-7b9e-b298-4870d0e0ebd4",
        "x-ms-default-encryption-scope": "$account-encryption-key",
        "x-ms-deny-encryption-scope-override": "false",
        "x-ms-has-immutability-policy": "false",
        "x-ms-has-legal-hold": "false",
        "x-ms-lease-state": "available",
        "x-ms-lease-status": "unlocked",
        "x-ms-request-id": "96229652-f01e-0012-5ffb-093670000000",
        "x-ms-version": "2020-04-08"
      },
      "ResponseBody": []
    },
    {
      "RequestUri": "http://seannsecanary.blob.core.windows.net/test-filesystem-556ac50c-920c-19dd-1723-aa78c88b3a2b?restype=container",
      "RequestMethod": "DELETE",
      "RequestHeaders": {
        "Authorization": "Sanitized",
        "traceparent": "00-34a3dea398f063489e669b028620a339-d3e7702d0a746a4d-00",
        "User-Agent": [
          "azsdk-net-Storage.Files.DataLake/12.1.0-dev.20200403.1",
          "(.NET Core 4.6.28325.01; Microsoft Windows 10.0.18362 )"
        ],
        "x-ms-client-request-id": "e86c9e45-606f-4398-0569-d69708c3adad",
        "x-ms-date": "Fri, 03 Apr 2020 21:04:37 GMT",
        "x-ms-return-client-request-id": "true",
        "x-ms-version": "2020-04-08"
      },
      "RequestBody": null,
      "StatusCode": 202,
      "ResponseHeaders": {
        "Content-Length": "0",
        "Date": "Fri, 03 Apr 2020 21:04:35 GMT",
        "Server": [
          "Windows-Azure-Blob/1.0",
          "Microsoft-HTTPAPI/2.0"
        ],
        "x-ms-client-request-id": "e86c9e45-606f-4398-0569-d69708c3adad",
        "x-ms-request-id": "96229660-f01e-0012-6cfb-093670000000",
        "x-ms-version": "2020-04-08"
      },
      "ResponseBody": []
    }
  ],
  "Variables": {
    "RandomSeed": "343078498",
    "Storage_TestConfigHierarchicalNamespace": "NamespaceTenant\nseannsecanary\nU2FuaXRpemVk\nhttp://seannsecanary.blob.core.windows.net\nhttp://seannsecanary.file.core.windows.net\nhttp://seannsecanary.queue.core.windows.net\nhttp://seannsecanary.table.core.windows.net\n\n\n\n\nhttp://seannsecanary-secondary.blob.core.windows.net\nhttp://seannsecanary-secondary.file.core.windows.net\nhttp://seannsecanary-secondary.queue.core.windows.net\nhttp://seannsecanary-secondary.table.core.windows.net\n68390a19-a643-458b-b726-408abf67b4fc\nSanitized\n72f988bf-86f1-41af-91ab-2d7cd011db47\nhttps://login.microsoftonline.com/\nCloud\nBlobEndpoint=http://seannsecanary.blob.core.windows.net/;QueueEndpoint=http://seannsecanary.queue.core.windows.net/;FileEndpoint=http://seannsecanary.file.core.windows.net/;BlobSecondaryEndpoint=http://seannsecanary-secondary.blob.core.windows.net/;QueueSecondaryEndpoint=http://seannsecanary-secondary.queue.core.windows.net/;FileSecondaryEndpoint=http://seannsecanary-secondary.file.core.windows.net/;AccountName=seannsecanary;AccountKey=Sanitized\n"
  }
}