{
  "Entries": [
    {
      "RequestUri": "http://seannse.blob.core.windows.net/test-filesystem-402ac088-b363-7d60-ef2d-493d9d5ddcde?restype=container",
      "RequestMethod": "PUT",
      "RequestHeaders": {
        "Authorization": "Sanitized",
        "traceparent": "00-b2d26a068b27034e80241438672da53f-4f7a3c6e7fa6804c-00",
        "User-Agent": [
          "azsdk-net-Storage.Files.DataLake/12.0.0-dev.20191018.1\u002B208b3446540844b7c7a794de85040d2515e86e1a",
          "(.NET Core 4.6.28008.01; Microsoft Windows 10.0.18363 )"
        ],
        "x-ms-client-request-id": "1b21fa40-a869-687a-ee8f-4e15f48accde",
        "x-ms-date": "Fri, 18 Oct 2019 21:29:45 GMT",
        "x-ms-return-client-request-id": "true",
        "x-ms-version": "2019-02-02"
      },
      "RequestBody": null,
      "StatusCode": 201,
      "ResponseHeaders": {
        "Content-Length": "0",
        "Date": "Fri, 18 Oct 2019 21:29:45 GMT",
        "ETag": "\u00220x8D754124BEDBD2F\u0022",
        "Last-Modified": "Fri, 18 Oct 2019 21:29:45 GMT",
        "Server": [
          "Windows-Azure-Blob/1.0",
          "Microsoft-HTTPAPI/2.0"
        ],
        "x-ms-client-request-id": "1b21fa40-a869-687a-ee8f-4e15f48accde",
        "x-ms-request-id": "9923cb54-401e-0046-0afb-854bd8000000",
        "x-ms-version": "2019-02-02"
      },
      "ResponseBody": []
    },
    {
      "RequestUri": "http://seannse.blob.core.windows.net/test-filesystem-402ac088-b363-7d60-ef2d-493d9d5ddcde?comp=lease\u0026restype=container",
      "RequestMethod": "PUT",
      "RequestHeaders": {
        "Authorization": "Sanitized",
        "traceparent": "00-a11883066b80b74b92867b87053a90a8-78ab92226836114e-00",
        "User-Agent": [
          "azsdk-net-Storage.Files.DataLake/12.0.0-dev.20191018.1\u002B208b3446540844b7c7a794de85040d2515e86e1a",
          "(.NET Core 4.6.28008.01; Microsoft Windows 10.0.18363 )"
        ],
        "x-ms-client-request-id": "749b86e1-c709-f353-bc00-e5f172c619bd",
        "x-ms-date": "Fri, 18 Oct 2019 21:29:45 GMT",
        "x-ms-lease-action": "acquire",
        "x-ms-lease-duration": "15",
        "x-ms-proposed-lease-id": "4f44bc93-4d79-203e-3577-35b44f304ca1",
        "x-ms-return-client-request-id": "true",
        "x-ms-version": "2019-02-02"
      },
      "RequestBody": null,
      "StatusCode": 201,
      "ResponseHeaders": {
        "Content-Length": "0",
        "Date": "Fri, 18 Oct 2019 21:29:45 GMT",
        "ETag": "\u00220x8D754124BEDBD2F\u0022",
        "Last-Modified": "Fri, 18 Oct 2019 21:29:45 GMT",
        "Server": [
          "Windows-Azure-Blob/1.0",
          "Microsoft-HTTPAPI/2.0"
        ],
        "x-ms-client-request-id": "749b86e1-c709-f353-bc00-e5f172c619bd",
        "x-ms-lease-id": "4f44bc93-4d79-203e-3577-35b44f304ca1",
        "x-ms-request-id": "9923cb7e-401e-0046-30fb-854bd8000000",
        "x-ms-version": "2019-02-02"
      },
      "ResponseBody": []
    },
    {
      "RequestUri": "http://seannse.blob.core.windows.net/test-filesystem-402ac088-b363-7d60-ef2d-493d9d5ddcde?comp=lease\u0026restype=container",
      "RequestMethod": "PUT",
      "RequestHeaders": {
        "Authorization": "Sanitized",
        "If-Modified-Since": "Sat, 19 Oct 2019 21:29:45 GMT",
        "traceparent": "00-3655bb66d3b8704087e068bdb14e55d8-2e4c07d94ecbe647-00",
        "User-Agent": [
          "azsdk-net-Storage.Files.DataLake/12.0.0-dev.20191018.1\u002B208b3446540844b7c7a794de85040d2515e86e1a",
          "(.NET Core 4.6.28008.01; Microsoft Windows 10.0.18363 )"
        ],
        "x-ms-client-request-id": "c9d2b5b9-d894-4e98-2909-e63cdb84c9ea",
        "x-ms-date": "Fri, 18 Oct 2019 21:29:45 GMT",
        "x-ms-lease-action": "release",
        "x-ms-lease-id": "4f44bc93-4d79-203e-3577-35b44f304ca1",
        "x-ms-return-client-request-id": "true",
        "x-ms-version": "2019-02-02"
      },
      "RequestBody": null,
      "StatusCode": 412,
      "ResponseHeaders": {
        "Content-Length": "252",
        "Content-Type": "application/xml",
        "Date": "Fri, 18 Oct 2019 21:29:45 GMT",
        "Server": [
          "Windows-Azure-Blob/1.0",
          "Microsoft-HTTPAPI/2.0"
        ],
        "x-ms-client-request-id": "c9d2b5b9-d894-4e98-2909-e63cdb84c9ea",
        "x-ms-error-code": "ConditionNotMet",
        "x-ms-request-id": "9923cb8c-401e-0046-3efb-854bd8000000",
        "x-ms-version": "2019-02-02"
      },
      "ResponseBody": [
        "\uFEFF\u003C?xml version=\u00221.0\u0022 encoding=\u0022utf-8\u0022?\u003E\u003CError\u003E\u003CCode\u003EConditionNotMet\u003C/Code\u003E\u003CMessage\u003EThe condition specified using HTTP conditional header(s) is not met.\n",
        "RequestId:9923cb8c-401e-0046-3efb-854bd8000000\n",
        "Time:2019-10-18T21:29:45.6651005Z\u003C/Message\u003E\u003C/Error\u003E"
      ]
    },
    {
      "RequestUri": "http://seannse.blob.core.windows.net/test-filesystem-402ac088-b363-7d60-ef2d-493d9d5ddcde?restype=container",
      "RequestMethod": "DELETE",
      "RequestHeaders": {
        "Authorization": "Sanitized",
        "traceparent": "00-cce9cc31c544da43bbc8a1e6c2f3e481-3fc36e8168d7c444-00",
        "User-Agent": [
          "azsdk-net-Storage.Files.DataLake/12.0.0-dev.20191018.1\u002B208b3446540844b7c7a794de85040d2515e86e1a",
          "(.NET Core 4.6.28008.01; Microsoft Windows 10.0.18363 )"
        ],
        "x-ms-client-request-id": "bc3826fa-4ff3-6b29-13b0-4e844465f7c2",
        "x-ms-date": "Fri, 18 Oct 2019 21:29:45 GMT",
        "x-ms-lease-id": "4f44bc93-4d79-203e-3577-35b44f304ca1",
        "x-ms-return-client-request-id": "true",
        "x-ms-version": "2019-02-02"
      },
      "RequestBody": null,
      "StatusCode": 202,
      "ResponseHeaders": {
        "Content-Length": "0",
        "Date": "Fri, 18 Oct 2019 21:29:45 GMT",
        "Server": [
          "Windows-Azure-Blob/1.0",
          "Microsoft-HTTPAPI/2.0"
        ],
        "x-ms-client-request-id": "bc3826fa-4ff3-6b29-13b0-4e844465f7c2",
        "x-ms-request-id": "9923cb9c-401e-0046-4dfb-854bd8000000",
        "x-ms-version": "2019-02-02"
      },
      "ResponseBody": []
    },
    {
      "RequestUri": "http://seannse.blob.core.windows.net/test-filesystem-1031b43e-9728-7247-c31b-e4cbaa97251e?restype=container",
      "RequestMethod": "PUT",
      "RequestHeaders": {
        "Authorization": "Sanitized",
        "traceparent": "00-9c7025808f348349bacbe92b48281ae2-564b01b42ca8074c-00",
        "User-Agent": [
          "azsdk-net-Storage.Files.DataLake/12.0.0-dev.20191018.1\u002B208b3446540844b7c7a794de85040d2515e86e1a",
          "(.NET Core 4.6.28008.01; Microsoft Windows 10.0.18363 )"
        ],
        "x-ms-client-request-id": "74c26bd2-13d9-6282-dfc5-f9d86b5dc07c",
        "x-ms-date": "Fri, 18 Oct 2019 21:29:45 GMT",
        "x-ms-return-client-request-id": "true",
        "x-ms-version": "2019-02-02"
      },
      "RequestBody": null,
      "StatusCode": 201,
      "ResponseHeaders": {
        "Content-Length": "0",
        "Date": "Fri, 18 Oct 2019 21:29:45 GMT",
        "ETag": "\u00220x8D754124BF97F28\u0022",
        "Last-Modified": "Fri, 18 Oct 2019 21:29:45 GMT",
        "Server": [
          "Windows-Azure-Blob/1.0",
          "Microsoft-HTTPAPI/2.0"
        ],
        "x-ms-client-request-id": "74c26bd2-13d9-6282-dfc5-f9d86b5dc07c",
        "x-ms-request-id": "9923cbac-401e-0046-5bfb-854bd8000000",
        "x-ms-version": "2019-02-02"
      },
      "ResponseBody": []
    },
    {
      "RequestUri": "http://seannse.blob.core.windows.net/test-filesystem-1031b43e-9728-7247-c31b-e4cbaa97251e?comp=lease\u0026restype=container",
      "RequestMethod": "PUT",
      "RequestHeaders": {
        "Authorization": "Sanitized",
        "traceparent": "00-53377e6e118ba24d9c55bba25680fc59-a5f8d2436a583e41-00",
        "User-Agent": [
          "azsdk-net-Storage.Files.DataLake/12.0.0-dev.20191018.1\u002B208b3446540844b7c7a794de85040d2515e86e1a",
          "(.NET Core 4.6.28008.01; Microsoft Windows 10.0.18363 )"
        ],
        "x-ms-client-request-id": "c83cddbd-69d0-8f5b-f490-b6709ad9255e",
        "x-ms-date": "Fri, 18 Oct 2019 21:29:45 GMT",
        "x-ms-lease-action": "acquire",
        "x-ms-lease-duration": "15",
        "x-ms-proposed-lease-id": "099e308a-4224-3176-bd69-79a93d807954",
        "x-ms-return-client-request-id": "true",
        "x-ms-version": "2019-02-02"
      },
      "RequestBody": null,
      "StatusCode": 201,
      "ResponseHeaders": {
        "Content-Length": "0",
        "Date": "Fri, 18 Oct 2019 21:29:45 GMT",
        "ETag": "\u00220x8D754124BF97F28\u0022",
        "Last-Modified": "Fri, 18 Oct 2019 21:29:45 GMT",
        "Server": [
          "Windows-Azure-Blob/1.0",
          "Microsoft-HTTPAPI/2.0"
        ],
        "x-ms-client-request-id": "c83cddbd-69d0-8f5b-f490-b6709ad9255e",
        "x-ms-lease-id": "099e308a-4224-3176-bd69-79a93d807954",
        "x-ms-request-id": "9923cbc8-401e-0046-74fb-854bd8000000",
        "x-ms-version": "2019-02-02"
      },
      "ResponseBody": []
    },
    {
      "RequestUri": "http://seannse.blob.core.windows.net/test-filesystem-1031b43e-9728-7247-c31b-e4cbaa97251e?comp=lease\u0026restype=container",
      "RequestMethod": "PUT",
      "RequestHeaders": {
        "Authorization": "Sanitized",
        "If-Unmodified-Since": "Thu, 17 Oct 2019 21:29:45 GMT",
        "traceparent": "00-8b85505bbaa60146b52bdc225d918ba7-5ee57d0b18e94641-00",
        "User-Agent": [
          "azsdk-net-Storage.Files.DataLake/12.0.0-dev.20191018.1\u002B208b3446540844b7c7a794de85040d2515e86e1a",
          "(.NET Core 4.6.28008.01; Microsoft Windows 10.0.18363 )"
        ],
        "x-ms-client-request-id": "5feb410d-b143-3f84-0868-4a44fad438df",
        "x-ms-date": "Fri, 18 Oct 2019 21:29:45 GMT",
        "x-ms-lease-action": "release",
        "x-ms-lease-id": "099e308a-4224-3176-bd69-79a93d807954",
        "x-ms-return-client-request-id": "true",
        "x-ms-version": "2019-02-02"
      },
      "RequestBody": null,
      "StatusCode": 412,
      "ResponseHeaders": {
        "Content-Length": "252",
        "Content-Type": "application/xml",
        "Date": "Fri, 18 Oct 2019 21:29:45 GMT",
        "Server": [
          "Windows-Azure-Blob/1.0",
          "Microsoft-HTTPAPI/2.0"
        ],
        "x-ms-client-request-id": "5feb410d-b143-3f84-0868-4a44fad438df",
        "x-ms-error-code": "ConditionNotMet",
        "x-ms-request-id": "9923cbd3-401e-0046-7efb-854bd8000000",
        "x-ms-version": "2019-02-02"
      },
      "ResponseBody": [
        "\uFEFF\u003C?xml version=\u00221.0\u0022 encoding=\u0022utf-8\u0022?\u003E\u003CError\u003E\u003CCode\u003EConditionNotMet\u003C/Code\u003E\u003CMessage\u003EThe condition specified using HTTP conditional header(s) is not met.\n",
        "RequestId:9923cbd3-401e-0046-7efb-854bd8000000\n",
        "Time:2019-10-18T21:29:45.7431565Z\u003C/Message\u003E\u003C/Error\u003E"
      ]
    },
    {
      "RequestUri": "http://seannse.blob.core.windows.net/test-filesystem-1031b43e-9728-7247-c31b-e4cbaa97251e?restype=container",
      "RequestMethod": "DELETE",
      "RequestHeaders": {
        "Authorization": "Sanitized",
        "traceparent": "00-4f530ac545cd4a4d9bed4e08e6ffa298-a6dd1a8abfc36e41-00",
        "User-Agent": [
          "azsdk-net-Storage.Files.DataLake/12.0.0-dev.20191018.1\u002B208b3446540844b7c7a794de85040d2515e86e1a",
          "(.NET Core 4.6.28008.01; Microsoft Windows 10.0.18363 )"
        ],
        "x-ms-client-request-id": "58621772-c5ed-9a1b-1ff0-fefc3662de17",
        "x-ms-date": "Fri, 18 Oct 2019 21:29:45 GMT",
        "x-ms-lease-id": "099e308a-4224-3176-bd69-79a93d807954",
        "x-ms-return-client-request-id": "true",
        "x-ms-version": "2019-02-02"
      },
      "RequestBody": null,
      "StatusCode": 202,
      "ResponseHeaders": {
        "Content-Length": "0",
        "Date": "Fri, 18 Oct 2019 21:29:45 GMT",
        "Server": [
          "Windows-Azure-Blob/1.0",
          "Microsoft-HTTPAPI/2.0"
        ],
        "x-ms-client-request-id": "58621772-c5ed-9a1b-1ff0-fefc3662de17",
        "x-ms-request-id": "9923cbde-401e-0046-09fb-854bd8000000",
        "x-ms-version": "2019-02-02"
      },
      "ResponseBody": []
    }
  ],
  "Variables": {
    "DateTimeOffsetNow": "2019-10-18T14:29:45.6252113-07:00",
    "RandomSeed": "376402032",
    "Storage_TestConfigHierarchicalNamespace": "NamespaceTenant\nseannse\nU2FuaXRpemVk\nhttp://seannse.blob.core.windows.net\nhttp://seannse.file.core.windows.net\nhttp://seannse.queue.core.windows.net\nhttp://seannse.table.core.windows.net\n\n\n\n\nhttp://seannse-secondary.blob.core.windows.net\nhttp://seannse-secondary.file.core.windows.net\nhttp://seannse-secondary.queue.core.windows.net\nhttp://seannse-secondary.table.core.windows.net\n68390a19-a643-458b-b726-408abf67b4fc\nSanitized\n72f988bf-86f1-41af-91ab-2d7cd011db47\nhttps://login.microsoftonline.com/\nCloud\nBlobEndpoint=http://seannse.blob.core.windows.net/;QueueEndpoint=http://seannse.queue.core.windows.net/;TableEndpoint=http://seannse.table.core.windows.net/;FileEndpoint=http://seannse.file.core.windows.net/;BlobSecondaryEndpoint=http://seannse-secondary.blob.core.windows.net/;QueueSecondaryEndpoint=http://seannse-secondary.queue.core.windows.net/;TableSecondaryEndpoint=http://seannse-secondary.table.core.windows.net/;FileSecondaryEndpoint=http://seannse-secondary.file.core.windows.net/;AccountName=seannse;AccountKey=Sanitized"
  }
}