{
  "Entries": [
    {
      "RequestUri": "http://seanstagehierarchical.blob.core.windows.net/test-filesystem-c782b29e-e8f4-b235-22ce-da5014245ee0?restype=container",
      "RequestMethod": "PUT",
      "RequestHeaders": {
        "Authorization": "Sanitized",
        "traceparent": "00-29b568ed65015641969cc950943e0528-f389cc88e2e41047-00",
        "User-Agent": [
          "azsdk-net-Storage.Files.DataLake/12.0.0-dev.20191223.1\u002Bfd005823f205b17066d91fefd3c5556dfeb42e21",
          "(.NET Core 4.6.28207.04; Microsoft Windows 10.0.18363 )"
        ],
        "x-ms-client-request-id": "00af04d8-ed08-67ed-689c-6f6659991e22",
        "x-ms-date": "Mon, 23 Dec 2019 21:03:08 GMT",
        "x-ms-return-client-request-id": "true",
        "x-ms-version": "2019-07-07"
      },
      "RequestBody": null,
      "StatusCode": 201,
      "ResponseHeaders": {
        "Content-Length": "0",
        "Date": "Mon, 23 Dec 2019 21:03:07 GMT",
        "ETag": "\u00220x8D787EB83001131\u0022",
        "Last-Modified": "Mon, 23 Dec 2019 21:03:08 GMT",
        "Server": [
          "Windows-Azure-Blob/1.0",
          "Microsoft-HTTPAPI/2.0"
        ],
        "x-ms-client-request-id": "00af04d8-ed08-67ed-689c-6f6659991e22",
        "x-ms-request-id": "83128ba5-601e-0010-12d4-b95753000000",
        "x-ms-version": "2019-07-07"
      },
      "ResponseBody": []
    },
    {
      "RequestUri": "http://seanstagehierarchical.blob.core.windows.net/test-filesystem-c782b29e-e8f4-b235-22ce-da5014245ee0?comp=lease\u0026restype=container",
      "RequestMethod": "PUT",
      "RequestHeaders": {
        "Authorization": "Sanitized",
        "traceparent": "00-5794ed85b8eba0488040d94676cc1503-0056f49a6f20f143-00",
        "User-Agent": [
          "azsdk-net-Storage.Files.DataLake/12.0.0-dev.20191223.1\u002Bfd005823f205b17066d91fefd3c5556dfeb42e21",
          "(.NET Core 4.6.28207.04; Microsoft Windows 10.0.18363 )"
        ],
        "x-ms-client-request-id": "4d5ece4e-1fb7-2830-df59-fc7a01666f70",
        "x-ms-date": "Mon, 23 Dec 2019 21:03:08 GMT",
        "x-ms-lease-action": "acquire",
        "x-ms-lease-duration": "15",
        "x-ms-proposed-lease-id": "ad4c90de-af8c-5524-038e-ec87f7f7d41d",
        "x-ms-return-client-request-id": "true",
        "x-ms-version": "2019-07-07"
      },
      "RequestBody": null,
      "StatusCode": 201,
      "ResponseHeaders": {
        "Content-Length": "0",
        "Date": "Mon, 23 Dec 2019 21:03:07 GMT",
        "ETag": "\u00220x8D787EB83001131\u0022",
        "Last-Modified": "Mon, 23 Dec 2019 21:03:08 GMT",
        "Server": [
          "Windows-Azure-Blob/1.0",
          "Microsoft-HTTPAPI/2.0"
        ],
        "x-ms-client-request-id": "4d5ece4e-1fb7-2830-df59-fc7a01666f70",
        "x-ms-lease-id": "ad4c90de-af8c-5524-038e-ec87f7f7d41d",
        "x-ms-request-id": "83128baa-601e-0010-15d4-b95753000000",
        "x-ms-version": "2019-07-07"
      },
      "ResponseBody": []
    },
    {
      "RequestUri": "http://seanstagehierarchical.blob.core.windows.net/test-filesystem-c782b29e-e8f4-b235-22ce-da5014245ee0?comp=lease\u0026restype=container",
      "RequestMethod": "PUT",
      "RequestHeaders": {
        "Authorization": "Sanitized",
        "traceparent": "00-d94b38c31c4c0c48bded3b3f6bc7ddbc-c9c95096fcfe7242-00",
        "User-Agent": [
          "azsdk-net-Storage.Files.DataLake/12.0.0-dev.20191223.1\u002Bfd005823f205b17066d91fefd3c5556dfeb42e21",
          "(.NET Core 4.6.28207.04; Microsoft Windows 10.0.18363 )"
        ],
        "x-ms-client-request-id": "2838aaf3-8799-e166-ed4f-301b615e59b9",
        "x-ms-date": "Mon, 23 Dec 2019 21:03:08 GMT",
        "x-ms-lease-action": "renew",
        "x-ms-lease-id": "ad4c90de-af8c-5524-038e-ec87f7f7d41d",
        "x-ms-return-client-request-id": "true",
        "x-ms-version": "2019-07-07"
      },
      "RequestBody": null,
      "StatusCode": 200,
      "ResponseHeaders": {
        "Content-Length": "0",
        "Date": "Mon, 23 Dec 2019 21:03:07 GMT",
        "ETag": "\u00220x8D787EB83001131\u0022",
        "Last-Modified": "Mon, 23 Dec 2019 21:03:08 GMT",
        "Server": [
          "Windows-Azure-Blob/1.0",
          "Microsoft-HTTPAPI/2.0"
        ],
        "x-ms-client-request-id": "2838aaf3-8799-e166-ed4f-301b615e59b9",
        "x-ms-lease-id": "ad4c90de-af8c-5524-038e-ec87f7f7d41d",
        "x-ms-request-id": "83128bab-601e-0010-16d4-b95753000000",
        "x-ms-version": "2019-07-07"
      },
      "ResponseBody": []
    },
    {
      "RequestUri": "http://seanstagehierarchical.blob.core.windows.net/test-filesystem-c782b29e-e8f4-b235-22ce-da5014245ee0?restype=container",
      "RequestMethod": "DELETE",
      "RequestHeaders": {
        "Authorization": "Sanitized",
        "traceparent": "00-8f39197debd90b4fb510e0e788628674-f10ef1949fedc149-00",
        "User-Agent": [
          "azsdk-net-Storage.Files.DataLake/12.0.0-dev.20191223.1\u002Bfd005823f205b17066d91fefd3c5556dfeb42e21",
          "(.NET Core 4.6.28207.04; Microsoft Windows 10.0.18363 )"
        ],
        "x-ms-client-request-id": "578641dd-472d-40d7-eb83-4ed1dd911e59",
        "x-ms-date": "Mon, 23 Dec 2019 21:03:08 GMT",
        "x-ms-lease-id": "ad4c90de-af8c-5524-038e-ec87f7f7d41d",
        "x-ms-return-client-request-id": "true",
        "x-ms-version": "2019-07-07"
      },
      "RequestBody": null,
      "StatusCode": 202,
      "ResponseHeaders": {
        "Content-Length": "0",
        "Date": "Mon, 23 Dec 2019 21:03:07 GMT",
        "Server": [
          "Windows-Azure-Blob/1.0",
          "Microsoft-HTTPAPI/2.0"
        ],
        "x-ms-client-request-id": "578641dd-472d-40d7-eb83-4ed1dd911e59",
        "x-ms-request-id": "83128bac-601e-0010-17d4-b95753000000",
        "x-ms-version": "2019-07-07"
      },
      "ResponseBody": []
    },
    {
      "RequestUri": "http://seanstagehierarchical.blob.core.windows.net/test-filesystem-36ced597-f53d-94d8-89f8-06baf19f50b2?restype=container",
      "RequestMethod": "PUT",
      "RequestHeaders": {
        "Authorization": "Sanitized",
        "traceparent": "00-9c35d14eee942c4f8b91f1c9039b6ac5-80a5c069d8282c4b-00",
        "User-Agent": [
          "azsdk-net-Storage.Files.DataLake/12.0.0-dev.20191223.1\u002Bfd005823f205b17066d91fefd3c5556dfeb42e21",
          "(.NET Core 4.6.28207.04; Microsoft Windows 10.0.18363 )"
        ],
        "x-ms-client-request-id": "bb2f3cbf-376c-e8d4-68f2-cd35401c4e4c",
        "x-ms-date": "Mon, 23 Dec 2019 21:03:08 GMT",
        "x-ms-return-client-request-id": "true",
        "x-ms-version": "2019-07-07"
      },
      "RequestBody": null,
      "StatusCode": 201,
      "ResponseHeaders": {
        "Content-Length": "0",
        "Date": "Mon, 23 Dec 2019 21:03:07 GMT",
        "ETag": "\u00220x8D787EB8333F289\u0022",
        "Last-Modified": "Mon, 23 Dec 2019 21:03:08 GMT",
        "Server": [
          "Windows-Azure-Blob/1.0",
          "Microsoft-HTTPAPI/2.0"
        ],
        "x-ms-client-request-id": "bb2f3cbf-376c-e8d4-68f2-cd35401c4e4c",
        "x-ms-request-id": "83128baf-601e-0010-19d4-b95753000000",
        "x-ms-version": "2019-07-07"
      },
      "ResponseBody": []
    },
    {
      "RequestUri": "http://seanstagehierarchical.blob.core.windows.net/test-filesystem-36ced597-f53d-94d8-89f8-06baf19f50b2?comp=lease\u0026restype=container",
      "RequestMethod": "PUT",
      "RequestHeaders": {
        "Authorization": "Sanitized",
        "traceparent": "00-c4954d8a2027a64988ce2bc5569eeed7-608f676774d8ca49-00",
        "User-Agent": [
          "azsdk-net-Storage.Files.DataLake/12.0.0-dev.20191223.1\u002Bfd005823f205b17066d91fefd3c5556dfeb42e21",
          "(.NET Core 4.6.28207.04; Microsoft Windows 10.0.18363 )"
        ],
        "x-ms-client-request-id": "742c4f01-a560-c13c-bb9a-727dade58eee",
        "x-ms-date": "Mon, 23 Dec 2019 21:03:08 GMT",
        "x-ms-lease-action": "acquire",
        "x-ms-lease-duration": "15",
        "x-ms-proposed-lease-id": "beef9c32-fd53-9481-49ee-89ee59798339",
        "x-ms-return-client-request-id": "true",
        "x-ms-version": "2019-07-07"
      },
      "RequestBody": null,
      "StatusCode": 201,
      "ResponseHeaders": {
        "Content-Length": "0",
        "Date": "Mon, 23 Dec 2019 21:03:08 GMT",
        "ETag": "\u00220x8D787EB8333F289\u0022",
        "Last-Modified": "Mon, 23 Dec 2019 21:03:08 GMT",
        "Server": [
          "Windows-Azure-Blob/1.0",
          "Microsoft-HTTPAPI/2.0"
        ],
        "x-ms-client-request-id": "742c4f01-a560-c13c-bb9a-727dade58eee",
        "x-ms-lease-id": "beef9c32-fd53-9481-49ee-89ee59798339",
        "x-ms-request-id": "83128bb5-601e-0010-1cd4-b95753000000",
        "x-ms-version": "2019-07-07"
      },
      "ResponseBody": []
    },
    {
      "RequestUri": "http://seanstagehierarchical.blob.core.windows.net/test-filesystem-36ced597-f53d-94d8-89f8-06baf19f50b2?comp=lease\u0026restype=container",
      "RequestMethod": "PUT",
      "RequestHeaders": {
        "Authorization": "Sanitized",
        "If-Modified-Since": "Sun, 22 Dec 2019 21:03:08 GMT",
        "traceparent": "00-c35b68cf85a2774ea376db5f571ff3cc-b1a4484cc4b03c44-00",
        "User-Agent": [
          "azsdk-net-Storage.Files.DataLake/12.0.0-dev.20191223.1\u002Bfd005823f205b17066d91fefd3c5556dfeb42e21",
          "(.NET Core 4.6.28207.04; Microsoft Windows 10.0.18363 )"
        ],
        "x-ms-client-request-id": "0aedf94f-0f4c-efd9-3939-fad622c8fc64",
        "x-ms-date": "Mon, 23 Dec 2019 21:03:08 GMT",
        "x-ms-lease-action": "renew",
        "x-ms-lease-id": "beef9c32-fd53-9481-49ee-89ee59798339",
        "x-ms-return-client-request-id": "true",
        "x-ms-version": "2019-07-07"
      },
      "RequestBody": null,
      "StatusCode": 200,
      "ResponseHeaders": {
        "Content-Length": "0",
        "Date": "Mon, 23 Dec 2019 21:03:08 GMT",
        "ETag": "\u00220x8D787EB8333F289\u0022",
        "Last-Modified": "Mon, 23 Dec 2019 21:03:08 GMT",
        "Server": [
          "Windows-Azure-Blob/1.0",
          "Microsoft-HTTPAPI/2.0"
        ],
        "x-ms-client-request-id": "0aedf94f-0f4c-efd9-3939-fad622c8fc64",
        "x-ms-lease-id": "beef9c32-fd53-9481-49ee-89ee59798339",
        "x-ms-request-id": "83128bb8-601e-0010-1fd4-b95753000000",
        "x-ms-version": "2019-07-07"
      },
      "ResponseBody": []
    },
    {
      "RequestUri": "http://seanstagehierarchical.blob.core.windows.net/test-filesystem-36ced597-f53d-94d8-89f8-06baf19f50b2?restype=container",
      "RequestMethod": "DELETE",
      "RequestHeaders": {
        "Authorization": "Sanitized",
        "traceparent": "00-8d04722c87617343a78a37e5ec0de6ea-d8df6abc14e0474a-00",
        "User-Agent": [
          "azsdk-net-Storage.Files.DataLake/12.0.0-dev.20191223.1\u002Bfd005823f205b17066d91fefd3c5556dfeb42e21",
          "(.NET Core 4.6.28207.04; Microsoft Windows 10.0.18363 )"
        ],
        "x-ms-client-request-id": "b42e7f3a-83f8-5ea2-bab1-90e89e057a8d",
        "x-ms-date": "Mon, 23 Dec 2019 21:03:08 GMT",
        "x-ms-lease-id": "beef9c32-fd53-9481-49ee-89ee59798339",
        "x-ms-return-client-request-id": "true",
        "x-ms-version": "2019-07-07"
      },
      "RequestBody": null,
      "StatusCode": 202,
      "ResponseHeaders": {
        "Content-Length": "0",
        "Date": "Mon, 23 Dec 2019 21:03:08 GMT",
        "Server": [
          "Windows-Azure-Blob/1.0",
          "Microsoft-HTTPAPI/2.0"
        ],
        "x-ms-client-request-id": "b42e7f3a-83f8-5ea2-bab1-90e89e057a8d",
        "x-ms-request-id": "83128bb9-601e-0010-20d4-b95753000000",
        "x-ms-version": "2019-07-07"
      },
      "ResponseBody": []
    },
    {
      "RequestUri": "http://seanstagehierarchical.blob.core.windows.net/test-filesystem-7c350e48-be25-793c-8a84-96bdf1bdbdf9?restype=container",
      "RequestMethod": "PUT",
      "RequestHeaders": {
        "Authorization": "Sanitized",
        "traceparent": "00-edb2fb3269e4c440be14ca4177665195-af314e0dd1366347-00",
        "User-Agent": [
          "azsdk-net-Storage.Files.DataLake/12.0.0-dev.20191223.1\u002Bfd005823f205b17066d91fefd3c5556dfeb42e21",
          "(.NET Core 4.6.28207.04; Microsoft Windows 10.0.18363 )"
        ],
        "x-ms-client-request-id": "23d39014-000a-7bf9-42b4-2a74ede46dfc",
        "x-ms-date": "Mon, 23 Dec 2019 21:03:08 GMT",
        "x-ms-return-client-request-id": "true",
        "x-ms-version": "2019-07-07"
      },
      "RequestBody": null,
      "StatusCode": 201,
      "ResponseHeaders": {
        "Content-Length": "0",
        "Date": "Mon, 23 Dec 2019 21:03:08 GMT",
        "ETag": "\u00220x8D787EB8369815C\u0022",
        "Last-Modified": "Mon, 23 Dec 2019 21:03:08 GMT",
        "Server": [
          "Windows-Azure-Blob/1.0",
          "Microsoft-HTTPAPI/2.0"
        ],
        "x-ms-client-request-id": "23d39014-000a-7bf9-42b4-2a74ede46dfc",
        "x-ms-request-id": "83128bba-601e-0010-21d4-b95753000000",
        "x-ms-version": "2019-07-07"
      },
      "ResponseBody": []
    },
    {
      "RequestUri": "http://seanstagehierarchical.blob.core.windows.net/test-filesystem-7c350e48-be25-793c-8a84-96bdf1bdbdf9?comp=lease\u0026restype=container",
      "RequestMethod": "PUT",
      "RequestHeaders": {
        "Authorization": "Sanitized",
        "traceparent": "00-69b29c927ccb2f4e81166e9bd043d706-b9421cf920b7464b-00",
        "User-Agent": [
          "azsdk-net-Storage.Files.DataLake/12.0.0-dev.20191223.1\u002Bfd005823f205b17066d91fefd3c5556dfeb42e21",
          "(.NET Core 4.6.28207.04; Microsoft Windows 10.0.18363 )"
        ],
        "x-ms-client-request-id": "ae11eaaa-055b-3d04-9ed2-811aabeca30b",
        "x-ms-date": "Mon, 23 Dec 2019 21:03:08 GMT",
        "x-ms-lease-action": "acquire",
        "x-ms-lease-duration": "15",
        "x-ms-proposed-lease-id": "c32b96f3-d669-00f2-a2f0-540dd8373403",
        "x-ms-return-client-request-id": "true",
        "x-ms-version": "2019-07-07"
      },
      "RequestBody": null,
      "StatusCode": 201,
      "ResponseHeaders": {
        "Content-Length": "0",
        "Date": "Mon, 23 Dec 2019 21:03:08 GMT",
        "ETag": "\u00220x8D787EB8369815C\u0022",
        "Last-Modified": "Mon, 23 Dec 2019 21:03:08 GMT",
        "Server": [
          "Windows-Azure-Blob/1.0",
          "Microsoft-HTTPAPI/2.0"
        ],
        "x-ms-client-request-id": "ae11eaaa-055b-3d04-9ed2-811aabeca30b",
        "x-ms-lease-id": "c32b96f3-d669-00f2-a2f0-540dd8373403",
        "x-ms-request-id": "83128bbc-601e-0010-22d4-b95753000000",
        "x-ms-version": "2019-07-07"
      },
      "ResponseBody": []
    },
    {
      "RequestUri": "http://seanstagehierarchical.blob.core.windows.net/test-filesystem-7c350e48-be25-793c-8a84-96bdf1bdbdf9?comp=lease\u0026restype=container",
      "RequestMethod": "PUT",
      "RequestHeaders": {
        "Authorization": "Sanitized",
        "If-Unmodified-Since": "Tue, 24 Dec 2019 21:03:08 GMT",
        "traceparent": "00-8e75fea312f5c940853cdcf2769fe34b-ac319a3d077ed74a-00",
        "User-Agent": [
          "azsdk-net-Storage.Files.DataLake/12.0.0-dev.20191223.1\u002Bfd005823f205b17066d91fefd3c5556dfeb42e21",
          "(.NET Core 4.6.28207.04; Microsoft Windows 10.0.18363 )"
        ],
        "x-ms-client-request-id": "ed621299-8626-b5a8-226b-c21718d410f4",
        "x-ms-date": "Mon, 23 Dec 2019 21:03:08 GMT",
        "x-ms-lease-action": "renew",
        "x-ms-lease-id": "c32b96f3-d669-00f2-a2f0-540dd8373403",
        "x-ms-return-client-request-id": "true",
        "x-ms-version": "2019-07-07"
      },
      "RequestBody": null,
      "StatusCode": 200,
      "ResponseHeaders": {
        "Content-Length": "0",
        "Date": "Mon, 23 Dec 2019 21:03:08 GMT",
        "ETag": "\u00220x8D787EB8369815C\u0022",
        "Last-Modified": "Mon, 23 Dec 2019 21:03:08 GMT",
        "Server": [
          "Windows-Azure-Blob/1.0",
          "Microsoft-HTTPAPI/2.0"
        ],
        "x-ms-client-request-id": "ed621299-8626-b5a8-226b-c21718d410f4",
        "x-ms-lease-id": "c32b96f3-d669-00f2-a2f0-540dd8373403",
        "x-ms-request-id": "83128bc0-601e-0010-26d4-b95753000000",
        "x-ms-version": "2019-07-07"
      },
      "ResponseBody": []
    },
    {
      "RequestUri": "http://seanstagehierarchical.blob.core.windows.net/test-filesystem-7c350e48-be25-793c-8a84-96bdf1bdbdf9?restype=container",
      "RequestMethod": "DELETE",
      "RequestHeaders": {
        "Authorization": "Sanitized",
        "traceparent": "00-75f493e381cd154a8f129cb4e7fb96f6-9c1dd95c3819f04b-00",
        "User-Agent": [
          "azsdk-net-Storage.Files.DataLake/12.0.0-dev.20191223.1\u002Bfd005823f205b17066d91fefd3c5556dfeb42e21",
          "(.NET Core 4.6.28207.04; Microsoft Windows 10.0.18363 )"
        ],
        "x-ms-client-request-id": "9880d7ef-b589-f9e4-7e03-a2d04af941d2",
        "x-ms-date": "Mon, 23 Dec 2019 21:03:09 GMT",
        "x-ms-lease-id": "c32b96f3-d669-00f2-a2f0-540dd8373403",
        "x-ms-return-client-request-id": "true",
        "x-ms-version": "2019-07-07"
      },
      "RequestBody": null,
      "StatusCode": 202,
      "ResponseHeaders": {
        "Content-Length": "0",
        "Date": "Mon, 23 Dec 2019 21:03:08 GMT",
        "Server": [
          "Windows-Azure-Blob/1.0",
          "Microsoft-HTTPAPI/2.0"
        ],
        "x-ms-client-request-id": "9880d7ef-b589-f9e4-7e03-a2d04af941d2",
        "x-ms-request-id": "83128bc1-601e-0010-27d4-b95753000000",
        "x-ms-version": "2019-07-07"
      },
      "ResponseBody": []
    }
  ],
  "Variables": {
    "DateTimeOffsetNow": "2019-12-23T13:03:08.0787048-08:00",
    "RandomSeed": "601521581",
    "Storage_TestConfigHierarchicalNamespace": "NamespaceTenant\nseanstagehierarchical\nU2FuaXRpemVk\nhttp://seanstagehierarchical.blob.core.windows.net\nhttp://seanstagehierarchical.file.core.windows.net\nhttp://seanstagehierarchical.queue.core.windows.net\nhttp://seanstagehierarchical.table.core.windows.net\n\n\n\n\nhttp://seanstagehierarchical-secondary.blob.core.windows.net\nhttp://seanstagehierarchical-secondary.file.core.windows.net\nhttp://seanstagehierarchical-secondary.queue.core.windows.net\nhttp://seanstagehierarchical-secondary.table.core.windows.net\n68390a19-a643-458b-b726-408abf67b4fc\nSanitized\n72f988bf-86f1-41af-91ab-2d7cd011db47\nhttps://login.microsoftonline.com/\nCloud\nBlobEndpoint=http://seanstagehierarchical.blob.core.windows.net/;QueueEndpoint=http://seanstagehierarchical.queue.core.windows.net/;FileEndpoint=http://seanstagehierarchical.file.core.windows.net/;BlobSecondaryEndpoint=http://seanstagehierarchical-secondary.blob.core.windows.net/;QueueSecondaryEndpoint=http://seanstagehierarchical-secondary.queue.core.windows.net/;FileSecondaryEndpoint=http://seanstagehierarchical-secondary.file.core.windows.net/;AccountName=seanstagehierarchical;AccountKey=Sanitized\n"
  }
}