{
  "Entries": [
    {
      "RequestUri": "https://seannse.blob.core.windows.net/test-filesystem-39d96b07-8b0c-aa7a-4b23-d9dbb2b199ae?restype=container",
      "RequestMethod": "PUT",
      "RequestHeaders": {
        "Accept": "application/xml",
        "Authorization": "Sanitized",
        "traceparent": "00-e73f8ab863bf9b4d9ff48ed409b2f826-971d028928b6084f-00",
        "User-Agent": [
          "azsdk-net-Storage.Files.DataLake/12.7.0-alpha.20210217.1",
          "(.NET 5.0.3; Microsoft Windows 10.0.19042)"
        ],
        "x-ms-blob-public-access": "container",
        "x-ms-client-request-id": "7cadd02d-5ad2-9f57-9435-a28d3d5eaeb4",
        "x-ms-date": "Wed, 17 Feb 2021 22:23:15 GMT",
        "x-ms-return-client-request-id": "true",
        "x-ms-version": "2021-04-10"
      },
      "RequestBody": null,
      "StatusCode": 201,
      "ResponseHeaders": {
        "Content-Length": "0",
        "Date": "Wed, 17 Feb 2021 22:23:15 GMT",
        "ETag": "\"0x8D8D3929F008AED\"",
        "Last-Modified": "Wed, 17 Feb 2021 22:23:15 GMT",
        "Server": [
          "Windows-Azure-Blob/1.0",
          "Microsoft-HTTPAPI/2.0"
        ],
        "x-ms-client-request-id": "7cadd02d-5ad2-9f57-9435-a28d3d5eaeb4",
        "x-ms-request-id": "2b8d7d3f-b01e-0030-637b-05c190000000",
        "x-ms-version": "2021-04-10"
      },
      "ResponseBody": []
    },
    {
      "RequestUri": "https://seannse.blob.core.windows.net/test-filesystem-39d96b07-8b0c-aa7a-4b23-d9dbb2b199ae?restype=container&comp=acl",
      "RequestMethod": "PUT",
      "RequestHeaders": {
        "Accept": "application/xml",
        "Authorization": "Sanitized",
        "Content-Length": "253",
        "Content-Type": "application/xml",
        "traceparent": "00-c39c773acc5b1d40be87db80dd63cc8a-dd5365733429244b-00",
        "User-Agent": [
          "azsdk-net-Storage.Files.DataLake/12.7.0-alpha.20210217.1",
          "(.NET 5.0.3; Microsoft Windows 10.0.19042)"
        ],
        "x-ms-blob-public-access": "container",
        "x-ms-client-request-id": "85847ab5-e275-fa8f-16a3-e811159fa73b",
        "x-ms-date": "Wed, 17 Feb 2021 22:23:16 GMT",
        "x-ms-return-client-request-id": "true",
        "x-ms-version": "2021-04-10"
      },
      "RequestBody": "﻿<SignedIdentifiers><SignedIdentifier><Id>qoealwyqsyrfiqifpcyc</Id><AccessPolicy><Start>2021-02-17T21:23:16.1025775Z</Start><Expiry>2021-02-17T23:23:16.1025775Z</Expiry><Permission>rcw</Permission></AccessPolicy></SignedIdentifier></SignedIdentifiers>",
      "StatusCode": 200,
      "ResponseHeaders": {
        "Content-Length": "0",
        "Date": "Wed, 17 Feb 2021 22:23:15 GMT",
        "ETag": "\"0x8D8D3929F12EEFB\"",
        "Last-Modified": "Wed, 17 Feb 2021 22:23:16 GMT",
        "Server": [
          "Windows-Azure-Blob/1.0",
          "Microsoft-HTTPAPI/2.0"
        ],
        "x-ms-client-request-id": "85847ab5-e275-fa8f-16a3-e811159fa73b",
        "x-ms-request-id": "2b8d7da1-b01e-0030-417b-05c190000000",
        "x-ms-version": "2021-04-10"
      },
      "ResponseBody": []
    },
    {
      "RequestUri": "https://seannse.blob.core.windows.net/test-filesystem-39d96b07-8b0c-aa7a-4b23-d9dbb2b199ae?restype=container",
      "RequestMethod": "GET",
      "RequestHeaders": {
        "Accept": "application/xml",
        "Authorization": "Sanitized",
        "traceparent": "00-591da609f4e3884c9afc955229103906-d664dadd4833574a-00",
        "User-Agent": [
          "azsdk-net-Storage.Files.DataLake/12.7.0-alpha.20210217.1",
          "(.NET 5.0.3; Microsoft Windows 10.0.19042)"
        ],
        "x-ms-client-request-id": "6b4d6be7-287d-216c-8de1-10631c51f3fb",
        "x-ms-date": "Wed, 17 Feb 2021 22:23:16 GMT",
        "x-ms-return-client-request-id": "true",
        "x-ms-version": "2021-04-10"
      },
      "RequestBody": null,
      "StatusCode": 200,
      "ResponseHeaders": {
        "Content-Length": "0",
        "Date": "Wed, 17 Feb 2021 22:23:15 GMT",
        "ETag": "\"0x8D8D3929F12EEFB\"",
        "Last-Modified": "Wed, 17 Feb 2021 22:23:16 GMT",
        "Server": [
          "Windows-Azure-Blob/1.0",
          "Microsoft-HTTPAPI/2.0"
        ],
        "x-ms-blob-public-access": "container",
        "x-ms-client-request-id": "6b4d6be7-287d-216c-8de1-10631c51f3fb",
        "x-ms-default-encryption-scope": "$account-encryption-key",
        "x-ms-deny-encryption-scope-override": "false",
        "x-ms-has-immutability-policy": "false",
        "x-ms-has-legal-hold": "false",
        "x-ms-lease-state": "available",
        "x-ms-lease-status": "unlocked",
        "x-ms-request-id": "2b8d7e07-b01e-0030-227b-05c190000000",
        "x-ms-version": "2021-04-10"
      },
      "ResponseBody": []
    },
    {
      "RequestUri": "https://seannse.blob.core.windows.net/test-filesystem-39d96b07-8b0c-aa7a-4b23-d9dbb2b199ae?restype=container&comp=acl",
      "RequestMethod": "GET",
      "RequestHeaders": {
        "Accept": "application/xml",
        "Authorization": "Sanitized",
        "traceparent": "00-e177a36330df814a962a5d592c0bfb06-f2e51b12fc5e604b-00",
        "User-Agent": [
          "azsdk-net-Storage.Files.DataLake/12.7.0-alpha.20210217.1",
          "(.NET 5.0.3; Microsoft Windows 10.0.19042)"
        ],
        "x-ms-client-request-id": "a92a509a-3c51-88be-608f-b0175b5831f4",
        "x-ms-date": "Wed, 17 Feb 2021 22:23:16 GMT",
        "x-ms-return-client-request-id": "true",
        "x-ms-version": "2021-04-10"
      },
      "RequestBody": null,
      "StatusCode": 200,
      "ResponseHeaders": {
        "Content-Type": "application/xml",
        "Date": "Wed, 17 Feb 2021 22:23:15 GMT",
        "ETag": "\"0x8D8D3929F12EEFB\"",
        "Last-Modified": "Wed, 17 Feb 2021 22:23:16 GMT",
        "Server": [
          "Windows-Azure-Blob/1.0",
          "Microsoft-HTTPAPI/2.0"
        ],
        "Transfer-Encoding": "chunked",
        "x-ms-blob-public-access": "container",
        "x-ms-client-request-id": "a92a509a-3c51-88be-608f-b0175b5831f4",
        "x-ms-request-id": "2b8d7e64-b01e-0030-7f7b-05c190000000",
        "x-ms-version": "2021-04-10"
      },
      "ResponseBody": "﻿<?xml version=\"1.0\" encoding=\"utf-8\"?><SignedIdentifiers><SignedIdentifier><Id>qoealwyqsyrfiqifpcyc</Id><AccessPolicy><Start>2021-02-17T21:23:16.1025775Z</Start><Expiry>2021-02-17T23:23:16.1025775Z</Expiry><Permission>rcw</Permission></AccessPolicy></SignedIdentifier></SignedIdentifiers>"
    },
    {
      "RequestUri": "https://seannse.blob.core.windows.net/test-filesystem-39d96b07-8b0c-aa7a-4b23-d9dbb2b199ae?restype=container",
      "RequestMethod": "DELETE",
      "RequestHeaders": {
        "Accept": "application/xml",
        "Authorization": "Sanitized",
        "traceparent": "00-2f0c4413e6b0db43914b7f11bbc269ed-84c4dc3e748ef94e-00",
        "User-Agent": [
          "azsdk-net-Storage.Files.DataLake/12.7.0-alpha.20210217.1",
          "(.NET 5.0.3; Microsoft Windows 10.0.19042)"
        ],
        "x-ms-client-request-id": "cbc8a6fa-4a26-0da9-ca5e-7ddeaea3ee65",
        "x-ms-date": "Wed, 17 Feb 2021 22:23:16 GMT",
        "x-ms-return-client-request-id": "true",
        "x-ms-version": "2021-04-10"
      },
      "RequestBody": null,
      "StatusCode": 202,
      "ResponseHeaders": {
        "Content-Length": "0",
        "Date": "Wed, 17 Feb 2021 22:23:15 GMT",
        "Server": [
          "Windows-Azure-Blob/1.0",
          "Microsoft-HTTPAPI/2.0"
        ],
        "x-ms-client-request-id": "cbc8a6fa-4a26-0da9-ca5e-7ddeaea3ee65",
        "x-ms-request-id": "2b8d7ec9-b01e-0030-607b-05c190000000",
        "x-ms-version": "2021-04-10"
      },
      "ResponseBody": []
    }
  ],
  "Variables": {
    "DateTimeOffsetNow": "2021-02-17T16:23:16.1025775-06:00",
    "RandomSeed": "1000202636",
    "Storage_TestConfigHierarchicalNamespace": "NamespaceTenant\nseannse\nU2FuaXRpemVk\nhttps://seannse.blob.core.windows.net\nhttps://seannse.file.core.windows.net\nhttps://seannse.queue.core.windows.net\nhttps://seannse.table.core.windows.net\n\n\n\n\nhttps://seannse-secondary.blob.core.windows.net\nhttps://seannse-secondary.file.core.windows.net\nhttps://seannse-secondary.queue.core.windows.net\nhttps://seannse-secondary.table.core.windows.net\n68390a19-a643-458b-b726-408abf67b4fc\nSanitized\n72f988bf-86f1-41af-91ab-2d7cd011db47\nhttps://login.microsoftonline.com/\nCloud\nBlobEndpoint=https://seannse.blob.core.windows.net/;QueueEndpoint=https://seannse.queue.core.windows.net/;FileEndpoint=https://seannse.file.core.windows.net/;BlobSecondaryEndpoint=https://seannse-secondary.blob.core.windows.net/;QueueSecondaryEndpoint=https://seannse-secondary.queue.core.windows.net/;FileSecondaryEndpoint=https://seannse-secondary.file.core.windows.net/;AccountName=seannse;AccountKey=Sanitized\n\n\n"
  }
}