{
  "Entries": [
    {
      "RequestUri": "https://seannse.blob.core.windows.net/test-filesystem-5d81a6e3-b46b-91ed-96b3-8701b4423809?restype=container",
      "RequestMethod": "PUT",
      "RequestHeaders": {
        "Accept": "application/xml",
        "Authorization": "Sanitized",
        "traceparent": "00-0ee8dc09d8561b4cbfa46bc06929bcf9-36e1f48bb634244e-00",
        "User-Agent": [
          "azsdk-net-Storage.Files.DataLake/12.7.0-alpha.20210217.1",
          "(.NET 5.0.3; Microsoft Windows 10.0.19042)"
        ],
        "x-ms-client-request-id": "3ce80031-162c-dad6-0fbd-f8c728c79db8",
        "x-ms-date": "Thu, 18 Feb 2021 02:20:52 GMT",
        "x-ms-return-client-request-id": "true",
        "x-ms-version": "2020-06-12"
      },
      "RequestBody": null,
      "StatusCode": 201,
      "ResponseHeaders": {
        "Content-Length": "0",
        "Date": "Thu, 18 Feb 2021 02:20:51 GMT",
        "ETag": "\u00220x8D8D3B3D0620AA3\u0022",
        "Last-Modified": "Thu, 18 Feb 2021 02:20:52 GMT",
        "Server": [
          "Windows-Azure-Blob/1.0",
          "Microsoft-HTTPAPI/2.0"
        ],
        "x-ms-client-request-id": "3ce80031-162c-dad6-0fbd-f8c728c79db8",
        "x-ms-request-id": "242aeb31-501e-0081-499c-05df85000000",
        "x-ms-version": "2020-06-12"
      },
      "ResponseBody": []
    },
    {
      "RequestUri": "https://seannse.blob.core.windows.net/test-filesystem-5d81a6e3-b46b-91ed-96b3-8701b4423809?restype=container\u0026comp=acl",
      "RequestMethod": "PUT",
      "RequestHeaders": {
        "Accept": "application/xml",
        "Authorization": "Sanitized",
        "Content-Length": "253",
        "Content-Type": "application/xml",
        "traceparent": "00-69f96ad99ed3d44caccee4c123f48037-3c0a89d24af74741-00",
        "User-Agent": [
          "azsdk-net-Storage.Files.DataLake/12.7.0-alpha.20210217.1",
          "(.NET 5.0.3; Microsoft Windows 10.0.19042)"
        ],
        "x-ms-blob-public-access": "container",
        "x-ms-client-request-id": "b3d0bf46-fc59-92dc-8e68-23f45bcf0a7f",
        "x-ms-date": "Thu, 18 Feb 2021 02:20:52 GMT",
        "x-ms-return-client-request-id": "true",
        "x-ms-version": "2020-06-12"
      },
      "RequestBody": "\uFEFF\u003CSignedIdentifiers\u003E\u003CSignedIdentifier\u003E\u003CId\u003Edhphmtmysxvdkytsaudq\u003C/Id\u003E\u003CAccessPolicy\u003E\u003CStart\u003E2021-02-18T01:20:52.1101374Z\u003C/Start\u003E\u003CExpiry\u003E2021-02-18T03:20:52.1101374Z\u003C/Expiry\u003E\u003CPermission\u003Ercw\u003C/Permission\u003E\u003C/AccessPolicy\u003E\u003C/SignedIdentifier\u003E\u003C/SignedIdentifiers\u003E",
      "StatusCode": 200,
      "ResponseHeaders": {
        "Content-Length": "0",
        "Date": "Thu, 18 Feb 2021 02:20:51 GMT",
        "ETag": "\u00220x8D8D3B3D073EFC1\u0022",
        "Last-Modified": "Thu, 18 Feb 2021 02:20:52 GMT",
        "Server": [
          "Windows-Azure-Blob/1.0",
          "Microsoft-HTTPAPI/2.0"
        ],
        "x-ms-client-request-id": "b3d0bf46-fc59-92dc-8e68-23f45bcf0a7f",
        "x-ms-request-id": "242aeb96-501e-0081-259c-05df85000000",
        "x-ms-version": "2020-06-12"
      },
      "ResponseBody": []
    },
    {
      "RequestUri": "https://seannse.blob.core.windows.net/test-filesystem-495ee9f6-6d21-525d-fda7-333f44985f97?restype=container",
      "RequestMethod": "PUT",
      "RequestHeaders": {
        "Accept": "application/xml",
        "Authorization": "Sanitized",
        "traceparent": "00-565f2cc0d757cc469b4b19fb563c7173-d459b628ecf2ff43-00",
        "User-Agent": [
          "azsdk-net-Storage.Files.DataLake/12.7.0-alpha.20210217.1",
          "(.NET 5.0.3; Microsoft Windows 10.0.19042)"
        ],
        "x-ms-client-request-id": "cd88a14f-77d4-0fbe-24b9-12bc26ee9867",
        "x-ms-date": "Thu, 18 Feb 2021 02:20:52 GMT",
        "x-ms-return-client-request-id": "true",
        "x-ms-version": "2020-06-12"
      },
      "RequestBody": null,
      "StatusCode": 201,
      "ResponseHeaders": {
        "Content-Length": "0",
        "Date": "Thu, 18 Feb 2021 02:20:52 GMT",
        "ETag": "\u00220x8D8D3B3D0A83D9F\u0022",
        "Last-Modified": "Thu, 18 Feb 2021 02:20:52 GMT",
        "Server": [
          "Windows-Azure-Blob/1.0",
          "Microsoft-HTTPAPI/2.0"
        ],
        "x-ms-client-request-id": "cd88a14f-77d4-0fbe-24b9-12bc26ee9867",
        "x-ms-request-id": "299e141c-e01e-0060-199c-0503c0000000",
        "x-ms-version": "2020-06-12"
      },
      "ResponseBody": []
    },
    {
      "RequestUri": "https://seannse.blob.core.windows.net/test-filesystem-495ee9f6-6d21-525d-fda7-333f44985f97?restype=container\u0026comp=acl",
      "RequestMethod": "PUT",
      "RequestHeaders": {
        "Accept": "application/xml",
        "Authorization": "Sanitized",
        "Content-Length": "253",
        "Content-Type": "application/xml",
        "If-Modified-Since": "Wed, 17 Feb 2021 02:20:52 GMT",
        "traceparent": "00-8c2bb4d925b05147a9f6040718c2ee97-e07eb51ff8913d46-00",
        "User-Agent": [
          "azsdk-net-Storage.Files.DataLake/12.7.0-alpha.20210217.1",
          "(.NET 5.0.3; Microsoft Windows 10.0.19042)"
        ],
        "x-ms-blob-public-access": "container",
        "x-ms-client-request-id": "a3efb5bc-920f-b0c2-148c-a1faae93dae0",
        "x-ms-date": "Thu, 18 Feb 2021 02:20:52 GMT",
        "x-ms-return-client-request-id": "true",
        "x-ms-version": "2020-06-12"
      },
      "RequestBody": "\uFEFF\u003CSignedIdentifiers\u003E\u003CSignedIdentifier\u003E\u003CId\u003Ebtocyhjcdgpskcxuapjl\u003C/Id\u003E\u003CAccessPolicy\u003E\u003CStart\u003E2021-02-18T01:20:52.1101374Z\u003C/Start\u003E\u003CExpiry\u003E2021-02-18T03:20:52.1101374Z\u003C/Expiry\u003E\u003CPermission\u003Ercw\u003C/Permission\u003E\u003C/AccessPolicy\u003E\u003C/SignedIdentifier\u003E\u003C/SignedIdentifiers\u003E",
      "StatusCode": 200,
      "ResponseHeaders": {
        "Content-Length": "0",
        "Date": "Thu, 18 Feb 2021 02:20:52 GMT",
        "ETag": "\u00220x8D8D3B3D0BA06E4\u0022",
        "Last-Modified": "Thu, 18 Feb 2021 02:20:52 GMT",
        "Server": [
          "Windows-Azure-Blob/1.0",
          "Microsoft-HTTPAPI/2.0"
        ],
        "x-ms-client-request-id": "a3efb5bc-920f-b0c2-148c-a1faae93dae0",
        "x-ms-request-id": "299e1438-e01e-0060-309c-0503c0000000",
        "x-ms-version": "2020-06-12"
      },
      "ResponseBody": []
    },
    {
      "RequestUri": "https://seannse.blob.core.windows.net/test-filesystem-ce57f5fe-50b7-b421-19ba-8706839abbad?restype=container",
      "RequestMethod": "PUT",
      "RequestHeaders": {
        "Accept": "application/xml",
        "Authorization": "Sanitized",
        "traceparent": "00-9906234c18f34b4d87b1e1d73f9ccdeb-b9ddd6e5f902d34b-00",
        "User-Agent": [
          "azsdk-net-Storage.Files.DataLake/12.7.0-alpha.20210217.1",
          "(.NET 5.0.3; Microsoft Windows 10.0.19042)"
        ],
        "x-ms-client-request-id": "70e16a93-9fd4-aa26-9286-7b31cb2cf262",
        "x-ms-date": "Thu, 18 Feb 2021 02:20:53 GMT",
        "x-ms-return-client-request-id": "true",
        "x-ms-version": "2020-06-12"
      },
      "RequestBody": null,
      "StatusCode": 409,
      "ResponseHeaders": {
        "Content-Length": "230",
        "Content-Type": "application/xml",
        "Date": "Thu, 18 Feb 2021 02:20:52 GMT",
        "Server": [
          "Windows-Azure-Blob/1.0",
          "Microsoft-HTTPAPI/2.0"
        ],
        "x-ms-client-request-id": "70e16a93-9fd4-aa26-9286-7b31cb2cf262",
        "x-ms-error-code": "ContainerAlreadyExists",
        "x-ms-request-id": "c243c11b-c01e-0083-129c-05613d000000",
        "x-ms-version": "2020-06-12"
      },
      "ResponseBody": [
        "\uFEFF\u003C?xml version=\u00221.0\u0022 encoding=\u0022utf-8\u0022?\u003E\u003CError\u003E\u003CCode\u003EContainerAlreadyExists\u003C/Code\u003E\u003CMessage\u003EThe specified container already exists.\n",
        "RequestId:c243c11b-c01e-0083-129c-05613d000000\n",
        "Time:2021-02-18T02:20:53.0873032Z\u003C/Message\u003E\u003C/Error\u003E"
      ]
    },
    {
      "RequestUri": "https://seannse.blob.core.windows.net/test-filesystem-ce57f5fe-50b7-b421-19ba-8706839abbad?restype=container\u0026comp=acl",
      "RequestMethod": "PUT",
      "RequestHeaders": {
        "Accept": "application/xml",
        "Authorization": "Sanitized",
        "Content-Length": "253",
        "Content-Type": "application/xml",
        "If-Unmodified-Since": "Fri, 19 Feb 2021 02:20:52 GMT",
        "traceparent": "00-91b1caca68dd7e43bd2906ae0741f4ff-3c90b7a7dc69a941-00",
        "User-Agent": [
          "azsdk-net-Storage.Files.DataLake/12.7.0-alpha.20210217.1",
          "(.NET 5.0.3; Microsoft Windows 10.0.19042)"
        ],
        "x-ms-blob-public-access": "container",
        "x-ms-client-request-id": "1973e87f-4bb9-82d8-f65c-76f3df84f032",
        "x-ms-date": "Thu, 18 Feb 2021 02:20:53 GMT",
        "x-ms-return-client-request-id": "true",
        "x-ms-version": "2020-06-12"
      },
      "RequestBody": "\uFEFF\u003CSignedIdentifiers\u003E\u003CSignedIdentifier\u003E\u003CId\u003Eihnsbfmsrdehsqyeemof\u003C/Id\u003E\u003CAccessPolicy\u003E\u003CStart\u003E2021-02-18T01:20:52.1101374Z\u003C/Start\u003E\u003CExpiry\u003E2021-02-18T03:20:52.1101374Z\u003C/Expiry\u003E\u003CPermission\u003Ercw\u003C/Permission\u003E\u003C/AccessPolicy\u003E\u003C/SignedIdentifier\u003E\u003C/SignedIdentifiers\u003E",
      "StatusCode": 200,
      "ResponseHeaders": {
        "Content-Length": "0",
        "Date": "Thu, 18 Feb 2021 02:20:52 GMT",
        "ETag": "\u00220x8D8D3B3D0FBFE8D\u0022",
        "Last-Modified": "Thu, 18 Feb 2021 02:20:53 GMT",
        "Server": [
          "Windows-Azure-Blob/1.0",
          "Microsoft-HTTPAPI/2.0"
        ],
        "x-ms-client-request-id": "1973e87f-4bb9-82d8-f65c-76f3df84f032",
        "x-ms-request-id": "c243c18f-c01e-0083-019c-05613d000000",
        "x-ms-version": "2020-06-12"
      },
      "ResponseBody": []
    }
  ],
  "Variables": {
    "DateTimeOffsetNow": "2021-02-17T20:20:52.1101374-06:00",
    "RandomSeed": "2061964641",
    "Storage_TestConfigHierarchicalNamespace": "NamespaceTenant\nseannse\nU2FuaXRpemVk\nhttps://seannse.blob.core.windows.net\nhttps://seannse.file.core.windows.net\nhttps://seannse.queue.core.windows.net\nhttps://seannse.table.core.windows.net\n\n\n\n\nhttps://seannse-secondary.blob.core.windows.net\nhttps://seannse-secondary.file.core.windows.net\nhttps://seannse-secondary.queue.core.windows.net\nhttps://seannse-secondary.table.core.windows.net\n68390a19-a643-458b-b726-408abf67b4fc\nSanitized\n72f988bf-86f1-41af-91ab-2d7cd011db47\nhttps://login.microsoftonline.com/\nCloud\nBlobEndpoint=https://seannse.blob.core.windows.net/;QueueEndpoint=https://seannse.queue.core.windows.net/;FileEndpoint=https://seannse.file.core.windows.net/;BlobSecondaryEndpoint=https://seannse-secondary.blob.core.windows.net/;QueueSecondaryEndpoint=https://seannse-secondary.queue.core.windows.net/;FileSecondaryEndpoint=https://seannse-secondary.file.core.windows.net/;AccountName=seannse;AccountKey=Sanitized\n"
  }
}