{
  "Entries": [
    {
      "RequestUri": "http://seanstagehierarchical.blob.core.windows.net/test-filesystem-e68d54c0-14ac-8b15-0976-04b7ccee03bc?restype=container",
      "RequestMethod": "PUT",
      "RequestHeaders": {
        "Authorization": "Sanitized",
        "traceparent": "00-23e69e9b55e202498f81d7ee4bcb773a-4aed1dbb06669c40-00",
        "User-Agent": [
          "azsdk-net-Storage.Files.DataLake/12.0.0-dev.20191210.1\u002B5758cdf8298d3305c897cb7ba843ddd732c229c1",
          "(.NET Core 4.6.28008.01; Microsoft Windows 10.0.18363 )"
        ],
        "x-ms-blob-public-access": "container",
        "x-ms-client-request-id": "55fbb655-ec55-5c46-0828-8b9b94c49d7c",
        "x-ms-date": "Wed, 11 Dec 2019 06:16:32 GMT",
        "x-ms-return-client-request-id": "true",
        "x-ms-version": "2019-07-07"
      },
      "RequestBody": null,
      "StatusCode": 201,
      "ResponseHeaders": {
        "Content-Length": "0",
        "Date": "Wed, 11 Dec 2019 06:16:32 GMT",
        "ETag": "\u00220x8D77E01AB2F20B1\u0022",
        "Last-Modified": "Wed, 11 Dec 2019 06:16:32 GMT",
        "Server": [
          "Windows-Azure-Blob/1.0",
          "Microsoft-HTTPAPI/2.0"
        ],
        "x-ms-client-request-id": "55fbb655-ec55-5c46-0828-8b9b94c49d7c",
        "x-ms-request-id": "8840f350-e01e-001e-7cea-af7ee3000000",
        "x-ms-version": "2019-07-07"
      },
      "ResponseBody": []
    },
    {
      "RequestUri": "http://seanstagehierarchical.blob.core.windows.net/test-filesystem-e68d54c0-14ac-8b15-0976-04b7ccee03bc?restype=container\u0026comp=acl",
      "RequestMethod": "PUT",
      "RequestHeaders": {
        "Authorization": "Sanitized",
        "Content-Length": "250",
        "Content-Type": "application/xml",
        "If-Modified-Since": "Thu, 12 Dec 2019 06:16:32 GMT",
        "traceparent": "00-9028da19d9d9cc43bab90ac72ef38a5c-fc3693a29380d249-00",
        "User-Agent": [
          "azsdk-net-Storage.Files.DataLake/12.0.0-dev.20191210.1\u002B5758cdf8298d3305c897cb7ba843ddd732c229c1",
          "(.NET Core 4.6.28008.01; Microsoft Windows 10.0.18363 )"
        ],
        "x-ms-blob-public-access": "container",
        "x-ms-client-request-id": "3d10c354-bb67-9e14-4ebf-2c325f5b2ace",
        "x-ms-date": "Wed, 11 Dec 2019 06:16:32 GMT",
        "x-ms-return-client-request-id": "true",
        "x-ms-version": "2019-07-07"
      },
      "RequestBody": "\u003CSignedIdentifiers\u003E\u003CSignedIdentifier\u003E\u003CId\u003Escbwhwywsypblcmvmmvp\u003C/Id\u003E\u003CAccessPolicy\u003E\u003CStart\u003E2019-12-11T05:16:32.7966120Z\u003C/Start\u003E\u003CExpiry\u003E2019-12-11T07:16:32.7966120Z\u003C/Expiry\u003E\u003CPermission\u003Ercw\u003C/Permission\u003E\u003C/AccessPolicy\u003E\u003C/SignedIdentifier\u003E\u003C/SignedIdentifiers\u003E",
      "StatusCode": 412,
      "ResponseHeaders": {
        "Content-Length": "252",
        "Content-Type": "application/xml",
        "Date": "Wed, 11 Dec 2019 06:16:32 GMT",
        "Server": [
          "Windows-Azure-Blob/1.0",
          "Microsoft-HTTPAPI/2.0"
        ],
        "x-ms-client-request-id": "3d10c354-bb67-9e14-4ebf-2c325f5b2ace",
        "x-ms-error-code": "ConditionNotMet",
        "x-ms-request-id": "8840f352-e01e-001e-7dea-af7ee3000000",
        "x-ms-version": "2019-07-07"
      },
      "ResponseBody": [
        "\uFEFF\u003C?xml version=\u00221.0\u0022 encoding=\u0022utf-8\u0022?\u003E\u003CError\u003E\u003CCode\u003EConditionNotMet\u003C/Code\u003E\u003CMessage\u003EThe condition specified using HTTP conditional header(s) is not met.\n",
        "RequestId:8840f352-e01e-001e-7dea-af7ee3000000\n",
        "Time:2019-12-11T06:16:33.1034094Z\u003C/Message\u003E\u003C/Error\u003E"
      ]
    },
    {
      "RequestUri": "http://seanstagehierarchical.blob.core.windows.net/test-filesystem-e68d54c0-14ac-8b15-0976-04b7ccee03bc?restype=container",
      "RequestMethod": "DELETE",
      "RequestHeaders": {
        "Authorization": "Sanitized",
        "traceparent": "00-144f19002cedfd4aa40e16381ad4b73a-6de190fac8aff941-00",
        "User-Agent": [
          "azsdk-net-Storage.Files.DataLake/12.0.0-dev.20191210.1\u002B5758cdf8298d3305c897cb7ba843ddd732c229c1",
          "(.NET Core 4.6.28008.01; Microsoft Windows 10.0.18363 )"
        ],
        "x-ms-client-request-id": "aeda401a-24b5-36ad-99c7-034e85e53e99",
        "x-ms-date": "Wed, 11 Dec 2019 06:16:33 GMT",
        "x-ms-return-client-request-id": "true",
        "x-ms-version": "2019-07-07"
      },
      "RequestBody": null,
      "StatusCode": 202,
      "ResponseHeaders": {
        "Content-Length": "0",
        "Date": "Wed, 11 Dec 2019 06:16:32 GMT",
        "Server": [
          "Windows-Azure-Blob/1.0",
          "Microsoft-HTTPAPI/2.0"
        ],
        "x-ms-client-request-id": "aeda401a-24b5-36ad-99c7-034e85e53e99",
        "x-ms-request-id": "8840f354-e01e-001e-7fea-af7ee3000000",
        "x-ms-version": "2019-07-07"
      },
      "ResponseBody": []
    },
    {
      "RequestUri": "http://seanstagehierarchical.blob.core.windows.net/test-filesystem-0021734d-e5de-22b2-9095-3db6704b2935?restype=container",
      "RequestMethod": "PUT",
      "RequestHeaders": {
        "Authorization": "Sanitized",
        "traceparent": "00-af049a8223c9c34c9bddfdf4f01fa5cd-65a5952227226947-00",
        "User-Agent": [
          "azsdk-net-Storage.Files.DataLake/12.0.0-dev.20191210.1\u002B5758cdf8298d3305c897cb7ba843ddd732c229c1",
          "(.NET Core 4.6.28008.01; Microsoft Windows 10.0.18363 )"
        ],
        "x-ms-blob-public-access": "container",
        "x-ms-client-request-id": "027cb172-fef7-35e7-8eb8-1e20e6f6c54d",
        "x-ms-date": "Wed, 11 Dec 2019 06:16:33 GMT",
        "x-ms-return-client-request-id": "true",
        "x-ms-version": "2019-07-07"
      },
      "RequestBody": null,
      "StatusCode": 201,
      "ResponseHeaders": {
        "Content-Length": "0",
        "Date": "Wed, 11 Dec 2019 06:16:32 GMT",
        "ETag": "\u00220x8D77E01AB752A5E\u0022",
        "Last-Modified": "Wed, 11 Dec 2019 06:16:33 GMT",
        "Server": [
          "Windows-Azure-Blob/1.0",
          "Microsoft-HTTPAPI/2.0"
        ],
        "x-ms-client-request-id": "027cb172-fef7-35e7-8eb8-1e20e6f6c54d",
        "x-ms-request-id": "8840f355-e01e-001e-80ea-af7ee3000000",
        "x-ms-version": "2019-07-07"
      },
      "ResponseBody": []
    },
    {
      "RequestUri": "http://seanstagehierarchical.blob.core.windows.net/test-filesystem-0021734d-e5de-22b2-9095-3db6704b2935?restype=container\u0026comp=acl",
      "RequestMethod": "PUT",
      "RequestHeaders": {
        "Authorization": "Sanitized",
        "Content-Length": "250",
        "Content-Type": "application/xml",
        "If-Unmodified-Since": "Tue, 10 Dec 2019 06:16:32 GMT",
        "traceparent": "00-c97c0f87a79c4d4284b323e1505de811-6a40a3b280ad474c-00",
        "User-Agent": [
          "azsdk-net-Storage.Files.DataLake/12.0.0-dev.20191210.1\u002B5758cdf8298d3305c897cb7ba843ddd732c229c1",
          "(.NET Core 4.6.28008.01; Microsoft Windows 10.0.18363 )"
        ],
        "x-ms-blob-public-access": "container",
        "x-ms-client-request-id": "534dd556-ab98-14a6-d75d-8ce8c4727fc4",
        "x-ms-date": "Wed, 11 Dec 2019 06:16:33 GMT",
        "x-ms-return-client-request-id": "true",
        "x-ms-version": "2019-07-07"
      },
      "RequestBody": "\u003CSignedIdentifiers\u003E\u003CSignedIdentifier\u003E\u003CId\u003Edrehdkvygbprumnrrabj\u003C/Id\u003E\u003CAccessPolicy\u003E\u003CStart\u003E2019-12-11T05:16:32.7966120Z\u003C/Start\u003E\u003CExpiry\u003E2019-12-11T07:16:32.7966120Z\u003C/Expiry\u003E\u003CPermission\u003Ercw\u003C/Permission\u003E\u003C/AccessPolicy\u003E\u003C/SignedIdentifier\u003E\u003C/SignedIdentifiers\u003E",
      "StatusCode": 412,
      "ResponseHeaders": {
        "Content-Length": "252",
        "Content-Type": "application/xml",
        "Date": "Wed, 11 Dec 2019 06:16:32 GMT",
        "Server": [
          "Windows-Azure-Blob/1.0",
          "Microsoft-HTTPAPI/2.0"
        ],
        "x-ms-client-request-id": "534dd556-ab98-14a6-d75d-8ce8c4727fc4",
        "x-ms-error-code": "ConditionNotMet",
        "x-ms-request-id": "8840f357-e01e-001e-01ea-af7ee3000000",
        "x-ms-version": "2019-07-07"
      },
      "ResponseBody": [
        "\uFEFF\u003C?xml version=\u00221.0\u0022 encoding=\u0022utf-8\u0022?\u003E\u003CError\u003E\u003CCode\u003EConditionNotMet\u003C/Code\u003E\u003CMessage\u003EThe condition specified using HTTP conditional header(s) is not met.\n",
        "RequestId:8840f357-e01e-001e-01ea-af7ee3000000\n",
        "Time:2019-12-11T06:16:33.3904101Z\u003C/Message\u003E\u003C/Error\u003E"
      ]
    },
    {
      "RequestUri": "http://seanstagehierarchical.blob.core.windows.net/test-filesystem-0021734d-e5de-22b2-9095-3db6704b2935?restype=container",
      "RequestMethod": "DELETE",
      "RequestHeaders": {
        "Authorization": "Sanitized",
        "traceparent": "00-12c289039cb66241a3396dbd4210ebe0-7ce1dce2907bbb47-00",
        "User-Agent": [
          "azsdk-net-Storage.Files.DataLake/12.0.0-dev.20191210.1\u002B5758cdf8298d3305c897cb7ba843ddd732c229c1",
          "(.NET Core 4.6.28008.01; Microsoft Windows 10.0.18363 )"
        ],
        "x-ms-client-request-id": "ca559336-f0d4-2426-8028-ea2155a803eb",
        "x-ms-date": "Wed, 11 Dec 2019 06:16:33 GMT",
        "x-ms-return-client-request-id": "true",
        "x-ms-version": "2019-07-07"
      },
      "RequestBody": null,
      "StatusCode": 202,
      "ResponseHeaders": {
        "Content-Length": "0",
        "Date": "Wed, 11 Dec 2019 06:16:32 GMT",
        "Server": [
          "Windows-Azure-Blob/1.0",
          "Microsoft-HTTPAPI/2.0"
        ],
        "x-ms-client-request-id": "ca559336-f0d4-2426-8028-ea2155a803eb",
        "x-ms-request-id": "8840f358-e01e-001e-02ea-af7ee3000000",
        "x-ms-version": "2019-07-07"
      },
      "ResponseBody": []
    },
    {
      "RequestUri": "http://seanstagehierarchical.blob.core.windows.net/test-filesystem-882f9278-f871-8ace-3460-c44738438994?restype=container",
      "RequestMethod": "PUT",
      "RequestHeaders": {
        "Authorization": "Sanitized",
        "traceparent": "00-347efb3839817e4d87b32f560478e03d-a959acd1a2bf1d43-00",
        "User-Agent": [
          "azsdk-net-Storage.Files.DataLake/12.0.0-dev.20191210.1\u002B5758cdf8298d3305c897cb7ba843ddd732c229c1",
          "(.NET Core 4.6.28008.01; Microsoft Windows 10.0.18363 )"
        ],
        "x-ms-blob-public-access": "container",
        "x-ms-client-request-id": "f8ea874d-7313-3d47-c4cb-95742cdeec3c",
        "x-ms-date": "Wed, 11 Dec 2019 06:16:33 GMT",
        "x-ms-return-client-request-id": "true",
        "x-ms-version": "2019-07-07"
      },
      "RequestBody": null,
      "StatusCode": 201,
      "ResponseHeaders": {
        "Content-Length": "0",
        "Date": "Wed, 11 Dec 2019 06:16:32 GMT",
        "ETag": "\u00220x8D77E01ABA0CE3A\u0022",
        "Last-Modified": "Wed, 11 Dec 2019 06:16:33 GMT",
        "Server": [
          "Windows-Azure-Blob/1.0",
          "Microsoft-HTTPAPI/2.0"
        ],
        "x-ms-client-request-id": "f8ea874d-7313-3d47-c4cb-95742cdeec3c",
        "x-ms-request-id": "8840f359-e01e-001e-03ea-af7ee3000000",
        "x-ms-version": "2019-07-07"
      },
      "ResponseBody": []
    },
    {
      "RequestUri": "http://seanstagehierarchical.blob.core.windows.net/test-filesystem-882f9278-f871-8ace-3460-c44738438994?restype=container\u0026comp=acl",
      "RequestMethod": "PUT",
      "RequestHeaders": {
        "Authorization": "Sanitized",
        "Content-Length": "250",
        "Content-Type": "application/xml",
        "traceparent": "00-516360f154b44e438c479352a2acee07-c98f1091e148204b-00",
        "User-Agent": [
          "azsdk-net-Storage.Files.DataLake/12.0.0-dev.20191210.1\u002B5758cdf8298d3305c897cb7ba843ddd732c229c1",
          "(.NET Core 4.6.28008.01; Microsoft Windows 10.0.18363 )"
        ],
        "x-ms-blob-public-access": "container",
        "x-ms-client-request-id": "7cf115bf-25b8-a655-ca2f-3b5d22e0aa4e",
        "x-ms-date": "Wed, 11 Dec 2019 06:16:33 GMT",
        "x-ms-lease-id": "\u0022garbage\u0022",
        "x-ms-return-client-request-id": "true",
        "x-ms-version": "2019-07-07"
      },
      "RequestBody": "\u003CSignedIdentifiers\u003E\u003CSignedIdentifier\u003E\u003CId\u003Enbfcsmqjdrheepjlnvat\u003C/Id\u003E\u003CAccessPolicy\u003E\u003CStart\u003E2019-12-11T05:16:32.7966120Z\u003C/Start\u003E\u003CExpiry\u003E2019-12-11T07:16:32.7966120Z\u003C/Expiry\u003E\u003CPermission\u003Ercw\u003C/Permission\u003E\u003C/AccessPolicy\u003E\u003C/SignedIdentifier\u003E\u003C/SignedIdentifiers\u003E",
      "StatusCode": 400,
      "ResponseHeaders": {
        "Content-Length": "328",
        "Content-Type": "application/xml",
        "Date": "Wed, 11 Dec 2019 06:16:33 GMT",
        "Server": [
          "Windows-Azure-Blob/1.0",
          "Microsoft-HTTPAPI/2.0"
        ],
        "x-ms-client-request-id": "7cf115bf-25b8-a655-ca2f-3b5d22e0aa4e",
        "x-ms-error-code": "InvalidHeaderValue",
        "x-ms-request-id": "8840f35b-e01e-001e-04ea-af7ee3000000",
        "x-ms-version": "2019-07-07"
      },
      "ResponseBody": [
        "\uFEFF\u003C?xml version=\u00221.0\u0022 encoding=\u0022utf-8\u0022?\u003E\u003CError\u003E\u003CCode\u003EInvalidHeaderValue\u003C/Code\u003E\u003CMessage\u003EThe value for one of the HTTP headers is not in the correct format.\n",
        "RequestId:8840f35b-e01e-001e-04ea-af7ee3000000\n",
        "Time:2019-12-11T06:16:33.6744099Z\u003C/Message\u003E\u003CHeaderName\u003Ex-ms-lease-id\u003C/HeaderName\u003E\u003CHeaderValue\u003E\u0022garbage\u0022\u003C/HeaderValue\u003E\u003C/Error\u003E"
      ]
    },
    {
      "RequestUri": "http://seanstagehierarchical.blob.core.windows.net/test-filesystem-882f9278-f871-8ace-3460-c44738438994?restype=container",
      "RequestMethod": "DELETE",
      "RequestHeaders": {
        "Authorization": "Sanitized",
        "traceparent": "00-9a038d232ba7284585515d100f32dfec-ed8fcc9733e9f940-00",
        "User-Agent": [
          "azsdk-net-Storage.Files.DataLake/12.0.0-dev.20191210.1\u002B5758cdf8298d3305c897cb7ba843ddd732c229c1",
          "(.NET Core 4.6.28008.01; Microsoft Windows 10.0.18363 )"
        ],
        "x-ms-client-request-id": "b4f61c9d-7dec-33f8-3bd9-235b380f2e3d",
        "x-ms-date": "Wed, 11 Dec 2019 06:16:33 GMT",
        "x-ms-return-client-request-id": "true",
        "x-ms-version": "2019-07-07"
      },
      "RequestBody": null,
      "StatusCode": 202,
      "ResponseHeaders": {
        "Content-Length": "0",
        "Date": "Wed, 11 Dec 2019 06:16:33 GMT",
        "Server": [
          "Windows-Azure-Blob/1.0",
          "Microsoft-HTTPAPI/2.0"
        ],
        "x-ms-client-request-id": "b4f61c9d-7dec-33f8-3bd9-235b380f2e3d",
        "x-ms-request-id": "8840f35c-e01e-001e-05ea-af7ee3000000",
        "x-ms-version": "2019-07-07"
      },
      "ResponseBody": []
    }
  ],
  "Variables": {
    "DateTimeOffsetNow": "2019-12-10T22:16:32.7966120-08:00",
    "RandomSeed": "1920142689",
    "Storage_TestConfigHierarchicalNamespace": "NamespaceTenant\nseanstagehierarchical\nU2FuaXRpemVk\nhttp://seanstagehierarchical.blob.core.windows.net\nhttp://seanstagehierarchical.file.core.windows.net\nhttp://seanstagehierarchical.queue.core.windows.net\nhttp://seanstagehierarchical.table.core.windows.net\n\n\n\n\nhttp://seanstagehierarchical-secondary.blob.core.windows.net\nhttp://seanstagehierarchical-secondary.file.core.windows.net\nhttp://seanstagehierarchical-secondary.queue.core.windows.net\nhttp://seanstagehierarchical-secondary.table.core.windows.net\n68390a19-a643-458b-b726-408abf67b4fc\nSanitized\n72f988bf-86f1-41af-91ab-2d7cd011db47\nhttps://login.microsoftonline.com/\nCloud\nBlobEndpoint=http://seanstagehierarchical.blob.core.windows.net/;QueueEndpoint=http://seanstagehierarchical.queue.core.windows.net/;FileEndpoint=http://seanstagehierarchical.file.core.windows.net/;BlobSecondaryEndpoint=http://seanstagehierarchical-secondary.blob.core.windows.net/;QueueSecondaryEndpoint=http://seanstagehierarchical-secondary.queue.core.windows.net/;FileSecondaryEndpoint=http://seanstagehierarchical-secondary.file.core.windows.net/;AccountName=seanstagehierarchical;AccountKey=Sanitized\n"
  }
}