{
  "Entries": [
    {
      "RequestUri": "http://amandaadlscanary.blob.core.windows.net/test-filesystem-a184aa86-e86a-dd71-1b0a-e5e5c94b8e5b?restype=container",
      "RequestMethod": "PUT",
      "RequestHeaders": {
        "Authorization": "Sanitized",
        "traceparent": "00-dee02a5f840594499cb39310587e8260-bc1de142aaf65e45-00",
        "User-Agent": [
          "azsdk-net-Storage.Files.DataLake/12.2.0-dev.20200426.1",
          "(.NET Core 4.6.28619.01; Microsoft Windows 10.0.18363 )"
        ],
        "x-ms-blob-public-access": "container",
        "x-ms-client-request-id": "718a4322-89cc-f95a-b9a1-185dad320276",
        "x-ms-date": "Mon, 27 Apr 2020 04:56:25 GMT",
        "x-ms-return-client-request-id": "true",
        "x-ms-version": "2019-12-12"
      },
      "RequestBody": null,
      "StatusCode": 201,
      "ResponseHeaders": {
        "Content-Length": "0",
        "Date": "Mon, 27 Apr 2020 04:56:25 GMT",
        "ETag": "\u00220x8D7EA67570E10CA\u0022",
        "Last-Modified": "Mon, 27 Apr 2020 04:56:25 GMT",
        "Server": [
          "Windows-Azure-Blob/1.0",
          "Microsoft-HTTPAPI/2.0"
        ],
        "x-ms-client-request-id": "718a4322-89cc-f95a-b9a1-185dad320276",
        "x-ms-request-id": "0116a5d2-c01e-00c2-1a50-1cb0a7000000",
        "x-ms-version": "2019-12-12"
      },
      "ResponseBody": []
    },
    {
      "RequestUri": "http://amandaadlscanary.blob.core.windows.net/test-filesystem-a184aa86-e86a-dd71-1b0a-e5e5c94b8e5b?restype=container\u0026comp=acl",
      "RequestMethod": "PUT",
      "RequestHeaders": {
        "Authorization": "Sanitized",
        "Content-Length": "250",
        "Content-Type": "application/xml",
        "traceparent": "00-57f24a709fc51c4b9bb08e6a611f6486-05e3f6a1003ed24f-00",
        "User-Agent": [
          "azsdk-net-Storage.Files.DataLake/12.2.0-dev.20200426.1",
          "(.NET Core 4.6.28619.01; Microsoft Windows 10.0.18363 )"
        ],
        "x-ms-client-request-id": "d3ec49e8-2278-32d2-8a99-194d014a2589",
        "x-ms-date": "Mon, 27 Apr 2020 04:56:26 GMT",
        "x-ms-return-client-request-id": "true",
        "x-ms-version": "2019-12-12"
      },
      "RequestBody": "\u003CSignedIdentifiers\u003E\u003CSignedIdentifier\u003E\u003CId\u003Emygwdwgkxwyvnitjwqlj\u003C/Id\u003E\u003CAccessPolicy\u003E\u003CStart\u003E2020-04-27T03:56:26.0195809Z\u003C/Start\u003E\u003CExpiry\u003E2020-04-27T05:56:26.0195809Z\u003C/Expiry\u003E\u003CPermission\u003Ercw\u003C/Permission\u003E\u003C/AccessPolicy\u003E\u003C/SignedIdentifier\u003E\u003C/SignedIdentifiers\u003E",
      "StatusCode": 200,
      "ResponseHeaders": {
        "Content-Length": "0",
        "Date": "Mon, 27 Apr 2020 04:56:25 GMT",
        "ETag": "\u00220x8D7EA67571C12AD\u0022",
        "Last-Modified": "Mon, 27 Apr 2020 04:56:26 GMT",
        "Server": [
          "Windows-Azure-Blob/1.0",
          "Microsoft-HTTPAPI/2.0"
        ],
        "x-ms-client-request-id": "d3ec49e8-2278-32d2-8a99-194d014a2589",
        "x-ms-request-id": "0116a5d6-c01e-00c2-1d50-1cb0a7000000",
        "x-ms-version": "2019-12-12"
      },
      "ResponseBody": []
    },
    {
      "RequestUri": "http://amandaadlscanary.dfs.core.windows.net/test-filesystem-a184aa86-e86a-dd71-1b0a-e5e5c94b8e5b/test-directory-adb47b6f-7312-5d30-b60a-60f05c8e1b4c?sv=2019-07-07\u0026si=mygwdwgkxwyvnitjwqlj\u0026sr=c\u0026sig=Sanitized\u0026resource=directory",
      "RequestMethod": "PUT",
      "RequestHeaders": {
        "traceparent": "00-a812e89cc4c2434ea0647d25025b803f-3d29c863e17cae46-00",
        "User-Agent": [
          "azsdk-net-Storage.Files.DataLake/12.2.0-dev.20200426.1",
          "(.NET Core 4.6.28619.01; Microsoft Windows 10.0.18363 )"
        ],
        "x-ms-client-request-id": "2a01b489-8cdd-7588-188f-1c6dc1e2d6fb",
        "x-ms-return-client-request-id": "true",
        "x-ms-version": "2019-12-12"
      },
      "RequestBody": null,
      "StatusCode": 201,
      "ResponseHeaders": {
        "Content-Length": "0",
        "Date": "Mon, 27 Apr 2020 04:56:25 GMT",
        "ETag": "\u00220x8D7EA675729B193\u0022",
        "Last-Modified": "Mon, 27 Apr 2020 04:56:26 GMT",
        "Server": [
          "Windows-Azure-HDFS/1.0",
          "Microsoft-HTTPAPI/2.0"
        ],
        "x-ms-client-request-id": "2a01b489-8cdd-7588-188f-1c6dc1e2d6fb",
        "x-ms-request-id": "e519f7e0-701f-00e8-7150-1c6fb7000000",
        "x-ms-version": "2019-12-12"
      },
      "ResponseBody": []
    },
    {
      "RequestUri": "http://amandaadlscanary.blob.core.windows.net/test-filesystem-a184aa86-e86a-dd71-1b0a-e5e5c94b8e5b?restype=container",
      "RequestMethod": "DELETE",
      "RequestHeaders": {
        "Authorization": "Sanitized",
        "traceparent": "00-f1c3500e8f36d64da4cc7c1111d6db46-99f60b2cabf3f444-00",
        "User-Agent": [
          "azsdk-net-Storage.Files.DataLake/12.2.0-dev.20200426.1",
          "(.NET Core 4.6.28619.01; Microsoft Windows 10.0.18363 )"
        ],
        "x-ms-client-request-id": "a766a44c-f08d-a56f-7b70-d5a7d3a0dc66",
        "x-ms-date": "Mon, 27 Apr 2020 04:56:26 GMT",
        "x-ms-return-client-request-id": "true",
        "x-ms-version": "2019-12-12"
      },
      "RequestBody": null,
      "StatusCode": 202,
      "ResponseHeaders": {
        "Content-Length": "0",
        "Date": "Mon, 27 Apr 2020 04:56:26 GMT",
        "Server": [
          "Windows-Azure-Blob/1.0",
          "Microsoft-HTTPAPI/2.0"
        ],
        "x-ms-client-request-id": "a766a44c-f08d-a56f-7b70-d5a7d3a0dc66",
        "x-ms-request-id": "0116a5e1-c01e-00c2-2750-1cb0a7000000",
        "x-ms-version": "2019-12-12"
      },
      "ResponseBody": []
    }
  ],
  "Variables": {
    "DateTimeOffsetNow": "2020-04-26T21:56:26.0195809-07:00",
    "RandomSeed": "914990423",
    "Storage_TestConfigHierarchicalNamespace": "NamespaceTenant\namandaadlscanary\nU2FuaXRpemVk\nhttp://amandaadlscanary.blob.core.windows.net\nhttp://amandaadlscanary.file.core.windows.net\nhttp://amandaadlscanary.queue.core.windows.net\nhttp://amandaadlscanary.table.core.windows.net\n\n\n\n\nhttp://amandaadlscanary-secondary.blob.core.windows.net\nhttp://amandaadlscanary-secondary.file.core.windows.net\nhttp://amandaadlscanary-secondary.queue.core.windows.net\nhttp://amandaadlscanary-secondary.table.core.windows.net\n68390a19-a643-458b-b726-408abf67b4fc\nSanitized\n72f988bf-86f1-41af-91ab-2d7cd011db47\nhttps://login.microsoftonline.com/\nCloud\nBlobEndpoint=http://amandaadlscanary.blob.core.windows.net/;QueueEndpoint=http://amandaadlscanary.queue.core.windows.net/;FileEndpoint=http://amandaadlscanary.file.core.windows.net/;BlobSecondaryEndpoint=http://amandaadlscanary-secondary.blob.core.windows.net/;QueueSecondaryEndpoint=http://amandaadlscanary-secondary.queue.core.windows.net/;FileSecondaryEndpoint=http://amandaadlscanary-secondary.file.core.windows.net/;AccountName=amandaadlscanary;AccountKey=Sanitized\n\n\n"
  }
}