{
  "Entries": [
    {
      "RequestUri": "http://seannsecanary.blob.core.windows.net/test-filesystem-752128e9-49e9-6e7c-6261-e8e3397ff698?restype=container",
      "RequestMethod": "PUT",
      "RequestHeaders": {
        "Accept": "application/xml",
        "Authorization": "Sanitized",
        "traceparent": "00-73db8bb9afa5384c92db4edc4c8822f3-1d769e5db8b56140-00",
        "User-Agent": [
          "azsdk-net-Storage.Files.DataLake/12.7.0-alpha.20210323.1",
          "(.NET 5.0.4; Microsoft Windows 10.0.19042)"
        ],
        "x-ms-blob-public-access": "container",
        "x-ms-client-request-id": "983864ff-849b-5637-9c26-923ebaf8df6b",
        "x-ms-date": "Tue, 23 Mar 2021 19:47:27 GMT",
        "x-ms-return-client-request-id": "true",
        "x-ms-version": "2020-10-02"
      },
      "RequestBody": null,
      "StatusCode": 201,
      "ResponseHeaders": {
        "Content-Length": "0",
        "Date": "Tue, 23 Mar 2021 19:47:27 GMT",
        "ETag": "\"0x8D8EE347CF5D75F\"",
        "Last-Modified": "Tue, 23 Mar 2021 19:47:27 GMT",
        "Server": [
          "Windows-Azure-Blob/1.0",
          "Microsoft-HTTPAPI/2.0"
        ],
        "x-ms-client-request-id": "983864ff-849b-5637-9c26-923ebaf8df6b",
        "x-ms-request-id": "e68cd9af-201e-004c-371d-20dd90000000",
        "x-ms-version": "2020-10-02"
      },
      "ResponseBody": []
    },
    {
      "RequestUri": "http://seannsecanary.dfs.core.windows.net/test-filesystem-752128e9-49e9-6e7c-6261-e8e3397ff698/directory?resource=directory",
      "RequestMethod": "PUT",
      "RequestHeaders": {
        "Accept": "application/json",
        "Authorization": "Sanitized",
        "traceparent": "00-01056183e2dcfc4c8e4dfbb4873e7f09-e0b1898e46f5cc44-00",
        "User-Agent": [
          "azsdk-net-Storage.Files.DataLake/12.7.0-alpha.20210323.1",
          "(.NET 5.0.4; Microsoft Windows 10.0.19042)"
        ],
        "x-ms-client-request-id": "d4e3f144-5e47-e4fd-35ba-6456a2f9e06f",
        "x-ms-date": "Tue, 23 Mar 2021 19:47:27 GMT",
        "x-ms-return-client-request-id": "true",
        "x-ms-version": "2020-10-02"
      },
      "RequestBody": null,
      "StatusCode": 201,
      "ResponseHeaders": {
        "Content-Length": "0",
        "Date": "Tue, 23 Mar 2021 19:47:26 GMT",
        "ETag": "\"0x8D8EE347D02DE8F\"",
        "Last-Modified": "Tue, 23 Mar 2021 19:47:27 GMT",
        "Server": [
          "Windows-Azure-HDFS/1.0",
          "Microsoft-HTTPAPI/2.0"
        ],
        "x-ms-client-request-id": "d4e3f144-5e47-e4fd-35ba-6456a2f9e06f",
        "x-ms-request-id": "9c1f587e-001f-0080-231d-20b2a6000000",
        "x-ms-version": "2020-10-02"
      },
      "ResponseBody": []
    },
    {
      "RequestUri": "http://seannsecanary.dfs.core.windows.net/test-filesystem-752128e9-49e9-6e7c-6261-e8e3397ff698/directory?recursive=true",
      "RequestMethod": "DELETE",
      "RequestHeaders": {
        "Accept": "application/json",
        "Authorization": "Sanitized",
        "traceparent": "00-30a8cceead57ed45b3a16da45ea3ad93-1ba18dd7ae453c46-00",
        "User-Agent": [
          "azsdk-net-Storage.Files.DataLake/12.7.0-alpha.20210323.1",
          "(.NET 5.0.4; Microsoft Windows 10.0.19042)"
        ],
        "x-ms-client-request-id": "c9fa46f0-0b14-3524-5400-321cac4911f6",
        "x-ms-date": "Tue, 23 Mar 2021 19:47:27 GMT",
        "x-ms-return-client-request-id": "true",
        "x-ms-version": "2020-10-02"
      },
      "RequestBody": null,
      "StatusCode": 200,
      "ResponseHeaders": {
        "Content-Length": "0",
        "Date": "Tue, 23 Mar 2021 19:47:26 GMT",
        "Server": [
          "Windows-Azure-HDFS/1.0",
          "Microsoft-HTTPAPI/2.0"
        ],
        "x-ms-client-request-id": "c9fa46f0-0b14-3524-5400-321cac4911f6",
        "x-ms-delete-type-permanent": "false",
        "x-ms-deletion-id": "132610024476751213",
        "x-ms-request-id": "9c1f5880-001f-0080-251d-20b2a6000000",
        "x-ms-version": "2020-10-02"
      },
      "ResponseBody": []
    },
    {
      "RequestUri": "http://seannsecanary.blob.core.windows.net/test-filesystem-752128e9-49e9-6e7c-6261-e8e3397ff698?restype=container&comp=list&showonly=deleted",
      "RequestMethod": "GET",
      "RequestHeaders": {
        "Accept": "application/xml",
        "Authorization": "Sanitized",
        "User-Agent": [
          "azsdk-net-Storage.Files.DataLake/12.7.0-alpha.20210323.1",
          "(.NET 5.0.4; Microsoft Windows 10.0.19042)"
        ],
        "x-ms-client-request-id": "5b65d1fd-16ff-d65a-1fa9-93318303417c",
        "x-ms-date": "Tue, 23 Mar 2021 19:47:27 GMT",
        "x-ms-return-client-request-id": "true",
        "x-ms-version": "2020-10-02"
      },
      "RequestBody": null,
      "StatusCode": 200,
      "ResponseHeaders": {
        "Content-Type": "application/xml",
        "Date": "Tue, 23 Mar 2021 19:47:27 GMT",
        "Server": [
          "Windows-Azure-Blob/1.0",
          "Microsoft-HTTPAPI/2.0"
        ],
        "Transfer-Encoding": "chunked",
        "x-ms-client-request-id": "5b65d1fd-16ff-d65a-1fa9-93318303417c",
        "x-ms-request-id": "e68cd9f1-201e-004c-731d-20dd90000000",
        "x-ms-version": "2020-10-02"
      },
      "ResponseBody": "﻿<?xml version=\"1.0\" encoding=\"utf-8\"?><EnumerationResults ServiceEndpoint=\"http://seannsecanary.blob.core.windows.net/\" ContainerName=\"test-filesystem-752128e9-49e9-6e7c-6261-e8e3397ff698\"><Blobs><Blob><Name>directory</Name><DeletionId>132610024476751213</DeletionId><Deleted>true</Deleted><Properties><Creation-Time>Tue, 23 Mar 2021 19:47:27 GMT</Creation-Time><Last-Modified>Tue, 23 Mar 2021 19:47:27 GMT</Last-Modified><Expiry-Time>Tue, 30 Mar 2021 19:47:27 GMT</Expiry-Time><Etag>0x8D8EE347D02DE8F</Etag><Content-Length>0</Content-Length><Content-Type>application/octet-stream</Content-Type><Content-Encoding /><Content-Language /><Content-CRC64>AAAAAAAAAAA=</Content-CRC64><Content-MD5 /><Cache-Control /><Content-Disposition /><BlobType>BlockBlob</BlobType><AccessTier>Hot</AccessTier><AccessTierInferred>true</AccessTierInferred><ServerEncrypted>true</ServerEncrypted><DeletedTime>Tue, 23 Mar 2021 19:47:27 GMT</DeletedTime><RemainingRetentionDays>6</RemainingRetentionDays></Properties><OrMetadata /></Blob></Blobs><NextMarker /></EnumerationResults>"
    },
    {
      "RequestUri": "http://seannsecanary.blob.core.windows.net/test-filesystem-752128e9-49e9-6e7c-6261-e8e3397ff698/directory?comp=undelete",
      "RequestMethod": "PUT",
      "RequestHeaders": {
        "Accept": "application/json",
        "Authorization": "Sanitized",
        "traceparent": "00-343bca066eb32f4fb9d84bfecdb0b3e1-57aab80cab556941-00",
        "User-Agent": [
          "azsdk-net-Storage.Files.DataLake/12.7.0-alpha.20210323.1",
          "(.NET 5.0.4; Microsoft Windows 10.0.19042)"
        ],
        "x-ms-client-request-id": "db1f0d92-b5e3-8ff7-446e-3580bae90bcd",
        "x-ms-date": "Tue, 23 Mar 2021 19:47:28 GMT",
        "x-ms-return-client-request-id": "true",
        "x-ms-undelete-source": "?deletionid=132610024476751213",
        "x-ms-version": "2020-10-02"
      },
      "RequestBody": null,
      "StatusCode": 200,
      "ResponseHeaders": {
        "Content-Length": "0",
        "Date": "Tue, 23 Mar 2021 19:47:27 GMT",
        "Server": [
          "Windows-Azure-Blob/1.0",
          "Microsoft-HTTPAPI/2.0"
        ],
        "x-ms-client-request-id": "db1f0d92-b5e3-8ff7-446e-3580bae90bcd",
        "x-ms-request-id": "e68cda03-201e-004c-041d-20dd90000000",
        "x-ms-version": "2020-10-02"
      },
      "ResponseBody": []
    },
    {
      "RequestUri": "http://seannsecanary.blob.core.windows.net/test-filesystem-752128e9-49e9-6e7c-6261-e8e3397ff698/directory",
      "RequestMethod": "HEAD",
      "RequestHeaders": {
        "Accept": "application/xml",
        "Authorization": "Sanitized",
        "User-Agent": [
          "azsdk-net-Storage.Files.DataLake/12.7.0-alpha.20210323.1",
          "(.NET 5.0.4; Microsoft Windows 10.0.19042)"
        ],
        "x-ms-client-request-id": "769e2629-66e4-bd98-bbe0-935d31e9e942",
        "x-ms-date": "Tue, 23 Mar 2021 19:47:28 GMT",
        "x-ms-return-client-request-id": "true",
        "x-ms-version": "2020-10-02"
      },
      "RequestBody": null,
      "StatusCode": 200,
      "ResponseHeaders": {
        "Accept-Ranges": "bytes",
        "Content-Length": "0",
        "Content-Type": "application/octet-stream",
        "Date": "Tue, 23 Mar 2021 19:47:27 GMT",
        "ETag": "\"0x8D8EE347D02DE8F\"",
        "Last-Modified": "Tue, 23 Mar 2021 19:47:27 GMT",
        "Server": [
          "Windows-Azure-Blob/1.0",
          "Microsoft-HTTPAPI/2.0"
        ],
        "x-ms-access-tier": "Hot",
        "x-ms-access-tier-inferred": "true",
        "x-ms-blob-type": "BlockBlob",
        "x-ms-client-request-id": "769e2629-66e4-bd98-bbe0-935d31e9e942",
        "x-ms-creation-time": "Tue, 23 Mar 2021 19:47:27 GMT",
        "x-ms-group": "$superuser",
        "x-ms-lease-state": "available",
        "x-ms-lease-status": "unlocked",
        "x-ms-meta-hdi_isfolder": "true",
        "x-ms-owner": "$superuser",
        "x-ms-permissions": "rwxr-x---",
        "x-ms-request-id": "e68cda2e-201e-004c-2a1d-20dd90000000",
        "x-ms-server-encrypted": "true",
        "x-ms-version": "2020-10-02"
      },
      "ResponseBody": []
    },
    {
      "RequestUri": "http://seannsecanary.blob.core.windows.net/test-filesystem-752128e9-49e9-6e7c-6261-e8e3397ff698?restype=container",
      "RequestMethod": "DELETE",
      "RequestHeaders": {
        "Accept": "application/xml",
        "Authorization": "Sanitized",
        "traceparent": "00-dff6e20a184b2948bc4b1991dbfcdbc7-0e0a505add706e44-00",
        "User-Agent": [
          "azsdk-net-Storage.Files.DataLake/12.7.0-alpha.20210323.1",
          "(.NET 5.0.4; Microsoft Windows 10.0.19042)"
        ],
        "x-ms-client-request-id": "93567693-944b-4de9-fa93-479602fa647e",
        "x-ms-date": "Tue, 23 Mar 2021 19:47:28 GMT",
        "x-ms-return-client-request-id": "true",
        "x-ms-version": "2020-10-02"
      },
      "RequestBody": null,
      "StatusCode": 202,
      "ResponseHeaders": {
        "Content-Length": "0",
        "Date": "Tue, 23 Mar 2021 19:47:27 GMT",
        "Server": [
          "Windows-Azure-Blob/1.0",
          "Microsoft-HTTPAPI/2.0"
        ],
        "x-ms-client-request-id": "93567693-944b-4de9-fa93-479602fa647e",
        "x-ms-request-id": "e68cda45-201e-004c-3f1d-20dd90000000",
        "x-ms-version": "2020-10-02"
      },
      "ResponseBody": []
    }
  ],
  "Variables": {
    "RandomSeed": "1748756737",
    "Storage_TestConfigHierarchicalNamespace": "NamespaceTenant\nseannsecanary\nU2FuaXRpemVk\nhttp://seannsecanary.blob.core.windows.net\nhttp://seannsecanary.file.core.windows.net\nhttp://seannsecanary.queue.core.windows.net\nhttp://seannsecanary.table.core.windows.net\n\n\n\n\nhttp://seannsecanary-secondary.blob.core.windows.net\nhttp://seannsecanary-secondary.file.core.windows.net\nhttp://seannsecanary-secondary.queue.core.windows.net\nhttp://seannsecanary-secondary.table.core.windows.net\n68390a19-a643-458b-b726-408abf67b4fc\nSanitized\n72f988bf-86f1-41af-91ab-2d7cd011db47\nhttps://login.microsoftonline.com/\nCloud\nBlobEndpoint=http://seannsecanary.blob.core.windows.net/;QueueEndpoint=http://seannsecanary.queue.core.windows.net/;FileEndpoint=http://seannsecanary.file.core.windows.net/;BlobSecondaryEndpoint=http://seannsecanary-secondary.blob.core.windows.net/;QueueSecondaryEndpoint=http://seannsecanary-secondary.queue.core.windows.net/;FileSecondaryEndpoint=http://seannsecanary-secondary.file.core.windows.net/;AccountName=seannsecanary;AccountKey=Sanitized\n\n\n"
  }
}