{
  "Entries": [
    {
      "RequestUri": "/subscriptions/0b1f6471-1bf0-4dda-aec3-cb9272f09590/providers/Microsoft.Compute/locations/SoutheastAsia/publishers/MicrosoftWindowsServer/artifacttypes/vmimage/offers/WindowsServer/skus/2012-R2-Datacenter/versions?$top=1&api-version=2016-03-30",
      "EncodedRequestUri": "L3N1YnNjcmlwdGlvbnMvMGIxZjY0NzEtMWJmMC00ZGRhLWFlYzMtY2I5MjcyZjA5NTkwL3Byb3ZpZGVycy9NaWNyb3NvZnQuQ29tcHV0ZS9sb2NhdGlvbnMvU291dGhlYXN0QXNpYS9wdWJsaXNoZXJzL01pY3Jvc29mdFdpbmRvd3NTZXJ2ZXIvYXJ0aWZhY3R0eXBlcy92bWltYWdlL29mZmVycy9XaW5kb3dzU2VydmVyL3NrdXMvMjAxMi1SMi1EYXRhY2VudGVyL3ZlcnNpb25zPyR0b3A9MSZhcGktdmVyc2lvbj0yMDE2LTAzLTMw",
      "RequestMethod": "GET",
      "RequestBody": "",
      "RequestHeaders": {
        "x-ms-client-request-id": [
          "1ac4eb45-cad2-4cf1-bcd2-987f67969801"
        ],
        "accept-language": [
          "en-US"
        ],
        "User-Agent": [
          "Microsoft.Azure.Management.Compute.ComputeManagementClient/14.0.0-prerelease"
        ]
      },
      "ResponseBody": "[\r\n  {\r\n    \"location\": \"southeastasia\",\r\n    \"name\": \"4.0.20151120\",\r\n    \"id\": \"/Subscriptions/0b1f6471-1bf0-4dda-aec3-cb9272f09590/Providers/Microsoft.Compute/Locations/southeastasia/Publishers/MicrosoftWindowsServer/ArtifactTypes/VMImage/Offers/WindowsServer/Skus/2012-R2-Datacenter/Versions/4.0.20151120\"\r\n  }\r\n]",
      "ResponseHeaders": {
        "Content-Type": [
          "application/json; charset=utf-8"
        ],
        "Expires": [
          "-1"
        ],
        "Cache-Control": [
          "no-cache"
        ],
        "Date": [
          "Thu, 02 Jun 2016 01:18:45 GMT"
        ],
        "Pragma": [
          "no-cache"
        ],
        "Transfer-Encoding": [
          "chunked"
        ],
        "Server": [
          "Microsoft-HTTPAPI/2.0",
          "Microsoft-HTTPAPI/2.0"
        ],
        "Vary": [
          "Accept-Encoding"
        ],
        "Strict-Transport-Security": [
          "max-age=31536000; includeSubDomains"
        ],
        "x-ms-request-id": [
          "09d8d808-f3f2-460c-b19f-749db74a7c8a"
        ],
        "x-ms-ratelimit-remaining-subscription-reads": [
          "14993"
        ],
        "x-ms-correlation-request-id": [
          "aff4ceee-ec4c-4603-85e9-37602ce28e9e"
        ],
        "x-ms-routing-request-id": [
          "WESTUS:20160602T011846Z:aff4ceee-ec4c-4603-85e9-37602ce28e9e"
        ]
      },
      "StatusCode": 200
    },
    {
      "RequestUri": "/subscriptions/0b1f6471-1bf0-4dda-aec3-cb9272f09590/resourcegroups/crptestar4034?api-version=2015-11-01",
      "EncodedRequestUri": "L3N1YnNjcmlwdGlvbnMvMGIxZjY0NzEtMWJmMC00ZGRhLWFlYzMtY2I5MjcyZjA5NTkwL3Jlc291cmNlZ3JvdXBzL2NycHRlc3RhcjQwMzQ/YXBpLXZlcnNpb249MjAxNS0xMS0wMQ==",
      "RequestMethod": "PUT",
      "RequestBody": "{\r\n  \"location\": \"SoutheastAsia\",\r\n  \"tags\": {\r\n    \"crptestar4034\": \"2016-06-02 01:18:46Z\"\r\n  }\r\n}",
      "RequestHeaders": {
        "Content-Type": [
          "application/json; charset=utf-8"
        ],
        "Content-Length": [
          "99"
        ],
        "x-ms-client-request-id": [
          "283a563f-1c53-4a26-817b-26ccf0c89f12"
        ],
        "accept-language": [
          "en-US"
        ],
        "User-Agent": [
          "Microsoft.Azure.Management.Resources.ResourceManagementClient/1.0.0-preview"
        ]
      },
      "ResponseBody": "{\r\n  \"id\": \"/subscriptions/0b1f6471-1bf0-4dda-aec3-cb9272f09590/resourceGroups/crptestar4034\",\r\n  \"name\": \"crptestar4034\",\r\n  \"location\": \"southeastasia\",\r\n  \"tags\": {\r\n    \"crptestar4034\": \"2016-06-02 01:18:46Z\"\r\n  },\r\n  \"properties\": {\r\n    \"provisioningState\": \"Succeeded\"\r\n  }\r\n}",
      "ResponseHeaders": {
        "Content-Length": [
          "234"
        ],
        "Content-Type": [
          "application/json; charset=utf-8"
        ],
        "Expires": [
          "-1"
        ],
        "Cache-Control": [
          "no-cache"
        ],
        "Date": [
          "Thu, 02 Jun 2016 01:18:48 GMT"
        ],
        "Pragma": [
          "no-cache"
        ],
        "x-ms-ratelimit-remaining-subscription-writes": [
          "1193"
        ],
        "x-ms-request-id": [
          "25ab69bf-b57d-4019-ae7c-1d480b26e7d4"
        ],
        "x-ms-correlation-request-id": [
          "25ab69bf-b57d-4019-ae7c-1d480b26e7d4"
        ],
        "x-ms-routing-request-id": [
          "WESTUS:20160602T011848Z:25ab69bf-b57d-4019-ae7c-1d480b26e7d4"
        ],
        "Strict-Transport-Security": [
          "max-age=31536000; includeSubDomains"
        ]
      },
      "StatusCode": 201
    },
    {
      "RequestUri": "/subscriptions/0b1f6471-1bf0-4dda-aec3-cb9272f09590/resourcegroups/crptestar4034?api-version=2015-11-01",
      "EncodedRequestUri": "L3N1YnNjcmlwdGlvbnMvMGIxZjY0NzEtMWJmMC00ZGRhLWFlYzMtY2I5MjcyZjA5NTkwL3Jlc291cmNlZ3JvdXBzL2NycHRlc3RhcjQwMzQ/YXBpLXZlcnNpb249MjAxNS0xMS0wMQ==",
      "RequestMethod": "PUT",
      "RequestBody": "{\r\n  \"location\": \"SoutheastAsia\",\r\n  \"tags\": {\r\n    \"crptestar4034\": \"2016-06-02 01:19:34Z\"\r\n  }\r\n}",
      "RequestHeaders": {
        "Content-Type": [
          "application/json; charset=utf-8"
        ],
        "Content-Length": [
          "99"
        ],
        "x-ms-client-request-id": [
          "c06e6914-bbe1-4e8d-953d-7fe0ae7f9d7d"
        ],
        "accept-language": [
          "en-US"
        ],
        "User-Agent": [
          "Microsoft.Azure.Management.Resources.ResourceManagementClient/1.0.0-preview"
        ]
      },
      "ResponseBody": "{\r\n  \"id\": \"/subscriptions/0b1f6471-1bf0-4dda-aec3-cb9272f09590/resourceGroups/crptestar4034\",\r\n  \"name\": \"crptestar4034\",\r\n  \"location\": \"southeastasia\",\r\n  \"tags\": {\r\n    \"crptestar4034\": \"2016-06-02 01:19:34Z\"\r\n  },\r\n  \"properties\": {\r\n    \"provisioningState\": \"Succeeded\"\r\n  }\r\n}",
      "ResponseHeaders": {
        "Content-Type": [
          "application/json; charset=utf-8"
        ],
        "Expires": [
          "-1"
        ],
        "Cache-Control": [
          "no-cache"
        ],
        "Date": [
          "Thu, 02 Jun 2016 01:19:35 GMT"
        ],
        "Pragma": [
          "no-cache"
        ],
        "Transfer-Encoding": [
          "chunked"
        ],
        "Vary": [
          "Accept-Encoding"
        ],
        "x-ms-ratelimit-remaining-subscription-writes": [
          "1192"
        ],
        "x-ms-request-id": [
          "333ee614-a309-45dc-b8da-97e143b07824"
        ],
        "x-ms-correlation-request-id": [
          "333ee614-a309-45dc-b8da-97e143b07824"
        ],
        "x-ms-routing-request-id": [
          "WESTUS:20160602T011935Z:333ee614-a309-45dc-b8da-97e143b07824"
        ],
        "Strict-Transport-Security": [
          "max-age=31536000; includeSubDomains"
        ]
      },
      "StatusCode": 200
    },
    {
      "RequestUri": "/subscriptions/0b1f6471-1bf0-4dda-aec3-cb9272f09590/resourceGroups/crptestar4034/providers/Microsoft.Storage/storageAccounts/crptestar5083?api-version=2015-06-15",
      "EncodedRequestUri": "L3N1YnNjcmlwdGlvbnMvMGIxZjY0NzEtMWJmMC00ZGRhLWFlYzMtY2I5MjcyZjA5NTkwL3Jlc291cmNlR3JvdXBzL2NycHRlc3RhcjQwMzQvcHJvdmlkZXJzL01pY3Jvc29mdC5TdG9yYWdlL3N0b3JhZ2VBY2NvdW50cy9jcnB0ZXN0YXI1MDgzP2FwaS12ZXJzaW9uPTIwMTUtMDYtMTU=",
      "RequestMethod": "PUT",
      "RequestBody": "{\r\n  \"location\": \"SoutheastAsia\",\r\n  \"properties\": {\r\n    \"accountType\": \"Standard_GRS\"\r\n  }\r\n}",
      "RequestHeaders": {
        "Content-Type": [
          "application/json; charset=utf-8"
        ],
        "Content-Length": [
          "95"
        ],
        "x-ms-client-request-id": [
          "3ce9b750-6077-4fb1-bb2a-32d7bd1e6cf6"
        ],
        "accept-language": [
          "en-US"
        ],
        "User-Agent": [
          "Microsoft.Azure.Management.Storage.StorageManagementClient/4.1.0-preview"
        ]
      },
      "ResponseBody": "",
      "ResponseHeaders": {
        "Content-Length": [
          "0"
        ],
        "Expires": [
          "-1"
        ],
        "Cache-Control": [
          "no-cache"
        ],
        "Date": [
          "Thu, 02 Jun 2016 01:18:53 GMT"
        ],
        "Pragma": [
          "no-cache"
        ],
        "Location": [
          "https://management.azure.com/subscriptions/0b1f6471-1bf0-4dda-aec3-cb9272f09590/providers/Microsoft.Storage/operations/07d51b1f-49c2-478b-a51e-a2925b19fc92?monitor=true&api-version=2015-06-15"
        ],
        "Retry-After": [
          "25"
        ],
        "Server": [
          "Microsoft-Azure-Storage-Resource-Provider/1.0",
          "Microsoft-HTTPAPI/2.0"
        ],
        "x-ms-ratelimit-remaining-subscription-writes": [
          "1199"
        ],
        "x-ms-request-id": [
          "d21c9c74-85e3-4621-8f98-eab9b339cb5c"
        ],
        "x-ms-correlation-request-id": [
          "d21c9c74-85e3-4621-8f98-eab9b339cb5c"
        ],
        "x-ms-routing-request-id": [
          "WESTUS:20160602T011853Z:d21c9c74-85e3-4621-8f98-eab9b339cb5c"
        ],
        "Strict-Transport-Security": [
          "max-age=31536000; includeSubDomains"
        ]
      },
      "StatusCode": 202
    },
    {
      "RequestUri": "/subscriptions/0b1f6471-1bf0-4dda-aec3-cb9272f09590/providers/Microsoft.Storage/operations/07d51b1f-49c2-478b-a51e-a2925b19fc92?monitor=true&api-version=2015-06-15",
      "EncodedRequestUri": "L3N1YnNjcmlwdGlvbnMvMGIxZjY0NzEtMWJmMC00ZGRhLWFlYzMtY2I5MjcyZjA5NTkwL3Byb3ZpZGVycy9NaWNyb3NvZnQuU3RvcmFnZS9vcGVyYXRpb25zLzA3ZDUxYjFmLTQ5YzItNDc4Yi1hNTFlLWEyOTI1YjE5ZmM5Mj9tb25pdG9yPXRydWUmYXBpLXZlcnNpb249MjAxNS0wNi0xNQ==",
      "RequestMethod": "GET",
      "RequestBody": "",
      "RequestHeaders": {
        "User-Agent": [
          "Microsoft.Azure.Management.Storage.StorageManagementClient/4.1.0-preview"
        ]
      },
      "ResponseBody": "{\r\n  \"location\": \"SoutheastAsia\",\r\n  \"properties\": {\r\n    \"accountType\": \"Standard_GRS\"\r\n  }\r\n}",
      "ResponseHeaders": {
        "Content-Type": [
          "application/json"
        ],
        "Expires": [
          "-1"
        ],
        "Cache-Control": [
          "no-cache"
        ],
        "Date": [
          "Thu, 02 Jun 2016 01:19:23 GMT"
        ],
        "Pragma": [
          "no-cache"
        ],
        "Transfer-Encoding": [
          "chunked"
        ],
        "Server": [
          "Microsoft-Azure-Storage-Resource-Provider/1.0",
          "Microsoft-HTTPAPI/2.0"
        ],
        "Vary": [
          "Accept-Encoding"
        ],
        "x-ms-request-id": [
          "f9be1efe-40c3-479a-a0ba-d2b9f15093a5"
        ],
        "x-ms-ratelimit-remaining-subscription-reads": [
          "14998"
        ],
        "x-ms-correlation-request-id": [
          "f9be1efe-40c3-479a-a0ba-d2b9f15093a5"
        ],
        "x-ms-routing-request-id": [
          "WESTUS:20160602T011923Z:f9be1efe-40c3-479a-a0ba-d2b9f15093a5"
        ],
        "Strict-Transport-Security": [
          "max-age=31536000; includeSubDomains"
        ]
      },
      "StatusCode": 200
    },
    {
      "RequestUri": "/subscriptions/0b1f6471-1bf0-4dda-aec3-cb9272f09590/resourceGroups/crptestar4034/providers/Microsoft.Storage/storageAccounts?api-version=2015-06-15",
      "EncodedRequestUri": "L3N1YnNjcmlwdGlvbnMvMGIxZjY0NzEtMWJmMC00ZGRhLWFlYzMtY2I5MjcyZjA5NTkwL3Jlc291cmNlR3JvdXBzL2NycHRlc3RhcjQwMzQvcHJvdmlkZXJzL01pY3Jvc29mdC5TdG9yYWdlL3N0b3JhZ2VBY2NvdW50cz9hcGktdmVyc2lvbj0yMDE1LTA2LTE1",
      "RequestMethod": "GET",
      "RequestBody": "",
      "RequestHeaders": {
        "x-ms-client-request-id": [
          "eb1f21f0-ca7b-43d7-9529-5fca23ecac6f"
        ],
        "accept-language": [
          "en-US"
        ],
        "User-Agent": [
          "Microsoft.Azure.Management.Storage.StorageManagementClient/4.1.0-preview"
        ]
      },
      "ResponseBody": "{\r\n  \"value\": [\r\n    {\r\n      \"id\": \"/subscriptions/0b1f6471-1bf0-4dda-aec3-cb9272f09590/resourceGroups/crptestar4034/providers/Microsoft.Storage/storageAccounts/crptestar5083\",\r\n      \"location\": \"southeastasia\",\r\n      \"name\": \"crptestar5083\",\r\n      \"properties\": {\r\n        \"accountType\": \"Standard_GRS\",\r\n        \"creationTime\": \"2016-06-02T01:18:52.6062117Z\",\r\n        \"primaryEndpoints\": {\r\n          \"blob\": \"https://crptestar5083.blob.core.windows.net/\",\r\n          \"file\": \"https://crptestar5083.file.core.windows.net/\",\r\n          \"queue\": \"https://crptestar5083.queue.core.windows.net/\",\r\n          \"table\": \"https://crptestar5083.table.core.windows.net/\"\r\n        },\r\n        \"primaryLocation\": \"southeastasia\",\r\n        \"provisioningState\": \"Succeeded\",\r\n        \"secondaryLocation\": \"eastasia\",\r\n        \"statusOfPrimary\": \"available\",\r\n        \"statusOfSecondary\": \"available\"\r\n      },\r\n      \"tags\": {},\r\n      \"type\": \"Microsoft.Storage/storageAccounts\"\r\n    }\r\n  ]\r\n}",
      "ResponseHeaders": {
        "Content-Type": [
          "application/json"
        ],
        "Expires": [
          "-1"
        ],
        "Cache-Control": [
          "no-cache"
        ],
        "Date": [
          "Thu, 02 Jun 2016 01:19:33 GMT"
        ],
        "Pragma": [
          "no-cache"
        ],
        "Transfer-Encoding": [
          "chunked"
        ],
        "Server": [
          "Microsoft-Azure-Storage-Resource-Provider/1.0",
          "Microsoft-HTTPAPI/2.0"
        ],
        "Vary": [
          "Accept-Encoding"
        ],
        "x-ms-request-id": [
          "6b14514f-1b32-4dd7-9635-485da1cc2496"
        ],
        "x-ms-ratelimit-remaining-subscription-reads": [
          "14997"
        ],
        "x-ms-correlation-request-id": [
          "6b14514f-1b32-4dd7-9635-485da1cc2496"
        ],
        "x-ms-routing-request-id": [
          "WESTUS:20160602T011934Z:6b14514f-1b32-4dd7-9635-485da1cc2496"
        ],
        "Strict-Transport-Security": [
          "max-age=31536000; includeSubDomains"
        ]
      },
      "StatusCode": 200
    },
    {
      "RequestUri": "/subscriptions/0b1f6471-1bf0-4dda-aec3-cb9272f09590/resourceGroups/crptestar4034/providers/Microsoft.Storage/storageAccounts/crptestar5083?api-version=2015-06-15",
      "EncodedRequestUri": "L3N1YnNjcmlwdGlvbnMvMGIxZjY0NzEtMWJmMC00ZGRhLWFlYzMtY2I5MjcyZjA5NTkwL3Jlc291cmNlR3JvdXBzL2NycHRlc3RhcjQwMzQvcHJvdmlkZXJzL01pY3Jvc29mdC5TdG9yYWdlL3N0b3JhZ2VBY2NvdW50cy9jcnB0ZXN0YXI1MDgzP2FwaS12ZXJzaW9uPTIwMTUtMDYtMTU=",
      "RequestMethod": "GET",
      "RequestBody": "",
      "RequestHeaders": {
        "x-ms-client-request-id": [
          "472cd985-f20b-40dc-a24c-b303be67b41c"
        ],
        "accept-language": [
          "en-US"
        ],
        "User-Agent": [
          "Microsoft.Azure.Management.Storage.StorageManagementClient/4.1.0-preview"
        ]
      },
      "ResponseBody": "{\r\n  \"id\": \"/subscriptions/0b1f6471-1bf0-4dda-aec3-cb9272f09590/resourceGroups/crptestar4034/providers/Microsoft.Storage/storageAccounts/crptestar5083\",\r\n  \"location\": \"southeastasia\",\r\n  \"name\": \"crptestar5083\",\r\n  \"properties\": {\r\n    \"accountType\": \"Standard_GRS\",\r\n    \"creationTime\": \"2016-06-02T01:18:52.6062117Z\",\r\n    \"primaryEndpoints\": {\r\n      \"blob\": \"https://crptestar5083.blob.core.windows.net/\",\r\n      \"file\": \"https://crptestar5083.file.core.windows.net/\",\r\n      \"queue\": \"https://crptestar5083.queue.core.windows.net/\",\r\n      \"table\": \"https://crptestar5083.table.core.windows.net/\"\r\n    },\r\n    \"primaryLocation\": \"southeastasia\",\r\n    \"provisioningState\": \"Succeeded\",\r\n    \"secondaryLocation\": \"eastasia\",\r\n    \"statusOfPrimary\": \"available\",\r\n    \"statusOfSecondary\": \"available\"\r\n  },\r\n  \"tags\": {},\r\n  \"type\": \"Microsoft.Storage/storageAccounts\"\r\n}",
      "ResponseHeaders": {
        "Content-Type": [
          "application/json"
        ],
        "Expires": [
          "-1"
        ],
        "Cache-Control": [
          "no-cache"
        ],
        "Date": [
          "Thu, 02 Jun 2016 01:19:34 GMT"
        ],
        "Pragma": [
          "no-cache"
        ],
        "Transfer-Encoding": [
          "chunked"
        ],
        "Server": [
          "Microsoft-Azure-Storage-Resource-Provider/1.0",
          "Microsoft-HTTPAPI/2.0"
        ],
        "Vary": [
          "Accept-Encoding"
        ],
        "x-ms-request-id": [
          "3607210e-9fe4-4820-a0e1-80e73067c196"
        ],
        "x-ms-ratelimit-remaining-subscription-reads": [
          "14996"
        ],
        "x-ms-correlation-request-id": [
          "3607210e-9fe4-4820-a0e1-80e73067c196"
        ],
        "x-ms-routing-request-id": [
          "WESTUS:20160602T011934Z:3607210e-9fe4-4820-a0e1-80e73067c196"
        ],
        "Strict-Transport-Security": [
          "max-age=31536000; includeSubDomains"
        ]
      },
      "StatusCode": 200
    },
    {
      "RequestUri": "/subscriptions/0b1f6471-1bf0-4dda-aec3-cb9272f09590/providers/Microsoft.Compute/locations/SoutheastAsia/publishers/datastax/artifacttypes/vmimage/offers/datastax-enterprise-non-production-use-only/skus/sandbox_single-node/versions?$top=1&api-version=2016-03-30",
      "EncodedRequestUri": "L3N1YnNjcmlwdGlvbnMvMGIxZjY0NzEtMWJmMC00ZGRhLWFlYzMtY2I5MjcyZjA5NTkwL3Byb3ZpZGVycy9NaWNyb3NvZnQuQ29tcHV0ZS9sb2NhdGlvbnMvU291dGhlYXN0QXNpYS9wdWJsaXNoZXJzL2RhdGFzdGF4L2FydGlmYWN0dHlwZXMvdm1pbWFnZS9vZmZlcnMvZGF0YXN0YXgtZW50ZXJwcmlzZS1ub24tcHJvZHVjdGlvbi11c2Utb25seS9za3VzL3NhbmRib3hfc2luZ2xlLW5vZGUvdmVyc2lvbnM/JHRvcD0xJmFwaS12ZXJzaW9uPTIwMTYtMDMtMzA=",
      "RequestMethod": "GET",
      "RequestBody": "",
      "RequestHeaders": {
        "x-ms-client-request-id": [
          "62388d65-0987-4128-9b01-56befe885dfb"
        ],
        "accept-language": [
          "en-US"
        ],
        "User-Agent": [
          "Microsoft.Azure.Management.Compute.ComputeManagementClient/14.0.0-prerelease"
        ]
      },
      "ResponseBody": "[\r\n  {\r\n    \"location\": \"southeastasia\",\r\n    \"name\": \"1.0.0\",\r\n    \"id\": \"/Subscriptions/0b1f6471-1bf0-4dda-aec3-cb9272f09590/Providers/Microsoft.Compute/Locations/southeastasia/Publishers/datastax/ArtifactTypes/VMImage/Offers/datastax-enterprise-non-production-use-only/Skus/sandbox_single-node/Versions/1.0.0\"\r\n  }\r\n]",
      "ResponseHeaders": {
        "Content-Type": [
          "application/json; charset=utf-8"
        ],
        "Expires": [
          "-1"
        ],
        "Cache-Control": [
          "no-cache"
        ],
        "Date": [
          "Thu, 02 Jun 2016 01:19:34 GMT"
        ],
        "Pragma": [
          "no-cache"
        ],
        "Transfer-Encoding": [
          "chunked"
        ],
        "Server": [
          "Microsoft-HTTPAPI/2.0",
          "Microsoft-HTTPAPI/2.0"
        ],
        "Vary": [
          "Accept-Encoding"
        ],
        "Strict-Transport-Security": [
          "max-age=31536000; includeSubDomains"
        ],
        "x-ms-request-id": [
          "c0606dc2-a1e6-48da-a94a-d7f84029cdc3"
        ],
        "x-ms-ratelimit-remaining-subscription-reads": [
          "14992"
        ],
        "x-ms-correlation-request-id": [
          "28f207b6-af6e-42a9-9b0d-9bae8da50c16"
        ],
        "x-ms-routing-request-id": [
          "WESTUS:20160602T011934Z:28f207b6-af6e-42a9-9b0d-9bae8da50c16"
        ]
      },
      "StatusCode": 200
    },
    {
      "RequestUri": "/subscriptions/0b1f6471-1bf0-4dda-aec3-cb9272f09590/providers/Microsoft.Compute/locations/SoutheastAsia/publishers/datastax/artifacttypes/vmimage/offers/datastax-enterprise-non-production-use-only/skus/sandbox_single-node/versions/1.0.0?api-version=2016-03-30",
      "EncodedRequestUri": "L3N1YnNjcmlwdGlvbnMvMGIxZjY0NzEtMWJmMC00ZGRhLWFlYzMtY2I5MjcyZjA5NTkwL3Byb3ZpZGVycy9NaWNyb3NvZnQuQ29tcHV0ZS9sb2NhdGlvbnMvU291dGhlYXN0QXNpYS9wdWJsaXNoZXJzL2RhdGFzdGF4L2FydGlmYWN0dHlwZXMvdm1pbWFnZS9vZmZlcnMvZGF0YXN0YXgtZW50ZXJwcmlzZS1ub24tcHJvZHVjdGlvbi11c2Utb25seS9za3VzL3NhbmRib3hfc2luZ2xlLW5vZGUvdmVyc2lvbnMvMS4wLjA/YXBpLXZlcnNpb249MjAxNi0wMy0zMA==",
      "RequestMethod": "GET",
      "RequestBody": "",
      "RequestHeaders": {
        "x-ms-client-request-id": [
          "a5bfa905-4d7f-4452-a43b-56ce69d9e9c7"
        ],
        "accept-language": [
          "en-US"
        ],
        "User-Agent": [
          "Microsoft.Azure.Management.Compute.ComputeManagementClient/14.0.0-prerelease"
        ]
      },
      "ResponseBody": "{\r\n  \"properties\": {\r\n    \"plan\": {\r\n      \"publisher\": \"datastax\",\r\n      \"name\": \"sandbox_single-node\",\r\n      \"product\": \"datastax-enterprise-non-production-use-only\"\r\n    },\r\n    \"osDiskImage\": {\r\n      \"operatingSystem\": \"Linux\"\r\n    },\r\n    \"dataDiskImages\": []\r\n  },\r\n  \"location\": \"southeastasia\",\r\n  \"name\": \"1.0.0\",\r\n  \"id\": \"/Subscriptions/0b1f6471-1bf0-4dda-aec3-cb9272f09590/Providers/Microsoft.Compute/Locations/southeastasia/Publishers/datastax/ArtifactTypes/VMImage/Offers/datastax-enterprise-non-production-use-only/Skus/sandbox_single-node/Versions/1.0.0\"\r\n}",
      "ResponseHeaders": {
        "Content-Type": [
          "application/json; charset=utf-8"
        ],
        "Expires": [
          "-1"
        ],
        "Cache-Control": [
          "no-cache"
        ],
        "Date": [
          "Thu, 02 Jun 2016 01:19:34 GMT"
        ],
        "Pragma": [
          "no-cache"
        ],
        "Transfer-Encoding": [
          "chunked"
        ],
        "Server": [
          "Microsoft-HTTPAPI/2.0",
          "Microsoft-HTTPAPI/2.0"
        ],
        "Vary": [
          "Accept-Encoding"
        ],
        "Strict-Transport-Security": [
          "max-age=31536000; includeSubDomains"
        ],
        "x-ms-request-id": [
          "76667338-1030-48a9-9170-b7a25ca9aef6"
        ],
        "x-ms-ratelimit-remaining-subscription-reads": [
          "14991"
        ],
        "x-ms-correlation-request-id": [
          "0eaedf42-0111-4ad4-a209-9ee3d3c2d5ef"
        ],
        "x-ms-routing-request-id": [
          "WESTUS:20160602T011934Z:0eaedf42-0111-4ad4-a209-9ee3d3c2d5ef"
        ]
      },
      "StatusCode": 200
    },
    {
      "RequestUri": "/subscriptions/0b1f6471-1bf0-4dda-aec3-cb9272f09590/resourceGroups/crptestar4034/providers/Microsoft.Network/publicIPAddresses/pip5921?api-version=2016-03-30",
      "EncodedRequestUri": "L3N1YnNjcmlwdGlvbnMvMGIxZjY0NzEtMWJmMC00ZGRhLWFlYzMtY2I5MjcyZjA5NTkwL3Jlc291cmNlR3JvdXBzL2NycHRlc3RhcjQwMzQvcHJvdmlkZXJzL01pY3Jvc29mdC5OZXR3b3JrL3B1YmxpY0lQQWRkcmVzc2VzL3BpcDU5MjE/YXBpLXZlcnNpb249MjAxNi0wMy0zMA==",
      "RequestMethod": "PUT",
      "RequestBody": "{\r\n  \"location\": \"SoutheastAsia\",\r\n  \"tags\": {\r\n    \"key\": \"value\"\r\n  },\r\n  \"properties\": {\r\n    \"publicIPAllocationMethod\": \"Dynamic\",\r\n    \"dnsSettings\": {\r\n      \"domainNameLabel\": \"dn6298\"\r\n    }\r\n  }\r\n}",
      "RequestHeaders": {
        "Content-Type": [
          "application/json; charset=utf-8"
        ],
        "Content-Length": [
          "207"
        ],
        "x-ms-client-request-id": [
          "69ffe15e-09cd-4bc9-9c64-b1efad44712c"
        ],
        "accept-language": [
          "en-US"
        ],
        "User-Agent": [
          "Microsoft.Azure.Management.Network.NetworkManagementClient/5.0.0-preview"
        ]
      },
      "ResponseBody": "{\r\n  \"name\": \"pip5921\",\r\n  \"id\": \"/subscriptions/0b1f6471-1bf0-4dda-aec3-cb9272f09590/resourceGroups/crptestar4034/providers/Microsoft.Network/publicIPAddresses/pip5921\",\r\n  \"etag\": \"W/\\\"66f18128-84bf-4c9f-8e85-d1093a83f0d7\\\"\",\r\n  \"type\": \"Microsoft.Network/publicIPAddresses\",\r\n  \"location\": \"southeastasia\",\r\n  \"tags\": {\r\n    \"key\": \"value\"\r\n  },\r\n  \"properties\": {\r\n    \"provisioningState\": \"Updating\",\r\n    \"resourceGuid\": \"a37ae425-2378-4830-9a3e-6bef500eac3c\",\r\n    \"publicIPAddressVersion\": \"IPv4\",\r\n    \"publicIPAllocationMethod\": \"Dynamic\",\r\n    \"idleTimeoutInMinutes\": 4,\r\n    \"dnsSettings\": {\r\n      \"domainNameLabel\": \"dn6298\",\r\n      \"fqdn\": \"dn6298.southeastasia.cloudapp.azure.com\"\r\n    }\r\n  }\r\n}",
      "ResponseHeaders": {
        "Content-Length": [
          "711"
        ],
        "Content-Type": [
          "application/json; charset=utf-8"
        ],
        "Expires": [
          "-1"
        ],
        "Cache-Control": [
          "no-cache"
        ],
        "Date": [
          "Thu, 02 Jun 2016 01:19:41 GMT"
        ],
        "Pragma": [
          "no-cache"
        ],
        "Retry-After": [
          "10"
        ],
        "Server": [
          "Microsoft-HTTPAPI/2.0",
          "Microsoft-HTTPAPI/2.0"
        ],
        "x-ms-request-id": [
          "84da3aac-dd98-400f-b27d-da784d0989da"
        ],
        "Azure-AsyncOperation": [
          "https://management.azure.com/subscriptions/0b1f6471-1bf0-4dda-aec3-cb9272f09590/providers/Microsoft.Network/locations/southeastasia/operations/84da3aac-dd98-400f-b27d-da784d0989da?api-version=2016-03-30"
        ],
        "Strict-Transport-Security": [
          "max-age=31536000; includeSubDomains"
        ],
        "x-ms-ratelimit-remaining-subscription-writes": [
          "1198"
        ],
        "x-ms-correlation-request-id": [
          "ac3507a3-81c1-4cd8-a433-11bda896e881"
        ],
        "x-ms-routing-request-id": [
          "WESTUS:20160602T011942Z:ac3507a3-81c1-4cd8-a433-11bda896e881"
        ]
      },
      "StatusCode": 201
    },
    {
      "RequestUri": "/subscriptions/0b1f6471-1bf0-4dda-aec3-cb9272f09590/providers/Microsoft.Network/locations/southeastasia/operations/84da3aac-dd98-400f-b27d-da784d0989da?api-version=2016-03-30",
      "EncodedRequestUri": "L3N1YnNjcmlwdGlvbnMvMGIxZjY0NzEtMWJmMC00ZGRhLWFlYzMtY2I5MjcyZjA5NTkwL3Byb3ZpZGVycy9NaWNyb3NvZnQuTmV0d29yay9sb2NhdGlvbnMvc291dGhlYXN0YXNpYS9vcGVyYXRpb25zLzg0ZGEzYWFjLWRkOTgtNDAwZi1iMjdkLWRhNzg0ZDA5ODlkYT9hcGktdmVyc2lvbj0yMDE2LTAzLTMw",
      "RequestMethod": "GET",
      "RequestBody": "",
      "RequestHeaders": {
        "User-Agent": [
          "Microsoft.Azure.Management.Network.NetworkManagementClient/5.0.0-preview"
        ]
      },
      "ResponseBody": "{\r\n  \"status\": \"Succeeded\"\r\n}",
      "ResponseHeaders": {
        "Content-Type": [
          "application/json; charset=utf-8"
        ],
        "Expires": [
          "-1"
        ],
        "Cache-Control": [
          "no-cache"
        ],
        "Date": [
          "Thu, 02 Jun 2016 01:20:12 GMT"
        ],
        "Pragma": [
          "no-cache"
        ],
        "Transfer-Encoding": [
          "chunked"
        ],
        "Server": [
          "Microsoft-HTTPAPI/2.0",
          "Microsoft-HTTPAPI/2.0"
        ],
        "Vary": [
          "Accept-Encoding"
        ],
        "x-ms-request-id": [
          "0327d12c-cd5c-4d5e-aacd-c286c2a711a4"
        ],
        "Strict-Transport-Security": [
          "max-age=31536000; includeSubDomains"
        ],
        "x-ms-ratelimit-remaining-subscription-reads": [
          "14994"
        ],
        "x-ms-correlation-request-id": [
          "b2defec1-89bc-4cb0-8ffb-3b0d5332849d"
        ],
        "x-ms-routing-request-id": [
          "WESTUS:20160602T012013Z:b2defec1-89bc-4cb0-8ffb-3b0d5332849d"
        ]
      },
      "StatusCode": 200
    },
    {
      "RequestUri": "/subscriptions/0b1f6471-1bf0-4dda-aec3-cb9272f09590/resourceGroups/crptestar4034/providers/Microsoft.Network/publicIPAddresses/pip5921?api-version=2016-03-30",
      "EncodedRequestUri": "L3N1YnNjcmlwdGlvbnMvMGIxZjY0NzEtMWJmMC00ZGRhLWFlYzMtY2I5MjcyZjA5NTkwL3Jlc291cmNlR3JvdXBzL2NycHRlc3RhcjQwMzQvcHJvdmlkZXJzL01pY3Jvc29mdC5OZXR3b3JrL3B1YmxpY0lQQWRkcmVzc2VzL3BpcDU5MjE/YXBpLXZlcnNpb249MjAxNi0wMy0zMA==",
      "RequestMethod": "GET",
      "RequestBody": "",
      "RequestHeaders": {
        "User-Agent": [
          "Microsoft.Azure.Management.Network.NetworkManagementClient/5.0.0-preview"
        ]
      },
      "ResponseBody": "{\r\n  \"name\": \"pip5921\",\r\n  \"id\": \"/subscriptions/0b1f6471-1bf0-4dda-aec3-cb9272f09590/resourceGroups/crptestar4034/providers/Microsoft.Network/publicIPAddresses/pip5921\",\r\n  \"etag\": \"W/\\\"177a75ed-05c7-46ce-965b-876300f964ed\\\"\",\r\n  \"type\": \"Microsoft.Network/publicIPAddresses\",\r\n  \"location\": \"southeastasia\",\r\n  \"tags\": {\r\n    \"key\": \"value\"\r\n  },\r\n  \"properties\": {\r\n    \"provisioningState\": \"Succeeded\",\r\n    \"resourceGuid\": \"a37ae425-2378-4830-9a3e-6bef500eac3c\",\r\n    \"publicIPAddressVersion\": \"IPv4\",\r\n    \"publicIPAllocationMethod\": \"Dynamic\",\r\n    \"idleTimeoutInMinutes\": 4,\r\n    \"dnsSettings\": {\r\n      \"domainNameLabel\": \"dn6298\",\r\n      \"fqdn\": \"dn6298.southeastasia.cloudapp.azure.com\"\r\n    }\r\n  }\r\n}",
      "ResponseHeaders": {
        "Content-Type": [
          "application/json; charset=utf-8"
        ],
        "Expires": [
          "-1"
        ],
        "Cache-Control": [
          "no-cache"
        ],
        "Date": [
          "Thu, 02 Jun 2016 01:20:13 GMT"
        ],
        "Pragma": [
          "no-cache"
        ],
        "Transfer-Encoding": [
          "chunked"
        ],
        "ETag": [
          "W/\"177a75ed-05c7-46ce-965b-876300f964ed\""
        ],
        "Server": [
          "Microsoft-HTTPAPI/2.0",
          "Microsoft-HTTPAPI/2.0"
        ],
        "Vary": [
          "Accept-Encoding"
        ],
        "x-ms-request-id": [
          "dc9ab4d8-9d57-4f66-85b3-532174c7fb43"
        ],
        "Strict-Transport-Security": [
          "max-age=31536000; includeSubDomains"
        ],
        "x-ms-ratelimit-remaining-subscription-reads": [
          "14993"
        ],
        "x-ms-correlation-request-id": [
          "430a05a7-0f2b-4419-82d1-f49a0cc7a337"
        ],
        "x-ms-routing-request-id": [
          "WESTUS:20160602T012013Z:430a05a7-0f2b-4419-82d1-f49a0cc7a337"
        ]
      },
      "StatusCode": 200
    },
    {
      "RequestUri": "/subscriptions/0b1f6471-1bf0-4dda-aec3-cb9272f09590/resourceGroups/crptestar4034/providers/Microsoft.Network/publicIPAddresses/pip5921?api-version=2016-03-30",
      "EncodedRequestUri": "L3N1YnNjcmlwdGlvbnMvMGIxZjY0NzEtMWJmMC00ZGRhLWFlYzMtY2I5MjcyZjA5NTkwL3Jlc291cmNlR3JvdXBzL2NycHRlc3RhcjQwMzQvcHJvdmlkZXJzL01pY3Jvc29mdC5OZXR3b3JrL3B1YmxpY0lQQWRkcmVzc2VzL3BpcDU5MjE/YXBpLXZlcnNpb249MjAxNi0wMy0zMA==",
      "RequestMethod": "GET",
      "RequestBody": "",
      "RequestHeaders": {
        "x-ms-client-request-id": [
          "5fd68429-3298-43f7-9106-2c81045c2c0b"
        ],
        "accept-language": [
          "en-US"
        ],
        "User-Agent": [
          "Microsoft.Azure.Management.Network.NetworkManagementClient/5.0.0-preview"
        ]
      },
      "ResponseBody": "{\r\n  \"name\": \"pip5921\",\r\n  \"id\": \"/subscriptions/0b1f6471-1bf0-4dda-aec3-cb9272f09590/resourceGroups/crptestar4034/providers/Microsoft.Network/publicIPAddresses/pip5921\",\r\n  \"etag\": \"W/\\\"177a75ed-05c7-46ce-965b-876300f964ed\\\"\",\r\n  \"type\": \"Microsoft.Network/publicIPAddresses\",\r\n  \"location\": \"southeastasia\",\r\n  \"tags\": {\r\n    \"key\": \"value\"\r\n  },\r\n  \"properties\": {\r\n    \"provisioningState\": \"Succeeded\",\r\n    \"resourceGuid\": \"a37ae425-2378-4830-9a3e-6bef500eac3c\",\r\n    \"publicIPAddressVersion\": \"IPv4\",\r\n    \"publicIPAllocationMethod\": \"Dynamic\",\r\n    \"idleTimeoutInMinutes\": 4,\r\n    \"dnsSettings\": {\r\n      \"domainNameLabel\": \"dn6298\",\r\n      \"fqdn\": \"dn6298.southeastasia.cloudapp.azure.com\"\r\n    }\r\n  }\r\n}",
      "ResponseHeaders": {
        "Content-Type": [
          "application/json; charset=utf-8"
        ],
        "Expires": [
          "-1"
        ],
        "Cache-Control": [
          "no-cache"
        ],
        "Date": [
          "Thu, 02 Jun 2016 01:20:13 GMT"
        ],
        "Pragma": [
          "no-cache"
        ],
        "Transfer-Encoding": [
          "chunked"
        ],
        "ETag": [
          "W/\"177a75ed-05c7-46ce-965b-876300f964ed\""
        ],
        "Server": [
          "Microsoft-HTTPAPI/2.0",
          "Microsoft-HTTPAPI/2.0"
        ],
        "Vary": [
          "Accept-Encoding"
        ],
        "x-ms-request-id": [
          "d610ac7d-ffa3-472e-89f4-15b56c5e1849"
        ],
        "Strict-Transport-Security": [
          "max-age=31536000; includeSubDomains"
        ],
        "x-ms-ratelimit-remaining-subscription-reads": [
          "14992"
        ],
        "x-ms-correlation-request-id": [
          "e951dcda-5c28-4934-a891-d5343833afde"
        ],
        "x-ms-routing-request-id": [
          "WESTUS:20160602T012013Z:e951dcda-5c28-4934-a891-d5343833afde"
        ]
      },
      "StatusCode": 200
    },
    {
      "RequestUri": "/subscriptions/0b1f6471-1bf0-4dda-aec3-cb9272f09590/resourceGroups/crptestar4034/providers/Microsoft.Network/virtualnetworks/vn5553?api-version=2016-03-30",
      "EncodedRequestUri": "L3N1YnNjcmlwdGlvbnMvMGIxZjY0NzEtMWJmMC00ZGRhLWFlYzMtY2I5MjcyZjA5NTkwL3Jlc291cmNlR3JvdXBzL2NycHRlc3RhcjQwMzQvcHJvdmlkZXJzL01pY3Jvc29mdC5OZXR3b3JrL3ZpcnR1YWxuZXR3b3Jrcy92bjU1NTM/YXBpLXZlcnNpb249MjAxNi0wMy0zMA==",
      "RequestMethod": "PUT",
      "RequestBody": "{\r\n  \"location\": \"SoutheastAsia\",\r\n  \"properties\": {\r\n    \"addressSpace\": {\r\n      \"addressPrefixes\": [\r\n        \"10.0.0.0/16\"\r\n      ]\r\n    },\r\n    \"dhcpOptions\": {\r\n      \"dnsServers\": [\r\n        \"10.1.1.1\",\r\n        \"10.1.2.4\"\r\n      ]\r\n    },\r\n    \"subnets\": [\r\n      {\r\n        \"name\": \"sn6013\",\r\n        \"properties\": {\r\n          \"addressPrefix\": \"10.0.0.0/24\"\r\n        }\r\n      }\r\n    ]\r\n  }\r\n}",
      "RequestHeaders": {
        "Content-Type": [
          "application/json; charset=utf-8"
        ],
        "Content-Length": [
          "402"
        ],
        "x-ms-client-request-id": [
          "cb273bfc-a8b7-4708-b9bd-2b217273d100"
        ],
        "accept-language": [
          "en-US"
        ],
        "User-Agent": [
          "Microsoft.Azure.Management.Network.NetworkManagementClient/5.0.0-preview"
        ]
      },
      "ResponseBody": "{\r\n  \"name\": \"vn5553\",\r\n  \"id\": \"/subscriptions/0b1f6471-1bf0-4dda-aec3-cb9272f09590/resourceGroups/crptestar4034/providers/Microsoft.Network/virtualNetworks/vn5553\",\r\n  \"etag\": \"W/\\\"1974fd1c-702a-419d-a9e8-7358793a5d9f\\\"\",\r\n  \"type\": \"Microsoft.Network/virtualNetworks\",\r\n  \"location\": \"southeastasia\",\r\n  \"properties\": {\r\n    \"provisioningState\": \"Updating\",\r\n    \"resourceGuid\": \"b000b13c-b5b3-47a4-bc6f-c7389339c8a3\",\r\n    \"addressSpace\": {\r\n      \"addressPrefixes\": [\r\n        \"10.0.0.0/16\"\r\n      ]\r\n    },\r\n    \"dhcpOptions\": {\r\n      \"dnsServers\": [\r\n        \"10.1.1.1\",\r\n        \"10.1.2.4\"\r\n      ]\r\n    },\r\n    \"subnets\": [\r\n      {\r\n        \"name\": \"sn6013\",\r\n        \"id\": \"/subscriptions/0b1f6471-1bf0-4dda-aec3-cb9272f09590/resourceGroups/crptestar4034/providers/Microsoft.Network/virtualNetworks/vn5553/subnets/sn6013\",\r\n        \"etag\": \"W/\\\"1974fd1c-702a-419d-a9e8-7358793a5d9f\\\"\",\r\n        \"properties\": {\r\n          \"provisioningState\": \"Updating\",\r\n          \"addressPrefix\": \"10.0.0.0/24\"\r\n        }\r\n      }\r\n    ]\r\n  }\r\n}",
      "ResponseHeaders": {
        "Content-Length": [
          "1043"
        ],
        "Content-Type": [
          "application/json; charset=utf-8"
        ],
        "Expires": [
          "-1"
        ],
        "Cache-Control": [
          "no-cache"
        ],
        "Date": [
          "Thu, 02 Jun 2016 01:20:16 GMT"
        ],
        "Pragma": [
          "no-cache"
        ],
        "Retry-After": [
          "10"
        ],
        "Server": [
          "Microsoft-HTTPAPI/2.0",
          "Microsoft-HTTPAPI/2.0"
        ],
        "x-ms-request-id": [
          "73697911-5120-4e19-b0e5-7f182991944f"
        ],
        "Azure-AsyncOperation": [
          "https://management.azure.com/subscriptions/0b1f6471-1bf0-4dda-aec3-cb9272f09590/providers/Microsoft.Network/locations/southeastasia/operations/73697911-5120-4e19-b0e5-7f182991944f?api-version=2016-03-30"
        ],
        "Strict-Transport-Security": [
          "max-age=31536000; includeSubDomains"
        ],
        "x-ms-ratelimit-remaining-subscription-writes": [
          "1197"
        ],
        "x-ms-correlation-request-id": [
          "62bda2e8-27e6-45f3-a5b6-00ea13fae6ea"
        ],
        "x-ms-routing-request-id": [
          "WESTUS:20160602T012017Z:62bda2e8-27e6-45f3-a5b6-00ea13fae6ea"
        ]
      },
      "StatusCode": 201
    },
    {
      "RequestUri": "/subscriptions/0b1f6471-1bf0-4dda-aec3-cb9272f09590/providers/Microsoft.Network/locations/southeastasia/operations/73697911-5120-4e19-b0e5-7f182991944f?api-version=2016-03-30",
      "EncodedRequestUri": "L3N1YnNjcmlwdGlvbnMvMGIxZjY0NzEtMWJmMC00ZGRhLWFlYzMtY2I5MjcyZjA5NTkwL3Byb3ZpZGVycy9NaWNyb3NvZnQuTmV0d29yay9sb2NhdGlvbnMvc291dGhlYXN0YXNpYS9vcGVyYXRpb25zLzczNjk3OTExLTUxMjAtNGUxOS1iMGU1LTdmMTgyOTkxOTQ0Zj9hcGktdmVyc2lvbj0yMDE2LTAzLTMw",
      "RequestMethod": "GET",
      "RequestBody": "",
      "RequestHeaders": {
        "User-Agent": [
          "Microsoft.Azure.Management.Network.NetworkManagementClient/5.0.0-preview"
        ]
      },
      "ResponseBody": "{\r\n  \"status\": \"Succeeded\"\r\n}",
      "ResponseHeaders": {
        "Content-Type": [
          "application/json; charset=utf-8"
        ],
        "Expires": [
          "-1"
        ],
        "Cache-Control": [
          "no-cache"
        ],
        "Date": [
          "Thu, 02 Jun 2016 01:20:48 GMT"
        ],
        "Pragma": [
          "no-cache"
        ],
        "Transfer-Encoding": [
          "chunked"
        ],
        "Server": [
          "Microsoft-HTTPAPI/2.0",
          "Microsoft-HTTPAPI/2.0"
        ],
        "Vary": [
          "Accept-Encoding"
        ],
        "x-ms-request-id": [
          "623d60d0-72d4-48ae-8b88-c3b88eef0723"
        ],
        "Strict-Transport-Security": [
          "max-age=31536000; includeSubDomains"
        ],
        "x-ms-ratelimit-remaining-subscription-reads": [
          "14991"
        ],
        "x-ms-correlation-request-id": [
          "23de78a0-5591-4455-a086-e81a7b0c534c"
        ],
        "x-ms-routing-request-id": [
          "WESTUS:20160602T012048Z:23de78a0-5591-4455-a086-e81a7b0c534c"
        ]
      },
      "StatusCode": 200
    },
    {
      "RequestUri": "/subscriptions/0b1f6471-1bf0-4dda-aec3-cb9272f09590/resourceGroups/crptestar4034/providers/Microsoft.Network/virtualnetworks/vn5553?api-version=2016-03-30",
      "EncodedRequestUri": "L3N1YnNjcmlwdGlvbnMvMGIxZjY0NzEtMWJmMC00ZGRhLWFlYzMtY2I5MjcyZjA5NTkwL3Jlc291cmNlR3JvdXBzL2NycHRlc3RhcjQwMzQvcHJvdmlkZXJzL01pY3Jvc29mdC5OZXR3b3JrL3ZpcnR1YWxuZXR3b3Jrcy92bjU1NTM/YXBpLXZlcnNpb249MjAxNi0wMy0zMA==",
      "RequestMethod": "GET",
      "RequestBody": "",
      "RequestHeaders": {
        "User-Agent": [
          "Microsoft.Azure.Management.Network.NetworkManagementClient/5.0.0-preview"
        ]
      },
      "ResponseBody": "{\r\n  \"name\": \"vn5553\",\r\n  \"id\": \"/subscriptions/0b1f6471-1bf0-4dda-aec3-cb9272f09590/resourceGroups/crptestar4034/providers/Microsoft.Network/virtualNetworks/vn5553\",\r\n  \"etag\": \"W/\\\"cfe5e54a-75df-4ad2-a5a2-8fe583ed14be\\\"\",\r\n  \"type\": \"Microsoft.Network/virtualNetworks\",\r\n  \"location\": \"southeastasia\",\r\n  \"properties\": {\r\n    \"provisioningState\": \"Succeeded\",\r\n    \"resourceGuid\": \"b000b13c-b5b3-47a4-bc6f-c7389339c8a3\",\r\n    \"addressSpace\": {\r\n      \"addressPrefixes\": [\r\n        \"10.0.0.0/16\"\r\n      ]\r\n    },\r\n    \"dhcpOptions\": {\r\n      \"dnsServers\": [\r\n        \"10.1.1.1\",\r\n        \"10.1.2.4\"\r\n      ]\r\n    },\r\n    \"subnets\": [\r\n      {\r\n        \"name\": \"sn6013\",\r\n        \"id\": \"/subscriptions/0b1f6471-1bf0-4dda-aec3-cb9272f09590/resourceGroups/crptestar4034/providers/Microsoft.Network/virtualNetworks/vn5553/subnets/sn6013\",\r\n        \"etag\": \"W/\\\"cfe5e54a-75df-4ad2-a5a2-8fe583ed14be\\\"\",\r\n        \"properties\": {\r\n          \"provisioningState\": \"Succeeded\",\r\n          \"addressPrefix\": \"10.0.0.0/24\"\r\n        }\r\n      }\r\n    ]\r\n  }\r\n}",
      "ResponseHeaders": {
        "Content-Type": [
          "application/json; charset=utf-8"
        ],
        "Expires": [
          "-1"
        ],
        "Cache-Control": [
          "no-cache"
        ],
        "Date": [
          "Thu, 02 Jun 2016 01:20:48 GMT"
        ],
        "Pragma": [
          "no-cache"
        ],
        "Transfer-Encoding": [
          "chunked"
        ],
        "ETag": [
          "W/\"cfe5e54a-75df-4ad2-a5a2-8fe583ed14be\""
        ],
        "Server": [
          "Microsoft-HTTPAPI/2.0",
          "Microsoft-HTTPAPI/2.0"
        ],
        "Vary": [
          "Accept-Encoding"
        ],
        "x-ms-request-id": [
          "da9c8218-a02d-47d1-b267-a9c3060fdf5b"
        ],
        "Strict-Transport-Security": [
          "max-age=31536000; includeSubDomains"
        ],
        "x-ms-ratelimit-remaining-subscription-reads": [
          "14990"
        ],
        "x-ms-correlation-request-id": [
          "4ab3c2bc-e119-42bb-a69d-c94d0155c3be"
        ],
        "x-ms-routing-request-id": [
          "WESTUS:20160602T012048Z:4ab3c2bc-e119-42bb-a69d-c94d0155c3be"
        ]
      },
      "StatusCode": 200
    },
    {
      "RequestUri": "/subscriptions/0b1f6471-1bf0-4dda-aec3-cb9272f09590/resourceGroups/crptestar4034/providers/Microsoft.Network/virtualnetworks/vn5553/subnets/sn6013?api-version=2016-03-30",
      "EncodedRequestUri": "L3N1YnNjcmlwdGlvbnMvMGIxZjY0NzEtMWJmMC00ZGRhLWFlYzMtY2I5MjcyZjA5NTkwL3Jlc291cmNlR3JvdXBzL2NycHRlc3RhcjQwMzQvcHJvdmlkZXJzL01pY3Jvc29mdC5OZXR3b3JrL3ZpcnR1YWxuZXR3b3Jrcy92bjU1NTMvc3VibmV0cy9zbjYwMTM/YXBpLXZlcnNpb249MjAxNi0wMy0zMA==",
      "RequestMethod": "GET",
      "RequestBody": "",
      "RequestHeaders": {
        "x-ms-client-request-id": [
          "d7d1b27d-8a6c-4496-b175-d68b646ea7dc"
        ],
        "accept-language": [
          "en-US"
        ],
        "User-Agent": [
          "Microsoft.Azure.Management.Network.NetworkManagementClient/5.0.0-preview"
        ]
      },
      "ResponseBody": "{\r\n  \"name\": \"sn6013\",\r\n  \"id\": \"/subscriptions/0b1f6471-1bf0-4dda-aec3-cb9272f09590/resourceGroups/crptestar4034/providers/Microsoft.Network/virtualNetworks/vn5553/subnets/sn6013\",\r\n  \"etag\": \"W/\\\"cfe5e54a-75df-4ad2-a5a2-8fe583ed14be\\\"\",\r\n  \"properties\": {\r\n    \"provisioningState\": \"Succeeded\",\r\n    \"addressPrefix\": \"10.0.0.0/24\"\r\n  }\r\n}",
      "ResponseHeaders": {
        "Content-Type": [
          "application/json; charset=utf-8"
        ],
        "Expires": [
          "-1"
        ],
        "Cache-Control": [
          "no-cache"
        ],
        "Date": [
          "Thu, 02 Jun 2016 01:20:48 GMT"
        ],
        "Pragma": [
          "no-cache"
        ],
        "Transfer-Encoding": [
          "chunked"
        ],
        "ETag": [
          "W/\"cfe5e54a-75df-4ad2-a5a2-8fe583ed14be\""
        ],
        "Server": [
          "Microsoft-HTTPAPI/2.0",
          "Microsoft-HTTPAPI/2.0"
        ],
        "Vary": [
          "Accept-Encoding"
        ],
        "x-ms-request-id": [
          "f5ab6759-dccb-4ed5-8555-323c48db0d94"
        ],
        "Strict-Transport-Security": [
          "max-age=31536000; includeSubDomains"
        ],
        "x-ms-ratelimit-remaining-subscription-reads": [
          "14989"
        ],
        "x-ms-correlation-request-id": [
          "fe72f040-0f0c-41f0-a976-7fb45ed1b904"
        ],
        "x-ms-routing-request-id": [
          "WESTUS:20160602T012048Z:fe72f040-0f0c-41f0-a976-7fb45ed1b904"
        ]
      },
      "StatusCode": 200
    },
    {
      "RequestUri": "/subscriptions/0b1f6471-1bf0-4dda-aec3-cb9272f09590/resourceGroups/crptestar4034/providers/Microsoft.Network/networkInterfaces/nic4911?api-version=2016-03-30",
      "EncodedRequestUri": "L3N1YnNjcmlwdGlvbnMvMGIxZjY0NzEtMWJmMC00ZGRhLWFlYzMtY2I5MjcyZjA5NTkwL3Jlc291cmNlR3JvdXBzL2NycHRlc3RhcjQwMzQvcHJvdmlkZXJzL01pY3Jvc29mdC5OZXR3b3JrL25ldHdvcmtJbnRlcmZhY2VzL25pYzQ5MTE/YXBpLXZlcnNpb249MjAxNi0wMy0zMA==",
      "RequestMethod": "PUT",
      "RequestBody": "{\r\n  \"location\": \"SoutheastAsia\",\r\n  \"tags\": {\r\n    \"key\": \"value\"\r\n  },\r\n  \"properties\": {\r\n    \"ipConfigurations\": [\r\n      {\r\n        \"name\": \"ip6577\",\r\n        \"properties\": {\r\n          \"privateIPAllocationMethod\": \"Dynamic\",\r\n          \"subnet\": {\r\n            \"name\": \"sn6013\",\r\n            \"etag\": \"W/\\\"cfe5e54a-75df-4ad2-a5a2-8fe583ed14be\\\"\",\r\n            \"id\": \"/subscriptions/0b1f6471-1bf0-4dda-aec3-cb9272f09590/resourceGroups/crptestar4034/providers/Microsoft.Network/virtualNetworks/vn5553/subnets/sn6013\",\r\n            \"properties\": {\r\n              \"addressPrefix\": \"10.0.0.0/24\",\r\n              \"provisioningState\": \"Succeeded\"\r\n            }\r\n          }\r\n        }\r\n      }\r\n    ]\r\n  }\r\n}",
      "RequestHeaders": {
        "Content-Type": [
          "application/json; charset=utf-8"
        ],
        "Content-Length": [
          "707"
        ],
        "x-ms-client-request-id": [
          "b33c4be1-53eb-454f-9464-d53aed31548c"
        ],
        "accept-language": [
          "en-US"
        ],
        "User-Agent": [
          "Microsoft.Azure.Management.Network.NetworkManagementClient/5.0.0-preview"
        ]
      },
      "ResponseBody": "{\r\n  \"name\": \"nic4911\",\r\n  \"id\": \"/subscriptions/0b1f6471-1bf0-4dda-aec3-cb9272f09590/resourceGroups/crptestar4034/providers/Microsoft.Network/networkInterfaces/nic4911\",\r\n  \"etag\": \"W/\\\"70c1acaa-7437-45a3-bd51-eacfb5a40765\\\"\",\r\n  \"type\": \"Microsoft.Network/networkInterfaces\",\r\n  \"location\": \"southeastasia\",\r\n  \"tags\": {\r\n    \"key\": \"value\"\r\n  },\r\n  \"properties\": {\r\n    \"provisioningState\": \"Succeeded\",\r\n    \"resourceGuid\": \"a54057be-6a43-49bc-867d-4c8c3b40fffd\",\r\n    \"ipConfigurations\": [\r\n      {\r\n        \"name\": \"ip6577\",\r\n        \"id\": \"/subscriptions/0b1f6471-1bf0-4dda-aec3-cb9272f09590/resourceGroups/crptestar4034/providers/Microsoft.Network/networkInterfaces/nic4911/ipConfigurations/ip6577\",\r\n        \"etag\": \"W/\\\"70c1acaa-7437-45a3-bd51-eacfb5a40765\\\"\",\r\n        \"properties\": {\r\n          \"provisioningState\": \"Succeeded\",\r\n          \"privateIPAddress\": \"10.0.0.4\",\r\n          \"privateIPAllocationMethod\": \"Dynamic\",\r\n          \"subnet\": {\r\n            \"id\": \"/subscriptions/0b1f6471-1bf0-4dda-aec3-cb9272f09590/resourceGroups/crptestar4034/providers/Microsoft.Network/virtualNetworks/vn5553/subnets/sn6013\"\r\n          },\r\n          \"primary\": true,\r\n          \"privateIPAddressVersion\": \"IPv4\"\r\n        }\r\n      }\r\n    ],\r\n    \"dnsSettings\": {\r\n      \"dnsServers\": [],\r\n      \"appliedDnsServers\": [],\r\n      \"internalDomainNameSuffix\": \"hsyqbmftwwseppdpy22jgooiud.ix.internal.cloudapp.net\"\r\n    },\r\n    \"enableIPForwarding\": false\r\n  }\r\n}",
      "ResponseHeaders": {
        "Content-Length": [
          "1457"
        ],
        "Content-Type": [
          "application/json; charset=utf-8"
        ],
        "Expires": [
          "-1"
        ],
        "Cache-Control": [
          "no-cache"
        ],
        "Date": [
          "Thu, 02 Jun 2016 01:20:53 GMT"
        ],
        "Pragma": [
          "no-cache"
        ],
        "Server": [
          "Microsoft-HTTPAPI/2.0",
          "Microsoft-HTTPAPI/2.0"
        ],
        "x-ms-request-id": [
          "4347fe14-c13e-4892-9de8-1c974820ecde"
        ],
        "Azure-AsyncOperation": [
          "https://management.azure.com/subscriptions/0b1f6471-1bf0-4dda-aec3-cb9272f09590/providers/Microsoft.Network/locations/southeastasia/operations/4347fe14-c13e-4892-9de8-1c974820ecde?api-version=2016-03-30"
        ],
        "Strict-Transport-Security": [
          "max-age=31536000; includeSubDomains"
        ],
        "x-ms-ratelimit-remaining-subscription-writes": [
          "1196"
        ],
        "x-ms-correlation-request-id": [
          "5359b06d-4d74-4eaa-aa75-7f9a231f2a53"
        ],
        "x-ms-routing-request-id": [
          "WESTUS:20160602T012053Z:5359b06d-4d74-4eaa-aa75-7f9a231f2a53"
        ]
      },
      "StatusCode": 201
    },
    {
      "RequestUri": "/subscriptions/0b1f6471-1bf0-4dda-aec3-cb9272f09590/resourceGroups/crptestar4034/providers/Microsoft.Network/networkInterfaces/nic4911?api-version=2016-03-30",
      "EncodedRequestUri": "L3N1YnNjcmlwdGlvbnMvMGIxZjY0NzEtMWJmMC00ZGRhLWFlYzMtY2I5MjcyZjA5NTkwL3Jlc291cmNlR3JvdXBzL2NycHRlc3RhcjQwMzQvcHJvdmlkZXJzL01pY3Jvc29mdC5OZXR3b3JrL25ldHdvcmtJbnRlcmZhY2VzL25pYzQ5MTE/YXBpLXZlcnNpb249MjAxNi0wMy0zMA==",
      "RequestMethod": "GET",
      "RequestBody": "",
      "RequestHeaders": {
        "User-Agent": [
          "Microsoft.Azure.Management.Network.NetworkManagementClient/5.0.0-preview"
        ]
      },
      "ResponseBody": "{\r\n  \"name\": \"nic4911\",\r\n  \"id\": \"/subscriptions/0b1f6471-1bf0-4dda-aec3-cb9272f09590/resourceGroups/crptestar4034/providers/Microsoft.Network/networkInterfaces/nic4911\",\r\n  \"etag\": \"W/\\\"70c1acaa-7437-45a3-bd51-eacfb5a40765\\\"\",\r\n  \"type\": \"Microsoft.Network/networkInterfaces\",\r\n  \"location\": \"southeastasia\",\r\n  \"tags\": {\r\n    \"key\": \"value\"\r\n  },\r\n  \"properties\": {\r\n    \"provisioningState\": \"Succeeded\",\r\n    \"resourceGuid\": \"a54057be-6a43-49bc-867d-4c8c3b40fffd\",\r\n    \"ipConfigurations\": [\r\n      {\r\n        \"name\": \"ip6577\",\r\n        \"id\": \"/subscriptions/0b1f6471-1bf0-4dda-aec3-cb9272f09590/resourceGroups/crptestar4034/providers/Microsoft.Network/networkInterfaces/nic4911/ipConfigurations/ip6577\",\r\n        \"etag\": \"W/\\\"70c1acaa-7437-45a3-bd51-eacfb5a40765\\\"\",\r\n        \"properties\": {\r\n          \"provisioningState\": \"Succeeded\",\r\n          \"privateIPAddress\": \"10.0.0.4\",\r\n          \"privateIPAllocationMethod\": \"Dynamic\",\r\n          \"subnet\": {\r\n            \"id\": \"/subscriptions/0b1f6471-1bf0-4dda-aec3-cb9272f09590/resourceGroups/crptestar4034/providers/Microsoft.Network/virtualNetworks/vn5553/subnets/sn6013\"\r\n          },\r\n          \"primary\": true,\r\n          \"privateIPAddressVersion\": \"IPv4\"\r\n        }\r\n      }\r\n    ],\r\n    \"dnsSettings\": {\r\n      \"dnsServers\": [],\r\n      \"appliedDnsServers\": [],\r\n      \"internalDomainNameSuffix\": \"hsyqbmftwwseppdpy22jgooiud.ix.internal.cloudapp.net\"\r\n    },\r\n    \"enableIPForwarding\": false\r\n  }\r\n}",
      "ResponseHeaders": {
        "Content-Type": [
          "application/json; charset=utf-8"
        ],
        "Expires": [
          "-1"
        ],
        "Cache-Control": [
          "no-cache"
        ],
        "Date": [
          "Thu, 02 Jun 2016 01:20:53 GMT"
        ],
        "Pragma": [
          "no-cache"
        ],
        "Transfer-Encoding": [
          "chunked"
        ],
        "ETag": [
          "W/\"70c1acaa-7437-45a3-bd51-eacfb5a40765\""
        ],
        "Server": [
          "Microsoft-HTTPAPI/2.0",
          "Microsoft-HTTPAPI/2.0"
        ],
        "Vary": [
          "Accept-Encoding"
        ],
        "x-ms-request-id": [
          "df34013b-60f4-4ce6-aee1-9f20e99571a7"
        ],
        "Strict-Transport-Security": [
          "max-age=31536000; includeSubDomains"
        ],
        "x-ms-ratelimit-remaining-subscription-reads": [
          "14988"
        ],
        "x-ms-correlation-request-id": [
          "c8c25bf6-8977-4c0d-b7ba-28c2be2516d0"
        ],
        "x-ms-routing-request-id": [
          "WESTUS:20160602T012053Z:c8c25bf6-8977-4c0d-b7ba-28c2be2516d0"
        ]
      },
      "StatusCode": 200
    },
    {
      "RequestUri": "/subscriptions/0b1f6471-1bf0-4dda-aec3-cb9272f09590/resourceGroups/crptestar4034/providers/Microsoft.Network/networkInterfaces/nic4911?api-version=2016-03-30",
      "EncodedRequestUri": "L3N1YnNjcmlwdGlvbnMvMGIxZjY0NzEtMWJmMC00ZGRhLWFlYzMtY2I5MjcyZjA5NTkwL3Jlc291cmNlR3JvdXBzL2NycHRlc3RhcjQwMzQvcHJvdmlkZXJzL01pY3Jvc29mdC5OZXR3b3JrL25ldHdvcmtJbnRlcmZhY2VzL25pYzQ5MTE/YXBpLXZlcnNpb249MjAxNi0wMy0zMA==",
      "RequestMethod": "GET",
      "RequestBody": "",
      "RequestHeaders": {
        "x-ms-client-request-id": [
          "dc9ef854-8e29-4768-9294-2f48f0a0fed6"
        ],
        "accept-language": [
          "en-US"
        ],
        "User-Agent": [
          "Microsoft.Azure.Management.Network.NetworkManagementClient/5.0.0-preview"
        ]
      },
      "ResponseBody": "{\r\n  \"name\": \"nic4911\",\r\n  \"id\": \"/subscriptions/0b1f6471-1bf0-4dda-aec3-cb9272f09590/resourceGroups/crptestar4034/providers/Microsoft.Network/networkInterfaces/nic4911\",\r\n  \"etag\": \"W/\\\"70c1acaa-7437-45a3-bd51-eacfb5a40765\\\"\",\r\n  \"type\": \"Microsoft.Network/networkInterfaces\",\r\n  \"location\": \"southeastasia\",\r\n  \"tags\": {\r\n    \"key\": \"value\"\r\n  },\r\n  \"properties\": {\r\n    \"provisioningState\": \"Succeeded\",\r\n    \"resourceGuid\": \"a54057be-6a43-49bc-867d-4c8c3b40fffd\",\r\n    \"ipConfigurations\": [\r\n      {\r\n        \"name\": \"ip6577\",\r\n        \"id\": \"/subscriptions/0b1f6471-1bf0-4dda-aec3-cb9272f09590/resourceGroups/crptestar4034/providers/Microsoft.Network/networkInterfaces/nic4911/ipConfigurations/ip6577\",\r\n        \"etag\": \"W/\\\"70c1acaa-7437-45a3-bd51-eacfb5a40765\\\"\",\r\n        \"properties\": {\r\n          \"provisioningState\": \"Succeeded\",\r\n          \"privateIPAddress\": \"10.0.0.4\",\r\n          \"privateIPAllocationMethod\": \"Dynamic\",\r\n          \"subnet\": {\r\n            \"id\": \"/subscriptions/0b1f6471-1bf0-4dda-aec3-cb9272f09590/resourceGroups/crptestar4034/providers/Microsoft.Network/virtualNetworks/vn5553/subnets/sn6013\"\r\n          },\r\n          \"primary\": true,\r\n          \"privateIPAddressVersion\": \"IPv4\"\r\n        }\r\n      }\r\n    ],\r\n    \"dnsSettings\": {\r\n      \"dnsServers\": [],\r\n      \"appliedDnsServers\": [],\r\n      \"internalDomainNameSuffix\": \"hsyqbmftwwseppdpy22jgooiud.ix.internal.cloudapp.net\"\r\n    },\r\n    \"enableIPForwarding\": false\r\n  }\r\n}",
      "ResponseHeaders": {
        "Content-Type": [
          "application/json; charset=utf-8"
        ],
        "Expires": [
          "-1"
        ],
        "Cache-Control": [
          "no-cache"
        ],
        "Date": [
          "Thu, 02 Jun 2016 01:20:53 GMT"
        ],
        "Pragma": [
          "no-cache"
        ],
        "Transfer-Encoding": [
          "chunked"
        ],
        "ETag": [
          "W/\"70c1acaa-7437-45a3-bd51-eacfb5a40765\""
        ],
        "Server": [
          "Microsoft-HTTPAPI/2.0",
          "Microsoft-HTTPAPI/2.0"
        ],
        "Vary": [
          "Accept-Encoding"
        ],
        "x-ms-request-id": [
          "c6d0bbfc-6c23-4f7f-83b3-c9f51232a74f"
        ],
        "Strict-Transport-Security": [
          "max-age=31536000; includeSubDomains"
        ],
        "x-ms-ratelimit-remaining-subscription-reads": [
          "14987"
        ],
        "x-ms-correlation-request-id": [
          "06dc5419-d2bc-4590-ae10-614be92cf008"
        ],
        "x-ms-routing-request-id": [
          "WESTUS:20160602T012053Z:06dc5419-d2bc-4590-ae10-614be92cf008"
        ]
      },
      "StatusCode": 200
    },
    {
      "RequestUri": "/subscriptions/0b1f6471-1bf0-4dda-aec3-cb9272f09590/resourceGroups/crptestar4034/providers/Microsoft.Compute/availabilitySets/as2250?api-version=2016-03-30",
      "EncodedRequestUri": "L3N1YnNjcmlwdGlvbnMvMGIxZjY0NzEtMWJmMC00ZGRhLWFlYzMtY2I5MjcyZjA5NTkwL3Jlc291cmNlR3JvdXBzL2NycHRlc3RhcjQwMzQvcHJvdmlkZXJzL01pY3Jvc29mdC5Db21wdXRlL2F2YWlsYWJpbGl0eVNldHMvYXMyMjUwP2FwaS12ZXJzaW9uPTIwMTYtMDMtMzA=",
      "RequestMethod": "PUT",
      "RequestBody": "{\r\n  \"location\": \"SoutheastAsia\",\r\n  \"tags\": {\r\n    \"RG\": \"rg\",\r\n    \"testTag\": \"1\"\r\n  }\r\n}",
      "RequestHeaders": {
        "Content-Type": [
          "application/json; charset=utf-8"
        ],
        "Content-Length": [
          "91"
        ],
        "x-ms-client-request-id": [
          "3ab7de80-ec05-45b5-9fc7-8d594ef5036a"
        ],
        "accept-language": [
          "en-US"
        ],
        "User-Agent": [
          "Microsoft.Azure.Management.Compute.ComputeManagementClient/14.0.0-prerelease"
        ]
      },
      "ResponseBody": "{\r\n  \"properties\": {\r\n    \"platformUpdateDomainCount\": 5,\r\n    \"platformFaultDomainCount\": 3\r\n  },\r\n  \"id\": \"/subscriptions/0b1f6471-1bf0-4dda-aec3-cb9272f09590/resourceGroups/crptestar4034/providers/Microsoft.Compute/availabilitySets/as2250\",\r\n  \"name\": \"as2250\",\r\n  \"type\": \"Microsoft.Compute/availabilitySets\",\r\n  \"location\": \"southeastasia\",\r\n  \"tags\": {\r\n    \"RG\": \"rg\",\r\n    \"testTag\": \"1\"\r\n  }\r\n}",
      "ResponseHeaders": {
        "Content-Type": [
          "application/json; charset=utf-8"
        ],
        "Expires": [
          "-1"
        ],
        "Cache-Control": [
          "no-cache"
        ],
        "Date": [
          "Thu, 02 Jun 2016 01:20:58 GMT"
        ],
        "Pragma": [
          "no-cache"
        ],
        "Transfer-Encoding": [
          "chunked"
        ],
        "Server": [
          "Microsoft-HTTPAPI/2.0",
          "Microsoft-HTTPAPI/2.0"
        ],
        "Vary": [
          "Accept-Encoding"
        ],
        "Strict-Transport-Security": [
          "max-age=31536000; includeSubDomains"
        ],
        "x-ms-served-by": [
          "0958ee4b-1a81-40fe-8876-5f7800c8adc0_131092485753205775"
        ],
        "x-ms-request-id": [
          "abbe29b8-a795-4d0b-9740-da6034a22e50"
        ],
        "x-ms-ratelimit-remaining-subscription-writes": [
          "1199"
        ],
        "x-ms-correlation-request-id": [
          "8b8b61fb-ef09-45dc-838b-db524566c4ab"
        ],
        "x-ms-routing-request-id": [
          "WESTUS:20160602T012059Z:8b8b61fb-ef09-45dc-838b-db524566c4ab"
        ]
      },
      "StatusCode": 200
    },
    {
      "RequestUri": "/subscriptions/0b1f6471-1bf0-4dda-aec3-cb9272f09590/resourceGroups/crptestar4034/providers/Microsoft.Compute/virtualMachines/vm2186?api-version=2016-03-30",
      "EncodedRequestUri": "L3N1YnNjcmlwdGlvbnMvMGIxZjY0NzEtMWJmMC00ZGRhLWFlYzMtY2I5MjcyZjA5NTkwL3Jlc291cmNlR3JvdXBzL2NycHRlc3RhcjQwMzQvcHJvdmlkZXJzL01pY3Jvc29mdC5Db21wdXRlL3ZpcnR1YWxNYWNoaW5lcy92bTIxODY/YXBpLXZlcnNpb249MjAxNi0wMy0zMA==",
      "RequestMethod": "PUT",
      "RequestBody": "{\r\n  \"plan\": {\r\n    \"name\": \"sandbox_single-node\",\r\n    \"publisher\": \"datastax\",\r\n    \"product\": \"datastax-enterprise-non-production-use-only\"\r\n  },\r\n  \"properties\": {\r\n    \"hardwareProfile\": {\r\n      \"vmSize\": \"Standard_A0\"\r\n    },\r\n    \"storageProfile\": {\r\n      \"imageReference\": {\r\n        \"publisher\": \"datastax\",\r\n        \"offer\": \"datastax-enterprise-non-production-use-only\",\r\n        \"sku\": \"sandbox_single-node\",\r\n        \"version\": \"1.0.0\"\r\n      },\r\n      \"osDisk\": {\r\n        \"name\": \"test\",\r\n        \"vhd\": {\r\n          \"uri\": \"https://crptestar5083.blob.core.windows.net/crptestar5855/oscrptestar2130.vhd\"\r\n        },\r\n        \"caching\": \"None\",\r\n        \"createOption\": \"fromImage\"\r\n      }\r\n    },\r\n    \"osProfile\": {\r\n      \"computerName\": \"test\",\r\n      \"adminUsername\": \"Foo12\",\r\n      \"adminPassword\": \"BaR@123crptestar4034\"\r\n    },\r\n    \"networkProfile\": {\r\n      \"networkInterfaces\": [\r\n        {\r\n          \"id\": \"/subscriptions/0b1f6471-1bf0-4dda-aec3-cb9272f09590/resourceGroups/crptestar4034/providers/Microsoft.Network/networkInterfaces/nic4911\"\r\n        }\r\n      ]\r\n    },\r\n    \"availabilitySet\": {\r\n      \"id\": \"/subscriptions/0b1f6471-1bf0-4dda-aec3-cb9272f09590/resourceGroups/crptestar4034/providers/Microsoft.Compute/availabilitySets/as2250\"\r\n    }\r\n  },\r\n  \"location\": \"SoutheastAsia\",\r\n  \"tags\": {\r\n    \"RG\": \"rg\",\r\n    \"testTag\": \"1\"\r\n  }\r\n}",
      "RequestHeaders": {
        "Content-Type": [
          "application/json; charset=utf-8"
        ],
        "Content-Length": [
          "1378"
        ],
        "x-ms-client-request-id": [
          "b199a409-f435-49b8-be09-79d01495fb42"
        ],
        "accept-language": [
          "en-US"
        ],
        "User-Agent": [
          "Microsoft.Azure.Management.Compute.ComputeManagementClient/14.0.0-prerelease"
        ]
      },
      "ResponseBody": "{\r\n  \"error\": {\r\n    \"code\": \"ResourcePurchaseValidationFailed\",\r\n    \"message\": \"User failed validation to purchase resources. Error message: 'Offer with PublisherId: datastax and OfferId: datastax-enterprise-non-production-use-only not found in Azure Data Market. If this offer has been created recently, please allow upto 30 minutes for this offer to be available for Purchase.'\"\r\n  }\r\n}",
      "ResponseHeaders": {
        "Content-Length": [
          "365"
        ],
        "Content-Type": [
          "application/json; charset=utf-8"
        ],
        "Expires": [
          "-1"
        ],
        "Cache-Control": [
          "no-cache"
        ],
        "Date": [
          "Thu, 02 Jun 2016 01:21:00 GMT"
        ],
        "Pragma": [
          "no-cache"
        ],
        "x-ms-failure-cause": [
          "gateway"
        ],
        "x-ms-request-id": [
          "b94edc14-9cb4-407a-bed4-592dbd5bb804"
        ],
        "x-ms-correlation-request-id": [
          "b94edc14-9cb4-407a-bed4-592dbd5bb804"
        ],
        "x-ms-routing-request-id": [
          "WESTUS:20160602T012101Z:b94edc14-9cb4-407a-bed4-592dbd5bb804"
        ],
        "Strict-Transport-Security": [
          "max-age=31536000; includeSubDomains"
        ]
      },
      "StatusCode": 400
    },
    {
      "RequestUri": "/subscriptions/0b1f6471-1bf0-4dda-aec3-cb9272f09590/resourcegroups/crptestar4034?api-version=2015-11-01",
      "EncodedRequestUri": "L3N1YnNjcmlwdGlvbnMvMGIxZjY0NzEtMWJmMC00ZGRhLWFlYzMtY2I5MjcyZjA5NTkwL3Jlc291cmNlZ3JvdXBzL2NycHRlc3RhcjQwMzQ/YXBpLXZlcnNpb249MjAxNS0xMS0wMQ==",
      "RequestMethod": "DELETE",
      "RequestBody": "",
      "RequestHeaders": {
        "x-ms-client-request-id": [
          "661f3bdf-2f8f-41ad-ab20-b288dd2a522e"
        ],
        "accept-language": [
          "en-US"
        ],
        "User-Agent": [
          "Microsoft.Azure.Management.Resources.ResourceManagementClient/1.0.0-preview"
        ]
      },
      "ResponseBody": "",
      "ResponseHeaders": {
        "Content-Length": [
          "0"
        ],
        "Expires": [
          "-1"
        ],
        "Cache-Control": [
          "no-cache"
        ],
        "Date": [
          "Thu, 02 Jun 2016 01:21:04 GMT"
        ],
        "Pragma": [
          "no-cache"
        ],
        "Location": [
          "https://management.azure.com/subscriptions/0b1f6471-1bf0-4dda-aec3-cb9272f09590/operationresults/eyJqb2JJZCI6IlJFU09VUkNFR1JPVVBERUxFVElPTkpPQi1DUlBURVNUQVI0MDM0LVNPVVRIRUFTVEFTSUEiLCJqb2JMb2NhdGlvbiI6InNvdXRoZWFzdGFzaWEifQ?api-version=2015-11-01"
        ],
        "Retry-After": [
          "15"
        ],
        "x-ms-ratelimit-remaining-subscription-writes": [
          "1198"
        ],
        "x-ms-request-id": [
          "a9ece13f-2855-409d-857a-646872a50d74"
        ],
        "x-ms-correlation-request-id": [
          "a9ece13f-2855-409d-857a-646872a50d74"
        ],
        "x-ms-routing-request-id": [
          "WESTUS:20160602T012104Z:a9ece13f-2855-409d-857a-646872a50d74"
        ],
        "Strict-Transport-Security": [
          "max-age=31536000; includeSubDomains"
        ]
      },
      "StatusCode": 202
    },
    {
      "RequestUri": "/subscriptions/0b1f6471-1bf0-4dda-aec3-cb9272f09590/operationresults/eyJqb2JJZCI6IlJFU09VUkNFR1JPVVBERUxFVElPTkpPQi1DUlBURVNUQVI0MDM0LVNPVVRIRUFTVEFTSUEiLCJqb2JMb2NhdGlvbiI6InNvdXRoZWFzdGFzaWEifQ?api-version=2015-11-01",
      "EncodedRequestUri": "L3N1YnNjcmlwdGlvbnMvMGIxZjY0NzEtMWJmMC00ZGRhLWFlYzMtY2I5MjcyZjA5NTkwL29wZXJhdGlvbnJlc3VsdHMvZXlKcWIySkpaQ0k2SWxKRlUwOVZVa05GUjFKUFZWQkVSVXhGVkVsUFRrcFBRaTFEVWxCVVJWTlVRVkkwTURNMExWTlBWVlJJUlVGVFZFRlRTVUVpTENKcWIySk1iMk5oZEdsdmJpSTZJbk52ZFhSb1pXRnpkR0Z6YVdFaWZRP2FwaS12ZXJzaW9uPTIwMTUtMTEtMDE=",
      "RequestMethod": "GET",
      "RequestBody": "",
      "RequestHeaders": {
        "User-Agent": [
          "Microsoft.Azure.Management.Resources.ResourceManagementClient/1.0.0-preview"
        ]
      },
      "ResponseBody": "",
      "ResponseHeaders": {
        "Content-Length": [
          "0"
        ],
        "Expires": [
          "-1"
        ],
        "Cache-Control": [
          "no-cache"
        ],
        "Date": [
          "Thu, 02 Jun 2016 01:21:34 GMT"
        ],
        "Pragma": [
          "no-cache"
        ],
        "Location": [
          "https://management.azure.com/subscriptions/0b1f6471-1bf0-4dda-aec3-cb9272f09590/operationresults/eyJqb2JJZCI6IlJFU09VUkNFR1JPVVBERUxFVElPTkpPQi1DUlBURVNUQVI0MDM0LVNPVVRIRUFTVEFTSUEiLCJqb2JMb2NhdGlvbiI6InNvdXRoZWFzdGFzaWEifQ?api-version=2015-11-01"
        ],
        "Retry-After": [
          "15"
        ],
        "x-ms-ratelimit-remaining-subscription-reads": [
          "14989"
        ],
        "x-ms-request-id": [
          "88a5cd06-554b-486f-88b8-aa44a9140f0b"
        ],
        "x-ms-correlation-request-id": [
          "88a5cd06-554b-486f-88b8-aa44a9140f0b"
        ],
        "x-ms-routing-request-id": [
          "WESTUS:20160602T012135Z:88a5cd06-554b-486f-88b8-aa44a9140f0b"
        ],
        "Strict-Transport-Security": [
          "max-age=31536000; includeSubDomains"
        ]
      },
      "StatusCode": 202
    },
    {
      "RequestUri": "/subscriptions/0b1f6471-1bf0-4dda-aec3-cb9272f09590/operationresults/eyJqb2JJZCI6IlJFU09VUkNFR1JPVVBERUxFVElPTkpPQi1DUlBURVNUQVI0MDM0LVNPVVRIRUFTVEFTSUEiLCJqb2JMb2NhdGlvbiI6InNvdXRoZWFzdGFzaWEifQ?api-version=2015-11-01",
      "EncodedRequestUri": "L3N1YnNjcmlwdGlvbnMvMGIxZjY0NzEtMWJmMC00ZGRhLWFlYzMtY2I5MjcyZjA5NTkwL29wZXJhdGlvbnJlc3VsdHMvZXlKcWIySkpaQ0k2SWxKRlUwOVZVa05GUjFKUFZWQkVSVXhGVkVsUFRrcFBRaTFEVWxCVVJWTlVRVkkwTURNMExWTlBWVlJJUlVGVFZFRlRTVUVpTENKcWIySk1iMk5oZEdsdmJpSTZJbk52ZFhSb1pXRnpkR0Z6YVdFaWZRP2FwaS12ZXJzaW9uPTIwMTUtMTEtMDE=",
      "RequestMethod": "GET",
      "RequestBody": "",
      "RequestHeaders": {
        "User-Agent": [
          "Microsoft.Azure.Management.Resources.ResourceManagementClient/1.0.0-preview"
        ]
      },
      "ResponseBody": "",
      "ResponseHeaders": {
        "Content-Length": [
          "0"
        ],
        "Expires": [
          "-1"
        ],
        "Cache-Control": [
          "no-cache"
        ],
        "Date": [
          "Thu, 02 Jun 2016 01:22:04 GMT"
        ],
        "Pragma": [
          "no-cache"
        ],
        "Location": [
          "https://management.azure.com/subscriptions/0b1f6471-1bf0-4dda-aec3-cb9272f09590/operationresults/eyJqb2JJZCI6IlJFU09VUkNFR1JPVVBERUxFVElPTkpPQi1DUlBURVNUQVI0MDM0LVNPVVRIRUFTVEFTSUEiLCJqb2JMb2NhdGlvbiI6InNvdXRoZWFzdGFzaWEifQ?api-version=2015-11-01"
        ],
        "Retry-After": [
          "15"
        ],
        "x-ms-ratelimit-remaining-subscription-reads": [
          "14988"
        ],
        "x-ms-request-id": [
          "b6a7ea8e-8cfe-49e8-b9c9-11196b9e7b21"
        ],
        "x-ms-correlation-request-id": [
          "b6a7ea8e-8cfe-49e8-b9c9-11196b9e7b21"
        ],
        "x-ms-routing-request-id": [
          "WESTUS:20160602T012205Z:b6a7ea8e-8cfe-49e8-b9c9-11196b9e7b21"
        ],
        "Strict-Transport-Security": [
          "max-age=31536000; includeSubDomains"
        ]
      },
      "StatusCode": 202
    },
    {
      "RequestUri": "/subscriptions/0b1f6471-1bf0-4dda-aec3-cb9272f09590/operationresults/eyJqb2JJZCI6IlJFU09VUkNFR1JPVVBERUxFVElPTkpPQi1DUlBURVNUQVI0MDM0LVNPVVRIRUFTVEFTSUEiLCJqb2JMb2NhdGlvbiI6InNvdXRoZWFzdGFzaWEifQ?api-version=2015-11-01",
      "EncodedRequestUri": "L3N1YnNjcmlwdGlvbnMvMGIxZjY0NzEtMWJmMC00ZGRhLWFlYzMtY2I5MjcyZjA5NTkwL29wZXJhdGlvbnJlc3VsdHMvZXlKcWIySkpaQ0k2SWxKRlUwOVZVa05GUjFKUFZWQkVSVXhGVkVsUFRrcFBRaTFEVWxCVVJWTlVRVkkwTURNMExWTlBWVlJJUlVGVFZFRlRTVUVpTENKcWIySk1iMk5oZEdsdmJpSTZJbk52ZFhSb1pXRnpkR0Z6YVdFaWZRP2FwaS12ZXJzaW9uPTIwMTUtMTEtMDE=",
      "RequestMethod": "GET",
      "RequestBody": "",
      "RequestHeaders": {
        "User-Agent": [
          "Microsoft.Azure.Management.Resources.ResourceManagementClient/1.0.0-preview"
        ]
      },
      "ResponseBody": "",
      "ResponseHeaders": {
        "Content-Length": [
          "0"
        ],
        "Expires": [
          "-1"
        ],
        "Cache-Control": [
          "no-cache"
        ],
        "Date": [
          "Thu, 02 Jun 2016 01:22:35 GMT"
        ],
        "Pragma": [
          "no-cache"
        ],
        "Location": [
          "https://management.azure.com/subscriptions/0b1f6471-1bf0-4dda-aec3-cb9272f09590/operationresults/eyJqb2JJZCI6IlJFU09VUkNFR1JPVVBERUxFVElPTkpPQi1DUlBURVNUQVI0MDM0LVNPVVRIRUFTVEFTSUEiLCJqb2JMb2NhdGlvbiI6InNvdXRoZWFzdGFzaWEifQ?api-version=2015-11-01"
        ],
        "Retry-After": [
          "15"
        ],
        "x-ms-ratelimit-remaining-subscription-reads": [
          "14987"
        ],
        "x-ms-request-id": [
          "9218ee54-9999-4ad3-8570-5ccc71acb839"
        ],
        "x-ms-correlation-request-id": [
          "9218ee54-9999-4ad3-8570-5ccc71acb839"
        ],
        "x-ms-routing-request-id": [
          "WESTUS:20160602T012236Z:9218ee54-9999-4ad3-8570-5ccc71acb839"
        ],
        "Strict-Transport-Security": [
          "max-age=31536000; includeSubDomains"
        ]
      },
      "StatusCode": 202
    },
    {
      "RequestUri": "/subscriptions/0b1f6471-1bf0-4dda-aec3-cb9272f09590/operationresults/eyJqb2JJZCI6IlJFU09VUkNFR1JPVVBERUxFVElPTkpPQi1DUlBURVNUQVI0MDM0LVNPVVRIRUFTVEFTSUEiLCJqb2JMb2NhdGlvbiI6InNvdXRoZWFzdGFzaWEifQ?api-version=2015-11-01",
      "EncodedRequestUri": "L3N1YnNjcmlwdGlvbnMvMGIxZjY0NzEtMWJmMC00ZGRhLWFlYzMtY2I5MjcyZjA5NTkwL29wZXJhdGlvbnJlc3VsdHMvZXlKcWIySkpaQ0k2SWxKRlUwOVZVa05GUjFKUFZWQkVSVXhGVkVsUFRrcFBRaTFEVWxCVVJWTlVRVkkwTURNMExWTlBWVlJJUlVGVFZFRlRTVUVpTENKcWIySk1iMk5oZEdsdmJpSTZJbk52ZFhSb1pXRnpkR0Z6YVdFaWZRP2FwaS12ZXJzaW9uPTIwMTUtMTEtMDE=",
      "RequestMethod": "GET",
      "RequestBody": "",
      "RequestHeaders": {
        "User-Agent": [
          "Microsoft.Azure.Management.Resources.ResourceManagementClient/1.0.0-preview"
        ]
      },
      "ResponseBody": "",
      "ResponseHeaders": {
        "Content-Length": [
          "0"
        ],
        "Expires": [
          "-1"
        ],
        "Cache-Control": [
          "no-cache"
        ],
        "Date": [
          "Thu, 02 Jun 2016 01:23:06 GMT"
        ],
        "Pragma": [
          "no-cache"
        ],
        "x-ms-ratelimit-remaining-subscription-reads": [
          "14986"
        ],
        "x-ms-request-id": [
          "cf254925-4e44-4825-bef1-0bb648f5e102"
        ],
        "x-ms-correlation-request-id": [
          "cf254925-4e44-4825-bef1-0bb648f5e102"
        ],
        "x-ms-routing-request-id": [
          "WESTUS:20160602T012306Z:cf254925-4e44-4825-bef1-0bb648f5e102"
        ],
        "Strict-Transport-Security": [
          "max-age=31536000; includeSubDomains"
        ]
      },
      "StatusCode": 200
    }
  ],
  "Names": {
    "TestVMMarketplace": [
      "crptestar4034",
      "crptestar5083",
      "as2250"
    ],
    "CreatePublicIP": [
      "pip5921",
      "dn6298"
    ],
    "CreateVNET": [
      "vn5553",
      "sn6013"
    ],
    "CreateNIC": [
      "nic4911",
      "ip6577"
    ],
    "CreateDefaultVMInput": [
      "crptestar5855",
      "crptestar1359",
      "crptestar2130",
      "vm2186",
      "Microsoft.Compute/virtualMachines6240"
    ]
  },
  "Variables": {
    "SubscriptionId": "0b1f6471-1bf0-4dda-aec3-cb9272f09590"
  }
}