{
  "Entries": [
    {
      "RequestUri": "https://management.azure.com/subscriptions/db1ab6f0-4769-4b27-930e-01e2ef9c123c?api-version=2021-01-01",
      "RequestMethod": "GET",
      "RequestHeaders": {
        "Accept": "application/json",
        "Authorization": "Sanitized",
        "User-Agent": "azsdk-net-ResourceManager/1.0.0-beta.4 (.NET Framework 4.8.4420.0; Microsoft Windows 10.0.22000 )",
        "x-ms-client-request-id": "c9fb300a6a95bbad3aa46f933f00b124",
        "x-ms-return-client-request-id": "true"
      },
      "RequestBody": null,
      "StatusCode": 200,
      "ResponseHeaders": {
        "Cache-Control": "no-cache",
        "Content-Length": "468",
        "Content-Type": "application/json; charset=utf-8",
        "Date": "Sat, 16 Oct 2021 15:18:46 GMT",
        "Expires": "-1",
        "Pragma": "no-cache",
        "Strict-Transport-Security": "max-age=31536000; includeSubDomains",
        "X-Content-Type-Options": "nosniff",
        "x-ms-correlation-request-id": "f2e5666f-fb45-4f36-874e-0136bfe33cc6",
        "x-ms-ratelimit-remaining-subscription-reads": "11864",
        "x-ms-request-id": "f2e5666f-fb45-4f36-874e-0136bfe33cc6",
        "x-ms-routing-request-id": "KOREASOUTH:20211016T151846Z:f2e5666f-fb45-4f36-874e-0136bfe33cc6"
      },
      "ResponseBody": {
        "id": "/subscriptions/db1ab6f0-4769-4b27-930e-01e2ef9c123c",
        "authorizationSource": "RoleBased",
        "managedByTenants": [],
        "tags": {
          "tagKey1": "tagValue1",
          "tagKey2": "tagValue2"
        },
        "subscriptionId": "db1ab6f0-4769-4b27-930e-01e2ef9c123c",
        "tenantId": "72f988bf-86f1-41af-91ab-2d7cd011db47",
        "displayName": ".NET Mgmt SDK Test with TTL = 1 Day",
        "state": "Enabled",
        "subscriptionPolicies": {
          "locationPlacementId": "Internal_2014-09-01",
          "quotaId": "Internal_2014-09-01",
          "spendingLimit": "Off"
        }
      }
    },
    {
      "RequestUri": "https://management.azure.com/subscriptions/db1ab6f0-4769-4b27-930e-01e2ef9c123c/resourcegroups/IpGroupRG-6022?api-version=2021-04-01",
      "RequestMethod": "GET",
      "RequestHeaders": {
        "Accept": "application/json",
        "Authorization": "Sanitized",
        "traceparent": "00-368a2e22940cd4439fe79b43ca18f414-2a838156d9b30b4f-00",
        "User-Agent": "azsdk-net-ResourceManager/1.0.0-beta.4 (.NET Framework 4.8.4420.0; Microsoft Windows 10.0.22000 )",
        "x-ms-client-request-id": "16621aef40d660863ca0ddd8b3c38010",
        "x-ms-return-client-request-id": "true"
      },
      "RequestBody": null,
      "StatusCode": 200,
      "ResponseHeaders": {
        "Cache-Control": "no-cache",
        "Content-Length": "226",
        "Content-Type": "application/json; charset=utf-8",
        "Date": "Sat, 16 Oct 2021 15:18:46 GMT",
        "Expires": "-1",
        "Pragma": "no-cache",
        "Strict-Transport-Security": "max-age=31536000; includeSubDomains",
        "X-Content-Type-Options": "nosniff",
        "x-ms-correlation-request-id": "acd4188e-4ec6-4221-a7e8-a1607f7b463f",
        "x-ms-ratelimit-remaining-subscription-reads": "11863",
        "x-ms-request-id": "acd4188e-4ec6-4221-a7e8-a1607f7b463f",
        "x-ms-routing-request-id": "KOREASOUTH:20211016T151846Z:acd4188e-4ec6-4221-a7e8-a1607f7b463f"
      },
      "ResponseBody": {
        "id": "/subscriptions/db1ab6f0-4769-4b27-930e-01e2ef9c123c/resourceGroups/IpGroupRG-6022",
        "name": "IpGroupRG-6022",
        "type": "Microsoft.Resources/resourceGroups",
        "location": "westus2",
        "properties": {
          "provisioningState": "Succeeded"
        }
      }
    },
    {
      "RequestUri": "https://management.azure.com/subscriptions/db1ab6f0-4769-4b27-930e-01e2ef9c123c/resourceGroups/IpGroupRG-6022/providers/Microsoft.Network/ipGroups/IpGroupRG-7432?api-version=2021-02-01",
      "RequestMethod": "PUT",
      "RequestHeaders": {
        "Accept": "application/json",
        "Authorization": "Sanitized",
        "Content-Length": "38",
        "Content-Type": "application/json",
        "User-Agent": "azsdk-net-ResourceManager.Network/1.0.0-alpha.20211016.1 (.NET Framework 4.8.4420.0; Microsoft Windows 10.0.22000 )",
        "x-ms-client-request-id": "db3ed88382c81352da886b97ec606d82",
        "x-ms-return-client-request-id": "true"
      },
      "RequestBody": {
        "location": "westus2",
        "properties": {}
      },
      "StatusCode": 201,
      "ResponseHeaders": {
        "Azure-AsyncOperation": "https://management.azure.com/subscriptions/db1ab6f0-4769-4b27-930e-01e2ef9c123c/providers/Microsoft.Network/locations/westus2/nfvOperations/246762a4-41da-40d2-8de0-c51967e5bf8a?api-version=2021-02-01",
        "Cache-Control": "no-cache",
        "Content-Length": "433",
        "Content-Type": "application/json; charset=utf-8",
        "Date": "Sat, 16 Oct 2021 15:18:47 GMT",
        "Expires": "-1",
        "Pragma": "no-cache",
        "Retry-After": "10",
        "Server": "Microsoft-HTTPAPI/2.0",
        "Strict-Transport-Security": "max-age=31536000; includeSubDomains",
        "X-Content-Type-Options": "nosniff",
        "x-ms-client-request-id": "db3ed88382c81352da886b97ec606d82",
        "x-ms-correlation-request-id": "401d5ba8-2df7-4bc3-880b-8a2453dcd635",
        "x-ms-ratelimit-remaining-subscription-writes": "1184",
        "x-ms-request-id": "246762a4-41da-40d2-8de0-c51967e5bf8a",
        "x-ms-routing-request-id": "KOREASOUTH:20211016T151848Z:401d5ba8-2df7-4bc3-880b-8a2453dcd635"
      },
      "ResponseBody": [
        "{\r\n",
        "  \"properties\": {\r\n",
        "    \"firewalls\": [],\r\n",
        "    \"firewallPolicies\": [],\r\n",
        "    \"ipAddresses\": [],\r\n",
        "    \"provisioningState\": \"Updating\"\r\n",
        "  },\r\n",
        "  \"id\": \"/subscriptions/db1ab6f0-4769-4b27-930e-01e2ef9c123c/resourceGroups/IpGroupRG-6022/providers/Microsoft.Network/ipGroups/IpGroupRG-7432\",\r\n",
        "  \"name\": \"IpGroupRG-7432\",\r\n",
        "  \"type\": \"Microsoft.Network/IpGroups\",\r\n",
        "  \"etag\": \"79ee698c-c359-4644-bdb7-665d5ba3fca0\",\r\n",
        "  \"location\": \"westus2\"\r\n",
        "}"
      ]
    },
    {
      "RequestUri": "https://management.azure.com/subscriptions/db1ab6f0-4769-4b27-930e-01e2ef9c123c/providers/Microsoft.Network/locations/westus2/nfvOperations/246762a4-41da-40d2-8de0-c51967e5bf8a?api-version=2021-02-01",
      "RequestMethod": "GET",
      "RequestHeaders": {
        "Authorization": "Sanitized",
        "User-Agent": "azsdk-net-ResourceManager/1.0.0-beta.4 (.NET Framework 4.8.4420.0; Microsoft Windows 10.0.22000 )",
        "x-ms-client-request-id": "670f5f24d6c26c5cc84f3c4dd5ef73dc",
        "x-ms-return-client-request-id": "true"
      },
      "RequestBody": null,
      "StatusCode": 200,
      "ResponseHeaders": {
        "Cache-Control": "no-cache",
        "Content-Length": "30",
        "Content-Type": "application/json; charset=utf-8",
        "Date": "Sat, 16 Oct 2021 15:18:48 GMT",
        "Expires": "-1",
        "Pragma": "no-cache",
        "Retry-After": "10",
        "Server": "Microsoft-HTTPAPI/2.0",
        "Strict-Transport-Security": "max-age=31536000; includeSubDomains",
        "X-Content-Type-Options": "nosniff",
        "x-ms-client-request-id": "670f5f24d6c26c5cc84f3c4dd5ef73dc",
        "x-ms-correlation-request-id": "ae31ad99-66d3-4802-bd3d-4f458943aaaa",
        "x-ms-ratelimit-remaining-subscription-reads": "11862",
        "x-ms-request-id": "b664f3c5-b37a-4783-bd10-5b905e6adad1",
        "x-ms-routing-request-id": "KOREASOUTH:20211016T151848Z:ae31ad99-66d3-4802-bd3d-4f458943aaaa"
      },
      "ResponseBody": [
        "{\r\n",
        "  \"status\": \"InProgress\"\r\n",
        "}"
      ]
    },
    {
      "RequestUri": "https://management.azure.com/subscriptions/db1ab6f0-4769-4b27-930e-01e2ef9c123c/providers/Microsoft.Network/locations/westus2/nfvOperations/246762a4-41da-40d2-8de0-c51967e5bf8a?api-version=2021-02-01",
      "RequestMethod": "GET",
      "RequestHeaders": {
        "Authorization": "Sanitized",
        "User-Agent": "azsdk-net-ResourceManager/1.0.0-beta.4 (.NET Framework 4.8.4420.0; Microsoft Windows 10.0.22000 )",
        "x-ms-client-request-id": "83095a32d4bca4f9c874312df55c8505",
        "x-ms-return-client-request-id": "true"
      },
      "RequestBody": null,
      "StatusCode": 200,
      "ResponseHeaders": {
        "Cache-Control": "no-cache",
        "Content-Length": "29",
        "Content-Type": "application/json; charset=utf-8",
        "Date": "Sat, 16 Oct 2021 15:18:49 GMT",
        "Expires": "-1",
        "Pragma": "no-cache",
        "Server": "Microsoft-HTTPAPI/2.0",
        "Strict-Transport-Security": "max-age=31536000; includeSubDomains",
        "X-Content-Type-Options": "nosniff",
        "x-ms-client-request-id": "83095a32d4bca4f9c874312df55c8505",
        "x-ms-correlation-request-id": "d423594d-1146-4ee2-8696-8fd3442a8ec9",
        "x-ms-ratelimit-remaining-subscription-reads": "11861",
        "x-ms-request-id": "3362626d-98f3-46b5-80a7-fa920af1f8e0",
        "x-ms-routing-request-id": "KOREASOUTH:20211016T151849Z:d423594d-1146-4ee2-8696-8fd3442a8ec9"
      },
      "ResponseBody": [
        "{\r\n",
        "  \"status\": \"Succeeded\"\r\n",
        "}"
      ]
    },
    {
      "RequestUri": "https://management.azure.com/subscriptions/db1ab6f0-4769-4b27-930e-01e2ef9c123c/resourceGroups/IpGroupRG-6022/providers/Microsoft.Network/ipGroups/IpGroupRG-7432?api-version=2021-02-01",
      "RequestMethod": "GET",
      "RequestHeaders": {
        "Authorization": "Sanitized",
        "User-Agent": "azsdk-net-ResourceManager/1.0.0-beta.4 (.NET Framework 4.8.4420.0; Microsoft Windows 10.0.22000 )",
        "x-ms-client-request-id": "8d72f3800651f8bfd49ae3c6a2c2f4ba",
        "x-ms-return-client-request-id": "true"
      },
      "RequestBody": null,
      "StatusCode": 200,
      "ResponseHeaders": {
        "Cache-Control": "no-cache",
        "Content-Length": "434",
        "Content-Type": "application/json; charset=utf-8",
        "Date": "Sat, 16 Oct 2021 15:18:49 GMT",
        "ETag": "\"79ee698c-c359-4644-bdb7-665d5ba3fca0\"",
        "Expires": "-1",
        "Pragma": "no-cache",
        "Server": "Microsoft-HTTPAPI/2.0",
        "Strict-Transport-Security": "max-age=31536000; includeSubDomains",
        "X-Content-Type-Options": "nosniff",
        "x-ms-correlation-request-id": "e8fd4bf6-73ee-47fc-9eb3-66e2564b5df1",
        "x-ms-ratelimit-remaining-subscription-reads": "11860",
        "x-ms-request-id": "e8fd4bf6-73ee-47fc-9eb3-66e2564b5df1",
        "x-ms-routing-request-id": "KOREASOUTH:20211016T151850Z:e8fd4bf6-73ee-47fc-9eb3-66e2564b5df1"
      },
      "ResponseBody": [
        "{\r\n",
        "  \"properties\": {\r\n",
        "    \"firewalls\": [],\r\n",
        "    \"firewallPolicies\": [],\r\n",
        "    \"ipAddresses\": [],\r\n",
        "    \"provisioningState\": \"Succeeded\"\r\n",
        "  },\r\n",
        "  \"id\": \"/subscriptions/db1ab6f0-4769-4b27-930e-01e2ef9c123c/resourceGroups/IpGroupRG-6022/providers/Microsoft.Network/ipGroups/IpGroupRG-7432\",\r\n",
        "  \"name\": \"IpGroupRG-7432\",\r\n",
        "  \"type\": \"Microsoft.Network/IpGroups\",\r\n",
        "  \"etag\": \"79ee698c-c359-4644-bdb7-665d5ba3fca0\",\r\n",
        "  \"location\": \"westus2\"\r\n",
        "}"
      ]
    },
    {
      "RequestUri": "https://management.azure.com/subscriptions/db1ab6f0-4769-4b27-930e-01e2ef9c123c/resourceGroups/IpGroupRG-6022/providers/Microsoft.Network/ipGroups?api-version=2021-02-01",
      "RequestMethod": "GET",
      "RequestHeaders": {
        "Accept": "application/json",
        "Authorization": "Sanitized",
        "User-Agent": "azsdk-net-ResourceManager.Network/1.0.0-alpha.20211016.1 (.NET Framework 4.8.4420.0; Microsoft Windows 10.0.22000 )",
        "x-ms-client-request-id": "32c3b02784cb4fba656a9f4ea42e776b",
        "x-ms-return-client-request-id": "true"
      },
      "RequestBody": null,
      "StatusCode": 200,
      "ResponseHeaders": {
        "Cache-Control": "no-cache",
        "Content-Length": "511",
        "Content-Type": "application/json; charset=utf-8",
        "Date": "Sat, 16 Oct 2021 15:18:50 GMT",
        "Expires": "-1",
        "Pragma": "no-cache",
        "Server": "Microsoft-HTTPAPI/2.0",
        "Strict-Transport-Security": "max-age=31536000; includeSubDomains",
        "X-Content-Type-Options": "nosniff",
        "x-ms-correlation-request-id": "cda0434c-999a-4711-b2ab-052f682b0d8e",
        "x-ms-ratelimit-remaining-subscription-reads": "11859",
        "x-ms-request-id": "cda0434c-999a-4711-b2ab-052f682b0d8e",
        "x-ms-routing-request-id": "KOREASOUTH:20211016T151850Z:cda0434c-999a-4711-b2ab-052f682b0d8e"
      },
      "ResponseBody": [
        "{\r\n",
        "  \"value\": [\r\n",
        "    {\r\n",
        "      \"properties\": {\r\n",
        "        \"firewalls\": [],\r\n",
        "        \"firewallPolicies\": [],\r\n",
        "        \"ipAddresses\": [],\r\n",
        "        \"provisioningState\": \"Succeeded\"\r\n",
        "      },\r\n",
        "      \"id\": \"/subscriptions/db1ab6f0-4769-4b27-930e-01e2ef9c123c/resourceGroups/IpGroupRG-6022/providers/Microsoft.Network/ipGroups/IpGroupRG-7432\",\r\n",
        "      \"name\": \"IpGroupRG-7432\",\r\n",
        "      \"type\": \"Microsoft.Network/IpGroups\",\r\n",
        "      \"etag\": \"79ee698c-c359-4644-bdb7-665d5ba3fca0\",\r\n",
        "      \"location\": \"westus2\"\r\n",
        "    }\r\n",
        "  ]\r\n",
        "}"
      ]
    },
    {
      "RequestUri": "https://management.azure.com/subscriptions/db1ab6f0-4769-4b27-930e-01e2ef9c123c/resourceGroups/IpGroupRG-6022/providers/Microsoft.Network/ipGroups/IpGroupRG-7432?api-version=2021-02-01",
      "RequestMethod": "GET",
      "RequestHeaders": {
        "Accept": "application/json",
        "Authorization": "Sanitized",
        "User-Agent": "azsdk-net-ResourceManager.Network/1.0.0-alpha.20211016.1 (.NET Framework 4.8.4420.0; Microsoft Windows 10.0.22000 )",
        "x-ms-client-request-id": "e1cd36c9e67c2b8a9a10ae22f1330105",
        "x-ms-return-client-request-id": "true"
      },
      "RequestBody": null,
      "StatusCode": 200,
      "ResponseHeaders": {
        "Cache-Control": "no-cache",
        "Content-Length": "434",
        "Content-Type": "application/json; charset=utf-8",
        "Date": "Sat, 16 Oct 2021 15:18:50 GMT",
        "ETag": "\"79ee698c-c359-4644-bdb7-665d5ba3fca0\"",
        "Expires": "-1",
        "Pragma": "no-cache",
        "Server": "Microsoft-HTTPAPI/2.0",
        "Strict-Transport-Security": "max-age=31536000; includeSubDomains",
        "X-Content-Type-Options": "nosniff",
        "x-ms-correlation-request-id": "b84585f9-bd0a-4d34-9534-400741a399eb",
        "x-ms-ratelimit-remaining-subscription-reads": "11858",
        "x-ms-request-id": "b84585f9-bd0a-4d34-9534-400741a399eb",
        "x-ms-routing-request-id": "KOREASOUTH:20211016T151851Z:b84585f9-bd0a-4d34-9534-400741a399eb"
      },
      "ResponseBody": [
        "{\r\n",
        "  \"properties\": {\r\n",
        "    \"firewalls\": [],\r\n",
        "    \"firewallPolicies\": [],\r\n",
        "    \"ipAddresses\": [],\r\n",
        "    \"provisioningState\": \"Succeeded\"\r\n",
        "  },\r\n",
        "  \"id\": \"/subscriptions/db1ab6f0-4769-4b27-930e-01e2ef9c123c/resourceGroups/IpGroupRG-6022/providers/Microsoft.Network/ipGroups/IpGroupRG-7432\",\r\n",
        "  \"name\": \"IpGroupRG-7432\",\r\n",
        "  \"type\": \"Microsoft.Network/IpGroups\",\r\n",
        "  \"etag\": \"79ee698c-c359-4644-bdb7-665d5ba3fca0\",\r\n",
        "  \"location\": \"westus2\"\r\n",
        "}"
      ]
    },
    {
      "RequestUri": "https://management.azure.com/subscriptions/db1ab6f0-4769-4b27-930e-01e2ef9c123c/resourceGroups/IpGroupRG-6022/providers/Microsoft.Network/ipGroups/IpGroupRG-7432?api-version=2021-02-01",
      "RequestMethod": "GET",
      "RequestHeaders": {
        "Accept": "application/json",
        "Authorization": "Sanitized",
        "User-Agent": "azsdk-net-ResourceManager.Network/1.0.0-alpha.20211016.1 (.NET Framework 4.8.4420.0; Microsoft Windows 10.0.22000 )",
        "x-ms-client-request-id": "4406777f5399fb3a382327e7677153a6",
        "x-ms-return-client-request-id": "true"
      },
      "RequestBody": null,
      "StatusCode": 200,
      "ResponseHeaders": {
        "Cache-Control": "no-cache",
        "Content-Length": "434",
        "Content-Type": "application/json; charset=utf-8",
        "Date": "Sat, 16 Oct 2021 15:18:50 GMT",
        "ETag": "\"79ee698c-c359-4644-bdb7-665d5ba3fca0\"",
        "Expires": "-1",
        "Pragma": "no-cache",
        "Server": "Microsoft-HTTPAPI/2.0",
        "Strict-Transport-Security": "max-age=31536000; includeSubDomains",
        "X-Content-Type-Options": "nosniff",
        "x-ms-correlation-request-id": "28aa98ac-0913-4edb-a50f-e2c805647dee",
        "x-ms-ratelimit-remaining-subscription-reads": "11857",
        "x-ms-request-id": "28aa98ac-0913-4edb-a50f-e2c805647dee",
        "x-ms-routing-request-id": "KOREASOUTH:20211016T151851Z:28aa98ac-0913-4edb-a50f-e2c805647dee"
      },
      "ResponseBody": [
        "{\r\n",
        "  \"properties\": {\r\n",
        "    \"firewalls\": [],\r\n",
        "    \"firewallPolicies\": [],\r\n",
        "    \"ipAddresses\": [],\r\n",
        "    \"provisioningState\": \"Succeeded\"\r\n",
        "  },\r\n",
        "  \"id\": \"/subscriptions/db1ab6f0-4769-4b27-930e-01e2ef9c123c/resourceGroups/IpGroupRG-6022/providers/Microsoft.Network/ipGroups/IpGroupRG-7432\",\r\n",
        "  \"name\": \"IpGroupRG-7432\",\r\n",
        "  \"type\": \"Microsoft.Network/IpGroups\",\r\n",
        "  \"etag\": \"79ee698c-c359-4644-bdb7-665d5ba3fca0\",\r\n",
        "  \"location\": \"westus2\"\r\n",
        "}"
      ]
    },
    {
      "RequestUri": "https://management.azure.com/subscriptions/db1ab6f0-4769-4b27-930e-01e2ef9c123c/resourceGroups/IpGroupRG-6022/providers/Microsoft.Network/ipGroups/IpGroupRG-7432?api-version=2021-02-01",
      "RequestMethod": "DELETE",
      "RequestHeaders": {
        "Accept": "application/json",
        "Authorization": "Sanitized",
        "User-Agent": "azsdk-net-ResourceManager.Network/1.0.0-alpha.20211016.1 (.NET Framework 4.8.4420.0; Microsoft Windows 10.0.22000 )",
        "x-ms-client-request-id": "6cfc772312f5403d269797bad6985e32",
        "x-ms-return-client-request-id": "true"
      },
      "RequestBody": null,
      "StatusCode": 200,
      "ResponseHeaders": {
        "Cache-Control": "no-cache",
        "Content-Length": "0",
        "Date": "Sat, 16 Oct 2021 15:18:53 GMT",
        "Expires": "-1",
        "Pragma": "no-cache",
        "Server": "Microsoft-HTTPAPI/2.0",
        "Strict-Transport-Security": "max-age=31536000; includeSubDomains",
        "X-Content-Type-Options": "nosniff",
        "x-ms-correlation-request-id": "f5a2b3c4-fcff-4204-ac8b-33cfdde0e0a4",
        "x-ms-ratelimit-remaining-subscription-deletes": "14986",
        "x-ms-request-id": "f5a2b3c4-fcff-4204-ac8b-33cfdde0e0a4",
        "x-ms-routing-request-id": "KOREASOUTH:20211016T151854Z:f5a2b3c4-fcff-4204-ac8b-33cfdde0e0a4"
      },
      "ResponseBody": []
    }
  ],
  "Variables": {
    "RandomSeed": "1743765063",
    "RESOURCE_MANAGER_URL": null,
    "SUBSCRIPTION_ID": "db1ab6f0-4769-4b27-930e-01e2ef9c123c"
  }
}