{
  "Entries": [
    {
      "RequestUri": "/subscriptions/c9cbd920-c00c-427c-852b-8aaf38badaeb/providers/Microsoft.Search/register?api-version=2017-05-10",
      "EncodedRequestUri": "L3N1YnNjcmlwdGlvbnMvYzljYmQ5MjAtYzAwYy00MjdjLTg1MmItOGFhZjM4YmFkYWViL3Byb3ZpZGVycy9NaWNyb3NvZnQuU2VhcmNoL3JlZ2lzdGVyP2FwaS12ZXJzaW9uPTIwMTctMDUtMTA=",
      "RequestMethod": "POST",
      "RequestBody": "",
      "RequestHeaders": {
        "x-ms-client-request-id": [
          "231a627b-ff6a-4c15-8fd0-615b7b16e5e6"
        ],
        "accept-language": [
          "en-US"
        ],
        "User-Agent": [
          "FxVersion/4.7.3416.0",
          "OSName/Windows",
          "OSVersion/10.0.17763.0",
          "Microsoft.Azure.Management.ResourceManager.ResourceManagementClient/1.6.0.0"
        ]
      },
      "ResponseHeaders": {
        "Pragma": [
          "no-cache"
        ],
        "x-ms-ratelimit-remaining-subscription-writes": [
          "1190"
        ],
        "x-ms-request-id": [
          "76ec5074-6923-412b-9138-934245fc3559"
        ],
        "x-ms-correlation-request-id": [
          "76ec5074-6923-412b-9138-934245fc3559"
        ],
        "x-ms-routing-request-id": [
          "SOUTHEASTASIA:20190726T193559Z:76ec5074-6923-412b-9138-934245fc3559"
        ],
        "Strict-Transport-Security": [
          "max-age=31536000; includeSubDomains"
        ],
        "X-Content-Type-Options": [
          "nosniff"
        ],
        "Cache-Control": [
          "no-cache"
        ],
        "Date": [
          "Fri, 26 Jul 2019 19:35:59 GMT"
        ],
        "Content-Length": [
          "1525"
        ],
        "Content-Type": [
          "application/json; charset=utf-8"
        ],
        "Expires": [
          "-1"
        ]
      },
      "ResponseBody": "{\r\n  \"id\": \"/subscriptions/c9cbd920-c00c-427c-852b-8aaf38badaeb/providers/Microsoft.Search\",\r\n  \"namespace\": \"Microsoft.Search\",\r\n  \"authorization\": {\r\n    \"applicationId\": \"408992c7-2af6-4ff1-92e3-65b73d2b5092\",\r\n    \"roleDefinitionId\": \"20FA3191-87CF-4C3D-9510-74CCB594A310\"\r\n  },\r\n  \"resourceTypes\": [\r\n    {\r\n      \"resourceType\": \"searchServices\",\r\n      \"locations\": [\r\n        \"West US\",\r\n        \"East US\",\r\n        \"North Europe\",\r\n        \"West Europe\",\r\n        \"South Africa North\",\r\n        \"Southeast Asia\",\r\n        \"East Asia\",\r\n        \"North Central US\",\r\n        \"South Central US\",\r\n        \"Central US\",\r\n        \"Japan West\",\r\n        \"Japan East\",\r\n        \"Korea Central\",\r\n        \"Australia East\",\r\n        \"Brazil South\",\r\n        \"West US 2\",\r\n        \"East US 2\",\r\n        \"Central India\",\r\n        \"West Central US\",\r\n        \"Canada Central\",\r\n        \"UK South\",\r\n        \"France Central\"\r\n      ],\r\n      \"apiVersions\": [\r\n        \"2015-08-19\",\r\n        \"2015-02-28\"\r\n      ],\r\n      \"capabilities\": \"CrossResourceGroupResourceMove, CrossSubscriptionResourceMove, SystemAssignedResourceIdentity\"\r\n    },\r\n    {\r\n      \"resourceType\": \"checkServiceNameAvailability\",\r\n      \"locations\": [],\r\n      \"apiVersions\": [\r\n        \"2015-02-28\",\r\n        \"2014-07-31-Preview\"\r\n      ]\r\n    },\r\n    {\r\n      \"resourceType\": \"checkNameAvailability\",\r\n      \"locations\": [],\r\n      \"apiVersions\": [\r\n        \"2015-08-19\"\r\n      ]\r\n    },\r\n    {\r\n      \"resourceType\": \"resourceHealthMetadata\",\r\n      \"locations\": [\r\n        \"West US\",\r\n        \"West US 2\",\r\n        \"East US\",\r\n        \"East US 2\",\r\n        \"North Europe\",\r\n        \"West Europe\",\r\n        \"South Africa North\",\r\n        \"Southeast Asia\",\r\n        \"East Asia\",\r\n        \"North Central US\",\r\n        \"South Central US\",\r\n        \"Central US\",\r\n        \"Japan West\",\r\n        \"Japan East\",\r\n        \"Korea Central\",\r\n        \"Australia East\",\r\n        \"Brazil South\",\r\n        \"Central India\",\r\n        \"West Central US\",\r\n        \"Canada Central\",\r\n        \"UK South\",\r\n        \"France Central\"\r\n      ],\r\n      \"apiVersions\": [\r\n        \"2015-08-19\"\r\n      ]\r\n    },\r\n    {\r\n      \"resourceType\": \"operations\",\r\n      \"locations\": [],\r\n      \"apiVersions\": [\r\n        \"2015-08-19\",\r\n        \"2015-02-28\"\r\n      ]\r\n    }\r\n  ],\r\n  \"registrationState\": \"Registered\"\r\n}",
      "StatusCode": 200
    },
    {
      "RequestUri": "/subscriptions/c9cbd920-c00c-427c-852b-8aaf38badaeb/resourcegroups/azsmnet1094?api-version=2017-05-10",
      "EncodedRequestUri": "L3N1YnNjcmlwdGlvbnMvYzljYmQ5MjAtYzAwYy00MjdjLTg1MmItOGFhZjM4YmFkYWViL3Jlc291cmNlZ3JvdXBzL2F6c21uZXQxMDk0P2FwaS12ZXJzaW9uPTIwMTctMDUtMTA=",
      "RequestMethod": "PUT",
      "RequestBody": "{\r\n  \"location\": \"West US\"\r\n}",
      "RequestHeaders": {
        "x-ms-client-request-id": [
          "f335f726-25fb-499a-a5e3-a8e354427809"
        ],
        "accept-language": [
          "en-US"
        ],
        "User-Agent": [
          "FxVersion/4.7.3416.0",
          "OSName/Windows",
          "OSVersion/10.0.17763.0",
          "Microsoft.Azure.Management.ResourceManager.ResourceManagementClient/1.6.0.0"
        ],
        "Content-Type": [
          "application/json; charset=utf-8"
        ],
        "Content-Length": [
          "29"
        ]
      },
      "ResponseHeaders": {
        "Pragma": [
          "no-cache"
        ],
        "x-ms-ratelimit-remaining-subscription-writes": [
          "1190"
        ],
        "x-ms-request-id": [
          "a7c9e661-f7b7-4c91-a877-ff076212d165"
        ],
        "x-ms-correlation-request-id": [
          "a7c9e661-f7b7-4c91-a877-ff076212d165"
        ],
        "x-ms-routing-request-id": [
          "SOUTHEASTASIA:20190726T193602Z:a7c9e661-f7b7-4c91-a877-ff076212d165"
        ],
        "Strict-Transport-Security": [
          "max-age=31536000; includeSubDomains"
        ],
        "X-Content-Type-Options": [
          "nosniff"
        ],
        "Cache-Control": [
          "no-cache"
        ],
        "Date": [
          "Fri, 26 Jul 2019 19:36:02 GMT"
        ],
        "Content-Length": [
          "175"
        ],
        "Content-Type": [
          "application/json; charset=utf-8"
        ],
        "Expires": [
          "-1"
        ]
      },
      "ResponseBody": "{\r\n  \"id\": \"/subscriptions/c9cbd920-c00c-427c-852b-8aaf38badaeb/resourceGroups/azsmnet1094\",\r\n  \"name\": \"azsmnet1094\",\r\n  \"location\": \"westus\",\r\n  \"properties\": {\r\n    \"provisioningState\": \"Succeeded\"\r\n  }\r\n}",
      "StatusCode": 201
    },
    {
      "RequestUri": "/subscriptions/c9cbd920-c00c-427c-852b-8aaf38badaeb/resourceGroups/azsmnet1094/providers/Microsoft.Search/searchServices/azs-7150?api-version=2015-08-19",
      "EncodedRequestUri": "L3N1YnNjcmlwdGlvbnMvYzljYmQ5MjAtYzAwYy00MjdjLTg1MmItOGFhZjM4YmFkYWViL3Jlc291cmNlR3JvdXBzL2F6c21uZXQxMDk0L3Byb3ZpZGVycy9NaWNyb3NvZnQuU2VhcmNoL3NlYXJjaFNlcnZpY2VzL2F6cy03MTUwP2FwaS12ZXJzaW9uPTIwMTUtMDgtMTk=",
      "RequestMethod": "PUT",
      "RequestBody": "{\r\n  \"sku\": {\r\n    \"name\": \"free\"\r\n  },\r\n  \"location\": \"West US\"\r\n}",
      "RequestHeaders": {
        "x-ms-client-request-id": [
          "c80db9db-c9cd-4d2a-bf50-9107f27e0855"
        ],
        "accept-language": [
          "en-US"
        ],
        "User-Agent": [
          "FxVersion/4.7.3416.0",
          "OSName/Windows",
          "OSVersion/10.0.17763.0",
          "Microsoft.Azure.Management.Search.SearchManagementClient/3.0.0.0"
        ],
        "Content-Type": [
          "application/json; charset=utf-8"
        ],
        "Content-Length": [
          "67"
        ]
      },
      "ResponseHeaders": {
        "Pragma": [
          "no-cache"
        ],
        "x-ms-request-id": [
          "c80db9db-c9cd-4d2a-bf50-9107f27e0855"
        ],
        "request-id": [
          "c80db9db-c9cd-4d2a-bf50-9107f27e0855"
        ],
        "elapsed-time": [
          "1402"
        ],
        "Strict-Transport-Security": [
          "max-age=31536000; includeSubDomains"
        ],
        "x-ms-ratelimit-remaining-subscription-writes": [
          "1189"
        ],
        "x-ms-correlation-request-id": [
          "c4a25095-8987-4cf0-8553-33958efed269"
        ],
        "x-ms-routing-request-id": [
          "SOUTHEASTASIA:20190726T193606Z:c4a25095-8987-4cf0-8553-33958efed269"
        ],
        "X-Content-Type-Options": [
          "nosniff"
        ],
        "Cache-Control": [
          "no-cache"
        ],
        "Date": [
          "Fri, 26 Jul 2019 19:36:06 GMT"
        ],
        "ETag": [
          "W/\"datetime'2019-07-26T19%3A36%3A05.6234905Z'\""
        ],
        "Content-Length": [
          "385"
        ],
        "Content-Type": [
          "application/json; charset=utf-8"
        ],
        "Expires": [
          "-1"
        ]
      },
      "ResponseBody": "{\r\n  \"id\": \"/subscriptions/c9cbd920-c00c-427c-852b-8aaf38badaeb/resourceGroups/azsmnet1094/providers/Microsoft.Search/searchServices/azs-7150\",\r\n  \"name\": \"azs-7150\",\r\n  \"type\": \"Microsoft.Search/searchServices\",\r\n  \"location\": \"West US\",\r\n  \"properties\": {\r\n    \"replicaCount\": 1,\r\n    \"partitionCount\": 1,\r\n    \"status\": \"running\",\r\n    \"statusDetails\": \"\",\r\n    \"provisioningState\": \"succeeded\",\r\n    \"hostingMode\": \"Default\"\r\n  },\r\n  \"sku\": {\r\n    \"name\": \"free\"\r\n  }\r\n}",
      "StatusCode": 201
    },
    {
      "RequestUri": "/subscriptions/c9cbd920-c00c-427c-852b-8aaf38badaeb/resourceGroups/azsmnet1094/providers/Microsoft.Search/searchServices/azs-7150/listAdminKeys?api-version=2015-08-19",
      "EncodedRequestUri": "L3N1YnNjcmlwdGlvbnMvYzljYmQ5MjAtYzAwYy00MjdjLTg1MmItOGFhZjM4YmFkYWViL3Jlc291cmNlR3JvdXBzL2F6c21uZXQxMDk0L3Byb3ZpZGVycy9NaWNyb3NvZnQuU2VhcmNoL3NlYXJjaFNlcnZpY2VzL2F6cy03MTUwL2xpc3RBZG1pbktleXM/YXBpLXZlcnNpb249MjAxNS0wOC0xOQ==",
      "RequestMethod": "POST",
      "RequestBody": "",
      "RequestHeaders": {
        "x-ms-client-request-id": [
          "e1f4c84d-3ad8-49bd-8ec1-48e6f53c4665"
        ],
        "accept-language": [
          "en-US"
        ],
        "User-Agent": [
          "FxVersion/4.7.3416.0",
          "OSName/Windows",
          "OSVersion/10.0.17763.0",
          "Microsoft.Azure.Management.Search.SearchManagementClient/3.0.0.0"
        ]
      },
      "ResponseHeaders": {
        "Pragma": [
          "no-cache"
        ],
        "Vary": [
          "Accept-Encoding"
        ],
        "x-ms-request-id": [
          "e1f4c84d-3ad8-49bd-8ec1-48e6f53c4665"
        ],
        "request-id": [
          "e1f4c84d-3ad8-49bd-8ec1-48e6f53c4665"
        ],
        "elapsed-time": [
          "180"
        ],
        "Strict-Transport-Security": [
          "max-age=31536000; includeSubDomains"
        ],
        "x-ms-ratelimit-remaining-subscription-writes": [
          "1190"
        ],
        "x-ms-correlation-request-id": [
          "8a9e7486-851c-489d-8e1b-92aeb70cd9bc"
        ],
        "x-ms-routing-request-id": [
          "SOUTHEASTASIA:20190726T193608Z:8a9e7486-851c-489d-8e1b-92aeb70cd9bc"
        ],
        "X-Content-Type-Options": [
          "nosniff"
        ],
        "Cache-Control": [
          "no-cache"
        ],
        "Date": [
          "Fri, 26 Jul 2019 19:36:08 GMT"
        ],
        "Content-Length": [
          "99"
        ],
        "Content-Type": [
          "application/json; charset=utf-8"
        ],
        "Expires": [
          "-1"
        ]
      },
      "ResponseBody": "{\r\n  \"primaryKey\": \"BDA2EFA4C342259E4018BEE79F9CE19E\",\r\n  \"secondaryKey\": \"0DC54AA02D7AB3EA37B347BEAFBD6489\"\r\n}",
      "StatusCode": 200
    },
    {
      "RequestUri": "/subscriptions/c9cbd920-c00c-427c-852b-8aaf38badaeb/resourceGroups/azsmnet1094/providers/Microsoft.Search/searchServices/azs-7150/listQueryKeys?api-version=2015-08-19",
      "EncodedRequestUri": "L3N1YnNjcmlwdGlvbnMvYzljYmQ5MjAtYzAwYy00MjdjLTg1MmItOGFhZjM4YmFkYWViL3Jlc291cmNlR3JvdXBzL2F6c21uZXQxMDk0L3Byb3ZpZGVycy9NaWNyb3NvZnQuU2VhcmNoL3NlYXJjaFNlcnZpY2VzL2F6cy03MTUwL2xpc3RRdWVyeUtleXM/YXBpLXZlcnNpb249MjAxNS0wOC0xOQ==",
      "RequestMethod": "GET",
      "RequestBody": "",
      "RequestHeaders": {
        "x-ms-client-request-id": [
          "3467aba7-c5c9-4aee-800e-e659dd00e8e6"
        ],
        "accept-language": [
          "en-US"
        ],
        "User-Agent": [
          "FxVersion/4.7.3416.0",
          "OSName/Windows",
          "OSVersion/10.0.17763.0",
          "Microsoft.Azure.Management.Search.SearchManagementClient/3.0.0.0"
        ]
      },
      "ResponseHeaders": {
        "Pragma": [
          "no-cache"
        ],
        "Vary": [
          "Accept-Encoding"
        ],
        "x-ms-request-id": [
          "3467aba7-c5c9-4aee-800e-e659dd00e8e6"
        ],
        "request-id": [
          "3467aba7-c5c9-4aee-800e-e659dd00e8e6"
        ],
        "elapsed-time": [
          "129"
        ],
        "Strict-Transport-Security": [
          "max-age=31536000; includeSubDomains"
        ],
        "x-ms-ratelimit-remaining-subscription-reads": [
          "11994"
        ],
        "x-ms-correlation-request-id": [
          "ab0b8f67-3ef6-4abb-95d3-a016eeb73d1c"
        ],
        "x-ms-routing-request-id": [
          "SOUTHEASTASIA:20190726T193608Z:ab0b8f67-3ef6-4abb-95d3-a016eeb73d1c"
        ],
        "X-Content-Type-Options": [
          "nosniff"
        ],
        "Cache-Control": [
          "no-cache"
        ],
        "Date": [
          "Fri, 26 Jul 2019 19:36:08 GMT"
        ],
        "Content-Length": [
          "82"
        ],
        "Content-Type": [
          "application/json; charset=utf-8"
        ],
        "Expires": [
          "-1"
        ]
      },
      "ResponseBody": "{\r\n  \"value\": [\r\n    {\r\n      \"name\": null,\r\n      \"key\": \"FDE796BB617211192EA45319DDF21BDD\"\r\n    }\r\n  ],\r\n  \"nextLink\": null\r\n}",
      "StatusCode": 200
    },
    {
      "RequestUri": "/indexes?api-version=2019-05-06",
      "EncodedRequestUri": "L2luZGV4ZXM/YXBpLXZlcnNpb249MjAxOS0wNS0wNg==",
      "RequestMethod": "GET",
      "RequestBody": "",
      "RequestHeaders": {
        "client-request-id": [
          "c4cfce79-eb42-4e61-9909-84510c04706f"
        ],
        "accept-language": [
          "en-US"
        ],
        "api-key": [
          "BDA2EFA4C342259E4018BEE79F9CE19E"
        ],
        "User-Agent": [
          "FxVersion/4.7.3416.0",
          "OSName/Windows",
          "OSVersion/10.0.17763.0",
          "Microsoft.Azure.Search.SearchServiceClient/9.0.2.0"
        ]
      },
      "ResponseHeaders": {
        "Pragma": [
          "no-cache"
        ],
        "request-id": [
          "c4cfce79-eb42-4e61-9909-84510c04706f"
        ],
        "elapsed-time": [
          "48"
        ],
        "OData-Version": [
          "4.0"
        ],
        "Preference-Applied": [
          "odata.include-annotations=\"*\""
        ],
        "Strict-Transport-Security": [
          "max-age=15724800; includeSubDomains"
        ],
        "Cache-Control": [
          "no-cache"
        ],
        "Date": [
          "Fri, 26 Jul 2019 19:36:09 GMT"
        ],
        "Content-Length": [
          "85"
        ],
        "Content-Type": [
          "application/json; odata.metadata=minimal; odata.streaming=true"
        ],
        "Expires": [
          "-1"
        ]
      },
      "ResponseBody": "{\r\n  \"@odata.context\": \"https://azs-7150.search.windows.net/$metadata#indexes\",\r\n  \"value\": []\r\n}",
      "StatusCode": 200
    },
    {
      "RequestUri": "/subscriptions/c9cbd920-c00c-427c-852b-8aaf38badaeb/resourceGroups/azsmnet1094/providers/Microsoft.Search/searchServices/azs-7150?api-version=2015-08-19",
      "EncodedRequestUri": "L3N1YnNjcmlwdGlvbnMvYzljYmQ5MjAtYzAwYy00MjdjLTg1MmItOGFhZjM4YmFkYWViL3Jlc291cmNlR3JvdXBzL2F6c21uZXQxMDk0L3Byb3ZpZGVycy9NaWNyb3NvZnQuU2VhcmNoL3NlYXJjaFNlcnZpY2VzL2F6cy03MTUwP2FwaS12ZXJzaW9uPTIwMTUtMDgtMTk=",
      "RequestMethod": "DELETE",
      "RequestBody": "",
      "RequestHeaders": {
        "x-ms-client-request-id": [
          "90471b59-271a-47d1-a619-bf6809fb077c"
        ],
        "accept-language": [
          "en-US"
        ],
        "User-Agent": [
          "FxVersion/4.7.3416.0",
          "OSName/Windows",
          "OSVersion/10.0.17763.0",
          "Microsoft.Azure.Management.Search.SearchManagementClient/3.0.0.0"
        ]
      },
      "ResponseHeaders": {
        "Pragma": [
          "no-cache"
        ],
        "x-ms-request-id": [
          "90471b59-271a-47d1-a619-bf6809fb077c"
        ],
        "request-id": [
          "90471b59-271a-47d1-a619-bf6809fb077c"
        ],
        "elapsed-time": [
          "801"
        ],
        "Strict-Transport-Security": [
          "max-age=31536000; includeSubDomains"
        ],
        "x-ms-ratelimit-remaining-subscription-deletes": [
          "14991"
        ],
        "x-ms-correlation-request-id": [
          "5c05985a-6f70-4c6a-9510-d0f20818694c"
        ],
        "x-ms-routing-request-id": [
          "SOUTHEASTASIA:20190726T193613Z:5c05985a-6f70-4c6a-9510-d0f20818694c"
        ],
        "X-Content-Type-Options": [
          "nosniff"
        ],
        "Cache-Control": [
          "no-cache"
        ],
        "Date": [
          "Fri, 26 Jul 2019 19:36:13 GMT"
        ],
        "Content-Length": [
          "0"
        ],
        "Expires": [
          "-1"
        ]
      },
      "ResponseBody": "",
      "StatusCode": 200
    }
  ],
  "Names": {
    "GenerateName": [
      "azsmnet1094"
    ],
    "GenerateServiceName": [
      "azs-7150"
    ]
  },
  "Variables": {
    "SubscriptionId": "c9cbd920-c00c-427c-852b-8aaf38badaeb"
  }
}