{
  "Entries": [
    {
      "RequestUri": "https://management.azure.com/subscriptions/db1ab6f0-4769-4b27-930e-01e2ef9c123c?api-version=2022-12-01",
      "RequestMethod": "GET",
      "RequestHeaders": {
        "Accept": "application/json",
        "Authorization": "Sanitized",
        "traceparent": "00-2dcc7fff5ac6d640a0cd5aad34fad75d-8cae8af8bef2314d-00",
        "User-Agent": "azsdk-net-ResourceManager/1.4.0 (.NET Framework 4.8.9139.0; Microsoft Windows 10.0.22621 )",
        "x-ms-client-request-id": "5967e8157d87a3f72c8935fa42489da0",
        "x-ms-return-client-request-id": "true"
      },
      "RequestBody": null,
      "StatusCode": 200,
      "ResponseHeaders": {
        "Cache-Control": "no-cache",
        "Content-Length": "748",
        "Content-Type": "application/json; charset=utf-8",
        "Date": "Thu, 20 Apr 2023 07:44:11 GMT",
        "Expires": "-1",
        "Pragma": "no-cache",
        "Strict-Transport-Security": "max-age=31536000; includeSubDomains",
        "X-Content-Type-Options": "nosniff",
        "x-ms-correlation-request-id": "69bac913-c9e7-4599-8a8f-668ef23768cc",
        "x-ms-ratelimit-remaining-subscription-reads": "11981",
        "x-ms-request-id": "69bac913-c9e7-4599-8a8f-668ef23768cc",
        "x-ms-routing-request-id": "SOUTHEASTASIA:20230420T074412Z:69bac913-c9e7-4599-8a8f-668ef23768cc"
      },
      "ResponseBody": {
        "id": "/subscriptions/db1ab6f0-4769-4b27-930e-01e2ef9c123c",
        "authorizationSource": "RoleBased",
        "managedByTenants": [],
        "tags": {
          "TagKey-9823": "TagValue-1254",
          "TagKey-3481": "TagValue-320",
          "TagKey-4926": "TagValue-1187",
          "TagKey-751": "TagValue-3921",
          "TagKey-1866": "TagValue-8559",
          "TagKey-3094": "TagValue-9190",
          "TagKey-2449": "TagValue-9",
          "TagKey-8379": "TagValue-164",
          "TagKey-7470": "TagValue-2205",
          "TagKey-4236": "TagValue-3698",
          "TagKey-5316": "TagValue-2725"
        },
        "subscriptionId": "db1ab6f0-4769-4b27-930e-01e2ef9c123c",
        "tenantId": "72f988bf-86f1-41af-91ab-2d7cd011db47",
        "displayName": ".NET Mgmt SDK Test with TTL = 1 Day",
        "state": "Enabled",
        "subscriptionPolicies": {
          "locationPlacementId": "Internal_2014-09-01",
          "quotaId": "Internal_2014-09-01",
          "spendingLimit": "Off"
        }
      }
    },
    {
      "RequestUri": "https://management.azure.com/subscriptions/db1ab6f0-4769-4b27-930e-01e2ef9c123c/resourcegroups/testeventhubRG-5200?api-version=**",
      "RequestMethod": "PUT",
      "RequestHeaders": {
        "Accept": "application/json",
        "Authorization": "Sanitized",
        "Content-Length": "44",
        "Content-Type": "application/json",
        "traceparent": "00-f9e145df2203474d88ba00b0a7302d86-589ed6c834181a44-00",
        "User-Agent": "azsdk-net-ResourceManager/1.4.0 (.NET Framework 4.8.9139.0; Microsoft Windows 10.0.22621 )",
        "x-ms-client-request-id": "ab9ba4a970225ef1a70d9e3a25bf7f5c",
        "x-ms-return-client-request-id": "true"
      },
      "RequestBody": {
        "tags": {
          "test": "env"
        },
        "location": "eastus2"
      },
      "StatusCode": 201,
      "ResponseHeaders": {
        "Cache-Control": "no-cache",
        "Content-Length": "258",
        "Content-Type": "application/json; charset=utf-8",
        "Date": "Thu, 20 Apr 2023 07:44:13 GMT",
        "Expires": "-1",
        "Pragma": "no-cache",
        "Strict-Transport-Security": "max-age=31536000; includeSubDomains",
        "X-Content-Type-Options": "nosniff",
        "x-ms-correlation-request-id": "49e8220c-86cf-4f07-8d7b-fae5f9a333f6",
        "x-ms-ratelimit-remaining-subscription-writes": "1196",
        "x-ms-request-id": "49e8220c-86cf-4f07-8d7b-fae5f9a333f6",
        "x-ms-routing-request-id": "SOUTHEASTASIA:20230420T074414Z:49e8220c-86cf-4f07-8d7b-fae5f9a333f6"
      },
      "ResponseBody": {
        "id": "/subscriptions/db1ab6f0-4769-4b27-930e-01e2ef9c123c/resourceGroups/testeventhubRG-5200",
        "name": "testeventhubRG-5200",
        "type": "Microsoft.Resources/resourceGroups",
        "location": "eastus2",
        "tags": {
          "test": "env"
        },
        "properties": {
          "provisioningState": "Succeeded"
        }
      }
    },
    {
      "RequestUri": "https://management.azure.com/subscriptions/db1ab6f0-4769-4b27-930e-01e2ef9c123c/providers/Microsoft.EventHub/checkNameAvailability?api-version=2022-10-01-preview",
      "RequestMethod": "POST",
      "RequestHeaders": {
        "Accept": "application/json",
        "Authorization": "Sanitized",
        "Content-Length": "32",
        "Content-Type": "application/json",
        "traceparent": "00-3ad4340f5f1fbb4f9f133b02c855d217-6aee0f152f71cf46-00",
        "User-Agent": "azsdk-net-ResourceManager.EventHubs/1.1.0-alpha.20230420.1 (.NET Framework 4.8.9139.0; Microsoft Windows 10.0.22621 )",
        "x-ms-client-request-id": "e5e7d6a3e41675bb29c06561a98bdefe",
        "x-ms-return-client-request-id": "true"
      },
      "RequestBody": {
        "name": "testnamespacemgmt1825"
      },
      "StatusCode": 200,
      "ResponseHeaders": {
        "Cache-Control": "no-cache",
        "Content-Length": "53",
        "Content-Type": "application/json; charset=utf-8",
        "Date": "Thu, 20 Apr 2023 07:44:14 GMT",
        "Expires": "-1",
        "Pragma": "no-cache",
        "Server": [
          "Service-Bus-Resource-Provider/CH3",
          "Microsoft-HTTPAPI/2.0"
        ],
        "Server-SB": "Service-Bus-Resource-Provider/CH3",
        "Strict-Transport-Security": "max-age=31536000; includeSubDomains",
        "X-Content-Type-Options": "nosniff",
        "x-ms-client-request-id": "e5e7d6a3e41675bb29c06561a98bdefe",
        "x-ms-correlation-request-id": "ff152355-dab8-40a2-bb44-6bb0f7848a1d",
        "x-ms-ratelimit-remaining-subscription-writes": "1198",
        "x-ms-request-id": "7d94ba78-6541-47ba-9284-a0a25d616a9f_M8CH3_M8CH3",
        "x-ms-routing-request-id": "SOUTHEASTASIA:20230420T074415Z:ff152355-dab8-40a2-bb44-6bb0f7848a1d"
      },
      "ResponseBody": {
        "nameAvailable": true,
        "reason": "None",
        "message": null
      }
    },
    {
      "RequestUri": "https://management.azure.com/subscriptions/db1ab6f0-4769-4b27-930e-01e2ef9c123c/resourceGroups/testeventhubRG-5200/providers/Microsoft.EventHub/namespaces/testnamespacemgmt1825?api-version=2022-10-01-preview",
      "RequestMethod": "PUT",
      "RequestHeaders": {
        "Accept": "application/json",
        "Authorization": "Sanitized",
        "Content-Length": "48",
        "Content-Type": "application/json",
        "traceparent": "00-92de8feecc39234f90c7016efda252db-8b4b57549bb5b94d-00",
        "User-Agent": "azsdk-net-ResourceManager.EventHubs/1.1.0-alpha.20230420.1 (.NET Framework 4.8.9139.0; Microsoft Windows 10.0.22621 )",
        "x-ms-client-request-id": "5e282ea9f3207578fadf6f586906cab6",
        "x-ms-return-client-request-id": "true"
      },
      "RequestBody": {
        "tags": {},
        "location": "eastus2",
        "properties": {}
      },
      "StatusCode": 200,
      "ResponseHeaders": {
        "Cache-Control": "no-cache",
        "Content-Length": "794",
        "Content-Type": "application/json; charset=utf-8",
        "Date": "Thu, 20 Apr 2023 07:44:20 GMT",
        "Expires": "-1",
        "Pragma": "no-cache",
        "Server": [
          "Service-Bus-Resource-Provider/CH3",
          "Microsoft-HTTPAPI/2.0"
        ],
        "Server-SB": "Service-Bus-Resource-Provider/CH3",
        "Strict-Transport-Security": "max-age=31536000; includeSubDomains",
        "X-Content-Type-Options": "nosniff",
        "x-ms-client-request-id": "5e282ea9f3207578fadf6f586906cab6",
        "x-ms-correlation-request-id": "16c9a622-1431-4426-b834-533f9bc3408b",
        "x-ms-ratelimit-remaining-subscription-resource-requests": "48",
        "x-ms-request-id": "a3b48dcc-e6d3-462d-a7da-19248f848f20_M8CH3_M8CH3",
        "x-ms-routing-request-id": "SOUTHEASTASIA:20230420T074421Z:16c9a622-1431-4426-b834-533f9bc3408b"
      },
      "ResponseBody": {
        "sku": {
          "name": "Standard",
          "tier": "Standard",
          "capacity": 1
        },
        "id": "/subscriptions/db1ab6f0-4769-4b27-930e-01e2ef9c123c/resourceGroups/testeventhubRG-5200/providers/Microsoft.EventHub/namespaces/testnamespacemgmt1825",
        "name": "testnamespacemgmt1825",
        "type": "Microsoft.EventHub/Namespaces",
        "location": "East US 2",
        "tags": {},
        "properties": {
          "minimumTlsVersion": "1.2",
          "publicNetworkAccess": "Enabled",
          "disableLocalAuth": false,
          "zoneRedundant": false,
          "isAutoInflateEnabled": false,
          "maximumThroughputUnits": 0,
          "kafkaEnabled": true,
          "provisioningState": "Created",
          "metricId": "db1ab6f0-4769-4b27-930e-01e2ef9c123c:testnamespacemgmt1825",
          "createdAt": "2023-04-20T07:44:19.54Z",
          "updatedAt": "2023-04-20T07:44:19.54Z",
          "serviceBusEndpoint": "https://testnamespacemgmt1825.servicebus.windows.net:443/",
          "status": "Activating"
        }
      }
    },
    {
      "RequestUri": "https://management.azure.com/subscriptions/db1ab6f0-4769-4b27-930e-01e2ef9c123c/resourceGroups/testeventhubRG-5200/providers/Microsoft.EventHub/namespaces/testnamespacemgmt1825?api-version=2022-10-01-preview",
      "RequestMethod": "GET",
      "RequestHeaders": {
        "Authorization": "Sanitized",
        "traceparent": "00-92de8feecc39234f90c7016efda252db-2d83ec9c19f8124c-00",
        "User-Agent": "azsdk-net-ResourceManager/1.4.0 (.NET Framework 4.8.9139.0; Microsoft Windows 10.0.22621 )",
        "x-ms-client-request-id": "917b3bc0fe57afc85e71ea3674620b23",
        "x-ms-return-client-request-id": "true"
      },
      "RequestBody": null,
      "StatusCode": 200,
      "ResponseHeaders": {
        "Cache-Control": "no-cache",
        "Content-Length": "794",
        "Content-Type": "application/json; charset=utf-8",
        "Date": "Thu, 20 Apr 2023 07:44:20 GMT",
        "Expires": "-1",
        "Pragma": "no-cache",
        "Server": [
          "Service-Bus-Resource-Provider/CH3",
          "Microsoft-HTTPAPI/2.0"
        ],
        "Server-SB": "Service-Bus-Resource-Provider/CH3",
        "Strict-Transport-Security": "max-age=31536000; includeSubDomains",
        "X-Content-Type-Options": "nosniff",
        "x-ms-client-request-id": "917b3bc0fe57afc85e71ea3674620b23",
        "x-ms-correlation-request-id": "1115e73d-d888-4035-8838-4c0b91351499",
        "x-ms-ratelimit-remaining-subscription-reads": "11980",
        "x-ms-request-id": "91451e9b-fa4d-467d-aa2a-155880466190_M8CH3_M8CH3",
        "x-ms-routing-request-id": "SOUTHEASTASIA:20230420T074421Z:1115e73d-d888-4035-8838-4c0b91351499"
      },
      "ResponseBody": {
        "sku": {
          "name": "Standard",
          "tier": "Standard",
          "capacity": 1
        },
        "id": "/subscriptions/db1ab6f0-4769-4b27-930e-01e2ef9c123c/resourceGroups/testeventhubRG-5200/providers/Microsoft.EventHub/namespaces/testnamespacemgmt1825",
        "name": "testnamespacemgmt1825",
        "type": "Microsoft.EventHub/Namespaces",
        "location": "East US 2",
        "tags": {},
        "properties": {
          "minimumTlsVersion": "1.2",
          "publicNetworkAccess": "Enabled",
          "disableLocalAuth": false,
          "zoneRedundant": false,
          "isAutoInflateEnabled": false,
          "maximumThroughputUnits": 0,
          "kafkaEnabled": true,
          "provisioningState": "Created",
          "metricId": "db1ab6f0-4769-4b27-930e-01e2ef9c123c:testnamespacemgmt1825",
          "createdAt": "2023-04-20T07:44:19.54Z",
          "updatedAt": "2023-04-20T07:44:19.54Z",
          "serviceBusEndpoint": "https://testnamespacemgmt1825.servicebus.windows.net:443/",
          "status": "Activating"
        }
      }
    },
    {
      "RequestUri": "https://management.azure.com/subscriptions/db1ab6f0-4769-4b27-930e-01e2ef9c123c/resourceGroups/testeventhubRG-5200/providers/Microsoft.EventHub/namespaces/testnamespacemgmt1825?api-version=2022-10-01-preview",
      "RequestMethod": "GET",
      "RequestHeaders": {
        "Authorization": "Sanitized",
        "traceparent": "00-92de8feecc39234f90c7016efda252db-800e98ec499b3d41-00",
        "User-Agent": "azsdk-net-ResourceManager/1.4.0 (.NET Framework 4.8.9139.0; Microsoft Windows 10.0.22621 )",
        "x-ms-client-request-id": "4fc3aff616e6cb449b687eeafac8e9fd",
        "x-ms-return-client-request-id": "true"
      },
      "RequestBody": null,
      "StatusCode": 200,
      "ResponseHeaders": {
        "Cache-Control": "no-cache",
        "Content-Length": "794",
        "Content-Type": "application/json; charset=utf-8",
        "Date": "Thu, 20 Apr 2023 07:44:22 GMT",
        "Expires": "-1",
        "Pragma": "no-cache",
        "Server": [
          "Service-Bus-Resource-Provider/CH3",
          "Microsoft-HTTPAPI/2.0"
        ],
        "Server-SB": "Service-Bus-Resource-Provider/CH3",
        "Strict-Transport-Security": "max-age=31536000; includeSubDomains",
        "X-Content-Type-Options": "nosniff",
        "x-ms-client-request-id": "4fc3aff616e6cb449b687eeafac8e9fd",
        "x-ms-correlation-request-id": "60d5a581-4f62-4a81-ac5c-8f3bd20401ab",
        "x-ms-ratelimit-remaining-subscription-reads": "11979",
        "x-ms-request-id": "b5b86370-12d9-4bfb-989a-c5e93435da7f_M8CH3_M8CH3",
        "x-ms-routing-request-id": "SOUTHEASTASIA:20230420T074423Z:60d5a581-4f62-4a81-ac5c-8f3bd20401ab"
      },
      "ResponseBody": {
        "sku": {
          "name": "Standard",
          "tier": "Standard",
          "capacity": 1
        },
        "id": "/subscriptions/db1ab6f0-4769-4b27-930e-01e2ef9c123c/resourceGroups/testeventhubRG-5200/providers/Microsoft.EventHub/namespaces/testnamespacemgmt1825",
        "name": "testnamespacemgmt1825",
        "type": "Microsoft.EventHub/Namespaces",
        "location": "East US 2",
        "tags": {},
        "properties": {
          "minimumTlsVersion": "1.2",
          "publicNetworkAccess": "Enabled",
          "disableLocalAuth": false,
          "zoneRedundant": false,
          "isAutoInflateEnabled": false,
          "maximumThroughputUnits": 0,
          "kafkaEnabled": true,
          "provisioningState": "Created",
          "metricId": "db1ab6f0-4769-4b27-930e-01e2ef9c123c:testnamespacemgmt1825",
          "createdAt": "2023-04-20T07:44:19.54Z",
          "updatedAt": "2023-04-20T07:44:19.54Z",
          "serviceBusEndpoint": "https://testnamespacemgmt1825.servicebus.windows.net:443/",
          "status": "Activating"
        }
      }
    },
    {
      "RequestUri": "https://management.azure.com/subscriptions/db1ab6f0-4769-4b27-930e-01e2ef9c123c/resourceGroups/testeventhubRG-5200/providers/Microsoft.EventHub/namespaces/testnamespacemgmt1825?api-version=2022-10-01-preview",
      "RequestMethod": "GET",
      "RequestHeaders": {
        "Authorization": "Sanitized",
        "traceparent": "00-92de8feecc39234f90c7016efda252db-d92af03fd33cae44-00",
        "User-Agent": "azsdk-net-ResourceManager/1.4.0 (.NET Framework 4.8.9139.0; Microsoft Windows 10.0.22621 )",
        "x-ms-client-request-id": "2e98ede1398a9f5e90f46947f35b4b7d",
        "x-ms-return-client-request-id": "true"
      },
      "RequestBody": null,
      "StatusCode": 200,
      "ResponseHeaders": {
        "Cache-Control": "no-cache",
        "Content-Length": "794",
        "Content-Type": "application/json; charset=utf-8",
        "Date": "Thu, 20 Apr 2023 07:44:23 GMT",
        "Expires": "-1",
        "Pragma": "no-cache",
        "Server": [
          "Service-Bus-Resource-Provider/CH3",
          "Microsoft-HTTPAPI/2.0"
        ],
        "Server-SB": "Service-Bus-Resource-Provider/CH3",
        "Strict-Transport-Security": "max-age=31536000; includeSubDomains",
        "X-Content-Type-Options": "nosniff",
        "x-ms-client-request-id": "2e98ede1398a9f5e90f46947f35b4b7d",
        "x-ms-correlation-request-id": "04499d44-23f2-4d6a-8370-e21adc373c02",
        "x-ms-ratelimit-remaining-subscription-reads": "11978",
        "x-ms-request-id": "b18bd464-dc61-4e2d-a84a-ef7ecbdfbc69_M8CH3_M8CH3",
        "x-ms-routing-request-id": "SOUTHEASTASIA:20230420T074424Z:04499d44-23f2-4d6a-8370-e21adc373c02"
      },
      "ResponseBody": {
        "sku": {
          "name": "Standard",
          "tier": "Standard",
          "capacity": 1
        },
        "id": "/subscriptions/db1ab6f0-4769-4b27-930e-01e2ef9c123c/resourceGroups/testeventhubRG-5200/providers/Microsoft.EventHub/namespaces/testnamespacemgmt1825",
        "name": "testnamespacemgmt1825",
        "type": "Microsoft.EventHub/Namespaces",
        "location": "East US 2",
        "tags": {},
        "properties": {
          "minimumTlsVersion": "1.2",
          "publicNetworkAccess": "Enabled",
          "disableLocalAuth": false,
          "zoneRedundant": false,
          "isAutoInflateEnabled": false,
          "maximumThroughputUnits": 0,
          "kafkaEnabled": true,
          "provisioningState": "Created",
          "metricId": "db1ab6f0-4769-4b27-930e-01e2ef9c123c:testnamespacemgmt1825",
          "createdAt": "2023-04-20T07:44:19.54Z",
          "updatedAt": "2023-04-20T07:44:19.54Z",
          "serviceBusEndpoint": "https://testnamespacemgmt1825.servicebus.windows.net:443/",
          "status": "Activating"
        }
      }
    },
    {
      "RequestUri": "https://management.azure.com/subscriptions/db1ab6f0-4769-4b27-930e-01e2ef9c123c/resourceGroups/testeventhubRG-5200/providers/Microsoft.EventHub/namespaces/testnamespacemgmt1825?api-version=2022-10-01-preview",
      "RequestMethod": "GET",
      "RequestHeaders": {
        "Authorization": "Sanitized",
        "traceparent": "00-92de8feecc39234f90c7016efda252db-5e674306c1c6a543-00",
        "User-Agent": "azsdk-net-ResourceManager/1.4.0 (.NET Framework 4.8.9139.0; Microsoft Windows 10.0.22621 )",
        "x-ms-client-request-id": "ddb8d429ae39a99bf6b0f5ee80deb595",
        "x-ms-return-client-request-id": "true"
      },
      "RequestBody": null,
      "StatusCode": 200,
      "ResponseHeaders": {
        "Cache-Control": "no-cache",
        "Content-Length": "794",
        "Content-Type": "application/json; charset=utf-8",
        "Date": "Thu, 20 Apr 2023 07:44:25 GMT",
        "Expires": "-1",
        "Pragma": "no-cache",
        "Server": [
          "Service-Bus-Resource-Provider/CH3",
          "Microsoft-HTTPAPI/2.0"
        ],
        "Server-SB": "Service-Bus-Resource-Provider/CH3",
        "Strict-Transport-Security": "max-age=31536000; includeSubDomains",
        "X-Content-Type-Options": "nosniff",
        "x-ms-client-request-id": "ddb8d429ae39a99bf6b0f5ee80deb595",
        "x-ms-correlation-request-id": "e989e8eb-d747-493d-85f0-f3e05f5533a8",
        "x-ms-ratelimit-remaining-subscription-reads": "11977",
        "x-ms-request-id": "b8b46c10-169f-48a4-a195-5856bbf053ed_M8CH3_M8CH3",
        "x-ms-routing-request-id": "SOUTHEASTASIA:20230420T074426Z:e989e8eb-d747-493d-85f0-f3e05f5533a8"
      },
      "ResponseBody": {
        "sku": {
          "name": "Standard",
          "tier": "Standard",
          "capacity": 1
        },
        "id": "/subscriptions/db1ab6f0-4769-4b27-930e-01e2ef9c123c/resourceGroups/testeventhubRG-5200/providers/Microsoft.EventHub/namespaces/testnamespacemgmt1825",
        "name": "testnamespacemgmt1825",
        "type": "Microsoft.EventHub/Namespaces",
        "location": "East US 2",
        "tags": {},
        "properties": {
          "minimumTlsVersion": "1.2",
          "publicNetworkAccess": "Enabled",
          "disableLocalAuth": false,
          "zoneRedundant": false,
          "isAutoInflateEnabled": false,
          "maximumThroughputUnits": 0,
          "kafkaEnabled": true,
          "provisioningState": "Created",
          "metricId": "db1ab6f0-4769-4b27-930e-01e2ef9c123c:testnamespacemgmt1825",
          "createdAt": "2023-04-20T07:44:19.54Z",
          "updatedAt": "2023-04-20T07:44:19.54Z",
          "serviceBusEndpoint": "https://testnamespacemgmt1825.servicebus.windows.net:443/",
          "status": "Activating"
        }
      }
    },
    {
      "RequestUri": "https://management.azure.com/subscriptions/db1ab6f0-4769-4b27-930e-01e2ef9c123c/resourceGroups/testeventhubRG-5200/providers/Microsoft.EventHub/namespaces/testnamespacemgmt1825?api-version=2022-10-01-preview",
      "RequestMethod": "GET",
      "RequestHeaders": {
        "Authorization": "Sanitized",
        "traceparent": "00-92de8feecc39234f90c7016efda252db-92cea320f2cb7849-00",
        "User-Agent": "azsdk-net-ResourceManager/1.4.0 (.NET Framework 4.8.9139.0; Microsoft Windows 10.0.22621 )",
        "x-ms-client-request-id": "8655ec88ddcabd985024bff1adfdd83f",
        "x-ms-return-client-request-id": "true"
      },
      "RequestBody": null,
      "StatusCode": 200,
      "ResponseHeaders": {
        "Cache-Control": "no-cache",
        "Content-Length": "794",
        "Content-Type": "application/json; charset=utf-8",
        "Date": "Thu, 20 Apr 2023 07:44:27 GMT",
        "Expires": "-1",
        "Pragma": "no-cache",
        "Server": [
          "Service-Bus-Resource-Provider/CH3",
          "Microsoft-HTTPAPI/2.0"
        ],
        "Server-SB": "Service-Bus-Resource-Provider/CH3",
        "Strict-Transport-Security": "max-age=31536000; includeSubDomains",
        "X-Content-Type-Options": "nosniff",
        "x-ms-client-request-id": "8655ec88ddcabd985024bff1adfdd83f",
        "x-ms-correlation-request-id": "828b85f0-430d-4bbd-b75e-b2101a471bd3",
        "x-ms-ratelimit-remaining-subscription-reads": "11976",
        "x-ms-request-id": "1cc36ff2-8d51-48bf-bf03-96e9041e76d5_M8CH3_M8CH3",
        "x-ms-routing-request-id": "SOUTHEASTASIA:20230420T074428Z:828b85f0-430d-4bbd-b75e-b2101a471bd3"
      },
      "ResponseBody": {
        "sku": {
          "name": "Standard",
          "tier": "Standard",
          "capacity": 1
        },
        "id": "/subscriptions/db1ab6f0-4769-4b27-930e-01e2ef9c123c/resourceGroups/testeventhubRG-5200/providers/Microsoft.EventHub/namespaces/testnamespacemgmt1825",
        "name": "testnamespacemgmt1825",
        "type": "Microsoft.EventHub/Namespaces",
        "location": "East US 2",
        "tags": {},
        "properties": {
          "minimumTlsVersion": "1.2",
          "publicNetworkAccess": "Enabled",
          "disableLocalAuth": false,
          "zoneRedundant": false,
          "isAutoInflateEnabled": false,
          "maximumThroughputUnits": 0,
          "kafkaEnabled": true,
          "provisioningState": "Created",
          "metricId": "db1ab6f0-4769-4b27-930e-01e2ef9c123c:testnamespacemgmt1825",
          "createdAt": "2023-04-20T07:44:19.54Z",
          "updatedAt": "2023-04-20T07:44:19.54Z",
          "serviceBusEndpoint": "https://testnamespacemgmt1825.servicebus.windows.net:443/",
          "status": "Activating"
        }
      }
    },
    {
      "RequestUri": "https://management.azure.com/subscriptions/db1ab6f0-4769-4b27-930e-01e2ef9c123c/resourceGroups/testeventhubRG-5200/providers/Microsoft.EventHub/namespaces/testnamespacemgmt1825?api-version=2022-10-01-preview",
      "RequestMethod": "GET",
      "RequestHeaders": {
        "Authorization": "Sanitized",
        "traceparent": "00-92de8feecc39234f90c7016efda252db-eefbdf54bab4eb4f-00",
        "User-Agent": "azsdk-net-ResourceManager/1.4.0 (.NET Framework 4.8.9139.0; Microsoft Windows 10.0.22621 )",
        "x-ms-client-request-id": "25c0001c0b0f32c451ee37da436f1fb1",
        "x-ms-return-client-request-id": "true"
      },
      "RequestBody": null,
      "StatusCode": 200,
      "ResponseHeaders": {
        "Cache-Control": "no-cache",
        "Content-Length": "794",
        "Content-Type": "application/json; charset=utf-8",
        "Date": "Thu, 20 Apr 2023 07:44:33 GMT",
        "Expires": "-1",
        "Pragma": "no-cache",
        "Server": [
          "Service-Bus-Resource-Provider/CH3",
          "Microsoft-HTTPAPI/2.0"
        ],
        "Server-SB": "Service-Bus-Resource-Provider/CH3",
        "Strict-Transport-Security": "max-age=31536000; includeSubDomains",
        "X-Content-Type-Options": "nosniff",
        "x-ms-client-request-id": "25c0001c0b0f32c451ee37da436f1fb1",
        "x-ms-correlation-request-id": "9daff5de-32fe-4cf4-99b3-0e13a65246af",
        "x-ms-ratelimit-remaining-subscription-reads": "11975",
        "x-ms-request-id": "8695e178-db0c-4bfd-8362-c7f9a7cf46d1_M8CH3_M8CH3",
        "x-ms-routing-request-id": "SOUTHEASTASIA:20230420T074433Z:9daff5de-32fe-4cf4-99b3-0e13a65246af"
      },
      "ResponseBody": {
        "sku": {
          "name": "Standard",
          "tier": "Standard",
          "capacity": 1
        },
        "id": "/subscriptions/db1ab6f0-4769-4b27-930e-01e2ef9c123c/resourceGroups/testeventhubRG-5200/providers/Microsoft.EventHub/namespaces/testnamespacemgmt1825",
        "name": "testnamespacemgmt1825",
        "type": "Microsoft.EventHub/Namespaces",
        "location": "East US 2",
        "tags": {},
        "properties": {
          "minimumTlsVersion": "1.2",
          "publicNetworkAccess": "Enabled",
          "disableLocalAuth": false,
          "zoneRedundant": false,
          "isAutoInflateEnabled": false,
          "maximumThroughputUnits": 0,
          "kafkaEnabled": true,
          "provisioningState": "Created",
          "metricId": "db1ab6f0-4769-4b27-930e-01e2ef9c123c:testnamespacemgmt1825",
          "createdAt": "2023-04-20T07:44:19.54Z",
          "updatedAt": "2023-04-20T07:44:19.54Z",
          "serviceBusEndpoint": "https://testnamespacemgmt1825.servicebus.windows.net:443/",
          "status": "Activating"
        }
      }
    },
    {
      "RequestUri": "https://management.azure.com/subscriptions/db1ab6f0-4769-4b27-930e-01e2ef9c123c/resourceGroups/testeventhubRG-5200/providers/Microsoft.EventHub/namespaces/testnamespacemgmt1825?api-version=2022-10-01-preview",
      "RequestMethod": "GET",
      "RequestHeaders": {
        "Authorization": "Sanitized",
        "traceparent": "00-92de8feecc39234f90c7016efda252db-2325666815749347-00",
        "User-Agent": "azsdk-net-ResourceManager/1.4.0 (.NET Framework 4.8.9139.0; Microsoft Windows 10.0.22621 )",
        "x-ms-client-request-id": "06bfd33fc4064cb23cfb8c14eeaafcf9",
        "x-ms-return-client-request-id": "true"
      },
      "RequestBody": null,
      "StatusCode": 200,
      "ResponseHeaders": {
        "Cache-Control": "no-cache",
        "Content-Length": "794",
        "Content-Type": "application/json; charset=utf-8",
        "Date": "Thu, 20 Apr 2023 07:44:41 GMT",
        "Expires": "-1",
        "Pragma": "no-cache",
        "Server": [
          "Service-Bus-Resource-Provider/CH3",
          "Microsoft-HTTPAPI/2.0"
        ],
        "Server-SB": "Service-Bus-Resource-Provider/CH3",
        "Strict-Transport-Security": "max-age=31536000; includeSubDomains",
        "X-Content-Type-Options": "nosniff",
        "x-ms-client-request-id": "06bfd33fc4064cb23cfb8c14eeaafcf9",
        "x-ms-correlation-request-id": "49b37ad0-5ff5-4b4d-a5a4-22209abf0bbd",
        "x-ms-ratelimit-remaining-subscription-reads": "11974",
        "x-ms-request-id": "7e2719ce-e4bd-4682-bb50-c6f1b53a79be_M8CH3_M8CH3",
        "x-ms-routing-request-id": "SOUTHEASTASIA:20230420T074442Z:49b37ad0-5ff5-4b4d-a5a4-22209abf0bbd"
      },
      "ResponseBody": {
        "sku": {
          "name": "Standard",
          "tier": "Standard",
          "capacity": 1
        },
        "id": "/subscriptions/db1ab6f0-4769-4b27-930e-01e2ef9c123c/resourceGroups/testeventhubRG-5200/providers/Microsoft.EventHub/namespaces/testnamespacemgmt1825",
        "name": "testnamespacemgmt1825",
        "type": "Microsoft.EventHub/Namespaces",
        "location": "East US 2",
        "tags": {},
        "properties": {
          "minimumTlsVersion": "1.2",
          "publicNetworkAccess": "Enabled",
          "disableLocalAuth": false,
          "zoneRedundant": false,
          "isAutoInflateEnabled": false,
          "maximumThroughputUnits": 0,
          "kafkaEnabled": true,
          "provisioningState": "Created",
          "metricId": "db1ab6f0-4769-4b27-930e-01e2ef9c123c:testnamespacemgmt1825",
          "createdAt": "2023-04-20T07:44:19.54Z",
          "updatedAt": "2023-04-20T07:44:19.54Z",
          "serviceBusEndpoint": "https://testnamespacemgmt1825.servicebus.windows.net:443/",
          "status": "Activating"
        }
      }
    },
    {
      "RequestUri": "https://management.azure.com/subscriptions/db1ab6f0-4769-4b27-930e-01e2ef9c123c/resourceGroups/testeventhubRG-5200/providers/Microsoft.EventHub/namespaces/testnamespacemgmt1825?api-version=2022-10-01-preview",
      "RequestMethod": "GET",
      "RequestHeaders": {
        "Authorization": "Sanitized",
        "traceparent": "00-92de8feecc39234f90c7016efda252db-866bd9695ffd524c-00",
        "User-Agent": "azsdk-net-ResourceManager/1.4.0 (.NET Framework 4.8.9139.0; Microsoft Windows 10.0.22621 )",
        "x-ms-client-request-id": "7fd2b5d78f1d7c85272234dca6be79e0",
        "x-ms-return-client-request-id": "true"
      },
      "RequestBody": null,
      "StatusCode": 200,
      "ResponseHeaders": {
        "Cache-Control": "no-cache",
        "Content-Length": "794",
        "Content-Type": "application/json; charset=utf-8",
        "Date": "Thu, 20 Apr 2023 07:44:58 GMT",
        "Expires": "-1",
        "Pragma": "no-cache",
        "Server": [
          "Service-Bus-Resource-Provider/CH3",
          "Microsoft-HTTPAPI/2.0"
        ],
        "Server-SB": "Service-Bus-Resource-Provider/CH3",
        "Strict-Transport-Security": "max-age=31536000; includeSubDomains",
        "X-Content-Type-Options": "nosniff",
        "x-ms-client-request-id": "7fd2b5d78f1d7c85272234dca6be79e0",
        "x-ms-correlation-request-id": "97b9e91a-a096-4cd5-987c-3b73d7998520",
        "x-ms-ratelimit-remaining-subscription-reads": "11973",
        "x-ms-request-id": "3e73d4cd-433c-4237-b3f9-c89a1608bc82_M8CH3_M8CH3",
        "x-ms-routing-request-id": "SOUTHEASTASIA:20230420T074458Z:97b9e91a-a096-4cd5-987c-3b73d7998520"
      },
      "ResponseBody": {
        "sku": {
          "name": "Standard",
          "tier": "Standard",
          "capacity": 1
        },
        "id": "/subscriptions/db1ab6f0-4769-4b27-930e-01e2ef9c123c/resourceGroups/testeventhubRG-5200/providers/Microsoft.EventHub/namespaces/testnamespacemgmt1825",
        "name": "testnamespacemgmt1825",
        "type": "Microsoft.EventHub/Namespaces",
        "location": "East US 2",
        "tags": {},
        "properties": {
          "minimumTlsVersion": "1.2",
          "publicNetworkAccess": "Enabled",
          "disableLocalAuth": false,
          "zoneRedundant": false,
          "isAutoInflateEnabled": false,
          "maximumThroughputUnits": 0,
          "kafkaEnabled": true,
          "provisioningState": "Created",
          "metricId": "db1ab6f0-4769-4b27-930e-01e2ef9c123c:testnamespacemgmt1825",
          "createdAt": "2023-04-20T07:44:19.54Z",
          "updatedAt": "2023-04-20T07:44:19.54Z",
          "serviceBusEndpoint": "https://testnamespacemgmt1825.servicebus.windows.net:443/",
          "status": "Activating"
        }
      }
    },
    {
      "RequestUri": "https://management.azure.com/subscriptions/db1ab6f0-4769-4b27-930e-01e2ef9c123c/resourceGroups/testeventhubRG-5200/providers/Microsoft.EventHub/namespaces/testnamespacemgmt1825?api-version=2022-10-01-preview",
      "RequestMethod": "GET",
      "RequestHeaders": {
        "Authorization": "Sanitized",
        "traceparent": "00-92de8feecc39234f90c7016efda252db-9baf5ba94237ff4a-00",
        "User-Agent": "azsdk-net-ResourceManager/1.4.0 (.NET Framework 4.8.9139.0; Microsoft Windows 10.0.22621 )",
        "x-ms-client-request-id": "dab10e04d13d57394e74e9147faf43a7",
        "x-ms-return-client-request-id": "true"
      },
      "RequestBody": null,
      "StatusCode": 200,
      "ResponseHeaders": {
        "Cache-Control": "no-cache",
        "Content-Length": "793",
        "Content-Type": "application/json; charset=utf-8",
        "Date": "Thu, 20 Apr 2023 07:45:30 GMT",
        "Expires": "-1",
        "Pragma": "no-cache",
        "Server": [
          "Service-Bus-Resource-Provider/SN1",
          "Microsoft-HTTPAPI/2.0"
        ],
        "Server-SB": "Service-Bus-Resource-Provider/SN1",
        "Strict-Transport-Security": "max-age=31536000; includeSubDomains",
        "X-Content-Type-Options": "nosniff",
        "x-ms-client-request-id": "dab10e04d13d57394e74e9147faf43a7",
        "x-ms-correlation-request-id": "99f67464-e2cf-4923-82a1-708fc944b12f",
        "x-ms-ratelimit-remaining-subscription-reads": "11972",
        "x-ms-request-id": "346ce917-4056-4770-97f5-488009e186f3_M4SN1_M4SN1",
        "x-ms-routing-request-id": "SOUTHEASTASIA:20230420T074531Z:99f67464-e2cf-4923-82a1-708fc944b12f"
      },
      "ResponseBody": {
        "sku": {
          "name": "Standard",
          "tier": "Standard",
          "capacity": 1
        },
        "id": "/subscriptions/db1ab6f0-4769-4b27-930e-01e2ef9c123c/resourceGroups/testeventhubRG-5200/providers/Microsoft.EventHub/namespaces/testnamespacemgmt1825",
        "name": "testnamespacemgmt1825",
        "type": "Microsoft.EventHub/Namespaces",
        "location": "East US 2",
        "tags": {},
        "properties": {
          "minimumTlsVersion": "1.2",
          "publicNetworkAccess": "Enabled",
          "disableLocalAuth": false,
          "zoneRedundant": false,
          "isAutoInflateEnabled": false,
          "maximumThroughputUnits": 0,
          "kafkaEnabled": true,
          "provisioningState": "Succeeded",
          "metricId": "db1ab6f0-4769-4b27-930e-01e2ef9c123c:testnamespacemgmt1825",
          "createdAt": "2023-04-20T07:44:19.54Z",
          "updatedAt": "2023-04-20T07:45:08.307Z",
          "serviceBusEndpoint": "https://testnamespacemgmt1825.servicebus.windows.net:443/",
          "status": "Active"
        }
      }
    },
    {
      "RequestUri": "https://management.azure.com/subscriptions/db1ab6f0-4769-4b27-930e-01e2ef9c123c/resourceGroups/testeventhubRG-5200/providers/Microsoft.Network/privateEndpoints/pe-3594?api-version=2021-02-01",
      "RequestMethod": "PUT",
      "RequestHeaders": {
        "Accept": "application/json",
        "Authorization": "Sanitized",
        "Content-Length": "529",
        "Content-Type": "application/json",
        "traceparent": "00-86e1925ed68d7e4b94736ecea5f16ac4-f06d74b45b8abb49-00",
        "User-Agent": "azsdk-net-ResourceManager.Network/1.1.0 (.NET Framework 4.8.9139.0; Microsoft Windows 10.0.22621 )",
        "x-ms-client-request-id": "c23cec02699566acf794c01226b2b9da",
        "x-ms-return-client-request-id": "true"
      },
      "RequestBody": {
        "location": "westus2",
        "properties": {
          "subnet": {
            "id": "/subscriptions/db1ab6f0-4769-4b27-930e-01e2ef9c123c/resourceGroups/testeventhubRG-5200/providers/Microsoft.Network/virtualNetworks/vnet-3807/subnets/default",
            "properties": {}
          },
          "manualPrivateLinkServiceConnections": [
            {
              "name": "pec8892",
              "properties": {
                "privateLinkServiceId": "/subscriptions/db1ab6f0-4769-4b27-930e-01e2ef9c123c/resourceGroups/testeventhubRG-5200/providers/Microsoft.EventHub/namespaces/testnamespacemgmt1825",
                "groupIds": [
                  "namespace"
                ],
                "requestMessage": "SDK test"
              }
            }
          ]
        }
      },
      "StatusCode": 201,
      "ResponseHeaders": {
        "Azure-AsyncNotification": "Enabled",
        "Azure-AsyncOperation": "https://management.azure.com/subscriptions/db1ab6f0-4769-4b27-930e-01e2ef9c123c/providers/Microsoft.Network/locations/westus2/operations/25f21140-6827-4b17-a131-8534546a94f2?api-version=2021-02-01",
        "Cache-Control": "no-cache",
        "Content-Length": "1958",
        "Content-Type": "application/json; charset=utf-8",
        "Date": "Thu, 20 Apr 2023 07:45:39 GMT",
        "Expires": "-1",
        "Pragma": "no-cache",
        "Retry-After": "10",
        "Server": [
          "Microsoft-HTTPAPI/2.0",
          "Microsoft-HTTPAPI/2.0"
        ],
        "Strict-Transport-Security": "max-age=31536000; includeSubDomains",
        "X-Content-Type-Options": "nosniff",
        "x-ms-arm-service-request-id": "9a911250-8054-4ef3-996d-45691c0e289a",
        "x-ms-client-request-id": "c23cec02699566acf794c01226b2b9da",
        "x-ms-correlation-request-id": "1e674800-fb55-4ae7-957c-0df45c9c5de9",
        "x-ms-ratelimit-remaining-subscription-writes": "1194",
        "x-ms-request-id": "25f21140-6827-4b17-a131-8534546a94f2",
        "x-ms-routing-request-id": "SOUTHEASTASIA:20230420T074539Z:1e674800-fb55-4ae7-957c-0df45c9c5de9"
      },
      "ResponseBody": {
        "name": "pe-3594",
        "id": "/subscriptions/db1ab6f0-4769-4b27-930e-01e2ef9c123c/resourceGroups/testeventhubRG-5200/providers/Microsoft.Network/privateEndpoints/pe-3594",
        "etag": "W/\u0022c52944d2-4bc2-42df-81f8-5585479b1d61\u0022",
        "type": "Microsoft.Network/privateEndpoints",
        "location": "westus2",
        "properties": {
          "provisioningState": "Updating",
          "resourceGuid": "abe17d50-20ab-4a53-8a3b-a27173a87a38",
          "privateLinkServiceConnections": [],
          "manualPrivateLinkServiceConnections": [
            {
              "name": "pec8892",
              "id": "/subscriptions/db1ab6f0-4769-4b27-930e-01e2ef9c123c/resourceGroups/testeventhubRG-5200/providers/Microsoft.Network/privateEndpoints/pe-3594/manualPrivateLinkServiceConnections/pec8892",
              "etag": "W/\u0022c52944d2-4bc2-42df-81f8-5585479b1d61\u0022",
              "properties": {
                "provisioningState": "Succeeded",
                "privateLinkServiceId": "/subscriptions/db1ab6f0-4769-4b27-930e-01e2ef9c123c/resourceGroups/testeventhubRG-5200/providers/Microsoft.EventHub/namespaces/testnamespacemgmt1825",
                "groupIds": [
                  "namespace"
                ],
                "requestMessage": "SDK test",
                "privateLinkServiceConnectionState": {
                  "status": "Pending",
                  "description": "SDK test",
                  "actionsRequired": "None"
                }
              },
              "type": "Microsoft.Network/privateEndpoints/manualPrivateLinkServiceConnections"
            }
          ],
          "subnet": {
            "id": "/subscriptions/db1ab6f0-4769-4b27-930e-01e2ef9c123c/resourceGroups/testeventhubRG-5200/providers/Microsoft.Network/virtualNetworks/vnet-3807/subnets/default"
          },
          "networkInterfaces": [
            {
              "id": "/subscriptions/db1ab6f0-4769-4b27-930e-01e2ef9c123c/resourceGroups/testeventhubRG-5200/providers/Microsoft.Network/networkInterfaces/pe-3594.nic.1d7f2ebd-cd53-42a6-8c97-9843d715d6f2"
            }
          ],
          "customDnsConfigs": []
        }
      }
    },
    {
      "RequestUri": "https://management.azure.com/subscriptions/db1ab6f0-4769-4b27-930e-01e2ef9c123c/providers/Microsoft.Network/locations/westus2/operations/25f21140-6827-4b17-a131-8534546a94f2?api-version=2021-02-01",
      "RequestMethod": "GET",
      "RequestHeaders": {
        "Authorization": "Sanitized",
        "traceparent": "00-86e1925ed68d7e4b94736ecea5f16ac4-73c221052bbb1148-00",
        "User-Agent": "azsdk-net-ResourceManager/1.4.0 (.NET Framework 4.8.9139.0; Microsoft Windows 10.0.22621 )",
        "x-ms-client-request-id": "8ac4518ca89269fdf3fcb73bc0e9ea70",
        "x-ms-return-client-request-id": "true"
      },
      "RequestBody": null,
      "StatusCode": 200,
      "ResponseHeaders": {
        "Cache-Control": "no-cache",
        "Content-Length": "30",
        "Content-Type": "application/json; charset=utf-8",
        "Date": "Thu, 20 Apr 2023 07:45:39 GMT",
        "Expires": "-1",
        "Pragma": "no-cache",
        "Retry-After": "10",
        "Server": [
          "Microsoft-HTTPAPI/2.0",
          "Microsoft-HTTPAPI/2.0"
        ],
        "Strict-Transport-Security": "max-age=31536000; includeSubDomains",
        "X-Content-Type-Options": "nosniff",
        "x-ms-arm-service-request-id": "4c14e112-fa6b-4b6e-98ec-1ed39b608430",
        "x-ms-client-request-id": "8ac4518ca89269fdf3fcb73bc0e9ea70",
        "x-ms-correlation-request-id": "d32605c6-3c6b-4edd-9e21-4a9a3125f6e7",
        "x-ms-ratelimit-remaining-subscription-reads": "11969",
        "x-ms-request-id": "b3ebaadb-4ab3-4f50-ac4e-26101fb077d1",
        "x-ms-routing-request-id": "SOUTHEASTASIA:20230420T074540Z:d32605c6-3c6b-4edd-9e21-4a9a3125f6e7"
      },
      "ResponseBody": {
        "status": "InProgress"
      }
    },
    {
      "RequestUri": "https://management.azure.com/subscriptions/db1ab6f0-4769-4b27-930e-01e2ef9c123c/providers/Microsoft.Network/locations/westus2/operations/25f21140-6827-4b17-a131-8534546a94f2?api-version=2021-02-01",
      "RequestMethod": "GET",
      "RequestHeaders": {
        "Authorization": "Sanitized",
        "traceparent": "00-86e1925ed68d7e4b94736ecea5f16ac4-57c250123d189a42-00",
        "User-Agent": "azsdk-net-ResourceManager/1.4.0 (.NET Framework 4.8.9139.0; Microsoft Windows 10.0.22621 )",
        "x-ms-client-request-id": "fdd110b48e1a2489d35404ba49b6d601",
        "x-ms-return-client-request-id": "true"
      },
      "RequestBody": null,
      "StatusCode": 200,
      "ResponseHeaders": {
        "Cache-Control": "no-cache",
        "Content-Length": "30",
        "Content-Type": "application/json; charset=utf-8",
        "Date": "Thu, 20 Apr 2023 07:45:49 GMT",
        "Expires": "-1",
        "Pragma": "no-cache",
        "Retry-After": "20",
        "Server": [
          "Microsoft-HTTPAPI/2.0",
          "Microsoft-HTTPAPI/2.0"
        ],
        "Strict-Transport-Security": "max-age=31536000; includeSubDomains",
        "X-Content-Type-Options": "nosniff",
        "x-ms-arm-service-request-id": "0744a3d8-61c4-46ed-b030-92a8d6c514e0",
        "x-ms-client-request-id": "fdd110b48e1a2489d35404ba49b6d601",
        "x-ms-correlation-request-id": "04d7692c-e796-4898-b69a-d156bb81bf00",
        "x-ms-ratelimit-remaining-subscription-reads": "11968",
        "x-ms-request-id": "c5efb817-f460-4038-a0c6-0718cadde2b4",
        "x-ms-routing-request-id": "SOUTHEASTASIA:20230420T074550Z:04d7692c-e796-4898-b69a-d156bb81bf00"
      },
      "ResponseBody": {
        "status": "InProgress"
      }
    },
    {
      "RequestUri": "https://management.azure.com/subscriptions/db1ab6f0-4769-4b27-930e-01e2ef9c123c/providers/Microsoft.Network/locations/westus2/operations/25f21140-6827-4b17-a131-8534546a94f2?api-version=2021-02-01",
      "RequestMethod": "GET",
      "RequestHeaders": {
        "Authorization": "Sanitized",
        "traceparent": "00-86e1925ed68d7e4b94736ecea5f16ac4-ac4dddde4eac9d49-00",
        "User-Agent": "azsdk-net-ResourceManager/1.4.0 (.NET Framework 4.8.9139.0; Microsoft Windows 10.0.22621 )",
        "x-ms-client-request-id": "d58609e32fee9147e0c0e57e27dd26d4",
        "x-ms-return-client-request-id": "true"
      },
      "RequestBody": null,
      "StatusCode": 200,
      "ResponseHeaders": {
        "Cache-Control": "no-cache",
        "Content-Length": "30",
        "Content-Type": "application/json; charset=utf-8",
        "Date": "Thu, 20 Apr 2023 07:46:09 GMT",
        "Expires": "-1",
        "Pragma": "no-cache",
        "Retry-After": "20",
        "Server": [
          "Microsoft-HTTPAPI/2.0",
          "Microsoft-HTTPAPI/2.0"
        ],
        "Strict-Transport-Security": "max-age=31536000; includeSubDomains",
        "X-Content-Type-Options": "nosniff",
        "x-ms-arm-service-request-id": "3310e6a6-8a91-4030-bbd8-3c38496efee7",
        "x-ms-client-request-id": "d58609e32fee9147e0c0e57e27dd26d4",
        "x-ms-correlation-request-id": "8ba71db4-6a24-4b6c-8a9e-0600cfbaae5e",
        "x-ms-ratelimit-remaining-subscription-reads": "11967",
        "x-ms-request-id": "c7890cd7-0670-4b1c-a3bb-deb6ea6fe1e1",
        "x-ms-routing-request-id": "SOUTHEASTASIA:20230420T074610Z:8ba71db4-6a24-4b6c-8a9e-0600cfbaae5e"
      },
      "ResponseBody": {
        "status": "InProgress"
      }
    },
    {
      "RequestUri": "https://management.azure.com/subscriptions/db1ab6f0-4769-4b27-930e-01e2ef9c123c/providers/Microsoft.Network/locations/westus2/operations/25f21140-6827-4b17-a131-8534546a94f2?api-version=2021-02-01",
      "RequestMethod": "GET",
      "RequestHeaders": {
        "Authorization": "Sanitized",
        "traceparent": "00-86e1925ed68d7e4b94736ecea5f16ac4-e38a45595af1d84d-00",
        "User-Agent": "azsdk-net-ResourceManager/1.4.0 (.NET Framework 4.8.9139.0; Microsoft Windows 10.0.22621 )",
        "x-ms-client-request-id": "7f40aff0b424fe9cc8a0b73ea443203c",
        "x-ms-return-client-request-id": "true"
      },
      "RequestBody": null,
      "StatusCode": 200,
      "ResponseHeaders": {
        "Cache-Control": "no-cache",
        "Content-Length": "29",
        "Content-Type": "application/json; charset=utf-8",
        "Date": "Thu, 20 Apr 2023 07:46:30 GMT",
        "Expires": "-1",
        "Pragma": "no-cache",
        "Server": [
          "Microsoft-HTTPAPI/2.0",
          "Microsoft-HTTPAPI/2.0"
        ],
        "Strict-Transport-Security": "max-age=31536000; includeSubDomains",
        "X-Content-Type-Options": "nosniff",
        "x-ms-arm-service-request-id": "4d0550bc-eab0-434f-85e7-e1f9352cb6af",
        "x-ms-client-request-id": "7f40aff0b424fe9cc8a0b73ea443203c",
        "x-ms-correlation-request-id": "7c00a494-8e48-4420-b3e3-9911d1e62d9e",
        "x-ms-ratelimit-remaining-subscription-reads": "11966",
        "x-ms-request-id": "10c9696b-e826-455e-9c60-43a9142e8566",
        "x-ms-routing-request-id": "SOUTHEASTASIA:20230420T074631Z:7c00a494-8e48-4420-b3e3-9911d1e62d9e"
      },
      "ResponseBody": {
        "status": "Succeeded"
      }
    },
    {
      "RequestUri": "https://management.azure.com/subscriptions/db1ab6f0-4769-4b27-930e-01e2ef9c123c/resourceGroups/testeventhubRG-5200/providers/Microsoft.Network/privateEndpoints/pe-3594?api-version=2021-02-01",
      "RequestMethod": "GET",
      "RequestHeaders": {
        "Authorization": "Sanitized",
        "traceparent": "00-86e1925ed68d7e4b94736ecea5f16ac4-f236038d271b5149-00",
        "User-Agent": "azsdk-net-ResourceManager/1.4.0 (.NET Framework 4.8.9139.0; Microsoft Windows 10.0.22621 )",
        "x-ms-client-request-id": "b658b52614638582c8401c59a80afdf6",
        "x-ms-return-client-request-id": "true"
      },
      "RequestBody": null,
      "StatusCode": 200,
      "ResponseHeaders": {
        "Cache-Control": "no-cache",
        "Content-Length": "1959",
        "Content-Type": "application/json; charset=utf-8",
        "Date": "Thu, 20 Apr 2023 07:46:31 GMT",
        "ETag": "W/\u002286608db2-0c03-4c6d-bfd4-f7ae8a15eee5\u0022",
        "Expires": "-1",
        "Pragma": "no-cache",
        "Server": [
          "Microsoft-HTTPAPI/2.0",
          "Microsoft-HTTPAPI/2.0"
        ],
        "Strict-Transport-Security": "max-age=31536000; includeSubDomains",
        "X-Content-Type-Options": "nosniff",
        "x-ms-arm-service-request-id": "33f250ae-edab-4300-b7d9-e2c03f2e7d46",
        "x-ms-client-request-id": "b658b52614638582c8401c59a80afdf6",
        "x-ms-correlation-request-id": "3ab0d5fc-be89-4689-a154-f4d663ab2d17",
        "x-ms-ratelimit-remaining-subscription-reads": "11965",
        "x-ms-request-id": "091cbd04-ac21-47ca-93a3-069abdb13393",
        "x-ms-routing-request-id": "SOUTHEASTASIA:20230420T074631Z:3ab0d5fc-be89-4689-a154-f4d663ab2d17"
      },
      "ResponseBody": {
        "name": "pe-3594",
        "id": "/subscriptions/db1ab6f0-4769-4b27-930e-01e2ef9c123c/resourceGroups/testeventhubRG-5200/providers/Microsoft.Network/privateEndpoints/pe-3594",
        "etag": "W/\u002286608db2-0c03-4c6d-bfd4-f7ae8a15eee5\u0022",
        "type": "Microsoft.Network/privateEndpoints",
        "location": "westus2",
        "properties": {
          "provisioningState": "Succeeded",
          "resourceGuid": "abe17d50-20ab-4a53-8a3b-a27173a87a38",
          "privateLinkServiceConnections": [],
          "manualPrivateLinkServiceConnections": [
            {
              "name": "pec8892",
              "id": "/subscriptions/db1ab6f0-4769-4b27-930e-01e2ef9c123c/resourceGroups/testeventhubRG-5200/providers/Microsoft.Network/privateEndpoints/pe-3594/manualPrivateLinkServiceConnections/pec8892",
              "etag": "W/\u002286608db2-0c03-4c6d-bfd4-f7ae8a15eee5\u0022",
              "properties": {
                "provisioningState": "Succeeded",
                "privateLinkServiceId": "/subscriptions/db1ab6f0-4769-4b27-930e-01e2ef9c123c/resourceGroups/testeventhubRG-5200/providers/Microsoft.EventHub/namespaces/testnamespacemgmt1825",
                "groupIds": [
                  "namespace"
                ],
                "requestMessage": "SDK test",
                "privateLinkServiceConnectionState": {
                  "status": "Pending",
                  "description": "SDK test",
                  "actionsRequired": "None"
                }
              },
              "type": "Microsoft.Network/privateEndpoints/manualPrivateLinkServiceConnections"
            }
          ],
          "subnet": {
            "id": "/subscriptions/db1ab6f0-4769-4b27-930e-01e2ef9c123c/resourceGroups/testeventhubRG-5200/providers/Microsoft.Network/virtualNetworks/vnet-3807/subnets/default"
          },
          "networkInterfaces": [
            {
              "id": "/subscriptions/db1ab6f0-4769-4b27-930e-01e2ef9c123c/resourceGroups/testeventhubRG-5200/providers/Microsoft.Network/networkInterfaces/pe-3594.nic.1d7f2ebd-cd53-42a6-8c97-9843d715d6f2"
            }
          ],
          "customDnsConfigs": []
        }
      }
    },
    {
      "RequestUri": "https://management.azure.com/subscriptions/db1ab6f0-4769-4b27-930e-01e2ef9c123c/resourceGroups/testeventhubRG-5200/providers/Microsoft.EventHub/namespaces/testnamespacemgmt1825/privateEndpointConnections?api-version=2022-10-01-preview",
      "RequestMethod": "GET",
      "RequestHeaders": {
        "Accept": "application/json",
        "Authorization": "Sanitized",
        "User-Agent": "azsdk-net-ResourceManager.EventHubs/1.1.0-alpha.20230420.1 (.NET Framework 4.8.9139.0; Microsoft Windows 10.0.22621 )",
        "x-ms-client-request-id": "99c9302d57752fdd6d880d4d7709ec9c",
        "x-ms-return-client-request-id": "true"
      },
      "RequestBody": null,
      "StatusCode": 200,
      "ResponseHeaders": {
        "Cache-Control": "no-cache",
        "Content-Length": "689",
        "Content-Type": "application/json; charset=utf-8",
        "Date": "Thu, 20 Apr 2023 07:46:32 GMT",
        "Expires": "-1",
        "Pragma": "no-cache",
        "Server": [
          "Service-Bus-Resource-Provider/SN1",
          "Microsoft-HTTPAPI/2.0"
        ],
        "Server-SB": "Service-Bus-Resource-Provider/SN1",
        "Strict-Transport-Security": "max-age=31536000; includeSubDomains",
        "X-Content-Type-Options": "nosniff",
        "x-ms-client-request-id": "99c9302d57752fdd6d880d4d7709ec9c",
        "x-ms-correlation-request-id": "87d5edf6-f64c-40cc-abab-7d8d222ff63d",
        "x-ms-ratelimit-remaining-subscription-reads": "11964",
        "x-ms-request-id": "e91b465b-8016-416c-8f60-59608baddf38_M5SN1_M5SN1",
        "x-ms-routing-request-id": "SOUTHEASTASIA:20230420T074633Z:87d5edf6-f64c-40cc-abab-7d8d222ff63d"
      },
      "ResponseBody": {
        "value": [
          {
            "id": "/subscriptions/db1ab6f0-4769-4b27-930e-01e2ef9c123c/resourceGroups/testeventhubRG-5200/providers/Microsoft.EventHub/namespaces/testnamespacemgmt1825/privateEndpointConnections/85fc6aea-3553-4db9-b4d2-ffb89febd293",
            "name": "85fc6aea-3553-4db9-b4d2-ffb89febd293",
            "type": "Microsoft.EventHub/Namespaces/PrivateEndpointConnections",
            "location": "East US 2",
            "properties": {
              "provisioningState": "Succeeded",
              "privateEndpoint": {
                "id": "/subscriptions/db1ab6f0-4769-4b27-930e-01e2ef9c123c/resourceGroups/testeventhubRG-5200/providers/Microsoft.Network/privateEndpoints/pe-3594"
              },
              "privateLinkServiceConnectionState": {
                "status": "Pending",
                "description": "SDK test"
              },
              "groupIds": [
                "namespace"
              ]
            }
          }
        ]
      }
    },
    {
      "RequestUri": "https://management.azure.com/subscriptions/db1ab6f0-4769-4b27-930e-01e2ef9c123c/resourceGroups/testeventhubRG-5200/providers/Microsoft.EventHub/namespaces/testnamespacemgmt1825/privateEndpointConnections/85fc6aea-3553-4db9-b4d2-ffb89febd293?api-version=2022-10-01-preview",
      "RequestMethod": "GET",
      "RequestHeaders": {
        "Accept": "application/json",
        "Authorization": "Sanitized",
        "traceparent": "00-d26051482872184bacf3d6819da0d4df-fe19be78f33cc845-00",
        "User-Agent": "azsdk-net-ResourceManager.EventHubs/1.1.0-alpha.20230420.1 (.NET Framework 4.8.9139.0; Microsoft Windows 10.0.22621 )",
        "x-ms-client-request-id": "7158a89f6f84dc712dbbb6e3974255bd",
        "x-ms-return-client-request-id": "true"
      },
      "RequestBody": null,
      "StatusCode": 200,
      "ResponseHeaders": {
        "Cache-Control": "no-cache",
        "Content-Length": "677",
        "Content-Type": "application/json; charset=utf-8",
        "Date": "Thu, 20 Apr 2023 07:46:33 GMT",
        "Expires": "-1",
        "Pragma": "no-cache",
        "Server": [
          "Service-Bus-Resource-Provider/SN1",
          "Microsoft-HTTPAPI/2.0"
        ],
        "Server-SB": "Service-Bus-Resource-Provider/SN1",
        "Strict-Transport-Security": "max-age=31536000; includeSubDomains",
        "X-Content-Type-Options": "nosniff",
        "x-ms-client-request-id": "7158a89f6f84dc712dbbb6e3974255bd",
        "x-ms-correlation-request-id": "58a4d419-2351-4348-8c5a-cb66f24c80bb",
        "x-ms-ratelimit-remaining-subscription-reads": "11963",
        "x-ms-request-id": "17471b54-3f37-4a6f-a0a4-c1932521ea0f_M5SN1_M5SN1",
        "x-ms-routing-request-id": "SOUTHEASTASIA:20230420T074633Z:58a4d419-2351-4348-8c5a-cb66f24c80bb"
      },
      "ResponseBody": {
        "id": "/subscriptions/db1ab6f0-4769-4b27-930e-01e2ef9c123c/resourceGroups/testeventhubRG-5200/providers/Microsoft.EventHub/namespaces/testnamespacemgmt1825/privateEndpointConnections/85fc6aea-3553-4db9-b4d2-ffb89febd293",
        "name": "85fc6aea-3553-4db9-b4d2-ffb89febd293",
        "type": "Microsoft.EventHub/Namespaces/PrivateEndpointConnections",
        "location": "East US 2",
        "properties": {
          "provisioningState": "Succeeded",
          "privateEndpoint": {
            "id": "/subscriptions/db1ab6f0-4769-4b27-930e-01e2ef9c123c/resourceGroups/testeventhubRG-5200/providers/Microsoft.Network/privateEndpoints/pe-3594"
          },
          "privateLinkServiceConnectionState": {
            "status": "Pending",
            "description": "SDK test"
          },
          "groupIds": [
            "namespace"
          ]
        }
      }
    },
    {
      "RequestUri": "https://management.azure.com/subscriptions/db1ab6f0-4769-4b27-930e-01e2ef9c123c/resourceGroups/testeventhubRG-5200/providers/Microsoft.EventHub/namespaces/testnamespacemgmt1825/privateEndpointConnections/85fc6aea-3553-4db9-b4d2-ffb89febd293?api-version=2022-10-01-preview",
      "RequestMethod": "DELETE",
      "RequestHeaders": {
        "Accept": "application/json",
        "Authorization": "Sanitized",
        "traceparent": "00-59c4824ef1144c458a94cf5f6a6ceb0b-00f77243f1402e4d-00",
        "User-Agent": "azsdk-net-ResourceManager.EventHubs/1.1.0-alpha.20230420.1 (.NET Framework 4.8.9139.0; Microsoft Windows 10.0.22621 )",
        "x-ms-client-request-id": "7310c0a2877acec6d72949db06340ebf",
        "x-ms-return-client-request-id": "true"
      },
      "RequestBody": null,
      "StatusCode": 202,
      "ResponseHeaders": {
        "Azure-AsyncOperation": "https://management.azure.com:443/subscriptions/db1ab6f0-4769-4b27-930e-01e2ef9c123c/resourceGroups/testeventhubRG-5200/providers/Microsoft.EventHub/namespaces/testnamespacemgmt1825/privateEndpointConnections/85fc6aea-3553-4db9-b4d2-ffb89febd293/operationStatus/85fc6aea-3553-4db9-b4d2-ffb89febd293?api-version=2022-10-01-preview\u0026operationType=Delete",
        "Cache-Control": "no-cache",
        "Content-Length": "0",
        "Date": "Thu, 20 Apr 2023 07:46:34 GMT",
        "Expires": "-1",
        "Pragma": "no-cache",
        "Server": [
          "Service-Bus-Resource-Provider/SN1",
          "Microsoft-HTTPAPI/2.0"
        ],
        "Server-SB": "Service-Bus-Resource-Provider/SN1",
        "Strict-Transport-Security": "max-age=31536000; includeSubDomains",
        "X-Content-Type-Options": "nosniff",
        "x-ms-client-request-id": "7310c0a2877acec6d72949db06340ebf",
        "x-ms-correlation-request-id": "7a1fa26a-ea77-4b44-b2dd-ef2c188e636b",
        "x-ms-ratelimit-remaining-subscription-deletes": "14999",
        "x-ms-request-id": "12d3013a-cf5c-41a5-bf4c-e435e556c789_M5SN1_M5SN1",
        "x-ms-routing-request-id": "SOUTHEASTASIA:20230420T074634Z:7a1fa26a-ea77-4b44-b2dd-ef2c188e636b"
      },
      "ResponseBody": null
    },
    {
      "RequestUri": "https://management.azure.com/subscriptions/db1ab6f0-4769-4b27-930e-01e2ef9c123c/resourceGroups/testeventhubRG-5200/providers/Microsoft.EventHub/namespaces/testnamespacemgmt1825/privateEndpointConnections/85fc6aea-3553-4db9-b4d2-ffb89febd293/operationStatus/85fc6aea-3553-4db9-b4d2-ffb89febd293?api-version=2022-10-01-preview\u0026operationType=Delete",
      "RequestMethod": "GET",
      "RequestHeaders": {
        "Authorization": "Sanitized",
        "traceparent": "00-59c4824ef1144c458a94cf5f6a6ceb0b-9d83fd167efe6a47-00",
        "User-Agent": "azsdk-net-ResourceManager/1.4.0 (.NET Framework 4.8.9139.0; Microsoft Windows 10.0.22621 )",
        "x-ms-client-request-id": "b6aa503279f81822e1899a5b2696d5f8",
        "x-ms-return-client-request-id": "true"
      },
      "RequestBody": null,
      "StatusCode": 200,
      "ResponseHeaders": {
        "Azure-AsyncOperation": "https://management.azure.com/subscriptions/db1ab6f0-4769-4b27-930e-01e2ef9c123c/resourceGroups/testeventhubRG-5200/providers/Microsoft.EventHub/namespaces/testnamespacemgmt1825/privateEndpointConnections/85fc6aea-3553-4db9-b4d2-ffb89febd293/operationStatus/85fc6aea-3553-4db9-b4d2-ffb89febd293?api-version=2022-10-01-preview\u0026operationType=Delete",
        "Cache-Control": "no-cache",
        "Content-Length": "465",
        "Content-Type": "application/json; charset=utf-8",
        "Date": "Thu, 20 Apr 2023 07:46:34 GMT",
        "Expires": "-1",
        "Pragma": "no-cache",
        "Server": [
          "Service-Bus-Resource-Provider/SN1",
          "Microsoft-HTTPAPI/2.0"
        ],
        "Server-SB": "Service-Bus-Resource-Provider/SN1",
        "Strict-Transport-Security": "max-age=31536000; includeSubDomains",
        "X-Content-Type-Options": "nosniff",
        "x-ms-client-request-id": "b6aa503279f81822e1899a5b2696d5f8",
        "x-ms-correlation-request-id": "839c06df-c2fb-4a55-a962-b178214d83ef",
        "x-ms-ratelimit-remaining-subscription-reads": "11962",
        "x-ms-request-id": "9497ae54-5a5b-4784-ba99-693739ecc636_M5SN1_M5SN1",
        "x-ms-routing-request-id": "SOUTHEASTASIA:20230420T074634Z:839c06df-c2fb-4a55-a962-b178214d83ef"
      },
      "ResponseBody": {
        "id": "/subscriptions/db1ab6f0-4769-4b27-930e-01e2ef9c123c/resourceGroups/testeventhubRG-5200/providers/Microsoft.EventHub/namespaces/testnamespacemgmt1825/privateEndpointConnections/85fc6aea-3553-4db9-b4d2-ffb89febd293/operationStatus/85fc6aea-3553-4db9-b4d2-ffb89febd293/operationStatus/85fc6aea-3553-4db9-b4d2-ffb89febd293",
        "name": "85fc6aea-3553-4db9-b4d2-ffb89febd293",
        "status": "Deleting",
        "startTime": "2023-04-20T07:46:34.173Z",
        "endTime": "0001-01-01T00:00:00Z"
      }
    },
    {
      "RequestUri": "https://management.azure.com/subscriptions/db1ab6f0-4769-4b27-930e-01e2ef9c123c/resourceGroups/testeventhubRG-5200/providers/Microsoft.EventHub/namespaces/testnamespacemgmt1825/privateEndpointConnections/85fc6aea-3553-4db9-b4d2-ffb89febd293/operationStatus/85fc6aea-3553-4db9-b4d2-ffb89febd293?api-version=2022-10-01-preview\u0026operationType=Delete",
      "RequestMethod": "GET",
      "RequestHeaders": {
        "Authorization": "Sanitized",
        "traceparent": "00-59c4824ef1144c458a94cf5f6a6ceb0b-0f75d87010495240-00",
        "User-Agent": "azsdk-net-ResourceManager/1.4.0 (.NET Framework 4.8.9139.0; Microsoft Windows 10.0.22621 )",
        "x-ms-client-request-id": "1790f6ac5588160b4f53b48c1a0c2ddd",
        "x-ms-return-client-request-id": "true"
      },
      "RequestBody": null,
      "StatusCode": 200,
      "ResponseHeaders": {
        "Azure-AsyncOperation": "https://management.azure.com/subscriptions/db1ab6f0-4769-4b27-930e-01e2ef9c123c/resourceGroups/testeventhubRG-5200/providers/Microsoft.EventHub/namespaces/testnamespacemgmt1825/privateEndpointConnections/85fc6aea-3553-4db9-b4d2-ffb89febd293/operationStatus/85fc6aea-3553-4db9-b4d2-ffb89febd293?api-version=2022-10-01-preview\u0026operationType=Delete",
        "Cache-Control": "no-cache",
        "Content-Length": "465",
        "Content-Type": "application/json; charset=utf-8",
        "Date": "Thu, 20 Apr 2023 07:46:36 GMT",
        "Expires": "-1",
        "Pragma": "no-cache",
        "Server": [
          "Service-Bus-Resource-Provider/SN1",
          "Microsoft-HTTPAPI/2.0"
        ],
        "Server-SB": "Service-Bus-Resource-Provider/SN1",
        "Strict-Transport-Security": "max-age=31536000; includeSubDomains",
        "X-Content-Type-Options": "nosniff",
        "x-ms-client-request-id": "1790f6ac5588160b4f53b48c1a0c2ddd",
        "x-ms-correlation-request-id": "9804f1b0-a244-4822-8767-9e4fefca1875",
        "x-ms-ratelimit-remaining-subscription-reads": "11961",
        "x-ms-request-id": "9f4f595f-31b3-41a2-9378-2c58849bbaec_M5SN1_M5SN1",
        "x-ms-routing-request-id": "SOUTHEASTASIA:20230420T074636Z:9804f1b0-a244-4822-8767-9e4fefca1875"
      },
      "ResponseBody": {
        "id": "/subscriptions/db1ab6f0-4769-4b27-930e-01e2ef9c123c/resourceGroups/testeventhubRG-5200/providers/Microsoft.EventHub/namespaces/testnamespacemgmt1825/privateEndpointConnections/85fc6aea-3553-4db9-b4d2-ffb89febd293/operationStatus/85fc6aea-3553-4db9-b4d2-ffb89febd293/operationStatus/85fc6aea-3553-4db9-b4d2-ffb89febd293",
        "name": "85fc6aea-3553-4db9-b4d2-ffb89febd293",
        "status": "Deleting",
        "startTime": "2023-04-20T07:46:34.173Z",
        "endTime": "0001-01-01T00:00:00Z"
      }
    },
    {
      "RequestUri": "https://management.azure.com/subscriptions/db1ab6f0-4769-4b27-930e-01e2ef9c123c/resourceGroups/testeventhubRG-5200/providers/Microsoft.EventHub/namespaces/testnamespacemgmt1825/privateEndpointConnections/85fc6aea-3553-4db9-b4d2-ffb89febd293/operationStatus/85fc6aea-3553-4db9-b4d2-ffb89febd293?api-version=2022-10-01-preview\u0026operationType=Delete",
      "RequestMethod": "GET",
      "RequestHeaders": {
        "Authorization": "Sanitized",
        "traceparent": "00-59c4824ef1144c458a94cf5f6a6ceb0b-a61867f16dcb8f4e-00",
        "User-Agent": "azsdk-net-ResourceManager/1.4.0 (.NET Framework 4.8.9139.0; Microsoft Windows 10.0.22621 )",
        "x-ms-client-request-id": "b6a81e915789dac75da11e28f1169629",
        "x-ms-return-client-request-id": "true"
      },
      "RequestBody": null,
      "StatusCode": 200,
      "ResponseHeaders": {
        "Azure-AsyncOperation": "https://management.azure.com/subscriptions/db1ab6f0-4769-4b27-930e-01e2ef9c123c/resourceGroups/testeventhubRG-5200/providers/Microsoft.EventHub/namespaces/testnamespacemgmt1825/privateEndpointConnections/85fc6aea-3553-4db9-b4d2-ffb89febd293/operationStatus/85fc6aea-3553-4db9-b4d2-ffb89febd293?api-version=2022-10-01-preview\u0026operationType=Delete",
        "Cache-Control": "no-cache",
        "Content-Length": "465",
        "Content-Type": "application/json; charset=utf-8",
        "Date": "Thu, 20 Apr 2023 07:46:37 GMT",
        "Expires": "-1",
        "Pragma": "no-cache",
        "Server": [
          "Service-Bus-Resource-Provider/SN1",
          "Microsoft-HTTPAPI/2.0"
        ],
        "Server-SB": "Service-Bus-Resource-Provider/SN1",
        "Strict-Transport-Security": "max-age=31536000; includeSubDomains",
        "X-Content-Type-Options": "nosniff",
        "x-ms-client-request-id": "b6a81e915789dac75da11e28f1169629",
        "x-ms-correlation-request-id": "2544368d-5f0f-4798-9944-eb10e6166da2",
        "x-ms-ratelimit-remaining-subscription-reads": "11960",
        "x-ms-request-id": "d1f56dd0-fa53-4f43-a24b-b988eb384867_M5SN1_M5SN1",
        "x-ms-routing-request-id": "SOUTHEASTASIA:20230420T074638Z:2544368d-5f0f-4798-9944-eb10e6166da2"
      },
      "ResponseBody": {
        "id": "/subscriptions/db1ab6f0-4769-4b27-930e-01e2ef9c123c/resourceGroups/testeventhubRG-5200/providers/Microsoft.EventHub/namespaces/testnamespacemgmt1825/privateEndpointConnections/85fc6aea-3553-4db9-b4d2-ffb89febd293/operationStatus/85fc6aea-3553-4db9-b4d2-ffb89febd293/operationStatus/85fc6aea-3553-4db9-b4d2-ffb89febd293",
        "name": "85fc6aea-3553-4db9-b4d2-ffb89febd293",
        "status": "Deleting",
        "startTime": "2023-04-20T07:46:34.173Z",
        "endTime": "0001-01-01T00:00:00Z"
      }
    },
    {
      "RequestUri": "https://management.azure.com/subscriptions/db1ab6f0-4769-4b27-930e-01e2ef9c123c/resourceGroups/testeventhubRG-5200/providers/Microsoft.EventHub/namespaces/testnamespacemgmt1825/privateEndpointConnections/85fc6aea-3553-4db9-b4d2-ffb89febd293/operationStatus/85fc6aea-3553-4db9-b4d2-ffb89febd293?api-version=2022-10-01-preview\u0026operationType=Delete",
      "RequestMethod": "GET",
      "RequestHeaders": {
        "Authorization": "Sanitized",
        "traceparent": "00-59c4824ef1144c458a94cf5f6a6ceb0b-40619814f4c4aa4f-00",
        "User-Agent": "azsdk-net-ResourceManager/1.4.0 (.NET Framework 4.8.9139.0; Microsoft Windows 10.0.22621 )",
        "x-ms-client-request-id": "aa0d73187f69dca2449467a5c495fdd5",
        "x-ms-return-client-request-id": "true"
      },
      "RequestBody": null,
      "StatusCode": 200,
      "ResponseHeaders": {
        "Azure-AsyncOperation": "https://management.azure.com/subscriptions/db1ab6f0-4769-4b27-930e-01e2ef9c123c/resourceGroups/testeventhubRG-5200/providers/Microsoft.EventHub/namespaces/testnamespacemgmt1825/privateEndpointConnections/85fc6aea-3553-4db9-b4d2-ffb89febd293/operationStatus/85fc6aea-3553-4db9-b4d2-ffb89febd293?api-version=2022-10-01-preview\u0026operationType=Delete",
        "Cache-Control": "no-cache",
        "Content-Length": "465",
        "Content-Type": "application/json; charset=utf-8",
        "Date": "Thu, 20 Apr 2023 07:46:39 GMT",
        "Expires": "-1",
        "Pragma": "no-cache",
        "Server": [
          "Service-Bus-Resource-Provider/SN1",
          "Microsoft-HTTPAPI/2.0"
        ],
        "Server-SB": "Service-Bus-Resource-Provider/SN1",
        "Strict-Transport-Security": "max-age=31536000; includeSubDomains",
        "X-Content-Type-Options": "nosniff",
        "x-ms-client-request-id": "aa0d73187f69dca2449467a5c495fdd5",
        "x-ms-correlation-request-id": "3e1f24ab-4600-4d78-bd12-762c7178719a",
        "x-ms-ratelimit-remaining-subscription-reads": "11959",
        "x-ms-request-id": "9113eab0-b6ec-4b7b-8600-0b595a3e651e_M5SN1_M5SN1",
        "x-ms-routing-request-id": "SOUTHEASTASIA:20230420T074639Z:3e1f24ab-4600-4d78-bd12-762c7178719a"
      },
      "ResponseBody": {
        "id": "/subscriptions/db1ab6f0-4769-4b27-930e-01e2ef9c123c/resourceGroups/testeventhubRG-5200/providers/Microsoft.EventHub/namespaces/testnamespacemgmt1825/privateEndpointConnections/85fc6aea-3553-4db9-b4d2-ffb89febd293/operationStatus/85fc6aea-3553-4db9-b4d2-ffb89febd293/operationStatus/85fc6aea-3553-4db9-b4d2-ffb89febd293",
        "name": "85fc6aea-3553-4db9-b4d2-ffb89febd293",
        "status": "Deleting",
        "startTime": "2023-04-20T07:46:34.173Z",
        "endTime": "0001-01-01T00:00:00Z"
      }
    },
    {
      "RequestUri": "https://management.azure.com/subscriptions/db1ab6f0-4769-4b27-930e-01e2ef9c123c/resourceGroups/testeventhubRG-5200/providers/Microsoft.EventHub/namespaces/testnamespacemgmt1825/privateEndpointConnections/85fc6aea-3553-4db9-b4d2-ffb89febd293/operationStatus/85fc6aea-3553-4db9-b4d2-ffb89febd293?api-version=2022-10-01-preview\u0026operationType=Delete",
      "RequestMethod": "GET",
      "RequestHeaders": {
        "Authorization": "Sanitized",
        "Connection": "close",
        "traceparent": "00-59c4824ef1144c458a94cf5f6a6ceb0b-715c75ce20ce3b4d-00",
        "User-Agent": "azsdk-net-ResourceManager/1.4.0 (.NET Framework 4.8.9139.0; Microsoft Windows 10.0.22621 )",
        "x-ms-client-request-id": "08cabc5c1eed556f2eb5bae737e32539",
        "x-ms-return-client-request-id": "true"
      },
      "RequestBody": null,
      "StatusCode": 200,
      "ResponseHeaders": {
        "Azure-AsyncOperation": "https://management.azure.com/subscriptions/db1ab6f0-4769-4b27-930e-01e2ef9c123c/resourceGroups/testeventhubRG-5200/providers/Microsoft.EventHub/namespaces/testnamespacemgmt1825/privateEndpointConnections/85fc6aea-3553-4db9-b4d2-ffb89febd293/operationStatus/85fc6aea-3553-4db9-b4d2-ffb89febd293?api-version=2022-10-01-preview\u0026operationType=Delete",
        "Cache-Control": "no-cache",
        "Connection": "close",
        "Content-Length": "465",
        "Content-Type": "application/json; charset=utf-8",
        "Date": "Thu, 20 Apr 2023 07:46:41 GMT",
        "Expires": "-1",
        "Pragma": "no-cache",
        "Server": [
          "Service-Bus-Resource-Provider/SN1",
          "Microsoft-HTTPAPI/2.0"
        ],
        "Server-SB": "Service-Bus-Resource-Provider/SN1",
        "Strict-Transport-Security": "max-age=31536000; includeSubDomains",
        "X-Content-Type-Options": "nosniff",
        "x-ms-client-request-id": "08cabc5c1eed556f2eb5bae737e32539",
        "x-ms-correlation-request-id": "70c9753c-8db7-4f55-8496-ab94dce7d202",
        "x-ms-ratelimit-remaining-subscription-reads": "11958",
        "x-ms-request-id": "c9f97599-c3f5-4c18-9aa8-3b082a787346_M5SN1_M5SN1",
        "x-ms-routing-request-id": "SOUTHEASTASIA:20230420T074642Z:70c9753c-8db7-4f55-8496-ab94dce7d202"
      },
      "ResponseBody": {
        "id": "/subscriptions/db1ab6f0-4769-4b27-930e-01e2ef9c123c/resourceGroups/testeventhubRG-5200/providers/Microsoft.EventHub/namespaces/testnamespacemgmt1825/privateEndpointConnections/85fc6aea-3553-4db9-b4d2-ffb89febd293/operationStatus/85fc6aea-3553-4db9-b4d2-ffb89febd293/operationStatus/85fc6aea-3553-4db9-b4d2-ffb89febd293",
        "name": "85fc6aea-3553-4db9-b4d2-ffb89febd293",
        "status": "Deleting",
        "startTime": "2023-04-20T07:46:34.173Z",
        "endTime": "0001-01-01T00:00:00Z"
      }
    },
    {
      "RequestUri": "https://management.azure.com/subscriptions/db1ab6f0-4769-4b27-930e-01e2ef9c123c/resourceGroups/testeventhubRG-5200/providers/Microsoft.EventHub/namespaces/testnamespacemgmt1825/privateEndpointConnections/85fc6aea-3553-4db9-b4d2-ffb89febd293/operationStatus/85fc6aea-3553-4db9-b4d2-ffb89febd293?api-version=2022-10-01-preview\u0026operationType=Delete",
      "RequestMethod": "GET",
      "RequestHeaders": {
        "Authorization": "Sanitized",
        "traceparent": "00-59c4824ef1144c458a94cf5f6a6ceb0b-546f4b70f9f1cc4b-00",
        "User-Agent": "azsdk-net-ResourceManager/1.4.0 (.NET Framework 4.8.9139.0; Microsoft Windows 10.0.22621 )",
        "x-ms-client-request-id": "a7748bbc83fe11737bcb72f5ef2216c7",
        "x-ms-return-client-request-id": "true"
      },
      "RequestBody": null,
      "StatusCode": 200,
      "ResponseHeaders": {
        "Azure-AsyncOperation": "https://management.azure.com/subscriptions/db1ab6f0-4769-4b27-930e-01e2ef9c123c/resourceGroups/testeventhubRG-5200/providers/Microsoft.EventHub/namespaces/testnamespacemgmt1825/privateEndpointConnections/85fc6aea-3553-4db9-b4d2-ffb89febd293/operationStatus/85fc6aea-3553-4db9-b4d2-ffb89febd293?api-version=2022-10-01-preview\u0026operationType=Delete",
        "Cache-Control": "no-cache",
        "Content-Length": "465",
        "Content-Type": "application/json; charset=utf-8",
        "Date": "Thu, 20 Apr 2023 07:46:47 GMT",
        "Expires": "-1",
        "Pragma": "no-cache",
        "Server": [
          "Service-Bus-Resource-Provider/SN1",
          "Microsoft-HTTPAPI/2.0"
        ],
        "Server-SB": "Service-Bus-Resource-Provider/SN1",
        "Strict-Transport-Security": "max-age=31536000; includeSubDomains",
        "X-Content-Type-Options": "nosniff",
        "x-ms-client-request-id": "a7748bbc83fe11737bcb72f5ef2216c7",
        "x-ms-correlation-request-id": "fc8000c7-c1ce-4289-9697-d6ea1f726f21",
        "x-ms-ratelimit-remaining-subscription-reads": "11999",
        "x-ms-request-id": "c7ea1dd8-e23d-439b-96b5-39f201a45299_M1SN1_M1SN1",
        "x-ms-routing-request-id": "SOUTHEASTASIA:20230420T074648Z:fc8000c7-c1ce-4289-9697-d6ea1f726f21"
      },
      "ResponseBody": {
        "id": "/subscriptions/db1ab6f0-4769-4b27-930e-01e2ef9c123c/resourceGroups/testeventhubRG-5200/providers/Microsoft.EventHub/namespaces/testnamespacemgmt1825/privateEndpointConnections/85fc6aea-3553-4db9-b4d2-ffb89febd293/operationStatus/85fc6aea-3553-4db9-b4d2-ffb89febd293/operationStatus/85fc6aea-3553-4db9-b4d2-ffb89febd293",
        "name": "85fc6aea-3553-4db9-b4d2-ffb89febd293",
        "status": "Deleting",
        "startTime": "2023-04-20T07:46:45.407Z",
        "endTime": "0001-01-01T00:00:00Z"
      }
    },
    {
      "RequestUri": "https://management.azure.com/subscriptions/db1ab6f0-4769-4b27-930e-01e2ef9c123c/resourceGroups/testeventhubRG-5200/providers/Microsoft.EventHub/namespaces/testnamespacemgmt1825/privateEndpointConnections/85fc6aea-3553-4db9-b4d2-ffb89febd293/operationStatus/85fc6aea-3553-4db9-b4d2-ffb89febd293?api-version=2022-10-01-preview\u0026operationType=Delete",
      "RequestMethod": "GET",
      "RequestHeaders": {
        "Authorization": "Sanitized",
        "traceparent": "00-59c4824ef1144c458a94cf5f6a6ceb0b-5cc579079ef6bd43-00",
        "User-Agent": "azsdk-net-ResourceManager/1.4.0 (.NET Framework 4.8.9139.0; Microsoft Windows 10.0.22621 )",
        "x-ms-client-request-id": "35cb48a38e4bf93b04b87bb4c5baa460",
        "x-ms-return-client-request-id": "true"
      },
      "RequestBody": null,
      "StatusCode": 200,
      "ResponseHeaders": {
        "Cache-Control": "no-cache",
        "Content-Length": "462",
        "Content-Type": "application/json; charset=utf-8",
        "Date": "Thu, 20 Apr 2023 07:46:56 GMT",
        "Expires": "-1",
        "Pragma": "no-cache",
        "Server": [
          "Service-Bus-Resource-Provider/SN1",
          "Microsoft-HTTPAPI/2.0"
        ],
        "Server-SB": "Service-Bus-Resource-Provider/SN1",
        "Strict-Transport-Security": "max-age=31536000; includeSubDomains",
        "X-Content-Type-Options": "nosniff",
        "x-ms-client-request-id": "35cb48a38e4bf93b04b87bb4c5baa460",
        "x-ms-correlation-request-id": "6e0140d2-63a8-47bc-935b-348e49accbf3",
        "x-ms-ratelimit-remaining-subscription-reads": "11998",
        "x-ms-request-id": "57ee0d52-0e7d-4651-b9bd-c8a35dcc99c6_M1SN1_M1SN1",
        "x-ms-routing-request-id": "SOUTHEASTASIA:20230420T074656Z:6e0140d2-63a8-47bc-935b-348e49accbf3"
      },
      "ResponseBody": {
        "id": "/subscriptions/db1ab6f0-4769-4b27-930e-01e2ef9c123c/resourceGroups/testeventhubRG-5200/providers/Microsoft.EventHub/namespaces/testnamespacemgmt1825/privateEndpointConnections/85fc6aea-3553-4db9-b4d2-ffb89febd293/operationStatus/85fc6aea-3553-4db9-b4d2-ffb89febd293/operationStatus/85fc6aea-3553-4db9-b4d2-ffb89febd293",
        "name": "85fc6aea-3553-4db9-b4d2-ffb89febd293",
        "status": "Succeeded",
        "startTime": "0001-01-01T00:00:00Z",
        "endTime": "0001-01-01T00:00:00Z"
      }
    },
    {
      "RequestUri": "https://management.azure.com/subscriptions/db1ab6f0-4769-4b27-930e-01e2ef9c123c/resourceGroups/testeventhubRG-5200/providers/Microsoft.EventHub/namespaces/testnamespacemgmt1825/privateEndpointConnections/85fc6aea-3553-4db9-b4d2-ffb89febd293?api-version=2022-10-01-preview",
      "RequestMethod": "GET",
      "RequestHeaders": {
        "Accept": "application/json",
        "Authorization": "Sanitized",
        "traceparent": "00-33e2eec19f72cf49b38b2a0c4822aa61-81b0af813bb36c4c-00",
        "User-Agent": "azsdk-net-ResourceManager.EventHubs/1.1.0-alpha.20230420.1 (.NET Framework 4.8.9139.0; Microsoft Windows 10.0.22621 )",
        "x-ms-client-request-id": "38e82e6e5620d9d748b88d21ac79660c",
        "x-ms-return-client-request-id": "true"
      },
      "RequestBody": null,
      "StatusCode": 404,
      "ResponseHeaders": {
        "Cache-Control": "no-cache",
        "Content-Length": "169",
        "Content-Type": "application/json; charset=utf-8",
        "Date": "Thu, 20 Apr 2023 07:46:56 GMT",
        "Expires": "-1",
        "Pragma": "no-cache",
        "Server": [
          "Service-Bus-Resource-Provider/SN1",
          "Microsoft-HTTPAPI/2.0"
        ],
        "Server-SB": "Service-Bus-Resource-Provider/SN1",
        "Strict-Transport-Security": "max-age=31536000; includeSubDomains",
        "X-Content-Type-Options": "nosniff",
        "x-ms-client-request-id": "38e82e6e5620d9d748b88d21ac79660c",
        "x-ms-correlation-request-id": "499b6d0d-9135-43b7-ade8-fa8347c349de",
        "x-ms-ratelimit-remaining-subscription-reads": "11997",
        "x-ms-request-id": "35efe9bc-8625-4fab-ab6a-5d8743c2ea7a_M1SN1_M1SN1",
        "x-ms-routing-request-id": "SOUTHEASTASIA:20230420T074657Z:499b6d0d-9135-43b7-ade8-fa8347c349de"
      },
      "ResponseBody": {
        "error": {
          "message": "The requested resource 85fc6aea-3553-4db9-b4d2-ffb89febd293 does not exist. CorrelationId: 499b6d0d-9135-43b7-ade8-fa8347c349de",
          "code": "NotFound"
        }
      }
    },
    {
      "RequestUri": "https://management.azure.com/subscriptions/db1ab6f0-4769-4b27-930e-01e2ef9c123c/resourceGroups/testeventhubRG-5200/providers/Microsoft.EventHub/namespaces/testnamespacemgmt1825/privateEndpointConnections?api-version=2022-10-01-preview",
      "RequestMethod": "GET",
      "RequestHeaders": {
        "Accept": "application/json",
        "Authorization": "Sanitized",
        "User-Agent": "azsdk-net-ResourceManager.EventHubs/1.1.0-alpha.20230420.1 (.NET Framework 4.8.9139.0; Microsoft Windows 10.0.22621 )",
        "x-ms-client-request-id": "ef44f39fef172eed507ba24607bf4cc0",
        "x-ms-return-client-request-id": "true"
      },
      "RequestBody": null,
      "StatusCode": 200,
      "ResponseHeaders": {
        "Cache-Control": "no-cache",
        "Content-Length": "12",
        "Content-Type": "application/json; charset=utf-8",
        "Date": "Thu, 20 Apr 2023 07:46:57 GMT",
        "Expires": "-1",
        "Pragma": "no-cache",
        "Server": [
          "Service-Bus-Resource-Provider/SN1",
          "Microsoft-HTTPAPI/2.0"
        ],
        "Server-SB": "Service-Bus-Resource-Provider/SN1",
        "Strict-Transport-Security": "max-age=31536000; includeSubDomains",
        "X-Content-Type-Options": "nosniff",
        "x-ms-client-request-id": "ef44f39fef172eed507ba24607bf4cc0",
        "x-ms-correlation-request-id": "3507c051-1555-4b20-84b3-d47e777d57e7",
        "x-ms-ratelimit-remaining-subscription-reads": "11996",
        "x-ms-request-id": "b4ceebc7-e8d9-4722-b11c-8ed81ac317ad_M1SN1_M1SN1",
        "x-ms-routing-request-id": "SOUTHEASTASIA:20230420T074658Z:3507c051-1555-4b20-84b3-d47e777d57e7"
      },
      "ResponseBody": {
        "value": []
      }
    }
  ],
  "Variables": {
    "AZURE_AUTHORITY_HOST": "https://login.microsoftonline.com/",
    "RandomSeed": "918784656",
    "RESOURCE_MANAGER_URL": null,
    "SUBSCRIPTION_ID": "db1ab6f0-4769-4b27-930e-01e2ef9c123c"
  }
}
