{
  "Entries": [
    {
      "RequestUri": "https://management.azure.com/subscriptions/db1ab6f0-4769-4b27-930e-01e2ef9c123c?api-version=2021-01-01",
      "RequestMethod": "GET",
      "RequestHeaders": {
        "Accept": "application/json",
        "Authorization": "Sanitized",
        "traceparent": "00-52fe7e40f894484b8026fe9543a83c27-36ee689d39aaa641-00",
        "User-Agent": "azsdk-net-ResourceManager/1.1.1 (.NET Framework 4.8.4510.0; Microsoft Windows 10.0.19044 )",
        "x-ms-client-request-id": "d64cc44c23f49e3589e0a2a97a5fd5d5",
        "x-ms-return-client-request-id": "true"
      },
      "RequestBody": null,
      "StatusCode": 200,
      "ResponseHeaders": {
        "Cache-Control": "no-cache",
        "Content-Length": "747",
        "Content-Type": "application/json; charset=utf-8",
        "Date": "Wed, 29 Jun 2022 14:40:09 GMT",
        "Expires": "-1",
        "Pragma": "no-cache",
        "Strict-Transport-Security": "max-age=31536000; includeSubDomains",
        "X-Content-Type-Options": "nosniff",
        "x-ms-correlation-request-id": "e51b7a2f-9b7c-4f36-8653-ee75b1178dc8",
        "x-ms-ratelimit-remaining-subscription-reads": "11994",
        "x-ms-request-id": "e51b7a2f-9b7c-4f36-8653-ee75b1178dc8",
        "x-ms-routing-request-id": "SOUTHEASTASIA:20220629T144009Z:e51b7a2f-9b7c-4f36-8653-ee75b1178dc8"
      },
      "ResponseBody": {
        "id": "/subscriptions/db1ab6f0-4769-4b27-930e-01e2ef9c123c",
        "authorizationSource": "RoleBased",
        "managedByTenants": [],
        "tags": {
          "TagKey-9823": "TagValue-566",
          "TagKey-3481": "TagValue-320",
          "TagKey-4926": "TagValue-1187",
          "TagKey-751": "TagValue-3921",
          "TagKey-1866": "TagValue-8559",
          "TagKey-3094": "TagValue-9190",
          "TagKey-2449": "TagValue-9",
          "TagKey-8379": "TagValue-164",
          "TagKey-7470": "TagValue-2205",
          "TagKey-4236": "TagValue-3698",
          "TagKey-5316": "TagValue-2725"
        },
        "subscriptionId": "db1ab6f0-4769-4b27-930e-01e2ef9c123c",
        "tenantId": "72f988bf-86f1-41af-91ab-2d7cd011db47",
        "displayName": ".NET Mgmt SDK Test with TTL = 1 Day",
        "state": "Enabled",
        "subscriptionPolicies": {
          "locationPlacementId": "Internal_2014-09-01",
          "quotaId": "Internal_2014-09-01",
          "spendingLimit": "Off"
        }
      }
    },
    {
      "RequestUri": "https://management.azure.com/subscriptions/db1ab6f0-4769-4b27-930e-01e2ef9c123c/resourcegroups/testeventhubRG-791?api-version=2021-04-01",
      "RequestMethod": "PUT",
      "RequestHeaders": {
        "Accept": "application/json",
        "Authorization": "Sanitized",
        "Content-Length": "44",
        "Content-Type": "application/json",
        "traceparent": "00-c020c28e7284dd409865a18f88a3f553-e23b7245e6804147-00",
        "User-Agent": "azsdk-net-ResourceManager/1.1.1 (.NET Framework 4.8.4510.0; Microsoft Windows 10.0.19044 )",
        "x-ms-client-request-id": "c0ba2e28f713f73440ebb5e09cea1168",
        "x-ms-return-client-request-id": "true"
      },
      "RequestBody": {
        "tags": {
          "test": "env"
        },
        "location": "eastus2"
      },
      "StatusCode": 201,
      "ResponseHeaders": {
        "Cache-Control": "no-cache",
        "Content-Length": "256",
        "Content-Type": "application/json; charset=utf-8",
        "Date": "Wed, 29 Jun 2022 14:40:13 GMT",
        "Expires": "-1",
        "Pragma": "no-cache",
        "Strict-Transport-Security": "max-age=31536000; includeSubDomains",
        "X-Content-Type-Options": "nosniff",
        "x-ms-correlation-request-id": "0f862f9a-4485-4321-bf87-fe10c3122c06",
        "x-ms-ratelimit-remaining-subscription-writes": "1199",
        "x-ms-request-id": "0f862f9a-4485-4321-bf87-fe10c3122c06",
        "x-ms-routing-request-id": "SOUTHEASTASIA:20220629T144013Z:0f862f9a-4485-4321-bf87-fe10c3122c06"
      },
      "ResponseBody": {
        "id": "/subscriptions/db1ab6f0-4769-4b27-930e-01e2ef9c123c/resourceGroups/testeventhubRG-791",
        "name": "testeventhubRG-791",
        "type": "Microsoft.Resources/resourceGroups",
        "location": "eastus2",
        "tags": {
          "test": "env"
        },
        "properties": {
          "provisioningState": "Succeeded"
        }
      }
    },
    {
      "RequestUri": "https://management.azure.com/subscriptions/db1ab6f0-4769-4b27-930e-01e2ef9c123c/providers/Microsoft.EventHub/checkNameAvailability?api-version=2021-11-01",
      "RequestMethod": "POST",
      "RequestHeaders": {
        "Accept": "application/json",
        "Authorization": "Sanitized",
        "Content-Length": "32",
        "Content-Type": "application/json",
        "traceparent": "00-c8a9608e44e24e489a4a6fa387866993-a646ad37876faa45-00",
        "User-Agent": "azsdk-net-ResourceManager.EventHubs/1.0.0-alpha.20220629.1 (.NET Framework 4.8.4510.0; Microsoft Windows 10.0.19044 )",
        "x-ms-client-request-id": "fde6b897cbc2b19e951a904384120f13",
        "x-ms-return-client-request-id": "true"
      },
      "RequestBody": {
        "name": "testnamespacemgmt5307"
      },
      "StatusCode": 200,
      "ResponseHeaders": {
        "Cache-Control": "no-cache",
        "Content-Length": "53",
        "Content-Type": "application/json; charset=utf-8",
        "Date": "Wed, 29 Jun 2022 14:40:15 GMT",
        "Expires": "-1",
        "Pragma": "no-cache",
        "Server": [
          "Service-Bus-Resource-Provider/CH3",
          "Microsoft-HTTPAPI/2.0"
        ],
        "Server-SB": "Service-Bus-Resource-Provider/CH3",
        "Strict-Transport-Security": "max-age=31536000; includeSubDomains",
        "X-Content-Type-Options": "nosniff",
        "x-ms-client-request-id": "fde6b897cbc2b19e951a904384120f13",
        "x-ms-correlation-request-id": "76cbe00e-cba3-4be0-abe9-84ac7776ca42",
        "x-ms-ratelimit-remaining-subscription-writes": "1199",
        "x-ms-request-id": "cd433559-0f10-458f-b2c6-8db23487ad60_M2CH3_M2CH3",
        "x-ms-routing-request-id": "SOUTHEASTASIA:20220629T144015Z:76cbe00e-cba3-4be0-abe9-84ac7776ca42"
      },
      "ResponseBody": {
        "nameAvailable": true,
        "reason": "None",
        "message": null
      }
    },
    {
      "RequestUri": "https://management.azure.com/subscriptions/db1ab6f0-4769-4b27-930e-01e2ef9c123c/resourceGroups/testeventhubRG-791/providers/Microsoft.EventHub/namespaces/testnamespacemgmt5307?api-version=2021-11-01",
      "RequestMethod": "PUT",
      "RequestHeaders": {
        "Accept": "application/json",
        "Authorization": "Sanitized",
        "Content-Length": "48",
        "Content-Type": "application/json",
        "traceparent": "00-b9a30253d167404fa8eddac8368f77a0-dce449e1aa17ea4c-00",
        "User-Agent": "azsdk-net-ResourceManager.EventHubs/1.0.0-alpha.20220629.1 (.NET Framework 4.8.4510.0; Microsoft Windows 10.0.19044 )",
        "x-ms-client-request-id": "449f50c139bf18cddfb3387fbdedf590",
        "x-ms-return-client-request-id": "true"
      },
      "RequestBody": {
        "tags": {},
        "location": "eastus2",
        "properties": {}
      },
      "StatusCode": 200,
      "ResponseHeaders": {
        "Cache-Control": "no-cache",
        "Content-Length": "735",
        "Content-Type": "application/json; charset=utf-8",
        "Date": "Wed, 29 Jun 2022 14:40:22 GMT",
        "Expires": "-1",
        "Pragma": "no-cache",
        "Server": [
          "Service-Bus-Resource-Provider/CH3",
          "Microsoft-HTTPAPI/2.0"
        ],
        "Server-SB": "Service-Bus-Resource-Provider/CH3",
        "Strict-Transport-Security": "max-age=31536000; includeSubDomains",
        "X-Content-Type-Options": "nosniff",
        "x-ms-client-request-id": "449f50c139bf18cddfb3387fbdedf590",
        "x-ms-correlation-request-id": "153d91d8-45bd-4c9f-8e95-7e07c84e36c6",
        "x-ms-ratelimit-remaining-subscription-resource-requests": "49",
        "x-ms-request-id": "9afb90c9-a1fc-4127-98ec-6493c1638fee_M2CH3_M2CH3",
        "x-ms-routing-request-id": "SOUTHEASTASIA:20220629T144022Z:153d91d8-45bd-4c9f-8e95-7e07c84e36c6"
      },
      "ResponseBody": {
        "sku": {
          "name": "Standard",
          "tier": "Standard",
          "capacity": 1
        },
        "id": "/subscriptions/db1ab6f0-4769-4b27-930e-01e2ef9c123c/resourceGroups/testeventhubRG-791/providers/Microsoft.EventHub/namespaces/testnamespacemgmt5307",
        "name": "testnamespacemgmt5307",
        "type": "Microsoft.EventHub/Namespaces",
        "location": "East US 2",
        "tags": {},
        "properties": {
          "disableLocalAuth": false,
          "zoneRedundant": false,
          "isAutoInflateEnabled": false,
          "maximumThroughputUnits": 0,
          "kafkaEnabled": true,
          "provisioningState": "Created",
          "metricId": "db1ab6f0-4769-4b27-930e-01e2ef9c123c:testnamespacemgmt5307",
          "createdAt": "2022-06-29T14:40:21.28Z",
          "updatedAt": "2022-06-29T14:40:21.28Z",
          "serviceBusEndpoint": "https://testnamespacemgmt5307.servicebus.windows.net:443/",
          "status": "Activating"
        }
      }
    },
    {
      "RequestUri": "https://management.azure.com/subscriptions/db1ab6f0-4769-4b27-930e-01e2ef9c123c/resourceGroups/testeventhubRG-791/providers/Microsoft.EventHub/namespaces/testnamespacemgmt5307?api-version=2021-11-01",
      "RequestMethod": "GET",
      "RequestHeaders": {
        "Authorization": "Sanitized",
        "traceparent": "00-b9a30253d167404fa8eddac8368f77a0-e9469395d4d3994e-00",
        "User-Agent": "azsdk-net-ResourceManager/1.1.1 (.NET Framework 4.8.4510.0; Microsoft Windows 10.0.19044 )",
        "x-ms-client-request-id": "9adacda523715db8ebce1e0e921ef3a7",
        "x-ms-return-client-request-id": "true"
      },
      "RequestBody": null,
      "StatusCode": 200,
      "ResponseHeaders": {
        "Cache-Control": "no-cache",
        "Content-Length": "735",
        "Content-Type": "application/json; charset=utf-8",
        "Date": "Wed, 29 Jun 2022 14:40:24 GMT",
        "Expires": "-1",
        "Pragma": "no-cache",
        "Server": [
          "Service-Bus-Resource-Provider/CH3",
          "Microsoft-HTTPAPI/2.0"
        ],
        "Server-SB": "Service-Bus-Resource-Provider/CH3",
        "Strict-Transport-Security": "max-age=31536000; includeSubDomains",
        "X-Content-Type-Options": "nosniff",
        "x-ms-client-request-id": "9adacda523715db8ebce1e0e921ef3a7",
        "x-ms-correlation-request-id": "539c10e8-0c84-4739-b3ef-536760cde99f",
        "x-ms-ratelimit-remaining-subscription-reads": "11993",
        "x-ms-request-id": "117c3899-0aa5-4e26-b06a-13cdaef1961e_M11CH3_M11CH3",
        "x-ms-routing-request-id": "SOUTHEASTASIA:20220629T144024Z:539c10e8-0c84-4739-b3ef-536760cde99f"
      },
      "ResponseBody": {
        "sku": {
          "name": "Standard",
          "tier": "Standard",
          "capacity": 1
        },
        "id": "/subscriptions/db1ab6f0-4769-4b27-930e-01e2ef9c123c/resourceGroups/testeventhubRG-791/providers/Microsoft.EventHub/namespaces/testnamespacemgmt5307",
        "name": "testnamespacemgmt5307",
        "type": "Microsoft.EventHub/Namespaces",
        "location": "East US 2",
        "tags": {},
        "properties": {
          "disableLocalAuth": false,
          "zoneRedundant": false,
          "isAutoInflateEnabled": false,
          "maximumThroughputUnits": 0,
          "kafkaEnabled": true,
          "provisioningState": "Created",
          "metricId": "db1ab6f0-4769-4b27-930e-01e2ef9c123c:testnamespacemgmt5307",
          "createdAt": "2022-06-29T14:40:21.28Z",
          "updatedAt": "2022-06-29T14:40:21.28Z",
          "serviceBusEndpoint": "https://testnamespacemgmt5307.servicebus.windows.net:443/",
          "status": "Activating"
        }
      }
    },
    {
      "RequestUri": "https://management.azure.com/subscriptions/db1ab6f0-4769-4b27-930e-01e2ef9c123c/resourceGroups/testeventhubRG-791/providers/Microsoft.EventHub/namespaces/testnamespacemgmt5307?api-version=2021-11-01",
      "RequestMethod": "GET",
      "RequestHeaders": {
        "Authorization": "Sanitized",
        "traceparent": "00-b9a30253d167404fa8eddac8368f77a0-f54870009f2cbe42-00",
        "User-Agent": "azsdk-net-ResourceManager/1.1.1 (.NET Framework 4.8.4510.0; Microsoft Windows 10.0.19044 )",
        "x-ms-client-request-id": "82020025f34a1d24e93c28b0bbf0742b",
        "x-ms-return-client-request-id": "true"
      },
      "RequestBody": null,
      "StatusCode": 200,
      "ResponseHeaders": {
        "Cache-Control": "no-cache",
        "Content-Length": "735",
        "Content-Type": "application/json; charset=utf-8",
        "Date": "Wed, 29 Jun 2022 14:40:27 GMT",
        "Expires": "-1",
        "Pragma": "no-cache",
        "Server": [
          "Service-Bus-Resource-Provider/CH3",
          "Microsoft-HTTPAPI/2.0"
        ],
        "Server-SB": "Service-Bus-Resource-Provider/CH3",
        "Strict-Transport-Security": "max-age=31536000; includeSubDomains",
        "X-Content-Type-Options": "nosniff",
        "x-ms-client-request-id": "82020025f34a1d24e93c28b0bbf0742b",
        "x-ms-correlation-request-id": "47e8aa1f-8348-4b91-a98c-774be44c324b",
        "x-ms-ratelimit-remaining-subscription-reads": "11992",
        "x-ms-request-id": "7fd538f4-4ae8-4c8e-8992-f3e24f465bee_M3CH3_M3CH3",
        "x-ms-routing-request-id": "SOUTHEASTASIA:20220629T144027Z:47e8aa1f-8348-4b91-a98c-774be44c324b"
      },
      "ResponseBody": {
        "sku": {
          "name": "Standard",
          "tier": "Standard",
          "capacity": 1
        },
        "id": "/subscriptions/db1ab6f0-4769-4b27-930e-01e2ef9c123c/resourceGroups/testeventhubRG-791/providers/Microsoft.EventHub/namespaces/testnamespacemgmt5307",
        "name": "testnamespacemgmt5307",
        "type": "Microsoft.EventHub/Namespaces",
        "location": "East US 2",
        "tags": {},
        "properties": {
          "disableLocalAuth": false,
          "zoneRedundant": false,
          "isAutoInflateEnabled": false,
          "maximumThroughputUnits": 0,
          "kafkaEnabled": true,
          "provisioningState": "Created",
          "metricId": "db1ab6f0-4769-4b27-930e-01e2ef9c123c:testnamespacemgmt5307",
          "createdAt": "2022-06-29T14:40:21.28Z",
          "updatedAt": "2022-06-29T14:40:21.28Z",
          "serviceBusEndpoint": "https://testnamespacemgmt5307.servicebus.windows.net:443/",
          "status": "Activating"
        }
      }
    },
    {
      "RequestUri": "https://management.azure.com/subscriptions/db1ab6f0-4769-4b27-930e-01e2ef9c123c/resourceGroups/testeventhubRG-791/providers/Microsoft.EventHub/namespaces/testnamespacemgmt5307?api-version=2021-11-01",
      "RequestMethod": "GET",
      "RequestHeaders": {
        "Authorization": "Sanitized",
        "traceparent": "00-b9a30253d167404fa8eddac8368f77a0-281de2f34f5bfa49-00",
        "User-Agent": "azsdk-net-ResourceManager/1.1.1 (.NET Framework 4.8.4510.0; Microsoft Windows 10.0.19044 )",
        "x-ms-client-request-id": "f0d95ff85b131d1e496a31208658d0fd",
        "x-ms-return-client-request-id": "true"
      },
      "RequestBody": null,
      "StatusCode": 200,
      "ResponseHeaders": {
        "Cache-Control": "no-cache",
        "Content-Length": "735",
        "Content-Type": "application/json; charset=utf-8",
        "Date": "Wed, 29 Jun 2022 14:40:30 GMT",
        "Expires": "-1",
        "Pragma": "no-cache",
        "Server": [
          "Service-Bus-Resource-Provider/CH3",
          "Microsoft-HTTPAPI/2.0"
        ],
        "Server-SB": "Service-Bus-Resource-Provider/CH3",
        "Strict-Transport-Security": "max-age=31536000; includeSubDomains",
        "X-Content-Type-Options": "nosniff",
        "x-ms-client-request-id": "f0d95ff85b131d1e496a31208658d0fd",
        "x-ms-correlation-request-id": "fc92fde8-8390-4cbc-99c7-bc2b641eb87b",
        "x-ms-ratelimit-remaining-subscription-reads": "11991",
        "x-ms-request-id": "0b316895-7023-4d52-92da-209cde85016b_M5CH3_M5CH3",
        "x-ms-routing-request-id": "SOUTHEASTASIA:20220629T144030Z:fc92fde8-8390-4cbc-99c7-bc2b641eb87b"
      },
      "ResponseBody": {
        "sku": {
          "name": "Standard",
          "tier": "Standard",
          "capacity": 1
        },
        "id": "/subscriptions/db1ab6f0-4769-4b27-930e-01e2ef9c123c/resourceGroups/testeventhubRG-791/providers/Microsoft.EventHub/namespaces/testnamespacemgmt5307",
        "name": "testnamespacemgmt5307",
        "type": "Microsoft.EventHub/Namespaces",
        "location": "East US 2",
        "tags": {},
        "properties": {
          "disableLocalAuth": false,
          "zoneRedundant": false,
          "isAutoInflateEnabled": false,
          "maximumThroughputUnits": 0,
          "kafkaEnabled": true,
          "provisioningState": "Created",
          "metricId": "db1ab6f0-4769-4b27-930e-01e2ef9c123c:testnamespacemgmt5307",
          "createdAt": "2022-06-29T14:40:21.28Z",
          "updatedAt": "2022-06-29T14:40:21.28Z",
          "serviceBusEndpoint": "https://testnamespacemgmt5307.servicebus.windows.net:443/",
          "status": "Activating"
        }
      }
    },
    {
      "RequestUri": "https://management.azure.com/subscriptions/db1ab6f0-4769-4b27-930e-01e2ef9c123c/resourceGroups/testeventhubRG-791/providers/Microsoft.EventHub/namespaces/testnamespacemgmt5307?api-version=2021-11-01",
      "RequestMethod": "GET",
      "RequestHeaders": {
        "Authorization": "Sanitized",
        "traceparent": "00-b9a30253d167404fa8eddac8368f77a0-dbcbe471e7e8d743-00",
        "User-Agent": "azsdk-net-ResourceManager/1.1.1 (.NET Framework 4.8.4510.0; Microsoft Windows 10.0.19044 )",
        "x-ms-client-request-id": "a3b7d61a38b1b28ea8bdb035fa07a2fa",
        "x-ms-return-client-request-id": "true"
      },
      "RequestBody": null,
      "StatusCode": 200,
      "ResponseHeaders": {
        "Cache-Control": "no-cache",
        "Content-Length": "735",
        "Content-Type": "application/json; charset=utf-8",
        "Date": "Wed, 29 Jun 2022 14:40:32 GMT",
        "Expires": "-1",
        "Pragma": "no-cache",
        "Server": [
          "Service-Bus-Resource-Provider/CH3",
          "Microsoft-HTTPAPI/2.0"
        ],
        "Server-SB": "Service-Bus-Resource-Provider/CH3",
        "Strict-Transport-Security": "max-age=31536000; includeSubDomains",
        "X-Content-Type-Options": "nosniff",
        "x-ms-client-request-id": "a3b7d61a38b1b28ea8bdb035fa07a2fa",
        "x-ms-correlation-request-id": "d02dabcd-50cb-44e1-b335-f5bd707b29ba",
        "x-ms-ratelimit-remaining-subscription-reads": "11990",
        "x-ms-request-id": "060dedb3-8e0a-4c06-ac52-e8e14a95a0d5_M3CH3_M3CH3",
        "x-ms-routing-request-id": "SOUTHEASTASIA:20220629T144033Z:d02dabcd-50cb-44e1-b335-f5bd707b29ba"
      },
      "ResponseBody": {
        "sku": {
          "name": "Standard",
          "tier": "Standard",
          "capacity": 1
        },
        "id": "/subscriptions/db1ab6f0-4769-4b27-930e-01e2ef9c123c/resourceGroups/testeventhubRG-791/providers/Microsoft.EventHub/namespaces/testnamespacemgmt5307",
        "name": "testnamespacemgmt5307",
        "type": "Microsoft.EventHub/Namespaces",
        "location": "East US 2",
        "tags": {},
        "properties": {
          "disableLocalAuth": false,
          "zoneRedundant": false,
          "isAutoInflateEnabled": false,
          "maximumThroughputUnits": 0,
          "kafkaEnabled": true,
          "provisioningState": "Created",
          "metricId": "db1ab6f0-4769-4b27-930e-01e2ef9c123c:testnamespacemgmt5307",
          "createdAt": "2022-06-29T14:40:21.28Z",
          "updatedAt": "2022-06-29T14:40:21.28Z",
          "serviceBusEndpoint": "https://testnamespacemgmt5307.servicebus.windows.net:443/",
          "status": "Activating"
        }
      }
    },
    {
      "RequestUri": "https://management.azure.com/subscriptions/db1ab6f0-4769-4b27-930e-01e2ef9c123c/resourceGroups/testeventhubRG-791/providers/Microsoft.EventHub/namespaces/testnamespacemgmt5307?api-version=2021-11-01",
      "RequestMethod": "GET",
      "RequestHeaders": {
        "Authorization": "Sanitized",
        "traceparent": "00-b9a30253d167404fa8eddac8368f77a0-4aa87556ec9cea4e-00",
        "User-Agent": "azsdk-net-ResourceManager/1.1.1 (.NET Framework 4.8.4510.0; Microsoft Windows 10.0.19044 )",
        "x-ms-client-request-id": "3315f2590244c994e1e439e0c1049691",
        "x-ms-return-client-request-id": "true"
      },
      "RequestBody": null,
      "StatusCode": 200,
      "ResponseHeaders": {
        "Cache-Control": "no-cache",
        "Content-Length": "735",
        "Content-Type": "application/json; charset=utf-8",
        "Date": "Wed, 29 Jun 2022 14:40:35 GMT",
        "Expires": "-1",
        "Pragma": "no-cache",
        "Server": [
          "Service-Bus-Resource-Provider/CH3",
          "Microsoft-HTTPAPI/2.0"
        ],
        "Server-SB": "Service-Bus-Resource-Provider/CH3",
        "Strict-Transport-Security": "max-age=31536000; includeSubDomains",
        "X-Content-Type-Options": "nosniff",
        "x-ms-client-request-id": "3315f2590244c994e1e439e0c1049691",
        "x-ms-correlation-request-id": "d3953d53-1824-4b5a-adeb-fddc6fb7d052",
        "x-ms-ratelimit-remaining-subscription-reads": "11989",
        "x-ms-request-id": "60f327ee-a2e6-43f3-8438-3c53425e7dc3_M3CH3_M3CH3",
        "x-ms-routing-request-id": "SOUTHEASTASIA:20220629T144035Z:d3953d53-1824-4b5a-adeb-fddc6fb7d052"
      },
      "ResponseBody": {
        "sku": {
          "name": "Standard",
          "tier": "Standard",
          "capacity": 1
        },
        "id": "/subscriptions/db1ab6f0-4769-4b27-930e-01e2ef9c123c/resourceGroups/testeventhubRG-791/providers/Microsoft.EventHub/namespaces/testnamespacemgmt5307",
        "name": "testnamespacemgmt5307",
        "type": "Microsoft.EventHub/Namespaces",
        "location": "East US 2",
        "tags": {},
        "properties": {
          "disableLocalAuth": false,
          "zoneRedundant": false,
          "isAutoInflateEnabled": false,
          "maximumThroughputUnits": 0,
          "kafkaEnabled": true,
          "provisioningState": "Created",
          "metricId": "db1ab6f0-4769-4b27-930e-01e2ef9c123c:testnamespacemgmt5307",
          "createdAt": "2022-06-29T14:40:21.28Z",
          "updatedAt": "2022-06-29T14:40:21.28Z",
          "serviceBusEndpoint": "https://testnamespacemgmt5307.servicebus.windows.net:443/",
          "status": "Activating"
        }
      }
    },
    {
      "RequestUri": "https://management.azure.com/subscriptions/db1ab6f0-4769-4b27-930e-01e2ef9c123c/resourceGroups/testeventhubRG-791/providers/Microsoft.EventHub/namespaces/testnamespacemgmt5307?api-version=2021-11-01",
      "RequestMethod": "GET",
      "RequestHeaders": {
        "Authorization": "Sanitized",
        "traceparent": "00-b9a30253d167404fa8eddac8368f77a0-f67926845359384c-00",
        "User-Agent": "azsdk-net-ResourceManager/1.1.1 (.NET Framework 4.8.4510.0; Microsoft Windows 10.0.19044 )",
        "x-ms-client-request-id": "e5962b6bd138bf79d1274856aae92341",
        "x-ms-return-client-request-id": "true"
      },
      "RequestBody": null,
      "StatusCode": 200,
      "ResponseHeaders": {
        "Cache-Control": "no-cache",
        "Content-Length": "735",
        "Content-Type": "application/json; charset=utf-8",
        "Date": "Wed, 29 Jun 2022 14:40:40 GMT",
        "Expires": "-1",
        "Pragma": "no-cache",
        "Server": [
          "Service-Bus-Resource-Provider/CH3",
          "Microsoft-HTTPAPI/2.0"
        ],
        "Server-SB": "Service-Bus-Resource-Provider/CH3",
        "Strict-Transport-Security": "max-age=31536000; includeSubDomains",
        "X-Content-Type-Options": "nosniff",
        "x-ms-client-request-id": "e5962b6bd138bf79d1274856aae92341",
        "x-ms-correlation-request-id": "2a589339-5bd6-436d-84de-153c8d68d7b8",
        "x-ms-ratelimit-remaining-subscription-reads": "11988",
        "x-ms-request-id": "3f1f8df6-2983-4f3e-8ed3-d180fc0f6450_M5CH3_M5CH3",
        "x-ms-routing-request-id": "SOUTHEASTASIA:20220629T144041Z:2a589339-5bd6-436d-84de-153c8d68d7b8"
      },
      "ResponseBody": {
        "sku": {
          "name": "Standard",
          "tier": "Standard",
          "capacity": 1
        },
        "id": "/subscriptions/db1ab6f0-4769-4b27-930e-01e2ef9c123c/resourceGroups/testeventhubRG-791/providers/Microsoft.EventHub/namespaces/testnamespacemgmt5307",
        "name": "testnamespacemgmt5307",
        "type": "Microsoft.EventHub/Namespaces",
        "location": "East US 2",
        "tags": {},
        "properties": {
          "disableLocalAuth": false,
          "zoneRedundant": false,
          "isAutoInflateEnabled": false,
          "maximumThroughputUnits": 0,
          "kafkaEnabled": true,
          "provisioningState": "Created",
          "metricId": "db1ab6f0-4769-4b27-930e-01e2ef9c123c:testnamespacemgmt5307",
          "createdAt": "2022-06-29T14:40:21.28Z",
          "updatedAt": "2022-06-29T14:40:21.28Z",
          "serviceBusEndpoint": "https://testnamespacemgmt5307.servicebus.windows.net:443/",
          "status": "Activating"
        }
      }
    },
    {
      "RequestUri": "https://management.azure.com/subscriptions/db1ab6f0-4769-4b27-930e-01e2ef9c123c/resourceGroups/testeventhubRG-791/providers/Microsoft.EventHub/namespaces/testnamespacemgmt5307?api-version=2021-11-01",
      "RequestMethod": "GET",
      "RequestHeaders": {
        "Authorization": "Sanitized",
        "traceparent": "00-b9a30253d167404fa8eddac8368f77a0-b4a46cbf3936db4e-00",
        "User-Agent": "azsdk-net-ResourceManager/1.1.1 (.NET Framework 4.8.4510.0; Microsoft Windows 10.0.19044 )",
        "x-ms-client-request-id": "93c636c79d4218b841edc1cdffaef1a4",
        "x-ms-return-client-request-id": "true"
      },
      "RequestBody": null,
      "StatusCode": 200,
      "ResponseHeaders": {
        "Cache-Control": "no-cache",
        "Content-Length": "735",
        "Content-Type": "application/json; charset=utf-8",
        "Date": "Wed, 29 Jun 2022 14:40:50 GMT",
        "Expires": "-1",
        "Pragma": "no-cache",
        "Server": [
          "Service-Bus-Resource-Provider/CH3",
          "Microsoft-HTTPAPI/2.0"
        ],
        "Server-SB": "Service-Bus-Resource-Provider/CH3",
        "Strict-Transport-Security": "max-age=31536000; includeSubDomains",
        "X-Content-Type-Options": "nosniff",
        "x-ms-client-request-id": "93c636c79d4218b841edc1cdffaef1a4",
        "x-ms-correlation-request-id": "2e10b766-1d9b-4537-82c2-830597793180",
        "x-ms-ratelimit-remaining-subscription-reads": "11987",
        "x-ms-request-id": "3abf0224-3070-4221-9bc6-7fbb92985951_M7CH3_M7CH3",
        "x-ms-routing-request-id": "SOUTHEASTASIA:20220629T144051Z:2e10b766-1d9b-4537-82c2-830597793180"
      },
      "ResponseBody": {
        "sku": {
          "name": "Standard",
          "tier": "Standard",
          "capacity": 1
        },
        "id": "/subscriptions/db1ab6f0-4769-4b27-930e-01e2ef9c123c/resourceGroups/testeventhubRG-791/providers/Microsoft.EventHub/namespaces/testnamespacemgmt5307",
        "name": "testnamespacemgmt5307",
        "type": "Microsoft.EventHub/Namespaces",
        "location": "East US 2",
        "tags": {},
        "properties": {
          "disableLocalAuth": false,
          "zoneRedundant": false,
          "isAutoInflateEnabled": false,
          "maximumThroughputUnits": 0,
          "kafkaEnabled": true,
          "provisioningState": "Created",
          "metricId": "db1ab6f0-4769-4b27-930e-01e2ef9c123c:testnamespacemgmt5307",
          "createdAt": "2022-06-29T14:40:21.28Z",
          "updatedAt": "2022-06-29T14:40:21.28Z",
          "serviceBusEndpoint": "https://testnamespacemgmt5307.servicebus.windows.net:443/",
          "status": "Activating"
        }
      }
    },
    {
      "RequestUri": "https://management.azure.com/subscriptions/db1ab6f0-4769-4b27-930e-01e2ef9c123c/resourceGroups/testeventhubRG-791/providers/Microsoft.EventHub/namespaces/testnamespacemgmt5307?api-version=2021-11-01",
      "RequestMethod": "GET",
      "RequestHeaders": {
        "Authorization": "Sanitized",
        "traceparent": "00-b9a30253d167404fa8eddac8368f77a0-964261d15efd8c4b-00",
        "User-Agent": "azsdk-net-ResourceManager/1.1.1 (.NET Framework 4.8.4510.0; Microsoft Windows 10.0.19044 )",
        "x-ms-client-request-id": "cfc91f26bc7188c27956621dba3e1ff7",
        "x-ms-return-client-request-id": "true"
      },
      "RequestBody": null,
      "StatusCode": 200,
      "ResponseHeaders": {
        "Cache-Control": "no-cache",
        "Content-Length": "735",
        "Content-Type": "application/json; charset=utf-8",
        "Date": "Wed, 29 Jun 2022 14:41:09 GMT",
        "Expires": "-1",
        "Pragma": "no-cache",
        "Server": [
          "Service-Bus-Resource-Provider/CH3",
          "Microsoft-HTTPAPI/2.0"
        ],
        "Server-SB": "Service-Bus-Resource-Provider/CH3",
        "Strict-Transport-Security": "max-age=31536000; includeSubDomains",
        "X-Content-Type-Options": "nosniff",
        "x-ms-client-request-id": "cfc91f26bc7188c27956621dba3e1ff7",
        "x-ms-correlation-request-id": "189889f1-e69b-4406-8d05-99bc9b6d71e6",
        "x-ms-ratelimit-remaining-subscription-reads": "11986",
        "x-ms-request-id": "322ea6fc-135e-4bd0-a1fd-a6ab4ca467a5_M0CH3_M0CH3",
        "x-ms-routing-request-id": "SOUTHEASTASIA:20220629T144109Z:189889f1-e69b-4406-8d05-99bc9b6d71e6"
      },
      "ResponseBody": {
        "sku": {
          "name": "Standard",
          "tier": "Standard",
          "capacity": 1
        },
        "id": "/subscriptions/db1ab6f0-4769-4b27-930e-01e2ef9c123c/resourceGroups/testeventhubRG-791/providers/Microsoft.EventHub/namespaces/testnamespacemgmt5307",
        "name": "testnamespacemgmt5307",
        "type": "Microsoft.EventHub/Namespaces",
        "location": "East US 2",
        "tags": {},
        "properties": {
          "disableLocalAuth": false,
          "zoneRedundant": false,
          "isAutoInflateEnabled": false,
          "maximumThroughputUnits": 0,
          "kafkaEnabled": true,
          "provisioningState": "Created",
          "metricId": "db1ab6f0-4769-4b27-930e-01e2ef9c123c:testnamespacemgmt5307",
          "createdAt": "2022-06-29T14:40:21.28Z",
          "updatedAt": "2022-06-29T14:40:21.28Z",
          "serviceBusEndpoint": "https://testnamespacemgmt5307.servicebus.windows.net:443/",
          "status": "Activating"
        }
      }
    },
    {
      "RequestUri": "https://management.azure.com/subscriptions/db1ab6f0-4769-4b27-930e-01e2ef9c123c/resourceGroups/testeventhubRG-791/providers/Microsoft.EventHub/namespaces/testnamespacemgmt5307?api-version=2021-11-01",
      "RequestMethod": "GET",
      "RequestHeaders": {
        "Authorization": "Sanitized",
        "traceparent": "00-b9a30253d167404fa8eddac8368f77a0-4638d47338e60344-00",
        "User-Agent": "azsdk-net-ResourceManager/1.1.1 (.NET Framework 4.8.4510.0; Microsoft Windows 10.0.19044 )",
        "x-ms-client-request-id": "8a18f7c1023dce4e727da34b0facbf22",
        "x-ms-return-client-request-id": "true"
      },
      "RequestBody": null,
      "StatusCode": 200,
      "ResponseHeaders": {
        "Cache-Control": "no-cache",
        "Content-Length": "735",
        "Content-Type": "application/json; charset=utf-8",
        "Date": "Wed, 29 Jun 2022 14:41:42 GMT",
        "Expires": "-1",
        "Pragma": "no-cache",
        "Server": [
          "Service-Bus-Resource-Provider/CH3",
          "Microsoft-HTTPAPI/2.0"
        ],
        "Server-SB": "Service-Bus-Resource-Provider/CH3",
        "Strict-Transport-Security": "max-age=31536000; includeSubDomains",
        "X-Content-Type-Options": "nosniff",
        "x-ms-client-request-id": "8a18f7c1023dce4e727da34b0facbf22",
        "x-ms-correlation-request-id": "4ed35a1d-a679-474d-a721-76d7f422eae5",
        "x-ms-ratelimit-remaining-subscription-reads": "11985",
        "x-ms-request-id": "3b3b1016-4464-4568-8972-ae6b566edaaf_M4CH3_M4CH3",
        "x-ms-routing-request-id": "SOUTHEASTASIA:20220629T144143Z:4ed35a1d-a679-474d-a721-76d7f422eae5"
      },
      "ResponseBody": {
        "sku": {
          "name": "Standard",
          "tier": "Standard",
          "capacity": 1
        },
        "id": "/subscriptions/db1ab6f0-4769-4b27-930e-01e2ef9c123c/resourceGroups/testeventhubRG-791/providers/Microsoft.EventHub/namespaces/testnamespacemgmt5307",
        "name": "testnamespacemgmt5307",
        "type": "Microsoft.EventHub/Namespaces",
        "location": "East US 2",
        "tags": {},
        "properties": {
          "disableLocalAuth": false,
          "zoneRedundant": false,
          "isAutoInflateEnabled": false,
          "maximumThroughputUnits": 0,
          "kafkaEnabled": true,
          "provisioningState": "Created",
          "metricId": "db1ab6f0-4769-4b27-930e-01e2ef9c123c:testnamespacemgmt5307",
          "createdAt": "2022-06-29T14:40:21.28Z",
          "updatedAt": "2022-06-29T14:40:21.28Z",
          "serviceBusEndpoint": "https://testnamespacemgmt5307.servicebus.windows.net:443/",
          "status": "Activating"
        }
      }
    },
    {
      "RequestUri": "https://management.azure.com/subscriptions/db1ab6f0-4769-4b27-930e-01e2ef9c123c/resourceGroups/testeventhubRG-791/providers/Microsoft.EventHub/namespaces/testnamespacemgmt5307?api-version=2021-11-01",
      "RequestMethod": "GET",
      "RequestHeaders": {
        "Authorization": "Sanitized",
        "traceparent": "00-b9a30253d167404fa8eddac8368f77a0-271094a3f6bd8a4b-00",
        "User-Agent": "azsdk-net-ResourceManager/1.1.1 (.NET Framework 4.8.4510.0; Microsoft Windows 10.0.19044 )",
        "x-ms-client-request-id": "8b2fa435531f0bcf743e1aec3b9a5d03",
        "x-ms-return-client-request-id": "true"
      },
      "RequestBody": null,
      "StatusCode": 200,
      "ResponseHeaders": {
        "Cache-Control": "no-cache",
        "Content-Length": "735",
        "Content-Type": "application/json; charset=utf-8",
        "Date": "Wed, 29 Jun 2022 14:42:17 GMT",
        "Expires": "-1",
        "Pragma": "no-cache",
        "Server": [
          "Service-Bus-Resource-Provider/CH3",
          "Microsoft-HTTPAPI/2.0"
        ],
        "Server-SB": "Service-Bus-Resource-Provider/CH3",
        "Strict-Transport-Security": "max-age=31536000; includeSubDomains",
        "X-Content-Type-Options": "nosniff",
        "x-ms-client-request-id": "8b2fa435531f0bcf743e1aec3b9a5d03",
        "x-ms-correlation-request-id": "ba273438-9a74-42db-8221-456bbaa3a0ca",
        "x-ms-ratelimit-remaining-subscription-reads": "11984",
        "x-ms-request-id": "2767770a-bef6-416a-b886-a27167504a23_M7CH3_M7CH3",
        "x-ms-routing-request-id": "SOUTHEASTASIA:20220629T144217Z:ba273438-9a74-42db-8221-456bbaa3a0ca"
      },
      "ResponseBody": {
        "sku": {
          "name": "Standard",
          "tier": "Standard",
          "capacity": 1
        },
        "id": "/subscriptions/db1ab6f0-4769-4b27-930e-01e2ef9c123c/resourceGroups/testeventhubRG-791/providers/Microsoft.EventHub/namespaces/testnamespacemgmt5307",
        "name": "testnamespacemgmt5307",
        "type": "Microsoft.EventHub/Namespaces",
        "location": "East US 2",
        "tags": {},
        "properties": {
          "disableLocalAuth": false,
          "zoneRedundant": false,
          "isAutoInflateEnabled": false,
          "maximumThroughputUnits": 0,
          "kafkaEnabled": true,
          "provisioningState": "Created",
          "metricId": "db1ab6f0-4769-4b27-930e-01e2ef9c123c:testnamespacemgmt5307",
          "createdAt": "2022-06-29T14:40:21.28Z",
          "updatedAt": "2022-06-29T14:40:21.28Z",
          "serviceBusEndpoint": "https://testnamespacemgmt5307.servicebus.windows.net:443/",
          "status": "Activating"
        }
      }
    },
    {
      "RequestUri": "https://management.azure.com/subscriptions/db1ab6f0-4769-4b27-930e-01e2ef9c123c/resourceGroups/testeventhubRG-791/providers/Microsoft.EventHub/namespaces/testnamespacemgmt5307?api-version=2021-11-01",
      "RequestMethod": "GET",
      "RequestHeaders": {
        "Authorization": "Sanitized",
        "traceparent": "00-b9a30253d167404fa8eddac8368f77a0-81b603a7b4f86a4c-00",
        "User-Agent": "azsdk-net-ResourceManager/1.1.1 (.NET Framework 4.8.4510.0; Microsoft Windows 10.0.19044 )",
        "x-ms-client-request-id": "080bcace67952366d1fb5cf3187678cc",
        "x-ms-return-client-request-id": "true"
      },
      "RequestBody": null,
      "StatusCode": 200,
      "ResponseHeaders": {
        "Cache-Control": "no-cache",
        "Content-Length": "735",
        "Content-Type": "application/json; charset=utf-8",
        "Date": "Wed, 29 Jun 2022 14:42:50 GMT",
        "Expires": "-1",
        "Pragma": "no-cache",
        "Server": [
          "Service-Bus-Resource-Provider/SN1",
          "Microsoft-HTTPAPI/2.0"
        ],
        "Server-SB": "Service-Bus-Resource-Provider/SN1",
        "Strict-Transport-Security": "max-age=31536000; includeSubDomains",
        "X-Content-Type-Options": "nosniff",
        "x-ms-client-request-id": "080bcace67952366d1fb5cf3187678cc",
        "x-ms-correlation-request-id": "77828c62-accc-4a2f-a06c-e4c11ee19dbb",
        "x-ms-ratelimit-remaining-subscription-reads": "11983",
        "x-ms-request-id": "4c6443d1-ad4f-4ea3-84a6-c1070673d2b4_M0SN1_M0SN1",
        "x-ms-routing-request-id": "SOUTHEASTASIA:20220629T144250Z:77828c62-accc-4a2f-a06c-e4c11ee19dbb"
      },
      "ResponseBody": {
        "sku": {
          "name": "Standard",
          "tier": "Standard",
          "capacity": 1
        },
        "id": "/subscriptions/db1ab6f0-4769-4b27-930e-01e2ef9c123c/resourceGroups/testeventhubRG-791/providers/Microsoft.EventHub/namespaces/testnamespacemgmt5307",
        "name": "testnamespacemgmt5307",
        "type": "Microsoft.EventHub/Namespaces",
        "location": "East US 2",
        "tags": {},
        "properties": {
          "disableLocalAuth": false,
          "zoneRedundant": false,
          "isAutoInflateEnabled": false,
          "maximumThroughputUnits": 0,
          "kafkaEnabled": true,
          "provisioningState": "Created",
          "metricId": "db1ab6f0-4769-4b27-930e-01e2ef9c123c:testnamespacemgmt5307",
          "createdAt": "2022-06-29T14:40:21.28Z",
          "updatedAt": "2022-06-29T14:40:21.28Z",
          "serviceBusEndpoint": "https://testnamespacemgmt5307.servicebus.windows.net:443/",
          "status": "Activating"
        }
      }
    },
    {
      "RequestUri": "https://management.azure.com/subscriptions/db1ab6f0-4769-4b27-930e-01e2ef9c123c/resourceGroups/testeventhubRG-791/providers/Microsoft.EventHub/namespaces/testnamespacemgmt5307?api-version=2021-11-01",
      "RequestMethod": "GET",
      "RequestHeaders": {
        "Authorization": "Sanitized",
        "traceparent": "00-b9a30253d167404fa8eddac8368f77a0-458b44867cc16c49-00",
        "User-Agent": "azsdk-net-ResourceManager/1.1.1 (.NET Framework 4.8.4510.0; Microsoft Windows 10.0.19044 )",
        "x-ms-client-request-id": "16e83f96930e6dd7270d15ffe86192d7",
        "x-ms-return-client-request-id": "true"
      },
      "RequestBody": null,
      "StatusCode": 200,
      "ResponseHeaders": {
        "Cache-Control": "no-cache",
        "Content-Length": "734",
        "Content-Type": "application/json; charset=utf-8",
        "Date": "Wed, 29 Jun 2022 14:43:24 GMT",
        "Expires": "-1",
        "Pragma": "no-cache",
        "Server": [
          "Service-Bus-Resource-Provider/SN1",
          "Microsoft-HTTPAPI/2.0"
        ],
        "Server-SB": "Service-Bus-Resource-Provider/SN1",
        "Strict-Transport-Security": "max-age=31536000; includeSubDomains",
        "X-Content-Type-Options": "nosniff",
        "x-ms-client-request-id": "16e83f96930e6dd7270d15ffe86192d7",
        "x-ms-correlation-request-id": "687bfb9e-cbf7-49a8-8b75-ec2658b2a5e3",
        "x-ms-ratelimit-remaining-subscription-reads": "11982",
        "x-ms-request-id": "f39445e1-286d-46c9-b67b-c0eca21710c9_M10SN1_M10SN1",
        "x-ms-routing-request-id": "SOUTHEASTASIA:20220629T144324Z:687bfb9e-cbf7-49a8-8b75-ec2658b2a5e3"
      },
      "ResponseBody": {
        "sku": {
          "name": "Standard",
          "tier": "Standard",
          "capacity": 1
        },
        "id": "/subscriptions/db1ab6f0-4769-4b27-930e-01e2ef9c123c/resourceGroups/testeventhubRG-791/providers/Microsoft.EventHub/namespaces/testnamespacemgmt5307",
        "name": "testnamespacemgmt5307",
        "type": "Microsoft.EventHub/Namespaces",
        "location": "East US 2",
        "tags": {},
        "properties": {
          "disableLocalAuth": false,
          "zoneRedundant": false,
          "isAutoInflateEnabled": false,
          "maximumThroughputUnits": 0,
          "kafkaEnabled": true,
          "provisioningState": "Succeeded",
          "metricId": "db1ab6f0-4769-4b27-930e-01e2ef9c123c:testnamespacemgmt5307",
          "createdAt": "2022-06-29T14:40:21.28Z",
          "updatedAt": "2022-06-29T14:43:09.717Z",
          "serviceBusEndpoint": "https://testnamespacemgmt5307.servicebus.windows.net:443/",
          "status": "Active"
        }
      }
    },
    {
      "RequestUri": "https://management.azure.com/subscriptions/db1ab6f0-4769-4b27-930e-01e2ef9c123c/resourceGroups/testeventhubRG-791/providers/Microsoft.Network/virtualNetworks/vnet-6378?api-version=2021-02-01",
      "RequestMethod": "PUT",
      "RequestHeaders": {
        "Accept": "application/json",
        "Authorization": "Sanitized",
        "Content-Length": "261",
        "Content-Type": "application/json",
        "traceparent": "00-807c7b0921488242920ea8c0f34189bc-f87cca225a896642-00",
        "User-Agent": "azsdk-net-ResourceManager.Network/1.0.0-alpha.20220629.1 (.NET Framework 4.8.4510.0; Microsoft Windows 10.0.19044 )",
        "x-ms-client-request-id": "a0457ca08db73dcd0cba24f7dbf2fec5",
        "x-ms-return-client-request-id": "true"
      },
      "RequestBody": {
        "location": "westus2",
        "properties": {
          "addressSpace": {
            "addressPrefixes": [
              "10.0.0.0/16"
            ]
          },
          "dhcpOptions": {
            "dnsServers": [
              "10.1.1.1",
              "10.1.2.4"
            ]
          },
          "subnets": [
            {
              "name": "default",
              "properties": {
                "addressPrefix": "10.0.1.0/24",
                "privateEndpointNetworkPolicies": "Disabled"
              }
            }
          ]
        }
      },
      "StatusCode": 201,
      "ResponseHeaders": {
        "Azure-AsyncNotification": "Enabled",
        "Azure-AsyncOperation": "https://management.azure.com/subscriptions/db1ab6f0-4769-4b27-930e-01e2ef9c123c/providers/Microsoft.Network/locations/westus2/operations/5eb3bc7b-56f0-473c-b400-26c745a7b89c?api-version=2021-02-01",
        "Cache-Control": "no-cache",
        "Content-Length": "1337",
        "Content-Type": "application/json; charset=utf-8",
        "Date": "Wed, 29 Jun 2022 14:43:28 GMT",
        "Expires": "-1",
        "Pragma": "no-cache",
        "Retry-After": "3",
        "Server": [
          "Microsoft-HTTPAPI/2.0",
          "Microsoft-HTTPAPI/2.0"
        ],
        "Strict-Transport-Security": "max-age=31536000; includeSubDomains",
        "X-Content-Type-Options": "nosniff",
        "x-ms-arm-service-request-id": "fc10b598-cbdd-4980-9575-d5372ee4ba0f",
        "x-ms-client-request-id": "a0457ca08db73dcd0cba24f7dbf2fec5",
        "x-ms-correlation-request-id": "ed5feb35-dbb1-4b6d-8809-244db8852b7b",
        "x-ms-ratelimit-remaining-subscription-writes": "1198",
        "x-ms-request-id": "5eb3bc7b-56f0-473c-b400-26c745a7b89c",
        "x-ms-routing-request-id": "SOUTHEASTASIA:20220629T144329Z:ed5feb35-dbb1-4b6d-8809-244db8852b7b"
      },
      "ResponseBody": {
        "name": "vnet-6378",
        "id": "/subscriptions/db1ab6f0-4769-4b27-930e-01e2ef9c123c/resourceGroups/testeventhubRG-791/providers/Microsoft.Network/virtualNetworks/vnet-6378",
        "etag": "W/\u002225c9bcde-ed9d-487e-8aae-6c5e8b59e4d2\u0022",
        "type": "Microsoft.Network/virtualNetworks",
        "location": "westus2",
        "properties": {
          "provisioningState": "Updating",
          "resourceGuid": "6a895370-9c8f-45a4-984a-19d953dcd46c",
          "addressSpace": {
            "addressPrefixes": [
              "10.0.0.0/16"
            ]
          },
          "dhcpOptions": {
            "dnsServers": [
              "10.1.1.1",
              "10.1.2.4"
            ]
          },
          "subnets": [
            {
              "name": "default",
              "id": "/subscriptions/db1ab6f0-4769-4b27-930e-01e2ef9c123c/resourceGroups/testeventhubRG-791/providers/Microsoft.Network/virtualNetworks/vnet-6378/subnets/default",
              "etag": "W/\u002225c9bcde-ed9d-487e-8aae-6c5e8b59e4d2\u0022",
              "properties": {
                "provisioningState": "Updating",
                "addressPrefix": "10.0.1.0/24",
                "delegations": [],
                "privateEndpointNetworkPolicies": "Disabled",
                "privateLinkServiceNetworkPolicies": "Enabled"
              },
              "type": "Microsoft.Network/virtualNetworks/subnets"
            }
          ],
          "virtualNetworkPeerings": [],
          "enableDdosProtection": false
        }
      }
    },
    {
      "RequestUri": "https://management.azure.com/subscriptions/db1ab6f0-4769-4b27-930e-01e2ef9c123c/providers/Microsoft.Network/locations/westus2/operations/5eb3bc7b-56f0-473c-b400-26c745a7b89c?api-version=2021-02-01",
      "RequestMethod": "GET",
      "RequestHeaders": {
        "Authorization": "Sanitized",
        "traceparent": "00-807c7b0921488242920ea8c0f34189bc-70bf07978d482349-00",
        "User-Agent": "azsdk-net-ResourceManager/1.1.1 (.NET Framework 4.8.4510.0; Microsoft Windows 10.0.19044 )",
        "x-ms-client-request-id": "f978d3842b33b2df1ad801d9b3764c1a",
        "x-ms-return-client-request-id": "true"
      },
      "RequestBody": null,
      "StatusCode": 200,
      "ResponseHeaders": {
        "Cache-Control": "no-cache",
        "Content-Length": "29",
        "Content-Type": "application/json; charset=utf-8",
        "Date": "Wed, 29 Jun 2022 14:43:28 GMT",
        "Expires": "-1",
        "Pragma": "no-cache",
        "Server": [
          "Microsoft-HTTPAPI/2.0",
          "Microsoft-HTTPAPI/2.0"
        ],
        "Strict-Transport-Security": "max-age=31536000; includeSubDomains",
        "X-Content-Type-Options": "nosniff",
        "x-ms-arm-service-request-id": "6feecbe1-680e-4597-bd1e-06dff1711048",
        "x-ms-client-request-id": "f978d3842b33b2df1ad801d9b3764c1a",
        "x-ms-correlation-request-id": "56968a16-6934-4ffc-bf9e-f64f3ddc9562",
        "x-ms-ratelimit-remaining-subscription-reads": "11981",
        "x-ms-request-id": "39635eb3-1646-4a4a-91b8-6f2fabff2bb5",
        "x-ms-routing-request-id": "SOUTHEASTASIA:20220629T144329Z:56968a16-6934-4ffc-bf9e-f64f3ddc9562"
      },
      "ResponseBody": {
        "status": "Succeeded"
      }
    },
    {
      "RequestUri": "https://management.azure.com/subscriptions/db1ab6f0-4769-4b27-930e-01e2ef9c123c/resourceGroups/testeventhubRG-791/providers/Microsoft.Network/virtualNetworks/vnet-6378?api-version=2021-02-01",
      "RequestMethod": "GET",
      "RequestHeaders": {
        "Authorization": "Sanitized",
        "traceparent": "00-807c7b0921488242920ea8c0f34189bc-c41334d480ab4149-00",
        "User-Agent": "azsdk-net-ResourceManager/1.1.1 (.NET Framework 4.8.4510.0; Microsoft Windows 10.0.19044 )",
        "x-ms-client-request-id": "0b9a39172596abd9425302d6047bd6d1",
        "x-ms-return-client-request-id": "true"
      },
      "RequestBody": null,
      "StatusCode": 200,
      "ResponseHeaders": {
        "Cache-Control": "no-cache",
        "Content-Length": "1339",
        "Content-Type": "application/json; charset=utf-8",
        "Date": "Wed, 29 Jun 2022 14:43:29 GMT",
        "ETag": "W/\u0022a6f8c4b7-0b8d-4802-a657-aaf89f891dde\u0022",
        "Expires": "-1",
        "Pragma": "no-cache",
        "Server": [
          "Microsoft-HTTPAPI/2.0",
          "Microsoft-HTTPAPI/2.0"
        ],
        "Strict-Transport-Security": "max-age=31536000; includeSubDomains",
        "X-Content-Type-Options": "nosniff",
        "x-ms-arm-service-request-id": "613a7a83-6f64-486a-8502-89db7ae1f09b",
        "x-ms-client-request-id": "0b9a39172596abd9425302d6047bd6d1",
        "x-ms-correlation-request-id": "e28a8981-f4fd-46cf-8d62-0e9022dcc340",
        "x-ms-ratelimit-remaining-subscription-reads": "11980",
        "x-ms-request-id": "a80e9ab4-461c-4fd1-b324-c98046e0b816",
        "x-ms-routing-request-id": "SOUTHEASTASIA:20220629T144329Z:e28a8981-f4fd-46cf-8d62-0e9022dcc340"
      },
      "ResponseBody": {
        "name": "vnet-6378",
        "id": "/subscriptions/db1ab6f0-4769-4b27-930e-01e2ef9c123c/resourceGroups/testeventhubRG-791/providers/Microsoft.Network/virtualNetworks/vnet-6378",
        "etag": "W/\u0022a6f8c4b7-0b8d-4802-a657-aaf89f891dde\u0022",
        "type": "Microsoft.Network/virtualNetworks",
        "location": "westus2",
        "properties": {
          "provisioningState": "Succeeded",
          "resourceGuid": "6a895370-9c8f-45a4-984a-19d953dcd46c",
          "addressSpace": {
            "addressPrefixes": [
              "10.0.0.0/16"
            ]
          },
          "dhcpOptions": {
            "dnsServers": [
              "10.1.1.1",
              "10.1.2.4"
            ]
          },
          "subnets": [
            {
              "name": "default",
              "id": "/subscriptions/db1ab6f0-4769-4b27-930e-01e2ef9c123c/resourceGroups/testeventhubRG-791/providers/Microsoft.Network/virtualNetworks/vnet-6378/subnets/default",
              "etag": "W/\u0022a6f8c4b7-0b8d-4802-a657-aaf89f891dde\u0022",
              "properties": {
                "provisioningState": "Succeeded",
                "addressPrefix": "10.0.1.0/24",
                "delegations": [],
                "privateEndpointNetworkPolicies": "Disabled",
                "privateLinkServiceNetworkPolicies": "Enabled"
              },
              "type": "Microsoft.Network/virtualNetworks/subnets"
            }
          ],
          "virtualNetworkPeerings": [],
          "enableDdosProtection": false
        }
      }
    },
    {
      "RequestUri": "https://management.azure.com/subscriptions/db1ab6f0-4769-4b27-930e-01e2ef9c123c/resourceGroups/testeventhubRG-791/providers/Microsoft.Network/privateEndpoints/pe-2005?api-version=2021-02-01",
      "RequestMethod": "PUT",
      "RequestHeaders": {
        "Accept": "application/json",
        "Authorization": "Sanitized",
        "Content-Length": "731",
        "Content-Type": "application/json",
        "traceparent": "00-ded43fa83884564bb2afbda20cf8b91f-2c137ee9a6a8bc4a-00",
        "User-Agent": "azsdk-net-ResourceManager.Network/1.0.0-alpha.20220629.1 (.NET Framework 4.8.4510.0; Microsoft Windows 10.0.19044 )",
        "x-ms-client-request-id": "0479087221924a76976ef3613e27946e",
        "x-ms-return-client-request-id": "true"
      },
      "RequestBody": {
        "location": "westus2",
        "properties": {
          "subnet": {
            "id": "/subscriptions/db1ab6f0-4769-4b27-930e-01e2ef9c123c/resourceGroups/testeventhubRG-791/providers/Microsoft.Network/virtualNetworks/vnet-6378/subnets/default",
            "name": "default",
            "type": "Microsoft.Network/virtualNetworks/subnets",
            "properties": {
              "addressPrefix": "10.0.1.0/24",
              "delegations": [],
              "privateEndpointNetworkPolicies": "Disabled",
              "privateLinkServiceNetworkPolicies": "Enabled"
            }
          },
          "manualPrivateLinkServiceConnections": [
            {
              "name": "pec9039",
              "properties": {
                "privateLinkServiceId": "/subscriptions/db1ab6f0-4769-4b27-930e-01e2ef9c123c/resourceGroups/testeventhubRG-791/providers/Microsoft.EventHub/namespaces/testnamespacemgmt5307",
                "groupIds": [
                  "namespace"
                ],
                "requestMessage": "SDK test"
              }
            }
          ]
        }
      },
      "StatusCode": 201,
      "ResponseHeaders": {
        "Azure-AsyncNotification": "Enabled",
        "Azure-AsyncOperation": "https://management.azure.com/subscriptions/db1ab6f0-4769-4b27-930e-01e2ef9c123c/providers/Microsoft.Network/locations/westus2/operations/d9cd2a7b-82e7-4cb3-8ecd-3274ac83bd70?api-version=2021-02-01",
        "Cache-Control": "no-cache",
        "Content-Length": "1953",
        "Content-Type": "application/json; charset=utf-8",
        "Date": "Wed, 29 Jun 2022 14:43:33 GMT",
        "Expires": "-1",
        "Pragma": "no-cache",
        "Retry-After": "10",
        "Server": [
          "Microsoft-HTTPAPI/2.0",
          "Microsoft-HTTPAPI/2.0"
        ],
        "Strict-Transport-Security": "max-age=31536000; includeSubDomains",
        "X-Content-Type-Options": "nosniff",
        "x-ms-arm-service-request-id": "85ae7f9e-a249-4a35-a7aa-eb090082c1e5",
        "x-ms-client-request-id": "0479087221924a76976ef3613e27946e",
        "x-ms-correlation-request-id": "fade98f3-0a79-482e-88bb-ae501a2c1309",
        "x-ms-ratelimit-remaining-subscription-writes": "1197",
        "x-ms-request-id": "d9cd2a7b-82e7-4cb3-8ecd-3274ac83bd70",
        "x-ms-routing-request-id": "SOUTHEASTASIA:20220629T144334Z:fade98f3-0a79-482e-88bb-ae501a2c1309"
      },
      "ResponseBody": {
        "name": "pe-2005",
        "id": "/subscriptions/db1ab6f0-4769-4b27-930e-01e2ef9c123c/resourceGroups/testeventhubRG-791/providers/Microsoft.Network/privateEndpoints/pe-2005",
        "etag": "W/\u0022d46b40d7-cdab-47ae-a8d6-28afb4febe52\u0022",
        "type": "Microsoft.Network/privateEndpoints",
        "location": "westus2",
        "properties": {
          "provisioningState": "Updating",
          "resourceGuid": "40d59801-4425-4341-9000-3539f1d76025",
          "privateLinkServiceConnections": [],
          "manualPrivateLinkServiceConnections": [
            {
              "name": "pec9039",
              "id": "/subscriptions/db1ab6f0-4769-4b27-930e-01e2ef9c123c/resourceGroups/testeventhubRG-791/providers/Microsoft.Network/privateEndpoints/pe-2005/manualPrivateLinkServiceConnections/pec9039",
              "etag": "W/\u0022d46b40d7-cdab-47ae-a8d6-28afb4febe52\u0022",
              "properties": {
                "provisioningState": "Succeeded",
                "privateLinkServiceId": "/subscriptions/db1ab6f0-4769-4b27-930e-01e2ef9c123c/resourceGroups/testeventhubRG-791/providers/Microsoft.EventHub/namespaces/testnamespacemgmt5307",
                "groupIds": [
                  "namespace"
                ],
                "requestMessage": "SDK test",
                "privateLinkServiceConnectionState": {
                  "status": "Pending",
                  "description": "SDK test",
                  "actionsRequired": "None"
                }
              },
              "type": "Microsoft.Network/privateEndpoints/manualPrivateLinkServiceConnections"
            }
          ],
          "subnet": {
            "id": "/subscriptions/db1ab6f0-4769-4b27-930e-01e2ef9c123c/resourceGroups/testeventhubRG-791/providers/Microsoft.Network/virtualNetworks/vnet-6378/subnets/default"
          },
          "networkInterfaces": [
            {
              "id": "/subscriptions/db1ab6f0-4769-4b27-930e-01e2ef9c123c/resourceGroups/testeventhubRG-791/providers/Microsoft.Network/networkInterfaces/pe-2005.nic.64c5d913-4cb3-4953-b4aa-a72948190d17"
            }
          ],
          "customDnsConfigs": []
        }
      }
    },
    {
      "RequestUri": "https://management.azure.com/subscriptions/db1ab6f0-4769-4b27-930e-01e2ef9c123c/providers/Microsoft.Network/locations/westus2/operations/d9cd2a7b-82e7-4cb3-8ecd-3274ac83bd70?api-version=2021-02-01",
      "RequestMethod": "GET",
      "RequestHeaders": {
        "Authorization": "Sanitized",
        "traceparent": "00-ded43fa83884564bb2afbda20cf8b91f-0294aa102c9e6748-00",
        "User-Agent": "azsdk-net-ResourceManager/1.1.1 (.NET Framework 4.8.4510.0; Microsoft Windows 10.0.19044 )",
        "x-ms-client-request-id": "4303f78f13a179a7944c8d6bb7e014db",
        "x-ms-return-client-request-id": "true"
      },
      "RequestBody": null,
      "StatusCode": 200,
      "ResponseHeaders": {
        "Cache-Control": "no-cache",
        "Content-Length": "30",
        "Content-Type": "application/json; charset=utf-8",
        "Date": "Wed, 29 Jun 2022 14:43:34 GMT",
        "Expires": "-1",
        "Pragma": "no-cache",
        "Retry-After": "10",
        "Server": [
          "Microsoft-HTTPAPI/2.0",
          "Microsoft-HTTPAPI/2.0"
        ],
        "Strict-Transport-Security": "max-age=31536000; includeSubDomains",
        "X-Content-Type-Options": "nosniff",
        "x-ms-arm-service-request-id": "280ea729-7674-4f1c-8202-d1320d1fba24",
        "x-ms-client-request-id": "4303f78f13a179a7944c8d6bb7e014db",
        "x-ms-correlation-request-id": "2698d846-04cf-4821-b4ac-90e172ef313e",
        "x-ms-ratelimit-remaining-subscription-reads": "11979",
        "x-ms-request-id": "9b9c5f0d-e7e0-4882-a6ab-33719215f605",
        "x-ms-routing-request-id": "SOUTHEASTASIA:20220629T144335Z:2698d846-04cf-4821-b4ac-90e172ef313e"
      },
      "ResponseBody": {
        "status": "InProgress"
      }
    },
    {
      "RequestUri": "https://management.azure.com/subscriptions/db1ab6f0-4769-4b27-930e-01e2ef9c123c/providers/Microsoft.Network/locations/westus2/operations/d9cd2a7b-82e7-4cb3-8ecd-3274ac83bd70?api-version=2021-02-01",
      "RequestMethod": "GET",
      "RequestHeaders": {
        "Authorization": "Sanitized",
        "traceparent": "00-ded43fa83884564bb2afbda20cf8b91f-39bb10c1cff4c547-00",
        "User-Agent": "azsdk-net-ResourceManager/1.1.1 (.NET Framework 4.8.4510.0; Microsoft Windows 10.0.19044 )",
        "x-ms-client-request-id": "a9409541e53113e90eac4cb2f86d9cf8",
        "x-ms-return-client-request-id": "true"
      },
      "RequestBody": null,
      "StatusCode": 200,
      "ResponseHeaders": {
        "Cache-Control": "no-cache",
        "Content-Length": "30",
        "Content-Type": "application/json; charset=utf-8",
        "Date": "Wed, 29 Jun 2022 14:43:44 GMT",
        "Expires": "-1",
        "Pragma": "no-cache",
        "Retry-After": "20",
        "Server": [
          "Microsoft-HTTPAPI/2.0",
          "Microsoft-HTTPAPI/2.0"
        ],
        "Strict-Transport-Security": "max-age=31536000; includeSubDomains",
        "X-Content-Type-Options": "nosniff",
        "x-ms-arm-service-request-id": "a007337c-c0fb-4759-95f9-bf9443b8772e",
        "x-ms-client-request-id": "a9409541e53113e90eac4cb2f86d9cf8",
        "x-ms-correlation-request-id": "20d1ea51-c46e-4d5d-92ff-f19ede4494bc",
        "x-ms-ratelimit-remaining-subscription-reads": "11978",
        "x-ms-request-id": "5c59f892-6732-4eb0-b7f5-cf878552e22f",
        "x-ms-routing-request-id": "SOUTHEASTASIA:20220629T144345Z:20d1ea51-c46e-4d5d-92ff-f19ede4494bc"
      },
      "ResponseBody": {
        "status": "InProgress"
      }
    },
    {
      "RequestUri": "https://management.azure.com/subscriptions/db1ab6f0-4769-4b27-930e-01e2ef9c123c/providers/Microsoft.Network/locations/westus2/operations/d9cd2a7b-82e7-4cb3-8ecd-3274ac83bd70?api-version=2021-02-01",
      "RequestMethod": "GET",
      "RequestHeaders": {
        "Authorization": "Sanitized",
        "traceparent": "00-ded43fa83884564bb2afbda20cf8b91f-541ad98884b7fd4d-00",
        "User-Agent": "azsdk-net-ResourceManager/1.1.1 (.NET Framework 4.8.4510.0; Microsoft Windows 10.0.19044 )",
        "x-ms-client-request-id": "46d1c26c502327cd8526d085d18d15d6",
        "x-ms-return-client-request-id": "true"
      },
      "RequestBody": null,
      "StatusCode": 200,
      "ResponseHeaders": {
        "Cache-Control": "no-cache",
        "Content-Length": "30",
        "Content-Type": "application/json; charset=utf-8",
        "Date": "Wed, 29 Jun 2022 14:44:05 GMT",
        "Expires": "-1",
        "Pragma": "no-cache",
        "Retry-After": "20",
        "Server": [
          "Microsoft-HTTPAPI/2.0",
          "Microsoft-HTTPAPI/2.0"
        ],
        "Strict-Transport-Security": "max-age=31536000; includeSubDomains",
        "X-Content-Type-Options": "nosniff",
        "x-ms-arm-service-request-id": "be1f7928-f9c5-4ec4-af2f-d0b962ed3fc0",
        "x-ms-client-request-id": "46d1c26c502327cd8526d085d18d15d6",
        "x-ms-correlation-request-id": "6f66089f-95cb-4012-8987-6dd2576d6fc2",
        "x-ms-ratelimit-remaining-subscription-reads": "11977",
        "x-ms-request-id": "ebac21fc-e3c8-4da9-a69c-5115677f2eda",
        "x-ms-routing-request-id": "SOUTHEASTASIA:20220629T144405Z:6f66089f-95cb-4012-8987-6dd2576d6fc2"
      },
      "ResponseBody": {
        "status": "InProgress"
      }
    },
    {
      "RequestUri": "https://management.azure.com/subscriptions/db1ab6f0-4769-4b27-930e-01e2ef9c123c/providers/Microsoft.Network/locations/westus2/operations/d9cd2a7b-82e7-4cb3-8ecd-3274ac83bd70?api-version=2021-02-01",
      "RequestMethod": "GET",
      "RequestHeaders": {
        "Authorization": "Sanitized",
        "traceparent": "00-ded43fa83884564bb2afbda20cf8b91f-ecddc617cdd22247-00",
        "User-Agent": "azsdk-net-ResourceManager/1.1.1 (.NET Framework 4.8.4510.0; Microsoft Windows 10.0.19044 )",
        "x-ms-client-request-id": "17c74ecb585eaaff0df034f4c6f58126",
        "x-ms-return-client-request-id": "true"
      },
      "RequestBody": null,
      "StatusCode": 200,
      "ResponseHeaders": {
        "Cache-Control": "no-cache",
        "Content-Length": "29",
        "Content-Type": "application/json; charset=utf-8",
        "Date": "Wed, 29 Jun 2022 14:44:26 GMT",
        "Expires": "-1",
        "Pragma": "no-cache",
        "Server": [
          "Microsoft-HTTPAPI/2.0",
          "Microsoft-HTTPAPI/2.0"
        ],
        "Strict-Transport-Security": "max-age=31536000; includeSubDomains",
        "X-Content-Type-Options": "nosniff",
        "x-ms-arm-service-request-id": "a0480eff-94d8-471c-96aa-0cb48ca0c231",
        "x-ms-client-request-id": "17c74ecb585eaaff0df034f4c6f58126",
        "x-ms-correlation-request-id": "969e5fa5-0070-4c7b-9599-26ea6374cd21",
        "x-ms-ratelimit-remaining-subscription-reads": "11976",
        "x-ms-request-id": "131a56ae-c6de-4a31-a660-c83c6011f0ab",
        "x-ms-routing-request-id": "SOUTHEASTASIA:20220629T144426Z:969e5fa5-0070-4c7b-9599-26ea6374cd21"
      },
      "ResponseBody": {
        "status": "Succeeded"
      }
    },
    {
      "RequestUri": "https://management.azure.com/subscriptions/db1ab6f0-4769-4b27-930e-01e2ef9c123c/resourceGroups/testeventhubRG-791/providers/Microsoft.Network/privateEndpoints/pe-2005?api-version=2021-02-01",
      "RequestMethod": "GET",
      "RequestHeaders": {
        "Authorization": "Sanitized",
        "traceparent": "00-ded43fa83884564bb2afbda20cf8b91f-bfee95c91cdae747-00",
        "User-Agent": "azsdk-net-ResourceManager/1.1.1 (.NET Framework 4.8.4510.0; Microsoft Windows 10.0.19044 )",
        "x-ms-client-request-id": "f5ff95afcd0ff1b7c818240a14634181",
        "x-ms-return-client-request-id": "true"
      },
      "RequestBody": null,
      "StatusCode": 200,
      "ResponseHeaders": {
        "Cache-Control": "no-cache",
        "Content-Length": "1954",
        "Content-Type": "application/json; charset=utf-8",
        "Date": "Wed, 29 Jun 2022 14:44:26 GMT",
        "ETag": "W/\u0022a5305d4b-caf1-47f9-a203-09e5e113d377\u0022",
        "Expires": "-1",
        "Pragma": "no-cache",
        "Server": [
          "Microsoft-HTTPAPI/2.0",
          "Microsoft-HTTPAPI/2.0"
        ],
        "Strict-Transport-Security": "max-age=31536000; includeSubDomains",
        "X-Content-Type-Options": "nosniff",
        "x-ms-arm-service-request-id": "19cc71d4-6977-4f77-ae6c-8cc4fd1d13e8",
        "x-ms-client-request-id": "f5ff95afcd0ff1b7c818240a14634181",
        "x-ms-correlation-request-id": "bc22507f-602d-4382-bc25-eed9100b022a",
        "x-ms-ratelimit-remaining-subscription-reads": "11975",
        "x-ms-request-id": "cc9541f0-64a5-44b9-aa52-b259af3bdafc",
        "x-ms-routing-request-id": "SOUTHEASTASIA:20220629T144426Z:bc22507f-602d-4382-bc25-eed9100b022a"
      },
      "ResponseBody": {
        "name": "pe-2005",
        "id": "/subscriptions/db1ab6f0-4769-4b27-930e-01e2ef9c123c/resourceGroups/testeventhubRG-791/providers/Microsoft.Network/privateEndpoints/pe-2005",
        "etag": "W/\u0022a5305d4b-caf1-47f9-a203-09e5e113d377\u0022",
        "type": "Microsoft.Network/privateEndpoints",
        "location": "westus2",
        "properties": {
          "provisioningState": "Succeeded",
          "resourceGuid": "40d59801-4425-4341-9000-3539f1d76025",
          "privateLinkServiceConnections": [],
          "manualPrivateLinkServiceConnections": [
            {
              "name": "pec9039",
              "id": "/subscriptions/db1ab6f0-4769-4b27-930e-01e2ef9c123c/resourceGroups/testeventhubRG-791/providers/Microsoft.Network/privateEndpoints/pe-2005/manualPrivateLinkServiceConnections/pec9039",
              "etag": "W/\u0022a5305d4b-caf1-47f9-a203-09e5e113d377\u0022",
              "properties": {
                "provisioningState": "Succeeded",
                "privateLinkServiceId": "/subscriptions/db1ab6f0-4769-4b27-930e-01e2ef9c123c/resourceGroups/testeventhubRG-791/providers/Microsoft.EventHub/namespaces/testnamespacemgmt5307",
                "groupIds": [
                  "namespace"
                ],
                "requestMessage": "SDK test",
                "privateLinkServiceConnectionState": {
                  "status": "Pending",
                  "description": "SDK test",
                  "actionsRequired": "None"
                }
              },
              "type": "Microsoft.Network/privateEndpoints/manualPrivateLinkServiceConnections"
            }
          ],
          "subnet": {
            "id": "/subscriptions/db1ab6f0-4769-4b27-930e-01e2ef9c123c/resourceGroups/testeventhubRG-791/providers/Microsoft.Network/virtualNetworks/vnet-6378/subnets/default"
          },
          "networkInterfaces": [
            {
              "id": "/subscriptions/db1ab6f0-4769-4b27-930e-01e2ef9c123c/resourceGroups/testeventhubRG-791/providers/Microsoft.Network/networkInterfaces/pe-2005.nic.64c5d913-4cb3-4953-b4aa-a72948190d17"
            }
          ],
          "customDnsConfigs": []
        }
      }
    },
    {
      "RequestUri": "https://management.azure.com/subscriptions/db1ab6f0-4769-4b27-930e-01e2ef9c123c/resourceGroups/testeventhubRG-791/providers/Microsoft.EventHub/namespaces/testnamespacemgmt5307/privateEndpointConnections?api-version=2021-11-01",
      "RequestMethod": "GET",
      "RequestHeaders": {
        "Accept": "application/json",
        "Authorization": "Sanitized",
        "traceparent": "00-ee7de93ab90e3c4b9a305f30329df600-a0f8261cd71f9547-00",
        "User-Agent": "azsdk-net-ResourceManager.EventHubs/1.0.0-alpha.20220629.1 (.NET Framework 4.8.4510.0; Microsoft Windows 10.0.19044 )",
        "x-ms-client-request-id": "aae6759684a61499c32739331cd8608f",
        "x-ms-return-client-request-id": "true"
      },
      "RequestBody": null,
      "StatusCode": 200,
      "ResponseHeaders": {
        "Cache-Control": "no-cache",
        "Content-Length": "687",
        "Content-Type": "application/json; charset=utf-8",
        "Date": "Wed, 29 Jun 2022 14:44:28 GMT",
        "Expires": "-1",
        "Pragma": "no-cache",
        "Server": [
          "Service-Bus-Resource-Provider/SN1",
          "Microsoft-HTTPAPI/2.0"
        ],
        "Server-SB": "Service-Bus-Resource-Provider/SN1",
        "Strict-Transport-Security": "max-age=31536000; includeSubDomains",
        "X-Content-Type-Options": "nosniff",
        "x-ms-client-request-id": "aae6759684a61499c32739331cd8608f",
        "x-ms-correlation-request-id": "8156464b-1a1c-4a6e-80e6-a0d6890a05ea",
        "x-ms-ratelimit-remaining-subscription-reads": "11974",
        "x-ms-request-id": "8b3ead10-463a-4374-8afd-f87a34e8627c_M4SN1_M4SN1",
        "x-ms-routing-request-id": "SOUTHEASTASIA:20220629T144428Z:8156464b-1a1c-4a6e-80e6-a0d6890a05ea"
      },
      "ResponseBody": {
        "value": [
          {
            "id": "/subscriptions/db1ab6f0-4769-4b27-930e-01e2ef9c123c/resourceGroups/testeventhubRG-791/providers/Microsoft.EventHub/namespaces/testnamespacemgmt5307/privateEndpointConnections/01d7e6a8-e533-45dc-a977-83c8c80e6c1f",
            "name": "01d7e6a8-e533-45dc-a977-83c8c80e6c1f",
            "type": "Microsoft.EventHub/Namespaces/PrivateEndpointConnections",
            "location": "East US 2",
            "properties": {
              "provisioningState": "Succeeded",
              "privateEndpoint": {
                "id": "/subscriptions/db1ab6f0-4769-4b27-930e-01e2ef9c123c/resourceGroups/testeventhubRG-791/providers/Microsoft.Network/privateEndpoints/pe-2005"
              },
              "privateLinkServiceConnectionState": {
                "status": "Pending",
                "description": "SDK test"
              },
              "groupIds": [
                "namespace"
              ]
            }
          }
        ]
      }
    },
    {
      "RequestUri": "https://management.azure.com/subscriptions/db1ab6f0-4769-4b27-930e-01e2ef9c123c/resourceGroups/testeventhubRG-791/providers/Microsoft.EventHub/namespaces/testnamespacemgmt5307/privateEndpointConnections/01d7e6a8-e533-45dc-a977-83c8c80e6c1f?api-version=2021-11-01",
      "RequestMethod": "GET",
      "RequestHeaders": {
        "Accept": "application/json",
        "Authorization": "Sanitized",
        "traceparent": "00-6a187bb1b0b9b6439ff484fe8fdaf101-27642209eb72d74e-00",
        "User-Agent": "azsdk-net-ResourceManager.EventHubs/1.0.0-alpha.20220629.1 (.NET Framework 4.8.4510.0; Microsoft Windows 10.0.19044 )",
        "x-ms-client-request-id": "3cd6aaa5208efdc797d54f4533f495a9",
        "x-ms-return-client-request-id": "true"
      },
      "RequestBody": null,
      "StatusCode": 200,
      "ResponseHeaders": {
        "Cache-Control": "no-cache",
        "Content-Length": "675",
        "Content-Type": "application/json; charset=utf-8",
        "Date": "Wed, 29 Jun 2022 14:44:29 GMT",
        "Expires": "-1",
        "Pragma": "no-cache",
        "Server": [
          "Service-Bus-Resource-Provider/SN1",
          "Microsoft-HTTPAPI/2.0"
        ],
        "Server-SB": "Service-Bus-Resource-Provider/SN1",
        "Strict-Transport-Security": "max-age=31536000; includeSubDomains",
        "X-Content-Type-Options": "nosniff",
        "x-ms-client-request-id": "3cd6aaa5208efdc797d54f4533f495a9",
        "x-ms-correlation-request-id": "c41a5551-00b0-4d3b-ae46-68af1ed91236",
        "x-ms-ratelimit-remaining-subscription-reads": "11973",
        "x-ms-request-id": "5e3cc771-c3c2-4378-94d5-7e4fec3a13fb_M0SN1_M0SN1",
        "x-ms-routing-request-id": "SOUTHEASTASIA:20220629T144429Z:c41a5551-00b0-4d3b-ae46-68af1ed91236"
      },
      "ResponseBody": {
        "id": "/subscriptions/db1ab6f0-4769-4b27-930e-01e2ef9c123c/resourceGroups/testeventhubRG-791/providers/Microsoft.EventHub/namespaces/testnamespacemgmt5307/privateEndpointConnections/01d7e6a8-e533-45dc-a977-83c8c80e6c1f",
        "name": "01d7e6a8-e533-45dc-a977-83c8c80e6c1f",
        "type": "Microsoft.EventHub/Namespaces/PrivateEndpointConnections",
        "location": "East US 2",
        "properties": {
          "provisioningState": "Succeeded",
          "privateEndpoint": {
            "id": "/subscriptions/db1ab6f0-4769-4b27-930e-01e2ef9c123c/resourceGroups/testeventhubRG-791/providers/Microsoft.Network/privateEndpoints/pe-2005"
          },
          "privateLinkServiceConnectionState": {
            "status": "Pending",
            "description": "SDK test"
          },
          "groupIds": [
            "namespace"
          ]
        }
      }
    },
    {
      "RequestUri": "https://management.azure.com/subscriptions/db1ab6f0-4769-4b27-930e-01e2ef9c123c/resourceGroups/testeventhubRG-791/providers/Microsoft.EventHub/namespaces/testnamespacemgmt5307/privateEndpointConnections/01d7e6a8-e533-45dc-a977-83c8c80e6c1f?api-version=2021-11-01",
      "RequestMethod": "DELETE",
      "RequestHeaders": {
        "Accept": "application/json",
        "Authorization": "Sanitized",
        "traceparent": "00-d57d16083ecbbb4b8045785dba5097ab-d70e08758e8f2e41-00",
        "User-Agent": "azsdk-net-ResourceManager.EventHubs/1.0.0-alpha.20220629.1 (.NET Framework 4.8.4510.0; Microsoft Windows 10.0.19044 )",
        "x-ms-client-request-id": "515eb3aed60e2b7ffbeb31e79483d5f0",
        "x-ms-return-client-request-id": "true"
      },
      "RequestBody": null,
      "StatusCode": 202,
      "ResponseHeaders": {
        "Azure-AsyncOperation": "https://management.azure.com:443/subscriptions/db1ab6f0-4769-4b27-930e-01e2ef9c123c/resourceGroups/testeventhubRG-791/providers/Microsoft.EventHub/namespaces/testnamespacemgmt5307/privateEndpointConnections/01d7e6a8-e533-45dc-a977-83c8c80e6c1f/operationStatus/01d7e6a8-e533-45dc-a977-83c8c80e6c1f?api-version=2021-11-01\u0026operationType=Delete",
        "Cache-Control": "no-cache",
        "Content-Length": "0",
        "Date": "Wed, 29 Jun 2022 14:44:31 GMT",
        "Expires": "-1",
        "Pragma": "no-cache",
        "Server": [
          "Service-Bus-Resource-Provider/SN1",
          "Microsoft-HTTPAPI/2.0"
        ],
        "Server-SB": "Service-Bus-Resource-Provider/SN1",
        "Strict-Transport-Security": "max-age=31536000; includeSubDomains",
        "X-Content-Type-Options": "nosniff",
        "x-ms-client-request-id": "515eb3aed60e2b7ffbeb31e79483d5f0",
        "x-ms-correlation-request-id": "6c772aa3-f74e-44ee-9608-3a8574aaa850",
        "x-ms-ratelimit-remaining-subscription-deletes": "14999",
        "x-ms-request-id": "0b052352-a336-4bb1-b4f1-0d769eafee5a_M4SN1_M4SN1",
        "x-ms-routing-request-id": "SOUTHEASTASIA:20220629T144431Z:6c772aa3-f74e-44ee-9608-3a8574aaa850"
      },
      "ResponseBody": null
    },
    {
      "RequestUri": "https://management.azure.com/subscriptions/db1ab6f0-4769-4b27-930e-01e2ef9c123c/resourceGroups/testeventhubRG-791/providers/Microsoft.EventHub/namespaces/testnamespacemgmt5307/privateEndpointConnections/01d7e6a8-e533-45dc-a977-83c8c80e6c1f/operationStatus/01d7e6a8-e533-45dc-a977-83c8c80e6c1f?api-version=2021-11-01\u0026operationType=Delete",
      "RequestMethod": "GET",
      "RequestHeaders": {
        "Authorization": "Sanitized",
        "traceparent": "00-d57d16083ecbbb4b8045785dba5097ab-7e6d1c6b01adc64e-00",
        "User-Agent": "azsdk-net-ResourceManager/1.1.1 (.NET Framework 4.8.4510.0; Microsoft Windows 10.0.19044 )",
        "x-ms-client-request-id": "68858f920f79ce802bab40a3eee06813",
        "x-ms-return-client-request-id": "true"
      },
      "RequestBody": null,
      "StatusCode": 200,
      "ResponseHeaders": {
        "Azure-AsyncOperation": "https://management.azure.com/subscriptions/db1ab6f0-4769-4b27-930e-01e2ef9c123c/resourceGroups/testeventhubRG-791/providers/Microsoft.EventHub/namespaces/testnamespacemgmt5307/privateEndpointConnections/01d7e6a8-e533-45dc-a977-83c8c80e6c1f/operationStatus/01d7e6a8-e533-45dc-a977-83c8c80e6c1f?api-version=2021-11-01\u0026operationType=Delete",
        "Cache-Control": "no-cache",
        "Content-Length": "463",
        "Content-Type": "application/json; charset=utf-8",
        "Date": "Wed, 29 Jun 2022 14:44:33 GMT",
        "Expires": "-1",
        "Pragma": "no-cache",
        "Server": [
          "Service-Bus-Resource-Provider/SN1",
          "Microsoft-HTTPAPI/2.0"
        ],
        "Server-SB": "Service-Bus-Resource-Provider/SN1",
        "Strict-Transport-Security": "max-age=31536000; includeSubDomains",
        "X-Content-Type-Options": "nosniff",
        "x-ms-client-request-id": "68858f920f79ce802bab40a3eee06813",
        "x-ms-correlation-request-id": "c6414a71-844f-4827-9ff4-9c76fbc4597e",
        "x-ms-ratelimit-remaining-subscription-reads": "11972",
        "x-ms-request-id": "787e3527-a534-4a01-bb8b-4651893f6bfd_M8SN1_M8SN1",
        "x-ms-routing-request-id": "SOUTHEASTASIA:20220629T144433Z:c6414a71-844f-4827-9ff4-9c76fbc4597e"
      },
      "ResponseBody": {
        "id": "/subscriptions/db1ab6f0-4769-4b27-930e-01e2ef9c123c/resourceGroups/testeventhubRG-791/providers/Microsoft.EventHub/namespaces/testnamespacemgmt5307/privateEndpointConnections/01d7e6a8-e533-45dc-a977-83c8c80e6c1f/operationStatus/01d7e6a8-e533-45dc-a977-83c8c80e6c1f/operationStatus/01d7e6a8-e533-45dc-a977-83c8c80e6c1f",
        "name": "01d7e6a8-e533-45dc-a977-83c8c80e6c1f",
        "status": "Deleting",
        "startTime": "2022-06-29T14:44:31.69Z",
        "endTime": "0001-01-01T00:00:00Z"
      }
    },
    {
      "RequestUri": "https://management.azure.com/subscriptions/db1ab6f0-4769-4b27-930e-01e2ef9c123c/resourceGroups/testeventhubRG-791/providers/Microsoft.EventHub/namespaces/testnamespacemgmt5307/privateEndpointConnections/01d7e6a8-e533-45dc-a977-83c8c80e6c1f/operationStatus/01d7e6a8-e533-45dc-a977-83c8c80e6c1f?api-version=2021-11-01\u0026operationType=Delete",
      "RequestMethod": "GET",
      "RequestHeaders": {
        "Authorization": "Sanitized",
        "traceparent": "00-d57d16083ecbbb4b8045785dba5097ab-8821120250a64949-00",
        "User-Agent": "azsdk-net-ResourceManager/1.1.1 (.NET Framework 4.8.4510.0; Microsoft Windows 10.0.19044 )",
        "x-ms-client-request-id": "9e8e5e002b8fa81cc0e8a425c4aef5a7",
        "x-ms-return-client-request-id": "true"
      },
      "RequestBody": null,
      "StatusCode": 200,
      "ResponseHeaders": {
        "Azure-AsyncOperation": "https://management.azure.com/subscriptions/db1ab6f0-4769-4b27-930e-01e2ef9c123c/resourceGroups/testeventhubRG-791/providers/Microsoft.EventHub/namespaces/testnamespacemgmt5307/privateEndpointConnections/01d7e6a8-e533-45dc-a977-83c8c80e6c1f/operationStatus/01d7e6a8-e533-45dc-a977-83c8c80e6c1f?api-version=2021-11-01\u0026operationType=Delete",
        "Cache-Control": "no-cache",
        "Content-Length": "463",
        "Content-Type": "application/json; charset=utf-8",
        "Date": "Wed, 29 Jun 2022 14:44:36 GMT",
        "Expires": "-1",
        "Pragma": "no-cache",
        "Server": [
          "Service-Bus-Resource-Provider/SN1",
          "Microsoft-HTTPAPI/2.0"
        ],
        "Server-SB": "Service-Bus-Resource-Provider/SN1",
        "Strict-Transport-Security": "max-age=31536000; includeSubDomains",
        "X-Content-Type-Options": "nosniff",
        "x-ms-client-request-id": "9e8e5e002b8fa81cc0e8a425c4aef5a7",
        "x-ms-correlation-request-id": "31e0bafd-2ba5-45fb-b8a0-df11503acf8f",
        "x-ms-ratelimit-remaining-subscription-reads": "11971",
        "x-ms-request-id": "0bfeb632-1df2-4547-bd78-881a2659e4c2_M4SN1_M4SN1",
        "x-ms-routing-request-id": "SOUTHEASTASIA:20220629T144436Z:31e0bafd-2ba5-45fb-b8a0-df11503acf8f"
      },
      "ResponseBody": {
        "id": "/subscriptions/db1ab6f0-4769-4b27-930e-01e2ef9c123c/resourceGroups/testeventhubRG-791/providers/Microsoft.EventHub/namespaces/testnamespacemgmt5307/privateEndpointConnections/01d7e6a8-e533-45dc-a977-83c8c80e6c1f/operationStatus/01d7e6a8-e533-45dc-a977-83c8c80e6c1f/operationStatus/01d7e6a8-e533-45dc-a977-83c8c80e6c1f",
        "name": "01d7e6a8-e533-45dc-a977-83c8c80e6c1f",
        "status": "Deleting",
        "startTime": "2022-06-29T14:44:31.69Z",
        "endTime": "0001-01-01T00:00:00Z"
      }
    },
    {
      "RequestUri": "https://management.azure.com/subscriptions/db1ab6f0-4769-4b27-930e-01e2ef9c123c/resourceGroups/testeventhubRG-791/providers/Microsoft.EventHub/namespaces/testnamespacemgmt5307/privateEndpointConnections/01d7e6a8-e533-45dc-a977-83c8c80e6c1f/operationStatus/01d7e6a8-e533-45dc-a977-83c8c80e6c1f?api-version=2021-11-01\u0026operationType=Delete",
      "RequestMethod": "GET",
      "RequestHeaders": {
        "Authorization": "Sanitized",
        "traceparent": "00-d57d16083ecbbb4b8045785dba5097ab-d450c8d1fd649345-00",
        "User-Agent": "azsdk-net-ResourceManager/1.1.1 (.NET Framework 4.8.4510.0; Microsoft Windows 10.0.19044 )",
        "x-ms-client-request-id": "0555620a6cfea87614963ee2c44f87cd",
        "x-ms-return-client-request-id": "true"
      },
      "RequestBody": null,
      "StatusCode": 200,
      "ResponseHeaders": {
        "Azure-AsyncOperation": "https://management.azure.com/subscriptions/db1ab6f0-4769-4b27-930e-01e2ef9c123c/resourceGroups/testeventhubRG-791/providers/Microsoft.EventHub/namespaces/testnamespacemgmt5307/privateEndpointConnections/01d7e6a8-e533-45dc-a977-83c8c80e6c1f/operationStatus/01d7e6a8-e533-45dc-a977-83c8c80e6c1f?api-version=2021-11-01\u0026operationType=Delete",
        "Cache-Control": "no-cache",
        "Content-Length": "463",
        "Content-Type": "application/json; charset=utf-8",
        "Date": "Wed, 29 Jun 2022 14:44:38 GMT",
        "Expires": "-1",
        "Pragma": "no-cache",
        "Server": [
          "Service-Bus-Resource-Provider/SN1",
          "Microsoft-HTTPAPI/2.0"
        ],
        "Server-SB": "Service-Bus-Resource-Provider/SN1",
        "Strict-Transport-Security": "max-age=31536000; includeSubDomains",
        "X-Content-Type-Options": "nosniff",
        "x-ms-client-request-id": "0555620a6cfea87614963ee2c44f87cd",
        "x-ms-correlation-request-id": "b04d8aca-913f-4bcc-b8a9-0276b117cb65",
        "x-ms-ratelimit-remaining-subscription-reads": "11970",
        "x-ms-request-id": "86980623-97ec-4205-b718-fa84c9b80bcf_M11SN1_M11SN1",
        "x-ms-routing-request-id": "SOUTHEASTASIA:20220629T144438Z:b04d8aca-913f-4bcc-b8a9-0276b117cb65"
      },
      "ResponseBody": {
        "id": "/subscriptions/db1ab6f0-4769-4b27-930e-01e2ef9c123c/resourceGroups/testeventhubRG-791/providers/Microsoft.EventHub/namespaces/testnamespacemgmt5307/privateEndpointConnections/01d7e6a8-e533-45dc-a977-83c8c80e6c1f/operationStatus/01d7e6a8-e533-45dc-a977-83c8c80e6c1f/operationStatus/01d7e6a8-e533-45dc-a977-83c8c80e6c1f",
        "name": "01d7e6a8-e533-45dc-a977-83c8c80e6c1f",
        "status": "Deleting",
        "startTime": "2022-06-29T14:44:31.69Z",
        "endTime": "0001-01-01T00:00:00Z"
      }
    },
    {
      "RequestUri": "https://management.azure.com/subscriptions/db1ab6f0-4769-4b27-930e-01e2ef9c123c/resourceGroups/testeventhubRG-791/providers/Microsoft.EventHub/namespaces/testnamespacemgmt5307/privateEndpointConnections/01d7e6a8-e533-45dc-a977-83c8c80e6c1f/operationStatus/01d7e6a8-e533-45dc-a977-83c8c80e6c1f?api-version=2021-11-01\u0026operationType=Delete",
      "RequestMethod": "GET",
      "RequestHeaders": {
        "Authorization": "Sanitized",
        "traceparent": "00-d57d16083ecbbb4b8045785dba5097ab-5c89dd92f4f4ed44-00",
        "User-Agent": "azsdk-net-ResourceManager/1.1.1 (.NET Framework 4.8.4510.0; Microsoft Windows 10.0.19044 )",
        "x-ms-client-request-id": "d6d0ff8141c5663f72dca7916b5b0a7d",
        "x-ms-return-client-request-id": "true"
      },
      "RequestBody": null,
      "StatusCode": 200,
      "ResponseHeaders": {
        "Azure-AsyncOperation": "https://management.azure.com/subscriptions/db1ab6f0-4769-4b27-930e-01e2ef9c123c/resourceGroups/testeventhubRG-791/providers/Microsoft.EventHub/namespaces/testnamespacemgmt5307/privateEndpointConnections/01d7e6a8-e533-45dc-a977-83c8c80e6c1f/operationStatus/01d7e6a8-e533-45dc-a977-83c8c80e6c1f?api-version=2021-11-01\u0026operationType=Delete",
        "Cache-Control": "no-cache",
        "Content-Length": "463",
        "Content-Type": "application/json; charset=utf-8",
        "Date": "Wed, 29 Jun 2022 14:44:40 GMT",
        "Expires": "-1",
        "Pragma": "no-cache",
        "Server": [
          "Service-Bus-Resource-Provider/SN1",
          "Microsoft-HTTPAPI/2.0"
        ],
        "Server-SB": "Service-Bus-Resource-Provider/SN1",
        "Strict-Transport-Security": "max-age=31536000; includeSubDomains",
        "X-Content-Type-Options": "nosniff",
        "x-ms-client-request-id": "d6d0ff8141c5663f72dca7916b5b0a7d",
        "x-ms-correlation-request-id": "a7f49b9c-0650-4250-8abc-75316d6ff809",
        "x-ms-ratelimit-remaining-subscription-reads": "11969",
        "x-ms-request-id": "5a587756-45fb-418e-9bf7-135c2de136e5_M7SN1_M7SN1",
        "x-ms-routing-request-id": "SOUTHEASTASIA:20220629T144440Z:a7f49b9c-0650-4250-8abc-75316d6ff809"
      },
      "ResponseBody": {
        "id": "/subscriptions/db1ab6f0-4769-4b27-930e-01e2ef9c123c/resourceGroups/testeventhubRG-791/providers/Microsoft.EventHub/namespaces/testnamespacemgmt5307/privateEndpointConnections/01d7e6a8-e533-45dc-a977-83c8c80e6c1f/operationStatus/01d7e6a8-e533-45dc-a977-83c8c80e6c1f/operationStatus/01d7e6a8-e533-45dc-a977-83c8c80e6c1f",
        "name": "01d7e6a8-e533-45dc-a977-83c8c80e6c1f",
        "status": "Deleting",
        "startTime": "2022-06-29T14:44:31.69Z",
        "endTime": "0001-01-01T00:00:00Z"
      }
    },
    {
      "RequestUri": "https://management.azure.com/subscriptions/db1ab6f0-4769-4b27-930e-01e2ef9c123c/resourceGroups/testeventhubRG-791/providers/Microsoft.EventHub/namespaces/testnamespacemgmt5307/privateEndpointConnections/01d7e6a8-e533-45dc-a977-83c8c80e6c1f/operationStatus/01d7e6a8-e533-45dc-a977-83c8c80e6c1f?api-version=2021-11-01\u0026operationType=Delete",
      "RequestMethod": "GET",
      "RequestHeaders": {
        "Authorization": "Sanitized",
        "traceparent": "00-d57d16083ecbbb4b8045785dba5097ab-dcb2bfb825d1ca4f-00",
        "User-Agent": "azsdk-net-ResourceManager/1.1.1 (.NET Framework 4.8.4510.0; Microsoft Windows 10.0.19044 )",
        "x-ms-client-request-id": "8b9899b5628b9415e7e58af9ec39e371",
        "x-ms-return-client-request-id": "true"
      },
      "RequestBody": null,
      "StatusCode": 200,
      "ResponseHeaders": {
        "Azure-AsyncOperation": "https://management.azure.com/subscriptions/db1ab6f0-4769-4b27-930e-01e2ef9c123c/resourceGroups/testeventhubRG-791/providers/Microsoft.EventHub/namespaces/testnamespacemgmt5307/privateEndpointConnections/01d7e6a8-e533-45dc-a977-83c8c80e6c1f/operationStatus/01d7e6a8-e533-45dc-a977-83c8c80e6c1f?api-version=2021-11-01\u0026operationType=Delete",
        "Cache-Control": "no-cache",
        "Content-Length": "464",
        "Content-Type": "application/json; charset=utf-8",
        "Date": "Wed, 29 Jun 2022 14:44:43 GMT",
        "Expires": "-1",
        "Pragma": "no-cache",
        "Server": [
          "Service-Bus-Resource-Provider/SN1",
          "Microsoft-HTTPAPI/2.0"
        ],
        "Server-SB": "Service-Bus-Resource-Provider/SN1",
        "Strict-Transport-Security": "max-age=31536000; includeSubDomains",
        "X-Content-Type-Options": "nosniff",
        "x-ms-client-request-id": "8b9899b5628b9415e7e58af9ec39e371",
        "x-ms-correlation-request-id": "a3292d5c-b83c-4efb-8cf2-161820137682",
        "x-ms-ratelimit-remaining-subscription-reads": "11968",
        "x-ms-request-id": "7131a8a8-ec46-47bb-9129-1f2ae838c573_M0SN1_M0SN1",
        "x-ms-routing-request-id": "SOUTHEASTASIA:20220629T144443Z:a3292d5c-b83c-4efb-8cf2-161820137682"
      },
      "ResponseBody": {
        "id": "/subscriptions/db1ab6f0-4769-4b27-930e-01e2ef9c123c/resourceGroups/testeventhubRG-791/providers/Microsoft.EventHub/namespaces/testnamespacemgmt5307/privateEndpointConnections/01d7e6a8-e533-45dc-a977-83c8c80e6c1f/operationStatus/01d7e6a8-e533-45dc-a977-83c8c80e6c1f/operationStatus/01d7e6a8-e533-45dc-a977-83c8c80e6c1f",
        "name": "01d7e6a8-e533-45dc-a977-83c8c80e6c1f",
        "status": "Deleting",
        "startTime": "2022-06-29T14:44:42.687Z",
        "endTime": "0001-01-01T00:00:00Z"
      }
    },
    {
      "RequestUri": "https://management.azure.com/subscriptions/db1ab6f0-4769-4b27-930e-01e2ef9c123c/resourceGroups/testeventhubRG-791/providers/Microsoft.EventHub/namespaces/testnamespacemgmt5307/privateEndpointConnections/01d7e6a8-e533-45dc-a977-83c8c80e6c1f/operationStatus/01d7e6a8-e533-45dc-a977-83c8c80e6c1f?api-version=2021-11-01\u0026operationType=Delete",
      "RequestMethod": "GET",
      "RequestHeaders": {
        "Authorization": "Sanitized",
        "traceparent": "00-d57d16083ecbbb4b8045785dba5097ab-8c7d972d0fa64241-00",
        "User-Agent": "azsdk-net-ResourceManager/1.1.1 (.NET Framework 4.8.4510.0; Microsoft Windows 10.0.19044 )",
        "x-ms-client-request-id": "c4a4d7611eddc9e123ee9221c5e53db8",
        "x-ms-return-client-request-id": "true"
      },
      "RequestBody": null,
      "StatusCode": 200,
      "ResponseHeaders": {
        "Cache-Control": "no-cache",
        "Content-Length": "461",
        "Content-Type": "application/json; charset=utf-8",
        "Date": "Wed, 29 Jun 2022 14:44:48 GMT",
        "Expires": "-1",
        "Pragma": "no-cache",
        "Server": [
          "Service-Bus-Resource-Provider/SN1",
          "Microsoft-HTTPAPI/2.0"
        ],
        "Server-SB": "Service-Bus-Resource-Provider/SN1",
        "Strict-Transport-Security": "max-age=31536000; includeSubDomains",
        "X-Content-Type-Options": "nosniff",
        "x-ms-client-request-id": "c4a4d7611eddc9e123ee9221c5e53db8",
        "x-ms-correlation-request-id": "f98bddbf-6470-4127-a79a-6dc15c2e84d2",
        "x-ms-ratelimit-remaining-subscription-reads": "11967",
        "x-ms-request-id": "fa2afda8-dbab-4d72-855f-900795b2df3c_M0SN1_M0SN1",
        "x-ms-routing-request-id": "SOUTHEASTASIA:20220629T144448Z:f98bddbf-6470-4127-a79a-6dc15c2e84d2"
      },
      "ResponseBody": {
        "id": "/subscriptions/db1ab6f0-4769-4b27-930e-01e2ef9c123c/resourceGroups/testeventhubRG-791/providers/Microsoft.EventHub/namespaces/testnamespacemgmt5307/privateEndpointConnections/01d7e6a8-e533-45dc-a977-83c8c80e6c1f/operationStatus/01d7e6a8-e533-45dc-a977-83c8c80e6c1f/operationStatus/01d7e6a8-e533-45dc-a977-83c8c80e6c1f",
        "name": "01d7e6a8-e533-45dc-a977-83c8c80e6c1f",
        "status": "Succeeded",
        "startTime": "0001-01-01T00:00:00Z",
        "endTime": "0001-01-01T00:00:00Z"
      }
    },
    {
      "RequestUri": "https://management.azure.com/subscriptions/db1ab6f0-4769-4b27-930e-01e2ef9c123c/resourceGroups/testeventhubRG-791/providers/Microsoft.EventHub/namespaces/testnamespacemgmt5307/privateEndpointConnections/01d7e6a8-e533-45dc-a977-83c8c80e6c1f?api-version=2021-11-01",
      "RequestMethod": "GET",
      "RequestHeaders": {
        "Accept": "application/json",
        "Authorization": "Sanitized",
        "traceparent": "00-b5927297a71b2444b0b34998e5184b68-f75cf9919036ea4e-00",
        "User-Agent": "azsdk-net-ResourceManager.EventHubs/1.0.0-alpha.20220629.1 (.NET Framework 4.8.4510.0; Microsoft Windows 10.0.19044 )",
        "x-ms-client-request-id": "2b2dc18bfbb71e41e93befe0b6467939",
        "x-ms-return-client-request-id": "true"
      },
      "RequestBody": null,
      "StatusCode": 404,
      "ResponseHeaders": {
        "Cache-Control": "no-cache",
        "Content-Length": "169",
        "Content-Type": "application/json; charset=utf-8",
        "Date": "Wed, 29 Jun 2022 14:44:49 GMT",
        "Expires": "-1",
        "Pragma": "no-cache",
        "Server": [
          "Service-Bus-Resource-Provider/SN1",
          "Microsoft-HTTPAPI/2.0"
        ],
        "Server-SB": "Service-Bus-Resource-Provider/SN1",
        "Strict-Transport-Security": "max-age=31536000; includeSubDomains",
        "X-Content-Type-Options": "nosniff",
        "x-ms-client-request-id": "2b2dc18bfbb71e41e93befe0b6467939",
        "x-ms-correlation-request-id": "3c5ca667-f264-4775-a929-e2fb285215a0",
        "x-ms-ratelimit-remaining-subscription-reads": "11966",
        "x-ms-request-id": "902ad9e7-6632-4fef-ad96-d4b081f511df_M11SN1_M11SN1",
        "x-ms-routing-request-id": "SOUTHEASTASIA:20220629T144450Z:3c5ca667-f264-4775-a929-e2fb285215a0"
      },
      "ResponseBody": {
        "error": {
          "message": "The requested resource 01d7e6a8-e533-45dc-a977-83c8c80e6c1f does not exist. CorrelationId: 3c5ca667-f264-4775-a929-e2fb285215a0",
          "code": "NotFound"
        }
      }
    },
    {
      "RequestUri": "https://management.azure.com/subscriptions/db1ab6f0-4769-4b27-930e-01e2ef9c123c/resourceGroups/testeventhubRG-791/providers/Microsoft.EventHub/namespaces/testnamespacemgmt5307/privateEndpointConnections?api-version=2021-11-01",
      "RequestMethod": "GET",
      "RequestHeaders": {
        "Accept": "application/json",
        "Authorization": "Sanitized",
        "traceparent": "00-d599ca4911973748aa5168ea25e1f44d-70545e8cdfed5f46-00",
        "User-Agent": "azsdk-net-ResourceManager.EventHubs/1.0.0-alpha.20220629.1 (.NET Framework 4.8.4510.0; Microsoft Windows 10.0.19044 )",
        "x-ms-client-request-id": "942f35f845b7969fb7cf689ccff4ce02",
        "x-ms-return-client-request-id": "true"
      },
      "RequestBody": null,
      "StatusCode": 200,
      "ResponseHeaders": {
        "Cache-Control": "no-cache",
        "Content-Length": "12",
        "Content-Type": "application/json; charset=utf-8",
        "Date": "Wed, 29 Jun 2022 14:44:51 GMT",
        "Expires": "-1",
        "Pragma": "no-cache",
        "Server": [
          "Service-Bus-Resource-Provider/SN1",
          "Microsoft-HTTPAPI/2.0"
        ],
        "Server-SB": "Service-Bus-Resource-Provider/SN1",
        "Strict-Transport-Security": "max-age=31536000; includeSubDomains",
        "X-Content-Type-Options": "nosniff",
        "x-ms-client-request-id": "942f35f845b7969fb7cf689ccff4ce02",
        "x-ms-correlation-request-id": "c35ef735-7bf6-4cb7-93d6-959688967806",
        "x-ms-ratelimit-remaining-subscription-reads": "11965",
        "x-ms-request-id": "917bf199-58dd-4a30-8fb5-fadbe945c567_M8SN1_M8SN1",
        "x-ms-routing-request-id": "SOUTHEASTASIA:20220629T144451Z:c35ef735-7bf6-4cb7-93d6-959688967806"
      },
      "ResponseBody": {
        "value": []
      }
    }
  ],
  "Variables": {
    "AZURE_AUTHORITY_HOST": "https://login.microsoftonline.com",
    "RandomSeed": "1272392110",
    "RESOURCE_MANAGER_URL": null,
    "SUBSCRIPTION_ID": "db1ab6f0-4769-4b27-930e-01e2ef9c123c"
  }
}
