{
  "Entries": [
    {
      "RequestUri": "https://prod-test.communication.azure.com/routing/distributionpolicies?api-version=2021-04-07-preview1",
      "RequestMethod": "PUT",
      "RequestHeaders": {
        "Accept": "application/json",
        "Authorization": "Sanitized",
        "Content-Length": "257",
        "Content-Type": "application/json",
        "traceparent": "00-d46e79b31ef1514bb56bdd6ef9a96f74-7a6ad5309d7f2143-00",
        "User-Agent": [
          "azsdk-net-Communication.JobRouter/1.0.0-alpha.20220216.1",
          "(.NET 5.0.14; Microsoft Windows 10.0.22000)"
        ],
        "x-ms-client-request-id": "d6d391f162e6ed81fadc71c127b0e4f4",
        "x-ms-content-sha256": "Sanitized",
        "x-ms-date": "Wed, 16 Feb 2022 17:09:55 GMT",
        "x-ms-return-client-request-id": "true"
      },
      "RequestBody": {
        "id": "sdk-PTFQdiiwn0eVb9CviAkW4w-CreateQueueTest",
        "name": "LongestIdleDistributionPolicysdk-PTFQdiiwn0eVb9CviAkW4w-CreateQueueTest",
        "offerTTL": "00:00:30",
        "mode": {
          "kind": "longest-idle",
          "minConcurrentOffers": 1,
          "maxConcurrentOffers": 1,
          "bypassSelectors": false
        }
      },
      "StatusCode": 200,
      "ResponseHeaders": {
        "api-supported-versions": "2021-04-07-preview1, 2021-10-20-preview2",
        "Content-Type": "application/json; charset=utf-8",
        "Date": "Wed, 16 Feb 2022 17:09:55 GMT",
        "Request-Context": "appId=",
        "trace-id": "d46e79b31ef1514bb56bdd6ef9a96f74",
        "Transfer-Encoding": "chunked",
        "X-Azure-Ref": "04y8NYgAAAAAFsZ1DdnrBSaSpvnFut\u002BRsWVZSMzExMDAwMTE2MDUxADlmYzdiNTE5LWE4Y2MtNGY4OS05MzVlLWM5MTQ4YWUwOWU4MQ==",
        "X-Cache": "CONFIG_NOCACHE"
      },
      "ResponseBody": {
        "id": "sdk-PTFQdiiwn0eVb9CviAkW4w-CreateQueueTest",
        "name": "LongestIdleDistributionPolicysdk-PTFQdiiwn0eVb9CviAkW4w-CreateQueueTest",
        "offerTTL": "00:00:30",
        "mode": {
          "kind": "longest-idle",
          "minConcurrentOffers": 1,
          "maxConcurrentOffers": 1,
          "bypassSelectors": false
        }
      }
    },
    {
      "RequestUri": "https://prod-test.communication.azure.com/routing/distributionpolicies?api-version=2021-04-07-preview1",
      "RequestMethod": "PUT",
      "RequestHeaders": {
        "Accept": "application/json",
        "Authorization": "Sanitized",
        "Content-Length": "257",
        "Content-Type": "application/json",
        "traceparent": "00-7666a39a9748494d9e016a138bfcf1d7-f4677938b9349a49-00",
        "User-Agent": [
          "azsdk-net-Communication.JobRouter/1.0.0-alpha.20220216.1",
          "(.NET 5.0.14; Microsoft Windows 10.0.22000)"
        ],
        "x-ms-client-request-id": "9bd54fd601075c96b2b62c105e801990",
        "x-ms-content-sha256": "Sanitized",
        "x-ms-date": "Wed, 16 Feb 2022 17:09:55 GMT",
        "x-ms-return-client-request-id": "true"
      },
      "RequestBody": {
        "id": "sdk-PTFQdiiwn0eVb9CviAkW4w-CreateQueueTest",
        "name": "LongestIdleDistributionPolicysdk-PTFQdiiwn0eVb9CviAkW4w-CreateQueueTest",
        "offerTTL": "00:00:30",
        "mode": {
          "kind": "longest-idle",
          "minConcurrentOffers": 1,
          "maxConcurrentOffers": 1,
          "bypassSelectors": false
        }
      },
      "StatusCode": 200,
      "ResponseHeaders": {
        "api-supported-versions": "2021-04-07-preview1, 2021-10-20-preview2",
        "Content-Type": "application/json; charset=utf-8",
        "Date": "Wed, 16 Feb 2022 17:09:56 GMT",
        "Request-Context": "appId=",
        "trace-id": "7666a39a9748494d9e016a138bfcf1d7",
        "Transfer-Encoding": "chunked",
        "X-Azure-Ref": "04y8NYgAAAADDFDBIdeiOQIcFDb9GsVMcWVZSMzExMDAwMTE2MDUxADlmYzdiNTE5LWE4Y2MtNGY4OS05MzVlLWM5MTQ4YWUwOWU4MQ==",
        "X-Cache": "CONFIG_NOCACHE"
      },
      "ResponseBody": {
        "id": "sdk-PTFQdiiwn0eVb9CviAkW4w-CreateQueueTest",
        "name": "LongestIdleDistributionPolicysdk-PTFQdiiwn0eVb9CviAkW4w-CreateQueueTest",
        "offerTTL": "00:00:30",
        "mode": {
          "kind": "longest-idle",
          "minConcurrentOffers": 1,
          "maxConcurrentOffers": 1,
          "bypassSelectors": false
        }
      }
    },
    {
      "RequestUri": "https://prod-test.communication.azure.com/routing/queues?api-version=2021-04-07-preview1",
      "RequestMethod": "PUT",
      "RequestHeaders": {
        "Accept": "application/json",
        "Authorization": "Sanitized",
        "Content-Length": "223",
        "Content-Type": "application/json",
        "traceparent": "00-4cc8f1c9c6dd9c4ea4dd5700cee56109-2d27c4bc96001e45-00",
        "User-Agent": [
          "azsdk-net-Communication.JobRouter/1.0.0-alpha.20220216.1",
          "(.NET 5.0.14; Microsoft Windows 10.0.22000)"
        ],
        "x-ms-client-request-id": "d10ecd0b123d2a79c8468771582e7859",
        "x-ms-content-sha256": "Sanitized",
        "x-ms-date": "Wed, 16 Feb 2022 17:09:56 GMT",
        "x-ms-return-client-request-id": "true"
      },
      "RequestBody": {
        "id": "sdk-PTFQdiiwn0eVb9CviAkW4w-CreateQueueTest",
        "name": "DefaultQueue-Sdk-Testsdk-PTFQdiiwn0eVb9CviAkW4w-CreateQueueTest",
        "distributionPolicyId": "sdk-PTFQdiiwn0eVb9CviAkW4w-CreateQueueTest",
        "labels": {
          "Label_1": "Value_1"
        }
      },
      "StatusCode": 200,
      "ResponseHeaders": {
        "api-supported-versions": "2021-04-07-preview1, 2021-10-20-preview2",
        "Content-Type": "application/json; charset=utf-8",
        "Date": "Wed, 16 Feb 2022 17:09:56 GMT",
        "Request-Context": "appId=",
        "trace-id": "4cc8f1c9c6dd9c4ea4dd5700cee56109",
        "Transfer-Encoding": "chunked",
        "X-Azure-Ref": "05C8NYgAAAACHN3zMNmfIRbCy/VsrU3GEWVZSMzExMDAwMTE2MDUxADlmYzdiNTE5LWE4Y2MtNGY4OS05MzVlLWM5MTQ4YWUwOWU4MQ==",
        "X-Cache": "CONFIG_NOCACHE"
      },
      "ResponseBody": {
        "id": "sdk-PTFQdiiwn0eVb9CviAkW4w-CreateQueueTest",
        "name": "DefaultQueue-Sdk-Testsdk-PTFQdiiwn0eVb9CviAkW4w-CreateQueueTest",
        "distributionPolicyId": "sdk-PTFQdiiwn0eVb9CviAkW4w-CreateQueueTest",
        "labels": {
          "Label_1": "Value_1",
          "Id": "sdk-PTFQdiiwn0eVb9CviAkW4w-CreateQueueTest"
        },
        "exceptionPolicyId": null,
        "estimatedWaitTimeMs": null
      }
    },
    {
      "RequestUri": "https://prod-test.communication.azure.com/routing/queues?api-version=2021-04-07-preview1",
      "RequestMethod": "PUT",
      "RequestHeaders": {
        "Accept": "application/json",
        "Authorization": "Sanitized",
        "Content-Length": "133",
        "Content-Type": "application/json",
        "traceparent": "00-49ba267ce5e42f4e9f8999e9e64707fc-411a960046de9049-00",
        "User-Agent": [
          "azsdk-net-Communication.JobRouter/1.0.0-alpha.20220216.1",
          "(.NET 5.0.14; Microsoft Windows 10.0.22000)"
        ],
        "x-ms-client-request-id": "04e39d36295aefeffb77233036708f79",
        "x-ms-content-sha256": "Sanitized",
        "x-ms-date": "Wed, 16 Feb 2022 17:09:56 GMT",
        "x-ms-return-client-request-id": "true"
      },
      "RequestBody": {
        "id": "sdk-PTFQdiiwn0eVb9CviAkW4w-CreateQueueTest",
        "distributionPolicyId": "sdk-PTFQdiiwn0eVb9CviAkW4w-CreateQueueTest",
        "labels": null
      },
      "StatusCode": 200,
      "ResponseHeaders": {
        "api-supported-versions": "2021-04-07-preview1, 2021-10-20-preview2",
        "Content-Type": "application/json; charset=utf-8",
        "Date": "Wed, 16 Feb 2022 17:09:56 GMT",
        "Request-Context": "appId=",
        "trace-id": "49ba267ce5e42f4e9f8999e9e64707fc",
        "Transfer-Encoding": "chunked",
        "X-Azure-Ref": "05C8NYgAAAADhz2hErVTBQK7A\u002BeJdyTKTWVZSMzExMDAwMTE2MDUxADlmYzdiNTE5LWE4Y2MtNGY4OS05MzVlLWM5MTQ4YWUwOWU4MQ==",
        "X-Cache": "CONFIG_NOCACHE"
      },
      "ResponseBody": {
        "id": "sdk-PTFQdiiwn0eVb9CviAkW4w-CreateQueueTest",
        "name": null,
        "distributionPolicyId": "sdk-PTFQdiiwn0eVb9CviAkW4w-CreateQueueTest",
        "labels": {
          "Id": "sdk-PTFQdiiwn0eVb9CviAkW4w-CreateQueueTest"
        },
        "exceptionPolicyId": null,
        "estimatedWaitTimeMs": null
      }
    },
    {
      "RequestUri": "https://prod-test.communication.azure.com/routing/queues?api-version=2021-04-07-preview1",
      "RequestMethod": "PUT",
      "RequestHeaders": {
        "Accept": "application/json",
        "Authorization": "Sanitized",
        "Content-Length": "226",
        "Content-Type": "application/json",
        "traceparent": "00-447651388135fb40ab1b382798bc4886-a250e7258c81e84d-00",
        "User-Agent": [
          "azsdk-net-Communication.JobRouter/1.0.0-alpha.20220216.1",
          "(.NET 5.0.14; Microsoft Windows 10.0.22000)"
        ],
        "x-ms-client-request-id": "5ab6e0c213a2c3b6d6abd2c07a240383",
        "x-ms-content-sha256": "Sanitized",
        "x-ms-date": "Wed, 16 Feb 2022 17:09:57 GMT",
        "x-ms-return-client-request-id": "true"
      },
      "RequestBody": {
        "id": "sdk-PTFQdiiwn0eVb9CviAkW4w-CreateQueueTest2",
        "name": "DefaultQueueWithLabelssdk-PTFQdiiwn0eVb9CviAkW4w-CreateQueueTest2",
        "distributionPolicyId": "sdk-PTFQdiiwn0eVb9CviAkW4w-CreateQueueTest",
        "labels": {
          "Label_1": "Value_1"
        }
      },
      "StatusCode": 200,
      "ResponseHeaders": {
        "api-supported-versions": "2021-04-07-preview1, 2021-10-20-preview2",
        "Content-Type": "application/json; charset=utf-8",
        "Date": "Wed, 16 Feb 2022 17:09:57 GMT",
        "Request-Context": "appId=",
        "trace-id": "447651388135fb40ab1b382798bc4886",
        "Transfer-Encoding": "chunked",
        "X-Azure-Ref": "05C8NYgAAAAA3NqmYltc0RIcQ0TL9yJWyWVZSMzExMDAwMTE2MDUxADlmYzdiNTE5LWE4Y2MtNGY4OS05MzVlLWM5MTQ4YWUwOWU4MQ==",
        "X-Cache": "CONFIG_NOCACHE"
      },
      "ResponseBody": {
        "id": "sdk-PTFQdiiwn0eVb9CviAkW4w-CreateQueueTest2",
        "name": "DefaultQueueWithLabelssdk-PTFQdiiwn0eVb9CviAkW4w-CreateQueueTest2",
        "distributionPolicyId": "sdk-PTFQdiiwn0eVb9CviAkW4w-CreateQueueTest",
        "labels": {
          "Label_1": "Value_1",
          "Id": "sdk-PTFQdiiwn0eVb9CviAkW4w-CreateQueueTest2"
        },
        "exceptionPolicyId": null,
        "estimatedWaitTimeMs": null
      }
    }
  ],
  "Variables": {
    "COMMUNICATION_LIVETEST_DYNAMIC_CONNECTION_STRING": "endpoint=https://prod-test.communication.azure.com/;accesskey=Kg==",
    "id-prefix": "sdk-PTFQdiiwn0eVb9CviAkW4w-",
    "RandomSeed": "73192626"
  }
}