{
  "Entries": [
    {
      "RequestUri": "https://rsarkar-sdktest.int.communication.azure.net/routing/channels?api-version=2021-04-07-preview1",
      "RequestMethod": "PUT",
      "RequestHeaders": {
        "Accept": "application/json",
        "Authorization": "Sanitized",
        "Content-Length": "88",
        "Content-Type": "application/json",
        "traceparent": "00-81e1b98321b1cc4181cfd2f80d615ded-1513a4df0c27884f-00",
        "User-Agent": "azsdk-net-Communication.JobRouter/1.0.0-alpha.20211012.1 (.NET Framework 4.8.4300.0; Microsoft Windows 10.0.19043 )",
        "x-ms-client-request-id": "5ae8357640dbd392eb945589d048fac3",
        "x-ms-content-sha256": "Sanitized",
        "x-ms-date": "Tue, 12 Oct 2021 23:51:58 GMT",
        "x-ms-return-client-request-id": "true"
      },
      "RequestBody": {
        "id": "sdk-vIoaVB2T30-tNERY1u4K2w-Ch1GetWorkersTest",
        "name": "TestChannelName-ChannelId"
      },
      "StatusCode": 200,
      "ResponseHeaders": {
        "api-supported-versions": "2021-04-07-preview1",
        "Content-Type": "application/json; charset=utf-8",
        "Date": "Tue, 12 Oct 2021 23:51:57 GMT",
        "Request-Context": "appId=",
        "trace-id": "81e1b98321b1cc4181cfd2f80d615ded",
        "Transfer-Encoding": "chunked",
        "X-Azure-Ref": "0nh9mYQAAAACQ3z5vIu/FTZnB6f4MfYsNWVZSMzBFREdFMDQxMQBjYzkyNzU4ZC0wNWY3LTRhZDYtYWE1ZS0wZmE5NzE4ZDg5ODU=",
        "X-Cache": "CONFIG_NOCACHE"
      },
      "ResponseBody": {
        "id": "sdk-vIoaVB2T30-tNERY1u4K2w-Ch1GetWorkersTest",
        "name": "TestChannelName-ChannelId",
        "acsManaged": false
      }
    },
    {
      "RequestUri": "https://rsarkar-sdktest.int.communication.azure.net/routing/channels?api-version=2021-04-07-preview1",
      "RequestMethod": "PUT",
      "RequestHeaders": {
        "Accept": "application/json",
        "Authorization": "Sanitized",
        "Content-Length": "88",
        "Content-Type": "application/json",
        "traceparent": "00-cbe76afe53b1f64898e3ca0cd7d493c0-c345303f93dc2f4d-00",
        "User-Agent": "azsdk-net-Communication.JobRouter/1.0.0-alpha.20211012.1 (.NET Framework 4.8.4300.0; Microsoft Windows 10.0.19043 )",
        "x-ms-client-request-id": "0279c9f29528a7d4d9aa523c49041a1c",
        "x-ms-content-sha256": "Sanitized",
        "x-ms-date": "Tue, 12 Oct 2021 23:51:58 GMT",
        "x-ms-return-client-request-id": "true"
      },
      "RequestBody": {
        "id": "sdk-vIoaVB2T30-tNERY1u4K2w-Ch2GetWorkersTest",
        "name": "TestChannelName-ChannelId"
      },
      "StatusCode": 200,
      "ResponseHeaders": {
        "api-supported-versions": "2021-04-07-preview1",
        "Content-Type": "application/json; charset=utf-8",
        "Date": "Tue, 12 Oct 2021 23:51:57 GMT",
        "Request-Context": "appId=",
        "trace-id": "cbe76afe53b1f64898e3ca0cd7d493c0",
        "Transfer-Encoding": "chunked",
        "X-Azure-Ref": "0nh9mYQAAAACSNjxzTsxzTb8DnIiGw6J0WVZSMzBFREdFMDQxMQBjYzkyNzU4ZC0wNWY3LTRhZDYtYWE1ZS0wZmE5NzE4ZDg5ODU=",
        "X-Cache": "CONFIG_NOCACHE"
      },
      "ResponseBody": {
        "id": "sdk-vIoaVB2T30-tNERY1u4K2w-Ch2GetWorkersTest",
        "name": "TestChannelName-ChannelId",
        "acsManaged": false
      }
    },
    {
      "RequestUri": "https://rsarkar-sdktest.int.communication.azure.net/routing/distributionpolicies?api-version=2021-04-07-preview1",
      "RequestMethod": "PUT",
      "RequestHeaders": {
        "Accept": "application/json",
        "Authorization": "Sanitized",
        "Content-Length": "259",
        "Content-Type": "application/json",
        "traceparent": "00-29818883dc658449b8c1d917e0bda588-eed6b90566e4e64f-00",
        "User-Agent": "azsdk-net-Communication.JobRouter/1.0.0-alpha.20211012.1 (.NET Framework 4.8.4300.0; Microsoft Windows 10.0.19043 )",
        "x-ms-client-request-id": "1631a43c5b1c4d622cdf3554c891335e",
        "x-ms-content-sha256": "Sanitized",
        "x-ms-date": "Tue, 12 Oct 2021 23:51:58 GMT",
        "x-ms-return-client-request-id": "true"
      },
      "RequestBody": {
        "id": "sdk-vIoaVB2T30-tNERY1u4K2w-Q1GetWorkersTest",
        "name": "LongestIdleDistributionPolicysdk-vIoaVB2T30-tNERY1u4K2w-Q1GetWorkersTest",
        "offerTTL": "00:00:30",
        "mode": {
          "kind": "longest-idle",
          "minConcurrentOffers": 1,
          "maxConcurrentOffers": 1,
          "bypassSelectors": false
        }
      },
      "StatusCode": 200,
      "ResponseHeaders": {
        "api-supported-versions": "2021-04-07-preview1",
        "Content-Type": "application/json; charset=utf-8",
        "Date": "Tue, 12 Oct 2021 23:51:58 GMT",
        "Request-Context": "appId=",
        "trace-id": "29818883dc658449b8c1d917e0bda588",
        "Transfer-Encoding": "chunked",
        "X-Azure-Ref": "0nh9mYQAAAABONMAd/VOlSaS3PEHEugchWVZSMzBFREdFMDQxMQBjYzkyNzU4ZC0wNWY3LTRhZDYtYWE1ZS0wZmE5NzE4ZDg5ODU=",
        "X-Cache": "CONFIG_NOCACHE"
      },
      "ResponseBody": {
        "id": "sdk-vIoaVB2T30-tNERY1u4K2w-Q1GetWorkersTest",
        "name": "LongestIdleDistributionPolicysdk-vIoaVB2T30-tNERY1u4K2w-Q1GetWorkersTest",
        "offerTTL": "00:00:30",
        "mode": {
          "kind": "longest-idle",
          "minConcurrentOffers": 1,
          "maxConcurrentOffers": 1,
          "bypassSelectors": false
        }
      }
    },
    {
      "RequestUri": "https://rsarkar-sdktest.int.communication.azure.net/routing/queues?api-version=2021-04-07-preview1",
      "RequestMethod": "PUT",
      "RequestHeaders": {
        "Accept": "application/json",
        "Authorization": "Sanitized",
        "Content-Length": "226",
        "Content-Type": "application/json",
        "traceparent": "00-15c1ccb54be16340b8c3cfb62f878a0a-f9257d9ab4752d46-00",
        "User-Agent": "azsdk-net-Communication.JobRouter/1.0.0-alpha.20211012.1 (.NET Framework 4.8.4300.0; Microsoft Windows 10.0.19043 )",
        "x-ms-client-request-id": "c01f16dd65c5e17460418030ee5589e6",
        "x-ms-content-sha256": "Sanitized",
        "x-ms-date": "Tue, 12 Oct 2021 23:51:58 GMT",
        "x-ms-return-client-request-id": "true"
      },
      "RequestBody": {
        "id": "sdk-vIoaVB2T30-tNERY1u4K2w-Q1GetWorkersTest",
        "name": "DefaultQueue-Sdk-Testsdk-vIoaVB2T30-tNERY1u4K2w-Q1GetWorkersTest",
        "distributionPolicyId": "sdk-vIoaVB2T30-tNERY1u4K2w-Q1GetWorkersTest",
        "labels": {
          "Label_1": "Value_1"
        }
      },
      "StatusCode": 200,
      "ResponseHeaders": {
        "api-supported-versions": "2021-04-07-preview1",
        "Content-Type": "application/json; charset=utf-8",
        "Date": "Tue, 12 Oct 2021 23:51:58 GMT",
        "Request-Context": "appId=",
        "trace-id": "15c1ccb54be16340b8c3cfb62f878a0a",
        "Transfer-Encoding": "chunked",
        "X-Azure-Ref": "0nh9mYQAAAADuOptZat41SZfHMZe2WiFOWVZSMzBFREdFMDQxMQBjYzkyNzU4ZC0wNWY3LTRhZDYtYWE1ZS0wZmE5NzE4ZDg5ODU=",
        "X-Cache": "CONFIG_NOCACHE"
      },
      "ResponseBody": {
        "id": "sdk-vIoaVB2T30-tNERY1u4K2w-Q1GetWorkersTest",
        "name": "DefaultQueue-Sdk-Testsdk-vIoaVB2T30-tNERY1u4K2w-Q1GetWorkersTest",
        "distributionPolicyId": "sdk-vIoaVB2T30-tNERY1u4K2w-Q1GetWorkersTest",
        "labels": {
          "Label_1": "Value_1"
        },
        "exceptionPolicyId": null
      }
    },
    {
      "RequestUri": "https://rsarkar-sdktest.int.communication.azure.net/routing/distributionpolicies?api-version=2021-04-07-preview1",
      "RequestMethod": "PUT",
      "RequestHeaders": {
        "Accept": "application/json",
        "Authorization": "Sanitized",
        "Content-Length": "259",
        "Content-Type": "application/json",
        "traceparent": "00-3dddf4694065e74e95e1afc5674b62b1-0f898384334d084b-00",
        "User-Agent": "azsdk-net-Communication.JobRouter/1.0.0-alpha.20211012.1 (.NET Framework 4.8.4300.0; Microsoft Windows 10.0.19043 )",
        "x-ms-client-request-id": "2b4c3879e41796a7672bd5485f80df48",
        "x-ms-content-sha256": "Sanitized",
        "x-ms-date": "Tue, 12 Oct 2021 23:51:58 GMT",
        "x-ms-return-client-request-id": "true"
      },
      "RequestBody": {
        "id": "sdk-vIoaVB2T30-tNERY1u4K2w-Q2GetWorkersTest",
        "name": "LongestIdleDistributionPolicysdk-vIoaVB2T30-tNERY1u4K2w-Q2GetWorkersTest",
        "offerTTL": "00:00:30",
        "mode": {
          "kind": "longest-idle",
          "minConcurrentOffers": 1,
          "maxConcurrentOffers": 1,
          "bypassSelectors": false
        }
      },
      "StatusCode": 200,
      "ResponseHeaders": {
        "api-supported-versions": "2021-04-07-preview1",
        "Content-Type": "application/json; charset=utf-8",
        "Date": "Tue, 12 Oct 2021 23:51:58 GMT",
        "Request-Context": "appId=",
        "trace-id": "3dddf4694065e74e95e1afc5674b62b1",
        "Transfer-Encoding": "chunked",
        "X-Azure-Ref": "0nh9mYQAAAADjY9GTZQzNQaCLdXBfmN7ZWVZSMzBFREdFMDQxMQBjYzkyNzU4ZC0wNWY3LTRhZDYtYWE1ZS0wZmE5NzE4ZDg5ODU=",
        "X-Cache": "CONFIG_NOCACHE"
      },
      "ResponseBody": {
        "id": "sdk-vIoaVB2T30-tNERY1u4K2w-Q2GetWorkersTest",
        "name": "LongestIdleDistributionPolicysdk-vIoaVB2T30-tNERY1u4K2w-Q2GetWorkersTest",
        "offerTTL": "00:00:30",
        "mode": {
          "kind": "longest-idle",
          "minConcurrentOffers": 1,
          "maxConcurrentOffers": 1,
          "bypassSelectors": false
        }
      }
    },
    {
      "RequestUri": "https://rsarkar-sdktest.int.communication.azure.net/routing/queues?api-version=2021-04-07-preview1",
      "RequestMethod": "PUT",
      "RequestHeaders": {
        "Accept": "application/json",
        "Authorization": "Sanitized",
        "Content-Length": "226",
        "Content-Type": "application/json",
        "traceparent": "00-c74b013efc268e4c82bbb3371d6d8715-5194c8668a28d347-00",
        "User-Agent": "azsdk-net-Communication.JobRouter/1.0.0-alpha.20211012.1 (.NET Framework 4.8.4300.0; Microsoft Windows 10.0.19043 )",
        "x-ms-client-request-id": "335ff47659e5d756304fb5dbdb325fd7",
        "x-ms-content-sha256": "Sanitized",
        "x-ms-date": "Tue, 12 Oct 2021 23:51:58 GMT",
        "x-ms-return-client-request-id": "true"
      },
      "RequestBody": {
        "id": "sdk-vIoaVB2T30-tNERY1u4K2w-Q2GetWorkersTest",
        "name": "DefaultQueue-Sdk-Testsdk-vIoaVB2T30-tNERY1u4K2w-Q2GetWorkersTest",
        "distributionPolicyId": "sdk-vIoaVB2T30-tNERY1u4K2w-Q2GetWorkersTest",
        "labels": {
          "Label_1": "Value_1"
        }
      },
      "StatusCode": 200,
      "ResponseHeaders": {
        "api-supported-versions": "2021-04-07-preview1",
        "Content-Type": "application/json; charset=utf-8",
        "Date": "Tue, 12 Oct 2021 23:51:58 GMT",
        "Request-Context": "appId=",
        "trace-id": "c74b013efc268e4c82bbb3371d6d8715",
        "Transfer-Encoding": "chunked",
        "X-Azure-Ref": "0nh9mYQAAAAAd57DMEQi6QYfBU/4pEvRvWVZSMzBFREdFMDQxMQBjYzkyNzU4ZC0wNWY3LTRhZDYtYWE1ZS0wZmE5NzE4ZDg5ODU=",
        "X-Cache": "CONFIG_NOCACHE"
      },
      "ResponseBody": {
        "id": "sdk-vIoaVB2T30-tNERY1u4K2w-Q2GetWorkersTest",
        "name": "DefaultQueue-Sdk-Testsdk-vIoaVB2T30-tNERY1u4K2w-Q2GetWorkersTest",
        "distributionPolicyId": "sdk-vIoaVB2T30-tNERY1u4K2w-Q2GetWorkersTest",
        "labels": {
          "Label_1": "Value_1"
        },
        "exceptionPolicyId": null
      }
    },
    {
      "RequestUri": "https://rsarkar-sdktest.int.communication.azure.net/routing/workers?api-version=2021-04-07-preview1",
      "RequestMethod": "PUT",
      "RequestHeaders": {
        "Accept": "application/json",
        "Authorization": "Sanitized",
        "Content-Length": "359",
        "Content-Type": "application/json",
        "traceparent": "00-889b69326b4e544f8ffbb0449c190363-1b128896ffd77a46-00",
        "User-Agent": "azsdk-net-Communication.JobRouter/1.0.0-alpha.20211012.1 (.NET Framework 4.8.4300.0; Microsoft Windows 10.0.19043 )",
        "x-ms-client-request-id": "8fda4f560744f9476f88599a8f2b81e0",
        "x-ms-content-sha256": "Sanitized",
        "x-ms-date": "Tue, 12 Oct 2021 23:51:59 GMT",
        "x-ms-return-client-request-id": "true"
      },
      "RequestBody": {
        "id": "sdk-vIoaVB2T30-tNERY1u4K2w-GetWorkersTest_1",
        "queueAssignments": [
          {
            "queueId": "sdk-vIoaVB2T30-tNERY1u4K2w-Q1GetWorkersTest"
          }
        ],
        "totalCapacity": 10,
        "labels": null,
        "channelConfigurations": [
          {
            "channelId": "sdk-vIoaVB2T30-tNERY1u4K2w-Ch1GetWorkersTest",
            "capacityCostPerJob": 1
          },
          {
            "channelId": "sdk-vIoaVB2T30-tNERY1u4K2w-Ch2GetWorkersTest",
            "capacityCostPerJob": 10
          }
        ]
      },
      "StatusCode": 200,
      "ResponseHeaders": {
        "api-supported-versions": "2021-04-07-preview1",
        "Content-Type": "application/json; charset=utf-8",
        "Date": "Tue, 12 Oct 2021 23:51:58 GMT",
        "Request-Context": "appId=",
        "trace-id": "889b69326b4e544f8ffbb0449c190363",
        "Transfer-Encoding": "chunked",
        "X-Azure-Ref": "0nh9mYQAAAAC5w6HvehbxSJcPOyAkT6DBWVZSMzBFREdFMDQxMQBjYzkyNzU4ZC0wNWY3LTRhZDYtYWE1ZS0wZmE5NzE4ZDg5ODU=",
        "X-Cache": "CONFIG_NOCACHE"
      },
      "ResponseBody": {
        "id": "sdk-vIoaVB2T30-tNERY1u4K2w-GetWorkersTest_1",
        "state": "Active",
        "queueAssignments": [
          {
            "queueId": "sdk-vIoaVB2T30-tNERY1u4K2w-Q1GetWorkersTest"
          }
        ],
        "totalCapacity": 10,
        "labels": {},
        "channelConfigurations": [
          {
            "channelId": "sdk-vIoaVB2T30-tNERY1u4K2w-Ch1GetWorkersTest",
            "capacityCostPerJob": 1
          },
          {
            "channelId": "sdk-vIoaVB2T30-tNERY1u4K2w-Ch2GetWorkersTest",
            "capacityCostPerJob": 10
          }
        ],
        "offers": [],
        "assignedJobs": [],
        "loadRatio": 0
      }
    },
    {
      "RequestUri": "https://rsarkar-sdktest.int.communication.azure.net/routing/workers?api-version=2021-04-07-preview1",
      "RequestMethod": "PUT",
      "RequestHeaders": {
        "Accept": "application/json",
        "Authorization": "Sanitized",
        "Content-Length": "359",
        "Content-Type": "application/json",
        "traceparent": "00-fd0354aa530ef24bbc0f176c23b88813-46344421cffcf848-00",
        "User-Agent": "azsdk-net-Communication.JobRouter/1.0.0-alpha.20211012.1 (.NET Framework 4.8.4300.0; Microsoft Windows 10.0.19043 )",
        "x-ms-client-request-id": "faba376256f52001e174fbc72ecbbb35",
        "x-ms-content-sha256": "Sanitized",
        "x-ms-date": "Tue, 12 Oct 2021 23:51:59 GMT",
        "x-ms-return-client-request-id": "true"
      },
      "RequestBody": {
        "id": "sdk-vIoaVB2T30-tNERY1u4K2w-GetWorkersTest_2",
        "queueAssignments": [
          {
            "queueId": "sdk-vIoaVB2T30-tNERY1u4K2w-Q2GetWorkersTest"
          }
        ],
        "totalCapacity": 10,
        "labels": null,
        "channelConfigurations": [
          {
            "channelId": "sdk-vIoaVB2T30-tNERY1u4K2w-Ch1GetWorkersTest",
            "capacityCostPerJob": 1
          },
          {
            "channelId": "sdk-vIoaVB2T30-tNERY1u4K2w-Ch2GetWorkersTest",
            "capacityCostPerJob": 10
          }
        ]
      },
      "StatusCode": 200,
      "ResponseHeaders": {
        "api-supported-versions": "2021-04-07-preview1",
        "Content-Type": "application/json; charset=utf-8",
        "Date": "Tue, 12 Oct 2021 23:51:58 GMT",
        "Request-Context": "appId=",
        "trace-id": "fd0354aa530ef24bbc0f176c23b88813",
        "Transfer-Encoding": "chunked",
        "X-Azure-Ref": "0nx9mYQAAAADKuogtmmfLRa2IP9hUh07wWVZSMzBFREdFMDQxMQBjYzkyNzU4ZC0wNWY3LTRhZDYtYWE1ZS0wZmE5NzE4ZDg5ODU=",
        "X-Cache": "CONFIG_NOCACHE"
      },
      "ResponseBody": {
        "id": "sdk-vIoaVB2T30-tNERY1u4K2w-GetWorkersTest_2",
        "state": "Active",
        "queueAssignments": [
          {
            "queueId": "sdk-vIoaVB2T30-tNERY1u4K2w-Q2GetWorkersTest"
          }
        ],
        "totalCapacity": 10,
        "labels": {},
        "channelConfigurations": [
          {
            "channelId": "sdk-vIoaVB2T30-tNERY1u4K2w-Ch1GetWorkersTest",
            "capacityCostPerJob": 1
          },
          {
            "channelId": "sdk-vIoaVB2T30-tNERY1u4K2w-Ch2GetWorkersTest",
            "capacityCostPerJob": 10
          }
        ],
        "offers": [],
        "assignedJobs": [],
        "loadRatio": 0
      }
    },
    {
      "RequestUri": "https://rsarkar-sdktest.int.communication.azure.net/routing/workers?api-version=2021-04-07-preview1",
      "RequestMethod": "PUT",
      "RequestHeaders": {
        "Accept": "application/json",
        "Authorization": "Sanitized",
        "Content-Length": "417",
        "Content-Type": "application/json",
        "traceparent": "00-6e02d70cbb9c824cbcf795c8399993f0-10e7adc9e2d63841-00",
        "User-Agent": "azsdk-net-Communication.JobRouter/1.0.0-alpha.20211012.1 (.NET Framework 4.8.4300.0; Microsoft Windows 10.0.19043 )",
        "x-ms-client-request-id": "10f2fdcb4fa66e03ac66c35cffbc4704",
        "x-ms-content-sha256": "Sanitized",
        "x-ms-date": "Tue, 12 Oct 2021 23:51:59 GMT",
        "x-ms-return-client-request-id": "true"
      },
      "RequestBody": {
        "id": "sdk-vIoaVB2T30-tNERY1u4K2w-GetWorkersTest_3",
        "queueAssignments": [
          {
            "queueId": "sdk-vIoaVB2T30-tNERY1u4K2w-Q1GetWorkersTest"
          },
          {
            "queueId": "sdk-vIoaVB2T30-tNERY1u4K2w-Q2GetWorkersTest"
          }
        ],
        "totalCapacity": 10,
        "labels": null,
        "channelConfigurations": [
          {
            "channelId": "sdk-vIoaVB2T30-tNERY1u4K2w-Ch1GetWorkersTest",
            "capacityCostPerJob": 1
          },
          {
            "channelId": "sdk-vIoaVB2T30-tNERY1u4K2w-Ch2GetWorkersTest",
            "capacityCostPerJob": 10
          }
        ]
      },
      "StatusCode": 200,
      "ResponseHeaders": {
        "api-supported-versions": "2021-04-07-preview1",
        "Content-Type": "application/json; charset=utf-8",
        "Date": "Tue, 12 Oct 2021 23:51:58 GMT",
        "Request-Context": "appId=",
        "trace-id": "6e02d70cbb9c824cbcf795c8399993f0",
        "Transfer-Encoding": "chunked",
        "X-Azure-Ref": "0nx9mYQAAAADGAkdOmbvCQbzYNwwEIJcOWVZSMzBFREdFMDQxMQBjYzkyNzU4ZC0wNWY3LTRhZDYtYWE1ZS0wZmE5NzE4ZDg5ODU=",
        "X-Cache": "CONFIG_NOCACHE"
      },
      "ResponseBody": {
        "id": "sdk-vIoaVB2T30-tNERY1u4K2w-GetWorkersTest_3",
        "state": "Active",
        "queueAssignments": [
          {
            "queueId": "sdk-vIoaVB2T30-tNERY1u4K2w-Q1GetWorkersTest"
          },
          {
            "queueId": "sdk-vIoaVB2T30-tNERY1u4K2w-Q2GetWorkersTest"
          }
        ],
        "totalCapacity": 10,
        "labels": {},
        "channelConfigurations": [
          {
            "channelId": "sdk-vIoaVB2T30-tNERY1u4K2w-Ch1GetWorkersTest",
            "capacityCostPerJob": 1
          },
          {
            "channelId": "sdk-vIoaVB2T30-tNERY1u4K2w-Ch2GetWorkersTest",
            "capacityCostPerJob": 10
          }
        ],
        "offers": [],
        "assignedJobs": [],
        "loadRatio": 0
      }
    },
    {
      "RequestUri": "https://rsarkar-sdktest.int.communication.azure.net/routing/workers?api-version=2021-04-07-preview1",
      "RequestMethod": "PUT",
      "RequestHeaders": {
        "Accept": "application/json",
        "Authorization": "Sanitized",
        "Content-Length": "274",
        "Content-Type": "application/json",
        "traceparent": "00-dbb4dd12d1735e4992c7c55371c3494c-77ed205996225e43-00",
        "User-Agent": "azsdk-net-Communication.JobRouter/1.0.0-alpha.20211012.1 (.NET Framework 4.8.4300.0; Microsoft Windows 10.0.19043 )",
        "x-ms-client-request-id": "a379d5ce6577ffe14dbaadd00c80caa4",
        "x-ms-content-sha256": "Sanitized",
        "x-ms-date": "Tue, 12 Oct 2021 23:51:59 GMT",
        "x-ms-return-client-request-id": "true"
      },
      "RequestBody": {
        "id": "sdk-vIoaVB2T30-tNERY1u4K2w-GetWorkersTest_4",
        "queueAssignments": [
          {
            "queueId": "sdk-vIoaVB2T30-tNERY1u4K2w-Q1GetWorkersTest"
          }
        ],
        "totalCapacity": 10,
        "labels": null,
        "channelConfigurations": [
          {
            "channelId": "sdk-vIoaVB2T30-tNERY1u4K2w-Ch1GetWorkersTest",
            "capacityCostPerJob": 1
          }
        ]
      },
      "StatusCode": 200,
      "ResponseHeaders": {
        "api-supported-versions": "2021-04-07-preview1",
        "Content-Type": "application/json; charset=utf-8",
        "Date": "Tue, 12 Oct 2021 23:51:59 GMT",
        "Request-Context": "appId=",
        "trace-id": "dbb4dd12d1735e4992c7c55371c3494c",
        "Transfer-Encoding": "chunked",
        "X-Azure-Ref": "0nx9mYQAAAABgu\u002Bxq7yoiQLVB9oaxgJKtWVZSMzBFREdFMDQxMQBjYzkyNzU4ZC0wNWY3LTRhZDYtYWE1ZS0wZmE5NzE4ZDg5ODU=",
        "X-Cache": "CONFIG_NOCACHE"
      },
      "ResponseBody": {
        "id": "sdk-vIoaVB2T30-tNERY1u4K2w-GetWorkersTest_4",
        "state": "Active",
        "queueAssignments": [
          {
            "queueId": "sdk-vIoaVB2T30-tNERY1u4K2w-Q1GetWorkersTest"
          }
        ],
        "totalCapacity": 10,
        "labels": {},
        "channelConfigurations": [
          {
            "channelId": "sdk-vIoaVB2T30-tNERY1u4K2w-Ch1GetWorkersTest",
            "capacityCostPerJob": 1
          }
        ],
        "offers": [],
        "assignedJobs": [],
        "loadRatio": 0
      }
    },
    {
      "RequestUri": "https://rsarkar-sdktest.int.communication.azure.net/routing/workers?channelId=sdk-vIoaVB2T30-tNERY1u4K2w-Ch2GetWorkersTest\u0026maxPageSize=1\u0026api-version=2021-04-07-preview1",
      "RequestMethod": "GET",
      "RequestHeaders": {
        "Accept": "application/json",
        "Authorization": "Sanitized",
        "traceparent": "00-07f6f214f9b89641a2136ceb3dfe1eba-3d011dcc37932341-00",
        "User-Agent": "azsdk-net-Communication.JobRouter/1.0.0-alpha.20211012.1 (.NET Framework 4.8.4300.0; Microsoft Windows 10.0.19043 )",
        "x-ms-client-request-id": "91ce24cd70381239344b4d8f92a52025",
        "x-ms-content-sha256": "Sanitized",
        "x-ms-date": "Tue, 12 Oct 2021 23:51:59 GMT",
        "x-ms-return-client-request-id": "true"
      },
      "RequestBody": null,
      "StatusCode": 200,
      "ResponseHeaders": {
        "api-supported-versions": "2021-04-07-preview1",
        "Content-Type": "application/json; charset=utf-8",
        "Date": "Tue, 12 Oct 2021 23:51:59 GMT",
        "Request-Context": "appId=",
        "trace-id": "07f6f214f9b89641a2136ceb3dfe1eba",
        "Transfer-Encoding": "chunked",
        "X-Azure-Ref": "0nx9mYQAAAADrBxV8aXgMR4WNkJ9WHdT/WVZSMzBFREdFMDQxMQBjYzkyNzU4ZC0wNWY3LTRhZDYtYWE1ZS0wZmE5NzE4ZDg5ODU=",
        "X-Cache": "CONFIG_NOCACHE"
      },
      "ResponseBody": {
        "value": [
          {
            "id": "sdk-vIoaVB2T30-tNERY1u4K2w-GetWorkersTest_1",
            "state": "Active",
            "queueAssignments": [
              {
                "queueId": "sdk-vIoaVB2T30-tNERY1u4K2w-Q1GetWorkersTest"
              }
            ],
            "totalCapacity": 10,
            "labels": {},
            "channelConfigurations": [
              {
                "channelId": "sdk-vIoaVB2T30-tNERY1u4K2w-Ch1GetWorkersTest",
                "capacityCostPerJob": 1
              },
              {
                "channelId": "sdk-vIoaVB2T30-tNERY1u4K2w-Ch2GetWorkersTest",
                "capacityCostPerJob": 10
              }
            ],
            "offers": [],
            "assignedJobs": [],
            "loadRatio": 0
          }
        ],
        "nextLink": "/routing/workers?channelId=sdk-vIoaVB2T30-tNERY1u4K2w-Ch2GetWorkersTest\u0026maxPageSize=1\u0026api-version=2021-04-07-preview1\u0026continuationToken=W3sidG9rZW4iOiIrUklEOn5zTjF1QU1aSzh3Ym5GUUFBQUFBQUFBPT0jUlQ6MSNUUkM6MSNJU1Y6MiNJRU86NjU1NjcjUUNGOjQjRlBDOkFlY1ZBQUFBQUFBQTZSVUFBQUFBQUFBPSIsInJhbmdlIjp7Im1pbiI6IiIsIm1heCI6IkZGIn19XQ%3D%3D"
      }
    },
    {
      "RequestUri": "https://rsarkar-sdktest.int.communication.azure.net/routing/workers?channelId=sdk-vIoaVB2T30-tNERY1u4K2w-Ch2GetWorkersTest\u0026maxPageSize=1\u0026api-version=2021-04-07-preview1\u0026continuationToken=W3sidG9rZW4iOiIrUklEOn5zTjF1QU1aSzh3Ym5GUUFBQUFBQUFBPT0jUlQ6MSNUUkM6MSNJU1Y6MiNJRU86NjU1NjcjUUNGOjQjRlBDOkFlY1ZBQUFBQUFBQTZSVUFBQUFBQUFBPSIsInJhbmdlIjp7Im1pbiI6IiIsIm1heCI6IkZGIn19XQ%3D%3D",
      "RequestMethod": "GET",
      "RequestHeaders": {
        "Accept": "application/json",
        "Authorization": "Sanitized",
        "traceparent": "00-b5fe16428c668f4586cc6de9272eabda-e4225cc39eb51746-00",
        "User-Agent": "azsdk-net-Communication.JobRouter/1.0.0-alpha.20211012.1 (.NET Framework 4.8.4300.0; Microsoft Windows 10.0.19043 )",
        "x-ms-client-request-id": "58f8f62c185165bd1cf2c3eca133622c",
        "x-ms-content-sha256": "Sanitized",
        "x-ms-date": "Tue, 12 Oct 2021 23:51:59 GMT",
        "x-ms-return-client-request-id": "true"
      },
      "RequestBody": null,
      "StatusCode": 200,
      "ResponseHeaders": {
        "api-supported-versions": "2021-04-07-preview1",
        "Content-Type": "application/json; charset=utf-8",
        "Date": "Tue, 12 Oct 2021 23:51:59 GMT",
        "Request-Context": "appId=",
        "trace-id": "b5fe16428c668f4586cc6de9272eabda",
        "Transfer-Encoding": "chunked",
        "X-Azure-Ref": "0nx9mYQAAAAAgDtuap24fRJnm9YZpSRI7WVZSMzBFREdFMDQxMQBjYzkyNzU4ZC0wNWY3LTRhZDYtYWE1ZS0wZmE5NzE4ZDg5ODU=",
        "X-Cache": "CONFIG_NOCACHE"
      },
      "ResponseBody": {
        "value": [
          {
            "id": "sdk-vIoaVB2T30-tNERY1u4K2w-GetWorkersTest_2",
            "state": "Active",
            "queueAssignments": [
              {
                "queueId": "sdk-vIoaVB2T30-tNERY1u4K2w-Q2GetWorkersTest"
              }
            ],
            "totalCapacity": 10,
            "labels": {},
            "channelConfigurations": [
              {
                "channelId": "sdk-vIoaVB2T30-tNERY1u4K2w-Ch1GetWorkersTest",
                "capacityCostPerJob": 1
              },
              {
                "channelId": "sdk-vIoaVB2T30-tNERY1u4K2w-Ch2GetWorkersTest",
                "capacityCostPerJob": 10
              }
            ],
            "offers": [],
            "assignedJobs": [],
            "loadRatio": 0
          }
        ],
        "nextLink": "/routing/workers?channelId=sdk-vIoaVB2T30-tNERY1u4K2w-Ch2GetWorkersTest\u0026maxPageSize=1\u0026api-version=2021-04-07-preview1\u0026continuationToken=W3sidG9rZW4iOiIrUklEOn5zTjF1QU1aSzh3Ym9GUUFBQUFBQUFBPT0jUlQ6MiNUUkM6MiNJU1Y6MiNJRU86NjU1NjcjUUNGOjQjRlBDOkFlZ1ZBQUFBQUFBQTZSVUFBQUFBQUFBPSIsInJhbmdlIjp7Im1pbiI6IiIsIm1heCI6IkZGIn19XQ%3D%3D"
      }
    },
    {
      "RequestUri": "https://rsarkar-sdktest.int.communication.azure.net/routing/workers?channelId=sdk-vIoaVB2T30-tNERY1u4K2w-Ch2GetWorkersTest\u0026maxPageSize=1\u0026api-version=2021-04-07-preview1\u0026continuationToken=W3sidG9rZW4iOiIrUklEOn5zTjF1QU1aSzh3Ym9GUUFBQUFBQUFBPT0jUlQ6MiNUUkM6MiNJU1Y6MiNJRU86NjU1NjcjUUNGOjQjRlBDOkFlZ1ZBQUFBQUFBQTZSVUFBQUFBQUFBPSIsInJhbmdlIjp7Im1pbiI6IiIsIm1heCI6IkZGIn19XQ%3D%3D",
      "RequestMethod": "GET",
      "RequestHeaders": {
        "Accept": "application/json",
        "Authorization": "Sanitized",
        "traceparent": "00-946329d7b25b3e40b785af3c86402c72-0a61473999c2bd4e-00",
        "User-Agent": "azsdk-net-Communication.JobRouter/1.0.0-alpha.20211012.1 (.NET Framework 4.8.4300.0; Microsoft Windows 10.0.19043 )",
        "x-ms-client-request-id": "db8f1f9bb5ee5ecb9b666e2c18526ca8",
        "x-ms-content-sha256": "Sanitized",
        "x-ms-date": "Tue, 12 Oct 2021 23:51:59 GMT",
        "x-ms-return-client-request-id": "true"
      },
      "RequestBody": null,
      "StatusCode": 200,
      "ResponseHeaders": {
        "api-supported-versions": "2021-04-07-preview1",
        "Content-Type": "application/json; charset=utf-8",
        "Date": "Tue, 12 Oct 2021 23:51:59 GMT",
        "Request-Context": "appId=",
        "trace-id": "946329d7b25b3e40b785af3c86402c72",
        "Transfer-Encoding": "chunked",
        "X-Azure-Ref": "0nx9mYQAAAAAl7GJD/rv1T5G1nZdY//IXWVZSMzBFREdFMDQxMQBjYzkyNzU4ZC0wNWY3LTRhZDYtYWE1ZS0wZmE5NzE4ZDg5ODU=",
        "X-Cache": "CONFIG_NOCACHE"
      },
      "ResponseBody": {
        "value": [
          {
            "id": "sdk-vIoaVB2T30-tNERY1u4K2w-GetWorkersTest_3",
            "state": "Active",
            "queueAssignments": [
              {
                "queueId": "sdk-vIoaVB2T30-tNERY1u4K2w-Q1GetWorkersTest"
              },
              {
                "queueId": "sdk-vIoaVB2T30-tNERY1u4K2w-Q2GetWorkersTest"
              }
            ],
            "totalCapacity": 10,
            "labels": {},
            "channelConfigurations": [
              {
                "channelId": "sdk-vIoaVB2T30-tNERY1u4K2w-Ch1GetWorkersTest",
                "capacityCostPerJob": 1
              },
              {
                "channelId": "sdk-vIoaVB2T30-tNERY1u4K2w-Ch2GetWorkersTest",
                "capacityCostPerJob": 10
              }
            ],
            "offers": [],
            "assignedJobs": [],
            "loadRatio": 0
          }
        ]
      }
    },
    {
      "RequestUri": "https://rsarkar-sdktest.int.communication.azure.net/routing/workers?queueId=sdk-vIoaVB2T30-tNERY1u4K2w-Q2GetWorkersTest\u0026maxPageSize=1\u0026api-version=2021-04-07-preview1",
      "RequestMethod": "GET",
      "RequestHeaders": {
        "Accept": "application/json",
        "Authorization": "Sanitized",
        "traceparent": "00-3367730d5af1ad47b4ac29fda36c61ff-1864a6e89f01fc41-00",
        "User-Agent": "azsdk-net-Communication.JobRouter/1.0.0-alpha.20211012.1 (.NET Framework 4.8.4300.0; Microsoft Windows 10.0.19043 )",
        "x-ms-client-request-id": "15a3889a7287b45267687546ac4d7100",
        "x-ms-content-sha256": "Sanitized",
        "x-ms-date": "Tue, 12 Oct 2021 23:51:59 GMT",
        "x-ms-return-client-request-id": "true"
      },
      "RequestBody": null,
      "StatusCode": 200,
      "ResponseHeaders": {
        "api-supported-versions": "2021-04-07-preview1",
        "Content-Type": "application/json; charset=utf-8",
        "Date": "Tue, 12 Oct 2021 23:51:59 GMT",
        "Request-Context": "appId=",
        "trace-id": "3367730d5af1ad47b4ac29fda36c61ff",
        "Transfer-Encoding": "chunked",
        "X-Azure-Ref": "0nx9mYQAAAABJ99HpsA28Q6KAjF4Xmvh0WVZSMzBFREdFMDQxMQBjYzkyNzU4ZC0wNWY3LTRhZDYtYWE1ZS0wZmE5NzE4ZDg5ODU=",
        "X-Cache": "CONFIG_NOCACHE"
      },
      "ResponseBody": {
        "value": [
          {
            "id": "sdk-vIoaVB2T30-tNERY1u4K2w-GetWorkersTest_2",
            "state": "Active",
            "queueAssignments": [
              {
                "queueId": "sdk-vIoaVB2T30-tNERY1u4K2w-Q2GetWorkersTest"
              }
            ],
            "totalCapacity": 10,
            "labels": {},
            "channelConfigurations": [
              {
                "channelId": "sdk-vIoaVB2T30-tNERY1u4K2w-Ch1GetWorkersTest",
                "capacityCostPerJob": 1
              },
              {
                "channelId": "sdk-vIoaVB2T30-tNERY1u4K2w-Ch2GetWorkersTest",
                "capacityCostPerJob": 10
              }
            ],
            "offers": [],
            "assignedJobs": [],
            "loadRatio": 0
          }
        ],
        "nextLink": "/routing/workers?queueId=sdk-vIoaVB2T30-tNERY1u4K2w-Q2GetWorkersTest\u0026maxPageSize=1\u0026api-version=2021-04-07-preview1\u0026continuationToken=W3sidG9rZW4iOiIrUklEOn5zTjF1QU1aSzh3Ym9GUUFBQUFBQUFBPT0jUlQ6MSNUUkM6MSNJU1Y6MiNJRU86NjU1NjcjUUNGOjQjRlBDOkFlZ1ZBQUFBQUFBQTZSVUFBQUFBQUFBPSIsInJhbmdlIjp7Im1pbiI6IiIsIm1heCI6IkZGIn19XQ%3D%3D"
      }
    },
    {
      "RequestUri": "https://rsarkar-sdktest.int.communication.azure.net/routing/workers?queueId=sdk-vIoaVB2T30-tNERY1u4K2w-Q2GetWorkersTest\u0026maxPageSize=1\u0026api-version=2021-04-07-preview1\u0026continuationToken=W3sidG9rZW4iOiIrUklEOn5zTjF1QU1aSzh3Ym9GUUFBQUFBQUFBPT0jUlQ6MSNUUkM6MSNJU1Y6MiNJRU86NjU1NjcjUUNGOjQjRlBDOkFlZ1ZBQUFBQUFBQTZSVUFBQUFBQUFBPSIsInJhbmdlIjp7Im1pbiI6IiIsIm1heCI6IkZGIn19XQ%3D%3D",
      "RequestMethod": "GET",
      "RequestHeaders": {
        "Accept": "application/json",
        "Authorization": "Sanitized",
        "traceparent": "00-8f9bdf7e41de5e489ab87056476f0d35-4a67c8f38e27e442-00",
        "User-Agent": "azsdk-net-Communication.JobRouter/1.0.0-alpha.20211012.1 (.NET Framework 4.8.4300.0; Microsoft Windows 10.0.19043 )",
        "x-ms-client-request-id": "73f320e9441576362b99bceaa9904dc9",
        "x-ms-content-sha256": "Sanitized",
        "x-ms-date": "Tue, 12 Oct 2021 23:52:00 GMT",
        "x-ms-return-client-request-id": "true"
      },
      "RequestBody": null,
      "StatusCode": 200,
      "ResponseHeaders": {
        "api-supported-versions": "2021-04-07-preview1",
        "Content-Type": "application/json; charset=utf-8",
        "Date": "Tue, 12 Oct 2021 23:51:59 GMT",
        "Request-Context": "appId=",
        "trace-id": "8f9bdf7e41de5e489ab87056476f0d35",
        "Transfer-Encoding": "chunked",
        "X-Azure-Ref": "0nx9mYQAAAABYWyjZLv6/Ta5A3nZS30IkWVZSMzBFREdFMDQxMQBjYzkyNzU4ZC0wNWY3LTRhZDYtYWE1ZS0wZmE5NzE4ZDg5ODU=",
        "X-Cache": "CONFIG_NOCACHE"
      },
      "ResponseBody": {
        "value": [
          {
            "id": "sdk-vIoaVB2T30-tNERY1u4K2w-GetWorkersTest_3",
            "state": "Active",
            "queueAssignments": [
              {
                "queueId": "sdk-vIoaVB2T30-tNERY1u4K2w-Q1GetWorkersTest"
              },
              {
                "queueId": "sdk-vIoaVB2T30-tNERY1u4K2w-Q2GetWorkersTest"
              }
            ],
            "totalCapacity": 10,
            "labels": {},
            "channelConfigurations": [
              {
                "channelId": "sdk-vIoaVB2T30-tNERY1u4K2w-Ch1GetWorkersTest",
                "capacityCostPerJob": 1
              },
              {
                "channelId": "sdk-vIoaVB2T30-tNERY1u4K2w-Ch2GetWorkersTest",
                "capacityCostPerJob": 10
              }
            ],
            "offers": [],
            "assignedJobs": [],
            "loadRatio": 0
          }
        ]
      }
    },
    {
      "RequestUri": "https://rsarkar-sdktest.int.communication.azure.net/routing/workers?channelId=sdk-vIoaVB2T30-tNERY1u4K2w-Ch1GetWorkersTest\u0026hasCapacity=true\u0026maxPageSize=1\u0026api-version=2021-04-07-preview1",
      "RequestMethod": "GET",
      "RequestHeaders": {
        "Accept": "application/json",
        "Authorization": "Sanitized",
        "traceparent": "00-d892f6039d057e4bb79477762c882c77-eb28975be85d2749-00",
        "User-Agent": "azsdk-net-Communication.JobRouter/1.0.0-alpha.20211012.1 (.NET Framework 4.8.4300.0; Microsoft Windows 10.0.19043 )",
        "x-ms-client-request-id": "18511b864c8f29a5ccda73854085b14e",
        "x-ms-content-sha256": "Sanitized",
        "x-ms-date": "Tue, 12 Oct 2021 23:52:00 GMT",
        "x-ms-return-client-request-id": "true"
      },
      "RequestBody": null,
      "StatusCode": 200,
      "ResponseHeaders": {
        "api-supported-versions": "2021-04-07-preview1",
        "Content-Type": "application/json; charset=utf-8",
        "Date": "Tue, 12 Oct 2021 23:51:59 GMT",
        "Request-Context": "appId=",
        "trace-id": "d892f6039d057e4bb79477762c882c77",
        "Transfer-Encoding": "chunked",
        "X-Azure-Ref": "0nx9mYQAAAACsiNS4WhSdQ5c3rpy\u002BH/rxWVZSMzBFREdFMDQxMQBjYzkyNzU4ZC0wNWY3LTRhZDYtYWE1ZS0wZmE5NzE4ZDg5ODU=",
        "X-Cache": "CONFIG_NOCACHE"
      },
      "ResponseBody": {
        "value": [
          {
            "id": "sdk-vIoaVB2T30-tNERY1u4K2w-GetWorkersTest_1",
            "state": "Active",
            "queueAssignments": [
              {
                "queueId": "sdk-vIoaVB2T30-tNERY1u4K2w-Q1GetWorkersTest"
              }
            ],
            "totalCapacity": 10,
            "labels": {},
            "channelConfigurations": [
              {
                "channelId": "sdk-vIoaVB2T30-tNERY1u4K2w-Ch1GetWorkersTest",
                "capacityCostPerJob": 1
              },
              {
                "channelId": "sdk-vIoaVB2T30-tNERY1u4K2w-Ch2GetWorkersTest",
                "capacityCostPerJob": 10
              }
            ],
            "offers": [],
            "assignedJobs": [],
            "loadRatio": 0
          }
        ],
        "nextLink": "/routing/workers?channelId=sdk-vIoaVB2T30-tNERY1u4K2w-Ch1GetWorkersTest\u0026hasCapacity=true\u0026maxPageSize=1\u0026api-version=2021-04-07-preview1\u0026continuationToken=W3sidG9rZW4iOiIrUklEOn5zTjF1QU1aSzh3Ym5GUUFBQUFBQUFBPT0jUlQ6MSNUUkM6MSNJU1Y6MiNJRU86NjU1NjcjUUNGOjQjRlBDOkFlY1ZBQUFBQUFBQTZoVUFBQUFBQUFBPSIsInJhbmdlIjp7Im1pbiI6IiIsIm1heCI6IkZGIn19XQ%3D%3D"
      }
    },
    {
      "RequestUri": "https://rsarkar-sdktest.int.communication.azure.net/routing/workers?channelId=sdk-vIoaVB2T30-tNERY1u4K2w-Ch1GetWorkersTest\u0026hasCapacity=true\u0026maxPageSize=1\u0026api-version=2021-04-07-preview1\u0026continuationToken=W3sidG9rZW4iOiIrUklEOn5zTjF1QU1aSzh3Ym5GUUFBQUFBQUFBPT0jUlQ6MSNUUkM6MSNJU1Y6MiNJRU86NjU1NjcjUUNGOjQjRlBDOkFlY1ZBQUFBQUFBQTZoVUFBQUFBQUFBPSIsInJhbmdlIjp7Im1pbiI6IiIsIm1heCI6IkZGIn19XQ%3D%3D",
      "RequestMethod": "GET",
      "RequestHeaders": {
        "Accept": "application/json",
        "Authorization": "Sanitized",
        "traceparent": "00-cb946c3eb5e4e343911acdc15d490f58-f0ec1ae7fc425c4e-00",
        "User-Agent": "azsdk-net-Communication.JobRouter/1.0.0-alpha.20211012.1 (.NET Framework 4.8.4300.0; Microsoft Windows 10.0.19043 )",
        "x-ms-client-request-id": "f7426df5f95e5592512ceaedb5680ad6",
        "x-ms-content-sha256": "Sanitized",
        "x-ms-date": "Tue, 12 Oct 2021 23:52:00 GMT",
        "x-ms-return-client-request-id": "true"
      },
      "RequestBody": null,
      "StatusCode": 200,
      "ResponseHeaders": {
        "api-supported-versions": "2021-04-07-preview1",
        "Content-Type": "application/json; charset=utf-8",
        "Date": "Tue, 12 Oct 2021 23:51:59 GMT",
        "Request-Context": "appId=",
        "trace-id": "cb946c3eb5e4e343911acdc15d490f58",
        "Transfer-Encoding": "chunked",
        "X-Azure-Ref": "0nx9mYQAAAABS3XOAU47eTJs0UCFBaWC3WVZSMzBFREdFMDQxMQBjYzkyNzU4ZC0wNWY3LTRhZDYtYWE1ZS0wZmE5NzE4ZDg5ODU=",
        "X-Cache": "CONFIG_NOCACHE"
      },
      "ResponseBody": {
        "value": [
          {
            "id": "sdk-vIoaVB2T30-tNERY1u4K2w-GetWorkersTest_2",
            "state": "Active",
            "queueAssignments": [
              {
                "queueId": "sdk-vIoaVB2T30-tNERY1u4K2w-Q2GetWorkersTest"
              }
            ],
            "totalCapacity": 10,
            "labels": {},
            "channelConfigurations": [
              {
                "channelId": "sdk-vIoaVB2T30-tNERY1u4K2w-Ch1GetWorkersTest",
                "capacityCostPerJob": 1
              },
              {
                "channelId": "sdk-vIoaVB2T30-tNERY1u4K2w-Ch2GetWorkersTest",
                "capacityCostPerJob": 10
              }
            ],
            "offers": [],
            "assignedJobs": [],
            "loadRatio": 0
          }
        ],
        "nextLink": "/routing/workers?channelId=sdk-vIoaVB2T30-tNERY1u4K2w-Ch1GetWorkersTest\u0026hasCapacity=true\u0026maxPageSize=1\u0026api-version=2021-04-07-preview1\u0026continuationToken=W3sidG9rZW4iOiIrUklEOn5zTjF1QU1aSzh3Ym9GUUFBQUFBQUFBPT0jUlQ6MiNUUkM6MiNJU1Y6MiNJRU86NjU1NjcjUUNGOjQjRlBDOkFlZ1ZBQUFBQUFBQTZoVUFBQUFBQUFBPSIsInJhbmdlIjp7Im1pbiI6IiIsIm1heCI6IkZGIn19XQ%3D%3D"
      }
    },
    {
      "RequestUri": "https://rsarkar-sdktest.int.communication.azure.net/routing/workers?channelId=sdk-vIoaVB2T30-tNERY1u4K2w-Ch1GetWorkersTest\u0026hasCapacity=true\u0026maxPageSize=1\u0026api-version=2021-04-07-preview1\u0026continuationToken=W3sidG9rZW4iOiIrUklEOn5zTjF1QU1aSzh3Ym9GUUFBQUFBQUFBPT0jUlQ6MiNUUkM6MiNJU1Y6MiNJRU86NjU1NjcjUUNGOjQjRlBDOkFlZ1ZBQUFBQUFBQTZoVUFBQUFBQUFBPSIsInJhbmdlIjp7Im1pbiI6IiIsIm1heCI6IkZGIn19XQ%3D%3D",
      "RequestMethod": "GET",
      "RequestHeaders": {
        "Accept": "application/json",
        "Authorization": "Sanitized",
        "traceparent": "00-6c6e9364c99b6046b0a5a8eaa3c3fef9-5c54f3c34e084841-00",
        "User-Agent": "azsdk-net-Communication.JobRouter/1.0.0-alpha.20211012.1 (.NET Framework 4.8.4300.0; Microsoft Windows 10.0.19043 )",
        "x-ms-client-request-id": "91c0ab1b58fb9c717bcaa73ad0b136a5",
        "x-ms-content-sha256": "Sanitized",
        "x-ms-date": "Tue, 12 Oct 2021 23:52:00 GMT",
        "x-ms-return-client-request-id": "true"
      },
      "RequestBody": null,
      "StatusCode": 200,
      "ResponseHeaders": {
        "api-supported-versions": "2021-04-07-preview1",
        "Content-Type": "application/json; charset=utf-8",
        "Date": "Tue, 12 Oct 2021 23:51:59 GMT",
        "Request-Context": "appId=",
        "trace-id": "6c6e9364c99b6046b0a5a8eaa3c3fef9",
        "Transfer-Encoding": "chunked",
        "X-Azure-Ref": "0oB9mYQAAAAAWPzGDti72SLzPq8na7v\u002BOWVZSMzBFREdFMDQxMQBjYzkyNzU4ZC0wNWY3LTRhZDYtYWE1ZS0wZmE5NzE4ZDg5ODU=",
        "X-Cache": "CONFIG_NOCACHE"
      },
      "ResponseBody": {
        "value": [
          {
            "id": "sdk-vIoaVB2T30-tNERY1u4K2w-GetWorkersTest_3",
            "state": "Active",
            "queueAssignments": [
              {
                "queueId": "sdk-vIoaVB2T30-tNERY1u4K2w-Q1GetWorkersTest"
              },
              {
                "queueId": "sdk-vIoaVB2T30-tNERY1u4K2w-Q2GetWorkersTest"
              }
            ],
            "totalCapacity": 10,
            "labels": {},
            "channelConfigurations": [
              {
                "channelId": "sdk-vIoaVB2T30-tNERY1u4K2w-Ch1GetWorkersTest",
                "capacityCostPerJob": 1
              },
              {
                "channelId": "sdk-vIoaVB2T30-tNERY1u4K2w-Ch2GetWorkersTest",
                "capacityCostPerJob": 10
              }
            ],
            "offers": [],
            "assignedJobs": [],
            "loadRatio": 0
          }
        ],
        "nextLink": "/routing/workers?channelId=sdk-vIoaVB2T30-tNERY1u4K2w-Ch1GetWorkersTest\u0026hasCapacity=true\u0026maxPageSize=1\u0026api-version=2021-04-07-preview1\u0026continuationToken=W3sidG9rZW4iOiIrUklEOn5zTjF1QU1aSzh3YnBGUUFBQUFBQUFBPT0jUlQ6MyNUUkM6MyNJU1Y6MiNJRU86NjU1NjcjUUNGOjQjRlBDOkFla1ZBQUFBQUFBQTZoVUFBQUFBQUFBPSIsInJhbmdlIjp7Im1pbiI6IiIsIm1heCI6IkZGIn19XQ%3D%3D"
      }
    },
    {
      "RequestUri": "https://rsarkar-sdktest.int.communication.azure.net/routing/workers?channelId=sdk-vIoaVB2T30-tNERY1u4K2w-Ch1GetWorkersTest\u0026hasCapacity=true\u0026maxPageSize=1\u0026api-version=2021-04-07-preview1\u0026continuationToken=W3sidG9rZW4iOiIrUklEOn5zTjF1QU1aSzh3YnBGUUFBQUFBQUFBPT0jUlQ6MyNUUkM6MyNJU1Y6MiNJRU86NjU1NjcjUUNGOjQjRlBDOkFla1ZBQUFBQUFBQTZoVUFBQUFBQUFBPSIsInJhbmdlIjp7Im1pbiI6IiIsIm1heCI6IkZGIn19XQ%3D%3D",
      "RequestMethod": "GET",
      "RequestHeaders": {
        "Accept": "application/json",
        "Authorization": "Sanitized",
        "traceparent": "00-8488705de0163a449df9463a08446c72-5974fb42e5965143-00",
        "User-Agent": "azsdk-net-Communication.JobRouter/1.0.0-alpha.20211012.1 (.NET Framework 4.8.4300.0; Microsoft Windows 10.0.19043 )",
        "x-ms-client-request-id": "3bf56ee8564e8c6b88fcc66262b77364",
        "x-ms-content-sha256": "Sanitized",
        "x-ms-date": "Tue, 12 Oct 2021 23:52:00 GMT",
        "x-ms-return-client-request-id": "true"
      },
      "RequestBody": null,
      "StatusCode": 200,
      "ResponseHeaders": {
        "api-supported-versions": "2021-04-07-preview1",
        "Content-Type": "application/json; charset=utf-8",
        "Date": "Tue, 12 Oct 2021 23:51:59 GMT",
        "Request-Context": "appId=",
        "trace-id": "8488705de0163a449df9463a08446c72",
        "Transfer-Encoding": "chunked",
        "X-Azure-Ref": "0oB9mYQAAAACbrVxCKZqmSLVxp7/Hk6IlWVZSMzBFREdFMDQxMQBjYzkyNzU4ZC0wNWY3LTRhZDYtYWE1ZS0wZmE5NzE4ZDg5ODU=",
        "X-Cache": "CONFIG_NOCACHE"
      },
      "ResponseBody": {
        "value": [
          {
            "id": "sdk-vIoaVB2T30-tNERY1u4K2w-GetWorkersTest_4",
            "state": "Active",
            "queueAssignments": [
              {
                "queueId": "sdk-vIoaVB2T30-tNERY1u4K2w-Q1GetWorkersTest"
              }
            ],
            "totalCapacity": 10,
            "labels": {},
            "channelConfigurations": [
              {
                "channelId": "sdk-vIoaVB2T30-tNERY1u4K2w-Ch1GetWorkersTest",
                "capacityCostPerJob": 1
              }
            ],
            "offers": [],
            "assignedJobs": [],
            "loadRatio": 0
          }
        ]
      }
    },
    {
      "RequestUri": "https://rsarkar-sdktest.int.communication.azure.net/routing/workers/sdk-vIoaVB2T30-tNERY1u4K2w-GetWorkersTest_1?api-version=2021-04-07-preview1",
      "RequestMethod": "DELETE",
      "RequestHeaders": {
        "Accept": "application/json",
        "Authorization": "Sanitized",
        "traceparent": "00-3d78ba489b976b41b31706687178df08-43a8d8cfcdb0934f-00",
        "User-Agent": "azsdk-net-Communication.JobRouter/1.0.0-alpha.20211012.1 (.NET Framework 4.8.4300.0; Microsoft Windows 10.0.19043 )",
        "x-ms-client-request-id": "946a9dd01fc59c52fca57b93515884a0",
        "x-ms-content-sha256": "Sanitized",
        "x-ms-date": "Tue, 12 Oct 2021 23:52:00 GMT",
        "x-ms-return-client-request-id": "true"
      },
      "RequestBody": null,
      "StatusCode": 204,
      "ResponseHeaders": {
        "api-supported-versions": "2021-04-07-preview1",
        "Date": "Tue, 12 Oct 2021 23:51:59 GMT",
        "Request-Context": "appId=",
        "trace-id": "3d78ba489b976b41b31706687178df08",
        "X-Azure-Ref": "0oB9mYQAAAADC6/7D0ZUyR6SYCFkAg913WVZSMzBFREdFMDQxMQBjYzkyNzU4ZC0wNWY3LTRhZDYtYWE1ZS0wZmE5NzE4ZDg5ODU=",
        "X-Cache": "CONFIG_NOCACHE"
      },
      "ResponseBody": []
    },
    {
      "RequestUri": "https://rsarkar-sdktest.int.communication.azure.net/routing/workers/sdk-vIoaVB2T30-tNERY1u4K2w-GetWorkersTest_1?api-version=2021-04-07-preview1",
      "RequestMethod": "GET",
      "RequestHeaders": {
        "Accept": "application/json",
        "Authorization": "Sanitized",
        "traceparent": "00-89bc7bc153cb114aa449fd2446c281e3-2629fc38e434b24b-00",
        "User-Agent": "azsdk-net-Communication.JobRouter/1.0.0-alpha.20211012.1 (.NET Framework 4.8.4300.0; Microsoft Windows 10.0.19043 )",
        "x-ms-client-request-id": "460544f6cf72c588403309ff920e3ac4",
        "x-ms-content-sha256": "Sanitized",
        "x-ms-date": "Tue, 12 Oct 2021 23:52:00 GMT",
        "x-ms-return-client-request-id": "true"
      },
      "RequestBody": null,
      "StatusCode": 200,
      "ResponseHeaders": {
        "api-supported-versions": "2021-04-07-preview1",
        "Content-Type": "application/json; charset=utf-8",
        "Date": "Tue, 12 Oct 2021 23:51:59 GMT",
        "Request-Context": "appId=",
        "trace-id": "89bc7bc153cb114aa449fd2446c281e3",
        "Transfer-Encoding": "chunked",
        "X-Azure-Ref": "0oB9mYQAAAAAQvZOpBzBHQZQvmXMiBU3WWVZSMzBFREdFMDQxMQBjYzkyNzU4ZC0wNWY3LTRhZDYtYWE1ZS0wZmE5NzE4ZDg5ODU=",
        "X-Cache": "CONFIG_NOCACHE"
      },
      "ResponseBody": {
        "id": "sdk-vIoaVB2T30-tNERY1u4K2w-GetWorkersTest_1",
        "state": "Inactive",
        "queueAssignments": [
          {
            "queueId": "sdk-vIoaVB2T30-tNERY1u4K2w-Q1GetWorkersTest"
          }
        ],
        "totalCapacity": 10,
        "labels": {},
        "channelConfigurations": [
          {
            "channelId": "sdk-vIoaVB2T30-tNERY1u4K2w-Ch1GetWorkersTest",
            "capacityCostPerJob": 1
          },
          {
            "channelId": "sdk-vIoaVB2T30-tNERY1u4K2w-Ch2GetWorkersTest",
            "capacityCostPerJob": 10
          }
        ],
        "offers": [],
        "assignedJobs": [],
        "loadRatio": 0
      }
    },
    {
      "RequestUri": "https://rsarkar-sdktest.int.communication.azure.net/routing/workers?status=active\u0026channelId=sdk-vIoaVB2T30-tNERY1u4K2w-Ch1GetWorkersTest\u0026maxPageSize=1\u0026api-version=2021-04-07-preview1",
      "RequestMethod": "GET",
      "RequestHeaders": {
        "Accept": "application/json",
        "Authorization": "Sanitized",
        "traceparent": "00-80023afb714b464396ab6b1fe6726a86-8b66c9a34dc63f40-00",
        "User-Agent": "azsdk-net-Communication.JobRouter/1.0.0-alpha.20211012.1 (.NET Framework 4.8.4300.0; Microsoft Windows 10.0.19043 )",
        "x-ms-client-request-id": "336a4256a246c8e01c583fa8dad83b30",
        "x-ms-content-sha256": "Sanitized",
        "x-ms-date": "Tue, 12 Oct 2021 23:52:00 GMT",
        "x-ms-return-client-request-id": "true"
      },
      "RequestBody": null,
      "StatusCode": 200,
      "ResponseHeaders": {
        "api-supported-versions": "2021-04-07-preview1",
        "Content-Type": "application/json; charset=utf-8",
        "Date": "Tue, 12 Oct 2021 23:51:59 GMT",
        "Request-Context": "appId=",
        "trace-id": "80023afb714b464396ab6b1fe6726a86",
        "Transfer-Encoding": "chunked",
        "X-Azure-Ref": "0oB9mYQAAAAAE2D81z6GgSJiphsBGy4BGWVZSMzBFREdFMDQxMQBjYzkyNzU4ZC0wNWY3LTRhZDYtYWE1ZS0wZmE5NzE4ZDg5ODU=",
        "X-Cache": "CONFIG_NOCACHE"
      },
      "ResponseBody": {
        "value": [
          {
            "id": "sdk-vIoaVB2T30-tNERY1u4K2w-GetWorkersTest_2",
            "state": "Active",
            "queueAssignments": [
              {
                "queueId": "sdk-vIoaVB2T30-tNERY1u4K2w-Q2GetWorkersTest"
              }
            ],
            "totalCapacity": 10,
            "labels": {},
            "channelConfigurations": [
              {
                "channelId": "sdk-vIoaVB2T30-tNERY1u4K2w-Ch1GetWorkersTest",
                "capacityCostPerJob": 1
              },
              {
                "channelId": "sdk-vIoaVB2T30-tNERY1u4K2w-Ch2GetWorkersTest",
                "capacityCostPerJob": 10
              }
            ],
            "offers": [],
            "assignedJobs": [],
            "loadRatio": 0
          }
        ],
        "nextLink": "/routing/workers?status=active\u0026channelId=sdk-vIoaVB2T30-tNERY1u4K2w-Ch1GetWorkersTest\u0026maxPageSize=1\u0026api-version=2021-04-07-preview1\u0026continuationToken=W3sidG9rZW4iOiIrUklEOn5zTjF1QU1aSzh3Ym9GUUFBQUFBQUFBPT0jUlQ6MSNUUkM6MSNJU1Y6MiNJRU86NjU1NjcjUUNGOjQjRlBDOkFlZ1ZBQUFBQUFBQTZoVUFBQUFBQUFBPSIsInJhbmdlIjp7Im1pbiI6IiIsIm1heCI6IkZGIn19XQ%3D%3D"
      }
    },
    {
      "RequestUri": "https://rsarkar-sdktest.int.communication.azure.net/routing/workers?status=active\u0026channelId=sdk-vIoaVB2T30-tNERY1u4K2w-Ch1GetWorkersTest\u0026maxPageSize=1\u0026api-version=2021-04-07-preview1\u0026continuationToken=W3sidG9rZW4iOiIrUklEOn5zTjF1QU1aSzh3Ym9GUUFBQUFBQUFBPT0jUlQ6MSNUUkM6MSNJU1Y6MiNJRU86NjU1NjcjUUNGOjQjRlBDOkFlZ1ZBQUFBQUFBQTZoVUFBQUFBQUFBPSIsInJhbmdlIjp7Im1pbiI6IiIsIm1heCI6IkZGIn19XQ%3D%3D",
      "RequestMethod": "GET",
      "RequestHeaders": {
        "Accept": "application/json",
        "Authorization": "Sanitized",
        "traceparent": "00-5953548405bdd249b144296a710e3353-491d920c8f532742-00",
        "User-Agent": "azsdk-net-Communication.JobRouter/1.0.0-alpha.20211012.1 (.NET Framework 4.8.4300.0; Microsoft Windows 10.0.19043 )",
        "x-ms-client-request-id": "1d6c26772db201f114a5549216520aee",
        "x-ms-content-sha256": "Sanitized",
        "x-ms-date": "Tue, 12 Oct 2021 23:52:00 GMT",
        "x-ms-return-client-request-id": "true"
      },
      "RequestBody": null,
      "StatusCode": 200,
      "ResponseHeaders": {
        "api-supported-versions": "2021-04-07-preview1",
        "Content-Type": "application/json; charset=utf-8",
        "Date": "Tue, 12 Oct 2021 23:52:00 GMT",
        "Request-Context": "appId=",
        "trace-id": "5953548405bdd249b144296a710e3353",
        "Transfer-Encoding": "chunked",
        "X-Azure-Ref": "0oB9mYQAAAABOSu5dfYvLSJnZh/kaM2s8WVZSMzBFREdFMDQxMQBjYzkyNzU4ZC0wNWY3LTRhZDYtYWE1ZS0wZmE5NzE4ZDg5ODU=",
        "X-Cache": "CONFIG_NOCACHE"
      },
      "ResponseBody": {
        "value": [
          {
            "id": "sdk-vIoaVB2T30-tNERY1u4K2w-GetWorkersTest_3",
            "state": "Active",
            "queueAssignments": [
              {
                "queueId": "sdk-vIoaVB2T30-tNERY1u4K2w-Q1GetWorkersTest"
              },
              {
                "queueId": "sdk-vIoaVB2T30-tNERY1u4K2w-Q2GetWorkersTest"
              }
            ],
            "totalCapacity": 10,
            "labels": {},
            "channelConfigurations": [
              {
                "channelId": "sdk-vIoaVB2T30-tNERY1u4K2w-Ch1GetWorkersTest",
                "capacityCostPerJob": 1
              },
              {
                "channelId": "sdk-vIoaVB2T30-tNERY1u4K2w-Ch2GetWorkersTest",
                "capacityCostPerJob": 10
              }
            ],
            "offers": [],
            "assignedJobs": [],
            "loadRatio": 0
          }
        ],
        "nextLink": "/routing/workers?status=active\u0026channelId=sdk-vIoaVB2T30-tNERY1u4K2w-Ch1GetWorkersTest\u0026maxPageSize=1\u0026api-version=2021-04-07-preview1\u0026continuationToken=W3sidG9rZW4iOiIrUklEOn5zTjF1QU1aSzh3YnBGUUFBQUFBQUFBPT0jUlQ6MiNUUkM6MiNJU1Y6MiNJRU86NjU1NjcjUUNGOjQjRlBDOkFla1ZBQUFBQUFBQTZoVUFBQUFBQUFBPSIsInJhbmdlIjp7Im1pbiI6IiIsIm1heCI6IkZGIn19XQ%3D%3D"
      }
    },
    {
      "RequestUri": "https://rsarkar-sdktest.int.communication.azure.net/routing/workers?status=active\u0026channelId=sdk-vIoaVB2T30-tNERY1u4K2w-Ch1GetWorkersTest\u0026maxPageSize=1\u0026api-version=2021-04-07-preview1\u0026continuationToken=W3sidG9rZW4iOiIrUklEOn5zTjF1QU1aSzh3YnBGUUFBQUFBQUFBPT0jUlQ6MiNUUkM6MiNJU1Y6MiNJRU86NjU1NjcjUUNGOjQjRlBDOkFla1ZBQUFBQUFBQTZoVUFBQUFBQUFBPSIsInJhbmdlIjp7Im1pbiI6IiIsIm1heCI6IkZGIn19XQ%3D%3D",
      "RequestMethod": "GET",
      "RequestHeaders": {
        "Accept": "application/json",
        "Authorization": "Sanitized",
        "traceparent": "00-687d73896f98964f9d81eae7255fbef3-970b1990eb570b4c-00",
        "User-Agent": "azsdk-net-Communication.JobRouter/1.0.0-alpha.20211012.1 (.NET Framework 4.8.4300.0; Microsoft Windows 10.0.19043 )",
        "x-ms-client-request-id": "0e3cb76b51ed5359643c2a198fe0ea67",
        "x-ms-content-sha256": "Sanitized",
        "x-ms-date": "Tue, 12 Oct 2021 23:52:00 GMT",
        "x-ms-return-client-request-id": "true"
      },
      "RequestBody": null,
      "StatusCode": 200,
      "ResponseHeaders": {
        "api-supported-versions": "2021-04-07-preview1",
        "Content-Type": "application/json; charset=utf-8",
        "Date": "Tue, 12 Oct 2021 23:52:00 GMT",
        "Request-Context": "appId=",
        "trace-id": "687d73896f98964f9d81eae7255fbef3",
        "Transfer-Encoding": "chunked",
        "X-Azure-Ref": "0oB9mYQAAAAABODJLRutOS4Oy0W468sa6WVZSMzBFREdFMDQxMQBjYzkyNzU4ZC0wNWY3LTRhZDYtYWE1ZS0wZmE5NzE4ZDg5ODU=",
        "X-Cache": "CONFIG_NOCACHE"
      },
      "ResponseBody": {
        "value": [
          {
            "id": "sdk-vIoaVB2T30-tNERY1u4K2w-GetWorkersTest_4",
            "state": "Active",
            "queueAssignments": [
              {
                "queueId": "sdk-vIoaVB2T30-tNERY1u4K2w-Q1GetWorkersTest"
              }
            ],
            "totalCapacity": 10,
            "labels": {},
            "channelConfigurations": [
              {
                "channelId": "sdk-vIoaVB2T30-tNERY1u4K2w-Ch1GetWorkersTest",
                "capacityCostPerJob": 1
              }
            ],
            "offers": [],
            "assignedJobs": [],
            "loadRatio": 0
          }
        ]
      }
    },
    {
      "RequestUri": "https://rsarkar-sdktest.int.communication.azure.net/routing/workers?status=inactive\u0026channelId=sdk-vIoaVB2T30-tNERY1u4K2w-Ch1GetWorkersTest\u0026maxPageSize=1\u0026api-version=2021-04-07-preview1",
      "RequestMethod": "GET",
      "RequestHeaders": {
        "Accept": "application/json",
        "Authorization": "Sanitized",
        "traceparent": "00-a450adab3774a24bb6a41183b7c4df27-d18214e70c1f8c47-00",
        "User-Agent": "azsdk-net-Communication.JobRouter/1.0.0-alpha.20211012.1 (.NET Framework 4.8.4300.0; Microsoft Windows 10.0.19043 )",
        "x-ms-client-request-id": "6b88d9f81ca1291251691ea14e4db2ca",
        "x-ms-content-sha256": "Sanitized",
        "x-ms-date": "Tue, 12 Oct 2021 23:52:00 GMT",
        "x-ms-return-client-request-id": "true"
      },
      "RequestBody": null,
      "StatusCode": 200,
      "ResponseHeaders": {
        "api-supported-versions": "2021-04-07-preview1",
        "Content-Type": "application/json; charset=utf-8",
        "Date": "Tue, 12 Oct 2021 23:52:00 GMT",
        "Request-Context": "appId=",
        "trace-id": "a450adab3774a24bb6a41183b7c4df27",
        "Transfer-Encoding": "chunked",
        "X-Azure-Ref": "0oB9mYQAAAACKSsFbhNMcSZ9jj6rwxIq6WVZSMzBFREdFMDQxMQBjYzkyNzU4ZC0wNWY3LTRhZDYtYWE1ZS0wZmE5NzE4ZDg5ODU=",
        "X-Cache": "CONFIG_NOCACHE"
      },
      "ResponseBody": {
        "value": [
          {
            "id": "sdk-vIoaVB2T30-tNERY1u4K2w-GetWorkersTest_1",
            "state": "Inactive",
            "queueAssignments": [
              {
                "queueId": "sdk-vIoaVB2T30-tNERY1u4K2w-Q1GetWorkersTest"
              }
            ],
            "totalCapacity": 10,
            "labels": {},
            "channelConfigurations": [
              {
                "channelId": "sdk-vIoaVB2T30-tNERY1u4K2w-Ch1GetWorkersTest",
                "capacityCostPerJob": 1
              },
              {
                "channelId": "sdk-vIoaVB2T30-tNERY1u4K2w-Ch2GetWorkersTest",
                "capacityCostPerJob": 10
              }
            ],
            "offers": [],
            "assignedJobs": [],
            "loadRatio": 0
          }
        ]
      }
    },
    {
      "RequestUri": "https://rsarkar-sdktest.int.communication.azure.net/routing/workers/sdk-vIoaVB2T30-tNERY1u4K2w-GetWorkersTest_1?api-version=2021-04-07-preview1",
      "RequestMethod": "DELETE",
      "RequestHeaders": {
        "Accept": "application/json",
        "Authorization": "Sanitized",
        "traceparent": "00-2d508a66cc4dc944b8e71d28e14f19f8-5f801a05983bd949-00",
        "User-Agent": "azsdk-net-Communication.JobRouter/1.0.0-alpha.20211012.1 (.NET Framework 4.8.4300.0; Microsoft Windows 10.0.19043 )",
        "x-ms-client-request-id": "233c504e2c9b2642cc19b97503d77134",
        "x-ms-content-sha256": "Sanitized",
        "x-ms-date": "Tue, 12 Oct 2021 23:52:00 GMT",
        "x-ms-return-client-request-id": "true"
      },
      "RequestBody": null,
      "StatusCode": 204,
      "ResponseHeaders": {
        "api-supported-versions": "2021-04-07-preview1",
        "Date": "Tue, 12 Oct 2021 23:52:00 GMT",
        "Request-Context": "appId=",
        "trace-id": "2d508a66cc4dc944b8e71d28e14f19f8",
        "X-Azure-Ref": "0oB9mYQAAAABwQHuYSUV/TqX4vNhJ9T2wWVZSMzBFREdFMDQxMQBjYzkyNzU4ZC0wNWY3LTRhZDYtYWE1ZS0wZmE5NzE4ZDg5ODU=",
        "X-Cache": "CONFIG_NOCACHE"
      },
      "ResponseBody": []
    },
    {
      "RequestUri": "https://rsarkar-sdktest.int.communication.azure.net/routing/workers/sdk-vIoaVB2T30-tNERY1u4K2w-GetWorkersTest_2?api-version=2021-04-07-preview1",
      "RequestMethod": "DELETE",
      "RequestHeaders": {
        "Accept": "application/json",
        "Authorization": "Sanitized",
        "traceparent": "00-7ca7fc5e270dc9449d87ae3b9bf16dfe-72d9e1c5d91f6945-00",
        "User-Agent": "azsdk-net-Communication.JobRouter/1.0.0-alpha.20211012.1 (.NET Framework 4.8.4300.0; Microsoft Windows 10.0.19043 )",
        "x-ms-client-request-id": "3c9aecba9eca4f4ca512bd8432b80516",
        "x-ms-content-sha256": "Sanitized",
        "x-ms-date": "Tue, 12 Oct 2021 23:52:00 GMT",
        "x-ms-return-client-request-id": "true"
      },
      "RequestBody": null,
      "StatusCode": 204,
      "ResponseHeaders": {
        "api-supported-versions": "2021-04-07-preview1",
        "Date": "Tue, 12 Oct 2021 23:52:00 GMT",
        "Request-Context": "appId=",
        "trace-id": "7ca7fc5e270dc9449d87ae3b9bf16dfe",
        "X-Azure-Ref": "0oB9mYQAAAAD4nNOduG6oTqCjGliDQ4n2WVZSMzBFREdFMDQxMQBjYzkyNzU4ZC0wNWY3LTRhZDYtYWE1ZS0wZmE5NzE4ZDg5ODU=",
        "X-Cache": "CONFIG_NOCACHE"
      },
      "ResponseBody": []
    },
    {
      "RequestUri": "https://rsarkar-sdktest.int.communication.azure.net/routing/workers/sdk-vIoaVB2T30-tNERY1u4K2w-GetWorkersTest_3?api-version=2021-04-07-preview1",
      "RequestMethod": "DELETE",
      "RequestHeaders": {
        "Accept": "application/json",
        "Authorization": "Sanitized",
        "traceparent": "00-83cfe71d7045ca48ba8969201657fd8f-e83353fc9f339d4b-00",
        "User-Agent": "azsdk-net-Communication.JobRouter/1.0.0-alpha.20211012.1 (.NET Framework 4.8.4300.0; Microsoft Windows 10.0.19043 )",
        "x-ms-client-request-id": "3ecb5f8ac7a3cbcc96629f88639c2679",
        "x-ms-content-sha256": "Sanitized",
        "x-ms-date": "Tue, 12 Oct 2021 23:52:01 GMT",
        "x-ms-return-client-request-id": "true"
      },
      "RequestBody": null,
      "StatusCode": 204,
      "ResponseHeaders": {
        "api-supported-versions": "2021-04-07-preview1",
        "Date": "Tue, 12 Oct 2021 23:52:00 GMT",
        "Request-Context": "appId=",
        "trace-id": "83cfe71d7045ca48ba8969201657fd8f",
        "X-Azure-Ref": "0oB9mYQAAAACCo5n3whjIR6z2LfVvwGd9WVZSMzBFREdFMDQxMQBjYzkyNzU4ZC0wNWY3LTRhZDYtYWE1ZS0wZmE5NzE4ZDg5ODU=",
        "X-Cache": "CONFIG_NOCACHE"
      },
      "ResponseBody": []
    },
    {
      "RequestUri": "https://rsarkar-sdktest.int.communication.azure.net/routing/workers/sdk-vIoaVB2T30-tNERY1u4K2w-GetWorkersTest_4?api-version=2021-04-07-preview1",
      "RequestMethod": "DELETE",
      "RequestHeaders": {
        "Accept": "application/json",
        "Authorization": "Sanitized",
        "traceparent": "00-1c88cdcc682df949872ca4d291dc3f78-87ff57dbd4134440-00",
        "User-Agent": "azsdk-net-Communication.JobRouter/1.0.0-alpha.20211012.1 (.NET Framework 4.8.4300.0; Microsoft Windows 10.0.19043 )",
        "x-ms-client-request-id": "61e6e9f875b3af0003ed7d886ebef314",
        "x-ms-content-sha256": "Sanitized",
        "x-ms-date": "Tue, 12 Oct 2021 23:52:01 GMT",
        "x-ms-return-client-request-id": "true"
      },
      "RequestBody": null,
      "StatusCode": 204,
      "ResponseHeaders": {
        "api-supported-versions": "2021-04-07-preview1",
        "Date": "Tue, 12 Oct 2021 23:52:00 GMT",
        "Request-Context": "appId=",
        "trace-id": "1c88cdcc682df949872ca4d291dc3f78",
        "X-Azure-Ref": "0oR9mYQAAAADCHoYBSvNPRI9/6eOPX/2CWVZSMzBFREdFMDQxMQBjYzkyNzU4ZC0wNWY3LTRhZDYtYWE1ZS0wZmE5NzE4ZDg5ODU=",
        "X-Cache": "CONFIG_NOCACHE"
      },
      "ResponseBody": []
    }
  ],
  "Variables": {
    "COMMUNICATION_LIVETEST_DYNAMIC_CONNECTION_STRING": "endpoint=https://rsarkar-sdktest.int.communication.azure.net/;accesskey=Kg==",
    "id-prefix": "sdk-vIoaVB2T30-tNERY1u4K2w-",
    "RandomSeed": "605493994"
  }
}