{
  "Entries": [
    {
      "RequestUri": "https://javatextanalyticstestresources.cognitiveservices.azure.com/text/analytics/v3.2-preview.2/analyze",
      "RequestMethod": "POST",
      "RequestHeaders": {
        "Accept": [
          "application/json",
          "text/json"
        ],
        "Content-Length": "564",
        "Content-Type": "application/json",
        "Ocp-Apim-Subscription-Key": "Sanitized",
        "traceparent": "00-f948448e9f7eaf4a8d4166c2bb1be68c-1f2174e3e603064c-00",
        "User-Agent": [
          "azsdk-net-AI.TextAnalytics/5.2.0-alpha.20211025.1",
          "(.NET Core 3.1.20; Microsoft Windows 10.0.19043)"
        ],
        "x-ms-client-request-id": "a6386bfba6299a3233a2dfd0f0d681ac",
        "x-ms-return-client-request-id": "true"
      },
      "RequestBody": {
        "analysisInput": {
          "documents": [
            {
              "id": "1",
              "text": "I need a reservation for an indoor restaurant in China. Please don\u0027t stop the music. Play music and add it to my playlist",
              "language": "en"
            },
            {
              "id": "2",
              "text": "David Schmidt, senior vice president--Food Safety, International Food Information Council (IFIC), Washington, D.C., discussed the physical activity component.",
              "language": "en"
            }
          ]
        },
        "tasks": {
          "customMultiClassificationTasks": [
            {
              "parameters": {
                "project-name": "7cdace98-537b-494a-b69a-c19754718025",
                "deployment-name": "7cdace98-537b-494a-b69a-c19754718025"
              }
            }
          ]
        }
      },
      "StatusCode": 202,
      "ResponseHeaders": {
        "apim-request-id": "bc4b2ed0-3e19-4729-952e-77f05c97950d",
        "Date": "Mon, 25 Oct 2021 21:19:24 GMT",
        "operation-location": "https://javatextanalyticstestresources.cognitiveservices.azure.com/text/analytics/v3.2-preview.2/analyze/jobs/b6e0e38e-9f3f-444e-afdd-8f1ef2f5e723",
        "Strict-Transport-Security": "max-age=31536000; includeSubDomains; preload",
        "Transfer-Encoding": "chunked",
        "X-Content-Type-Options": "nosniff",
        "x-envoy-upstream-service-time": "166"
      },
      "ResponseBody": []
    },
    {
      "RequestUri": "https://javatextanalyticstestresources.cognitiveservices.azure.com/text/analytics/v3.2-preview.2/analyze/jobs/b6e0e38e-9f3f-444e-afdd-8f1ef2f5e723",
      "RequestMethod": "GET",
      "RequestHeaders": {
        "Accept": [
          "application/json",
          "text/json"
        ],
        "Ocp-Apim-Subscription-Key": "Sanitized",
        "User-Agent": [
          "azsdk-net-AI.TextAnalytics/5.2.0-alpha.20211025.1",
          "(.NET Core 3.1.20; Microsoft Windows 10.0.19043)"
        ],
        "x-ms-client-request-id": "99df5d7a9160810d2c4cc6a396618219",
        "x-ms-return-client-request-id": "true"
      },
      "RequestBody": null,
      "StatusCode": 200,
      "ResponseHeaders": {
        "apim-request-id": "82d22ee6-47b0-45c8-a4e0-dbfd4b8b0f7f",
        "Content-Type": "application/json; charset=utf-8",
        "Date": "Mon, 25 Oct 2021 21:19:25 GMT",
        "Strict-Transport-Security": "max-age=31536000; includeSubDomains; preload",
        "Transfer-Encoding": "chunked",
        "X-Content-Type-Options": "nosniff",
        "x-envoy-upstream-service-time": "8"
      },
      "ResponseBody": {
        "jobId": "b6e0e38e-9f3f-444e-afdd-8f1ef2f5e723",
        "lastUpdateDateTime": "2021-10-25T21:19:25Z",
        "createdDateTime": "2021-10-25T21:19:25Z",
        "expirationDateTime": "2021-10-26T21:19:25Z",
        "status": "notStarted",
        "errors": [],
        "tasks": {
          "completed": 0,
          "failed": 0,
          "inProgress": 1,
          "total": 1
        }
      }
    },
    {
      "RequestUri": "https://javatextanalyticstestresources.cognitiveservices.azure.com/text/analytics/v3.2-preview.2/analyze/jobs/b6e0e38e-9f3f-444e-afdd-8f1ef2f5e723",
      "RequestMethod": "GET",
      "RequestHeaders": {
        "Accept": [
          "application/json",
          "text/json"
        ],
        "Ocp-Apim-Subscription-Key": "Sanitized",
        "User-Agent": [
          "azsdk-net-AI.TextAnalytics/5.2.0-alpha.20211025.1",
          "(.NET Core 3.1.20; Microsoft Windows 10.0.19043)"
        ],
        "x-ms-client-request-id": "bee2f736dbdadf841f035712b1c9634d",
        "x-ms-return-client-request-id": "true"
      },
      "RequestBody": null,
      "StatusCode": 200,
      "ResponseHeaders": {
        "apim-request-id": "35b2325e-a0c1-4a26-976d-b2345d46e620",
        "Content-Type": "application/json; charset=utf-8",
        "Date": "Mon, 25 Oct 2021 21:19:26 GMT",
        "Strict-Transport-Security": "max-age=31536000; includeSubDomains; preload",
        "Transfer-Encoding": "chunked",
        "X-Content-Type-Options": "nosniff",
        "x-envoy-upstream-service-time": "270"
      },
      "ResponseBody": {
        "jobId": "b6e0e38e-9f3f-444e-afdd-8f1ef2f5e723",
        "lastUpdateDateTime": "2021-10-25T21:19:26Z",
        "createdDateTime": "2021-10-25T21:19:25Z",
        "expirationDateTime": "2021-10-26T21:19:25Z",
        "status": "succeeded",
        "errors": [],
        "tasks": {
          "completed": 1,
          "failed": 0,
          "inProgress": 0,
          "total": 1,
          "customMultiClassificationTasks": [
            {
              "lastUpdateDateTime": "2021-10-25T21:19:26.1356694Z",
              "state": "succeeded",
              "results": {
                "documents": [
                  {
                    "id": "1",
                    "classifications": [
                      {
                        "category": "BookRestaurant",
                        "confidenceScore": 0.97
                      }
                    ],
                    "warnings": []
                  },
                  {
                    "id": "2",
                    "classifications": [],
                    "warnings": []
                  }
                ],
                "errors": [],
                "projectName": "7cdace98-537b-494a-b69a-c19754718025",
                "deploymentName": "7cdace98-537b-494a-b69a-c19754718025"
              }
            }
          ]
        }
      }
    }
  ],
  "Variables": {
    "RandomSeed": "542519583",
    "TEXT_ANALYTICS_API_KEY": "Sanitized",
    "TEXT_ANALYTICS_ENDPOINT": "https://javatextanalyticstestresources.cognitiveservices.azure.com/"
  }
}