{
  "Entries": [
    {
      "RequestUri": "/providers/Microsoft.Marketplace/privateStores?api-version=2020-01-01",
      "EncodedRequestUri": "L3Byb3ZpZGVycy9NaWNyb3NvZnQuTWFya2V0cGxhY2UvcHJpdmF0ZVN0b3Jlcz9hcGktdmVyc2lvbj0yMDIwLTAxLTAx",
      "RequestMethod": "GET",
      "RequestBody": "",
      "RequestHeaders": {
        "x-ms-client-request-id": [
          "8c48f736-37a3-4b65-9583-d2014dca4538"
        ],
        "accept-language": [
          "en-US"
        ],
        "User-Agent": [
          "FxVersion/4.6.26614.01",
          "OSName/Windows",
          "OSVersion/Microsoft.Windows.10.0.19042.",
          "Microsoft.Azure.Management.Marketplace.MarketplaceManagementClient/1.2.0"
        ]
      },
      "ResponseHeaders": {
        "Cache-Control": [
          "no-cache"
        ],
        "Date": [
          "Thu, 05 Nov 2020 14:24:11 GMT"
        ],
        "Pragma": [
          "no-cache"
        ],
        "Server": [
          "Microsoft-IIS/10.0"
        ],
        "Set-Cookie": [
          "ARRAffinity=e11145e197c6f01e002a4d98ef13f29c7257988fe3b830b46359ccbc96d662ce;Path=/;HttpOnly;Secure;Domain=df.marketplacerp.azure-test.net",
          "ARRAffinitySameSite=e11145e197c6f01e002a4d98ef13f29c7257988fe3b830b46359ccbc96d662ce;Path=/;HttpOnly;SameSite=None;Secure;Domain=df.marketplacerp.azure-test.net"
        ],
        "Vary": [
          "Accept-Encoding"
        ],
        "X-Content-Type-Options": [
          "nosniff"
        ],
        "X-XSS-Protection": [
          "1; mode=block"
        ],
        "x-ms-version": [
          "1.0.0.1328 (AzureUX-MarketPlaceRP:master.bb2a3b38a.201104-2248)"
        ],
        "X-AspNet-Version": [
          "4.0.30319"
        ],
        "X-Powered-By": [
          "ASP.NET"
        ],
        "x-ms-ratelimit-remaining-tenant-reads": [
          "14998"
        ],
        "x-ms-request-id": [
          "8b6b16c4-8680-4c15-99bc-3f6231f9c6e9"
        ],
        "x-ms-correlation-request-id": [
          "8b6b16c4-8680-4c15-99bc-3f6231f9c6e9"
        ],
        "x-ms-routing-request-id": [
          "NORTHEUROPE:20201105T142412Z:8b6b16c4-8680-4c15-99bc-3f6231f9c6e9"
        ],
        "Strict-Transport-Security": [
          "max-age=31536000; includeSubDomains"
        ],
        "Content-Length": [
          "609"
        ],
        "Content-Type": [
          "application/json; charset=utf-8"
        ],
        "Expires": [
          "-1"
        ]
      },
      "ResponseBody": "{\r\n  \"value\": [\r\n    {\r\n      \"id\": \"/providers/Microsoft.Marketplace/privateStores/a70d384d-ec34-47dd-9d38-ec6df452cba1\",\r\n      \"name\": \"a70d384d-ec34-47dd-9d38-ec6df452cba1\",\r\n      \"type\": \"Microsoft.Marketplace/privateStores\",\r\n      \"properties\": {\r\n        \"privateStoreId\": \"a70d384d-ec34-47dd-9d38-ec6df452cba1\",\r\n        \"availability\": \"disabled\",\r\n        \"eTag\": \"\\\"0000e008-0000-0100-0000-5f9ff88f0000\\\"\",\r\n        \"privateStoreName\": \"JEDI\",\r\n        \"tenantIds\": [\r\n          \"bb0c79d9-b724-425d-ab37-8b80ccacd03a\",\r\n          \"3bc6b734-0508-42db-849e-7a60818a96fc\"\r\n        ],\r\n        \"tenantTag\": \"azure.microsoft.com/usgovtenant=true\",\r\n        \"customerTag\": \"TSZ\",\r\n        \"hasCommercialAssociation\": true,\r\n        \"hasMultiTenantAssociation\": true,\r\n        \"isGov\": true\r\n      }\r\n    }\r\n  ]\r\n}",
      "StatusCode": 200
    },
    {
      "RequestUri": "/providers/Microsoft.Marketplace/privateStores?api-version=2020-01-01",
      "EncodedRequestUri": "L3Byb3ZpZGVycy9NaWNyb3NvZnQuTWFya2V0cGxhY2UvcHJpdmF0ZVN0b3Jlcz9hcGktdmVyc2lvbj0yMDIwLTAxLTAx",
      "RequestMethod": "GET",
      "RequestBody": "",
      "RequestHeaders": {
        "x-ms-client-request-id": [
          "be2dafc7-a26c-487e-bed0-b270a0780b4e"
        ],
        "accept-language": [
          "en-US"
        ],
        "User-Agent": [
          "FxVersion/4.6.26614.01",
          "OSName/Windows",
          "OSVersion/Microsoft.Windows.10.0.19042.",
          "Microsoft.Azure.Management.Marketplace.MarketplaceManagementClient/1.2.0"
        ]
      },
      "ResponseHeaders": {
        "Cache-Control": [
          "no-cache"
        ],
        "Date": [
          "Thu, 05 Nov 2020 14:24:12 GMT"
        ],
        "Pragma": [
          "no-cache"
        ],
        "Server": [
          "Microsoft-IIS/10.0"
        ],
        "Set-Cookie": [
          "ARRAffinity=26d315eb5e91381caffe0245752f36a80d2e928f8855e80e2e0bdecbb83018a8;Path=/;HttpOnly;Secure;Domain=df.marketplacerp.azure-test.net",
          "ARRAffinitySameSite=26d315eb5e91381caffe0245752f36a80d2e928f8855e80e2e0bdecbb83018a8;Path=/;HttpOnly;SameSite=None;Secure;Domain=df.marketplacerp.azure-test.net"
        ],
        "Vary": [
          "Accept-Encoding"
        ],
        "X-Content-Type-Options": [
          "nosniff"
        ],
        "X-XSS-Protection": [
          "1; mode=block"
        ],
        "x-ms-version": [
          "1.0.0.1328 (AzureUX-MarketPlaceRP:master.bb2a3b38a.201104-2248)"
        ],
        "X-AspNet-Version": [
          "4.0.30319"
        ],
        "X-Powered-By": [
          "ASP.NET"
        ],
        "x-ms-ratelimit-remaining-tenant-reads": [
          "14997"
        ],
        "x-ms-request-id": [
          "79b6965a-c1ae-4c50-b052-eb9299d89066"
        ],
        "x-ms-correlation-request-id": [
          "79b6965a-c1ae-4c50-b052-eb9299d89066"
        ],
        "x-ms-routing-request-id": [
          "NORTHEUROPE:20201105T142412Z:79b6965a-c1ae-4c50-b052-eb9299d89066"
        ],
        "Strict-Transport-Security": [
          "max-age=31536000; includeSubDomains"
        ],
        "Content-Length": [
          "608"
        ],
        "Content-Type": [
          "application/json; charset=utf-8"
        ],
        "Expires": [
          "-1"
        ]
      },
      "ResponseBody": "{\r\n  \"value\": [\r\n    {\r\n      \"id\": \"/providers/Microsoft.Marketplace/privateStores/a70d384d-ec34-47dd-9d38-ec6df452cba1\",\r\n      \"name\": \"a70d384d-ec34-47dd-9d38-ec6df452cba1\",\r\n      \"type\": \"Microsoft.Marketplace/privateStores\",\r\n      \"properties\": {\r\n        \"privateStoreId\": \"a70d384d-ec34-47dd-9d38-ec6df452cba1\",\r\n        \"availability\": \"enabled\",\r\n        \"eTag\": \"\\\"00007d1c-0000-0100-0000-5fa40b0c0000\\\"\",\r\n        \"privateStoreName\": \"JEDI\",\r\n        \"tenantIds\": [\r\n          \"bb0c79d9-b724-425d-ab37-8b80ccacd03a\",\r\n          \"3bc6b734-0508-42db-849e-7a60818a96fc\"\r\n        ],\r\n        \"tenantTag\": \"azure.microsoft.com/usgovtenant=true\",\r\n        \"customerTag\": \"TSZ\",\r\n        \"hasCommercialAssociation\": true,\r\n        \"hasMultiTenantAssociation\": true,\r\n        \"isGov\": true\r\n      }\r\n    }\r\n  ]\r\n}",
      "StatusCode": 200
    },
    {
      "RequestUri": "/providers/Microsoft.Marketplace/privateStores/a70d384d-ec34-47dd-9d38-ec6df452cba1?api-version=2020-01-01",
      "EncodedRequestUri": "L3Byb3ZpZGVycy9NaWNyb3NvZnQuTWFya2V0cGxhY2UvcHJpdmF0ZVN0b3Jlcy9hNzBkMzg0ZC1lYzM0LTQ3ZGQtOWQzOC1lYzZkZjQ1MmNiYTE/YXBpLXZlcnNpb249MjAyMC0wMS0wMQ==",
      "RequestMethod": "PUT",
      "RequestBody": "{\r\n  \"properties\": {\r\n    \"availability\": \"enabled\",\r\n    \"eTag\": \"\\\"0000e008-0000-0100-0000-5f9ff88f0000\\\"\"\r\n  }\r\n}",
      "RequestHeaders": {
        "x-ms-client-request-id": [
          "a6a4dd75-001e-4308-8e10-4760b9220a06"
        ],
        "accept-language": [
          "en-US"
        ],
        "User-Agent": [
          "FxVersion/4.6.26614.01",
          "OSName/Windows",
          "OSVersion/Microsoft.Windows.10.0.19042.",
          "Microsoft.Azure.Management.Marketplace.MarketplaceManagementClient/1.2.0"
        ],
        "Content-Type": [
          "application/json; charset=utf-8"
        ],
        "Content-Length": [
          "116"
        ]
      },
      "ResponseHeaders": {
        "Cache-Control": [
          "no-cache"
        ],
        "Date": [
          "Thu, 05 Nov 2020 14:24:12 GMT"
        ],
        "Pragma": [
          "no-cache"
        ],
        "Server": [
          "Microsoft-IIS/10.0"
        ],
        "Set-Cookie": [
          "ARRAffinity=9a52859189c53f2cf9a5d91a402fbe51e76b0fd3c8388d99085fbc1008beb3a5;Path=/;HttpOnly;Secure;Domain=df.marketplacerp.azure-test.net",
          "ARRAffinitySameSite=9a52859189c53f2cf9a5d91a402fbe51e76b0fd3c8388d99085fbc1008beb3a5;Path=/;HttpOnly;SameSite=None;Secure;Domain=df.marketplacerp.azure-test.net"
        ],
        "Vary": [
          "Accept-Encoding"
        ],
        "X-Content-Type-Options": [
          "nosniff"
        ],
        "X-XSS-Protection": [
          "1; mode=block"
        ],
        "x-ms-version": [
          "1.0.0.1328 (AzureUX-MarketPlaceRP:master.bb2a3b38a.201104-2248)"
        ],
        "X-AspNet-Version": [
          "4.0.30319"
        ],
        "X-Powered-By": [
          "ASP.NET"
        ],
        "x-ms-ratelimit-remaining-tenant-writes": [
          "1199"
        ],
        "x-ms-request-id": [
          "0af18e81-fb69-42d0-8f92-6d6fde7491d2"
        ],
        "x-ms-correlation-request-id": [
          "0af18e81-fb69-42d0-8f92-6d6fde7491d2"
        ],
        "x-ms-routing-request-id": [
          "NORTHEUROPE:20201105T142412Z:0af18e81-fb69-42d0-8f92-6d6fde7491d2"
        ],
        "Strict-Transport-Security": [
          "max-age=31536000; includeSubDomains"
        ],
        "Content-Length": [
          "596"
        ],
        "Content-Type": [
          "application/json; charset=utf-8"
        ],
        "Expires": [
          "-1"
        ]
      },
      "ResponseBody": "{\r\n  \"id\": \"/providers/Microsoft.Marketplace/privateStores/a70d384d-ec34-47dd-9d38-ec6df452cba1\",\r\n  \"name\": \"a70d384d-ec34-47dd-9d38-ec6df452cba1\",\r\n  \"type\": \"Microsoft.Marketplace/privateStores\",\r\n  \"properties\": {\r\n    \"privateStoreId\": \"a70d384d-ec34-47dd-9d38-ec6df452cba1\",\r\n    \"availability\": \"enabled\",\r\n    \"eTag\": \"\\\"00007d1c-0000-0100-0000-5fa40b0c0000\\\"\",\r\n    \"privateStoreName\": \"JEDI\",\r\n    \"tenantIds\": [\r\n      \"bb0c79d9-b724-425d-ab37-8b80ccacd03a\",\r\n      \"3bc6b734-0508-42db-849e-7a60818a96fc\"\r\n    ],\r\n    \"tenantTag\": \"azure.microsoft.com/usgovtenant=true\",\r\n    \"customerTag\": \"TSZ\",\r\n    \"hasCommercialAssociation\": true,\r\n    \"hasMultiTenantAssociation\": true,\r\n    \"isGov\": true\r\n  }\r\n}",
      "StatusCode": 200
    },
    {
      "RequestUri": "/providers/Microsoft.Marketplace/privateStores/a70d384d-ec34-47dd-9d38-ec6df452cba1?api-version=2020-01-01",
      "EncodedRequestUri": "L3Byb3ZpZGVycy9NaWNyb3NvZnQuTWFya2V0cGxhY2UvcHJpdmF0ZVN0b3Jlcy9hNzBkMzg0ZC1lYzM0LTQ3ZGQtOWQzOC1lYzZkZjQ1MmNiYTE/YXBpLXZlcnNpb249MjAyMC0wMS0wMQ==",
      "RequestMethod": "PUT",
      "RequestBody": "{\r\n  \"properties\": {\r\n    \"availability\": \"disabled\",\r\n    \"eTag\": \"\\\"00007d1c-0000-0100-0000-5fa40b0c0000\\\"\"\r\n  }\r\n}",
      "RequestHeaders": {
        "x-ms-client-request-id": [
          "ed90b3c5-6159-4c19-b1d6-9985dd83919c"
        ],
        "accept-language": [
          "en-US"
        ],
        "User-Agent": [
          "FxVersion/4.6.26614.01",
          "OSName/Windows",
          "OSVersion/Microsoft.Windows.10.0.19042.",
          "Microsoft.Azure.Management.Marketplace.MarketplaceManagementClient/1.2.0"
        ],
        "Content-Type": [
          "application/json; charset=utf-8"
        ],
        "Content-Length": [
          "117"
        ]
      },
      "ResponseHeaders": {
        "Cache-Control": [
          "no-cache"
        ],
        "Date": [
          "Thu, 05 Nov 2020 14:24:12 GMT"
        ],
        "Pragma": [
          "no-cache"
        ],
        "Server": [
          "Microsoft-IIS/10.0"
        ],
        "Set-Cookie": [
          "ARRAffinity=6baab673920cdd72d5292ed70f53157373a58e78fa4d23722efa3ae6748c9e7b;Path=/;HttpOnly;Secure;Domain=df.marketplacerp.azure-test.net",
          "ARRAffinitySameSite=6baab673920cdd72d5292ed70f53157373a58e78fa4d23722efa3ae6748c9e7b;Path=/;HttpOnly;SameSite=None;Secure;Domain=df.marketplacerp.azure-test.net"
        ],
        "Vary": [
          "Accept-Encoding"
        ],
        "X-Content-Type-Options": [
          "nosniff"
        ],
        "X-XSS-Protection": [
          "1; mode=block"
        ],
        "x-ms-version": [
          "1.0.0.1328 (AzureUX-MarketPlaceRP:master.bb2a3b38a.201104-2248)"
        ],
        "X-AspNet-Version": [
          "4.0.30319"
        ],
        "X-Powered-By": [
          "ASP.NET"
        ],
        "x-ms-ratelimit-remaining-tenant-writes": [
          "1198"
        ],
        "x-ms-request-id": [
          "f726849c-85b9-4d8f-a3de-4172f90dfd67"
        ],
        "x-ms-correlation-request-id": [
          "f726849c-85b9-4d8f-a3de-4172f90dfd67"
        ],
        "x-ms-routing-request-id": [
          "NORTHEUROPE:20201105T142413Z:f726849c-85b9-4d8f-a3de-4172f90dfd67"
        ],
        "Strict-Transport-Security": [
          "max-age=31536000; includeSubDomains"
        ],
        "Content-Length": [
          "597"
        ],
        "Content-Type": [
          "application/json; charset=utf-8"
        ],
        "Expires": [
          "-1"
        ]
      },
      "ResponseBody": "{\r\n  \"id\": \"/providers/Microsoft.Marketplace/privateStores/a70d384d-ec34-47dd-9d38-ec6df452cba1\",\r\n  \"name\": \"a70d384d-ec34-47dd-9d38-ec6df452cba1\",\r\n  \"type\": \"Microsoft.Marketplace/privateStores\",\r\n  \"properties\": {\r\n    \"privateStoreId\": \"a70d384d-ec34-47dd-9d38-ec6df452cba1\",\r\n    \"availability\": \"disabled\",\r\n    \"eTag\": \"\\\"00007e1c-0000-0100-0000-5fa40b0d0000\\\"\",\r\n    \"privateStoreName\": \"JEDI\",\r\n    \"tenantIds\": [\r\n      \"bb0c79d9-b724-425d-ab37-8b80ccacd03a\",\r\n      \"3bc6b734-0508-42db-849e-7a60818a96fc\"\r\n    ],\r\n    \"tenantTag\": \"azure.microsoft.com/usgovtenant=true\",\r\n    \"customerTag\": \"TSZ\",\r\n    \"hasCommercialAssociation\": true,\r\n    \"hasMultiTenantAssociation\": true,\r\n    \"isGov\": true\r\n  }\r\n}",
      "StatusCode": 200
    }
  ],
  "Names": {},
  "Variables": {
    "SubscriptionId": "bc17bb69-1264-4f90-a9f6-0e51e29d5281"
  }
}