{
  "Entries": [
    {
      "RequestUri": "https://management.azure.com/subscriptions/0accec26-d6de-4757-8e74-d080f38eaaab/resourcegroups/Ds-TestRg/providers/Microsoft.Resources/deploymentScripts/CanReturnErrorOnScriptExecutionFailure--csmd2044?api-version=2019-10-01-preview",
      "RequestMethod": "PUT",
      "RequestHeaders": {
        "Authorization": "Sanitized",
        "Content-Length": "382",
        "Content-Type": "application/json",
        "traceparent": "00-1d3612dc95e3c94ea54a711729031edb-ceca46f5eeb83843-00",
        "User-Agent": [
          "azsdk-net-Management.Resources/1.0.0-dev.20200529.1",
          "(.NET Framework 4.8.4180.0; Microsoft Windows 10.0.19041 )"
        ],
        "x-ms-client-request-id": "aa23579541ce03883a938c227c84689b",
        "x-ms-return-client-request-id": "true"
      },
      "RequestBody": {
        "identity": {
          "type": "UserAssigned",
          "userAssignedIdentities": {
            "/subscriptions/0accec26-d6de-4757-8e74-d080f38eaaab/resourceGroups/Ds-TestRg/providers/Microsoft.ManagedIdentity/userAssignedIdentities/filiz-user-assigned-msi": {}
          }
        },
        "location": "West US",
        "kind": "AzurePowerShell",
        "properties": {
          "scriptContent": "This-will-fail.",
          "retentionInterval": "P1DT2H",
          "azPowerShellVersion": "2.7.0"
        }
      },
      "StatusCode": 201,
      "ResponseHeaders": {
        "Azure-AsyncOperation": "https://management.azure.com/subscriptions/0accec26-d6de-4757-8e74-d080f38eaaab/providers/Microsoft.Resources/locations/West%20US/deploymentScriptOperationResults/99b36917-1a99-46b6-89fb-598408be1dfd?api-version=2019-10-01-preview",
        "Cache-Control": "no-cache",
        "Content-Length": "1427",
        "Content-Type": "application/json; charset=utf-8",
        "Date": "Fri, 29 May 2020 06:53:43 GMT",
        "Expires": "-1",
        "Pragma": "no-cache",
        "Retry-After": "17",
        "Server": "Microsoft-HTTPAPI/2.0",
        "Strict-Transport-Security": "max-age=31536000; includeSubDomains",
        "X-Content-Type-Options": "nosniff",
        "x-ms-client-request-id": "aa23579541ce03883a938c227c84689b",
        "x-ms-correlation-request-id": "752a8bdc-514f-45c1-b4aa-24a2a38348c5",
        "x-ms-ratelimit-remaining-subscription-writes": "1199",
        "x-ms-request-id": "ac333264-93b2-4c54-bfe5-65d4d20b3a12",
        "x-ms-routing-request-id": "EASTASIA:20200529T065344Z:752a8bdc-514f-45c1-b4aa-24a2a38348c5"
      },
      "ResponseBody": [
        "{\r\n",
        "  \u0022kind\u0022: \u0022AzurePowerShell\u0022,\r\n",
        "  \u0022identity\u0022: {\r\n",
        "    \u0022type\u0022: \u0022userAssigned\u0022,\r\n",
        "    \u0022tenantId\u0022: \u002272f988bf-86f1-41af-91ab-2d7cd011db47\u0022,\r\n",
        "    \u0022userAssignedIdentities\u0022: {\r\n",
        "      \u0022/subscriptions/0accec26-d6de-4757-8e74-d080f38eaaab/resourceGroups/Ds-TestRg/providers/Microsoft.ManagedIdentity/userAssignedIdentities/filiz-user-assigned-msi\u0022: {\r\n",
        "        \u0022principalId\u0022: \u00226b3818b4-bf31-4843-877d-0352e79cc8d0\u0022,\r\n",
        "        \u0022clientId\u0022: \u0022f45a3405-392e-422f-94c5-b26d7b798d35\u0022\r\n",
        "      }\r\n",
        "    }\r\n",
        "  },\r\n",
        "  \u0022location\u0022: \u0022West US\u0022,\r\n",
        "  \u0022systemData\u0022: {\r\n",
        "    \u0022createdBy\u0022: \u0022645f7c88-a0b2-40e8-99f5-8510debb3711\u0022,\r\n",
        "    \u0022createdByType\u0022: \u0022Application\u0022,\r\n",
        "    \u0022createdAt\u0022: \u00222020-05-29T06:53:40.2077477Z\u0022,\r\n",
        "    \u0022lastModifiedBy\u0022: \u0022645f7c88-a0b2-40e8-99f5-8510debb3711\u0022,\r\n",
        "    \u0022lastModifiedByType\u0022: \u0022Application\u0022,\r\n",
        "    \u0022lastModifiedAt\u0022: \u00222020-05-29T06:53:40.2077477Z\u0022\r\n",
        "  },\r\n",
        "  \u0022properties\u0022: {\r\n",
        "    \u0022provisioningState\u0022: \u0022Creating\u0022,\r\n",
        "    \u0022azPowerShellVersion\u0022: \u00222.7.0\u0022,\r\n",
        "    \u0022scriptContent\u0022: \u0022This-will-fail.\u0022,\r\n",
        "    \u0022retentionInterval\u0022: \u0022P1DT2H\u0022,\r\n",
        "    \u0022timeout\u0022: \u0022P1D\u0022,\r\n",
        "    \u0022containerSettings\u0022: {},\r\n",
        "    \u0022status\u0022: {},\r\n",
        "    \u0022cleanupPreference\u0022: \u0022Always\u0022\r\n",
        "  },\r\n",
        "  \u0022id\u0022: \u0022/subscriptions/0accec26-d6de-4757-8e74-d080f38eaaab/resourceGroups/Ds-TestRg/providers/Microsoft.Resources/deploymentScripts/CanReturnErrorOnScriptExecutionFailure--csmd2044\u0022,\r\n",
        "  \u0022type\u0022: \u0022Microsoft.Resources/deploymentScripts\u0022,\r\n",
        "  \u0022name\u0022: \u0022CanReturnErrorOnScriptExecutionFailure--csmd2044\u0022\r\n",
        "}"
      ]
    },
    {
      "RequestUri": "https://management.azure.com/subscriptions/0accec26-d6de-4757-8e74-d080f38eaaab/resourcegroups/Ds-TestRg/providers/Microsoft.Resources/deploymentScripts/CanReturnErrorOnScriptExecutionFailure--csmd2044?api-version=2019-10-01-preview",
      "RequestMethod": "GET",
      "RequestHeaders": {
        "Authorization": "Sanitized",
        "traceparent": "00-238032687ee8354bad30e1433472a70b-1282c8b672cbfe4a-00",
        "User-Agent": [
          "azsdk-net-Management.Resources/1.0.0-dev.20200529.1",
          "(.NET Framework 4.8.4180.0; Microsoft Windows 10.0.19041 )"
        ],
        "x-ms-client-request-id": "648e512508c2bc4a2ad1f725c138b8c3",
        "x-ms-return-client-request-id": "true"
      },
      "RequestBody": null,
      "StatusCode": 200,
      "ResponseHeaders": {
        "Cache-Control": "no-cache",
        "Content-Length": "1497",
        "Content-Type": "application/json; charset=utf-8",
        "Date": "Fri, 29 May 2020 06:53:44 GMT",
        "Expires": "-1",
        "Pragma": "no-cache",
        "Server": "Microsoft-HTTPAPI/2.0",
        "Strict-Transport-Security": "max-age=31536000; includeSubDomains",
        "X-Content-Type-Options": "nosniff",
        "x-ms-client-request-id": "648e512508c2bc4a2ad1f725c138b8c3",
        "x-ms-correlation-request-id": "49b93aff-41c3-42d8-b1f1-93b1a93c052d",
        "x-ms-ratelimit-remaining-subscription-reads": "11999",
        "x-ms-request-id": "a7d8ab10-80e8-43c4-97ce-bb9c619c108b",
        "x-ms-routing-request-id": "EASTASIA:20200529T065344Z:49b93aff-41c3-42d8-b1f1-93b1a93c052d"
      },
      "ResponseBody": [
        "{\r\n",
        "  \u0022kind\u0022: \u0022AzurePowerShell\u0022,\r\n",
        "  \u0022identity\u0022: {\r\n",
        "    \u0022type\u0022: \u0022userAssigned\u0022,\r\n",
        "    \u0022tenantId\u0022: \u002272f988bf-86f1-41af-91ab-2d7cd011db47\u0022,\r\n",
        "    \u0022userAssignedIdentities\u0022: {\r\n",
        "      \u0022/subscriptions/0accec26-d6de-4757-8e74-d080f38eaaab/resourceGroups/Ds-TestRg/providers/Microsoft.ManagedIdentity/userAssignedIdentities/filiz-user-assigned-msi\u0022: {\r\n",
        "        \u0022principalId\u0022: \u00226b3818b4-bf31-4843-877d-0352e79cc8d0\u0022,\r\n",
        "        \u0022clientId\u0022: \u0022f45a3405-392e-422f-94c5-b26d7b798d35\u0022\r\n",
        "      }\r\n",
        "    }\r\n",
        "  },\r\n",
        "  \u0022location\u0022: \u0022West US\u0022,\r\n",
        "  \u0022systemData\u0022: {\r\n",
        "    \u0022createdBy\u0022: \u0022645f7c88-a0b2-40e8-99f5-8510debb3711\u0022,\r\n",
        "    \u0022createdByType\u0022: \u0022Application\u0022,\r\n",
        "    \u0022createdAt\u0022: \u00222020-05-29T06:53:40.2077477Z\u0022,\r\n",
        "    \u0022lastModifiedBy\u0022: \u0022645f7c88-a0b2-40e8-99f5-8510debb3711\u0022,\r\n",
        "    \u0022lastModifiedByType\u0022: \u0022Application\u0022,\r\n",
        "    \u0022lastModifiedAt\u0022: \u00222020-05-29T06:53:40.2077477Z\u0022\r\n",
        "  },\r\n",
        "  \u0022properties\u0022: {\r\n",
        "    \u0022provisioningState\u0022: \u0022ProvisioningResources\u0022,\r\n",
        "    \u0022azPowerShellVersion\u0022: \u00222.7.0\u0022,\r\n",
        "    \u0022scriptContent\u0022: \u0022This-will-fail.\u0022,\r\n",
        "    \u0022retentionInterval\u0022: \u0022P1DT2H\u0022,\r\n",
        "    \u0022timeout\u0022: \u0022P1D\u0022,\r\n",
        "    \u0022containerSettings\u0022: {},\r\n",
        "    \u0022status\u0022: {\r\n",
        "      \u0022startTime\u0022: \u00222020-05-29T06:53:43.5876725Z\u0022\r\n",
        "    },\r\n",
        "    \u0022cleanupPreference\u0022: \u0022Always\u0022\r\n",
        "  },\r\n",
        "  \u0022id\u0022: \u0022/subscriptions/0accec26-d6de-4757-8e74-d080f38eaaab/resourceGroups/Ds-TestRg/providers/Microsoft.Resources/deploymentScripts/CanReturnErrorOnScriptExecutionFailure--csmd2044\u0022,\r\n",
        "  \u0022type\u0022: \u0022Microsoft.Resources/deploymentScripts\u0022,\r\n",
        "  \u0022name\u0022: \u0022CanReturnErrorOnScriptExecutionFailure--csmd2044\u0022\r\n",
        "}"
      ]
    },
    {
      "RequestUri": "https://management.azure.com/subscriptions/0accec26-d6de-4757-8e74-d080f38eaaab/resourcegroups/Ds-TestRg/providers/Microsoft.Resources/deploymentScripts/CanReturnErrorOnScriptExecutionFailure--csmd2044?api-version=2019-10-01-preview",
      "RequestMethod": "GET",
      "RequestHeaders": {
        "Authorization": "Sanitized",
        "traceparent": "00-7e87e9f2b35be943a611f66444666fdc-b9f208ace94d6346-00",
        "User-Agent": [
          "azsdk-net-Management.Resources/1.0.0-dev.20200529.1",
          "(.NET Framework 4.8.4180.0; Microsoft Windows 10.0.19041 )"
        ],
        "x-ms-client-request-id": "39b39a4c2628905f26ceca1700ff5e64",
        "x-ms-return-client-request-id": "true"
      },
      "RequestBody": null,
      "StatusCode": 200,
      "ResponseHeaders": {
        "Cache-Control": "no-cache",
        "Content-Length": "1497",
        "Content-Type": "application/json; charset=utf-8",
        "Date": "Fri, 29 May 2020 06:53:44 GMT",
        "Expires": "-1",
        "Pragma": "no-cache",
        "Server": "Microsoft-HTTPAPI/2.0",
        "Strict-Transport-Security": "max-age=31536000; includeSubDomains",
        "X-Content-Type-Options": "nosniff",
        "x-ms-client-request-id": "39b39a4c2628905f26ceca1700ff5e64",
        "x-ms-correlation-request-id": "5f0658bc-2e34-4ec4-a624-e0e21250c4fb",
        "x-ms-ratelimit-remaining-subscription-reads": "11998",
        "x-ms-request-id": "e4333817-af44-4c0f-a298-6f621038d708",
        "x-ms-routing-request-id": "EASTASIA:20200529T065345Z:5f0658bc-2e34-4ec4-a624-e0e21250c4fb"
      },
      "ResponseBody": [
        "{\r\n",
        "  \u0022kind\u0022: \u0022AzurePowerShell\u0022,\r\n",
        "  \u0022identity\u0022: {\r\n",
        "    \u0022type\u0022: \u0022userAssigned\u0022,\r\n",
        "    \u0022tenantId\u0022: \u002272f988bf-86f1-41af-91ab-2d7cd011db47\u0022,\r\n",
        "    \u0022userAssignedIdentities\u0022: {\r\n",
        "      \u0022/subscriptions/0accec26-d6de-4757-8e74-d080f38eaaab/resourceGroups/Ds-TestRg/providers/Microsoft.ManagedIdentity/userAssignedIdentities/filiz-user-assigned-msi\u0022: {\r\n",
        "        \u0022principalId\u0022: \u00226b3818b4-bf31-4843-877d-0352e79cc8d0\u0022,\r\n",
        "        \u0022clientId\u0022: \u0022f45a3405-392e-422f-94c5-b26d7b798d35\u0022\r\n",
        "      }\r\n",
        "    }\r\n",
        "  },\r\n",
        "  \u0022location\u0022: \u0022West US\u0022,\r\n",
        "  \u0022systemData\u0022: {\r\n",
        "    \u0022createdBy\u0022: \u0022645f7c88-a0b2-40e8-99f5-8510debb3711\u0022,\r\n",
        "    \u0022createdByType\u0022: \u0022Application\u0022,\r\n",
        "    \u0022createdAt\u0022: \u00222020-05-29T06:53:40.2077477Z\u0022,\r\n",
        "    \u0022lastModifiedBy\u0022: \u0022645f7c88-a0b2-40e8-99f5-8510debb3711\u0022,\r\n",
        "    \u0022lastModifiedByType\u0022: \u0022Application\u0022,\r\n",
        "    \u0022lastModifiedAt\u0022: \u00222020-05-29T06:53:40.2077477Z\u0022\r\n",
        "  },\r\n",
        "  \u0022properties\u0022: {\r\n",
        "    \u0022provisioningState\u0022: \u0022ProvisioningResources\u0022,\r\n",
        "    \u0022azPowerShellVersion\u0022: \u00222.7.0\u0022,\r\n",
        "    \u0022scriptContent\u0022: \u0022This-will-fail.\u0022,\r\n",
        "    \u0022retentionInterval\u0022: \u0022P1DT2H\u0022,\r\n",
        "    \u0022timeout\u0022: \u0022P1D\u0022,\r\n",
        "    \u0022containerSettings\u0022: {},\r\n",
        "    \u0022status\u0022: {\r\n",
        "      \u0022startTime\u0022: \u00222020-05-29T06:53:43.5876725Z\u0022\r\n",
        "    },\r\n",
        "    \u0022cleanupPreference\u0022: \u0022Always\u0022\r\n",
        "  },\r\n",
        "  \u0022id\u0022: \u0022/subscriptions/0accec26-d6de-4757-8e74-d080f38eaaab/resourceGroups/Ds-TestRg/providers/Microsoft.Resources/deploymentScripts/CanReturnErrorOnScriptExecutionFailure--csmd2044\u0022,\r\n",
        "  \u0022type\u0022: \u0022Microsoft.Resources/deploymentScripts\u0022,\r\n",
        "  \u0022name\u0022: \u0022CanReturnErrorOnScriptExecutionFailure--csmd2044\u0022\r\n",
        "}"
      ]
    },
    {
      "RequestUri": "https://management.azure.com/subscriptions/0accec26-d6de-4757-8e74-d080f38eaaab/resourcegroups/Ds-TestRg/providers/Microsoft.Resources/deploymentScripts/CanReturnErrorOnScriptExecutionFailure--csmd2044?api-version=2019-10-01-preview",
      "RequestMethod": "GET",
      "RequestHeaders": {
        "Authorization": "Sanitized",
        "traceparent": "00-3aacb65263c1db47825c1762f25d7dc9-a6b9b12e94785d4c-00",
        "User-Agent": [
          "azsdk-net-Management.Resources/1.0.0-dev.20200529.1",
          "(.NET Framework 4.8.4180.0; Microsoft Windows 10.0.19041 )"
        ],
        "x-ms-client-request-id": "2bfcd83404f5e8d813aad3810c0a93a7",
        "x-ms-return-client-request-id": "true"
      },
      "RequestBody": null,
      "StatusCode": 200,
      "ResponseHeaders": {
        "Cache-Control": "no-cache",
        "Content-Length": "1497",
        "Content-Type": "application/json; charset=utf-8",
        "Date": "Fri, 29 May 2020 06:53:54 GMT",
        "Expires": "-1",
        "Pragma": "no-cache",
        "Server": "Microsoft-HTTPAPI/2.0",
        "Strict-Transport-Security": "max-age=31536000; includeSubDomains",
        "X-Content-Type-Options": "nosniff",
        "x-ms-client-request-id": "2bfcd83404f5e8d813aad3810c0a93a7",
        "x-ms-correlation-request-id": "0950a06e-84f0-4f02-8b6b-e35c2ea6475d",
        "x-ms-ratelimit-remaining-subscription-reads": "11997",
        "x-ms-request-id": "ef108294-1cba-43e9-8491-b1ddd3bba3f4",
        "x-ms-routing-request-id": "EASTASIA:20200529T065355Z:0950a06e-84f0-4f02-8b6b-e35c2ea6475d"
      },
      "ResponseBody": [
        "{\r\n",
        "  \u0022kind\u0022: \u0022AzurePowerShell\u0022,\r\n",
        "  \u0022identity\u0022: {\r\n",
        "    \u0022type\u0022: \u0022userAssigned\u0022,\r\n",
        "    \u0022tenantId\u0022: \u002272f988bf-86f1-41af-91ab-2d7cd011db47\u0022,\r\n",
        "    \u0022userAssignedIdentities\u0022: {\r\n",
        "      \u0022/subscriptions/0accec26-d6de-4757-8e74-d080f38eaaab/resourceGroups/Ds-TestRg/providers/Microsoft.ManagedIdentity/userAssignedIdentities/filiz-user-assigned-msi\u0022: {\r\n",
        "        \u0022principalId\u0022: \u00226b3818b4-bf31-4843-877d-0352e79cc8d0\u0022,\r\n",
        "        \u0022clientId\u0022: \u0022f45a3405-392e-422f-94c5-b26d7b798d35\u0022\r\n",
        "      }\r\n",
        "    }\r\n",
        "  },\r\n",
        "  \u0022location\u0022: \u0022West US\u0022,\r\n",
        "  \u0022systemData\u0022: {\r\n",
        "    \u0022createdBy\u0022: \u0022645f7c88-a0b2-40e8-99f5-8510debb3711\u0022,\r\n",
        "    \u0022createdByType\u0022: \u0022Application\u0022,\r\n",
        "    \u0022createdAt\u0022: \u00222020-05-29T06:53:40.2077477Z\u0022,\r\n",
        "    \u0022lastModifiedBy\u0022: \u0022645f7c88-a0b2-40e8-99f5-8510debb3711\u0022,\r\n",
        "    \u0022lastModifiedByType\u0022: \u0022Application\u0022,\r\n",
        "    \u0022lastModifiedAt\u0022: \u00222020-05-29T06:53:40.2077477Z\u0022\r\n",
        "  },\r\n",
        "  \u0022properties\u0022: {\r\n",
        "    \u0022provisioningState\u0022: \u0022ProvisioningResources\u0022,\r\n",
        "    \u0022azPowerShellVersion\u0022: \u00222.7.0\u0022,\r\n",
        "    \u0022scriptContent\u0022: \u0022This-will-fail.\u0022,\r\n",
        "    \u0022retentionInterval\u0022: \u0022P1DT2H\u0022,\r\n",
        "    \u0022timeout\u0022: \u0022P1D\u0022,\r\n",
        "    \u0022containerSettings\u0022: {},\r\n",
        "    \u0022status\u0022: {\r\n",
        "      \u0022startTime\u0022: \u00222020-05-29T06:53:43.5876725Z\u0022\r\n",
        "    },\r\n",
        "    \u0022cleanupPreference\u0022: \u0022Always\u0022\r\n",
        "  },\r\n",
        "  \u0022id\u0022: \u0022/subscriptions/0accec26-d6de-4757-8e74-d080f38eaaab/resourceGroups/Ds-TestRg/providers/Microsoft.Resources/deploymentScripts/CanReturnErrorOnScriptExecutionFailure--csmd2044\u0022,\r\n",
        "  \u0022type\u0022: \u0022Microsoft.Resources/deploymentScripts\u0022,\r\n",
        "  \u0022name\u0022: \u0022CanReturnErrorOnScriptExecutionFailure--csmd2044\u0022\r\n",
        "}"
      ]
    },
    {
      "RequestUri": "https://management.azure.com/subscriptions/0accec26-d6de-4757-8e74-d080f38eaaab/resourcegroups/Ds-TestRg/providers/Microsoft.Resources/deploymentScripts/CanReturnErrorOnScriptExecutionFailure--csmd2044?api-version=2019-10-01-preview",
      "RequestMethod": "GET",
      "RequestHeaders": {
        "Authorization": "Sanitized",
        "traceparent": "00-2d231c971d57644a92995179f95efa72-903a683b94f2bc40-00",
        "User-Agent": [
          "azsdk-net-Management.Resources/1.0.0-dev.20200529.1",
          "(.NET Framework 4.8.4180.0; Microsoft Windows 10.0.19041 )"
        ],
        "x-ms-client-request-id": "093c7cfe2522ff8af2fd3df43e32bb2b",
        "x-ms-return-client-request-id": "true"
      },
      "RequestBody": null,
      "StatusCode": 200,
      "ResponseHeaders": {
        "Cache-Control": "no-cache",
        "Content-Length": "1497",
        "Content-Type": "application/json; charset=utf-8",
        "Date": "Fri, 29 May 2020 06:54:05 GMT",
        "Expires": "-1",
        "Pragma": "no-cache",
        "Server": "Microsoft-HTTPAPI/2.0",
        "Strict-Transport-Security": "max-age=31536000; includeSubDomains",
        "X-Content-Type-Options": "nosniff",
        "x-ms-client-request-id": "093c7cfe2522ff8af2fd3df43e32bb2b",
        "x-ms-correlation-request-id": "3d9a1ffe-40a0-495b-b968-1c8404910a6a",
        "x-ms-ratelimit-remaining-subscription-reads": "11996",
        "x-ms-request-id": "d23b0073-3118-4365-9ab9-a05eab51a8d1",
        "x-ms-routing-request-id": "EASTASIA:20200529T065405Z:3d9a1ffe-40a0-495b-b968-1c8404910a6a"
      },
      "ResponseBody": [
        "{\r\n",
        "  \u0022kind\u0022: \u0022AzurePowerShell\u0022,\r\n",
        "  \u0022identity\u0022: {\r\n",
        "    \u0022type\u0022: \u0022userAssigned\u0022,\r\n",
        "    \u0022tenantId\u0022: \u002272f988bf-86f1-41af-91ab-2d7cd011db47\u0022,\r\n",
        "    \u0022userAssignedIdentities\u0022: {\r\n",
        "      \u0022/subscriptions/0accec26-d6de-4757-8e74-d080f38eaaab/resourceGroups/Ds-TestRg/providers/Microsoft.ManagedIdentity/userAssignedIdentities/filiz-user-assigned-msi\u0022: {\r\n",
        "        \u0022principalId\u0022: \u00226b3818b4-bf31-4843-877d-0352e79cc8d0\u0022,\r\n",
        "        \u0022clientId\u0022: \u0022f45a3405-392e-422f-94c5-b26d7b798d35\u0022\r\n",
        "      }\r\n",
        "    }\r\n",
        "  },\r\n",
        "  \u0022location\u0022: \u0022West US\u0022,\r\n",
        "  \u0022systemData\u0022: {\r\n",
        "    \u0022createdBy\u0022: \u0022645f7c88-a0b2-40e8-99f5-8510debb3711\u0022,\r\n",
        "    \u0022createdByType\u0022: \u0022Application\u0022,\r\n",
        "    \u0022createdAt\u0022: \u00222020-05-29T06:53:40.2077477Z\u0022,\r\n",
        "    \u0022lastModifiedBy\u0022: \u0022645f7c88-a0b2-40e8-99f5-8510debb3711\u0022,\r\n",
        "    \u0022lastModifiedByType\u0022: \u0022Application\u0022,\r\n",
        "    \u0022lastModifiedAt\u0022: \u00222020-05-29T06:53:40.2077477Z\u0022\r\n",
        "  },\r\n",
        "  \u0022properties\u0022: {\r\n",
        "    \u0022provisioningState\u0022: \u0022ProvisioningResources\u0022,\r\n",
        "    \u0022azPowerShellVersion\u0022: \u00222.7.0\u0022,\r\n",
        "    \u0022scriptContent\u0022: \u0022This-will-fail.\u0022,\r\n",
        "    \u0022retentionInterval\u0022: \u0022P1DT2H\u0022,\r\n",
        "    \u0022timeout\u0022: \u0022P1D\u0022,\r\n",
        "    \u0022containerSettings\u0022: {},\r\n",
        "    \u0022status\u0022: {\r\n",
        "      \u0022startTime\u0022: \u00222020-05-29T06:53:43.5876725Z\u0022\r\n",
        "    },\r\n",
        "    \u0022cleanupPreference\u0022: \u0022Always\u0022\r\n",
        "  },\r\n",
        "  \u0022id\u0022: \u0022/subscriptions/0accec26-d6de-4757-8e74-d080f38eaaab/resourceGroups/Ds-TestRg/providers/Microsoft.Resources/deploymentScripts/CanReturnErrorOnScriptExecutionFailure--csmd2044\u0022,\r\n",
        "  \u0022type\u0022: \u0022Microsoft.Resources/deploymentScripts\u0022,\r\n",
        "  \u0022name\u0022: \u0022CanReturnErrorOnScriptExecutionFailure--csmd2044\u0022\r\n",
        "}"
      ]
    },
    {
      "RequestUri": "https://management.azure.com/subscriptions/0accec26-d6de-4757-8e74-d080f38eaaab/resourcegroups/Ds-TestRg/providers/Microsoft.Resources/deploymentScripts/CanReturnErrorOnScriptExecutionFailure--csmd2044?api-version=2019-10-01-preview",
      "RequestMethod": "GET",
      "RequestHeaders": {
        "Authorization": "Sanitized",
        "traceparent": "00-6639dd6d21f1534c8ea70cac3b75d16f-fbd7d798adeeab45-00",
        "User-Agent": [
          "azsdk-net-Management.Resources/1.0.0-dev.20200529.1",
          "(.NET Framework 4.8.4180.0; Microsoft Windows 10.0.19041 )"
        ],
        "x-ms-client-request-id": "e8f193728d3b48cec2ca257d52dd841b",
        "x-ms-return-client-request-id": "true"
      },
      "RequestBody": null,
      "StatusCode": 200,
      "ResponseHeaders": {
        "Cache-Control": "no-cache",
        "Content-Length": "1962",
        "Content-Type": "application/json; charset=utf-8",
        "Date": "Fri, 29 May 2020 06:54:15 GMT",
        "Expires": "-1",
        "Pragma": "no-cache",
        "Server": "Microsoft-HTTPAPI/2.0",
        "Strict-Transport-Security": "max-age=31536000; includeSubDomains",
        "X-Content-Type-Options": "nosniff",
        "x-ms-client-request-id": "e8f193728d3b48cec2ca257d52dd841b",
        "x-ms-correlation-request-id": "832469b6-be1d-40ce-8bc0-5b527bd44627",
        "x-ms-ratelimit-remaining-subscription-reads": "11995",
        "x-ms-request-id": "b90cba64-abee-4d24-b1d9-9f3cec42be54",
        "x-ms-routing-request-id": "EASTASIA:20200529T065415Z:832469b6-be1d-40ce-8bc0-5b527bd44627"
      },
      "ResponseBody": [
        "{\r\n",
        "  \u0022kind\u0022: \u0022AzurePowerShell\u0022,\r\n",
        "  \u0022identity\u0022: {\r\n",
        "    \u0022type\u0022: \u0022userAssigned\u0022,\r\n",
        "    \u0022tenantId\u0022: \u002272f988bf-86f1-41af-91ab-2d7cd011db47\u0022,\r\n",
        "    \u0022userAssignedIdentities\u0022: {\r\n",
        "      \u0022/subscriptions/0accec26-d6de-4757-8e74-d080f38eaaab/resourceGroups/Ds-TestRg/providers/Microsoft.ManagedIdentity/userAssignedIdentities/filiz-user-assigned-msi\u0022: {\r\n",
        "        \u0022principalId\u0022: \u00226b3818b4-bf31-4843-877d-0352e79cc8d0\u0022,\r\n",
        "        \u0022clientId\u0022: \u0022f45a3405-392e-422f-94c5-b26d7b798d35\u0022\r\n",
        "      }\r\n",
        "    }\r\n",
        "  },\r\n",
        "  \u0022location\u0022: \u0022West US\u0022,\r\n",
        "  \u0022tags\u0022: {\r\n",
        "    \u0022AZ_SCRIPTS_STATUS\u0022: \u0022CanReturnErrorOnScriptExecutionFailure--csmd2044:Running\u0022\r\n",
        "  },\r\n",
        "  \u0022systemData\u0022: {\r\n",
        "    \u0022createdBy\u0022: \u0022645f7c88-a0b2-40e8-99f5-8510debb3711\u0022,\r\n",
        "    \u0022createdByType\u0022: \u0022Application\u0022,\r\n",
        "    \u0022createdAt\u0022: \u00222020-05-29T06:53:40.2077477Z\u0022,\r\n",
        "    \u0022lastModifiedBy\u0022: \u0022645f7c88-a0b2-40e8-99f5-8510debb3711\u0022,\r\n",
        "    \u0022lastModifiedByType\u0022: \u0022Application\u0022,\r\n",
        "    \u0022lastModifiedAt\u0022: \u00222020-05-29T06:53:40.2077477Z\u0022\r\n",
        "  },\r\n",
        "  \u0022properties\u0022: {\r\n",
        "    \u0022provisioningState\u0022: \u0022ProvisioningResources\u0022,\r\n",
        "    \u0022azPowerShellVersion\u0022: \u00222.7.0\u0022,\r\n",
        "    \u0022scriptContent\u0022: \u0022This-will-fail.\u0022,\r\n",
        "    \u0022retentionInterval\u0022: \u0022P1DT2H\u0022,\r\n",
        "    \u0022timeout\u0022: \u0022P1D\u0022,\r\n",
        "    \u0022containerSettings\u0022: {},\r\n",
        "    \u0022status\u0022: {\r\n",
        "      \u0022containerInstanceId\u0022: \u0022/subscriptions/0accec26-d6de-4757-8e74-d080f38eaaab/resourceGroups/Ds-TestRg/providers/Microsoft.ContainerInstance/containerGroups/cxqmtvtcftazgazscripts\u0022,\r\n",
        "      \u0022storageAccountId\u0022: \u0022/subscriptions/0accec26-d6de-4757-8e74-d080f38eaaab/resourceGroups/Ds-TestRg/providers/Microsoft.Storage/storageAccounts/cxqmtvtcftazgazscripts\u0022,\r\n",
        "      \u0022startTime\u0022: \u00222020-05-29T06:53:43.5876725Z\u0022\r\n",
        "    },\r\n",
        "    \u0022cleanupPreference\u0022: \u0022Always\u0022\r\n",
        "  },\r\n",
        "  \u0022id\u0022: \u0022/subscriptions/0accec26-d6de-4757-8e74-d080f38eaaab/resourceGroups/Ds-TestRg/providers/Microsoft.Resources/deploymentScripts/CanReturnErrorOnScriptExecutionFailure--csmd2044\u0022,\r\n",
        "  \u0022type\u0022: \u0022Microsoft.Resources/deploymentScripts\u0022,\r\n",
        "  \u0022name\u0022: \u0022CanReturnErrorOnScriptExecutionFailure--csmd2044\u0022\r\n",
        "}"
      ]
    },
    {
      "RequestUri": "https://management.azure.com/subscriptions/0accec26-d6de-4757-8e74-d080f38eaaab/resourcegroups/Ds-TestRg/providers/Microsoft.Resources/deploymentScripts/CanReturnErrorOnScriptExecutionFailure--csmd2044?api-version=2019-10-01-preview",
      "RequestMethod": "GET",
      "RequestHeaders": {
        "Authorization": "Sanitized",
        "traceparent": "00-328a7419f52a1f4e935a896230a473d0-579a9f2c61e64f4b-00",
        "User-Agent": [
          "azsdk-net-Management.Resources/1.0.0-dev.20200529.1",
          "(.NET Framework 4.8.4180.0; Microsoft Windows 10.0.19041 )"
        ],
        "x-ms-client-request-id": "8319223a54c20f414dfd38f8c6e3aae0",
        "x-ms-return-client-request-id": "true"
      },
      "RequestBody": null,
      "StatusCode": 200,
      "ResponseHeaders": {
        "Cache-Control": "no-cache",
        "Content-Length": "1962",
        "Content-Type": "application/json; charset=utf-8",
        "Date": "Fri, 29 May 2020 06:54:25 GMT",
        "Expires": "-1",
        "Pragma": "no-cache",
        "Server": "Microsoft-HTTPAPI/2.0",
        "Strict-Transport-Security": "max-age=31536000; includeSubDomains",
        "X-Content-Type-Options": "nosniff",
        "x-ms-client-request-id": "8319223a54c20f414dfd38f8c6e3aae0",
        "x-ms-correlation-request-id": "3006fdcb-aa9e-4af3-9803-c61725a73907",
        "x-ms-ratelimit-remaining-subscription-reads": "11994",
        "x-ms-request-id": "c4334952-6670-4a17-abfb-ba843befce4a",
        "x-ms-routing-request-id": "EASTASIA:20200529T065425Z:3006fdcb-aa9e-4af3-9803-c61725a73907"
      },
      "ResponseBody": [
        "{\r\n",
        "  \u0022kind\u0022: \u0022AzurePowerShell\u0022,\r\n",
        "  \u0022identity\u0022: {\r\n",
        "    \u0022type\u0022: \u0022userAssigned\u0022,\r\n",
        "    \u0022tenantId\u0022: \u002272f988bf-86f1-41af-91ab-2d7cd011db47\u0022,\r\n",
        "    \u0022userAssignedIdentities\u0022: {\r\n",
        "      \u0022/subscriptions/0accec26-d6de-4757-8e74-d080f38eaaab/resourceGroups/Ds-TestRg/providers/Microsoft.ManagedIdentity/userAssignedIdentities/filiz-user-assigned-msi\u0022: {\r\n",
        "        \u0022principalId\u0022: \u00226b3818b4-bf31-4843-877d-0352e79cc8d0\u0022,\r\n",
        "        \u0022clientId\u0022: \u0022f45a3405-392e-422f-94c5-b26d7b798d35\u0022\r\n",
        "      }\r\n",
        "    }\r\n",
        "  },\r\n",
        "  \u0022location\u0022: \u0022West US\u0022,\r\n",
        "  \u0022tags\u0022: {\r\n",
        "    \u0022AZ_SCRIPTS_STATUS\u0022: \u0022CanReturnErrorOnScriptExecutionFailure--csmd2044:Running\u0022\r\n",
        "  },\r\n",
        "  \u0022systemData\u0022: {\r\n",
        "    \u0022createdBy\u0022: \u0022645f7c88-a0b2-40e8-99f5-8510debb3711\u0022,\r\n",
        "    \u0022createdByType\u0022: \u0022Application\u0022,\r\n",
        "    \u0022createdAt\u0022: \u00222020-05-29T06:53:40.2077477Z\u0022,\r\n",
        "    \u0022lastModifiedBy\u0022: \u0022645f7c88-a0b2-40e8-99f5-8510debb3711\u0022,\r\n",
        "    \u0022lastModifiedByType\u0022: \u0022Application\u0022,\r\n",
        "    \u0022lastModifiedAt\u0022: \u00222020-05-29T06:53:40.2077477Z\u0022\r\n",
        "  },\r\n",
        "  \u0022properties\u0022: {\r\n",
        "    \u0022provisioningState\u0022: \u0022ProvisioningResources\u0022,\r\n",
        "    \u0022azPowerShellVersion\u0022: \u00222.7.0\u0022,\r\n",
        "    \u0022scriptContent\u0022: \u0022This-will-fail.\u0022,\r\n",
        "    \u0022retentionInterval\u0022: \u0022P1DT2H\u0022,\r\n",
        "    \u0022timeout\u0022: \u0022P1D\u0022,\r\n",
        "    \u0022containerSettings\u0022: {},\r\n",
        "    \u0022status\u0022: {\r\n",
        "      \u0022containerInstanceId\u0022: \u0022/subscriptions/0accec26-d6de-4757-8e74-d080f38eaaab/resourceGroups/Ds-TestRg/providers/Microsoft.ContainerInstance/containerGroups/cxqmtvtcftazgazscripts\u0022,\r\n",
        "      \u0022storageAccountId\u0022: \u0022/subscriptions/0accec26-d6de-4757-8e74-d080f38eaaab/resourceGroups/Ds-TestRg/providers/Microsoft.Storage/storageAccounts/cxqmtvtcftazgazscripts\u0022,\r\n",
        "      \u0022startTime\u0022: \u00222020-05-29T06:53:43.5876725Z\u0022\r\n",
        "    },\r\n",
        "    \u0022cleanupPreference\u0022: \u0022Always\u0022\r\n",
        "  },\r\n",
        "  \u0022id\u0022: \u0022/subscriptions/0accec26-d6de-4757-8e74-d080f38eaaab/resourceGroups/Ds-TestRg/providers/Microsoft.Resources/deploymentScripts/CanReturnErrorOnScriptExecutionFailure--csmd2044\u0022,\r\n",
        "  \u0022type\u0022: \u0022Microsoft.Resources/deploymentScripts\u0022,\r\n",
        "  \u0022name\u0022: \u0022CanReturnErrorOnScriptExecutionFailure--csmd2044\u0022\r\n",
        "}"
      ]
    },
    {
      "RequestUri": "https://management.azure.com/subscriptions/0accec26-d6de-4757-8e74-d080f38eaaab/resourcegroups/Ds-TestRg/providers/Microsoft.Resources/deploymentScripts/CanReturnErrorOnScriptExecutionFailure--csmd2044?api-version=2019-10-01-preview",
      "RequestMethod": "GET",
      "RequestHeaders": {
        "Authorization": "Sanitized",
        "traceparent": "00-a60cedd4ef4d0b488308cf08bf929a69-d233ff5e3e3c084c-00",
        "User-Agent": [
          "azsdk-net-Management.Resources/1.0.0-dev.20200529.1",
          "(.NET Framework 4.8.4180.0; Microsoft Windows 10.0.19041 )"
        ],
        "x-ms-client-request-id": "780ea7efab19706caef44758ff0dac14",
        "x-ms-return-client-request-id": "true"
      },
      "RequestBody": null,
      "StatusCode": 200,
      "ResponseHeaders": {
        "Cache-Control": "no-cache",
        "Content-Length": "1962",
        "Content-Type": "application/json; charset=utf-8",
        "Date": "Fri, 29 May 2020 06:54:35 GMT",
        "Expires": "-1",
        "Pragma": "no-cache",
        "Server": "Microsoft-HTTPAPI/2.0",
        "Strict-Transport-Security": "max-age=31536000; includeSubDomains",
        "X-Content-Type-Options": "nosniff",
        "x-ms-client-request-id": "780ea7efab19706caef44758ff0dac14",
        "x-ms-correlation-request-id": "31ac60e4-3428-4c2f-a912-596deb35f41d",
        "x-ms-ratelimit-remaining-subscription-reads": "11993",
        "x-ms-request-id": "bb792a1e-1337-49b8-ac0d-4a31032cd62a",
        "x-ms-routing-request-id": "EASTASIA:20200529T065436Z:31ac60e4-3428-4c2f-a912-596deb35f41d"
      },
      "ResponseBody": [
        "{\r\n",
        "  \u0022kind\u0022: \u0022AzurePowerShell\u0022,\r\n",
        "  \u0022identity\u0022: {\r\n",
        "    \u0022type\u0022: \u0022userAssigned\u0022,\r\n",
        "    \u0022tenantId\u0022: \u002272f988bf-86f1-41af-91ab-2d7cd011db47\u0022,\r\n",
        "    \u0022userAssignedIdentities\u0022: {\r\n",
        "      \u0022/subscriptions/0accec26-d6de-4757-8e74-d080f38eaaab/resourceGroups/Ds-TestRg/providers/Microsoft.ManagedIdentity/userAssignedIdentities/filiz-user-assigned-msi\u0022: {\r\n",
        "        \u0022principalId\u0022: \u00226b3818b4-bf31-4843-877d-0352e79cc8d0\u0022,\r\n",
        "        \u0022clientId\u0022: \u0022f45a3405-392e-422f-94c5-b26d7b798d35\u0022\r\n",
        "      }\r\n",
        "    }\r\n",
        "  },\r\n",
        "  \u0022location\u0022: \u0022West US\u0022,\r\n",
        "  \u0022tags\u0022: {\r\n",
        "    \u0022AZ_SCRIPTS_STATUS\u0022: \u0022CanReturnErrorOnScriptExecutionFailure--csmd2044:Running\u0022\r\n",
        "  },\r\n",
        "  \u0022systemData\u0022: {\r\n",
        "    \u0022createdBy\u0022: \u0022645f7c88-a0b2-40e8-99f5-8510debb3711\u0022,\r\n",
        "    \u0022createdByType\u0022: \u0022Application\u0022,\r\n",
        "    \u0022createdAt\u0022: \u00222020-05-29T06:53:40.2077477Z\u0022,\r\n",
        "    \u0022lastModifiedBy\u0022: \u0022645f7c88-a0b2-40e8-99f5-8510debb3711\u0022,\r\n",
        "    \u0022lastModifiedByType\u0022: \u0022Application\u0022,\r\n",
        "    \u0022lastModifiedAt\u0022: \u00222020-05-29T06:53:40.2077477Z\u0022\r\n",
        "  },\r\n",
        "  \u0022properties\u0022: {\r\n",
        "    \u0022provisioningState\u0022: \u0022ProvisioningResources\u0022,\r\n",
        "    \u0022azPowerShellVersion\u0022: \u00222.7.0\u0022,\r\n",
        "    \u0022scriptContent\u0022: \u0022This-will-fail.\u0022,\r\n",
        "    \u0022retentionInterval\u0022: \u0022P1DT2H\u0022,\r\n",
        "    \u0022timeout\u0022: \u0022P1D\u0022,\r\n",
        "    \u0022containerSettings\u0022: {},\r\n",
        "    \u0022status\u0022: {\r\n",
        "      \u0022containerInstanceId\u0022: \u0022/subscriptions/0accec26-d6de-4757-8e74-d080f38eaaab/resourceGroups/Ds-TestRg/providers/Microsoft.ContainerInstance/containerGroups/cxqmtvtcftazgazscripts\u0022,\r\n",
        "      \u0022storageAccountId\u0022: \u0022/subscriptions/0accec26-d6de-4757-8e74-d080f38eaaab/resourceGroups/Ds-TestRg/providers/Microsoft.Storage/storageAccounts/cxqmtvtcftazgazscripts\u0022,\r\n",
        "      \u0022startTime\u0022: \u00222020-05-29T06:53:43.5876725Z\u0022\r\n",
        "    },\r\n",
        "    \u0022cleanupPreference\u0022: \u0022Always\u0022\r\n",
        "  },\r\n",
        "  \u0022id\u0022: \u0022/subscriptions/0accec26-d6de-4757-8e74-d080f38eaaab/resourceGroups/Ds-TestRg/providers/Microsoft.Resources/deploymentScripts/CanReturnErrorOnScriptExecutionFailure--csmd2044\u0022,\r\n",
        "  \u0022type\u0022: \u0022Microsoft.Resources/deploymentScripts\u0022,\r\n",
        "  \u0022name\u0022: \u0022CanReturnErrorOnScriptExecutionFailure--csmd2044\u0022\r\n",
        "}"
      ]
    },
    {
      "RequestUri": "https://management.azure.com/subscriptions/0accec26-d6de-4757-8e74-d080f38eaaab/resourcegroups/Ds-TestRg/providers/Microsoft.Resources/deploymentScripts/CanReturnErrorOnScriptExecutionFailure--csmd2044?api-version=2019-10-01-preview",
      "RequestMethod": "GET",
      "RequestHeaders": {
        "Authorization": "Sanitized",
        "traceparent": "00-849a5618970bea49918be44ef59196ab-dcab2d62fb06b642-00",
        "User-Agent": [
          "azsdk-net-Management.Resources/1.0.0-dev.20200529.1",
          "(.NET Framework 4.8.4180.0; Microsoft Windows 10.0.19041 )"
        ],
        "x-ms-client-request-id": "1bba227937191d6852e19b3d54d581de",
        "x-ms-return-client-request-id": "true"
      },
      "RequestBody": null,
      "StatusCode": 200,
      "ResponseHeaders": {
        "Cache-Control": "no-cache",
        "Content-Length": "1948",
        "Content-Type": "application/json; charset=utf-8",
        "Date": "Fri, 29 May 2020 06:54:45 GMT",
        "Expires": "-1",
        "Pragma": "no-cache",
        "Server": "Microsoft-HTTPAPI/2.0",
        "Strict-Transport-Security": "max-age=31536000; includeSubDomains",
        "X-Content-Type-Options": "nosniff",
        "x-ms-client-request-id": "1bba227937191d6852e19b3d54d581de",
        "x-ms-correlation-request-id": "d44e59df-2885-4042-ba9e-f416dea6c7ef",
        "x-ms-ratelimit-remaining-subscription-reads": "11992",
        "x-ms-request-id": "15e42324-ebd1-45f0-89ac-d4303bb34f76",
        "x-ms-routing-request-id": "EASTASIA:20200529T065446Z:d44e59df-2885-4042-ba9e-f416dea6c7ef"
      },
      "ResponseBody": [
        "{\r\n",
        "  \u0022kind\u0022: \u0022AzurePowerShell\u0022,\r\n",
        "  \u0022identity\u0022: {\r\n",
        "    \u0022type\u0022: \u0022userAssigned\u0022,\r\n",
        "    \u0022tenantId\u0022: \u002272f988bf-86f1-41af-91ab-2d7cd011db47\u0022,\r\n",
        "    \u0022userAssignedIdentities\u0022: {\r\n",
        "      \u0022/subscriptions/0accec26-d6de-4757-8e74-d080f38eaaab/resourceGroups/Ds-TestRg/providers/Microsoft.ManagedIdentity/userAssignedIdentities/filiz-user-assigned-msi\u0022: {\r\n",
        "        \u0022principalId\u0022: \u00226b3818b4-bf31-4843-877d-0352e79cc8d0\u0022,\r\n",
        "        \u0022clientId\u0022: \u0022f45a3405-392e-422f-94c5-b26d7b798d35\u0022\r\n",
        "      }\r\n",
        "    }\r\n",
        "  },\r\n",
        "  \u0022location\u0022: \u0022West US\u0022,\r\n",
        "  \u0022tags\u0022: {\r\n",
        "    \u0022AZ_SCRIPTS_STATUS\u0022: \u0022CanReturnErrorOnScriptExecutionFailure--csmd2044:Running\u0022\r\n",
        "  },\r\n",
        "  \u0022systemData\u0022: {\r\n",
        "    \u0022createdBy\u0022: \u0022645f7c88-a0b2-40e8-99f5-8510debb3711\u0022,\r\n",
        "    \u0022createdByType\u0022: \u0022Application\u0022,\r\n",
        "    \u0022createdAt\u0022: \u00222020-05-29T06:53:40.2077477Z\u0022,\r\n",
        "    \u0022lastModifiedBy\u0022: \u0022645f7c88-a0b2-40e8-99f5-8510debb3711\u0022,\r\n",
        "    \u0022lastModifiedByType\u0022: \u0022Application\u0022,\r\n",
        "    \u0022lastModifiedAt\u0022: \u00222020-05-29T06:53:40.2077477Z\u0022\r\n",
        "  },\r\n",
        "  \u0022properties\u0022: {\r\n",
        "    \u0022provisioningState\u0022: \u0022Running\u0022,\r\n",
        "    \u0022azPowerShellVersion\u0022: \u00222.7.0\u0022,\r\n",
        "    \u0022scriptContent\u0022: \u0022This-will-fail.\u0022,\r\n",
        "    \u0022retentionInterval\u0022: \u0022P1DT2H\u0022,\r\n",
        "    \u0022timeout\u0022: \u0022P1D\u0022,\r\n",
        "    \u0022containerSettings\u0022: {},\r\n",
        "    \u0022status\u0022: {\r\n",
        "      \u0022containerInstanceId\u0022: \u0022/subscriptions/0accec26-d6de-4757-8e74-d080f38eaaab/resourceGroups/Ds-TestRg/providers/Microsoft.ContainerInstance/containerGroups/cxqmtvtcftazgazscripts\u0022,\r\n",
        "      \u0022storageAccountId\u0022: \u0022/subscriptions/0accec26-d6de-4757-8e74-d080f38eaaab/resourceGroups/Ds-TestRg/providers/Microsoft.Storage/storageAccounts/cxqmtvtcftazgazscripts\u0022,\r\n",
        "      \u0022startTime\u0022: \u00222020-05-29T06:53:43.5876725Z\u0022\r\n",
        "    },\r\n",
        "    \u0022cleanupPreference\u0022: \u0022Always\u0022\r\n",
        "  },\r\n",
        "  \u0022id\u0022: \u0022/subscriptions/0accec26-d6de-4757-8e74-d080f38eaaab/resourceGroups/Ds-TestRg/providers/Microsoft.Resources/deploymentScripts/CanReturnErrorOnScriptExecutionFailure--csmd2044\u0022,\r\n",
        "  \u0022type\u0022: \u0022Microsoft.Resources/deploymentScripts\u0022,\r\n",
        "  \u0022name\u0022: \u0022CanReturnErrorOnScriptExecutionFailure--csmd2044\u0022\r\n",
        "}"
      ]
    },
    {
      "RequestUri": "https://management.azure.com/subscriptions/0accec26-d6de-4757-8e74-d080f38eaaab/resourcegroups/Ds-TestRg/providers/Microsoft.Resources/deploymentScripts/CanReturnErrorOnScriptExecutionFailure--csmd2044?api-version=2019-10-01-preview",
      "RequestMethod": "GET",
      "RequestHeaders": {
        "Authorization": "Sanitized",
        "traceparent": "00-629bd960a572ef44923fae215ba566f1-aee979e900efe248-00",
        "User-Agent": [
          "azsdk-net-Management.Resources/1.0.0-dev.20200529.1",
          "(.NET Framework 4.8.4180.0; Microsoft Windows 10.0.19041 )"
        ],
        "x-ms-client-request-id": "aa8e44200bce8f01b5a8d5cd0de90f40",
        "x-ms-return-client-request-id": "true"
      },
      "RequestBody": null,
      "StatusCode": 200,
      "ResponseHeaders": {
        "Cache-Control": "no-cache",
        "Content-Length": "4827",
        "Content-Type": "application/json; charset=utf-8",
        "Date": "Fri, 29 May 2020 06:54:55 GMT",
        "Expires": "-1",
        "Pragma": "no-cache",
        "Server": "Microsoft-HTTPAPI/2.0",
        "Strict-Transport-Security": "max-age=31536000; includeSubDomains",
        "X-Content-Type-Options": "nosniff",
        "x-ms-client-request-id": "aa8e44200bce8f01b5a8d5cd0de90f40",
        "x-ms-correlation-request-id": "73260f32-6181-4e1a-9e4c-285a3eb3690f",
        "x-ms-ratelimit-remaining-subscription-reads": "11991",
        "x-ms-request-id": "171733e5-b379-45b9-bfc2-76417127947d",
        "x-ms-routing-request-id": "EASTASIA:20200529T065456Z:73260f32-6181-4e1a-9e4c-285a3eb3690f"
      },
      "ResponseBody": [
        "{\r\n",
        "  \u0022kind\u0022: \u0022AzurePowerShell\u0022,\r\n",
        "  \u0022identity\u0022: {\r\n",
        "    \u0022type\u0022: \u0022userAssigned\u0022,\r\n",
        "    \u0022tenantId\u0022: \u002272f988bf-86f1-41af-91ab-2d7cd011db47\u0022,\r\n",
        "    \u0022userAssignedIdentities\u0022: {\r\n",
        "      \u0022/subscriptions/0accec26-d6de-4757-8e74-d080f38eaaab/resourceGroups/Ds-TestRg/providers/Microsoft.ManagedIdentity/userAssignedIdentities/filiz-user-assigned-msi\u0022: {\r\n",
        "        \u0022principalId\u0022: \u00226b3818b4-bf31-4843-877d-0352e79cc8d0\u0022,\r\n",
        "        \u0022clientId\u0022: \u0022f45a3405-392e-422f-94c5-b26d7b798d35\u0022\r\n",
        "      }\r\n",
        "    }\r\n",
        "  },\r\n",
        "  \u0022location\u0022: \u0022West US\u0022,\r\n",
        "  \u0022tags\u0022: {\r\n",
        "    \u0022AZ_SCRIPTS_STATUS\u0022: \u0022CanReturnErrorOnScriptExecutionFailure--csmd2044:Running\u0022\r\n",
        "  },\r\n",
        "  \u0022systemData\u0022: {\r\n",
        "    \u0022createdBy\u0022: \u0022645f7c88-a0b2-40e8-99f5-8510debb3711\u0022,\r\n",
        "    \u0022createdByType\u0022: \u0022Application\u0022,\r\n",
        "    \u0022createdAt\u0022: \u00222020-05-29T06:53:40.2077477Z\u0022,\r\n",
        "    \u0022lastModifiedBy\u0022: \u0022645f7c88-a0b2-40e8-99f5-8510debb3711\u0022,\r\n",
        "    \u0022lastModifiedByType\u0022: \u0022Application\u0022,\r\n",
        "    \u0022lastModifiedAt\u0022: \u00222020-05-29T06:53:40.2077477Z\u0022\r\n",
        "  },\r\n",
        "  \u0022properties\u0022: {\r\n",
        "    \u0022provisioningState\u0022: \u0022Failed\u0022,\r\n",
        "    \u0022azPowerShellVersion\u0022: \u00222.7.0\u0022,\r\n",
        "    \u0022scriptContent\u0022: \u0022This-will-fail.\u0022,\r\n",
        "    \u0022retentionInterval\u0022: \u0022P1DT2H\u0022,\r\n",
        "    \u0022timeout\u0022: \u0022P1D\u0022,\r\n",
        "    \u0022containerSettings\u0022: {},\r\n",
        "    \u0022status\u0022: {\r\n",
        "      \u0022containerInstanceId\u0022: \u0022/subscriptions/0accec26-d6de-4757-8e74-d080f38eaaab/resourceGroups/Ds-TestRg/providers/Microsoft.ContainerInstance/containerGroups/cxqmtvtcftazgazscripts\u0022,\r\n",
        "      \u0022storageAccountId\u0022: \u0022/subscriptions/0accec26-d6de-4757-8e74-d080f38eaaab/resourceGroups/Ds-TestRg/providers/Microsoft.Storage/storageAccounts/cxqmtvtcftazgazscripts\u0022,\r\n",
        "      \u0022startTime\u0022: \u00222020-05-29T06:53:43.5876725Z\u0022,\r\n",
        "      \u0022endTime\u0022: \u00222020-05-29T06:54:53.9623699Z\u0022,\r\n",
        "      \u0022expirationTime\u0022: \u00222020-05-30T08:54:53.9623699Z\u0022,\r\n",
        "      \u0022error\u0022: {\r\n",
        "        \u0022code\u0022: \u0022DeploymentScriptError\u0022,\r\n",
        "        \u0022message\u0022: \u0022The provided script failed with the following error:\\r\\nSystem.Management.Automation.CommandNotFoundException: The term \u0027This-will-fail.\u0027 is not recognized as the name of a cmdlet, function, script file, or operable program.\\nCheck the spelling of the name, or if a path was included, verify that the path is correct and try again.\\n   at System.Management.Automation.ExceptionHandlingOps.CheckActionPreference(FunctionContext funcContext, Exception exception)\\n   at System.Management.Automation.Interpreter.ActionCallInstruction\u00602.Run(InterpretedFrame frame)\\n   at System.Management.Automation.Interpreter.EnterTryCatchFinallyInstruction.Run(InterpretedFrame frame)\\n   at System.Management.Automation.Interpreter.EnterTryCatchFinallyInstruction.Run(InterpretedFrame frame)\\n   at System.Management.Automation.Interpreter.Interpreter.Run(InterpretedFrame frame)\\n   at System.Management.Automation.Interpreter.LightLambda.RunVoid1[T0](T0 arg0)\\n   at System.Management.Automation.ScriptBlock.InvokeWithPipeImpl(ScriptBlockClauseToInvoke clauseToInvoke, Boolean createLocalScope, Dictionary\u00602 functionsToDefine, List\u00601 variablesToDefine, ErrorHandlingBehavior errorHandlingBehavior, Object dollarUnder, Object input, Object scriptThis, Pipe outputPipe, InvocationInfo invocationInfo, Object[] args)\\n   at System.Management.Automation.ScriptBlock.InvokeWithPipeImpl(Boolean createLocalScope, Dictionary\u00602 functionsToDefine, List\u00601 variablesToDefine, ErrorHandlingBehavior errorHandlingBehavior, Object dollarUnder, Object input, Object scriptThis, Pipe outputPipe, InvocationInfo invocationInfo, Object[] args)\\n   at System.Management.Automation.ScriptBlock.InvokeWithPipe(Boolean useLocalScope, ErrorHandlingBehavior errorHandlingBehavior, Object dollarUnder, Object input, Object scriptThis, Pipe outputPipe, InvocationInfo invocationInfo, Boolean propagateAllExceptionsToTop, List\u00601 variablesToDefine, Dictionary\u00602 functionsToDefine, Object[] args)\\n   at System.Management.Automation.ScriptBlock.InvokeUsingCmdlet(Cmdlet contextCmdlet, Boolean useLocalScope, ErrorHandlingBehavior errorHandlingBehavior, Object dollarUnder, Object input, Object scriptThis, Object[] args)\\n   at Microsoft.PowerShell.Commands.InvokeExpressionCommand.ProcessRecord()\\n   at System.Management.Automation.Cmdlet.DoProcessRecord()\\n   at System.Management.Automation.CommandProcessor.ProcessRecord()\\r\\nat \u003CScriptBlock\u003E, /mnt/azscripts/azscriptinput/userscript.ps1: line 1\\r\\nat \u003CScriptBlock\u003E, \u003CNo file\u003E: line 1\\r\\nat \u003CScriptBlock\u003E, /mnt/azscripts/azscriptinput/DeploymentScript.ps1: line 188. Please refer to https://aka.ms/DeploymentScriptsTroubleshoot for more deployment script information.\u0022\r\n",
        "      }\r\n",
        "    },\r\n",
        "    \u0022cleanupPreference\u0022: \u0022Always\u0022\r\n",
        "  },\r\n",
        "  \u0022id\u0022: \u0022/subscriptions/0accec26-d6de-4757-8e74-d080f38eaaab/resourceGroups/Ds-TestRg/providers/Microsoft.Resources/deploymentScripts/CanReturnErrorOnScriptExecutionFailure--csmd2044\u0022,\r\n",
        "  \u0022type\u0022: \u0022Microsoft.Resources/deploymentScripts\u0022,\r\n",
        "  \u0022name\u0022: \u0022CanReturnErrorOnScriptExecutionFailure--csmd2044\u0022\r\n",
        "}"
      ]
    },
    {
      "RequestUri": "https://management.azure.com/subscriptions/0accec26-d6de-4757-8e74-d080f38eaaab/resourcegroups/Ds-TestRg/providers/Microsoft.Resources/deploymentScripts/CanReturnErrorOnScriptExecutionFailure--csmd2044?api-version=2019-10-01-preview",
      "RequestMethod": "DELETE",
      "RequestHeaders": {
        "Authorization": "Sanitized",
        "traceparent": "00-c8cce5065580084d88be6f0bceb711e1-cf0f3ac117b8dd40-00",
        "User-Agent": [
          "azsdk-net-Management.Resources/1.0.0-dev.20200529.1",
          "(.NET Framework 4.8.4180.0; Microsoft Windows 10.0.19041 )"
        ],
        "x-ms-client-request-id": "a47f23518e29b8c73ef02637102f1cd8",
        "x-ms-return-client-request-id": "true"
      },
      "RequestBody": null,
      "StatusCode": 200,
      "ResponseHeaders": {
        "Cache-Control": "no-cache",
        "Content-Length": "0",
        "Date": "Fri, 29 May 2020 06:55:09 GMT",
        "Expires": "-1",
        "Pragma": "no-cache",
        "Server": "Microsoft-HTTPAPI/2.0",
        "Strict-Transport-Security": "max-age=31536000; includeSubDomains",
        "X-Content-Type-Options": "nosniff",
        "x-ms-client-request-id": "a47f23518e29b8c73ef02637102f1cd8",
        "x-ms-correlation-request-id": "d80c2794-420b-4092-a1fb-735cedeade16",
        "x-ms-ratelimit-remaining-subscription-deletes": "14999",
        "x-ms-request-id": "8b87f5a1-eb90-467a-a8f2-887be0b63980",
        "x-ms-routing-request-id": "EASTASIA:20200529T065510Z:d80c2794-420b-4092-a1fb-735cedeade16"
      },
      "ResponseBody": []
    },
    {
      "RequestUri": "https://management.azure.com/subscriptions/0accec26-d6de-4757-8e74-d080f38eaaab/resourcegroups/Ds-TestRg/providers/Microsoft.Resources/deploymentScripts?api-version=2019-10-01-preview",
      "RequestMethod": "GET",
      "RequestHeaders": {
        "Authorization": "Sanitized",
        "User-Agent": [
          "azsdk-net-Management.Resources/1.0.0-dev.20200529.1",
          "(.NET Framework 4.8.4180.0; Microsoft Windows 10.0.19041 )"
        ],
        "x-ms-client-request-id": "ba376872017e6d46202b6571629b1069",
        "x-ms-return-client-request-id": "true"
      },
      "RequestBody": null,
      "StatusCode": 200,
      "ResponseHeaders": {
        "Cache-Control": "no-cache",
        "Content-Length": "12",
        "Content-Type": "application/json; charset=utf-8",
        "Date": "Fri, 29 May 2020 06:55:09 GMT",
        "Expires": "-1",
        "Pragma": "no-cache",
        "Strict-Transport-Security": "max-age=31536000; includeSubDomains",
        "X-Content-Type-Options": "nosniff",
        "x-ms-correlation-request-id": "648b8670-ac36-40e2-a5e7-36ce97ed91f3",
        "x-ms-ratelimit-remaining-subscription-reads": "11990",
        "x-ms-request-id": "648b8670-ac36-40e2-a5e7-36ce97ed91f3",
        "x-ms-routing-request-id": "EASTASIA:20200529T065510Z:648b8670-ac36-40e2-a5e7-36ce97ed91f3"
      },
      "ResponseBody": {
        "value": []
      }
    }
  ],
  "Variables": {
    "RandomSeed": "1377499696",
    "SUBSCRIPTION_ID": "0accec26-d6de-4757-8e74-d080f38eaaab"
  }
}