{
  "Entries": [
    {
      "RequestUri": "https://api-dogfood.resources.windows-int.net/subscriptions/ce1bff77-08c1-4199-b7a5-52194a42b6ce/resourcegroups/Communication-RG-132?api-version=**",
      "RequestMethod": "GET",
      "RequestHeaders": {
        "Accept": "application/json",
        "Authorization": "Sanitized",
        "traceparent": "00-ae2f965f6920aaef6412a2fa72e873e3-cf496c25796f27a7-00",
        "User-Agent": "azsdk-net-ResourceManager/1.4.0 (.NET 6.0.15; Microsoft Windows 10.0.22621)",
        "x-ms-client-request-id": "abfe86e62b9f41fbc1f1f48dad0015c3",
        "x-ms-return-client-request-id": "true"
      },
      "RequestBody": null,
      "StatusCode": 200,
      "ResponseHeaders": {
        "Cache-Control": "no-cache",
        "Content-Length": "237",
        "Content-Type": "application/json; charset=utf-8",
        "Date": "Tue, 21 Mar 2023 13:22:14 GMT",
        "Expires": "-1",
        "Pragma": "no-cache",
        "Strict-Transport-Security": "max-age=31536000; includeSubDomains",
        "X-Cache": "CONFIG_NOCACHE",
        "X-Content-Type-Options": "nosniff",
        "x-ms-correlation-request-id": "f50add89-32b6-4dfd-8ca2-e44802e63399",
        "x-ms-ratelimit-remaining-subscription-reads": "14999",
        "x-ms-request-id": "f50add89-32b6-4dfd-8ca2-e44802e63399",
        "x-ms-routing-request-id": "CENTRALUS:20230321T132215Z:f50add89-32b6-4dfd-8ca2-e44802e63399",
        "X-MSEdge-Ref": "Ref A: A95C06A9E47B41259E23521A151DB4B7 Ref B: STBEDGE0506 Ref C: 2023-03-21T13:22:15Z"
      },
      "ResponseBody": {
        "id": "/subscriptions/ce1bff77-08c1-4199-b7a5-52194a42b6ce/resourceGroups/Communication-RG-132",
        "name": "Communication-RG-132",
        "type": "Microsoft.Resources/resourceGroups",
        "location": "westus",
        "properties": {
          "provisioningState": "Succeeded"
        }
      }
    },
    {
      "RequestUri": "https://api-dogfood.resources.windows-int.net/subscriptions/ce1bff77-08c1-4199-b7a5-52194a42b6ce/resourceGroups/Communication-RG-132/providers/Microsoft.Communication/communicationServices/communication-service-3730?api-version=2023-03-31",
      "RequestMethod": "PUT",
      "RequestHeaders": {
        "Accept": "application/json",
        "Authorization": "Sanitized",
        "Content-Length": "76",
        "Content-Type": "application/json",
        "traceparent": "00-377a608723416af6eb0b9d933e42aaef-5bfc405632dde060-00",
        "User-Agent": "azsdk-net-ResourceManager.Communication/1.1.0-alpha.20230321.1 (.NET 6.0.15; Microsoft Windows 10.0.22621)",
        "x-ms-client-request-id": "5a01133929de65acc4e2fe09891c4650",
        "x-ms-return-client-request-id": "true"
      },
      "RequestBody": {
        "tags": {},
        "location": "global",
        "properties": {
          "dataLocation": "UnitedStates"
        }
      },
      "StatusCode": 201,
      "ResponseHeaders": {
        "Azure-AsyncNotification": "Enabled",
        "Azure-AsyncOperation": "https://api-dogfood.resources.windows-int.net/subscriptions/ce1bff77-08c1-4199-b7a5-52194a42b6ce/providers/Microsoft.Communication/locations/CENTRALUS/operationStatuses/13ae0e0d-09e3-4c37-b31c-a6ef0e292565*B685932BE207201DA5C3EF6B4DFCC1F69BDA154A02613F9E0411A3DC3869A983?api-version=2023-03-31",
        "Cache-Control": "no-cache",
        "Content-Length": "652",
        "Content-Type": "application/json; charset=utf-8",
        "Date": "Tue, 21 Mar 2023 13:22:16 GMT",
        "ETag": "\u00224301a3a3-0000-0700-0000-6419af880000\u0022",
        "Expires": "-1",
        "mise-correlation-id": "4188231c-0aa7-421f-bed2-d4cbcd8d8ed7",
        "Pragma": "no-cache",
        "Request-Context": "appId=",
        "Strict-Transport-Security": "max-age=31536000; includeSubDomains",
        "X-Cache": "CONFIG_NOCACHE",
        "X-Content-Type-Options": "nosniff",
        "x-ms-client-request-id": "5a01133929de65acc4e2fe09891c4650",
        "x-ms-correlation-request-id": "2419c5da-0d7c-4d02-a764-37f6b9a288e8",
        "x-ms-providerhub-traffic": "True",
        "x-ms-ratelimit-remaining-subscription-writes": "1195",
        "x-ms-request-id": "13ae0e0d-09e3-4c37-b31c-a6ef0e292565",
        "x-ms-resource-provider-hint": "noPolling",
        "x-ms-routing-request-id": "CENTRALUS:20230321T132216Z:2419c5da-0d7c-4d02-a764-37f6b9a288e8",
        "X-MSEdge-Ref": "Ref A: FD953892FC4346599D9E22C0119D5F4A Ref B: STBEDGE0506 Ref C: 2023-03-21T13:22:15Z"
      },
      "ResponseBody": {
        "id": "/subscriptions/ce1bff77-08c1-4199-b7a5-52194a42b6ce/resourceGroups/Communication-RG-132/providers/Microsoft.Communication/communicationServices/communication-service-3730",
        "name": "communication-service-3730",
        "type": "microsoft.communication/communicationservices",
        "location": "global",
        "tags": {},
        "systemData": {
          "createdBy": "dd5e080b-9821-4976-9ab1-c95d8cc8eafa",
          "createdByType": "Application",
          "createdAt": "2023-03-21T13:22:15.870952Z",
          "lastModifiedBy": "dd5e080b-9821-4976-9ab1-c95d8cc8eafa",
          "lastModifiedByType": "Application",
          "lastModifiedAt": "2023-03-21T13:22:15.870952Z"
        },
        "properties": {
          "dataLocation": "UnitedStates",
          "provisioningState": "Accepted"
        }
      }
    },
    {
      "RequestUri": "https://api-dogfood.resources.windows-int.net/subscriptions/ce1bff77-08c1-4199-b7a5-52194a42b6ce/providers/Microsoft.Communication/locations/CENTRALUS/operationStatuses/13ae0e0d-09e3-4c37-b31c-a6ef0e292565*B685932BE207201DA5C3EF6B4DFCC1F69BDA154A02613F9E0411A3DC3869A983?api-version=2023-03-31",
      "RequestMethod": "GET",
      "RequestHeaders": {
        "Authorization": "Sanitized",
        "traceparent": "00-377a608723416af6eb0b9d933e42aaef-952f1f6b0bde480a-00",
        "User-Agent": "azsdk-net-ResourceManager/1.4.0 (.NET 6.0.15; Microsoft Windows 10.0.22621)",
        "x-ms-client-request-id": "8014ee37ec7f5c075146db48fd3838d4",
        "x-ms-return-client-request-id": "true"
      },
      "RequestBody": null,
      "StatusCode": 200,
      "ResponseHeaders": {
        "Cache-Control": "no-cache",
        "Content-Length": "594",
        "Content-Type": "application/json; charset=utf-8",
        "Date": "Tue, 21 Mar 2023 13:22:16 GMT",
        "ETag": "\u00224d04b6e8-0000-0700-0000-6419af880000\u0022",
        "Expires": "-1",
        "Pragma": "no-cache",
        "Strict-Transport-Security": "max-age=31536000; includeSubDomains",
        "X-Cache": "CONFIG_NOCACHE",
        "X-Content-Type-Options": "nosniff",
        "x-ms-client-request-id": "8014ee37ec7f5c075146db48fd3838d4",
        "x-ms-correlation-request-id": "0313271e-82db-487d-8201-1336e04c9dcb",
        "x-ms-ratelimit-remaining-subscription-reads": "14998",
        "x-ms-request-id": "bc2e4d0a-4f0e-4870-90f9-a751652b9395",
        "x-ms-routing-request-id": "CENTRALUS:20230321T132216Z:0313271e-82db-487d-8201-1336e04c9dcb",
        "X-MSEdge-Ref": "Ref A: 4C4475EF441044F2868F71EFE6203E1F Ref B: STBEDGE0506 Ref C: 2023-03-21T13:22:16Z"
      },
      "ResponseBody": {
        "id": "/subscriptions/ce1bff77-08c1-4199-b7a5-52194a42b6ce/providers/Microsoft.Communication/locations/CENTRALUS/operationStatuses/13ae0e0d-09e3-4c37-b31c-a6ef0e292565*B685932BE207201DA5C3EF6B4DFCC1F69BDA154A02613F9E0411A3DC3869A983",
        "name": "13ae0e0d-09e3-4c37-b31c-a6ef0e292565*B685932BE207201DA5C3EF6B4DFCC1F69BDA154A02613F9E0411A3DC3869A983",
        "resourceId": "/subscriptions/ce1bff77-08c1-4199-b7a5-52194a42b6ce/resourceGroups/Communication-RG-132/providers/Microsoft.Communication/communicationServices/communication-service-3730",
        "status": "Accepted",
        "startTime": "2023-03-21T13:22:16.3858773Z"
      }
    },
    {
      "RequestUri": "https://api-dogfood.resources.windows-int.net/subscriptions/ce1bff77-08c1-4199-b7a5-52194a42b6ce/providers/Microsoft.Communication/locations/CENTRALUS/operationStatuses/13ae0e0d-09e3-4c37-b31c-a6ef0e292565*B685932BE207201DA5C3EF6B4DFCC1F69BDA154A02613F9E0411A3DC3869A983?api-version=2023-03-31",
      "RequestMethod": "GET",
      "RequestHeaders": {
        "Authorization": "Sanitized",
        "traceparent": "00-377a608723416af6eb0b9d933e42aaef-ea287f42981a96b3-00",
        "User-Agent": "azsdk-net-ResourceManager/1.4.0 (.NET 6.0.15; Microsoft Windows 10.0.22621)",
        "x-ms-client-request-id": "e4283cae5c70843eb5e91d550dc821d2",
        "x-ms-return-client-request-id": "true"
      },
      "RequestBody": null,
      "StatusCode": 200,
      "ResponseHeaders": {
        "Cache-Control": "no-cache",
        "Content-Length": "594",
        "Content-Type": "application/json; charset=utf-8",
        "Date": "Tue, 21 Mar 2023 13:22:17 GMT",
        "ETag": "\u00224d04b6e8-0000-0700-0000-6419af880000\u0022",
        "Expires": "-1",
        "Pragma": "no-cache",
        "Strict-Transport-Security": "max-age=31536000; includeSubDomains",
        "X-Cache": "CONFIG_NOCACHE",
        "X-Content-Type-Options": "nosniff",
        "x-ms-client-request-id": "e4283cae5c70843eb5e91d550dc821d2",
        "x-ms-correlation-request-id": "6db95976-4ae5-4513-bcf5-5ea740ca2b36",
        "x-ms-ratelimit-remaining-subscription-reads": "14975",
        "x-ms-request-id": "8ef859f9-9fc7-466b-b1e3-79017c0bbc58",
        "x-ms-routing-request-id": "CENTRALUS:20230321T132218Z:6db95976-4ae5-4513-bcf5-5ea740ca2b36",
        "X-MSEdge-Ref": "Ref A: 417A8A0AD1C64884AE55411369459998 Ref B: STBEDGE0506 Ref C: 2023-03-21T13:22:18Z"
      },
      "ResponseBody": {
        "id": "/subscriptions/ce1bff77-08c1-4199-b7a5-52194a42b6ce/providers/Microsoft.Communication/locations/CENTRALUS/operationStatuses/13ae0e0d-09e3-4c37-b31c-a6ef0e292565*B685932BE207201DA5C3EF6B4DFCC1F69BDA154A02613F9E0411A3DC3869A983",
        "name": "13ae0e0d-09e3-4c37-b31c-a6ef0e292565*B685932BE207201DA5C3EF6B4DFCC1F69BDA154A02613F9E0411A3DC3869A983",
        "resourceId": "/subscriptions/ce1bff77-08c1-4199-b7a5-52194a42b6ce/resourceGroups/Communication-RG-132/providers/Microsoft.Communication/communicationServices/communication-service-3730",
        "status": "Accepted",
        "startTime": "2023-03-21T13:22:16.3858773Z"
      }
    },
    {
      "RequestUri": "https://api-dogfood.resources.windows-int.net/subscriptions/ce1bff77-08c1-4199-b7a5-52194a42b6ce/providers/Microsoft.Communication/locations/CENTRALUS/operationStatuses/13ae0e0d-09e3-4c37-b31c-a6ef0e292565*B685932BE207201DA5C3EF6B4DFCC1F69BDA154A02613F9E0411A3DC3869A983?api-version=2023-03-31",
      "RequestMethod": "GET",
      "RequestHeaders": {
        "Authorization": "Sanitized",
        "traceparent": "00-377a608723416af6eb0b9d933e42aaef-d6cfc889f07f803c-00",
        "User-Agent": "azsdk-net-ResourceManager/1.4.0 (.NET 6.0.15; Microsoft Windows 10.0.22621)",
        "x-ms-client-request-id": "9ad15b3bc50898d11448157ed9151a05",
        "x-ms-return-client-request-id": "true"
      },
      "RequestBody": null,
      "StatusCode": 200,
      "ResponseHeaders": {
        "Cache-Control": "no-cache",
        "Content-Length": "594",
        "Content-Type": "application/json; charset=utf-8",
        "Date": "Tue, 21 Mar 2023 13:22:18 GMT",
        "ETag": "\u00224d04b6e8-0000-0700-0000-6419af880000\u0022",
        "Expires": "-1",
        "Pragma": "no-cache",
        "Strict-Transport-Security": "max-age=31536000; includeSubDomains",
        "X-Cache": "CONFIG_NOCACHE",
        "X-Content-Type-Options": "nosniff",
        "x-ms-client-request-id": "9ad15b3bc50898d11448157ed9151a05",
        "x-ms-correlation-request-id": "127338ad-9146-415f-aca4-508407ff48e4",
        "x-ms-ratelimit-remaining-subscription-reads": "14997",
        "x-ms-request-id": "cd987855-cc57-4253-a5bd-cc714d101095",
        "x-ms-routing-request-id": "CENTRALUS:20230321T132219Z:127338ad-9146-415f-aca4-508407ff48e4",
        "X-MSEdge-Ref": "Ref A: 377FF96280EE4F04AF5286EAA3CCEE87 Ref B: STBEDGE0506 Ref C: 2023-03-21T13:22:19Z"
      },
      "ResponseBody": {
        "id": "/subscriptions/ce1bff77-08c1-4199-b7a5-52194a42b6ce/providers/Microsoft.Communication/locations/CENTRALUS/operationStatuses/13ae0e0d-09e3-4c37-b31c-a6ef0e292565*B685932BE207201DA5C3EF6B4DFCC1F69BDA154A02613F9E0411A3DC3869A983",
        "name": "13ae0e0d-09e3-4c37-b31c-a6ef0e292565*B685932BE207201DA5C3EF6B4DFCC1F69BDA154A02613F9E0411A3DC3869A983",
        "resourceId": "/subscriptions/ce1bff77-08c1-4199-b7a5-52194a42b6ce/resourceGroups/Communication-RG-132/providers/Microsoft.Communication/communicationServices/communication-service-3730",
        "status": "Accepted",
        "startTime": "2023-03-21T13:22:16.3858773Z"
      }
    },
    {
      "RequestUri": "https://api-dogfood.resources.windows-int.net/subscriptions/ce1bff77-08c1-4199-b7a5-52194a42b6ce/providers/Microsoft.Communication/locations/CENTRALUS/operationStatuses/13ae0e0d-09e3-4c37-b31c-a6ef0e292565*B685932BE207201DA5C3EF6B4DFCC1F69BDA154A02613F9E0411A3DC3869A983?api-version=2023-03-31",
      "RequestMethod": "GET",
      "RequestHeaders": {
        "Authorization": "Sanitized",
        "traceparent": "00-377a608723416af6eb0b9d933e42aaef-b0275aa806709e70-00",
        "User-Agent": "azsdk-net-ResourceManager/1.4.0 (.NET 6.0.15; Microsoft Windows 10.0.22621)",
        "x-ms-client-request-id": "07364750c2c9da31b090cb95cfb24f89",
        "x-ms-return-client-request-id": "true"
      },
      "RequestBody": null,
      "StatusCode": 200,
      "ResponseHeaders": {
        "Cache-Control": "no-cache",
        "Content-Length": "594",
        "Content-Type": "application/json; charset=utf-8",
        "Date": "Tue, 21 Mar 2023 13:22:19 GMT",
        "ETag": "\u00224d04b6e8-0000-0700-0000-6419af880000\u0022",
        "Expires": "-1",
        "Pragma": "no-cache",
        "Strict-Transport-Security": "max-age=31536000; includeSubDomains",
        "X-Cache": "CONFIG_NOCACHE",
        "X-Content-Type-Options": "nosniff",
        "x-ms-client-request-id": "07364750c2c9da31b090cb95cfb24f89",
        "x-ms-correlation-request-id": "8d56f9a6-4d41-47aa-9c0d-888fe0da22a9",
        "x-ms-ratelimit-remaining-subscription-reads": "14974",
        "x-ms-request-id": "428962ad-837d-42b4-9089-9835e4d94020",
        "x-ms-routing-request-id": "CENTRALUS:20230321T132220Z:8d56f9a6-4d41-47aa-9c0d-888fe0da22a9",
        "X-MSEdge-Ref": "Ref A: 4F5558E0806F4CB381D6298315D9F2A2 Ref B: STBEDGE0506 Ref C: 2023-03-21T13:22:20Z"
      },
      "ResponseBody": {
        "id": "/subscriptions/ce1bff77-08c1-4199-b7a5-52194a42b6ce/providers/Microsoft.Communication/locations/CENTRALUS/operationStatuses/13ae0e0d-09e3-4c37-b31c-a6ef0e292565*B685932BE207201DA5C3EF6B4DFCC1F69BDA154A02613F9E0411A3DC3869A983",
        "name": "13ae0e0d-09e3-4c37-b31c-a6ef0e292565*B685932BE207201DA5C3EF6B4DFCC1F69BDA154A02613F9E0411A3DC3869A983",
        "resourceId": "/subscriptions/ce1bff77-08c1-4199-b7a5-52194a42b6ce/resourceGroups/Communication-RG-132/providers/Microsoft.Communication/communicationServices/communication-service-3730",
        "status": "Accepted",
        "startTime": "2023-03-21T13:22:16.3858773Z"
      }
    },
    {
      "RequestUri": "https://api-dogfood.resources.windows-int.net/subscriptions/ce1bff77-08c1-4199-b7a5-52194a42b6ce/providers/Microsoft.Communication/locations/CENTRALUS/operationStatuses/13ae0e0d-09e3-4c37-b31c-a6ef0e292565*B685932BE207201DA5C3EF6B4DFCC1F69BDA154A02613F9E0411A3DC3869A983?api-version=2023-03-31",
      "RequestMethod": "GET",
      "RequestHeaders": {
        "Authorization": "Sanitized",
        "traceparent": "00-377a608723416af6eb0b9d933e42aaef-9824b028af5d3ed8-00",
        "User-Agent": "azsdk-net-ResourceManager/1.4.0 (.NET 6.0.15; Microsoft Windows 10.0.22621)",
        "x-ms-client-request-id": "a10d08259d66e8cb6b8fd02847bfaaa0",
        "x-ms-return-client-request-id": "true"
      },
      "RequestBody": null,
      "StatusCode": 200,
      "ResponseHeaders": {
        "Cache-Control": "no-cache",
        "Content-Length": "594",
        "Content-Type": "application/json; charset=utf-8",
        "Date": "Tue, 21 Mar 2023 13:22:21 GMT",
        "ETag": "\u00224d04b6e8-0000-0700-0000-6419af880000\u0022",
        "Expires": "-1",
        "Pragma": "no-cache",
        "Strict-Transport-Security": "max-age=31536000; includeSubDomains",
        "X-Cache": "CONFIG_NOCACHE",
        "X-Content-Type-Options": "nosniff",
        "x-ms-client-request-id": "a10d08259d66e8cb6b8fd02847bfaaa0",
        "x-ms-correlation-request-id": "9d5d9117-7b6c-4def-8a5d-497613adb3f0",
        "x-ms-ratelimit-remaining-subscription-reads": "14996",
        "x-ms-request-id": "56fb1b8a-2aaf-43f8-bba2-d1e81253b4f1",
        "x-ms-routing-request-id": "CENTRALUS:20230321T132222Z:9d5d9117-7b6c-4def-8a5d-497613adb3f0",
        "X-MSEdge-Ref": "Ref A: B41EA257F9DB41B98ECE8A2550BB0C24 Ref B: STBEDGE0506 Ref C: 2023-03-21T13:22:22Z"
      },
      "ResponseBody": {
        "id": "/subscriptions/ce1bff77-08c1-4199-b7a5-52194a42b6ce/providers/Microsoft.Communication/locations/CENTRALUS/operationStatuses/13ae0e0d-09e3-4c37-b31c-a6ef0e292565*B685932BE207201DA5C3EF6B4DFCC1F69BDA154A02613F9E0411A3DC3869A983",
        "name": "13ae0e0d-09e3-4c37-b31c-a6ef0e292565*B685932BE207201DA5C3EF6B4DFCC1F69BDA154A02613F9E0411A3DC3869A983",
        "resourceId": "/subscriptions/ce1bff77-08c1-4199-b7a5-52194a42b6ce/resourceGroups/Communication-RG-132/providers/Microsoft.Communication/communicationServices/communication-service-3730",
        "status": "Accepted",
        "startTime": "2023-03-21T13:22:16.3858773Z"
      }
    },
    {
      "RequestUri": "https://api-dogfood.resources.windows-int.net/subscriptions/ce1bff77-08c1-4199-b7a5-52194a42b6ce/providers/Microsoft.Communication/locations/CENTRALUS/operationStatuses/13ae0e0d-09e3-4c37-b31c-a6ef0e292565*B685932BE207201DA5C3EF6B4DFCC1F69BDA154A02613F9E0411A3DC3869A983?api-version=2023-03-31",
      "RequestMethod": "GET",
      "RequestHeaders": {
        "Authorization": "Sanitized",
        "traceparent": "00-377a608723416af6eb0b9d933e42aaef-c0ea124920db2f5a-00",
        "User-Agent": "azsdk-net-ResourceManager/1.4.0 (.NET 6.0.15; Microsoft Windows 10.0.22621)",
        "x-ms-client-request-id": "c50517cf1992780929f7ea78fa3bc861",
        "x-ms-return-client-request-id": "true"
      },
      "RequestBody": null,
      "StatusCode": 200,
      "ResponseHeaders": {
        "Cache-Control": "no-cache",
        "Content-Length": "594",
        "Content-Type": "application/json; charset=utf-8",
        "Date": "Tue, 21 Mar 2023 13:22:26 GMT",
        "ETag": "\u00224d04b6e8-0000-0700-0000-6419af880000\u0022",
        "Expires": "-1",
        "Pragma": "no-cache",
        "Strict-Transport-Security": "max-age=31536000; includeSubDomains",
        "X-Cache": "CONFIG_NOCACHE",
        "X-Content-Type-Options": "nosniff",
        "x-ms-client-request-id": "c50517cf1992780929f7ea78fa3bc861",
        "x-ms-correlation-request-id": "047a7a3f-6416-44f1-852b-b8c7dc5cb4b4",
        "x-ms-ratelimit-remaining-subscription-reads": "14973",
        "x-ms-request-id": "d8142dff-1bd8-4947-9ae3-2550bb801d1a",
        "x-ms-routing-request-id": "CENTRALUS:20230321T132226Z:047a7a3f-6416-44f1-852b-b8c7dc5cb4b4",
        "X-MSEdge-Ref": "Ref A: FB31E1E43966471FAB3E4F2B0949F891 Ref B: STBEDGE0506 Ref C: 2023-03-21T13:22:26Z"
      },
      "ResponseBody": {
        "id": "/subscriptions/ce1bff77-08c1-4199-b7a5-52194a42b6ce/providers/Microsoft.Communication/locations/CENTRALUS/operationStatuses/13ae0e0d-09e3-4c37-b31c-a6ef0e292565*B685932BE207201DA5C3EF6B4DFCC1F69BDA154A02613F9E0411A3DC3869A983",
        "name": "13ae0e0d-09e3-4c37-b31c-a6ef0e292565*B685932BE207201DA5C3EF6B4DFCC1F69BDA154A02613F9E0411A3DC3869A983",
        "resourceId": "/subscriptions/ce1bff77-08c1-4199-b7a5-52194a42b6ce/resourceGroups/Communication-RG-132/providers/Microsoft.Communication/communicationServices/communication-service-3730",
        "status": "Accepted",
        "startTime": "2023-03-21T13:22:16.3858773Z"
      }
    },
    {
      "RequestUri": "https://api-dogfood.resources.windows-int.net/subscriptions/ce1bff77-08c1-4199-b7a5-52194a42b6ce/providers/Microsoft.Communication/locations/CENTRALUS/operationStatuses/13ae0e0d-09e3-4c37-b31c-a6ef0e292565*B685932BE207201DA5C3EF6B4DFCC1F69BDA154A02613F9E0411A3DC3869A983?api-version=2023-03-31",
      "RequestMethod": "GET",
      "RequestHeaders": {
        "Authorization": "Sanitized",
        "traceparent": "00-377a608723416af6eb0b9d933e42aaef-646f639eb947babe-00",
        "User-Agent": "azsdk-net-ResourceManager/1.4.0 (.NET 6.0.15; Microsoft Windows 10.0.22621)",
        "x-ms-client-request-id": "d1598bf97808b29f7c4d9b3af20993f0",
        "x-ms-return-client-request-id": "true"
      },
      "RequestBody": null,
      "StatusCode": 200,
      "ResponseHeaders": {
        "Cache-Control": "no-cache",
        "Content-Length": "594",
        "Content-Type": "application/json; charset=utf-8",
        "Date": "Tue, 21 Mar 2023 13:22:34 GMT",
        "ETag": "\u00224d04b6e8-0000-0700-0000-6419af880000\u0022",
        "Expires": "-1",
        "Pragma": "no-cache",
        "Strict-Transport-Security": "max-age=31536000; includeSubDomains",
        "X-Cache": "CONFIG_NOCACHE",
        "X-Content-Type-Options": "nosniff",
        "x-ms-client-request-id": "d1598bf97808b29f7c4d9b3af20993f0",
        "x-ms-correlation-request-id": "d1091a06-27cf-47e4-9300-c2ee65ecff2c",
        "x-ms-ratelimit-remaining-subscription-reads": "14995",
        "x-ms-request-id": "fc59b77c-cfff-4039-a4cf-0b14ba80cdb4",
        "x-ms-routing-request-id": "CENTRALUS:20230321T132235Z:d1091a06-27cf-47e4-9300-c2ee65ecff2c",
        "X-MSEdge-Ref": "Ref A: F13CC8FB0C6F47488FD57C9CE19702C0 Ref B: STBEDGE0506 Ref C: 2023-03-21T13:22:34Z"
      },
      "ResponseBody": {
        "id": "/subscriptions/ce1bff77-08c1-4199-b7a5-52194a42b6ce/providers/Microsoft.Communication/locations/CENTRALUS/operationStatuses/13ae0e0d-09e3-4c37-b31c-a6ef0e292565*B685932BE207201DA5C3EF6B4DFCC1F69BDA154A02613F9E0411A3DC3869A983",
        "name": "13ae0e0d-09e3-4c37-b31c-a6ef0e292565*B685932BE207201DA5C3EF6B4DFCC1F69BDA154A02613F9E0411A3DC3869A983",
        "resourceId": "/subscriptions/ce1bff77-08c1-4199-b7a5-52194a42b6ce/resourceGroups/Communication-RG-132/providers/Microsoft.Communication/communicationServices/communication-service-3730",
        "status": "Accepted",
        "startTime": "2023-03-21T13:22:16.3858773Z"
      }
    },
    {
      "RequestUri": "https://api-dogfood.resources.windows-int.net/subscriptions/ce1bff77-08c1-4199-b7a5-52194a42b6ce/providers/Microsoft.Communication/locations/CENTRALUS/operationStatuses/13ae0e0d-09e3-4c37-b31c-a6ef0e292565*B685932BE207201DA5C3EF6B4DFCC1F69BDA154A02613F9E0411A3DC3869A983?api-version=2023-03-31",
      "RequestMethod": "GET",
      "RequestHeaders": {
        "Authorization": "Sanitized",
        "traceparent": "00-377a608723416af6eb0b9d933e42aaef-585197d920a35008-00",
        "User-Agent": "azsdk-net-ResourceManager/1.4.0 (.NET 6.0.15; Microsoft Windows 10.0.22621)",
        "x-ms-client-request-id": "b7c52ae689ac0bf7ff95786fb253ee2f",
        "x-ms-return-client-request-id": "true"
      },
      "RequestBody": null,
      "StatusCode": 200,
      "ResponseHeaders": {
        "Cache-Control": "no-cache",
        "Content-Length": "594",
        "Content-Type": "application/json; charset=utf-8",
        "Date": "Tue, 21 Mar 2023 13:22:50 GMT",
        "ETag": "\u00224d04b6e8-0000-0700-0000-6419af880000\u0022",
        "Expires": "-1",
        "Pragma": "no-cache",
        "Strict-Transport-Security": "max-age=31536000; includeSubDomains",
        "X-Cache": "CONFIG_NOCACHE",
        "X-Content-Type-Options": "nosniff",
        "x-ms-client-request-id": "b7c52ae689ac0bf7ff95786fb253ee2f",
        "x-ms-correlation-request-id": "b8926107-f961-48e6-b57a-4e0a1d27c944",
        "x-ms-ratelimit-remaining-subscription-reads": "14994",
        "x-ms-request-id": "b6aea2c6-5e17-4c27-8198-53ce75f39947",
        "x-ms-routing-request-id": "CENTRALUS:20230321T132251Z:b8926107-f961-48e6-b57a-4e0a1d27c944",
        "X-MSEdge-Ref": "Ref A: 4926148B09E24A5EBCCF2489565F0F07 Ref B: STBEDGE0506 Ref C: 2023-03-21T13:22:51Z"
      },
      "ResponseBody": {
        "id": "/subscriptions/ce1bff77-08c1-4199-b7a5-52194a42b6ce/providers/Microsoft.Communication/locations/CENTRALUS/operationStatuses/13ae0e0d-09e3-4c37-b31c-a6ef0e292565*B685932BE207201DA5C3EF6B4DFCC1F69BDA154A02613F9E0411A3DC3869A983",
        "name": "13ae0e0d-09e3-4c37-b31c-a6ef0e292565*B685932BE207201DA5C3EF6B4DFCC1F69BDA154A02613F9E0411A3DC3869A983",
        "resourceId": "/subscriptions/ce1bff77-08c1-4199-b7a5-52194a42b6ce/resourceGroups/Communication-RG-132/providers/Microsoft.Communication/communicationServices/communication-service-3730",
        "status": "Accepted",
        "startTime": "2023-03-21T13:22:16.3858773Z"
      }
    },
    {
      "RequestUri": "https://api-dogfood.resources.windows-int.net/subscriptions/ce1bff77-08c1-4199-b7a5-52194a42b6ce/providers/Microsoft.Communication/locations/CENTRALUS/operationStatuses/13ae0e0d-09e3-4c37-b31c-a6ef0e292565*B685932BE207201DA5C3EF6B4DFCC1F69BDA154A02613F9E0411A3DC3869A983?api-version=2023-03-31",
      "RequestMethod": "GET",
      "RequestHeaders": {
        "Authorization": "Sanitized",
        "traceparent": "00-377a608723416af6eb0b9d933e42aaef-d4ffd20aa1208755-00",
        "User-Agent": "azsdk-net-ResourceManager/1.4.0 (.NET 6.0.15; Microsoft Windows 10.0.22621)",
        "x-ms-client-request-id": "bb2e6ec6d8655797785349447ecf8620",
        "x-ms-return-client-request-id": "true"
      },
      "RequestBody": null,
      "StatusCode": 200,
      "ResponseHeaders": {
        "Cache-Control": "no-cache",
        "Content-Length": "594",
        "Content-Type": "application/json; charset=utf-8",
        "Date": "Tue, 21 Mar 2023 13:23:22 GMT",
        "ETag": "\u00224d04b6e8-0000-0700-0000-6419af880000\u0022",
        "Expires": "-1",
        "Pragma": "no-cache",
        "Strict-Transport-Security": "max-age=31536000; includeSubDomains",
        "X-Cache": "CONFIG_NOCACHE",
        "X-Content-Type-Options": "nosniff",
        "x-ms-client-request-id": "bb2e6ec6d8655797785349447ecf8620",
        "x-ms-correlation-request-id": "5568a37d-2f1a-4303-8f08-74963bb00449",
        "x-ms-ratelimit-remaining-subscription-reads": "14993",
        "x-ms-request-id": "367b5981-2808-4dec-a7e9-69f7c6ea74ea",
        "x-ms-routing-request-id": "CENTRALUS:20230321T132323Z:5568a37d-2f1a-4303-8f08-74963bb00449",
        "X-MSEdge-Ref": "Ref A: 008BFA5FBD3147BC940E210C1D05D621 Ref B: STBEDGE0506 Ref C: 2023-03-21T13:23:23Z"
      },
      "ResponseBody": {
        "id": "/subscriptions/ce1bff77-08c1-4199-b7a5-52194a42b6ce/providers/Microsoft.Communication/locations/CENTRALUS/operationStatuses/13ae0e0d-09e3-4c37-b31c-a6ef0e292565*B685932BE207201DA5C3EF6B4DFCC1F69BDA154A02613F9E0411A3DC3869A983",
        "name": "13ae0e0d-09e3-4c37-b31c-a6ef0e292565*B685932BE207201DA5C3EF6B4DFCC1F69BDA154A02613F9E0411A3DC3869A983",
        "resourceId": "/subscriptions/ce1bff77-08c1-4199-b7a5-52194a42b6ce/resourceGroups/Communication-RG-132/providers/Microsoft.Communication/communicationServices/communication-service-3730",
        "status": "Accepted",
        "startTime": "2023-03-21T13:22:16.3858773Z"
      }
    },
    {
      "RequestUri": "https://api-dogfood.resources.windows-int.net/subscriptions/ce1bff77-08c1-4199-b7a5-52194a42b6ce/providers/Microsoft.Communication/locations/CENTRALUS/operationStatuses/13ae0e0d-09e3-4c37-b31c-a6ef0e292565*B685932BE207201DA5C3EF6B4DFCC1F69BDA154A02613F9E0411A3DC3869A983?api-version=2023-03-31",
      "RequestMethod": "GET",
      "RequestHeaders": {
        "Authorization": "Sanitized",
        "traceparent": "00-377a608723416af6eb0b9d933e42aaef-e9a91991dcecbf91-00",
        "User-Agent": "azsdk-net-ResourceManager/1.4.0 (.NET 6.0.15; Microsoft Windows 10.0.22621)",
        "x-ms-client-request-id": "cf92f963107670b5944ed2730030ff28",
        "x-ms-return-client-request-id": "true"
      },
      "RequestBody": null,
      "StatusCode": 200,
      "ResponseHeaders": {
        "Cache-Control": "no-cache",
        "Content-Length": "613",
        "Content-Type": "application/json; charset=utf-8",
        "Date": "Tue, 21 Mar 2023 13:23:54 GMT",
        "ETag": "\u00224e04a708-0000-0700-0000-6419afcb0000\u0022",
        "Expires": "-1",
        "Pragma": "no-cache",
        "Strict-Transport-Security": "max-age=31536000; includeSubDomains",
        "X-Cache": "CONFIG_NOCACHE",
        "X-Content-Type-Options": "nosniff",
        "x-ms-client-request-id": "cf92f963107670b5944ed2730030ff28",
        "x-ms-correlation-request-id": "0fc9b998-faec-4d61-94eb-f9104a1fe1eb",
        "x-ms-ratelimit-remaining-subscription-reads": "14963",
        "x-ms-request-id": "b8ff9112-84e6-4c38-93e5-6c9c305a3465",
        "x-ms-routing-request-id": "CENTRALUS:20230321T132355Z:0fc9b998-faec-4d61-94eb-f9104a1fe1eb",
        "X-MSEdge-Ref": "Ref A: ADA588771BCC400B853621AE8E0ED2B0 Ref B: STBEDGE0506 Ref C: 2023-03-21T13:23:55Z"
      },
      "ResponseBody": {
        "id": "/subscriptions/ce1bff77-08c1-4199-b7a5-52194a42b6ce/providers/Microsoft.Communication/locations/CENTRALUS/operationStatuses/13ae0e0d-09e3-4c37-b31c-a6ef0e292565*B685932BE207201DA5C3EF6B4DFCC1F69BDA154A02613F9E0411A3DC3869A983",
        "name": "13ae0e0d-09e3-4c37-b31c-a6ef0e292565*B685932BE207201DA5C3EF6B4DFCC1F69BDA154A02613F9E0411A3DC3869A983",
        "resourceId": "/subscriptions/ce1bff77-08c1-4199-b7a5-52194a42b6ce/resourceGroups/Communication-RG-132/providers/Microsoft.Communication/communicationServices/communication-service-3730",
        "status": "Succeeded",
        "startTime": "2023-03-21T13:22:16.3858773Z",
        "properties": null
      }
    },
    {
      "RequestUri": "https://api-dogfood.resources.windows-int.net/subscriptions/ce1bff77-08c1-4199-b7a5-52194a42b6ce/resourceGroups/Communication-RG-132/providers/Microsoft.Communication/communicationServices/communication-service-3730?api-version=2023-03-31",
      "RequestMethod": "GET",
      "RequestHeaders": {
        "Authorization": "Sanitized",
        "traceparent": "00-377a608723416af6eb0b9d933e42aaef-c9166b73062a986b-00",
        "User-Agent": "azsdk-net-ResourceManager/1.4.0 (.NET 6.0.15; Microsoft Windows 10.0.22621)",
        "x-ms-client-request-id": "83736b5fd7da0d8b936d3f593fb28d2f",
        "x-ms-return-client-request-id": "true"
      },
      "RequestBody": null,
      "StatusCode": 200,
      "ResponseHeaders": {
        "Cache-Control": "no-cache",
        "Content-Length": "782",
        "Content-Type": "application/json; charset=utf-8",
        "Date": "Tue, 21 Mar 2023 13:23:55 GMT",
        "ETag": "\u00224301dca4-0000-0700-0000-6419af900000\u0022",
        "Expires": "-1",
        "Pragma": "no-cache",
        "Strict-Transport-Security": "max-age=31536000; includeSubDomains",
        "X-Cache": "CONFIG_NOCACHE",
        "X-Content-Type-Options": "nosniff",
        "x-ms-client-request-id": "83736b5fd7da0d8b936d3f593fb28d2f",
        "x-ms-correlation-request-id": "85b668fd-d57f-4e77-a9cf-4c685ddd7ee7",
        "x-ms-providerhub-traffic": "True",
        "x-ms-ratelimit-remaining-subscription-reads": "14992",
        "x-ms-request-id": "fda3a7fc-b6a4-4fb5-a685-b5624942de4f",
        "x-ms-routing-request-id": "CENTRALUS:20230321T132355Z:85b668fd-d57f-4e77-a9cf-4c685ddd7ee7",
        "X-MSEdge-Ref": "Ref A: 6E5D209DFED848568B47EF29D7C148F8 Ref B: STBEDGE0506 Ref C: 2023-03-21T13:23:55Z"
      },
      "ResponseBody": {
        "id": "/subscriptions/ce1bff77-08c1-4199-b7a5-52194a42b6ce/resourceGroups/Communication-RG-132/providers/Microsoft.Communication/communicationServices/communication-service-3730",
        "name": "communication-service-3730",
        "type": "microsoft.communication/communicationservices",
        "location": "global",
        "tags": {},
        "systemData": {
          "createdBy": "dd5e080b-9821-4976-9ab1-c95d8cc8eafa",
          "createdByType": "Application",
          "createdAt": "2023-03-21T13:22:15.870952Z",
          "lastModifiedBy": "dd5e080b-9821-4976-9ab1-c95d8cc8eafa",
          "lastModifiedByType": "Application",
          "lastModifiedAt": "2023-03-21T13:22:15.870952Z"
        },
        "properties": {
          "provisioningState": "Succeeded",
          "hostName": "communication-service-3730.int.communication.azure.net",
          "immutableResourceId": "a783b007-a043-43a8-a34c-06266aef046b",
          "dataLocation": "UnitedStates"
        }
      }
    },
    {
      "RequestUri": "https://api-dogfood.resources.windows-int.net/subscriptions/ce1bff77-08c1-4199-b7a5-52194a42b6ce?api-version=2021-01-01",
      "RequestMethod": "GET",
      "RequestHeaders": {
        "Accept": "application/json",
        "Authorization": "Sanitized",
        "traceparent": "00-576cfc74b9136f945cdf174ced5bf8f0-4cbadc14876cdb1f-00",
        "User-Agent": "azsdk-net-ResourceManager/1.4.0 (.NET 6.0.15; Microsoft Windows 10.0.22621)",
        "x-ms-client-request-id": "b90b570e1ec1b5b9b9be261606245748",
        "x-ms-return-client-request-id": "true"
      },
      "RequestBody": null,
      "StatusCode": 200,
      "ResponseHeaders": {
        "Cache-Control": "no-cache",
        "Content-Length": "399",
        "Content-Type": "application/json; charset=utf-8",
        "Date": "Tue, 21 Mar 2023 13:23:55 GMT",
        "Expires": "-1",
        "Pragma": "no-cache",
        "Strict-Transport-Security": "max-age=31536000; includeSubDomains",
        "X-Cache": "CONFIG_NOCACHE",
        "X-Content-Type-Options": "nosniff",
        "x-ms-correlation-request-id": "f442e528-4d3d-46ec-9cab-0e3fbd3c82d4",
        "x-ms-ratelimit-remaining-subscription-reads": "14962",
        "x-ms-request-id": "f442e528-4d3d-46ec-9cab-0e3fbd3c82d4",
        "x-ms-routing-request-id": "CENTRALUS:20230321T132355Z:f442e528-4d3d-46ec-9cab-0e3fbd3c82d4",
        "X-MSEdge-Ref": "Ref A: AD8A971F081348A490AC6205F154AFC4 Ref B: STBEDGE0506 Ref C: 2023-03-21T13:23:55Z"
      },
      "ResponseBody": {
        "id": "/subscriptions/ce1bff77-08c1-4199-b7a5-52194a42b6ce",
        "authorizationSource": "RoleBased",
        "managedByTenants": [],
        "subscriptionId": "ce1bff77-08c1-4199-b7a5-52194a42b6ce",
        "tenantId": "f686d426-8d16-42db-81b7-ab578e110ccd",
        "displayName": "ACS Dogfood Int Env",
        "state": "Enabled",
        "subscriptionPolicies": {
          "locationPlacementId": "Public_2014-09-01",
          "quotaId": "PayAsYouGo_2014-09-01",
          "spendingLimit": "Off"
        }
      }
    },
    {
      "RequestUri": "https://api-dogfood.resources.windows-int.net/subscriptions/ce1bff77-08c1-4199-b7a5-52194a42b6ce/providers/Microsoft.Resources?api-version=**",
      "RequestMethod": "GET",
      "RequestHeaders": {
        "Accept": "application/json",
        "Authorization": "Sanitized",
        "traceparent": "00-576cfc74b9136f945cdf174ced5bf8f0-d6e1d55bc180cdae-00",
        "User-Agent": "azsdk-net-ResourceManager/1.4.0 (.NET 6.0.15; Microsoft Windows 10.0.22621)",
        "x-ms-client-request-id": "12e52054025b8b456e843c08d15c30e2",
        "x-ms-return-client-request-id": "true"
      },
      "RequestBody": null,
      "StatusCode": 200,
      "ResponseHeaders": {
        "Cache-Control": "no-cache",
        "Content-Length": "8232",
        "Content-Type": "application/json; charset=utf-8",
        "Date": "Tue, 21 Mar 2023 13:23:55 GMT",
        "Expires": "-1",
        "Pragma": "no-cache",
        "Strict-Transport-Security": "max-age=31536000; includeSubDomains",
        "X-Cache": "CONFIG_NOCACHE",
        "X-Content-Type-Options": "nosniff",
        "x-ms-correlation-request-id": "4a9f2fe3-9561-4b46-871a-2a8b075741c9",
        "x-ms-ratelimit-remaining-subscription-reads": "14991",
        "x-ms-request-id": "4a9f2fe3-9561-4b46-871a-2a8b075741c9",
        "x-ms-routing-request-id": "CENTRALUS:20230321T132356Z:4a9f2fe3-9561-4b46-871a-2a8b075741c9",
        "X-MSEdge-Ref": "Ref A: 8AB3C3792C2442B9A6021B2C7D176D30 Ref B: STBEDGE0506 Ref C: 2023-03-21T13:23:56Z"
      },
      "ResponseBody": {
        "id": "/subscriptions/ce1bff77-08c1-4199-b7a5-52194a42b6ce/providers/Microsoft.Resources",
        "namespace": "Microsoft.Resources",
        "authorizations": [
          {
            "applicationId": "12a98b7b-dd08-49c0-94b6-4b1b48909d02"
          },
          {
            "applicationId": "3b990c8b-9607-4c2a-8b04-1d41985facca"
          }
        ],
        "resourceTypes": [
          {
            "resourceType": "tagnamespaces",
            "locations": [
              "Australia Central",
              "Australia Central 2",
              "Australia East",
              "Australia Southeast",
              "Brazil South",
              "Brazil Southeast",
              "Canada Central",
              "Canada East",
              "Central India",
              "Central US",
              "Central US EUAP",
              "East Asia",
              "East US",
              "East US 2",
              "East US 2 EUAP",
              "East US SLV",
              "Israel Central",
              "Japan East",
              "Japan West",
              "Korea Central",
              "Korea South",
              "North Central US",
              "Qatar Central",
              "South Africa North",
              "South Africa West",
              "South Central US",
              "South India",
              "Southeast Asia",
              "Taiwan North",
              "UAE Central",
              "UAE North",
              "West Central US",
              "West India",
              "West US",
              "West US 2",
              "West US 3",
              "France Central",
              "France South",
              "Germany North",
              "Germany West Central",
              "Italy North",
              "North Europe",
              "Norway East",
              "Norway West",
              "Poland Central",
              "Sweden South",
              "Sweden Central",
              "Switzerland West",
              "Switzerland North",
              "West Europe",
              "UK South",
              "UK West"
            ],
            "apiVersions": [
              "2023-03-31"
            ],
            "capabilities": "SupportsExtension"
          },
          {
            "resourceType": "tagNamespaceOperationResults",
            "locations": [],
            "apiVersions": [
              "2023-03-31"
            ],
            "capabilities": "None"
          },
          {
            "resourceType": "templateSpecs",
            "locations": [
              "East US",
              "East US 2",
              "West Central US",
              "West US",
              "West US 2",
              "Central US"
            ],
            "apiVersions": [
              "2022-02-01",
              "2021-05-01",
              "2021-03-01-preview",
              "2019-06-01-preview"
            ],
            "capabilities": "CrossResourceGroupResourceMove, CrossSubscriptionResourceMove, SupportsTags, SupportsLocation"
          },
          {
            "resourceType": "templateSpecs/versions",
            "locations": [
              "East US",
              "East US 2",
              "West Central US",
              "West US",
              "West US 2",
              "Central US"
            ],
            "apiVersions": [
              "2022-02-01",
              "2021-05-01",
              "2021-03-01-preview",
              "2019-06-01-preview"
            ],
            "capabilities": "CrossResourceGroupResourceMove, CrossSubscriptionResourceMove, SupportsTags, SupportsLocation"
          },
          {
            "resourceType": "builtInTemplateSpecs",
            "locations": [],
            "apiVersions": [
              "2022-02-01"
            ],
            "capabilities": "None"
          },
          {
            "resourceType": "builtInTemplateSpecs/versions",
            "locations": [],
            "apiVersions": [
              "2022-02-01"
            ],
            "capabilities": "None"
          },
          {
            "resourceType": "deploymentStacks",
            "locations": [
              "East US",
              "East US 2",
              "East US 2 EUAP",
              "West Central US",
              "West US",
              "West US 2",
              "Central US"
            ],
            "apiVersions": [
              "2023-04-01-preview",
              "2022-08-01-preview",
              "2021-05-01-preview"
            ],
            "capabilities": "SupportsExtension"
          },
          {
            "resourceType": "deploymentStacks/snapshots",
            "locations": [
              "East US",
              "East US 2",
              "East US 2 EUAP",
              "West Central US",
              "West US",
              "West US 2",
              "Central US"
            ],
            "apiVersions": [
              "2023-04-01-preview",
              "2022-08-01-preview",
              "2021-05-01-preview"
            ],
            "capabilities": "None"
          },
          {
            "resourceType": "locations/deploymentStackOperationStatus",
            "locations": [
              "East US",
              "East US 2",
              "East US 2 EUAP",
              "West Central US",
              "West US",
              "West US 2",
              "Central US"
            ],
            "apiVersions": [
              "2023-04-01-preview",
              "2022-08-01-preview",
              "2021-05-01-preview"
            ],
            "capabilities": "None"
          },
          {
            "resourceType": "boundaries",
            "locations": [],
            "apiVersions": [
              "2021-09-01-preview"
            ],
            "capabilities": "SupportsExtension"
          },
          {
            "resourceType": "notifyResourceJobs",
            "locations": [],
            "apiVersions": [
              "2019-09-01",
              "2019-05-01",
              "2019-04-01",
              "2019-03-01",
              "2018-11-01",
              "2018-09-01",
              "2018-08-01",
              "2018-07-01",
              "2018-05-01",
              "2018-02-01",
              "2015-01-01",
              "2014-04-01-preview"
            ],
            "capabilities": "None"
          },
          {
            "resourceType": "tenants",
            "locations": [],
            "apiVersions": [
              "2018-05-01",
              "2015-01-01",
              "2014-04-01-preview"
            ],
            "capabilities": "None"
          },
          {
            "resourceType": "locations",
            "locations": [],
            "apiVersions": [
              "2018-05-01",
              "2016-06-01",
              "2016-02-01",
              "2015-11-01",
              "2015-01-01",
              "2014-04-01-preview"
            ],
            "capabilities": "None"
          },
          {
            "resourceType": "providers",
            "locations": [],
            "apiVersions": [
              "2018-05-01",
              "2015-01-01",
              "2014-04-01-preview"
            ],
            "capabilities": "None"
          },
          {
            "resourceType": "checkresourcename",
            "locations": [],
            "apiVersions": [
              "2018-05-01",
              "2015-01-01",
              "2014-04-01-preview"
            ],
            "capabilities": "None"
          },
          {
            "resourceType": "calculateTemplateHash",
            "locations": [],
            "apiVersions": [
              "2018-05-01",
              "2015-01-01",
              "2014-04-01-preview"
            ],
            "capabilities": "None"
          },
          {
            "resourceType": "checkPolicyCompliance",
            "locations": [],
            "apiVersions": [
              "2018-05-01",
              "2015-01-01",
              "2014-04-01-preview"
            ],
            "capabilities": "None"
          },
          {
            "resourceType": "checkPolicyCompliance",
            "locations": [],
            "apiVersions": [
              "2018-05-01",
              "2015-01-01",
              "2014-04-01-preview"
            ],
            "capabilities": "None"
          },
          {
            "resourceType": "subscriptions",
            "locations": [],
            "apiVersions": [
              "2018-05-01",
              "2015-01-01",
              "2014-04-01-preview"
            ],
            "capabilities": "None"
          },
          {
            "resourceType": "subscriptions/resources",
            "locations": [],
            "apiVersions": [
              "2018-05-01",
              "2015-01-01",
              "2014-04-01-preview"
            ],
            "capabilities": "None"
          },
          {
            "resourceType": "subscriptions/providers",
            "locations": [],
            "apiVersions": [
              "2018-05-01",
              "2015-01-01",
              "2014-04-01-preview"
            ],
            "capabilities": "None"
          },
          {
            "resourceType": "operationresults",
            "locations": [],
            "apiVersions": [
              "2018-05-01",
              "2015-01-01",
              "2014-04-01-preview"
            ],
            "capabilities": "None"
          },
          {
            "resourceType": "tags",
            "locations": [],
            "apiVersions": [
              "2018-05-01",
              "2015-01-01",
              "2014-04-01-preview"
            ],
            "capabilities": "None"
          },
          {
            "resourceType": "resourceGroups",
            "locations": [
              "East Asia",
              "Southeast Asia",
              "East US",
              "East US 2",
              "West US",
              "West US 2",
              "West US 3",
              "Central US",
              "North Central US",
              "South Central US",
              "North Europe",
              "West Europe",
              "Japan East",
              "Japan West",
              "Brazil South",
              "Australia Southeast",
              "Australia East"
            ],
            "apiVersions": [
              "2018-05-01",
              "2015-01-01",
              "2014-04-01-preview"
            ],
            "capabilities": "SupportsLocation"
          },
          {
            "resourceType": "subscriptions/resourceGroups",
            "locations": [
              "East Asia",
              "Southeast Asia",
              "East US",
              "East US 2",
              "West US",
              "West US 2",
              "West US 3",
              "Central US",
              "North Central US",
              "South Central US",
              "North Europe",
              "West Europe",
              "Japan East",
              "Japan West",
              "Brazil South",
              "Australia Southeast",
              "Australia East"
            ],
            "apiVersions": [
              "2018-05-01",
              "2015-01-01",
              "2014-04-01-preview"
            ],
            "capabilities": "SupportsLocation"
          },
          {
            "resourceType": "subscriptions/resourcegroups/resources",
            "locations": [],
            "apiVersions": [
              "2018-05-01",
              "2015-01-01",
              "2014-04-01-preview"
            ],
            "capabilities": "None"
          },
          {
            "resourceType": "subscriptions/locations",
            "locations": [],
            "apiVersions": [
              "2018-05-01",
              "2015-01-01",
              "2014-04-01-preview"
            ],
            "capabilities": "None"
          },
          {
            "resourceType": "tags",
            "locations": [],
            "apiVersions": [
              "2019-10-01",
              "2019-05-01",
              "2019-04-01",
              "2019-03-01",
              "2018-11-01"
            ],
            "capabilities": "SupportsExtension"
          },
          {
            "resourceType": "subscriptions/tagnames",
            "locations": [],
            "apiVersions": [
              "2018-05-01",
              "2015-01-01",
              "2014-04-01-preview"
            ],
            "capabilities": "None"
          },
          {
            "resourceType": "subscriptions/tagNames/tagValues",
            "locations": [],
            "apiVersions": [
              "2018-05-01",
              "2015-01-01",
              "2014-04-01-preview"
            ],
            "capabilities": "None"
          },
          {
            "resourceType": "links",
            "locations": [],
            "apiVersions": [
              "2018-05-01",
              "2015-01-01",
              "2014-04-01-preview"
            ],
            "capabilities": "SupportsExtension"
          },
          {
            "resourceType": "deployments",
            "locations": [
              "East US",
              "East US 2",
              "East US 2 EUAP",
              "West Central US",
              "West US",
              "West US 2"
            ],
            "apiVersions": [
              "2021-04-01",
              "2021-01-01",
              "2020-10-01",
              "2020-06-01",
              "2019-08-01",
              "2018-05-01",
              "2016-02-01",
              "2015-11-01",
              "2015-01-01",
              "2014-04-01-preview"
            ],
            "capabilities": "SupportsTags, SupportsExtension"
          },
          {
            "resourceType": "deployments/operations",
            "locations": [
              "East US",
              "East US 2",
              "East US 2 EUAP",
              "West Central US",
              "West US",
              "West US 2"
            ],
            "apiVersions": [
              "2021-04-01",
              "2021-01-01",
              "2020-10-01",
              "2020-06-01",
              "2019-08-01",
              "2018-05-01",
              "2016-02-01",
              "2015-11-01",
              "2015-01-01",
              "2014-04-01-preview"
            ],
            "capabilities": "None"
          },
          {
            "resourceType": "locations/deploymentStatuses",
            "locations": [
              "East US",
              "East US 2",
              "East US 2 EUAP",
              "West Central US",
              "West US",
              "West US 2"
            ],
            "apiVersions": [
              "2021-04-01",
              "2021-01-01",
              "2020-10-01",
              "2020-06-01",
              "2019-08-01",
              "2018-05-01",
              "2016-02-01",
              "2015-11-01",
              "2015-01-01",
              "2014-04-01-preview"
            ],
            "capabilities": "None"
          },
          {
            "resourceType": "validateResources",
            "locations": [],
            "apiVersions": [
              "2022-06-01"
            ],
            "capabilities": "None"
          },
          {
            "resourceType": "operations",
            "locations": [],
            "apiVersions": [
              "2015-01-01"
            ],
            "capabilities": "None"
          },
          {
            "resourceType": "changes",
            "locations": [],
            "apiVersions": [
              "2023-03-31",
              "2022-05-01",
              "2022-03-01-preview"
            ],
            "capabilities": "SupportsExtension"
          }
        ],
        "registrationState": "Registered",
        "registrationPolicy": "RegistrationFree"
      }
    },
    {
      "RequestUri": "https://api-dogfood.resources.windows-int.net/subscriptions/ce1bff77-08c1-4199-b7a5-52194a42b6ce/resourceGroups/Communication-RG-132/providers/Microsoft.Communication/communicationServices/communication-service-3730/providers/Microsoft.Resources/tags/default?api-version=**",
      "RequestMethod": "GET",
      "RequestHeaders": {
        "Accept": "application/json",
        "Authorization": "Sanitized",
        "traceparent": "00-576cfc74b9136f945cdf174ced5bf8f0-e1388bba920d2410-00",
        "User-Agent": "azsdk-net-ResourceManager/1.4.0 (.NET 6.0.15; Microsoft Windows 10.0.22621)",
        "x-ms-client-request-id": "a864a2c146244067b2bec91bb074066e",
        "x-ms-return-client-request-id": "true"
      },
      "RequestBody": null,
      "StatusCode": 200,
      "ResponseHeaders": {
        "Cache-Control": "no-cache",
        "Content-Length": "298",
        "Content-Type": "application/json; charset=utf-8",
        "Date": "Tue, 21 Mar 2023 13:23:55 GMT",
        "Expires": "-1",
        "Pragma": "no-cache",
        "Strict-Transport-Security": "max-age=31536000; includeSubDomains",
        "X-Cache": "CONFIG_NOCACHE",
        "X-Content-Type-Options": "nosniff",
        "x-ms-correlation-request-id": "5bfe535d-9dc0-43cd-94bc-7cc85e1fbda4",
        "x-ms-ratelimit-remaining-subscription-reads": "14961",
        "x-ms-request-id": "5bfe535d-9dc0-43cd-94bc-7cc85e1fbda4",
        "x-ms-routing-request-id": "CENTRALUS:20230321T132356Z:5bfe535d-9dc0-43cd-94bc-7cc85e1fbda4",
        "X-MSEdge-Ref": "Ref A: 7E75DF56B9694DFB920AF8D7E02D62C8 Ref B: STBEDGE0506 Ref C: 2023-03-21T13:23:56Z"
      },
      "ResponseBody": {
        "id": "/subscriptions/ce1bff77-08c1-4199-b7a5-52194a42b6ce/resourceGroups/Communication-RG-132/providers/Microsoft.Communication/CommunicationServices/communication-service-3730/providers/Microsoft.Resources/tags/default",
        "name": "default",
        "type": "Microsoft.Resources/tags",
        "properties": {
          "tags": {}
        }
      }
    },
    {
      "RequestUri": "https://api-dogfood.resources.windows-int.net/subscriptions/ce1bff77-08c1-4199-b7a5-52194a42b6ce/resourceGroups/Communication-RG-132/providers/Microsoft.Communication/communicationServices/communication-service-3730/providers/Microsoft.Resources/tags/default?api-version=**",
      "RequestMethod": "PUT",
      "RequestHeaders": {
        "Accept": "application/json",
        "Authorization": "Sanitized",
        "Content-Length": "47",
        "Content-Type": "application/json",
        "traceparent": "00-576cfc74b9136f945cdf174ced5bf8f0-0b4fbb59021a7143-00",
        "User-Agent": "azsdk-net-ResourceManager/1.4.0 (.NET 6.0.15; Microsoft Windows 10.0.22621)",
        "x-ms-client-request-id": "1e05f6167acc0bd312804a3ce2b0e45c",
        "x-ms-return-client-request-id": "true"
      },
      "RequestBody": {
        "properties": {
          "tags": {
            "testkey": "testvalue"
          }
        }
      },
      "StatusCode": 200,
      "ResponseHeaders": {
        "Cache-Control": "no-cache",
        "Content-Length": "319",
        "Content-Type": "application/json; charset=utf-8",
        "Date": "Tue, 21 Mar 2023 13:23:56 GMT",
        "Expires": "-1",
        "Pragma": "no-cache",
        "Strict-Transport-Security": "max-age=31536000; includeSubDomains",
        "X-Cache": "CONFIG_NOCACHE",
        "X-Content-Type-Options": "nosniff",
        "x-ms-correlation-request-id": "8c671d94-f8fd-4d5e-a664-444360c0e3de",
        "x-ms-ratelimit-remaining-subscription-writes": "1199",
        "x-ms-request-id": "8c671d94-f8fd-4d5e-a664-444360c0e3de",
        "x-ms-routing-request-id": "CENTRALUS:20230321T132357Z:8c671d94-f8fd-4d5e-a664-444360c0e3de",
        "X-MSEdge-Ref": "Ref A: 5540CFB7A8F1435C9FAE3E8C4BC496CC Ref B: STBEDGE0506 Ref C: 2023-03-21T13:23:56Z"
      },
      "ResponseBody": {
        "id": "/subscriptions/ce1bff77-08c1-4199-b7a5-52194a42b6ce/resourceGroups/Communication-RG-132/providers/Microsoft.Communication/CommunicationServices/communication-service-3730/providers/Microsoft.Resources/tags/default",
        "name": "default",
        "type": "Microsoft.Resources/tags",
        "properties": {
          "tags": {
            "testkey": "testvalue"
          }
        }
      }
    },
    {
      "RequestUri": "https://api-dogfood.resources.windows-int.net/subscriptions/ce1bff77-08c1-4199-b7a5-52194a42b6ce/resourceGroups/Communication-RG-132/providers/Microsoft.Communication/communicationServices/communication-service-3730?api-version=2023-03-31",
      "RequestMethod": "GET",
      "RequestHeaders": {
        "Accept": "application/json",
        "Authorization": "Sanitized",
        "traceparent": "00-576cfc74b9136f945cdf174ced5bf8f0-713986a11529aa55-00",
        "User-Agent": "azsdk-net-ResourceManager.Communication/1.1.0-alpha.20230321.1 (.NET 6.0.15; Microsoft Windows 10.0.22621)",
        "x-ms-client-request-id": "daf2cd7e11574615ce5896a4fb2b5d01",
        "x-ms-return-client-request-id": "true"
      },
      "RequestBody": null,
      "StatusCode": 200,
      "ResponseHeaders": {
        "Cache-Control": "no-cache",
        "Content-Length": "804",
        "Content-Type": "application/json; charset=utf-8",
        "Date": "Tue, 21 Mar 2023 13:23:56 GMT",
        "ETag": "\u00224301b0b5-0000-0700-0000-6419afec0000\u0022",
        "Expires": "-1",
        "Pragma": "no-cache",
        "Strict-Transport-Security": "max-age=31536000; includeSubDomains",
        "X-Cache": "CONFIG_NOCACHE",
        "X-Content-Type-Options": "nosniff",
        "x-ms-client-request-id": "daf2cd7e11574615ce5896a4fb2b5d01",
        "x-ms-correlation-request-id": "3f16bb2c-b22c-40aa-9af0-b244d308385a",
        "x-ms-providerhub-traffic": "True",
        "x-ms-ratelimit-remaining-subscription-reads": "14960",
        "x-ms-request-id": "298e34be-92de-474a-afee-ffe6d6088e4f",
        "x-ms-routing-request-id": "CENTRALUS:20230321T132357Z:3f16bb2c-b22c-40aa-9af0-b244d308385a",
        "X-MSEdge-Ref": "Ref A: 297A21268C8445A3B6BFAB3A154484B6 Ref B: STBEDGE0506 Ref C: 2023-03-21T13:23:57Z"
      },
      "ResponseBody": {
        "id": "/subscriptions/ce1bff77-08c1-4199-b7a5-52194a42b6ce/resourceGroups/Communication-RG-132/providers/Microsoft.Communication/communicationServices/communication-service-3730",
        "name": "communication-service-3730",
        "type": "microsoft.communication/communicationservices",
        "location": "global",
        "tags": {
          "testkey": "testvalue"
        },
        "systemData": {
          "createdBy": "dd5e080b-9821-4976-9ab1-c95d8cc8eafa",
          "createdByType": "Application",
          "createdAt": "2023-03-21T13:22:15.870952Z",
          "lastModifiedBy": "dd5e080b-9821-4976-9ab1-c95d8cc8eafa",
          "lastModifiedByType": "Application",
          "lastModifiedAt": "2023-03-21T13:23:56.4581098Z"
        },
        "properties": {
          "hostName": "communication-service-3730.int.communication.azure.net",
          "immutableResourceId": "a783b007-a043-43a8-a34c-06266aef046b",
          "dataLocation": "UnitedStates",
          "provisioningState": "Succeeded"
        }
      }
    },
    {
      "RequestUri": "https://api-dogfood.resources.windows-int.net/subscriptions/ce1bff77-08c1-4199-b7a5-52194a42b6ce/resourceGroups/Communication-RG-132/providers/Microsoft.Communication/communicationServices/communication-service-3730?api-version=2023-03-31",
      "RequestMethod": "GET",
      "RequestHeaders": {
        "Accept": "application/json",
        "Authorization": "Sanitized",
        "traceparent": "00-f0e1d229afe715740934847b6f8b07fd-78529a009a333b11-00",
        "User-Agent": "azsdk-net-ResourceManager.Communication/1.1.0-alpha.20230321.1 (.NET 6.0.15; Microsoft Windows 10.0.22621)",
        "x-ms-client-request-id": "6c8d6cdaa21f67aed3f765271a35d2e8",
        "x-ms-return-client-request-id": "true"
      },
      "RequestBody": null,
      "StatusCode": 200,
      "ResponseHeaders": {
        "Cache-Control": "no-cache",
        "Content-Length": "804",
        "Content-Type": "application/json; charset=utf-8",
        "Date": "Tue, 21 Mar 2023 13:23:56 GMT",
        "ETag": "\u00224301b0b5-0000-0700-0000-6419afec0000\u0022",
        "Expires": "-1",
        "Pragma": "no-cache",
        "Strict-Transport-Security": "max-age=31536000; includeSubDomains",
        "X-Cache": "CONFIG_NOCACHE",
        "X-Content-Type-Options": "nosniff",
        "x-ms-client-request-id": "6c8d6cdaa21f67aed3f765271a35d2e8",
        "x-ms-correlation-request-id": "d60818d4-28f7-47d8-bd0f-fe48e20872fa",
        "x-ms-providerhub-traffic": "True",
        "x-ms-ratelimit-remaining-subscription-reads": "14990",
        "x-ms-request-id": "ff63587f-afe3-4502-b1db-50a76a83870b",
        "x-ms-routing-request-id": "CENTRALUS:20230321T132357Z:d60818d4-28f7-47d8-bd0f-fe48e20872fa",
        "X-MSEdge-Ref": "Ref A: A34E7EA881E2409D957A9E735022E38B Ref B: STBEDGE0506 Ref C: 2023-03-21T13:23:57Z"
      },
      "ResponseBody": {
        "id": "/subscriptions/ce1bff77-08c1-4199-b7a5-52194a42b6ce/resourceGroups/Communication-RG-132/providers/Microsoft.Communication/communicationServices/communication-service-3730",
        "name": "communication-service-3730",
        "type": "microsoft.communication/communicationservices",
        "location": "global",
        "tags": {
          "testkey": "testvalue"
        },
        "systemData": {
          "createdBy": "dd5e080b-9821-4976-9ab1-c95d8cc8eafa",
          "createdByType": "Application",
          "createdAt": "2023-03-21T13:22:15.870952Z",
          "lastModifiedBy": "dd5e080b-9821-4976-9ab1-c95d8cc8eafa",
          "lastModifiedByType": "Application",
          "lastModifiedAt": "2023-03-21T13:23:56.4581098Z"
        },
        "properties": {
          "hostName": "communication-service-3730.int.communication.azure.net",
          "immutableResourceId": "a783b007-a043-43a8-a34c-06266aef046b",
          "dataLocation": "UnitedStates",
          "provisioningState": "Succeeded"
        }
      }
    },
    {
      "RequestUri": "https://api-dogfood.resources.windows-int.net/subscriptions/ce1bff77-08c1-4199-b7a5-52194a42b6ce/resourceGroups/Communication-RG-132/providers/Microsoft.Communication/communicationServices?api-version=2023-03-31",
      "RequestMethod": "GET",
      "RequestHeaders": {
        "Accept": "application/json",
        "Authorization": "Sanitized",
        "traceparent": "00-60457e05ef9b95a34181347d16e9b0ad-2530d40f619fa91e-00",
        "User-Agent": "azsdk-net-ResourceManager.Communication/1.1.0-alpha.20230321.1 (.NET 6.0.15; Microsoft Windows 10.0.22621)",
        "x-ms-client-request-id": "14bd51a509be7c052f0f9567187f128d",
        "x-ms-return-client-request-id": "true"
      },
      "RequestBody": null,
      "StatusCode": 200,
      "ResponseHeaders": {
        "Cache-Control": "no-cache",
        "Content-Length": "816",
        "Content-Type": "application/json; charset=utf-8",
        "Date": "Tue, 21 Mar 2023 13:23:56 GMT",
        "Expires": "-1",
        "Pragma": "no-cache",
        "Strict-Transport-Security": "max-age=31536000; includeSubDomains",
        "X-Cache": "CONFIG_NOCACHE",
        "X-Content-Type-Options": "nosniff",
        "x-ms-client-request-id": "14bd51a509be7c052f0f9567187f128d",
        "x-ms-correlation-request-id": "0319c869-252b-42ef-968e-9704d9a10b6b",
        "x-ms-providerhub-traffic": "True",
        "x-ms-ratelimit-remaining-subscription-reads": "14959",
        "x-ms-request-id": "41e20b67-f998-4de1-8f87-3973c334a769",
        "x-ms-routing-request-id": "CENTRALUS:20230321T132357Z:0319c869-252b-42ef-968e-9704d9a10b6b",
        "X-MSEdge-Ref": "Ref A: 4E331FB5C8AA4512AC8560A5AAAA3BEF Ref B: STBEDGE0506 Ref C: 2023-03-21T13:23:57Z"
      },
      "ResponseBody": {
        "value": [
          {
            "id": "/subscriptions/ce1bff77-08c1-4199-b7a5-52194a42b6ce/resourceGroups/Communication-RG-132/providers/Microsoft.Communication/communicationServices/communication-service-3730",
            "name": "communication-service-3730",
            "type": "microsoft.communication/communicationservices",
            "location": "global",
            "tags": {
              "testkey": "testvalue"
            },
            "systemData": {
              "createdBy": "dd5e080b-9821-4976-9ab1-c95d8cc8eafa",
              "createdByType": "Application",
              "createdAt": "2023-03-21T13:22:15.870952Z",
              "lastModifiedBy": "dd5e080b-9821-4976-9ab1-c95d8cc8eafa",
              "lastModifiedByType": "Application",
              "lastModifiedAt": "2023-03-21T13:23:56.4581098Z"
            },
            "properties": {
              "hostName": "communication-service-3730.int.communication.azure.net",
              "immutableResourceId": "a783b007-a043-43a8-a34c-06266aef046b",
              "dataLocation": "UnitedStates",
              "provisioningState": "Succeeded"
            }
          }
        ]
      }
    },
    {
      "RequestUri": "https://api-dogfood.resources.windows-int.net/subscriptions/ce1bff77-08c1-4199-b7a5-52194a42b6ce/resourceGroups/Communication-RG-132/providers/Microsoft.Communication/communicationServices/communication-service-3730?api-version=2023-03-31",
      "RequestMethod": "DELETE",
      "RequestHeaders": {
        "Accept": "application/json",
        "Authorization": "Sanitized",
        "traceparent": "00-33b3df4a46bb1003b2e8bbe9939ef621-07843172f8d8b678-00",
        "User-Agent": "azsdk-net-ResourceManager.Communication/1.1.0-alpha.20230321.1 (.NET 6.0.15; Microsoft Windows 10.0.22621)",
        "x-ms-client-request-id": "ccc35e476e9cdcda1f8a0760abee2c99",
        "x-ms-return-client-request-id": "true"
      },
      "RequestBody": null,
      "StatusCode": 202,
      "ResponseHeaders": {
        "Azure-AsyncNotification": "Enabled",
        "Azure-AsyncOperation": "https://api-dogfood.resources.windows-int.net/subscriptions/ce1bff77-08c1-4199-b7a5-52194a42b6ce/providers/Microsoft.Communication/locations/CENTRALUS/operationStatuses/00613e48-ef2c-440c-83b4-a17915017784*B685932BE207201DA5C3EF6B4DFCC1F69BDA154A02613F9E0411A3DC3869A983?api-version=2023-03-31",
        "Cache-Control": "no-cache",
        "Content-Length": "4",
        "Content-Type": "application/json; charset=utf-8",
        "Date": "Tue, 21 Mar 2023 13:23:57 GMT",
        "ETag": "\u00224301dab5-0000-0700-0000-6419afee0000\u0022",
        "Expires": "-1",
        "Location": "https://api-dogfood.resources.windows-int.net/subscriptions/ce1bff77-08c1-4199-b7a5-52194a42b6ce/providers/Microsoft.Communication/locations/CENTRALUS/operationStatuses/00613e48-ef2c-440c-83b4-a17915017784*B685932BE207201DA5C3EF6B4DFCC1F69BDA154A02613F9E0411A3DC3869A983?api-version=2023-03-31",
        "Pragma": "no-cache",
        "Strict-Transport-Security": "max-age=31536000; includeSubDomains",
        "X-Cache": "CONFIG_NOCACHE",
        "X-Content-Type-Options": "nosniff",
        "x-ms-client-request-id": "ccc35e476e9cdcda1f8a0760abee2c99",
        "x-ms-correlation-request-id": "a53e4697-9e54-43c5-81a5-8248046e8459",
        "x-ms-providerhub-traffic": "True",
        "x-ms-ratelimit-remaining-subscription-deletes": "14999",
        "x-ms-request-id": "00613e48-ef2c-440c-83b4-a17915017784",
        "x-ms-resource-provider-hint": "noPolling",
        "x-ms-routing-request-id": "CENTRALUS:20230321T132358Z:a53e4697-9e54-43c5-81a5-8248046e8459",
        "X-MSEdge-Ref": "Ref A: 4A9A2EC61A4C4A87B7FD7D19B01A4C59 Ref B: STBEDGE0506 Ref C: 2023-03-21T13:23:57Z"
      },
      "ResponseBody": "null"
    },
    {
      "RequestUri": "https://api-dogfood.resources.windows-int.net/subscriptions/ce1bff77-08c1-4199-b7a5-52194a42b6ce/providers/Microsoft.Communication/locations/CENTRALUS/operationStatuses/00613e48-ef2c-440c-83b4-a17915017784*B685932BE207201DA5C3EF6B4DFCC1F69BDA154A02613F9E0411A3DC3869A983?api-version=2023-03-31",
      "RequestMethod": "GET",
      "RequestHeaders": {
        "Authorization": "Sanitized",
        "traceparent": "00-33b3df4a46bb1003b2e8bbe9939ef621-575d9847a4a20bf4-00",
        "User-Agent": "azsdk-net-ResourceManager/1.4.0 (.NET 6.0.15; Microsoft Windows 10.0.22621)",
        "x-ms-client-request-id": "bbdfd8e40671374b76e1f53302a5d140",
        "x-ms-return-client-request-id": "true"
      },
      "RequestBody": null,
      "StatusCode": 202,
      "ResponseHeaders": {
        "Cache-Control": "no-cache",
        "Content-Length": "594",
        "Content-Type": "application/json; charset=utf-8",
        "Date": "Tue, 21 Mar 2023 13:23:57 GMT",
        "ETag": "\u00224e042818-0000-0700-0000-6419afed0000\u0022",
        "Expires": "-1",
        "Pragma": "no-cache",
        "Strict-Transport-Security": "max-age=31536000; includeSubDomains",
        "X-Cache": "CONFIG_NOCACHE",
        "X-Content-Type-Options": "nosniff",
        "x-ms-client-request-id": "bbdfd8e40671374b76e1f53302a5d140",
        "x-ms-correlation-request-id": "5eccc8b9-a189-463f-9a7e-0383aa086981",
        "x-ms-ratelimit-remaining-subscription-reads": "14958",
        "x-ms-request-id": "ac29e582-11fb-4bda-bfe4-2cbc27431c24",
        "x-ms-routing-request-id": "CENTRALUS:20230321T132358Z:5eccc8b9-a189-463f-9a7e-0383aa086981",
        "X-MSEdge-Ref": "Ref A: 17BF6F83C9B14E56A08CF51A0BDBD2DC Ref B: STBEDGE0506 Ref C: 2023-03-21T13:23:58Z"
      },
      "ResponseBody": {
        "id": "/subscriptions/ce1bff77-08c1-4199-b7a5-52194a42b6ce/providers/Microsoft.Communication/locations/CENTRALUS/operationStatuses/00613e48-ef2c-440c-83b4-a17915017784*B685932BE207201DA5C3EF6B4DFCC1F69BDA154A02613F9E0411A3DC3869A983",
        "name": "00613e48-ef2c-440c-83b4-a17915017784*B685932BE207201DA5C3EF6B4DFCC1F69BDA154A02613F9E0411A3DC3869A983",
        "resourceId": "/subscriptions/ce1bff77-08c1-4199-b7a5-52194a42b6ce/resourceGroups/Communication-RG-132/providers/Microsoft.Communication/communicationServices/communication-service-3730",
        "status": "Deleting",
        "startTime": "2023-03-21T13:23:57.8552176Z"
      }
    },
    {
      "RequestUri": "https://api-dogfood.resources.windows-int.net/subscriptions/ce1bff77-08c1-4199-b7a5-52194a42b6ce/providers/Microsoft.Communication/locations/CENTRALUS/operationStatuses/00613e48-ef2c-440c-83b4-a17915017784*B685932BE207201DA5C3EF6B4DFCC1F69BDA154A02613F9E0411A3DC3869A983?api-version=2023-03-31",
      "RequestMethod": "GET",
      "RequestHeaders": {
        "Authorization": "Sanitized",
        "traceparent": "00-33b3df4a46bb1003b2e8bbe9939ef621-4e33478038f43d2c-00",
        "User-Agent": "azsdk-net-ResourceManager/1.4.0 (.NET 6.0.15; Microsoft Windows 10.0.22621)",
        "x-ms-client-request-id": "69e1fbe26780fe201bf3648b30cacfd7",
        "x-ms-return-client-request-id": "true"
      },
      "RequestBody": null,
      "StatusCode": 202,
      "ResponseHeaders": {
        "Cache-Control": "no-cache",
        "Content-Length": "594",
        "Content-Type": "application/json; charset=utf-8",
        "Date": "Tue, 21 Mar 2023 13:23:58 GMT",
        "ETag": "\u00224e042818-0000-0700-0000-6419afed0000\u0022",
        "Expires": "-1",
        "Pragma": "no-cache",
        "Strict-Transport-Security": "max-age=31536000; includeSubDomains",
        "X-Cache": "CONFIG_NOCACHE",
        "X-Content-Type-Options": "nosniff",
        "x-ms-client-request-id": "69e1fbe26780fe201bf3648b30cacfd7",
        "x-ms-correlation-request-id": "9c9d2dac-f85c-4f54-bb79-18d64956d13e",
        "x-ms-ratelimit-remaining-subscription-reads": "14989",
        "x-ms-request-id": "e45c0037-a04f-4d8f-ae23-ed358406b2b3",
        "x-ms-routing-request-id": "CENTRALUS:20230321T132359Z:9c9d2dac-f85c-4f54-bb79-18d64956d13e",
        "X-MSEdge-Ref": "Ref A: 47DFA579FEF24913904BAE561FFE4541 Ref B: STBEDGE0506 Ref C: 2023-03-21T13:23:59Z"
      },
      "ResponseBody": {
        "id": "/subscriptions/ce1bff77-08c1-4199-b7a5-52194a42b6ce/providers/Microsoft.Communication/locations/CENTRALUS/operationStatuses/00613e48-ef2c-440c-83b4-a17915017784*B685932BE207201DA5C3EF6B4DFCC1F69BDA154A02613F9E0411A3DC3869A983",
        "name": "00613e48-ef2c-440c-83b4-a17915017784*B685932BE207201DA5C3EF6B4DFCC1F69BDA154A02613F9E0411A3DC3869A983",
        "resourceId": "/subscriptions/ce1bff77-08c1-4199-b7a5-52194a42b6ce/resourceGroups/Communication-RG-132/providers/Microsoft.Communication/communicationServices/communication-service-3730",
        "status": "Deleting",
        "startTime": "2023-03-21T13:23:57.8552176Z"
      }
    },
    {
      "RequestUri": "https://api-dogfood.resources.windows-int.net/subscriptions/ce1bff77-08c1-4199-b7a5-52194a42b6ce/providers/Microsoft.Communication/locations/CENTRALUS/operationStatuses/00613e48-ef2c-440c-83b4-a17915017784*B685932BE207201DA5C3EF6B4DFCC1F69BDA154A02613F9E0411A3DC3869A983?api-version=2023-03-31",
      "RequestMethod": "GET",
      "RequestHeaders": {
        "Authorization": "Sanitized",
        "traceparent": "00-33b3df4a46bb1003b2e8bbe9939ef621-0c4263cb4272b524-00",
        "User-Agent": "azsdk-net-ResourceManager/1.4.0 (.NET 6.0.15; Microsoft Windows 10.0.22621)",
        "x-ms-client-request-id": "d37bb33b700e7f2762c7338b540fcec1",
        "x-ms-return-client-request-id": "true"
      },
      "RequestBody": null,
      "StatusCode": 202,
      "ResponseHeaders": {
        "Cache-Control": "no-cache",
        "Content-Length": "594",
        "Content-Type": "application/json; charset=utf-8",
        "Date": "Tue, 21 Mar 2023 13:23:59 GMT",
        "ETag": "\u00224e042818-0000-0700-0000-6419afed0000\u0022",
        "Expires": "-1",
        "Pragma": "no-cache",
        "Strict-Transport-Security": "max-age=31536000; includeSubDomains",
        "X-Cache": "CONFIG_NOCACHE",
        "X-Content-Type-Options": "nosniff",
        "x-ms-client-request-id": "d37bb33b700e7f2762c7338b540fcec1",
        "x-ms-correlation-request-id": "3e802a11-0814-4c41-b5a4-f2c3e9c5aeee",
        "x-ms-ratelimit-remaining-subscription-reads": "14957",
        "x-ms-request-id": "a2e18e43-1902-4b25-adf6-94d03d717f9a",
        "x-ms-routing-request-id": "CENTRALUS:20230321T132400Z:3e802a11-0814-4c41-b5a4-f2c3e9c5aeee",
        "X-MSEdge-Ref": "Ref A: F3A3160F6A544F55A71D7274D80FFBBA Ref B: STBEDGE0506 Ref C: 2023-03-21T13:24:00Z"
      },
      "ResponseBody": {
        "id": "/subscriptions/ce1bff77-08c1-4199-b7a5-52194a42b6ce/providers/Microsoft.Communication/locations/CENTRALUS/operationStatuses/00613e48-ef2c-440c-83b4-a17915017784*B685932BE207201DA5C3EF6B4DFCC1F69BDA154A02613F9E0411A3DC3869A983",
        "name": "00613e48-ef2c-440c-83b4-a17915017784*B685932BE207201DA5C3EF6B4DFCC1F69BDA154A02613F9E0411A3DC3869A983",
        "resourceId": "/subscriptions/ce1bff77-08c1-4199-b7a5-52194a42b6ce/resourceGroups/Communication-RG-132/providers/Microsoft.Communication/communicationServices/communication-service-3730",
        "status": "Deleting",
        "startTime": "2023-03-21T13:23:57.8552176Z"
      }
    },
    {
      "RequestUri": "https://api-dogfood.resources.windows-int.net/subscriptions/ce1bff77-08c1-4199-b7a5-52194a42b6ce/providers/Microsoft.Communication/locations/CENTRALUS/operationStatuses/00613e48-ef2c-440c-83b4-a17915017784*B685932BE207201DA5C3EF6B4DFCC1F69BDA154A02613F9E0411A3DC3869A983?api-version=2023-03-31",
      "RequestMethod": "GET",
      "RequestHeaders": {
        "Authorization": "Sanitized",
        "traceparent": "00-33b3df4a46bb1003b2e8bbe9939ef621-caf95dffaa319b29-00",
        "User-Agent": "azsdk-net-ResourceManager/1.4.0 (.NET 6.0.15; Microsoft Windows 10.0.22621)",
        "x-ms-client-request-id": "112dfc3fe5657cd3b7e1a07ea1c006ac",
        "x-ms-return-client-request-id": "true"
      },
      "RequestBody": null,
      "StatusCode": 202,
      "ResponseHeaders": {
        "Cache-Control": "no-cache",
        "Content-Length": "594",
        "Content-Type": "application/json; charset=utf-8",
        "Date": "Tue, 21 Mar 2023 13:24:00 GMT",
        "ETag": "\u00224e042818-0000-0700-0000-6419afed0000\u0022",
        "Expires": "-1",
        "Pragma": "no-cache",
        "Strict-Transport-Security": "max-age=31536000; includeSubDomains",
        "X-Cache": "CONFIG_NOCACHE",
        "X-Content-Type-Options": "nosniff",
        "x-ms-client-request-id": "112dfc3fe5657cd3b7e1a07ea1c006ac",
        "x-ms-correlation-request-id": "f77fa7ec-9661-4c6e-85cc-77cfbeb62f3e",
        "x-ms-ratelimit-remaining-subscription-reads": "14988",
        "x-ms-request-id": "bcf87591-3287-4dba-b5bc-978f67f8945e",
        "x-ms-routing-request-id": "CENTRALUS:20230321T132401Z:f77fa7ec-9661-4c6e-85cc-77cfbeb62f3e",
        "X-MSEdge-Ref": "Ref A: 6842A60A77684A6CA158F700ABF5DC89 Ref B: STBEDGE0506 Ref C: 2023-03-21T13:24:01Z"
      },
      "ResponseBody": {
        "id": "/subscriptions/ce1bff77-08c1-4199-b7a5-52194a42b6ce/providers/Microsoft.Communication/locations/CENTRALUS/operationStatuses/00613e48-ef2c-440c-83b4-a17915017784*B685932BE207201DA5C3EF6B4DFCC1F69BDA154A02613F9E0411A3DC3869A983",
        "name": "00613e48-ef2c-440c-83b4-a17915017784*B685932BE207201DA5C3EF6B4DFCC1F69BDA154A02613F9E0411A3DC3869A983",
        "resourceId": "/subscriptions/ce1bff77-08c1-4199-b7a5-52194a42b6ce/resourceGroups/Communication-RG-132/providers/Microsoft.Communication/communicationServices/communication-service-3730",
        "status": "Deleting",
        "startTime": "2023-03-21T13:23:57.8552176Z"
      }
    },
    {
      "RequestUri": "https://api-dogfood.resources.windows-int.net/subscriptions/ce1bff77-08c1-4199-b7a5-52194a42b6ce/providers/Microsoft.Communication/locations/CENTRALUS/operationStatuses/00613e48-ef2c-440c-83b4-a17915017784*B685932BE207201DA5C3EF6B4DFCC1F69BDA154A02613F9E0411A3DC3869A983?api-version=2023-03-31",
      "RequestMethod": "GET",
      "RequestHeaders": {
        "Authorization": "Sanitized",
        "traceparent": "00-33b3df4a46bb1003b2e8bbe9939ef621-2bdc022e12e11214-00",
        "User-Agent": "azsdk-net-ResourceManager/1.4.0 (.NET 6.0.15; Microsoft Windows 10.0.22621)",
        "x-ms-client-request-id": "4ef81d12fd2a7231d46207b83494aa0b",
        "x-ms-return-client-request-id": "true"
      },
      "RequestBody": null,
      "StatusCode": 202,
      "ResponseHeaders": {
        "Cache-Control": "no-cache",
        "Content-Length": "594",
        "Content-Type": "application/json; charset=utf-8",
        "Date": "Tue, 21 Mar 2023 13:24:03 GMT",
        "ETag": "\u00224e042818-0000-0700-0000-6419afed0000\u0022",
        "Expires": "-1",
        "Pragma": "no-cache",
        "Strict-Transport-Security": "max-age=31536000; includeSubDomains",
        "X-Cache": "CONFIG_NOCACHE",
        "X-Content-Type-Options": "nosniff",
        "x-ms-client-request-id": "4ef81d12fd2a7231d46207b83494aa0b",
        "x-ms-correlation-request-id": "cdb71cae-6659-4554-95bd-cc4afa947b54",
        "x-ms-ratelimit-remaining-subscription-reads": "14956",
        "x-ms-request-id": "6f387130-4ac2-4e12-b030-35d48774534d",
        "x-ms-routing-request-id": "CENTRALUS:20230321T132403Z:cdb71cae-6659-4554-95bd-cc4afa947b54",
        "X-MSEdge-Ref": "Ref A: F64095802E21422190E69A778AEE04FF Ref B: STBEDGE0506 Ref C: 2023-03-21T13:24:03Z"
      },
      "ResponseBody": {
        "id": "/subscriptions/ce1bff77-08c1-4199-b7a5-52194a42b6ce/providers/Microsoft.Communication/locations/CENTRALUS/operationStatuses/00613e48-ef2c-440c-83b4-a17915017784*B685932BE207201DA5C3EF6B4DFCC1F69BDA154A02613F9E0411A3DC3869A983",
        "name": "00613e48-ef2c-440c-83b4-a17915017784*B685932BE207201DA5C3EF6B4DFCC1F69BDA154A02613F9E0411A3DC3869A983",
        "resourceId": "/subscriptions/ce1bff77-08c1-4199-b7a5-52194a42b6ce/resourceGroups/Communication-RG-132/providers/Microsoft.Communication/communicationServices/communication-service-3730",
        "status": "Deleting",
        "startTime": "2023-03-21T13:23:57.8552176Z"
      }
    },
    {
      "RequestUri": "https://api-dogfood.resources.windows-int.net/subscriptions/ce1bff77-08c1-4199-b7a5-52194a42b6ce/providers/Microsoft.Communication/locations/CENTRALUS/operationStatuses/00613e48-ef2c-440c-83b4-a17915017784*B685932BE207201DA5C3EF6B4DFCC1F69BDA154A02613F9E0411A3DC3869A983?api-version=2023-03-31",
      "RequestMethod": "GET",
      "RequestHeaders": {
        "Authorization": "Sanitized",
        "traceparent": "00-33b3df4a46bb1003b2e8bbe9939ef621-4fd0bbf564caf911-00",
        "User-Agent": "azsdk-net-ResourceManager/1.4.0 (.NET 6.0.15; Microsoft Windows 10.0.22621)",
        "x-ms-client-request-id": "344ca225be9c5572e0fe1b2dd0a8dda2",
        "x-ms-return-client-request-id": "true"
      },
      "RequestBody": null,
      "StatusCode": 202,
      "ResponseHeaders": {
        "Cache-Control": "no-cache",
        "Content-Length": "594",
        "Content-Type": "application/json; charset=utf-8",
        "Date": "Tue, 21 Mar 2023 13:24:07 GMT",
        "ETag": "\u00224e042818-0000-0700-0000-6419afed0000\u0022",
        "Expires": "-1",
        "Pragma": "no-cache",
        "Strict-Transport-Security": "max-age=31536000; includeSubDomains",
        "X-Cache": "CONFIG_NOCACHE",
        "X-Content-Type-Options": "nosniff",
        "x-ms-client-request-id": "344ca225be9c5572e0fe1b2dd0a8dda2",
        "x-ms-correlation-request-id": "eb82bb86-9ba9-41f4-967a-330de73bea35",
        "x-ms-ratelimit-remaining-subscription-reads": "14981",
        "x-ms-request-id": "eb8d1331-422c-4409-b7e9-f08447cdd312",
        "x-ms-routing-request-id": "CENTRALUS:20230321T132408Z:eb82bb86-9ba9-41f4-967a-330de73bea35",
        "X-MSEdge-Ref": "Ref A: EE23183D40F04571AEEB2135CD614E15 Ref B: STBEDGE0506 Ref C: 2023-03-21T13:24:08Z"
      },
      "ResponseBody": {
        "id": "/subscriptions/ce1bff77-08c1-4199-b7a5-52194a42b6ce/providers/Microsoft.Communication/locations/CENTRALUS/operationStatuses/00613e48-ef2c-440c-83b4-a17915017784*B685932BE207201DA5C3EF6B4DFCC1F69BDA154A02613F9E0411A3DC3869A983",
        "name": "00613e48-ef2c-440c-83b4-a17915017784*B685932BE207201DA5C3EF6B4DFCC1F69BDA154A02613F9E0411A3DC3869A983",
        "resourceId": "/subscriptions/ce1bff77-08c1-4199-b7a5-52194a42b6ce/resourceGroups/Communication-RG-132/providers/Microsoft.Communication/communicationServices/communication-service-3730",
        "status": "Deleting",
        "startTime": "2023-03-21T13:23:57.8552176Z"
      }
    },
    {
      "RequestUri": "https://api-dogfood.resources.windows-int.net/subscriptions/ce1bff77-08c1-4199-b7a5-52194a42b6ce/providers/Microsoft.Communication/locations/CENTRALUS/operationStatuses/00613e48-ef2c-440c-83b4-a17915017784*B685932BE207201DA5C3EF6B4DFCC1F69BDA154A02613F9E0411A3DC3869A983?api-version=2023-03-31",
      "RequestMethod": "GET",
      "RequestHeaders": {
        "Authorization": "Sanitized",
        "traceparent": "00-33b3df4a46bb1003b2e8bbe9939ef621-08a676fe54a34abc-00",
        "User-Agent": "azsdk-net-ResourceManager/1.4.0 (.NET 6.0.15; Microsoft Windows 10.0.22621)",
        "x-ms-client-request-id": "367986c17f174197cabb3c03de1b4823",
        "x-ms-return-client-request-id": "true"
      },
      "RequestBody": null,
      "StatusCode": 202,
      "ResponseHeaders": {
        "Cache-Control": "no-cache",
        "Content-Length": "594",
        "Content-Type": "application/json; charset=utf-8",
        "Date": "Tue, 21 Mar 2023 13:24:15 GMT",
        "ETag": "\u00224e042818-0000-0700-0000-6419afed0000\u0022",
        "Expires": "-1",
        "Pragma": "no-cache",
        "Strict-Transport-Security": "max-age=31536000; includeSubDomains",
        "X-Cache": "CONFIG_NOCACHE",
        "X-Content-Type-Options": "nosniff",
        "x-ms-client-request-id": "367986c17f174197cabb3c03de1b4823",
        "x-ms-correlation-request-id": "13bad0ec-92a2-4fa9-880f-22c98c4a0faa",
        "x-ms-ratelimit-remaining-subscription-reads": "14954",
        "x-ms-request-id": "ea0f0864-5fd9-4549-88d3-ce11bed1f4f1",
        "x-ms-routing-request-id": "CENTRALUS:20230321T132416Z:13bad0ec-92a2-4fa9-880f-22c98c4a0faa",
        "X-MSEdge-Ref": "Ref A: 4DCEA202FD104A72B10434CDD2CF0457 Ref B: STBEDGE0506 Ref C: 2023-03-21T13:24:16Z"
      },
      "ResponseBody": {
        "id": "/subscriptions/ce1bff77-08c1-4199-b7a5-52194a42b6ce/providers/Microsoft.Communication/locations/CENTRALUS/operationStatuses/00613e48-ef2c-440c-83b4-a17915017784*B685932BE207201DA5C3EF6B4DFCC1F69BDA154A02613F9E0411A3DC3869A983",
        "name": "00613e48-ef2c-440c-83b4-a17915017784*B685932BE207201DA5C3EF6B4DFCC1F69BDA154A02613F9E0411A3DC3869A983",
        "resourceId": "/subscriptions/ce1bff77-08c1-4199-b7a5-52194a42b6ce/resourceGroups/Communication-RG-132/providers/Microsoft.Communication/communicationServices/communication-service-3730",
        "status": "Deleting",
        "startTime": "2023-03-21T13:23:57.8552176Z"
      }
    },
    {
      "RequestUri": "https://api-dogfood.resources.windows-int.net/subscriptions/ce1bff77-08c1-4199-b7a5-52194a42b6ce/providers/Microsoft.Communication/locations/CENTRALUS/operationStatuses/00613e48-ef2c-440c-83b4-a17915017784*B685932BE207201DA5C3EF6B4DFCC1F69BDA154A02613F9E0411A3DC3869A983?api-version=2023-03-31",
      "RequestMethod": "GET",
      "RequestHeaders": {
        "Authorization": "Sanitized",
        "traceparent": "00-33b3df4a46bb1003b2e8bbe9939ef621-dec908a0428f740e-00",
        "User-Agent": "azsdk-net-ResourceManager/1.4.0 (.NET 6.0.15; Microsoft Windows 10.0.22621)",
        "x-ms-client-request-id": "ff599437d274540faba26e2be204a12b",
        "x-ms-return-client-request-id": "true"
      },
      "RequestBody": null,
      "StatusCode": 202,
      "ResponseHeaders": {
        "Cache-Control": "no-cache",
        "Content-Length": "594",
        "Content-Type": "application/json; charset=utf-8",
        "Date": "Tue, 21 Mar 2023 13:24:31 GMT",
        "ETag": "\u00224e042818-0000-0700-0000-6419afed0000\u0022",
        "Expires": "-1",
        "Pragma": "no-cache",
        "Strict-Transport-Security": "max-age=31536000; includeSubDomains",
        "X-Cache": "CONFIG_NOCACHE",
        "X-Content-Type-Options": "nosniff",
        "x-ms-client-request-id": "ff599437d274540faba26e2be204a12b",
        "x-ms-correlation-request-id": "22cae7e2-9bad-48c1-ae37-6eb99231ac89",
        "x-ms-ratelimit-remaining-subscription-reads": "14977",
        "x-ms-request-id": "ce42b8ad-e0b3-44e9-b91e-2b02890b115e",
        "x-ms-routing-request-id": "CENTRALUS:20230321T132432Z:22cae7e2-9bad-48c1-ae37-6eb99231ac89",
        "X-MSEdge-Ref": "Ref A: FCE9CA88FB5841DEB6AC8168ED980B8B Ref B: STBEDGE0506 Ref C: 2023-03-21T13:24:32Z"
      },
      "ResponseBody": {
        "id": "/subscriptions/ce1bff77-08c1-4199-b7a5-52194a42b6ce/providers/Microsoft.Communication/locations/CENTRALUS/operationStatuses/00613e48-ef2c-440c-83b4-a17915017784*B685932BE207201DA5C3EF6B4DFCC1F69BDA154A02613F9E0411A3DC3869A983",
        "name": "00613e48-ef2c-440c-83b4-a17915017784*B685932BE207201DA5C3EF6B4DFCC1F69BDA154A02613F9E0411A3DC3869A983",
        "resourceId": "/subscriptions/ce1bff77-08c1-4199-b7a5-52194a42b6ce/resourceGroups/Communication-RG-132/providers/Microsoft.Communication/communicationServices/communication-service-3730",
        "status": "Deleting",
        "startTime": "2023-03-21T13:23:57.8552176Z"
      }
    },
    {
      "RequestUri": "https://api-dogfood.resources.windows-int.net/subscriptions/ce1bff77-08c1-4199-b7a5-52194a42b6ce/providers/Microsoft.Communication/locations/CENTRALUS/operationStatuses/00613e48-ef2c-440c-83b4-a17915017784*B685932BE207201DA5C3EF6B4DFCC1F69BDA154A02613F9E0411A3DC3869A983?api-version=2023-03-31",
      "RequestMethod": "GET",
      "RequestHeaders": {
        "Authorization": "Sanitized",
        "traceparent": "00-33b3df4a46bb1003b2e8bbe9939ef621-e91d898e580b8030-00",
        "User-Agent": "azsdk-net-ResourceManager/1.4.0 (.NET 6.0.15; Microsoft Windows 10.0.22621)",
        "x-ms-client-request-id": "adf66584731ba5f40b0a69e1816e77c4",
        "x-ms-return-client-request-id": "true"
      },
      "RequestBody": null,
      "StatusCode": 200,
      "ResponseHeaders": {
        "Cache-Control": "no-cache",
        "Content-Length": "613",
        "Content-Type": "application/json; charset=utf-8",
        "Date": "Tue, 21 Mar 2023 13:25:03 GMT",
        "ETag": "\u00224e043937-0000-0700-0000-6419b02f0000\u0022",
        "Expires": "-1",
        "Pragma": "no-cache",
        "Strict-Transport-Security": "max-age=31536000; includeSubDomains",
        "X-Cache": "CONFIG_NOCACHE",
        "X-Content-Type-Options": "nosniff",
        "x-ms-client-request-id": "adf66584731ba5f40b0a69e1816e77c4",
        "x-ms-correlation-request-id": "af967389-e783-425c-b50b-beec3d3eed7b",
        "x-ms-ratelimit-remaining-subscription-reads": "14976",
        "x-ms-request-id": "c2d6508c-c055-4fda-b481-dc22996e5eba",
        "x-ms-routing-request-id": "CENTRALUS:20230321T132504Z:af967389-e783-425c-b50b-beec3d3eed7b",
        "X-MSEdge-Ref": "Ref A: D96E84E22BFE4EEEA9E3EF7BB916EF0A Ref B: STBEDGE0506 Ref C: 2023-03-21T13:25:04Z"
      },
      "ResponseBody": {
        "id": "/subscriptions/ce1bff77-08c1-4199-b7a5-52194a42b6ce/providers/Microsoft.Communication/locations/CENTRALUS/operationStatuses/00613e48-ef2c-440c-83b4-a17915017784*B685932BE207201DA5C3EF6B4DFCC1F69BDA154A02613F9E0411A3DC3869A983",
        "name": "00613e48-ef2c-440c-83b4-a17915017784*B685932BE207201DA5C3EF6B4DFCC1F69BDA154A02613F9E0411A3DC3869A983",
        "resourceId": "/subscriptions/ce1bff77-08c1-4199-b7a5-52194a42b6ce/resourceGroups/Communication-RG-132/providers/Microsoft.Communication/communicationServices/communication-service-3730",
        "status": "Succeeded",
        "startTime": "2023-03-21T13:23:57.8552176Z",
        "properties": null
      }
    }
  ],
  "Variables": {
    "AZURE_AUTHORITY_HOST": "https://login.windows-ppe.net/",
    "RandomSeed": "2037290722",
    "RESOURCE_MANAGER_URL": "https://api-dogfood.resources.windows-int.net/",
    "SERVICE_MANAGEMENT_URL": "https://management.core.windows.net/",
    "SUBSCRIPTION_ID": "ce1bff77-08c1-4199-b7a5-52194a42b6ce"
  }
}
