{
  "Entries": [
    {
      "RequestUri": "https://api-dogfood.resources.windows-int.net/subscriptions/ce1bff77-08c1-4199-b7a5-52194a42b6ce/resourcegroups/Communication-RG-4078?api-version=**",
      "RequestMethod": "GET",
      "RequestHeaders": {
        "Accept": "application/json",
        "Authorization": "Sanitized",
        "traceparent": "00-ebfd5181a712103e4b8e8abae5553b0f-33a587f2b74fce1b-00",
        "User-Agent": "azsdk-net-ResourceManager/1.4.0 (.NET 6.0.15; Microsoft Windows 10.0.22621)",
        "x-ms-client-request-id": "a404856713d6335161a7adf19bec1fa0",
        "x-ms-return-client-request-id": "true"
      },
      "RequestBody": null,
      "StatusCode": 200,
      "ResponseHeaders": {
        "Cache-Control": "no-cache",
        "Content-Length": "239",
        "Content-Type": "application/json; charset=utf-8",
        "Date": "Fri, 17 Mar 2023 05:02:14 GMT",
        "Expires": "-1",
        "Pragma": "no-cache",
        "Strict-Transport-Security": "max-age=31536000; includeSubDomains",
        "X-Cache": "CONFIG_NOCACHE",
        "X-Content-Type-Options": "nosniff",
        "x-ms-correlation-request-id": "3235dc92-70a7-431c-98fa-064826eea716",
        "x-ms-ratelimit-remaining-subscription-reads": "14984",
        "x-ms-request-id": "3235dc92-70a7-431c-98fa-064826eea716",
        "x-ms-routing-request-id": "CENTRALUS:20230317T050215Z:3235dc92-70a7-431c-98fa-064826eea716",
        "X-MSEdge-Ref": "Ref A: 2F0CBC1B054745F4BB605D91CDF247D4 Ref B: STBEDGE0221 Ref C: 2023-03-17T05:02:15Z"
      },
      "ResponseBody": {
        "id": "/subscriptions/ce1bff77-08c1-4199-b7a5-52194a42b6ce/resourceGroups/Communication-RG-4078",
        "name": "Communication-RG-4078",
        "type": "Microsoft.Resources/resourceGroups",
        "location": "westus",
        "properties": {
          "provisioningState": "Succeeded"
        }
      }
    },
    {
      "RequestUri": "https://api-dogfood.resources.windows-int.net/subscriptions/ce1bff77-08c1-4199-b7a5-52194a42b6ce/resourceGroups/Communication-RG-4078/providers/Microsoft.Communication/communicationServices/communication-service-2724?api-version=2023-03-01-preview",
      "RequestMethod": "PUT",
      "RequestHeaders": {
        "Accept": "application/json",
        "Authorization": "Sanitized",
        "Content-Length": "76",
        "Content-Type": "application/json",
        "traceparent": "00-1192c0c73ae4e96edc5305f3d66aee1c-30c84b8fd4275dbc-00",
        "User-Agent": "azsdk-net-ResourceManager.Communication/1.1.0-alpha.20230316.1 (.NET 6.0.15; Microsoft Windows 10.0.22621)",
        "x-ms-client-request-id": "bd001d71976ab3ce13196c6abf5cf6f2",
        "x-ms-return-client-request-id": "true"
      },
      "RequestBody": {
        "tags": {},
        "location": "global",
        "properties": {
          "dataLocation": "UnitedStates"
        }
      },
      "StatusCode": 201,
      "ResponseHeaders": {
        "Azure-AsyncNotification": "Enabled",
        "Azure-AsyncOperation": "https://api-dogfood.resources.windows-int.net/subscriptions/ce1bff77-08c1-4199-b7a5-52194a42b6ce/providers/Microsoft.Communication/locations/CENTRALUS/operationStatuses/943ae561-3649-4bb9-83cc-93bcb34ef97c*1104573DA5A8576D95D9B007223099C53E154EB7F9C64C13B91C0E7369B253A6?api-version=2023-03-01-preview",
        "Cache-Control": "no-cache",
        "Content-Length": "655",
        "Content-Type": "application/json; charset=utf-8",
        "Date": "Fri, 17 Mar 2023 05:02:16 GMT",
        "ETag": "\u0022d80027f8-0000-0700-0000-6413f4580000\u0022",
        "Expires": "-1",
        "mise-correlation-id": "64aa3776-90d7-4eca-947d-f5b287264654",
        "Pragma": "no-cache",
        "Request-Context": "appId=",
        "Strict-Transport-Security": "max-age=31536000; includeSubDomains",
        "X-Cache": "CONFIG_NOCACHE",
        "X-Content-Type-Options": "nosniff",
        "x-ms-client-request-id": "bd001d71976ab3ce13196c6abf5cf6f2",
        "x-ms-correlation-request-id": "4bf78300-2f59-41b7-80f3-08fc7c5a9d24",
        "x-ms-providerhub-traffic": "True",
        "x-ms-ratelimit-remaining-subscription-writes": "1194",
        "x-ms-request-id": "943ae561-3649-4bb9-83cc-93bcb34ef97c",
        "x-ms-resource-provider-hint": "noPolling",
        "x-ms-routing-request-id": "CENTRALUS:20230317T050216Z:4bf78300-2f59-41b7-80f3-08fc7c5a9d24",
        "X-MSEdge-Ref": "Ref A: DD3216D62EF940D1B1C1360436BFB068 Ref B: STBEDGE0221 Ref C: 2023-03-17T05:02:15Z"
      },
      "ResponseBody": {
        "id": "/subscriptions/ce1bff77-08c1-4199-b7a5-52194a42b6ce/resourceGroups/Communication-RG-4078/providers/Microsoft.Communication/communicationServices/communication-service-2724",
        "name": "communication-service-2724",
        "type": "microsoft.communication/communicationservices",
        "location": "global",
        "tags": {},
        "systemData": {
          "createdBy": "dd5e080b-9821-4976-9ab1-c95d8cc8eafa",
          "createdByType": "Application",
          "createdAt": "2023-03-17T05:02:16.0759635Z",
          "lastModifiedBy": "dd5e080b-9821-4976-9ab1-c95d8cc8eafa",
          "lastModifiedByType": "Application",
          "lastModifiedAt": "2023-03-17T05:02:16.0759635Z"
        },
        "properties": {
          "dataLocation": "UnitedStates",
          "provisioningState": "Accepted"
        }
      }
    },
    {
      "RequestUri": "https://api-dogfood.resources.windows-int.net/subscriptions/ce1bff77-08c1-4199-b7a5-52194a42b6ce/providers/Microsoft.Communication/locations/CENTRALUS/operationStatuses/943ae561-3649-4bb9-83cc-93bcb34ef97c*1104573DA5A8576D95D9B007223099C53E154EB7F9C64C13B91C0E7369B253A6?api-version=2023-03-01-preview",
      "RequestMethod": "GET",
      "RequestHeaders": {
        "Authorization": "Sanitized",
        "traceparent": "00-1192c0c73ae4e96edc5305f3d66aee1c-668abef1fcad886e-00",
        "User-Agent": "azsdk-net-ResourceManager/1.4.0 (.NET 6.0.15; Microsoft Windows 10.0.22621)",
        "x-ms-client-request-id": "567355ef2e3eeefd35f0c3fae5c8a24a",
        "x-ms-return-client-request-id": "true"
      },
      "RequestBody": null,
      "StatusCode": 200,
      "ResponseHeaders": {
        "Cache-Control": "no-cache",
        "Content-Length": "595",
        "Content-Type": "application/json; charset=utf-8",
        "Date": "Fri, 17 Mar 2023 05:02:16 GMT",
        "ETag": "\u0022e900e4ec-0000-0700-0000-6413f4580000\u0022",
        "Expires": "-1",
        "Pragma": "no-cache",
        "Strict-Transport-Security": "max-age=31536000; includeSubDomains",
        "X-Cache": "CONFIG_NOCACHE",
        "X-Content-Type-Options": "nosniff",
        "x-ms-client-request-id": "567355ef2e3eeefd35f0c3fae5c8a24a",
        "x-ms-correlation-request-id": "20aeb272-d1b3-4008-a312-cbf9594c3e23",
        "x-ms-ratelimit-remaining-subscription-reads": "14983",
        "x-ms-request-id": "3816ede9-ca83-4312-a297-7193ad8279e3",
        "x-ms-routing-request-id": "CENTRALUS:20230317T050217Z:20aeb272-d1b3-4008-a312-cbf9594c3e23",
        "X-MSEdge-Ref": "Ref A: 5CCFA46ADE344C1DA7DCD49AD540B687 Ref B: STBEDGE0221 Ref C: 2023-03-17T05:02:16Z"
      },
      "ResponseBody": {
        "id": "/subscriptions/ce1bff77-08c1-4199-b7a5-52194a42b6ce/providers/Microsoft.Communication/locations/CENTRALUS/operationStatuses/943ae561-3649-4bb9-83cc-93bcb34ef97c*1104573DA5A8576D95D9B007223099C53E154EB7F9C64C13B91C0E7369B253A6",
        "name": "943ae561-3649-4bb9-83cc-93bcb34ef97c*1104573DA5A8576D95D9B007223099C53E154EB7F9C64C13B91C0E7369B253A6",
        "resourceId": "/subscriptions/ce1bff77-08c1-4199-b7a5-52194a42b6ce/resourceGroups/Communication-RG-4078/providers/Microsoft.Communication/communicationServices/communication-service-2724",
        "status": "Accepted",
        "startTime": "2023-03-17T05:02:16.4539786Z"
      }
    },
    {
      "RequestUri": "https://api-dogfood.resources.windows-int.net/subscriptions/ce1bff77-08c1-4199-b7a5-52194a42b6ce/providers/Microsoft.Communication/locations/CENTRALUS/operationStatuses/943ae561-3649-4bb9-83cc-93bcb34ef97c*1104573DA5A8576D95D9B007223099C53E154EB7F9C64C13B91C0E7369B253A6?api-version=2023-03-01-preview",
      "RequestMethod": "GET",
      "RequestHeaders": {
        "Authorization": "Sanitized",
        "traceparent": "00-1192c0c73ae4e96edc5305f3d66aee1c-5660fc016eeb7592-00",
        "User-Agent": "azsdk-net-ResourceManager/1.4.0 (.NET 6.0.15; Microsoft Windows 10.0.22621)",
        "x-ms-client-request-id": "e8b3ffb737ce63119d5c04d50ccca0ba",
        "x-ms-return-client-request-id": "true"
      },
      "RequestBody": null,
      "StatusCode": 200,
      "ResponseHeaders": {
        "Cache-Control": "no-cache",
        "Content-Length": "595",
        "Content-Type": "application/json; charset=utf-8",
        "Date": "Fri, 17 Mar 2023 05:02:17 GMT",
        "ETag": "\u0022e900e4ec-0000-0700-0000-6413f4580000\u0022",
        "Expires": "-1",
        "Pragma": "no-cache",
        "Strict-Transport-Security": "max-age=31536000; includeSubDomains",
        "X-Cache": "CONFIG_NOCACHE",
        "X-Content-Type-Options": "nosniff",
        "x-ms-client-request-id": "e8b3ffb737ce63119d5c04d50ccca0ba",
        "x-ms-correlation-request-id": "ac135551-cf98-4cc0-adab-c1bbb497977e",
        "x-ms-ratelimit-remaining-subscription-reads": "14938",
        "x-ms-request-id": "3f1bf222-6968-466e-8a2a-9e394b2c10e0",
        "x-ms-routing-request-id": "CENTRALUS:20230317T050218Z:ac135551-cf98-4cc0-adab-c1bbb497977e",
        "X-MSEdge-Ref": "Ref A: B2AF76BE699B45AEBE562509015CA50A Ref B: STBEDGE0221 Ref C: 2023-03-17T05:02:18Z"
      },
      "ResponseBody": {
        "id": "/subscriptions/ce1bff77-08c1-4199-b7a5-52194a42b6ce/providers/Microsoft.Communication/locations/CENTRALUS/operationStatuses/943ae561-3649-4bb9-83cc-93bcb34ef97c*1104573DA5A8576D95D9B007223099C53E154EB7F9C64C13B91C0E7369B253A6",
        "name": "943ae561-3649-4bb9-83cc-93bcb34ef97c*1104573DA5A8576D95D9B007223099C53E154EB7F9C64C13B91C0E7369B253A6",
        "resourceId": "/subscriptions/ce1bff77-08c1-4199-b7a5-52194a42b6ce/resourceGroups/Communication-RG-4078/providers/Microsoft.Communication/communicationServices/communication-service-2724",
        "status": "Accepted",
        "startTime": "2023-03-17T05:02:16.4539786Z"
      }
    },
    {
      "RequestUri": "https://api-dogfood.resources.windows-int.net/subscriptions/ce1bff77-08c1-4199-b7a5-52194a42b6ce/providers/Microsoft.Communication/locations/CENTRALUS/operationStatuses/943ae561-3649-4bb9-83cc-93bcb34ef97c*1104573DA5A8576D95D9B007223099C53E154EB7F9C64C13B91C0E7369B253A6?api-version=2023-03-01-preview",
      "RequestMethod": "GET",
      "RequestHeaders": {
        "Authorization": "Sanitized",
        "traceparent": "00-1192c0c73ae4e96edc5305f3d66aee1c-823dd60419b90744-00",
        "User-Agent": "azsdk-net-ResourceManager/1.4.0 (.NET 6.0.15; Microsoft Windows 10.0.22621)",
        "x-ms-client-request-id": "6a7ad89b9fe9b9b3066233cf4a85beef",
        "x-ms-return-client-request-id": "true"
      },
      "RequestBody": null,
      "StatusCode": 200,
      "ResponseHeaders": {
        "Cache-Control": "no-cache",
        "Content-Length": "595",
        "Content-Type": "application/json; charset=utf-8",
        "Date": "Fri, 17 Mar 2023 05:02:18 GMT",
        "ETag": "\u0022e900e4ec-0000-0700-0000-6413f4580000\u0022",
        "Expires": "-1",
        "Pragma": "no-cache",
        "Strict-Transport-Security": "max-age=31536000; includeSubDomains",
        "X-Cache": "CONFIG_NOCACHE",
        "X-Content-Type-Options": "nosniff",
        "x-ms-client-request-id": "6a7ad89b9fe9b9b3066233cf4a85beef",
        "x-ms-correlation-request-id": "675cf717-e283-4abd-8efe-02bebf664702",
        "x-ms-ratelimit-remaining-subscription-reads": "14982",
        "x-ms-request-id": "f807a062-d35e-4e48-948a-d119aac9b344",
        "x-ms-routing-request-id": "CENTRALUS:20230317T050219Z:675cf717-e283-4abd-8efe-02bebf664702",
        "X-MSEdge-Ref": "Ref A: EE3051CC21214E779A28EC9F23D6D53C Ref B: STBEDGE0221 Ref C: 2023-03-17T05:02:19Z"
      },
      "ResponseBody": {
        "id": "/subscriptions/ce1bff77-08c1-4199-b7a5-52194a42b6ce/providers/Microsoft.Communication/locations/CENTRALUS/operationStatuses/943ae561-3649-4bb9-83cc-93bcb34ef97c*1104573DA5A8576D95D9B007223099C53E154EB7F9C64C13B91C0E7369B253A6",
        "name": "943ae561-3649-4bb9-83cc-93bcb34ef97c*1104573DA5A8576D95D9B007223099C53E154EB7F9C64C13B91C0E7369B253A6",
        "resourceId": "/subscriptions/ce1bff77-08c1-4199-b7a5-52194a42b6ce/resourceGroups/Communication-RG-4078/providers/Microsoft.Communication/communicationServices/communication-service-2724",
        "status": "Accepted",
        "startTime": "2023-03-17T05:02:16.4539786Z"
      }
    },
    {
      "RequestUri": "https://api-dogfood.resources.windows-int.net/subscriptions/ce1bff77-08c1-4199-b7a5-52194a42b6ce/providers/Microsoft.Communication/locations/CENTRALUS/operationStatuses/943ae561-3649-4bb9-83cc-93bcb34ef97c*1104573DA5A8576D95D9B007223099C53E154EB7F9C64C13B91C0E7369B253A6?api-version=2023-03-01-preview",
      "RequestMethod": "GET",
      "RequestHeaders": {
        "Authorization": "Sanitized",
        "traceparent": "00-1192c0c73ae4e96edc5305f3d66aee1c-971cbfb07184956b-00",
        "User-Agent": "azsdk-net-ResourceManager/1.4.0 (.NET 6.0.15; Microsoft Windows 10.0.22621)",
        "x-ms-client-request-id": "134a40f295a6b8c44310b9e12927e269",
        "x-ms-return-client-request-id": "true"
      },
      "RequestBody": null,
      "StatusCode": 200,
      "ResponseHeaders": {
        "Cache-Control": "no-cache",
        "Content-Length": "595",
        "Content-Type": "application/json; charset=utf-8",
        "Date": "Fri, 17 Mar 2023 05:02:19 GMT",
        "ETag": "\u0022e900e4ec-0000-0700-0000-6413f4580000\u0022",
        "Expires": "-1",
        "Pragma": "no-cache",
        "Strict-Transport-Security": "max-age=31536000; includeSubDomains",
        "X-Cache": "CONFIG_NOCACHE",
        "X-Content-Type-Options": "nosniff",
        "x-ms-client-request-id": "134a40f295a6b8c44310b9e12927e269",
        "x-ms-correlation-request-id": "3b94b07b-b614-4c48-84f4-01692230fd3e",
        "x-ms-ratelimit-remaining-subscription-reads": "14937",
        "x-ms-request-id": "d5e4f53f-d300-4a07-80e7-b1d1c89a19a3",
        "x-ms-routing-request-id": "CENTRALUS:20230317T050220Z:3b94b07b-b614-4c48-84f4-01692230fd3e",
        "X-MSEdge-Ref": "Ref A: FF33B80408474C558EB068CACA87D094 Ref B: STBEDGE0221 Ref C: 2023-03-17T05:02:20Z"
      },
      "ResponseBody": {
        "id": "/subscriptions/ce1bff77-08c1-4199-b7a5-52194a42b6ce/providers/Microsoft.Communication/locations/CENTRALUS/operationStatuses/943ae561-3649-4bb9-83cc-93bcb34ef97c*1104573DA5A8576D95D9B007223099C53E154EB7F9C64C13B91C0E7369B253A6",
        "name": "943ae561-3649-4bb9-83cc-93bcb34ef97c*1104573DA5A8576D95D9B007223099C53E154EB7F9C64C13B91C0E7369B253A6",
        "resourceId": "/subscriptions/ce1bff77-08c1-4199-b7a5-52194a42b6ce/resourceGroups/Communication-RG-4078/providers/Microsoft.Communication/communicationServices/communication-service-2724",
        "status": "Accepted",
        "startTime": "2023-03-17T05:02:16.4539786Z"
      }
    },
    {
      "RequestUri": "https://api-dogfood.resources.windows-int.net/subscriptions/ce1bff77-08c1-4199-b7a5-52194a42b6ce/providers/Microsoft.Communication/locations/CENTRALUS/operationStatuses/943ae561-3649-4bb9-83cc-93bcb34ef97c*1104573DA5A8576D95D9B007223099C53E154EB7F9C64C13B91C0E7369B253A6?api-version=2023-03-01-preview",
      "RequestMethod": "GET",
      "RequestHeaders": {
        "Authorization": "Sanitized",
        "traceparent": "00-1192c0c73ae4e96edc5305f3d66aee1c-5efa997ec3ecfe8d-00",
        "User-Agent": "azsdk-net-ResourceManager/1.4.0 (.NET 6.0.15; Microsoft Windows 10.0.22621)",
        "x-ms-client-request-id": "0c5f094f384e17614bf9e16b04421817",
        "x-ms-return-client-request-id": "true"
      },
      "RequestBody": null,
      "StatusCode": 200,
      "ResponseHeaders": {
        "Cache-Control": "no-cache",
        "Content-Length": "595",
        "Content-Type": "application/json; charset=utf-8",
        "Date": "Fri, 17 Mar 2023 05:02:21 GMT",
        "ETag": "\u0022e900e4ec-0000-0700-0000-6413f4580000\u0022",
        "Expires": "-1",
        "Pragma": "no-cache",
        "Strict-Transport-Security": "max-age=31536000; includeSubDomains",
        "X-Cache": "CONFIG_NOCACHE",
        "X-Content-Type-Options": "nosniff",
        "x-ms-client-request-id": "0c5f094f384e17614bf9e16b04421817",
        "x-ms-correlation-request-id": "7a510970-7b02-4939-8d02-de2331a3108e",
        "x-ms-ratelimit-remaining-subscription-reads": "14981",
        "x-ms-request-id": "e3ffef23-00c3-4711-b3b9-39081c499591",
        "x-ms-routing-request-id": "CENTRALUS:20230317T050222Z:7a510970-7b02-4939-8d02-de2331a3108e",
        "X-MSEdge-Ref": "Ref A: 09350B732B2A48BF9B90134099EF2C8C Ref B: STBEDGE0221 Ref C: 2023-03-17T05:02:22Z"
      },
      "ResponseBody": {
        "id": "/subscriptions/ce1bff77-08c1-4199-b7a5-52194a42b6ce/providers/Microsoft.Communication/locations/CENTRALUS/operationStatuses/943ae561-3649-4bb9-83cc-93bcb34ef97c*1104573DA5A8576D95D9B007223099C53E154EB7F9C64C13B91C0E7369B253A6",
        "name": "943ae561-3649-4bb9-83cc-93bcb34ef97c*1104573DA5A8576D95D9B007223099C53E154EB7F9C64C13B91C0E7369B253A6",
        "resourceId": "/subscriptions/ce1bff77-08c1-4199-b7a5-52194a42b6ce/resourceGroups/Communication-RG-4078/providers/Microsoft.Communication/communicationServices/communication-service-2724",
        "status": "Accepted",
        "startTime": "2023-03-17T05:02:16.4539786Z"
      }
    },
    {
      "RequestUri": "https://api-dogfood.resources.windows-int.net/subscriptions/ce1bff77-08c1-4199-b7a5-52194a42b6ce/providers/Microsoft.Communication/locations/CENTRALUS/operationStatuses/943ae561-3649-4bb9-83cc-93bcb34ef97c*1104573DA5A8576D95D9B007223099C53E154EB7F9C64C13B91C0E7369B253A6?api-version=2023-03-01-preview",
      "RequestMethod": "GET",
      "RequestHeaders": {
        "Authorization": "Sanitized",
        "traceparent": "00-1192c0c73ae4e96edc5305f3d66aee1c-c90ba9e8b4ba5727-00",
        "User-Agent": "azsdk-net-ResourceManager/1.4.0 (.NET 6.0.15; Microsoft Windows 10.0.22621)",
        "x-ms-client-request-id": "cce2159e8c82051314c226d8e6d18fdf",
        "x-ms-return-client-request-id": "true"
      },
      "RequestBody": null,
      "StatusCode": 200,
      "ResponseHeaders": {
        "Cache-Control": "no-cache",
        "Content-Length": "595",
        "Content-Type": "application/json; charset=utf-8",
        "Date": "Fri, 17 Mar 2023 05:02:25 GMT",
        "ETag": "\u0022e900e4ec-0000-0700-0000-6413f4580000\u0022",
        "Expires": "-1",
        "Pragma": "no-cache",
        "Strict-Transport-Security": "max-age=31536000; includeSubDomains",
        "X-Cache": "CONFIG_NOCACHE",
        "X-Content-Type-Options": "nosniff",
        "x-ms-client-request-id": "cce2159e8c82051314c226d8e6d18fdf",
        "x-ms-correlation-request-id": "452bc3c4-d379-4ce8-b1ec-ad3096aa00de",
        "x-ms-ratelimit-remaining-subscription-reads": "14936",
        "x-ms-request-id": "48a8fdb4-5aa6-475c-84b3-20c5d3084291",
        "x-ms-routing-request-id": "CENTRALUS:20230317T050226Z:452bc3c4-d379-4ce8-b1ec-ad3096aa00de",
        "X-MSEdge-Ref": "Ref A: C36C065FCF974137966A34F98590326B Ref B: STBEDGE0221 Ref C: 2023-03-17T05:02:26Z"
      },
      "ResponseBody": {
        "id": "/subscriptions/ce1bff77-08c1-4199-b7a5-52194a42b6ce/providers/Microsoft.Communication/locations/CENTRALUS/operationStatuses/943ae561-3649-4bb9-83cc-93bcb34ef97c*1104573DA5A8576D95D9B007223099C53E154EB7F9C64C13B91C0E7369B253A6",
        "name": "943ae561-3649-4bb9-83cc-93bcb34ef97c*1104573DA5A8576D95D9B007223099C53E154EB7F9C64C13B91C0E7369B253A6",
        "resourceId": "/subscriptions/ce1bff77-08c1-4199-b7a5-52194a42b6ce/resourceGroups/Communication-RG-4078/providers/Microsoft.Communication/communicationServices/communication-service-2724",
        "status": "Accepted",
        "startTime": "2023-03-17T05:02:16.4539786Z"
      }
    },
    {
      "RequestUri": "https://api-dogfood.resources.windows-int.net/subscriptions/ce1bff77-08c1-4199-b7a5-52194a42b6ce/providers/Microsoft.Communication/locations/CENTRALUS/operationStatuses/943ae561-3649-4bb9-83cc-93bcb34ef97c*1104573DA5A8576D95D9B007223099C53E154EB7F9C64C13B91C0E7369B253A6?api-version=2023-03-01-preview",
      "RequestMethod": "GET",
      "RequestHeaders": {
        "Authorization": "Sanitized",
        "traceparent": "00-1192c0c73ae4e96edc5305f3d66aee1c-b36c9b93e65c2633-00",
        "User-Agent": "azsdk-net-ResourceManager/1.4.0 (.NET 6.0.15; Microsoft Windows 10.0.22621)",
        "x-ms-client-request-id": "417fca80b225b9a1de32c7acb358b400",
        "x-ms-return-client-request-id": "true"
      },
      "RequestBody": null,
      "StatusCode": 200,
      "ResponseHeaders": {
        "Cache-Control": "no-cache",
        "Content-Length": "595",
        "Content-Type": "application/json; charset=utf-8",
        "Date": "Fri, 17 Mar 2023 05:02:34 GMT",
        "ETag": "\u0022e900e4ec-0000-0700-0000-6413f4580000\u0022",
        "Expires": "-1",
        "Pragma": "no-cache",
        "Strict-Transport-Security": "max-age=31536000; includeSubDomains",
        "X-Cache": "CONFIG_NOCACHE",
        "X-Content-Type-Options": "nosniff",
        "x-ms-client-request-id": "417fca80b225b9a1de32c7acb358b400",
        "x-ms-correlation-request-id": "8dfe7c9a-7a05-4383-accb-1103c39ea0b5",
        "x-ms-ratelimit-remaining-subscription-reads": "14980",
        "x-ms-request-id": "4eb9bf49-3d42-49b2-b4b1-1ed7eb79c7f9",
        "x-ms-routing-request-id": "CENTRALUS:20230317T050234Z:8dfe7c9a-7a05-4383-accb-1103c39ea0b5",
        "X-MSEdge-Ref": "Ref A: 10E40114FB7349E98AC084DC2D65EDAA Ref B: STBEDGE0221 Ref C: 2023-03-17T05:02:34Z"
      },
      "ResponseBody": {
        "id": "/subscriptions/ce1bff77-08c1-4199-b7a5-52194a42b6ce/providers/Microsoft.Communication/locations/CENTRALUS/operationStatuses/943ae561-3649-4bb9-83cc-93bcb34ef97c*1104573DA5A8576D95D9B007223099C53E154EB7F9C64C13B91C0E7369B253A6",
        "name": "943ae561-3649-4bb9-83cc-93bcb34ef97c*1104573DA5A8576D95D9B007223099C53E154EB7F9C64C13B91C0E7369B253A6",
        "resourceId": "/subscriptions/ce1bff77-08c1-4199-b7a5-52194a42b6ce/resourceGroups/Communication-RG-4078/providers/Microsoft.Communication/communicationServices/communication-service-2724",
        "status": "Accepted",
        "startTime": "2023-03-17T05:02:16.4539786Z"
      }
    },
    {
      "RequestUri": "https://api-dogfood.resources.windows-int.net/subscriptions/ce1bff77-08c1-4199-b7a5-52194a42b6ce/providers/Microsoft.Communication/locations/CENTRALUS/operationStatuses/943ae561-3649-4bb9-83cc-93bcb34ef97c*1104573DA5A8576D95D9B007223099C53E154EB7F9C64C13B91C0E7369B253A6?api-version=2023-03-01-preview",
      "RequestMethod": "GET",
      "RequestHeaders": {
        "Authorization": "Sanitized",
        "traceparent": "00-1192c0c73ae4e96edc5305f3d66aee1c-a8eb68ea1fe8ce05-00",
        "User-Agent": "azsdk-net-ResourceManager/1.4.0 (.NET 6.0.15; Microsoft Windows 10.0.22621)",
        "x-ms-client-request-id": "1443a1f81544c3e7f559f88c12893179",
        "x-ms-return-client-request-id": "true"
      },
      "RequestBody": null,
      "StatusCode": 200,
      "ResponseHeaders": {
        "Cache-Control": "no-cache",
        "Content-Length": "595",
        "Content-Type": "application/json; charset=utf-8",
        "Date": "Fri, 17 Mar 2023 05:02:50 GMT",
        "ETag": "\u0022e900e4ec-0000-0700-0000-6413f4580000\u0022",
        "Expires": "-1",
        "Pragma": "no-cache",
        "Strict-Transport-Security": "max-age=31536000; includeSubDomains",
        "X-Cache": "CONFIG_NOCACHE",
        "X-Content-Type-Options": "nosniff",
        "x-ms-client-request-id": "1443a1f81544c3e7f559f88c12893179",
        "x-ms-correlation-request-id": "b7d54ebc-2596-4b3b-9c98-203c9c048754",
        "x-ms-ratelimit-remaining-subscription-reads": "14979",
        "x-ms-request-id": "5805eeff-8ecd-47f9-8b32-4206816f6d3c",
        "x-ms-routing-request-id": "CENTRALUS:20230317T050251Z:b7d54ebc-2596-4b3b-9c98-203c9c048754",
        "X-MSEdge-Ref": "Ref A: D67F879DA3AD415D982290F40EEACA11 Ref B: STBEDGE0221 Ref C: 2023-03-17T05:02:50Z"
      },
      "ResponseBody": {
        "id": "/subscriptions/ce1bff77-08c1-4199-b7a5-52194a42b6ce/providers/Microsoft.Communication/locations/CENTRALUS/operationStatuses/943ae561-3649-4bb9-83cc-93bcb34ef97c*1104573DA5A8576D95D9B007223099C53E154EB7F9C64C13B91C0E7369B253A6",
        "name": "943ae561-3649-4bb9-83cc-93bcb34ef97c*1104573DA5A8576D95D9B007223099C53E154EB7F9C64C13B91C0E7369B253A6",
        "resourceId": "/subscriptions/ce1bff77-08c1-4199-b7a5-52194a42b6ce/resourceGroups/Communication-RG-4078/providers/Microsoft.Communication/communicationServices/communication-service-2724",
        "status": "Accepted",
        "startTime": "2023-03-17T05:02:16.4539786Z"
      }
    },
    {
      "RequestUri": "https://api-dogfood.resources.windows-int.net/subscriptions/ce1bff77-08c1-4199-b7a5-52194a42b6ce/providers/Microsoft.Communication/locations/CENTRALUS/operationStatuses/943ae561-3649-4bb9-83cc-93bcb34ef97c*1104573DA5A8576D95D9B007223099C53E154EB7F9C64C13B91C0E7369B253A6?api-version=2023-03-01-preview",
      "RequestMethod": "GET",
      "RequestHeaders": {
        "Authorization": "Sanitized",
        "traceparent": "00-1192c0c73ae4e96edc5305f3d66aee1c-c7ad2a00e126bf8f-00",
        "User-Agent": "azsdk-net-ResourceManager/1.4.0 (.NET 6.0.15; Microsoft Windows 10.0.22621)",
        "x-ms-client-request-id": "3aeb026ad7c3ecf17328ed4fc56752bb",
        "x-ms-return-client-request-id": "true"
      },
      "RequestBody": null,
      "StatusCode": 200,
      "ResponseHeaders": {
        "Cache-Control": "no-cache",
        "Content-Length": "614",
        "Content-Type": "application/json; charset=utf-8",
        "Date": "Fri, 17 Mar 2023 05:03:22 GMT",
        "ETag": "\u0022e90097f1-0000-0700-0000-6413f49a0000\u0022",
        "Expires": "-1",
        "Pragma": "no-cache",
        "Strict-Transport-Security": "max-age=31536000; includeSubDomains",
        "X-Cache": "CONFIG_NOCACHE",
        "X-Content-Type-Options": "nosniff",
        "x-ms-client-request-id": "3aeb026ad7c3ecf17328ed4fc56752bb",
        "x-ms-correlation-request-id": "9e3c41ac-9d8a-4f99-a537-e7c846a74864",
        "x-ms-ratelimit-remaining-subscription-reads": "14978",
        "x-ms-request-id": "4dc488c1-8587-43dd-8c6f-a8fe092e5f2f",
        "x-ms-routing-request-id": "CENTRALUS:20230317T050323Z:9e3c41ac-9d8a-4f99-a537-e7c846a74864",
        "X-MSEdge-Ref": "Ref A: A38BAEECA0C54761A7B7AF17C2CC646C Ref B: STBEDGE0221 Ref C: 2023-03-17T05:03:23Z"
      },
      "ResponseBody": {
        "id": "/subscriptions/ce1bff77-08c1-4199-b7a5-52194a42b6ce/providers/Microsoft.Communication/locations/CENTRALUS/operationStatuses/943ae561-3649-4bb9-83cc-93bcb34ef97c*1104573DA5A8576D95D9B007223099C53E154EB7F9C64C13B91C0E7369B253A6",
        "name": "943ae561-3649-4bb9-83cc-93bcb34ef97c*1104573DA5A8576D95D9B007223099C53E154EB7F9C64C13B91C0E7369B253A6",
        "resourceId": "/subscriptions/ce1bff77-08c1-4199-b7a5-52194a42b6ce/resourceGroups/Communication-RG-4078/providers/Microsoft.Communication/communicationServices/communication-service-2724",
        "status": "Succeeded",
        "startTime": "2023-03-17T05:02:16.4539786Z",
        "properties": null
      }
    },
    {
      "RequestUri": "https://api-dogfood.resources.windows-int.net/subscriptions/ce1bff77-08c1-4199-b7a5-52194a42b6ce/resourceGroups/Communication-RG-4078/providers/Microsoft.Communication/communicationServices/communication-service-2724?api-version=2023-03-01-preview",
      "RequestMethod": "GET",
      "RequestHeaders": {
        "Authorization": "Sanitized",
        "traceparent": "00-1192c0c73ae4e96edc5305f3d66aee1c-94a3ae52fbf6730f-00",
        "User-Agent": "azsdk-net-ResourceManager/1.4.0 (.NET 6.0.15; Microsoft Windows 10.0.22621)",
        "x-ms-client-request-id": "45e0250d7a8e6a9ae2bc4cccb914a754",
        "x-ms-return-client-request-id": "true"
      },
      "RequestBody": null,
      "StatusCode": 200,
      "ResponseHeaders": {
        "Cache-Control": "no-cache",
        "Content-Length": "785",
        "Content-Type": "application/json; charset=utf-8",
        "Date": "Fri, 17 Mar 2023 05:03:22 GMT",
        "ETag": "\u0022d800bef8-0000-0700-0000-6413f45f0000\u0022",
        "Expires": "-1",
        "Pragma": "no-cache",
        "Strict-Transport-Security": "max-age=31536000; includeSubDomains",
        "X-Cache": "CONFIG_NOCACHE",
        "X-Content-Type-Options": "nosniff",
        "x-ms-client-request-id": "45e0250d7a8e6a9ae2bc4cccb914a754",
        "x-ms-correlation-request-id": "116447b8-36a7-48fe-888c-f700a628f9e6",
        "x-ms-providerhub-traffic": "True",
        "x-ms-ratelimit-remaining-subscription-reads": "14935",
        "x-ms-request-id": "fd7ed0c8-928f-4bfa-ac7f-96243483d8f9",
        "x-ms-routing-request-id": "CENTRALUS:20230317T050323Z:116447b8-36a7-48fe-888c-f700a628f9e6",
        "X-MSEdge-Ref": "Ref A: 3D47930A23E24AB1A301BFD4292628E0 Ref B: STBEDGE0221 Ref C: 2023-03-17T05:03:23Z"
      },
      "ResponseBody": {
        "id": "/subscriptions/ce1bff77-08c1-4199-b7a5-52194a42b6ce/resourceGroups/Communication-RG-4078/providers/Microsoft.Communication/communicationServices/communication-service-2724",
        "name": "communication-service-2724",
        "type": "microsoft.communication/communicationservices",
        "location": "global",
        "tags": {},
        "systemData": {
          "createdBy": "dd5e080b-9821-4976-9ab1-c95d8cc8eafa",
          "createdByType": "Application",
          "createdAt": "2023-03-17T05:02:16.0759635Z",
          "lastModifiedBy": "dd5e080b-9821-4976-9ab1-c95d8cc8eafa",
          "lastModifiedByType": "Application",
          "lastModifiedAt": "2023-03-17T05:02:16.0759635Z"
        },
        "properties": {
          "provisioningState": "Succeeded",
          "hostName": "communication-service-2724.int.communication.azure.net",
          "immutableResourceId": "e56954cc-bb86-42a0-b8b7-e7bad087c491",
          "dataLocation": "UnitedStates"
        }
      }
    },
    {
      "RequestUri": "https://api-dogfood.resources.windows-int.net/subscriptions/ce1bff77-08c1-4199-b7a5-52194a42b6ce/resourceGroups/Communication-RG-4078/providers/Microsoft.Communication/communicationServices/communication-service-2724?api-version=2023-03-01-preview",
      "RequestMethod": "GET",
      "RequestHeaders": {
        "Accept": "application/json",
        "Authorization": "Sanitized",
        "traceparent": "00-9c657f0813107eae280db116f3b90d86-63d6fc8879d1c335-00",
        "User-Agent": "azsdk-net-ResourceManager.Communication/1.1.0-alpha.20230316.1 (.NET 6.0.15; Microsoft Windows 10.0.22621)",
        "x-ms-client-request-id": "b0414e01796d213daf57a01b2897fe8d",
        "x-ms-return-client-request-id": "true"
      },
      "RequestBody": null,
      "StatusCode": 200,
      "ResponseHeaders": {
        "Cache-Control": "no-cache",
        "Content-Length": "785",
        "Content-Type": "application/json; charset=utf-8",
        "Date": "Fri, 17 Mar 2023 05:03:22 GMT",
        "ETag": "\u0022d800bef8-0000-0700-0000-6413f45f0000\u0022",
        "Expires": "-1",
        "Pragma": "no-cache",
        "Strict-Transport-Security": "max-age=31536000; includeSubDomains",
        "X-Cache": "CONFIG_NOCACHE",
        "X-Content-Type-Options": "nosniff",
        "x-ms-client-request-id": "b0414e01796d213daf57a01b2897fe8d",
        "x-ms-correlation-request-id": "eb92c4af-215d-4cc9-aac2-eb89eb12fccb",
        "x-ms-providerhub-traffic": "True",
        "x-ms-ratelimit-remaining-subscription-reads": "14977",
        "x-ms-request-id": "da81a5b9-d9a8-4e90-9efe-0b220f1ce05c",
        "x-ms-routing-request-id": "CENTRALUS:20230317T050323Z:eb92c4af-215d-4cc9-aac2-eb89eb12fccb",
        "X-MSEdge-Ref": "Ref A: 980F3A775D5A45C19B05CBAD1F08D08F Ref B: STBEDGE0221 Ref C: 2023-03-17T05:03:23Z"
      },
      "ResponseBody": {
        "id": "/subscriptions/ce1bff77-08c1-4199-b7a5-52194a42b6ce/resourceGroups/Communication-RG-4078/providers/Microsoft.Communication/communicationServices/communication-service-2724",
        "name": "communication-service-2724",
        "type": "microsoft.communication/communicationservices",
        "location": "global",
        "tags": {},
        "systemData": {
          "createdBy": "dd5e080b-9821-4976-9ab1-c95d8cc8eafa",
          "createdByType": "Application",
          "createdAt": "2023-03-17T05:02:16.0759635Z",
          "lastModifiedBy": "dd5e080b-9821-4976-9ab1-c95d8cc8eafa",
          "lastModifiedByType": "Application",
          "lastModifiedAt": "2023-03-17T05:02:16.0759635Z"
        },
        "properties": {
          "provisioningState": "Succeeded",
          "hostName": "communication-service-2724.int.communication.azure.net",
          "immutableResourceId": "e56954cc-bb86-42a0-b8b7-e7bad087c491",
          "dataLocation": "UnitedStates"
        }
      }
    },
    {
      "RequestUri": "https://api-dogfood.resources.windows-int.net/subscriptions/ce1bff77-08c1-4199-b7a5-52194a42b6ce/resourceGroups/Communication-RG-4078/providers/Microsoft.Communication/communicationServices/communication-service-2724?api-version=2023-03-01-preview",
      "RequestMethod": "PATCH",
      "RequestHeaders": {
        "Accept": "application/json",
        "Authorization": "Sanitized",
        "Content-Length": "48",
        "Content-Type": "application/json",
        "traceparent": "00-9c657f0813107eae280db116f3b90d86-61ee76423a1116c8-00",
        "User-Agent": "azsdk-net-ResourceManager.Communication/1.1.0-alpha.20230316.1 (.NET 6.0.15; Microsoft Windows 10.0.22621)",
        "x-ms-client-request-id": "ec7e3d07eba9efeb688057068a25325e",
        "x-ms-return-client-request-id": "true"
      },
      "RequestBody": {
        "tags": {
          "testkey": "testvalue"
        },
        "properties": {}
      },
      "StatusCode": 200,
      "ResponseHeaders": {
        "Cache-Control": "no-cache",
        "Content-Length": "805",
        "Content-Type": "application/json; charset=utf-8",
        "Date": "Fri, 17 Mar 2023 05:03:24 GMT",
        "ETag": "\u0022d8003dfd-0000-0700-0000-6413f49c0000\u0022",
        "Expires": "-1",
        "mise-correlation-id": "0dd68845-d642-4dcd-ba25-80f4e5682b8e",
        "Pragma": "no-cache",
        "Request-Context": "appId=",
        "Strict-Transport-Security": "max-age=31536000; includeSubDomains",
        "X-Cache": "CONFIG_NOCACHE",
        "X-Content-Type-Options": "nosniff",
        "x-ms-client-request-id": "ec7e3d07eba9efeb688057068a25325e",
        "x-ms-correlation-request-id": "00e6950c-0edf-430d-8d9f-9a126030d76d",
        "x-ms-providerhub-traffic": "True",
        "x-ms-ratelimit-remaining-subscription-writes": "1193",
        "x-ms-request-id": "294e192b-b2e8-49f3-a549-dc2847751f23",
        "x-ms-routing-request-id": "CENTRALUS:20230317T050325Z:00e6950c-0edf-430d-8d9f-9a126030d76d",
        "X-MSEdge-Ref": "Ref A: 7545E5442A544ECFA7352249F563EBBD Ref B: STBEDGE0221 Ref C: 2023-03-17T05:03:23Z"
      },
      "ResponseBody": {
        "id": "/subscriptions/ce1bff77-08c1-4199-b7a5-52194a42b6ce/resourceGroups/Communication-RG-4078/providers/Microsoft.Communication/communicationServices/communication-service-2724",
        "name": "communication-service-2724",
        "type": "microsoft.communication/communicationservices",
        "location": "global",
        "tags": {
          "testkey": "testvalue"
        },
        "systemData": {
          "createdBy": "dd5e080b-9821-4976-9ab1-c95d8cc8eafa",
          "createdByType": "Application",
          "createdAt": "2023-03-17T05:02:16.0759635Z",
          "lastModifiedBy": "dd5e080b-9821-4976-9ab1-c95d8cc8eafa",
          "lastModifiedByType": "Application",
          "lastModifiedAt": "2023-03-17T05:03:23.720024Z"
        },
        "properties": {
          "hostName": "communication-service-2724.int.communication.azure.net",
          "immutableResourceId": "e56954cc-bb86-42a0-b8b7-e7bad087c491",
          "dataLocation": "UnitedStates",
          "provisioningState": "Succeeded"
        }
      }
    },
    {
      "RequestUri": "https://api-dogfood.resources.windows-int.net/subscriptions/ce1bff77-08c1-4199-b7a5-52194a42b6ce/resourceGroups/Communication-RG-4078/providers/Microsoft.Communication/communicationServices/communication-service-2724?api-version=2023-03-01-preview",
      "RequestMethod": "GET",
      "RequestHeaders": {
        "Accept": "application/json",
        "Authorization": "Sanitized",
        "traceparent": "00-0d0181cd4203b2b7273ee6be41760553-92ea312075fc97cd-00",
        "User-Agent": "azsdk-net-ResourceManager.Communication/1.1.0-alpha.20230316.1 (.NET 6.0.15; Microsoft Windows 10.0.22621)",
        "x-ms-client-request-id": "7cc4bebebb9615ab625248ed22369689",
        "x-ms-return-client-request-id": "true"
      },
      "RequestBody": null,
      "StatusCode": 200,
      "ResponseHeaders": {
        "Cache-Control": "no-cache",
        "Content-Length": "805",
        "Content-Type": "application/json; charset=utf-8",
        "Date": "Fri, 17 Mar 2023 05:03:24 GMT",
        "ETag": "\u0022d8003dfd-0000-0700-0000-6413f49c0000\u0022",
        "Expires": "-1",
        "Pragma": "no-cache",
        "Strict-Transport-Security": "max-age=31536000; includeSubDomains",
        "X-Cache": "CONFIG_NOCACHE",
        "X-Content-Type-Options": "nosniff",
        "x-ms-client-request-id": "7cc4bebebb9615ab625248ed22369689",
        "x-ms-correlation-request-id": "8c9b5f0a-b876-4b58-8b03-a42cbda849c5",
        "x-ms-providerhub-traffic": "True",
        "x-ms-ratelimit-remaining-subscription-reads": "14976",
        "x-ms-request-id": "6236e869-9a43-4453-a88b-eb311f51cf34",
        "x-ms-routing-request-id": "CENTRALUS:20230317T050325Z:8c9b5f0a-b876-4b58-8b03-a42cbda849c5",
        "X-MSEdge-Ref": "Ref A: BB00998BE02B4FE78CC12C50F8A2522C Ref B: STBEDGE0221 Ref C: 2023-03-17T05:03:25Z"
      },
      "ResponseBody": {
        "id": "/subscriptions/ce1bff77-08c1-4199-b7a5-52194a42b6ce/resourceGroups/Communication-RG-4078/providers/Microsoft.Communication/communicationServices/communication-service-2724",
        "name": "communication-service-2724",
        "type": "microsoft.communication/communicationservices",
        "location": "global",
        "tags": {
          "testkey": "testvalue"
        },
        "systemData": {
          "createdBy": "dd5e080b-9821-4976-9ab1-c95d8cc8eafa",
          "createdByType": "Application",
          "createdAt": "2023-03-17T05:02:16.0759635Z",
          "lastModifiedBy": "dd5e080b-9821-4976-9ab1-c95d8cc8eafa",
          "lastModifiedByType": "Application",
          "lastModifiedAt": "2023-03-17T05:03:23.720024Z"
        },
        "properties": {
          "hostName": "communication-service-2724.int.communication.azure.net",
          "immutableResourceId": "e56954cc-bb86-42a0-b8b7-e7bad087c491",
          "dataLocation": "UnitedStates",
          "provisioningState": "Succeeded"
        }
      }
    },
    {
      "RequestUri": "https://api-dogfood.resources.windows-int.net/subscriptions/ce1bff77-08c1-4199-b7a5-52194a42b6ce/resourceGroups/Communication-RG-4078/providers/Microsoft.Communication/communicationServices?api-version=2023-03-01-preview",
      "RequestMethod": "GET",
      "RequestHeaders": {
        "Accept": "application/json",
        "Authorization": "Sanitized",
        "traceparent": "00-8754b1a002005f65946337435724a045-014fe2816ef1c112-00",
        "User-Agent": "azsdk-net-ResourceManager.Communication/1.1.0-alpha.20230316.1 (.NET 6.0.15; Microsoft Windows 10.0.22621)",
        "x-ms-client-request-id": "8f9a4125874a6667efea04ea55b415ea",
        "x-ms-return-client-request-id": "true"
      },
      "RequestBody": null,
      "StatusCode": 200,
      "ResponseHeaders": {
        "Cache-Control": "no-cache",
        "Content-Length": "817",
        "Content-Type": "application/json; charset=utf-8",
        "Date": "Fri, 17 Mar 2023 05:03:24 GMT",
        "Expires": "-1",
        "Pragma": "no-cache",
        "Strict-Transport-Security": "max-age=31536000; includeSubDomains",
        "X-Cache": "CONFIG_NOCACHE",
        "X-Content-Type-Options": "nosniff",
        "x-ms-client-request-id": "8f9a4125874a6667efea04ea55b415ea",
        "x-ms-correlation-request-id": "e867164b-7671-4bb6-b903-aa68926dfe6e",
        "x-ms-providerhub-traffic": "True",
        "x-ms-ratelimit-remaining-subscription-reads": "14934",
        "x-ms-request-id": "2534e396-43a8-4166-a214-1fea9365d6d0",
        "x-ms-routing-request-id": "CENTRALUS:20230317T050325Z:e867164b-7671-4bb6-b903-aa68926dfe6e",
        "X-MSEdge-Ref": "Ref A: 3EA91568AC1C4718985ED483B2C1BB02 Ref B: STBEDGE0221 Ref C: 2023-03-17T05:03:25Z"
      },
      "ResponseBody": {
        "value": [
          {
            "id": "/subscriptions/ce1bff77-08c1-4199-b7a5-52194a42b6ce/resourceGroups/Communication-RG-4078/providers/Microsoft.Communication/communicationServices/communication-service-2724",
            "name": "communication-service-2724",
            "type": "microsoft.communication/communicationservices",
            "location": "global",
            "tags": {
              "testkey": "testvalue"
            },
            "systemData": {
              "createdBy": "dd5e080b-9821-4976-9ab1-c95d8cc8eafa",
              "createdByType": "Application",
              "createdAt": "2023-03-17T05:02:16.0759635Z",
              "lastModifiedBy": "dd5e080b-9821-4976-9ab1-c95d8cc8eafa",
              "lastModifiedByType": "Application",
              "lastModifiedAt": "2023-03-17T05:03:23.720024Z"
            },
            "properties": {
              "hostName": "communication-service-2724.int.communication.azure.net",
              "immutableResourceId": "e56954cc-bb86-42a0-b8b7-e7bad087c491",
              "dataLocation": "UnitedStates",
              "provisioningState": "Succeeded"
            }
          }
        ]
      }
    },
    {
      "RequestUri": "https://api-dogfood.resources.windows-int.net/subscriptions/ce1bff77-08c1-4199-b7a5-52194a42b6ce/resourceGroups/Communication-RG-4078/providers/Microsoft.Communication/communicationServices/communication-service-2724?api-version=2023-03-01-preview",
      "RequestMethod": "DELETE",
      "RequestHeaders": {
        "Accept": "application/json",
        "Authorization": "Sanitized",
        "traceparent": "00-b4fdbeade621e5fcbe287184aab99f45-259b66812b2f3982-00",
        "User-Agent": "azsdk-net-ResourceManager.Communication/1.1.0-alpha.20230316.1 (.NET 6.0.15; Microsoft Windows 10.0.22621)",
        "x-ms-client-request-id": "cb480c3db661c5c8ed3714d3596071b1",
        "x-ms-return-client-request-id": "true"
      },
      "RequestBody": null,
      "StatusCode": 202,
      "ResponseHeaders": {
        "Azure-AsyncNotification": "Enabled",
        "Azure-AsyncOperation": "https://api-dogfood.resources.windows-int.net/subscriptions/ce1bff77-08c1-4199-b7a5-52194a42b6ce/providers/Microsoft.Communication/locations/CENTRALUS/operationStatuses/7a032922-1736-455c-93df-e7bb5743108b*1104573DA5A8576D95D9B007223099C53E154EB7F9C64C13B91C0E7369B253A6?api-version=2023-03-01-preview",
        "Cache-Control": "no-cache",
        "Content-Length": "4",
        "Content-Type": "application/json; charset=utf-8",
        "Date": "Fri, 17 Mar 2023 05:03:25 GMT",
        "ETag": "\u0022d80050fd-0000-0700-0000-6413f49e0000\u0022",
        "Expires": "-1",
        "Location": "https://api-dogfood.resources.windows-int.net/subscriptions/ce1bff77-08c1-4199-b7a5-52194a42b6ce/providers/Microsoft.Communication/locations/CENTRALUS/operationStatuses/7a032922-1736-455c-93df-e7bb5743108b*1104573DA5A8576D95D9B007223099C53E154EB7F9C64C13B91C0E7369B253A6?api-version=2023-03-01-preview",
        "Pragma": "no-cache",
        "Strict-Transport-Security": "max-age=31536000; includeSubDomains",
        "X-Cache": "CONFIG_NOCACHE",
        "X-Content-Type-Options": "nosniff",
        "x-ms-client-request-id": "cb480c3db661c5c8ed3714d3596071b1",
        "x-ms-correlation-request-id": "013dbec4-f15f-431e-a68e-9b7544b766cb",
        "x-ms-providerhub-traffic": "True",
        "x-ms-ratelimit-remaining-subscription-deletes": "14998",
        "x-ms-request-id": "7a032922-1736-455c-93df-e7bb5743108b",
        "x-ms-resource-provider-hint": "noPolling",
        "x-ms-routing-request-id": "CENTRALUS:20230317T050326Z:013dbec4-f15f-431e-a68e-9b7544b766cb",
        "X-MSEdge-Ref": "Ref A: 4FC512D2E8F249D891E716AB0334E096 Ref B: STBEDGE0221 Ref C: 2023-03-17T05:03:25Z"
      },
      "ResponseBody": "null"
    },
    {
      "RequestUri": "https://api-dogfood.resources.windows-int.net/subscriptions/ce1bff77-08c1-4199-b7a5-52194a42b6ce/providers/Microsoft.Communication/locations/CENTRALUS/operationStatuses/7a032922-1736-455c-93df-e7bb5743108b*1104573DA5A8576D95D9B007223099C53E154EB7F9C64C13B91C0E7369B253A6?api-version=2023-03-01-preview",
      "RequestMethod": "GET",
      "RequestHeaders": {
        "Authorization": "Sanitized",
        "traceparent": "00-b4fdbeade621e5fcbe287184aab99f45-b04dc5258551a321-00",
        "User-Agent": "azsdk-net-ResourceManager/1.4.0 (.NET 6.0.15; Microsoft Windows 10.0.22621)",
        "x-ms-client-request-id": "16af5e3ccaee6e2879d5a21272940d8f",
        "x-ms-return-client-request-id": "true"
      },
      "RequestBody": null,
      "StatusCode": 202,
      "ResponseHeaders": {
        "Cache-Control": "no-cache",
        "Content-Length": "595",
        "Content-Type": "application/json; charset=utf-8",
        "Date": "Fri, 17 Mar 2023 05:03:25 GMT",
        "ETag": "\u0022e900d9f1-0000-0700-0000-6413f49d0000\u0022",
        "Expires": "-1",
        "Pragma": "no-cache",
        "Strict-Transport-Security": "max-age=31536000; includeSubDomains",
        "X-Cache": "CONFIG_NOCACHE",
        "X-Content-Type-Options": "nosniff",
        "x-ms-client-request-id": "16af5e3ccaee6e2879d5a21272940d8f",
        "x-ms-correlation-request-id": "e12838fe-c4f6-4e61-8c6a-2b2c5c272e59",
        "x-ms-ratelimit-remaining-subscription-reads": "14933",
        "x-ms-request-id": "28c62b45-4f49-441f-a309-62feb161079f",
        "x-ms-routing-request-id": "CENTRALUS:20230317T050326Z:e12838fe-c4f6-4e61-8c6a-2b2c5c272e59",
        "X-MSEdge-Ref": "Ref A: 768C2E47E56A4760BF7F5A99BEDD1033 Ref B: STBEDGE0221 Ref C: 2023-03-17T05:03:26Z"
      },
      "ResponseBody": {
        "id": "/subscriptions/ce1bff77-08c1-4199-b7a5-52194a42b6ce/providers/Microsoft.Communication/locations/CENTRALUS/operationStatuses/7a032922-1736-455c-93df-e7bb5743108b*1104573DA5A8576D95D9B007223099C53E154EB7F9C64C13B91C0E7369B253A6",
        "name": "7a032922-1736-455c-93df-e7bb5743108b*1104573DA5A8576D95D9B007223099C53E154EB7F9C64C13B91C0E7369B253A6",
        "resourceId": "/subscriptions/ce1bff77-08c1-4199-b7a5-52194a42b6ce/resourceGroups/Communication-RG-4078/providers/Microsoft.Communication/communicationServices/communication-service-2724",
        "status": "Deleting",
        "startTime": "2023-03-17T05:03:25.7532744Z"
      }
    },
    {
      "RequestUri": "https://api-dogfood.resources.windows-int.net/subscriptions/ce1bff77-08c1-4199-b7a5-52194a42b6ce/providers/Microsoft.Communication/locations/CENTRALUS/operationStatuses/7a032922-1736-455c-93df-e7bb5743108b*1104573DA5A8576D95D9B007223099C53E154EB7F9C64C13B91C0E7369B253A6?api-version=2023-03-01-preview",
      "RequestMethod": "GET",
      "RequestHeaders": {
        "Authorization": "Sanitized",
        "traceparent": "00-b4fdbeade621e5fcbe287184aab99f45-6d49edf8b27beaba-00",
        "User-Agent": "azsdk-net-ResourceManager/1.4.0 (.NET 6.0.15; Microsoft Windows 10.0.22621)",
        "x-ms-client-request-id": "49c153797da38a060b117402291c0e2b",
        "x-ms-return-client-request-id": "true"
      },
      "RequestBody": null,
      "StatusCode": 202,
      "ResponseHeaders": {
        "Cache-Control": "no-cache",
        "Content-Length": "595",
        "Content-Type": "application/json; charset=utf-8",
        "Date": "Fri, 17 Mar 2023 05:03:26 GMT",
        "ETag": "\u0022e900d9f1-0000-0700-0000-6413f49d0000\u0022",
        "Expires": "-1",
        "Pragma": "no-cache",
        "Strict-Transport-Security": "max-age=31536000; includeSubDomains",
        "X-Cache": "CONFIG_NOCACHE",
        "X-Content-Type-Options": "nosniff",
        "x-ms-client-request-id": "49c153797da38a060b117402291c0e2b",
        "x-ms-correlation-request-id": "19580209-5cf3-43e0-ac8d-08c32e3409a6",
        "x-ms-ratelimit-remaining-subscription-reads": "14975",
        "x-ms-request-id": "1e8e8aed-db67-4e2b-92f2-4fa2deb76b5c",
        "x-ms-routing-request-id": "CENTRALUS:20230317T050327Z:19580209-5cf3-43e0-ac8d-08c32e3409a6",
        "X-MSEdge-Ref": "Ref A: 4067BA51DB834AF0BD62A33864E6F149 Ref B: STBEDGE0221 Ref C: 2023-03-17T05:03:27Z"
      },
      "ResponseBody": {
        "id": "/subscriptions/ce1bff77-08c1-4199-b7a5-52194a42b6ce/providers/Microsoft.Communication/locations/CENTRALUS/operationStatuses/7a032922-1736-455c-93df-e7bb5743108b*1104573DA5A8576D95D9B007223099C53E154EB7F9C64C13B91C0E7369B253A6",
        "name": "7a032922-1736-455c-93df-e7bb5743108b*1104573DA5A8576D95D9B007223099C53E154EB7F9C64C13B91C0E7369B253A6",
        "resourceId": "/subscriptions/ce1bff77-08c1-4199-b7a5-52194a42b6ce/resourceGroups/Communication-RG-4078/providers/Microsoft.Communication/communicationServices/communication-service-2724",
        "status": "Deleting",
        "startTime": "2023-03-17T05:03:25.7532744Z"
      }
    },
    {
      "RequestUri": "https://api-dogfood.resources.windows-int.net/subscriptions/ce1bff77-08c1-4199-b7a5-52194a42b6ce/providers/Microsoft.Communication/locations/CENTRALUS/operationStatuses/7a032922-1736-455c-93df-e7bb5743108b*1104573DA5A8576D95D9B007223099C53E154EB7F9C64C13B91C0E7369B253A6?api-version=2023-03-01-preview",
      "RequestMethod": "GET",
      "RequestHeaders": {
        "Authorization": "Sanitized",
        "traceparent": "00-b4fdbeade621e5fcbe287184aab99f45-f3b72a0ba7de6ed3-00",
        "User-Agent": "azsdk-net-ResourceManager/1.4.0 (.NET 6.0.15; Microsoft Windows 10.0.22621)",
        "x-ms-client-request-id": "fb9666775bb15ec2e3a21e0e10eec4c2",
        "x-ms-return-client-request-id": "true"
      },
      "RequestBody": null,
      "StatusCode": 202,
      "ResponseHeaders": {
        "Cache-Control": "no-cache",
        "Content-Length": "595",
        "Content-Type": "application/json; charset=utf-8",
        "Date": "Fri, 17 Mar 2023 05:03:27 GMT",
        "ETag": "\u0022e900d9f1-0000-0700-0000-6413f49d0000\u0022",
        "Expires": "-1",
        "Pragma": "no-cache",
        "Strict-Transport-Security": "max-age=31536000; includeSubDomains",
        "X-Cache": "CONFIG_NOCACHE",
        "X-Content-Type-Options": "nosniff",
        "x-ms-client-request-id": "fb9666775bb15ec2e3a21e0e10eec4c2",
        "x-ms-correlation-request-id": "55057cff-2966-43d7-a4c4-49127fcea5f2",
        "x-ms-ratelimit-remaining-subscription-reads": "14932",
        "x-ms-request-id": "ad51543d-7abb-40c2-b172-296aa9fb7dec",
        "x-ms-routing-request-id": "CENTRALUS:20230317T050328Z:55057cff-2966-43d7-a4c4-49127fcea5f2",
        "X-MSEdge-Ref": "Ref A: CC8D01607B6F4DC1974B3F908CE8723C Ref B: STBEDGE0221 Ref C: 2023-03-17T05:03:28Z"
      },
      "ResponseBody": {
        "id": "/subscriptions/ce1bff77-08c1-4199-b7a5-52194a42b6ce/providers/Microsoft.Communication/locations/CENTRALUS/operationStatuses/7a032922-1736-455c-93df-e7bb5743108b*1104573DA5A8576D95D9B007223099C53E154EB7F9C64C13B91C0E7369B253A6",
        "name": "7a032922-1736-455c-93df-e7bb5743108b*1104573DA5A8576D95D9B007223099C53E154EB7F9C64C13B91C0E7369B253A6",
        "resourceId": "/subscriptions/ce1bff77-08c1-4199-b7a5-52194a42b6ce/resourceGroups/Communication-RG-4078/providers/Microsoft.Communication/communicationServices/communication-service-2724",
        "status": "Deleting",
        "startTime": "2023-03-17T05:03:25.7532744Z"
      }
    },
    {
      "RequestUri": "https://api-dogfood.resources.windows-int.net/subscriptions/ce1bff77-08c1-4199-b7a5-52194a42b6ce/providers/Microsoft.Communication/locations/CENTRALUS/operationStatuses/7a032922-1736-455c-93df-e7bb5743108b*1104573DA5A8576D95D9B007223099C53E154EB7F9C64C13B91C0E7369B253A6?api-version=2023-03-01-preview",
      "RequestMethod": "GET",
      "RequestHeaders": {
        "Authorization": "Sanitized",
        "traceparent": "00-b4fdbeade621e5fcbe287184aab99f45-e9a8d5d168fd6203-00",
        "User-Agent": "azsdk-net-ResourceManager/1.4.0 (.NET 6.0.15; Microsoft Windows 10.0.22621)",
        "x-ms-client-request-id": "6332fc517600bf0957240adc5526455c",
        "x-ms-return-client-request-id": "true"
      },
      "RequestBody": null,
      "StatusCode": 202,
      "ResponseHeaders": {
        "Cache-Control": "no-cache",
        "Content-Length": "595",
        "Content-Type": "application/json; charset=utf-8",
        "Date": "Fri, 17 Mar 2023 05:03:28 GMT",
        "ETag": "\u0022e900d9f1-0000-0700-0000-6413f49d0000\u0022",
        "Expires": "-1",
        "Pragma": "no-cache",
        "Strict-Transport-Security": "max-age=31536000; includeSubDomains",
        "X-Cache": "CONFIG_NOCACHE",
        "X-Content-Type-Options": "nosniff",
        "x-ms-client-request-id": "6332fc517600bf0957240adc5526455c",
        "x-ms-correlation-request-id": "5323a501-9f14-4210-a8a6-b4396e690a86",
        "x-ms-ratelimit-remaining-subscription-reads": "14974",
        "x-ms-request-id": "ba9e16d2-207f-480d-8530-0c6536f03a1a",
        "x-ms-routing-request-id": "CENTRALUS:20230317T050329Z:5323a501-9f14-4210-a8a6-b4396e690a86",
        "X-MSEdge-Ref": "Ref A: 12C153E672FD424CB16767E815C0D8F3 Ref B: STBEDGE0221 Ref C: 2023-03-17T05:03:29Z"
      },
      "ResponseBody": {
        "id": "/subscriptions/ce1bff77-08c1-4199-b7a5-52194a42b6ce/providers/Microsoft.Communication/locations/CENTRALUS/operationStatuses/7a032922-1736-455c-93df-e7bb5743108b*1104573DA5A8576D95D9B007223099C53E154EB7F9C64C13B91C0E7369B253A6",
        "name": "7a032922-1736-455c-93df-e7bb5743108b*1104573DA5A8576D95D9B007223099C53E154EB7F9C64C13B91C0E7369B253A6",
        "resourceId": "/subscriptions/ce1bff77-08c1-4199-b7a5-52194a42b6ce/resourceGroups/Communication-RG-4078/providers/Microsoft.Communication/communicationServices/communication-service-2724",
        "status": "Deleting",
        "startTime": "2023-03-17T05:03:25.7532744Z"
      }
    },
    {
      "RequestUri": "https://api-dogfood.resources.windows-int.net/subscriptions/ce1bff77-08c1-4199-b7a5-52194a42b6ce/providers/Microsoft.Communication/locations/CENTRALUS/operationStatuses/7a032922-1736-455c-93df-e7bb5743108b*1104573DA5A8576D95D9B007223099C53E154EB7F9C64C13B91C0E7369B253A6?api-version=2023-03-01-preview",
      "RequestMethod": "GET",
      "RequestHeaders": {
        "Authorization": "Sanitized",
        "traceparent": "00-b4fdbeade621e5fcbe287184aab99f45-d5b4097e70caf296-00",
        "User-Agent": "azsdk-net-ResourceManager/1.4.0 (.NET 6.0.15; Microsoft Windows 10.0.22621)",
        "x-ms-client-request-id": "0b9a77c612fd1ede906266015ef87a1d",
        "x-ms-return-client-request-id": "true"
      },
      "RequestBody": null,
      "StatusCode": 202,
      "ResponseHeaders": {
        "Cache-Control": "no-cache",
        "Content-Length": "595",
        "Content-Type": "application/json; charset=utf-8",
        "Date": "Fri, 17 Mar 2023 05:03:30 GMT",
        "ETag": "\u0022e900d9f1-0000-0700-0000-6413f49d0000\u0022",
        "Expires": "-1",
        "Pragma": "no-cache",
        "Strict-Transport-Security": "max-age=31536000; includeSubDomains",
        "X-Cache": "CONFIG_NOCACHE",
        "X-Content-Type-Options": "nosniff",
        "x-ms-client-request-id": "0b9a77c612fd1ede906266015ef87a1d",
        "x-ms-correlation-request-id": "7fced7f3-77c8-4be9-8157-bbe7f6989f8b",
        "x-ms-ratelimit-remaining-subscription-reads": "14931",
        "x-ms-request-id": "bafb8d6c-6ec3-4b89-919b-3be871d6189b",
        "x-ms-routing-request-id": "CENTRALUS:20230317T050331Z:7fced7f3-77c8-4be9-8157-bbe7f6989f8b",
        "X-MSEdge-Ref": "Ref A: 2DFC1AB0F8414197AE7696EB8FE20BBA Ref B: STBEDGE0221 Ref C: 2023-03-17T05:03:31Z"
      },
      "ResponseBody": {
        "id": "/subscriptions/ce1bff77-08c1-4199-b7a5-52194a42b6ce/providers/Microsoft.Communication/locations/CENTRALUS/operationStatuses/7a032922-1736-455c-93df-e7bb5743108b*1104573DA5A8576D95D9B007223099C53E154EB7F9C64C13B91C0E7369B253A6",
        "name": "7a032922-1736-455c-93df-e7bb5743108b*1104573DA5A8576D95D9B007223099C53E154EB7F9C64C13B91C0E7369B253A6",
        "resourceId": "/subscriptions/ce1bff77-08c1-4199-b7a5-52194a42b6ce/resourceGroups/Communication-RG-4078/providers/Microsoft.Communication/communicationServices/communication-service-2724",
        "status": "Deleting",
        "startTime": "2023-03-17T05:03:25.7532744Z"
      }
    },
    {
      "RequestUri": "https://api-dogfood.resources.windows-int.net/subscriptions/ce1bff77-08c1-4199-b7a5-52194a42b6ce/providers/Microsoft.Communication/locations/CENTRALUS/operationStatuses/7a032922-1736-455c-93df-e7bb5743108b*1104573DA5A8576D95D9B007223099C53E154EB7F9C64C13B91C0E7369B253A6?api-version=2023-03-01-preview",
      "RequestMethod": "GET",
      "RequestHeaders": {
        "Authorization": "Sanitized",
        "traceparent": "00-b4fdbeade621e5fcbe287184aab99f45-dc8010b8ac5e82d0-00",
        "User-Agent": "azsdk-net-ResourceManager/1.4.0 (.NET 6.0.15; Microsoft Windows 10.0.22621)",
        "x-ms-client-request-id": "2db1b14dabe9012a5cd7a38c50e609bd",
        "x-ms-return-client-request-id": "true"
      },
      "RequestBody": null,
      "StatusCode": 202,
      "ResponseHeaders": {
        "Cache-Control": "no-cache",
        "Content-Length": "595",
        "Content-Type": "application/json; charset=utf-8",
        "Date": "Fri, 17 Mar 2023 05:03:35 GMT",
        "ETag": "\u0022e900d9f1-0000-0700-0000-6413f49d0000\u0022",
        "Expires": "-1",
        "Pragma": "no-cache",
        "Strict-Transport-Security": "max-age=31536000; includeSubDomains",
        "X-Cache": "CONFIG_NOCACHE",
        "X-Content-Type-Options": "nosniff",
        "x-ms-client-request-id": "2db1b14dabe9012a5cd7a38c50e609bd",
        "x-ms-correlation-request-id": "3ff211f3-bd22-459f-ab78-30c0f19bed91",
        "x-ms-ratelimit-remaining-subscription-reads": "14973",
        "x-ms-request-id": "5ca6ff6c-3caa-4311-b847-4d244bbdd7ad",
        "x-ms-routing-request-id": "CENTRALUS:20230317T050335Z:3ff211f3-bd22-459f-ab78-30c0f19bed91",
        "X-MSEdge-Ref": "Ref A: 21C514078966433D9C41EB2B526E4521 Ref B: STBEDGE0221 Ref C: 2023-03-17T05:03:35Z"
      },
      "ResponseBody": {
        "id": "/subscriptions/ce1bff77-08c1-4199-b7a5-52194a42b6ce/providers/Microsoft.Communication/locations/CENTRALUS/operationStatuses/7a032922-1736-455c-93df-e7bb5743108b*1104573DA5A8576D95D9B007223099C53E154EB7F9C64C13B91C0E7369B253A6",
        "name": "7a032922-1736-455c-93df-e7bb5743108b*1104573DA5A8576D95D9B007223099C53E154EB7F9C64C13B91C0E7369B253A6",
        "resourceId": "/subscriptions/ce1bff77-08c1-4199-b7a5-52194a42b6ce/resourceGroups/Communication-RG-4078/providers/Microsoft.Communication/communicationServices/communication-service-2724",
        "status": "Deleting",
        "startTime": "2023-03-17T05:03:25.7532744Z"
      }
    },
    {
      "RequestUri": "https://api-dogfood.resources.windows-int.net/subscriptions/ce1bff77-08c1-4199-b7a5-52194a42b6ce/providers/Microsoft.Communication/locations/CENTRALUS/operationStatuses/7a032922-1736-455c-93df-e7bb5743108b*1104573DA5A8576D95D9B007223099C53E154EB7F9C64C13B91C0E7369B253A6?api-version=2023-03-01-preview",
      "RequestMethod": "GET",
      "RequestHeaders": {
        "Authorization": "Sanitized",
        "traceparent": "00-b4fdbeade621e5fcbe287184aab99f45-444ae609ba0db3d5-00",
        "User-Agent": "azsdk-net-ResourceManager/1.4.0 (.NET 6.0.15; Microsoft Windows 10.0.22621)",
        "x-ms-client-request-id": "9948c15db8543ec51e14d29e0f08605e",
        "x-ms-return-client-request-id": "true"
      },
      "RequestBody": null,
      "StatusCode": 202,
      "ResponseHeaders": {
        "Cache-Control": "no-cache",
        "Content-Length": "595",
        "Content-Type": "application/json; charset=utf-8",
        "Date": "Fri, 17 Mar 2023 05:03:43 GMT",
        "ETag": "\u0022e900d9f1-0000-0700-0000-6413f49d0000\u0022",
        "Expires": "-1",
        "Pragma": "no-cache",
        "Strict-Transport-Security": "max-age=31536000; includeSubDomains",
        "X-Cache": "CONFIG_NOCACHE",
        "X-Content-Type-Options": "nosniff",
        "x-ms-client-request-id": "9948c15db8543ec51e14d29e0f08605e",
        "x-ms-correlation-request-id": "820037a3-a1ca-436c-8cfd-f556685a4301",
        "x-ms-ratelimit-remaining-subscription-reads": "14930",
        "x-ms-request-id": "fcf99f7c-4b6b-498b-8848-cf243bd3f620",
        "x-ms-routing-request-id": "CENTRALUS:20230317T050344Z:820037a3-a1ca-436c-8cfd-f556685a4301",
        "X-MSEdge-Ref": "Ref A: FA7E0D5DA422411EA89CCB3A748DC887 Ref B: STBEDGE0221 Ref C: 2023-03-17T05:03:44Z"
      },
      "ResponseBody": {
        "id": "/subscriptions/ce1bff77-08c1-4199-b7a5-52194a42b6ce/providers/Microsoft.Communication/locations/CENTRALUS/operationStatuses/7a032922-1736-455c-93df-e7bb5743108b*1104573DA5A8576D95D9B007223099C53E154EB7F9C64C13B91C0E7369B253A6",
        "name": "7a032922-1736-455c-93df-e7bb5743108b*1104573DA5A8576D95D9B007223099C53E154EB7F9C64C13B91C0E7369B253A6",
        "resourceId": "/subscriptions/ce1bff77-08c1-4199-b7a5-52194a42b6ce/resourceGroups/Communication-RG-4078/providers/Microsoft.Communication/communicationServices/communication-service-2724",
        "status": "Deleting",
        "startTime": "2023-03-17T05:03:25.7532744Z"
      }
    },
    {
      "RequestUri": "https://api-dogfood.resources.windows-int.net/subscriptions/ce1bff77-08c1-4199-b7a5-52194a42b6ce/providers/Microsoft.Communication/locations/CENTRALUS/operationStatuses/7a032922-1736-455c-93df-e7bb5743108b*1104573DA5A8576D95D9B007223099C53E154EB7F9C64C13B91C0E7369B253A6?api-version=2023-03-01-preview",
      "RequestMethod": "GET",
      "RequestHeaders": {
        "Authorization": "Sanitized",
        "traceparent": "00-b4fdbeade621e5fcbe287184aab99f45-cc538e7fd3ae0494-00",
        "User-Agent": "azsdk-net-ResourceManager/1.4.0 (.NET 6.0.15; Microsoft Windows 10.0.22621)",
        "x-ms-client-request-id": "a38fedaa17741a734c98ae256e51cdaa",
        "x-ms-return-client-request-id": "true"
      },
      "RequestBody": null,
      "StatusCode": 202,
      "ResponseHeaders": {
        "Cache-Control": "no-cache",
        "Content-Length": "595",
        "Content-Type": "application/json; charset=utf-8",
        "Date": "Fri, 17 Mar 2023 05:03:59 GMT",
        "ETag": "\u0022e900d9f1-0000-0700-0000-6413f49d0000\u0022",
        "Expires": "-1",
        "Pragma": "no-cache",
        "Strict-Transport-Security": "max-age=31536000; includeSubDomains",
        "X-Cache": "CONFIG_NOCACHE",
        "X-Content-Type-Options": "nosniff",
        "x-ms-client-request-id": "a38fedaa17741a734c98ae256e51cdaa",
        "x-ms-correlation-request-id": "a54ee4f6-afa9-471f-84c5-6f6ec70b5d40",
        "x-ms-ratelimit-remaining-subscription-reads": "14972",
        "x-ms-request-id": "8b3e28e0-b6b5-490b-9ab8-f36d8c33c273",
        "x-ms-routing-request-id": "CENTRALUS:20230317T050400Z:a54ee4f6-afa9-471f-84c5-6f6ec70b5d40",
        "X-MSEdge-Ref": "Ref A: 0336B7639F3940B7B32F75C1E4AAA4A2 Ref B: STBEDGE0221 Ref C: 2023-03-17T05:04:00Z"
      },
      "ResponseBody": {
        "id": "/subscriptions/ce1bff77-08c1-4199-b7a5-52194a42b6ce/providers/Microsoft.Communication/locations/CENTRALUS/operationStatuses/7a032922-1736-455c-93df-e7bb5743108b*1104573DA5A8576D95D9B007223099C53E154EB7F9C64C13B91C0E7369B253A6",
        "name": "7a032922-1736-455c-93df-e7bb5743108b*1104573DA5A8576D95D9B007223099C53E154EB7F9C64C13B91C0E7369B253A6",
        "resourceId": "/subscriptions/ce1bff77-08c1-4199-b7a5-52194a42b6ce/resourceGroups/Communication-RG-4078/providers/Microsoft.Communication/communicationServices/communication-service-2724",
        "status": "Deleting",
        "startTime": "2023-03-17T05:03:25.7532744Z"
      }
    },
    {
      "RequestUri": "https://api-dogfood.resources.windows-int.net/subscriptions/ce1bff77-08c1-4199-b7a5-52194a42b6ce/providers/Microsoft.Communication/locations/CENTRALUS/operationStatuses/7a032922-1736-455c-93df-e7bb5743108b*1104573DA5A8576D95D9B007223099C53E154EB7F9C64C13B91C0E7369B253A6?api-version=2023-03-01-preview",
      "RequestMethod": "GET",
      "RequestHeaders": {
        "Authorization": "Sanitized",
        "traceparent": "00-b4fdbeade621e5fcbe287184aab99f45-aab61b7e1233e1d9-00",
        "User-Agent": "azsdk-net-ResourceManager/1.4.0 (.NET 6.0.15; Microsoft Windows 10.0.22621)",
        "x-ms-client-request-id": "9da3a959e0b094c8ec730ed4d98cf254",
        "x-ms-return-client-request-id": "true"
      },
      "RequestBody": null,
      "StatusCode": 200,
      "ResponseHeaders": {
        "Cache-Control": "no-cache",
        "Content-Length": "614",
        "Content-Type": "application/json; charset=utf-8",
        "Date": "Fri, 17 Mar 2023 05:04:31 GMT",
        "ETag": "\u0022e9001af6-0000-0700-0000-6413f4df0000\u0022",
        "Expires": "-1",
        "Pragma": "no-cache",
        "Strict-Transport-Security": "max-age=31536000; includeSubDomains",
        "X-Cache": "CONFIG_NOCACHE",
        "X-Content-Type-Options": "nosniff",
        "x-ms-client-request-id": "9da3a959e0b094c8ec730ed4d98cf254",
        "x-ms-correlation-request-id": "73abafbe-d6d1-498b-8d89-df3e9cafd033",
        "x-ms-ratelimit-remaining-subscription-reads": "14971",
        "x-ms-request-id": "55d9504c-3d37-4c1f-b44b-99322ba51705",
        "x-ms-routing-request-id": "CENTRALUS:20230317T050432Z:73abafbe-d6d1-498b-8d89-df3e9cafd033",
        "X-MSEdge-Ref": "Ref A: AC4B77BA921B43688F2D8055AE6D8FAC Ref B: STBEDGE0221 Ref C: 2023-03-17T05:04:32Z"
      },
      "ResponseBody": {
        "id": "/subscriptions/ce1bff77-08c1-4199-b7a5-52194a42b6ce/providers/Microsoft.Communication/locations/CENTRALUS/operationStatuses/7a032922-1736-455c-93df-e7bb5743108b*1104573DA5A8576D95D9B007223099C53E154EB7F9C64C13B91C0E7369B253A6",
        "name": "7a032922-1736-455c-93df-e7bb5743108b*1104573DA5A8576D95D9B007223099C53E154EB7F9C64C13B91C0E7369B253A6",
        "resourceId": "/subscriptions/ce1bff77-08c1-4199-b7a5-52194a42b6ce/resourceGroups/Communication-RG-4078/providers/Microsoft.Communication/communicationServices/communication-service-2724",
        "status": "Succeeded",
        "startTime": "2023-03-17T05:03:25.7532744Z",
        "properties": null
      }
    }
  ],
  "Variables": {
    "AZURE_AUTHORITY_HOST": "https://login.windows-ppe.net/",
    "RandomSeed": "1900489037",
    "RESOURCE_MANAGER_URL": "https://api-dogfood.resources.windows-int.net/",
    "SUBSCRIPTION_ID": "ce1bff77-08c1-4199-b7a5-52194a42b6ce"
  }
}
