{
  "Entries": [
    {
      "RequestUri": "https://api-dogfood.resources.windows-int.net/subscriptions/ce1bff77-08c1-4199-b7a5-52194a42b6ce/resourcegroups/Communication-RG-5325?api-version=**",
      "RequestMethod": "GET",
      "RequestHeaders": {
        "Accept": "application/json",
        "Authorization": "Sanitized",
        "traceparent": "00-9be49590434522a67bf5da5cec35a6a7-a5082efc1c3e4fa6-00",
        "User-Agent": "azsdk-net-ResourceManager/1.4.0 (.NET 6.0.15; Microsoft Windows 10.0.22621)",
        "x-ms-client-request-id": "f671529091c423e400a5f3058587f5f6",
        "x-ms-return-client-request-id": "true"
      },
      "RequestBody": null,
      "StatusCode": 200,
      "ResponseHeaders": {
        "Cache-Control": "no-cache",
        "Content-Length": "239",
        "Content-Type": "application/json; charset=utf-8",
        "Date": "Tue, 21 Mar 2023 14:58:38 GMT",
        "Expires": "-1",
        "Pragma": "no-cache",
        "Strict-Transport-Security": "max-age=31536000; includeSubDomains",
        "X-Cache": "CONFIG_NOCACHE",
        "X-Content-Type-Options": "nosniff",
        "x-ms-correlation-request-id": "23798843-bc59-47ff-8f8b-6b076fba68af",
        "x-ms-ratelimit-remaining-subscription-reads": "14753",
        "x-ms-request-id": "23798843-bc59-47ff-8f8b-6b076fba68af",
        "x-ms-routing-request-id": "CENTRALUS:20230321T145838Z:23798843-bc59-47ff-8f8b-6b076fba68af",
        "X-MSEdge-Ref": "Ref A: C6C89A1966C64357B6D02D1C508A10A0 Ref B: STBEDGE0220 Ref C: 2023-03-21T14:58:38Z"
      },
      "ResponseBody": {
        "id": "/subscriptions/ce1bff77-08c1-4199-b7a5-52194a42b6ce/resourceGroups/Communication-RG-5325",
        "name": "Communication-RG-5325",
        "type": "Microsoft.Resources/resourceGroups",
        "location": "westus",
        "properties": {
          "provisioningState": "Succeeded"
        }
      }
    },
    {
      "RequestUri": "https://api-dogfood.resources.windows-int.net/subscriptions/ce1bff77-08c1-4199-b7a5-52194a42b6ce/resourceGroups/Communication-RG-5325/providers/Microsoft.Communication/communicationServices/communication-service-7022?api-version=2023-03-01-preview",
      "RequestMethod": "PUT",
      "RequestHeaders": {
        "Accept": "application/json",
        "Authorization": "Sanitized",
        "Content-Length": "76",
        "Content-Type": "application/json",
        "traceparent": "00-44a86af67b658a355fbd6f5d399a17d9-03613b46c244f7c1-00",
        "User-Agent": "azsdk-net-ResourceManager.Communication/1.1.0-alpha.20230321.1 (.NET 6.0.15; Microsoft Windows 10.0.22621)",
        "x-ms-client-request-id": "f458cb7e74e8014c28e54e57783ffa0f",
        "x-ms-return-client-request-id": "true"
      },
      "RequestBody": {
        "tags": {},
        "location": "global",
        "properties": {
          "dataLocation": "UnitedStates"
        }
      },
      "StatusCode": 201,
      "ResponseHeaders": {
        "Azure-AsyncNotification": "Enabled",
        "Azure-AsyncOperation": "https://api-dogfood.resources.windows-int.net/subscriptions/ce1bff77-08c1-4199-b7a5-52194a42b6ce/providers/Microsoft.Communication/locations/CENTRALUS/operationStatuses/062c2514-95f8-465d-8d20-c8ccb38c010c*CF2AAEDBDE5DFC202D2418DD7F44849B571EA2B3B405E9F0DBF624D994964AA0?api-version=2023-03-01-preview",
        "Cache-Control": "no-cache",
        "Content-Length": "655",
        "Content-Type": "application/json; charset=utf-8",
        "Date": "Tue, 21 Mar 2023 14:58:39 GMT",
        "ETag": "\u00224701f917-0000-0700-0000-6419c61f0000\u0022",
        "Expires": "-1",
        "mise-correlation-id": "869bbcd4-5bc9-467b-9b8d-0e99b107c46c",
        "Pragma": "no-cache",
        "Request-Context": "appId=",
        "Strict-Transport-Security": "max-age=31536000; includeSubDomains",
        "X-Cache": "CONFIG_NOCACHE",
        "X-Content-Type-Options": "nosniff",
        "x-ms-client-request-id": "f458cb7e74e8014c28e54e57783ffa0f",
        "x-ms-correlation-request-id": "040cb35f-94e3-4e56-9b77-fbac309ebcb7",
        "x-ms-providerhub-traffic": "True",
        "x-ms-ratelimit-remaining-subscription-writes": "1175",
        "x-ms-request-id": "062c2514-95f8-465d-8d20-c8ccb38c010c",
        "x-ms-resource-provider-hint": "noPolling",
        "x-ms-routing-request-id": "CENTRALUS:20230321T145839Z:040cb35f-94e3-4e56-9b77-fbac309ebcb7",
        "X-MSEdge-Ref": "Ref A: D9DAD59882A54412BF0F7A334F7D0A5C Ref B: STBEDGE0220 Ref C: 2023-03-21T14:58:38Z"
      },
      "ResponseBody": {
        "id": "/subscriptions/ce1bff77-08c1-4199-b7a5-52194a42b6ce/resourceGroups/Communication-RG-5325/providers/Microsoft.Communication/communicationServices/communication-service-7022",
        "name": "communication-service-7022",
        "type": "microsoft.communication/communicationservices",
        "location": "global",
        "tags": {},
        "systemData": {
          "createdBy": "dd5e080b-9821-4976-9ab1-c95d8cc8eafa",
          "createdByType": "Application",
          "createdAt": "2023-03-21T14:58:38.7882749Z",
          "lastModifiedBy": "dd5e080b-9821-4976-9ab1-c95d8cc8eafa",
          "lastModifiedByType": "Application",
          "lastModifiedAt": "2023-03-21T14:58:38.7882749Z"
        },
        "properties": {
          "dataLocation": "UnitedStates",
          "provisioningState": "Accepted"
        }
      }
    },
    {
      "RequestUri": "https://api-dogfood.resources.windows-int.net/subscriptions/ce1bff77-08c1-4199-b7a5-52194a42b6ce/providers/Microsoft.Communication/locations/CENTRALUS/operationStatuses/062c2514-95f8-465d-8d20-c8ccb38c010c*CF2AAEDBDE5DFC202D2418DD7F44849B571EA2B3B405E9F0DBF624D994964AA0?api-version=2023-03-01-preview",
      "RequestMethod": "GET",
      "RequestHeaders": {
        "Authorization": "Sanitized",
        "traceparent": "00-44a86af67b658a355fbd6f5d399a17d9-6b9c1676a48cf57d-00",
        "User-Agent": "azsdk-net-ResourceManager/1.4.0 (.NET 6.0.15; Microsoft Windows 10.0.22621)",
        "x-ms-client-request-id": "e4c06c458181dea825f49bab96cc8766",
        "x-ms-return-client-request-id": "true"
      },
      "RequestBody": null,
      "StatusCode": 200,
      "ResponseHeaders": {
        "Cache-Control": "no-cache",
        "Content-Length": "595",
        "Content-Type": "application/json; charset=utf-8",
        "Date": "Tue, 21 Mar 2023 14:58:39 GMT",
        "ETag": "\u0022580415eb-0000-0700-0000-6419c61f0000\u0022",
        "Expires": "-1",
        "Pragma": "no-cache",
        "Strict-Transport-Security": "max-age=31536000; includeSubDomains",
        "X-Cache": "CONFIG_NOCACHE",
        "X-Content-Type-Options": "nosniff",
        "x-ms-client-request-id": "e4c06c458181dea825f49bab96cc8766",
        "x-ms-correlation-request-id": "663a9f5a-b7c3-4cd3-afe2-2c3b310c77ea",
        "x-ms-ratelimit-remaining-subscription-reads": "14751",
        "x-ms-request-id": "4b945ec0-35b2-4952-bac6-d783670b0be4",
        "x-ms-routing-request-id": "CENTRALUS:20230321T145839Z:663a9f5a-b7c3-4cd3-afe2-2c3b310c77ea",
        "X-MSEdge-Ref": "Ref A: B80C7921F91E4146BA27694E220E5D27 Ref B: STBEDGE0220 Ref C: 2023-03-21T14:58:39Z"
      },
      "ResponseBody": {
        "id": "/subscriptions/ce1bff77-08c1-4199-b7a5-52194a42b6ce/providers/Microsoft.Communication/locations/CENTRALUS/operationStatuses/062c2514-95f8-465d-8d20-c8ccb38c010c*CF2AAEDBDE5DFC202D2418DD7F44849B571EA2B3B405E9F0DBF624D994964AA0",
        "name": "062c2514-95f8-465d-8d20-c8ccb38c010c*CF2AAEDBDE5DFC202D2418DD7F44849B571EA2B3B405E9F0DBF624D994964AA0",
        "resourceId": "/subscriptions/ce1bff77-08c1-4199-b7a5-52194a42b6ce/resourceGroups/Communication-RG-5325/providers/Microsoft.Communication/communicationServices/communication-service-7022",
        "status": "Accepted",
        "startTime": "2023-03-21T14:58:39.1763437Z"
      }
    },
    {
      "RequestUri": "https://api-dogfood.resources.windows-int.net/subscriptions/ce1bff77-08c1-4199-b7a5-52194a42b6ce/providers/Microsoft.Communication/locations/CENTRALUS/operationStatuses/062c2514-95f8-465d-8d20-c8ccb38c010c*CF2AAEDBDE5DFC202D2418DD7F44849B571EA2B3B405E9F0DBF624D994964AA0?api-version=2023-03-01-preview",
      "RequestMethod": "GET",
      "RequestHeaders": {
        "Authorization": "Sanitized",
        "traceparent": "00-44a86af67b658a355fbd6f5d399a17d9-aadd94dccec08e7d-00",
        "User-Agent": "azsdk-net-ResourceManager/1.4.0 (.NET 6.0.15; Microsoft Windows 10.0.22621)",
        "x-ms-client-request-id": "850bf5f8cc4eb23da701ff984882e59b",
        "x-ms-return-client-request-id": "true"
      },
      "RequestBody": null,
      "StatusCode": 200,
      "ResponseHeaders": {
        "Cache-Control": "no-cache",
        "Content-Length": "595",
        "Content-Type": "application/json; charset=utf-8",
        "Date": "Tue, 21 Mar 2023 14:58:40 GMT",
        "ETag": "\u0022580415eb-0000-0700-0000-6419c61f0000\u0022",
        "Expires": "-1",
        "Pragma": "no-cache",
        "Strict-Transport-Security": "max-age=31536000; includeSubDomains",
        "X-Cache": "CONFIG_NOCACHE",
        "X-Content-Type-Options": "nosniff",
        "x-ms-client-request-id": "850bf5f8cc4eb23da701ff984882e59b",
        "x-ms-correlation-request-id": "1bdd74fd-d48c-4a54-a483-fe2baa7740e4",
        "x-ms-ratelimit-remaining-subscription-reads": "14750",
        "x-ms-request-id": "4199d5ad-4169-4387-8c25-b4e6f2352a4d",
        "x-ms-routing-request-id": "CENTRALUS:20230321T145840Z:1bdd74fd-d48c-4a54-a483-fe2baa7740e4",
        "X-MSEdge-Ref": "Ref A: BC0CA9275519422BB8282372676A23B6 Ref B: STBEDGE0220 Ref C: 2023-03-21T14:58:40Z"
      },
      "ResponseBody": {
        "id": "/subscriptions/ce1bff77-08c1-4199-b7a5-52194a42b6ce/providers/Microsoft.Communication/locations/CENTRALUS/operationStatuses/062c2514-95f8-465d-8d20-c8ccb38c010c*CF2AAEDBDE5DFC202D2418DD7F44849B571EA2B3B405E9F0DBF624D994964AA0",
        "name": "062c2514-95f8-465d-8d20-c8ccb38c010c*CF2AAEDBDE5DFC202D2418DD7F44849B571EA2B3B405E9F0DBF624D994964AA0",
        "resourceId": "/subscriptions/ce1bff77-08c1-4199-b7a5-52194a42b6ce/resourceGroups/Communication-RG-5325/providers/Microsoft.Communication/communicationServices/communication-service-7022",
        "status": "Accepted",
        "startTime": "2023-03-21T14:58:39.1763437Z"
      }
    },
    {
      "RequestUri": "https://api-dogfood.resources.windows-int.net/subscriptions/ce1bff77-08c1-4199-b7a5-52194a42b6ce/providers/Microsoft.Communication/locations/CENTRALUS/operationStatuses/062c2514-95f8-465d-8d20-c8ccb38c010c*CF2AAEDBDE5DFC202D2418DD7F44849B571EA2B3B405E9F0DBF624D994964AA0?api-version=2023-03-01-preview",
      "RequestMethod": "GET",
      "RequestHeaders": {
        "Authorization": "Sanitized",
        "traceparent": "00-44a86af67b658a355fbd6f5d399a17d9-192227d411abc8f5-00",
        "User-Agent": "azsdk-net-ResourceManager/1.4.0 (.NET 6.0.15; Microsoft Windows 10.0.22621)",
        "x-ms-client-request-id": "0b1172aa167ef88e5ac805d62f77c028",
        "x-ms-return-client-request-id": "true"
      },
      "RequestBody": null,
      "StatusCode": 200,
      "ResponseHeaders": {
        "Cache-Control": "no-cache",
        "Content-Length": "595",
        "Content-Type": "application/json; charset=utf-8",
        "Date": "Tue, 21 Mar 2023 14:58:41 GMT",
        "ETag": "\u0022580415eb-0000-0700-0000-6419c61f0000\u0022",
        "Expires": "-1",
        "Pragma": "no-cache",
        "Strict-Transport-Security": "max-age=31536000; includeSubDomains",
        "X-Cache": "CONFIG_NOCACHE",
        "X-Content-Type-Options": "nosniff",
        "x-ms-client-request-id": "0b1172aa167ef88e5ac805d62f77c028",
        "x-ms-correlation-request-id": "4e06f5eb-e8a3-431b-ba87-70329360c00f",
        "x-ms-ratelimit-remaining-subscription-reads": "14749",
        "x-ms-request-id": "af045449-6e37-4cbd-a0f0-cf71942df37e",
        "x-ms-routing-request-id": "CENTRALUS:20230321T145842Z:4e06f5eb-e8a3-431b-ba87-70329360c00f",
        "X-MSEdge-Ref": "Ref A: 0CEFCCAB0FC846E9B53DA0EADF57F0F1 Ref B: STBEDGE0220 Ref C: 2023-03-21T14:58:41Z"
      },
      "ResponseBody": {
        "id": "/subscriptions/ce1bff77-08c1-4199-b7a5-52194a42b6ce/providers/Microsoft.Communication/locations/CENTRALUS/operationStatuses/062c2514-95f8-465d-8d20-c8ccb38c010c*CF2AAEDBDE5DFC202D2418DD7F44849B571EA2B3B405E9F0DBF624D994964AA0",
        "name": "062c2514-95f8-465d-8d20-c8ccb38c010c*CF2AAEDBDE5DFC202D2418DD7F44849B571EA2B3B405E9F0DBF624D994964AA0",
        "resourceId": "/subscriptions/ce1bff77-08c1-4199-b7a5-52194a42b6ce/resourceGroups/Communication-RG-5325/providers/Microsoft.Communication/communicationServices/communication-service-7022",
        "status": "Accepted",
        "startTime": "2023-03-21T14:58:39.1763437Z"
      }
    },
    {
      "RequestUri": "https://api-dogfood.resources.windows-int.net/subscriptions/ce1bff77-08c1-4199-b7a5-52194a42b6ce/providers/Microsoft.Communication/locations/CENTRALUS/operationStatuses/062c2514-95f8-465d-8d20-c8ccb38c010c*CF2AAEDBDE5DFC202D2418DD7F44849B571EA2B3B405E9F0DBF624D994964AA0?api-version=2023-03-01-preview",
      "RequestMethod": "GET",
      "RequestHeaders": {
        "Authorization": "Sanitized",
        "traceparent": "00-44a86af67b658a355fbd6f5d399a17d9-c530eb9465894f4d-00",
        "User-Agent": "azsdk-net-ResourceManager/1.4.0 (.NET 6.0.15; Microsoft Windows 10.0.22621)",
        "x-ms-client-request-id": "26d0c5c8b681788d2f0e3c7f820f95a2",
        "x-ms-return-client-request-id": "true"
      },
      "RequestBody": null,
      "StatusCode": 200,
      "ResponseHeaders": {
        "Cache-Control": "no-cache",
        "Content-Length": "595",
        "Content-Type": "application/json; charset=utf-8",
        "Date": "Tue, 21 Mar 2023 14:58:42 GMT",
        "ETag": "\u0022580415eb-0000-0700-0000-6419c61f0000\u0022",
        "Expires": "-1",
        "Pragma": "no-cache",
        "Strict-Transport-Security": "max-age=31536000; includeSubDomains",
        "X-Cache": "CONFIG_NOCACHE",
        "X-Content-Type-Options": "nosniff",
        "x-ms-client-request-id": "26d0c5c8b681788d2f0e3c7f820f95a2",
        "x-ms-correlation-request-id": "40513981-13a8-4bee-96f0-ea5c5cf93340",
        "x-ms-ratelimit-remaining-subscription-reads": "14748",
        "x-ms-request-id": "31846867-3ecd-4c62-9d6c-1db0ab0db32f",
        "x-ms-routing-request-id": "CENTRALUS:20230321T145843Z:40513981-13a8-4bee-96f0-ea5c5cf93340",
        "X-MSEdge-Ref": "Ref A: 167E9D89865C4036AF44567A0B677E1C Ref B: STBEDGE0220 Ref C: 2023-03-21T14:58:43Z"
      },
      "ResponseBody": {
        "id": "/subscriptions/ce1bff77-08c1-4199-b7a5-52194a42b6ce/providers/Microsoft.Communication/locations/CENTRALUS/operationStatuses/062c2514-95f8-465d-8d20-c8ccb38c010c*CF2AAEDBDE5DFC202D2418DD7F44849B571EA2B3B405E9F0DBF624D994964AA0",
        "name": "062c2514-95f8-465d-8d20-c8ccb38c010c*CF2AAEDBDE5DFC202D2418DD7F44849B571EA2B3B405E9F0DBF624D994964AA0",
        "resourceId": "/subscriptions/ce1bff77-08c1-4199-b7a5-52194a42b6ce/resourceGroups/Communication-RG-5325/providers/Microsoft.Communication/communicationServices/communication-service-7022",
        "status": "Accepted",
        "startTime": "2023-03-21T14:58:39.1763437Z"
      }
    },
    {
      "RequestUri": "https://api-dogfood.resources.windows-int.net/subscriptions/ce1bff77-08c1-4199-b7a5-52194a42b6ce/providers/Microsoft.Communication/locations/CENTRALUS/operationStatuses/062c2514-95f8-465d-8d20-c8ccb38c010c*CF2AAEDBDE5DFC202D2418DD7F44849B571EA2B3B405E9F0DBF624D994964AA0?api-version=2023-03-01-preview",
      "RequestMethod": "GET",
      "RequestHeaders": {
        "Authorization": "Sanitized",
        "traceparent": "00-44a86af67b658a355fbd6f5d399a17d9-005e533ebd5f61a2-00",
        "User-Agent": "azsdk-net-ResourceManager/1.4.0 (.NET 6.0.15; Microsoft Windows 10.0.22621)",
        "x-ms-client-request-id": "2301000f7cbae2e766132a85c7668330",
        "x-ms-return-client-request-id": "true"
      },
      "RequestBody": null,
      "StatusCode": 200,
      "ResponseHeaders": {
        "Cache-Control": "no-cache",
        "Content-Length": "595",
        "Content-Type": "application/json; charset=utf-8",
        "Date": "Tue, 21 Mar 2023 14:58:45 GMT",
        "ETag": "\u0022580415eb-0000-0700-0000-6419c61f0000\u0022",
        "Expires": "-1",
        "Pragma": "no-cache",
        "Strict-Transport-Security": "max-age=31536000; includeSubDomains",
        "X-Cache": "CONFIG_NOCACHE",
        "X-Content-Type-Options": "nosniff",
        "x-ms-client-request-id": "2301000f7cbae2e766132a85c7668330",
        "x-ms-correlation-request-id": "5fc9fd0c-1951-470b-a9c4-f1700738c949",
        "x-ms-ratelimit-remaining-subscription-reads": "14747",
        "x-ms-request-id": "e4e25317-bc3c-4a9b-a6ff-53a7aeb43962",
        "x-ms-routing-request-id": "CENTRALUS:20230321T145845Z:5fc9fd0c-1951-470b-a9c4-f1700738c949",
        "X-MSEdge-Ref": "Ref A: EE4A1FC6DD5846849E30B7F6CD78587A Ref B: STBEDGE0220 Ref C: 2023-03-21T14:58:45Z"
      },
      "ResponseBody": {
        "id": "/subscriptions/ce1bff77-08c1-4199-b7a5-52194a42b6ce/providers/Microsoft.Communication/locations/CENTRALUS/operationStatuses/062c2514-95f8-465d-8d20-c8ccb38c010c*CF2AAEDBDE5DFC202D2418DD7F44849B571EA2B3B405E9F0DBF624D994964AA0",
        "name": "062c2514-95f8-465d-8d20-c8ccb38c010c*CF2AAEDBDE5DFC202D2418DD7F44849B571EA2B3B405E9F0DBF624D994964AA0",
        "resourceId": "/subscriptions/ce1bff77-08c1-4199-b7a5-52194a42b6ce/resourceGroups/Communication-RG-5325/providers/Microsoft.Communication/communicationServices/communication-service-7022",
        "status": "Accepted",
        "startTime": "2023-03-21T14:58:39.1763437Z"
      }
    },
    {
      "RequestUri": "https://api-dogfood.resources.windows-int.net/subscriptions/ce1bff77-08c1-4199-b7a5-52194a42b6ce/providers/Microsoft.Communication/locations/CENTRALUS/operationStatuses/062c2514-95f8-465d-8d20-c8ccb38c010c*CF2AAEDBDE5DFC202D2418DD7F44849B571EA2B3B405E9F0DBF624D994964AA0?api-version=2023-03-01-preview",
      "RequestMethod": "GET",
      "RequestHeaders": {
        "Authorization": "Sanitized",
        "traceparent": "00-44a86af67b658a355fbd6f5d399a17d9-32f27b5b05f52716-00",
        "User-Agent": "azsdk-net-ResourceManager/1.4.0 (.NET 6.0.15; Microsoft Windows 10.0.22621)",
        "x-ms-client-request-id": "83d0d640beb2f319e499dc70d90e754a",
        "x-ms-return-client-request-id": "true"
      },
      "RequestBody": null,
      "StatusCode": 200,
      "ResponseHeaders": {
        "Cache-Control": "no-cache",
        "Content-Length": "595",
        "Content-Type": "application/json; charset=utf-8",
        "Date": "Tue, 21 Mar 2023 14:58:49 GMT",
        "ETag": "\u0022580415eb-0000-0700-0000-6419c61f0000\u0022",
        "Expires": "-1",
        "Pragma": "no-cache",
        "Strict-Transport-Security": "max-age=31536000; includeSubDomains",
        "X-Cache": "CONFIG_NOCACHE",
        "X-Content-Type-Options": "nosniff",
        "x-ms-client-request-id": "83d0d640beb2f319e499dc70d90e754a",
        "x-ms-correlation-request-id": "f30a0b29-4b46-4335-b673-fa4008a2f7f6",
        "x-ms-ratelimit-remaining-subscription-reads": "14746",
        "x-ms-request-id": "7953d9ef-6e44-40d8-97d3-030e35624594",
        "x-ms-routing-request-id": "CENTRALUS:20230321T145849Z:f30a0b29-4b46-4335-b673-fa4008a2f7f6",
        "X-MSEdge-Ref": "Ref A: 27317BC19793484CB732570B2844AB06 Ref B: STBEDGE0220 Ref C: 2023-03-21T14:58:49Z"
      },
      "ResponseBody": {
        "id": "/subscriptions/ce1bff77-08c1-4199-b7a5-52194a42b6ce/providers/Microsoft.Communication/locations/CENTRALUS/operationStatuses/062c2514-95f8-465d-8d20-c8ccb38c010c*CF2AAEDBDE5DFC202D2418DD7F44849B571EA2B3B405E9F0DBF624D994964AA0",
        "name": "062c2514-95f8-465d-8d20-c8ccb38c010c*CF2AAEDBDE5DFC202D2418DD7F44849B571EA2B3B405E9F0DBF624D994964AA0",
        "resourceId": "/subscriptions/ce1bff77-08c1-4199-b7a5-52194a42b6ce/resourceGroups/Communication-RG-5325/providers/Microsoft.Communication/communicationServices/communication-service-7022",
        "status": "Accepted",
        "startTime": "2023-03-21T14:58:39.1763437Z"
      }
    },
    {
      "RequestUri": "https://api-dogfood.resources.windows-int.net/subscriptions/ce1bff77-08c1-4199-b7a5-52194a42b6ce/providers/Microsoft.Communication/locations/CENTRALUS/operationStatuses/062c2514-95f8-465d-8d20-c8ccb38c010c*CF2AAEDBDE5DFC202D2418DD7F44849B571EA2B3B405E9F0DBF624D994964AA0?api-version=2023-03-01-preview",
      "RequestMethod": "GET",
      "RequestHeaders": {
        "Authorization": "Sanitized",
        "traceparent": "00-44a86af67b658a355fbd6f5d399a17d9-bcce541db05d7001-00",
        "User-Agent": "azsdk-net-ResourceManager/1.4.0 (.NET 6.0.15; Microsoft Windows 10.0.22621)",
        "x-ms-client-request-id": "2ec763339d754c6eddeebf6d8b07b1c8",
        "x-ms-return-client-request-id": "true"
      },
      "RequestBody": null,
      "StatusCode": 200,
      "ResponseHeaders": {
        "Cache-Control": "no-cache",
        "Content-Length": "595",
        "Content-Type": "application/json; charset=utf-8",
        "Date": "Tue, 21 Mar 2023 14:58:57 GMT",
        "ETag": "\u0022580415eb-0000-0700-0000-6419c61f0000\u0022",
        "Expires": "-1",
        "Pragma": "no-cache",
        "Strict-Transport-Security": "max-age=31536000; includeSubDomains",
        "X-Cache": "CONFIG_NOCACHE",
        "X-Content-Type-Options": "nosniff",
        "x-ms-client-request-id": "2ec763339d754c6eddeebf6d8b07b1c8",
        "x-ms-correlation-request-id": "c6a985ae-9088-4a16-b63d-965ec6ae560f",
        "x-ms-ratelimit-remaining-subscription-reads": "14744",
        "x-ms-request-id": "e85f5a5c-0dce-4806-a1c0-fbe626bedcaf",
        "x-ms-routing-request-id": "CENTRALUS:20230321T145857Z:c6a985ae-9088-4a16-b63d-965ec6ae560f",
        "X-MSEdge-Ref": "Ref A: 73FADBAD5C6D405385EC572DC2251BB3 Ref B: STBEDGE0220 Ref C: 2023-03-21T14:58:57Z"
      },
      "ResponseBody": {
        "id": "/subscriptions/ce1bff77-08c1-4199-b7a5-52194a42b6ce/providers/Microsoft.Communication/locations/CENTRALUS/operationStatuses/062c2514-95f8-465d-8d20-c8ccb38c010c*CF2AAEDBDE5DFC202D2418DD7F44849B571EA2B3B405E9F0DBF624D994964AA0",
        "name": "062c2514-95f8-465d-8d20-c8ccb38c010c*CF2AAEDBDE5DFC202D2418DD7F44849B571EA2B3B405E9F0DBF624D994964AA0",
        "resourceId": "/subscriptions/ce1bff77-08c1-4199-b7a5-52194a42b6ce/resourceGroups/Communication-RG-5325/providers/Microsoft.Communication/communicationServices/communication-service-7022",
        "status": "Accepted",
        "startTime": "2023-03-21T14:58:39.1763437Z"
      }
    },
    {
      "RequestUri": "https://api-dogfood.resources.windows-int.net/subscriptions/ce1bff77-08c1-4199-b7a5-52194a42b6ce/providers/Microsoft.Communication/locations/CENTRALUS/operationStatuses/062c2514-95f8-465d-8d20-c8ccb38c010c*CF2AAEDBDE5DFC202D2418DD7F44849B571EA2B3B405E9F0DBF624D994964AA0?api-version=2023-03-01-preview",
      "RequestMethod": "GET",
      "RequestHeaders": {
        "Authorization": "Sanitized",
        "traceparent": "00-44a86af67b658a355fbd6f5d399a17d9-aa9ef51c065ba6ad-00",
        "User-Agent": "azsdk-net-ResourceManager/1.4.0 (.NET 6.0.15; Microsoft Windows 10.0.22621)",
        "x-ms-client-request-id": "ab3e0c8a123f50f0e70e3e219f770957",
        "x-ms-return-client-request-id": "true"
      },
      "RequestBody": null,
      "StatusCode": 200,
      "ResponseHeaders": {
        "Cache-Control": "no-cache",
        "Content-Length": "595",
        "Content-Type": "application/json; charset=utf-8",
        "Date": "Tue, 21 Mar 2023 14:59:14 GMT",
        "ETag": "\u0022580415eb-0000-0700-0000-6419c61f0000\u0022",
        "Expires": "-1",
        "Pragma": "no-cache",
        "Strict-Transport-Security": "max-age=31536000; includeSubDomains",
        "X-Cache": "CONFIG_NOCACHE",
        "X-Content-Type-Options": "nosniff",
        "x-ms-client-request-id": "ab3e0c8a123f50f0e70e3e219f770957",
        "x-ms-correlation-request-id": "90c44152-4ded-4e82-8674-dc971854a63d",
        "x-ms-ratelimit-remaining-subscription-reads": "14743",
        "x-ms-request-id": "e8b03a29-e9bb-4d9e-8081-82535b266bb5",
        "x-ms-routing-request-id": "CENTRALUS:20230321T145914Z:90c44152-4ded-4e82-8674-dc971854a63d",
        "X-MSEdge-Ref": "Ref A: 16D6586436C4410E8213564FD35A0973 Ref B: STBEDGE0220 Ref C: 2023-03-21T14:59:13Z"
      },
      "ResponseBody": {
        "id": "/subscriptions/ce1bff77-08c1-4199-b7a5-52194a42b6ce/providers/Microsoft.Communication/locations/CENTRALUS/operationStatuses/062c2514-95f8-465d-8d20-c8ccb38c010c*CF2AAEDBDE5DFC202D2418DD7F44849B571EA2B3B405E9F0DBF624D994964AA0",
        "name": "062c2514-95f8-465d-8d20-c8ccb38c010c*CF2AAEDBDE5DFC202D2418DD7F44849B571EA2B3B405E9F0DBF624D994964AA0",
        "resourceId": "/subscriptions/ce1bff77-08c1-4199-b7a5-52194a42b6ce/resourceGroups/Communication-RG-5325/providers/Microsoft.Communication/communicationServices/communication-service-7022",
        "status": "Accepted",
        "startTime": "2023-03-21T14:58:39.1763437Z"
      }
    },
    {
      "RequestUri": "https://api-dogfood.resources.windows-int.net/subscriptions/ce1bff77-08c1-4199-b7a5-52194a42b6ce/providers/Microsoft.Communication/locations/CENTRALUS/operationStatuses/062c2514-95f8-465d-8d20-c8ccb38c010c*CF2AAEDBDE5DFC202D2418DD7F44849B571EA2B3B405E9F0DBF624D994964AA0?api-version=2023-03-01-preview",
      "RequestMethod": "GET",
      "RequestHeaders": {
        "Authorization": "Sanitized",
        "traceparent": "00-44a86af67b658a355fbd6f5d399a17d9-4446d3fd0e502315-00",
        "User-Agent": "azsdk-net-ResourceManager/1.4.0 (.NET 6.0.15; Microsoft Windows 10.0.22621)",
        "x-ms-client-request-id": "6352df9d549fa3ba6783a5c3ffab67dd",
        "x-ms-return-client-request-id": "true"
      },
      "RequestBody": null,
      "StatusCode": 200,
      "ResponseHeaders": {
        "Cache-Control": "no-cache",
        "Content-Length": "614",
        "Content-Type": "application/json; charset=utf-8",
        "Date": "Tue, 21 Mar 2023 14:59:46 GMT",
        "ETag": "\u00225904c30f-0000-0700-0000-6419c6610000\u0022",
        "Expires": "-1",
        "Pragma": "no-cache",
        "Strict-Transport-Security": "max-age=31536000; includeSubDomains",
        "X-Cache": "CONFIG_NOCACHE",
        "X-Content-Type-Options": "nosniff",
        "x-ms-client-request-id": "6352df9d549fa3ba6783a5c3ffab67dd",
        "x-ms-correlation-request-id": "0de6ae00-dfbc-45f3-b423-3bc00cd342de",
        "x-ms-ratelimit-remaining-subscription-reads": "14800",
        "x-ms-request-id": "3144cec8-47b0-4bca-b803-262bfdfbf99b",
        "x-ms-routing-request-id": "CENTRALUS:20230321T145946Z:0de6ae00-dfbc-45f3-b423-3bc00cd342de",
        "X-MSEdge-Ref": "Ref A: E4DBFC72D82B46B58A59E134654B47B5 Ref B: STBEDGE0220 Ref C: 2023-03-21T14:59:46Z"
      },
      "ResponseBody": {
        "id": "/subscriptions/ce1bff77-08c1-4199-b7a5-52194a42b6ce/providers/Microsoft.Communication/locations/CENTRALUS/operationStatuses/062c2514-95f8-465d-8d20-c8ccb38c010c*CF2AAEDBDE5DFC202D2418DD7F44849B571EA2B3B405E9F0DBF624D994964AA0",
        "name": "062c2514-95f8-465d-8d20-c8ccb38c010c*CF2AAEDBDE5DFC202D2418DD7F44849B571EA2B3B405E9F0DBF624D994964AA0",
        "resourceId": "/subscriptions/ce1bff77-08c1-4199-b7a5-52194a42b6ce/resourceGroups/Communication-RG-5325/providers/Microsoft.Communication/communicationServices/communication-service-7022",
        "status": "Succeeded",
        "startTime": "2023-03-21T14:58:39.1763437Z",
        "properties": null
      }
    },
    {
      "RequestUri": "https://api-dogfood.resources.windows-int.net/subscriptions/ce1bff77-08c1-4199-b7a5-52194a42b6ce/resourceGroups/Communication-RG-5325/providers/Microsoft.Communication/communicationServices/communication-service-7022?api-version=2023-03-01-preview",
      "RequestMethod": "GET",
      "RequestHeaders": {
        "Authorization": "Sanitized",
        "traceparent": "00-44a86af67b658a355fbd6f5d399a17d9-748b396f4cbc87b9-00",
        "User-Agent": "azsdk-net-ResourceManager/1.4.0 (.NET 6.0.15; Microsoft Windows 10.0.22621)",
        "x-ms-client-request-id": "cde513e7cad0200b737647675f4dac66",
        "x-ms-return-client-request-id": "true"
      },
      "RequestBody": null,
      "StatusCode": 200,
      "ResponseHeaders": {
        "Cache-Control": "no-cache",
        "Content-Length": "785",
        "Content-Type": "application/json; charset=utf-8",
        "Date": "Tue, 21 Mar 2023 14:59:46 GMT",
        "ETag": "\u002247016a19-0000-0700-0000-6419c6280000\u0022",
        "Expires": "-1",
        "Pragma": "no-cache",
        "Strict-Transport-Security": "max-age=31536000; includeSubDomains",
        "X-Cache": "CONFIG_NOCACHE",
        "X-Content-Type-Options": "nosniff",
        "x-ms-client-request-id": "cde513e7cad0200b737647675f4dac66",
        "x-ms-correlation-request-id": "3e3d3842-a604-42d7-87f0-1be13360f55c",
        "x-ms-providerhub-traffic": "True",
        "x-ms-ratelimit-remaining-subscription-reads": "14799",
        "x-ms-request-id": "b025eb63-ffc0-48a3-b101-f355b308f868",
        "x-ms-routing-request-id": "CENTRALUS:20230321T145947Z:3e3d3842-a604-42d7-87f0-1be13360f55c",
        "X-MSEdge-Ref": "Ref A: F42232F0F12E4AF5AE13B42A77A2C674 Ref B: STBEDGE0220 Ref C: 2023-03-21T14:59:46Z"
      },
      "ResponseBody": {
        "id": "/subscriptions/ce1bff77-08c1-4199-b7a5-52194a42b6ce/resourceGroups/Communication-RG-5325/providers/Microsoft.Communication/communicationServices/communication-service-7022",
        "name": "communication-service-7022",
        "type": "microsoft.communication/communicationservices",
        "location": "global",
        "tags": {},
        "systemData": {
          "createdBy": "dd5e080b-9821-4976-9ab1-c95d8cc8eafa",
          "createdByType": "Application",
          "createdAt": "2023-03-21T14:58:38.7882749Z",
          "lastModifiedBy": "dd5e080b-9821-4976-9ab1-c95d8cc8eafa",
          "lastModifiedByType": "Application",
          "lastModifiedAt": "2023-03-21T14:58:38.7882749Z"
        },
        "properties": {
          "provisioningState": "Succeeded",
          "hostName": "communication-service-7022.int.communication.azure.net",
          "immutableResourceId": "c2f44541-f09d-4f7d-8832-46ea5327e717",
          "dataLocation": "UnitedStates"
        }
      }
    },
    {
      "RequestUri": "https://api-dogfood.resources.windows-int.net/subscriptions/ce1bff77-08c1-4199-b7a5-52194a42b6ce/resourceGroups/Communication-RG-5325/providers/Microsoft.Communication/communicationServices/communication-service-7022?api-version=2023-03-01-preview",
      "RequestMethod": "DELETE",
      "RequestHeaders": {
        "Accept": "application/json",
        "Authorization": "Sanitized",
        "traceparent": "00-ca579f498d8db31aca8e92ca2eb116d7-862a22bc3cac590d-00",
        "User-Agent": "azsdk-net-ResourceManager.Communication/1.1.0-alpha.20230321.1 (.NET 6.0.15; Microsoft Windows 10.0.22621)",
        "x-ms-client-request-id": "accf67e54db43528519b44bb6d2c513b",
        "x-ms-return-client-request-id": "true"
      },
      "RequestBody": null,
      "StatusCode": 202,
      "ResponseHeaders": {
        "Azure-AsyncNotification": "Enabled",
        "Azure-AsyncOperation": "https://api-dogfood.resources.windows-int.net/subscriptions/ce1bff77-08c1-4199-b7a5-52194a42b6ce/providers/Microsoft.Communication/locations/CENTRALUS/operationStatuses/2b9c3c68-a623-486a-8fe9-17aa6a47681e*CF2AAEDBDE5DFC202D2418DD7F44849B571EA2B3B405E9F0DBF624D994964AA0?api-version=2023-03-01-preview",
        "Cache-Control": "no-cache",
        "Content-Length": "4",
        "Content-Type": "application/json; charset=utf-8",
        "Date": "Tue, 21 Mar 2023 14:59:47 GMT",
        "ETag": "\u00224701c221-0000-0700-0000-6419c6630000\u0022",
        "Expires": "-1",
        "Location": "https://api-dogfood.resources.windows-int.net/subscriptions/ce1bff77-08c1-4199-b7a5-52194a42b6ce/providers/Microsoft.Communication/locations/CENTRALUS/operationStatuses/2b9c3c68-a623-486a-8fe9-17aa6a47681e*CF2AAEDBDE5DFC202D2418DD7F44849B571EA2B3B405E9F0DBF624D994964AA0?api-version=2023-03-01-preview",
        "Pragma": "no-cache",
        "Strict-Transport-Security": "max-age=31536000; includeSubDomains",
        "X-Cache": "CONFIG_NOCACHE",
        "X-Content-Type-Options": "nosniff",
        "x-ms-client-request-id": "accf67e54db43528519b44bb6d2c513b",
        "x-ms-correlation-request-id": "e111f997-a25f-4136-b544-ce7480867659",
        "x-ms-providerhub-traffic": "True",
        "x-ms-ratelimit-remaining-subscription-deletes": "14990",
        "x-ms-request-id": "2b9c3c68-a623-486a-8fe9-17aa6a47681e",
        "x-ms-resource-provider-hint": "noPolling",
        "x-ms-routing-request-id": "CENTRALUS:20230321T145947Z:e111f997-a25f-4136-b544-ce7480867659",
        "X-MSEdge-Ref": "Ref A: 588DA51651214EEBB4D8310D1C1C09A3 Ref B: STBEDGE0220 Ref C: 2023-03-21T14:59:47Z"
      },
      "ResponseBody": "null"
    },
    {
      "RequestUri": "https://api-dogfood.resources.windows-int.net/subscriptions/ce1bff77-08c1-4199-b7a5-52194a42b6ce/providers/Microsoft.Communication/locations/CENTRALUS/operationStatuses/2b9c3c68-a623-486a-8fe9-17aa6a47681e*CF2AAEDBDE5DFC202D2418DD7F44849B571EA2B3B405E9F0DBF624D994964AA0?api-version=2023-03-01-preview",
      "RequestMethod": "GET",
      "RequestHeaders": {
        "Authorization": "Sanitized",
        "traceparent": "00-ca579f498d8db31aca8e92ca2eb116d7-6aaaf529ce48cf45-00",
        "User-Agent": "azsdk-net-ResourceManager/1.4.0 (.NET 6.0.15; Microsoft Windows 10.0.22621)",
        "x-ms-client-request-id": "97de3ed6bbdb9a28ebb07b34854fb346",
        "x-ms-return-client-request-id": "true"
      },
      "RequestBody": null,
      "StatusCode": 202,
      "ResponseHeaders": {
        "Cache-Control": "no-cache",
        "Content-Length": "594",
        "Content-Type": "application/json; charset=utf-8",
        "Date": "Tue, 21 Mar 2023 14:59:47 GMT",
        "ETag": "\u002259040a11-0000-0700-0000-6419c6630000\u0022",
        "Expires": "-1",
        "Pragma": "no-cache",
        "Strict-Transport-Security": "max-age=31536000; includeSubDomains",
        "X-Cache": "CONFIG_NOCACHE",
        "X-Content-Type-Options": "nosniff",
        "x-ms-client-request-id": "97de3ed6bbdb9a28ebb07b34854fb346",
        "x-ms-correlation-request-id": "954a7d5d-50af-486a-a416-b5c4db375eed",
        "x-ms-ratelimit-remaining-subscription-reads": "14798",
        "x-ms-request-id": "cae12eaa-88a5-4c7d-9376-f23bc4f4a365",
        "x-ms-routing-request-id": "CENTRALUS:20230321T145947Z:954a7d5d-50af-486a-a416-b5c4db375eed",
        "X-MSEdge-Ref": "Ref A: 0E6A9B6F5CA542538821CCB0FB67E765 Ref B: STBEDGE0220 Ref C: 2023-03-21T14:59:47Z"
      },
      "ResponseBody": {
        "id": "/subscriptions/ce1bff77-08c1-4199-b7a5-52194a42b6ce/providers/Microsoft.Communication/locations/CENTRALUS/operationStatuses/2b9c3c68-a623-486a-8fe9-17aa6a47681e*CF2AAEDBDE5DFC202D2418DD7F44849B571EA2B3B405E9F0DBF624D994964AA0",
        "name": "2b9c3c68-a623-486a-8fe9-17aa6a47681e*CF2AAEDBDE5DFC202D2418DD7F44849B571EA2B3B405E9F0DBF624D994964AA0",
        "resourceId": "/subscriptions/ce1bff77-08c1-4199-b7a5-52194a42b6ce/resourceGroups/Communication-RG-5325/providers/Microsoft.Communication/communicationServices/communication-service-7022",
        "status": "Deleting",
        "startTime": "2023-03-21T14:59:47.400214Z"
      }
    },
    {
      "RequestUri": "https://api-dogfood.resources.windows-int.net/subscriptions/ce1bff77-08c1-4199-b7a5-52194a42b6ce/providers/Microsoft.Communication/locations/CENTRALUS/operationStatuses/2b9c3c68-a623-486a-8fe9-17aa6a47681e*CF2AAEDBDE5DFC202D2418DD7F44849B571EA2B3B405E9F0DBF624D994964AA0?api-version=2023-03-01-preview",
      "RequestMethod": "GET",
      "RequestHeaders": {
        "Authorization": "Sanitized",
        "traceparent": "00-ca579f498d8db31aca8e92ca2eb116d7-6bf0d183f64affa9-00",
        "User-Agent": "azsdk-net-ResourceManager/1.4.0 (.NET 6.0.15; Microsoft Windows 10.0.22621)",
        "x-ms-client-request-id": "fdc10b252114a9d5e0fbd7825cff27fe",
        "x-ms-return-client-request-id": "true"
      },
      "RequestBody": null,
      "StatusCode": 202,
      "ResponseHeaders": {
        "Cache-Control": "no-cache",
        "Content-Length": "594",
        "Content-Type": "application/json; charset=utf-8",
        "Date": "Tue, 21 Mar 2023 14:59:48 GMT",
        "ETag": "\u002259040a11-0000-0700-0000-6419c6630000\u0022",
        "Expires": "-1",
        "Pragma": "no-cache",
        "Strict-Transport-Security": "max-age=31536000; includeSubDomains",
        "X-Cache": "CONFIG_NOCACHE",
        "X-Content-Type-Options": "nosniff",
        "x-ms-client-request-id": "fdc10b252114a9d5e0fbd7825cff27fe",
        "x-ms-correlation-request-id": "337eaa54-986a-4471-8fe4-8657fb88040f",
        "x-ms-ratelimit-remaining-subscription-reads": "14797",
        "x-ms-request-id": "6cd8c110-bf47-458b-a532-849ce5385e9f",
        "x-ms-routing-request-id": "CENTRALUS:20230321T145949Z:337eaa54-986a-4471-8fe4-8657fb88040f",
        "X-MSEdge-Ref": "Ref A: 767C59D29A03499DA7ABAFC56E27E98C Ref B: STBEDGE0220 Ref C: 2023-03-21T14:59:48Z"
      },
      "ResponseBody": {
        "id": "/subscriptions/ce1bff77-08c1-4199-b7a5-52194a42b6ce/providers/Microsoft.Communication/locations/CENTRALUS/operationStatuses/2b9c3c68-a623-486a-8fe9-17aa6a47681e*CF2AAEDBDE5DFC202D2418DD7F44849B571EA2B3B405E9F0DBF624D994964AA0",
        "name": "2b9c3c68-a623-486a-8fe9-17aa6a47681e*CF2AAEDBDE5DFC202D2418DD7F44849B571EA2B3B405E9F0DBF624D994964AA0",
        "resourceId": "/subscriptions/ce1bff77-08c1-4199-b7a5-52194a42b6ce/resourceGroups/Communication-RG-5325/providers/Microsoft.Communication/communicationServices/communication-service-7022",
        "status": "Deleting",
        "startTime": "2023-03-21T14:59:47.400214Z"
      }
    },
    {
      "RequestUri": "https://api-dogfood.resources.windows-int.net/subscriptions/ce1bff77-08c1-4199-b7a5-52194a42b6ce/providers/Microsoft.Communication/locations/CENTRALUS/operationStatuses/2b9c3c68-a623-486a-8fe9-17aa6a47681e*CF2AAEDBDE5DFC202D2418DD7F44849B571EA2B3B405E9F0DBF624D994964AA0?api-version=2023-03-01-preview",
      "RequestMethod": "GET",
      "RequestHeaders": {
        "Authorization": "Sanitized",
        "traceparent": "00-ca579f498d8db31aca8e92ca2eb116d7-14c5ebdfd1942c20-00",
        "User-Agent": "azsdk-net-ResourceManager/1.4.0 (.NET 6.0.15; Microsoft Windows 10.0.22621)",
        "x-ms-client-request-id": "2ee52a57b94dea5f389fa0e0c0524d85",
        "x-ms-return-client-request-id": "true"
      },
      "RequestBody": null,
      "StatusCode": 202,
      "ResponseHeaders": {
        "Cache-Control": "no-cache",
        "Content-Length": "594",
        "Content-Type": "application/json; charset=utf-8",
        "Date": "Tue, 21 Mar 2023 14:59:49 GMT",
        "ETag": "\u002259040a11-0000-0700-0000-6419c6630000\u0022",
        "Expires": "-1",
        "Pragma": "no-cache",
        "Strict-Transport-Security": "max-age=31536000; includeSubDomains",
        "X-Cache": "CONFIG_NOCACHE",
        "X-Content-Type-Options": "nosniff",
        "x-ms-client-request-id": "2ee52a57b94dea5f389fa0e0c0524d85",
        "x-ms-correlation-request-id": "06d19697-89e0-41ca-a69b-4e74fa6fea39",
        "x-ms-ratelimit-remaining-subscription-reads": "14796",
        "x-ms-request-id": "d57d22e9-bd4c-4395-8a78-22d9673509a6",
        "x-ms-routing-request-id": "CENTRALUS:20230321T145950Z:06d19697-89e0-41ca-a69b-4e74fa6fea39",
        "X-MSEdge-Ref": "Ref A: 6C5F7461D18F4D378B392B68E4E65730 Ref B: STBEDGE0220 Ref C: 2023-03-21T14:59:50Z"
      },
      "ResponseBody": {
        "id": "/subscriptions/ce1bff77-08c1-4199-b7a5-52194a42b6ce/providers/Microsoft.Communication/locations/CENTRALUS/operationStatuses/2b9c3c68-a623-486a-8fe9-17aa6a47681e*CF2AAEDBDE5DFC202D2418DD7F44849B571EA2B3B405E9F0DBF624D994964AA0",
        "name": "2b9c3c68-a623-486a-8fe9-17aa6a47681e*CF2AAEDBDE5DFC202D2418DD7F44849B571EA2B3B405E9F0DBF624D994964AA0",
        "resourceId": "/subscriptions/ce1bff77-08c1-4199-b7a5-52194a42b6ce/resourceGroups/Communication-RG-5325/providers/Microsoft.Communication/communicationServices/communication-service-7022",
        "status": "Deleting",
        "startTime": "2023-03-21T14:59:47.400214Z"
      }
    },
    {
      "RequestUri": "https://api-dogfood.resources.windows-int.net/subscriptions/ce1bff77-08c1-4199-b7a5-52194a42b6ce/providers/Microsoft.Communication/locations/CENTRALUS/operationStatuses/2b9c3c68-a623-486a-8fe9-17aa6a47681e*CF2AAEDBDE5DFC202D2418DD7F44849B571EA2B3B405E9F0DBF624D994964AA0?api-version=2023-03-01-preview",
      "RequestMethod": "GET",
      "RequestHeaders": {
        "Authorization": "Sanitized",
        "traceparent": "00-ca579f498d8db31aca8e92ca2eb116d7-32fb1fd710b6a698-00",
        "User-Agent": "azsdk-net-ResourceManager/1.4.0 (.NET 6.0.15; Microsoft Windows 10.0.22621)",
        "x-ms-client-request-id": "0203a97f4691b5066835b7dfe4a53deb",
        "x-ms-return-client-request-id": "true"
      },
      "RequestBody": null,
      "StatusCode": 202,
      "ResponseHeaders": {
        "Cache-Control": "no-cache",
        "Content-Length": "594",
        "Content-Type": "application/json; charset=utf-8",
        "Date": "Tue, 21 Mar 2023 14:59:51 GMT",
        "ETag": "\u002259040a11-0000-0700-0000-6419c6630000\u0022",
        "Expires": "-1",
        "Pragma": "no-cache",
        "Strict-Transport-Security": "max-age=31536000; includeSubDomains",
        "X-Cache": "CONFIG_NOCACHE",
        "X-Content-Type-Options": "nosniff",
        "x-ms-client-request-id": "0203a97f4691b5066835b7dfe4a53deb",
        "x-ms-correlation-request-id": "bb3383a4-460f-493d-8148-35a5328dcd78",
        "x-ms-ratelimit-remaining-subscription-reads": "14795",
        "x-ms-request-id": "e4ca27b0-a0e0-436c-a913-7a207213f977",
        "x-ms-routing-request-id": "CENTRALUS:20230321T145951Z:bb3383a4-460f-493d-8148-35a5328dcd78",
        "X-MSEdge-Ref": "Ref A: 5A3332E46D024FBD91D911CFBC46507C Ref B: STBEDGE0220 Ref C: 2023-03-21T14:59:51Z"
      },
      "ResponseBody": {
        "id": "/subscriptions/ce1bff77-08c1-4199-b7a5-52194a42b6ce/providers/Microsoft.Communication/locations/CENTRALUS/operationStatuses/2b9c3c68-a623-486a-8fe9-17aa6a47681e*CF2AAEDBDE5DFC202D2418DD7F44849B571EA2B3B405E9F0DBF624D994964AA0",
        "name": "2b9c3c68-a623-486a-8fe9-17aa6a47681e*CF2AAEDBDE5DFC202D2418DD7F44849B571EA2B3B405E9F0DBF624D994964AA0",
        "resourceId": "/subscriptions/ce1bff77-08c1-4199-b7a5-52194a42b6ce/resourceGroups/Communication-RG-5325/providers/Microsoft.Communication/communicationServices/communication-service-7022",
        "status": "Deleting",
        "startTime": "2023-03-21T14:59:47.400214Z"
      }
    },
    {
      "RequestUri": "https://api-dogfood.resources.windows-int.net/subscriptions/ce1bff77-08c1-4199-b7a5-52194a42b6ce/providers/Microsoft.Communication/locations/CENTRALUS/operationStatuses/2b9c3c68-a623-486a-8fe9-17aa6a47681e*CF2AAEDBDE5DFC202D2418DD7F44849B571EA2B3B405E9F0DBF624D994964AA0?api-version=2023-03-01-preview",
      "RequestMethod": "GET",
      "RequestHeaders": {
        "Authorization": "Sanitized",
        "traceparent": "00-ca579f498d8db31aca8e92ca2eb116d7-add9e6e8cc930621-00",
        "User-Agent": "azsdk-net-ResourceManager/1.4.0 (.NET 6.0.15; Microsoft Windows 10.0.22621)",
        "x-ms-client-request-id": "5bdd7d8884696cf9abd7c47480f5e98d",
        "x-ms-return-client-request-id": "true"
      },
      "RequestBody": null,
      "StatusCode": 202,
      "ResponseHeaders": {
        "Cache-Control": "no-cache",
        "Content-Length": "594",
        "Content-Type": "application/json; charset=utf-8",
        "Date": "Tue, 21 Mar 2023 14:59:53 GMT",
        "ETag": "\u002259040a11-0000-0700-0000-6419c6630000\u0022",
        "Expires": "-1",
        "Pragma": "no-cache",
        "Strict-Transport-Security": "max-age=31536000; includeSubDomains",
        "X-Cache": "CONFIG_NOCACHE",
        "X-Content-Type-Options": "nosniff",
        "x-ms-client-request-id": "5bdd7d8884696cf9abd7c47480f5e98d",
        "x-ms-correlation-request-id": "2bdcc625-1fe4-4b6d-af2b-f2328d274f1d",
        "x-ms-ratelimit-remaining-subscription-reads": "14794",
        "x-ms-request-id": "c1a6e075-0e69-4de6-aed4-4b182758a8a7",
        "x-ms-routing-request-id": "CENTRALUS:20230321T145953Z:2bdcc625-1fe4-4b6d-af2b-f2328d274f1d",
        "X-MSEdge-Ref": "Ref A: 3209009443CA40559C8FC28694E3A4A0 Ref B: STBEDGE0220 Ref C: 2023-03-21T14:59:53Z"
      },
      "ResponseBody": {
        "id": "/subscriptions/ce1bff77-08c1-4199-b7a5-52194a42b6ce/providers/Microsoft.Communication/locations/CENTRALUS/operationStatuses/2b9c3c68-a623-486a-8fe9-17aa6a47681e*CF2AAEDBDE5DFC202D2418DD7F44849B571EA2B3B405E9F0DBF624D994964AA0",
        "name": "2b9c3c68-a623-486a-8fe9-17aa6a47681e*CF2AAEDBDE5DFC202D2418DD7F44849B571EA2B3B405E9F0DBF624D994964AA0",
        "resourceId": "/subscriptions/ce1bff77-08c1-4199-b7a5-52194a42b6ce/resourceGroups/Communication-RG-5325/providers/Microsoft.Communication/communicationServices/communication-service-7022",
        "status": "Deleting",
        "startTime": "2023-03-21T14:59:47.400214Z"
      }
    },
    {
      "RequestUri": "https://api-dogfood.resources.windows-int.net/subscriptions/ce1bff77-08c1-4199-b7a5-52194a42b6ce/providers/Microsoft.Communication/locations/CENTRALUS/operationStatuses/2b9c3c68-a623-486a-8fe9-17aa6a47681e*CF2AAEDBDE5DFC202D2418DD7F44849B571EA2B3B405E9F0DBF624D994964AA0?api-version=2023-03-01-preview",
      "RequestMethod": "GET",
      "RequestHeaders": {
        "Authorization": "Sanitized",
        "traceparent": "00-ca579f498d8db31aca8e92ca2eb116d7-5002dd8a0598cf55-00",
        "User-Agent": "azsdk-net-ResourceManager/1.4.0 (.NET 6.0.15; Microsoft Windows 10.0.22621)",
        "x-ms-client-request-id": "b30351ae25fb106c232fc618017f0593",
        "x-ms-return-client-request-id": "true"
      },
      "RequestBody": null,
      "StatusCode": 202,
      "ResponseHeaders": {
        "Cache-Control": "no-cache",
        "Content-Length": "594",
        "Content-Type": "application/json; charset=utf-8",
        "Date": "Tue, 21 Mar 2023 14:59:57 GMT",
        "ETag": "\u002259040a11-0000-0700-0000-6419c6630000\u0022",
        "Expires": "-1",
        "Pragma": "no-cache",
        "Strict-Transport-Security": "max-age=31536000; includeSubDomains",
        "X-Cache": "CONFIG_NOCACHE",
        "X-Content-Type-Options": "nosniff",
        "x-ms-client-request-id": "b30351ae25fb106c232fc618017f0593",
        "x-ms-correlation-request-id": "7665b8f0-bae9-4481-81ea-bebf09ddda84",
        "x-ms-ratelimit-remaining-subscription-reads": "14793",
        "x-ms-request-id": "515ee4d0-ef20-4009-a5ca-cbfb5f03160f",
        "x-ms-routing-request-id": "CENTRALUS:20230321T145957Z:7665b8f0-bae9-4481-81ea-bebf09ddda84",
        "X-MSEdge-Ref": "Ref A: C0B4EFA43D56477FB6B5A29E196F9B3A Ref B: STBEDGE0220 Ref C: 2023-03-21T14:59:57Z"
      },
      "ResponseBody": {
        "id": "/subscriptions/ce1bff77-08c1-4199-b7a5-52194a42b6ce/providers/Microsoft.Communication/locations/CENTRALUS/operationStatuses/2b9c3c68-a623-486a-8fe9-17aa6a47681e*CF2AAEDBDE5DFC202D2418DD7F44849B571EA2B3B405E9F0DBF624D994964AA0",
        "name": "2b9c3c68-a623-486a-8fe9-17aa6a47681e*CF2AAEDBDE5DFC202D2418DD7F44849B571EA2B3B405E9F0DBF624D994964AA0",
        "resourceId": "/subscriptions/ce1bff77-08c1-4199-b7a5-52194a42b6ce/resourceGroups/Communication-RG-5325/providers/Microsoft.Communication/communicationServices/communication-service-7022",
        "status": "Deleting",
        "startTime": "2023-03-21T14:59:47.400214Z"
      }
    },
    {
      "RequestUri": "https://api-dogfood.resources.windows-int.net/subscriptions/ce1bff77-08c1-4199-b7a5-52194a42b6ce/providers/Microsoft.Communication/locations/CENTRALUS/operationStatuses/2b9c3c68-a623-486a-8fe9-17aa6a47681e*CF2AAEDBDE5DFC202D2418DD7F44849B571EA2B3B405E9F0DBF624D994964AA0?api-version=2023-03-01-preview",
      "RequestMethod": "GET",
      "RequestHeaders": {
        "Authorization": "Sanitized",
        "traceparent": "00-ca579f498d8db31aca8e92ca2eb116d7-448c27c74ba6beda-00",
        "User-Agent": "azsdk-net-ResourceManager/1.4.0 (.NET 6.0.15; Microsoft Windows 10.0.22621)",
        "x-ms-client-request-id": "4358b461f274fa1bb09756ba81913473",
        "x-ms-return-client-request-id": "true"
      },
      "RequestBody": null,
      "StatusCode": 202,
      "ResponseHeaders": {
        "Cache-Control": "no-cache",
        "Content-Length": "594",
        "Content-Type": "application/json; charset=utf-8",
        "Date": "Tue, 21 Mar 2023 15:00:05 GMT",
        "ETag": "\u002259040a11-0000-0700-0000-6419c6630000\u0022",
        "Expires": "-1",
        "Pragma": "no-cache",
        "Strict-Transport-Security": "max-age=31536000; includeSubDomains",
        "X-Cache": "CONFIG_NOCACHE",
        "X-Content-Type-Options": "nosniff",
        "x-ms-client-request-id": "4358b461f274fa1bb09756ba81913473",
        "x-ms-correlation-request-id": "e7273a24-90d4-48df-bcba-3fb9373296f7",
        "x-ms-ratelimit-remaining-subscription-reads": "14797",
        "x-ms-request-id": "a74feb43-be7b-4f35-8062-28a5b5a8f2a0",
        "x-ms-routing-request-id": "CENTRALUS:20230321T150006Z:e7273a24-90d4-48df-bcba-3fb9373296f7",
        "X-MSEdge-Ref": "Ref A: DD2EEAE827134F6DB5BC1992F2E12E44 Ref B: STBEDGE0220 Ref C: 2023-03-21T15:00:05Z"
      },
      "ResponseBody": {
        "id": "/subscriptions/ce1bff77-08c1-4199-b7a5-52194a42b6ce/providers/Microsoft.Communication/locations/CENTRALUS/operationStatuses/2b9c3c68-a623-486a-8fe9-17aa6a47681e*CF2AAEDBDE5DFC202D2418DD7F44849B571EA2B3B405E9F0DBF624D994964AA0",
        "name": "2b9c3c68-a623-486a-8fe9-17aa6a47681e*CF2AAEDBDE5DFC202D2418DD7F44849B571EA2B3B405E9F0DBF624D994964AA0",
        "resourceId": "/subscriptions/ce1bff77-08c1-4199-b7a5-52194a42b6ce/resourceGroups/Communication-RG-5325/providers/Microsoft.Communication/communicationServices/communication-service-7022",
        "status": "Deleting",
        "startTime": "2023-03-21T14:59:47.400214Z"
      }
    },
    {
      "RequestUri": "https://api-dogfood.resources.windows-int.net/subscriptions/ce1bff77-08c1-4199-b7a5-52194a42b6ce/providers/Microsoft.Communication/locations/CENTRALUS/operationStatuses/2b9c3c68-a623-486a-8fe9-17aa6a47681e*CF2AAEDBDE5DFC202D2418DD7F44849B571EA2B3B405E9F0DBF624D994964AA0?api-version=2023-03-01-preview",
      "RequestMethod": "GET",
      "RequestHeaders": {
        "Authorization": "Sanitized",
        "traceparent": "00-ca579f498d8db31aca8e92ca2eb116d7-a0913a891e2224e0-00",
        "User-Agent": "azsdk-net-ResourceManager/1.4.0 (.NET 6.0.15; Microsoft Windows 10.0.22621)",
        "x-ms-client-request-id": "92312a4b8aa162f010cd373abde06a2c",
        "x-ms-return-client-request-id": "true"
      },
      "RequestBody": null,
      "StatusCode": 202,
      "ResponseHeaders": {
        "Cache-Control": "no-cache",
        "Content-Length": "594",
        "Content-Type": "application/json; charset=utf-8",
        "Date": "Tue, 21 Mar 2023 15:00:21 GMT",
        "ETag": "\u002259040a11-0000-0700-0000-6419c6630000\u0022",
        "Expires": "-1",
        "Pragma": "no-cache",
        "Strict-Transport-Security": "max-age=31536000; includeSubDomains",
        "X-Cache": "CONFIG_NOCACHE",
        "X-Content-Type-Options": "nosniff",
        "x-ms-client-request-id": "92312a4b8aa162f010cd373abde06a2c",
        "x-ms-correlation-request-id": "d8644ae7-c2e5-44dc-9948-d76ebdc39fc2",
        "x-ms-ratelimit-remaining-subscription-reads": "14796",
        "x-ms-request-id": "36d6d896-7332-460c-b420-9bdb5d916144",
        "x-ms-routing-request-id": "CENTRALUS:20230321T150022Z:d8644ae7-c2e5-44dc-9948-d76ebdc39fc2",
        "X-MSEdge-Ref": "Ref A: 10625A08632C44D4BB36BB2AE00AF944 Ref B: STBEDGE0220 Ref C: 2023-03-21T15:00:22Z"
      },
      "ResponseBody": {
        "id": "/subscriptions/ce1bff77-08c1-4199-b7a5-52194a42b6ce/providers/Microsoft.Communication/locations/CENTRALUS/operationStatuses/2b9c3c68-a623-486a-8fe9-17aa6a47681e*CF2AAEDBDE5DFC202D2418DD7F44849B571EA2B3B405E9F0DBF624D994964AA0",
        "name": "2b9c3c68-a623-486a-8fe9-17aa6a47681e*CF2AAEDBDE5DFC202D2418DD7F44849B571EA2B3B405E9F0DBF624D994964AA0",
        "resourceId": "/subscriptions/ce1bff77-08c1-4199-b7a5-52194a42b6ce/resourceGroups/Communication-RG-5325/providers/Microsoft.Communication/communicationServices/communication-service-7022",
        "status": "Deleting",
        "startTime": "2023-03-21T14:59:47.400214Z"
      }
    },
    {
      "RequestUri": "https://api-dogfood.resources.windows-int.net/subscriptions/ce1bff77-08c1-4199-b7a5-52194a42b6ce/providers/Microsoft.Communication/locations/CENTRALUS/operationStatuses/2b9c3c68-a623-486a-8fe9-17aa6a47681e*CF2AAEDBDE5DFC202D2418DD7F44849B571EA2B3B405E9F0DBF624D994964AA0?api-version=2023-03-01-preview",
      "RequestMethod": "GET",
      "RequestHeaders": {
        "Authorization": "Sanitized",
        "traceparent": "00-ca579f498d8db31aca8e92ca2eb116d7-248556433720d9ed-00",
        "User-Agent": "azsdk-net-ResourceManager/1.4.0 (.NET 6.0.15; Microsoft Windows 10.0.22621)",
        "x-ms-client-request-id": "cc1331d1a69cbb1836080264cfb28e92",
        "x-ms-return-client-request-id": "true"
      },
      "RequestBody": null,
      "StatusCode": 200,
      "ResponseHeaders": {
        "Cache-Control": "no-cache",
        "Content-Length": "613",
        "Content-Type": "application/json; charset=utf-8",
        "Date": "Tue, 21 Mar 2023 15:00:54 GMT",
        "ETag": "\u00225904a735-0000-0700-0000-6419c6a50000\u0022",
        "Expires": "-1",
        "Pragma": "no-cache",
        "Strict-Transport-Security": "max-age=31536000; includeSubDomains",
        "X-Cache": "CONFIG_NOCACHE",
        "X-Content-Type-Options": "nosniff",
        "x-ms-client-request-id": "cc1331d1a69cbb1836080264cfb28e92",
        "x-ms-correlation-request-id": "adaf70e4-b86a-41f8-bd84-6489735c0c23",
        "x-ms-ratelimit-remaining-subscription-reads": "14236",
        "x-ms-request-id": "ece8d8e6-6822-4328-8954-f9e0c059dab7",
        "x-ms-routing-request-id": "CENTRALUS:20230321T150054Z:adaf70e4-b86a-41f8-bd84-6489735c0c23",
        "X-MSEdge-Ref": "Ref A: DD9A95F3B1FC48CEB3A6C3575CAF74A0 Ref B: STBEDGE0220 Ref C: 2023-03-21T15:00:54Z"
      },
      "ResponseBody": {
        "id": "/subscriptions/ce1bff77-08c1-4199-b7a5-52194a42b6ce/providers/Microsoft.Communication/locations/CENTRALUS/operationStatuses/2b9c3c68-a623-486a-8fe9-17aa6a47681e*CF2AAEDBDE5DFC202D2418DD7F44849B571EA2B3B405E9F0DBF624D994964AA0",
        "name": "2b9c3c68-a623-486a-8fe9-17aa6a47681e*CF2AAEDBDE5DFC202D2418DD7F44849B571EA2B3B405E9F0DBF624D994964AA0",
        "resourceId": "/subscriptions/ce1bff77-08c1-4199-b7a5-52194a42b6ce/resourceGroups/Communication-RG-5325/providers/Microsoft.Communication/communicationServices/communication-service-7022",
        "status": "Succeeded",
        "startTime": "2023-03-21T14:59:47.400214Z",
        "properties": null
      }
    },
    {
      "RequestUri": "https://api-dogfood.resources.windows-int.net/subscriptions/ce1bff77-08c1-4199-b7a5-52194a42b6ce/resourceGroups/Communication-RG-5325/providers/Microsoft.Communication/communicationServices/communication-service-7022?api-version=2023-03-01-preview",
      "RequestMethod": "GET",
      "RequestHeaders": {
        "Accept": "application/json",
        "Authorization": "Sanitized",
        "traceparent": "00-cf982e690b4c8f86621f58e6c5f6743c-03f088ee03c9cd4b-00",
        "User-Agent": "azsdk-net-ResourceManager.Communication/1.1.0-alpha.20230321.1 (.NET 6.0.15; Microsoft Windows 10.0.22621)",
        "x-ms-client-request-id": "d7cd52fa734dd7f1c4f632a7bae13dd0",
        "x-ms-return-client-request-id": "true"
      },
      "RequestBody": null,
      "StatusCode": 404,
      "ResponseHeaders": {
        "Cache-Control": "no-cache",
        "Content-Length": "157",
        "Content-Type": "application/json",
        "Date": "Tue, 21 Mar 2023 15:00:56 GMT",
        "Expires": "-1",
        "Pragma": "no-cache",
        "Strict-Transport-Security": "max-age=31536000; includeSubDomains",
        "X-Cache": "CONFIG_NOCACHE",
        "X-Content-Type-Options": "nosniff",
        "x-ms-client-request-id": "d7cd52fa734dd7f1c4f632a7bae13dd0",
        "x-ms-correlation-request-id": "2233c3e7-cf43-435c-8b87-ad06ddf1833c",
        "x-ms-failure-cause": "gateway",
        "x-ms-providerhub-traffic": "True",
        "x-ms-ratelimit-remaining-subscription-reads": "14234",
        "x-ms-request-id": "787691de-3561-4e8d-8304-e02cfb440b45",
        "x-ms-routing-request-id": "CENTRALUS:20230321T150057Z:2233c3e7-cf43-435c-8b87-ad06ddf1833c",
        "X-MSEdge-Ref": "Ref A: C68E70E9012048D9ACFFF4B015509452 Ref B: STBEDGE0220 Ref C: 2023-03-21T15:00:54Z"
      },
      "ResponseBody": {
        "error": {
          "code": "ResourceNotFound",
          "message": "The resource \u0027Microsoft.Communication/communicationServices/communication-service-7022\u0027 could not be found."
        }
      }
    },
    {
      "RequestUri": "https://api-dogfood.resources.windows-int.net/subscriptions/ce1bff77-08c1-4199-b7a5-52194a42b6ce/resourceGroups/Communication-RG-5325/providers/Microsoft.Communication/communicationServices?api-version=2023-03-01-preview",
      "RequestMethod": "GET",
      "RequestHeaders": {
        "Accept": "application/json",
        "Authorization": "Sanitized",
        "User-Agent": "azsdk-net-ResourceManager.Communication/1.1.0-alpha.20230321.1 (.NET 6.0.15; Microsoft Windows 10.0.22621)",
        "x-ms-client-request-id": "50e9292c687da5d611755c98878b925d",
        "x-ms-return-client-request-id": "true"
      },
      "RequestBody": null,
      "StatusCode": 200,
      "ResponseHeaders": {
        "Cache-Control": "no-cache",
        "Content-Length": "12",
        "Content-Type": "application/json; charset=utf-8",
        "Date": "Tue, 21 Mar 2023 15:00:57 GMT",
        "Expires": "-1",
        "Pragma": "no-cache",
        "Strict-Transport-Security": "max-age=31536000; includeSubDomains",
        "X-Cache": "CONFIG_NOCACHE",
        "X-Content-Type-Options": "nosniff",
        "x-ms-client-request-id": "50e9292c687da5d611755c98878b925d",
        "x-ms-correlation-request-id": "69b676f4-06b9-49f9-b519-8bdb9f6328f0",
        "x-ms-providerhub-traffic": "True",
        "x-ms-ratelimit-remaining-subscription-reads": "14233",
        "x-ms-request-id": "f53595e8-4e74-4ae4-b390-fe6b89323779",
        "x-ms-routing-request-id": "CENTRALUS:20230321T150057Z:69b676f4-06b9-49f9-b519-8bdb9f6328f0",
        "X-MSEdge-Ref": "Ref A: 05FFF4F2A4BD46B8BAE3B3E82E893104 Ref B: STBEDGE0220 Ref C: 2023-03-21T15:00:57Z"
      },
      "ResponseBody": {
        "value": []
      }
    }
  ],
  "Variables": {
    "AZURE_AUTHORITY_HOST": "https://login.windows-ppe.net/",
    "RandomSeed": "1661687199",
    "RESOURCE_MANAGER_URL": "https://api-dogfood.resources.windows-int.net/",
    "SERVICE_MANAGEMENT_URL": "https://management.core.windows.net/",
    "SUBSCRIPTION_ID": "ce1bff77-08c1-4199-b7a5-52194a42b6ce"
  }
}
