{
  "Entries": [
    {
      "RequestUri": "https://api-dogfood.resources.windows-int.net/subscriptions/ce1bff77-08c1-4199-b7a5-52194a42b6ce/resourcegroups/Communication-RG-4837?api-version=**",
      "RequestMethod": "GET",
      "RequestHeaders": {
        "Accept": "application/json",
        "Authorization": "Sanitized",
        "traceparent": "00-0f8d5140d987e0aa9bdb866df9de1faf-517504cd9db89be6-00",
        "User-Agent": "azsdk-net-ResourceManager/1.4.0 (.NET 6.0.15; Microsoft Windows 10.0.22621)",
        "x-ms-client-request-id": "b81eb276addd56450dcad7f0b4acf7cc",
        "x-ms-return-client-request-id": "true"
      },
      "RequestBody": null,
      "StatusCode": 200,
      "ResponseHeaders": {
        "Cache-Control": "no-cache",
        "Content-Length": "239",
        "Content-Type": "application/json; charset=utf-8",
        "Date": "Mon, 20 Mar 2023 07:27:35 GMT",
        "Expires": "-1",
        "Pragma": "no-cache",
        "Strict-Transport-Security": "max-age=31536000; includeSubDomains",
        "X-Cache": "CONFIG_NOCACHE",
        "X-Content-Type-Options": "nosniff",
        "x-ms-correlation-request-id": "ef66a66b-f23a-41a8-bebb-c1ec1b77eb20",
        "x-ms-ratelimit-remaining-subscription-reads": "14986",
        "x-ms-request-id": "ef66a66b-f23a-41a8-bebb-c1ec1b77eb20",
        "x-ms-routing-request-id": "CENTRALUS:20230320T072735Z:ef66a66b-f23a-41a8-bebb-c1ec1b77eb20",
        "X-MSEdge-Ref": "Ref A: 990812321C6A42A8BB545BDB9E5D3D75 Ref B: STBEDGE0518 Ref C: 2023-03-20T07:27:35Z"
      },
      "ResponseBody": {
        "id": "/subscriptions/ce1bff77-08c1-4199-b7a5-52194a42b6ce/resourceGroups/Communication-RG-4837",
        "name": "Communication-RG-4837",
        "type": "Microsoft.Resources/resourceGroups",
        "location": "westus",
        "properties": {
          "provisioningState": "Succeeded"
        }
      }
    },
    {
      "RequestUri": "https://api-dogfood.resources.windows-int.net/subscriptions/ce1bff77-08c1-4199-b7a5-52194a42b6ce/resourceGroups/Communication-RG-4837/providers/Microsoft.Communication/communicationServices/communication-service-2986?api-version=2023-03-01-preview",
      "RequestMethod": "PUT",
      "RequestHeaders": {
        "Accept": "application/json",
        "Authorization": "Sanitized",
        "Content-Length": "76",
        "Content-Type": "application/json",
        "traceparent": "00-3caabf1f219e3b2a9c75ffdd120fa30e-381bb1049c18c8ca-00",
        "User-Agent": "azsdk-net-ResourceManager.Communication/1.1.0-alpha.20230319.1 (.NET 6.0.15; Microsoft Windows 10.0.22621)",
        "x-ms-client-request-id": "fe22aaee7fe1005bddc5b670f3f81d27",
        "x-ms-return-client-request-id": "true"
      },
      "RequestBody": {
        "tags": {},
        "location": "global",
        "properties": {
          "dataLocation": "UnitedStates"
        }
      },
      "StatusCode": 201,
      "ResponseHeaders": {
        "Azure-AsyncNotification": "Enabled",
        "Azure-AsyncOperation": "https://api-dogfood.resources.windows-int.net/subscriptions/ce1bff77-08c1-4199-b7a5-52194a42b6ce/providers/Microsoft.Communication/locations/CENTRALUS/operationStatuses/6cf3a424-a0f5-46d4-8fad-98942e24f0e7*701F37388AC587FD15B33515A327184C2159437EC1EADFACA8E0248949E15B9B?api-version=2023-03-01-preview",
        "Cache-Control": "no-cache",
        "Content-Length": "653",
        "Content-Type": "application/json; charset=utf-8",
        "Date": "Mon, 20 Mar 2023 07:27:36 GMT",
        "ETag": "\u002216013e4f-0000-0700-0000-64180ae80000\u0022",
        "Expires": "-1",
        "mise-correlation-id": "5aa445dd-0ef0-4bed-8df8-5c164bc26960",
        "Pragma": "no-cache",
        "Request-Context": "appId=",
        "Strict-Transport-Security": "max-age=31536000; includeSubDomains",
        "X-Cache": "CONFIG_NOCACHE",
        "X-Content-Type-Options": "nosniff",
        "x-ms-client-request-id": "fe22aaee7fe1005bddc5b670f3f81d27",
        "x-ms-correlation-request-id": "e2dc24d6-e407-4ab9-876d-8e5b0994b332",
        "x-ms-providerhub-traffic": "True",
        "x-ms-ratelimit-remaining-subscription-writes": "1199",
        "x-ms-request-id": "6cf3a424-a0f5-46d4-8fad-98942e24f0e7",
        "x-ms-resource-provider-hint": "noPolling",
        "x-ms-routing-request-id": "CENTRALUS:20230320T072736Z:e2dc24d6-e407-4ab9-876d-8e5b0994b332",
        "X-MSEdge-Ref": "Ref A: 427D2BE35C8E4C54B720F3524C7D1C1E Ref B: STBEDGE0518 Ref C: 2023-03-20T07:27:36Z"
      },
      "ResponseBody": {
        "id": "/subscriptions/ce1bff77-08c1-4199-b7a5-52194a42b6ce/resourceGroups/Communication-RG-4837/providers/Microsoft.Communication/communicationServices/communication-service-2986",
        "name": "communication-service-2986",
        "type": "microsoft.communication/communicationservices",
        "location": "global",
        "tags": {},
        "systemData": {
          "createdBy": "dd5e080b-9821-4976-9ab1-c95d8cc8eafa",
          "createdByType": "Application",
          "createdAt": "2023-03-20T07:27:36.219414Z",
          "lastModifiedBy": "dd5e080b-9821-4976-9ab1-c95d8cc8eafa",
          "lastModifiedByType": "Application",
          "lastModifiedAt": "2023-03-20T07:27:36.219414Z"
        },
        "properties": {
          "dataLocation": "UnitedStates",
          "provisioningState": "Accepted"
        }
      }
    },
    {
      "RequestUri": "https://api-dogfood.resources.windows-int.net/subscriptions/ce1bff77-08c1-4199-b7a5-52194a42b6ce/providers/Microsoft.Communication/locations/CENTRALUS/operationStatuses/6cf3a424-a0f5-46d4-8fad-98942e24f0e7*701F37388AC587FD15B33515A327184C2159437EC1EADFACA8E0248949E15B9B?api-version=2023-03-01-preview",
      "RequestMethod": "GET",
      "RequestHeaders": {
        "Authorization": "Sanitized",
        "traceparent": "00-3caabf1f219e3b2a9c75ffdd120fa30e-ab59419112d6eb8c-00",
        "User-Agent": "azsdk-net-ResourceManager/1.4.0 (.NET 6.0.15; Microsoft Windows 10.0.22621)",
        "x-ms-client-request-id": "81de1766f4a93295c3b7ffe88fe51ad1",
        "x-ms-return-client-request-id": "true"
      },
      "RequestBody": null,
      "StatusCode": 200,
      "ResponseHeaders": {
        "Cache-Control": "no-cache",
        "Content-Length": "595",
        "Content-Type": "application/json; charset=utf-8",
        "Date": "Mon, 20 Mar 2023 07:27:36 GMT",
        "ETag": "\u002222017765-0000-0700-0000-64180ae80000\u0022",
        "Expires": "-1",
        "Pragma": "no-cache",
        "Strict-Transport-Security": "max-age=31536000; includeSubDomains",
        "X-Cache": "CONFIG_NOCACHE",
        "X-Content-Type-Options": "nosniff",
        "x-ms-client-request-id": "81de1766f4a93295c3b7ffe88fe51ad1",
        "x-ms-correlation-request-id": "1bf5fd74-a9eb-4be4-bb33-c34b2fba0c0a",
        "x-ms-ratelimit-remaining-subscription-reads": "14985",
        "x-ms-request-id": "39eb6c81-c907-4a27-8b47-9621e35629c4",
        "x-ms-routing-request-id": "CENTRALUS:20230320T072737Z:1bf5fd74-a9eb-4be4-bb33-c34b2fba0c0a",
        "X-MSEdge-Ref": "Ref A: 365C406645F44B2487D30F907D87AECC Ref B: STBEDGE0518 Ref C: 2023-03-20T07:27:37Z"
      },
      "ResponseBody": {
        "id": "/subscriptions/ce1bff77-08c1-4199-b7a5-52194a42b6ce/providers/Microsoft.Communication/locations/CENTRALUS/operationStatuses/6cf3a424-a0f5-46d4-8fad-98942e24f0e7*701F37388AC587FD15B33515A327184C2159437EC1EADFACA8E0248949E15B9B",
        "name": "6cf3a424-a0f5-46d4-8fad-98942e24f0e7*701F37388AC587FD15B33515A327184C2159437EC1EADFACA8E0248949E15B9B",
        "resourceId": "/subscriptions/ce1bff77-08c1-4199-b7a5-52194a42b6ce/resourceGroups/Communication-RG-4837/providers/Microsoft.Communication/communicationServices/communication-service-2986",
        "status": "Accepted",
        "startTime": "2023-03-20T07:27:36.5422461Z"
      }
    },
    {
      "RequestUri": "https://api-dogfood.resources.windows-int.net/subscriptions/ce1bff77-08c1-4199-b7a5-52194a42b6ce/providers/Microsoft.Communication/locations/CENTRALUS/operationStatuses/6cf3a424-a0f5-46d4-8fad-98942e24f0e7*701F37388AC587FD15B33515A327184C2159437EC1EADFACA8E0248949E15B9B?api-version=2023-03-01-preview",
      "RequestMethod": "GET",
      "RequestHeaders": {
        "Authorization": "Sanitized",
        "traceparent": "00-3caabf1f219e3b2a9c75ffdd120fa30e-f21793ed607c5ef6-00",
        "User-Agent": "azsdk-net-ResourceManager/1.4.0 (.NET 6.0.15; Microsoft Windows 10.0.22621)",
        "x-ms-client-request-id": "2113c8b9e5f40405dfcb6270a49e89c8",
        "x-ms-return-client-request-id": "true"
      },
      "RequestBody": null,
      "StatusCode": 200,
      "ResponseHeaders": {
        "Cache-Control": "no-cache",
        "Content-Length": "595",
        "Content-Type": "application/json; charset=utf-8",
        "Date": "Mon, 20 Mar 2023 07:27:37 GMT",
        "ETag": "\u002222017765-0000-0700-0000-64180ae80000\u0022",
        "Expires": "-1",
        "Pragma": "no-cache",
        "Strict-Transport-Security": "max-age=31536000; includeSubDomains",
        "X-Cache": "CONFIG_NOCACHE",
        "X-Content-Type-Options": "nosniff",
        "x-ms-client-request-id": "2113c8b9e5f40405dfcb6270a49e89c8",
        "x-ms-correlation-request-id": "2aeeba03-7534-4c81-ac62-5138cb3fe1bc",
        "x-ms-ratelimit-remaining-subscription-reads": "14984",
        "x-ms-request-id": "18fdbb80-4e87-4c52-a6f0-0a824ec88454",
        "x-ms-routing-request-id": "CENTRALUS:20230320T072738Z:2aeeba03-7534-4c81-ac62-5138cb3fe1bc",
        "X-MSEdge-Ref": "Ref A: 00EE107F30714F1294E120E2877FF704 Ref B: STBEDGE0518 Ref C: 2023-03-20T07:27:38Z"
      },
      "ResponseBody": {
        "id": "/subscriptions/ce1bff77-08c1-4199-b7a5-52194a42b6ce/providers/Microsoft.Communication/locations/CENTRALUS/operationStatuses/6cf3a424-a0f5-46d4-8fad-98942e24f0e7*701F37388AC587FD15B33515A327184C2159437EC1EADFACA8E0248949E15B9B",
        "name": "6cf3a424-a0f5-46d4-8fad-98942e24f0e7*701F37388AC587FD15B33515A327184C2159437EC1EADFACA8E0248949E15B9B",
        "resourceId": "/subscriptions/ce1bff77-08c1-4199-b7a5-52194a42b6ce/resourceGroups/Communication-RG-4837/providers/Microsoft.Communication/communicationServices/communication-service-2986",
        "status": "Accepted",
        "startTime": "2023-03-20T07:27:36.5422461Z"
      }
    },
    {
      "RequestUri": "https://api-dogfood.resources.windows-int.net/subscriptions/ce1bff77-08c1-4199-b7a5-52194a42b6ce/providers/Microsoft.Communication/locations/CENTRALUS/operationStatuses/6cf3a424-a0f5-46d4-8fad-98942e24f0e7*701F37388AC587FD15B33515A327184C2159437EC1EADFACA8E0248949E15B9B?api-version=2023-03-01-preview",
      "RequestMethod": "GET",
      "RequestHeaders": {
        "Authorization": "Sanitized",
        "traceparent": "00-3caabf1f219e3b2a9c75ffdd120fa30e-55d397090b09815f-00",
        "User-Agent": "azsdk-net-ResourceManager/1.4.0 (.NET 6.0.15; Microsoft Windows 10.0.22621)",
        "x-ms-client-request-id": "dc0a7ab99c19ab7ef5d023aceae2c7b6",
        "x-ms-return-client-request-id": "true"
      },
      "RequestBody": null,
      "StatusCode": 200,
      "ResponseHeaders": {
        "Cache-Control": "no-cache",
        "Content-Length": "595",
        "Content-Type": "application/json; charset=utf-8",
        "Date": "Mon, 20 Mar 2023 07:27:38 GMT",
        "ETag": "\u002222017765-0000-0700-0000-64180ae80000\u0022",
        "Expires": "-1",
        "Pragma": "no-cache",
        "Strict-Transport-Security": "max-age=31536000; includeSubDomains",
        "X-Cache": "CONFIG_NOCACHE",
        "X-Content-Type-Options": "nosniff",
        "x-ms-client-request-id": "dc0a7ab99c19ab7ef5d023aceae2c7b6",
        "x-ms-correlation-request-id": "466e24f3-3591-4596-aaba-3e11dbeb8d5b",
        "x-ms-ratelimit-remaining-subscription-reads": "14983",
        "x-ms-request-id": "e43c3236-e012-4051-b420-61dc2781d0c0",
        "x-ms-routing-request-id": "CENTRALUS:20230320T072739Z:466e24f3-3591-4596-aaba-3e11dbeb8d5b",
        "X-MSEdge-Ref": "Ref A: C88703CE193B469B9DD1F96555089824 Ref B: STBEDGE0518 Ref C: 2023-03-20T07:27:39Z"
      },
      "ResponseBody": {
        "id": "/subscriptions/ce1bff77-08c1-4199-b7a5-52194a42b6ce/providers/Microsoft.Communication/locations/CENTRALUS/operationStatuses/6cf3a424-a0f5-46d4-8fad-98942e24f0e7*701F37388AC587FD15B33515A327184C2159437EC1EADFACA8E0248949E15B9B",
        "name": "6cf3a424-a0f5-46d4-8fad-98942e24f0e7*701F37388AC587FD15B33515A327184C2159437EC1EADFACA8E0248949E15B9B",
        "resourceId": "/subscriptions/ce1bff77-08c1-4199-b7a5-52194a42b6ce/resourceGroups/Communication-RG-4837/providers/Microsoft.Communication/communicationServices/communication-service-2986",
        "status": "Accepted",
        "startTime": "2023-03-20T07:27:36.5422461Z"
      }
    },
    {
      "RequestUri": "https://api-dogfood.resources.windows-int.net/subscriptions/ce1bff77-08c1-4199-b7a5-52194a42b6ce/providers/Microsoft.Communication/locations/CENTRALUS/operationStatuses/6cf3a424-a0f5-46d4-8fad-98942e24f0e7*701F37388AC587FD15B33515A327184C2159437EC1EADFACA8E0248949E15B9B?api-version=2023-03-01-preview",
      "RequestMethod": "GET",
      "RequestHeaders": {
        "Authorization": "Sanitized",
        "traceparent": "00-3caabf1f219e3b2a9c75ffdd120fa30e-1205e558e597aeff-00",
        "User-Agent": "azsdk-net-ResourceManager/1.4.0 (.NET 6.0.15; Microsoft Windows 10.0.22621)",
        "x-ms-client-request-id": "ae030956e901804711daa1dd91248d24",
        "x-ms-return-client-request-id": "true"
      },
      "RequestBody": null,
      "StatusCode": 200,
      "ResponseHeaders": {
        "Cache-Control": "no-cache",
        "Content-Length": "595",
        "Content-Type": "application/json; charset=utf-8",
        "Date": "Mon, 20 Mar 2023 07:27:40 GMT",
        "ETag": "\u002222017765-0000-0700-0000-64180ae80000\u0022",
        "Expires": "-1",
        "Pragma": "no-cache",
        "Strict-Transport-Security": "max-age=31536000; includeSubDomains",
        "X-Cache": "CONFIG_NOCACHE",
        "X-Content-Type-Options": "nosniff",
        "x-ms-client-request-id": "ae030956e901804711daa1dd91248d24",
        "x-ms-correlation-request-id": "9f5ea3a2-45ed-435a-8fc8-34ec5cf5d711",
        "x-ms-ratelimit-remaining-subscription-reads": "14982",
        "x-ms-request-id": "7b10ba7e-f756-42dc-9178-197a86d874bd",
        "x-ms-routing-request-id": "CENTRALUS:20230320T072741Z:9f5ea3a2-45ed-435a-8fc8-34ec5cf5d711",
        "X-MSEdge-Ref": "Ref A: 0F3E6B12E93549D681ADC6199659A53C Ref B: STBEDGE0518 Ref C: 2023-03-20T07:27:40Z"
      },
      "ResponseBody": {
        "id": "/subscriptions/ce1bff77-08c1-4199-b7a5-52194a42b6ce/providers/Microsoft.Communication/locations/CENTRALUS/operationStatuses/6cf3a424-a0f5-46d4-8fad-98942e24f0e7*701F37388AC587FD15B33515A327184C2159437EC1EADFACA8E0248949E15B9B",
        "name": "6cf3a424-a0f5-46d4-8fad-98942e24f0e7*701F37388AC587FD15B33515A327184C2159437EC1EADFACA8E0248949E15B9B",
        "resourceId": "/subscriptions/ce1bff77-08c1-4199-b7a5-52194a42b6ce/resourceGroups/Communication-RG-4837/providers/Microsoft.Communication/communicationServices/communication-service-2986",
        "status": "Accepted",
        "startTime": "2023-03-20T07:27:36.5422461Z"
      }
    },
    {
      "RequestUri": "https://api-dogfood.resources.windows-int.net/subscriptions/ce1bff77-08c1-4199-b7a5-52194a42b6ce/providers/Microsoft.Communication/locations/CENTRALUS/operationStatuses/6cf3a424-a0f5-46d4-8fad-98942e24f0e7*701F37388AC587FD15B33515A327184C2159437EC1EADFACA8E0248949E15B9B?api-version=2023-03-01-preview",
      "RequestMethod": "GET",
      "RequestHeaders": {
        "Authorization": "Sanitized",
        "traceparent": "00-3caabf1f219e3b2a9c75ffdd120fa30e-e6dfdf9b96b73b45-00",
        "User-Agent": "azsdk-net-ResourceManager/1.4.0 (.NET 6.0.15; Microsoft Windows 10.0.22621)",
        "x-ms-client-request-id": "142e362e3edb1db74a672c24c25819fc",
        "x-ms-return-client-request-id": "true"
      },
      "RequestBody": null,
      "StatusCode": 200,
      "ResponseHeaders": {
        "Cache-Control": "no-cache",
        "Content-Length": "595",
        "Content-Type": "application/json; charset=utf-8",
        "Date": "Mon, 20 Mar 2023 07:27:42 GMT",
        "ETag": "\u002222017765-0000-0700-0000-64180ae80000\u0022",
        "Expires": "-1",
        "Pragma": "no-cache",
        "Strict-Transport-Security": "max-age=31536000; includeSubDomains",
        "X-Cache": "CONFIG_NOCACHE",
        "X-Content-Type-Options": "nosniff",
        "x-ms-client-request-id": "142e362e3edb1db74a672c24c25819fc",
        "x-ms-correlation-request-id": "9c2b96ad-a191-40dd-8bc0-1fc5000075ab",
        "x-ms-ratelimit-remaining-subscription-reads": "14981",
        "x-ms-request-id": "68ea7c3b-4e68-4e5c-baa0-94daaae3863a",
        "x-ms-routing-request-id": "CENTRALUS:20230320T072743Z:9c2b96ad-a191-40dd-8bc0-1fc5000075ab",
        "X-MSEdge-Ref": "Ref A: 00F8963C876141C796F6B84560F8506A Ref B: STBEDGE0518 Ref C: 2023-03-20T07:27:43Z"
      },
      "ResponseBody": {
        "id": "/subscriptions/ce1bff77-08c1-4199-b7a5-52194a42b6ce/providers/Microsoft.Communication/locations/CENTRALUS/operationStatuses/6cf3a424-a0f5-46d4-8fad-98942e24f0e7*701F37388AC587FD15B33515A327184C2159437EC1EADFACA8E0248949E15B9B",
        "name": "6cf3a424-a0f5-46d4-8fad-98942e24f0e7*701F37388AC587FD15B33515A327184C2159437EC1EADFACA8E0248949E15B9B",
        "resourceId": "/subscriptions/ce1bff77-08c1-4199-b7a5-52194a42b6ce/resourceGroups/Communication-RG-4837/providers/Microsoft.Communication/communicationServices/communication-service-2986",
        "status": "Accepted",
        "startTime": "2023-03-20T07:27:36.5422461Z"
      }
    },
    {
      "RequestUri": "https://api-dogfood.resources.windows-int.net/subscriptions/ce1bff77-08c1-4199-b7a5-52194a42b6ce/providers/Microsoft.Communication/locations/CENTRALUS/operationStatuses/6cf3a424-a0f5-46d4-8fad-98942e24f0e7*701F37388AC587FD15B33515A327184C2159437EC1EADFACA8E0248949E15B9B?api-version=2023-03-01-preview",
      "RequestMethod": "GET",
      "RequestHeaders": {
        "Authorization": "Sanitized",
        "traceparent": "00-3caabf1f219e3b2a9c75ffdd120fa30e-7af19ba629331f2b-00",
        "User-Agent": "azsdk-net-ResourceManager/1.4.0 (.NET 6.0.15; Microsoft Windows 10.0.22621)",
        "x-ms-client-request-id": "9b19ac04da9bcfc7328aca3ffaa019d0",
        "x-ms-return-client-request-id": "true"
      },
      "RequestBody": null,
      "StatusCode": 200,
      "ResponseHeaders": {
        "Cache-Control": "no-cache",
        "Content-Length": "595",
        "Content-Type": "application/json; charset=utf-8",
        "Date": "Mon, 20 Mar 2023 07:27:46 GMT",
        "ETag": "\u002222017765-0000-0700-0000-64180ae80000\u0022",
        "Expires": "-1",
        "Pragma": "no-cache",
        "Strict-Transport-Security": "max-age=31536000; includeSubDomains",
        "X-Cache": "CONFIG_NOCACHE",
        "X-Content-Type-Options": "nosniff",
        "x-ms-client-request-id": "9b19ac04da9bcfc7328aca3ffaa019d0",
        "x-ms-correlation-request-id": "c1f5fb52-363d-417a-9847-a8a0ff3f28f5",
        "x-ms-ratelimit-remaining-subscription-reads": "14980",
        "x-ms-request-id": "a98c0f8d-9d79-4e89-b6a2-6ca4b1010756",
        "x-ms-routing-request-id": "CENTRALUS:20230320T072747Z:c1f5fb52-363d-417a-9847-a8a0ff3f28f5",
        "X-MSEdge-Ref": "Ref A: C4640C03689A41818E9126D10E40DC42 Ref B: STBEDGE0518 Ref C: 2023-03-20T07:27:47Z"
      },
      "ResponseBody": {
        "id": "/subscriptions/ce1bff77-08c1-4199-b7a5-52194a42b6ce/providers/Microsoft.Communication/locations/CENTRALUS/operationStatuses/6cf3a424-a0f5-46d4-8fad-98942e24f0e7*701F37388AC587FD15B33515A327184C2159437EC1EADFACA8E0248949E15B9B",
        "name": "6cf3a424-a0f5-46d4-8fad-98942e24f0e7*701F37388AC587FD15B33515A327184C2159437EC1EADFACA8E0248949E15B9B",
        "resourceId": "/subscriptions/ce1bff77-08c1-4199-b7a5-52194a42b6ce/resourceGroups/Communication-RG-4837/providers/Microsoft.Communication/communicationServices/communication-service-2986",
        "status": "Accepted",
        "startTime": "2023-03-20T07:27:36.5422461Z"
      }
    },
    {
      "RequestUri": "https://api-dogfood.resources.windows-int.net/subscriptions/ce1bff77-08c1-4199-b7a5-52194a42b6ce/providers/Microsoft.Communication/locations/CENTRALUS/operationStatuses/6cf3a424-a0f5-46d4-8fad-98942e24f0e7*701F37388AC587FD15B33515A327184C2159437EC1EADFACA8E0248949E15B9B?api-version=2023-03-01-preview",
      "RequestMethod": "GET",
      "RequestHeaders": {
        "Authorization": "Sanitized",
        "traceparent": "00-3caabf1f219e3b2a9c75ffdd120fa30e-efdadfd7244d9ff3-00",
        "User-Agent": "azsdk-net-ResourceManager/1.4.0 (.NET 6.0.15; Microsoft Windows 10.0.22621)",
        "x-ms-client-request-id": "b37efe42b3b418db51e56499bd22bdb8",
        "x-ms-return-client-request-id": "true"
      },
      "RequestBody": null,
      "StatusCode": 200,
      "ResponseHeaders": {
        "Cache-Control": "no-cache",
        "Content-Length": "595",
        "Content-Type": "application/json; charset=utf-8",
        "Date": "Mon, 20 Mar 2023 07:27:54 GMT",
        "ETag": "\u002222017765-0000-0700-0000-64180ae80000\u0022",
        "Expires": "-1",
        "Pragma": "no-cache",
        "Strict-Transport-Security": "max-age=31536000; includeSubDomains",
        "X-Cache": "CONFIG_NOCACHE",
        "X-Content-Type-Options": "nosniff",
        "x-ms-client-request-id": "b37efe42b3b418db51e56499bd22bdb8",
        "x-ms-correlation-request-id": "4000f912-4ed3-4034-94d3-e31729b1da33",
        "x-ms-ratelimit-remaining-subscription-reads": "14979",
        "x-ms-request-id": "4d1f9bf1-4fd8-4a00-83a7-e76b91bd3b59",
        "x-ms-routing-request-id": "CENTRALUS:20230320T072755Z:4000f912-4ed3-4034-94d3-e31729b1da33",
        "X-MSEdge-Ref": "Ref A: F10A9A9AE9F440BDA186A0956AFFA8A4 Ref B: STBEDGE0518 Ref C: 2023-03-20T07:27:55Z"
      },
      "ResponseBody": {
        "id": "/subscriptions/ce1bff77-08c1-4199-b7a5-52194a42b6ce/providers/Microsoft.Communication/locations/CENTRALUS/operationStatuses/6cf3a424-a0f5-46d4-8fad-98942e24f0e7*701F37388AC587FD15B33515A327184C2159437EC1EADFACA8E0248949E15B9B",
        "name": "6cf3a424-a0f5-46d4-8fad-98942e24f0e7*701F37388AC587FD15B33515A327184C2159437EC1EADFACA8E0248949E15B9B",
        "resourceId": "/subscriptions/ce1bff77-08c1-4199-b7a5-52194a42b6ce/resourceGroups/Communication-RG-4837/providers/Microsoft.Communication/communicationServices/communication-service-2986",
        "status": "Accepted",
        "startTime": "2023-03-20T07:27:36.5422461Z"
      }
    },
    {
      "RequestUri": "https://api-dogfood.resources.windows-int.net/subscriptions/ce1bff77-08c1-4199-b7a5-52194a42b6ce/providers/Microsoft.Communication/locations/CENTRALUS/operationStatuses/6cf3a424-a0f5-46d4-8fad-98942e24f0e7*701F37388AC587FD15B33515A327184C2159437EC1EADFACA8E0248949E15B9B?api-version=2023-03-01-preview",
      "RequestMethod": "GET",
      "RequestHeaders": {
        "Authorization": "Sanitized",
        "traceparent": "00-3caabf1f219e3b2a9c75ffdd120fa30e-646175f82f162b86-00",
        "User-Agent": "azsdk-net-ResourceManager/1.4.0 (.NET 6.0.15; Microsoft Windows 10.0.22621)",
        "x-ms-client-request-id": "e5d9a5c0f20b54896e5ee150737822a9",
        "x-ms-return-client-request-id": "true"
      },
      "RequestBody": null,
      "StatusCode": 200,
      "ResponseHeaders": {
        "Cache-Control": "no-cache",
        "Content-Length": "595",
        "Content-Type": "application/json; charset=utf-8",
        "Date": "Mon, 20 Mar 2023 07:28:11 GMT",
        "ETag": "\u002222017765-0000-0700-0000-64180ae80000\u0022",
        "Expires": "-1",
        "Pragma": "no-cache",
        "Strict-Transport-Security": "max-age=31536000; includeSubDomains",
        "X-Cache": "CONFIG_NOCACHE",
        "X-Content-Type-Options": "nosniff",
        "x-ms-client-request-id": "e5d9a5c0f20b54896e5ee150737822a9",
        "x-ms-correlation-request-id": "1f1c367e-bb4c-45a5-8dab-d6547aad0e58",
        "x-ms-ratelimit-remaining-subscription-reads": "14978",
        "x-ms-request-id": "240d0a71-9615-4856-a78c-550bc88bb7a2",
        "x-ms-routing-request-id": "CENTRALUS:20230320T072811Z:1f1c367e-bb4c-45a5-8dab-d6547aad0e58",
        "X-MSEdge-Ref": "Ref A: 52905E66BA194D83AA91DABBDDDB65F6 Ref B: STBEDGE0518 Ref C: 2023-03-20T07:28:11Z"
      },
      "ResponseBody": {
        "id": "/subscriptions/ce1bff77-08c1-4199-b7a5-52194a42b6ce/providers/Microsoft.Communication/locations/CENTRALUS/operationStatuses/6cf3a424-a0f5-46d4-8fad-98942e24f0e7*701F37388AC587FD15B33515A327184C2159437EC1EADFACA8E0248949E15B9B",
        "name": "6cf3a424-a0f5-46d4-8fad-98942e24f0e7*701F37388AC587FD15B33515A327184C2159437EC1EADFACA8E0248949E15B9B",
        "resourceId": "/subscriptions/ce1bff77-08c1-4199-b7a5-52194a42b6ce/resourceGroups/Communication-RG-4837/providers/Microsoft.Communication/communicationServices/communication-service-2986",
        "status": "Accepted",
        "startTime": "2023-03-20T07:27:36.5422461Z"
      }
    },
    {
      "RequestUri": "https://api-dogfood.resources.windows-int.net/subscriptions/ce1bff77-08c1-4199-b7a5-52194a42b6ce/providers/Microsoft.Communication/locations/CENTRALUS/operationStatuses/6cf3a424-a0f5-46d4-8fad-98942e24f0e7*701F37388AC587FD15B33515A327184C2159437EC1EADFACA8E0248949E15B9B?api-version=2023-03-01-preview",
      "RequestMethod": "GET",
      "RequestHeaders": {
        "Authorization": "Sanitized",
        "traceparent": "00-3caabf1f219e3b2a9c75ffdd120fa30e-fed36b1313848d74-00",
        "User-Agent": "azsdk-net-ResourceManager/1.4.0 (.NET 6.0.15; Microsoft Windows 10.0.22621)",
        "x-ms-client-request-id": "c4e25c4d66da5048d10149b5752e1210",
        "x-ms-return-client-request-id": "true"
      },
      "RequestBody": null,
      "StatusCode": 200,
      "ResponseHeaders": {
        "Cache-Control": "no-cache",
        "Content-Length": "614",
        "Content-Type": "application/json; charset=utf-8",
        "Date": "Mon, 20 Mar 2023 07:28:43 GMT",
        "ETag": "\u002222013566-0000-0700-0000-64180b2a0000\u0022",
        "Expires": "-1",
        "Pragma": "no-cache",
        "Strict-Transport-Security": "max-age=31536000; includeSubDomains",
        "X-Cache": "CONFIG_NOCACHE",
        "X-Content-Type-Options": "nosniff",
        "x-ms-client-request-id": "c4e25c4d66da5048d10149b5752e1210",
        "x-ms-correlation-request-id": "ce4d546e-e73b-4a6a-a8b2-39d1090e76f7",
        "x-ms-ratelimit-remaining-subscription-reads": "14977",
        "x-ms-request-id": "4ff3bb4c-7188-431e-876d-64c394a06c26",
        "x-ms-routing-request-id": "CENTRALUS:20230320T072843Z:ce4d546e-e73b-4a6a-a8b2-39d1090e76f7",
        "X-MSEdge-Ref": "Ref A: 2ABFD0DF9F9C43DA8595AEFF0FF8C9F3 Ref B: STBEDGE0518 Ref C: 2023-03-20T07:28:43Z"
      },
      "ResponseBody": {
        "id": "/subscriptions/ce1bff77-08c1-4199-b7a5-52194a42b6ce/providers/Microsoft.Communication/locations/CENTRALUS/operationStatuses/6cf3a424-a0f5-46d4-8fad-98942e24f0e7*701F37388AC587FD15B33515A327184C2159437EC1EADFACA8E0248949E15B9B",
        "name": "6cf3a424-a0f5-46d4-8fad-98942e24f0e7*701F37388AC587FD15B33515A327184C2159437EC1EADFACA8E0248949E15B9B",
        "resourceId": "/subscriptions/ce1bff77-08c1-4199-b7a5-52194a42b6ce/resourceGroups/Communication-RG-4837/providers/Microsoft.Communication/communicationServices/communication-service-2986",
        "status": "Succeeded",
        "startTime": "2023-03-20T07:27:36.5422461Z",
        "properties": null
      }
    },
    {
      "RequestUri": "https://api-dogfood.resources.windows-int.net/subscriptions/ce1bff77-08c1-4199-b7a5-52194a42b6ce/resourceGroups/Communication-RG-4837/providers/Microsoft.Communication/communicationServices/communication-service-2986?api-version=2023-03-01-preview",
      "RequestMethod": "GET",
      "RequestHeaders": {
        "Authorization": "Sanitized",
        "traceparent": "00-3caabf1f219e3b2a9c75ffdd120fa30e-266b030d1e024776-00",
        "User-Agent": "azsdk-net-ResourceManager/1.4.0 (.NET 6.0.15; Microsoft Windows 10.0.22621)",
        "x-ms-client-request-id": "557e12cd34c650c5742a4455d18aa4d8",
        "x-ms-return-client-request-id": "true"
      },
      "RequestBody": null,
      "StatusCode": 200,
      "ResponseHeaders": {
        "Cache-Control": "no-cache",
        "Content-Length": "783",
        "Content-Type": "application/json; charset=utf-8",
        "Date": "Mon, 20 Mar 2023 07:28:43 GMT",
        "ETag": "\u00221601d24f-0000-0700-0000-64180aef0000\u0022",
        "Expires": "-1",
        "Pragma": "no-cache",
        "Strict-Transport-Security": "max-age=31536000; includeSubDomains",
        "X-Cache": "CONFIG_NOCACHE",
        "X-Content-Type-Options": "nosniff",
        "x-ms-client-request-id": "557e12cd34c650c5742a4455d18aa4d8",
        "x-ms-correlation-request-id": "b8dd81bc-8bc7-4d6d-9823-91343386bf1f",
        "x-ms-providerhub-traffic": "True",
        "x-ms-ratelimit-remaining-subscription-reads": "14976",
        "x-ms-request-id": "c4791a63-4cb6-440a-987d-f4f1d26ce0d9",
        "x-ms-routing-request-id": "CENTRALUS:20230320T072843Z:b8dd81bc-8bc7-4d6d-9823-91343386bf1f",
        "X-MSEdge-Ref": "Ref A: 3812AD364CFA486A90C59B1668F1A9D7 Ref B: STBEDGE0518 Ref C: 2023-03-20T07:28:43Z"
      },
      "ResponseBody": {
        "id": "/subscriptions/ce1bff77-08c1-4199-b7a5-52194a42b6ce/resourceGroups/Communication-RG-4837/providers/Microsoft.Communication/communicationServices/communication-service-2986",
        "name": "communication-service-2986",
        "type": "microsoft.communication/communicationservices",
        "location": "global",
        "tags": {},
        "systemData": {
          "createdBy": "dd5e080b-9821-4976-9ab1-c95d8cc8eafa",
          "createdByType": "Application",
          "createdAt": "2023-03-20T07:27:36.219414Z",
          "lastModifiedBy": "dd5e080b-9821-4976-9ab1-c95d8cc8eafa",
          "lastModifiedByType": "Application",
          "lastModifiedAt": "2023-03-20T07:27:36.219414Z"
        },
        "properties": {
          "provisioningState": "Succeeded",
          "hostName": "communication-service-2986.int.communication.azure.net",
          "immutableResourceId": "24daaaee-2a2b-48c9-bad3-fc316a4355ed",
          "dataLocation": "UnitedStates"
        }
      }
    },
    {
      "RequestUri": "https://api-dogfood.resources.windows-int.net/subscriptions/ce1bff77-08c1-4199-b7a5-52194a42b6ce/resourceGroups/Communication-RG-4837/providers/Microsoft.Communication/communicationServices/communication-service-2986/listKeys?api-version=2023-03-01-preview",
      "RequestMethod": "POST",
      "RequestHeaders": {
        "Accept": "application/json",
        "Authorization": "Sanitized",
        "Content-Length": "0",
        "traceparent": "00-bea01f33025e0cc0ca78e05a9c05993a-26ab51f25f2cad79-00",
        "User-Agent": "azsdk-net-ResourceManager.Communication/1.1.0-alpha.20230319.1 (.NET 6.0.15; Microsoft Windows 10.0.22621)",
        "x-ms-client-request-id": "614bbac3f8405add5c881409a8d4de40",
        "x-ms-return-client-request-id": "true"
      },
      "RequestBody": null,
      "StatusCode": 200,
      "ResponseHeaders": {
        "Cache-Control": "no-cache",
        "Content-Length": "131",
        "Content-Type": "application/json; charset=utf-8",
        "Date": "Mon, 20 Mar 2023 07:28:43 GMT",
        "Expires": "-1",
        "mise-correlation-id": "b1909dca-7a0f-4eba-a8fc-3f988dc216a2",
        "Pragma": "no-cache",
        "Request-Context": "appId=",
        "Strict-Transport-Security": "max-age=31536000; includeSubDomains",
        "X-Cache": "CONFIG_NOCACHE",
        "X-Content-Type-Options": "nosniff",
        "x-ms-client-request-id": "614bbac3f8405add5c881409a8d4de40",
        "x-ms-correlation-request-id": "ef0b053d-b98f-4912-b281-0fe5abbcb8a2",
        "x-ms-providerhub-traffic": "True",
        "x-ms-ratelimit-remaining-subscription-writes": "1198",
        "x-ms-request-id": "dd3ba17f-59a5-4736-8139-85d8f1a0121d",
        "x-ms-routing-request-id": "CENTRALUS:20230320T072844Z:ef0b053d-b98f-4912-b281-0fe5abbcb8a2",
        "X-MSEdge-Ref": "Ref A: 408DB3683881488084CADBCF183FC0B0 Ref B: STBEDGE0518 Ref C: 2023-03-20T07:28:43Z"
      },
      "ResponseBody": {
        "primaryKey": "Sanitized",
        "secondaryKey": "Sanitized",
        "primaryConnectionString": "Sanitized",
        "secondaryConnectionString": "Sanitized"
      }
    },
    {
      "RequestUri": "https://api-dogfood.resources.windows-int.net/subscriptions/ce1bff77-08c1-4199-b7a5-52194a42b6ce/resourceGroups/Communication-RG-4837/providers/Microsoft.Communication/communicationServices/communication-service-2986/regenerateKey?api-version=2023-03-01-preview",
      "RequestMethod": "POST",
      "RequestHeaders": {
        "Accept": "application/json",
        "Authorization": "Sanitized",
        "Content-Length": "21",
        "Content-Type": "application/json",
        "traceparent": "00-a254926abadb2200e268de23785f3541-10045ba4a322634f-00",
        "User-Agent": "azsdk-net-ResourceManager.Communication/1.1.0-alpha.20230319.1 (.NET 6.0.15; Microsoft Windows 10.0.22621)",
        "x-ms-client-request-id": "6183d14cccf919e3969150b021f37f46",
        "x-ms-return-client-request-id": "true"
      },
      "RequestBody": {
        "keyType": "Primary"
      },
      "StatusCode": 200,
      "ResponseHeaders": {
        "Cache-Control": "no-cache",
        "Content-Length": "64",
        "Content-Type": "application/json; charset=utf-8",
        "Date": "Mon, 20 Mar 2023 07:28:44 GMT",
        "Expires": "-1",
        "mise-correlation-id": "9897e48d-e419-428d-8a9b-8b2c8e46344d",
        "Pragma": "no-cache",
        "Request-Context": "appId=",
        "Strict-Transport-Security": "max-age=31536000; includeSubDomains",
        "X-Cache": "CONFIG_NOCACHE",
        "X-Content-Type-Options": "nosniff",
        "x-ms-client-request-id": "6183d14cccf919e3969150b021f37f46",
        "x-ms-correlation-request-id": "e4c0ff6c-6158-4024-8400-93af76700bae",
        "x-ms-providerhub-traffic": "True",
        "x-ms-ratelimit-remaining-subscription-writes": "1197",
        "x-ms-request-id": "ecef3afa-4f5d-45a9-b36f-72a61c46f50a",
        "x-ms-routing-request-id": "CENTRALUS:20230320T072844Z:e4c0ff6c-6158-4024-8400-93af76700bae",
        "X-MSEdge-Ref": "Ref A: A21D92577F3744298261310DE23759BA Ref B: STBEDGE0518 Ref C: 2023-03-20T07:28:44Z"
      },
      "ResponseBody": {
        "primaryKey": "Sanitized",
        "primaryConnectionString": "Sanitized"
      }
    },
    {
      "RequestUri": "https://api-dogfood.resources.windows-int.net/subscriptions/ce1bff77-08c1-4199-b7a5-52194a42b6ce/resourceGroups/Communication-RG-4837/providers/Microsoft.Communication/communicationServices/communication-service-2986/regenerateKey?api-version=2023-03-01-preview",
      "RequestMethod": "POST",
      "RequestHeaders": {
        "Accept": "application/json",
        "Authorization": "Sanitized",
        "Content-Length": "23",
        "Content-Type": "application/json",
        "traceparent": "00-6e6c5f6f83aae012a17aecc2f8da977f-dcb2623ab797922a-00",
        "User-Agent": "azsdk-net-ResourceManager.Communication/1.1.0-alpha.20230319.1 (.NET 6.0.15; Microsoft Windows 10.0.22621)",
        "x-ms-client-request-id": "bbf1715db1e3d4cf3424f93d1fbba7a0",
        "x-ms-return-client-request-id": "true"
      },
      "RequestBody": {
        "keyType": "Secondary"
      },
      "StatusCode": 200,
      "ResponseHeaders": {
        "Cache-Control": "no-cache",
        "Content-Length": "68",
        "Content-Type": "application/json; charset=utf-8",
        "Date": "Mon, 20 Mar 2023 07:28:44 GMT",
        "Expires": "-1",
        "mise-correlation-id": "c713b1d0-3337-4b67-bd5c-d944f755cacf",
        "Pragma": "no-cache",
        "Request-Context": "appId=",
        "Strict-Transport-Security": "max-age=31536000; includeSubDomains",
        "X-Cache": "CONFIG_NOCACHE",
        "X-Content-Type-Options": "nosniff",
        "x-ms-client-request-id": "bbf1715db1e3d4cf3424f93d1fbba7a0",
        "x-ms-correlation-request-id": "17483449-339b-474e-a115-63193780bab6",
        "x-ms-providerhub-traffic": "True",
        "x-ms-ratelimit-remaining-subscription-writes": "1196",
        "x-ms-request-id": "dc8a01b3-438c-4434-89c2-0364b8763b78",
        "x-ms-routing-request-id": "CENTRALUS:20230320T072845Z:17483449-339b-474e-a115-63193780bab6",
        "X-MSEdge-Ref": "Ref A: E7039035E6834127B093EB4EEEA7A924 Ref B: STBEDGE0518 Ref C: 2023-03-20T07:28:44Z"
      },
      "ResponseBody": {
        "secondaryKey": "Sanitized",
        "secondaryConnectionString": "Sanitized"
      }
    },
    {
      "RequestUri": "https://api-dogfood.resources.windows-int.net/subscriptions/ce1bff77-08c1-4199-b7a5-52194a42b6ce/resourceGroups/Communication-RG-4837/providers/Microsoft.Communication/communicationServices?api-version=2023-03-01-preview",
      "RequestMethod": "GET",
      "RequestHeaders": {
        "Accept": "application/json",
        "Authorization": "Sanitized",
        "User-Agent": "azsdk-net-ResourceManager.Communication/1.1.0-alpha.20230319.1 (.NET 6.0.15; Microsoft Windows 10.0.22621)",
        "x-ms-client-request-id": "0008044b4306f6ded731caaea82d3969",
        "x-ms-return-client-request-id": "true"
      },
      "RequestBody": null,
      "StatusCode": 200,
      "ResponseHeaders": {
        "Cache-Control": "no-cache",
        "Content-Length": "795",
        "Content-Type": "application/json; charset=utf-8",
        "Date": "Mon, 20 Mar 2023 07:28:44 GMT",
        "Expires": "-1",
        "Pragma": "no-cache",
        "Strict-Transport-Security": "max-age=31536000; includeSubDomains",
        "X-Cache": "CONFIG_NOCACHE",
        "X-Content-Type-Options": "nosniff",
        "x-ms-client-request-id": "0008044b4306f6ded731caaea82d3969",
        "x-ms-correlation-request-id": "179301ba-fffb-41ff-b474-00905384c038",
        "x-ms-providerhub-traffic": "True",
        "x-ms-ratelimit-remaining-subscription-reads": "14975",
        "x-ms-request-id": "b8a070a3-436f-400d-81e2-fe7e9afb6f9a",
        "x-ms-routing-request-id": "CENTRALUS:20230320T072845Z:179301ba-fffb-41ff-b474-00905384c038",
        "X-MSEdge-Ref": "Ref A: EC9E757ED0884561B3CE166B092F5AD6 Ref B: STBEDGE0518 Ref C: 2023-03-20T07:28:45Z"
      },
      "ResponseBody": {
        "value": [
          {
            "id": "/subscriptions/ce1bff77-08c1-4199-b7a5-52194a42b6ce/resourceGroups/Communication-RG-4837/providers/Microsoft.Communication/communicationServices/communication-service-2986",
            "name": "communication-service-2986",
            "type": "microsoft.communication/communicationservices",
            "location": "global",
            "tags": {},
            "systemData": {
              "createdBy": "dd5e080b-9821-4976-9ab1-c95d8cc8eafa",
              "createdByType": "Application",
              "createdAt": "2023-03-20T07:27:36.219414Z",
              "lastModifiedBy": "dd5e080b-9821-4976-9ab1-c95d8cc8eafa",
              "lastModifiedByType": "Application",
              "lastModifiedAt": "2023-03-20T07:27:36.219414Z"
            },
            "properties": {
              "provisioningState": "Succeeded",
              "hostName": "communication-service-2986.int.communication.azure.net",
              "immutableResourceId": "24daaaee-2a2b-48c9-bad3-fc316a4355ed",
              "dataLocation": "UnitedStates"
            }
          }
        ]
      }
    },
    {
      "RequestUri": "https://api-dogfood.resources.windows-int.net/subscriptions/ce1bff77-08c1-4199-b7a5-52194a42b6ce/resourceGroups/Communication-RG-4837/providers/Microsoft.Communication/communicationServices/communication-service-2986?api-version=2023-03-01-preview",
      "RequestMethod": "DELETE",
      "RequestHeaders": {
        "Accept": "application/json",
        "Authorization": "Sanitized",
        "traceparent": "00-33efd5b791285ce59f00d4d493fa7f56-7a031c974e534e2c-00",
        "User-Agent": "azsdk-net-ResourceManager.Communication/1.1.0-alpha.20230319.1 (.NET 6.0.15; Microsoft Windows 10.0.22621)",
        "x-ms-client-request-id": "37accd0922e29a5c01af2cd5d3a5f9db",
        "x-ms-return-client-request-id": "true"
      },
      "RequestBody": null,
      "StatusCode": 202,
      "ResponseHeaders": {
        "Azure-AsyncNotification": "Enabled",
        "Azure-AsyncOperation": "https://api-dogfood.resources.windows-int.net/subscriptions/ce1bff77-08c1-4199-b7a5-52194a42b6ce/providers/Microsoft.Communication/locations/CENTRALUS/operationStatuses/b883ff65-ef94-470e-b3b3-4e8c553108aa*701F37388AC587FD15B33515A327184C2159437EC1EADFACA8E0248949E15B9B?api-version=2023-03-01-preview",
        "Cache-Control": "no-cache",
        "Content-Length": "4",
        "Content-Type": "application/json; charset=utf-8",
        "Date": "Mon, 20 Mar 2023 07:28:45 GMT",
        "ETag": "\u002216019e56-0000-0700-0000-64180b2d0000\u0022",
        "Expires": "-1",
        "Location": "https://api-dogfood.resources.windows-int.net/subscriptions/ce1bff77-08c1-4199-b7a5-52194a42b6ce/providers/Microsoft.Communication/locations/CENTRALUS/operationStatuses/b883ff65-ef94-470e-b3b3-4e8c553108aa*701F37388AC587FD15B33515A327184C2159437EC1EADFACA8E0248949E15B9B?api-version=2023-03-01-preview",
        "Pragma": "no-cache",
        "Strict-Transport-Security": "max-age=31536000; includeSubDomains",
        "X-Cache": "CONFIG_NOCACHE",
        "X-Content-Type-Options": "nosniff",
        "x-ms-client-request-id": "37accd0922e29a5c01af2cd5d3a5f9db",
        "x-ms-correlation-request-id": "510b5312-f46b-4105-87b9-d60b860d9d47",
        "x-ms-providerhub-traffic": "True",
        "x-ms-ratelimit-remaining-subscription-deletes": "14998",
        "x-ms-request-id": "b883ff65-ef94-470e-b3b3-4e8c553108aa",
        "x-ms-resource-provider-hint": "noPolling",
        "x-ms-routing-request-id": "CENTRALUS:20230320T072845Z:510b5312-f46b-4105-87b9-d60b860d9d47",
        "X-MSEdge-Ref": "Ref A: 4A71F34337724F3FB11AB20C8020B2D9 Ref B: STBEDGE0518 Ref C: 2023-03-20T07:28:45Z"
      },
      "ResponseBody": "null"
    },
    {
      "RequestUri": "https://api-dogfood.resources.windows-int.net/subscriptions/ce1bff77-08c1-4199-b7a5-52194a42b6ce/providers/Microsoft.Communication/locations/CENTRALUS/operationStatuses/b883ff65-ef94-470e-b3b3-4e8c553108aa*701F37388AC587FD15B33515A327184C2159437EC1EADFACA8E0248949E15B9B?api-version=2023-03-01-preview",
      "RequestMethod": "GET",
      "RequestHeaders": {
        "Authorization": "Sanitized",
        "traceparent": "00-33efd5b791285ce59f00d4d493fa7f56-edfaa0abc1c5b0d0-00",
        "User-Agent": "azsdk-net-ResourceManager/1.4.0 (.NET 6.0.15; Microsoft Windows 10.0.22621)",
        "x-ms-client-request-id": "513490ea700e28bda86dfe5716092232",
        "x-ms-return-client-request-id": "true"
      },
      "RequestBody": null,
      "StatusCode": 202,
      "ResponseHeaders": {
        "Cache-Control": "no-cache",
        "Content-Length": "595",
        "Content-Type": "application/json; charset=utf-8",
        "Date": "Mon, 20 Mar 2023 07:28:45 GMT",
        "ETag": "\u002222014266-0000-0700-0000-64180b2d0000\u0022",
        "Expires": "-1",
        "Pragma": "no-cache",
        "Strict-Transport-Security": "max-age=31536000; includeSubDomains",
        "X-Cache": "CONFIG_NOCACHE",
        "X-Content-Type-Options": "nosniff",
        "x-ms-client-request-id": "513490ea700e28bda86dfe5716092232",
        "x-ms-correlation-request-id": "e104ce27-44f6-41d3-a136-c9f01b66eab6",
        "x-ms-ratelimit-remaining-subscription-reads": "14974",
        "x-ms-request-id": "09db06c0-4be9-4fa6-b750-7ed7e9031db3",
        "x-ms-routing-request-id": "CENTRALUS:20230320T072845Z:e104ce27-44f6-41d3-a136-c9f01b66eab6",
        "X-MSEdge-Ref": "Ref A: 11A880A5FF6741338C03C1C11A92C3EB Ref B: STBEDGE0518 Ref C: 2023-03-20T07:28:45Z"
      },
      "ResponseBody": {
        "id": "/subscriptions/ce1bff77-08c1-4199-b7a5-52194a42b6ce/providers/Microsoft.Communication/locations/CENTRALUS/operationStatuses/b883ff65-ef94-470e-b3b3-4e8c553108aa*701F37388AC587FD15B33515A327184C2159437EC1EADFACA8E0248949E15B9B",
        "name": "b883ff65-ef94-470e-b3b3-4e8c553108aa*701F37388AC587FD15B33515A327184C2159437EC1EADFACA8E0248949E15B9B",
        "resourceId": "/subscriptions/ce1bff77-08c1-4199-b7a5-52194a42b6ce/resourceGroups/Communication-RG-4837/providers/Microsoft.Communication/communicationServices/communication-service-2986",
        "status": "Deleting",
        "startTime": "2023-03-20T07:28:45.4531899Z"
      }
    },
    {
      "RequestUri": "https://api-dogfood.resources.windows-int.net/subscriptions/ce1bff77-08c1-4199-b7a5-52194a42b6ce/providers/Microsoft.Communication/locations/CENTRALUS/operationStatuses/b883ff65-ef94-470e-b3b3-4e8c553108aa*701F37388AC587FD15B33515A327184C2159437EC1EADFACA8E0248949E15B9B?api-version=2023-03-01-preview",
      "RequestMethod": "GET",
      "RequestHeaders": {
        "Authorization": "Sanitized",
        "traceparent": "00-33efd5b791285ce59f00d4d493fa7f56-d3181ec1432ed8e4-00",
        "User-Agent": "azsdk-net-ResourceManager/1.4.0 (.NET 6.0.15; Microsoft Windows 10.0.22621)",
        "x-ms-client-request-id": "f8c4ee371cc88a7e8e92a5e73eaab3e1",
        "x-ms-return-client-request-id": "true"
      },
      "RequestBody": null,
      "StatusCode": 202,
      "ResponseHeaders": {
        "Cache-Control": "no-cache",
        "Content-Length": "595",
        "Content-Type": "application/json; charset=utf-8",
        "Date": "Mon, 20 Mar 2023 07:28:46 GMT",
        "ETag": "\u002222014266-0000-0700-0000-64180b2d0000\u0022",
        "Expires": "-1",
        "Pragma": "no-cache",
        "Strict-Transport-Security": "max-age=31536000; includeSubDomains",
        "X-Cache": "CONFIG_NOCACHE",
        "X-Content-Type-Options": "nosniff",
        "x-ms-client-request-id": "f8c4ee371cc88a7e8e92a5e73eaab3e1",
        "x-ms-correlation-request-id": "0274ac60-e8d6-4daf-a51e-d7bc90beec1b",
        "x-ms-ratelimit-remaining-subscription-reads": "14973",
        "x-ms-request-id": "938531e9-3187-4843-a4a5-a13973f21f6a",
        "x-ms-routing-request-id": "CENTRALUS:20230320T072847Z:0274ac60-e8d6-4daf-a51e-d7bc90beec1b",
        "X-MSEdge-Ref": "Ref A: 6AD5DD89C5FB43EA899C3A9AEB3EA530 Ref B: STBEDGE0518 Ref C: 2023-03-20T07:28:47Z"
      },
      "ResponseBody": {
        "id": "/subscriptions/ce1bff77-08c1-4199-b7a5-52194a42b6ce/providers/Microsoft.Communication/locations/CENTRALUS/operationStatuses/b883ff65-ef94-470e-b3b3-4e8c553108aa*701F37388AC587FD15B33515A327184C2159437EC1EADFACA8E0248949E15B9B",
        "name": "b883ff65-ef94-470e-b3b3-4e8c553108aa*701F37388AC587FD15B33515A327184C2159437EC1EADFACA8E0248949E15B9B",
        "resourceId": "/subscriptions/ce1bff77-08c1-4199-b7a5-52194a42b6ce/resourceGroups/Communication-RG-4837/providers/Microsoft.Communication/communicationServices/communication-service-2986",
        "status": "Deleting",
        "startTime": "2023-03-20T07:28:45.4531899Z"
      }
    },
    {
      "RequestUri": "https://api-dogfood.resources.windows-int.net/subscriptions/ce1bff77-08c1-4199-b7a5-52194a42b6ce/providers/Microsoft.Communication/locations/CENTRALUS/operationStatuses/b883ff65-ef94-470e-b3b3-4e8c553108aa*701F37388AC587FD15B33515A327184C2159437EC1EADFACA8E0248949E15B9B?api-version=2023-03-01-preview",
      "RequestMethod": "GET",
      "RequestHeaders": {
        "Authorization": "Sanitized",
        "traceparent": "00-33efd5b791285ce59f00d4d493fa7f56-392b3d8a69a1f94e-00",
        "User-Agent": "azsdk-net-ResourceManager/1.4.0 (.NET 6.0.15; Microsoft Windows 10.0.22621)",
        "x-ms-client-request-id": "43ea2583a77079ccf23b747c80e80288",
        "x-ms-return-client-request-id": "true"
      },
      "RequestBody": null,
      "StatusCode": 202,
      "ResponseHeaders": {
        "Cache-Control": "no-cache",
        "Content-Length": "595",
        "Content-Type": "application/json; charset=utf-8",
        "Date": "Mon, 20 Mar 2023 07:28:47 GMT",
        "ETag": "\u002222014266-0000-0700-0000-64180b2d0000\u0022",
        "Expires": "-1",
        "Pragma": "no-cache",
        "Strict-Transport-Security": "max-age=31536000; includeSubDomains",
        "X-Cache": "CONFIG_NOCACHE",
        "X-Content-Type-Options": "nosniff",
        "x-ms-client-request-id": "43ea2583a77079ccf23b747c80e80288",
        "x-ms-correlation-request-id": "4aaf8689-4c41-4353-a30b-909cbc00d471",
        "x-ms-ratelimit-remaining-subscription-reads": "14972",
        "x-ms-request-id": "3f18fd76-32a5-4fdc-b9fb-9c005586e7f7",
        "x-ms-routing-request-id": "CENTRALUS:20230320T072848Z:4aaf8689-4c41-4353-a30b-909cbc00d471",
        "X-MSEdge-Ref": "Ref A: 09CF0313EFB74AB486D553BC78BD74F5 Ref B: STBEDGE0518 Ref C: 2023-03-20T07:28:48Z"
      },
      "ResponseBody": {
        "id": "/subscriptions/ce1bff77-08c1-4199-b7a5-52194a42b6ce/providers/Microsoft.Communication/locations/CENTRALUS/operationStatuses/b883ff65-ef94-470e-b3b3-4e8c553108aa*701F37388AC587FD15B33515A327184C2159437EC1EADFACA8E0248949E15B9B",
        "name": "b883ff65-ef94-470e-b3b3-4e8c553108aa*701F37388AC587FD15B33515A327184C2159437EC1EADFACA8E0248949E15B9B",
        "resourceId": "/subscriptions/ce1bff77-08c1-4199-b7a5-52194a42b6ce/resourceGroups/Communication-RG-4837/providers/Microsoft.Communication/communicationServices/communication-service-2986",
        "status": "Deleting",
        "startTime": "2023-03-20T07:28:45.4531899Z"
      }
    },
    {
      "RequestUri": "https://api-dogfood.resources.windows-int.net/subscriptions/ce1bff77-08c1-4199-b7a5-52194a42b6ce/providers/Microsoft.Communication/locations/CENTRALUS/operationStatuses/b883ff65-ef94-470e-b3b3-4e8c553108aa*701F37388AC587FD15B33515A327184C2159437EC1EADFACA8E0248949E15B9B?api-version=2023-03-01-preview",
      "RequestMethod": "GET",
      "RequestHeaders": {
        "Authorization": "Sanitized",
        "traceparent": "00-33efd5b791285ce59f00d4d493fa7f56-364eda88f333ff09-00",
        "User-Agent": "azsdk-net-ResourceManager/1.4.0 (.NET 6.0.15; Microsoft Windows 10.0.22621)",
        "x-ms-client-request-id": "f87ab1d8335ccd3e11aac37bcbd5e9fd",
        "x-ms-return-client-request-id": "true"
      },
      "RequestBody": null,
      "StatusCode": 202,
      "ResponseHeaders": {
        "Cache-Control": "no-cache",
        "Content-Length": "595",
        "Content-Type": "application/json; charset=utf-8",
        "Date": "Mon, 20 Mar 2023 07:28:48 GMT",
        "ETag": "\u002222014266-0000-0700-0000-64180b2d0000\u0022",
        "Expires": "-1",
        "Pragma": "no-cache",
        "Strict-Transport-Security": "max-age=31536000; includeSubDomains",
        "X-Cache": "CONFIG_NOCACHE",
        "X-Content-Type-Options": "nosniff",
        "x-ms-client-request-id": "f87ab1d8335ccd3e11aac37bcbd5e9fd",
        "x-ms-correlation-request-id": "fcd1a7cf-e96e-42c2-9445-f3f556a38018",
        "x-ms-ratelimit-remaining-subscription-reads": "14971",
        "x-ms-request-id": "40eadede-725c-452a-955d-8b620201ffcb",
        "x-ms-routing-request-id": "CENTRALUS:20230320T072849Z:fcd1a7cf-e96e-42c2-9445-f3f556a38018",
        "X-MSEdge-Ref": "Ref A: 735F512842C84CD094E3161EB0D596FD Ref B: STBEDGE0518 Ref C: 2023-03-20T07:28:49Z"
      },
      "ResponseBody": {
        "id": "/subscriptions/ce1bff77-08c1-4199-b7a5-52194a42b6ce/providers/Microsoft.Communication/locations/CENTRALUS/operationStatuses/b883ff65-ef94-470e-b3b3-4e8c553108aa*701F37388AC587FD15B33515A327184C2159437EC1EADFACA8E0248949E15B9B",
        "name": "b883ff65-ef94-470e-b3b3-4e8c553108aa*701F37388AC587FD15B33515A327184C2159437EC1EADFACA8E0248949E15B9B",
        "resourceId": "/subscriptions/ce1bff77-08c1-4199-b7a5-52194a42b6ce/resourceGroups/Communication-RG-4837/providers/Microsoft.Communication/communicationServices/communication-service-2986",
        "status": "Deleting",
        "startTime": "2023-03-20T07:28:45.4531899Z"
      }
    },
    {
      "RequestUri": "https://api-dogfood.resources.windows-int.net/subscriptions/ce1bff77-08c1-4199-b7a5-52194a42b6ce/providers/Microsoft.Communication/locations/CENTRALUS/operationStatuses/b883ff65-ef94-470e-b3b3-4e8c553108aa*701F37388AC587FD15B33515A327184C2159437EC1EADFACA8E0248949E15B9B?api-version=2023-03-01-preview",
      "RequestMethod": "GET",
      "RequestHeaders": {
        "Authorization": "Sanitized",
        "traceparent": "00-33efd5b791285ce59f00d4d493fa7f56-492e326030ed635e-00",
        "User-Agent": "azsdk-net-ResourceManager/1.4.0 (.NET 6.0.15; Microsoft Windows 10.0.22621)",
        "x-ms-client-request-id": "f1d41dbadf1e8fc1224b058ca80109a5",
        "x-ms-return-client-request-id": "true"
      },
      "RequestBody": null,
      "StatusCode": 202,
      "ResponseHeaders": {
        "Cache-Control": "no-cache",
        "Content-Length": "595",
        "Content-Type": "application/json; charset=utf-8",
        "Date": "Mon, 20 Mar 2023 07:28:50 GMT",
        "ETag": "\u002222014266-0000-0700-0000-64180b2d0000\u0022",
        "Expires": "-1",
        "Pragma": "no-cache",
        "Strict-Transport-Security": "max-age=31536000; includeSubDomains",
        "X-Cache": "CONFIG_NOCACHE",
        "X-Content-Type-Options": "nosniff",
        "x-ms-client-request-id": "f1d41dbadf1e8fc1224b058ca80109a5",
        "x-ms-correlation-request-id": "3048e07e-943c-4020-9417-5b55865f670e",
        "x-ms-ratelimit-remaining-subscription-reads": "14970",
        "x-ms-request-id": "15e04b9c-32cd-408f-a20a-ee6b72633fef",
        "x-ms-routing-request-id": "CENTRALUS:20230320T072851Z:3048e07e-943c-4020-9417-5b55865f670e",
        "X-MSEdge-Ref": "Ref A: EC1D015600024506977472D321B54438 Ref B: STBEDGE0518 Ref C: 2023-03-20T07:28:51Z"
      },
      "ResponseBody": {
        "id": "/subscriptions/ce1bff77-08c1-4199-b7a5-52194a42b6ce/providers/Microsoft.Communication/locations/CENTRALUS/operationStatuses/b883ff65-ef94-470e-b3b3-4e8c553108aa*701F37388AC587FD15B33515A327184C2159437EC1EADFACA8E0248949E15B9B",
        "name": "b883ff65-ef94-470e-b3b3-4e8c553108aa*701F37388AC587FD15B33515A327184C2159437EC1EADFACA8E0248949E15B9B",
        "resourceId": "/subscriptions/ce1bff77-08c1-4199-b7a5-52194a42b6ce/resourceGroups/Communication-RG-4837/providers/Microsoft.Communication/communicationServices/communication-service-2986",
        "status": "Deleting",
        "startTime": "2023-03-20T07:28:45.4531899Z"
      }
    },
    {
      "RequestUri": "https://api-dogfood.resources.windows-int.net/subscriptions/ce1bff77-08c1-4199-b7a5-52194a42b6ce/providers/Microsoft.Communication/locations/CENTRALUS/operationStatuses/b883ff65-ef94-470e-b3b3-4e8c553108aa*701F37388AC587FD15B33515A327184C2159437EC1EADFACA8E0248949E15B9B?api-version=2023-03-01-preview",
      "RequestMethod": "GET",
      "RequestHeaders": {
        "Authorization": "Sanitized",
        "traceparent": "00-33efd5b791285ce59f00d4d493fa7f56-f95333728de12f00-00",
        "User-Agent": "azsdk-net-ResourceManager/1.4.0 (.NET 6.0.15; Microsoft Windows 10.0.22621)",
        "x-ms-client-request-id": "8d0f1c8fbb2f4f84e61d32c6e350ad1c",
        "x-ms-return-client-request-id": "true"
      },
      "RequestBody": null,
      "StatusCode": 202,
      "ResponseHeaders": {
        "Cache-Control": "no-cache",
        "Content-Length": "595",
        "Content-Type": "application/json; charset=utf-8",
        "Date": "Mon, 20 Mar 2023 07:28:55 GMT",
        "ETag": "\u002222014266-0000-0700-0000-64180b2d0000\u0022",
        "Expires": "-1",
        "Pragma": "no-cache",
        "Strict-Transport-Security": "max-age=31536000; includeSubDomains",
        "X-Cache": "CONFIG_NOCACHE",
        "X-Content-Type-Options": "nosniff",
        "x-ms-client-request-id": "8d0f1c8fbb2f4f84e61d32c6e350ad1c",
        "x-ms-correlation-request-id": "befeaa6d-aa17-47ed-b8f8-6930f2b567db",
        "x-ms-ratelimit-remaining-subscription-reads": "14969",
        "x-ms-request-id": "1ca611e5-63eb-49dd-8c0d-b63aa908fa45",
        "x-ms-routing-request-id": "CENTRALUS:20230320T072855Z:befeaa6d-aa17-47ed-b8f8-6930f2b567db",
        "X-MSEdge-Ref": "Ref A: 34D5F94CAFC348B5B6C777E7707B268E Ref B: STBEDGE0518 Ref C: 2023-03-20T07:28:55Z"
      },
      "ResponseBody": {
        "id": "/subscriptions/ce1bff77-08c1-4199-b7a5-52194a42b6ce/providers/Microsoft.Communication/locations/CENTRALUS/operationStatuses/b883ff65-ef94-470e-b3b3-4e8c553108aa*701F37388AC587FD15B33515A327184C2159437EC1EADFACA8E0248949E15B9B",
        "name": "b883ff65-ef94-470e-b3b3-4e8c553108aa*701F37388AC587FD15B33515A327184C2159437EC1EADFACA8E0248949E15B9B",
        "resourceId": "/subscriptions/ce1bff77-08c1-4199-b7a5-52194a42b6ce/resourceGroups/Communication-RG-4837/providers/Microsoft.Communication/communicationServices/communication-service-2986",
        "status": "Deleting",
        "startTime": "2023-03-20T07:28:45.4531899Z"
      }
    },
    {
      "RequestUri": "https://api-dogfood.resources.windows-int.net/subscriptions/ce1bff77-08c1-4199-b7a5-52194a42b6ce/providers/Microsoft.Communication/locations/CENTRALUS/operationStatuses/b883ff65-ef94-470e-b3b3-4e8c553108aa*701F37388AC587FD15B33515A327184C2159437EC1EADFACA8E0248949E15B9B?api-version=2023-03-01-preview",
      "RequestMethod": "GET",
      "RequestHeaders": {
        "Authorization": "Sanitized",
        "traceparent": "00-33efd5b791285ce59f00d4d493fa7f56-54818cd422df2e6a-00",
        "User-Agent": "azsdk-net-ResourceManager/1.4.0 (.NET 6.0.15; Microsoft Windows 10.0.22621)",
        "x-ms-client-request-id": "63c276511113f96af0ead5102db1250f",
        "x-ms-return-client-request-id": "true"
      },
      "RequestBody": null,
      "StatusCode": 202,
      "ResponseHeaders": {
        "Cache-Control": "no-cache",
        "Content-Length": "595",
        "Content-Type": "application/json; charset=utf-8",
        "Date": "Mon, 20 Mar 2023 07:29:03 GMT",
        "ETag": "\u002222014266-0000-0700-0000-64180b2d0000\u0022",
        "Expires": "-1",
        "Pragma": "no-cache",
        "Strict-Transport-Security": "max-age=31536000; includeSubDomains",
        "X-Cache": "CONFIG_NOCACHE",
        "X-Content-Type-Options": "nosniff",
        "x-ms-client-request-id": "63c276511113f96af0ead5102db1250f",
        "x-ms-correlation-request-id": "456921db-43c7-4ce1-801c-9af88dc8e498",
        "x-ms-ratelimit-remaining-subscription-reads": "14968",
        "x-ms-request-id": "08ee48a5-6d89-431e-98fb-a6c2130ccb61",
        "x-ms-routing-request-id": "CENTRALUS:20230320T072903Z:456921db-43c7-4ce1-801c-9af88dc8e498",
        "X-MSEdge-Ref": "Ref A: 810A72BF944C46C9B702886160F18D0D Ref B: STBEDGE0518 Ref C: 2023-03-20T07:29:03Z"
      },
      "ResponseBody": {
        "id": "/subscriptions/ce1bff77-08c1-4199-b7a5-52194a42b6ce/providers/Microsoft.Communication/locations/CENTRALUS/operationStatuses/b883ff65-ef94-470e-b3b3-4e8c553108aa*701F37388AC587FD15B33515A327184C2159437EC1EADFACA8E0248949E15B9B",
        "name": "b883ff65-ef94-470e-b3b3-4e8c553108aa*701F37388AC587FD15B33515A327184C2159437EC1EADFACA8E0248949E15B9B",
        "resourceId": "/subscriptions/ce1bff77-08c1-4199-b7a5-52194a42b6ce/resourceGroups/Communication-RG-4837/providers/Microsoft.Communication/communicationServices/communication-service-2986",
        "status": "Deleting",
        "startTime": "2023-03-20T07:28:45.4531899Z"
      }
    },
    {
      "RequestUri": "https://api-dogfood.resources.windows-int.net/subscriptions/ce1bff77-08c1-4199-b7a5-52194a42b6ce/providers/Microsoft.Communication/locations/CENTRALUS/operationStatuses/b883ff65-ef94-470e-b3b3-4e8c553108aa*701F37388AC587FD15B33515A327184C2159437EC1EADFACA8E0248949E15B9B?api-version=2023-03-01-preview",
      "RequestMethod": "GET",
      "RequestHeaders": {
        "Authorization": "Sanitized",
        "traceparent": "00-33efd5b791285ce59f00d4d493fa7f56-15d8c4b50bccad56-00",
        "User-Agent": "azsdk-net-ResourceManager/1.4.0 (.NET 6.0.15; Microsoft Windows 10.0.22621)",
        "x-ms-client-request-id": "afeb1da05cc6fecd98840a01adfaabd1",
        "x-ms-return-client-request-id": "true"
      },
      "RequestBody": null,
      "StatusCode": 202,
      "ResponseHeaders": {
        "Cache-Control": "no-cache",
        "Content-Length": "595",
        "Content-Type": "application/json; charset=utf-8",
        "Date": "Mon, 20 Mar 2023 07:29:19 GMT",
        "ETag": "\u002222014266-0000-0700-0000-64180b2d0000\u0022",
        "Expires": "-1",
        "Pragma": "no-cache",
        "Strict-Transport-Security": "max-age=31536000; includeSubDomains",
        "X-Cache": "CONFIG_NOCACHE",
        "X-Content-Type-Options": "nosniff",
        "x-ms-client-request-id": "afeb1da05cc6fecd98840a01adfaabd1",
        "x-ms-correlation-request-id": "a65f1c48-491f-4261-9bc5-c78445d20149",
        "x-ms-ratelimit-remaining-subscription-reads": "14967",
        "x-ms-request-id": "7784d015-277c-4e90-8b9a-cabef6daa544",
        "x-ms-routing-request-id": "CENTRALUS:20230320T072920Z:a65f1c48-491f-4261-9bc5-c78445d20149",
        "X-MSEdge-Ref": "Ref A: 7A656BAC1A0A4F6EB766593FBFC75F33 Ref B: STBEDGE0518 Ref C: 2023-03-20T07:29:19Z"
      },
      "ResponseBody": {
        "id": "/subscriptions/ce1bff77-08c1-4199-b7a5-52194a42b6ce/providers/Microsoft.Communication/locations/CENTRALUS/operationStatuses/b883ff65-ef94-470e-b3b3-4e8c553108aa*701F37388AC587FD15B33515A327184C2159437EC1EADFACA8E0248949E15B9B",
        "name": "b883ff65-ef94-470e-b3b3-4e8c553108aa*701F37388AC587FD15B33515A327184C2159437EC1EADFACA8E0248949E15B9B",
        "resourceId": "/subscriptions/ce1bff77-08c1-4199-b7a5-52194a42b6ce/resourceGroups/Communication-RG-4837/providers/Microsoft.Communication/communicationServices/communication-service-2986",
        "status": "Deleting",
        "startTime": "2023-03-20T07:28:45.4531899Z"
      }
    },
    {
      "RequestUri": "https://api-dogfood.resources.windows-int.net/subscriptions/ce1bff77-08c1-4199-b7a5-52194a42b6ce/providers/Microsoft.Communication/locations/CENTRALUS/operationStatuses/b883ff65-ef94-470e-b3b3-4e8c553108aa*701F37388AC587FD15B33515A327184C2159437EC1EADFACA8E0248949E15B9B?api-version=2023-03-01-preview",
      "RequestMethod": "GET",
      "RequestHeaders": {
        "Authorization": "Sanitized",
        "traceparent": "00-33efd5b791285ce59f00d4d493fa7f56-467d8aeab08fd262-00",
        "User-Agent": "azsdk-net-ResourceManager/1.4.0 (.NET 6.0.15; Microsoft Windows 10.0.22621)",
        "x-ms-client-request-id": "313be89da53f7e92b1169d45e5742235",
        "x-ms-return-client-request-id": "true"
      },
      "RequestBody": null,
      "StatusCode": 200,
      "ResponseHeaders": {
        "Cache-Control": "no-cache",
        "Content-Length": "614",
        "Content-Type": "application/json; charset=utf-8",
        "Date": "Mon, 20 Mar 2023 07:29:51 GMT",
        "ETag": "\u00222201fe66-0000-0700-0000-64180b6f0000\u0022",
        "Expires": "-1",
        "Pragma": "no-cache",
        "Strict-Transport-Security": "max-age=31536000; includeSubDomains",
        "X-Cache": "CONFIG_NOCACHE",
        "X-Content-Type-Options": "nosniff",
        "x-ms-client-request-id": "313be89da53f7e92b1169d45e5742235",
        "x-ms-correlation-request-id": "ed61cf3f-fb8b-46c6-b333-afb0ca1393be",
        "x-ms-ratelimit-remaining-subscription-reads": "14966",
        "x-ms-request-id": "dca37563-1b36-45c5-98bf-1e0d45ba7348",
        "x-ms-routing-request-id": "CENTRALUS:20230320T072952Z:ed61cf3f-fb8b-46c6-b333-afb0ca1393be",
        "X-MSEdge-Ref": "Ref A: 6BC77F986D0644BEB9B15407D2C606D0 Ref B: STBEDGE0518 Ref C: 2023-03-20T07:29:52Z"
      },
      "ResponseBody": {
        "id": "/subscriptions/ce1bff77-08c1-4199-b7a5-52194a42b6ce/providers/Microsoft.Communication/locations/CENTRALUS/operationStatuses/b883ff65-ef94-470e-b3b3-4e8c553108aa*701F37388AC587FD15B33515A327184C2159437EC1EADFACA8E0248949E15B9B",
        "name": "b883ff65-ef94-470e-b3b3-4e8c553108aa*701F37388AC587FD15B33515A327184C2159437EC1EADFACA8E0248949E15B9B",
        "resourceId": "/subscriptions/ce1bff77-08c1-4199-b7a5-52194a42b6ce/resourceGroups/Communication-RG-4837/providers/Microsoft.Communication/communicationServices/communication-service-2986",
        "status": "Succeeded",
        "startTime": "2023-03-20T07:28:45.4531899Z",
        "properties": null
      }
    }
  ],
  "Variables": {
    "AZURE_AUTHORITY_HOST": "https://login.windows-ppe.net/",
    "RandomSeed": "2070703875",
    "RESOURCE_MANAGER_URL": "https://api-dogfood.resources.windows-int.net/",
    "SERVICE_MANAGEMENT_URL": "https://management.core.windows.net/",
    "SUBSCRIPTION_ID": "ce1bff77-08c1-4199-b7a5-52194a42b6ce"
  }
}
