{
  "Entries": [
    {
      "RequestUri": "https://api-dogfood.resources.windows-int.net/subscriptions/ce1bff77-08c1-4199-b7a5-52194a42b6ce/resourcegroups/Communication-RG-6152?api-version=**",
      "RequestMethod": "GET",
      "RequestHeaders": {
        "Accept": "application/json",
        "Authorization": "Sanitized",
        "traceparent": "00-4d3f408686206165347636a39c0eaad7-f5af1a7fa6b7de7b-00",
        "User-Agent": "azsdk-net-ResourceManager/1.4.0 (.NET 6.0.15; Microsoft Windows 10.0.22621)",
        "x-ms-client-request-id": "c85114db4dadd21f65026cbbfb8b9024",
        "x-ms-return-client-request-id": "true"
      },
      "RequestBody": null,
      "StatusCode": 200,
      "ResponseHeaders": {
        "Cache-Control": "no-cache",
        "Content-Length": "239",
        "Content-Type": "application/json; charset=utf-8",
        "Date": "Sun, 19 Mar 2023 22:29:37 GMT",
        "Expires": "-1",
        "Pragma": "no-cache",
        "Strict-Transport-Security": "max-age=31536000; includeSubDomains",
        "X-Cache": "CONFIG_NOCACHE",
        "X-Content-Type-Options": "nosniff",
        "x-ms-correlation-request-id": "02ac77d5-74d3-4189-a690-36e6ffa38aad",
        "x-ms-ratelimit-remaining-subscription-reads": "14790",
        "x-ms-request-id": "02ac77d5-74d3-4189-a690-36e6ffa38aad",
        "x-ms-routing-request-id": "CENTRALUS:20230319T222938Z:02ac77d5-74d3-4189-a690-36e6ffa38aad",
        "X-MSEdge-Ref": "Ref A: 08FA551DD2B5437898B2273E1436A7A7 Ref B: STBEDGE0212 Ref C: 2023-03-19T22:29:38Z"
      },
      "ResponseBody": {
        "id": "/subscriptions/ce1bff77-08c1-4199-b7a5-52194a42b6ce/resourceGroups/Communication-RG-6152",
        "name": "Communication-RG-6152",
        "type": "Microsoft.Resources/resourceGroups",
        "location": "westus",
        "properties": {
          "provisioningState": "Succeeded"
        }
      }
    },
    {
      "RequestUri": "https://api-dogfood.resources.windows-int.net/subscriptions/ce1bff77-08c1-4199-b7a5-52194a42b6ce/resourceGroups/Communication-RG-6152/providers/Microsoft.Communication/communicationServices/communication-service-5456?api-version=2023-03-01-preview",
      "RequestMethod": "PUT",
      "RequestHeaders": {
        "Accept": "application/json",
        "Authorization": "Sanitized",
        "Content-Length": "76",
        "Content-Type": "application/json",
        "traceparent": "00-ef2e8bcad955f8c3d711f6a23f6e2c76-9df8a8e59ffc0e1f-00",
        "User-Agent": "azsdk-net-ResourceManager.Communication/1.1.0-alpha.20230319.1 (.NET 6.0.15; Microsoft Windows 10.0.22621)",
        "x-ms-client-request-id": "10cd9e9549ac88fd18461aa061dae1a8",
        "x-ms-return-client-request-id": "true"
      },
      "RequestBody": {
        "tags": {},
        "location": "global",
        "properties": {
          "dataLocation": "UnitedStates"
        }
      },
      "StatusCode": 201,
      "ResponseHeaders": {
        "Azure-AsyncNotification": "Enabled",
        "Azure-AsyncOperation": "https://api-dogfood.resources.windows-int.net/subscriptions/ce1bff77-08c1-4199-b7a5-52194a42b6ce/providers/Microsoft.Communication/locations/CENTRALUS/operationStatuses/27040379-b95f-4f26-91c9-9b75ccce807a*C196AA4E4AE6C0B4CCC21F1C468FD2726D9A7CB174364FAEFB6A206F27CA48B3?api-version=2023-03-01-preview",
        "Cache-Control": "no-cache",
        "Content-Length": "655",
        "Content-Type": "application/json; charset=utf-8",
        "Date": "Sun, 19 Mar 2023 22:29:39 GMT",
        "ETag": "\u00220d0151b4-0000-0700-0000-64178cd30000\u0022",
        "Expires": "-1",
        "mise-correlation-id": "765ae9ef-d22a-404b-9f1f-5003bb598919",
        "Pragma": "no-cache",
        "Request-Context": "appId=",
        "Strict-Transport-Security": "max-age=31536000; includeSubDomains",
        "X-Cache": "CONFIG_NOCACHE",
        "X-Content-Type-Options": "nosniff",
        "x-ms-client-request-id": "10cd9e9549ac88fd18461aa061dae1a8",
        "x-ms-correlation-request-id": "668f5ecc-3b74-49b2-804e-adf6146a635f",
        "x-ms-providerhub-traffic": "True",
        "x-ms-ratelimit-remaining-subscription-writes": "1184",
        "x-ms-request-id": "27040379-b95f-4f26-91c9-9b75ccce807a",
        "x-ms-resource-provider-hint": "noPolling",
        "x-ms-routing-request-id": "CENTRALUS:20230319T222939Z:668f5ecc-3b74-49b2-804e-adf6146a635f",
        "X-MSEdge-Ref": "Ref A: 62D0A5C263FF40ACA7E40FBE5548497A Ref B: STBEDGE0212 Ref C: 2023-03-19T22:29:38Z"
      },
      "ResponseBody": {
        "id": "/subscriptions/ce1bff77-08c1-4199-b7a5-52194a42b6ce/resourceGroups/Communication-RG-6152/providers/Microsoft.Communication/communicationServices/communication-service-5456",
        "name": "communication-service-5456",
        "type": "microsoft.communication/communicationservices",
        "location": "global",
        "tags": {},
        "systemData": {
          "createdBy": "dd5e080b-9821-4976-9ab1-c95d8cc8eafa",
          "createdByType": "Application",
          "createdAt": "2023-03-19T22:29:38.6917913Z",
          "lastModifiedBy": "dd5e080b-9821-4976-9ab1-c95d8cc8eafa",
          "lastModifiedByType": "Application",
          "lastModifiedAt": "2023-03-19T22:29:38.6917913Z"
        },
        "properties": {
          "dataLocation": "UnitedStates",
          "provisioningState": "Accepted"
        }
      }
    },
    {
      "RequestUri": "https://api-dogfood.resources.windows-int.net/subscriptions/ce1bff77-08c1-4199-b7a5-52194a42b6ce/providers/Microsoft.Communication/locations/CENTRALUS/operationStatuses/27040379-b95f-4f26-91c9-9b75ccce807a*C196AA4E4AE6C0B4CCC21F1C468FD2726D9A7CB174364FAEFB6A206F27CA48B3?api-version=2023-03-01-preview",
      "RequestMethod": "GET",
      "RequestHeaders": {
        "Authorization": "Sanitized",
        "traceparent": "00-ef2e8bcad955f8c3d711f6a23f6e2c76-f3f7d49483fda650-00",
        "User-Agent": "azsdk-net-ResourceManager/1.4.0 (.NET 6.0.15; Microsoft Windows 10.0.22621)",
        "x-ms-client-request-id": "02cf390fc981ca2e5340950605310328",
        "x-ms-return-client-request-id": "true"
      },
      "RequestBody": null,
      "StatusCode": 200,
      "ResponseHeaders": {
        "Cache-Control": "no-cache",
        "Content-Length": "595",
        "Content-Type": "application/json; charset=utf-8",
        "Date": "Sun, 19 Mar 2023 22:29:39 GMT",
        "ETag": "\u002220018943-0000-0700-0000-64178cd30000\u0022",
        "Expires": "-1",
        "Pragma": "no-cache",
        "Strict-Transport-Security": "max-age=31536000; includeSubDomains",
        "X-Cache": "CONFIG_NOCACHE",
        "X-Content-Type-Options": "nosniff",
        "x-ms-client-request-id": "02cf390fc981ca2e5340950605310328",
        "x-ms-correlation-request-id": "2c407458-72f5-415b-ba31-697cd85bfa90",
        "x-ms-ratelimit-remaining-subscription-reads": "14789",
        "x-ms-request-id": "4cabea58-f497-4caf-93b4-cae5f9b5df20",
        "x-ms-routing-request-id": "CENTRALUS:20230319T222939Z:2c407458-72f5-415b-ba31-697cd85bfa90",
        "X-MSEdge-Ref": "Ref A: 5D139D75FEAF4729945DE2F95E9AED1F Ref B: STBEDGE0212 Ref C: 2023-03-19T22:29:39Z"
      },
      "ResponseBody": {
        "id": "/subscriptions/ce1bff77-08c1-4199-b7a5-52194a42b6ce/providers/Microsoft.Communication/locations/CENTRALUS/operationStatuses/27040379-b95f-4f26-91c9-9b75ccce807a*C196AA4E4AE6C0B4CCC21F1C468FD2726D9A7CB174364FAEFB6A206F27CA48B3",
        "name": "27040379-b95f-4f26-91c9-9b75ccce807a*C196AA4E4AE6C0B4CCC21F1C468FD2726D9A7CB174364FAEFB6A206F27CA48B3",
        "resourceId": "/subscriptions/ce1bff77-08c1-4199-b7a5-52194a42b6ce/resourceGroups/Communication-RG-6152/providers/Microsoft.Communication/communicationServices/communication-service-5456",
        "status": "Accepted",
        "startTime": "2023-03-19T22:29:39.2528515Z"
      }
    },
    {
      "RequestUri": "https://api-dogfood.resources.windows-int.net/subscriptions/ce1bff77-08c1-4199-b7a5-52194a42b6ce/providers/Microsoft.Communication/locations/CENTRALUS/operationStatuses/27040379-b95f-4f26-91c9-9b75ccce807a*C196AA4E4AE6C0B4CCC21F1C468FD2726D9A7CB174364FAEFB6A206F27CA48B3?api-version=2023-03-01-preview",
      "RequestMethod": "GET",
      "RequestHeaders": {
        "Authorization": "Sanitized",
        "traceparent": "00-ef2e8bcad955f8c3d711f6a23f6e2c76-f022d0112bcc6b40-00",
        "User-Agent": "azsdk-net-ResourceManager/1.4.0 (.NET 6.0.15; Microsoft Windows 10.0.22621)",
        "x-ms-client-request-id": "8633138ab09344e375a11f6c2011d3b8",
        "x-ms-return-client-request-id": "true"
      },
      "RequestBody": null,
      "StatusCode": 200,
      "ResponseHeaders": {
        "Cache-Control": "no-cache",
        "Content-Length": "595",
        "Content-Type": "application/json; charset=utf-8",
        "Date": "Sun, 19 Mar 2023 22:29:40 GMT",
        "ETag": "\u002220018943-0000-0700-0000-64178cd30000\u0022",
        "Expires": "-1",
        "Pragma": "no-cache",
        "Strict-Transport-Security": "max-age=31536000; includeSubDomains",
        "X-Cache": "CONFIG_NOCACHE",
        "X-Content-Type-Options": "nosniff",
        "x-ms-client-request-id": "8633138ab09344e375a11f6c2011d3b8",
        "x-ms-correlation-request-id": "a54bfc35-a69a-466b-b592-ca8f9ac87ad4",
        "x-ms-ratelimit-remaining-subscription-reads": "14788",
        "x-ms-request-id": "ef31c5b0-4a9e-4fe2-80e7-ce7f68962ace",
        "x-ms-routing-request-id": "CENTRALUS:20230319T222940Z:a54bfc35-a69a-466b-b592-ca8f9ac87ad4",
        "X-MSEdge-Ref": "Ref A: 80DBA3EDC4E9456D87FBE2FDDCE059BC Ref B: STBEDGE0212 Ref C: 2023-03-19T22:29:40Z"
      },
      "ResponseBody": {
        "id": "/subscriptions/ce1bff77-08c1-4199-b7a5-52194a42b6ce/providers/Microsoft.Communication/locations/CENTRALUS/operationStatuses/27040379-b95f-4f26-91c9-9b75ccce807a*C196AA4E4AE6C0B4CCC21F1C468FD2726D9A7CB174364FAEFB6A206F27CA48B3",
        "name": "27040379-b95f-4f26-91c9-9b75ccce807a*C196AA4E4AE6C0B4CCC21F1C468FD2726D9A7CB174364FAEFB6A206F27CA48B3",
        "resourceId": "/subscriptions/ce1bff77-08c1-4199-b7a5-52194a42b6ce/resourceGroups/Communication-RG-6152/providers/Microsoft.Communication/communicationServices/communication-service-5456",
        "status": "Accepted",
        "startTime": "2023-03-19T22:29:39.2528515Z"
      }
    },
    {
      "RequestUri": "https://api-dogfood.resources.windows-int.net/subscriptions/ce1bff77-08c1-4199-b7a5-52194a42b6ce/providers/Microsoft.Communication/locations/CENTRALUS/operationStatuses/27040379-b95f-4f26-91c9-9b75ccce807a*C196AA4E4AE6C0B4CCC21F1C468FD2726D9A7CB174364FAEFB6A206F27CA48B3?api-version=2023-03-01-preview",
      "RequestMethod": "GET",
      "RequestHeaders": {
        "Authorization": "Sanitized",
        "traceparent": "00-ef2e8bcad955f8c3d711f6a23f6e2c76-faeaac63273292c8-00",
        "User-Agent": "azsdk-net-ResourceManager/1.4.0 (.NET 6.0.15; Microsoft Windows 10.0.22621)",
        "x-ms-client-request-id": "2891cebddf0afe26d6312052bb2227be",
        "x-ms-return-client-request-id": "true"
      },
      "RequestBody": null,
      "StatusCode": 200,
      "ResponseHeaders": {
        "Cache-Control": "no-cache",
        "Content-Length": "595",
        "Content-Type": "application/json; charset=utf-8",
        "Date": "Sun, 19 Mar 2023 22:29:41 GMT",
        "ETag": "\u002220018943-0000-0700-0000-64178cd30000\u0022",
        "Expires": "-1",
        "Pragma": "no-cache",
        "Strict-Transport-Security": "max-age=31536000; includeSubDomains",
        "X-Cache": "CONFIG_NOCACHE",
        "X-Content-Type-Options": "nosniff",
        "x-ms-client-request-id": "2891cebddf0afe26d6312052bb2227be",
        "x-ms-correlation-request-id": "5d4e4861-2b9f-44bf-9824-13f82c141cc1",
        "x-ms-ratelimit-remaining-subscription-reads": "14787",
        "x-ms-request-id": "99bae671-5824-4e44-8207-b456d3e309e6",
        "x-ms-routing-request-id": "CENTRALUS:20230319T222942Z:5d4e4861-2b9f-44bf-9824-13f82c141cc1",
        "X-MSEdge-Ref": "Ref A: 98709BBAB15A4BEB8312E6D33822666F Ref B: STBEDGE0212 Ref C: 2023-03-19T22:29:42Z"
      },
      "ResponseBody": {
        "id": "/subscriptions/ce1bff77-08c1-4199-b7a5-52194a42b6ce/providers/Microsoft.Communication/locations/CENTRALUS/operationStatuses/27040379-b95f-4f26-91c9-9b75ccce807a*C196AA4E4AE6C0B4CCC21F1C468FD2726D9A7CB174364FAEFB6A206F27CA48B3",
        "name": "27040379-b95f-4f26-91c9-9b75ccce807a*C196AA4E4AE6C0B4CCC21F1C468FD2726D9A7CB174364FAEFB6A206F27CA48B3",
        "resourceId": "/subscriptions/ce1bff77-08c1-4199-b7a5-52194a42b6ce/resourceGroups/Communication-RG-6152/providers/Microsoft.Communication/communicationServices/communication-service-5456",
        "status": "Accepted",
        "startTime": "2023-03-19T22:29:39.2528515Z"
      }
    },
    {
      "RequestUri": "https://api-dogfood.resources.windows-int.net/subscriptions/ce1bff77-08c1-4199-b7a5-52194a42b6ce/providers/Microsoft.Communication/locations/CENTRALUS/operationStatuses/27040379-b95f-4f26-91c9-9b75ccce807a*C196AA4E4AE6C0B4CCC21F1C468FD2726D9A7CB174364FAEFB6A206F27CA48B3?api-version=2023-03-01-preview",
      "RequestMethod": "GET",
      "RequestHeaders": {
        "Authorization": "Sanitized",
        "traceparent": "00-ef2e8bcad955f8c3d711f6a23f6e2c76-db0d12918458b158-00",
        "User-Agent": "azsdk-net-ResourceManager/1.4.0 (.NET 6.0.15; Microsoft Windows 10.0.22621)",
        "x-ms-client-request-id": "a261003c022b5eb8568a8ddfa9c2aa41",
        "x-ms-return-client-request-id": "true"
      },
      "RequestBody": null,
      "StatusCode": 200,
      "ResponseHeaders": {
        "Cache-Control": "no-cache",
        "Content-Length": "595",
        "Content-Type": "application/json; charset=utf-8",
        "Date": "Sun, 19 Mar 2023 22:29:42 GMT",
        "ETag": "\u002220018943-0000-0700-0000-64178cd30000\u0022",
        "Expires": "-1",
        "Pragma": "no-cache",
        "Strict-Transport-Security": "max-age=31536000; includeSubDomains",
        "X-Cache": "CONFIG_NOCACHE",
        "X-Content-Type-Options": "nosniff",
        "x-ms-client-request-id": "a261003c022b5eb8568a8ddfa9c2aa41",
        "x-ms-correlation-request-id": "0a6f94bc-84ea-4754-9457-19a0e42ba37b",
        "x-ms-ratelimit-remaining-subscription-reads": "14786",
        "x-ms-request-id": "532c38d5-7652-425e-90cf-78880e822749",
        "x-ms-routing-request-id": "CENTRALUS:20230319T222943Z:0a6f94bc-84ea-4754-9457-19a0e42ba37b",
        "X-MSEdge-Ref": "Ref A: F4BAB025EF744CB789A669B9A6F47BF2 Ref B: STBEDGE0212 Ref C: 2023-03-19T22:29:43Z"
      },
      "ResponseBody": {
        "id": "/subscriptions/ce1bff77-08c1-4199-b7a5-52194a42b6ce/providers/Microsoft.Communication/locations/CENTRALUS/operationStatuses/27040379-b95f-4f26-91c9-9b75ccce807a*C196AA4E4AE6C0B4CCC21F1C468FD2726D9A7CB174364FAEFB6A206F27CA48B3",
        "name": "27040379-b95f-4f26-91c9-9b75ccce807a*C196AA4E4AE6C0B4CCC21F1C468FD2726D9A7CB174364FAEFB6A206F27CA48B3",
        "resourceId": "/subscriptions/ce1bff77-08c1-4199-b7a5-52194a42b6ce/resourceGroups/Communication-RG-6152/providers/Microsoft.Communication/communicationServices/communication-service-5456",
        "status": "Accepted",
        "startTime": "2023-03-19T22:29:39.2528515Z"
      }
    },
    {
      "RequestUri": "https://api-dogfood.resources.windows-int.net/subscriptions/ce1bff77-08c1-4199-b7a5-52194a42b6ce/providers/Microsoft.Communication/locations/CENTRALUS/operationStatuses/27040379-b95f-4f26-91c9-9b75ccce807a*C196AA4E4AE6C0B4CCC21F1C468FD2726D9A7CB174364FAEFB6A206F27CA48B3?api-version=2023-03-01-preview",
      "RequestMethod": "GET",
      "RequestHeaders": {
        "Authorization": "Sanitized",
        "traceparent": "00-ef2e8bcad955f8c3d711f6a23f6e2c76-039ead990979c0d8-00",
        "User-Agent": "azsdk-net-ResourceManager/1.4.0 (.NET 6.0.15; Microsoft Windows 10.0.22621)",
        "x-ms-client-request-id": "3649dd6cdaa0ab1eec35af6190918952",
        "x-ms-return-client-request-id": "true"
      },
      "RequestBody": null,
      "StatusCode": 200,
      "ResponseHeaders": {
        "Cache-Control": "no-cache",
        "Content-Length": "595",
        "Content-Type": "application/json; charset=utf-8",
        "Date": "Sun, 19 Mar 2023 22:29:44 GMT",
        "ETag": "\u002220018943-0000-0700-0000-64178cd30000\u0022",
        "Expires": "-1",
        "Pragma": "no-cache",
        "Strict-Transport-Security": "max-age=31536000; includeSubDomains",
        "X-Cache": "CONFIG_NOCACHE",
        "X-Content-Type-Options": "nosniff",
        "x-ms-client-request-id": "3649dd6cdaa0ab1eec35af6190918952",
        "x-ms-correlation-request-id": "c37ec162-ba1d-4a11-8c69-6f5d97d7c6b4",
        "x-ms-ratelimit-remaining-subscription-reads": "14785",
        "x-ms-request-id": "4820e18a-bc43-4813-85d7-40817ee6b4f3",
        "x-ms-routing-request-id": "CENTRALUS:20230319T222945Z:c37ec162-ba1d-4a11-8c69-6f5d97d7c6b4",
        "X-MSEdge-Ref": "Ref A: DBAFC27A1FEB46558BD77C9A2E304316 Ref B: STBEDGE0212 Ref C: 2023-03-19T22:29:45Z"
      },
      "ResponseBody": {
        "id": "/subscriptions/ce1bff77-08c1-4199-b7a5-52194a42b6ce/providers/Microsoft.Communication/locations/CENTRALUS/operationStatuses/27040379-b95f-4f26-91c9-9b75ccce807a*C196AA4E4AE6C0B4CCC21F1C468FD2726D9A7CB174364FAEFB6A206F27CA48B3",
        "name": "27040379-b95f-4f26-91c9-9b75ccce807a*C196AA4E4AE6C0B4CCC21F1C468FD2726D9A7CB174364FAEFB6A206F27CA48B3",
        "resourceId": "/subscriptions/ce1bff77-08c1-4199-b7a5-52194a42b6ce/resourceGroups/Communication-RG-6152/providers/Microsoft.Communication/communicationServices/communication-service-5456",
        "status": "Accepted",
        "startTime": "2023-03-19T22:29:39.2528515Z"
      }
    },
    {
      "RequestUri": "https://api-dogfood.resources.windows-int.net/subscriptions/ce1bff77-08c1-4199-b7a5-52194a42b6ce/providers/Microsoft.Communication/locations/CENTRALUS/operationStatuses/27040379-b95f-4f26-91c9-9b75ccce807a*C196AA4E4AE6C0B4CCC21F1C468FD2726D9A7CB174364FAEFB6A206F27CA48B3?api-version=2023-03-01-preview",
      "RequestMethod": "GET",
      "RequestHeaders": {
        "Authorization": "Sanitized",
        "traceparent": "00-ef2e8bcad955f8c3d711f6a23f6e2c76-6da72baf1c34b72e-00",
        "User-Agent": "azsdk-net-ResourceManager/1.4.0 (.NET 6.0.15; Microsoft Windows 10.0.22621)",
        "x-ms-client-request-id": "202f607931afba8c1533d17f51465414",
        "x-ms-return-client-request-id": "true"
      },
      "RequestBody": null,
      "StatusCode": 200,
      "ResponseHeaders": {
        "Cache-Control": "no-cache",
        "Content-Length": "595",
        "Content-Type": "application/json; charset=utf-8",
        "Date": "Sun, 19 Mar 2023 22:29:49 GMT",
        "ETag": "\u002220018943-0000-0700-0000-64178cd30000\u0022",
        "Expires": "-1",
        "Pragma": "no-cache",
        "Strict-Transport-Security": "max-age=31536000; includeSubDomains",
        "X-Cache": "CONFIG_NOCACHE",
        "X-Content-Type-Options": "nosniff",
        "x-ms-client-request-id": "202f607931afba8c1533d17f51465414",
        "x-ms-correlation-request-id": "ffa9c2fb-5fc9-423f-9407-a7925f307d0a",
        "x-ms-ratelimit-remaining-subscription-reads": "14784",
        "x-ms-request-id": "b0cb60f1-eba0-4507-8a31-68d7a8788e76",
        "x-ms-routing-request-id": "CENTRALUS:20230319T222949Z:ffa9c2fb-5fc9-423f-9407-a7925f307d0a",
        "X-MSEdge-Ref": "Ref A: 5E592B562AA94C4381938D55A0855822 Ref B: STBEDGE0212 Ref C: 2023-03-19T22:29:49Z"
      },
      "ResponseBody": {
        "id": "/subscriptions/ce1bff77-08c1-4199-b7a5-52194a42b6ce/providers/Microsoft.Communication/locations/CENTRALUS/operationStatuses/27040379-b95f-4f26-91c9-9b75ccce807a*C196AA4E4AE6C0B4CCC21F1C468FD2726D9A7CB174364FAEFB6A206F27CA48B3",
        "name": "27040379-b95f-4f26-91c9-9b75ccce807a*C196AA4E4AE6C0B4CCC21F1C468FD2726D9A7CB174364FAEFB6A206F27CA48B3",
        "resourceId": "/subscriptions/ce1bff77-08c1-4199-b7a5-52194a42b6ce/resourceGroups/Communication-RG-6152/providers/Microsoft.Communication/communicationServices/communication-service-5456",
        "status": "Accepted",
        "startTime": "2023-03-19T22:29:39.2528515Z"
      }
    },
    {
      "RequestUri": "https://api-dogfood.resources.windows-int.net/subscriptions/ce1bff77-08c1-4199-b7a5-52194a42b6ce/providers/Microsoft.Communication/locations/CENTRALUS/operationStatuses/27040379-b95f-4f26-91c9-9b75ccce807a*C196AA4E4AE6C0B4CCC21F1C468FD2726D9A7CB174364FAEFB6A206F27CA48B3?api-version=2023-03-01-preview",
      "RequestMethod": "GET",
      "RequestHeaders": {
        "Authorization": "Sanitized",
        "traceparent": "00-ef2e8bcad955f8c3d711f6a23f6e2c76-e7dda9fda0cba8d7-00",
        "User-Agent": "azsdk-net-ResourceManager/1.4.0 (.NET 6.0.15; Microsoft Windows 10.0.22621)",
        "x-ms-client-request-id": "dde5de87f0d8611ee2b6b5f65356cec5",
        "x-ms-return-client-request-id": "true"
      },
      "RequestBody": null,
      "StatusCode": 200,
      "ResponseHeaders": {
        "Cache-Control": "no-cache",
        "Content-Length": "595",
        "Content-Type": "application/json; charset=utf-8",
        "Date": "Sun, 19 Mar 2023 22:29:57 GMT",
        "ETag": "\u002220018943-0000-0700-0000-64178cd30000\u0022",
        "Expires": "-1",
        "Pragma": "no-cache",
        "Strict-Transport-Security": "max-age=31536000; includeSubDomains",
        "X-Cache": "CONFIG_NOCACHE",
        "X-Content-Type-Options": "nosniff",
        "x-ms-client-request-id": "dde5de87f0d8611ee2b6b5f65356cec5",
        "x-ms-correlation-request-id": "e0bb94bf-86dd-40a4-b371-346eb776589a",
        "x-ms-ratelimit-remaining-subscription-reads": "14783",
        "x-ms-request-id": "900d5e85-5dfd-4a87-8df5-455f81b3e25b",
        "x-ms-routing-request-id": "CENTRALUS:20230319T222957Z:e0bb94bf-86dd-40a4-b371-346eb776589a",
        "X-MSEdge-Ref": "Ref A: B511C0E6AE87423886861DBD2D18FCD7 Ref B: STBEDGE0212 Ref C: 2023-03-19T22:29:57Z"
      },
      "ResponseBody": {
        "id": "/subscriptions/ce1bff77-08c1-4199-b7a5-52194a42b6ce/providers/Microsoft.Communication/locations/CENTRALUS/operationStatuses/27040379-b95f-4f26-91c9-9b75ccce807a*C196AA4E4AE6C0B4CCC21F1C468FD2726D9A7CB174364FAEFB6A206F27CA48B3",
        "name": "27040379-b95f-4f26-91c9-9b75ccce807a*C196AA4E4AE6C0B4CCC21F1C468FD2726D9A7CB174364FAEFB6A206F27CA48B3",
        "resourceId": "/subscriptions/ce1bff77-08c1-4199-b7a5-52194a42b6ce/resourceGroups/Communication-RG-6152/providers/Microsoft.Communication/communicationServices/communication-service-5456",
        "status": "Accepted",
        "startTime": "2023-03-19T22:29:39.2528515Z"
      }
    },
    {
      "RequestUri": "https://api-dogfood.resources.windows-int.net/subscriptions/ce1bff77-08c1-4199-b7a5-52194a42b6ce/providers/Microsoft.Communication/locations/CENTRALUS/operationStatuses/27040379-b95f-4f26-91c9-9b75ccce807a*C196AA4E4AE6C0B4CCC21F1C468FD2726D9A7CB174364FAEFB6A206F27CA48B3?api-version=2023-03-01-preview",
      "RequestMethod": "GET",
      "RequestHeaders": {
        "Authorization": "Sanitized",
        "traceparent": "00-ef2e8bcad955f8c3d711f6a23f6e2c76-7b762c2f89673ea4-00",
        "User-Agent": "azsdk-net-ResourceManager/1.4.0 (.NET 6.0.15; Microsoft Windows 10.0.22621)",
        "x-ms-client-request-id": "49663a0189923b92508f216d099e59a5",
        "x-ms-return-client-request-id": "true"
      },
      "RequestBody": null,
      "StatusCode": 200,
      "ResponseHeaders": {
        "Cache-Control": "no-cache",
        "Content-Length": "595",
        "Content-Type": "application/json; charset=utf-8",
        "Date": "Sun, 19 Mar 2023 22:30:13 GMT",
        "ETag": "\u002220018943-0000-0700-0000-64178cd30000\u0022",
        "Expires": "-1",
        "Pragma": "no-cache",
        "Strict-Transport-Security": "max-age=31536000; includeSubDomains",
        "X-Cache": "CONFIG_NOCACHE",
        "X-Content-Type-Options": "nosniff",
        "x-ms-client-request-id": "49663a0189923b92508f216d099e59a5",
        "x-ms-correlation-request-id": "959077ac-3f80-45fe-8bdf-1bcfe35cff4f",
        "x-ms-ratelimit-remaining-subscription-reads": "14783",
        "x-ms-request-id": "e5abfd09-72fc-483f-91ef-bfdba204d942",
        "x-ms-routing-request-id": "CENTRALUS:20230319T223013Z:959077ac-3f80-45fe-8bdf-1bcfe35cff4f",
        "X-MSEdge-Ref": "Ref A: B24B3A907C8641AE8AF916C0AD0648A0 Ref B: STBEDGE0212 Ref C: 2023-03-19T22:30:13Z"
      },
      "ResponseBody": {
        "id": "/subscriptions/ce1bff77-08c1-4199-b7a5-52194a42b6ce/providers/Microsoft.Communication/locations/CENTRALUS/operationStatuses/27040379-b95f-4f26-91c9-9b75ccce807a*C196AA4E4AE6C0B4CCC21F1C468FD2726D9A7CB174364FAEFB6A206F27CA48B3",
        "name": "27040379-b95f-4f26-91c9-9b75ccce807a*C196AA4E4AE6C0B4CCC21F1C468FD2726D9A7CB174364FAEFB6A206F27CA48B3",
        "resourceId": "/subscriptions/ce1bff77-08c1-4199-b7a5-52194a42b6ce/resourceGroups/Communication-RG-6152/providers/Microsoft.Communication/communicationServices/communication-service-5456",
        "status": "Accepted",
        "startTime": "2023-03-19T22:29:39.2528515Z"
      }
    },
    {
      "RequestUri": "https://api-dogfood.resources.windows-int.net/subscriptions/ce1bff77-08c1-4199-b7a5-52194a42b6ce/providers/Microsoft.Communication/locations/CENTRALUS/operationStatuses/27040379-b95f-4f26-91c9-9b75ccce807a*C196AA4E4AE6C0B4CCC21F1C468FD2726D9A7CB174364FAEFB6A206F27CA48B3?api-version=2023-03-01-preview",
      "RequestMethod": "GET",
      "RequestHeaders": {
        "Authorization": "Sanitized",
        "traceparent": "00-ef2e8bcad955f8c3d711f6a23f6e2c76-56c84703e091ab79-00",
        "User-Agent": "azsdk-net-ResourceManager/1.4.0 (.NET 6.0.15; Microsoft Windows 10.0.22621)",
        "x-ms-client-request-id": "b1da9ae1abab897942cd3ef97b9666bf",
        "x-ms-return-client-request-id": "true"
      },
      "RequestBody": null,
      "StatusCode": 200,
      "ResponseHeaders": {
        "Cache-Control": "no-cache",
        "Content-Length": "614",
        "Content-Type": "application/json; charset=utf-8",
        "Date": "Sun, 19 Mar 2023 22:30:45 GMT",
        "ETag": "\u002220015144-0000-0700-0000-64178d150000\u0022",
        "Expires": "-1",
        "Pragma": "no-cache",
        "Strict-Transport-Security": "max-age=31536000; includeSubDomains",
        "X-Cache": "CONFIG_NOCACHE",
        "X-Content-Type-Options": "nosniff",
        "x-ms-client-request-id": "b1da9ae1abab897942cd3ef97b9666bf",
        "x-ms-correlation-request-id": "aca36d90-0fbd-4b29-8cad-b0bcc086aaca",
        "x-ms-ratelimit-remaining-subscription-reads": "14782",
        "x-ms-request-id": "763e8326-facc-4f24-8859-f9c23729b2c4",
        "x-ms-routing-request-id": "CENTRALUS:20230319T223046Z:aca36d90-0fbd-4b29-8cad-b0bcc086aaca",
        "X-MSEdge-Ref": "Ref A: 403B38CFB3654F7BAD30EDCBF3F697A2 Ref B: STBEDGE0212 Ref C: 2023-03-19T22:30:45Z"
      },
      "ResponseBody": {
        "id": "/subscriptions/ce1bff77-08c1-4199-b7a5-52194a42b6ce/providers/Microsoft.Communication/locations/CENTRALUS/operationStatuses/27040379-b95f-4f26-91c9-9b75ccce807a*C196AA4E4AE6C0B4CCC21F1C468FD2726D9A7CB174364FAEFB6A206F27CA48B3",
        "name": "27040379-b95f-4f26-91c9-9b75ccce807a*C196AA4E4AE6C0B4CCC21F1C468FD2726D9A7CB174364FAEFB6A206F27CA48B3",
        "resourceId": "/subscriptions/ce1bff77-08c1-4199-b7a5-52194a42b6ce/resourceGroups/Communication-RG-6152/providers/Microsoft.Communication/communicationServices/communication-service-5456",
        "status": "Succeeded",
        "startTime": "2023-03-19T22:29:39.2528515Z",
        "properties": null
      }
    },
    {
      "RequestUri": "https://api-dogfood.resources.windows-int.net/subscriptions/ce1bff77-08c1-4199-b7a5-52194a42b6ce/resourceGroups/Communication-RG-6152/providers/Microsoft.Communication/communicationServices/communication-service-5456?api-version=2023-03-01-preview",
      "RequestMethod": "GET",
      "RequestHeaders": {
        "Authorization": "Sanitized",
        "traceparent": "00-ef2e8bcad955f8c3d711f6a23f6e2c76-620515e2a26b1475-00",
        "User-Agent": "azsdk-net-ResourceManager/1.4.0 (.NET 6.0.15; Microsoft Windows 10.0.22621)",
        "x-ms-client-request-id": "167e0c640be0fd824ca98c49cfb15843",
        "x-ms-return-client-request-id": "true"
      },
      "RequestBody": null,
      "StatusCode": 200,
      "ResponseHeaders": {
        "Cache-Control": "no-cache",
        "Content-Length": "785",
        "Content-Type": "application/json; charset=utf-8",
        "Date": "Sun, 19 Mar 2023 22:30:45 GMT",
        "ETag": "\u00220d0195b4-0000-0700-0000-64178cda0000\u0022",
        "Expires": "-1",
        "Pragma": "no-cache",
        "Strict-Transport-Security": "max-age=31536000; includeSubDomains",
        "X-Cache": "CONFIG_NOCACHE",
        "X-Content-Type-Options": "nosniff",
        "x-ms-client-request-id": "167e0c640be0fd824ca98c49cfb15843",
        "x-ms-correlation-request-id": "be77d8ee-d559-4468-8107-391172ca370e",
        "x-ms-providerhub-traffic": "True",
        "x-ms-ratelimit-remaining-subscription-reads": "14781",
        "x-ms-request-id": "db09e1ba-8490-4d6f-8b1b-7ec9d623daee",
        "x-ms-routing-request-id": "CENTRALUS:20230319T223046Z:be77d8ee-d559-4468-8107-391172ca370e",
        "X-MSEdge-Ref": "Ref A: 0E124155ED814C7D81743D27DF837B97 Ref B: STBEDGE0212 Ref C: 2023-03-19T22:30:46Z"
      },
      "ResponseBody": {
        "id": "/subscriptions/ce1bff77-08c1-4199-b7a5-52194a42b6ce/resourceGroups/Communication-RG-6152/providers/Microsoft.Communication/communicationServices/communication-service-5456",
        "name": "communication-service-5456",
        "type": "microsoft.communication/communicationservices",
        "location": "global",
        "tags": {},
        "systemData": {
          "createdBy": "dd5e080b-9821-4976-9ab1-c95d8cc8eafa",
          "createdByType": "Application",
          "createdAt": "2023-03-19T22:29:38.6917913Z",
          "lastModifiedBy": "dd5e080b-9821-4976-9ab1-c95d8cc8eafa",
          "lastModifiedByType": "Application",
          "lastModifiedAt": "2023-03-19T22:29:38.6917913Z"
        },
        "properties": {
          "provisioningState": "Succeeded",
          "hostName": "communication-service-5456.int.communication.azure.net",
          "immutableResourceId": "d191f59b-f958-45cd-9dbe-82adce4b4a89",
          "dataLocation": "UnitedStates"
        }
      }
    },
    {
      "RequestUri": "https://api-dogfood.resources.windows-int.net/subscriptions/ce1bff77-08c1-4199-b7a5-52194a42b6ce?api-version=2021-01-01",
      "RequestMethod": "GET",
      "RequestHeaders": {
        "Accept": "application/json",
        "Authorization": "Sanitized",
        "traceparent": "00-bc8c3f3d44a30eb570f71dcd38511270-3735c3a6301343e0-00",
        "User-Agent": "azsdk-net-ResourceManager/1.4.0 (.NET 6.0.15; Microsoft Windows 10.0.22621)",
        "x-ms-client-request-id": "b9140f5c1d7c5519c1dc07c54b98c0ba",
        "x-ms-return-client-request-id": "true"
      },
      "RequestBody": null,
      "StatusCode": 200,
      "ResponseHeaders": {
        "Cache-Control": "no-cache",
        "Content-Length": "399",
        "Content-Type": "application/json; charset=utf-8",
        "Date": "Sun, 19 Mar 2023 22:30:45 GMT",
        "Expires": "-1",
        "Pragma": "no-cache",
        "Strict-Transport-Security": "max-age=31536000; includeSubDomains",
        "X-Cache": "CONFIG_NOCACHE",
        "X-Content-Type-Options": "nosniff",
        "x-ms-correlation-request-id": "963d5e9d-6501-4cef-8329-ccaf118efd2f",
        "x-ms-ratelimit-remaining-subscription-reads": "14780",
        "x-ms-request-id": "963d5e9d-6501-4cef-8329-ccaf118efd2f",
        "x-ms-routing-request-id": "CENTRALUS:20230319T223046Z:963d5e9d-6501-4cef-8329-ccaf118efd2f",
        "X-MSEdge-Ref": "Ref A: CC34F3DDB1F146488E122B2CB3C2C339 Ref B: STBEDGE0212 Ref C: 2023-03-19T22:30:46Z"
      },
      "ResponseBody": {
        "id": "/subscriptions/ce1bff77-08c1-4199-b7a5-52194a42b6ce",
        "authorizationSource": "RoleBased",
        "managedByTenants": [],
        "subscriptionId": "ce1bff77-08c1-4199-b7a5-52194a42b6ce",
        "tenantId": "f686d426-8d16-42db-81b7-ab578e110ccd",
        "displayName": "ACS Dogfood Int Env",
        "state": "Enabled",
        "subscriptionPolicies": {
          "locationPlacementId": "Public_2014-09-01",
          "quotaId": "PayAsYouGo_2014-09-01",
          "spendingLimit": "Off"
        }
      }
    },
    {
      "RequestUri": "https://api-dogfood.resources.windows-int.net/subscriptions/ce1bff77-08c1-4199-b7a5-52194a42b6ce/providers/Microsoft.Resources?api-version=**",
      "RequestMethod": "GET",
      "RequestHeaders": {
        "Accept": "application/json",
        "Authorization": "Sanitized",
        "traceparent": "00-bc8c3f3d44a30eb570f71dcd38511270-794ab168a6afed9a-00",
        "User-Agent": "azsdk-net-ResourceManager/1.4.0 (.NET 6.0.15; Microsoft Windows 10.0.22621)",
        "x-ms-client-request-id": "fc086128421fd6c418dc64021f2fb990",
        "x-ms-return-client-request-id": "true"
      },
      "RequestBody": null,
      "StatusCode": 200,
      "ResponseHeaders": {
        "Cache-Control": "no-cache",
        "Content-Length": "8232",
        "Content-Type": "application/json; charset=utf-8",
        "Date": "Sun, 19 Mar 2023 22:30:45 GMT",
        "Expires": "-1",
        "Pragma": "no-cache",
        "Strict-Transport-Security": "max-age=31536000; includeSubDomains",
        "X-Cache": "CONFIG_NOCACHE",
        "X-Content-Type-Options": "nosniff",
        "x-ms-correlation-request-id": "65b86631-36a0-49a6-987e-4009a84b563f",
        "x-ms-ratelimit-remaining-subscription-reads": "14779",
        "x-ms-request-id": "65b86631-36a0-49a6-987e-4009a84b563f",
        "x-ms-routing-request-id": "CENTRALUS:20230319T223046Z:65b86631-36a0-49a6-987e-4009a84b563f",
        "X-MSEdge-Ref": "Ref A: C27B80BB267A45F58996EAD189664F40 Ref B: STBEDGE0212 Ref C: 2023-03-19T22:30:46Z"
      },
      "ResponseBody": {
        "id": "/subscriptions/ce1bff77-08c1-4199-b7a5-52194a42b6ce/providers/Microsoft.Resources",
        "namespace": "Microsoft.Resources",
        "authorizations": [
          {
            "applicationId": "12a98b7b-dd08-49c0-94b6-4b1b48909d02"
          },
          {
            "applicationId": "3b990c8b-9607-4c2a-8b04-1d41985facca"
          }
        ],
        "resourceTypes": [
          {
            "resourceType": "tagnamespaces",
            "locations": [
              "Australia Central",
              "Australia Central 2",
              "Australia East",
              "Australia Southeast",
              "Brazil South",
              "Brazil Southeast",
              "Canada Central",
              "Canada East",
              "Central India",
              "Central US",
              "Central US EUAP",
              "East Asia",
              "East US",
              "East US 2",
              "East US 2 EUAP",
              "East US SLV",
              "Israel Central",
              "Japan East",
              "Japan West",
              "Korea Central",
              "Korea South",
              "North Central US",
              "Qatar Central",
              "South Africa North",
              "South Africa West",
              "South Central US",
              "South India",
              "Southeast Asia",
              "Taiwan North",
              "UAE Central",
              "UAE North",
              "West Central US",
              "West India",
              "West US",
              "West US 2",
              "West US 3",
              "France Central",
              "France South",
              "Germany North",
              "Germany West Central",
              "Italy North",
              "North Europe",
              "Norway East",
              "Norway West",
              "Poland Central",
              "Sweden South",
              "Sweden Central",
              "Switzerland West",
              "Switzerland North",
              "West Europe",
              "UK South",
              "UK West"
            ],
            "apiVersions": [
              "2023-03-01-preview"
            ],
            "capabilities": "SupportsExtension"
          },
          {
            "resourceType": "tagNamespaceOperationResults",
            "locations": [],
            "apiVersions": [
              "2023-03-01-preview"
            ],
            "capabilities": "None"
          },
          {
            "resourceType": "templateSpecs",
            "locations": [
              "East US",
              "East US 2",
              "West Central US",
              "West US",
              "West US 2",
              "Central US"
            ],
            "apiVersions": [
              "2022-02-01",
              "2021-05-01",
              "2021-03-01-preview",
              "2019-06-01-preview"
            ],
            "capabilities": "CrossResourceGroupResourceMove, CrossSubscriptionResourceMove, SupportsTags, SupportsLocation"
          },
          {
            "resourceType": "templateSpecs/versions",
            "locations": [
              "East US",
              "East US 2",
              "West Central US",
              "West US",
              "West US 2",
              "Central US"
            ],
            "apiVersions": [
              "2022-02-01",
              "2021-05-01",
              "2021-03-01-preview",
              "2019-06-01-preview"
            ],
            "capabilities": "CrossResourceGroupResourceMove, CrossSubscriptionResourceMove, SupportsTags, SupportsLocation"
          },
          {
            "resourceType": "builtInTemplateSpecs",
            "locations": [],
            "apiVersions": [
              "2022-02-01"
            ],
            "capabilities": "None"
          },
          {
            "resourceType": "builtInTemplateSpecs/versions",
            "locations": [],
            "apiVersions": [
              "2022-02-01"
            ],
            "capabilities": "None"
          },
          {
            "resourceType": "deploymentStacks",
            "locations": [
              "East US",
              "East US 2",
              "East US 2 EUAP",
              "West Central US",
              "West US",
              "West US 2",
              "Central US"
            ],
            "apiVersions": [
              "2023-04-01-preview",
              "2022-08-01-preview",
              "2021-05-01-preview"
            ],
            "capabilities": "SupportsExtension"
          },
          {
            "resourceType": "deploymentStacks/snapshots",
            "locations": [
              "East US",
              "East US 2",
              "East US 2 EUAP",
              "West Central US",
              "West US",
              "West US 2",
              "Central US"
            ],
            "apiVersions": [
              "2023-04-01-preview",
              "2022-08-01-preview",
              "2021-05-01-preview"
            ],
            "capabilities": "None"
          },
          {
            "resourceType": "locations/deploymentStackOperationStatus",
            "locations": [
              "East US",
              "East US 2",
              "East US 2 EUAP",
              "West Central US",
              "West US",
              "West US 2",
              "Central US"
            ],
            "apiVersions": [
              "2023-04-01-preview",
              "2022-08-01-preview",
              "2021-05-01-preview"
            ],
            "capabilities": "None"
          },
          {
            "resourceType": "boundaries",
            "locations": [],
            "apiVersions": [
              "2021-09-01-preview"
            ],
            "capabilities": "SupportsExtension"
          },
          {
            "resourceType": "notifyResourceJobs",
            "locations": [],
            "apiVersions": [
              "2019-09-01",
              "2019-05-01",
              "2019-04-01",
              "2019-03-01",
              "2018-11-01",
              "2018-09-01",
              "2018-08-01",
              "2018-07-01",
              "2018-05-01",
              "2018-02-01",
              "2015-01-01",
              "2014-04-01-preview"
            ],
            "capabilities": "None"
          },
          {
            "resourceType": "tenants",
            "locations": [],
            "apiVersions": [
              "2018-05-01",
              "2015-01-01",
              "2014-04-01-preview"
            ],
            "capabilities": "None"
          },
          {
            "resourceType": "locations",
            "locations": [],
            "apiVersions": [
              "2018-05-01",
              "2016-06-01",
              "2016-02-01",
              "2015-11-01",
              "2015-01-01",
              "2014-04-01-preview"
            ],
            "capabilities": "None"
          },
          {
            "resourceType": "providers",
            "locations": [],
            "apiVersions": [
              "2018-05-01",
              "2015-01-01",
              "2014-04-01-preview"
            ],
            "capabilities": "None"
          },
          {
            "resourceType": "checkresourcename",
            "locations": [],
            "apiVersions": [
              "2018-05-01",
              "2015-01-01",
              "2014-04-01-preview"
            ],
            "capabilities": "None"
          },
          {
            "resourceType": "calculateTemplateHash",
            "locations": [],
            "apiVersions": [
              "2018-05-01",
              "2015-01-01",
              "2014-04-01-preview"
            ],
            "capabilities": "None"
          },
          {
            "resourceType": "checkPolicyCompliance",
            "locations": [],
            "apiVersions": [
              "2018-05-01",
              "2018-02-01",
              "2018-01-01",
              "2017-08-01",
              "2017-06-01",
              "2017-05-10",
              "2017-05-01",
              "2017-03-01",
              "2016-09-01",
              "2016-07-01",
              "2016-06-01",
              "2016-02-01",
              "2015-11-01",
              "2015-01-01",
              "2014-04-01-preview"
            ],
            "capabilities": "None"
          },
          {
            "resourceType": "resources",
            "locations": [],
            "apiVersions": [
              "2018-05-01",
              "2015-01-01",
              "2014-04-01-preview"
            ],
            "capabilities": "None"
          },
          {
            "resourceType": "subscriptions",
            "locations": [],
            "apiVersions": [
              "2018-05-01",
              "2015-01-01",
              "2014-04-01-preview"
            ],
            "capabilities": "None"
          },
          {
            "resourceType": "subscriptions/resources",
            "locations": [],
            "apiVersions": [
              "2018-05-01",
              "2015-01-01",
              "2014-04-01-preview"
            ],
            "capabilities": "None"
          },
          {
            "resourceType": "subscriptions/providers",
            "locations": [],
            "apiVersions": [
              "2018-05-01",
              "2015-01-01",
              "2014-04-01-preview"
            ],
            "capabilities": "None"
          },
          {
            "resourceType": "operationresults",
            "locations": [],
            "apiVersions": [
              "2018-05-01",
              "2015-01-01",
              "2014-04-01-preview"
            ],
            "capabilities": "None"
          },
          {
            "resourceType": "subscriptions/operationresults",
            "locations": [],
            "apiVersions": [
              "2018-05-01",
              "2015-01-01",
              "2014-04-01-preview"
            ],
            "capabilities": "None"
          },
          {
            "resourceType": "resourceGroups",
            "locations": [
              "East Asia",
              "Southeast Asia",
              "East US",
              "East US 2",
              "West US",
              "West US 2",
              "West US 3",
              "Central US",
              "North Central US",
              "South Central US",
              "North Europe",
              "West Europe",
              "Japan East",
              "Japan West",
              "Brazil South",
              "Australia Southeast",
              "Australia East"
            ],
            "apiVersions": [
              "2018-05-01",
              "2015-01-01",
              "2014-04-01-preview"
            ],
            "capabilities": "SupportsLocation"
          },
          {
            "resourceType": "subscriptions/resourceGroups",
            "locations": [
              "East Asia",
              "Southeast Asia",
              "East US",
              "East US 2",
              "West US",
              "West US 2",
              "West US 3",
              "Central US",
              "North Central US",
              "South Central US",
              "North Europe",
              "West Europe",
              "Japan East",
              "Japan West",
              "Brazil South",
              "Australia Southeast",
              "Australia East"
            ],
            "apiVersions": [
              "2018-05-01",
              "2015-01-01",
              "2014-04-01-preview"
            ],
            "capabilities": "SupportsLocation"
          },
          {
            "resourceType": "subscriptions/resourcegroups/resources",
            "locations": [],
            "apiVersions": [
              "2018-05-01",
              "2015-01-01",
              "2014-04-01-preview"
            ],
            "capabilities": "None"
          },
          {
            "resourceType": "subscriptions/locations",
            "locations": [],
            "apiVersions": [
              "2018-05-01",
              "2015-01-01",
              "2014-04-01-preview"
            ],
            "capabilities": "None"
          },
          {
            "resourceType": "tags",
            "locations": [],
            "apiVersions": [
              "2019-10-01",
              "2019-05-01",
              "2019-04-01",
              "2019-03-01",
              "2018-11-01"
            ],
            "capabilities": "SupportsExtension"
          },
          {
            "resourceType": "subscriptions/tagnames",
            "locations": [],
            "apiVersions": [
              "2018-05-01",
              "2015-01-01",
              "2014-04-01-preview"
            ],
            "capabilities": "None"
          },
          {
            "resourceType": "subscriptions/tagNames/tagValues",
            "locations": [],
            "apiVersions": [
              "2018-05-01",
              "2015-01-01",
              "2014-04-01-preview"
            ],
            "capabilities": "None"
          },
          {
            "resourceType": "links",
            "locations": [],
            "apiVersions": [
              "2018-05-01",
              "2015-01-01",
              "2014-04-01-preview"
            ],
            "capabilities": "SupportsExtension"
          },
          {
            "resourceType": "deployments",
            "locations": [
              "East US",
              "East US 2",
              "East US 2 EUAP",
              "West Central US",
              "West US",
              "West US 2"
            ],
            "apiVersions": [
              "2021-04-01",
              "2021-01-01",
              "2020-10-01",
              "2020-06-01",
              "2019-08-01",
              "2018-05-01",
              "2016-02-01",
              "2015-11-01",
              "2015-01-01",
              "2014-04-01-preview"
            ],
            "capabilities": "SupportsTags, SupportsExtension"
          },
          {
            "resourceType": "deployments/operations",
            "locations": [
              "East US",
              "East US 2",
              "East US 2 EUAP",
              "West Central US",
              "West US",
              "West US 2"
            ],
            "apiVersions": [
              "2021-04-01",
              "2021-01-01",
              "2020-10-01",
              "2020-06-01",
              "2019-08-01",
              "2018-05-01",
              "2016-02-01",
              "2015-11-01",
              "2015-01-01",
              "2014-04-01-preview"
            ],
            "capabilities": "None"
          },
          {
            "resourceType": "locations/deploymentStatuses",
            "locations": [
              "East US",
              "East US 2",
              "East US 2 EUAP",
              "West Central US",
              "West US",
              "West US 2"
            ],
            "apiVersions": [
              "2021-04-01",
              "2021-01-01",
              "2020-10-01",
              "2020-06-01",
              "2019-08-01",
              "2018-05-01",
              "2016-02-01",
              "2015-11-01",
              "2015-01-01",
              "2014-04-01-preview"
            ],
            "capabilities": "None"
          },
          {
            "resourceType": "validateResources",
            "locations": [],
            "apiVersions": [
              "2022-06-01"
            ],
            "capabilities": "None"
          },
          {
            "resourceType": "operations",
            "locations": [],
            "apiVersions": [
              "2015-01-01"
            ],
            "capabilities": "None"
          },
          {
            "resourceType": "changes",
            "locations": [],
            "apiVersions": [
              "2023-03-01-preview",
              "2022-05-01",
              "2022-03-01-preview"
            ],
            "capabilities": "SupportsExtension"
          }
        ],
        "registrationState": "Registered",
        "registrationPolicy": "RegistrationFree"
      }
    },
    {
      "RequestUri": "https://api-dogfood.resources.windows-int.net/subscriptions/ce1bff77-08c1-4199-b7a5-52194a42b6ce/resourceGroups/Communication-RG-6152/providers/Microsoft.Communication/communicationServices/communication-service-5456/providers/Microsoft.Resources/tags/default?api-version=**",
      "RequestMethod": "GET",
      "RequestHeaders": {
        "Accept": "application/json",
        "Authorization": "Sanitized",
        "traceparent": "00-bc8c3f3d44a30eb570f71dcd38511270-f379b84a3e9c3ef9-00",
        "User-Agent": "azsdk-net-ResourceManager/1.4.0 (.NET 6.0.15; Microsoft Windows 10.0.22621)",
        "x-ms-client-request-id": "6c9cfa74ad814743f329550404bdb2b4",
        "x-ms-return-client-request-id": "true"
      },
      "RequestBody": null,
      "StatusCode": 200,
      "ResponseHeaders": {
        "Cache-Control": "no-cache",
        "Content-Length": "299",
        "Content-Type": "application/json; charset=utf-8",
        "Date": "Sun, 19 Mar 2023 22:30:45 GMT",
        "Expires": "-1",
        "Pragma": "no-cache",
        "Strict-Transport-Security": "max-age=31536000; includeSubDomains",
        "X-Cache": "CONFIG_NOCACHE",
        "X-Content-Type-Options": "nosniff",
        "x-ms-correlation-request-id": "07183ac4-2d8a-4e87-b519-a0edc0f09d9f",
        "x-ms-ratelimit-remaining-subscription-reads": "14778",
        "x-ms-request-id": "07183ac4-2d8a-4e87-b519-a0edc0f09d9f",
        "x-ms-routing-request-id": "CENTRALUS:20230319T223046Z:07183ac4-2d8a-4e87-b519-a0edc0f09d9f",
        "X-MSEdge-Ref": "Ref A: 9E3DE251152145C99ED620C2A8AA234F Ref B: STBEDGE0212 Ref C: 2023-03-19T22:30:46Z"
      },
      "ResponseBody": {
        "id": "/subscriptions/ce1bff77-08c1-4199-b7a5-52194a42b6ce/resourceGroups/Communication-RG-6152/providers/Microsoft.Communication/CommunicationServices/communication-service-5456/providers/Microsoft.Resources/tags/default",
        "name": "default",
        "type": "Microsoft.Resources/tags",
        "properties": {
          "tags": {}
        }
      }
    },
    {
      "RequestUri": "https://api-dogfood.resources.windows-int.net/subscriptions/ce1bff77-08c1-4199-b7a5-52194a42b6ce/resourceGroups/Communication-RG-6152/providers/Microsoft.Communication/communicationServices/communication-service-5456/providers/Microsoft.Resources/tags/default?api-version=**",
      "RequestMethod": "PUT",
      "RequestHeaders": {
        "Accept": "application/json",
        "Authorization": "Sanitized",
        "Content-Length": "47",
        "Content-Type": "application/json",
        "traceparent": "00-bc8c3f3d44a30eb570f71dcd38511270-9322b1d9912e6e8b-00",
        "User-Agent": "azsdk-net-ResourceManager/1.4.0 (.NET 6.0.15; Microsoft Windows 10.0.22621)",
        "x-ms-client-request-id": "6d21d2e95ca919234a3ea09fb8173591",
        "x-ms-return-client-request-id": "true"
      },
      "RequestBody": {
        "properties": {
          "tags": {
            "testkey": "testvalue"
          }
        }
      },
      "StatusCode": 200,
      "ResponseHeaders": {
        "Cache-Control": "no-cache",
        "Content-Length": "320",
        "Content-Type": "application/json; charset=utf-8",
        "Date": "Sun, 19 Mar 2023 22:30:46 GMT",
        "Expires": "-1",
        "Pragma": "no-cache",
        "Strict-Transport-Security": "max-age=31536000; includeSubDomains",
        "X-Cache": "CONFIG_NOCACHE",
        "X-Content-Type-Options": "nosniff",
        "x-ms-correlation-request-id": "f57e0d73-0012-4251-ac58-0c384f3159ba",
        "x-ms-ratelimit-remaining-subscription-writes": "1183",
        "x-ms-request-id": "f57e0d73-0012-4251-ac58-0c384f3159ba",
        "x-ms-routing-request-id": "CENTRALUS:20230319T223047Z:f57e0d73-0012-4251-ac58-0c384f3159ba",
        "X-MSEdge-Ref": "Ref A: 1B7B2031D9A7440FA73E2E06DCB62206 Ref B: STBEDGE0212 Ref C: 2023-03-19T22:30:46Z"
      },
      "ResponseBody": {
        "id": "/subscriptions/ce1bff77-08c1-4199-b7a5-52194a42b6ce/resourceGroups/Communication-RG-6152/providers/Microsoft.Communication/CommunicationServices/communication-service-5456/providers/Microsoft.Resources/tags/default",
        "name": "default",
        "type": "Microsoft.Resources/tags",
        "properties": {
          "tags": {
            "testkey": "testvalue"
          }
        }
      }
    },
    {
      "RequestUri": "https://api-dogfood.resources.windows-int.net/subscriptions/ce1bff77-08c1-4199-b7a5-52194a42b6ce/resourceGroups/Communication-RG-6152/providers/Microsoft.Communication/communicationServices/communication-service-5456?api-version=2023-03-01-preview",
      "RequestMethod": "GET",
      "RequestHeaders": {
        "Accept": "application/json",
        "Authorization": "Sanitized",
        "traceparent": "00-bc8c3f3d44a30eb570f71dcd38511270-ecaefc0959c979d1-00",
        "User-Agent": "azsdk-net-ResourceManager.Communication/1.1.0-alpha.20230319.1 (.NET 6.0.15; Microsoft Windows 10.0.22621)",
        "x-ms-client-request-id": "4c19b0294c0e18e7d78221430ca38fdb",
        "x-ms-return-client-request-id": "true"
      },
      "RequestBody": null,
      "StatusCode": 200,
      "ResponseHeaders": {
        "Cache-Control": "no-cache",
        "Content-Length": "806",
        "Content-Type": "application/json; charset=utf-8",
        "Date": "Sun, 19 Mar 2023 22:30:46 GMT",
        "ETag": "\u00220d0139b7-0000-0700-0000-64178d170000\u0022",
        "Expires": "-1",
        "Pragma": "no-cache",
        "Strict-Transport-Security": "max-age=31536000; includeSubDomains",
        "X-Cache": "CONFIG_NOCACHE",
        "X-Content-Type-Options": "nosniff",
        "x-ms-client-request-id": "4c19b0294c0e18e7d78221430ca38fdb",
        "x-ms-correlation-request-id": "c9834e11-2392-45db-8537-d8733978c91d",
        "x-ms-providerhub-traffic": "True",
        "x-ms-ratelimit-remaining-subscription-reads": "14777",
        "x-ms-request-id": "0f2de45c-bc4f-4588-afbf-906372df083b",
        "x-ms-routing-request-id": "CENTRALUS:20230319T223047Z:c9834e11-2392-45db-8537-d8733978c91d",
        "X-MSEdge-Ref": "Ref A: 9300A4CDF0194022B642A3E4333B70AF Ref B: STBEDGE0212 Ref C: 2023-03-19T22:30:47Z"
      },
      "ResponseBody": {
        "id": "/subscriptions/ce1bff77-08c1-4199-b7a5-52194a42b6ce/resourceGroups/Communication-RG-6152/providers/Microsoft.Communication/communicationServices/communication-service-5456",
        "name": "communication-service-5456",
        "type": "microsoft.communication/communicationservices",
        "location": "global",
        "tags": {
          "testkey": "testvalue"
        },
        "systemData": {
          "createdBy": "dd5e080b-9821-4976-9ab1-c95d8cc8eafa",
          "createdByType": "Application",
          "createdAt": "2023-03-19T22:29:38.6917913Z",
          "lastModifiedBy": "dd5e080b-9821-4976-9ab1-c95d8cc8eafa",
          "lastModifiedByType": "Application",
          "lastModifiedAt": "2023-03-19T22:30:46.7426483Z"
        },
        "properties": {
          "hostName": "communication-service-5456.int.communication.azure.net",
          "immutableResourceId": "d191f59b-f958-45cd-9dbe-82adce4b4a89",
          "dataLocation": "UnitedStates",
          "provisioningState": "Succeeded"
        }
      }
    },
    {
      "RequestUri": "https://api-dogfood.resources.windows-int.net/subscriptions/ce1bff77-08c1-4199-b7a5-52194a42b6ce/resourceGroups/Communication-RG-6152/providers/Microsoft.Communication/communicationServices/communication-service-5456?api-version=2023-03-01-preview",
      "RequestMethod": "GET",
      "RequestHeaders": {
        "Accept": "application/json",
        "Authorization": "Sanitized",
        "traceparent": "00-83451b7a8ae8c6ed1e9f2d70dc74d4e4-1ac8890e03ffae8c-00",
        "User-Agent": "azsdk-net-ResourceManager.Communication/1.1.0-alpha.20230319.1 (.NET 6.0.15; Microsoft Windows 10.0.22621)",
        "x-ms-client-request-id": "8de1c3f3616c95b899a64fe8522d2c8a",
        "x-ms-return-client-request-id": "true"
      },
      "RequestBody": null,
      "StatusCode": 200,
      "ResponseHeaders": {
        "Cache-Control": "no-cache",
        "Content-Length": "806",
        "Content-Type": "application/json; charset=utf-8",
        "Date": "Sun, 19 Mar 2023 22:30:47 GMT",
        "ETag": "\u00220d0139b7-0000-0700-0000-64178d170000\u0022",
        "Expires": "-1",
        "Pragma": "no-cache",
        "Strict-Transport-Security": "max-age=31536000; includeSubDomains",
        "X-Cache": "CONFIG_NOCACHE",
        "X-Content-Type-Options": "nosniff",
        "x-ms-client-request-id": "8de1c3f3616c95b899a64fe8522d2c8a",
        "x-ms-correlation-request-id": "4a3f2764-c96a-4a76-b727-9a9058d813b4",
        "x-ms-providerhub-traffic": "True",
        "x-ms-ratelimit-remaining-subscription-reads": "14776",
        "x-ms-request-id": "56b3d625-8c8b-4834-bfdd-2233853d6284",
        "x-ms-routing-request-id": "CENTRALUS:20230319T223047Z:4a3f2764-c96a-4a76-b727-9a9058d813b4",
        "X-MSEdge-Ref": "Ref A: DA4384F5B5674868BB375E15A917C6C0 Ref B: STBEDGE0212 Ref C: 2023-03-19T22:30:47Z"
      },
      "ResponseBody": {
        "id": "/subscriptions/ce1bff77-08c1-4199-b7a5-52194a42b6ce/resourceGroups/Communication-RG-6152/providers/Microsoft.Communication/communicationServices/communication-service-5456",
        "name": "communication-service-5456",
        "type": "microsoft.communication/communicationservices",
        "location": "global",
        "tags": {
          "testkey": "testvalue"
        },
        "systemData": {
          "createdBy": "dd5e080b-9821-4976-9ab1-c95d8cc8eafa",
          "createdByType": "Application",
          "createdAt": "2023-03-19T22:29:38.6917913Z",
          "lastModifiedBy": "dd5e080b-9821-4976-9ab1-c95d8cc8eafa",
          "lastModifiedByType": "Application",
          "lastModifiedAt": "2023-03-19T22:30:46.7426483Z"
        },
        "properties": {
          "hostName": "communication-service-5456.int.communication.azure.net",
          "immutableResourceId": "d191f59b-f958-45cd-9dbe-82adce4b4a89",
          "dataLocation": "UnitedStates",
          "provisioningState": "Succeeded"
        }
      }
    },
    {
      "RequestUri": "https://api-dogfood.resources.windows-int.net/subscriptions/ce1bff77-08c1-4199-b7a5-52194a42b6ce/resourceGroups/Communication-RG-6152/providers/Microsoft.Communication/communicationServices/communication-service-5456/providers/Microsoft.Resources/tags/default?api-version=**",
      "RequestMethod": "GET",
      "RequestHeaders": {
        "Accept": "application/json",
        "Authorization": "Sanitized",
        "traceparent": "00-b86708a7d1ade22e18df5bd075705a5b-04cef9f00d3fe710-00",
        "User-Agent": "azsdk-net-ResourceManager/1.4.0 (.NET 6.0.15; Microsoft Windows 10.0.22621)",
        "x-ms-client-request-id": "0876456be9fdd6838e38797832f56d7b",
        "x-ms-return-client-request-id": "true"
      },
      "RequestBody": null,
      "StatusCode": 200,
      "ResponseHeaders": {
        "Cache-Control": "no-cache",
        "Content-Length": "320",
        "Content-Type": "application/json; charset=utf-8",
        "Date": "Sun, 19 Mar 2023 22:30:47 GMT",
        "Expires": "-1",
        "Pragma": "no-cache",
        "Strict-Transport-Security": "max-age=31536000; includeSubDomains",
        "X-Cache": "CONFIG_NOCACHE",
        "X-Content-Type-Options": "nosniff",
        "x-ms-correlation-request-id": "be122cc9-9451-448c-8f39-5266e49aba2a",
        "x-ms-ratelimit-remaining-subscription-reads": "14775",
        "x-ms-request-id": "be122cc9-9451-448c-8f39-5266e49aba2a",
        "x-ms-routing-request-id": "CENTRALUS:20230319T223047Z:be122cc9-9451-448c-8f39-5266e49aba2a",
        "X-MSEdge-Ref": "Ref A: AC48CD26AC25438B99BD53436713F3BC Ref B: STBEDGE0212 Ref C: 2023-03-19T22:30:47Z"
      },
      "ResponseBody": {
        "id": "/subscriptions/ce1bff77-08c1-4199-b7a5-52194a42b6ce/resourceGroups/Communication-RG-6152/providers/Microsoft.Communication/CommunicationServices/communication-service-5456/providers/Microsoft.Resources/tags/default",
        "name": "default",
        "type": "Microsoft.Resources/tags",
        "properties": {
          "tags": {
            "testkey": "testvalue"
          }
        }
      }
    },
    {
      "RequestUri": "https://api-dogfood.resources.windows-int.net/subscriptions/ce1bff77-08c1-4199-b7a5-52194a42b6ce/resourceGroups/Communication-RG-6152/providers/Microsoft.Communication/communicationServices/communication-service-5456/providers/Microsoft.Resources/tags/default?api-version=**",
      "RequestMethod": "PUT",
      "RequestHeaders": {
        "Accept": "application/json",
        "Authorization": "Sanitized",
        "Content-Length": "26",
        "Content-Type": "application/json",
        "traceparent": "00-b86708a7d1ade22e18df5bd075705a5b-cc2cb8c92e8db199-00",
        "User-Agent": "azsdk-net-ResourceManager/1.4.0 (.NET 6.0.15; Microsoft Windows 10.0.22621)",
        "x-ms-client-request-id": "29022d3144dfc8eef783b367fcffc5a9",
        "x-ms-return-client-request-id": "true"
      },
      "RequestBody": {
        "properties": {
          "tags": {}
        }
      },
      "StatusCode": 200,
      "ResponseHeaders": {
        "Cache-Control": "no-cache",
        "Content-Length": "299",
        "Content-Type": "application/json; charset=utf-8",
        "Date": "Sun, 19 Mar 2023 22:30:48 GMT",
        "Expires": "-1",
        "Pragma": "no-cache",
        "Strict-Transport-Security": "max-age=31536000; includeSubDomains",
        "X-Cache": "CONFIG_NOCACHE",
        "X-Content-Type-Options": "nosniff",
        "x-ms-correlation-request-id": "22b9754c-599e-4d8d-9792-35f306a9b268",
        "x-ms-ratelimit-remaining-subscription-writes": "1182",
        "x-ms-request-id": "22b9754c-599e-4d8d-9792-35f306a9b268",
        "x-ms-routing-request-id": "CENTRALUS:20230319T223049Z:22b9754c-599e-4d8d-9792-35f306a9b268",
        "X-MSEdge-Ref": "Ref A: 8D0E0E441EBA4B6CBF4CFE63578CA2EB Ref B: STBEDGE0212 Ref C: 2023-03-19T22:30:47Z"
      },
      "ResponseBody": {
        "id": "/subscriptions/ce1bff77-08c1-4199-b7a5-52194a42b6ce/resourceGroups/Communication-RG-6152/providers/Microsoft.Communication/CommunicationServices/communication-service-5456/providers/Microsoft.Resources/tags/default",
        "name": "default",
        "type": "Microsoft.Resources/tags",
        "properties": {
          "tags": {}
        }
      }
    },
    {
      "RequestUri": "https://api-dogfood.resources.windows-int.net/subscriptions/ce1bff77-08c1-4199-b7a5-52194a42b6ce/resourceGroups/Communication-RG-6152/providers/Microsoft.Communication/communicationServices/communication-service-5456?api-version=2023-03-01-preview",
      "RequestMethod": "GET",
      "RequestHeaders": {
        "Accept": "application/json",
        "Authorization": "Sanitized",
        "traceparent": "00-b86708a7d1ade22e18df5bd075705a5b-cc2f3a0623d13a95-00",
        "User-Agent": "azsdk-net-ResourceManager.Communication/1.1.0-alpha.20230319.1 (.NET 6.0.15; Microsoft Windows 10.0.22621)",
        "x-ms-client-request-id": "25b7d439032a27aa57ae1079351bda8f",
        "x-ms-return-client-request-id": "true"
      },
      "RequestBody": null,
      "StatusCode": 200,
      "ResponseHeaders": {
        "Cache-Control": "no-cache",
        "Content-Length": "785",
        "Content-Type": "application/json; charset=utf-8",
        "Date": "Sun, 19 Mar 2023 22:30:49 GMT",
        "ETag": "\u00220d014eb7-0000-0700-0000-64178d190000\u0022",
        "Expires": "-1",
        "Pragma": "no-cache",
        "Strict-Transport-Security": "max-age=31536000; includeSubDomains",
        "X-Cache": "CONFIG_NOCACHE",
        "X-Content-Type-Options": "nosniff",
        "x-ms-client-request-id": "25b7d439032a27aa57ae1079351bda8f",
        "x-ms-correlation-request-id": "661dbf8d-c8f2-4450-aca8-ade8b8fd6d87",
        "x-ms-providerhub-traffic": "True",
        "x-ms-ratelimit-remaining-subscription-reads": "14774",
        "x-ms-request-id": "29df9ec0-072f-4f65-9abc-2af8551e9e79",
        "x-ms-routing-request-id": "CENTRALUS:20230319T223049Z:661dbf8d-c8f2-4450-aca8-ade8b8fd6d87",
        "X-MSEdge-Ref": "Ref A: 799D9009544C4AD79233C5B58567F42B Ref B: STBEDGE0212 Ref C: 2023-03-19T22:30:49Z"
      },
      "ResponseBody": {
        "id": "/subscriptions/ce1bff77-08c1-4199-b7a5-52194a42b6ce/resourceGroups/Communication-RG-6152/providers/Microsoft.Communication/communicationServices/communication-service-5456",
        "name": "communication-service-5456",
        "type": "microsoft.communication/communicationservices",
        "location": "global",
        "tags": {},
        "systemData": {
          "createdBy": "dd5e080b-9821-4976-9ab1-c95d8cc8eafa",
          "createdByType": "Application",
          "createdAt": "2023-03-19T22:29:38.6917913Z",
          "lastModifiedBy": "dd5e080b-9821-4976-9ab1-c95d8cc8eafa",
          "lastModifiedByType": "Application",
          "lastModifiedAt": "2023-03-19T22:30:48.0239514Z"
        },
        "properties": {
          "hostName": "communication-service-5456.int.communication.azure.net",
          "immutableResourceId": "d191f59b-f958-45cd-9dbe-82adce4b4a89",
          "dataLocation": "UnitedStates",
          "provisioningState": "Succeeded"
        }
      }
    },
    {
      "RequestUri": "https://api-dogfood.resources.windows-int.net/subscriptions/ce1bff77-08c1-4199-b7a5-52194a42b6ce/resourceGroups/Communication-RG-6152/providers/Microsoft.Communication/communicationServices/communication-service-5456?api-version=2023-03-01-preview",
      "RequestMethod": "GET",
      "RequestHeaders": {
        "Accept": "application/json",
        "Authorization": "Sanitized",
        "traceparent": "00-714e19456b6c5b8af4222e3db78eba24-98d2eee7bdc982d6-00",
        "User-Agent": "azsdk-net-ResourceManager.Communication/1.1.0-alpha.20230319.1 (.NET 6.0.15; Microsoft Windows 10.0.22621)",
        "x-ms-client-request-id": "9b22cf72a61eaa4d4ff7e8d545b9dfb8",
        "x-ms-return-client-request-id": "true"
      },
      "RequestBody": null,
      "StatusCode": 200,
      "ResponseHeaders": {
        "Cache-Control": "no-cache",
        "Content-Length": "785",
        "Content-Type": "application/json; charset=utf-8",
        "Date": "Sun, 19 Mar 2023 22:30:49 GMT",
        "ETag": "\u00220d014eb7-0000-0700-0000-64178d190000\u0022",
        "Expires": "-1",
        "Pragma": "no-cache",
        "Strict-Transport-Security": "max-age=31536000; includeSubDomains",
        "X-Cache": "CONFIG_NOCACHE",
        "X-Content-Type-Options": "nosniff",
        "x-ms-client-request-id": "9b22cf72a61eaa4d4ff7e8d545b9dfb8",
        "x-ms-correlation-request-id": "df43ad5e-c0db-40cf-92d7-d0d2664749ea",
        "x-ms-providerhub-traffic": "True",
        "x-ms-ratelimit-remaining-subscription-reads": "14773",
        "x-ms-request-id": "f7393877-9905-49a6-9aef-c27862b33cfc",
        "x-ms-routing-request-id": "CENTRALUS:20230319T223049Z:df43ad5e-c0db-40cf-92d7-d0d2664749ea",
        "X-MSEdge-Ref": "Ref A: 438286FA99C74C329F2A1964F83532E5 Ref B: STBEDGE0212 Ref C: 2023-03-19T22:30:49Z"
      },
      "ResponseBody": {
        "id": "/subscriptions/ce1bff77-08c1-4199-b7a5-52194a42b6ce/resourceGroups/Communication-RG-6152/providers/Microsoft.Communication/communicationServices/communication-service-5456",
        "name": "communication-service-5456",
        "type": "microsoft.communication/communicationservices",
        "location": "global",
        "tags": {},
        "systemData": {
          "createdBy": "dd5e080b-9821-4976-9ab1-c95d8cc8eafa",
          "createdByType": "Application",
          "createdAt": "2023-03-19T22:29:38.6917913Z",
          "lastModifiedBy": "dd5e080b-9821-4976-9ab1-c95d8cc8eafa",
          "lastModifiedByType": "Application",
          "lastModifiedAt": "2023-03-19T22:30:48.0239514Z"
        },
        "properties": {
          "hostName": "communication-service-5456.int.communication.azure.net",
          "immutableResourceId": "d191f59b-f958-45cd-9dbe-82adce4b4a89",
          "dataLocation": "UnitedStates",
          "provisioningState": "Succeeded"
        }
      }
    },
    {
      "RequestUri": "https://api-dogfood.resources.windows-int.net/subscriptions/ce1bff77-08c1-4199-b7a5-52194a42b6ce/resourceGroups/Communication-RG-6152/providers/Microsoft.Communication/communicationServices?api-version=2023-03-01-preview",
      "RequestMethod": "GET",
      "RequestHeaders": {
        "Accept": "application/json",
        "Authorization": "Sanitized",
        "User-Agent": "azsdk-net-ResourceManager.Communication/1.1.0-alpha.20230319.1 (.NET 6.0.15; Microsoft Windows 10.0.22621)",
        "x-ms-client-request-id": "282e10219f48537eecb06f7f7664d525",
        "x-ms-return-client-request-id": "true"
      },
      "RequestBody": null,
      "StatusCode": 200,
      "ResponseHeaders": {
        "Cache-Control": "no-cache",
        "Content-Length": "797",
        "Content-Type": "application/json; charset=utf-8",
        "Date": "Sun, 19 Mar 2023 22:30:49 GMT",
        "Expires": "-1",
        "Pragma": "no-cache",
        "Strict-Transport-Security": "max-age=31536000; includeSubDomains",
        "X-Cache": "CONFIG_NOCACHE",
        "X-Content-Type-Options": "nosniff",
        "x-ms-client-request-id": "282e10219f48537eecb06f7f7664d525",
        "x-ms-correlation-request-id": "6f1706b9-8d00-4e0e-b4d8-42510d5f1236",
        "x-ms-providerhub-traffic": "True",
        "x-ms-ratelimit-remaining-subscription-reads": "14772",
        "x-ms-request-id": "fda09d8d-7369-4f34-a544-61521af8a593",
        "x-ms-routing-request-id": "CENTRALUS:20230319T223049Z:6f1706b9-8d00-4e0e-b4d8-42510d5f1236",
        "X-MSEdge-Ref": "Ref A: 7BF2256BC5064D2290B71BB021349AF8 Ref B: STBEDGE0212 Ref C: 2023-03-19T22:30:49Z"
      },
      "ResponseBody": {
        "value": [
          {
            "id": "/subscriptions/ce1bff77-08c1-4199-b7a5-52194a42b6ce/resourceGroups/Communication-RG-6152/providers/Microsoft.Communication/communicationServices/communication-service-5456",
            "name": "communication-service-5456",
            "type": "microsoft.communication/communicationservices",
            "location": "global",
            "tags": {},
            "systemData": {
              "createdBy": "dd5e080b-9821-4976-9ab1-c95d8cc8eafa",
              "createdByType": "Application",
              "createdAt": "2023-03-19T22:29:38.6917913Z",
              "lastModifiedBy": "dd5e080b-9821-4976-9ab1-c95d8cc8eafa",
              "lastModifiedByType": "Application",
              "lastModifiedAt": "2023-03-19T22:30:48.0239514Z"
            },
            "properties": {
              "hostName": "communication-service-5456.int.communication.azure.net",
              "immutableResourceId": "d191f59b-f958-45cd-9dbe-82adce4b4a89",
              "dataLocation": "UnitedStates",
              "provisioningState": "Succeeded"
            }
          }
        ]
      }
    },
    {
      "RequestUri": "https://api-dogfood.resources.windows-int.net/subscriptions/ce1bff77-08c1-4199-b7a5-52194a42b6ce/resourceGroups/Communication-RG-6152/providers/Microsoft.Communication/communicationServices/communication-service-5456?api-version=2023-03-01-preview",
      "RequestMethod": "DELETE",
      "RequestHeaders": {
        "Accept": "application/json",
        "Authorization": "Sanitized",
        "traceparent": "00-58713ff5ea5f8162029290d9581ca602-a828fa4243e1dde7-00",
        "User-Agent": "azsdk-net-ResourceManager.Communication/1.1.0-alpha.20230319.1 (.NET 6.0.15; Microsoft Windows 10.0.22621)",
        "x-ms-client-request-id": "18c16f30c61d9285860cd6321ad5e19e",
        "x-ms-return-client-request-id": "true"
      },
      "RequestBody": null,
      "StatusCode": 202,
      "ResponseHeaders": {
        "Azure-AsyncNotification": "Enabled",
        "Azure-AsyncOperation": "https://api-dogfood.resources.windows-int.net/subscriptions/ce1bff77-08c1-4199-b7a5-52194a42b6ce/providers/Microsoft.Communication/locations/CENTRALUS/operationStatuses/2bdeb926-d9a0-4669-b5f9-807f3b9a7e30*C196AA4E4AE6C0B4CCC21F1C468FD2726D9A7CB174364FAEFB6A206F27CA48B3?api-version=2023-03-01-preview",
        "Cache-Control": "no-cache",
        "Content-Length": "4",
        "Content-Type": "application/json; charset=utf-8",
        "Date": "Sun, 19 Mar 2023 22:30:50 GMT",
        "ETag": "\u00220d0171b7-0000-0700-0000-64178d1a0000\u0022",
        "Expires": "-1",
        "Location": "https://api-dogfood.resources.windows-int.net/subscriptions/ce1bff77-08c1-4199-b7a5-52194a42b6ce/providers/Microsoft.Communication/locations/CENTRALUS/operationStatuses/2bdeb926-d9a0-4669-b5f9-807f3b9a7e30*C196AA4E4AE6C0B4CCC21F1C468FD2726D9A7CB174364FAEFB6A206F27CA48B3?api-version=2023-03-01-preview",
        "Pragma": "no-cache",
        "Strict-Transport-Security": "max-age=31536000; includeSubDomains",
        "X-Cache": "CONFIG_NOCACHE",
        "X-Content-Type-Options": "nosniff",
        "x-ms-client-request-id": "18c16f30c61d9285860cd6321ad5e19e",
        "x-ms-correlation-request-id": "76b21c22-d12f-4f07-a167-b8c929121a1f",
        "x-ms-providerhub-traffic": "True",
        "x-ms-ratelimit-remaining-subscription-deletes": "14987",
        "x-ms-request-id": "2bdeb926-d9a0-4669-b5f9-807f3b9a7e30",
        "x-ms-resource-provider-hint": "noPolling",
        "x-ms-routing-request-id": "CENTRALUS:20230319T223050Z:76b21c22-d12f-4f07-a167-b8c929121a1f",
        "X-MSEdge-Ref": "Ref A: 1570BA716682469A9ADB78CDA0BF8205 Ref B: STBEDGE0212 Ref C: 2023-03-19T22:30:49Z"
      },
      "ResponseBody": "null"
    },
    {
      "RequestUri": "https://api-dogfood.resources.windows-int.net/subscriptions/ce1bff77-08c1-4199-b7a5-52194a42b6ce/providers/Microsoft.Communication/locations/CENTRALUS/operationStatuses/2bdeb926-d9a0-4669-b5f9-807f3b9a7e30*C196AA4E4AE6C0B4CCC21F1C468FD2726D9A7CB174364FAEFB6A206F27CA48B3?api-version=2023-03-01-preview",
      "RequestMethod": "GET",
      "RequestHeaders": {
        "Authorization": "Sanitized",
        "traceparent": "00-58713ff5ea5f8162029290d9581ca602-d873d0d4977f8f70-00",
        "User-Agent": "azsdk-net-ResourceManager/1.4.0 (.NET 6.0.15; Microsoft Windows 10.0.22621)",
        "x-ms-client-request-id": "d6a4c322c7f75a9b8b9ba13bc94c3817",
        "x-ms-return-client-request-id": "true"
      },
      "RequestBody": null,
      "StatusCode": 202,
      "ResponseHeaders": {
        "Cache-Control": "no-cache",
        "Content-Length": "595",
        "Content-Type": "application/json; charset=utf-8",
        "Date": "Sun, 19 Mar 2023 22:30:50 GMT",
        "ETag": "\u002220016e44-0000-0700-0000-64178d1a0000\u0022",
        "Expires": "-1",
        "Pragma": "no-cache",
        "Strict-Transport-Security": "max-age=31536000; includeSubDomains",
        "X-Cache": "CONFIG_NOCACHE",
        "X-Content-Type-Options": "nosniff",
        "x-ms-client-request-id": "d6a4c322c7f75a9b8b9ba13bc94c3817",
        "x-ms-correlation-request-id": "9a91ceb8-3e72-41de-b10a-77f029cf90ee",
        "x-ms-ratelimit-remaining-subscription-reads": "14771",
        "x-ms-request-id": "a75303e2-0483-4179-be00-47f1744fc80e",
        "x-ms-routing-request-id": "CENTRALUS:20230319T223050Z:9a91ceb8-3e72-41de-b10a-77f029cf90ee",
        "X-MSEdge-Ref": "Ref A: 303E42949DBD4C848362B594E040DC3A Ref B: STBEDGE0212 Ref C: 2023-03-19T22:30:50Z"
      },
      "ResponseBody": {
        "id": "/subscriptions/ce1bff77-08c1-4199-b7a5-52194a42b6ce/providers/Microsoft.Communication/locations/CENTRALUS/operationStatuses/2bdeb926-d9a0-4669-b5f9-807f3b9a7e30*C196AA4E4AE6C0B4CCC21F1C468FD2726D9A7CB174364FAEFB6A206F27CA48B3",
        "name": "2bdeb926-d9a0-4669-b5f9-807f3b9a7e30*C196AA4E4AE6C0B4CCC21F1C468FD2726D9A7CB174364FAEFB6A206F27CA48B3",
        "resourceId": "/subscriptions/ce1bff77-08c1-4199-b7a5-52194a42b6ce/resourceGroups/Communication-RG-6152/providers/Microsoft.Communication/communicationServices/communication-service-5456",
        "status": "Deleting",
        "startTime": "2023-03-19T22:30:50.3067744Z"
      }
    },
    {
      "RequestUri": "https://api-dogfood.resources.windows-int.net/subscriptions/ce1bff77-08c1-4199-b7a5-52194a42b6ce/providers/Microsoft.Communication/locations/CENTRALUS/operationStatuses/2bdeb926-d9a0-4669-b5f9-807f3b9a7e30*C196AA4E4AE6C0B4CCC21F1C468FD2726D9A7CB174364FAEFB6A206F27CA48B3?api-version=2023-03-01-preview",
      "RequestMethod": "GET",
      "RequestHeaders": {
        "Authorization": "Sanitized",
        "traceparent": "00-58713ff5ea5f8162029290d9581ca602-6898261776bb3186-00",
        "User-Agent": "azsdk-net-ResourceManager/1.4.0 (.NET 6.0.15; Microsoft Windows 10.0.22621)",
        "x-ms-client-request-id": "1fb1d1ceaf0b7e3727eec74d18175bb8",
        "x-ms-return-client-request-id": "true"
      },
      "RequestBody": null,
      "StatusCode": 202,
      "ResponseHeaders": {
        "Cache-Control": "no-cache",
        "Content-Length": "595",
        "Content-Type": "application/json; charset=utf-8",
        "Date": "Sun, 19 Mar 2023 22:30:51 GMT",
        "ETag": "\u002220016e44-0000-0700-0000-64178d1a0000\u0022",
        "Expires": "-1",
        "Pragma": "no-cache",
        "Strict-Transport-Security": "max-age=31536000; includeSubDomains",
        "X-Cache": "CONFIG_NOCACHE",
        "X-Content-Type-Options": "nosniff",
        "x-ms-client-request-id": "1fb1d1ceaf0b7e3727eec74d18175bb8",
        "x-ms-correlation-request-id": "fc8cd380-9d60-42f8-b146-0e1124848ff4",
        "x-ms-ratelimit-remaining-subscription-reads": "14770",
        "x-ms-request-id": "ab19d035-46a1-459f-ad60-bcea66821333",
        "x-ms-routing-request-id": "CENTRALUS:20230319T223051Z:fc8cd380-9d60-42f8-b146-0e1124848ff4",
        "X-MSEdge-Ref": "Ref A: 2199259340A6440B9A112BB0F2CC99D0 Ref B: STBEDGE0212 Ref C: 2023-03-19T22:30:51Z"
      },
      "ResponseBody": {
        "id": "/subscriptions/ce1bff77-08c1-4199-b7a5-52194a42b6ce/providers/Microsoft.Communication/locations/CENTRALUS/operationStatuses/2bdeb926-d9a0-4669-b5f9-807f3b9a7e30*C196AA4E4AE6C0B4CCC21F1C468FD2726D9A7CB174364FAEFB6A206F27CA48B3",
        "name": "2bdeb926-d9a0-4669-b5f9-807f3b9a7e30*C196AA4E4AE6C0B4CCC21F1C468FD2726D9A7CB174364FAEFB6A206F27CA48B3",
        "resourceId": "/subscriptions/ce1bff77-08c1-4199-b7a5-52194a42b6ce/resourceGroups/Communication-RG-6152/providers/Microsoft.Communication/communicationServices/communication-service-5456",
        "status": "Deleting",
        "startTime": "2023-03-19T22:30:50.3067744Z"
      }
    },
    {
      "RequestUri": "https://api-dogfood.resources.windows-int.net/subscriptions/ce1bff77-08c1-4199-b7a5-52194a42b6ce/providers/Microsoft.Communication/locations/CENTRALUS/operationStatuses/2bdeb926-d9a0-4669-b5f9-807f3b9a7e30*C196AA4E4AE6C0B4CCC21F1C468FD2726D9A7CB174364FAEFB6A206F27CA48B3?api-version=2023-03-01-preview",
      "RequestMethod": "GET",
      "RequestHeaders": {
        "Authorization": "Sanitized",
        "traceparent": "00-58713ff5ea5f8162029290d9581ca602-fef746af83214386-00",
        "User-Agent": "azsdk-net-ResourceManager/1.4.0 (.NET 6.0.15; Microsoft Windows 10.0.22621)",
        "x-ms-client-request-id": "5610ead90b3007a6bcfd9a52100c0904",
        "x-ms-return-client-request-id": "true"
      },
      "RequestBody": null,
      "StatusCode": 202,
      "ResponseHeaders": {
        "Cache-Control": "no-cache",
        "Content-Length": "595",
        "Content-Type": "application/json; charset=utf-8",
        "Date": "Sun, 19 Mar 2023 22:30:52 GMT",
        "ETag": "\u002220016e44-0000-0700-0000-64178d1a0000\u0022",
        "Expires": "-1",
        "Pragma": "no-cache",
        "Strict-Transport-Security": "max-age=31536000; includeSubDomains",
        "X-Cache": "CONFIG_NOCACHE",
        "X-Content-Type-Options": "nosniff",
        "x-ms-client-request-id": "5610ead90b3007a6bcfd9a52100c0904",
        "x-ms-correlation-request-id": "36833901-3662-4ace-ae7d-79eebfe24ef2",
        "x-ms-ratelimit-remaining-subscription-reads": "14769",
        "x-ms-request-id": "51d9ed67-9542-48a4-ba5f-a4e0764b92c7",
        "x-ms-routing-request-id": "CENTRALUS:20230319T223053Z:36833901-3662-4ace-ae7d-79eebfe24ef2",
        "X-MSEdge-Ref": "Ref A: B35D0A3B75164DABA3D8B3C7A4E36CF9 Ref B: STBEDGE0212 Ref C: 2023-03-19T22:30:53Z"
      },
      "ResponseBody": {
        "id": "/subscriptions/ce1bff77-08c1-4199-b7a5-52194a42b6ce/providers/Microsoft.Communication/locations/CENTRALUS/operationStatuses/2bdeb926-d9a0-4669-b5f9-807f3b9a7e30*C196AA4E4AE6C0B4CCC21F1C468FD2726D9A7CB174364FAEFB6A206F27CA48B3",
        "name": "2bdeb926-d9a0-4669-b5f9-807f3b9a7e30*C196AA4E4AE6C0B4CCC21F1C468FD2726D9A7CB174364FAEFB6A206F27CA48B3",
        "resourceId": "/subscriptions/ce1bff77-08c1-4199-b7a5-52194a42b6ce/resourceGroups/Communication-RG-6152/providers/Microsoft.Communication/communicationServices/communication-service-5456",
        "status": "Deleting",
        "startTime": "2023-03-19T22:30:50.3067744Z"
      }
    },
    {
      "RequestUri": "https://api-dogfood.resources.windows-int.net/subscriptions/ce1bff77-08c1-4199-b7a5-52194a42b6ce/providers/Microsoft.Communication/locations/CENTRALUS/operationStatuses/2bdeb926-d9a0-4669-b5f9-807f3b9a7e30*C196AA4E4AE6C0B4CCC21F1C468FD2726D9A7CB174364FAEFB6A206F27CA48B3?api-version=2023-03-01-preview",
      "RequestMethod": "GET",
      "RequestHeaders": {
        "Authorization": "Sanitized",
        "traceparent": "00-58713ff5ea5f8162029290d9581ca602-8184e404cadb69b9-00",
        "User-Agent": "azsdk-net-ResourceManager/1.4.0 (.NET 6.0.15; Microsoft Windows 10.0.22621)",
        "x-ms-client-request-id": "659f9796141d72df8c26ae09ff4d4274",
        "x-ms-return-client-request-id": "true"
      },
      "RequestBody": null,
      "StatusCode": 202,
      "ResponseHeaders": {
        "Cache-Control": "no-cache",
        "Content-Length": "595",
        "Content-Type": "application/json; charset=utf-8",
        "Date": "Sun, 19 Mar 2023 22:30:56 GMT",
        "ETag": "\u002220016e44-0000-0700-0000-64178d1a0000\u0022",
        "Expires": "-1",
        "Pragma": "no-cache",
        "Strict-Transport-Security": "max-age=31536000; includeSubDomains",
        "X-Cache": "CONFIG_NOCACHE",
        "X-Content-Type-Options": "nosniff",
        "x-ms-client-request-id": "659f9796141d72df8c26ae09ff4d4274",
        "x-ms-correlation-request-id": "f77e5e39-2556-4d36-b983-9a3c8858b255",
        "x-ms-ratelimit-remaining-subscription-reads": "14636",
        "x-ms-request-id": "3e3ef667-6447-41b4-b91c-db4fc655e4ab",
        "x-ms-routing-request-id": "CENTRALUS:20230319T223057Z:f77e5e39-2556-4d36-b983-9a3c8858b255",
        "X-MSEdge-Ref": "Ref A: 55B18C5BCDD94131A66C9E6E99CBAA60 Ref B: STBEDGE0212 Ref C: 2023-03-19T22:30:54Z"
      },
      "ResponseBody": {
        "id": "/subscriptions/ce1bff77-08c1-4199-b7a5-52194a42b6ce/providers/Microsoft.Communication/locations/CENTRALUS/operationStatuses/2bdeb926-d9a0-4669-b5f9-807f3b9a7e30*C196AA4E4AE6C0B4CCC21F1C468FD2726D9A7CB174364FAEFB6A206F27CA48B3",
        "name": "2bdeb926-d9a0-4669-b5f9-807f3b9a7e30*C196AA4E4AE6C0B4CCC21F1C468FD2726D9A7CB174364FAEFB6A206F27CA48B3",
        "resourceId": "/subscriptions/ce1bff77-08c1-4199-b7a5-52194a42b6ce/resourceGroups/Communication-RG-6152/providers/Microsoft.Communication/communicationServices/communication-service-5456",
        "status": "Deleting",
        "startTime": "2023-03-19T22:30:50.3067744Z"
      }
    },
    {
      "RequestUri": "https://api-dogfood.resources.windows-int.net/subscriptions/ce1bff77-08c1-4199-b7a5-52194a42b6ce/providers/Microsoft.Communication/locations/CENTRALUS/operationStatuses/2bdeb926-d9a0-4669-b5f9-807f3b9a7e30*C196AA4E4AE6C0B4CCC21F1C468FD2726D9A7CB174364FAEFB6A206F27CA48B3?api-version=2023-03-01-preview",
      "RequestMethod": "GET",
      "RequestHeaders": {
        "Authorization": "Sanitized",
        "traceparent": "00-58713ff5ea5f8162029290d9581ca602-a968b5512886b5e6-00",
        "User-Agent": "azsdk-net-ResourceManager/1.4.0 (.NET 6.0.15; Microsoft Windows 10.0.22621)",
        "x-ms-client-request-id": "de61e93fe23bc3e62baa620e15e46d1b",
        "x-ms-return-client-request-id": "true"
      },
      "RequestBody": null,
      "StatusCode": 202,
      "ResponseHeaders": {
        "Cache-Control": "no-cache",
        "Content-Length": "595",
        "Content-Type": "application/json; charset=utf-8",
        "Date": "Sun, 19 Mar 2023 22:30:59 GMT",
        "ETag": "\u002220016e44-0000-0700-0000-64178d1a0000\u0022",
        "Expires": "-1",
        "Pragma": "no-cache",
        "Strict-Transport-Security": "max-age=31536000; includeSubDomains",
        "X-Cache": "CONFIG_NOCACHE",
        "X-Content-Type-Options": "nosniff",
        "x-ms-client-request-id": "de61e93fe23bc3e62baa620e15e46d1b",
        "x-ms-correlation-request-id": "69fcd26c-bcda-421e-a656-2c36eb252195",
        "x-ms-ratelimit-remaining-subscription-reads": "14768",
        "x-ms-request-id": "00061727-e10f-42d5-8d89-f610827224d0",
        "x-ms-routing-request-id": "CENTRALUS:20230319T223059Z:69fcd26c-bcda-421e-a656-2c36eb252195",
        "X-MSEdge-Ref": "Ref A: 2AEF6C04D16A45ADB8443FEF1DBF070A Ref B: STBEDGE0212 Ref C: 2023-03-19T22:30:59Z"
      },
      "ResponseBody": {
        "id": "/subscriptions/ce1bff77-08c1-4199-b7a5-52194a42b6ce/providers/Microsoft.Communication/locations/CENTRALUS/operationStatuses/2bdeb926-d9a0-4669-b5f9-807f3b9a7e30*C196AA4E4AE6C0B4CCC21F1C468FD2726D9A7CB174364FAEFB6A206F27CA48B3",
        "name": "2bdeb926-d9a0-4669-b5f9-807f3b9a7e30*C196AA4E4AE6C0B4CCC21F1C468FD2726D9A7CB174364FAEFB6A206F27CA48B3",
        "resourceId": "/subscriptions/ce1bff77-08c1-4199-b7a5-52194a42b6ce/resourceGroups/Communication-RG-6152/providers/Microsoft.Communication/communicationServices/communication-service-5456",
        "status": "Deleting",
        "startTime": "2023-03-19T22:30:50.3067744Z"
      }
    },
    {
      "RequestUri": "https://api-dogfood.resources.windows-int.net/subscriptions/ce1bff77-08c1-4199-b7a5-52194a42b6ce/providers/Microsoft.Communication/locations/CENTRALUS/operationStatuses/2bdeb926-d9a0-4669-b5f9-807f3b9a7e30*C196AA4E4AE6C0B4CCC21F1C468FD2726D9A7CB174364FAEFB6A206F27CA48B3?api-version=2023-03-01-preview",
      "RequestMethod": "GET",
      "RequestHeaders": {
        "Authorization": "Sanitized",
        "traceparent": "00-58713ff5ea5f8162029290d9581ca602-ae8c5b5caa86b31c-00",
        "User-Agent": "azsdk-net-ResourceManager/1.4.0 (.NET 6.0.15; Microsoft Windows 10.0.22621)",
        "x-ms-client-request-id": "80b7c2e5f577c59a0b9dca0a5c9d076e",
        "x-ms-return-client-request-id": "true"
      },
      "RequestBody": null,
      "StatusCode": 202,
      "ResponseHeaders": {
        "Cache-Control": "no-cache",
        "Content-Length": "595",
        "Content-Type": "application/json; charset=utf-8",
        "Date": "Sun, 19 Mar 2023 22:31:03 GMT",
        "ETag": "\u002220016e44-0000-0700-0000-64178d1a0000\u0022",
        "Expires": "-1",
        "Pragma": "no-cache",
        "Strict-Transport-Security": "max-age=31536000; includeSubDomains",
        "X-Cache": "CONFIG_NOCACHE",
        "X-Content-Type-Options": "nosniff",
        "x-ms-client-request-id": "80b7c2e5f577c59a0b9dca0a5c9d076e",
        "x-ms-correlation-request-id": "c72b4489-edac-413a-9569-e55c1df2bc73",
        "x-ms-ratelimit-remaining-subscription-reads": "14767",
        "x-ms-request-id": "6f63eb03-8ea4-4138-8296-1c0bc9850a64",
        "x-ms-routing-request-id": "CENTRALUS:20230319T223103Z:c72b4489-edac-413a-9569-e55c1df2bc73",
        "X-MSEdge-Ref": "Ref A: E4D7ABEDDB43479C96EC79A6E9588A35 Ref B: STBEDGE0212 Ref C: 2023-03-19T22:31:03Z"
      },
      "ResponseBody": {
        "id": "/subscriptions/ce1bff77-08c1-4199-b7a5-52194a42b6ce/providers/Microsoft.Communication/locations/CENTRALUS/operationStatuses/2bdeb926-d9a0-4669-b5f9-807f3b9a7e30*C196AA4E4AE6C0B4CCC21F1C468FD2726D9A7CB174364FAEFB6A206F27CA48B3",
        "name": "2bdeb926-d9a0-4669-b5f9-807f3b9a7e30*C196AA4E4AE6C0B4CCC21F1C468FD2726D9A7CB174364FAEFB6A206F27CA48B3",
        "resourceId": "/subscriptions/ce1bff77-08c1-4199-b7a5-52194a42b6ce/resourceGroups/Communication-RG-6152/providers/Microsoft.Communication/communicationServices/communication-service-5456",
        "status": "Deleting",
        "startTime": "2023-03-19T22:30:50.3067744Z"
      }
    },
    {
      "RequestUri": "https://api-dogfood.resources.windows-int.net/subscriptions/ce1bff77-08c1-4199-b7a5-52194a42b6ce/providers/Microsoft.Communication/locations/CENTRALUS/operationStatuses/2bdeb926-d9a0-4669-b5f9-807f3b9a7e30*C196AA4E4AE6C0B4CCC21F1C468FD2726D9A7CB174364FAEFB6A206F27CA48B3?api-version=2023-03-01-preview",
      "RequestMethod": "GET",
      "RequestHeaders": {
        "Authorization": "Sanitized",
        "traceparent": "00-58713ff5ea5f8162029290d9581ca602-806f2d99e915b756-00",
        "User-Agent": "azsdk-net-ResourceManager/1.4.0 (.NET 6.0.15; Microsoft Windows 10.0.22621)",
        "x-ms-client-request-id": "271325bb2aaab4c8b0db3a73b1d15da7",
        "x-ms-return-client-request-id": "true"
      },
      "RequestBody": null,
      "StatusCode": 202,
      "ResponseHeaders": {
        "Cache-Control": "no-cache",
        "Content-Length": "595",
        "Content-Type": "application/json; charset=utf-8",
        "Date": "Sun, 19 Mar 2023 22:31:12 GMT",
        "ETag": "\u002220016e44-0000-0700-0000-64178d1a0000\u0022",
        "Expires": "-1",
        "Pragma": "no-cache",
        "Strict-Transport-Security": "max-age=31536000; includeSubDomains",
        "X-Cache": "CONFIG_NOCACHE",
        "X-Content-Type-Options": "nosniff",
        "x-ms-client-request-id": "271325bb2aaab4c8b0db3a73b1d15da7",
        "x-ms-correlation-request-id": "c63a9ce5-02b1-4d0d-b224-e5b167c25603",
        "x-ms-ratelimit-remaining-subscription-reads": "14635",
        "x-ms-request-id": "3afb1a5c-456d-49f8-a28b-72570d8de16a",
        "x-ms-routing-request-id": "CENTRALUS:20230319T223112Z:c63a9ce5-02b1-4d0d-b224-e5b167c25603",
        "X-MSEdge-Ref": "Ref A: B17FC1DEB3B341A9B3769CE0282D6758 Ref B: STBEDGE0212 Ref C: 2023-03-19T22:31:11Z"
      },
      "ResponseBody": {
        "id": "/subscriptions/ce1bff77-08c1-4199-b7a5-52194a42b6ce/providers/Microsoft.Communication/locations/CENTRALUS/operationStatuses/2bdeb926-d9a0-4669-b5f9-807f3b9a7e30*C196AA4E4AE6C0B4CCC21F1C468FD2726D9A7CB174364FAEFB6A206F27CA48B3",
        "name": "2bdeb926-d9a0-4669-b5f9-807f3b9a7e30*C196AA4E4AE6C0B4CCC21F1C468FD2726D9A7CB174364FAEFB6A206F27CA48B3",
        "resourceId": "/subscriptions/ce1bff77-08c1-4199-b7a5-52194a42b6ce/resourceGroups/Communication-RG-6152/providers/Microsoft.Communication/communicationServices/communication-service-5456",
        "status": "Deleting",
        "startTime": "2023-03-19T22:30:50.3067744Z"
      }
    },
    {
      "RequestUri": "https://api-dogfood.resources.windows-int.net/subscriptions/ce1bff77-08c1-4199-b7a5-52194a42b6ce/providers/Microsoft.Communication/locations/CENTRALUS/operationStatuses/2bdeb926-d9a0-4669-b5f9-807f3b9a7e30*C196AA4E4AE6C0B4CCC21F1C468FD2726D9A7CB174364FAEFB6A206F27CA48B3?api-version=2023-03-01-preview",
      "RequestMethod": "GET",
      "RequestHeaders": {
        "Authorization": "Sanitized",
        "traceparent": "00-58713ff5ea5f8162029290d9581ca602-ff25288cdaa2973c-00",
        "User-Agent": "azsdk-net-ResourceManager/1.4.0 (.NET 6.0.15; Microsoft Windows 10.0.22621)",
        "x-ms-client-request-id": "3c2392b8c19649fc4e9cd39e17dc668e",
        "x-ms-return-client-request-id": "true"
      },
      "RequestBody": null,
      "StatusCode": 202,
      "ResponseHeaders": {
        "Cache-Control": "no-cache",
        "Content-Length": "595",
        "Content-Type": "application/json; charset=utf-8",
        "Date": "Sun, 19 Mar 2023 22:31:28 GMT",
        "ETag": "\u002220016e44-0000-0700-0000-64178d1a0000\u0022",
        "Expires": "-1",
        "Pragma": "no-cache",
        "Strict-Transport-Security": "max-age=31536000; includeSubDomains",
        "X-Cache": "CONFIG_NOCACHE",
        "X-Content-Type-Options": "nosniff",
        "x-ms-client-request-id": "3c2392b8c19649fc4e9cd39e17dc668e",
        "x-ms-correlation-request-id": "f490b648-d7c9-45fb-8538-148704eeb50a",
        "x-ms-ratelimit-remaining-subscription-reads": "14634",
        "x-ms-request-id": "ee1f4075-e3fc-4922-8add-ba870f86bc29",
        "x-ms-routing-request-id": "CENTRALUS:20230319T223129Z:f490b648-d7c9-45fb-8538-148704eeb50a",
        "X-MSEdge-Ref": "Ref A: 17880606563A46C3A0FB9D0250FFE3ED Ref B: STBEDGE0212 Ref C: 2023-03-19T22:31:28Z"
      },
      "ResponseBody": {
        "id": "/subscriptions/ce1bff77-08c1-4199-b7a5-52194a42b6ce/providers/Microsoft.Communication/locations/CENTRALUS/operationStatuses/2bdeb926-d9a0-4669-b5f9-807f3b9a7e30*C196AA4E4AE6C0B4CCC21F1C468FD2726D9A7CB174364FAEFB6A206F27CA48B3",
        "name": "2bdeb926-d9a0-4669-b5f9-807f3b9a7e30*C196AA4E4AE6C0B4CCC21F1C468FD2726D9A7CB174364FAEFB6A206F27CA48B3",
        "resourceId": "/subscriptions/ce1bff77-08c1-4199-b7a5-52194a42b6ce/resourceGroups/Communication-RG-6152/providers/Microsoft.Communication/communicationServices/communication-service-5456",
        "status": "Deleting",
        "startTime": "2023-03-19T22:30:50.3067744Z"
      }
    },
    {
      "RequestUri": "https://api-dogfood.resources.windows-int.net/subscriptions/ce1bff77-08c1-4199-b7a5-52194a42b6ce/providers/Microsoft.Communication/locations/CENTRALUS/operationStatuses/2bdeb926-d9a0-4669-b5f9-807f3b9a7e30*C196AA4E4AE6C0B4CCC21F1C468FD2726D9A7CB174364FAEFB6A206F27CA48B3?api-version=2023-03-01-preview",
      "RequestMethod": "GET",
      "RequestHeaders": {
        "Authorization": "Sanitized",
        "traceparent": "00-58713ff5ea5f8162029290d9581ca602-1bad11abbe21a66b-00",
        "User-Agent": "azsdk-net-ResourceManager/1.4.0 (.NET 6.0.15; Microsoft Windows 10.0.22621)",
        "x-ms-client-request-id": "ef52f3a246d1bb71f903cf9cbb27133a",
        "x-ms-return-client-request-id": "true"
      },
      "RequestBody": null,
      "StatusCode": 200,
      "ResponseHeaders": {
        "Cache-Control": "no-cache",
        "Content-Length": "614",
        "Content-Type": "application/json; charset=utf-8",
        "Date": "Sun, 19 Mar 2023 22:32:01 GMT",
        "ETag": "\u002220018d45-0000-0700-0000-64178d5c0000\u0022",
        "Expires": "-1",
        "Pragma": "no-cache",
        "Strict-Transport-Security": "max-age=31536000; includeSubDomains",
        "X-Cache": "CONFIG_NOCACHE",
        "X-Content-Type-Options": "nosniff",
        "x-ms-client-request-id": "ef52f3a246d1bb71f903cf9cbb27133a",
        "x-ms-correlation-request-id": "dca663d5-2240-4281-a67f-50a92cbc3c61",
        "x-ms-ratelimit-remaining-subscription-reads": "14623",
        "x-ms-request-id": "2df03c9d-cdef-4572-9c0e-2ef4bbe52117",
        "x-ms-routing-request-id": "CENTRALUS:20230319T223202Z:dca663d5-2240-4281-a67f-50a92cbc3c61",
        "X-MSEdge-Ref": "Ref A: FEA9374FFCC24A75B57E064CC14880EE Ref B: STBEDGE0212 Ref C: 2023-03-19T22:32:01Z"
      },
      "ResponseBody": {
        "id": "/subscriptions/ce1bff77-08c1-4199-b7a5-52194a42b6ce/providers/Microsoft.Communication/locations/CENTRALUS/operationStatuses/2bdeb926-d9a0-4669-b5f9-807f3b9a7e30*C196AA4E4AE6C0B4CCC21F1C468FD2726D9A7CB174364FAEFB6A206F27CA48B3",
        "name": "2bdeb926-d9a0-4669-b5f9-807f3b9a7e30*C196AA4E4AE6C0B4CCC21F1C468FD2726D9A7CB174364FAEFB6A206F27CA48B3",
        "resourceId": "/subscriptions/ce1bff77-08c1-4199-b7a5-52194a42b6ce/resourceGroups/Communication-RG-6152/providers/Microsoft.Communication/communicationServices/communication-service-5456",
        "status": "Succeeded",
        "startTime": "2023-03-19T22:30:50.3067744Z",
        "properties": null
      }
    }
  ],
  "Variables": {
    "AZURE_AUTHORITY_HOST": "https://login.windows-ppe.net/",
    "RandomSeed": "236038515",
    "RESOURCE_MANAGER_URL": "https://api-dogfood.resources.windows-int.net/",
    "SERVICE_MANAGEMENT_URL": "https://management.core.windows.net/",
    "SUBSCRIPTION_ID": "ce1bff77-08c1-4199-b7a5-52194a42b6ce"
  }
}
