{
  "Entries": [
    {
      "RequestUri": "https://api-dogfood.resources.windows-int.net/subscriptions/ce1bff77-08c1-4199-b7a5-52194a42b6ce/resourcegroups/Communication-RG-4944?api-version=**",
      "RequestMethod": "GET",
      "RequestHeaders": {
        "Accept": "application/json",
        "Authorization": "Sanitized",
        "traceparent": "00-24b8e6eb1508534b832a495ce8077470-28adab382a6da746-00",
        "User-Agent": "azsdk-net-ResourceManager/1.4.0 (.NET Framework 4.8.9139.0; Microsoft Windows 10.0.22621 )",
        "x-ms-client-request-id": "2dea75e3f1db2b30ab29cefb41b99d97",
        "x-ms-return-client-request-id": "true"
      },
      "RequestBody": null,
      "StatusCode": 200,
      "ResponseHeaders": {
        "Cache-Control": "no-cache",
        "Content-Length": "239",
        "Content-Type": "application/json; charset=utf-8",
        "Date": "Fri, 17 Mar 2023 01:11:06 GMT",
        "Expires": "-1",
        "Pragma": "no-cache",
        "Strict-Transport-Security": "max-age=31536000; includeSubDomains",
        "X-Cache": "CONFIG_NOCACHE",
        "X-Content-Type-Options": "nosniff",
        "x-ms-correlation-request-id": "238c7c99-b426-45cf-9558-451a838ffdd7",
        "x-ms-ratelimit-remaining-subscription-reads": "14937",
        "x-ms-request-id": "238c7c99-b426-45cf-9558-451a838ffdd7",
        "x-ms-routing-request-id": "CENTRALUS:20230317T011106Z:238c7c99-b426-45cf-9558-451a838ffdd7",
        "X-MSEdge-Ref": "Ref A: 6A7EA02C0E854800B874FFDBB573D6AB Ref B: STBEDGE0122 Ref C: 2023-03-17T01:11:06Z"
      },
      "ResponseBody": {
        "id": "/subscriptions/ce1bff77-08c1-4199-b7a5-52194a42b6ce/resourceGroups/Communication-RG-4944",
        "name": "Communication-RG-4944",
        "type": "Microsoft.Resources/resourceGroups",
        "location": "westus",
        "properties": {
          "provisioningState": "Succeeded"
        }
      }
    },
    {
      "RequestUri": "https://api-dogfood.resources.windows-int.net/subscriptions/ce1bff77-08c1-4199-b7a5-52194a42b6ce/resourceGroups/Communication-RG-4944/providers/Microsoft.Communication/communicationServices/communication-service-9830?api-version=2021-10-01-preview",
      "RequestMethod": "PUT",
      "RequestHeaders": {
        "Accept": "application/json",
        "Authorization": "Sanitized",
        "Content-Length": "76",
        "Content-Type": "application/json",
        "traceparent": "00-ad0ffeac22fc73449429f5cadf2b3624-979484af68d9a54a-00",
        "User-Agent": "azsdk-net-ResourceManager.Communication/1.1.0-alpha.20230316.1 (.NET Framework 4.8.9139.0; Microsoft Windows 10.0.22621 )",
        "x-ms-client-request-id": "33d5fab66af62799ef05d62750263a5b",
        "x-ms-return-client-request-id": "true"
      },
      "RequestBody": {
        "tags": {},
        "location": "global",
        "properties": {
          "dataLocation": "UnitedStates"
        }
      },
      "StatusCode": 201,
      "ResponseHeaders": {
        "Azure-AsyncNotification": "Enabled",
        "Azure-AsyncOperation": "https://api-dogfood.resources.windows-int.net/subscriptions/ce1bff77-08c1-4199-b7a5-52194a42b6ce/providers/Microsoft.Communication/locations/CENTRALUS/operationStatuses/742e4344-abac-405f-94e3-0e80d96a5266*C24DC339B9DE14C822ABE1E514A26FB2D78E3C6288039FB72819AC1F9490D850?api-version=2021-10-01-preview",
        "Cache-Control": "no-cache",
        "Content-Length": "655",
        "Content-Type": "application/json; charset=utf-8",
        "Date": "Fri, 17 Mar 2023 01:11:07 GMT",
        "ETag": "\u0022d500f739-0000-0700-0000-6413be2b0000\u0022",
        "Expires": "-1",
        "mise-correlation-id": "316cfe8f-7f8e-4af4-b099-8936a0a42a7b",
        "Pragma": "no-cache",
        "Request-Context": "appId=",
        "Strict-Transport-Security": "max-age=31536000; includeSubDomains",
        "X-Cache": "CONFIG_NOCACHE",
        "X-Content-Type-Options": "nosniff",
        "x-ms-client-request-id": "33d5fab66af62799ef05d62750263a5b",
        "x-ms-correlation-request-id": "b0fb0f77-cae5-46ce-879a-30001b90d358",
        "x-ms-providerhub-traffic": "True",
        "x-ms-ratelimit-remaining-subscription-writes": "1197",
        "x-ms-request-id": "742e4344-abac-405f-94e3-0e80d96a5266",
        "x-ms-resource-provider-hint": "noPolling",
        "x-ms-routing-request-id": "CENTRALUS:20230317T011107Z:b0fb0f77-cae5-46ce-879a-30001b90d358",
        "X-MSEdge-Ref": "Ref A: 96DE176351DA4E59AF3296C21615D307 Ref B: STBEDGE0122 Ref C: 2023-03-17T01:11:06Z"
      },
      "ResponseBody": {
        "id": "/subscriptions/ce1bff77-08c1-4199-b7a5-52194a42b6ce/resourceGroups/Communication-RG-4944/providers/Microsoft.Communication/communicationServices/communication-service-9830",
        "name": "communication-service-9830",
        "type": "microsoft.communication/communicationservices",
        "location": "global",
        "tags": {},
        "systemData": {
          "createdBy": "dd5e080b-9821-4976-9ab1-c95d8cc8eafa",
          "createdByType": "Application",
          "createdAt": "2023-03-17T01:11:06.6696778Z",
          "lastModifiedBy": "dd5e080b-9821-4976-9ab1-c95d8cc8eafa",
          "lastModifiedByType": "Application",
          "lastModifiedAt": "2023-03-17T01:11:06.6696778Z"
        },
        "properties": {
          "dataLocation": "UnitedStates",
          "provisioningState": "Accepted"
        }
      }
    },
    {
      "RequestUri": "https://api-dogfood.resources.windows-int.net/subscriptions/ce1bff77-08c1-4199-b7a5-52194a42b6ce/providers/Microsoft.Communication/locations/CENTRALUS/operationStatuses/742e4344-abac-405f-94e3-0e80d96a5266*C24DC339B9DE14C822ABE1E514A26FB2D78E3C6288039FB72819AC1F9490D850?api-version=2021-10-01-preview",
      "RequestMethod": "GET",
      "RequestHeaders": {
        "Authorization": "Sanitized",
        "traceparent": "00-ad0ffeac22fc73449429f5cadf2b3624-d2ffe7865a99784f-00",
        "User-Agent": "azsdk-net-ResourceManager/1.4.0 (.NET Framework 4.8.9139.0; Microsoft Windows 10.0.22621 )",
        "x-ms-client-request-id": "c7ae3511ae640aed5106ebeb59045b02",
        "x-ms-return-client-request-id": "true"
      },
      "RequestBody": null,
      "StatusCode": 200,
      "ResponseHeaders": {
        "Cache-Control": "no-cache",
        "Content-Length": "595",
        "Content-Type": "application/json; charset=utf-8",
        "Date": "Fri, 17 Mar 2023 01:11:07 GMT",
        "ETag": "\u0022e50037c0-0000-0700-0000-6413be2b0000\u0022",
        "Expires": "-1",
        "Pragma": "no-cache",
        "Strict-Transport-Security": "max-age=31536000; includeSubDomains",
        "X-Cache": "CONFIG_NOCACHE",
        "X-Content-Type-Options": "nosniff",
        "x-ms-client-request-id": "c7ae3511ae640aed5106ebeb59045b02",
        "x-ms-correlation-request-id": "4e89e412-08fb-410e-9e25-930966846652",
        "x-ms-ratelimit-remaining-subscription-reads": "14936",
        "x-ms-request-id": "280b2d5b-2ec9-4139-8333-9944ee333d0a",
        "x-ms-routing-request-id": "CENTRALUS:20230317T011107Z:4e89e412-08fb-410e-9e25-930966846652",
        "X-MSEdge-Ref": "Ref A: 2D1589F460BF40D4AC2C456FD1610A36 Ref B: STBEDGE0122 Ref C: 2023-03-17T01:11:07Z"
      },
      "ResponseBody": {
        "id": "/subscriptions/ce1bff77-08c1-4199-b7a5-52194a42b6ce/providers/Microsoft.Communication/locations/CENTRALUS/operationStatuses/742e4344-abac-405f-94e3-0e80d96a5266*C24DC339B9DE14C822ABE1E514A26FB2D78E3C6288039FB72819AC1F9490D850",
        "name": "742e4344-abac-405f-94e3-0e80d96a5266*C24DC339B9DE14C822ABE1E514A26FB2D78E3C6288039FB72819AC1F9490D850",
        "resourceId": "/subscriptions/ce1bff77-08c1-4199-b7a5-52194a42b6ce/resourceGroups/Communication-RG-4944/providers/Microsoft.Communication/communicationServices/communication-service-9830",
        "status": "Accepted",
        "startTime": "2023-03-17T01:11:07.3906086Z"
      }
    },
    {
      "RequestUri": "https://api-dogfood.resources.windows-int.net/subscriptions/ce1bff77-08c1-4199-b7a5-52194a42b6ce/providers/Microsoft.Communication/locations/CENTRALUS/operationStatuses/742e4344-abac-405f-94e3-0e80d96a5266*C24DC339B9DE14C822ABE1E514A26FB2D78E3C6288039FB72819AC1F9490D850?api-version=2021-10-01-preview",
      "RequestMethod": "GET",
      "RequestHeaders": {
        "Authorization": "Sanitized",
        "traceparent": "00-ad0ffeac22fc73449429f5cadf2b3624-3c1dc0e92d64364b-00",
        "User-Agent": "azsdk-net-ResourceManager/1.4.0 (.NET Framework 4.8.9139.0; Microsoft Windows 10.0.22621 )",
        "x-ms-client-request-id": "ae029f9424ac9ad08de5e77f4f1bd8f6",
        "x-ms-return-client-request-id": "true"
      },
      "RequestBody": null,
      "StatusCode": 200,
      "ResponseHeaders": {
        "Cache-Control": "no-cache",
        "Content-Length": "595",
        "Content-Type": "application/json; charset=utf-8",
        "Date": "Fri, 17 Mar 2023 01:11:08 GMT",
        "ETag": "\u0022e50037c0-0000-0700-0000-6413be2b0000\u0022",
        "Expires": "-1",
        "Pragma": "no-cache",
        "Strict-Transport-Security": "max-age=31536000; includeSubDomains",
        "X-Cache": "CONFIG_NOCACHE",
        "X-Content-Type-Options": "nosniff",
        "x-ms-client-request-id": "ae029f9424ac9ad08de5e77f4f1bd8f6",
        "x-ms-correlation-request-id": "51bf8237-52ab-4899-9307-76dd3c8e809a",
        "x-ms-ratelimit-remaining-subscription-reads": "14976",
        "x-ms-request-id": "fa9fb30d-4c1d-498e-958d-1b79896456c4",
        "x-ms-routing-request-id": "CENTRALUS:20230317T011109Z:51bf8237-52ab-4899-9307-76dd3c8e809a",
        "X-MSEdge-Ref": "Ref A: 00B55E2ACA0D4B4DA3769EC2425332BB Ref B: STBEDGE0122 Ref C: 2023-03-17T01:11:08Z"
      },
      "ResponseBody": {
        "id": "/subscriptions/ce1bff77-08c1-4199-b7a5-52194a42b6ce/providers/Microsoft.Communication/locations/CENTRALUS/operationStatuses/742e4344-abac-405f-94e3-0e80d96a5266*C24DC339B9DE14C822ABE1E514A26FB2D78E3C6288039FB72819AC1F9490D850",
        "name": "742e4344-abac-405f-94e3-0e80d96a5266*C24DC339B9DE14C822ABE1E514A26FB2D78E3C6288039FB72819AC1F9490D850",
        "resourceId": "/subscriptions/ce1bff77-08c1-4199-b7a5-52194a42b6ce/resourceGroups/Communication-RG-4944/providers/Microsoft.Communication/communicationServices/communication-service-9830",
        "status": "Accepted",
        "startTime": "2023-03-17T01:11:07.3906086Z"
      }
    },
    {
      "RequestUri": "https://api-dogfood.resources.windows-int.net/subscriptions/ce1bff77-08c1-4199-b7a5-52194a42b6ce/providers/Microsoft.Communication/locations/CENTRALUS/operationStatuses/742e4344-abac-405f-94e3-0e80d96a5266*C24DC339B9DE14C822ABE1E514A26FB2D78E3C6288039FB72819AC1F9490D850?api-version=2021-10-01-preview",
      "RequestMethod": "GET",
      "RequestHeaders": {
        "Authorization": "Sanitized",
        "traceparent": "00-ad0ffeac22fc73449429f5cadf2b3624-abfebb4cb670af40-00",
        "User-Agent": "azsdk-net-ResourceManager/1.4.0 (.NET Framework 4.8.9139.0; Microsoft Windows 10.0.22621 )",
        "x-ms-client-request-id": "1a157eb4727890f61ce621d230829646",
        "x-ms-return-client-request-id": "true"
      },
      "RequestBody": null,
      "StatusCode": 200,
      "ResponseHeaders": {
        "Cache-Control": "no-cache",
        "Content-Length": "595",
        "Content-Type": "application/json; charset=utf-8",
        "Date": "Fri, 17 Mar 2023 01:11:10 GMT",
        "ETag": "\u0022e50037c0-0000-0700-0000-6413be2b0000\u0022",
        "Expires": "-1",
        "Pragma": "no-cache",
        "Strict-Transport-Security": "max-age=31536000; includeSubDomains",
        "X-Cache": "CONFIG_NOCACHE",
        "X-Content-Type-Options": "nosniff",
        "x-ms-client-request-id": "1a157eb4727890f61ce621d230829646",
        "x-ms-correlation-request-id": "f607d991-f723-435c-a20d-271dbbf19e6d",
        "x-ms-ratelimit-remaining-subscription-reads": "14935",
        "x-ms-request-id": "81d1abf1-4a1d-463a-a5e0-433a6108dd86",
        "x-ms-routing-request-id": "CENTRALUS:20230317T011110Z:f607d991-f723-435c-a20d-271dbbf19e6d",
        "X-MSEdge-Ref": "Ref A: E933626AC8F04EC2914AFD7B3746058E Ref B: STBEDGE0122 Ref C: 2023-03-17T01:11:10Z"
      },
      "ResponseBody": {
        "id": "/subscriptions/ce1bff77-08c1-4199-b7a5-52194a42b6ce/providers/Microsoft.Communication/locations/CENTRALUS/operationStatuses/742e4344-abac-405f-94e3-0e80d96a5266*C24DC339B9DE14C822ABE1E514A26FB2D78E3C6288039FB72819AC1F9490D850",
        "name": "742e4344-abac-405f-94e3-0e80d96a5266*C24DC339B9DE14C822ABE1E514A26FB2D78E3C6288039FB72819AC1F9490D850",
        "resourceId": "/subscriptions/ce1bff77-08c1-4199-b7a5-52194a42b6ce/resourceGroups/Communication-RG-4944/providers/Microsoft.Communication/communicationServices/communication-service-9830",
        "status": "Accepted",
        "startTime": "2023-03-17T01:11:07.3906086Z"
      }
    },
    {
      "RequestUri": "https://api-dogfood.resources.windows-int.net/subscriptions/ce1bff77-08c1-4199-b7a5-52194a42b6ce/providers/Microsoft.Communication/locations/CENTRALUS/operationStatuses/742e4344-abac-405f-94e3-0e80d96a5266*C24DC339B9DE14C822ABE1E514A26FB2D78E3C6288039FB72819AC1F9490D850?api-version=2021-10-01-preview",
      "RequestMethod": "GET",
      "RequestHeaders": {
        "Authorization": "Sanitized",
        "traceparent": "00-ad0ffeac22fc73449429f5cadf2b3624-64ff9b71f0b5fd46-00",
        "User-Agent": "azsdk-net-ResourceManager/1.4.0 (.NET Framework 4.8.9139.0; Microsoft Windows 10.0.22621 )",
        "x-ms-client-request-id": "afe9171ba2f6edab65143a7fc66ebb35",
        "x-ms-return-client-request-id": "true"
      },
      "RequestBody": null,
      "StatusCode": 200,
      "ResponseHeaders": {
        "Cache-Control": "no-cache",
        "Content-Length": "595",
        "Content-Type": "application/json; charset=utf-8",
        "Date": "Fri, 17 Mar 2023 01:11:11 GMT",
        "ETag": "\u0022e50037c0-0000-0700-0000-6413be2b0000\u0022",
        "Expires": "-1",
        "Pragma": "no-cache",
        "Strict-Transport-Security": "max-age=31536000; includeSubDomains",
        "X-Cache": "CONFIG_NOCACHE",
        "X-Content-Type-Options": "nosniff",
        "x-ms-client-request-id": "afe9171ba2f6edab65143a7fc66ebb35",
        "x-ms-correlation-request-id": "4b633fae-e498-43b3-9f65-a08ce5461441",
        "x-ms-ratelimit-remaining-subscription-reads": "14975",
        "x-ms-request-id": "a356ffed-f8e8-4f02-9fb2-2eeb5722265b",
        "x-ms-routing-request-id": "CENTRALUS:20230317T011111Z:4b633fae-e498-43b3-9f65-a08ce5461441",
        "X-MSEdge-Ref": "Ref A: C1E33A412F9A474BBCF1745AD9E1CFDA Ref B: STBEDGE0122 Ref C: 2023-03-17T01:11:11Z"
      },
      "ResponseBody": {
        "id": "/subscriptions/ce1bff77-08c1-4199-b7a5-52194a42b6ce/providers/Microsoft.Communication/locations/CENTRALUS/operationStatuses/742e4344-abac-405f-94e3-0e80d96a5266*C24DC339B9DE14C822ABE1E514A26FB2D78E3C6288039FB72819AC1F9490D850",
        "name": "742e4344-abac-405f-94e3-0e80d96a5266*C24DC339B9DE14C822ABE1E514A26FB2D78E3C6288039FB72819AC1F9490D850",
        "resourceId": "/subscriptions/ce1bff77-08c1-4199-b7a5-52194a42b6ce/resourceGroups/Communication-RG-4944/providers/Microsoft.Communication/communicationServices/communication-service-9830",
        "status": "Accepted",
        "startTime": "2023-03-17T01:11:07.3906086Z"
      }
    },
    {
      "RequestUri": "https://api-dogfood.resources.windows-int.net/subscriptions/ce1bff77-08c1-4199-b7a5-52194a42b6ce/providers/Microsoft.Communication/locations/CENTRALUS/operationStatuses/742e4344-abac-405f-94e3-0e80d96a5266*C24DC339B9DE14C822ABE1E514A26FB2D78E3C6288039FB72819AC1F9490D850?api-version=2021-10-01-preview",
      "RequestMethod": "GET",
      "RequestHeaders": {
        "Authorization": "Sanitized",
        "traceparent": "00-ad0ffeac22fc73449429f5cadf2b3624-5e3217fe452d6b48-00",
        "User-Agent": "azsdk-net-ResourceManager/1.4.0 (.NET Framework 4.8.9139.0; Microsoft Windows 10.0.22621 )",
        "x-ms-client-request-id": "da37f52d40ef218aa97291c502fd6a0b",
        "x-ms-return-client-request-id": "true"
      },
      "RequestBody": null,
      "StatusCode": 200,
      "ResponseHeaders": {
        "Cache-Control": "no-cache",
        "Content-Length": "595",
        "Content-Type": "application/json; charset=utf-8",
        "Date": "Fri, 17 Mar 2023 01:11:13 GMT",
        "ETag": "\u0022e50037c0-0000-0700-0000-6413be2b0000\u0022",
        "Expires": "-1",
        "Pragma": "no-cache",
        "Strict-Transport-Security": "max-age=31536000; includeSubDomains",
        "X-Cache": "CONFIG_NOCACHE",
        "X-Content-Type-Options": "nosniff",
        "x-ms-client-request-id": "da37f52d40ef218aa97291c502fd6a0b",
        "x-ms-correlation-request-id": "088759e0-d302-4b90-af58-6cd48edb6739",
        "x-ms-ratelimit-remaining-subscription-reads": "14934",
        "x-ms-request-id": "6488ea9a-f77c-43bf-9c83-fd9727ec09e4",
        "x-ms-routing-request-id": "CENTRALUS:20230317T011113Z:088759e0-d302-4b90-af58-6cd48edb6739",
        "X-MSEdge-Ref": "Ref A: 609C6923C95A4C4BBA8432904C737469 Ref B: STBEDGE0122 Ref C: 2023-03-17T01:11:13Z"
      },
      "ResponseBody": {
        "id": "/subscriptions/ce1bff77-08c1-4199-b7a5-52194a42b6ce/providers/Microsoft.Communication/locations/CENTRALUS/operationStatuses/742e4344-abac-405f-94e3-0e80d96a5266*C24DC339B9DE14C822ABE1E514A26FB2D78E3C6288039FB72819AC1F9490D850",
        "name": "742e4344-abac-405f-94e3-0e80d96a5266*C24DC339B9DE14C822ABE1E514A26FB2D78E3C6288039FB72819AC1F9490D850",
        "resourceId": "/subscriptions/ce1bff77-08c1-4199-b7a5-52194a42b6ce/resourceGroups/Communication-RG-4944/providers/Microsoft.Communication/communicationServices/communication-service-9830",
        "status": "Accepted",
        "startTime": "2023-03-17T01:11:07.3906086Z"
      }
    },
    {
      "RequestUri": "https://api-dogfood.resources.windows-int.net/subscriptions/ce1bff77-08c1-4199-b7a5-52194a42b6ce/providers/Microsoft.Communication/locations/CENTRALUS/operationStatuses/742e4344-abac-405f-94e3-0e80d96a5266*C24DC339B9DE14C822ABE1E514A26FB2D78E3C6288039FB72819AC1F9490D850?api-version=2021-10-01-preview",
      "RequestMethod": "GET",
      "RequestHeaders": {
        "Authorization": "Sanitized",
        "traceparent": "00-ad0ffeac22fc73449429f5cadf2b3624-f2b9c02a7884d24b-00",
        "User-Agent": "azsdk-net-ResourceManager/1.4.0 (.NET Framework 4.8.9139.0; Microsoft Windows 10.0.22621 )",
        "x-ms-client-request-id": "3763a04f283212ffd327b5633877caae",
        "x-ms-return-client-request-id": "true"
      },
      "RequestBody": null,
      "StatusCode": 200,
      "ResponseHeaders": {
        "Cache-Control": "no-cache",
        "Content-Length": "595",
        "Content-Type": "application/json; charset=utf-8",
        "Date": "Fri, 17 Mar 2023 01:11:17 GMT",
        "ETag": "\u0022e50037c0-0000-0700-0000-6413be2b0000\u0022",
        "Expires": "-1",
        "Pragma": "no-cache",
        "Strict-Transport-Security": "max-age=31536000; includeSubDomains",
        "X-Cache": "CONFIG_NOCACHE",
        "X-Content-Type-Options": "nosniff",
        "x-ms-client-request-id": "3763a04f283212ffd327b5633877caae",
        "x-ms-correlation-request-id": "7328ab42-5fad-4d06-bbac-3144d30dc121",
        "x-ms-ratelimit-remaining-subscription-reads": "14974",
        "x-ms-request-id": "7b91cd38-64db-4953-8e66-b5d71b6f2228",
        "x-ms-routing-request-id": "CENTRALUS:20230317T011117Z:7328ab42-5fad-4d06-bbac-3144d30dc121",
        "X-MSEdge-Ref": "Ref A: EF469BB7A96A4CF48B3611CC84973543 Ref B: STBEDGE0122 Ref C: 2023-03-17T01:11:17Z"
      },
      "ResponseBody": {
        "id": "/subscriptions/ce1bff77-08c1-4199-b7a5-52194a42b6ce/providers/Microsoft.Communication/locations/CENTRALUS/operationStatuses/742e4344-abac-405f-94e3-0e80d96a5266*C24DC339B9DE14C822ABE1E514A26FB2D78E3C6288039FB72819AC1F9490D850",
        "name": "742e4344-abac-405f-94e3-0e80d96a5266*C24DC339B9DE14C822ABE1E514A26FB2D78E3C6288039FB72819AC1F9490D850",
        "resourceId": "/subscriptions/ce1bff77-08c1-4199-b7a5-52194a42b6ce/resourceGroups/Communication-RG-4944/providers/Microsoft.Communication/communicationServices/communication-service-9830",
        "status": "Accepted",
        "startTime": "2023-03-17T01:11:07.3906086Z"
      }
    },
    {
      "RequestUri": "https://api-dogfood.resources.windows-int.net/subscriptions/ce1bff77-08c1-4199-b7a5-52194a42b6ce/providers/Microsoft.Communication/locations/CENTRALUS/operationStatuses/742e4344-abac-405f-94e3-0e80d96a5266*C24DC339B9DE14C822ABE1E514A26FB2D78E3C6288039FB72819AC1F9490D850?api-version=2021-10-01-preview",
      "RequestMethod": "GET",
      "RequestHeaders": {
        "Authorization": "Sanitized",
        "Connection": "close",
        "traceparent": "00-ad0ffeac22fc73449429f5cadf2b3624-11b910490fcef245-00",
        "User-Agent": "azsdk-net-ResourceManager/1.4.0 (.NET Framework 4.8.9139.0; Microsoft Windows 10.0.22621 )",
        "x-ms-client-request-id": "3ba4eb2bbb4ada578dc7068410e6ea67",
        "x-ms-return-client-request-id": "true"
      },
      "RequestBody": null,
      "StatusCode": 200,
      "ResponseHeaders": {
        "Cache-Control": "no-cache",
        "Connection": "close",
        "Content-Length": "595",
        "Content-Type": "application/json; charset=utf-8",
        "Date": "Fri, 17 Mar 2023 01:11:25 GMT",
        "ETag": "\u0022e50037c0-0000-0700-0000-6413be2b0000\u0022",
        "Expires": "-1",
        "Pragma": "no-cache",
        "Strict-Transport-Security": "max-age=31536000; includeSubDomains",
        "X-Cache": "CONFIG_NOCACHE",
        "X-Content-Type-Options": "nosniff",
        "x-ms-client-request-id": "3ba4eb2bbb4ada578dc7068410e6ea67",
        "x-ms-correlation-request-id": "525a2ecc-cc20-4270-aa95-34d8175ecfc2",
        "x-ms-ratelimit-remaining-subscription-reads": "14933",
        "x-ms-request-id": "0ed3a55e-896f-43b4-b1f1-21c051317a7f",
        "x-ms-routing-request-id": "CENTRALUS:20230317T011125Z:525a2ecc-cc20-4270-aa95-34d8175ecfc2",
        "X-MSEdge-Ref": "Ref A: B61C53227E24402D8CAA6F46BBD29910 Ref B: STBEDGE0122 Ref C: 2023-03-17T01:11:25Z"
      },
      "ResponseBody": {
        "id": "/subscriptions/ce1bff77-08c1-4199-b7a5-52194a42b6ce/providers/Microsoft.Communication/locations/CENTRALUS/operationStatuses/742e4344-abac-405f-94e3-0e80d96a5266*C24DC339B9DE14C822ABE1E514A26FB2D78E3C6288039FB72819AC1F9490D850",
        "name": "742e4344-abac-405f-94e3-0e80d96a5266*C24DC339B9DE14C822ABE1E514A26FB2D78E3C6288039FB72819AC1F9490D850",
        "resourceId": "/subscriptions/ce1bff77-08c1-4199-b7a5-52194a42b6ce/resourceGroups/Communication-RG-4944/providers/Microsoft.Communication/communicationServices/communication-service-9830",
        "status": "Accepted",
        "startTime": "2023-03-17T01:11:07.3906086Z"
      }
    },
    {
      "RequestUri": "https://api-dogfood.resources.windows-int.net/subscriptions/ce1bff77-08c1-4199-b7a5-52194a42b6ce/providers/Microsoft.Communication/locations/CENTRALUS/operationStatuses/742e4344-abac-405f-94e3-0e80d96a5266*C24DC339B9DE14C822ABE1E514A26FB2D78E3C6288039FB72819AC1F9490D850?api-version=2021-10-01-preview",
      "RequestMethod": "GET",
      "RequestHeaders": {
        "Authorization": "Sanitized",
        "traceparent": "00-ad0ffeac22fc73449429f5cadf2b3624-30823360a69e4644-00",
        "User-Agent": "azsdk-net-ResourceManager/1.4.0 (.NET Framework 4.8.9139.0; Microsoft Windows 10.0.22621 )",
        "x-ms-client-request-id": "25302fa9830a0503f52507c78b26e931",
        "x-ms-return-client-request-id": "true"
      },
      "RequestBody": null,
      "StatusCode": 200,
      "ResponseHeaders": {
        "Cache-Control": "no-cache",
        "Content-Length": "595",
        "Content-Type": "application/json; charset=utf-8",
        "Date": "Fri, 17 Mar 2023 01:11:41 GMT",
        "ETag": "\u0022e50037c0-0000-0700-0000-6413be2b0000\u0022",
        "Expires": "-1",
        "Pragma": "no-cache",
        "Strict-Transport-Security": "max-age=31536000; includeSubDomains",
        "X-Cache": "CONFIG_NOCACHE",
        "X-Content-Type-Options": "nosniff",
        "x-ms-client-request-id": "25302fa9830a0503f52507c78b26e931",
        "x-ms-correlation-request-id": "0de06b97-523d-4ea8-bc7f-6358d751e204",
        "x-ms-ratelimit-remaining-subscription-reads": "14943",
        "x-ms-request-id": "c6fe42fe-e838-475f-ac41-3e1c859e31e4",
        "x-ms-routing-request-id": "CENTRALUS:20230317T011142Z:0de06b97-523d-4ea8-bc7f-6358d751e204",
        "X-MSEdge-Ref": "Ref A: 108797E7EB8641D7A921902E71607D09 Ref B: STBEDGE0615 Ref C: 2023-03-17T01:11:42Z"
      },
      "ResponseBody": {
        "id": "/subscriptions/ce1bff77-08c1-4199-b7a5-52194a42b6ce/providers/Microsoft.Communication/locations/CENTRALUS/operationStatuses/742e4344-abac-405f-94e3-0e80d96a5266*C24DC339B9DE14C822ABE1E514A26FB2D78E3C6288039FB72819AC1F9490D850",
        "name": "742e4344-abac-405f-94e3-0e80d96a5266*C24DC339B9DE14C822ABE1E514A26FB2D78E3C6288039FB72819AC1F9490D850",
        "resourceId": "/subscriptions/ce1bff77-08c1-4199-b7a5-52194a42b6ce/resourceGroups/Communication-RG-4944/providers/Microsoft.Communication/communicationServices/communication-service-9830",
        "status": "Accepted",
        "startTime": "2023-03-17T01:11:07.3906086Z"
      }
    },
    {
      "RequestUri": "https://api-dogfood.resources.windows-int.net/subscriptions/ce1bff77-08c1-4199-b7a5-52194a42b6ce/providers/Microsoft.Communication/locations/CENTRALUS/operationStatuses/742e4344-abac-405f-94e3-0e80d96a5266*C24DC339B9DE14C822ABE1E514A26FB2D78E3C6288039FB72819AC1F9490D850?api-version=2021-10-01-preview",
      "RequestMethod": "GET",
      "RequestHeaders": {
        "Authorization": "Sanitized",
        "traceparent": "00-ad0ffeac22fc73449429f5cadf2b3624-6fb40cd149b57248-00",
        "User-Agent": "azsdk-net-ResourceManager/1.4.0 (.NET Framework 4.8.9139.0; Microsoft Windows 10.0.22621 )",
        "x-ms-client-request-id": "1799e2a72f5893c04988aa6a227a01ed",
        "x-ms-return-client-request-id": "true"
      },
      "RequestBody": null,
      "StatusCode": 200,
      "ResponseHeaders": {
        "Cache-Control": "no-cache",
        "Content-Length": "614",
        "Content-Type": "application/json; charset=utf-8",
        "Date": "Fri, 17 Mar 2023 01:12:14 GMT",
        "ETag": "\u0022e50081c5-0000-0700-0000-6413be6d0000\u0022",
        "Expires": "-1",
        "Pragma": "no-cache",
        "Strict-Transport-Security": "max-age=31536000; includeSubDomains",
        "X-Cache": "CONFIG_NOCACHE",
        "X-Content-Type-Options": "nosniff",
        "x-ms-client-request-id": "1799e2a72f5893c04988aa6a227a01ed",
        "x-ms-correlation-request-id": "78c50473-b9a7-4759-b07a-5eae0afc105d",
        "x-ms-ratelimit-remaining-subscription-reads": "14932",
        "x-ms-request-id": "0132775d-cb5d-48ab-9283-604830712dab",
        "x-ms-routing-request-id": "CENTRALUS:20230317T011214Z:78c50473-b9a7-4759-b07a-5eae0afc105d",
        "X-MSEdge-Ref": "Ref A: 537C0E5BBB374C32A6CCD598456D67AD Ref B: STBEDGE0615 Ref C: 2023-03-17T01:12:14Z"
      },
      "ResponseBody": {
        "id": "/subscriptions/ce1bff77-08c1-4199-b7a5-52194a42b6ce/providers/Microsoft.Communication/locations/CENTRALUS/operationStatuses/742e4344-abac-405f-94e3-0e80d96a5266*C24DC339B9DE14C822ABE1E514A26FB2D78E3C6288039FB72819AC1F9490D850",
        "name": "742e4344-abac-405f-94e3-0e80d96a5266*C24DC339B9DE14C822ABE1E514A26FB2D78E3C6288039FB72819AC1F9490D850",
        "resourceId": "/subscriptions/ce1bff77-08c1-4199-b7a5-52194a42b6ce/resourceGroups/Communication-RG-4944/providers/Microsoft.Communication/communicationServices/communication-service-9830",
        "status": "Succeeded",
        "startTime": "2023-03-17T01:11:07.3906086Z",
        "properties": null
      }
    },
    {
      "RequestUri": "https://api-dogfood.resources.windows-int.net/subscriptions/ce1bff77-08c1-4199-b7a5-52194a42b6ce/resourceGroups/Communication-RG-4944/providers/Microsoft.Communication/communicationServices/communication-service-9830?api-version=2021-10-01-preview",
      "RequestMethod": "GET",
      "RequestHeaders": {
        "Authorization": "Sanitized",
        "traceparent": "00-ad0ffeac22fc73449429f5cadf2b3624-915334dffcb29e4e-00",
        "User-Agent": "azsdk-net-ResourceManager/1.4.0 (.NET Framework 4.8.9139.0; Microsoft Windows 10.0.22621 )",
        "x-ms-client-request-id": "09ba4d3ca447a8a4e89f4525b4904f66",
        "x-ms-return-client-request-id": "true"
      },
      "RequestBody": null,
      "StatusCode": 200,
      "ResponseHeaders": {
        "Cache-Control": "no-cache",
        "Content-Length": "785",
        "Content-Type": "application/json; charset=utf-8",
        "Date": "Fri, 17 Mar 2023 01:12:14 GMT",
        "ETag": "\u0022d500863a-0000-0700-0000-6413be320000\u0022",
        "Expires": "-1",
        "Pragma": "no-cache",
        "Strict-Transport-Security": "max-age=31536000; includeSubDomains",
        "X-Cache": "CONFIG_NOCACHE",
        "X-Content-Type-Options": "nosniff",
        "x-ms-client-request-id": "09ba4d3ca447a8a4e89f4525b4904f66",
        "x-ms-correlation-request-id": "ccccfd29-d152-4a7c-81aa-6ad7e2912b99",
        "x-ms-providerhub-traffic": "True",
        "x-ms-ratelimit-remaining-subscription-reads": "14931",
        "x-ms-request-id": "a5d74129-26f6-4e19-9106-81363aa8bbf7",
        "x-ms-routing-request-id": "CENTRALUS:20230317T011215Z:ccccfd29-d152-4a7c-81aa-6ad7e2912b99",
        "X-MSEdge-Ref": "Ref A: 6FB6AD55CFAA4451823A35102A9D90EE Ref B: STBEDGE0615 Ref C: 2023-03-17T01:12:14Z"
      },
      "ResponseBody": {
        "id": "/subscriptions/ce1bff77-08c1-4199-b7a5-52194a42b6ce/resourceGroups/Communication-RG-4944/providers/Microsoft.Communication/communicationServices/communication-service-9830",
        "name": "communication-service-9830",
        "type": "microsoft.communication/communicationservices",
        "location": "global",
        "tags": {},
        "systemData": {
          "createdBy": "dd5e080b-9821-4976-9ab1-c95d8cc8eafa",
          "createdByType": "Application",
          "createdAt": "2023-03-17T01:11:06.6696778Z",
          "lastModifiedBy": "dd5e080b-9821-4976-9ab1-c95d8cc8eafa",
          "lastModifiedByType": "Application",
          "lastModifiedAt": "2023-03-17T01:11:06.6696778Z"
        },
        "properties": {
          "provisioningState": "Succeeded",
          "hostName": "communication-service-9830.int.communication.azure.net",
          "immutableResourceId": "57a954a0-b663-4285-a4f4-4464428845e3",
          "dataLocation": "UnitedStates"
        }
      }
    },
    {
      "RequestUri": "https://api-dogfood.resources.windows-int.net/subscriptions/ce1bff77-08c1-4199-b7a5-52194a42b6ce?api-version=2021-01-01",
      "RequestMethod": "GET",
      "RequestHeaders": {
        "Accept": "application/json",
        "Authorization": "Sanitized",
        "traceparent": "00-aad11e591be75f45b728d02ce6b46a2f-15f6b4fd4f10be45-00",
        "User-Agent": "azsdk-net-ResourceManager/1.4.0 (.NET Framework 4.8.9139.0; Microsoft Windows 10.0.22621 )",
        "x-ms-client-request-id": "2ddcd4ded34c7a0f6e9cdc81d898e27a",
        "x-ms-return-client-request-id": "true"
      },
      "RequestBody": null,
      "StatusCode": 200,
      "ResponseHeaders": {
        "Cache-Control": "no-cache",
        "Content-Length": "399",
        "Content-Type": "application/json; charset=utf-8",
        "Date": "Fri, 17 Mar 2023 01:12:14 GMT",
        "Expires": "-1",
        "Pragma": "no-cache",
        "Strict-Transport-Security": "max-age=31536000; includeSubDomains",
        "X-Cache": "CONFIG_NOCACHE",
        "X-Content-Type-Options": "nosniff",
        "x-ms-correlation-request-id": "8ea9ca29-2067-47d7-aad2-6f18da55870c",
        "x-ms-ratelimit-remaining-subscription-reads": "14930",
        "x-ms-request-id": "8ea9ca29-2067-47d7-aad2-6f18da55870c",
        "x-ms-routing-request-id": "CENTRALUS:20230317T011215Z:8ea9ca29-2067-47d7-aad2-6f18da55870c",
        "X-MSEdge-Ref": "Ref A: B98E580860574C9EA0E7A8BE790BE9B4 Ref B: STBEDGE0615 Ref C: 2023-03-17T01:12:15Z"
      },
      "ResponseBody": {
        "id": "/subscriptions/ce1bff77-08c1-4199-b7a5-52194a42b6ce",
        "authorizationSource": "RoleBased",
        "managedByTenants": [],
        "subscriptionId": "ce1bff77-08c1-4199-b7a5-52194a42b6ce",
        "tenantId": "f686d426-8d16-42db-81b7-ab578e110ccd",
        "displayName": "ACS Dogfood Int Env",
        "state": "Enabled",
        "subscriptionPolicies": {
          "locationPlacementId": "Public_2014-09-01",
          "quotaId": "PayAsYouGo_2014-09-01",
          "spendingLimit": "Off"
        }
      }
    },
    {
      "RequestUri": "https://api-dogfood.resources.windows-int.net/subscriptions/ce1bff77-08c1-4199-b7a5-52194a42b6ce/providers/Microsoft.Resources?api-version=**",
      "RequestMethod": "GET",
      "RequestHeaders": {
        "Accept": "application/json",
        "Authorization": "Sanitized",
        "traceparent": "00-aad11e591be75f45b728d02ce6b46a2f-4581474b3e352a4b-00",
        "User-Agent": "azsdk-net-ResourceManager/1.4.0 (.NET Framework 4.8.9139.0; Microsoft Windows 10.0.22621 )",
        "x-ms-client-request-id": "3d8a1923df6c02ea3ef12fb9ea9bdfb9",
        "x-ms-return-client-request-id": "true"
      },
      "RequestBody": null,
      "StatusCode": 200,
      "ResponseHeaders": {
        "Cache-Control": "no-cache",
        "Content-Length": "8232",
        "Content-Type": "application/json; charset=utf-8",
        "Date": "Fri, 17 Mar 2023 01:12:14 GMT",
        "Expires": "-1",
        "Pragma": "no-cache",
        "Strict-Transport-Security": "max-age=31536000; includeSubDomains",
        "X-Cache": "CONFIG_NOCACHE",
        "X-Content-Type-Options": "nosniff",
        "x-ms-correlation-request-id": "14f7191d-8896-4da8-84d5-c7b45f31ceb4",
        "x-ms-ratelimit-remaining-subscription-reads": "14929",
        "x-ms-request-id": "14f7191d-8896-4da8-84d5-c7b45f31ceb4",
        "x-ms-routing-request-id": "CENTRALUS:20230317T011215Z:14f7191d-8896-4da8-84d5-c7b45f31ceb4",
        "X-MSEdge-Ref": "Ref A: 583AB9FC60F34368B43CC174BF826A9E Ref B: STBEDGE0615 Ref C: 2023-03-17T01:12:15Z"
      },
      "ResponseBody": {
        "id": "/subscriptions/ce1bff77-08c1-4199-b7a5-52194a42b6ce/providers/Microsoft.Resources",
        "namespace": "Microsoft.Resources",
        "authorizations": [
          {
            "applicationId": "12a98b7b-dd08-49c0-94b6-4b1b48909d02"
          },
          {
            "applicationId": "3b990c8b-9607-4c2a-8b04-1d41985facca"
          }
        ],
        "resourceTypes": [
          {
            "resourceType": "tagnamespaces",
            "locations": [
              "Australia Central",
              "Australia Central 2",
              "Australia East",
              "Australia Southeast",
              "Brazil South",
              "Brazil Southeast",
              "Canada Central",
              "Canada East",
              "Central India",
              "Central US",
              "Central US EUAP",
              "East Asia",
              "East US",
              "East US 2",
              "East US 2 EUAP",
              "East US SLV",
              "Israel Central",
              "Japan East",
              "Japan West",
              "Korea Central",
              "Korea South",
              "North Central US",
              "Qatar Central",
              "South Africa North",
              "South Africa West",
              "South Central US",
              "South India",
              "Southeast Asia",
              "Taiwan North",
              "UAE Central",
              "UAE North",
              "West Central US",
              "West India",
              "West US",
              "West US 2",
              "West US 3",
              "France Central",
              "France South",
              "Germany North",
              "Germany West Central",
              "Italy North",
              "North Europe",
              "Norway East",
              "Norway West",
              "Poland Central",
              "Sweden South",
              "Sweden Central",
              "Switzerland West",
              "Switzerland North",
              "West Europe",
              "UK South",
              "UK West"
            ],
            "apiVersions": [
              "2023-03-01-preview"
            ],
            "capabilities": "SupportsExtension"
          },
          {
            "resourceType": "tagNamespaceOperationResults",
            "locations": [],
            "apiVersions": [
              "2023-03-01-preview"
            ],
            "capabilities": "None"
          },
          {
            "resourceType": "templateSpecs",
            "locations": [
              "East US",
              "East US 2",
              "West Central US",
              "West US",
              "West US 2",
              "Central US"
            ],
            "apiVersions": [
              "2022-02-01",
              "2021-05-01",
              "2021-03-01-preview",
              "2019-06-01-preview"
            ],
            "capabilities": "CrossResourceGroupResourceMove, CrossSubscriptionResourceMove, SupportsTags, SupportsLocation"
          },
          {
            "resourceType": "templateSpecs/versions",
            "locations": [
              "East US",
              "East US 2",
              "West Central US",
              "West US",
              "West US 2",
              "Central US"
            ],
            "apiVersions": [
              "2022-02-01",
              "2021-05-01",
              "2021-03-01-preview",
              "2019-06-01-preview"
            ],
            "capabilities": "CrossResourceGroupResourceMove, CrossSubscriptionResourceMove, SupportsTags, SupportsLocation"
          },
          {
            "resourceType": "builtInTemplateSpecs",
            "locations": [],
            "apiVersions": [
              "2022-02-01"
            ],
            "capabilities": "None"
          },
          {
            "resourceType": "builtInTemplateSpecs/versions",
            "locations": [],
            "apiVersions": [
              "2022-02-01"
            ],
            "capabilities": "None"
          },
          {
            "resourceType": "deploymentStacks",
            "locations": [
              "East US",
              "East US 2",
              "East US 2 EUAP",
              "West Central US",
              "West US",
              "West US 2",
              "Central US"
            ],
            "apiVersions": [
              "2023-04-01-preview",
              "2022-08-01-preview",
              "2021-05-01-preview"
            ],
            "capabilities": "SupportsExtension"
          },
          {
            "resourceType": "deploymentStacks/snapshots",
            "locations": [
              "East US",
              "East US 2",
              "East US 2 EUAP",
              "West Central US",
              "West US",
              "West US 2",
              "Central US"
            ],
            "apiVersions": [
              "2023-04-01-preview",
              "2022-08-01-preview",
              "2021-05-01-preview"
            ],
            "capabilities": "None"
          },
          {
            "resourceType": "locations/deploymentStackOperationStatus",
            "locations": [
              "East US",
              "East US 2",
              "East US 2 EUAP",
              "West Central US",
              "West US",
              "West US 2",
              "Central US"
            ],
            "apiVersions": [
              "2023-04-01-preview",
              "2022-08-01-preview",
              "2021-05-01-preview"
            ],
            "capabilities": "None"
          },
          {
            "resourceType": "boundaries",
            "locations": [],
            "apiVersions": [
              "2021-09-01-preview"
            ],
            "capabilities": "SupportsExtension"
          },
          {
            "resourceType": "notifyResourceJobs",
            "locations": [],
            "apiVersions": [
              "2019-09-01",
              "2019-05-01",
              "2019-04-01",
              "2019-03-01",
              "2018-11-01",
              "2018-09-01",
              "2018-08-01",
              "2018-07-01",
              "2018-05-01",
              "2018-02-01",
              "2015-01-01",
              "2014-04-01-preview"
            ],
            "capabilities": "None"
          },
          {
            "resourceType": "tenants",
            "locations": [],
            "apiVersions": [
              "2018-05-01",
              "2015-01-01",
              "2014-04-01-preview"
            ],
            "capabilities": "None"
          },
          {
            "resourceType": "locations",
            "locations": [],
            "apiVersions": [
              "2018-05-01",
              "2016-06-01",
              "2016-02-01",
              "2015-11-01",
              "2015-01-01",
              "2014-04-01-preview"
            ],
            "capabilities": "None"
          },
          {
            "resourceType": "providers",
            "locations": [],
            "apiVersions": [
              "2018-05-01",
              "2015-01-01",
              "2014-04-01-preview"
            ],
            "capabilities": "None"
          },
          {
            "resourceType": "checkresourcename",
            "locations": [],
            "apiVersions": [
              "2018-05-01",
              "2015-01-01",
              "2014-04-01-preview"
            ],
            "capabilities": "None"
          },
          {
            "resourceType": "calculateTemplateHash",
            "locations": [],
            "apiVersions": [
              "2018-05-01",
              "2015-01-01",
              "2014-04-01-preview"
            ],
            "capabilities": "None"
          },
          {
            "resourceType": "checkPolicyCompliance",
            "locations": [],
            "apiVersions": [
              "2018-05-01",
              "2018-02-01",
              "2018-01-01",
              "2017-08-01",
              "2017-06-01",
              "2017-05-10",
              "2017-05-01",
              "2017-03-01",
              "2016-09-01",
              "2016-07-01",
              "2016-06-01",
              "2016-02-01",
              "2015-11-01",
              "2015-01-01",
              "2014-04-01-preview"
            ],
            "capabilities": "None"
          },
          {
            "resourceType": "resources",
            "locations": [],
            "apiVersions": [
              "2018-05-01",
              "2015-01-01",
              "2014-04-01-preview"
            ],
            "capabilities": "None"
          },
          {
            "resourceType": "subscriptions",
            "locations": [],
            "apiVersions": [
              "2018-05-01",
              "2015-01-01",
              "2014-04-01-preview"
            ],
            "capabilities": "None"
          },
          {
            "resourceType": "subscriptions/resources",
            "locations": [],
            "apiVersions": [
              "2018-05-01",
              "2015-01-01",
              "2014-04-01-preview"
            ],
            "capabilities": "None"
          },
          {
            "resourceType": "subscriptions/providers",
            "locations": [],
            "apiVersions": [
              "2018-05-01",
              "2015-01-01",
              "2014-04-01-preview"
            ],
            "capabilities": "None"
          },
          {
            "resourceType": "operationresults",
            "locations": [],
            "apiVersions": [
              "2018-05-01",
              "2015-01-01",
              "2014-04-01-preview"
            ],
            "capabilities": "None"
          },
          {
            "resourceType": "subscriptions/operationresults",
            "locations": [],
            "apiVersions": [
              "2018-05-01",
              "2015-01-01",
              "2014-04-01-preview"
            ],
            "capabilities": "None"
          },
          {
            "resourceType": "resourceGroups",
            "locations": [
              "East Asia",
              "Southeast Asia",
              "East US",
              "East US 2",
              "West US",
              "West US 2",
              "West US 3",
              "Central US",
              "North Central US",
              "South Central US",
              "North Europe",
              "West Europe",
              "Japan East",
              "Japan West",
              "Brazil South",
              "Australia Southeast",
              "Australia East"
            ],
            "apiVersions": [
              "2018-05-01",
              "2015-01-01",
              "2014-04-01-preview"
            ],
            "capabilities": "SupportsLocation"
          },
          {
            "resourceType": "subscriptions/resourceGroups",
            "locations": [
              "East Asia",
              "Southeast Asia",
              "East US",
              "East US 2",
              "West US",
              "West US 2",
              "West US 3",
              "Central US",
              "North Central US",
              "South Central US",
              "North Europe",
              "West Europe",
              "Japan East",
              "Japan West",
              "Brazil South",
              "Australia Southeast",
              "Australia East"
            ],
            "apiVersions": [
              "2018-05-01",
              "2015-01-01",
              "2014-04-01-preview"
            ],
            "capabilities": "SupportsLocation"
          },
          {
            "resourceType": "subscriptions/resourcegroups/resources",
            "locations": [],
            "apiVersions": [
              "2018-05-01",
              "2015-01-01",
              "2014-04-01-preview"
            ],
            "capabilities": "None"
          },
          {
            "resourceType": "subscriptions/locations",
            "locations": [],
            "apiVersions": [
              "2018-05-01",
              "2015-01-01",
              "2014-04-01-preview"
            ],
            "capabilities": "None"
          },
          {
            "resourceType": "tags",
            "locations": [],
            "apiVersions": [
              "2019-10-01",
              "2019-05-01",
              "2019-04-01",
              "2019-03-01",
              "2018-11-01"
            ],
            "capabilities": "SupportsExtension"
          },
          {
            "resourceType": "subscriptions/tagnames",
            "locations": [],
            "apiVersions": [
              "2018-05-01",
              "2015-01-01",
              "2014-04-01-preview"
            ],
            "capabilities": "None"
          },
          {
            "resourceType": "subscriptions/tagNames/tagValues",
            "locations": [],
            "apiVersions": [
              "2018-05-01",
              "2015-01-01",
              "2014-04-01-preview"
            ],
            "capabilities": "None"
          },
          {
            "resourceType": "links",
            "locations": [],
            "apiVersions": [
              "2018-05-01",
              "2015-01-01",
              "2014-04-01-preview"
            ],
            "capabilities": "SupportsExtension"
          },
          {
            "resourceType": "deployments",
            "locations": [
              "East US",
              "East US 2",
              "East US 2 EUAP",
              "West Central US",
              "West US",
              "West US 2"
            ],
            "apiVersions": [
              "2021-04-01",
              "2021-01-01",
              "2020-10-01",
              "2020-06-01",
              "2019-08-01",
              "2018-05-01",
              "2016-02-01",
              "2015-11-01",
              "2015-01-01",
              "2014-04-01-preview"
            ],
            "capabilities": "SupportsTags, SupportsExtension"
          },
          {
            "resourceType": "deployments/operations",
            "locations": [
              "East US",
              "East US 2",
              "East US 2 EUAP",
              "West Central US",
              "West US",
              "West US 2"
            ],
            "apiVersions": [
              "2021-04-01",
              "2021-01-01",
              "2020-10-01",
              "2020-06-01",
              "2019-08-01",
              "2018-05-01",
              "2016-02-01",
              "2015-11-01",
              "2015-01-01",
              "2014-04-01-preview"
            ],
            "capabilities": "None"
          },
          {
            "resourceType": "locations/deploymentStatuses",
            "locations": [
              "East US",
              "East US 2",
              "East US 2 EUAP",
              "West Central US",
              "West US",
              "West US 2"
            ],
            "apiVersions": [
              "2021-04-01",
              "2021-01-01",
              "2020-10-01",
              "2020-06-01",
              "2019-08-01",
              "2018-05-01",
              "2016-02-01",
              "2015-11-01",
              "2015-01-01",
              "2014-04-01-preview"
            ],
            "capabilities": "None"
          },
          {
            "resourceType": "validateResources",
            "locations": [],
            "apiVersions": [
              "2022-06-01"
            ],
            "capabilities": "None"
          },
          {
            "resourceType": "operations",
            "locations": [],
            "apiVersions": [
              "2015-01-01"
            ],
            "capabilities": "None"
          },
          {
            "resourceType": "changes",
            "locations": [],
            "apiVersions": [
              "2023-03-01-preview",
              "2022-05-01",
              "2022-03-01-preview"
            ],
            "capabilities": "SupportsExtension"
          }
        ],
        "registrationState": "Registered",
        "registrationPolicy": "RegistrationFree"
      }
    },
    {
      "RequestUri": "https://api-dogfood.resources.windows-int.net/subscriptions/ce1bff77-08c1-4199-b7a5-52194a42b6ce/resourceGroups/Communication-RG-4944/providers/Microsoft.Communication/communicationServices/communication-service-9830/providers/Microsoft.Resources/tags/default?api-version=**",
      "RequestMethod": "GET",
      "RequestHeaders": {
        "Accept": "application/json",
        "Authorization": "Sanitized",
        "traceparent": "00-aad11e591be75f45b728d02ce6b46a2f-9783c0d217137647-00",
        "User-Agent": "azsdk-net-ResourceManager/1.4.0 (.NET Framework 4.8.9139.0; Microsoft Windows 10.0.22621 )",
        "x-ms-client-request-id": "4e8c4339d39e69a13e3f9aaac823d04f",
        "x-ms-return-client-request-id": "true"
      },
      "RequestBody": null,
      "StatusCode": 200,
      "ResponseHeaders": {
        "Cache-Control": "no-cache",
        "Content-Length": "299",
        "Content-Type": "application/json; charset=utf-8",
        "Date": "Fri, 17 Mar 2023 01:12:14 GMT",
        "Expires": "-1",
        "Pragma": "no-cache",
        "Strict-Transport-Security": "max-age=31536000; includeSubDomains",
        "X-Cache": "CONFIG_NOCACHE",
        "X-Content-Type-Options": "nosniff",
        "x-ms-correlation-request-id": "410e2038-4d7b-4404-9157-e7554d21cf28",
        "x-ms-ratelimit-remaining-subscription-reads": "14928",
        "x-ms-request-id": "410e2038-4d7b-4404-9157-e7554d21cf28",
        "x-ms-routing-request-id": "CENTRALUS:20230317T011215Z:410e2038-4d7b-4404-9157-e7554d21cf28",
        "X-MSEdge-Ref": "Ref A: 32F570C0318D4A7A82860E514A25DBED Ref B: STBEDGE0615 Ref C: 2023-03-17T01:12:15Z"
      },
      "ResponseBody": {
        "id": "/subscriptions/ce1bff77-08c1-4199-b7a5-52194a42b6ce/resourceGroups/Communication-RG-4944/providers/Microsoft.Communication/CommunicationServices/communication-service-9830/providers/Microsoft.Resources/tags/default",
        "name": "default",
        "type": "Microsoft.Resources/tags",
        "properties": {
          "tags": {}
        }
      }
    },
    {
      "RequestUri": "https://api-dogfood.resources.windows-int.net/subscriptions/ce1bff77-08c1-4199-b7a5-52194a42b6ce/resourceGroups/Communication-RG-4944/providers/Microsoft.Communication/communicationServices/communication-service-9830/providers/Microsoft.Resources/tags/default?api-version=**",
      "RequestMethod": "PUT",
      "RequestHeaders": {
        "Accept": "application/json",
        "Authorization": "Sanitized",
        "Content-Length": "47",
        "Content-Type": "application/json",
        "traceparent": "00-aad11e591be75f45b728d02ce6b46a2f-a71ff1de9427c641-00",
        "User-Agent": "azsdk-net-ResourceManager/1.4.0 (.NET Framework 4.8.9139.0; Microsoft Windows 10.0.22621 )",
        "x-ms-client-request-id": "9a01cabc1105fefae9d9ef5ba45590d3",
        "x-ms-return-client-request-id": "true"
      },
      "RequestBody": {
        "properties": {
          "tags": {
            "testkey": "testvalue"
          }
        }
      },
      "StatusCode": 200,
      "ResponseHeaders": {
        "Cache-Control": "no-cache",
        "Content-Length": "320",
        "Content-Type": "application/json; charset=utf-8",
        "Date": "Fri, 17 Mar 2023 01:12:15 GMT",
        "Expires": "-1",
        "Pragma": "no-cache",
        "Strict-Transport-Security": "max-age=31536000; includeSubDomains",
        "X-Cache": "CONFIG_NOCACHE",
        "X-Content-Type-Options": "nosniff",
        "x-ms-correlation-request-id": "17720a52-9bdf-4fd4-9a97-3fc66c6108e3",
        "x-ms-ratelimit-remaining-subscription-writes": "1191",
        "x-ms-request-id": "17720a52-9bdf-4fd4-9a97-3fc66c6108e3",
        "x-ms-routing-request-id": "CENTRALUS:20230317T011216Z:17720a52-9bdf-4fd4-9a97-3fc66c6108e3",
        "X-MSEdge-Ref": "Ref A: 17255A66AEF146088F2FED3EB1B8015E Ref B: STBEDGE0615 Ref C: 2023-03-17T01:12:15Z"
      },
      "ResponseBody": {
        "id": "/subscriptions/ce1bff77-08c1-4199-b7a5-52194a42b6ce/resourceGroups/Communication-RG-4944/providers/Microsoft.Communication/CommunicationServices/communication-service-9830/providers/Microsoft.Resources/tags/default",
        "name": "default",
        "type": "Microsoft.Resources/tags",
        "properties": {
          "tags": {
            "testkey": "testvalue"
          }
        }
      }
    },
    {
      "RequestUri": "https://api-dogfood.resources.windows-int.net/subscriptions/ce1bff77-08c1-4199-b7a5-52194a42b6ce/resourceGroups/Communication-RG-4944/providers/Microsoft.Communication/communicationServices/communication-service-9830?api-version=2021-10-01-preview",
      "RequestMethod": "GET",
      "RequestHeaders": {
        "Accept": "application/json",
        "Authorization": "Sanitized",
        "traceparent": "00-aad11e591be75f45b728d02ce6b46a2f-d3087afdd9e62b4a-00",
        "User-Agent": "azsdk-net-ResourceManager.Communication/1.1.0-alpha.20230316.1 (.NET Framework 4.8.9139.0; Microsoft Windows 10.0.22621 )",
        "x-ms-client-request-id": "1ffcdf21449927b4498d65c4e446c4e8",
        "x-ms-return-client-request-id": "true"
      },
      "RequestBody": null,
      "StatusCode": 200,
      "ResponseHeaders": {
        "Cache-Control": "no-cache",
        "Content-Length": "806",
        "Content-Type": "application/json; charset=utf-8",
        "Date": "Fri, 17 Mar 2023 01:12:15 GMT",
        "ETag": "\u0022d500803f-0000-0700-0000-6413be700000\u0022",
        "Expires": "-1",
        "Pragma": "no-cache",
        "Strict-Transport-Security": "max-age=31536000; includeSubDomains",
        "X-Cache": "CONFIG_NOCACHE",
        "X-Content-Type-Options": "nosniff",
        "x-ms-client-request-id": "1ffcdf21449927b4498d65c4e446c4e8",
        "x-ms-correlation-request-id": "a1bfd6b4-2171-4f8d-89d5-b749569ef456",
        "x-ms-providerhub-traffic": "True",
        "x-ms-ratelimit-remaining-subscription-reads": "14927",
        "x-ms-request-id": "3e70b9a5-cbc2-496e-bb5a-77c582f6794d",
        "x-ms-routing-request-id": "CENTRALUS:20230317T011216Z:a1bfd6b4-2171-4f8d-89d5-b749569ef456",
        "X-MSEdge-Ref": "Ref A: 58A8DDE61D0D415696A8DA776A37B8D5 Ref B: STBEDGE0615 Ref C: 2023-03-17T01:12:16Z"
      },
      "ResponseBody": {
        "id": "/subscriptions/ce1bff77-08c1-4199-b7a5-52194a42b6ce/resourceGroups/Communication-RG-4944/providers/Microsoft.Communication/communicationServices/communication-service-9830",
        "name": "communication-service-9830",
        "type": "microsoft.communication/communicationservices",
        "location": "global",
        "tags": {
          "testkey": "testvalue"
        },
        "systemData": {
          "createdBy": "dd5e080b-9821-4976-9ab1-c95d8cc8eafa",
          "createdByType": "Application",
          "createdAt": "2023-03-17T01:11:06.6696778Z",
          "lastModifiedBy": "dd5e080b-9821-4976-9ab1-c95d8cc8eafa",
          "lastModifiedByType": "Application",
          "lastModifiedAt": "2023-03-17T01:12:15.7090042Z"
        },
        "properties": {
          "hostName": "communication-service-9830.int.communication.azure.net",
          "immutableResourceId": "57a954a0-b663-4285-a4f4-4464428845e3",
          "dataLocation": "UnitedStates",
          "provisioningState": "Succeeded"
        }
      }
    },
    {
      "RequestUri": "https://api-dogfood.resources.windows-int.net/subscriptions/ce1bff77-08c1-4199-b7a5-52194a42b6ce/resourceGroups/Communication-RG-4944/providers/Microsoft.Communication/communicationServices/communication-service-9830?api-version=2021-10-01-preview",
      "RequestMethod": "GET",
      "RequestHeaders": {
        "Accept": "application/json",
        "Authorization": "Sanitized",
        "traceparent": "00-955ed5119f950840be75e50e92f9770d-d77ef015966c1445-00",
        "User-Agent": "azsdk-net-ResourceManager.Communication/1.1.0-alpha.20230316.1 (.NET Framework 4.8.9139.0; Microsoft Windows 10.0.22621 )",
        "x-ms-client-request-id": "a5edc7af3bdb2843edb121e312cdb9a9",
        "x-ms-return-client-request-id": "true"
      },
      "RequestBody": null,
      "StatusCode": 200,
      "ResponseHeaders": {
        "Cache-Control": "no-cache",
        "Content-Length": "806",
        "Content-Type": "application/json; charset=utf-8",
        "Date": "Fri, 17 Mar 2023 01:12:16 GMT",
        "ETag": "\u0022d500803f-0000-0700-0000-6413be700000\u0022",
        "Expires": "-1",
        "Pragma": "no-cache",
        "Strict-Transport-Security": "max-age=31536000; includeSubDomains",
        "X-Cache": "CONFIG_NOCACHE",
        "X-Content-Type-Options": "nosniff",
        "x-ms-client-request-id": "a5edc7af3bdb2843edb121e312cdb9a9",
        "x-ms-correlation-request-id": "643dddca-7f80-47df-999b-4f08f01a82cc",
        "x-ms-providerhub-traffic": "True",
        "x-ms-ratelimit-remaining-subscription-reads": "14926",
        "x-ms-request-id": "492336b8-e5ba-485c-b2b2-5e1f3318f7ed",
        "x-ms-routing-request-id": "CENTRALUS:20230317T011216Z:643dddca-7f80-47df-999b-4f08f01a82cc",
        "X-MSEdge-Ref": "Ref A: 24C7A2553DF043BFB95EF28FF5F507E0 Ref B: STBEDGE0615 Ref C: 2023-03-17T01:12:16Z"
      },
      "ResponseBody": {
        "id": "/subscriptions/ce1bff77-08c1-4199-b7a5-52194a42b6ce/resourceGroups/Communication-RG-4944/providers/Microsoft.Communication/communicationServices/communication-service-9830",
        "name": "communication-service-9830",
        "type": "microsoft.communication/communicationservices",
        "location": "global",
        "tags": {
          "testkey": "testvalue"
        },
        "systemData": {
          "createdBy": "dd5e080b-9821-4976-9ab1-c95d8cc8eafa",
          "createdByType": "Application",
          "createdAt": "2023-03-17T01:11:06.6696778Z",
          "lastModifiedBy": "dd5e080b-9821-4976-9ab1-c95d8cc8eafa",
          "lastModifiedByType": "Application",
          "lastModifiedAt": "2023-03-17T01:12:15.7090042Z"
        },
        "properties": {
          "hostName": "communication-service-9830.int.communication.azure.net",
          "immutableResourceId": "57a954a0-b663-4285-a4f4-4464428845e3",
          "dataLocation": "UnitedStates",
          "provisioningState": "Succeeded"
        }
      }
    },
    {
      "RequestUri": "https://api-dogfood.resources.windows-int.net/subscriptions/ce1bff77-08c1-4199-b7a5-52194a42b6ce/resourceGroups/Communication-RG-4944/providers/Microsoft.Communication/communicationServices/communication-service-9830/providers/Microsoft.Resources/tags/default?api-version=**",
      "RequestMethod": "DELETE",
      "RequestHeaders": {
        "Accept": "application/json",
        "Authorization": "Sanitized",
        "traceparent": "00-aa0466551b3ede48a861409b8d274269-4cca89ed17e8374a-00",
        "User-Agent": "azsdk-net-ResourceManager/1.4.0 (.NET Framework 4.8.9139.0; Microsoft Windows 10.0.22621 )",
        "x-ms-client-request-id": "c439d49f705978396e204b7e2f186b32",
        "x-ms-return-client-request-id": "true"
      },
      "RequestBody": null,
      "StatusCode": 200,
      "ResponseHeaders": {
        "Cache-Control": "no-cache",
        "Content-Length": "0",
        "Date": "Fri, 17 Mar 2023 01:12:16 GMT",
        "Expires": "-1",
        "Pragma": "no-cache",
        "Strict-Transport-Security": "max-age=31536000; includeSubDomains",
        "X-Cache": "CONFIG_NOCACHE",
        "X-Content-Type-Options": "nosniff",
        "x-ms-correlation-request-id": "91203712-5dc9-452b-8f80-024ef43e1a64",
        "x-ms-ratelimit-remaining-subscription-deletes": "14996",
        "x-ms-request-id": "91203712-5dc9-452b-8f80-024ef43e1a64",
        "x-ms-routing-request-id": "CENTRALUS:20230317T011217Z:91203712-5dc9-452b-8f80-024ef43e1a64",
        "X-MSEdge-Ref": "Ref A: 6AB1680B1F3B4F14ABBDD96BAE2DC7AF Ref B: STBEDGE0615 Ref C: 2023-03-17T01:12:16Z"
      },
      "ResponseBody": null
    },
    {
      "RequestUri": "https://api-dogfood.resources.windows-int.net/subscriptions/ce1bff77-08c1-4199-b7a5-52194a42b6ce/resourceGroups/Communication-RG-4944/providers/Microsoft.Communication/communicationServices/communication-service-9830/providers/Microsoft.Resources/tags/default?api-version=**",
      "RequestMethod": "GET",
      "RequestHeaders": {
        "Accept": "application/json",
        "Authorization": "Sanitized",
        "traceparent": "00-aa0466551b3ede48a861409b8d274269-9573c783a851e54c-00",
        "User-Agent": "azsdk-net-ResourceManager/1.4.0 (.NET Framework 4.8.9139.0; Microsoft Windows 10.0.22621 )",
        "x-ms-client-request-id": "0f24bbd4ff0c3e8f8d7437baf0c5f9d5",
        "x-ms-return-client-request-id": "true"
      },
      "RequestBody": null,
      "StatusCode": 200,
      "ResponseHeaders": {
        "Cache-Control": "no-cache",
        "Content-Length": "299",
        "Content-Type": "application/json; charset=utf-8",
        "Date": "Fri, 17 Mar 2023 01:12:17 GMT",
        "Expires": "-1",
        "Pragma": "no-cache",
        "Strict-Transport-Security": "max-age=31536000; includeSubDomains",
        "X-Cache": "CONFIG_NOCACHE",
        "X-Content-Type-Options": "nosniff",
        "x-ms-correlation-request-id": "f2705f27-c47f-48e7-9a7b-e7f52dbbbd32",
        "x-ms-ratelimit-remaining-subscription-reads": "14925",
        "x-ms-request-id": "f2705f27-c47f-48e7-9a7b-e7f52dbbbd32",
        "x-ms-routing-request-id": "CENTRALUS:20230317T011217Z:f2705f27-c47f-48e7-9a7b-e7f52dbbbd32",
        "X-MSEdge-Ref": "Ref A: 79BC7113709E44A4ABD2BEFA68ABDE9E Ref B: STBEDGE0615 Ref C: 2023-03-17T01:12:17Z"
      },
      "ResponseBody": {
        "id": "/subscriptions/ce1bff77-08c1-4199-b7a5-52194a42b6ce/resourceGroups/Communication-RG-4944/providers/Microsoft.Communication/CommunicationServices/communication-service-9830/providers/Microsoft.Resources/tags/default",
        "name": "default",
        "type": "Microsoft.Resources/tags",
        "properties": {
          "tags": {}
        }
      }
    },
    {
      "RequestUri": "https://api-dogfood.resources.windows-int.net/subscriptions/ce1bff77-08c1-4199-b7a5-52194a42b6ce/resourceGroups/Communication-RG-4944/providers/Microsoft.Communication/communicationServices/communication-service-9830/providers/Microsoft.Resources/tags/default?api-version=**",
      "RequestMethod": "PUT",
      "RequestHeaders": {
        "Accept": "application/json",
        "Authorization": "Sanitized",
        "Content-Length": "53",
        "Content-Type": "application/json",
        "traceparent": "00-aa0466551b3ede48a861409b8d274269-19e0b48b7e27b34e-00",
        "User-Agent": "azsdk-net-ResourceManager/1.4.0 (.NET Framework 4.8.9139.0; Microsoft Windows 10.0.22621 )",
        "x-ms-client-request-id": "fb85ef453c500b57945428853e51559d",
        "x-ms-return-client-request-id": "true"
      },
      "RequestBody": {
        "properties": {
          "tags": {
            "newtestkey": "newtestvalue"
          }
        }
      },
      "StatusCode": 200,
      "ResponseHeaders": {
        "Cache-Control": "no-cache",
        "Content-Length": "326",
        "Content-Type": "application/json; charset=utf-8",
        "Date": "Fri, 17 Mar 2023 01:12:17 GMT",
        "Expires": "-1",
        "Pragma": "no-cache",
        "Strict-Transport-Security": "max-age=31536000; includeSubDomains",
        "X-Cache": "CONFIG_NOCACHE",
        "X-Content-Type-Options": "nosniff",
        "x-ms-correlation-request-id": "98ac86e5-f19b-4cba-ba27-07787f0fd158",
        "x-ms-ratelimit-remaining-subscription-writes": "1190",
        "x-ms-request-id": "98ac86e5-f19b-4cba-ba27-07787f0fd158",
        "x-ms-routing-request-id": "CENTRALUS:20230317T011218Z:98ac86e5-f19b-4cba-ba27-07787f0fd158",
        "X-MSEdge-Ref": "Ref A: 5DB46C38E08D4193B43A7F52B4771D97 Ref B: STBEDGE0615 Ref C: 2023-03-17T01:12:17Z"
      },
      "ResponseBody": {
        "id": "/subscriptions/ce1bff77-08c1-4199-b7a5-52194a42b6ce/resourceGroups/Communication-RG-4944/providers/Microsoft.Communication/CommunicationServices/communication-service-9830/providers/Microsoft.Resources/tags/default",
        "name": "default",
        "type": "Microsoft.Resources/tags",
        "properties": {
          "tags": {
            "newtestkey": "newtestvalue"
          }
        }
      }
    },
    {
      "RequestUri": "https://api-dogfood.resources.windows-int.net/subscriptions/ce1bff77-08c1-4199-b7a5-52194a42b6ce/resourceGroups/Communication-RG-4944/providers/Microsoft.Communication/communicationServices/communication-service-9830?api-version=2021-10-01-preview",
      "RequestMethod": "GET",
      "RequestHeaders": {
        "Accept": "application/json",
        "Authorization": "Sanitized",
        "traceparent": "00-aa0466551b3ede48a861409b8d274269-0e226c65ffc0e14a-00",
        "User-Agent": "azsdk-net-ResourceManager.Communication/1.1.0-alpha.20230316.1 (.NET Framework 4.8.9139.0; Microsoft Windows 10.0.22621 )",
        "x-ms-client-request-id": "34a25cda1a4b972b64197ab8d709ff3b",
        "x-ms-return-client-request-id": "true"
      },
      "RequestBody": null,
      "StatusCode": 200,
      "ResponseHeaders": {
        "Cache-Control": "no-cache",
        "Content-Length": "811",
        "Content-Type": "application/json; charset=utf-8",
        "Date": "Fri, 17 Mar 2023 01:12:17 GMT",
        "ETag": "\u0022d500b13f-0000-0700-0000-6413be720000\u0022",
        "Expires": "-1",
        "Pragma": "no-cache",
        "Strict-Transport-Security": "max-age=31536000; includeSubDomains",
        "X-Cache": "CONFIG_NOCACHE",
        "X-Content-Type-Options": "nosniff",
        "x-ms-client-request-id": "34a25cda1a4b972b64197ab8d709ff3b",
        "x-ms-correlation-request-id": "c0c3995c-08e9-4cd6-b51d-0e02e199c0b5",
        "x-ms-providerhub-traffic": "True",
        "x-ms-ratelimit-remaining-subscription-reads": "14924",
        "x-ms-request-id": "a5da8fd4-37af-44f4-905c-b74121dc62a3",
        "x-ms-routing-request-id": "CENTRALUS:20230317T011218Z:c0c3995c-08e9-4cd6-b51d-0e02e199c0b5",
        "X-MSEdge-Ref": "Ref A: 1F7208C28D174669B42765BCFD95C8DD Ref B: STBEDGE0615 Ref C: 2023-03-17T01:12:18Z"
      },
      "ResponseBody": {
        "id": "/subscriptions/ce1bff77-08c1-4199-b7a5-52194a42b6ce/resourceGroups/Communication-RG-4944/providers/Microsoft.Communication/communicationServices/communication-service-9830",
        "name": "communication-service-9830",
        "type": "microsoft.communication/communicationservices",
        "location": "global",
        "tags": {
          "newtestkey": "newtestvalue"
        },
        "systemData": {
          "createdBy": "dd5e080b-9821-4976-9ab1-c95d8cc8eafa",
          "createdByType": "Application",
          "createdAt": "2023-03-17T01:11:06.6696778Z",
          "lastModifiedBy": "dd5e080b-9821-4976-9ab1-c95d8cc8eafa",
          "lastModifiedByType": "Application",
          "lastModifiedAt": "2023-03-17T01:12:17.818419Z"
        },
        "properties": {
          "hostName": "communication-service-9830.int.communication.azure.net",
          "immutableResourceId": "57a954a0-b663-4285-a4f4-4464428845e3",
          "dataLocation": "UnitedStates",
          "provisioningState": "Succeeded"
        }
      }
    },
    {
      "RequestUri": "https://api-dogfood.resources.windows-int.net/subscriptions/ce1bff77-08c1-4199-b7a5-52194a42b6ce/resourceGroups/Communication-RG-4944/providers/Microsoft.Communication/communicationServices/communication-service-9830?api-version=2021-10-01-preview",
      "RequestMethod": "GET",
      "RequestHeaders": {
        "Accept": "application/json",
        "Authorization": "Sanitized",
        "traceparent": "00-7ab8d3edab03fe4aac557988108be6b1-93a5c403a9240041-00",
        "User-Agent": "azsdk-net-ResourceManager.Communication/1.1.0-alpha.20230316.1 (.NET Framework 4.8.9139.0; Microsoft Windows 10.0.22621 )",
        "x-ms-client-request-id": "20ae991f851be9e2c82872114d79ad0f",
        "x-ms-return-client-request-id": "true"
      },
      "RequestBody": null,
      "StatusCode": 200,
      "ResponseHeaders": {
        "Cache-Control": "no-cache",
        "Content-Length": "811",
        "Content-Type": "application/json; charset=utf-8",
        "Date": "Fri, 17 Mar 2023 01:12:18 GMT",
        "ETag": "\u0022d500b13f-0000-0700-0000-6413be720000\u0022",
        "Expires": "-1",
        "Pragma": "no-cache",
        "Strict-Transport-Security": "max-age=31536000; includeSubDomains",
        "X-Cache": "CONFIG_NOCACHE",
        "X-Content-Type-Options": "nosniff",
        "x-ms-client-request-id": "20ae991f851be9e2c82872114d79ad0f",
        "x-ms-correlation-request-id": "5cef2ee0-e8ea-4c9a-bddf-0b8aab5df458",
        "x-ms-providerhub-traffic": "True",
        "x-ms-ratelimit-remaining-subscription-reads": "14923",
        "x-ms-request-id": "78aaaeb2-00e0-4c1d-be9a-9473062917df",
        "x-ms-routing-request-id": "CENTRALUS:20230317T011218Z:5cef2ee0-e8ea-4c9a-bddf-0b8aab5df458",
        "X-MSEdge-Ref": "Ref A: 76BE5FC76C6C4B8DAD98B3A55B987DEC Ref B: STBEDGE0615 Ref C: 2023-03-17T01:12:18Z"
      },
      "ResponseBody": {
        "id": "/subscriptions/ce1bff77-08c1-4199-b7a5-52194a42b6ce/resourceGroups/Communication-RG-4944/providers/Microsoft.Communication/communicationServices/communication-service-9830",
        "name": "communication-service-9830",
        "type": "microsoft.communication/communicationservices",
        "location": "global",
        "tags": {
          "newtestkey": "newtestvalue"
        },
        "systemData": {
          "createdBy": "dd5e080b-9821-4976-9ab1-c95d8cc8eafa",
          "createdByType": "Application",
          "createdAt": "2023-03-17T01:11:06.6696778Z",
          "lastModifiedBy": "dd5e080b-9821-4976-9ab1-c95d8cc8eafa",
          "lastModifiedByType": "Application",
          "lastModifiedAt": "2023-03-17T01:12:17.818419Z"
        },
        "properties": {
          "hostName": "communication-service-9830.int.communication.azure.net",
          "immutableResourceId": "57a954a0-b663-4285-a4f4-4464428845e3",
          "dataLocation": "UnitedStates",
          "provisioningState": "Succeeded"
        }
      }
    },
    {
      "RequestUri": "https://api-dogfood.resources.windows-int.net/subscriptions/ce1bff77-08c1-4199-b7a5-52194a42b6ce/resourceGroups/Communication-RG-4944/providers/Microsoft.Communication/communicationServices?api-version=2021-10-01-preview",
      "RequestMethod": "GET",
      "RequestHeaders": {
        "Accept": "application/json",
        "Authorization": "Sanitized",
        "traceparent": "00-d0d143e29275ea4ba50f93bc2e7e2bdb-7711bcca80f12e4e-00",
        "User-Agent": "azsdk-net-ResourceManager.Communication/1.1.0-alpha.20230316.1 (.NET Framework 4.8.9139.0; Microsoft Windows 10.0.22621 )",
        "x-ms-client-request-id": "e2ab505e21aff152a4120fd9e16e857e",
        "x-ms-return-client-request-id": "true"
      },
      "RequestBody": null,
      "StatusCode": 200,
      "ResponseHeaders": {
        "Cache-Control": "no-cache",
        "Content-Length": "823",
        "Content-Type": "application/json; charset=utf-8",
        "Date": "Fri, 17 Mar 2023 01:12:18 GMT",
        "Expires": "-1",
        "Pragma": "no-cache",
        "Strict-Transport-Security": "max-age=31536000; includeSubDomains",
        "X-Cache": "CONFIG_NOCACHE",
        "X-Content-Type-Options": "nosniff",
        "x-ms-client-request-id": "e2ab505e21aff152a4120fd9e16e857e",
        "x-ms-correlation-request-id": "58145285-d978-4f0a-9b39-70ce6685f734",
        "x-ms-providerhub-traffic": "True",
        "x-ms-ratelimit-remaining-subscription-reads": "14922",
        "x-ms-request-id": "647ad2c6-7e84-4c5f-9949-6a0b98652d0a",
        "x-ms-routing-request-id": "CENTRALUS:20230317T011218Z:58145285-d978-4f0a-9b39-70ce6685f734",
        "X-MSEdge-Ref": "Ref A: FEE650AF86254BE3A4A7A942E82F5908 Ref B: STBEDGE0615 Ref C: 2023-03-17T01:12:18Z"
      },
      "ResponseBody": {
        "value": [
          {
            "id": "/subscriptions/ce1bff77-08c1-4199-b7a5-52194a42b6ce/resourceGroups/Communication-RG-4944/providers/Microsoft.Communication/communicationServices/communication-service-9830",
            "name": "communication-service-9830",
            "type": "microsoft.communication/communicationservices",
            "location": "global",
            "tags": {
              "newtestkey": "newtestvalue"
            },
            "systemData": {
              "createdBy": "dd5e080b-9821-4976-9ab1-c95d8cc8eafa",
              "createdByType": "Application",
              "createdAt": "2023-03-17T01:11:06.6696778Z",
              "lastModifiedBy": "dd5e080b-9821-4976-9ab1-c95d8cc8eafa",
              "lastModifiedByType": "Application",
              "lastModifiedAt": "2023-03-17T01:12:17.818419Z"
            },
            "properties": {
              "hostName": "communication-service-9830.int.communication.azure.net",
              "immutableResourceId": "57a954a0-b663-4285-a4f4-4464428845e3",
              "dataLocation": "UnitedStates",
              "provisioningState": "Succeeded"
            }
          }
        ]
      }
    },
    {
      "RequestUri": "https://api-dogfood.resources.windows-int.net/subscriptions/ce1bff77-08c1-4199-b7a5-52194a42b6ce/resourceGroups/Communication-RG-4944/providers/Microsoft.Communication/communicationServices/communication-service-9830?api-version=2021-10-01-preview",
      "RequestMethod": "DELETE",
      "RequestHeaders": {
        "Accept": "application/json",
        "Authorization": "Sanitized",
        "traceparent": "00-ffddf6ac25c50a478d2ba63001484ab5-7a109d128a9e514d-00",
        "User-Agent": "azsdk-net-ResourceManager.Communication/1.1.0-alpha.20230316.1 (.NET Framework 4.8.9139.0; Microsoft Windows 10.0.22621 )",
        "x-ms-client-request-id": "c3bdb43fd5d754bc7ab86b22a71a4aea",
        "x-ms-return-client-request-id": "true"
      },
      "RequestBody": null,
      "StatusCode": 202,
      "ResponseHeaders": {
        "Azure-AsyncNotification": "Enabled",
        "Azure-AsyncOperation": "https://api-dogfood.resources.windows-int.net/subscriptions/ce1bff77-08c1-4199-b7a5-52194a42b6ce/providers/Microsoft.Communication/locations/CENTRALUS/operationStatuses/979dfbb6-b5fc-453d-be9a-d4a1189f3cf7*C24DC339B9DE14C822ABE1E514A26FB2D78E3C6288039FB72819AC1F9490D850?api-version=2021-10-01-preview",
        "Cache-Control": "no-cache",
        "Content-Length": "4",
        "Content-Type": "application/json; charset=utf-8",
        "Date": "Fri, 17 Mar 2023 01:12:18 GMT",
        "ETag": "\u0022d500cc3f-0000-0700-0000-6413be730000\u0022",
        "Expires": "-1",
        "Location": "https://api-dogfood.resources.windows-int.net/subscriptions/ce1bff77-08c1-4199-b7a5-52194a42b6ce/providers/Microsoft.Communication/locations/CENTRALUS/operationStatuses/979dfbb6-b5fc-453d-be9a-d4a1189f3cf7*C24DC339B9DE14C822ABE1E514A26FB2D78E3C6288039FB72819AC1F9490D850?api-version=2021-10-01-preview",
        "Pragma": "no-cache",
        "Strict-Transport-Security": "max-age=31536000; includeSubDomains",
        "X-Cache": "CONFIG_NOCACHE",
        "X-Content-Type-Options": "nosniff",
        "x-ms-client-request-id": "c3bdb43fd5d754bc7ab86b22a71a4aea",
        "x-ms-correlation-request-id": "89a4a73b-04a9-4a8d-822d-3eca2f3e68ce",
        "x-ms-providerhub-traffic": "True",
        "x-ms-ratelimit-remaining-subscription-deletes": "14995",
        "x-ms-request-id": "979dfbb6-b5fc-453d-be9a-d4a1189f3cf7",
        "x-ms-resource-provider-hint": "noPolling",
        "x-ms-routing-request-id": "CENTRALUS:20230317T011219Z:89a4a73b-04a9-4a8d-822d-3eca2f3e68ce",
        "X-MSEdge-Ref": "Ref A: 8FBD9909367C490B8AE11BFC95EC5186 Ref B: STBEDGE0615 Ref C: 2023-03-17T01:12:18Z"
      },
      "ResponseBody": "null"
    },
    {
      "RequestUri": "https://api-dogfood.resources.windows-int.net/subscriptions/ce1bff77-08c1-4199-b7a5-52194a42b6ce/providers/Microsoft.Communication/locations/CENTRALUS/operationStatuses/979dfbb6-b5fc-453d-be9a-d4a1189f3cf7*C24DC339B9DE14C822ABE1E514A26FB2D78E3C6288039FB72819AC1F9490D850?api-version=2021-10-01-preview",
      "RequestMethod": "GET",
      "RequestHeaders": {
        "Authorization": "Sanitized",
        "traceparent": "00-ffddf6ac25c50a478d2ba63001484ab5-7b7c9c27c894b745-00",
        "User-Agent": "azsdk-net-ResourceManager/1.4.0 (.NET Framework 4.8.9139.0; Microsoft Windows 10.0.22621 )",
        "x-ms-client-request-id": "98d2f4a2eabc8938945768f7b6304a8a",
        "x-ms-return-client-request-id": "true"
      },
      "RequestBody": null,
      "StatusCode": 202,
      "ResponseHeaders": {
        "Cache-Control": "no-cache",
        "Content-Length": "595",
        "Content-Type": "application/json; charset=utf-8",
        "Date": "Fri, 17 Mar 2023 01:12:19 GMT",
        "ETag": "\u0022e500f6c5-0000-0700-0000-6413be730000\u0022",
        "Expires": "-1",
        "Pragma": "no-cache",
        "Strict-Transport-Security": "max-age=31536000; includeSubDomains",
        "X-Cache": "CONFIG_NOCACHE",
        "X-Content-Type-Options": "nosniff",
        "x-ms-client-request-id": "98d2f4a2eabc8938945768f7b6304a8a",
        "x-ms-correlation-request-id": "5ad4f45d-bd6a-4179-8650-fed036b55ff2",
        "x-ms-ratelimit-remaining-subscription-reads": "14921",
        "x-ms-request-id": "406f0096-af25-42e8-a8d6-e2952be19f86",
        "x-ms-routing-request-id": "CENTRALUS:20230317T011219Z:5ad4f45d-bd6a-4179-8650-fed036b55ff2",
        "X-MSEdge-Ref": "Ref A: 079F21182AC144C88225BEF9184DCE54 Ref B: STBEDGE0615 Ref C: 2023-03-17T01:12:19Z"
      },
      "ResponseBody": {
        "id": "/subscriptions/ce1bff77-08c1-4199-b7a5-52194a42b6ce/providers/Microsoft.Communication/locations/CENTRALUS/operationStatuses/979dfbb6-b5fc-453d-be9a-d4a1189f3cf7*C24DC339B9DE14C822ABE1E514A26FB2D78E3C6288039FB72819AC1F9490D850",
        "name": "979dfbb6-b5fc-453d-be9a-d4a1189f3cf7*C24DC339B9DE14C822ABE1E514A26FB2D78E3C6288039FB72819AC1F9490D850",
        "resourceId": "/subscriptions/ce1bff77-08c1-4199-b7a5-52194a42b6ce/resourceGroups/Communication-RG-4944/providers/Microsoft.Communication/communicationServices/communication-service-9830",
        "status": "Deleting",
        "startTime": "2023-03-17T01:12:19.2615957Z"
      }
    },
    {
      "RequestUri": "https://api-dogfood.resources.windows-int.net/subscriptions/ce1bff77-08c1-4199-b7a5-52194a42b6ce/providers/Microsoft.Communication/locations/CENTRALUS/operationStatuses/979dfbb6-b5fc-453d-be9a-d4a1189f3cf7*C24DC339B9DE14C822ABE1E514A26FB2D78E3C6288039FB72819AC1F9490D850?api-version=2021-10-01-preview",
      "RequestMethod": "GET",
      "RequestHeaders": {
        "Authorization": "Sanitized",
        "traceparent": "00-ffddf6ac25c50a478d2ba63001484ab5-e6dae0822c476648-00",
        "User-Agent": "azsdk-net-ResourceManager/1.4.0 (.NET Framework 4.8.9139.0; Microsoft Windows 10.0.22621 )",
        "x-ms-client-request-id": "756d25c8ff14212128bf7c1a58b3dd71",
        "x-ms-return-client-request-id": "true"
      },
      "RequestBody": null,
      "StatusCode": 202,
      "ResponseHeaders": {
        "Cache-Control": "no-cache",
        "Content-Length": "595",
        "Content-Type": "application/json; charset=utf-8",
        "Date": "Fri, 17 Mar 2023 01:12:20 GMT",
        "ETag": "\u0022e500f6c5-0000-0700-0000-6413be730000\u0022",
        "Expires": "-1",
        "Pragma": "no-cache",
        "Strict-Transport-Security": "max-age=31536000; includeSubDomains",
        "X-Cache": "CONFIG_NOCACHE",
        "X-Content-Type-Options": "nosniff",
        "x-ms-client-request-id": "756d25c8ff14212128bf7c1a58b3dd71",
        "x-ms-correlation-request-id": "f5491a05-0252-4fac-a220-1ea1c68af84e",
        "x-ms-ratelimit-remaining-subscription-reads": "14920",
        "x-ms-request-id": "8820f242-37ab-4b5d-899c-878749ac6110",
        "x-ms-routing-request-id": "CENTRALUS:20230317T011221Z:f5491a05-0252-4fac-a220-1ea1c68af84e",
        "X-MSEdge-Ref": "Ref A: 20EF8A2E05F64EAC885932F3DEEBBFD5 Ref B: STBEDGE0615 Ref C: 2023-03-17T01:12:20Z"
      },
      "ResponseBody": {
        "id": "/subscriptions/ce1bff77-08c1-4199-b7a5-52194a42b6ce/providers/Microsoft.Communication/locations/CENTRALUS/operationStatuses/979dfbb6-b5fc-453d-be9a-d4a1189f3cf7*C24DC339B9DE14C822ABE1E514A26FB2D78E3C6288039FB72819AC1F9490D850",
        "name": "979dfbb6-b5fc-453d-be9a-d4a1189f3cf7*C24DC339B9DE14C822ABE1E514A26FB2D78E3C6288039FB72819AC1F9490D850",
        "resourceId": "/subscriptions/ce1bff77-08c1-4199-b7a5-52194a42b6ce/resourceGroups/Communication-RG-4944/providers/Microsoft.Communication/communicationServices/communication-service-9830",
        "status": "Deleting",
        "startTime": "2023-03-17T01:12:19.2615957Z"
      }
    },
    {
      "RequestUri": "https://api-dogfood.resources.windows-int.net/subscriptions/ce1bff77-08c1-4199-b7a5-52194a42b6ce/providers/Microsoft.Communication/locations/CENTRALUS/operationStatuses/979dfbb6-b5fc-453d-be9a-d4a1189f3cf7*C24DC339B9DE14C822ABE1E514A26FB2D78E3C6288039FB72819AC1F9490D850?api-version=2021-10-01-preview",
      "RequestMethod": "GET",
      "RequestHeaders": {
        "Authorization": "Sanitized",
        "traceparent": "00-ffddf6ac25c50a478d2ba63001484ab5-150eb40e7bb28340-00",
        "User-Agent": "azsdk-net-ResourceManager/1.4.0 (.NET Framework 4.8.9139.0; Microsoft Windows 10.0.22621 )",
        "x-ms-client-request-id": "b27f10afb147812d33d0f206b5944816",
        "x-ms-return-client-request-id": "true"
      },
      "RequestBody": null,
      "StatusCode": 202,
      "ResponseHeaders": {
        "Cache-Control": "no-cache",
        "Content-Length": "595",
        "Content-Type": "application/json; charset=utf-8",
        "Date": "Fri, 17 Mar 2023 01:12:21 GMT",
        "ETag": "\u0022e500f6c5-0000-0700-0000-6413be730000\u0022",
        "Expires": "-1",
        "Pragma": "no-cache",
        "Strict-Transport-Security": "max-age=31536000; includeSubDomains",
        "X-Cache": "CONFIG_NOCACHE",
        "X-Content-Type-Options": "nosniff",
        "x-ms-client-request-id": "b27f10afb147812d33d0f206b5944816",
        "x-ms-correlation-request-id": "65f5a0d7-4ff6-4bd5-869e-04a21bf6a056",
        "x-ms-ratelimit-remaining-subscription-reads": "14919",
        "x-ms-request-id": "4ea5257d-004a-4e68-9587-649dbad62427",
        "x-ms-routing-request-id": "CENTRALUS:20230317T011222Z:65f5a0d7-4ff6-4bd5-869e-04a21bf6a056",
        "X-MSEdge-Ref": "Ref A: A6058F8B50C742CD9177AE03AC1B87D3 Ref B: STBEDGE0615 Ref C: 2023-03-17T01:12:22Z"
      },
      "ResponseBody": {
        "id": "/subscriptions/ce1bff77-08c1-4199-b7a5-52194a42b6ce/providers/Microsoft.Communication/locations/CENTRALUS/operationStatuses/979dfbb6-b5fc-453d-be9a-d4a1189f3cf7*C24DC339B9DE14C822ABE1E514A26FB2D78E3C6288039FB72819AC1F9490D850",
        "name": "979dfbb6-b5fc-453d-be9a-d4a1189f3cf7*C24DC339B9DE14C822ABE1E514A26FB2D78E3C6288039FB72819AC1F9490D850",
        "resourceId": "/subscriptions/ce1bff77-08c1-4199-b7a5-52194a42b6ce/resourceGroups/Communication-RG-4944/providers/Microsoft.Communication/communicationServices/communication-service-9830",
        "status": "Deleting",
        "startTime": "2023-03-17T01:12:19.2615957Z"
      }
    },
    {
      "RequestUri": "https://api-dogfood.resources.windows-int.net/subscriptions/ce1bff77-08c1-4199-b7a5-52194a42b6ce/providers/Microsoft.Communication/locations/CENTRALUS/operationStatuses/979dfbb6-b5fc-453d-be9a-d4a1189f3cf7*C24DC339B9DE14C822ABE1E514A26FB2D78E3C6288039FB72819AC1F9490D850?api-version=2021-10-01-preview",
      "RequestMethod": "GET",
      "RequestHeaders": {
        "Authorization": "Sanitized",
        "traceparent": "00-ffddf6ac25c50a478d2ba63001484ab5-9e4a0b1a04128b46-00",
        "User-Agent": "azsdk-net-ResourceManager/1.4.0 (.NET Framework 4.8.9139.0; Microsoft Windows 10.0.22621 )",
        "x-ms-client-request-id": "503ff272929ba346d3b070fd6d1d30e0",
        "x-ms-return-client-request-id": "true"
      },
      "RequestBody": null,
      "StatusCode": 202,
      "ResponseHeaders": {
        "Cache-Control": "no-cache",
        "Content-Length": "595",
        "Content-Type": "application/json; charset=utf-8",
        "Date": "Fri, 17 Mar 2023 01:12:22 GMT",
        "ETag": "\u0022e500f6c5-0000-0700-0000-6413be730000\u0022",
        "Expires": "-1",
        "Pragma": "no-cache",
        "Strict-Transport-Security": "max-age=31536000; includeSubDomains",
        "X-Cache": "CONFIG_NOCACHE",
        "X-Content-Type-Options": "nosniff",
        "x-ms-client-request-id": "503ff272929ba346d3b070fd6d1d30e0",
        "x-ms-correlation-request-id": "18301e3d-128b-4bdc-93a5-c345f0ae7873",
        "x-ms-ratelimit-remaining-subscription-reads": "14918",
        "x-ms-request-id": "6f01b0ec-22a5-44cb-9dcb-d5d1467152ea",
        "x-ms-routing-request-id": "CENTRALUS:20230317T011223Z:18301e3d-128b-4bdc-93a5-c345f0ae7873",
        "X-MSEdge-Ref": "Ref A: 4CA8F6C2662B4205B2CFEEAA6AD83916 Ref B: STBEDGE0615 Ref C: 2023-03-17T01:12:23Z"
      },
      "ResponseBody": {
        "id": "/subscriptions/ce1bff77-08c1-4199-b7a5-52194a42b6ce/providers/Microsoft.Communication/locations/CENTRALUS/operationStatuses/979dfbb6-b5fc-453d-be9a-d4a1189f3cf7*C24DC339B9DE14C822ABE1E514A26FB2D78E3C6288039FB72819AC1F9490D850",
        "name": "979dfbb6-b5fc-453d-be9a-d4a1189f3cf7*C24DC339B9DE14C822ABE1E514A26FB2D78E3C6288039FB72819AC1F9490D850",
        "resourceId": "/subscriptions/ce1bff77-08c1-4199-b7a5-52194a42b6ce/resourceGroups/Communication-RG-4944/providers/Microsoft.Communication/communicationServices/communication-service-9830",
        "status": "Deleting",
        "startTime": "2023-03-17T01:12:19.2615957Z"
      }
    },
    {
      "RequestUri": "https://api-dogfood.resources.windows-int.net/subscriptions/ce1bff77-08c1-4199-b7a5-52194a42b6ce/providers/Microsoft.Communication/locations/CENTRALUS/operationStatuses/979dfbb6-b5fc-453d-be9a-d4a1189f3cf7*C24DC339B9DE14C822ABE1E514A26FB2D78E3C6288039FB72819AC1F9490D850?api-version=2021-10-01-preview",
      "RequestMethod": "GET",
      "RequestHeaders": {
        "Authorization": "Sanitized",
        "traceparent": "00-ffddf6ac25c50a478d2ba63001484ab5-6b8034577d9e404f-00",
        "User-Agent": "azsdk-net-ResourceManager/1.4.0 (.NET Framework 4.8.9139.0; Microsoft Windows 10.0.22621 )",
        "x-ms-client-request-id": "a547f67997b01742f7ec42440c1b6c93",
        "x-ms-return-client-request-id": "true"
      },
      "RequestBody": null,
      "StatusCode": 202,
      "ResponseHeaders": {
        "Cache-Control": "no-cache",
        "Content-Length": "595",
        "Content-Type": "application/json; charset=utf-8",
        "Date": "Fri, 17 Mar 2023 01:12:25 GMT",
        "ETag": "\u0022e500f6c5-0000-0700-0000-6413be730000\u0022",
        "Expires": "-1",
        "Pragma": "no-cache",
        "Strict-Transport-Security": "max-age=31536000; includeSubDomains",
        "X-Cache": "CONFIG_NOCACHE",
        "X-Content-Type-Options": "nosniff",
        "x-ms-client-request-id": "a547f67997b01742f7ec42440c1b6c93",
        "x-ms-correlation-request-id": "582103d6-c00d-43ec-9dbe-fca4e20c8c3c",
        "x-ms-ratelimit-remaining-subscription-reads": "14973",
        "x-ms-request-id": "60664092-72ec-4528-b958-052bc107349c",
        "x-ms-routing-request-id": "CENTRALUS:20230317T011225Z:582103d6-c00d-43ec-9dbe-fca4e20c8c3c",
        "X-MSEdge-Ref": "Ref A: 8897F7C858A04709A6871568A5332083 Ref B: STBEDGE0615 Ref C: 2023-03-17T01:12:25Z"
      },
      "ResponseBody": {
        "id": "/subscriptions/ce1bff77-08c1-4199-b7a5-52194a42b6ce/providers/Microsoft.Communication/locations/CENTRALUS/operationStatuses/979dfbb6-b5fc-453d-be9a-d4a1189f3cf7*C24DC339B9DE14C822ABE1E514A26FB2D78E3C6288039FB72819AC1F9490D850",
        "name": "979dfbb6-b5fc-453d-be9a-d4a1189f3cf7*C24DC339B9DE14C822ABE1E514A26FB2D78E3C6288039FB72819AC1F9490D850",
        "resourceId": "/subscriptions/ce1bff77-08c1-4199-b7a5-52194a42b6ce/resourceGroups/Communication-RG-4944/providers/Microsoft.Communication/communicationServices/communication-service-9830",
        "status": "Deleting",
        "startTime": "2023-03-17T01:12:19.2615957Z"
      }
    },
    {
      "RequestUri": "https://api-dogfood.resources.windows-int.net/subscriptions/ce1bff77-08c1-4199-b7a5-52194a42b6ce/providers/Microsoft.Communication/locations/CENTRALUS/operationStatuses/979dfbb6-b5fc-453d-be9a-d4a1189f3cf7*C24DC339B9DE14C822ABE1E514A26FB2D78E3C6288039FB72819AC1F9490D850?api-version=2021-10-01-preview",
      "RequestMethod": "GET",
      "RequestHeaders": {
        "Authorization": "Sanitized",
        "traceparent": "00-ffddf6ac25c50a478d2ba63001484ab5-4af5c6475352fb4a-00",
        "User-Agent": "azsdk-net-ResourceManager/1.4.0 (.NET Framework 4.8.9139.0; Microsoft Windows 10.0.22621 )",
        "x-ms-client-request-id": "66a766768d731cd5cadcdf9640301315",
        "x-ms-return-client-request-id": "true"
      },
      "RequestBody": null,
      "StatusCode": 202,
      "ResponseHeaders": {
        "Cache-Control": "no-cache",
        "Content-Length": "595",
        "Content-Type": "application/json; charset=utf-8",
        "Date": "Fri, 17 Mar 2023 01:12:29 GMT",
        "ETag": "\u0022e500f6c5-0000-0700-0000-6413be730000\u0022",
        "Expires": "-1",
        "Pragma": "no-cache",
        "Strict-Transport-Security": "max-age=31536000; includeSubDomains",
        "X-Cache": "CONFIG_NOCACHE",
        "X-Content-Type-Options": "nosniff",
        "x-ms-client-request-id": "66a766768d731cd5cadcdf9640301315",
        "x-ms-correlation-request-id": "297cdd95-73c8-4c47-a11e-7bde2d49a0d1",
        "x-ms-ratelimit-remaining-subscription-reads": "14972",
        "x-ms-request-id": "97fd4276-f083-460d-9e01-872d19eca190",
        "x-ms-routing-request-id": "CENTRALUS:20230317T011229Z:297cdd95-73c8-4c47-a11e-7bde2d49a0d1",
        "X-MSEdge-Ref": "Ref A: CBB50304AC474BC1B3F5D8C92AB8A038 Ref B: STBEDGE0615 Ref C: 2023-03-17T01:12:29Z"
      },
      "ResponseBody": {
        "id": "/subscriptions/ce1bff77-08c1-4199-b7a5-52194a42b6ce/providers/Microsoft.Communication/locations/CENTRALUS/operationStatuses/979dfbb6-b5fc-453d-be9a-d4a1189f3cf7*C24DC339B9DE14C822ABE1E514A26FB2D78E3C6288039FB72819AC1F9490D850",
        "name": "979dfbb6-b5fc-453d-be9a-d4a1189f3cf7*C24DC339B9DE14C822ABE1E514A26FB2D78E3C6288039FB72819AC1F9490D850",
        "resourceId": "/subscriptions/ce1bff77-08c1-4199-b7a5-52194a42b6ce/resourceGroups/Communication-RG-4944/providers/Microsoft.Communication/communicationServices/communication-service-9830",
        "status": "Deleting",
        "startTime": "2023-03-17T01:12:19.2615957Z"
      }
    },
    {
      "RequestUri": "https://api-dogfood.resources.windows-int.net/subscriptions/ce1bff77-08c1-4199-b7a5-52194a42b6ce/providers/Microsoft.Communication/locations/CENTRALUS/operationStatuses/979dfbb6-b5fc-453d-be9a-d4a1189f3cf7*C24DC339B9DE14C822ABE1E514A26FB2D78E3C6288039FB72819AC1F9490D850?api-version=2021-10-01-preview",
      "RequestMethod": "GET",
      "RequestHeaders": {
        "Authorization": "Sanitized",
        "traceparent": "00-ffddf6ac25c50a478d2ba63001484ab5-43dd024ad0b7fb42-00",
        "User-Agent": "azsdk-net-ResourceManager/1.4.0 (.NET Framework 4.8.9139.0; Microsoft Windows 10.0.22621 )",
        "x-ms-client-request-id": "be8c119fa24cda66af2858af500196b8",
        "x-ms-return-client-request-id": "true"
      },
      "RequestBody": null,
      "StatusCode": 202,
      "ResponseHeaders": {
        "Cache-Control": "no-cache",
        "Content-Length": "595",
        "Content-Type": "application/json; charset=utf-8",
        "Date": "Fri, 17 Mar 2023 01:12:37 GMT",
        "ETag": "\u0022e500f6c5-0000-0700-0000-6413be730000\u0022",
        "Expires": "-1",
        "Pragma": "no-cache",
        "Strict-Transport-Security": "max-age=31536000; includeSubDomains",
        "X-Cache": "CONFIG_NOCACHE",
        "X-Content-Type-Options": "nosniff",
        "x-ms-client-request-id": "be8c119fa24cda66af2858af500196b8",
        "x-ms-correlation-request-id": "016cef42-7780-4b10-bd18-17d5f0ae05dc",
        "x-ms-ratelimit-remaining-subscription-reads": "14971",
        "x-ms-request-id": "fdbfde5b-5980-47ac-956e-a0a968c0a4f7",
        "x-ms-routing-request-id": "CENTRALUS:20230317T011237Z:016cef42-7780-4b10-bd18-17d5f0ae05dc",
        "X-MSEdge-Ref": "Ref A: 36F7D685F3274E6388E2E8593135AFD4 Ref B: STBEDGE0615 Ref C: 2023-03-17T01:12:37Z"
      },
      "ResponseBody": {
        "id": "/subscriptions/ce1bff77-08c1-4199-b7a5-52194a42b6ce/providers/Microsoft.Communication/locations/CENTRALUS/operationStatuses/979dfbb6-b5fc-453d-be9a-d4a1189f3cf7*C24DC339B9DE14C822ABE1E514A26FB2D78E3C6288039FB72819AC1F9490D850",
        "name": "979dfbb6-b5fc-453d-be9a-d4a1189f3cf7*C24DC339B9DE14C822ABE1E514A26FB2D78E3C6288039FB72819AC1F9490D850",
        "resourceId": "/subscriptions/ce1bff77-08c1-4199-b7a5-52194a42b6ce/resourceGroups/Communication-RG-4944/providers/Microsoft.Communication/communicationServices/communication-service-9830",
        "status": "Deleting",
        "startTime": "2023-03-17T01:12:19.2615957Z"
      }
    },
    {
      "RequestUri": "https://api-dogfood.resources.windows-int.net/subscriptions/ce1bff77-08c1-4199-b7a5-52194a42b6ce/providers/Microsoft.Communication/locations/CENTRALUS/operationStatuses/979dfbb6-b5fc-453d-be9a-d4a1189f3cf7*C24DC339B9DE14C822ABE1E514A26FB2D78E3C6288039FB72819AC1F9490D850?api-version=2021-10-01-preview",
      "RequestMethod": "GET",
      "RequestHeaders": {
        "Authorization": "Sanitized",
        "traceparent": "00-ffddf6ac25c50a478d2ba63001484ab5-2f80ee70e885d344-00",
        "User-Agent": "azsdk-net-ResourceManager/1.4.0 (.NET Framework 4.8.9139.0; Microsoft Windows 10.0.22621 )",
        "x-ms-client-request-id": "0786dc44ca76ec6c202adbd3b7abd6c7",
        "x-ms-return-client-request-id": "true"
      },
      "RequestBody": null,
      "StatusCode": 202,
      "ResponseHeaders": {
        "Cache-Control": "no-cache",
        "Content-Length": "595",
        "Content-Type": "application/json; charset=utf-8",
        "Date": "Fri, 17 Mar 2023 01:12:53 GMT",
        "ETag": "\u0022e500f6c5-0000-0700-0000-6413be730000\u0022",
        "Expires": "-1",
        "Pragma": "no-cache",
        "Strict-Transport-Security": "max-age=31536000; includeSubDomains",
        "X-Cache": "CONFIG_NOCACHE",
        "X-Content-Type-Options": "nosniff",
        "x-ms-client-request-id": "0786dc44ca76ec6c202adbd3b7abd6c7",
        "x-ms-correlation-request-id": "0de7e254-1bbf-4794-a423-565da46da7f1",
        "x-ms-ratelimit-remaining-subscription-reads": "14970",
        "x-ms-request-id": "c42b6064-b13f-4006-8d8e-e6f682dc4bc6",
        "x-ms-routing-request-id": "CENTRALUS:20230317T011254Z:0de7e254-1bbf-4794-a423-565da46da7f1",
        "X-MSEdge-Ref": "Ref A: 993389570F6941828CA7F440E86F5ACB Ref B: STBEDGE0615 Ref C: 2023-03-17T01:12:54Z"
      },
      "ResponseBody": {
        "id": "/subscriptions/ce1bff77-08c1-4199-b7a5-52194a42b6ce/providers/Microsoft.Communication/locations/CENTRALUS/operationStatuses/979dfbb6-b5fc-453d-be9a-d4a1189f3cf7*C24DC339B9DE14C822ABE1E514A26FB2D78E3C6288039FB72819AC1F9490D850",
        "name": "979dfbb6-b5fc-453d-be9a-d4a1189f3cf7*C24DC339B9DE14C822ABE1E514A26FB2D78E3C6288039FB72819AC1F9490D850",
        "resourceId": "/subscriptions/ce1bff77-08c1-4199-b7a5-52194a42b6ce/resourceGroups/Communication-RG-4944/providers/Microsoft.Communication/communicationServices/communication-service-9830",
        "status": "Deleting",
        "startTime": "2023-03-17T01:12:19.2615957Z"
      }
    },
    {
      "RequestUri": "https://api-dogfood.resources.windows-int.net/subscriptions/ce1bff77-08c1-4199-b7a5-52194a42b6ce/providers/Microsoft.Communication/locations/CENTRALUS/operationStatuses/979dfbb6-b5fc-453d-be9a-d4a1189f3cf7*C24DC339B9DE14C822ABE1E514A26FB2D78E3C6288039FB72819AC1F9490D850?api-version=2021-10-01-preview",
      "RequestMethod": "GET",
      "RequestHeaders": {
        "Authorization": "Sanitized",
        "traceparent": "00-ffddf6ac25c50a478d2ba63001484ab5-af61e950cc9d134c-00",
        "User-Agent": "azsdk-net-ResourceManager/1.4.0 (.NET Framework 4.8.9139.0; Microsoft Windows 10.0.22621 )",
        "x-ms-client-request-id": "fba52dd8ad8ed347ffcdb64b3426ccc8",
        "x-ms-return-client-request-id": "true"
      },
      "RequestBody": null,
      "StatusCode": 200,
      "ResponseHeaders": {
        "Cache-Control": "no-cache",
        "Content-Length": "614",
        "Content-Type": "application/json; charset=utf-8",
        "Date": "Fri, 17 Mar 2023 01:13:25 GMT",
        "ETag": "\u0022e50035cb-0000-0700-0000-6413beb50000\u0022",
        "Expires": "-1",
        "Pragma": "no-cache",
        "Strict-Transport-Security": "max-age=31536000; includeSubDomains",
        "X-Cache": "CONFIG_NOCACHE",
        "X-Content-Type-Options": "nosniff",
        "x-ms-client-request-id": "fba52dd8ad8ed347ffcdb64b3426ccc8",
        "x-ms-correlation-request-id": "9db3a1d9-5f50-412d-9205-b637a99b3355",
        "x-ms-ratelimit-remaining-subscription-reads": "14969",
        "x-ms-request-id": "d326686f-9198-44a6-9bc5-8774c36583dd",
        "x-ms-routing-request-id": "CENTRALUS:20230317T011326Z:9db3a1d9-5f50-412d-9205-b637a99b3355",
        "X-MSEdge-Ref": "Ref A: B3F1C64C1F874AF19B2D71488B808D26 Ref B: STBEDGE0615 Ref C: 2023-03-17T01:13:26Z"
      },
      "ResponseBody": {
        "id": "/subscriptions/ce1bff77-08c1-4199-b7a5-52194a42b6ce/providers/Microsoft.Communication/locations/CENTRALUS/operationStatuses/979dfbb6-b5fc-453d-be9a-d4a1189f3cf7*C24DC339B9DE14C822ABE1E514A26FB2D78E3C6288039FB72819AC1F9490D850",
        "name": "979dfbb6-b5fc-453d-be9a-d4a1189f3cf7*C24DC339B9DE14C822ABE1E514A26FB2D78E3C6288039FB72819AC1F9490D850",
        "resourceId": "/subscriptions/ce1bff77-08c1-4199-b7a5-52194a42b6ce/resourceGroups/Communication-RG-4944/providers/Microsoft.Communication/communicationServices/communication-service-9830",
        "status": "Succeeded",
        "startTime": "2023-03-17T01:12:19.2615957Z",
        "properties": null
      }
    }
  ],
  "Variables": {
    "AZURE_AUTHORITY_HOST": "https://login.windows-ppe.net/",
    "RandomSeed": "338740280",
    "RESOURCE_MANAGER_URL": "https://api-dogfood.resources.windows-int.net/",
    "SUBSCRIPTION_ID": "ce1bff77-08c1-4199-b7a5-52194a42b6ce"
  }
}
