{
  "Entries": [
    {
      "RequestUri": "https://api-dogfood.resources.windows-int.net/subscriptions/ce1bff77-08c1-4199-b7a5-52194a42b6ce/resourcegroups/Communication-RG-9182?api-version=**",
      "RequestMethod": "GET",
      "RequestHeaders": {
        "Accept": "application/json",
        "Authorization": "Sanitized",
        "traceparent": "00-3979c97334843a46976b825bb9af6f5c-c9490276e9caadae-00",
        "User-Agent": "azsdk-net-ResourceManager/1.4.0 (.NET 6.0.15; Microsoft Windows 10.0.22621)",
        "x-ms-client-request-id": "d8dc5dfbeb8ff3ccb73c37fcc9f9919a",
        "x-ms-return-client-request-id": "true"
      },
      "RequestBody": null,
      "StatusCode": 200,
      "ResponseHeaders": {
        "Cache-Control": "no-cache",
        "Content-Length": "239",
        "Content-Type": "application/json; charset=utf-8",
        "Date": "Fri, 17 Mar 2023 11:44:12 GMT",
        "Expires": "-1",
        "Pragma": "no-cache",
        "Strict-Transport-Security": "max-age=31536000; includeSubDomains",
        "X-Cache": "CONFIG_NOCACHE",
        "X-Content-Type-Options": "nosniff",
        "x-ms-correlation-request-id": "dd38c07d-024f-4130-a149-15a6aede8aa8",
        "x-ms-ratelimit-remaining-subscription-reads": "14998",
        "x-ms-request-id": "dd38c07d-024f-4130-a149-15a6aede8aa8",
        "x-ms-routing-request-id": "CENTRALUS:20230317T114413Z:dd38c07d-024f-4130-a149-15a6aede8aa8",
        "X-MSEdge-Ref": "Ref A: 8F5FE8098A6642B09A146812944106AA Ref B: STBEDGE0611 Ref C: 2023-03-17T11:44:12Z"
      },
      "ResponseBody": {
        "id": "/subscriptions/ce1bff77-08c1-4199-b7a5-52194a42b6ce/resourceGroups/Communication-RG-9182",
        "name": "Communication-RG-9182",
        "type": "Microsoft.Resources/resourceGroups",
        "location": "westus",
        "properties": {
          "provisioningState": "Succeeded"
        }
      }
    },
    {
      "RequestUri": "https://api-dogfood.resources.windows-int.net/subscriptions/ce1bff77-08c1-4199-b7a5-52194a42b6ce/resourceGroups/Communication-RG-9182/providers/Microsoft.Communication/communicationServices/communication-service-9874?api-version=2023-03-01-preview",
      "RequestMethod": "PUT",
      "RequestHeaders": {
        "Accept": "application/json",
        "Authorization": "Sanitized",
        "Content-Length": "76",
        "Content-Type": "application/json",
        "traceparent": "00-418d6f19d4c95a58901c982430109a84-88e7ae7ec8ca7af9-00",
        "User-Agent": "azsdk-net-ResourceManager.Communication/1.1.0-alpha.20230316.1 (.NET 6.0.15; Microsoft Windows 10.0.22621)",
        "x-ms-client-request-id": "9c0801ce32a8044c7bec2a5394c84488",
        "x-ms-return-client-request-id": "true"
      },
      "RequestBody": {
        "tags": {},
        "location": "global",
        "properties": {
          "dataLocation": "UnitedStates"
        }
      },
      "StatusCode": 201,
      "ResponseHeaders": {
        "Azure-AsyncNotification": "Enabled",
        "Azure-AsyncOperation": "https://api-dogfood.resources.windows-int.net/subscriptions/ce1bff77-08c1-4199-b7a5-52194a42b6ce/providers/Microsoft.Communication/locations/CENTRALUS/operationStatuses/def0ef13-f969-4229-92d3-f385aa4fb606*33D1B25E64DD20AFF24BDDF4F6E95FD7F4E08E016DC20D3693A4458045EB0A8A?api-version=2023-03-01-preview",
        "Cache-Control": "no-cache",
        "Content-Length": "655",
        "Content-Type": "application/json; charset=utf-8",
        "Date": "Fri, 17 Mar 2023 11:44:13 GMT",
        "ETag": "\u0022e1000ecd-0000-0700-0000-6414528e0000\u0022",
        "Expires": "-1",
        "mise-correlation-id": "1a9b5f44-2008-4265-bdc7-b2321a781c78",
        "Pragma": "no-cache",
        "Request-Context": "appId=",
        "Strict-Transport-Security": "max-age=31536000; includeSubDomains",
        "X-Cache": "CONFIG_NOCACHE",
        "X-Content-Type-Options": "nosniff",
        "x-ms-client-request-id": "9c0801ce32a8044c7bec2a5394c84488",
        "x-ms-correlation-request-id": "7b42ff67-d4bf-4701-9aef-57e82f74e264",
        "x-ms-providerhub-traffic": "True",
        "x-ms-ratelimit-remaining-subscription-writes": "1198",
        "x-ms-request-id": "def0ef13-f969-4229-92d3-f385aa4fb606",
        "x-ms-resource-provider-hint": "noPolling",
        "x-ms-routing-request-id": "CENTRALUS:20230317T114414Z:7b42ff67-d4bf-4701-9aef-57e82f74e264",
        "X-MSEdge-Ref": "Ref A: D9A89A12706C44B9946F611DD848317B Ref B: STBEDGE0611 Ref C: 2023-03-17T11:44:13Z"
      },
      "ResponseBody": {
        "id": "/subscriptions/ce1bff77-08c1-4199-b7a5-52194a42b6ce/resourceGroups/Communication-RG-9182/providers/Microsoft.Communication/communicationServices/communication-service-9874",
        "name": "communication-service-9874",
        "type": "microsoft.communication/communicationservices",
        "location": "global",
        "tags": {},
        "systemData": {
          "createdBy": "dd5e080b-9821-4976-9ab1-c95d8cc8eafa",
          "createdByType": "Application",
          "createdAt": "2023-03-17T11:44:13.5031473Z",
          "lastModifiedBy": "dd5e080b-9821-4976-9ab1-c95d8cc8eafa",
          "lastModifiedByType": "Application",
          "lastModifiedAt": "2023-03-17T11:44:13.5031473Z"
        },
        "properties": {
          "dataLocation": "UnitedStates",
          "provisioningState": "Accepted"
        }
      }
    },
    {
      "RequestUri": "https://api-dogfood.resources.windows-int.net/subscriptions/ce1bff77-08c1-4199-b7a5-52194a42b6ce/providers/Microsoft.Communication/locations/CENTRALUS/operationStatuses/def0ef13-f969-4229-92d3-f385aa4fb606*33D1B25E64DD20AFF24BDDF4F6E95FD7F4E08E016DC20D3693A4458045EB0A8A?api-version=2023-03-01-preview",
      "RequestMethod": "GET",
      "RequestHeaders": {
        "Authorization": "Sanitized",
        "traceparent": "00-418d6f19d4c95a58901c982430109a84-3f28eeafbacdc65b-00",
        "User-Agent": "azsdk-net-ResourceManager/1.4.0 (.NET 6.0.15; Microsoft Windows 10.0.22621)",
        "x-ms-client-request-id": "39e2d48285702a528fd414fea19f2374",
        "x-ms-return-client-request-id": "true"
      },
      "RequestBody": null,
      "StatusCode": 200,
      "ResponseHeaders": {
        "Cache-Control": "no-cache",
        "Content-Length": "595",
        "Content-Type": "application/json; charset=utf-8",
        "Date": "Fri, 17 Mar 2023 11:44:13 GMT",
        "ETag": "\u00223703e7ae-0000-0700-0000-6414528e0000\u0022",
        "Expires": "-1",
        "Pragma": "no-cache",
        "Strict-Transport-Security": "max-age=31536000; includeSubDomains",
        "X-Cache": "CONFIG_NOCACHE",
        "X-Content-Type-Options": "nosniff",
        "x-ms-client-request-id": "39e2d48285702a528fd414fea19f2374",
        "x-ms-correlation-request-id": "f7adf76d-0e6b-49fa-82dc-0b60d112eac9",
        "x-ms-ratelimit-remaining-subscription-reads": "14997",
        "x-ms-request-id": "9e6c6494-64e0-44c8-9e53-3338b534b5d4",
        "x-ms-routing-request-id": "CENTRALUS:20230317T114414Z:f7adf76d-0e6b-49fa-82dc-0b60d112eac9",
        "X-MSEdge-Ref": "Ref A: 7562D6A6DE304B5890EEF4FEA4CF2EB2 Ref B: STBEDGE0611 Ref C: 2023-03-17T11:44:14Z"
      },
      "ResponseBody": {
        "id": "/subscriptions/ce1bff77-08c1-4199-b7a5-52194a42b6ce/providers/Microsoft.Communication/locations/CENTRALUS/operationStatuses/def0ef13-f969-4229-92d3-f385aa4fb606*33D1B25E64DD20AFF24BDDF4F6E95FD7F4E08E016DC20D3693A4458045EB0A8A",
        "name": "def0ef13-f969-4229-92d3-f385aa4fb606*33D1B25E64DD20AFF24BDDF4F6E95FD7F4E08E016DC20D3693A4458045EB0A8A",
        "resourceId": "/subscriptions/ce1bff77-08c1-4199-b7a5-52194a42b6ce/resourceGroups/Communication-RG-9182/providers/Microsoft.Communication/communicationServices/communication-service-9874",
        "status": "Accepted",
        "startTime": "2023-03-17T11:44:14.0349709Z"
      }
    },
    {
      "RequestUri": "https://api-dogfood.resources.windows-int.net/subscriptions/ce1bff77-08c1-4199-b7a5-52194a42b6ce/providers/Microsoft.Communication/locations/CENTRALUS/operationStatuses/def0ef13-f969-4229-92d3-f385aa4fb606*33D1B25E64DD20AFF24BDDF4F6E95FD7F4E08E016DC20D3693A4458045EB0A8A?api-version=2023-03-01-preview",
      "RequestMethod": "GET",
      "RequestHeaders": {
        "Authorization": "Sanitized",
        "traceparent": "00-418d6f19d4c95a58901c982430109a84-778229c9ad1e8aec-00",
        "User-Agent": "azsdk-net-ResourceManager/1.4.0 (.NET 6.0.15; Microsoft Windows 10.0.22621)",
        "x-ms-client-request-id": "551f73f34f95df1d1f8d2da4b80875bf",
        "x-ms-return-client-request-id": "true"
      },
      "RequestBody": null,
      "StatusCode": 200,
      "ResponseHeaders": {
        "Cache-Control": "no-cache",
        "Content-Length": "595",
        "Content-Type": "application/json; charset=utf-8",
        "Date": "Fri, 17 Mar 2023 11:44:15 GMT",
        "ETag": "\u00223703e7ae-0000-0700-0000-6414528e0000\u0022",
        "Expires": "-1",
        "Pragma": "no-cache",
        "Strict-Transport-Security": "max-age=31536000; includeSubDomains",
        "X-Cache": "CONFIG_NOCACHE",
        "X-Content-Type-Options": "nosniff",
        "x-ms-client-request-id": "551f73f34f95df1d1f8d2da4b80875bf",
        "x-ms-correlation-request-id": "6991d656-35e9-4037-a5cf-65337f834468",
        "x-ms-ratelimit-remaining-subscription-reads": "14996",
        "x-ms-request-id": "539b2d21-2b40-4c4e-926e-29b27259fd7a",
        "x-ms-routing-request-id": "CENTRALUS:20230317T114415Z:6991d656-35e9-4037-a5cf-65337f834468",
        "X-MSEdge-Ref": "Ref A: 6B0268B4C394454BB193CACB65809F3D Ref B: STBEDGE0611 Ref C: 2023-03-17T11:44:15Z"
      },
      "ResponseBody": {
        "id": "/subscriptions/ce1bff77-08c1-4199-b7a5-52194a42b6ce/providers/Microsoft.Communication/locations/CENTRALUS/operationStatuses/def0ef13-f969-4229-92d3-f385aa4fb606*33D1B25E64DD20AFF24BDDF4F6E95FD7F4E08E016DC20D3693A4458045EB0A8A",
        "name": "def0ef13-f969-4229-92d3-f385aa4fb606*33D1B25E64DD20AFF24BDDF4F6E95FD7F4E08E016DC20D3693A4458045EB0A8A",
        "resourceId": "/subscriptions/ce1bff77-08c1-4199-b7a5-52194a42b6ce/resourceGroups/Communication-RG-9182/providers/Microsoft.Communication/communicationServices/communication-service-9874",
        "status": "Accepted",
        "startTime": "2023-03-17T11:44:14.0349709Z"
      }
    },
    {
      "RequestUri": "https://api-dogfood.resources.windows-int.net/subscriptions/ce1bff77-08c1-4199-b7a5-52194a42b6ce/providers/Microsoft.Communication/locations/CENTRALUS/operationStatuses/def0ef13-f969-4229-92d3-f385aa4fb606*33D1B25E64DD20AFF24BDDF4F6E95FD7F4E08E016DC20D3693A4458045EB0A8A?api-version=2023-03-01-preview",
      "RequestMethod": "GET",
      "RequestHeaders": {
        "Authorization": "Sanitized",
        "traceparent": "00-418d6f19d4c95a58901c982430109a84-415534e291e4cc39-00",
        "User-Agent": "azsdk-net-ResourceManager/1.4.0 (.NET 6.0.15; Microsoft Windows 10.0.22621)",
        "x-ms-client-request-id": "bfd130140ae5251750d0bbbddae3d8ce",
        "x-ms-return-client-request-id": "true"
      },
      "RequestBody": null,
      "StatusCode": 200,
      "ResponseHeaders": {
        "Cache-Control": "no-cache",
        "Content-Length": "595",
        "Content-Type": "application/json; charset=utf-8",
        "Date": "Fri, 17 Mar 2023 11:44:16 GMT",
        "ETag": "\u00223703e7ae-0000-0700-0000-6414528e0000\u0022",
        "Expires": "-1",
        "Pragma": "no-cache",
        "Strict-Transport-Security": "max-age=31536000; includeSubDomains",
        "X-Cache": "CONFIG_NOCACHE",
        "X-Content-Type-Options": "nosniff",
        "x-ms-client-request-id": "bfd130140ae5251750d0bbbddae3d8ce",
        "x-ms-correlation-request-id": "273bf37f-184c-4228-80ae-de88cb9fe30e",
        "x-ms-ratelimit-remaining-subscription-reads": "14995",
        "x-ms-request-id": "e9965934-5d66-45ac-9132-13c3826aa9e0",
        "x-ms-routing-request-id": "CENTRALUS:20230317T114417Z:273bf37f-184c-4228-80ae-de88cb9fe30e",
        "X-MSEdge-Ref": "Ref A: 736B1EC57EF444F9A89F282B412BEE43 Ref B: STBEDGE0611 Ref C: 2023-03-17T11:44:16Z"
      },
      "ResponseBody": {
        "id": "/subscriptions/ce1bff77-08c1-4199-b7a5-52194a42b6ce/providers/Microsoft.Communication/locations/CENTRALUS/operationStatuses/def0ef13-f969-4229-92d3-f385aa4fb606*33D1B25E64DD20AFF24BDDF4F6E95FD7F4E08E016DC20D3693A4458045EB0A8A",
        "name": "def0ef13-f969-4229-92d3-f385aa4fb606*33D1B25E64DD20AFF24BDDF4F6E95FD7F4E08E016DC20D3693A4458045EB0A8A",
        "resourceId": "/subscriptions/ce1bff77-08c1-4199-b7a5-52194a42b6ce/resourceGroups/Communication-RG-9182/providers/Microsoft.Communication/communicationServices/communication-service-9874",
        "status": "Accepted",
        "startTime": "2023-03-17T11:44:14.0349709Z"
      }
    },
    {
      "RequestUri": "https://api-dogfood.resources.windows-int.net/subscriptions/ce1bff77-08c1-4199-b7a5-52194a42b6ce/providers/Microsoft.Communication/locations/CENTRALUS/operationStatuses/def0ef13-f969-4229-92d3-f385aa4fb606*33D1B25E64DD20AFF24BDDF4F6E95FD7F4E08E016DC20D3693A4458045EB0A8A?api-version=2023-03-01-preview",
      "RequestMethod": "GET",
      "RequestHeaders": {
        "Authorization": "Sanitized",
        "traceparent": "00-418d6f19d4c95a58901c982430109a84-a2d1b44782cec1fa-00",
        "User-Agent": "azsdk-net-ResourceManager/1.4.0 (.NET 6.0.15; Microsoft Windows 10.0.22621)",
        "x-ms-client-request-id": "1b5105e0829d3263b7021ae357ad7287",
        "x-ms-return-client-request-id": "true"
      },
      "RequestBody": null,
      "StatusCode": 200,
      "ResponseHeaders": {
        "Cache-Control": "no-cache",
        "Content-Length": "595",
        "Content-Type": "application/json; charset=utf-8",
        "Date": "Fri, 17 Mar 2023 11:44:17 GMT",
        "ETag": "\u00223703e7ae-0000-0700-0000-6414528e0000\u0022",
        "Expires": "-1",
        "Pragma": "no-cache",
        "Strict-Transport-Security": "max-age=31536000; includeSubDomains",
        "X-Cache": "CONFIG_NOCACHE",
        "X-Content-Type-Options": "nosniff",
        "x-ms-client-request-id": "1b5105e0829d3263b7021ae357ad7287",
        "x-ms-correlation-request-id": "2bbdb9be-c8dd-4ec2-983a-21bafdbca568",
        "x-ms-ratelimit-remaining-subscription-reads": "14994",
        "x-ms-request-id": "4758623e-6f7d-4a3e-b8b7-428b7a8d370d",
        "x-ms-routing-request-id": "CENTRALUS:20230317T114418Z:2bbdb9be-c8dd-4ec2-983a-21bafdbca568",
        "X-MSEdge-Ref": "Ref A: 2BEB6CFB9BEE4AF491E2C136FBB1B28B Ref B: STBEDGE0611 Ref C: 2023-03-17T11:44:18Z"
      },
      "ResponseBody": {
        "id": "/subscriptions/ce1bff77-08c1-4199-b7a5-52194a42b6ce/providers/Microsoft.Communication/locations/CENTRALUS/operationStatuses/def0ef13-f969-4229-92d3-f385aa4fb606*33D1B25E64DD20AFF24BDDF4F6E95FD7F4E08E016DC20D3693A4458045EB0A8A",
        "name": "def0ef13-f969-4229-92d3-f385aa4fb606*33D1B25E64DD20AFF24BDDF4F6E95FD7F4E08E016DC20D3693A4458045EB0A8A",
        "resourceId": "/subscriptions/ce1bff77-08c1-4199-b7a5-52194a42b6ce/resourceGroups/Communication-RG-9182/providers/Microsoft.Communication/communicationServices/communication-service-9874",
        "status": "Accepted",
        "startTime": "2023-03-17T11:44:14.0349709Z"
      }
    },
    {
      "RequestUri": "https://api-dogfood.resources.windows-int.net/subscriptions/ce1bff77-08c1-4199-b7a5-52194a42b6ce/providers/Microsoft.Communication/locations/CENTRALUS/operationStatuses/def0ef13-f969-4229-92d3-f385aa4fb606*33D1B25E64DD20AFF24BDDF4F6E95FD7F4E08E016DC20D3693A4458045EB0A8A?api-version=2023-03-01-preview",
      "RequestMethod": "GET",
      "RequestHeaders": {
        "Authorization": "Sanitized",
        "traceparent": "00-418d6f19d4c95a58901c982430109a84-00d3c14caea2969f-00",
        "User-Agent": "azsdk-net-ResourceManager/1.4.0 (.NET 6.0.15; Microsoft Windows 10.0.22621)",
        "x-ms-client-request-id": "70ea545f64cde88e5bfa04c59460053c",
        "x-ms-return-client-request-id": "true"
      },
      "RequestBody": null,
      "StatusCode": 200,
      "ResponseHeaders": {
        "Cache-Control": "no-cache",
        "Content-Length": "595",
        "Content-Type": "application/json; charset=utf-8",
        "Date": "Fri, 17 Mar 2023 11:44:19 GMT",
        "ETag": "\u00223703e7ae-0000-0700-0000-6414528e0000\u0022",
        "Expires": "-1",
        "Pragma": "no-cache",
        "Strict-Transport-Security": "max-age=31536000; includeSubDomains",
        "X-Cache": "CONFIG_NOCACHE",
        "X-Content-Type-Options": "nosniff",
        "x-ms-client-request-id": "70ea545f64cde88e5bfa04c59460053c",
        "x-ms-correlation-request-id": "9096a9bf-e91e-4b69-9d25-b64982831ac3",
        "x-ms-ratelimit-remaining-subscription-reads": "14993",
        "x-ms-request-id": "765f9e3d-24ac-426e-a046-e6878cbbe480",
        "x-ms-routing-request-id": "CENTRALUS:20230317T114420Z:9096a9bf-e91e-4b69-9d25-b64982831ac3",
        "X-MSEdge-Ref": "Ref A: A658C783BED04219A6FC1B14A7C0A7B4 Ref B: STBEDGE0611 Ref C: 2023-03-17T11:44:20Z"
      },
      "ResponseBody": {
        "id": "/subscriptions/ce1bff77-08c1-4199-b7a5-52194a42b6ce/providers/Microsoft.Communication/locations/CENTRALUS/operationStatuses/def0ef13-f969-4229-92d3-f385aa4fb606*33D1B25E64DD20AFF24BDDF4F6E95FD7F4E08E016DC20D3693A4458045EB0A8A",
        "name": "def0ef13-f969-4229-92d3-f385aa4fb606*33D1B25E64DD20AFF24BDDF4F6E95FD7F4E08E016DC20D3693A4458045EB0A8A",
        "resourceId": "/subscriptions/ce1bff77-08c1-4199-b7a5-52194a42b6ce/resourceGroups/Communication-RG-9182/providers/Microsoft.Communication/communicationServices/communication-service-9874",
        "status": "Accepted",
        "startTime": "2023-03-17T11:44:14.0349709Z"
      }
    },
    {
      "RequestUri": "https://api-dogfood.resources.windows-int.net/subscriptions/ce1bff77-08c1-4199-b7a5-52194a42b6ce/providers/Microsoft.Communication/locations/CENTRALUS/operationStatuses/def0ef13-f969-4229-92d3-f385aa4fb606*33D1B25E64DD20AFF24BDDF4F6E95FD7F4E08E016DC20D3693A4458045EB0A8A?api-version=2023-03-01-preview",
      "RequestMethod": "GET",
      "RequestHeaders": {
        "Authorization": "Sanitized",
        "traceparent": "00-418d6f19d4c95a58901c982430109a84-c4e8e78c1cf6f958-00",
        "User-Agent": "azsdk-net-ResourceManager/1.4.0 (.NET 6.0.15; Microsoft Windows 10.0.22621)",
        "x-ms-client-request-id": "b2c45fb55ab69122cd9f08e2f034cea2",
        "x-ms-return-client-request-id": "true"
      },
      "RequestBody": null,
      "StatusCode": 200,
      "ResponseHeaders": {
        "Cache-Control": "no-cache",
        "Content-Length": "595",
        "Content-Type": "application/json; charset=utf-8",
        "Date": "Fri, 17 Mar 2023 11:44:23 GMT",
        "ETag": "\u00223703e7ae-0000-0700-0000-6414528e0000\u0022",
        "Expires": "-1",
        "Pragma": "no-cache",
        "Strict-Transport-Security": "max-age=31536000; includeSubDomains",
        "X-Cache": "CONFIG_NOCACHE",
        "X-Content-Type-Options": "nosniff",
        "x-ms-client-request-id": "b2c45fb55ab69122cd9f08e2f034cea2",
        "x-ms-correlation-request-id": "686ddfa2-2fe6-4754-83dd-0e46cb71312e",
        "x-ms-ratelimit-remaining-subscription-reads": "14992",
        "x-ms-request-id": "87356018-2e44-451d-9e1e-935bc6735183",
        "x-ms-routing-request-id": "CENTRALUS:20230317T114424Z:686ddfa2-2fe6-4754-83dd-0e46cb71312e",
        "X-MSEdge-Ref": "Ref A: CC34997D84754C02AFF2B67B908A6849 Ref B: STBEDGE0611 Ref C: 2023-03-17T11:44:24Z"
      },
      "ResponseBody": {
        "id": "/subscriptions/ce1bff77-08c1-4199-b7a5-52194a42b6ce/providers/Microsoft.Communication/locations/CENTRALUS/operationStatuses/def0ef13-f969-4229-92d3-f385aa4fb606*33D1B25E64DD20AFF24BDDF4F6E95FD7F4E08E016DC20D3693A4458045EB0A8A",
        "name": "def0ef13-f969-4229-92d3-f385aa4fb606*33D1B25E64DD20AFF24BDDF4F6E95FD7F4E08E016DC20D3693A4458045EB0A8A",
        "resourceId": "/subscriptions/ce1bff77-08c1-4199-b7a5-52194a42b6ce/resourceGroups/Communication-RG-9182/providers/Microsoft.Communication/communicationServices/communication-service-9874",
        "status": "Accepted",
        "startTime": "2023-03-17T11:44:14.0349709Z"
      }
    },
    {
      "RequestUri": "https://api-dogfood.resources.windows-int.net/subscriptions/ce1bff77-08c1-4199-b7a5-52194a42b6ce/providers/Microsoft.Communication/locations/CENTRALUS/operationStatuses/def0ef13-f969-4229-92d3-f385aa4fb606*33D1B25E64DD20AFF24BDDF4F6E95FD7F4E08E016DC20D3693A4458045EB0A8A?api-version=2023-03-01-preview",
      "RequestMethod": "GET",
      "RequestHeaders": {
        "Authorization": "Sanitized",
        "traceparent": "00-418d6f19d4c95a58901c982430109a84-3f11de440adcfca7-00",
        "User-Agent": "azsdk-net-ResourceManager/1.4.0 (.NET 6.0.15; Microsoft Windows 10.0.22621)",
        "x-ms-client-request-id": "855e345e67f87c007669bfa27e9e9d57",
        "x-ms-return-client-request-id": "true"
      },
      "RequestBody": null,
      "StatusCode": 200,
      "ResponseHeaders": {
        "Cache-Control": "no-cache",
        "Content-Length": "595",
        "Content-Type": "application/json; charset=utf-8",
        "Date": "Fri, 17 Mar 2023 11:44:31 GMT",
        "ETag": "\u00223703e7ae-0000-0700-0000-6414528e0000\u0022",
        "Expires": "-1",
        "Pragma": "no-cache",
        "Strict-Transport-Security": "max-age=31536000; includeSubDomains",
        "X-Cache": "CONFIG_NOCACHE",
        "X-Content-Type-Options": "nosniff",
        "x-ms-client-request-id": "855e345e67f87c007669bfa27e9e9d57",
        "x-ms-correlation-request-id": "c84572dc-70c5-45f2-981a-cbeff71b9131",
        "x-ms-ratelimit-remaining-subscription-reads": "14991",
        "x-ms-request-id": "29a622a3-7774-451c-84ff-1c77c0f5b786",
        "x-ms-routing-request-id": "CENTRALUS:20230317T114432Z:c84572dc-70c5-45f2-981a-cbeff71b9131",
        "X-MSEdge-Ref": "Ref A: D935B074856140779FE7E58B660F9DA0 Ref B: STBEDGE0611 Ref C: 2023-03-17T11:44:32Z"
      },
      "ResponseBody": {
        "id": "/subscriptions/ce1bff77-08c1-4199-b7a5-52194a42b6ce/providers/Microsoft.Communication/locations/CENTRALUS/operationStatuses/def0ef13-f969-4229-92d3-f385aa4fb606*33D1B25E64DD20AFF24BDDF4F6E95FD7F4E08E016DC20D3693A4458045EB0A8A",
        "name": "def0ef13-f969-4229-92d3-f385aa4fb606*33D1B25E64DD20AFF24BDDF4F6E95FD7F4E08E016DC20D3693A4458045EB0A8A",
        "resourceId": "/subscriptions/ce1bff77-08c1-4199-b7a5-52194a42b6ce/resourceGroups/Communication-RG-9182/providers/Microsoft.Communication/communicationServices/communication-service-9874",
        "status": "Accepted",
        "startTime": "2023-03-17T11:44:14.0349709Z"
      }
    },
    {
      "RequestUri": "https://api-dogfood.resources.windows-int.net/subscriptions/ce1bff77-08c1-4199-b7a5-52194a42b6ce/providers/Microsoft.Communication/locations/CENTRALUS/operationStatuses/def0ef13-f969-4229-92d3-f385aa4fb606*33D1B25E64DD20AFF24BDDF4F6E95FD7F4E08E016DC20D3693A4458045EB0A8A?api-version=2023-03-01-preview",
      "RequestMethod": "GET",
      "RequestHeaders": {
        "Authorization": "Sanitized",
        "traceparent": "00-418d6f19d4c95a58901c982430109a84-1ea8c8bcaff7e6d0-00",
        "User-Agent": "azsdk-net-ResourceManager/1.4.0 (.NET 6.0.15; Microsoft Windows 10.0.22621)",
        "x-ms-client-request-id": "f82edefdbfe904d03259a32e5cacf826",
        "x-ms-return-client-request-id": "true"
      },
      "RequestBody": null,
      "StatusCode": 200,
      "ResponseHeaders": {
        "Cache-Control": "no-cache",
        "Content-Length": "595",
        "Content-Type": "application/json; charset=utf-8",
        "Date": "Fri, 17 Mar 2023 11:44:48 GMT",
        "ETag": "\u00223703e7ae-0000-0700-0000-6414528e0000\u0022",
        "Expires": "-1",
        "Pragma": "no-cache",
        "Strict-Transport-Security": "max-age=31536000; includeSubDomains",
        "X-Cache": "CONFIG_NOCACHE",
        "X-Content-Type-Options": "nosniff",
        "x-ms-client-request-id": "f82edefdbfe904d03259a32e5cacf826",
        "x-ms-correlation-request-id": "b4d11033-7c60-4120-a5cb-37d72eb08544",
        "x-ms-ratelimit-remaining-subscription-reads": "14990",
        "x-ms-request-id": "f53088d2-233f-4295-9161-6bb7a7560eb5",
        "x-ms-routing-request-id": "CENTRALUS:20230317T114448Z:b4d11033-7c60-4120-a5cb-37d72eb08544",
        "X-MSEdge-Ref": "Ref A: 6642C3163B15402380CDBE32D2D5EA04 Ref B: STBEDGE0611 Ref C: 2023-03-17T11:44:48Z"
      },
      "ResponseBody": {
        "id": "/subscriptions/ce1bff77-08c1-4199-b7a5-52194a42b6ce/providers/Microsoft.Communication/locations/CENTRALUS/operationStatuses/def0ef13-f969-4229-92d3-f385aa4fb606*33D1B25E64DD20AFF24BDDF4F6E95FD7F4E08E016DC20D3693A4458045EB0A8A",
        "name": "def0ef13-f969-4229-92d3-f385aa4fb606*33D1B25E64DD20AFF24BDDF4F6E95FD7F4E08E016DC20D3693A4458045EB0A8A",
        "resourceId": "/subscriptions/ce1bff77-08c1-4199-b7a5-52194a42b6ce/resourceGroups/Communication-RG-9182/providers/Microsoft.Communication/communicationServices/communication-service-9874",
        "status": "Accepted",
        "startTime": "2023-03-17T11:44:14.0349709Z"
      }
    },
    {
      "RequestUri": "https://api-dogfood.resources.windows-int.net/subscriptions/ce1bff77-08c1-4199-b7a5-52194a42b6ce/providers/Microsoft.Communication/locations/CENTRALUS/operationStatuses/def0ef13-f969-4229-92d3-f385aa4fb606*33D1B25E64DD20AFF24BDDF4F6E95FD7F4E08E016DC20D3693A4458045EB0A8A?api-version=2023-03-01-preview",
      "RequestMethod": "GET",
      "RequestHeaders": {
        "Authorization": "Sanitized",
        "traceparent": "00-418d6f19d4c95a58901c982430109a84-2a43237e3f4b649a-00",
        "User-Agent": "azsdk-net-ResourceManager/1.4.0 (.NET 6.0.15; Microsoft Windows 10.0.22621)",
        "x-ms-client-request-id": "5f66612b7f014d435e483b4d9a7f122e",
        "x-ms-return-client-request-id": "true"
      },
      "RequestBody": null,
      "StatusCode": 200,
      "ResponseHeaders": {
        "Cache-Control": "no-cache",
        "Content-Length": "614",
        "Content-Type": "application/json; charset=utf-8",
        "Date": "Fri, 17 Mar 2023 11:45:21 GMT",
        "ETag": "\u002237039cc2-0000-0700-0000-641452d00000\u0022",
        "Expires": "-1",
        "Pragma": "no-cache",
        "Strict-Transport-Security": "max-age=31536000; includeSubDomains",
        "X-Cache": "CONFIG_NOCACHE",
        "X-Content-Type-Options": "nosniff",
        "x-ms-client-request-id": "5f66612b7f014d435e483b4d9a7f122e",
        "x-ms-correlation-request-id": "070ba1d4-cf7f-40c0-9692-3f0e8814f010",
        "x-ms-ratelimit-remaining-subscription-reads": "14989",
        "x-ms-request-id": "69873cbd-7f7d-4934-b643-207328f1b683",
        "x-ms-routing-request-id": "CENTRALUS:20230317T114521Z:070ba1d4-cf7f-40c0-9692-3f0e8814f010",
        "X-MSEdge-Ref": "Ref A: E0BC7B6B6A35406C9B9160FFF38AB6F7 Ref B: STBEDGE0611 Ref C: 2023-03-17T11:45:21Z"
      },
      "ResponseBody": {
        "id": "/subscriptions/ce1bff77-08c1-4199-b7a5-52194a42b6ce/providers/Microsoft.Communication/locations/CENTRALUS/operationStatuses/def0ef13-f969-4229-92d3-f385aa4fb606*33D1B25E64DD20AFF24BDDF4F6E95FD7F4E08E016DC20D3693A4458045EB0A8A",
        "name": "def0ef13-f969-4229-92d3-f385aa4fb606*33D1B25E64DD20AFF24BDDF4F6E95FD7F4E08E016DC20D3693A4458045EB0A8A",
        "resourceId": "/subscriptions/ce1bff77-08c1-4199-b7a5-52194a42b6ce/resourceGroups/Communication-RG-9182/providers/Microsoft.Communication/communicationServices/communication-service-9874",
        "status": "Succeeded",
        "startTime": "2023-03-17T11:44:14.0349709Z",
        "properties": null
      }
    },
    {
      "RequestUri": "https://api-dogfood.resources.windows-int.net/subscriptions/ce1bff77-08c1-4199-b7a5-52194a42b6ce/resourceGroups/Communication-RG-9182/providers/Microsoft.Communication/communicationServices/communication-service-9874?api-version=2023-03-01-preview",
      "RequestMethod": "GET",
      "RequestHeaders": {
        "Authorization": "Sanitized",
        "traceparent": "00-418d6f19d4c95a58901c982430109a84-b4156fb1b0a8c725-00",
        "User-Agent": "azsdk-net-ResourceManager/1.4.0 (.NET 6.0.15; Microsoft Windows 10.0.22621)",
        "x-ms-client-request-id": "12e5b101d6069eb96359539ec3d21fca",
        "x-ms-return-client-request-id": "true"
      },
      "RequestBody": null,
      "StatusCode": 200,
      "ResponseHeaders": {
        "Cache-Control": "no-cache",
        "Content-Length": "785",
        "Content-Type": "application/json; charset=utf-8",
        "Date": "Fri, 17 Mar 2023 11:45:21 GMT",
        "ETag": "\u0022e100f5cd-0000-0700-0000-641452980000\u0022",
        "Expires": "-1",
        "Pragma": "no-cache",
        "Strict-Transport-Security": "max-age=31536000; includeSubDomains",
        "X-Cache": "CONFIG_NOCACHE",
        "X-Content-Type-Options": "nosniff",
        "x-ms-client-request-id": "12e5b101d6069eb96359539ec3d21fca",
        "x-ms-correlation-request-id": "60fd632e-fc97-4e59-8fe4-f429e86bb7cb",
        "x-ms-providerhub-traffic": "True",
        "x-ms-ratelimit-remaining-subscription-reads": "14988",
        "x-ms-request-id": "d025f10a-382f-4e7b-af47-dc374d1011a2",
        "x-ms-routing-request-id": "CENTRALUS:20230317T114521Z:60fd632e-fc97-4e59-8fe4-f429e86bb7cb",
        "X-MSEdge-Ref": "Ref A: 3CDAE73288DD4F50A470E4498858D70A Ref B: STBEDGE0611 Ref C: 2023-03-17T11:45:21Z"
      },
      "ResponseBody": {
        "id": "/subscriptions/ce1bff77-08c1-4199-b7a5-52194a42b6ce/resourceGroups/Communication-RG-9182/providers/Microsoft.Communication/communicationServices/communication-service-9874",
        "name": "communication-service-9874",
        "type": "microsoft.communication/communicationservices",
        "location": "global",
        "tags": {},
        "systemData": {
          "createdBy": "dd5e080b-9821-4976-9ab1-c95d8cc8eafa",
          "createdByType": "Application",
          "createdAt": "2023-03-17T11:44:13.5031473Z",
          "lastModifiedBy": "dd5e080b-9821-4976-9ab1-c95d8cc8eafa",
          "lastModifiedByType": "Application",
          "lastModifiedAt": "2023-03-17T11:44:13.5031473Z"
        },
        "properties": {
          "provisioningState": "Succeeded",
          "hostName": "communication-service-9874.int.communication.azure.net",
          "immutableResourceId": "cba46c09-8ac2-4af4-9e24-ee5bdbd8f7d8",
          "dataLocation": "UnitedStates"
        }
      }
    },
    {
      "RequestUri": "https://api-dogfood.resources.windows-int.net/subscriptions/ce1bff77-08c1-4199-b7a5-52194a42b6ce?api-version=2021-01-01",
      "RequestMethod": "GET",
      "RequestHeaders": {
        "Accept": "application/json",
        "Authorization": "Sanitized",
        "traceparent": "00-9c15d0c4422279082781b31964d9bd5e-a2cb468e0ba2673c-00",
        "User-Agent": "azsdk-net-ResourceManager/1.4.0 (.NET 6.0.15; Microsoft Windows 10.0.22621)",
        "x-ms-client-request-id": "1c7799703e377d559ae099a084836ab2",
        "x-ms-return-client-request-id": "true"
      },
      "RequestBody": null,
      "StatusCode": 200,
      "ResponseHeaders": {
        "Cache-Control": "no-cache",
        "Content-Length": "399",
        "Content-Type": "application/json; charset=utf-8",
        "Date": "Fri, 17 Mar 2023 11:45:21 GMT",
        "Expires": "-1",
        "Pragma": "no-cache",
        "Strict-Transport-Security": "max-age=31536000; includeSubDomains",
        "X-Cache": "CONFIG_NOCACHE",
        "X-Content-Type-Options": "nosniff",
        "x-ms-correlation-request-id": "35f64b45-1624-4f8a-b2fd-414d1b7c7fa2",
        "x-ms-ratelimit-remaining-subscription-reads": "14987",
        "x-ms-request-id": "35f64b45-1624-4f8a-b2fd-414d1b7c7fa2",
        "x-ms-routing-request-id": "CENTRALUS:20230317T114521Z:35f64b45-1624-4f8a-b2fd-414d1b7c7fa2",
        "X-MSEdge-Ref": "Ref A: B3AA9DA38A564E83842A5D72D5E1C2C9 Ref B: STBEDGE0611 Ref C: 2023-03-17T11:45:21Z"
      },
      "ResponseBody": {
        "id": "/subscriptions/ce1bff77-08c1-4199-b7a5-52194a42b6ce",
        "authorizationSource": "RoleBased",
        "managedByTenants": [],
        "subscriptionId": "ce1bff77-08c1-4199-b7a5-52194a42b6ce",
        "tenantId": "f686d426-8d16-42db-81b7-ab578e110ccd",
        "displayName": "ACS Dogfood Int Env",
        "state": "Enabled",
        "subscriptionPolicies": {
          "locationPlacementId": "Public_2014-09-01",
          "quotaId": "PayAsYouGo_2014-09-01",
          "spendingLimit": "Off"
        }
      }
    },
    {
      "RequestUri": "https://api-dogfood.resources.windows-int.net/subscriptions/ce1bff77-08c1-4199-b7a5-52194a42b6ce/providers/Microsoft.Resources?api-version=**",
      "RequestMethod": "GET",
      "RequestHeaders": {
        "Accept": "application/json",
        "Authorization": "Sanitized",
        "traceparent": "00-9c15d0c4422279082781b31964d9bd5e-c7d1b9fd356a5534-00",
        "User-Agent": "azsdk-net-ResourceManager/1.4.0 (.NET 6.0.15; Microsoft Windows 10.0.22621)",
        "x-ms-client-request-id": "ab2c7546e6c75520a8c8fca82ca5898b",
        "x-ms-return-client-request-id": "true"
      },
      "RequestBody": null,
      "StatusCode": 200,
      "ResponseHeaders": {
        "Cache-Control": "no-cache",
        "Content-Length": "8232",
        "Content-Type": "application/json; charset=utf-8",
        "Date": "Fri, 17 Mar 2023 11:45:21 GMT",
        "Expires": "-1",
        "Pragma": "no-cache",
        "Strict-Transport-Security": "max-age=31536000; includeSubDomains",
        "X-Cache": "CONFIG_NOCACHE",
        "X-Content-Type-Options": "nosniff",
        "x-ms-correlation-request-id": "4d598ba8-4528-4015-9342-ad02e847b7fe",
        "x-ms-ratelimit-remaining-subscription-reads": "14986",
        "x-ms-request-id": "4d598ba8-4528-4015-9342-ad02e847b7fe",
        "x-ms-routing-request-id": "CENTRALUS:20230317T114521Z:4d598ba8-4528-4015-9342-ad02e847b7fe",
        "X-MSEdge-Ref": "Ref A: A7DB1AEC98CA48629AEB93DFA9F440A5 Ref B: STBEDGE0611 Ref C: 2023-03-17T11:45:21Z"
      },
      "ResponseBody": {
        "id": "/subscriptions/ce1bff77-08c1-4199-b7a5-52194a42b6ce/providers/Microsoft.Resources",
        "namespace": "Microsoft.Resources",
        "authorizations": [
          {
            "applicationId": "12a98b7b-dd08-49c0-94b6-4b1b48909d02"
          },
          {
            "applicationId": "3b990c8b-9607-4c2a-8b04-1d41985facca"
          }
        ],
        "resourceTypes": [
          {
            "resourceType": "tagnamespaces",
            "locations": [
              "Australia Central",
              "Australia Central 2",
              "Australia East",
              "Australia Southeast",
              "Brazil South",
              "Brazil Southeast",
              "Canada Central",
              "Canada East",
              "Central India",
              "Central US",
              "Central US EUAP",
              "East Asia",
              "East US",
              "East US 2",
              "East US 2 EUAP",
              "East US SLV",
              "Israel Central",
              "Japan East",
              "Japan West",
              "Korea Central",
              "Korea South",
              "North Central US",
              "Qatar Central",
              "South Africa North",
              "South Africa West",
              "South Central US",
              "South India",
              "Southeast Asia",
              "Taiwan North",
              "UAE Central",
              "UAE North",
              "West Central US",
              "West India",
              "West US",
              "West US 2",
              "West US 3",
              "France Central",
              "France South",
              "Germany North",
              "Germany West Central",
              "Italy North",
              "North Europe",
              "Norway East",
              "Norway West",
              "Poland Central",
              "Sweden South",
              "Sweden Central",
              "Switzerland West",
              "Switzerland North",
              "West Europe",
              "UK South",
              "UK West"
            ],
            "apiVersions": [
              "2023-03-01-preview"
            ],
            "capabilities": "SupportsExtension"
          },
          {
            "resourceType": "tagNamespaceOperationResults",
            "locations": [],
            "apiVersions": [
              "2023-03-01-preview"
            ],
            "capabilities": "None"
          },
          {
            "resourceType": "templateSpecs",
            "locations": [
              "East US",
              "East US 2",
              "West Central US",
              "West US",
              "West US 2",
              "Central US"
            ],
            "apiVersions": [
              "2022-02-01",
              "2021-05-01",
              "2021-03-01-preview",
              "2019-06-01-preview"
            ],
            "capabilities": "CrossResourceGroupResourceMove, CrossSubscriptionResourceMove, SupportsTags, SupportsLocation"
          },
          {
            "resourceType": "templateSpecs/versions",
            "locations": [
              "East US",
              "East US 2",
              "West Central US",
              "West US",
              "West US 2",
              "Central US"
            ],
            "apiVersions": [
              "2022-02-01",
              "2021-05-01",
              "2021-03-01-preview",
              "2019-06-01-preview"
            ],
            "capabilities": "CrossResourceGroupResourceMove, CrossSubscriptionResourceMove, SupportsTags, SupportsLocation"
          },
          {
            "resourceType": "builtInTemplateSpecs",
            "locations": [],
            "apiVersions": [
              "2022-02-01"
            ],
            "capabilities": "None"
          },
          {
            "resourceType": "builtInTemplateSpecs/versions",
            "locations": [],
            "apiVersions": [
              "2022-02-01"
            ],
            "capabilities": "None"
          },
          {
            "resourceType": "deploymentStacks",
            "locations": [
              "East US",
              "East US 2",
              "East US 2 EUAP",
              "West Central US",
              "West US",
              "West US 2",
              "Central US"
            ],
            "apiVersions": [
              "2023-04-01-preview",
              "2022-08-01-preview",
              "2021-05-01-preview"
            ],
            "capabilities": "SupportsExtension"
          },
          {
            "resourceType": "deploymentStacks/snapshots",
            "locations": [
              "East US",
              "East US 2",
              "East US 2 EUAP",
              "West Central US",
              "West US",
              "West US 2",
              "Central US"
            ],
            "apiVersions": [
              "2023-04-01-preview",
              "2022-08-01-preview",
              "2021-05-01-preview"
            ],
            "capabilities": "None"
          },
          {
            "resourceType": "locations/deploymentStackOperationStatus",
            "locations": [
              "East US",
              "East US 2",
              "East US 2 EUAP",
              "West Central US",
              "West US",
              "West US 2",
              "Central US"
            ],
            "apiVersions": [
              "2023-04-01-preview",
              "2022-08-01-preview",
              "2021-05-01-preview"
            ],
            "capabilities": "None"
          },
          {
            "resourceType": "boundaries",
            "locations": [],
            "apiVersions": [
              "2021-09-01-preview"
            ],
            "capabilities": "SupportsExtension"
          },
          {
            "resourceType": "notifyResourceJobs",
            "locations": [],
            "apiVersions": [
              "2019-09-01",
              "2019-05-01",
              "2019-04-01",
              "2019-03-01",
              "2018-11-01",
              "2018-09-01",
              "2018-08-01",
              "2018-07-01",
              "2018-05-01",
              "2018-02-01",
              "2015-01-01",
              "2014-04-01-preview"
            ],
            "capabilities": "None"
          },
          {
            "resourceType": "tenants",
            "locations": [],
            "apiVersions": [
              "2018-05-01",
              "2015-01-01",
              "2014-04-01-preview"
            ],
            "capabilities": "None"
          },
          {
            "resourceType": "locations",
            "locations": [],
            "apiVersions": [
              "2018-05-01",
              "2016-06-01",
              "2016-02-01",
              "2015-11-01",
              "2015-01-01",
              "2014-04-01-preview"
            ],
            "capabilities": "None"
          },
          {
            "resourceType": "providers",
            "locations": [],
            "apiVersions": [
              "2018-05-01",
              "2015-01-01",
              "2014-04-01-preview"
            ],
            "capabilities": "None"
          },
          {
            "resourceType": "checkresourcename",
            "locations": [],
            "apiVersions": [
              "2018-05-01",
              "2015-01-01",
              "2014-04-01-preview"
            ],
            "capabilities": "None"
          },
          {
            "resourceType": "calculateTemplateHash",
            "locations": [],
            "apiVersions": [
              "2018-05-01",
              "2015-01-01",
              "2014-04-01-preview"
            ],
            "capabilities": "None"
          },
          {
            "resourceType": "checkPolicyCompliance",
            "locations": [],
            "apiVersions": [
              "2018-05-01",
              "2018-02-01",
              "2018-01-01",
              "2017-08-01",
              "2017-06-01",
              "2017-05-10",
              "2017-05-01",
              "2017-03-01",
              "2016-09-01",
              "2016-07-01",
              "2016-06-01",
              "2016-02-01",
              "2015-11-01",
              "2015-01-01",
              "2014-04-01-preview"
            ],
            "capabilities": "None"
          },
          {
            "resourceType": "resources",
            "locations": [],
            "apiVersions": [
              "2018-05-01",
              "2015-01-01",
              "2014-04-01-preview"
            ],
            "capabilities": "None"
          },
          {
            "resourceType": "subscriptions",
            "locations": [],
            "apiVersions": [
              "2018-05-01",
              "2015-01-01",
              "2014-04-01-preview"
            ],
            "capabilities": "None"
          },
          {
            "resourceType": "subscriptions/resources",
            "locations": [],
            "apiVersions": [
              "2018-05-01",
              "2015-01-01",
              "2014-04-01-preview"
            ],
            "capabilities": "None"
          },
          {
            "resourceType": "subscriptions/providers",
            "locations": [],
            "apiVersions": [
              "2018-05-01",
              "2015-01-01",
              "2014-04-01-preview"
            ],
            "capabilities": "None"
          },
          {
            "resourceType": "operationresults",
            "locations": [],
            "apiVersions": [
              "2018-05-01",
              "2015-01-01",
              "2014-04-01-preview"
            ],
            "capabilities": "None"
          },
          {
            "resourceType": "subscriptions/operationresults",
            "locations": [],
            "apiVersions": [
              "2018-05-01",
              "2015-01-01",
              "2014-04-01-preview"
            ],
            "capabilities": "None"
          },
          {
            "resourceType": "resourceGroups",
            "locations": [
              "East Asia",
              "Southeast Asia",
              "East US",
              "East US 2",
              "West US",
              "West US 2",
              "West US 3",
              "Central US",
              "North Central US",
              "South Central US",
              "North Europe",
              "West Europe",
              "Japan East",
              "Japan West",
              "Brazil South",
              "Australia Southeast",
              "Australia East"
            ],
            "apiVersions": [
              "2018-05-01",
              "2015-01-01",
              "2014-04-01-preview"
            ],
            "capabilities": "SupportsLocation"
          },
          {
            "resourceType": "subscriptions/resourceGroups",
            "locations": [
              "East Asia",
              "Southeast Asia",
              "East US",
              "East US 2",
              "West US",
              "West US 2",
              "West US 3",
              "Central US",
              "North Central US",
              "South Central US",
              "North Europe",
              "West Europe",
              "Japan East",
              "Japan West",
              "Brazil South",
              "Australia Southeast",
              "Australia East"
            ],
            "apiVersions": [
              "2018-05-01",
              "2015-01-01",
              "2014-04-01-preview"
            ],
            "capabilities": "SupportsLocation"
          },
          {
            "resourceType": "subscriptions/resourcegroups/resources",
            "locations": [],
            "apiVersions": [
              "2018-05-01",
              "2015-01-01",
              "2014-04-01-preview"
            ],
            "capabilities": "None"
          },
          {
            "resourceType": "subscriptions/locations",
            "locations": [],
            "apiVersions": [
              "2018-05-01",
              "2015-01-01",
              "2014-04-01-preview"
            ],
            "capabilities": "None"
          },
          {
            "resourceType": "tags",
            "locations": [],
            "apiVersions": [
              "2019-10-01",
              "2019-05-01",
              "2019-04-01",
              "2019-03-01",
              "2018-11-01"
            ],
            "capabilities": "SupportsExtension"
          },
          {
            "resourceType": "subscriptions/tagnames",
            "locations": [],
            "apiVersions": [
              "2018-05-01",
              "2015-01-01",
              "2014-04-01-preview"
            ],
            "capabilities": "None"
          },
          {
            "resourceType": "subscriptions/tagNames/tagValues",
            "locations": [],
            "apiVersions": [
              "2018-05-01",
              "2015-01-01",
              "2014-04-01-preview"
            ],
            "capabilities": "None"
          },
          {
            "resourceType": "links",
            "locations": [],
            "apiVersions": [
              "2018-05-01",
              "2015-01-01",
              "2014-04-01-preview"
            ],
            "capabilities": "SupportsExtension"
          },
          {
            "resourceType": "deployments",
            "locations": [
              "East US",
              "East US 2",
              "East US 2 EUAP",
              "West Central US",
              "West US",
              "West US 2"
            ],
            "apiVersions": [
              "2021-04-01",
              "2021-01-01",
              "2020-10-01",
              "2020-06-01",
              "2019-08-01",
              "2018-05-01",
              "2016-02-01",
              "2015-11-01",
              "2015-01-01",
              "2014-04-01-preview"
            ],
            "capabilities": "SupportsTags, SupportsExtension"
          },
          {
            "resourceType": "deployments/operations",
            "locations": [
              "East US",
              "East US 2",
              "East US 2 EUAP",
              "West Central US",
              "West US",
              "West US 2"
            ],
            "apiVersions": [
              "2021-04-01",
              "2021-01-01",
              "2020-10-01",
              "2020-06-01",
              "2019-08-01",
              "2018-05-01",
              "2016-02-01",
              "2015-11-01",
              "2015-01-01",
              "2014-04-01-preview"
            ],
            "capabilities": "None"
          },
          {
            "resourceType": "locations/deploymentStatuses",
            "locations": [
              "East US",
              "East US 2",
              "East US 2 EUAP",
              "West Central US",
              "West US",
              "West US 2"
            ],
            "apiVersions": [
              "2021-04-01",
              "2021-01-01",
              "2020-10-01",
              "2020-06-01",
              "2019-08-01",
              "2018-05-01",
              "2016-02-01",
              "2015-11-01",
              "2015-01-01",
              "2014-04-01-preview"
            ],
            "capabilities": "None"
          },
          {
            "resourceType": "validateResources",
            "locations": [],
            "apiVersions": [
              "2022-06-01"
            ],
            "capabilities": "None"
          },
          {
            "resourceType": "operations",
            "locations": [],
            "apiVersions": [
              "2015-01-01"
            ],
            "capabilities": "None"
          },
          {
            "resourceType": "changes",
            "locations": [],
            "apiVersions": [
              "2023-03-01-preview",
              "2022-05-01",
              "2022-03-01-preview"
            ],
            "capabilities": "SupportsExtension"
          }
        ],
        "registrationState": "Registered",
        "registrationPolicy": "RegistrationFree"
      }
    },
    {
      "RequestUri": "https://api-dogfood.resources.windows-int.net/subscriptions/ce1bff77-08c1-4199-b7a5-52194a42b6ce/resourceGroups/Communication-RG-9182/providers/Microsoft.Communication/communicationServices/communication-service-9874/providers/Microsoft.Resources/tags/default?api-version=**",
      "RequestMethod": "GET",
      "RequestHeaders": {
        "Accept": "application/json",
        "Authorization": "Sanitized",
        "traceparent": "00-9c15d0c4422279082781b31964d9bd5e-b66fd0e2e2281818-00",
        "User-Agent": "azsdk-net-ResourceManager/1.4.0 (.NET 6.0.15; Microsoft Windows 10.0.22621)",
        "x-ms-client-request-id": "01dc7028f608c3f65b6777263c181adf",
        "x-ms-return-client-request-id": "true"
      },
      "RequestBody": null,
      "StatusCode": 200,
      "ResponseHeaders": {
        "Cache-Control": "no-cache",
        "Content-Length": "299",
        "Content-Type": "application/json; charset=utf-8",
        "Date": "Fri, 17 Mar 2023 11:45:21 GMT",
        "Expires": "-1",
        "Pragma": "no-cache",
        "Strict-Transport-Security": "max-age=31536000; includeSubDomains",
        "X-Cache": "CONFIG_NOCACHE",
        "X-Content-Type-Options": "nosniff",
        "x-ms-correlation-request-id": "02d17dfe-8cfb-495d-8ae2-87f398f45098",
        "x-ms-ratelimit-remaining-subscription-reads": "14985",
        "x-ms-request-id": "02d17dfe-8cfb-495d-8ae2-87f398f45098",
        "x-ms-routing-request-id": "CENTRALUS:20230317T114521Z:02d17dfe-8cfb-495d-8ae2-87f398f45098",
        "X-MSEdge-Ref": "Ref A: C0D3EE659DA24C5B8EE06E814AE01080 Ref B: STBEDGE0611 Ref C: 2023-03-17T11:45:21Z"
      },
      "ResponseBody": {
        "id": "/subscriptions/ce1bff77-08c1-4199-b7a5-52194a42b6ce/resourceGroups/Communication-RG-9182/providers/Microsoft.Communication/CommunicationServices/communication-service-9874/providers/Microsoft.Resources/tags/default",
        "name": "default",
        "type": "Microsoft.Resources/tags",
        "properties": {
          "tags": {}
        }
      }
    },
    {
      "RequestUri": "https://api-dogfood.resources.windows-int.net/subscriptions/ce1bff77-08c1-4199-b7a5-52194a42b6ce/resourceGroups/Communication-RG-9182/providers/Microsoft.Communication/communicationServices/communication-service-9874/providers/Microsoft.Resources/tags/default?api-version=**",
      "RequestMethod": "PUT",
      "RequestHeaders": {
        "Accept": "application/json",
        "Authorization": "Sanitized",
        "Content-Length": "47",
        "Content-Type": "application/json",
        "traceparent": "00-9c15d0c4422279082781b31964d9bd5e-f2da61c2734bd57e-00",
        "User-Agent": "azsdk-net-ResourceManager/1.4.0 (.NET 6.0.15; Microsoft Windows 10.0.22621)",
        "x-ms-client-request-id": "4e57a0ef74a58a037821736f41ad50f5",
        "x-ms-return-client-request-id": "true"
      },
      "RequestBody": {
        "properties": {
          "tags": {
            "testkey": "testvalue"
          }
        }
      },
      "StatusCode": 200,
      "ResponseHeaders": {
        "Cache-Control": "no-cache",
        "Content-Length": "320",
        "Content-Type": "application/json; charset=utf-8",
        "Date": "Fri, 17 Mar 2023 11:45:22 GMT",
        "Expires": "-1",
        "Pragma": "no-cache",
        "Strict-Transport-Security": "max-age=31536000; includeSubDomains",
        "X-Cache": "CONFIG_NOCACHE",
        "X-Content-Type-Options": "nosniff",
        "x-ms-correlation-request-id": "8b2cbbad-ceda-4a11-8efb-9ea1b4c0b7f3",
        "x-ms-ratelimit-remaining-subscription-writes": "1197",
        "x-ms-request-id": "8b2cbbad-ceda-4a11-8efb-9ea1b4c0b7f3",
        "x-ms-routing-request-id": "CENTRALUS:20230317T114522Z:8b2cbbad-ceda-4a11-8efb-9ea1b4c0b7f3",
        "X-MSEdge-Ref": "Ref A: 75D21DD997564C46986F9C2D20B658A0 Ref B: STBEDGE0611 Ref C: 2023-03-17T11:45:21Z"
      },
      "ResponseBody": {
        "id": "/subscriptions/ce1bff77-08c1-4199-b7a5-52194a42b6ce/resourceGroups/Communication-RG-9182/providers/Microsoft.Communication/CommunicationServices/communication-service-9874/providers/Microsoft.Resources/tags/default",
        "name": "default",
        "type": "Microsoft.Resources/tags",
        "properties": {
          "tags": {
            "testkey": "testvalue"
          }
        }
      }
    },
    {
      "RequestUri": "https://api-dogfood.resources.windows-int.net/subscriptions/ce1bff77-08c1-4199-b7a5-52194a42b6ce/resourceGroups/Communication-RG-9182/providers/Microsoft.Communication/communicationServices/communication-service-9874?api-version=2023-03-01-preview",
      "RequestMethod": "GET",
      "RequestHeaders": {
        "Accept": "application/json",
        "Authorization": "Sanitized",
        "traceparent": "00-9c15d0c4422279082781b31964d9bd5e-5b33a9876adec865-00",
        "User-Agent": "azsdk-net-ResourceManager.Communication/1.1.0-alpha.20230316.1 (.NET 6.0.15; Microsoft Windows 10.0.22621)",
        "x-ms-client-request-id": "8cb91cad3a4db4e56d5188e7838781ae",
        "x-ms-return-client-request-id": "true"
      },
      "RequestBody": null,
      "StatusCode": 200,
      "ResponseHeaders": {
        "Cache-Control": "no-cache",
        "Content-Length": "806",
        "Content-Type": "application/json; charset=utf-8",
        "Date": "Fri, 17 Mar 2023 11:45:22 GMT",
        "ETag": "\u0022e100bad3-0000-0700-0000-641452d20000\u0022",
        "Expires": "-1",
        "Pragma": "no-cache",
        "Strict-Transport-Security": "max-age=31536000; includeSubDomains",
        "X-Cache": "CONFIG_NOCACHE",
        "X-Content-Type-Options": "nosniff",
        "x-ms-client-request-id": "8cb91cad3a4db4e56d5188e7838781ae",
        "x-ms-correlation-request-id": "b9c1babf-8a56-4a67-afc2-32e5124478ba",
        "x-ms-providerhub-traffic": "True",
        "x-ms-ratelimit-remaining-subscription-reads": "14984",
        "x-ms-request-id": "c96ebfc1-7a4e-44be-a823-672e915bab1c",
        "x-ms-routing-request-id": "CENTRALUS:20230317T114522Z:b9c1babf-8a56-4a67-afc2-32e5124478ba",
        "X-MSEdge-Ref": "Ref A: 1DE4D2D129754013BB7CD4679287EDF5 Ref B: STBEDGE0611 Ref C: 2023-03-17T11:45:22Z"
      },
      "ResponseBody": {
        "id": "/subscriptions/ce1bff77-08c1-4199-b7a5-52194a42b6ce/resourceGroups/Communication-RG-9182/providers/Microsoft.Communication/communicationServices/communication-service-9874",
        "name": "communication-service-9874",
        "type": "microsoft.communication/communicationservices",
        "location": "global",
        "tags": {
          "testkey": "testvalue"
        },
        "systemData": {
          "createdBy": "dd5e080b-9821-4976-9ab1-c95d8cc8eafa",
          "createdByType": "Application",
          "createdAt": "2023-03-17T11:44:13.5031473Z",
          "lastModifiedBy": "dd5e080b-9821-4976-9ab1-c95d8cc8eafa",
          "lastModifiedByType": "Application",
          "lastModifiedAt": "2023-03-17T11:45:22.0455361Z"
        },
        "properties": {
          "hostName": "communication-service-9874.int.communication.azure.net",
          "immutableResourceId": "cba46c09-8ac2-4af4-9e24-ee5bdbd8f7d8",
          "dataLocation": "UnitedStates",
          "provisioningState": "Succeeded"
        }
      }
    },
    {
      "RequestUri": "https://api-dogfood.resources.windows-int.net/subscriptions/ce1bff77-08c1-4199-b7a5-52194a42b6ce/resourceGroups/Communication-RG-9182/providers/Microsoft.Communication/communicationServices/communication-service-9874?api-version=2023-03-01-preview",
      "RequestMethod": "GET",
      "RequestHeaders": {
        "Accept": "application/json",
        "Authorization": "Sanitized",
        "traceparent": "00-bfeae8cb5f90d929a9e9a53029ef998b-21484742183b6297-00",
        "User-Agent": "azsdk-net-ResourceManager.Communication/1.1.0-alpha.20230316.1 (.NET 6.0.15; Microsoft Windows 10.0.22621)",
        "x-ms-client-request-id": "2dcf821606a08538f507d03c25a41c7e",
        "x-ms-return-client-request-id": "true"
      },
      "RequestBody": null,
      "StatusCode": 200,
      "ResponseHeaders": {
        "Cache-Control": "no-cache",
        "Content-Length": "806",
        "Content-Type": "application/json; charset=utf-8",
        "Date": "Fri, 17 Mar 2023 11:45:22 GMT",
        "ETag": "\u0022e100bad3-0000-0700-0000-641452d20000\u0022",
        "Expires": "-1",
        "Pragma": "no-cache",
        "Strict-Transport-Security": "max-age=31536000; includeSubDomains",
        "X-Cache": "CONFIG_NOCACHE",
        "X-Content-Type-Options": "nosniff",
        "x-ms-client-request-id": "2dcf821606a08538f507d03c25a41c7e",
        "x-ms-correlation-request-id": "7205a149-458c-4e0f-9670-4a501cf9fa73",
        "x-ms-providerhub-traffic": "True",
        "x-ms-ratelimit-remaining-subscription-reads": "14983",
        "x-ms-request-id": "833e3f62-5e14-49e8-90c4-fe1c4bc97175",
        "x-ms-routing-request-id": "CENTRALUS:20230317T114522Z:7205a149-458c-4e0f-9670-4a501cf9fa73",
        "X-MSEdge-Ref": "Ref A: 579A0576914F4BAD833AC13C79A9DB88 Ref B: STBEDGE0611 Ref C: 2023-03-17T11:45:22Z"
      },
      "ResponseBody": {
        "id": "/subscriptions/ce1bff77-08c1-4199-b7a5-52194a42b6ce/resourceGroups/Communication-RG-9182/providers/Microsoft.Communication/communicationServices/communication-service-9874",
        "name": "communication-service-9874",
        "type": "microsoft.communication/communicationservices",
        "location": "global",
        "tags": {
          "testkey": "testvalue"
        },
        "systemData": {
          "createdBy": "dd5e080b-9821-4976-9ab1-c95d8cc8eafa",
          "createdByType": "Application",
          "createdAt": "2023-03-17T11:44:13.5031473Z",
          "lastModifiedBy": "dd5e080b-9821-4976-9ab1-c95d8cc8eafa",
          "lastModifiedByType": "Application",
          "lastModifiedAt": "2023-03-17T11:45:22.0455361Z"
        },
        "properties": {
          "hostName": "communication-service-9874.int.communication.azure.net",
          "immutableResourceId": "cba46c09-8ac2-4af4-9e24-ee5bdbd8f7d8",
          "dataLocation": "UnitedStates",
          "provisioningState": "Succeeded"
        }
      }
    },
    {
      "RequestUri": "https://api-dogfood.resources.windows-int.net/subscriptions/ce1bff77-08c1-4199-b7a5-52194a42b6ce/resourceGroups/Communication-RG-9182/providers/Microsoft.Communication/communicationServices/communication-service-9874/providers/Microsoft.Resources/tags/default?api-version=**",
      "RequestMethod": "DELETE",
      "RequestHeaders": {
        "Accept": "application/json",
        "Authorization": "Sanitized",
        "traceparent": "00-3e32df4ad4c38e9e7d0ef7df4784bfe8-c876b6b0448d3fcc-00",
        "User-Agent": "azsdk-net-ResourceManager/1.4.0 (.NET 6.0.15; Microsoft Windows 10.0.22621)",
        "x-ms-client-request-id": "25c1e407c4f41ba728c3a655e0c3cdf6",
        "x-ms-return-client-request-id": "true"
      },
      "RequestBody": null,
      "StatusCode": 200,
      "ResponseHeaders": {
        "Cache-Control": "no-cache",
        "Content-Length": "0",
        "Date": "Fri, 17 Mar 2023 11:45:23 GMT",
        "Expires": "-1",
        "Pragma": "no-cache",
        "Strict-Transport-Security": "max-age=31536000; includeSubDomains",
        "X-Cache": "CONFIG_NOCACHE",
        "X-Content-Type-Options": "nosniff",
        "x-ms-correlation-request-id": "3138b973-d012-4183-9164-5d81a7bacd79",
        "x-ms-ratelimit-remaining-subscription-deletes": "14999",
        "x-ms-request-id": "3138b973-d012-4183-9164-5d81a7bacd79",
        "x-ms-routing-request-id": "CENTRALUS:20230317T114523Z:3138b973-d012-4183-9164-5d81a7bacd79",
        "X-MSEdge-Ref": "Ref A: 0313E4B25B8C477A8007084196AE261A Ref B: STBEDGE0611 Ref C: 2023-03-17T11:45:22Z"
      },
      "ResponseBody": null
    },
    {
      "RequestUri": "https://api-dogfood.resources.windows-int.net/subscriptions/ce1bff77-08c1-4199-b7a5-52194a42b6ce/resourceGroups/Communication-RG-9182/providers/Microsoft.Communication/communicationServices/communication-service-9874/providers/Microsoft.Resources/tags/default?api-version=**",
      "RequestMethod": "GET",
      "RequestHeaders": {
        "Accept": "application/json",
        "Authorization": "Sanitized",
        "traceparent": "00-3e32df4ad4c38e9e7d0ef7df4784bfe8-5b01e7e15d03f690-00",
        "User-Agent": "azsdk-net-ResourceManager/1.4.0 (.NET 6.0.15; Microsoft Windows 10.0.22621)",
        "x-ms-client-request-id": "9fdf09355cc552badab305dd60e3a432",
        "x-ms-return-client-request-id": "true"
      },
      "RequestBody": null,
      "StatusCode": 200,
      "ResponseHeaders": {
        "Cache-Control": "no-cache",
        "Content-Length": "299",
        "Content-Type": "application/json; charset=utf-8",
        "Date": "Fri, 17 Mar 2023 11:45:23 GMT",
        "Expires": "-1",
        "Pragma": "no-cache",
        "Strict-Transport-Security": "max-age=31536000; includeSubDomains",
        "X-Cache": "CONFIG_NOCACHE",
        "X-Content-Type-Options": "nosniff",
        "x-ms-correlation-request-id": "8e6264de-5627-43a2-9161-d504ec827bde",
        "x-ms-ratelimit-remaining-subscription-reads": "14982",
        "x-ms-request-id": "8e6264de-5627-43a2-9161-d504ec827bde",
        "x-ms-routing-request-id": "CENTRALUS:20230317T114523Z:8e6264de-5627-43a2-9161-d504ec827bde",
        "X-MSEdge-Ref": "Ref A: 8FA7AFEE7DE6478BA11A0FE200BAE4D7 Ref B: STBEDGE0611 Ref C: 2023-03-17T11:45:23Z"
      },
      "ResponseBody": {
        "id": "/subscriptions/ce1bff77-08c1-4199-b7a5-52194a42b6ce/resourceGroups/Communication-RG-9182/providers/Microsoft.Communication/CommunicationServices/communication-service-9874/providers/Microsoft.Resources/tags/default",
        "name": "default",
        "type": "Microsoft.Resources/tags",
        "properties": {
          "tags": {}
        }
      }
    },
    {
      "RequestUri": "https://api-dogfood.resources.windows-int.net/subscriptions/ce1bff77-08c1-4199-b7a5-52194a42b6ce/resourceGroups/Communication-RG-9182/providers/Microsoft.Communication/communicationServices/communication-service-9874/providers/Microsoft.Resources/tags/default?api-version=**",
      "RequestMethod": "PUT",
      "RequestHeaders": {
        "Accept": "application/json",
        "Authorization": "Sanitized",
        "Content-Length": "53",
        "Content-Type": "application/json",
        "traceparent": "00-3e32df4ad4c38e9e7d0ef7df4784bfe8-d0b1826276b91aa4-00",
        "User-Agent": "azsdk-net-ResourceManager/1.4.0 (.NET 6.0.15; Microsoft Windows 10.0.22621)",
        "x-ms-client-request-id": "8455d93a305b1b54f51a41c02e61b17f",
        "x-ms-return-client-request-id": "true"
      },
      "RequestBody": {
        "properties": {
          "tags": {
            "newtestkey": "newtestvalue"
          }
        }
      },
      "StatusCode": 200,
      "ResponseHeaders": {
        "Cache-Control": "no-cache",
        "Content-Length": "326",
        "Content-Type": "application/json; charset=utf-8",
        "Date": "Fri, 17 Mar 2023 11:45:24 GMT",
        "Expires": "-1",
        "Pragma": "no-cache",
        "Strict-Transport-Security": "max-age=31536000; includeSubDomains",
        "X-Cache": "CONFIG_NOCACHE",
        "X-Content-Type-Options": "nosniff",
        "x-ms-correlation-request-id": "8bd2ff21-21b8-465e-9bae-490e9333f9aa",
        "x-ms-ratelimit-remaining-subscription-writes": "1196",
        "x-ms-request-id": "8bd2ff21-21b8-465e-9bae-490e9333f9aa",
        "x-ms-routing-request-id": "CENTRALUS:20230317T114524Z:8bd2ff21-21b8-465e-9bae-490e9333f9aa",
        "X-MSEdge-Ref": "Ref A: 545C1D5E6C884B43A1635C3AF4ACB88A Ref B: STBEDGE0611 Ref C: 2023-03-17T11:45:23Z"
      },
      "ResponseBody": {
        "id": "/subscriptions/ce1bff77-08c1-4199-b7a5-52194a42b6ce/resourceGroups/Communication-RG-9182/providers/Microsoft.Communication/CommunicationServices/communication-service-9874/providers/Microsoft.Resources/tags/default",
        "name": "default",
        "type": "Microsoft.Resources/tags",
        "properties": {
          "tags": {
            "newtestkey": "newtestvalue"
          }
        }
      }
    },
    {
      "RequestUri": "https://api-dogfood.resources.windows-int.net/subscriptions/ce1bff77-08c1-4199-b7a5-52194a42b6ce/resourceGroups/Communication-RG-9182/providers/Microsoft.Communication/communicationServices/communication-service-9874?api-version=2023-03-01-preview",
      "RequestMethod": "GET",
      "RequestHeaders": {
        "Accept": "application/json",
        "Authorization": "Sanitized",
        "traceparent": "00-3e32df4ad4c38e9e7d0ef7df4784bfe8-abad16cfef3eedd0-00",
        "User-Agent": "azsdk-net-ResourceManager.Communication/1.1.0-alpha.20230316.1 (.NET 6.0.15; Microsoft Windows 10.0.22621)",
        "x-ms-client-request-id": "900b638e0a54056db5c4a9ab1af92378",
        "x-ms-return-client-request-id": "true"
      },
      "RequestBody": null,
      "StatusCode": 200,
      "ResponseHeaders": {
        "Cache-Control": "no-cache",
        "Content-Length": "812",
        "Content-Type": "application/json; charset=utf-8",
        "Date": "Fri, 17 Mar 2023 11:45:24 GMT",
        "ETag": "\u0022e100edd3-0000-0700-0000-641452d40000\u0022",
        "Expires": "-1",
        "Pragma": "no-cache",
        "Strict-Transport-Security": "max-age=31536000; includeSubDomains",
        "X-Cache": "CONFIG_NOCACHE",
        "X-Content-Type-Options": "nosniff",
        "x-ms-client-request-id": "900b638e0a54056db5c4a9ab1af92378",
        "x-ms-correlation-request-id": "1e0bae31-5886-49db-a8a9-903c84701289",
        "x-ms-providerhub-traffic": "True",
        "x-ms-ratelimit-remaining-subscription-reads": "14981",
        "x-ms-request-id": "30d5ddb0-2ae2-405a-a309-88ddfd95f899",
        "x-ms-routing-request-id": "CENTRALUS:20230317T114524Z:1e0bae31-5886-49db-a8a9-903c84701289",
        "X-MSEdge-Ref": "Ref A: 93B461ED66534958A3E156E3CA60578D Ref B: STBEDGE0611 Ref C: 2023-03-17T11:45:24Z"
      },
      "ResponseBody": {
        "id": "/subscriptions/ce1bff77-08c1-4199-b7a5-52194a42b6ce/resourceGroups/Communication-RG-9182/providers/Microsoft.Communication/communicationServices/communication-service-9874",
        "name": "communication-service-9874",
        "type": "microsoft.communication/communicationservices",
        "location": "global",
        "tags": {
          "newtestkey": "newtestvalue"
        },
        "systemData": {
          "createdBy": "dd5e080b-9821-4976-9ab1-c95d8cc8eafa",
          "createdByType": "Application",
          "createdAt": "2023-03-17T11:44:13.5031473Z",
          "lastModifiedBy": "dd5e080b-9821-4976-9ab1-c95d8cc8eafa",
          "lastModifiedByType": "Application",
          "lastModifiedAt": "2023-03-17T11:45:23.9362149Z"
        },
        "properties": {
          "hostName": "communication-service-9874.int.communication.azure.net",
          "immutableResourceId": "cba46c09-8ac2-4af4-9e24-ee5bdbd8f7d8",
          "dataLocation": "UnitedStates",
          "provisioningState": "Succeeded"
        }
      }
    },
    {
      "RequestUri": "https://api-dogfood.resources.windows-int.net/subscriptions/ce1bff77-08c1-4199-b7a5-52194a42b6ce/resourceGroups/Communication-RG-9182/providers/Microsoft.Communication/communicationServices/communication-service-9874?api-version=2023-03-01-preview",
      "RequestMethod": "GET",
      "RequestHeaders": {
        "Accept": "application/json",
        "Authorization": "Sanitized",
        "traceparent": "00-e5ece72e2a15e67d908a35098ba72f7e-4b177fb2dbd7a1ef-00",
        "User-Agent": "azsdk-net-ResourceManager.Communication/1.1.0-alpha.20230316.1 (.NET 6.0.15; Microsoft Windows 10.0.22621)",
        "x-ms-client-request-id": "83a78601cdc30c4fa8c99d651edc34e3",
        "x-ms-return-client-request-id": "true"
      },
      "RequestBody": null,
      "StatusCode": 200,
      "ResponseHeaders": {
        "Cache-Control": "no-cache",
        "Content-Length": "812",
        "Content-Type": "application/json; charset=utf-8",
        "Date": "Fri, 17 Mar 2023 11:45:24 GMT",
        "ETag": "\u0022e100edd3-0000-0700-0000-641452d40000\u0022",
        "Expires": "-1",
        "Pragma": "no-cache",
        "Strict-Transport-Security": "max-age=31536000; includeSubDomains",
        "X-Cache": "CONFIG_NOCACHE",
        "X-Content-Type-Options": "nosniff",
        "x-ms-client-request-id": "83a78601cdc30c4fa8c99d651edc34e3",
        "x-ms-correlation-request-id": "81270512-aab8-4ec1-8b10-259acbb79f60",
        "x-ms-providerhub-traffic": "True",
        "x-ms-ratelimit-remaining-subscription-reads": "14980",
        "x-ms-request-id": "498d9236-a4eb-4a4f-aa81-586dbefc1be9",
        "x-ms-routing-request-id": "CENTRALUS:20230317T114524Z:81270512-aab8-4ec1-8b10-259acbb79f60",
        "X-MSEdge-Ref": "Ref A: 3253CA939FAF446E8877E15E0A4D12CB Ref B: STBEDGE0611 Ref C: 2023-03-17T11:45:24Z"
      },
      "ResponseBody": {
        "id": "/subscriptions/ce1bff77-08c1-4199-b7a5-52194a42b6ce/resourceGroups/Communication-RG-9182/providers/Microsoft.Communication/communicationServices/communication-service-9874",
        "name": "communication-service-9874",
        "type": "microsoft.communication/communicationservices",
        "location": "global",
        "tags": {
          "newtestkey": "newtestvalue"
        },
        "systemData": {
          "createdBy": "dd5e080b-9821-4976-9ab1-c95d8cc8eafa",
          "createdByType": "Application",
          "createdAt": "2023-03-17T11:44:13.5031473Z",
          "lastModifiedBy": "dd5e080b-9821-4976-9ab1-c95d8cc8eafa",
          "lastModifiedByType": "Application",
          "lastModifiedAt": "2023-03-17T11:45:23.9362149Z"
        },
        "properties": {
          "hostName": "communication-service-9874.int.communication.azure.net",
          "immutableResourceId": "cba46c09-8ac2-4af4-9e24-ee5bdbd8f7d8",
          "dataLocation": "UnitedStates",
          "provisioningState": "Succeeded"
        }
      }
    },
    {
      "RequestUri": "https://api-dogfood.resources.windows-int.net/subscriptions/ce1bff77-08c1-4199-b7a5-52194a42b6ce/resourceGroups/Communication-RG-9182/providers/Microsoft.Communication/communicationServices?api-version=2023-03-01-preview",
      "RequestMethod": "GET",
      "RequestHeaders": {
        "Accept": "application/json",
        "Authorization": "Sanitized",
        "User-Agent": "azsdk-net-ResourceManager.Communication/1.1.0-alpha.20230316.1 (.NET 6.0.15; Microsoft Windows 10.0.22621)",
        "x-ms-client-request-id": "ca3241d421562a2b6f1b211e848570ec",
        "x-ms-return-client-request-id": "true"
      },
      "RequestBody": null,
      "StatusCode": 200,
      "ResponseHeaders": {
        "Cache-Control": "no-cache",
        "Content-Length": "824",
        "Content-Type": "application/json; charset=utf-8",
        "Date": "Fri, 17 Mar 2023 11:45:24 GMT",
        "Expires": "-1",
        "Pragma": "no-cache",
        "Strict-Transport-Security": "max-age=31536000; includeSubDomains",
        "X-Cache": "CONFIG_NOCACHE",
        "X-Content-Type-Options": "nosniff",
        "x-ms-client-request-id": "ca3241d421562a2b6f1b211e848570ec",
        "x-ms-correlation-request-id": "ff485420-56d8-4e3b-9c4d-2af7e0ae542f",
        "x-ms-providerhub-traffic": "True",
        "x-ms-ratelimit-remaining-subscription-reads": "14979",
        "x-ms-request-id": "b073ccaa-081e-4f56-a195-9690659d1182",
        "x-ms-routing-request-id": "CENTRALUS:20230317T114524Z:ff485420-56d8-4e3b-9c4d-2af7e0ae542f",
        "X-MSEdge-Ref": "Ref A: 15807FF476E44D58A008C14BA07AFF22 Ref B: STBEDGE0611 Ref C: 2023-03-17T11:45:24Z"
      },
      "ResponseBody": {
        "value": [
          {
            "id": "/subscriptions/ce1bff77-08c1-4199-b7a5-52194a42b6ce/resourceGroups/Communication-RG-9182/providers/Microsoft.Communication/communicationServices/communication-service-9874",
            "name": "communication-service-9874",
            "type": "microsoft.communication/communicationservices",
            "location": "global",
            "tags": {
              "newtestkey": "newtestvalue"
            },
            "systemData": {
              "createdBy": "dd5e080b-9821-4976-9ab1-c95d8cc8eafa",
              "createdByType": "Application",
              "createdAt": "2023-03-17T11:44:13.5031473Z",
              "lastModifiedBy": "dd5e080b-9821-4976-9ab1-c95d8cc8eafa",
              "lastModifiedByType": "Application",
              "lastModifiedAt": "2023-03-17T11:45:23.9362149Z"
            },
            "properties": {
              "hostName": "communication-service-9874.int.communication.azure.net",
              "immutableResourceId": "cba46c09-8ac2-4af4-9e24-ee5bdbd8f7d8",
              "dataLocation": "UnitedStates",
              "provisioningState": "Succeeded"
            }
          }
        ]
      }
    },
    {
      "RequestUri": "https://api-dogfood.resources.windows-int.net/subscriptions/ce1bff77-08c1-4199-b7a5-52194a42b6ce/resourceGroups/Communication-RG-9182/providers/Microsoft.Communication/communicationServices/communication-service-9874?api-version=2023-03-01-preview",
      "RequestMethod": "DELETE",
      "RequestHeaders": {
        "Accept": "application/json",
        "Authorization": "Sanitized",
        "traceparent": "00-19c665604d90169b2078b4195d9da5ab-fe0eb8877cee6a12-00",
        "User-Agent": "azsdk-net-ResourceManager.Communication/1.1.0-alpha.20230316.1 (.NET 6.0.15; Microsoft Windows 10.0.22621)",
        "x-ms-client-request-id": "607599d2c269c03d14ffe78a6c08e6d8",
        "x-ms-return-client-request-id": "true"
      },
      "RequestBody": null,
      "StatusCode": 202,
      "ResponseHeaders": {
        "Azure-AsyncNotification": "Enabled",
        "Azure-AsyncOperation": "https://api-dogfood.resources.windows-int.net/subscriptions/ce1bff77-08c1-4199-b7a5-52194a42b6ce/providers/Microsoft.Communication/locations/CENTRALUS/operationStatuses/2067c1ef-61d1-4de0-a3ba-0fa29d417362*33D1B25E64DD20AFF24BDDF4F6E95FD7F4E08E016DC20D3693A4458045EB0A8A?api-version=2023-03-01-preview",
        "Cache-Control": "no-cache",
        "Content-Length": "4",
        "Content-Type": "application/json; charset=utf-8",
        "Date": "Fri, 17 Mar 2023 11:45:25 GMT",
        "ETag": "\u0022e10012d4-0000-0700-0000-641452d50000\u0022",
        "Expires": "-1",
        "Location": "https://api-dogfood.resources.windows-int.net/subscriptions/ce1bff77-08c1-4199-b7a5-52194a42b6ce/providers/Microsoft.Communication/locations/CENTRALUS/operationStatuses/2067c1ef-61d1-4de0-a3ba-0fa29d417362*33D1B25E64DD20AFF24BDDF4F6E95FD7F4E08E016DC20D3693A4458045EB0A8A?api-version=2023-03-01-preview",
        "Pragma": "no-cache",
        "Strict-Transport-Security": "max-age=31536000; includeSubDomains",
        "X-Cache": "CONFIG_NOCACHE",
        "X-Content-Type-Options": "nosniff",
        "x-ms-client-request-id": "607599d2c269c03d14ffe78a6c08e6d8",
        "x-ms-correlation-request-id": "f88109f3-548e-4c2a-b266-4e5aae289a55",
        "x-ms-providerhub-traffic": "True",
        "x-ms-ratelimit-remaining-subscription-deletes": "14998",
        "x-ms-request-id": "2067c1ef-61d1-4de0-a3ba-0fa29d417362",
        "x-ms-resource-provider-hint": "noPolling",
        "x-ms-routing-request-id": "CENTRALUS:20230317T114525Z:f88109f3-548e-4c2a-b266-4e5aae289a55",
        "X-MSEdge-Ref": "Ref A: 2AC4CE2ACAA34249A9DFF235A2C1820D Ref B: STBEDGE0611 Ref C: 2023-03-17T11:45:24Z"
      },
      "ResponseBody": "null"
    },
    {
      "RequestUri": "https://api-dogfood.resources.windows-int.net/subscriptions/ce1bff77-08c1-4199-b7a5-52194a42b6ce/providers/Microsoft.Communication/locations/CENTRALUS/operationStatuses/2067c1ef-61d1-4de0-a3ba-0fa29d417362*33D1B25E64DD20AFF24BDDF4F6E95FD7F4E08E016DC20D3693A4458045EB0A8A?api-version=2023-03-01-preview",
      "RequestMethod": "GET",
      "RequestHeaders": {
        "Authorization": "Sanitized",
        "traceparent": "00-19c665604d90169b2078b4195d9da5ab-5d858fab4875bb06-00",
        "User-Agent": "azsdk-net-ResourceManager/1.4.0 (.NET 6.0.15; Microsoft Windows 10.0.22621)",
        "x-ms-client-request-id": "8592b059d46611790471b55639a1be66",
        "x-ms-return-client-request-id": "true"
      },
      "RequestBody": null,
      "StatusCode": 202,
      "ResponseHeaders": {
        "Cache-Control": "no-cache",
        "Content-Length": "595",
        "Content-Type": "application/json; charset=utf-8",
        "Date": "Fri, 17 Mar 2023 11:45:25 GMT",
        "ETag": "\u0022370301c4-0000-0700-0000-641452d50000\u0022",
        "Expires": "-1",
        "Pragma": "no-cache",
        "Strict-Transport-Security": "max-age=31536000; includeSubDomains",
        "X-Cache": "CONFIG_NOCACHE",
        "X-Content-Type-Options": "nosniff",
        "x-ms-client-request-id": "8592b059d46611790471b55639a1be66",
        "x-ms-correlation-request-id": "bed8a93d-13b1-4692-955d-62d768b1ac76",
        "x-ms-ratelimit-remaining-subscription-reads": "14978",
        "x-ms-request-id": "e68533fd-6c20-41ba-a4e1-5ce9315bcbf3",
        "x-ms-routing-request-id": "CENTRALUS:20230317T114525Z:bed8a93d-13b1-4692-955d-62d768b1ac76",
        "X-MSEdge-Ref": "Ref A: 3D19B940764C454E8EECC5D1593A690D Ref B: STBEDGE0611 Ref C: 2023-03-17T11:45:25Z"
      },
      "ResponseBody": {
        "id": "/subscriptions/ce1bff77-08c1-4199-b7a5-52194a42b6ce/providers/Microsoft.Communication/locations/CENTRALUS/operationStatuses/2067c1ef-61d1-4de0-a3ba-0fa29d417362*33D1B25E64DD20AFF24BDDF4F6E95FD7F4E08E016DC20D3693A4458045EB0A8A",
        "name": "2067c1ef-61d1-4de0-a3ba-0fa29d417362*33D1B25E64DD20AFF24BDDF4F6E95FD7F4E08E016DC20D3693A4458045EB0A8A",
        "resourceId": "/subscriptions/ce1bff77-08c1-4199-b7a5-52194a42b6ce/resourceGroups/Communication-RG-9182/providers/Microsoft.Communication/communicationServices/communication-service-9874",
        "status": "Deleting",
        "startTime": "2023-03-17T11:45:25.1778487Z"
      }
    },
    {
      "RequestUri": "https://api-dogfood.resources.windows-int.net/subscriptions/ce1bff77-08c1-4199-b7a5-52194a42b6ce/providers/Microsoft.Communication/locations/CENTRALUS/operationStatuses/2067c1ef-61d1-4de0-a3ba-0fa29d417362*33D1B25E64DD20AFF24BDDF4F6E95FD7F4E08E016DC20D3693A4458045EB0A8A?api-version=2023-03-01-preview",
      "RequestMethod": "GET",
      "RequestHeaders": {
        "Authorization": "Sanitized",
        "traceparent": "00-19c665604d90169b2078b4195d9da5ab-2a7a8ab07cb38fea-00",
        "User-Agent": "azsdk-net-ResourceManager/1.4.0 (.NET 6.0.15; Microsoft Windows 10.0.22621)",
        "x-ms-client-request-id": "be8e493497ae7925769505ecad9515e4",
        "x-ms-return-client-request-id": "true"
      },
      "RequestBody": null,
      "StatusCode": 202,
      "ResponseHeaders": {
        "Cache-Control": "no-cache",
        "Content-Length": "595",
        "Content-Type": "application/json; charset=utf-8",
        "Date": "Fri, 17 Mar 2023 11:45:26 GMT",
        "ETag": "\u0022370301c4-0000-0700-0000-641452d50000\u0022",
        "Expires": "-1",
        "Pragma": "no-cache",
        "Strict-Transport-Security": "max-age=31536000; includeSubDomains",
        "X-Cache": "CONFIG_NOCACHE",
        "X-Content-Type-Options": "nosniff",
        "x-ms-client-request-id": "be8e493497ae7925769505ecad9515e4",
        "x-ms-correlation-request-id": "fa3e41ff-9e4b-4a6d-afb8-77b8bd074b23",
        "x-ms-ratelimit-remaining-subscription-reads": "14977",
        "x-ms-request-id": "bcfd98d6-8bc4-4c6c-95e7-845138ecdcb0",
        "x-ms-routing-request-id": "CENTRALUS:20230317T114526Z:fa3e41ff-9e4b-4a6d-afb8-77b8bd074b23",
        "X-MSEdge-Ref": "Ref A: A69B9B87F09A4D0394B8EFCEFB6D9B85 Ref B: STBEDGE0611 Ref C: 2023-03-17T11:45:26Z"
      },
      "ResponseBody": {
        "id": "/subscriptions/ce1bff77-08c1-4199-b7a5-52194a42b6ce/providers/Microsoft.Communication/locations/CENTRALUS/operationStatuses/2067c1ef-61d1-4de0-a3ba-0fa29d417362*33D1B25E64DD20AFF24BDDF4F6E95FD7F4E08E016DC20D3693A4458045EB0A8A",
        "name": "2067c1ef-61d1-4de0-a3ba-0fa29d417362*33D1B25E64DD20AFF24BDDF4F6E95FD7F4E08E016DC20D3693A4458045EB0A8A",
        "resourceId": "/subscriptions/ce1bff77-08c1-4199-b7a5-52194a42b6ce/resourceGroups/Communication-RG-9182/providers/Microsoft.Communication/communicationServices/communication-service-9874",
        "status": "Deleting",
        "startTime": "2023-03-17T11:45:25.1778487Z"
      }
    },
    {
      "RequestUri": "https://api-dogfood.resources.windows-int.net/subscriptions/ce1bff77-08c1-4199-b7a5-52194a42b6ce/providers/Microsoft.Communication/locations/CENTRALUS/operationStatuses/2067c1ef-61d1-4de0-a3ba-0fa29d417362*33D1B25E64DD20AFF24BDDF4F6E95FD7F4E08E016DC20D3693A4458045EB0A8A?api-version=2023-03-01-preview",
      "RequestMethod": "GET",
      "RequestHeaders": {
        "Authorization": "Sanitized",
        "traceparent": "00-19c665604d90169b2078b4195d9da5ab-a035e3c2d10a2c45-00",
        "User-Agent": "azsdk-net-ResourceManager/1.4.0 (.NET 6.0.15; Microsoft Windows 10.0.22621)",
        "x-ms-client-request-id": "bb31c4786176bb714cc5d455a3cca6b9",
        "x-ms-return-client-request-id": "true"
      },
      "RequestBody": null,
      "StatusCode": 202,
      "ResponseHeaders": {
        "Cache-Control": "no-cache",
        "Content-Length": "595",
        "Content-Type": "application/json; charset=utf-8",
        "Date": "Fri, 17 Mar 2023 11:45:27 GMT",
        "ETag": "\u0022370301c4-0000-0700-0000-641452d50000\u0022",
        "Expires": "-1",
        "Pragma": "no-cache",
        "Strict-Transport-Security": "max-age=31536000; includeSubDomains",
        "X-Cache": "CONFIG_NOCACHE",
        "X-Content-Type-Options": "nosniff",
        "x-ms-client-request-id": "bb31c4786176bb714cc5d455a3cca6b9",
        "x-ms-correlation-request-id": "dd6a0cd3-5773-4218-8f63-2b39b27d0582",
        "x-ms-ratelimit-remaining-subscription-reads": "14976",
        "x-ms-request-id": "595519b1-b7e0-4d62-8334-1b51ab2f7031",
        "x-ms-routing-request-id": "CENTRALUS:20230317T114527Z:dd6a0cd3-5773-4218-8f63-2b39b27d0582",
        "X-MSEdge-Ref": "Ref A: C6D3C42362F34C9C9DC517ECEF839B56 Ref B: STBEDGE0611 Ref C: 2023-03-17T11:45:27Z"
      },
      "ResponseBody": {
        "id": "/subscriptions/ce1bff77-08c1-4199-b7a5-52194a42b6ce/providers/Microsoft.Communication/locations/CENTRALUS/operationStatuses/2067c1ef-61d1-4de0-a3ba-0fa29d417362*33D1B25E64DD20AFF24BDDF4F6E95FD7F4E08E016DC20D3693A4458045EB0A8A",
        "name": "2067c1ef-61d1-4de0-a3ba-0fa29d417362*33D1B25E64DD20AFF24BDDF4F6E95FD7F4E08E016DC20D3693A4458045EB0A8A",
        "resourceId": "/subscriptions/ce1bff77-08c1-4199-b7a5-52194a42b6ce/resourceGroups/Communication-RG-9182/providers/Microsoft.Communication/communicationServices/communication-service-9874",
        "status": "Deleting",
        "startTime": "2023-03-17T11:45:25.1778487Z"
      }
    },
    {
      "RequestUri": "https://api-dogfood.resources.windows-int.net/subscriptions/ce1bff77-08c1-4199-b7a5-52194a42b6ce/providers/Microsoft.Communication/locations/CENTRALUS/operationStatuses/2067c1ef-61d1-4de0-a3ba-0fa29d417362*33D1B25E64DD20AFF24BDDF4F6E95FD7F4E08E016DC20D3693A4458045EB0A8A?api-version=2023-03-01-preview",
      "RequestMethod": "GET",
      "RequestHeaders": {
        "Authorization": "Sanitized",
        "traceparent": "00-19c665604d90169b2078b4195d9da5ab-0f593ae0ed41cd25-00",
        "User-Agent": "azsdk-net-ResourceManager/1.4.0 (.NET 6.0.15; Microsoft Windows 10.0.22621)",
        "x-ms-client-request-id": "6273adbec9a1c1748b180ed1ce8c636f",
        "x-ms-return-client-request-id": "true"
      },
      "RequestBody": null,
      "StatusCode": 202,
      "ResponseHeaders": {
        "Cache-Control": "no-cache",
        "Content-Length": "595",
        "Content-Type": "application/json; charset=utf-8",
        "Date": "Fri, 17 Mar 2023 11:45:29 GMT",
        "ETag": "\u0022370301c4-0000-0700-0000-641452d50000\u0022",
        "Expires": "-1",
        "Pragma": "no-cache",
        "Strict-Transport-Security": "max-age=31536000; includeSubDomains",
        "X-Cache": "CONFIG_NOCACHE",
        "X-Content-Type-Options": "nosniff",
        "x-ms-client-request-id": "6273adbec9a1c1748b180ed1ce8c636f",
        "x-ms-correlation-request-id": "fa701bf7-83c2-4d65-af23-56ddabe3b68c",
        "x-ms-ratelimit-remaining-subscription-reads": "14975",
        "x-ms-request-id": "37bd6496-0ff7-4932-8c1d-cc126a682b35",
        "x-ms-routing-request-id": "CENTRALUS:20230317T114529Z:fa701bf7-83c2-4d65-af23-56ddabe3b68c",
        "X-MSEdge-Ref": "Ref A: 814565A02CEB499DA284D5B74D4E67C2 Ref B: STBEDGE0611 Ref C: 2023-03-17T11:45:29Z"
      },
      "ResponseBody": {
        "id": "/subscriptions/ce1bff77-08c1-4199-b7a5-52194a42b6ce/providers/Microsoft.Communication/locations/CENTRALUS/operationStatuses/2067c1ef-61d1-4de0-a3ba-0fa29d417362*33D1B25E64DD20AFF24BDDF4F6E95FD7F4E08E016DC20D3693A4458045EB0A8A",
        "name": "2067c1ef-61d1-4de0-a3ba-0fa29d417362*33D1B25E64DD20AFF24BDDF4F6E95FD7F4E08E016DC20D3693A4458045EB0A8A",
        "resourceId": "/subscriptions/ce1bff77-08c1-4199-b7a5-52194a42b6ce/resourceGroups/Communication-RG-9182/providers/Microsoft.Communication/communicationServices/communication-service-9874",
        "status": "Deleting",
        "startTime": "2023-03-17T11:45:25.1778487Z"
      }
    },
    {
      "RequestUri": "https://api-dogfood.resources.windows-int.net/subscriptions/ce1bff77-08c1-4199-b7a5-52194a42b6ce/providers/Microsoft.Communication/locations/CENTRALUS/operationStatuses/2067c1ef-61d1-4de0-a3ba-0fa29d417362*33D1B25E64DD20AFF24BDDF4F6E95FD7F4E08E016DC20D3693A4458045EB0A8A?api-version=2023-03-01-preview",
      "RequestMethod": "GET",
      "RequestHeaders": {
        "Authorization": "Sanitized",
        "traceparent": "00-19c665604d90169b2078b4195d9da5ab-8798649bafd3d35d-00",
        "User-Agent": "azsdk-net-ResourceManager/1.4.0 (.NET 6.0.15; Microsoft Windows 10.0.22621)",
        "x-ms-client-request-id": "75ded15c0370d3f0d7d371e9c3d0d6aa",
        "x-ms-return-client-request-id": "true"
      },
      "RequestBody": null,
      "StatusCode": 202,
      "ResponseHeaders": {
        "Cache-Control": "no-cache",
        "Content-Length": "595",
        "Content-Type": "application/json; charset=utf-8",
        "Date": "Fri, 17 Mar 2023 11:45:31 GMT",
        "ETag": "\u0022370301c4-0000-0700-0000-641452d50000\u0022",
        "Expires": "-1",
        "Pragma": "no-cache",
        "Strict-Transport-Security": "max-age=31536000; includeSubDomains",
        "X-Cache": "CONFIG_NOCACHE",
        "X-Content-Type-Options": "nosniff",
        "x-ms-client-request-id": "75ded15c0370d3f0d7d371e9c3d0d6aa",
        "x-ms-correlation-request-id": "b0d00560-d737-4521-87c4-a059581ea9f9",
        "x-ms-ratelimit-remaining-subscription-reads": "14974",
        "x-ms-request-id": "b65a4aef-a789-4ddc-9048-60954e4f9b2a",
        "x-ms-routing-request-id": "CENTRALUS:20230317T114531Z:b0d00560-d737-4521-87c4-a059581ea9f9",
        "X-MSEdge-Ref": "Ref A: 23E1D673E5504648874C185A856A2E1D Ref B: STBEDGE0611 Ref C: 2023-03-17T11:45:31Z"
      },
      "ResponseBody": {
        "id": "/subscriptions/ce1bff77-08c1-4199-b7a5-52194a42b6ce/providers/Microsoft.Communication/locations/CENTRALUS/operationStatuses/2067c1ef-61d1-4de0-a3ba-0fa29d417362*33D1B25E64DD20AFF24BDDF4F6E95FD7F4E08E016DC20D3693A4458045EB0A8A",
        "name": "2067c1ef-61d1-4de0-a3ba-0fa29d417362*33D1B25E64DD20AFF24BDDF4F6E95FD7F4E08E016DC20D3693A4458045EB0A8A",
        "resourceId": "/subscriptions/ce1bff77-08c1-4199-b7a5-52194a42b6ce/resourceGroups/Communication-RG-9182/providers/Microsoft.Communication/communicationServices/communication-service-9874",
        "status": "Deleting",
        "startTime": "2023-03-17T11:45:25.1778487Z"
      }
    },
    {
      "RequestUri": "https://api-dogfood.resources.windows-int.net/subscriptions/ce1bff77-08c1-4199-b7a5-52194a42b6ce/providers/Microsoft.Communication/locations/CENTRALUS/operationStatuses/2067c1ef-61d1-4de0-a3ba-0fa29d417362*33D1B25E64DD20AFF24BDDF4F6E95FD7F4E08E016DC20D3693A4458045EB0A8A?api-version=2023-03-01-preview",
      "RequestMethod": "GET",
      "RequestHeaders": {
        "Authorization": "Sanitized",
        "traceparent": "00-19c665604d90169b2078b4195d9da5ab-c1854613d2941eb7-00",
        "User-Agent": "azsdk-net-ResourceManager/1.4.0 (.NET 6.0.15; Microsoft Windows 10.0.22621)",
        "x-ms-client-request-id": "ff2e4cefb221ae43506f305d52a0edbf",
        "x-ms-return-client-request-id": "true"
      },
      "RequestBody": null,
      "StatusCode": 202,
      "ResponseHeaders": {
        "Cache-Control": "no-cache",
        "Content-Length": "595",
        "Content-Type": "application/json; charset=utf-8",
        "Date": "Fri, 17 Mar 2023 11:45:35 GMT",
        "ETag": "\u0022370301c4-0000-0700-0000-641452d50000\u0022",
        "Expires": "-1",
        "Pragma": "no-cache",
        "Strict-Transport-Security": "max-age=31536000; includeSubDomains",
        "X-Cache": "CONFIG_NOCACHE",
        "X-Content-Type-Options": "nosniff",
        "x-ms-client-request-id": "ff2e4cefb221ae43506f305d52a0edbf",
        "x-ms-correlation-request-id": "e08195bf-612a-4e30-9ec8-cd8435e1c57c",
        "x-ms-ratelimit-remaining-subscription-reads": "14973",
        "x-ms-request-id": "044710cc-842b-4808-ac51-166f2e97543c",
        "x-ms-routing-request-id": "CENTRALUS:20230317T114535Z:e08195bf-612a-4e30-9ec8-cd8435e1c57c",
        "X-MSEdge-Ref": "Ref A: F48D9D121AA34B718746BE5BBE5118AE Ref B: STBEDGE0611 Ref C: 2023-03-17T11:45:35Z"
      },
      "ResponseBody": {
        "id": "/subscriptions/ce1bff77-08c1-4199-b7a5-52194a42b6ce/providers/Microsoft.Communication/locations/CENTRALUS/operationStatuses/2067c1ef-61d1-4de0-a3ba-0fa29d417362*33D1B25E64DD20AFF24BDDF4F6E95FD7F4E08E016DC20D3693A4458045EB0A8A",
        "name": "2067c1ef-61d1-4de0-a3ba-0fa29d417362*33D1B25E64DD20AFF24BDDF4F6E95FD7F4E08E016DC20D3693A4458045EB0A8A",
        "resourceId": "/subscriptions/ce1bff77-08c1-4199-b7a5-52194a42b6ce/resourceGroups/Communication-RG-9182/providers/Microsoft.Communication/communicationServices/communication-service-9874",
        "status": "Deleting",
        "startTime": "2023-03-17T11:45:25.1778487Z"
      }
    },
    {
      "RequestUri": "https://api-dogfood.resources.windows-int.net/subscriptions/ce1bff77-08c1-4199-b7a5-52194a42b6ce/providers/Microsoft.Communication/locations/CENTRALUS/operationStatuses/2067c1ef-61d1-4de0-a3ba-0fa29d417362*33D1B25E64DD20AFF24BDDF4F6E95FD7F4E08E016DC20D3693A4458045EB0A8A?api-version=2023-03-01-preview",
      "RequestMethod": "GET",
      "RequestHeaders": {
        "Authorization": "Sanitized",
        "traceparent": "00-19c665604d90169b2078b4195d9da5ab-3834d89491b5d064-00",
        "User-Agent": "azsdk-net-ResourceManager/1.4.0 (.NET 6.0.15; Microsoft Windows 10.0.22621)",
        "x-ms-client-request-id": "d1f8656130edbb49bda08ace578bfdba",
        "x-ms-return-client-request-id": "true"
      },
      "RequestBody": null,
      "StatusCode": 202,
      "ResponseHeaders": {
        "Cache-Control": "no-cache",
        "Content-Length": "595",
        "Content-Type": "application/json; charset=utf-8",
        "Date": "Fri, 17 Mar 2023 11:45:43 GMT",
        "ETag": "\u0022370301c4-0000-0700-0000-641452d50000\u0022",
        "Expires": "-1",
        "Pragma": "no-cache",
        "Strict-Transport-Security": "max-age=31536000; includeSubDomains",
        "X-Cache": "CONFIG_NOCACHE",
        "X-Content-Type-Options": "nosniff",
        "x-ms-client-request-id": "d1f8656130edbb49bda08ace578bfdba",
        "x-ms-correlation-request-id": "ef569a32-1793-4067-b862-87c7969886e2",
        "x-ms-ratelimit-remaining-subscription-reads": "14972",
        "x-ms-request-id": "7f7c0bf7-5bb1-41be-92bb-7ff972a230b1",
        "x-ms-routing-request-id": "CENTRALUS:20230317T114543Z:ef569a32-1793-4067-b862-87c7969886e2",
        "X-MSEdge-Ref": "Ref A: 3EE9FDFA795C43BFADFFA3D80587F261 Ref B: STBEDGE0611 Ref C: 2023-03-17T11:45:43Z"
      },
      "ResponseBody": {
        "id": "/subscriptions/ce1bff77-08c1-4199-b7a5-52194a42b6ce/providers/Microsoft.Communication/locations/CENTRALUS/operationStatuses/2067c1ef-61d1-4de0-a3ba-0fa29d417362*33D1B25E64DD20AFF24BDDF4F6E95FD7F4E08E016DC20D3693A4458045EB0A8A",
        "name": "2067c1ef-61d1-4de0-a3ba-0fa29d417362*33D1B25E64DD20AFF24BDDF4F6E95FD7F4E08E016DC20D3693A4458045EB0A8A",
        "resourceId": "/subscriptions/ce1bff77-08c1-4199-b7a5-52194a42b6ce/resourceGroups/Communication-RG-9182/providers/Microsoft.Communication/communicationServices/communication-service-9874",
        "status": "Deleting",
        "startTime": "2023-03-17T11:45:25.1778487Z"
      }
    },
    {
      "RequestUri": "https://api-dogfood.resources.windows-int.net/subscriptions/ce1bff77-08c1-4199-b7a5-52194a42b6ce/providers/Microsoft.Communication/locations/CENTRALUS/operationStatuses/2067c1ef-61d1-4de0-a3ba-0fa29d417362*33D1B25E64DD20AFF24BDDF4F6E95FD7F4E08E016DC20D3693A4458045EB0A8A?api-version=2023-03-01-preview",
      "RequestMethod": "GET",
      "RequestHeaders": {
        "Authorization": "Sanitized",
        "traceparent": "00-19c665604d90169b2078b4195d9da5ab-16f77a8fc9c70344-00",
        "User-Agent": "azsdk-net-ResourceManager/1.4.0 (.NET 6.0.15; Microsoft Windows 10.0.22621)",
        "x-ms-client-request-id": "82e16341635ea94d8d2f2400d2938037",
        "x-ms-return-client-request-id": "true"
      },
      "RequestBody": null,
      "StatusCode": 202,
      "ResponseHeaders": {
        "Cache-Control": "no-cache",
        "Content-Length": "595",
        "Content-Type": "application/json; charset=utf-8",
        "Date": "Fri, 17 Mar 2023 11:45:59 GMT",
        "ETag": "\u0022370301c4-0000-0700-0000-641452d50000\u0022",
        "Expires": "-1",
        "Pragma": "no-cache",
        "Strict-Transport-Security": "max-age=31536000; includeSubDomains",
        "X-Cache": "CONFIG_NOCACHE",
        "X-Content-Type-Options": "nosniff",
        "x-ms-client-request-id": "82e16341635ea94d8d2f2400d2938037",
        "x-ms-correlation-request-id": "2352dbef-96c6-42d6-a010-33e44cd0508a",
        "x-ms-ratelimit-remaining-subscription-reads": "14971",
        "x-ms-request-id": "7e0ac315-02a9-4a14-b4fa-0d5007adb146",
        "x-ms-routing-request-id": "CENTRALUS:20230317T114559Z:2352dbef-96c6-42d6-a010-33e44cd0508a",
        "X-MSEdge-Ref": "Ref A: 51892ECEC1F240448ADF982CAC021A8E Ref B: STBEDGE0611 Ref C: 2023-03-17T11:45:59Z"
      },
      "ResponseBody": {
        "id": "/subscriptions/ce1bff77-08c1-4199-b7a5-52194a42b6ce/providers/Microsoft.Communication/locations/CENTRALUS/operationStatuses/2067c1ef-61d1-4de0-a3ba-0fa29d417362*33D1B25E64DD20AFF24BDDF4F6E95FD7F4E08E016DC20D3693A4458045EB0A8A",
        "name": "2067c1ef-61d1-4de0-a3ba-0fa29d417362*33D1B25E64DD20AFF24BDDF4F6E95FD7F4E08E016DC20D3693A4458045EB0A8A",
        "resourceId": "/subscriptions/ce1bff77-08c1-4199-b7a5-52194a42b6ce/resourceGroups/Communication-RG-9182/providers/Microsoft.Communication/communicationServices/communication-service-9874",
        "status": "Deleting",
        "startTime": "2023-03-17T11:45:25.1778487Z"
      }
    },
    {
      "RequestUri": "https://api-dogfood.resources.windows-int.net/subscriptions/ce1bff77-08c1-4199-b7a5-52194a42b6ce/providers/Microsoft.Communication/locations/CENTRALUS/operationStatuses/2067c1ef-61d1-4de0-a3ba-0fa29d417362*33D1B25E64DD20AFF24BDDF4F6E95FD7F4E08E016DC20D3693A4458045EB0A8A?api-version=2023-03-01-preview",
      "RequestMethod": "GET",
      "RequestHeaders": {
        "Authorization": "Sanitized",
        "traceparent": "00-19c665604d90169b2078b4195d9da5ab-baf2ed55a3bef64f-00",
        "User-Agent": "azsdk-net-ResourceManager/1.4.0 (.NET 6.0.15; Microsoft Windows 10.0.22621)",
        "x-ms-client-request-id": "5e87b2e504d7bebc02734280287556c5",
        "x-ms-return-client-request-id": "true"
      },
      "RequestBody": null,
      "StatusCode": 200,
      "ResponseHeaders": {
        "Cache-Control": "no-cache",
        "Content-Length": "614",
        "Content-Type": "application/json; charset=utf-8",
        "Date": "Fri, 17 Mar 2023 11:46:31 GMT",
        "ETag": "\u0022370385d7-0000-0700-0000-641453170000\u0022",
        "Expires": "-1",
        "Pragma": "no-cache",
        "Strict-Transport-Security": "max-age=31536000; includeSubDomains",
        "X-Cache": "CONFIG_NOCACHE",
        "X-Content-Type-Options": "nosniff",
        "x-ms-client-request-id": "5e87b2e504d7bebc02734280287556c5",
        "x-ms-correlation-request-id": "6b8c42ca-38d7-4708-af9e-db3f4f67e455",
        "x-ms-ratelimit-remaining-subscription-reads": "14970",
        "x-ms-request-id": "1da44263-9e32-4c41-9f06-a271845a2415",
        "x-ms-routing-request-id": "CENTRALUS:20230317T114632Z:6b8c42ca-38d7-4708-af9e-db3f4f67e455",
        "X-MSEdge-Ref": "Ref A: FD176D5C740F49FA83FAE6656568779F Ref B: STBEDGE0611 Ref C: 2023-03-17T11:46:31Z"
      },
      "ResponseBody": {
        "id": "/subscriptions/ce1bff77-08c1-4199-b7a5-52194a42b6ce/providers/Microsoft.Communication/locations/CENTRALUS/operationStatuses/2067c1ef-61d1-4de0-a3ba-0fa29d417362*33D1B25E64DD20AFF24BDDF4F6E95FD7F4E08E016DC20D3693A4458045EB0A8A",
        "name": "2067c1ef-61d1-4de0-a3ba-0fa29d417362*33D1B25E64DD20AFF24BDDF4F6E95FD7F4E08E016DC20D3693A4458045EB0A8A",
        "resourceId": "/subscriptions/ce1bff77-08c1-4199-b7a5-52194a42b6ce/resourceGroups/Communication-RG-9182/providers/Microsoft.Communication/communicationServices/communication-service-9874",
        "status": "Succeeded",
        "startTime": "2023-03-17T11:45:25.1778487Z",
        "properties": null
      }
    }
  ],
  "Variables": {
    "AZURE_AUTHORITY_HOST": "https://login.windows-ppe.net/",
    "RandomSeed": "1645629014",
    "RESOURCE_MANAGER_URL": "https://api-dogfood.resources.windows-int.net/",
    "SUBSCRIPTION_ID": "ce1bff77-08c1-4199-b7a5-52194a42b6ce"
  }
}
