{
  "Entries": [
    {
      "RequestUri": "/subscriptions/b6a6e0c5-e79c-4c6d-a878-72eafbca4cf2/resourcegroups/sqlcrudtest-6635?api-version=2017-05-10",
      "EncodedRequestUri": "L3N1YnNjcmlwdGlvbnMvYjZhNmUwYzUtZTc5Yy00YzZkLWE4NzgtNzJlYWZiY2E0Y2YyL3Jlc291cmNlZ3JvdXBzL3NxbGNydWR0ZXN0LTY2MzU/YXBpLXZlcnNpb249MjAxNy0wNS0xMA==",
      "RequestMethod": "PUT",
      "RequestBody": "{\r\n  \"location\": \"Japan East\",\r\n  \"tags\": {\r\n    \"sqlcrudtest-6635\": \"2017-05-24 18:12:24Z\"\r\n  }\r\n}",
      "RequestHeaders": {
        "Content-Type": [
          "application/json; charset=utf-8"
        ],
        "Content-Length": [
          "99"
        ],
        "x-ms-client-request-id": [
          "8a13b99b-76e7-4501-bc1b-5e0a9ab35148"
        ],
        "accept-language": [
          "en-US"
        ],
        "User-Agent": [
          "FxVersion/4.6.25211.01",
          "Microsoft.Azure.Management.ResourceManager.ResourceManagementClient/1.6.0.0"
        ]
      },
      "ResponseBody": "{\r\n  \"id\": \"/subscriptions/b6a6e0c5-e79c-4c6d-a878-72eafbca4cf2/resourceGroups/sqlcrudtest-6635\",\r\n  \"name\": \"sqlcrudtest-6635\",\r\n  \"location\": \"japaneast\",\r\n  \"tags\": {\r\n    \"sqlcrudtest-6635\": \"2017-05-24 18:12:24Z\"\r\n  },\r\n  \"properties\": {\r\n    \"provisioningState\": \"Succeeded\"\r\n  }\r\n}",
      "ResponseHeaders": {
        "Content-Length": [
          "239"
        ],
        "Content-Type": [
          "application/json; charset=utf-8"
        ],
        "Expires": [
          "-1"
        ],
        "Cache-Control": [
          "no-cache"
        ],
        "Date": [
          "Wed, 24 May 2017 18:12:25 GMT"
        ],
        "Pragma": [
          "no-cache"
        ],
        "x-ms-ratelimit-remaining-subscription-writes": [
          "1199"
        ],
        "x-ms-request-id": [
          "76ed5786-9f48-4639-b5f8-df24f6587f98"
        ],
        "x-ms-correlation-request-id": [
          "76ed5786-9f48-4639-b5f8-df24f6587f98"
        ],
        "x-ms-routing-request-id": [
          "WESTUS2:20170524T181226Z:76ed5786-9f48-4639-b5f8-df24f6587f98"
        ],
        "Strict-Transport-Security": [
          "max-age=31536000; includeSubDomains"
        ]
      },
      "StatusCode": 201
    },
    {
      "RequestUri": "/subscriptions/b6a6e0c5-e79c-4c6d-a878-72eafbca4cf2/resourceGroups/sqlcrudtest-6635/providers/Microsoft.Sql/servers/sqlcrudtest-8921?api-version=2014-04-01",
      "EncodedRequestUri": "L3N1YnNjcmlwdGlvbnMvYjZhNmUwYzUtZTc5Yy00YzZkLWE4NzgtNzJlYWZiY2E0Y2YyL3Jlc291cmNlR3JvdXBzL3NxbGNydWR0ZXN0LTY2MzUvcHJvdmlkZXJzL01pY3Jvc29mdC5TcWwvc2VydmVycy9zcWxjcnVkdGVzdC04OTIxP2FwaS12ZXJzaW9uPTIwMTQtMDQtMDE=",
      "RequestMethod": "PUT",
      "RequestBody": "{\r\n  \"properties\": {\r\n    \"version\": \"12.0\",\r\n    \"administratorLogin\": \"dummylogin\",\r\n    \"administratorLoginPassword\": \"Un53cuRE!\"\r\n  },\r\n  \"tags\": {\r\n    \"tagKey1\": \"TagValue1\"\r\n  },\r\n  \"location\": \"Japan East\"\r\n}",
      "RequestHeaders": {
        "Content-Type": [
          "application/json; charset=utf-8"
        ],
        "Content-Length": [
          "216"
        ],
        "x-ms-client-request-id": [
          "341565a6-b33f-4c37-960c-a3da0d592cd6"
        ],
        "accept-language": [
          "en-US"
        ],
        "User-Agent": [
          "FxVersion/4.6.25211.01",
          "Microsoft.Azure.Management.Sql.SqlManagementClient/1.4.0.0"
        ]
      },
      "ResponseBody": "{\r\n  \"tags\": {\r\n    \"tagKey1\": \"TagValue1\"\r\n  },\r\n  \"id\": \"/subscriptions/b6a6e0c5-e79c-4c6d-a878-72eafbca4cf2/resourceGroups/sqlcrudtest-6635/providers/Microsoft.Sql/servers/sqlcrudtest-8921\",\r\n  \"name\": \"sqlcrudtest-8921\",\r\n  \"type\": \"Microsoft.Sql/servers\",\r\n  \"location\": \"Japan East\",\r\n  \"kind\": \"v12.0\",\r\n  \"properties\": {\r\n    \"fullyQualifiedDomainName\": \"sqlcrudtest-8921.database.windows.net\",\r\n    \"administratorLogin\": \"dummylogin\",\r\n    \"administratorLoginPassword\": \"Un53cuRE!\",\r\n    \"externalAdministratorLogin\": null,\r\n    \"externalAdministratorSid\": null,\r\n    \"version\": \"12.0\",\r\n    \"state\": \"Ready\"\r\n  }\r\n}",
      "ResponseHeaders": {
        "Content-Length": [
          "524"
        ],
        "Content-Type": [
          "application/json; odata=minimalmetadata; streaming=true; charset=utf-8"
        ],
        "Cache-Control": [
          "no-store, no-cache"
        ],
        "Date": [
          "Wed, 24 May 2017 18:12:59 GMT"
        ],
        "Server": [
          "Microsoft-HTTPAPI/2.0"
        ],
        "x-ms-request-id": [
          "6a4b5f47-6357-482f-ac01-dc2c23d89125"
        ],
        "X-Content-Type-Options": [
          "nosniff"
        ],
        "Preference-Applied": [
          "return-content"
        ],
        "DataServiceVersion": [
          "3.0;"
        ],
        "Strict-Transport-Security": [
          "max-age=31536000; includeSubDomains"
        ],
        "x-ms-ratelimit-remaining-subscription-writes": [
          "1198"
        ],
        "x-ms-correlation-request-id": [
          "ebd596c4-52cb-4067-bed2-519412b687ec"
        ],
        "x-ms-routing-request-id": [
          "WESTUS2:20170524T181259Z:ebd596c4-52cb-4067-bed2-519412b687ec"
        ]
      },
      "StatusCode": 201
    },
    {
      "RequestUri": "/subscriptions/b6a6e0c5-e79c-4c6d-a878-72eafbca4cf2/resourceGroups/sqlcrudtest-6635/providers/Microsoft.Sql/servers/sqlcrudtest-8921/elasticPools/4189?api-version=2014-04-01",
      "EncodedRequestUri": "L3N1YnNjcmlwdGlvbnMvYjZhNmUwYzUtZTc5Yy00YzZkLWE4NzgtNzJlYWZiY2E0Y2YyL3Jlc291cmNlR3JvdXBzL3NxbGNydWR0ZXN0LTY2MzUvcHJvdmlkZXJzL01pY3Jvc29mdC5TcWwvc2VydmVycy9zcWxjcnVkdGVzdC04OTIxL2VsYXN0aWNQb29scy80MTg5P2FwaS12ZXJzaW9uPTIwMTQtMDQtMDE=",
      "RequestMethod": "PUT",
      "RequestBody": "{\r\n  \"properties\": {\r\n    \"edition\": \"Basic\",\r\n    \"dtu\": 100,\r\n    \"databaseDtuMax\": 5,\r\n    \"databaseDtuMin\": 0\r\n  },\r\n  \"tags\": {\r\n    \"tagKey1\": \"TagValue1\"\r\n  },\r\n  \"location\": \"Japan East\"\r\n}",
      "RequestHeaders": {
        "Content-Type": [
          "application/json; charset=utf-8"
        ],
        "Content-Length": [
          "197"
        ],
        "x-ms-client-request-id": [
          "e7cc0142-8af3-4c23-a11e-c5e126073391"
        ],
        "accept-language": [
          "en-US"
        ],
        "User-Agent": [
          "FxVersion/4.6.25211.01",
          "Microsoft.Azure.Management.Sql.SqlManagementClient/1.4.0.0"
        ]
      },
      "ResponseBody": "{\r\n  \"operation\": \"CREATE\",\r\n  \"startTime\": \"2017-05-24T11:13:01.907-07:00\"\r\n}",
      "ResponseHeaders": {
        "Content-Length": [
          "65"
        ],
        "Content-Type": [
          "application/json; odata=minimalmetadata; streaming=true; charset=utf-8"
        ],
        "Cache-Control": [
          "no-store, no-cache"
        ],
        "Date": [
          "Wed, 24 May 2017 18:13:00 GMT"
        ],
        "Location": [
          "https://management.azure.com/subscriptions/b6a6e0c5-e79c-4c6d-a878-72eafbca4cf2/resourceGroups/sqlcrudtest-6635/providers/Microsoft.Sql/servers/sqlcrudtest-8921/elasticPools/4189/operationResults/e2b4728c-d777-4c5d-b56c-9b94504e6ad1?api-version=2014-04-01-Preview"
        ],
        "Retry-After": [
          "30"
        ],
        "Server": [
          "Microsoft-HTTPAPI/2.0"
        ],
        "x-ms-request-id": [
          "e2b4728c-d777-4c5d-b56c-9b94504e6ad1"
        ],
        "X-Content-Type-Options": [
          "nosniff"
        ],
        "Preference-Applied": [
          "return-content"
        ],
        "DataServiceVersion": [
          "3.0;"
        ],
        "Strict-Transport-Security": [
          "max-age=31536000; includeSubDomains"
        ],
        "x-ms-ratelimit-remaining-subscription-writes": [
          "1197"
        ],
        "x-ms-correlation-request-id": [
          "8b0dd444-ee70-4451-a286-a5af470773b5"
        ],
        "x-ms-routing-request-id": [
          "WESTUS2:20170524T181300Z:8b0dd444-ee70-4451-a286-a5af470773b5"
        ]
      },
      "StatusCode": 202
    },
    {
      "RequestUri": "/subscriptions/b6a6e0c5-e79c-4c6d-a878-72eafbca4cf2/resourceGroups/sqlcrudtest-6635/providers/Microsoft.Sql/servers/sqlcrudtest-8921/elasticPools/4189/operationResults/e2b4728c-d777-4c5d-b56c-9b94504e6ad1?api-version=2014-04-01-Preview",
      "EncodedRequestUri": "L3N1YnNjcmlwdGlvbnMvYjZhNmUwYzUtZTc5Yy00YzZkLWE4NzgtNzJlYWZiY2E0Y2YyL3Jlc291cmNlR3JvdXBzL3NxbGNydWR0ZXN0LTY2MzUvcHJvdmlkZXJzL01pY3Jvc29mdC5TcWwvc2VydmVycy9zcWxjcnVkdGVzdC04OTIxL2VsYXN0aWNQb29scy80MTg5L29wZXJhdGlvblJlc3VsdHMvZTJiNDcyOGMtZDc3Ny00YzVkLWI1NmMtOWI5NDUwNGU2YWQxP2FwaS12ZXJzaW9uPTIwMTQtMDQtMDEtUHJldmlldw==",
      "RequestMethod": "GET",
      "RequestBody": "",
      "RequestHeaders": {
        "User-Agent": [
          "FxVersion/4.6.25211.01",
          "Microsoft.Azure.Management.Sql.SqlManagementClient/1.4.0.0"
        ]
      },
      "ResponseBody": "{\r\n  \"tags\": {\r\n    \"tagKey1\": \"TagValue1\"\r\n  },\r\n  \"id\": \"/subscriptions/b6a6e0c5-e79c-4c6d-a878-72eafbca4cf2/resourceGroups/sqlcrudtest-6635/providers/Microsoft.Sql/servers/sqlcrudtest-8921/elasticPools/4189\",\r\n  \"name\": \"4189\",\r\n  \"type\": \"Microsoft.Sql/servers/elasticPools\",\r\n  \"location\": \"Japan East\",\r\n  \"kind\": null,\r\n  \"properties\": {\r\n    \"creationDate\": \"2017-05-24T18:13:02.047Z\",\r\n    \"edition\": \"Basic\",\r\n    \"state\": \"Ready\",\r\n    \"dtu\": 100,\r\n    \"databaseDtuMin\": 0,\r\n    \"databaseDtuMax\": 5,\r\n    \"storageMB\": 10000\r\n  }\r\n}",
      "ResponseHeaders": {
        "Content-Length": [
          "441"
        ],
        "Content-Type": [
          "application/json; odata=minimalmetadata; streaming=true; charset=utf-8"
        ],
        "Cache-Control": [
          "no-store, no-cache"
        ],
        "Date": [
          "Wed, 24 May 2017 18:13:31 GMT"
        ],
        "Server": [
          "Microsoft-HTTPAPI/2.0"
        ],
        "x-ms-request-id": [
          "a6e7a464-2c39-4d7a-8d9a-2fe342e40844"
        ],
        "X-Content-Type-Options": [
          "nosniff"
        ],
        "DataServiceVersion": [
          "3.0;"
        ],
        "Strict-Transport-Security": [
          "max-age=31536000; includeSubDomains"
        ],
        "x-ms-ratelimit-remaining-subscription-reads": [
          "14999"
        ],
        "x-ms-correlation-request-id": [
          "0df96748-416b-4fe7-9701-06d9486ac07b"
        ],
        "x-ms-routing-request-id": [
          "WESTUS2:20170524T181331Z:0df96748-416b-4fe7-9701-06d9486ac07b"
        ]
      },
      "StatusCode": 201
    },
    {
      "RequestUri": "/subscriptions/b6a6e0c5-e79c-4c6d-a878-72eafbca4cf2/resourceGroups/sqlcrudtest-6635/providers/Microsoft.Sql/servers/sqlcrudtest-8921/databases/1118?api-version=2014-04-01",
      "EncodedRequestUri": "L3N1YnNjcmlwdGlvbnMvYjZhNmUwYzUtZTc5Yy00YzZkLWE4NzgtNzJlYWZiY2E0Y2YyL3Jlc291cmNlR3JvdXBzL3NxbGNydWR0ZXN0LTY2MzUvcHJvdmlkZXJzL01pY3Jvc29mdC5TcWwvc2VydmVycy9zcWxjcnVkdGVzdC04OTIxL2RhdGFiYXNlcy8xMTE4P2FwaS12ZXJzaW9uPTIwMTQtMDQtMDE=",
      "RequestMethod": "PUT",
      "RequestBody": "{\r\n  \"location\": \"Japan East\"\r\n}",
      "RequestHeaders": {
        "Content-Type": [
          "application/json; charset=utf-8"
        ],
        "Content-Length": [
          "32"
        ],
        "x-ms-client-request-id": [
          "8336b2a4-5541-4541-a6a5-5d947410ed29"
        ],
        "accept-language": [
          "en-US"
        ],
        "User-Agent": [
          "FxVersion/4.6.25211.01",
          "Microsoft.Azure.Management.Sql.SqlManagementClient/1.4.0.0"
        ]
      },
      "ResponseBody": "{\r\n  \"operation\": \"CreateLogicalDatabase\",\r\n  \"startTime\": \"2017-05-24T11:13:31.757-07:00\"\r\n}",
      "ResponseHeaders": {
        "Content-Length": [
          "80"
        ],
        "Content-Type": [
          "application/json; odata=minimalmetadata; streaming=true; charset=utf-8"
        ],
        "Cache-Control": [
          "no-store, no-cache"
        ],
        "Date": [
          "Wed, 24 May 2017 18:13:32 GMT"
        ],
        "Location": [
          "https://management.azure.com/subscriptions/b6a6e0c5-e79c-4c6d-a878-72eafbca4cf2/resourceGroups/sqlcrudtest-6635/providers/Microsoft.Sql/servers/sqlcrudtest-8921/databases/1118/operationResults/af8253af-8696-4dd3-bebd-312f6ba8a0a0?api-version=2014-04-01-Preview"
        ],
        "Retry-After": [
          "30"
        ],
        "Server": [
          "Microsoft-HTTPAPI/2.0"
        ],
        "x-ms-request-id": [
          "af8253af-8696-4dd3-bebd-312f6ba8a0a0"
        ],
        "X-Content-Type-Options": [
          "nosniff"
        ],
        "Preference-Applied": [
          "return-content"
        ],
        "DataServiceVersion": [
          "3.0;"
        ],
        "Strict-Transport-Security": [
          "max-age=31536000; includeSubDomains"
        ],
        "Azure-AsyncOperation": [
          "https://management.azure.com/subscriptions/b6a6e0c5-e79c-4c6d-a878-72eafbca4cf2/resourceGroups/sqlcrudtest-6635/providers/Microsoft.Sql/servers/sqlcrudtest-8921/databases/1118/azureAsyncOperation/af8253af-8696-4dd3-bebd-312f6ba8a0a0?api-version=2014-04-01-Preview"
        ],
        "x-ms-ratelimit-remaining-subscription-writes": [
          "1196"
        ],
        "x-ms-correlation-request-id": [
          "670725e6-845e-4793-bf54-08adeb8c5b67"
        ],
        "x-ms-routing-request-id": [
          "WESTUS2:20170524T181332Z:670725e6-845e-4793-bf54-08adeb8c5b67"
        ]
      },
      "StatusCode": 202
    },
    {
      "RequestUri": "/subscriptions/b6a6e0c5-e79c-4c6d-a878-72eafbca4cf2/resourceGroups/sqlcrudtest-6635/providers/Microsoft.Sql/servers/sqlcrudtest-8921/databases/1118?api-version=2014-04-01",
      "EncodedRequestUri": "L3N1YnNjcmlwdGlvbnMvYjZhNmUwYzUtZTc5Yy00YzZkLWE4NzgtNzJlYWZiY2E0Y2YyL3Jlc291cmNlR3JvdXBzL3NxbGNydWR0ZXN0LTY2MzUvcHJvdmlkZXJzL01pY3Jvc29mdC5TcWwvc2VydmVycy9zcWxjcnVkdGVzdC04OTIxL2RhdGFiYXNlcy8xMTE4P2FwaS12ZXJzaW9uPTIwMTQtMDQtMDE=",
      "RequestMethod": "PUT",
      "RequestBody": "{\r\n  \"properties\": {\r\n    \"elasticPoolName\": \"4189\"\r\n  },\r\n  \"location\": \"Japan East\"\r\n}",
      "RequestHeaders": {
        "Content-Type": [
          "application/json; charset=utf-8"
        ],
        "Content-Length": [
          "88"
        ],
        "x-ms-client-request-id": [
          "c6f7b69f-0b83-4e1b-aa07-23139c5d87c1"
        ],
        "accept-language": [
          "en-US"
        ],
        "User-Agent": [
          "FxVersion/4.6.25211.01",
          "Microsoft.Azure.Management.Sql.SqlManagementClient/1.4.0.0"
        ]
      },
      "ResponseBody": "{\r\n  \"operation\": \"AlterDatabaseOperation\",\r\n  \"startTime\": \"2017-05-24T11:14:34.884-07:00\"\r\n}",
      "ResponseHeaders": {
        "Content-Length": [
          "81"
        ],
        "Content-Type": [
          "application/json; odata=minimalmetadata; streaming=true; charset=utf-8"
        ],
        "Cache-Control": [
          "no-store, no-cache"
        ],
        "Date": [
          "Wed, 24 May 2017 18:14:34 GMT"
        ],
        "Location": [
          "https://management.azure.com/subscriptions/b6a6e0c5-e79c-4c6d-a878-72eafbca4cf2/resourceGroups/sqlcrudtest-6635/providers/Microsoft.Sql/servers/sqlcrudtest-8921/databases/1118/operationResults/89fb4145-cef5-40d8-bbc1-b2decf87407b?api-version=2014-04-01-Preview"
        ],
        "Retry-After": [
          "30"
        ],
        "Server": [
          "Microsoft-HTTPAPI/2.0"
        ],
        "x-ms-request-id": [
          "89fb4145-cef5-40d8-bbc1-b2decf87407b"
        ],
        "X-Content-Type-Options": [
          "nosniff"
        ],
        "Preference-Applied": [
          "return-content"
        ],
        "DataServiceVersion": [
          "3.0;"
        ],
        "Strict-Transport-Security": [
          "max-age=31536000; includeSubDomains"
        ],
        "Azure-AsyncOperation": [
          "https://management.azure.com/subscriptions/b6a6e0c5-e79c-4c6d-a878-72eafbca4cf2/resourceGroups/sqlcrudtest-6635/providers/Microsoft.Sql/servers/sqlcrudtest-8921/databases/1118/azureAsyncOperation/89fb4145-cef5-40d8-bbc1-b2decf87407b?api-version=2014-04-01-Preview"
        ],
        "x-ms-ratelimit-remaining-subscription-writes": [
          "1195"
        ],
        "x-ms-correlation-request-id": [
          "bafd156e-13bd-4680-aea6-96fc90c2d08d"
        ],
        "x-ms-routing-request-id": [
          "WESTUS2:20170524T181435Z:bafd156e-13bd-4680-aea6-96fc90c2d08d"
        ]
      },
      "StatusCode": 202
    },
    {
      "RequestUri": "/subscriptions/b6a6e0c5-e79c-4c6d-a878-72eafbca4cf2/resourceGroups/sqlcrudtest-6635/providers/Microsoft.Sql/servers/sqlcrudtest-8921/databases/1118/azureAsyncOperation/af8253af-8696-4dd3-bebd-312f6ba8a0a0?api-version=2014-04-01-Preview",
      "EncodedRequestUri": "L3N1YnNjcmlwdGlvbnMvYjZhNmUwYzUtZTc5Yy00YzZkLWE4NzgtNzJlYWZiY2E0Y2YyL3Jlc291cmNlR3JvdXBzL3NxbGNydWR0ZXN0LTY2MzUvcHJvdmlkZXJzL01pY3Jvc29mdC5TcWwvc2VydmVycy9zcWxjcnVkdGVzdC04OTIxL2RhdGFiYXNlcy8xMTE4L2F6dXJlQXN5bmNPcGVyYXRpb24vYWY4MjUzYWYtODY5Ni00ZGQzLWJlYmQtMzEyZjZiYThhMGEwP2FwaS12ZXJzaW9uPTIwMTQtMDQtMDEtUHJldmlldw==",
      "RequestMethod": "GET",
      "RequestBody": "",
      "RequestHeaders": {
        "User-Agent": [
          "FxVersion/4.6.25211.01",
          "Microsoft.Azure.Management.Sql.SqlManagementClient/1.4.0.0"
        ]
      },
      "ResponseBody": "{\r\n  \"operationId\": \"af8253af-8696-4dd3-bebd-312f6ba8a0a0\",\r\n  \"status\": \"InProgress\",\r\n  \"error\": null\r\n}",
      "ResponseHeaders": {
        "Content-Type": [
          "application/json; odata=minimalmetadata; streaming=true; charset=utf-8"
        ],
        "Cache-Control": [
          "no-store, no-cache"
        ],
        "Date": [
          "Wed, 24 May 2017 18:14:03 GMT"
        ],
        "Transfer-Encoding": [
          "chunked"
        ],
        "Server": [
          "Microsoft-HTTPAPI/2.0"
        ],
        "Vary": [
          "Accept-Encoding"
        ],
        "x-ms-request-id": [
          "343b364f-791a-452c-9a41-11cc3a69f1cb"
        ],
        "X-Content-Type-Options": [
          "nosniff"
        ],
        "DataServiceVersion": [
          "3.0;"
        ],
        "Strict-Transport-Security": [
          "max-age=31536000; includeSubDomains"
        ],
        "Azure-AsyncOperation": [
          "https://management.azure.com/subscriptions/b6a6e0c5-e79c-4c6d-a878-72eafbca4cf2/resourceGroups/sqlcrudtest-6635/providers/Microsoft.Sql/servers/sqlcrudtest-8921/databases/1118/azureAsyncOperation/af8253af-8696-4dd3-bebd-312f6ba8a0a0?api-version=2014-04-01-Preview"
        ],
        "x-ms-ratelimit-remaining-subscription-reads": [
          "14998"
        ],
        "x-ms-correlation-request-id": [
          "9b3a492f-bc78-4f82-9305-20d2b6379256"
        ],
        "x-ms-routing-request-id": [
          "WESTUS2:20170524T181403Z:9b3a492f-bc78-4f82-9305-20d2b6379256"
        ]
      },
      "StatusCode": 200
    },
    {
      "RequestUri": "/subscriptions/b6a6e0c5-e79c-4c6d-a878-72eafbca4cf2/resourceGroups/sqlcrudtest-6635/providers/Microsoft.Sql/servers/sqlcrudtest-8921/databases/1118/azureAsyncOperation/af8253af-8696-4dd3-bebd-312f6ba8a0a0?api-version=2014-04-01-Preview",
      "EncodedRequestUri": "L3N1YnNjcmlwdGlvbnMvYjZhNmUwYzUtZTc5Yy00YzZkLWE4NzgtNzJlYWZiY2E0Y2YyL3Jlc291cmNlR3JvdXBzL3NxbGNydWR0ZXN0LTY2MzUvcHJvdmlkZXJzL01pY3Jvc29mdC5TcWwvc2VydmVycy9zcWxjcnVkdGVzdC04OTIxL2RhdGFiYXNlcy8xMTE4L2F6dXJlQXN5bmNPcGVyYXRpb24vYWY4MjUzYWYtODY5Ni00ZGQzLWJlYmQtMzEyZjZiYThhMGEwP2FwaS12ZXJzaW9uPTIwMTQtMDQtMDEtUHJldmlldw==",
      "RequestMethod": "GET",
      "RequestBody": "",
      "RequestHeaders": {
        "User-Agent": [
          "FxVersion/4.6.25211.01",
          "Microsoft.Azure.Management.Sql.SqlManagementClient/1.4.0.0"
        ]
      },
      "ResponseBody": "{\r\n  \"operationId\": \"af8253af-8696-4dd3-bebd-312f6ba8a0a0\",\r\n  \"status\": \"Succeeded\",\r\n  \"error\": null\r\n}",
      "ResponseHeaders": {
        "Content-Type": [
          "application/json; odata=minimalmetadata; streaming=true; charset=utf-8"
        ],
        "Cache-Control": [
          "no-store, no-cache"
        ],
        "Date": [
          "Wed, 24 May 2017 18:14:33 GMT"
        ],
        "Transfer-Encoding": [
          "chunked"
        ],
        "Server": [
          "Microsoft-HTTPAPI/2.0"
        ],
        "Vary": [
          "Accept-Encoding"
        ],
        "x-ms-request-id": [
          "9e5c1171-6a20-4ea6-8d16-77a7a77d5fca"
        ],
        "X-Content-Type-Options": [
          "nosniff"
        ],
        "DataServiceVersion": [
          "3.0;"
        ],
        "Strict-Transport-Security": [
          "max-age=31536000; includeSubDomains"
        ],
        "Azure-AsyncOperation": [
          "https://management.azure.com/subscriptions/b6a6e0c5-e79c-4c6d-a878-72eafbca4cf2/resourceGroups/sqlcrudtest-6635/providers/Microsoft.Sql/servers/sqlcrudtest-8921/databases/1118/azureAsyncOperation/af8253af-8696-4dd3-bebd-312f6ba8a0a0?api-version=2014-04-01-Preview"
        ],
        "x-ms-ratelimit-remaining-subscription-reads": [
          "14997"
        ],
        "x-ms-correlation-request-id": [
          "619a478b-ae96-4dbf-895c-750cf473bb6f"
        ],
        "x-ms-routing-request-id": [
          "WESTUS2:20170524T181434Z:619a478b-ae96-4dbf-895c-750cf473bb6f"
        ]
      },
      "StatusCode": 200
    },
    {
      "RequestUri": "/subscriptions/b6a6e0c5-e79c-4c6d-a878-72eafbca4cf2/resourceGroups/sqlcrudtest-6635/providers/Microsoft.Sql/servers/sqlcrudtest-8921/databases/1118?api-version=2014-04-01",
      "EncodedRequestUri": "L3N1YnNjcmlwdGlvbnMvYjZhNmUwYzUtZTc5Yy00YzZkLWE4NzgtNzJlYWZiY2E0Y2YyL3Jlc291cmNlR3JvdXBzL3NxbGNydWR0ZXN0LTY2MzUvcHJvdmlkZXJzL01pY3Jvc29mdC5TcWwvc2VydmVycy9zcWxjcnVkdGVzdC04OTIxL2RhdGFiYXNlcy8xMTE4P2FwaS12ZXJzaW9uPTIwMTQtMDQtMDE=",
      "RequestMethod": "GET",
      "RequestBody": "",
      "RequestHeaders": {
        "User-Agent": [
          "FxVersion/4.6.25211.01",
          "Microsoft.Azure.Management.Sql.SqlManagementClient/1.4.0.0"
        ]
      },
      "ResponseBody": "{\r\n  \"id\": \"/subscriptions/b6a6e0c5-e79c-4c6d-a878-72eafbca4cf2/resourceGroups/sqlcrudtest-6635/providers/Microsoft.Sql/servers/sqlcrudtest-8921/databases/1118\",\r\n  \"name\": \"1118\",\r\n  \"type\": \"Microsoft.Sql/servers/databases\",\r\n  \"location\": \"Japan East\",\r\n  \"kind\": \"v12.0,user\",\r\n  \"properties\": {\r\n    \"databaseId\": \"671f34e1-97bb-4da4-ac7d-1699a0162a62\",\r\n    \"edition\": \"Standard\",\r\n    \"status\": \"Online\",\r\n    \"serviceLevelObjective\": \"S0\",\r\n    \"collation\": \"SQL_Latin1_General_CP1_CI_AS\",\r\n    \"maxSizeBytes\": \"268435456000\",\r\n    \"creationDate\": \"2017-05-24T18:13:32.037Z\",\r\n    \"currentServiceObjectiveId\": \"f1173c43-91bd-4aaa-973c-54e79e15235b\",\r\n    \"requestedServiceObjectiveId\": \"f1173c43-91bd-4aaa-973c-54e79e15235b\",\r\n    \"requestedServiceObjectiveName\": \"S0\",\r\n    \"sampleName\": null,\r\n    \"defaultSecondaryLocation\": \"Japan West\",\r\n    \"earliestRestoreDate\": \"2017-05-24T18:24:14.387Z\",\r\n    \"elasticPoolName\": null,\r\n    \"containmentState\": 2,\r\n    \"readScale\": \"Disabled\",\r\n    \"failoverGroupId\": null\r\n  }\r\n}",
      "ResponseHeaders": {
        "Content-Type": [
          "application/json; odata=minimalmetadata; streaming=true; charset=utf-8"
        ],
        "Cache-Control": [
          "no-store, no-cache"
        ],
        "Date": [
          "Wed, 24 May 2017 18:14:34 GMT"
        ],
        "Transfer-Encoding": [
          "chunked"
        ],
        "Server": [
          "Microsoft-HTTPAPI/2.0"
        ],
        "Vary": [
          "Accept-Encoding"
        ],
        "x-ms-request-id": [
          "40a96ea4-efee-452b-9df2-a3a0a62f674f"
        ],
        "X-Content-Type-Options": [
          "nosniff"
        ],
        "DataServiceVersion": [
          "3.0;"
        ],
        "Strict-Transport-Security": [
          "max-age=31536000; includeSubDomains"
        ],
        "x-ms-ratelimit-remaining-subscription-reads": [
          "14996"
        ],
        "x-ms-correlation-request-id": [
          "ecd8fdae-9f7d-4415-afd4-a36c7e5fb0c8"
        ],
        "x-ms-routing-request-id": [
          "WESTUS2:20170524T181434Z:ecd8fdae-9f7d-4415-afd4-a36c7e5fb0c8"
        ]
      },
      "StatusCode": 200
    },
    {
      "RequestUri": "/subscriptions/b6a6e0c5-e79c-4c6d-a878-72eafbca4cf2/resourceGroups/sqlcrudtest-6635/providers/Microsoft.Sql/servers/sqlcrudtest-8921/databases/1118?api-version=2014-04-01",
      "EncodedRequestUri": "L3N1YnNjcmlwdGlvbnMvYjZhNmUwYzUtZTc5Yy00YzZkLWE4NzgtNzJlYWZiY2E0Y2YyL3Jlc291cmNlR3JvdXBzL3NxbGNydWR0ZXN0LTY2MzUvcHJvdmlkZXJzL01pY3Jvc29mdC5TcWwvc2VydmVycy9zcWxjcnVkdGVzdC04OTIxL2RhdGFiYXNlcy8xMTE4P2FwaS12ZXJzaW9uPTIwMTQtMDQtMDE=",
      "RequestMethod": "GET",
      "RequestBody": "",
      "RequestHeaders": {
        "User-Agent": [
          "FxVersion/4.6.25211.01",
          "Microsoft.Azure.Management.Sql.SqlManagementClient/1.4.0.0"
        ]
      },
      "ResponseBody": "{\r\n  \"id\": \"/subscriptions/b6a6e0c5-e79c-4c6d-a878-72eafbca4cf2/resourceGroups/sqlcrudtest-6635/providers/Microsoft.Sql/servers/sqlcrudtest-8921/databases/1118\",\r\n  \"name\": \"1118\",\r\n  \"type\": \"Microsoft.Sql/servers/databases\",\r\n  \"location\": \"Japan East\",\r\n  \"kind\": \"v12.0,user\",\r\n  \"properties\": {\r\n    \"databaseId\": \"671f34e1-97bb-4da4-ac7d-1699a0162a62\",\r\n    \"edition\": \"Basic\",\r\n    \"status\": \"Online\",\r\n    \"serviceLevelObjective\": \"ElasticPool\",\r\n    \"collation\": \"SQL_Latin1_General_CP1_CI_AS\",\r\n    \"maxSizeBytes\": \"2147483648\",\r\n    \"creationDate\": \"2017-05-24T18:13:32.037Z\",\r\n    \"currentServiceObjectiveId\": \"d1737d22-a8ea-4de7-9bd0-33395d2a7419\",\r\n    \"requestedServiceObjectiveId\": \"d1737d22-a8ea-4de7-9bd0-33395d2a7419\",\r\n    \"requestedServiceObjectiveName\": \"ElasticPool\",\r\n    \"sampleName\": null,\r\n    \"defaultSecondaryLocation\": \"Japan West\",\r\n    \"earliestRestoreDate\": \"2017-05-24T18:24:14.387Z\",\r\n    \"elasticPoolName\": \"4189\",\r\n    \"containmentState\": 2,\r\n    \"readScale\": \"Disabled\",\r\n    \"failoverGroupId\": null\r\n  }\r\n}",
      "ResponseHeaders": {
        "Content-Type": [
          "application/json; odata=minimalmetadata; streaming=true; charset=utf-8"
        ],
        "Cache-Control": [
          "no-store, no-cache"
        ],
        "Date": [
          "Wed, 24 May 2017 18:15:36 GMT"
        ],
        "Transfer-Encoding": [
          "chunked"
        ],
        "Server": [
          "Microsoft-HTTPAPI/2.0"
        ],
        "Vary": [
          "Accept-Encoding"
        ],
        "x-ms-request-id": [
          "f72ee828-6ae7-49f0-a2be-449b927d9521"
        ],
        "X-Content-Type-Options": [
          "nosniff"
        ],
        "DataServiceVersion": [
          "3.0;"
        ],
        "Strict-Transport-Security": [
          "max-age=31536000; includeSubDomains"
        ],
        "x-ms-ratelimit-remaining-subscription-reads": [
          "14993"
        ],
        "x-ms-correlation-request-id": [
          "ab679c72-4999-49cf-a759-cb59a6bc989b"
        ],
        "x-ms-routing-request-id": [
          "WESTUS2:20170524T181536Z:ab679c72-4999-49cf-a759-cb59a6bc989b"
        ]
      },
      "StatusCode": 200
    },
    {
      "RequestUri": "/subscriptions/b6a6e0c5-e79c-4c6d-a878-72eafbca4cf2/resourceGroups/sqlcrudtest-6635/providers/Microsoft.Sql/servers/sqlcrudtest-8921/databases/1118/azureAsyncOperation/89fb4145-cef5-40d8-bbc1-b2decf87407b?api-version=2014-04-01-Preview",
      "EncodedRequestUri": "L3N1YnNjcmlwdGlvbnMvYjZhNmUwYzUtZTc5Yy00YzZkLWE4NzgtNzJlYWZiY2E0Y2YyL3Jlc291cmNlR3JvdXBzL3NxbGNydWR0ZXN0LTY2MzUvcHJvdmlkZXJzL01pY3Jvc29mdC5TcWwvc2VydmVycy9zcWxjcnVkdGVzdC04OTIxL2RhdGFiYXNlcy8xMTE4L2F6dXJlQXN5bmNPcGVyYXRpb24vODlmYjQxNDUtY2VmNS00MGQ4LWJiYzEtYjJkZWNmODc0MDdiP2FwaS12ZXJzaW9uPTIwMTQtMDQtMDEtUHJldmlldw==",
      "RequestMethod": "GET",
      "RequestBody": "",
      "RequestHeaders": {
        "User-Agent": [
          "FxVersion/4.6.25211.01",
          "Microsoft.Azure.Management.Sql.SqlManagementClient/1.4.0.0"
        ]
      },
      "ResponseBody": "{\r\n  \"operationId\": \"89fb4145-cef5-40d8-bbc1-b2decf87407b\",\r\n  \"status\": \"InProgress\",\r\n  \"error\": null\r\n}",
      "ResponseHeaders": {
        "Content-Type": [
          "application/json; odata=minimalmetadata; streaming=true; charset=utf-8"
        ],
        "Cache-Control": [
          "no-store, no-cache"
        ],
        "Date": [
          "Wed, 24 May 2017 18:15:05 GMT"
        ],
        "Transfer-Encoding": [
          "chunked"
        ],
        "Server": [
          "Microsoft-HTTPAPI/2.0"
        ],
        "Vary": [
          "Accept-Encoding"
        ],
        "x-ms-request-id": [
          "7ebebf0b-d06e-4a2d-8e7f-c605330d1c4b"
        ],
        "X-Content-Type-Options": [
          "nosniff"
        ],
        "DataServiceVersion": [
          "3.0;"
        ],
        "Strict-Transport-Security": [
          "max-age=31536000; includeSubDomains"
        ],
        "Azure-AsyncOperation": [
          "https://management.azure.com/subscriptions/b6a6e0c5-e79c-4c6d-a878-72eafbca4cf2/resourceGroups/sqlcrudtest-6635/providers/Microsoft.Sql/servers/sqlcrudtest-8921/databases/1118/azureAsyncOperation/89fb4145-cef5-40d8-bbc1-b2decf87407b?api-version=2014-04-01-Preview"
        ],
        "x-ms-ratelimit-remaining-subscription-reads": [
          "14995"
        ],
        "x-ms-correlation-request-id": [
          "bc239e2b-b2c7-4b80-bdb6-578fa0de0e6b"
        ],
        "x-ms-routing-request-id": [
          "WESTUS2:20170524T181505Z:bc239e2b-b2c7-4b80-bdb6-578fa0de0e6b"
        ]
      },
      "StatusCode": 200
    },
    {
      "RequestUri": "/subscriptions/b6a6e0c5-e79c-4c6d-a878-72eafbca4cf2/resourceGroups/sqlcrudtest-6635/providers/Microsoft.Sql/servers/sqlcrudtest-8921/databases/1118/azureAsyncOperation/89fb4145-cef5-40d8-bbc1-b2decf87407b?api-version=2014-04-01-Preview",
      "EncodedRequestUri": "L3N1YnNjcmlwdGlvbnMvYjZhNmUwYzUtZTc5Yy00YzZkLWE4NzgtNzJlYWZiY2E0Y2YyL3Jlc291cmNlR3JvdXBzL3NxbGNydWR0ZXN0LTY2MzUvcHJvdmlkZXJzL01pY3Jvc29mdC5TcWwvc2VydmVycy9zcWxjcnVkdGVzdC04OTIxL2RhdGFiYXNlcy8xMTE4L2F6dXJlQXN5bmNPcGVyYXRpb24vODlmYjQxNDUtY2VmNS00MGQ4LWJiYzEtYjJkZWNmODc0MDdiP2FwaS12ZXJzaW9uPTIwMTQtMDQtMDEtUHJldmlldw==",
      "RequestMethod": "GET",
      "RequestBody": "",
      "RequestHeaders": {
        "User-Agent": [
          "FxVersion/4.6.25211.01",
          "Microsoft.Azure.Management.Sql.SqlManagementClient/1.4.0.0"
        ]
      },
      "ResponseBody": "{\r\n  \"operationId\": \"89fb4145-cef5-40d8-bbc1-b2decf87407b\",\r\n  \"status\": \"Succeeded\",\r\n  \"error\": null\r\n}",
      "ResponseHeaders": {
        "Content-Type": [
          "application/json; odata=minimalmetadata; streaming=true; charset=utf-8"
        ],
        "Cache-Control": [
          "no-store, no-cache"
        ],
        "Date": [
          "Wed, 24 May 2017 18:15:35 GMT"
        ],
        "Transfer-Encoding": [
          "chunked"
        ],
        "Server": [
          "Microsoft-HTTPAPI/2.0"
        ],
        "Vary": [
          "Accept-Encoding"
        ],
        "x-ms-request-id": [
          "ecc470c0-8bde-478b-9022-fc852c85ee21"
        ],
        "X-Content-Type-Options": [
          "nosniff"
        ],
        "DataServiceVersion": [
          "3.0;"
        ],
        "Strict-Transport-Security": [
          "max-age=31536000; includeSubDomains"
        ],
        "Azure-AsyncOperation": [
          "https://management.azure.com/subscriptions/b6a6e0c5-e79c-4c6d-a878-72eafbca4cf2/resourceGroups/sqlcrudtest-6635/providers/Microsoft.Sql/servers/sqlcrudtest-8921/databases/1118/azureAsyncOperation/89fb4145-cef5-40d8-bbc1-b2decf87407b?api-version=2014-04-01-Preview"
        ],
        "x-ms-ratelimit-remaining-subscription-reads": [
          "14994"
        ],
        "x-ms-correlation-request-id": [
          "f22a03c4-af5d-41cc-878d-c4fb739c4bc5"
        ],
        "x-ms-routing-request-id": [
          "WESTUS2:20170524T181535Z:f22a03c4-af5d-41cc-878d-c4fb739c4bc5"
        ]
      },
      "StatusCode": 200
    },
    {
      "RequestUri": "/subscriptions/b6a6e0c5-e79c-4c6d-a878-72eafbca4cf2/resourceGroups/sqlcrudtest-6635/providers/Microsoft.Sql/servers/sqlcrudtest-8921/elasticPools/4189/elasticPoolDatabaseActivity?api-version=2014-04-01",
      "EncodedRequestUri": "L3N1YnNjcmlwdGlvbnMvYjZhNmUwYzUtZTc5Yy00YzZkLWE4NzgtNzJlYWZiY2E0Y2YyL3Jlc291cmNlR3JvdXBzL3NxbGNydWR0ZXN0LTY2MzUvcHJvdmlkZXJzL01pY3Jvc29mdC5TcWwvc2VydmVycy9zcWxjcnVkdGVzdC04OTIxL2VsYXN0aWNQb29scy80MTg5L2VsYXN0aWNQb29sRGF0YWJhc2VBY3Rpdml0eT9hcGktdmVyc2lvbj0yMDE0LTA0LTAx",
      "RequestMethod": "GET",
      "RequestBody": "",
      "RequestHeaders": {
        "x-ms-client-request-id": [
          "9cf3f89c-b303-4f26-a378-29aca6fe08b1"
        ],
        "accept-language": [
          "en-US"
        ],
        "User-Agent": [
          "FxVersion/4.6.25211.01",
          "Microsoft.Azure.Management.Sql.SqlManagementClient/1.4.0.0"
        ]
      },
      "ResponseBody": "{\r\n  \"value\": [\r\n    {\r\n      \"id\": \"/subscriptions/b6a6e0c5-e79c-4c6d-a878-72eafbca4cf2/resourceGroups/sqlcrudtest-6635/providers/Microsoft.Sql/servers/sqlcrudtest-8921/elasticPools/4189/elasticPoolDatabaseActivity/af8253af-8696-4dd3-bebd-312f6ba8a0a0\",\r\n      \"name\": \"af8253af-8696-4dd3-bebd-312f6ba8a0a0\",\r\n      \"type\": \"Microsoft.Sql/servers/elasticPools/elasticPoolDatabaseActivity\",\r\n      \"location\": \"Japan East\",\r\n      \"properties\": {\r\n        \"operationId\": \"af8253af-8696-4dd3-bebd-312f6ba8a0a0\",\r\n        \"serverName\": \"sqlcrudtest-8921\",\r\n        \"databaseName\": \"1118\",\r\n        \"state\": \"COMPLETED\",\r\n        \"operation\": \"CREATE\",\r\n        \"errorCode\": null,\r\n        \"errorMessage\": null,\r\n        \"errorSeverity\": null,\r\n        \"startTime\": \"2017-05-24T18:13:31.74\",\r\n        \"endTime\": \"2017-05-24T18:14:14.607\",\r\n        \"percentComplete\": 100,\r\n        \"currentServiceObjective\": \"ElasticPool\",\r\n        \"requestedServiceObjective\": null,\r\n        \"currentElasticPoolName\": \"4189\",\r\n        \"requestedElasticPoolName\": null\r\n      }\r\n    },\r\n    {\r\n      \"id\": \"/subscriptions/b6a6e0c5-e79c-4c6d-a878-72eafbca4cf2/resourceGroups/sqlcrudtest-6635/providers/Microsoft.Sql/servers/sqlcrudtest-8921/elasticPools/4189/elasticPoolDatabaseActivity/89fb4145-cef5-40d8-bbc1-b2decf87407b\",\r\n      \"name\": \"89fb4145-cef5-40d8-bbc1-b2decf87407b\",\r\n      \"type\": \"Microsoft.Sql/servers/elasticPools/elasticPoolDatabaseActivity\",\r\n      \"location\": \"Japan East\",\r\n      \"properties\": {\r\n        \"operationId\": \"89fb4145-cef5-40d8-bbc1-b2decf87407b\",\r\n        \"serverName\": \"sqlcrudtest-8921\",\r\n        \"databaseName\": \"1118\",\r\n        \"state\": \"COMPLETED\",\r\n        \"operation\": \"UPDATE\",\r\n        \"errorCode\": null,\r\n        \"errorMessage\": null,\r\n        \"errorSeverity\": null,\r\n        \"startTime\": \"2017-05-24T18:14:34.837\",\r\n        \"endTime\": \"2017-05-24T18:15:06.193\",\r\n        \"percentComplete\": 100,\r\n        \"currentServiceObjective\": \"ElasticPool\",\r\n        \"requestedServiceObjective\": null,\r\n        \"currentElasticPoolName\": \"4189\",\r\n        \"requestedElasticPoolName\": null\r\n      }\r\n    }\r\n  ]\r\n}",
      "ResponseHeaders": {
        "Content-Type": [
          "application/json; odata=minimalmetadata; streaming=true; charset=utf-8"
        ],
        "Cache-Control": [
          "no-store, no-cache"
        ],
        "Date": [
          "Wed, 24 May 2017 18:15:37 GMT"
        ],
        "Transfer-Encoding": [
          "chunked"
        ],
        "Server": [
          "Microsoft-HTTPAPI/2.0"
        ],
        "Vary": [
          "Accept-Encoding"
        ],
        "x-ms-request-id": [
          "604d8ce1-9a30-4de1-a71a-fb0fe4c95db3"
        ],
        "X-Content-Type-Options": [
          "nosniff"
        ],
        "DataServiceVersion": [
          "3.0;"
        ],
        "Strict-Transport-Security": [
          "max-age=31536000; includeSubDomains"
        ],
        "x-ms-ratelimit-remaining-subscription-reads": [
          "14992"
        ],
        "x-ms-correlation-request-id": [
          "4c006a1f-5b01-4982-8e5a-43c3c5720c62"
        ],
        "x-ms-routing-request-id": [
          "WESTUS2:20170524T181537Z:4c006a1f-5b01-4982-8e5a-43c3c5720c62"
        ]
      },
      "StatusCode": 200
    },
    {
      "RequestUri": "/subscriptions/b6a6e0c5-e79c-4c6d-a878-72eafbca4cf2/resourcegroups/sqlcrudtest-6635?api-version=2017-05-10",
      "EncodedRequestUri": "L3N1YnNjcmlwdGlvbnMvYjZhNmUwYzUtZTc5Yy00YzZkLWE4NzgtNzJlYWZiY2E0Y2YyL3Jlc291cmNlZ3JvdXBzL3NxbGNydWR0ZXN0LTY2MzU/YXBpLXZlcnNpb249MjAxNy0wNS0xMA==",
      "RequestMethod": "DELETE",
      "RequestBody": "",
      "RequestHeaders": {
        "x-ms-client-request-id": [
          "8c6e615a-4213-4f74-9f21-9f71ef4bb8de"
        ],
        "accept-language": [
          "en-US"
        ],
        "User-Agent": [
          "FxVersion/4.6.25211.01",
          "Microsoft.Azure.Management.ResourceManager.ResourceManagementClient/1.6.0.0"
        ]
      },
      "ResponseBody": "",
      "ResponseHeaders": {
        "Content-Length": [
          "0"
        ],
        "Expires": [
          "-1"
        ],
        "Cache-Control": [
          "no-cache"
        ],
        "Date": [
          "Wed, 24 May 2017 18:15:39 GMT"
        ],
        "Pragma": [
          "no-cache"
        ],
        "Location": [
          "https://management.azure.com/subscriptions/b6a6e0c5-e79c-4c6d-a878-72eafbca4cf2/operationresults/eyJqb2JJZCI6IlJFU09VUkNFR1JPVVBERUxFVElPTkpPQi1TUUxDUlVEVEVTVDoyRDY2MzUtSkFQQU5FQVNUIiwiam9iTG9jYXRpb24iOiJqYXBhbmVhc3QifQ?api-version=2017-05-10"
        ],
        "Retry-After": [
          "15"
        ],
        "x-ms-ratelimit-remaining-subscription-writes": [
          "1194"
        ],
        "x-ms-request-id": [
          "2bd68647-e5c7-4be5-b988-b0f68c6b355f"
        ],
        "x-ms-correlation-request-id": [
          "2bd68647-e5c7-4be5-b988-b0f68c6b355f"
        ],
        "x-ms-routing-request-id": [
          "WESTUS2:20170524T181539Z:2bd68647-e5c7-4be5-b988-b0f68c6b355f"
        ],
        "Strict-Transport-Security": [
          "max-age=31536000; includeSubDomains"
        ]
      },
      "StatusCode": 202
    }
  ],
  "Names": {
    "RunTestInNewResourceGroup": [
      "sqlcrudtest-6635"
    ],
    "RunTestInNewV12Server": [
      "sqlcrudtest-8921"
    ],
    "TestListElasticPoolDatabaseActivity": [
      "4189",
      "1118"
    ]
  },
  "Variables": {
    "SubscriptionId": "b6a6e0c5-e79c-4c6d-a878-72eafbca4cf2"
  }
}