{
  "Entries": [
    {
      "RequestUri": "/subscriptions/b6a6e0c5-e79c-4c6d-a878-72eafbca4cf2/resourcegroups/sqlcrudtest-7325?api-version=2017-05-10",
      "EncodedRequestUri": "L3N1YnNjcmlwdGlvbnMvYjZhNmUwYzUtZTc5Yy00YzZkLWE4NzgtNzJlYWZiY2E0Y2YyL3Jlc291cmNlZ3JvdXBzL3NxbGNydWR0ZXN0LTczMjU/YXBpLXZlcnNpb249MjAxNy0wNS0xMA==",
      "RequestMethod": "PUT",
      "RequestBody": "{\r\n  \"location\": \"Japan East\",\r\n  \"tags\": {\r\n    \"sqlcrudtest-7325\": \"2017-08-02 00:31:07Z\"\r\n  }\r\n}",
      "RequestHeaders": {
        "Content-Type": [
          "application/json; charset=utf-8"
        ],
        "Content-Length": [
          "99"
        ],
        "x-ms-client-request-id": [
          "5626b436-38f6-4196-a6a4-0f206f86b143"
        ],
        "accept-language": [
          "en-US"
        ],
        "User-Agent": [
          "FxVersion/4.6.25211.01",
          "Microsoft.Azure.Management.ResourceManager.ResourceManagementClient/1.6.0.0"
        ]
      },
      "ResponseBody": "{\r\n  \"id\": \"/subscriptions/b6a6e0c5-e79c-4c6d-a878-72eafbca4cf2/resourceGroups/sqlcrudtest-7325\",\r\n  \"name\": \"sqlcrudtest-7325\",\r\n  \"location\": \"japaneast\",\r\n  \"tags\": {\r\n    \"sqlcrudtest-7325\": \"2017-08-02 00:31:07Z\"\r\n  },\r\n  \"properties\": {\r\n    \"provisioningState\": \"Succeeded\"\r\n  }\r\n}",
      "ResponseHeaders": {
        "Content-Length": [
          "239"
        ],
        "Content-Type": [
          "application/json; charset=utf-8"
        ],
        "Expires": [
          "-1"
        ],
        "Cache-Control": [
          "no-cache"
        ],
        "Date": [
          "Wed, 02 Aug 2017 00:31:08 GMT"
        ],
        "Pragma": [
          "no-cache"
        ],
        "x-ms-ratelimit-remaining-subscription-writes": [
          "1199"
        ],
        "x-ms-request-id": [
          "3cf6a409-d742-49fb-83ab-0d87245f81e7"
        ],
        "x-ms-correlation-request-id": [
          "3cf6a409-d742-49fb-83ab-0d87245f81e7"
        ],
        "x-ms-routing-request-id": [
          "WESTUS2:20170802T003108Z:3cf6a409-d742-49fb-83ab-0d87245f81e7"
        ],
        "Strict-Transport-Security": [
          "max-age=31536000; includeSubDomains"
        ]
      },
      "StatusCode": 201
    },
    {
      "RequestUri": "/subscriptions/b6a6e0c5-e79c-4c6d-a878-72eafbca4cf2/resourceGroups/sqlcrudtest-7325/providers/Microsoft.Sql/servers/sqlcrudtest-2737?api-version=2015-05-01-preview",
      "EncodedRequestUri": "L3N1YnNjcmlwdGlvbnMvYjZhNmUwYzUtZTc5Yy00YzZkLWE4NzgtNzJlYWZiY2E0Y2YyL3Jlc291cmNlR3JvdXBzL3NxbGNydWR0ZXN0LTczMjUvcHJvdmlkZXJzL01pY3Jvc29mdC5TcWwvc2VydmVycy9zcWxjcnVkdGVzdC0yNzM3P2FwaS12ZXJzaW9uPTIwMTUtMDUtMDEtcHJldmlldw==",
      "RequestMethod": "PUT",
      "RequestBody": "{\r\n  \"properties\": {\r\n    \"administratorLogin\": \"dummylogin\",\r\n    \"administratorLoginPassword\": \"Un53cuRE!\",\r\n    \"version\": \"12.0\"\r\n  },\r\n  \"tags\": {},\r\n  \"location\": \"Japan East\"\r\n}",
      "RequestHeaders": {
        "Content-Type": [
          "application/json; charset=utf-8"
        ],
        "Content-Length": [
          "184"
        ],
        "x-ms-client-request-id": [
          "c501dac8-b1cd-4787-ad42-61a7eac5d9f3"
        ],
        "accept-language": [
          "en-US"
        ],
        "User-Agent": [
          "FxVersion/4.6.25211.01",
          "Microsoft.Azure.Management.Sql.SqlManagementClient/1.7.0.0"
        ]
      },
      "ResponseBody": "{\r\n  \"operation\": \"UpsertLogicalServer\",\r\n  \"startTime\": \"2017-08-02T00:31:12.573Z\"\r\n}",
      "ResponseHeaders": {
        "Content-Length": [
          "74"
        ],
        "Content-Type": [
          "application/json; charset=utf-8"
        ],
        "Expires": [
          "-1"
        ],
        "Cache-Control": [
          "no-cache"
        ],
        "Date": [
          "Wed, 02 Aug 2017 00:31:12 GMT"
        ],
        "Pragma": [
          "no-cache"
        ],
        "Location": [
          "https://management.azure.com/subscriptions/b6a6e0c5-e79c-4c6d-a878-72eafbca4cf2/providers/Microsoft.Sql/locations/japaneast/serverOperationResults/03f262e5-9f9a-422a-94a1-e18f9e1c6e54?api-version=2015-05-01-preview"
        ],
        "Retry-After": [
          "1"
        ],
        "Server": [
          "Microsoft-HTTPAPI/2.0"
        ],
        "Azure-AsyncOperation": [
          "https://management.azure.com/subscriptions/b6a6e0c5-e79c-4c6d-a878-72eafbca4cf2/providers/Microsoft.Sql/locations/japaneast/serverAzureAsyncOperation/03f262e5-9f9a-422a-94a1-e18f9e1c6e54?api-version=2015-05-01-preview"
        ],
        "x-ms-request-id": [
          "03f262e5-9f9a-422a-94a1-e18f9e1c6e54"
        ],
        "x-ms-ratelimit-remaining-subscription-writes": [
          "1199"
        ],
        "x-ms-correlation-request-id": [
          "b7e92b36-2d7c-4f6d-bee8-dbf9c9366398"
        ],
        "x-ms-routing-request-id": [
          "WESTUS2:20170802T003112Z:b7e92b36-2d7c-4f6d-bee8-dbf9c9366398"
        ],
        "Strict-Transport-Security": [
          "max-age=31536000; includeSubDomains"
        ]
      },
      "StatusCode": 202
    },
    {
      "RequestUri": "/subscriptions/b6a6e0c5-e79c-4c6d-a878-72eafbca4cf2/providers/Microsoft.Sql/locations/japaneast/serverAzureAsyncOperation/03f262e5-9f9a-422a-94a1-e18f9e1c6e54?api-version=2015-05-01-preview",
      "EncodedRequestUri": "L3N1YnNjcmlwdGlvbnMvYjZhNmUwYzUtZTc5Yy00YzZkLWE4NzgtNzJlYWZiY2E0Y2YyL3Byb3ZpZGVycy9NaWNyb3NvZnQuU3FsL2xvY2F0aW9ucy9qYXBhbmVhc3Qvc2VydmVyQXp1cmVBc3luY09wZXJhdGlvbi8wM2YyNjJlNS05ZjlhLTQyMmEtOTRhMS1lMThmOWUxYzZlNTQ/YXBpLXZlcnNpb249MjAxNS0wNS0wMS1wcmV2aWV3",
      "RequestMethod": "GET",
      "RequestBody": "",
      "RequestHeaders": {
        "User-Agent": [
          "FxVersion/4.6.25211.01",
          "Microsoft.Azure.Management.Sql.SqlManagementClient/1.7.0.0"
        ]
      },
      "ResponseBody": "{\r\n  \"name\": \"03f262e5-9f9a-422a-94a1-e18f9e1c6e54\",\r\n  \"status\": \"InProgress\",\r\n  \"startTime\": \"2017-08-02T00:31:12.573Z\"\r\n}",
      "ResponseHeaders": {
        "Content-Type": [
          "application/json; charset=utf-8"
        ],
        "Expires": [
          "-1"
        ],
        "Cache-Control": [
          "no-cache"
        ],
        "Date": [
          "Wed, 02 Aug 2017 00:31:43 GMT"
        ],
        "Pragma": [
          "no-cache"
        ],
        "Transfer-Encoding": [
          "chunked"
        ],
        "Server": [
          "Microsoft-HTTPAPI/2.0"
        ],
        "Vary": [
          "Accept-Encoding"
        ],
        "x-ms-request-id": [
          "016ba56a-56c8-41b0-a1d2-34c35ac72342"
        ],
        "x-ms-ratelimit-remaining-subscription-reads": [
          "14999"
        ],
        "x-ms-correlation-request-id": [
          "50ff6133-a48c-4249-a514-6cbe58b25f16"
        ],
        "x-ms-routing-request-id": [
          "WESTUS2:20170802T003143Z:50ff6133-a48c-4249-a514-6cbe58b25f16"
        ],
        "Strict-Transport-Security": [
          "max-age=31536000; includeSubDomains"
        ]
      },
      "StatusCode": 200
    },
    {
      "RequestUri": "/subscriptions/b6a6e0c5-e79c-4c6d-a878-72eafbca4cf2/providers/Microsoft.Sql/locations/japaneast/serverAzureAsyncOperation/03f262e5-9f9a-422a-94a1-e18f9e1c6e54?api-version=2015-05-01-preview",
      "EncodedRequestUri": "L3N1YnNjcmlwdGlvbnMvYjZhNmUwYzUtZTc5Yy00YzZkLWE4NzgtNzJlYWZiY2E0Y2YyL3Byb3ZpZGVycy9NaWNyb3NvZnQuU3FsL2xvY2F0aW9ucy9qYXBhbmVhc3Qvc2VydmVyQXp1cmVBc3luY09wZXJhdGlvbi8wM2YyNjJlNS05ZjlhLTQyMmEtOTRhMS1lMThmOWUxYzZlNTQ/YXBpLXZlcnNpb249MjAxNS0wNS0wMS1wcmV2aWV3",
      "RequestMethod": "GET",
      "RequestBody": "",
      "RequestHeaders": {
        "User-Agent": [
          "FxVersion/4.6.25211.01",
          "Microsoft.Azure.Management.Sql.SqlManagementClient/1.7.0.0"
        ]
      },
      "ResponseBody": "{\r\n  \"name\": \"03f262e5-9f9a-422a-94a1-e18f9e1c6e54\",\r\n  \"status\": \"Succeeded\",\r\n  \"startTime\": \"2017-08-02T00:31:12.573Z\"\r\n}",
      "ResponseHeaders": {
        "Content-Type": [
          "application/json; charset=utf-8"
        ],
        "Expires": [
          "-1"
        ],
        "Cache-Control": [
          "no-cache"
        ],
        "Date": [
          "Wed, 02 Aug 2017 00:32:13 GMT"
        ],
        "Pragma": [
          "no-cache"
        ],
        "Transfer-Encoding": [
          "chunked"
        ],
        "Server": [
          "Microsoft-HTTPAPI/2.0"
        ],
        "Vary": [
          "Accept-Encoding"
        ],
        "x-ms-request-id": [
          "838cd282-7abd-4c6e-82e3-bdaa64120d0d"
        ],
        "x-ms-ratelimit-remaining-subscription-reads": [
          "14998"
        ],
        "x-ms-correlation-request-id": [
          "a6acf1ba-56c4-4d97-bb47-b4bdce6d0d00"
        ],
        "x-ms-routing-request-id": [
          "WESTUS2:20170802T003213Z:a6acf1ba-56c4-4d97-bb47-b4bdce6d0d00"
        ],
        "Strict-Transport-Security": [
          "max-age=31536000; includeSubDomains"
        ]
      },
      "StatusCode": 200
    },
    {
      "RequestUri": "/subscriptions/b6a6e0c5-e79c-4c6d-a878-72eafbca4cf2/resourceGroups/sqlcrudtest-7325/providers/Microsoft.Sql/servers/sqlcrudtest-2737?api-version=2015-05-01-preview",
      "EncodedRequestUri": "L3N1YnNjcmlwdGlvbnMvYjZhNmUwYzUtZTc5Yy00YzZkLWE4NzgtNzJlYWZiY2E0Y2YyL3Jlc291cmNlR3JvdXBzL3NxbGNydWR0ZXN0LTczMjUvcHJvdmlkZXJzL01pY3Jvc29mdC5TcWwvc2VydmVycy9zcWxjcnVkdGVzdC0yNzM3P2FwaS12ZXJzaW9uPTIwMTUtMDUtMDEtcHJldmlldw==",
      "RequestMethod": "GET",
      "RequestBody": "",
      "RequestHeaders": {
        "User-Agent": [
          "FxVersion/4.6.25211.01",
          "Microsoft.Azure.Management.Sql.SqlManagementClient/1.7.0.0"
        ]
      },
      "ResponseBody": "{\r\n  \"kind\": \"v12.0\",\r\n  \"properties\": {\r\n    \"administratorLogin\": \"dummylogin\",\r\n    \"version\": \"12.0\",\r\n    \"state\": \"Ready\",\r\n    \"fullyQualifiedDomainName\": \"sqlcrudtest-2737.database.windows.net\"\r\n  },\r\n  \"location\": \"japaneast\",\r\n  \"tags\": {},\r\n  \"id\": \"/subscriptions/b6a6e0c5-e79c-4c6d-a878-72eafbca4cf2/resourceGroups/sqlcrudtest-7325/providers/Microsoft.Sql/servers/sqlcrudtest-2737\",\r\n  \"name\": \"sqlcrudtest-2737\",\r\n  \"type\": \"Microsoft.Sql/servers\"\r\n}",
      "ResponseHeaders": {
        "Content-Type": [
          "application/json; charset=utf-8"
        ],
        "Expires": [
          "-1"
        ],
        "Cache-Control": [
          "no-cache"
        ],
        "Date": [
          "Wed, 02 Aug 2017 00:32:14 GMT"
        ],
        "Pragma": [
          "no-cache"
        ],
        "Transfer-Encoding": [
          "chunked"
        ],
        "Server": [
          "Microsoft-HTTPAPI/2.0"
        ],
        "Vary": [
          "Accept-Encoding"
        ],
        "x-ms-request-id": [
          "d3d28cb9-67e4-4af2-867e-26ef2e46c9f1"
        ],
        "x-ms-ratelimit-remaining-subscription-reads": [
          "14997"
        ],
        "x-ms-correlation-request-id": [
          "d7b6e613-10ff-4ef1-92de-690416188ef0"
        ],
        "x-ms-routing-request-id": [
          "WESTUS2:20170802T003214Z:d7b6e613-10ff-4ef1-92de-690416188ef0"
        ],
        "Strict-Transport-Security": [
          "max-age=31536000; includeSubDomains"
        ]
      },
      "StatusCode": 200
    },
    {
      "RequestUri": "/subscriptions/b6a6e0c5-e79c-4c6d-a878-72eafbca4cf2/resourceGroups/sqlcrudtest-7325/providers/Microsoft.Sql/servers/sqlcrudtest-2737/elasticPools/sqlcrudtest-7685?api-version=2014-04-01",
      "EncodedRequestUri": "L3N1YnNjcmlwdGlvbnMvYjZhNmUwYzUtZTc5Yy00YzZkLWE4NzgtNzJlYWZiY2E0Y2YyL3Jlc291cmNlR3JvdXBzL3NxbGNydWR0ZXN0LTczMjUvcHJvdmlkZXJzL01pY3Jvc29mdC5TcWwvc2VydmVycy9zcWxjcnVkdGVzdC0yNzM3L2VsYXN0aWNQb29scy9zcWxjcnVkdGVzdC03Njg1P2FwaS12ZXJzaW9uPTIwMTQtMDQtMDE=",
      "RequestMethod": "PUT",
      "RequestBody": "{\r\n  \"properties\": {\r\n    \"edition\": \"Basic\",\r\n    \"dtu\": 100,\r\n    \"databaseDtuMax\": 5,\r\n    \"databaseDtuMin\": 0\r\n  },\r\n  \"tags\": {\r\n    \"tagKey1\": \"TagValue1\"\r\n  },\r\n  \"location\": \"japaneast\"\r\n}",
      "RequestHeaders": {
        "Content-Type": [
          "application/json; charset=utf-8"
        ],
        "Content-Length": [
          "196"
        ],
        "x-ms-client-request-id": [
          "20cafb4b-7214-48cc-b8a3-17b837fa837e"
        ],
        "accept-language": [
          "en-US"
        ],
        "User-Agent": [
          "FxVersion/4.6.25211.01",
          "Microsoft.Azure.Management.Sql.SqlManagementClient/1.7.0.0"
        ]
      },
      "ResponseBody": "{\r\n  \"operation\": \"CREATE\",\r\n  \"startTime\": \"2017-08-01T17:32:16.883-07:00\"\r\n}",
      "ResponseHeaders": {
        "Content-Length": [
          "65"
        ],
        "Content-Type": [
          "application/json; odata=minimalmetadata; streaming=true; charset=utf-8"
        ],
        "Cache-Control": [
          "no-store, no-cache"
        ],
        "Date": [
          "Wed, 02 Aug 2017 00:32:16 GMT"
        ],
        "Location": [
          "https://management.azure.com/subscriptions/b6a6e0c5-e79c-4c6d-a878-72eafbca4cf2/resourceGroups/sqlcrudtest-7325/providers/Microsoft.Sql/servers/sqlcrudtest-2737/elasticPools/sqlcrudtest-7685/operationResults/8cff335c-a617-4b57-a49b-18e8abfdc8c0?api-version=2014-04-01-Preview"
        ],
        "Retry-After": [
          "30"
        ],
        "Server": [
          "Microsoft-HTTPAPI/2.0"
        ],
        "x-ms-request-id": [
          "8cff335c-a617-4b57-a49b-18e8abfdc8c0"
        ],
        "X-Content-Type-Options": [
          "nosniff"
        ],
        "Preference-Applied": [
          "return-content"
        ],
        "DataServiceVersion": [
          "3.0;"
        ],
        "Strict-Transport-Security": [
          "max-age=31536000; includeSubDomains"
        ],
        "x-ms-ratelimit-remaining-subscription-writes": [
          "1198"
        ],
        "x-ms-correlation-request-id": [
          "c2dc25ae-7722-47f2-8acb-907bb3f2fd46"
        ],
        "x-ms-routing-request-id": [
          "WESTUS2:20170802T003217Z:c2dc25ae-7722-47f2-8acb-907bb3f2fd46"
        ]
      },
      "StatusCode": 202
    },
    {
      "RequestUri": "/subscriptions/b6a6e0c5-e79c-4c6d-a878-72eafbca4cf2/resourceGroups/sqlcrudtest-7325/providers/Microsoft.Sql/servers/sqlcrudtest-2737/elasticPools/sqlcrudtest-7685/operationResults/8cff335c-a617-4b57-a49b-18e8abfdc8c0?api-version=2014-04-01-Preview",
      "EncodedRequestUri": "L3N1YnNjcmlwdGlvbnMvYjZhNmUwYzUtZTc5Yy00YzZkLWE4NzgtNzJlYWZiY2E0Y2YyL3Jlc291cmNlR3JvdXBzL3NxbGNydWR0ZXN0LTczMjUvcHJvdmlkZXJzL01pY3Jvc29mdC5TcWwvc2VydmVycy9zcWxjcnVkdGVzdC0yNzM3L2VsYXN0aWNQb29scy9zcWxjcnVkdGVzdC03Njg1L29wZXJhdGlvblJlc3VsdHMvOGNmZjMzNWMtYTYxNy00YjU3LWE0OWItMThlOGFiZmRjOGMwP2FwaS12ZXJzaW9uPTIwMTQtMDQtMDEtUHJldmlldw==",
      "RequestMethod": "GET",
      "RequestBody": "",
      "RequestHeaders": {
        "User-Agent": [
          "FxVersion/4.6.25211.01",
          "Microsoft.Azure.Management.Sql.SqlManagementClient/1.7.0.0"
        ]
      },
      "ResponseBody": "{\r\n  \"tags\": {\r\n    \"tagKey1\": \"TagValue1\"\r\n  },\r\n  \"id\": \"/subscriptions/b6a6e0c5-e79c-4c6d-a878-72eafbca4cf2/resourceGroups/sqlcrudtest-7325/providers/Microsoft.Sql/servers/sqlcrudtest-2737/elasticPools/sqlcrudtest-7685\",\r\n  \"name\": \"sqlcrudtest-7685\",\r\n  \"type\": \"Microsoft.Sql/servers/elasticPools\",\r\n  \"location\": \"Japan East\",\r\n  \"kind\": null,\r\n  \"properties\": {\r\n    \"creationDate\": \"2017-08-02T00:32:17.01Z\",\r\n    \"edition\": \"Basic\",\r\n    \"state\": \"Ready\",\r\n    \"dtu\": 100,\r\n    \"databaseDtuMin\": 0,\r\n    \"databaseDtuMax\": 5,\r\n    \"storageMB\": 10000\r\n  }\r\n}",
      "ResponseHeaders": {
        "Content-Length": [
          "464"
        ],
        "Content-Type": [
          "application/json; odata=minimalmetadata; streaming=true; charset=utf-8"
        ],
        "Cache-Control": [
          "no-store, no-cache"
        ],
        "Date": [
          "Wed, 02 Aug 2017 00:32:47 GMT"
        ],
        "Server": [
          "Microsoft-HTTPAPI/2.0"
        ],
        "x-ms-request-id": [
          "56dcd76d-3914-4118-9b5c-0a5563ddaeb6"
        ],
        "X-Content-Type-Options": [
          "nosniff"
        ],
        "DataServiceVersion": [
          "3.0;"
        ],
        "Strict-Transport-Security": [
          "max-age=31536000; includeSubDomains"
        ],
        "x-ms-ratelimit-remaining-subscription-reads": [
          "14996"
        ],
        "x-ms-correlation-request-id": [
          "d6fc954b-7a06-4307-a310-6af6540c4383"
        ],
        "x-ms-routing-request-id": [
          "WESTUS2:20170802T003248Z:d6fc954b-7a06-4307-a310-6af6540c4383"
        ]
      },
      "StatusCode": 201
    },
    {
      "RequestUri": "/subscriptions/b6a6e0c5-e79c-4c6d-a878-72eafbca4cf2/resourceGroups/sqlcrudtest-7325/providers/Microsoft.Sql/servers/sqlcrudtest-2737/elasticPools/sqlcrudtest-8999?api-version=2014-04-01",
      "EncodedRequestUri": "L3N1YnNjcmlwdGlvbnMvYjZhNmUwYzUtZTc5Yy00YzZkLWE4NzgtNzJlYWZiY2E0Y2YyL3Jlc291cmNlR3JvdXBzL3NxbGNydWR0ZXN0LTczMjUvcHJvdmlkZXJzL01pY3Jvc29mdC5TcWwvc2VydmVycy9zcWxjcnVkdGVzdC0yNzM3L2VsYXN0aWNQb29scy9zcWxjcnVkdGVzdC04OTk5P2FwaS12ZXJzaW9uPTIwMTQtMDQtMDE=",
      "RequestMethod": "PUT",
      "RequestBody": "{\r\n  \"properties\": {\r\n    \"edition\": \"Basic\",\r\n    \"dtu\": 100,\r\n    \"databaseDtuMax\": 5,\r\n    \"databaseDtuMin\": 0\r\n  },\r\n  \"tags\": {\r\n    \"tagKey1\": \"TagValue1\"\r\n  },\r\n  \"location\": \"japaneast\"\r\n}",
      "RequestHeaders": {
        "Content-Type": [
          "application/json; charset=utf-8"
        ],
        "Content-Length": [
          "196"
        ],
        "x-ms-client-request-id": [
          "bdea5e78-a480-415e-91ee-1d12407cfb17"
        ],
        "accept-language": [
          "en-US"
        ],
        "User-Agent": [
          "FxVersion/4.6.25211.01",
          "Microsoft.Azure.Management.Sql.SqlManagementClient/1.7.0.0"
        ]
      },
      "ResponseBody": "{\r\n  \"operation\": \"CREATE\",\r\n  \"startTime\": \"2017-08-01T17:32:48.85-07:00\"\r\n}",
      "ResponseHeaders": {
        "Content-Length": [
          "65"
        ],
        "Content-Type": [
          "application/json; odata=minimalmetadata; streaming=true; charset=utf-8"
        ],
        "Cache-Control": [
          "no-store, no-cache"
        ],
        "Date": [
          "Wed, 02 Aug 2017 00:32:48 GMT"
        ],
        "Location": [
          "https://management.azure.com/subscriptions/b6a6e0c5-e79c-4c6d-a878-72eafbca4cf2/resourceGroups/sqlcrudtest-7325/providers/Microsoft.Sql/servers/sqlcrudtest-2737/elasticPools/sqlcrudtest-8999/operationResults/b0ce482b-2c82-4eab-aab0-1327155ee2d0?api-version=2014-04-01-Preview"
        ],
        "Retry-After": [
          "30"
        ],
        "Server": [
          "Microsoft-HTTPAPI/2.0"
        ],
        "x-ms-request-id": [
          "b0ce482b-2c82-4eab-aab0-1327155ee2d0"
        ],
        "X-Content-Type-Options": [
          "nosniff"
        ],
        "Preference-Applied": [
          "return-content"
        ],
        "DataServiceVersion": [
          "3.0;"
        ],
        "Strict-Transport-Security": [
          "max-age=31536000; includeSubDomains"
        ],
        "x-ms-ratelimit-remaining-subscription-writes": [
          "1197"
        ],
        "x-ms-correlation-request-id": [
          "f750879a-08bc-4e1b-88bf-a64db830b6dd"
        ],
        "x-ms-routing-request-id": [
          "WESTUS2:20170802T003249Z:f750879a-08bc-4e1b-88bf-a64db830b6dd"
        ]
      },
      "StatusCode": 202
    },
    {
      "RequestUri": "/subscriptions/b6a6e0c5-e79c-4c6d-a878-72eafbca4cf2/resourceGroups/sqlcrudtest-7325/providers/Microsoft.Sql/servers/sqlcrudtest-2737/elasticPools/sqlcrudtest-8999/operationResults/b0ce482b-2c82-4eab-aab0-1327155ee2d0?api-version=2014-04-01-Preview",
      "EncodedRequestUri": "L3N1YnNjcmlwdGlvbnMvYjZhNmUwYzUtZTc5Yy00YzZkLWE4NzgtNzJlYWZiY2E0Y2YyL3Jlc291cmNlR3JvdXBzL3NxbGNydWR0ZXN0LTczMjUvcHJvdmlkZXJzL01pY3Jvc29mdC5TcWwvc2VydmVycy9zcWxjcnVkdGVzdC0yNzM3L2VsYXN0aWNQb29scy9zcWxjcnVkdGVzdC04OTk5L29wZXJhdGlvblJlc3VsdHMvYjBjZTQ4MmItMmM4Mi00ZWFiLWFhYjAtMTMyNzE1NWVlMmQwP2FwaS12ZXJzaW9uPTIwMTQtMDQtMDEtUHJldmlldw==",
      "RequestMethod": "GET",
      "RequestBody": "",
      "RequestHeaders": {
        "User-Agent": [
          "FxVersion/4.6.25211.01",
          "Microsoft.Azure.Management.Sql.SqlManagementClient/1.7.0.0"
        ]
      },
      "ResponseBody": "{\r\n  \"tags\": {\r\n    \"tagKey1\": \"TagValue1\"\r\n  },\r\n  \"id\": \"/subscriptions/b6a6e0c5-e79c-4c6d-a878-72eafbca4cf2/resourceGroups/sqlcrudtest-7325/providers/Microsoft.Sql/servers/sqlcrudtest-2737/elasticPools/sqlcrudtest-8999\",\r\n  \"name\": \"sqlcrudtest-8999\",\r\n  \"type\": \"Microsoft.Sql/servers/elasticPools\",\r\n  \"location\": \"Japan East\",\r\n  \"kind\": null,\r\n  \"properties\": {\r\n    \"creationDate\": \"2017-08-02T00:32:49.023Z\",\r\n    \"edition\": \"Basic\",\r\n    \"state\": \"Ready\",\r\n    \"dtu\": 100,\r\n    \"databaseDtuMin\": 0,\r\n    \"databaseDtuMax\": 5,\r\n    \"storageMB\": 10000\r\n  }\r\n}",
      "ResponseHeaders": {
        "Content-Length": [
          "465"
        ],
        "Content-Type": [
          "application/json; odata=minimalmetadata; streaming=true; charset=utf-8"
        ],
        "Cache-Control": [
          "no-store, no-cache"
        ],
        "Date": [
          "Wed, 02 Aug 2017 00:33:19 GMT"
        ],
        "Server": [
          "Microsoft-HTTPAPI/2.0"
        ],
        "x-ms-request-id": [
          "9ae8e139-2768-49ab-8cc2-cc9526cb428d"
        ],
        "X-Content-Type-Options": [
          "nosniff"
        ],
        "DataServiceVersion": [
          "3.0;"
        ],
        "Strict-Transport-Security": [
          "max-age=31536000; includeSubDomains"
        ],
        "x-ms-ratelimit-remaining-subscription-reads": [
          "14995"
        ],
        "x-ms-correlation-request-id": [
          "4635b9c7-72ae-4c8a-9185-43cfa3813ae6"
        ],
        "x-ms-routing-request-id": [
          "WESTUS2:20170802T003319Z:4635b9c7-72ae-4c8a-9185-43cfa3813ae6"
        ]
      },
      "StatusCode": 201
    },
    {
      "RequestUri": "/subscriptions/b6a6e0c5-e79c-4c6d-a878-72eafbca4cf2/resourceGroups/sqlcrudtest-7325/providers/Microsoft.Sql/servers/sqlcrudtest-2737/databases/sqlcrudtest-6172?api-version=2014-04-01",
      "EncodedRequestUri": "L3N1YnNjcmlwdGlvbnMvYjZhNmUwYzUtZTc5Yy00YzZkLWE4NzgtNzJlYWZiY2E0Y2YyL3Jlc291cmNlR3JvdXBzL3NxbGNydWR0ZXN0LTczMjUvcHJvdmlkZXJzL01pY3Jvc29mdC5TcWwvc2VydmVycy9zcWxjcnVkdGVzdC0yNzM3L2RhdGFiYXNlcy9zcWxjcnVkdGVzdC02MTcyP2FwaS12ZXJzaW9uPTIwMTQtMDQtMDE=",
      "RequestMethod": "PUT",
      "RequestBody": "{\r\n  \"properties\": {\r\n    \"elasticPoolName\": \"sqlcrudtest-7685\"\r\n  },\r\n  \"location\": \"japaneast\"\r\n}",
      "RequestHeaders": {
        "Content-Type": [
          "application/json; charset=utf-8"
        ],
        "Content-Length": [
          "99"
        ],
        "x-ms-client-request-id": [
          "912434ed-1446-4b39-adfc-9d22e5b75e51"
        ],
        "accept-language": [
          "en-US"
        ],
        "User-Agent": [
          "FxVersion/4.6.25211.01",
          "Microsoft.Azure.Management.Sql.SqlManagementClient/1.7.0.0"
        ]
      },
      "ResponseBody": "{\r\n  \"operation\": \"CreateLogicalDatabase\",\r\n  \"startTime\": \"2017-08-01T17:33:20.643-07:00\"\r\n}",
      "ResponseHeaders": {
        "Content-Length": [
          "80"
        ],
        "Content-Type": [
          "application/json; odata=minimalmetadata; streaming=true; charset=utf-8"
        ],
        "Cache-Control": [
          "no-store, no-cache"
        ],
        "Date": [
          "Wed, 02 Aug 2017 00:33:20 GMT"
        ],
        "Location": [
          "https://management.azure.com/subscriptions/b6a6e0c5-e79c-4c6d-a878-72eafbca4cf2/resourceGroups/sqlcrudtest-7325/providers/Microsoft.Sql/servers/sqlcrudtest-2737/databases/sqlcrudtest-6172/operationResults/46e5ddcf-0b10-4e38-963a-c047b759060d?api-version=2014-04-01-Preview"
        ],
        "Retry-After": [
          "30"
        ],
        "Server": [
          "Microsoft-HTTPAPI/2.0"
        ],
        "x-ms-request-id": [
          "46e5ddcf-0b10-4e38-963a-c047b759060d"
        ],
        "X-Content-Type-Options": [
          "nosniff"
        ],
        "Preference-Applied": [
          "return-content"
        ],
        "DataServiceVersion": [
          "3.0;"
        ],
        "Strict-Transport-Security": [
          "max-age=31536000; includeSubDomains"
        ],
        "Azure-AsyncOperation": [
          "https://management.azure.com/subscriptions/b6a6e0c5-e79c-4c6d-a878-72eafbca4cf2/resourceGroups/sqlcrudtest-7325/providers/Microsoft.Sql/servers/sqlcrudtest-2737/databases/sqlcrudtest-6172/azureAsyncOperation/46e5ddcf-0b10-4e38-963a-c047b759060d?api-version=2014-04-01-Preview"
        ],
        "x-ms-ratelimit-remaining-subscription-writes": [
          "1196"
        ],
        "x-ms-correlation-request-id": [
          "32a0435c-205d-4f3b-998f-3719ce600888"
        ],
        "x-ms-routing-request-id": [
          "WESTUS2:20170802T003320Z:32a0435c-205d-4f3b-998f-3719ce600888"
        ]
      },
      "StatusCode": 202
    },
    {
      "RequestUri": "/subscriptions/b6a6e0c5-e79c-4c6d-a878-72eafbca4cf2/resourceGroups/sqlcrudtest-7325/providers/Microsoft.Sql/servers/sqlcrudtest-2737/databases/sqlcrudtest-6172?api-version=2014-04-01",
      "EncodedRequestUri": "L3N1YnNjcmlwdGlvbnMvYjZhNmUwYzUtZTc5Yy00YzZkLWE4NzgtNzJlYWZiY2E0Y2YyL3Jlc291cmNlR3JvdXBzL3NxbGNydWR0ZXN0LTczMjUvcHJvdmlkZXJzL01pY3Jvc29mdC5TcWwvc2VydmVycy9zcWxjcnVkdGVzdC0yNzM3L2RhdGFiYXNlcy9zcWxjcnVkdGVzdC02MTcyP2FwaS12ZXJzaW9uPTIwMTQtMDQtMDE=",
      "RequestMethod": "PUT",
      "RequestBody": "{\r\n  \"properties\": {\r\n    \"elasticPoolName\": \"sqlcrudtest-8999\"\r\n  },\r\n  \"location\": \"japaneast\"\r\n}",
      "RequestHeaders": {
        "Content-Type": [
          "application/json; charset=utf-8"
        ],
        "Content-Length": [
          "99"
        ],
        "x-ms-client-request-id": [
          "82a2df61-36d2-4b9f-b255-9edaa30572d2"
        ],
        "accept-language": [
          "en-US"
        ],
        "User-Agent": [
          "FxVersion/4.6.25211.01",
          "Microsoft.Azure.Management.Sql.SqlManagementClient/1.7.0.0"
        ]
      },
      "ResponseBody": "{\r\n  \"operation\": \"AlterDatabaseOperation\",\r\n  \"startTime\": \"2017-08-01T17:33:53.092-07:00\"\r\n}",
      "ResponseHeaders": {
        "Content-Length": [
          "81"
        ],
        "Content-Type": [
          "application/json; odata=minimalmetadata; streaming=true; charset=utf-8"
        ],
        "Cache-Control": [
          "no-store, no-cache"
        ],
        "Date": [
          "Wed, 02 Aug 2017 00:33:53 GMT"
        ],
        "Location": [
          "https://management.azure.com/subscriptions/b6a6e0c5-e79c-4c6d-a878-72eafbca4cf2/resourceGroups/sqlcrudtest-7325/providers/Microsoft.Sql/servers/sqlcrudtest-2737/databases/sqlcrudtest-6172/operationResults/0aa0e801-3301-447d-bdf4-a9fefa07d1ef?api-version=2014-04-01-Preview"
        ],
        "Retry-After": [
          "30"
        ],
        "Server": [
          "Microsoft-HTTPAPI/2.0"
        ],
        "x-ms-request-id": [
          "0aa0e801-3301-447d-bdf4-a9fefa07d1ef"
        ],
        "X-Content-Type-Options": [
          "nosniff"
        ],
        "Preference-Applied": [
          "return-content"
        ],
        "DataServiceVersion": [
          "3.0;"
        ],
        "Strict-Transport-Security": [
          "max-age=31536000; includeSubDomains"
        ],
        "Azure-AsyncOperation": [
          "https://management.azure.com/subscriptions/b6a6e0c5-e79c-4c6d-a878-72eafbca4cf2/resourceGroups/sqlcrudtest-7325/providers/Microsoft.Sql/servers/sqlcrudtest-2737/databases/sqlcrudtest-6172/azureAsyncOperation/0aa0e801-3301-447d-bdf4-a9fefa07d1ef?api-version=2014-04-01-Preview"
        ],
        "x-ms-ratelimit-remaining-subscription-writes": [
          "1195"
        ],
        "x-ms-correlation-request-id": [
          "a6d3bfcc-1780-4624-8a39-c7b67919394b"
        ],
        "x-ms-routing-request-id": [
          "WESTUS2:20170802T003353Z:a6d3bfcc-1780-4624-8a39-c7b67919394b"
        ]
      },
      "StatusCode": 202
    },
    {
      "RequestUri": "/subscriptions/b6a6e0c5-e79c-4c6d-a878-72eafbca4cf2/resourceGroups/sqlcrudtest-7325/providers/Microsoft.Sql/servers/sqlcrudtest-2737/databases/sqlcrudtest-6172/azureAsyncOperation/46e5ddcf-0b10-4e38-963a-c047b759060d?api-version=2014-04-01-Preview",
      "EncodedRequestUri": "L3N1YnNjcmlwdGlvbnMvYjZhNmUwYzUtZTc5Yy00YzZkLWE4NzgtNzJlYWZiY2E0Y2YyL3Jlc291cmNlR3JvdXBzL3NxbGNydWR0ZXN0LTczMjUvcHJvdmlkZXJzL01pY3Jvc29mdC5TcWwvc2VydmVycy9zcWxjcnVkdGVzdC0yNzM3L2RhdGFiYXNlcy9zcWxjcnVkdGVzdC02MTcyL2F6dXJlQXN5bmNPcGVyYXRpb24vNDZlNWRkY2YtMGIxMC00ZTM4LTk2M2EtYzA0N2I3NTkwNjBkP2FwaS12ZXJzaW9uPTIwMTQtMDQtMDEtUHJldmlldw==",
      "RequestMethod": "GET",
      "RequestBody": "",
      "RequestHeaders": {
        "User-Agent": [
          "FxVersion/4.6.25211.01",
          "Microsoft.Azure.Management.Sql.SqlManagementClient/1.7.0.0"
        ]
      },
      "ResponseBody": "{\r\n  \"operationId\": \"46e5ddcf-0b10-4e38-963a-c047b759060d\",\r\n  \"status\": \"Succeeded\",\r\n  \"error\": null\r\n}",
      "ResponseHeaders": {
        "Content-Type": [
          "application/json; odata=minimalmetadata; streaming=true; charset=utf-8"
        ],
        "Cache-Control": [
          "no-store, no-cache"
        ],
        "Date": [
          "Wed, 02 Aug 2017 00:33:51 GMT"
        ],
        "Transfer-Encoding": [
          "chunked"
        ],
        "Server": [
          "Microsoft-HTTPAPI/2.0"
        ],
        "Vary": [
          "Accept-Encoding"
        ],
        "x-ms-request-id": [
          "ffaa3f59-fa03-4efd-90f9-fde7b46bcd06"
        ],
        "X-Content-Type-Options": [
          "nosniff"
        ],
        "DataServiceVersion": [
          "3.0;"
        ],
        "Strict-Transport-Security": [
          "max-age=31536000; includeSubDomains"
        ],
        "Azure-AsyncOperation": [
          "https://management.azure.com/subscriptions/b6a6e0c5-e79c-4c6d-a878-72eafbca4cf2/resourceGroups/sqlcrudtest-7325/providers/Microsoft.Sql/servers/sqlcrudtest-2737/databases/sqlcrudtest-6172/azureAsyncOperation/46e5ddcf-0b10-4e38-963a-c047b759060d?api-version=2014-04-01-Preview"
        ],
        "x-ms-ratelimit-remaining-subscription-reads": [
          "14994"
        ],
        "x-ms-correlation-request-id": [
          "0096ca92-51dd-4d04-b1bd-02a4607e7c1b"
        ],
        "x-ms-routing-request-id": [
          "WESTUS2:20170802T003351Z:0096ca92-51dd-4d04-b1bd-02a4607e7c1b"
        ]
      },
      "StatusCode": 200
    },
    {
      "RequestUri": "/subscriptions/b6a6e0c5-e79c-4c6d-a878-72eafbca4cf2/resourceGroups/sqlcrudtest-7325/providers/Microsoft.Sql/servers/sqlcrudtest-2737/databases/sqlcrudtest-6172?api-version=2014-04-01",
      "EncodedRequestUri": "L3N1YnNjcmlwdGlvbnMvYjZhNmUwYzUtZTc5Yy00YzZkLWE4NzgtNzJlYWZiY2E0Y2YyL3Jlc291cmNlR3JvdXBzL3NxbGNydWR0ZXN0LTczMjUvcHJvdmlkZXJzL01pY3Jvc29mdC5TcWwvc2VydmVycy9zcWxjcnVkdGVzdC0yNzM3L2RhdGFiYXNlcy9zcWxjcnVkdGVzdC02MTcyP2FwaS12ZXJzaW9uPTIwMTQtMDQtMDE=",
      "RequestMethod": "GET",
      "RequestBody": "",
      "RequestHeaders": {
        "User-Agent": [
          "FxVersion/4.6.25211.01",
          "Microsoft.Azure.Management.Sql.SqlManagementClient/1.7.0.0"
        ]
      },
      "ResponseBody": "{\r\n  \"id\": \"/subscriptions/b6a6e0c5-e79c-4c6d-a878-72eafbca4cf2/resourceGroups/sqlcrudtest-7325/providers/Microsoft.Sql/servers/sqlcrudtest-2737/databases/sqlcrudtest-6172\",\r\n  \"name\": \"sqlcrudtest-6172\",\r\n  \"type\": \"Microsoft.Sql/servers/databases\",\r\n  \"location\": \"Japan East\",\r\n  \"kind\": \"v12.0,user\",\r\n  \"properties\": {\r\n    \"databaseId\": \"49e16172-a613-47b5-8d2c-8374858e6fe6\",\r\n    \"edition\": \"Basic\",\r\n    \"status\": \"Online\",\r\n    \"serviceLevelObjective\": \"ElasticPool\",\r\n    \"collation\": \"SQL_Latin1_General_CP1_CI_AS\",\r\n    \"maxSizeBytes\": \"2147483648\",\r\n    \"creationDate\": \"2017-08-02T00:33:20.987Z\",\r\n    \"currentServiceObjectiveId\": \"d1737d22-a8ea-4de7-9bd0-33395d2a7419\",\r\n    \"requestedServiceObjectiveId\": \"d1737d22-a8ea-4de7-9bd0-33395d2a7419\",\r\n    \"requestedServiceObjectiveName\": \"ElasticPool\",\r\n    \"sampleName\": null,\r\n    \"defaultSecondaryLocation\": \"Japan West\",\r\n    \"earliestRestoreDate\": \"2017-08-02T00:43:34.607Z\",\r\n    \"elasticPoolName\": \"sqlcrudtest-7685\",\r\n    \"containmentState\": 2,\r\n    \"readScale\": \"Disabled\",\r\n    \"failoverGroupId\": null\r\n  }\r\n}",
      "ResponseHeaders": {
        "Content-Type": [
          "application/json; odata=minimalmetadata; streaming=true; charset=utf-8"
        ],
        "Cache-Control": [
          "no-store, no-cache"
        ],
        "Date": [
          "Wed, 02 Aug 2017 00:33:51 GMT"
        ],
        "Transfer-Encoding": [
          "chunked"
        ],
        "Server": [
          "Microsoft-HTTPAPI/2.0"
        ],
        "Vary": [
          "Accept-Encoding"
        ],
        "x-ms-request-id": [
          "82780ba6-7a14-46f4-a4a2-29be4d8e6230"
        ],
        "X-Content-Type-Options": [
          "nosniff"
        ],
        "DataServiceVersion": [
          "3.0;"
        ],
        "Strict-Transport-Security": [
          "max-age=31536000; includeSubDomains"
        ],
        "x-ms-ratelimit-remaining-subscription-reads": [
          "14993"
        ],
        "x-ms-correlation-request-id": [
          "973132ef-0123-475d-bfec-7419d3cacd4e"
        ],
        "x-ms-routing-request-id": [
          "WESTUS2:20170802T003352Z:973132ef-0123-475d-bfec-7419d3cacd4e"
        ]
      },
      "StatusCode": 200
    },
    {
      "RequestUri": "/subscriptions/b6a6e0c5-e79c-4c6d-a878-72eafbca4cf2/resourceGroups/sqlcrudtest-7325/providers/Microsoft.Sql/servers/sqlcrudtest-2737/databases/sqlcrudtest-6172?api-version=2014-04-01",
      "EncodedRequestUri": "L3N1YnNjcmlwdGlvbnMvYjZhNmUwYzUtZTc5Yy00YzZkLWE4NzgtNzJlYWZiY2E0Y2YyL3Jlc291cmNlR3JvdXBzL3NxbGNydWR0ZXN0LTczMjUvcHJvdmlkZXJzL01pY3Jvc29mdC5TcWwvc2VydmVycy9zcWxjcnVkdGVzdC0yNzM3L2RhdGFiYXNlcy9zcWxjcnVkdGVzdC02MTcyP2FwaS12ZXJzaW9uPTIwMTQtMDQtMDE=",
      "RequestMethod": "GET",
      "RequestBody": "",
      "RequestHeaders": {
        "User-Agent": [
          "FxVersion/4.6.25211.01",
          "Microsoft.Azure.Management.Sql.SqlManagementClient/1.7.0.0"
        ]
      },
      "ResponseBody": "{\r\n  \"id\": \"/subscriptions/b6a6e0c5-e79c-4c6d-a878-72eafbca4cf2/resourceGroups/sqlcrudtest-7325/providers/Microsoft.Sql/servers/sqlcrudtest-2737/databases/sqlcrudtest-6172\",\r\n  \"name\": \"sqlcrudtest-6172\",\r\n  \"type\": \"Microsoft.Sql/servers/databases\",\r\n  \"location\": \"Japan East\",\r\n  \"kind\": \"v12.0,user\",\r\n  \"properties\": {\r\n    \"databaseId\": \"49e16172-a613-47b5-8d2c-8374858e6fe6\",\r\n    \"edition\": \"Basic\",\r\n    \"status\": \"Online\",\r\n    \"serviceLevelObjective\": \"ElasticPool\",\r\n    \"collation\": \"SQL_Latin1_General_CP1_CI_AS\",\r\n    \"maxSizeBytes\": \"2147483648\",\r\n    \"creationDate\": \"2017-08-02T00:33:20.987Z\",\r\n    \"currentServiceObjectiveId\": \"d1737d22-a8ea-4de7-9bd0-33395d2a7419\",\r\n    \"requestedServiceObjectiveId\": \"d1737d22-a8ea-4de7-9bd0-33395d2a7419\",\r\n    \"requestedServiceObjectiveName\": \"ElasticPool\",\r\n    \"sampleName\": null,\r\n    \"defaultSecondaryLocation\": \"Japan West\",\r\n    \"earliestRestoreDate\": \"2017-08-02T00:43:34.607Z\",\r\n    \"elasticPoolName\": \"sqlcrudtest-8999\",\r\n    \"containmentState\": 2,\r\n    \"readScale\": \"Disabled\",\r\n    \"failoverGroupId\": null\r\n  }\r\n}",
      "ResponseHeaders": {
        "Content-Type": [
          "application/json; odata=minimalmetadata; streaming=true; charset=utf-8"
        ],
        "Cache-Control": [
          "no-store, no-cache"
        ],
        "Date": [
          "Wed, 02 Aug 2017 00:34:23 GMT"
        ],
        "Transfer-Encoding": [
          "chunked"
        ],
        "Server": [
          "Microsoft-HTTPAPI/2.0"
        ],
        "Vary": [
          "Accept-Encoding"
        ],
        "x-ms-request-id": [
          "9a0000cf-5c99-4dfc-8b97-9d5251af5133"
        ],
        "X-Content-Type-Options": [
          "nosniff"
        ],
        "DataServiceVersion": [
          "3.0;"
        ],
        "Strict-Transport-Security": [
          "max-age=31536000; includeSubDomains"
        ],
        "x-ms-ratelimit-remaining-subscription-reads": [
          "14990"
        ],
        "x-ms-correlation-request-id": [
          "0ee1a39f-2769-489a-a352-2865ec71472a"
        ],
        "x-ms-routing-request-id": [
          "WESTUS2:20170802T003423Z:0ee1a39f-2769-489a-a352-2865ec71472a"
        ]
      },
      "StatusCode": 200
    },
    {
      "RequestUri": "/subscriptions/b6a6e0c5-e79c-4c6d-a878-72eafbca4cf2/resourceGroups/sqlcrudtest-7325/providers/Microsoft.Sql/servers/sqlcrudtest-2737/elasticPools/sqlcrudtest-7685/elasticPoolDatabaseActivity?api-version=2014-04-01",
      "EncodedRequestUri": "L3N1YnNjcmlwdGlvbnMvYjZhNmUwYzUtZTc5Yy00YzZkLWE4NzgtNzJlYWZiY2E0Y2YyL3Jlc291cmNlR3JvdXBzL3NxbGNydWR0ZXN0LTczMjUvcHJvdmlkZXJzL01pY3Jvc29mdC5TcWwvc2VydmVycy9zcWxjcnVkdGVzdC0yNzM3L2VsYXN0aWNQb29scy9zcWxjcnVkdGVzdC03Njg1L2VsYXN0aWNQb29sRGF0YWJhc2VBY3Rpdml0eT9hcGktdmVyc2lvbj0yMDE0LTA0LTAx",
      "RequestMethod": "GET",
      "RequestBody": "",
      "RequestHeaders": {
        "x-ms-client-request-id": [
          "bc01c027-4023-4996-95f4-6243cedf74aa"
        ],
        "accept-language": [
          "en-US"
        ],
        "User-Agent": [
          "FxVersion/4.6.25211.01",
          "Microsoft.Azure.Management.Sql.SqlManagementClient/1.7.0.0"
        ]
      },
      "ResponseBody": "{\r\n  \"value\": [\r\n    {\r\n      \"id\": \"/subscriptions/b6a6e0c5-e79c-4c6d-a878-72eafbca4cf2/resourceGroups/sqlcrudtest-7325/providers/Microsoft.Sql/servers/sqlcrudtest-2737/elasticPools/sqlcrudtest-7685/elasticPoolDatabaseActivity/46e5ddcf-0b10-4e38-963a-c047b759060d\",\r\n      \"name\": \"46e5ddcf-0b10-4e38-963a-c047b759060d\",\r\n      \"type\": \"Microsoft.Sql/servers/elasticPools/elasticPoolDatabaseActivity\",\r\n      \"location\": \"Japan East\",\r\n      \"properties\": {\r\n        \"operationId\": \"46e5ddcf-0b10-4e38-963a-c047b759060d\",\r\n        \"serverName\": \"sqlcrudtest-2737\",\r\n        \"databaseName\": \"sqlcrudtest-6172\",\r\n        \"state\": \"COMPLETED\",\r\n        \"operation\": \"CREATE\",\r\n        \"errorCode\": null,\r\n        \"errorMessage\": null,\r\n        \"errorSeverity\": null,\r\n        \"startTime\": \"2017-08-02T00:33:20.613\",\r\n        \"endTime\": \"2017-08-02T00:33:34.87\",\r\n        \"percentComplete\": 100,\r\n        \"currentServiceObjective\": \"ElasticPool\",\r\n        \"requestedServiceObjective\": null,\r\n        \"currentElasticPoolName\": \"sqlcrudtest-7685\",\r\n        \"requestedElasticPoolName\": null\r\n      }\r\n    }\r\n  ]\r\n}",
      "ResponseHeaders": {
        "Content-Type": [
          "application/json; odata=minimalmetadata; streaming=true; charset=utf-8"
        ],
        "Cache-Control": [
          "no-store, no-cache"
        ],
        "Date": [
          "Wed, 02 Aug 2017 00:33:52 GMT"
        ],
        "Transfer-Encoding": [
          "chunked"
        ],
        "Server": [
          "Microsoft-HTTPAPI/2.0"
        ],
        "Vary": [
          "Accept-Encoding"
        ],
        "x-ms-request-id": [
          "8059a48e-de5a-4332-b168-58d5aefaea72"
        ],
        "X-Content-Type-Options": [
          "nosniff"
        ],
        "DataServiceVersion": [
          "3.0;"
        ],
        "Strict-Transport-Security": [
          "max-age=31536000; includeSubDomains"
        ],
        "x-ms-ratelimit-remaining-subscription-reads": [
          "14992"
        ],
        "x-ms-correlation-request-id": [
          "bf85a703-dabb-4673-bb33-872e5949ec3d"
        ],
        "x-ms-routing-request-id": [
          "WESTUS2:20170802T003352Z:bf85a703-dabb-4673-bb33-872e5949ec3d"
        ]
      },
      "StatusCode": 200
    },
    {
      "RequestUri": "/subscriptions/b6a6e0c5-e79c-4c6d-a878-72eafbca4cf2/resourceGroups/sqlcrudtest-7325/providers/Microsoft.Sql/servers/sqlcrudtest-2737/databases/sqlcrudtest-6172/azureAsyncOperation/0aa0e801-3301-447d-bdf4-a9fefa07d1ef?api-version=2014-04-01-Preview",
      "EncodedRequestUri": "L3N1YnNjcmlwdGlvbnMvYjZhNmUwYzUtZTc5Yy00YzZkLWE4NzgtNzJlYWZiY2E0Y2YyL3Jlc291cmNlR3JvdXBzL3NxbGNydWR0ZXN0LTczMjUvcHJvdmlkZXJzL01pY3Jvc29mdC5TcWwvc2VydmVycy9zcWxjcnVkdGVzdC0yNzM3L2RhdGFiYXNlcy9zcWxjcnVkdGVzdC02MTcyL2F6dXJlQXN5bmNPcGVyYXRpb24vMGFhMGU4MDEtMzMwMS00NDdkLWJkZjQtYTlmZWZhMDdkMWVmP2FwaS12ZXJzaW9uPTIwMTQtMDQtMDEtUHJldmlldw==",
      "RequestMethod": "GET",
      "RequestBody": "",
      "RequestHeaders": {
        "User-Agent": [
          "FxVersion/4.6.25211.01",
          "Microsoft.Azure.Management.Sql.SqlManagementClient/1.7.0.0"
        ]
      },
      "ResponseBody": "{\r\n  \"operationId\": \"0aa0e801-3301-447d-bdf4-a9fefa07d1ef\",\r\n  \"status\": \"Succeeded\",\r\n  \"error\": null\r\n}",
      "ResponseHeaders": {
        "Content-Type": [
          "application/json; odata=minimalmetadata; streaming=true; charset=utf-8"
        ],
        "Cache-Control": [
          "no-store, no-cache"
        ],
        "Date": [
          "Wed, 02 Aug 2017 00:34:22 GMT"
        ],
        "Transfer-Encoding": [
          "chunked"
        ],
        "Server": [
          "Microsoft-HTTPAPI/2.0"
        ],
        "Vary": [
          "Accept-Encoding"
        ],
        "x-ms-request-id": [
          "fed3fc23-bc12-4ffd-9ee8-c0b5d266b91e"
        ],
        "X-Content-Type-Options": [
          "nosniff"
        ],
        "DataServiceVersion": [
          "3.0;"
        ],
        "Strict-Transport-Security": [
          "max-age=31536000; includeSubDomains"
        ],
        "Azure-AsyncOperation": [
          "https://management.azure.com/subscriptions/b6a6e0c5-e79c-4c6d-a878-72eafbca4cf2/resourceGroups/sqlcrudtest-7325/providers/Microsoft.Sql/servers/sqlcrudtest-2737/databases/sqlcrudtest-6172/azureAsyncOperation/0aa0e801-3301-447d-bdf4-a9fefa07d1ef?api-version=2014-04-01-Preview"
        ],
        "x-ms-ratelimit-remaining-subscription-reads": [
          "14991"
        ],
        "x-ms-correlation-request-id": [
          "141c87df-ea17-4898-98f8-2efcc7e23249"
        ],
        "x-ms-routing-request-id": [
          "WESTUS2:20170802T003423Z:141c87df-ea17-4898-98f8-2efcc7e23249"
        ]
      },
      "StatusCode": 200
    },
    {
      "RequestUri": "/subscriptions/b6a6e0c5-e79c-4c6d-a878-72eafbca4cf2/resourceGroups/sqlcrudtest-7325/providers/Microsoft.Sql/servers/sqlcrudtest-2737/elasticPools/sqlcrudtest-8999/elasticPoolDatabaseActivity?api-version=2014-04-01",
      "EncodedRequestUri": "L3N1YnNjcmlwdGlvbnMvYjZhNmUwYzUtZTc5Yy00YzZkLWE4NzgtNzJlYWZiY2E0Y2YyL3Jlc291cmNlR3JvdXBzL3NxbGNydWR0ZXN0LTczMjUvcHJvdmlkZXJzL01pY3Jvc29mdC5TcWwvc2VydmVycy9zcWxjcnVkdGVzdC0yNzM3L2VsYXN0aWNQb29scy9zcWxjcnVkdGVzdC04OTk5L2VsYXN0aWNQb29sRGF0YWJhc2VBY3Rpdml0eT9hcGktdmVyc2lvbj0yMDE0LTA0LTAx",
      "RequestMethod": "GET",
      "RequestBody": "",
      "RequestHeaders": {
        "x-ms-client-request-id": [
          "9b4a7525-2e16-4609-8548-f9d0c558562f"
        ],
        "accept-language": [
          "en-US"
        ],
        "User-Agent": [
          "FxVersion/4.6.25211.01",
          "Microsoft.Azure.Management.Sql.SqlManagementClient/1.7.0.0"
        ]
      },
      "ResponseBody": "{\r\n  \"value\": [\r\n    {\r\n      \"id\": \"/subscriptions/b6a6e0c5-e79c-4c6d-a878-72eafbca4cf2/resourceGroups/sqlcrudtest-7325/providers/Microsoft.Sql/servers/sqlcrudtest-2737/elasticPools/sqlcrudtest-8999/elasticPoolDatabaseActivity/0aa0e801-3301-447d-bdf4-a9fefa07d1ef\",\r\n      \"name\": \"0aa0e801-3301-447d-bdf4-a9fefa07d1ef\",\r\n      \"type\": \"Microsoft.Sql/servers/elasticPools/elasticPoolDatabaseActivity\",\r\n      \"location\": \"Japan East\",\r\n      \"properties\": {\r\n        \"operationId\": \"0aa0e801-3301-447d-bdf4-a9fefa07d1ef\",\r\n        \"serverName\": \"sqlcrudtest-2737\",\r\n        \"databaseName\": \"sqlcrudtest-6172\",\r\n        \"state\": \"COMPLETED\",\r\n        \"operation\": \"UPDATE\",\r\n        \"errorCode\": null,\r\n        \"errorMessage\": null,\r\n        \"errorSeverity\": null,\r\n        \"startTime\": \"2017-08-02T00:33:53.06\",\r\n        \"endTime\": \"2017-08-02T00:34:04.023\",\r\n        \"percentComplete\": 100,\r\n        \"currentServiceObjective\": \"ElasticPool\",\r\n        \"requestedServiceObjective\": null,\r\n        \"currentElasticPoolName\": \"sqlcrudtest-8999\",\r\n        \"requestedElasticPoolName\": null\r\n      }\r\n    },\r\n    {\r\n      \"id\": \"/subscriptions/b6a6e0c5-e79c-4c6d-a878-72eafbca4cf2/resourceGroups/sqlcrudtest-7325/providers/Microsoft.Sql/servers/sqlcrudtest-2737/elasticPools/sqlcrudtest-8999/elasticPoolDatabaseActivity/46e5ddcf-0b10-4e38-963a-c047b759060d\",\r\n      \"name\": \"46e5ddcf-0b10-4e38-963a-c047b759060d\",\r\n      \"type\": \"Microsoft.Sql/servers/elasticPools/elasticPoolDatabaseActivity\",\r\n      \"location\": \"Japan East\",\r\n      \"properties\": {\r\n        \"operationId\": \"46e5ddcf-0b10-4e38-963a-c047b759060d\",\r\n        \"serverName\": \"sqlcrudtest-2737\",\r\n        \"databaseName\": \"sqlcrudtest-6172\",\r\n        \"state\": \"COMPLETED\",\r\n        \"operation\": \"CREATE\",\r\n        \"errorCode\": null,\r\n        \"errorMessage\": null,\r\n        \"errorSeverity\": null,\r\n        \"startTime\": \"2017-08-02T00:33:20.613\",\r\n        \"endTime\": \"2017-08-02T00:33:34.87\",\r\n        \"percentComplete\": 100,\r\n        \"currentServiceObjective\": \"ElasticPool\",\r\n        \"requestedServiceObjective\": null,\r\n        \"currentElasticPoolName\": \"sqlcrudtest-8999\",\r\n        \"requestedElasticPoolName\": null\r\n      }\r\n    }\r\n  ]\r\n}",
      "ResponseHeaders": {
        "Content-Type": [
          "application/json; odata=minimalmetadata; streaming=true; charset=utf-8"
        ],
        "Cache-Control": [
          "no-store, no-cache"
        ],
        "Date": [
          "Wed, 02 Aug 2017 00:34:23 GMT"
        ],
        "Transfer-Encoding": [
          "chunked"
        ],
        "Server": [
          "Microsoft-HTTPAPI/2.0"
        ],
        "Vary": [
          "Accept-Encoding"
        ],
        "x-ms-request-id": [
          "ee05ba86-cb21-4c7c-9712-c15f71109ad4"
        ],
        "X-Content-Type-Options": [
          "nosniff"
        ],
        "DataServiceVersion": [
          "3.0;"
        ],
        "Strict-Transport-Security": [
          "max-age=31536000; includeSubDomains"
        ],
        "x-ms-ratelimit-remaining-subscription-reads": [
          "14989"
        ],
        "x-ms-correlation-request-id": [
          "9fb0b9f2-ae5e-4a40-a44c-0631f16b117d"
        ],
        "x-ms-routing-request-id": [
          "WESTUS2:20170802T003424Z:9fb0b9f2-ae5e-4a40-a44c-0631f16b117d"
        ]
      },
      "StatusCode": 200
    },
    {
      "RequestUri": "/subscriptions/b6a6e0c5-e79c-4c6d-a878-72eafbca4cf2/resourcegroups/sqlcrudtest-7325?api-version=2017-05-10",
      "EncodedRequestUri": "L3N1YnNjcmlwdGlvbnMvYjZhNmUwYzUtZTc5Yy00YzZkLWE4NzgtNzJlYWZiY2E0Y2YyL3Jlc291cmNlZ3JvdXBzL3NxbGNydWR0ZXN0LTczMjU/YXBpLXZlcnNpb249MjAxNy0wNS0xMA==",
      "RequestMethod": "DELETE",
      "RequestBody": "",
      "RequestHeaders": {
        "x-ms-client-request-id": [
          "8319e7d4-98a6-4368-864b-5d3cd6642af4"
        ],
        "accept-language": [
          "en-US"
        ],
        "User-Agent": [
          "FxVersion/4.6.25211.01",
          "Microsoft.Azure.Management.ResourceManager.ResourceManagementClient/1.6.0.0"
        ]
      },
      "ResponseBody": "",
      "ResponseHeaders": {
        "Content-Length": [
          "0"
        ],
        "Expires": [
          "-1"
        ],
        "Cache-Control": [
          "no-cache"
        ],
        "Date": [
          "Wed, 02 Aug 2017 00:34:26 GMT"
        ],
        "Pragma": [
          "no-cache"
        ],
        "Location": [
          "https://management.azure.com/subscriptions/b6a6e0c5-e79c-4c6d-a878-72eafbca4cf2/operationresults/eyJqb2JJZCI6IlJFU09VUkNFR1JPVVBERUxFVElPTkpPQi1TUUxDUlVEVEVTVDoyRDczMjUtSkFQQU5FQVNUIiwiam9iTG9jYXRpb24iOiJqYXBhbmVhc3QifQ?api-version=2017-05-10"
        ],
        "Retry-After": [
          "15"
        ],
        "x-ms-ratelimit-remaining-subscription-writes": [
          "1199"
        ],
        "x-ms-request-id": [
          "7bb47623-ded0-489f-a8ad-8395a77de7e1"
        ],
        "x-ms-correlation-request-id": [
          "7bb47623-ded0-489f-a8ad-8395a77de7e1"
        ],
        "x-ms-routing-request-id": [
          "WESTUS2:20170802T003426Z:7bb47623-ded0-489f-a8ad-8395a77de7e1"
        ],
        "Strict-Transport-Security": [
          "max-age=31536000; includeSubDomains"
        ]
      },
      "StatusCode": 202
    }
  ],
  "Names": {
    "CreateResourceGroup": [
      "sqlcrudtest-7325"
    ],
    "CreateServer": [
      "sqlcrudtest-2737"
    ],
    "TestMoveBetweenPoolsAndGetActivity": [
      "sqlcrudtest-7685",
      "sqlcrudtest-8999",
      "sqlcrudtest-6172"
    ]
  },
  "Variables": {
    "DefaultLocation": "Japan East",
    "SubscriptionId": "b6a6e0c5-e79c-4c6d-a878-72eafbca4cf2"
  }
}