{
  "Entries": [
    {
      "RequestUri": "/subscriptions/24fb23e3-6ba3-41f0-9b6e-e41131d5d61e/providers/Microsoft.Compute/locations/EastUS2/publishers/MicrosoftWindowsServer/artifacttypes/vmimage/offers/WindowsServer/skus/2012-R2-Datacenter/versions?$top=1&api-version=2018-10-01",
      "EncodedRequestUri": "L3N1YnNjcmlwdGlvbnMvMjRmYjIzZTMtNmJhMy00MWYwLTliNmUtZTQxMTMxZDVkNjFlL3Byb3ZpZGVycy9NaWNyb3NvZnQuQ29tcHV0ZS9sb2NhdGlvbnMvRWFzdFVTMi9wdWJsaXNoZXJzL01pY3Jvc29mdFdpbmRvd3NTZXJ2ZXIvYXJ0aWZhY3R0eXBlcy92bWltYWdlL29mZmVycy9XaW5kb3dzU2VydmVyL3NrdXMvMjAxMi1SMi1EYXRhY2VudGVyL3ZlcnNpb25zPyR0b3A9MSZhcGktdmVyc2lvbj0yMDE4LTEwLTAx",
      "RequestMethod": "GET",
      "RequestBody": "",
      "RequestHeaders": {
        "x-ms-client-request-id": [
          "afcd1019-4196-4b69-9db5-fe8ead00c7cf"
        ],
        "accept-language": [
          "en-US"
        ],
        "User-Agent": [
          "FxVersion/4.7.3132.0",
          "OSName/Windows10Enterprise",
          "OSVersion/6.3.17134",
          "Microsoft.Azure.Management.Compute.ComputeManagementClient/1.0.2492.0"
        ]
      },
      "ResponseBody": "[\r\n  {\r\n    \"location\": \"eastus2\",\r\n    \"name\": \"4.127.20170406\",\r\n    \"id\": \"/Subscriptions/24fb23e3-6ba3-41f0-9b6e-e41131d5d61e/Providers/Microsoft.Compute/Locations/eastus2/Publishers/MicrosoftWindowsServer/ArtifactTypes/VMImage/Offers/WindowsServer/Skus/2012-R2-Datacenter/Versions/4.127.20170406\"\r\n  }\r\n]",
      "ResponseHeaders": {
        "Content-Length": [
          "309"
        ],
        "Content-Type": [
          "application/json; charset=utf-8"
        ],
        "Expires": [
          "-1"
        ],
        "Pragma": [
          "no-cache"
        ],
        "Strict-Transport-Security": [
          "max-age=31536000; includeSubDomains"
        ],
        "x-ms-served-by": [
          "19a6b8e7-2f9b-4b25-aea4-718323f85895_131773520067503979"
        ],
        "x-ms-request-id": [
          "23d0eabe-5c14-4d91-a869-6356b4b06c8d"
        ],
        "Cache-Control": [
          "no-cache"
        ],
        "Server": [
          "Microsoft-HTTPAPI/2.0",
          "Microsoft-HTTPAPI/2.0"
        ],
        "x-ms-ratelimit-remaining-subscription-reads": [
          "11998"
        ],
        "x-ms-correlation-request-id": [
          "9d031d80-0152-4cb0-a5b2-96ba49f30989"
        ],
        "x-ms-routing-request-id": [
          "WESTUS:20180818T234237Z:9d031d80-0152-4cb0-a5b2-96ba49f30989"
        ],
        "X-Content-Type-Options": [
          "nosniff"
        ],
        "Date": [
          "Sat, 18 Aug 2018 23:42:36 GMT"
        ]
      },
      "StatusCode": 200
    },
    {
      "RequestUri": "/subscriptions/24fb23e3-6ba3-41f0-9b6e-e41131d5d61e/resourcegroups/crptestar3421?api-version=2017-05-10",
      "EncodedRequestUri": "L3N1YnNjcmlwdGlvbnMvMjRmYjIzZTMtNmJhMy00MWYwLTliNmUtZTQxMTMxZDVkNjFlL3Jlc291cmNlZ3JvdXBzL2NycHRlc3RhcjM0MjE/YXBpLXZlcnNpb249MjAxNy0wNS0xMA==",
      "RequestMethod": "PUT",
      "RequestBody": "{\r\n  \"location\": \"EastUS2\",\r\n  \"tags\": {\r\n    \"crptestar3421\": \"2018-08-18 23:42:37Z\"\r\n  }\r\n}",
      "RequestHeaders": {
        "Content-Type": [
          "application/json; charset=utf-8"
        ],
        "Content-Length": [
          "93"
        ],
        "x-ms-client-request-id": [
          "2332d6b8-bb2a-4c2d-ab91-3ec7f97106f2"
        ],
        "accept-language": [
          "en-US"
        ],
        "User-Agent": [
          "FxVersion/4.7.3132.0",
          "OSName/Windows10Enterprise",
          "OSVersion/6.3.17134",
          "Microsoft.Azure.Management.ResourceManager.ResourceManagementClient/1.6.0.0"
        ]
      },
      "ResponseBody": "{\r\n  \"id\": \"/subscriptions/24fb23e3-6ba3-41f0-9b6e-e41131d5d61e/resourceGroups/crptestar3421\",\r\n  \"name\": \"crptestar3421\",\r\n  \"location\": \"eastus2\",\r\n  \"tags\": {\r\n    \"crptestar3421\": \"2018-08-18 23:42:37Z\"\r\n  },\r\n  \"properties\": {\r\n    \"provisioningState\": \"Succeeded\"\r\n  }\r\n}",
      "ResponseHeaders": {
        "Content-Length": [
          "228"
        ],
        "Content-Type": [
          "application/json; charset=utf-8"
        ],
        "Expires": [
          "-1"
        ],
        "Pragma": [
          "no-cache"
        ],
        "x-ms-ratelimit-remaining-subscription-writes": [
          "1199"
        ],
        "x-ms-request-id": [
          "8ba4f864-97e5-457f-b124-fcb103594e78"
        ],
        "x-ms-correlation-request-id": [
          "8ba4f864-97e5-457f-b124-fcb103594e78"
        ],
        "x-ms-routing-request-id": [
          "WESTUS:20180818T234239Z:8ba4f864-97e5-457f-b124-fcb103594e78"
        ],
        "Strict-Transport-Security": [
          "max-age=31536000; includeSubDomains"
        ],
        "X-Content-Type-Options": [
          "nosniff"
        ],
        "Cache-Control": [
          "no-cache"
        ],
        "Date": [
          "Sat, 18 Aug 2018 23:42:38 GMT"
        ]
      },
      "StatusCode": 201
    },
    {
      "RequestUri": "/subscriptions/24fb23e3-6ba3-41f0-9b6e-e41131d5d61e/resourcegroups/crptestar3421?api-version=2017-05-10",
      "EncodedRequestUri": "L3N1YnNjcmlwdGlvbnMvMjRmYjIzZTMtNmJhMy00MWYwLTliNmUtZTQxMTMxZDVkNjFlL3Jlc291cmNlZ3JvdXBzL2NycHRlc3RhcjM0MjE/YXBpLXZlcnNpb249MjAxNy0wNS0xMA==",
      "RequestMethod": "PUT",
      "RequestBody": "{\r\n  \"location\": \"EastUS2\"\r\n}",
      "RequestHeaders": {
        "Content-Type": [
          "application/json; charset=utf-8"
        ],
        "Content-Length": [
          "29"
        ],
        "x-ms-client-request-id": [
          "0aaf9c0b-0f15-4eb3-ae96-9be0a2069c9d"
        ],
        "accept-language": [
          "en-US"
        ],
        "User-Agent": [
          "FxVersion/4.7.3132.0",
          "OSName/Windows10Enterprise",
          "OSVersion/6.3.17134",
          "Microsoft.Azure.Management.ResourceManager.ResourceManagementClient/1.6.0.0"
        ]
      },
      "ResponseBody": "{\r\n  \"id\": \"/subscriptions/24fb23e3-6ba3-41f0-9b6e-e41131d5d61e/resourceGroups/crptestar3421\",\r\n  \"name\": \"crptestar3421\",\r\n  \"location\": \"eastus2\",\r\n  \"properties\": {\r\n    \"provisioningState\": \"Succeeded\"\r\n  }\r\n}",
      "ResponseHeaders": {
        "Content-Length": [
          "180"
        ],
        "Content-Type": [
          "application/json; charset=utf-8"
        ],
        "Expires": [
          "-1"
        ],
        "Pragma": [
          "no-cache"
        ],
        "x-ms-ratelimit-remaining-subscription-writes": [
          "1198"
        ],
        "x-ms-request-id": [
          "2e23ac77-5d2d-4758-8a33-c66568f6d06f"
        ],
        "x-ms-correlation-request-id": [
          "2e23ac77-5d2d-4758-8a33-c66568f6d06f"
        ],
        "x-ms-routing-request-id": [
          "WESTUS:20180818T234309Z:2e23ac77-5d2d-4758-8a33-c66568f6d06f"
        ],
        "Strict-Transport-Security": [
          "max-age=31536000; includeSubDomains"
        ],
        "X-Content-Type-Options": [
          "nosniff"
        ],
        "Cache-Control": [
          "no-cache"
        ],
        "Date": [
          "Sat, 18 Aug 2018 23:43:08 GMT"
        ]
      },
      "StatusCode": 200
    },
    {
      "RequestUri": "/subscriptions/24fb23e3-6ba3-41f0-9b6e-e41131d5d61e/resourceGroups/crptestar3421/providers/Microsoft.Storage/storageAccounts/crptestar1642?api-version=2015-06-15",
      "EncodedRequestUri": "L3N1YnNjcmlwdGlvbnMvMjRmYjIzZTMtNmJhMy00MWYwLTliNmUtZTQxMTMxZDVkNjFlL3Jlc291cmNlR3JvdXBzL2NycHRlc3RhcjM0MjEvcHJvdmlkZXJzL01pY3Jvc29mdC5TdG9yYWdlL3N0b3JhZ2VBY2NvdW50cy9jcnB0ZXN0YXIxNjQyP2FwaS12ZXJzaW9uPTIwMTUtMDYtMTU=",
      "RequestMethod": "PUT",
      "RequestBody": "{\r\n  \"location\": \"EastUS2\",\r\n  \"properties\": {\r\n    \"accountType\": \"Standard_GRS\"\r\n  }\r\n}",
      "RequestHeaders": {
        "Content-Type": [
          "application/json; charset=utf-8"
        ],
        "Content-Length": [
          "89"
        ],
        "x-ms-client-request-id": [
          "cd1efd74-c8b2-4cf5-bfb2-88580a027096"
        ],
        "accept-language": [
          "en-US"
        ],
        "User-Agent": [
          "FxVersion/4.7.3132.0",
          "OSName/Windows10Enterprise",
          "OSVersion/6.3.17134",
          "Microsoft.Azure.Management.Storage.StorageManagementClient/4.0.0.0"
        ]
      },
      "ResponseBody": "",
      "ResponseHeaders": {
        "Content-Length": [
          "0"
        ],
        "Content-Type": [
          "text/plain; charset=utf-8"
        ],
        "Expires": [
          "-1"
        ],
        "Pragma": [
          "no-cache"
        ],
        "Retry-After": [
          "17"
        ],
        "x-ms-request-id": [
          "31a3a73e-e303-4cb7-a038-e5c9fddc0afe"
        ],
        "Strict-Transport-Security": [
          "max-age=31536000; includeSubDomains"
        ],
        "x-ms-ratelimit-remaining-subscription-writes": [
          "1199"
        ],
        "x-ms-correlation-request-id": [
          "4bbac367-e008-4b7c-b496-2613875a7ddb"
        ],
        "x-ms-routing-request-id": [
          "WESTUS:20180818T234241Z:4bbac367-e008-4b7c-b496-2613875a7ddb"
        ],
        "X-Content-Type-Options": [
          "nosniff"
        ],
        "Cache-Control": [
          "no-cache"
        ],
        "Date": [
          "Sat, 18 Aug 2018 23:42:40 GMT"
        ],
        "Location": [
          "https://management.azure.com/subscriptions/24fb23e3-6ba3-41f0-9b6e-e41131d5d61e/providers/Microsoft.Storage/locations/eastus2/asyncoperations/31a3a73e-e303-4cb7-a038-e5c9fddc0afe?monitor=true&api-version=2015-06-15"
        ],
        "Server": [
          "Microsoft-Azure-Storage-Resource-Provider/1.0,Microsoft-HTTPAPI/2.0 Microsoft-HTTPAPI/2.0"
        ]
      },
      "StatusCode": 202
    },
    {
      "RequestUri": "/subscriptions/24fb23e3-6ba3-41f0-9b6e-e41131d5d61e/providers/Microsoft.Storage/locations/eastus2/asyncoperations/31a3a73e-e303-4cb7-a038-e5c9fddc0afe?monitor=true&api-version=2015-06-15",
      "EncodedRequestUri": "L3N1YnNjcmlwdGlvbnMvMjRmYjIzZTMtNmJhMy00MWYwLTliNmUtZTQxMTMxZDVkNjFlL3Byb3ZpZGVycy9NaWNyb3NvZnQuU3RvcmFnZS9sb2NhdGlvbnMvZWFzdHVzMi9hc3luY29wZXJhdGlvbnMvMzFhM2E3M2UtZTMwMy00Y2I3LWEwMzgtZTVjOWZkZGMwYWZlP21vbml0b3I9dHJ1ZSZhcGktdmVyc2lvbj0yMDE1LTA2LTE1",
      "RequestMethod": "GET",
      "RequestBody": "",
      "RequestHeaders": {
        "User-Agent": [
          "FxVersion/4.7.3132.0",
          "OSName/Windows10Enterprise",
          "OSVersion/6.3.17134",
          "Microsoft.Azure.Management.Storage.StorageManagementClient/4.0.0.0"
        ]
      },
      "ResponseBody": "{\r\n  \"location\": \"EastUS2\",\r\n  \"properties\": {\r\n    \"accountType\": \"Standard_GRS\"\r\n  }\r\n}",
      "ResponseHeaders": {
        "Content-Length": [
          "89"
        ],
        "Content-Type": [
          "application/json"
        ],
        "Expires": [
          "-1"
        ],
        "Pragma": [
          "no-cache"
        ],
        "x-ms-request-id": [
          "9befe0ee-8096-4cdd-beda-43fc06982490"
        ],
        "Strict-Transport-Security": [
          "max-age=31536000; includeSubDomains"
        ],
        "x-ms-ratelimit-remaining-subscription-reads": [
          "11999"
        ],
        "x-ms-correlation-request-id": [
          "56bdd851-1170-4be8-9590-1fa7d94834ea"
        ],
        "x-ms-routing-request-id": [
          "WESTUS:20180818T234258Z:56bdd851-1170-4be8-9590-1fa7d94834ea"
        ],
        "X-Content-Type-Options": [
          "nosniff"
        ],
        "Cache-Control": [
          "no-cache"
        ],
        "Date": [
          "Sat, 18 Aug 2018 23:42:58 GMT"
        ],
        "Server": [
          "Microsoft-Azure-Storage-Resource-Provider/1.0,Microsoft-HTTPAPI/2.0 Microsoft-HTTPAPI/2.0"
        ]
      },
      "StatusCode": 200
    },
    {
      "RequestUri": "/subscriptions/24fb23e3-6ba3-41f0-9b6e-e41131d5d61e/resourceGroups/crptestar3421/providers/Microsoft.Storage/storageAccounts?api-version=2015-06-15",
      "EncodedRequestUri": "L3N1YnNjcmlwdGlvbnMvMjRmYjIzZTMtNmJhMy00MWYwLTliNmUtZTQxMTMxZDVkNjFlL3Jlc291cmNlR3JvdXBzL2NycHRlc3RhcjM0MjEvcHJvdmlkZXJzL01pY3Jvc29mdC5TdG9yYWdlL3N0b3JhZ2VBY2NvdW50cz9hcGktdmVyc2lvbj0yMDE1LTA2LTE1",
      "RequestMethod": "GET",
      "RequestBody": "",
      "RequestHeaders": {
        "x-ms-client-request-id": [
          "e55c5221-2b20-49a8-8c95-3fc367752245"
        ],
        "accept-language": [
          "en-US"
        ],
        "User-Agent": [
          "FxVersion/4.7.3132.0",
          "OSName/Windows10Enterprise",
          "OSVersion/6.3.17134",
          "Microsoft.Azure.Management.Storage.StorageManagementClient/4.0.0.0"
        ]
      },
      "ResponseBody": "{\r\n  \"value\": [\r\n    {\r\n      \"id\": \"/subscriptions/24fb23e3-6ba3-41f0-9b6e-e41131d5d61e/resourceGroups/crptestar3421/providers/Microsoft.Storage/storageAccounts/crptestar1642\",\r\n      \"name\": \"crptestar1642\",\r\n      \"type\": \"Microsoft.Storage/storageAccounts\",\r\n      \"location\": \"eastus2\",\r\n      \"tags\": {},\r\n      \"properties\": {\r\n        \"accountType\": \"Standard_GRS\",\r\n        \"provisioningState\": \"Succeeded\",\r\n        \"creationTime\": \"2018-08-18T23:42:40.5422481Z\",\r\n        \"primaryEndpoints\": {\r\n          \"blob\": \"https://crptestar1642.blob.core.windows.net/\",\r\n          \"queue\": \"https://crptestar1642.queue.core.windows.net/\",\r\n          \"table\": \"https://crptestar1642.table.core.windows.net/\",\r\n          \"file\": \"https://crptestar1642.file.core.windows.net/\"\r\n        },\r\n        \"primaryLocation\": \"eastus2\",\r\n        \"statusOfPrimary\": \"available\",\r\n        \"secondaryLocation\": \"centralus\",\r\n        \"statusOfSecondary\": \"available\"\r\n      }\r\n    }\r\n  ]\r\n}",
      "ResponseHeaders": {
        "Content-Length": [
          "741"
        ],
        "Content-Type": [
          "application/json"
        ],
        "Expires": [
          "-1"
        ],
        "Pragma": [
          "no-cache"
        ],
        "x-ms-request-id": [
          "518f9cbb-d5f7-44f0-ad7c-94c1f962e27d"
        ],
        "Strict-Transport-Security": [
          "max-age=31536000; includeSubDomains"
        ],
        "x-ms-ratelimit-remaining-subscription-reads": [
          "11998"
        ],
        "x-ms-correlation-request-id": [
          "9f9d9ca2-d4ac-4838-ac8f-4aada62478bf"
        ],
        "x-ms-routing-request-id": [
          "WESTUS:20180818T234308Z:9f9d9ca2-d4ac-4838-ac8f-4aada62478bf"
        ],
        "X-Content-Type-Options": [
          "nosniff"
        ],
        "Cache-Control": [
          "no-cache"
        ],
        "Date": [
          "Sat, 18 Aug 2018 23:43:08 GMT"
        ],
        "Server": [
          "Microsoft-Azure-Storage-Resource-Provider/1.0,Microsoft-HTTPAPI/2.0 Microsoft-HTTPAPI/2.0"
        ]
      },
      "StatusCode": 200
    },
    {
      "RequestUri": "/subscriptions/24fb23e3-6ba3-41f0-9b6e-e41131d5d61e/resourceGroups/crptestar3421/providers/Microsoft.Storage/storageAccounts/crptestar1642?api-version=2015-06-15",
      "EncodedRequestUri": "L3N1YnNjcmlwdGlvbnMvMjRmYjIzZTMtNmJhMy00MWYwLTliNmUtZTQxMTMxZDVkNjFlL3Jlc291cmNlR3JvdXBzL2NycHRlc3RhcjM0MjEvcHJvdmlkZXJzL01pY3Jvc29mdC5TdG9yYWdlL3N0b3JhZ2VBY2NvdW50cy9jcnB0ZXN0YXIxNjQyP2FwaS12ZXJzaW9uPTIwMTUtMDYtMTU=",
      "RequestMethod": "GET",
      "RequestBody": "",
      "RequestHeaders": {
        "x-ms-client-request-id": [
          "5531998f-06a9-4e02-8c0a-a59eeb568bc9"
        ],
        "accept-language": [
          "en-US"
        ],
        "User-Agent": [
          "FxVersion/4.7.3132.0",
          "OSName/Windows10Enterprise",
          "OSVersion/6.3.17134",
          "Microsoft.Azure.Management.Storage.StorageManagementClient/4.0.0.0"
        ]
      },
      "ResponseBody": "{\r\n  \"id\": \"/subscriptions/24fb23e3-6ba3-41f0-9b6e-e41131d5d61e/resourceGroups/crptestar3421/providers/Microsoft.Storage/storageAccounts/crptestar1642\",\r\n  \"name\": \"crptestar1642\",\r\n  \"type\": \"Microsoft.Storage/storageAccounts\",\r\n  \"location\": \"eastus2\",\r\n  \"tags\": {},\r\n  \"properties\": {\r\n    \"accountType\": \"Standard_GRS\",\r\n    \"provisioningState\": \"Succeeded\",\r\n    \"creationTime\": \"2018-08-18T23:42:40.5422481Z\",\r\n    \"primaryEndpoints\": {\r\n      \"blob\": \"https://crptestar1642.blob.core.windows.net/\",\r\n      \"queue\": \"https://crptestar1642.queue.core.windows.net/\",\r\n      \"table\": \"https://crptestar1642.table.core.windows.net/\",\r\n      \"file\": \"https://crptestar1642.file.core.windows.net/\"\r\n    },\r\n    \"primaryLocation\": \"eastus2\",\r\n    \"statusOfPrimary\": \"available\",\r\n    \"secondaryLocation\": \"centralus\",\r\n    \"statusOfSecondary\": \"available\"\r\n  }\r\n}",
      "ResponseHeaders": {
        "Content-Length": [
          "729"
        ],
        "Content-Type": [
          "application/json"
        ],
        "Expires": [
          "-1"
        ],
        "Pragma": [
          "no-cache"
        ],
        "x-ms-request-id": [
          "bc5eb5bf-3060-4d10-9eb9-37a85d212d7d"
        ],
        "Strict-Transport-Security": [
          "max-age=31536000; includeSubDomains"
        ],
        "x-ms-ratelimit-remaining-subscription-reads": [
          "11997"
        ],
        "x-ms-correlation-request-id": [
          "97dc2803-ebee-4d4e-8bb2-00791f5aa142"
        ],
        "x-ms-routing-request-id": [
          "WESTUS:20180818T234308Z:97dc2803-ebee-4d4e-8bb2-00791f5aa142"
        ],
        "X-Content-Type-Options": [
          "nosniff"
        ],
        "Cache-Control": [
          "no-cache"
        ],
        "Date": [
          "Sat, 18 Aug 2018 23:43:08 GMT"
        ],
        "Server": [
          "Microsoft-Azure-Storage-Resource-Provider/1.0,Microsoft-HTTPAPI/2.0 Microsoft-HTTPAPI/2.0"
        ]
      },
      "StatusCode": 200
    },
    {
      "RequestUri": "/subscriptions/24fb23e3-6ba3-41f0-9b6e-e41131d5d61e/resourceGroups/crptestar3421/providers/Microsoft.Network/publicIPAddresses/pip9685?api-version=2018-07-01",
      "EncodedRequestUri": "L3N1YnNjcmlwdGlvbnMvMjRmYjIzZTMtNmJhMy00MWYwLTliNmUtZTQxMTMxZDVkNjFlL3Jlc291cmNlR3JvdXBzL2NycHRlc3RhcjM0MjEvcHJvdmlkZXJzL01pY3Jvc29mdC5OZXR3b3JrL3B1YmxpY0lQQWRkcmVzc2VzL3BpcDk2ODU/YXBpLXZlcnNpb249MjAxOC0wNy0wMQ==",
      "RequestMethod": "PUT",
      "RequestBody": "{\r\n  \"properties\": {\r\n    \"publicIPAllocationMethod\": \"Dynamic\",\r\n    \"dnsSettings\": {\r\n      \"domainNameLabel\": \"dn576\"\r\n    }\r\n  },\r\n  \"location\": \"EastUS2\",\r\n  \"tags\": {\r\n    \"key\": \"value\"\r\n  }\r\n}",
      "RequestHeaders": {
        "Content-Type": [
          "application/json; charset=utf-8"
        ],
        "Content-Length": [
          "200"
        ],
        "x-ms-client-request-id": [
          "0907322e-c246-4e1c-958d-e09424f02860"
        ],
        "accept-language": [
          "en-US"
        ],
        "User-Agent": [
          "FxVersion/4.7.3132.0",
          "OSName/Windows10Enterprise",
          "OSVersion/6.3.17134",
          "Microsoft.Azure.Management.Network.NetworkManagementClient/10.0.0.0"
        ]
      },
      "ResponseBody": "{\r\n  \"name\": \"pip9685\",\r\n  \"id\": \"/subscriptions/24fb23e3-6ba3-41f0-9b6e-e41131d5d61e/resourceGroups/crptestar3421/providers/Microsoft.Network/publicIPAddresses/pip9685\",\r\n  \"etag\": \"W/\\\"f1c43fcf-c185-40c4-bd52-e8d26e7b2151\\\"\",\r\n  \"location\": \"eastus2\",\r\n  \"tags\": {\r\n    \"key\": \"value\"\r\n  },\r\n  \"properties\": {\r\n    \"provisioningState\": \"Updating\",\r\n    \"resourceGuid\": \"3f97e0ff-721d-414d-9d95-c73eb7ecf6f4\",\r\n    \"publicIPAddressVersion\": \"IPv4\",\r\n    \"publicIPAllocationMethod\": \"Dynamic\",\r\n    \"idleTimeoutInMinutes\": 4,\r\n    \"dnsSettings\": {\r\n      \"domainNameLabel\": \"dn576\",\r\n      \"fqdn\": \"dn576.eastus2.cloudapp.azure.com\"\r\n    }\r\n  },\r\n  \"type\": \"Microsoft.Network/publicIPAddresses\"\r\n}",
      "ResponseHeaders": {
        "Content-Length": [
          "697"
        ],
        "Content-Type": [
          "application/json; charset=utf-8"
        ],
        "Expires": [
          "-1"
        ],
        "Pragma": [
          "no-cache"
        ],
        "Retry-After": [
          "3"
        ],
        "x-ms-request-id": [
          "c068b859-537a-42bd-b89e-4c910e57dc22"
        ],
        "Azure-AsyncOperation": [
          "https://management.azure.com/subscriptions/24fb23e3-6ba3-41f0-9b6e-e41131d5d61e/providers/Microsoft.Network/locations/eastus2/operations/c068b859-537a-42bd-b89e-4c910e57dc22?api-version=2018-07-01"
        ],
        "x-ms-correlation-request-id": [
          "7253bde2-722f-4e27-9963-6c281465fb32"
        ],
        "Strict-Transport-Security": [
          "max-age=31536000; includeSubDomains"
        ],
        "Cache-Control": [
          "no-cache"
        ],
        "Server": [
          "Microsoft-HTTPAPI/2.0",
          "Microsoft-HTTPAPI/2.0"
        ],
        "x-ms-ratelimit-remaining-subscription-writes": [
          "1199"
        ],
        "x-ms-routing-request-id": [
          "WESTUS:20180818T234311Z:7253bde2-722f-4e27-9963-6c281465fb32"
        ],
        "X-Content-Type-Options": [
          "nosniff"
        ],
        "Date": [
          "Sat, 18 Aug 2018 23:43:10 GMT"
        ]
      },
      "StatusCode": 201
    },
    {
      "RequestUri": "/subscriptions/24fb23e3-6ba3-41f0-9b6e-e41131d5d61e/providers/Microsoft.Network/locations/eastus2/operations/c068b859-537a-42bd-b89e-4c910e57dc22?api-version=2018-07-01",
      "EncodedRequestUri": "L3N1YnNjcmlwdGlvbnMvMjRmYjIzZTMtNmJhMy00MWYwLTliNmUtZTQxMTMxZDVkNjFlL3Byb3ZpZGVycy9NaWNyb3NvZnQuTmV0d29yay9sb2NhdGlvbnMvZWFzdHVzMi9vcGVyYXRpb25zL2MwNjhiODU5LTUzN2EtNDJiZC1iODllLTRjOTEwZTU3ZGMyMj9hcGktdmVyc2lvbj0yMDE4LTA3LTAx",
      "RequestMethod": "GET",
      "RequestBody": "",
      "RequestHeaders": {
        "User-Agent": [
          "FxVersion/4.7.3132.0",
          "OSName/Windows10Enterprise",
          "OSVersion/6.3.17134",
          "Microsoft.Azure.Management.Network.NetworkManagementClient/10.0.0.0"
        ]
      },
      "ResponseBody": "{\r\n  \"status\": \"Succeeded\"\r\n}",
      "ResponseHeaders": {
        "Content-Length": [
          "29"
        ],
        "Content-Type": [
          "application/json; charset=utf-8"
        ],
        "Expires": [
          "-1"
        ],
        "Pragma": [
          "no-cache"
        ],
        "x-ms-request-id": [
          "50614c2c-8825-497f-a61b-9eebafb5a357"
        ],
        "x-ms-correlation-request-id": [
          "db7f1a14-951f-44ec-882b-aa997c7ddcbf"
        ],
        "Strict-Transport-Security": [
          "max-age=31536000; includeSubDomains"
        ],
        "Cache-Control": [
          "no-cache"
        ],
        "Server": [
          "Microsoft-HTTPAPI/2.0",
          "Microsoft-HTTPAPI/2.0"
        ],
        "x-ms-ratelimit-remaining-subscription-reads": [
          "11999"
        ],
        "x-ms-routing-request-id": [
          "WESTUS:20180818T234321Z:db7f1a14-951f-44ec-882b-aa997c7ddcbf"
        ],
        "X-Content-Type-Options": [
          "nosniff"
        ],
        "Date": [
          "Sat, 18 Aug 2018 23:43:21 GMT"
        ]
      },
      "StatusCode": 200
    },
    {
      "RequestUri": "/subscriptions/24fb23e3-6ba3-41f0-9b6e-e41131d5d61e/resourceGroups/crptestar3421/providers/Microsoft.Network/publicIPAddresses/pip9685?api-version=2018-07-01",
      "EncodedRequestUri": "L3N1YnNjcmlwdGlvbnMvMjRmYjIzZTMtNmJhMy00MWYwLTliNmUtZTQxMTMxZDVkNjFlL3Jlc291cmNlR3JvdXBzL2NycHRlc3RhcjM0MjEvcHJvdmlkZXJzL01pY3Jvc29mdC5OZXR3b3JrL3B1YmxpY0lQQWRkcmVzc2VzL3BpcDk2ODU/YXBpLXZlcnNpb249MjAxOC0wNy0wMQ==",
      "RequestMethod": "GET",
      "RequestBody": "",
      "RequestHeaders": {
        "User-Agent": [
          "FxVersion/4.7.3132.0",
          "OSName/Windows10Enterprise",
          "OSVersion/6.3.17134",
          "Microsoft.Azure.Management.Network.NetworkManagementClient/10.0.0.0"
        ]
      },
      "ResponseBody": "{\r\n  \"name\": \"pip9685\",\r\n  \"id\": \"/subscriptions/24fb23e3-6ba3-41f0-9b6e-e41131d5d61e/resourceGroups/crptestar3421/providers/Microsoft.Network/publicIPAddresses/pip9685\",\r\n  \"etag\": \"W/\\\"fa796a6e-aab9-4875-bafc-5be4c12f7c93\\\"\",\r\n  \"location\": \"eastus2\",\r\n  \"tags\": {\r\n    \"key\": \"value\"\r\n  },\r\n  \"properties\": {\r\n    \"provisioningState\": \"Succeeded\",\r\n    \"resourceGuid\": \"3f97e0ff-721d-414d-9d95-c73eb7ecf6f4\",\r\n    \"publicIPAddressVersion\": \"IPv4\",\r\n    \"publicIPAllocationMethod\": \"Dynamic\",\r\n    \"idleTimeoutInMinutes\": 4,\r\n    \"dnsSettings\": {\r\n      \"domainNameLabel\": \"dn576\",\r\n      \"fqdn\": \"dn576.eastus2.cloudapp.azure.com\"\r\n    }\r\n  },\r\n  \"type\": \"Microsoft.Network/publicIPAddresses\"\r\n}",
      "ResponseHeaders": {
        "Content-Length": [
          "698"
        ],
        "Content-Type": [
          "application/json; charset=utf-8"
        ],
        "Expires": [
          "-1"
        ],
        "Pragma": [
          "no-cache"
        ],
        "x-ms-request-id": [
          "84778484-94ed-4d99-bd6e-49a2df7f600d"
        ],
        "x-ms-correlation-request-id": [
          "ddebdb16-d67e-4970-86f2-8384e275165d"
        ],
        "Strict-Transport-Security": [
          "max-age=31536000; includeSubDomains"
        ],
        "Cache-Control": [
          "no-cache"
        ],
        "ETag": [
          "W/\"fa796a6e-aab9-4875-bafc-5be4c12f7c93\""
        ],
        "Server": [
          "Microsoft-HTTPAPI/2.0",
          "Microsoft-HTTPAPI/2.0"
        ],
        "x-ms-ratelimit-remaining-subscription-reads": [
          "11998"
        ],
        "x-ms-routing-request-id": [
          "WESTUS:20180818T234322Z:ddebdb16-d67e-4970-86f2-8384e275165d"
        ],
        "X-Content-Type-Options": [
          "nosniff"
        ],
        "Date": [
          "Sat, 18 Aug 2018 23:43:21 GMT"
        ]
      },
      "StatusCode": 200
    },
    {
      "RequestUri": "/subscriptions/24fb23e3-6ba3-41f0-9b6e-e41131d5d61e/resourceGroups/crptestar3421/providers/Microsoft.Network/publicIPAddresses/pip9685?api-version=2018-07-01",
      "EncodedRequestUri": "L3N1YnNjcmlwdGlvbnMvMjRmYjIzZTMtNmJhMy00MWYwLTliNmUtZTQxMTMxZDVkNjFlL3Jlc291cmNlR3JvdXBzL2NycHRlc3RhcjM0MjEvcHJvdmlkZXJzL01pY3Jvc29mdC5OZXR3b3JrL3B1YmxpY0lQQWRkcmVzc2VzL3BpcDk2ODU/YXBpLXZlcnNpb249MjAxOC0wNy0wMQ==",
      "RequestMethod": "GET",
      "RequestBody": "",
      "RequestHeaders": {
        "x-ms-client-request-id": [
          "5471e99d-85b7-47f5-8863-8bbcf012a6de"
        ],
        "accept-language": [
          "en-US"
        ],
        "User-Agent": [
          "FxVersion/4.7.3132.0",
          "OSName/Windows10Enterprise",
          "OSVersion/6.3.17134",
          "Microsoft.Azure.Management.Network.NetworkManagementClient/10.0.0.0"
        ]
      },
      "ResponseBody": "{\r\n  \"name\": \"pip9685\",\r\n  \"id\": \"/subscriptions/24fb23e3-6ba3-41f0-9b6e-e41131d5d61e/resourceGroups/crptestar3421/providers/Microsoft.Network/publicIPAddresses/pip9685\",\r\n  \"etag\": \"W/\\\"fa796a6e-aab9-4875-bafc-5be4c12f7c93\\\"\",\r\n  \"location\": \"eastus2\",\r\n  \"tags\": {\r\n    \"key\": \"value\"\r\n  },\r\n  \"properties\": {\r\n    \"provisioningState\": \"Succeeded\",\r\n    \"resourceGuid\": \"3f97e0ff-721d-414d-9d95-c73eb7ecf6f4\",\r\n    \"publicIPAddressVersion\": \"IPv4\",\r\n    \"publicIPAllocationMethod\": \"Dynamic\",\r\n    \"idleTimeoutInMinutes\": 4,\r\n    \"dnsSettings\": {\r\n      \"domainNameLabel\": \"dn576\",\r\n      \"fqdn\": \"dn576.eastus2.cloudapp.azure.com\"\r\n    }\r\n  },\r\n  \"type\": \"Microsoft.Network/publicIPAddresses\"\r\n}",
      "ResponseHeaders": {
        "Content-Length": [
          "698"
        ],
        "Content-Type": [
          "application/json; charset=utf-8"
        ],
        "Expires": [
          "-1"
        ],
        "Pragma": [
          "no-cache"
        ],
        "x-ms-request-id": [
          "6a3bd5e6-e237-475c-a1d0-95115c79390d"
        ],
        "x-ms-correlation-request-id": [
          "0a6b3e7e-9151-4070-8b07-c097af27bf4d"
        ],
        "Strict-Transport-Security": [
          "max-age=31536000; includeSubDomains"
        ],
        "Cache-Control": [
          "no-cache"
        ],
        "ETag": [
          "W/\"fa796a6e-aab9-4875-bafc-5be4c12f7c93\""
        ],
        "Server": [
          "Microsoft-HTTPAPI/2.0",
          "Microsoft-HTTPAPI/2.0"
        ],
        "x-ms-ratelimit-remaining-subscription-reads": [
          "11997"
        ],
        "x-ms-routing-request-id": [
          "WESTUS:20180818T234322Z:0a6b3e7e-9151-4070-8b07-c097af27bf4d"
        ],
        "X-Content-Type-Options": [
          "nosniff"
        ],
        "Date": [
          "Sat, 18 Aug 2018 23:43:21 GMT"
        ]
      },
      "StatusCode": 200
    },
    {
      "RequestUri": "/subscriptions/24fb23e3-6ba3-41f0-9b6e-e41131d5d61e/resourceGroups/crptestar3421/providers/Microsoft.Network/virtualNetworks/vn2960?api-version=2018-07-01",
      "EncodedRequestUri": "L3N1YnNjcmlwdGlvbnMvMjRmYjIzZTMtNmJhMy00MWYwLTliNmUtZTQxMTMxZDVkNjFlL3Jlc291cmNlR3JvdXBzL2NycHRlc3RhcjM0MjEvcHJvdmlkZXJzL01pY3Jvc29mdC5OZXR3b3JrL3ZpcnR1YWxOZXR3b3Jrcy92bjI5NjA/YXBpLXZlcnNpb249MjAxOC0wNy0wMQ==",
      "RequestMethod": "PUT",
      "RequestBody": "{\r\n  \"properties\": {\r\n    \"addressSpace\": {\r\n      \"addressPrefixes\": [\r\n        \"10.0.0.0/16\"\r\n      ]\r\n    },\r\n    \"dhcpOptions\": {\r\n      \"dnsServers\": [\r\n        \"10.1.1.1\",\r\n        \"10.1.2.4\"\r\n      ]\r\n    },\r\n    \"subnets\": [\r\n      {\r\n        \"properties\": {\r\n          \"addressPrefix\": \"10.0.0.0/24\"\r\n        },\r\n        \"name\": \"sn3671\"\r\n      }\r\n    ]\r\n  },\r\n  \"location\": \"EastUS2\"\r\n}",
      "RequestHeaders": {
        "Content-Type": [
          "application/json; charset=utf-8"
        ],
        "Content-Length": [
          "396"
        ],
        "x-ms-client-request-id": [
          "8bc5efd0-aa04-41fd-8aa6-936e3e9189c5"
        ],
        "accept-language": [
          "en-US"
        ],
        "User-Agent": [
          "FxVersion/4.7.3132.0",
          "OSName/Windows10Enterprise",
          "OSVersion/6.3.17134",
          "Microsoft.Azure.Management.Network.NetworkManagementClient/10.0.0.0"
        ]
      },
      "ResponseBody": "{\r\n  \"name\": \"vn2960\",\r\n  \"id\": \"/subscriptions/24fb23e3-6ba3-41f0-9b6e-e41131d5d61e/resourceGroups/crptestar3421/providers/Microsoft.Network/virtualNetworks/vn2960\",\r\n  \"etag\": \"W/\\\"c16dc848-469f-4b86-8439-7636d2fd5984\\\"\",\r\n  \"type\": \"Microsoft.Network/virtualNetworks\",\r\n  \"location\": \"eastus2\",\r\n  \"properties\": {\r\n    \"provisioningState\": \"Updating\",\r\n    \"resourceGuid\": \"21b5b6b8-4fdb-4412-8839-425c6191683a\",\r\n    \"addressSpace\": {\r\n      \"addressPrefixes\": [\r\n        \"10.0.0.0/16\"\r\n      ]\r\n    },\r\n    \"dhcpOptions\": {\r\n      \"dnsServers\": [\r\n        \"10.1.1.1\",\r\n        \"10.1.2.4\"\r\n      ]\r\n    },\r\n    \"subnets\": [\r\n      {\r\n        \"name\": \"sn3671\",\r\n        \"id\": \"/subscriptions/24fb23e3-6ba3-41f0-9b6e-e41131d5d61e/resourceGroups/crptestar3421/providers/Microsoft.Network/virtualNetworks/vn2960/subnets/sn3671\",\r\n        \"etag\": \"W/\\\"c16dc848-469f-4b86-8439-7636d2fd5984\\\"\",\r\n        \"properties\": {\r\n          \"provisioningState\": \"Updating\",\r\n          \"addressPrefix\": \"10.0.0.0/24\"\r\n        },\r\n        \"type\": \"Microsoft.Network/virtualNetworks/subnets\"\r\n      }\r\n    ],\r\n    \"virtualNetworkPeerings\": []\r\n  }\r\n}",
      "ResponseHeaders": {
        "Content-Length": [
          "1134"
        ],
        "Content-Type": [
          "application/json; charset=utf-8"
        ],
        "Expires": [
          "-1"
        ],
        "Pragma": [
          "no-cache"
        ],
        "Retry-After": [
          "3"
        ],
        "x-ms-request-id": [
          "4bc6fddd-0852-4299-8c8c-e69a5dae23e6"
        ],
        "Azure-AsyncOperation": [
          "https://management.azure.com/subscriptions/24fb23e3-6ba3-41f0-9b6e-e41131d5d61e/providers/Microsoft.Network/locations/eastus2/operations/4bc6fddd-0852-4299-8c8c-e69a5dae23e6?api-version=2018-07-01"
        ],
        "x-ms-correlation-request-id": [
          "093f78b8-76a1-473b-a6c9-063a8e4fa029"
        ],
        "Strict-Transport-Security": [
          "max-age=31536000; includeSubDomains"
        ],
        "Cache-Control": [
          "no-cache"
        ],
        "Server": [
          "Microsoft-HTTPAPI/2.0",
          "Microsoft-HTTPAPI/2.0"
        ],
        "x-ms-ratelimit-remaining-subscription-writes": [
          "1198"
        ],
        "x-ms-routing-request-id": [
          "WESTUS:20180818T234323Z:093f78b8-76a1-473b-a6c9-063a8e4fa029"
        ],
        "X-Content-Type-Options": [
          "nosniff"
        ],
        "Date": [
          "Sat, 18 Aug 2018 23:43:22 GMT"
        ]
      },
      "StatusCode": 201
    },
    {
      "RequestUri": "/subscriptions/24fb23e3-6ba3-41f0-9b6e-e41131d5d61e/providers/Microsoft.Network/locations/eastus2/operations/4bc6fddd-0852-4299-8c8c-e69a5dae23e6?api-version=2018-07-01",
      "EncodedRequestUri": "L3N1YnNjcmlwdGlvbnMvMjRmYjIzZTMtNmJhMy00MWYwLTliNmUtZTQxMTMxZDVkNjFlL3Byb3ZpZGVycy9NaWNyb3NvZnQuTmV0d29yay9sb2NhdGlvbnMvZWFzdHVzMi9vcGVyYXRpb25zLzRiYzZmZGRkLTA4NTItNDI5OS04YzhjLWU2OWE1ZGFlMjNlNj9hcGktdmVyc2lvbj0yMDE4LTA3LTAx",
      "RequestMethod": "GET",
      "RequestBody": "",
      "RequestHeaders": {
        "User-Agent": [
          "FxVersion/4.7.3132.0",
          "OSName/Windows10Enterprise",
          "OSVersion/6.3.17134",
          "Microsoft.Azure.Management.Network.NetworkManagementClient/10.0.0.0"
        ]
      },
      "ResponseBody": "{\r\n  \"status\": \"InProgress\"\r\n}",
      "ResponseHeaders": {
        "Content-Length": [
          "30"
        ],
        "Content-Type": [
          "application/json; charset=utf-8"
        ],
        "Expires": [
          "-1"
        ],
        "Pragma": [
          "no-cache"
        ],
        "Retry-After": [
          "10"
        ],
        "x-ms-request-id": [
          "4e56ca52-ef46-4cb6-86b8-ebe6cfdbbeaa"
        ],
        "x-ms-correlation-request-id": [
          "2564130f-f97d-4c32-8a55-36ced6c0fd90"
        ],
        "Strict-Transport-Security": [
          "max-age=31536000; includeSubDomains"
        ],
        "Cache-Control": [
          "no-cache"
        ],
        "Server": [
          "Microsoft-HTTPAPI/2.0",
          "Microsoft-HTTPAPI/2.0"
        ],
        "x-ms-ratelimit-remaining-subscription-reads": [
          "11996"
        ],
        "x-ms-routing-request-id": [
          "WESTUS:20180818T234333Z:2564130f-f97d-4c32-8a55-36ced6c0fd90"
        ],
        "X-Content-Type-Options": [
          "nosniff"
        ],
        "Date": [
          "Sat, 18 Aug 2018 23:43:33 GMT"
        ]
      },
      "StatusCode": 200
    },
    {
      "RequestUri": "/subscriptions/24fb23e3-6ba3-41f0-9b6e-e41131d5d61e/providers/Microsoft.Network/locations/eastus2/operations/4bc6fddd-0852-4299-8c8c-e69a5dae23e6?api-version=2018-07-01",
      "EncodedRequestUri": "L3N1YnNjcmlwdGlvbnMvMjRmYjIzZTMtNmJhMy00MWYwLTliNmUtZTQxMTMxZDVkNjFlL3Byb3ZpZGVycy9NaWNyb3NvZnQuTmV0d29yay9sb2NhdGlvbnMvZWFzdHVzMi9vcGVyYXRpb25zLzRiYzZmZGRkLTA4NTItNDI5OS04YzhjLWU2OWE1ZGFlMjNlNj9hcGktdmVyc2lvbj0yMDE4LTA3LTAx",
      "RequestMethod": "GET",
      "RequestBody": "",
      "RequestHeaders": {
        "User-Agent": [
          "FxVersion/4.7.3132.0",
          "OSName/Windows10Enterprise",
          "OSVersion/6.3.17134",
          "Microsoft.Azure.Management.Network.NetworkManagementClient/10.0.0.0"
        ]
      },
      "ResponseBody": "{\r\n  \"status\": \"Succeeded\"\r\n}",
      "ResponseHeaders": {
        "Content-Length": [
          "29"
        ],
        "Content-Type": [
          "application/json; charset=utf-8"
        ],
        "Expires": [
          "-1"
        ],
        "Pragma": [
          "no-cache"
        ],
        "x-ms-request-id": [
          "716bccd1-41e2-4969-bd17-78e63b3ed685"
        ],
        "x-ms-correlation-request-id": [
          "2bf12b38-7aae-40db-80bc-66c8cb662106"
        ],
        "Strict-Transport-Security": [
          "max-age=31536000; includeSubDomains"
        ],
        "Cache-Control": [
          "no-cache"
        ],
        "Server": [
          "Microsoft-HTTPAPI/2.0",
          "Microsoft-HTTPAPI/2.0"
        ],
        "x-ms-ratelimit-remaining-subscription-reads": [
          "11995"
        ],
        "x-ms-routing-request-id": [
          "WESTUS:20180818T234343Z:2bf12b38-7aae-40db-80bc-66c8cb662106"
        ],
        "X-Content-Type-Options": [
          "nosniff"
        ],
        "Date": [
          "Sat, 18 Aug 2018 23:43:43 GMT"
        ]
      },
      "StatusCode": 200
    },
    {
      "RequestUri": "/subscriptions/24fb23e3-6ba3-41f0-9b6e-e41131d5d61e/resourceGroups/crptestar3421/providers/Microsoft.Network/virtualNetworks/vn2960?api-version=2018-07-01",
      "EncodedRequestUri": "L3N1YnNjcmlwdGlvbnMvMjRmYjIzZTMtNmJhMy00MWYwLTliNmUtZTQxMTMxZDVkNjFlL3Jlc291cmNlR3JvdXBzL2NycHRlc3RhcjM0MjEvcHJvdmlkZXJzL01pY3Jvc29mdC5OZXR3b3JrL3ZpcnR1YWxOZXR3b3Jrcy92bjI5NjA/YXBpLXZlcnNpb249MjAxOC0wNy0wMQ==",
      "RequestMethod": "GET",
      "RequestBody": "",
      "RequestHeaders": {
        "User-Agent": [
          "FxVersion/4.7.3132.0",
          "OSName/Windows10Enterprise",
          "OSVersion/6.3.17134",
          "Microsoft.Azure.Management.Network.NetworkManagementClient/10.0.0.0"
        ]
      },
      "ResponseBody": "{\r\n  \"name\": \"vn2960\",\r\n  \"id\": \"/subscriptions/24fb23e3-6ba3-41f0-9b6e-e41131d5d61e/resourceGroups/crptestar3421/providers/Microsoft.Network/virtualNetworks/vn2960\",\r\n  \"etag\": \"W/\\\"07c60a0a-664c-4587-a10d-5c75eab410f8\\\"\",\r\n  \"type\": \"Microsoft.Network/virtualNetworks\",\r\n  \"location\": \"eastus2\",\r\n  \"properties\": {\r\n    \"provisioningState\": \"Succeeded\",\r\n    \"resourceGuid\": \"21b5b6b8-4fdb-4412-8839-425c6191683a\",\r\n    \"addressSpace\": {\r\n      \"addressPrefixes\": [\r\n        \"10.0.0.0/16\"\r\n      ]\r\n    },\r\n    \"dhcpOptions\": {\r\n      \"dnsServers\": [\r\n        \"10.1.1.1\",\r\n        \"10.1.2.4\"\r\n      ]\r\n    },\r\n    \"subnets\": [\r\n      {\r\n        \"name\": \"sn3671\",\r\n        \"id\": \"/subscriptions/24fb23e3-6ba3-41f0-9b6e-e41131d5d61e/resourceGroups/crptestar3421/providers/Microsoft.Network/virtualNetworks/vn2960/subnets/sn3671\",\r\n        \"etag\": \"W/\\\"07c60a0a-664c-4587-a10d-5c75eab410f8\\\"\",\r\n        \"properties\": {\r\n          \"provisioningState\": \"Succeeded\",\r\n          \"addressPrefix\": \"10.0.0.0/24\"\r\n        },\r\n        \"type\": \"Microsoft.Network/virtualNetworks/subnets\"\r\n      }\r\n    ],\r\n    \"virtualNetworkPeerings\": []\r\n  }\r\n}",
      "ResponseHeaders": {
        "Content-Length": [
          "1136"
        ],
        "Content-Type": [
          "application/json; charset=utf-8"
        ],
        "Expires": [
          "-1"
        ],
        "Pragma": [
          "no-cache"
        ],
        "x-ms-request-id": [
          "ab4a3321-b215-436e-b2cb-40656d59bacc"
        ],
        "x-ms-correlation-request-id": [
          "33614aba-4968-4b11-ab2a-f3886609ad6b"
        ],
        "Strict-Transport-Security": [
          "max-age=31536000; includeSubDomains"
        ],
        "Cache-Control": [
          "no-cache"
        ],
        "ETag": [
          "W/\"07c60a0a-664c-4587-a10d-5c75eab410f8\""
        ],
        "Server": [
          "Microsoft-HTTPAPI/2.0",
          "Microsoft-HTTPAPI/2.0"
        ],
        "x-ms-ratelimit-remaining-subscription-reads": [
          "11994"
        ],
        "x-ms-routing-request-id": [
          "WESTUS:20180818T234343Z:33614aba-4968-4b11-ab2a-f3886609ad6b"
        ],
        "X-Content-Type-Options": [
          "nosniff"
        ],
        "Date": [
          "Sat, 18 Aug 2018 23:43:43 GMT"
        ]
      },
      "StatusCode": 200
    },
    {
      "RequestUri": "/subscriptions/24fb23e3-6ba3-41f0-9b6e-e41131d5d61e/resourceGroups/crptestar3421/providers/Microsoft.Network/virtualNetworks/vn2960/subnets/sn3671?api-version=2018-07-01",
      "EncodedRequestUri": "L3N1YnNjcmlwdGlvbnMvMjRmYjIzZTMtNmJhMy00MWYwLTliNmUtZTQxMTMxZDVkNjFlL3Jlc291cmNlR3JvdXBzL2NycHRlc3RhcjM0MjEvcHJvdmlkZXJzL01pY3Jvc29mdC5OZXR3b3JrL3ZpcnR1YWxOZXR3b3Jrcy92bjI5NjAvc3VibmV0cy9zbjM2NzE/YXBpLXZlcnNpb249MjAxOC0wNy0wMQ==",
      "RequestMethod": "GET",
      "RequestBody": "",
      "RequestHeaders": {
        "x-ms-client-request-id": [
          "0a6e5421-3d63-4a25-ab06-2e85b56b984a"
        ],
        "accept-language": [
          "en-US"
        ],
        "User-Agent": [
          "FxVersion/4.7.3132.0",
          "OSName/Windows10Enterprise",
          "OSVersion/6.3.17134",
          "Microsoft.Azure.Management.Network.NetworkManagementClient/10.0.0.0"
        ]
      },
      "ResponseBody": "{\r\n  \"name\": \"sn3671\",\r\n  \"id\": \"/subscriptions/24fb23e3-6ba3-41f0-9b6e-e41131d5d61e/resourceGroups/crptestar3421/providers/Microsoft.Network/virtualNetworks/vn2960/subnets/sn3671\",\r\n  \"etag\": \"W/\\\"07c60a0a-664c-4587-a10d-5c75eab410f8\\\"\",\r\n  \"properties\": {\r\n    \"provisioningState\": \"Succeeded\",\r\n    \"addressPrefix\": \"10.0.0.0/24\"\r\n  },\r\n  \"type\": \"Microsoft.Network/virtualNetworks/subnets\"\r\n}",
      "ResponseHeaders": {
        "Content-Length": [
          "396"
        ],
        "Content-Type": [
          "application/json; charset=utf-8"
        ],
        "Expires": [
          "-1"
        ],
        "Pragma": [
          "no-cache"
        ],
        "x-ms-request-id": [
          "b1cd85f7-a8f6-483a-a1fc-497427c9fe19"
        ],
        "x-ms-correlation-request-id": [
          "a81af682-1a4f-46ef-86f7-a2dac643b5bb"
        ],
        "Strict-Transport-Security": [
          "max-age=31536000; includeSubDomains"
        ],
        "Cache-Control": [
          "no-cache"
        ],
        "ETag": [
          "W/\"07c60a0a-664c-4587-a10d-5c75eab410f8\""
        ],
        "Server": [
          "Microsoft-HTTPAPI/2.0",
          "Microsoft-HTTPAPI/2.0"
        ],
        "x-ms-ratelimit-remaining-subscription-reads": [
          "11993"
        ],
        "x-ms-routing-request-id": [
          "WESTUS:20180818T234343Z:a81af682-1a4f-46ef-86f7-a2dac643b5bb"
        ],
        "X-Content-Type-Options": [
          "nosniff"
        ],
        "Date": [
          "Sat, 18 Aug 2018 23:43:43 GMT"
        ]
      },
      "StatusCode": 200
    },
    {
      "RequestUri": "/subscriptions/24fb23e3-6ba3-41f0-9b6e-e41131d5d61e/resourceGroups/crptestar3421/providers/Microsoft.Network/networkInterfaces/nic5626?api-version=2018-07-01",
      "EncodedRequestUri": "L3N1YnNjcmlwdGlvbnMvMjRmYjIzZTMtNmJhMy00MWYwLTliNmUtZTQxMTMxZDVkNjFlL3Jlc291cmNlR3JvdXBzL2NycHRlc3RhcjM0MjEvcHJvdmlkZXJzL01pY3Jvc29mdC5OZXR3b3JrL25ldHdvcmtJbnRlcmZhY2VzL25pYzU2MjY/YXBpLXZlcnNpb249MjAxOC0wNy0wMQ==",
      "RequestMethod": "PUT",
      "RequestBody": "{\r\n  \"properties\": {\r\n    \"ipConfigurations\": [\r\n      {\r\n        \"properties\": {\r\n          \"privateIPAllocationMethod\": \"Dynamic\",\r\n          \"subnet\": {\r\n            \"properties\": {\r\n              \"addressPrefix\": \"10.0.0.0/24\",\r\n              \"provisioningState\": \"Succeeded\"\r\n            },\r\n            \"name\": \"sn3671\",\r\n            \"etag\": \"W/\\\"07c60a0a-664c-4587-a10d-5c75eab410f8\\\"\",\r\n            \"id\": \"/subscriptions/24fb23e3-6ba3-41f0-9b6e-e41131d5d61e/resourceGroups/crptestar3421/providers/Microsoft.Network/virtualNetworks/vn2960/subnets/sn3671\"\r\n          }\r\n        },\r\n        \"name\": \"ip9339\"\r\n      }\r\n    ]\r\n  },\r\n  \"location\": \"EastUS2\",\r\n  \"tags\": {\r\n    \"key\": \"value\"\r\n  }\r\n}",
      "RequestHeaders": {
        "Content-Type": [
          "application/json; charset=utf-8"
        ],
        "Content-Length": [
          "701"
        ],
        "x-ms-client-request-id": [
          "a97574ee-ad5e-4691-bef8-313bf1e3d7d4"
        ],
        "accept-language": [
          "en-US"
        ],
        "User-Agent": [
          "FxVersion/4.7.3132.0",
          "OSName/Windows10Enterprise",
          "OSVersion/6.3.17134",
          "Microsoft.Azure.Management.Network.NetworkManagementClient/10.0.0.0"
        ]
      },
      "ResponseBody": "{\r\n  \"name\": \"nic5626\",\r\n  \"id\": \"/subscriptions/24fb23e3-6ba3-41f0-9b6e-e41131d5d61e/resourceGroups/crptestar3421/providers/Microsoft.Network/networkInterfaces/nic5626\",\r\n  \"etag\": \"W/\\\"d09ab4ba-5305-4da5-9bf5-45b4b22c44ac\\\"\",\r\n  \"location\": \"eastus2\",\r\n  \"tags\": {\r\n    \"key\": \"value\"\r\n  },\r\n  \"properties\": {\r\n    \"provisioningState\": \"Succeeded\",\r\n    \"resourceGuid\": \"a3223cfd-cf33-4805-aa61-86df9a5b704a\",\r\n    \"ipConfigurations\": [\r\n      {\r\n        \"name\": \"ip9339\",\r\n        \"id\": \"/subscriptions/24fb23e3-6ba3-41f0-9b6e-e41131d5d61e/resourceGroups/crptestar3421/providers/Microsoft.Network/networkInterfaces/nic5626/ipConfigurations/ip9339\",\r\n        \"etag\": \"W/\\\"d09ab4ba-5305-4da5-9bf5-45b4b22c44ac\\\"\",\r\n        \"type\": \"Microsoft.Network/networkInterfaces/ipConfigurations\",\r\n        \"properties\": {\r\n          \"provisioningState\": \"Succeeded\",\r\n          \"privateIPAddress\": \"10.0.0.4\",\r\n          \"privateIPAllocationMethod\": \"Dynamic\",\r\n          \"subnet\": {\r\n            \"id\": \"/subscriptions/24fb23e3-6ba3-41f0-9b6e-e41131d5d61e/resourceGroups/crptestar3421/providers/Microsoft.Network/virtualNetworks/vn2960/subnets/sn3671\"\r\n          },\r\n          \"primary\": true,\r\n          \"privateIPAddressVersion\": \"IPv4\",\r\n          \"isInUseWithService\": false\r\n        }\r\n      }\r\n    ],\r\n    \"dnsSettings\": {\r\n      \"dnsServers\": [],\r\n      \"appliedDnsServers\": [],\r\n      \"internalDomainNameSuffix\": \"xc1lkio1j2jejcbzijogdelihc.cx.internal.cloudapp.net\"\r\n    },\r\n    \"enableAcceleratedNetworking\": false,\r\n    \"enableIPForwarding\": false\r\n  },\r\n  \"type\": \"Microsoft.Network/networkInterfaces\"\r\n}",
      "ResponseHeaders": {
        "Content-Length": [
          "1607"
        ],
        "Content-Type": [
          "application/json; charset=utf-8"
        ],
        "Expires": [
          "-1"
        ],
        "Pragma": [
          "no-cache"
        ],
        "x-ms-request-id": [
          "2a99456a-30f9-4e08-b316-b3c85d0aa97c"
        ],
        "Azure-AsyncOperation": [
          "https://management.azure.com/subscriptions/24fb23e3-6ba3-41f0-9b6e-e41131d5d61e/providers/Microsoft.Network/locations/eastus2/operations/2a99456a-30f9-4e08-b316-b3c85d0aa97c?api-version=2018-07-01"
        ],
        "x-ms-correlation-request-id": [
          "dfa5b948-dc25-4ef8-8633-1d51f01c7c23"
        ],
        "Strict-Transport-Security": [
          "max-age=31536000; includeSubDomains"
        ],
        "x-ms-ratelimit-remaining-subscription-writes": [
          "1197"
        ],
        "Cache-Control": [
          "no-cache"
        ],
        "Server": [
          "Microsoft-HTTPAPI/2.0",
          "Microsoft-HTTPAPI/2.0"
        ],
        "x-ms-routing-request-id": [
          "WESTUS:20180818T234344Z:dfa5b948-dc25-4ef8-8633-1d51f01c7c23"
        ],
        "X-Content-Type-Options": [
          "nosniff"
        ],
        "Date": [
          "Sat, 18 Aug 2018 23:43:44 GMT"
        ]
      },
      "StatusCode": 201
    },
    {
      "RequestUri": "/subscriptions/24fb23e3-6ba3-41f0-9b6e-e41131d5d61e/resourceGroups/crptestar3421/providers/Microsoft.Network/networkInterfaces/nic5626?api-version=2018-07-01",
      "EncodedRequestUri": "L3N1YnNjcmlwdGlvbnMvMjRmYjIzZTMtNmJhMy00MWYwLTliNmUtZTQxMTMxZDVkNjFlL3Jlc291cmNlR3JvdXBzL2NycHRlc3RhcjM0MjEvcHJvdmlkZXJzL01pY3Jvc29mdC5OZXR3b3JrL25ldHdvcmtJbnRlcmZhY2VzL25pYzU2MjY/YXBpLXZlcnNpb249MjAxOC0wNy0wMQ==",
      "RequestMethod": "GET",
      "RequestBody": "",
      "RequestHeaders": {
        "User-Agent": [
          "FxVersion/4.7.3132.0",
          "OSName/Windows10Enterprise",
          "OSVersion/6.3.17134",
          "Microsoft.Azure.Management.Network.NetworkManagementClient/10.0.0.0"
        ]
      },
      "ResponseBody": "{\r\n  \"name\": \"nic5626\",\r\n  \"id\": \"/subscriptions/24fb23e3-6ba3-41f0-9b6e-e41131d5d61e/resourceGroups/crptestar3421/providers/Microsoft.Network/networkInterfaces/nic5626\",\r\n  \"etag\": \"W/\\\"d09ab4ba-5305-4da5-9bf5-45b4b22c44ac\\\"\",\r\n  \"location\": \"eastus2\",\r\n  \"tags\": {\r\n    \"key\": \"value\"\r\n  },\r\n  \"properties\": {\r\n    \"provisioningState\": \"Succeeded\",\r\n    \"resourceGuid\": \"a3223cfd-cf33-4805-aa61-86df9a5b704a\",\r\n    \"ipConfigurations\": [\r\n      {\r\n        \"name\": \"ip9339\",\r\n        \"id\": \"/subscriptions/24fb23e3-6ba3-41f0-9b6e-e41131d5d61e/resourceGroups/crptestar3421/providers/Microsoft.Network/networkInterfaces/nic5626/ipConfigurations/ip9339\",\r\n        \"etag\": \"W/\\\"d09ab4ba-5305-4da5-9bf5-45b4b22c44ac\\\"\",\r\n        \"type\": \"Microsoft.Network/networkInterfaces/ipConfigurations\",\r\n        \"properties\": {\r\n          \"provisioningState\": \"Succeeded\",\r\n          \"privateIPAddress\": \"10.0.0.4\",\r\n          \"privateIPAllocationMethod\": \"Dynamic\",\r\n          \"subnet\": {\r\n            \"id\": \"/subscriptions/24fb23e3-6ba3-41f0-9b6e-e41131d5d61e/resourceGroups/crptestar3421/providers/Microsoft.Network/virtualNetworks/vn2960/subnets/sn3671\"\r\n          },\r\n          \"primary\": true,\r\n          \"privateIPAddressVersion\": \"IPv4\",\r\n          \"isInUseWithService\": false\r\n        }\r\n      }\r\n    ],\r\n    \"dnsSettings\": {\r\n      \"dnsServers\": [],\r\n      \"appliedDnsServers\": [],\r\n      \"internalDomainNameSuffix\": \"xc1lkio1j2jejcbzijogdelihc.cx.internal.cloudapp.net\"\r\n    },\r\n    \"enableAcceleratedNetworking\": false,\r\n    \"enableIPForwarding\": false\r\n  },\r\n  \"type\": \"Microsoft.Network/networkInterfaces\"\r\n}",
      "ResponseHeaders": {
        "Content-Length": [
          "1607"
        ],
        "Content-Type": [
          "application/json; charset=utf-8"
        ],
        "Expires": [
          "-1"
        ],
        "Pragma": [
          "no-cache"
        ],
        "x-ms-request-id": [
          "6831347c-2844-4af1-a4da-6c258e6e6428"
        ],
        "x-ms-correlation-request-id": [
          "0b283077-19c1-4943-b11e-c9e191d3cd7c"
        ],
        "Strict-Transport-Security": [
          "max-age=31536000; includeSubDomains"
        ],
        "Cache-Control": [
          "no-cache"
        ],
        "ETag": [
          "W/\"d09ab4ba-5305-4da5-9bf5-45b4b22c44ac\""
        ],
        "Server": [
          "Microsoft-HTTPAPI/2.0",
          "Microsoft-HTTPAPI/2.0"
        ],
        "x-ms-ratelimit-remaining-subscription-reads": [
          "11992"
        ],
        "x-ms-routing-request-id": [
          "WESTUS:20180818T234345Z:0b283077-19c1-4943-b11e-c9e191d3cd7c"
        ],
        "X-Content-Type-Options": [
          "nosniff"
        ],
        "Date": [
          "Sat, 18 Aug 2018 23:43:44 GMT"
        ]
      },
      "StatusCode": 200
    },
    {
      "RequestUri": "/subscriptions/24fb23e3-6ba3-41f0-9b6e-e41131d5d61e/resourceGroups/crptestar3421/providers/Microsoft.Network/networkInterfaces/nic5626?api-version=2018-07-01",
      "EncodedRequestUri": "L3N1YnNjcmlwdGlvbnMvMjRmYjIzZTMtNmJhMy00MWYwLTliNmUtZTQxMTMxZDVkNjFlL3Jlc291cmNlR3JvdXBzL2NycHRlc3RhcjM0MjEvcHJvdmlkZXJzL01pY3Jvc29mdC5OZXR3b3JrL25ldHdvcmtJbnRlcmZhY2VzL25pYzU2MjY/YXBpLXZlcnNpb249MjAxOC0wNy0wMQ==",
      "RequestMethod": "GET",
      "RequestBody": "",
      "RequestHeaders": {
        "x-ms-client-request-id": [
          "2cc53ddb-1612-464e-a8ca-82389d9bb09f"
        ],
        "accept-language": [
          "en-US"
        ],
        "User-Agent": [
          "FxVersion/4.7.3132.0",
          "OSName/Windows10Enterprise",
          "OSVersion/6.3.17134",
          "Microsoft.Azure.Management.Network.NetworkManagementClient/10.0.0.0"
        ]
      },
      "ResponseBody": "{\r\n  \"name\": \"nic5626\",\r\n  \"id\": \"/subscriptions/24fb23e3-6ba3-41f0-9b6e-e41131d5d61e/resourceGroups/crptestar3421/providers/Microsoft.Network/networkInterfaces/nic5626\",\r\n  \"etag\": \"W/\\\"d09ab4ba-5305-4da5-9bf5-45b4b22c44ac\\\"\",\r\n  \"location\": \"eastus2\",\r\n  \"tags\": {\r\n    \"key\": \"value\"\r\n  },\r\n  \"properties\": {\r\n    \"provisioningState\": \"Succeeded\",\r\n    \"resourceGuid\": \"a3223cfd-cf33-4805-aa61-86df9a5b704a\",\r\n    \"ipConfigurations\": [\r\n      {\r\n        \"name\": \"ip9339\",\r\n        \"id\": \"/subscriptions/24fb23e3-6ba3-41f0-9b6e-e41131d5d61e/resourceGroups/crptestar3421/providers/Microsoft.Network/networkInterfaces/nic5626/ipConfigurations/ip9339\",\r\n        \"etag\": \"W/\\\"d09ab4ba-5305-4da5-9bf5-45b4b22c44ac\\\"\",\r\n        \"type\": \"Microsoft.Network/networkInterfaces/ipConfigurations\",\r\n        \"properties\": {\r\n          \"provisioningState\": \"Succeeded\",\r\n          \"privateIPAddress\": \"10.0.0.4\",\r\n          \"privateIPAllocationMethod\": \"Dynamic\",\r\n          \"subnet\": {\r\n            \"id\": \"/subscriptions/24fb23e3-6ba3-41f0-9b6e-e41131d5d61e/resourceGroups/crptestar3421/providers/Microsoft.Network/virtualNetworks/vn2960/subnets/sn3671\"\r\n          },\r\n          \"primary\": true,\r\n          \"privateIPAddressVersion\": \"IPv4\",\r\n          \"isInUseWithService\": false\r\n        }\r\n      }\r\n    ],\r\n    \"dnsSettings\": {\r\n      \"dnsServers\": [],\r\n      \"appliedDnsServers\": [],\r\n      \"internalDomainNameSuffix\": \"xc1lkio1j2jejcbzijogdelihc.cx.internal.cloudapp.net\"\r\n    },\r\n    \"enableAcceleratedNetworking\": false,\r\n    \"enableIPForwarding\": false\r\n  },\r\n  \"type\": \"Microsoft.Network/networkInterfaces\"\r\n}",
      "ResponseHeaders": {
        "Content-Length": [
          "1607"
        ],
        "Content-Type": [
          "application/json; charset=utf-8"
        ],
        "Expires": [
          "-1"
        ],
        "Pragma": [
          "no-cache"
        ],
        "x-ms-request-id": [
          "76f4fc1b-22b2-46cc-a922-79a517620cee"
        ],
        "x-ms-correlation-request-id": [
          "2767e7f8-22ed-4e19-a978-b36c724cbdf4"
        ],
        "Strict-Transport-Security": [
          "max-age=31536000; includeSubDomains"
        ],
        "Cache-Control": [
          "no-cache"
        ],
        "ETag": [
          "W/\"d09ab4ba-5305-4da5-9bf5-45b4b22c44ac\""
        ],
        "Server": [
          "Microsoft-HTTPAPI/2.0",
          "Microsoft-HTTPAPI/2.0"
        ],
        "x-ms-ratelimit-remaining-subscription-reads": [
          "11991"
        ],
        "x-ms-routing-request-id": [
          "WESTUS:20180818T234345Z:2767e7f8-22ed-4e19-a978-b36c724cbdf4"
        ],
        "X-Content-Type-Options": [
          "nosniff"
        ],
        "Date": [
          "Sat, 18 Aug 2018 23:43:44 GMT"
        ]
      },
      "StatusCode": 200
    },
    {
      "RequestUri": "/subscriptions/24fb23e3-6ba3-41f0-9b6e-e41131d5d61e/resourceGroups/crptestar3421/providers/Microsoft.Compute/virtualMachineScaleSets/vmss4880?api-version=2018-10-01",
      "EncodedRequestUri": "L3N1YnNjcmlwdGlvbnMvMjRmYjIzZTMtNmJhMy00MWYwLTliNmUtZTQxMTMxZDVkNjFlL3Jlc291cmNlR3JvdXBzL2NycHRlc3RhcjM0MjEvcHJvdmlkZXJzL01pY3Jvc29mdC5Db21wdXRlL3ZpcnR1YWxNYWNoaW5lU2NhbGVTZXRzL3Ztc3M0ODgwP2FwaS12ZXJzaW9uPTIwMTgtMTAtMDE=",
      "RequestMethod": "PUT",
      "RequestBody": "{\r\n  \"sku\": {\r\n    \"name\": \"Standard_A0\",\r\n    \"capacity\": 2\r\n  },\r\n  \"properties\": {\r\n    \"upgradePolicy\": {\r\n      \"mode\": \"Automatic\"\r\n    },\r\n    \"virtualMachineProfile\": {\r\n      \"osProfile\": {\r\n        \"computerNamePrefix\": \"test\",\r\n        \"adminUsername\": \"Foo12\",\r\n        \"adminPassword\": \"[PLACEHOLDEr1]\",\r\n        \"customData\": \"Q3VzdG9tIGRhdGE=\"\r\n      },\r\n      \"storageProfile\": {\r\n        \"imageReference\": {\r\n          \"publisher\": \"MicrosoftWindowsServer\",\r\n          \"offer\": \"WindowsServer\",\r\n          \"sku\": \"2012-R2-Datacenter\",\r\n          \"version\": \"4.127.20170406\"\r\n        },\r\n        \"dataDisks\": [\r\n          {\r\n            \"lun\": 1,\r\n            \"createOption\": \"Empty\",\r\n            \"diskSizeGB\": 128\r\n          }\r\n        ]\r\n      },\r\n      \"networkProfile\": {\r\n        \"networkInterfaceConfigurations\": [\r\n          {\r\n            \"name\": \"vmsstestnetconfig9206\",\r\n            \"properties\": {\r\n              \"primary\": true,\r\n              \"ipConfigurations\": [\r\n                {\r\n                  \"name\": \"vmsstestnetconfig8534\",\r\n                  \"properties\": {\r\n                    \"subnet\": {\r\n                      \"id\": \"/subscriptions/24fb23e3-6ba3-41f0-9b6e-e41131d5d61e/resourceGroups/crptestar3421/providers/Microsoft.Network/virtualNetworks/vn2960/subnets/sn3671\"\r\n                    },\r\n                    \"applicationGatewayBackendAddressPools\": []\r\n                  }\r\n                }\r\n              ]\r\n            }\r\n          }\r\n        ]\r\n      }\r\n    },\r\n    \"overprovision\": false\r\n  },\r\n  \"location\": \"EastUS2\",\r\n  \"tags\": {\r\n    \"RG\": \"rg\",\r\n    \"testTag\": \"1\"\r\n  }\r\n}",
      "RequestHeaders": {
        "Content-Type": [
          "application/json; charset=utf-8"
        ],
        "Content-Length": [
          "1631"
        ],
        "x-ms-client-request-id": [
          "38337494-f4cd-44e8-93f6-97b04c8c25a8"
        ],
        "accept-language": [
          "en-US"
        ],
        "User-Agent": [
          "FxVersion/4.7.3132.0",
          "OSName/Windows10Enterprise",
          "OSVersion/6.3.17134",
          "Microsoft.Azure.Management.Compute.ComputeManagementClient/1.0.2492.0"
        ]
      },
      "ResponseBody": "{\r\n  \"sku\": {\r\n    \"name\": \"Standard_A0\",\r\n    \"tier\": \"Standard\",\r\n    \"capacity\": 2\r\n  },\r\n  \"properties\": {\r\n    \"singlePlacementGroup\": true,\r\n    \"upgradePolicy\": {\r\n      \"mode\": \"Automatic\",\r\n      \"automaticOSUpgrade\": false\r\n    },\r\n    \"virtualMachineProfile\": {\r\n      \"osProfile\": {\r\n        \"computerNamePrefix\": \"test\",\r\n        \"adminUsername\": \"Foo12\",\r\n        \"windowsConfiguration\": {\r\n          \"provisionVMAgent\": true,\r\n          \"enableAutomaticUpdates\": true\r\n        },\r\n        \"secrets\": [],\r\n        \"allowExtensionOperations\": true\r\n      },\r\n      \"storageProfile\": {\r\n        \"osDisk\": {\r\n          \"createOption\": \"FromImage\",\r\n          \"caching\": \"None\",\r\n          \"managedDisk\": {\r\n            \"storageAccountType\": \"Standard_LRS\"\r\n          }\r\n        },\r\n        \"imageReference\": {\r\n          \"publisher\": \"MicrosoftWindowsServer\",\r\n          \"offer\": \"WindowsServer\",\r\n          \"sku\": \"2012-R2-Datacenter\",\r\n          \"version\": \"4.127.20170406\"\r\n        },\r\n        \"dataDisks\": [\r\n          {\r\n            \"lun\": 1,\r\n            \"createOption\": \"Empty\",\r\n            \"caching\": \"None\",\r\n            \"managedDisk\": {\r\n              \"storageAccountType\": \"Standard_LRS\"\r\n            },\r\n            \"diskSizeGB\": 128\r\n          }\r\n        ]\r\n      },\r\n      \"networkProfile\": {\r\n        \"networkInterfaceConfigurations\": [\r\n          {\r\n            \"name\": \"vmsstestnetconfig9206\",\r\n            \"properties\": {\r\n              \"primary\": true,\r\n              \"enableAcceleratedNetworking\": false,\r\n              \"dnsSettings\": {\r\n                \"dnsServers\": []\r\n              },\r\n              \"enableIPForwarding\": false,\r\n              \"ipConfigurations\": [\r\n                {\r\n                  \"name\": \"vmsstestnetconfig8534\",\r\n                  \"properties\": {\r\n                    \"subnet\": {\r\n                      \"id\": \"/subscriptions/24fb23e3-6ba3-41f0-9b6e-e41131d5d61e/resourceGroups/crptestar3421/providers/Microsoft.Network/virtualNetworks/vn2960/subnets/sn3671\"\r\n                    },\r\n                    \"privateIPAddressVersion\": \"IPv4\"\r\n                  }\r\n                }\r\n              ]\r\n            }\r\n          }\r\n        ]\r\n      }\r\n    },\r\n    \"provisioningState\": \"Creating\",\r\n    \"overprovision\": false,\r\n    \"uniqueId\": \"33c6b838-b237-454c-8a88-4ba41eee4428\"\r\n  },\r\n  \"type\": \"Microsoft.Compute/virtualMachineScaleSets\",\r\n  \"location\": \"eastus2\",\r\n  \"tags\": {\r\n    \"RG\": \"rg\",\r\n    \"testTag\": \"1\"\r\n  },\r\n  \"id\": \"/subscriptions/24fb23e3-6ba3-41f0-9b6e-e41131d5d61e/resourceGroups/crptestar3421/providers/Microsoft.Compute/virtualMachineScaleSets/vmss4880\",\r\n  \"name\": \"vmss4880\"\r\n}",
      "ResponseHeaders": {
        "Content-Length": [
          "2232"
        ],
        "Content-Type": [
          "application/json; charset=utf-8"
        ],
        "Expires": [
          "-1"
        ],
        "Pragma": [
          "no-cache"
        ],
        "Retry-After": [
          "10"
        ],
        "Azure-AsyncOperation": [
          "https://management.azure.com/subscriptions/24fb23e3-6ba3-41f0-9b6e-e41131d5d61e/providers/Microsoft.Compute/locations/eastus2/operations/7ebe0bda-3888-45a3-bc7b-0b1415dd7d9e?api-version=2018-10-01"
        ],
        "x-ms-ratelimit-remaining-resource": [
          "Microsoft.Compute/CreateVMScaleSet3Min;39,Microsoft.Compute/CreateVMScaleSet30Min;199,Microsoft.Compute/VMScaleSetBatchedVMRequests5Min;1198,Microsoft.Compute/VmssQueuedVMOperations;4798"
        ],
        "x-ms-request-charge": [
          "2"
        ],
        "Strict-Transport-Security": [
          "max-age=31536000; includeSubDomains"
        ],
        "x-ms-served-by": [
          "f32c78f0-60d9-428a-be63-235fe491c22c_131790835373274836"
        ],
        "x-ms-request-id": [
          "7ebe0bda-3888-45a3-bc7b-0b1415dd7d9e"
        ],
        "Cache-Control": [
          "no-cache"
        ],
        "Server": [
          "Microsoft-HTTPAPI/2.0",
          "Microsoft-HTTPAPI/2.0"
        ],
        "x-ms-ratelimit-remaining-subscription-writes": [
          "1199"
        ],
        "x-ms-correlation-request-id": [
          "0b2d641d-4102-4e24-88bc-81e751cacf04"
        ],
        "x-ms-routing-request-id": [
          "WESTUS:20180818T234347Z:0b2d641d-4102-4e24-88bc-81e751cacf04"
        ],
        "X-Content-Type-Options": [
          "nosniff"
        ],
        "Date": [
          "Sat, 18 Aug 2018 23:43:46 GMT"
        ]
      },
      "StatusCode": 201
    },
    {
      "RequestUri": "/subscriptions/24fb23e3-6ba3-41f0-9b6e-e41131d5d61e/providers/Microsoft.Compute/locations/eastus2/operations/7ebe0bda-3888-45a3-bc7b-0b1415dd7d9e?api-version=2018-10-01",
      "EncodedRequestUri": "L3N1YnNjcmlwdGlvbnMvMjRmYjIzZTMtNmJhMy00MWYwLTliNmUtZTQxMTMxZDVkNjFlL3Byb3ZpZGVycy9NaWNyb3NvZnQuQ29tcHV0ZS9sb2NhdGlvbnMvZWFzdHVzMi9vcGVyYXRpb25zLzdlYmUwYmRhLTM4ODgtNDVhMy1iYzdiLTBiMTQxNWRkN2Q5ZT9hcGktdmVyc2lvbj0yMDE4LTEwLTAx",
      "RequestMethod": "GET",
      "RequestBody": "",
      "RequestHeaders": {
        "User-Agent": [
          "FxVersion/4.7.3132.0",
          "OSName/Windows10Enterprise",
          "OSVersion/6.3.17134",
          "Microsoft.Azure.Management.Compute.ComputeManagementClient/1.0.2492.0"
        ]
      },
      "ResponseBody": "{\r\n  \"startTime\": \"2018-08-18T16:43:46.4783696-07:00\",\r\n  \"status\": \"InProgress\",\r\n  \"name\": \"7ebe0bda-3888-45a3-bc7b-0b1415dd7d9e\"\r\n}",
      "ResponseHeaders": {
        "Content-Length": [
          "134"
        ],
        "Content-Type": [
          "application/json; charset=utf-8"
        ],
        "Expires": [
          "-1"
        ],
        "Pragma": [
          "no-cache"
        ],
        "Retry-After": [
          "97"
        ],
        "x-ms-ratelimit-remaining-resource": [
          "Microsoft.Compute/GetOperation3Min;14999,Microsoft.Compute/GetOperation30Min;29999"
        ],
        "Strict-Transport-Security": [
          "max-age=31536000; includeSubDomains"
        ],
        "x-ms-served-by": [
          "f32c78f0-60d9-428a-be63-235fe491c22c_131790835373274836"
        ],
        "x-ms-request-id": [
          "5c80025b-5f21-4f82-a391-b45ace4aa8e8"
        ],
        "Cache-Control": [
          "no-cache"
        ],
        "Server": [
          "Microsoft-HTTPAPI/2.0",
          "Microsoft-HTTPAPI/2.0"
        ],
        "x-ms-ratelimit-remaining-subscription-reads": [
          "11997"
        ],
        "x-ms-correlation-request-id": [
          "1367bfdb-65f1-4148-805f-45b8c3af8af0"
        ],
        "x-ms-routing-request-id": [
          "WESTUS:20180818T234357Z:1367bfdb-65f1-4148-805f-45b8c3af8af0"
        ],
        "X-Content-Type-Options": [
          "nosniff"
        ],
        "Date": [
          "Sat, 18 Aug 2018 23:43:56 GMT"
        ]
      },
      "StatusCode": 200
    },
    {
      "RequestUri": "/subscriptions/24fb23e3-6ba3-41f0-9b6e-e41131d5d61e/providers/Microsoft.Compute/locations/eastus2/operations/7ebe0bda-3888-45a3-bc7b-0b1415dd7d9e?api-version=2018-10-01",
      "EncodedRequestUri": "L3N1YnNjcmlwdGlvbnMvMjRmYjIzZTMtNmJhMy00MWYwLTliNmUtZTQxMTMxZDVkNjFlL3Byb3ZpZGVycy9NaWNyb3NvZnQuQ29tcHV0ZS9sb2NhdGlvbnMvZWFzdHVzMi9vcGVyYXRpb25zLzdlYmUwYmRhLTM4ODgtNDVhMy1iYzdiLTBiMTQxNWRkN2Q5ZT9hcGktdmVyc2lvbj0yMDE4LTEwLTAx",
      "RequestMethod": "GET",
      "RequestBody": "",
      "RequestHeaders": {
        "User-Agent": [
          "FxVersion/4.7.3132.0",
          "OSName/Windows10Enterprise",
          "OSVersion/6.3.17134",
          "Microsoft.Azure.Management.Compute.ComputeManagementClient/1.0.2492.0"
        ]
      },
      "ResponseBody": "{\r\n  \"startTime\": \"2018-08-18T16:43:46.4783696-07:00\",\r\n  \"status\": \"InProgress\",\r\n  \"name\": \"7ebe0bda-3888-45a3-bc7b-0b1415dd7d9e\"\r\n}",
      "ResponseHeaders": {
        "Content-Length": [
          "134"
        ],
        "Content-Type": [
          "application/json; charset=utf-8"
        ],
        "Expires": [
          "-1"
        ],
        "Pragma": [
          "no-cache"
        ],
        "x-ms-ratelimit-remaining-resource": [
          "Microsoft.Compute/GetOperation3Min;14992,Microsoft.Compute/GetOperation30Min;29992"
        ],
        "Strict-Transport-Security": [
          "max-age=31536000; includeSubDomains"
        ],
        "x-ms-served-by": [
          "f32c78f0-60d9-428a-be63-235fe491c22c_131790835373274836"
        ],
        "x-ms-request-id": [
          "e2b2e346-3dec-4f35-b0a8-947ebfe376d8"
        ],
        "Cache-Control": [
          "no-cache"
        ],
        "Server": [
          "Microsoft-HTTPAPI/2.0",
          "Microsoft-HTTPAPI/2.0"
        ],
        "x-ms-ratelimit-remaining-subscription-reads": [
          "11996"
        ],
        "x-ms-correlation-request-id": [
          "9f667a50-0d57-47ef-a60f-8b583354ad72"
        ],
        "x-ms-routing-request-id": [
          "WESTUS:20180818T234536Z:9f667a50-0d57-47ef-a60f-8b583354ad72"
        ],
        "X-Content-Type-Options": [
          "nosniff"
        ],
        "Date": [
          "Sat, 18 Aug 2018 23:45:36 GMT"
        ]
      },
      "StatusCode": 200
    },
    {
      "RequestUri": "/subscriptions/24fb23e3-6ba3-41f0-9b6e-e41131d5d61e/providers/Microsoft.Compute/locations/eastus2/operations/7ebe0bda-3888-45a3-bc7b-0b1415dd7d9e?api-version=2018-10-01",
      "EncodedRequestUri": "L3N1YnNjcmlwdGlvbnMvMjRmYjIzZTMtNmJhMy00MWYwLTliNmUtZTQxMTMxZDVkNjFlL3Byb3ZpZGVycy9NaWNyb3NvZnQuQ29tcHV0ZS9sb2NhdGlvbnMvZWFzdHVzMi9vcGVyYXRpb25zLzdlYmUwYmRhLTM4ODgtNDVhMy1iYzdiLTBiMTQxNWRkN2Q5ZT9hcGktdmVyc2lvbj0yMDE4LTEwLTAx",
      "RequestMethod": "GET",
      "RequestBody": "",
      "RequestHeaders": {
        "User-Agent": [
          "FxVersion/4.7.3132.0",
          "OSName/Windows10Enterprise",
          "OSVersion/6.3.17134",
          "Microsoft.Azure.Management.Compute.ComputeManagementClient/1.0.2492.0"
        ]
      },
      "ResponseBody": "{\r\n  \"startTime\": \"2018-08-18T16:43:46.4783696-07:00\",\r\n  \"status\": \"InProgress\",\r\n  \"name\": \"7ebe0bda-3888-45a3-bc7b-0b1415dd7d9e\"\r\n}",
      "ResponseHeaders": {
        "Content-Length": [
          "134"
        ],
        "Content-Type": [
          "application/json; charset=utf-8"
        ],
        "Expires": [
          "-1"
        ],
        "Pragma": [
          "no-cache"
        ],
        "x-ms-ratelimit-remaining-resource": [
          "Microsoft.Compute/GetOperation3Min;14988,Microsoft.Compute/GetOperation30Min;29985"
        ],
        "Strict-Transport-Security": [
          "max-age=31536000; includeSubDomains"
        ],
        "x-ms-served-by": [
          "f32c78f0-60d9-428a-be63-235fe491c22c_131790835373274836"
        ],
        "x-ms-request-id": [
          "ca169425-006b-409b-8237-1e71e7f38687"
        ],
        "Cache-Control": [
          "no-cache"
        ],
        "Server": [
          "Microsoft-HTTPAPI/2.0",
          "Microsoft-HTTPAPI/2.0"
        ],
        "x-ms-ratelimit-remaining-subscription-reads": [
          "11995"
        ],
        "x-ms-correlation-request-id": [
          "d5a40a80-d089-47a2-90f2-60dfa412b0b8"
        ],
        "x-ms-routing-request-id": [
          "WESTUS:20180818T234714Z:d5a40a80-d089-47a2-90f2-60dfa412b0b8"
        ],
        "X-Content-Type-Options": [
          "nosniff"
        ],
        "Date": [
          "Sat, 18 Aug 2018 23:47:14 GMT"
        ]
      },
      "StatusCode": 200
    },
    {
      "RequestUri": "/subscriptions/24fb23e3-6ba3-41f0-9b6e-e41131d5d61e/providers/Microsoft.Compute/locations/eastus2/operations/7ebe0bda-3888-45a3-bc7b-0b1415dd7d9e?api-version=2018-10-01",
      "EncodedRequestUri": "L3N1YnNjcmlwdGlvbnMvMjRmYjIzZTMtNmJhMy00MWYwLTliNmUtZTQxMTMxZDVkNjFlL3Byb3ZpZGVycy9NaWNyb3NvZnQuQ29tcHV0ZS9sb2NhdGlvbnMvZWFzdHVzMi9vcGVyYXRpb25zLzdlYmUwYmRhLTM4ODgtNDVhMy1iYzdiLTBiMTQxNWRkN2Q5ZT9hcGktdmVyc2lvbj0yMDE4LTEwLTAx",
      "RequestMethod": "GET",
      "RequestBody": "",
      "RequestHeaders": {
        "User-Agent": [
          "FxVersion/4.7.3132.0",
          "OSName/Windows10Enterprise",
          "OSVersion/6.3.17134",
          "Microsoft.Azure.Management.Compute.ComputeManagementClient/1.0.2492.0"
        ]
      },
      "ResponseBody": "{\r\n  \"startTime\": \"2018-08-18T16:43:46.4783696-07:00\",\r\n  \"status\": \"InProgress\",\r\n  \"name\": \"7ebe0bda-3888-45a3-bc7b-0b1415dd7d9e\"\r\n}",
      "ResponseHeaders": {
        "Content-Length": [
          "134"
        ],
        "Content-Type": [
          "application/json; charset=utf-8"
        ],
        "Expires": [
          "-1"
        ],
        "Pragma": [
          "no-cache"
        ],
        "x-ms-ratelimit-remaining-resource": [
          "Microsoft.Compute/GetOperation3Min;14987,Microsoft.Compute/GetOperation30Min;29978"
        ],
        "Strict-Transport-Security": [
          "max-age=31536000; includeSubDomains"
        ],
        "x-ms-served-by": [
          "f32c78f0-60d9-428a-be63-235fe491c22c_131790835373274836"
        ],
        "x-ms-request-id": [
          "1b47e362-8acc-4dd7-8d31-48092e6855b5"
        ],
        "Cache-Control": [
          "no-cache"
        ],
        "Server": [
          "Microsoft-HTTPAPI/2.0",
          "Microsoft-HTTPAPI/2.0"
        ],
        "x-ms-ratelimit-remaining-subscription-reads": [
          "11994"
        ],
        "x-ms-correlation-request-id": [
          "70739c07-0e0d-4d4b-a7d2-705c29c69322"
        ],
        "x-ms-routing-request-id": [
          "WESTUS:20180818T234852Z:70739c07-0e0d-4d4b-a7d2-705c29c69322"
        ],
        "X-Content-Type-Options": [
          "nosniff"
        ],
        "Date": [
          "Sat, 18 Aug 2018 23:48:51 GMT"
        ]
      },
      "StatusCode": 200
    },
    {
      "RequestUri": "/subscriptions/24fb23e3-6ba3-41f0-9b6e-e41131d5d61e/providers/Microsoft.Compute/locations/eastus2/operations/7ebe0bda-3888-45a3-bc7b-0b1415dd7d9e?api-version=2018-10-01",
      "EncodedRequestUri": "L3N1YnNjcmlwdGlvbnMvMjRmYjIzZTMtNmJhMy00MWYwLTliNmUtZTQxMTMxZDVkNjFlL3Byb3ZpZGVycy9NaWNyb3NvZnQuQ29tcHV0ZS9sb2NhdGlvbnMvZWFzdHVzMi9vcGVyYXRpb25zLzdlYmUwYmRhLTM4ODgtNDVhMy1iYzdiLTBiMTQxNWRkN2Q5ZT9hcGktdmVyc2lvbj0yMDE4LTEwLTAx",
      "RequestMethod": "GET",
      "RequestBody": "",
      "RequestHeaders": {
        "User-Agent": [
          "FxVersion/4.7.3132.0",
          "OSName/Windows10Enterprise",
          "OSVersion/6.3.17134",
          "Microsoft.Azure.Management.Compute.ComputeManagementClient/1.0.2492.0"
        ]
      },
      "ResponseBody": "{\r\n  \"startTime\": \"2018-08-18T16:43:46.4783696-07:00\",\r\n  \"endTime\": \"2018-08-18T16:50:09.5431882-07:00\",\r\n  \"status\": \"Succeeded\",\r\n  \"name\": \"7ebe0bda-3888-45a3-bc7b-0b1415dd7d9e\"\r\n}",
      "ResponseHeaders": {
        "Content-Length": [
          "184"
        ],
        "Content-Type": [
          "application/json; charset=utf-8"
        ],
        "Expires": [
          "-1"
        ],
        "Pragma": [
          "no-cache"
        ],
        "x-ms-ratelimit-remaining-resource": [
          "Microsoft.Compute/GetOperation3Min;14987,Microsoft.Compute/GetOperation30Min;29971"
        ],
        "Strict-Transport-Security": [
          "max-age=31536000; includeSubDomains"
        ],
        "x-ms-served-by": [
          "f32c78f0-60d9-428a-be63-235fe491c22c_131790835373274836"
        ],
        "x-ms-request-id": [
          "00651b11-a352-460f-a328-f04d2763711c"
        ],
        "Cache-Control": [
          "no-cache"
        ],
        "Server": [
          "Microsoft-HTTPAPI/2.0",
          "Microsoft-HTTPAPI/2.0"
        ],
        "x-ms-ratelimit-remaining-subscription-reads": [
          "11993"
        ],
        "x-ms-correlation-request-id": [
          "179970b8-b2f9-4029-bb24-04296179a2fa"
        ],
        "x-ms-routing-request-id": [
          "WESTUS:20180818T235029Z:179970b8-b2f9-4029-bb24-04296179a2fa"
        ],
        "X-Content-Type-Options": [
          "nosniff"
        ],
        "Date": [
          "Sat, 18 Aug 2018 23:50:28 GMT"
        ]
      },
      "StatusCode": 200
    },
    {
      "RequestUri": "/subscriptions/24fb23e3-6ba3-41f0-9b6e-e41131d5d61e/resourceGroups/crptestar3421/providers/Microsoft.Compute/virtualMachineScaleSets/vmss4880?api-version=2018-10-01",
      "EncodedRequestUri": "L3N1YnNjcmlwdGlvbnMvMjRmYjIzZTMtNmJhMy00MWYwLTliNmUtZTQxMTMxZDVkNjFlL3Jlc291cmNlR3JvdXBzL2NycHRlc3RhcjM0MjEvcHJvdmlkZXJzL01pY3Jvc29mdC5Db21wdXRlL3ZpcnR1YWxNYWNoaW5lU2NhbGVTZXRzL3Ztc3M0ODgwP2FwaS12ZXJzaW9uPTIwMTgtMTAtMDE=",
      "RequestMethod": "GET",
      "RequestBody": "",
      "RequestHeaders": {
        "User-Agent": [
          "FxVersion/4.7.3132.0",
          "OSName/Windows10Enterprise",
          "OSVersion/6.3.17134",
          "Microsoft.Azure.Management.Compute.ComputeManagementClient/1.0.2492.0"
        ]
      },
      "ResponseBody": "{\r\n  \"sku\": {\r\n    \"name\": \"Standard_A0\",\r\n    \"tier\": \"Standard\",\r\n    \"capacity\": 2\r\n  },\r\n  \"properties\": {\r\n    \"singlePlacementGroup\": true,\r\n    \"upgradePolicy\": {\r\n      \"mode\": \"Automatic\",\r\n      \"automaticOSUpgrade\": false\r\n    },\r\n    \"virtualMachineProfile\": {\r\n      \"osProfile\": {\r\n        \"computerNamePrefix\": \"test\",\r\n        \"adminUsername\": \"Foo12\",\r\n        \"windowsConfiguration\": {\r\n          \"provisionVMAgent\": true,\r\n          \"enableAutomaticUpdates\": true\r\n        },\r\n        \"secrets\": [],\r\n        \"allowExtensionOperations\": true\r\n      },\r\n      \"storageProfile\": {\r\n        \"osDisk\": {\r\n          \"createOption\": \"FromImage\",\r\n          \"caching\": \"None\",\r\n          \"managedDisk\": {\r\n            \"storageAccountType\": \"Standard_LRS\"\r\n          }\r\n        },\r\n        \"imageReference\": {\r\n          \"publisher\": \"MicrosoftWindowsServer\",\r\n          \"offer\": \"WindowsServer\",\r\n          \"sku\": \"2012-R2-Datacenter\",\r\n          \"version\": \"4.127.20170406\"\r\n        },\r\n        \"dataDisks\": [\r\n          {\r\n            \"lun\": 1,\r\n            \"createOption\": \"Empty\",\r\n            \"caching\": \"None\",\r\n            \"managedDisk\": {\r\n              \"storageAccountType\": \"Standard_LRS\"\r\n            },\r\n            \"diskSizeGB\": 128\r\n          }\r\n        ]\r\n      },\r\n      \"networkProfile\": {\r\n        \"networkInterfaceConfigurations\": [\r\n          {\r\n            \"name\": \"vmsstestnetconfig9206\",\r\n            \"properties\": {\r\n              \"primary\": true,\r\n              \"enableAcceleratedNetworking\": false,\r\n              \"dnsSettings\": {\r\n                \"dnsServers\": []\r\n              },\r\n              \"enableIPForwarding\": false,\r\n              \"ipConfigurations\": [\r\n                {\r\n                  \"name\": \"vmsstestnetconfig8534\",\r\n                  \"properties\": {\r\n                    \"subnet\": {\r\n                      \"id\": \"/subscriptions/24fb23e3-6ba3-41f0-9b6e-e41131d5d61e/resourceGroups/crptestar3421/providers/Microsoft.Network/virtualNetworks/vn2960/subnets/sn3671\"\r\n                    },\r\n                    \"privateIPAddressVersion\": \"IPv4\"\r\n                  }\r\n                }\r\n              ]\r\n            }\r\n          }\r\n        ]\r\n      }\r\n    },\r\n    \"provisioningState\": \"Succeeded\",\r\n    \"overprovision\": false,\r\n    \"uniqueId\": \"33c6b838-b237-454c-8a88-4ba41eee4428\"\r\n  },\r\n  \"type\": \"Microsoft.Compute/virtualMachineScaleSets\",\r\n  \"location\": \"eastus2\",\r\n  \"tags\": {\r\n    \"RG\": \"rg\",\r\n    \"testTag\": \"1\"\r\n  },\r\n  \"id\": \"/subscriptions/24fb23e3-6ba3-41f0-9b6e-e41131d5d61e/resourceGroups/crptestar3421/providers/Microsoft.Compute/virtualMachineScaleSets/vmss4880\",\r\n  \"name\": \"vmss4880\"\r\n}",
      "ResponseHeaders": {
        "Content-Length": [
          "2233"
        ],
        "Content-Type": [
          "application/json; charset=utf-8"
        ],
        "Expires": [
          "-1"
        ],
        "Pragma": [
          "no-cache"
        ],
        "x-ms-ratelimit-remaining-resource": [
          "Microsoft.Compute/GetVMScaleSet3Min;193,Microsoft.Compute/GetVMScaleSet30Min;1293"
        ],
        "Strict-Transport-Security": [
          "max-age=31536000; includeSubDomains"
        ],
        "x-ms-served-by": [
          "f32c78f0-60d9-428a-be63-235fe491c22c_131790835373274836"
        ],
        "x-ms-request-id": [
          "90633ec8-388b-4fb6-81f5-030801ce940c"
        ],
        "Cache-Control": [
          "no-cache"
        ],
        "Server": [
          "Microsoft-HTTPAPI/2.0",
          "Microsoft-HTTPAPI/2.0"
        ],
        "x-ms-ratelimit-remaining-subscription-reads": [
          "11992"
        ],
        "x-ms-correlation-request-id": [
          "710385dc-6f57-426c-8a16-9a7aa9ddc2e3"
        ],
        "x-ms-routing-request-id": [
          "WESTUS:20180818T235029Z:710385dc-6f57-426c-8a16-9a7aa9ddc2e3"
        ],
        "X-Content-Type-Options": [
          "nosniff"
        ],
        "Date": [
          "Sat, 18 Aug 2018 23:50:29 GMT"
        ]
      },
      "StatusCode": 200
    },
    {
      "RequestUri": "/subscriptions/24fb23e3-6ba3-41f0-9b6e-e41131d5d61e/resourceGroups/crptestar3421/providers/Microsoft.Compute/virtualMachineScaleSets/vmss4880?api-version=2018-10-01",
      "EncodedRequestUri": "L3N1YnNjcmlwdGlvbnMvMjRmYjIzZTMtNmJhMy00MWYwLTliNmUtZTQxMTMxZDVkNjFlL3Jlc291cmNlR3JvdXBzL2NycHRlc3RhcjM0MjEvcHJvdmlkZXJzL01pY3Jvc29mdC5Db21wdXRlL3ZpcnR1YWxNYWNoaW5lU2NhbGVTZXRzL3Ztc3M0ODgwP2FwaS12ZXJzaW9uPTIwMTgtMTAtMDE=",
      "RequestMethod": "GET",
      "RequestBody": "",
      "RequestHeaders": {
        "x-ms-client-request-id": [
          "9edb7734-908e-4de0-b039-bd47e22dc2eb"
        ],
        "accept-language": [
          "en-US"
        ],
        "User-Agent": [
          "FxVersion/4.7.3132.0",
          "OSName/Windows10Enterprise",
          "OSVersion/6.3.17134",
          "Microsoft.Azure.Management.Compute.ComputeManagementClient/1.0.2492.0"
        ]
      },
      "ResponseBody": "{\r\n  \"sku\": {\r\n    \"name\": \"Standard_A0\",\r\n    \"tier\": \"Standard\",\r\n    \"capacity\": 2\r\n  },\r\n  \"properties\": {\r\n    \"singlePlacementGroup\": true,\r\n    \"upgradePolicy\": {\r\n      \"mode\": \"Automatic\",\r\n      \"automaticOSUpgrade\": false\r\n    },\r\n    \"virtualMachineProfile\": {\r\n      \"osProfile\": {\r\n        \"computerNamePrefix\": \"test\",\r\n        \"adminUsername\": \"Foo12\",\r\n        \"windowsConfiguration\": {\r\n          \"provisionVMAgent\": true,\r\n          \"enableAutomaticUpdates\": true\r\n        },\r\n        \"secrets\": [],\r\n        \"allowExtensionOperations\": true\r\n      },\r\n      \"storageProfile\": {\r\n        \"osDisk\": {\r\n          \"createOption\": \"FromImage\",\r\n          \"caching\": \"None\",\r\n          \"managedDisk\": {\r\n            \"storageAccountType\": \"Standard_LRS\"\r\n          }\r\n        },\r\n        \"imageReference\": {\r\n          \"publisher\": \"MicrosoftWindowsServer\",\r\n          \"offer\": \"WindowsServer\",\r\n          \"sku\": \"2012-R2-Datacenter\",\r\n          \"version\": \"4.127.20170406\"\r\n        },\r\n        \"dataDisks\": [\r\n          {\r\n            \"lun\": 1,\r\n            \"createOption\": \"Empty\",\r\n            \"caching\": \"None\",\r\n            \"managedDisk\": {\r\n              \"storageAccountType\": \"Standard_LRS\"\r\n            },\r\n            \"diskSizeGB\": 128\r\n          }\r\n        ]\r\n      },\r\n      \"networkProfile\": {\r\n        \"networkInterfaceConfigurations\": [\r\n          {\r\n            \"name\": \"vmsstestnetconfig9206\",\r\n            \"properties\": {\r\n              \"primary\": true,\r\n              \"enableAcceleratedNetworking\": false,\r\n              \"dnsSettings\": {\r\n                \"dnsServers\": []\r\n              },\r\n              \"enableIPForwarding\": false,\r\n              \"ipConfigurations\": [\r\n                {\r\n                  \"name\": \"vmsstestnetconfig8534\",\r\n                  \"properties\": {\r\n                    \"subnet\": {\r\n                      \"id\": \"/subscriptions/24fb23e3-6ba3-41f0-9b6e-e41131d5d61e/resourceGroups/crptestar3421/providers/Microsoft.Network/virtualNetworks/vn2960/subnets/sn3671\"\r\n                    },\r\n                    \"privateIPAddressVersion\": \"IPv4\"\r\n                  }\r\n                }\r\n              ]\r\n            }\r\n          }\r\n        ]\r\n      }\r\n    },\r\n    \"provisioningState\": \"Succeeded\",\r\n    \"overprovision\": false,\r\n    \"uniqueId\": \"33c6b838-b237-454c-8a88-4ba41eee4428\"\r\n  },\r\n  \"type\": \"Microsoft.Compute/virtualMachineScaleSets\",\r\n  \"location\": \"eastus2\",\r\n  \"tags\": {\r\n    \"RG\": \"rg\",\r\n    \"testTag\": \"1\"\r\n  },\r\n  \"id\": \"/subscriptions/24fb23e3-6ba3-41f0-9b6e-e41131d5d61e/resourceGroups/crptestar3421/providers/Microsoft.Compute/virtualMachineScaleSets/vmss4880\",\r\n  \"name\": \"vmss4880\"\r\n}",
      "ResponseHeaders": {
        "Content-Length": [
          "2233"
        ],
        "Content-Type": [
          "application/json; charset=utf-8"
        ],
        "Expires": [
          "-1"
        ],
        "Pragma": [
          "no-cache"
        ],
        "x-ms-ratelimit-remaining-resource": [
          "Microsoft.Compute/GetVMScaleSet3Min;192,Microsoft.Compute/GetVMScaleSet30Min;1292"
        ],
        "Strict-Transport-Security": [
          "max-age=31536000; includeSubDomains"
        ],
        "x-ms-served-by": [
          "f32c78f0-60d9-428a-be63-235fe491c22c_131790835373274836"
        ],
        "x-ms-request-id": [
          "593cfdce-0263-4701-8754-1b705b9d8450"
        ],
        "Cache-Control": [
          "no-cache"
        ],
        "Server": [
          "Microsoft-HTTPAPI/2.0",
          "Microsoft-HTTPAPI/2.0"
        ],
        "x-ms-ratelimit-remaining-subscription-reads": [
          "11991"
        ],
        "x-ms-correlation-request-id": [
          "0cffdf2a-717a-4e16-af90-6be09ef4d9b9"
        ],
        "x-ms-routing-request-id": [
          "WESTUS:20180818T235029Z:0cffdf2a-717a-4e16-af90-6be09ef4d9b9"
        ],
        "X-Content-Type-Options": [
          "nosniff"
        ],
        "Date": [
          "Sat, 18 Aug 2018 23:50:29 GMT"
        ]
      },
      "StatusCode": 200
    },
    {
      "RequestUri": "/subscriptions/24fb23e3-6ba3-41f0-9b6e-e41131d5d61e/resourceGroups/crptestar3421/providers/Microsoft.Compute/virtualMachineScaleSets/vmss4880/virtualmachines/0/redeploy?api-version=2018-10-01",
      "EncodedRequestUri": "L3N1YnNjcmlwdGlvbnMvMjRmYjIzZTMtNmJhMy00MWYwLTliNmUtZTQxMTMxZDVkNjFlL3Jlc291cmNlR3JvdXBzL2NycHRlc3RhcjM0MjEvcHJvdmlkZXJzL01pY3Jvc29mdC5Db21wdXRlL3ZpcnR1YWxNYWNoaW5lU2NhbGVTZXRzL3Ztc3M0ODgwL3ZpcnR1YWxtYWNoaW5lcy8wL3JlZGVwbG95P2FwaS12ZXJzaW9uPTIwMTgtMTAtMDE=",
      "RequestMethod": "POST",
      "RequestBody": "",
      "RequestHeaders": {
        "x-ms-client-request-id": [
          "c851bc81-3d5b-4a22-a739-aea726329e3f"
        ],
        "accept-language": [
          "en-US"
        ],
        "User-Agent": [
          "FxVersion/4.7.3132.0",
          "OSName/Windows10Enterprise",
          "OSVersion/6.3.17134",
          "Microsoft.Azure.Management.Compute.ComputeManagementClient/1.0.2492.0"
        ]
      },
      "ResponseBody": "",
      "ResponseHeaders": {
        "Content-Length": [
          "0"
        ],
        "Expires": [
          "-1"
        ],
        "Pragma": [
          "no-cache"
        ],
        "Azure-AsyncOperation": [
          "https://management.azure.com/subscriptions/24fb23e3-6ba3-41f0-9b6e-e41131d5d61e/providers/Microsoft.Compute/locations/eastus2/operations/6dd910e2-c14d-4864-bee9-67ce3865b0af?api-version=2018-10-01"
        ],
        "x-ms-ratelimit-remaining-resource": [
          "Microsoft.Compute/VMScaleSetActions3Min;239,Microsoft.Compute/VMScaleSetActions30Min;1199,Microsoft.Compute/VMScaleSetBatchedVMRequests5Min;1199,Microsoft.Compute/VmssQueuedVMOperations;4799"
        ],
        "x-ms-request-charge": [
          "1"
        ],
        "Strict-Transport-Security": [
          "max-age=31536000; includeSubDomains"
        ],
        "x-ms-served-by": [
          "f32c78f0-60d9-428a-be63-235fe491c22c_131790835373274836"
        ],
        "x-ms-request-id": [
          "6dd910e2-c14d-4864-bee9-67ce3865b0af"
        ],
        "Cache-Control": [
          "no-cache"
        ],
        "Location": [
          "https://management.azure.com/subscriptions/24fb23e3-6ba3-41f0-9b6e-e41131d5d61e/providers/Microsoft.Compute/locations/eastus2/operations/6dd910e2-c14d-4864-bee9-67ce3865b0af?monitor=true&api-version=2018-10-01"
        ],
        "Server": [
          "Microsoft-HTTPAPI/2.0",
          "Microsoft-HTTPAPI/2.0"
        ],
        "x-ms-ratelimit-remaining-subscription-writes": [
          "1198"
        ],
        "x-ms-correlation-request-id": [
          "eb7074ae-07ad-48cf-9642-b4081a01ef7d"
        ],
        "x-ms-routing-request-id": [
          "WESTUS:20180818T235029Z:eb7074ae-07ad-48cf-9642-b4081a01ef7d"
        ],
        "X-Content-Type-Options": [
          "nosniff"
        ],
        "Date": [
          "Sat, 18 Aug 2018 23:50:29 GMT"
        ]
      },
      "StatusCode": 202
    },
    {
      "RequestUri": "/subscriptions/24fb23e3-6ba3-41f0-9b6e-e41131d5d61e/providers/Microsoft.Compute/locations/eastus2/operations/6dd910e2-c14d-4864-bee9-67ce3865b0af?api-version=2018-10-01",
      "EncodedRequestUri": "L3N1YnNjcmlwdGlvbnMvMjRmYjIzZTMtNmJhMy00MWYwLTliNmUtZTQxMTMxZDVkNjFlL3Byb3ZpZGVycy9NaWNyb3NvZnQuQ29tcHV0ZS9sb2NhdGlvbnMvZWFzdHVzMi9vcGVyYXRpb25zLzZkZDkxMGUyLWMxNGQtNDg2NC1iZWU5LTY3Y2UzODY1YjBhZj9hcGktdmVyc2lvbj0yMDE4LTEwLTAx",
      "RequestMethod": "GET",
      "RequestBody": "",
      "RequestHeaders": {
        "User-Agent": [
          "FxVersion/4.7.3132.0",
          "OSName/Windows10Enterprise",
          "OSVersion/6.3.17134",
          "Microsoft.Azure.Management.Compute.ComputeManagementClient/1.0.2492.0"
        ]
      },
      "ResponseBody": "{\r\n  \"startTime\": \"2018-08-18T16:50:29.8241758-07:00\",\r\n  \"status\": \"InProgress\",\r\n  \"name\": \"6dd910e2-c14d-4864-bee9-67ce3865b0af\"\r\n}",
      "ResponseHeaders": {
        "Content-Length": [
          "134"
        ],
        "Content-Type": [
          "application/json; charset=utf-8"
        ],
        "Expires": [
          "-1"
        ],
        "Pragma": [
          "no-cache"
        ],
        "x-ms-ratelimit-remaining-resource": [
          "Microsoft.Compute/GetOperation3Min;14989,Microsoft.Compute/GetOperation30Min;29969"
        ],
        "Strict-Transport-Security": [
          "max-age=31536000; includeSubDomains"
        ],
        "x-ms-served-by": [
          "f32c78f0-60d9-428a-be63-235fe491c22c_131790835373274836"
        ],
        "x-ms-request-id": [
          "16925179-6ca0-4543-8b2a-903b7d53d5a4"
        ],
        "Cache-Control": [
          "no-cache"
        ],
        "Server": [
          "Microsoft-HTTPAPI/2.0",
          "Microsoft-HTTPAPI/2.0"
        ],
        "x-ms-ratelimit-remaining-subscription-reads": [
          "11990"
        ],
        "x-ms-correlation-request-id": [
          "7a6ae2ca-b3fb-40c5-b967-177c65c952f9"
        ],
        "x-ms-routing-request-id": [
          "WESTUS:20180818T235100Z:7a6ae2ca-b3fb-40c5-b967-177c65c952f9"
        ],
        "X-Content-Type-Options": [
          "nosniff"
        ],
        "Date": [
          "Sat, 18 Aug 2018 23:50:59 GMT"
        ]
      },
      "StatusCode": 200
    },
    {
      "RequestUri": "/subscriptions/24fb23e3-6ba3-41f0-9b6e-e41131d5d61e/providers/Microsoft.Compute/locations/eastus2/operations/6dd910e2-c14d-4864-bee9-67ce3865b0af?api-version=2018-10-01",
      "EncodedRequestUri": "L3N1YnNjcmlwdGlvbnMvMjRmYjIzZTMtNmJhMy00MWYwLTliNmUtZTQxMTMxZDVkNjFlL3Byb3ZpZGVycy9NaWNyb3NvZnQuQ29tcHV0ZS9sb2NhdGlvbnMvZWFzdHVzMi9vcGVyYXRpb25zLzZkZDkxMGUyLWMxNGQtNDg2NC1iZWU5LTY3Y2UzODY1YjBhZj9hcGktdmVyc2lvbj0yMDE4LTEwLTAx",
      "RequestMethod": "GET",
      "RequestBody": "",
      "RequestHeaders": {
        "User-Agent": [
          "FxVersion/4.7.3132.0",
          "OSName/Windows10Enterprise",
          "OSVersion/6.3.17134",
          "Microsoft.Azure.Management.Compute.ComputeManagementClient/1.0.2492.0"
        ]
      },
      "ResponseBody": "{\r\n  \"startTime\": \"2018-08-18T16:50:29.8241758-07:00\",\r\n  \"status\": \"InProgress\",\r\n  \"name\": \"6dd910e2-c14d-4864-bee9-67ce3865b0af\"\r\n}",
      "ResponseHeaders": {
        "Content-Length": [
          "134"
        ],
        "Content-Type": [
          "application/json; charset=utf-8"
        ],
        "Expires": [
          "-1"
        ],
        "Pragma": [
          "no-cache"
        ],
        "x-ms-ratelimit-remaining-resource": [
          "Microsoft.Compute/GetOperation3Min;14989,Microsoft.Compute/GetOperation30Min;29966"
        ],
        "Strict-Transport-Security": [
          "max-age=31536000; includeSubDomains"
        ],
        "x-ms-served-by": [
          "f32c78f0-60d9-428a-be63-235fe491c22c_131790835373274836"
        ],
        "x-ms-request-id": [
          "96662f05-cc64-43a6-8171-c4c9155415a7"
        ],
        "Cache-Control": [
          "no-cache"
        ],
        "Server": [
          "Microsoft-HTTPAPI/2.0",
          "Microsoft-HTTPAPI/2.0"
        ],
        "x-ms-ratelimit-remaining-subscription-reads": [
          "11989"
        ],
        "x-ms-correlation-request-id": [
          "ae099812-fd61-44a9-a653-33685d29b4d9"
        ],
        "x-ms-routing-request-id": [
          "WESTUS:20180818T235130Z:ae099812-fd61-44a9-a653-33685d29b4d9"
        ],
        "X-Content-Type-Options": [
          "nosniff"
        ],
        "Date": [
          "Sat, 18 Aug 2018 23:51:30 GMT"
        ]
      },
      "StatusCode": 200
    },
    {
      "RequestUri": "/subscriptions/24fb23e3-6ba3-41f0-9b6e-e41131d5d61e/providers/Microsoft.Compute/locations/eastus2/operations/6dd910e2-c14d-4864-bee9-67ce3865b0af?api-version=2018-10-01",
      "EncodedRequestUri": "L3N1YnNjcmlwdGlvbnMvMjRmYjIzZTMtNmJhMy00MWYwLTliNmUtZTQxMTMxZDVkNjFlL3Byb3ZpZGVycy9NaWNyb3NvZnQuQ29tcHV0ZS9sb2NhdGlvbnMvZWFzdHVzMi9vcGVyYXRpb25zLzZkZDkxMGUyLWMxNGQtNDg2NC1iZWU5LTY3Y2UzODY1YjBhZj9hcGktdmVyc2lvbj0yMDE4LTEwLTAx",
      "RequestMethod": "GET",
      "RequestBody": "",
      "RequestHeaders": {
        "User-Agent": [
          "FxVersion/4.7.3132.0",
          "OSName/Windows10Enterprise",
          "OSVersion/6.3.17134",
          "Microsoft.Azure.Management.Compute.ComputeManagementClient/1.0.2492.0"
        ]
      },
      "ResponseBody": "{\r\n  \"startTime\": \"2018-08-18T16:50:29.8241758-07:00\",\r\n  \"status\": \"InProgress\",\r\n  \"name\": \"6dd910e2-c14d-4864-bee9-67ce3865b0af\"\r\n}",
      "ResponseHeaders": {
        "Content-Length": [
          "134"
        ],
        "Content-Type": [
          "application/json; charset=utf-8"
        ],
        "Expires": [
          "-1"
        ],
        "Pragma": [
          "no-cache"
        ],
        "x-ms-ratelimit-remaining-resource": [
          "Microsoft.Compute/GetOperation3Min;14987,Microsoft.Compute/GetOperation30Min;29963"
        ],
        "Strict-Transport-Security": [
          "max-age=31536000; includeSubDomains"
        ],
        "x-ms-served-by": [
          "f32c78f0-60d9-428a-be63-235fe491c22c_131790835373274836"
        ],
        "x-ms-request-id": [
          "2b865397-466c-44a8-89c7-c552c18ae876"
        ],
        "Cache-Control": [
          "no-cache"
        ],
        "Server": [
          "Microsoft-HTTPAPI/2.0",
          "Microsoft-HTTPAPI/2.0"
        ],
        "x-ms-ratelimit-remaining-subscription-reads": [
          "11988"
        ],
        "x-ms-correlation-request-id": [
          "5a1e1ec3-a109-42f0-9d30-ac701f34adb8"
        ],
        "x-ms-routing-request-id": [
          "WESTUS:20180818T235202Z:5a1e1ec3-a109-42f0-9d30-ac701f34adb8"
        ],
        "X-Content-Type-Options": [
          "nosniff"
        ],
        "Date": [
          "Sat, 18 Aug 2018 23:52:01 GMT"
        ]
      },
      "StatusCode": 200
    },
    {
      "RequestUri": "/subscriptions/24fb23e3-6ba3-41f0-9b6e-e41131d5d61e/providers/Microsoft.Compute/locations/eastus2/operations/6dd910e2-c14d-4864-bee9-67ce3865b0af?api-version=2018-10-01",
      "EncodedRequestUri": "L3N1YnNjcmlwdGlvbnMvMjRmYjIzZTMtNmJhMy00MWYwLTliNmUtZTQxMTMxZDVkNjFlL3Byb3ZpZGVycy9NaWNyb3NvZnQuQ29tcHV0ZS9sb2NhdGlvbnMvZWFzdHVzMi9vcGVyYXRpb25zLzZkZDkxMGUyLWMxNGQtNDg2NC1iZWU5LTY3Y2UzODY1YjBhZj9hcGktdmVyc2lvbj0yMDE4LTEwLTAx",
      "RequestMethod": "GET",
      "RequestBody": "",
      "RequestHeaders": {
        "User-Agent": [
          "FxVersion/4.7.3132.0",
          "OSName/Windows10Enterprise",
          "OSVersion/6.3.17134",
          "Microsoft.Azure.Management.Compute.ComputeManagementClient/1.0.2492.0"
        ]
      },
      "ResponseBody": "{\r\n  \"startTime\": \"2018-08-18T16:50:29.8241758-07:00\",\r\n  \"endTime\": \"2018-08-18T16:52:32.7157931-07:00\",\r\n  \"status\": \"Succeeded\",\r\n  \"name\": \"6dd910e2-c14d-4864-bee9-67ce3865b0af\"\r\n}",
      "ResponseHeaders": {
        "Content-Length": [
          "184"
        ],
        "Content-Type": [
          "application/json; charset=utf-8"
        ],
        "Expires": [
          "-1"
        ],
        "Pragma": [
          "no-cache"
        ],
        "x-ms-ratelimit-remaining-resource": [
          "Microsoft.Compute/GetOperation3Min;14986,Microsoft.Compute/GetOperation30Min;29960"
        ],
        "Strict-Transport-Security": [
          "max-age=31536000; includeSubDomains"
        ],
        "x-ms-served-by": [
          "f32c78f0-60d9-428a-be63-235fe491c22c_131790835373274836"
        ],
        "x-ms-request-id": [
          "bfd009d0-1e09-4897-9b07-454c4ed75d7c"
        ],
        "Cache-Control": [
          "no-cache"
        ],
        "Server": [
          "Microsoft-HTTPAPI/2.0",
          "Microsoft-HTTPAPI/2.0"
        ],
        "x-ms-ratelimit-remaining-subscription-reads": [
          "11987"
        ],
        "x-ms-correlation-request-id": [
          "758a80cc-0841-491e-b7e2-1ff4f249fa57"
        ],
        "x-ms-routing-request-id": [
          "WESTUS:20180818T235234Z:758a80cc-0841-491e-b7e2-1ff4f249fa57"
        ],
        "X-Content-Type-Options": [
          "nosniff"
        ],
        "Date": [
          "Sat, 18 Aug 2018 23:52:33 GMT"
        ]
      },
      "StatusCode": 200
    },
    {
      "RequestUri": "/subscriptions/24fb23e3-6ba3-41f0-9b6e-e41131d5d61e/providers/Microsoft.Compute/locations/eastus2/operations/6dd910e2-c14d-4864-bee9-67ce3865b0af?monitor=true&api-version=2018-10-01",
      "EncodedRequestUri": "L3N1YnNjcmlwdGlvbnMvMjRmYjIzZTMtNmJhMy00MWYwLTliNmUtZTQxMTMxZDVkNjFlL3Byb3ZpZGVycy9NaWNyb3NvZnQuQ29tcHV0ZS9sb2NhdGlvbnMvZWFzdHVzMi9vcGVyYXRpb25zLzZkZDkxMGUyLWMxNGQtNDg2NC1iZWU5LTY3Y2UzODY1YjBhZj9tb25pdG9yPXRydWUmYXBpLXZlcnNpb249MjAxOC0xMC0wMQ==",
      "RequestMethod": "GET",
      "RequestBody": "",
      "RequestHeaders": {
        "User-Agent": [
          "FxVersion/4.7.3132.0",
          "OSName/Windows10Enterprise",
          "OSVersion/6.3.17134",
          "Microsoft.Azure.Management.Compute.ComputeManagementClient/1.0.2492.0"
        ]
      },
      "ResponseBody": "",
      "ResponseHeaders": {
        "Content-Length": [
          "0"
        ],
        "Expires": [
          "-1"
        ],
        "Pragma": [
          "no-cache"
        ],
        "x-ms-ratelimit-remaining-resource": [
          "Microsoft.Compute/GetOperation3Min;14985,Microsoft.Compute/GetOperation30Min;29959"
        ],
        "Strict-Transport-Security": [
          "max-age=31536000; includeSubDomains"
        ],
        "x-ms-served-by": [
          "f32c78f0-60d9-428a-be63-235fe491c22c_131790835373274836"
        ],
        "x-ms-request-id": [
          "9fc233da-62df-4694-a178-f8d5a54c5e4b"
        ],
        "Cache-Control": [
          "no-cache"
        ],
        "Server": [
          "Microsoft-HTTPAPI/2.0",
          "Microsoft-HTTPAPI/2.0"
        ],
        "x-ms-ratelimit-remaining-subscription-reads": [
          "11986"
        ],
        "x-ms-correlation-request-id": [
          "85f4ccce-9487-4098-8b5f-6210e03a22b4"
        ],
        "x-ms-routing-request-id": [
          "WESTUS:20180818T235234Z:85f4ccce-9487-4098-8b5f-6210e03a22b4"
        ],
        "X-Content-Type-Options": [
          "nosniff"
        ],
        "Date": [
          "Sat, 18 Aug 2018 23:52:33 GMT"
        ]
      },
      "StatusCode": 200
    },
    {
      "RequestUri": "/subscriptions/24fb23e3-6ba3-41f0-9b6e-e41131d5d61e/resourcegroups/crptestar3421?api-version=2017-05-10",
      "EncodedRequestUri": "L3N1YnNjcmlwdGlvbnMvMjRmYjIzZTMtNmJhMy00MWYwLTliNmUtZTQxMTMxZDVkNjFlL3Jlc291cmNlZ3JvdXBzL2NycHRlc3RhcjM0MjE/YXBpLXZlcnNpb249MjAxNy0wNS0xMA==",
      "RequestMethod": "DELETE",
      "RequestBody": "",
      "RequestHeaders": {
        "x-ms-client-request-id": [
          "93d02568-8d41-477f-bfe3-e9307f30be4d"
        ],
        "accept-language": [
          "en-US"
        ],
        "User-Agent": [
          "FxVersion/4.7.3132.0",
          "OSName/Windows10Enterprise",
          "OSVersion/6.3.17134",
          "Microsoft.Azure.Management.ResourceManager.ResourceManagementClient/1.6.0.0"
        ]
      },
      "ResponseBody": "",
      "ResponseHeaders": {
        "Content-Length": [
          "0"
        ],
        "Expires": [
          "-1"
        ],
        "Pragma": [
          "no-cache"
        ],
        "Retry-After": [
          "15"
        ],
        "x-ms-ratelimit-remaining-subscription-deletes": [
          "14999"
        ],
        "x-ms-request-id": [
          "d8d0bd60-094b-4e27-b1a6-9f0d8bb8e8eb"
        ],
        "x-ms-correlation-request-id": [
          "d8d0bd60-094b-4e27-b1a6-9f0d8bb8e8eb"
        ],
        "x-ms-routing-request-id": [
          "NORTHCENTRALUS:20180818T235235Z:d8d0bd60-094b-4e27-b1a6-9f0d8bb8e8eb"
        ],
        "Strict-Transport-Security": [
          "max-age=31536000; includeSubDomains"
        ],
        "X-Content-Type-Options": [
          "nosniff"
        ],
        "Cache-Control": [
          "no-cache"
        ],
        "Date": [
          "Sat, 18 Aug 2018 23:52:34 GMT"
        ],
        "Location": [
          "https://management.azure.com/subscriptions/24fb23e3-6ba3-41f0-9b6e-e41131d5d61e/operationresults/eyJqb2JJZCI6IlJFU09VUkNFR1JPVVBERUxFVElPTkpPQi1DUlBURVNUQVIzNDIxLUVBU1RVUzIiLCJqb2JMb2NhdGlvbiI6ImVhc3R1czIifQ?api-version=2017-05-10"
        ]
      },
      "StatusCode": 202
    },
    {
      "RequestUri": "/subscriptions/24fb23e3-6ba3-41f0-9b6e-e41131d5d61e/operationresults/eyJqb2JJZCI6IlJFU09VUkNFR1JPVVBERUxFVElPTkpPQi1DUlBURVNUQVIzNDIxLUVBU1RVUzIiLCJqb2JMb2NhdGlvbiI6ImVhc3R1czIifQ?api-version=2017-05-10",
      "EncodedRequestUri": "L3N1YnNjcmlwdGlvbnMvMjRmYjIzZTMtNmJhMy00MWYwLTliNmUtZTQxMTMxZDVkNjFlL29wZXJhdGlvbnJlc3VsdHMvZXlKcWIySkpaQ0k2SWxKRlUwOVZVa05GUjFKUFZWQkVSVXhGVkVsUFRrcFBRaTFEVWxCVVJWTlVRVkl6TkRJeExVVkJVMVJWVXpJaUxDSnFiMkpNYjJOaGRHbHZiaUk2SW1WaGMzUjFjeklpZlE/YXBpLXZlcnNpb249MjAxNy0wNS0xMA==",
      "RequestMethod": "GET",
      "RequestBody": "",
      "RequestHeaders": {
        "User-Agent": [
          "FxVersion/4.7.3132.0",
          "OSName/Windows10Enterprise",
          "OSVersion/6.3.17134",
          "Microsoft.Azure.Management.ResourceManager.ResourceManagementClient/1.6.0.0"
        ]
      },
      "ResponseBody": "",
      "ResponseHeaders": {
        "Content-Length": [
          "0"
        ],
        "Expires": [
          "-1"
        ],
        "Pragma": [
          "no-cache"
        ],
        "Retry-After": [
          "15"
        ],
        "x-ms-ratelimit-remaining-subscription-reads": [
          "11999"
        ],
        "x-ms-request-id": [
          "c404526f-ce56-43a5-b718-564237e20203"
        ],
        "x-ms-correlation-request-id": [
          "c404526f-ce56-43a5-b718-564237e20203"
        ],
        "x-ms-routing-request-id": [
          "NORTHCENTRALUS:20180818T235250Z:c404526f-ce56-43a5-b718-564237e20203"
        ],
        "Strict-Transport-Security": [
          "max-age=31536000; includeSubDomains"
        ],
        "X-Content-Type-Options": [
          "nosniff"
        ],
        "Cache-Control": [
          "no-cache"
        ],
        "Date": [
          "Sat, 18 Aug 2018 23:52:49 GMT"
        ],
        "Location": [
          "https://management.azure.com/subscriptions/24fb23e3-6ba3-41f0-9b6e-e41131d5d61e/operationresults/eyJqb2JJZCI6IlJFU09VUkNFR1JPVVBERUxFVElPTkpPQi1DUlBURVNUQVIzNDIxLUVBU1RVUzIiLCJqb2JMb2NhdGlvbiI6ImVhc3R1czIifQ?api-version=2017-05-10"
        ]
      },
      "StatusCode": 202
    },
    {
      "RequestUri": "/subscriptions/24fb23e3-6ba3-41f0-9b6e-e41131d5d61e/operationresults/eyJqb2JJZCI6IlJFU09VUkNFR1JPVVBERUxFVElPTkpPQi1DUlBURVNUQVIzNDIxLUVBU1RVUzIiLCJqb2JMb2NhdGlvbiI6ImVhc3R1czIifQ?api-version=2017-05-10",
      "EncodedRequestUri": "L3N1YnNjcmlwdGlvbnMvMjRmYjIzZTMtNmJhMy00MWYwLTliNmUtZTQxMTMxZDVkNjFlL29wZXJhdGlvbnJlc3VsdHMvZXlKcWIySkpaQ0k2SWxKRlUwOVZVa05GUjFKUFZWQkVSVXhGVkVsUFRrcFBRaTFEVWxCVVJWTlVRVkl6TkRJeExVVkJVMVJWVXpJaUxDSnFiMkpNYjJOaGRHbHZiaUk2SW1WaGMzUjFjeklpZlE/YXBpLXZlcnNpb249MjAxNy0wNS0xMA==",
      "RequestMethod": "GET",
      "RequestBody": "",
      "RequestHeaders": {
        "User-Agent": [
          "FxVersion/4.7.3132.0",
          "OSName/Windows10Enterprise",
          "OSVersion/6.3.17134",
          "Microsoft.Azure.Management.ResourceManager.ResourceManagementClient/1.6.0.0"
        ]
      },
      "ResponseBody": "",
      "ResponseHeaders": {
        "Content-Length": [
          "0"
        ],
        "Expires": [
          "-1"
        ],
        "Pragma": [
          "no-cache"
        ],
        "Retry-After": [
          "15"
        ],
        "x-ms-ratelimit-remaining-subscription-reads": [
          "11998"
        ],
        "x-ms-request-id": [
          "e8e8ede3-da42-404d-b5f2-82856a00b488"
        ],
        "x-ms-correlation-request-id": [
          "e8e8ede3-da42-404d-b5f2-82856a00b488"
        ],
        "x-ms-routing-request-id": [
          "NORTHCENTRALUS:20180818T235305Z:e8e8ede3-da42-404d-b5f2-82856a00b488"
        ],
        "Strict-Transport-Security": [
          "max-age=31536000; includeSubDomains"
        ],
        "X-Content-Type-Options": [
          "nosniff"
        ],
        "Cache-Control": [
          "no-cache"
        ],
        "Date": [
          "Sat, 18 Aug 2018 23:53:04 GMT"
        ],
        "Location": [
          "https://management.azure.com/subscriptions/24fb23e3-6ba3-41f0-9b6e-e41131d5d61e/operationresults/eyJqb2JJZCI6IlJFU09VUkNFR1JPVVBERUxFVElPTkpPQi1DUlBURVNUQVIzNDIxLUVBU1RVUzIiLCJqb2JMb2NhdGlvbiI6ImVhc3R1czIifQ?api-version=2017-05-10"
        ]
      },
      "StatusCode": 202
    },
    {
      "RequestUri": "/subscriptions/24fb23e3-6ba3-41f0-9b6e-e41131d5d61e/operationresults/eyJqb2JJZCI6IlJFU09VUkNFR1JPVVBERUxFVElPTkpPQi1DUlBURVNUQVIzNDIxLUVBU1RVUzIiLCJqb2JMb2NhdGlvbiI6ImVhc3R1czIifQ?api-version=2017-05-10",
      "EncodedRequestUri": "L3N1YnNjcmlwdGlvbnMvMjRmYjIzZTMtNmJhMy00MWYwLTliNmUtZTQxMTMxZDVkNjFlL29wZXJhdGlvbnJlc3VsdHMvZXlKcWIySkpaQ0k2SWxKRlUwOVZVa05GUjFKUFZWQkVSVXhGVkVsUFRrcFBRaTFEVWxCVVJWTlVRVkl6TkRJeExVVkJVMVJWVXpJaUxDSnFiMkpNYjJOaGRHbHZiaUk2SW1WaGMzUjFjeklpZlE/YXBpLXZlcnNpb249MjAxNy0wNS0xMA==",
      "RequestMethod": "GET",
      "RequestBody": "",
      "RequestHeaders": {
        "User-Agent": [
          "FxVersion/4.7.3132.0",
          "OSName/Windows10Enterprise",
          "OSVersion/6.3.17134",
          "Microsoft.Azure.Management.ResourceManager.ResourceManagementClient/1.6.0.0"
        ]
      },
      "ResponseBody": "",
      "ResponseHeaders": {
        "Content-Length": [
          "0"
        ],
        "Expires": [
          "-1"
        ],
        "Pragma": [
          "no-cache"
        ],
        "Retry-After": [
          "15"
        ],
        "x-ms-ratelimit-remaining-subscription-reads": [
          "11997"
        ],
        "x-ms-request-id": [
          "a59046a8-8125-4fe9-89d6-163d083cde92"
        ],
        "x-ms-correlation-request-id": [
          "a59046a8-8125-4fe9-89d6-163d083cde92"
        ],
        "x-ms-routing-request-id": [
          "NORTHCENTRALUS:20180818T235320Z:a59046a8-8125-4fe9-89d6-163d083cde92"
        ],
        "Strict-Transport-Security": [
          "max-age=31536000; includeSubDomains"
        ],
        "X-Content-Type-Options": [
          "nosniff"
        ],
        "Cache-Control": [
          "no-cache"
        ],
        "Date": [
          "Sat, 18 Aug 2018 23:53:20 GMT"
        ],
        "Location": [
          "https://management.azure.com/subscriptions/24fb23e3-6ba3-41f0-9b6e-e41131d5d61e/operationresults/eyJqb2JJZCI6IlJFU09VUkNFR1JPVVBERUxFVElPTkpPQi1DUlBURVNUQVIzNDIxLUVBU1RVUzIiLCJqb2JMb2NhdGlvbiI6ImVhc3R1czIifQ?api-version=2017-05-10"
        ]
      },
      "StatusCode": 202
    },
    {
      "RequestUri": "/subscriptions/24fb23e3-6ba3-41f0-9b6e-e41131d5d61e/operationresults/eyJqb2JJZCI6IlJFU09VUkNFR1JPVVBERUxFVElPTkpPQi1DUlBURVNUQVIzNDIxLUVBU1RVUzIiLCJqb2JMb2NhdGlvbiI6ImVhc3R1czIifQ?api-version=2017-05-10",
      "EncodedRequestUri": "L3N1YnNjcmlwdGlvbnMvMjRmYjIzZTMtNmJhMy00MWYwLTliNmUtZTQxMTMxZDVkNjFlL29wZXJhdGlvbnJlc3VsdHMvZXlKcWIySkpaQ0k2SWxKRlUwOVZVa05GUjFKUFZWQkVSVXhGVkVsUFRrcFBRaTFEVWxCVVJWTlVRVkl6TkRJeExVVkJVMVJWVXpJaUxDSnFiMkpNYjJOaGRHbHZiaUk2SW1WaGMzUjFjeklpZlE/YXBpLXZlcnNpb249MjAxNy0wNS0xMA==",
      "RequestMethod": "GET",
      "RequestBody": "",
      "RequestHeaders": {
        "User-Agent": [
          "FxVersion/4.7.3132.0",
          "OSName/Windows10Enterprise",
          "OSVersion/6.3.17134",
          "Microsoft.Azure.Management.ResourceManager.ResourceManagementClient/1.6.0.0"
        ]
      },
      "ResponseBody": "",
      "ResponseHeaders": {
        "Content-Length": [
          "0"
        ],
        "Expires": [
          "-1"
        ],
        "Pragma": [
          "no-cache"
        ],
        "Retry-After": [
          "15"
        ],
        "x-ms-ratelimit-remaining-subscription-reads": [
          "11996"
        ],
        "x-ms-request-id": [
          "dcafe3df-f700-4961-944c-cb1fb6236662"
        ],
        "x-ms-correlation-request-id": [
          "dcafe3df-f700-4961-944c-cb1fb6236662"
        ],
        "x-ms-routing-request-id": [
          "NORTHCENTRALUS:20180818T235335Z:dcafe3df-f700-4961-944c-cb1fb6236662"
        ],
        "Strict-Transport-Security": [
          "max-age=31536000; includeSubDomains"
        ],
        "X-Content-Type-Options": [
          "nosniff"
        ],
        "Cache-Control": [
          "no-cache"
        ],
        "Date": [
          "Sat, 18 Aug 2018 23:53:35 GMT"
        ],
        "Location": [
          "https://management.azure.com/subscriptions/24fb23e3-6ba3-41f0-9b6e-e41131d5d61e/operationresults/eyJqb2JJZCI6IlJFU09VUkNFR1JPVVBERUxFVElPTkpPQi1DUlBURVNUQVIzNDIxLUVBU1RVUzIiLCJqb2JMb2NhdGlvbiI6ImVhc3R1czIifQ?api-version=2017-05-10"
        ]
      },
      "StatusCode": 202
    },
    {
      "RequestUri": "/subscriptions/24fb23e3-6ba3-41f0-9b6e-e41131d5d61e/operationresults/eyJqb2JJZCI6IlJFU09VUkNFR1JPVVBERUxFVElPTkpPQi1DUlBURVNUQVIzNDIxLUVBU1RVUzIiLCJqb2JMb2NhdGlvbiI6ImVhc3R1czIifQ?api-version=2017-05-10",
      "EncodedRequestUri": "L3N1YnNjcmlwdGlvbnMvMjRmYjIzZTMtNmJhMy00MWYwLTliNmUtZTQxMTMxZDVkNjFlL29wZXJhdGlvbnJlc3VsdHMvZXlKcWIySkpaQ0k2SWxKRlUwOVZVa05GUjFKUFZWQkVSVXhGVkVsUFRrcFBRaTFEVWxCVVJWTlVRVkl6TkRJeExVVkJVMVJWVXpJaUxDSnFiMkpNYjJOaGRHbHZiaUk2SW1WaGMzUjFjeklpZlE/YXBpLXZlcnNpb249MjAxNy0wNS0xMA==",
      "RequestMethod": "GET",
      "RequestBody": "",
      "RequestHeaders": {
        "User-Agent": [
          "FxVersion/4.7.3132.0",
          "OSName/Windows10Enterprise",
          "OSVersion/6.3.17134",
          "Microsoft.Azure.Management.ResourceManager.ResourceManagementClient/1.6.0.0"
        ]
      },
      "ResponseBody": "",
      "ResponseHeaders": {
        "Content-Length": [
          "0"
        ],
        "Expires": [
          "-1"
        ],
        "Pragma": [
          "no-cache"
        ],
        "Retry-After": [
          "15"
        ],
        "x-ms-ratelimit-remaining-subscription-reads": [
          "11995"
        ],
        "x-ms-request-id": [
          "53455293-761f-4ce1-aa9d-d0d407833814"
        ],
        "x-ms-correlation-request-id": [
          "53455293-761f-4ce1-aa9d-d0d407833814"
        ],
        "x-ms-routing-request-id": [
          "NORTHCENTRALUS:20180818T235350Z:53455293-761f-4ce1-aa9d-d0d407833814"
        ],
        "Strict-Transport-Security": [
          "max-age=31536000; includeSubDomains"
        ],
        "X-Content-Type-Options": [
          "nosniff"
        ],
        "Cache-Control": [
          "no-cache"
        ],
        "Date": [
          "Sat, 18 Aug 2018 23:53:50 GMT"
        ],
        "Location": [
          "https://management.azure.com/subscriptions/24fb23e3-6ba3-41f0-9b6e-e41131d5d61e/operationresults/eyJqb2JJZCI6IlJFU09VUkNFR1JPVVBERUxFVElPTkpPQi1DUlBURVNUQVIzNDIxLUVBU1RVUzIiLCJqb2JMb2NhdGlvbiI6ImVhc3R1czIifQ?api-version=2017-05-10"
        ]
      },
      "StatusCode": 202
    },
    {
      "RequestUri": "/subscriptions/24fb23e3-6ba3-41f0-9b6e-e41131d5d61e/operationresults/eyJqb2JJZCI6IlJFU09VUkNFR1JPVVBERUxFVElPTkpPQi1DUlBURVNUQVIzNDIxLUVBU1RVUzIiLCJqb2JMb2NhdGlvbiI6ImVhc3R1czIifQ?api-version=2017-05-10",
      "EncodedRequestUri": "L3N1YnNjcmlwdGlvbnMvMjRmYjIzZTMtNmJhMy00MWYwLTliNmUtZTQxMTMxZDVkNjFlL29wZXJhdGlvbnJlc3VsdHMvZXlKcWIySkpaQ0k2SWxKRlUwOVZVa05GUjFKUFZWQkVSVXhGVkVsUFRrcFBRaTFEVWxCVVJWTlVRVkl6TkRJeExVVkJVMVJWVXpJaUxDSnFiMkpNYjJOaGRHbHZiaUk2SW1WaGMzUjFjeklpZlE/YXBpLXZlcnNpb249MjAxNy0wNS0xMA==",
      "RequestMethod": "GET",
      "RequestBody": "",
      "RequestHeaders": {
        "User-Agent": [
          "FxVersion/4.7.3132.0",
          "OSName/Windows10Enterprise",
          "OSVersion/6.3.17134",
          "Microsoft.Azure.Management.ResourceManager.ResourceManagementClient/1.6.0.0"
        ]
      },
      "ResponseBody": "",
      "ResponseHeaders": {
        "Content-Length": [
          "0"
        ],
        "Expires": [
          "-1"
        ],
        "Pragma": [
          "no-cache"
        ],
        "Retry-After": [
          "15"
        ],
        "x-ms-ratelimit-remaining-subscription-reads": [
          "11994"
        ],
        "x-ms-request-id": [
          "a620606a-1dc1-40fb-b86e-658e512e0eb4"
        ],
        "x-ms-correlation-request-id": [
          "a620606a-1dc1-40fb-b86e-658e512e0eb4"
        ],
        "x-ms-routing-request-id": [
          "NORTHCENTRALUS:20180818T235405Z:a620606a-1dc1-40fb-b86e-658e512e0eb4"
        ],
        "Strict-Transport-Security": [
          "max-age=31536000; includeSubDomains"
        ],
        "X-Content-Type-Options": [
          "nosniff"
        ],
        "Cache-Control": [
          "no-cache"
        ],
        "Date": [
          "Sat, 18 Aug 2018 23:54:04 GMT"
        ],
        "Location": [
          "https://management.azure.com/subscriptions/24fb23e3-6ba3-41f0-9b6e-e41131d5d61e/operationresults/eyJqb2JJZCI6IlJFU09VUkNFR1JPVVBERUxFVElPTkpPQi1DUlBURVNUQVIzNDIxLUVBU1RVUzIiLCJqb2JMb2NhdGlvbiI6ImVhc3R1czIifQ?api-version=2017-05-10"
        ]
      },
      "StatusCode": 202
    },
    {
      "RequestUri": "/subscriptions/24fb23e3-6ba3-41f0-9b6e-e41131d5d61e/operationresults/eyJqb2JJZCI6IlJFU09VUkNFR1JPVVBERUxFVElPTkpPQi1DUlBURVNUQVIzNDIxLUVBU1RVUzIiLCJqb2JMb2NhdGlvbiI6ImVhc3R1czIifQ?api-version=2017-05-10",
      "EncodedRequestUri": "L3N1YnNjcmlwdGlvbnMvMjRmYjIzZTMtNmJhMy00MWYwLTliNmUtZTQxMTMxZDVkNjFlL29wZXJhdGlvbnJlc3VsdHMvZXlKcWIySkpaQ0k2SWxKRlUwOVZVa05GUjFKUFZWQkVSVXhGVkVsUFRrcFBRaTFEVWxCVVJWTlVRVkl6TkRJeExVVkJVMVJWVXpJaUxDSnFiMkpNYjJOaGRHbHZiaUk2SW1WaGMzUjFjeklpZlE/YXBpLXZlcnNpb249MjAxNy0wNS0xMA==",
      "RequestMethod": "GET",
      "RequestBody": "",
      "RequestHeaders": {
        "User-Agent": [
          "FxVersion/4.7.3132.0",
          "OSName/Windows10Enterprise",
          "OSVersion/6.3.17134",
          "Microsoft.Azure.Management.ResourceManager.ResourceManagementClient/1.6.0.0"
        ]
      },
      "ResponseBody": "",
      "ResponseHeaders": {
        "Content-Length": [
          "0"
        ],
        "Expires": [
          "-1"
        ],
        "Pragma": [
          "no-cache"
        ],
        "Retry-After": [
          "15"
        ],
        "x-ms-ratelimit-remaining-subscription-reads": [
          "11993"
        ],
        "x-ms-request-id": [
          "05376f09-2282-42f9-be43-25ccdfc2594a"
        ],
        "x-ms-correlation-request-id": [
          "05376f09-2282-42f9-be43-25ccdfc2594a"
        ],
        "x-ms-routing-request-id": [
          "NORTHCENTRALUS:20180818T235421Z:05376f09-2282-42f9-be43-25ccdfc2594a"
        ],
        "Strict-Transport-Security": [
          "max-age=31536000; includeSubDomains"
        ],
        "X-Content-Type-Options": [
          "nosniff"
        ],
        "Cache-Control": [
          "no-cache"
        ],
        "Date": [
          "Sat, 18 Aug 2018 23:54:20 GMT"
        ],
        "Location": [
          "https://management.azure.com/subscriptions/24fb23e3-6ba3-41f0-9b6e-e41131d5d61e/operationresults/eyJqb2JJZCI6IlJFU09VUkNFR1JPVVBERUxFVElPTkpPQi1DUlBURVNUQVIzNDIxLUVBU1RVUzIiLCJqb2JMb2NhdGlvbiI6ImVhc3R1czIifQ?api-version=2017-05-10"
        ]
      },
      "StatusCode": 202
    },
    {
      "RequestUri": "/subscriptions/24fb23e3-6ba3-41f0-9b6e-e41131d5d61e/operationresults/eyJqb2JJZCI6IlJFU09VUkNFR1JPVVBERUxFVElPTkpPQi1DUlBURVNUQVIzNDIxLUVBU1RVUzIiLCJqb2JMb2NhdGlvbiI6ImVhc3R1czIifQ?api-version=2017-05-10",
      "EncodedRequestUri": "L3N1YnNjcmlwdGlvbnMvMjRmYjIzZTMtNmJhMy00MWYwLTliNmUtZTQxMTMxZDVkNjFlL29wZXJhdGlvbnJlc3VsdHMvZXlKcWIySkpaQ0k2SWxKRlUwOVZVa05GUjFKUFZWQkVSVXhGVkVsUFRrcFBRaTFEVWxCVVJWTlVRVkl6TkRJeExVVkJVMVJWVXpJaUxDSnFiMkpNYjJOaGRHbHZiaUk2SW1WaGMzUjFjeklpZlE/YXBpLXZlcnNpb249MjAxNy0wNS0xMA==",
      "RequestMethod": "GET",
      "RequestBody": "",
      "RequestHeaders": {
        "User-Agent": [
          "FxVersion/4.7.3132.0",
          "OSName/Windows10Enterprise",
          "OSVersion/6.3.17134",
          "Microsoft.Azure.Management.ResourceManager.ResourceManagementClient/1.6.0.0"
        ]
      },
      "ResponseBody": "",
      "ResponseHeaders": {
        "Content-Length": [
          "0"
        ],
        "Expires": [
          "-1"
        ],
        "Pragma": [
          "no-cache"
        ],
        "Retry-After": [
          "15"
        ],
        "x-ms-ratelimit-remaining-subscription-reads": [
          "11992"
        ],
        "x-ms-request-id": [
          "db78a3d0-63f7-442d-970f-7ddd28b77b0e"
        ],
        "x-ms-correlation-request-id": [
          "db78a3d0-63f7-442d-970f-7ddd28b77b0e"
        ],
        "x-ms-routing-request-id": [
          "NORTHCENTRALUS:20180818T235436Z:db78a3d0-63f7-442d-970f-7ddd28b77b0e"
        ],
        "Strict-Transport-Security": [
          "max-age=31536000; includeSubDomains"
        ],
        "X-Content-Type-Options": [
          "nosniff"
        ],
        "Cache-Control": [
          "no-cache"
        ],
        "Date": [
          "Sat, 18 Aug 2018 23:54:35 GMT"
        ],
        "Location": [
          "https://management.azure.com/subscriptions/24fb23e3-6ba3-41f0-9b6e-e41131d5d61e/operationresults/eyJqb2JJZCI6IlJFU09VUkNFR1JPVVBERUxFVElPTkpPQi1DUlBURVNUQVIzNDIxLUVBU1RVUzIiLCJqb2JMb2NhdGlvbiI6ImVhc3R1czIifQ?api-version=2017-05-10"
        ]
      },
      "StatusCode": 202
    },
    {
      "RequestUri": "/subscriptions/24fb23e3-6ba3-41f0-9b6e-e41131d5d61e/operationresults/eyJqb2JJZCI6IlJFU09VUkNFR1JPVVBERUxFVElPTkpPQi1DUlBURVNUQVIzNDIxLUVBU1RVUzIiLCJqb2JMb2NhdGlvbiI6ImVhc3R1czIifQ?api-version=2017-05-10",
      "EncodedRequestUri": "L3N1YnNjcmlwdGlvbnMvMjRmYjIzZTMtNmJhMy00MWYwLTliNmUtZTQxMTMxZDVkNjFlL29wZXJhdGlvbnJlc3VsdHMvZXlKcWIySkpaQ0k2SWxKRlUwOVZVa05GUjFKUFZWQkVSVXhGVkVsUFRrcFBRaTFEVWxCVVJWTlVRVkl6TkRJeExVVkJVMVJWVXpJaUxDSnFiMkpNYjJOaGRHbHZiaUk2SW1WaGMzUjFjeklpZlE/YXBpLXZlcnNpb249MjAxNy0wNS0xMA==",
      "RequestMethod": "GET",
      "RequestBody": "",
      "RequestHeaders": {
        "User-Agent": [
          "FxVersion/4.7.3132.0",
          "OSName/Windows10Enterprise",
          "OSVersion/6.3.17134",
          "Microsoft.Azure.Management.ResourceManager.ResourceManagementClient/1.6.0.0"
        ]
      },
      "ResponseBody": "",
      "ResponseHeaders": {
        "Content-Length": [
          "0"
        ],
        "Expires": [
          "-1"
        ],
        "Pragma": [
          "no-cache"
        ],
        "Retry-After": [
          "15"
        ],
        "x-ms-ratelimit-remaining-subscription-reads": [
          "11991"
        ],
        "x-ms-request-id": [
          "ea0fb28f-fc0c-4e9c-9a71-95efd9d1012e"
        ],
        "x-ms-correlation-request-id": [
          "ea0fb28f-fc0c-4e9c-9a71-95efd9d1012e"
        ],
        "x-ms-routing-request-id": [
          "NORTHCENTRALUS:20180818T235451Z:ea0fb28f-fc0c-4e9c-9a71-95efd9d1012e"
        ],
        "Strict-Transport-Security": [
          "max-age=31536000; includeSubDomains"
        ],
        "X-Content-Type-Options": [
          "nosniff"
        ],
        "Cache-Control": [
          "no-cache"
        ],
        "Date": [
          "Sat, 18 Aug 2018 23:54:50 GMT"
        ],
        "Location": [
          "https://management.azure.com/subscriptions/24fb23e3-6ba3-41f0-9b6e-e41131d5d61e/operationresults/eyJqb2JJZCI6IlJFU09VUkNFR1JPVVBERUxFVElPTkpPQi1DUlBURVNUQVIzNDIxLUVBU1RVUzIiLCJqb2JMb2NhdGlvbiI6ImVhc3R1czIifQ?api-version=2017-05-10"
        ]
      },
      "StatusCode": 202
    },
    {
      "RequestUri": "/subscriptions/24fb23e3-6ba3-41f0-9b6e-e41131d5d61e/operationresults/eyJqb2JJZCI6IlJFU09VUkNFR1JPVVBERUxFVElPTkpPQi1DUlBURVNUQVIzNDIxLUVBU1RVUzIiLCJqb2JMb2NhdGlvbiI6ImVhc3R1czIifQ?api-version=2017-05-10",
      "EncodedRequestUri": "L3N1YnNjcmlwdGlvbnMvMjRmYjIzZTMtNmJhMy00MWYwLTliNmUtZTQxMTMxZDVkNjFlL29wZXJhdGlvbnJlc3VsdHMvZXlKcWIySkpaQ0k2SWxKRlUwOVZVa05GUjFKUFZWQkVSVXhGVkVsUFRrcFBRaTFEVWxCVVJWTlVRVkl6TkRJeExVVkJVMVJWVXpJaUxDSnFiMkpNYjJOaGRHbHZiaUk2SW1WaGMzUjFjeklpZlE/YXBpLXZlcnNpb249MjAxNy0wNS0xMA==",
      "RequestMethod": "GET",
      "RequestBody": "",
      "RequestHeaders": {
        "User-Agent": [
          "FxVersion/4.7.3132.0",
          "OSName/Windows10Enterprise",
          "OSVersion/6.3.17134",
          "Microsoft.Azure.Management.ResourceManager.ResourceManagementClient/1.6.0.0"
        ]
      },
      "ResponseBody": "",
      "ResponseHeaders": {
        "Content-Length": [
          "0"
        ],
        "Expires": [
          "-1"
        ],
        "Pragma": [
          "no-cache"
        ],
        "Retry-After": [
          "15"
        ],
        "x-ms-ratelimit-remaining-subscription-reads": [
          "11990"
        ],
        "x-ms-request-id": [
          "63c9ebb4-5117-4003-9152-de5f235fe144"
        ],
        "x-ms-correlation-request-id": [
          "63c9ebb4-5117-4003-9152-de5f235fe144"
        ],
        "x-ms-routing-request-id": [
          "NORTHCENTRALUS:20180818T235506Z:63c9ebb4-5117-4003-9152-de5f235fe144"
        ],
        "Strict-Transport-Security": [
          "max-age=31536000; includeSubDomains"
        ],
        "X-Content-Type-Options": [
          "nosniff"
        ],
        "Cache-Control": [
          "no-cache"
        ],
        "Date": [
          "Sat, 18 Aug 2018 23:55:06 GMT"
        ],
        "Location": [
          "https://management.azure.com/subscriptions/24fb23e3-6ba3-41f0-9b6e-e41131d5d61e/operationresults/eyJqb2JJZCI6IlJFU09VUkNFR1JPVVBERUxFVElPTkpPQi1DUlBURVNUQVIzNDIxLUVBU1RVUzIiLCJqb2JMb2NhdGlvbiI6ImVhc3R1czIifQ?api-version=2017-05-10"
        ]
      },
      "StatusCode": 202
    },
    {
      "RequestUri": "/subscriptions/24fb23e3-6ba3-41f0-9b6e-e41131d5d61e/operationresults/eyJqb2JJZCI6IlJFU09VUkNFR1JPVVBERUxFVElPTkpPQi1DUlBURVNUQVIzNDIxLUVBU1RVUzIiLCJqb2JMb2NhdGlvbiI6ImVhc3R1czIifQ?api-version=2017-05-10",
      "EncodedRequestUri": "L3N1YnNjcmlwdGlvbnMvMjRmYjIzZTMtNmJhMy00MWYwLTliNmUtZTQxMTMxZDVkNjFlL29wZXJhdGlvbnJlc3VsdHMvZXlKcWIySkpaQ0k2SWxKRlUwOVZVa05GUjFKUFZWQkVSVXhGVkVsUFRrcFBRaTFEVWxCVVJWTlVRVkl6TkRJeExVVkJVMVJWVXpJaUxDSnFiMkpNYjJOaGRHbHZiaUk2SW1WaGMzUjFjeklpZlE/YXBpLXZlcnNpb249MjAxNy0wNS0xMA==",
      "RequestMethod": "GET",
      "RequestBody": "",
      "RequestHeaders": {
        "User-Agent": [
          "FxVersion/4.7.3132.0",
          "OSName/Windows10Enterprise",
          "OSVersion/6.3.17134",
          "Microsoft.Azure.Management.ResourceManager.ResourceManagementClient/1.6.0.0"
        ]
      },
      "ResponseBody": "",
      "ResponseHeaders": {
        "Content-Length": [
          "0"
        ],
        "Expires": [
          "-1"
        ],
        "Pragma": [
          "no-cache"
        ],
        "Retry-After": [
          "15"
        ],
        "x-ms-ratelimit-remaining-subscription-reads": [
          "11989"
        ],
        "x-ms-request-id": [
          "1b247dd5-89ec-41e8-beeb-ac4fc5830bfc"
        ],
        "x-ms-correlation-request-id": [
          "1b247dd5-89ec-41e8-beeb-ac4fc5830bfc"
        ],
        "x-ms-routing-request-id": [
          "NORTHCENTRALUS:20180818T235521Z:1b247dd5-89ec-41e8-beeb-ac4fc5830bfc"
        ],
        "Strict-Transport-Security": [
          "max-age=31536000; includeSubDomains"
        ],
        "X-Content-Type-Options": [
          "nosniff"
        ],
        "Cache-Control": [
          "no-cache"
        ],
        "Date": [
          "Sat, 18 Aug 2018 23:55:20 GMT"
        ],
        "Location": [
          "https://management.azure.com/subscriptions/24fb23e3-6ba3-41f0-9b6e-e41131d5d61e/operationresults/eyJqb2JJZCI6IlJFU09VUkNFR1JPVVBERUxFVElPTkpPQi1DUlBURVNUQVIzNDIxLUVBU1RVUzIiLCJqb2JMb2NhdGlvbiI6ImVhc3R1czIifQ?api-version=2017-05-10"
        ]
      },
      "StatusCode": 202
    },
    {
      "RequestUri": "/subscriptions/24fb23e3-6ba3-41f0-9b6e-e41131d5d61e/operationresults/eyJqb2JJZCI6IlJFU09VUkNFR1JPVVBERUxFVElPTkpPQi1DUlBURVNUQVIzNDIxLUVBU1RVUzIiLCJqb2JMb2NhdGlvbiI6ImVhc3R1czIifQ?api-version=2017-05-10",
      "EncodedRequestUri": "L3N1YnNjcmlwdGlvbnMvMjRmYjIzZTMtNmJhMy00MWYwLTliNmUtZTQxMTMxZDVkNjFlL29wZXJhdGlvbnJlc3VsdHMvZXlKcWIySkpaQ0k2SWxKRlUwOVZVa05GUjFKUFZWQkVSVXhGVkVsUFRrcFBRaTFEVWxCVVJWTlVRVkl6TkRJeExVVkJVMVJWVXpJaUxDSnFiMkpNYjJOaGRHbHZiaUk2SW1WaGMzUjFjeklpZlE/YXBpLXZlcnNpb249MjAxNy0wNS0xMA==",
      "RequestMethod": "GET",
      "RequestBody": "",
      "RequestHeaders": {
        "User-Agent": [
          "FxVersion/4.7.3132.0",
          "OSName/Windows10Enterprise",
          "OSVersion/6.3.17134",
          "Microsoft.Azure.Management.ResourceManager.ResourceManagementClient/1.6.0.0"
        ]
      },
      "ResponseBody": "",
      "ResponseHeaders": {
        "Content-Length": [
          "0"
        ],
        "Expires": [
          "-1"
        ],
        "Pragma": [
          "no-cache"
        ],
        "Retry-After": [
          "15"
        ],
        "x-ms-ratelimit-remaining-subscription-reads": [
          "11988"
        ],
        "x-ms-request-id": [
          "07c4262e-de7c-4c61-954c-82c51ca7d416"
        ],
        "x-ms-correlation-request-id": [
          "07c4262e-de7c-4c61-954c-82c51ca7d416"
        ],
        "x-ms-routing-request-id": [
          "NORTHCENTRALUS:20180818T235536Z:07c4262e-de7c-4c61-954c-82c51ca7d416"
        ],
        "Strict-Transport-Security": [
          "max-age=31536000; includeSubDomains"
        ],
        "X-Content-Type-Options": [
          "nosniff"
        ],
        "Cache-Control": [
          "no-cache"
        ],
        "Date": [
          "Sat, 18 Aug 2018 23:55:35 GMT"
        ],
        "Location": [
          "https://management.azure.com/subscriptions/24fb23e3-6ba3-41f0-9b6e-e41131d5d61e/operationresults/eyJqb2JJZCI6IlJFU09VUkNFR1JPVVBERUxFVElPTkpPQi1DUlBURVNUQVIzNDIxLUVBU1RVUzIiLCJqb2JMb2NhdGlvbiI6ImVhc3R1czIifQ?api-version=2017-05-10"
        ]
      },
      "StatusCode": 202
    },
    {
      "RequestUri": "/subscriptions/24fb23e3-6ba3-41f0-9b6e-e41131d5d61e/operationresults/eyJqb2JJZCI6IlJFU09VUkNFR1JPVVBERUxFVElPTkpPQi1DUlBURVNUQVIzNDIxLUVBU1RVUzIiLCJqb2JMb2NhdGlvbiI6ImVhc3R1czIifQ?api-version=2017-05-10",
      "EncodedRequestUri": "L3N1YnNjcmlwdGlvbnMvMjRmYjIzZTMtNmJhMy00MWYwLTliNmUtZTQxMTMxZDVkNjFlL29wZXJhdGlvbnJlc3VsdHMvZXlKcWIySkpaQ0k2SWxKRlUwOVZVa05GUjFKUFZWQkVSVXhGVkVsUFRrcFBRaTFEVWxCVVJWTlVRVkl6TkRJeExVVkJVMVJWVXpJaUxDSnFiMkpNYjJOaGRHbHZiaUk2SW1WaGMzUjFjeklpZlE/YXBpLXZlcnNpb249MjAxNy0wNS0xMA==",
      "RequestMethod": "GET",
      "RequestBody": "",
      "RequestHeaders": {
        "User-Agent": [
          "FxVersion/4.7.3132.0",
          "OSName/Windows10Enterprise",
          "OSVersion/6.3.17134",
          "Microsoft.Azure.Management.ResourceManager.ResourceManagementClient/1.6.0.0"
        ]
      },
      "ResponseBody": "",
      "ResponseHeaders": {
        "Content-Length": [
          "0"
        ],
        "Expires": [
          "-1"
        ],
        "Pragma": [
          "no-cache"
        ],
        "Retry-After": [
          "15"
        ],
        "x-ms-ratelimit-remaining-subscription-reads": [
          "11987"
        ],
        "x-ms-request-id": [
          "44a6dca4-6961-48e9-bfeb-2d387fa949ad"
        ],
        "x-ms-correlation-request-id": [
          "44a6dca4-6961-48e9-bfeb-2d387fa949ad"
        ],
        "x-ms-routing-request-id": [
          "NORTHCENTRALUS:20180818T235551Z:44a6dca4-6961-48e9-bfeb-2d387fa949ad"
        ],
        "Strict-Transport-Security": [
          "max-age=31536000; includeSubDomains"
        ],
        "X-Content-Type-Options": [
          "nosniff"
        ],
        "Cache-Control": [
          "no-cache"
        ],
        "Date": [
          "Sat, 18 Aug 2018 23:55:51 GMT"
        ],
        "Location": [
          "https://management.azure.com/subscriptions/24fb23e3-6ba3-41f0-9b6e-e41131d5d61e/operationresults/eyJqb2JJZCI6IlJFU09VUkNFR1JPVVBERUxFVElPTkpPQi1DUlBURVNUQVIzNDIxLUVBU1RVUzIiLCJqb2JMb2NhdGlvbiI6ImVhc3R1czIifQ?api-version=2017-05-10"
        ]
      },
      "StatusCode": 202
    },
    {
      "RequestUri": "/subscriptions/24fb23e3-6ba3-41f0-9b6e-e41131d5d61e/operationresults/eyJqb2JJZCI6IlJFU09VUkNFR1JPVVBERUxFVElPTkpPQi1DUlBURVNUQVIzNDIxLUVBU1RVUzIiLCJqb2JMb2NhdGlvbiI6ImVhc3R1czIifQ?api-version=2017-05-10",
      "EncodedRequestUri": "L3N1YnNjcmlwdGlvbnMvMjRmYjIzZTMtNmJhMy00MWYwLTliNmUtZTQxMTMxZDVkNjFlL29wZXJhdGlvbnJlc3VsdHMvZXlKcWIySkpaQ0k2SWxKRlUwOVZVa05GUjFKUFZWQkVSVXhGVkVsUFRrcFBRaTFEVWxCVVJWTlVRVkl6TkRJeExVVkJVMVJWVXpJaUxDSnFiMkpNYjJOaGRHbHZiaUk2SW1WaGMzUjFjeklpZlE/YXBpLXZlcnNpb249MjAxNy0wNS0xMA==",
      "RequestMethod": "GET",
      "RequestBody": "",
      "RequestHeaders": {
        "User-Agent": [
          "FxVersion/4.7.3132.0",
          "OSName/Windows10Enterprise",
          "OSVersion/6.3.17134",
          "Microsoft.Azure.Management.ResourceManager.ResourceManagementClient/1.6.0.0"
        ]
      },
      "ResponseBody": "",
      "ResponseHeaders": {
        "Content-Length": [
          "0"
        ],
        "Expires": [
          "-1"
        ],
        "Pragma": [
          "no-cache"
        ],
        "Retry-After": [
          "15"
        ],
        "x-ms-ratelimit-remaining-subscription-reads": [
          "11986"
        ],
        "x-ms-request-id": [
          "d5ddb6e3-f6ae-4558-a335-427ba50cc2e6"
        ],
        "x-ms-correlation-request-id": [
          "d5ddb6e3-f6ae-4558-a335-427ba50cc2e6"
        ],
        "x-ms-routing-request-id": [
          "NORTHCENTRALUS:20180818T235606Z:d5ddb6e3-f6ae-4558-a335-427ba50cc2e6"
        ],
        "Strict-Transport-Security": [
          "max-age=31536000; includeSubDomains"
        ],
        "X-Content-Type-Options": [
          "nosniff"
        ],
        "Cache-Control": [
          "no-cache"
        ],
        "Date": [
          "Sat, 18 Aug 2018 23:56:06 GMT"
        ],
        "Location": [
          "https://management.azure.com/subscriptions/24fb23e3-6ba3-41f0-9b6e-e41131d5d61e/operationresults/eyJqb2JJZCI6IlJFU09VUkNFR1JPVVBERUxFVElPTkpPQi1DUlBURVNUQVIzNDIxLUVBU1RVUzIiLCJqb2JMb2NhdGlvbiI6ImVhc3R1czIifQ?api-version=2017-05-10"
        ]
      },
      "StatusCode": 202
    },
    {
      "RequestUri": "/subscriptions/24fb23e3-6ba3-41f0-9b6e-e41131d5d61e/operationresults/eyJqb2JJZCI6IlJFU09VUkNFR1JPVVBERUxFVElPTkpPQi1DUlBURVNUQVIzNDIxLUVBU1RVUzIiLCJqb2JMb2NhdGlvbiI6ImVhc3R1czIifQ?api-version=2017-05-10",
      "EncodedRequestUri": "L3N1YnNjcmlwdGlvbnMvMjRmYjIzZTMtNmJhMy00MWYwLTliNmUtZTQxMTMxZDVkNjFlL29wZXJhdGlvbnJlc3VsdHMvZXlKcWIySkpaQ0k2SWxKRlUwOVZVa05GUjFKUFZWQkVSVXhGVkVsUFRrcFBRaTFEVWxCVVJWTlVRVkl6TkRJeExVVkJVMVJWVXpJaUxDSnFiMkpNYjJOaGRHbHZiaUk2SW1WaGMzUjFjeklpZlE/YXBpLXZlcnNpb249MjAxNy0wNS0xMA==",
      "RequestMethod": "GET",
      "RequestBody": "",
      "RequestHeaders": {
        "User-Agent": [
          "FxVersion/4.7.3132.0",
          "OSName/Windows10Enterprise",
          "OSVersion/6.3.17134",
          "Microsoft.Azure.Management.ResourceManager.ResourceManagementClient/1.6.0.0"
        ]
      },
      "ResponseBody": "",
      "ResponseHeaders": {
        "Content-Length": [
          "0"
        ],
        "Expires": [
          "-1"
        ],
        "Pragma": [
          "no-cache"
        ],
        "Retry-After": [
          "15"
        ],
        "x-ms-ratelimit-remaining-subscription-reads": [
          "11985"
        ],
        "x-ms-request-id": [
          "485a5d53-b908-4271-ba67-42d2ee45e25c"
        ],
        "x-ms-correlation-request-id": [
          "485a5d53-b908-4271-ba67-42d2ee45e25c"
        ],
        "x-ms-routing-request-id": [
          "NORTHCENTRALUS:20180818T235621Z:485a5d53-b908-4271-ba67-42d2ee45e25c"
        ],
        "Strict-Transport-Security": [
          "max-age=31536000; includeSubDomains"
        ],
        "X-Content-Type-Options": [
          "nosniff"
        ],
        "Cache-Control": [
          "no-cache"
        ],
        "Date": [
          "Sat, 18 Aug 2018 23:56:21 GMT"
        ],
        "Location": [
          "https://management.azure.com/subscriptions/24fb23e3-6ba3-41f0-9b6e-e41131d5d61e/operationresults/eyJqb2JJZCI6IlJFU09VUkNFR1JPVVBERUxFVElPTkpPQi1DUlBURVNUQVIzNDIxLUVBU1RVUzIiLCJqb2JMb2NhdGlvbiI6ImVhc3R1czIifQ?api-version=2017-05-10"
        ]
      },
      "StatusCode": 202
    },
    {
      "RequestUri": "/subscriptions/24fb23e3-6ba3-41f0-9b6e-e41131d5d61e/operationresults/eyJqb2JJZCI6IlJFU09VUkNFR1JPVVBERUxFVElPTkpPQi1DUlBURVNUQVIzNDIxLUVBU1RVUzIiLCJqb2JMb2NhdGlvbiI6ImVhc3R1czIifQ?api-version=2017-05-10",
      "EncodedRequestUri": "L3N1YnNjcmlwdGlvbnMvMjRmYjIzZTMtNmJhMy00MWYwLTliNmUtZTQxMTMxZDVkNjFlL29wZXJhdGlvbnJlc3VsdHMvZXlKcWIySkpaQ0k2SWxKRlUwOVZVa05GUjFKUFZWQkVSVXhGVkVsUFRrcFBRaTFEVWxCVVJWTlVRVkl6TkRJeExVVkJVMVJWVXpJaUxDSnFiMkpNYjJOaGRHbHZiaUk2SW1WaGMzUjFjeklpZlE/YXBpLXZlcnNpb249MjAxNy0wNS0xMA==",
      "RequestMethod": "GET",
      "RequestBody": "",
      "RequestHeaders": {
        "User-Agent": [
          "FxVersion/4.7.3132.0",
          "OSName/Windows10Enterprise",
          "OSVersion/6.3.17134",
          "Microsoft.Azure.Management.ResourceManager.ResourceManagementClient/1.6.0.0"
        ]
      },
      "ResponseBody": "",
      "ResponseHeaders": {
        "Content-Length": [
          "0"
        ],
        "Expires": [
          "-1"
        ],
        "Pragma": [
          "no-cache"
        ],
        "Retry-After": [
          "15"
        ],
        "x-ms-ratelimit-remaining-subscription-reads": [
          "11984"
        ],
        "x-ms-request-id": [
          "52b3c006-c629-4a7c-ba49-20a776e7c2cb"
        ],
        "x-ms-correlation-request-id": [
          "52b3c006-c629-4a7c-ba49-20a776e7c2cb"
        ],
        "x-ms-routing-request-id": [
          "NORTHCENTRALUS:20180818T235637Z:52b3c006-c629-4a7c-ba49-20a776e7c2cb"
        ],
        "Strict-Transport-Security": [
          "max-age=31536000; includeSubDomains"
        ],
        "X-Content-Type-Options": [
          "nosniff"
        ],
        "Cache-Control": [
          "no-cache"
        ],
        "Date": [
          "Sat, 18 Aug 2018 23:56:36 GMT"
        ],
        "Location": [
          "https://management.azure.com/subscriptions/24fb23e3-6ba3-41f0-9b6e-e41131d5d61e/operationresults/eyJqb2JJZCI6IlJFU09VUkNFR1JPVVBERUxFVElPTkpPQi1DUlBURVNUQVIzNDIxLUVBU1RVUzIiLCJqb2JMb2NhdGlvbiI6ImVhc3R1czIifQ?api-version=2017-05-10"
        ]
      },
      "StatusCode": 202
    },
    {
      "RequestUri": "/subscriptions/24fb23e3-6ba3-41f0-9b6e-e41131d5d61e/operationresults/eyJqb2JJZCI6IlJFU09VUkNFR1JPVVBERUxFVElPTkpPQi1DUlBURVNUQVIzNDIxLUVBU1RVUzIiLCJqb2JMb2NhdGlvbiI6ImVhc3R1czIifQ?api-version=2017-05-10",
      "EncodedRequestUri": "L3N1YnNjcmlwdGlvbnMvMjRmYjIzZTMtNmJhMy00MWYwLTliNmUtZTQxMTMxZDVkNjFlL29wZXJhdGlvbnJlc3VsdHMvZXlKcWIySkpaQ0k2SWxKRlUwOVZVa05GUjFKUFZWQkVSVXhGVkVsUFRrcFBRaTFEVWxCVVJWTlVRVkl6TkRJeExVVkJVMVJWVXpJaUxDSnFiMkpNYjJOaGRHbHZiaUk2SW1WaGMzUjFjeklpZlE/YXBpLXZlcnNpb249MjAxNy0wNS0xMA==",
      "RequestMethod": "GET",
      "RequestBody": "",
      "RequestHeaders": {
        "User-Agent": [
          "FxVersion/4.7.3132.0",
          "OSName/Windows10Enterprise",
          "OSVersion/6.3.17134",
          "Microsoft.Azure.Management.ResourceManager.ResourceManagementClient/1.6.0.0"
        ]
      },
      "ResponseBody": "",
      "ResponseHeaders": {
        "Content-Length": [
          "0"
        ],
        "Expires": [
          "-1"
        ],
        "Pragma": [
          "no-cache"
        ],
        "Retry-After": [
          "15"
        ],
        "x-ms-ratelimit-remaining-subscription-reads": [
          "11983"
        ],
        "x-ms-request-id": [
          "4316959b-cdfb-4c12-8753-d9eb0064139f"
        ],
        "x-ms-correlation-request-id": [
          "4316959b-cdfb-4c12-8753-d9eb0064139f"
        ],
        "x-ms-routing-request-id": [
          "NORTHCENTRALUS:20180818T235652Z:4316959b-cdfb-4c12-8753-d9eb0064139f"
        ],
        "Strict-Transport-Security": [
          "max-age=31536000; includeSubDomains"
        ],
        "X-Content-Type-Options": [
          "nosniff"
        ],
        "Cache-Control": [
          "no-cache"
        ],
        "Date": [
          "Sat, 18 Aug 2018 23:56:51 GMT"
        ],
        "Location": [
          "https://management.azure.com/subscriptions/24fb23e3-6ba3-41f0-9b6e-e41131d5d61e/operationresults/eyJqb2JJZCI6IlJFU09VUkNFR1JPVVBERUxFVElPTkpPQi1DUlBURVNUQVIzNDIxLUVBU1RVUzIiLCJqb2JMb2NhdGlvbiI6ImVhc3R1czIifQ?api-version=2017-05-10"
        ]
      },
      "StatusCode": 202
    },
    {
      "RequestUri": "/subscriptions/24fb23e3-6ba3-41f0-9b6e-e41131d5d61e/operationresults/eyJqb2JJZCI6IlJFU09VUkNFR1JPVVBERUxFVElPTkpPQi1DUlBURVNUQVIzNDIxLUVBU1RVUzIiLCJqb2JMb2NhdGlvbiI6ImVhc3R1czIifQ?api-version=2017-05-10",
      "EncodedRequestUri": "L3N1YnNjcmlwdGlvbnMvMjRmYjIzZTMtNmJhMy00MWYwLTliNmUtZTQxMTMxZDVkNjFlL29wZXJhdGlvbnJlc3VsdHMvZXlKcWIySkpaQ0k2SWxKRlUwOVZVa05GUjFKUFZWQkVSVXhGVkVsUFRrcFBRaTFEVWxCVVJWTlVRVkl6TkRJeExVVkJVMVJWVXpJaUxDSnFiMkpNYjJOaGRHbHZiaUk2SW1WaGMzUjFjeklpZlE/YXBpLXZlcnNpb249MjAxNy0wNS0xMA==",
      "RequestMethod": "GET",
      "RequestBody": "",
      "RequestHeaders": {
        "User-Agent": [
          "FxVersion/4.7.3132.0",
          "OSName/Windows10Enterprise",
          "OSVersion/6.3.17134",
          "Microsoft.Azure.Management.ResourceManager.ResourceManagementClient/1.6.0.0"
        ]
      },
      "ResponseBody": "",
      "ResponseHeaders": {
        "Content-Length": [
          "0"
        ],
        "Expires": [
          "-1"
        ],
        "Pragma": [
          "no-cache"
        ],
        "Retry-After": [
          "15"
        ],
        "x-ms-ratelimit-remaining-subscription-reads": [
          "11982"
        ],
        "x-ms-request-id": [
          "1c60e690-5d5f-4b5c-a6f5-212cf4c2c3b4"
        ],
        "x-ms-correlation-request-id": [
          "1c60e690-5d5f-4b5c-a6f5-212cf4c2c3b4"
        ],
        "x-ms-routing-request-id": [
          "NORTHCENTRALUS:20180818T235707Z:1c60e690-5d5f-4b5c-a6f5-212cf4c2c3b4"
        ],
        "Strict-Transport-Security": [
          "max-age=31536000; includeSubDomains"
        ],
        "X-Content-Type-Options": [
          "nosniff"
        ],
        "Cache-Control": [
          "no-cache"
        ],
        "Date": [
          "Sat, 18 Aug 2018 23:57:06 GMT"
        ],
        "Location": [
          "https://management.azure.com/subscriptions/24fb23e3-6ba3-41f0-9b6e-e41131d5d61e/operationresults/eyJqb2JJZCI6IlJFU09VUkNFR1JPVVBERUxFVElPTkpPQi1DUlBURVNUQVIzNDIxLUVBU1RVUzIiLCJqb2JMb2NhdGlvbiI6ImVhc3R1czIifQ?api-version=2017-05-10"
        ]
      },
      "StatusCode": 202
    },
    {
      "RequestUri": "/subscriptions/24fb23e3-6ba3-41f0-9b6e-e41131d5d61e/operationresults/eyJqb2JJZCI6IlJFU09VUkNFR1JPVVBERUxFVElPTkpPQi1DUlBURVNUQVIzNDIxLUVBU1RVUzIiLCJqb2JMb2NhdGlvbiI6ImVhc3R1czIifQ?api-version=2017-05-10",
      "EncodedRequestUri": "L3N1YnNjcmlwdGlvbnMvMjRmYjIzZTMtNmJhMy00MWYwLTliNmUtZTQxMTMxZDVkNjFlL29wZXJhdGlvbnJlc3VsdHMvZXlKcWIySkpaQ0k2SWxKRlUwOVZVa05GUjFKUFZWQkVSVXhGVkVsUFRrcFBRaTFEVWxCVVJWTlVRVkl6TkRJeExVVkJVMVJWVXpJaUxDSnFiMkpNYjJOaGRHbHZiaUk2SW1WaGMzUjFjeklpZlE/YXBpLXZlcnNpb249MjAxNy0wNS0xMA==",
      "RequestMethod": "GET",
      "RequestBody": "",
      "RequestHeaders": {
        "User-Agent": [
          "FxVersion/4.7.3132.0",
          "OSName/Windows10Enterprise",
          "OSVersion/6.3.17134",
          "Microsoft.Azure.Management.ResourceManager.ResourceManagementClient/1.6.0.0"
        ]
      },
      "ResponseBody": "",
      "ResponseHeaders": {
        "Content-Length": [
          "0"
        ],
        "Expires": [
          "-1"
        ],
        "Pragma": [
          "no-cache"
        ],
        "Retry-After": [
          "15"
        ],
        "x-ms-ratelimit-remaining-subscription-reads": [
          "11981"
        ],
        "x-ms-request-id": [
          "69ea9d97-2b15-4d53-bf38-1a344d013638"
        ],
        "x-ms-correlation-request-id": [
          "69ea9d97-2b15-4d53-bf38-1a344d013638"
        ],
        "x-ms-routing-request-id": [
          "NORTHCENTRALUS:20180818T235722Z:69ea9d97-2b15-4d53-bf38-1a344d013638"
        ],
        "Strict-Transport-Security": [
          "max-age=31536000; includeSubDomains"
        ],
        "X-Content-Type-Options": [
          "nosniff"
        ],
        "Cache-Control": [
          "no-cache"
        ],
        "Date": [
          "Sat, 18 Aug 2018 23:57:22 GMT"
        ],
        "Location": [
          "https://management.azure.com/subscriptions/24fb23e3-6ba3-41f0-9b6e-e41131d5d61e/operationresults/eyJqb2JJZCI6IlJFU09VUkNFR1JPVVBERUxFVElPTkpPQi1DUlBURVNUQVIzNDIxLUVBU1RVUzIiLCJqb2JMb2NhdGlvbiI6ImVhc3R1czIifQ?api-version=2017-05-10"
        ]
      },
      "StatusCode": 202
    },
    {
      "RequestUri": "/subscriptions/24fb23e3-6ba3-41f0-9b6e-e41131d5d61e/operationresults/eyJqb2JJZCI6IlJFU09VUkNFR1JPVVBERUxFVElPTkpPQi1DUlBURVNUQVIzNDIxLUVBU1RVUzIiLCJqb2JMb2NhdGlvbiI6ImVhc3R1czIifQ?api-version=2017-05-10",
      "EncodedRequestUri": "L3N1YnNjcmlwdGlvbnMvMjRmYjIzZTMtNmJhMy00MWYwLTliNmUtZTQxMTMxZDVkNjFlL29wZXJhdGlvbnJlc3VsdHMvZXlKcWIySkpaQ0k2SWxKRlUwOVZVa05GUjFKUFZWQkVSVXhGVkVsUFRrcFBRaTFEVWxCVVJWTlVRVkl6TkRJeExVVkJVMVJWVXpJaUxDSnFiMkpNYjJOaGRHbHZiaUk2SW1WaGMzUjFjeklpZlE/YXBpLXZlcnNpb249MjAxNy0wNS0xMA==",
      "RequestMethod": "GET",
      "RequestBody": "",
      "RequestHeaders": {
        "User-Agent": [
          "FxVersion/4.7.3132.0",
          "OSName/Windows10Enterprise",
          "OSVersion/6.3.17134",
          "Microsoft.Azure.Management.ResourceManager.ResourceManagementClient/1.6.0.0"
        ]
      },
      "ResponseBody": "",
      "ResponseHeaders": {
        "Content-Length": [
          "0"
        ],
        "Expires": [
          "-1"
        ],
        "Pragma": [
          "no-cache"
        ],
        "Retry-After": [
          "15"
        ],
        "x-ms-ratelimit-remaining-subscription-reads": [
          "11980"
        ],
        "x-ms-request-id": [
          "fab6a555-cc96-4346-b204-bf71d4c3da24"
        ],
        "x-ms-correlation-request-id": [
          "fab6a555-cc96-4346-b204-bf71d4c3da24"
        ],
        "x-ms-routing-request-id": [
          "NORTHCENTRALUS:20180818T235737Z:fab6a555-cc96-4346-b204-bf71d4c3da24"
        ],
        "Strict-Transport-Security": [
          "max-age=31536000; includeSubDomains"
        ],
        "X-Content-Type-Options": [
          "nosniff"
        ],
        "Cache-Control": [
          "no-cache"
        ],
        "Date": [
          "Sat, 18 Aug 2018 23:57:37 GMT"
        ],
        "Location": [
          "https://management.azure.com/subscriptions/24fb23e3-6ba3-41f0-9b6e-e41131d5d61e/operationresults/eyJqb2JJZCI6IlJFU09VUkNFR1JPVVBERUxFVElPTkpPQi1DUlBURVNUQVIzNDIxLUVBU1RVUzIiLCJqb2JMb2NhdGlvbiI6ImVhc3R1czIifQ?api-version=2017-05-10"
        ]
      },
      "StatusCode": 202
    },
    {
      "RequestUri": "/subscriptions/24fb23e3-6ba3-41f0-9b6e-e41131d5d61e/operationresults/eyJqb2JJZCI6IlJFU09VUkNFR1JPVVBERUxFVElPTkpPQi1DUlBURVNUQVIzNDIxLUVBU1RVUzIiLCJqb2JMb2NhdGlvbiI6ImVhc3R1czIifQ?api-version=2017-05-10",
      "EncodedRequestUri": "L3N1YnNjcmlwdGlvbnMvMjRmYjIzZTMtNmJhMy00MWYwLTliNmUtZTQxMTMxZDVkNjFlL29wZXJhdGlvbnJlc3VsdHMvZXlKcWIySkpaQ0k2SWxKRlUwOVZVa05GUjFKUFZWQkVSVXhGVkVsUFRrcFBRaTFEVWxCVVJWTlVRVkl6TkRJeExVVkJVMVJWVXpJaUxDSnFiMkpNYjJOaGRHbHZiaUk2SW1WaGMzUjFjeklpZlE/YXBpLXZlcnNpb249MjAxNy0wNS0xMA==",
      "RequestMethod": "GET",
      "RequestBody": "",
      "RequestHeaders": {
        "User-Agent": [
          "FxVersion/4.7.3132.0",
          "OSName/Windows10Enterprise",
          "OSVersion/6.3.17134",
          "Microsoft.Azure.Management.ResourceManager.ResourceManagementClient/1.6.0.0"
        ]
      },
      "ResponseBody": "",
      "ResponseHeaders": {
        "Content-Length": [
          "0"
        ],
        "Expires": [
          "-1"
        ],
        "Pragma": [
          "no-cache"
        ],
        "Retry-After": [
          "15"
        ],
        "x-ms-ratelimit-remaining-subscription-reads": [
          "11979"
        ],
        "x-ms-request-id": [
          "d1bfe8b6-0ad4-4381-a4f0-1923e539eb4c"
        ],
        "x-ms-correlation-request-id": [
          "d1bfe8b6-0ad4-4381-a4f0-1923e539eb4c"
        ],
        "x-ms-routing-request-id": [
          "NORTHCENTRALUS:20180818T235752Z:d1bfe8b6-0ad4-4381-a4f0-1923e539eb4c"
        ],
        "Strict-Transport-Security": [
          "max-age=31536000; includeSubDomains"
        ],
        "X-Content-Type-Options": [
          "nosniff"
        ],
        "Cache-Control": [
          "no-cache"
        ],
        "Date": [
          "Sat, 18 Aug 2018 23:57:51 GMT"
        ],
        "Location": [
          "https://management.azure.com/subscriptions/24fb23e3-6ba3-41f0-9b6e-e41131d5d61e/operationresults/eyJqb2JJZCI6IlJFU09VUkNFR1JPVVBERUxFVElPTkpPQi1DUlBURVNUQVIzNDIxLUVBU1RVUzIiLCJqb2JMb2NhdGlvbiI6ImVhc3R1czIifQ?api-version=2017-05-10"
        ]
      },
      "StatusCode": 202
    },
    {
      "RequestUri": "/subscriptions/24fb23e3-6ba3-41f0-9b6e-e41131d5d61e/operationresults/eyJqb2JJZCI6IlJFU09VUkNFR1JPVVBERUxFVElPTkpPQi1DUlBURVNUQVIzNDIxLUVBU1RVUzIiLCJqb2JMb2NhdGlvbiI6ImVhc3R1czIifQ?api-version=2017-05-10",
      "EncodedRequestUri": "L3N1YnNjcmlwdGlvbnMvMjRmYjIzZTMtNmJhMy00MWYwLTliNmUtZTQxMTMxZDVkNjFlL29wZXJhdGlvbnJlc3VsdHMvZXlKcWIySkpaQ0k2SWxKRlUwOVZVa05GUjFKUFZWQkVSVXhGVkVsUFRrcFBRaTFEVWxCVVJWTlVRVkl6TkRJeExVVkJVMVJWVXpJaUxDSnFiMkpNYjJOaGRHbHZiaUk2SW1WaGMzUjFjeklpZlE/YXBpLXZlcnNpb249MjAxNy0wNS0xMA==",
      "RequestMethod": "GET",
      "RequestBody": "",
      "RequestHeaders": {
        "User-Agent": [
          "FxVersion/4.7.3132.0",
          "OSName/Windows10Enterprise",
          "OSVersion/6.3.17134",
          "Microsoft.Azure.Management.ResourceManager.ResourceManagementClient/1.6.0.0"
        ]
      },
      "ResponseBody": "",
      "ResponseHeaders": {
        "Content-Length": [
          "0"
        ],
        "Expires": [
          "-1"
        ],
        "Pragma": [
          "no-cache"
        ],
        "Retry-After": [
          "15"
        ],
        "x-ms-ratelimit-remaining-subscription-reads": [
          "11978"
        ],
        "x-ms-request-id": [
          "9538bde8-d057-48cd-ade3-5b90bf423c9f"
        ],
        "x-ms-correlation-request-id": [
          "9538bde8-d057-48cd-ade3-5b90bf423c9f"
        ],
        "x-ms-routing-request-id": [
          "NORTHCENTRALUS:20180818T235807Z:9538bde8-d057-48cd-ade3-5b90bf423c9f"
        ],
        "Strict-Transport-Security": [
          "max-age=31536000; includeSubDomains"
        ],
        "X-Content-Type-Options": [
          "nosniff"
        ],
        "Cache-Control": [
          "no-cache"
        ],
        "Date": [
          "Sat, 18 Aug 2018 23:58:07 GMT"
        ],
        "Location": [
          "https://management.azure.com/subscriptions/24fb23e3-6ba3-41f0-9b6e-e41131d5d61e/operationresults/eyJqb2JJZCI6IlJFU09VUkNFR1JPVVBERUxFVElPTkpPQi1DUlBURVNUQVIzNDIxLUVBU1RVUzIiLCJqb2JMb2NhdGlvbiI6ImVhc3R1czIifQ?api-version=2017-05-10"
        ]
      },
      "StatusCode": 202
    },
    {
      "RequestUri": "/subscriptions/24fb23e3-6ba3-41f0-9b6e-e41131d5d61e/operationresults/eyJqb2JJZCI6IlJFU09VUkNFR1JPVVBERUxFVElPTkpPQi1DUlBURVNUQVIzNDIxLUVBU1RVUzIiLCJqb2JMb2NhdGlvbiI6ImVhc3R1czIifQ?api-version=2017-05-10",
      "EncodedRequestUri": "L3N1YnNjcmlwdGlvbnMvMjRmYjIzZTMtNmJhMy00MWYwLTliNmUtZTQxMTMxZDVkNjFlL29wZXJhdGlvbnJlc3VsdHMvZXlKcWIySkpaQ0k2SWxKRlUwOVZVa05GUjFKUFZWQkVSVXhGVkVsUFRrcFBRaTFEVWxCVVJWTlVRVkl6TkRJeExVVkJVMVJWVXpJaUxDSnFiMkpNYjJOaGRHbHZiaUk2SW1WaGMzUjFjeklpZlE/YXBpLXZlcnNpb249MjAxNy0wNS0xMA==",
      "RequestMethod": "GET",
      "RequestBody": "",
      "RequestHeaders": {
        "User-Agent": [
          "FxVersion/4.7.3132.0",
          "OSName/Windows10Enterprise",
          "OSVersion/6.3.17134",
          "Microsoft.Azure.Management.ResourceManager.ResourceManagementClient/1.6.0.0"
        ]
      },
      "ResponseBody": "",
      "ResponseHeaders": {
        "Content-Length": [
          "0"
        ],
        "Expires": [
          "-1"
        ],
        "Pragma": [
          "no-cache"
        ],
        "x-ms-ratelimit-remaining-subscription-reads": [
          "11977"
        ],
        "x-ms-request-id": [
          "3e6f9d0d-45e8-4415-ae60-7b69e306deb4"
        ],
        "x-ms-correlation-request-id": [
          "3e6f9d0d-45e8-4415-ae60-7b69e306deb4"
        ],
        "x-ms-routing-request-id": [
          "NORTHCENTRALUS:20180818T235822Z:3e6f9d0d-45e8-4415-ae60-7b69e306deb4"
        ],
        "Strict-Transport-Security": [
          "max-age=31536000; includeSubDomains"
        ],
        "X-Content-Type-Options": [
          "nosniff"
        ],
        "Cache-Control": [
          "no-cache"
        ],
        "Date": [
          "Sat, 18 Aug 2018 23:58:22 GMT"
        ]
      },
      "StatusCode": 200
    },
    {
      "RequestUri": "/subscriptions/24fb23e3-6ba3-41f0-9b6e-e41131d5d61e/operationresults/eyJqb2JJZCI6IlJFU09VUkNFR1JPVVBERUxFVElPTkpPQi1DUlBURVNUQVIzNDIxLUVBU1RVUzIiLCJqb2JMb2NhdGlvbiI6ImVhc3R1czIifQ?api-version=2017-05-10",
      "EncodedRequestUri": "L3N1YnNjcmlwdGlvbnMvMjRmYjIzZTMtNmJhMy00MWYwLTliNmUtZTQxMTMxZDVkNjFlL29wZXJhdGlvbnJlc3VsdHMvZXlKcWIySkpaQ0k2SWxKRlUwOVZVa05GUjFKUFZWQkVSVXhGVkVsUFRrcFBRaTFEVWxCVVJWTlVRVkl6TkRJeExVVkJVMVJWVXpJaUxDSnFiMkpNYjJOaGRHbHZiaUk2SW1WaGMzUjFjeklpZlE/YXBpLXZlcnNpb249MjAxNy0wNS0xMA==",
      "RequestMethod": "GET",
      "RequestBody": "",
      "RequestHeaders": {
        "User-Agent": [
          "FxVersion/4.7.3132.0",
          "OSName/Windows10Enterprise",
          "OSVersion/6.3.17134",
          "Microsoft.Azure.Management.ResourceManager.ResourceManagementClient/1.6.0.0"
        ]
      },
      "ResponseBody": "",
      "ResponseHeaders": {
        "Content-Length": [
          "0"
        ],
        "Expires": [
          "-1"
        ],
        "Pragma": [
          "no-cache"
        ],
        "x-ms-ratelimit-remaining-subscription-reads": [
          "11976"
        ],
        "x-ms-request-id": [
          "e20957c3-516c-4772-a2e2-9d31d5750d59"
        ],
        "x-ms-correlation-request-id": [
          "e20957c3-516c-4772-a2e2-9d31d5750d59"
        ],
        "x-ms-routing-request-id": [
          "NORTHCENTRALUS:20180818T235823Z:e20957c3-516c-4772-a2e2-9d31d5750d59"
        ],
        "Strict-Transport-Security": [
          "max-age=31536000; includeSubDomains"
        ],
        "X-Content-Type-Options": [
          "nosniff"
        ],
        "Cache-Control": [
          "no-cache"
        ],
        "Date": [
          "Sat, 18 Aug 2018 23:58:22 GMT"
        ]
      },
      "StatusCode": 200
    }
  ],
  "Names": {
    "InitializeCommon": [
      "crptestar342",
      "vmss4880",
      "crptestar1642"
    ],
    "CreatePublicIP": [
      "pip9685",
      "dn576"
    ],
    "CreateVNET": [
      "vn2960",
      "sn3671"
    ],
    "CreateNIC": [
      "nic5626",
      "ip9339"
    ],
    "CreateDefaultVMScaleSetInput": [
      "crptestar2117",
      "vmss6855",
      "vmsstestnetconfig9206",
      "vmsstestnetconfig8534"
    ]
  },
  "Variables": {
    "SubscriptionId": "24fb23e3-6ba3-41f0-9b6e-e41131d5d61e"
  }
}
