{
  "Entries": [
    {
      "RequestUri": "https://management.azure.com/subscriptions/c7e7b7a5-88b9-4cd9-a5ed-cc6e3aa4b9c6?api-version=2019-11-01",
      "RequestMethod": "GET",
      "RequestHeaders": {
        "Accept": "application/json",
        "Authorization": "Sanitized",
        "traceparent": "00-8898c7726ee18c4ea0a0b6092a1fd68c-53e4fc98ee57f344-00",
        "User-Agent": [
          "azsdk-net-ResourceManager/1.0.0-beta.5",
          "(.NET 5.0.12; Microsoft Windows 10.0.22000)"
        ],
        "x-ms-client-request-id": "f768ab08c337fd1774c4791c931aa641",
        "x-ms-return-client-request-id": "true"
      },
      "RequestBody": null,
      "StatusCode": 200,
      "ResponseHeaders": {
        "Cache-Control": "no-cache",
        "Content-Length": "404",
        "Content-Type": "application/json; charset=utf-8",
        "Date": "Wed, 01 Dec 2021 09:39:41 GMT",
        "Expires": "-1",
        "Pragma": "no-cache",
        "Strict-Transport-Security": "max-age=31536000; includeSubDomains",
        "X-Content-Type-Options": "nosniff",
        "x-ms-correlation-request-id": "d2546b6f-f7c2-4c7f-a9be-9a85ddecc6f1",
        "x-ms-ratelimit-remaining-subscription-reads": "11983",
        "x-ms-request-id": "d2546b6f-f7c2-4c7f-a9be-9a85ddecc6f1",
        "x-ms-routing-request-id": "JAPANEAST:20211201T093941Z:d2546b6f-f7c2-4c7f-a9be-9a85ddecc6f1"
      },
      "ResponseBody": {
        "id": "/subscriptions/c7e7b7a5-88b9-4cd9-a5ed-cc6e3aa4b9c6",
        "authorizationSource": "RoleBased",
        "managedByTenants": [],
        "subscriptionId": "c7e7b7a5-88b9-4cd9-a5ed-cc6e3aa4b9c6",
        "tenantId": "6d1de6b2-88b7-42b6-9b3e-89a4351d16b4",
        "displayName": "Azure for Students",
        "state": "Enabled",
        "subscriptionPolicies": {
          "locationPlacementId": "Public_2014-09-01",
          "quotaId": "AzureForStudents_2018-01-01",
          "spendingLimit": "Off"
        }
      }
    },
    {
      "RequestUri": "https://management.azure.com/subscriptions/c7e7b7a5-88b9-4cd9-a5ed-cc6e3aa4b9c6/resourcegroups/Test-Dns-5355?api-version=2019-10-01",
      "RequestMethod": "PUT",
      "RequestHeaders": {
        "Accept": "application/json",
        "Authorization": "Sanitized",
        "Content-Length": "21",
        "Content-Type": "application/json",
        "User-Agent": [
          "azsdk-net-ResourceManager/1.0.0-beta.5",
          "(.NET 5.0.12; Microsoft Windows 10.0.22000)"
        ],
        "x-ms-client-request-id": "ebf203f3615da24d55d9b97a3906675f",
        "x-ms-return-client-request-id": "true"
      },
      "RequestBody": {
        "location": "westus"
      },
      "StatusCode": 201,
      "ResponseHeaders": {
        "Cache-Control": "no-cache",
        "Content-Length": "223",
        "Content-Type": "application/json; charset=utf-8",
        "Date": "Wed, 01 Dec 2021 09:39:42 GMT",
        "Expires": "-1",
        "Pragma": "no-cache",
        "Strict-Transport-Security": "max-age=31536000; includeSubDomains",
        "X-Content-Type-Options": "nosniff",
        "x-ms-correlation-request-id": "3e1717de-a78f-4611-9d9d-fc66fe420ab8",
        "x-ms-ratelimit-remaining-subscription-writes": "1198",
        "x-ms-request-id": "3e1717de-a78f-4611-9d9d-fc66fe420ab8",
        "x-ms-routing-request-id": "JAPANEAST:20211201T093942Z:3e1717de-a78f-4611-9d9d-fc66fe420ab8"
      },
      "ResponseBody": {
        "id": "/subscriptions/c7e7b7a5-88b9-4cd9-a5ed-cc6e3aa4b9c6/resourceGroups/Test-Dns-5355",
        "name": "Test-Dns-5355",
        "type": "Microsoft.Resources/resourceGroups",
        "location": "westus",
        "properties": {
          "provisioningState": "Succeeded"
        }
      }
    },
    {
      "RequestUri": "https://management.azure.com/subscriptions/c7e7b7a5-88b9-4cd9-a5ed-cc6e3aa4b9c6/resourcegroups/Test-Dns-5355?api-version=2019-10-01",
      "RequestMethod": "GET",
      "RequestHeaders": {
        "Accept": "application/json",
        "Authorization": "Sanitized",
        "User-Agent": [
          "azsdk-net-ResourceManager/1.0.0-beta.5",
          "(.NET 5.0.12; Microsoft Windows 10.0.22000)"
        ],
        "x-ms-client-request-id": "1c2938a965d923ed97a2275de1c02911",
        "x-ms-return-client-request-id": "true"
      },
      "RequestBody": null,
      "StatusCode": 200,
      "ResponseHeaders": {
        "Cache-Control": "no-cache",
        "Content-Length": "223",
        "Content-Type": "application/json; charset=utf-8",
        "Date": "Wed, 01 Dec 2021 09:39:42 GMT",
        "Expires": "-1",
        "Pragma": "no-cache",
        "Strict-Transport-Security": "max-age=31536000; includeSubDomains",
        "X-Content-Type-Options": "nosniff",
        "x-ms-correlation-request-id": "2bc35913-5819-420d-a955-655b9fd951cf",
        "x-ms-ratelimit-remaining-subscription-reads": "11982",
        "x-ms-request-id": "2bc35913-5819-420d-a955-655b9fd951cf",
        "x-ms-routing-request-id": "JAPANEAST:20211201T093942Z:2bc35913-5819-420d-a955-655b9fd951cf"
      },
      "ResponseBody": {
        "id": "/subscriptions/c7e7b7a5-88b9-4cd9-a5ed-cc6e3aa4b9c6/resourceGroups/Test-Dns-5355",
        "name": "Test-Dns-5355",
        "type": "Microsoft.Resources/resourceGroups",
        "location": "westus",
        "properties": {
          "provisioningState": "Succeeded"
        }
      }
    },
    {
      "RequestUri": "https://management.azure.com/subscriptions/c7e7b7a5-88b9-4cd9-a5ed-cc6e3aa4b9c6/resourceGroups/Test-Dns-5355/providers/Microsoft.Network/dnsZones/dnszonetest.cloud?api-version=2018-05-01",
      "RequestMethod": "PUT",
      "RequestHeaders": {
        "Accept": "application/json",
        "Authorization": "Sanitized",
        "Content-Length": "47",
        "Content-Type": "application/json",
        "User-Agent": [
          "azsdk-net-ResourceManager.Dns/1.0.0-alpha.20211201.1",
          "(.NET 5.0.12; Microsoft Windows 10.0.22000)"
        ],
        "x-ms-client-request-id": "a4ab6c119db64aab1b54e1ea5d833abd",
        "x-ms-return-client-request-id": "true"
      },
      "RequestBody": {
        "tags": {},
        "location": "global",
        "properties": {}
      },
      "StatusCode": 201,
      "ResponseHeaders": {
        "Cache-Control": "private",
        "Content-Length": "531",
        "Content-Type": "application/json; charset=utf-8",
        "Date": "Wed, 01 Dec 2021 09:39:46 GMT",
        "ETag": "00000002-0000-0000-6003-ad5f97e6d701",
        "Server": "Microsoft-IIS/10.0",
        "Strict-Transport-Security": "max-age=31536000; includeSubDomains",
        "X-Content-Type-Options": "nosniff",
        "x-ms-correlation-request-id": "a334b444-bc03-4ae8-903a-28722c0a89e3",
        "x-ms-ratelimit-remaining-subscription-resource-requests": "11998",
        "x-ms-request-id": "a4ab6c11-9db6-4aab-1b54-e1ea5d833abd",
        "x-ms-routing-request-id": "JAPANEAST:20211201T093946Z:a334b444-bc03-4ae8-903a-28722c0a89e3",
        "X-Powered-By": "ASP.NET"
      },
      "ResponseBody": "{\u0022id\u0022:\u0022\\/subscriptions\\/c7e7b7a5-88b9-4cd9-a5ed-cc6e3aa4b9c6\\/resourceGroups\\/test-dns-5355\\/providers\\/Microsoft.Network\\/dnszones\\/dnszonetest.cloud\u0022,\u0022name\u0022:\u0022dnszonetest.cloud\u0022,\u0022type\u0022:\u0022Microsoft.Network\\/dnszones\u0022,\u0022etag\u0022:\u002200000002-0000-0000-6003-ad5f97e6d701\u0022,\u0022location\u0022:\u0022global\u0022,\u0022tags\u0022:{},\u0022properties\u0022:{\u0022maxNumberOfRecordSets\u0022:10000,\u0022maxNumberOfRecordsPerRecordSet\u0022:null,\u0022nameServers\u0022:[\u0022ns1-03.azure-dns.com.\u0022,\u0022ns2-03.azure-dns.net.\u0022,\u0022ns3-03.azure-dns.org.\u0022,\u0022ns4-03.azure-dns.info.\u0022],\u0022numberOfRecordSets\u0022:2,\u0022zoneType\u0022:\u0022Public\u0022}}"
    },
    {
      "RequestUri": "https://management.azure.com/subscriptions/c7e7b7a5-88b9-4cd9-a5ed-cc6e3aa4b9c6/resourceGroups/Test-Dns-5355/providers/Microsoft.Network/dnsZones/dnszonetest.cloud?api-version=2018-05-01",
      "RequestMethod": "GET",
      "RequestHeaders": {
        "Accept": "application/json",
        "Authorization": "Sanitized",
        "User-Agent": [
          "azsdk-net-ResourceManager.Dns/1.0.0-alpha.20211201.1",
          "(.NET 5.0.12; Microsoft Windows 10.0.22000)"
        ],
        "x-ms-client-request-id": "e2eabd12257c8e8515ce54ba3aefc195",
        "x-ms-return-client-request-id": "true"
      },
      "RequestBody": null,
      "StatusCode": 200,
      "ResponseHeaders": {
        "Cache-Control": "private",
        "Content-Length": "531",
        "Content-Type": "application/json; charset=utf-8",
        "Date": "Wed, 01 Dec 2021 09:39:48 GMT",
        "ETag": "00000002-0000-0000-6003-ad5f97e6d701",
        "Server": "Microsoft-IIS/10.0",
        "Strict-Transport-Security": "max-age=31536000; includeSubDomains",
        "X-Content-Type-Options": "nosniff",
        "x-ms-correlation-request-id": "d40b1f9c-514a-40a7-8bbf-3798364e75e8",
        "x-ms-ratelimit-remaining-subscription-resource-requests": "499",
        "x-ms-request-id": "e2eabd12-257c-8e85-15ce-54ba3aefc195",
        "x-ms-routing-request-id": "JAPANEAST:20211201T093948Z:d40b1f9c-514a-40a7-8bbf-3798364e75e8",
        "X-Powered-By": "ASP.NET"
      },
      "ResponseBody": "{\u0022id\u0022:\u0022\\/subscriptions\\/c7e7b7a5-88b9-4cd9-a5ed-cc6e3aa4b9c6\\/resourceGroups\\/test-dns-5355\\/providers\\/Microsoft.Network\\/dnszones\\/dnszonetest.cloud\u0022,\u0022name\u0022:\u0022dnszonetest.cloud\u0022,\u0022type\u0022:\u0022Microsoft.Network\\/dnszones\u0022,\u0022etag\u0022:\u002200000002-0000-0000-6003-ad5f97e6d701\u0022,\u0022location\u0022:\u0022global\u0022,\u0022tags\u0022:{},\u0022properties\u0022:{\u0022maxNumberOfRecordSets\u0022:10000,\u0022maxNumberOfRecordsPerRecordSet\u0022:null,\u0022nameServers\u0022:[\u0022ns1-03.azure-dns.com.\u0022,\u0022ns2-03.azure-dns.net.\u0022,\u0022ns3-03.azure-dns.org.\u0022,\u0022ns4-03.azure-dns.info.\u0022],\u0022numberOfRecordSets\u0022:2,\u0022zoneType\u0022:\u0022Public\u0022}}"
    }
  ],
  "Variables": {
    "DNS_TEST_DOMAIN": "dnszonetest.cloud",
    "RandomSeed": "1733569737",
    "RESOURCE_MANAGER_URL": null,
    "SUBSCRIPTION_ID": "c7e7b7a5-88b9-4cd9-a5ed-cc6e3aa4b9c6"
  }
}