{
  "Entries": [
    {
      "RequestUri": "https://localhost:8443/subscriptions/00000000-0000-0000-0000-000000000000?api-version=2019-11-01",
      "RequestMethod": "GET",
      "RequestHeaders": {
        "Accept": "application/json",
        "Authorization": "Sanitized",
        "traceparent": "00-8c283c6b9ef5174b940c1eb989e0156f-ef7526a2302e6343-00",
        "User-Agent": "azsdk-net-ResourceManager/1.0.0-alpha.20211207.1 (.NET Framework 4.8.4300.0; Microsoft Windows 10.0.19044 )",
        "x-ms-client-request-id": "745f3bb82a5fab55b1774f7036672fa1",
        "x-ms-return-client-request-id": "true"
      },
      "RequestBody": null,
      "StatusCode": 200,
      "ResponseHeaders": {
        "Connection": "keep-alive",
        "Content-Length": "403",
        "Content-Type": "application/json; charset=utf-8",
        "Date": "Wed, 08 Dec 2021 03:27:44 GMT",
        "ETag": "W/\u0022193-XMviJqaGXohjOV1XjmYhUY8VLpk\u0022",
        "Keep-Alive": "timeout=5",
        "X-Powered-By": "Express"
      },
      "ResponseBody": {
        "id": "/subscriptions/00000000-0000-0000-0000-000000000000",
        "authorizationSource": "RoleBased",
        "managedByTenants": [],
        "subscriptionId": "00000000-0000-0000-0000-000000000000",
        "tenantId": "0000000-0000-0000-0000-000000000000",
        "displayName": "Name of the subscription",
        "state": "Enabled",
        "subscriptionPolicies": {
          "locationPlacementId": "Internal_2014-09-01",
          "quotaId": "Internal_2014-09-01",
          "spendingLimit": "Off"
        }
      }
    },
    {
      "RequestUri": "https://localhost:8443/subscriptions/00000000-0000-0000-0000-000000000000/resourcegroups/myResourceGroup?api-version=2019-10-01",
      "RequestMethod": "PUT",
      "RequestHeaders": {
        "Accept": "application/json",
        "Authorization": "Sanitized",
        "Content-Length": "81",
        "Content-Type": "application/json",
        "User-Agent": "azsdk-net-ResourceManager/1.0.0-alpha.20211207.1 (.NET Framework 4.8.4300.0; Microsoft Windows 10.0.19044 )",
        "x-ms-client-request-id": "561e0d1dcf63199c6a56dfe8ca4e114e",
        "x-ms-return-client-request-id": "true"
      },
      "RequestBody": {
        "location": "Azure.ResourceManager.Resources.Subscription",
        "tags": {
          "test": "env"
        }
      },
      "StatusCode": 200,
      "ResponseHeaders": {
        "Connection": "keep-alive",
        "Content-Length": "254",
        "Content-Type": "application/json; charset=utf-8",
        "Date": "Wed, 08 Dec 2021 03:27:44 GMT",
        "ETag": "W/\u0022fe-aZEo2isVQc1LUmWdignDK6uZSqI\u0022",
        "Keep-Alive": "timeout=5",
        "X-Powered-By": "Express"
      },
      "ResponseBody": {
        "id": "/subscriptions/00000000-0000-0000-0000-000000000000/resourcegroups/myResourceGroup",
        "location": "eastus",
        "managedBy": null,
        "name": "myResourceGroup",
        "properties": {
          "provisioningState": "Succeeded"
        },
        "tags": {},
        "type": "Microsoft.Resources/resourceGroups"
      }
    },
    {
      "RequestUri": "https://localhost:8443/subscriptions/00000000-0000-0000-0000-000000000000/resourceGroups/myResourceGroup/providers/Microsoft.Compute/virtualMachines/myVM?api-version=2021-03-01",
      "RequestMethod": "PUT",
      "RequestHeaders": {
        "Accept": "application/json",
        "Authorization": "Sanitized",
        "Content-Length": "567",
        "Content-Type": "application/json",
        "User-Agent": "azsdk-net-ResourceManager.Compute/1.0.0-alpha.20211207.1 (.NET Framework 4.8.4300.0; Microsoft Windows 10.0.19044 )",
        "x-ms-client-request-id": "6d5094373bd44522c7d0a0b1b2e9473f",
        "x-ms-return-client-request-id": "true"
      },
      "RequestBody": {
        "tags": {},
        "location": "westus",
        "properties": {
          "hardwareProfile": {
            "vmSize": "Standard_D2s_v3"
          },
          "storageProfile": {
            "imageReference": {
              "publisher": "Canonical",
              "offer": "UbuntuServer",
              "sku": "16.04-LTS",
              "version": "latest"
            },
            "osDisk": {
              "name": "myVMosdisk",
              "caching": "ReadWrite",
              "createOption": "FromImage",
              "managedDisk": {
                "storageAccountType": "Premium_LRS"
              }
            }
          },
          "osProfile": {
            "computerName": "myVM",
            "adminUsername": "{your-username}",
            "adminPassword": "{your-password}",
            "linuxConfiguration": {
              "provisionVMAgent": true,
              "patchSettings": {
                "assessmentMode": "ImageDefault"
              }
            }
          },
          "networkProfile": {}
        }
      },
      "StatusCode": 200,
      "ResponseHeaders": {
        "Connection": "keep-alive",
        "Content-Length": "12430",
        "Content-Type": "application/json; charset=utf-8",
        "Date": "Wed, 08 Dec 2021 03:27:44 GMT",
        "ETag": "W/\u0022308e-RXJwGdZcM6XGb39cl9eSZAlr\u002Bdk\u0022",
        "Keep-Alive": "timeout=5",
        "X-Powered-By": "Express"
      },
      "ResponseBody": {
        "id": "/subscriptions/00000000-0000-0000-0000-000000000000/resourceGroups/myResourceGroup/providers/Microsoft.Compute/virtualMachines/myVM",
        "name": "myVM",
        "type": "a",
        "location": "aaaaa",
        "tags": {
          "key6611": "aaaaaaaaaaaaaaa"
        },
        "plan": {
          "name": "myVM",
          "publisher": "aaaaaaaaaaaaaaaaaaaaaaaaaaaaa",
          "product": "aaaaaaaaa",
          "promotionCode": "aaaaaaaaaa"
        },
        "properties": {
          "hardwareProfile": {
            "vmSize": "Basic_A0"
          },
          "storageProfile": {
            "imageReference": {
              "id": "/subscriptions/a9cbceed-cd54-47f1-b7a2-bad149218603/resourceGroups/mockRg/providers/Microsoft.Resources/mockResource/mockName",
              "publisher": "a",
              "offer": "aaaaaaaaaaaaaaaaaaaaaaaaaaaa",
              "sku": "aaaaaaaaaaaaaaaaaaaaaaaaa",
              "version": "aaaaaaaaaaaaaaaaaaaaaaaaaaa",
              "exactVersion": "aaaaaaaaaaaaaaaaaaaaa"
            },
            "osDisk": {
              "osType": "Windows",
              "encryptionSettings": {
                "diskEncryptionKey": {
                  "secretUrl": "a",
                  "sourceVault": {
                    "id": "/subscriptions/a9cbceed-cd54-47f1-b7a2-bad149218603/resourceGroups/mockRg/providers/Microsoft.Resources/mockResource/mockName"
                  }
                },
                "keyEncryptionKey": {
                  "keyUrl": "aaaaaaaaaaaaaa",
                  "sourceVault": {
                    "id": "/subscriptions/a9cbceed-cd54-47f1-b7a2-bad149218603/resourceGroups/mockRg/providers/Microsoft.Resources/mockResource/mockName"
                  }
                },
                "enabled": true
              },
              "name": "myVM",
              "vhd": {
                "uri": "aaaaaaaaaaaaaaa"
              },
              "image": {
                "uri": "aaaaaaaaaa"
              },
              "caching": "None",
              "writeAcceleratorEnabled": true,
              "diffDiskSettings": {
                "option": "Local",
                "placement": "CacheDisk"
              },
              "createOption": "FromImage",
              "diskSizeGB": 4,
              "managedDisk": {
                "id": "/subscriptions/a9cbceed-cd54-47f1-b7a2-bad149218603/resourceGroups/mockRg/providers/Microsoft.Resources/mockResource/mockName",
                "storageAccountType": "Standard_LRS",
                "diskEncryptionSet": {
                  "id": "/subscriptions/a9cbceed-cd54-47f1-b7a2-bad149218603/resourceGroups/mockRg/providers/Microsoft.Resources/mockResource/mockName"
                }
              },
              "deleteOption": "Delete"
            },
            "dataDisks": [
              {
                "lun": 15,
                "name": "myVM",
                "vhd": {
                  "uri": "aaaaaaa"
                },
                "image": {
                  "uri": "aaaaaaaa"
                },
                "caching": "None",
                "writeAcceleratorEnabled": true,
                "createOption": "FromImage",
                "diskSizeGB": 3,
                "managedDisk": {
                  "id": "/subscriptions/a9cbceed-cd54-47f1-b7a2-bad149218603/resourceGroups/mockRg/providers/Microsoft.Resources/mockResource/mockName",
                  "storageAccountType": "Standard_LRS",
                  "diskEncryptionSet": {
                    "id": "/subscriptions/a9cbceed-cd54-47f1-b7a2-bad149218603/resourceGroups/mockRg/providers/Microsoft.Resources/mockResource/mockName"
                  }
                },
                "toBeDetached": true,
                "diskIOPSReadWrite": 8,
                "diskMBpsReadWrite": 17,
                "detachOption": "ForceDetach",
                "deleteOption": "Delete"
              }
            ]
          },
          "additionalCapabilities": {
            "ultraSSDEnabled": true
          },
          "osProfile": {
            "computerName": "aaaaaaaaaaaaaaaa",
            "adminUsername": "aaaaaaaaaaaaaaaaaaaaaaaaaaa",
            "adminPassword": "aaaaaaaaaaaaaaaa",
            "customData": "aaaaaaaaaaaaaaaaaaaaaaaaaa",
            "windowsConfiguration": {
              "provisionVMAgent": true,
              "enableAutomaticUpdates": true,
              "timeZone": "aaaaaaaa",
              "additionalUnattendContent": [
                {
                  "passName": "OobeSystem",
                  "componentName": "Microsoft-Windows-Shell-Setup",
                  "settingName": "AutoLogon",
                  "content": "aaaaaaaaaaaaaaaaa"
                }
              ],
              "patchSettings": {
                "patchMode": "Manual",
                "enableHotpatching": true,
                "assessmentMode": "ImageDefault"
              },
              "winRM": {
                "listeners": [
                  {
                    "protocol": "Http",
                    "certificateUrl": "aaaaaaaaaaaaaaaaaaaaaaaaaaaaaa"
                  }
                ]
              }
            },
            "linuxConfiguration": {
              "disablePasswordAuthentication": true,
              "ssh": {
                "publicKeys": [
                  {
                    "path": "aaa",
                    "keyData": "aaaaaaa"
                  }
                ]
              },
              "provisionVMAgent": true,
              "patchSettings": {
                "patchMode": "ImageDefault",
                "assessmentMode": "ImageDefault"
              }
            },
            "secrets": [
              {
                "sourceVault": {
                  "id": "/subscriptions/a9cbceed-cd54-47f1-b7a2-bad149218603/resourceGroups/mockRg/providers/Microsoft.Resources/mockResource/mockName"
                },
                "vaultCertificates": [
                  {
                    "certificateUrl": "aaaaaaaaaaaa",
                    "certificateStore": "aaaaa"
                  }
                ]
              }
            ],
            "allowExtensionOperations": true,
            "requireGuestProvisionSignal": true
          },
          "networkProfile": {
            "networkInterfaces": [
              {
                "id": "/subscriptions/a9cbceed-cd54-47f1-b7a2-bad149218603/resourceGroups/mockRg/providers/Microsoft.Resources/mockResource/mockName",
                "properties": {
                  "primary": true,
                  "deleteOption": "Delete"
                }
              }
            ],
            "networkApiVersion": "2020-11-01",
            "networkInterfaceConfigurations": [
              {
                "name": "myVM",
                "properties": {
                  "primary": true,
                  "deleteOption": "Delete",
                  "enableAcceleratedNetworking": true,
                  "enableFpga": true,
                  "enableIPForwarding": true,
                  "networkSecurityGroup": {
                    "id": "/subscriptions/a9cbceed-cd54-47f1-b7a2-bad149218603/resourceGroups/mockRg/providers/Microsoft.Resources/mockResource/mockName"
                  },
                  "dnsSettings": {
                    "dnsServers": [
                      "aaaaaaaaaa"
                    ]
                  },
                  "ipConfigurations": [
                    {
                      "name": "myVM",
                      "properties": {
                        "subnet": {
                          "id": "/subscriptions/a9cbceed-cd54-47f1-b7a2-bad149218603/resourceGroups/mockRg/providers/Microsoft.Resources/mockResource/mockName"
                        },
                        "primary": true,
                        "publicIPAddressConfiguration": {
                          "name": "myVM",
                          "properties": {
                            "idleTimeoutInMinutes": 22,
                            "deleteOption": "Delete",
                            "dnsSettings": {
                              "domainNameLabel": "aa"
                            },
                            "ipTags": [
                              {
                                "ipTagType": "aaaaaaaaaaaaaaaaaaaaaaaaaaaaa",
                                "tag": "aaaaaa"
                              }
                            ],
                            "publicIPPrefix": {
                              "id": "/subscriptions/a9cbceed-cd54-47f1-b7a2-bad149218603/resourceGroups/mockRg/providers/Microsoft.Resources/mockResource/mockName"
                            },
                            "publicIPAddressVersion": "IPv4",
                            "publicIPAllocationMethod": "Dynamic"
                          },
                          "sku": {
                            "name": "Basic",
                            "tier": "Regional"
                          }
                        },
                        "privateIPAddressVersion": "IPv4",
                        "applicationSecurityGroups": [
                          {
                            "id": "/subscriptions/a9cbceed-cd54-47f1-b7a2-bad149218603/resourceGroups/mockRg/providers/Microsoft.Resources/mockResource/mockName"
                          }
                        ],
                        "applicationGatewayBackendAddressPools": [
                          {
                            "id": "/subscriptions/a9cbceed-cd54-47f1-b7a2-bad149218603/resourceGroups/mockRg/providers/Microsoft.Resources/mockResource/mockName"
                          }
                        ],
                        "loadBalancerBackendAddressPools": [
                          {
                            "id": "/subscriptions/a9cbceed-cd54-47f1-b7a2-bad149218603/resourceGroups/mockRg/providers/Microsoft.Resources/mockResource/mockName"
                          }
                        ]
                      }
                    }
                  ],
                  "dscpConfiguration": {
                    "id": "/subscriptions/a9cbceed-cd54-47f1-b7a2-bad149218603/resourceGroups/mockRg/providers/Microsoft.Resources/mockResource/mockName"
                  }
                }
              }
            ]
          },
          "securityProfile": {
            "uefiSettings": {
              "secureBootEnabled": true,
              "vTpmEnabled": true
            },
            "encryptionAtHost": true,
            "securityType": "TrustedLaunch"
          },
          "diagnosticsProfile": {
            "bootDiagnostics": {
              "enabled": true,
              "storageUri": "aaaaaaaa"
            }
          },
          "availabilitySet": {
            "id": "/subscriptions/a9cbceed-cd54-47f1-b7a2-bad149218603/resourceGroups/mockRg/providers/Microsoft.Resources/mockResource/mockName"
          },
          "virtualMachineScaleSet": {
            "id": "/subscriptions/a9cbceed-cd54-47f1-b7a2-bad149218603/resourceGroups/mockRg/providers/Microsoft.Resources/mockResource/mockName"
          },
          "proximityPlacementGroup": {
            "id": "/subscriptions/a9cbceed-cd54-47f1-b7a2-bad149218603/resourceGroups/mockRg/providers/Microsoft.Resources/mockResource/mockName"
          },
          "priority": "Regular",
          "evictionPolicy": "Deallocate",
          "billingProfile": {
            "maxPrice": 1
          },
          "host": {
            "id": "/subscriptions/a9cbceed-cd54-47f1-b7a2-bad149218603/resourceGroups/mockRg/providers/Microsoft.Resources/mockResource/mockName"
          },
          "hostGroup": {
            "id": "/subscriptions/a9cbceed-cd54-47f1-b7a2-bad149218603/resourceGroups/mockRg/providers/Microsoft.Resources/mockResource/mockName"
          },
          "provisioningState": "Succeeded",
          "instanceView": {
            "platformUpdateDomain": 13,
            "platformFaultDomain": 4,
            "computerName": "aaaaaaaaaaaaaaaaaaaaaaaaaaaaaa",
            "osName": "aaaaaaaaaaaaaaaaaaaaaaaaaaaaa",
            "osVersion": "aaaaaaaaaaaa",
            "hyperVGeneration": "V1",
            "rdpThumbPrint": "aaaaaaaaaaaaaaaaaa",
            "vmAgent": {
              "vmAgentVersion": "aaaaaaaaaaaaaaaaaaa",
              "extensionHandlers": [
                {
                  "type": "aaaaaaaaaaaaaaaaaaaaaaaaa",
                  "typeHandlerVersion": "aaaaaaaaaaaaaaaaaaaaaaaaaaa",
                  "status": {
                    "code": "aaaaaaa",
                    "level": "Info",
                    "displayStatus": "aaa",
                    "message": "aaaaaaaaaaa",
                    "time": "2021-12-08T03:27:44.099Z"
                  }
                }
              ],
              "statuses": [
                {
                  "code": "aaaaaaaaaaaaaaaaaaaaaa",
                  "level": "Info",
                  "displayStatus": "aaaaaaaaaaaaaaaaaaaaa",
                  "message": "aaaaaaaaaaaaa",
                  "time": "2021-12-08T03:27:44.099Z"
                }
              ]
            },
            "maintenanceRedeployStatus": {
              "isCustomerInitiatedMaintenanceAllowed": true,
              "preMaintenanceWindowStartTime": "2021-12-08T03:27:44.099Z",
              "preMaintenanceWindowEndTime": "2021-12-08T03:27:44.099Z",
              "maintenanceWindowStartTime": "2021-12-08T03:27:44.099Z",
              "maintenanceWindowEndTime": "2021-12-08T03:27:44.099Z",
              "lastOperationResultCode": "None",
              "lastOperationMessage": "aaaaaaaa"
            },
            "disks": [
              {
                "name": "myVM",
                "encryptionSettings": [
                  {
                    "diskEncryptionKey": {
                      "secretUrl": "aaaaaaaaaaaaaaaaaaaaaaaaaaa",
                      "sourceVault": {
                        "id": "/subscriptions/a9cbceed-cd54-47f1-b7a2-bad149218603/resourceGroups/mockRg/providers/Microsoft.Resources/mockResource/mockName"
                      }
                    },
                    "keyEncryptionKey": {
                      "keyUrl": "aaaaaaaaaaaa",
                      "sourceVault": {
                        "id": "/subscriptions/a9cbceed-cd54-47f1-b7a2-bad149218603/resourceGroups/mockRg/providers/Microsoft.Resources/mockResource/mockName"
                      }
                    },
                    "enabled": true
                  }
                ],
                "statuses": [
                  {
                    "code": "aaaaaaa",
                    "level": "Info",
                    "displayStatus": "a",
                    "message": "aaaaaaaaaaaaaaaa",
                    "time": "2021-12-08T03:27:44.099Z"
                  }
                ]
              }
            ],
            "extensions": [
              {
                "name": "myVM",
                "type": "aaaaaaaaaaaaaaaaa",
                "typeHandlerVersion": "aaaaaaaaaa",
                "substatuses": [
                  {
                    "code": "aaaaaaaaaaaaaaaa",
                    "level": "Info",
                    "displayStatus": "aaaa",
                    "message": "aaaaaaaaaaaa",
                    "time": "2021-12-08T03:27:44.099Z"
                  }
                ],
                "statuses": [
                  {
                    "code": "aaaaaaaaaaaaaaaaaaaaaaaaaaaaa",
                    "level": "Info",
                    "displayStatus": "aaaaaaaaaaaaaaaaaaaaaaaaaaa",
                    "message": "aaaaaaaaaaaaaaaaaaaaa",
                    "time": "2021-12-08T03:27:44.099Z"
                  }
                ]
              }
            ],
            "vmHealth": {
              "status": {
                "code": "aaaa",
                "level": "Info",
                "displayStatus": "aaaaaaaaaaaaaaaaaaaaaaa",
                "message": "aaa",
                "time": "2021-12-08T03:27:44.099Z"
              }
            },
            "bootDiagnostics": {
              "consoleScreenshotBlobUri": "a",
              "serialConsoleLogBlobUri": "aaaaaaaaaaaaa",
              "status": {
                "code": "aaaaaaa",
                "level": "Info",
                "displayStatus": "aaaaaaaaaaaaaaaaaaaa",
                "message": "aaa",
                "time": "2021-12-08T03:27:44.099Z"
              }
            },
            "assignedHost": "aaaaaaaaaaaaaaaaaaaaaaaaaaaa",
            "statuses": [
              {
                "code": "aaaaaaaaaaaaaaaaaaaaaaaa",
                "level": "Info",
                "displayStatus": "aaaaaaaaaaaaaaaaaaaaaaaaaaaa",
                "message": "aaaaaa",
                "time": "2021-12-08T03:27:44.099Z"
              }
            ],
            "patchStatus": {
              "availablePatchSummary": {
                "status": "Unknown",
                "assessmentActivityId": "aaaaaaaaaaa",
                "rebootPending": true,
                "criticalAndSecurityPatchCount": 30,
                "otherPatchCount": 18,
                "startTime": "2021-12-08T03:27:44.099Z",
                "lastModifiedTime": "2021-12-08T03:27:44.099Z",
                "error": {
                  "details": [
                    {
                      "code": "aaaaaaaaaaaaaaaaaaaaaaa",
                      "target": "aaaaaaaaaaaaaaaaaaaaaaaaaaaaaa",
                      "message": "aaaaaaaaaaaaaaaaaaaaaaaa"
                    }
                  ],
                  "innererror": {
                    "exceptiontype": "aaaaaaaaaaaaaaaaaaaaaaaaa",
                    "errordetail": "aaaaaaaaa"
                  },
                  "code": "aaaaaaa",
                  "target": "aaaaaaaaa",
                  "message": "aaaaaaaaaaaaaaaaaaaaaa"
                }
              },
              "lastPatchInstallationSummary": {
                "status": "Unknown",
                "installationActivityId": "aaaaaaaaaaaaaaaaaaaaaaaaaaa",
                "maintenanceWindowExceeded": true,
                "notSelectedPatchCount": 14,
                "excludedPatchCount": 22,
                "pendingPatchCount": 5,
                "installedPatchCount": 11,
                "failedPatchCount": 19,
                "startTime": "2021-12-08T03:27:44.099Z",
                "lastModifiedTime": "2021-12-08T03:27:44.099Z",
                "error": {
                  "details": [
                    {
                      "code": "aaaaaaaaaaaaaaaaaaa",
                      "target": "aaaaaaaaaaaaaaaa",
                      "message": "aaaaaaaaaaaaaaaaaaaaa"
                    }
                  ],
                  "innererror": {
                    "exceptiontype": "aaaaaaaaaaa",
                    "errordetail": "aaaaaa"
                  },
                  "code": "aaaaaaaaaaaaaaaaaaaaaa",
                  "target": "aaaa",
                  "message": "aaa"
                }
              },
              "configurationStatuses": [
                {
                  "code": "aaaaaaaaaaaaaaaaaaa",
                  "level": "Info",
                  "displayStatus": "aaaaaaaaaaaaa",
                  "message": "aaaaaaaaaaaaaaa",
                  "time": "2021-12-08T03:27:44.099Z"
                }
              ]
            }
          },
          "licenseType": "a",
          "vmId": "aaaaaaaaaaaaaaaaaaaaaaaaaaaaa",
          "extensionsTimeBudget": "aa",
          "platformFaultDomain": 26,
          "scheduledEventsProfile": {
            "terminateNotificationProfile": {
              "notBeforeTimeout": "aaaaaaaaa",
              "enable": true
            }
          },
          "userData": "aaaaaaaaaaaaaa"
        },
        "resources": [
          {
            "id": "/subscriptions/a9cbceed-cd54-47f1-b7a2-bad149218603/resourceGroups/mockRg/providers/Microsoft.Resources/mockResource/mockName",
            "name": "myVM",
            "type": "aaaaaaaaaaaaaaaaaaaa",
            "location": "aaaaaaa",
            "tags": {
              "key3446": "aaaaaaaaa"
            },
            "properties": {
              "forceUpdateTag": "aaaaaaaaaaaaaaaaaaaaaaaaaaaaa",
              "publisher": "aaaaaaaaaaaaaaaaaaaaaaaaaa",
              "type": "aaaaaaaaaaaa",
              "typeHandlerVersion": "aaaaaaaaaaaaaaaaaa",
              "autoUpgradeMinorVersion": true,
              "enableAutomaticUpgrade": true,
              "settings": {},
              "protectedSettings": {},
              "provisioningState": "Succeeded",
              "instanceView": {
                "name": "myVM",
                "type": "aaaaaaaaaaaaa",
                "typeHandlerVersion": "aaaaaaaaaaaaaaaaaaa",
                "substatuses": [
                  {
                    "code": "aaaaaaaaaaaaaaaaaaaa",
                    "level": "Info",
                    "displayStatus": "aaaaaaaaaaaaa",
                    "message": "aaaaaaaaaaaaaaaaaaa",
                    "time": "2021-12-08T03:27:44.099Z"
                  }
                ],
                "statuses": [
                  {
                    "code": "aaaa",
                    "level": "Info",
                    "displayStatus": "aaaaaaaaaaaaa",
                    "message": "aaaaaaaaaaaaaaaaaaaaaa",
                    "time": "2021-12-08T03:27:44.099Z"
                  }
                ]
              }
            }
          }
        ],
        "identity": {
          "principalId": "00000000-0000-0000-0000-000000000000",
          "tenantId": "00000000-0000-0000-0000-000000000000",
          "type": "SystemAssigned",
          "userAssignedIdentities": {
            "/subscriptions/00000000-0000-0000-0000-000000000000/resourceGroups/00000000-0000-0000-0000-000000000000/providers/Microsoft.ManagedIdentity/userAssignedIdentities/key9809": {
              "principalId": "00000000-0000-0000-0000-000000000000",
              "clientId": "00000000-0000-0000-0000-000000000000"
            }
          }
        },
        "zones": [
          "a"
        ],
        "extendedLocation": {
          "name": "myVM",
          "type": "EdgeZone"
        }
      }
    },
    {
      "RequestUri": "https://localhost:8443/subscriptions/00000000-0000-0000-0000-000000000000/resourceGroups/myResourceGroup/providers/Microsoft.Compute/virtualMachines/myVM/assessPatches?api-version=2021-03-01",
      "RequestMethod": "POST",
      "RequestHeaders": {
        "Accept": "application/json",
        "Authorization": "Sanitized",
        "Content-Length": "0",
        "User-Agent": "azsdk-net-ResourceManager.Compute/1.0.0-alpha.20211207.1 (.NET Framework 4.8.4300.0; Microsoft Windows 10.0.19044 )",
        "x-ms-client-request-id": "a2390165c116e1cdead88e922fea6781",
        "x-ms-return-client-request-id": "true"
      },
      "RequestBody": null,
      "StatusCode": 200,
      "ResponseHeaders": {
        "Connection": "keep-alive",
        "Content-Length": "802",
        "Content-Type": "application/json; charset=utf-8",
        "Date": "Wed, 08 Dec 2021 03:27:44 GMT",
        "ETag": "W/\u0022322-M3N1LkV1YbCS0Xr55Xhh0FTo0Ts\u0022",
        "Keep-Alive": "timeout=5",
        "X-Powered-By": "Express"
      },
      "ResponseBody": {
        "status": "Unknown",
        "assessmentActivityId": "aaaaaaaa",
        "rebootPending": true,
        "criticalAndSecurityPatchCount": 4,
        "otherPatchCount": 23,
        "startDateTime": "2021-12-08T03:27:44.175Z",
        "availablePatches": [
          {
            "patchId": "aaaaa",
            "name": "assessPatches",
            "version": "aaaaaaaaaaaaaaaaaaaaaaaaaaaa",
            "kbId": "aaaaaaaaaaaaaaaaaa",
            "classifications": [
              "aaaa"
            ],
            "rebootBehavior": "Unknown",
            "activityId": "aa",
            "publishedDate": "2021-12-08T03:27:44.175Z",
            "lastModifiedDateTime": "2021-12-08T03:27:44.175Z",
            "assessmentState": "Unknown"
          }
        ],
        "error": {
          "details": [
            {
              "code": "aaaaaaaaaaaaaaaaaaaaaaaaaaaaaa",
              "target": "aaaaaaaa",
              "message": "aaaaaaaa"
            }
          ],
          "innererror": {
            "exceptiontype": "aaaaaaaaaaaaaaaaaaaaaaaaaa",
            "errordetail": "aaaaaaaaaaaaaaaaaaaaaaaaaaaaa"
          },
          "code": "aaaaaaaaaaaaaaaaaa",
          "target": "aaaaaaaaaaaaaaa",
          "message": "aaaaaaaaaaaaaaaaaaaaaaaa"
        }
      }
    }
  ],
  "Variables": {
    "RandomSeed": "1551588265",
    "RESOURCE_MANAGER_URL": "https://localhost:8443",
    "SUBSCRIPTION_ID": "00000000-0000-0000-0000-000000000000"
  }
}
