{
  "Entries": [
    {
      "RequestUri": "https://management.azure.com/subscriptions/db1ab6f0-4769-4b27-930e-01e2ef9c123c?api-version=2021-01-01",
      "RequestMethod": "GET",
      "RequestHeaders": {
        "Accept": "application/json",
        "Authorization": "Sanitized",
        "Connection": "keep-alive",
        "traceparent": "00-636f43b395c97d43927e35d79ef86d9c-bf743fbf181d6b45-00",
        "User-Agent": "azsdk-net-ResourceManager/1.4.0 (.NET Framework 4.8.9139.0; Microsoft Windows 10.0.22621 )",
        "x-ms-client-request-id": "349ebb30348315f7508670ea30168340",
        "x-ms-return-client-request-id": "true"
      },
      "RequestBody": null,
      "StatusCode": 200,
      "ResponseHeaders": {
        "Cache-Control": "no-cache",
        "Content-Length": "748",
        "Content-Type": "application/json; charset=utf-8",
        "Date": "Tue, 18 Apr 2023 06:28:54 GMT",
        "Expires": "-1",
        "Pragma": "no-cache",
        "Strict-Transport-Security": "max-age=31536000; includeSubDomains",
        "X-Content-Type-Options": "nosniff",
        "x-ms-correlation-request-id": "2a811afc-1487-4311-b9d5-1fa4c3ac0395",
        "x-ms-ratelimit-remaining-subscription-reads": "11999",
        "x-ms-request-id": "2a811afc-1487-4311-b9d5-1fa4c3ac0395",
        "x-ms-routing-request-id": "SOUTHEASTASIA:20230418T062855Z:2a811afc-1487-4311-b9d5-1fa4c3ac0395"
      },
      "ResponseBody": {
        "id": "/subscriptions/db1ab6f0-4769-4b27-930e-01e2ef9c123c",
        "authorizationSource": "RoleBased",
        "managedByTenants": [],
        "tags": {
          "TagKey-9823": "TagValue-1254",
          "TagKey-3481": "TagValue-320",
          "TagKey-4926": "TagValue-1187",
          "TagKey-751": "TagValue-3921",
          "TagKey-1866": "TagValue-8559",
          "TagKey-3094": "TagValue-9190",
          "TagKey-2449": "TagValue-9",
          "TagKey-8379": "TagValue-164",
          "TagKey-7470": "TagValue-2205",
          "TagKey-4236": "TagValue-3698",
          "TagKey-5316": "TagValue-2725"
        },
        "subscriptionId": "db1ab6f0-4769-4b27-930e-01e2ef9c123c",
        "tenantId": "72f988bf-86f1-41af-91ab-2d7cd011db47",
        "displayName": ".NET Mgmt SDK Test with TTL = 1 Day",
        "state": "Enabled",
        "subscriptionPolicies": {
          "locationPlacementId": "Internal_2014-09-01",
          "quotaId": "Internal_2014-09-01",
          "spendingLimit": "Off"
        }
      }
    },
    {
      "RequestUri": "https://management.azure.com/subscriptions/db1ab6f0-4769-4b27-930e-01e2ef9c123c/resourcegroups/testRG-1006?api-version=**",
      "RequestMethod": "PUT",
      "RequestHeaders": {
        "Accept": "application/json",
        "Authorization": "Sanitized",
        "Content-Length": "43",
        "Content-Type": "application/json",
        "traceparent": "00-1b45c4a0b4ea8549bb27930967867afa-f3ebacc7279f5d40-00",
        "User-Agent": "azsdk-net-ResourceManager/1.4.0 (.NET Framework 4.8.9139.0; Microsoft Windows 10.0.22621 )",
        "x-ms-client-request-id": "02f3dc9162ecd2dec6177be654a82e04",
        "x-ms-return-client-request-id": "true"
      },
      "RequestBody": {
        "tags": {
          "test": "env"
        },
        "location": "eastus"
      },
      "StatusCode": 201,
      "ResponseHeaders": {
        "Cache-Control": "no-cache",
        "Content-Length": "241",
        "Content-Type": "application/json; charset=utf-8",
        "Date": "Tue, 18 Apr 2023 06:28:57 GMT",
        "Expires": "-1",
        "Pragma": "no-cache",
        "Strict-Transport-Security": "max-age=31536000; includeSubDomains",
        "X-Content-Type-Options": "nosniff",
        "x-ms-correlation-request-id": "1c776158-ce11-4a16-8d44-fb8e703ecb7b",
        "x-ms-ratelimit-remaining-subscription-writes": "1199",
        "x-ms-request-id": "1c776158-ce11-4a16-8d44-fb8e703ecb7b",
        "x-ms-routing-request-id": "SOUTHEASTASIA:20230418T062858Z:1c776158-ce11-4a16-8d44-fb8e703ecb7b"
      },
      "ResponseBody": {
        "id": "/subscriptions/db1ab6f0-4769-4b27-930e-01e2ef9c123c/resourceGroups/testRG-1006",
        "name": "testRG-1006",
        "type": "Microsoft.Resources/resourceGroups",
        "location": "eastus",
        "tags": {
          "test": "env"
        },
        "properties": {
          "provisioningState": "Succeeded"
        }
      }
    },
    {
      "RequestUri": "https://management.azure.com/subscriptions/db1ab6f0-4769-4b27-930e-01e2ef9c123c/resourceGroups/testRG-1006/providers/Microsoft.Automation/automationAccounts/account7445?api-version=2021-06-22",
      "RequestMethod": "PUT",
      "RequestHeaders": {
        "Accept": "application/json",
        "Authorization": "Sanitized",
        "Content-Length": "59",
        "Content-Type": "application/json",
        "traceparent": "00-aa0e052dc16ef149be3b535455a96b5e-a4028fcb5a90c941-00",
        "User-Agent": "azsdk-net-ResourceManager.Automation/1.1.0-alpha.20230418.1 (.NET Framework 4.8.9139.0; Microsoft Windows 10.0.22621 )",
        "x-ms-client-request-id": "29ad48c48bbe4adbf918c047ca09383c",
        "x-ms-return-client-request-id": "true"
      },
      "RequestBody": {
        "location": "eastus",
        "properties": {
          "sku": {
            "name": "Basic"
          }
        }
      },
      "StatusCode": 201,
      "ResponseHeaders": {
        "Cache-Control": "no-cache",
        "Content-Length": "1109",
        "Content-Type": "application/json; charset=utf-8",
        "Date": "Tue, 18 Apr 2023 06:29:05 GMT",
        "Expires": "-1",
        "Location": "https://management.azure.com/subscriptions/db1ab6f0-4769-4b27-930e-01e2ef9c123c/resourceGroups/testRG-1006/providers/Microsoft.Automation/automationAccounts/account7445?api-version=2021-06-22",
        "Pragma": "no-cache",
        "Server": "Microsoft-HTTPAPI/2.0",
        "Strict-Transport-Security": "max-age=31536000; includeSubDomains",
        "X-Content-Type-Options": "nosniff",
        "x-ms-correlation-request-id": "56eb5497-7079-436e-b6df-41bcabf86ab2",
        "x-ms-ratelimit-remaining-subscription-writes": "1198",
        "x-ms-request-id": "0de9eb5d-9bf9-42a6-af6f-0c511cf3a557",
        "x-ms-routing-request-id": "SOUTHEASTASIA:20230418T062905Z:56eb5497-7079-436e-b6df-41bcabf86ab2"
      },
      "ResponseBody": {
        "name": "account7445",
        "systemData": {
          "createdAt": "2023-04-18T06:29:03.19\u002B00:00",
          "lastModifiedAt": "2023-04-18T06:29:03.19\u002B00:00"
        },
        "id": "/subscriptions/db1ab6f0-4769-4b27-930e-01e2ef9c123c/resourceGroups/testRG-1006/providers/Microsoft.Automation/automationAccounts/account7445",
        "type": "Microsoft.Automation/AutomationAccounts",
        "location": "eastus",
        "tags": {},
        "etag": null,
        "properties": {
          "disableLocalAuth": false,
          "sku": {
            "name": "Basic",
            "family": null,
            "capacity": null
          },
          "state": "Ok",
          "RegistrationUrl": "https://08d5ffda-ac99-4434-91bc-28b31ce8de84.agentsvc.eus.azure-automation.net/accounts/08d5ffda-ac99-4434-91bc-28b31ce8de84",
          "encryption": {
            "keySource": "Microsoft.Automation",
            "identity": {
              "userAssignedIdentity": null
            }
          },
          "automationHybridServiceUrl": "https://08d5ffda-ac99-4434-91bc-28b31ce8de84.jrds.eus.azure-automation.net/automationAccounts/08d5ffda-ac99-4434-91bc-28b31ce8de84",
          "RuntimeConfiguration": {
            "powershell": {
              "builtinModules": {
                "Az": "8.0.0"
              }
            },
            "powershell7": {
              "builtinModules": {
                "Az": "8.0.0"
              }
            }
          },
          "creationTime": "2023-04-18T06:29:03.19\u002B00:00",
          "lastModifiedBy": null,
          "lastModifiedTime": "2023-04-18T06:29:03.19\u002B00:00"
        }
      }
    },
    {
      "RequestUri": "https://management.azure.com/subscriptions/db1ab6f0-4769-4b27-930e-01e2ef9c123c/resourceGroups/testRG-1006/providers/Microsoft.Automation/automationAccounts/account7445/configurations/SampleConfiguration?api-version=2019-06-01",
      "RequestMethod": "PUT",
      "RequestHeaders": {
        "Accept": "application/json",
        "Authorization": "Sanitized",
        "Content-Length": "412",
        "Content-Type": "application/json",
        "traceparent": "00-3c79655c433a3a4592c04d0ae601f784-fa5c5f690c0bcc46-00",
        "User-Agent": "azsdk-net-ResourceManager.Automation/1.1.0-alpha.20230418.1 (.NET Framework 4.8.9139.0; Microsoft Windows 10.0.22621 )",
        "x-ms-client-request-id": "e4942a294377bf5861bd1c7b2ffcde41",
        "x-ms-return-client-request-id": "true"
      },
      "RequestBody": {
        "location": "eastus",
        "properties": {
          "source": {
            "hash": {
              "algorithm": "sha256",
              "value": "A9E5DB56BA21513F61E0B3868816FDC6D4DF5131F5617D7FF0D769674BD5072F"
            },
            "type": "embeddedContent",
            "value": "Configuration SampleConfiguration { Node SampleConfiguration.localhost { WindowsFeature IIS { Name = \u0022Web - Server\u0022; Ensure = \u0022Present\u0022; }}}",
            "version": "1.0.0"
          },
          "description": "new sample configuration test"
        }
      },
      "StatusCode": 201,
      "ResponseHeaders": {
        "Cache-Control": "no-cache",
        "Content-Length": "662",
        "Content-Type": "application/json; charset=utf-8",
        "Date": "Tue, 18 Apr 2023 06:29:09 GMT",
        "ETag": "\u0022638173961486566667\u0022",
        "Expires": "-1",
        "Location": "https://management.azure.com/subscriptions/db1ab6f0-4769-4b27-930e-01e2ef9c123c/resourceGroups/testRG-1006/providers/Microsoft.Automation/automationAccounts/account7445/configurations/SampleConfiguration?api-version=2019-06-01",
        "Pragma": "no-cache",
        "Server": "Microsoft-HTTPAPI/2.0",
        "Strict-Transport-Security": "max-age=31536000; includeSubDomains",
        "X-Content-Type-Options": "nosniff",
        "x-ms-correlation-request-id": "b34af103-bdb4-4645-9647-b737df7e21dc",
        "x-ms-ratelimit-remaining-subscription-writes": "1197",
        "x-ms-request-id": "7b8601f3-05dd-41c8-aa21-73650a29b803",
        "x-ms-routing-request-id": "SOUTHEASTASIA:20230418T062909Z:b34af103-bdb4-4645-9647-b737df7e21dc"
      },
      "ResponseBody": {
        "id": "/subscriptions/db1ab6f0-4769-4b27-930e-01e2ef9c123c/resourceGroups/testRG-1006/providers/Microsoft.Automation/automationAccounts/account7445/configurations/SampleConfiguration",
        "name": "SampleConfiguration",
        "type": "Microsoft.Automation/AutomationAccounts/Configurations",
        "location": "eastus",
        "tags": {},
        "etag": "\u0022638173961486566667\u0022",
        "properties": {
          "provisioningState": "Succeeded",
          "jobCount": 0,
          "parameters": {},
          "description": "new sample configuration test",
          "source": null,
          "state": "Published",
          "creationTime": "2023-04-18T06:29:08.6533333\u002B00:00",
          "lastModifiedTime": "2023-04-18T06:29:08.6566667\u002B00:00",
          "logVerbose": false,
          "rawTags": null,
          "nodeConfigurationCount": 0
        }
      }
    },
    {
      "RequestUri": "https://management.azure.com/subscriptions/db1ab6f0-4769-4b27-930e-01e2ef9c123c/resourceGroups/testRG-1006/providers/Microsoft.Automation/automationAccounts/account7445/configurations/SampleConfiguration?api-version=2019-06-01",
      "RequestMethod": "GET",
      "RequestHeaders": {
        "Accept": "application/json",
        "Authorization": "Sanitized",
        "traceparent": "00-ea9dd5a79d296b4a9193ee437b53ff2c-f562b9e7f2f4fd4f-00",
        "User-Agent": "azsdk-net-ResourceManager.Automation/1.1.0-alpha.20230418.1 (.NET Framework 4.8.9139.0; Microsoft Windows 10.0.22621 )",
        "x-ms-client-request-id": "3a52c4e5ac9350d217b8f24a1e8bfc0e",
        "x-ms-return-client-request-id": "true"
      },
      "RequestBody": null,
      "StatusCode": 200,
      "ResponseHeaders": {
        "Cache-Control": "no-cache",
        "Content-Length": "662",
        "Content-Type": "application/json; charset=utf-8",
        "Date": "Tue, 18 Apr 2023 06:29:09 GMT",
        "ETag": "\u0022638173961486566667\u0022",
        "Expires": "-1",
        "Pragma": "no-cache",
        "Server": "Microsoft-HTTPAPI/2.0",
        "Strict-Transport-Security": "max-age=31536000; includeSubDomains",
        "X-Content-Type-Options": "nosniff",
        "x-ms-correlation-request-id": "a7522780-c5dc-48ba-9531-e9126a356f7d",
        "x-ms-ratelimit-remaining-subscription-reads": "11998",
        "x-ms-request-id": "6299d33f-f67e-4a7c-805f-2e4d0cda222c",
        "x-ms-routing-request-id": "SOUTHEASTASIA:20230418T062910Z:a7522780-c5dc-48ba-9531-e9126a356f7d"
      },
      "ResponseBody": {
        "id": "/subscriptions/db1ab6f0-4769-4b27-930e-01e2ef9c123c/resourceGroups/testRG-1006/providers/Microsoft.Automation/automationAccounts/account7445/configurations/SampleConfiguration",
        "name": "SampleConfiguration",
        "type": "Microsoft.Automation/AutomationAccounts/Configurations",
        "location": "eastus",
        "tags": {},
        "etag": "\u0022638173961486566667\u0022",
        "properties": {
          "provisioningState": "Succeeded",
          "jobCount": 0,
          "parameters": {},
          "description": "new sample configuration test",
          "source": null,
          "state": "Published",
          "creationTime": "2023-04-18T06:29:08.6533333\u002B00:00",
          "lastModifiedTime": "2023-04-18T06:29:08.6566667\u002B00:00",
          "logVerbose": false,
          "rawTags": null,
          "nodeConfigurationCount": 0
        }
      }
    },
    {
      "RequestUri": "https://management.azure.com/subscriptions/db1ab6f0-4769-4b27-930e-01e2ef9c123c/resourceGroups/testRG-1006/providers/Microsoft.Automation/automationAccounts/account7445/nodeConfigurations/SampleConfiguration.localhost?api-version=2020-01-13-preview",
      "RequestMethod": "PUT",
      "RequestHeaders": {
        "Accept": "application/json",
        "Authorization": "Sanitized",
        "Content-Length": "1678",
        "Content-Type": "application/json",
        "traceparent": "00-6b9470f37240964cb4dd4b31da9da81a-177b81364d38254d-00",
        "User-Agent": "azsdk-net-ResourceManager.Automation/1.1.0-alpha.20230418.1 (.NET Framework 4.8.9139.0; Microsoft Windows 10.0.22621 )",
        "x-ms-client-request-id": "7d2aa9421f9981f4f0edc7016f5f1bfd",
        "x-ms-return-client-request-id": "true"
      },
      "RequestBody": {
        "name": "SampleConfiguration.localhost",
        "properties": {
          "source": {
            "hash": {
              "algorithm": "sha256",
              "value": "6DE256A57F01BFA29B88696D5E77A383D6E61484C7686E8DB955FA10ACE9FFE5"
            },
            "type": "embeddedContent",
            "value": "instance of MSFT_RoleResource as $MSFT_RoleResource1ref\r\n                            {\r\n                                ResourceID = \u0022[WindowsFeature]IIS\u0022;\r\n                                Ensure = \u0022Present\u0022;\r\n                                SourceInfo = \u0022::3::32::WindowsFeature\u0022;\r\n                                Name = \u0022Web-Server\u0022; \r\n                                ModuleName = \u0022PsDesiredStateConfiguration\u0022;\r\n                                ModuleVersion = \u00221.0\u0022;\r\n                                ConfigurationName = \u0022SampleConfiguration\u0022;\r\n                            };\r\n\r\n                            instance of OMI_ConfigurationDocument\r\n                            {\r\n                                Version=\u00222.0.0\u0022;\r\n                                MinimumCompatibleVersion = \u00221.0.0\u0022;\r\n                                CompatibleVersionAdditionalProperties= {\u0022Omi_BaseResource:ConfigurationName\u0022};\r\n                                Author=\u0022vameru\u0022;\r\n                                GenerationDate=\u002203/30/2017 13:40:25\u0022;\r\n                                GenerationHost=\u0022VAMERU-BACKEND\u0022;\r\n                                Name=\u0022SampleConfiguration\u0022;\r\n                            };",
            "version": "1.0"
          },
          "configuration": {
            "name": "SampleConfiguration"
          },
          "incrementNodeConfigurationBuild": false
        }
      },
      "StatusCode": 201,
      "ResponseHeaders": {
        "Cache-Control": "no-cache",
        "Content-Length": "541",
        "Content-Type": "application/json; charset=utf-8",
        "Date": "Tue, 18 Apr 2023 06:29:11 GMT",
        "Expires": "-1",
        "Location": "https://management.azure.com/subscriptions/db1ab6f0-4769-4b27-930e-01e2ef9c123c/resourceGroups/testRG-1006/providers/Microsoft.Automation/automationAccounts/account7445/nodeConfigurations/SampleConfiguration.localhost?api-version=2020-01-13-preview",
        "Pragma": "no-cache",
        "Server": "Microsoft-HTTPAPI/2.0",
        "Strict-Transport-Security": "max-age=31536000; includeSubDomains",
        "X-Content-Type-Options": "nosniff",
        "x-ms-correlation-request-id": "9ebb4fdf-c36a-45d3-a9e9-8a5b7650d98d",
        "x-ms-ratelimit-remaining-subscription-writes": "1196",
        "x-ms-request-id": "12eb7da1-47b0-4cee-be8f-005a684f5dbf",
        "x-ms-routing-request-id": "SOUTHEASTASIA:20230418T062912Z:9ebb4fdf-c36a-45d3-a9e9-8a5b7650d98d"
      },
      "ResponseBody": {
        "id": "/subscriptions/db1ab6f0-4769-4b27-930e-01e2ef9c123c/resourceGroups/testRG-1006/providers/Microsoft.Automation/automationAccounts/account7445/nodeConfigurations/SampleConfiguration.localhost",
        "name": "SampleConfiguration.localhost",
        "type": "Microsoft.Automation/AutomationAccounts/nodeConfigurations",
        "properties": {
          "lastModifiedTime": "2023-04-18T06:29:12.3351084\u002B00:00",
          "creationTime": "2023-04-18T06:29:12.3351084\u002B00:00",
          "configuration": {
            "name": "SampleConfiguration"
          },
          "source": null,
          "nodeCount": 0,
          "incrementNodeConfigurationBuild": false
        }
      }
    },
    {
      "RequestUri": "https://management.azure.com/subscriptions/db1ab6f0-4769-4b27-930e-01e2ef9c123c/resourceGroups/testRG-1006/providers/Microsoft.Automation/automationAccounts/account7445/nodeConfigurations/SampleConfiguration.localhost?api-version=2020-01-13-preview",
      "RequestMethod": "GET",
      "RequestHeaders": {
        "Authorization": "Sanitized",
        "traceparent": "00-6b9470f37240964cb4dd4b31da9da81a-73ac3ee4ce14ab40-00",
        "User-Agent": "azsdk-net-ResourceManager/1.4.0 (.NET Framework 4.8.9139.0; Microsoft Windows 10.0.22621 )",
        "x-ms-client-request-id": "85380ec061d2c6a8d0d149a5e5d1e1b8",
        "x-ms-return-client-request-id": "true"
      },
      "RequestBody": null,
      "StatusCode": 200,
      "ResponseHeaders": {
        "Cache-Control": "no-cache",
        "Content-Length": "541",
        "Content-Type": "application/json; charset=utf-8",
        "Date": "Tue, 18 Apr 2023 06:29:12 GMT",
        "Expires": "-1",
        "Pragma": "no-cache",
        "Server": "Microsoft-HTTPAPI/2.0",
        "Strict-Transport-Security": "max-age=31536000; includeSubDomains",
        "X-Content-Type-Options": "nosniff",
        "x-ms-correlation-request-id": "2950210b-5e49-4775-ba7a-7952f9a90aff",
        "x-ms-ratelimit-remaining-subscription-reads": "11997",
        "x-ms-request-id": "26d95cab-ab1b-4726-aa43-350a97f54892",
        "x-ms-routing-request-id": "SOUTHEASTASIA:20230418T062913Z:2950210b-5e49-4775-ba7a-7952f9a90aff"
      },
      "ResponseBody": {
        "id": "/subscriptions/db1ab6f0-4769-4b27-930e-01e2ef9c123c/resourceGroups/testRG-1006/providers/Microsoft.Automation/automationAccounts/account7445/nodeConfigurations/SampleConfiguration.localhost",
        "name": "SampleConfiguration.localhost",
        "type": "Microsoft.Automation/AutomationAccounts/nodeConfigurations",
        "properties": {
          "lastModifiedTime": "2023-04-18T06:29:12.2787986\u002B00:00",
          "creationTime": "2023-04-18T06:29:12.2787986\u002B00:00",
          "configuration": {
            "name": "SampleConfiguration"
          },
          "source": null,
          "nodeCount": 0,
          "incrementNodeConfigurationBuild": false
        }
      }
    },
    {
      "RequestUri": "https://management.azure.com/subscriptions/db1ab6f0-4769-4b27-930e-01e2ef9c123c/resourceGroups/testRG-1006/providers/Microsoft.Automation/automationAccounts/account7445/nodeConfigurations/SampleConfiguration.localhost?api-version=2020-01-13-preview",
      "RequestMethod": "GET",
      "RequestHeaders": {
        "Accept": "application/json",
        "Authorization": "Sanitized",
        "traceparent": "00-c8502bdb0825134f9091f83055ba21d6-349ca8a98fced74c-00",
        "User-Agent": "azsdk-net-ResourceManager.Automation/1.1.0-alpha.20230418.1 (.NET Framework 4.8.9139.0; Microsoft Windows 10.0.22621 )",
        "x-ms-client-request-id": "a010f59df62a4457ffad2555523530e1",
        "x-ms-return-client-request-id": "true"
      },
      "RequestBody": null,
      "StatusCode": 200,
      "ResponseHeaders": {
        "Cache-Control": "no-cache",
        "Content-Length": "541",
        "Content-Type": "application/json; charset=utf-8",
        "Date": "Tue, 18 Apr 2023 06:29:13 GMT",
        "Expires": "-1",
        "Pragma": "no-cache",
        "Server": "Microsoft-HTTPAPI/2.0",
        "Strict-Transport-Security": "max-age=31536000; includeSubDomains",
        "X-Content-Type-Options": "nosniff",
        "x-ms-correlation-request-id": "27fa983a-c1b2-43cc-8405-663f29be7548",
        "x-ms-ratelimit-remaining-subscription-reads": "11996",
        "x-ms-request-id": "2d31c95b-e871-4e92-9e1d-33211389aa14",
        "x-ms-routing-request-id": "SOUTHEASTASIA:20230418T062914Z:27fa983a-c1b2-43cc-8405-663f29be7548"
      },
      "ResponseBody": {
        "id": "/subscriptions/db1ab6f0-4769-4b27-930e-01e2ef9c123c/resourceGroups/testRG-1006/providers/Microsoft.Automation/automationAccounts/account7445/nodeConfigurations/SampleConfiguration.localhost",
        "name": "SampleConfiguration.localhost",
        "type": "Microsoft.Automation/AutomationAccounts/nodeConfigurations",
        "properties": {
          "lastModifiedTime": "2023-04-18T06:29:12.2787986\u002B00:00",
          "creationTime": "2023-04-18T06:29:12.2787986\u002B00:00",
          "configuration": {
            "name": "SampleConfiguration"
          },
          "source": null,
          "nodeCount": 0,
          "incrementNodeConfigurationBuild": false
        }
      }
    },
    {
      "RequestUri": "https://management.azure.com/subscriptions/db1ab6f0-4769-4b27-930e-01e2ef9c123c/resourceGroups/testRG-1006/providers/Microsoft.Automation/automationAccounts/account7445/nodeConfigurations/SampleConfiguration.localhost?api-version=2020-01-13-preview",
      "RequestMethod": "PUT",
      "RequestHeaders": {
        "Accept": "application/json",
        "Authorization": "Sanitized",
        "Content-Length": "1678",
        "Content-Type": "application/json",
        "traceparent": "00-fb6cd75884ab6f4bad0f6dba5cf14446-9770fdbfeb9c1d47-00",
        "User-Agent": "azsdk-net-ResourceManager.Automation/1.1.0-alpha.20230418.1 (.NET Framework 4.8.9139.0; Microsoft Windows 10.0.22621 )",
        "x-ms-client-request-id": "6140f14c9526d82ad69a35e5b4049786",
        "x-ms-return-client-request-id": "true"
      },
      "RequestBody": {
        "name": "SampleConfiguration.localhost",
        "properties": {
          "source": {
            "hash": {
              "algorithm": "sha256",
              "value": "6DE256A57F01BFA29B88696D5E77A383D6E61484C7686E8DB955FA10ACE9FFE5"
            },
            "type": "embeddedContent",
            "value": "instance of MSFT_RoleResource as $MSFT_RoleResource1ref\r\n                            {\r\n                                ResourceID = \u0022[WindowsFeature]IIS\u0022;\r\n                                Ensure = \u0022Present\u0022;\r\n                                SourceInfo = \u0022::3::32::WindowsFeature\u0022;\r\n                                Name = \u0022Web-Server\u0022; \r\n                                ModuleName = \u0022PsDesiredStateConfiguration\u0022;\r\n                                ModuleVersion = \u00221.0\u0022;\r\n                                ConfigurationName = \u0022SampleConfiguration\u0022;\r\n                            };\r\n\r\n                            instance of OMI_ConfigurationDocument\r\n                            {\r\n                                Version=\u00222.0.0\u0022;\r\n                                MinimumCompatibleVersion = \u00221.0.0\u0022;\r\n                                CompatibleVersionAdditionalProperties= {\u0022Omi_BaseResource:ConfigurationName\u0022};\r\n                                Author=\u0022vameru\u0022;\r\n                                GenerationDate=\u002203/30/2017 13:40:25\u0022;\r\n                                GenerationHost=\u0022VAMERU-BACKEND\u0022;\r\n                                Name=\u0022SampleConfiguration\u0022;\r\n                            };",
            "version": "1.0"
          },
          "configuration": {
            "name": "SampleConfiguration"
          },
          "incrementNodeConfigurationBuild": false
        }
      },
      "StatusCode": 201,
      "ResponseHeaders": {
        "Cache-Control": "no-cache",
        "Content-Length": "541",
        "Content-Type": "application/json; charset=utf-8",
        "Date": "Tue, 18 Apr 2023 06:29:14 GMT",
        "Expires": "-1",
        "Location": "https://management.azure.com/subscriptions/db1ab6f0-4769-4b27-930e-01e2ef9c123c/resourceGroups/testRG-1006/providers/Microsoft.Automation/automationAccounts/account7445/nodeConfigurations/SampleConfiguration.localhost?api-version=2020-01-13-preview",
        "Pragma": "no-cache",
        "Server": "Microsoft-HTTPAPI/2.0",
        "Strict-Transport-Security": "max-age=31536000; includeSubDomains",
        "X-Content-Type-Options": "nosniff",
        "x-ms-correlation-request-id": "093205b4-c1aa-47bf-9573-82fe3aced492",
        "x-ms-ratelimit-remaining-subscription-writes": "1195",
        "x-ms-request-id": "fc6292e3-1c33-40a6-b421-d4d42aaab11a",
        "x-ms-routing-request-id": "SOUTHEASTASIA:20230418T062915Z:093205b4-c1aa-47bf-9573-82fe3aced492"
      },
      "ResponseBody": {
        "id": "/subscriptions/db1ab6f0-4769-4b27-930e-01e2ef9c123c/resourceGroups/testRG-1006/providers/Microsoft.Automation/automationAccounts/account7445/nodeConfigurations/SampleConfiguration.localhost",
        "name": "SampleConfiguration.localhost",
        "type": "Microsoft.Automation/AutomationAccounts/nodeConfigurations",
        "properties": {
          "lastModifiedTime": "2023-04-18T06:29:15.7262209\u002B00:00",
          "creationTime": "2023-04-18T06:29:15.7262209\u002B00:00",
          "configuration": {
            "name": "SampleConfiguration"
          },
          "source": null,
          "nodeCount": 0,
          "incrementNodeConfigurationBuild": false
        }
      }
    },
    {
      "RequestUri": "https://management.azure.com/subscriptions/db1ab6f0-4769-4b27-930e-01e2ef9c123c/resourceGroups/testRG-1006/providers/Microsoft.Automation/automationAccounts/account7445/nodeConfigurations/SampleConfiguration.localhost?api-version=2020-01-13-preview",
      "RequestMethod": "GET",
      "RequestHeaders": {
        "Authorization": "Sanitized",
        "traceparent": "00-fb6cd75884ab6f4bad0f6dba5cf14446-919381bfd9bc2847-00",
        "User-Agent": "azsdk-net-ResourceManager/1.4.0 (.NET Framework 4.8.9139.0; Microsoft Windows 10.0.22621 )",
        "x-ms-client-request-id": "f35967a080900792cb38c98fc17290fb",
        "x-ms-return-client-request-id": "true"
      },
      "RequestBody": null,
      "StatusCode": 200,
      "ResponseHeaders": {
        "Cache-Control": "no-cache",
        "Content-Length": "541",
        "Content-Type": "application/json; charset=utf-8",
        "Date": "Tue, 18 Apr 2023 06:29:15 GMT",
        "Expires": "-1",
        "Pragma": "no-cache",
        "Server": "Microsoft-HTTPAPI/2.0",
        "Strict-Transport-Security": "max-age=31536000; includeSubDomains",
        "X-Content-Type-Options": "nosniff",
        "x-ms-correlation-request-id": "e1656a1b-cb2f-47de-acca-022220d34af3",
        "x-ms-ratelimit-remaining-subscription-reads": "11995",
        "x-ms-request-id": "d24d48df-7e69-4124-a72b-48671a102502",
        "x-ms-routing-request-id": "SOUTHEASTASIA:20230418T062916Z:e1656a1b-cb2f-47de-acca-022220d34af3"
      },
      "ResponseBody": {
        "id": "/subscriptions/db1ab6f0-4769-4b27-930e-01e2ef9c123c/resourceGroups/testRG-1006/providers/Microsoft.Automation/automationAccounts/account7445/nodeConfigurations/SampleConfiguration.localhost",
        "name": "SampleConfiguration.localhost",
        "type": "Microsoft.Automation/AutomationAccounts/nodeConfigurations",
        "properties": {
          "lastModifiedTime": "2023-04-18T06:29:12.2787986\u002B00:00",
          "creationTime": "2023-04-18T06:29:12.2787986\u002B00:00",
          "configuration": {
            "name": "SampleConfiguration"
          },
          "source": null,
          "nodeCount": 0,
          "incrementNodeConfigurationBuild": false
        }
      }
    },
    {
      "RequestUri": "https://management.azure.com/subscriptions/db1ab6f0-4769-4b27-930e-01e2ef9c123c/resourceGroups/testRG-1006/providers/Microsoft.Automation/automationAccounts/account7445/nodeConfigurations?api-version=2020-01-13-preview",
      "RequestMethod": "GET",
      "RequestHeaders": {
        "Accept": "application/json",
        "Authorization": "Sanitized",
        "traceparent": "00-d0077e5d68474842a8482c8a939cfcb7-1199360b7612e247-00",
        "User-Agent": "azsdk-net-ResourceManager.Automation/1.1.0-alpha.20230418.1 (.NET Framework 4.8.9139.0; Microsoft Windows 10.0.22621 )",
        "x-ms-client-request-id": "3df39f16d6134be34677aa3210059c83",
        "x-ms-return-client-request-id": "true"
      },
      "RequestBody": null,
      "StatusCode": 200,
      "ResponseHeaders": {
        "Cache-Control": "no-cache",
        "Content-Length": "417",
        "Content-Type": "application/json; charset=utf-8",
        "Date": "Tue, 18 Apr 2023 06:29:17 GMT",
        "Expires": "-1",
        "Pragma": "no-cache",
        "Server": "Microsoft-HTTPAPI/2.0",
        "Strict-Transport-Security": "max-age=31536000; includeSubDomains",
        "X-Content-Type-Options": "nosniff",
        "x-ms-correlation-request-id": "965bcc4c-64d9-4423-8315-7425f0026e92",
        "x-ms-ratelimit-remaining-subscription-reads": "11994",
        "x-ms-request-id": "c73d2f77-0267-4a6a-8314-c3c6d08592d0",
        "x-ms-routing-request-id": "SOUTHEASTASIA:20230418T062917Z:965bcc4c-64d9-4423-8315-7425f0026e92"
      },
      "ResponseBody": {
        "value": [
          {
            "id": "/subscriptions/db1ab6f0-4769-4b27-930e-01e2ef9c123c/resourceGroups/testRG-1006/providers/Microsoft.Automation/automationAccounts/account7445/nodeConfigurations/SampleConfiguration.localhost",
            "name": "SampleConfiguration.localhost",
            "properties": {
              "creationTime": "2023-04-18T06:29:12.2787986\u002B00:00",
              "lastModifiedTime": "2023-04-18T06:29:12.2787986\u002B00:00",
              "configuration": {
                "name": "SampleConfiguration"
              }
            }
          }
        ]
      }
    },
    {
      "RequestUri": "https://management.azure.com/subscriptions/db1ab6f0-4769-4b27-930e-01e2ef9c123c/resourceGroups/testRG-1006/providers/Microsoft.Automation/automationAccounts/account7445/nodeConfigurations/SampleConfiguration.localhost?api-version=2020-01-13-preview",
      "RequestMethod": "GET",
      "RequestHeaders": {
        "Accept": "application/json",
        "Authorization": "Sanitized",
        "traceparent": "00-0262491e8dbe5f4b80f0cd8a14785527-efdffaff447d554d-00",
        "User-Agent": "azsdk-net-ResourceManager.Automation/1.1.0-alpha.20230418.1 (.NET Framework 4.8.9139.0; Microsoft Windows 10.0.22621 )",
        "x-ms-client-request-id": "4c449a27a3abe1f5821a8ec5371c0844",
        "x-ms-return-client-request-id": "true"
      },
      "RequestBody": null,
      "StatusCode": 200,
      "ResponseHeaders": {
        "Cache-Control": "no-cache",
        "Content-Length": "541",
        "Content-Type": "application/json; charset=utf-8",
        "Date": "Tue, 18 Apr 2023 06:29:18 GMT",
        "Expires": "-1",
        "Pragma": "no-cache",
        "Server": "Microsoft-HTTPAPI/2.0",
        "Strict-Transport-Security": "max-age=31536000; includeSubDomains",
        "X-Content-Type-Options": "nosniff",
        "x-ms-correlation-request-id": "2c0da28f-d225-4021-98e4-e0af828e760a",
        "x-ms-ratelimit-remaining-subscription-reads": "11993",
        "x-ms-request-id": "611ef0d7-3c96-4127-b5de-d040b912413c",
        "x-ms-routing-request-id": "SOUTHEASTASIA:20230418T062918Z:2c0da28f-d225-4021-98e4-e0af828e760a"
      },
      "ResponseBody": {
        "id": "/subscriptions/db1ab6f0-4769-4b27-930e-01e2ef9c123c/resourceGroups/testRG-1006/providers/Microsoft.Automation/automationAccounts/account7445/nodeConfigurations/SampleConfiguration.localhost",
        "name": "SampleConfiguration.localhost",
        "type": "Microsoft.Automation/AutomationAccounts/nodeConfigurations",
        "properties": {
          "lastModifiedTime": "2023-04-18T06:29:12.2787986\u002B00:00",
          "creationTime": "2023-04-18T06:29:12.2787986\u002B00:00",
          "configuration": {
            "name": "SampleConfiguration"
          },
          "source": null,
          "nodeCount": 0,
          "incrementNodeConfigurationBuild": false
        }
      }
    },
    {
      "RequestUri": "https://management.azure.com/subscriptions/db1ab6f0-4769-4b27-930e-01e2ef9c123c/resourceGroups/testRG-1006/providers/Microsoft.Automation/automationAccounts/account7445/nodeConfigurations/SampleConfiguration.localhost1?api-version=2020-01-13-preview",
      "RequestMethod": "GET",
      "RequestHeaders": {
        "Accept": "application/json",
        "Authorization": "Sanitized",
        "traceparent": "00-1b459115c55bbf4683626d4d61df6d22-617d6b9927d60e46-00",
        "User-Agent": "azsdk-net-ResourceManager.Automation/1.1.0-alpha.20230418.1 (.NET Framework 4.8.9139.0; Microsoft Windows 10.0.22621 )",
        "x-ms-client-request-id": "9b0e8963355eca87840dad19d55ff6c5",
        "x-ms-return-client-request-id": "true"
      },
      "RequestBody": null,
      "StatusCode": 404,
      "ResponseHeaders": {
        "Cache-Control": "no-cache",
        "Content-Length": "32",
        "Content-Type": "application/json; charset=utf-8",
        "Date": "Tue, 18 Apr 2023 06:29:18 GMT",
        "Expires": "-1",
        "Pragma": "no-cache",
        "Server": "Microsoft-HTTPAPI/2.0",
        "Strict-Transport-Security": "max-age=31536000; includeSubDomains",
        "X-Content-Type-Options": "nosniff",
        "x-ms-correlation-request-id": "6ea0b465-64da-4f7e-84ce-dd654d5f2d31",
        "x-ms-ratelimit-remaining-subscription-reads": "11992",
        "x-ms-request-id": "7ae593db-2441-40b5-b1be-02e9ba681291",
        "x-ms-routing-request-id": "SOUTHEASTASIA:20230418T062918Z:6ea0b465-64da-4f7e-84ce-dd654d5f2d31"
      },
      "ResponseBody": {
        "code": "NotFound",
        "message": ""
      }
    },
    {
      "RequestUri": "https://management.azure.com/subscriptions/db1ab6f0-4769-4b27-930e-01e2ef9c123c/resourceGroups/testRG-1006/providers/Microsoft.Automation/automationAccounts/account7445/nodeConfigurations/SampleConfiguration.localhost?api-version=2020-01-13-preview",
      "RequestMethod": "GET",
      "RequestHeaders": {
        "Accept": "application/json",
        "Authorization": "Sanitized",
        "traceparent": "00-802ee5a86bb32341990f534e32d6d9e6-fd6bf23b17108a43-00",
        "User-Agent": "azsdk-net-ResourceManager.Automation/1.1.0-alpha.20230418.1 (.NET Framework 4.8.9139.0; Microsoft Windows 10.0.22621 )",
        "x-ms-client-request-id": "2768469b432d7250a911bbf8471e142a",
        "x-ms-return-client-request-id": "true"
      },
      "RequestBody": null,
      "StatusCode": 200,
      "ResponseHeaders": {
        "Cache-Control": "no-cache",
        "Content-Length": "541",
        "Content-Type": "application/json; charset=utf-8",
        "Date": "Tue, 18 Apr 2023 06:29:19 GMT",
        "Expires": "-1",
        "Pragma": "no-cache",
        "Server": "Microsoft-HTTPAPI/2.0",
        "Strict-Transport-Security": "max-age=31536000; includeSubDomains",
        "X-Content-Type-Options": "nosniff",
        "x-ms-correlation-request-id": "e6bbd9da-dff2-43da-9d3e-99de3494d18b",
        "x-ms-ratelimit-remaining-subscription-reads": "11991",
        "x-ms-request-id": "56d9e875-def5-4af8-950a-9d4a3c9f21fc",
        "x-ms-routing-request-id": "SOUTHEASTASIA:20230418T062919Z:e6bbd9da-dff2-43da-9d3e-99de3494d18b"
      },
      "ResponseBody": {
        "id": "/subscriptions/db1ab6f0-4769-4b27-930e-01e2ef9c123c/resourceGroups/testRG-1006/providers/Microsoft.Automation/automationAccounts/account7445/nodeConfigurations/SampleConfiguration.localhost",
        "name": "SampleConfiguration.localhost",
        "type": "Microsoft.Automation/AutomationAccounts/nodeConfigurations",
        "properties": {
          "lastModifiedTime": "2023-04-18T06:29:12.2787986\u002B00:00",
          "creationTime": "2023-04-18T06:29:12.2787986\u002B00:00",
          "configuration": {
            "name": "SampleConfiguration"
          },
          "source": null,
          "nodeCount": 0,
          "incrementNodeConfigurationBuild": false
        }
      }
    },
    {
      "RequestUri": "https://management.azure.com/subscriptions/db1ab6f0-4769-4b27-930e-01e2ef9c123c/resourceGroups/testRG-1006/providers/Microsoft.Automation/automationAccounts/account7445/nodeConfigurations/SampleConfiguration.localhost?api-version=2020-01-13-preview",
      "RequestMethod": "DELETE",
      "RequestHeaders": {
        "Accept": "application/json",
        "Authorization": "Sanitized",
        "traceparent": "00-eecff5b46bc28f44a89cba8cf8412a2d-6d28080d1fae6349-00",
        "User-Agent": "azsdk-net-ResourceManager.Automation/1.1.0-alpha.20230418.1 (.NET Framework 4.8.9139.0; Microsoft Windows 10.0.22621 )",
        "x-ms-client-request-id": "86ce656e00f7f1241379c89df5dc0b22",
        "x-ms-return-client-request-id": "true"
      },
      "RequestBody": null,
      "StatusCode": 200,
      "ResponseHeaders": {
        "Cache-Control": "no-cache",
        "Content-Length": "0",
        "Date": "Tue, 18 Apr 2023 06:29:20 GMT",
        "Expires": "-1",
        "Pragma": "no-cache",
        "Server": "Microsoft-HTTPAPI/2.0",
        "Strict-Transport-Security": "max-age=31536000; includeSubDomains",
        "X-Content-Type-Options": "nosniff",
        "x-ms-correlation-request-id": "ffa2b5da-453b-4188-a4a1-fd923a2fc0c4",
        "x-ms-ratelimit-remaining-subscription-deletes": "14999",
        "x-ms-request-id": "ab49e25f-57c1-4e72-bb98-dd3c2d77eaac",
        "x-ms-routing-request-id": "SOUTHEASTASIA:20230418T062920Z:ffa2b5da-453b-4188-a4a1-fd923a2fc0c4"
      },
      "ResponseBody": null
    }
  ],
  "Variables": {
    "AZURE_AUTHORITY_HOST": "https://login.microsoftonline.com/",
    "RandomSeed": "190698279",
    "RESOURCE_MANAGER_URL": null,
    "SUBSCRIPTION_ID": "db1ab6f0-4769-4b27-930e-01e2ef9c123c"
  }
}
