{
  "Entries": [
    {
      "RequestUri": "https://management.azure.com/subscriptions/db1ab6f0-4769-4b27-930e-01e2ef9c123c?api-version=2019-11-01",
      "RequestMethod": "GET",
      "RequestHeaders": {
        "Accept": "application/json",
        "Authorization": "Sanitized",
        "User-Agent": "azsdk-net-ResourceManager/1.0.0-alpha.20210823.1 (.NET Framework 4.8.4341.0; Microsoft Windows 10.0.19043 )",
        "x-ms-client-request-id": "43cd20540810ef7eb8738efe016987bc",
        "x-ms-return-client-request-id": "true"
      },
      "RequestBody": null,
      "StatusCode": 200,
      "ResponseHeaders": {
        "Cache-Control": "no-cache",
        "Content-Length": "468",
        "Content-Type": "application/json; charset=utf-8",
        "Date": "Thu, 26 Aug 2021 07:38:31 GMT",
        "Expires": "-1",
        "Pragma": "no-cache",
        "Strict-Transport-Security": "max-age=31536000; includeSubDomains",
        "X-Content-Type-Options": "nosniff",
        "x-ms-correlation-request-id": "0ef77467-bb1a-4187-9d19-9fd7e278c940",
        "x-ms-ratelimit-remaining-subscription-reads": "11945",
        "x-ms-request-id": "0ef77467-bb1a-4187-9d19-9fd7e278c940",
        "x-ms-routing-request-id": "SOUTHEASTASIA:20210826T073832Z:0ef77467-bb1a-4187-9d19-9fd7e278c940"
      },
      "ResponseBody": {
        "id": "/subscriptions/db1ab6f0-4769-4b27-930e-01e2ef9c123c",
        "authorizationSource": "RoleBased",
        "managedByTenants": [],
        "tags": {
          "tagKey1": "tagValue1",
          "tagKey2": "tagValue2"
        },
        "subscriptionId": "db1ab6f0-4769-4b27-930e-01e2ef9c123c",
        "tenantId": "72f988bf-86f1-41af-91ab-2d7cd011db47",
        "displayName": ".NET Mgmt SDK Test with TTL = 1 Day",
        "state": "Enabled",
        "subscriptionPolicies": {
          "locationPlacementId": "Internal_2014-09-01",
          "quotaId": "Internal_2014-09-01",
          "spendingLimit": "Off"
        }
      }
    },
    {
      "RequestUri": "https://management.azure.com/subscriptions/db1ab6f0-4769-4b27-930e-01e2ef9c123c/resourcegroups/pe_rg8484?api-version=2019-10-01",
      "RequestMethod": "PUT",
      "RequestHeaders": {
        "Accept": "application/json",
        "Authorization": "Sanitized",
        "Content-Length": "21",
        "Content-Type": "application/json",
        "traceparent": "00-3a894bb9112f1149a7c3a03d9f09a94d-c5331c6e15851b46-00",
        "User-Agent": "azsdk-net-ResourceManager/1.0.0-alpha.20210823.1 (.NET Framework 4.8.4341.0; Microsoft Windows 10.0.19043 )",
        "x-ms-client-request-id": "0d944d5acddd0e7b7a52fb4642ae08af",
        "x-ms-return-client-request-id": "true"
      },
      "RequestBody": {
        "location": "eastus"
      },
      "StatusCode": 201,
      "ResponseHeaders": {
        "Cache-Control": "no-cache",
        "Content-Length": "215",
        "Content-Type": "application/json; charset=utf-8",
        "Date": "Thu, 26 Aug 2021 07:38:32 GMT",
        "Expires": "-1",
        "Pragma": "no-cache",
        "Strict-Transport-Security": "max-age=31536000; includeSubDomains",
        "X-Content-Type-Options": "nosniff",
        "x-ms-correlation-request-id": "471e0e56-9299-4d83-9fca-0f19ebfdcffe",
        "x-ms-ratelimit-remaining-subscription-writes": "1188",
        "x-ms-request-id": "471e0e56-9299-4d83-9fca-0f19ebfdcffe",
        "x-ms-routing-request-id": "SOUTHEASTASIA:20210826T073833Z:471e0e56-9299-4d83-9fca-0f19ebfdcffe"
      },
      "ResponseBody": {
        "id": "/subscriptions/db1ab6f0-4769-4b27-930e-01e2ef9c123c/resourceGroups/pe_rg8484",
        "name": "pe_rg8484",
        "type": "Microsoft.Resources/resourceGroups",
        "location": "eastus",
        "properties": {
          "provisioningState": "Succeeded"
        }
      }
    },
    {
      "RequestUri": "https://management.azure.com/subscriptions/db1ab6f0-4769-4b27-930e-01e2ef9c123c/providers/Microsoft.Network/locations/eastus/availablePrivateEndpointTypes?api-version=2021-02-01",
      "RequestMethod": "GET",
      "RequestHeaders": {
        "Accept": "application/json",
        "Authorization": "Sanitized",
        "traceparent": "00-e5f6703dacf43d4e88b89e7cc090dff7-207be573077ff149-00",
        "User-Agent": "azsdk-net-ResourceManager/1.0.0-alpha.20210823.1 (.NET Framework 4.8.4341.0; Microsoft Windows 10.0.19043 )",
        "x-ms-client-request-id": "e7e9b674c11290ea935b40823972a2e5",
        "x-ms-return-client-request-id": "true"
      },
      "RequestBody": null,
      "StatusCode": 200,
      "ResponseHeaders": {
        "Cache-Control": "no-cache",
        "Content-Length": "22963",
        "Content-Type": "application/json; charset=utf-8",
        "Date": "Thu, 26 Aug 2021 07:38:33 GMT",
        "Expires": "-1",
        "Pragma": "no-cache",
        "Server": [
          "Microsoft-HTTPAPI/2.0",
          "Microsoft-HTTPAPI/2.0"
        ],
        "Strict-Transport-Security": "max-age=31536000; includeSubDomains",
        "X-Content-Type-Options": "nosniff",
        "x-ms-arm-service-request-id": "d7d4a383-119d-4796-8327-c6e185ded0ef",
        "x-ms-client-request-id": "e7e9b674c11290ea935b40823972a2e5",
        "x-ms-correlation-request-id": "a938a18b-a643-4cc9-9188-e8e26fc4f64e",
        "x-ms-ratelimit-remaining-subscription-reads": "11944",
        "x-ms-request-id": "25b6c0b0-27be-41a4-bff3-dc90fe00e46b",
        "x-ms-routing-request-id": "SOUTHEASTASIA:20210826T073833Z:a938a18b-a643-4cc9-9188-e8e26fc4f64e"
      },
      "ResponseBody": [
        "{\r\n",
        "  \u0022value\u0022: [\r\n",
        "    {\r\n",
        "      \u0022name\u0022: \u0022Microsoft.DocumentDB.databaseAccounts\u0022,\r\n",
        "      \u0022id\u0022: \u0022/subscriptions/db1ab6f0-4769-4b27-930e-01e2ef9c123c/providers/Microsoft.Network/AvailablePrivateEndpointTypes/Microsoft.DocumentDB.databaseAccounts\u0022,\r\n",
        "      \u0022type\u0022: \u0022Microsoft.Network/AvailablePrivateEndpointTypes\u0022,\r\n",
        "      \u0022resourceName\u0022: \u0022Microsoft.DocumentDB/databaseAccounts\u0022,\r\n",
        "      \u0022displayName\u0022: \u0022Microsoft.AzureCosmosDB/databaseAccounts\u0022,\r\n",
        "      \u0022apiVersion\u0022: \u00222016-03-31\u0022\r\n",
        "    },\r\n",
        "    {\r\n",
        "      \u0022name\u0022: \u0022Microsoft.Sql.servers\u0022,\r\n",
        "      \u0022id\u0022: \u0022/subscriptions/db1ab6f0-4769-4b27-930e-01e2ef9c123c/providers/Microsoft.Network/AvailablePrivateEndpointTypes/Microsoft.Sql.servers\u0022,\r\n",
        "      \u0022type\u0022: \u0022Microsoft.Network/AvailablePrivateEndpointTypes\u0022,\r\n",
        "      \u0022resourceName\u0022: \u0022Microsoft.Sql/servers\u0022,\r\n",
        "      \u0022displayName\u0022: \u0022Microsoft.Sql/servers\u0022,\r\n",
        "      \u0022apiVersion\u0022: \u00222018-06-01-preview\u0022\r\n",
        "    },\r\n",
        "    {\r\n",
        "      \u0022name\u0022: \u0022Microsoft.Network.privateLinkServices\u0022,\r\n",
        "      \u0022id\u0022: \u0022/subscriptions/db1ab6f0-4769-4b27-930e-01e2ef9c123c/providers/Microsoft.Network/AvailablePrivateEndpointTypes/Microsoft.Network.privateLinkServices\u0022,\r\n",
        "      \u0022type\u0022: \u0022Microsoft.Network/AvailablePrivateEndpointTypes\u0022,\r\n",
        "      \u0022resourceName\u0022: \u0022Microsoft.Network/privateLinkServices\u0022,\r\n",
        "      \u0022displayName\u0022: \u0022Microsoft.Network/privateLinkServices\u0022,\r\n",
        "      \u0022apiVersion\u0022: \u00222018-08-01\u0022\r\n",
        "    },\r\n",
        "    {\r\n",
        "      \u0022name\u0022: \u0022Microsoft.Web.sites\u0022,\r\n",
        "      \u0022id\u0022: \u0022/subscriptions/db1ab6f0-4769-4b27-930e-01e2ef9c123c/providers/Microsoft.Network/AvailablePrivateEndpointTypes/Microsoft.Web.sites\u0022,\r\n",
        "      \u0022type\u0022: \u0022Microsoft.Network/AvailablePrivateEndpointTypes\u0022,\r\n",
        "      \u0022resourceName\u0022: \u0022Microsoft.Web/sites\u0022,\r\n",
        "      \u0022displayName\u0022: \u0022Microsoft.Web/sites\u0022,\r\n",
        "      \u0022apiVersion\u0022: \u00222018-11-01\u0022\r\n",
        "    },\r\n",
        "    {\r\n",
        "      \u0022name\u0022: \u0022Microsoft.Web.hostingEnvironments\u0022,\r\n",
        "      \u0022id\u0022: \u0022/subscriptions/db1ab6f0-4769-4b27-930e-01e2ef9c123c/providers/Microsoft.Network/AvailablePrivateEndpointTypes/Microsoft.Web.hostingEnvironments\u0022,\r\n",
        "      \u0022type\u0022: \u0022Microsoft.Network/AvailablePrivateEndpointTypes\u0022,\r\n",
        "      \u0022resourceName\u0022: \u0022Microsoft.Web/hostingEnvironments\u0022,\r\n",
        "      \u0022displayName\u0022: \u0022Microsoft.Web/hostingEnvironments\u0022,\r\n",
        "      \u0022apiVersion\u0022: \u00222019-01-01\u0022\r\n",
        "    },\r\n",
        "    {\r\n",
        "      \u0022name\u0022: \u0022Microsoft.Storage.storageAccounts\u0022,\r\n",
        "      \u0022id\u0022: \u0022/subscriptions/db1ab6f0-4769-4b27-930e-01e2ef9c123c/providers/Microsoft.Network/AvailablePrivateEndpointTypes/Microsoft.Storage.storageAccounts\u0022,\r\n",
        "      \u0022type\u0022: \u0022Microsoft.Network/AvailablePrivateEndpointTypes\u0022,\r\n",
        "      \u0022resourceName\u0022: \u0022Microsoft.Storage/storageAccounts\u0022,\r\n",
        "      \u0022displayName\u0022: \u0022Microsoft.Storage/storageAccounts\u0022,\r\n",
        "      \u0022apiVersion\u0022: \u00222019-04-01\u0022\r\n",
        "    },\r\n",
        "    {\r\n",
        "      \u0022name\u0022: \u0022Microsoft.DBforPostgreSQL.servers\u0022,\r\n",
        "      \u0022id\u0022: \u0022/subscriptions/db1ab6f0-4769-4b27-930e-01e2ef9c123c/providers/Microsoft.Network/AvailablePrivateEndpointTypes/Microsoft.DBforPostgreSQL.servers\u0022,\r\n",
        "      \u0022type\u0022: \u0022Microsoft.Network/AvailablePrivateEndpointTypes\u0022,\r\n",
        "      \u0022resourceName\u0022: \u0022Microsoft.DBforPostgreSQL/servers\u0022,\r\n",
        "      \u0022displayName\u0022: \u0022Microsoft.DBforPostgreSQL/servers\u0022,\r\n",
        "      \u0022apiVersion\u0022: \u00222018-06-01\u0022\r\n",
        "    },\r\n",
        "    {\r\n",
        "      \u0022name\u0022: \u0022Microsoft.DBforMySQL.servers\u0022,\r\n",
        "      \u0022id\u0022: \u0022/subscriptions/db1ab6f0-4769-4b27-930e-01e2ef9c123c/providers/Microsoft.Network/AvailablePrivateEndpointTypes/Microsoft.DBforMySQL.servers\u0022,\r\n",
        "      \u0022type\u0022: \u0022Microsoft.Network/AvailablePrivateEndpointTypes\u0022,\r\n",
        "      \u0022resourceName\u0022: \u0022Microsoft.DBforMySQL/servers\u0022,\r\n",
        "      \u0022displayName\u0022: \u0022Microsoft.DBforMySQL/servers\u0022,\r\n",
        "      \u0022apiVersion\u0022: \u00222018-06-01\u0022\r\n",
        "    },\r\n",
        "    {\r\n",
        "      \u0022name\u0022: \u0022Microsoft.DBforMariaDB.servers\u0022,\r\n",
        "      \u0022id\u0022: \u0022/subscriptions/db1ab6f0-4769-4b27-930e-01e2ef9c123c/providers/Microsoft.Network/AvailablePrivateEndpointTypes/Microsoft.DBforMariaDB.servers\u0022,\r\n",
        "      \u0022type\u0022: \u0022Microsoft.Network/AvailablePrivateEndpointTypes\u0022,\r\n",
        "      \u0022resourceName\u0022: \u0022Microsoft.DBforMariaDB/servers\u0022,\r\n",
        "      \u0022displayName\u0022: \u0022Microsoft.DBforMariaDB/servers\u0022,\r\n",
        "      \u0022apiVersion\u0022: \u00222018-06-01\u0022\r\n",
        "    },\r\n",
        "    {\r\n",
        "      \u0022name\u0022: \u0022Microsoft.KeyVault.vaults\u0022,\r\n",
        "      \u0022id\u0022: \u0022/subscriptions/db1ab6f0-4769-4b27-930e-01e2ef9c123c/providers/Microsoft.Network/AvailablePrivateEndpointTypes/Microsoft.KeyVault.vaults\u0022,\r\n",
        "      \u0022type\u0022: \u0022Microsoft.Network/AvailablePrivateEndpointTypes\u0022,\r\n",
        "      \u0022resourceName\u0022: \u0022Microsoft.KeyVault/vaults\u0022,\r\n",
        "      \u0022displayName\u0022: \u0022Microsoft.KeyVault/vaults\u0022,\r\n",
        "      \u0022apiVersion\u0022: \u00222018-02-14\u0022\r\n",
        "    },\r\n",
        "    {\r\n",
        "      \u0022name\u0022: \u0022Microsoft.Synapse.workspaces\u0022,\r\n",
        "      \u0022id\u0022: \u0022/subscriptions/db1ab6f0-4769-4b27-930e-01e2ef9c123c/providers/Microsoft.Network/AvailablePrivateEndpointTypes/Microsoft.Synapse.workspaces\u0022,\r\n",
        "      \u0022type\u0022: \u0022Microsoft.Network/AvailablePrivateEndpointTypes\u0022,\r\n",
        "      \u0022resourceName\u0022: \u0022Microsoft.Synapse/workspaces\u0022,\r\n",
        "      \u0022displayName\u0022: \u0022Microsoft.Synapse/workspaces\u0022,\r\n",
        "      \u0022apiVersion\u0022: \u00222019-06-01-preview\u0022\r\n",
        "    },\r\n",
        "    {\r\n",
        "      \u0022name\u0022: \u0022Microsoft.AppConfiguration.configurationStores\u0022,\r\n",
        "      \u0022id\u0022: \u0022/subscriptions/db1ab6f0-4769-4b27-930e-01e2ef9c123c/providers/Microsoft.Network/AvailablePrivateEndpointTypes/Microsoft.AppConfiguration.configurationStores\u0022,\r\n",
        "      \u0022type\u0022: \u0022Microsoft.Network/AvailablePrivateEndpointTypes\u0022,\r\n",
        "      \u0022resourceName\u0022: \u0022Microsoft.AppConfiguration/configurationStores\u0022,\r\n",
        "      \u0022displayName\u0022: \u0022Microsoft.AppConfiguration/configurationStores\u0022,\r\n",
        "      \u0022apiVersion\u0022: \u00222020-06-01\u0022\r\n",
        "    },\r\n",
        "    {\r\n",
        "      \u0022name\u0022: \u0022Microsoft.Search.searchServices\u0022,\r\n",
        "      \u0022id\u0022: \u0022/subscriptions/db1ab6f0-4769-4b27-930e-01e2ef9c123c/providers/Microsoft.Network/AvailablePrivateEndpointTypes/Microsoft.Search.searchServices\u0022,\r\n",
        "      \u0022type\u0022: \u0022Microsoft.Network/AvailablePrivateEndpointTypes\u0022,\r\n",
        "      \u0022resourceName\u0022: \u0022Microsoft.Search/searchServices\u0022,\r\n",
        "      \u0022displayName\u0022: \u0022Microsoft.Search/searchServices\u0022,\r\n",
        "      \u0022apiVersion\u0022: \u00222019-10-01-preview\u0022\r\n",
        "    },\r\n",
        "    {\r\n",
        "      \u0022name\u0022: \u0022Microsoft.ContainerService.managedClusters\u0022,\r\n",
        "      \u0022id\u0022: \u0022/subscriptions/db1ab6f0-4769-4b27-930e-01e2ef9c123c/providers/Microsoft.Network/AvailablePrivateEndpointTypes/Microsoft.ContainerService.managedClusters\u0022,\r\n",
        "      \u0022type\u0022: \u0022Microsoft.Network/AvailablePrivateEndpointTypes\u0022,\r\n",
        "      \u0022resourceName\u0022: \u0022Microsoft.ContainerService/managedClusters\u0022,\r\n",
        "      \u0022displayName\u0022: \u0022Microsoft.ContainerService/managedClusters\u0022,\r\n",
        "      \u0022apiVersion\u0022: \u00222019-04-01\u0022\r\n",
        "    },\r\n",
        "    {\r\n",
        "      \u0022name\u0022: \u0022Microsoft.Devices.IotHubs\u0022,\r\n",
        "      \u0022id\u0022: \u0022/subscriptions/db1ab6f0-4769-4b27-930e-01e2ef9c123c/providers/Microsoft.Network/AvailablePrivateEndpointTypes/Microsoft.Devices.IotHubs\u0022,\r\n",
        "      \u0022type\u0022: \u0022Microsoft.Network/AvailablePrivateEndpointTypes\u0022,\r\n",
        "      \u0022resourceName\u0022: \u0022Microsoft.Devices/IotHubs\u0022,\r\n",
        "      \u0022displayName\u0022: \u0022Microsoft.Devices/IotHubs\u0022,\r\n",
        "      \u0022apiVersion\u0022: \u00222020-03-01\u0022\r\n",
        "    },\r\n",
        "    {\r\n",
        "      \u0022name\u0022: \u0022Microsoft.Cache.Redis\u0022,\r\n",
        "      \u0022id\u0022: \u0022/subscriptions/db1ab6f0-4769-4b27-930e-01e2ef9c123c/providers/Microsoft.Network/AvailablePrivateEndpointTypes/Microsoft.Cache.Redis\u0022,\r\n",
        "      \u0022type\u0022: \u0022Microsoft.Network/AvailablePrivateEndpointTypes\u0022,\r\n",
        "      \u0022resourceName\u0022: \u0022Microsoft.Cache/Redis\u0022,\r\n",
        "      \u0022displayName\u0022: \u0022Microsoft.Cache/Redis\u0022,\r\n",
        "      \u0022apiVersion\u0022: \u00222019-07-01\u0022\r\n",
        "    },\r\n",
        "    {\r\n",
        "      \u0022name\u0022: \u0022Microsoft.SignalRService.SignalR\u0022,\r\n",
        "      \u0022id\u0022: \u0022/subscriptions/db1ab6f0-4769-4b27-930e-01e2ef9c123c/providers/Microsoft.Network/AvailablePrivateEndpointTypes/Microsoft.SignalRService.SignalR\u0022,\r\n",
        "      \u0022type\u0022: \u0022Microsoft.Network/AvailablePrivateEndpointTypes\u0022,\r\n",
        "      \u0022resourceName\u0022: \u0022Microsoft.SignalRService/SignalR\u0022,\r\n",
        "      \u0022displayName\u0022: \u0022Microsoft.SignalRService/SignalR\u0022,\r\n",
        "      \u0022apiVersion\u0022: \u00222018-10-01\u0022\r\n",
        "    },\r\n",
        "    {\r\n",
        "      \u0022name\u0022: \u0022Microsoft.MachineLearningServices.workspaces\u0022,\r\n",
        "      \u0022id\u0022: \u0022/subscriptions/db1ab6f0-4769-4b27-930e-01e2ef9c123c/providers/Microsoft.Network/AvailablePrivateEndpointTypes/Microsoft.MachineLearningServices.workspaces\u0022,\r\n",
        "      \u0022type\u0022: \u0022Microsoft.Network/AvailablePrivateEndpointTypes\u0022,\r\n",
        "      \u0022resourceName\u0022: \u0022Microsoft.MachineLearningServices/workspaces\u0022,\r\n",
        "      \u0022displayName\u0022: \u0022Microsoft.MachineLearningServices/workspaces\u0022,\r\n",
        "      \u0022apiVersion\u0022: \u00222020-01-01\u0022\r\n",
        "    },\r\n",
        "    {\r\n",
        "      \u0022name\u0022: \u0022Microsoft.Batch.batchAccounts\u0022,\r\n",
        "      \u0022id\u0022: \u0022/subscriptions/db1ab6f0-4769-4b27-930e-01e2ef9c123c/providers/Microsoft.Network/AvailablePrivateEndpointTypes/Microsoft.Batch.batchAccounts\u0022,\r\n",
        "      \u0022type\u0022: \u0022Microsoft.Network/AvailablePrivateEndpointTypes\u0022,\r\n",
        "      \u0022resourceName\u0022: \u0022Microsoft.Batch/batchAccounts\u0022,\r\n",
        "      \u0022displayName\u0022: \u0022Microsoft.Batch/batchAccounts\u0022,\r\n",
        "      \u0022apiVersion\u0022: \u00222020-03-01-preview\u0022\r\n",
        "    },\r\n",
        "    {\r\n",
        "      \u0022name\u0022: \u0022Microsoft.ContainerRegistry.registries\u0022,\r\n",
        "      \u0022id\u0022: \u0022/subscriptions/db1ab6f0-4769-4b27-930e-01e2ef9c123c/providers/Microsoft.Network/AvailablePrivateEndpointTypes/Microsoft.ContainerRegistry.registries\u0022,\r\n",
        "      \u0022type\u0022: \u0022Microsoft.Network/AvailablePrivateEndpointTypes\u0022,\r\n",
        "      \u0022resourceName\u0022: \u0022Microsoft.ContainerRegistry/registries\u0022,\r\n",
        "      \u0022displayName\u0022: \u0022Microsoft.ContainerRegistry/registries\u0022,\r\n",
        "      \u0022apiVersion\u0022: \u00222019-12-01-preview\u0022\r\n",
        "    },\r\n",
        "    {\r\n",
        "      \u0022name\u0022: \u0022Microsoft.RecoveryServices.vaults\u0022,\r\n",
        "      \u0022id\u0022: \u0022/subscriptions/db1ab6f0-4769-4b27-930e-01e2ef9c123c/providers/Microsoft.Network/AvailablePrivateEndpointTypes/Microsoft.RecoveryServices.vaults\u0022,\r\n",
        "      \u0022type\u0022: \u0022Microsoft.Network/AvailablePrivateEndpointTypes\u0022,\r\n",
        "      \u0022resourceName\u0022: \u0022Microsoft.RecoveryServices/vaults\u0022,\r\n",
        "      \u0022displayName\u0022: \u0022Microsoft.RecoveryServices/vaults\u0022,\r\n",
        "      \u0022apiVersion\u0022: \u00222020-02-02-preview\u0022\r\n",
        "    },\r\n",
        "    {\r\n",
        "      \u0022name\u0022: \u0022Microsoft.EventGrid.topics\u0022,\r\n",
        "      \u0022id\u0022: \u0022/subscriptions/db1ab6f0-4769-4b27-930e-01e2ef9c123c/providers/Microsoft.Network/AvailablePrivateEndpointTypes/Microsoft.EventGrid.topics\u0022,\r\n",
        "      \u0022type\u0022: \u0022Microsoft.Network/AvailablePrivateEndpointTypes\u0022,\r\n",
        "      \u0022resourceName\u0022: \u0022Microsoft.EventGrid/topics\u0022,\r\n",
        "      \u0022displayName\u0022: \u0022Microsoft.EventGrid/topics\u0022,\r\n",
        "      \u0022apiVersion\u0022: \u00222020-04-01-preview\u0022\r\n",
        "    },\r\n",
        "    {\r\n",
        "      \u0022name\u0022: \u0022Microsoft.EventGrid.domains\u0022,\r\n",
        "      \u0022id\u0022: \u0022/subscriptions/db1ab6f0-4769-4b27-930e-01e2ef9c123c/providers/Microsoft.Network/AvailablePrivateEndpointTypes/Microsoft.EventGrid.domains\u0022,\r\n",
        "      \u0022type\u0022: \u0022Microsoft.Network/AvailablePrivateEndpointTypes\u0022,\r\n",
        "      \u0022resourceName\u0022: \u0022Microsoft.EventGrid/domains\u0022,\r\n",
        "      \u0022displayName\u0022: \u0022Microsoft.EventGrid/domains\u0022,\r\n",
        "      \u0022apiVersion\u0022: \u00222020-04-01-preview\u0022\r\n",
        "    },\r\n",
        "    {\r\n",
        "      \u0022name\u0022: \u0022Microsoft.EventHub.namespaces\u0022,\r\n",
        "      \u0022id\u0022: \u0022/subscriptions/db1ab6f0-4769-4b27-930e-01e2ef9c123c/providers/Microsoft.Network/AvailablePrivateEndpointTypes/Microsoft.EventHub.namespaces\u0022,\r\n",
        "      \u0022type\u0022: \u0022Microsoft.Network/AvailablePrivateEndpointTypes\u0022,\r\n",
        "      \u0022resourceName\u0022: \u0022Microsoft.EventHub/namespaces\u0022,\r\n",
        "      \u0022displayName\u0022: \u0022Microsoft.EventHub/namespaces\u0022,\r\n",
        "      \u0022apiVersion\u0022: \u00222018-01-01-preview\u0022\r\n",
        "    },\r\n",
        "    {\r\n",
        "      \u0022name\u0022: \u0022Microsoft.ServiceBus.namespaces\u0022,\r\n",
        "      \u0022id\u0022: \u0022/subscriptions/db1ab6f0-4769-4b27-930e-01e2ef9c123c/providers/Microsoft.Network/AvailablePrivateEndpointTypes/Microsoft.ServiceBus.namespaces\u0022,\r\n",
        "      \u0022type\u0022: \u0022Microsoft.Network/AvailablePrivateEndpointTypes\u0022,\r\n",
        "      \u0022resourceName\u0022: \u0022Microsoft.ServiceBus/namespaces\u0022,\r\n",
        "      \u0022displayName\u0022: \u0022Microsoft.ServiceBus/namespaces\u0022,\r\n",
        "      \u0022apiVersion\u0022: \u00222018-01-01-preview\u0022\r\n",
        "    },\r\n",
        "    {\r\n",
        "      \u0022name\u0022: \u0022Microsoft.Relay.namespaces\u0022,\r\n",
        "      \u0022id\u0022: \u0022/subscriptions/db1ab6f0-4769-4b27-930e-01e2ef9c123c/providers/Microsoft.Network/AvailablePrivateEndpointTypes/Microsoft.Relay.namespaces\u0022,\r\n",
        "      \u0022type\u0022: \u0022Microsoft.Network/AvailablePrivateEndpointTypes\u0022,\r\n",
        "      \u0022resourceName\u0022: \u0022Microsoft.Relay/namespaces\u0022,\r\n",
        "      \u0022displayName\u0022: \u0022Microsoft.Relay/namespaces\u0022,\r\n",
        "      \u0022apiVersion\u0022: \u00222018-01-01-preview\u0022\r\n",
        "    },\r\n",
        "    {\r\n",
        "      \u0022name\u0022: \u0022Microsoft.StorageSync.storageSyncServices\u0022,\r\n",
        "      \u0022id\u0022: \u0022/subscriptions/db1ab6f0-4769-4b27-930e-01e2ef9c123c/providers/Microsoft.Network/AvailablePrivateEndpointTypes/Microsoft.StorageSync.storageSyncServices\u0022,\r\n",
        "      \u0022type\u0022: \u0022Microsoft.Network/AvailablePrivateEndpointTypes\u0022,\r\n",
        "      \u0022resourceName\u0022: \u0022Microsoft.StorageSync/storageSyncServices\u0022,\r\n",
        "      \u0022displayName\u0022: \u0022Microsoft.StorageSync/storageSyncServices\u0022,\r\n",
        "      \u0022apiVersion\u0022: \u00222020-03-01\u0022\r\n",
        "    },\r\n",
        "    {\r\n",
        "      \u0022name\u0022: \u0022Microsoft.HealthcareApis.services\u0022,\r\n",
        "      \u0022id\u0022: \u0022/subscriptions/db1ab6f0-4769-4b27-930e-01e2ef9c123c/providers/Microsoft.Network/AvailablePrivateEndpointTypes/Microsoft.HealthcareApis.services\u0022,\r\n",
        "      \u0022type\u0022: \u0022Microsoft.Network/AvailablePrivateEndpointTypes\u0022,\r\n",
        "      \u0022resourceName\u0022: \u0022Microsoft.HealthcareApis/services\u0022,\r\n",
        "      \u0022displayName\u0022: \u0022Microsoft.HealthcareApis/services\u0022,\r\n",
        "      \u0022apiVersion\u0022: \u00222020-03-30\u0022\r\n",
        "    },\r\n",
        "    {\r\n",
        "      \u0022name\u0022: \u0022Microsoft.Automation.automationAccounts\u0022,\r\n",
        "      \u0022id\u0022: \u0022/subscriptions/db1ab6f0-4769-4b27-930e-01e2ef9c123c/providers/Microsoft.Network/AvailablePrivateEndpointTypes/Microsoft.Automation.automationAccounts\u0022,\r\n",
        "      \u0022type\u0022: \u0022Microsoft.Network/AvailablePrivateEndpointTypes\u0022,\r\n",
        "      \u0022resourceName\u0022: \u0022Microsoft.Automation/automationAccounts\u0022,\r\n",
        "      \u0022displayName\u0022: \u0022Microsoft.Automation/automationAccounts\u0022,\r\n",
        "      \u0022apiVersion\u0022: \u00222020-01-13-preview\u0022\r\n",
        "    },\r\n",
        "    {\r\n",
        "      \u0022name\u0022: \u0022Microsoft.Insights.privateLinkScopes\u0022,\r\n",
        "      \u0022id\u0022: \u0022/subscriptions/db1ab6f0-4769-4b27-930e-01e2ef9c123c/providers/Microsoft.Network/AvailablePrivateEndpointTypes/Microsoft.Insights.privateLinkScopes\u0022,\r\n",
        "      \u0022type\u0022: \u0022Microsoft.Network/AvailablePrivateEndpointTypes\u0022,\r\n",
        "      \u0022resourceName\u0022: \u0022Microsoft.Insights/privateLinkScopes\u0022,\r\n",
        "      \u0022displayName\u0022: \u0022Microsoft.Insights/privateLinkScopes\u0022,\r\n",
        "      \u0022apiVersion\u0022: \u00222019-10-17-preview\u0022\r\n",
        "    },\r\n",
        "    {\r\n",
        "      \u0022name\u0022: \u0022Microsoft.CognitiveServices.accounts\u0022,\r\n",
        "      \u0022id\u0022: \u0022/subscriptions/db1ab6f0-4769-4b27-930e-01e2ef9c123c/providers/Microsoft.Network/AvailablePrivateEndpointTypes/Microsoft.CognitiveServices.accounts\u0022,\r\n",
        "      \u0022type\u0022: \u0022Microsoft.Network/AvailablePrivateEndpointTypes\u0022,\r\n",
        "      \u0022resourceName\u0022: \u0022Microsoft.CognitiveServices/accounts\u0022,\r\n",
        "      \u0022displayName\u0022: \u0022Microsoft.CognitiveServices/accounts\u0022,\r\n",
        "      \u0022apiVersion\u0022: \u00222017-04-18\u0022\r\n",
        "    },\r\n",
        "    {\r\n",
        "      \u0022name\u0022: \u0022Microsoft.Compute.diskAccesses\u0022,\r\n",
        "      \u0022id\u0022: \u0022/subscriptions/db1ab6f0-4769-4b27-930e-01e2ef9c123c/providers/Microsoft.Network/AvailablePrivateEndpointTypes/Microsoft.Compute.diskAccesses\u0022,\r\n",
        "      \u0022type\u0022: \u0022Microsoft.Network/AvailablePrivateEndpointTypes\u0022,\r\n",
        "      \u0022resourceName\u0022: \u0022Microsoft.Compute/diskAccesses\u0022,\r\n",
        "      \u0022displayName\u0022: \u0022Microsoft.Compute/diskAccesses\u0022,\r\n",
        "      \u0022apiVersion\u0022: \u00222020-05-01\u0022\r\n",
        "    },\r\n",
        "    {\r\n",
        "      \u0022name\u0022: \u0022Microsoft.Network.applicationgateways\u0022,\r\n",
        "      \u0022id\u0022: \u0022/subscriptions/db1ab6f0-4769-4b27-930e-01e2ef9c123c/providers/Microsoft.Network/AvailablePrivateEndpointTypes/Microsoft.Network.applicationgateways\u0022,\r\n",
        "      \u0022type\u0022: \u0022Microsoft.Network/AvailablePrivateEndpointTypes\u0022,\r\n",
        "      \u0022resourceName\u0022: \u0022Microsoft.Network/applicationgateways\u0022,\r\n",
        "      \u0022displayName\u0022: \u0022Microsoft.Network/applicationgateways\u0022,\r\n",
        "      \u0022apiVersion\u0022: \u00222020-03-01\u0022\r\n",
        "    },\r\n",
        "    {\r\n",
        "      \u0022name\u0022: \u0022Microsoft.Media.mediaservices\u0022,\r\n",
        "      \u0022id\u0022: \u0022/subscriptions/db1ab6f0-4769-4b27-930e-01e2ef9c123c/providers/Microsoft.Network/AvailablePrivateEndpointTypes/Microsoft.Media.mediaservices\u0022,\r\n",
        "      \u0022type\u0022: \u0022Microsoft.Network/AvailablePrivateEndpointTypes\u0022,\r\n",
        "      \u0022resourceName\u0022: \u0022Microsoft.Media/mediaservices\u0022,\r\n",
        "      \u0022displayName\u0022: \u0022Microsoft.Media/mediaservices\u0022,\r\n",
        "      \u0022apiVersion\u0022: \u00222020-05-01\u0022\r\n",
        "    },\r\n",
        "    {\r\n",
        "      \u0022name\u0022: \u0022Microsoft.Migrate.assessmentProjects\u0022,\r\n",
        "      \u0022id\u0022: \u0022/subscriptions/db1ab6f0-4769-4b27-930e-01e2ef9c123c/providers/Microsoft.Network/AvailablePrivateEndpointTypes/Microsoft.Migrate.assessmentProjects\u0022,\r\n",
        "      \u0022type\u0022: \u0022Microsoft.Network/AvailablePrivateEndpointTypes\u0022,\r\n",
        "      \u0022resourceName\u0022: \u0022Microsoft.Migrate/assessmentProjects\u0022,\r\n",
        "      \u0022displayName\u0022: \u0022Microsoft.Migrate/assessmentProjects\u0022,\r\n",
        "      \u0022apiVersion\u0022: \u00222020-05-01-preview\u0022\r\n",
        "    },\r\n",
        "    {\r\n",
        "      \u0022name\u0022: \u0022Microsoft.Migrate.migrateProjects\u0022,\r\n",
        "      \u0022id\u0022: \u0022/subscriptions/db1ab6f0-4769-4b27-930e-01e2ef9c123c/providers/Microsoft.Network/AvailablePrivateEndpointTypes/Microsoft.Migrate.migrateProjects\u0022,\r\n",
        "      \u0022type\u0022: \u0022Microsoft.Network/AvailablePrivateEndpointTypes\u0022,\r\n",
        "      \u0022resourceName\u0022: \u0022Microsoft.Migrate/migrateProjects\u0022,\r\n",
        "      \u0022displayName\u0022: \u0022Microsoft.Migrate/migrateProjects\u0022,\r\n",
        "      \u0022apiVersion\u0022: \u00222020-06-01-preview\u0022\r\n",
        "    },\r\n",
        "    {\r\n",
        "      \u0022name\u0022: \u0022Microsoft.DataFactory.factories\u0022,\r\n",
        "      \u0022id\u0022: \u0022/subscriptions/db1ab6f0-4769-4b27-930e-01e2ef9c123c/providers/Microsoft.Network/AvailablePrivateEndpointTypes/Microsoft.DataFactory.factories\u0022,\r\n",
        "      \u0022type\u0022: \u0022Microsoft.Network/AvailablePrivateEndpointTypes\u0022,\r\n",
        "      \u0022resourceName\u0022: \u0022Microsoft.DataFactory/factories\u0022,\r\n",
        "      \u0022displayName\u0022: \u0022Microsoft.DataFactory/factories\u0022,\r\n",
        "      \u0022apiVersion\u0022: \u00222018-06-01\u0022\r\n",
        "    },\r\n",
        "    {\r\n",
        "      \u0022name\u0022: \u0022Microsoft.Authorization.resourceManagementPrivateLinks\u0022,\r\n",
        "      \u0022id\u0022: \u0022/subscriptions/db1ab6f0-4769-4b27-930e-01e2ef9c123c/providers/Microsoft.Network/AvailablePrivateEndpointTypes/Microsoft.Authorization.resourceManagementPrivateLinks\u0022,\r\n",
        "      \u0022type\u0022: \u0022Microsoft.Network/AvailablePrivateEndpointTypes\u0022,\r\n",
        "      \u0022resourceName\u0022: \u0022Microsoft.Authorization/resourceManagementPrivateLinks\u0022,\r\n",
        "      \u0022displayName\u0022: \u0022Microsoft.Authorization/resourceManagementPrivateLinks\u0022,\r\n",
        "      \u0022apiVersion\u0022: \u00222020-05-01\u0022\r\n",
        "    },\r\n",
        "    {\r\n",
        "      \u0022name\u0022: \u0022Microsoft.Devices.ProvisioningServices\u0022,\r\n",
        "      \u0022id\u0022: \u0022/subscriptions/db1ab6f0-4769-4b27-930e-01e2ef9c123c/providers/Microsoft.Network/AvailablePrivateEndpointTypes/Microsoft.Devices.ProvisioningServices\u0022,\r\n",
        "      \u0022type\u0022: \u0022Microsoft.Network/AvailablePrivateEndpointTypes\u0022,\r\n",
        "      \u0022resourceName\u0022: \u0022Microsoft.Devices/ProvisioningServices\u0022,\r\n",
        "      \u0022displayName\u0022: \u0022Microsoft.Devices/ProvisioningServices\u0022,\r\n",
        "      \u0022apiVersion\u0022: \u00222020-03-01\u0022\r\n",
        "    },\r\n",
        "    {\r\n",
        "      \u0022name\u0022: \u0022Microsoft.Synapse.privateLinkHubs\u0022,\r\n",
        "      \u0022id\u0022: \u0022/subscriptions/db1ab6f0-4769-4b27-930e-01e2ef9c123c/providers/Microsoft.Network/AvailablePrivateEndpointTypes/Microsoft.Synapse.privateLinkHubs\u0022,\r\n",
        "      \u0022type\u0022: \u0022Microsoft.Network/AvailablePrivateEndpointTypes\u0022,\r\n",
        "      \u0022resourceName\u0022: \u0022Microsoft.Synapse/privateLinkHubs\u0022,\r\n",
        "      \u0022displayName\u0022: \u0022Microsoft.Synapse/privateLinkHubs\u0022,\r\n",
        "      \u0022apiVersion\u0022: \u00222019-06-01-preview\u0022\r\n",
        "    },\r\n",
        "    {\r\n",
        "      \u0022name\u0022: \u0022Microsoft.PowerBI.privateLinkServicesForPowerBI\u0022,\r\n",
        "      \u0022id\u0022: \u0022/subscriptions/db1ab6f0-4769-4b27-930e-01e2ef9c123c/providers/Microsoft.Network/AvailablePrivateEndpointTypes/Microsoft.PowerBI.privateLinkServicesForPowerBI\u0022,\r\n",
        "      \u0022type\u0022: \u0022Microsoft.Network/AvailablePrivateEndpointTypes\u0022,\r\n",
        "      \u0022resourceName\u0022: \u0022Microsoft.PowerBI/privateLinkServicesForPowerBI\u0022,\r\n",
        "      \u0022displayName\u0022: \u0022Microsoft.PowerBI/privateLinkServicesForPowerBI\u0022,\r\n",
        "      \u0022apiVersion\u0022: \u00222020-06-01\u0022\r\n",
        "    },\r\n",
        "    {\r\n",
        "      \u0022name\u0022: \u0022Microsoft.Cache.redisEnterprise\u0022,\r\n",
        "      \u0022id\u0022: \u0022/subscriptions/db1ab6f0-4769-4b27-930e-01e2ef9c123c/providers/Microsoft.Network/AvailablePrivateEndpointTypes/Microsoft.Cache.redisEnterprise\u0022,\r\n",
        "      \u0022type\u0022: \u0022Microsoft.Network/AvailablePrivateEndpointTypes\u0022,\r\n",
        "      \u0022resourceName\u0022: \u0022Microsoft.Cache/redisEnterprise\u0022,\r\n",
        "      \u0022displayName\u0022: \u0022Microsoft.Cache/redisEnterprise\u0022,\r\n",
        "      \u0022apiVersion\u0022: \u00222020-04-01-preview\u0022\r\n",
        "    },\r\n",
        "    {\r\n",
        "      \u0022name\u0022: \u0022Microsoft.HybridCompute.privateLinkScopes\u0022,\r\n",
        "      \u0022id\u0022: \u0022/subscriptions/db1ab6f0-4769-4b27-930e-01e2ef9c123c/providers/Microsoft.Network/AvailablePrivateEndpointTypes/Microsoft.HybridCompute.privateLinkScopes\u0022,\r\n",
        "      \u0022type\u0022: \u0022Microsoft.Network/AvailablePrivateEndpointTypes\u0022,\r\n",
        "      \u0022resourceName\u0022: \u0022Microsoft.HybridCompute/privateLinkScopes\u0022,\r\n",
        "      \u0022displayName\u0022: \u0022Microsoft.HybridCompute/privateLinkScopes\u0022,\r\n",
        "      \u0022apiVersion\u0022: \u00222020-08-15-preview\u0022\r\n",
        "    },\r\n",
        "    {\r\n",
        "      \u0022name\u0022: \u0022Microsoft.OffAzure.mastersites\u0022,\r\n",
        "      \u0022id\u0022: \u0022/subscriptions/db1ab6f0-4769-4b27-930e-01e2ef9c123c/providers/Microsoft.Network/AvailablePrivateEndpointTypes/Microsoft.OffAzure.mastersites\u0022,\r\n",
        "      \u0022type\u0022: \u0022Microsoft.Network/AvailablePrivateEndpointTypes\u0022,\r\n",
        "      \u0022resourceName\u0022: \u0022Microsoft.OffAzure/mastersites\u0022,\r\n",
        "      \u0022displayName\u0022: \u0022Microsoft.OffAzure/mastersites\u0022,\r\n",
        "      \u0022apiVersion\u0022: \u00222020-07-07\u0022\r\n",
        "    },\r\n",
        "    {\r\n",
        "      \u0022name\u0022: \u0022Microsoft.TimeSeriesInsights.environments\u0022,\r\n",
        "      \u0022id\u0022: \u0022/subscriptions/db1ab6f0-4769-4b27-930e-01e2ef9c123c/providers/Microsoft.Network/AvailablePrivateEndpointTypes/Microsoft.TimeSeriesInsights.environments\u0022,\r\n",
        "      \u0022type\u0022: \u0022Microsoft.Network/AvailablePrivateEndpointTypes\u0022,\r\n",
        "      \u0022resourceName\u0022: \u0022Microsoft.TimeSeriesInsights/environments\u0022,\r\n",
        "      \u0022displayName\u0022: \u0022Microsoft.TimeSeriesInsights/environments\u0022,\r\n",
        "      \u0022apiVersion\u0022: \u00222021-03-31-preview\u0022\r\n",
        "    },\r\n",
        "    {\r\n",
        "      \u0022name\u0022: \u0022Microsoft.DigitalTwins.digitalTwinsInstances\u0022,\r\n",
        "      \u0022id\u0022: \u0022/subscriptions/db1ab6f0-4769-4b27-930e-01e2ef9c123c/providers/Microsoft.Network/AvailablePrivateEndpointTypes/Microsoft.DigitalTwins.digitalTwinsInstances\u0022,\r\n",
        "      \u0022type\u0022: \u0022Microsoft.Network/AvailablePrivateEndpointTypes\u0022,\r\n",
        "      \u0022resourceName\u0022: \u0022Microsoft.DigitalTwins/digitalTwinsInstances\u0022,\r\n",
        "      \u0022displayName\u0022: \u0022Microsoft.DigitalTwins/digitalTwinsInstances\u0022,\r\n",
        "      \u0022apiVersion\u0022: \u00222020-12-01\u0022\r\n",
        "    },\r\n",
        "    {\r\n",
        "      \u0022name\u0022: \u0022Microsoft.Keyvault.managedHSMs\u0022,\r\n",
        "      \u0022id\u0022: \u0022/subscriptions/db1ab6f0-4769-4b27-930e-01e2ef9c123c/providers/Microsoft.Network/AvailablePrivateEndpointTypes/Microsoft.Keyvault.managedHSMs\u0022,\r\n",
        "      \u0022type\u0022: \u0022Microsoft.Network/AvailablePrivateEndpointTypes\u0022,\r\n",
        "      \u0022resourceName\u0022: \u0022Microsoft.Keyvault/managedHSMs\u0022,\r\n",
        "      \u0022displayName\u0022: \u0022Microsoft.Keyvault/managedHSMs\u0022,\r\n",
        "      \u0022apiVersion\u0022: \u00222021-04-01-preview\u0022\r\n",
        "    },\r\n",
        "    {\r\n",
        "      \u0022name\u0022: \u0022Microsoft.Purview.accounts\u0022,\r\n",
        "      \u0022id\u0022: \u0022/subscriptions/db1ab6f0-4769-4b27-930e-01e2ef9c123c/providers/Microsoft.Network/AvailablePrivateEndpointTypes/Microsoft.Purview.accounts\u0022,\r\n",
        "      \u0022type\u0022: \u0022Microsoft.Network/AvailablePrivateEndpointTypes\u0022,\r\n",
        "      \u0022resourceName\u0022: \u0022Microsoft.Purview/accounts\u0022,\r\n",
        "      \u0022displayName\u0022: \u0022Microsoft.Purview/accounts\u0022,\r\n",
        "      \u0022apiVersion\u0022: \u00222020-12-01-preview\u0022\r\n",
        "    },\r\n",
        "    {\r\n",
        "      \u0022name\u0022: \u0022Microsoft.Web.staticSites\u0022,\r\n",
        "      \u0022id\u0022: \u0022/subscriptions/db1ab6f0-4769-4b27-930e-01e2ef9c123c/providers/Microsoft.Network/AvailablePrivateEndpointTypes/Microsoft.Web.staticSites\u0022,\r\n",
        "      \u0022type\u0022: \u0022Microsoft.Network/AvailablePrivateEndpointTypes\u0022,\r\n",
        "      \u0022resourceName\u0022: \u0022Microsoft.Web/staticSites\u0022,\r\n",
        "      \u0022displayName\u0022: \u0022Microsoft.Web/staticSites\u0022,\r\n",
        "      \u0022apiVersion\u0022: \u00222020-06-01\u0022\r\n",
        "    },\r\n",
        "    {\r\n",
        "      \u0022name\u0022: \u0022Microsoft.SignalRService.webPubSub\u0022,\r\n",
        "      \u0022id\u0022: \u0022/subscriptions/db1ab6f0-4769-4b27-930e-01e2ef9c123c/providers/Microsoft.Network/AvailablePrivateEndpointTypes/Microsoft.SignalRService.webPubSub\u0022,\r\n",
        "      \u0022type\u0022: \u0022Microsoft.Network/AvailablePrivateEndpointTypes\u0022,\r\n",
        "      \u0022resourceName\u0022: \u0022Microsoft.SignalRService/webPubSub\u0022,\r\n",
        "      \u0022displayName\u0022: \u0022Microsoft.SignalRService/webPubSub\u0022,\r\n",
        "      \u0022apiVersion\u0022: \u00222020-05-01\u0022\r\n",
        "    },\r\n",
        "    {\r\n",
        "      \u0022name\u0022: \u0022Microsoft.HDInsight.clusters\u0022,\r\n",
        "      \u0022id\u0022: \u0022/subscriptions/db1ab6f0-4769-4b27-930e-01e2ef9c123c/providers/Microsoft.Network/AvailablePrivateEndpointTypes/Microsoft.HDInsight.clusters\u0022,\r\n",
        "      \u0022type\u0022: \u0022Microsoft.Network/AvailablePrivateEndpointTypes\u0022,\r\n",
        "      \u0022resourceName\u0022: \u0022Microsoft.HDInsight/clusters\u0022,\r\n",
        "      \u0022displayName\u0022: \u0022Microsoft.HDInsight/clusters\u0022,\r\n",
        "      \u0022apiVersion\u0022: \u00222015-03-01-preview\u0022\r\n",
        "    }\r\n",
        "  ]\r\n",
        "}"
      ]
    }
  ],
  "Variables": {
    "LOCATION": "eastus",
    "RandomSeed": "1052682919",
    "RESOURCE_MANAGER_URL": null,
    "SUBSCRIPTION_ID": "db1ab6f0-4769-4b27-930e-01e2ef9c123c"
  }
}