{
  "Entries": [
    {
      "RequestUri": "https://management.azure.com/subscriptions/ff0aa6da-20f8-44fe-9aee-381c8e8a4aeb?api-version=2021-01-01",
      "RequestMethod": "GET",
      "RequestHeaders": {
        "Accept": "application/json",
        "Authorization": "Sanitized",
        "traceparent": "00-0803d0641f225c409673f0712fe4ce8e-6a21b6e61ead724d-00",
        "User-Agent": "azsdk-net-ResourceManager/1.5.0 (.NET Framework 4.8.9139.0; Microsoft Windows 10.0.22621 )",
        "x-ms-client-request-id": "49eab37d67729da7b0c58801a31b5919",
        "x-ms-return-client-request-id": "true"
      },
      "RequestBody": null,
      "StatusCode": 200,
      "ResponseHeaders": {
        "Cache-Control": "no-cache",
        "Content-Length": "443",
        "Content-Type": "application/json; charset=utf-8",
        "Date": "Thu, 11 May 2023 05:02:44 GMT",
        "Expires": "-1",
        "Pragma": "no-cache",
        "Strict-Transport-Security": "max-age=31536000; includeSubDomains",
        "X-Content-Type-Options": "nosniff",
        "x-ms-correlation-request-id": "5cbcf873-0c7f-4e9c-a06d-9055a07ef778",
        "x-ms-ratelimit-remaining-subscription-reads": "11996",
        "x-ms-request-id": "5cbcf873-0c7f-4e9c-a06d-9055a07ef778",
        "x-ms-routing-request-id": "JIOINDIACENTRAL:20230511T050245Z:5cbcf873-0c7f-4e9c-a06d-9055a07ef778"
      },
      "ResponseBody": {
        "id": "/subscriptions/ff0aa6da-20f8-44fe-9aee-381c8e8a4aeb",
        "authorizationSource": "RoleBased",
        "managedByTenants": [
          {
            "tenantId": "ad44cbb7-4f0b-47b4-97bd-be70a5b1e681"
          }
        ],
        "subscriptionId": "ff0aa6da-20f8-44fe-9aee-381c8e8a4aeb",
        "tenantId": "72f988bf-86f1-41af-91ab-2d7cd011db47",
        "displayName": "HCI IDC Test",
        "state": "Enabled",
        "subscriptionPolicies": {
          "locationPlacementId": "Internal_2014-09-01",
          "quotaId": "Internal_2014-09-01",
          "spendingLimit": "Off"
        }
      }
    },
    {
      "RequestUri": "https://management.azure.com/subscriptions/ff0aa6da-20f8-44fe-9aee-381c8e8a4aeb/resourcegroups/hci-cluster-rg6491?api-version=**",
      "RequestMethod": "PUT",
      "RequestHeaders": {
        "Accept": "application/json",
        "Authorization": "Sanitized",
        "Content-Length": "21",
        "Content-Type": "application/json",
        "traceparent": "00-915ee57593aba445b401ded4fdc73380-f804a7a7b398d445-00",
        "User-Agent": "azsdk-net-ResourceManager/1.5.0 (.NET Framework 4.8.9139.0; Microsoft Windows 10.0.22621 )",
        "x-ms-client-request-id": "2660786027a30cc67e2b908a60b7ce1e",
        "x-ms-return-client-request-id": "true"
      },
      "RequestBody": {
        "location": "eastus"
      },
      "StatusCode": 201,
      "ResponseHeaders": {
        "Cache-Control": "no-cache",
        "Content-Length": "233",
        "Content-Type": "application/json; charset=utf-8",
        "Date": "Thu, 11 May 2023 05:02:45 GMT",
        "Expires": "-1",
        "Pragma": "no-cache",
        "Strict-Transport-Security": "max-age=31536000; includeSubDomains",
        "X-Content-Type-Options": "nosniff",
        "x-ms-correlation-request-id": "c6bbef04-47e8-445e-b5eb-dcc9f1d83f5e",
        "x-ms-ratelimit-remaining-subscription-writes": "1195",
        "x-ms-request-id": "c6bbef04-47e8-445e-b5eb-dcc9f1d83f5e",
        "x-ms-routing-request-id": "JIOINDIACENTRAL:20230511T050246Z:c6bbef04-47e8-445e-b5eb-dcc9f1d83f5e"
      },
      "ResponseBody": {
        "id": "/subscriptions/ff0aa6da-20f8-44fe-9aee-381c8e8a4aeb/resourceGroups/hci-cluster-rg6491",
        "name": "hci-cluster-rg6491",
        "type": "Microsoft.Resources/resourceGroups",
        "location": "eastus",
        "properties": {
          "provisioningState": "Succeeded"
        }
      }
    },
    {
      "RequestUri": "https://management.azure.com/subscriptions/ff0aa6da-20f8-44fe-9aee-381c8e8a4aeb/resourceGroups/hci-cluster-rg6491/providers/Microsoft.AzureStackHCI/clusters/hci-cluster8319?api-version=2023-02-01",
      "RequestMethod": "PUT",
      "RequestHeaders": {
        "Accept": "application/json",
        "Authorization": "Sanitized",
        "Content-Length": "179",
        "Content-Type": "application/json",
        "traceparent": "00-a463c643691e804594a0fc5df24efb39-ef51b9412b51684f-00",
        "User-Agent": "azsdk-net-ResourceManager.Hci/1.1.0-alpha.20230511.1 (.NET Framework 4.8.9139.0; Microsoft Windows 10.0.22621 )",
        "x-ms-client-request-id": "74650aea709590d30fe12416c0111552",
        "x-ms-return-client-request-id": "true"
      },
      "RequestBody": {
        "tags": {},
        "location": "eastus",
        "properties": {
          "aadClientId": "2565ed7c-4b2b-4fd5-a9ac-49b4611844e9",
          "aadTenantId": "72f988bf-86f1-41af-91ab-2d7cd011db47"
        },
        "identity": {
          "type": "None"
        }
      },
      "StatusCode": 200,
      "ResponseHeaders": {
        "Cache-Control": "no-cache",
        "Content-Length": "1148",
        "Content-Type": "application/json; charset=utf-8",
        "Date": "Thu, 11 May 2023 05:02:52 GMT",
        "ETag": "\u0022171397b7-0000-0100-0000-645c76fa0000\u0022",
        "Expires": "-1",
        "mise-correlation-id": "8091ec75-8aa3-4a70-972d-4d5fdd2b95cc",
        "Pragma": "no-cache",
        "Strict-Transport-Security": "max-age=31536000; includeSubDomains",
        "X-Content-Type-Options": "nosniff",
        "x-ms-client-request-id": "74650aea709590d30fe12416c0111552",
        "x-ms-correlation-request-id": "93b36ff2-2cec-41b2-9e3c-31c34938f8de",
        "x-ms-providerhub-traffic": "True",
        "x-ms-ratelimit-remaining-subscription-writes": "1194",
        "x-ms-request-id": "fe415edd-52b0-41f4-a750-0051ef83702c",
        "x-ms-routing-request-id": "JIOINDIACENTRAL:20230511T050252Z:93b36ff2-2cec-41b2-9e3c-31c34938f8de"
      },
      "ResponseBody": {
        "id": "/subscriptions/ff0aa6da-20f8-44fe-9aee-381c8e8a4aeb/resourceGroups/hci-cluster-rg6491/providers/Microsoft.AzureStackHCI/clusters/hci-cluster8319",
        "name": "hci-cluster8319",
        "type": "microsoft.azurestackhci/clusters",
        "location": "eastus",
        "tags": {},
        "systemData": {
          "createdBy": "2565ed7c-4b2b-4fd5-a9ac-49b4611844e9",
          "createdByType": "Application",
          "createdAt": "2023-05-11T05:02:48.9704121Z",
          "lastModifiedBy": "2565ed7c-4b2b-4fd5-a9ac-49b4611844e9",
          "lastModifiedByType": "Application",
          "lastModifiedAt": "2023-05-11T05:02:48.9704121Z"
        },
        "identity": {
          "type": "None"
        },
        "properties": {
          "provisioningState": "Succeeded",
          "status": "NotYetRegistered",
          "cloudId": "ca51de2f-ce8e-4535-a2e5-0c577ffb96e3",
          "aadClientId": "2565ed7c-4b2b-4fd5-a9ac-49b4611844e9",
          "aadTenantId": "72f988bf-86f1-41af-91ab-2d7cd011db47",
          "softwareAssuranceProperties": {
            "softwareAssuranceStatus": "Disabled",
            "softwareAssuranceIntent": "Disable"
          },
          "desiredProperties": {
            "windowsServerSubscription": "Disabled",
            "diagnosticLevel": "Basic"
          },
          "trialDaysRemaining": 60,
          "billingModel": "Trial",
          "serviceEndpoint": "https://dp.stackhci.azure.com/eastus/",
          "resourceProviderObjectId": "f57be460-ae5d-444a-9317-bbfa416ab4b9"
        }
      }
    },
    {
      "RequestUri": "https://management.azure.com/subscriptions/ff0aa6da-20f8-44fe-9aee-381c8e8a4aeb/resourceGroups/hci-cluster-rg6491/providers/Microsoft.AzureStackHCI/clusters/hci-cluster8319/arcSettings/default?api-version=2023-02-01",
      "RequestMethod": "PUT",
      "RequestHeaders": {
        "Accept": "application/json",
        "Authorization": "Sanitized",
        "Content-Length": "17",
        "Content-Type": "application/json",
        "traceparent": "00-efe22ca98885a94eb9459f36fb60c26c-a981f00ef1345149-00",
        "User-Agent": "azsdk-net-ResourceManager.Hci/1.1.0-alpha.20230511.1 (.NET Framework 4.8.9139.0; Microsoft Windows 10.0.22621 )",
        "x-ms-client-request-id": "9f5e47a6da65238b3df33c1612500eb9",
        "x-ms-return-client-request-id": "true"
      },
      "RequestBody": {
        "properties": {}
      },
      "StatusCode": 200,
      "ResponseHeaders": {
        "Cache-Control": "no-cache",
        "Content-Length": "739",
        "Content-Type": "application/json; charset=utf-8",
        "Date": "Thu, 11 May 2023 05:08:44 GMT",
        "ETag": "\u00226f020074-0000-0100-0000-645c785d0000\u0022",
        "Expires": "-1",
        "mise-correlation-id": "1054bdcc-98b5-4dc6-b30c-1e084e00398d",
        "Pragma": "no-cache",
        "Strict-Transport-Security": "max-age=31536000; includeSubDomains",
        "X-Content-Type-Options": "nosniff",
        "x-ms-client-request-id": "9f5e47a6da65238b3df33c1612500eb9",
        "x-ms-correlation-request-id": "4fd733c8-e866-453f-95aa-91aa2bd50ea6",
        "x-ms-providerhub-traffic": "True",
        "x-ms-ratelimit-remaining-subscription-writes": "1199",
        "x-ms-request-id": "25eb59b4-8088-4ae8-8dd9-05b58312be25",
        "x-ms-routing-request-id": "JIOINDIACENTRAL:20230511T050845Z:4fd733c8-e866-453f-95aa-91aa2bd50ea6"
      },
      "ResponseBody": {
        "id": "/subscriptions/ff0aa6da-20f8-44fe-9aee-381c8e8a4aeb/resourceGroups/hci-cluster-rg6491/providers/Microsoft.AzureStackHCI/clusters/hci-cluster8319/arcSettings/default",
        "name": "default",
        "type": "microsoft.azurestackhci/clusters/arcsettings",
        "systemData": {
          "createdBy": "2565ed7c-4b2b-4fd5-a9ac-49b4611844e9",
          "createdByType": "Application",
          "createdAt": "2023-05-11T05:08:42.5973201Z",
          "lastModifiedBy": "2565ed7c-4b2b-4fd5-a9ac-49b4611844e9",
          "lastModifiedByType": "Application",
          "lastModifiedAt": "2023-05-11T05:08:42.5973201Z"
        },
        "properties": {
          "connectivityProperties": {
            "enabled": false
          },
          "provisioningState": "Succeeded",
          "arcInstanceResourceGroup": "hci-cluster8319-ca51de2f-ce8e-4535-a2e5-0c577ffb96e3-Arc-Infra-RG",
          "aggregateState": "NotSpecified"
        }
      }
    },
    {
      "RequestUri": "https://management.azure.com/subscriptions/ff0aa6da-20f8-44fe-9aee-381c8e8a4aeb/resourceGroups/hci-cluster-rg6491/providers/Microsoft.AzureStackHCI/clusters/hci-cluster8319/arcSettings/default/extensions/MicrosoftMonitoringAgent?api-version=2023-02-01",
      "RequestMethod": "PUT",
      "RequestHeaders": {
        "Accept": "application/json",
        "Authorization": "Sanitized",
        "Content-Length": "268",
        "Content-Type": "application/json",
        "traceparent": "00-c2cee6866cf3ad47a93c31d38bc5895d-6ff8021d1de70346-00",
        "User-Agent": "azsdk-net-ResourceManager.Hci/1.1.0-alpha.20230511.1 (.NET Framework 4.8.9139.0; Microsoft Windows 10.0.22621 )",
        "x-ms-client-request-id": "4f3039e295b307ca8d959345a2f6be19",
        "x-ms-return-client-request-id": "true"
      },
      "RequestBody": {
        "properties": {
          "extensionParameters": {
            "publisher": "Microsoft",
            "type": "MicrosoftMonitoringAgent",
            "typeHandlerVersion": "1.10",
            "settings": {
              "workspaceId": "5dcf9bc1-c220-4ed6-84f3-6919c3a393b6"
            },
            "protectedSettings": {
              "workspaceKey": "5dcf9bc1-c220-4ed6-84f3-6919c3a393b6"
            }
          }
        }
      },
      "StatusCode": 200,
      "ResponseHeaders": {
        "Cache-Control": "no-cache",
        "Content-Length": "875",
        "Content-Type": "application/json; charset=utf-8",
        "Date": "Thu, 11 May 2023 05:08:46 GMT",
        "ETag": "\u00225e0048c7-0000-0100-0000-645c785e0000\u0022",
        "Expires": "-1",
        "mise-correlation-id": "d1f66ccf-5d69-4f6d-b95f-1f9457b703da",
        "Pragma": "no-cache",
        "Strict-Transport-Security": "max-age=31536000; includeSubDomains",
        "X-Content-Type-Options": "nosniff",
        "x-ms-client-request-id": "4f3039e295b307ca8d959345a2f6be19",
        "x-ms-correlation-request-id": "70562c68-a47c-4fdc-94f4-a0b1301d1f0d",
        "x-ms-providerhub-traffic": "True",
        "x-ms-ratelimit-remaining-subscription-writes": "1198",
        "x-ms-request-id": "d99b60c6-1c15-40ae-9af9-a02112e27319",
        "x-ms-routing-request-id": "JIOINDIACENTRAL:20230511T050846Z:70562c68-a47c-4fdc-94f4-a0b1301d1f0d"
      },
      "ResponseBody": {
        "id": "/subscriptions/ff0aa6da-20f8-44fe-9aee-381c8e8a4aeb/resourceGroups/hci-cluster-rg6491/providers/Microsoft.AzureStackHCI/clusters/hci-cluster8319/arcSettings/default/extensions/MicrosoftMonitoringAgent",
        "name": "MicrosoftMonitoringAgent",
        "type": "microsoft.azurestackhci/clusters/arcsettings/extensions",
        "systemData": {
          "createdBy": "2565ed7c-4b2b-4fd5-a9ac-49b4611844e9",
          "createdByType": "Application",
          "createdAt": "2023-05-11T05:08:45.7223486Z",
          "lastModifiedBy": "2565ed7c-4b2b-4fd5-a9ac-49b4611844e9",
          "lastModifiedByType": "Application",
          "lastModifiedAt": "2023-05-11T05:08:45.7223486Z"
        },
        "properties": {
          "provisioningState": "Succeeded",
          "aggregateState": "NotSpecified",
          "extensionParameters": {
            "type": "MicrosoftMonitoringAgent",
            "publisher": "Microsoft",
            "autoUpgradeMinorVersion": false,
            "enableAutomaticUpgrade": true,
            "settings": {
              "workspaceId": "5dcf9bc1-c220-4ed6-84f3-6919c3a393b6"
            }
          }
        }
      }
    },
    {
      "RequestUri": "https://management.azure.com/subscriptions/ff0aa6da-20f8-44fe-9aee-381c8e8a4aeb/resourceGroups/hci-cluster-rg6491/providers/Microsoft.AzureStackHCI/clusters/hci-cluster8319/arcSettings/default/extensions/MicrosoftMonitoringAgent?api-version=2023-02-01",
      "RequestMethod": "GET",
      "RequestHeaders": {
        "Accept": "application/json",
        "Authorization": "Sanitized",
        "traceparent": "00-c2d74bab26a31941b5e4f3b38507da7b-718a1f9fd89a8144-00",
        "User-Agent": "azsdk-net-ResourceManager.Hci/1.1.0-alpha.20230511.1 (.NET Framework 4.8.9139.0; Microsoft Windows 10.0.22621 )",
        "x-ms-client-request-id": "86336ad2c6e0109f7c5612cf47468146",
        "x-ms-return-client-request-id": "true"
      },
      "RequestBody": null,
      "StatusCode": 200,
      "ResponseHeaders": {
        "Cache-Control": "no-cache",
        "Content-Length": "626",
        "Content-Type": "application/json; charset=utf-8",
        "Date": "Thu, 11 May 2023 05:08:46 GMT",
        "ETag": "\u00225e0048c7-0000-0100-0000-645c785e0000\u0022",
        "Expires": "-1",
        "mise-correlation-id": "60c614f1-a581-4a7e-9d0a-03b777d0a30b",
        "Pragma": "no-cache",
        "Strict-Transport-Security": "max-age=31536000; includeSubDomains",
        "X-Content-Type-Options": "nosniff",
        "x-ms-client-request-id": "86336ad2c6e0109f7c5612cf47468146",
        "x-ms-correlation-request-id": "f28e3207-118f-4e9a-9e91-828ff0cdb5a4",
        "x-ms-providerhub-traffic": "True",
        "x-ms-ratelimit-remaining-subscription-reads": "11999",
        "x-ms-request-id": "c3ff09cc-8057-4366-b947-d07fd0bfdd80",
        "x-ms-routing-request-id": "JIOINDIACENTRAL:20230511T050847Z:f28e3207-118f-4e9a-9e91-828ff0cdb5a4"
      },
      "ResponseBody": {
        "id": "/subscriptions/ff0aa6da-20f8-44fe-9aee-381c8e8a4aeb/resourceGroups/hci-cluster-rg6491/providers/Microsoft.AzureStackHCI/clusters/hci-cluster8319/arcSettings/default/extensions/MicrosoftMonitoringAgent",
        "name": "MicrosoftMonitoringAgent",
        "type": "microsoft.azurestackhci/clusters/arcsettings/extensions",
        "properties": {
          "provisioningState": "Succeeded",
          "aggregateState": "NotSpecified",
          "perNodeExtensionDetails": [],
          "extensionParameters": {
            "type": "MicrosoftMonitoringAgent",
            "publisher": "Microsoft",
            "autoUpgradeMinorVersion": false,
            "enableAutomaticUpgrade": true,
            "settings": {
              "workspaceId": "5dcf9bc1-c220-4ed6-84f3-6919c3a393b6"
            }
          }
        }
      }
    },
    {
      "RequestUri": "https://management.azure.com/subscriptions/ff0aa6da-20f8-44fe-9aee-381c8e8a4aeb/resourceGroups/hci-cluster-rg6491/providers/Microsoft.AzureStackHCI/clusters/hci-cluster8319/arcSettings/default/extensions?api-version=2023-02-01",
      "RequestMethod": "GET",
      "RequestHeaders": {
        "Accept": "application/json",
        "Authorization": "Sanitized",
        "User-Agent": "azsdk-net-ResourceManager.Hci/1.1.0-alpha.20230511.1 (.NET Framework 4.8.9139.0; Microsoft Windows 10.0.22621 )",
        "x-ms-client-request-id": "db9a22359e9763493420d0715e28d3cf",
        "x-ms-return-client-request-id": "true"
      },
      "RequestBody": null,
      "StatusCode": 200,
      "ResponseHeaders": {
        "Cache-Control": "no-cache",
        "Content-Length": "638",
        "Content-Type": "application/json; charset=utf-8",
        "Date": "Thu, 11 May 2023 05:08:47 GMT",
        "Expires": "-1",
        "mise-correlation-id": "5a0a6b08-e855-4e5e-8b70-d371a6c71d80",
        "Pragma": "no-cache",
        "Strict-Transport-Security": "max-age=31536000; includeSubDomains",
        "X-Content-Type-Options": "nosniff",
        "x-ms-client-request-id": "db9a22359e9763493420d0715e28d3cf",
        "x-ms-correlation-request-id": "1db360de-c21d-4056-b55c-42a26684b31d",
        "x-ms-providerhub-traffic": "True",
        "x-ms-ratelimit-remaining-subscription-reads": "11998",
        "x-ms-request-id": "69cb63a7-4579-4f4d-aa93-02ca4f574df8",
        "x-ms-routing-request-id": "JIOINDIACENTRAL:20230511T050848Z:1db360de-c21d-4056-b55c-42a26684b31d"
      },
      "ResponseBody": {
        "value": [
          {
            "id": "/subscriptions/ff0aa6da-20f8-44fe-9aee-381c8e8a4aeb/resourceGroups/hci-cluster-rg6491/providers/Microsoft.AzureStackHCI/clusters/hci-cluster8319/arcSettings/default/extensions/MicrosoftMonitoringAgent",
            "name": "MicrosoftMonitoringAgent",
            "type": "microsoft.azurestackhci/clusters/arcsettings/extensions",
            "properties": {
              "provisioningState": "Succeeded",
              "aggregateState": "NotSpecified",
              "perNodeExtensionDetails": [],
              "extensionParameters": {
                "type": "MicrosoftMonitoringAgent",
                "publisher": "Microsoft",
                "autoUpgradeMinorVersion": false,
                "enableAutomaticUpgrade": true,
                "settings": {
                  "workspaceId": "5dcf9bc1-c220-4ed6-84f3-6919c3a393b6"
                }
              }
            }
          }
        ]
      }
    }
  ],
  "Variables": {
    "AZURE_AUTHORITY_HOST": "https://login.microsoftonline.com",
    "CLIENT_ID": "2565ed7c-4b2b-4fd5-a9ac-49b4611844e9",
    "RandomSeed": "1848640774",
    "RESOURCE_MANAGER_URL": null,
    "SUBSCRIPTION_ID": "ff0aa6da-20f8-44fe-9aee-381c8e8a4aeb",
    "TENANT_ID": "72f988bf-86f1-41af-91ab-2d7cd011db47"
  }
}
