{
  "Entries": [
    {
      "RequestUri": "https://management.azure.com/subscriptions/ff0aa6da-20f8-44fe-9aee-381c8e8a4aeb?api-version=2021-01-01",
      "RequestMethod": "GET",
      "RequestHeaders": {
        "Accept": "application/json",
        "Authorization": "Sanitized",
        "Connection": "keep-alive",
        "traceparent": "00-627f4875b2a29847919dc61eee07382e-819947e47c0a304d-00",
        "User-Agent": "azsdk-net-ResourceManager/1.5.0 (.NET Framework 4.8.9139.0; Microsoft Windows 10.0.22621 )",
        "x-ms-client-request-id": "477b92e47768f3afda1987eae3a385b2",
        "x-ms-return-client-request-id": "true"
      },
      "RequestBody": null,
      "StatusCode": 200,
      "ResponseHeaders": {
        "Cache-Control": "no-cache",
        "Content-Length": "443",
        "Content-Type": "application/json; charset=utf-8",
        "Date": "Thu, 11 May 2023 05:02:24 GMT",
        "Expires": "-1",
        "Pragma": "no-cache",
        "Strict-Transport-Security": "max-age=31536000; includeSubDomains",
        "X-Content-Type-Options": "nosniff",
        "x-ms-correlation-request-id": "6229b79c-0d46-483b-bafa-753b26ce72f6",
        "x-ms-ratelimit-remaining-subscription-reads": "11999",
        "x-ms-request-id": "6229b79c-0d46-483b-bafa-753b26ce72f6",
        "x-ms-routing-request-id": "JIOINDIACENTRAL:20230511T050224Z:6229b79c-0d46-483b-bafa-753b26ce72f6"
      },
      "ResponseBody": {
        "id": "/subscriptions/ff0aa6da-20f8-44fe-9aee-381c8e8a4aeb",
        "authorizationSource": "RoleBased",
        "managedByTenants": [
          {
            "tenantId": "ad44cbb7-4f0b-47b4-97bd-be70a5b1e681"
          }
        ],
        "subscriptionId": "ff0aa6da-20f8-44fe-9aee-381c8e8a4aeb",
        "tenantId": "72f988bf-86f1-41af-91ab-2d7cd011db47",
        "displayName": "HCI IDC Test",
        "state": "Enabled",
        "subscriptionPolicies": {
          "locationPlacementId": "Internal_2014-09-01",
          "quotaId": "Internal_2014-09-01",
          "spendingLimit": "Off"
        }
      }
    },
    {
      "RequestUri": "https://management.azure.com/subscriptions/ff0aa6da-20f8-44fe-9aee-381c8e8a4aeb/resourcegroups/hci-cluster-rg7365?api-version=**",
      "RequestMethod": "PUT",
      "RequestHeaders": {
        "Accept": "application/json",
        "Authorization": "Sanitized",
        "Content-Length": "21",
        "Content-Type": "application/json",
        "traceparent": "00-b3ebbaed90edcb4f94168c3efe971aa1-846fce43a1b2a343-00",
        "User-Agent": "azsdk-net-ResourceManager/1.5.0 (.NET Framework 4.8.9139.0; Microsoft Windows 10.0.22621 )",
        "x-ms-client-request-id": "da53033f4036ca06b647a52aa2f26ade",
        "x-ms-return-client-request-id": "true"
      },
      "RequestBody": {
        "location": "eastus"
      },
      "StatusCode": 201,
      "ResponseHeaders": {
        "Cache-Control": "no-cache",
        "Content-Length": "233",
        "Content-Type": "application/json; charset=utf-8",
        "Date": "Thu, 11 May 2023 05:02:28 GMT",
        "Expires": "-1",
        "Pragma": "no-cache",
        "Strict-Transport-Security": "max-age=31536000; includeSubDomains",
        "X-Content-Type-Options": "nosniff",
        "x-ms-correlation-request-id": "1bb6161d-fda4-4a2b-a5dd-0cab93e06d29",
        "x-ms-ratelimit-remaining-subscription-writes": "1199",
        "x-ms-request-id": "1bb6161d-fda4-4a2b-a5dd-0cab93e06d29",
        "x-ms-routing-request-id": "JIOINDIACENTRAL:20230511T050229Z:1bb6161d-fda4-4a2b-a5dd-0cab93e06d29"
      },
      "ResponseBody": {
        "id": "/subscriptions/ff0aa6da-20f8-44fe-9aee-381c8e8a4aeb/resourceGroups/hci-cluster-rg7365",
        "name": "hci-cluster-rg7365",
        "type": "Microsoft.Resources/resourceGroups",
        "location": "eastus",
        "properties": {
          "provisioningState": "Succeeded"
        }
      }
    },
    {
      "RequestUri": "https://management.azure.com/subscriptions/ff0aa6da-20f8-44fe-9aee-381c8e8a4aeb/resourceGroups/hci-cluster-rg7365/providers/Microsoft.AzureStackHCI/clusters/hci-cluster3550?api-version=2023-02-01",
      "RequestMethod": "PUT",
      "RequestHeaders": {
        "Accept": "application/json",
        "Authorization": "Sanitized",
        "Content-Length": "179",
        "Content-Type": "application/json",
        "traceparent": "00-26bea5bbf8bf31409f30a80d639622db-73601bb51c690b44-00",
        "User-Agent": "azsdk-net-ResourceManager.Hci/1.1.0-alpha.20230511.1 (.NET Framework 4.8.9139.0; Microsoft Windows 10.0.22621 )",
        "x-ms-client-request-id": "6b6196b5e926298b83a34cca18c365ce",
        "x-ms-return-client-request-id": "true"
      },
      "RequestBody": {
        "tags": {},
        "location": "eastus",
        "properties": {
          "aadClientId": "2565ed7c-4b2b-4fd5-a9ac-49b4611844e9",
          "aadTenantId": "72f988bf-86f1-41af-91ab-2d7cd011db47"
        },
        "identity": {
          "type": "None"
        }
      },
      "StatusCode": 200,
      "ResponseHeaders": {
        "Cache-Control": "no-cache",
        "Content-Length": "1148",
        "Content-Type": "application/json; charset=utf-8",
        "Date": "Thu, 11 May 2023 05:02:36 GMT",
        "ETag": "\u00221713c8b6-0000-0100-0000-645c76ea0000\u0022",
        "Expires": "-1",
        "mise-correlation-id": "c16db794-8dbb-4803-a86f-eb8b48177b18",
        "Pragma": "no-cache",
        "Strict-Transport-Security": "max-age=31536000; includeSubDomains",
        "X-Content-Type-Options": "nosniff",
        "x-ms-client-request-id": "6b6196b5e926298b83a34cca18c365ce",
        "x-ms-correlation-request-id": "8ce513bd-ccf3-4280-8d7b-9412f61fe397",
        "x-ms-providerhub-traffic": "True",
        "x-ms-ratelimit-remaining-subscription-writes": "1198",
        "x-ms-request-id": "0cfb639b-80d8-4ef0-a0e1-2696582a11a8",
        "x-ms-routing-request-id": "JIOINDIACENTRAL:20230511T050236Z:8ce513bd-ccf3-4280-8d7b-9412f61fe397"
      },
      "ResponseBody": {
        "id": "/subscriptions/ff0aa6da-20f8-44fe-9aee-381c8e8a4aeb/resourceGroups/hci-cluster-rg7365/providers/Microsoft.AzureStackHCI/clusters/hci-cluster3550",
        "name": "hci-cluster3550",
        "type": "microsoft.azurestackhci/clusters",
        "location": "eastus",
        "tags": {},
        "systemData": {
          "createdBy": "2565ed7c-4b2b-4fd5-a9ac-49b4611844e9",
          "createdByType": "Application",
          "createdAt": "2023-05-11T05:02:33.7663066Z",
          "lastModifiedBy": "2565ed7c-4b2b-4fd5-a9ac-49b4611844e9",
          "lastModifiedByType": "Application",
          "lastModifiedAt": "2023-05-11T05:02:33.7663066Z"
        },
        "identity": {
          "type": "None"
        },
        "properties": {
          "provisioningState": "Succeeded",
          "status": "NotYetRegistered",
          "cloudId": "a7d85249-3a34-4245-9063-0e52d0281a91",
          "aadClientId": "2565ed7c-4b2b-4fd5-a9ac-49b4611844e9",
          "aadTenantId": "72f988bf-86f1-41af-91ab-2d7cd011db47",
          "softwareAssuranceProperties": {
            "softwareAssuranceStatus": "Disabled",
            "softwareAssuranceIntent": "Disable"
          },
          "desiredProperties": {
            "windowsServerSubscription": "Disabled",
            "diagnosticLevel": "Basic"
          },
          "trialDaysRemaining": 60,
          "billingModel": "Trial",
          "serviceEndpoint": "https://dp.stackhci.azure.com/eastus/",
          "resourceProviderObjectId": "f57be460-ae5d-444a-9317-bbfa416ab4b9"
        }
      }
    },
    {
      "RequestUri": "https://management.azure.com/subscriptions/ff0aa6da-20f8-44fe-9aee-381c8e8a4aeb/resourceGroups/hci-cluster-rg7365/providers/Microsoft.AzureStackHCI/clusters/hci-cluster3550/arcSettings/default?api-version=2023-02-01",
      "RequestMethod": "PUT",
      "RequestHeaders": {
        "Accept": "application/json",
        "Authorization": "Sanitized",
        "Content-Length": "17",
        "Content-Type": "application/json",
        "traceparent": "00-05d8b3f65c39964493f95a746e682f5b-3050550617f3c54a-00",
        "User-Agent": "azsdk-net-ResourceManager.Hci/1.1.0-alpha.20230511.1 (.NET Framework 4.8.9139.0; Microsoft Windows 10.0.22621 )",
        "x-ms-client-request-id": "7c7efe24aed474527cb23009c837261d",
        "x-ms-return-client-request-id": "true"
      },
      "RequestBody": {
        "properties": {}
      },
      "StatusCode": 200,
      "ResponseHeaders": {
        "Cache-Control": "no-cache",
        "Content-Length": "737",
        "Content-Type": "application/json; charset=utf-8",
        "Date": "Thu, 11 May 2023 05:02:37 GMT",
        "ETag": "\u00226f024955-0000-0100-0000-645c76ed0000\u0022",
        "Expires": "-1",
        "mise-correlation-id": "ee5c51fa-1c64-461d-ab17-359d2f3fe444",
        "Pragma": "no-cache",
        "Strict-Transport-Security": "max-age=31536000; includeSubDomains",
        "X-Content-Type-Options": "nosniff",
        "x-ms-client-request-id": "7c7efe24aed474527cb23009c837261d",
        "x-ms-correlation-request-id": "40663876-ea84-412c-a550-f1c8145fd04f",
        "x-ms-providerhub-traffic": "True",
        "x-ms-ratelimit-remaining-subscription-writes": "1197",
        "x-ms-request-id": "e4750b13-f636-4ff4-a6e7-dd475fa4f9ff",
        "x-ms-routing-request-id": "JIOINDIACENTRAL:20230511T050238Z:40663876-ea84-412c-a550-f1c8145fd04f"
      },
      "ResponseBody": {
        "id": "/subscriptions/ff0aa6da-20f8-44fe-9aee-381c8e8a4aeb/resourceGroups/hci-cluster-rg7365/providers/Microsoft.AzureStackHCI/clusters/hci-cluster3550/arcSettings/default",
        "name": "default",
        "type": "microsoft.azurestackhci/clusters/arcsettings",
        "systemData": {
          "createdBy": "2565ed7c-4b2b-4fd5-a9ac-49b4611844e9",
          "createdByType": "Application",
          "createdAt": "2023-05-11T05:02:37.204055Z",
          "lastModifiedBy": "2565ed7c-4b2b-4fd5-a9ac-49b4611844e9",
          "lastModifiedByType": "Application",
          "lastModifiedAt": "2023-05-11T05:02:37.204055Z"
        },
        "properties": {
          "connectivityProperties": {
            "enabled": false
          },
          "provisioningState": "Succeeded",
          "arcInstanceResourceGroup": "hci-cluster3550-a7d85249-3a34-4245-9063-0e52d0281a91-Arc-Infra-RG",
          "aggregateState": "NotSpecified"
        }
      }
    },
    {
      "RequestUri": "https://management.azure.com/subscriptions/ff0aa6da-20f8-44fe-9aee-381c8e8a4aeb/resourceGroups/hci-cluster-rg7365/providers/Microsoft.AzureStackHCI/clusters/hci-cluster3550/arcSettings/default/extensions/MicrosoftMonitoringAgent?api-version=2023-02-01",
      "RequestMethod": "PUT",
      "RequestHeaders": {
        "Accept": "application/json",
        "Authorization": "Sanitized",
        "Content-Length": "268",
        "Content-Type": "application/json",
        "traceparent": "00-7644abf8a50eae47a7c9d46aca5f693b-9cfd58389082ad41-00",
        "User-Agent": "azsdk-net-ResourceManager.Hci/1.1.0-alpha.20230511.1 (.NET Framework 4.8.9139.0; Microsoft Windows 10.0.22621 )",
        "x-ms-client-request-id": "efeebe0ca4501a19c8b1b39cb9009d84",
        "x-ms-return-client-request-id": "true"
      },
      "RequestBody": {
        "properties": {
          "extensionParameters": {
            "publisher": "Microsoft",
            "type": "MicrosoftMonitoringAgent",
            "typeHandlerVersion": "1.10",
            "settings": {
              "workspaceId": "5dcf9bc1-c220-4ed6-84f3-6919c3a393b6"
            },
            "protectedSettings": {
              "workspaceKey": "5dcf9bc1-c220-4ed6-84f3-6919c3a393b6"
            }
          }
        }
      },
      "StatusCode": 200,
      "ResponseHeaders": {
        "Cache-Control": "no-cache",
        "Content-Length": "875",
        "Content-Type": "application/json; charset=utf-8",
        "Date": "Thu, 11 May 2023 05:02:39 GMT",
        "ETag": "\u00225e00e6c4-0000-0100-0000-645c76ef0000\u0022",
        "Expires": "-1",
        "mise-correlation-id": "9a01e777-fb9c-43eb-9328-91924dc7858e",
        "Pragma": "no-cache",
        "Strict-Transport-Security": "max-age=31536000; includeSubDomains",
        "X-Content-Type-Options": "nosniff",
        "x-ms-client-request-id": "efeebe0ca4501a19c8b1b39cb9009d84",
        "x-ms-correlation-request-id": "30e429da-3e19-4d66-b65c-0a7874b43184",
        "x-ms-providerhub-traffic": "True",
        "x-ms-ratelimit-remaining-subscription-writes": "1196",
        "x-ms-request-id": "7040816e-0c05-48b0-bd13-98839ef89b02",
        "x-ms-routing-request-id": "JIOINDIACENTRAL:20230511T050239Z:30e429da-3e19-4d66-b65c-0a7874b43184"
      },
      "ResponseBody": {
        "id": "/subscriptions/ff0aa6da-20f8-44fe-9aee-381c8e8a4aeb/resourceGroups/hci-cluster-rg7365/providers/Microsoft.AzureStackHCI/clusters/hci-cluster3550/arcSettings/default/extensions/MicrosoftMonitoringAgent",
        "name": "MicrosoftMonitoringAgent",
        "type": "microsoft.azurestackhci/clusters/arcsettings/extensions",
        "systemData": {
          "createdBy": "2565ed7c-4b2b-4fd5-a9ac-49b4611844e9",
          "createdByType": "Application",
          "createdAt": "2023-05-11T05:02:38.5791507Z",
          "lastModifiedBy": "2565ed7c-4b2b-4fd5-a9ac-49b4611844e9",
          "lastModifiedByType": "Application",
          "lastModifiedAt": "2023-05-11T05:02:38.5791507Z"
        },
        "properties": {
          "provisioningState": "Succeeded",
          "aggregateState": "NotSpecified",
          "extensionParameters": {
            "type": "MicrosoftMonitoringAgent",
            "publisher": "Microsoft",
            "autoUpgradeMinorVersion": false,
            "enableAutomaticUpgrade": true,
            "settings": {
              "workspaceId": "5dcf9bc1-c220-4ed6-84f3-6919c3a393b6"
            }
          }
        }
      }
    },
    {
      "RequestUri": "https://management.azure.com/subscriptions/ff0aa6da-20f8-44fe-9aee-381c8e8a4aeb/resourceGroups/hci-cluster-rg7365/providers/Microsoft.AzureStackHCI/clusters/hci-cluster3550/arcSettings/default/extensions/MicrosoftMonitoringAgent?api-version=2023-02-01",
      "RequestMethod": "GET",
      "RequestHeaders": {
        "Accept": "application/json",
        "Authorization": "Sanitized",
        "traceparent": "00-487a40684d53b64f9c677062f3b557d9-de25d8a1fe0d214e-00",
        "User-Agent": "azsdk-net-ResourceManager.Hci/1.1.0-alpha.20230511.1 (.NET Framework 4.8.9139.0; Microsoft Windows 10.0.22621 )",
        "x-ms-client-request-id": "5abe2e7c75d47f7ee464b322fab5bb7b",
        "x-ms-return-client-request-id": "true"
      },
      "RequestBody": null,
      "StatusCode": 200,
      "ResponseHeaders": {
        "Cache-Control": "no-cache",
        "Content-Length": "626",
        "Content-Type": "application/json; charset=utf-8",
        "Date": "Thu, 11 May 2023 05:02:39 GMT",
        "ETag": "\u00225e00e6c4-0000-0100-0000-645c76ef0000\u0022",
        "Expires": "-1",
        "mise-correlation-id": "8bf49d7b-814b-41c2-a3e0-a55862ee726c",
        "Pragma": "no-cache",
        "Strict-Transport-Security": "max-age=31536000; includeSubDomains",
        "X-Content-Type-Options": "nosniff",
        "x-ms-client-request-id": "5abe2e7c75d47f7ee464b322fab5bb7b",
        "x-ms-correlation-request-id": "26f0fac2-f218-4404-a65b-d7c9c48f36d9",
        "x-ms-providerhub-traffic": "True",
        "x-ms-ratelimit-remaining-subscription-reads": "11998",
        "x-ms-request-id": "6519f657-a514-4c4e-8eab-010f0212408d",
        "x-ms-routing-request-id": "JIOINDIACENTRAL:20230511T050240Z:26f0fac2-f218-4404-a65b-d7c9c48f36d9"
      },
      "ResponseBody": {
        "id": "/subscriptions/ff0aa6da-20f8-44fe-9aee-381c8e8a4aeb/resourceGroups/hci-cluster-rg7365/providers/Microsoft.AzureStackHCI/clusters/hci-cluster3550/arcSettings/default/extensions/MicrosoftMonitoringAgent",
        "name": "MicrosoftMonitoringAgent",
        "type": "microsoft.azurestackhci/clusters/arcsettings/extensions",
        "properties": {
          "provisioningState": "Succeeded",
          "aggregateState": "NotSpecified",
          "perNodeExtensionDetails": [],
          "extensionParameters": {
            "type": "MicrosoftMonitoringAgent",
            "publisher": "Microsoft",
            "autoUpgradeMinorVersion": false,
            "enableAutomaticUpgrade": true,
            "settings": {
              "workspaceId": "5dcf9bc1-c220-4ed6-84f3-6919c3a393b6"
            }
          }
        }
      }
    },
    {
      "RequestUri": "https://management.azure.com/subscriptions/ff0aa6da-20f8-44fe-9aee-381c8e8a4aeb/resourceGroups/hci-cluster-rg7365/providers/Microsoft.AzureStackHCI/clusters/hci-cluster3550/arcSettings/default/extensions?api-version=2023-02-01",
      "RequestMethod": "GET",
      "RequestHeaders": {
        "Accept": "application/json",
        "Authorization": "Sanitized",
        "traceparent": "00-7435eaa862f9314890d9671c7f04fc3f-dd1f2bb60417964d-00",
        "User-Agent": "azsdk-net-ResourceManager.Hci/1.1.0-alpha.20230511.1 (.NET Framework 4.8.9139.0; Microsoft Windows 10.0.22621 )",
        "x-ms-client-request-id": "6cc8ac1432b8a9316ce7ac64b6a56147",
        "x-ms-return-client-request-id": "true"
      },
      "RequestBody": null,
      "StatusCode": 200,
      "ResponseHeaders": {
        "Cache-Control": "no-cache",
        "Content-Length": "638",
        "Content-Type": "application/json; charset=utf-8",
        "Date": "Thu, 11 May 2023 05:02:40 GMT",
        "Expires": "-1",
        "mise-correlation-id": "555b98cc-5901-4664-924b-e43ae7dca0f6",
        "Pragma": "no-cache",
        "Strict-Transport-Security": "max-age=31536000; includeSubDomains",
        "X-Content-Type-Options": "nosniff",
        "x-ms-client-request-id": "6cc8ac1432b8a9316ce7ac64b6a56147",
        "x-ms-correlation-request-id": "e350bd98-4d5a-4b16-863b-b4070e683bb3",
        "x-ms-providerhub-traffic": "True",
        "x-ms-ratelimit-remaining-subscription-reads": "11997",
        "x-ms-request-id": "7d5c28ea-3ae1-485a-8305-12af8bdf8cc9",
        "x-ms-routing-request-id": "JIOINDIACENTRAL:20230511T050241Z:e350bd98-4d5a-4b16-863b-b4070e683bb3"
      },
      "ResponseBody": {
        "value": [
          {
            "id": "/subscriptions/ff0aa6da-20f8-44fe-9aee-381c8e8a4aeb/resourceGroups/hci-cluster-rg7365/providers/Microsoft.AzureStackHCI/clusters/hci-cluster3550/arcSettings/default/extensions/MicrosoftMonitoringAgent",
            "name": "MicrosoftMonitoringAgent",
            "type": "microsoft.azurestackhci/clusters/arcsettings/extensions",
            "properties": {
              "provisioningState": "Succeeded",
              "aggregateState": "NotSpecified",
              "perNodeExtensionDetails": [],
              "extensionParameters": {
                "type": "MicrosoftMonitoringAgent",
                "publisher": "Microsoft",
                "autoUpgradeMinorVersion": false,
                "enableAutomaticUpgrade": true,
                "settings": {
                  "workspaceId": "5dcf9bc1-c220-4ed6-84f3-6919c3a393b6"
                }
              }
            }
          }
        ]
      }
    }
  ],
  "Variables": {
    "AZURE_AUTHORITY_HOST": "https://login.microsoftonline.com",
    "CLIENT_ID": "2565ed7c-4b2b-4fd5-a9ac-49b4611844e9",
    "RandomSeed": "400706762",
    "RESOURCE_MANAGER_URL": null,
    "SUBSCRIPTION_ID": "ff0aa6da-20f8-44fe-9aee-381c8e8a4aeb",
    "TENANT_ID": "72f988bf-86f1-41af-91ab-2d7cd011db47"
  }
}
