{
  "Entries": [
    {
      "RequestUri": "https://sanitized.communication.azure.com/identities?api-version=2021-03-07",
      "RequestMethod": "POST",
      "RequestHeaders": {
        "Accept": "application/json",
        "Authorization": "Sanitized",
        "Content-Length": "2",
        "Content-Type": "application/json",
        "traceparent": "00-c9976d42d993b43026011afe19943791-4bc810240acca59f-00",
        "User-Agent": "azsdk-net-Communication.Identity/1.3.0-alpha.20230629.1 (.NET 7.0.7; Microsoft Windows 10.0.22621)",
        "x-ms-client-request-id": "934efa337ce6ddfdd2148063e13348e8",
        "x-ms-content-sha256": "Sanitized",
        "x-ms-date": "Thu, 06 Jul 2023 18:38:28 GMT",
        "x-ms-return-client-request-id": "true"
      },
      "RequestBody": {},
      "StatusCode": 201,
      "ResponseHeaders": {
        "api-supported-versions": "2020-07-20-preview2, 2021-02-22-preview1, 2021-03-07, 2021-10-31-preview, 2021-11-01, 2022-06-01, 2022-10-01, 2023-08-01",
        "Content-Length": "101",
        "Content-Type": "application/json; charset=utf-8",
        "Date": "Thu, 06 Jul 2023 18:38:28 GMT",
        "MS-CV": "owrrJRAE/UO3ohr5/SPI3w.0",
        "Request-Context": "appId=",
        "Strict-Transport-Security": "max-age=2592000",
        "X-Azure-Ref": "0JQqnZAAAAADb4jnkDp3aQ4foMpHKfa4JWVZSMzExMDAwMTE1MDE5AGYwOWE0YzEzLTIxZjEtNDhlYy05Y2Y3LTY2NTQ1Njg0YjY0Mg==",
        "X-Cache": "CONFIG_NOCACHE",
        "x-ms-client-request-id": "934efa337ce6ddfdd2148063e13348e8",
        "X-Processing-Time": "89ms"
      },
      "ResponseBody": {
        "identity": {
          "id": "8:acs:8b1e6004-98fe-4e87-80c1-56087ffec93b_00000019-cc61-4724-f38d-09482200f5c0"
        }
      }
    },
    {
      "RequestUri": "https://sanitized.communication.azure.com/identities?api-version=2021-03-07",
      "RequestMethod": "POST",
      "RequestHeaders": {
        "Accept": "application/json",
        "Authorization": "Sanitized",
        "Content-Length": "2",
        "Content-Type": "application/json",
        "traceparent": "00-1e64d2cca17e14f84919295a40663c46-d8c369debf49509c-00",
        "User-Agent": "azsdk-net-Communication.Identity/1.3.0-alpha.20230629.1 (.NET 7.0.7; Microsoft Windows 10.0.22621)",
        "x-ms-client-request-id": "10680ddc2551e4b126bbf13007c609e1",
        "x-ms-content-sha256": "Sanitized",
        "x-ms-date": "Thu, 06 Jul 2023 18:38:29 GMT",
        "x-ms-return-client-request-id": "true"
      },
      "RequestBody": {},
      "StatusCode": 201,
      "ResponseHeaders": {
        "api-supported-versions": "2020-07-20-preview2, 2021-02-22-preview1, 2021-03-07, 2021-10-31-preview, 2021-11-01, 2022-06-01, 2022-10-01, 2023-08-01",
        "Content-Length": "101",
        "Content-Type": "application/json; charset=utf-8",
        "Date": "Thu, 06 Jul 2023 18:38:28 GMT",
        "MS-CV": "d1jzvbxmoUazWGqvPAp1RA.0",
        "Request-Context": "appId=",
        "Strict-Transport-Security": "max-age=2592000",
        "X-Azure-Ref": "0JQqnZAAAAAAJGT1uFgoHT5/mKuTEoeWzWVZSMzExMDAwMTE1MDE5AGYwOWE0YzEzLTIxZjEtNDhlYy05Y2Y3LTY2NTQ1Njg0YjY0Mg==",
        "X-Cache": "CONFIG_NOCACHE",
        "x-ms-client-request-id": "10680ddc2551e4b126bbf13007c609e1",
        "X-Processing-Time": "151ms"
      },
      "ResponseBody": {
        "identity": {
          "id": "8:acs:8b1e6004-98fe-4e87-80c1-56087ffec93b_00000019-cc61-47ed-f38d-09482200f5c1"
        }
      }
    },
    {
      "RequestUri": "https://sanitized.communication.azure.com/identities?api-version=2021-03-07",
      "RequestMethod": "POST",
      "RequestHeaders": {
        "Accept": "application/json",
        "Authorization": "Sanitized",
        "Content-Length": "2",
        "Content-Type": "application/json",
        "traceparent": "00-8099dfeb9863a986fd0a8d1fc610e895-d7ae252f187a7215-00",
        "User-Agent": "azsdk-net-Communication.Identity/1.3.0-alpha.20230629.1 (.NET 7.0.7; Microsoft Windows 10.0.22621)",
        "x-ms-client-request-id": "e1b3c4a729b46f511296e80e14acd008",
        "x-ms-content-sha256": "Sanitized",
        "x-ms-date": "Thu, 06 Jul 2023 18:38:29 GMT",
        "x-ms-return-client-request-id": "true"
      },
      "RequestBody": {},
      "StatusCode": 201,
      "ResponseHeaders": {
        "api-supported-versions": "2020-07-20-preview2, 2021-02-22-preview1, 2021-03-07, 2021-10-31-preview, 2021-11-01, 2022-06-01, 2022-10-01, 2023-08-01",
        "Content-Length": "101",
        "Content-Type": "application/json; charset=utf-8",
        "Date": "Thu, 06 Jul 2023 18:38:29 GMT",
        "MS-CV": "X846CzA/9kqfsEI38G0s9Q.0",
        "Request-Context": "appId=",
        "Strict-Transport-Security": "max-age=2592000",
        "X-Azure-Ref": "0JQqnZAAAAAANJhCkbFnuSa9gSsJ\u002BCliGWVZSMzExMDAwMTE1MDE5AGYwOWE0YzEzLTIxZjEtNDhlYy05Y2Y3LTY2NTQ1Njg0YjY0Mg==",
        "X-Cache": "CONFIG_NOCACHE",
        "x-ms-client-request-id": "e1b3c4a729b46f511296e80e14acd008",
        "X-Processing-Time": "50ms"
      },
      "ResponseBody": {
        "identity": {
          "id": "8:acs:8b1e6004-98fe-4e87-80c1-56087ffec93b_00000019-cc61-485c-f38d-09482200f5c2"
        }
      }
    },
    {
      "RequestUri": "https://sanitized.communication.azure.com/rooms?api-version=2023-06-14",
      "RequestMethod": "POST",
      "RequestHeaders": {
        "Accept": "application/json",
        "Authorization": "Sanitized",
        "Content-Length": "272",
        "Content-Type": "application/json",
        "Repeatability-First-Sent": "Thu, 06 Jul 2023 18:38:29 GMT",
        "Repeatability-Request-ID": "8e05547c-bdb1-46f3-9afd-408b805f428c",
        "traceparent": "00-1f85d465442d48f5c42c883e801188bc-ea80baae5a0b6d3a-00",
        "User-Agent": "azsdk-net-Communication.Rooms/1.1.0-alpha.20230629.1 (.NET 7.0.7; Microsoft Windows 10.0.22621)",
        "x-ms-client-request-id": "746025d884590e5049696c2b8acdd60b",
        "x-ms-content-sha256": "Sanitized",
        "x-ms-date": "Thu, 06 Jul 2023 18:38:29 GMT",
        "x-ms-return-client-request-id": "true"
      },
      "RequestBody": {
        "validFrom": "Sanitized",
        "validUntil": "Sanitized",
        "participants": {
          "8:acs:8b1e6004-98fe-4e87-80c1-56087ffec93b_00000019-cc61-4724-f38d-09482200f5c0": {
            "role": "Presenter"
          },
          "8:acs:8b1e6004-98fe-4e87-80c1-56087ffec93b_00000019-cc61-47ed-f38d-09482200f5c1": {
            "role": "Attendee"
          }
        }
      },
      "StatusCode": 201,
      "ResponseHeaders": {
        "api-deprecated-versions": "2021-04-07, 2022-02-01",
        "api-supported-versions": "2023-03-31-preview, 2023-06-14",
        "Content-Type": "application/json; charset=utf-8",
        "Date": "Thu, 06 Jul 2023 18:38:29 GMT",
        "Location": "99421721260428764",
        "MS-CV": "zoOFvAFb5EqZtqSm3kUqXg.0",
        "Repeatability-Result": "accepted",
        "Request-Context": "appId=",
        "Transfer-Encoding": "chunked",
        "X-Azure-Ref": "0JgqnZAAAAAATR8V1H4F/TYZb/q6M2HqlWVZSMzExMDAwMTE1MDE5AGYwOWE0YzEzLTIxZjEtNDhlYy05Y2Y3LTY2NTQ1Njg0YjY0Mg==",
        "X-Cache": "CONFIG_NOCACHE"
      },
      "ResponseBody": {
        "id": "99421721260428764",
        "createdAt": "2023-07-06T18:38:30.3097687\u002B00:00",
        "validFrom": "2023-07-06T18:38:29.3644769\u002B00:00",
        "validUntil": "2023-07-07T18:38:29.3644769\u002B00:00"
      }
    },
    {
      "RequestUri": "https://sanitized.communication.azure.com/rooms/Sanitized?api-version=2023-06-14",
      "RequestMethod": "GET",
      "RequestHeaders": {
        "Accept": "application/json",
        "Authorization": "Sanitized",
        "traceparent": "00-754d1c6b6aaefbfb0ac1b4d2c219ed8a-1e148c48d32b64a8-00",
        "User-Agent": "azsdk-net-Communication.Rooms/1.1.0-alpha.20230629.1 (.NET 7.0.7; Microsoft Windows 10.0.22621)",
        "x-ms-client-request-id": "1dbb9e0b677fb333bbf9feba3ca3d07a",
        "x-ms-content-sha256": "Sanitized",
        "x-ms-date": "Thu, 06 Jul 2023 18:38:29 GMT",
        "x-ms-return-client-request-id": "true"
      },
      "RequestBody": null,
      "StatusCode": 200,
      "ResponseHeaders": {
        "api-deprecated-versions": "2021-04-07, 2022-02-01",
        "api-supported-versions": "2023-03-31-preview, 2023-06-14",
        "Content-Type": "application/json; charset=utf-8",
        "Date": "Thu, 06 Jul 2023 18:38:29 GMT",
        "MS-CV": "Af7Ps6lGu0WJoNlBE8GYhA.0",
        "Request-Context": "appId=",
        "Transfer-Encoding": "chunked",
        "X-Azure-Ref": "0JgqnZAAAAAD2JfFakJz8Sp1Ul\u002BaZFBk0WVZSMzExMDAwMTE1MDE5AGYwOWE0YzEzLTIxZjEtNDhlYy05Y2Y3LTY2NTQ1Njg0YjY0Mg==",
        "X-Cache": "CONFIG_NOCACHE"
      },
      "ResponseBody": {
        "id": "99421721260428764",
        "createdAt": "2023-07-06T18:38:30.3097687\u002B00:00",
        "validFrom": "2023-07-06T18:38:29.3644769\u002B00:00",
        "validUntil": "2023-07-07T18:38:29.3644769\u002B00:00"
      }
    },
    {
      "RequestUri": "https://sanitized.communication.azure.com/rooms/Sanitized?api-version=2023-06-14",
      "RequestMethod": "PATCH",
      "RequestHeaders": {
        "Accept": "application/json",
        "Authorization": "Sanitized",
        "Content-Length": "50",
        "Content-Type": "application/merge-patch\u002Bjson",
        "traceparent": "00-7a0c47c4228db4ff9d834273a001f233-98f77ac535512824-00",
        "User-Agent": "azsdk-net-Communication.Rooms/1.1.0-alpha.20230629.1 (.NET 7.0.7; Microsoft Windows 10.0.22621)",
        "x-ms-client-request-id": "e258e9eb9565238873a5984bbd26e444",
        "x-ms-content-sha256": "Sanitized",
        "x-ms-date": "Thu, 06 Jul 2023 18:38:30 GMT",
        "x-ms-return-client-request-id": "true"
      },
      "RequestBody": {
        "validFrom": "Sanitized",
        "validUntil": "Sanitized"
      },
      "StatusCode": 200,
      "ResponseHeaders": {
        "api-deprecated-versions": "2021-04-07, 2022-02-01",
        "api-supported-versions": "2023-03-31-preview, 2023-06-14",
        "Content-Type": "application/json; charset=utf-8",
        "Date": "Thu, 06 Jul 2023 18:38:30 GMT",
        "MS-CV": "8AHEzfFeY0yk/PNeybnD6w.0",
        "Request-Context": "appId=",
        "Transfer-Encoding": "chunked",
        "X-Azure-Ref": "0JgqnZAAAAADuM/XXaYMiToKHVjIDmgfwWVZSMzExMDAwMTE1MDE5AGYwOWE0YzEzLTIxZjEtNDhlYy05Y2Y3LTY2NTQ1Njg0YjY0Mg==",
        "X-Cache": "CONFIG_NOCACHE"
      },
      "ResponseBody": {
        "id": "99421721260428764",
        "createdAt": "2023-07-06T18:38:30.3097687\u002B00:00",
        "validFrom": "2023-08-05T18:38:29.3644769\u002B00:00",
        "validUntil": "2023-08-06T18:38:29.3644769\u002B00:00"
      }
    },
    {
      "RequestUri": "https://sanitized.communication.azure.com/rooms/Sanitized?api-version=2023-06-14",
      "RequestMethod": "DELETE",
      "RequestHeaders": {
        "Accept": "application/json",
        "Authorization": "Sanitized",
        "traceparent": "00-bb1c2bc981bde4c438a0b2dc8ddb90ec-0f847105c61fd333-00",
        "User-Agent": "azsdk-net-Communication.Rooms/1.1.0-alpha.20230629.1 (.NET 7.0.7; Microsoft Windows 10.0.22621)",
        "x-ms-client-request-id": "7502dcc0b2f07188f1adb8608596d1a6",
        "x-ms-content-sha256": "Sanitized",
        "x-ms-date": "Thu, 06 Jul 2023 18:38:30 GMT",
        "x-ms-return-client-request-id": "true"
      },
      "RequestBody": null,
      "StatusCode": 204,
      "ResponseHeaders": {
        "api-deprecated-versions": "2021-04-07, 2022-02-01",
        "api-supported-versions": "2023-03-31-preview, 2023-06-14",
        "Date": "Thu, 06 Jul 2023 18:38:30 GMT",
        "MS-CV": "B\u002B6kFrHzaUSqTAHw4nAhVg.0",
        "Request-Context": "appId=",
        "X-Azure-Ref": "0JwqnZAAAAAAQZIE/sGs0Q6f80KgOJA77WVZSMzExMDAwMTE1MDE5AGYwOWE0YzEzLTIxZjEtNDhlYy05Y2Y3LTY2NTQ1Njg0YjY0Mg==",
        "X-Cache": "CONFIG_NOCACHE"
      },
      "ResponseBody": null
    },
    {
      "RequestUri": "https://sanitized.communication.azure.com/rooms/Sanitized?api-version=2023-06-14",
      "RequestMethod": "GET",
      "RequestHeaders": {
        "Accept": "application/json",
        "Authorization": "Sanitized",
        "traceparent": "00-f7d379cb6faef7648dce90ce6568bf88-0cca582bc117886e-00",
        "User-Agent": "azsdk-net-Communication.Rooms/1.1.0-alpha.20230629.1 (.NET 7.0.7; Microsoft Windows 10.0.22621)",
        "x-ms-client-request-id": "a140f298f37576a61697a9dacfe8f594",
        "x-ms-content-sha256": "Sanitized",
        "x-ms-date": "Thu, 06 Jul 2023 18:38:30 GMT",
        "x-ms-return-client-request-id": "true"
      },
      "RequestBody": null,
      "StatusCode": 404,
      "ResponseHeaders": {
        "api-deprecated-versions": "2021-04-07, 2022-02-01",
        "api-supported-versions": "2023-03-31-preview, 2023-06-14",
        "Content-Type": "application/json; charset=utf-8",
        "Date": "Thu, 06 Jul 2023 18:38:30 GMT",
        "MS-CV": "Z0rcN6dl5kWSEbYEa514fg.0",
        "Request-Context": "appId=",
        "Transfer-Encoding": "chunked",
        "X-Azure-Ref": "0JwqnZAAAAADxOxJVpj1WSKWoCXnx42ZDWVZSMzExMDAwMTE1MDE5AGYwOWE0YzEzLTIxZjEtNDhlYy05Y2Y3LTY2NTQ1Njg0YjY0Mg==",
        "X-Cache": "CONFIG_NOCACHE",
        "x-ms-error-code": "NotFound"
      },
      "ResponseBody": {
        "error": {
          "code": "NotFound",
          "message": "The server cannot find the requested resource."
        }
      }
    }
  ],
  "Variables": {
    "COMMUNICATION_CONNECTION_STRING_ROOMS": "endpoint=https://rooms-ppe-eastus.unitedstates.ppe.communication.azure.net/;accesskey=Kg==",
    "RandomSeed": "1626819340"
  }
}
