{
  "Entries": [
    {
      "RequestUri": "https://sanitized.communication.azure.com/rooms?api-version=2023-03-31-preview",
      "RequestMethod": "POST",
      "RequestHeaders": {
        "Accept": "application/json",
        "Authorization": "Sanitized",
        "Content-Length": "50",
        "Content-Type": "application/json",
        "Repeatability-First-Sent": "Mon, 01 May 2023 23:03:26 GMT",
        "Repeatability-Request-ID": "0b6356cd-85c6-4fb4-83c0-9c14e5b1a9bb",
        "traceparent": "00-114a1b5af7f6b94b8e151bce178ad54e-d56d01772fadfc47-00",
        "User-Agent": "azsdk-net-Communication.Rooms/1.0.0-alpha.20230428.1 (.NET Framework 4.8.9139.0; Microsoft Windows 10.0.22621 )",
        "x-ms-client-request-id": "4dcdf63bdecf114eac154bf740a96108",
        "x-ms-content-sha256": "Sanitized",
        "x-ms-date": "Mon, 01 May 2023 23:03:26 GMT",
        "x-ms-return-client-request-id": "true"
      },
      "RequestBody": {
        "validFrom": "Sanitized",
        "validUntil": "Sanitized"
      },
      "StatusCode": 201,
      "ResponseHeaders": {
        "api-deprecated-versions": "2021-04-07",
        "api-supported-versions": "2022-02-01, 2023-03-31-preview",
        "Connection": "keep-alive",
        "Content-Type": "application/json; charset=utf-8",
        "Date": "Mon, 01 May 2023 23:03:27 GMT",
        "Location": "99427983844447406",
        "MS-CV": "R2R6tkU/jUGaKxpGOYfNkA.0",
        "Repeatability-Result": "accepted",
        "Request-Context": "appId=",
        "Transfer-Encoding": "chunked",
        "x-azure-ref": "20230501T230326Z-apa3upnaz12m36w2sbn9uwts0n00000007rg00000000vasq",
        "X-Cache": "CONFIG_NOCACHE"
      },
      "ResponseBody": {
        "id": "99427983844447406",
        "createdAt": "2023-05-01T23:03:27.1571828\u002B00:00",
        "validFrom": "2023-05-01T23:03:26.862286\u002B00:00",
        "validUntil": "2023-05-02T23:03:26.862286\u002B00:00"
      }
    },
    {
      "RequestUri": "https://sanitized.communication.azure.com/rooms/Sanitized?api-version=2023-03-31-preview",
      "RequestMethod": "GET",
      "RequestHeaders": {
        "Accept": "application/json",
        "Authorization": "Sanitized",
        "traceparent": "00-c110c1f8ad11314893c21f16aa7d4914-9972621c358ff645-00",
        "User-Agent": "azsdk-net-Communication.Rooms/1.0.0-alpha.20230428.1 (.NET Framework 4.8.9139.0; Microsoft Windows 10.0.22621 )",
        "x-ms-client-request-id": "99ee75ff8caf28f3576e6c3a0e981d76",
        "x-ms-content-sha256": "Sanitized",
        "x-ms-date": "Mon, 01 May 2023 23:03:27 GMT",
        "x-ms-return-client-request-id": "true"
      },
      "RequestBody": null,
      "StatusCode": 200,
      "ResponseHeaders": {
        "api-deprecated-versions": "2021-04-07",
        "api-supported-versions": "2022-02-01, 2023-03-31-preview",
        "Connection": "keep-alive",
        "Content-Type": "application/json; charset=utf-8",
        "Date": "Mon, 01 May 2023 23:03:27 GMT",
        "MS-CV": "vt3VPoJdV0uz1UnNsbnGKw.0",
        "Request-Context": "appId=",
        "Transfer-Encoding": "chunked",
        "x-azure-ref": "20230501T230327Z-apa3upnaz12m36w2sbn9uwts0n00000007rg00000000vav6",
        "X-Cache": "CONFIG_NOCACHE"
      },
      "ResponseBody": {
        "id": "99427983844447406",
        "createdAt": "2023-05-01T23:03:27.1571828\u002B00:00",
        "validFrom": "2023-05-01T23:03:26.862286\u002B00:00",
        "validUntil": "2023-05-02T23:03:26.862286\u002B00:00"
      }
    },
    {
      "RequestUri": "https://sanitized.communication.azure.com/rooms/Sanitized?api-version=2023-03-31-preview",
      "RequestMethod": "PATCH",
      "RequestHeaders": {
        "Accept": "application/json",
        "Authorization": "Sanitized",
        "Content-Length": "50",
        "Content-Type": "application/merge-patch\u002Bjson",
        "traceparent": "00-f646317c393f0d43a454938d61723cf5-773f403cf4f9394b-00",
        "User-Agent": "azsdk-net-Communication.Rooms/1.0.0-alpha.20230428.1 (.NET Framework 4.8.9139.0; Microsoft Windows 10.0.22621 )",
        "x-ms-client-request-id": "ea5316fda33e8fff8a6ae20b0981fef0",
        "x-ms-content-sha256": "Sanitized",
        "x-ms-date": "Mon, 01 May 2023 23:03:27 GMT",
        "x-ms-return-client-request-id": "true"
      },
      "RequestBody": {
        "validFrom": "Sanitized",
        "validUntil": "Sanitized"
      },
      "StatusCode": 200,
      "ResponseHeaders": {
        "api-deprecated-versions": "2021-04-07",
        "api-supported-versions": "2022-02-01, 2023-03-31-preview",
        "Connection": "keep-alive",
        "Content-Type": "application/json; charset=utf-8",
        "Date": "Mon, 01 May 2023 23:03:28 GMT",
        "MS-CV": "A\u002B\u002BimdHF40aLklGIZX25uA.0",
        "Request-Context": "appId=",
        "Transfer-Encoding": "chunked",
        "x-azure-ref": "20230501T230327Z-apa3upnaz12m36w2sbn9uwts0n00000007rg00000000vaxm",
        "X-Cache": "CONFIG_NOCACHE"
      },
      "ResponseBody": {
        "id": "99427983844447406",
        "createdAt": "2023-05-01T23:03:27.1571828\u002B00:00",
        "validFrom": "2023-05-02T23:03:26.862286\u002B00:00",
        "validUntil": "2023-05-04T23:03:26.862286\u002B00:00"
      }
    },
    {
      "RequestUri": "https://sanitized.communication.azure.com/rooms/Sanitized?api-version=2023-03-31-preview",
      "RequestMethod": "DELETE",
      "RequestHeaders": {
        "Accept": "application/json",
        "Authorization": "Sanitized",
        "traceparent": "00-266437ad348666488c1a686490b46d19-97738eb974979d40-00",
        "User-Agent": "azsdk-net-Communication.Rooms/1.0.0-alpha.20230428.1 (.NET Framework 4.8.9139.0; Microsoft Windows 10.0.22621 )",
        "x-ms-client-request-id": "69b3305024e0afce02a4f66172140214",
        "x-ms-content-sha256": "Sanitized",
        "x-ms-date": "Mon, 01 May 2023 23:03:28 GMT",
        "x-ms-return-client-request-id": "true"
      },
      "RequestBody": null,
      "StatusCode": 204,
      "ResponseHeaders": {
        "api-deprecated-versions": "2021-04-07",
        "api-supported-versions": "2022-02-01, 2023-03-31-preview",
        "Connection": "keep-alive",
        "Date": "Mon, 01 May 2023 23:03:28 GMT",
        "MS-CV": "ee9sYyF/JkCmH/I0sF3\u002BNg.0",
        "Request-Context": "appId=",
        "x-azure-ref": "20230501T230328Z-apa3upnaz12m36w2sbn9uwts0n00000007rg00000000vaz8",
        "X-Cache": "CONFIG_NOCACHE"
      },
      "ResponseBody": null
    }
  ],
  "Variables": {
    "COMMUNICATION_CONNECTION_STRING_ROOMS": "endpoint=https://rooms-ppe-us.ppe.communication.azure.net/;accesskey=Kg==",
    "RandomSeed": "1840305237"
  }
}
