{
  "Entries": [
    {
      "RequestUri": "https://sanitized.communication.azure.com/rooms?api-version=2023-06-14",
      "RequestMethod": "POST",
      "RequestHeaders": {
        "Accept": "application/json",
        "Authorization": "Sanitized",
        "Content-Length": "50",
        "Content-Type": "application/json",
        "Repeatability-First-Sent": "Mon, 05 Jun 2023 21:56:18 GMT",
        "Repeatability-Request-ID": "2322e8a5-039e-4b55-8984-a247ad8b19c6",
        "traceparent": "00-cbb7477d6d3d9b043b86e4e44fcb878b-c9b7cbba16cd1952-00",
        "User-Agent": "azsdk-net-Communication.Rooms/1.0.0-alpha.20230605.1 (.NET 7.0.5; Microsoft Windows 10.0.22621)",
        "x-ms-client-request-id": "516c63979d7e67264a1504e565d63777",
        "x-ms-content-sha256": "Sanitized",
        "x-ms-date": "Mon, 05 Jun 2023 21:56:18 GMT",
        "x-ms-return-client-request-id": "true"
      },
      "RequestBody": {
        "validFrom": "Sanitized",
        "validUntil": "Sanitized"
      },
      "StatusCode": 201,
      "ResponseHeaders": {
        "api-deprecated-versions": "2021-04-07",
        "api-supported-versions": "2022-02-01, 2023-03-31-preview, 2023-06-14",
        "Connection": "keep-alive",
        "Content-Type": "application/json; charset=utf-8",
        "Date": "Mon, 05 Jun 2023 21:56:17 GMT",
        "Location": "99443040409068601",
        "MS-CV": "o0eIpX\u002BBEkylmuuyJUNy3Q.0",
        "Repeatability-Result": "accepted",
        "Request-Context": "appId=",
        "Transfer-Encoding": "chunked",
        "x-azure-ref": "20230605T215617Z-k4s6cfr3t95wxeyerprbgx9aaw00000002c000000001q8fx",
        "X-Cache": "CONFIG_NOCACHE"
      },
      "ResponseBody": {
        "id": "99443040409068601",
        "createdAt": "2023-06-05T21:56:17.6140083\u002B00:00",
        "validFrom": "2023-06-05T21:56:18.8511532\u002B00:00",
        "validUntil": "2023-06-06T21:56:18.8511532\u002B00:00"
      }
    },
    {
      "RequestUri": "https://sanitized.communication.azure.com/rooms/Sanitized?api-version=2023-06-14",
      "RequestMethod": "GET",
      "RequestHeaders": {
        "Accept": "application/json",
        "Authorization": "Sanitized",
        "traceparent": "00-063ab5d4106aa7fcc03507f50009ac77-1164c426a69454c7-00",
        "User-Agent": "azsdk-net-Communication.Rooms/1.0.0-alpha.20230605.1 (.NET 7.0.5; Microsoft Windows 10.0.22621)",
        "x-ms-client-request-id": "5cb56a378e3ee431fa209ee38edf113e",
        "x-ms-content-sha256": "Sanitized",
        "x-ms-date": "Mon, 05 Jun 2023 21:56:19 GMT",
        "x-ms-return-client-request-id": "true"
      },
      "RequestBody": null,
      "StatusCode": 200,
      "ResponseHeaders": {
        "api-deprecated-versions": "2021-04-07",
        "api-supported-versions": "2022-02-01, 2023-03-31-preview, 2023-06-14",
        "Connection": "keep-alive",
        "Content-Type": "application/json; charset=utf-8",
        "Date": "Mon, 05 Jun 2023 21:56:17 GMT",
        "MS-CV": "dnOBRll02USWoAO7Xispzg.0",
        "Request-Context": "appId=",
        "Transfer-Encoding": "chunked",
        "x-azure-ref": "20230605T215617Z-k4s6cfr3t95wxeyerprbgx9aaw00000002c000000001q8h4",
        "X-Cache": "CONFIG_NOCACHE"
      },
      "ResponseBody": {
        "id": "99443040409068601",
        "createdAt": "2023-06-05T21:56:17.6140083\u002B00:00",
        "validFrom": "2023-06-05T21:56:18.8511532\u002B00:00",
        "validUntil": "2023-06-06T21:56:18.8511532\u002B00:00"
      }
    },
    {
      "RequestUri": "https://sanitized.communication.azure.com/rooms/Sanitized?api-version=2023-06-14",
      "RequestMethod": "PATCH",
      "RequestHeaders": {
        "Accept": "application/json",
        "Authorization": "Sanitized",
        "Content-Length": "50",
        "Content-Type": "application/merge-patch\u002Bjson",
        "traceparent": "00-1b2ecc223dad69d6164f349bfb3f2d28-1143e51d20d108d7-00",
        "User-Agent": "azsdk-net-Communication.Rooms/1.0.0-alpha.20230605.1 (.NET 7.0.5; Microsoft Windows 10.0.22621)",
        "x-ms-client-request-id": "266495a5057d0129a3311aef90eb195d",
        "x-ms-content-sha256": "Sanitized",
        "x-ms-date": "Mon, 05 Jun 2023 21:56:19 GMT",
        "x-ms-return-client-request-id": "true"
      },
      "RequestBody": {
        "validFrom": "Sanitized",
        "validUntil": "Sanitized"
      },
      "StatusCode": 200,
      "ResponseHeaders": {
        "api-deprecated-versions": "2021-04-07",
        "api-supported-versions": "2022-02-01, 2023-03-31-preview, 2023-06-14",
        "Connection": "keep-alive",
        "Content-Type": "application/json; charset=utf-8",
        "Date": "Mon, 05 Jun 2023 21:56:18 GMT",
        "MS-CV": "qFVvjA3Gt0O5B7F9\u002BLBbsA.0",
        "Request-Context": "appId=",
        "Transfer-Encoding": "chunked",
        "x-azure-ref": "20230605T215617Z-k4s6cfr3t95wxeyerprbgx9aaw00000002c000000001q8hv",
        "X-Cache": "CONFIG_NOCACHE"
      },
      "ResponseBody": {
        "id": "99443040409068601",
        "createdAt": "2023-06-05T21:56:17.6140083\u002B00:00",
        "validFrom": "2023-06-06T21:56:18.8511532\u002B00:00",
        "validUntil": "2023-06-08T21:56:18.8511532\u002B00:00"
      }
    },
    {
      "RequestUri": "https://sanitized.communication.azure.com/rooms/Sanitized?api-version=2023-06-14",
      "RequestMethod": "DELETE",
      "RequestHeaders": {
        "Accept": "application/json",
        "Authorization": "Sanitized",
        "traceparent": "00-08d4c8e61057ee2f9e3db3bb925d52be-e1773ba36c5586cb-00",
        "User-Agent": "azsdk-net-Communication.Rooms/1.0.0-alpha.20230605.1 (.NET 7.0.5; Microsoft Windows 10.0.22621)",
        "x-ms-client-request-id": "afd9ccefe8a1084e3187565dfe43d96b",
        "x-ms-content-sha256": "Sanitized",
        "x-ms-date": "Mon, 05 Jun 2023 21:56:19 GMT",
        "x-ms-return-client-request-id": "true"
      },
      "RequestBody": null,
      "StatusCode": 204,
      "ResponseHeaders": {
        "api-deprecated-versions": "2021-04-07",
        "api-supported-versions": "2022-02-01, 2023-03-31-preview, 2023-06-14",
        "Connection": "keep-alive",
        "Date": "Mon, 05 Jun 2023 21:56:18 GMT",
        "MS-CV": "0lWvoe1hWkazmfLWnIVPOQ.0",
        "Request-Context": "appId=",
        "x-azure-ref": "20230605T215618Z-k4s6cfr3t95wxeyerprbgx9aaw00000002c000000001q8mp",
        "X-Cache": "CONFIG_NOCACHE"
      },
      "ResponseBody": null
    }
  ],
  "Variables": {
    "COMMUNICATION_CONNECTION_STRING_ROOMS": "endpoint=https://rooms-ppe-eastus.ppe.communication.azure.net/;accesskey=Kg==",
    "RandomSeed": "1397401151"
  }
}
