{
  "Entries": [
    {
      "RequestUri": "https://sanitized.communication.azure.com/identities?api-version=2021-03-07",
      "RequestMethod": "POST",
      "RequestHeaders": {
        "Accept": "application/json",
        "Authorization": "Sanitized",
        "Content-Length": "2",
        "Content-Type": "application/json",
        "traceparent": "00-a24da2fd6fd4ae4085a3cc1acc932e12-ebf904603941c34e-00",
        "User-Agent": "azsdk-net-Communication.Identity/1.3.0-alpha.20221117.1 (.NET Framework 4.8.9105.0; Microsoft Windows 10.0.22621 )",
        "x-ms-client-request-id": "49f652c1567c3980da8b713c763b425e",
        "x-ms-content-sha256": "Sanitized",
        "x-ms-date": "Mon, 21 Nov 2022 09:12:19 GMT",
        "x-ms-return-client-request-id": "true"
      },
      "RequestBody": {},
      "StatusCode": 201,
      "ResponseHeaders": {
        "api-supported-versions": "2020-07-20-preview2, 2021-02-22-preview1, 2021-03-07, 2021-10-31-preview, 2021-11-01, 2022-06-01, 2022-10-01",
        "Content-Length": "31",
        "Content-Type": "application/json; charset=utf-8",
        "Date": "Mon, 21 Nov 2022 09:12:26 GMT",
        "MS-CV": "21/4cBBC9kCplwjBJs3Aww.2.0",
        "Request-Context": "appId=",
        "Strict-Transport-Security": "max-age=2592000",
        "X-Azure-Ref": "0\u002BUB7YwAAAAC7H9iepcM6SZQdeFrJehI/REVMMDFFREdFMDYxMAA5ZmM3YjUxOS1hOGNjLTRmODktOTM1ZS1jOTE0OGFlMDllODE=",
        "X-Cache": "CONFIG_NOCACHE",
        "x-ms-client-request-id": "49f652c1567c3980da8b713c763b425e",
        "X-Processing-Time": "43ms"
      },
      "ResponseBody": {
        "identity": {
          "id": "Sanitized"
        }
      }
    },
    {
      "RequestUri": "https://sanitized.communication.azure.com/identities?api-version=2021-03-07",
      "RequestMethod": "POST",
      "RequestHeaders": {
        "Accept": "application/json",
        "Authorization": "Sanitized",
        "Content-Length": "2",
        "Content-Type": "application/json",
        "traceparent": "00-4143d966748fd24189e573ba00ffe018-55ff92d07466f241-00",
        "User-Agent": "azsdk-net-Communication.Identity/1.3.0-alpha.20221117.1 (.NET Framework 4.8.9105.0; Microsoft Windows 10.0.22621 )",
        "x-ms-client-request-id": "006fa6dacb5eb4c2ae92fa65dfa8210e",
        "x-ms-content-sha256": "Sanitized",
        "x-ms-date": "Mon, 21 Nov 2022 09:12:19 GMT",
        "x-ms-return-client-request-id": "true"
      },
      "RequestBody": {},
      "StatusCode": 201,
      "ResponseHeaders": {
        "api-supported-versions": "2020-07-20-preview2, 2021-02-22-preview1, 2021-03-07, 2021-10-31-preview, 2021-11-01, 2022-06-01, 2022-10-01",
        "Content-Length": "31",
        "Content-Type": "application/json; charset=utf-8",
        "Date": "Mon, 21 Nov 2022 09:12:26 GMT",
        "MS-CV": "3RlNzI3U7k6E4JuXUIv5MA.2.0",
        "Request-Context": "appId=",
        "Strict-Transport-Security": "max-age=2592000",
        "X-Azure-Ref": "0\u002BkB7YwAAAADUOAQtnA8\u002BTpQP3tADmfgzREVMMDFFREdFMDYxMAA5ZmM3YjUxOS1hOGNjLTRmODktOTM1ZS1jOTE0OGFlMDllODE=",
        "X-Cache": "CONFIG_NOCACHE",
        "x-ms-client-request-id": "006fa6dacb5eb4c2ae92fa65dfa8210e",
        "X-Processing-Time": "48ms"
      },
      "ResponseBody": {
        "identity": {
          "id": "Sanitized"
        }
      }
    },
    {
      "RequestUri": "https://sanitized.communication.azure.com/rooms?api-version=2022-02-01",
      "RequestMethod": "POST",
      "RequestHeaders": {
        "Accept": "application/json",
        "Authorization": "Sanitized",
        "Content-Length": "273",
        "Content-Type": "application/json",
        "Repeatability-First-Sent": "2022-11-21T09:12:20.3909682Z",
        "Repeatability-Request-ID": "950717ca-9b19-4494-8e3a-b633f6b665a7",
        "traceparent": "00-5296e39d7ad2964083d91c0afe5ba619-a7244005e13fb94e-00",
        "User-Agent": "azsdk-net-Communication.Rooms/1.0.0-alpha.20221117.1 (.NET Framework 4.8.9105.0; Microsoft Windows 10.0.22621 )",
        "x-ms-client-request-id": "1a8509e0eb937870973de03de706824d",
        "x-ms-content-sha256": "Sanitized",
        "x-ms-date": "Mon, 21 Nov 2022 09:12:20 GMT",
        "x-ms-return-client-request-id": "true"
      },
      "RequestBody": {
        "validFrom": "Sanitized",
        "validUntil": "Sanitized",
        "roomJoinPolicy": "InviteOnly",
        "participants": [
          {
            "communicationIdentifier": {
              "communicationUser": {
                "id": "Sanitized"
              }
            },
            "role": "Presenter"
          },
          {
            "communicationIdentifier": {
              "communicationUser": {
                "id": "Sanitized"
              }
            },
            "role": "Presenter"
          }
        ]
      },
      "StatusCode": 201,
      "ResponseHeaders": {
        "api-supported-versions": "2021-04-07, 2022-02-01",
        "Content-Type": "application/json; charset=utf-8",
        "Date": "Mon, 21 Nov 2022 09:12:27 GMT",
        "Location": "99476440450884601",
        "MS-CV": "/hq2SPI77UumJYNoFdoPgw.0",
        "Repeatability-Result": "accepted",
        "Transfer-Encoding": "chunked",
        "X-Azure-Ref": "0\u002B0B7YwAAAAAUyUovdHp\u002BSbDBblMOeB3vREVMMDFFREdFMDYxMAA5ZmM3YjUxOS1hOGNjLTRmODktOTM1ZS1jOTE0OGFlMDllODE=",
        "X-Cache": "CONFIG_NOCACHE"
      },
      "ResponseBody": {
        "id": "99476440450884601",
        "createdDateTime": "2022-11-21T09:12:27.3100746\u002B00:00",
        "validFrom": "2022-11-21T09:12:20.3909682\u002B00:00",
        "validUntil": "2022-11-22T09:12:20.3909682\u002B00:00",
        "roomJoinPolicy": "InviteOnly",
        "participants": [
          {
            "communicationIdentifier": {
              "rawId": "Sanitized",
              "communicationUser": {
                "id": "Sanitized"
              }
            },
            "role": "Presenter"
          },
          {
            "communicationIdentifier": {
              "rawId": "Sanitized",
              "communicationUser": {
                "id": "Sanitized"
              }
            },
            "role": "Presenter"
          }
        ]
      }
    },
    {
      "RequestUri": "https://sanitized.communication.azure.com/rooms/Sanitized/participants:update?api-version=2022-02-01",
      "RequestMethod": "POST",
      "RequestHeaders": {
        "Accept": "application/json",
        "Authorization": "Sanitized",
        "Content-Length": "192",
        "Content-Type": "application/json",
        "traceparent": "00-7da89c350d2a6a40a4511c74631b2c82-b6a0d8a4e9503945-00",
        "User-Agent": "azsdk-net-Communication.Rooms/1.0.0-alpha.20221117.1 (.NET Framework 4.8.9105.0; Microsoft Windows 10.0.22621 )",
        "x-ms-client-request-id": "37aae5bd3e3af5538f429bea5b1a5a31",
        "x-ms-content-sha256": "Sanitized",
        "x-ms-date": "Mon, 21 Nov 2022 09:12:20 GMT",
        "x-ms-return-client-request-id": "true"
      },
      "RequestBody": {
        "participants": [
          {
            "communicationIdentifier": {
              "communicationUser": {
                "id": "Sanitized"
              }
            },
            "role": "Consumer"
          },
          {
            "communicationIdentifier": {
              "communicationUser": {
                "id": "Sanitized"
              }
            },
            "role": "Attendee"
          }
        ]
      },
      "StatusCode": 200,
      "ResponseHeaders": {
        "api-supported-versions": "2022-02-01",
        "Content-Type": "application/json; charset=utf-8",
        "Date": "Mon, 21 Nov 2022 09:12:27 GMT",
        "MS-CV": "PWI/X6iv3keY2uJTl\u002B\u002BqUA.0",
        "Transfer-Encoding": "chunked",
        "X-Azure-Ref": "0\u002B0B7YwAAAAADCfvak1hlSaIVgEdEq84tREVMMDFFREdFMDYxMAA5ZmM3YjUxOS1hOGNjLTRmODktOTM1ZS1jOTE0OGFlMDllODE=",
        "X-Cache": "CONFIG_NOCACHE"
      },
      "ResponseBody": {
        "participants": [
          {
            "communicationIdentifier": {
              "rawId": "Sanitized",
              "communicationUser": {
                "id": "Sanitized"
              }
            },
            "role": "Consumer"
          },
          {
            "communicationIdentifier": {
              "rawId": "Sanitized",
              "communicationUser": {
                "id": "Sanitized"
              }
            },
            "role": "Attendee"
          }
        ]
      }
    },
    {
      "RequestUri": "https://sanitized.communication.azure.com/rooms/Sanitized/participants?api-version=2022-02-01",
      "RequestMethod": "GET",
      "RequestHeaders": {
        "Accept": "application/json",
        "Authorization": "Sanitized",
        "traceparent": "00-a238538e70866641b67abce82ce1e458-2ec591ae1602d644-00",
        "User-Agent": "azsdk-net-Communication.Rooms/1.0.0-alpha.20221117.1 (.NET Framework 4.8.9105.0; Microsoft Windows 10.0.22621 )",
        "x-ms-client-request-id": "6d5b636927b6efca36f76921eb85cca8",
        "x-ms-content-sha256": "Sanitized",
        "x-ms-date": "Mon, 21 Nov 2022 09:12:21 GMT",
        "x-ms-return-client-request-id": "true"
      },
      "RequestBody": null,
      "StatusCode": 200,
      "ResponseHeaders": {
        "api-supported-versions": "2022-02-01",
        "Content-Type": "application/json; charset=utf-8",
        "Date": "Mon, 21 Nov 2022 09:12:28 GMT",
        "MS-CV": "fZHAzThq9UCJ\u002BqHRrXxmtQ.0",
        "Transfer-Encoding": "chunked",
        "X-Azure-Ref": "0/EB7YwAAAACLGe4KFZsrTp4HX8YgrUWsREVMMDFFREdFMDYxMAA5ZmM3YjUxOS1hOGNjLTRmODktOTM1ZS1jOTE0OGFlMDllODE=",
        "X-Cache": "CONFIG_NOCACHE"
      },
      "ResponseBody": {
        "participants": [
          {
            "communicationIdentifier": {
              "rawId": "Sanitized",
              "communicationUser": {
                "id": "Sanitized"
              }
            },
            "role": "Consumer"
          },
          {
            "communicationIdentifier": {
              "rawId": "Sanitized",
              "communicationUser": {
                "id": "Sanitized"
              }
            },
            "role": "Attendee"
          }
        ]
      }
    },
    {
      "RequestUri": "https://sanitized.communication.azure.com/rooms/Sanitized?api-version=2022-02-01",
      "RequestMethod": "DELETE",
      "RequestHeaders": {
        "Accept": "application/json",
        "Authorization": "Sanitized",
        "traceparent": "00-eb827743c2636546b78f098aed00c93a-67d2c02da165b44a-00",
        "User-Agent": "azsdk-net-Communication.Rooms/1.0.0-alpha.20221117.1 (.NET Framework 4.8.9105.0; Microsoft Windows 10.0.22621 )",
        "x-ms-client-request-id": "faa8ad0fe9fda1d4b58f8b5150861c7c",
        "x-ms-content-sha256": "Sanitized",
        "x-ms-date": "Mon, 21 Nov 2022 09:12:21 GMT",
        "x-ms-return-client-request-id": "true"
      },
      "RequestBody": null,
      "StatusCode": 204,
      "ResponseHeaders": {
        "api-supported-versions": "2021-04-07, 2022-02-01",
        "Date": "Mon, 21 Nov 2022 09:12:28 GMT",
        "MS-CV": "YiTdvkrQ/EuDaTDOVKfoQw.0",
        "X-Azure-Ref": "0/EB7YwAAAADVq3Irl1TxR4mtz538ZblfREVMMDFFREdFMDYxMAA5ZmM3YjUxOS1hOGNjLTRmODktOTM1ZS1jOTE0OGFlMDllODE=",
        "X-Cache": "CONFIG_NOCACHE"
      },
      "ResponseBody": null
    }
  ],
  "Variables": {
    "COMMUNICATION_CONNECTION_STRING_ROOMS": "endpoint=https://rooms-e2e-prod.communication.azure.com/;accesskey=Kg==",
    "RandomSeed": "679482843"
  }
}
