{
  "Entries": [
    {
      "RequestUri": "/subscriptions/18b0dc06-a2b8-4c0f-95af-550319fa5eac/providers/Microsoft.Network?api-version=2017-05-10",
      "EncodedRequestUri": "L3N1YnNjcmlwdGlvbnMvMThiMGRjMDYtYTJiOC00YzBmLTk1YWYtNTUwMzE5ZmE1ZWFjL3Byb3ZpZGVycy9NaWNyb3NvZnQuTmV0d29yaz9hcGktdmVyc2lvbj0yMDE3LTA1LTEw",
      "RequestMethod": "GET",
      "RequestBody": "",
      "RequestHeaders": {
        "x-ms-client-request-id": [
          "1e163005-2a9a-4dd0-a736-6c44caf35eb4"
        ],
        "accept-language": [
          "en-US"
        ],
        "User-Agent": [
          "FxVersion/4.6.25211.01",
          "Microsoft.Azure.Management.ResourceManager.ResourceManagementClient/1.6.0.0"
        ]
      },
      "ResponseBody": "{\r\n  \"id\": \"/subscriptions/18b0dc06-a2b8-4c0f-95af-550319fa5eac/providers/Microsoft.Network\",\r\n  \"namespace\": \"Microsoft.Network\",\r\n  \"authorization\": {\r\n    \"applicationId\": \"2cf9eb86-36b5-49dc-86ae-9a63135dfa8c\",\r\n    \"roleDefinitionId\": \"13ba9ab4-19f0-4804-adc4-14ece36cc7a1\"\r\n  },\r\n  \"resourceTypes\": [\r\n    {\r\n      \"resourceType\": \"virtualNetworks\",\r\n      \"locations\": [\r\n        \"East US\",\r\n        \"North Europe\",\r\n        \"West Europe\",\r\n        \"East Asia\",\r\n        \"Southeast Asia\",\r\n        \"North Central US\",\r\n        \"South Central US\",\r\n        \"Central US\",\r\n        \"East US 2\",\r\n        \"Japan East\",\r\n        \"Japan West\",\r\n        \"Brazil South\",\r\n        \"Australia East\",\r\n        \"Australia Southeast\",\r\n        \"Central India\",\r\n        \"South India\",\r\n        \"West India\",\r\n        \"Canada Central\",\r\n        \"Canada East\",\r\n        \"West Central US\",\r\n        \"West US 2\",\r\n        \"UK West\",\r\n        \"UK South\",\r\n        \"Korea Central\",\r\n        \"Korea South\",\r\n        \"West US\"\r\n      ],\r\n      \"apiVersions\": [\r\n        \"2017-06-01\",\r\n        \"2017-04-01\",\r\n        \"2017-03-01\",\r\n        \"2016-12-01\",\r\n        \"2016-11-01\",\r\n        \"2016-10-01\",\r\n        \"2016-09-01\",\r\n        \"2016-08-01\",\r\n        \"2016-07-01\",\r\n        \"2016-06-01\",\r\n        \"2016-03-30\",\r\n        \"2015-06-15\",\r\n        \"2015-05-01-preview\",\r\n        \"2014-12-01-preview\"\r\n      ],\r\n      \"apiProfiles\": [\r\n        {\r\n          \"profileVersion\": \"2017-03-09-profile\",\r\n          \"apiVersion\": \"2015-06-15\"\r\n        }\r\n      ],\r\n      \"capabilities\": \"CrossResourceGroupResourceMove, CrossSubscriptionResourceMove\"\r\n    },\r\n    {\r\n      \"resourceType\": \"publicIPAddresses\",\r\n      \"locations\": [\r\n        \"East US\",\r\n        \"North Europe\",\r\n        \"West Europe\",\r\n        \"East Asia\",\r\n        \"Southeast Asia\",\r\n        \"North Central US\",\r\n        \"South Central US\",\r\n        \"Central US\",\r\n        \"East US 2\",\r\n        \"Japan East\",\r\n        \"Japan West\",\r\n        \"Brazil South\",\r\n        \"Australia East\",\r\n        \"Australia Southeast\",\r\n        \"Central India\",\r\n        \"South India\",\r\n        \"West India\",\r\n        \"Canada Central\",\r\n        \"Canada East\",\r\n        \"West Central US\",\r\n        \"West US 2\",\r\n        \"UK West\",\r\n        \"UK South\",\r\n        \"Korea Central\",\r\n        \"Korea South\",\r\n        \"West US\"\r\n      ],\r\n      \"apiVersions\": [\r\n        \"2017-06-01\",\r\n        \"2017-04-01\",\r\n        \"2017-03-01\",\r\n        \"2016-12-01\",\r\n        \"2016-11-01\",\r\n        \"2016-10-01\",\r\n        \"2016-09-01\",\r\n        \"2016-08-01\",\r\n        \"2016-07-01\",\r\n        \"2016-06-01\",\r\n        \"2016-03-30\",\r\n        \"2015-06-15\",\r\n        \"2015-05-01-preview\",\r\n        \"2014-12-01-preview\"\r\n      ],\r\n      \"apiProfiles\": [\r\n        {\r\n          \"profileVersion\": \"2017-03-09-profile\",\r\n          \"apiVersion\": \"2015-06-15\"\r\n        }\r\n      ],\r\n      \"capabilities\": \"CrossResourceGroupResourceMove, CrossSubscriptionResourceMove\"\r\n    },\r\n    {\r\n      \"resourceType\": \"networkInterfaces\",\r\n      \"locations\": [\r\n        \"East US\",\r\n        \"North Europe\",\r\n        \"West Europe\",\r\n        \"East Asia\",\r\n        \"Southeast Asia\",\r\n        \"North Central US\",\r\n        \"South Central US\",\r\n        \"Central US\",\r\n        \"East US 2\",\r\n        \"Japan East\",\r\n        \"Japan West\",\r\n        \"Brazil South\",\r\n        \"Australia East\",\r\n        \"Australia Southeast\",\r\n        \"Central India\",\r\n        \"South India\",\r\n        \"West India\",\r\n        \"Canada Central\",\r\n        \"Canada East\",\r\n        \"West Central US\",\r\n        \"West US 2\",\r\n        \"UK West\",\r\n        \"UK South\",\r\n        \"Korea Central\",\r\n        \"Korea South\",\r\n        \"West US\"\r\n      ],\r\n      \"apiVersions\": [\r\n        \"2017-06-01\",\r\n        \"2017-04-01\",\r\n        \"2017-03-01\",\r\n        \"2016-12-01\",\r\n        \"2016-11-01\",\r\n        \"2016-10-01\",\r\n        \"2016-09-01\",\r\n        \"2016-08-01\",\r\n        \"2016-07-01\",\r\n        \"2016-06-01\",\r\n        \"2016-03-30\",\r\n        \"2015-06-15\",\r\n        \"2015-05-01-preview\",\r\n        \"2014-12-01-preview\"\r\n      ],\r\n      \"apiProfiles\": [\r\n        {\r\n          \"profileVersion\": \"2017-03-09-profile\",\r\n          \"apiVersion\": \"2015-06-15\"\r\n        }\r\n      ],\r\n      \"capabilities\": \"CrossResourceGroupResourceMove, CrossSubscriptionResourceMove\"\r\n    },\r\n    {\r\n      \"resourceType\": \"loadBalancers\",\r\n      \"locations\": [\r\n        \"East US\",\r\n        \"North Europe\",\r\n        \"West Europe\",\r\n        \"East Asia\",\r\n        \"Southeast Asia\",\r\n        \"North Central US\",\r\n        \"South Central US\",\r\n        \"Central US\",\r\n        \"East US 2\",\r\n        \"Japan East\",\r\n        \"Japan West\",\r\n        \"Brazil South\",\r\n        \"Australia East\",\r\n        \"Australia Southeast\",\r\n        \"Central India\",\r\n        \"South India\",\r\n        \"West India\",\r\n        \"Canada Central\",\r\n        \"Canada East\",\r\n        \"West Central US\",\r\n        \"West US 2\",\r\n        \"UK West\",\r\n        \"UK South\",\r\n        \"Korea Central\",\r\n        \"Korea South\",\r\n        \"West US\"\r\n      ],\r\n      \"apiVersions\": [\r\n        \"2017-06-01\",\r\n        \"2017-04-01\",\r\n        \"2017-03-01\",\r\n        \"2016-12-01\",\r\n        \"2016-11-01\",\r\n        \"2016-10-01\",\r\n        \"2016-09-01\",\r\n        \"2016-08-01\",\r\n        \"2016-07-01\",\r\n        \"2016-06-01\",\r\n        \"2016-03-30\",\r\n        \"2015-06-15\",\r\n        \"2015-05-01-preview\",\r\n        \"2014-12-01-preview\"\r\n      ],\r\n      \"apiProfiles\": [\r\n        {\r\n          \"profileVersion\": \"2017-03-09-profile\",\r\n          \"apiVersion\": \"2015-06-15\"\r\n        }\r\n      ],\r\n      \"capabilities\": \"CrossResourceGroupResourceMove, CrossSubscriptionResourceMove\"\r\n    },\r\n    {\r\n      \"resourceType\": \"networkSecurityGroups\",\r\n      \"locations\": [\r\n        \"East US\",\r\n        \"North Europe\",\r\n        \"West Europe\",\r\n        \"East Asia\",\r\n        \"Southeast Asia\",\r\n        \"North Central US\",\r\n        \"South Central US\",\r\n        \"Central US\",\r\n        \"East US 2\",\r\n        \"Japan East\",\r\n        \"Japan West\",\r\n        \"Brazil South\",\r\n        \"Australia East\",\r\n        \"Australia Southeast\",\r\n        \"Central India\",\r\n        \"South India\",\r\n        \"West India\",\r\n        \"Canada Central\",\r\n        \"Canada East\",\r\n        \"West Central US\",\r\n        \"West US 2\",\r\n        \"UK West\",\r\n        \"UK South\",\r\n        \"Korea Central\",\r\n        \"Korea South\",\r\n        \"West US\"\r\n      ],\r\n      \"apiVersions\": [\r\n        \"2017-06-01\",\r\n        \"2017-04-01\",\r\n        \"2017-03-01\",\r\n        \"2016-12-01\",\r\n        \"2016-11-01\",\r\n        \"2016-10-01\",\r\n        \"2016-09-01\",\r\n        \"2016-08-01\",\r\n        \"2016-07-01\",\r\n        \"2016-06-01\",\r\n        \"2016-03-30\",\r\n        \"2015-06-15\",\r\n        \"2015-05-01-preview\",\r\n        \"2014-12-01-preview\"\r\n      ],\r\n      \"apiProfiles\": [\r\n        {\r\n          \"profileVersion\": \"2017-03-09-profile\",\r\n          \"apiVersion\": \"2015-06-15\"\r\n        }\r\n      ],\r\n      \"capabilities\": \"CrossResourceGroupResourceMove, CrossSubscriptionResourceMove\"\r\n    },\r\n    {\r\n      \"resourceType\": \"routeTables\",\r\n      \"locations\": [\r\n        \"East US\",\r\n        \"North Europe\",\r\n        \"West Europe\",\r\n        \"East Asia\",\r\n        \"Southeast Asia\",\r\n        \"North Central US\",\r\n        \"South Central US\",\r\n        \"Central US\",\r\n        \"East US 2\",\r\n        \"Japan East\",\r\n        \"Japan West\",\r\n        \"Brazil South\",\r\n        \"Australia East\",\r\n        \"Australia Southeast\",\r\n        \"Central India\",\r\n        \"South India\",\r\n        \"West India\",\r\n        \"Canada Central\",\r\n        \"Canada East\",\r\n        \"West Central US\",\r\n        \"West US 2\",\r\n        \"UK West\",\r\n        \"UK South\",\r\n        \"Korea Central\",\r\n        \"Korea South\",\r\n        \"West US\"\r\n      ],\r\n      \"apiVersions\": [\r\n        \"2017-06-01\",\r\n        \"2017-04-01\",\r\n        \"2017-03-01\",\r\n        \"2016-12-01\",\r\n        \"2016-11-01\",\r\n        \"2016-10-01\",\r\n        \"2016-09-01\",\r\n        \"2016-08-01\",\r\n        \"2016-07-01\",\r\n        \"2016-06-01\",\r\n        \"2016-03-30\",\r\n        \"2015-06-15\",\r\n        \"2015-05-01-preview\",\r\n        \"2014-12-01-preview\"\r\n      ],\r\n      \"apiProfiles\": [\r\n        {\r\n          \"profileVersion\": \"2017-03-09-profile\",\r\n          \"apiVersion\": \"2015-06-15\"\r\n        }\r\n      ],\r\n      \"capabilities\": \"CrossResourceGroupResourceMove, CrossSubscriptionResourceMove\"\r\n    },\r\n    {\r\n      \"resourceType\": \"networkWatchers\",\r\n      \"locations\": [\r\n        \"East US\",\r\n        \"North Europe\",\r\n        \"West Europe\",\r\n        \"East Asia\",\r\n        \"Southeast Asia\",\r\n        \"North Central US\",\r\n        \"South Central US\",\r\n        \"Central US\",\r\n        \"East US 2\",\r\n        \"Japan East\",\r\n        \"Japan West\",\r\n        \"Brazil South\",\r\n        \"Australia East\",\r\n        \"Australia Southeast\",\r\n        \"Central India\",\r\n        \"South India\",\r\n        \"West India\",\r\n        \"Canada Central\",\r\n        \"Canada East\",\r\n        \"West Central US\",\r\n        \"West US 2\",\r\n        \"UK West\",\r\n        \"UK South\",\r\n        \"Korea Central\",\r\n        \"Korea South\",\r\n        \"West US\"\r\n      ],\r\n      \"apiVersions\": [\r\n        \"2017-06-01\",\r\n        \"2017-04-01\",\r\n        \"2017-03-01\",\r\n        \"2016-12-01\",\r\n        \"2016-11-01\",\r\n        \"2016-10-01\",\r\n        \"2016-09-01\",\r\n        \"2016-08-01\",\r\n        \"2016-07-01\",\r\n        \"2016-06-01\",\r\n        \"2016-03-30\"\r\n      ],\r\n      \"capabilities\": \"CrossResourceGroupResourceMove, CrossSubscriptionResourceMove\"\r\n    },\r\n    {\r\n      \"resourceType\": \"virtualNetworkGateways\",\r\n      \"locations\": [\r\n        \"East US\",\r\n        \"North Europe\",\r\n        \"West Europe\",\r\n        \"East Asia\",\r\n        \"Southeast Asia\",\r\n        \"North Central US\",\r\n        \"South Central US\",\r\n        \"Central US\",\r\n        \"East US 2\",\r\n        \"Japan East\",\r\n        \"Japan West\",\r\n        \"Brazil South\",\r\n        \"Australia East\",\r\n        \"Australia Southeast\",\r\n        \"Central India\",\r\n        \"South India\",\r\n        \"West India\",\r\n        \"Canada Central\",\r\n        \"Canada East\",\r\n        \"West Central US\",\r\n        \"West US 2\",\r\n        \"UK West\",\r\n        \"UK South\",\r\n        \"Korea Central\",\r\n        \"Korea South\",\r\n        \"West US\"\r\n      ],\r\n      \"apiVersions\": [\r\n        \"2017-06-01\",\r\n        \"2017-04-01\",\r\n        \"2017-03-01\",\r\n        \"2016-12-01\",\r\n        \"2016-11-01\",\r\n        \"2016-10-01\",\r\n        \"2016-09-01\",\r\n        \"2016-08-01\",\r\n        \"2016-07-01\",\r\n        \"2016-06-01\",\r\n        \"2016-03-30\",\r\n        \"2015-06-15\",\r\n        \"2015-05-01-preview\",\r\n        \"2014-12-01-preview\"\r\n      ],\r\n      \"apiProfiles\": [\r\n        {\r\n          \"profileVersion\": \"2017-03-09-profile\",\r\n          \"apiVersion\": \"2015-06-15\"\r\n        }\r\n      ],\r\n      \"capabilities\": \"CrossResourceGroupResourceMove, CrossSubscriptionResourceMove\"\r\n    },\r\n    {\r\n      \"resourceType\": \"localNetworkGateways\",\r\n      \"locations\": [\r\n        \"East US\",\r\n        \"North Europe\",\r\n        \"West Europe\",\r\n        \"East Asia\",\r\n        \"Southeast Asia\",\r\n        \"North Central US\",\r\n        \"South Central US\",\r\n        \"Central US\",\r\n        \"East US 2\",\r\n        \"Japan East\",\r\n        \"Japan West\",\r\n        \"Brazil South\",\r\n        \"Australia East\",\r\n        \"Australia Southeast\",\r\n        \"Central India\",\r\n        \"South India\",\r\n        \"West India\",\r\n        \"Canada Central\",\r\n        \"Canada East\",\r\n        \"West Central US\",\r\n        \"West US 2\",\r\n        \"UK West\",\r\n        \"UK South\",\r\n        \"Korea Central\",\r\n        \"Korea South\",\r\n        \"West US\"\r\n      ],\r\n      \"apiVersions\": [\r\n        \"2017-06-01\",\r\n        \"2017-04-01\",\r\n        \"2017-03-01\",\r\n        \"2016-12-01\",\r\n        \"2016-11-01\",\r\n        \"2016-10-01\",\r\n        \"2016-09-01\",\r\n        \"2016-08-01\",\r\n        \"2016-07-01\",\r\n        \"2016-06-01\",\r\n        \"2016-03-30\",\r\n        \"2015-06-15\",\r\n        \"2015-05-01-preview\",\r\n        \"2014-12-01-preview\"\r\n      ],\r\n      \"apiProfiles\": [\r\n        {\r\n          \"profileVersion\": \"2017-03-09-profile\",\r\n          \"apiVersion\": \"2015-06-15\"\r\n        }\r\n      ],\r\n      \"capabilities\": \"CrossResourceGroupResourceMove, CrossSubscriptionResourceMove\"\r\n    },\r\n    {\r\n      \"resourceType\": \"connections\",\r\n      \"locations\": [\r\n        \"East US\",\r\n        \"North Europe\",\r\n        \"West Europe\",\r\n        \"East Asia\",\r\n        \"Southeast Asia\",\r\n        \"North Central US\",\r\n        \"South Central US\",\r\n        \"Central US\",\r\n        \"East US 2\",\r\n        \"Japan East\",\r\n        \"Japan West\",\r\n        \"Brazil South\",\r\n        \"Australia East\",\r\n        \"Australia Southeast\",\r\n        \"Central India\",\r\n        \"South India\",\r\n        \"West India\",\r\n        \"Canada Central\",\r\n        \"Canada East\",\r\n        \"West Central US\",\r\n        \"West US 2\",\r\n        \"UK West\",\r\n        \"UK South\",\r\n        \"Korea Central\",\r\n        \"Korea South\",\r\n        \"West US\"\r\n      ],\r\n      \"apiVersions\": [\r\n        \"2017-06-01\",\r\n        \"2017-04-01\",\r\n        \"2017-03-01\",\r\n        \"2016-12-01\",\r\n        \"2016-11-01\",\r\n        \"2016-10-01\",\r\n        \"2016-09-01\",\r\n        \"2016-08-01\",\r\n        \"2016-07-01\",\r\n        \"2016-06-01\",\r\n        \"2016-03-30\",\r\n        \"2015-06-15\",\r\n        \"2015-05-01-preview\",\r\n        \"2014-12-01-preview\"\r\n      ],\r\n      \"apiProfiles\": [\r\n        {\r\n          \"profileVersion\": \"2017-03-09-profile\",\r\n          \"apiVersion\": \"2015-06-15\"\r\n        }\r\n      ],\r\n      \"capabilities\": \"CrossResourceGroupResourceMove, CrossSubscriptionResourceMove\"\r\n    },\r\n    {\r\n      \"resourceType\": \"applicationGateways\",\r\n      \"locations\": [\r\n        \"East US\",\r\n        \"North Europe\",\r\n        \"West Europe\",\r\n        \"East Asia\",\r\n        \"Southeast Asia\",\r\n        \"North Central US\",\r\n        \"South Central US\",\r\n        \"Central US\",\r\n        \"East US 2\",\r\n        \"Japan East\",\r\n        \"Japan West\",\r\n        \"Brazil South\",\r\n        \"Australia East\",\r\n        \"Australia Southeast\",\r\n        \"Central India\",\r\n        \"South India\",\r\n        \"West India\",\r\n        \"Canada Central\",\r\n        \"Canada East\",\r\n        \"West Central US\",\r\n        \"West US 2\",\r\n        \"UK West\",\r\n        \"UK South\",\r\n        \"Korea Central\",\r\n        \"Korea South\",\r\n        \"West US\"\r\n      ],\r\n      \"apiVersions\": [\r\n        \"2017-06-01\",\r\n        \"2017-04-01\",\r\n        \"2017-03-01\",\r\n        \"2016-12-01\",\r\n        \"2016-11-01\",\r\n        \"2016-10-01\",\r\n        \"2016-09-01\",\r\n        \"2016-08-01\",\r\n        \"2016-07-01\",\r\n        \"2016-06-01\",\r\n        \"2016-03-30\",\r\n        \"2015-06-15\",\r\n        \"2015-05-01-preview\",\r\n        \"2014-12-01-preview\"\r\n      ],\r\n      \"capabilities\": \"None\"\r\n    },\r\n    {\r\n      \"resourceType\": \"locations\",\r\n      \"locations\": [],\r\n      \"apiVersions\": [\r\n        \"2017-06-01\",\r\n        \"2017-04-01\",\r\n        \"2017-03-01\",\r\n        \"2016-12-01\",\r\n        \"2016-11-01\",\r\n        \"2016-10-01\",\r\n        \"2016-09-01\",\r\n        \"2016-08-01\",\r\n        \"2016-07-01\",\r\n        \"2016-06-01\",\r\n        \"2016-03-30\",\r\n        \"2015-06-15\",\r\n        \"2015-05-01-preview\",\r\n        \"2014-12-01-preview\"\r\n      ],\r\n      \"apiProfiles\": [\r\n        {\r\n          \"profileVersion\": \"2017-03-09-profile\",\r\n          \"apiVersion\": \"2015-06-15\"\r\n        }\r\n      ]\r\n    },\r\n    {\r\n      \"resourceType\": \"locations/operations\",\r\n      \"locations\": [],\r\n      \"apiVersions\": [\r\n        \"2017-06-01\",\r\n        \"2017-04-01\",\r\n        \"2017-03-01\",\r\n        \"2016-12-01\",\r\n        \"2016-11-01\",\r\n        \"2016-10-01\",\r\n        \"2016-09-01\",\r\n        \"2016-08-01\",\r\n        \"2016-07-01\",\r\n        \"2016-06-01\",\r\n        \"2016-03-30\",\r\n        \"2015-06-15\",\r\n        \"2015-05-01-preview\",\r\n        \"2014-12-01-preview\"\r\n      ],\r\n      \"apiProfiles\": [\r\n        {\r\n          \"profileVersion\": \"2017-03-09-profile\",\r\n          \"apiVersion\": \"2015-06-15\"\r\n        }\r\n      ]\r\n    },\r\n    {\r\n      \"resourceType\": \"locations/operationResults\",\r\n      \"locations\": [],\r\n      \"apiVersions\": [\r\n        \"2017-06-01\",\r\n        \"2017-04-01\",\r\n        \"2017-03-01\",\r\n        \"2016-12-01\",\r\n        \"2016-11-01\",\r\n        \"2016-10-01\",\r\n        \"2016-09-01\",\r\n        \"2016-08-01\",\r\n        \"2016-07-01\",\r\n        \"2016-06-01\",\r\n        \"2016-03-30\",\r\n        \"2015-06-15\",\r\n        \"2015-05-01-preview\",\r\n        \"2014-12-01-preview\"\r\n      ],\r\n      \"apiProfiles\": [\r\n        {\r\n          \"profileVersion\": \"2017-03-09-profile\",\r\n          \"apiVersion\": \"2015-06-15\"\r\n        }\r\n      ]\r\n    },\r\n    {\r\n      \"resourceType\": \"locations/CheckDnsNameAvailability\",\r\n      \"locations\": [\r\n        \"East US\",\r\n        \"North Europe\",\r\n        \"West Europe\",\r\n        \"East Asia\",\r\n        \"Southeast Asia\",\r\n        \"North Central US\",\r\n        \"South Central US\",\r\n        \"Central US\",\r\n        \"East US 2\",\r\n        \"Japan East\",\r\n        \"Japan West\",\r\n        \"Brazil South\",\r\n        \"Australia East\",\r\n        \"Australia Southeast\",\r\n        \"Central India\",\r\n        \"South India\",\r\n        \"West India\",\r\n        \"Canada Central\",\r\n        \"Canada East\",\r\n        \"West Central US\",\r\n        \"West US 2\",\r\n        \"UK West\",\r\n        \"UK South\",\r\n        \"Korea Central\",\r\n        \"Korea South\",\r\n        \"West US\"\r\n      ],\r\n      \"apiVersions\": [\r\n        \"2017-06-01\",\r\n        \"2017-04-01\",\r\n        \"2017-03-01\",\r\n        \"2016-12-01\",\r\n        \"2016-11-01\",\r\n        \"2016-10-01\",\r\n        \"2016-09-01\",\r\n        \"2016-08-01\",\r\n        \"2016-07-01\",\r\n        \"2016-06-01\",\r\n        \"2016-03-30\",\r\n        \"2015-06-15\",\r\n        \"2015-05-01-preview\",\r\n        \"2014-12-01-preview\"\r\n      ]\r\n    },\r\n    {\r\n      \"resourceType\": \"locations/usages\",\r\n      \"locations\": [\r\n        \"East US\",\r\n        \"North Europe\",\r\n        \"West Europe\",\r\n        \"East Asia\",\r\n        \"Southeast Asia\",\r\n        \"North Central US\",\r\n        \"South Central US\",\r\n        \"Central US\",\r\n        \"East US 2\",\r\n        \"Japan East\",\r\n        \"Japan West\",\r\n        \"Brazil South\",\r\n        \"Australia East\",\r\n        \"Australia Southeast\",\r\n        \"Central India\",\r\n        \"South India\",\r\n        \"West India\",\r\n        \"Canada Central\",\r\n        \"Canada East\",\r\n        \"West Central US\",\r\n        \"West US 2\",\r\n        \"UK West\",\r\n        \"UK South\",\r\n        \"Korea Central\",\r\n        \"Korea South\",\r\n        \"West US\"\r\n      ],\r\n      \"apiVersions\": [\r\n        \"2017-06-01\",\r\n        \"2017-04-01\",\r\n        \"2017-03-01\",\r\n        \"2016-12-01\",\r\n        \"2016-11-01\",\r\n        \"2016-10-01\",\r\n        \"2016-09-01\",\r\n        \"2016-08-01\",\r\n        \"2016-07-01\",\r\n        \"2016-06-01\",\r\n        \"2016-03-30\",\r\n        \"2015-06-15\",\r\n        \"2015-05-01-preview\",\r\n        \"2014-12-01-preview\"\r\n      ],\r\n      \"apiProfiles\": [\r\n        {\r\n          \"profileVersion\": \"2017-03-09-profile\",\r\n          \"apiVersion\": \"2015-06-15\"\r\n        }\r\n      ]\r\n    },\r\n    {\r\n      \"resourceType\": \"operations\",\r\n      \"locations\": [],\r\n      \"apiVersions\": [\r\n        \"2017-06-01\",\r\n        \"2017-04-01\",\r\n        \"2017-03-01\",\r\n        \"2016-12-01\",\r\n        \"2016-11-01\",\r\n        \"2016-10-01\",\r\n        \"2016-09-01\",\r\n        \"2016-08-01\",\r\n        \"2016-07-01\",\r\n        \"2016-06-01\",\r\n        \"2016-03-30\",\r\n        \"2015-06-15\",\r\n        \"2015-05-01-preview\",\r\n        \"2014-12-01-preview\"\r\n      ]\r\n    },\r\n    {\r\n      \"resourceType\": \"dnszones\",\r\n      \"locations\": [\r\n        \"global\"\r\n      ],\r\n      \"apiVersions\": [\r\n        \"2016-04-01\",\r\n        \"2015-05-04-preview\"\r\n      ],\r\n      \"apiProfiles\": [\r\n        {\r\n          \"profileVersion\": \"2017-03-09-profile\",\r\n          \"apiVersion\": \"2016-04-01\"\r\n        }\r\n      ],\r\n      \"capabilities\": \"CrossResourceGroupResourceMove, CrossSubscriptionResourceMove\"\r\n    },\r\n    {\r\n      \"resourceType\": \"dnsOperationResults\",\r\n      \"locations\": [\r\n        \"global\"\r\n      ],\r\n      \"apiVersions\": [\r\n        \"2016-04-01\"\r\n      ]\r\n    },\r\n    {\r\n      \"resourceType\": \"dnsOperationStatuses\",\r\n      \"locations\": [\r\n        \"global\"\r\n      ],\r\n      \"apiVersions\": [\r\n        \"2016-04-01\"\r\n      ]\r\n    },\r\n    {\r\n      \"resourceType\": \"dnszones/A\",\r\n      \"locations\": [\r\n        \"global\"\r\n      ],\r\n      \"apiVersions\": [\r\n        \"2016-04-01\",\r\n        \"2015-05-04-preview\"\r\n      ]\r\n    },\r\n    {\r\n      \"resourceType\": \"dnszones/AAAA\",\r\n      \"locations\": [\r\n        \"global\"\r\n      ],\r\n      \"apiVersions\": [\r\n        \"2016-04-01\",\r\n        \"2015-05-04-preview\"\r\n      ]\r\n    },\r\n    {\r\n      \"resourceType\": \"dnszones/CNAME\",\r\n      \"locations\": [\r\n        \"global\"\r\n      ],\r\n      \"apiVersions\": [\r\n        \"2016-04-01\",\r\n        \"2015-05-04-preview\"\r\n      ]\r\n    },\r\n    {\r\n      \"resourceType\": \"dnszones/PTR\",\r\n      \"locations\": [\r\n        \"global\"\r\n      ],\r\n      \"apiVersions\": [\r\n        \"2016-04-01\",\r\n        \"2015-05-04-preview\"\r\n      ]\r\n    },\r\n    {\r\n      \"resourceType\": \"dnszones/MX\",\r\n      \"locations\": [\r\n        \"global\"\r\n      ],\r\n      \"apiVersions\": [\r\n        \"2016-04-01\",\r\n        \"2015-05-04-preview\"\r\n      ]\r\n    },\r\n    {\r\n      \"resourceType\": \"dnszones/TXT\",\r\n      \"locations\": [\r\n        \"global\"\r\n      ],\r\n      \"apiVersions\": [\r\n        \"2016-04-01\",\r\n        \"2015-05-04-preview\"\r\n      ]\r\n    },\r\n    {\r\n      \"resourceType\": \"dnszones/SRV\",\r\n      \"locations\": [\r\n        \"global\"\r\n      ],\r\n      \"apiVersions\": [\r\n        \"2016-04-01\",\r\n        \"2015-05-04-preview\"\r\n      ]\r\n    },\r\n    {\r\n      \"resourceType\": \"dnszones/SOA\",\r\n      \"locations\": [\r\n        \"global\"\r\n      ],\r\n      \"apiVersions\": [\r\n        \"2016-04-01\",\r\n        \"2015-05-04-preview\"\r\n      ]\r\n    },\r\n    {\r\n      \"resourceType\": \"dnszones/NS\",\r\n      \"locations\": [\r\n        \"global\"\r\n      ],\r\n      \"apiVersions\": [\r\n        \"2016-04-01\",\r\n        \"2015-05-04-preview\"\r\n      ]\r\n    },\r\n    {\r\n      \"resourceType\": \"trafficmanagerprofiles\",\r\n      \"locations\": [\r\n        \"global\"\r\n      ],\r\n      \"apiVersions\": [\r\n        \"2017-05-01\",\r\n        \"2017-03-01\",\r\n        \"2015-11-01\",\r\n        \"2015-04-28-preview\"\r\n      ],\r\n      \"capabilities\": \"CrossResourceGroupResourceMove, CrossSubscriptionResourceMove\"\r\n    },\r\n    {\r\n      \"resourceType\": \"checkTrafficManagerNameAvailability\",\r\n      \"locations\": [\r\n        \"global\"\r\n      ],\r\n      \"apiVersions\": [\r\n        \"2017-05-01\",\r\n        \"2017-03-01\",\r\n        \"2015-11-01\",\r\n        \"2015-04-28-preview\"\r\n      ]\r\n    },\r\n    {\r\n      \"resourceType\": \"trafficManagerGeographicHierarchies\",\r\n      \"locations\": [\r\n        \"global\"\r\n      ],\r\n      \"apiVersions\": [\r\n        \"2017-05-01\",\r\n        \"2017-03-01\"\r\n      ]\r\n    },\r\n    {\r\n      \"resourceType\": \"expressRouteCircuits\",\r\n      \"locations\": [\r\n        \"East US\",\r\n        \"North Europe\",\r\n        \"West Europe\",\r\n        \"East Asia\",\r\n        \"Southeast Asia\",\r\n        \"North Central US\",\r\n        \"South Central US\",\r\n        \"Central US\",\r\n        \"East US 2\",\r\n        \"Japan East\",\r\n        \"Japan West\",\r\n        \"Brazil South\",\r\n        \"Australia East\",\r\n        \"Australia Southeast\",\r\n        \"Central India\",\r\n        \"South India\",\r\n        \"West India\",\r\n        \"Canada Central\",\r\n        \"Canada East\",\r\n        \"West Central US\",\r\n        \"West US 2\",\r\n        \"UK West\",\r\n        \"UK South\",\r\n        \"Korea Central\",\r\n        \"Korea South\",\r\n        \"West US\"\r\n      ],\r\n      \"apiVersions\": [\r\n        \"2017-06-01\",\r\n        \"2017-04-01\",\r\n        \"2017-03-01\",\r\n        \"2016-12-01\",\r\n        \"2016-11-01\",\r\n        \"2016-10-01\",\r\n        \"2016-09-01\",\r\n        \"2016-08-01\",\r\n        \"2016-07-01\",\r\n        \"2016-06-01\",\r\n        \"2016-03-30\",\r\n        \"2015-06-15\",\r\n        \"2015-05-01-preview\",\r\n        \"2014-12-01-preview\"\r\n      ],\r\n      \"capabilities\": \"None\"\r\n    },\r\n    {\r\n      \"resourceType\": \"expressRouteServiceProviders\",\r\n      \"locations\": [],\r\n      \"apiVersions\": [\r\n        \"2017-06-01\",\r\n        \"2017-04-01\",\r\n        \"2017-03-01\",\r\n        \"2016-12-01\",\r\n        \"2016-11-01\",\r\n        \"2016-10-01\",\r\n        \"2016-09-01\",\r\n        \"2016-08-01\",\r\n        \"2016-07-01\",\r\n        \"2016-06-01\",\r\n        \"2016-03-30\",\r\n        \"2015-06-15\",\r\n        \"2015-05-01-preview\",\r\n        \"2014-12-01-preview\"\r\n      ]\r\n    },\r\n    {\r\n      \"resourceType\": \"applicationGatewayAvailableWafRuleSets\",\r\n      \"locations\": [],\r\n      \"apiVersions\": [\r\n        \"2017-06-01\",\r\n        \"2017-04-01\",\r\n        \"2017-03-01\"\r\n      ]\r\n    },\r\n    {\r\n      \"resourceType\": \"applicationGatewayAvailableSslOptions\",\r\n      \"locations\": [],\r\n      \"apiVersions\": [\r\n        \"2017-06-01\"\r\n      ]\r\n    },\r\n    {\r\n      \"resourceType\": \"routeFilters\",\r\n      \"locations\": [\r\n        \"East US\",\r\n        \"North Europe\",\r\n        \"West Europe\",\r\n        \"East Asia\",\r\n        \"Southeast Asia\",\r\n        \"North Central US\",\r\n        \"South Central US\",\r\n        \"Central US\",\r\n        \"East US 2\",\r\n        \"Japan East\",\r\n        \"Japan West\",\r\n        \"Brazil South\",\r\n        \"Australia East\",\r\n        \"Australia Southeast\",\r\n        \"Central India\",\r\n        \"South India\",\r\n        \"West India\",\r\n        \"Canada Central\",\r\n        \"Canada East\",\r\n        \"West Central US\",\r\n        \"West US 2\",\r\n        \"UK West\",\r\n        \"UK South\",\r\n        \"Korea Central\",\r\n        \"Korea South\",\r\n        \"West US\"\r\n      ],\r\n      \"apiVersions\": [\r\n        \"2017-06-01\",\r\n        \"2017-04-01\",\r\n        \"2017-03-01\",\r\n        \"2016-12-01\"\r\n      ],\r\n      \"capabilities\": \"None\"\r\n    },\r\n    {\r\n      \"resourceType\": \"bgpServiceCommunities\",\r\n      \"locations\": [],\r\n      \"apiVersions\": [\r\n        \"2017-06-01\",\r\n        \"2017-04-01\",\r\n        \"2017-03-01\",\r\n        \"2016-12-01\"\r\n      ]\r\n    },\r\n    {\r\n      \"resourceType\": \"serviceTunnelServices\",\r\n      \"locations\": [],\r\n      \"apiVersions\": [\r\n        \"2017-06-01\",\r\n        \"2017-04-01\"\r\n      ]\r\n    }\r\n  ],\r\n  \"registrationState\": \"Registered\"\r\n}",
      "ResponseHeaders": {
        "Content-Type": [
          "application/json; charset=utf-8"
        ],
        "Expires": [
          "-1"
        ],
        "Cache-Control": [
          "no-cache"
        ],
        "Date": [
          "Mon, 10 Jul 2017 23:27:13 GMT"
        ],
        "Pragma": [
          "no-cache"
        ],
        "Vary": [
          "Accept-Encoding"
        ],
        "x-ms-ratelimit-remaining-subscription-reads": [
          "14979"
        ],
        "x-ms-request-id": [
          "c3502a58-e010-4683-9917-bff97dd2b5b0"
        ],
        "x-ms-correlation-request-id": [
          "c3502a58-e010-4683-9917-bff97dd2b5b0"
        ],
        "x-ms-routing-request-id": [
          "WESTCENTRALUS:20170710T232714Z:c3502a58-e010-4683-9917-bff97dd2b5b0"
        ],
        "Strict-Transport-Security": [
          "max-age=31536000; includeSubDomains"
        ]
      },
      "StatusCode": 200
    },
    {
      "RequestUri": "/subscriptions/18b0dc06-a2b8-4c0f-95af-550319fa5eac/resourcegroups/csmrg7220?api-version=2017-05-10",
      "EncodedRequestUri": "L3N1YnNjcmlwdGlvbnMvMThiMGRjMDYtYTJiOC00YzBmLTk1YWYtNTUwMzE5ZmE1ZWFjL3Jlc291cmNlZ3JvdXBzL2NzbXJnNzIyMD9hcGktdmVyc2lvbj0yMDE3LTA1LTEw",
      "RequestMethod": "PUT",
      "RequestBody": "{\r\n  \"location\": \"East US\"\r\n}",
      "RequestHeaders": {
        "Content-Type": [
          "application/json; charset=utf-8"
        ],
        "Content-Length": [
          "29"
        ],
        "x-ms-client-request-id": [
          "ebc2a5c3-045e-449a-9798-07d7e8a7955a"
        ],
        "accept-language": [
          "en-US"
        ],
        "User-Agent": [
          "FxVersion/4.6.25211.01",
          "Microsoft.Azure.Management.ResourceManager.ResourceManagementClient/1.6.0.0"
        ]
      },
      "ResponseBody": "{\r\n  \"id\": \"/subscriptions/18b0dc06-a2b8-4c0f-95af-550319fa5eac/resourceGroups/csmrg7220\",\r\n  \"name\": \"csmrg7220\",\r\n  \"location\": \"eastus\",\r\n  \"properties\": {\r\n    \"provisioningState\": \"Succeeded\"\r\n  }\r\n}",
      "ResponseHeaders": {
        "Content-Length": [
          "171"
        ],
        "Content-Type": [
          "application/json; charset=utf-8"
        ],
        "Expires": [
          "-1"
        ],
        "Cache-Control": [
          "no-cache"
        ],
        "Date": [
          "Mon, 10 Jul 2017 23:27:14 GMT"
        ],
        "Pragma": [
          "no-cache"
        ],
        "x-ms-ratelimit-remaining-subscription-writes": [
          "1198"
        ],
        "x-ms-request-id": [
          "cf2aa7eb-6a22-4f4a-970c-36180b1973bf"
        ],
        "x-ms-correlation-request-id": [
          "cf2aa7eb-6a22-4f4a-970c-36180b1973bf"
        ],
        "x-ms-routing-request-id": [
          "WESTCENTRALUS:20170710T232715Z:cf2aa7eb-6a22-4f4a-970c-36180b1973bf"
        ],
        "Strict-Transport-Security": [
          "max-age=31536000; includeSubDomains"
        ]
      },
      "StatusCode": 201
    },
    {
      "RequestUri": "/subscriptions/18b0dc06-a2b8-4c0f-95af-550319fa5eac/resourceGroups/csmrg7220/providers/Microsoft.Network/routeFilters/filter?api-version=2017-06-01",
      "EncodedRequestUri": "L3N1YnNjcmlwdGlvbnMvMThiMGRjMDYtYTJiOC00YzBmLTk1YWYtNTUwMzE5ZmE1ZWFjL3Jlc291cmNlR3JvdXBzL2NzbXJnNzIyMC9wcm92aWRlcnMvTWljcm9zb2Z0Lk5ldHdvcmsvcm91dGVGaWx0ZXJzL2ZpbHRlcj9hcGktdmVyc2lvbj0yMDE3LTA2LTAx",
      "RequestMethod": "PUT",
      "RequestBody": "{\r\n  \"location\": \"East US\",\r\n  \"tags\": {\r\n    \"key\": \"value\"\r\n  }\r\n}",
      "RequestHeaders": {
        "Content-Type": [
          "application/json; charset=utf-8"
        ],
        "Content-Length": [
          "68"
        ],
        "x-ms-client-request-id": [
          "fb4d5108-5a4f-4472-b3f9-0cb7d083d766"
        ],
        "accept-language": [
          "en-US"
        ],
        "User-Agent": [
          "FxVersion/4.6.25211.01",
          "Microsoft.Azure.Management.Network.NetworkManagementClient/11.0.0.0"
        ]
      },
      "ResponseBody": "{\r\n  \"name\": \"filter\",\r\n  \"id\": \"/subscriptions/18b0dc06-a2b8-4c0f-95af-550319fa5eac/resourceGroups/csmrg7220/providers/Microsoft.Network/routeFilters/filter\",\r\n  \"etag\": \"W/\\\"b2d5fa8b-0997-47cf-8920-411357c3264d\\\"\",\r\n  \"type\": \"Microsoft.Network/routeFilters\",\r\n  \"location\": \"eastus\",\r\n  \"tags\": {\r\n    \"key\": \"value\"\r\n  },\r\n  \"properties\": {\r\n    \"provisioningState\": \"Updating\",\r\n    \"rules\": []\r\n  }\r\n}",
      "ResponseHeaders": {
        "Content-Length": [
          "407"
        ],
        "Content-Type": [
          "application/json; charset=utf-8"
        ],
        "Expires": [
          "-1"
        ],
        "Cache-Control": [
          "no-cache"
        ],
        "Date": [
          "Mon, 10 Jul 2017 23:27:16 GMT"
        ],
        "Pragma": [
          "no-cache"
        ],
        "Retry-After": [
          "10"
        ],
        "Server": [
          "Microsoft-HTTPAPI/2.0",
          "Microsoft-HTTPAPI/2.0"
        ],
        "x-ms-request-id": [
          "1aad3818-495f-4fe5-b3e8-cf02c15b046f"
        ],
        "Azure-AsyncOperation": [
          "https://management.azure.com/subscriptions/18b0dc06-a2b8-4c0f-95af-550319fa5eac/providers/Microsoft.Network/locations/eastus/operations/1aad3818-495f-4fe5-b3e8-cf02c15b046f?api-version=2017-06-01"
        ],
        "Strict-Transport-Security": [
          "max-age=31536000; includeSubDomains"
        ],
        "x-ms-ratelimit-remaining-subscription-writes": [
          "1198"
        ],
        "x-ms-correlation-request-id": [
          "33b38c31-957d-4f29-a21d-34c110b94ae0"
        ],
        "x-ms-routing-request-id": [
          "WESTCENTRALUS:20170710T232716Z:33b38c31-957d-4f29-a21d-34c110b94ae0"
        ]
      },
      "StatusCode": 201
    },
    {
      "RequestUri": "/subscriptions/18b0dc06-a2b8-4c0f-95af-550319fa5eac/providers/Microsoft.Network/locations/eastus/operations/1aad3818-495f-4fe5-b3e8-cf02c15b046f?api-version=2017-06-01",
      "EncodedRequestUri": "L3N1YnNjcmlwdGlvbnMvMThiMGRjMDYtYTJiOC00YzBmLTk1YWYtNTUwMzE5ZmE1ZWFjL3Byb3ZpZGVycy9NaWNyb3NvZnQuTmV0d29yay9sb2NhdGlvbnMvZWFzdHVzL29wZXJhdGlvbnMvMWFhZDM4MTgtNDk1Zi00ZmU1LWIzZTgtY2YwMmMxNWIwNDZmP2FwaS12ZXJzaW9uPTIwMTctMDYtMDE=",
      "RequestMethod": "GET",
      "RequestBody": "",
      "RequestHeaders": {
        "User-Agent": [
          "FxVersion/4.6.25211.01",
          "Microsoft.Azure.Management.Network.NetworkManagementClient/11.0.0.0"
        ]
      },
      "ResponseBody": "{\r\n  \"status\": \"Succeeded\"\r\n}",
      "ResponseHeaders": {
        "Content-Type": [
          "application/json; charset=utf-8"
        ],
        "Expires": [
          "-1"
        ],
        "Cache-Control": [
          "no-cache"
        ],
        "Date": [
          "Mon, 10 Jul 2017 23:27:46 GMT"
        ],
        "Pragma": [
          "no-cache"
        ],
        "Transfer-Encoding": [
          "chunked"
        ],
        "Server": [
          "Microsoft-HTTPAPI/2.0",
          "Microsoft-HTTPAPI/2.0"
        ],
        "Vary": [
          "Accept-Encoding"
        ],
        "x-ms-request-id": [
          "d6ca73a5-53d2-4f97-a3c2-85ebc686d168"
        ],
        "Strict-Transport-Security": [
          "max-age=31536000; includeSubDomains"
        ],
        "x-ms-ratelimit-remaining-subscription-reads": [
          "14977"
        ],
        "x-ms-correlation-request-id": [
          "1057078b-42a4-4bc5-ba38-08cad5a36d9e"
        ],
        "x-ms-routing-request-id": [
          "WESTCENTRALUS:20170710T232747Z:1057078b-42a4-4bc5-ba38-08cad5a36d9e"
        ]
      },
      "StatusCode": 200
    },
    {
      "RequestUri": "/subscriptions/18b0dc06-a2b8-4c0f-95af-550319fa5eac/resourceGroups/csmrg7220/providers/Microsoft.Network/routeFilters/filter?api-version=2017-06-01",
      "EncodedRequestUri": "L3N1YnNjcmlwdGlvbnMvMThiMGRjMDYtYTJiOC00YzBmLTk1YWYtNTUwMzE5ZmE1ZWFjL3Jlc291cmNlR3JvdXBzL2NzbXJnNzIyMC9wcm92aWRlcnMvTWljcm9zb2Z0Lk5ldHdvcmsvcm91dGVGaWx0ZXJzL2ZpbHRlcj9hcGktdmVyc2lvbj0yMDE3LTA2LTAx",
      "RequestMethod": "GET",
      "RequestBody": "",
      "RequestHeaders": {
        "User-Agent": [
          "FxVersion/4.6.25211.01",
          "Microsoft.Azure.Management.Network.NetworkManagementClient/11.0.0.0"
        ]
      },
      "ResponseBody": "{\r\n  \"name\": \"filter\",\r\n  \"id\": \"/subscriptions/18b0dc06-a2b8-4c0f-95af-550319fa5eac/resourceGroups/csmrg7220/providers/Microsoft.Network/routeFilters/filter\",\r\n  \"etag\": \"W/\\\"cbe6ad0a-7f18-422b-9304-8d984375305a\\\"\",\r\n  \"type\": \"Microsoft.Network/routeFilters\",\r\n  \"location\": \"eastus\",\r\n  \"tags\": {\r\n    \"key\": \"value\"\r\n  },\r\n  \"properties\": {\r\n    \"provisioningState\": \"Succeeded\",\r\n    \"rules\": []\r\n  }\r\n}",
      "ResponseHeaders": {
        "Content-Type": [
          "application/json; charset=utf-8"
        ],
        "Expires": [
          "-1"
        ],
        "Cache-Control": [
          "no-cache"
        ],
        "Date": [
          "Mon, 10 Jul 2017 23:27:46 GMT"
        ],
        "Pragma": [
          "no-cache"
        ],
        "Transfer-Encoding": [
          "chunked"
        ],
        "ETag": [
          "W/\"cbe6ad0a-7f18-422b-9304-8d984375305a\""
        ],
        "Server": [
          "Microsoft-HTTPAPI/2.0",
          "Microsoft-HTTPAPI/2.0"
        ],
        "Vary": [
          "Accept-Encoding"
        ],
        "x-ms-request-id": [
          "85b59921-3539-481e-a4ec-22d38753269e"
        ],
        "Strict-Transport-Security": [
          "max-age=31536000; includeSubDomains"
        ],
        "x-ms-ratelimit-remaining-subscription-reads": [
          "14976"
        ],
        "x-ms-correlation-request-id": [
          "acecfaa7-4e66-48d8-9b7c-64a04974e499"
        ],
        "x-ms-routing-request-id": [
          "WESTCENTRALUS:20170710T232747Z:acecfaa7-4e66-48d8-9b7c-64a04974e499"
        ]
      },
      "StatusCode": 200
    },
    {
      "RequestUri": "/subscriptions/18b0dc06-a2b8-4c0f-95af-550319fa5eac/resourceGroups/csmrg7220/providers/Microsoft.Network/routeFilters/filter?api-version=2017-06-01",
      "EncodedRequestUri": "L3N1YnNjcmlwdGlvbnMvMThiMGRjMDYtYTJiOC00YzBmLTk1YWYtNTUwMzE5ZmE1ZWFjL3Jlc291cmNlR3JvdXBzL2NzbXJnNzIyMC9wcm92aWRlcnMvTWljcm9zb2Z0Lk5ldHdvcmsvcm91dGVGaWx0ZXJzL2ZpbHRlcj9hcGktdmVyc2lvbj0yMDE3LTA2LTAx",
      "RequestMethod": "GET",
      "RequestBody": "",
      "RequestHeaders": {
        "x-ms-client-request-id": [
          "bf981733-f74b-4bee-ae3b-74231ee4180e"
        ],
        "accept-language": [
          "en-US"
        ],
        "User-Agent": [
          "FxVersion/4.6.25211.01",
          "Microsoft.Azure.Management.Network.NetworkManagementClient/11.0.0.0"
        ]
      },
      "ResponseBody": "{\r\n  \"name\": \"filter\",\r\n  \"id\": \"/subscriptions/18b0dc06-a2b8-4c0f-95af-550319fa5eac/resourceGroups/csmrg7220/providers/Microsoft.Network/routeFilters/filter\",\r\n  \"etag\": \"W/\\\"cbe6ad0a-7f18-422b-9304-8d984375305a\\\"\",\r\n  \"type\": \"Microsoft.Network/routeFilters\",\r\n  \"location\": \"eastus\",\r\n  \"tags\": {\r\n    \"key\": \"value\"\r\n  },\r\n  \"properties\": {\r\n    \"provisioningState\": \"Succeeded\",\r\n    \"rules\": []\r\n  }\r\n}",
      "ResponseHeaders": {
        "Content-Type": [
          "application/json; charset=utf-8"
        ],
        "Expires": [
          "-1"
        ],
        "Cache-Control": [
          "no-cache"
        ],
        "Date": [
          "Mon, 10 Jul 2017 23:27:46 GMT"
        ],
        "Pragma": [
          "no-cache"
        ],
        "Transfer-Encoding": [
          "chunked"
        ],
        "ETag": [
          "W/\"cbe6ad0a-7f18-422b-9304-8d984375305a\""
        ],
        "Server": [
          "Microsoft-HTTPAPI/2.0",
          "Microsoft-HTTPAPI/2.0"
        ],
        "Vary": [
          "Accept-Encoding"
        ],
        "x-ms-request-id": [
          "4ee614c2-54b1-4067-ae8a-31371d7895d1"
        ],
        "Strict-Transport-Security": [
          "max-age=31536000; includeSubDomains"
        ],
        "x-ms-ratelimit-remaining-subscription-reads": [
          "14975"
        ],
        "x-ms-correlation-request-id": [
          "451f132f-6963-445a-8259-6d31689824bb"
        ],
        "x-ms-routing-request-id": [
          "WESTCENTRALUS:20170710T232747Z:451f132f-6963-445a-8259-6d31689824bb"
        ]
      },
      "StatusCode": 200
    },
    {
      "RequestUri": "/subscriptions/18b0dc06-a2b8-4c0f-95af-550319fa5eac/resourceGroups/csmrg7220/providers/Microsoft.Network/routeFilters/filter?api-version=2017-06-01",
      "EncodedRequestUri": "L3N1YnNjcmlwdGlvbnMvMThiMGRjMDYtYTJiOC00YzBmLTk1YWYtNTUwMzE5ZmE1ZWFjL3Jlc291cmNlR3JvdXBzL2NzbXJnNzIyMC9wcm92aWRlcnMvTWljcm9zb2Z0Lk5ldHdvcmsvcm91dGVGaWx0ZXJzL2ZpbHRlcj9hcGktdmVyc2lvbj0yMDE3LTA2LTAx",
      "RequestMethod": "GET",
      "RequestBody": "",
      "RequestHeaders": {
        "x-ms-client-request-id": [
          "62184dde-d196-4930-adca-acdc7fde9dd7"
        ],
        "accept-language": [
          "en-US"
        ],
        "User-Agent": [
          "FxVersion/4.6.25211.01",
          "Microsoft.Azure.Management.Network.NetworkManagementClient/11.0.0.0"
        ]
      },
      "ResponseBody": "{\r\n  \"name\": \"filter\",\r\n  \"id\": \"/subscriptions/18b0dc06-a2b8-4c0f-95af-550319fa5eac/resourceGroups/csmrg7220/providers/Microsoft.Network/routeFilters/filter\",\r\n  \"etag\": \"W/\\\"f64ca3d9-668b-4f6c-b439-3b0f25424735\\\"\",\r\n  \"type\": \"Microsoft.Network/routeFilters\",\r\n  \"location\": \"eastus\",\r\n  \"tags\": {\r\n    \"key\": \"value\"\r\n  },\r\n  \"properties\": {\r\n    \"provisioningState\": \"Succeeded\",\r\n    \"rules\": [\r\n      {\r\n        \"name\": \"rule\",\r\n        \"id\": \"/subscriptions/18b0dc06-a2b8-4c0f-95af-550319fa5eac/resourceGroups/csmrg7220/providers/Microsoft.Network/routeFilters/filter/routeFilterRules/rule\",\r\n        \"etag\": \"W/\\\"f64ca3d9-668b-4f6c-b439-3b0f25424735\\\"\",\r\n        \"properties\": {\r\n          \"provisioningState\": \"Succeeded\",\r\n          \"access\": \"Allow\",\r\n          \"routeFilterRuleType\": \"Community\",\r\n          \"communities\": [\r\n            \"12076:5010\"\r\n          ]\r\n        }\r\n      }\r\n    ]\r\n  }\r\n}",
      "ResponseHeaders": {
        "Content-Type": [
          "application/json; charset=utf-8"
        ],
        "Expires": [
          "-1"
        ],
        "Cache-Control": [
          "no-cache"
        ],
        "Date": [
          "Mon, 10 Jul 2017 23:28:18 GMT"
        ],
        "Pragma": [
          "no-cache"
        ],
        "Transfer-Encoding": [
          "chunked"
        ],
        "ETag": [
          "W/\"f64ca3d9-668b-4f6c-b439-3b0f25424735\""
        ],
        "Server": [
          "Microsoft-HTTPAPI/2.0",
          "Microsoft-HTTPAPI/2.0"
        ],
        "Vary": [
          "Accept-Encoding"
        ],
        "x-ms-request-id": [
          "c9f1f4c0-36fa-43a3-914a-044f460b5bbe"
        ],
        "Strict-Transport-Security": [
          "max-age=31536000; includeSubDomains"
        ],
        "x-ms-ratelimit-remaining-subscription-reads": [
          "14972"
        ],
        "x-ms-correlation-request-id": [
          "a5c23ca5-9292-4bcc-a109-29808de0f226"
        ],
        "x-ms-routing-request-id": [
          "WESTCENTRALUS:20170710T232818Z:a5c23ca5-9292-4bcc-a109-29808de0f226"
        ]
      },
      "StatusCode": 200
    },
    {
      "RequestUri": "/subscriptions/18b0dc06-a2b8-4c0f-95af-550319fa5eac/resourceGroups/csmrg7220/providers/Microsoft.Network/routeFilters/filter/routeFilterRules/rule?api-version=2017-06-01",
      "EncodedRequestUri": "L3N1YnNjcmlwdGlvbnMvMThiMGRjMDYtYTJiOC00YzBmLTk1YWYtNTUwMzE5ZmE1ZWFjL3Jlc291cmNlR3JvdXBzL2NzbXJnNzIyMC9wcm92aWRlcnMvTWljcm9zb2Z0Lk5ldHdvcmsvcm91dGVGaWx0ZXJzL2ZpbHRlci9yb3V0ZUZpbHRlclJ1bGVzL3J1bGU/YXBpLXZlcnNpb249MjAxNy0wNi0wMQ==",
      "RequestMethod": "PUT",
      "RequestBody": "{\r\n  \"properties\": {\r\n    \"access\": \"allow\",\r\n    \"communities\": [\r\n      \"12076:5010\"\r\n    ],\r\n    \"routeFilterRuleType\": \"Community\"\r\n  },\r\n  \"location\": \"East US\"\r\n}",
      "RequestHeaders": {
        "Content-Type": [
          "application/json; charset=utf-8"
        ],
        "Content-Length": [
          "168"
        ],
        "x-ms-client-request-id": [
          "299df456-c355-41a8-82bf-e7afb7862041"
        ],
        "accept-language": [
          "en-US"
        ],
        "User-Agent": [
          "FxVersion/4.6.25211.01",
          "Microsoft.Azure.Management.Network.NetworkManagementClient/11.0.0.0"
        ]
      },
      "ResponseBody": "{\r\n  \"name\": \"rule\",\r\n  \"id\": \"/subscriptions/18b0dc06-a2b8-4c0f-95af-550319fa5eac/resourceGroups/csmrg7220/providers/Microsoft.Network/routeFilters/filter/routeFilterRules/rule\",\r\n  \"etag\": \"W/\\\"d3a13b7c-9b7d-416c-b606-8e4ebec2a008\\\"\",\r\n  \"properties\": {\r\n    \"provisioningState\": \"Updating\",\r\n    \"access\": \"Allow\",\r\n    \"routeFilterRuleType\": \"Community\",\r\n    \"communities\": [\r\n      \"12076:5010\"\r\n    ]\r\n  }\r\n}",
      "ResponseHeaders": {
        "Content-Length": [
          "415"
        ],
        "Content-Type": [
          "application/json; charset=utf-8"
        ],
        "Expires": [
          "-1"
        ],
        "Cache-Control": [
          "no-cache"
        ],
        "Date": [
          "Mon, 10 Jul 2017 23:27:47 GMT"
        ],
        "Pragma": [
          "no-cache"
        ],
        "Retry-After": [
          "10"
        ],
        "Server": [
          "Microsoft-HTTPAPI/2.0",
          "Microsoft-HTTPAPI/2.0"
        ],
        "x-ms-request-id": [
          "2d344767-ab7e-4898-8b3c-a6d91a8dceab"
        ],
        "Azure-AsyncOperation": [
          "https://management.azure.com/subscriptions/18b0dc06-a2b8-4c0f-95af-550319fa5eac/providers/Microsoft.Network/locations/eastus/operations/2d344767-ab7e-4898-8b3c-a6d91a8dceab?api-version=2017-06-01"
        ],
        "Strict-Transport-Security": [
          "max-age=31536000; includeSubDomains"
        ],
        "x-ms-ratelimit-remaining-subscription-writes": [
          "1197"
        ],
        "x-ms-correlation-request-id": [
          "a4f8eebf-9591-4bff-80ed-9bb8f50e8506"
        ],
        "x-ms-routing-request-id": [
          "WESTCENTRALUS:20170710T232748Z:a4f8eebf-9591-4bff-80ed-9bb8f50e8506"
        ]
      },
      "StatusCode": 201
    },
    {
      "RequestUri": "/subscriptions/18b0dc06-a2b8-4c0f-95af-550319fa5eac/providers/Microsoft.Network/locations/eastus/operations/2d344767-ab7e-4898-8b3c-a6d91a8dceab?api-version=2017-06-01",
      "EncodedRequestUri": "L3N1YnNjcmlwdGlvbnMvMThiMGRjMDYtYTJiOC00YzBmLTk1YWYtNTUwMzE5ZmE1ZWFjL3Byb3ZpZGVycy9NaWNyb3NvZnQuTmV0d29yay9sb2NhdGlvbnMvZWFzdHVzL29wZXJhdGlvbnMvMmQzNDQ3NjctYWI3ZS00ODk4LThiM2MtYTZkOTFhOGRjZWFiP2FwaS12ZXJzaW9uPTIwMTctMDYtMDE=",
      "RequestMethod": "GET",
      "RequestBody": "",
      "RequestHeaders": {
        "User-Agent": [
          "FxVersion/4.6.25211.01",
          "Microsoft.Azure.Management.Network.NetworkManagementClient/11.0.0.0"
        ]
      },
      "ResponseBody": "{\r\n  \"status\": \"Succeeded\"\r\n}",
      "ResponseHeaders": {
        "Content-Type": [
          "application/json; charset=utf-8"
        ],
        "Expires": [
          "-1"
        ],
        "Cache-Control": [
          "no-cache"
        ],
        "Date": [
          "Mon, 10 Jul 2017 23:28:18 GMT"
        ],
        "Pragma": [
          "no-cache"
        ],
        "Transfer-Encoding": [
          "chunked"
        ],
        "Server": [
          "Microsoft-HTTPAPI/2.0",
          "Microsoft-HTTPAPI/2.0"
        ],
        "Vary": [
          "Accept-Encoding"
        ],
        "x-ms-request-id": [
          "59382443-6a74-4c2b-9988-cbd8efb5a880"
        ],
        "Strict-Transport-Security": [
          "max-age=31536000; includeSubDomains"
        ],
        "x-ms-ratelimit-remaining-subscription-reads": [
          "14974"
        ],
        "x-ms-correlation-request-id": [
          "8b22eb4c-c7d9-4aab-8aef-907af23d1661"
        ],
        "x-ms-routing-request-id": [
          "WESTCENTRALUS:20170710T232818Z:8b22eb4c-c7d9-4aab-8aef-907af23d1661"
        ]
      },
      "StatusCode": 200
    },
    {
      "RequestUri": "/subscriptions/18b0dc06-a2b8-4c0f-95af-550319fa5eac/resourceGroups/csmrg7220/providers/Microsoft.Network/routeFilters/filter/routeFilterRules/rule?api-version=2017-06-01",
      "EncodedRequestUri": "L3N1YnNjcmlwdGlvbnMvMThiMGRjMDYtYTJiOC00YzBmLTk1YWYtNTUwMzE5ZmE1ZWFjL3Jlc291cmNlR3JvdXBzL2NzbXJnNzIyMC9wcm92aWRlcnMvTWljcm9zb2Z0Lk5ldHdvcmsvcm91dGVGaWx0ZXJzL2ZpbHRlci9yb3V0ZUZpbHRlclJ1bGVzL3J1bGU/YXBpLXZlcnNpb249MjAxNy0wNi0wMQ==",
      "RequestMethod": "GET",
      "RequestBody": "",
      "RequestHeaders": {
        "User-Agent": [
          "FxVersion/4.6.25211.01",
          "Microsoft.Azure.Management.Network.NetworkManagementClient/11.0.0.0"
        ]
      },
      "ResponseBody": "{\r\n  \"name\": \"rule\",\r\n  \"id\": \"/subscriptions/18b0dc06-a2b8-4c0f-95af-550319fa5eac/resourceGroups/csmrg7220/providers/Microsoft.Network/routeFilters/filter/routeFilterRules/rule\",\r\n  \"etag\": \"W/\\\"f64ca3d9-668b-4f6c-b439-3b0f25424735\\\"\",\r\n  \"properties\": {\r\n    \"provisioningState\": \"Succeeded\",\r\n    \"access\": \"Allow\",\r\n    \"routeFilterRuleType\": \"Community\",\r\n    \"communities\": [\r\n      \"12076:5010\"\r\n    ]\r\n  }\r\n}",
      "ResponseHeaders": {
        "Content-Type": [
          "application/json; charset=utf-8"
        ],
        "Expires": [
          "-1"
        ],
        "Cache-Control": [
          "no-cache"
        ],
        "Date": [
          "Mon, 10 Jul 2017 23:28:18 GMT"
        ],
        "Pragma": [
          "no-cache"
        ],
        "Transfer-Encoding": [
          "chunked"
        ],
        "ETag": [
          "W/\"f64ca3d9-668b-4f6c-b439-3b0f25424735\""
        ],
        "Server": [
          "Microsoft-HTTPAPI/2.0",
          "Microsoft-HTTPAPI/2.0"
        ],
        "Vary": [
          "Accept-Encoding"
        ],
        "x-ms-request-id": [
          "f399d132-337d-4ae7-83d6-0b5283f5c431"
        ],
        "Strict-Transport-Security": [
          "max-age=31536000; includeSubDomains"
        ],
        "x-ms-ratelimit-remaining-subscription-reads": [
          "14973"
        ],
        "x-ms-correlation-request-id": [
          "c762d81d-503a-415b-8c80-1b5b1d81fb13"
        ],
        "x-ms-routing-request-id": [
          "WESTCENTRALUS:20170710T232818Z:c762d81d-503a-415b-8c80-1b5b1d81fb13"
        ]
      },
      "StatusCode": 200
    },
    {
      "RequestUri": "/subscriptions/18b0dc06-a2b8-4c0f-95af-550319fa5eac/resourcegroups/csmrg7220?api-version=2017-05-10",
      "EncodedRequestUri": "L3N1YnNjcmlwdGlvbnMvMThiMGRjMDYtYTJiOC00YzBmLTk1YWYtNTUwMzE5ZmE1ZWFjL3Jlc291cmNlZ3JvdXBzL2NzbXJnNzIyMD9hcGktdmVyc2lvbj0yMDE3LTA1LTEw",
      "RequestMethod": "DELETE",
      "RequestBody": "",
      "RequestHeaders": {
        "x-ms-client-request-id": [
          "54ae1f04-771c-47ef-ab39-510af7c116fb"
        ],
        "accept-language": [
          "en-US"
        ],
        "User-Agent": [
          "FxVersion/4.6.25211.01",
          "Microsoft.Azure.Management.ResourceManager.ResourceManagementClient/1.6.0.0"
        ]
      },
      "ResponseBody": "",
      "ResponseHeaders": {
        "Content-Length": [
          "0"
        ],
        "Expires": [
          "-1"
        ],
        "Cache-Control": [
          "no-cache"
        ],
        "Date": [
          "Mon, 10 Jul 2017 23:28:19 GMT"
        ],
        "Pragma": [
          "no-cache"
        ],
        "Location": [
          "https://management.azure.com/subscriptions/18b0dc06-a2b8-4c0f-95af-550319fa5eac/operationresults/eyJqb2JJZCI6IlJFU09VUkNFR1JPVVBERUxFVElPTkpPQi1DU01SRzcyMjAtRUFTVFVTIiwiam9iTG9jYXRpb24iOiJlYXN0dXMifQ?api-version=2017-05-10"
        ],
        "Retry-After": [
          "15"
        ],
        "x-ms-ratelimit-remaining-subscription-writes": [
          "1197"
        ],
        "x-ms-request-id": [
          "48fbcd7e-1818-4f18-821d-d2c51767e9cd"
        ],
        "x-ms-correlation-request-id": [
          "48fbcd7e-1818-4f18-821d-d2c51767e9cd"
        ],
        "x-ms-routing-request-id": [
          "WESTCENTRALUS:20170710T232819Z:48fbcd7e-1818-4f18-821d-d2c51767e9cd"
        ],
        "Strict-Transport-Security": [
          "max-age=31536000; includeSubDomains"
        ]
      },
      "StatusCode": 202
    },
    {
      "RequestUri": "/subscriptions/18b0dc06-a2b8-4c0f-95af-550319fa5eac/operationresults/eyJqb2JJZCI6IlJFU09VUkNFR1JPVVBERUxFVElPTkpPQi1DU01SRzcyMjAtRUFTVFVTIiwiam9iTG9jYXRpb24iOiJlYXN0dXMifQ?api-version=2017-05-10",
      "EncodedRequestUri": "L3N1YnNjcmlwdGlvbnMvMThiMGRjMDYtYTJiOC00YzBmLTk1YWYtNTUwMzE5ZmE1ZWFjL29wZXJhdGlvbnJlc3VsdHMvZXlKcWIySkpaQ0k2SWxKRlUwOVZVa05GUjFKUFZWQkVSVXhGVkVsUFRrcFBRaTFEVTAxU1J6Y3lNakF0UlVGVFZGVlRJaXdpYW05aVRHOWpZWFJwYjI0aU9pSmxZWE4wZFhNaWZRP2FwaS12ZXJzaW9uPTIwMTctMDUtMTA=",
      "RequestMethod": "GET",
      "RequestBody": "",
      "RequestHeaders": {
        "User-Agent": [
          "FxVersion/4.6.25211.01",
          "Microsoft.Azure.Management.ResourceManager.ResourceManagementClient/1.6.0.0"
        ]
      },
      "ResponseBody": "",
      "ResponseHeaders": {
        "Content-Length": [
          "0"
        ],
        "Expires": [
          "-1"
        ],
        "Cache-Control": [
          "no-cache"
        ],
        "Date": [
          "Mon, 10 Jul 2017 23:28:49 GMT"
        ],
        "Pragma": [
          "no-cache"
        ],
        "Location": [
          "https://management.azure.com/subscriptions/18b0dc06-a2b8-4c0f-95af-550319fa5eac/operationresults/eyJqb2JJZCI6IlJFU09VUkNFR1JPVVBERUxFVElPTkpPQi1DU01SRzcyMjAtRUFTVFVTIiwiam9iTG9jYXRpb24iOiJlYXN0dXMifQ?api-version=2017-05-10"
        ],
        "Retry-After": [
          "15"
        ],
        "x-ms-ratelimit-remaining-subscription-reads": [
          "14955"
        ],
        "x-ms-request-id": [
          "9197325e-93b4-4c08-a67c-2e94b7d4dfad"
        ],
        "x-ms-correlation-request-id": [
          "9197325e-93b4-4c08-a67c-2e94b7d4dfad"
        ],
        "x-ms-routing-request-id": [
          "WESTCENTRALUS:20170710T232850Z:9197325e-93b4-4c08-a67c-2e94b7d4dfad"
        ],
        "Strict-Transport-Security": [
          "max-age=31536000; includeSubDomains"
        ]
      },
      "StatusCode": 202
    },
    {
      "RequestUri": "/subscriptions/18b0dc06-a2b8-4c0f-95af-550319fa5eac/operationresults/eyJqb2JJZCI6IlJFU09VUkNFR1JPVVBERUxFVElPTkpPQi1DU01SRzcyMjAtRUFTVFVTIiwiam9iTG9jYXRpb24iOiJlYXN0dXMifQ?api-version=2017-05-10",
      "EncodedRequestUri": "L3N1YnNjcmlwdGlvbnMvMThiMGRjMDYtYTJiOC00YzBmLTk1YWYtNTUwMzE5ZmE1ZWFjL29wZXJhdGlvbnJlc3VsdHMvZXlKcWIySkpaQ0k2SWxKRlUwOVZVa05GUjFKUFZWQkVSVXhGVkVsUFRrcFBRaTFEVTAxU1J6Y3lNakF0UlVGVFZGVlRJaXdpYW05aVRHOWpZWFJwYjI0aU9pSmxZWE4wZFhNaWZRP2FwaS12ZXJzaW9uPTIwMTctMDUtMTA=",
      "RequestMethod": "GET",
      "RequestBody": "",
      "RequestHeaders": {
        "User-Agent": [
          "FxVersion/4.6.25211.01",
          "Microsoft.Azure.Management.ResourceManager.ResourceManagementClient/1.6.0.0"
        ]
      },
      "ResponseBody": "",
      "ResponseHeaders": {
        "Content-Length": [
          "0"
        ],
        "Expires": [
          "-1"
        ],
        "Cache-Control": [
          "no-cache"
        ],
        "Date": [
          "Mon, 10 Jul 2017 23:29:19 GMT"
        ],
        "Pragma": [
          "no-cache"
        ],
        "Location": [
          "https://management.azure.com/subscriptions/18b0dc06-a2b8-4c0f-95af-550319fa5eac/operationresults/eyJqb2JJZCI6IlJFU09VUkNFR1JPVVBERUxFVElPTkpPQi1DU01SRzcyMjAtRUFTVFVTIiwiam9iTG9jYXRpb24iOiJlYXN0dXMifQ?api-version=2017-05-10"
        ],
        "Retry-After": [
          "15"
        ],
        "x-ms-ratelimit-remaining-subscription-reads": [
          "14954"
        ],
        "x-ms-request-id": [
          "3d831dbe-c2eb-48d3-a4e8-9f4f65b33816"
        ],
        "x-ms-correlation-request-id": [
          "3d831dbe-c2eb-48d3-a4e8-9f4f65b33816"
        ],
        "x-ms-routing-request-id": [
          "WESTCENTRALUS:20170710T232920Z:3d831dbe-c2eb-48d3-a4e8-9f4f65b33816"
        ],
        "Strict-Transport-Security": [
          "max-age=31536000; includeSubDomains"
        ]
      },
      "StatusCode": 202
    },
    {
      "RequestUri": "/subscriptions/18b0dc06-a2b8-4c0f-95af-550319fa5eac/operationresults/eyJqb2JJZCI6IlJFU09VUkNFR1JPVVBERUxFVElPTkpPQi1DU01SRzcyMjAtRUFTVFVTIiwiam9iTG9jYXRpb24iOiJlYXN0dXMifQ?api-version=2017-05-10",
      "EncodedRequestUri": "L3N1YnNjcmlwdGlvbnMvMThiMGRjMDYtYTJiOC00YzBmLTk1YWYtNTUwMzE5ZmE1ZWFjL29wZXJhdGlvbnJlc3VsdHMvZXlKcWIySkpaQ0k2SWxKRlUwOVZVa05GUjFKUFZWQkVSVXhGVkVsUFRrcFBRaTFEVTAxU1J6Y3lNakF0UlVGVFZGVlRJaXdpYW05aVRHOWpZWFJwYjI0aU9pSmxZWE4wZFhNaWZRP2FwaS12ZXJzaW9uPTIwMTctMDUtMTA=",
      "RequestMethod": "GET",
      "RequestBody": "",
      "RequestHeaders": {
        "User-Agent": [
          "FxVersion/4.6.25211.01",
          "Microsoft.Azure.Management.ResourceManager.ResourceManagementClient/1.6.0.0"
        ]
      },
      "ResponseBody": "",
      "ResponseHeaders": {
        "Content-Length": [
          "0"
        ],
        "Expires": [
          "-1"
        ],
        "Cache-Control": [
          "no-cache"
        ],
        "Date": [
          "Mon, 10 Jul 2017 23:29:49 GMT"
        ],
        "Pragma": [
          "no-cache"
        ],
        "Location": [
          "https://management.azure.com/subscriptions/18b0dc06-a2b8-4c0f-95af-550319fa5eac/operationresults/eyJqb2JJZCI6IlJFU09VUkNFR1JPVVBERUxFVElPTkpPQi1DU01SRzcyMjAtRUFTVFVTIiwiam9iTG9jYXRpb24iOiJlYXN0dXMifQ?api-version=2017-05-10"
        ],
        "Retry-After": [
          "15"
        ],
        "x-ms-ratelimit-remaining-subscription-reads": [
          "14953"
        ],
        "x-ms-request-id": [
          "c4f345ab-e5ea-41eb-bcc9-11d6522ceb42"
        ],
        "x-ms-correlation-request-id": [
          "c4f345ab-e5ea-41eb-bcc9-11d6522ceb42"
        ],
        "x-ms-routing-request-id": [
          "WESTCENTRALUS:20170710T232950Z:c4f345ab-e5ea-41eb-bcc9-11d6522ceb42"
        ],
        "Strict-Transport-Security": [
          "max-age=31536000; includeSubDomains"
        ]
      },
      "StatusCode": 202
    },
    {
      "RequestUri": "/subscriptions/18b0dc06-a2b8-4c0f-95af-550319fa5eac/operationresults/eyJqb2JJZCI6IlJFU09VUkNFR1JPVVBERUxFVElPTkpPQi1DU01SRzcyMjAtRUFTVFVTIiwiam9iTG9jYXRpb24iOiJlYXN0dXMifQ?api-version=2017-05-10",
      "EncodedRequestUri": "L3N1YnNjcmlwdGlvbnMvMThiMGRjMDYtYTJiOC00YzBmLTk1YWYtNTUwMzE5ZmE1ZWFjL29wZXJhdGlvbnJlc3VsdHMvZXlKcWIySkpaQ0k2SWxKRlUwOVZVa05GUjFKUFZWQkVSVXhGVkVsUFRrcFBRaTFEVTAxU1J6Y3lNakF0UlVGVFZGVlRJaXdpYW05aVRHOWpZWFJwYjI0aU9pSmxZWE4wZFhNaWZRP2FwaS12ZXJzaW9uPTIwMTctMDUtMTA=",
      "RequestMethod": "GET",
      "RequestBody": "",
      "RequestHeaders": {
        "User-Agent": [
          "FxVersion/4.6.25211.01",
          "Microsoft.Azure.Management.ResourceManager.ResourceManagementClient/1.6.0.0"
        ]
      },
      "ResponseBody": "",
      "ResponseHeaders": {
        "Content-Length": [
          "0"
        ],
        "Expires": [
          "-1"
        ],
        "Cache-Control": [
          "no-cache"
        ],
        "Date": [
          "Mon, 10 Jul 2017 23:30:20 GMT"
        ],
        "Pragma": [
          "no-cache"
        ],
        "x-ms-ratelimit-remaining-subscription-reads": [
          "14959"
        ],
        "x-ms-request-id": [
          "e1aab734-9030-4254-8916-2f482dc9c03c"
        ],
        "x-ms-correlation-request-id": [
          "e1aab734-9030-4254-8916-2f482dc9c03c"
        ],
        "x-ms-routing-request-id": [
          "WESTCENTRALUS:20170710T233020Z:e1aab734-9030-4254-8916-2f482dc9c03c"
        ],
        "Strict-Transport-Security": [
          "max-age=31536000; includeSubDomains"
        ]
      },
      "StatusCode": 200
    }
  ],
  "Names": {
    "RouteFilterApiTest": [
      "csmrg7220"
    ]
  },
  "Variables": {
    "SubscriptionId": "18b0dc06-a2b8-4c0f-95af-550319fa5eac"
  }
}