{
  "Entries": [
    {
      "RequestUri": "https://fakeHost.api.wus2.digitaltwins.azure.net/digitaltwins/roomTwin1505413935?api-version=2022-05-31",
      "RequestMethod": "GET",
      "RequestHeaders": {
        "Accept": "application/json",
        "Authorization": "Sanitized",
        "traceparent": "00-a005234fbd9f15ae25687908577c8b8f-491400eb7ce2f542-00",
        "User-Agent": "azsdk-net-DigitalTwins.Core/1.4.0-alpha.20220525.1 (.NET 6.0.5; Microsoft Windows 10.0.19044)",
        "x-ms-client-request-id": "a60a38f0ea8a647fb085a4bc31940735",
        "x-ms-return-client-request-id": "true"
      },
      "RequestBody": null,
      "StatusCode": 404,
      "ResponseHeaders": {
        "Content-Length": "272",
        "Content-Type": "application/json; charset=utf-8",
        "Date": "Thu, 26 May 2022 01:31:03 GMT",
        "Strict-Transport-Security": "max-age=2592000",
        "traceresponse": "00-a005234fbd9f15ae25687908577c8b8f-f5ae94dc3beb5946-01"
      },
      "ResponseBody": {
        "error": {
          "code": "DigitalTwinNotFound",
          "message": "There is no digital twin instance that exists with the ID roomTwin1505413935. Please verify that the twin id is valid and ensure that the twin is not deleted. See section on querying the twins https://aka.ms/adtv2query."
        }
      }
    },
    {
      "RequestUri": "https://fakeHost.api.wus2.digitaltwins.azure.net/models/dtmi%3Aexample%3Afloor%3B12054359?includeModelDefinition=true\u0026api-version=2022-05-31",
      "RequestMethod": "GET",
      "RequestHeaders": {
        "Accept": "application/json",
        "Authorization": "Sanitized",
        "traceparent": "00-e8c6ce7351e85e669ee838d1da78e178-2d79ea05459e64e0-00",
        "User-Agent": "azsdk-net-DigitalTwins.Core/1.4.0-alpha.20220525.1 (.NET 6.0.5; Microsoft Windows 10.0.19044)",
        "x-ms-client-request-id": "c25c2337b645fc2d586511f906889010",
        "x-ms-return-client-request-id": "true"
      },
      "RequestBody": null,
      "StatusCode": 404,
      "ResponseHeaders": {
        "Content-Length": "212",
        "Content-Type": "application/json; charset=utf-8",
        "Date": "Thu, 26 May 2022 01:31:03 GMT",
        "mise-correlation-id": "908a923f-2058-4d16-9051-336d2675390f",
        "Strict-Transport-Security": "max-age=2592000",
        "traceresponse": "00-e8c6ce7351e85e669ee838d1da78e178-290698815e69644e-01"
      },
      "ResponseBody": {
        "error": {
          "code": "ModelNotFound",
          "message": "There is no Model(s) available that matches the provided id(s) dtmi:example:floor;12054359. Check that the Model ID provided is valid by doing a Model_List API call."
        }
      }
    },
    {
      "RequestUri": "https://fakeHost.api.wus2.digitaltwins.azure.net/models/dtmi%3Aexample%3Aroom%3B118268448?includeModelDefinition=true\u0026api-version=2022-05-31",
      "RequestMethod": "GET",
      "RequestHeaders": {
        "Accept": "application/json",
        "Authorization": "Sanitized",
        "traceparent": "00-60ab1e869a006aa45b54879db1b9e5e0-99f4d0b93977ecb3-00",
        "User-Agent": "azsdk-net-DigitalTwins.Core/1.4.0-alpha.20220525.1 (.NET 6.0.5; Microsoft Windows 10.0.19044)",
        "x-ms-client-request-id": "8e7b7d609723a4f4e11c02ddfdfd86a3",
        "x-ms-return-client-request-id": "true"
      },
      "RequestBody": null,
      "StatusCode": 404,
      "ResponseHeaders": {
        "Content-Length": "212",
        "Content-Type": "application/json; charset=utf-8",
        "Date": "Thu, 26 May 2022 01:31:03 GMT",
        "mise-correlation-id": "b32d989c-6044-4e66-aa23-14de11ea68cc",
        "Strict-Transport-Security": "max-age=2592000",
        "traceresponse": "00-60ab1e869a006aa45b54879db1b9e5e0-94c61f841db0cc43-01"
      },
      "ResponseBody": {
        "error": {
          "code": "ModelNotFound",
          "message": "There is no Model(s) available that matches the provided id(s) dtmi:example:room;118268448. Check that the Model ID provided is valid by doing a Model_List API call."
        }
      }
    },
    {
      "RequestUri": "https://fakeHost.api.wus2.digitaltwins.azure.net/models?api-version=2022-05-31",
      "RequestMethod": "POST",
      "RequestHeaders": {
        "Accept": "application/json",
        "Authorization": "Sanitized",
        "Content-Length": "804",
        "Content-Type": "application/json",
        "traceparent": "00-c1fa885e617921fc1dcfb6e15c9fb6a6-f80d5c7927fb1db8-00",
        "User-Agent": "azsdk-net-DigitalTwins.Core/1.4.0-alpha.20220525.1 (.NET 6.0.5; Microsoft Windows 10.0.19044)",
        "x-ms-client-request-id": "8ae8d422aa6ddd82a932846e6ba9fd13",
        "x-ms-return-client-request-id": "true"
      },
      "RequestBody": "[{    \u0022@id\u0022: \u0022dtmi:example:room;118268448\u0022,    \u0022@type\u0022: \u0022Interface\u0022,    \u0022displayName\u0022: \u0022Room\u0022,    \u0022description\u0022: \u0022An enclosure inside a building.\u0022,    \u0022contents\u0022: [        {            \u0022@type\u0022: \u0022Relationship\u0022,            \u0022name\u0022: \u0022containedIn\u0022,            \u0022target\u0022: \u0022dtmi:example:floor;12054359\u0022        },        {            \u0022@type\u0022: \u0022Property\u0022,            \u0022name\u0022: \u0022Temperature\u0022,            \u0022schema\u0022: \u0022double\u0022        },        {            \u0022@type\u0022: \u0022Property\u0022,            \u0022name\u0022: \u0022Humidity\u0022,            \u0022schema\u0022: \u0022double\u0022        },        {            \u0022@type\u0022: \u0022Property\u0022,            \u0022name\u0022: \u0022IsOccupied\u0022,            \u0022schema\u0022: \u0022boolean\u0022        },        {            \u0022@type\u0022: \u0022Property\u0022,            \u0022name\u0022: \u0022EmployeeId\u0022,            \u0022schema\u0022: \u0022string\u0022        }    ],    \u0022@context\u0022: \u0022dtmi:dtdl:context;2\u0022}]",
      "StatusCode": 201,
      "ResponseHeaders": {
        "Content-Length": "199",
        "Content-Type": "application/json; charset=utf-8",
        "Date": "Thu, 26 May 2022 01:31:03 GMT",
        "mise-correlation-id": "9a4307c0-5af3-43ee-9dc5-af5fd15d36d0",
        "Strict-Transport-Security": "max-age=2592000",
        "traceresponse": "00-c1fa885e617921fc1dcfb6e15c9fb6a6-e289b9df73641641-01"
      },
      "ResponseBody": "[{\u0022id\u0022:\u0022dtmi:example:room;118268448\u0022,\u0022description\u0022:{\u0022en-US\u0022:\u0022An enclosure inside a building.\u0022},\u0022displayName\u0022:{\u0022en-US\u0022:\u0022Room\u0022},\u0022decommissioned\u0022:false,\u0022uploadTime\u0022:\u00222022-05-26T01:31:04.0991503\u002B00:00\u0022}]"
    },
    {
      "RequestUri": "https://fakeHost.api.wus2.digitaltwins.azure.net/models?includeModelDefinition=false\u0026api-version=2022-05-31",
      "RequestMethod": "GET",
      "RequestHeaders": {
        "Accept": "application/json",
        "Authorization": "Sanitized",
        "traceparent": "00-da531256f84a166dab27bdcae89534f4-7f657246d351f516-00",
        "User-Agent": "azsdk-net-DigitalTwins.Core/1.4.0-alpha.20220525.1 (.NET 6.0.5; Microsoft Windows 10.0.19044)",
        "x-ms-client-request-id": "893355ab02b98c13681e63992a1f5b68",
        "x-ms-return-client-request-id": "true"
      },
      "RequestBody": null,
      "StatusCode": 200,
      "ResponseHeaders": {
        "Content-Length": "14434",
        "Content-Type": "application/json; charset=utf-8",
        "Date": "Thu, 26 May 2022 01:31:04 GMT",
        "mise-correlation-id": "1c50a330-9bf9-457d-a8e6-5125f7898747",
        "Strict-Transport-Security": "max-age=2592000",
        "traceresponse": "00-da531256f84a166dab27bdcae89534f4-3f31b1520b9d444f-01"
      },
      "ResponseBody": {
        "value": [
          {
            "id": "dtmi:example:Ward;113089428",
            "description": {
              "en-US": "A separate partition in a building, made of rooms and hallways."
            },
            "displayName": {
              "en-US": "Ward"
            },
            "decommissioned": false,
            "uploadTime": "2022-05-26T01:04:05.1560817\u002B00:00"
          },
          {
            "id": "dtmi:example:Ward;115732946",
            "description": {
              "en-US": "A separate partition in a building, made of rooms and hallways."
            },
            "displayName": {
              "en-US": "Ward"
            },
            "decommissioned": false,
            "uploadTime": "2022-05-26T01:04:05.1564508\u002B00:00"
          },
          {
            "id": "dtmi:example:room;116996374",
            "description": {
              "en-US": "An enclosure inside a building."
            },
            "displayName": {
              "en-US": "Room"
            },
            "decommissioned": false,
            "uploadTime": "2022-05-26T01:04:05.2459432\u002B00:00"
          },
          {
            "id": "dtmi:example:Ward;113051308",
            "description": {
              "en-US": "A separate partition in a building, made of rooms and hallways."
            },
            "displayName": {
              "en-US": "Ward"
            },
            "decommissioned": false,
            "uploadTime": "2022-05-26T01:04:06.4710299\u002B00:00"
          },
          {
            "id": "dtmi:example:Ward;118338345",
            "description": {
              "en-US": "A separate partition in a building, made of rooms and hallways."
            },
            "displayName": {
              "en-US": "Ward"
            },
            "decommissioned": false,
            "uploadTime": "2022-05-26T01:04:06.4989558\u002B00:00"
          },
          {
            "id": "dtmi:example:Ward;120533237",
            "description": {
              "en-US": "A separate partition in a building, made of rooms and hallways."
            },
            "displayName": {
              "en-US": "Ward"
            },
            "decommissioned": false,
            "uploadTime": "2022-05-26T01:04:28.1998244\u002B00:00"
          },
          {
            "id": "dtmi:example:Ward;115419875",
            "description": {
              "en-US": "A separate partition in a building, made of rooms and hallways."
            },
            "displayName": {
              "en-US": "Ward"
            },
            "decommissioned": false,
            "uploadTime": "2022-05-26T01:04:28.1986666\u002B00:00"
          },
          {
            "id": "dtmi:example:room;195984571",
            "description": {
              "en-US": "An enclosure inside a building."
            },
            "displayName": {
              "en-US": "Room"
            },
            "decommissioned": false,
            "uploadTime": "2022-05-26T01:04:28.2965684\u002B00:00"
          },
          {
            "id": "dtmi:example:room;112551502",
            "description": {
              "en-US": "An enclosure inside a building."
            },
            "displayName": {
              "en-US": "Room"
            },
            "decommissioned": false,
            "uploadTime": "2022-05-26T01:04:28.2969373\u002B00:00"
          },
          {
            "id": "dtmi:example:Ward;115964535",
            "description": {
              "en-US": "A separate partition in a building, made of rooms and hallways."
            },
            "displayName": {
              "en-US": "Ward"
            },
            "decommissioned": false,
            "uploadTime": "2022-05-26T01:04:29.7217809\u002B00:00"
          },
          {
            "id": "dtmi:example:Ward;120501819",
            "description": {
              "en-US": "A separate partition in a building, made of rooms and hallways."
            },
            "displayName": {
              "en-US": "Ward"
            },
            "decommissioned": false,
            "uploadTime": "2022-05-26T01:04:36.0126392\u002B00:00"
          },
          {
            "id": "dtmi:example:Ward;113499165",
            "description": {
              "en-US": "A separate partition in a building, made of rooms and hallways."
            },
            "displayName": {
              "en-US": "Ward"
            },
            "decommissioned": false,
            "uploadTime": "2022-05-26T01:04:45.9064573\u002B00:00"
          },
          {
            "id": "dtmi:example:Ward;118430882",
            "description": {
              "en-US": "A separate partition in a building, made of rooms and hallways."
            },
            "displayName": {
              "en-US": "Ward"
            },
            "decommissioned": false,
            "uploadTime": "2022-05-26T01:04:45.9052853\u002B00:00"
          },
          {
            "id": "dtmi:example:room;156074291",
            "description": {
              "en-US": "An enclosure inside a building."
            },
            "displayName": {
              "en-US": "Room"
            },
            "decommissioned": false,
            "uploadTime": "2022-05-26T01:04:46.0122809\u002B00:00"
          },
          {
            "id": "dtmi:example:room;116468412",
            "description": {
              "en-US": "An enclosure inside a building."
            },
            "displayName": {
              "en-US": "Room"
            },
            "decommissioned": false,
            "uploadTime": "2022-05-26T01:04:46.2159135\u002B00:00"
          },
          {
            "id": "dtmi:example:Ward;111238421",
            "description": {
              "en-US": "A separate partition in a building, made of rooms and hallways."
            },
            "displayName": {
              "en-US": "Ward"
            },
            "decommissioned": false,
            "uploadTime": "2022-05-26T01:04:57.4614451\u002B00:00"
          },
          {
            "id": "dtmi:example:Ward;162349639",
            "description": {
              "en-US": "A separate partition in a building, made of rooms and hallways."
            },
            "displayName": {
              "en-US": "Ward"
            },
            "decommissioned": false,
            "uploadTime": "2022-05-26T01:04:58.3957993\u002B00:00"
          },
          {
            "id": "dtmi:example:room;114477363",
            "description": {
              "en-US": "An enclosure inside a building."
            },
            "displayName": {
              "en-US": "Room"
            },
            "decommissioned": false,
            "uploadTime": "2022-05-26T01:22:02.8985233\u002B00:00"
          },
          {
            "id": "dtmi:example:Ward;116828587",
            "description": {
              "en-US": "A separate partition in a building, made of rooms and hallways."
            },
            "displayName": {
              "en-US": "Ward"
            },
            "decommissioned": false,
            "uploadTime": "2022-05-26T01:24:37.5603036\u002B00:00"
          },
          {
            "id": "dtmi:example:Ward;119433986",
            "description": {
              "en-US": "A separate partition in a building, made of rooms and hallways."
            },
            "displayName": {
              "en-US": "Ward"
            },
            "decommissioned": false,
            "uploadTime": "2022-05-26T01:24:39.2738777\u002B00:00"
          },
          {
            "id": "dtmi:example:Ward;165876710",
            "description": {
              "en-US": "A separate partition in a building, made of rooms and hallways."
            },
            "displayName": {
              "en-US": "Ward"
            },
            "decommissioned": false,
            "uploadTime": "2022-05-26T01:24:39.4443852\u002B00:00"
          },
          {
            "id": "dtmi:example:Ward;114327385",
            "description": {
              "en-US": "A separate partition in a building, made of rooms and hallways."
            },
            "displayName": {
              "en-US": "Ward"
            },
            "decommissioned": false,
            "uploadTime": "2022-05-26T01:25:26.8326049\u002B00:00"
          },
          {
            "id": "dtmi:example:Ward;147349791",
            "description": {
              "en-US": "A separate partition in a building, made of rooms and hallways."
            },
            "displayName": {
              "en-US": "Ward"
            },
            "decommissioned": false,
            "uploadTime": "2022-05-26T01:25:26.8369065\u002B00:00"
          },
          {
            "id": "dtmi:example:room;111656181",
            "description": {
              "en-US": "An enclosure inside a building."
            },
            "displayName": {
              "en-US": "Room"
            },
            "decommissioned": false,
            "uploadTime": "2022-05-26T01:25:26.9016812\u002B00:00"
          },
          {
            "id": "dtmi:example:room;120889419",
            "description": {
              "en-US": "An enclosure inside a building."
            },
            "displayName": {
              "en-US": "Room"
            },
            "decommissioned": false,
            "uploadTime": "2022-05-26T01:25:26.9091913\u002B00:00"
          },
          {
            "id": "dtmi:example:Ward;182444495",
            "description": {
              "en-US": "A separate partition in a building, made of rooms and hallways."
            },
            "displayName": {
              "en-US": "Ward"
            },
            "decommissioned": false,
            "uploadTime": "2022-05-26T01:25:28.3409618\u002B00:00"
          },
          {
            "id": "dtmi:example:Ward;110186241",
            "description": {
              "en-US": "A separate partition in a building, made of rooms and hallways."
            },
            "displayName": {
              "en-US": "Ward"
            },
            "decommissioned": false,
            "uploadTime": "2022-05-26T01:25:41.4002074\u002B00:00"
          },
          {
            "id": "dtmi:example:Ward;121263892",
            "description": {
              "en-US": "A separate partition in a building, made of rooms and hallways."
            },
            "displayName": {
              "en-US": "Ward"
            },
            "decommissioned": false,
            "uploadTime": "2022-05-26T01:26:30.3385268\u002B00:00"
          },
          {
            "id": "dtmi:example:Ward;117590291",
            "description": {
              "en-US": "A separate partition in a building, made of rooms and hallways."
            },
            "displayName": {
              "en-US": "Ward"
            },
            "decommissioned": false,
            "uploadTime": "2022-05-26T01:26:30.3780748\u002B00:00"
          },
          {
            "id": "dtmi:example:room;116394814",
            "description": {
              "en-US": "An enclosure inside a building."
            },
            "displayName": {
              "en-US": "Room"
            },
            "decommissioned": false,
            "uploadTime": "2022-05-26T01:26:30.422606\u002B00:00"
          },
          {
            "id": "dtmi:example:room;114901715",
            "description": {
              "en-US": "An enclosure inside a building."
            },
            "displayName": {
              "en-US": "Room"
            },
            "decommissioned": false,
            "uploadTime": "2022-05-26T01:26:30.4256585\u002B00:00"
          },
          {
            "id": "dtmi:example:Ward;113064017",
            "description": {
              "en-US": "A separate partition in a building, made of rooms and hallways."
            },
            "displayName": {
              "en-US": "Ward"
            },
            "decommissioned": false,
            "uploadTime": "2022-05-26T01:26:31.8307927\u002B00:00"
          },
          {
            "id": "dtmi:example:Ward;149688329",
            "description": {
              "en-US": "A separate partition in a building, made of rooms and hallways."
            },
            "displayName": {
              "en-US": "Ward"
            },
            "decommissioned": false,
            "uploadTime": "2022-05-26T01:26:31.8727908\u002B00:00"
          },
          {
            "id": "dtmi:example:Ward;192503870",
            "description": {
              "en-US": "A separate partition in a building, made of rooms and hallways."
            },
            "displayName": {
              "en-US": "Ward"
            },
            "decommissioned": false,
            "uploadTime": "2022-05-26T01:27:53.7546692\u002B00:00"
          },
          {
            "id": "dtmi:example:room;116991948",
            "description": {
              "en-US": "An enclosure inside a building."
            },
            "displayName": {
              "en-US": "Room"
            },
            "decommissioned": false,
            "uploadTime": "2022-05-26T01:27:54.3238606\u002B00:00"
          },
          {
            "id": "dtmi:example:room;110887815",
            "description": {
              "en-US": "An enclosure inside a building."
            },
            "displayName": {
              "en-US": "Room"
            },
            "decommissioned": false,
            "uploadTime": "2022-05-26T01:27:54.5281579\u002B00:00"
          },
          {
            "id": "dtmi:example:Ward;170364907",
            "description": {
              "en-US": "A separate partition in a building, made of rooms and hallways."
            },
            "displayName": {
              "en-US": "Ward"
            },
            "decommissioned": false,
            "uploadTime": "2022-05-26T01:27:55.7827898\u002B00:00"
          },
          {
            "id": "dtmi:example:Ward;122171957",
            "description": {
              "en-US": "A separate partition in a building, made of rooms and hallways."
            },
            "displayName": {
              "en-US": "Ward"
            },
            "decommissioned": false,
            "uploadTime": "2022-05-26T01:27:55.9241391\u002B00:00"
          },
          {
            "id": "dtmi:example:Ward;113853895",
            "description": {
              "en-US": "A separate partition in a building, made of rooms and hallways."
            },
            "displayName": {
              "en-US": "Ward"
            },
            "decommissioned": false,
            "uploadTime": "2022-05-26T01:28:44.702932\u002B00:00"
          },
          {
            "id": "dtmi:example:Ward;111731230",
            "description": {
              "en-US": "A separate partition in a building, made of rooms and hallways."
            },
            "displayName": {
              "en-US": "Ward"
            },
            "decommissioned": false,
            "uploadTime": "2022-05-26T01:28:44.758547\u002B00:00"
          },
          {
            "id": "dtmi:example:room;131403992",
            "description": {
              "en-US": "An enclosure inside a building."
            },
            "displayName": {
              "en-US": "Room"
            },
            "decommissioned": false,
            "uploadTime": "2022-05-26T01:28:44.7870833\u002B00:00"
          },
          {
            "id": "dtmi:example:room;113730374",
            "description": {
              "en-US": "An enclosure inside a building."
            },
            "displayName": {
              "en-US": "Room"
            },
            "decommissioned": false,
            "uploadTime": "2022-05-26T01:28:44.7882482\u002B00:00"
          },
          {
            "id": "dtmi:example:Ward;112799559",
            "description": {
              "en-US": "A separate partition in a building, made of rooms and hallways."
            },
            "displayName": {
              "en-US": "Ward"
            },
            "decommissioned": false,
            "uploadTime": "2022-05-26T01:28:46.4438184\u002B00:00"
          },
          {
            "id": "dtmi:example:Ward;131962321",
            "description": {
              "en-US": "A separate partition in a building, made of rooms and hallways."
            },
            "displayName": {
              "en-US": "Ward"
            },
            "decommissioned": false,
            "uploadTime": "2022-05-26T01:28:46.4576763\u002B00:00"
          },
          {
            "id": "dtmi:example:Ward;110691591",
            "description": {
              "en-US": "A separate partition in a building, made of rooms and hallways."
            },
            "displayName": {
              "en-US": "Ward"
            },
            "decommissioned": false,
            "uploadTime": "2022-05-26T01:29:32.9152093\u002B00:00"
          },
          {
            "id": "dtmi:example:Ward;115166421",
            "description": {
              "en-US": "A separate partition in a building, made of rooms and hallways."
            },
            "displayName": {
              "en-US": "Ward"
            },
            "decommissioned": false,
            "uploadTime": "2022-05-26T01:29:32.9192784\u002B00:00"
          },
          {
            "id": "dtmi:example:room;112604743",
            "description": {
              "en-US": "An enclosure inside a building."
            },
            "displayName": {
              "en-US": "Room"
            },
            "decommissioned": false,
            "uploadTime": "2022-05-26T01:29:33.005948\u002B00:00"
          },
          {
            "id": "dtmi:example:room;152417684",
            "description": {
              "en-US": "An enclosure inside a building."
            },
            "displayName": {
              "en-US": "Room"
            },
            "decommissioned": false,
            "uploadTime": "2022-05-26T01:29:33.0082778\u002B00:00"
          },
          {
            "id": "dtmi:example:Ward;110574218",
            "description": {
              "en-US": "A separate partition in a building, made of rooms and hallways."
            },
            "displayName": {
              "en-US": "Ward"
            },
            "decommissioned": false,
            "uploadTime": "2022-05-26T01:29:34.2093638\u002B00:00"
          },
          {
            "id": "dtmi:example:Ward;122673013",
            "description": {
              "en-US": "A separate partition in a building, made of rooms and hallways."
            },
            "displayName": {
              "en-US": "Ward"
            },
            "decommissioned": false,
            "uploadTime": "2022-05-26T01:29:45.3662292\u002B00:00"
          },
          {
            "id": "dtmi:example:Ward;157986223",
            "description": {
              "en-US": "A separate partition in a building, made of rooms and hallways."
            },
            "displayName": {
              "en-US": "Ward"
            },
            "decommissioned": false,
            "uploadTime": "2022-05-26T01:30:25.0175945\u002B00:00"
          },
          {
            "id": "dtmi:example:Ward;120315680",
            "description": {
              "en-US": "A separate partition in a building, made of rooms and hallways."
            },
            "displayName": {
              "en-US": "Ward"
            },
            "decommissioned": false,
            "uploadTime": "2022-05-26T01:30:25.0191156\u002B00:00"
          },
          {
            "id": "dtmi:example:room;13077631",
            "description": {
              "en-US": "An enclosure inside a building."
            },
            "displayName": {
              "en-US": "Room"
            },
            "decommissioned": false,
            "uploadTime": "2022-05-26T01:30:25.1034337\u002B00:00"
          },
          {
            "id": "dtmi:example:room;188681473",
            "description": {
              "en-US": "An enclosure inside a building."
            },
            "displayName": {
              "en-US": "Room"
            },
            "decommissioned": false,
            "uploadTime": "2022-05-26T01:30:25.3229058\u002B00:00"
          },
          {
            "id": "dtmi:example:Ward;114701126",
            "description": {
              "en-US": "A separate partition in a building, made of rooms and hallways."
            },
            "displayName": {
              "en-US": "Ward"
            },
            "decommissioned": false,
            "uploadTime": "2022-05-26T01:30:26.4444893\u002B00:00"
          },
          {
            "id": "dtmi:example:Ward;135255533",
            "description": {
              "en-US": "A separate partition in a building, made of rooms and hallways."
            },
            "displayName": {
              "en-US": "Ward"
            },
            "decommissioned": false,
            "uploadTime": "2022-05-26T01:30:26.5512289\u002B00:00"
          },
          {
            "id": "dtmi:example:Ward;163051280",
            "description": {
              "en-US": "A separate partition in a building, made of rooms and hallways."
            },
            "displayName": {
              "en-US": "Ward"
            },
            "decommissioned": false,
            "uploadTime": "2022-05-26T01:30:59.8155797\u002B00:00"
          },
          {
            "id": "dtmi:example:Ward;113869222",
            "description": {
              "en-US": "A separate partition in a building, made of rooms and hallways."
            },
            "displayName": {
              "en-US": "Ward"
            },
            "decommissioned": false,
            "uploadTime": "2022-05-26T01:30:59.8176269\u002B00:00"
          },
          {
            "id": "dtmi:example:room;187010417",
            "description": {
              "en-US": "An enclosure inside a building."
            },
            "displayName": {
              "en-US": "Room"
            },
            "decommissioned": false,
            "uploadTime": "2022-05-26T01:30:59.9030829\u002B00:00"
          },
          {
            "id": "dtmi:example:room;193280219",
            "description": {
              "en-US": "An enclosure inside a building."
            },
            "displayName": {
              "en-US": "Room"
            },
            "decommissioned": false,
            "uploadTime": "2022-05-26T01:30:59.9320113\u002B00:00"
          },
          {
            "id": "dtmi:example:Ward;112523231",
            "description": {
              "en-US": "A separate partition in a building, made of rooms and hallways."
            },
            "displayName": {
              "en-US": "Ward"
            },
            "decommissioned": false,
            "uploadTime": "2022-05-26T01:31:01.1555629\u002B00:00"
          },
          {
            "id": "dtmi:example:Ward;120826678",
            "description": {
              "en-US": "A separate partition in a building, made of rooms and hallways."
            },
            "displayName": {
              "en-US": "Ward"
            },
            "decommissioned": false,
            "uploadTime": "2022-05-26T01:31:01.2267536\u002B00:00"
          },
          {
            "id": "dtmi:example:room;177889497",
            "description": {
              "en-US": "An enclosure inside a building."
            },
            "displayName": {
              "en-US": "Room"
            },
            "decommissioned": false,
            "uploadTime": "2022-05-26T01:31:01.5323637\u002B00:00"
          },
          {
            "id": "dtmi:example:room;110987620",
            "description": {
              "en-US": "An enclosure inside a building."
            },
            "displayName": {
              "en-US": "Room"
            },
            "decommissioned": false,
            "uploadTime": "2022-05-26T01:31:01.6956314\u002B00:00"
          },
          {
            "id": "dtmi:example:room;113218436",
            "description": {
              "en-US": "An enclosure inside a building."
            },
            "displayName": {
              "en-US": "Room"
            },
            "decommissioned": false,
            "uploadTime": "2022-05-26T01:31:03.9330639\u002B00:00"
          },
          {
            "id": "dtmi:example:room;118268448",
            "description": {
              "en-US": "An enclosure inside a building."
            },
            "displayName": {
              "en-US": "Room"
            },
            "decommissioned": false,
            "uploadTime": "2022-05-26T01:31:04.0991503\u002B00:00"
          }
        ],
        "nextLink": null
      }
    },
    {
      "RequestUri": "https://fakeHost.api.wus2.digitaltwins.azure.net/digitaltwins/roomTwin1505413935?api-version=2022-05-31",
      "RequestMethod": "PUT",
      "RequestHeaders": {
        "Accept": "application/json",
        "Authorization": "Sanitized",
        "Content-Length": "154",
        "Content-Type": "application/json",
        "traceparent": "00-5323f45a762c0ed44a76b8b36f26e965-23557881f6f1e83e-00",
        "User-Agent": "azsdk-net-DigitalTwins.Core/1.4.0-alpha.20220525.1 (.NET 6.0.5; Microsoft Windows 10.0.19044)",
        "x-ms-client-request-id": "b4e3558a85a8b56efb9ee4f112853838",
        "x-ms-return-client-request-id": "true"
      },
      "RequestBody": {
        "$dtId": null,
        "$etag": null,
        "$metadata": {
          "$model": "dtmi:example:room;118268448"
        },
        "Temperature": 80,
        "Humidity": 25,
        "IsOccupied": true,
        "EmployeeId": "Employee1"
      },
      "StatusCode": 200,
      "ResponseHeaders": {
        "Content-Length": "510",
        "Content-Type": "application/json; charset=utf-8",
        "Date": "Thu, 26 May 2022 01:31:04 GMT",
        "ETag": "W/\u002283045323-0119-4260-9d0b-b51b1d4377a1\u0022",
        "Strict-Transport-Security": "max-age=2592000",
        "traceresponse": "00-5323f45a762c0ed44a76b8b36f26e965-af00d14bd4889d49-01"
      },
      "ResponseBody": {
        "$dtId": "roomTwin1505413935",
        "$etag": "W/\u002283045323-0119-4260-9d0b-b51b1d4377a1\u0022",
        "Temperature": 80,
        "Humidity": 25,
        "IsOccupied": true,
        "EmployeeId": "Employee1",
        "$metadata": {
          "$model": "dtmi:example:room;118268448",
          "$lastUpdateTime": "2022-05-26T01:31:04.2245320Z",
          "Temperature": {
            "lastUpdateTime": "2022-05-26T01:31:04.2245320Z"
          },
          "Humidity": {
            "lastUpdateTime": "2022-05-26T01:31:04.2245320Z"
          },
          "IsOccupied": {
            "lastUpdateTime": "2022-05-26T01:31:04.2245320Z"
          },
          "EmployeeId": {
            "lastUpdateTime": "2022-05-26T01:31:04.2245320Z"
          }
        }
      }
    },
    {
      "RequestUri": "https://fakeHost.api.wus2.digitaltwins.azure.net/digitaltwins/roomTwin1505413935?api-version=2022-05-31",
      "RequestMethod": "PATCH",
      "RequestHeaders": {
        "Accept": "application/json",
        "Authorization": "Sanitized",
        "Content-Length": "131",
        "Content-Type": "application/json-patch\u002Bjson",
        "If-Match": "*",
        "traceparent": "00-9b89f843bb1256c5c3e06dc19df37168-26753651523ae591-00",
        "User-Agent": "azsdk-net-DigitalTwins.Core/1.4.0-alpha.20220525.1 (.NET 6.0.5; Microsoft Windows 10.0.19044)",
        "x-ms-client-request-id": "a731ee1ffcc920eac05b224f47e8b28a",
        "x-ms-return-client-request-id": "true"
      },
      "RequestBody": "[{\u0022op\u0022:\u0022add\u0022,\u0022path\u0022:\u0022/Humidity\u0022,\u0022value\u0022:30},{\u0022op\u0022:\u0022replace\u0022,\u0022path\u0022:\u0022/Temperature\u0022,\u0022value\u0022:70},{\u0022op\u0022:\u0022remove\u0022,\u0022path\u0022:\u0022/EmployeeId\u0022}]",
      "StatusCode": 204,
      "ResponseHeaders": {
        "Content-Length": "0",
        "Date": "Thu, 26 May 2022 01:31:03 GMT",
        "ETag": "W/\u002278bd5bbe-fb55-48e8-b2bb-35ce2e23be7c\u0022",
        "Strict-Transport-Security": "max-age=2592000",
        "traceresponse": "00-9b89f843bb1256c5c3e06dc19df37168-6bc012988facf848-01"
      },
      "ResponseBody": null
    },
    {
      "RequestUri": "https://fakeHost.api.wus2.digitaltwins.azure.net/digitaltwins/roomTwin1505413935?api-version=2022-05-31",
      "RequestMethod": "GET",
      "RequestHeaders": {
        "Accept": "application/json",
        "Authorization": "Sanitized",
        "traceparent": "00-802bcfecc8aa56d246b2fe6add82b1a2-ce88c086257f104b-00",
        "User-Agent": "azsdk-net-DigitalTwins.Core/1.4.0-alpha.20220525.1 (.NET 6.0.5; Microsoft Windows 10.0.19044)",
        "x-ms-client-request-id": "15e41cd748c5266be77e8e1b1d227ae2",
        "x-ms-return-client-request-id": "true"
      },
      "RequestBody": null,
      "StatusCode": 200,
      "ResponseHeaders": {
        "Content-Length": "422",
        "Content-Type": "application/json; charset=utf-8",
        "Date": "Thu, 26 May 2022 01:31:03 GMT",
        "ETag": "W/\u002278bd5bbe-fb55-48e8-b2bb-35ce2e23be7c\u0022",
        "Strict-Transport-Security": "max-age=2592000",
        "traceresponse": "00-802bcfecc8aa56d246b2fe6add82b1a2-97668512282abb48-01"
      },
      "ResponseBody": {
        "$dtId": "roomTwin1505413935",
        "$etag": "W/\u002278bd5bbe-fb55-48e8-b2bb-35ce2e23be7c\u0022",
        "Temperature": 70,
        "Humidity": 30,
        "IsOccupied": true,
        "$metadata": {
          "$model": "dtmi:example:room;118268448",
          "$lastUpdateTime": "2022-05-26T01:31:04.2761828Z",
          "Temperature": {
            "lastUpdateTime": "2022-05-26T01:31:04.2761828Z"
          },
          "Humidity": {
            "lastUpdateTime": "2022-05-26T01:31:04.2761828Z"
          },
          "IsOccupied": {
            "lastUpdateTime": "2022-05-26T01:31:04.2245320Z"
          }
        }
      }
    },
    {
      "RequestUri": "https://fakeHost.api.wus2.digitaltwins.azure.net/digitaltwins/roomTwin1505413935?api-version=2022-05-31",
      "RequestMethod": "PATCH",
      "RequestHeaders": {
        "Accept": "application/json",
        "Authorization": "Sanitized",
        "Content-Length": "48",
        "Content-Type": "application/json-patch\u002Bjson",
        "If-Match": "W/\u002278bd5bbe-fb55-48e8-b2bb-35ce2e23be7c\u0022",
        "traceparent": "00-e95dfa885d2ae351c2f10b191baf12d6-b511cd62e3804bb3-00",
        "User-Agent": "azsdk-net-DigitalTwins.Core/1.4.0-alpha.20220525.1 (.NET 6.0.5; Microsoft Windows 10.0.19044)",
        "x-ms-client-request-id": "3b792be5b3ee8d9f6bc3f34c631f6e13",
        "x-ms-return-client-request-id": "true"
      },
      "RequestBody": "[{\u0022op\u0022:\u0022replace\u0022,\u0022path\u0022:\u0022/Humidity\u0022,\u0022value\u0022:80}]",
      "StatusCode": 204,
      "ResponseHeaders": {
        "Content-Length": "0",
        "Date": "Thu, 26 May 2022 01:31:03 GMT",
        "ETag": "W/\u0022e32d79bd-5456-46ca-bf17-45cc2edd0a69\u0022",
        "Strict-Transport-Security": "max-age=2592000",
        "traceresponse": "00-e95dfa885d2ae351c2f10b191baf12d6-7c197ebfbe331248-01"
      },
      "ResponseBody": null
    },
    {
      "RequestUri": "https://fakeHost.api.wus2.digitaltwins.azure.net/models/dtmi%3Aexample%3Aroom%3B118268448?api-version=2022-05-31",
      "RequestMethod": "DELETE",
      "RequestHeaders": {
        "Accept": "application/json",
        "Authorization": "Sanitized",
        "traceparent": "00-bc0b04da458c1359a8c9ffda3b3cf6f8-bcd6e77d8391cd61-00",
        "User-Agent": "azsdk-net-DigitalTwins.Core/1.4.0-alpha.20220525.1 (.NET 6.0.5; Microsoft Windows 10.0.19044)",
        "x-ms-client-request-id": "f5195aeb23a1d672820abf4a6ecf029e",
        "x-ms-return-client-request-id": "true"
      },
      "RequestBody": null,
      "StatusCode": 204,
      "ResponseHeaders": {
        "Content-Length": "0",
        "Date": "Thu, 26 May 2022 01:31:03 GMT",
        "mise-correlation-id": "3bdc35ad-828b-4320-afc1-8b4fcc97e279",
        "Strict-Transport-Security": "max-age=2592000",
        "traceresponse": "00-bc0b04da458c1359a8c9ffda3b3cf6f8-bddbe9a6547d9e42-01"
      },
      "ResponseBody": null
    }
  ],
  "Variables": {
    "DIGITALTWINS_URL": "https://fakeHost.api.wus2.digitaltwins.azure.net",
    "RandomSeed": "1777823407"
  }
}
