{
  "Entries": [
    {
      "RequestUri": "https://fakeHost.api.wus2.digitaltwins.azure.net/digitaltwins/roomTwin408427594?api-version=2020-10-31",
      "RequestMethod": "GET",
      "RequestHeaders": {
        "Accept": "application/json",
        "Authorization": "Sanitized",
        "User-Agent": [
          "azsdk-net-DigitalTwins.Core/1.0.0-alpha.20201030.1",
          "(.NET Core 4.6.29321.03; Microsoft Windows 10.0.19042 )"
        ],
        "x-ms-client-request-id": "b361991b58883c89658acb194a4e7bf1",
        "x-ms-return-client-request-id": "true"
      },
      "RequestBody": null,
      "StatusCode": 200,
      "ResponseHeaders": {
        "Content-Length": "460",
        "Content-Type": "application/json; charset=utf-8",
        "Date": "Fri, 30 Oct 2020 16:59:43 GMT",
        "ETag": "W/\u00222f145ed7-aec2-4c7b-803e-a593c7b21efd\u0022",
        "Strict-Transport-Security": "max-age=2592000"
      },
      "ResponseBody": {
        "$dtId": "roomTwin408427594",
        "$etag": "W/\u00222f145ed7-aec2-4c7b-803e-a593c7b21efd\u0022",
        "Temperature": 80,
        "Humidity": 25,
        "IsOccupied": true,
        "EmployeeId": "Employee1",
        "$metadata": {
          "$model": "dtmi:example:room;194463124",
          "Temperature": {
            "lastUpdateTime": "2020-10-30T16:55:30.0534162Z"
          },
          "Humidity": {
            "lastUpdateTime": "2020-10-30T16:55:30.0534162Z"
          },
          "IsOccupied": {
            "lastUpdateTime": "2020-10-30T16:55:30.0534162Z"
          },
          "EmployeeId": {
            "lastUpdateTime": "2020-10-30T16:55:30.0534162Z"
          }
        }
      }
    },
    {
      "RequestUri": "https://fakeHost.api.wus2.digitaltwins.azure.net/digitaltwins/roomTwin1622672324?api-version=2020-10-31",
      "RequestMethod": "GET",
      "RequestHeaders": {
        "Accept": "application/json",
        "Authorization": "Sanitized",
        "User-Agent": [
          "azsdk-net-DigitalTwins.Core/1.0.0-alpha.20201030.1",
          "(.NET Core 4.6.29321.03; Microsoft Windows 10.0.19042 )"
        ],
        "x-ms-client-request-id": "72263d85f75705bae2073df38da0b834",
        "x-ms-return-client-request-id": "true"
      },
      "RequestBody": null,
      "StatusCode": 404,
      "ResponseHeaders": {
        "Content-Length": "271",
        "Content-Type": "application/json; charset=utf-8",
        "Date": "Fri, 30 Oct 2020 16:59:43 GMT",
        "Strict-Transport-Security": "max-age=2592000"
      },
      "ResponseBody": {
        "error": {
          "code": "DigitalTwinNotFound",
          "message": "There is no digital twin instance that exists with the ID roomTwin1622672324. Please verify that the twin id is valid and ensure that the twin is not deleted. See section on querying the twins http://aka.ms/adtv2query."
        }
      }
    },
    {
      "RequestUri": "https://fakeHost.api.wus2.digitaltwins.azure.net/models/dtmi%3Aexample%3Afloor%3B19446312?includeModelDefinition=true\u0026api-version=2020-10-31",
      "RequestMethod": "GET",
      "RequestHeaders": {
        "Accept": "application/json",
        "Authorization": "Sanitized",
        "User-Agent": [
          "azsdk-net-DigitalTwins.Core/1.0.0-alpha.20201030.1",
          "(.NET Core 4.6.29321.03; Microsoft Windows 10.0.19042 )"
        ],
        "x-ms-client-request-id": "2a8063bd59e2708aa1afffd12a0d9666",
        "x-ms-return-client-request-id": "true"
      },
      "RequestBody": null,
      "StatusCode": 404,
      "ResponseHeaders": {
        "Content-Length": "212",
        "Content-Type": "application/json; charset=utf-8",
        "Date": "Fri, 30 Oct 2020 16:59:43 GMT",
        "Strict-Transport-Security": "max-age=2592000"
      },
      "ResponseBody": {
        "error": {
          "code": "ModelNotFound",
          "message": "There is no Model(s) available that matches the provided id(s) dtmi:example:floor;19446312. Check that the Model ID provided is valid by doing a Model_List API call."
        }
      }
    },
    {
      "RequestUri": "https://fakeHost.api.wus2.digitaltwins.azure.net/models/dtmi%3Aexample%3Aroom%3B189550967?includeModelDefinition=true\u0026api-version=2020-10-31",
      "RequestMethod": "GET",
      "RequestHeaders": {
        "Accept": "application/json",
        "Authorization": "Sanitized",
        "User-Agent": [
          "azsdk-net-DigitalTwins.Core/1.0.0-alpha.20201030.1",
          "(.NET Core 4.6.29321.03; Microsoft Windows 10.0.19042 )"
        ],
        "x-ms-client-request-id": "d7337aa1a2c4ada6a5504c49d8e912e5",
        "x-ms-return-client-request-id": "true"
      },
      "RequestBody": null,
      "StatusCode": 404,
      "ResponseHeaders": {
        "Content-Length": "212",
        "Content-Type": "application/json; charset=utf-8",
        "Date": "Fri, 30 Oct 2020 16:59:43 GMT",
        "Strict-Transport-Security": "max-age=2592000"
      },
      "ResponseBody": {
        "error": {
          "code": "ModelNotFound",
          "message": "There is no Model(s) available that matches the provided id(s) dtmi:example:room;189550967. Check that the Model ID provided is valid by doing a Model_List API call."
        }
      }
    },
    {
      "RequestUri": "https://fakeHost.api.wus2.digitaltwins.azure.net/models?api-version=2020-10-31",
      "RequestMethod": "POST",
      "RequestHeaders": {
        "Accept": "application/json",
        "Authorization": "Sanitized",
        "Content-Length": "804",
        "Content-Type": "application/json",
        "User-Agent": [
          "azsdk-net-DigitalTwins.Core/1.0.0-alpha.20201030.1",
          "(.NET Core 4.6.29321.03; Microsoft Windows 10.0.19042 )"
        ],
        "x-ms-client-request-id": "7117907aa2999ce301b648bb34b8faa6",
        "x-ms-return-client-request-id": "true"
      },
      "RequestBody": "[{    \u0022@id\u0022: \u0022dtmi:example:room;189550967\u0022,    \u0022@type\u0022: \u0022Interface\u0022,    \u0022displayName\u0022: \u0022Room\u0022,    \u0022description\u0022: \u0022An enclosure inside a building.\u0022,    \u0022contents\u0022: [        {            \u0022@type\u0022: \u0022Relationship\u0022,            \u0022name\u0022: \u0022containedIn\u0022,            \u0022target\u0022: \u0022dtmi:example:floor;19446312\u0022        },        {            \u0022@type\u0022: \u0022Property\u0022,            \u0022name\u0022: \u0022Temperature\u0022,            \u0022schema\u0022: \u0022double\u0022        },        {            \u0022@type\u0022: \u0022Property\u0022,            \u0022name\u0022: \u0022Humidity\u0022,            \u0022schema\u0022: \u0022double\u0022        },        {            \u0022@type\u0022: \u0022Property\u0022,            \u0022name\u0022: \u0022IsOccupied\u0022,            \u0022schema\u0022: \u0022boolean\u0022        },        {            \u0022@type\u0022: \u0022Property\u0022,            \u0022name\u0022: \u0022EmployeeId\u0022,            \u0022schema\u0022: \u0022string\u0022        }    ],    \u0022@context\u0022: \u0022dtmi:dtdl:context;2\u0022}]",
      "StatusCode": 201,
      "ResponseHeaders": {
        "Content-Length": "192",
        "Content-Type": "application/json; charset=utf-8",
        "Date": "Fri, 30 Oct 2020 16:59:43 GMT",
        "Strict-Transport-Security": "max-age=2592000"
      },
      "ResponseBody": "[{\u0022id\u0022:\u0022dtmi:example:room;189550967\u0022,\u0022description\u0022:{\u0022en\u0022:\u0022An enclosure inside a building.\u0022},\u0022displayName\u0022:{\u0022en\u0022:\u0022Room\u0022},\u0022decommissioned\u0022:false,\u0022uploadTime\u0022:\u00222020-10-30T16:59:44.035947\u002B00:00\u0022}]"
    },
    {
      "RequestUri": "https://fakeHost.api.wus2.digitaltwins.azure.net/digitaltwins/roomTwin1622672324?api-version=2020-10-31",
      "RequestMethod": "PUT",
      "RequestHeaders": {
        "Accept": "application/json",
        "Authorization": "Sanitized",
        "Content-Length": "154",
        "Content-Type": "application/json",
        "User-Agent": [
          "azsdk-net-DigitalTwins.Core/1.0.0-alpha.20201030.1",
          "(.NET Core 4.6.29321.03; Microsoft Windows 10.0.19042 )"
        ],
        "x-ms-client-request-id": "3dffe28cf800c1f9d97d3d083e26c8c6",
        "x-ms-return-client-request-id": "true"
      },
      "RequestBody": {
        "$dtId": null,
        "$etag": null,
        "$metadata": {
          "$model": "dtmi:example:room;189550967"
        },
        "Temperature": 80,
        "Humidity": 25,
        "IsOccupied": true,
        "EmployeeId": "Employee1"
      },
      "StatusCode": 200,
      "ResponseHeaders": {
        "Content-Length": "461",
        "Content-Type": "application/json; charset=utf-8",
        "Date": "Fri, 30 Oct 2020 16:59:43 GMT",
        "ETag": "W/\u00224ad6814a-a6be-4a5f-8958-9c060d0b9383\u0022",
        "Strict-Transport-Security": "max-age=2592000"
      },
      "ResponseBody": {
        "$dtId": "roomTwin1622672324",
        "$etag": "W/\u00224ad6814a-a6be-4a5f-8958-9c060d0b9383\u0022",
        "Temperature": 80,
        "Humidity": 25,
        "IsOccupied": true,
        "EmployeeId": "Employee1",
        "$metadata": {
          "$model": "dtmi:example:room;189550967",
          "Temperature": {
            "lastUpdateTime": "2020-10-30T16:59:44.1869231Z"
          },
          "Humidity": {
            "lastUpdateTime": "2020-10-30T16:59:44.1869231Z"
          },
          "IsOccupied": {
            "lastUpdateTime": "2020-10-30T16:59:44.1869231Z"
          },
          "EmployeeId": {
            "lastUpdateTime": "2020-10-30T16:59:44.1869231Z"
          }
        }
      }
    },
    {
      "RequestUri": "https://fakeHost.api.wus2.digitaltwins.azure.net/digitaltwins/roomTwin1622672324?api-version=2020-10-31",
      "RequestMethod": "PUT",
      "RequestHeaders": {
        "Accept": "application/json",
        "Authorization": "Sanitized",
        "Content-Length": "154",
        "Content-Type": "application/json",
        "If-None-Match": "*",
        "User-Agent": [
          "azsdk-net-DigitalTwins.Core/1.0.0-alpha.20201030.1",
          "(.NET Core 4.6.29321.03; Microsoft Windows 10.0.19042 )"
        ],
        "x-ms-client-request-id": "7cb0ebecf57eff109797d50e5aea78ed",
        "x-ms-return-client-request-id": "true"
      },
      "RequestBody": {
        "$dtId": null,
        "$etag": null,
        "$metadata": {
          "$model": "dtmi:example:room;189550967"
        },
        "Temperature": 80,
        "Humidity": 25,
        "IsOccupied": true,
        "EmployeeId": "Employee1"
      },
      "StatusCode": 412,
      "ResponseHeaders": {
        "Content-Length": "178",
        "Content-Type": "application/json; charset=utf-8",
        "Date": "Fri, 30 Oct 2020 16:59:43 GMT",
        "Strict-Transport-Security": "max-age=2592000"
      },
      "ResponseBody": {
        "error": {
          "code": "PreconditionFailed",
          "message": "If-None-Match: * header was specified but a twin with the id roomTwin1622672324 was found. Please specify a different twin id."
        }
      }
    },
    {
      "RequestUri": "https://fakeHost.api.wus2.digitaltwins.azure.net/models/dtmi%3Aexample%3Aroom%3B189550967?api-version=2020-10-31",
      "RequestMethod": "DELETE",
      "RequestHeaders": {
        "Accept": "application/json",
        "Authorization": "Sanitized",
        "User-Agent": [
          "azsdk-net-DigitalTwins.Core/1.0.0-alpha.20201030.1",
          "(.NET Core 4.6.29321.03; Microsoft Windows 10.0.19042 )"
        ],
        "x-ms-client-request-id": "f5bca556d4ea81e59756971c65db5ddb",
        "x-ms-return-client-request-id": "true"
      },
      "RequestBody": null,
      "StatusCode": 204,
      "ResponseHeaders": {
        "Content-Length": "0",
        "Date": "Fri, 30 Oct 2020 16:59:43 GMT",
        "Strict-Transport-Security": "max-age=2592000"
      },
      "ResponseBody": []
    }
  ],
  "Variables": {
    "DIGITALTWINS_URL": "https://fakeHost.api.wus2.digitaltwins.azure.net",
    "RandomSeed": "1100415194"
  }
}