{
  "Entries": [
    {
      "RequestUri": "https://fakeHost.api.wus2.digitaltwins.azure.net/digitaltwins/roomTwin980686438?api-version=2020-10-31",
      "RequestMethod": "GET",
      "RequestHeaders": {
        "Accept": "application/json",
        "Authorization": "Sanitized",
        "User-Agent": [
          "azsdk-net-DigitalTwins.Core/1.0.0-alpha.20201026.1",
          "(.NET Core 4.6.29130.01; Microsoft Windows 10.0.17134 )"
        ],
        "x-ms-client-request-id": "f89a1358885c5a4d7e27bd45b3ae8b8a",
        "x-ms-return-client-request-id": "true"
      },
      "RequestBody": null,
      "StatusCode": 200,
      "ResponseHeaders": {
        "Content-Length": "424",
        "Content-Type": "application/json; charset=utf-8",
        "Date": "Mon, 26 Oct 2020 21:06:53 GMT",
        "ETag": "W/\u002250e651e1-c284-476a-97cd-65daa086e425\u0022",
        "Strict-Transport-Security": "max-age=2592000"
      },
      "ResponseBody": {
        "$dtId": "roomTwin980686438",
        "$etag": "W/\u002250e651e1-c284-476a-97cd-65daa086e425\u0022",
        "Temperature": 80,
        "Humidity": 25,
        "IsOccupied": true,
        "EmployeeId": "Employee1",
        "$metadata": {
          "$model": "dtmi:example:room;135050739",
          "Temperature": {
            "lastUpdateTime": "10/23/2020 21:22:04"
          },
          "Humidity": {
            "lastUpdateTime": "10/23/2020 21:22:04"
          },
          "IsOccupied": {
            "lastUpdateTime": "10/23/2020 21:22:04"
          },
          "EmployeeId": {
            "lastUpdateTime": "10/23/2020 21:22:04"
          }
        }
      }
    },
    {
      "RequestUri": "https://fakeHost.api.wus2.digitaltwins.azure.net/digitaltwins/roomTwin984822339?api-version=2020-10-31",
      "RequestMethod": "GET",
      "RequestHeaders": {
        "Accept": "application/json",
        "Authorization": "Sanitized",
        "User-Agent": [
          "azsdk-net-DigitalTwins.Core/1.0.0-alpha.20201026.1",
          "(.NET Core 4.6.29130.01; Microsoft Windows 10.0.17134 )"
        ],
        "x-ms-client-request-id": "7091dd268409dfe995f799a112d9b79d",
        "x-ms-return-client-request-id": "true"
      },
      "RequestBody": null,
      "StatusCode": 404,
      "ResponseHeaders": {
        "Content-Length": "270",
        "Content-Type": "application/json; charset=utf-8",
        "Date": "Mon, 26 Oct 2020 21:06:53 GMT",
        "Strict-Transport-Security": "max-age=2592000"
      },
      "ResponseBody": {
        "error": {
          "code": "DigitalTwinNotFound",
          "message": "There is no digital twin instance that exists with the ID roomTwin984822339. Please verify that the twin id is valid and ensure that the twin is not deleted. See section on querying the twins http://aka.ms/adtv2query."
        }
      }
    },
    {
      "RequestUri": "https://fakeHost.api.wus2.digitaltwins.azure.net/models/dtmi%3Aexample%3Afloor%3B13505073?includeModelDefinition=true\u0026api-version=2020-10-31",
      "RequestMethod": "GET",
      "RequestHeaders": {
        "Accept": "application/json",
        "Authorization": "Sanitized",
        "User-Agent": [
          "azsdk-net-DigitalTwins.Core/1.0.0-alpha.20201026.1",
          "(.NET Core 4.6.29130.01; Microsoft Windows 10.0.17134 )"
        ],
        "x-ms-client-request-id": "4d548383587aa8ee0c7129c7e9837488",
        "x-ms-return-client-request-id": "true"
      },
      "RequestBody": null,
      "StatusCode": 404,
      "ResponseHeaders": {
        "Content-Length": "212",
        "Content-Type": "application/json; charset=utf-8",
        "Date": "Mon, 26 Oct 2020 21:06:53 GMT",
        "Strict-Transport-Security": "max-age=2592000"
      },
      "ResponseBody": {
        "error": {
          "code": "ModelNotFound",
          "message": "There is no Model(s) available that matches the provided id(s) dtmi:example:floor;13505073. Check that the Model ID provided is valid by doing a Model_List API call."
        }
      }
    },
    {
      "RequestUri": "https://fakeHost.api.wus2.digitaltwins.azure.net/models/dtmi%3Aexample%3Aroom%3B177841886?includeModelDefinition=true\u0026api-version=2020-10-31",
      "RequestMethod": "GET",
      "RequestHeaders": {
        "Accept": "application/json",
        "Authorization": "Sanitized",
        "User-Agent": [
          "azsdk-net-DigitalTwins.Core/1.0.0-alpha.20201026.1",
          "(.NET Core 4.6.29130.01; Microsoft Windows 10.0.17134 )"
        ],
        "x-ms-client-request-id": "f665dcb48f4f19b0c690b4b96b4e05a7",
        "x-ms-return-client-request-id": "true"
      },
      "RequestBody": null,
      "StatusCode": 404,
      "ResponseHeaders": {
        "Content-Length": "212",
        "Content-Type": "application/json; charset=utf-8",
        "Date": "Mon, 26 Oct 2020 21:06:53 GMT",
        "Strict-Transport-Security": "max-age=2592000"
      },
      "ResponseBody": {
        "error": {
          "code": "ModelNotFound",
          "message": "There is no Model(s) available that matches the provided id(s) dtmi:example:room;177841886. Check that the Model ID provided is valid by doing a Model_List API call."
        }
      }
    },
    {
      "RequestUri": "https://fakeHost.api.wus2.digitaltwins.azure.net/models?api-version=2020-10-31",
      "RequestMethod": "POST",
      "RequestHeaders": {
        "Accept": "application/json",
        "Authorization": "Sanitized",
        "Content-Length": "804",
        "Content-Type": "application/json",
        "User-Agent": [
          "azsdk-net-DigitalTwins.Core/1.0.0-alpha.20201026.1",
          "(.NET Core 4.6.29130.01; Microsoft Windows 10.0.17134 )"
        ],
        "x-ms-client-request-id": "35082b2eabf6a384c8fc13bf17ab7425",
        "x-ms-return-client-request-id": "true"
      },
      "RequestBody": "[{    \u0022@id\u0022: \u0022dtmi:example:room;177841886\u0022,    \u0022@type\u0022: \u0022Interface\u0022,    \u0022displayName\u0022: \u0022Room\u0022,    \u0022description\u0022: \u0022An enclosure inside a building.\u0022,    \u0022contents\u0022: [        {            \u0022@type\u0022: \u0022Relationship\u0022,            \u0022name\u0022: \u0022containedIn\u0022,            \u0022target\u0022: \u0022dtmi:example:floor;13505073\u0022        },        {            \u0022@type\u0022: \u0022Property\u0022,            \u0022name\u0022: \u0022Temperature\u0022,            \u0022schema\u0022: \u0022double\u0022        },        {            \u0022@type\u0022: \u0022Property\u0022,            \u0022name\u0022: \u0022Humidity\u0022,            \u0022schema\u0022: \u0022double\u0022        },        {            \u0022@type\u0022: \u0022Property\u0022,            \u0022name\u0022: \u0022IsOccupied\u0022,            \u0022schema\u0022: \u0022boolean\u0022        },        {            \u0022@type\u0022: \u0022Property\u0022,            \u0022name\u0022: \u0022EmployeeId\u0022,            \u0022schema\u0022: \u0022string\u0022        }    ],    \u0022@context\u0022: \u0022dtmi:dtdl:context;2\u0022}]",
      "StatusCode": 201,
      "ResponseHeaders": {
        "Content-Length": "193",
        "Content-Type": "application/json; charset=utf-8",
        "Date": "Mon, 26 Oct 2020 21:06:53 GMT",
        "Strict-Transport-Security": "max-age=2592000"
      },
      "ResponseBody": "[{\u0022id\u0022:\u0022dtmi:example:room;177841886\u0022,\u0022description\u0022:{\u0022en\u0022:\u0022An enclosure inside a building.\u0022},\u0022displayName\u0022:{\u0022en\u0022:\u0022Room\u0022},\u0022decommissioned\u0022:false,\u0022uploadTime\u0022:\u00222020-10-26T21:06:53.4911461\u002B00:00\u0022}]"
    },
    {
      "RequestUri": "https://fakeHost.api.wus2.digitaltwins.azure.net/digitaltwins/roomTwin984822339?api-version=2020-10-31",
      "RequestMethod": "PUT",
      "RequestHeaders": {
        "Accept": "application/json",
        "Authorization": "Sanitized",
        "Content-Length": "154",
        "Content-Type": "application/json",
        "User-Agent": [
          "azsdk-net-DigitalTwins.Core/1.0.0-alpha.20201026.1",
          "(.NET Core 4.6.29130.01; Microsoft Windows 10.0.17134 )"
        ],
        "x-ms-client-request-id": "db255e198f38f434a433b3c83aefa122",
        "x-ms-return-client-request-id": "true"
      },
      "RequestBody": {
        "$dtId": null,
        "$etag": null,
        "$metadata": {
          "$model": "dtmi:example:room;177841886"
        },
        "Temperature": 80,
        "Humidity": 25,
        "IsOccupied": true,
        "EmployeeId": "Employee1"
      },
      "StatusCode": 200,
      "ResponseHeaders": {
        "Content-Length": "460",
        "Content-Type": "application/json; charset=utf-8",
        "Date": "Mon, 26 Oct 2020 21:06:53 GMT",
        "ETag": "W/\u00221f709298-f36f-4272-9378-a94310f84e5e\u0022",
        "Strict-Transport-Security": "max-age=2592000"
      },
      "ResponseBody": {
        "$dtId": "roomTwin984822339",
        "$etag": "W/\u00221f709298-f36f-4272-9378-a94310f84e5e\u0022",
        "Temperature": 80,
        "Humidity": 25,
        "IsOccupied": true,
        "EmployeeId": "Employee1",
        "$metadata": {
          "$model": "dtmi:example:room;177841886",
          "Temperature": {
            "lastUpdateTime": "2020-10-26T21:06:53.5665179Z"
          },
          "Humidity": {
            "lastUpdateTime": "2020-10-26T21:06:53.5665179Z"
          },
          "IsOccupied": {
            "lastUpdateTime": "2020-10-26T21:06:53.5665179Z"
          },
          "EmployeeId": {
            "lastUpdateTime": "2020-10-26T21:06:53.5665179Z"
          }
        }
      }
    },
    {
      "RequestUri": "https://fakeHost.api.wus2.digitaltwins.azure.net/digitaltwins/roomTwin984822339?api-version=2020-10-31",
      "RequestMethod": "GET",
      "RequestHeaders": {
        "Accept": "application/json",
        "Authorization": "Sanitized",
        "User-Agent": [
          "azsdk-net-DigitalTwins.Core/1.0.0-alpha.20201026.1",
          "(.NET Core 4.6.29130.01; Microsoft Windows 10.0.17134 )"
        ],
        "x-ms-client-request-id": "57bb2024526b08be57c22e527bf1011b",
        "x-ms-return-client-request-id": "true"
      },
      "RequestBody": null,
      "StatusCode": 200,
      "ResponseHeaders": {
        "Content-Length": "460",
        "Content-Type": "application/json; charset=utf-8",
        "Date": "Mon, 26 Oct 2020 21:06:53 GMT",
        "ETag": "W/\u00221f709298-f36f-4272-9378-a94310f84e5e\u0022",
        "Strict-Transport-Security": "max-age=2592000"
      },
      "ResponseBody": {
        "$dtId": "roomTwin984822339",
        "$etag": "W/\u00221f709298-f36f-4272-9378-a94310f84e5e\u0022",
        "Temperature": 80,
        "Humidity": 25,
        "IsOccupied": true,
        "EmployeeId": "Employee1",
        "$metadata": {
          "$model": "dtmi:example:room;177841886",
          "Temperature": {
            "lastUpdateTime": "2020-10-26T21:06:53.5665179Z"
          },
          "Humidity": {
            "lastUpdateTime": "2020-10-26T21:06:53.5665179Z"
          },
          "IsOccupied": {
            "lastUpdateTime": "2020-10-26T21:06:53.5665179Z"
          },
          "EmployeeId": {
            "lastUpdateTime": "2020-10-26T21:06:53.5665179Z"
          }
        }
      }
    },
    {
      "RequestUri": "https://fakeHost.api.wus2.digitaltwins.azure.net/digitaltwins/roomTwin984822339?api-version=2020-10-31",
      "RequestMethod": "PATCH",
      "RequestHeaders": {
        "Accept": "application/json",
        "Authorization": "Sanitized",
        "Content-Length": "131",
        "Content-Type": "application/json-patch\u002Bjson",
        "If-Match": "*",
        "User-Agent": [
          "azsdk-net-DigitalTwins.Core/1.0.0-alpha.20201026.1",
          "(.NET Core 4.6.29130.01; Microsoft Windows 10.0.17134 )"
        ],
        "x-ms-client-request-id": "0d9f8e1c2a299f6ef71491c2f7bc68d8",
        "x-ms-return-client-request-id": "true"
      },
      "RequestBody": "[{\u0022op\u0022:\u0022add\u0022,\u0022path\u0022:\u0022/Humidity\u0022,\u0022value\u0022:30},{\u0022op\u0022:\u0022replace\u0022,\u0022path\u0022:\u0022/Temperature\u0022,\u0022value\u0022:70},{\u0022op\u0022:\u0022remove\u0022,\u0022path\u0022:\u0022/EmployeeId\u0022}]",
      "StatusCode": 204,
      "ResponseHeaders": {
        "Content-Length": "0",
        "Date": "Mon, 26 Oct 2020 21:06:53 GMT",
        "ETag": "W/\u0022ad3aae90-bf4f-4442-80eb-bbc1fc654252\u0022",
        "Strict-Transport-Security": "max-age=2592000"
      },
      "ResponseBody": []
    },
    {
      "RequestUri": "https://fakeHost.api.wus2.digitaltwins.azure.net/digitaltwins/roomTwin984822339?api-version=2020-10-31",
      "RequestMethod": "DELETE",
      "RequestHeaders": {
        "Accept": "application/json",
        "Authorization": "Sanitized",
        "User-Agent": [
          "azsdk-net-DigitalTwins.Core/1.0.0-alpha.20201026.1",
          "(.NET Core 4.6.29130.01; Microsoft Windows 10.0.17134 )"
        ],
        "x-ms-client-request-id": "f79af05b1cf0c6baa01c837560e178b2",
        "x-ms-return-client-request-id": "true"
      },
      "RequestBody": null,
      "StatusCode": 204,
      "ResponseHeaders": {
        "Content-Length": "0",
        "Date": "Mon, 26 Oct 2020 21:06:53 GMT",
        "Strict-Transport-Security": "max-age=2592000"
      },
      "ResponseBody": []
    },
    {
      "RequestUri": "https://fakeHost.api.wus2.digitaltwins.azure.net/digitaltwins/roomTwin984822339?api-version=2020-10-31",
      "RequestMethod": "GET",
      "RequestHeaders": {
        "Accept": "application/json",
        "Authorization": "Sanitized",
        "User-Agent": [
          "azsdk-net-DigitalTwins.Core/1.0.0-alpha.20201026.1",
          "(.NET Core 4.6.29130.01; Microsoft Windows 10.0.17134 )"
        ],
        "x-ms-client-request-id": "acab9832934ff9f9b11c6056c1fc109b",
        "x-ms-return-client-request-id": "true"
      },
      "RequestBody": null,
      "StatusCode": 404,
      "ResponseHeaders": {
        "Content-Length": "270",
        "Content-Type": "application/json; charset=utf-8",
        "Date": "Mon, 26 Oct 2020 21:06:53 GMT",
        "Strict-Transport-Security": "max-age=2592000"
      },
      "ResponseBody": {
        "error": {
          "code": "DigitalTwinNotFound",
          "message": "There is no digital twin instance that exists with the ID roomTwin984822339. Please verify that the twin id is valid and ensure that the twin is not deleted. See section on querying the twins http://aka.ms/adtv2query."
        }
      }
    },
    {
      "RequestUri": "https://fakeHost.api.wus2.digitaltwins.azure.net/models/dtmi%3Aexample%3Aroom%3B177841886?api-version=2020-10-31",
      "RequestMethod": "DELETE",
      "RequestHeaders": {
        "Accept": "application/json",
        "Authorization": "Sanitized",
        "User-Agent": [
          "azsdk-net-DigitalTwins.Core/1.0.0-alpha.20201026.1",
          "(.NET Core 4.6.29130.01; Microsoft Windows 10.0.17134 )"
        ],
        "x-ms-client-request-id": "8bf655590a56ff2ad3d96d0ca7f93e15",
        "x-ms-return-client-request-id": "true"
      },
      "RequestBody": null,
      "StatusCode": 204,
      "ResponseHeaders": {
        "Content-Length": "0",
        "Date": "Mon, 26 Oct 2020 21:06:53 GMT",
        "Strict-Transport-Security": "max-age=2592000"
      },
      "ResponseBody": []
    }
  ],
  "Variables": {
    "DIGITALTWINS_URL": "https://fakeHost.api.wus2.digitaltwins.azure.net",
    "RandomSeed": "976032244"
  }
}