{
  "Entries": [
    {
      "RequestUri": "https://fakeHost.api.wus2.digitaltwins.azure.net/digitaltwins/roomTwin1275693257?api-version=2020-10-31",
      "RequestMethod": "GET",
      "RequestHeaders": {
        "Accept": "application/json",
        "Authorization": "Sanitized",
        "User-Agent": [
          "azsdk-net-DigitalTwins.Core/1.0.0-alpha.20201029.1",
          "(.NET Core 4.6.29130.01; Microsoft Windows 10.0.17134 )"
        ],
        "x-ms-client-request-id": "92642f48056f8975642d9827c5dd9ca4",
        "x-ms-return-client-request-id": "true"
      },
      "RequestBody": null,
      "StatusCode": 200,
      "ResponseHeaders": {
        "Content-Length": "461",
        "Content-Type": "application/json; charset=utf-8",
        "Date": "Fri, 30 Oct 2020 00:37:54 GMT",
        "ETag": "W/\u002245ac7b23-7f0d-45f3-825a-ef11f180b61b\u0022",
        "Strict-Transport-Security": "max-age=2592000"
      },
      "ResponseBody": {
        "$dtId": "roomTwin1275693257",
        "$etag": "W/\u002245ac7b23-7f0d-45f3-825a-ef11f180b61b\u0022",
        "Temperature": 80,
        "Humidity": 25,
        "IsOccupied": true,
        "EmployeeId": "Employee1",
        "$metadata": {
          "$model": "dtmi:example:room;116635757",
          "Temperature": {
            "lastUpdateTime": "2020-10-29T22:51:36.5937249Z"
          },
          "Humidity": {
            "lastUpdateTime": "2020-10-29T22:51:36.5937249Z"
          },
          "IsOccupied": {
            "lastUpdateTime": "2020-10-29T22:51:36.5937249Z"
          },
          "EmployeeId": {
            "lastUpdateTime": "2020-10-29T22:51:36.5937249Z"
          }
        }
      }
    },
    {
      "RequestUri": "https://fakeHost.api.wus2.digitaltwins.azure.net/digitaltwins/roomTwin460571836?api-version=2020-10-31",
      "RequestMethod": "GET",
      "RequestHeaders": {
        "Accept": "application/json",
        "Authorization": "Sanitized",
        "User-Agent": [
          "azsdk-net-DigitalTwins.Core/1.0.0-alpha.20201029.1",
          "(.NET Core 4.6.29130.01; Microsoft Windows 10.0.17134 )"
        ],
        "x-ms-client-request-id": "575a338be1d7bb6e072cf0aa243edc88",
        "x-ms-return-client-request-id": "true"
      },
      "RequestBody": null,
      "StatusCode": 200,
      "ResponseHeaders": {
        "Content-Length": "460",
        "Content-Type": "application/json; charset=utf-8",
        "Date": "Fri, 30 Oct 2020 00:37:54 GMT",
        "ETag": "W/\u0022fc4240cd-71d7-4751-9065-a4b12cf5747e\u0022",
        "Strict-Transport-Security": "max-age=2592000"
      },
      "ResponseBody": {
        "$dtId": "roomTwin460571836",
        "$etag": "W/\u0022fc4240cd-71d7-4751-9065-a4b12cf5747e\u0022",
        "Temperature": 80,
        "Humidity": 25,
        "IsOccupied": true,
        "EmployeeId": "Employee1",
        "$metadata": {
          "$model": "dtmi:example:room;110131401",
          "Temperature": {
            "lastUpdateTime": "2020-10-30T00:22:37.8393230Z"
          },
          "Humidity": {
            "lastUpdateTime": "2020-10-30T00:22:37.8393230Z"
          },
          "IsOccupied": {
            "lastUpdateTime": "2020-10-30T00:22:37.8393230Z"
          },
          "EmployeeId": {
            "lastUpdateTime": "2020-10-30T00:22:37.8393230Z"
          }
        }
      }
    },
    {
      "RequestUri": "https://fakeHost.api.wus2.digitaltwins.azure.net/digitaltwins/roomTwin1663575756?api-version=2020-10-31",
      "RequestMethod": "GET",
      "RequestHeaders": {
        "Accept": "application/json",
        "Authorization": "Sanitized",
        "User-Agent": [
          "azsdk-net-DigitalTwins.Core/1.0.0-alpha.20201029.1",
          "(.NET Core 4.6.29130.01; Microsoft Windows 10.0.17134 )"
        ],
        "x-ms-client-request-id": "969c41b960338853ddf92a373aa43946",
        "x-ms-return-client-request-id": "true"
      },
      "RequestBody": null,
      "StatusCode": 404,
      "ResponseHeaders": {
        "Content-Length": "271",
        "Content-Type": "application/json; charset=utf-8",
        "Date": "Fri, 30 Oct 2020 00:37:54 GMT",
        "Strict-Transport-Security": "max-age=2592000"
      },
      "ResponseBody": {
        "error": {
          "code": "DigitalTwinNotFound",
          "message": "There is no digital twin instance that exists with the ID roomTwin1663575756. Please verify that the twin id is valid and ensure that the twin is not deleted. See section on querying the twins http://aka.ms/adtv2query."
        }
      }
    },
    {
      "RequestUri": "https://fakeHost.api.wus2.digitaltwins.azure.net/models/dtmi%3Aexample%3Afloor%3B11013140?includeModelDefinition=true\u0026api-version=2020-10-31",
      "RequestMethod": "GET",
      "RequestHeaders": {
        "Accept": "application/json",
        "Authorization": "Sanitized",
        "User-Agent": [
          "azsdk-net-DigitalTwins.Core/1.0.0-alpha.20201029.1",
          "(.NET Core 4.6.29130.01; Microsoft Windows 10.0.17134 )"
        ],
        "x-ms-client-request-id": "7231e8694e71d7f567d985de3feebb9e",
        "x-ms-return-client-request-id": "true"
      },
      "RequestBody": null,
      "StatusCode": 404,
      "ResponseHeaders": {
        "Content-Length": "212",
        "Content-Type": "application/json; charset=utf-8",
        "Date": "Fri, 30 Oct 2020 00:37:54 GMT",
        "Strict-Transport-Security": "max-age=2592000"
      },
      "ResponseBody": {
        "error": {
          "code": "ModelNotFound",
          "message": "There is no Model(s) available that matches the provided id(s) dtmi:example:floor;11013140. Check that the Model ID provided is valid by doing a Model_List API call."
        }
      }
    },
    {
      "RequestUri": "https://fakeHost.api.wus2.digitaltwins.azure.net/models/dtmi%3Aexample%3Aroom%3B110279211?includeModelDefinition=true\u0026api-version=2020-10-31",
      "RequestMethod": "GET",
      "RequestHeaders": {
        "Accept": "application/json",
        "Authorization": "Sanitized",
        "User-Agent": [
          "azsdk-net-DigitalTwins.Core/1.0.0-alpha.20201029.1",
          "(.NET Core 4.6.29130.01; Microsoft Windows 10.0.17134 )"
        ],
        "x-ms-client-request-id": "25075a23d258ce07f9e84383cd88b663",
        "x-ms-return-client-request-id": "true"
      },
      "RequestBody": null,
      "StatusCode": 404,
      "ResponseHeaders": {
        "Content-Length": "212",
        "Content-Type": "application/json; charset=utf-8",
        "Date": "Fri, 30 Oct 2020 00:37:54 GMT",
        "Strict-Transport-Security": "max-age=2592000"
      },
      "ResponseBody": {
        "error": {
          "code": "ModelNotFound",
          "message": "There is no Model(s) available that matches the provided id(s) dtmi:example:room;110279211. Check that the Model ID provided is valid by doing a Model_List API call."
        }
      }
    },
    {
      "RequestUri": "https://fakeHost.api.wus2.digitaltwins.azure.net/models?api-version=2020-10-31",
      "RequestMethod": "POST",
      "RequestHeaders": {
        "Accept": "application/json",
        "Authorization": "Sanitized",
        "Content-Length": "804",
        "Content-Type": "application/json",
        "User-Agent": [
          "azsdk-net-DigitalTwins.Core/1.0.0-alpha.20201029.1",
          "(.NET Core 4.6.29130.01; Microsoft Windows 10.0.17134 )"
        ],
        "x-ms-client-request-id": "57f4d54a485aa6f3bfcb87cea99e0a6f",
        "x-ms-return-client-request-id": "true"
      },
      "RequestBody": "[{    \u0022@id\u0022: \u0022dtmi:example:room;110279211\u0022,    \u0022@type\u0022: \u0022Interface\u0022,    \u0022displayName\u0022: \u0022Room\u0022,    \u0022description\u0022: \u0022An enclosure inside a building.\u0022,    \u0022contents\u0022: [        {            \u0022@type\u0022: \u0022Relationship\u0022,            \u0022name\u0022: \u0022containedIn\u0022,            \u0022target\u0022: \u0022dtmi:example:floor;11013140\u0022        },        {            \u0022@type\u0022: \u0022Property\u0022,            \u0022name\u0022: \u0022Temperature\u0022,            \u0022schema\u0022: \u0022double\u0022        },        {            \u0022@type\u0022: \u0022Property\u0022,            \u0022name\u0022: \u0022Humidity\u0022,            \u0022schema\u0022: \u0022double\u0022        },        {            \u0022@type\u0022: \u0022Property\u0022,            \u0022name\u0022: \u0022IsOccupied\u0022,            \u0022schema\u0022: \u0022boolean\u0022        },        {            \u0022@type\u0022: \u0022Property\u0022,            \u0022name\u0022: \u0022EmployeeId\u0022,            \u0022schema\u0022: \u0022string\u0022        }    ],    \u0022@context\u0022: \u0022dtmi:dtdl:context;2\u0022}]",
      "StatusCode": 201,
      "ResponseHeaders": {
        "Content-Length": "192",
        "Content-Type": "application/json; charset=utf-8",
        "Date": "Fri, 30 Oct 2020 00:37:54 GMT",
        "Strict-Transport-Security": "max-age=2592000"
      },
      "ResponseBody": "[{\u0022id\u0022:\u0022dtmi:example:room;110279211\u0022,\u0022description\u0022:{\u0022en\u0022:\u0022An enclosure inside a building.\u0022},\u0022displayName\u0022:{\u0022en\u0022:\u0022Room\u0022},\u0022decommissioned\u0022:false,\u0022uploadTime\u0022:\u00222020-10-30T00:37:54.602756\u002B00:00\u0022}]"
    },
    {
      "RequestUri": "https://fakeHost.api.wus2.digitaltwins.azure.net/digitaltwins/roomTwin1663575756?api-version=2020-10-31",
      "RequestMethod": "PUT",
      "RequestHeaders": {
        "Accept": "application/json",
        "Authorization": "Sanitized",
        "Content-Length": "154",
        "Content-Type": "application/json",
        "User-Agent": [
          "azsdk-net-DigitalTwins.Core/1.0.0-alpha.20201029.1",
          "(.NET Core 4.6.29130.01; Microsoft Windows 10.0.17134 )"
        ],
        "x-ms-client-request-id": "df804198b53f15102aa37765b2539a50",
        "x-ms-return-client-request-id": "true"
      },
      "RequestBody": {
        "$dtId": null,
        "$etag": null,
        "$metadata": {
          "$model": "dtmi:example:room;110279211"
        },
        "Temperature": 80,
        "Humidity": 25,
        "IsOccupied": true,
        "EmployeeId": "Employee1"
      },
      "StatusCode": 200,
      "ResponseHeaders": {
        "Content-Length": "461",
        "Content-Type": "application/json; charset=utf-8",
        "Date": "Fri, 30 Oct 2020 00:37:54 GMT",
        "ETag": "W/\u002215cc05bf-4a84-49bf-95b7-1ce3015b833a\u0022",
        "Strict-Transport-Security": "max-age=2592000"
      },
      "ResponseBody": {
        "$dtId": "roomTwin1663575756",
        "$etag": "W/\u002215cc05bf-4a84-49bf-95b7-1ce3015b833a\u0022",
        "Temperature": 80,
        "Humidity": 25,
        "IsOccupied": true,
        "EmployeeId": "Employee1",
        "$metadata": {
          "$model": "dtmi:example:room;110279211",
          "Temperature": {
            "lastUpdateTime": "2020-10-30T00:37:54.6709305Z"
          },
          "Humidity": {
            "lastUpdateTime": "2020-10-30T00:37:54.6709305Z"
          },
          "IsOccupied": {
            "lastUpdateTime": "2020-10-30T00:37:54.6709305Z"
          },
          "EmployeeId": {
            "lastUpdateTime": "2020-10-30T00:37:54.6709305Z"
          }
        }
      }
    },
    {
      "RequestUri": "https://fakeHost.api.wus2.digitaltwins.azure.net/digitaltwins/roomTwin1663575756?api-version=2020-10-31",
      "RequestMethod": "PUT",
      "RequestHeaders": {
        "Accept": "application/json",
        "Authorization": "Sanitized",
        "Content-Length": "154",
        "Content-Type": "application/json",
        "User-Agent": [
          "azsdk-net-DigitalTwins.Core/1.0.0-alpha.20201029.1",
          "(.NET Core 4.6.29130.01; Microsoft Windows 10.0.17134 )"
        ],
        "x-ms-client-request-id": "19f57bce47c6da9e6760658c4b38245b",
        "x-ms-return-client-request-id": "true"
      },
      "RequestBody": {
        "$dtId": null,
        "$etag": null,
        "$metadata": {
          "$model": "dtmi:example:room;110279211"
        },
        "Temperature": 80,
        "Humidity": 25,
        "IsOccupied": true,
        "EmployeeId": "Employee1"
      },
      "StatusCode": 200,
      "ResponseHeaders": {
        "Content-Length": "461",
        "Content-Type": "application/json; charset=utf-8",
        "Date": "Fri, 30 Oct 2020 00:37:54 GMT",
        "ETag": "W/\u0022819d9082-d934-4356-b523-9813067ff268\u0022",
        "Strict-Transport-Security": "max-age=2592000"
      },
      "ResponseBody": {
        "$dtId": "roomTwin1663575756",
        "$etag": "W/\u0022819d9082-d934-4356-b523-9813067ff268\u0022",
        "Temperature": 80,
        "Humidity": 25,
        "IsOccupied": true,
        "EmployeeId": "Employee1",
        "$metadata": {
          "$model": "dtmi:example:room;110279211",
          "Temperature": {
            "lastUpdateTime": "2020-10-30T00:37:54.7580081Z"
          },
          "Humidity": {
            "lastUpdateTime": "2020-10-30T00:37:54.7580081Z"
          },
          "IsOccupied": {
            "lastUpdateTime": "2020-10-30T00:37:54.7580081Z"
          },
          "EmployeeId": {
            "lastUpdateTime": "2020-10-30T00:37:54.7580081Z"
          }
        }
      }
    },
    {
      "RequestUri": "https://fakeHost.api.wus2.digitaltwins.azure.net/models/dtmi%3Aexample%3Aroom%3B110279211?api-version=2020-10-31",
      "RequestMethod": "DELETE",
      "RequestHeaders": {
        "Accept": "application/json",
        "Authorization": "Sanitized",
        "User-Agent": [
          "azsdk-net-DigitalTwins.Core/1.0.0-alpha.20201029.1",
          "(.NET Core 4.6.29130.01; Microsoft Windows 10.0.17134 )"
        ],
        "x-ms-client-request-id": "8bead4ddd7079424c4df2db6d18df46b",
        "x-ms-return-client-request-id": "true"
      },
      "RequestBody": null,
      "StatusCode": 204,
      "ResponseHeaders": {
        "Content-Length": "0",
        "Date": "Fri, 30 Oct 2020 00:37:54 GMT",
        "Strict-Transport-Security": "max-age=2592000"
      },
      "ResponseBody": []
    }
  ],
  "Variables": {
    "DIGITALTWINS_URL": "https://fakeHost.api.wus2.digitaltwins.azure.net",
    "RandomSeed": "598385345"
  }
}