{
  "Entries": [
    {
      "RequestUri": "https://fakeHost.api.wus2.digitaltwins.azure.net/digitaltwins/roomTwin1355219331?api-version=2022-05-31",
      "RequestMethod": "GET",
      "RequestHeaders": {
        "Accept": "application/json",
        "Authorization": "Sanitized",
        "traceparent": "00-90914af7cc2b5d4783c893539935bb74-7f79c40f141e0946-00",
        "User-Agent": "azsdk-net-DigitalTwins.Core/1.4.0-alpha.20220629.1 (.NET Core 3.1.26; Microsoft Windows 10.0.19044)",
        "x-ms-client-request-id": "af2feaf1fd0b6d77ec60621a2f4e8dd8",
        "x-ms-return-client-request-id": "true"
      },
      "RequestBody": null,
      "StatusCode": 404,
      "ResponseHeaders": {
        "Content-Length": "272",
        "Content-Type": "application/json; charset=utf-8",
        "Date": "Wed, 29 Jun 2022 09:17:47 GMT",
        "mise-correlation-id": "69a04068-7c65-46ef-b5a6-c0dc070b12e7",
        "Strict-Transport-Security": "max-age=2592000",
        "traceresponse": "00-90914af7cc2b5d4783c893539935bb74-89e98d2cffda8389-01"
      },
      "ResponseBody": {
        "error": {
          "code": "DigitalTwinNotFound",
          "message": "There is no digital twin instance that exists with the ID roomTwin1355219331. Please verify that the twin id is valid and ensure that the twin is not deleted. See section on querying the twins https://aka.ms/adtv2query."
        }
      }
    },
    {
      "RequestUri": "https://fakeHost.api.wus2.digitaltwins.azure.net/models/dtmi%3Aexample%3Afloor%3B11966023?includeModelDefinition=true\u0026api-version=2022-05-31",
      "RequestMethod": "GET",
      "RequestHeaders": {
        "Accept": "application/json",
        "Authorization": "Sanitized",
        "traceparent": "00-73ddc699c6f39741893783ee3f24a24b-9b8b883c56f8294b-00",
        "User-Agent": "azsdk-net-DigitalTwins.Core/1.4.0-alpha.20220629.1 (.NET Core 3.1.26; Microsoft Windows 10.0.19044)",
        "x-ms-client-request-id": "5065a1db136e108a90440431ca290fd6",
        "x-ms-return-client-request-id": "true"
      },
      "RequestBody": null,
      "StatusCode": 404,
      "ResponseHeaders": {
        "Content-Length": "212",
        "Content-Type": "application/json; charset=utf-8",
        "Date": "Wed, 29 Jun 2022 09:17:47 GMT",
        "mise-correlation-id": "c22e97c9-f02a-45cd-9eac-f07f638a7105",
        "Strict-Transport-Security": "max-age=2592000",
        "traceresponse": "00-73ddc699c6f39741893783ee3f24a24b-3eee341abed7e3eb-01"
      },
      "ResponseBody": {
        "error": {
          "code": "ModelNotFound",
          "message": "There is no Model(s) available that matches the provided id(s) dtmi:example:floor;11966023. Check that the Model ID provided is valid by doing a Model_List API call."
        }
      }
    },
    {
      "RequestUri": "https://fakeHost.api.wus2.digitaltwins.azure.net/models/dtmi%3Aexample%3Aroom%3B113202986?includeModelDefinition=true\u0026api-version=2022-05-31",
      "RequestMethod": "GET",
      "RequestHeaders": {
        "Accept": "application/json",
        "Authorization": "Sanitized",
        "traceparent": "00-cdf548906997ee409d8ac6edec064bd5-376f1f5a92a31f46-00",
        "User-Agent": "azsdk-net-DigitalTwins.Core/1.4.0-alpha.20220629.1 (.NET Core 3.1.26; Microsoft Windows 10.0.19044)",
        "x-ms-client-request-id": "0dae18d7564c269509a12e78c5e0f2ec",
        "x-ms-return-client-request-id": "true"
      },
      "RequestBody": null,
      "StatusCode": 404,
      "ResponseHeaders": {
        "Content-Length": "212",
        "Content-Type": "application/json; charset=utf-8",
        "Date": "Wed, 29 Jun 2022 09:17:47 GMT",
        "mise-correlation-id": "04705642-c12e-44b1-abd4-fb992330d488",
        "Strict-Transport-Security": "max-age=2592000",
        "traceresponse": "00-cdf548906997ee409d8ac6edec064bd5-c63c480329e68a83-01"
      },
      "ResponseBody": {
        "error": {
          "code": "ModelNotFound",
          "message": "There is no Model(s) available that matches the provided id(s) dtmi:example:room;113202986. Check that the Model ID provided is valid by doing a Model_List API call."
        }
      }
    },
    {
      "RequestUri": "https://fakeHost.api.wus2.digitaltwins.azure.net/models?api-version=2022-05-31",
      "RequestMethod": "POST",
      "RequestHeaders": {
        "Accept": "application/json",
        "Authorization": "Sanitized",
        "Content-Length": "804",
        "Content-Type": "application/json",
        "traceparent": "00-6de102ed8da2eb40a7ce0eb0f54feeac-49fec9a1547d3145-00",
        "User-Agent": "azsdk-net-DigitalTwins.Core/1.4.0-alpha.20220629.1 (.NET Core 3.1.26; Microsoft Windows 10.0.19044)",
        "x-ms-client-request-id": "64c9e07c8332a5d69e7ab8723b213753",
        "x-ms-return-client-request-id": "true"
      },
      "RequestBody": "[{    \u0022@id\u0022: \u0022dtmi:example:room;113202986\u0022,    \u0022@type\u0022: \u0022Interface\u0022,    \u0022displayName\u0022: \u0022Room\u0022,    \u0022description\u0022: \u0022An enclosure inside a building.\u0022,    \u0022contents\u0022: [        {            \u0022@type\u0022: \u0022Relationship\u0022,            \u0022name\u0022: \u0022containedIn\u0022,            \u0022target\u0022: \u0022dtmi:example:floor;11966023\u0022        },        {            \u0022@type\u0022: \u0022Property\u0022,            \u0022name\u0022: \u0022Temperature\u0022,            \u0022schema\u0022: \u0022double\u0022        },        {            \u0022@type\u0022: \u0022Property\u0022,            \u0022name\u0022: \u0022Humidity\u0022,            \u0022schema\u0022: \u0022double\u0022        },        {            \u0022@type\u0022: \u0022Property\u0022,            \u0022name\u0022: \u0022IsOccupied\u0022,            \u0022schema\u0022: \u0022boolean\u0022        },        {            \u0022@type\u0022: \u0022Property\u0022,            \u0022name\u0022: \u0022EmployeeId\u0022,            \u0022schema\u0022: \u0022string\u0022        }    ],    \u0022@context\u0022: \u0022dtmi:dtdl:context;2\u0022}]",
      "StatusCode": 201,
      "ResponseHeaders": {
        "Content-Length": "193",
        "Content-Type": "application/json; charset=utf-8",
        "Date": "Wed, 29 Jun 2022 09:17:47 GMT",
        "mise-correlation-id": "e4022aea-eed2-4c4a-ab09-b55212cccec7",
        "Strict-Transport-Security": "max-age=2592000",
        "traceresponse": "00-6de102ed8da2eb40a7ce0eb0f54feeac-6e9072b7eb7e6dbd-01"
      },
      "ResponseBody": "[{\u0022id\u0022:\u0022dtmi:example:room;113202986\u0022,\u0022description\u0022:{\u0022en\u0022:\u0022An enclosure inside a building.\u0022},\u0022displayName\u0022:{\u0022en\u0022:\u0022Room\u0022},\u0022decommissioned\u0022:false,\u0022uploadTime\u0022:\u00222022-06-29T09:17:48.2816666\u002B00:00\u0022}]"
    },
    {
      "RequestUri": "https://fakeHost.api.wus2.digitaltwins.azure.net/models?includeModelDefinition=false\u0026api-version=2022-05-31",
      "RequestMethod": "GET",
      "RequestHeaders": {
        "Accept": "application/json",
        "Authorization": "Sanitized",
        "traceparent": "00-9e20124747614a4bbdf9c1d5e8dcb19e-83befb5faeb45d4d-00",
        "User-Agent": "azsdk-net-DigitalTwins.Core/1.4.0-alpha.20220629.1 (.NET Core 3.1.26; Microsoft Windows 10.0.19044)",
        "x-ms-client-request-id": "7577c144572a4b8fcf2a64725c98ca63",
        "x-ms-return-client-request-id": "true"
      },
      "RequestBody": null,
      "StatusCode": 200,
      "ResponseHeaders": {
        "Content-Length": "5216",
        "Content-Type": "application/json; charset=utf-8",
        "Date": "Wed, 29 Jun 2022 09:17:47 GMT",
        "mise-correlation-id": "78140cf5-33e4-4b64-9669-665d547bfcc1",
        "Strict-Transport-Security": "max-age=2592000",
        "traceresponse": "00-9e20124747614a4bbdf9c1d5e8dcb19e-639db3d29b79bb44-01"
      },
      "ResponseBody": {
        "value": [
          {
            "id": "dtmi:example:room;121402403",
            "description": {
              "en": "An enclosure inside a building."
            },
            "displayName": {
              "en": "Room"
            },
            "decommissioned": false,
            "uploadTime": "2022-06-29T09:12:41.9553675\u002B00:00"
          },
          {
            "id": "dtmi:example:Ward;152687811",
            "description": {
              "en": "A separate partition in a building, made of rooms and hallways."
            },
            "displayName": {
              "en": "Ward"
            },
            "decommissioned": false,
            "uploadTime": "2022-06-29T09:16:39.2263719\u002B00:00"
          },
          {
            "id": "dtmi:example:Ward;131703964",
            "description": {
              "en": "A separate partition in a building, made of rooms and hallways."
            },
            "displayName": {
              "en": "Ward"
            },
            "decommissioned": false,
            "uploadTime": "2022-06-29T09:16:39.2289029\u002B00:00"
          },
          {
            "id": "dtmi:example:room;123733427",
            "description": {
              "en": "An enclosure inside a building."
            },
            "displayName": {
              "en": "Room"
            },
            "decommissioned": false,
            "uploadTime": "2022-06-29T09:16:39.3335496\u002B00:00"
          },
          {
            "id": "dtmi:example:room;120044467",
            "description": {
              "en": "An enclosure inside a building."
            },
            "displayName": {
              "en": "Room"
            },
            "decommissioned": false,
            "uploadTime": "2022-06-29T09:16:39.8692541\u002B00:00"
          },
          {
            "id": "dtmi:example:Ward;139229285",
            "description": {
              "en": "A separate partition in a building, made of rooms and hallways."
            },
            "displayName": {
              "en": "Ward"
            },
            "decommissioned": false,
            "uploadTime": "2022-06-29T09:16:40.8415471\u002B00:00"
          },
          {
            "id": "dtmi:example:Ward;116580092",
            "description": {
              "en": "A separate partition in a building, made of rooms and hallways."
            },
            "displayName": {
              "en": "Ward"
            },
            "decommissioned": false,
            "uploadTime": "2022-06-29T09:16:40.8446486\u002B00:00"
          },
          {
            "id": "dtmi:example:Ward;115396593",
            "description": {
              "en": "A separate partition in a building, made of rooms and hallways."
            },
            "displayName": {
              "en": "Ward"
            },
            "decommissioned": false,
            "uploadTime": "2022-06-29T09:17:08.812792\u002B00:00"
          },
          {
            "id": "dtmi:example:Ward;145145886",
            "description": {
              "en": "A separate partition in a building, made of rooms and hallways."
            },
            "displayName": {
              "en": "Ward"
            },
            "decommissioned": false,
            "uploadTime": "2022-06-29T09:17:08.8269194\u002B00:00"
          },
          {
            "id": "dtmi:example:room;120333472",
            "description": {
              "en": "An enclosure inside a building."
            },
            "displayName": {
              "en": "Room"
            },
            "decommissioned": false,
            "uploadTime": "2022-06-29T09:17:08.9144171\u002B00:00"
          },
          {
            "id": "dtmi:example:room;110250576",
            "description": {
              "en": "An enclosure inside a building."
            },
            "displayName": {
              "en": "Room"
            },
            "decommissioned": false,
            "uploadTime": "2022-06-29T09:17:08.9308331\u002B00:00"
          },
          {
            "id": "dtmi:example:Ward;139572678",
            "description": {
              "en": "A separate partition in a building, made of rooms and hallways."
            },
            "displayName": {
              "en": "Ward"
            },
            "decommissioned": false,
            "uploadTime": "2022-06-29T09:17:10.1457961\u002B00:00"
          },
          {
            "id": "dtmi:example:Ward;117518715",
            "description": {
              "en": "A separate partition in a building, made of rooms and hallways."
            },
            "displayName": {
              "en": "Ward"
            },
            "decommissioned": false,
            "uploadTime": "2022-06-29T09:17:10.1772887\u002B00:00"
          },
          {
            "id": "dtmi:example:Ward;116261055",
            "description": {
              "en": "A separate partition in a building, made of rooms and hallways."
            },
            "displayName": {
              "en": "Ward"
            },
            "decommissioned": false,
            "uploadTime": "2022-06-29T09:17:44.4460468\u002B00:00"
          },
          {
            "id": "dtmi:example:Ward;184550207",
            "description": {
              "en": "A separate partition in a building, made of rooms and hallways."
            },
            "displayName": {
              "en": "Ward"
            },
            "decommissioned": false,
            "uploadTime": "2022-06-29T09:17:44.4466624\u002B00:00"
          },
          {
            "id": "dtmi:example:room;113116704",
            "description": {
              "en": "An enclosure inside a building."
            },
            "displayName": {
              "en": "Room"
            },
            "decommissioned": false,
            "uploadTime": "2022-06-29T09:17:44.5301039\u002B00:00"
          },
          {
            "id": "dtmi:example:room;171253566",
            "description": {
              "en": "An enclosure inside a building."
            },
            "displayName": {
              "en": "Room"
            },
            "decommissioned": false,
            "uploadTime": "2022-06-29T09:17:44.5489354\u002B00:00"
          },
          {
            "id": "dtmi:example:Ward;119571131",
            "description": {
              "en": "A separate partition in a building, made of rooms and hallways."
            },
            "displayName": {
              "en": "Ward"
            },
            "decommissioned": false,
            "uploadTime": "2022-06-29T09:17:45.8033076\u002B00:00"
          },
          {
            "id": "dtmi:example:Ward;176658601",
            "description": {
              "en": "A separate partition in a building, made of rooms and hallways."
            },
            "displayName": {
              "en": "Ward"
            },
            "decommissioned": false,
            "uploadTime": "2022-06-29T09:17:45.8396347\u002B00:00"
          },
          {
            "id": "dtmi:example:room;136468805",
            "description": {
              "en": "An enclosure inside a building."
            },
            "displayName": {
              "en": "Room"
            },
            "decommissioned": false,
            "uploadTime": "2022-06-29T09:17:46.1851147\u002B00:00"
          },
          {
            "id": "dtmi:example:room;137977188",
            "description": {
              "en": "An enclosure inside a building."
            },
            "displayName": {
              "en": "Room"
            },
            "decommissioned": false,
            "uploadTime": "2022-06-29T09:17:46.1936924\u002B00:00"
          },
          {
            "id": "dtmi:example:floor;14622173",
            "description": {
              "en": "A building story."
            },
            "displayName": {
              "en": "Floor"
            },
            "decommissioned": false,
            "uploadTime": "2022-06-29T09:17:48.0884736\u002B00:00"
          },
          {
            "id": "dtmi:example:room;128285618",
            "description": {
              "en": "An enclosure inside a building."
            },
            "displayName": {
              "en": "Room"
            },
            "decommissioned": false,
            "uploadTime": "2022-06-29T09:17:48.0885105\u002B00:00"
          },
          {
            "id": "dtmi:example:hvac;171437815",
            "description": {
              "en": "A heating, ventilation, and air conditioning unit."
            },
            "displayName": {
              "en": "HVAC"
            },
            "decommissioned": false,
            "uploadTime": "2022-06-29T09:17:48.0885344\u002B00:00"
          },
          {
            "id": "dtmi:example:room;113202986",
            "description": {
              "en": "An enclosure inside a building."
            },
            "displayName": {
              "en": "Room"
            },
            "decommissioned": false,
            "uploadTime": "2022-06-29T09:17:48.2816666\u002B00:00"
          }
        ],
        "nextLink": null
      }
    },
    {
      "RequestUri": "https://fakeHost.api.wus2.digitaltwins.azure.net/digitaltwins/roomTwin1355219331?api-version=2022-05-31",
      "RequestMethod": "PUT",
      "RequestHeaders": {
        "Accept": "application/json",
        "Authorization": "Sanitized",
        "Content-Length": "154",
        "Content-Type": "application/json",
        "traceparent": "00-796ac145cea45344ba7034a0c3b60ced-cbe1a643b1997c4f-00",
        "User-Agent": "azsdk-net-DigitalTwins.Core/1.4.0-alpha.20220629.1 (.NET Core 3.1.26; Microsoft Windows 10.0.19044)",
        "x-ms-client-request-id": "494d44127145533b41086fd19d22eae7",
        "x-ms-return-client-request-id": "true"
      },
      "RequestBody": {
        "$dtId": null,
        "$etag": null,
        "Temperature": 80,
        "Humidity": 25,
        "IsOccupied": true,
        "EmployeeId": "Employee1",
        "$metadata": {
          "$model": "dtmi:example:room;113202986"
        }
      },
      "StatusCode": 200,
      "ResponseHeaders": {
        "Content-Length": "510",
        "Content-Type": "application/json; charset=utf-8",
        "Date": "Wed, 29 Jun 2022 09:17:47 GMT",
        "ETag": "W/\u00222ad0f321-e742-4b99-a9f7-deca42148b3f\u0022",
        "mise-correlation-id": "52544da8-91c3-4857-b00b-f78bfc6216d0",
        "Strict-Transport-Security": "max-age=2592000",
        "traceresponse": "00-796ac145cea45344ba7034a0c3b60ced-5b9bf6ee3f3f17fa-01"
      },
      "ResponseBody": {
        "$dtId": "roomTwin1355219331",
        "$etag": "W/\u00222ad0f321-e742-4b99-a9f7-deca42148b3f\u0022",
        "Temperature": 80,
        "Humidity": 25,
        "IsOccupied": true,
        "EmployeeId": "Employee1",
        "$metadata": {
          "$model": "dtmi:example:room;113202986",
          "$lastUpdateTime": "2022-06-29T09:17:48.3999618Z",
          "Temperature": {
            "lastUpdateTime": "2022-06-29T09:17:48.3999618Z"
          },
          "Humidity": {
            "lastUpdateTime": "2022-06-29T09:17:48.3999618Z"
          },
          "IsOccupied": {
            "lastUpdateTime": "2022-06-29T09:17:48.3999618Z"
          },
          "EmployeeId": {
            "lastUpdateTime": "2022-06-29T09:17:48.3999618Z"
          }
        }
      }
    },
    {
      "RequestUri": "https://fakeHost.api.wus2.digitaltwins.azure.net/digitaltwins/roomTwin1355219331?api-version=2022-05-31",
      "RequestMethod": "GET",
      "RequestHeaders": {
        "Accept": "application/json",
        "Authorization": "Sanitized",
        "traceparent": "00-454deeaad67f6c42ad03d4a269003990-9d1a55ee8193e943-00",
        "User-Agent": "azsdk-net-DigitalTwins.Core/1.4.0-alpha.20220629.1 (.NET Core 3.1.26; Microsoft Windows 10.0.19044)",
        "x-ms-client-request-id": "0433da6a7d6924c1507e95081e644906",
        "x-ms-return-client-request-id": "true"
      },
      "RequestBody": null,
      "StatusCode": 200,
      "ResponseHeaders": {
        "Content-Length": "510",
        "Content-Type": "application/json; charset=utf-8",
        "Date": "Wed, 29 Jun 2022 09:17:47 GMT",
        "ETag": "W/\u00222ad0f321-e742-4b99-a9f7-deca42148b3f\u0022",
        "mise-correlation-id": "a1542892-5b36-4243-b921-955bee509d01",
        "Strict-Transport-Security": "max-age=2592000",
        "traceresponse": "00-454deeaad67f6c42ad03d4a269003990-c876aa34640fcfdd-01"
      },
      "ResponseBody": {
        "$dtId": "roomTwin1355219331",
        "$etag": "W/\u00222ad0f321-e742-4b99-a9f7-deca42148b3f\u0022",
        "Temperature": 80,
        "Humidity": 25,
        "IsOccupied": true,
        "EmployeeId": "Employee1",
        "$metadata": {
          "$model": "dtmi:example:room;113202986",
          "$lastUpdateTime": "2022-06-29T09:17:48.3999618Z",
          "Temperature": {
            "lastUpdateTime": "2022-06-29T09:17:48.3999618Z"
          },
          "Humidity": {
            "lastUpdateTime": "2022-06-29T09:17:48.3999618Z"
          },
          "IsOccupied": {
            "lastUpdateTime": "2022-06-29T09:17:48.3999618Z"
          },
          "EmployeeId": {
            "lastUpdateTime": "2022-06-29T09:17:48.3999618Z"
          }
        }
      }
    },
    {
      "RequestUri": "https://fakeHost.api.wus2.digitaltwins.azure.net/digitaltwins/roomTwin1355219331?api-version=2022-05-31",
      "RequestMethod": "PATCH",
      "RequestHeaders": {
        "Accept": "application/json",
        "Authorization": "Sanitized",
        "Content-Length": "131",
        "Content-Type": "application/json-patch\u002Bjson",
        "If-Match": "*",
        "traceparent": "00-ccc0da2a6b353d478913b383c8d78e89-a4902ff79a053346-00",
        "User-Agent": "azsdk-net-DigitalTwins.Core/1.4.0-alpha.20220629.1 (.NET Core 3.1.26; Microsoft Windows 10.0.19044)",
        "x-ms-client-request-id": "f76055afeed3d20d85233321e8bdadac",
        "x-ms-return-client-request-id": "true"
      },
      "RequestBody": "[{\u0022op\u0022:\u0022add\u0022,\u0022path\u0022:\u0022/Humidity\u0022,\u0022value\u0022:30},{\u0022op\u0022:\u0022replace\u0022,\u0022path\u0022:\u0022/Temperature\u0022,\u0022value\u0022:70},{\u0022op\u0022:\u0022remove\u0022,\u0022path\u0022:\u0022/EmployeeId\u0022}]",
      "StatusCode": 204,
      "ResponseHeaders": {
        "Content-Length": "0",
        "Date": "Wed, 29 Jun 2022 09:17:47 GMT",
        "ETag": "W/\u00226e02fcd8-5492-4bcf-89bd-02fd91032ba5\u0022",
        "mise-correlation-id": "e9988238-3435-440a-80b4-b1e038d20584",
        "Strict-Transport-Security": "max-age=2592000",
        "traceresponse": "00-ccc0da2a6b353d478913b383c8d78e89-d11cf2ededbc0829-01"
      },
      "ResponseBody": null
    },
    {
      "RequestUri": "https://fakeHost.api.wus2.digitaltwins.azure.net/digitaltwins/roomTwin1355219331?api-version=2022-05-31",
      "RequestMethod": "PATCH",
      "RequestHeaders": {
        "Accept": "application/json",
        "Authorization": "Sanitized",
        "Content-Length": "48",
        "Content-Type": "application/json-patch\u002Bjson",
        "If-Match": "W/\u00222ad0f321-e742-4b99-a9f7-deca42148b3f\u0022",
        "traceparent": "00-424e605b7460de4cb834c41bf9cb2d70-136c4c1408b22246-00",
        "User-Agent": "azsdk-net-DigitalTwins.Core/1.4.0-alpha.20220629.1 (.NET Core 3.1.26; Microsoft Windows 10.0.19044)",
        "x-ms-client-request-id": "81077c3fc66495fa8329f8c7dc3335dd",
        "x-ms-return-client-request-id": "true"
      },
      "RequestBody": "[{\u0022op\u0022:\u0022replace\u0022,\u0022path\u0022:\u0022/Humidity\u0022,\u0022value\u0022:80}]",
      "StatusCode": 412,
      "ResponseHeaders": {
        "Content-Length": "300",
        "Content-Type": "application/json; charset=utf-8",
        "Date": "Wed, 29 Jun 2022 09:17:47 GMT",
        "mise-correlation-id": "e718b12f-8c57-41d1-9cc2-43d2bfab3793",
        "Strict-Transport-Security": "max-age=2592000",
        "traceresponse": "00-424e605b7460de4cb834c41bf9cb2d70-b3e2acdac42fa7ae-01"
      },
      "ResponseBody": {
        "error": {
          "code": "PreconditionFailed",
          "message": "The provided etag W/\u00222ad0f321-e742-4b99-a9f7-deca42148b3f\u0022 doesn\u0027t match the current etag for the resource. Please obtain and provide the latest etag by getting the resource. See section on get apis in the documentation https://aka.ms/adtv2twins."
        }
      }
    },
    {
      "RequestUri": "https://fakeHost.api.wus2.digitaltwins.azure.net/models/dtmi%3Aexample%3Aroom%3B113202986?api-version=2022-05-31",
      "RequestMethod": "DELETE",
      "RequestHeaders": {
        "Accept": "application/json",
        "Authorization": "Sanitized",
        "traceparent": "00-191271a88e23f84bb807f93c1ccbcd79-343fbdbe4442b94b-00",
        "User-Agent": "azsdk-net-DigitalTwins.Core/1.4.0-alpha.20220629.1 (.NET Core 3.1.26; Microsoft Windows 10.0.19044)",
        "x-ms-client-request-id": "482168bff3c27c14cd617f4649a03b93",
        "x-ms-return-client-request-id": "true"
      },
      "RequestBody": null,
      "StatusCode": 204,
      "ResponseHeaders": {
        "Content-Length": "0",
        "Date": "Wed, 29 Jun 2022 09:17:47 GMT",
        "mise-correlation-id": "a15c0565-aced-4b94-85e9-46925ba58ec0",
        "Strict-Transport-Security": "max-age=2592000",
        "traceresponse": "00-191271a88e23f84bb807f93c1ccbcd79-d5c07ac76bf5c64e-01"
      },
      "ResponseBody": null
    }
  ],
  "Variables": {
    "AZURE_AUTHORITY_HOST": "https://login.microsoftonline.com/",
    "DIGITALTWINS_URL": "https://fakeHost.api.wus2.digitaltwins.azure.net",
    "RandomSeed": "855611085"
  }
}
