{
  "Entries": [
    {
      "RequestUri": "/Subscriptions/c183865e-6077-46f2-a3b1-deb0f4f4650a/resourceGroups/siterecoveryprod1/providers/Microsoft.RecoveryServices/vaults/SDKVault/replicationFabrics/SiteRecoveryTestSite1?api-version=2018-07-10",
      "EncodedRequestUri": "L1N1YnNjcmlwdGlvbnMvYzE4Mzg2NWUtNjA3Ny00NmYyLWEzYjEtZGViMGY0ZjQ2NTBhL3Jlc291cmNlR3JvdXBzL3NpdGVyZWNvdmVyeXByb2QxL3Byb3ZpZGVycy9NaWNyb3NvZnQuUmVjb3ZlcnlTZXJ2aWNlcy92YXVsdHMvU0RLVmF1bHQvcmVwbGljYXRpb25GYWJyaWNzL1NpdGVSZWNvdmVyeVRlc3RTaXRlMT9hcGktdmVyc2lvbj0yMDE4LTA3LTEw",
      "RequestMethod": "GET",
      "RequestBody": "",
      "RequestHeaders": {
        "x-ms-client-request-id": [
          "24750c13-296c-4d8d-8d82-3645027e21f5"
        ],
        "accept-language": [
          "en-US"
        ],
        "User-Agent": [
          "FxVersion/4.6.25009.03",
          "Microsoft.Azure.Management.RecoveryServices.SiteRecovery.SiteRecoveryManagementClient/1.4.0.0"
        ]
      },
      "ResponseBody": "{\r\n  \"name\": \"SiteRecoveryTestSite1\",\r\n  \"type\": \"Microsoft.RecoveryServices/vaults/replicationFabrics\",\r\n  \"id\": \"/Subscriptions/c183865e-6077-46f2-a3b1-deb0f4f4650a/resourceGroups/siterecoveryprod1/providers/Microsoft.RecoveryServices/vaults/SDKVault/replicationFabrics/SiteRecoveryTestSite1\",\r\n  \"properties\": {\r\n    \"friendlyName\": \"SiteRecoveryTestSite1\",\r\n    \"encryptionDetails\": {\r\n      \"kekState\": \"None\",\r\n      \"kekCertThumbprint\": null\r\n    },\r\n    \"rolloverEncryptionDetails\": {\r\n      \"kekState\": \"None\",\r\n      \"kekCertThumbprint\": null\r\n    },\r\n    \"internalIdentifier\": \"fa06e03b-e306-52f4-a01f-88cdeba67a1c\",\r\n    \"bcdrState\": \"Valid\",\r\n    \"customDetails\": {\r\n      \"instanceType\": \"HyperVSite\"\r\n    },\r\n    \"healthErrorDetails\": [],\r\n    \"health\": \"Normal\"\r\n  }\r\n}",
      "ResponseHeaders": {
        "Content-Type": [
          "application/json"
        ],
        "Expires": [
          "-1"
        ],
        "Cache-Control": [
          "no-cache"
        ],
        "Date": [
          "Thu, 11 May 2017 18:00:55 GMT"
        ],
        "Pragma": [
          "no-cache"
        ],
        "Transfer-Encoding": [
          "chunked"
        ],
        "Server": [
          "Microsoft-IIS/8.0",
          "Microsoft-IIS/8.5"
        ],
        "Vary": [
          "Accept-Encoding"
        ],
        "x-ms-request-id": [
          "24750c13-296c-4d8d-8d82-3645027e21f5 5/11/2017 6:00:56 PM"
        ],
        "Strict-Transport-Security": [
          "max-age=31536000; includeSubDomains"
        ],
        "X-AspNet-Version": [
          "4.0.30319"
        ],
        "X-Powered-By": [
          "ASP.NET"
        ],
        "x-ms-client-request-id": [
          "24750c13-296c-4d8d-8d82-3645027e21f5"
        ],
        "x-ms-ratelimit-remaining-subscription-reads": [
          "13955"
        ],
        "x-ms-correlation-request-id": [
          "7666b7c0-dacd-409d-bc69-32cb8f67ccac"
        ],
        "x-ms-routing-request-id": [
          "CENTRALINDIA:20170511T180056Z:7666b7c0-dacd-409d-bc69-32cb8f67ccac"
        ]
      },
      "StatusCode": 200
    },
    {
      "RequestUri": "/Subscriptions/c183865e-6077-46f2-a3b1-deb0f4f4650a/resourceGroups/siterecoveryprod1/providers/Microsoft.RecoveryServices/vaults/SDKVault/replicationFabrics/SiteRecoveryTestSite1/replicationProtectionContainers?api-version=2018-07-10",
      "EncodedRequestUri": "L1N1YnNjcmlwdGlvbnMvYzE4Mzg2NWUtNjA3Ny00NmYyLWEzYjEtZGViMGY0ZjQ2NTBhL3Jlc291cmNlR3JvdXBzL3NpdGVyZWNvdmVyeXByb2QxL3Byb3ZpZGVycy9NaWNyb3NvZnQuUmVjb3ZlcnlTZXJ2aWNlcy92YXVsdHMvU0RLVmF1bHQvcmVwbGljYXRpb25GYWJyaWNzL1NpdGVSZWNvdmVyeVRlc3RTaXRlMS9yZXBsaWNhdGlvblByb3RlY3Rpb25Db250YWluZXJzP2FwaS12ZXJzaW9uPTIwMTgtMDctMTA=",
      "RequestMethod": "GET",
      "RequestBody": "",
      "RequestHeaders": {
        "x-ms-client-request-id": [
          "e3a4dbed-5370-4d87-ade3-c0180e93768d"
        ],
        "accept-language": [
          "en-US"
        ],
        "User-Agent": [
          "FxVersion/4.6.25009.03",
          "Microsoft.Azure.Management.RecoveryServices.SiteRecovery.SiteRecoveryManagementClient/1.4.0.0"
        ]
      },
      "ResponseBody": "{\r\n  \"value\": [\r\n    {\r\n      \"id\": \"/Subscriptions/c183865e-6077-46f2-a3b1-deb0f4f4650a/resourceGroups/siterecoveryprod1/providers/Microsoft.RecoveryServices/vaults/SDKVault/replicationFabrics/SiteRecoveryTestSite1/replicationProtectionContainers/cloud_fa06e03b-e306-52f4-a01f-88cdeba67a1c\",\r\n      \"name\": \"cloud_fa06e03b-e306-52f4-a01f-88cdeba67a1c\",\r\n      \"type\": \"Microsoft.RecoveryServices/vaults/replicationFabrics/replicationProtectionContainers\",\r\n      \"properties\": {\r\n        \"fabricFriendlyName\": \"SiteRecoveryTestSite1\",\r\n        \"friendlyName\": \"SiteRecoveryTestSite1\",\r\n        \"fabricType\": \"HyperVSite\",\r\n        \"protectedItemCount\": 0,\r\n        \"pairingStatus\": \"Paired\",\r\n        \"role\": \"Primary\",\r\n        \"fabricSpecificDetails\": null\r\n      }\r\n    }\r\n  ],\r\n  \"nextLink\": null\r\n}",
      "ResponseHeaders": {
        "Content-Type": [
          "application/json"
        ],
        "Expires": [
          "-1"
        ],
        "Cache-Control": [
          "no-cache"
        ],
        "Date": [
          "Thu, 11 May 2017 18:00:56 GMT"
        ],
        "Pragma": [
          "no-cache"
        ],
        "Transfer-Encoding": [
          "chunked"
        ],
        "Server": [
          "Microsoft-IIS/8.0",
          "Microsoft-IIS/8.5"
        ],
        "Vary": [
          "Accept-Encoding"
        ],
        "x-ms-request-id": [
          "e3a4dbed-5370-4d87-ade3-c0180e93768d 5/11/2017 6:00:57 PM"
        ],
        "Strict-Transport-Security": [
          "max-age=31536000; includeSubDomains"
        ],
        "X-AspNet-Version": [
          "4.0.30319"
        ],
        "X-Powered-By": [
          "ASP.NET"
        ],
        "x-ms-client-request-id": [
          "e3a4dbed-5370-4d87-ade3-c0180e93768d"
        ],
        "x-ms-ratelimit-remaining-subscription-reads": [
          "13953"
        ],
        "x-ms-correlation-request-id": [
          "d314a3b7-e272-48b3-a2dd-00bd1e22f190"
        ],
        "x-ms-routing-request-id": [
          "CENTRALINDIA:20170511T180056Z:d314a3b7-e272-48b3-a2dd-00bd1e22f190"
        ]
      },
      "StatusCode": 200
    },
    {
      "RequestUri": "/Subscriptions/c183865e-6077-46f2-a3b1-deb0f4f4650a/resourceGroups/siterecoveryprod1/providers/Microsoft.RecoveryServices/vaults/SDKVault/replicationFabrics/SiteRecoveryTestSite1/replicationProtectionContainers/cloud_fa06e03b-e306-52f4-a01f-88cdeba67a1c?api-version=2018-07-10",
      "EncodedRequestUri": "L1N1YnNjcmlwdGlvbnMvYzE4Mzg2NWUtNjA3Ny00NmYyLWEzYjEtZGViMGY0ZjQ2NTBhL3Jlc291cmNlR3JvdXBzL3NpdGVyZWNvdmVyeXByb2QxL3Byb3ZpZGVycy9NaWNyb3NvZnQuUmVjb3ZlcnlTZXJ2aWNlcy92YXVsdHMvU0RLVmF1bHQvcmVwbGljYXRpb25GYWJyaWNzL1NpdGVSZWNvdmVyeVRlc3RTaXRlMS9yZXBsaWNhdGlvblByb3RlY3Rpb25Db250YWluZXJzL2Nsb3VkX2ZhMDZlMDNiLWUzMDYtNTJmNC1hMDFmLTg4Y2RlYmE2N2ExYz9hcGktdmVyc2lvbj0yMDE4LTA3LTEw",
      "RequestMethod": "GET",
      "RequestBody": "",
      "RequestHeaders": {
        "x-ms-client-request-id": [
          "3024af46-0ddc-4a47-815e-f9b684d024dc"
        ],
        "accept-language": [
          "en-US"
        ],
        "User-Agent": [
          "FxVersion/4.6.25009.03",
          "Microsoft.Azure.Management.RecoveryServices.SiteRecovery.SiteRecoveryManagementClient/1.4.0.0"
        ]
      },
      "ResponseBody": "{\r\n  \"id\": \"/Subscriptions/c183865e-6077-46f2-a3b1-deb0f4f4650a/resourceGroups/siterecoveryprod1/providers/Microsoft.RecoveryServices/vaults/SDKVault/replicationFabrics/SiteRecoveryTestSite1/replicationProtectionContainers/cloud_fa06e03b-e306-52f4-a01f-88cdeba67a1c\",\r\n  \"name\": \"cloud_fa06e03b-e306-52f4-a01f-88cdeba67a1c\",\r\n  \"type\": \"Microsoft.RecoveryServices/vaults/replicationFabrics/replicationProtectionContainers\",\r\n  \"properties\": {\r\n    \"fabricFriendlyName\": \"SiteRecoveryTestSite1\",\r\n    \"friendlyName\": \"SiteRecoveryTestSite1\",\r\n    \"fabricType\": \"HyperVSite\",\r\n    \"protectedItemCount\": 0,\r\n    \"pairingStatus\": \"Paired\",\r\n    \"role\": \"Primary\",\r\n    \"fabricSpecificDetails\": null\r\n  }\r\n}",
      "ResponseHeaders": {
        "Content-Type": [
          "application/json"
        ],
        "Expires": [
          "-1"
        ],
        "Cache-Control": [
          "no-cache"
        ],
        "Date": [
          "Thu, 11 May 2017 18:00:56 GMT"
        ],
        "Pragma": [
          "no-cache"
        ],
        "Transfer-Encoding": [
          "chunked"
        ],
        "Server": [
          "Microsoft-IIS/8.0",
          "Microsoft-IIS/8.5"
        ],
        "Vary": [
          "Accept-Encoding"
        ],
        "x-ms-request-id": [
          "3024af46-0ddc-4a47-815e-f9b684d024dc 5/11/2017 6:00:57 PM"
        ],
        "Strict-Transport-Security": [
          "max-age=31536000; includeSubDomains"
        ],
        "X-AspNet-Version": [
          "4.0.30319"
        ],
        "X-Powered-By": [
          "ASP.NET"
        ],
        "x-ms-client-request-id": [
          "3024af46-0ddc-4a47-815e-f9b684d024dc"
        ],
        "x-ms-ratelimit-remaining-subscription-reads": [
          "13952"
        ],
        "x-ms-correlation-request-id": [
          "6d08f855-f8da-40fb-8e97-0cc2fbd08e5c"
        ],
        "x-ms-routing-request-id": [
          "CENTRALINDIA:20170511T180057Z:6d08f855-f8da-40fb-8e97-0cc2fbd08e5c"
        ]
      },
      "StatusCode": 200
    },
    {
      "RequestUri": "/Subscriptions/c183865e-6077-46f2-a3b1-deb0f4f4650a/resourceGroups/siterecoveryprod1/providers/Microsoft.RecoveryServices/vaults/SDKVault/replicationFabrics/SiteRecoveryTestSite1/replicationProtectionContainers/cloud_fa06e03b-e306-52f4-a01f-88cdeba67a1c/replicationProtectableItems?api-version=2018-07-10",
      "EncodedRequestUri": "L1N1YnNjcmlwdGlvbnMvYzE4Mzg2NWUtNjA3Ny00NmYyLWEzYjEtZGViMGY0ZjQ2NTBhL3Jlc291cmNlR3JvdXBzL3NpdGVyZWNvdmVyeXByb2QxL3Byb3ZpZGVycy9NaWNyb3NvZnQuUmVjb3ZlcnlTZXJ2aWNlcy92YXVsdHMvU0RLVmF1bHQvcmVwbGljYXRpb25GYWJyaWNzL1NpdGVSZWNvdmVyeVRlc3RTaXRlMS9yZXBsaWNhdGlvblByb3RlY3Rpb25Db250YWluZXJzL2Nsb3VkX2ZhMDZlMDNiLWUzMDYtNTJmNC1hMDFmLTg4Y2RlYmE2N2ExYy9yZXBsaWNhdGlvblByb3RlY3RhYmxlSXRlbXM/YXBpLXZlcnNpb249MjAxOC0wNy0xMA==",
      "RequestMethod": "GET",
      "RequestBody": "",
      "RequestHeaders": {
        "x-ms-client-request-id": [
          "68e57116-9929-44cc-9717-03577314f5f9"
        ],
        "accept-language": [
          "en-US"
        ],
        "User-Agent": [
          "FxVersion/4.6.25009.03",
          "Microsoft.Azure.Management.RecoveryServices.SiteRecovery.SiteRecoveryManagementClient/1.4.0.0"
        ]
      },
      "ResponseBody": "{\r\n  \"value\": [\r\n    {\r\n      \"id\": \"/Subscriptions/c183865e-6077-46f2-a3b1-deb0f4f4650a/resourceGroups/siterecoveryprod1/providers/Microsoft.RecoveryServices/vaults/SDKVault/replicationFabrics/SiteRecoveryTestSite1/replicationProtectionContainers/cloud_fa06e03b-e306-52f4-a01f-88cdeba67a1c/replicationProtectableItems/687ec666-8b4f-4fea-97f5-247c793765d1\",\r\n      \"name\": \"687ec666-8b4f-4fea-97f5-247c793765d1\",\r\n      \"type\": \"Microsoft.RecoveryServices/vaults/replicationFabrics/replicationProtectionContainers/replicationProtectableItems\",\r\n      \"properties\": {\r\n        \"friendlyName\": \"vm11\",\r\n        \"protectionStatus\": \"Unprotected\",\r\n        \"replicationProtectedItemId\": null,\r\n        \"recoveryServicesProviderId\": \"/Subscriptions/c183865e-6077-46f2-a3b1-deb0f4f4650a/resourceGroups/siterecoveryprod1/providers/Microsoft.RecoveryServices/vaults/SDKVault/replicationFabrics/SiteRecoveryTestSite1/replicationRecoveryServicesProviders/ba2a2d25-377f-4f4b-94a4-2981c79b0998\",\r\n        \"protectionReadinessErrors\": [],\r\n        \"supportedReplicationProviders\": [\r\n          \"HyperVReplicaAzure\"\r\n        ],\r\n        \"customDetails\": {\r\n          \"instanceType\": \"HyperVVirtualMachine\",\r\n          \"sourceItemId\": \"687ec666-8b4f-4fea-97f5-247c793765d1\",\r\n          \"generation\": \"1\",\r\n          \"osDetails\": null,\r\n          \"diskDetails\": [\r\n            {\r\n              \"maxSizeMB\": 1024,\r\n              \"vhdType\": \"Data\",\r\n              \"vhdId\": \"5bb00ca8-d850-49fb-afdc-052413458ea2\",\r\n              \"vhdName\": \"vm11\"\r\n            }\r\n          ]\r\n        }\r\n      }\r\n    },\r\n    {\r\n      \"id\": \"/Subscriptions/c183865e-6077-46f2-a3b1-deb0f4f4650a/resourceGroups/siterecoveryprod1/providers/Microsoft.RecoveryServices/vaults/SDKVault/replicationFabrics/SiteRecoveryTestSite1/replicationProtectionContainers/cloud_fa06e03b-e306-52f4-a01f-88cdeba67a1c/replicationProtectableItems/cf29eb7a-58e1-45b4-b760-c530c1134df4\",\r\n      \"name\": \"cf29eb7a-58e1-45b4-b760-c530c1134df4\",\r\n      \"type\": \"Microsoft.RecoveryServices/vaults/replicationFabrics/replicationProtectionContainers/replicationProtectableItems\",\r\n      \"properties\": {\r\n        \"friendlyName\": \"vm2\",\r\n        \"protectionStatus\": \"Unprotected\",\r\n        \"replicationProtectedItemId\": null,\r\n        \"recoveryServicesProviderId\": \"/Subscriptions/c183865e-6077-46f2-a3b1-deb0f4f4650a/resourceGroups/siterecoveryprod1/providers/Microsoft.RecoveryServices/vaults/SDKVault/replicationFabrics/SiteRecoveryTestSite1/replicationRecoveryServicesProviders/ba2a2d25-377f-4f4b-94a4-2981c79b0998\",\r\n        \"protectionReadinessErrors\": [],\r\n        \"supportedReplicationProviders\": [\r\n          \"HyperVReplicaAzure\"\r\n        ],\r\n        \"customDetails\": {\r\n          \"instanceType\": \"HyperVVirtualMachine\",\r\n          \"sourceItemId\": \"cf29eb7a-58e1-45b4-b760-c530c1134df4\",\r\n          \"generation\": \"1\",\r\n          \"osDetails\": null,\r\n          \"diskDetails\": [\r\n            {\r\n              \"maxSizeMB\": 1024,\r\n              \"vhdType\": \"Data\",\r\n              \"vhdId\": \"474006f7-6ae8-4c26-9143-e056b30374ab\",\r\n              \"vhdName\": \"vm2\"\r\n            }\r\n          ]\r\n        }\r\n      }\r\n    },\r\n    {\r\n      \"id\": \"/Subscriptions/c183865e-6077-46f2-a3b1-deb0f4f4650a/resourceGroups/siterecoveryprod1/providers/Microsoft.RecoveryServices/vaults/SDKVault/replicationFabrics/SiteRecoveryTestSite1/replicationProtectionContainers/cloud_fa06e03b-e306-52f4-a01f-88cdeba67a1c/replicationProtectableItems/f8491e4f-817a-40dd-a90c-af773978c75b\",\r\n      \"name\": \"f8491e4f-817a-40dd-a90c-af773978c75b\",\r\n      \"type\": \"Microsoft.RecoveryServices/vaults/replicationFabrics/replicationProtectionContainers/replicationProtectableItems\",\r\n      \"properties\": {\r\n        \"friendlyName\": \"vm1\",\r\n        \"protectionStatus\": \"Unprotected\",\r\n        \"replicationProtectedItemId\": null,\r\n        \"recoveryServicesProviderId\": \"/Subscriptions/c183865e-6077-46f2-a3b1-deb0f4f4650a/resourceGroups/siterecoveryprod1/providers/Microsoft.RecoveryServices/vaults/SDKVault/replicationFabrics/SiteRecoveryTestSite1/replicationRecoveryServicesProviders/ba2a2d25-377f-4f4b-94a4-2981c79b0998\",\r\n        \"protectionReadinessErrors\": [],\r\n        \"supportedReplicationProviders\": [\r\n          \"HyperVReplicaAzure\"\r\n        ],\r\n        \"customDetails\": {\r\n          \"instanceType\": \"HyperVVirtualMachine\",\r\n          \"sourceItemId\": \"f8491e4f-817a-40dd-a90c-af773978c75b\",\r\n          \"generation\": \"1\",\r\n          \"osDetails\": null,\r\n          \"diskDetails\": [\r\n            {\r\n              \"maxSizeMB\": 1024,\r\n              \"vhdType\": \"Data\",\r\n              \"vhdId\": \"5f01e3a8-73fb-4c60-8cfc-e69297e5d96b\",\r\n              \"vhdName\": \"vm1\"\r\n            }\r\n          ]\r\n        }\r\n      }\r\n    },\r\n    {\r\n      \"id\": \"/Subscriptions/c183865e-6077-46f2-a3b1-deb0f4f4650a/resourceGroups/siterecoveryprod1/providers/Microsoft.RecoveryServices/vaults/SDKVault/replicationFabrics/SiteRecoveryTestSite1/replicationProtectionContainers/cloud_fa06e03b-e306-52f4-a01f-88cdeba67a1c/replicationProtectableItems/fb40cf9f-b731-4c16-9d31-ef3d5e81193d\",\r\n      \"name\": \"fb40cf9f-b731-4c16-9d31-ef3d5e81193d\",\r\n      \"type\": \"Microsoft.RecoveryServices/vaults/replicationFabrics/replicationProtectionContainers/replicationProtectableItems\",\r\n      \"properties\": {\r\n        \"friendlyName\": \"Nakul\",\r\n        \"protectionStatus\": \"Unprotected\",\r\n        \"replicationProtectedItemId\": null,\r\n        \"recoveryServicesProviderId\": \"/Subscriptions/c183865e-6077-46f2-a3b1-deb0f4f4650a/resourceGroups/siterecoveryprod1/providers/Microsoft.RecoveryServices/vaults/SDKVault/replicationFabrics/SiteRecoveryTestSite1/replicationRecoveryServicesProviders/ba2a2d25-377f-4f4b-94a4-2981c79b0998\",\r\n        \"protectionReadinessErrors\": [],\r\n        \"supportedReplicationProviders\": [\r\n          \"HyperVReplicaAzure\"\r\n        ],\r\n        \"customDetails\": {\r\n          \"instanceType\": \"HyperVVirtualMachine\",\r\n          \"sourceItemId\": \"fb40cf9f-b731-4c16-9d31-ef3d5e81193d\",\r\n          \"generation\": \"2\",\r\n          \"osDetails\": null,\r\n          \"diskDetails\": [\r\n            {\r\n              \"maxSizeMB\": 25600,\r\n              \"vhdType\": \"Data\",\r\n              \"vhdId\": \"bb2ce67e-8f5b-49ee-ac6a-a0b14e8622c1\",\r\n              \"vhdName\": \"FRTest\"\r\n            }\r\n          ]\r\n        }\r\n      }\r\n    }\r\n  ],\r\n  \"nextLink\": \"https://management.azure.com/Subscriptions/c183865e-6077-46f2-a3b1-deb0f4f4650a/resourceGroups/siterecoveryprod1/providers/Microsoft.RecoveryServices/vaults/SDKVault/replicationFabrics/SiteRecoveryTestSite1/replicationProtectionContainers/cloud_fa06e03b-e306-52f4-a01f-88cdeba67a1c/replicationProtectableItems?api-version=2018-07-10&%24skipToken=ReplicationGroup%3aBegin\"\r\n}",
      "ResponseHeaders": {
        "Content-Type": [
          "application/json"
        ],
        "Expires": [
          "-1"
        ],
        "Cache-Control": [
          "no-cache"
        ],
        "Date": [
          "Thu, 11 May 2017 18:00:57 GMT"
        ],
        "Pragma": [
          "no-cache"
        ],
        "Transfer-Encoding": [
          "chunked"
        ],
        "Server": [
          "Microsoft-IIS/8.0",
          "Microsoft-IIS/8.5"
        ],
        "Vary": [
          "Accept-Encoding"
        ],
        "x-ms-request-id": [
          "68e57116-9929-44cc-9717-03577314f5f9 5/11/2017 6:00:58 PM"
        ],
        "Strict-Transport-Security": [
          "max-age=31536000; includeSubDomains"
        ],
        "X-AspNet-Version": [
          "4.0.30319"
        ],
        "X-Powered-By": [
          "ASP.NET"
        ],
        "x-ms-client-request-id": [
          "68e57116-9929-44cc-9717-03577314f5f9"
        ],
        "x-ms-ratelimit-remaining-subscription-reads": [
          "13951"
        ],
        "x-ms-correlation-request-id": [
          "cbee5835-955e-4913-a895-37e5b13e80b1"
        ],
        "x-ms-routing-request-id": [
          "CENTRALINDIA:20170511T180058Z:cbee5835-955e-4913-a895-37e5b13e80b1"
        ]
      },
      "StatusCode": 200
    }
  ],
  "Names": {},
  "Variables": {
    "SubscriptionId": "c183865e-6077-46f2-a3b1-deb0f4f4650a"
  }
}
