{
  "Entries": [
    {
      "RequestUri": "https://oauthfilerest5.file.core.windows.net/test-share-71af31a2-8370-296c-3451-fc5cd7a89bf9?restype=share",
      "RequestMethod": "PUT",
      "RequestHeaders": {
        "Accept": "application/xml",
        "Authorization": "Sanitized",
        "Content-Length": "0",
        "traceparent": "00-61ae389a67c3f24088861c1b33f4f367-f30fb6392f502942-00",
        "User-Agent": "azsdk-net-Storage.Files.Shares/12.12.0-alpha.20220728.1 (.NET Framework 4.8.4510.0; Microsoft Windows 10.0.19044 )",
        "x-ms-client-request-id": "aa54ae51-155c-5fb7-66b7-6348f59abeed",
        "x-ms-file-request-intent": "backup",
        "x-ms-return-client-request-id": "true",
        "x-ms-version": "2021-10-04"
      },
      "RequestBody": null,
      "StatusCode": 201,
      "ResponseHeaders": {
        "Content-Length": "0",
        "Date": "Thu, 28 Jul 2022 17:55:23 GMT",
        "ETag": "\u00220x8DA70C25868AAAB\u0022",
        "Last-Modified": "Thu, 28 Jul 2022 17:55:23 GMT",
        "Server": [
          "Windows-Azure-File/1.0",
          "Microsoft-HTTPAPI/2.0"
        ],
        "x-ms-client-request-id": "aa54ae51-155c-5fb7-66b7-6348f59abeed",
        "x-ms-request-id": "6a28e520-c01a-002f-23ab-a2f776000000",
        "x-ms-version": "2021-10-04"
      },
      "ResponseBody": null
    },
    {
      "RequestUri": "https://oauthfilerest5.file.core.windows.net/test-share-71af31a2-8370-296c-3451-fc5cd7a89bf9/test-directory-b48d2538-b7bd-c5de-315b-8b0e6a746d90?restype=directory",
      "RequestMethod": "PUT",
      "RequestHeaders": {
        "Accept": "application/xml",
        "Authorization": "Sanitized",
        "Content-Length": "0",
        "traceparent": "00-78f3111dfab57f4c80f67a076d4ffddb-91b8a0f511e21f43-00",
        "User-Agent": "azsdk-net-Storage.Files.Shares/12.12.0-alpha.20220728.1 (.NET Framework 4.8.4510.0; Microsoft Windows 10.0.19044 )",
        "x-ms-client-request-id": "95bf2ca3-ee16-998c-cf8f-780089a9f5f2",
        "x-ms-file-attributes": "None",
        "x-ms-file-creation-time": "Now",
        "x-ms-file-last-write-time": "Now",
        "x-ms-file-permission": "Inherit",
        "x-ms-file-request-intent": "backup",
        "x-ms-return-client-request-id": "true",
        "x-ms-version": "2021-10-04"
      },
      "RequestBody": null,
      "StatusCode": 201,
      "ResponseHeaders": {
        "Content-Length": "0",
        "Date": "Thu, 28 Jul 2022 17:55:23 GMT",
        "ETag": "\u00220x8DA70C2587D6EB0\u0022",
        "Last-Modified": "Thu, 28 Jul 2022 17:55:23 GMT",
        "Server": [
          "Windows-Azure-File/1.0",
          "Microsoft-HTTPAPI/2.0"
        ],
        "x-ms-client-request-id": "95bf2ca3-ee16-998c-cf8f-780089a9f5f2",
        "x-ms-file-attributes": "Directory",
        "x-ms-file-change-time": "2022-07-28T17:55:23.6928176Z",
        "x-ms-file-creation-time": "2022-07-28T17:55:23.6928176Z",
        "x-ms-file-id": "13835128424026341376",
        "x-ms-file-last-write-time": "2022-07-28T17:55:23.6928176Z",
        "x-ms-file-parent-id": "0",
        "x-ms-file-permission-key": "13845701464110498980*12177440975642301229",
        "x-ms-request-id": "6a28e529-c01a-002f-29ab-a2f776000000",
        "x-ms-request-server-encrypted": "true",
        "x-ms-version": "2021-10-04"
      },
      "ResponseBody": null
    },
    {
      "RequestUri": "https://oauthfilerest5.file.core.windows.net/test-share-71af31a2-8370-296c-3451-fc5cd7a89bf9/test-directory-b48d2538-b7bd-c5de-315b-8b0e6a746d90/test-file-4199d249-958e-4799-8829-aab6a8654c7a",
      "RequestMethod": "PUT",
      "RequestHeaders": {
        "Accept": "application/xml",
        "Authorization": "Sanitized",
        "Content-Length": "0",
        "traceparent": "00-3d43b727078d214698f6f1a5773afbb6-41a286acb471ab42-00",
        "User-Agent": "azsdk-net-Storage.Files.Shares/12.12.0-alpha.20220728.1 (.NET Framework 4.8.4510.0; Microsoft Windows 10.0.19044 )",
        "x-ms-client-request-id": "a6301b11-1d1d-0dbc-9277-0ded44d6f16a",
        "x-ms-content-length": "1048576",
        "x-ms-file-attributes": "None",
        "x-ms-file-creation-time": "Now",
        "x-ms-file-last-write-time": "Now",
        "x-ms-file-permission": "Inherit",
        "x-ms-file-request-intent": "backup",
        "x-ms-return-client-request-id": "true",
        "x-ms-type": "file",
        "x-ms-version": "2021-10-04"
      },
      "RequestBody": null,
      "StatusCode": 201,
      "ResponseHeaders": {
        "Content-Length": "0",
        "Date": "Thu, 28 Jul 2022 17:55:23 GMT",
        "ETag": "\u00220x8DA70C258933D77\u0022",
        "Last-Modified": "Thu, 28 Jul 2022 17:55:23 GMT",
        "Server": [
          "Windows-Azure-File/1.0",
          "Microsoft-HTTPAPI/2.0"
        ],
        "x-ms-client-request-id": "a6301b11-1d1d-0dbc-9277-0ded44d6f16a",
        "x-ms-file-attributes": "Archive",
        "x-ms-file-change-time": "2022-07-28T17:55:23.8357367Z",
        "x-ms-file-creation-time": "2022-07-28T17:55:23.8357367Z",
        "x-ms-file-id": "11529285414812647424",
        "x-ms-file-last-write-time": "2022-07-28T17:55:23.8357367Z",
        "x-ms-file-parent-id": "13835128424026341376",
        "x-ms-file-permission-key": "26491967737166755*12177440975642301229",
        "x-ms-request-id": "6a28e52b-c01a-002f-2bab-a2f776000000",
        "x-ms-request-server-encrypted": "true",
        "x-ms-version": "2021-10-04"
      },
      "ResponseBody": null
    },
    {
      "RequestUri": "https://oauthfilerest5.file.core.windows.net/test-share-71af31a2-8370-296c-3451-fc5cd7a89bf9/test-directory-b48d2538-b7bd-c5de-315b-8b0e6a746d90/test-file-4199d249-958e-4799-8829-aab6a8654c7a?comp=range",
      "RequestMethod": "PUT",
      "RequestHeaders": {
        "Accept": "application/xml",
        "Authorization": "Sanitized",
        "Content-Length": "0",
        "Content-Type": "application/octet-stream",
        "traceparent": "00-162352b5d4ff964f85097c7f86eeb67d-6ce0053eb2556048-00",
        "User-Agent": "azsdk-net-Storage.Files.Shares/12.12.0-alpha.20220728.1 (.NET Framework 4.8.4510.0; Microsoft Windows 10.0.19044 )",
        "x-ms-client-request-id": "8ca4494f-a634-e05d-845e-aa3dcb8c7c50",
        "x-ms-file-request-intent": "backup",
        "x-ms-range": "bytes=1024-2047",
        "x-ms-return-client-request-id": "true",
        "x-ms-version": "2021-10-04",
        "x-ms-write": "clear"
      },
      "RequestBody": null,
      "StatusCode": 201,
      "ResponseHeaders": {
        "Content-Length": "0",
        "Date": "Thu, 28 Jul 2022 17:55:23 GMT",
        "ETag": "\u00220x8DA70C2589E385A\u0022",
        "Last-Modified": "Thu, 28 Jul 2022 17:55:23 GMT",
        "Server": [
          "Windows-Azure-File/1.0",
          "Microsoft-HTTPAPI/2.0"
        ],
        "x-ms-client-request-id": "8ca4494f-a634-e05d-845e-aa3dcb8c7c50",
        "x-ms-file-last-write-time": "2022-07-28T17:55:23.9076954Z",
        "x-ms-request-id": "6a28e52c-c01a-002f-2cab-a2f776000000",
        "x-ms-version": "2021-10-04"
      },
      "ResponseBody": null
    },
    {
      "RequestUri": "https://oauthfilerest5.file.core.windows.net/test-share-71af31a2-8370-296c-3451-fc5cd7a89bf9?restype=share",
      "RequestMethod": "DELETE",
      "RequestHeaders": {
        "Accept": "application/xml",
        "Authorization": "Sanitized",
        "traceparent": "00-d3c77cf7d631654c9f265f1f253919ac-3daa6ae4e9e2c545-00",
        "User-Agent": "azsdk-net-Storage.Files.Shares/12.12.0-alpha.20220728.1 (.NET Framework 4.8.4510.0; Microsoft Windows 10.0.19044 )",
        "x-ms-client-request-id": "fa9d21a7-6431-9c35-a123-c4df0d00a5cc",
        "x-ms-delete-snapshots": "include",
        "x-ms-return-client-request-id": "true",
        "x-ms-version": "2021-10-04"
      },
      "RequestBody": null,
      "StatusCode": 202,
      "ResponseHeaders": {
        "Content-Length": "0",
        "Date": "Thu, 28 Jul 2022 17:55:23 GMT",
        "Server": [
          "Windows-Azure-File/1.0",
          "Microsoft-HTTPAPI/2.0"
        ],
        "x-ms-client-request-id": "fa9d21a7-6431-9c35-a123-c4df0d00a5cc",
        "x-ms-request-id": "6a28e52d-c01a-002f-2dab-a2f776000000",
        "x-ms-version": "2021-10-04"
      },
      "ResponseBody": null
    }
  ],
  "Variables": {
    "RandomSeed": "1147102853",
    "Storage_TestConfigOAuth": "OAuthTenant\noauthfilerest5\nU2FuaXRpemVk\nhttps://oauthfilerest5.blob.core.windows.net\nhttps://oauthfilerest5.file.core.windows.net\nhttps://oauthfilerest5.queue.core.windows.net\nhttps://oauthfilerest5.table.core.windows.net\n\n\n\n\nhttps://oauthfilerest5-secondary.blob.core.windows.net\nhttps://oauthfilerest5-secondary.file.core.windows.net\nhttps://oauthfilerest5-secondary.queue.core.windows.net\nhttps://oauthfilerest5-secondary.table.core.windows.net\n68390a19-a643-458b-b726-408abf67b4fc\nSanitized\n72f988bf-86f1-41af-91ab-2d7cd011db47\nhttps://login.microsoftonline.com/\nCloud\nBlobEndpoint=https://oauthfilerest5.blob.core.windows.net/;QueueEndpoint=https://oauthfilerest5.queue.core.windows.net/;FileEndpoint=https://oauthfilerest5.file.core.windows.net/;BlobSecondaryEndpoint=https://oauthfilerest5-secondary.blob.core.windows.net/;QueueSecondaryEndpoint=https://oauthfilerest5-secondary.queue.core.windows.net/;FileSecondaryEndpoint=https://oauthfilerest5-secondary.file.core.windows.net/;AccountName=oauthfilerest5;AccountKey=Sanitized\n\njaschrep\nba45b233-e2ef-4169-8808-49eb0d8eba0d"
  }
}
