{
  "Entries": [
    {
      "RequestUri": "https://seanmcccanary3.file.core.windows.net/test-share-b1abe7d9-5402-94d7-5e9f-33b5bd763ee6?restype=share",
      "RequestMethod": "PUT",
      "RequestHeaders": {
        "Accept": "application/xml",
        "Authorization": "Sanitized",
        "traceparent": "00-b5e3d177faa16645a6d0ee4222ebcf39-c6d157c2fa9c794a-00",
        "User-Agent": [
          "azsdk-net-Storage.Files.Shares/12.7.0-alpha.20210121.1",
          "(.NET 5.0.2; Microsoft Windows 10.0.19042)"
        ],
        "x-ms-client-request-id": "e22e99ca-33cc-1928-3073-375ca8a528fa",
        "x-ms-date": "Thu, 21 Jan 2021 20:38:37 GMT",
        "x-ms-return-client-request-id": "true",
        "x-ms-version": "2020-04-08"
      },
      "RequestBody": null,
      "StatusCode": 201,
      "ResponseHeaders": {
        "Content-Length": "0",
        "Date": "Thu, 21 Jan 2021 20:38:36 GMT",
        "ETag": "\u00220x8D8BE4C878D8A52\u0022",
        "Last-Modified": "Thu, 21 Jan 2021 20:38:37 GMT",
        "Server": [
          "Windows-Azure-File/1.0",
          "Microsoft-HTTPAPI/2.0"
        ],
        "x-ms-client-request-id": "e22e99ca-33cc-1928-3073-375ca8a528fa",
        "x-ms-request-id": "505a98ca-401a-001a-2c35-f0bb1d000000",
        "x-ms-version": "2020-04-08"
      },
      "ResponseBody": []
    },
    {
      "RequestUri": "https://seanmcccanary3.file.core.windows.net/test-share-b1abe7d9-5402-94d7-5e9f-33b5bd763ee6/test-file-21a73a18-a3fa-3f9f-37ca-687324ab485a",
      "RequestMethod": "PUT",
      "RequestHeaders": {
        "Accept": "application/xml",
        "Authorization": "Sanitized",
        "traceparent": "00-a1c059835410d7428213e37815f87efd-596db32e52ef6a45-00",
        "User-Agent": [
          "azsdk-net-Storage.Files.Shares/12.7.0-alpha.20210121.1",
          "(.NET 5.0.2; Microsoft Windows 10.0.19042)"
        ],
        "x-ms-client-request-id": "12123566-a55c-26b3-f9ee-ab02cab5f584",
        "x-ms-content-length": "10240",
        "x-ms-date": "Thu, 21 Jan 2021 20:38:37 GMT",
        "x-ms-file-attributes": "None",
        "x-ms-file-creation-time": "Now",
        "x-ms-file-last-write-time": "Now",
        "x-ms-file-permission": "Inherit",
        "x-ms-return-client-request-id": "true",
        "x-ms-type": "file",
        "x-ms-version": "2020-04-08"
      },
      "RequestBody": null,
      "StatusCode": 201,
      "ResponseHeaders": {
        "Content-Length": "0",
        "Date": "Thu, 21 Jan 2021 20:38:36 GMT",
        "ETag": "\u00220x8D8BE4C879725FF\u0022",
        "Last-Modified": "Thu, 21 Jan 2021 20:38:37 GMT",
        "Server": [
          "Windows-Azure-File/1.0",
          "Microsoft-HTTPAPI/2.0"
        ],
        "x-ms-client-request-id": "12123566-a55c-26b3-f9ee-ab02cab5f584",
        "x-ms-file-attributes": "Archive",
        "x-ms-file-change-time": "2021-01-21T20:38:37.4546943Z",
        "x-ms-file-creation-time": "2021-01-21T20:38:37.4546943Z",
        "x-ms-file-id": "13835128424026341376",
        "x-ms-file-last-write-time": "2021-01-21T20:38:37.4546943Z",
        "x-ms-file-parent-id": "0",
        "x-ms-file-permission-key": "4010187179898695473*11459378189709739967",
        "x-ms-request-id": "505a98cd-401a-001a-2d35-f0bb1d000000",
        "x-ms-request-server-encrypted": "true",
        "x-ms-version": "2020-04-08"
      },
      "ResponseBody": []
    },
    {
      "RequestUri": "https://seanmcccanary3.file.core.windows.net/test-share-b1abe7d9-5402-94d7-5e9f-33b5bd763ee6/test-file-21a73a18-a3fa-3f9f-37ca-687324ab485a?comp=lease",
      "RequestMethod": "PUT",
      "RequestHeaders": {
        "Accept": "application/xml",
        "Authorization": "Sanitized",
        "traceparent": "00-4538cb1b5cc615489c405313810a997e-d864fde20c45904f-00",
        "User-Agent": [
          "azsdk-net-Storage.Files.Shares/12.7.0-alpha.20210121.1",
          "(.NET 5.0.2; Microsoft Windows 10.0.19042)"
        ],
        "x-ms-client-request-id": "854fa800-13cf-61e8-8256-f1d6feaeb0d5",
        "x-ms-date": "Thu, 21 Jan 2021 20:38:37 GMT",
        "x-ms-lease-action": "acquire",
        "x-ms-lease-duration": "-1",
        "x-ms-proposed-lease-id": "2484dc2b-04ba-bcb2-2086-a7057624dde4",
        "x-ms-return-client-request-id": "true",
        "x-ms-version": "2020-04-08"
      },
      "RequestBody": null,
      "StatusCode": 201,
      "ResponseHeaders": {
        "Date": "Thu, 21 Jan 2021 20:38:36 GMT",
        "ETag": "\u00220x8D8BE4C879725FF\u0022",
        "Last-Modified": "Thu, 21 Jan 2021 20:38:37 GMT",
        "Server": [
          "Windows-Azure-File/1.0",
          "Microsoft-HTTPAPI/2.0"
        ],
        "Transfer-Encoding": "chunked",
        "x-ms-client-request-id": "854fa800-13cf-61e8-8256-f1d6feaeb0d5",
        "x-ms-lease-id": "2484dc2b-04ba-bcb2-2086-a7057624dde4",
        "x-ms-request-id": "505a98cf-401a-001a-2e35-f0bb1d000000",
        "x-ms-version": "2020-04-08"
      },
      "ResponseBody": []
    },
    {
      "RequestUri": "https://seanmcccanary3.file.core.windows.net/test-share-b1abe7d9-5402-94d7-5e9f-33b5bd763ee6/test-file-21a73a18-a3fa-3f9f-37ca-687324ab485a?comp=range",
      "RequestMethod": "PUT",
      "RequestHeaders": {
        "Accept": "application/xml",
        "Authorization": "Sanitized",
        "Content-Length": "0",
        "Content-Type": "application/octet-stream",
        "traceparent": "00-33fa4eb18b23f44aaecd0622b483379a-a05cafc3d56d9f42-00",
        "User-Agent": [
          "azsdk-net-Storage.Files.Shares/12.7.0-alpha.20210121.1",
          "(.NET 5.0.2; Microsoft Windows 10.0.19042)"
        ],
        "x-ms-client-request-id": "ce04e12f-57d4-7f15-ddaa-6c4244283421",
        "x-ms-date": "Thu, 21 Jan 2021 20:38:37 GMT",
        "x-ms-lease-id": "2484dc2b-04ba-bcb2-2086-a7057624dde4",
        "x-ms-range": "bytes=1024-2047",
        "x-ms-return-client-request-id": "true",
        "x-ms-version": "2020-04-08",
        "x-ms-write": "clear"
      },
      "RequestBody": [],
      "StatusCode": 201,
      "ResponseHeaders": {
        "Content-Length": "0",
        "Date": "Thu, 21 Jan 2021 20:38:36 GMT",
        "ETag": "\u00220x8D8BE4C87A9EE19\u0022",
        "Last-Modified": "Thu, 21 Jan 2021 20:38:37 GMT",
        "Server": [
          "Windows-Azure-File/1.0",
          "Microsoft-HTTPAPI/2.0"
        ],
        "x-ms-client-request-id": "ce04e12f-57d4-7f15-ddaa-6c4244283421",
        "x-ms-request-id": "505a98d0-401a-001a-2f35-f0bb1d000000",
        "x-ms-version": "2020-04-08"
      },
      "ResponseBody": []
    },
    {
      "RequestUri": "https://seanmcccanary3.file.core.windows.net/test-share-b1abe7d9-5402-94d7-5e9f-33b5bd763ee6?restype=share",
      "RequestMethod": "DELETE",
      "RequestHeaders": {
        "Accept": "application/xml",
        "Authorization": "Sanitized",
        "traceparent": "00-54829999fabce34897f0835788c483e7-45447a5a07c75a4a-00",
        "User-Agent": [
          "azsdk-net-Storage.Files.Shares/12.7.0-alpha.20210121.1",
          "(.NET 5.0.2; Microsoft Windows 10.0.19042)"
        ],
        "x-ms-client-request-id": "1ca6e84b-e1a9-b900-b1ef-27fd99a9b0b5",
        "x-ms-date": "Thu, 21 Jan 2021 20:38:37 GMT",
        "x-ms-delete-snapshots": "include",
        "x-ms-return-client-request-id": "true",
        "x-ms-version": "2020-04-08"
      },
      "RequestBody": null,
      "StatusCode": 202,
      "ResponseHeaders": {
        "Content-Length": "0",
        "Date": "Thu, 21 Jan 2021 20:38:36 GMT",
        "Server": [
          "Windows-Azure-File/1.0",
          "Microsoft-HTTPAPI/2.0"
        ],
        "x-ms-client-request-id": "1ca6e84b-e1a9-b900-b1ef-27fd99a9b0b5",
        "x-ms-request-id": "505a98d1-401a-001a-3035-f0bb1d000000",
        "x-ms-version": "2020-04-08"
      },
      "ResponseBody": []
    }
  ],
  "Variables": {
    "RandomSeed": "83570796",
    "Storage_TestConfigDefault": "ProductionTenant\nseanmcccanary3\nU2FuaXRpemVk\nhttps://seanmcccanary3.blob.core.windows.net\nhttps://seanmcccanary3.file.core.windows.net\nhttps://seanmcccanary3.queue.core.windows.net\nhttps://seanmcccanary3.table.core.windows.net\n\n\n\n\nhttps://seanmcccanary3-secondary.blob.core.windows.net\nhttps://seanmcccanary3-secondary.file.core.windows.net\nhttps://seanmcccanary3-secondary.queue.core.windows.net\nhttps://seanmcccanary3-secondary.table.core.windows.net\n\nSanitized\n\n\nCloud\nBlobEndpoint=https://seanmcccanary3.blob.core.windows.net/;QueueEndpoint=https://seanmcccanary3.queue.core.windows.net/;FileEndpoint=https://seanmcccanary3.file.core.windows.net/;BlobSecondaryEndpoint=https://seanmcccanary3-secondary.blob.core.windows.net/;QueueSecondaryEndpoint=https://seanmcccanary3-secondary.queue.core.windows.net/;FileSecondaryEndpoint=https://seanmcccanary3-secondary.file.core.windows.net/;AccountName=seanmcccanary3;AccountKey=Kg==;\nseanscope1"
  }
}