{
  "Entries": [
    {
      "RequestUri": "http://seanstagetest.file.core.windows.net/test-share-c6190306-ba78-76b5-a9b8-7b435dec924e?restype=share",
      "RequestMethod": "PUT",
      "RequestHeaders": {
        "Authorization": "Sanitized",
        "traceparent": "00-ed42c7263e6d414cb2aaf5a41bd7b9d6-b44f0c212f0a5145-00",
        "User-Agent": [
          "azsdk-net-Storage.Files.Shares/12.0.0-dev.20191209.1\u002B61bda4d1783b0e05dba0d434ff14b2840726d3b1",
          "(.NET Core 4.6.28008.01; Microsoft Windows 10.0.18363 )"
        ],
        "x-ms-client-request-id": "db407f01-7fcf-1bb9-8abe-6f8f92c4fc08",
        "x-ms-date": "Tue, 10 Dec 2019 06:01:02 GMT",
        "x-ms-return-client-request-id": "true",
        "x-ms-version": "2019-07-07"
      },
      "RequestBody": null,
      "StatusCode": 201,
      "ResponseHeaders": {
        "Content-Length": "0",
        "Date": "Tue, 10 Dec 2019 06:01:01 GMT",
        "ETag": "\u00220x8D77D36561F0F1A\u0022",
        "Last-Modified": "Tue, 10 Dec 2019 06:01:02 GMT",
        "Server": [
          "Windows-Azure-File/1.0",
          "Microsoft-HTTPAPI/2.0"
        ],
        "x-ms-client-request-id": "db407f01-7fcf-1bb9-8abe-6f8f92c4fc08",
        "x-ms-request-id": "38a4f96e-501a-0034-6f1f-afa1f3000000",
        "x-ms-version": "2019-07-07"
      },
      "ResponseBody": []
    },
    {
      "RequestUri": "http://seanstagetest.file.core.windows.net/test-share-c6190306-ba78-76b5-a9b8-7b435dec924e/test-directory-e2389fe7-3e27-bbb4-8e17-5a860036b86f/test-file-de4167ff-b6ac-047e-8bc9-32d2dbe46fa7",
      "RequestMethod": "PUT",
      "RequestHeaders": {
        "Authorization": "Sanitized",
        "traceparent": "00-2537fbde29740a48aeee1ffe8d873ffc-8639412914645a49-00",
        "User-Agent": [
          "azsdk-net-Storage.Files.Shares/12.0.0-dev.20191209.1\u002B61bda4d1783b0e05dba0d434ff14b2840726d3b1",
          "(.NET Core 4.6.28008.01; Microsoft Windows 10.0.18363 )"
        ],
        "x-ms-client-request-id": "2a900005-1e82-305c-2133-575d0be2e0aa",
        "x-ms-content-length": "1024",
        "x-ms-date": "Tue, 10 Dec 2019 06:01:02 GMT",
        "x-ms-file-attributes": "None",
        "x-ms-file-creation-time": "Now",
        "x-ms-file-last-write-time": "Now",
        "x-ms-file-permission": "Inherit",
        "x-ms-return-client-request-id": "true",
        "x-ms-type": "file",
        "x-ms-version": "2019-07-07"
      },
      "RequestBody": null,
      "StatusCode": 404,
      "ResponseHeaders": {
        "Content-Length": "224",
        "Content-Type": "application/xml",
        "Date": "Tue, 10 Dec 2019 06:01:02 GMT",
        "Server": [
          "Windows-Azure-File/1.0",
          "Microsoft-HTTPAPI/2.0"
        ],
        "x-ms-client-request-id": "2a900005-1e82-305c-2133-575d0be2e0aa",
        "x-ms-error-code": "ParentNotFound",
        "x-ms-request-id": "38a4f970-501a-0034-701f-afa1f3000000",
        "x-ms-version": "2019-07-07"
      },
      "ResponseBody": [
        "\uFEFF\u003C?xml version=\u00221.0\u0022 encoding=\u0022utf-8\u0022?\u003E\u003CError\u003E\u003CCode\u003EParentNotFound\u003C/Code\u003E\u003CMessage\u003EThe specified parent path does not exist.\n",
        "RequestId:38a4f970-501a-0034-701f-afa1f3000000\n",
        "Time:2019-12-10T06:01:02.3896558Z\u003C/Message\u003E\u003C/Error\u003E"
      ]
    },
    {
      "RequestUri": "http://seanstagetest.file.core.windows.net/test-share-c6190306-ba78-76b5-a9b8-7b435dec924e?restype=share",
      "RequestMethod": "DELETE",
      "RequestHeaders": {
        "Authorization": "Sanitized",
        "traceparent": "00-18d8811f5a33f4408336bc308c5b219b-1c5fb938b685db45-00",
        "User-Agent": [
          "azsdk-net-Storage.Files.Shares/12.0.0-dev.20191209.1\u002B61bda4d1783b0e05dba0d434ff14b2840726d3b1",
          "(.NET Core 4.6.28008.01; Microsoft Windows 10.0.18363 )"
        ],
        "x-ms-client-request-id": "dacddeae-4554-d724-5566-fdcd7e8eb7e8",
        "x-ms-date": "Tue, 10 Dec 2019 06:01:02 GMT",
        "x-ms-delete-snapshots": "include",
        "x-ms-return-client-request-id": "true",
        "x-ms-version": "2019-07-07"
      },
      "RequestBody": null,
      "StatusCode": 202,
      "ResponseHeaders": {
        "Content-Length": "0",
        "Date": "Tue, 10 Dec 2019 06:01:02 GMT",
        "Server": [
          "Windows-Azure-File/1.0",
          "Microsoft-HTTPAPI/2.0"
        ],
        "x-ms-client-request-id": "dacddeae-4554-d724-5566-fdcd7e8eb7e8",
        "x-ms-request-id": "38a4f971-501a-0034-711f-afa1f3000000",
        "x-ms-version": "2019-07-07"
      },
      "ResponseBody": []
    }
  ],
  "Variables": {
    "RandomSeed": "903977922",
    "Storage_TestConfigDefault": "ProductionTenant\nseanstagetest\nU2FuaXRpemVk\nhttp://seanstagetest.blob.core.windows.net\nhttp://seanstagetest.file.core.windows.net\nhttp://seanstagetest.queue.core.windows.net\nhttp://seanstagetest.table.core.windows.net\n\n\n\n\nhttp://seanstagetest-secondary.blob.core.windows.net\nhttp://seanstagetest-secondary.file.core.windows.net\nhttp://seanstagetest-secondary.queue.core.windows.net\nhttp://seanstagetest-secondary.table.core.windows.net\n\nSanitized\n\n\nCloud\nBlobEndpoint=http://seanstagetest.blob.core.windows.net/;QueueEndpoint=http://seanstagetest.queue.core.windows.net/;FileEndpoint=http://seanstagetest.file.core.windows.net/;BlobSecondaryEndpoint=http://seanstagetest-secondary.blob.core.windows.net/;QueueSecondaryEndpoint=http://seanstagetest-secondary.queue.core.windows.net/;FileSecondaryEndpoint=http://seanstagetest-secondary.file.core.windows.net/;AccountName=seanstagetest;AccountKey=Sanitized"
  }
}