{
  "Entries": [
    {
      "RequestUri": "http://amandacanary.file.core.windows.net/test-share-bdcdea02-4640-7004-9a8e-c75e647f8ad2?restype=share",
      "RequestMethod": "PUT",
      "RequestHeaders": {
        "Authorization": "Sanitized",
        "traceparent": "00-7e5fff7759ebbe4998f3246ebe95bd14-55f866d4c8669a4b-00",
        "User-Agent": [
          "azsdk-net-Storage.Files.Shares/12.3.0-dev.20200424.1",
          "(.NET Core 4.6.28619.01; Microsoft Windows 10.0.18363 )"
        ],
        "x-ms-client-request-id": "a38433c3-be96-77b8-3e95-3bf1f016c1a4",
        "x-ms-date": "Sat, 25 Apr 2020 01:19:43 GMT",
        "x-ms-return-client-request-id": "true",
        "x-ms-version": "2019-12-12"
      },
      "RequestBody": null,
      "StatusCode": 201,
      "ResponseHeaders": {
        "Content-Length": "0",
        "Date": "Sat, 25 Apr 2020 01:19:43 GMT",
        "ETag": "\u00220x8D7E8B6BC70360E\u0022",
        "Last-Modified": "Sat, 25 Apr 2020 01:19:43 GMT",
        "Server": [
          "Windows-Azure-File/1.0",
          "Microsoft-HTTPAPI/2.0"
        ],
        "x-ms-client-request-id": "a38433c3-be96-77b8-3e95-3bf1f016c1a4",
        "x-ms-request-id": "8411e2a5-001a-007c-129f-1a0b56000000",
        "x-ms-version": "2019-12-12"
      },
      "ResponseBody": []
    },
    {
      "RequestUri": "http://amandacanary.file.core.windows.net/test-share-bdcdea02-4640-7004-9a8e-c75e647f8ad2/test-directory-5144760a-24b2-a191-cf4a-b2625d5a94fd?restype=directory",
      "RequestMethod": "PUT",
      "RequestHeaders": {
        "Authorization": "Sanitized",
        "traceparent": "00-4fb2b52860b1a54db3e960e38e8f0fbe-278e5feb1f48114f-00",
        "User-Agent": [
          "azsdk-net-Storage.Files.Shares/12.3.0-dev.20200424.1",
          "(.NET Core 4.6.28619.01; Microsoft Windows 10.0.18363 )"
        ],
        "x-ms-client-request-id": "659f441c-5558-9f0c-a1e3-d34b0c5619e3",
        "x-ms-date": "Sat, 25 Apr 2020 01:19:43 GMT",
        "x-ms-file-attributes": "None",
        "x-ms-file-creation-time": "Now",
        "x-ms-file-last-write-time": "Now",
        "x-ms-file-permission": "Inherit",
        "x-ms-return-client-request-id": "true",
        "x-ms-version": "2019-12-12"
      },
      "RequestBody": null,
      "StatusCode": 201,
      "ResponseHeaders": {
        "Content-Length": "0",
        "Date": "Sat, 25 Apr 2020 01:19:44 GMT",
        "ETag": "\u00220x8D7E8B6BC7C49B2\u0022",
        "Last-Modified": "Sat, 25 Apr 2020 01:19:44 GMT",
        "Server": [
          "Windows-Azure-File/1.0",
          "Microsoft-HTTPAPI/2.0"
        ],
        "x-ms-client-request-id": "659f441c-5558-9f0c-a1e3-d34b0c5619e3",
        "x-ms-file-attributes": "Directory",
        "x-ms-file-change-time": "2020-04-25T01:19:44.0168370Z",
        "x-ms-file-creation-time": "2020-04-25T01:19:44.0168370Z",
        "x-ms-file-id": "13835128424026341376",
        "x-ms-file-last-write-time": "2020-04-25T01:19:44.0168370Z",
        "x-ms-file-parent-id": "0",
        "x-ms-file-permission-key": "15599277547783403350*12727421398096584927",
        "x-ms-request-id": "8411e2a7-001a-007c-139f-1a0b56000000",
        "x-ms-request-server-encrypted": "true",
        "x-ms-version": "2019-12-12"
      },
      "ResponseBody": []
    },
    {
      "RequestUri": "http://amandacanary.file.core.windows.net/test-share-bdcdea02-4640-7004-9a8e-c75e647f8ad2/test-directory-5144760a-24b2-a191-cf4a-b2625d5a94fd/test-file-e80a3d00-8f7b-23a8-3984-d624da4e7ca6",
      "RequestMethod": "PUT",
      "RequestHeaders": {
        "Authorization": "Sanitized",
        "traceparent": "00-2cefbc509b73994fb4ef923db06f6df8-9d8422b481404547-00",
        "User-Agent": [
          "azsdk-net-Storage.Files.Shares/12.3.0-dev.20200424.1",
          "(.NET Core 4.6.28619.01; Microsoft Windows 10.0.18363 )"
        ],
        "x-ms-client-request-id": "e7426673-aa1e-8c78-9b7c-2bd37ee7c553",
        "x-ms-content-length": "1048576",
        "x-ms-date": "Sat, 25 Apr 2020 01:19:44 GMT",
        "x-ms-file-attributes": "None",
        "x-ms-file-creation-time": "Now",
        "x-ms-file-last-write-time": "Now",
        "x-ms-file-permission": "Inherit",
        "x-ms-meta-Capital": "letter",
        "x-ms-meta-foo": "bar",
        "x-ms-meta-meta": "data",
        "x-ms-meta-UPPER": "case",
        "x-ms-return-client-request-id": "true",
        "x-ms-type": "file",
        "x-ms-version": "2019-12-12"
      },
      "RequestBody": null,
      "StatusCode": 201,
      "ResponseHeaders": {
        "Content-Length": "0",
        "Date": "Sat, 25 Apr 2020 01:19:44 GMT",
        "ETag": "\u00220x8D7E8B6BC8792C5\u0022",
        "Last-Modified": "Sat, 25 Apr 2020 01:19:44 GMT",
        "Server": [
          "Windows-Azure-File/1.0",
          "Microsoft-HTTPAPI/2.0"
        ],
        "x-ms-client-request-id": "e7426673-aa1e-8c78-9b7c-2bd37ee7c553",
        "x-ms-file-attributes": "Archive",
        "x-ms-file-change-time": "2020-04-25T01:19:44.0907973Z",
        "x-ms-file-creation-time": "2020-04-25T01:19:44.0907973Z",
        "x-ms-file-id": "11529285414812647424",
        "x-ms-file-last-write-time": "2020-04-25T01:19:44.0907973Z",
        "x-ms-file-parent-id": "13835128424026341376",
        "x-ms-file-permission-key": "1729393344912377937*12727421398096584927",
        "x-ms-request-id": "8411e2a8-001a-007c-149f-1a0b56000000",
        "x-ms-request-server-encrypted": "true",
        "x-ms-version": "2019-12-12"
      },
      "ResponseBody": []
    },
    {
      "RequestUri": "http://amandacanary.file.core.windows.net/test-share-bdcdea02-4640-7004-9a8e-c75e647f8ad2/test-directory-5144760a-24b2-a191-cf4a-b2625d5a94fd/test-file-e80a3d00-8f7b-23a8-3984-d624da4e7ca6",
      "RequestMethod": "HEAD",
      "RequestHeaders": {
        "Authorization": "Sanitized",
        "traceparent": "00-7096fcf809b2794288d3dc627f8bc711-7a3d193f01c08f43-00",
        "User-Agent": [
          "azsdk-net-Storage.Files.Shares/12.3.0-dev.20200424.1",
          "(.NET Core 4.6.28619.01; Microsoft Windows 10.0.18363 )"
        ],
        "x-ms-client-request-id": "73b1b2d0-940c-0e88-44b9-7c3f04d11114",
        "x-ms-date": "Sat, 25 Apr 2020 01:19:44 GMT",
        "x-ms-return-client-request-id": "true",
        "x-ms-version": "2019-12-12"
      },
      "RequestBody": null,
      "StatusCode": 200,
      "ResponseHeaders": {
        "Content-Length": "1048576",
        "Content-Type": "application/octet-stream",
        "Date": "Sat, 25 Apr 2020 01:19:44 GMT",
        "ETag": "\u00220x8D7E8B6BC8792C5\u0022",
        "Last-Modified": "Sat, 25 Apr 2020 01:19:44 GMT",
        "Server": [
          "Windows-Azure-File/1.0",
          "Microsoft-HTTPAPI/2.0"
        ],
        "Vary": "Origin",
        "x-ms-client-request-id": "73b1b2d0-940c-0e88-44b9-7c3f04d11114",
        "x-ms-file-attributes": "Archive",
        "x-ms-file-change-time": "2020-04-25T01:19:44.0907973Z",
        "x-ms-file-creation-time": "2020-04-25T01:19:44.0907973Z",
        "x-ms-file-id": "11529285414812647424",
        "x-ms-file-last-write-time": "2020-04-25T01:19:44.0907973Z",
        "x-ms-file-parent-id": "13835128424026341376",
        "x-ms-file-permission-key": "1729393344912377937*12727421398096584927",
        "x-ms-lease-state": "available",
        "x-ms-lease-status": "unlocked",
        "x-ms-meta-Capital": "letter",
        "x-ms-meta-foo": "bar",
        "x-ms-meta-meta": "data",
        "x-ms-meta-UPPER": "case",
        "x-ms-request-id": "8411e2a9-001a-007c-159f-1a0b56000000",
        "x-ms-server-encrypted": "true",
        "x-ms-type": "File",
        "x-ms-version": "2019-12-12"
      },
      "ResponseBody": []
    },
    {
      "RequestUri": "http://amandacanary.file.core.windows.net/test-share-bdcdea02-4640-7004-9a8e-c75e647f8ad2?restype=share",
      "RequestMethod": "DELETE",
      "RequestHeaders": {
        "Authorization": "Sanitized",
        "traceparent": "00-0fab405e41739a4e99b6ac19d5d3750a-7c6c1118a019a042-00",
        "User-Agent": [
          "azsdk-net-Storage.Files.Shares/12.3.0-dev.20200424.1",
          "(.NET Core 4.6.28619.01; Microsoft Windows 10.0.18363 )"
        ],
        "x-ms-client-request-id": "cc03e26c-5135-d246-a484-095684e8ccc7",
        "x-ms-date": "Sat, 25 Apr 2020 01:19:44 GMT",
        "x-ms-delete-snapshots": "include",
        "x-ms-return-client-request-id": "true",
        "x-ms-version": "2019-12-12"
      },
      "RequestBody": null,
      "StatusCode": 202,
      "ResponseHeaders": {
        "Content-Length": "0",
        "Date": "Sat, 25 Apr 2020 01:19:44 GMT",
        "Server": [
          "Windows-Azure-File/1.0",
          "Microsoft-HTTPAPI/2.0"
        ],
        "x-ms-client-request-id": "cc03e26c-5135-d246-a484-095684e8ccc7",
        "x-ms-request-id": "8411e2aa-001a-007c-169f-1a0b56000000",
        "x-ms-version": "2019-12-12"
      },
      "ResponseBody": []
    }
  ],
  "Variables": {
    "RandomSeed": "2087717683",
    "Storage_TestConfigDefault": "ProductionTenant\namandacanary\nU2FuaXRpemVk\nhttp://amandacanary.blob.core.windows.net\nhttp://amandacanary.file.core.windows.net\nhttp://amandacanary.queue.core.windows.net\nhttp://amandacanary.table.core.windows.net\n\n\n\n\nhttp://amandacanary-secondary.blob.core.windows.net\nhttp://amandacanary-secondary.file.core.windows.net\nhttp://amandacanary-secondary.queue.core.windows.net\nhttp://amandacanary-secondary.table.core.windows.net\n\nSanitized\n\n\nCloud\nBlobEndpoint=http://amandacanary.blob.core.windows.net/;QueueEndpoint=http://amandacanary.queue.core.windows.net/;FileEndpoint=http://amandacanary.file.core.windows.net/;BlobSecondaryEndpoint=http://amandacanary-secondary.blob.core.windows.net/;QueueSecondaryEndpoint=http://amandacanary-secondary.queue.core.windows.net/;FileSecondaryEndpoint=http://amandacanary-secondary.file.core.windows.net/;AccountName=amandacanary;AccountKey=Sanitized\n\nDefaultEndpointsProtocol=https;AccountName=ortestsaccountcbn1;AccountKey=OrRfzSm3ktQSklAGiL90/QusS7SdS6Y5S/AJoxZEeyKYDtnue7OKYIMLOraTnT4xcOyhYbqzWVmtTKappcc5Fg==;EndpointSuffix=core.windows.net\nDefaultEndpointsProtocol=https;AccountName=vbalaorcentral1;AccountKey=vlHMz/LZ3Sx7r/1bdTQT26pG0tqORQ4uTIcxGhHB0LQhIhqGxfv2TXV7u\u002BI2ra4UWXrWGGHG2N6l\u002BBfb5FgAcQ==;EndpointSuffix=core.windows.net"
  }
}