{
  "Entries": [
    {
      "RequestUri": "http://seanstagetest.file.core.windows.net/test-share-1a717af4-f577-7319-f637-e37cf788c006?restype=share",
      "RequestMethod": "PUT",
      "RequestHeaders": {
        "Authorization": "Sanitized",
        "traceparent": "00-7c354e8be1967d47b122c746132d9d28-bea6d8d0314e7643-00",
        "User-Agent": [
          "azsdk-net-Storage.Files.Shares/12.0.0-dev.20191204.1\u002B5028d723e0cdeb10a227db4dee6ed6afa7cb4fa8",
          "(.NET Core 4.6.28008.01; Microsoft Windows 10.0.18363 )"
        ],
        "x-ms-client-request-id": "9a189abf-ec40-4fc3-c49c-6204dbef3638",
        "x-ms-date": "Thu, 05 Dec 2019 04:10:06 GMT",
        "x-ms-return-client-request-id": "true",
        "x-ms-share-quota": "1",
        "x-ms-version": "2019-07-07"
      },
      "RequestBody": null,
      "StatusCode": 201,
      "ResponseHeaders": {
        "Content-Length": "0",
        "Date": "Thu, 05 Dec 2019 04:10:05 GMT",
        "ETag": "\u00220x8D7793902AF5474\u0022",
        "Last-Modified": "Thu, 05 Dec 2019 04:10:06 GMT",
        "Server": [
          "Windows-Azure-File/1.0",
          "Microsoft-HTTPAPI/2.0"
        ],
        "x-ms-client-request-id": "9a189abf-ec40-4fc3-c49c-6204dbef3638",
        "x-ms-request-id": "0119f769-f01a-0002-0c21-ab2c83000000",
        "x-ms-version": "2019-07-07"
      },
      "ResponseBody": []
    },
    {
      "RequestUri": "http://seanstagetest.file.core.windows.net/test-share-1a717af4-f577-7319-f637-e37cf788c006/test-directory-b295c79e-9b3b-1ce1-972b-1e00380e223b?restype=directory",
      "RequestMethod": "PUT",
      "RequestHeaders": {
        "Authorization": "Sanitized",
        "traceparent": "00-deee0b423088c94f9a3a76eb3b103ed4-84c0d6e80c8c5f4b-00",
        "User-Agent": [
          "azsdk-net-Storage.Files.Shares/12.0.0-dev.20191204.1\u002B5028d723e0cdeb10a227db4dee6ed6afa7cb4fa8",
          "(.NET Core 4.6.28008.01; Microsoft Windows 10.0.18363 )"
        ],
        "x-ms-client-request-id": "896d8340-e726-24ce-b9fb-0314cdc217b6",
        "x-ms-date": "Thu, 05 Dec 2019 04:10:06 GMT",
        "x-ms-file-attributes": "None",
        "x-ms-file-creation-time": "Now",
        "x-ms-file-last-write-time": "Now",
        "x-ms-file-permission": "Inherit",
        "x-ms-return-client-request-id": "true",
        "x-ms-version": "2019-07-07"
      },
      "RequestBody": null,
      "StatusCode": 201,
      "ResponseHeaders": {
        "Content-Length": "0",
        "Date": "Thu, 05 Dec 2019 04:10:05 GMT",
        "ETag": "\u00220x8D7793902C082E1\u0022",
        "Last-Modified": "Thu, 05 Dec 2019 04:10:06 GMT",
        "Server": [
          "Windows-Azure-File/1.0",
          "Microsoft-HTTPAPI/2.0"
        ],
        "x-ms-client-request-id": "896d8340-e726-24ce-b9fb-0314cdc217b6",
        "x-ms-file-attributes": "Directory",
        "x-ms-file-change-time": "2019-12-05T04:10:06.2482145Z",
        "x-ms-file-creation-time": "2019-12-05T04:10:06.2482145Z",
        "x-ms-file-id": "13835128424026341376",
        "x-ms-file-last-write-time": "2019-12-05T04:10:06.2482145Z",
        "x-ms-file-parent-id": "0",
        "x-ms-file-permission-key": "7855875120676328179*422928105932735866",
        "x-ms-request-id": "0119f76c-f01a-0002-0e21-ab2c83000000",
        "x-ms-request-server-encrypted": "true",
        "x-ms-version": "2019-07-07"
      },
      "ResponseBody": []
    },
    {
      "RequestUri": "http://seanstagetest.file.core.windows.net/test-share-1a717af4-f577-7319-f637-e37cf788c006/test-directory-b295c79e-9b3b-1ce1-972b-1e00380e223b/test-file-0166277a-d832-78c8-018d-4476dcc6a6b7",
      "RequestMethod": "PUT",
      "RequestHeaders": {
        "Authorization": "Sanitized",
        "traceparent": "00-c5553eca0a9e3d4995cb509c70f250d9-f0e9797f0cc86343-00",
        "User-Agent": [
          "azsdk-net-Storage.Files.Shares/12.0.0-dev.20191204.1\u002B5028d723e0cdeb10a227db4dee6ed6afa7cb4fa8",
          "(.NET Core 4.6.28008.01; Microsoft Windows 10.0.18363 )"
        ],
        "x-ms-cache-control": "muweyiubxbsydicariun",
        "x-ms-client-request-id": "4ea008ae-6878-67d8-bbf4-8898a25847f2",
        "x-ms-content-disposition": "jebwhxrkypbfkbbktnxt",
        "x-ms-content-encoding": "lhnhhusgcqyeeccityvb",
        "x-ms-content-language": "pjbianochrgejbcbpspm",
        "x-ms-content-length": "1048576",
        "x-ms-content-md5": "YMxZWG2CSFyje4pRoz\u002BuOw==",
        "x-ms-content-type": "ekihqvahxsqtqwdbffhs",
        "x-ms-date": "Thu, 05 Dec 2019 04:10:06 GMT",
        "x-ms-file-attributes": "None",
        "x-ms-file-creation-time": "Now",
        "x-ms-file-last-write-time": "Now",
        "x-ms-file-permission": "Inherit",
        "x-ms-return-client-request-id": "true",
        "x-ms-type": "file",
        "x-ms-version": "2019-07-07"
      },
      "RequestBody": null,
      "StatusCode": 201,
      "ResponseHeaders": {
        "Content-Length": "0",
        "Date": "Thu, 05 Dec 2019 04:10:05 GMT",
        "ETag": "\u00220x8D7793902CE62E1\u0022",
        "Last-Modified": "Thu, 05 Dec 2019 04:10:06 GMT",
        "Server": [
          "Windows-Azure-File/1.0",
          "Microsoft-HTTPAPI/2.0"
        ],
        "x-ms-client-request-id": "4ea008ae-6878-67d8-bbf4-8898a25847f2",
        "x-ms-file-attributes": "Archive",
        "x-ms-file-change-time": "2019-12-05T04:10:06.3391457Z",
        "x-ms-file-creation-time": "2019-12-05T04:10:06.3391457Z",
        "x-ms-file-id": "11529285414812647424",
        "x-ms-file-last-write-time": "2019-12-05T04:10:06.3391457Z",
        "x-ms-file-parent-id": "13835128424026341376",
        "x-ms-file-permission-key": "12501538048846835188*422928105932735866",
        "x-ms-request-id": "0119f76d-f01a-0002-0f21-ab2c83000000",
        "x-ms-request-server-encrypted": "true",
        "x-ms-version": "2019-07-07"
      },
      "ResponseBody": []
    },
    {
      "RequestUri": "http://seanstagetest.file.core.windows.net/test-share-1a717af4-f577-7319-f637-e37cf788c006/test-directory-b295c79e-9b3b-1ce1-972b-1e00380e223b/test-file-0166277a-d832-78c8-018d-4476dcc6a6b7",
      "RequestMethod": "HEAD",
      "RequestHeaders": {
        "Authorization": "Sanitized",
        "traceparent": "00-6217faf2bd9e1146a94f8d9bc45e1940-e8ceb8811054a149-00",
        "User-Agent": [
          "azsdk-net-Storage.Files.Shares/12.0.0-dev.20191204.1\u002B5028d723e0cdeb10a227db4dee6ed6afa7cb4fa8",
          "(.NET Core 4.6.28008.01; Microsoft Windows 10.0.18363 )"
        ],
        "x-ms-client-request-id": "d4c79952-5826-5a3e-3a58-f8ac107c12b3",
        "x-ms-date": "Thu, 05 Dec 2019 04:10:06 GMT",
        "x-ms-return-client-request-id": "true",
        "x-ms-version": "2019-07-07"
      },
      "RequestBody": null,
      "StatusCode": 200,
      "ResponseHeaders": {
        "Cache-Control": "muweyiubxbsydicariun",
        "Content-Disposition": "jebwhxrkypbfkbbktnxt",
        "Content-Encoding": "lhnhhusgcqyeeccityvb",
        "Content-Language": "pjbianochrgejbcbpspm",
        "Content-Length": "1048576",
        "Content-MD5": "YMxZWG2CSFyje4pRoz\u002BuOw==",
        "Content-Type": "ekihqvahxsqtqwdbffhs",
        "Date": "Thu, 05 Dec 2019 04:10:05 GMT",
        "ETag": "\u00220x8D7793902CE62E1\u0022",
        "Last-Modified": "Thu, 05 Dec 2019 04:10:06 GMT",
        "Server": [
          "Windows-Azure-File/1.0",
          "Microsoft-HTTPAPI/2.0"
        ],
        "Vary": "Origin",
        "x-ms-client-request-id": "d4c79952-5826-5a3e-3a58-f8ac107c12b3",
        "x-ms-file-attributes": "Archive",
        "x-ms-file-change-time": "2019-12-05T04:10:06.3391457Z",
        "x-ms-file-creation-time": "2019-12-05T04:10:06.3391457Z",
        "x-ms-file-id": "11529285414812647424",
        "x-ms-file-last-write-time": "2019-12-05T04:10:06.3391457Z",
        "x-ms-file-parent-id": "13835128424026341376",
        "x-ms-file-permission-key": "12501538048846835188*422928105932735866",
        "x-ms-lease-state": "available",
        "x-ms-lease-status": "unlocked",
        "x-ms-request-id": "0119f774-f01a-0002-1421-ab2c83000000",
        "x-ms-server-encrypted": "true",
        "x-ms-type": "File",
        "x-ms-version": "2019-07-07"
      },
      "ResponseBody": []
    },
    {
      "RequestUri": "http://seanstagetest.file.core.windows.net/test-share-1a717af4-f577-7319-f637-e37cf788c006?restype=share",
      "RequestMethod": "DELETE",
      "RequestHeaders": {
        "Authorization": "Sanitized",
        "traceparent": "00-1925280da3e7b347895924bd559d2bae-aa45870957106e47-00",
        "User-Agent": [
          "azsdk-net-Storage.Files.Shares/12.0.0-dev.20191204.1\u002B5028d723e0cdeb10a227db4dee6ed6afa7cb4fa8",
          "(.NET Core 4.6.28008.01; Microsoft Windows 10.0.18363 )"
        ],
        "x-ms-client-request-id": "0946379e-7390-fccc-0df7-7fa96969d295",
        "x-ms-date": "Thu, 05 Dec 2019 04:10:06 GMT",
        "x-ms-delete-snapshots": "include",
        "x-ms-return-client-request-id": "true",
        "x-ms-version": "2019-07-07"
      },
      "RequestBody": null,
      "StatusCode": 202,
      "ResponseHeaders": {
        "Content-Length": "0",
        "Date": "Thu, 05 Dec 2019 04:10:05 GMT",
        "Server": [
          "Windows-Azure-File/1.0",
          "Microsoft-HTTPAPI/2.0"
        ],
        "x-ms-client-request-id": "0946379e-7390-fccc-0df7-7fa96969d295",
        "x-ms-request-id": "0119f778-f01a-0002-1821-ab2c83000000",
        "x-ms-version": "2019-07-07"
      },
      "ResponseBody": []
    }
  ],
  "Variables": {
    "DateTimeOffsetNow": "2019-12-04T20:10:06.1278022-08:00",
    "RandomSeed": "1731584380",
    "Storage_TestConfigDefault": "ProductionTenant\nseanstagetest\nU2FuaXRpemVk\nhttp://seanstagetest.blob.core.windows.net\nhttp://seanstagetest.file.core.windows.net\nhttp://seanstagetest.queue.core.windows.net\nhttp://seanstagetest.table.core.windows.net\n\n\n\n\nhttp://seanstagetest-secondary.blob.core.windows.net\nhttp://seanstagetest-secondary.file.core.windows.net\nhttp://seanstagetest-secondary.queue.core.windows.net\nhttp://seanstagetest-secondary.table.core.windows.net\n\nSanitized\n\n\nCloud\nBlobEndpoint=http://seanstagetest.blob.core.windows.net/;QueueEndpoint=http://seanstagetest.queue.core.windows.net/;FileEndpoint=http://seanstagetest.file.core.windows.net/;BlobSecondaryEndpoint=http://seanstagetest-secondary.blob.core.windows.net/;QueueSecondaryEndpoint=http://seanstagetest-secondary.queue.core.windows.net/;FileSecondaryEndpoint=http://seanstagetest-secondary.file.core.windows.net/;AccountName=seanstagetest;AccountKey=Sanitized"
  }
}