{
  "Entries": [
    {
      "RequestUri": "http://seanstagetest.file.core.windows.net/test-share-c13bff48-514f-16ea-e61f-c712c7bb65c5?restype=share",
      "RequestMethod": "PUT",
      "RequestHeaders": {
        "Authorization": "Sanitized",
        "traceparent": "00-826e8f1d3afa424fa3408f839c61dd33-5fed43064a10114e-00",
        "User-Agent": [
          "azsdk-net-Storage.Files.Shares/12.0.0-dev.20191211.1\u002B2accb37068f0a0c9382fa117525bb968c5397cf7",
          "(.NET Core 4.6.28008.01; Microsoft Windows 10.0.18363 )"
        ],
        "x-ms-client-request-id": "e32633ac-1465-71b3-1fdf-ed0d939653c9",
        "x-ms-date": "Wed, 11 Dec 2019 23:07:12 GMT",
        "x-ms-return-client-request-id": "true",
        "x-ms-version": "2019-07-07"
      },
      "RequestBody": null,
      "StatusCode": 201,
      "ResponseHeaders": {
        "Content-Length": "0",
        "Date": "Wed, 11 Dec 2019 23:07:12 GMT",
        "ETag": "\u00220x8D77E8EDB7F8823\u0022",
        "Last-Modified": "Wed, 11 Dec 2019 23:07:12 GMT",
        "Server": [
          "Windows-Azure-File/1.0",
          "Microsoft-HTTPAPI/2.0"
        ],
        "x-ms-client-request-id": "e32633ac-1465-71b3-1fdf-ed0d939653c9",
        "x-ms-request-id": "01ef102b-d01a-0015-2877-b08588000000",
        "x-ms-version": "2019-07-07"
      },
      "ResponseBody": []
    },
    {
      "RequestUri": "http://seanstagetest.file.core.windows.net/test-share-c13bff48-514f-16ea-e61f-c712c7bb65c5/test-directory-ad1cf363-bc8e-9e5d-9f6d-43d903cdf57a?restype=directory",
      "RequestMethod": "PUT",
      "RequestHeaders": {
        "Authorization": "Sanitized",
        "traceparent": "00-b27ab9ab0660fd418756d8cc41385d22-a8693a7a014ba04e-00",
        "User-Agent": [
          "azsdk-net-Storage.Files.Shares/12.0.0-dev.20191211.1\u002B2accb37068f0a0c9382fa117525bb968c5397cf7",
          "(.NET Core 4.6.28008.01; Microsoft Windows 10.0.18363 )"
        ],
        "x-ms-client-request-id": "2eba8422-ba4e-f040-d688-43f8d1da6e52",
        "x-ms-date": "Wed, 11 Dec 2019 23:07:12 GMT",
        "x-ms-file-attributes": "None",
        "x-ms-file-creation-time": "Now",
        "x-ms-file-last-write-time": "Now",
        "x-ms-file-permission": "Inherit",
        "x-ms-return-client-request-id": "true",
        "x-ms-version": "2019-07-07"
      },
      "RequestBody": null,
      "StatusCode": 201,
      "ResponseHeaders": {
        "Content-Length": "0",
        "Date": "Wed, 11 Dec 2019 23:07:12 GMT",
        "ETag": "\u00220x8D77E8EDB8D2D94\u0022",
        "Last-Modified": "Wed, 11 Dec 2019 23:07:13 GMT",
        "Server": [
          "Windows-Azure-File/1.0",
          "Microsoft-HTTPAPI/2.0"
        ],
        "x-ms-client-request-id": "2eba8422-ba4e-f040-d688-43f8d1da6e52",
        "x-ms-file-attributes": "Directory",
        "x-ms-file-change-time": "2019-12-11T23:07:13.0132884Z",
        "x-ms-file-creation-time": "2019-12-11T23:07:13.0132884Z",
        "x-ms-file-id": "13835128424026341376",
        "x-ms-file-last-write-time": "2019-12-11T23:07:13.0132884Z",
        "x-ms-file-parent-id": "0",
        "x-ms-file-permission-key": "7855875120676328179*422928105932735866",
        "x-ms-request-id": "01ef1035-d01a-0015-3077-b08588000000",
        "x-ms-request-server-encrypted": "true",
        "x-ms-version": "2019-07-07"
      },
      "ResponseBody": []
    },
    {
      "RequestUri": "http://seanstagetest.file.core.windows.net/test-share-c13bff48-514f-16ea-e61f-c712c7bb65c5/test-directory-ad1cf363-bc8e-9e5d-9f6d-43d903cdf57a/test-file-9b5572ea-bf2f-e035-9352-0f15701fe34d",
      "RequestMethod": "PUT",
      "RequestHeaders": {
        "Authorization": "Sanitized",
        "traceparent": "00-b4160b9ff29618488a157251e7adee8f-9d804941b62ed741-00",
        "User-Agent": [
          "azsdk-net-Storage.Files.Shares/12.0.0-dev.20191211.1\u002B2accb37068f0a0c9382fa117525bb968c5397cf7",
          "(.NET Core 4.6.28008.01; Microsoft Windows 10.0.18363 )"
        ],
        "x-ms-client-request-id": "4953f90b-9ffd-63b8-4fd9-9afcaa2b7fb6",
        "x-ms-content-length": "1048576",
        "x-ms-date": "Wed, 11 Dec 2019 23:07:13 GMT",
        "x-ms-file-attributes": "None",
        "x-ms-file-creation-time": "Now",
        "x-ms-file-last-write-time": "Now",
        "x-ms-file-permission": "Inherit",
        "x-ms-return-client-request-id": "true",
        "x-ms-type": "file",
        "x-ms-version": "2019-07-07"
      },
      "RequestBody": null,
      "StatusCode": 201,
      "ResponseHeaders": {
        "Content-Length": "0",
        "Date": "Wed, 11 Dec 2019 23:07:12 GMT",
        "ETag": "\u00220x8D77E8EDB9EE0E7\u0022",
        "Last-Modified": "Wed, 11 Dec 2019 23:07:13 GMT",
        "Server": [
          "Windows-Azure-File/1.0",
          "Microsoft-HTTPAPI/2.0"
        ],
        "x-ms-client-request-id": "4953f90b-9ffd-63b8-4fd9-9afcaa2b7fb6",
        "x-ms-file-attributes": "Archive",
        "x-ms-file-change-time": "2019-12-11T23:07:13.1292903Z",
        "x-ms-file-creation-time": "2019-12-11T23:07:13.1292903Z",
        "x-ms-file-id": "11529285414812647424",
        "x-ms-file-last-write-time": "2019-12-11T23:07:13.1292903Z",
        "x-ms-file-parent-id": "13835128424026341376",
        "x-ms-file-permission-key": "12501538048846835188*422928105932735866",
        "x-ms-request-id": "01ef103e-d01a-0015-3977-b08588000000",
        "x-ms-request-server-encrypted": "true",
        "x-ms-version": "2019-07-07"
      },
      "ResponseBody": []
    },
    {
      "RequestUri": "http://seanstagetest.file.core.windows.net/test-share-c13bff48-514f-16ea-e61f-c712c7bb65c5/test-directory-ad1cf363-bc8e-9e5d-9f6d-43d903cdf57a/test-file-9b5572ea-bf2f-e035-9352-0f15701fe34d",
      "RequestMethod": "DELETE",
      "RequestHeaders": {
        "Authorization": "Sanitized",
        "traceparent": "00-5e3d6b0f8cba0d4091baa8e7fbf1738b-3b001de07c70914f-00",
        "User-Agent": [
          "azsdk-net-Storage.Files.Shares/12.0.0-dev.20191211.1\u002B2accb37068f0a0c9382fa117525bb968c5397cf7",
          "(.NET Core 4.6.28008.01; Microsoft Windows 10.0.18363 )"
        ],
        "x-ms-client-request-id": "77094c58-9acc-9150-a354-2e382c2f528b",
        "x-ms-date": "Wed, 11 Dec 2019 23:07:13 GMT",
        "x-ms-return-client-request-id": "true",
        "x-ms-version": "2019-07-07"
      },
      "RequestBody": null,
      "StatusCode": 202,
      "ResponseHeaders": {
        "Content-Length": "0",
        "Date": "Wed, 11 Dec 2019 23:07:12 GMT",
        "Server": [
          "Windows-Azure-File/1.0",
          "Microsoft-HTTPAPI/2.0"
        ],
        "x-ms-client-request-id": "77094c58-9acc-9150-a354-2e382c2f528b",
        "x-ms-request-id": "01ef1044-d01a-0015-3f77-b08588000000",
        "x-ms-version": "2019-07-07"
      },
      "ResponseBody": []
    },
    {
      "RequestUri": "http://seanstagetest.file.core.windows.net/test-share-c13bff48-514f-16ea-e61f-c712c7bb65c5?restype=share",
      "RequestMethod": "DELETE",
      "RequestHeaders": {
        "Authorization": "Sanitized",
        "traceparent": "00-2701850f9b7b38428aa6b77f32d5135e-6fe8e0682fb9fc43-00",
        "User-Agent": [
          "azsdk-net-Storage.Files.Shares/12.0.0-dev.20191211.1\u002B2accb37068f0a0c9382fa117525bb968c5397cf7",
          "(.NET Core 4.6.28008.01; Microsoft Windows 10.0.18363 )"
        ],
        "x-ms-client-request-id": "5ea36c39-0721-0ae9-a535-d2cfc106f616",
        "x-ms-date": "Wed, 11 Dec 2019 23:07:13 GMT",
        "x-ms-delete-snapshots": "include",
        "x-ms-return-client-request-id": "true",
        "x-ms-version": "2019-07-07"
      },
      "RequestBody": null,
      "StatusCode": 202,
      "ResponseHeaders": {
        "Content-Length": "0",
        "Date": "Wed, 11 Dec 2019 23:07:12 GMT",
        "Server": [
          "Windows-Azure-File/1.0",
          "Microsoft-HTTPAPI/2.0"
        ],
        "x-ms-client-request-id": "5ea36c39-0721-0ae9-a535-d2cfc106f616",
        "x-ms-request-id": "01ef104a-d01a-0015-4577-b08588000000",
        "x-ms-version": "2019-07-07"
      },
      "ResponseBody": []
    }
  ],
  "Variables": {
    "RandomSeed": "689539568",
    "Storage_TestConfigDefault": "ProductionTenant\nseanstagetest\nU2FuaXRpemVk\nhttp://seanstagetest.blob.core.windows.net\nhttp://seanstagetest.file.core.windows.net\nhttp://seanstagetest.queue.core.windows.net\nhttp://seanstagetest.table.core.windows.net\n\n\n\n\nhttp://seanstagetest-secondary.blob.core.windows.net\nhttp://seanstagetest-secondary.file.core.windows.net\nhttp://seanstagetest-secondary.queue.core.windows.net\nhttp://seanstagetest-secondary.table.core.windows.net\n\nSanitized\n\n\nCloud\nBlobEndpoint=http://seanstagetest.blob.core.windows.net/;QueueEndpoint=http://seanstagetest.queue.core.windows.net/;FileEndpoint=http://seanstagetest.file.core.windows.net/;BlobSecondaryEndpoint=http://seanstagetest-secondary.blob.core.windows.net/;QueueSecondaryEndpoint=http://seanstagetest-secondary.queue.core.windows.net/;FileSecondaryEndpoint=http://seanstagetest-secondary.file.core.windows.net/;AccountName=seanstagetest;AccountKey=Sanitized\nseanscope1"
  }
}