{
  "Entries": [
    {
      "RequestUri": "http://seanstagetest.file.core.windows.net/test-share-b2525414-592f-bff1-edce-cc9fa4cc50d7?restype=share",
      "RequestMethod": "PUT",
      "RequestHeaders": {
        "Authorization": "Sanitized",
        "traceparent": "00-90a6065f4caaa04db6dc7ef9afb1da43-7992ce47a1642447-00",
        "User-Agent": [
          "azsdk-net-Storage.Files.Shares/12.0.0-dev.20191204.1\u002B5028d723e0cdeb10a227db4dee6ed6afa7cb4fa8",
          "(.NET Core 4.6.28008.01; Microsoft Windows 10.0.18363 )"
        ],
        "x-ms-client-request-id": "008cbff7-6ea1-fe10-c1c4-58827477fa3b",
        "x-ms-date": "Thu, 05 Dec 2019 04:10:07 GMT",
        "x-ms-return-client-request-id": "true",
        "x-ms-share-quota": "1",
        "x-ms-version": "2019-07-07"
      },
      "RequestBody": null,
      "StatusCode": 201,
      "ResponseHeaders": {
        "Content-Length": "0",
        "Date": "Thu, 05 Dec 2019 04:10:06 GMT",
        "ETag": "\u00220x8D77939037A4550\u0022",
        "Last-Modified": "Thu, 05 Dec 2019 04:10:07 GMT",
        "Server": [
          "Windows-Azure-File/1.0",
          "Microsoft-HTTPAPI/2.0"
        ],
        "x-ms-client-request-id": "008cbff7-6ea1-fe10-c1c4-58827477fa3b",
        "x-ms-request-id": "0119f798-f01a-0002-3621-ab2c83000000",
        "x-ms-version": "2019-07-07"
      },
      "ResponseBody": []
    },
    {
      "RequestUri": "http://seanstagetest.file.core.windows.net/test-share-b2525414-592f-bff1-edce-cc9fa4cc50d7/test-directory-eac1a9d7-a3b3-12ba-5e56-4ac663cefa3e?restype=directory",
      "RequestMethod": "PUT",
      "RequestHeaders": {
        "Authorization": "Sanitized",
        "traceparent": "00-09f6665f11708446902d227764fe2a70-9d2daea9a1a1ca41-00",
        "User-Agent": [
          "azsdk-net-Storage.Files.Shares/12.0.0-dev.20191204.1\u002B5028d723e0cdeb10a227db4dee6ed6afa7cb4fa8",
          "(.NET Core 4.6.28008.01; Microsoft Windows 10.0.18363 )"
        ],
        "x-ms-client-request-id": "1a4bba6e-b6ed-530b-057a-a14a234a9bf2",
        "x-ms-date": "Thu, 05 Dec 2019 04:10:07 GMT",
        "x-ms-file-attributes": "None",
        "x-ms-file-creation-time": "Now",
        "x-ms-file-last-write-time": "Now",
        "x-ms-file-permission": "Inherit",
        "x-ms-return-client-request-id": "true",
        "x-ms-version": "2019-07-07"
      },
      "RequestBody": null,
      "StatusCode": 201,
      "ResponseHeaders": {
        "Content-Length": "0",
        "Date": "Thu, 05 Dec 2019 04:10:06 GMT",
        "ETag": "\u00220x8D7793903888DE7\u0022",
        "Last-Modified": "Thu, 05 Dec 2019 04:10:07 GMT",
        "Server": [
          "Windows-Azure-File/1.0",
          "Microsoft-HTTPAPI/2.0"
        ],
        "x-ms-client-request-id": "1a4bba6e-b6ed-530b-057a-a14a234a9bf2",
        "x-ms-file-attributes": "Directory",
        "x-ms-file-change-time": "2019-12-05T04:10:07.5592167Z",
        "x-ms-file-creation-time": "2019-12-05T04:10:07.5592167Z",
        "x-ms-file-id": "13835128424026341376",
        "x-ms-file-last-write-time": "2019-12-05T04:10:07.5592167Z",
        "x-ms-file-parent-id": "0",
        "x-ms-file-permission-key": "7855875120676328179*422928105932735866",
        "x-ms-request-id": "0119f79b-f01a-0002-3821-ab2c83000000",
        "x-ms-request-server-encrypted": "true",
        "x-ms-version": "2019-07-07"
      },
      "ResponseBody": []
    },
    {
      "RequestUri": "http://seanstagetest.file.core.windows.net/test-share-b2525414-592f-bff1-edce-cc9fa4cc50d7/test-directory-eac1a9d7-a3b3-12ba-5e56-4ac663cefa3e/test-file-675519c9-15cf-87fb-73ea-58ddb51d67ea",
      "RequestMethod": "PUT",
      "RequestHeaders": {
        "Authorization": "Sanitized",
        "traceparent": "00-a0a0ca28f698174f954f9da4c2e6eb02-c87b62f30c66134a-00",
        "User-Agent": [
          "azsdk-net-Storage.Files.Shares/12.0.0-dev.20191204.1\u002B5028d723e0cdeb10a227db4dee6ed6afa7cb4fa8",
          "(.NET Core 4.6.28008.01; Microsoft Windows 10.0.18363 )"
        ],
        "x-ms-client-request-id": "90d3fa3b-201e-5821-bec4-a7035e2d9ee7",
        "x-ms-content-length": "1048576",
        "x-ms-date": "Thu, 05 Dec 2019 04:10:07 GMT",
        "x-ms-file-attributes": "None",
        "x-ms-file-creation-time": "Now",
        "x-ms-file-last-write-time": "Now",
        "x-ms-file-permission": "Inherit",
        "x-ms-return-client-request-id": "true",
        "x-ms-type": "file",
        "x-ms-version": "2019-07-07"
      },
      "RequestBody": null,
      "StatusCode": 201,
      "ResponseHeaders": {
        "Content-Length": "0",
        "Date": "Thu, 05 Dec 2019 04:10:06 GMT",
        "ETag": "\u00220x8D779390395D1BC\u0022",
        "Last-Modified": "Thu, 05 Dec 2019 04:10:07 GMT",
        "Server": [
          "Windows-Azure-File/1.0",
          "Microsoft-HTTPAPI/2.0"
        ],
        "x-ms-client-request-id": "90d3fa3b-201e-5821-bec4-a7035e2d9ee7",
        "x-ms-file-attributes": "Archive",
        "x-ms-file-change-time": "2019-12-05T04:10:07.6461500Z",
        "x-ms-file-creation-time": "2019-12-05T04:10:07.6461500Z",
        "x-ms-file-id": "11529285414812647424",
        "x-ms-file-last-write-time": "2019-12-05T04:10:07.6461500Z",
        "x-ms-file-parent-id": "13835128424026341376",
        "x-ms-file-permission-key": "12501538048846835188*422928105932735866",
        "x-ms-request-id": "0119f79c-f01a-0002-3921-ab2c83000000",
        "x-ms-request-server-encrypted": "true",
        "x-ms-version": "2019-07-07"
      },
      "ResponseBody": []
    },
    {
      "RequestUri": "http://seanstagetest.file.core.windows.net/test-share-b2525414-592f-bff1-edce-cc9fa4cc50d7/test-directory-eac1a9d7-a3b3-12ba-5e56-4ac663cefa3e/test-file-675519c9-15cf-87fb-73ea-58ddb51d67ea",
      "RequestMethod": "DELETE",
      "RequestHeaders": {
        "Authorization": "Sanitized",
        "traceparent": "00-9a21f1db20d9954ca76c0d189797b41b-ba8b825b08f06142-00",
        "User-Agent": [
          "azsdk-net-Storage.Files.Shares/12.0.0-dev.20191204.1\u002B5028d723e0cdeb10a227db4dee6ed6afa7cb4fa8",
          "(.NET Core 4.6.28008.01; Microsoft Windows 10.0.18363 )"
        ],
        "x-ms-client-request-id": "baa21036-d74a-aecb-38ff-e9be374d17d4",
        "x-ms-date": "Thu, 05 Dec 2019 04:10:07 GMT",
        "x-ms-return-client-request-id": "true",
        "x-ms-version": "2019-07-07"
      },
      "RequestBody": null,
      "StatusCode": 202,
      "ResponseHeaders": {
        "Content-Length": "0",
        "Date": "Thu, 05 Dec 2019 04:10:06 GMT",
        "Server": [
          "Windows-Azure-File/1.0",
          "Microsoft-HTTPAPI/2.0"
        ],
        "x-ms-client-request-id": "baa21036-d74a-aecb-38ff-e9be374d17d4",
        "x-ms-request-id": "0119f7a0-f01a-0002-3d21-ab2c83000000",
        "x-ms-version": "2019-07-07"
      },
      "ResponseBody": []
    },
    {
      "RequestUri": "http://seanstagetest.file.core.windows.net/test-share-b2525414-592f-bff1-edce-cc9fa4cc50d7?restype=share",
      "RequestMethod": "DELETE",
      "RequestHeaders": {
        "Authorization": "Sanitized",
        "traceparent": "00-1baaa002bb233f4480147fd489f313ce-db494d09c80ce64a-00",
        "User-Agent": [
          "azsdk-net-Storage.Files.Shares/12.0.0-dev.20191204.1\u002B5028d723e0cdeb10a227db4dee6ed6afa7cb4fa8",
          "(.NET Core 4.6.28008.01; Microsoft Windows 10.0.18363 )"
        ],
        "x-ms-client-request-id": "4dcc20eb-e38b-3b9d-ebcc-90f208b0b27a",
        "x-ms-date": "Thu, 05 Dec 2019 04:10:07 GMT",
        "x-ms-delete-snapshots": "include",
        "x-ms-return-client-request-id": "true",
        "x-ms-version": "2019-07-07"
      },
      "RequestBody": null,
      "StatusCode": 202,
      "ResponseHeaders": {
        "Content-Length": "0",
        "Date": "Thu, 05 Dec 2019 04:10:06 GMT",
        "Server": [
          "Windows-Azure-File/1.0",
          "Microsoft-HTTPAPI/2.0"
        ],
        "x-ms-client-request-id": "4dcc20eb-e38b-3b9d-ebcc-90f208b0b27a",
        "x-ms-request-id": "0119f7a4-f01a-0002-4121-ab2c83000000",
        "x-ms-version": "2019-07-07"
      },
      "ResponseBody": []
    }
  ],
  "Variables": {
    "RandomSeed": "1234959983",
    "Storage_TestConfigDefault": "ProductionTenant\nseanstagetest\nU2FuaXRpemVk\nhttp://seanstagetest.blob.core.windows.net\nhttp://seanstagetest.file.core.windows.net\nhttp://seanstagetest.queue.core.windows.net\nhttp://seanstagetest.table.core.windows.net\n\n\n\n\nhttp://seanstagetest-secondary.blob.core.windows.net\nhttp://seanstagetest-secondary.file.core.windows.net\nhttp://seanstagetest-secondary.queue.core.windows.net\nhttp://seanstagetest-secondary.table.core.windows.net\n\nSanitized\n\n\nCloud\nBlobEndpoint=http://seanstagetest.blob.core.windows.net/;QueueEndpoint=http://seanstagetest.queue.core.windows.net/;FileEndpoint=http://seanstagetest.file.core.windows.net/;BlobSecondaryEndpoint=http://seanstagetest-secondary.blob.core.windows.net/;QueueSecondaryEndpoint=http://seanstagetest-secondary.queue.core.windows.net/;FileSecondaryEndpoint=http://seanstagetest-secondary.file.core.windows.net/;AccountName=seanstagetest;AccountKey=Sanitized"
  }
}