{
  "Entries": [
    {
      "RequestUri": "http://seandevtest.file.core.windows.net/test-share-53eebebc-b58f-a3b4-273f-f2364f4703a9?restype=share",
      "RequestMethod": "PUT",
      "RequestHeaders": {
        "Authorization": "Sanitized",
        "traceparent": "00-b6f1f87977a0b04bba8d1195f6771213-10b6ceaacd529948-00",
        "User-Agent": [
          "azsdk-net-Storage.Files.Shares/12.2.0-dev.20200220.1",
          "(.NET Core 4.6.28325.01; Microsoft Windows 10.0.18363 )"
        ],
        "x-ms-client-request-id": "778fb8ae-bcc8-9f7b-ff00-271af2918b6a",
        "x-ms-date": "Thu, 20 Feb 2020 22:59:34 GMT",
        "x-ms-return-client-request-id": "true",
        "x-ms-version": "2019-07-07"
      },
      "RequestBody": null,
      "StatusCode": 201,
      "ResponseHeaders": {
        "Content-Length": "0",
        "Date": "Thu, 20 Feb 2020 22:59:33 GMT",
        "ETag": "\u00220x8D7B6588D83E47E\u0022",
        "Last-Modified": "Thu, 20 Feb 2020 22:59:34 GMT",
        "Server": [
          "Windows-Azure-File/1.0",
          "Microsoft-HTTPAPI/2.0"
        ],
        "x-ms-client-request-id": "778fb8ae-bcc8-9f7b-ff00-271af2918b6a",
        "x-ms-request-id": "7e7aec68-d01a-0064-7341-e8baaa000000",
        "x-ms-version": "2019-07-07"
      },
      "ResponseBody": []
    },
    {
      "RequestUri": "http://seandevtest.file.core.windows.net/test-share-53eebebc-b58f-a3b4-273f-f2364f4703a9/test-file-e5ab1cd5-42a9-1d4f-2f75-730b79635f43",
      "RequestMethod": "PUT",
      "RequestHeaders": {
        "Authorization": "Sanitized",
        "traceparent": "00-4b3c52a295a7a443b959c71236d0e3bd-5ba8680ab69d2249-00",
        "User-Agent": [
          "azsdk-net-Storage.Files.Shares/12.2.0-dev.20200220.1",
          "(.NET Core 4.6.28325.01; Microsoft Windows 10.0.18363 )"
        ],
        "x-ms-client-request-id": "277bd1f8-7a38-6c18-6972-4853496f259b",
        "x-ms-content-length": "1024",
        "x-ms-date": "Thu, 20 Feb 2020 22:59:34 GMT",
        "x-ms-file-attributes": "None",
        "x-ms-file-creation-time": "Now",
        "x-ms-file-last-write-time": "Now",
        "x-ms-file-permission": "Inherit",
        "x-ms-return-client-request-id": "true",
        "x-ms-type": "file",
        "x-ms-version": "2019-07-07"
      },
      "RequestBody": null,
      "StatusCode": 201,
      "ResponseHeaders": {
        "Content-Length": "0",
        "Date": "Thu, 20 Feb 2020 22:59:33 GMT",
        "ETag": "\u00220x8D7B6588D894148\u0022",
        "Last-Modified": "Thu, 20 Feb 2020 22:59:34 GMT",
        "Server": [
          "Windows-Azure-File/1.0",
          "Microsoft-HTTPAPI/2.0"
        ],
        "x-ms-client-request-id": "277bd1f8-7a38-6c18-6972-4853496f259b",
        "x-ms-file-attributes": "Archive",
        "x-ms-file-change-time": "2020-02-20T22:59:34.4174408Z",
        "x-ms-file-creation-time": "2020-02-20T22:59:34.4174408Z",
        "x-ms-file-id": "13835128424026341376",
        "x-ms-file-last-write-time": "2020-02-20T22:59:34.4174408Z",
        "x-ms-file-parent-id": "0",
        "x-ms-file-permission-key": "9973529139831694751*2506815767522118929",
        "x-ms-request-id": "7e7aec6c-d01a-0064-7441-e8baaa000000",
        "x-ms-request-server-encrypted": "true",
        "x-ms-version": "2019-07-07"
      },
      "ResponseBody": []
    },
    {
      "RequestUri": "http://seandevtest.file.core.windows.net/test-share-53eebebc-b58f-a3b4-273f-f2364f4703a9/test-file-e5ab1cd5-42a9-1d4f-2f75-730b79635f43",
      "RequestMethod": "HEAD",
      "RequestHeaders": {
        "Authorization": "Sanitized",
        "traceparent": "00-9d32358847a7a840ba6fdc082055d91c-9fa417d186b04145-00",
        "User-Agent": [
          "azsdk-net-Storage.Files.Shares/12.2.0-dev.20200220.1",
          "(.NET Core 4.6.28325.01; Microsoft Windows 10.0.18363 )"
        ],
        "x-ms-client-request-id": "a81325ee-38e8-650b-171c-2c45438d5f13",
        "x-ms-date": "Thu, 20 Feb 2020 22:59:34 GMT",
        "x-ms-return-client-request-id": "true",
        "x-ms-version": "2019-07-07"
      },
      "RequestBody": null,
      "StatusCode": 200,
      "ResponseHeaders": {
        "Content-Length": "1024",
        "Content-Type": "application/octet-stream",
        "Date": "Thu, 20 Feb 2020 22:59:33 GMT",
        "ETag": "\u00220x8D7B6588D894148\u0022",
        "Last-Modified": "Thu, 20 Feb 2020 22:59:34 GMT",
        "Server": [
          "Windows-Azure-File/1.0",
          "Microsoft-HTTPAPI/2.0"
        ],
        "Vary": "Origin",
        "x-ms-client-request-id": "a81325ee-38e8-650b-171c-2c45438d5f13",
        "x-ms-file-attributes": "Archive",
        "x-ms-file-change-time": "2020-02-20T22:59:34.4174408Z",
        "x-ms-file-creation-time": "2020-02-20T22:59:34.4174408Z",
        "x-ms-file-id": "13835128424026341376",
        "x-ms-file-last-write-time": "2020-02-20T22:59:34.4174408Z",
        "x-ms-file-parent-id": "0",
        "x-ms-file-permission-key": "9973529139831694751*2506815767522118929",
        "x-ms-lease-state": "available",
        "x-ms-lease-status": "unlocked",
        "x-ms-request-id": "7e7aec6d-d01a-0064-7541-e8baaa000000",
        "x-ms-server-encrypted": "true",
        "x-ms-type": "File",
        "x-ms-version": "2019-07-07"
      },
      "ResponseBody": []
    },
    {
      "RequestUri": "http://seandevtest.file.core.windows.net/test-share-53eebebc-b58f-a3b4-273f-f2364f4703a9?restype=share",
      "RequestMethod": "DELETE",
      "RequestHeaders": {
        "Authorization": "Sanitized",
        "traceparent": "00-b7c3c519a48a264194a03fcfba9d9e6f-22454fa5f803674a-00",
        "User-Agent": [
          "azsdk-net-Storage.Files.Shares/12.2.0-dev.20200220.1",
          "(.NET Core 4.6.28325.01; Microsoft Windows 10.0.18363 )"
        ],
        "x-ms-client-request-id": "23658dcc-7d5c-67b3-d8d5-a9edc86c06ae",
        "x-ms-date": "Thu, 20 Feb 2020 22:59:34 GMT",
        "x-ms-delete-snapshots": "include",
        "x-ms-return-client-request-id": "true",
        "x-ms-version": "2019-07-07"
      },
      "RequestBody": null,
      "StatusCode": 202,
      "ResponseHeaders": {
        "Content-Length": "0",
        "Date": "Thu, 20 Feb 2020 22:59:33 GMT",
        "Server": [
          "Windows-Azure-File/1.0",
          "Microsoft-HTTPAPI/2.0"
        ],
        "x-ms-client-request-id": "23658dcc-7d5c-67b3-d8d5-a9edc86c06ae",
        "x-ms-request-id": "7e7aec6e-d01a-0064-7641-e8baaa000000",
        "x-ms-version": "2019-07-07"
      },
      "ResponseBody": []
    }
  ],
  "Variables": {
    "RandomSeed": "1257221858",
    "Storage_TestConfigDefault": "ProductionTenant\nseandevtest\nU2FuaXRpemVk\nhttps://seandevtest.blob.core.windows.net\nhttp://seandevtest.file.core.windows.net\nhttp://seandevtest.queue.core.windows.net\nhttp://seandevtest.table.core.windows.net\n\n\n\n\nhttp://seandevtest-secondary.blob.core.windows.net\nhttp://seandevtest-secondary.file.core.windows.net\nhttp://seandevtest-secondary.queue.core.windows.net\nhttp://seandevtest-secondary.table.core.windows.net\n\nSanitized\n\n\nCloud\nBlobEndpoint=https://seandevtest.blob.core.windows.net/;QueueEndpoint=http://seandevtest.queue.core.windows.net/;FileEndpoint=http://seandevtest.file.core.windows.net/;BlobSecondaryEndpoint=http://seandevtest-secondary.blob.core.windows.net/;QueueSecondaryEndpoint=http://seandevtest-secondary.queue.core.windows.net/;FileSecondaryEndpoint=http://seandevtest-secondary.file.core.windows.net/;AccountName=seandevtest;AccountKey=Sanitized\nseanscope1"
  }
}