{
  "Entries": [
    {
      "RequestUri": "https://seanmcccanary3.file.core.windows.net/test-share-bb4551a2-681f-2f75-ab95-2aab6a81944a?restype=share",
      "RequestMethod": "PUT",
      "RequestHeaders": {
        "Accept": "application/xml",
        "Authorization": "Sanitized",
        "traceparent": "00-f57a6894ca2ba444ab7e593543a10fe6-88befd4e68bee440-00",
        "User-Agent": [
          "azsdk-net-Storage.Files.Shares/12.7.0-alpha.20210121.1",
          "(.NET 5.0.2; Microsoft Windows 10.0.19042)"
        ],
        "x-ms-client-request-id": "e688d7e1-d147-f047-4c50-b988c39cc8a2",
        "x-ms-date": "Thu, 21 Jan 2021 20:41:37 GMT",
        "x-ms-return-client-request-id": "true",
        "x-ms-version": "2020-04-08"
      },
      "RequestBody": null,
      "StatusCode": 201,
      "ResponseHeaders": {
        "Content-Length": "0",
        "Date": "Thu, 21 Jan 2021 20:41:36 GMT",
        "ETag": "\u00220x8D8BE4CF2A20BB4\u0022",
        "Last-Modified": "Thu, 21 Jan 2021 20:41:37 GMT",
        "Server": [
          "Windows-Azure-File/1.0",
          "Microsoft-HTTPAPI/2.0"
        ],
        "x-ms-client-request-id": "e688d7e1-d147-f047-4c50-b988c39cc8a2",
        "x-ms-request-id": "e9c0844c-001a-000b-4435-f021a9000000",
        "x-ms-version": "2020-04-08"
      },
      "ResponseBody": []
    },
    {
      "RequestUri": "https://seanmcccanary3.file.core.windows.net/test-share-bb4551a2-681f-2f75-ab95-2aab6a81944a/test-directory-77955fda-89a2-93a1-cc96-8fe9bb188f1a?restype=directory",
      "RequestMethod": "PUT",
      "RequestHeaders": {
        "Accept": "application/xml",
        "Authorization": "Sanitized",
        "traceparent": "00-5c0a745eb1565945a4a435710c2e4796-f1b4a6cc98a0534c-00",
        "User-Agent": [
          "azsdk-net-Storage.Files.Shares/12.7.0-alpha.20210121.1",
          "(.NET 5.0.2; Microsoft Windows 10.0.19042)"
        ],
        "x-ms-client-request-id": "40820b6d-bbfb-57a4-36f5-19b1425e3533",
        "x-ms-date": "Thu, 21 Jan 2021 20:41:37 GMT",
        "x-ms-file-attributes": "None",
        "x-ms-file-creation-time": "Now",
        "x-ms-file-last-write-time": "Now",
        "x-ms-file-permission": "Inherit",
        "x-ms-return-client-request-id": "true",
        "x-ms-version": "2020-04-08"
      },
      "RequestBody": null,
      "StatusCode": 201,
      "ResponseHeaders": {
        "Content-Length": "0",
        "Date": "Thu, 21 Jan 2021 20:41:36 GMT",
        "ETag": "\u00220x8D8BE4CF2B0CC41\u0022",
        "Last-Modified": "Thu, 21 Jan 2021 20:41:37 GMT",
        "Server": [
          "Windows-Azure-File/1.0",
          "Microsoft-HTTPAPI/2.0"
        ],
        "x-ms-client-request-id": "40820b6d-bbfb-57a4-36f5-19b1425e3533",
        "x-ms-file-attributes": "Directory",
        "x-ms-file-change-time": "2021-01-21T20:41:37.1390017Z",
        "x-ms-file-creation-time": "2021-01-21T20:41:37.1390017Z",
        "x-ms-file-id": "13835128424026341376",
        "x-ms-file-last-write-time": "2021-01-21T20:41:37.1390017Z",
        "x-ms-file-parent-id": "0",
        "x-ms-file-permission-key": "17860367565182308406*11459378189709739967",
        "x-ms-request-id": "e9c08452-001a-000b-4835-f021a9000000",
        "x-ms-request-server-encrypted": "true",
        "x-ms-version": "2020-04-08"
      },
      "ResponseBody": []
    },
    {
      "RequestUri": "https://seanmcccanary3.file.core.windows.net/test-share-bb4551a2-681f-2f75-ab95-2aab6a81944a/test-directory-77955fda-89a2-93a1-cc96-8fe9bb188f1a/test-file-e0259fc1-35d1-2da9-5cfa-584464283dd0",
      "RequestMethod": "PUT",
      "RequestHeaders": {
        "Accept": "application/xml",
        "Authorization": "Sanitized",
        "traceparent": "00-651b27adf8a4394a9a9b4558cc67fd52-e62045096ccdb14c-00",
        "User-Agent": [
          "azsdk-net-Storage.Files.Shares/12.7.0-alpha.20210121.1",
          "(.NET 5.0.2; Microsoft Windows 10.0.19042)"
        ],
        "x-ms-client-request-id": "b6b8f127-0bd6-38bd-6255-e401635ff20e",
        "x-ms-content-length": "1048576",
        "x-ms-date": "Thu, 21 Jan 2021 20:41:37 GMT",
        "x-ms-file-attributes": "None",
        "x-ms-file-creation-time": "Now",
        "x-ms-file-last-write-time": "Now",
        "x-ms-file-permission": "Inherit",
        "x-ms-return-client-request-id": "true",
        "x-ms-type": "file",
        "x-ms-version": "2020-04-08"
      },
      "RequestBody": null,
      "StatusCode": 201,
      "ResponseHeaders": {
        "Content-Length": "0",
        "Date": "Thu, 21 Jan 2021 20:41:36 GMT",
        "ETag": "\u00220x8D8BE4CF2BA1CCA\u0022",
        "Last-Modified": "Thu, 21 Jan 2021 20:41:37 GMT",
        "Server": [
          "Windows-Azure-File/1.0",
          "Microsoft-HTTPAPI/2.0"
        ],
        "x-ms-client-request-id": "b6b8f127-0bd6-38bd-6255-e401635ff20e",
        "x-ms-file-attributes": "Archive",
        "x-ms-file-change-time": "2021-01-21T20:41:37.2000458Z",
        "x-ms-file-creation-time": "2021-01-21T20:41:37.2000458Z",
        "x-ms-file-id": "11529285414812647424",
        "x-ms-file-last-write-time": "2021-01-21T20:41:37.2000458Z",
        "x-ms-file-parent-id": "13835128424026341376",
        "x-ms-file-permission-key": "4010187179898695473*11459378189709739967",
        "x-ms-request-id": "e9c08454-001a-000b-4a35-f021a9000000",
        "x-ms-request-server-encrypted": "true",
        "x-ms-version": "2020-04-08"
      },
      "ResponseBody": []
    },
    {
      "RequestUri": "https://seanmcccanary3.file.core.windows.net/test-share-bb4551a2-681f-2f75-ab95-2aab6a81944a/test-directory-77955fda-89a2-93a1-cc96-8fe9bb188f1a/test-file-e0259fc1-35d1-2da9-5cfa-584464283dd0?comp=forceclosehandles",
      "RequestMethod": "PUT",
      "RequestHeaders": {
        "Accept": "application/xml",
        "Authorization": "Sanitized",
        "traceparent": "00-de2f591d137b034ea71747fb4f558f4e-b14133996cd9c74c-00",
        "User-Agent": [
          "azsdk-net-Storage.Files.Shares/12.7.0-alpha.20210121.1",
          "(.NET 5.0.2; Microsoft Windows 10.0.19042)"
        ],
        "x-ms-client-request-id": "731d97a1-8670-9ef9-4242-4d3f691d43df",
        "x-ms-date": "Thu, 21 Jan 2021 20:41:37 GMT",
        "x-ms-handle-id": "*",
        "x-ms-return-client-request-id": "true",
        "x-ms-version": "2020-04-08"
      },
      "RequestBody": null,
      "StatusCode": 200,
      "ResponseHeaders": {
        "Content-Length": "0",
        "Date": "Thu, 21 Jan 2021 20:41:37 GMT",
        "Server": [
          "Windows-Azure-File/1.0",
          "Microsoft-HTTPAPI/2.0"
        ],
        "x-ms-client-request-id": "731d97a1-8670-9ef9-4242-4d3f691d43df",
        "x-ms-number-of-handles-closed": "0",
        "x-ms-number-of-handles-failed": "0",
        "x-ms-request-id": "e9c0845a-001a-000b-5035-f021a9000000",
        "x-ms-version": "2020-04-08"
      },
      "ResponseBody": []
    },
    {
      "RequestUri": "https://seanmcccanary3.file.core.windows.net/test-share-bb4551a2-681f-2f75-ab95-2aab6a81944a?restype=share",
      "RequestMethod": "DELETE",
      "RequestHeaders": {
        "Accept": "application/xml",
        "Authorization": "Sanitized",
        "traceparent": "00-291ba29f5cdf984aa90f863c56f037ed-8c91c89db8826040-00",
        "User-Agent": [
          "azsdk-net-Storage.Files.Shares/12.7.0-alpha.20210121.1",
          "(.NET 5.0.2; Microsoft Windows 10.0.19042)"
        ],
        "x-ms-client-request-id": "cc5fdabc-7f42-329e-5067-00a0375f0963",
        "x-ms-date": "Thu, 21 Jan 2021 20:41:37 GMT",
        "x-ms-delete-snapshots": "include",
        "x-ms-return-client-request-id": "true",
        "x-ms-version": "2020-04-08"
      },
      "RequestBody": null,
      "StatusCode": 202,
      "ResponseHeaders": {
        "Content-Length": "0",
        "Date": "Thu, 21 Jan 2021 20:41:37 GMT",
        "Server": [
          "Windows-Azure-File/1.0",
          "Microsoft-HTTPAPI/2.0"
        ],
        "x-ms-client-request-id": "cc5fdabc-7f42-329e-5067-00a0375f0963",
        "x-ms-request-id": "e9c0845b-001a-000b-5135-f021a9000000",
        "x-ms-version": "2020-04-08"
      },
      "ResponseBody": []
    }
  ],
  "Variables": {
    "RandomSeed": "2072310910",
    "Storage_TestConfigDefault": "ProductionTenant\nseanmcccanary3\nU2FuaXRpemVk\nhttps://seanmcccanary3.blob.core.windows.net\nhttps://seanmcccanary3.file.core.windows.net\nhttps://seanmcccanary3.queue.core.windows.net\nhttps://seanmcccanary3.table.core.windows.net\n\n\n\n\nhttps://seanmcccanary3-secondary.blob.core.windows.net\nhttps://seanmcccanary3-secondary.file.core.windows.net\nhttps://seanmcccanary3-secondary.queue.core.windows.net\nhttps://seanmcccanary3-secondary.table.core.windows.net\n\nSanitized\n\n\nCloud\nBlobEndpoint=https://seanmcccanary3.blob.core.windows.net/;QueueEndpoint=https://seanmcccanary3.queue.core.windows.net/;FileEndpoint=https://seanmcccanary3.file.core.windows.net/;BlobSecondaryEndpoint=https://seanmcccanary3-secondary.blob.core.windows.net/;QueueSecondaryEndpoint=https://seanmcccanary3-secondary.queue.core.windows.net/;FileSecondaryEndpoint=https://seanmcccanary3-secondary.file.core.windows.net/;AccountName=seanmcccanary3;AccountKey=Kg==;\nseanscope1"
  }
}