{
  "Entries": [
    {
<<<<<<< HEAD
      "RequestUri": "http://seanstagetest.file.core.windows.net/test-share-94acab9d-b00d-6f3d-91e2-d8ede8b9baf8?restype=share",
      "RequestMethod": "PUT",
      "RequestHeaders": {
        "Authorization": "Sanitized",
        "traceparent": "00-1532c5aba091874e984d3159286ccb29-b1cfc36c913ae540-00",
        "User-Agent": [
          "azsdk-net-Storage.Files.Shares/12.0.0-dev.20191204.1\u002B5028d723e0cdeb10a227db4dee6ed6afa7cb4fa8",
          "(.NET Core 4.6.28008.01; Microsoft Windows 10.0.18363 )"
        ],
        "x-ms-client-request-id": "229f8633-50c7-2a10-2880-a63d3c057c2f",
        "x-ms-date": "Thu, 05 Dec 2019 04:10:10 GMT",
        "x-ms-return-client-request-id": "true",
        "x-ms-share-quota": "1",
=======
      "RequestUri": "http://seanstagetest.file.core.windows.net/test-share-29916e7e-5025-e166-2af5-06753912393a?restype=share",
      "RequestMethod": "PUT",
      "RequestHeaders": {
        "Authorization": "Sanitized",
        "traceparent": "00-5e5019579292ae478f6c02264954095a-0673f163d7fe874e-00",
        "User-Agent": [
          "azsdk-net-Storage.Files.Shares/12.0.0-dev.20191205.1\u002B4f14c4315f17fbbc59c93c6819467b6f15d7008f",
          "(.NET Core 4.6.28008.01; Microsoft Windows 10.0.18363 )"
        ],
        "x-ms-client-request-id": "0186e727-9e14-4f3a-a57e-243d7bb5b105",
        "x-ms-date": "Fri, 06 Dec 2019 00:25:47 GMT",
        "x-ms-return-client-request-id": "true",
>>>>>>> feature/storage/stg71-base
        "x-ms-version": "2019-07-07"
      },
      "RequestBody": null,
      "StatusCode": 201,
      "ResponseHeaders": {
        "Content-Length": "0",
<<<<<<< HEAD
        "Date": "Thu, 05 Dec 2019 04:10:09 GMT",
        "ETag": "\u00220x8D77939055BAEBB\u0022",
        "Last-Modified": "Thu, 05 Dec 2019 04:10:10 GMT",
=======
        "Date": "Fri, 06 Dec 2019 00:25:46 GMT",
        "ETag": "\u00220x8D779E2D7441427\u0022",
        "Last-Modified": "Fri, 06 Dec 2019 00:25:47 GMT",
>>>>>>> feature/storage/stg71-base
        "Server": [
          "Windows-Azure-File/1.0",
          "Microsoft-HTTPAPI/2.0"
        ],
<<<<<<< HEAD
        "x-ms-client-request-id": "229f8633-50c7-2a10-2880-a63d3c057c2f",
        "x-ms-request-id": "0119f7f3-f01a-0002-0821-ab2c83000000",
=======
        "x-ms-client-request-id": "0186e727-9e14-4f3a-a57e-243d7bb5b105",
        "x-ms-request-id": "a2d0f684-501a-0034-19cb-aba1f3000000",
>>>>>>> feature/storage/stg71-base
        "x-ms-version": "2019-07-07"
      },
      "ResponseBody": []
    },
    {
<<<<<<< HEAD
      "RequestUri": "http://seanstagetest.file.core.windows.net/test-share-94acab9d-b00d-6f3d-91e2-d8ede8b9baf8/test-directory-24592af0-7ece-9316-91d3-ed903670cbb3?restype=directory",
      "RequestMethod": "PUT",
      "RequestHeaders": {
        "Authorization": "Sanitized",
        "traceparent": "00-68d0cbe906a60e41a83ac2a8dea6d97c-251349f594121d46-00",
        "User-Agent": [
          "azsdk-net-Storage.Files.Shares/12.0.0-dev.20191204.1\u002B5028d723e0cdeb10a227db4dee6ed6afa7cb4fa8",
          "(.NET Core 4.6.28008.01; Microsoft Windows 10.0.18363 )"
        ],
        "x-ms-client-request-id": "79db49ff-cc84-b518-700c-90f3627ff3b7",
        "x-ms-date": "Thu, 05 Dec 2019 04:10:10 GMT",
=======
      "RequestUri": "http://seanstagetest.file.core.windows.net/test-share-29916e7e-5025-e166-2af5-06753912393a/test-directory-a55d621e-5031-0b90-47ba-0672783b8071?restype=directory",
      "RequestMethod": "PUT",
      "RequestHeaders": {
        "Authorization": "Sanitized",
        "traceparent": "00-b7d1d3009fc9f14a8825ce407e0ce900-aa3428495fda6c48-00",
        "User-Agent": [
          "azsdk-net-Storage.Files.Shares/12.0.0-dev.20191205.1\u002B4f14c4315f17fbbc59c93c6819467b6f15d7008f",
          "(.NET Core 4.6.28008.01; Microsoft Windows 10.0.18363 )"
        ],
        "x-ms-client-request-id": "fe0cd101-555a-d600-567b-ba5a97c7d66a",
        "x-ms-date": "Fri, 06 Dec 2019 00:25:47 GMT",
>>>>>>> feature/storage/stg71-base
        "x-ms-file-attributes": "None",
        "x-ms-file-creation-time": "Now",
        "x-ms-file-last-write-time": "Now",
        "x-ms-file-permission": "Inherit",
        "x-ms-return-client-request-id": "true",
        "x-ms-version": "2019-07-07"
      },
      "RequestBody": null,
      "StatusCode": 201,
      "ResponseHeaders": {
        "Content-Length": "0",
<<<<<<< HEAD
        "Date": "Thu, 05 Dec 2019 04:10:09 GMT",
        "ETag": "\u00220x8D779390569CEBB\u0022",
        "Last-Modified": "Thu, 05 Dec 2019 04:10:10 GMT",
=======
        "Date": "Fri, 06 Dec 2019 00:25:46 GMT",
        "ETag": "\u00220x8D779E2D751CEC0\u0022",
        "Last-Modified": "Fri, 06 Dec 2019 00:25:47 GMT",
>>>>>>> feature/storage/stg71-base
        "Server": [
          "Windows-Azure-File/1.0",
          "Microsoft-HTTPAPI/2.0"
        ],
        "x-ms-client-request-id": "fe0cd101-555a-d600-567b-ba5a97c7d66a",
        "x-ms-file-attributes": "Directory",
<<<<<<< HEAD
        "x-ms-file-change-time": "2019-12-05T04:10:10.7131579Z",
        "x-ms-file-creation-time": "2019-12-05T04:10:10.7131579Z",
        "x-ms-file-id": "13835128424026341376",
        "x-ms-file-last-write-time": "2019-12-05T04:10:10.7131579Z",
        "x-ms-file-parent-id": "0",
        "x-ms-file-permission-key": "7855875120676328179*422928105932735866",
        "x-ms-request-id": "0119f7f8-f01a-0002-0b21-ab2c83000000",
=======
        "x-ms-file-change-time": "2019-12-06T00:25:47.8247104Z",
        "x-ms-file-creation-time": "2019-12-06T00:25:47.8247104Z",
        "x-ms-file-id": "13835128424026341376",
        "x-ms-file-last-write-time": "2019-12-06T00:25:47.8247104Z",
        "x-ms-file-parent-id": "0",
        "x-ms-file-permission-key": "7855875120676328179*422928105932735866",
        "x-ms-request-id": "a2d0f686-501a-0034-1acb-aba1f3000000",
>>>>>>> feature/storage/stg71-base
        "x-ms-request-server-encrypted": "true",
        "x-ms-version": "2019-07-07"
      },
      "ResponseBody": []
    },
    {
<<<<<<< HEAD
      "RequestUri": "http://seanstagetest.file.core.windows.net/test-share-94acab9d-b00d-6f3d-91e2-d8ede8b9baf8/test-directory-24592af0-7ece-9316-91d3-ed903670cbb3/test-directory-4b4cf3b5-1b4b-5916-f94b-d2f216412eb6?comp=forceclosehandles",
      "RequestMethod": "PUT",
      "RequestHeaders": {
        "Authorization": "Sanitized",
        "traceparent": "00-9c88a6669fe1c34aa06150bea6b01c58-f246b1a5b43bc24e-00",
        "User-Agent": [
          "azsdk-net-Storage.Files.Shares/12.0.0-dev.20191204.1\u002B5028d723e0cdeb10a227db4dee6ed6afa7cb4fa8",
          "(.NET Core 4.6.28008.01; Microsoft Windows 10.0.18363 )"
        ],
        "x-ms-client-request-id": "711eb0e9-508f-e455-3382-7f39fa269e2e",
        "x-ms-date": "Thu, 05 Dec 2019 04:10:10 GMT",
=======
      "RequestUri": "http://seanstagetest.file.core.windows.net/test-share-29916e7e-5025-e166-2af5-06753912393a/test-directory-a55d621e-5031-0b90-47ba-0672783b8071/test-directory-a642b2fe-5f66-e779-3cc1-2d420b2bbd5d?comp=forceclosehandles",
      "RequestMethod": "PUT",
      "RequestHeaders": {
        "Authorization": "Sanitized",
        "traceparent": "00-6ad782afeed6294c93d2f54196cd3e09-ce2b3e11edb6b449-00",
        "User-Agent": [
          "azsdk-net-Storage.Files.Shares/12.0.0-dev.20191205.1\u002B4f14c4315f17fbbc59c93c6819467b6f15d7008f",
          "(.NET Core 4.6.28008.01; Microsoft Windows 10.0.18363 )"
        ],
        "x-ms-client-request-id": "9b66db18-b5a6-a107-5824-c19927becb2a",
        "x-ms-date": "Fri, 06 Dec 2019 00:25:47 GMT",
>>>>>>> feature/storage/stg71-base
        "x-ms-handle-id": "nonExistantHandleId",
        "x-ms-return-client-request-id": "true",
        "x-ms-version": "2019-07-07"
      },
      "RequestBody": null,
      "StatusCode": 400,
      "ResponseHeaders": {
        "Content-Length": "339",
        "Content-Type": "application/xml",
<<<<<<< HEAD
        "Date": "Thu, 05 Dec 2019 04:10:09 GMT",
=======
        "Date": "Fri, 06 Dec 2019 00:25:47 GMT",
>>>>>>> feature/storage/stg71-base
        "Server": [
          "Windows-Azure-File/1.0",
          "Microsoft-HTTPAPI/2.0"
        ],
        "x-ms-client-request-id": "9b66db18-b5a6-a107-5824-c19927becb2a",
        "x-ms-error-code": "InvalidHeaderValue",
<<<<<<< HEAD
        "x-ms-request-id": "0119f7f9-f01a-0002-0c21-ab2c83000000",
=======
        "x-ms-request-id": "a2d0f689-501a-0034-1dcb-aba1f3000000",
>>>>>>> feature/storage/stg71-base
        "x-ms-version": "2019-07-07"
      },
      "ResponseBody": [
        "\uFEFF\u003C?xml version=\u00221.0\u0022 encoding=\u0022utf-8\u0022?\u003E\u003CError\u003E\u003CCode\u003EInvalidHeaderValue\u003C/Code\u003E\u003CMessage\u003EThe value for one of the HTTP headers is not in the correct format.\n",
<<<<<<< HEAD
        "RequestId:0119f7f9-f01a-0002-0c21-ab2c83000000\n",
        "Time:2019-12-05T04:10:10.7985878Z\u003C/Message\u003E\u003CHeaderName\u003Ex-ms-handle-id\u003C/HeaderName\u003E\u003CHeaderValue\u003EnonExistantHandleId\u003C/HeaderValue\u003E\u003C/Error\u003E"
      ]
    },
    {
      "RequestUri": "http://seanstagetest.file.core.windows.net/test-share-94acab9d-b00d-6f3d-91e2-d8ede8b9baf8?restype=share",
      "RequestMethod": "DELETE",
      "RequestHeaders": {
        "Authorization": "Sanitized",
        "traceparent": "00-247aac460a0c874b8f9e7ef6516cbab4-34f5bab434967e48-00",
        "User-Agent": [
          "azsdk-net-Storage.Files.Shares/12.0.0-dev.20191204.1\u002B5028d723e0cdeb10a227db4dee6ed6afa7cb4fa8",
          "(.NET Core 4.6.28008.01; Microsoft Windows 10.0.18363 )"
        ],
        "x-ms-client-request-id": "6609ff9f-bd22-e626-f6ad-ba11d2f52ab2",
        "x-ms-date": "Thu, 05 Dec 2019 04:10:10 GMT",
=======
        "RequestId:a2d0f689-501a-0034-1dcb-aba1f3000000\n",
        "Time:2019-12-06T00:25:47.9087366Z\u003C/Message\u003E\u003CHeaderName\u003Ex-ms-handle-id\u003C/HeaderName\u003E\u003CHeaderValue\u003EnonExistantHandleId\u003C/HeaderValue\u003E\u003C/Error\u003E"
      ]
    },
    {
      "RequestUri": "http://seanstagetest.file.core.windows.net/test-share-29916e7e-5025-e166-2af5-06753912393a?restype=share",
      "RequestMethod": "DELETE",
      "RequestHeaders": {
        "Authorization": "Sanitized",
        "traceparent": "00-257ff28d0d47b24896d7672fe875bcac-777bf89b24ee7a41-00",
        "User-Agent": [
          "azsdk-net-Storage.Files.Shares/12.0.0-dev.20191205.1\u002B4f14c4315f17fbbc59c93c6819467b6f15d7008f",
          "(.NET Core 4.6.28008.01; Microsoft Windows 10.0.18363 )"
        ],
        "x-ms-client-request-id": "30297cbc-21c5-a9b6-8fcf-4e0ac17d7d15",
        "x-ms-date": "Fri, 06 Dec 2019 00:25:47 GMT",
>>>>>>> feature/storage/stg71-base
        "x-ms-delete-snapshots": "include",
        "x-ms-return-client-request-id": "true",
        "x-ms-version": "2019-07-07"
      },
      "RequestBody": null,
      "StatusCode": 202,
      "ResponseHeaders": {
        "Content-Length": "0",
<<<<<<< HEAD
        "Date": "Thu, 05 Dec 2019 04:10:09 GMT",
=======
        "Date": "Fri, 06 Dec 2019 00:25:47 GMT",
>>>>>>> feature/storage/stg71-base
        "Server": [
          "Windows-Azure-File/1.0",
          "Microsoft-HTTPAPI/2.0"
        ],
<<<<<<< HEAD
        "x-ms-client-request-id": "6609ff9f-bd22-e626-f6ad-ba11d2f52ab2",
        "x-ms-request-id": "0119f7fb-f01a-0002-0e21-ab2c83000000",
=======
        "x-ms-client-request-id": "30297cbc-21c5-a9b6-8fcf-4e0ac17d7d15",
        "x-ms-request-id": "a2d0f68a-501a-0034-1ecb-aba1f3000000",
>>>>>>> feature/storage/stg71-base
        "x-ms-version": "2019-07-07"
      },
      "ResponseBody": []
    }
  ],
  "Variables": {
<<<<<<< HEAD
    "RandomSeed": "350272571",
=======
    "RandomSeed": "851338223",
>>>>>>> feature/storage/stg71-base
    "Storage_TestConfigDefault": "ProductionTenant\nseanstagetest\nU2FuaXRpemVk\nhttp://seanstagetest.blob.core.windows.net\nhttp://seanstagetest.file.core.windows.net\nhttp://seanstagetest.queue.core.windows.net\nhttp://seanstagetest.table.core.windows.net\n\n\n\n\nhttp://seanstagetest-secondary.blob.core.windows.net\nhttp://seanstagetest-secondary.file.core.windows.net\nhttp://seanstagetest-secondary.queue.core.windows.net\nhttp://seanstagetest-secondary.table.core.windows.net\n\nSanitized\n\n\nCloud\nBlobEndpoint=http://seanstagetest.blob.core.windows.net/;QueueEndpoint=http://seanstagetest.queue.core.windows.net/;FileEndpoint=http://seanstagetest.file.core.windows.net/;BlobSecondaryEndpoint=http://seanstagetest-secondary.blob.core.windows.net/;QueueSecondaryEndpoint=http://seanstagetest-secondary.queue.core.windows.net/;FileSecondaryEndpoint=http://seanstagetest-secondary.file.core.windows.net/;AccountName=seanstagetest;AccountKey=Sanitized"
  }
}