{
  "Entries": [
    {
      "RequestUri": "http://seanstagetest.file.core.windows.net/test-share-9284bf66-36a2-2875-93a0-d07965a7afe1?restype=share",
      "RequestMethod": "PUT",
      "RequestHeaders": {
        "Authorization": "Sanitized",
        "traceparent": "00-29cbedafc98b5d4ca2f9ff298c5a0845-dc3f9da0315ccf4a-00",
        "User-Agent": [
          "azsdk-net-Storage.Files.Shares/12.0.0-dev.20191211.1\u002B2accb37068f0a0c9382fa117525bb968c5397cf7",
          "(.NET Core 4.6.28008.01; Microsoft Windows 10.0.18363 )"
        ],
        "x-ms-client-request-id": "159aefa5-4c7c-e152-dcb5-f5e6a60eb2d2",
        "x-ms-date": "Wed, 11 Dec 2019 23:05:39 GMT",
        "x-ms-return-client-request-id": "true",
        "x-ms-version": "2019-07-07"
      },
      "RequestBody": null,
      "StatusCode": 201,
      "ResponseHeaders": {
        "Content-Length": "0",
        "Date": "Wed, 11 Dec 2019 23:05:39 GMT",
        "ETag": "\u00220x8D77E8EA3B96439\u0022",
        "Last-Modified": "Wed, 11 Dec 2019 23:05:39 GMT",
        "Server": [
          "Windows-Azure-File/1.0",
          "Microsoft-HTTPAPI/2.0"
        ],
        "x-ms-client-request-id": "159aefa5-4c7c-e152-dcb5-f5e6a60eb2d2",
        "x-ms-request-id": "b65eb5c2-301a-0022-2377-b05724000000",
        "x-ms-version": "2019-07-07"
      },
      "ResponseBody": []
    },
    {
      "RequestUri": "http://seanstagetest.file.core.windows.net/test-share-9284bf66-36a2-2875-93a0-d07965a7afe1/test-directory-e7bca702-4575-c184-0469-be94fed4b5b2?restype=directory",
      "RequestMethod": "PUT",
      "RequestHeaders": {
        "Authorization": "Sanitized",
        "traceparent": "00-664dcc750dd7294a98592f9f452f5dfb-c6eb40bbd9b0c840-00",
        "User-Agent": [
          "azsdk-net-Storage.Files.Shares/12.0.0-dev.20191211.1\u002B2accb37068f0a0c9382fa117525bb968c5397cf7",
          "(.NET Core 4.6.28008.01; Microsoft Windows 10.0.18363 )"
        ],
        "x-ms-client-request-id": "cb9e655b-7724-601f-6ad9-10128dbee308",
        "x-ms-date": "Wed, 11 Dec 2019 23:05:39 GMT",
        "x-ms-file-attributes": "None",
        "x-ms-file-creation-time": "Now",
        "x-ms-file-last-write-time": "Now",
        "x-ms-file-permission": "Inherit",
        "x-ms-return-client-request-id": "true",
        "x-ms-version": "2019-07-07"
      },
      "RequestBody": null,
      "StatusCode": 201,
      "ResponseHeaders": {
        "Content-Length": "0",
        "Date": "Wed, 11 Dec 2019 23:05:39 GMT",
        "ETag": "\u00220x8D77E8EA3C732A9\u0022",
        "Last-Modified": "Wed, 11 Dec 2019 23:05:39 GMT",
        "Server": [
          "Windows-Azure-File/1.0",
          "Microsoft-HTTPAPI/2.0"
        ],
        "x-ms-client-request-id": "cb9e655b-7724-601f-6ad9-10128dbee308",
        "x-ms-file-attributes": "Directory",
        "x-ms-file-change-time": "2019-12-11T23:05:39.4411177Z",
        "x-ms-file-creation-time": "2019-12-11T23:05:39.4411177Z",
        "x-ms-file-id": "13835128424026341376",
        "x-ms-file-last-write-time": "2019-12-11T23:05:39.4411177Z",
        "x-ms-file-parent-id": "0",
        "x-ms-file-permission-key": "7855875120676328179*422928105932735866",
        "x-ms-request-id": "b65eb5c7-301a-0022-2777-b05724000000",
        "x-ms-request-server-encrypted": "true",
        "x-ms-version": "2019-07-07"
      },
      "ResponseBody": []
    },
    {
      "RequestUri": "http://seanstagetest.file.core.windows.net/test-share-9284bf66-36a2-2875-93a0-d07965a7afe1/test-directory-e7bca702-4575-c184-0469-be94fed4b5b2/test-file-6aa44300-3d3a-68c6-42d2-942bdb8f122f",
      "RequestMethod": "PUT",
      "RequestHeaders": {
        "Authorization": "Sanitized",
        "traceparent": "00-da4204cddc17be4e82702e8a2b06572e-757c221c75012740-00",
        "User-Agent": [
          "azsdk-net-Storage.Files.Shares/12.0.0-dev.20191211.1\u002B2accb37068f0a0c9382fa117525bb968c5397cf7",
          "(.NET Core 4.6.28008.01; Microsoft Windows 10.0.18363 )"
        ],
        "x-ms-client-request-id": "6cf56066-0930-1e8a-9f35-8952e2f484db",
        "x-ms-content-length": "1048576",
        "x-ms-date": "Wed, 11 Dec 2019 23:05:39 GMT",
        "x-ms-file-attributes": "None",
        "x-ms-file-creation-time": "Now",
        "x-ms-file-last-write-time": "Now",
        "x-ms-file-permission": "Inherit",
        "x-ms-return-client-request-id": "true",
        "x-ms-type": "file",
        "x-ms-version": "2019-07-07"
      },
      "RequestBody": null,
      "StatusCode": 201,
      "ResponseHeaders": {
        "Content-Length": "0",
        "Date": "Wed, 11 Dec 2019 23:05:39 GMT",
        "ETag": "\u00220x8D77E8EA3D4500E\u0022",
        "Last-Modified": "Wed, 11 Dec 2019 23:05:39 GMT",
        "Server": [
          "Windows-Azure-File/1.0",
          "Microsoft-HTTPAPI/2.0"
        ],
        "x-ms-client-request-id": "6cf56066-0930-1e8a-9f35-8952e2f484db",
        "x-ms-file-attributes": "Archive",
        "x-ms-file-change-time": "2019-12-11T23:05:39.5270670Z",
        "x-ms-file-creation-time": "2019-12-11T23:05:39.5270670Z",
        "x-ms-file-id": "11529285414812647424",
        "x-ms-file-last-write-time": "2019-12-11T23:05:39.5270670Z",
        "x-ms-file-parent-id": "13835128424026341376",
        "x-ms-file-permission-key": "12501538048846835188*422928105932735866",
        "x-ms-request-id": "b65eb5c8-301a-0022-2877-b05724000000",
        "x-ms-request-server-encrypted": "true",
        "x-ms-version": "2019-07-07"
      },
      "ResponseBody": []
    },
    {
      "RequestUri": "http://seanstagetest.file.core.windows.net/test-share-9284bf66-36a2-2875-93a0-d07965a7afe1/test-directory-e7bca702-4575-c184-0469-be94fed4b5b2/test-file-6aa44300-3d3a-68c6-42d2-942bdb8f122f?comp=forceclosehandles",
      "RequestMethod": "PUT",
      "RequestHeaders": {
        "Authorization": "Sanitized",
        "traceparent": "00-07673223728a75489bbd26b993bed5e9-5fa89ebdd2ee624e-00",
        "User-Agent": [
          "azsdk-net-Storage.Files.Shares/12.0.0-dev.20191211.1\u002B2accb37068f0a0c9382fa117525bb968c5397cf7",
          "(.NET Core 4.6.28008.01; Microsoft Windows 10.0.18363 )"
        ],
        "x-ms-client-request-id": "7ac40075-a699-ebff-6f1a-f900603ce828",
        "x-ms-date": "Wed, 11 Dec 2019 23:05:39 GMT",
        "x-ms-handle-id": "*",
        "x-ms-return-client-request-id": "true",
        "x-ms-version": "2019-07-07"
      },
      "RequestBody": null,
      "StatusCode": 200,
      "ResponseHeaders": {
        "Content-Length": "0",
        "Date": "Wed, 11 Dec 2019 23:05:39 GMT",
        "Server": [
          "Windows-Azure-File/1.0",
          "Microsoft-HTTPAPI/2.0"
        ],
        "x-ms-client-request-id": "7ac40075-a699-ebff-6f1a-f900603ce828",
        "x-ms-number-of-handles-closed": "0",
        "x-ms-number-of-handles-failed": "0",
        "x-ms-request-id": "b65eb5ce-301a-0022-2e77-b05724000000",
        "x-ms-version": "2019-07-07"
      },
      "ResponseBody": []
    },
    {
      "RequestUri": "http://seanstagetest.file.core.windows.net/test-share-9284bf66-36a2-2875-93a0-d07965a7afe1?restype=share",
      "RequestMethod": "DELETE",
      "RequestHeaders": {
        "Authorization": "Sanitized",
        "traceparent": "00-d7fbf5d3ba892547bc53f8b7e9003547-c9f64fa5dc37bd42-00",
        "User-Agent": [
          "azsdk-net-Storage.Files.Shares/12.0.0-dev.20191211.1\u002B2accb37068f0a0c9382fa117525bb968c5397cf7",
          "(.NET Core 4.6.28008.01; Microsoft Windows 10.0.18363 )"
        ],
        "x-ms-client-request-id": "e2dc9856-092f-2041-e131-236c50d1b578",
        "x-ms-date": "Wed, 11 Dec 2019 23:05:39 GMT",
        "x-ms-delete-snapshots": "include",
        "x-ms-return-client-request-id": "true",
        "x-ms-version": "2019-07-07"
      },
      "RequestBody": null,
      "StatusCode": 202,
      "ResponseHeaders": {
        "Content-Length": "0",
        "Date": "Wed, 11 Dec 2019 23:05:39 GMT",
        "Server": [
          "Windows-Azure-File/1.0",
          "Microsoft-HTTPAPI/2.0"
        ],
        "x-ms-client-request-id": "e2dc9856-092f-2041-e131-236c50d1b578",
        "x-ms-request-id": "b65eb5d2-301a-0022-3277-b05724000000",
        "x-ms-version": "2019-07-07"
      },
      "ResponseBody": []
    }
  ],
  "Variables": {
    "RandomSeed": "183386923",
    "Storage_TestConfigDefault": "ProductionTenant\nseanstagetest\nU2FuaXRpemVk\nhttp://seanstagetest.blob.core.windows.net\nhttp://seanstagetest.file.core.windows.net\nhttp://seanstagetest.queue.core.windows.net\nhttp://seanstagetest.table.core.windows.net\n\n\n\n\nhttp://seanstagetest-secondary.blob.core.windows.net\nhttp://seanstagetest-secondary.file.core.windows.net\nhttp://seanstagetest-secondary.queue.core.windows.net\nhttp://seanstagetest-secondary.table.core.windows.net\n\nSanitized\n\n\nCloud\nBlobEndpoint=http://seanstagetest.blob.core.windows.net/;QueueEndpoint=http://seanstagetest.queue.core.windows.net/;FileEndpoint=http://seanstagetest.file.core.windows.net/;BlobSecondaryEndpoint=http://seanstagetest-secondary.blob.core.windows.net/;QueueSecondaryEndpoint=http://seanstagetest-secondary.queue.core.windows.net/;FileSecondaryEndpoint=http://seanstagetest-secondary.file.core.windows.net/;AccountName=seanstagetest;AccountKey=Sanitized\nseanscope1"
  }
}