{
  "Entries": [
    {
      "RequestUri": "http://amandadev2.file.core.windows.net/test-share-d01dbbb4-90d7-bff8-c63e-ce14ff027da4?restype=share",
      "RequestMethod": "PUT",
      "RequestHeaders": {
        "Authorization": "Sanitized",
        "traceparent": "00-e9b6482d0d1bd14e9dadfaba532ed353-5a77649199ea794e-00",
        "User-Agent": [
          "azsdk-net-Storage.Files.Shares/12.3.0-dev.20200529.1",
          "(.NET Core 4.6.28801.04; Microsoft Windows 10.0.18363 )"
        ],
        "x-ms-client-request-id": "279b96a5-a863-73a2-7929-ffc122556ecf",
        "x-ms-date": "Fri, 29 May 2020 16:50:52 GMT",
        "x-ms-return-client-request-id": "true",
        "x-ms-version": "2019-07-07"
      },
      "RequestBody": null,
      "StatusCode": 201,
      "ResponseHeaders": {
        "Content-Length": "0",
        "Date": "Fri, 29 May 2020 16:50:51 GMT",
        "ETag": "\u00220x8D803F0727EEDF8\u0022",
        "Last-Modified": "Fri, 29 May 2020 16:50:52 GMT",
        "Server": [
          "Windows-Azure-File/1.0",
          "Microsoft-HTTPAPI/2.0"
        ],
        "x-ms-client-request-id": "279b96a5-a863-73a2-7929-ffc122556ecf",
        "x-ms-request-id": "7a949bb6-001a-00bc-52d9-35856a000000",
        "x-ms-version": "2019-07-07"
      },
      "ResponseBody": []
    },
    {
      "RequestUri": "http://amandadev2.file.core.windows.net/test-share-d01dbbb4-90d7-bff8-c63e-ce14ff027da4/test-directory-ffb33523-378b-ca9b-683c-34519652e978?restype=directory",
      "RequestMethod": "PUT",
      "RequestHeaders": {
        "Authorization": "Sanitized",
        "traceparent": "00-9b4fec4c8a002c4c83266320ee3df6d2-84a2780ddc82c14b-00",
        "User-Agent": [
          "azsdk-net-Storage.Files.Shares/12.3.0-dev.20200529.1",
          "(.NET Core 4.6.28801.04; Microsoft Windows 10.0.18363 )"
        ],
        "x-ms-client-request-id": "a1822b17-c79a-6e3f-fbd0-be267451dd27",
        "x-ms-date": "Fri, 29 May 2020 16:50:52 GMT",
        "x-ms-file-attributes": "None",
        "x-ms-file-creation-time": "Now",
        "x-ms-file-last-write-time": "Now",
        "x-ms-file-permission": "Inherit",
        "x-ms-return-client-request-id": "true",
        "x-ms-version": "2019-07-07"
      },
      "RequestBody": null,
      "StatusCode": 201,
      "ResponseHeaders": {
        "Content-Length": "0",
        "Date": "Fri, 29 May 2020 16:50:51 GMT",
        "ETag": "\u00220x8D803F0728798B7\u0022",
        "Last-Modified": "Fri, 29 May 2020 16:50:52 GMT",
        "Server": [
          "Windows-Azure-File/1.0",
          "Microsoft-HTTPAPI/2.0"
        ],
        "x-ms-client-request-id": "a1822b17-c79a-6e3f-fbd0-be267451dd27",
        "x-ms-file-attributes": "Directory",
        "x-ms-file-change-time": "2020-05-29T16:50:52.1448631Z",
        "x-ms-file-creation-time": "2020-05-29T16:50:52.1448631Z",
        "x-ms-file-id": "13835128424026341376",
        "x-ms-file-last-write-time": "2020-05-29T16:50:52.1448631Z",
        "x-ms-file-parent-id": "0",
        "x-ms-file-permission-key": "8720823596597466685*1287379445297103284",
        "x-ms-request-id": "7a949bb8-001a-00bc-53d9-35856a000000",
        "x-ms-request-server-encrypted": "true",
        "x-ms-version": "2019-07-07"
      },
      "ResponseBody": []
    },
    {
      "RequestUri": "http://amandadev2.file.core.windows.net/test-share-d01dbbb4-90d7-bff8-c63e-ce14ff027da4/test-directory-ffb33523-378b-ca9b-683c-34519652e978/test-\u0192\u00A1\u00A3\u20AC\u203D%253A-1e4a873f-06e6-cd67-f422-d5983c0ae0d8",
      "RequestMethod": "PUT",
      "RequestHeaders": {
        "Authorization": "Sanitized",
        "traceparent": "00-23fdba677a6ef44f8383c11e1c87c994-66db12392d2bf547-00",
        "User-Agent": [
          "azsdk-net-Storage.Files.Shares/12.3.0-dev.20200529.1",
          "(.NET Core 4.6.28801.04; Microsoft Windows 10.0.18363 )"
        ],
        "x-ms-client-request-id": "6351d316-9f45-1060-c3b4-ad77f2a631f1",
        "x-ms-content-length": "1048576",
        "x-ms-date": "Fri, 29 May 2020 16:50:52 GMT",
        "x-ms-file-attributes": "None",
        "x-ms-file-creation-time": "Now",
        "x-ms-file-last-write-time": "Now",
        "x-ms-file-permission": "Inherit",
        "x-ms-return-client-request-id": "true",
        "x-ms-type": "file",
        "x-ms-version": "2019-07-07"
      },
      "RequestBody": null,
      "StatusCode": 201,
      "ResponseHeaders": {
        "Content-Length": "0",
        "Date": "Fri, 29 May 2020 16:50:51 GMT",
        "ETag": "\u00220x8D803F0728F8967\u0022",
        "Last-Modified": "Fri, 29 May 2020 16:50:52 GMT",
        "Server": [
          "Windows-Azure-File/1.0",
          "Microsoft-HTTPAPI/2.0"
        ],
        "x-ms-client-request-id": "6351d316-9f45-1060-c3b4-ad77f2a631f1",
        "x-ms-file-attributes": "Archive",
        "x-ms-file-change-time": "2020-05-29T16:50:52.1968999Z",
        "x-ms-file-creation-time": "2020-05-29T16:50:52.1968999Z",
        "x-ms-file-id": "11529285414812647424",
        "x-ms-file-last-write-time": "2020-05-29T16:50:52.1968999Z",
        "x-ms-file-parent-id": "13835128424026341376",
        "x-ms-file-permission-key": "13365936616355342650*1287379445297103284",
        "x-ms-request-id": "7a949bb9-001a-00bc-54d9-35856a000000",
        "x-ms-request-server-encrypted": "true",
        "x-ms-version": "2019-07-07"
      },
      "ResponseBody": []
    },
    {
      "RequestUri": "http://amandadev2.file.core.windows.net/test-share-d01dbbb4-90d7-bff8-c63e-ce14ff027da4/test-directory-ffb33523-378b-ca9b-683c-34519652e978?restype=directory\u0026comp=list",
      "RequestMethod": "GET",
      "RequestHeaders": {
        "Authorization": "Sanitized",
        "User-Agent": [
          "azsdk-net-Storage.Files.Shares/12.3.0-dev.20200529.1",
          "(.NET Core 4.6.28801.04; Microsoft Windows 10.0.18363 )"
        ],
        "x-ms-client-request-id": "6881fc05-7db9-df92-8c28-a71c9a66bd1e",
        "x-ms-date": "Fri, 29 May 2020 16:50:52 GMT",
        "x-ms-return-client-request-id": "true",
        "x-ms-version": "2019-07-07"
      },
      "RequestBody": null,
      "StatusCode": 200,
      "ResponseHeaders": {
        "Access-Control-Allow-Origin": "*",
        "Content-Type": "application/xml",
        "Date": "Fri, 29 May 2020 16:50:51 GMT",
        "Server": [
          "Windows-Azure-File/1.0",
          "Microsoft-HTTPAPI/2.0"
        ],
        "Transfer-Encoding": "chunked",
        "x-ms-client-request-id": "6881fc05-7db9-df92-8c28-a71c9a66bd1e",
        "x-ms-request-id": "7a949bba-001a-00bc-55d9-35856a000000",
        "x-ms-version": "2019-07-07"
      },
      "ResponseBody": "\uFEFF\u003C?xml version=\u00221.0\u0022 encoding=\u0022utf-8\u0022?\u003E\u003CEnumerationResults ServiceEndpoint=\u0022http://amandadev2.file.core.windows.net/\u0022 ShareName=\u0022test-share-d01dbbb4-90d7-bff8-c63e-ce14ff027da4\u0022 DirectoryPath=\u0022test-directory-ffb33523-378b-ca9b-683c-34519652e978\u0022\u003E\u003CEntries\u003E\u003CFile\u003E\u003CName\u003Etest-\u0192\u00A1\u00A3\u20AC\u203D%3A-1e4a873f-06e6-cd67-f422-d5983c0ae0d8\u003C/Name\u003E\u003CProperties\u003E\u003CContent-Length\u003E1048576\u003C/Content-Length\u003E\u003C/Properties\u003E\u003C/File\u003E\u003C/Entries\u003E\u003CNextMarker /\u003E\u003C/EnumerationResults\u003E"
    },
    {
      "RequestUri": "http://amandadev2.file.core.windows.net/test-share-d01dbbb4-90d7-bff8-c63e-ce14ff027da4?restype=share",
      "RequestMethod": "DELETE",
      "RequestHeaders": {
        "Authorization": "Sanitized",
        "traceparent": "00-d98f1d1289b3e946a7bcc00071911a4f-8fb625aa9e303541-00",
        "User-Agent": [
          "azsdk-net-Storage.Files.Shares/12.3.0-dev.20200529.1",
          "(.NET Core 4.6.28801.04; Microsoft Windows 10.0.18363 )"
        ],
        "x-ms-client-request-id": "f572d37d-c824-7338-53c8-fbeeca3a5d43",
        "x-ms-date": "Fri, 29 May 2020 16:50:52 GMT",
        "x-ms-delete-snapshots": "include",
        "x-ms-return-client-request-id": "true",
        "x-ms-version": "2019-07-07"
      },
      "RequestBody": null,
      "StatusCode": 202,
      "ResponseHeaders": {
        "Content-Length": "0",
        "Date": "Fri, 29 May 2020 16:50:51 GMT",
        "Server": [
          "Windows-Azure-File/1.0",
          "Microsoft-HTTPAPI/2.0"
        ],
        "x-ms-client-request-id": "f572d37d-c824-7338-53c8-fbeeca3a5d43",
        "x-ms-request-id": "7a949bbb-001a-00bc-56d9-35856a000000",
        "x-ms-version": "2019-07-07"
      },
      "ResponseBody": []
    }
  ],
  "Variables": {
    "RandomSeed": "1358807126",
    "Storage_TestConfigDefault": "ProductionTenant\namandadev2\nU2FuaXRpemVk\nhttp://amandadev2.blob.core.windows.net\nhttp://amandadev2.file.core.windows.net\nhttp://amandadev2.queue.core.windows.net\nhttp://amandadev2.table.core.windows.net\n\n\n\n\nhttp://amandadev2-secondary.blob.core.windows.net\nhttp://amandadev2-secondary.file.core.windows.net\nhttp://amandadev2-secondary.queue.core.windows.net\nhttp://amandadev2-secondary.table.core.windows.net\n\nSanitized\n\n\nCloud\nBlobEndpoint=http://amandadev2.blob.core.windows.net/;QueueEndpoint=http://amandadev2.queue.core.windows.net/;FileEndpoint=http://amandadev2.file.core.windows.net/;BlobSecondaryEndpoint=http://amandadev2-secondary.blob.core.windows.net/;QueueSecondaryEndpoint=http://amandadev2-secondary.queue.core.windows.net/;FileSecondaryEndpoint=http://amandadev2-secondary.file.core.windows.net/;AccountName=amandadev2;AccountKey=Sanitized\n"
  }
}