{
  "Entries": [
    {
      "RequestUri": "https://blobindex1.file.core.windows.net/test-share-7a4dac53-f441-fede-e647-f84b57780e37?restype=share",
      "RequestMethod": "PUT",
      "RequestHeaders": {
        "Authorization": "Sanitized",
        "traceparent": "00-2e643aa0ef851b4b83778bf30fdd81ae-d4740f4b01649345-00",
        "User-Agent": [
          "azsdk-net-Storage.Files.Shares/12.3.0-dev.20200428.1",
          "(.NET Core 4.6.28325.01; Microsoft Windows 10.0.18362 )"
        ],
        "x-ms-client-request-id": "e7fc1f61-c45b-fb1d-1191-caac4776772e",
        "x-ms-date": "Tue, 28 Apr 2020 22:16:41 GMT",
        "x-ms-return-client-request-id": "true",
        "x-ms-version": "2019-12-12"
      },
      "RequestBody": null,
      "StatusCode": 201,
      "ResponseHeaders": {
        "Content-Length": "0",
        "Date": "Tue, 28 Apr 2020 22:16:40 GMT",
        "ETag": "\u00220x8D7EBC1D3F1B1E9\u0022",
        "Last-Modified": "Tue, 28 Apr 2020 22:16:41 GMT",
        "Server": [
          "Windows-Azure-File/1.0",
          "Microsoft-HTTPAPI/2.0"
        ],
        "x-ms-client-request-id": "e7fc1f61-c45b-fb1d-1191-caac4776772e",
        "x-ms-request-id": "a8c79de6-e01a-006c-63aa-1da637000000",
        "x-ms-version": "2019-12-12"
      },
      "ResponseBody": []
    },
    {
      "RequestUri": "https://blobindex1.file.core.windows.net/test-share-7a4dac53-f441-fede-e647-f84b57780e37/test-directory-17786895-82a5-0ad1-d1c5-de8d3054e5d8?restype=directory",
      "RequestMethod": "PUT",
      "RequestHeaders": {
        "Authorization": "Sanitized",
        "traceparent": "00-81b8e52325e35b41be3d49c25b33aedd-3ad5a25563f1a74f-00",
        "User-Agent": [
          "azsdk-net-Storage.Files.Shares/12.3.0-dev.20200428.1",
          "(.NET Core 4.6.28325.01; Microsoft Windows 10.0.18362 )"
        ],
        "x-ms-client-request-id": "73f8a92b-ada5-a2de-1ef9-fba7903c8964",
        "x-ms-date": "Tue, 28 Apr 2020 22:16:41 GMT",
        "x-ms-file-attributes": "None",
        "x-ms-file-creation-time": "Now",
        "x-ms-file-last-write-time": "Now",
        "x-ms-file-permission": "Inherit",
        "x-ms-return-client-request-id": "true",
        "x-ms-version": "2019-12-12"
      },
      "RequestBody": null,
      "StatusCode": 201,
      "ResponseHeaders": {
        "Content-Length": "0",
        "Date": "Tue, 28 Apr 2020 22:16:40 GMT",
        "ETag": "\u00220x8D7EBC1D403FF89\u0022",
        "Last-Modified": "Tue, 28 Apr 2020 22:16:41 GMT",
        "Server": [
          "Windows-Azure-File/1.0",
          "Microsoft-HTTPAPI/2.0"
        ],
        "x-ms-client-request-id": "73f8a92b-ada5-a2de-1ef9-fba7903c8964",
        "x-ms-file-attributes": "Directory",
        "x-ms-file-change-time": "2020-04-28T22:16:41.4461833Z",
        "x-ms-file-creation-time": "2020-04-28T22:16:41.4461833Z",
        "x-ms-file-id": "13835128424026341376",
        "x-ms-file-last-write-time": "2020-04-28T22:16:41.4461833Z",
        "x-ms-file-parent-id": "0",
        "x-ms-file-permission-key": "16682841523147366999*10330833039735551454",
        "x-ms-request-id": "a8c79de9-e01a-006c-64aa-1da637000000",
        "x-ms-request-server-encrypted": "true",
        "x-ms-version": "2019-12-12"
      },
      "ResponseBody": []
    },
    {
      "RequestUri": "https://blobindex1.file.core.windows.net/test-share-7a4dac53-f441-fede-e647-f84b57780e37/test-directory-17786895-82a5-0ad1-d1c5-de8d3054e5d8/test-file-491c6f4e-991a-e657-4cf8-3b5a93a2953a",
      "RequestMethod": "PUT",
      "RequestHeaders": {
        "Authorization": "Sanitized",
        "traceparent": "00-699f91eadede72429e79911541dd0894-6b1d8967e373504f-00",
        "User-Agent": [
          "azsdk-net-Storage.Files.Shares/12.3.0-dev.20200428.1",
          "(.NET Core 4.6.28325.01; Microsoft Windows 10.0.18362 )"
        ],
        "x-ms-client-request-id": "9d81cfc0-037d-8388-c583-d666ddf8634a",
        "x-ms-content-length": "1048576",
        "x-ms-date": "Tue, 28 Apr 2020 22:16:41 GMT",
        "x-ms-file-attributes": "None",
        "x-ms-file-creation-time": "Now",
        "x-ms-file-last-write-time": "Now",
        "x-ms-file-permission": "Inherit",
        "x-ms-return-client-request-id": "true",
        "x-ms-type": "file",
        "x-ms-version": "2019-12-12"
      },
      "RequestBody": null,
      "StatusCode": 201,
      "ResponseHeaders": {
        "Content-Length": "0",
        "Date": "Tue, 28 Apr 2020 22:16:40 GMT",
        "ETag": "\u00220x8D7EBC1D41232F0\u0022",
        "Last-Modified": "Tue, 28 Apr 2020 22:16:41 GMT",
        "Server": [
          "Windows-Azure-File/1.0",
          "Microsoft-HTTPAPI/2.0"
        ],
        "x-ms-client-request-id": "9d81cfc0-037d-8388-c583-d666ddf8634a",
        "x-ms-file-attributes": "Archive",
        "x-ms-file-change-time": "2020-04-28T22:16:41.5392496Z",
        "x-ms-file-creation-time": "2020-04-28T22:16:41.5392496Z",
        "x-ms-file-id": "11529285414812647424",
        "x-ms-file-last-write-time": "2020-04-28T22:16:41.5392496Z",
        "x-ms-file-parent-id": "13835128424026341376",
        "x-ms-file-permission-key": "2881905375708421456*10330833039735551454",
        "x-ms-request-id": "a8c79dea-e01a-006c-65aa-1da637000000",
        "x-ms-request-server-encrypted": "true",
        "x-ms-version": "2019-12-12"
      },
      "ResponseBody": []
    },
    {
      "RequestUri": "https://blobindex1.file.core.windows.net/test-share-7a4dac53-f441-fede-e647-f84b57780e37/test-directory-17786895-82a5-0ad1-d1c5-de8d3054e5d8/test-file-491c6f4e-991a-e657-4cf8-3b5a93a2953a?sv=2019-10-10\u0026st=2020-04-28T21%3A16%3A42Z\u0026se=2020-04-28T23%3A16%3A42Z\u0026sr=s\u0026sp=rcwdl\u0026sig=Sanitized",
      "RequestMethod": "HEAD",
      "RequestHeaders": {
        "traceparent": "00-b6bf5f2da0a2944581c5a1af86e2a989-1655d2ad274db747-00",
        "User-Agent": [
          "azsdk-net-Storage.Files.Shares/12.3.0-dev.20200428.1",
          "(.NET Core 4.6.28325.01; Microsoft Windows 10.0.18362 )"
        ],
        "x-ms-client-request-id": "c1e6c5ed-ebbb-c8e6-f1c8-aca702ccaa87",
        "x-ms-return-client-request-id": "true",
        "x-ms-version": "2019-12-12"
      },
      "RequestBody": null,
      "StatusCode": 200,
      "ResponseHeaders": {
        "Content-Length": "1048576",
        "Content-Type": "application/octet-stream",
        "Date": "Tue, 28 Apr 2020 22:16:41 GMT",
        "ETag": "\u00220x8D7EBC1D41232F0\u0022",
        "Last-Modified": "Tue, 28 Apr 2020 22:16:41 GMT",
        "Server": [
          "Windows-Azure-File/1.0",
          "Microsoft-HTTPAPI/2.0"
        ],
        "x-ms-client-request-id": "c1e6c5ed-ebbb-c8e6-f1c8-aca702ccaa87",
        "x-ms-file-attributes": "Archive",
        "x-ms-file-change-time": "2020-04-28T22:16:41.5392496Z",
        "x-ms-file-creation-time": "2020-04-28T22:16:41.5392496Z",
        "x-ms-file-id": "11529285414812647424",
        "x-ms-file-last-write-time": "2020-04-28T22:16:41.5392496Z",
        "x-ms-file-parent-id": "13835128424026341376",
        "x-ms-file-permission-key": "2881905375708421456*10330833039735551454",
        "x-ms-lease-state": "available",
        "x-ms-lease-status": "unlocked",
        "x-ms-request-id": "c09fcbae-901a-0092-51aa-1dc976000000",
        "x-ms-server-encrypted": "true",
        "x-ms-type": "File",
        "x-ms-version": "2019-12-12"
      },
      "ResponseBody": []
    },
    {
      "RequestUri": "https://blobindex1.file.core.windows.net/test-share-7a4dac53-f441-fede-e647-f84b57780e37?restype=share",
      "RequestMethod": "DELETE",
      "RequestHeaders": {
        "Authorization": "Sanitized",
        "traceparent": "00-a6e541c83470f44486fee3611fa089b9-4bc3d7f92e92e54e-00",
        "User-Agent": [
          "azsdk-net-Storage.Files.Shares/12.3.0-dev.20200428.1",
          "(.NET Core 4.6.28325.01; Microsoft Windows 10.0.18362 )"
        ],
        "x-ms-client-request-id": "1878fe37-a112-d78e-2341-83c7b2284ea9",
        "x-ms-date": "Tue, 28 Apr 2020 22:16:42 GMT",
        "x-ms-delete-snapshots": "include",
        "x-ms-return-client-request-id": "true",
        "x-ms-version": "2019-12-12"
      },
      "RequestBody": null,
      "StatusCode": 202,
      "ResponseHeaders": {
        "Content-Length": "0",
        "Date": "Tue, 28 Apr 2020 22:16:43 GMT",
        "Server": [
          "Windows-Azure-File/1.0",
          "Microsoft-HTTPAPI/2.0"
        ],
        "x-ms-client-request-id": "1878fe37-a112-d78e-2341-83c7b2284ea9",
        "x-ms-request-id": "c09fcbb1-901a-0092-52aa-1dc976000000",
        "x-ms-version": "2019-12-12"
      },
      "ResponseBody": []
    }
  ],
  "Variables": {
    "DateTimeOffsetNow": "2020-04-28T15:16:42.0643119-07:00",
    "RandomSeed": "2014289224",
    "Storage_TestConfigDefault": "ProductionTenant\nblobindex1\nU2FuaXRpemVk\nhttps://blobindex1.blob.core.windows.net\nhttps://blobindex1.file.core.windows.net\nhttps://blobindex1.queue.core.windows.net\nhttps://blobindex1.table.core.windows.net\n\n\n\n\nhttps://blobindex1-secondary.blob.core.windows.net\nhttps://blobindex1-secondary.file.core.windows.net\nhttps://blobindex1-secondary.queue.core.windows.net\nhttps://blobindex1-secondary.table.core.windows.net\n\nSanitized\n\n\nCloud\nBlobEndpoint=https://blobindex1.blob.core.windows.net/;QueueEndpoint=https://blobindex1.queue.core.windows.net/;FileEndpoint=https://blobindex1.file.core.windows.net/;BlobSecondaryEndpoint=https://blobindex1-secondary.blob.core.windows.net/;QueueSecondaryEndpoint=https://blobindex1-secondary.queue.core.windows.net/;FileSecondaryEndpoint=https://blobindex1-secondary.file.core.windows.net/;AccountName=blobindex1;AccountKey=Sanitized\nseanscope1"
  }
}