{
  "Entries": [
    {
      "RequestUri": "https://seanmcccanary.file.core.windows.net/test-share-cd8a6569-c6ea-a928-92ca-85e4d2a70c1f?restype=share",
      "RequestMethod": "PUT",
      "RequestHeaders": {
        "Authorization": "Sanitized",
        "traceparent": "00-a150effb0d95fd4191560f4730327d1c-764680a9529f884a-00",
        "User-Agent": [
          "azsdk-net-Storage.Files.Shares/12.3.0-dev.20200625.1",
          "(.NET Core 4.6.28801.04; Microsoft Windows 10.0.18362 )"
        ],
        "x-ms-client-request-id": "29936333-7860-e41b-e1ff-42d6c31dca69",
        "x-ms-date": "Fri, 26 Jun 2020 01:35:23 GMT",
        "x-ms-return-client-request-id": "true",
        "x-ms-version": "2020-04-08"
      },
      "RequestBody": null,
      "StatusCode": 201,
      "ResponseHeaders": {
        "Content-Length": "0",
        "Date": "Fri, 26 Jun 2020 01:35:23 GMT",
        "ETag": "\u00220x8D81971325813B5\u0022",
        "Last-Modified": "Fri, 26 Jun 2020 01:35:23 GMT",
        "Server": [
          "Windows-Azure-File/1.0",
          "Microsoft-HTTPAPI/2.0"
        ],
        "x-ms-client-request-id": "29936333-7860-e41b-e1ff-42d6c31dca69",
        "x-ms-request-id": "873c34cb-701a-0051-4f5a-4bd02c000000",
        "x-ms-version": "2020-04-08"
      },
      "ResponseBody": []
    },
    {
      "RequestUri": "https://seanmcccanary.file.core.windows.net/test-share-cd8a6569-c6ea-a928-92ca-85e4d2a70c1f/test-directory-6fb816f1-81be-65d9-3560-5226495b5722?restype=directory",
      "RequestMethod": "PUT",
      "RequestHeaders": {
        "Authorization": "Sanitized",
        "traceparent": "00-28c602b69e03c34aa4eabce1e97d97e9-21584fb931dfea4c-00",
        "User-Agent": [
          "azsdk-net-Storage.Files.Shares/12.3.0-dev.20200625.1",
          "(.NET Core 4.6.28801.04; Microsoft Windows 10.0.18362 )"
        ],
        "x-ms-client-request-id": "3bdb13f9-04b7-b195-892e-f30026f49b85",
        "x-ms-date": "Fri, 26 Jun 2020 01:35:23 GMT",
        "x-ms-file-attributes": "None",
        "x-ms-file-creation-time": "Now",
        "x-ms-file-last-write-time": "Now",
        "x-ms-file-permission": "Inherit",
        "x-ms-return-client-request-id": "true",
        "x-ms-version": "2020-04-08"
      },
      "RequestBody": null,
      "StatusCode": 201,
      "ResponseHeaders": {
        "Content-Length": "0",
        "Date": "Fri, 26 Jun 2020 01:35:23 GMT",
        "ETag": "\u00220x8D8197132646362\u0022",
        "Last-Modified": "Fri, 26 Jun 2020 01:35:24 GMT",
        "Server": [
          "Windows-Azure-File/1.0",
          "Microsoft-HTTPAPI/2.0"
        ],
        "x-ms-client-request-id": "3bdb13f9-04b7-b195-892e-f30026f49b85",
        "x-ms-file-attributes": "Directory",
        "x-ms-file-change-time": "2020-06-26T01:35:24.0363874Z",
        "x-ms-file-creation-time": "2020-06-26T01:35:24.0363874Z",
        "x-ms-file-id": "13835128424026341376",
        "x-ms-file-last-write-time": "2020-06-26T01:35:24.0363874Z",
        "x-ms-file-parent-id": "0",
        "x-ms-file-permission-key": "11811099930176499864*14641856446884751121",
        "x-ms-request-id": "873c34ce-701a-0051-505a-4bd02c000000",
        "x-ms-request-server-encrypted": "true",
        "x-ms-version": "2020-04-08"
      },
      "ResponseBody": []
    },
    {
      "RequestUri": "https://seanmcccanary.file.core.windows.net/test-share-cd8a6569-c6ea-a928-92ca-85e4d2a70c1f/test-directory-6fb816f1-81be-65d9-3560-5226495b5722/test-file-937f1fa8-5b6b-0d56-58e0-32f23c1ba3dc",
      "RequestMethod": "PUT",
      "RequestHeaders": {
        "Authorization": "Sanitized",
        "traceparent": "00-41dda1f4fafe144f80529a33210ef7f3-98323fe3316bef45-00",
        "User-Agent": [
          "azsdk-net-Storage.Files.Shares/12.3.0-dev.20200625.1",
          "(.NET Core 4.6.28801.04; Microsoft Windows 10.0.18362 )"
        ],
        "x-ms-client-request-id": "a116bf30-d2da-9df2-bdcd-e3d7d1a3746e",
        "x-ms-content-length": "1024",
        "x-ms-date": "Fri, 26 Jun 2020 01:35:23 GMT",
        "x-ms-file-attributes": "None",
        "x-ms-file-creation-time": "Now",
        "x-ms-file-last-write-time": "Now",
        "x-ms-file-permission": "Inherit",
        "x-ms-return-client-request-id": "true",
        "x-ms-type": "file",
        "x-ms-version": "2020-04-08"
      },
      "RequestBody": null,
      "StatusCode": 201,
      "ResponseHeaders": {
        "Content-Length": "0",
        "Date": "Fri, 26 Jun 2020 01:35:23 GMT",
        "ETag": "\u00220x8D8197132702559\u0022",
        "Last-Modified": "Fri, 26 Jun 2020 01:35:24 GMT",
        "Server": [
          "Windows-Azure-File/1.0",
          "Microsoft-HTTPAPI/2.0"
        ],
        "x-ms-client-request-id": "a116bf30-d2da-9df2-bdcd-e3d7d1a3746e",
        "x-ms-file-attributes": "Archive",
        "x-ms-file-change-time": "2020-06-26T01:35:24.1134425Z",
        "x-ms-file-creation-time": "2020-06-26T01:35:24.1134425Z",
        "x-ms-file-id": "11529285414812647424",
        "x-ms-file-last-write-time": "2020-06-26T01:35:24.1134425Z",
        "x-ms-file-parent-id": "13835128424026341376",
        "x-ms-file-permission-key": "7175002341387128735*14641856446884751121",
        "x-ms-request-id": "873c34cf-701a-0051-515a-4bd02c000000",
        "x-ms-request-server-encrypted": "true",
        "x-ms-version": "2020-04-08"
      },
      "ResponseBody": []
    },
    {
      "RequestUri": "https://seanmcccanary.file.core.windows.net/test-share-cd8a6569-c6ea-a928-92ca-85e4d2a70c1f/test-directory-6fb816f1-81be-65d9-3560-5226495b5722/test-file-937f1fa8-5b6b-0d56-58e0-32f23c1ba3dc?sharesnapshot=2020-06-26T00:49:21.0000000Z",
      "RequestMethod": "HEAD",
      "RequestHeaders": {
        "Authorization": "Sanitized",
        "traceparent": "00-3d5154356add534fbbfe7c15496b1bf5-839a806c26185f48-00",
        "User-Agent": [
          "azsdk-net-Storage.Files.Shares/12.3.0-dev.20200625.1",
          "(.NET Core 4.6.28801.04; Microsoft Windows 10.0.18362 )"
        ],
        "x-ms-client-request-id": "7dc1ea2e-0205-2702-018f-78b3379381f7",
        "x-ms-date": "Fri, 26 Jun 2020 01:35:23 GMT",
        "x-ms-return-client-request-id": "true",
        "x-ms-version": "2020-04-08"
      },
      "RequestBody": null,
      "StatusCode": 404,
      "ResponseHeaders": {
        "Content-Length": "0",
        "Date": "Fri, 26 Jun 2020 01:35:23 GMT",
        "Server": [
          "Windows-Azure-File/1.0",
          "Microsoft-HTTPAPI/2.0"
        ],
        "x-ms-client-request-id": "7dc1ea2e-0205-2702-018f-78b3379381f7",
        "x-ms-error-code": "ShareNotFound",
        "x-ms-request-id": "873c34d0-701a-0051-525a-4bd02c000000",
        "x-ms-version": "2020-04-08"
      },
      "ResponseBody": []
    },
    {
      "RequestUri": "https://seanmcccanary.file.core.windows.net/test-share-cd8a6569-c6ea-a928-92ca-85e4d2a70c1f?restype=share",
      "RequestMethod": "DELETE",
      "RequestHeaders": {
        "Authorization": "Sanitized",
        "traceparent": "00-21fe7eda32222a42a868b8f78c318075-f2f0efe89ccc5744-00",
        "User-Agent": [
          "azsdk-net-Storage.Files.Shares/12.3.0-dev.20200625.1",
          "(.NET Core 4.6.28801.04; Microsoft Windows 10.0.18362 )"
        ],
        "x-ms-client-request-id": "e6a949af-f7e2-8869-13de-3037ed515520",
        "x-ms-date": "Fri, 26 Jun 2020 01:35:23 GMT",
        "x-ms-delete-snapshots": "include",
        "x-ms-return-client-request-id": "true",
        "x-ms-version": "2020-04-08"
      },
      "RequestBody": null,
      "StatusCode": 202,
      "ResponseHeaders": {
        "Content-Length": "0",
        "Date": "Fri, 26 Jun 2020 01:35:23 GMT",
        "Server": [
          "Windows-Azure-File/1.0",
          "Microsoft-HTTPAPI/2.0"
        ],
        "x-ms-client-request-id": "e6a949af-f7e2-8869-13de-3037ed515520",
        "x-ms-request-id": "873c34d2-701a-0051-535a-4bd02c000000",
        "x-ms-version": "2020-04-08"
      },
      "ResponseBody": []
    }
  ],
  "Variables": {
    "RandomSeed": "459795278",
    "Storage_TestConfigDefault": "ProductionTenant\nseanmcccanary\nU2FuaXRpemVk\nhttps://seanmcccanary.blob.core.windows.net\nhttps://seanmcccanary.file.core.windows.net\nhttps://seanmcccanary.queue.core.windows.net\nhttps://seanmcccanary.table.core.windows.net\n\n\n\n\nhttps://seanmcccanary-secondary.blob.core.windows.net\nhttps://seanmcccanary-secondary.file.core.windows.net\nhttps://seanmcccanary-secondary.queue.core.windows.net\nhttps://seanmcccanary-secondary.table.core.windows.net\n\nSanitized\n\n\nCloud\nBlobEndpoint=https://seanmcccanary.blob.core.windows.net/;QueueEndpoint=https://seanmcccanary.queue.core.windows.net/;FileEndpoint=https://seanmcccanary.file.core.windows.net/;BlobSecondaryEndpoint=https://seanmcccanary-secondary.blob.core.windows.net/;QueueSecondaryEndpoint=https://seanmcccanary-secondary.queue.core.windows.net/;FileSecondaryEndpoint=https://seanmcccanary-secondary.file.core.windows.net/;AccountName=seanmcccanary;AccountKey=Sanitized\nseanscope1"
  }
}