{
  "Entries": [
    {
      "RequestUri": "http://seanstagetest.file.core.windows.net/test-share-9054357d-8e7b-00a5-07ff-86f0b879c842?restype=share",
      "RequestMethod": "PUT",
      "RequestHeaders": {
        "Authorization": "Sanitized",
        "traceparent": "00-78557a9e6959aa4aba92a785437e5830-ee0f0fbc6d0ba742-00",
        "User-Agent": [
          "azsdk-net-Storage.Files.Shares/12.0.0-dev.20191204.1\u002B5028d723e0cdeb10a227db4dee6ed6afa7cb4fa8",
          "(.NET Core 4.6.28008.01; Microsoft Windows 10.0.18363 )"
        ],
        "x-ms-client-request-id": "72f86a74-0f29-c7be-6f3c-7bf561c64f24",
        "x-ms-date": "Wed, 04 Dec 2019 19:46:39 GMT",
        "x-ms-return-client-request-id": "true",
        "x-ms-share-quota": "1",
        "x-ms-version": "2019-07-07"
      },
      "RequestBody": null,
      "StatusCode": 201,
      "ResponseHeaders": {
        "Content-Length": "0",
        "Date": "Wed, 04 Dec 2019 19:46:38 GMT",
        "ETag": "\u00220x8D778F2ADE67CEE\u0022",
        "Last-Modified": "Wed, 04 Dec 2019 19:46:39 GMT",
        "Server": [
          "Windows-Azure-File/1.0",
          "Microsoft-HTTPAPI/2.0"
        ],
        "x-ms-client-request-id": "72f86a74-0f29-c7be-6f3c-7bf561c64f24",
        "x-ms-request-id": "46203025-801a-0018-73db-aa4d5c000000",
        "x-ms-version": "2019-07-07"
      },
      "ResponseBody": []
    },
    {
      "RequestUri": "http://seanstagetest.file.core.windows.net/test-share-9054357d-8e7b-00a5-07ff-86f0b879c842/test-directory-942dc893-684f-7e8e-2613-5b449a028b1b?restype=directory",
      "RequestMethod": "PUT",
      "RequestHeaders": {
        "Authorization": "Sanitized",
        "traceparent": "00-0106d66ac17a824bb3e930cb5cf8660d-5252b62216a3c546-00",
        "User-Agent": [
          "azsdk-net-Storage.Files.Shares/12.0.0-dev.20191204.1\u002B5028d723e0cdeb10a227db4dee6ed6afa7cb4fa8",
          "(.NET Core 4.6.28008.01; Microsoft Windows 10.0.18363 )"
        ],
        "x-ms-client-request-id": "c45302f3-5c09-671c-d516-396cfd12b3e0",
        "x-ms-date": "Wed, 04 Dec 2019 19:46:39 GMT",
        "x-ms-file-attributes": "None",
        "x-ms-file-creation-time": "Now",
        "x-ms-file-last-write-time": "Now",
        "x-ms-file-permission": "Inherit",
        "x-ms-return-client-request-id": "true",
        "x-ms-version": "2019-07-07"
      },
      "RequestBody": null,
      "StatusCode": 201,
      "ResponseHeaders": {
        "Content-Length": "0",
        "Date": "Wed, 04 Dec 2019 19:46:38 GMT",
        "ETag": "\u00220x8D778F2ADF52675\u0022",
        "Last-Modified": "Wed, 04 Dec 2019 19:46:39 GMT",
        "Server": [
          "Windows-Azure-File/1.0",
          "Microsoft-HTTPAPI/2.0"
        ],
        "x-ms-client-request-id": "c45302f3-5c09-671c-d516-396cfd12b3e0",
        "x-ms-file-attributes": "Directory",
        "x-ms-file-change-time": "2019-12-04T19:46:39.2157813Z",
        "x-ms-file-creation-time": "2019-12-04T19:46:39.2157813Z",
        "x-ms-file-id": "13835128424026341376",
        "x-ms-file-last-write-time": "2019-12-04T19:46:39.2157813Z",
        "x-ms-file-parent-id": "0",
        "x-ms-file-permission-key": "7855875120676328179*422928105932735866",
        "x-ms-request-id": "46203028-801a-0018-75db-aa4d5c000000",
        "x-ms-request-server-encrypted": "true",
        "x-ms-version": "2019-07-07"
      },
      "ResponseBody": []
    },
    {
      "RequestUri": "http://seanstagetest.file.core.windows.net/test-share-9054357d-8e7b-00a5-07ff-86f0b879c842/test-directory-942dc893-684f-7e8e-2613-5b449a028b1b/test-file-b84f45f8-cc83-f159-195a-07c82f01cf46",
      "RequestMethod": "PUT",
      "RequestHeaders": {
        "Authorization": "Sanitized",
        "traceparent": "00-90bca841ab1e4541bdd34d13342686fe-f238a9d5706e1740-00",
        "User-Agent": [
          "azsdk-net-Storage.Files.Shares/12.0.0-dev.20191204.1\u002B5028d723e0cdeb10a227db4dee6ed6afa7cb4fa8",
          "(.NET Core 4.6.28008.01; Microsoft Windows 10.0.18363 )"
        ],
        "x-ms-client-request-id": "5e02c37d-8a73-e81b-f866-310da907822b",
        "x-ms-content-length": "1048576",
        "x-ms-date": "Wed, 04 Dec 2019 19:46:39 GMT",
        "x-ms-file-attributes": "None",
        "x-ms-file-creation-time": "Now",
        "x-ms-file-last-write-time": "Now",
        "x-ms-file-permission": "Inherit",
        "x-ms-return-client-request-id": "true",
        "x-ms-type": "file",
        "x-ms-version": "2019-07-07"
      },
      "RequestBody": null,
      "StatusCode": 201,
      "ResponseHeaders": {
        "Content-Length": "0",
        "Date": "Wed, 04 Dec 2019 19:46:38 GMT",
        "ETag": "\u00220x8D778F2AE02E210\u0022",
        "Last-Modified": "Wed, 04 Dec 2019 19:46:39 GMT",
        "Server": [
          "Windows-Azure-File/1.0",
          "Microsoft-HTTPAPI/2.0"
        ],
        "x-ms-client-request-id": "5e02c37d-8a73-e81b-f866-310da907822b",
        "x-ms-file-attributes": "Archive",
        "x-ms-file-change-time": "2019-12-04T19:46:39.3057808Z",
        "x-ms-file-creation-time": "2019-12-04T19:46:39.3057808Z",
        "x-ms-file-id": "11529285414812647424",
        "x-ms-file-last-write-time": "2019-12-04T19:46:39.3057808Z",
        "x-ms-file-parent-id": "13835128424026341376",
        "x-ms-file-permission-key": "12501538048846835188*422928105932735866",
        "x-ms-request-id": "4620302a-801a-0018-77db-aa4d5c000000",
        "x-ms-request-server-encrypted": "true",
        "x-ms-version": "2019-07-07"
      },
      "ResponseBody": []
    },
    {
      "RequestUri": "http://seanstagetest.file.core.windows.net/test-share-9054357d-8e7b-00a5-07ff-86f0b879c842/test-directory-942dc893-684f-7e8e-2613-5b449a028b1b/test-file-b84f45f8-cc83-f159-195a-07c82f01cf46?sv=2019-02-02\u0026st=2019-12-04T18%3A46%3A39Z\u0026se=2019-12-04T20%3A46%3A39Z\u0026sr=f\u0026sp=rcwd\u0026sig=Sanitized",
      "RequestMethod": "HEAD",
      "RequestHeaders": {
        "traceparent": "00-d33ea8b3d352ce4aa9579b7204f3803a-df650e1df1f5584e-00",
        "User-Agent": [
          "azsdk-net-Storage.Files.Shares/12.0.0-dev.20191204.1\u002B5028d723e0cdeb10a227db4dee6ed6afa7cb4fa8",
          "(.NET Core 4.6.28008.01; Microsoft Windows 10.0.18363 )"
        ],
        "x-ms-client-request-id": "3aeebcb0-550f-fb6c-293a-252c2ed2e7ef",
        "x-ms-return-client-request-id": "true",
        "x-ms-version": "2019-07-07"
      },
      "RequestBody": null,
      "StatusCode": 200,
      "ResponseHeaders": {
        "Content-Length": "1048576",
        "Content-Type": "application/octet-stream",
        "Date": "Wed, 04 Dec 2019 19:46:38 GMT",
        "ETag": "\u00220x8D778F2AE02E210\u0022",
        "Last-Modified": "Wed, 04 Dec 2019 19:46:39 GMT",
        "Server": [
          "Windows-Azure-File/1.0",
          "Microsoft-HTTPAPI/2.0"
        ],
        "Vary": "Origin",
        "x-ms-client-request-id": "3aeebcb0-550f-fb6c-293a-252c2ed2e7ef",
        "x-ms-file-attributes": "Archive",
        "x-ms-file-change-time": "2019-12-04T19:46:39.3057808Z",
        "x-ms-file-creation-time": "2019-12-04T19:46:39.3057808Z",
        "x-ms-file-id": "11529285414812647424",
        "x-ms-file-last-write-time": "2019-12-04T19:46:39.3057808Z",
        "x-ms-file-parent-id": "13835128424026341376",
        "x-ms-file-permission-key": "12501538048846835188*422928105932735866",
        "x-ms-lease-state": "available",
        "x-ms-lease-status": "unlocked",
        "x-ms-request-id": "4620302b-801a-0018-78db-aa4d5c000000",
        "x-ms-server-encrypted": "true",
        "x-ms-type": "File",
        "x-ms-version": "2019-07-07"
      },
      "ResponseBody": []
    },
    {
      "RequestUri": "http://seanstagetest.file.core.windows.net/test-share-9054357d-8e7b-00a5-07ff-86f0b879c842?restype=share",
      "RequestMethod": "DELETE",
      "RequestHeaders": {
        "Authorization": "Sanitized",
        "traceparent": "00-564d264d8915774a9f0732eb3521e7a7-da9eb7011aeec74f-00",
        "User-Agent": [
          "azsdk-net-Storage.Files.Shares/12.0.0-dev.20191204.1\u002B5028d723e0cdeb10a227db4dee6ed6afa7cb4fa8",
          "(.NET Core 4.6.28008.01; Microsoft Windows 10.0.18363 )"
        ],
        "x-ms-client-request-id": "ed5d6dfd-4819-311b-c52b-f1937af96550",
        "x-ms-date": "Wed, 04 Dec 2019 19:46:39 GMT",
        "x-ms-delete-snapshots": "include",
        "x-ms-return-client-request-id": "true",
        "x-ms-version": "2019-07-07"
      },
      "RequestBody": null,
      "StatusCode": 202,
      "ResponseHeaders": {
        "Content-Length": "0",
        "Date": "Wed, 04 Dec 2019 19:46:38 GMT",
        "Server": [
          "Windows-Azure-File/1.0",
          "Microsoft-HTTPAPI/2.0"
        ],
        "x-ms-client-request-id": "ed5d6dfd-4819-311b-c52b-f1937af96550",
        "x-ms-request-id": "4620302d-801a-0018-7adb-aa4d5c000000",
        "x-ms-version": "2019-07-07"
      },
      "ResponseBody": []
    }
  ],
  "Variables": {
    "DateTimeOffsetNow": "2019-12-04T11:46:39.3608621-08:00",
    "RandomSeed": "470608917",
    "Storage_TestConfigDefault": "ProductionTenant\nseanstagetest\nU2FuaXRpemVk\nhttp://seanstagetest.blob.core.windows.net\nhttp://seanstagetest.file.core.windows.net\nhttp://seanstagetest.queue.core.windows.net\nhttp://seanstagetest.table.core.windows.net\n\n\n\n\nhttp://seanstagetest-secondary.blob.core.windows.net\nhttp://seanstagetest-secondary.file.core.windows.net\nhttp://seanstagetest-secondary.queue.core.windows.net\nhttp://seanstagetest-secondary.table.core.windows.net\n\nSanitized\n\n\nCloud\nBlobEndpoint=http://seanstagetest.blob.core.windows.net/;QueueEndpoint=http://seanstagetest.queue.core.windows.net/;FileEndpoint=http://seanstagetest.file.core.windows.net/;BlobSecondaryEndpoint=http://seanstagetest-secondary.blob.core.windows.net/;QueueSecondaryEndpoint=http://seanstagetest-secondary.queue.core.windows.net/;FileSecondaryEndpoint=http://seanstagetest-secondary.file.core.windows.net/;AccountName=seanstagetest;AccountKey=Sanitized"
  }
}