{
  "Entries": [
    {
      "RequestUri": "http://seanstagetest.file.core.windows.net/test-share-62940dc9-1bfe-af83-bc14-e094b873cf7a?restype=share",
      "RequestMethod": "PUT",
      "RequestHeaders": {
        "Authorization": "Sanitized",
        "traceparent": "00-1e5bbf76cfe8aa4395363bccc8655e32-99710701a894ab41-00",
        "User-Agent": [
          "azsdk-net-Storage.Files.Shares/12.2.0-dev.20200305.1",
          "(.NET Core 4.6.28325.01; Microsoft Windows 10.0.18363 )"
        ],
        "x-ms-client-request-id": "6c0edeb0-701b-1a0c-f80e-76dd598e60cc",
        "x-ms-date": "Thu, 05 Mar 2020 21:45:31 GMT",
        "x-ms-return-client-request-id": "true",
        "x-ms-version": "2020-02-10"
      },
      "RequestBody": null,
      "StatusCode": 201,
      "ResponseHeaders": {
        "Content-Length": "0",
        "Date": "Thu, 05 Mar 2020 21:45:31 GMT",
        "ETag": "\u00220x8D7C14E8724267F\u0022",
        "Last-Modified": "Thu, 05 Mar 2020 21:45:31 GMT",
        "Server": [
          "Windows-Azure-File/1.0",
          "Microsoft-HTTPAPI/2.0"
        ],
        "x-ms-client-request-id": "6c0edeb0-701b-1a0c-f80e-76dd598e60cc",
        "x-ms-request-id": "c9ef6849-f01a-0012-6f37-f3e9eb000000",
        "x-ms-version": "2020-02-10"
      },
      "ResponseBody": []
    },
    {
      "RequestUri": "http://seanstagetest.file.core.windows.net/test-share-62940dc9-1bfe-af83-bc14-e094b873cf7a/test-directory-74e72ad1-f441-0037-08d3-57649e2e0471?restype=directory",
      "RequestMethod": "PUT",
      "RequestHeaders": {
        "Authorization": "Sanitized",
        "traceparent": "00-a8f4daeb553be644b88259553f0be706-5b900bc23e188044-00",
        "User-Agent": [
          "azsdk-net-Storage.Files.Shares/12.2.0-dev.20200305.1",
          "(.NET Core 4.6.28325.01; Microsoft Windows 10.0.18363 )"
        ],
        "x-ms-client-request-id": "8083b039-6463-bc36-a70e-644719a77cc9",
        "x-ms-date": "Thu, 05 Mar 2020 21:45:31 GMT",
        "x-ms-file-attributes": "None",
        "x-ms-file-creation-time": "Now",
        "x-ms-file-last-write-time": "Now",
        "x-ms-file-permission": "Inherit",
        "x-ms-return-client-request-id": "true",
        "x-ms-version": "2020-02-10"
      },
      "RequestBody": null,
      "StatusCode": 201,
      "ResponseHeaders": {
        "Content-Length": "0",
        "Date": "Thu, 05 Mar 2020 21:45:31 GMT",
        "ETag": "\u00220x8D7C14E8732236F\u0022",
        "Last-Modified": "Thu, 05 Mar 2020 21:45:31 GMT",
        "Server": [
          "Windows-Azure-File/1.0",
          "Microsoft-HTTPAPI/2.0"
        ],
        "x-ms-client-request-id": "8083b039-6463-bc36-a70e-644719a77cc9",
        "x-ms-file-attributes": "Directory",
        "x-ms-file-change-time": "2020-03-05T21:45:31.6034415Z",
        "x-ms-file-creation-time": "2020-03-05T21:45:31.6034415Z",
        "x-ms-file-id": "13835128424026341376",
        "x-ms-file-last-write-time": "2020-03-05T21:45:31.6034415Z",
        "x-ms-file-parent-id": "0",
        "x-ms-file-permission-key": "7855875120676328179*422928105932735866",
        "x-ms-request-id": "c9ef684b-f01a-0012-7037-f3e9eb000000",
        "x-ms-request-server-encrypted": "true",
        "x-ms-version": "2020-02-10"
      },
      "ResponseBody": []
    },
    {
      "RequestUri": "http://seanstagetest.file.core.windows.net/test-share-62940dc9-1bfe-af83-bc14-e094b873cf7a/test-directory-74e72ad1-f441-0037-08d3-57649e2e0471/test-file-f0a00409-87aa-6e68-cb7e-d764c1c3afe1",
      "RequestMethod": "PUT",
      "RequestHeaders": {
        "Authorization": "Sanitized",
        "traceparent": "00-a2ac7bf4210a754483a18f894ab0eaa6-878f9cfafe32d647-00",
        "User-Agent": [
          "azsdk-net-Storage.Files.Shares/12.2.0-dev.20200305.1",
          "(.NET Core 4.6.28325.01; Microsoft Windows 10.0.18363 )"
        ],
        "x-ms-client-request-id": "4c6a6860-7686-b2d2-4814-b4e48cd2fae3",
        "x-ms-content-length": "1048576",
        "x-ms-date": "Thu, 05 Mar 2020 21:45:31 GMT",
        "x-ms-file-attributes": "None",
        "x-ms-file-creation-time": "Now",
        "x-ms-file-last-write-time": "Now",
        "x-ms-file-permission": "Inherit",
        "x-ms-return-client-request-id": "true",
        "x-ms-type": "file",
        "x-ms-version": "2020-02-10"
      },
      "RequestBody": null,
      "StatusCode": 201,
      "ResponseHeaders": {
        "Content-Length": "0",
        "Date": "Thu, 05 Mar 2020 21:45:31 GMT",
        "ETag": "\u00220x8D7C14E874004A8\u0022",
        "Last-Modified": "Thu, 05 Mar 2020 21:45:31 GMT",
        "Server": [
          "Windows-Azure-File/1.0",
          "Microsoft-HTTPAPI/2.0"
        ],
        "x-ms-client-request-id": "4c6a6860-7686-b2d2-4814-b4e48cd2fae3",
        "x-ms-file-attributes": "Archive",
        "x-ms-file-change-time": "2020-03-05T21:45:31.6944040Z",
        "x-ms-file-creation-time": "2020-03-05T21:45:31.6944040Z",
        "x-ms-file-id": "11529285414812647424",
        "x-ms-file-last-write-time": "2020-03-05T21:45:31.6944040Z",
        "x-ms-file-parent-id": "13835128424026341376",
        "x-ms-file-permission-key": "12501538048846835188*422928105932735866",
        "x-ms-request-id": "c9ef684c-f01a-0012-7137-f3e9eb000000",
        "x-ms-request-server-encrypted": "true",
        "x-ms-version": "2020-02-10"
      },
      "ResponseBody": []
    },
    {
      "RequestUri": "http://seanstagetest.file.core.windows.net/test-share-62940dc9-1bfe-af83-bc14-e094b873cf7a/test-directory-74e72ad1-f441-0037-08d3-57649e2e0471/test-file-f0a00409-87aa-6e68-cb7e-d764c1c3afe1?comp=lease",
      "RequestMethod": "PUT",
      "RequestHeaders": {
        "Authorization": "Sanitized",
        "traceparent": "00-ac0760030115fe478ece4c4adf3b2c66-a89d7dadef18ff43-00",
        "User-Agent": [
          "azsdk-net-Storage.Files.Shares/12.2.0-dev.20200305.1",
          "(.NET Core 4.6.28325.01; Microsoft Windows 10.0.18363 )"
        ],
        "x-ms-client-request-id": "7bf74f2d-113a-d17a-4ae5-56beb7505d36",
        "x-ms-date": "Thu, 05 Mar 2020 21:45:31 GMT",
        "x-ms-lease-action": "acquire",
        "x-ms-lease-duration": "-1",
        "x-ms-proposed-lease-id": "3edc825f-8f7b-841e-f6c8-be82541270b4",
        "x-ms-return-client-request-id": "true",
        "x-ms-version": "2020-02-10"
      },
      "RequestBody": null,
      "StatusCode": 201,
      "ResponseHeaders": {
        "Date": "Thu, 05 Mar 2020 21:45:31 GMT",
        "ETag": "\u00220x8D7C14E874004A8\u0022",
        "Last-Modified": "Thu, 05 Mar 2020 21:45:31 GMT",
        "Server": [
          "Windows-Azure-File/1.0",
          "Microsoft-HTTPAPI/2.0"
        ],
        "Transfer-Encoding": "chunked",
        "x-ms-client-request-id": "7bf74f2d-113a-d17a-4ae5-56beb7505d36",
        "x-ms-lease-id": "3edc825f-8f7b-841e-f6c8-be82541270b4",
        "x-ms-request-id": "c9ef684d-f01a-0012-7237-f3e9eb000000",
        "x-ms-version": "2020-02-10"
      },
      "ResponseBody": []
    },
    {
      "RequestUri": "http://seanstagetest.file.core.windows.net/test-share-62940dc9-1bfe-af83-bc14-e094b873cf7a/test-directory-74e72ad1-f441-0037-08d3-57649e2e0471/test-file-f0a00409-87aa-6e68-cb7e-d764c1c3afe1?comp=rangelist",
      "RequestMethod": "GET",
      "RequestHeaders": {
        "Authorization": "Sanitized",
        "traceparent": "00-d11f4aa5c82bdc4ea2cb79361b23b981-7e0b0359a4580748-00",
        "User-Agent": [
          "azsdk-net-Storage.Files.Shares/12.2.0-dev.20200305.1",
          "(.NET Core 4.6.28325.01; Microsoft Windows 10.0.18363 )"
        ],
        "x-ms-client-request-id": "05545f7c-f41a-1e79-6733-0e730b9d3cb8",
        "x-ms-date": "Thu, 05 Mar 2020 21:45:31 GMT",
        "x-ms-range": "bytes=0-1048575",
        "x-ms-return-client-request-id": "true",
        "x-ms-version": "2020-02-10"
      },
      "RequestBody": null,
      "StatusCode": 200,
      "ResponseHeaders": {
        "Access-Control-Allow-Origin": "*",
        "Content-Type": "application/xml",
        "Date": "Thu, 05 Mar 2020 21:45:31 GMT",
        "ETag": "\u00220x8D7C14E874004A8\u0022",
        "Last-Modified": "Thu, 05 Mar 2020 21:45:31 GMT",
        "Server": [
          "Windows-Azure-File/1.0",
          "Microsoft-HTTPAPI/2.0"
        ],
        "Transfer-Encoding": "chunked",
        "x-ms-client-request-id": "05545f7c-f41a-1e79-6733-0e730b9d3cb8",
        "x-ms-content-length": "1048576",
        "x-ms-request-id": "c9ef684f-f01a-0012-7337-f3e9eb000000",
        "x-ms-version": "2020-02-10"
      },
      "ResponseBody": "\uFEFF\u003C?xml version=\u00221.0\u0022 encoding=\u0022utf-8\u0022?\u003E\u003CRanges /\u003E"
    },
    {
      "RequestUri": "http://seanstagetest.file.core.windows.net/test-share-62940dc9-1bfe-af83-bc14-e094b873cf7a?restype=share",
      "RequestMethod": "DELETE",
      "RequestHeaders": {
        "Authorization": "Sanitized",
        "traceparent": "00-70d19bc7ce07a24bb06c06eb97194118-5826265b7409b944-00",
        "User-Agent": [
          "azsdk-net-Storage.Files.Shares/12.2.0-dev.20200305.1",
          "(.NET Core 4.6.28325.01; Microsoft Windows 10.0.18363 )"
        ],
        "x-ms-client-request-id": "58418931-58fb-af1b-8796-439a9216f18a",
        "x-ms-date": "Thu, 05 Mar 2020 21:45:31 GMT",
        "x-ms-delete-snapshots": "include",
        "x-ms-return-client-request-id": "true",
        "x-ms-version": "2020-02-10"
      },
      "RequestBody": null,
      "StatusCode": 202,
      "ResponseHeaders": {
        "Content-Length": "0",
        "Date": "Thu, 05 Mar 2020 21:45:31 GMT",
        "Server": [
          "Windows-Azure-File/1.0",
          "Microsoft-HTTPAPI/2.0"
        ],
        "x-ms-client-request-id": "58418931-58fb-af1b-8796-439a9216f18a",
        "x-ms-request-id": "c9ef6850-f01a-0012-7437-f3e9eb000000",
        "x-ms-version": "2020-02-10"
      },
      "ResponseBody": []
    }
  ],
  "Variables": {
    "RandomSeed": "1495779552",
    "Storage_TestConfigDefault": "ProductionTenant\nseanstagetest\nU2FuaXRpemVk\nhttps://seanstagetest.blob.core.windows.net\nhttp://seanstagetest.file.core.windows.net\nhttp://seanstagetest.queue.core.windows.net\nhttp://seanstagetest.table.core.windows.net\n\n\n\n\nhttp://seanstagetest-secondary.blob.core.windows.net\nhttp://seanstagetest-secondary.file.core.windows.net\nhttp://seanstagetest-secondary.queue.core.windows.net\nhttp://seanstagetest-secondary.table.core.windows.net\n\nSanitized\n\n\nCloud\nBlobEndpoint=https://seanstagetest.blob.core.windows.net/;QueueEndpoint=http://seanstagetest.queue.core.windows.net/;FileEndpoint=http://seanstagetest.file.core.windows.net/;BlobSecondaryEndpoint=http://seanstagetest-secondary.blob.core.windows.net/;QueueSecondaryEndpoint=http://seanstagetest-secondary.queue.core.windows.net/;FileSecondaryEndpoint=http://seanstagetest-secondary.file.core.windows.net/;AccountName=seanstagetest;AccountKey=Sanitized\nseanscope1"
  }
}