{
  "Entries": [
    {
      "RequestUri": "https://0n3xscnapsn4prde17h.file.preprod.core.windows.net/test-share-fbc7583b-0553-9762-10fa-3334c00f1147?restype=share",
      "RequestMethod": "PUT",
      "RequestHeaders": {
        "Authorization": "Sanitized",
        "traceparent": "00-e46068c3c13bc44bbe6e9b363416d943-3112958af9a14d42-00",
        "User-Agent": [
          "azsdk-net-Storage.Files.Shares/12.5.0-dev.20200904.1",
          "(.NET Core 4.6.29017.01; Microsoft Windows 10.0.18362 )"
        ],
        "x-ms-client-request-id": "04883410-4030-ce29-c211-279c097edab2",
        "x-ms-date": "Fri, 04 Sep 2020 17:47:04 GMT",
        "x-ms-return-client-request-id": "true",
        "x-ms-version": "2020-04-08"
      },
      "RequestBody": null,
      "StatusCode": 201,
      "ResponseHeaders": {
        "Content-Length": "0",
        "Date": "Fri, 04 Sep 2020 17:47:02 GMT",
        "ETag": "\u00220x8D850FA8892E127\u0022",
        "Last-Modified": "Fri, 04 Sep 2020 17:47:03 GMT",
        "Server": [
          "Windows-Azure-File/1.0",
          "Microsoft-HTTPAPI/2.0"
        ],
        "x-ms-client-request-id": "04883410-4030-ce29-c211-279c097edab2",
        "x-ms-request-id": "4cc7aafc-801a-0016-2de3-8220d7000000",
        "x-ms-version": "2020-04-08"
      },
      "ResponseBody": []
    },
    {
      "RequestUri": "https://0n3xscnapsn4prde17h.file.preprod.core.windows.net/test-share-fbc7583b-0553-9762-10fa-3334c00f1147/test-directory-89c048f9-b42a-ec3e-896b-05509f01abf1?restype=directory",
      "RequestMethod": "PUT",
      "RequestHeaders": {
        "Authorization": "Sanitized",
        "traceparent": "00-f40d6fe56c466b4cb1d49819db297e8d-bfd133be7decda49-00",
        "User-Agent": [
          "azsdk-net-Storage.Files.Shares/12.5.0-dev.20200904.1",
          "(.NET Core 4.6.29017.01; Microsoft Windows 10.0.18362 )"
        ],
        "x-ms-client-request-id": "a368b228-245e-5b86-f59b-7bc53bd82fc1",
        "x-ms-date": "Fri, 04 Sep 2020 17:47:04 GMT",
        "x-ms-file-attributes": "None",
        "x-ms-file-creation-time": "Now",
        "x-ms-file-last-write-time": "Now",
        "x-ms-file-permission": "Inherit",
        "x-ms-return-client-request-id": "true",
        "x-ms-version": "2020-04-08"
      },
      "RequestBody": null,
      "StatusCode": 201,
      "ResponseHeaders": {
        "Content-Length": "0",
        "Date": "Fri, 04 Sep 2020 17:47:02 GMT",
        "ETag": "\u00220x8D850FA889AAFA9\u0022",
        "Last-Modified": "Fri, 04 Sep 2020 17:47:03 GMT",
        "Server": [
          "Windows-Azure-File/1.0",
          "Microsoft-HTTPAPI/2.0"
        ],
        "x-ms-client-request-id": "a368b228-245e-5b86-f59b-7bc53bd82fc1",
        "x-ms-file-attributes": "Directory",
        "x-ms-file-change-time": "2020-09-04T17:47:03.6810153Z",
        "x-ms-file-creation-time": "2020-09-04T17:47:03.6810153Z",
        "x-ms-file-id": "13835128424026341376",
        "x-ms-file-last-write-time": "2020-09-04T17:47:03.6810153Z",
        "x-ms-file-parent-id": "0",
        "x-ms-file-permission-key": "14827816195503570342*11897905858180131375",
        "x-ms-request-id": "4cc7ab00-801a-0016-2fe3-8220d7000000",
        "x-ms-request-server-encrypted": "true",
        "x-ms-version": "2020-04-08"
      },
      "ResponseBody": []
    },
    {
      "RequestUri": "https://0n3xscnapsn4prde17h.file.preprod.core.windows.net/test-share-fbc7583b-0553-9762-10fa-3334c00f1147/test-directory-89c048f9-b42a-ec3e-896b-05509f01abf1/test-file-87503666-4e5a-ec2b-31d0-f614d636c457",
      "RequestMethod": "PUT",
      "RequestHeaders": {
        "Authorization": "Sanitized",
        "traceparent": "00-c400530175aa6e42b4519c0b2ef056c8-23db7c44df19044f-00",
        "User-Agent": [
          "azsdk-net-Storage.Files.Shares/12.5.0-dev.20200904.1",
          "(.NET Core 4.6.29017.01; Microsoft Windows 10.0.18362 )"
        ],
        "x-ms-client-request-id": "f1a21de7-cbe1-da1c-877c-728e2d7285bf",
        "x-ms-content-length": "1048576",
        "x-ms-date": "Fri, 04 Sep 2020 17:47:04 GMT",
        "x-ms-file-attributes": "None",
        "x-ms-file-creation-time": "Now",
        "x-ms-file-last-write-time": "Now",
        "x-ms-file-permission": "Inherit",
        "x-ms-return-client-request-id": "true",
        "x-ms-type": "file",
        "x-ms-version": "2020-04-08"
      },
      "RequestBody": null,
      "StatusCode": 201,
      "ResponseHeaders": {
        "Content-Length": "0",
        "Date": "Fri, 04 Sep 2020 17:47:02 GMT",
        "ETag": "\u00220x8D850FA88A02EE8\u0022",
        "Last-Modified": "Fri, 04 Sep 2020 17:47:03 GMT",
        "Server": [
          "Windows-Azure-File/1.0",
          "Microsoft-HTTPAPI/2.0"
        ],
        "x-ms-client-request-id": "f1a21de7-cbe1-da1c-877c-728e2d7285bf",
        "x-ms-file-attributes": "Archive",
        "x-ms-file-change-time": "2020-09-04T17:47:03.7170408Z",
        "x-ms-file-creation-time": "2020-09-04T17:47:03.7170408Z",
        "x-ms-file-id": "11529285414812647424",
        "x-ms-file-last-write-time": "2020-09-04T17:47:03.7170408Z",
        "x-ms-file-parent-id": "13835128424026341376",
        "x-ms-file-permission-key": "990002565778260641*11897905858180131375",
        "x-ms-request-id": "4cc7ab01-801a-0016-30e3-8220d7000000",
        "x-ms-request-server-encrypted": "true",
        "x-ms-version": "2020-04-08"
      },
      "ResponseBody": []
    },
    {
      "RequestUri": "https://0n3xscnapsn4prde17h.file.preprod.core.windows.net/test-share-fbc7583b-0553-9762-10fa-3334c00f1147/test-directory-89c048f9-b42a-ec3e-896b-05509f01abf1/test-file-87503666-4e5a-ec2b-31d0-f614d636c457?comp=rangelist\u0026prevsharesnapshot=2020-08-07T16%3A58%3A02.0000000Z",
      "RequestMethod": "GET",
      "RequestHeaders": {
        "Authorization": "Sanitized",
        "traceparent": "00-1b50a44bb885c549a060aa1ca7eae08d-82ae34ee55f16049-00",
        "User-Agent": [
          "azsdk-net-Storage.Files.Shares/12.5.0-dev.20200904.1",
          "(.NET Core 4.6.29017.01; Microsoft Windows 10.0.18362 )"
        ],
        "x-ms-client-request-id": "b82c3d1b-d293-4d75-714d-651c9404fa89",
        "x-ms-date": "Fri, 04 Sep 2020 17:47:04 GMT",
        "x-ms-return-client-request-id": "true",
        "x-ms-version": "2020-04-08"
      },
      "RequestBody": null,
      "StatusCode": 404,
      "ResponseHeaders": {
        "Content-Length": "217",
        "Content-Type": "application/xml",
        "Date": "Fri, 04 Sep 2020 17:47:03 GMT",
        "Server": [
          "Windows-Azure-File/1.0",
          "Microsoft-HTTPAPI/2.0"
        ],
        "x-ms-client-request-id": "b82c3d1b-d293-4d75-714d-651c9404fa89",
        "x-ms-error-code": "ShareNotFound",
        "x-ms-request-id": "4cc7ab02-801a-0016-31e3-8220d7000000",
        "x-ms-version": "2020-04-08"
      },
      "ResponseBody": [
        "\uFEFF\u003C?xml version=\u00221.0\u0022 encoding=\u0022utf-8\u0022?\u003E\u003CError\u003E\u003CCode\u003EShareNotFound\u003C/Code\u003E\u003CMessage\u003EThe specified share does not exist.\n",
        "RequestId:4cc7ab02-801a-0016-31e3-8220d7000000\n",
        "Time:2020-09-04T17:47:03.7539424Z\u003C/Message\u003E\u003C/Error\u003E"
      ]
    },
    {
      "RequestUri": "https://0n3xscnapsn4prde17h.file.preprod.core.windows.net/test-share-fbc7583b-0553-9762-10fa-3334c00f1147?restype=share",
      "RequestMethod": "DELETE",
      "RequestHeaders": {
        "Authorization": "Sanitized",
        "traceparent": "00-80296d5bac429141b3027411368b69bd-1517abcb4fb39647-00",
        "User-Agent": [
          "azsdk-net-Storage.Files.Shares/12.5.0-dev.20200904.1",
          "(.NET Core 4.6.29017.01; Microsoft Windows 10.0.18362 )"
        ],
        "x-ms-client-request-id": "f0729321-cd45-042b-ae5f-3c63dc0cca9f",
        "x-ms-date": "Fri, 04 Sep 2020 17:47:04 GMT",
        "x-ms-delete-snapshots": "include",
        "x-ms-return-client-request-id": "true",
        "x-ms-version": "2020-04-08"
      },
      "RequestBody": null,
      "StatusCode": 202,
      "ResponseHeaders": {
        "Content-Length": "0",
        "Date": "Fri, 04 Sep 2020 17:47:03 GMT",
        "Server": [
          "Windows-Azure-File/1.0",
          "Microsoft-HTTPAPI/2.0"
        ],
        "x-ms-client-request-id": "f0729321-cd45-042b-ae5f-3c63dc0cca9f",
        "x-ms-request-id": "4cc7ab04-801a-0016-32e3-8220d7000000",
        "x-ms-version": "2020-04-08"
      },
      "ResponseBody": []
    }
  ],
  "Variables": {
    "RandomSeed": "1317846900",
    "Storage_TestConfigDefault": "ProductionTenant\n0n3xscnapsn4prde17h\nU2FuaXRpemVk\nhttps://0n3xscnapsn4prde17h.blob.preprod.core.windows.net\nhttps://0n3xscnapsn4prde17h.file.preprod.core.windows.net\nhttps://0n3xscnapsn4prde17h.queue.preprod.core.windows.net\nhttps://0n3xscnapsn4prde17h.table.preprod.core.windows.net\n\n\n\n\nhttps://0n3xscnapsn4prde17h-secondary.blob.preprod.core.windows.net\nhttps://0n3xscnapsn4prde17h-secondary.file.preprod.core.windows.net\nhttps://0n3xscnapsn4prde17h-secondary.queue.preprod.core.windows.net\nhttps://0n3xscnapsn4prde17h-secondary.table.preprod.core.windows.net\n\nSanitized\n\n\nCloud\nBlobEndpoint=https://0n3xscnapsn4prde17h.blob.preprod.core.windows.net/;QueueEndpoint=https://0n3xscnapsn4prde17h.queue.preprod.core.windows.net/;FileEndpoint=https://0n3xscnapsn4prde17h.file.preprod.core.windows.net/;BlobSecondaryEndpoint=https://0n3xscnapsn4prde17h-secondary.blob.preprod.core.windows.net/;QueueSecondaryEndpoint=https://0n3xscnapsn4prde17h-secondary.queue.preprod.core.windows.net/;FileSecondaryEndpoint=https://0n3xscnapsn4prde17h-secondary.file.preprod.core.windows.net/;AccountName=0n3xscnapsn4prde17h;AccountKey=Kg==;\nseanscope1"
  }
}