{
  "Entries": [
    {
      "RequestUri": "https://seanmcccanary3.file.core.windows.net/test-share-92889294-99cd-737b-376c-bbbe12335e4c?restype=share",
      "RequestMethod": "PUT",
      "RequestHeaders": {
        "Accept": "application/xml",
        "Authorization": "Sanitized",
        "traceparent": "00-2afa10ff0045264b8a65a2aea8886baa-7d7f437d88b43047-00",
        "User-Agent": [
          "azsdk-net-Storage.Files.Shares/12.7.0-alpha.20210121.1",
          "(.NET 5.0.2; Microsoft Windows 10.0.19042)"
        ],
        "x-ms-client-request-id": "bbd7450b-8480-27b8-4a5b-3cb458242087",
        "x-ms-date": "Thu, 21 Jan 2021 20:41:46 GMT",
        "x-ms-return-client-request-id": "true",
        "x-ms-version": "2020-04-08"
      },
      "RequestBody": null,
      "StatusCode": 201,
      "ResponseHeaders": {
        "Content-Length": "0",
        "Date": "Thu, 21 Jan 2021 20:41:45 GMT",
        "ETag": "\u00220x8D8BE4CF80706CB\u0022",
        "Last-Modified": "Thu, 21 Jan 2021 20:41:46 GMT",
        "Server": [
          "Windows-Azure-File/1.0",
          "Microsoft-HTTPAPI/2.0"
        ],
        "x-ms-client-request-id": "bbd7450b-8480-27b8-4a5b-3cb458242087",
        "x-ms-request-id": "7d95e8e6-401a-0068-6435-f0bc52000000",
        "x-ms-version": "2020-04-08"
      },
      "ResponseBody": []
    },
    {
      "RequestUri": "https://seanmcccanary3.file.core.windows.net/test-share-92889294-99cd-737b-376c-bbbe12335e4c/test-directory-b010618b-7f1d-1951-1941-f0af72e44a0e?restype=directory",
      "RequestMethod": "PUT",
      "RequestHeaders": {
        "Accept": "application/xml",
        "Authorization": "Sanitized",
        "traceparent": "00-506ac081bb14614dab43019bf64cc9b7-7d3f197a2d90eb49-00",
        "User-Agent": [
          "azsdk-net-Storage.Files.Shares/12.7.0-alpha.20210121.1",
          "(.NET 5.0.2; Microsoft Windows 10.0.19042)"
        ],
        "x-ms-client-request-id": "c60b9ffd-1a18-8cee-f3bd-a23e9309b465",
        "x-ms-date": "Thu, 21 Jan 2021 20:41:46 GMT",
        "x-ms-file-attributes": "None",
        "x-ms-file-creation-time": "Now",
        "x-ms-file-last-write-time": "Now",
        "x-ms-file-permission": "Inherit",
        "x-ms-return-client-request-id": "true",
        "x-ms-version": "2020-04-08"
      },
      "RequestBody": null,
      "StatusCode": 201,
      "ResponseHeaders": {
        "Content-Length": "0",
        "Date": "Thu, 21 Jan 2021 20:41:45 GMT",
        "ETag": "\u00220x8D8BE4CF8113429\u0022",
        "Last-Modified": "Thu, 21 Jan 2021 20:41:46 GMT",
        "Server": [
          "Windows-Azure-File/1.0",
          "Microsoft-HTTPAPI/2.0"
        ],
        "x-ms-client-request-id": "c60b9ffd-1a18-8cee-f3bd-a23e9309b465",
        "x-ms-file-attributes": "Directory",
        "x-ms-file-change-time": "2021-01-21T20:41:46.1594153Z",
        "x-ms-file-creation-time": "2021-01-21T20:41:46.1594153Z",
        "x-ms-file-id": "13835128424026341376",
        "x-ms-file-last-write-time": "2021-01-21T20:41:46.1594153Z",
        "x-ms-file-parent-id": "0",
        "x-ms-file-permission-key": "17860367565182308406*11459378189709739967",
        "x-ms-request-id": "7d95e8e9-401a-0068-6535-f0bc52000000",
        "x-ms-request-server-encrypted": "true",
        "x-ms-version": "2020-04-08"
      },
      "ResponseBody": []
    },
    {
      "RequestUri": "https://seanmcccanary3.file.core.windows.net/test-share-92889294-99cd-737b-376c-bbbe12335e4c/test-directory-b010618b-7f1d-1951-1941-f0af72e44a0e/test-file-a9132d10-5472-e82b-95a0-bc8999cbda54",
      "RequestMethod": "PUT",
      "RequestHeaders": {
        "Accept": "application/xml",
        "Authorization": "Sanitized",
        "traceparent": "00-d8ac8b07fcf15547b1d803f25ed93e46-68f9f7f80a0c0c4d-00",
        "User-Agent": [
          "azsdk-net-Storage.Files.Shares/12.7.0-alpha.20210121.1",
          "(.NET 5.0.2; Microsoft Windows 10.0.19042)"
        ],
        "x-ms-client-request-id": "10757fde-45b0-a90b-7423-30785d64f228",
        "x-ms-content-length": "1048576",
        "x-ms-date": "Thu, 21 Jan 2021 20:41:46 GMT",
        "x-ms-file-attributes": "None",
        "x-ms-file-creation-time": "Now",
        "x-ms-file-last-write-time": "Now",
        "x-ms-file-permission": "Inherit",
        "x-ms-return-client-request-id": "true",
        "x-ms-type": "file",
        "x-ms-version": "2020-04-08"
      },
      "RequestBody": null,
      "StatusCode": 201,
      "ResponseHeaders": {
        "Content-Length": "0",
        "Date": "Thu, 21 Jan 2021 20:41:45 GMT",
        "ETag": "\u00220x8D8BE4CF81ECB35\u0022",
        "Last-Modified": "Thu, 21 Jan 2021 20:41:46 GMT",
        "Server": [
          "Windows-Azure-File/1.0",
          "Microsoft-HTTPAPI/2.0"
        ],
        "x-ms-client-request-id": "10757fde-45b0-a90b-7423-30785d64f228",
        "x-ms-file-attributes": "Archive",
        "x-ms-file-change-time": "2021-01-21T20:41:46.2484789Z",
        "x-ms-file-creation-time": "2021-01-21T20:41:46.2484789Z",
        "x-ms-file-id": "11529285414812647424",
        "x-ms-file-last-write-time": "2021-01-21T20:41:46.2484789Z",
        "x-ms-file-parent-id": "13835128424026341376",
        "x-ms-file-permission-key": "4010187179898695473*11459378189709739967",
        "x-ms-request-id": "7d95e8ea-401a-0068-6635-f0bc52000000",
        "x-ms-request-server-encrypted": "true",
        "x-ms-version": "2020-04-08"
      },
      "ResponseBody": []
    },
    {
      "RequestUri": "https://seanmcccanary3.file.core.windows.net/test-share-92889294-99cd-737b-376c-bbbe12335e4c/test-directory-b010618b-7f1d-1951-1941-f0af72e44a0e/test-file-a9132d10-5472-e82b-95a0-bc8999cbda54?comp=rangelist",
      "RequestMethod": "GET",
      "RequestHeaders": {
        "Accept": "application/xml",
        "Authorization": "Sanitized",
        "traceparent": "00-48f3baafb44b9540987f5227561561dc-100f3ab44a103a48-00",
        "User-Agent": [
          "azsdk-net-Storage.Files.Shares/12.7.0-alpha.20210121.1",
          "(.NET 5.0.2; Microsoft Windows 10.0.19042)"
        ],
        "x-ms-client-request-id": "b4bbb033-bba0-fd94-f3ea-d8235dbf2ee7",
        "x-ms-date": "Thu, 21 Jan 2021 20:41:46 GMT",
        "x-ms-lease-id": "20ec4de2-e156-8b8c-388c-e74c7b8de608",
        "x-ms-range": "bytes=0-1048575",
        "x-ms-return-client-request-id": "true",
        "x-ms-version": "2020-04-08"
      },
      "RequestBody": null,
      "StatusCode": 412,
      "ResponseHeaders": {
        "Content-Length": "241",
        "Content-Type": "application/xml",
        "Date": "Thu, 21 Jan 2021 20:41:45 GMT",
        "Server": [
          "Windows-Azure-File/1.0",
          "Microsoft-HTTPAPI/2.0"
        ],
        "Vary": "Origin",
        "x-ms-client-request-id": "b4bbb033-bba0-fd94-f3ea-d8235dbf2ee7",
        "x-ms-error-code": "LeaseNotPresentWithFileOperation",
        "x-ms-request-id": "7d95e8eb-401a-0068-6735-f0bc52000000",
        "x-ms-version": "2020-04-08"
      },
      "ResponseBody": [
        "\uFEFF\u003C?xml version=\u00221.0\u0022 encoding=\u0022utf-8\u0022?\u003E\u003CError\u003E\u003CCode\u003ELeaseNotPresentWithFileOperation\u003C/Code\u003E\u003CMessage\u003EThere is currently no lease on the file.\n",
        "RequestId:7d95e8eb-401a-0068-6735-f0bc52000000\n",
        "Time:2021-01-21T20:41:46.3639089Z\u003C/Message\u003E\u003C/Error\u003E"
      ]
    },
    {
      "RequestUri": "https://seanmcccanary3.file.core.windows.net/test-share-92889294-99cd-737b-376c-bbbe12335e4c?restype=share",
      "RequestMethod": "DELETE",
      "RequestHeaders": {
        "Accept": "application/xml",
        "Authorization": "Sanitized",
        "traceparent": "00-4d177a6bbe43844babe9205f000cfbf8-f046e584d5d56645-00",
        "User-Agent": [
          "azsdk-net-Storage.Files.Shares/12.7.0-alpha.20210121.1",
          "(.NET 5.0.2; Microsoft Windows 10.0.19042)"
        ],
        "x-ms-client-request-id": "ca188a63-32d1-0967-3dae-266bf180afa8",
        "x-ms-date": "Thu, 21 Jan 2021 20:41:46 GMT",
        "x-ms-delete-snapshots": "include",
        "x-ms-return-client-request-id": "true",
        "x-ms-version": "2020-04-08"
      },
      "RequestBody": null,
      "StatusCode": 202,
      "ResponseHeaders": {
        "Content-Length": "0",
        "Date": "Thu, 21 Jan 2021 20:41:45 GMT",
        "Server": [
          "Windows-Azure-File/1.0",
          "Microsoft-HTTPAPI/2.0"
        ],
        "x-ms-client-request-id": "ca188a63-32d1-0967-3dae-266bf180afa8",
        "x-ms-request-id": "7d95e8ed-401a-0068-6935-f0bc52000000",
        "x-ms-version": "2020-04-08"
      },
      "ResponseBody": []
    }
  ],
  "Variables": {
    "RandomSeed": "1867585407",
    "Storage_TestConfigDefault": "ProductionTenant\nseanmcccanary3\nU2FuaXRpemVk\nhttps://seanmcccanary3.blob.core.windows.net\nhttps://seanmcccanary3.file.core.windows.net\nhttps://seanmcccanary3.queue.core.windows.net\nhttps://seanmcccanary3.table.core.windows.net\n\n\n\n\nhttps://seanmcccanary3-secondary.blob.core.windows.net\nhttps://seanmcccanary3-secondary.file.core.windows.net\nhttps://seanmcccanary3-secondary.queue.core.windows.net\nhttps://seanmcccanary3-secondary.table.core.windows.net\n\nSanitized\n\n\nCloud\nBlobEndpoint=https://seanmcccanary3.blob.core.windows.net/;QueueEndpoint=https://seanmcccanary3.queue.core.windows.net/;FileEndpoint=https://seanmcccanary3.file.core.windows.net/;BlobSecondaryEndpoint=https://seanmcccanary3-secondary.blob.core.windows.net/;QueueSecondaryEndpoint=https://seanmcccanary3-secondary.queue.core.windows.net/;FileSecondaryEndpoint=https://seanmcccanary3-secondary.file.core.windows.net/;AccountName=seanmcccanary3;AccountKey=Kg==;\nseanscope1"
  }
}