{
  "Entries": [
    {
      "RequestUri": "http://seanstagetest.file.core.windows.net/test-share-57f9a107-914e-fae6-d55d-aa1289851cd2?restype=share",
      "RequestMethod": "PUT",
      "RequestHeaders": {
        "Authorization": "Sanitized",
        "traceparent": "00-0e813ec218ad7e4abc59bd5f4720728d-b26d9ac9a3ca6545-00",
        "User-Agent": [
          "azsdk-net-Storage.Files.Shares/12.0.0-dev.20191209.1\u002Bb71b1fa965b15eccfc57e2c7781b8bf85cd4c766",
          "(.NET Core 4.6.28008.01; Microsoft Windows 10.0.18363 )"
        ],
        "x-ms-client-request-id": "91760275-2c81-2207-16ef-4a2c1ac3b8a8",
        "x-ms-date": "Tue, 10 Dec 2019 05:32:44 GMT",
        "x-ms-return-client-request-id": "true",
        "x-ms-version": "2019-07-07"
      },
      "RequestBody": null,
      "StatusCode": 201,
      "ResponseHeaders": {
        "Content-Length": "0",
        "Date": "Tue, 10 Dec 2019 05:32:43 GMT",
        "ETag": "\u00220x8D77D32624B2567\u0022",
        "Last-Modified": "Tue, 10 Dec 2019 05:32:44 GMT",
        "Server": [
          "Windows-Azure-File/1.0",
          "Microsoft-HTTPAPI/2.0"
        ],
        "x-ms-client-request-id": "91760275-2c81-2207-16ef-4a2c1ac3b8a8",
        "x-ms-request-id": "0cb009c4-501a-0046-701b-afa6bc000000",
        "x-ms-version": "2019-07-07"
      },
      "ResponseBody": []
    },
    {
      "RequestUri": "http://seanstagetest.file.core.windows.net/test-share-57f9a107-914e-fae6-d55d-aa1289851cd2/test-directory-f1522131-2cb9-09ce-d2a7-0bce2372d216?restype=directory",
      "RequestMethod": "PUT",
      "RequestHeaders": {
        "Authorization": "Sanitized",
        "traceparent": "00-fc181f67fea0b64fab35fdc396530e09-64f2b2decc226547-00",
        "User-Agent": [
          "azsdk-net-Storage.Files.Shares/12.0.0-dev.20191209.1\u002Bb71b1fa965b15eccfc57e2c7781b8bf85cd4c766",
          "(.NET Core 4.6.28008.01; Microsoft Windows 10.0.18363 )"
        ],
        "x-ms-client-request-id": "0642c4c7-b26c-483b-336c-bfd92038fea4",
        "x-ms-date": "Tue, 10 Dec 2019 05:32:44 GMT",
        "x-ms-file-attributes": "None",
        "x-ms-file-creation-time": "Now",
        "x-ms-file-last-write-time": "Now",
        "x-ms-file-permission": "Inherit",
        "x-ms-return-client-request-id": "true",
        "x-ms-version": "2019-07-07"
      },
      "RequestBody": null,
      "StatusCode": 201,
      "ResponseHeaders": {
        "Content-Length": "0",
        "Date": "Tue, 10 Dec 2019 05:32:44 GMT",
        "ETag": "\u00220x8D77D3262590EB3\u0022",
        "Last-Modified": "Tue, 10 Dec 2019 05:32:44 GMT",
        "Server": [
          "Windows-Azure-File/1.0",
          "Microsoft-HTTPAPI/2.0"
        ],
        "x-ms-client-request-id": "0642c4c7-b26c-483b-336c-bfd92038fea4",
        "x-ms-file-attributes": "Directory",
        "x-ms-file-change-time": "2019-12-10T05:32:44.8054963Z",
        "x-ms-file-creation-time": "2019-12-10T05:32:44.8054963Z",
        "x-ms-file-id": "13835128424026341376",
        "x-ms-file-last-write-time": "2019-12-10T05:32:44.8054963Z",
        "x-ms-file-parent-id": "0",
        "x-ms-file-permission-key": "7855875120676328179*422928105932735866",
        "x-ms-request-id": "0cb009c6-501a-0046-711b-afa6bc000000",
        "x-ms-request-server-encrypted": "true",
        "x-ms-version": "2019-07-07"
      },
      "ResponseBody": []
    },
    {
      "RequestUri": "http://seanstagetest.file.core.windows.net/test-share-57f9a107-914e-fae6-d55d-aa1289851cd2/test-directory-f1522131-2cb9-09ce-d2a7-0bce2372d216/test-directory-6373341c-3125-a798-d0b7-2726a1e2552e?comp=listhandles",
      "RequestMethod": "GET",
      "RequestHeaders": {
        "Authorization": "Sanitized",
        "User-Agent": [
          "azsdk-net-Storage.Files.Shares/12.0.0-dev.20191209.1\u002Bb71b1fa965b15eccfc57e2c7781b8bf85cd4c766",
          "(.NET Core 4.6.28008.01; Microsoft Windows 10.0.18363 )"
        ],
        "x-ms-client-request-id": "7fcfe794-d330-9663-2c9b-36b48a14a751",
        "x-ms-date": "Tue, 10 Dec 2019 05:32:44 GMT",
        "x-ms-return-client-request-id": "true",
        "x-ms-version": "2019-07-07"
      },
      "RequestBody": null,
      "StatusCode": 404,
      "ResponseHeaders": {
        "Access-Control-Allow-Origin": "*",
        "Content-Length": "223",
        "Content-Type": "application/xml",
        "Date": "Tue, 10 Dec 2019 05:32:44 GMT",
        "Server": [
          "Windows-Azure-File/1.0",
          "Microsoft-HTTPAPI/2.0"
        ],
        "x-ms-client-request-id": "7fcfe794-d330-9663-2c9b-36b48a14a751",
        "x-ms-error-code": "ResourceNotFound",
        "x-ms-request-id": "0cb009c7-501a-0046-721b-afa6bc000000",
        "x-ms-version": "2019-07-07"
      },
      "ResponseBody": [
        "\uFEFF\u003C?xml version=\u00221.0\u0022 encoding=\u0022utf-8\u0022?\u003E\u003CError\u003E\u003CCode\u003EResourceNotFound\u003C/Code\u003E\u003CMessage\u003EThe specified resource does not exist.\n",
        "RequestId:0cb009c7-501a-0046-721b-afa6bc000000\n",
        "Time:2019-12-10T05:32:44.8873269Z\u003C/Message\u003E\u003C/Error\u003E"
      ]
    },
    {
      "RequestUri": "http://seanstagetest.file.core.windows.net/test-share-57f9a107-914e-fae6-d55d-aa1289851cd2?restype=share",
      "RequestMethod": "DELETE",
      "RequestHeaders": {
        "Authorization": "Sanitized",
        "traceparent": "00-2c2c48eeb399524c9ad3b835730e9ad0-e14fb4f4e99a124a-00",
        "User-Agent": [
          "azsdk-net-Storage.Files.Shares/12.0.0-dev.20191209.1\u002Bb71b1fa965b15eccfc57e2c7781b8bf85cd4c766",
          "(.NET Core 4.6.28008.01; Microsoft Windows 10.0.18363 )"
        ],
        "x-ms-client-request-id": "b992973c-d513-9dfe-206f-329494f57b66",
        "x-ms-date": "Tue, 10 Dec 2019 05:32:44 GMT",
        "x-ms-delete-snapshots": "include",
        "x-ms-return-client-request-id": "true",
        "x-ms-version": "2019-07-07"
      },
      "RequestBody": null,
      "StatusCode": 202,
      "ResponseHeaders": {
        "Content-Length": "0",
        "Date": "Tue, 10 Dec 2019 05:32:44 GMT",
        "Server": [
          "Windows-Azure-File/1.0",
          "Microsoft-HTTPAPI/2.0"
        ],
        "x-ms-client-request-id": "b992973c-d513-9dfe-206f-329494f57b66",
        "x-ms-request-id": "0cb009c8-501a-0046-731b-afa6bc000000",
        "x-ms-version": "2019-07-07"
      },
      "ResponseBody": []
    }
  ],
  "Variables": {
    "RandomSeed": "397975715",
    "Storage_TestConfigDefault": "ProductionTenant\nseanstagetest\nU2FuaXRpemVk\nhttp://seanstagetest.blob.core.windows.net\nhttp://seanstagetest.file.core.windows.net\nhttp://seanstagetest.queue.core.windows.net\nhttp://seanstagetest.table.core.windows.net\n\n\n\n\nhttp://seanstagetest-secondary.blob.core.windows.net\nhttp://seanstagetest-secondary.file.core.windows.net\nhttp://seanstagetest-secondary.queue.core.windows.net\nhttp://seanstagetest-secondary.table.core.windows.net\n\nSanitized\n\n\nCloud\nBlobEndpoint=http://seanstagetest.blob.core.windows.net/;QueueEndpoint=http://seanstagetest.queue.core.windows.net/;FileEndpoint=http://seanstagetest.file.core.windows.net/;BlobSecondaryEndpoint=http://seanstagetest-secondary.blob.core.windows.net/;QueueSecondaryEndpoint=http://seanstagetest-secondary.queue.core.windows.net/;FileSecondaryEndpoint=http://seanstagetest-secondary.file.core.windows.net/;AccountName=seanstagetest;AccountKey=Sanitized"
  }
}