{
  "Entries": [
    {
      "RequestUri": "http://seanstagetest.file.core.windows.net/test-share-575dd6bd-7654-1d6f-e234-9ef8cd045ff0?restype=share",
      "RequestMethod": "PUT",
      "RequestHeaders": {
        "Authorization": "Sanitized",
        "traceparent": "00-0d7ae51da91e8b42913e86063e0b6903-c6d3969a57b17d4c-00",
        "User-Agent": [
          "azsdk-net-Storage.Files.Shares/12.0.0-dev.20191203.1\u002Bfb8a3e76e923ddd8093ad431ccf5d23b2c851a14",
          "(.NET Core 4.6.28008.01; Microsoft Windows 10.0.18363 )"
        ],
        "x-ms-client-request-id": "517d4658-4a50-b5b1-61c6-e5c9d29be885",
        "x-ms-date": "Wed, 04 Dec 2019 05:13:44 GMT",
        "x-ms-return-client-request-id": "true",
        "x-ms-share-quota": "1",
        "x-ms-version": "2019-07-07"
      },
      "RequestBody": null,
      "StatusCode": 201,
      "ResponseHeaders": {
        "Content-Length": "0",
        "Date": "Wed, 04 Dec 2019 05:13:44 GMT",
        "ETag": "\u00220x8D77878BBF6B850\u0022",
        "Last-Modified": "Wed, 04 Dec 2019 05:13:44 GMT",
        "Server": [
          "Windows-Azure-File/1.0",
          "Microsoft-HTTPAPI/2.0"
        ],
        "x-ms-client-request-id": "517d4658-4a50-b5b1-61c6-e5c9d29be885",
        "x-ms-request-id": "b5591751-301a-000d-4561-aa5aef000000",
        "x-ms-version": "2019-07-07"
      },
      "ResponseBody": []
    },
    {
      "RequestUri": "http://seanstagetest.file.core.windows.net/test-share-575dd6bd-7654-1d6f-e234-9ef8cd045ff0/test-directory-ba9b4948-6439-f253-d57c-c6c84810904b?restype=directory",
      "RequestMethod": "PUT",
      "RequestHeaders": {
        "Authorization": "Sanitized",
        "traceparent": "00-803b89e00bcc8748be429ca86d5d0ef9-9252302f5cd88a43-00",
        "User-Agent": [
          "azsdk-net-Storage.Files.Shares/12.0.0-dev.20191203.1\u002Bfb8a3e76e923ddd8093ad431ccf5d23b2c851a14",
          "(.NET Core 4.6.28008.01; Microsoft Windows 10.0.18363 )"
        ],
        "x-ms-client-request-id": "4317a8a3-b0fb-f4bd-f28b-7bd483e86d50",
        "x-ms-date": "Wed, 04 Dec 2019 05:13:44 GMT",
        "x-ms-file-attributes": "None",
        "x-ms-file-creation-time": "Now",
        "x-ms-file-last-write-time": "Now",
        "x-ms-file-permission": "Inherit",
        "x-ms-return-client-request-id": "true",
        "x-ms-version": "2019-07-07"
      },
      "RequestBody": null,
      "StatusCode": 201,
      "ResponseHeaders": {
        "Content-Length": "0",
        "Date": "Wed, 04 Dec 2019 05:13:44 GMT",
        "ETag": "\u00220x8D77878BC057946\u0022",
        "Last-Modified": "Wed, 04 Dec 2019 05:13:44 GMT",
        "Server": [
          "Windows-Azure-File/1.0",
          "Microsoft-HTTPAPI/2.0"
        ],
        "x-ms-client-request-id": "4317a8a3-b0fb-f4bd-f28b-7bd483e86d50",
        "x-ms-file-attributes": "Directory",
        "x-ms-file-change-time": "2019-12-04T05:13:44.2098502Z",
        "x-ms-file-creation-time": "2019-12-04T05:13:44.2098502Z",
        "x-ms-file-id": "13835128424026341376",
        "x-ms-file-last-write-time": "2019-12-04T05:13:44.2098502Z",
        "x-ms-file-parent-id": "0",
        "x-ms-file-permission-key": "7855875120676328179*422928105932735866",
        "x-ms-request-id": "b5591754-301a-000d-4761-aa5aef000000",
        "x-ms-request-server-encrypted": "true",
        "x-ms-version": "2019-07-07"
      },
      "ResponseBody": []
    },
    {
      "RequestUri": "http://seanstagetest.file.core.windows.net/test-share-575dd6bd-7654-1d6f-e234-9ef8cd045ff0/test-directory-ba9b4948-6439-f253-d57c-c6c84810904b/test-directory-2a009a35-61fb-39ff-a9cd-43bd97e30c9e?comp=listhandles",
      "RequestMethod": "GET",
      "RequestHeaders": {
        "Authorization": "Sanitized",
        "User-Agent": [
          "azsdk-net-Storage.Files.Shares/12.0.0-dev.20191203.1\u002Bfb8a3e76e923ddd8093ad431ccf5d23b2c851a14",
          "(.NET Core 4.6.28008.01; Microsoft Windows 10.0.18363 )"
        ],
        "x-ms-client-request-id": "4b3a7c0e-e337-42fa-a9dd-992d6c005c0f",
        "x-ms-date": "Wed, 04 Dec 2019 05:13:44 GMT",
        "x-ms-return-client-request-id": "true",
        "x-ms-version": "2019-07-07"
      },
      "RequestBody": null,
      "StatusCode": 404,
      "ResponseHeaders": {
        "Content-Length": "223",
        "Content-Type": "application/xml",
        "Date": "Wed, 04 Dec 2019 05:13:44 GMT",
        "Server": [
          "Windows-Azure-File/1.0",
          "Microsoft-HTTPAPI/2.0"
        ],
        "Vary": "Origin",
        "x-ms-client-request-id": "4b3a7c0e-e337-42fa-a9dd-992d6c005c0f",
        "x-ms-error-code": "ResourceNotFound",
        "x-ms-request-id": "b5591755-301a-000d-4861-aa5aef000000",
        "x-ms-version": "2019-07-07"
      },
      "ResponseBody": [
        "\uFEFF\u003C?xml version=\u00221.0\u0022 encoding=\u0022utf-8\u0022?\u003E\u003CError\u003E\u003CCode\u003EResourceNotFound\u003C/Code\u003E\u003CMessage\u003EThe specified resource does not exist.\n",
        "RequestId:b5591755-301a-000d-4861-aa5aef000000\n",
        "Time:2019-12-04T05:13:44.3061566Z\u003C/Message\u003E\u003C/Error\u003E"
      ]
    },
    {
      "RequestUri": "http://seanstagetest.file.core.windows.net/test-share-575dd6bd-7654-1d6f-e234-9ef8cd045ff0?restype=share",
      "RequestMethod": "DELETE",
      "RequestHeaders": {
        "Authorization": "Sanitized",
        "traceparent": "00-a355c06a3aafa541b9d6a4dc8c093813-5c07f078acda4e4e-00",
        "User-Agent": [
          "azsdk-net-Storage.Files.Shares/12.0.0-dev.20191203.1\u002Bfb8a3e76e923ddd8093ad431ccf5d23b2c851a14",
          "(.NET Core 4.6.28008.01; Microsoft Windows 10.0.18363 )"
        ],
        "x-ms-client-request-id": "1aaeb682-c0a8-8967-d6e2-f51cb322abe9",
        "x-ms-date": "Wed, 04 Dec 2019 05:13:44 GMT",
        "x-ms-delete-snapshots": "include",
        "x-ms-return-client-request-id": "true",
        "x-ms-version": "2019-07-07"
      },
      "RequestBody": null,
      "StatusCode": 202,
      "ResponseHeaders": {
        "Content-Length": "0",
        "Date": "Wed, 04 Dec 2019 05:13:44 GMT",
        "Server": [
          "Windows-Azure-File/1.0",
          "Microsoft-HTTPAPI/2.0"
        ],
        "x-ms-client-request-id": "1aaeb682-c0a8-8967-d6e2-f51cb322abe9",
        "x-ms-request-id": "b5591759-301a-000d-4c61-aa5aef000000",
        "x-ms-version": "2019-07-07"
      },
      "ResponseBody": []
    }
  ],
  "Variables": {
    "RandomSeed": "1103014840",
    "Storage_TestConfigDefault": "ProductionTenant\nseanstagetest\nU2FuaXRpemVk\nhttp://seanstagetest.blob.core.windows.net\nhttp://seanstagetest.file.core.windows.net\nhttp://seanstagetest.queue.core.windows.net\nhttp://seanstagetest.table.core.windows.net\n\n\n\n\nhttp://seanstagetest-secondary.blob.core.windows.net\nhttp://seanstagetest-secondary.file.core.windows.net\nhttp://seanstagetest-secondary.queue.core.windows.net\nhttp://seanstagetest-secondary.table.core.windows.net\n\nSanitized\n\n\nCloud\nBlobEndpoint=http://seanstagetest.blob.core.windows.net/;QueueEndpoint=http://seanstagetest.queue.core.windows.net/;FileEndpoint=http://seanstagetest.file.core.windows.net/;BlobSecondaryEndpoint=http://seanstagetest-secondary.blob.core.windows.net/;QueueSecondaryEndpoint=http://seanstagetest-secondary.queue.core.windows.net/;FileSecondaryEndpoint=http://seanstagetest-secondary.file.core.windows.net/;AccountName=seanstagetest;AccountKey=Sanitized"
  }
}