{
  "Entries": [
    {
      "RequestUri": "http://seanmcccanary3.file.core.windows.net/test-share-a6b9a30f-b607-a9a3-0f7b-d2a93f220171?restype=share",
      "RequestMethod": "PUT",
      "RequestHeaders": {
        "Accept": "application/xml",
        "Authorization": "Sanitized",
        "traceparent": "00-4e7b2d53f12b484696fa362f25d165a0-5f851ed357f39e44-00",
        "User-Agent": [
          "azsdk-net-Storage.Files.Shares/12.8.0-alpha.20210820.1",
          "(.NET Core 3.1.18; Microsoft Windows 10.0.19043)"
        ],
        "x-ms-client-request-id": "dc580270-7b82-4295-3a76-b77287dea08d",
        "x-ms-date": "Mon, 23 Aug 2021 18:36:31 GMT",
        "x-ms-return-client-request-id": "true",
        "x-ms-version": "2020-10-02"
      },
      "RequestBody": null,
      "StatusCode": 201,
      "ResponseHeaders": {
        "Content-Length": "0",
        "Date": "Mon, 23 Aug 2021 18:36:31 GMT",
        "ETag": "\u00220x8D96664ED7E0580\u0022",
        "Last-Modified": "Mon, 23 Aug 2021 18:36:31 GMT",
        "Server": [
          "Windows-Azure-File/1.0",
          "Microsoft-HTTPAPI/2.0"
        ],
        "x-ms-client-request-id": "dc580270-7b82-4295-3a76-b77287dea08d",
        "x-ms-request-id": "d25c374a-b01a-0088-544d-983fcb000000",
        "x-ms-version": "2020-10-02"
      },
      "ResponseBody": []
    },
    {
      "RequestUri": "http://seanmcccanary3.file.core.windows.net/test-share-a6b9a30f-b607-a9a3-0f7b-d2a93f220171/test-directory-117535fb-66b4-e3af-3978-d275c0c22eb2?restype=directory",
      "RequestMethod": "PUT",
      "RequestHeaders": {
        "Accept": "application/xml",
        "Authorization": "Sanitized",
        "traceparent": "00-1f1993546216dc439c49337c5277dd39-e647a59913585b4b-00",
        "User-Agent": [
          "azsdk-net-Storage.Files.Shares/12.8.0-alpha.20210820.1",
          "(.NET Core 3.1.18; Microsoft Windows 10.0.19043)"
        ],
        "x-ms-client-request-id": "46e568f0-5ee6-0a08-5275-a209a9208177",
        "x-ms-date": "Mon, 23 Aug 2021 18:36:31 GMT",
        "x-ms-file-attributes": "None",
        "x-ms-file-creation-time": "Now",
        "x-ms-file-last-write-time": "Now",
        "x-ms-file-permission": "Inherit",
        "x-ms-return-client-request-id": "true",
        "x-ms-version": "2020-10-02"
      },
      "RequestBody": null,
      "StatusCode": 201,
      "ResponseHeaders": {
        "Content-Length": "0",
        "Date": "Mon, 23 Aug 2021 18:36:31 GMT",
        "ETag": "\u00220x8D96664ED879863\u0022",
        "Last-Modified": "Mon, 23 Aug 2021 18:36:31 GMT",
        "Server": [
          "Windows-Azure-File/1.0",
          "Microsoft-HTTPAPI/2.0"
        ],
        "x-ms-client-request-id": "46e568f0-5ee6-0a08-5275-a209a9208177",
        "x-ms-file-attributes": "Directory",
        "x-ms-file-change-time": "2021-08-23T18:36:31.7485155Z",
        "x-ms-file-creation-time": "2021-08-23T18:36:31.7485155Z",
        "x-ms-file-id": "13835128424026341376",
        "x-ms-file-last-write-time": "2021-08-23T18:36:31.7485155Z",
        "x-ms-file-parent-id": "0",
        "x-ms-file-permission-key": "17860367565182308406*11459378189709739967",
        "x-ms-request-id": "d25c374c-b01a-0088-554d-983fcb000000",
        "x-ms-request-server-encrypted": "true",
        "x-ms-version": "2020-10-02"
      },
      "ResponseBody": []
    },
    {
      "RequestUri": "http://seanmcccanary3.file.core.windows.net/test-share-a6b9a30f-b607-a9a3-0f7b-d2a93f220171/test-directory-117535fb-66b4-e3af-3978-d275c0c22eb2/test-file-ee53d4d7-2d9f-2232-3bcb-4211e133a0cb",
      "RequestMethod": "PUT",
      "RequestHeaders": {
        "Accept": "application/xml",
        "Authorization": "Sanitized",
        "traceparent": "00-3701e40076c85d40847faa973f460bc4-2b93d826bb47a742-00",
        "User-Agent": [
          "azsdk-net-Storage.Files.Shares/12.8.0-alpha.20210820.1",
          "(.NET Core 3.1.18; Microsoft Windows 10.0.19043)"
        ],
        "x-ms-client-request-id": "ec08ea30-fd3f-8623-810f-fac1f377db46",
        "x-ms-content-length": "1024",
        "x-ms-date": "Mon, 23 Aug 2021 18:36:31 GMT",
        "x-ms-file-attributes": "None",
        "x-ms-file-creation-time": "Now",
        "x-ms-file-last-write-time": "Now",
        "x-ms-file-permission": "Inherit",
        "x-ms-return-client-request-id": "true",
        "x-ms-type": "file",
        "x-ms-version": "2020-10-02"
      },
      "RequestBody": null,
      "StatusCode": 201,
      "ResponseHeaders": {
        "Content-Length": "0",
        "Date": "Mon, 23 Aug 2021 18:36:31 GMT",
        "ETag": "\u00220x8D96664ED910CE7\u0022",
        "Last-Modified": "Mon, 23 Aug 2021 18:36:31 GMT",
        "Server": [
          "Windows-Azure-File/1.0",
          "Microsoft-HTTPAPI/2.0"
        ],
        "x-ms-client-request-id": "ec08ea30-fd3f-8623-810f-fac1f377db46",
        "x-ms-file-attributes": "Archive",
        "x-ms-file-change-time": "2021-08-23T18:36:31.8104807Z",
        "x-ms-file-creation-time": "2021-08-23T18:36:31.8104807Z",
        "x-ms-file-id": "11529285414812647424",
        "x-ms-file-last-write-time": "2021-08-23T18:36:31.8104807Z",
        "x-ms-file-parent-id": "13835128424026341376",
        "x-ms-file-permission-key": "4010187179898695473*11459378189709739967",
        "x-ms-request-id": "d25c374d-b01a-0088-564d-983fcb000000",
        "x-ms-request-server-encrypted": "true",
        "x-ms-version": "2020-10-02"
      },
      "ResponseBody": []
    },
    {
      "RequestUri": "http://seanmcccanary3.file.core.windows.net/test-share-a6b9a30f-b607-a9a3-0f7b-d2a93f220171/test-directory-117535fb-66b4-e3af-3978-d275c0c22eb2/test-file-ee53d4d7-2d9f-2232-3bcb-4211e133a0cb?comp=range",
      "RequestMethod": "PUT",
      "RequestHeaders": {
        "Accept": "application/xml",
        "Authorization": "Sanitized",
        "Content-Length": "1024",
        "Content-Type": "application/octet-stream",
        "User-Agent": [
          "azsdk-net-Storage.Files.Shares/12.8.0-alpha.20210820.1",
          "(.NET Core 3.1.18; Microsoft Windows 10.0.19043)"
        ],
        "x-ms-client-request-id": "f7e184fc-b32b-a88c-b362-88c4e5fa0534",
        "x-ms-date": "Mon, 23 Aug 2021 18:36:31 GMT",
        "x-ms-range": "bytes=0-1023",
        "x-ms-return-client-request-id": "true",
        "x-ms-version": "2020-10-02",
        "x-ms-write": "update"
      },
      "RequestBody": "SARmc6VjxNVGx8EKsbNuQr/ehFjd58utCy/qVILlBC8pPbNwkEVPjaQPAB6d/lmeBl9JypsommE4uGd2eG9SYMOR4HMA/rF6jve0zuesEAzWS00jmzmUAKNSN9fd2RU0vJ9bCx3lngitzzykdMx5i6hanywiL8WJ/eDQrsbZnLXhgBFIUQXu8K1Fdcv974vW2asvgznoEo3Z0Q49FPBB1DOGwvO7MDqja69\u002B3Lr6jA1U\u002BdQbqhl8\u002BW6Db3/3sdu9BKGYdy2YG6hxjBeJaTXT3kUA6BsbJikaCcmFN8C6rLrTwdgZYhXgvN0sqR0C8o84sJA59snAod53fm1jEuTotuBdtqddunwwICs\u002B73wMFxc6TIYvgbXwEyD5oeOnfKr4Q/I9pTzn2/YTCdaegrJhamZWKcVduDUqbKOHYxiYiKOBRauJz3LbU3GPG3jfUpBumDZ9UVPkm4u9EjiYX3fee4AyHD0G2JvzetZTzpy9SxkSGcvhGzZQnKogzLw6QvP6saD3rDVTZ8Cbitd9kMzvAMYehUar/V9K4oCT5gveuTjiWRz7xZ/kv7ELRZFf0gvdMMv1G7ytT7NBrcm1wIG0vNCemjew8zonOsaUn7fO6hB0trVA6J17NQpouhjVLv4vV4nAwDfULD2QzuD2GK/8csO5QArMc9MyI2UtRzkiUgvIZUgtDSnYoIl4rxq9hR1abEdVG\u002B30Y\u002BO2jZ3SpuUDbnvULrNnzmWZ4aCAU8S4dZ1H0tvyzTYd0wFkd4CLBfmkdEGe6Fdq853iuzpNcw8f/Rf/itQJEaFEtlqxAlfkDdun3N\u002BDGY1G3d89DxH80GDxRHlojHskmmKgWTH9uPFG/a1epZYwnOSJuaz1ywGPSOb5wL3dfIFggkJ9479cSSXt9xJknivJwaiV3tLOL85gEBFLA/czaIAr/SJUsrkkLW\u002BGB9TvK6m6L/8USJ2ukVNzHNKtEUUuuo\u002BSOKAJdQ7vcLFjRyj6ceVokNP4Hh/jfGvP4JbndhspWExEXfIIsbnxJdfrS0oqeavsRYByNptvrrs0OZV4B/qWOe7btRTzX98ZBvhH9zAhpGbq\u002BjCatyKx1K431HckeR3dVRJbT8SW\u002BeahWC\u002BiKLeKE5UujQ3J\u002B4HMKeBmu4tn9Y3baqEexlWhVAFK\u002BV/zDqz3rcHi9esQE1qRjiXkMD1bOWOhx70VbExAjTkLfgEi2Rszbw7Jhf\u002BiylZHjDcvvSPD77/8UUfv4UB0oWiyBZVYb7UKsMEvkbNj//1nzt8VEM8VR49CJofTRI3NVeSW78XB7h2BJQxhlF4LmFJKhxNhX5CZnL0FFkkuNmw0YTvPzBA4puDBk\u002BvCs7MxNo01ibx5a/VT/VIHuw==",
      "StatusCode": 201,
      "ResponseHeaders": {
        "Content-Length": "0",
        "Content-MD5": "zcGwH8fISnO60CDLZ8iFXA==",
        "Date": "Mon, 23 Aug 2021 18:36:31 GMT",
        "ETag": "\u00220x8D96664ED9A8162\u0022",
        "Last-Modified": "Mon, 23 Aug 2021 18:36:31 GMT",
        "Server": [
          "Windows-Azure-File/1.0",
          "Microsoft-HTTPAPI/2.0"
        ],
        "x-ms-client-request-id": "f7e184fc-b32b-a88c-b362-88c4e5fa0534",
        "x-ms-request-id": "d25c374e-b01a-0088-574d-983fcb000000",
        "x-ms-request-server-encrypted": "true",
        "x-ms-version": "2020-10-02"
      },
      "ResponseBody": []
    },
    {
      "RequestUri": "http://seanmcccanary3.file.core.windows.net/test-share-a6b9a30f-b607-a9a3-0f7b-d2a93f220171/test-directory-117535fb-66b4-e3af-3978-d275c0c22eb2/test-file-ee53d4d7-2d9f-2232-3bcb-4211e133a0cb",
      "RequestMethod": "HEAD",
      "RequestHeaders": {
        "Accept": "application/xml",
        "Authorization": "Sanitized",
        "User-Agent": [
          "azsdk-net-Storage.Files.Shares/12.8.0-alpha.20210820.1",
          "(.NET Core 3.1.18; Microsoft Windows 10.0.19043)"
        ],
        "x-ms-client-request-id": "6ec43b32-e396-181b-9d06-74077622111e",
        "x-ms-date": "Mon, 23 Aug 2021 18:36:31 GMT",
        "x-ms-return-client-request-id": "true",
        "x-ms-version": "2020-10-02"
      },
      "RequestBody": null,
      "StatusCode": 200,
      "ResponseHeaders": {
        "Content-Length": "1024",
        "Content-Type": "application/octet-stream",
        "Date": "Mon, 23 Aug 2021 18:36:31 GMT",
        "ETag": "\u00220x8D96664ED9A8162\u0022",
        "Last-Modified": "Mon, 23 Aug 2021 18:36:31 GMT",
        "Server": [
          "Windows-Azure-File/1.0",
          "Microsoft-HTTPAPI/2.0"
        ],
        "x-ms-client-request-id": "6ec43b32-e396-181b-9d06-74077622111e",
        "x-ms-file-attributes": "Archive",
        "x-ms-file-change-time": "2021-08-23T18:36:31.8104807Z",
        "x-ms-file-creation-time": "2021-08-23T18:36:31.8104807Z",
        "x-ms-file-id": "11529285414812647424",
        "x-ms-file-last-write-time": "2021-08-23T18:36:31.8104807Z",
        "x-ms-file-parent-id": "13835128424026341376",
        "x-ms-file-permission-key": "4010187179898695473*11459378189709739967",
        "x-ms-lease-state": "available",
        "x-ms-lease-status": "unlocked",
        "x-ms-request-id": "d25c374f-b01a-0088-584d-983fcb000000",
        "x-ms-server-encrypted": "true",
        "x-ms-type": "File",
        "x-ms-version": "2020-10-02"
      },
      "ResponseBody": []
    },
    {
      "RequestUri": "http://seanmcccanary3.file.core.windows.net/test-share-a6b9a30f-b607-a9a3-0f7b-d2a93f220171/test-directory-117535fb-66b4-e3af-3978-d275c0c22eb2/test-file-ee53d4d7-2d9f-2232-3bcb-4211e133a0cb",
      "RequestMethod": "GET",
      "RequestHeaders": {
        "Accept": "application/xml",
        "Authorization": "Sanitized",
        "User-Agent": [
          "azsdk-net-Storage.Files.Shares/12.8.0-alpha.20210820.1",
          "(.NET Core 3.1.18; Microsoft Windows 10.0.19043)"
        ],
        "x-ms-client-request-id": "aa92434f-9735-f09e-5911-7ec8334bbbdf",
        "x-ms-date": "Mon, 23 Aug 2021 18:36:31 GMT",
        "x-ms-range": "bytes=0-156",
        "x-ms-return-client-request-id": "true",
        "x-ms-version": "2020-10-02"
      },
      "RequestBody": null,
      "StatusCode": 206,
      "ResponseHeaders": {
        "Accept-Ranges": "bytes",
        "Content-Length": "157",
        "Content-Range": "bytes 0-156/1024",
        "Content-Type": "application/octet-stream",
        "Date": "Mon, 23 Aug 2021 18:36:31 GMT",
        "ETag": "\u00220x8D96664ED9A8162\u0022",
        "Last-Modified": "Mon, 23 Aug 2021 18:36:31 GMT",
        "Server": [
          "Windows-Azure-File/1.0",
          "Microsoft-HTTPAPI/2.0"
        ],
        "x-ms-client-request-id": "aa92434f-9735-f09e-5911-7ec8334bbbdf",
        "x-ms-file-attributes": "Archive",
        "x-ms-file-change-time": "2021-08-23T18:36:31.8104807Z",
        "x-ms-file-creation-time": "2021-08-23T18:36:31.8104807Z",
        "x-ms-file-id": "11529285414812647424",
        "x-ms-file-last-write-time": "2021-08-23T18:36:31.8104807Z",
        "x-ms-file-parent-id": "13835128424026341376",
        "x-ms-file-permission-key": "4010187179898695473*11459378189709739967",
        "x-ms-lease-state": "available",
        "x-ms-lease-status": "unlocked",
        "x-ms-request-id": "d25c3750-b01a-0088-594d-983fcb000000",
        "x-ms-server-encrypted": "true",
        "x-ms-type": "File",
        "x-ms-version": "2020-10-02"
      },
      "ResponseBody": "SARmc6VjxNVGx8EKsbNuQr/ehFjd58utCy/qVILlBC8pPbNwkEVPjaQPAB6d/lmeBl9JypsommE4uGd2eG9SYMOR4HMA/rF6jve0zuesEAzWS00jmzmUAKNSN9fd2RU0vJ9bCx3lngitzzykdMx5i6hanywiL8WJ/eDQrsbZnLXhgBFIUQXu8K1Fdcv974vW2asvgznoEo3Z0Q49FA=="
    },
    {
      "RequestUri": "http://seanmcccanary3.file.core.windows.net/test-share-a6b9a30f-b607-a9a3-0f7b-d2a93f220171/test-directory-117535fb-66b4-e3af-3978-d275c0c22eb2/test-file-ee53d4d7-2d9f-2232-3bcb-4211e133a0cb",
      "RequestMethod": "GET",
      "RequestHeaders": {
        "Accept": "application/xml",
        "Authorization": "Sanitized",
        "User-Agent": [
          "azsdk-net-Storage.Files.Shares/12.8.0-alpha.20210820.1",
          "(.NET Core 3.1.18; Microsoft Windows 10.0.19043)"
        ],
        "x-ms-client-request-id": "33b8f419-6690-bee9-6e2a-a500422822e5",
        "x-ms-date": "Mon, 23 Aug 2021 18:36:32 GMT",
        "x-ms-range": "bytes=157-313",
        "x-ms-return-client-request-id": "true",
        "x-ms-version": "2020-10-02"
      },
      "RequestBody": null,
      "StatusCode": 206,
      "ResponseHeaders": {
        "Accept-Ranges": "bytes",
        "Content-Length": "157",
        "Content-Range": "bytes 157-313/1024",
        "Content-Type": "application/octet-stream",
        "Date": "Mon, 23 Aug 2021 18:36:31 GMT",
        "ETag": "\u00220x8D96664ED9A8162\u0022",
        "Last-Modified": "Mon, 23 Aug 2021 18:36:31 GMT",
        "Server": [
          "Windows-Azure-File/1.0",
          "Microsoft-HTTPAPI/2.0"
        ],
        "x-ms-client-request-id": "33b8f419-6690-bee9-6e2a-a500422822e5",
        "x-ms-file-attributes": "Archive",
        "x-ms-file-change-time": "2021-08-23T18:36:31.8104807Z",
        "x-ms-file-creation-time": "2021-08-23T18:36:31.8104807Z",
        "x-ms-file-id": "11529285414812647424",
        "x-ms-file-last-write-time": "2021-08-23T18:36:31.8104807Z",
        "x-ms-file-parent-id": "13835128424026341376",
        "x-ms-file-permission-key": "4010187179898695473*11459378189709739967",
        "x-ms-lease-state": "available",
        "x-ms-lease-status": "unlocked",
        "x-ms-request-id": "d25c3751-b01a-0088-5a4d-983fcb000000",
        "x-ms-server-encrypted": "true",
        "x-ms-type": "File",
        "x-ms-version": "2020-10-02"
      },
      "ResponseBody": "8EHUM4bC87swOqNrr37cuvqMDVT51BuqGXz5boNvf/ex270EoZh3LZgbqHGMF4lpNdPeRQDoGxsmKRoJyYU3wLqsutPB2BliFeC83SypHQLyjziwkDn2ycCh3nd\u002BbWMS5Oi24F22p126fDAgKz7vfAwXFzpMhi\u002BBtfATIPmh46d8qvhD8j2lPOfb9hMJ1p6CsmFqZlYpxV24NSpsow=="
    },
    {
      "RequestUri": "http://seanmcccanary3.file.core.windows.net/test-share-a6b9a30f-b607-a9a3-0f7b-d2a93f220171/test-directory-117535fb-66b4-e3af-3978-d275c0c22eb2/test-file-ee53d4d7-2d9f-2232-3bcb-4211e133a0cb",
      "RequestMethod": "GET",
      "RequestHeaders": {
        "Accept": "application/xml",
        "Authorization": "Sanitized",
        "User-Agent": [
          "azsdk-net-Storage.Files.Shares/12.8.0-alpha.20210820.1",
          "(.NET Core 3.1.18; Microsoft Windows 10.0.19043)"
        ],
        "x-ms-client-request-id": "3faf86d8-8893-994e-cbd2-3fec6f333021",
        "x-ms-date": "Mon, 23 Aug 2021 18:36:32 GMT",
        "x-ms-range": "bytes=314-470",
        "x-ms-return-client-request-id": "true",
        "x-ms-version": "2020-10-02"
      },
      "RequestBody": null,
      "StatusCode": 206,
      "ResponseHeaders": {
        "Accept-Ranges": "bytes",
        "Content-Length": "157",
        "Content-Range": "bytes 314-470/1024",
        "Content-Type": "application/octet-stream",
        "Date": "Mon, 23 Aug 2021 18:36:31 GMT",
        "ETag": "\u00220x8D96664ED9A8162\u0022",
        "Last-Modified": "Mon, 23 Aug 2021 18:36:31 GMT",
        "Server": [
          "Windows-Azure-File/1.0",
          "Microsoft-HTTPAPI/2.0"
        ],
        "x-ms-client-request-id": "3faf86d8-8893-994e-cbd2-3fec6f333021",
        "x-ms-file-attributes": "Archive",
        "x-ms-file-change-time": "2021-08-23T18:36:31.8104807Z",
        "x-ms-file-creation-time": "2021-08-23T18:36:31.8104807Z",
        "x-ms-file-id": "11529285414812647424",
        "x-ms-file-last-write-time": "2021-08-23T18:36:31.8104807Z",
        "x-ms-file-parent-id": "13835128424026341376",
        "x-ms-file-permission-key": "4010187179898695473*11459378189709739967",
        "x-ms-lease-state": "available",
        "x-ms-lease-status": "unlocked",
        "x-ms-request-id": "d25c3752-b01a-0088-5b4d-983fcb000000",
        "x-ms-server-encrypted": "true",
        "x-ms-type": "File",
        "x-ms-version": "2020-10-02"
      },
      "ResponseBody": "h2MYmIijgUWric9y21Nxjxt431KQbpg2fVFT5JuLvRI4mF933nuAMhw9Btib83rWU86cvUsZEhnL4Rs2UJyqIMy8OkLz\u002BrGg96w1U2fAm4rXfZDM7wDGHoVGq/1fSuKAk\u002BYL3rk44lkc\u002B8Wf5L\u002BxC0WRX9IL3TDL9Ru8rU\u002BzQa3JtcCBtLzQnpo3sPM6JzrGlJ\u002B3zuoQdLa1QOidew=="
    },
    {
      "RequestUri": "http://seanmcccanary3.file.core.windows.net/test-share-a6b9a30f-b607-a9a3-0f7b-d2a93f220171/test-directory-117535fb-66b4-e3af-3978-d275c0c22eb2/test-file-ee53d4d7-2d9f-2232-3bcb-4211e133a0cb",
      "RequestMethod": "GET",
      "RequestHeaders": {
        "Accept": "application/xml",
        "Authorization": "Sanitized",
        "User-Agent": [
          "azsdk-net-Storage.Files.Shares/12.8.0-alpha.20210820.1",
          "(.NET Core 3.1.18; Microsoft Windows 10.0.19043)"
        ],
        "x-ms-client-request-id": "bb284d29-e379-6c52-c67f-5e44fe7bcadc",
        "x-ms-date": "Mon, 23 Aug 2021 18:36:32 GMT",
        "x-ms-range": "bytes=471-627",
        "x-ms-return-client-request-id": "true",
        "x-ms-version": "2020-10-02"
      },
      "RequestBody": null,
      "StatusCode": 206,
      "ResponseHeaders": {
        "Accept-Ranges": "bytes",
        "Content-Length": "157",
        "Content-Range": "bytes 471-627/1024",
        "Content-Type": "application/octet-stream",
        "Date": "Mon, 23 Aug 2021 18:36:31 GMT",
        "ETag": "\u00220x8D96664ED9A8162\u0022",
        "Last-Modified": "Mon, 23 Aug 2021 18:36:31 GMT",
        "Server": [
          "Windows-Azure-File/1.0",
          "Microsoft-HTTPAPI/2.0"
        ],
        "x-ms-client-request-id": "bb284d29-e379-6c52-c67f-5e44fe7bcadc",
        "x-ms-file-attributes": "Archive",
        "x-ms-file-change-time": "2021-08-23T18:36:31.8104807Z",
        "x-ms-file-creation-time": "2021-08-23T18:36:31.8104807Z",
        "x-ms-file-id": "11529285414812647424",
        "x-ms-file-last-write-time": "2021-08-23T18:36:31.8104807Z",
        "x-ms-file-parent-id": "13835128424026341376",
        "x-ms-file-permission-key": "4010187179898695473*11459378189709739967",
        "x-ms-lease-state": "available",
        "x-ms-lease-status": "unlocked",
        "x-ms-request-id": "d25c3753-b01a-0088-5c4d-983fcb000000",
        "x-ms-server-encrypted": "true",
        "x-ms-type": "File",
        "x-ms-version": "2020-10-02"
      },
      "ResponseBody": "NQpouhjVLv4vV4nAwDfULD2QzuD2GK/8csO5QArMc9MyI2UtRzkiUgvIZUgtDSnYoIl4rxq9hR1abEdVG\u002B30Y\u002BO2jZ3SpuUDbnvULrNnzmWZ4aCAU8S4dZ1H0tvyzTYd0wFkd4CLBfmkdEGe6Fdq853iuzpNcw8f/Rf/itQJEaFEtlqxAlfkDdun3N\u002BDGY1G3d89DxH80GDxRHlojA=="
    },
    {
      "RequestUri": "http://seanmcccanary3.file.core.windows.net/test-share-a6b9a30f-b607-a9a3-0f7b-d2a93f220171/test-directory-117535fb-66b4-e3af-3978-d275c0c22eb2/test-file-ee53d4d7-2d9f-2232-3bcb-4211e133a0cb",
      "RequestMethod": "GET",
      "RequestHeaders": {
        "Accept": "application/xml",
        "Authorization": "Sanitized",
        "User-Agent": [
          "azsdk-net-Storage.Files.Shares/12.8.0-alpha.20210820.1",
          "(.NET Core 3.1.18; Microsoft Windows 10.0.19043)"
        ],
        "x-ms-client-request-id": "21c3896e-750b-69a8-0485-1268b19cdb0f",
        "x-ms-date": "Mon, 23 Aug 2021 18:36:32 GMT",
        "x-ms-range": "bytes=628-784",
        "x-ms-return-client-request-id": "true",
        "x-ms-version": "2020-10-02"
      },
      "RequestBody": null,
      "StatusCode": 206,
      "ResponseHeaders": {
        "Accept-Ranges": "bytes",
        "Content-Length": "157",
        "Content-Range": "bytes 628-784/1024",
        "Content-Type": "application/octet-stream",
        "Date": "Mon, 23 Aug 2021 18:36:31 GMT",
        "ETag": "\u00220x8D96664ED9A8162\u0022",
        "Last-Modified": "Mon, 23 Aug 2021 18:36:31 GMT",
        "Server": [
          "Windows-Azure-File/1.0",
          "Microsoft-HTTPAPI/2.0"
        ],
        "x-ms-client-request-id": "21c3896e-750b-69a8-0485-1268b19cdb0f",
        "x-ms-file-attributes": "Archive",
        "x-ms-file-change-time": "2021-08-23T18:36:31.8104807Z",
        "x-ms-file-creation-time": "2021-08-23T18:36:31.8104807Z",
        "x-ms-file-id": "11529285414812647424",
        "x-ms-file-last-write-time": "2021-08-23T18:36:31.8104807Z",
        "x-ms-file-parent-id": "13835128424026341376",
        "x-ms-file-permission-key": "4010187179898695473*11459378189709739967",
        "x-ms-lease-state": "available",
        "x-ms-lease-status": "unlocked",
        "x-ms-request-id": "d25c3754-b01a-0088-5d4d-983fcb000000",
        "x-ms-server-encrypted": "true",
        "x-ms-type": "File",
        "x-ms-version": "2020-10-02"
      },
      "ResponseBody": "eySaYqBZMf248Ub9rV6lljCc5Im5rPXLAY9I5vnAvd18gWCCQn3jv1xJJe33EmSeK8nBqJXe0s4vzmAQEUsD9zNogCv9IlSyuSQtb4YH1O8rqbov/xRIna6RU3Mc0q0RRS66j5I4oAl1Du9wsWNHKPpx5WiQ0/geH\u002BN8a8/glud2GylYTERd8gixufEl1\u002BtLSip5q\u002BxFgHI2m2\u002Buuw=="
    },
    {
      "RequestUri": "http://seanmcccanary3.file.core.windows.net/test-share-a6b9a30f-b607-a9a3-0f7b-d2a93f220171/test-directory-117535fb-66b4-e3af-3978-d275c0c22eb2/test-file-ee53d4d7-2d9f-2232-3bcb-4211e133a0cb",
      "RequestMethod": "GET",
      "RequestHeaders": {
        "Accept": "application/xml",
        "Authorization": "Sanitized",
        "User-Agent": [
          "azsdk-net-Storage.Files.Shares/12.8.0-alpha.20210820.1",
          "(.NET Core 3.1.18; Microsoft Windows 10.0.19043)"
        ],
        "x-ms-client-request-id": "74d6b5ec-a9b8-79d1-950f-fe4015071709",
        "x-ms-date": "Mon, 23 Aug 2021 18:36:32 GMT",
        "x-ms-range": "bytes=785-941",
        "x-ms-return-client-request-id": "true",
        "x-ms-version": "2020-10-02"
      },
      "RequestBody": null,
      "StatusCode": 206,
      "ResponseHeaders": {
        "Accept-Ranges": "bytes",
        "Content-Length": "157",
        "Content-Range": "bytes 785-941/1024",
        "Content-Type": "application/octet-stream",
        "Date": "Mon, 23 Aug 2021 18:36:31 GMT",
        "ETag": "\u00220x8D96664ED9A8162\u0022",
        "Last-Modified": "Mon, 23 Aug 2021 18:36:31 GMT",
        "Server": [
          "Windows-Azure-File/1.0",
          "Microsoft-HTTPAPI/2.0"
        ],
        "x-ms-client-request-id": "74d6b5ec-a9b8-79d1-950f-fe4015071709",
        "x-ms-file-attributes": "Archive",
        "x-ms-file-change-time": "2021-08-23T18:36:31.8104807Z",
        "x-ms-file-creation-time": "2021-08-23T18:36:31.8104807Z",
        "x-ms-file-id": "11529285414812647424",
        "x-ms-file-last-write-time": "2021-08-23T18:36:31.8104807Z",
        "x-ms-file-parent-id": "13835128424026341376",
        "x-ms-file-permission-key": "4010187179898695473*11459378189709739967",
        "x-ms-lease-state": "available",
        "x-ms-lease-status": "unlocked",
        "x-ms-request-id": "d25c3755-b01a-0088-5e4d-983fcb000000",
        "x-ms-server-encrypted": "true",
        "x-ms-type": "File",
        "x-ms-version": "2020-10-02"
      },
      "ResponseBody": "NDmVeAf6ljnu27UU81/fGQb4R/cwIaRm6vowmrcisdSuN9R3JHkd3VUSW0/ElvnmoVgvoii3ihOVLo0NyfuBzCngZruLZ/WN22qhHsZVoVQBSvlf8w6s963B4vXrEBNakY4l5DA9Wzljoce9FWxMQI05C34BItkbM28OyYX/ospWR4w3L70jw\u002B\u002B//FFH7\u002BFAdKFosgWVWG\u002B1CrDBLw=="
    },
    {
      "RequestUri": "http://seanmcccanary3.file.core.windows.net/test-share-a6b9a30f-b607-a9a3-0f7b-d2a93f220171/test-directory-117535fb-66b4-e3af-3978-d275c0c22eb2/test-file-ee53d4d7-2d9f-2232-3bcb-4211e133a0cb",
      "RequestMethod": "GET",
      "RequestHeaders": {
        "Accept": "application/xml",
        "Authorization": "Sanitized",
        "User-Agent": [
          "azsdk-net-Storage.Files.Shares/12.8.0-alpha.20210820.1",
          "(.NET Core 3.1.18; Microsoft Windows 10.0.19043)"
        ],
        "x-ms-client-request-id": "fb7b287e-66c6-0a57-7409-329963afebd7",
        "x-ms-date": "Mon, 23 Aug 2021 18:36:32 GMT",
        "x-ms-range": "bytes=942-1098",
        "x-ms-return-client-request-id": "true",
        "x-ms-version": "2020-10-02"
      },
      "RequestBody": null,
      "StatusCode": 206,
      "ResponseHeaders": {
        "Accept-Ranges": "bytes",
        "Content-Length": "82",
        "Content-Range": "bytes 942-1023/1024",
        "Content-Type": "application/octet-stream",
        "Date": "Mon, 23 Aug 2021 18:36:31 GMT",
        "ETag": "\u00220x8D96664ED9A8162\u0022",
        "Last-Modified": "Mon, 23 Aug 2021 18:36:31 GMT",
        "Server": [
          "Windows-Azure-File/1.0",
          "Microsoft-HTTPAPI/2.0"
        ],
        "x-ms-client-request-id": "fb7b287e-66c6-0a57-7409-329963afebd7",
        "x-ms-file-attributes": "Archive",
        "x-ms-file-change-time": "2021-08-23T18:36:31.8104807Z",
        "x-ms-file-creation-time": "2021-08-23T18:36:31.8104807Z",
        "x-ms-file-id": "11529285414812647424",
        "x-ms-file-last-write-time": "2021-08-23T18:36:31.8104807Z",
        "x-ms-file-parent-id": "13835128424026341376",
        "x-ms-file-permission-key": "4010187179898695473*11459378189709739967",
        "x-ms-lease-state": "available",
        "x-ms-lease-status": "unlocked",
        "x-ms-request-id": "d25c3756-b01a-0088-5f4d-983fcb000000",
        "x-ms-server-encrypted": "true",
        "x-ms-type": "File",
        "x-ms-version": "2020-10-02"
      },
      "ResponseBody": "kbNj//1nzt8VEM8VR49CJofTRI3NVeSW78XB7h2BJQxhlF4LmFJKhxNhX5CZnL0FFkkuNmw0YTvPzBA4puDBk\u002BvCs7MxNo01ibx5a/VT/VIHuw=="
    },
    {
      "RequestUri": "http://seanmcccanary3.file.core.windows.net/test-share-a6b9a30f-b607-a9a3-0f7b-d2a93f220171?restype=share",
      "RequestMethod": "DELETE",
      "RequestHeaders": {
        "Accept": "application/xml",
        "Authorization": "Sanitized",
        "traceparent": "00-08de58788d72a14ab668fd1287f30d5a-e039b7e58701b845-00",
        "User-Agent": [
          "azsdk-net-Storage.Files.Shares/12.8.0-alpha.20210820.1",
          "(.NET Core 3.1.18; Microsoft Windows 10.0.19043)"
        ],
        "x-ms-client-request-id": "ecc136d5-1c8b-9243-4d56-a9509865a9ea",
        "x-ms-date": "Mon, 23 Aug 2021 18:36:32 GMT",
        "x-ms-delete-snapshots": "include",
        "x-ms-return-client-request-id": "true",
        "x-ms-version": "2020-10-02"
      },
      "RequestBody": null,
      "StatusCode": 202,
      "ResponseHeaders": {
        "Content-Length": "0",
        "Date": "Mon, 23 Aug 2021 18:36:31 GMT",
        "Server": [
          "Windows-Azure-File/1.0",
          "Microsoft-HTTPAPI/2.0"
        ],
        "x-ms-client-request-id": "ecc136d5-1c8b-9243-4d56-a9509865a9ea",
        "x-ms-request-id": "d25c3757-b01a-0088-604d-983fcb000000",
        "x-ms-version": "2020-10-02"
      },
      "ResponseBody": []
    }
  ],
  "Variables": {
    "RandomSeed": "263767965",
    "Storage_TestConfigDefault": "ProductionTenant\nseanmcccanary3\nU2FuaXRpemVk\nhttp://seanmcccanary3.blob.core.windows.net\nhttp://seanmcccanary3.file.core.windows.net\nhttp://seanmcccanary3.queue.core.windows.net\nhttp://seanmcccanary3.table.core.windows.net\n\n\n\n\nhttp://seanmcccanary3-secondary.blob.core.windows.net\nhttp://seanmcccanary3-secondary.file.core.windows.net\nhttp://seanmcccanary3-secondary.queue.core.windows.net\nhttp://seanmcccanary3-secondary.table.core.windows.net\n\nSanitized\n\n\nCloud\nBlobEndpoint=http://seanmcccanary3.blob.core.windows.net/;QueueEndpoint=http://seanmcccanary3.queue.core.windows.net/;FileEndpoint=http://seanmcccanary3.file.core.windows.net/;BlobSecondaryEndpoint=http://seanmcccanary3-secondary.blob.core.windows.net/;QueueSecondaryEndpoint=http://seanmcccanary3-secondary.queue.core.windows.net/;FileSecondaryEndpoint=http://seanmcccanary3-secondary.file.core.windows.net/;AccountName=seanmcccanary3;AccountKey=Kg==;\n[encryption scope]\n\n"
  }
}