{
  "Entries": [
    {
      "RequestUri": "http://emilydevtest.file.core.windows.net/test-share-c6596e13-9100-ec57-25e8-76e6a0ef55d0?restype=share",
      "RequestMethod": "PUT",
      "RequestHeaders": {
        "Authorization": "Sanitized",
        "traceparent": "00-8ca32a5c35895a449832b70bca7afac7-9dfbf6357de2004f-00",
        "User-Agent": [
          "azsdk-net-Storage.Files.Shares/12.5.0-alpha.20200903.1",
          "(.NET Core 4.6.29130.01; Microsoft Windows 10.0.19041 )"
        ],
        "x-ms-client-request-id": "132324bd-baa3-fb71-ba3b-bf3676227748",
        "x-ms-date": "Thu, 03 Sep 2020 19:16:37 GMT",
        "x-ms-return-client-request-id": "true",
        "x-ms-version": "2020-04-08"
      },
      "RequestBody": null,
      "StatusCode": 201,
      "ResponseHeaders": {
        "Content-Length": "0",
        "Date": "Thu, 03 Sep 2020 19:16:37 GMT",
        "ETag": "\u00220x8D8503DE1615AA8\u0022",
        "Last-Modified": "Thu, 03 Sep 2020 19:16:37 GMT",
        "Server": [
          "Windows-Azure-File/1.0",
          "Microsoft-HTTPAPI/2.0"
        ],
        "x-ms-client-request-id": "132324bd-baa3-fb71-ba3b-bf3676227748",
        "x-ms-request-id": "025d2c78-f01a-00c7-7426-82c7a9000000",
        "x-ms-version": "2020-04-08"
      },
      "ResponseBody": []
    },
    {
      "RequestUri": "http://emilydevtest.file.core.windows.net/test-share-c6596e13-9100-ec57-25e8-76e6a0ef55d0/test-directory-2e8f8c6a-2a45-7c1d-547d-248456cf63dd?restype=directory",
      "RequestMethod": "PUT",
      "RequestHeaders": {
        "Authorization": "Sanitized",
        "traceparent": "00-8652161ad242064f9eaad73e56764401-d04bb8a630713c4a-00",
        "User-Agent": [
          "azsdk-net-Storage.Files.Shares/12.5.0-alpha.20200903.1",
          "(.NET Core 4.6.29130.01; Microsoft Windows 10.0.19041 )"
        ],
        "x-ms-client-request-id": "fb1df203-d7b8-922a-07a6-be2596eca4eb",
        "x-ms-date": "Thu, 03 Sep 2020 19:16:38 GMT",
        "x-ms-file-attributes": "None",
        "x-ms-file-creation-time": "Now",
        "x-ms-file-last-write-time": "Now",
        "x-ms-file-permission": "Inherit",
        "x-ms-return-client-request-id": "true",
        "x-ms-version": "2020-04-08"
      },
      "RequestBody": null,
      "StatusCode": 201,
      "ResponseHeaders": {
        "Content-Length": "0",
        "Date": "Thu, 03 Sep 2020 19:16:37 GMT",
        "ETag": "\u00220x8D8503DE166E42E\u0022",
        "Last-Modified": "Thu, 03 Sep 2020 19:16:37 GMT",
        "Server": [
          "Windows-Azure-File/1.0",
          "Microsoft-HTTPAPI/2.0"
        ],
        "x-ms-client-request-id": "fb1df203-d7b8-922a-07a6-be2596eca4eb",
        "x-ms-file-attributes": "Directory",
        "x-ms-file-change-time": "2020-09-03T19:16:37.7769006Z",
        "x-ms-file-creation-time": "2020-09-03T19:16:37.7769006Z",
        "x-ms-file-id": "13835128424026341376",
        "x-ms-file-last-write-time": "2020-09-03T19:16:37.7769006Z",
        "x-ms-file-parent-id": "0",
        "x-ms-file-permission-key": "17913408918638655783*10394889115079208622",
        "x-ms-request-id": "025d2c7b-f01a-00c7-7526-82c7a9000000",
        "x-ms-request-server-encrypted": "true",
        "x-ms-version": "2020-04-08"
      },
      "ResponseBody": []
    },
    {
      "RequestUri": "http://emilydevtest.file.core.windows.net/test-share-c6596e13-9100-ec57-25e8-76e6a0ef55d0/test-directory-2e8f8c6a-2a45-7c1d-547d-248456cf63dd/test-file-6624051e-b2bc-fb5b-f156-1aed2fb4aeec",
      "RequestMethod": "PUT",
      "RequestHeaders": {
        "Authorization": "Sanitized",
        "traceparent": "00-a667f3a71641df4ca610fdf63b1bea7e-f9bc945f6572ab43-00",
        "User-Agent": [
          "azsdk-net-Storage.Files.Shares/12.5.0-alpha.20200903.1",
          "(.NET Core 4.6.29130.01; Microsoft Windows 10.0.19041 )"
        ],
        "x-ms-client-request-id": "35ce378f-5a7b-3c74-40c4-a2f147ba1e78",
        "x-ms-content-length": "1024",
        "x-ms-date": "Thu, 03 Sep 2020 19:16:38 GMT",
        "x-ms-file-attributes": "None",
        "x-ms-file-creation-time": "Now",
        "x-ms-file-last-write-time": "Now",
        "x-ms-file-permission": "Inherit",
        "x-ms-return-client-request-id": "true",
        "x-ms-type": "file",
        "x-ms-version": "2020-04-08"
      },
      "RequestBody": null,
      "StatusCode": 201,
      "ResponseHeaders": {
        "Content-Length": "0",
        "Date": "Thu, 03 Sep 2020 19:16:37 GMT",
        "ETag": "\u00220x8D8503DE16B792F\u0022",
        "Last-Modified": "Thu, 03 Sep 2020 19:16:37 GMT",
        "Server": [
          "Windows-Azure-File/1.0",
          "Microsoft-HTTPAPI/2.0"
        ],
        "x-ms-client-request-id": "35ce378f-5a7b-3c74-40c4-a2f147ba1e78",
        "x-ms-file-attributes": "Archive",
        "x-ms-file-change-time": "2020-09-03T19:16:37.8069295Z",
        "x-ms-file-creation-time": "2020-09-03T19:16:37.8069295Z",
        "x-ms-file-id": "11529285414812647424",
        "x-ms-file-last-write-time": "2020-09-03T19:16:37.8069295Z",
        "x-ms-file-parent-id": "13835128424026341376",
        "x-ms-file-permission-key": "4099112195243312672*10394889115079208622",
        "x-ms-request-id": "025d2c7c-f01a-00c7-7626-82c7a9000000",
        "x-ms-request-server-encrypted": "true",
        "x-ms-version": "2020-04-08"
      },
      "ResponseBody": []
    },
    {
      "RequestUri": "http://emilydevtest.file.core.windows.net/test-share-c6596e13-9100-ec57-25e8-76e6a0ef55d0/test-directory-2e8f8c6a-2a45-7c1d-547d-248456cf63dd/test-file-6624051e-b2bc-fb5b-f156-1aed2fb4aeec?comp=range",
      "RequestMethod": "PUT",
      "RequestHeaders": {
        "Authorization": "Sanitized",
        "Content-Length": "1024",
        "User-Agent": [
          "azsdk-net-Storage.Files.Shares/12.5.0-alpha.20200903.1",
          "(.NET Core 4.6.29130.01; Microsoft Windows 10.0.19041 )"
        ],
        "x-ms-client-request-id": "f75e61dd-79e5-ea70-4e2f-66b3719a3c12",
        "x-ms-date": "Thu, 03 Sep 2020 19:16:38 GMT",
        "x-ms-range": "bytes=0-1023",
        "x-ms-return-client-request-id": "true",
        "x-ms-version": "2020-04-08",
        "x-ms-write": "update"
      },
      "RequestBody": "2OJTb/n8fClgGI6AWQGlcBmkgGSxZyQL3ZZ0JoMG4LIf5EP1kPWGB3X0m59IqTkFAU0M8WxAOXC9SJJih1alWTjcYXS9sOAjHXjuvcyEwjNdbiQ1\u002Be5G3qvTN0djJH8fTkFnbEjESFBt6NPzUnykOYVeBRkxcGBKloLJ6niZwPn5zm6KHVbrmSbUyBAaUowuLv3CBB5m7t3hHNXG\u002Bl3Y0yja\u002BYMNGRwvc2vzXahPL0P2mrt61rzak\u002BCQqQCAJJ7I\u002B/ToQFgIIRThkpCzc5A1ke2R0F\u002BiXfxr/2ajfHAbrk7MKmGzZu/q7XmmmUQrJx9PWxcT7lQ/Jp73fEDxZaSkxuRC5kgvgSr\u002BpuLm\u002B8O4QNhHUyFYCL/6jQTCvOqu\u002BYjUAtJf6UDXINnsFUhxWCraPjxoqhGDS70lSFlDbMVAT61aEfjxWVeXbzNIa/N3iDTZ536uRU52UbcVOqDnk7MTq8WaF0Yx6eTk0TveOt/Krr8kaYVHkglf48BB2x\u002B2r9yANL8t3XDup/2ZyXQTmBbXSozhwyktzBm7OjSF8A3FLSJfXgYfnNBPNsKHrsmVTEqqapCT1euyUmemcqI8aLfv05tRtDoPt667kY1nph5PJu7p24V8Mlg2rAueeCouE84Kl9otQ5gQmrLi2ENeS6tJVku0UowxcqFDGwcucD\u002BEjH6/XQ5DIuJV2UDTmlkU2GFfVSHeecBB2CQ56SiQ4SpzXUvFn\u002B2dBTRpXnlMXthHLkOmzxsdpRK9fYTqCji6xPcWYDwOTzhzwk/tdRpH9XpM8brl6hIOVbg4ByFps/r7rpqBNf2bOd8KMwzLMDD3dogKnRl91drlBwqE1UcWCQ9V8caAxb98sbjb2rcFQyWHQZCZXxXhftm/my7zFmOY8yn9dj5pdrHIjexgovoj4MTk/JS2far5c3PtwSmQiZpUQuaOB8znHsrf0NEpgNvenLtpDhnP4XZ\u002BBALLfLWHOARRDF8UlNj3/d7J16zZ0PKXDiRuJ3qAhGFwEAPJHKEUWJjM13R7ygfichE7BgnJpDMQM22QGBCJ0Yj9pITULeE8tX4TDPh\u002BG0Qci7RpRX5XpmvPueg0gz\u002BHQwbsfiaDDkQv/lGKtZc7kRcpc41cH4sJpv0YBHT4CDE/jMnykZ0emX1wOkctzPDUlCfRCw\u002ByKyR64tgoagnQN/YfSynOSP95C9kQ7OVE3NkNRHBMJ/0hjWCleK/F9S90nwJQDYHGBUwnVwA1oT8\u002BNgb/GyWYhBD5/r3IKdBQtBWqm0zi885XRj4jJND86\u002BshZkGoxtoK2xvyVw7D/dx716LqiwXzXEI3p9TmdV8//BPSp8KOp\u002B07n8Aw75u/k0hip00tEl/lLgr/cA==",
      "StatusCode": 201,
      "ResponseHeaders": {
        "Content-Length": "0",
        "Content-MD5": "5FF1EnCnB/iFa3oR3tuFOg==",
        "Date": "Thu, 03 Sep 2020 19:16:37 GMT",
        "ETag": "\u00220x8D8503DE16EFC79\u0022",
        "Last-Modified": "Thu, 03 Sep 2020 19:16:37 GMT",
        "Server": [
          "Windows-Azure-File/1.0",
          "Microsoft-HTTPAPI/2.0"
        ],
        "x-ms-client-request-id": "f75e61dd-79e5-ea70-4e2f-66b3719a3c12",
        "x-ms-request-id": "025d2c7f-f01a-00c7-7926-82c7a9000000",
        "x-ms-request-server-encrypted": "true",
        "x-ms-version": "2020-04-08"
      },
      "ResponseBody": []
    },
    {
      "RequestUri": "http://emilydevtest.file.core.windows.net/test-share-c6596e13-9100-ec57-25e8-76e6a0ef55d0/test-directory-2e8f8c6a-2a45-7c1d-547d-248456cf63dd/test-file-6624051e-b2bc-fb5b-f156-1aed2fb4aeec",
      "RequestMethod": "HEAD",
      "RequestHeaders": {
        "Authorization": "Sanitized",
        "User-Agent": [
          "azsdk-net-Storage.Files.Shares/12.5.0-alpha.20200903.1",
          "(.NET Core 4.6.29130.01; Microsoft Windows 10.0.19041 )"
        ],
        "x-ms-client-request-id": "e6149e7d-265c-ea92-02b5-1d6df2449adf",
        "x-ms-date": "Thu, 03 Sep 2020 19:16:38 GMT",
        "x-ms-return-client-request-id": "true",
        "x-ms-version": "2020-04-08"
      },
      "RequestBody": null,
      "StatusCode": 200,
      "ResponseHeaders": {
        "Content-Length": "0",
        "Content-Type": "application/octet-stream",
        "Date": "Thu, 03 Sep 2020 19:16:37 GMT",
        "ETag": "\u00220x8D8503DE16EFC79\u0022",
        "Last-Modified": "Thu, 03 Sep 2020 19:16:37 GMT",
        "Server": [
          "Windows-Azure-File/1.0",
          "Microsoft-HTTPAPI/2.0"
        ],
        "Vary": "Origin",
        "x-ms-client-request-id": "e6149e7d-265c-ea92-02b5-1d6df2449adf",
        "x-ms-file-attributes": "Archive",
        "x-ms-file-change-time": "2020-09-03T19:16:37.8069295Z",
        "x-ms-file-creation-time": "2020-09-03T19:16:37.8069295Z",
        "x-ms-file-id": "11529285414812647424",
        "x-ms-file-last-write-time": "2020-09-03T19:16:37.8069295Z",
        "x-ms-file-parent-id": "13835128424026341376",
        "x-ms-file-permission-key": "4099112195243312672*10394889115079208622",
        "x-ms-lease-state": "available",
        "x-ms-lease-status": "unlocked",
        "x-ms-request-id": "025d2c80-f01a-00c7-7a26-82c7a9000000",
        "x-ms-server-encrypted": "true",
        "x-ms-type": "File",
        "x-ms-version": "2020-04-08"
      },
      "ResponseBody": []
    },
    {
      "RequestUri": "http://emilydevtest.file.core.windows.net/test-share-c6596e13-9100-ec57-25e8-76e6a0ef55d0/test-directory-2e8f8c6a-2a45-7c1d-547d-248456cf63dd/test-file-6624051e-b2bc-fb5b-f156-1aed2fb4aeec",
      "RequestMethod": "GET",
      "RequestHeaders": {
        "Authorization": "Sanitized",
        "User-Agent": [
          "azsdk-net-Storage.Files.Shares/12.5.0-alpha.20200903.1",
          "(.NET Core 4.6.29130.01; Microsoft Windows 10.0.19041 )"
        ],
        "x-ms-client-request-id": "d2369793-5685-cdb6-079b-3e96efac44f9",
        "x-ms-date": "Thu, 03 Sep 2020 19:16:38 GMT",
        "x-ms-range": "bytes=512-639",
        "x-ms-return-client-request-id": "true",
        "x-ms-version": "2020-04-08"
      },
      "RequestBody": null,
      "StatusCode": 206,
      "ResponseHeaders": {
        "Accept-Ranges": "bytes",
        "Content-Length": "128",
        "Content-Range": "bytes 512-639/1024",
        "Content-Type": "application/octet-stream",
        "Date": "Thu, 03 Sep 2020 19:16:37 GMT",
        "ETag": "\u00220x8D8503DE16EFC79\u0022",
        "Last-Modified": "Thu, 03 Sep 2020 19:16:37 GMT",
        "Server": [
          "Windows-Azure-File/1.0",
          "Microsoft-HTTPAPI/2.0"
        ],
        "Vary": "Origin",
        "x-ms-client-request-id": "d2369793-5685-cdb6-079b-3e96efac44f9",
        "x-ms-file-attributes": "Archive",
        "x-ms-file-change-time": "2020-09-03T19:16:37.8069295Z",
        "x-ms-file-creation-time": "2020-09-03T19:16:37.8069295Z",
        "x-ms-file-id": "11529285414812647424",
        "x-ms-file-last-write-time": "2020-09-03T19:16:37.8069295Z",
        "x-ms-file-parent-id": "13835128424026341376",
        "x-ms-file-permission-key": "4099112195243312672*10394889115079208622",
        "x-ms-lease-state": "available",
        "x-ms-lease-status": "unlocked",
        "x-ms-request-id": "025d2c81-f01a-00c7-7b26-82c7a9000000",
        "x-ms-server-encrypted": "true",
        "x-ms-type": "File",
        "x-ms-version": "2020-04-08"
      },
      "ResponseBody": "v10OQyLiVdlA05pZFNhhX1Uh3nnAQdgkOekokOEqc11LxZ/tnQU0aV55TF7YRy5Dps8bHaUSvX2E6go4usT3FmA8Dk84c8JP7XUaR/V6TPG65eoSDlW4OAchabP6\u002B66agTX9mznfCjMMyzAw93aICp0ZfdXa5QcKhNVHFgkPVfE="
    },
    {
      "RequestUri": "http://emilydevtest.file.core.windows.net/test-share-c6596e13-9100-ec57-25e8-76e6a0ef55d0/test-directory-2e8f8c6a-2a45-7c1d-547d-248456cf63dd/test-file-6624051e-b2bc-fb5b-f156-1aed2fb4aeec",
      "RequestMethod": "GET",
      "RequestHeaders": {
        "Authorization": "Sanitized",
        "User-Agent": [
          "azsdk-net-Storage.Files.Shares/12.5.0-alpha.20200903.1",
          "(.NET Core 4.6.29130.01; Microsoft Windows 10.0.19041 )"
        ],
        "x-ms-client-request-id": "5ad99a8d-c70e-0c59-cfe8-ff50c721e19a",
        "x-ms-date": "Thu, 03 Sep 2020 19:16:38 GMT",
        "x-ms-range": "bytes=640-767",
        "x-ms-return-client-request-id": "true",
        "x-ms-version": "2020-04-08"
      },
      "RequestBody": null,
      "StatusCode": 206,
      "ResponseHeaders": {
        "Accept-Ranges": "bytes",
        "Content-Length": "128",
        "Content-Range": "bytes 640-767/1024",
        "Content-Type": "application/octet-stream",
        "Date": "Thu, 03 Sep 2020 19:16:37 GMT",
        "ETag": "\u00220x8D8503DE16EFC79\u0022",
        "Last-Modified": "Thu, 03 Sep 2020 19:16:37 GMT",
        "Server": [
          "Windows-Azure-File/1.0",
          "Microsoft-HTTPAPI/2.0"
        ],
        "Vary": "Origin",
        "x-ms-client-request-id": "5ad99a8d-c70e-0c59-cfe8-ff50c721e19a",
        "x-ms-file-attributes": "Archive",
        "x-ms-file-change-time": "2020-09-03T19:16:37.8069295Z",
        "x-ms-file-creation-time": "2020-09-03T19:16:37.8069295Z",
        "x-ms-file-id": "11529285414812647424",
        "x-ms-file-last-write-time": "2020-09-03T19:16:37.8069295Z",
        "x-ms-file-parent-id": "13835128424026341376",
        "x-ms-file-permission-key": "4099112195243312672*10394889115079208622",
        "x-ms-lease-state": "available",
        "x-ms-lease-status": "unlocked",
        "x-ms-request-id": "025d2c82-f01a-00c7-7c26-82c7a9000000",
        "x-ms-server-encrypted": "true",
        "x-ms-type": "File",
        "x-ms-version": "2020-04-08"
      },
      "ResponseBody": "xoDFv3yxuNvatwVDJYdBkJlfFeF\u002B2b\u002BbLvMWY5jzKf12Pml2sciN7GCi\u002BiPgxOT8lLZ9qvlzc\u002B3BKZCJmlRC5o4HzOceyt/Q0SmA296cu2kOGc/hdn4EAst8tYc4BFEMXxSU2Pf93snXrNnQ8pcOJG4neoCEYXAQA8kcoRRYmMw="
    },
    {
      "RequestUri": "http://emilydevtest.file.core.windows.net/test-share-c6596e13-9100-ec57-25e8-76e6a0ef55d0/test-directory-2e8f8c6a-2a45-7c1d-547d-248456cf63dd/test-file-6624051e-b2bc-fb5b-f156-1aed2fb4aeec",
      "RequestMethod": "GET",
      "RequestHeaders": {
        "Authorization": "Sanitized",
        "User-Agent": [
          "azsdk-net-Storage.Files.Shares/12.5.0-alpha.20200903.1",
          "(.NET Core 4.6.29130.01; Microsoft Windows 10.0.19041 )"
        ],
        "x-ms-client-request-id": "5509d06e-ead2-62eb-826b-6b2b9692afc4",
        "x-ms-date": "Thu, 03 Sep 2020 19:16:38 GMT",
        "x-ms-range": "bytes=768-895",
        "x-ms-return-client-request-id": "true",
        "x-ms-version": "2020-04-08"
      },
      "RequestBody": null,
      "StatusCode": 206,
      "ResponseHeaders": {
        "Accept-Ranges": "bytes",
        "Content-Length": "128",
        "Content-Range": "bytes 768-895/1024",
        "Content-Type": "application/octet-stream",
        "Date": "Thu, 03 Sep 2020 19:16:37 GMT",
        "ETag": "\u00220x8D8503DE16EFC79\u0022",
        "Last-Modified": "Thu, 03 Sep 2020 19:16:37 GMT",
        "Server": [
          "Windows-Azure-File/1.0",
          "Microsoft-HTTPAPI/2.0"
        ],
        "Vary": "Origin",
        "x-ms-client-request-id": "5509d06e-ead2-62eb-826b-6b2b9692afc4",
        "x-ms-file-attributes": "Archive",
        "x-ms-file-change-time": "2020-09-03T19:16:37.8069295Z",
        "x-ms-file-creation-time": "2020-09-03T19:16:37.8069295Z",
        "x-ms-file-id": "11529285414812647424",
        "x-ms-file-last-write-time": "2020-09-03T19:16:37.8069295Z",
        "x-ms-file-parent-id": "13835128424026341376",
        "x-ms-file-permission-key": "4099112195243312672*10394889115079208622",
        "x-ms-lease-state": "available",
        "x-ms-lease-status": "unlocked",
        "x-ms-request-id": "025d2c83-f01a-00c7-7d26-82c7a9000000",
        "x-ms-server-encrypted": "true",
        "x-ms-type": "File",
        "x-ms-version": "2020-04-08"
      },
      "ResponseBody": "13R7ygfichE7BgnJpDMQM22QGBCJ0Yj9pITULeE8tX4TDPh\u002BG0Qci7RpRX5XpmvPueg0gz\u002BHQwbsfiaDDkQv/lGKtZc7kRcpc41cH4sJpv0YBHT4CDE/jMnykZ0emX1wOkctzPDUlCfRCw\u002ByKyR64tgoagnQN/YfSynOSP95C9k="
    },
    {
      "RequestUri": "http://emilydevtest.file.core.windows.net/test-share-c6596e13-9100-ec57-25e8-76e6a0ef55d0/test-directory-2e8f8c6a-2a45-7c1d-547d-248456cf63dd/test-file-6624051e-b2bc-fb5b-f156-1aed2fb4aeec",
      "RequestMethod": "GET",
      "RequestHeaders": {
        "Authorization": "Sanitized",
        "User-Agent": [
          "azsdk-net-Storage.Files.Shares/12.5.0-alpha.20200903.1",
          "(.NET Core 4.6.29130.01; Microsoft Windows 10.0.19041 )"
        ],
        "x-ms-client-request-id": "f7e26887-8b18-f8c7-d496-5db081436822",
        "x-ms-date": "Thu, 03 Sep 2020 19:16:38 GMT",
        "x-ms-range": "bytes=896-1023",
        "x-ms-return-client-request-id": "true",
        "x-ms-version": "2020-04-08"
      },
      "RequestBody": null,
      "StatusCode": 206,
      "ResponseHeaders": {
        "Accept-Ranges": "bytes",
        "Content-Length": "128",
        "Content-Range": "bytes 896-1023/1024",
        "Content-Type": "application/octet-stream",
        "Date": "Thu, 03 Sep 2020 19:16:37 GMT",
        "ETag": "\u00220x8D8503DE16EFC79\u0022",
        "Last-Modified": "Thu, 03 Sep 2020 19:16:37 GMT",
        "Server": [
          "Windows-Azure-File/1.0",
          "Microsoft-HTTPAPI/2.0"
        ],
        "Vary": "Origin",
        "x-ms-client-request-id": "f7e26887-8b18-f8c7-d496-5db081436822",
        "x-ms-file-attributes": "Archive",
        "x-ms-file-change-time": "2020-09-03T19:16:37.8069295Z",
        "x-ms-file-creation-time": "2020-09-03T19:16:37.8069295Z",
        "x-ms-file-id": "11529285414812647424",
        "x-ms-file-last-write-time": "2020-09-03T19:16:37.8069295Z",
        "x-ms-file-parent-id": "13835128424026341376",
        "x-ms-file-permission-key": "4099112195243312672*10394889115079208622",
        "x-ms-lease-state": "available",
        "x-ms-lease-status": "unlocked",
        "x-ms-request-id": "025d2c84-f01a-00c7-7e26-82c7a9000000",
        "x-ms-server-encrypted": "true",
        "x-ms-type": "File",
        "x-ms-version": "2020-04-08"
      },
      "ResponseBody": "EOzlRNzZDURwTCf9IY1gpXivxfUvdJ8CUA2BxgVMJ1cANaE/PjYG/xslmIQQ\u002Bf69yCnQULQVqptM4vPOV0Y\u002BIyTQ/OvrIWZBqMbaCtsb8lcOw/3ce9ei6osF81xCN6fU5nVfP/wT0qfCjqftO5/AMO\u002Bbv5NIYqdNLRJf5S4K/3A="
    },
    {
      "RequestUri": "http://emilydevtest.file.core.windows.net/test-share-c6596e13-9100-ec57-25e8-76e6a0ef55d0?restype=share",
      "RequestMethod": "DELETE",
      "RequestHeaders": {
        "Authorization": "Sanitized",
        "traceparent": "00-663e6151905d9e46bc4b37e0c4417b6a-35da750a70ad854d-00",
        "User-Agent": [
          "azsdk-net-Storage.Files.Shares/12.5.0-alpha.20200903.1",
          "(.NET Core 4.6.29130.01; Microsoft Windows 10.0.19041 )"
        ],
        "x-ms-client-request-id": "2da41e15-b7b0-d7ab-3d59-d9e0eea11de7",
        "x-ms-date": "Thu, 03 Sep 2020 19:16:38 GMT",
        "x-ms-delete-snapshots": "include",
        "x-ms-return-client-request-id": "true",
        "x-ms-version": "2020-04-08"
      },
      "RequestBody": null,
      "StatusCode": 202,
      "ResponseHeaders": {
        "Content-Length": "0",
        "Date": "Thu, 03 Sep 2020 19:16:37 GMT",
        "Server": [
          "Windows-Azure-File/1.0",
          "Microsoft-HTTPAPI/2.0"
        ],
        "x-ms-client-request-id": "2da41e15-b7b0-d7ab-3d59-d9e0eea11de7",
        "x-ms-request-id": "025d2c86-f01a-00c7-7f26-82c7a9000000",
        "x-ms-version": "2020-04-08"
      },
      "ResponseBody": []
    }
  ],
  "Variables": {
    "RandomSeed": "405968911",
    "Storage_TestConfigDefault": "ProductionTenant\nemilydevtest\nU2FuaXRpemVk\nhttp://emilydevtest.blob.core.windows.net\nhttp://emilydevtest.file.core.windows.net\nhttp://emilydevtest.queue.core.windows.net\nhttp://emilydevtest.table.core.windows.net\n\n\n\n\nhttp://emilydevtest-secondary.blob.core.windows.net\nhttp://emilydevtest-secondary.file.core.windows.net\nhttp://emilydevtest-secondary.queue.core.windows.net\nhttp://emilydevtest-secondary.table.core.windows.net\n\nSanitized\n\n\nCloud\nBlobEndpoint=http://emilydevtest.blob.core.windows.net/;QueueEndpoint=http://emilydevtest.queue.core.windows.net/;FileEndpoint=http://emilydevtest.file.core.windows.net/;BlobSecondaryEndpoint=http://emilydevtest-secondary.blob.core.windows.net/;QueueSecondaryEndpoint=http://emilydevtest-secondary.queue.core.windows.net/;FileSecondaryEndpoint=http://emilydevtest-secondary.file.core.windows.net/;AccountName=emilydevtest;AccountKey=Kg==;\nencryptionScope"
  }
}