{
  "Entries": [
    {
      "RequestUri": "http://seanmcccanary3.file.core.windows.net/test-share-d688b8c9-241f-27a0-b63e-aaa02cbb6e17?restype=share",
      "RequestMethod": "PUT",
      "RequestHeaders": {
        "Accept": "application/xml",
        "Authorization": "Sanitized",
        "traceparent": "00-2994dbee40d2794cb90f5a6b59659b72-8fa2e135cbfa944b-00",
        "User-Agent": "azsdk-net-Storage.Files.Shares/12.9.0-alpha.20210921.1 (.NET Framework 4.8.4300.0; Microsoft Windows 10.0.19043 )",
        "x-ms-client-request-id": "f60a1988-d6ac-b406-fc3c-f2063bcc429f",
        "x-ms-date": "Tue, 21 Sep 2021 19:49:19 GMT",
        "x-ms-return-client-request-id": "true",
        "x-ms-version": "2020-12-06"
      },
      "RequestBody": null,
      "StatusCode": 201,
      "ResponseHeaders": {
        "Content-Length": "0",
        "Date": "Tue, 21 Sep 2021 19:49:19 GMT",
        "ETag": "\u00220x8D97D38E701845D\u0022",
        "Last-Modified": "Tue, 21 Sep 2021 19:49:19 GMT",
        "Server": "Windows-Azure-File/1.0 Microsoft-HTTPAPI/2.0",
        "x-ms-client-request-id": "f60a1988-d6ac-b406-fc3c-f2063bcc429f",
        "x-ms-request-id": "9739a3bb-301a-0010-4621-af1faa000000",
        "x-ms-version": "2020-12-06"
      },
      "ResponseBody": []
    },
    {
      "RequestUri": "http://seanmcccanary3.file.core.windows.net/test-share-d688b8c9-241f-27a0-b63e-aaa02cbb6e17/test-directory-4e28b31c-cd93-dea4-05b5-65998be8b9eb?restype=directory",
      "RequestMethod": "PUT",
      "RequestHeaders": {
        "Accept": "application/xml",
        "Authorization": "Sanitized",
        "traceparent": "00-b89ad05c5edbbc4f9142698baf1aaa28-71ba78c8a2665743-00",
        "User-Agent": "azsdk-net-Storage.Files.Shares/12.9.0-alpha.20210921.1 (.NET Framework 4.8.4300.0; Microsoft Windows 10.0.19043 )",
        "x-ms-client-request-id": "b99af843-0aa2-bacb-752b-f0f7716c2913",
        "x-ms-date": "Tue, 21 Sep 2021 19:49:19 GMT",
        "x-ms-file-attributes": "None",
        "x-ms-file-creation-time": "Now",
        "x-ms-file-last-write-time": "Now",
        "x-ms-file-permission": "Inherit",
        "x-ms-return-client-request-id": "true",
        "x-ms-version": "2020-12-06"
      },
      "RequestBody": null,
      "StatusCode": 201,
      "ResponseHeaders": {
        "Content-Length": "0",
        "Date": "Tue, 21 Sep 2021 19:49:19 GMT",
        "ETag": "\u00220x8D97D38E70BD175\u0022",
        "Last-Modified": "Tue, 21 Sep 2021 19:49:19 GMT",
        "Server": "Windows-Azure-File/1.0 Microsoft-HTTPAPI/2.0",
        "x-ms-client-request-id": "b99af843-0aa2-bacb-752b-f0f7716c2913",
        "x-ms-file-attributes": "Directory",
        "x-ms-file-change-time": "2021-09-21T19:49:19.7587829Z",
        "x-ms-file-creation-time": "2021-09-21T19:49:19.7587829Z",
        "x-ms-file-id": "13835128424026341376",
        "x-ms-file-last-write-time": "2021-09-21T19:49:19.7587829Z",
        "x-ms-file-parent-id": "0",
        "x-ms-file-permission-key": "17860367565182308406*11459378189709739967",
        "x-ms-request-id": "9739a3bf-301a-0010-4921-af1faa000000",
        "x-ms-request-server-encrypted": "true",
        "x-ms-version": "2020-12-06"
      },
      "ResponseBody": []
    },
    {
      "RequestUri": "http://seanmcccanary3.file.core.windows.net/test-share-d688b8c9-241f-27a0-b63e-aaa02cbb6e17/test-directory-4e28b31c-cd93-dea4-05b5-65998be8b9eb/test-file-cd384ded-d0af-b913-5940-2d84020d9949",
      "RequestMethod": "PUT",
      "RequestHeaders": {
        "Accept": "application/xml",
        "Authorization": "Sanitized",
        "traceparent": "00-59484632015a634f84d7fdf813035113-3b6ebe2fd3aa0344-00",
        "User-Agent": "azsdk-net-Storage.Files.Shares/12.9.0-alpha.20210921.1 (.NET Framework 4.8.4300.0; Microsoft Windows 10.0.19043 )",
        "x-ms-client-request-id": "bcc2182e-65d6-d4de-eda2-793e8bc8a842",
        "x-ms-content-length": "1024",
        "x-ms-date": "Tue, 21 Sep 2021 19:49:19 GMT",
        "x-ms-file-attributes": "None",
        "x-ms-file-creation-time": "Now",
        "x-ms-file-last-write-time": "Now",
        "x-ms-file-permission": "Inherit",
        "x-ms-return-client-request-id": "true",
        "x-ms-type": "file",
        "x-ms-version": "2020-12-06"
      },
      "RequestBody": null,
      "StatusCode": 201,
      "ResponseHeaders": {
        "Content-Length": "0",
        "Date": "Tue, 21 Sep 2021 19:49:19 GMT",
        "ETag": "\u00220x8D97D38E714F7E1\u0022",
        "Last-Modified": "Tue, 21 Sep 2021 19:49:19 GMT",
        "Server": "Windows-Azure-File/1.0 Microsoft-HTTPAPI/2.0",
        "x-ms-client-request-id": "bcc2182e-65d6-d4de-eda2-793e8bc8a842",
        "x-ms-file-attributes": "Archive",
        "x-ms-file-change-time": "2021-09-21T19:49:19.8187489Z",
        "x-ms-file-creation-time": "2021-09-21T19:49:19.8187489Z",
        "x-ms-file-id": "11529285414812647424",
        "x-ms-file-last-write-time": "2021-09-21T19:49:19.8187489Z",
        "x-ms-file-parent-id": "13835128424026341376",
        "x-ms-file-permission-key": "4010187179898695473*11459378189709739967",
        "x-ms-request-id": "9739a3c0-301a-0010-4a21-af1faa000000",
        "x-ms-request-server-encrypted": "true",
        "x-ms-version": "2020-12-06"
      },
      "ResponseBody": []
    },
    {
      "RequestUri": "http://seanmcccanary3.file.core.windows.net/test-share-d688b8c9-241f-27a0-b63e-aaa02cbb6e17/test-directory-4e28b31c-cd93-dea4-05b5-65998be8b9eb/test-file-cd384ded-d0af-b913-5940-2d84020d9949?comp=range",
      "RequestMethod": "PUT",
      "RequestHeaders": {
        "Accept": "application/xml",
        "Authorization": "Sanitized",
        "Content-Length": "1024",
        "Content-Type": "application/octet-stream",
        "traceparent": "00-8a1fc45b41aca94f90d75d1f0c51892d-10f85383c658b341-00",
        "User-Agent": "azsdk-net-Storage.Files.Shares/12.9.0-alpha.20210921.1 (.NET Framework 4.8.4300.0; Microsoft Windows 10.0.19043 )",
        "x-ms-client-request-id": "ea557ab1-dc4b-1072-0d6c-0e57eb7a05f5",
        "x-ms-date": "Tue, 21 Sep 2021 19:49:19 GMT",
        "x-ms-range": "bytes=0-1023",
        "x-ms-return-client-request-id": "true",
        "x-ms-version": "2020-12-06",
        "x-ms-write": "update"
      },
      "RequestBody": "gwYh77Mw7qRJkqZASg3mWR7BVpJO/0nbgV2chodzJDwobxPxiqfwEgr2cBBjim9oRJfYrxaWxYO9Rm5Wk2gc1W5qF9r59M920EOIV444d/buNEHwmnQlkqqPNEQ5mn\u002Bi2Zqi\u002BXKUb0/IYt7TDm71hM53Z18mKzv5RIUwacCKPTbE5X3zln2EWcXyKDiVUoM7mrB1wTIfe65fqLXtYwWPPSSoDinwAe1R8w6aNAMCY/EC9M4PFXsDpGnPlO7Il/W/YusT7UNaS5nCJM4khUeqXUTD6m43fyippGq/IG3/iFwY2tEY73atp6k0TfCs3x8iJDepBKyGh\u002BPCaUnZmyoswptyC6p2km3OFUPFAjI3/MRLnfw1VoOwklLtVYUs1Ax\u002BCIpUOtR0q5LJ2u5owIWxi22Ejv4u9mwXwnhXiDzooUE3Rvmo4sHw1vFpbHyVR9HNPMoYqEUOUBEdPXhbHCNV4DisMXqLCairk7cMxIrwgnqnikty0Pn7KfboiqVIlbnNFItD6BVXQTMibBSOAYuHLbr\u002Bs5LX4xA/sQiDo34CYv79P7D\u002BrJplUEgXUGTkbSdrYFzrSuEn9jB7BDcM1J20HwkVkcHaiIAgmGNJv5OsWkPgGEIhFxcd1Ul/g6hjWHuqYzBazttmkNjcyrJ93Tadz6nzK7xakgfx\u002BLt4WwTXvD/nnlxiUYxoeodqRUxloPcS4bT/cC2/T9AoaNYg7TXTBA5ylT/ZO30ci7A08E27jFfDZXlQ2EwSJ06MOem2R41Sl0A\u002B8wq4OaY34uV8i1\u002BCbdx\u002BXYe8gyzCX23wTAGTZkMj4lgMfJlMCizSGPZnlpzuCswMN\u002BoGlRQUfJOdx\u002B2lo3uhWKgGdvFDMVJb6mo2WsnQAUI1hi5ZHUxE9wAFr0I\u002BLHV6xT3z6JPayQaYqquq3iHJzMaqcBxNSDtcwn7wPYIPHL30u5WM3RmuWr0owHKgmhjePOJ8lLtYLXwBlyUV6oyEiY7ttSKLPe\u002Bs\u002BxZfJIfJuyhlEQCfkocCm44YikX0mW8wpDfksuT2U//z0Jik\u002BQj1ONv8sNiL5PYG6xmUc7KquGKmLn9Q5QhDb74BrMLvXaKFI1Jp9\u002BmXpb9A3cfKYd9MSRc1/suIpFLTuEAZiTg0Fo13Dk9fQMB5D4jADwdBeQ3etGOquV/W/X7/lj6ofhuHC8Y5UlOQ7QhXvO5CyJVLkT8zOtXUil0uoRHRYKmC0ZFsOANABya6TsdaU/1wkzTptAT\u002BdUNGsoFpC7FCvoxf1Opd1pCRCooZeOwNejdfvQ3d6Kykg1xOJoWC1/x0eJA6\u002B34SEr2jWKl65fxWODhKCk2jZNbgulGOD68KDjONpABc03\u002B4TKpQOZACKp5f9w==",
      "StatusCode": 201,
      "ResponseHeaders": {
        "Content-Length": "0",
        "Content-MD5": "hKPJ0kzmFnHWJYPssow0Uw==",
        "Date": "Tue, 21 Sep 2021 19:49:19 GMT",
        "ETag": "\u00220x8D97D38E728F22B\u0022",
        "Last-Modified": "Tue, 21 Sep 2021 19:49:19 GMT",
        "Server": "Windows-Azure-File/1.0 Microsoft-HTTPAPI/2.0",
        "x-ms-client-request-id": "ea557ab1-dc4b-1072-0d6c-0e57eb7a05f5",
        "x-ms-request-id": "9739a3c1-301a-0010-4b21-af1faa000000",
        "x-ms-request-server-encrypted": "true",
        "x-ms-version": "2020-12-06"
      },
      "ResponseBody": []
    },
    {
      "RequestUri": "http://seanmcccanary3.file.core.windows.net/test-share-d688b8c9-241f-27a0-b63e-aaa02cbb6e17/test-directory-4e28b31c-cd93-dea4-05b5-65998be8b9eb/test-file-cd384ded-d0af-b913-5940-2d84020d9949",
      "RequestMethod": "HEAD",
      "RequestHeaders": {
        "Accept": "application/xml",
        "Authorization": "Sanitized",
        "traceparent": "00-04935f6206f18d468c9ef6ff16489f3e-c3770100fdc29642-00",
        "User-Agent": "azsdk-net-Storage.Files.Shares/12.9.0-alpha.20210921.1 (.NET Framework 4.8.4300.0; Microsoft Windows 10.0.19043 )",
        "x-ms-client-request-id": "108dff2f-bd72-c3f7-d47b-30f155a59c1a",
        "x-ms-date": "Tue, 21 Sep 2021 19:49:19 GMT",
        "x-ms-return-client-request-id": "true",
        "x-ms-version": "2020-12-06"
      },
      "RequestBody": null,
      "StatusCode": 200,
      "ResponseHeaders": {
        "Content-Length": "1024",
        "Content-Type": "application/octet-stream",
        "Date": "Tue, 21 Sep 2021 19:49:19 GMT",
        "ETag": "\u00220x8D97D38E728F22B\u0022",
        "Last-Modified": "Tue, 21 Sep 2021 19:49:19 GMT",
        "Server": "Windows-Azure-File/1.0 Microsoft-HTTPAPI/2.0",
        "x-ms-client-request-id": "108dff2f-bd72-c3f7-d47b-30f155a59c1a",
        "x-ms-file-attributes": "Archive",
        "x-ms-file-change-time": "2021-09-21T19:49:19.8187489Z",
        "x-ms-file-creation-time": "2021-09-21T19:49:19.8187489Z",
        "x-ms-file-id": "11529285414812647424",
        "x-ms-file-last-write-time": "2021-09-21T19:49:19.8187489Z",
        "x-ms-file-parent-id": "13835128424026341376",
        "x-ms-file-permission-key": "4010187179898695473*11459378189709739967",
        "x-ms-lease-state": "available",
        "x-ms-lease-status": "unlocked",
        "x-ms-request-id": "9739a3c2-301a-0010-4c21-af1faa000000",
        "x-ms-server-encrypted": "true",
        "x-ms-type": "File",
        "x-ms-version": "2020-12-06"
      },
      "ResponseBody": []
    },
    {
      "RequestUri": "http://seanmcccanary3.file.core.windows.net/test-share-d688b8c9-241f-27a0-b63e-aaa02cbb6e17/test-directory-4e28b31c-cd93-dea4-05b5-65998be8b9eb/test-file-cd384ded-d0af-b913-5940-2d84020d9949",
      "RequestMethod": "GET",
      "RequestHeaders": {
        "Accept": "application/xml",
        "Authorization": "Sanitized",
        "traceparent": "00-6416fe1dd40e994795983b908ba2e298-368f736575373c40-00",
        "User-Agent": "azsdk-net-Storage.Files.Shares/12.9.0-alpha.20210921.1 (.NET Framework 4.8.4300.0; Microsoft Windows 10.0.19043 )",
        "x-ms-client-request-id": "ec280915-f4ed-3c82-19c7-2ad721637476",
        "x-ms-date": "Tue, 21 Sep 2021 19:49:20 GMT",
        "x-ms-range": "bytes=0-127",
        "x-ms-return-client-request-id": "true",
        "x-ms-version": "2020-12-06"
      },
      "RequestBody": null,
      "StatusCode": 206,
      "ResponseHeaders": {
        "Accept-Ranges": "bytes",
        "Content-Length": "128",
        "Content-Range": "bytes 0-127/1024",
        "Content-Type": "application/octet-stream",
        "Date": "Tue, 21 Sep 2021 19:49:19 GMT",
        "ETag": "\u00220x8D97D38E728F22B\u0022",
        "Last-Modified": "Tue, 21 Sep 2021 19:49:19 GMT",
        "Server": "Windows-Azure-File/1.0 Microsoft-HTTPAPI/2.0",
        "x-ms-client-request-id": "ec280915-f4ed-3c82-19c7-2ad721637476",
        "x-ms-file-attributes": "Archive",
        "x-ms-file-change-time": "2021-09-21T19:49:19.8187489Z",
        "x-ms-file-creation-time": "2021-09-21T19:49:19.8187489Z",
        "x-ms-file-id": "11529285414812647424",
        "x-ms-file-last-write-time": "2021-09-21T19:49:19.8187489Z",
        "x-ms-file-parent-id": "13835128424026341376",
        "x-ms-file-permission-key": "4010187179898695473*11459378189709739967",
        "x-ms-lease-state": "available",
        "x-ms-lease-status": "unlocked",
        "x-ms-request-id": "9739a3c3-301a-0010-4d21-af1faa000000",
        "x-ms-server-encrypted": "true",
        "x-ms-type": "File",
        "x-ms-version": "2020-12-06"
      },
      "ResponseBody": "gwYh77Mw7qRJkqZASg3mWR7BVpJO/0nbgV2chodzJDwobxPxiqfwEgr2cBBjim9oRJfYrxaWxYO9Rm5Wk2gc1W5qF9r59M920EOIV444d/buNEHwmnQlkqqPNEQ5mn\u002Bi2Zqi\u002BXKUb0/IYt7TDm71hM53Z18mKzv5RIUwacCKPTY="
    },
    {
      "RequestUri": "http://seanmcccanary3.file.core.windows.net/test-share-d688b8c9-241f-27a0-b63e-aaa02cbb6e17/test-directory-4e28b31c-cd93-dea4-05b5-65998be8b9eb/test-file-cd384ded-d0af-b913-5940-2d84020d9949",
      "RequestMethod": "GET",
      "RequestHeaders": {
        "Accept": "application/xml",
        "Authorization": "Sanitized",
        "User-Agent": "azsdk-net-Storage.Files.Shares/12.9.0-alpha.20210921.1 (.NET Framework 4.8.4300.0; Microsoft Windows 10.0.19043 )",
        "x-ms-client-request-id": "4cdbf4c1-b07d-ac2d-97d5-539548513dc3",
        "x-ms-date": "Tue, 21 Sep 2021 19:49:20 GMT",
        "x-ms-range": "bytes=128-255",
        "x-ms-return-client-request-id": "true",
        "x-ms-version": "2020-12-06"
      },
      "RequestBody": null,
      "StatusCode": 206,
      "ResponseHeaders": {
        "Accept-Ranges": "bytes",
        "Content-Length": "128",
        "Content-Range": "bytes 128-255/1024",
        "Content-Type": "application/octet-stream",
        "Date": "Tue, 21 Sep 2021 19:49:20 GMT",
        "ETag": "\u00220x8D97D38E728F22B\u0022",
        "Last-Modified": "Tue, 21 Sep 2021 19:49:19 GMT",
        "Server": "Windows-Azure-File/1.0 Microsoft-HTTPAPI/2.0",
        "x-ms-client-request-id": "4cdbf4c1-b07d-ac2d-97d5-539548513dc3",
        "x-ms-file-attributes": "Archive",
        "x-ms-file-change-time": "2021-09-21T19:49:19.8187489Z",
        "x-ms-file-creation-time": "2021-09-21T19:49:19.8187489Z",
        "x-ms-file-id": "11529285414812647424",
        "x-ms-file-last-write-time": "2021-09-21T19:49:19.8187489Z",
        "x-ms-file-parent-id": "13835128424026341376",
        "x-ms-file-permission-key": "4010187179898695473*11459378189709739967",
        "x-ms-lease-state": "available",
        "x-ms-lease-status": "unlocked",
        "x-ms-request-id": "2890090e-201a-009a-1121-af441b000000",
        "x-ms-server-encrypted": "true",
        "x-ms-type": "File",
        "x-ms-version": "2020-12-06"
      },
      "ResponseBody": "xOV985Z9hFnF8ig4lVKDO5qwdcEyH3uuX6i17WMFjz0kqA4p8AHtUfMOmjQDAmPxAvTODxV7A6Rpz5TuyJf1v2LrE\u002B1DWkuZwiTOJIVHql1Ew\u002BpuN38oqaRqvyBt/4hcGNrRGO92raepNE3wrN8fIiQ3qQSshofjwmlJ2ZsqLMI="
    },
    {
      "RequestUri": "http://seanmcccanary3.file.core.windows.net/test-share-d688b8c9-241f-27a0-b63e-aaa02cbb6e17/test-directory-4e28b31c-cd93-dea4-05b5-65998be8b9eb/test-file-cd384ded-d0af-b913-5940-2d84020d9949",
      "RequestMethod": "GET",
      "RequestHeaders": {
        "Accept": "application/xml",
        "Authorization": "Sanitized",
        "traceparent": "00-90c4b7e312b4b54181f47f8d87c9fb56-a18a1d5790c59843-00",
        "User-Agent": "azsdk-net-Storage.Files.Shares/12.9.0-alpha.20210921.1 (.NET Framework 4.8.4300.0; Microsoft Windows 10.0.19043 )",
        "x-ms-client-request-id": "2c1598b7-2887-edf9-dfe1-a4ea96127385",
        "x-ms-date": "Tue, 21 Sep 2021 19:49:20 GMT",
        "x-ms-range": "bytes=256-383",
        "x-ms-return-client-request-id": "true",
        "x-ms-version": "2020-12-06"
      },
      "RequestBody": null,
      "StatusCode": 206,
      "ResponseHeaders": {
        "Accept-Ranges": "bytes",
        "Content-Length": "128",
        "Content-Range": "bytes 256-383/1024",
        "Content-Type": "application/octet-stream",
        "Date": "Tue, 21 Sep 2021 19:49:20 GMT",
        "ETag": "\u00220x8D97D38E728F22B\u0022",
        "Last-Modified": "Tue, 21 Sep 2021 19:49:19 GMT",
        "Server": "Windows-Azure-File/1.0 Microsoft-HTTPAPI/2.0",
        "x-ms-client-request-id": "2c1598b7-2887-edf9-dfe1-a4ea96127385",
        "x-ms-file-attributes": "Archive",
        "x-ms-file-change-time": "2021-09-21T19:49:19.8187489Z",
        "x-ms-file-creation-time": "2021-09-21T19:49:19.8187489Z",
        "x-ms-file-id": "11529285414812647424",
        "x-ms-file-last-write-time": "2021-09-21T19:49:19.8187489Z",
        "x-ms-file-parent-id": "13835128424026341376",
        "x-ms-file-permission-key": "4010187179898695473*11459378189709739967",
        "x-ms-lease-state": "available",
        "x-ms-lease-status": "unlocked",
        "x-ms-request-id": "28900910-201a-009a-1221-af441b000000",
        "x-ms-server-encrypted": "true",
        "x-ms-type": "File",
        "x-ms-version": "2020-12-06"
      },
      "ResponseBody": "m3ILqnaSbc4VQ8UCMjf8xEud/DVWg7CSUu1VhSzUDH4IilQ61HSrksna7mjAhbGLbYSO/i72bBfCeFeIPOihQTdG\u002BajiwfDW8WlsfJVH0c08yhioRQ5QER09eFscI1XgOKwxeosJqKuTtwzEivCCeqeKS3LQ\u002Bfsp9uiKpUiVuc0="
    },
    {
      "RequestUri": "http://seanmcccanary3.file.core.windows.net/test-share-d688b8c9-241f-27a0-b63e-aaa02cbb6e17/test-directory-4e28b31c-cd93-dea4-05b5-65998be8b9eb/test-file-cd384ded-d0af-b913-5940-2d84020d9949",
      "RequestMethod": "GET",
      "RequestHeaders": {
        "Accept": "application/xml",
        "Authorization": "Sanitized",
        "traceparent": "00-70187602499be94594d275149187eaa4-cc22ae90dec94148-00",
        "User-Agent": "azsdk-net-Storage.Files.Shares/12.9.0-alpha.20210921.1 (.NET Framework 4.8.4300.0; Microsoft Windows 10.0.19043 )",
        "x-ms-client-request-id": "afdd1f88-103b-ed3b-5d86-c7d2da90954e",
        "x-ms-date": "Tue, 21 Sep 2021 19:49:20 GMT",
        "x-ms-range": "bytes=384-511",
        "x-ms-return-client-request-id": "true",
        "x-ms-version": "2020-12-06"
      },
      "RequestBody": null,
      "StatusCode": 206,
      "ResponseHeaders": {
        "Accept-Ranges": "bytes",
        "Content-Length": "128",
        "Content-Range": "bytes 384-511/1024",
        "Content-Type": "application/octet-stream",
        "Date": "Tue, 21 Sep 2021 19:49:20 GMT",
        "ETag": "\u00220x8D97D38E728F22B\u0022",
        "Last-Modified": "Tue, 21 Sep 2021 19:49:19 GMT",
        "Server": "Windows-Azure-File/1.0 Microsoft-HTTPAPI/2.0",
        "x-ms-client-request-id": "afdd1f88-103b-ed3b-5d86-c7d2da90954e",
        "x-ms-file-attributes": "Archive",
        "x-ms-file-change-time": "2021-09-21T19:49:19.8187489Z",
        "x-ms-file-creation-time": "2021-09-21T19:49:19.8187489Z",
        "x-ms-file-id": "11529285414812647424",
        "x-ms-file-last-write-time": "2021-09-21T19:49:19.8187489Z",
        "x-ms-file-parent-id": "13835128424026341376",
        "x-ms-file-permission-key": "4010187179898695473*11459378189709739967",
        "x-ms-lease-state": "available",
        "x-ms-lease-status": "unlocked",
        "x-ms-request-id": "28900911-201a-009a-1321-af441b000000",
        "x-ms-server-encrypted": "true",
        "x-ms-type": "File",
        "x-ms-version": "2020-12-06"
      },
      "ResponseBody": "FItD6BVXQTMibBSOAYuHLbr\u002Bs5LX4xA/sQiDo34CYv79P7D\u002BrJplUEgXUGTkbSdrYFzrSuEn9jB7BDcM1J20HwkVkcHaiIAgmGNJv5OsWkPgGEIhFxcd1Ul/g6hjWHuqYzBazttmkNjcyrJ93Tadz6nzK7xakgfx\u002BLt4WwTXvD8="
    },
    {
      "RequestUri": "http://seanmcccanary3.file.core.windows.net/test-share-d688b8c9-241f-27a0-b63e-aaa02cbb6e17/test-directory-4e28b31c-cd93-dea4-05b5-65998be8b9eb/test-file-cd384ded-d0af-b913-5940-2d84020d9949",
      "RequestMethod": "GET",
      "RequestHeaders": {
        "Accept": "application/xml",
        "Authorization": "Sanitized",
        "traceparent": "00-33f2eb1b2a1ddd4fa457c5c14e8e04af-85d6dcc2627e004d-00",
        "User-Agent": "azsdk-net-Storage.Files.Shares/12.9.0-alpha.20210921.1 (.NET Framework 4.8.4300.0; Microsoft Windows 10.0.19043 )",
        "x-ms-client-request-id": "7762a73f-c334-de4a-ebe4-39eaa00b68e8",
        "x-ms-date": "Tue, 21 Sep 2021 19:49:20 GMT",
        "x-ms-range": "bytes=350-477",
        "x-ms-return-client-request-id": "true",
        "x-ms-version": "2020-12-06"
      },
      "RequestBody": null,
      "StatusCode": 206,
      "ResponseHeaders": {
        "Accept-Ranges": "bytes",
        "Content-Length": "128",
        "Content-Range": "bytes 350-477/1024",
        "Content-Type": "application/octet-stream",
        "Date": "Tue, 21 Sep 2021 19:49:20 GMT",
        "ETag": "\u00220x8D97D38E728F22B\u0022",
        "Last-Modified": "Tue, 21 Sep 2021 19:49:19 GMT",
        "Server": "Windows-Azure-File/1.0 Microsoft-HTTPAPI/2.0",
        "x-ms-client-request-id": "7762a73f-c334-de4a-ebe4-39eaa00b68e8",
        "x-ms-file-attributes": "Archive",
        "x-ms-file-change-time": "2021-09-21T19:49:19.8187489Z",
        "x-ms-file-creation-time": "2021-09-21T19:49:19.8187489Z",
        "x-ms-file-id": "11529285414812647424",
        "x-ms-file-last-write-time": "2021-09-21T19:49:19.8187489Z",
        "x-ms-file-parent-id": "13835128424026341376",
        "x-ms-file-permission-key": "4010187179898695473*11459378189709739967",
        "x-ms-lease-state": "available",
        "x-ms-lease-status": "unlocked",
        "x-ms-request-id": "28900912-201a-009a-1421-af441b000000",
        "x-ms-server-encrypted": "true",
        "x-ms-type": "File",
        "x-ms-version": "2020-12-06"
      },
      "ResponseBody": "VeA4rDF6iwmoq5O3DMSK8IJ6p4pLctD5\u002Byn26IqlSJW5zRSLQ\u002BgVV0EzImwUjgGLhy26/rOS1\u002BMQP7EIg6N\u002BAmL\u002B/T\u002Bw/qyaZVBIF1Bk5G0na2Bc60rhJ/YwewQ3DNSdtB8JFZHB2oiAIJhjSb\u002BTrFpD4BhCIRcXHdVJf4OoY1g="
    },
    {
      "RequestUri": "http://seanmcccanary3.file.core.windows.net/test-share-d688b8c9-241f-27a0-b63e-aaa02cbb6e17/test-directory-4e28b31c-cd93-dea4-05b5-65998be8b9eb/test-file-cd384ded-d0af-b913-5940-2d84020d9949",
      "RequestMethod": "GET",
      "RequestHeaders": {
        "Accept": "application/xml",
        "Authorization": "Sanitized",
        "Request-Id": "|3bb596b7-40235ef3de01059b.",
        "User-Agent": "azsdk-net-Storage.Files.Shares/12.9.0-alpha.20210921.1 (.NET Framework 4.8.4300.0; Microsoft Windows 10.0.19043 )",
        "x-ms-client-request-id": "32925533-1e2e-3419-45f0-f7e57bd7afaf",
        "x-ms-date": "Tue, 21 Sep 2021 19:49:20 GMT",
        "x-ms-range": "bytes=478-605",
        "x-ms-return-client-request-id": "true",
        "x-ms-version": "2020-12-06"
      },
      "RequestBody": null,
      "StatusCode": 206,
      "ResponseHeaders": {
        "Accept-Ranges": "bytes",
        "Content-Length": "128",
        "Content-Range": "bytes 478-605/1024",
        "Content-Type": "application/octet-stream",
        "Date": "Tue, 21 Sep 2021 19:49:19 GMT",
        "ETag": "\u00220x8D97D38E728F22B\u0022",
        "Last-Modified": "Tue, 21 Sep 2021 19:49:19 GMT",
        "Server": "Windows-Azure-File/1.0 Microsoft-HTTPAPI/2.0",
        "x-ms-client-request-id": "32925533-1e2e-3419-45f0-f7e57bd7afaf",
        "x-ms-file-attributes": "Archive",
        "x-ms-file-change-time": "2021-09-21T19:49:19.8187489Z",
        "x-ms-file-creation-time": "2021-09-21T19:49:19.8187489Z",
        "x-ms-file-id": "11529285414812647424",
        "x-ms-file-last-write-time": "2021-09-21T19:49:19.8187489Z",
        "x-ms-file-parent-id": "13835128424026341376",
        "x-ms-file-permission-key": "4010187179898695473*11459378189709739967",
        "x-ms-lease-state": "available",
        "x-ms-lease-status": "unlocked",
        "x-ms-request-id": "9739a3c8-301a-0010-5121-af1faa000000",
        "x-ms-server-encrypted": "true",
        "x-ms-type": "File",
        "x-ms-version": "2020-12-06"
      },
      "ResponseBody": "e6pjMFrO22aQ2NzKsn3dNp3PqfMrvFqSB/H4u3hbBNe8P\u002BeeXGJRjGh6h2pFTGWg9xLhtP9wLb9P0Cho1iDtNdMEDnKVP9k7fRyLsDTwTbuMV8NleVDYTBInTow56bZHjVKXQD7zCrg5pjfi5XyLX4Jt3H5dh7yDLMJfbfBMAZM="
    },
    {
      "RequestUri": "http://seanmcccanary3.file.core.windows.net/test-share-d688b8c9-241f-27a0-b63e-aaa02cbb6e17/test-directory-4e28b31c-cd93-dea4-05b5-65998be8b9eb/test-file-cd384ded-d0af-b913-5940-2d84020d9949",
      "RequestMethod": "GET",
      "RequestHeaders": {
        "Accept": "application/xml",
        "Authorization": "Sanitized",
        "traceparent": "00-82344ccdacd0fa4f9a88b11a96f7c6ac-64e131d8239d5b48-00",
        "User-Agent": "azsdk-net-Storage.Files.Shares/12.9.0-alpha.20210921.1 (.NET Framework 4.8.4300.0; Microsoft Windows 10.0.19043 )",
        "x-ms-client-request-id": "4ab7c433-3679-fbb9-83e4-c4adc74d5784",
        "x-ms-date": "Tue, 21 Sep 2021 19:49:20 GMT",
        "x-ms-range": "bytes=606-733",
        "x-ms-return-client-request-id": "true",
        "x-ms-version": "2020-12-06"
      },
      "RequestBody": null,
      "StatusCode": 206,
      "ResponseHeaders": {
        "Accept-Ranges": "bytes",
        "Content-Length": "128",
        "Content-Range": "bytes 606-733/1024",
        "Content-Type": "application/octet-stream",
        "Date": "Tue, 21 Sep 2021 19:49:20 GMT",
        "ETag": "\u00220x8D97D38E728F22B\u0022",
        "Last-Modified": "Tue, 21 Sep 2021 19:49:19 GMT",
        "Server": "Windows-Azure-File/1.0 Microsoft-HTTPAPI/2.0",
        "x-ms-client-request-id": "4ab7c433-3679-fbb9-83e4-c4adc74d5784",
        "x-ms-file-attributes": "Archive",
        "x-ms-file-change-time": "2021-09-21T19:49:19.8187489Z",
        "x-ms-file-creation-time": "2021-09-21T19:49:19.8187489Z",
        "x-ms-file-id": "11529285414812647424",
        "x-ms-file-last-write-time": "2021-09-21T19:49:19.8187489Z",
        "x-ms-file-parent-id": "13835128424026341376",
        "x-ms-file-permission-key": "4010187179898695473*11459378189709739967",
        "x-ms-lease-state": "available",
        "x-ms-lease-status": "unlocked",
        "x-ms-request-id": "9739a3c9-301a-0010-5221-af1faa000000",
        "x-ms-server-encrypted": "true",
        "x-ms-type": "File",
        "x-ms-version": "2020-12-06"
      },
      "ResponseBody": "ZkMj4lgMfJlMCizSGPZnlpzuCswMN\u002BoGlRQUfJOdx\u002B2lo3uhWKgGdvFDMVJb6mo2WsnQAUI1hi5ZHUxE9wAFr0I\u002BLHV6xT3z6JPayQaYqquq3iHJzMaqcBxNSDtcwn7wPYIPHL30u5WM3RmuWr0owHKgmhjePOJ8lLtYLXwBlyU="
    },
    {
      "RequestUri": "http://seanmcccanary3.file.core.windows.net/test-share-d688b8c9-241f-27a0-b63e-aaa02cbb6e17/test-directory-4e28b31c-cd93-dea4-05b5-65998be8b9eb/test-file-cd384ded-d0af-b913-5940-2d84020d9949",
      "RequestMethod": "GET",
      "RequestHeaders": {
        "Accept": "application/xml",
        "Authorization": "Sanitized",
        "traceparent": "00-2b20c1474db4064f847bc48f78c197cb-c9a124dec7d2654b-00",
        "User-Agent": "azsdk-net-Storage.Files.Shares/12.9.0-alpha.20210921.1 (.NET Framework 4.8.4300.0; Microsoft Windows 10.0.19043 )",
        "x-ms-client-request-id": "b7b2706f-6520-3336-12c2-1ceb8326b927",
        "x-ms-date": "Tue, 21 Sep 2021 19:49:20 GMT",
        "x-ms-range": "bytes=734-861",
        "x-ms-return-client-request-id": "true",
        "x-ms-version": "2020-12-06"
      },
      "RequestBody": null,
      "StatusCode": 206,
      "ResponseHeaders": {
        "Accept-Ranges": "bytes",
        "Content-Length": "128",
        "Content-Range": "bytes 734-861/1024",
        "Content-Type": "application/octet-stream",
        "Date": "Tue, 21 Sep 2021 19:49:20 GMT",
        "ETag": "\u00220x8D97D38E728F22B\u0022",
        "Last-Modified": "Tue, 21 Sep 2021 19:49:19 GMT",
        "Server": "Windows-Azure-File/1.0 Microsoft-HTTPAPI/2.0",
        "x-ms-client-request-id": "b7b2706f-6520-3336-12c2-1ceb8326b927",
        "x-ms-file-attributes": "Archive",
        "x-ms-file-change-time": "2021-09-21T19:49:19.8187489Z",
        "x-ms-file-creation-time": "2021-09-21T19:49:19.8187489Z",
        "x-ms-file-id": "11529285414812647424",
        "x-ms-file-last-write-time": "2021-09-21T19:49:19.8187489Z",
        "x-ms-file-parent-id": "13835128424026341376",
        "x-ms-file-permission-key": "4010187179898695473*11459378189709739967",
        "x-ms-lease-state": "available",
        "x-ms-lease-status": "unlocked",
        "x-ms-request-id": "9739a3ca-301a-0010-5321-af1faa000000",
        "x-ms-server-encrypted": "true",
        "x-ms-type": "File",
        "x-ms-version": "2020-12-06"
      },
      "ResponseBody": "FeqMhImO7bUiiz3vrPsWXySHybsoZREAn5KHApuOGIpF9JlvMKQ35LLk9lP/89CYpPkI9Tjb/LDYi\u002BT2BusZlHOyqrhipi5/UOUIQ2\u002B\u002BAazC712ihSNSaffpl6W/QN3HymHfTEkXNf7LiKRS07hAGYk4NBaNdw5PX0DAeQ\u002BIwA8="
    },
    {
      "RequestUri": "http://seanmcccanary3.file.core.windows.net/test-share-d688b8c9-241f-27a0-b63e-aaa02cbb6e17/test-directory-4e28b31c-cd93-dea4-05b5-65998be8b9eb/test-file-cd384ded-d0af-b913-5940-2d84020d9949",
      "RequestMethod": "GET",
      "RequestHeaders": {
        "Accept": "application/xml",
        "Authorization": "Sanitized",
        "User-Agent": "azsdk-net-Storage.Files.Shares/12.9.0-alpha.20210921.1 (.NET Framework 4.8.4300.0; Microsoft Windows 10.0.19043 )",
        "x-ms-client-request-id": "573e607e-9f9b-7864-0ecb-7fe4f5ba665c",
        "x-ms-date": "Tue, 21 Sep 2021 19:49:20 GMT",
        "x-ms-range": "bytes=862-989",
        "x-ms-return-client-request-id": "true",
        "x-ms-version": "2020-12-06"
      },
      "RequestBody": null,
      "StatusCode": 206,
      "ResponseHeaders": {
        "Accept-Ranges": "bytes",
        "Content-Length": "128",
        "Content-Range": "bytes 862-989/1024",
        "Content-Type": "application/octet-stream",
        "Date": "Tue, 21 Sep 2021 19:49:20 GMT",
        "ETag": "\u00220x8D97D38E728F22B\u0022",
        "Last-Modified": "Tue, 21 Sep 2021 19:49:19 GMT",
        "Server": "Windows-Azure-File/1.0 Microsoft-HTTPAPI/2.0",
        "x-ms-client-request-id": "573e607e-9f9b-7864-0ecb-7fe4f5ba665c",
        "x-ms-file-attributes": "Archive",
        "x-ms-file-change-time": "2021-09-21T19:49:19.8187489Z",
        "x-ms-file-creation-time": "2021-09-21T19:49:19.8187489Z",
        "x-ms-file-id": "11529285414812647424",
        "x-ms-file-last-write-time": "2021-09-21T19:49:19.8187489Z",
        "x-ms-file-parent-id": "13835128424026341376",
        "x-ms-file-permission-key": "4010187179898695473*11459378189709739967",
        "x-ms-lease-state": "available",
        "x-ms-lease-status": "unlocked",
        "x-ms-request-id": "9739a3cb-301a-0010-5421-af1faa000000",
        "x-ms-server-encrypted": "true",
        "x-ms-type": "File",
        "x-ms-version": "2020-12-06"
      },
      "ResponseBody": "B0F5Dd60Y6q5X9b9fv\u002BWPqh\u002BG4cLxjlSU5DtCFe87kLIlUuRPzM61dSKXS6hEdFgqYLRkWw4A0AHJrpOx1pT/XCTNOm0BP51Q0aygWkLsUK\u002BjF/U6l3WkJEKihl47A16N1\u002B9Dd3orKSDXE4mhYLX/HR4kDr7fhISvaNYqXrl/FY="
    },
    {
      "RequestUri": "http://seanmcccanary3.file.core.windows.net/test-share-d688b8c9-241f-27a0-b63e-aaa02cbb6e17/test-directory-4e28b31c-cd93-dea4-05b5-65998be8b9eb/test-file-cd384ded-d0af-b913-5940-2d84020d9949",
      "RequestMethod": "GET",
      "RequestHeaders": {
        "Accept": "application/xml",
        "Authorization": "Sanitized",
        "User-Agent": "azsdk-net-Storage.Files.Shares/12.9.0-alpha.20210921.1 (.NET Framework 4.8.4300.0; Microsoft Windows 10.0.19043 )",
        "x-ms-client-request-id": "236c0bca-61e7-988b-3150-7a1670fb2c64",
        "x-ms-date": "Tue, 21 Sep 2021 19:49:20 GMT",
        "x-ms-range": "bytes=990-1117",
        "x-ms-return-client-request-id": "true",
        "x-ms-version": "2020-12-06"
      },
      "RequestBody": null,
      "StatusCode": 206,
      "ResponseHeaders": {
        "Accept-Ranges": "bytes",
        "Content-Length": "34",
        "Content-Range": "bytes 990-1023/1024",
        "Content-Type": "application/octet-stream",
        "Date": "Tue, 21 Sep 2021 19:49:20 GMT",
        "ETag": "\u00220x8D97D38E728F22B\u0022",
        "Last-Modified": "Tue, 21 Sep 2021 19:49:19 GMT",
        "Server": "Windows-Azure-File/1.0 Microsoft-HTTPAPI/2.0",
        "x-ms-client-request-id": "236c0bca-61e7-988b-3150-7a1670fb2c64",
        "x-ms-file-attributes": "Archive",
        "x-ms-file-change-time": "2021-09-21T19:49:19.8187489Z",
        "x-ms-file-creation-time": "2021-09-21T19:49:19.8187489Z",
        "x-ms-file-id": "11529285414812647424",
        "x-ms-file-last-write-time": "2021-09-21T19:49:19.8187489Z",
        "x-ms-file-parent-id": "13835128424026341376",
        "x-ms-file-permission-key": "4010187179898695473*11459378189709739967",
        "x-ms-lease-state": "available",
        "x-ms-lease-status": "unlocked",
        "x-ms-request-id": "9739a3cc-301a-0010-5521-af1faa000000",
        "x-ms-server-encrypted": "true",
        "x-ms-type": "File",
        "x-ms-version": "2020-12-06"
      },
      "ResponseBody": "ODhKCk2jZNbgulGOD68KDjONpABc03\u002B4TKpQOZACKp5f9w=="
    },
    {
      "RequestUri": "http://seanmcccanary3.file.core.windows.net/test-share-d688b8c9-241f-27a0-b63e-aaa02cbb6e17?restype=share",
      "RequestMethod": "DELETE",
      "RequestHeaders": {
        "Accept": "application/xml",
        "Authorization": "Sanitized",
        "traceparent": "00-5e197c88f410994b85fc197f8f45fa46-e6cf557e78ac604d-00",
        "User-Agent": "azsdk-net-Storage.Files.Shares/12.9.0-alpha.20210921.1 (.NET Framework 4.8.4300.0; Microsoft Windows 10.0.19043 )",
        "x-ms-client-request-id": "e91a8711-434d-f674-0bce-3c59616b0d93",
        "x-ms-date": "Tue, 21 Sep 2021 19:49:20 GMT",
        "x-ms-delete-snapshots": "include",
        "x-ms-return-client-request-id": "true",
        "x-ms-version": "2020-12-06"
      },
      "RequestBody": null,
      "StatusCode": 202,
      "ResponseHeaders": {
        "Content-Length": "0",
        "Date": "Tue, 21 Sep 2021 19:49:20 GMT",
        "Server": "Windows-Azure-File/1.0 Microsoft-HTTPAPI/2.0",
        "x-ms-client-request-id": "e91a8711-434d-f674-0bce-3c59616b0d93",
        "x-ms-request-id": "9739a3cd-301a-0010-5621-af1faa000000",
        "x-ms-version": "2020-12-06"
      },
      "ResponseBody": []
    }
  ],
  "Variables": {
    "RandomSeed": "647107518",
    "Storage_TestConfigDefault": "ProductionTenant\nseanmcccanary3\nU2FuaXRpemVk\nhttp://seanmcccanary3.blob.core.windows.net\nhttp://seanmcccanary3.file.core.windows.net\nhttp://seanmcccanary3.queue.core.windows.net\nhttp://seanmcccanary3.table.core.windows.net\n\n\n\n\nhttp://seanmcccanary3-secondary.blob.core.windows.net\nhttp://seanmcccanary3-secondary.file.core.windows.net\nhttp://seanmcccanary3-secondary.queue.core.windows.net\nhttp://seanmcccanary3-secondary.table.core.windows.net\n\nSanitized\n\n\nCloud\nBlobEndpoint=http://seanmcccanary3.blob.core.windows.net/;QueueEndpoint=http://seanmcccanary3.queue.core.windows.net/;FileEndpoint=http://seanmcccanary3.file.core.windows.net/;BlobSecondaryEndpoint=http://seanmcccanary3-secondary.blob.core.windows.net/;QueueSecondaryEndpoint=http://seanmcccanary3-secondary.queue.core.windows.net/;FileSecondaryEndpoint=http://seanmcccanary3-secondary.file.core.windows.net/;AccountName=seanmcccanary3;AccountKey=Kg==;\n[encryption scope]\n\n"
  }
}