{
  "Entries": [
    {
      "RequestUri": "https://seanmcccanary3.file.core.windows.net/test-share-c170af4a-b469-4b54-c2c5-f2dd64e6f8e2?restype=share",
      "RequestMethod": "PUT",
      "RequestHeaders": {
        "Accept": "application/xml",
        "Authorization": "Sanitized",
        "traceparent": "00-b2e745e721dd3b40a529365c1d51f8d9-5f652487ee532441-00",
        "User-Agent": [
          "azsdk-net-Storage.Files.Shares/12.7.0-alpha.20210121.1",
          "(.NET 5.0.2; Microsoft Windows 10.0.19042)"
        ],
        "x-ms-client-request-id": "dae43261-d56b-16bc-8d51-2674e8e0cfee",
        "x-ms-date": "Thu, 21 Jan 2021 20:40:14 GMT",
        "x-ms-return-client-request-id": "true",
        "x-ms-version": "2020-04-08"
      },
      "RequestBody": null,
      "StatusCode": 201,
      "ResponseHeaders": {
        "Content-Length": "0",
        "Date": "Thu, 21 Jan 2021 20:40:13 GMT",
        "ETag": "\u00220x8D8BE4CC14E104C\u0022",
        "Last-Modified": "Thu, 21 Jan 2021 20:40:14 GMT",
        "Server": [
          "Windows-Azure-File/1.0",
          "Microsoft-HTTPAPI/2.0"
        ],
        "x-ms-client-request-id": "dae43261-d56b-16bc-8d51-2674e8e0cfee",
        "x-ms-request-id": "4c945b19-e01a-003c-5835-f0f305000000",
        "x-ms-version": "2020-04-08"
      },
      "ResponseBody": []
    },
    {
      "RequestUri": "https://seanmcccanary3.file.core.windows.net/test-share-c170af4a-b469-4b54-c2c5-f2dd64e6f8e2/test-directory-9e74a1bc-e812-c1c7-b5f3-44b9a23f7152?restype=directory",
      "RequestMethod": "PUT",
      "RequestHeaders": {
        "Accept": "application/xml",
        "Authorization": "Sanitized",
        "traceparent": "00-58b4d22696dd7841922482b7f7362faf-97d824bbd5a4554c-00",
        "User-Agent": [
          "azsdk-net-Storage.Files.Shares/12.7.0-alpha.20210121.1",
          "(.NET 5.0.2; Microsoft Windows 10.0.19042)"
        ],
        "x-ms-client-request-id": "385923e0-00fb-79c8-6b23-24789103734d",
        "x-ms-date": "Thu, 21 Jan 2021 20:40:14 GMT",
        "x-ms-file-attributes": "None",
        "x-ms-file-creation-time": "Now",
        "x-ms-file-last-write-time": "Now",
        "x-ms-file-permission": "Inherit",
        "x-ms-return-client-request-id": "true",
        "x-ms-version": "2020-04-08"
      },
      "RequestBody": null,
      "StatusCode": 201,
      "ResponseHeaders": {
        "Content-Length": "0",
        "Date": "Thu, 21 Jan 2021 20:40:13 GMT",
        "ETag": "\u00220x8D8BE4CC1581324\u0022",
        "Last-Modified": "Thu, 21 Jan 2021 20:40:14 GMT",
        "Server": [
          "Windows-Azure-File/1.0",
          "Microsoft-HTTPAPI/2.0"
        ],
        "x-ms-client-request-id": "385923e0-00fb-79c8-6b23-24789103734d",
        "x-ms-file-attributes": "Directory",
        "x-ms-file-change-time": "2021-01-21T20:40:14.3491876Z",
        "x-ms-file-creation-time": "2021-01-21T20:40:14.3491876Z",
        "x-ms-file-id": "13835128424026341376",
        "x-ms-file-last-write-time": "2021-01-21T20:40:14.3491876Z",
        "x-ms-file-parent-id": "0",
        "x-ms-file-permission-key": "17860367565182308406*11459378189709739967",
        "x-ms-request-id": "4c945b1c-e01a-003c-5935-f0f305000000",
        "x-ms-request-server-encrypted": "true",
        "x-ms-version": "2020-04-08"
      },
      "ResponseBody": []
    },
    {
      "RequestUri": "https://seanmcccanary3.file.core.windows.net/test-share-c170af4a-b469-4b54-c2c5-f2dd64e6f8e2/test-directory-9e74a1bc-e812-c1c7-b5f3-44b9a23f7152/test-file-0c9ff8a3-1b37-667c-0e47-cb7d010bd127",
      "RequestMethod": "PUT",
      "RequestHeaders": {
        "Accept": "application/xml",
        "Authorization": "Sanitized",
        "traceparent": "00-f1367bc655adce45a056025f2daaf687-045b62126a4d7147-00",
        "User-Agent": [
          "azsdk-net-Storage.Files.Shares/12.7.0-alpha.20210121.1",
          "(.NET 5.0.2; Microsoft Windows 10.0.19042)"
        ],
        "x-ms-client-request-id": "3631b456-8f05-c46c-db46-3f94ab957646",
        "x-ms-content-length": "1024",
        "x-ms-date": "Thu, 21 Jan 2021 20:40:14 GMT",
        "x-ms-file-attributes": "None",
        "x-ms-file-creation-time": "Now",
        "x-ms-file-last-write-time": "Now",
        "x-ms-file-permission": "Inherit",
        "x-ms-return-client-request-id": "true",
        "x-ms-type": "file",
        "x-ms-version": "2020-04-08"
      },
      "RequestBody": null,
      "StatusCode": 201,
      "ResponseHeaders": {
        "Content-Length": "0",
        "Date": "Thu, 21 Jan 2021 20:40:13 GMT",
        "ETag": "\u00220x8D8BE4CC1622716\u0022",
        "Last-Modified": "Thu, 21 Jan 2021 20:40:14 GMT",
        "Server": [
          "Windows-Azure-File/1.0",
          "Microsoft-HTTPAPI/2.0"
        ],
        "x-ms-client-request-id": "3631b456-8f05-c46c-db46-3f94ab957646",
        "x-ms-file-attributes": "Archive",
        "x-ms-file-change-time": "2021-01-21T20:40:14.4152342Z",
        "x-ms-file-creation-time": "2021-01-21T20:40:14.4152342Z",
        "x-ms-file-id": "11529285414812647424",
        "x-ms-file-last-write-time": "2021-01-21T20:40:14.4152342Z",
        "x-ms-file-parent-id": "13835128424026341376",
        "x-ms-file-permission-key": "4010187179898695473*11459378189709739967",
        "x-ms-request-id": "4c945b1e-e01a-003c-5a35-f0f305000000",
        "x-ms-request-server-encrypted": "true",
        "x-ms-version": "2020-04-08"
      },
      "ResponseBody": []
    },
    {
      "RequestUri": "https://seanmcccanary3.file.core.windows.net/test-share-c170af4a-b469-4b54-c2c5-f2dd64e6f8e2/test-directory-9e74a1bc-e812-c1c7-b5f3-44b9a23f7152/test-file-0c9ff8a3-1b37-667c-0e47-cb7d010bd127?comp=range",
      "RequestMethod": "PUT",
      "RequestHeaders": {
        "Accept": "application/xml",
        "Authorization": "Sanitized",
        "Content-Length": "1024",
        "Content-Type": "application/octet-stream",
        "traceparent": "00-ae5feeb4ebcb5d4993f102792b144b59-f87eb0c086faa64b-00",
        "User-Agent": [
          "azsdk-net-Storage.Files.Shares/12.7.0-alpha.20210121.1",
          "(.NET 5.0.2; Microsoft Windows 10.0.19042)"
        ],
        "x-ms-client-request-id": "4c270cbb-9ad9-5321-7b9d-3801825018de",
        "x-ms-date": "Thu, 21 Jan 2021 20:40:14 GMT",
        "x-ms-range": "bytes=0-1023",
        "x-ms-return-client-request-id": "true",
        "x-ms-version": "2020-04-08",
        "x-ms-write": "update"
      },
      "RequestBody": "39RN0GSd7J4r\u002BUaZH6VfMF\u002Bn2H7mOFYlTwLG3/j\u002B6VQFe0KMN8M4Qje6DQG6LlrFw/QY6ir1Z6d\u002BJ4Fh1w2lLRDxk6Ni0vicbpVHKytUayCoABsE5f8qEBObDg9C1msqFeDxyZq2Y/D7e3uUrjx7KbxgudbxoUcQx4OQx8ToWpgqHBVKY6KG8p0rCGmElWHWH\u002BVT4hyVOHSY4AEWJZwsEiHiapEmMMYa2cc4xpjdjDIiuafelXd7lOShsoKgb8wB//VHoSvQsO4fOAhVXHLbu1TP9Gz0TX2pZtWshX5DeWr6N8ajleoHUQm4v1xvJThxxfcu0XtgDLF4njtVIytw27\u002BeWyWrOCVpyKJjPI0gOkCcO7\u002BHFajvmisUK/evsS3eSOSd0coTxY3RxAnY/c8kV2P6uOhr6MYWrsD5lg0tuhd1hPSpg2h2iXUytVCfF51b8NOTtPhFcl8ehyIJGS9/pAryYnjbetT7hC9zOTJ1d5cjnqY6mQUeLxKUi/tGbHBGshFFrbQlgHX\u002BmDDI0jksqA\u002BK5nqIRQoF0zNlRu/YtBi\u002BLIYgMMnj/h4wOwDUVVzYZ\u002BPsu4b1vW0HP9qAvzmGJuQYCqWzDHhGp\u002BdcWAoJMX3Wjd4M7PmRyW8ZGPDvYj/kqhQcu0u3JVtqpRSemGVi/g5dqTFbejnrhkE2mfOHVkSoeK717HUxH2eCoUbk8zAKthrhkrkNiC/aMTUKgIxo4k/Q9iC2bBGZK4nK2NjzBpMQK\u002BLYpsOKmu9\u002BG7s/Jp7bGr73FPwQU0oJSGYvQrBX5yuh\u002BlWpjzyLRVswOFFWWQXr774Z/PGXANiYz15dW1c/JzOPnixJMoqCa8\u002Bg3xv4su5hRFPyPes5Cvl9EMDeLukD8REdxrvYob0zl5Ai9iG9nxxv\u002BxcETelIVpMzzCHJpD3mnO0J2\u002BwziKKWvqVbFxTXv3CjbjLS/6Qn1XAnpdWcafNSPFkzs8QwPHJ0bo5D7T9/WwywJjUKE51I4QZ8C\u002BPN\u002BVSyCNu6owysczLAXZAV4\u002BcxqErI60O\u002BSCi869G\u002BtDCPp3Q6keVjxLf/A7MCSrYMM/0eS2OZBA4Q9L\u002Bz/rg67r4CMLUc21ICzeOTyOeQu/1xr7jTn2nM9qJmKZ0lsMX\u002BxRX0ABkB8FerG32ABTwmgDnCQU8AZ05VNjoTtrG13RwelAPSnLrkcL9gKITrS/BmP6ljY252/V3Gnsre7jmm9T1hYnE4VON\u002B3dGPoD7KaupKrHYHUXqtp5elDP7wBYKFuTJGiel\u002BLuvF5YWd5lwf\u002BzPfk0HCnqTDs7rZkkfljdhPCuYMhOEAy36LQmz1EME6hhDKEXFAwhuOgtUvpJuj31esTtx2EndR38fDN1w3zg==",
      "StatusCode": 201,
      "ResponseHeaders": {
        "Content-Length": "0",
        "Content-MD5": "kkhp5k26\u002BYBytV6kPHEVrA==",
        "Date": "Thu, 21 Jan 2021 20:40:13 GMT",
        "ETag": "\u00220x8D8BE4CC16A8D0C\u0022",
        "Last-Modified": "Thu, 21 Jan 2021 20:40:14 GMT",
        "Server": [
          "Windows-Azure-File/1.0",
          "Microsoft-HTTPAPI/2.0"
        ],
        "x-ms-client-request-id": "4c270cbb-9ad9-5321-7b9d-3801825018de",
        "x-ms-request-id": "4c945b1f-e01a-003c-5b35-f0f305000000",
        "x-ms-request-server-encrypted": "true",
        "x-ms-version": "2020-04-08"
      },
      "ResponseBody": []
    },
    {
      "RequestUri": "https://seanmcccanary3.file.core.windows.net/test-share-c170af4a-b469-4b54-c2c5-f2dd64e6f8e2/test-directory-9e74a1bc-e812-c1c7-b5f3-44b9a23f7152/test-file-0c9ff8a3-1b37-667c-0e47-cb7d010bd127",
      "RequestMethod": "HEAD",
      "RequestHeaders": {
        "Accept": "application/xml",
        "Authorization": "Sanitized",
        "traceparent": "00-c91e0857f205ee42a2760544f31a94ec-c77754cfde34194d-00",
        "User-Agent": [
          "azsdk-net-Storage.Files.Shares/12.7.0-alpha.20210121.1",
          "(.NET 5.0.2; Microsoft Windows 10.0.19042)"
        ],
        "x-ms-client-request-id": "9fd9ad89-296d-726c-7f8d-d35dea845fc3",
        "x-ms-date": "Thu, 21 Jan 2021 20:40:14 GMT",
        "x-ms-return-client-request-id": "true",
        "x-ms-version": "2020-04-08"
      },
      "RequestBody": null,
      "StatusCode": 200,
      "ResponseHeaders": {
        "Content-Length": "1024",
        "Content-Type": "application/octet-stream",
        "Date": "Thu, 21 Jan 2021 20:40:14 GMT",
        "ETag": "\u00220x8D8BE4CC16A8D0C\u0022",
        "Last-Modified": "Thu, 21 Jan 2021 20:40:14 GMT",
        "Server": [
          "Windows-Azure-File/1.0",
          "Microsoft-HTTPAPI/2.0"
        ],
        "Vary": "Origin",
        "x-ms-client-request-id": "9fd9ad89-296d-726c-7f8d-d35dea845fc3",
        "x-ms-file-attributes": "Archive",
        "x-ms-file-change-time": "2021-01-21T20:40:14.4702732Z",
        "x-ms-file-creation-time": "2021-01-21T20:40:14.4152342Z",
        "x-ms-file-id": "11529285414812647424",
        "x-ms-file-last-write-time": "2021-01-21T20:40:14.4702732Z",
        "x-ms-file-parent-id": "13835128424026341376",
        "x-ms-file-permission-key": "4010187179898695473*11459378189709739967",
        "x-ms-lease-state": "available",
        "x-ms-lease-status": "unlocked",
        "x-ms-request-id": "4c945b20-e01a-003c-5c35-f0f305000000",
        "x-ms-server-encrypted": "true",
        "x-ms-type": "File",
        "x-ms-version": "2020-04-08"
      },
      "ResponseBody": []
    },
    {
      "RequestUri": "https://seanmcccanary3.file.core.windows.net/test-share-c170af4a-b469-4b54-c2c5-f2dd64e6f8e2/test-directory-9e74a1bc-e812-c1c7-b5f3-44b9a23f7152/test-file-0c9ff8a3-1b37-667c-0e47-cb7d010bd127",
      "RequestMethod": "GET",
      "RequestHeaders": {
        "Accept": "application/xml",
        "Authorization": "Sanitized",
        "User-Agent": [
          "azsdk-net-Storage.Files.Shares/12.7.0-alpha.20210121.1",
          "(.NET 5.0.2; Microsoft Windows 10.0.19042)"
        ],
        "x-ms-client-request-id": "d578a87a-7976-f870-c5b1-890e696748aa",
        "x-ms-date": "Thu, 21 Jan 2021 20:40:14 GMT",
        "x-ms-range": "bytes=0-127",
        "x-ms-range-get-content-md5": "false",
        "x-ms-return-client-request-id": "true",
        "x-ms-version": "2020-04-08"
      },
      "RequestBody": null,
      "StatusCode": 206,
      "ResponseHeaders": {
        "Accept-Ranges": "bytes",
        "Content-Length": "128",
        "Content-Range": "bytes 0-127/1024",
        "Content-Type": "application/octet-stream",
        "Date": "Thu, 21 Jan 2021 20:40:14 GMT",
        "ETag": "\u00220x8D8BE4CC16A8D0C\u0022",
        "Last-Modified": "Thu, 21 Jan 2021 20:40:14 GMT",
        "Server": [
          "Windows-Azure-File/1.0",
          "Microsoft-HTTPAPI/2.0"
        ],
        "Vary": "Origin",
        "x-ms-client-request-id": "d578a87a-7976-f870-c5b1-890e696748aa",
        "x-ms-file-attributes": "Archive",
        "x-ms-file-change-time": "2021-01-21T20:40:14.4702732Z",
        "x-ms-file-creation-time": "2021-01-21T20:40:14.4152342Z",
        "x-ms-file-id": "11529285414812647424",
        "x-ms-file-last-write-time": "2021-01-21T20:40:14.4702732Z",
        "x-ms-file-parent-id": "13835128424026341376",
        "x-ms-file-permission-key": "4010187179898695473*11459378189709739967",
        "x-ms-lease-state": "available",
        "x-ms-lease-status": "unlocked",
        "x-ms-request-id": "4c945b21-e01a-003c-5d35-f0f305000000",
        "x-ms-server-encrypted": "true",
        "x-ms-type": "File",
        "x-ms-version": "2020-04-08"
      },
      "ResponseBody": "39RN0GSd7J4r\u002BUaZH6VfMF\u002Bn2H7mOFYlTwLG3/j\u002B6VQFe0KMN8M4Qje6DQG6LlrFw/QY6ir1Z6d\u002BJ4Fh1w2lLRDxk6Ni0vicbpVHKytUayCoABsE5f8qEBObDg9C1msqFeDxyZq2Y/D7e3uUrjx7KbxgudbxoUcQx4OQx8ToWpg="
    },
    {
      "RequestUri": "https://seanmcccanary3.file.core.windows.net/test-share-c170af4a-b469-4b54-c2c5-f2dd64e6f8e2/test-directory-9e74a1bc-e812-c1c7-b5f3-44b9a23f7152/test-file-0c9ff8a3-1b37-667c-0e47-cb7d010bd127",
      "RequestMethod": "GET",
      "RequestHeaders": {
        "Accept": "application/xml",
        "Authorization": "Sanitized",
        "User-Agent": [
          "azsdk-net-Storage.Files.Shares/12.7.0-alpha.20210121.1",
          "(.NET 5.0.2; Microsoft Windows 10.0.19042)"
        ],
        "x-ms-client-request-id": "42e22531-890b-494c-4884-aa7429e715df",
        "x-ms-date": "Thu, 21 Jan 2021 20:40:14 GMT",
        "x-ms-range": "bytes=128-255",
        "x-ms-range-get-content-md5": "false",
        "x-ms-return-client-request-id": "true",
        "x-ms-version": "2020-04-08"
      },
      "RequestBody": null,
      "StatusCode": 206,
      "ResponseHeaders": {
        "Accept-Ranges": "bytes",
        "Content-Length": "128",
        "Content-Range": "bytes 128-255/1024",
        "Content-Type": "application/octet-stream",
        "Date": "Thu, 21 Jan 2021 20:40:14 GMT",
        "ETag": "\u00220x8D8BE4CC16A8D0C\u0022",
        "Last-Modified": "Thu, 21 Jan 2021 20:40:14 GMT",
        "Server": [
          "Windows-Azure-File/1.0",
          "Microsoft-HTTPAPI/2.0"
        ],
        "Vary": "Origin",
        "x-ms-client-request-id": "42e22531-890b-494c-4884-aa7429e715df",
        "x-ms-file-attributes": "Archive",
        "x-ms-file-change-time": "2021-01-21T20:40:14.4702732Z",
        "x-ms-file-creation-time": "2021-01-21T20:40:14.4152342Z",
        "x-ms-file-id": "11529285414812647424",
        "x-ms-file-last-write-time": "2021-01-21T20:40:14.4702732Z",
        "x-ms-file-parent-id": "13835128424026341376",
        "x-ms-file-permission-key": "4010187179898695473*11459378189709739967",
        "x-ms-lease-state": "available",
        "x-ms-lease-status": "unlocked",
        "x-ms-request-id": "4c945b22-e01a-003c-5e35-f0f305000000",
        "x-ms-server-encrypted": "true",
        "x-ms-type": "File",
        "x-ms-version": "2020-04-08"
      },
      "ResponseBody": "KhwVSmOihvKdKwhphJVh1h/lU\u002BIclTh0mOABFiWcLBIh4mqRJjDGGtnHOMaY3YwyIrmn3pV3e5TkobKCoG/MAf/1R6Er0LDuHzgIVVxy27tUz/Rs9E19qWbVrIV\u002BQ3lq\u002BjfGo5XqB1EJuL9cbyU4ccX3LtF7YAyxeJ47VSMrcNs="
    },
    {
      "RequestUri": "https://seanmcccanary3.file.core.windows.net/test-share-c170af4a-b469-4b54-c2c5-f2dd64e6f8e2/test-directory-9e74a1bc-e812-c1c7-b5f3-44b9a23f7152/test-file-0c9ff8a3-1b37-667c-0e47-cb7d010bd127",
      "RequestMethod": "GET",
      "RequestHeaders": {
        "Accept": "application/xml",
        "Authorization": "Sanitized",
        "User-Agent": [
          "azsdk-net-Storage.Files.Shares/12.7.0-alpha.20210121.1",
          "(.NET 5.0.2; Microsoft Windows 10.0.19042)"
        ],
        "x-ms-client-request-id": "43dd02b6-0685-679e-131d-f4cc08f5abcf",
        "x-ms-date": "Thu, 21 Jan 2021 20:40:14 GMT",
        "x-ms-range": "bytes=256-383",
        "x-ms-range-get-content-md5": "false",
        "x-ms-return-client-request-id": "true",
        "x-ms-version": "2020-04-08"
      },
      "RequestBody": null,
      "StatusCode": 206,
      "ResponseHeaders": {
        "Accept-Ranges": "bytes",
        "Content-Length": "128",
        "Content-Range": "bytes 256-383/1024",
        "Content-Type": "application/octet-stream",
        "Date": "Thu, 21 Jan 2021 20:40:14 GMT",
        "ETag": "\u00220x8D8BE4CC16A8D0C\u0022",
        "Last-Modified": "Thu, 21 Jan 2021 20:40:14 GMT",
        "Server": [
          "Windows-Azure-File/1.0",
          "Microsoft-HTTPAPI/2.0"
        ],
        "Vary": "Origin",
        "x-ms-client-request-id": "43dd02b6-0685-679e-131d-f4cc08f5abcf",
        "x-ms-file-attributes": "Archive",
        "x-ms-file-change-time": "2021-01-21T20:40:14.4702732Z",
        "x-ms-file-creation-time": "2021-01-21T20:40:14.4152342Z",
        "x-ms-file-id": "11529285414812647424",
        "x-ms-file-last-write-time": "2021-01-21T20:40:14.4702732Z",
        "x-ms-file-parent-id": "13835128424026341376",
        "x-ms-file-permission-key": "4010187179898695473*11459378189709739967",
        "x-ms-lease-state": "available",
        "x-ms-lease-status": "unlocked",
        "x-ms-request-id": "4c945b23-e01a-003c-5f35-f0f305000000",
        "x-ms-server-encrypted": "true",
        "x-ms-type": "File",
        "x-ms-version": "2020-04-08"
      },
      "ResponseBody": "v55bJas4JWnIomM8jSA6QJw7v4cVqO\u002BaKxQr96\u002BxLd5I5J3RyhPFjdHECdj9zyRXY/q46GvoxhauwPmWDS26F3WE9KmDaHaJdTK1UJ8XnVvw05O0\u002BEVyXx6HIgkZL3\u002BkCvJieNt61PuEL3M5MnV3lyOepjqZBR4vEpSL\u002B0ZscEY="
    },
    {
      "RequestUri": "https://seanmcccanary3.file.core.windows.net/test-share-c170af4a-b469-4b54-c2c5-f2dd64e6f8e2/test-directory-9e74a1bc-e812-c1c7-b5f3-44b9a23f7152/test-file-0c9ff8a3-1b37-667c-0e47-cb7d010bd127",
      "RequestMethod": "GET",
      "RequestHeaders": {
        "Accept": "application/xml",
        "Authorization": "Sanitized",
        "User-Agent": [
          "azsdk-net-Storage.Files.Shares/12.7.0-alpha.20210121.1",
          "(.NET 5.0.2; Microsoft Windows 10.0.19042)"
        ],
        "x-ms-client-request-id": "27bec897-d10a-a55a-d630-04742b90bf47",
        "x-ms-date": "Thu, 21 Jan 2021 20:40:15 GMT",
        "x-ms-range": "bytes=384-511",
        "x-ms-range-get-content-md5": "false",
        "x-ms-return-client-request-id": "true",
        "x-ms-version": "2020-04-08"
      },
      "RequestBody": null,
      "StatusCode": 206,
      "ResponseHeaders": {
        "Accept-Ranges": "bytes",
        "Content-Length": "128",
        "Content-Range": "bytes 384-511/1024",
        "Content-Type": "application/octet-stream",
        "Date": "Thu, 21 Jan 2021 20:40:14 GMT",
        "ETag": "\u00220x8D8BE4CC16A8D0C\u0022",
        "Last-Modified": "Thu, 21 Jan 2021 20:40:14 GMT",
        "Server": [
          "Windows-Azure-File/1.0",
          "Microsoft-HTTPAPI/2.0"
        ],
        "Vary": "Origin",
        "x-ms-client-request-id": "27bec897-d10a-a55a-d630-04742b90bf47",
        "x-ms-file-attributes": "Archive",
        "x-ms-file-change-time": "2021-01-21T20:40:14.4702732Z",
        "x-ms-file-creation-time": "2021-01-21T20:40:14.4152342Z",
        "x-ms-file-id": "11529285414812647424",
        "x-ms-file-last-write-time": "2021-01-21T20:40:14.4702732Z",
        "x-ms-file-parent-id": "13835128424026341376",
        "x-ms-file-permission-key": "4010187179898695473*11459378189709739967",
        "x-ms-lease-state": "available",
        "x-ms-lease-status": "unlocked",
        "x-ms-request-id": "4c945b24-e01a-003c-6035-f0f305000000",
        "x-ms-server-encrypted": "true",
        "x-ms-type": "File",
        "x-ms-version": "2020-04-08"
      },
      "ResponseBody": "shFFrbQlgHX\u002BmDDI0jksqA\u002BK5nqIRQoF0zNlRu/YtBi\u002BLIYgMMnj/h4wOwDUVVzYZ\u002BPsu4b1vW0HP9qAvzmGJuQYCqWzDHhGp\u002BdcWAoJMX3Wjd4M7PmRyW8ZGPDvYj/kqhQcu0u3JVtqpRSemGVi/g5dqTFbejnrhkE2mfOHVkQ="
    },
    {
      "RequestUri": "https://seanmcccanary3.file.core.windows.net/test-share-c170af4a-b469-4b54-c2c5-f2dd64e6f8e2/test-directory-9e74a1bc-e812-c1c7-b5f3-44b9a23f7152/test-file-0c9ff8a3-1b37-667c-0e47-cb7d010bd127",
      "RequestMethod": "GET",
      "RequestHeaders": {
        "Accept": "application/xml",
        "Authorization": "Sanitized",
        "User-Agent": [
          "azsdk-net-Storage.Files.Shares/12.7.0-alpha.20210121.1",
          "(.NET 5.0.2; Microsoft Windows 10.0.19042)"
        ],
        "x-ms-client-request-id": "4035a2f5-8437-73c5-1d27-c01ade81e638",
        "x-ms-date": "Thu, 21 Jan 2021 20:40:15 GMT",
        "x-ms-range": "bytes=512-639",
        "x-ms-range-get-content-md5": "false",
        "x-ms-return-client-request-id": "true",
        "x-ms-version": "2020-04-08"
      },
      "RequestBody": null,
      "StatusCode": 206,
      "ResponseHeaders": {
        "Accept-Ranges": "bytes",
        "Content-Length": "128",
        "Content-Range": "bytes 512-639/1024",
        "Content-Type": "application/octet-stream",
        "Date": "Thu, 21 Jan 2021 20:40:14 GMT",
        "ETag": "\u00220x8D8BE4CC16A8D0C\u0022",
        "Last-Modified": "Thu, 21 Jan 2021 20:40:14 GMT",
        "Server": [
          "Windows-Azure-File/1.0",
          "Microsoft-HTTPAPI/2.0"
        ],
        "Vary": "Origin",
        "x-ms-client-request-id": "4035a2f5-8437-73c5-1d27-c01ade81e638",
        "x-ms-file-attributes": "Archive",
        "x-ms-file-change-time": "2021-01-21T20:40:14.4702732Z",
        "x-ms-file-creation-time": "2021-01-21T20:40:14.4152342Z",
        "x-ms-file-id": "11529285414812647424",
        "x-ms-file-last-write-time": "2021-01-21T20:40:14.4702732Z",
        "x-ms-file-parent-id": "13835128424026341376",
        "x-ms-file-permission-key": "4010187179898695473*11459378189709739967",
        "x-ms-lease-state": "available",
        "x-ms-lease-status": "unlocked",
        "x-ms-request-id": "4c945b25-e01a-003c-6135-f0f305000000",
        "x-ms-server-encrypted": "true",
        "x-ms-type": "File",
        "x-ms-version": "2020-04-08"
      },
      "ResponseBody": "qHiu9ex1MR9ngqFG5PMwCrYa4ZK5DYgv2jE1CoCMaOJP0PYgtmwRmSuJytjY8waTECvi2KbDiprvfhu7Pyae2xq\u002B9xT8EFNKCUhmL0KwV\u002BcrofpVqY88i0VbMDhRVlkF6\u002B\u002B\u002BGfzxlwDYmM9eXVtXPyczj54sSTKKgmvPoN8b\u002BLI="
    },
    {
      "RequestUri": "https://seanmcccanary3.file.core.windows.net/test-share-c170af4a-b469-4b54-c2c5-f2dd64e6f8e2/test-directory-9e74a1bc-e812-c1c7-b5f3-44b9a23f7152/test-file-0c9ff8a3-1b37-667c-0e47-cb7d010bd127",
      "RequestMethod": "GET",
      "RequestHeaders": {
        "Accept": "application/xml",
        "Authorization": "Sanitized",
        "User-Agent": [
          "azsdk-net-Storage.Files.Shares/12.7.0-alpha.20210121.1",
          "(.NET 5.0.2; Microsoft Windows 10.0.19042)"
        ],
        "x-ms-client-request-id": "887e2034-7e5a-7210-8863-8c02957cf48b",
        "x-ms-date": "Thu, 21 Jan 2021 20:40:15 GMT",
        "x-ms-range": "bytes=640-767",
        "x-ms-range-get-content-md5": "false",
        "x-ms-return-client-request-id": "true",
        "x-ms-version": "2020-04-08"
      },
      "RequestBody": null,
      "StatusCode": 206,
      "ResponseHeaders": {
        "Accept-Ranges": "bytes",
        "Content-Length": "128",
        "Content-Range": "bytes 640-767/1024",
        "Content-Type": "application/octet-stream",
        "Date": "Thu, 21 Jan 2021 20:40:14 GMT",
        "ETag": "\u00220x8D8BE4CC16A8D0C\u0022",
        "Last-Modified": "Thu, 21 Jan 2021 20:40:14 GMT",
        "Server": [
          "Windows-Azure-File/1.0",
          "Microsoft-HTTPAPI/2.0"
        ],
        "Vary": "Origin",
        "x-ms-client-request-id": "887e2034-7e5a-7210-8863-8c02957cf48b",
        "x-ms-file-attributes": "Archive",
        "x-ms-file-change-time": "2021-01-21T20:40:14.4702732Z",
        "x-ms-file-creation-time": "2021-01-21T20:40:14.4152342Z",
        "x-ms-file-id": "11529285414812647424",
        "x-ms-file-last-write-time": "2021-01-21T20:40:14.4702732Z",
        "x-ms-file-parent-id": "13835128424026341376",
        "x-ms-file-permission-key": "4010187179898695473*11459378189709739967",
        "x-ms-lease-state": "available",
        "x-ms-lease-status": "unlocked",
        "x-ms-request-id": "4c945b26-e01a-003c-6235-f0f305000000",
        "x-ms-server-encrypted": "true",
        "x-ms-type": "File",
        "x-ms-version": "2020-04-08"
      },
      "ResponseBody": "7mFEU/I96zkK\u002BX0QwN4u6QPxER3Gu9ihvTOXkCL2Ib2fHG/7FwRN6UhWkzPMIcmkPeac7Qnb7DOIopa\u002BpVsXFNe/cKNuMtL/pCfVcCel1Zxp81I8WTOzxDA8cnRujkPtP39bDLAmNQoTnUjhBnwL4835VLII27qjDKxzMsBdkBU="
    },
    {
      "RequestUri": "https://seanmcccanary3.file.core.windows.net/test-share-c170af4a-b469-4b54-c2c5-f2dd64e6f8e2/test-directory-9e74a1bc-e812-c1c7-b5f3-44b9a23f7152/test-file-0c9ff8a3-1b37-667c-0e47-cb7d010bd127",
      "RequestMethod": "GET",
      "RequestHeaders": {
        "Accept": "application/xml",
        "Authorization": "Sanitized",
        "User-Agent": [
          "azsdk-net-Storage.Files.Shares/12.7.0-alpha.20210121.1",
          "(.NET 5.0.2; Microsoft Windows 10.0.19042)"
        ],
        "x-ms-client-request-id": "bee51f83-5d03-ddde-ac00-94f5f025acb5",
        "x-ms-date": "Thu, 21 Jan 2021 20:40:15 GMT",
        "x-ms-range": "bytes=768-895",
        "x-ms-range-get-content-md5": "false",
        "x-ms-return-client-request-id": "true",
        "x-ms-version": "2020-04-08"
      },
      "RequestBody": null,
      "StatusCode": 206,
      "ResponseHeaders": {
        "Accept-Ranges": "bytes",
        "Content-Length": "128",
        "Content-Range": "bytes 768-895/1024",
        "Content-Type": "application/octet-stream",
        "Date": "Thu, 21 Jan 2021 20:40:14 GMT",
        "ETag": "\u00220x8D8BE4CC16A8D0C\u0022",
        "Last-Modified": "Thu, 21 Jan 2021 20:40:14 GMT",
        "Server": [
          "Windows-Azure-File/1.0",
          "Microsoft-HTTPAPI/2.0"
        ],
        "Vary": "Origin",
        "x-ms-client-request-id": "bee51f83-5d03-ddde-ac00-94f5f025acb5",
        "x-ms-file-attributes": "Archive",
        "x-ms-file-change-time": "2021-01-21T20:40:14.4702732Z",
        "x-ms-file-creation-time": "2021-01-21T20:40:14.4152342Z",
        "x-ms-file-id": "11529285414812647424",
        "x-ms-file-last-write-time": "2021-01-21T20:40:14.4702732Z",
        "x-ms-file-parent-id": "13835128424026341376",
        "x-ms-file-permission-key": "4010187179898695473*11459378189709739967",
        "x-ms-lease-state": "available",
        "x-ms-lease-status": "unlocked",
        "x-ms-request-id": "4c945b27-e01a-003c-6335-f0f305000000",
        "x-ms-server-encrypted": "true",
        "x-ms-type": "File",
        "x-ms-version": "2020-04-08"
      },
      "ResponseBody": "4\u002BcxqErI60O\u002BSCi869G\u002BtDCPp3Q6keVjxLf/A7MCSrYMM/0eS2OZBA4Q9L\u002Bz/rg67r4CMLUc21ICzeOTyOeQu/1xr7jTn2nM9qJmKZ0lsMX\u002BxRX0ABkB8FerG32ABTwmgDnCQU8AZ05VNjoTtrG13RwelAPSnLrkcL9gKITrS/A="
    },
    {
      "RequestUri": "https://seanmcccanary3.file.core.windows.net/test-share-c170af4a-b469-4b54-c2c5-f2dd64e6f8e2/test-directory-9e74a1bc-e812-c1c7-b5f3-44b9a23f7152/test-file-0c9ff8a3-1b37-667c-0e47-cb7d010bd127",
      "RequestMethod": "GET",
      "RequestHeaders": {
        "Accept": "application/xml",
        "Authorization": "Sanitized",
        "User-Agent": [
          "azsdk-net-Storage.Files.Shares/12.7.0-alpha.20210121.1",
          "(.NET 5.0.2; Microsoft Windows 10.0.19042)"
        ],
        "x-ms-client-request-id": "757e5f46-3696-8788-6431-98c249958755",
        "x-ms-date": "Thu, 21 Jan 2021 20:40:15 GMT",
        "x-ms-range": "bytes=896-1023",
        "x-ms-range-get-content-md5": "false",
        "x-ms-return-client-request-id": "true",
        "x-ms-version": "2020-04-08"
      },
      "RequestBody": null,
      "StatusCode": 206,
      "ResponseHeaders": {
        "Accept-Ranges": "bytes",
        "Content-Length": "128",
        "Content-Range": "bytes 896-1023/1024",
        "Content-Type": "application/octet-stream",
        "Date": "Thu, 21 Jan 2021 20:40:14 GMT",
        "ETag": "\u00220x8D8BE4CC16A8D0C\u0022",
        "Last-Modified": "Thu, 21 Jan 2021 20:40:14 GMT",
        "Server": [
          "Windows-Azure-File/1.0",
          "Microsoft-HTTPAPI/2.0"
        ],
        "Vary": "Origin",
        "x-ms-client-request-id": "757e5f46-3696-8788-6431-98c249958755",
        "x-ms-file-attributes": "Archive",
        "x-ms-file-change-time": "2021-01-21T20:40:14.4702732Z",
        "x-ms-file-creation-time": "2021-01-21T20:40:14.4152342Z",
        "x-ms-file-id": "11529285414812647424",
        "x-ms-file-last-write-time": "2021-01-21T20:40:14.4702732Z",
        "x-ms-file-parent-id": "13835128424026341376",
        "x-ms-file-permission-key": "4010187179898695473*11459378189709739967",
        "x-ms-lease-state": "available",
        "x-ms-lease-status": "unlocked",
        "x-ms-request-id": "4c945b28-e01a-003c-6435-f0f305000000",
        "x-ms-server-encrypted": "true",
        "x-ms-type": "File",
        "x-ms-version": "2020-04-08"
      },
      "ResponseBody": "Zj\u002BpY2Nudv1dxp7K3u45pvU9YWJxOFTjft3Rj6A\u002BymrqSqx2B1F6raeXpQz\u002B8AWChbkyRonpfi7rxeWFneZcH/sz35NBwp6kw7O62ZJH5Y3YTwrmDIThAMt\u002Bi0Js9RDBOoYQyhFxQMIbjoLVL6Sbo99XrE7cdhJ3Ud/HwzdcN84="
    },
    {
      "RequestUri": "https://seanmcccanary3.file.core.windows.net/test-share-c170af4a-b469-4b54-c2c5-f2dd64e6f8e2?restype=share",
      "RequestMethod": "DELETE",
      "RequestHeaders": {
        "Accept": "application/xml",
        "Authorization": "Sanitized",
        "traceparent": "00-979885cd1b7a8a49932c0c0980da6fad-a11c9db12e61b34d-00",
        "User-Agent": [
          "azsdk-net-Storage.Files.Shares/12.7.0-alpha.20210121.1",
          "(.NET 5.0.2; Microsoft Windows 10.0.19042)"
        ],
        "x-ms-client-request-id": "90af93f8-36a6-bf1e-06d2-afafc71c0cff",
        "x-ms-date": "Thu, 21 Jan 2021 20:40:15 GMT",
        "x-ms-delete-snapshots": "include",
        "x-ms-return-client-request-id": "true",
        "x-ms-version": "2020-04-08"
      },
      "RequestBody": null,
      "StatusCode": 202,
      "ResponseHeaders": {
        "Content-Length": "0",
        "Date": "Thu, 21 Jan 2021 20:40:14 GMT",
        "Server": [
          "Windows-Azure-File/1.0",
          "Microsoft-HTTPAPI/2.0"
        ],
        "x-ms-client-request-id": "90af93f8-36a6-bf1e-06d2-afafc71c0cff",
        "x-ms-request-id": "4c945b29-e01a-003c-6535-f0f305000000",
        "x-ms-version": "2020-04-08"
      },
      "ResponseBody": []
    }
  ],
  "Variables": {
    "RandomSeed": "2098567580",
    "Storage_TestConfigDefault": "ProductionTenant\nseanmcccanary3\nU2FuaXRpemVk\nhttps://seanmcccanary3.blob.core.windows.net\nhttps://seanmcccanary3.file.core.windows.net\nhttps://seanmcccanary3.queue.core.windows.net\nhttps://seanmcccanary3.table.core.windows.net\n\n\n\n\nhttps://seanmcccanary3-secondary.blob.core.windows.net\nhttps://seanmcccanary3-secondary.file.core.windows.net\nhttps://seanmcccanary3-secondary.queue.core.windows.net\nhttps://seanmcccanary3-secondary.table.core.windows.net\n\nSanitized\n\n\nCloud\nBlobEndpoint=https://seanmcccanary3.blob.core.windows.net/;QueueEndpoint=https://seanmcccanary3.queue.core.windows.net/;FileEndpoint=https://seanmcccanary3.file.core.windows.net/;BlobSecondaryEndpoint=https://seanmcccanary3-secondary.blob.core.windows.net/;QueueSecondaryEndpoint=https://seanmcccanary3-secondary.queue.core.windows.net/;FileSecondaryEndpoint=https://seanmcccanary3-secondary.file.core.windows.net/;AccountName=seanmcccanary3;AccountKey=Kg==;\nseanscope1"
  }
}