{
  "Entries": [
    {
      "RequestUri": "https://oauthfilerest3.file.core.windows.net/test-share-d529bd85-2e0a-6649-0e95-813190ce6ab7?restype=share",
      "RequestMethod": "PUT",
      "RequestHeaders": {
        "Accept": "application/xml",
        "Authorization": "Sanitized",
        "traceparent": "00-b136c299c1143f8626f79320c5267467-3f1b77c69f6b2cc7-00",
        "User-Agent": [
          "azsdk-net-Storage.Files.Shares/12.9.0-alpha.20220126.1",
          "(.NET 6.0.1; Microsoft Windows 10.0.19044)"
        ],
        "x-ms-client-request-id": "d12a6461-2c6c-ca1f-b558-ab10bd7a9764",
        "x-ms-file-request-intent": "backup",
        "x-ms-return-client-request-id": "true",
        "x-ms-version": "2021-06-08"
      },
      "RequestBody": null,
      "StatusCode": 201,
      "ResponseHeaders": {
        "Content-Length": "0",
        "Date": "Thu, 27 Jan 2022 02:37:57 GMT",
        "ETag": "\u00220x8D9E13E07503328\u0022",
        "Last-Modified": "Thu, 27 Jan 2022 02:37:57 GMT",
        "Server": [
          "Windows-Azure-File/1.0",
          "Microsoft-HTTPAPI/2.0"
        ],
        "x-ms-client-request-id": "d12a6461-2c6c-ca1f-b558-ab10bd7a9764",
        "x-ms-request-id": "de9db2cf-d01a-002c-7126-132fd5000000",
        "x-ms-version": "2021-06-08"
      },
      "ResponseBody": []
    },
    {
      "RequestUri": "https://oauthfilerest3.file.core.windows.net/test-share-d529bd85-2e0a-6649-0e95-813190ce6ab7/test-directory-aab5b51f-6c89-acb0-2111-77736e42372a?restype=directory",
      "RequestMethod": "PUT",
      "RequestHeaders": {
        "Accept": "application/xml",
        "Authorization": "Sanitized",
        "traceparent": "00-3ed54aa748aa651d9aaa46f9cf989b92-8bb23e4127b204e4-00",
        "User-Agent": [
          "azsdk-net-Storage.Files.Shares/12.9.0-alpha.20220126.1",
          "(.NET 6.0.1; Microsoft Windows 10.0.19044)"
        ],
        "x-ms-client-request-id": "79e65bff-c22e-f5ea-b37e-b05bb4ab5b73",
        "x-ms-file-attributes": "None",
        "x-ms-file-creation-time": "Now",
        "x-ms-file-last-write-time": "Now",
        "x-ms-file-permission": "Inherit",
        "x-ms-file-request-intent": "backup",
        "x-ms-return-client-request-id": "true",
        "x-ms-version": "2021-06-08"
      },
      "RequestBody": null,
      "StatusCode": 201,
      "ResponseHeaders": {
        "Content-Length": "0",
        "Date": "Thu, 27 Jan 2022 02:37:57 GMT",
        "ETag": "\u00220x8D9E13E0759E2CF\u0022",
        "Last-Modified": "Thu, 27 Jan 2022 02:37:57 GMT",
        "Server": [
          "Windows-Azure-File/1.0",
          "Microsoft-HTTPAPI/2.0"
        ],
        "x-ms-client-request-id": "79e65bff-c22e-f5ea-b37e-b05bb4ab5b73",
        "x-ms-file-attributes": "Directory",
        "x-ms-file-change-time": "2022-01-27T02:37:57.7189071Z",
        "x-ms-file-creation-time": "2022-01-27T02:37:57.7189071Z",
        "x-ms-file-id": "13835128424026341376",
        "x-ms-file-last-write-time": "2022-01-27T02:37:57.7189071Z",
        "x-ms-file-parent-id": "0",
        "x-ms-file-permission-key": "15786088493850344481*12954698658981292968",
        "x-ms-request-id": "de9db2d1-d01a-002c-7226-132fd5000000",
        "x-ms-request-server-encrypted": "true",
        "x-ms-version": "2021-06-08"
      },
      "ResponseBody": []
    },
    {
      "RequestUri": "https://oauthfilerest3.file.core.windows.net/test-share-d529bd85-2e0a-6649-0e95-813190ce6ab7/test-directory-aab5b51f-6c89-acb0-2111-77736e42372a/test-directory-b0e68121-6bab-86c0-6b0e-4f8ca2357e94",
      "RequestMethod": "PUT",
      "RequestHeaders": {
        "Accept": "application/xml",
        "Authorization": "Sanitized",
        "traceparent": "00-9d75735963fb05dc35d40baa241dcdb5-45c71ac4f5a6ef37-00",
        "User-Agent": [
          "azsdk-net-Storage.Files.Shares/12.9.0-alpha.20220126.1",
          "(.NET 6.0.1; Microsoft Windows 10.0.19044)"
        ],
        "x-ms-client-request-id": "ab5a57a1-a9a5-9438-9a60-0d20725e527e",
        "x-ms-content-length": "1024",
        "x-ms-file-attributes": "None",
        "x-ms-file-creation-time": "Now",
        "x-ms-file-last-write-time": "Now",
        "x-ms-file-permission": "Inherit",
        "x-ms-file-request-intent": "backup",
        "x-ms-return-client-request-id": "true",
        "x-ms-type": "file",
        "x-ms-version": "2021-06-08"
      },
      "RequestBody": null,
      "StatusCode": 201,
      "ResponseHeaders": {
        "Content-Length": "0",
        "Date": "Thu, 27 Jan 2022 02:37:57 GMT",
        "ETag": "\u00220x8D9E13E0763303E\u0022",
        "Last-Modified": "Thu, 27 Jan 2022 02:37:57 GMT",
        "Server": [
          "Windows-Azure-File/1.0",
          "Microsoft-HTTPAPI/2.0"
        ],
        "x-ms-client-request-id": "ab5a57a1-a9a5-9438-9a60-0d20725e527e",
        "x-ms-file-attributes": "Archive",
        "x-ms-file-change-time": "2022-01-27T02:37:57.7798718Z",
        "x-ms-file-creation-time": "2022-01-27T02:37:57.7798718Z",
        "x-ms-file-id": "11529285414812647424",
        "x-ms-file-last-write-time": "2022-01-27T02:37:57.7798718Z",
        "x-ms-file-parent-id": "13835128424026341376",
        "x-ms-file-permission-key": "1975036839435879206*12954698658981292968",
        "x-ms-request-id": "de9db2d2-d01a-002c-7326-132fd5000000",
        "x-ms-request-server-encrypted": "true",
        "x-ms-version": "2021-06-08"
      },
      "ResponseBody": []
    },
    {
      "RequestUri": "https://oauthfilerest3.file.core.windows.net/test-share-d529bd85-2e0a-6649-0e95-813190ce6ab7/test-directory-aab5b51f-6c89-acb0-2111-77736e42372a/test-directory-b0e68121-6bab-86c0-6b0e-4f8ca2357e94?comp=lease",
      "RequestMethod": "PUT",
      "RequestHeaders": {
        "Accept": "application/xml",
        "Authorization": "Sanitized",
        "traceparent": "00-21b599808bdafbb0b3b1d050773fac21-2c51206a3aeda545-00",
        "User-Agent": [
          "azsdk-net-Storage.Files.Shares/12.9.0-alpha.20220126.1",
          "(.NET 6.0.1; Microsoft Windows 10.0.19044)"
        ],
        "x-ms-client-request-id": "cc26fa87-d14b-5977-3ff7-25251b66a1ff",
        "x-ms-file-request-intent": "backup",
        "x-ms-lease-action": "acquire",
        "x-ms-lease-duration": "-1",
        "x-ms-proposed-lease-id": "20a41bff-4737-6317-867f-8ed1f29a9e7c",
        "x-ms-return-client-request-id": "true",
        "x-ms-version": "2021-06-08"
      },
      "RequestBody": null,
      "StatusCode": 201,
      "ResponseHeaders": {
        "Date": "Thu, 27 Jan 2022 02:37:57 GMT",
        "ETag": "\u00220x8D9E13E0763303E\u0022",
        "Last-Modified": "Thu, 27 Jan 2022 02:37:57 GMT",
        "Server": [
          "Windows-Azure-File/1.0",
          "Microsoft-HTTPAPI/2.0"
        ],
        "Transfer-Encoding": "chunked",
        "x-ms-client-request-id": "cc26fa87-d14b-5977-3ff7-25251b66a1ff",
        "x-ms-lease-id": "20a41bff-4737-6317-867f-8ed1f29a9e7c",
        "x-ms-request-id": "de9db2d5-d01a-002c-7626-132fd5000000",
        "x-ms-version": "2021-06-08"
      },
      "ResponseBody": []
    },
    {
      "RequestUri": "https://oauthfilerest3.file.core.windows.net/test-share-d529bd85-2e0a-6649-0e95-813190ce6ab7/test-directory-aab5b51f-6c89-acb0-2111-77736e42372a/test-directory-b0e68121-6bab-86c0-6b0e-4f8ca2357e94?comp=lease",
      "RequestMethod": "PUT",
      "RequestHeaders": {
        "Accept": "application/xml",
        "Authorization": "Sanitized",
        "traceparent": "00-b66a6b6b5ab00b024a98dc0c9432cbc0-05374348e2e18760-00",
        "User-Agent": [
          "azsdk-net-Storage.Files.Shares/12.9.0-alpha.20220126.1",
          "(.NET 6.0.1; Microsoft Windows 10.0.19044)"
        ],
        "x-ms-client-request-id": "f84ac98a-d274-4a31-2992-0be3adcaf1f5",
        "x-ms-file-request-intent": "backup",
        "x-ms-lease-action": "release",
        "x-ms-lease-id": "20a41bff-4737-6317-867f-8ed1f29a9e7c",
        "x-ms-return-client-request-id": "true",
        "x-ms-version": "2021-06-08"
      },
      "RequestBody": null,
      "StatusCode": 200,
      "ResponseHeaders": {
        "Date": "Thu, 27 Jan 2022 02:37:57 GMT",
        "ETag": "\u00220x8D9E13E0763303E\u0022",
        "Last-Modified": "Thu, 27 Jan 2022 02:37:57 GMT",
        "Server": [
          "Windows-Azure-File/1.0",
          "Microsoft-HTTPAPI/2.0"
        ],
        "Transfer-Encoding": "chunked",
        "x-ms-client-request-id": "f84ac98a-d274-4a31-2992-0be3adcaf1f5",
        "x-ms-request-id": "de9db2d6-d01a-002c-7726-132fd5000000",
        "x-ms-version": "2021-06-08"
      },
      "ResponseBody": []
    },
    {
      "RequestUri": "https://oauthfilerest3.file.core.windows.net/test-share-d529bd85-2e0a-6649-0e95-813190ce6ab7?restype=share",
      "RequestMethod": "DELETE",
      "RequestHeaders": {
        "Accept": "application/xml",
        "Authorization": "Sanitized",
        "traceparent": "00-1ae4c61c8406e3084d54395d36fbb462-ad320b72ba2132f7-00",
        "User-Agent": [
          "azsdk-net-Storage.Files.Shares/12.9.0-alpha.20220126.1",
          "(.NET 6.0.1; Microsoft Windows 10.0.19044)"
        ],
        "x-ms-client-request-id": "519a7a44-a91c-ef8b-60b9-a7dffbbf7f62",
        "x-ms-delete-snapshots": "include",
        "x-ms-return-client-request-id": "true",
        "x-ms-version": "2021-06-08"
      },
      "RequestBody": null,
      "StatusCode": 202,
      "ResponseHeaders": {
        "Content-Length": "0",
        "Date": "Thu, 27 Jan 2022 02:37:57 GMT",
        "Server": [
          "Windows-Azure-File/1.0",
          "Microsoft-HTTPAPI/2.0"
        ],
        "x-ms-client-request-id": "519a7a44-a91c-ef8b-60b9-a7dffbbf7f62",
        "x-ms-request-id": "de9db2d8-d01a-002c-7926-132fd5000000",
        "x-ms-version": "2021-06-08"
      },
      "ResponseBody": []
    }
  ],
  "Variables": {
    "RandomSeed": "1752305484",
    "Storage_TestConfigOAuth": "OAuthTenant\noauthfilerest3\nU2FuaXRpemVk\nhttps://oauthfilerest3.blob.core.windows.net\nhttps://oauthfilerest3.file.core.windows.net\nhttp://oauthfilerest3.queue.core.windows.net\nhttp://oauthfilerest3.table.core.windows.net\n\n\n\n\nhttp://oauthfilerest3-secondary.blob.core.windows.net\nhttp://oauthfilerest3-secondary.file.core.windows.net\nhttp://oauthfilerest3-secondary.queue.core.windows.net\nhttp://oauthfilerest3-secondary.table.core.windows.net\ndc57b189-cd6a-485e-beb1-dd71492b0a92\nSanitized\n922923f3-36c9-4663-b1d7-68e670802ae1\nhttps://login.microsoftonline.com/\nCloud\nBlobEndpoint=https://oauthfilerest3.blob.core.windows.net/;QueueEndpoint=http://oauthfilerest3.queue.core.windows.net/;FileEndpoint=https://oauthfilerest3.file.core.windows.net/;BlobSecondaryEndpoint=http://oauthfilerest3-secondary.blob.core.windows.net/;QueueSecondaryEndpoint=http://oauthfilerest3-secondary.queue.core.windows.net/;FileSecondaryEndpoint=http://oauthfilerest3-secondary.file.core.windows.net/;AccountName=oauthfilerest3;AccountKey=Sanitized\n\njaschrep\n25c81a3f-c3f0-41c0-8453-4f699167c22d"
  }
}