{
  "Entries": [
    {
      "RequestUri": "https://712xscnapby3pev55a.file.preprod.core.windows.net/test-share-29aaf7ca-82d4-9a94-a586-d411dd62b5cc?restype=share",
      "RequestMethod": "PUT",
      "RequestHeaders": {
        "Accept": "application/xml",
        "Authorization": "Sanitized",
        "traceparent": "00-035b5d7b0ce54147b5b5817995a0493d-2e762ea194f0ba45-00",
        "User-Agent": [
          "azsdk-net-Storage.Files.Shares/12.9.0-alpha.20211029.1",
          "(.NET 5.0.11; Microsoft Windows 10.0.19043)"
        ],
        "x-ms-client-request-id": "1bc5a5fe-b1d7-1fa6-01ea-c1a4d445af63",
        "x-ms-date": "Fri, 29 Oct 2021 19:40:29 GMT",
        "x-ms-return-client-request-id": "true",
        "x-ms-version": "2021-04-10"
      },
      "RequestBody": null,
      "StatusCode": 201,
      "ResponseHeaders": {
        "Date": "Fri, 29 Oct 2021 19:40:29 GMT",
        "ETag": "\u00220x8D99B13F6EF8391\u0022",
        "Last-Modified": "Fri, 29 Oct 2021 19:40:29 GMT",
        "Transfer-Encoding": "chunked",
        "x-ms-client-request-id": "1bc5a5fe-b1d7-1fa6-01ea-c1a4d445af63",
        "x-ms-request-id": "d8bf64ec-901a-0009-76fc-cc22b6000000",
        "x-ms-version": "2021-04-10"
      },
      "ResponseBody": []
    },
    {
      "RequestUri": "https://712xscnapby3pev55a.file.preprod.core.windows.net/test-share-29aaf7ca-82d4-9a94-a586-d411dd62b5cc/test-directory-bce233bc-0121-5a20-e737-adc540457ece?restype=directory",
      "RequestMethod": "PUT",
      "RequestHeaders": {
        "Accept": "application/xml",
        "Authorization": "Sanitized",
        "traceparent": "00-c8c06944423a53429125e446801211ad-c8a2e87b18af2640-00",
        "User-Agent": [
          "azsdk-net-Storage.Files.Shares/12.9.0-alpha.20211029.1",
          "(.NET 5.0.11; Microsoft Windows 10.0.19043)"
        ],
        "x-ms-client-request-id": "e792de5f-e0f4-fc99-846b-339f03e0debb",
        "x-ms-date": "Fri, 29 Oct 2021 19:40:29 GMT",
        "x-ms-file-attributes": "None",
        "x-ms-file-creation-time": "Now",
        "x-ms-file-last-write-time": "Now",
        "x-ms-file-permission": "Inherit",
        "x-ms-return-client-request-id": "true",
        "x-ms-version": "2021-04-10"
      },
      "RequestBody": null,
      "StatusCode": 201,
      "ResponseHeaders": {
        "Date": "Fri, 29 Oct 2021 19:40:30 GMT",
        "ETag": "\u00220x8D99B13F701B5E1\u0022",
        "Last-Modified": "Fri, 29 Oct 2021 19:40:30 GMT",
        "Transfer-Encoding": "chunked",
        "x-ms-client-request-id": "e792de5f-e0f4-fc99-846b-339f03e0debb",
        "x-ms-file-attributes": "Directory",
        "x-ms-file-change-time": "2021-10-29T19:40:30.0404193Z",
        "x-ms-file-creation-time": "2021-10-29T19:40:30.0404193Z",
        "x-ms-file-id": "13835128424026341376",
        "x-ms-file-last-write-time": "2021-10-29T19:40:30.0404193Z",
        "x-ms-file-parent-id": "0",
        "x-ms-file-permission-key": "15110104144358886944*6706197617703823457",
        "x-ms-request-id": "d8bf64ee-901a-0009-77fc-cc22b6000000",
        "x-ms-request-server-encrypted": "false",
        "x-ms-version": "2021-04-10"
      },
      "ResponseBody": []
    },
    {
      "RequestUri": "https://712xscnapby3pev55a.file.preprod.core.windows.net/test-share-29aaf7ca-82d4-9a94-a586-d411dd62b5cc/test-directory-bce233bc-0121-5a20-e737-adc540457ece/test-file-b9baf36b-7732-22c6-3e91-d15c8affac7d",
      "RequestMethod": "PUT",
      "RequestHeaders": {
        "Accept": "application/xml",
        "Authorization": "Sanitized",
        "traceparent": "00-04fd1b9ebe0f334b9c6ee1865202f88a-087b506bf65b7f4f-00",
        "User-Agent": [
          "azsdk-net-Storage.Files.Shares/12.9.0-alpha.20211029.1",
          "(.NET 5.0.11; Microsoft Windows 10.0.19043)"
        ],
        "x-ms-client-request-id": "bbb5bbe6-e5af-e704-1870-a9630f3c7284",
        "x-ms-content-length": "1024",
        "x-ms-date": "Fri, 29 Oct 2021 19:40:29 GMT",
        "x-ms-file-attributes": "None",
        "x-ms-file-creation-time": "Now",
        "x-ms-file-last-write-time": "Now",
        "x-ms-file-permission": "Inherit",
        "x-ms-return-client-request-id": "true",
        "x-ms-type": "file",
        "x-ms-version": "2021-04-10"
      },
      "RequestBody": null,
      "StatusCode": 201,
      "ResponseHeaders": {
        "Date": "Fri, 29 Oct 2021 19:40:30 GMT",
        "ETag": "\u00220x8D99B13F70E86EA\u0022",
        "Last-Modified": "Fri, 29 Oct 2021 19:40:30 GMT",
        "Transfer-Encoding": "chunked",
        "x-ms-client-request-id": "bbb5bbe6-e5af-e704-1870-a9630f3c7284",
        "x-ms-file-attributes": "Archive",
        "x-ms-file-change-time": "2021-10-29T19:40:30.1244138Z",
        "x-ms-file-creation-time": "2021-10-29T19:40:30.1244138Z",
        "x-ms-file-id": "11529285414812647424",
        "x-ms-file-last-write-time": "2021-10-29T19:40:30.1244138Z",
        "x-ms-file-parent-id": "13835128424026341376",
        "x-ms-file-permission-key": "13773932323712163591*6706197617703823457",
        "x-ms-request-id": "d8bf64ef-901a-0009-78fc-cc22b6000000",
        "x-ms-request-server-encrypted": "false",
        "x-ms-version": "2021-04-10"
      },
      "ResponseBody": []
    },
    {
      "RequestUri": "https://712xscnapby3pev55a.file.preprod.core.windows.net/test-share-29aaf7ca-82d4-9a94-a586-d411dd62b5cc/test-directory-8c06b6be-7c7a-d408-19b1-381bc394bbe8?restype=directory",
      "RequestMethod": "PUT",
      "RequestHeaders": {
        "Accept": "application/xml",
        "Authorization": "Sanitized",
        "traceparent": "00-e64eb76834cc314eb8e1b369d52c816c-1f176a3fd1164545-00",
        "User-Agent": [
          "azsdk-net-Storage.Files.Shares/12.9.0-alpha.20211029.1",
          "(.NET 5.0.11; Microsoft Windows 10.0.19043)"
        ],
        "x-ms-client-request-id": "b0722fa4-c24f-6a90-b3e0-a1feace82483",
        "x-ms-date": "Fri, 29 Oct 2021 19:40:29 GMT",
        "x-ms-file-attributes": "None",
        "x-ms-file-creation-time": "Now",
        "x-ms-file-last-write-time": "Now",
        "x-ms-file-permission": "Inherit",
        "x-ms-return-client-request-id": "true",
        "x-ms-version": "2021-04-10"
      },
      "RequestBody": null,
      "StatusCode": 201,
      "ResponseHeaders": {
        "Date": "Fri, 29 Oct 2021 19:40:30 GMT",
        "ETag": "\u00220x8D99B13F718E762\u0022",
        "Last-Modified": "Fri, 29 Oct 2021 19:40:30 GMT",
        "Transfer-Encoding": "chunked",
        "x-ms-client-request-id": "b0722fa4-c24f-6a90-b3e0-a1feace82483",
        "x-ms-file-attributes": "Directory",
        "x-ms-file-change-time": "2021-10-29T19:40:30.1924194Z",
        "x-ms-file-creation-time": "2021-10-29T19:40:30.1924194Z",
        "x-ms-file-id": "16140971433240035328",
        "x-ms-file-last-write-time": "2021-10-29T19:40:30.1924194Z",
        "x-ms-file-parent-id": "0",
        "x-ms-file-permission-key": "15110104144358886944*6706197617703823457",
        "x-ms-request-id": "d8bf64f0-901a-0009-79fc-cc22b6000000",
        "x-ms-request-server-encrypted": "false",
        "x-ms-version": "2021-04-10"
      },
      "ResponseBody": []
    },
    {
      "RequestUri": "https://712xscnapby3pev55a.file.preprod.core.windows.net/test-share-29aaf7ca-82d4-9a94-a586-d411dd62b5cc/test-directory-8c06b6be-7c7a-d408-19b1-381bc394bbe8/test-file-4820c1b4-a3c6-cd39-e852-19fb31c6e7a2?comp=rename",
      "RequestMethod": "PUT",
      "RequestHeaders": {
        "Accept": "application/xml",
        "Authorization": "Sanitized",
        "traceparent": "00-95b6179f0e879644ace8e550570e07ed-4b52fc1cc35c9749-00",
        "User-Agent": [
          "azsdk-net-Storage.Files.Shares/12.9.0-alpha.20211029.1",
          "(.NET 5.0.11; Microsoft Windows 10.0.19043)"
        ],
        "x-ms-client-request-id": "2c8dc65a-b256-007e-f5a5-c7fda99438ec",
        "x-ms-date": "Fri, 29 Oct 2021 19:40:29 GMT",
        "x-ms-file-rename-source": "https%3A%2F%2F712xscnapby3pev55a.file.preprod.core.windows.net%2Ftest-share-29aaf7ca-82d4-9a94-a586-d411dd62b5cc%2Ftest-directory-bce233bc-0121-5a20-e737-adc540457ece%2Ftest-file-b9baf36b-7732-22c6-3e91-d15c8affac7d=",
        "x-ms-return-client-request-id": "true",
        "x-ms-version": "2021-04-10"
      },
      "RequestBody": null,
      "StatusCode": 200,
      "ResponseHeaders": {
        "Date": "Fri, 29 Oct 2021 19:40:30 GMT",
        "ETag": "\u00220x8D99B13F7239591\u0022",
        "Last-Modified": "Fri, 29 Oct 2021 19:40:30 GMT",
        "Transfer-Encoding": "chunked",
        "x-ms-client-request-id": "2c8dc65a-b256-007e-f5a5-c7fda99438ec",
        "x-ms-file-attributes": "Archive",
        "x-ms-file-change-time": "2021-10-29T19:40:30.2624145Z",
        "x-ms-file-creation-time": "2021-10-29T19:40:30.1244138Z",
        "x-ms-file-id": "11529285414812647424",
        "x-ms-file-last-write-time": "2021-10-29T19:40:30.1244138Z",
        "x-ms-file-parent-id": "16140971433240035328",
        "x-ms-file-permission-key": "13773932323712163591*6706197617703823457",
        "x-ms-request-id": "d8bf64f1-901a-0009-7afc-cc22b6000000",
        "x-ms-request-server-encrypted": "false",
        "x-ms-version": "2021-04-10"
      },
      "ResponseBody": []
    },
    {
      "RequestUri": "https://712xscnapby3pev55a.file.preprod.core.windows.net/test-share-29aaf7ca-82d4-9a94-a586-d411dd62b5cc/test-directory-8c06b6be-7c7a-d408-19b1-381bc394bbe8/test-file-4820c1b4-a3c6-cd39-e852-19fb31c6e7a2",
      "RequestMethod": "HEAD",
      "RequestHeaders": {
        "Accept": "application/xml",
        "Authorization": "Sanitized",
        "User-Agent": [
          "azsdk-net-Storage.Files.Shares/12.9.0-alpha.20211029.1",
          "(.NET 5.0.11; Microsoft Windows 10.0.19043)"
        ],
        "x-ms-client-request-id": "6ba18e4b-bb39-044c-7577-9f7c439bd7a2",
        "x-ms-date": "Fri, 29 Oct 2021 19:40:29 GMT",
        "x-ms-return-client-request-id": "true",
        "x-ms-version": "2021-04-10"
      },
      "RequestBody": null,
      "StatusCode": 200,
      "ResponseHeaders": {
        "Content-Length": "1024",
        "Content-Type": "application/octet-stream",
        "Date": "Fri, 29 Oct 2021 19:40:30 GMT",
        "ETag": "\u00220x8D99B13F7239591\u0022",
        "Last-Modified": "Fri, 29 Oct 2021 19:40:30 GMT",
        "x-ms-client-request-id": "6ba18e4b-bb39-044c-7577-9f7c439bd7a2",
        "x-ms-file-attributes": "Archive",
        "x-ms-file-change-time": "2021-10-29T19:40:30.2624145Z",
        "x-ms-file-creation-time": "2021-10-29T19:40:30.1244138Z",
        "x-ms-file-id": "11529285414812647424",
        "x-ms-file-last-write-time": "2021-10-29T19:40:30.1244138Z",
        "x-ms-file-parent-id": "16140971433240035328",
        "x-ms-file-permission-key": "13773932323712163591*6706197617703823457",
        "x-ms-lease-state": "available",
        "x-ms-lease-status": "unlocked",
        "x-ms-request-id": "d8bf64f2-901a-0009-7bfc-cc22b6000000",
        "x-ms-server-encrypted": "false",
        "x-ms-type": "File",
        "x-ms-version": "2021-04-10"
      },
      "ResponseBody": []
    },
    {
      "RequestUri": "https://712xscnapby3pev55a.file.preprod.core.windows.net/test-share-29aaf7ca-82d4-9a94-a586-d411dd62b5cc?restype=share",
      "RequestMethod": "DELETE",
      "RequestHeaders": {
        "Accept": "application/xml",
        "Authorization": "Sanitized",
        "traceparent": "00-91e2b63ad608f24c9a2e7ed734584ea0-4f3ed3e2d8f7d743-00",
        "User-Agent": [
          "azsdk-net-Storage.Files.Shares/12.9.0-alpha.20211029.1",
          "(.NET 5.0.11; Microsoft Windows 10.0.19043)"
        ],
        "x-ms-client-request-id": "1ab1ae27-cdf3-3db2-b243-43f9f0e4658d",
        "x-ms-date": "Fri, 29 Oct 2021 19:40:29 GMT",
        "x-ms-delete-snapshots": "include",
        "x-ms-return-client-request-id": "true",
        "x-ms-version": "2021-04-10"
      },
      "RequestBody": null,
      "StatusCode": 202,
      "ResponseHeaders": {
        "Date": "Fri, 29 Oct 2021 19:40:30 GMT",
        "Transfer-Encoding": "chunked",
        "x-ms-client-request-id": "1ab1ae27-cdf3-3db2-b243-43f9f0e4658d",
        "x-ms-request-id": "d8bf64f3-901a-0009-7cfc-cc22b6000000",
        "x-ms-version": "2021-04-10"
      },
      "ResponseBody": []
    }
  ],
  "Variables": {
    "RandomSeed": "718657613",
    "Storage_TestConfigDefault": "ProductionTenant\n712xscnapby3pev55a\nU2FuaXRpemVk\nhttps://712xscnapby3pev55a.blob.preprod.core.windows.net\nhttps://712xscnapby3pev55a.file.preprod.core.windows.net\nhttps://712xscnapby3pev55a.queue.core.windows.net\nhttps://712xscnapby3pev55a.table.core.windows.net\n\n\n\n\nhttps://712xscnapby3pev55a-secondary.blob.core.windows.net\nhttps://712xscnapby3pev55a-secondary.file.core.windows.net\nhttps://712xscnapby3pev55a-secondary.queue.core.windows.net\nhttps://712xscnapby3pev55a-secondary.table.core.windows.net\n\nSanitized\n\n\nCloud\nBlobEndpoint=https://712xscnapby3pev55a.blob.preprod.core.windows.net/;QueueEndpoint=https://712xscnapby3pev55a.queue.core.windows.net/;FileEndpoint=https://712xscnapby3pev55a.file.preprod.core.windows.net/;BlobSecondaryEndpoint=https://712xscnapby3pev55a-secondary.blob.core.windows.net/;QueueSecondaryEndpoint=https://712xscnapby3pev55a-secondary.queue.core.windows.net/;FileSecondaryEndpoint=https://712xscnapby3pev55a-secondary.file.core.windows.net/;AccountName=712xscnapby3pev55a;AccountKey=Kg==;\nscope-1\n\n"
  }
}