{
  "Entries": [
    {
      "RequestUri": "http://amandacanary.file.core.windows.net/test-share-d0815263-934b-0554-0bdd-decccf366100?restype=share",
      "RequestMethod": "PUT",
      "RequestHeaders": {
        "Authorization": "Sanitized",
        "traceparent": "00-dbc7793733f90144bbe2b195e6cbdfc1-b7e9dbe8d79a5f45-00",
        "User-Agent": [
          "azsdk-net-Storage.Files.Shares/12.3.0-dev.20200424.1",
          "(.NET Core 4.6.28619.01; Microsoft Windows 10.0.18363 )"
        ],
        "x-ms-client-request-id": "2df15ae9-5b81-c0e2-8129-5dc24be32ae3",
        "x-ms-date": "Sat, 25 Apr 2020 01:19:58 GMT",
        "x-ms-return-client-request-id": "true",
        "x-ms-version": "2019-12-12"
      },
      "RequestBody": null,
      "StatusCode": 201,
      "ResponseHeaders": {
        "Content-Length": "0",
        "Date": "Sat, 25 Apr 2020 01:19:58 GMT",
        "ETag": "\u00220x8D7E8B6C5519DBD\u0022",
        "Last-Modified": "Sat, 25 Apr 2020 01:19:58 GMT",
        "Server": [
          "Windows-Azure-File/1.0",
          "Microsoft-HTTPAPI/2.0"
        ],
        "x-ms-client-request-id": "2df15ae9-5b81-c0e2-8129-5dc24be32ae3",
        "x-ms-request-id": "8411e3a8-001a-007c-589f-1a0b56000000",
        "x-ms-version": "2019-12-12"
      },
      "ResponseBody": []
    },
    {
      "RequestUri": "http://amandacanary.file.core.windows.net/test-share-d0815263-934b-0554-0bdd-decccf366100/test-directory-fcd8ef24-d91e-0ff8-3079-ecf83471cdc9?restype=directory",
      "RequestMethod": "PUT",
      "RequestHeaders": {
        "Authorization": "Sanitized",
        "traceparent": "00-2ca32542bd7d3d468a1d4b9ed1ebc513-0ecedf7ff89c2740-00",
        "User-Agent": [
          "azsdk-net-Storage.Files.Shares/12.3.0-dev.20200424.1",
          "(.NET Core 4.6.28619.01; Microsoft Windows 10.0.18363 )"
        ],
        "x-ms-client-request-id": "48bf7b28-5768-0fc4-62e2-fc086eea8b10",
        "x-ms-date": "Sat, 25 Apr 2020 01:19:58 GMT",
        "x-ms-file-attributes": "None",
        "x-ms-file-creation-time": "Now",
        "x-ms-file-last-write-time": "Now",
        "x-ms-file-permission": "Inherit",
        "x-ms-return-client-request-id": "true",
        "x-ms-version": "2019-12-12"
      },
      "RequestBody": null,
      "StatusCode": 201,
      "ResponseHeaders": {
        "Content-Length": "0",
        "Date": "Sat, 25 Apr 2020 01:19:58 GMT",
        "ETag": "\u00220x8D7E8B6C55DD8AE\u0022",
        "Last-Modified": "Sat, 25 Apr 2020 01:19:58 GMT",
        "Server": [
          "Windows-Azure-File/1.0",
          "Microsoft-HTTPAPI/2.0"
        ],
        "x-ms-client-request-id": "48bf7b28-5768-0fc4-62e2-fc086eea8b10",
        "x-ms-file-attributes": "Directory",
        "x-ms-file-change-time": "2020-04-25T01:19:58.9168302Z",
        "x-ms-file-creation-time": "2020-04-25T01:19:58.9168302Z",
        "x-ms-file-id": "13835128424026341376",
        "x-ms-file-last-write-time": "2020-04-25T01:19:58.9168302Z",
        "x-ms-file-parent-id": "0",
        "x-ms-file-permission-key": "15599277547783403350*12727421398096584927",
        "x-ms-request-id": "8411e3aa-001a-007c-599f-1a0b56000000",
        "x-ms-request-server-encrypted": "true",
        "x-ms-version": "2019-12-12"
      },
      "ResponseBody": []
    },
    {
      "RequestUri": "http://amandacanary.file.core.windows.net/test-share-d0815263-934b-0554-0bdd-decccf366100/test-directory-fcd8ef24-d91e-0ff8-3079-ecf83471cdc9/test-file-5038945c-b5ff-ef9d-70f3-440525a018d1",
      "RequestMethod": "PUT",
      "RequestHeaders": {
        "Authorization": "Sanitized",
        "traceparent": "00-426b83d969b85b42bfbf0deb3ddbdb88-267b216eaf87ce40-00",
        "User-Agent": [
          "azsdk-net-Storage.Files.Shares/12.3.0-dev.20200424.1",
          "(.NET Core 4.6.28619.01; Microsoft Windows 10.0.18363 )"
        ],
        "x-ms-client-request-id": "62fba38d-6c26-7200-ddcf-d87512bfe9c2",
        "x-ms-content-length": "1048576",
        "x-ms-date": "Sat, 25 Apr 2020 01:19:58 GMT",
        "x-ms-file-attributes": "None",
        "x-ms-file-creation-time": "Now",
        "x-ms-file-last-write-time": "Now",
        "x-ms-file-permission": "Inherit",
        "x-ms-return-client-request-id": "true",
        "x-ms-type": "file",
        "x-ms-version": "2019-12-12"
      },
      "RequestBody": null,
      "StatusCode": 201,
      "ResponseHeaders": {
        "Content-Length": "0",
        "Date": "Sat, 25 Apr 2020 01:19:58 GMT",
        "ETag": "\u00220x8D7E8B6C56948C7\u0022",
        "Last-Modified": "Sat, 25 Apr 2020 01:19:58 GMT",
        "Server": [
          "Windows-Azure-File/1.0",
          "Microsoft-HTTPAPI/2.0"
        ],
        "x-ms-client-request-id": "62fba38d-6c26-7200-ddcf-d87512bfe9c2",
        "x-ms-file-attributes": "Archive",
        "x-ms-file-change-time": "2020-04-25T01:19:58.9917895Z",
        "x-ms-file-creation-time": "2020-04-25T01:19:58.9917895Z",
        "x-ms-file-id": "11529285414812647424",
        "x-ms-file-last-write-time": "2020-04-25T01:19:58.9917895Z",
        "x-ms-file-parent-id": "13835128424026341376",
        "x-ms-file-permission-key": "1729393344912377937*12727421398096584927",
        "x-ms-request-id": "8411e3ab-001a-007c-5a9f-1a0b56000000",
        "x-ms-request-server-encrypted": "true",
        "x-ms-version": "2019-12-12"
      },
      "ResponseBody": []
    },
    {
      "RequestUri": "http://amandacanary.file.core.windows.net/test-share-d0815263-934b-0554-0bdd-decccf366100/test-directory-fcd8ef24-d91e-0ff8-3079-ecf83471cdc9/test-file-5038945c-b5ff-ef9d-70f3-440525a018d1?comp=properties",
      "RequestMethod": "PUT",
      "RequestHeaders": {
        "Authorization": "Sanitized",
        "traceparent": "00-6ddb2adad0deb847857dde55998b0dc1-bccec913f271f042-00",
        "User-Agent": [
          "azsdk-net-Storage.Files.Shares/12.3.0-dev.20200424.1",
          "(.NET Core 4.6.28619.01; Microsoft Windows 10.0.18363 )"
        ],
        "x-ms-cache-control": "tafmhucmcvxsfsrkxovb",
        "x-ms-client-request-id": "8178767c-b6a4-50ab-eb5c-dce2aceb1f77",
        "x-ms-content-disposition": "vjqdcsmcyfcwrswtwqcw",
        "x-ms-content-encoding": "dlljhdhbwcxjftbjjbjo",
        "x-ms-content-language": "hynvtaalvwmgmxwkxgvy",
        "x-ms-content-md5": "tundNI8kKOhel0mEjnA77g==",
        "x-ms-content-type": "kkevhrrxqmkugnpdxopg",
        "x-ms-date": "Sat, 25 Apr 2020 01:19:59 GMT",
        "x-ms-file-attributes": "Preserve",
        "x-ms-file-creation-time": "Preserve",
        "x-ms-file-last-write-time": "Preserve",
        "x-ms-file-permission": "Preserve",
        "x-ms-return-client-request-id": "true",
        "x-ms-version": "2019-12-12"
      },
      "RequestBody": null,
      "StatusCode": 200,
      "ResponseHeaders": {
        "Content-Length": "0",
        "Date": "Sat, 25 Apr 2020 01:19:58 GMT",
        "ETag": "\u00220x8D7E8B6C574DFEE\u0022",
        "Last-Modified": "Sat, 25 Apr 2020 01:19:59 GMT",
        "Server": [
          "Windows-Azure-File/1.0",
          "Microsoft-HTTPAPI/2.0"
        ],
        "x-ms-client-request-id": "8178767c-b6a4-50ab-eb5c-dce2aceb1f77",
        "x-ms-file-attributes": "Archive",
        "x-ms-file-change-time": "2020-04-25T01:19:59.0677486Z",
        "x-ms-file-creation-time": "2020-04-25T01:19:58.9917895Z",
        "x-ms-file-id": "11529285414812647424",
        "x-ms-file-last-write-time": "2020-04-25T01:19:58.9917895Z",
        "x-ms-file-parent-id": "13835128424026341376",
        "x-ms-file-permission-key": "1729393344912377937*12727421398096584927",
        "x-ms-request-id": "8411e3ac-001a-007c-5b9f-1a0b56000000",
        "x-ms-request-server-encrypted": "true",
        "x-ms-version": "2019-12-12"
      },
      "ResponseBody": []
    },
    {
      "RequestUri": "http://amandacanary.file.core.windows.net/test-share-d0815263-934b-0554-0bdd-decccf366100/test-directory-fcd8ef24-d91e-0ff8-3079-ecf83471cdc9/test-file-5038945c-b5ff-ef9d-70f3-440525a018d1",
      "RequestMethod": "HEAD",
      "RequestHeaders": {
        "Authorization": "Sanitized",
        "traceparent": "00-7c3e7149d393274abbe6b83219452eca-658bf92b9736a44a-00",
        "User-Agent": [
          "azsdk-net-Storage.Files.Shares/12.3.0-dev.20200424.1",
          "(.NET Core 4.6.28619.01; Microsoft Windows 10.0.18363 )"
        ],
        "x-ms-client-request-id": "9cf9dd18-6846-131d-7ffa-97bef57c2b48",
        "x-ms-date": "Sat, 25 Apr 2020 01:19:59 GMT",
        "x-ms-return-client-request-id": "true",
        "x-ms-version": "2019-12-12"
      },
      "RequestBody": null,
      "StatusCode": 200,
      "ResponseHeaders": {
        "Cache-Control": "tafmhucmcvxsfsrkxovb",
        "Content-Disposition": "vjqdcsmcyfcwrswtwqcw",
        "Content-Encoding": "dlljhdhbwcxjftbjjbjo",
        "Content-Language": "hynvtaalvwmgmxwkxgvy",
        "Content-Length": "1048576",
        "Content-MD5": "tundNI8kKOhel0mEjnA77g==",
        "Content-Type": "kkevhrrxqmkugnpdxopg",
        "Date": "Sat, 25 Apr 2020 01:19:59 GMT",
        "ETag": "\u00220x8D7E8B6C574DFEE\u0022",
        "Last-Modified": "Sat, 25 Apr 2020 01:19:59 GMT",
        "Server": [
          "Windows-Azure-File/1.0",
          "Microsoft-HTTPAPI/2.0"
        ],
        "Vary": "Origin",
        "x-ms-client-request-id": "9cf9dd18-6846-131d-7ffa-97bef57c2b48",
        "x-ms-file-attributes": "Archive",
        "x-ms-file-change-time": "2020-04-25T01:19:59.0677486Z",
        "x-ms-file-creation-time": "2020-04-25T01:19:58.9917895Z",
        "x-ms-file-id": "11529285414812647424",
        "x-ms-file-last-write-time": "2020-04-25T01:19:58.9917895Z",
        "x-ms-file-parent-id": "13835128424026341376",
        "x-ms-file-permission-key": "1729393344912377937*12727421398096584927",
        "x-ms-lease-state": "available",
        "x-ms-lease-status": "unlocked",
        "x-ms-request-id": "8411e3ad-001a-007c-5c9f-1a0b56000000",
        "x-ms-server-encrypted": "true",
        "x-ms-type": "File",
        "x-ms-version": "2019-12-12"
      },
      "ResponseBody": []
    },
    {
      "RequestUri": "http://amandacanary.file.core.windows.net/test-share-d0815263-934b-0554-0bdd-decccf366100?restype=share",
      "RequestMethod": "DELETE",
      "RequestHeaders": {
        "Authorization": "Sanitized",
        "traceparent": "00-7157f2404c73d345a7a41f64aebce59f-92d0a5612edd8449-00",
        "User-Agent": [
          "azsdk-net-Storage.Files.Shares/12.3.0-dev.20200424.1",
          "(.NET Core 4.6.28619.01; Microsoft Windows 10.0.18363 )"
        ],
        "x-ms-client-request-id": "cec9388d-83f1-8130-3286-8e2f5cf4c5c9",
        "x-ms-date": "Sat, 25 Apr 2020 01:19:59 GMT",
        "x-ms-delete-snapshots": "include",
        "x-ms-return-client-request-id": "true",
        "x-ms-version": "2019-12-12"
      },
      "RequestBody": null,
      "StatusCode": 202,
      "ResponseHeaders": {
        "Content-Length": "0",
        "Date": "Sat, 25 Apr 2020 01:19:59 GMT",
        "Server": [
          "Windows-Azure-File/1.0",
          "Microsoft-HTTPAPI/2.0"
        ],
        "x-ms-client-request-id": "cec9388d-83f1-8130-3286-8e2f5cf4c5c9",
        "x-ms-request-id": "8411e3ae-001a-007c-5d9f-1a0b56000000",
        "x-ms-version": "2019-12-12"
      },
      "ResponseBody": []
    }
  ],
  "Variables": {
    "DateTimeOffsetNow": "2020-04-24T18:19:58.8032858-07:00",
    "RandomSeed": "2070666242",
    "Storage_TestConfigDefault": "ProductionTenant\namandacanary\nU2FuaXRpemVk\nhttp://amandacanary.blob.core.windows.net\nhttp://amandacanary.file.core.windows.net\nhttp://amandacanary.queue.core.windows.net\nhttp://amandacanary.table.core.windows.net\n\n\n\n\nhttp://amandacanary-secondary.blob.core.windows.net\nhttp://amandacanary-secondary.file.core.windows.net\nhttp://amandacanary-secondary.queue.core.windows.net\nhttp://amandacanary-secondary.table.core.windows.net\n\nSanitized\n\n\nCloud\nBlobEndpoint=http://amandacanary.blob.core.windows.net/;QueueEndpoint=http://amandacanary.queue.core.windows.net/;FileEndpoint=http://amandacanary.file.core.windows.net/;BlobSecondaryEndpoint=http://amandacanary-secondary.blob.core.windows.net/;QueueSecondaryEndpoint=http://amandacanary-secondary.queue.core.windows.net/;FileSecondaryEndpoint=http://amandacanary-secondary.file.core.windows.net/;AccountName=amandacanary;AccountKey=Sanitized\n\nDefaultEndpointsProtocol=https;AccountName=ortestsaccountcbn1;AccountKey=OrRfzSm3ktQSklAGiL90/QusS7SdS6Y5S/AJoxZEeyKYDtnue7OKYIMLOraTnT4xcOyhYbqzWVmtTKappcc5Fg==;EndpointSuffix=core.windows.net\nDefaultEndpointsProtocol=https;AccountName=vbalaorcentral1;AccountKey=vlHMz/LZ3Sx7r/1bdTQT26pG0tqORQ4uTIcxGhHB0LQhIhqGxfv2TXV7u\u002BI2ra4UWXrWGGHG2N6l\u002BBfb5FgAcQ==;EndpointSuffix=core.windows.net"
  }
}