{
  "Entries": [
    {
      "RequestUri": "http://seanstagetest.file.core.windows.net/test-share-9b88294b-9364-fc07-ca9a-576bb4b17bec?restype=share",
      "RequestMethod": "PUT",
      "RequestHeaders": {
        "Authorization": "Sanitized",
        "traceparent": "00-b28f7a4db828c0498a046ce1a39a8261-e17f1be9087acd4f-00",
        "User-Agent": [
          "azsdk-net-Storage.Files.Shares/12.0.0-dev.20191209.1\u002B61bda4d1783b0e05dba0d434ff14b2840726d3b1",
          "(.NET Core 4.6.28008.01; Microsoft Windows 10.0.18363 )"
        ],
        "x-ms-client-request-id": "40655f38-eb1e-4a07-9440-58aa0f9a0edf",
        "x-ms-date": "Tue, 10 Dec 2019 06:01:12 GMT",
        "x-ms-return-client-request-id": "true",
        "x-ms-version": "2019-07-07"
      },
      "RequestBody": null,
      "StatusCode": 201,
      "ResponseHeaders": {
        "Content-Length": "0",
        "Date": "Tue, 10 Dec 2019 06:01:12 GMT",
        "ETag": "\u00220x8D77D365C57506A\u0022",
        "Last-Modified": "Tue, 10 Dec 2019 06:01:12 GMT",
        "Server": [
          "Windows-Azure-File/1.0",
          "Microsoft-HTTPAPI/2.0"
        ],
        "x-ms-client-request-id": "40655f38-eb1e-4a07-9440-58aa0f9a0edf",
        "x-ms-request-id": "38a4fa05-501a-0034-5d1f-afa1f3000000",
        "x-ms-version": "2019-07-07"
      },
      "ResponseBody": []
    },
    {
      "RequestUri": "http://seanstagetest.file.core.windows.net/test-share-9b88294b-9364-fc07-ca9a-576bb4b17bec/test-directory-c7ed6b31-79f0-708d-2c73-a482df42c53d?restype=directory",
      "RequestMethod": "PUT",
      "RequestHeaders": {
        "Authorization": "Sanitized",
        "traceparent": "00-8b19cdfe2a610748b9cc437b338032ac-3f987940801cfe47-00",
        "User-Agent": [
          "azsdk-net-Storage.Files.Shares/12.0.0-dev.20191209.1\u002B61bda4d1783b0e05dba0d434ff14b2840726d3b1",
          "(.NET Core 4.6.28008.01; Microsoft Windows 10.0.18363 )"
        ],
        "x-ms-client-request-id": "cb93d4d3-d3a0-bf96-d2f5-14aa47856a51",
        "x-ms-date": "Tue, 10 Dec 2019 06:01:12 GMT",
        "x-ms-file-attributes": "None",
        "x-ms-file-creation-time": "Now",
        "x-ms-file-last-write-time": "Now",
        "x-ms-file-permission": "Inherit",
        "x-ms-return-client-request-id": "true",
        "x-ms-version": "2019-07-07"
      },
      "RequestBody": null,
      "StatusCode": 201,
      "ResponseHeaders": {
        "Content-Length": "0",
        "Date": "Tue, 10 Dec 2019 06:01:12 GMT",
        "ETag": "\u00220x8D77D365C65832B\u0022",
        "Last-Modified": "Tue, 10 Dec 2019 06:01:12 GMT",
        "Server": [
          "Windows-Azure-File/1.0",
          "Microsoft-HTTPAPI/2.0"
        ],
        "x-ms-client-request-id": "cb93d4d3-d3a0-bf96-d2f5-14aa47856a51",
        "x-ms-file-attributes": "Directory",
        "x-ms-file-change-time": "2019-12-10T06:01:12.8077099Z",
        "x-ms-file-creation-time": "2019-12-10T06:01:12.8077099Z",
        "x-ms-file-id": "13835128424026341376",
        "x-ms-file-last-write-time": "2019-12-10T06:01:12.8077099Z",
        "x-ms-file-parent-id": "0",
        "x-ms-file-permission-key": "7855875120676328179*422928105932735866",
        "x-ms-request-id": "38a4fa07-501a-0034-5e1f-afa1f3000000",
        "x-ms-request-server-encrypted": "true",
        "x-ms-version": "2019-07-07"
      },
      "ResponseBody": []
    },
    {
      "RequestUri": "http://seanstagetest.file.core.windows.net/test-share-9b88294b-9364-fc07-ca9a-576bb4b17bec/test-directory-c7ed6b31-79f0-708d-2c73-a482df42c53d/test-file-3eab1b7a-b968-f694-9d1b-abe066dbedda",
      "RequestMethod": "PUT",
      "RequestHeaders": {
        "Authorization": "Sanitized",
        "traceparent": "00-4a67852c86d25b47a2d9c1da31972d8f-a10627d774fa4446-00",
        "User-Agent": [
          "azsdk-net-Storage.Files.Shares/12.0.0-dev.20191209.1\u002B61bda4d1783b0e05dba0d434ff14b2840726d3b1",
          "(.NET Core 4.6.28008.01; Microsoft Windows 10.0.18363 )"
        ],
        "x-ms-client-request-id": "6636c1a4-c7a6-1af3-3f9c-2d8528b558f6",
        "x-ms-content-length": "1048576",
        "x-ms-date": "Tue, 10 Dec 2019 06:01:12 GMT",
        "x-ms-file-attributes": "None",
        "x-ms-file-creation-time": "Now",
        "x-ms-file-last-write-time": "Now",
        "x-ms-file-permission": "Inherit",
        "x-ms-return-client-request-id": "true",
        "x-ms-type": "file",
        "x-ms-version": "2019-07-07"
      },
      "RequestBody": null,
      "StatusCode": 201,
      "ResponseHeaders": {
        "Content-Length": "0",
        "Date": "Tue, 10 Dec 2019 06:01:12 GMT",
        "ETag": "\u00220x8D77D365C725716\u0022",
        "Last-Modified": "Tue, 10 Dec 2019 06:01:12 GMT",
        "Server": [
          "Windows-Azure-File/1.0",
          "Microsoft-HTTPAPI/2.0"
        ],
        "x-ms-client-request-id": "6636c1a4-c7a6-1af3-3f9c-2d8528b558f6",
        "x-ms-file-attributes": "Archive",
        "x-ms-file-change-time": "2019-12-10T06:01:12.8917782Z",
        "x-ms-file-creation-time": "2019-12-10T06:01:12.8917782Z",
        "x-ms-file-id": "11529285414812647424",
        "x-ms-file-last-write-time": "2019-12-10T06:01:12.8917782Z",
        "x-ms-file-parent-id": "13835128424026341376",
        "x-ms-file-permission-key": "12501538048846835188*422928105932735866",
        "x-ms-request-id": "38a4fa08-501a-0034-5f1f-afa1f3000000",
        "x-ms-request-server-encrypted": "true",
        "x-ms-version": "2019-07-07"
      },
      "ResponseBody": []
    },
    {
      "RequestUri": "http://seanstagetest.file.core.windows.net/test-share-9b88294b-9364-fc07-ca9a-576bb4b17bec/test-directory-c7ed6b31-79f0-708d-2c73-a482df42c53d/test-file-3eab1b7a-b968-f694-9d1b-abe066dbedda?comp=properties",
      "RequestMethod": "PUT",
      "RequestHeaders": {
        "Authorization": "Sanitized",
        "traceparent": "00-89cde476fd567a4d9fb3f60d381fcabe-313954f0c0f5b54d-00",
        "User-Agent": [
          "azsdk-net-Storage.Files.Shares/12.0.0-dev.20191209.1\u002B61bda4d1783b0e05dba0d434ff14b2840726d3b1",
          "(.NET Core 4.6.28008.01; Microsoft Windows 10.0.18363 )"
        ],
        "x-ms-cache-control": "iosrcdbaxjjklyqdwgtn",
        "x-ms-client-request-id": "a43c1490-87a4-a733-5494-cb12cc170285",
        "x-ms-content-disposition": "fhenalfexgkqghiocwny",
        "x-ms-content-encoding": "jtbvamxsapedukkajerp",
        "x-ms-content-language": "wvbqyseepcaaruelghnm",
        "x-ms-content-md5": "pfAQL2ih8Ban33mrWczCTQ==",
        "x-ms-content-type": "nmeichuvvhexfxcmrkwg",
        "x-ms-date": "Tue, 10 Dec 2019 06:01:12 GMT",
        "x-ms-file-attributes": "Preserve",
        "x-ms-file-creation-time": "Preserve",
        "x-ms-file-last-write-time": "Preserve",
        "x-ms-file-permission": "Preserve",
        "x-ms-return-client-request-id": "true",
        "x-ms-version": "2019-07-07"
      },
      "RequestBody": null,
      "StatusCode": 200,
      "ResponseHeaders": {
        "Content-Length": "0",
        "Date": "Tue, 10 Dec 2019 06:01:12 GMT",
        "ETag": "\u00220x8D77D365C9B1230\u0022",
        "Last-Modified": "Tue, 10 Dec 2019 06:01:13 GMT",
        "Server": [
          "Windows-Azure-File/1.0",
          "Microsoft-HTTPAPI/2.0"
        ],
        "x-ms-client-request-id": "a43c1490-87a4-a733-5494-cb12cc170285",
        "x-ms-file-attributes": "Archive",
        "x-ms-file-change-time": "2019-12-10T06:01:13.1587120Z",
        "x-ms-file-creation-time": "2019-12-10T06:01:12.8917782Z",
        "x-ms-file-id": "11529285414812647424",
        "x-ms-file-last-write-time": "2019-12-10T06:01:12.8917782Z",
        "x-ms-file-parent-id": "13835128424026341376",
        "x-ms-file-permission-key": "12501538048846835188*422928105932735866",
        "x-ms-request-id": "38a4fa0a-501a-0034-601f-afa1f3000000",
        "x-ms-request-server-encrypted": "true",
        "x-ms-version": "2019-07-07"
      },
      "ResponseBody": []
    },
    {
      "RequestUri": "http://seanstagetest.file.core.windows.net/test-share-9b88294b-9364-fc07-ca9a-576bb4b17bec/test-directory-c7ed6b31-79f0-708d-2c73-a482df42c53d/test-file-3eab1b7a-b968-f694-9d1b-abe066dbedda",
      "RequestMethod": "HEAD",
      "RequestHeaders": {
        "Authorization": "Sanitized",
        "traceparent": "00-c71e21858d5a464685d159e8d712f512-0b65f86901ee0d42-00",
        "User-Agent": [
          "azsdk-net-Storage.Files.Shares/12.0.0-dev.20191209.1\u002B61bda4d1783b0e05dba0d434ff14b2840726d3b1",
          "(.NET Core 4.6.28008.01; Microsoft Windows 10.0.18363 )"
        ],
        "x-ms-client-request-id": "13f4b3cc-b379-8051-0695-aa419390b267",
        "x-ms-date": "Tue, 10 Dec 2019 06:01:13 GMT",
        "x-ms-return-client-request-id": "true",
        "x-ms-version": "2019-07-07"
      },
      "RequestBody": null,
      "StatusCode": 200,
      "ResponseHeaders": {
        "Cache-Control": "iosrcdbaxjjklyqdwgtn",
        "Content-Disposition": "fhenalfexgkqghiocwny",
        "Content-Encoding": "jtbvamxsapedukkajerp",
        "Content-Language": "wvbqyseepcaaruelghnm",
        "Content-Length": "1048576",
        "Content-MD5": "pfAQL2ih8Ban33mrWczCTQ==",
        "Content-Type": "nmeichuvvhexfxcmrkwg",
        "Date": "Tue, 10 Dec 2019 06:01:12 GMT",
        "ETag": "\u00220x8D77D365C9B1230\u0022",
        "Last-Modified": "Tue, 10 Dec 2019 06:01:13 GMT",
        "Server": [
          "Windows-Azure-File/1.0",
          "Microsoft-HTTPAPI/2.0"
        ],
        "Vary": "Origin",
        "x-ms-client-request-id": "13f4b3cc-b379-8051-0695-aa419390b267",
        "x-ms-file-attributes": "Archive",
        "x-ms-file-change-time": "2019-12-10T06:01:13.1587120Z",
        "x-ms-file-creation-time": "2019-12-10T06:01:12.8917782Z",
        "x-ms-file-id": "11529285414812647424",
        "x-ms-file-last-write-time": "2019-12-10T06:01:12.8917782Z",
        "x-ms-file-parent-id": "13835128424026341376",
        "x-ms-file-permission-key": "12501538048846835188*422928105932735866",
        "x-ms-lease-state": "available",
        "x-ms-lease-status": "unlocked",
        "x-ms-request-id": "38a4fa0b-501a-0034-611f-afa1f3000000",
        "x-ms-server-encrypted": "true",
        "x-ms-type": "File",
        "x-ms-version": "2019-07-07"
      },
      "ResponseBody": []
    },
    {
      "RequestUri": "http://seanstagetest.file.core.windows.net/test-share-9b88294b-9364-fc07-ca9a-576bb4b17bec?restype=share",
      "RequestMethod": "DELETE",
      "RequestHeaders": {
        "Authorization": "Sanitized",
        "traceparent": "00-6c06f94866bb6f49ae3f28bd2b1be629-ef15d05e7382e140-00",
        "User-Agent": [
          "azsdk-net-Storage.Files.Shares/12.0.0-dev.20191209.1\u002B61bda4d1783b0e05dba0d434ff14b2840726d3b1",
          "(.NET Core 4.6.28008.01; Microsoft Windows 10.0.18363 )"
        ],
        "x-ms-client-request-id": "1945cab1-ee22-670b-3acd-e551e07fb28f",
        "x-ms-date": "Tue, 10 Dec 2019 06:01:13 GMT",
        "x-ms-delete-snapshots": "include",
        "x-ms-return-client-request-id": "true",
        "x-ms-version": "2019-07-07"
      },
      "RequestBody": null,
      "StatusCode": 202,
      "ResponseHeaders": {
        "Content-Length": "0",
        "Date": "Tue, 10 Dec 2019 06:01:12 GMT",
        "Server": [
          "Windows-Azure-File/1.0",
          "Microsoft-HTTPAPI/2.0"
        ],
        "x-ms-client-request-id": "1945cab1-ee22-670b-3acd-e551e07fb28f",
        "x-ms-request-id": "38a4fa0c-501a-0034-621f-afa1f3000000",
        "x-ms-version": "2019-07-07"
      },
      "ResponseBody": []
    }
  ],
  "Variables": {
    "DateTimeOffsetNow": "2019-12-09T22:01:12.6976243-08:00",
    "RandomSeed": "1292480671",
    "Storage_TestConfigDefault": "ProductionTenant\nseanstagetest\nU2FuaXRpemVk\nhttp://seanstagetest.blob.core.windows.net\nhttp://seanstagetest.file.core.windows.net\nhttp://seanstagetest.queue.core.windows.net\nhttp://seanstagetest.table.core.windows.net\n\n\n\n\nhttp://seanstagetest-secondary.blob.core.windows.net\nhttp://seanstagetest-secondary.file.core.windows.net\nhttp://seanstagetest-secondary.queue.core.windows.net\nhttp://seanstagetest-secondary.table.core.windows.net\n\nSanitized\n\n\nCloud\nBlobEndpoint=http://seanstagetest.blob.core.windows.net/;QueueEndpoint=http://seanstagetest.queue.core.windows.net/;FileEndpoint=http://seanstagetest.file.core.windows.net/;BlobSecondaryEndpoint=http://seanstagetest-secondary.blob.core.windows.net/;QueueSecondaryEndpoint=http://seanstagetest-secondary.queue.core.windows.net/;FileSecondaryEndpoint=http://seanstagetest-secondary.file.core.windows.net/;AccountName=seanstagetest;AccountKey=Sanitized"
  }
}