{
  "Entries": [
    {
      "RequestUri": "https://oauthfilerest3.file.core.windows.net/test-share-98d639b2-2296-3996-4d4e-04f40862c1dd?restype=share",
      "RequestMethod": "PUT",
      "RequestHeaders": {
        "Accept": "application/xml",
        "Authorization": "Sanitized",
        "traceparent": "00-900d050e8f16174abf6d228f45638416-e08dffdd4c572944-00",
        "User-Agent": "azsdk-net-Storage.Files.Shares/12.9.0-alpha.20211111.1 (.NET Framework 4.8.4340.0; Microsoft Windows 10.0.19043 )",
        "x-ms-client-request-id": "303d9cb6-91ef-95e0-f204-2d105f853181",
        "x-ms-return-client-request-id": "true",
        "x-ms-version": "2021-06-08"
      },
      "RequestBody": null,
      "StatusCode": 201,
      "ResponseHeaders": {
        "Content-Length": "0",
        "Date": "Thu, 11 Nov 2021 18:40:31 GMT",
        "ETag": "\u00220x8D9A542BDC1C194\u0022",
        "Last-Modified": "Thu, 11 Nov 2021 18:40:31 GMT",
        "Server": "Windows-Azure-File/1.0 Microsoft-HTTPAPI/2.0",
        "x-ms-client-request-id": "303d9cb6-91ef-95e0-f204-2d105f853181",
        "x-ms-request-id": "2c82e7d2-e01a-0023-152b-d78462000000",
        "x-ms-version": "2021-06-08"
      },
      "ResponseBody": []
    },
    {
      "RequestUri": "https://oauthfilerest3.file.core.windows.net/test-share-98d639b2-2296-3996-4d4e-04f40862c1dd/test-directory-80e83008-99dc-6c7b-406c-487feb1b371d?restype=directory",
      "RequestMethod": "PUT",
      "RequestHeaders": {
        "Accept": "application/xml",
        "Authorization": "Sanitized",
        "traceparent": "00-fbde54a0ef80674a9d3765db6f26710e-e1d68a939d66b54d-00",
        "User-Agent": "azsdk-net-Storage.Files.Shares/12.9.0-alpha.20211111.1 (.NET Framework 4.8.4340.0; Microsoft Windows 10.0.19043 )",
        "x-ms-client-request-id": "d272b5e6-4747-1cc5-21d0-ef834961aad7",
        "x-ms-file-attributes": "None",
        "x-ms-file-creation-time": "Now",
        "x-ms-file-last-write-time": "Now",
        "x-ms-file-permission": "Inherit",
        "x-ms-return-client-request-id": "true",
        "x-ms-version": "2021-06-08"
      },
      "RequestBody": null,
      "StatusCode": 201,
      "ResponseHeaders": {
        "Content-Length": "0",
        "Date": "Thu, 11 Nov 2021 18:40:31 GMT",
        "ETag": "\u00220x8D9A542BDCC2626\u0022",
        "Last-Modified": "Thu, 11 Nov 2021 18:40:32 GMT",
        "Server": "Windows-Azure-File/1.0 Microsoft-HTTPAPI/2.0",
        "x-ms-client-request-id": "d272b5e6-4747-1cc5-21d0-ef834961aad7",
        "x-ms-file-attributes": "Directory",
        "x-ms-file-change-time": "2021-11-11T18:40:32.0333350Z",
        "x-ms-file-creation-time": "2021-11-11T18:40:32.0333350Z",
        "x-ms-file-id": "13835128424026341376",
        "x-ms-file-last-write-time": "2021-11-11T18:40:32.0333350Z",
        "x-ms-file-parent-id": "0",
        "x-ms-file-permission-key": "15786088493850344481*12954698658981292968",
        "x-ms-request-id": "2c82e7d4-e01a-0023-162b-d78462000000",
        "x-ms-request-server-encrypted": "true",
        "x-ms-version": "2021-06-08"
      },
      "ResponseBody": []
    },
    {
      "RequestUri": "https://oauthfilerest3.file.core.windows.net/test-share-98d639b2-2296-3996-4d4e-04f40862c1dd/test-directory-80e83008-99dc-6c7b-406c-487feb1b371d/test-file-fb8a10cd-c546-775c-427f-07618ae25557",
      "RequestMethod": "PUT",
      "RequestHeaders": {
        "Accept": "application/xml",
        "Authorization": "Sanitized",
        "traceparent": "00-cfc37ff3fdbc474493ae888c63fe5836-549b154801e4bb45-00",
        "User-Agent": "azsdk-net-Storage.Files.Shares/12.9.0-alpha.20211111.1 (.NET Framework 4.8.4340.0; Microsoft Windows 10.0.19043 )",
        "x-ms-client-request-id": "06cb38d0-0f5e-2184-59fb-8fc84063923e",
        "x-ms-content-length": "1048576",
        "x-ms-file-attributes": "None",
        "x-ms-file-creation-time": "Now",
        "x-ms-file-last-write-time": "Now",
        "x-ms-file-permission": "Inherit",
        "x-ms-return-client-request-id": "true",
        "x-ms-type": "file",
        "x-ms-version": "2021-06-08"
      },
      "RequestBody": null,
      "StatusCode": 201,
      "ResponseHeaders": {
        "Content-Length": "0",
        "Date": "Thu, 11 Nov 2021 18:40:31 GMT",
        "ETag": "\u00220x8D9A542BDD5E8B9\u0022",
        "Last-Modified": "Thu, 11 Nov 2021 18:40:32 GMT",
        "Server": "Windows-Azure-File/1.0 Microsoft-HTTPAPI/2.0",
        "x-ms-client-request-id": "06cb38d0-0f5e-2184-59fb-8fc84063923e",
        "x-ms-file-attributes": "Archive",
        "x-ms-file-change-time": "2021-11-11T18:40:32.0972985Z",
        "x-ms-file-creation-time": "2021-11-11T18:40:32.0972985Z",
        "x-ms-file-id": "11529285414812647424",
        "x-ms-file-last-write-time": "2021-11-11T18:40:32.0972985Z",
        "x-ms-file-parent-id": "13835128424026341376",
        "x-ms-file-permission-key": "1975036839435879206*12954698658981292968",
        "x-ms-request-id": "2c82e7d5-e01a-0023-172b-d78462000000",
        "x-ms-request-server-encrypted": "true",
        "x-ms-version": "2021-06-08"
      },
      "ResponseBody": []
    },
    {
      "RequestUri": "https://oauthfilerest3.file.core.windows.net/test-share-98d639b2-2296-3996-4d4e-04f40862c1dd/test-directory-80e83008-99dc-6c7b-406c-487feb1b371d/test-file-fb8a10cd-c546-775c-427f-07618ae25557?comp=metadata",
      "RequestMethod": "PUT",
      "RequestHeaders": {
        "Accept": "application/xml",
        "Authorization": "Sanitized",
        "traceparent": "00-0aab642d056b3f4fa6f33c1da9b51a58-69a5f99be166ae4b-00",
        "User-Agent": "azsdk-net-Storage.Files.Shares/12.9.0-alpha.20211111.1 (.NET Framework 4.8.4340.0; Microsoft Windows 10.0.19043 )",
        "x-ms-client-request-id": "5190f05e-4e17-51f9-f776-ddadd50dfe3a",
        "x-ms-meta-Capital": "letter",
        "x-ms-meta-foo": "bar",
        "x-ms-meta-meta": "data",
        "x-ms-meta-UPPER": "case",
        "x-ms-return-client-request-id": "true",
        "x-ms-version": "2021-06-08"
      },
      "RequestBody": null,
      "StatusCode": 200,
      "ResponseHeaders": {
        "Content-Length": "0",
        "Date": "Thu, 11 Nov 2021 18:40:31 GMT",
        "ETag": "\u00220x8D9A542BDDFAB51\u0022",
        "Last-Modified": "Thu, 11 Nov 2021 18:40:32 GMT",
        "Server": "Windows-Azure-File/1.0 Microsoft-HTTPAPI/2.0",
        "x-ms-client-request-id": "5190f05e-4e17-51f9-f776-ddadd50dfe3a",
        "x-ms-request-id": "2c82e7d6-e01a-0023-182b-d78462000000",
        "x-ms-request-server-encrypted": "true",
        "x-ms-version": "2021-06-08"
      },
      "ResponseBody": []
    },
    {
      "RequestUri": "https://oauthfilerest3.file.core.windows.net/test-share-98d639b2-2296-3996-4d4e-04f40862c1dd/test-directory-80e83008-99dc-6c7b-406c-487feb1b371d/test-file-fb8a10cd-c546-775c-427f-07618ae25557",
      "RequestMethod": "HEAD",
      "RequestHeaders": {
        "Accept": "application/xml",
        "Authorization": "Sanitized",
        "traceparent": "00-b576bfd57a667144a49754a8ed541039-595b4a5037b4f147-00",
        "User-Agent": "azsdk-net-Storage.Files.Shares/12.9.0-alpha.20211111.1 (.NET Framework 4.8.4340.0; Microsoft Windows 10.0.19043 )",
        "x-ms-client-request-id": "4f69b625-40d3-2c27-9fd0-d5529581922c",
        "x-ms-return-client-request-id": "true",
        "x-ms-version": "2021-06-08"
      },
      "RequestBody": null,
      "StatusCode": 200,
      "ResponseHeaders": {
        "Content-Length": "1048576",
        "Content-Type": "application/octet-stream",
        "Date": "Thu, 11 Nov 2021 18:40:31 GMT",
        "ETag": "\u00220x8D9A542BDDFAB51\u0022",
        "Last-Modified": "Thu, 11 Nov 2021 18:40:32 GMT",
        "Server": "Windows-Azure-File/1.0 Microsoft-HTTPAPI/2.0",
        "x-ms-client-request-id": "4f69b625-40d3-2c27-9fd0-d5529581922c",
        "x-ms-file-attributes": "Archive",
        "x-ms-file-change-time": "2021-11-11T18:40:32.1612625Z",
        "x-ms-file-creation-time": "2021-11-11T18:40:32.0972985Z",
        "x-ms-file-id": "11529285414812647424",
        "x-ms-file-last-write-time": "2021-11-11T18:40:32.0972985Z",
        "x-ms-file-parent-id": "13835128424026341376",
        "x-ms-file-permission-key": "1975036839435879206*12954698658981292968",
        "x-ms-lease-state": "available",
        "x-ms-lease-status": "unlocked",
        "x-ms-meta-Capital": "letter",
        "x-ms-meta-foo": "bar",
        "x-ms-meta-meta": "data",
        "x-ms-meta-UPPER": "case",
        "x-ms-request-id": "2c82e7d7-e01a-0023-192b-d78462000000",
        "x-ms-server-encrypted": "true",
        "x-ms-type": "File",
        "x-ms-version": "2021-06-08"
      },
      "ResponseBody": []
    },
    {
      "RequestUri": "https://oauthfilerest3.file.core.windows.net/test-share-98d639b2-2296-3996-4d4e-04f40862c1dd?restype=share",
      "RequestMethod": "DELETE",
      "RequestHeaders": {
        "Accept": "application/xml",
        "Authorization": "Sanitized",
        "traceparent": "00-30d0d6a977fc0844b6c6a7500df8f7cb-695c16139705ba4d-00",
        "User-Agent": "azsdk-net-Storage.Files.Shares/12.9.0-alpha.20211111.1 (.NET Framework 4.8.4340.0; Microsoft Windows 10.0.19043 )",
        "x-ms-client-request-id": "1e878cd0-aea4-4d67-e4ac-69787efbc786",
        "x-ms-delete-snapshots": "include",
        "x-ms-return-client-request-id": "true",
        "x-ms-version": "2021-06-08"
      },
      "RequestBody": null,
      "StatusCode": 202,
      "ResponseHeaders": {
        "Content-Length": "0",
        "Date": "Thu, 11 Nov 2021 18:40:31 GMT",
        "Server": "Windows-Azure-File/1.0 Microsoft-HTTPAPI/2.0",
        "x-ms-client-request-id": "1e878cd0-aea4-4d67-e4ac-69787efbc786",
        "x-ms-request-id": "2c82e7d8-e01a-0023-1a2b-d78462000000",
        "x-ms-version": "2021-06-08"
      },
      "ResponseBody": []
    }
  ],
  "Variables": {
    "RandomSeed": "1939745351",
    "Storage_TestConfigOAuth": "OAuthTenant\noauthfilerest3\nU2FuaXRpemVk\nhttps://oauthfilerest3.blob.core.windows.net\nhttps://oauthfilerest3.file.core.windows.net\nhttps://oauthfilerest3.queue.core.windows.net\nhttps://oauthfilerest3.table.core.windows.net\n\n\n\n\nhttps://oauthfilerest3-secondary.blob.core.windows.net\nhttps://oauthfilerest3-secondary.file.core.windows.net\nhttps://oauthfilerest3-secondary.queue.core.windows.net\nhttps://oauthfilerest3-secondary.table.core.windows.net\ndc57b189-cd6a-485e-beb1-dd71492b0a92\nSanitized\n922923f3-36c9-4663-b1d7-68e670802ae1\nhttps://login.microsoftonline.com/\nCloud\nBlobEndpoint=https://oauthfilerest3.blob.core.windows.net/;QueueEndpoint=https://oauthfilerest3.queue.core.windows.net/;FileEndpoint=https://oauthfilerest3.file.core.windows.net/;BlobSecondaryEndpoint=https://oauthfilerest3-secondary.blob.core.windows.net/;QueueSecondaryEndpoint=https://oauthfilerest3-secondary.queue.core.windows.net/;FileSecondaryEndpoint=https://oauthfilerest3-secondary.file.core.windows.net/;AccountName=oauthfilerest3;AccountKey=Sanitized\nseanscope1\nXClient\n25c81a3f-c3f0-41c0-8453-4f699167c22d"
  }
}