{
  "Entries": [
    {
      "RequestUri": "http://seanstagetest.file.core.windows.net/test-share-744abbb6-d169-aff5-ddc7-9e8c61651de3?restype=share",
      "RequestMethod": "PUT",
      "RequestHeaders": {
        "Authorization": "Sanitized",
        "traceparent": "00-778007003eedb94fb788d27aa94a6cfb-9b671ee195b50040-00",
        "User-Agent": [
          "azsdk-net-Storage.Files.Shares/12.0.0-dev.20191211.1\u002B2accb37068f0a0c9382fa117525bb968c5397cf7",
          "(.NET Core 4.6.28008.01; Microsoft Windows 10.0.18363 )"
        ],
        "x-ms-client-request-id": "67d644c7-447f-7dc2-e588-40756621297d",
        "x-ms-date": "Wed, 11 Dec 2019 23:05:52 GMT",
        "x-ms-return-client-request-id": "true",
        "x-ms-version": "2019-07-07"
      },
      "RequestBody": null,
      "StatusCode": 201,
      "ResponseHeaders": {
        "Content-Length": "0",
        "Date": "Wed, 11 Dec 2019 23:05:51 GMT",
        "ETag": "\u00220x8D77E8EAB5CD1EA\u0022",
        "Last-Modified": "Wed, 11 Dec 2019 23:05:52 GMT",
        "Server": [
          "Windows-Azure-File/1.0",
          "Microsoft-HTTPAPI/2.0"
        ],
        "x-ms-client-request-id": "67d644c7-447f-7dc2-e588-40756621297d",
        "x-ms-request-id": "b65eb832-301a-0022-5a77-b05724000000",
        "x-ms-version": "2019-07-07"
      },
      "ResponseBody": []
    },
    {
      "RequestUri": "http://seanstagetest.file.core.windows.net/test-share-744abbb6-d169-aff5-ddc7-9e8c61651de3?restype=share\u0026comp=filepermission",
      "RequestMethod": "PUT",
      "RequestHeaders": {
        "Authorization": "Sanitized",
        "Content-Length": "206",
        "Content-Type": "application/json",
        "traceparent": "00-92feb023d1eef04cb8ba84cf96ebb8e7-68d2763d191c3c46-00",
        "User-Agent": [
          "azsdk-net-Storage.Files.Shares/12.0.0-dev.20191211.1\u002B2accb37068f0a0c9382fa117525bb968c5397cf7",
          "(.NET Core 4.6.28008.01; Microsoft Windows 10.0.18363 )"
        ],
        "x-ms-client-request-id": "1dc4baca-b58e-d063-3fec-874f433b0df4",
        "x-ms-date": "Wed, 11 Dec 2019 23:05:52 GMT",
        "x-ms-return-client-request-id": "true",
        "x-ms-version": "2019-07-07"
      },
      "RequestBody": {
        "permission": "O:S-1-5-21-2127521184-1604012920-1887927527-21560751G:S-1-5-21-2127521184-1604012920-1887927527-513D:AI(A;;FA;;;SY)(A;;FA;;;BA)(A;;0x1200a9;;;S-1-5-21-397955417-626881126-188441444-3053964)"
      },
      "StatusCode": 201,
      "ResponseHeaders": {
        "Date": "Wed, 11 Dec 2019 23:05:51 GMT",
        "Server": [
          "Windows-Azure-File/1.0",
          "Microsoft-HTTPAPI/2.0"
        ],
        "Transfer-Encoding": "chunked",
        "x-ms-client-request-id": "1dc4baca-b58e-d063-3fec-874f433b0df4",
        "x-ms-file-permission-key": "11680444563946999947*422928105932735866",
        "x-ms-request-id": "b65eb836-301a-0022-5d77-b05724000000",
        "x-ms-version": "2019-07-07"
      },
      "ResponseBody": []
    },
    {
      "RequestUri": "http://seanstagetest.file.core.windows.net/test-share-744abbb6-d169-aff5-ddc7-9e8c61651de3/test-directory-46cfd396-b42d-0fc9-c8a3-5da9e519fdbe?restype=directory",
      "RequestMethod": "PUT",
      "RequestHeaders": {
        "Authorization": "Sanitized",
        "traceparent": "00-fb9ccc8760e5954384f774ecbd9eda01-beaca717e4194f4b-00",
        "User-Agent": [
          "azsdk-net-Storage.Files.Shares/12.0.0-dev.20191211.1\u002B2accb37068f0a0c9382fa117525bb968c5397cf7",
          "(.NET Core 4.6.28008.01; Microsoft Windows 10.0.18363 )"
        ],
        "x-ms-client-request-id": "ac126ac8-0e57-1547-f0b5-54eb58baea26",
        "x-ms-date": "Wed, 11 Dec 2019 23:05:52 GMT",
        "x-ms-file-attributes": "None",
        "x-ms-file-creation-time": "Now",
        "x-ms-file-last-write-time": "Now",
        "x-ms-file-permission": "Inherit",
        "x-ms-return-client-request-id": "true",
        "x-ms-version": "2019-07-07"
      },
      "RequestBody": null,
      "StatusCode": 201,
      "ResponseHeaders": {
        "Content-Length": "0",
        "Date": "Wed, 11 Dec 2019 23:05:52 GMT",
        "ETag": "\u00220x8D77E8EAB7634D2\u0022",
        "Last-Modified": "Wed, 11 Dec 2019 23:05:52 GMT",
        "Server": [
          "Windows-Azure-File/1.0",
          "Microsoft-HTTPAPI/2.0"
        ],
        "x-ms-client-request-id": "ac126ac8-0e57-1547-f0b5-54eb58baea26",
        "x-ms-file-attributes": "Directory",
        "x-ms-file-change-time": "2019-12-11T23:05:52.3321042Z",
        "x-ms-file-creation-time": "2019-12-11T23:05:52.3321042Z",
        "x-ms-file-id": "13835128424026341376",
        "x-ms-file-last-write-time": "2019-12-11T23:05:52.3321042Z",
        "x-ms-file-parent-id": "0",
        "x-ms-file-permission-key": "7855875120676328179*422928105932735866",
        "x-ms-request-id": "b65eb839-301a-0022-6077-b05724000000",
        "x-ms-request-server-encrypted": "true",
        "x-ms-version": "2019-07-07"
      },
      "ResponseBody": []
    },
    {
      "RequestUri": "http://seanstagetest.file.core.windows.net/test-share-744abbb6-d169-aff5-ddc7-9e8c61651de3/test-directory-46cfd396-b42d-0fc9-c8a3-5da9e519fdbe/test-file-781bc9ee-618f-8a97-e485-94c4ac9bdf9b",
      "RequestMethod": "PUT",
      "RequestHeaders": {
        "Authorization": "Sanitized",
        "traceparent": "00-9f39d20e238c6e4c9157b2a93207b8c9-edae7db3ee806043-00",
        "User-Agent": [
          "azsdk-net-Storage.Files.Shares/12.0.0-dev.20191211.1\u002B2accb37068f0a0c9382fa117525bb968c5397cf7",
          "(.NET Core 4.6.28008.01; Microsoft Windows 10.0.18363 )"
        ],
        "x-ms-client-request-id": "663fe17e-7611-6640-d288-c8d279836955",
        "x-ms-content-length": "1024",
        "x-ms-date": "Wed, 11 Dec 2019 23:05:52 GMT",
        "x-ms-file-attributes": "None",
        "x-ms-file-creation-time": "Now",
        "x-ms-file-last-write-time": "Now",
        "x-ms-file-permission": "Inherit",
        "x-ms-return-client-request-id": "true",
        "x-ms-type": "file",
        "x-ms-version": "2019-07-07"
      },
      "RequestBody": null,
      "StatusCode": 201,
      "ResponseHeaders": {
        "Content-Length": "0",
        "Date": "Wed, 11 Dec 2019 23:05:52 GMT",
        "ETag": "\u00220x8D77E8EAB8C7D55\u0022",
        "Last-Modified": "Wed, 11 Dec 2019 23:05:52 GMT",
        "Server": [
          "Windows-Azure-File/1.0",
          "Microsoft-HTTPAPI/2.0"
        ],
        "x-ms-client-request-id": "663fe17e-7611-6640-d288-c8d279836955",
        "x-ms-file-attributes": "Archive",
        "x-ms-file-change-time": "2019-12-11T23:05:52.4781397Z",
        "x-ms-file-creation-time": "2019-12-11T23:05:52.4781397Z",
        "x-ms-file-id": "11529285414812647424",
        "x-ms-file-last-write-time": "2019-12-11T23:05:52.4781397Z",
        "x-ms-file-parent-id": "13835128424026341376",
        "x-ms-file-permission-key": "12501538048846835188*422928105932735866",
        "x-ms-request-id": "b65eb840-301a-0022-6677-b05724000000",
        "x-ms-request-server-encrypted": "true",
        "x-ms-version": "2019-07-07"
      },
      "ResponseBody": []
    },
    {
      "RequestUri": "http://seanstagetest.file.core.windows.net/test-share-744abbb6-d169-aff5-ddc7-9e8c61651de3/test-directory-46cfd396-b42d-0fc9-c8a3-5da9e519fdbe/test-file-781bc9ee-618f-8a97-e485-94c4ac9bdf9b?comp=properties",
      "RequestMethod": "PUT",
      "RequestHeaders": {
        "Authorization": "Sanitized",
        "traceparent": "00-baf2f34fdecec74a8026db89d63521d4-24b4db7ec93fa44e-00",
        "User-Agent": [
          "azsdk-net-Storage.Files.Shares/12.0.0-dev.20191211.1\u002B2accb37068f0a0c9382fa117525bb968c5397cf7",
          "(.NET Core 4.6.28008.01; Microsoft Windows 10.0.18363 )"
        ],
        "x-ms-client-request-id": "ca459e94-785b-3d8a-4d79-a87d8893acff",
        "x-ms-date": "Wed, 11 Dec 2019 23:05:52 GMT",
        "x-ms-file-attributes": "ReadOnly|Archive",
        "x-ms-file-creation-time": "2019-08-15T05:15:25.0600000Z",
        "x-ms-file-last-write-time": "2019-08-26T05:15:25.0600000Z",
        "x-ms-file-permission-key": "11680444563946999947*422928105932735866",
        "x-ms-return-client-request-id": "true",
        "x-ms-version": "2019-07-07"
      },
      "RequestBody": null,
      "StatusCode": 200,
      "ResponseHeaders": {
        "Content-Length": "0",
        "Date": "Wed, 11 Dec 2019 23:05:52 GMT",
        "ETag": "\u00220x8D77E8EAB992881\u0022",
        "Last-Modified": "Wed, 11 Dec 2019 23:05:52 GMT",
        "Server": [
          "Windows-Azure-File/1.0",
          "Microsoft-HTTPAPI/2.0"
        ],
        "x-ms-client-request-id": "ca459e94-785b-3d8a-4d79-a87d8893acff",
        "x-ms-file-attributes": "ReadOnly | Archive",
        "x-ms-file-change-time": "2019-12-11T23:05:52.5611649Z",
        "x-ms-file-creation-time": "2019-08-15T05:15:25.0600000Z",
        "x-ms-file-id": "11529285414812647424",
        "x-ms-file-last-write-time": "2019-08-26T05:15:25.0600000Z",
        "x-ms-file-parent-id": "13835128424026341376",
        "x-ms-file-permission-key": "11680444563946999947*422928105932735866",
        "x-ms-request-id": "b65eb846-301a-0022-6c77-b05724000000",
        "x-ms-request-server-encrypted": "true",
        "x-ms-version": "2019-07-07"
      },
      "ResponseBody": []
    },
    {
      "RequestUri": "http://seanstagetest.file.core.windows.net/test-share-744abbb6-d169-aff5-ddc7-9e8c61651de3?restype=share",
      "RequestMethod": "DELETE",
      "RequestHeaders": {
        "Authorization": "Sanitized",
        "traceparent": "00-5dfcbb8cec21d844acc016d8749839fb-d0a6819c5efb7446-00",
        "User-Agent": [
          "azsdk-net-Storage.Files.Shares/12.0.0-dev.20191211.1\u002B2accb37068f0a0c9382fa117525bb968c5397cf7",
          "(.NET Core 4.6.28008.01; Microsoft Windows 10.0.18363 )"
        ],
        "x-ms-client-request-id": "da3de7b5-9f3d-5df9-2ef8-7d60c6a216cf",
        "x-ms-date": "Wed, 11 Dec 2019 23:05:52 GMT",
        "x-ms-delete-snapshots": "include",
        "x-ms-return-client-request-id": "true",
        "x-ms-version": "2019-07-07"
      },
      "RequestBody": null,
      "StatusCode": 202,
      "ResponseHeaders": {
        "Content-Length": "0",
        "Date": "Wed, 11 Dec 2019 23:05:52 GMT",
        "Server": [
          "Windows-Azure-File/1.0",
          "Microsoft-HTTPAPI/2.0"
        ],
        "x-ms-client-request-id": "da3de7b5-9f3d-5df9-2ef8-7d60c6a216cf",
        "x-ms-request-id": "b65eb848-301a-0022-6e77-b05724000000",
        "x-ms-version": "2019-07-07"
      },
      "ResponseBody": []
    }
  ],
  "Variables": {
    "RandomSeed": "302968596",
    "Storage_TestConfigDefault": "ProductionTenant\nseanstagetest\nU2FuaXRpemVk\nhttp://seanstagetest.blob.core.windows.net\nhttp://seanstagetest.file.core.windows.net\nhttp://seanstagetest.queue.core.windows.net\nhttp://seanstagetest.table.core.windows.net\n\n\n\n\nhttp://seanstagetest-secondary.blob.core.windows.net\nhttp://seanstagetest-secondary.file.core.windows.net\nhttp://seanstagetest-secondary.queue.core.windows.net\nhttp://seanstagetest-secondary.table.core.windows.net\n\nSanitized\n\n\nCloud\nBlobEndpoint=http://seanstagetest.blob.core.windows.net/;QueueEndpoint=http://seanstagetest.queue.core.windows.net/;FileEndpoint=http://seanstagetest.file.core.windows.net/;BlobSecondaryEndpoint=http://seanstagetest-secondary.blob.core.windows.net/;QueueSecondaryEndpoint=http://seanstagetest-secondary.queue.core.windows.net/;FileSecondaryEndpoint=http://seanstagetest-secondary.file.core.windows.net/;AccountName=seanstagetest;AccountKey=Sanitized\nseanscope1"
  }
}