{
  "Entries": [
    {
      "RequestUri": "http://seanstagetest.file.core.windows.net/test-share-c3d48edf-96ea-e49b-1aa8-1c60811ce5d3?restype=share",
      "RequestMethod": "PUT",
      "RequestHeaders": {
        "Authorization": "Sanitized",
        "traceparent": "00-9145cf1402004d46b04c83bc39aa5932-f9758d9c2109aa4e-00",
        "User-Agent": [
          "azsdk-net-Storage.Files.Shares/12.2.0-dev.20200305.1",
          "(.NET Core 4.6.28325.01; Microsoft Windows 10.0.18363 )"
        ],
        "x-ms-client-request-id": "99613039-3446-3eab-74c4-f310930a5a34",
        "x-ms-date": "Thu, 05 Mar 2020 21:45:38 GMT",
        "x-ms-return-client-request-id": "true",
        "x-ms-version": "2020-02-10"
      },
      "RequestBody": null,
      "StatusCode": 201,
      "ResponseHeaders": {
        "Content-Length": "0",
        "Date": "Thu, 05 Mar 2020 21:45:37 GMT",
        "ETag": "\u00220x8D7C14E8B4D38B0\u0022",
        "Last-Modified": "Thu, 05 Mar 2020 21:45:38 GMT",
        "Server": [
          "Windows-Azure-File/1.0",
          "Microsoft-HTTPAPI/2.0"
        ],
        "x-ms-client-request-id": "99613039-3446-3eab-74c4-f310930a5a34",
        "x-ms-request-id": "c9ef68b3-f01a-0012-4237-f3e9eb000000",
        "x-ms-version": "2020-02-10"
      },
      "ResponseBody": []
    },
    {
      "RequestUri": "http://seanstagetest.file.core.windows.net/test-share-c3d48edf-96ea-e49b-1aa8-1c60811ce5d3/test-directory-0a004882-fae8-84cd-73ea-c0753c8f06b1?restype=directory",
      "RequestMethod": "PUT",
      "RequestHeaders": {
        "Authorization": "Sanitized",
        "traceparent": "00-1c3443fd78f12f4fa14fff9cdbb364a4-630b63a18748bb48-00",
        "User-Agent": [
          "azsdk-net-Storage.Files.Shares/12.2.0-dev.20200305.1",
          "(.NET Core 4.6.28325.01; Microsoft Windows 10.0.18363 )"
        ],
        "x-ms-client-request-id": "9589251a-bf68-3e05-63dc-255c743502e5",
        "x-ms-date": "Thu, 05 Mar 2020 21:45:38 GMT",
        "x-ms-file-attributes": "None",
        "x-ms-file-creation-time": "Now",
        "x-ms-file-last-write-time": "Now",
        "x-ms-file-permission": "Inherit",
        "x-ms-return-client-request-id": "true",
        "x-ms-version": "2020-02-10"
      },
      "RequestBody": null,
      "StatusCode": 201,
      "ResponseHeaders": {
        "Content-Length": "0",
        "Date": "Thu, 05 Mar 2020 21:45:37 GMT",
        "ETag": "\u00220x8D7C14E8B5B5ACA\u0022",
        "Last-Modified": "Thu, 05 Mar 2020 21:45:38 GMT",
        "Server": [
          "Windows-Azure-File/1.0",
          "Microsoft-HTTPAPI/2.0"
        ],
        "x-ms-client-request-id": "9589251a-bf68-3e05-63dc-255c743502e5",
        "x-ms-file-attributes": "Directory",
        "x-ms-file-change-time": "2020-03-05T21:45:38.5844426Z",
        "x-ms-file-creation-time": "2020-03-05T21:45:38.5844426Z",
        "x-ms-file-id": "13835128424026341376",
        "x-ms-file-last-write-time": "2020-03-05T21:45:38.5844426Z",
        "x-ms-file-parent-id": "0",
        "x-ms-file-permission-key": "7855875120676328179*422928105932735866",
        "x-ms-request-id": "c9ef68b5-f01a-0012-4337-f3e9eb000000",
        "x-ms-request-server-encrypted": "true",
        "x-ms-version": "2020-02-10"
      },
      "ResponseBody": []
    },
    {
      "RequestUri": "http://seanstagetest.file.core.windows.net/test-share-c3d48edf-96ea-e49b-1aa8-1c60811ce5d3/test-directory-0a004882-fae8-84cd-73ea-c0753c8f06b1/test-file-643141be-09e3-3679-bbe5-813004ef1d68",
      "RequestMethod": "PUT",
      "RequestHeaders": {
        "Authorization": "Sanitized",
        "traceparent": "00-d7b63511f5d1684cbf446b1cca13c350-530741cea145c14f-00",
        "User-Agent": [
          "azsdk-net-Storage.Files.Shares/12.2.0-dev.20200305.1",
          "(.NET Core 4.6.28325.01; Microsoft Windows 10.0.18363 )"
        ],
        "x-ms-client-request-id": "251e11b6-f1d9-1114-ac53-d9833ed43a73",
        "x-ms-content-length": "1024",
        "x-ms-date": "Thu, 05 Mar 2020 21:45:38 GMT",
        "x-ms-file-attributes": "None",
        "x-ms-file-creation-time": "Now",
        "x-ms-file-last-write-time": "Now",
        "x-ms-file-permission": "Inherit",
        "x-ms-return-client-request-id": "true",
        "x-ms-type": "file",
        "x-ms-version": "2020-02-10"
      },
      "RequestBody": null,
      "StatusCode": 201,
      "ResponseHeaders": {
        "Content-Length": "0",
        "Date": "Thu, 05 Mar 2020 21:45:37 GMT",
        "ETag": "\u00220x8D7C14E8B68C860\u0022",
        "Last-Modified": "Thu, 05 Mar 2020 21:45:38 GMT",
        "Server": [
          "Windows-Azure-File/1.0",
          "Microsoft-HTTPAPI/2.0"
        ],
        "x-ms-client-request-id": "251e11b6-f1d9-1114-ac53-d9833ed43a73",
        "x-ms-file-attributes": "Archive",
        "x-ms-file-change-time": "2020-03-05T21:45:38.6724448Z",
        "x-ms-file-creation-time": "2020-03-05T21:45:38.6724448Z",
        "x-ms-file-id": "11529285414812647424",
        "x-ms-file-last-write-time": "2020-03-05T21:45:38.6724448Z",
        "x-ms-file-parent-id": "13835128424026341376",
        "x-ms-file-permission-key": "12501538048846835188*422928105932735866",
        "x-ms-request-id": "c9ef68b6-f01a-0012-4437-f3e9eb000000",
        "x-ms-request-server-encrypted": "true",
        "x-ms-version": "2020-02-10"
      },
      "ResponseBody": []
    },
    {
      "RequestUri": "http://seanstagetest.file.core.windows.net/test-share-c3d48edf-96ea-e49b-1aa8-1c60811ce5d3?restype=share",
      "RequestMethod": "DELETE",
      "RequestHeaders": {
        "Authorization": "Sanitized",
        "traceparent": "00-b5c06ae37203204e8547810c1da18eda-bc752e9b02084f48-00",
        "User-Agent": [
          "azsdk-net-Storage.Files.Shares/12.2.0-dev.20200305.1",
          "(.NET Core 4.6.28325.01; Microsoft Windows 10.0.18363 )"
        ],
        "x-ms-client-request-id": "f37a2d3e-f7d1-a18e-b34a-69b196c6df55",
        "x-ms-date": "Thu, 05 Mar 2020 21:45:38 GMT",
        "x-ms-delete-snapshots": "include",
        "x-ms-return-client-request-id": "true",
        "x-ms-version": "2020-02-10"
      },
      "RequestBody": null,
      "StatusCode": 202,
      "ResponseHeaders": {
        "Content-Length": "0",
        "Date": "Thu, 05 Mar 2020 21:45:38 GMT",
        "Server": [
          "Windows-Azure-File/1.0",
          "Microsoft-HTTPAPI/2.0"
        ],
        "x-ms-client-request-id": "f37a2d3e-f7d1-a18e-b34a-69b196c6df55",
        "x-ms-request-id": "c9ef68b7-f01a-0012-4537-f3e9eb000000",
        "x-ms-version": "2020-02-10"
      },
      "ResponseBody": []
    }
  ],
  "Variables": {
    "RandomSeed": "1041092574",
    "Storage_TestConfigDefault": "ProductionTenant\nseanstagetest\nU2FuaXRpemVk\nhttps://seanstagetest.blob.core.windows.net\nhttp://seanstagetest.file.core.windows.net\nhttp://seanstagetest.queue.core.windows.net\nhttp://seanstagetest.table.core.windows.net\n\n\n\n\nhttp://seanstagetest-secondary.blob.core.windows.net\nhttp://seanstagetest-secondary.file.core.windows.net\nhttp://seanstagetest-secondary.queue.core.windows.net\nhttp://seanstagetest-secondary.table.core.windows.net\n\nSanitized\n\n\nCloud\nBlobEndpoint=https://seanstagetest.blob.core.windows.net/;QueueEndpoint=http://seanstagetest.queue.core.windows.net/;FileEndpoint=http://seanstagetest.file.core.windows.net/;BlobSecondaryEndpoint=http://seanstagetest-secondary.blob.core.windows.net/;QueueSecondaryEndpoint=http://seanstagetest-secondary.queue.core.windows.net/;FileSecondaryEndpoint=http://seanstagetest-secondary.file.core.windows.net/;AccountName=seanstagetest;AccountKey=Sanitized\nseanscope1"
  }
}