{
  "Entries": [
    {
      "RequestUri": "http://seanstagetest.file.core.windows.net/test-share-47ede76d-e7bc-4786-6c51-6dcf66603bb4?restype=share",
      "RequestMethod": "PUT",
      "RequestHeaders": {
        "Authorization": "Sanitized",
        "traceparent": "00-5e1073e69fd8d44b94a4883d188d0925-568421a3a0bfa347-00",
        "User-Agent": [
          "azsdk-net-Storage.Files.Shares/12.0.0-dev.20191211.1\u002B2accb37068f0a0c9382fa117525bb968c5397cf7",
          "(.NET Core 4.6.28008.01; Microsoft Windows 10.0.18363 )"
        ],
        "x-ms-client-request-id": "3a6083c2-8fd2-bb8a-6464-61813a806906",
        "x-ms-date": "Wed, 11 Dec 2019 23:07:39 GMT",
        "x-ms-return-client-request-id": "true",
        "x-ms-version": "2019-07-07"
      },
      "RequestBody": null,
      "StatusCode": 201,
      "ResponseHeaders": {
        "Content-Length": "0",
        "Date": "Wed, 11 Dec 2019 23:07:38 GMT",
        "ETag": "\u00220x8D77E8EEB55BE2A\u0022",
        "Last-Modified": "Wed, 11 Dec 2019 23:07:39 GMT",
        "Server": [
          "Windows-Azure-File/1.0",
          "Microsoft-HTTPAPI/2.0"
        ],
        "x-ms-client-request-id": "3a6083c2-8fd2-bb8a-6464-61813a806906",
        "x-ms-request-id": "01ef16b4-d01a-0015-4977-b08588000000",
        "x-ms-version": "2019-07-07"
      },
      "ResponseBody": []
    },
    {
      "RequestUri": "http://seanstagetest.file.core.windows.net/test-share-47ede76d-e7bc-4786-6c51-6dcf66603bb4/test-directory-452298d9-f609-fdcf-6941-96915ddbf940?restype=directory",
      "RequestMethod": "PUT",
      "RequestHeaders": {
        "Authorization": "Sanitized",
        "traceparent": "00-465d259a6faac5438734cfe908a95b78-5be16493c3700e43-00",
        "User-Agent": [
          "azsdk-net-Storage.Files.Shares/12.0.0-dev.20191211.1\u002B2accb37068f0a0c9382fa117525bb968c5397cf7",
          "(.NET Core 4.6.28008.01; Microsoft Windows 10.0.18363 )"
        ],
        "x-ms-client-request-id": "b5d282c1-fa09-ccb2-b462-d190f9f95e88",
        "x-ms-date": "Wed, 11 Dec 2019 23:07:39 GMT",
        "x-ms-file-attributes": "None",
        "x-ms-file-creation-time": "Now",
        "x-ms-file-last-write-time": "Now",
        "x-ms-file-permission": "Inherit",
        "x-ms-return-client-request-id": "true",
        "x-ms-version": "2019-07-07"
      },
      "RequestBody": null,
      "StatusCode": 201,
      "ResponseHeaders": {
        "Content-Length": "0",
        "Date": "Wed, 11 Dec 2019 23:07:38 GMT",
        "ETag": "\u00220x8D77E8EEB634B83\u0022",
        "Last-Modified": "Wed, 11 Dec 2019 23:07:39 GMT",
        "Server": [
          "Windows-Azure-File/1.0",
          "Microsoft-HTTPAPI/2.0"
        ],
        "x-ms-client-request-id": "b5d282c1-fa09-ccb2-b462-d190f9f95e88",
        "x-ms-file-attributes": "Directory",
        "x-ms-file-change-time": "2019-12-11T23:07:39.5823491Z",
        "x-ms-file-creation-time": "2019-12-11T23:07:39.5823491Z",
        "x-ms-file-id": "13835128424026341376",
        "x-ms-file-last-write-time": "2019-12-11T23:07:39.5823491Z",
        "x-ms-file-parent-id": "0",
        "x-ms-file-permission-key": "7855875120676328179*422928105932735866",
        "x-ms-request-id": "01ef16b8-d01a-0015-4c77-b08588000000",
        "x-ms-request-server-encrypted": "true",
        "x-ms-version": "2019-07-07"
      },
      "ResponseBody": []
    },
    {
      "RequestUri": "http://seanstagetest.file.core.windows.net/test-share-47ede76d-e7bc-4786-6c51-6dcf66603bb4/test-directory-452298d9-f609-fdcf-6941-96915ddbf940/test-file-896f206b-8673-d806-b636-d4e3d5a7ef6b",
      "RequestMethod": "PUT",
      "RequestHeaders": {
        "Authorization": "Sanitized",
        "traceparent": "00-b9452b652fd11d4692a3afed5ea8ad08-d8f0c93760bb864b-00",
        "User-Agent": [
          "azsdk-net-Storage.Files.Shares/12.0.0-dev.20191211.1\u002B2accb37068f0a0c9382fa117525bb968c5397cf7",
          "(.NET Core 4.6.28008.01; Microsoft Windows 10.0.18363 )"
        ],
        "x-ms-client-request-id": "edbc97c8-e78e-3bbc-7cf9-fed225cff60d",
        "x-ms-content-length": "1048576",
        "x-ms-date": "Wed, 11 Dec 2019 23:07:39 GMT",
        "x-ms-file-attributes": "None",
        "x-ms-file-creation-time": "Now",
        "x-ms-file-last-write-time": "Now",
        "x-ms-file-permission": "Inherit",
        "x-ms-return-client-request-id": "true",
        "x-ms-type": "file",
        "x-ms-version": "2019-07-07"
      },
      "RequestBody": null,
      "StatusCode": 201,
      "ResponseHeaders": {
        "Content-Length": "0",
        "Date": "Wed, 11 Dec 2019 23:07:38 GMT",
        "ETag": "\u00220x8D77E8EEB701C88\u0022",
        "Last-Modified": "Wed, 11 Dec 2019 23:07:39 GMT",
        "Server": [
          "Windows-Azure-File/1.0",
          "Microsoft-HTTPAPI/2.0"
        ],
        "x-ms-client-request-id": "edbc97c8-e78e-3bbc-7cf9-fed225cff60d",
        "x-ms-file-attributes": "Archive",
        "x-ms-file-change-time": "2019-12-11T23:07:39.6663432Z",
        "x-ms-file-creation-time": "2019-12-11T23:07:39.6663432Z",
        "x-ms-file-id": "11529285414812647424",
        "x-ms-file-last-write-time": "2019-12-11T23:07:39.6663432Z",
        "x-ms-file-parent-id": "13835128424026341376",
        "x-ms-file-permission-key": "12501538048846835188*422928105932735866",
        "x-ms-request-id": "01ef16be-d01a-0015-5277-b08588000000",
        "x-ms-request-server-encrypted": "true",
        "x-ms-version": "2019-07-07"
      },
      "ResponseBody": []
    },
    {
      "RequestUri": "http://seanstagetest.file.core.windows.net/test-share-92be6573-8229-277f-e857-8a325868a865?restype=share",
      "RequestMethod": "PUT",
      "RequestHeaders": {
        "Authorization": "Sanitized",
        "traceparent": "00-e0dba953c7f93643b96419384f19c4e7-f148b360b176c34e-00",
        "User-Agent": [
          "azsdk-net-Storage.Files.Shares/12.0.0-dev.20191211.1\u002B2accb37068f0a0c9382fa117525bb968c5397cf7",
          "(.NET Core 4.6.28008.01; Microsoft Windows 10.0.18363 )"
        ],
        "x-ms-client-request-id": "ca2a204a-6092-464d-1894-04365c89e214",
        "x-ms-date": "Wed, 11 Dec 2019 23:07:39 GMT",
        "x-ms-return-client-request-id": "true",
        "x-ms-version": "2019-07-07"
      },
      "RequestBody": null,
      "StatusCode": 201,
      "ResponseHeaders": {
        "Content-Length": "0",
        "Date": "Wed, 11 Dec 2019 23:07:38 GMT",
        "ETag": "\u00220x8D77E8EEB7C34B1\u0022",
        "Last-Modified": "Wed, 11 Dec 2019 23:07:39 GMT",
        "Server": [
          "Windows-Azure-File/1.0",
          "Microsoft-HTTPAPI/2.0"
        ],
        "x-ms-client-request-id": "ca2a204a-6092-464d-1894-04365c89e214",
        "x-ms-request-id": "01ef16c4-d01a-0015-5877-b08588000000",
        "x-ms-version": "2019-07-07"
      },
      "ResponseBody": []
    },
    {
      "RequestUri": "http://seanstagetest.file.core.windows.net/test-share-92be6573-8229-277f-e857-8a325868a865/test-directory-c78e9951-b8b5-7022-88d4-e7942370e283?restype=directory",
      "RequestMethod": "PUT",
      "RequestHeaders": {
        "Authorization": "Sanitized",
        "traceparent": "00-8cc6ab190afa844aa5155b2ccb2bf2eb-1aafcadd4b554b44-00",
        "User-Agent": [
          "azsdk-net-Storage.Files.Shares/12.0.0-dev.20191211.1\u002B2accb37068f0a0c9382fa117525bb968c5397cf7",
          "(.NET Core 4.6.28008.01; Microsoft Windows 10.0.18363 )"
        ],
        "x-ms-client-request-id": "abbd4bb2-2ad7-927a-feb9-41bd78b822a7",
        "x-ms-date": "Wed, 11 Dec 2019 23:07:39 GMT",
        "x-ms-file-attributes": "None",
        "x-ms-file-creation-time": "Now",
        "x-ms-file-last-write-time": "Now",
        "x-ms-file-permission": "Inherit",
        "x-ms-return-client-request-id": "true",
        "x-ms-version": "2019-07-07"
      },
      "RequestBody": null,
      "StatusCode": 201,
      "ResponseHeaders": {
        "Content-Length": "0",
        "Date": "Wed, 11 Dec 2019 23:07:38 GMT",
        "ETag": "\u00220x8D77E8EEB897130\u0022",
        "Last-Modified": "Wed, 11 Dec 2019 23:07:39 GMT",
        "Server": [
          "Windows-Azure-File/1.0",
          "Microsoft-HTTPAPI/2.0"
        ],
        "x-ms-client-request-id": "abbd4bb2-2ad7-927a-feb9-41bd78b822a7",
        "x-ms-file-attributes": "Directory",
        "x-ms-file-change-time": "2019-12-11T23:07:39.8323504Z",
        "x-ms-file-creation-time": "2019-12-11T23:07:39.8323504Z",
        "x-ms-file-id": "13835128424026341376",
        "x-ms-file-last-write-time": "2019-12-11T23:07:39.8323504Z",
        "x-ms-file-parent-id": "0",
        "x-ms-file-permission-key": "7855875120676328179*422928105932735866",
        "x-ms-request-id": "01ef16c6-d01a-0015-5977-b08588000000",
        "x-ms-request-server-encrypted": "true",
        "x-ms-version": "2019-07-07"
      },
      "ResponseBody": []
    },
    {
      "RequestUri": "http://seanstagetest.file.core.windows.net/test-share-92be6573-8229-277f-e857-8a325868a865/test-directory-c78e9951-b8b5-7022-88d4-e7942370e283/test-file-02d180b2-aba1-73d6-c6aa-b7e192cc72e2",
      "RequestMethod": "PUT",
      "RequestHeaders": {
        "Authorization": "Sanitized",
        "traceparent": "00-9e23801da26a004da8bd91760fc8f6ab-b956b742b6bbb746-00",
        "User-Agent": [
          "azsdk-net-Storage.Files.Shares/12.0.0-dev.20191211.1\u002B2accb37068f0a0c9382fa117525bb968c5397cf7",
          "(.NET Core 4.6.28008.01; Microsoft Windows 10.0.18363 )"
        ],
        "x-ms-client-request-id": "7da37eb1-8bd4-0680-7449-e52d72980031",
        "x-ms-content-length": "1048576",
        "x-ms-date": "Wed, 11 Dec 2019 23:07:39 GMT",
        "x-ms-file-attributes": "None",
        "x-ms-file-creation-time": "Now",
        "x-ms-file-last-write-time": "Now",
        "x-ms-file-permission": "Inherit",
        "x-ms-return-client-request-id": "true",
        "x-ms-type": "file",
        "x-ms-version": "2019-07-07"
      },
      "RequestBody": null,
      "StatusCode": 201,
      "ResponseHeaders": {
        "Content-Length": "0",
        "Date": "Wed, 11 Dec 2019 23:07:39 GMT",
        "ETag": "\u00220x8D77E8EEB977D57\u0022",
        "Last-Modified": "Wed, 11 Dec 2019 23:07:39 GMT",
        "Server": [
          "Windows-Azure-File/1.0",
          "Microsoft-HTTPAPI/2.0"
        ],
        "x-ms-client-request-id": "7da37eb1-8bd4-0680-7449-e52d72980031",
        "x-ms-file-attributes": "Archive",
        "x-ms-file-change-time": "2019-12-11T23:07:39.9244119Z",
        "x-ms-file-creation-time": "2019-12-11T23:07:39.9244119Z",
        "x-ms-file-id": "11529285414812647424",
        "x-ms-file-last-write-time": "2019-12-11T23:07:39.9244119Z",
        "x-ms-file-parent-id": "13835128424026341376",
        "x-ms-file-permission-key": "12501538048846835188*422928105932735866",
        "x-ms-request-id": "01ef16ca-d01a-0015-5d77-b08588000000",
        "x-ms-request-server-encrypted": "true",
        "x-ms-version": "2019-07-07"
      },
      "ResponseBody": []
    },
    {
      "RequestUri": "http://seanstagetest.file.core.windows.net/test-share-47ede76d-e7bc-4786-6c51-6dcf66603bb4/test-directory-452298d9-f609-fdcf-6941-96915ddbf940/test-file-896f206b-8673-d806-b636-d4e3d5a7ef6b?comp=range",
      "RequestMethod": "PUT",
      "RequestHeaders": {
        "Authorization": "Sanitized",
        "Content-Length": "1024",
        "traceparent": "00-360d80e55c6da14ba186b26a7843e06d-99f6524bcd734945-00",
        "User-Agent": [
          "azsdk-net-Storage.Files.Shares/12.0.0-dev.20191211.1\u002B2accb37068f0a0c9382fa117525bb968c5397cf7",
          "(.NET Core 4.6.28008.01; Microsoft Windows 10.0.18363 )"
        ],
        "x-ms-client-request-id": "d2fb16c8-b119-4ce2-d2d6-b1394c165b89",
        "x-ms-date": "Wed, 11 Dec 2019 23:07:39 GMT",
        "x-ms-range": "bytes=0-1023",
        "x-ms-return-client-request-id": "true",
        "x-ms-version": "2019-07-07",
        "x-ms-write": "update"
      },
      "RequestBody": "Rl92stVK9HzUliFLcVLXsT9gMBMp9Q28RdtjaVF/yEdVCDw9nriBZoomqD5pNJQhcjPtEmjsB1FRum365osqVc3a9mkVmhKH3smJAk3PUhFGQfcdkbbeaAHr6\u002BRKh3/\u002B\u002B1Nwjz0rC9chZjSfYwQDgWdbs6WTDcMX\u002B45oKq4uPFZJigb5X8PTGzUf/CqBPwT852p879Taau6PWJSvwuEp8irdVdn9CSKkiJhvdBGZlbuJa0JDsU2Cbx8YagYuJFhU9QkApOkr/91I2GY8a/bc9sLYJVef5UDdWua55J8bdWQ/G34HmPHRXmxk\u002B9nmRgQpO3REVv4BtRDJI0kDcRo\u002BLWIC/E931F3RBsfrOulm9hThkKgq1h9lPmZuPnWnzexRJs5340q0sWYXc083FnomYiw1IuBxE1ZDnL7pCZbnKTjamRQb7xLJLd9CE2PPLijrR9xIcqsL3xJ4M0aLy6fQL0oXXHxmC3IZa/QBLwDydG6V/cG6nraMzrkCorvLPmE3ceMZt9GrhTxpLga2CrARhr/Y9c3mFpCTio7DY2i3Ti2Syb4c2Lyc6neEUG\u002Bw1cQJ8Bz780iUUVtShi1D6CLUsuDZI0Dx9K0DOwtVYcUg47TKuXJLu1rl/nhjylKOWQJVsJ6P17GDF/xu\u002BLc8PvCVMaN4eS\u002BviPaG8yXIjipbdOIJ/7EnkQwDRqF23MKiqL\u002BIzZivFt/SpienCOOMuonRE4PVMz8\u002Bbp\u002BWdTKNOKs040plQMCRq14CNliJf4godowXpMk/zXWASV/4GKCtRW57cyWYJnrIQGcl0vzmte4Xbv6mdZPi9BXU5fdgmZO9VPHqDQxjj1ART2RhGvt5mpNx4aqhB8/amH4Pw0GCaKfUZ30L\u002B6fhs96ulCYvgdoaW0tj7rfpG00hEHWOU8sOjua9jLJ9bZ7skC3L83Ooqhej9Wj2H3nv60sw6eoyU2ASnwU/cvQonO6sdl6JHSjZeGZd6l1jGG9tzaFmTYOzujzMuVNtaDgie1h5SagaZc0jVnCE1GgCroeV0qVTwU9q\u002BLwivWTVbA8uO28F6c/HUmfUQ/YTL\u002BXTyQrM15aSzrkID1Hr\u002BKhoTupgVpn5/cS3zoA9f31YV8nXTvNZCZR5m2y1/Np\u002B21q/a/UMsthM2sxFFAkWVU87sLiIFKm1D0VW57ssQwHqOfMmfhOITKXwinQmE/SKY0UceUwi9sawCVywtssdH5bKW9oV8Nc7s2MTl4k1jvtQy4N1D8m1yEMsdXS315ba0mreXLgadXNu4MboD148e3pgYOpHpxDMFZOW6HpihNvNOMUfVjJDNVUQBy8DzLjl8Pr5VnerkipaEUYkhIz5C1zqG9aYHSRIHSqVN6DgyQ==",
      "StatusCode": 201,
      "ResponseHeaders": {
        "Content-Length": "0",
        "Content-MD5": "YsGym4J7\u002BLjeVDNOIE4/xQ==",
        "Date": "Wed, 11 Dec 2019 23:07:39 GMT",
        "ETag": "\u00220x8D77E8EEBA427AD\u0022",
        "Last-Modified": "Wed, 11 Dec 2019 23:07:40 GMT",
        "Server": [
          "Windows-Azure-File/1.0",
          "Microsoft-HTTPAPI/2.0"
        ],
        "x-ms-client-request-id": "d2fb16c8-b119-4ce2-d2d6-b1394c165b89",
        "x-ms-request-id": "01ef16ce-d01a-0015-6177-b08588000000",
        "x-ms-request-server-encrypted": "true",
        "x-ms-version": "2019-07-07"
      },
      "ResponseBody": []
    },
    {
      "RequestUri": "http://seanstagetest.file.core.windows.net/test-share-47ede76d-e7bc-4786-6c51-6dcf66603bb4/test-directory-452298d9-f609-fdcf-6941-96915ddbf940/test-file-896f206b-8673-d806-b636-d4e3d5a7ef6b",
      "RequestMethod": "PUT",
      "RequestHeaders": {
        "Authorization": "Sanitized",
        "traceparent": "00-5cb83fef972a3c4fab1a3e0ad445cb54-e302e57e4c34ed49-00",
        "User-Agent": [
          "azsdk-net-Storage.Files.Shares/12.0.0-dev.20191211.1\u002B2accb37068f0a0c9382fa117525bb968c5397cf7",
          "(.NET Core 4.6.28008.01; Microsoft Windows 10.0.18363 )"
        ],
        "x-ms-client-request-id": "20cc79fe-0ea5-97af-f864-25a9b7f4170c",
        "x-ms-copy-source": "http://seanstagetest.file.core.windows.net/test-share-47ede76d-e7bc-4786-6c51-6dcf66603bb4/test-directory-452298d9-f609-fdcf-6941-96915ddbf940/test-file-896f206b-8673-d806-b636-d4e3d5a7ef6b",
        "x-ms-date": "Wed, 11 Dec 2019 23:07:40 GMT",
        "x-ms-meta-Capital": "letter",
        "x-ms-meta-foo": "bar",
        "x-ms-meta-meta": "data",
        "x-ms-meta-UPPER": "case",
        "x-ms-return-client-request-id": "true",
        "x-ms-version": "2019-07-07"
      },
      "RequestBody": null,
      "StatusCode": 202,
      "ResponseHeaders": {
        "Content-Length": "0",
        "Date": "Wed, 11 Dec 2019 23:07:39 GMT",
        "ETag": "\u00220x8D77E8EEBBA932E\u0022",
        "Last-Modified": "Wed, 11 Dec 2019 23:07:40 GMT",
        "Server": [
          "Windows-Azure-File/1.0",
          "Microsoft-HTTPAPI/2.0"
        ],
        "x-ms-client-request-id": "20cc79fe-0ea5-97af-f864-25a9b7f4170c",
        "x-ms-copy-id": "f2b56c12-d6e5-44e7-aba3-7ff0f4d7ecbc",
        "x-ms-copy-status": "success",
        "x-ms-request-id": "01ef16d0-d01a-0015-6377-b08588000000",
        "x-ms-version": "2019-07-07"
      },
      "ResponseBody": []
    },
    {
      "RequestUri": "http://seanstagetest.file.core.windows.net/test-share-47ede76d-e7bc-4786-6c51-6dcf66603bb4/test-directory-452298d9-f609-fdcf-6941-96915ddbf940/test-file-896f206b-8673-d806-b636-d4e3d5a7ef6b",
      "RequestMethod": "HEAD",
      "RequestHeaders": {
        "Authorization": "Sanitized",
        "traceparent": "00-d0e07f1a23444d42b2635e93f50396fb-386f97fed50ca848-00",
        "User-Agent": [
          "azsdk-net-Storage.Files.Shares/12.0.0-dev.20191211.1\u002B2accb37068f0a0c9382fa117525bb968c5397cf7",
          "(.NET Core 4.6.28008.01; Microsoft Windows 10.0.18363 )"
        ],
        "x-ms-client-request-id": "d33a54f7-3a49-6be4-9867-516f6ecfec3a",
        "x-ms-date": "Wed, 11 Dec 2019 23:07:40 GMT",
        "x-ms-return-client-request-id": "true",
        "x-ms-version": "2019-07-07"
      },
      "RequestBody": null,
      "StatusCode": 200,
      "ResponseHeaders": {
        "Content-Length": "1048576",
        "Content-Type": "application/octet-stream",
        "Date": "Wed, 11 Dec 2019 23:07:39 GMT",
        "ETag": "\u00220x8D77E8EEBBA932E\u0022",
        "Last-Modified": "Wed, 11 Dec 2019 23:07:40 GMT",
        "Server": [
          "Windows-Azure-File/1.0",
          "Microsoft-HTTPAPI/2.0"
        ],
        "Vary": "Origin",
        "x-ms-client-request-id": "d33a54f7-3a49-6be4-9867-516f6ecfec3a",
        "x-ms-copy-completion-time": "Wed, 11 Dec 2019 23:07:40 GMT",
        "x-ms-copy-id": "f2b56c12-d6e5-44e7-aba3-7ff0f4d7ecbc",
        "x-ms-copy-progress": "1048576/1048576",
        "x-ms-copy-source": "https://seanstagetest.file.core.windows.net/test-share-47ede76d-e7bc-4786-6c51-6dcf66603bb4/test-directory-452298d9-f609-fdcf-6941-96915ddbf940/test-file-896f206b-8673-d806-b636-d4e3d5a7ef6b",
        "x-ms-copy-status": "success",
        "x-ms-file-attributes": "Archive",
        "x-ms-file-change-time": "2019-12-11T23:07:40.1543470Z",
        "x-ms-file-creation-time": "2019-12-11T23:07:40.1543470Z",
        "x-ms-file-id": "11529285414812647424",
        "x-ms-file-last-write-time": "2019-12-11T23:07:40.1543470Z",
        "x-ms-file-parent-id": "13835128424026341376",
        "x-ms-file-permission-key": "12501538048846835188*422928105932735866",
        "x-ms-lease-state": "available",
        "x-ms-lease-status": "unlocked",
        "x-ms-meta-Capital": "letter",
        "x-ms-meta-foo": "bar",
        "x-ms-meta-meta": "data",
        "x-ms-meta-UPPER": "case",
        "x-ms-request-id": "01ef16d5-d01a-0015-6877-b08588000000",
        "x-ms-server-encrypted": "true",
        "x-ms-type": "File",
        "x-ms-version": "2019-07-07"
      },
      "ResponseBody": []
    },
    {
      "RequestUri": "http://seanstagetest.file.core.windows.net/test-share-47ede76d-e7bc-4786-6c51-6dcf66603bb4/test-directory-452298d9-f609-fdcf-6941-96915ddbf940/test-file-896f206b-8673-d806-b636-d4e3d5a7ef6b",
      "RequestMethod": "HEAD",
      "RequestHeaders": {
        "Authorization": "Sanitized",
        "traceparent": "00-b5e9f0280c50de4cb32608a5a24e6c1f-88aaab78326bfa45-00",
        "User-Agent": [
          "azsdk-net-Storage.Files.Shares/12.0.0-dev.20191211.1\u002B2accb37068f0a0c9382fa117525bb968c5397cf7",
          "(.NET Core 4.6.28008.01; Microsoft Windows 10.0.18363 )"
        ],
        "x-ms-client-request-id": "62b2ab15-44b9-10c2-2cdf-6486846ec5ce",
        "x-ms-date": "Wed, 11 Dec 2019 23:07:40 GMT",
        "x-ms-return-client-request-id": "true",
        "x-ms-version": "2019-07-07"
      },
      "RequestBody": null,
      "StatusCode": 200,
      "ResponseHeaders": {
        "Content-Length": "1048576",
        "Content-Type": "application/octet-stream",
        "Date": "Wed, 11 Dec 2019 23:07:39 GMT",
        "ETag": "\u00220x8D77E8EEBBA932E\u0022",
        "Last-Modified": "Wed, 11 Dec 2019 23:07:40 GMT",
        "Server": [
          "Windows-Azure-File/1.0",
          "Microsoft-HTTPAPI/2.0"
        ],
        "Vary": "Origin",
        "x-ms-client-request-id": "62b2ab15-44b9-10c2-2cdf-6486846ec5ce",
        "x-ms-copy-completion-time": "Wed, 11 Dec 2019 23:07:40 GMT",
        "x-ms-copy-id": "f2b56c12-d6e5-44e7-aba3-7ff0f4d7ecbc",
        "x-ms-copy-progress": "1048576/1048576",
        "x-ms-copy-source": "https://seanstagetest.file.core.windows.net/test-share-47ede76d-e7bc-4786-6c51-6dcf66603bb4/test-directory-452298d9-f609-fdcf-6941-96915ddbf940/test-file-896f206b-8673-d806-b636-d4e3d5a7ef6b",
        "x-ms-copy-status": "success",
        "x-ms-file-attributes": "Archive",
        "x-ms-file-change-time": "2019-12-11T23:07:40.1543470Z",
        "x-ms-file-creation-time": "2019-12-11T23:07:40.1543470Z",
        "x-ms-file-id": "11529285414812647424",
        "x-ms-file-last-write-time": "2019-12-11T23:07:40.1543470Z",
        "x-ms-file-parent-id": "13835128424026341376",
        "x-ms-file-permission-key": "12501538048846835188*422928105932735866",
        "x-ms-lease-state": "available",
        "x-ms-lease-status": "unlocked",
        "x-ms-meta-Capital": "letter",
        "x-ms-meta-foo": "bar",
        "x-ms-meta-meta": "data",
        "x-ms-meta-UPPER": "case",
        "x-ms-request-id": "01ef16e8-d01a-0015-7a77-b08588000000",
        "x-ms-server-encrypted": "true",
        "x-ms-type": "File",
        "x-ms-version": "2019-07-07"
      },
      "ResponseBody": []
    },
    {
      "RequestUri": "http://seanstagetest.file.core.windows.net/test-share-92be6573-8229-277f-e857-8a325868a865?restype=share",
      "RequestMethod": "DELETE",
      "RequestHeaders": {
        "Authorization": "Sanitized",
        "traceparent": "00-d162f78b6de7d1429396e2b03eee9a59-1101aa895c01764f-00",
        "User-Agent": [
          "azsdk-net-Storage.Files.Shares/12.0.0-dev.20191211.1\u002B2accb37068f0a0c9382fa117525bb968c5397cf7",
          "(.NET Core 4.6.28008.01; Microsoft Windows 10.0.18363 )"
        ],
        "x-ms-client-request-id": "c2590a88-891c-2a81-29d5-c12e7ce9a42c",
        "x-ms-date": "Wed, 11 Dec 2019 23:07:40 GMT",
        "x-ms-delete-snapshots": "include",
        "x-ms-return-client-request-id": "true",
        "x-ms-version": "2019-07-07"
      },
      "RequestBody": null,
      "StatusCode": 202,
      "ResponseHeaders": {
        "Content-Length": "0",
        "Date": "Wed, 11 Dec 2019 23:07:39 GMT",
        "Server": [
          "Windows-Azure-File/1.0",
          "Microsoft-HTTPAPI/2.0"
        ],
        "x-ms-client-request-id": "c2590a88-891c-2a81-29d5-c12e7ce9a42c",
        "x-ms-request-id": "01ef16eb-d01a-0015-7d77-b08588000000",
        "x-ms-version": "2019-07-07"
      },
      "ResponseBody": []
    },
    {
      "RequestUri": "http://seanstagetest.file.core.windows.net/test-share-47ede76d-e7bc-4786-6c51-6dcf66603bb4?restype=share",
      "RequestMethod": "DELETE",
      "RequestHeaders": {
        "Authorization": "Sanitized",
        "traceparent": "00-0b8546a3d614944fb6e1467f54d01dec-0e8aae7e897bf945-00",
        "User-Agent": [
          "azsdk-net-Storage.Files.Shares/12.0.0-dev.20191211.1\u002B2accb37068f0a0c9382fa117525bb968c5397cf7",
          "(.NET Core 4.6.28008.01; Microsoft Windows 10.0.18363 )"
        ],
        "x-ms-client-request-id": "79fde9de-0315-e1b1-e8fa-a2f79f3e99fa",
        "x-ms-date": "Wed, 11 Dec 2019 23:07:40 GMT",
        "x-ms-delete-snapshots": "include",
        "x-ms-return-client-request-id": "true",
        "x-ms-version": "2019-07-07"
      },
      "RequestBody": null,
      "StatusCode": 202,
      "ResponseHeaders": {
        "Content-Length": "0",
        "Date": "Wed, 11 Dec 2019 23:07:39 GMT",
        "Server": [
          "Windows-Azure-File/1.0",
          "Microsoft-HTTPAPI/2.0"
        ],
        "x-ms-client-request-id": "79fde9de-0315-e1b1-e8fa-a2f79f3e99fa",
        "x-ms-request-id": "01ef16ef-d01a-0015-0177-b08588000000",
        "x-ms-version": "2019-07-07"
      },
      "ResponseBody": []
    }
  ],
  "Variables": {
    "DateTimeOffsetNow": "2019-12-11T15:07:40.2252944-08:00",
    "RandomSeed": "1210778215",
    "Storage_TestConfigDefault": "ProductionTenant\nseanstagetest\nU2FuaXRpemVk\nhttp://seanstagetest.blob.core.windows.net\nhttp://seanstagetest.file.core.windows.net\nhttp://seanstagetest.queue.core.windows.net\nhttp://seanstagetest.table.core.windows.net\n\n\n\n\nhttp://seanstagetest-secondary.blob.core.windows.net\nhttp://seanstagetest-secondary.file.core.windows.net\nhttp://seanstagetest-secondary.queue.core.windows.net\nhttp://seanstagetest-secondary.table.core.windows.net\n\nSanitized\n\n\nCloud\nBlobEndpoint=http://seanstagetest.blob.core.windows.net/;QueueEndpoint=http://seanstagetest.queue.core.windows.net/;FileEndpoint=http://seanstagetest.file.core.windows.net/;BlobSecondaryEndpoint=http://seanstagetest-secondary.blob.core.windows.net/;QueueSecondaryEndpoint=http://seanstagetest-secondary.queue.core.windows.net/;FileSecondaryEndpoint=http://seanstagetest-secondary.file.core.windows.net/;AccountName=seanstagetest;AccountKey=Sanitized\nseanscope1"
  }
}