{
  "Entries": [
    {
      "RequestUri": "https://seandevtest.file.core.windows.net/test-share-e8771b44-91cd-e1ff-2c0b-1d75642c43d3?restype=share",
      "RequestMethod": "PUT",
      "RequestHeaders": {
        "Accept": "application/xml",
        "Authorization": "Sanitized",
        "traceparent": "00-357f3a2a731cf4d8fe38e761dab2c187-005b3b0cc7d4ff39-00",
        "User-Agent": [
          "azsdk-net-Storage.Files.Shares/12.9.0-alpha.20220216.1",
          "(.NET 6.0.2; Microsoft Windows 10.0.19044)"
        ],
        "x-ms-client-request-id": "371a0fa6-43c4-b103-fd54-e9682d30e828",
        "x-ms-date": "Wed, 16 Feb 2022 16:20:47 GMT",
        "x-ms-return-client-request-id": "true",
        "x-ms-version": "2021-06-08"
      },
      "RequestBody": null,
      "StatusCode": 201,
      "ResponseHeaders": {
        "Content-Length": "0",
        "Date": "Wed, 16 Feb 2022 16:20:47 GMT",
        "ETag": "\u00220x8D9F1684AA4A686\u0022",
        "Last-Modified": "Wed, 16 Feb 2022 16:20:48 GMT",
        "Server": [
          "Windows-Azure-File/1.0",
          "Microsoft-HTTPAPI/2.0"
        ],
        "x-ms-client-request-id": "371a0fa6-43c4-b103-fd54-e9682d30e828",
        "x-ms-request-id": "3f2c85d1-c01a-0070-1551-2379ce000000",
        "x-ms-version": "2021-06-08"
      },
      "ResponseBody": []
    },
    {
      "RequestUri": "https://seandevtest.file.core.windows.net/test-share-e8771b44-91cd-e1ff-2c0b-1d75642c43d3/test-directory-74dc8197-7156-57c6-0624-c1a04a395df9?restype=directory",
      "RequestMethod": "PUT",
      "RequestHeaders": {
        "Accept": "application/xml",
        "Authorization": "Sanitized",
        "traceparent": "00-96ebe98c8bf96d9f8ee636546945bd32-adb41f349d2d69f9-00",
        "User-Agent": [
          "azsdk-net-Storage.Files.Shares/12.9.0-alpha.20220216.1",
          "(.NET 6.0.2; Microsoft Windows 10.0.19044)"
        ],
        "x-ms-client-request-id": "022f1e44-0856-3569-49c2-309f816366c4",
        "x-ms-date": "Wed, 16 Feb 2022 16:20:47 GMT",
        "x-ms-file-attributes": "None",
        "x-ms-file-creation-time": "Now",
        "x-ms-file-last-write-time": "Now",
        "x-ms-file-permission": "Inherit",
        "x-ms-return-client-request-id": "true",
        "x-ms-version": "2021-06-08"
      },
      "RequestBody": null,
      "StatusCode": 201,
      "ResponseHeaders": {
        "Content-Length": "0",
        "Date": "Wed, 16 Feb 2022 16:20:47 GMT",
        "ETag": "\u00220x8D9F1684AAC9E39\u0022",
        "Last-Modified": "Wed, 16 Feb 2022 16:20:48 GMT",
        "Server": [
          "Windows-Azure-File/1.0",
          "Microsoft-HTTPAPI/2.0"
        ],
        "x-ms-client-request-id": "022f1e44-0856-3569-49c2-309f816366c4",
        "x-ms-file-attributes": "Directory",
        "x-ms-file-change-time": "2022-02-16T16:20:48.1355321Z",
        "x-ms-file-creation-time": "2022-02-16T16:20:48.1355321Z",
        "x-ms-file-id": "13835128424026341376",
        "x-ms-file-last-write-time": "2022-02-16T16:20:48.1355321Z",
        "x-ms-file-parent-id": "0",
        "x-ms-file-permission-key": "5337567907660077720*2506815767522118929",
        "x-ms-request-id": "3f2c85d3-c01a-0070-1651-2379ce000000",
        "x-ms-request-server-encrypted": "true",
        "x-ms-version": "2021-06-08"
      },
      "ResponseBody": []
    },
    {
      "RequestUri": "https://seandevtest.file.core.windows.net/test-share-e8771b44-91cd-e1ff-2c0b-1d75642c43d3/test-directory-74dc8197-7156-57c6-0624-c1a04a395df9/test-file-d0daf0f6-9360-8b17-7156-37213e59545a",
      "RequestMethod": "PUT",
      "RequestHeaders": {
        "Accept": "application/xml",
        "Authorization": "Sanitized",
        "traceparent": "00-a9ddbc61d64cc580a381953097da27a5-641f6a117d1b2df8-00",
        "User-Agent": [
          "azsdk-net-Storage.Files.Shares/12.9.0-alpha.20220216.1",
          "(.NET 6.0.2; Microsoft Windows 10.0.19044)"
        ],
        "x-ms-client-request-id": "12776ecd-54d1-b195-07a4-90ffd047f6f0",
        "x-ms-content-length": "1048576",
        "x-ms-date": "Wed, 16 Feb 2022 16:20:47 GMT",
        "x-ms-file-attributes": "None",
        "x-ms-file-creation-time": "Now",
        "x-ms-file-last-write-time": "Now",
        "x-ms-file-permission": "Inherit",
        "x-ms-return-client-request-id": "true",
        "x-ms-type": "file",
        "x-ms-version": "2021-06-08"
      },
      "RequestBody": null,
      "StatusCode": 201,
      "ResponseHeaders": {
        "Content-Length": "0",
        "Date": "Wed, 16 Feb 2022 16:20:48 GMT",
        "ETag": "\u00220x8D9F1684AC79C57\u0022",
        "Last-Modified": "Wed, 16 Feb 2022 16:20:48 GMT",
        "Server": [
          "Windows-Azure-File/1.0",
          "Microsoft-HTTPAPI/2.0"
        ],
        "x-ms-client-request-id": "12776ecd-54d1-b195-07a4-90ffd047f6f0",
        "x-ms-file-attributes": "Archive",
        "x-ms-file-change-time": "2022-02-16T16:20:48.3124311Z",
        "x-ms-file-creation-time": "2022-02-16T16:20:48.3124311Z",
        "x-ms-file-id": "11529285414812647424",
        "x-ms-file-last-write-time": "2022-02-16T16:20:48.3124311Z",
        "x-ms-file-parent-id": "13835128424026341376",
        "x-ms-file-permission-key": "9973529139831694751*2506815767522118929",
        "x-ms-request-id": "3f2c85d4-c01a-0070-1751-2379ce000000",
        "x-ms-request-server-encrypted": "true",
        "x-ms-version": "2021-06-08"
      },
      "ResponseBody": []
    },
    {
      "RequestUri": "https://seandevtest.file.core.windows.net/test-share-b69fd66d-3b07-9aba-4c54-dbc686c7af01?restype=share",
      "RequestMethod": "PUT",
      "RequestHeaders": {
        "Accept": "application/xml",
        "Authorization": "Sanitized",
        "traceparent": "00-9e0958e78f17f85d6b607acec8553af3-ad83b716a94a0618-00",
        "User-Agent": [
          "azsdk-net-Storage.Files.Shares/12.9.0-alpha.20220216.1",
          "(.NET 6.0.2; Microsoft Windows 10.0.19044)"
        ],
        "x-ms-client-request-id": "04e11ca3-4dd0-92d2-b3dc-c67d78cf2a3f",
        "x-ms-date": "Wed, 16 Feb 2022 16:20:47 GMT",
        "x-ms-return-client-request-id": "true",
        "x-ms-version": "2021-06-08"
      },
      "RequestBody": null,
      "StatusCode": 201,
      "ResponseHeaders": {
        "Content-Length": "0",
        "Date": "Wed, 16 Feb 2022 16:20:48 GMT",
        "ETag": "\u00220x8D9F1684AD34FE7\u0022",
        "Last-Modified": "Wed, 16 Feb 2022 16:20:48 GMT",
        "Server": [
          "Windows-Azure-File/1.0",
          "Microsoft-HTTPAPI/2.0"
        ],
        "x-ms-client-request-id": "04e11ca3-4dd0-92d2-b3dc-c67d78cf2a3f",
        "x-ms-request-id": "3f2c85d5-c01a-0070-1851-2379ce000000",
        "x-ms-version": "2021-06-08"
      },
      "ResponseBody": []
    },
    {
      "RequestUri": "https://seandevtest.file.core.windows.net/test-share-b69fd66d-3b07-9aba-4c54-dbc686c7af01/test-directory-73ac8ef4-27f4-2b0e-4df3-805d1755cfa8?restype=directory",
      "RequestMethod": "PUT",
      "RequestHeaders": {
        "Accept": "application/xml",
        "Authorization": "Sanitized",
        "traceparent": "00-003564a23b4a1e282ec6968dfc6c6caf-18e4577a203dab68-00",
        "User-Agent": [
          "azsdk-net-Storage.Files.Shares/12.9.0-alpha.20220216.1",
          "(.NET 6.0.2; Microsoft Windows 10.0.19044)"
        ],
        "x-ms-client-request-id": "3c71e37f-40f7-7cb7-0eb6-b6ddcc747a5e",
        "x-ms-date": "Wed, 16 Feb 2022 16:20:47 GMT",
        "x-ms-file-attributes": "None",
        "x-ms-file-creation-time": "Now",
        "x-ms-file-last-write-time": "Now",
        "x-ms-file-permission": "Inherit",
        "x-ms-return-client-request-id": "true",
        "x-ms-version": "2021-06-08"
      },
      "RequestBody": null,
      "StatusCode": 201,
      "ResponseHeaders": {
        "Content-Length": "0",
        "Date": "Wed, 16 Feb 2022 16:20:48 GMT",
        "ETag": "\u00220x8D9F1684ADA1034\u0022",
        "Last-Modified": "Wed, 16 Feb 2022 16:20:48 GMT",
        "Server": [
          "Windows-Azure-File/1.0",
          "Microsoft-HTTPAPI/2.0"
        ],
        "x-ms-client-request-id": "3c71e37f-40f7-7cb7-0eb6-b6ddcc747a5e",
        "x-ms-file-attributes": "Directory",
        "x-ms-file-change-time": "2022-02-16T16:20:48.4333620Z",
        "x-ms-file-creation-time": "2022-02-16T16:20:48.4333620Z",
        "x-ms-file-id": "13835128424026341376",
        "x-ms-file-last-write-time": "2022-02-16T16:20:48.4333620Z",
        "x-ms-file-parent-id": "0",
        "x-ms-file-permission-key": "5337567907660077720*2506815767522118929",
        "x-ms-request-id": "3f2c85d7-c01a-0070-1951-2379ce000000",
        "x-ms-request-server-encrypted": "true",
        "x-ms-version": "2021-06-08"
      },
      "ResponseBody": []
    },
    {
      "RequestUri": "https://seandevtest.file.core.windows.net/test-share-b69fd66d-3b07-9aba-4c54-dbc686c7af01/test-directory-73ac8ef4-27f4-2b0e-4df3-805d1755cfa8/test-file-48dc1d0d-bfac-4959-5da6-e8330a08af42",
      "RequestMethod": "PUT",
      "RequestHeaders": {
        "Accept": "application/xml",
        "Authorization": "Sanitized",
        "traceparent": "00-3ac5e160ce0ab65316f6afdf63bcbdf3-daa24110bd67d3dc-00",
        "User-Agent": [
          "azsdk-net-Storage.Files.Shares/12.9.0-alpha.20220216.1",
          "(.NET 6.0.2; Microsoft Windows 10.0.19044)"
        ],
        "x-ms-client-request-id": "5df8be46-ea2e-bfba-8a27-df5157847205",
        "x-ms-content-length": "1048576",
        "x-ms-date": "Wed, 16 Feb 2022 16:20:48 GMT",
        "x-ms-file-attributes": "None",
        "x-ms-file-creation-time": "Now",
        "x-ms-file-last-write-time": "Now",
        "x-ms-file-permission": "Inherit",
        "x-ms-return-client-request-id": "true",
        "x-ms-type": "file",
        "x-ms-version": "2021-06-08"
      },
      "RequestBody": null,
      "StatusCode": 201,
      "ResponseHeaders": {
        "Content-Length": "0",
        "Date": "Wed, 16 Feb 2022 16:20:48 GMT",
        "ETag": "\u00220x8D9F1684AE70699\u0022",
        "Last-Modified": "Wed, 16 Feb 2022 16:20:48 GMT",
        "Server": [
          "Windows-Azure-File/1.0",
          "Microsoft-HTTPAPI/2.0"
        ],
        "x-ms-client-request-id": "5df8be46-ea2e-bfba-8a27-df5157847205",
        "x-ms-file-attributes": "Archive",
        "x-ms-file-change-time": "2022-02-16T16:20:48.5183129Z",
        "x-ms-file-creation-time": "2022-02-16T16:20:48.5183129Z",
        "x-ms-file-id": "11529285414812647424",
        "x-ms-file-last-write-time": "2022-02-16T16:20:48.5183129Z",
        "x-ms-file-parent-id": "13835128424026341376",
        "x-ms-file-permission-key": "9973529139831694751*2506815767522118929",
        "x-ms-request-id": "3f2c85d8-c01a-0070-1a51-2379ce000000",
        "x-ms-request-server-encrypted": "true",
        "x-ms-version": "2021-06-08"
      },
      "ResponseBody": []
    },
    {
      "RequestUri": "https://seandevtest.file.core.windows.net/test-share-b69fd66d-3b07-9aba-4c54-dbc686c7af01?restype=share",
      "RequestMethod": "DELETE",
      "RequestHeaders": {
        "Accept": "application/xml",
        "Authorization": "Sanitized",
        "traceparent": "00-877595271010f3fc5a3f40b48eec8c86-e48d5adfcfdad298-00",
        "User-Agent": [
          "azsdk-net-Storage.Files.Shares/12.9.0-alpha.20220216.1",
          "(.NET 6.0.2; Microsoft Windows 10.0.19044)"
        ],
        "x-ms-client-request-id": "4cecd26c-5110-d514-5f1e-a9bcb35f07f2",
        "x-ms-date": "Wed, 16 Feb 2022 16:20:48 GMT",
        "x-ms-delete-snapshots": "include",
        "x-ms-return-client-request-id": "true",
        "x-ms-version": "2021-06-08"
      },
      "RequestBody": null,
      "StatusCode": 202,
      "ResponseHeaders": {
        "Content-Length": "0",
        "Date": "Wed, 16 Feb 2022 16:20:48 GMT",
        "Server": [
          "Windows-Azure-File/1.0",
          "Microsoft-HTTPAPI/2.0"
        ],
        "x-ms-client-request-id": "4cecd26c-5110-d514-5f1e-a9bcb35f07f2",
        "x-ms-request-id": "3f2c85d9-c01a-0070-1b51-2379ce000000",
        "x-ms-version": "2021-06-08"
      },
      "ResponseBody": []
    },
    {
      "RequestUri": "https://seandevtest.file.core.windows.net/test-share-e8771b44-91cd-e1ff-2c0b-1d75642c43d3?restype=share",
      "RequestMethod": "DELETE",
      "RequestHeaders": {
        "Accept": "application/xml",
        "Authorization": "Sanitized",
        "traceparent": "00-da01db45413b68716856d754ab0fb966-88b5d7f7e35cec27-00",
        "User-Agent": [
          "azsdk-net-Storage.Files.Shares/12.9.0-alpha.20220216.1",
          "(.NET 6.0.2; Microsoft Windows 10.0.19044)"
        ],
        "x-ms-client-request-id": "85e5d5d2-2598-b4f5-6047-52779dbdc70d",
        "x-ms-date": "Wed, 16 Feb 2022 16:20:48 GMT",
        "x-ms-delete-snapshots": "include",
        "x-ms-return-client-request-id": "true",
        "x-ms-version": "2021-06-08"
      },
      "RequestBody": null,
      "StatusCode": 202,
      "ResponseHeaders": {
        "Content-Length": "0",
        "Date": "Wed, 16 Feb 2022 16:20:48 GMT",
        "Server": [
          "Windows-Azure-File/1.0",
          "Microsoft-HTTPAPI/2.0"
        ],
        "x-ms-client-request-id": "85e5d5d2-2598-b4f5-6047-52779dbdc70d",
        "x-ms-request-id": "3f2c85da-c01a-0070-1c51-2379ce000000",
        "x-ms-version": "2021-06-08"
      },
      "ResponseBody": []
    }
  ],
  "Variables": {
    "DateTimeOffsetNow": "2022-02-16T10:20:48.0671003-06:00",
    "RandomSeed": "1760822202",
    "Storage_TestConfigDefault": "ProductionTenant\nseandevtest\nU2FuaXRpemVk\nhttps://seandevtest.blob.core.windows.net\nhttps://seandevtest.file.core.windows.net\nhttps://seandevtest.queue.core.windows.net\nhttps://seandevtest.table.core.windows.net\n\n\n\n\nhttps://seandevtest-secondary.blob.core.windows.net\nhttps://seandevtest-secondary.file.core.windows.net\nhttps://seandevtest-secondary.queue.core.windows.net\nhttps://seandevtest-secondary.table.core.windows.net\n\nSanitized\n\n\nCloud\nBlobEndpoint=https://seandevtest.blob.core.windows.net/;QueueEndpoint=https://seandevtest.queue.core.windows.net/;FileEndpoint=https://seandevtest.file.core.windows.net/;BlobSecondaryEndpoint=https://seandevtest-secondary.blob.core.windows.net/;QueueSecondaryEndpoint=https://seandevtest-secondary.queue.core.windows.net/;FileSecondaryEndpoint=https://seandevtest-secondary.file.core.windows.net/;AccountName=seandevtest;AccountKey=Kg==;\nseanscope1\n\n"
  }
}