{
  "Entries": [
    {
      "RequestUri": "http://seanstagetest.file.core.windows.net/test-share-686389b5-108f-d30d-a4cc-913bef31774f?restype=share",
      "RequestMethod": "PUT",
      "RequestHeaders": {
        "Authorization": "Sanitized",
        "traceparent": "00-954a977483b1724b8591d9dfbac93534-71a4332c6b9c6e46-00",
        "User-Agent": [
          "azsdk-net-Storage.Files.Shares/12.0.0-dev.20191211.1\u002B2accb37068f0a0c9382fa117525bb968c5397cf7",
          "(.NET Core 4.6.28008.01; Microsoft Windows 10.0.18363 )"
        ],
        "x-ms-client-request-id": "295c9bc9-eb50-f7e5-55db-aea7f3ee7539",
        "x-ms-date": "Wed, 11 Dec 2019 23:05:58 GMT",
        "x-ms-return-client-request-id": "true",
        "x-ms-version": "2019-07-07"
      },
      "RequestBody": null,
      "StatusCode": 201,
      "ResponseHeaders": {
        "Content-Length": "0",
        "Date": "Wed, 11 Dec 2019 23:05:58 GMT",
        "ETag": "\u00220x8D77E8EAF45A667\u0022",
        "Last-Modified": "Wed, 11 Dec 2019 23:05:58 GMT",
        "Server": [
          "Windows-Azure-File/1.0",
          "Microsoft-HTTPAPI/2.0"
        ],
        "x-ms-client-request-id": "295c9bc9-eb50-f7e5-55db-aea7f3ee7539",
        "x-ms-request-id": "b65eb98c-301a-0022-1f77-b05724000000",
        "x-ms-version": "2019-07-07"
      },
      "ResponseBody": []
    },
    {
      "RequestUri": "http://seanstagetest.file.core.windows.net/test-share-686389b5-108f-d30d-a4cc-913bef31774f/test-directory-00c4c48e-e41b-3aa0-9be2-0379d7595b9c?restype=directory",
      "RequestMethod": "PUT",
      "RequestHeaders": {
        "Authorization": "Sanitized",
        "traceparent": "00-51cff3be61f4404ebbd43fffdb4ad90b-f62418f772ac5844-00",
        "User-Agent": [
          "azsdk-net-Storage.Files.Shares/12.0.0-dev.20191211.1\u002B2accb37068f0a0c9382fa117525bb968c5397cf7",
          "(.NET Core 4.6.28008.01; Microsoft Windows 10.0.18363 )"
        ],
        "x-ms-client-request-id": "b424ffa0-7d43-e568-fa21-8e6de86b1ffb",
        "x-ms-date": "Wed, 11 Dec 2019 23:05:58 GMT",
        "x-ms-file-attributes": "None",
        "x-ms-file-creation-time": "Now",
        "x-ms-file-last-write-time": "Now",
        "x-ms-file-permission": "Inherit",
        "x-ms-return-client-request-id": "true",
        "x-ms-version": "2019-07-07"
      },
      "RequestBody": null,
      "StatusCode": 201,
      "ResponseHeaders": {
        "Content-Length": "0",
        "Date": "Wed, 11 Dec 2019 23:05:58 GMT",
        "ETag": "\u00220x8D77E8EAF543567\u0022",
        "Last-Modified": "Wed, 11 Dec 2019 23:05:58 GMT",
        "Server": [
          "Windows-Azure-File/1.0",
          "Microsoft-HTTPAPI/2.0"
        ],
        "x-ms-client-request-id": "b424ffa0-7d43-e568-fa21-8e6de86b1ffb",
        "x-ms-file-attributes": "Directory",
        "x-ms-file-change-time": "2019-12-11T23:05:58.8201831Z",
        "x-ms-file-creation-time": "2019-12-11T23:05:58.8201831Z",
        "x-ms-file-id": "13835128424026341376",
        "x-ms-file-last-write-time": "2019-12-11T23:05:58.8201831Z",
        "x-ms-file-parent-id": "0",
        "x-ms-file-permission-key": "7855875120676328179*422928105932735866",
        "x-ms-request-id": "b65eb991-301a-0022-2377-b05724000000",
        "x-ms-request-server-encrypted": "true",
        "x-ms-version": "2019-07-07"
      },
      "ResponseBody": []
    },
    {
      "RequestUri": "http://seanstagetest.file.core.windows.net/test-share-686389b5-108f-d30d-a4cc-913bef31774f/test-directory-00c4c48e-e41b-3aa0-9be2-0379d7595b9c/test-file-e658117f-217c-4063-c5f7-50631eca6f54",
      "RequestMethod": "PUT",
      "RequestHeaders": {
        "Authorization": "Sanitized",
        "traceparent": "00-9e7121cf5a969d43847ca2bd0bac1cbe-536c3be18e73864a-00",
        "User-Agent": [
          "azsdk-net-Storage.Files.Shares/12.0.0-dev.20191211.1\u002B2accb37068f0a0c9382fa117525bb968c5397cf7",
          "(.NET Core 4.6.28008.01; Microsoft Windows 10.0.18363 )"
        ],
        "x-ms-client-request-id": "ba56ca98-a6ee-7ffa-9be4-ee4c2c05c630",
        "x-ms-content-length": "1048576",
        "x-ms-date": "Wed, 11 Dec 2019 23:05:58 GMT",
        "x-ms-file-attributes": "None",
        "x-ms-file-creation-time": "Now",
        "x-ms-file-last-write-time": "Now",
        "x-ms-file-permission": "Inherit",
        "x-ms-return-client-request-id": "true",
        "x-ms-type": "file",
        "x-ms-version": "2019-07-07"
      },
      "RequestBody": null,
      "StatusCode": 201,
      "ResponseHeaders": {
        "Content-Length": "0",
        "Date": "Wed, 11 Dec 2019 23:05:58 GMT",
        "ETag": "\u00220x8D77E8EAF60DD0C\u0022",
        "Last-Modified": "Wed, 11 Dec 2019 23:05:58 GMT",
        "Server": [
          "Windows-Azure-File/1.0",
          "Microsoft-HTTPAPI/2.0"
        ],
        "x-ms-client-request-id": "ba56ca98-a6ee-7ffa-9be4-ee4c2c05c630",
        "x-ms-file-attributes": "Archive",
        "x-ms-file-change-time": "2019-12-11T23:05:58.9031180Z",
        "x-ms-file-creation-time": "2019-12-11T23:05:58.9031180Z",
        "x-ms-file-id": "11529285414812647424",
        "x-ms-file-last-write-time": "2019-12-11T23:05:58.9031180Z",
        "x-ms-file-parent-id": "13835128424026341376",
        "x-ms-file-permission-key": "12501538048846835188*422928105932735866",
        "x-ms-request-id": "b65eb996-301a-0022-2877-b05724000000",
        "x-ms-request-server-encrypted": "true",
        "x-ms-version": "2019-07-07"
      },
      "ResponseBody": []
    },
    {
      "RequestUri": "http://seanstagetest.file.core.windows.net/test-share-5c173ab2-4792-d8c6-b887-41f0c8b08034?restype=share",
      "RequestMethod": "PUT",
      "RequestHeaders": {
        "Authorization": "Sanitized",
        "traceparent": "00-5069a05f19cd8840b92fd26678337808-1ef28099b8dce74f-00",
        "User-Agent": [
          "azsdk-net-Storage.Files.Shares/12.0.0-dev.20191211.1\u002B2accb37068f0a0c9382fa117525bb968c5397cf7",
          "(.NET Core 4.6.28008.01; Microsoft Windows 10.0.18363 )"
        ],
        "x-ms-client-request-id": "850128c5-8779-51b1-037d-0166640ab6eb",
        "x-ms-date": "Wed, 11 Dec 2019 23:05:58 GMT",
        "x-ms-return-client-request-id": "true",
        "x-ms-version": "2019-07-07"
      },
      "RequestBody": null,
      "StatusCode": 201,
      "ResponseHeaders": {
        "Content-Length": "0",
        "Date": "Wed, 11 Dec 2019 23:05:58 GMT",
        "ETag": "\u00220x8D77E8EAF6CB6A9\u0022",
        "Last-Modified": "Wed, 11 Dec 2019 23:05:58 GMT",
        "Server": [
          "Windows-Azure-File/1.0",
          "Microsoft-HTTPAPI/2.0"
        ],
        "x-ms-client-request-id": "850128c5-8779-51b1-037d-0166640ab6eb",
        "x-ms-request-id": "b65eb99e-301a-0022-3077-b05724000000",
        "x-ms-version": "2019-07-07"
      },
      "ResponseBody": []
    },
    {
      "RequestUri": "http://seanstagetest.file.core.windows.net/test-share-5c173ab2-4792-d8c6-b887-41f0c8b08034/test-directory-2038ba64-733a-fdbb-d468-cb380a761fac?restype=directory",
      "RequestMethod": "PUT",
      "RequestHeaders": {
        "Authorization": "Sanitized",
        "traceparent": "00-ba17f9bfabbc6f4c9c877b805fec4f9e-d8bebf8f02342b4e-00",
        "User-Agent": [
          "azsdk-net-Storage.Files.Shares/12.0.0-dev.20191211.1\u002B2accb37068f0a0c9382fa117525bb968c5397cf7",
          "(.NET Core 4.6.28008.01; Microsoft Windows 10.0.18363 )"
        ],
        "x-ms-client-request-id": "feec51a3-84d4-5264-6c04-b011bc79468d",
        "x-ms-date": "Wed, 11 Dec 2019 23:05:59 GMT",
        "x-ms-file-attributes": "None",
        "x-ms-file-creation-time": "Now",
        "x-ms-file-last-write-time": "Now",
        "x-ms-file-permission": "Inherit",
        "x-ms-return-client-request-id": "true",
        "x-ms-version": "2019-07-07"
      },
      "RequestBody": null,
      "StatusCode": 201,
      "ResponseHeaders": {
        "Content-Length": "0",
        "Date": "Wed, 11 Dec 2019 23:05:58 GMT",
        "ETag": "\u00220x8D77E8EAF7BDF7F\u0022",
        "Last-Modified": "Wed, 11 Dec 2019 23:05:59 GMT",
        "Server": [
          "Windows-Azure-File/1.0",
          "Microsoft-HTTPAPI/2.0"
        ],
        "x-ms-client-request-id": "feec51a3-84d4-5264-6c04-b011bc79468d",
        "x-ms-file-attributes": "Directory",
        "x-ms-file-change-time": "2019-12-11T23:05:59.0801279Z",
        "x-ms-file-creation-time": "2019-12-11T23:05:59.0801279Z",
        "x-ms-file-id": "13835128424026341376",
        "x-ms-file-last-write-time": "2019-12-11T23:05:59.0801279Z",
        "x-ms-file-parent-id": "0",
        "x-ms-file-permission-key": "7855875120676328179*422928105932735866",
        "x-ms-request-id": "b65eb9a6-301a-0022-3777-b05724000000",
        "x-ms-request-server-encrypted": "true",
        "x-ms-version": "2019-07-07"
      },
      "ResponseBody": []
    },
    {
      "RequestUri": "http://seanstagetest.file.core.windows.net/test-share-5c173ab2-4792-d8c6-b887-41f0c8b08034/test-directory-2038ba64-733a-fdbb-d468-cb380a761fac/test-file-c284555e-16de-693d-ffac-c5c023c549d5",
      "RequestMethod": "PUT",
      "RequestHeaders": {
        "Authorization": "Sanitized",
        "traceparent": "00-ae7015e890aa9846aefff77892e829dc-dbf44d83cab70b43-00",
        "User-Agent": [
          "azsdk-net-Storage.Files.Shares/12.0.0-dev.20191211.1\u002B2accb37068f0a0c9382fa117525bb968c5397cf7",
          "(.NET Core 4.6.28008.01; Microsoft Windows 10.0.18363 )"
        ],
        "x-ms-client-request-id": "5e98c233-887a-8ca8-1383-fe27bea32fa7",
        "x-ms-content-length": "1048576",
        "x-ms-date": "Wed, 11 Dec 2019 23:05:59 GMT",
        "x-ms-file-attributes": "None",
        "x-ms-file-creation-time": "Now",
        "x-ms-file-last-write-time": "Now",
        "x-ms-file-permission": "Inherit",
        "x-ms-return-client-request-id": "true",
        "x-ms-type": "file",
        "x-ms-version": "2019-07-07"
      },
      "RequestBody": null,
      "StatusCode": 201,
      "ResponseHeaders": {
        "Content-Length": "0",
        "Date": "Wed, 11 Dec 2019 23:05:58 GMT",
        "ETag": "\u00220x8D77E8EAF89255B\u0022",
        "Last-Modified": "Wed, 11 Dec 2019 23:05:59 GMT",
        "Server": [
          "Windows-Azure-File/1.0",
          "Microsoft-HTTPAPI/2.0"
        ],
        "x-ms-client-request-id": "5e98c233-887a-8ca8-1383-fe27bea32fa7",
        "x-ms-file-attributes": "Archive",
        "x-ms-file-change-time": "2019-12-11T23:05:59.1671131Z",
        "x-ms-file-creation-time": "2019-12-11T23:05:59.1671131Z",
        "x-ms-file-id": "11529285414812647424",
        "x-ms-file-last-write-time": "2019-12-11T23:05:59.1671131Z",
        "x-ms-file-parent-id": "13835128424026341376",
        "x-ms-file-permission-key": "12501538048846835188*422928105932735866",
        "x-ms-request-id": "b65eb9ac-301a-0022-3d77-b05724000000",
        "x-ms-request-server-encrypted": "true",
        "x-ms-version": "2019-07-07"
      },
      "ResponseBody": []
    },
    {
      "RequestUri": "http://seanstagetest.file.core.windows.net/test-share-5c173ab2-4792-d8c6-b887-41f0c8b08034/test-directory-2038ba64-733a-fdbb-d468-cb380a761fac/test-file-c284555e-16de-693d-ffac-c5c023c549d5?comp=lease",
      "RequestMethod": "PUT",
      "RequestHeaders": {
        "Authorization": "Sanitized",
        "traceparent": "00-df169f11a128d342af81a979bf67a84e-e420564c2802fa4f-00",
        "User-Agent": [
          "azsdk-net-Storage.Files.Shares/12.0.0-dev.20191211.1\u002B2accb37068f0a0c9382fa117525bb968c5397cf7",
          "(.NET Core 4.6.28008.01; Microsoft Windows 10.0.18363 )"
        ],
        "x-ms-client-request-id": "6eef8baa-58b6-a6fd-be5b-e15404a2a880",
        "x-ms-date": "Wed, 11 Dec 2019 23:05:59 GMT",
        "x-ms-lease-action": "acquire",
        "x-ms-lease-duration": "-1",
        "x-ms-proposed-lease-id": "77f3dbba-8ce4-3d03-7d26-8405e3931e55",
        "x-ms-return-client-request-id": "true",
        "x-ms-version": "2019-07-07"
      },
      "RequestBody": null,
      "StatusCode": 201,
      "ResponseHeaders": {
        "Date": "Wed, 11 Dec 2019 23:05:58 GMT",
        "ETag": "\u00220x8D77E8EAF89255B\u0022",
        "Last-Modified": "Wed, 11 Dec 2019 23:05:59 GMT",
        "Server": [
          "Windows-Azure-File/1.0",
          "Microsoft-HTTPAPI/2.0"
        ],
        "Transfer-Encoding": "chunked",
        "x-ms-client-request-id": "6eef8baa-58b6-a6fd-be5b-e15404a2a880",
        "x-ms-lease-id": "77f3dbba-8ce4-3d03-7d26-8405e3931e55",
        "x-ms-request-id": "b65eb9af-301a-0022-4077-b05724000000",
        "x-ms-version": "2019-07-07"
      },
      "ResponseBody": []
    },
    {
      "RequestUri": "http://seanstagetest.file.core.windows.net/test-share-686389b5-108f-d30d-a4cc-913bef31774f/test-directory-00c4c48e-e41b-3aa0-9be2-0379d7595b9c/test-file-e658117f-217c-4063-c5f7-50631eca6f54?comp=range",
      "RequestMethod": "PUT",
      "RequestHeaders": {
        "Authorization": "Sanitized",
        "Content-Length": "1024",
        "traceparent": "00-8e5c79e542b23f45b221714d676c31f5-81020d1e67e08a4f-00",
        "User-Agent": [
          "azsdk-net-Storage.Files.Shares/12.0.0-dev.20191211.1\u002B2accb37068f0a0c9382fa117525bb968c5397cf7",
          "(.NET Core 4.6.28008.01; Microsoft Windows 10.0.18363 )"
        ],
        "x-ms-client-request-id": "b0e9d52a-779c-684b-c1d4-edb73e7ff6bd",
        "x-ms-date": "Wed, 11 Dec 2019 23:05:59 GMT",
        "x-ms-range": "bytes=0-1023",
        "x-ms-return-client-request-id": "true",
        "x-ms-version": "2019-07-07",
        "x-ms-write": "update"
      },
      "RequestBody": "ZKlK2RbOe8\u002BAX9vb5/0bzIfqW1ijsJ\u002BE5\u002Bai0QkGj/lfJKF4ZsWD3BAf7VZ9Ib/BQBTMGUdQ3LQKxfIvLKnFes/he8JbombBZ35IhMJIB8Un4ZD1OXaxDkftbqDTU7BmWXOHm6X9ZZ2uCrLICFjxwb4sCEoZ0EBZMGx6bTTF7hPO4SpPwWsgKXvzRi/E6Abv/Kzhp0tlTYgyLWs5g/hp6Rye\u002BSYtof9TDN7PJYoRlUdminCH5EfIaZSiHJMA5qaCiV0TJe7fwVusjppslSf\u002BIZgk0viH4QTU1Y\u002BSi4RrUiU4TJwt/m9YhskV21WsXNRto/v73BSu\u002B6dYPlBeTTbWQDt1NEiK0CMoy0svcgavJ3m7JOeJcHYQiVH11b8f\u002BTmSPpoaNyeM4tPY0hDIf4mgqBfWoyhOTdDEZKr2lftkCdESnDNslfBRL0EUsJ1lSArIVCyoSFYQRPDKVdJ8lU3Xc8k\u002BtuNVMxMmhXTmOpwyXhygLkDPu8B7AVhCokAd1Jn0PD3UJ5ImciAYgcPhKQlUl/a23GcMCLgIwrSLE5HTCLDa8v1fXTeKersftjr9mthO7gpKZ/gy5zOEzGTem1\u002BPRXgSBzYM9Dq\u002BK2Gr7FJ9CijbPSWGiaG4pwrK2pDTrN5bkHDB65KhQvnQizuWhvvhB8I7Al46CbzXWV8sQhmp63\u002BDT1zhvB\u002BVOvortf1lIiAP6NPOl6mAIYa06ZEzdQDgJ6C7Ezee/0uipchjD1O\u002Bcjc\u002BHVlF2lPWAi7VLNKNYsX6S45cqQ7pcOiIK/HhHRIz9ndZ9Femmk1M5RAIydN4FUMDaMTEYckpVKxwva5i9OUcoTZaNG1tVLBBD8P94acVDxau3rRNbpSuMKCrNtye6vEr7CecHeDVlhQTg1EFK3MEW62XsxYwzjOhrATNwR3ToiXR0vSAePI22EigOutCqAQsptsvBzbb\u002Bh30\u002BnHcCNT2P\u002BAsNFh\u002BhOK7YdvOkJNHXwT/oBtCpJvu9tjWjH2AWs90qfsKFXSrriH4dKVbDWmKrJtt3Gi4tJpFPT2Ap/hlOgcLWeeYPUmQU/L5SjD1k\u002BluTN/hE31nu/Vgxdg2KwYpkzmeT7OB8W9R3Yh2vmlqT6pTEVsYgyeJo57yOHdxWSjsz7b2VkM27FtwkDb08fyL9XUt4xmqERASFasUj7n34INgie6zc/hmHSQAp/PwlLKhZ0ICQ3YOQb6m5EGYIV2ieK\u002BylGcN2IJ8x8X0qmkdIYD5cyh29ZwNUUgwDI\u002B3zvvHXS9DPQBKk47AhXywGpZUiMLAn641K4MSpEIe3cvyxfnKLUw62eOAruCZtnAfXTey24PM9y5NkTKsMJm9K7XDzcCD5exJGq/eP/DOm3US8g==",
      "StatusCode": 201,
      "ResponseHeaders": {
        "Content-Length": "0",
        "Content-MD5": "mz2BwLGlFnIZLEBoXecP9w==",
        "Date": "Wed, 11 Dec 2019 23:05:58 GMT",
        "ETag": "\u00220x8D77E8EAFA1DFA1\u0022",
        "Last-Modified": "Wed, 11 Dec 2019 23:05:59 GMT",
        "Server": [
          "Windows-Azure-File/1.0",
          "Microsoft-HTTPAPI/2.0"
        ],
        "x-ms-client-request-id": "b0e9d52a-779c-684b-c1d4-edb73e7ff6bd",
        "x-ms-request-id": "b65eb9b5-301a-0022-4477-b05724000000",
        "x-ms-request-server-encrypted": "true",
        "x-ms-version": "2019-07-07"
      },
      "ResponseBody": []
    },
    {
      "RequestUri": "http://seanstagetest.file.core.windows.net/test-share-5c173ab2-4792-d8c6-b887-41f0c8b08034/test-directory-2038ba64-733a-fdbb-d468-cb380a761fac/test-file-c284555e-16de-693d-ffac-c5c023c549d5",
      "RequestMethod": "PUT",
      "RequestHeaders": {
        "Authorization": "Sanitized",
        "traceparent": "00-8e4d736ffdfecf4f8447d01e680bc861-943716dd37461a46-00",
        "User-Agent": [
          "azsdk-net-Storage.Files.Shares/12.0.0-dev.20191211.1\u002B2accb37068f0a0c9382fa117525bb968c5397cf7",
          "(.NET Core 4.6.28008.01; Microsoft Windows 10.0.18363 )"
        ],
        "x-ms-client-request-id": "c5a36d7c-628c-cf56-c003-3f7238168bfd",
        "x-ms-copy-source": "http://seanstagetest.file.core.windows.net/test-share-686389b5-108f-d30d-a4cc-913bef31774f/test-directory-00c4c48e-e41b-3aa0-9be2-0379d7595b9c/test-file-e658117f-217c-4063-c5f7-50631eca6f54",
        "x-ms-date": "Wed, 11 Dec 2019 23:05:59 GMT",
        "x-ms-lease-id": "77f3dbba-8ce4-3d03-7d26-8405e3931e55",
        "x-ms-return-client-request-id": "true",
        "x-ms-version": "2019-07-07"
      },
      "RequestBody": null,
      "StatusCode": 202,
      "ResponseHeaders": {
        "Content-Length": "0",
        "Date": "Wed, 11 Dec 2019 23:05:59 GMT",
        "ETag": "\u00220x8D77E8EAFBAE43E\u0022",
        "Last-Modified": "Wed, 11 Dec 2019 23:05:59 GMT",
        "Server": [
          "Windows-Azure-File/1.0",
          "Microsoft-HTTPAPI/2.0"
        ],
        "x-ms-client-request-id": "c5a36d7c-628c-cf56-c003-3f7238168bfd",
        "x-ms-copy-id": "e477ada5-6624-48e7-9345-eb054ece0545",
        "x-ms-copy-status": "success",
        "x-ms-request-id": "b65eb9b7-301a-0022-4677-b05724000000",
        "x-ms-version": "2019-07-07"
      },
      "ResponseBody": []
    },
    {
      "RequestUri": "http://seanstagetest.file.core.windows.net/test-share-5c173ab2-4792-d8c6-b887-41f0c8b08034?restype=share",
      "RequestMethod": "DELETE",
      "RequestHeaders": {
        "Authorization": "Sanitized",
        "traceparent": "00-d0989c3b906803418adb818ce51ff2f8-5837022b02f3da4a-00",
        "User-Agent": [
          "azsdk-net-Storage.Files.Shares/12.0.0-dev.20191211.1\u002B2accb37068f0a0c9382fa117525bb968c5397cf7",
          "(.NET Core 4.6.28008.01; Microsoft Windows 10.0.18363 )"
        ],
        "x-ms-client-request-id": "d03a59cf-30db-3731-e782-f2bb74096edc",
        "x-ms-date": "Wed, 11 Dec 2019 23:05:59 GMT",
        "x-ms-delete-snapshots": "include",
        "x-ms-return-client-request-id": "true",
        "x-ms-version": "2019-07-07"
      },
      "RequestBody": null,
      "StatusCode": 202,
      "ResponseHeaders": {
        "Content-Length": "0",
        "Date": "Wed, 11 Dec 2019 23:05:59 GMT",
        "Server": [
          "Windows-Azure-File/1.0",
          "Microsoft-HTTPAPI/2.0"
        ],
        "x-ms-client-request-id": "d03a59cf-30db-3731-e782-f2bb74096edc",
        "x-ms-request-id": "b65eb9bb-301a-0022-4a77-b05724000000",
        "x-ms-version": "2019-07-07"
      },
      "ResponseBody": []
    },
    {
      "RequestUri": "http://seanstagetest.file.core.windows.net/test-share-686389b5-108f-d30d-a4cc-913bef31774f?restype=share",
      "RequestMethod": "DELETE",
      "RequestHeaders": {
        "Authorization": "Sanitized",
        "traceparent": "00-0df3b303b0d1e745a0e2d0a1383f9aad-a9ee60adcfd49e48-00",
        "User-Agent": [
          "azsdk-net-Storage.Files.Shares/12.0.0-dev.20191211.1\u002B2accb37068f0a0c9382fa117525bb968c5397cf7",
          "(.NET Core 4.6.28008.01; Microsoft Windows 10.0.18363 )"
        ],
        "x-ms-client-request-id": "dea309c9-bbdb-7522-2bbd-84751e070150",
        "x-ms-date": "Wed, 11 Dec 2019 23:05:59 GMT",
        "x-ms-delete-snapshots": "include",
        "x-ms-return-client-request-id": "true",
        "x-ms-version": "2019-07-07"
      },
      "RequestBody": null,
      "StatusCode": 202,
      "ResponseHeaders": {
        "Content-Length": "0",
        "Date": "Wed, 11 Dec 2019 23:05:59 GMT",
        "Server": [
          "Windows-Azure-File/1.0",
          "Microsoft-HTTPAPI/2.0"
        ],
        "x-ms-client-request-id": "dea309c9-bbdb-7522-2bbd-84751e070150",
        "x-ms-request-id": "b65eb9c1-301a-0022-5077-b05724000000",
        "x-ms-version": "2019-07-07"
      },
      "ResponseBody": []
    }
  ],
  "Variables": {
    "RandomSeed": "1640180916",
    "Storage_TestConfigDefault": "ProductionTenant\nseanstagetest\nU2FuaXRpemVk\nhttp://seanstagetest.blob.core.windows.net\nhttp://seanstagetest.file.core.windows.net\nhttp://seanstagetest.queue.core.windows.net\nhttp://seanstagetest.table.core.windows.net\n\n\n\n\nhttp://seanstagetest-secondary.blob.core.windows.net\nhttp://seanstagetest-secondary.file.core.windows.net\nhttp://seanstagetest-secondary.queue.core.windows.net\nhttp://seanstagetest-secondary.table.core.windows.net\n\nSanitized\n\n\nCloud\nBlobEndpoint=http://seanstagetest.blob.core.windows.net/;QueueEndpoint=http://seanstagetest.queue.core.windows.net/;FileEndpoint=http://seanstagetest.file.core.windows.net/;BlobSecondaryEndpoint=http://seanstagetest-secondary.blob.core.windows.net/;QueueSecondaryEndpoint=http://seanstagetest-secondary.queue.core.windows.net/;FileSecondaryEndpoint=http://seanstagetest-secondary.file.core.windows.net/;AccountName=seanstagetest;AccountKey=Sanitized\nseanscope1"
  }
}