{
  "Entries": [
    {
      "RequestUri": "https://ccqxscnapby3pev24a.file.preprod.core.windows.net/test-share-905e82a4-6a72-28a0-5bde-c41d93400673?restype=share",
      "RequestMethod": "PUT",
      "RequestHeaders": {
        "Accept": "application/xml",
        "Authorization": "Sanitized",
        "Content-Length": "0",
        "traceparent": "00-a8c6a65538ea38d88ae29352501648db-7a17ce985584bd6e-00",
        "User-Agent": "azsdk-net-Storage.Files.Shares/12.9.0-alpha.20220301.1 (.NET 6.0.2; Microsoft Windows 10.0.19044)",
        "x-ms-client-request-id": "f0a7a7cd-5c4d-f164-c8c8-9974082143c9",
        "x-ms-date": "Wed, 02 Mar 2022 01:53:54 GMT",
        "x-ms-return-client-request-id": "true",
        "x-ms-version": "2021-06-08"
      },
      "RequestBody": null,
      "StatusCode": 201,
      "ResponseHeaders": {
        "Date": "Wed, 02 Mar 2022 01:53:52 GMT",
        "ETag": "\u00220x8D9FBEF813C9424\u0022",
        "Last-Modified": "Wed, 02 Mar 2022 01:53:53 GMT",
        "Transfer-Encoding": "chunked",
        "x-ms-client-request-id": "f0a7a7cd-5c4d-f164-c8c8-9974082143c9",
        "x-ms-request-id": "1f36e3b3-e01a-0001-17d8-2d1b65000000",
        "x-ms-version": "2021-06-08"
      },
      "ResponseBody": null
    },
    {
      "RequestUri": "https://ccqxscnapby3pev24a.file.preprod.core.windows.net/test-share-905e82a4-6a72-28a0-5bde-c41d93400673/test-directory-83721620-69d3-15e3-ff50-e2f19d4a697b?restype=directory",
      "RequestMethod": "PUT",
      "RequestHeaders": {
        "Accept": "application/xml",
        "Authorization": "Sanitized",
        "Content-Length": "0",
        "traceparent": "00-1d302e8ea531db929a12589576ad6605-b55d1b89517b0d7d-00",
        "User-Agent": "azsdk-net-Storage.Files.Shares/12.9.0-alpha.20220301.1 (.NET 6.0.2; Microsoft Windows 10.0.19044)",
        "x-ms-client-request-id": "a736043d-156d-6439-c492-f1fc7973547e",
        "x-ms-date": "Wed, 02 Mar 2022 01:53:54 GMT",
        "x-ms-file-attributes": "None",
        "x-ms-file-creation-time": "Now",
        "x-ms-file-last-write-time": "Now",
        "x-ms-file-permission": "Inherit",
        "x-ms-return-client-request-id": "true",
        "x-ms-version": "2021-06-08"
      },
      "RequestBody": null,
      "StatusCode": 201,
      "ResponseHeaders": {
        "Date": "Wed, 02 Mar 2022 01:53:52 GMT",
        "ETag": "\u00220x8D9FBEF81487842\u0022",
        "Last-Modified": "Wed, 02 Mar 2022 01:53:53 GMT",
        "Transfer-Encoding": "chunked",
        "x-ms-client-request-id": "a736043d-156d-6439-c492-f1fc7973547e",
        "x-ms-file-attributes": "Directory",
        "x-ms-file-change-time": "2022-03-02T01:53:53.4401602Z",
        "x-ms-file-creation-time": "2022-03-02T01:53:53.4401602Z",
        "x-ms-file-id": "13835128424026341376",
        "x-ms-file-last-write-time": "2022-03-02T01:53:53.4401602Z",
        "x-ms-file-parent-id": "0",
        "x-ms-file-permission-key": "6636718055355906454*15040535609108930519",
        "x-ms-request-id": "1f36e3b5-e01a-0001-18d8-2d1b65000000",
        "x-ms-request-server-encrypted": "true",
        "x-ms-version": "2021-06-08"
      },
      "ResponseBody": null
    },
    {
      "RequestUri": "https://ccqxscnapby3pev24a.file.preprod.core.windows.net/test-share-905e82a4-6a72-28a0-5bde-c41d93400673/test-directory-83721620-69d3-15e3-ff50-e2f19d4a697b/test-file-512e1e5e-58d1-0a30-f06d-59af4beb1ff1",
      "RequestMethod": "PUT",
      "RequestHeaders": {
        "Accept": "application/xml",
        "Authorization": "Sanitized",
        "Content-Length": "0",
        "traceparent": "00-2e7409acc9eaed009d11a66c180a2baa-dcec28ee4b626a91-00",
        "User-Agent": "azsdk-net-Storage.Files.Shares/12.9.0-alpha.20220301.1 (.NET 6.0.2; Microsoft Windows 10.0.19044)",
        "x-ms-client-request-id": "d7989fcf-b4e0-e5ba-d32b-b700bb8a18d8",
        "x-ms-content-length": "1048576",
        "x-ms-date": "Wed, 02 Mar 2022 01:53:54 GMT",
        "x-ms-file-attributes": "None",
        "x-ms-file-creation-time": "Now",
        "x-ms-file-last-write-time": "Now",
        "x-ms-file-permission": "Inherit",
        "x-ms-return-client-request-id": "true",
        "x-ms-type": "file",
        "x-ms-version": "2021-06-08"
      },
      "RequestBody": null,
      "StatusCode": 201,
      "ResponseHeaders": {
        "Date": "Wed, 02 Mar 2022 01:53:53 GMT",
        "ETag": "\u00220x8D9FBEF8152FFA5\u0022",
        "Last-Modified": "Wed, 02 Mar 2022 01:53:53 GMT",
        "Transfer-Encoding": "chunked",
        "x-ms-client-request-id": "d7989fcf-b4e0-e5ba-d32b-b700bb8a18d8",
        "x-ms-file-attributes": "Archive",
        "x-ms-file-change-time": "2022-03-02T01:53:53.5091621Z",
        "x-ms-file-creation-time": "2022-03-02T01:53:53.5091621Z",
        "x-ms-file-id": "11529285414812647424",
        "x-ms-file-last-write-time": "2022-03-02T01:53:53.5091621Z",
        "x-ms-file-parent-id": "13835128424026341376",
        "x-ms-file-permission-key": "3642658080986097841*15040535609108930519",
        "x-ms-request-id": "1f36e3b6-e01a-0001-19d8-2d1b65000000",
        "x-ms-request-server-encrypted": "true",
        "x-ms-version": "2021-06-08"
      },
      "ResponseBody": null
    },
    {
      "RequestUri": "https://ccqxscnapby3pev24a.file.preprod.core.windows.net/test-share-23b10072-bbbf-9d6a-11fd-d3e6312ae5c6?restype=share",
      "RequestMethod": "PUT",
      "RequestHeaders": {
        "Accept": "application/xml",
        "Authorization": "Sanitized",
        "Content-Length": "0",
        "traceparent": "00-cbd7a84b12460ebf48318baaaf26e8f3-7fc5c149918bd0c5-00",
        "User-Agent": "azsdk-net-Storage.Files.Shares/12.9.0-alpha.20220301.1 (.NET 6.0.2; Microsoft Windows 10.0.19044)",
        "x-ms-client-request-id": "24934dd2-6878-13f6-34fb-c6e2e1d4b4a9",
        "x-ms-date": "Wed, 02 Mar 2022 01:53:54 GMT",
        "x-ms-return-client-request-id": "true",
        "x-ms-version": "2021-06-08"
      },
      "RequestBody": null,
      "StatusCode": 201,
      "ResponseHeaders": {
        "Date": "Wed, 02 Mar 2022 01:53:53 GMT",
        "ETag": "\u00220x8D9FBEF815C2A76\u0022",
        "Last-Modified": "Wed, 02 Mar 2022 01:53:53 GMT",
        "Transfer-Encoding": "chunked",
        "x-ms-client-request-id": "24934dd2-6878-13f6-34fb-c6e2e1d4b4a9",
        "x-ms-request-id": "1f36e3b7-e01a-0001-1ad8-2d1b65000000",
        "x-ms-version": "2021-06-08"
      },
      "ResponseBody": null
    },
    {
      "RequestUri": "https://ccqxscnapby3pev24a.file.preprod.core.windows.net/test-share-23b10072-bbbf-9d6a-11fd-d3e6312ae5c6/test-directory-181ef045-6caa-2a85-ee1b-86f2f6829304?restype=directory",
      "RequestMethod": "PUT",
      "RequestHeaders": {
        "Accept": "application/xml",
        "Authorization": "Sanitized",
        "Content-Length": "0",
        "traceparent": "00-f27603563c1f10afff0340509a268b7e-6b721a927dc51e25-00",
        "User-Agent": "azsdk-net-Storage.Files.Shares/12.9.0-alpha.20220301.1 (.NET 6.0.2; Microsoft Windows 10.0.19044)",
        "x-ms-client-request-id": "19a21c19-5dee-6648-c769-355de1041db2",
        "x-ms-date": "Wed, 02 Mar 2022 01:53:54 GMT",
        "x-ms-file-attributes": "None",
        "x-ms-file-creation-time": "Now",
        "x-ms-file-last-write-time": "Now",
        "x-ms-file-permission": "Inherit",
        "x-ms-return-client-request-id": "true",
        "x-ms-version": "2021-06-08"
      },
      "RequestBody": null,
      "StatusCode": 201,
      "ResponseHeaders": {
        "Date": "Wed, 02 Mar 2022 01:53:53 GMT",
        "ETag": "\u00220x8D9FBEF81677218\u0022",
        "Last-Modified": "Wed, 02 Mar 2022 01:53:53 GMT",
        "Transfer-Encoding": "chunked",
        "x-ms-client-request-id": "19a21c19-5dee-6648-c769-355de1041db2",
        "x-ms-file-attributes": "Directory",
        "x-ms-file-change-time": "2022-03-02T01:53:53.6431640Z",
        "x-ms-file-creation-time": "2022-03-02T01:53:53.6431640Z",
        "x-ms-file-id": "13835128424026341376",
        "x-ms-file-last-write-time": "2022-03-02T01:53:53.6431640Z",
        "x-ms-file-parent-id": "0",
        "x-ms-file-permission-key": "6636718055355906454*15040535609108930519",
        "x-ms-request-id": "1f36e3b9-e01a-0001-1bd8-2d1b65000000",
        "x-ms-request-server-encrypted": "true",
        "x-ms-version": "2021-06-08"
      },
      "ResponseBody": null
    },
    {
      "RequestUri": "https://ccqxscnapby3pev24a.file.preprod.core.windows.net/test-share-23b10072-bbbf-9d6a-11fd-d3e6312ae5c6/test-directory-181ef045-6caa-2a85-ee1b-86f2f6829304/test-file-005bc268-d0c0-8412-a2a4-6bdef52ea8c0",
      "RequestMethod": "PUT",
      "RequestHeaders": {
        "Accept": "application/xml",
        "Authorization": "Sanitized",
        "Content-Length": "0",
        "traceparent": "00-cfc810a02f7d036e4b6bf9598e523ff1-e4c0e7b28cdc68e2-00",
        "User-Agent": "azsdk-net-Storage.Files.Shares/12.9.0-alpha.20220301.1 (.NET 6.0.2; Microsoft Windows 10.0.19044)",
        "x-ms-client-request-id": "bfefc4ad-b4d3-4907-0a1e-764af1697099",
        "x-ms-content-length": "1048576",
        "x-ms-date": "Wed, 02 Mar 2022 01:53:54 GMT",
        "x-ms-file-attributes": "None",
        "x-ms-file-creation-time": "Now",
        "x-ms-file-last-write-time": "Now",
        "x-ms-file-permission": "Inherit",
        "x-ms-return-client-request-id": "true",
        "x-ms-type": "file",
        "x-ms-version": "2021-06-08"
      },
      "RequestBody": null,
      "StatusCode": 201,
      "ResponseHeaders": {
        "Date": "Wed, 02 Mar 2022 01:53:53 GMT",
        "ETag": "\u00220x8D9FBEF8171F969\u0022",
        "Last-Modified": "Wed, 02 Mar 2022 01:53:53 GMT",
        "Transfer-Encoding": "chunked",
        "x-ms-client-request-id": "bfefc4ad-b4d3-4907-0a1e-764af1697099",
        "x-ms-file-attributes": "Archive",
        "x-ms-file-change-time": "2022-03-02T01:53:53.7121641Z",
        "x-ms-file-creation-time": "2022-03-02T01:53:53.7121641Z",
        "x-ms-file-id": "11529285414812647424",
        "x-ms-file-last-write-time": "2022-03-02T01:53:53.7121641Z",
        "x-ms-file-parent-id": "13835128424026341376",
        "x-ms-file-permission-key": "3642658080986097841*15040535609108930519",
        "x-ms-request-id": "1f36e3ba-e01a-0001-1cd8-2d1b65000000",
        "x-ms-request-server-encrypted": "true",
        "x-ms-version": "2021-06-08"
      },
      "ResponseBody": null
    },
    {
      "RequestUri": "https://ccqxscnapby3pev24a.file.preprod.core.windows.net/test-share-905e82a4-6a72-28a0-5bde-c41d93400673/test-directory-83721620-69d3-15e3-ff50-e2f19d4a697b/test-file-512e1e5e-58d1-0a30-f06d-59af4beb1ff1?comp=range",
      "RequestMethod": "PUT",
      "RequestHeaders": {
        "Accept": "application/xml",
        "Authorization": "Sanitized",
        "Content-Length": "1024",
        "Content-Type": "application/octet-stream",
        "traceparent": "00-eceb1980ba263fc9bb187a6d1241dbd7-b3d28a5a86d72b83-00",
        "User-Agent": "azsdk-net-Storage.Files.Shares/12.9.0-alpha.20220301.1 (.NET 6.0.2; Microsoft Windows 10.0.19044)",
        "x-ms-client-request-id": "0bdf6aa1-c408-eb61-3042-edb2547b3acb",
        "x-ms-date": "Wed, 02 Mar 2022 01:53:54 GMT",
        "x-ms-range": "bytes=0-1023",
        "x-ms-return-client-request-id": "true",
        "x-ms-version": "2021-06-08",
        "x-ms-write": "update"
      },
      "RequestBody": "wHT3IixE0u6sMGgTtOT3sgzCMTE/6O2xt47PwgPKOC48gm0X\u002BHV8afIAEqJM85UlJsQ9Ljg\u002BWdeHRmuddQ/r4vc61zF337qXRsc/PtVKZcT5qZs/jAn1/iiVkLEJ3/PiFTCqERxjrUYJpuhw/xsBPOGmo8tzrFXuRNgI4k8IjWfUXCiln1OolvxVNeYhhP4Nk1PQYjsobmnbvMxDWsr3ARiBnKLyXJ2N/g3OHnZvzb/a\u002B077OCorq\u002B6/yeKGZDsxXjTNn\u002BhbGze1QmQtWU/zbO8NaF98\u002B8jtVfG0MpK6B5nSnMBCoS3Xft8XRvXG/VGezF3yefvbtWJr30r3puik\u002BjvKW7yPscrCNep/ZLXTJ1efFmY0x42e9udd1sHi4Nf3c0u6/KKVDxuTMEQRW1GtmLjyV5CBbzKtLGXVMdoI31QSiPFpGSu1CgdLoZdJjJqVrz4J8IhHdQMYDNA9v91AilDv/9NfRH\u002BNPU2JNc6bY5/KP4Kc/\u002B/LyxPtUQxbeEoqCxZGWY3HNWu\u002BfLM7vT81fKkwcn9bo4thJDPAcvJzMsUDXyq3VAkSAwkW3YI8kA3TuNRjKgXKz2eL5TVZB8N5S0ruN14VfiifHW92RMYIJJQm7LkdEAe/OJDCK27TuftFnZE4TliuvTqsww2VVIqhgsChMhoKWztDLv/OUlK5y2R0MKY00NY7dy5/cEz6KuMFIamuMobhO0FW9SBY32vn8/ioISTjbLHqZbrriuvvSQMbyTGoC5nek/Rl3tu24pjDl3xUUQi/IbT3w8zL9bBWZqscPRY5P\u002Bheyo4vfo7WNIIiJ/Numvf6XKd8sEfMEp1DD3cvmaWBiliU9Yd6j6MmIY9JqM2958u0IeFvvY6hkrfw7G8WpprdoZ2a2qVwgMwEVY\u002B3g2rPhSere3jEEszJ82PQiaMzEHv1bAYwIg0mRKEUamf/6Q9MIGZHaiohGI/Q0OdCn/Yo0EUTwhZjn2IZhTfXsKdlyglUg2k966VQ01N3X1Em5KSq65kh6yb46YEDLeXzSWjnawbd7RyN6\u002BSgwu/C6z8Q86GTLcQOQ97jW5rnOr3AXYnrkPRLSPaIHQC0gSk3Nf1B8jpDYByk2Scn\u002BZKBpbEm32Vl11tLxaqrCg/DWcK1rCadpkiDfPxsR7bMJE5kBndPjaHD0V6h9SyPmFUN4YBlcU1r5P9po2Jo\u002BI\u002BkfqFbRwSXc8sg8drI\u002B7Ab9OSnX2Y2Z7IB\u002BCF45uo\u002BW9nO/HaLM1FRdW20RX9zo\u002BlOTa5\u002BwZgpbhfuWk7iHo3g4ZYA\u002Bf45j8GTVur4gSIyjVU4Kpg8wJpApI5fnNgCblbg1GPpcqnqFL7t6mquMOz1vMz5qvT0oyD8wFVv2vLokA==",
      "StatusCode": 201,
      "ResponseHeaders": {
        "Content-MD5": "TwcQTwjgwW\u002BvU2990r1EKA==",
        "Date": "Wed, 02 Mar 2022 01:53:53 GMT",
        "ETag": "\u00220x8D9FBEF817BBD64\u0022",
        "Last-Modified": "Wed, 02 Mar 2022 01:53:53 GMT",
        "Transfer-Encoding": "chunked",
        "x-ms-client-request-id": "0bdf6aa1-c408-eb61-3042-edb2547b3acb",
        "x-ms-file-last-write-time": "2022-03-02T01:53:53.7761636Z",
        "x-ms-request-id": "1f36e3bb-e01a-0001-1dd8-2d1b65000000",
        "x-ms-request-server-encrypted": "true",
        "x-ms-version": "2021-06-08"
      },
      "ResponseBody": null
    },
    {
      "RequestUri": "https://ccqxscnapby3pev24a.file.preprod.core.windows.net/test-share-905e82a4-6a72-28a0-5bde-c41d93400673/test-directory-83721620-69d3-15e3-ff50-e2f19d4a697b/test-file-512e1e5e-58d1-0a30-f06d-59af4beb1ff1",
      "RequestMethod": "PUT",
      "RequestHeaders": {
        "Accept": "application/xml",
        "Authorization": "Sanitized",
        "Content-Length": "0",
        "traceparent": "00-b9aa41b8e46507f047c3f89efc931ae6-e74f7de34d822484-00",
        "User-Agent": "azsdk-net-Storage.Files.Shares/12.9.0-alpha.20220301.1 (.NET 6.0.2; Microsoft Windows 10.0.19044)",
        "x-ms-client-request-id": "70cee12e-dc12-2387-312c-7c7c5b6856d2",
        "x-ms-copy-source": "https://ccqxscnapby3pev24a.file.preprod.core.windows.net/test-share-905e82a4-6a72-28a0-5bde-c41d93400673/test-directory-83721620-69d3-15e3-ff50-e2f19d4a697b/test-file-512e1e5e-58d1-0a30-f06d-59af4beb1ff1",
        "x-ms-date": "Wed, 02 Mar 2022 01:53:54 GMT",
        "x-ms-file-copy-ignore-readonly": "true",
        "x-ms-file-copy-set-archive": "true",
        "x-ms-return-client-request-id": "true",
        "x-ms-version": "2021-06-08"
      },
      "RequestBody": null,
      "StatusCode": 202,
      "ResponseHeaders": {
        "Date": "Wed, 02 Mar 2022 01:53:53 GMT",
        "ETag": "\u00220x8D9FBEF8190CC42\u0022",
        "Last-Modified": "Wed, 02 Mar 2022 01:53:53 GMT",
        "Transfer-Encoding": "chunked",
        "x-ms-client-request-id": "70cee12e-dc12-2387-312c-7c7c5b6856d2",
        "x-ms-copy-id": "d090aec6-f51c-4800-89df-7615ffab8299",
        "x-ms-copy-status": "success",
        "x-ms-request-id": "1f36e3bc-e01a-0001-1ed8-2d1b65000000",
        "x-ms-version": "2021-06-08"
      },
      "ResponseBody": null
    },
    {
      "RequestUri": "https://ccqxscnapby3pev24a.file.preprod.core.windows.net/test-share-23b10072-bbbf-9d6a-11fd-d3e6312ae5c6?restype=share",
      "RequestMethod": "DELETE",
      "RequestHeaders": {
        "Accept": "application/xml",
        "Authorization": "Sanitized",
        "traceparent": "00-e2f943df6c7e4dd8de60574a0556af39-b7c119ba5c455a76-00",
        "User-Agent": "azsdk-net-Storage.Files.Shares/12.9.0-alpha.20220301.1 (.NET 6.0.2; Microsoft Windows 10.0.19044)",
        "x-ms-client-request-id": "728420f7-caac-27b8-d25e-e9ebc3ba1749",
        "x-ms-date": "Wed, 02 Mar 2022 01:53:55 GMT",
        "x-ms-delete-snapshots": "include",
        "x-ms-return-client-request-id": "true",
        "x-ms-version": "2021-06-08"
      },
      "RequestBody": null,
      "StatusCode": 202,
      "ResponseHeaders": {
        "Date": "Wed, 02 Mar 2022 01:53:53 GMT",
        "Transfer-Encoding": "chunked",
        "x-ms-client-request-id": "728420f7-caac-27b8-d25e-e9ebc3ba1749",
        "x-ms-request-id": "1f36e3c6-e01a-0001-1fd8-2d1b65000000",
        "x-ms-version": "2021-06-08"
      },
      "ResponseBody": null
    },
    {
      "RequestUri": "https://ccqxscnapby3pev24a.file.preprod.core.windows.net/test-share-905e82a4-6a72-28a0-5bde-c41d93400673?restype=share",
      "RequestMethod": "DELETE",
      "RequestHeaders": {
        "Accept": "application/xml",
        "Authorization": "Sanitized",
        "traceparent": "00-d0f04dec535d7276683a08b38589a904-9ca8240a7a18572c-00",
        "User-Agent": "azsdk-net-Storage.Files.Shares/12.9.0-alpha.20220301.1 (.NET 6.0.2; Microsoft Windows 10.0.19044)",
        "x-ms-client-request-id": "3b84a05a-e3e4-0f25-5522-a94d8d6f9d79",
        "x-ms-date": "Wed, 02 Mar 2022 01:53:55 GMT",
        "x-ms-delete-snapshots": "include",
        "x-ms-return-client-request-id": "true",
        "x-ms-version": "2021-06-08"
      },
      "RequestBody": null,
      "StatusCode": 202,
      "ResponseHeaders": {
        "Date": "Wed, 02 Mar 2022 01:53:53 GMT",
        "Transfer-Encoding": "chunked",
        "x-ms-client-request-id": "3b84a05a-e3e4-0f25-5522-a94d8d6f9d79",
        "x-ms-request-id": "1f36e3c7-e01a-0001-20d8-2d1b65000000",
        "x-ms-version": "2021-06-08"
      },
      "ResponseBody": null
    }
  ],
  "Variables": {
    "RandomSeed": "722523032",
    "Storage_TestConfigDefault": "ProductionTenant\nccqxscnapby3pev24a\nU2FuaXRpemVk\nhttps://ccqxscnapby3pev24a.blob.core.windows.net\nhttps://ccqxscnapby3pev24a.file.preprod.core.windows.net\nhttps://ccqxscnapby3pev24a.queue.core.windows.net\nhttps://ccqxscnapby3pev24a.table.core.windows.net\n\n\n\n\nhttps://ccqxscnapby3pev24a-secondary.blob.core.windows.net\nhttps://ccqxscnapby3pev24a-secondary.file.core.windows.net\nhttp://ccqxscnapby3pev24a-secondary.queue.core.windows.net\nhttps://ccqxscnapby3pev24a-secondary.table.core.windows.net\n\nSanitized\n\n\nCloud\nBlobEndpoint=https://ccqxscnapby3pev24a.blob.core.windows.net/;QueueEndpoint=https://ccqxscnapby3pev24a.queue.core.windows.net/;FileEndpoint=https://ccqxscnapby3pev24a.file.preprod.core.windows.net/;BlobSecondaryEndpoint=https://ccqxscnapby3pev24a-secondary.blob.core.windows.net/;QueueSecondaryEndpoint=http://ccqxscnapby3pev24a-secondary.queue.core.windows.net/;FileSecondaryEndpoint=https://ccqxscnapby3pev24a-secondary.file.core.windows.net/;AccountName=ccqxscnapby3pev24a;AccountKey=Sanitized\nseanscope1\n\n"
  }
}
