{
  "Entries": [
    {
      "RequestUri": "http://seanstagetest.file.core.windows.net/test-share-ac0bd5b8-3ab4-a117-d541-c19294cb9063?restype=share",
      "RequestMethod": "PUT",
      "RequestHeaders": {
        "Authorization": "Sanitized",
<<<<<<< HEAD
        "traceparent": "00-ee9a38942a0af24786f532ea42d5edea-905c4903ac53d248-00",
=======
        "traceparent": "00-4f64d06217e5654eb5758263fd4d1f2e-640e80744276844e-00",
>>>>>>> feature/storage/stg71-base
        "User-Agent": [
          "azsdk-net-Storage.Files.Shares/12.0.0-dev.20191204.1\u002B5028d723e0cdeb10a227db4dee6ed6afa7cb4fa8",
          "(.NET Core 4.6.28008.01; Microsoft Windows 10.0.18363 )"
        ],
        "x-ms-client-request-id": "67efb8bf-07f1-2e3c-94b7-79da97391c0d",
<<<<<<< HEAD
        "x-ms-date": "Wed, 04 Dec 2019 23:00:26 GMT",
        "x-ms-return-client-request-id": "true",
=======
        "x-ms-date": "Wed, 04 Dec 2019 19:45:27 GMT",
        "x-ms-return-client-request-id": "true",
        "x-ms-share-quota": "1",
>>>>>>> feature/storage/stg71-base
        "x-ms-version": "2019-07-07"
      },
      "RequestBody": null,
      "StatusCode": 201,
      "ResponseHeaders": {
        "Content-Length": "0",
<<<<<<< HEAD
        "Date": "Wed, 04 Dec 2019 23:00:25 GMT",
        "ETag": "\u00220x8D7790DC03C2D33\u0022",
        "Last-Modified": "Wed, 04 Dec 2019 23:00:26 GMT",
=======
        "Date": "Wed, 04 Dec 2019 19:45:26 GMT",
        "ETag": "\u00220x8D778F2835193FD\u0022",
        "Last-Modified": "Wed, 04 Dec 2019 19:45:27 GMT",
>>>>>>> feature/storage/stg71-base
        "Server": [
          "Windows-Azure-File/1.0",
          "Microsoft-HTTPAPI/2.0"
        ],
        "x-ms-client-request-id": "67efb8bf-07f1-2e3c-94b7-79da97391c0d",
<<<<<<< HEAD
        "x-ms-request-id": "edfb906d-501a-0046-7ff6-aaa6bc000000",
=======
        "x-ms-request-id": "6805ad21-401a-0007-55db-aafe58000000",
>>>>>>> feature/storage/stg71-base
        "x-ms-version": "2019-07-07"
      },
      "ResponseBody": []
    },
    {
      "RequestUri": "http://seanstagetest.file.core.windows.net/test-share-ac0bd5b8-3ab4-a117-d541-c19294cb9063/test-directory-104612a1-319e-5ceb-6ec7-efeb43e04337?restype=directory",
      "RequestMethod": "PUT",
      "RequestHeaders": {
        "Authorization": "Sanitized",
<<<<<<< HEAD
        "traceparent": "00-a141c37fdcde4a47afac7af4ad5e2e13-c7d7033a95305748-00",
=======
        "traceparent": "00-214e609ff1015647a6840e07ff4b2a6c-72dcbf3dfa12c447-00",
>>>>>>> feature/storage/stg71-base
        "User-Agent": [
          "azsdk-net-Storage.Files.Shares/12.0.0-dev.20191204.1\u002B5028d723e0cdeb10a227db4dee6ed6afa7cb4fa8",
          "(.NET Core 4.6.28008.01; Microsoft Windows 10.0.18363 )"
        ],
        "x-ms-client-request-id": "4b96e9ac-2d57-8eec-cd93-f92a1851eab4",
<<<<<<< HEAD
        "x-ms-date": "Wed, 04 Dec 2019 23:00:26 GMT",
=======
        "x-ms-date": "Wed, 04 Dec 2019 19:45:27 GMT",
>>>>>>> feature/storage/stg71-base
        "x-ms-file-attributes": "None",
        "x-ms-file-creation-time": "Now",
        "x-ms-file-last-write-time": "Now",
        "x-ms-file-permission": "Inherit",
        "x-ms-return-client-request-id": "true",
        "x-ms-version": "2019-07-07"
      },
      "RequestBody": null,
      "StatusCode": 201,
      "ResponseHeaders": {
        "Content-Length": "0",
<<<<<<< HEAD
        "Date": "Wed, 04 Dec 2019 23:00:25 GMT",
        "ETag": "\u00220x8D7790DC04A9E86\u0022",
        "Last-Modified": "Wed, 04 Dec 2019 23:00:26 GMT",
=======
        "Date": "Wed, 04 Dec 2019 19:45:27 GMT",
        "ETag": "\u00220x8D778F2835FD786\u0022",
        "Last-Modified": "Wed, 04 Dec 2019 19:45:27 GMT",
>>>>>>> feature/storage/stg71-base
        "Server": [
          "Windows-Azure-File/1.0",
          "Microsoft-HTTPAPI/2.0"
        ],
        "x-ms-client-request-id": "4b96e9ac-2d57-8eec-cd93-f92a1851eab4",
        "x-ms-file-attributes": "Directory",
<<<<<<< HEAD
        "x-ms-file-change-time": "2019-12-04T23:00:26.3865990Z",
        "x-ms-file-creation-time": "2019-12-04T23:00:26.3865990Z",
        "x-ms-file-id": "13835128424026341376",
        "x-ms-file-last-write-time": "2019-12-04T23:00:26.3865990Z",
        "x-ms-file-parent-id": "0",
        "x-ms-file-permission-key": "7855875120676328179*422928105932735866",
        "x-ms-request-id": "edfb9072-501a-0046-01f6-aaa6bc000000",
=======
        "x-ms-file-change-time": "2019-12-04T19:45:27.7729670Z",
        "x-ms-file-creation-time": "2019-12-04T19:45:27.7729670Z",
        "x-ms-file-id": "13835128424026341376",
        "x-ms-file-last-write-time": "2019-12-04T19:45:27.7729670Z",
        "x-ms-file-parent-id": "0",
        "x-ms-file-permission-key": "7855875120676328179*422928105932735866",
        "x-ms-request-id": "6805ad25-401a-0007-58db-aafe58000000",
>>>>>>> feature/storage/stg71-base
        "x-ms-request-server-encrypted": "true",
        "x-ms-version": "2019-07-07"
      },
      "ResponseBody": []
    },
    {
      "RequestUri": "http://seanstagetest.file.core.windows.net/test-share-ac0bd5b8-3ab4-a117-d541-c19294cb9063/test-directory-104612a1-319e-5ceb-6ec7-efeb43e04337/test-file-61d74173-3f66-7832-a142-7895c3e978e1",
      "RequestMethod": "PUT",
      "RequestHeaders": {
        "Authorization": "Sanitized",
<<<<<<< HEAD
        "traceparent": "00-4152c7bc94f813419599c92591be7fb5-0e077b14bea40c46-00",
=======
        "traceparent": "00-59134f76cb66af4bbfa641113569c532-bf007af86155f743-00",
>>>>>>> feature/storage/stg71-base
        "User-Agent": [
          "azsdk-net-Storage.Files.Shares/12.0.0-dev.20191204.1\u002B5028d723e0cdeb10a227db4dee6ed6afa7cb4fa8",
          "(.NET Core 4.6.28008.01; Microsoft Windows 10.0.18363 )"
        ],
        "x-ms-client-request-id": "a18eb91e-4ab5-6d1b-b71d-aa14b456cbe4",
        "x-ms-content-length": "1048576",
<<<<<<< HEAD
        "x-ms-date": "Wed, 04 Dec 2019 23:00:26 GMT",
=======
        "x-ms-date": "Wed, 04 Dec 2019 19:45:27 GMT",
>>>>>>> feature/storage/stg71-base
        "x-ms-file-attributes": "None",
        "x-ms-file-creation-time": "Now",
        "x-ms-file-last-write-time": "Now",
        "x-ms-file-permission": "Inherit",
        "x-ms-return-client-request-id": "true",
        "x-ms-type": "file",
        "x-ms-version": "2019-07-07"
      },
      "RequestBody": null,
      "StatusCode": 201,
      "ResponseHeaders": {
        "Content-Length": "0",
<<<<<<< HEAD
        "Date": "Wed, 04 Dec 2019 23:00:25 GMT",
        "ETag": "\u00220x8D7790DC057BEB6\u0022",
        "Last-Modified": "Wed, 04 Dec 2019 23:00:26 GMT",
=======
        "Date": "Wed, 04 Dec 2019 19:45:27 GMT",
        "ETag": "\u00220x8D778F2836D1F1B\u0022",
        "Last-Modified": "Wed, 04 Dec 2019 19:45:27 GMT",
>>>>>>> feature/storage/stg71-base
        "Server": [
          "Windows-Azure-File/1.0",
          "Microsoft-HTTPAPI/2.0"
        ],
        "x-ms-client-request-id": "a18eb91e-4ab5-6d1b-b71d-aa14b456cbe4",
        "x-ms-file-attributes": "Archive",
<<<<<<< HEAD
        "x-ms-file-change-time": "2019-12-04T23:00:26.4726198Z",
        "x-ms-file-creation-time": "2019-12-04T23:00:26.4726198Z",
        "x-ms-file-id": "11529285414812647424",
        "x-ms-file-last-write-time": "2019-12-04T23:00:26.4726198Z",
        "x-ms-file-parent-id": "13835128424026341376",
        "x-ms-file-permission-key": "12501538048846835188*422928105932735866",
        "x-ms-request-id": "edfb9077-501a-0046-05f6-aaa6bc000000",
=======
        "x-ms-file-change-time": "2019-12-04T19:45:27.8599963Z",
        "x-ms-file-creation-time": "2019-12-04T19:45:27.8599963Z",
        "x-ms-file-id": "11529285414812647424",
        "x-ms-file-last-write-time": "2019-12-04T19:45:27.8599963Z",
        "x-ms-file-parent-id": "13835128424026341376",
        "x-ms-file-permission-key": "12501538048846835188*422928105932735866",
        "x-ms-request-id": "6805ad27-401a-0007-5adb-aafe58000000",
>>>>>>> feature/storage/stg71-base
        "x-ms-request-server-encrypted": "true",
        "x-ms-version": "2019-07-07"
      },
      "ResponseBody": []
    },
    {
      "RequestUri": "http://seanstagetest.file.core.windows.net/test-share-ac0bd5b8-3ab4-a117-d541-c19294cb9063/test-directory-104612a1-319e-5ceb-6ec7-efeb43e04337/test-file-61d74173-3f66-7832-a142-7895c3e978e1",
      "RequestMethod": "PUT",
      "RequestHeaders": {
        "Authorization": "Sanitized",
<<<<<<< HEAD
        "traceparent": "00-8852db446b0ea7489c390b98c2cc6d6d-1b02398937511e4b-00",
=======
        "traceparent": "00-f04fa823a251cb47bd63f6f5bcec133b-1113146c09318449-00",
>>>>>>> feature/storage/stg71-base
        "User-Agent": [
          "azsdk-net-Storage.Files.Shares/12.0.0-dev.20191204.1\u002B5028d723e0cdeb10a227db4dee6ed6afa7cb4fa8",
          "(.NET Core 4.6.28008.01; Microsoft Windows 10.0.18363 )"
        ],
        "x-ms-client-request-id": "09763256-d75a-d12c-51d0-a22c4dcb20f2",
        "x-ms-copy-source": "https://error.file.core.windows.net/",
<<<<<<< HEAD
        "x-ms-date": "Wed, 04 Dec 2019 23:00:26 GMT",
=======
        "x-ms-date": "Wed, 04 Dec 2019 19:45:27 GMT",
>>>>>>> feature/storage/stg71-base
        "x-ms-return-client-request-id": "true",
        "x-ms-version": "2019-07-07"
      },
      "RequestBody": null,
      "StatusCode": 400,
      "ResponseHeaders": {
        "Content-Length": "269",
        "Content-Type": "application/xml",
<<<<<<< HEAD
        "Date": "Wed, 04 Dec 2019 23:00:26 GMT",
=======
        "Date": "Wed, 04 Dec 2019 19:45:27 GMT",
>>>>>>> feature/storage/stg71-base
        "Server": [
          "Windows-Azure-File/1.0",
          "Microsoft-HTTPAPI/2.0"
        ],
        "x-ms-client-request-id": "09763256-d75a-d12c-51d0-a22c4dcb20f2",
        "x-ms-error-code": "CannotVerifyCopySource",
<<<<<<< HEAD
        "x-ms-request-id": "edfb907b-501a-0046-09f6-aaa6bc000000",
=======
        "x-ms-request-id": "6805ad29-401a-0007-5cdb-aafe58000000",
>>>>>>> feature/storage/stg71-base
        "x-ms-version": "2019-07-07"
      },
      "ResponseBody": [
        "\uFEFF\u003C?xml version=\u00221.0\u0022 encoding=\u0022utf-8\u0022?\u003E\u003CError\u003E\u003CCode\u003ECannotVerifyCopySource\u003C/Code\u003E\u003CMessage\u003EValue for one of the query parameters specified in the request URI is invalid.\n",
<<<<<<< HEAD
        "RequestId:edfb907b-501a-0046-09f6-aaa6bc000000\n",
        "Time:2019-12-04T23:00:27.1519556Z\u003C/Message\u003E\u003C/Error\u003E"
=======
        "RequestId:6805ad29-401a-0007-5cdb-aafe58000000\n",
        "Time:2019-12-04T19:45:28.2039580Z\u003C/Message\u003E\u003C/Error\u003E"
>>>>>>> feature/storage/stg71-base
      ]
    },
    {
      "RequestUri": "http://seanstagetest.file.core.windows.net/test-share-ac0bd5b8-3ab4-a117-d541-c19294cb9063?restype=share",
      "RequestMethod": "DELETE",
      "RequestHeaders": {
        "Authorization": "Sanitized",
<<<<<<< HEAD
        "traceparent": "00-58d44347883cc448ad8ae524dab78ab0-897271cba7b56b4b-00",
=======
        "traceparent": "00-c2e63821eb01cc45a82251ed34a17144-e909b6a0c0ff0f4f-00",
>>>>>>> feature/storage/stg71-base
        "User-Agent": [
          "azsdk-net-Storage.Files.Shares/12.0.0-dev.20191204.1\u002B5028d723e0cdeb10a227db4dee6ed6afa7cb4fa8",
          "(.NET Core 4.6.28008.01; Microsoft Windows 10.0.18363 )"
        ],
        "x-ms-client-request-id": "81be50d4-c1e0-4489-eb3e-5942ee3d2e95",
<<<<<<< HEAD
        "x-ms-date": "Wed, 04 Dec 2019 23:00:27 GMT",
=======
        "x-ms-date": "Wed, 04 Dec 2019 19:45:28 GMT",
>>>>>>> feature/storage/stg71-base
        "x-ms-delete-snapshots": "include",
        "x-ms-return-client-request-id": "true",
        "x-ms-version": "2019-07-07"
      },
      "RequestBody": null,
      "StatusCode": 202,
      "ResponseHeaders": {
        "Content-Length": "0",
<<<<<<< HEAD
        "Date": "Wed, 04 Dec 2019 23:00:26 GMT",
=======
        "Date": "Wed, 04 Dec 2019 19:45:27 GMT",
>>>>>>> feature/storage/stg71-base
        "Server": [
          "Windows-Azure-File/1.0",
          "Microsoft-HTTPAPI/2.0"
        ],
        "x-ms-client-request-id": "81be50d4-c1e0-4489-eb3e-5942ee3d2e95",
<<<<<<< HEAD
        "x-ms-request-id": "edfb9095-501a-0046-21f6-aaa6bc000000",
=======
        "x-ms-request-id": "6805ad2c-401a-0007-5ddb-aafe58000000",
>>>>>>> feature/storage/stg71-base
        "x-ms-version": "2019-07-07"
      },
      "ResponseBody": []
    }
  ],
  "Variables": {
    "RandomSeed": "883998416",
    "Storage_TestConfigDefault": "ProductionTenant\nseanstagetest\nU2FuaXRpemVk\nhttp://seanstagetest.blob.core.windows.net\nhttp://seanstagetest.file.core.windows.net\nhttp://seanstagetest.queue.core.windows.net\nhttp://seanstagetest.table.core.windows.net\n\n\n\n\nhttp://seanstagetest-secondary.blob.core.windows.net\nhttp://seanstagetest-secondary.file.core.windows.net\nhttp://seanstagetest-secondary.queue.core.windows.net\nhttp://seanstagetest-secondary.table.core.windows.net\n\nSanitized\n\n\nCloud\nBlobEndpoint=http://seanstagetest.blob.core.windows.net/;QueueEndpoint=http://seanstagetest.queue.core.windows.net/;FileEndpoint=http://seanstagetest.file.core.windows.net/;BlobSecondaryEndpoint=http://seanstagetest-secondary.blob.core.windows.net/;QueueSecondaryEndpoint=http://seanstagetest-secondary.queue.core.windows.net/;FileSecondaryEndpoint=http://seanstagetest-secondary.file.core.windows.net/;AccountName=seanstagetest;AccountKey=Sanitized"
  }
}