{
  "Entries": [
    {
<<<<<<< HEAD
      "RequestUri": "http://seanstagetest.file.core.windows.net/test-share-01581384-973b-b434-38c9-ca09799e761c?restype=share",
      "RequestMethod": "PUT",
      "RequestHeaders": {
        "Authorization": "Sanitized",
        "traceparent": "00-b4f751a2a5a90e439227947742be0a37-4b07adff1e228842-00",
        "User-Agent": [
          "azsdk-net-Storage.Files.Shares/12.0.0-dev.20191204.1\u002B5028d723e0cdeb10a227db4dee6ed6afa7cb4fa8",
          "(.NET Core 4.6.28008.01; Microsoft Windows 10.0.18363 )"
        ],
        "x-ms-client-request-id": "84d430f2-0f89-7350-5c34-d4a6fe32ec64",
        "x-ms-date": "Thu, 05 Dec 2019 04:11:47 GMT",
        "x-ms-return-client-request-id": "true",
        "x-ms-share-quota": "1",
=======
      "RequestUri": "http://seanstagetest.file.core.windows.net/test-share-a85f085a-7071-fe9e-ccec-72c7f6c0c6b5?restype=share",
      "RequestMethod": "PUT",
      "RequestHeaders": {
        "Authorization": "Sanitized",
        "traceparent": "00-85ee68d372852744a1de1784ad6cd3b4-7c53e1ec294b064f-00",
        "User-Agent": [
          "azsdk-net-Storage.Files.Shares/12.0.0-dev.20191205.1\u002B4f14c4315f17fbbc59c93c6819467b6f15d7008f",
          "(.NET Core 4.6.28008.01; Microsoft Windows 10.0.18363 )"
        ],
        "x-ms-client-request-id": "477fec7a-f2cb-ed12-cc67-ff9955103943",
        "x-ms-date": "Fri, 06 Dec 2019 00:27:26 GMT",
        "x-ms-return-client-request-id": "true",
>>>>>>> feature/storage/stg71-base
        "x-ms-version": "2019-07-07"
      },
      "RequestBody": null,
      "StatusCode": 201,
      "ResponseHeaders": {
        "Content-Length": "0",
<<<<<<< HEAD
        "Date": "Thu, 05 Dec 2019 04:11:47 GMT",
        "ETag": "\u00220x8D779393F4F7EAB\u0022",
        "Last-Modified": "Thu, 05 Dec 2019 04:11:47 GMT",
=======
        "Date": "Fri, 06 Dec 2019 00:27:25 GMT",
        "ETag": "\u00220x8D779E311FBC790\u0022",
        "Last-Modified": "Fri, 06 Dec 2019 00:27:26 GMT",
>>>>>>> feature/storage/stg71-base
        "Server": [
          "Windows-Azure-File/1.0",
          "Microsoft-HTTPAPI/2.0"
        ],
<<<<<<< HEAD
        "x-ms-client-request-id": "84d430f2-0f89-7350-5c34-d4a6fe32ec64",
        "x-ms-request-id": "011a0570-f01a-0002-1e22-ab2c83000000",
=======
        "x-ms-client-request-id": "477fec7a-f2cb-ed12-cc67-ff9955103943",
        "x-ms-request-id": "207a5291-c01a-0026-71cb-abda23000000",
>>>>>>> feature/storage/stg71-base
        "x-ms-version": "2019-07-07"
      },
      "ResponseBody": []
    },
    {
<<<<<<< HEAD
      "RequestUri": "http://seanstagetest.file.core.windows.net/test-share-01581384-973b-b434-38c9-ca09799e761c/test-directory-beb823e6-5cbb-9867-b7e4-2c6e6d929bff?restype=directory",
      "RequestMethod": "PUT",
      "RequestHeaders": {
        "Authorization": "Sanitized",
        "traceparent": "00-36c266a37112b947b5b42da162ebbfce-de3394d412b44b4a-00",
        "User-Agent": [
          "azsdk-net-Storage.Files.Shares/12.0.0-dev.20191204.1\u002B5028d723e0cdeb10a227db4dee6ed6afa7cb4fa8",
          "(.NET Core 4.6.28008.01; Microsoft Windows 10.0.18363 )"
        ],
        "x-ms-client-request-id": "f4bbc5e0-5f80-9650-c83c-cca4e2e205c9",
        "x-ms-date": "Thu, 05 Dec 2019 04:11:47 GMT",
=======
      "RequestUri": "http://seanstagetest.file.core.windows.net/test-share-a85f085a-7071-fe9e-ccec-72c7f6c0c6b5/test-directory-848317a0-89ff-f838-49cf-f419e83b8f64?restype=directory",
      "RequestMethod": "PUT",
      "RequestHeaders": {
        "Authorization": "Sanitized",
        "traceparent": "00-a2be0fddde28fc49a40c02f2e0924753-7181f472540f384c-00",
        "User-Agent": [
          "azsdk-net-Storage.Files.Shares/12.0.0-dev.20191205.1\u002B4f14c4315f17fbbc59c93c6819467b6f15d7008f",
          "(.NET Core 4.6.28008.01; Microsoft Windows 10.0.18363 )"
        ],
        "x-ms-client-request-id": "57c3441e-dde4-f011-b387-fefcfdf80591",
        "x-ms-date": "Fri, 06 Dec 2019 00:27:26 GMT",
>>>>>>> feature/storage/stg71-base
        "x-ms-file-attributes": "None",
        "x-ms-file-creation-time": "Now",
        "x-ms-file-last-write-time": "Now",
        "x-ms-file-permission": "Inherit",
        "x-ms-return-client-request-id": "true",
        "x-ms-version": "2019-07-07"
      },
      "RequestBody": null,
      "StatusCode": 201,
      "ResponseHeaders": {
        "Content-Length": "0",
<<<<<<< HEAD
        "Date": "Thu, 05 Dec 2019 04:11:47 GMT",
        "ETag": "\u00220x8D779393F5DD633\u0022",
        "Last-Modified": "Thu, 05 Dec 2019 04:11:47 GMT",
=======
        "Date": "Fri, 06 Dec 2019 00:27:25 GMT",
        "ETag": "\u00220x8D779E3120993C6\u0022",
        "Last-Modified": "Fri, 06 Dec 2019 00:27:26 GMT",
>>>>>>> feature/storage/stg71-base
        "Server": [
          "Windows-Azure-File/1.0",
          "Microsoft-HTTPAPI/2.0"
        ],
        "x-ms-client-request-id": "57c3441e-dde4-f011-b387-fefcfdf80591",
        "x-ms-file-attributes": "Directory",
<<<<<<< HEAD
        "x-ms-file-change-time": "2019-12-05T04:11:47.9425587Z",
        "x-ms-file-creation-time": "2019-12-05T04:11:47.9425587Z",
        "x-ms-file-id": "13835128424026341376",
        "x-ms-file-last-write-time": "2019-12-05T04:11:47.9425587Z",
        "x-ms-file-parent-id": "0",
        "x-ms-file-permission-key": "7855875120676328179*422928105932735866",
        "x-ms-request-id": "011a0574-f01a-0002-2122-ab2c83000000",
=======
        "x-ms-file-change-time": "2019-12-06T00:27:26.3369158Z",
        "x-ms-file-creation-time": "2019-12-06T00:27:26.3369158Z",
        "x-ms-file-id": "13835128424026341376",
        "x-ms-file-last-write-time": "2019-12-06T00:27:26.3369158Z",
        "x-ms-file-parent-id": "0",
        "x-ms-file-permission-key": "7855875120676328179*422928105932735866",
        "x-ms-request-id": "207a5294-c01a-0026-72cb-abda23000000",
>>>>>>> feature/storage/stg71-base
        "x-ms-request-server-encrypted": "true",
        "x-ms-version": "2019-07-07"
      },
      "ResponseBody": []
    },
    {
<<<<<<< HEAD
      "RequestUri": "http://seanstagetest.file.core.windows.net/test-share-01581384-973b-b434-38c9-ca09799e761c/test-directory-beb823e6-5cbb-9867-b7e4-2c6e6d929bff/destFile",
=======
      "RequestUri": "http://seanstagetest.file.core.windows.net/test-share-a85f085a-7071-fe9e-ccec-72c7f6c0c6b5/test-directory-848317a0-89ff-f838-49cf-f419e83b8f64/destFile",
>>>>>>> feature/storage/stg71-base
      "RequestMethod": "PUT",
      "RequestHeaders": {
        "Authorization": "Sanitized",
        "User-Agent": [
<<<<<<< HEAD
          "azsdk-net-Storage.Files.Shares/12.0.0-dev.20191204.1\u002B5028d723e0cdeb10a227db4dee6ed6afa7cb4fa8",
=======
          "azsdk-net-Storage.Files.Shares/12.0.0-dev.20191205.1\u002B4f14c4315f17fbbc59c93c6819467b6f15d7008f",
>>>>>>> feature/storage/stg71-base
          "(.NET Core 4.6.28008.01; Microsoft Windows 10.0.18363 )"
        ],
        "x-ms-client-request-id": "c8ebe101-4615-eddf-42a1-29799219da3f",
        "x-ms-content-length": "1024",
<<<<<<< HEAD
        "x-ms-date": "Thu, 05 Dec 2019 04:11:48 GMT",
=======
        "x-ms-date": "Fri, 06 Dec 2019 00:27:26 GMT",
>>>>>>> feature/storage/stg71-base
        "x-ms-file-attributes": "None",
        "x-ms-file-creation-time": "Now",
        "x-ms-file-last-write-time": "Now",
        "x-ms-file-permission": "Inherit",
        "x-ms-return-client-request-id": "true",
        "x-ms-type": "file",
        "x-ms-version": "2019-07-07"
      },
      "RequestBody": null,
      "StatusCode": 201,
      "ResponseHeaders": {
        "Content-Length": "0",
<<<<<<< HEAD
        "Date": "Thu, 05 Dec 2019 04:11:48 GMT",
        "ETag": "\u00220x8D779393F6B1C4E\u0022",
        "Last-Modified": "Thu, 05 Dec 2019 04:11:48 GMT",
=======
        "Date": "Fri, 06 Dec 2019 00:27:25 GMT",
        "ETag": "\u00220x8D779E312174F24\u0022",
        "Last-Modified": "Fri, 06 Dec 2019 00:27:26 GMT",
>>>>>>> feature/storage/stg71-base
        "Server": [
          "Windows-Azure-File/1.0",
          "Microsoft-HTTPAPI/2.0"
        ],
        "x-ms-client-request-id": "c8ebe101-4615-eddf-42a1-29799219da3f",
        "x-ms-file-attributes": "Archive",
<<<<<<< HEAD
        "x-ms-file-change-time": "2019-12-05T04:11:48.0295502Z",
        "x-ms-file-creation-time": "2019-12-05T04:11:48.0295502Z",
        "x-ms-file-id": "11529285414812647424",
        "x-ms-file-last-write-time": "2019-12-05T04:11:48.0295502Z",
        "x-ms-file-parent-id": "13835128424026341376",
        "x-ms-file-permission-key": "12501538048846835188*422928105932735866",
        "x-ms-request-id": "011a0575-f01a-0002-2222-ab2c83000000",
=======
        "x-ms-file-change-time": "2019-12-06T00:27:26.4269092Z",
        "x-ms-file-creation-time": "2019-12-06T00:27:26.4269092Z",
        "x-ms-file-id": "11529285414812647424",
        "x-ms-file-last-write-time": "2019-12-06T00:27:26.4269092Z",
        "x-ms-file-parent-id": "13835128424026341376",
        "x-ms-file-permission-key": "12501538048846835188*422928105932735866",
        "x-ms-request-id": "207a5297-c01a-0026-75cb-abda23000000",
>>>>>>> feature/storage/stg71-base
        "x-ms-request-server-encrypted": "true",
        "x-ms-version": "2019-07-07"
      },
      "ResponseBody": []
    },
    {
<<<<<<< HEAD
      "RequestUri": "http://seanstagetest.file.core.windows.net/test-share-01581384-973b-b434-38c9-ca09799e761c/test-directory-beb823e6-5cbb-9867-b7e4-2c6e6d929bff/destFile?comp=range",
=======
      "RequestUri": "http://seanstagetest.file.core.windows.net/test-share-a85f085a-7071-fe9e-ccec-72c7f6c0c6b5/test-directory-848317a0-89ff-f838-49cf-f419e83b8f64/destFile?comp=range",
>>>>>>> feature/storage/stg71-base
      "RequestMethod": "PUT",
      "RequestHeaders": {
        "Authorization": "Sanitized",
        "Content-Length": "0",
        "User-Agent": [
<<<<<<< HEAD
          "azsdk-net-Storage.Files.Shares/12.0.0-dev.20191204.1\u002B5028d723e0cdeb10a227db4dee6ed6afa7cb4fa8",
          "(.NET Core 4.6.28008.01; Microsoft Windows 10.0.18363 )"
        ],
        "x-ms-client-request-id": "4a4e7284-40ee-3848-0351-7d1043ab9220",
        "x-ms-copy-source": "http://seanstagetest.file.core.windows.net/test-share-01581384-973b-b434-38c9-ca09799e761c/test-directory-beb823e6-5cbb-9867-b7e4-2c6e6d929bff/destFile",
        "x-ms-date": "Thu, 05 Dec 2019 04:11:48 GMT",
=======
          "azsdk-net-Storage.Files.Shares/12.0.0-dev.20191205.1\u002B4f14c4315f17fbbc59c93c6819467b6f15d7008f",
          "(.NET Core 4.6.28008.01; Microsoft Windows 10.0.18363 )"
        ],
        "x-ms-client-request-id": "34f60c51-cd88-4d0f-710d-61d50e061a36",
        "x-ms-copy-source": "http://seanstagetest.file.core.windows.net/test-share-a85f085a-7071-fe9e-ccec-72c7f6c0c6b5/test-directory-848317a0-89ff-f838-49cf-f419e83b8f64/destFile",
        "x-ms-date": "Fri, 06 Dec 2019 00:27:26 GMT",
>>>>>>> feature/storage/stg71-base
        "x-ms-range": "bytes=256-511",
        "x-ms-return-client-request-id": "true",
        "x-ms-source-range": "bytes=512-767",
        "x-ms-version": "2019-07-07",
        "x-ms-write": "update"
      },
      "RequestBody": null,
      "StatusCode": 404,
      "ResponseHeaders": {
        "Content-Length": "229",
        "Content-Type": "application/xml",
<<<<<<< HEAD
        "Date": "Thu, 05 Dec 2019 04:11:48 GMT",
=======
        "Date": "Fri, 06 Dec 2019 00:27:26 GMT",
>>>>>>> feature/storage/stg71-base
        "Server": [
          "Windows-Azure-File/1.0",
          "Microsoft-HTTPAPI/2.0"
        ],
        "x-ms-client-request-id": "34f60c51-cd88-4d0f-710d-61d50e061a36",
        "x-ms-error-code": "CannotVerifyCopySource",
<<<<<<< HEAD
        "x-ms-request-id": "011a0576-f01a-0002-2322-ab2c83000000",
=======
        "x-ms-request-id": "207a529c-c01a-0026-7acb-abda23000000",
>>>>>>> feature/storage/stg71-base
        "x-ms-version": "2019-07-07"
      },
      "ResponseBody": [
        "\uFEFF\u003C?xml version=\u00221.0\u0022 encoding=\u0022utf-8\u0022?\u003E\u003CError\u003E\u003CCode\u003ECannotVerifyCopySource\u003C/Code\u003E\u003CMessage\u003EThe specified resource does not exist.\n",
<<<<<<< HEAD
        "RequestId:011a0576-f01a-0002-2322-ab2c83000000\n",
        "Time:2019-12-05T04:11:48.1495708Z\u003C/Message\u003E\u003C/Error\u003E"
      ]
    },
    {
      "RequestUri": "http://seanstagetest.file.core.windows.net/test-share-01581384-973b-b434-38c9-ca09799e761c?restype=share",
      "RequestMethod": "DELETE",
      "RequestHeaders": {
        "Authorization": "Sanitized",
        "traceparent": "00-5c818284148d7748be6e848a7e497c4e-78a2aa5582b2f14a-00",
        "User-Agent": [
          "azsdk-net-Storage.Files.Shares/12.0.0-dev.20191204.1\u002B5028d723e0cdeb10a227db4dee6ed6afa7cb4fa8",
          "(.NET Core 4.6.28008.01; Microsoft Windows 10.0.18363 )"
        ],
        "x-ms-client-request-id": "464ec2f7-5dfe-79fb-82fd-5502e0e2aeaa",
        "x-ms-date": "Thu, 05 Dec 2019 04:11:48 GMT",
=======
        "RequestId:207a529c-c01a-0026-7acb-abda23000000\n",
        "Time:2019-12-06T00:27:26.7354955Z\u003C/Message\u003E\u003C/Error\u003E"
      ]
    },
    {
      "RequestUri": "http://seanstagetest.file.core.windows.net/test-share-a85f085a-7071-fe9e-ccec-72c7f6c0c6b5?restype=share",
      "RequestMethod": "DELETE",
      "RequestHeaders": {
        "Authorization": "Sanitized",
        "traceparent": "00-17a7731d96b4fc4e8f579eef9ef04571-e0726746b7483a44-00",
        "User-Agent": [
          "azsdk-net-Storage.Files.Shares/12.0.0-dev.20191205.1\u002B4f14c4315f17fbbc59c93c6819467b6f15d7008f",
          "(.NET Core 4.6.28008.01; Microsoft Windows 10.0.18363 )"
        ],
        "x-ms-client-request-id": "8628eaff-a623-23b6-c819-3aef00449113",
        "x-ms-date": "Fri, 06 Dec 2019 00:27:26 GMT",
>>>>>>> feature/storage/stg71-base
        "x-ms-delete-snapshots": "include",
        "x-ms-return-client-request-id": "true",
        "x-ms-version": "2019-07-07"
      },
      "RequestBody": null,
      "StatusCode": 202,
      "ResponseHeaders": {
        "Content-Length": "0",
<<<<<<< HEAD
        "Date": "Thu, 05 Dec 2019 04:11:48 GMT",
=======
        "Date": "Fri, 06 Dec 2019 00:27:26 GMT",
>>>>>>> feature/storage/stg71-base
        "Server": [
          "Windows-Azure-File/1.0",
          "Microsoft-HTTPAPI/2.0"
        ],
<<<<<<< HEAD
        "x-ms-client-request-id": "464ec2f7-5dfe-79fb-82fd-5502e0e2aeaa",
        "x-ms-request-id": "011a057c-f01a-0002-2822-ab2c83000000",
=======
        "x-ms-client-request-id": "8628eaff-a623-23b6-c819-3aef00449113",
        "x-ms-request-id": "207a52a5-c01a-0026-03cb-abda23000000",
>>>>>>> feature/storage/stg71-base
        "x-ms-version": "2019-07-07"
      },
      "ResponseBody": []
    }
  ],
  "Variables": {
<<<<<<< HEAD
    "RandomSeed": "1285748614",
=======
    "RandomSeed": "1228767265",
>>>>>>> feature/storage/stg71-base
    "Storage_TestConfigDefault": "ProductionTenant\nseanstagetest\nU2FuaXRpemVk\nhttp://seanstagetest.blob.core.windows.net\nhttp://seanstagetest.file.core.windows.net\nhttp://seanstagetest.queue.core.windows.net\nhttp://seanstagetest.table.core.windows.net\n\n\n\n\nhttp://seanstagetest-secondary.blob.core.windows.net\nhttp://seanstagetest-secondary.file.core.windows.net\nhttp://seanstagetest-secondary.queue.core.windows.net\nhttp://seanstagetest-secondary.table.core.windows.net\n\nSanitized\n\n\nCloud\nBlobEndpoint=http://seanstagetest.blob.core.windows.net/;QueueEndpoint=http://seanstagetest.queue.core.windows.net/;FileEndpoint=http://seanstagetest.file.core.windows.net/;BlobSecondaryEndpoint=http://seanstagetest-secondary.blob.core.windows.net/;QueueSecondaryEndpoint=http://seanstagetest-secondary.queue.core.windows.net/;FileSecondaryEndpoint=http://seanstagetest-secondary.file.core.windows.net/;AccountName=seanstagetest;AccountKey=Sanitized"
  }
}