{
  "Entries": [
    {
      "RequestUri": "https://seanoauthcanary.blob.core.windows.net/test-container-e02a717a-e891-52fc-0543-a1e6e9b1d5b1?restype=container",
      "RequestMethod": "PUT",
      "RequestHeaders": {
        "Accept": "application/xml",
        "Authorization": "Sanitized",
        "traceparent": "00-0c3fde34ae64f04db793966d97415eae-fa56c8a4e198144e-00",
        "User-Agent": "azsdk-net-Storage.Blobs/12.11.0-alpha.20220117.1 (.NET Framework 4.8.4420.0; Microsoft Windows 10.0.19044 )",
        "x-ms-blob-public-access": "container",
        "x-ms-client-request-id": "b662a500-c614-d91c-1c10-36109f5a16ce",
        "x-ms-return-client-request-id": "true",
        "x-ms-version": "2020-08-04"
      },
      "RequestBody": null,
      "StatusCode": 201,
      "ResponseHeaders": {
        "Content-Length": "0",
        "Date": "Tue, 18 Jan 2022 07:52:33 GMT",
        "ETag": "\u00220x8D9DA577CDC5E52\u0022",
        "Last-Modified": "Tue, 18 Jan 2022 07:52:34 GMT",
        "Server": "Windows-Azure-Blob/1.0 Microsoft-HTTPAPI/2.0",
        "x-ms-client-request-id": "b662a500-c614-d91c-1c10-36109f5a16ce",
        "x-ms-request-id": "ffc1f910-f01e-0068-3f40-0c4339000000",
        "x-ms-version": "2020-08-04"
      },
      "ResponseBody": []
    },
    {
      "RequestUri": "https://seanoauthcanary.blob.core.windows.net/test-container-e02a717a-e891-52fc-0543-a1e6e9b1d5b1/test-blob-44e5f517-1f4e-7b9d-1d98-8236d42baf75",
      "RequestMethod": "PUT",
      "RequestHeaders": {
        "Accept": "application/xml",
        "Authorization": "Sanitized",
        "Content-Length": "0",
        "Content-Type": "application/octet-stream",
        "traceparent": "00-7f0b60ce2a3a6c46ae73d554c8804d8e-ff8794f047433d4e-00",
        "User-Agent": "azsdk-net-Storage.Blobs/12.11.0-alpha.20220117.1 (.NET Framework 4.8.4420.0; Microsoft Windows 10.0.19044 )",
        "x-ms-blob-type": "BlockBlob",
        "x-ms-client-request-id": "aaf93a00-d274-0780-b815-7bf87bdd9b09",
        "x-ms-return-client-request-id": "true",
        "x-ms-version": "2020-08-04"
      },
      "RequestBody": [],
      "StatusCode": 201,
      "ResponseHeaders": {
        "Content-Length": "0",
        "Content-MD5": "1B2M2Y8AsgTpgAmY7PhCfg==",
        "Date": "Tue, 18 Jan 2022 07:52:33 GMT",
        "ETag": "\u00220x8D9DA577CEC52D0\u0022",
        "Last-Modified": "Tue, 18 Jan 2022 07:52:34 GMT",
        "Server": "Windows-Azure-Blob/1.0 Microsoft-HTTPAPI/2.0",
        "x-ms-client-request-id": "aaf93a00-d274-0780-b815-7bf87bdd9b09",
        "x-ms-content-crc64": "AAAAAAAAAAA=",
        "x-ms-request-id": "ffc1f962-f01e-0068-0940-0c4339000000",
        "x-ms-request-server-encrypted": "true",
        "x-ms-version": "2020-08-04",
        "x-ms-version-id": "2022-01-18T07:52:34.2508240Z"
      },
      "ResponseBody": []
    },
    {
      "RequestUri": "https://seanoauthcanary.blob.core.windows.net/?restype=service\u0026comp=userdelegationkey",
      "RequestMethod": "POST",
      "RequestHeaders": {
        "Accept": "application/xml",
        "Authorization": "Sanitized",
        "Content-Length": "59",
        "Content-Type": "application/xml",
        "traceparent": "00-511790d237e7ea4ba5cb2483b668e768-2c240eae0bcef04e-00",
        "User-Agent": "azsdk-net-Storage.Blobs/12.11.0-alpha.20220117.1 (.NET Framework 4.8.4420.0; Microsoft Windows 10.0.19044 )",
        "x-ms-client-request-id": "9a365b28-0532-f100-2fd7-3462162187b3",
        "x-ms-return-client-request-id": "true",
        "x-ms-version": "2020-08-04"
      },
      "RequestBody": "\uFEFF\u003CKeyInfo\u003E\u003CExpiry\u003E2022-01-18T08:52:34Z\u003C/Expiry\u003E\u003C/KeyInfo\u003E",
      "StatusCode": 200,
      "ResponseHeaders": {
        "Content-Type": "application/xml",
        "Date": "Tue, 18 Jan 2022 07:52:34 GMT",
        "Server": "Windows-Azure-Blob/1.0 Microsoft-HTTPAPI/2.0",
        "Transfer-Encoding": "chunked",
        "x-ms-client-request-id": "9a365b28-0532-f100-2fd7-3462162187b3",
        "x-ms-request-id": "ffc1f971-f01e-0068-1840-0c4339000000",
        "x-ms-version": "2020-08-04"
      },
      "ResponseBody": "\uFEFF\u003C?xml version=\u00221.0\u0022 encoding=\u0022utf-8\u0022?\u003E\u003CUserDelegationKey\u003E\u003CSignedOid\u003Ec4f48289-bb84-4086-b250-6f94a8f64cee\u003C/SignedOid\u003E\u003CSignedTid\u003E72f988bf-86f1-41af-91ab-2d7cd011db47\u003C/SignedTid\u003E\u003CSignedStart\u003E2022-01-18T07:52:34Z\u003C/SignedStart\u003E\u003CSignedExpiry\u003E2022-01-18T08:52:34Z\u003C/SignedExpiry\u003E\u003CSignedService\u003Eb\u003C/SignedService\u003E\u003CSignedVersion\u003E2020-08-04\u003C/SignedVersion\u003E\u003CValue\u003EFfO6Agh9PoFgrf1SL073ietNB0\u002B2AbWNNP2JF1P\u002BGDQ=\u003C/Value\u003E\u003C/UserDelegationKey\u003E"
    },
    {
      "RequestUri": "https://seanoauthcanary.blob.core.windows.net/test-container-e02a717a-e891-52fc-0543-a1e6e9b1d5b1?restype=container\u0026comp=list\u0026prefix=test-blob-44e5f517-1f4e-7b9d-1d98-8236d42baf75\u0026skoid=c4f48289-bb84-4086-b250-6f94a8f64cee\u0026sktid=72f988bf-86f1-41af-91ab-2d7cd011db47\u0026skt=2022-01-18T07%3A52%3A34Z\u0026ske=2022-01-18T08%3A52%3A34Z\u0026sks=b\u0026skv=2020-08-04\u0026sv=2021-02-12\u0026se=2022-01-18T08%3A52%3A34Z\u0026sr=c\u0026sp=racwdxlti\u0026sig=Sanitized",
      "RequestMethod": "GET",
      "RequestHeaders": {
        "Accept": "application/xml",
        "traceparent": "00-99beba8bf3e6ed488bce3b53a7c0c161-c6bc17f0bcec734a-00",
        "User-Agent": "azsdk-net-Storage.Blobs/12.11.0-alpha.20220117.1 (.NET Framework 4.8.4420.0; Microsoft Windows 10.0.19044 )",
        "x-ms-client-request-id": "1fd0c44f-00a7-25d7-9b01-8a3def206db8",
        "x-ms-return-client-request-id": "true",
        "x-ms-version": "2020-08-04"
      },
      "RequestBody": null,
      "StatusCode": 200,
      "ResponseHeaders": {
        "Content-Type": "application/xml",
        "Date": "Tue, 18 Jan 2022 07:52:34 GMT",
        "Server": "Windows-Azure-Blob/1.0 Microsoft-HTTPAPI/2.0",
        "Transfer-Encoding": "chunked",
        "x-ms-client-request-id": "1fd0c44f-00a7-25d7-9b01-8a3def206db8",
        "x-ms-request-id": "ffc1f990-f01e-0068-2f40-0c4339000000",
        "x-ms-version": "2020-08-04"
      },
      "ResponseBody": "\uFEFF\u003C?xml version=\u00221.0\u0022 encoding=\u0022utf-8\u0022?\u003E\u003CEnumerationResults ServiceEndpoint=\u0022https://seanoauthcanary.blob.core.windows.net/\u0022 ContainerName=\u0022test-container-e02a717a-e891-52fc-0543-a1e6e9b1d5b1\u0022\u003E\u003CPrefix\u003Etest-blob-44e5f517-1f4e-7b9d-1d98-8236d42baf75\u003C/Prefix\u003E\u003CBlobs\u003E\u003CBlob\u003E\u003CName\u003Etest-blob-44e5f517-1f4e-7b9d-1d98-8236d42baf75\u003C/Name\u003E\u003CVersionId\u003E2022-01-18T07:52:34.2508240Z\u003C/VersionId\u003E\u003CIsCurrentVersion\u003Etrue\u003C/IsCurrentVersion\u003E\u003CProperties\u003E\u003CCreation-Time\u003ETue, 18 Jan 2022 07:52:34 GMT\u003C/Creation-Time\u003E\u003CLast-Modified\u003ETue, 18 Jan 2022 07:52:34 GMT\u003C/Last-Modified\u003E\u003CEtag\u003E0x8D9DA577CEC52D0\u003C/Etag\u003E\u003CContent-Length\u003E0\u003C/Content-Length\u003E\u003CContent-Type\u003Eapplication/octet-stream\u003C/Content-Type\u003E\u003CContent-Encoding /\u003E\u003CContent-Language /\u003E\u003CContent-CRC64 /\u003E\u003CContent-MD5\u003E1B2M2Y8AsgTpgAmY7PhCfg==\u003C/Content-MD5\u003E\u003CCache-Control /\u003E\u003CContent-Disposition /\u003E\u003CBlobType\u003EBlockBlob\u003C/BlobType\u003E\u003CAccessTier\u003EHot\u003C/AccessTier\u003E\u003CAccessTierInferred\u003Etrue\u003C/AccessTierInferred\u003E\u003CLeaseStatus\u003Eunlocked\u003C/LeaseStatus\u003E\u003CLeaseState\u003Eavailable\u003C/LeaseState\u003E\u003CServerEncrypted\u003Etrue\u003C/ServerEncrypted\u003E\u003C/Properties\u003E\u003COrMetadata /\u003E\u003C/Blob\u003E\u003C/Blobs\u003E\u003CNextMarker /\u003E\u003C/EnumerationResults\u003E"
    },
    {
      "RequestUri": "https://seanoauthcanary.blob.core.windows.net/test-container-e02a717a-e891-52fc-0543-a1e6e9b1d5b1?restype=container",
      "RequestMethod": "DELETE",
      "RequestHeaders": {
        "Accept": "application/xml",
        "Authorization": "Sanitized",
        "traceparent": "00-b8989e57ff10b94cbdaf4e24972f4a28-80a4d32842a8bd44-00",
        "User-Agent": "azsdk-net-Storage.Blobs/12.11.0-alpha.20220117.1 (.NET Framework 4.8.4420.0; Microsoft Windows 10.0.19044 )",
        "x-ms-client-request-id": "5212e06e-6751-570c-9fe8-7f712ad2ed95",
        "x-ms-return-client-request-id": "true",
        "x-ms-version": "2020-08-04"
      },
      "RequestBody": null,
      "StatusCode": 202,
      "ResponseHeaders": {
        "Content-Length": "0",
        "Date": "Tue, 18 Jan 2022 07:52:34 GMT",
        "Server": "Windows-Azure-Blob/1.0 Microsoft-HTTPAPI/2.0",
        "x-ms-client-request-id": "5212e06e-6751-570c-9fe8-7f712ad2ed95",
        "x-ms-request-id": "ffc1f9ce-f01e-0068-6740-0c4339000000",
        "x-ms-version": "2020-08-04"
      },
      "ResponseBody": []
    }
  ],
  "Variables": {
    "DateTimeOffsetNow": "2022-01-17T23:52:34.3100368-08:00",
    "RandomSeed": "1402831583",
    "Storage_TestConfigOAuth": "OAuthTenant\nseanoauthcanary\nU2FuaXRpemVk\nhttps://seanoauthcanary.blob.core.windows.net\nhttps://seanoauthcanary.file.core.windows.net\nhttps://seanoauthcanary.queue.core.windows.net\nhttps://seanoauthcanary.table.core.windows.net\n\n\n\n\nhttps://seanoauthcanary-secondary.blob.core.windows.net\nhttps://seanoauthcanary-secondary.file.core.windows.net\nhttps://seanoauthcanary-secondary.queue.core.windows.net\n\n68390a19-a643-458b-b726-408abf67b4fc\nSanitized\n72f988bf-86f1-41af-91ab-2d7cd011db47\nhttps://login.microsoftonline.com/\nCloud\nBlobEndpoint=https://seanoauthcanary.blob.core.windows.net/;QueueEndpoint=https://seanoauthcanary.queue.core.windows.net/;FileEndpoint=https://seanoauthcanary.file.core.windows.net/;BlobSecondaryEndpoint=https://seanoauthcanary-secondary.blob.core.windows.net/;QueueSecondaryEndpoint=https://seanoauthcanary-secondary.queue.core.windows.net/;FileSecondaryEndpoint=https://seanoauthcanary-secondary.file.core.windows.net/;AccountName=seanoauthcanary;AccountKey=Sanitized\n\n\n"
  }
}