{
  "Entries": [
    {
      "RequestUri": "https://orsamandacentral.blob.core.windows.net/test-container-0a288f72-c3ac-4055-0785-72830ee4354c?restype=container",
      "RequestMethod": "PUT",
      "RequestHeaders": {
        "Accept": "application/xml",
        "Authorization": "Sanitized",
        "Content-Length": "0",
        "traceparent": "00-89560ae40e1c7c88baed7a9062975f91-a9e7e0d2a6a2a2a7-00",
        "User-Agent": "azsdk-net-Storage.Blobs/12.11.0-alpha.20220314.1 (.NET 6.0.2; Microsoft Windows 10.0.19044)",
        "x-ms-blob-public-access": "container",
        "x-ms-client-request-id": "91789ce3-d3e9-a2c5-f61f-16bfd3356eb1",
        "x-ms-date": "Thu, 17 Mar 2022 07:35:01 GMT",
        "x-ms-return-client-request-id": "true",
        "x-ms-version": "2020-08-04"
      },
      "RequestBody": null,
      "StatusCode": 201,
      "ResponseHeaders": {
        "Content-Length": "0",
        "Date": "Thu, 17 Mar 2022 07:35:01 GMT",
        "ETag": "\u00220x8DA07E8A58B8C7C\u0022",
        "Last-Modified": "Thu, 17 Mar 2022 07:35:01 GMT",
        "Server": [
          "Windows-Azure-Blob/1.0",
          "Microsoft-HTTPAPI/2.0"
        ],
        "x-ms-client-request-id": "91789ce3-d3e9-a2c5-f61f-16bfd3356eb1",
        "x-ms-request-id": "277a1663-101e-0035-15d1-392079000000",
        "x-ms-version": "2020-08-04"
      },
      "ResponseBody": null
    },
    {
      "RequestUri": "https://orsamandacentral.blob.core.windows.net/test-container-0a288f72-c3ac-4055-0785-72830ee4354c/test-blob-99a37ff4-53ba-1cfd-dc94-0c53a572b68a/0aed6ce9-aad9-9053-9f5c-b555c771fc83/6f7d8c69-fc95-5145-1db2-2bc75634dce7",
      "RequestMethod": "PUT",
      "RequestHeaders": {
        "Accept": "application/xml",
        "Authorization": "Sanitized",
        "Content-Length": "0",
        "Content-Type": "application/octet-stream",
        "If-None-Match": "*",
        "traceparent": "00-75580846efb9efff7063abe4ce03f25a-dea0dcdab1d9607c-00",
        "User-Agent": "azsdk-net-Storage.Blobs/12.11.0-alpha.20220314.1 (.NET 6.0.2; Microsoft Windows 10.0.19044)",
        "x-ms-blob-type": "BlockBlob",
        "x-ms-client-request-id": "529edc39-5cb9-5796-5c02-748ab216ff50",
        "x-ms-date": "Thu, 17 Mar 2022 07:35:01 GMT",
        "x-ms-return-client-request-id": "true",
        "x-ms-version": "2020-08-04"
      },
      "RequestBody": null,
      "StatusCode": 201,
      "ResponseHeaders": {
        "Content-Length": "0",
        "Content-MD5": "1B2M2Y8AsgTpgAmY7PhCfg==",
        "Date": "Thu, 17 Mar 2022 07:35:01 GMT",
        "ETag": "\u00220x8DA07E8A5967F55\u0022",
        "Last-Modified": "Thu, 17 Mar 2022 07:35:01 GMT",
        "Server": [
          "Windows-Azure-Blob/1.0",
          "Microsoft-HTTPAPI/2.0"
        ],
        "x-ms-client-request-id": "529edc39-5cb9-5796-5c02-748ab216ff50",
        "x-ms-content-crc64": "AAAAAAAAAAA=",
        "x-ms-request-id": "277a1669-101e-0035-1ad1-392079000000",
        "x-ms-request-server-encrypted": "true",
        "x-ms-version": "2020-08-04",
        "x-ms-version-id": "2022-03-17T07:35:01.8257237Z"
      },
      "ResponseBody": null
    },
    {
      "RequestUri": "https://orsamandacentral.blob.core.windows.net/test-container-0a288f72-c3ac-4055-0785-72830ee4354c/test-blob-99a37ff4-53ba-1cfd-dc94-0c53a572b68a/0aed6ce9-aad9-9053-9f5c-b555c771fc83/386a43d2-ab85-96b1-100f-d30fed0c2afd/b35f79f5-5176-ed33-269c-ed267f8b396a",
      "RequestMethod": "PUT",
      "RequestHeaders": {
        "Accept": "application/xml",
        "Authorization": "Sanitized",
        "Content-Length": "0",
        "Content-Type": "application/octet-stream",
        "If-None-Match": "*",
        "traceparent": "00-a5cfdeaeb27736b22248634a034dcf2c-1ae7e2017260640f-00",
        "User-Agent": "azsdk-net-Storage.Blobs/12.11.0-alpha.20220314.1 (.NET 6.0.2; Microsoft Windows 10.0.19044)",
        "x-ms-blob-type": "BlockBlob",
        "x-ms-client-request-id": "e1ae21b9-c4eb-79ca-d137-c386316c7f64",
        "x-ms-date": "Thu, 17 Mar 2022 07:35:01 GMT",
        "x-ms-return-client-request-id": "true",
        "x-ms-version": "2020-08-04"
      },
      "RequestBody": null,
      "StatusCode": 201,
      "ResponseHeaders": {
        "Content-Length": "0",
        "Content-MD5": "1B2M2Y8AsgTpgAmY7PhCfg==",
        "Date": "Thu, 17 Mar 2022 07:35:01 GMT",
        "ETag": "\u00220x8DA07E8A5A01AC1\u0022",
        "Last-Modified": "Thu, 17 Mar 2022 07:35:01 GMT",
        "Server": [
          "Windows-Azure-Blob/1.0",
          "Microsoft-HTTPAPI/2.0"
        ],
        "x-ms-client-request-id": "e1ae21b9-c4eb-79ca-d137-c386316c7f64",
        "x-ms-content-crc64": "AAAAAAAAAAA=",
        "x-ms-request-id": "277a166e-101e-0035-1dd1-392079000000",
        "x-ms-request-server-encrypted": "true",
        "x-ms-version": "2020-08-04",
        "x-ms-version-id": "2022-03-17T07:35:01.8886849Z"
      },
      "ResponseBody": null
    },
    {
      "RequestUri": "https://orsamandacentral.blob.core.windows.net/test-container-0a288f72-c3ac-4055-0785-72830ee4354c/test-blob-99a37ff4-53ba-1cfd-dc94-0c53a572b68a/0aed6ce9-aad9-9053-9f5c-b555c771fc83/386a43d2-ab85-96b1-100f-d30fed0c2afd/8383cd80-c407-bdfe-dae7-5f8629366311/ddd22d88-28d4-8071-0f7d-11e8be8a1684",
      "RequestMethod": "PUT",
      "RequestHeaders": {
        "Accept": "application/xml",
        "Authorization": "Sanitized",
        "Content-Length": "0",
        "Content-Type": "application/octet-stream",
        "If-None-Match": "*",
        "traceparent": "00-ab4737cd60e10d1dc191963366a50f4f-162afe8a348ec229-00",
        "User-Agent": "azsdk-net-Storage.Blobs/12.11.0-alpha.20220314.1 (.NET 6.0.2; Microsoft Windows 10.0.19044)",
        "x-ms-blob-type": "BlockBlob",
        "x-ms-client-request-id": "90d01274-1e67-0b65-0f37-ef6f8001b0ca",
        "x-ms-date": "Thu, 17 Mar 2022 07:35:01 GMT",
        "x-ms-return-client-request-id": "true",
        "x-ms-version": "2020-08-04"
      },
      "RequestBody": null,
      "StatusCode": 201,
      "ResponseHeaders": {
        "Content-Length": "0",
        "Content-MD5": "1B2M2Y8AsgTpgAmY7PhCfg==",
        "Date": "Thu, 17 Mar 2022 07:35:01 GMT",
        "ETag": "\u00220x8DA07E8A5AD8648\u0022",
        "Last-Modified": "Thu, 17 Mar 2022 07:35:01 GMT",
        "Server": [
          "Windows-Azure-Blob/1.0",
          "Microsoft-HTTPAPI/2.0"
        ],
        "x-ms-client-request-id": "90d01274-1e67-0b65-0f37-ef6f8001b0ca",
        "x-ms-content-crc64": "AAAAAAAAAAA=",
        "x-ms-request-id": "277a1672-101e-0035-21d1-392079000000",
        "x-ms-request-server-encrypted": "true",
        "x-ms-version": "2020-08-04",
        "x-ms-version-id": "2022-03-17T07:35:01.9766344Z"
      },
      "ResponseBody": null
    },
    {
      "RequestUri": "https://orsamandacentral.blob.core.windows.net/test-container-0a288f72-c3ac-4055-0785-72830ee4354c?restype=container\u0026comp=list",
      "RequestMethod": "GET",
      "RequestHeaders": {
        "Accept": "application/xml",
        "Authorization": "Sanitized",
        "User-Agent": "azsdk-net-Storage.Blobs/12.11.0-alpha.20220314.1 (.NET 6.0.2; Microsoft Windows 10.0.19044)",
        "x-ms-client-request-id": "1f124831-ee9c-83fc-22b2-08c511d87552",
        "x-ms-date": "Thu, 17 Mar 2022 07:35:02 GMT",
        "x-ms-return-client-request-id": "true",
        "x-ms-version": "2020-08-04"
      },
      "RequestBody": null,
      "StatusCode": 200,
      "ResponseHeaders": {
        "Content-Type": "application/xml",
        "Date": "Thu, 17 Mar 2022 07:35:01 GMT",
        "Server": [
          "Windows-Azure-Blob/1.0",
          "Microsoft-HTTPAPI/2.0"
        ],
        "Transfer-Encoding": "chunked",
        "x-ms-client-request-id": "1f124831-ee9c-83fc-22b2-08c511d87552",
        "x-ms-request-id": "277a1675-101e-0035-24d1-392079000000",
        "x-ms-version": "2020-08-04"
      },
      "ResponseBody": "\uFEFF\u003C?xml version=\u00221.0\u0022 encoding=\u0022utf-8\u0022?\u003E\u003CEnumerationResults ServiceEndpoint=\u0022https://orsamandacentral.blob.core.windows.net/\u0022 ContainerName=\u0022test-container-0a288f72-c3ac-4055-0785-72830ee4354c\u0022\u003E\u003CBlobs\u003E\u003CBlob\u003E\u003CName\u003Etest-blob-99a37ff4-53ba-1cfd-dc94-0c53a572b68a/0aed6ce9-aad9-9053-9f5c-b555c771fc83/386a43d2-ab85-96b1-100f-d30fed0c2afd/8383cd80-c407-bdfe-dae7-5f8629366311/ddd22d88-28d4-8071-0f7d-11e8be8a1684\u003C/Name\u003E\u003CVersionId\u003E2022-03-17T07:35:01.9766344Z\u003C/VersionId\u003E\u003CIsCurrentVersion\u003Etrue\u003C/IsCurrentVersion\u003E\u003CProperties\u003E\u003CCreation-Time\u003EThu, 17 Mar 2022 07:35:01 GMT\u003C/Creation-Time\u003E\u003CLast-Modified\u003EThu, 17 Mar 2022 07:35:01 GMT\u003C/Last-Modified\u003E\u003CEtag\u003E0x8DA07E8A5AD8648\u003C/Etag\u003E\u003CContent-Length\u003E0\u003C/Content-Length\u003E\u003CContent-Type\u003Eapplication/octet-stream\u003C/Content-Type\u003E\u003CContent-Encoding /\u003E\u003CContent-Language /\u003E\u003CContent-CRC64 /\u003E\u003CContent-MD5\u003E1B2M2Y8AsgTpgAmY7PhCfg==\u003C/Content-MD5\u003E\u003CCache-Control /\u003E\u003CContent-Disposition /\u003E\u003CBlobType\u003EBlockBlob\u003C/BlobType\u003E\u003CAccessTier\u003EHot\u003C/AccessTier\u003E\u003CAccessTierInferred\u003Etrue\u003C/AccessTierInferred\u003E\u003CLeaseStatus\u003Eunlocked\u003C/LeaseStatus\u003E\u003CLeaseState\u003Eavailable\u003C/LeaseState\u003E\u003CServerEncrypted\u003Etrue\u003C/ServerEncrypted\u003E\u003C/Properties\u003E\u003COrMetadata /\u003E\u003C/Blob\u003E\u003CBlob\u003E\u003CName\u003Etest-blob-99a37ff4-53ba-1cfd-dc94-0c53a572b68a/0aed6ce9-aad9-9053-9f5c-b555c771fc83/386a43d2-ab85-96b1-100f-d30fed0c2afd/b35f79f5-5176-ed33-269c-ed267f8b396a\u003C/Name\u003E\u003CVersionId\u003E2022-03-17T07:35:01.8886849Z\u003C/VersionId\u003E\u003CIsCurrentVersion\u003Etrue\u003C/IsCurrentVersion\u003E\u003CProperties\u003E\u003CCreation-Time\u003EThu, 17 Mar 2022 07:35:01 GMT\u003C/Creation-Time\u003E\u003CLast-Modified\u003EThu, 17 Mar 2022 07:35:01 GMT\u003C/Last-Modified\u003E\u003CEtag\u003E0x8DA07E8A5A01AC1\u003C/Etag\u003E\u003CContent-Length\u003E0\u003C/Content-Length\u003E\u003CContent-Type\u003Eapplication/octet-stream\u003C/Content-Type\u003E\u003CContent-Encoding /\u003E\u003CContent-Language /\u003E\u003CContent-CRC64 /\u003E\u003CContent-MD5\u003E1B2M2Y8AsgTpgAmY7PhCfg==\u003C/Content-MD5\u003E\u003CCache-Control /\u003E\u003CContent-Disposition /\u003E\u003CBlobType\u003EBlockBlob\u003C/BlobType\u003E\u003CAccessTier\u003EHot\u003C/AccessTier\u003E\u003CAccessTierInferred\u003Etrue\u003C/AccessTierInferred\u003E\u003CLeaseStatus\u003Eunlocked\u003C/LeaseStatus\u003E\u003CLeaseState\u003Eavailable\u003C/LeaseState\u003E\u003CServerEncrypted\u003Etrue\u003C/ServerEncrypted\u003E\u003C/Properties\u003E\u003COrMetadata /\u003E\u003C/Blob\u003E\u003CBlob\u003E\u003CName\u003Etest-blob-99a37ff4-53ba-1cfd-dc94-0c53a572b68a/0aed6ce9-aad9-9053-9f5c-b555c771fc83/6f7d8c69-fc95-5145-1db2-2bc75634dce7\u003C/Name\u003E\u003CVersionId\u003E2022-03-17T07:35:01.8257237Z\u003C/VersionId\u003E\u003CIsCurrentVersion\u003Etrue\u003C/IsCurrentVersion\u003E\u003CProperties\u003E\u003CCreation-Time\u003EThu, 17 Mar 2022 07:35:01 GMT\u003C/Creation-Time\u003E\u003CLast-Modified\u003EThu, 17 Mar 2022 07:35:01 GMT\u003C/Last-Modified\u003E\u003CEtag\u003E0x8DA07E8A5967F55\u003C/Etag\u003E\u003CContent-Length\u003E0\u003C/Content-Length\u003E\u003CContent-Type\u003Eapplication/octet-stream\u003C/Content-Type\u003E\u003CContent-Encoding /\u003E\u003CContent-Language /\u003E\u003CContent-CRC64 /\u003E\u003CContent-MD5\u003E1B2M2Y8AsgTpgAmY7PhCfg==\u003C/Content-MD5\u003E\u003CCache-Control /\u003E\u003CContent-Disposition /\u003E\u003CBlobType\u003EBlockBlob\u003C/BlobType\u003E\u003CAccessTier\u003EHot\u003C/AccessTier\u003E\u003CAccessTierInferred\u003Etrue\u003C/AccessTierInferred\u003E\u003CLeaseStatus\u003Eunlocked\u003C/LeaseStatus\u003E\u003CLeaseState\u003Eavailable\u003C/LeaseState\u003E\u003CServerEncrypted\u003Etrue\u003C/ServerEncrypted\u003E\u003C/Properties\u003E\u003COrMetadata /\u003E\u003C/Blob\u003E\u003C/Blobs\u003E\u003CNextMarker /\u003E\u003C/EnumerationResults\u003E"
    },
    {
      "RequestUri": "https://orsamandacentral.blob.core.windows.net/test-container-0a288f72-c3ac-4055-0785-72830ee4354c?restype=container",
      "RequestMethod": "DELETE",
      "RequestHeaders": {
        "Accept": "application/xml",
        "Authorization": "Sanitized",
        "traceparent": "00-2a0d3a81f4825801240bc0bf3ca66998-d600623bd7684561-00",
        "User-Agent": "azsdk-net-Storage.Blobs/12.11.0-alpha.20220314.1 (.NET 6.0.2; Microsoft Windows 10.0.19044)",
        "x-ms-client-request-id": "373e81b8-90ef-322e-020d-a6706e9fa600",
        "x-ms-date": "Thu, 17 Mar 2022 07:35:02 GMT",
        "x-ms-return-client-request-id": "true",
        "x-ms-version": "2020-08-04"
      },
      "RequestBody": null,
      "StatusCode": 202,
      "ResponseHeaders": {
        "Content-Length": "0",
        "Date": "Thu, 17 Mar 2022 07:35:01 GMT",
        "Server": [
          "Windows-Azure-Blob/1.0",
          "Microsoft-HTTPAPI/2.0"
        ],
        "x-ms-client-request-id": "373e81b8-90ef-322e-020d-a6706e9fa600",
        "x-ms-request-id": "277a167e-101e-0035-2dd1-392079000000",
        "x-ms-version": "2020-08-04"
      },
      "ResponseBody": null
    }
  ],
  "Variables": {
    "RandomSeed": "270131195",
    "Storage_TestConfigDefault": "ProductionTenant\norsamandacentral\nU2FuaXRpemVk\nhttps://orsamandacentral.blob.core.windows.net\nhttps://orsamandacentral.file.core.windows.net\nhttps://orsamandacentral.queue.core.windows.net\nhttps://orsamandacentral.table.core.windows.net\n\n\n\n\nhttps://orsamandacentral-secondary.blob.core.windows.net\nhttps://orsamandacentral-secondary.file.core.windows.net\nhttps://orsamandacentral-secondary.queue.core.windows.net\nhttps://orsamandacentral-secondary.table.core.windows.net\n\nSanitized\n\n\nCloud\nBlobEndpoint=https://orsamandacentral.blob.core.windows.net/;QueueEndpoint=https://orsamandacentral.queue.core.windows.net/;FileEndpoint=https://orsamandacentral.file.core.windows.net/;BlobSecondaryEndpoint=https://orsamandacentral-secondary.blob.core.windows.net/;QueueSecondaryEndpoint=https://orsamandacentral-secondary.queue.core.windows.net/;FileSecondaryEndpoint=https://orsamandacentral-secondary.file.core.windows.net/;AccountName=orsamandacentral;AccountKey=Sanitized\nencryptionScope\n\n"
  }
}
