{
  "Entries": [
    {
      "RequestUri": "/subscriptions/e37510d7-33b6-4676-886f-ee75bcc01871/providers/Microsoft.Compute/locations/centraluseuap/publishers/MicrosoftWindowsServer/artifacttypes/vmimage/offers/WindowsServer/skus/2012-R2-Datacenter/versions?$top=1&api-version=2022-08-01",
      "EncodedRequestUri": "L3N1YnNjcmlwdGlvbnMvZTM3NTEwZDctMzNiNi00Njc2LTg4NmYtZWU3NWJjYzAxODcxL3Byb3ZpZGVycy9NaWNyb3NvZnQuQ29tcHV0ZS9sb2NhdGlvbnMvY2VudHJhbHVzZXVhcC9wdWJsaXNoZXJzL01pY3Jvc29mdFdpbmRvd3NTZXJ2ZXIvYXJ0aWZhY3R0eXBlcy92bWltYWdlL29mZmVycy9XaW5kb3dzU2VydmVyL3NrdXMvMjAxMi1SMi1EYXRhY2VudGVyL3ZlcnNpb25zPyR0b3A9MSZhcGktdmVyc2lvbj0yMDIyLTA4LTAx",
      "RequestMethod": "GET",
      "RequestBody": "",
      "RequestHeaders": {
        "x-ms-client-request-id": [
          "788055ce-bdef-493e-8350-cb34231ed326"
        ],
        "Accept-Language": [
          "en-US"
        ],
        "User-Agent": [
          "FxVersion/4.700.22.36202",
          "OSName/Windows",
          "OSVersion/Microsoft.Windows.10.0.22000",
          "Microsoft.Azure.Management.Compute.ComputeManagementClient/58.0.0"
        ]
      },
      "ResponseHeaders": {
        "Cache-Control": [
          "no-cache"
        ],
        "Pragma": [
          "no-cache"
        ],
        "x-ms-ratelimit-remaining-resource": [
          "Microsoft.Compute/ListVMImagesVersionsFromLocation3Min;15999,Microsoft.Compute/ListVMImagesVersionsFromLocation30Min;43999"
        ],
        "Strict-Transport-Security": [
          "max-age=31536000; includeSubDomains"
        ],
        "x-ms-served-by": [
          "0d9dba78-1e8a-4aa0-b19b-25d4fc064622_133052679655193236"
        ],
        "x-ms-request-id": [
          "255f1b2b-8603-4b00-85fe-efeba3c18b30"
        ],
        "Server": [
          "Microsoft-HTTPAPI/2.0",
          "Microsoft-HTTPAPI/2.0"
        ],
        "x-ms-ratelimit-remaining-subscription-reads": [
          "11990"
        ],
        "x-ms-correlation-request-id": [
          "5397229b-e6ae-4df3-bfc7-a1a0ca40445c"
        ],
        "x-ms-routing-request-id": [
          "CENTRALUS:20220819T172725Z:5397229b-e6ae-4df3-bfc7-a1a0ca40445c"
        ],
        "X-Content-Type-Options": [
          "nosniff"
        ],
        "Date": [
          "Fri, 19 Aug 2022 17:27:25 GMT"
        ],
        "Content-Length": [
          "321"
        ],
        "Content-Type": [
          "application/json; charset=utf-8"
        ],
        "Expires": [
          "-1"
        ]
      },
      "ResponseBody": "[\r\n  {\r\n    \"location\": \"CentralUSEUAP\",\r\n    \"name\": \"4.127.20180315\",\r\n    \"id\": \"/Subscriptions/e37510d7-33b6-4676-886f-ee75bcc01871/Providers/Microsoft.Compute/Locations/CentralUSEUAP/Publishers/MicrosoftWindowsServer/ArtifactTypes/VMImage/Offers/WindowsServer/Skus/2012-R2-Datacenter/Versions/4.127.20180315\"\r\n  }\r\n]",
      "StatusCode": 200
    },
    {
      "RequestUri": "/subscriptions/e37510d7-33b6-4676-886f-ee75bcc01871/resourcegroups/crptestar9155?api-version=2017-05-10",
      "EncodedRequestUri": "L3N1YnNjcmlwdGlvbnMvZTM3NTEwZDctMzNiNi00Njc2LTg4NmYtZWU3NWJjYzAxODcxL3Jlc291cmNlZ3JvdXBzL2NycHRlc3RhcjkxNTU/YXBpLXZlcnNpb249MjAxNy0wNS0xMA==",
      "RequestMethod": "PUT",
      "RequestBody": "{\r\n  \"location\": \"centraluseuap\",\r\n  \"tags\": {\r\n    \"crptestar9155\": \"2022-08-19 17:27:24Z\"\r\n  }\r\n}",
      "RequestHeaders": {
        "x-ms-client-request-id": [
          "eea21ce4-b4bf-4b80-a5eb-d278f3536713"
        ],
        "Accept-Language": [
          "en-US"
        ],
        "User-Agent": [
          "FxVersion/4.700.22.36202",
          "OSName/Windows",
          "OSVersion/Microsoft.Windows.10.0.22000",
          "Microsoft.Azure.Management.ResourceManager.ResourceManagementClient/1.6.0.0"
        ],
        "Content-Type": [
          "application/json; charset=utf-8"
        ],
        "Content-Length": [
          "99"
        ]
      },
      "ResponseHeaders": {
        "Cache-Control": [
          "no-cache"
        ],
        "Pragma": [
          "no-cache"
        ],
        "x-ms-ratelimit-remaining-subscription-writes": [
          "1196"
        ],
        "x-ms-request-id": [
          "18895ec1-be78-4009-8dfd-0cb0d4a608e3"
        ],
        "x-ms-correlation-request-id": [
          "18895ec1-be78-4009-8dfd-0cb0d4a608e3"
        ],
        "x-ms-routing-request-id": [
          "CENTRALUS:20220819T172726Z:18895ec1-be78-4009-8dfd-0cb0d4a608e3"
        ],
        "Strict-Transport-Security": [
          "max-age=31536000; includeSubDomains"
        ],
        "X-Content-Type-Options": [
          "nosniff"
        ],
        "Date": [
          "Fri, 19 Aug 2022 17:27:26 GMT"
        ],
        "Content-Length": [
          "234"
        ],
        "Content-Type": [
          "application/json; charset=utf-8"
        ],
        "Expires": [
          "-1"
        ]
      },
      "ResponseBody": "{\r\n  \"id\": \"/subscriptions/e37510d7-33b6-4676-886f-ee75bcc01871/resourceGroups/crptestar9155\",\r\n  \"name\": \"crptestar9155\",\r\n  \"location\": \"centraluseuap\",\r\n  \"tags\": {\r\n    \"crptestar9155\": \"2022-08-19 17:27:24Z\"\r\n  },\r\n  \"properties\": {\r\n    \"provisioningState\": \"Succeeded\"\r\n  }\r\n}",
      "StatusCode": 201
    },
    {
      "RequestUri": "/subscriptions/e37510d7-33b6-4676-886f-ee75bcc01871/resourcegroups/crptestar9155?api-version=2017-05-10",
      "EncodedRequestUri": "L3N1YnNjcmlwdGlvbnMvZTM3NTEwZDctMzNiNi00Njc2LTg4NmYtZWU3NWJjYzAxODcxL3Jlc291cmNlZ3JvdXBzL2NycHRlc3RhcjkxNTU/YXBpLXZlcnNpb249MjAxNy0wNS0xMA==",
      "RequestMethod": "PUT",
      "RequestBody": "{\r\n  \"location\": \"centraluseuap\",\r\n  \"tags\": {\r\n    \"crptestar9155\": \"2022-08-19 17:27:57Z\"\r\n  }\r\n}",
      "RequestHeaders": {
        "x-ms-client-request-id": [
          "c2496d1a-4f4a-4581-9486-fd665874dde8"
        ],
        "Accept-Language": [
          "en-US"
        ],
        "User-Agent": [
          "FxVersion/4.700.22.36202",
          "OSName/Windows",
          "OSVersion/Microsoft.Windows.10.0.22000",
          "Microsoft.Azure.Management.ResourceManager.ResourceManagementClient/1.6.0.0"
        ],
        "Content-Type": [
          "application/json; charset=utf-8"
        ],
        "Content-Length": [
          "99"
        ]
      },
      "ResponseHeaders": {
        "Cache-Control": [
          "no-cache"
        ],
        "Pragma": [
          "no-cache"
        ],
        "x-ms-ratelimit-remaining-subscription-writes": [
          "1195"
        ],
        "x-ms-request-id": [
          "69f44967-4614-40e6-b846-60e367ef5af1"
        ],
        "x-ms-correlation-request-id": [
          "69f44967-4614-40e6-b846-60e367ef5af1"
        ],
        "x-ms-routing-request-id": [
          "CENTRALUS:20220819T172758Z:69f44967-4614-40e6-b846-60e367ef5af1"
        ],
        "Strict-Transport-Security": [
          "max-age=31536000; includeSubDomains"
        ],
        "X-Content-Type-Options": [
          "nosniff"
        ],
        "Date": [
          "Fri, 19 Aug 2022 17:27:58 GMT"
        ],
        "Content-Length": [
          "234"
        ],
        "Content-Type": [
          "application/json; charset=utf-8"
        ],
        "Expires": [
          "-1"
        ]
      },
      "ResponseBody": "{\r\n  \"id\": \"/subscriptions/e37510d7-33b6-4676-886f-ee75bcc01871/resourceGroups/crptestar9155\",\r\n  \"name\": \"crptestar9155\",\r\n  \"location\": \"centraluseuap\",\r\n  \"tags\": {\r\n    \"crptestar9155\": \"2022-08-19 17:27:57Z\"\r\n  },\r\n  \"properties\": {\r\n    \"provisioningState\": \"Succeeded\"\r\n  }\r\n}",
      "StatusCode": 200
    },
    {
      "RequestUri": "/subscriptions/e37510d7-33b6-4676-886f-ee75bcc01871/resourceGroups/crptestar9155/providers/Microsoft.Storage/storageAccounts/crptestar2604?api-version=2015-06-15",
      "EncodedRequestUri": "L3N1YnNjcmlwdGlvbnMvZTM3NTEwZDctMzNiNi00Njc2LTg4NmYtZWU3NWJjYzAxODcxL3Jlc291cmNlR3JvdXBzL2NycHRlc3RhcjkxNTUvcHJvdmlkZXJzL01pY3Jvc29mdC5TdG9yYWdlL3N0b3JhZ2VBY2NvdW50cy9jcnB0ZXN0YXIyNjA0P2FwaS12ZXJzaW9uPTIwMTUtMDYtMTU=",
      "RequestMethod": "PUT",
      "RequestBody": "{\r\n  \"location\": \"centraluseuap\",\r\n  \"properties\": {\r\n    \"accountType\": \"Standard_GRS\"\r\n  }\r\n}",
      "RequestHeaders": {
        "x-ms-client-request-id": [
          "f5a310cf-e7dd-4981-9730-6ed01cec4bab"
        ],
        "Accept-Language": [
          "en-US"
        ],
        "User-Agent": [
          "FxVersion/4.700.22.36202",
          "OSName/Windows",
          "OSVersion/Microsoft.Windows.10.0.22000",
          "Microsoft.Azure.Management.Storage.StorageManagementClient/4.0.0.0"
        ],
        "Content-Type": [
          "application/json; charset=utf-8"
        ],
        "Content-Length": [
          "95"
        ]
      },
      "ResponseHeaders": {
        "Cache-Control": [
          "no-cache"
        ],
        "Pragma": [
          "no-cache"
        ],
        "Location": [
          "https://management.azure.com/subscriptions/e37510d7-33b6-4676-886f-ee75bcc01871/providers/Microsoft.Storage/locations/centraluseuap/asyncoperations/c7305771-1a84-412e-a2d8-3cb95b6c7529?monitor=true&api-version=2015-06-15"
        ],
        "Retry-After": [
          "17"
        ],
        "x-ms-request-id": [
          "c7305771-1a84-412e-a2d8-3cb95b6c7529"
        ],
        "Strict-Transport-Security": [
          "max-age=31536000; includeSubDomains"
        ],
        "Server": [
          "Microsoft-Azure-Storage-Resource-Provider/1.0,Microsoft-HTTPAPI/2.0 Microsoft-HTTPAPI/2.0"
        ],
        "x-ms-ratelimit-remaining-subscription-writes": [
          "1199"
        ],
        "x-ms-correlation-request-id": [
          "f43190a0-76be-469b-b8a9-cbfe73677800"
        ],
        "x-ms-routing-request-id": [
          "CENTRALUS:20220819T172730Z:f43190a0-76be-469b-b8a9-cbfe73677800"
        ],
        "X-Content-Type-Options": [
          "nosniff"
        ],
        "Date": [
          "Fri, 19 Aug 2022 17:27:30 GMT"
        ],
        "Content-Type": [
          "text/plain; charset=utf-8"
        ],
        "Expires": [
          "-1"
        ],
        "Content-Length": [
          "0"
        ]
      },
      "ResponseBody": "",
      "StatusCode": 202
    },
    {
      "RequestUri": "/subscriptions/e37510d7-33b6-4676-886f-ee75bcc01871/providers/Microsoft.Storage/locations/centraluseuap/asyncoperations/c7305771-1a84-412e-a2d8-3cb95b6c7529?monitor=true&api-version=2015-06-15",
      "EncodedRequestUri": "L3N1YnNjcmlwdGlvbnMvZTM3NTEwZDctMzNiNi00Njc2LTg4NmYtZWU3NWJjYzAxODcxL3Byb3ZpZGVycy9NaWNyb3NvZnQuU3RvcmFnZS9sb2NhdGlvbnMvY2VudHJhbHVzZXVhcC9hc3luY29wZXJhdGlvbnMvYzczMDU3NzEtMWE4NC00MTJlLWEyZDgtM2NiOTViNmM3NTI5P21vbml0b3I9dHJ1ZSZhcGktdmVyc2lvbj0yMDE1LTA2LTE1",
      "RequestMethod": "GET",
      "RequestBody": "",
      "RequestHeaders": {
        "User-Agent": [
          "FxVersion/4.700.22.36202",
          "OSName/Windows",
          "OSVersion/Microsoft.Windows.10.0.22000",
          "Microsoft.Azure.Management.Storage.StorageManagementClient/4.0.0.0"
        ]
      },
      "ResponseHeaders": {
        "Cache-Control": [
          "no-cache"
        ],
        "Pragma": [
          "no-cache"
        ],
        "Location": [
          "https://management.azure.com/subscriptions/e37510d7-33b6-4676-886f-ee75bcc01871/providers/Microsoft.Storage/locations/centraluseuap/asyncoperations/5570a385-1607-4dff-9440-9dfcc816c2d5?monitor=true&api-version=2015-06-15"
        ],
        "Retry-After": [
          "3"
        ],
        "x-ms-request-id": [
          "841c76e5-230b-4689-99a2-814ace329234"
        ],
        "Strict-Transport-Security": [
          "max-age=31536000; includeSubDomains"
        ],
        "Server": [
          "Microsoft-Azure-Storage-Resource-Provider/1.0,Microsoft-HTTPAPI/2.0 Microsoft-HTTPAPI/2.0"
        ],
        "x-ms-ratelimit-remaining-subscription-reads": [
          "11999"
        ],
        "x-ms-correlation-request-id": [
          "7dc758f5-f36c-407c-9999-87fc36534ba6"
        ],
        "x-ms-routing-request-id": [
          "CENTRALUS:20220819T172747Z:7dc758f5-f36c-407c-9999-87fc36534ba6"
        ],
        "X-Content-Type-Options": [
          "nosniff"
        ],
        "Date": [
          "Fri, 19 Aug 2022 17:27:47 GMT"
        ],
        "Content-Type": [
          "text/plain; charset=utf-8"
        ],
        "Expires": [
          "-1"
        ],
        "Content-Length": [
          "0"
        ]
      },
      "ResponseBody": "",
      "StatusCode": 202
    },
    {
      "RequestUri": "/subscriptions/e37510d7-33b6-4676-886f-ee75bcc01871/providers/Microsoft.Storage/locations/centraluseuap/asyncoperations/5570a385-1607-4dff-9440-9dfcc816c2d5?monitor=true&api-version=2015-06-15",
      "EncodedRequestUri": "L3N1YnNjcmlwdGlvbnMvZTM3NTEwZDctMzNiNi00Njc2LTg4NmYtZWU3NWJjYzAxODcxL3Byb3ZpZGVycy9NaWNyb3NvZnQuU3RvcmFnZS9sb2NhdGlvbnMvY2VudHJhbHVzZXVhcC9hc3luY29wZXJhdGlvbnMvNTU3MGEzODUtMTYwNy00ZGZmLTk0NDAtOWRmY2M4MTZjMmQ1P21vbml0b3I9dHJ1ZSZhcGktdmVyc2lvbj0yMDE1LTA2LTE1",
      "RequestMethod": "GET",
      "RequestBody": "",
      "RequestHeaders": {
        "User-Agent": [
          "FxVersion/4.700.22.36202",
          "OSName/Windows",
          "OSVersion/Microsoft.Windows.10.0.22000",
          "Microsoft.Azure.Management.Storage.StorageManagementClient/4.0.0.0"
        ]
      },
      "ResponseHeaders": {
        "Cache-Control": [
          "no-cache"
        ],
        "Pragma": [
          "no-cache"
        ],
        "x-ms-request-id": [
          "522cd399-4253-4094-9431-0b9e0808da7a"
        ],
        "Strict-Transport-Security": [
          "max-age=31536000; includeSubDomains"
        ],
        "Server": [
          "Microsoft-Azure-Storage-Resource-Provider/1.0,Microsoft-HTTPAPI/2.0 Microsoft-HTTPAPI/2.0"
        ],
        "x-ms-ratelimit-remaining-subscription-reads": [
          "11998"
        ],
        "x-ms-correlation-request-id": [
          "c87214cf-1831-45bc-916a-fdfe931064ef"
        ],
        "x-ms-routing-request-id": [
          "CANADACENTRAL:20220811T225107Z:c87214cf-1831-45bc-916a-fdfe931064ef"
        ],
        "X-Content-Type-Options": [
          "nosniff"
        ],
        "Date": [
          "Thu, 11 Aug 2022 22:51:06 GMT"
        ],
        "Content-Length": [
          "95"
        ],
        "Content-Type": [
          "application/json"
        ],
        "Expires": [
          "-1"
        ]
      },
      "ResponseBody": "{\r\n  \"location\": \"centraluseuap\",\r\n  \"properties\": {\r\n    \"accountType\": \"Standard_GRS\"\r\n  }\r\n}",
      "StatusCode": 200
    },
    {
      "RequestUri": "/subscriptions/e37510d7-33b6-4676-886f-ee75bcc01871/resourceGroups/crptestar9155/providers/Microsoft.Storage/storageAccounts?api-version=2015-06-15",
      "EncodedRequestUri": "L3N1YnNjcmlwdGlvbnMvZTM3NTEwZDctMzNiNi00Njc2LTg4NmYtZWU3NWJjYzAxODcxL3Jlc291cmNlR3JvdXBzL2NycHRlc3RhcjkxNTUvcHJvdmlkZXJzL01pY3Jvc29mdC5TdG9yYWdlL3N0b3JhZ2VBY2NvdW50cz9hcGktdmVyc2lvbj0yMDE1LTA2LTE1",
      "RequestMethod": "GET",
      "RequestBody": "",
      "RequestHeaders": {
        "x-ms-client-request-id": [
          "5a02fae9-ac59-42c0-b105-b9b75b0eeff3"
        ],
        "Accept-Language": [
          "en-US"
        ],
        "User-Agent": [
          "FxVersion/4.700.22.36202",
          "OSName/Windows",
          "OSVersion/Microsoft.Windows.10.0.22000",
          "Microsoft.Azure.Management.Storage.StorageManagementClient/4.0.0.0"
        ]
      },
      "ResponseHeaders": {
        "Cache-Control": [
          "no-cache"
        ],
        "Pragma": [
          "no-cache"
        ],
        "x-ms-request-id": [
          "f4aa8812-1240-4cd0-96f9-44d1055cefda"
        ],
        "Strict-Transport-Security": [
          "max-age=31536000; includeSubDomains"
        ],
        "Server": [
          "Microsoft-Azure-Storage-Resource-Provider/1.0,Microsoft-HTTPAPI/2.0 Microsoft-HTTPAPI/2.0"
        ],
        "x-ms-ratelimit-remaining-subscription-reads": [
          "11997"
        ],
        "x-ms-correlation-request-id": [
          "1ec9662c-1b80-49fa-8722-0a0ee696df40"
        ],
        "x-ms-routing-request-id": [
          "CENTRALUS:20220819T172758Z:1ec9662c-1b80-49fa-8722-0a0ee696df40"
        ],
        "X-Content-Type-Options": [
          "nosniff"
        ],
        "Date": [
          "Fri, 19 Aug 2022 17:27:57 GMT"
        ],
        "Content-Length": [
          "755"
        ],
        "Content-Type": [
          "application/json"
        ],
        "Expires": [
          "-1"
        ]
      },
      "ResponseBody": "{\r\n  \"value\": [\r\n    {\r\n      \"id\": \"/subscriptions/e37510d7-33b6-4676-886f-ee75bcc01871/resourceGroups/crptestar9155/providers/Microsoft.Storage/storageAccounts/crptestar2604\",\r\n      \"name\": \"crptestar2604\",\r\n      \"type\": \"Microsoft.Storage/storageAccounts\",\r\n      \"location\": \"centraluseuap\",\r\n      \"tags\": {},\r\n      \"properties\": {\r\n        \"accountType\": \"Standard_GRS\",\r\n        \"provisioningState\": \"Succeeded\",\r\n        \"creationTime\": \"2022-08-19T17:27:27.750391Z\",\r\n        \"primaryEndpoints\": {\r\n          \"blob\": \"https://crptestar2604.blob.core.windows.net/\",\r\n          \"queue\": \"https://crptestar2604.queue.core.windows.net/\",\r\n          \"table\": \"https://crptestar2604.table.core.windows.net/\",\r\n          \"file\": \"https://crptestar2604.file.core.windows.net/\"\r\n        },\r\n        \"primaryLocation\": \"centraluseuap\",\r\n        \"statusOfPrimary\": \"available\",\r\n        \"secondaryLocation\": \"eastus2euap\",\r\n        \"statusOfSecondary\": \"available\"\r\n      }\r\n    }\r\n  ]\r\n}",
      "StatusCode": 200
    },
    {
      "RequestUri": "/subscriptions/e37510d7-33b6-4676-886f-ee75bcc01871/resourceGroups/crptestar9155/providers/Microsoft.Storage/storageAccounts/crptestar2604?api-version=2015-06-15",
      "EncodedRequestUri": "L3N1YnNjcmlwdGlvbnMvZTM3NTEwZDctMzNiNi00Njc2LTg4NmYtZWU3NWJjYzAxODcxL3Jlc291cmNlR3JvdXBzL2NycHRlc3RhcjkxNTUvcHJvdmlkZXJzL01pY3Jvc29mdC5TdG9yYWdlL3N0b3JhZ2VBY2NvdW50cy9jcnB0ZXN0YXIyNjA0P2FwaS12ZXJzaW9uPTIwMTUtMDYtMTU=",
      "RequestMethod": "GET",
      "RequestBody": "",
      "RequestHeaders": {
        "x-ms-client-request-id": [
          "ceaf0a47-ddb9-483c-8c26-390703216da7"
        ],
        "Accept-Language": [
          "en-US"
        ],
        "User-Agent": [
          "FxVersion/4.700.22.36202",
          "OSName/Windows",
          "OSVersion/Microsoft.Windows.10.0.22000",
          "Microsoft.Azure.Management.Storage.StorageManagementClient/4.0.0.0"
        ]
      },
      "ResponseHeaders": {
        "Cache-Control": [
          "no-cache"
        ],
        "Pragma": [
          "no-cache"
        ],
        "x-ms-request-id": [
          "888e595f-134c-45c8-911c-296da87fe99f"
        ],
        "Strict-Transport-Security": [
          "max-age=31536000; includeSubDomains"
        ],
        "Server": [
          "Microsoft-Azure-Storage-Resource-Provider/1.0,Microsoft-HTTPAPI/2.0 Microsoft-HTTPAPI/2.0"
        ],
        "x-ms-ratelimit-remaining-subscription-reads": [
          "11996"
        ],
        "x-ms-correlation-request-id": [
          "a7a96c49-1e1b-40b1-9e16-a6b872e9a07e"
        ],
        "x-ms-routing-request-id": [
          "CENTRALUS:20220819T172758Z:a7a96c49-1e1b-40b1-9e16-a6b872e9a07e"
        ],
        "X-Content-Type-Options": [
          "nosniff"
        ],
        "Date": [
          "Fri, 19 Aug 2022 17:27:57 GMT"
        ],
        "Content-Length": [
          "743"
        ],
        "Content-Type": [
          "application/json"
        ],
        "Expires": [
          "-1"
        ]
      },
      "ResponseBody": "{\r\n  \"id\": \"/subscriptions/e37510d7-33b6-4676-886f-ee75bcc01871/resourceGroups/crptestar9155/providers/Microsoft.Storage/storageAccounts/crptestar2604\",\r\n  \"name\": \"crptestar2604\",\r\n  \"type\": \"Microsoft.Storage/storageAccounts\",\r\n  \"location\": \"centraluseuap\",\r\n  \"tags\": {},\r\n  \"properties\": {\r\n    \"accountType\": \"Standard_GRS\",\r\n    \"provisioningState\": \"Succeeded\",\r\n    \"creationTime\": \"2022-08-19T17:27:27.750391Z\",\r\n    \"primaryEndpoints\": {\r\n      \"blob\": \"https://crptestar2604.blob.core.windows.net/\",\r\n      \"queue\": \"https://crptestar2604.queue.core.windows.net/\",\r\n      \"table\": \"https://crptestar2604.table.core.windows.net/\",\r\n      \"file\": \"https://crptestar2604.file.core.windows.net/\"\r\n    },\r\n    \"primaryLocation\": \"centraluseuap\",\r\n    \"statusOfPrimary\": \"available\",\r\n    \"secondaryLocation\": \"eastus2euap\",\r\n    \"statusOfSecondary\": \"available\"\r\n  }\r\n}",
      "StatusCode": 200
    },
    {
      "RequestUri": "/subscriptions/e37510d7-33b6-4676-886f-ee75bcc01871/resourceGroups/crptestar9155/providers/Microsoft.Network/publicIPAddresses/pip1196?api-version=2019-09-01",
      "EncodedRequestUri": "L3N1YnNjcmlwdGlvbnMvZTM3NTEwZDctMzNiNi00Njc2LTg4NmYtZWU3NWJjYzAxODcxL3Jlc291cmNlR3JvdXBzL2NycHRlc3RhcjkxNTUvcHJvdmlkZXJzL01pY3Jvc29mdC5OZXR3b3JrL3B1YmxpY0lQQWRkcmVzc2VzL3BpcDExOTY/YXBpLXZlcnNpb249MjAxOS0wOS0wMQ==",
      "RequestMethod": "PUT",
      "RequestBody": "{\r\n  \"properties\": {\r\n    \"publicIPAllocationMethod\": \"Dynamic\",\r\n    \"dnsSettings\": {\r\n      \"domainNameLabel\": \"dn7501\"\r\n    }\r\n  },\r\n  \"location\": \"centraluseuap\",\r\n  \"tags\": {\r\n    \"key\": \"value\"\r\n  }\r\n}",
      "RequestHeaders": {
        "x-ms-client-request-id": [
          "d7601232-c589-4be4-808d-a6dd514da1b0"
        ],
        "Accept-Language": [
          "en-US"
        ],
        "User-Agent": [
          "FxVersion/4.700.22.36202",
          "OSName/Windows",
          "OSVersion/Microsoft.Windows.10.0.22000",
          "Microsoft.Azure.Management.Network.NetworkManagementClient/19.17.1.0"
        ],
        "Content-Type": [
          "application/json; charset=utf-8"
        ],
        "Content-Length": [
          "207"
        ]
      },
      "ResponseHeaders": {
        "Cache-Control": [
          "no-cache"
        ],
        "Pragma": [
          "no-cache"
        ],
        "Retry-After": [
          "1"
        ],
        "x-ms-request-id": [
          "4dad43ab-432c-4939-9965-7e083a38816c"
        ],
        "azure-asyncoperation": [
          "https://management.azure.com/subscriptions/e37510d7-33b6-4676-886f-ee75bcc01871/providers/Microsoft.Network/locations/centraluseuap/operations/4dad43ab-432c-4939-9965-7e083a38816c?api-version=2019-09-01"
        ],
        "x-ms-correlation-request-id": [
          "4c2b3206-3ff8-4818-995b-bf71c89ce88c"
        ],
        "azure-asyncnotification": [
          "Enabled"
        ],
        "x-ms-arm-service-request-id": [
          "bd0e11c1-61bb-47b3-b60d-3b5f15a33d48"
        ],
        "Strict-Transport-Security": [
          "max-age=31536000; includeSubDomains"
        ],
        "Server": [
          "Microsoft-HTTPAPI/2.0",
          "Microsoft-HTTPAPI/2.0"
        ],
        "x-ms-ratelimit-remaining-subscription-writes": [
          "1199"
        ],
        "x-ms-routing-request-id": [
          "CENTRALUS:20220819T172800Z:4c2b3206-3ff8-4818-995b-bf71c89ce88c"
        ],
        "X-Content-Type-Options": [
          "nosniff"
        ],
        "Date": [
          "Fri, 19 Aug 2022 17:27:59 GMT"
        ],
        "Content-Length": [
          "769"
        ],
        "Content-Type": [
          "application/json; charset=utf-8"
        ],
        "Expires": [
          "-1"
        ]
      },
      "ResponseBody": "{\r\n  \"name\": \"pip1196\",\r\n  \"id\": \"/subscriptions/e37510d7-33b6-4676-886f-ee75bcc01871/resourceGroups/crptestar9155/providers/Microsoft.Network/publicIPAddresses/pip1196\",\r\n  \"etag\": \"W/\\\"37bcc462-0d85-4cc8-a7d1-f70786c29840\\\"\",\r\n  \"location\": \"centraluseuap\",\r\n  \"tags\": {\r\n    \"key\": \"value\"\r\n  },\r\n  \"properties\": {\r\n    \"provisioningState\": \"Updating\",\r\n    \"resourceGuid\": \"61c6ccba-2665-429d-8b93-2e626b978367\",\r\n    \"publicIPAddressVersion\": \"IPv4\",\r\n    \"publicIPAllocationMethod\": \"Dynamic\",\r\n    \"idleTimeoutInMinutes\": 4,\r\n    \"dnsSettings\": {\r\n      \"domainNameLabel\": \"dn7501\",\r\n      \"fqdn\": \"dn7501.centraluseuap.cloudapp.azure.com\"\r\n    },\r\n    \"ipTags\": []\r\n  },\r\n  \"type\": \"Microsoft.Network/publicIPAddresses\",\r\n  \"sku\": {\r\n    \"name\": \"Basic\"\r\n  }\r\n}",
      "StatusCode": 201
    },
    {
      "RequestUri": "/subscriptions/e37510d7-33b6-4676-886f-ee75bcc01871/providers/Microsoft.Network/locations/centraluseuap/operations/4dad43ab-432c-4939-9965-7e083a38816c?api-version=2019-09-01",
      "EncodedRequestUri": "L3N1YnNjcmlwdGlvbnMvZTM3NTEwZDctMzNiNi00Njc2LTg4NmYtZWU3NWJjYzAxODcxL3Byb3ZpZGVycy9NaWNyb3NvZnQuTmV0d29yay9sb2NhdGlvbnMvY2VudHJhbHVzZXVhcC9vcGVyYXRpb25zLzRkYWQ0M2FiLTQzMmMtNDkzOS05OTY1LTdlMDgzYTM4ODE2Yz9hcGktdmVyc2lvbj0yMDE5LTA5LTAx",
      "RequestMethod": "GET",
      "RequestBody": "",
      "RequestHeaders": {
        "User-Agent": [
          "FxVersion/4.700.22.36202",
          "OSName/Windows",
          "OSVersion/Microsoft.Windows.10.0.22000",
          "Microsoft.Azure.Management.Network.NetworkManagementClient/19.17.1.0"
        ]
      },
      "ResponseHeaders": {
        "Cache-Control": [
          "no-cache"
        ],
        "Pragma": [
          "no-cache"
        ],
        "x-ms-request-id": [
          "c11e478c-8750-4699-9078-ab28b9e92594"
        ],
        "x-ms-correlation-request-id": [
          "a1fbba49-0528-4983-a5ff-437b56c998af"
        ],
        "x-ms-arm-service-request-id": [
          "8da477d6-4b25-44c3-af9b-ea1062683549"
        ],
        "Strict-Transport-Security": [
          "max-age=31536000; includeSubDomains"
        ],
        "Server": [
          "Microsoft-HTTPAPI/2.0",
          "Microsoft-HTTPAPI/2.0"
        ],
        "x-ms-ratelimit-remaining-subscription-reads": [
          "11999"
        ],
        "x-ms-routing-request-id": [
          "CENTRALUS:20220819T172801Z:a1fbba49-0528-4983-a5ff-437b56c998af"
        ],
        "X-Content-Type-Options": [
          "nosniff"
        ],
        "Date": [
          "Fri, 19 Aug 2022 17:28:01 GMT"
        ],
        "Content-Length": [
          "29"
        ],
        "Content-Type": [
          "application/json; charset=utf-8"
        ],
        "Expires": [
          "-1"
        ]
      },
      "ResponseBody": "{\r\n  \"status\": \"Succeeded\"\r\n}",
      "StatusCode": 200
    },
    {
      "RequestUri": "/subscriptions/e37510d7-33b6-4676-886f-ee75bcc01871/providers/Microsoft.Network/locations/centraluseuap/operations/4dad43ab-432c-4939-9965-7e083a38816c?api-version=2019-09-01",
      "EncodedRequestUri": "L3N1YnNjcmlwdGlvbnMvZTM3NTEwZDctMzNiNi00Njc2LTg4NmYtZWU3NWJjYzAxODcxL3Byb3ZpZGVycy9NaWNyb3NvZnQuTmV0d29yay9sb2NhdGlvbnMvY2VudHJhbHVzZXVhcC9vcGVyYXRpb25zLzRkYWQ0M2FiLTQzMmMtNDkzOS05OTY1LTdlMDgzYTM4ODE2Yz9hcGktdmVyc2lvbj0yMDE5LTA5LTAx",
      "RequestMethod": "GET",
      "RequestBody": "",
      "RequestHeaders": {
        "User-Agent": [
          "FxVersion/4.700.22.36202",
          "OSName/Windows",
          "OSVersion/Microsoft.Windows.10.0.22000",
          "Microsoft.Azure.Management.Network.NetworkManagementClient/19.17.1.0"
        ]
      },
      "ResponseHeaders": {
        "Cache-Control": [
          "no-cache"
        ],
        "Pragma": [
          "no-cache"
        ],
        "ETag": [
          "W/\"b2571414-a6b7-47ae-b954-f123ff915e5b\""
        ],
        "x-ms-request-id": [
          "05b3b89c-44bb-4cbe-83fc-f0d6340ef6a5"
        ],
        "x-ms-correlation-request-id": [
          "6bda99ee-4cc4-4186-b5d5-dc2815a50fc3"
        ],
        "x-ms-arm-service-request-id": [
          "ae207307-eff0-4438-92df-3e91b0a6fe57"
        ],
        "Strict-Transport-Security": [
          "max-age=31536000; includeSubDomains"
        ],
        "Server": [
          "Microsoft-HTTPAPI/2.0",
          "Microsoft-HTTPAPI/2.0"
        ],
        "x-ms-ratelimit-remaining-subscription-reads": [
          "11998"
        ],
        "x-ms-routing-request-id": [
          "CENTRALUS:20220819T172803Z:6bda99ee-4cc4-4186-b5d5-dc2815a50fc3"
        ],
        "X-Content-Type-Options": [
          "nosniff"
        ],
        "Date": [
          "Fri, 19 Aug 2022 17:28:03 GMT"
        ],
        "Content-Length": [
          "770"
        ],
        "Content-Type": [
          "application/json; charset=utf-8"
        ],
        "Expires": [
          "-1"
        ]
      },
      "ResponseBody": "{\r\n  \"name\": \"pip2131\",\r\n  \"id\": \"/subscriptions/e37510d7-33b6-4676-886f-ee75bcc01871/resourceGroups/crptestar3170/providers/Microsoft.Network/publicIPAddresses/pip2131\",\r\n  \"etag\": \"W/\\\"b2571414-a6b7-47ae-b954-f123ff915e5b\\\"\",\r\n  \"location\": \"centraluseuap\",\r\n  \"tags\": {\r\n    \"key\": \"value\"\r\n  },\r\n  \"properties\": {\r\n    \"provisioningState\": \"Succeeded\",\r\n    \"resourceGuid\": \"4d04214f-d7d4-462c-9f30-e39e8d578dac\",\r\n    \"publicIPAddressVersion\": \"IPv4\",\r\n    \"publicIPAllocationMethod\": \"Dynamic\",\r\n    \"idleTimeoutInMinutes\": 4,\r\n    \"dnsSettings\": {\r\n      \"domainNameLabel\": \"dn6054\",\r\n      \"fqdn\": \"dn6054.centraluseuap.cloudapp.azure.com\"\r\n    },\r\n    \"ipTags\": []\r\n  },\r\n  \"type\": \"Microsoft.Network/publicIPAddresses\",\r\n  \"sku\": {\r\n    \"name\": \"Basic\"\r\n  }\r\n}",
      "StatusCode": 200
    },
    {
      "RequestUri": "/subscriptions/e37510d7-33b6-4676-886f-ee75bcc01871/resourceGroups/crptestar9155/providers/Microsoft.Network/publicIPAddresses/pip1196?api-version=2019-09-01",
      "EncodedRequestUri": "L3N1YnNjcmlwdGlvbnMvZTM3NTEwZDctMzNiNi00Njc2LTg4NmYtZWU3NWJjYzAxODcxL3Jlc291cmNlR3JvdXBzL2NycHRlc3RhcjkxNTUvcHJvdmlkZXJzL01pY3Jvc29mdC5OZXR3b3JrL3B1YmxpY0lQQWRkcmVzc2VzL3BpcDExOTY/YXBpLXZlcnNpb249MjAxOS0wOS0wMQ==",
      "RequestMethod": "GET",
      "RequestBody": "",
      "RequestHeaders": {
        "x-ms-client-request-id": [
          "06172c7a-632f-4fd0-a039-1c5179af8b1b"
        ],
        "Accept-Language": [
          "en-US"
        ],
        "User-Agent": [
          "FxVersion/4.700.22.36202",
          "OSName/Windows",
          "OSVersion/Microsoft.Windows.10.0.22000",
          "Microsoft.Azure.Management.Network.NetworkManagementClient/19.17.1.0"
        ]
      },
      "ResponseHeaders": {
        "Cache-Control": [
          "no-cache"
        ],
        "Pragma": [
          "no-cache"
        ],
        "ETag": [
          "W/\"38ce4ea4-3c27-4bff-8030-b1c91ece3614\""
        ],
        "x-ms-request-id": [
          "207a6645-3a7d-4453-866e-1e6e9eaf58dc"
        ],
        "x-ms-correlation-request-id": [
          "239253d5-8fbf-4b8c-b49d-3b3b5d246b03"
        ],
        "x-ms-arm-service-request-id": [
          "222149ee-d840-4bd9-ba77-288a8a6aa5eb"
        ],
        "Strict-Transport-Security": [
          "max-age=31536000; includeSubDomains"
        ],
        "Server": [
          "Microsoft-HTTPAPI/2.0",
          "Microsoft-HTTPAPI/2.0"
        ],
        "x-ms-ratelimit-remaining-subscription-reads": [
          "11997"
        ],
        "x-ms-routing-request-id": [
          "CENTRALUS:20220819T172804Z:239253d5-8fbf-4b8c-b49d-3b3b5d246b03"
        ],
        "X-Content-Type-Options": [
          "nosniff"
        ],
        "Date": [
          "Fri, 19 Aug 2022 17:28:03 GMT"
        ],
        "Content-Length": [
          "770"
        ],
        "Content-Type": [
          "application/json; charset=utf-8"
        ],
        "Expires": [
          "-1"
        ]
      },
      "ResponseBody": "{\r\n  \"name\": \"pip1196\",\r\n  \"id\": \"/subscriptions/e37510d7-33b6-4676-886f-ee75bcc01871/resourceGroups/crptestar9155/providers/Microsoft.Network/publicIPAddresses/pip1196\",\r\n  \"etag\": \"W/\\\"38ce4ea4-3c27-4bff-8030-b1c91ece3614\\\"\",\r\n  \"location\": \"centraluseuap\",\r\n  \"tags\": {\r\n    \"key\": \"value\"\r\n  },\r\n  \"properties\": {\r\n    \"provisioningState\": \"Succeeded\",\r\n    \"resourceGuid\": \"61c6ccba-2665-429d-8b93-2e626b978367\",\r\n    \"publicIPAddressVersion\": \"IPv4\",\r\n    \"publicIPAllocationMethod\": \"Dynamic\",\r\n    \"idleTimeoutInMinutes\": 4,\r\n    \"dnsSettings\": {\r\n      \"domainNameLabel\": \"dn7501\",\r\n      \"fqdn\": \"dn7501.centraluseuap.cloudapp.azure.com\"\r\n    },\r\n    \"ipTags\": []\r\n  },\r\n  \"type\": \"Microsoft.Network/publicIPAddresses\",\r\n  \"sku\": {\r\n    \"name\": \"Basic\"\r\n  }\r\n}",
      "StatusCode": 200
    },
    {
      "RequestUri": "/subscriptions/e37510d7-33b6-4676-886f-ee75bcc01871/resourceGroups/crptestar9155/providers/Microsoft.Network/publicIPAddresses/pip1196?api-version=2019-09-01",
      "EncodedRequestUri": "L3N1YnNjcmlwdGlvbnMvZTM3NTEwZDctMzNiNi00Njc2LTg4NmYtZWU3NWJjYzAxODcxL3Jlc291cmNlR3JvdXBzL2NycHRlc3RhcjkxNTUvcHJvdmlkZXJzL01pY3Jvc29mdC5OZXR3b3JrL3B1YmxpY0lQQWRkcmVzc2VzL3BpcDExOTY/YXBpLXZlcnNpb249MjAxOS0wOS0wMQ==",
      "RequestMethod": "GET",
      "RequestBody": "",
      "RequestHeaders": {
        "x-ms-client-request-id": [
          "d60441e9-8e0c-42a7-a102-a7c1d34e7c43"
        ],
        "Accept-Language": [
          "en-US"
        ],
        "User-Agent": [
          "FxVersion/4.700.22.36202",
          "OSName/Windows",
          "OSVersion/Microsoft.Windows.10.0.22000",
          "Microsoft.Azure.Management.Network.NetworkManagementClient/19.17.1.0"
        ],
        "Content-Type": [
          "application/json; charset=utf-8"
        ],
        "Content-Length": [
          "298"
        ]
      },
      "ResponseHeaders": {
        "Cache-Control": [
          "no-cache"
        ],
        "Pragma": [
          "no-cache"
        ],
        "ETag": [
          "W/\"38ce4ea4-3c27-4bff-8030-b1c91ece3614\""
        ],
        "x-ms-request-id": [
          "50f5ba39-adef-487c-8235-047b54090e0c"
        ],
        "azure-asyncoperation": [
          "https://management.azure.com/subscriptions/e37510d7-33b6-4676-886f-ee75bcc01871/providers/Microsoft.Network/locations/centraluseuap/operations/7f7d3875-46cf-44ef-97b5-2ca196adb2c1?api-version=2019-09-01"
        ],
        "x-ms-correlation-request-id": [
          "8fcfc6b1-1527-4fef-8a26-e39e5dc68ab6"
        ],
        "azure-asyncnotification": [
          "Enabled"
        ],
        "x-ms-arm-service-request-id": [
          "0e0624c9-18b4-42d5-8604-d7cddea0a334"
        ],
        "Strict-Transport-Security": [
          "max-age=31536000; includeSubDomains"
        ],
        "Server": [
          "Microsoft-HTTPAPI/2.0",
          "Microsoft-HTTPAPI/2.0"
        ],
        "x-ms-ratelimit-remaining-subscription-writes": [
          "1198"
        ],
        "x-ms-routing-request-id": [
          "CENTRALUS:20220819T172804Z:8fcfc6b1-1527-4fef-8a26-e39e5dc68ab6"
        ],
        "X-Content-Type-Options": [
          "nosniff"
        ],
        "Date": [
          "Fri, 19 Aug 2022 17:28:03 GMT"
        ],
        "Content-Length": [
          "1217"
        ],
        "Content-Type": [
          "application/json; charset=utf-8"
        ],
        "Expires": [
          "-1"
        ]
      },
      "ResponseBody": "{\r\n  \"name\": \"pip1196\",\r\n  \"id\": \"/subscriptions/e37510d7-33b6-4676-886f-ee75bcc01871/resourceGroups/crptestar9155/providers/Microsoft.Network/publicIPAddresses/pip1196\",\r\n  \"etag\": \"W/\\\"38ce4ea4-3c27-4bff-8030-b1c91ece3614\\\"\",\r\n  \"location\": \"centraluseuap\",\r\n  \"tags\": {\r\n    \"key\": \"value\"\r\n  },\r\n  \"properties\": {\r\n    \"provisioningState\": \"Succeeded\",\r\n    \"resourceGuid\": \"61c6ccba-2665-429d-8b93-2e626b978367\",\r\n    \"publicIPAddressVersion\": \"IPv4\",\r\n    \"publicIPAllocationMethod\": \"Dynamic\",\r\n    \"idleTimeoutInMinutes\": 4,\r\n    \"dnsSettings\": {\r\n      \"domainNameLabel\": \"dn7501\",\r\n      \"fqdn\": \"dn7501.centraluseuap.cloudapp.azure.com\"\r\n    },\r\n    \"ipTags\": []\r\n  },\r\n  \"type\": \"Microsoft.Network/publicIPAddresses\",\r\n  \"sku\": {\r\n    \"name\": \"Basic\"\r\n  }\r\n}",
      "StatusCode": 200
    },
    {
      "RequestUri": "/subscriptions/e37510d7-33b6-4676-886f-ee75bcc01871/resourceGroups/crptestar9155/providers/Microsoft.Network/virtualNetworks/vn329?api-version=2019-09-01",
      "EncodedRequestUri": "L3N1YnNjcmlwdGlvbnMvZTM3NTEwZDctMzNiNi00Njc2LTg4NmYtZWU3NWJjYzAxODcxL3Jlc291cmNlR3JvdXBzL2NycHRlc3RhcjkxNTUvcHJvdmlkZXJzL01pY3Jvc29mdC5OZXR3b3JrL3ZpcnR1YWxOZXR3b3Jrcy92bjMyOT9hcGktdmVyc2lvbj0yMDE5LTA5LTAx",
      "RequestMethod": "PUT",
      "RequestBody": "{\r\n  \"properties\": {\r\n    \"addressSpace\": {\r\n      \"addressPrefixes\": [\r\n        \"10.0.0.0/16\"\r\n      ]\r\n    },\r\n    \"subnets\": [\r\n      {\r\n        \"properties\": {\r\n          \"addressPrefix\": \"10.0.0.0/24\"\r\n        },\r\n        \"name\": \"sn7444\"\r\n      }\r\n    ]\r\n  },\r\n  \"location\": \"centraluseuap\"\r\n}",
      "RequestHeaders": {
        "x-ms-client-request-id": [
          "d463ddcf-1943-4b8d-9d67-2a768384e24e"
        ],
        "Accept-Language": [
          "en-US"
        ],
        "User-Agent": [
          "FxVersion/4.700.22.36202",
          "OSName/Windows",
          "OSVersion/Microsoft.Windows.10.0.22000",
          "Microsoft.Azure.Management.Network.NetworkManagementClient/19.17.1.0"
        ]
      },
      "ResponseHeaders": {
        "Cache-Control": [
          "no-cache"
        ],
        "Pragma": [
          "no-cache"
        ],
        "Retry-After": [
          "10"
        ],
        "x-ms-request-id": [
          "1dbe0961-697b-4f39-bce1-8d83fa87f070"
        ],
        "azure-asyncoperation": [
          "https://management.azure.com/subscriptions/e37510d7-33b6-4676-886f-ee75bcc01871/providers/Microsoft.Network/locations/centraluseuap/operations/1dbe0961-697b-4f39-bce1-8d83fa87f070?api-version=2019-09-01"
        ],
        "x-ms-correlation-request-id": [
          "8f117ad0-af43-40bd-8579-221abf798c46"
        ],
        "x-ms-arm-service-request-id": [
          "22b79a21-8622-4b8c-b897-9a3dd0c44f49"
        ],
        "Strict-Transport-Security": [
          "max-age=31536000; includeSubDomains"
        ],
        "Server": [
          "Microsoft-HTTPAPI/2.0",
          "Microsoft-HTTPAPI/2.0"
        ],
        "x-ms-ratelimit-remaining-subscription-reads": [
          "11996"
        ],
        "x-ms-routing-request-id": [
          "CENTRALUS:20220819T172804Z:8f117ad0-af43-40bd-8579-221abf798c46"
        ],
        "X-Content-Type-Options": [
          "nosniff"
        ],
        "Date": [
          "Fri, 19 Aug 2022 17:28:04 GMT"
        ],
        "Content-Length": [
          "1216"
        ],
        "Content-Type": [
          "application/json; charset=utf-8"
        ],
        "Expires": [
          "-1"
        ]
      },
      "ResponseBody": "{\r\n  \"name\": \"vn329\",\r\n  \"id\": \"/subscriptions/e37510d7-33b6-4676-886f-ee75bcc01871/resourceGroups/crptestar9155/providers/Microsoft.Network/virtualNetworks/vn329\",\r\n  \"etag\": \"W/\\\"ca03c716-c28c-41d4-8c1c-b399f2436164\\\"\",\r\n  \"type\": \"Microsoft.Network/virtualNetworks\",\r\n  \"location\": \"centraluseuap\",\r\n  \"properties\": {\r\n    \"provisioningState\": \"Updating\",\r\n    \"resourceGuid\": \"9ba47ca8-4752-4f14-8097-54cdfb2d2321\",\r\n    \"addressSpace\": {\r\n      \"addressPrefixes\": [\r\n        \"10.0.0.0/16\"\r\n      ]\r\n    },\r\n    \"subnets\": [\r\n      {\r\n        \"name\": \"sn7444\",\r\n        \"id\": \"/subscriptions/e37510d7-33b6-4676-886f-ee75bcc01871/resourceGroups/crptestar9155/providers/Microsoft.Network/virtualNetworks/vn329/subnets/sn7444\",\r\n        \"etag\": \"W/\\\"ca03c716-c28c-41d4-8c1c-b399f2436164\\\"\",\r\n        \"properties\": {\r\n          \"provisioningState\": \"Updating\",\r\n          \"addressPrefix\": \"10.0.0.0/24\",\r\n          \"delegations\": [],\r\n          \"privateEndpointNetworkPolicies\": \"Disabled\",\r\n          \"privateLinkServiceNetworkPolicies\": \"Enabled\"\r\n        },\r\n        \"type\": \"Microsoft.Network/virtualNetworks/subnets\"\r\n      }\r\n    ],\r\n    \"virtualNetworkPeerings\": [],\r\n    \"enableDdosProtection\": false\r\n  }\r\n}",
      "StatusCode": 201
    },
    {
      "RequestUri": "/subscriptions/e37510d7-33b6-4676-886f-ee75bcc01871/providers/Microsoft.Network/locations/centraluseuap/operations/1dbe0961-697b-4f39-bce1-8d83fa87f070?api-version=2019-09-01",
      "EncodedRequestUri": "L3N1YnNjcmlwdGlvbnMvZTM3NTEwZDctMzNiNi00Njc2LTg4NmYtZWU3NWJjYzAxODcxL3Byb3ZpZGVycy9NaWNyb3NvZnQuTmV0d29yay9sb2NhdGlvbnMvY2VudHJhbHVzZXVhcC9vcGVyYXRpb25zLzFkYmUwOTYxLTY5N2ItNGYzOS1iY2UxLThkODNmYTg3ZjA3MD9hcGktdmVyc2lvbj0yMDE5LTA5LTAx",
      "RequestMethod": "GET",
      "RequestBody": "",
      "RequestHeaders": {
        "User-Agent": [
          "FxVersion/4.700.22.36202",
          "OSName/Windows",
          "OSVersion/Microsoft.Windows.10.0.22000",
          "Microsoft.Azure.Management.Network.NetworkManagementClient/19.17.1.0"
        ]
      },
      "ResponseHeaders": {
        "Cache-Control": [
          "no-cache"
        ],
        "Pragma": [
          "no-cache"
        ],
        "x-ms-request-id": [
          "17db762e-54f6-47b6-aa37-867af887d24a"
        ],
        "x-ms-correlation-request-id": [
          "53cb6b11-b26d-4b47-9abe-c5d9290dd2a7"
        ],
        "x-ms-arm-service-request-id": [
          "f0bed55d-3514-4e85-a4f1-61dbfe89bcbf"
        ],
        "Strict-Transport-Security": [
          "max-age=31536000; includeSubDomains"
        ],
        "Server": [
          "Microsoft-HTTPAPI/2.0",
          "Microsoft-HTTPAPI/2.0"
        ],
        "x-ms-ratelimit-remaining-subscription-reads": [
          "11995"
        ],
        "x-ms-routing-request-id": [
          "CENTRALUS:20220819T172808Z:53cb6b11-b26d-4b47-9abe-c5d9290dd2a7"
        ],
        "X-Content-Type-Options": [
          "nosniff"
        ],
        "Date": [
          "Fri, 19 Aug 2022 17:28:07 GMT"
        ],
        "Content-Length": [
          "29"
        ],
        "Content-Type": [
          "application/json; charset=utf-8"
        ],
        "Expires": [
          "-1"
        ]
      },
      "ResponseBody": "{\r\n  \"status\": \"Succeeded\"\r\n}",
      "StatusCode": 200
    },
    {
      "RequestUri": "/subscriptions/e37510d7-33b6-4676-886f-ee75bcc01871/resourceGroups/crptestar9155/providers/Microsoft.Network/virtualNetworks/vn329?api-version=2019-09-01",
      "EncodedRequestUri": "L3N1YnNjcmlwdGlvbnMvZTM3NTEwZDctMzNiNi00Njc2LTg4NmYtZWU3NWJjYzAxODcxL3Jlc291cmNlR3JvdXBzL2NycHRlc3RhcjkxNTUvcHJvdmlkZXJzL01pY3Jvc29mdC5OZXR3b3JrL3ZpcnR1YWxOZXR3b3Jrcy92bjMyOT9hcGktdmVyc2lvbj0yMDE5LTA5LTAx",
      "RequestMethod": "GET",
      "RequestBody": "",
      "RequestHeaders": {
        "User-Agent": [
          "FxVersion/4.700.22.36202",
          "OSName/Windows",
          "OSVersion/Microsoft.Windows.10.0.22000",
          "Microsoft.Azure.Management.Network.NetworkManagementClient/19.17.1.0"
        ]
      },
      "ResponseHeaders": {
        "Cache-Control": [
          "no-cache"
        ],
        "Pragma": [
          "no-cache"
        ],
        "ETag": [
          "W/\"3b9d8524-521b-4528-9605-d227ff4c49c6\""
        ],
        "x-ms-request-id": [
          "8d52be2f-9bf9-46b0-baff-5fd9c49a0fa8"
        ],
        "x-ms-correlation-request-id": [
          "c032a635-a8fd-4c3b-b663-226a55f9f7b1"
        ],
        "x-ms-arm-service-request-id": [
          "1ff4c64e-73de-49e0-b810-26478b9bfd71"
        ],
        "Strict-Transport-Security": [
          "max-age=31536000; includeSubDomains"
        ],
        "Server": [
          "Microsoft-HTTPAPI/2.0",
          "Microsoft-HTTPAPI/2.0"
        ],
        "x-ms-ratelimit-remaining-subscription-reads": [
          "11994"
        ],
        "x-ms-routing-request-id": [
          "CENTRALUS:20220819T172808Z:c032a635-a8fd-4c3b-b663-226a55f9f7b1"
        ],
        "X-Content-Type-Options": [
          "nosniff"
        ],
        "Date": [
          "Fri, 19 Aug 2022 17:28:07 GMT"
        ],
        "Content-Length": [
          "1218"
        ],
        "Content-Type": [
          "application/json; charset=utf-8"
        ],
        "Expires": [
          "-1"
        ]
      },
      "ResponseBody": "{\r\n  \"name\": \"vn329\",\r\n  \"id\": \"/subscriptions/e37510d7-33b6-4676-886f-ee75bcc01871/resourceGroups/crptestar9155/providers/Microsoft.Network/virtualNetworks/vn329\",\r\n  \"etag\": \"W/\\\"3b9d8524-521b-4528-9605-d227ff4c49c6\\\"\",\r\n  \"type\": \"Microsoft.Network/virtualNetworks\",\r\n  \"location\": \"centraluseuap\",\r\n  \"properties\": {\r\n    \"provisioningState\": \"Succeeded\",\r\n    \"resourceGuid\": \"9ba47ca8-4752-4f14-8097-54cdfb2d2321\",\r\n    \"addressSpace\": {\r\n      \"addressPrefixes\": [\r\n        \"10.0.0.0/16\"\r\n      ]\r\n    },\r\n    \"subnets\": [\r\n      {\r\n        \"name\": \"sn7444\",\r\n        \"id\": \"/subscriptions/e37510d7-33b6-4676-886f-ee75bcc01871/resourceGroups/crptestar9155/providers/Microsoft.Network/virtualNetworks/vn329/subnets/sn7444\",\r\n        \"etag\": \"W/\\\"3b9d8524-521b-4528-9605-d227ff4c49c6\\\"\",\r\n        \"properties\": {\r\n          \"provisioningState\": \"Succeeded\",\r\n          \"addressPrefix\": \"10.0.0.0/24\",\r\n          \"delegations\": [],\r\n          \"privateEndpointNetworkPolicies\": \"Disabled\",\r\n          \"privateLinkServiceNetworkPolicies\": \"Enabled\"\r\n        },\r\n        \"type\": \"Microsoft.Network/virtualNetworks/subnets\"\r\n      }\r\n    ],\r\n    \"virtualNetworkPeerings\": [],\r\n    \"enableDdosProtection\": false\r\n  }\r\n}",
      "StatusCode": 200
    },
    {
      "RequestUri": "/subscriptions/e37510d7-33b6-4676-886f-ee75bcc01871/resourceGroups/crptestar9155/providers/Microsoft.Network/virtualNetworks/vn329/subnets/sn7444?api-version=2019-09-01",
      "EncodedRequestUri": "L3N1YnNjcmlwdGlvbnMvZTM3NTEwZDctMzNiNi00Njc2LTg4NmYtZWU3NWJjYzAxODcxL3Jlc291cmNlR3JvdXBzL2NycHRlc3RhcjkxNTUvcHJvdmlkZXJzL01pY3Jvc29mdC5OZXR3b3JrL3ZpcnR1YWxOZXR3b3Jrcy92bjMyOS9zdWJuZXRzL3NuNzQ0ND9hcGktdmVyc2lvbj0yMDE5LTA5LTAx",
      "RequestMethod": "GET",
      "RequestBody": "",
      "RequestHeaders": {
        "x-ms-client-request-id": [
          "56cd51b4-1a30-4da0-b8c2-b731f9822695"
        ],
        "Accept-Language": [
          "en-US"
        ],
        "User-Agent": [
          "FxVersion/4.700.22.36202",
          "OSName/Windows",
          "OSVersion/Microsoft.Windows.10.0.22000",
          "Microsoft.Azure.Management.Network.NetworkManagementClient/19.17.1.0"
        ]
      },
      "ResponseHeaders": {
        "Cache-Control": [
          "no-cache"
        ],
        "Pragma": [
          "no-cache"
        ],
        "ETag": [
          "W/\"3b9d8524-521b-4528-9605-d227ff4c49c6\""
        ],
        "x-ms-request-id": [
          "0c5ae924-bf96-4d8e-94f0-3b4d1a311af9"
        ],
        "x-ms-correlation-request-id": [
          "6edca7d3-fcaa-44ad-b886-9748e6e9bc5a"
        ],
        "x-ms-arm-service-request-id": [
          "7d00001f-cc74-4d1d-bd42-ffb7f0b82942"
        ],
        "Strict-Transport-Security": [
          "max-age=31536000; includeSubDomains"
        ],
        "Server": [
          "Microsoft-HTTPAPI/2.0",
          "Microsoft-HTTPAPI/2.0"
        ],
        "x-ms-ratelimit-remaining-subscription-reads": [
          "11993"
        ],
        "x-ms-routing-request-id": [
          "CENTRALUS:20220819T172808Z:6edca7d3-fcaa-44ad-b886-9748e6e9bc5a"
        ],
        "X-Content-Type-Options": [
          "nosniff"
        ],
        "Date": [
          "Fri, 19 Aug 2022 17:28:07 GMT"
        ],
        "Content-Length": [
          "522"
        ],
        "Content-Type": [
          "application/json; charset=utf-8"
        ],
        "Expires": [
          "-1"
        ]
      },
      "ResponseBody": "{\r\n  \"name\": \"sn7444\",\r\n  \"id\": \"/subscriptions/e37510d7-33b6-4676-886f-ee75bcc01871/resourceGroups/crptestar9155/providers/Microsoft.Network/virtualNetworks/vn329/subnets/sn7444\",\r\n  \"etag\": \"W/\\\"3b9d8524-521b-4528-9605-d227ff4c49c6\\\"\",\r\n  \"properties\": {\r\n    \"provisioningState\": \"Succeeded\",\r\n    \"addressPrefix\": \"10.0.0.0/24\",\r\n    \"delegations\": [],\r\n    \"privateEndpointNetworkPolicies\": \"Disabled\",\r\n    \"privateLinkServiceNetworkPolicies\": \"Enabled\"\r\n  },\r\n  \"type\": \"Microsoft.Network/virtualNetworks/subnets\"\r\n}",
      "StatusCode": 200
    },
    {
      "RequestUri": "/subscriptions/e37510d7-33b6-4676-886f-ee75bcc01871/resourceGroups/crptestar9155/providers/Microsoft.Network/networkInterfaces/nic4300?api-version=2019-09-01",
      "EncodedRequestUri": "L3N1YnNjcmlwdGlvbnMvZTM3NTEwZDctMzNiNi00Njc2LTg4NmYtZWU3NWJjYzAxODcxL3Jlc291cmNlR3JvdXBzL2NycHRlc3RhcjkxNTUvcHJvdmlkZXJzL01pY3Jvc29mdC5OZXR3b3JrL25ldHdvcmtJbnRlcmZhY2VzL25pYzQzMDA/YXBpLXZlcnNpb249MjAxOS0wOS0wMQ==",
      "RequestMethod": "PUT",
      "RequestBody": "{\r\n  \"properties\": {\r\n    \"ipConfigurations\": [\r\n      {\r\n        \"properties\": {\r\n          \"privateIPAllocationMethod\": \"Dynamic\",\r\n          \"subnet\": {\r\n            \"properties\": {\r\n              \"addressPrefix\": \"10.0.0.0/24\",\r\n              \"delegations\": [],\r\n              \"privateEndpointNetworkPolicies\": \"Disabled\",\r\n              \"privateLinkServiceNetworkPolicies\": \"Enabled\"\r\n            },\r\n            \"name\": \"sn7444\",\r\n            \"id\": \"/subscriptions/e37510d7-33b6-4676-886f-ee75bcc01871/resourceGroups/crptestar9155/providers/Microsoft.Network/virtualNetworks/vn329/subnets/sn7444\"\r\n          }\r\n        },\r\n        \"name\": \"ip1480\"\r\n      }\r\n    ]\r\n  },\r\n  \"location\": \"centraluseuap\",\r\n  \"tags\": {\r\n    \"key\": \"value\"\r\n  }\r\n}",
      "RequestHeaders": {
        "x-ms-client-request-id": [
          "dfdc4f46-5e65-47ec-9336-71570a12df19"
        ],
        "Accept-Language": [
          "en-US"
        ],
        "User-Agent": [
          "FxVersion/4.700.22.36202",
          "OSName/Windows",
          "OSVersion/Microsoft.Windows.10.0.22000",
          "Microsoft.Azure.Management.Network.NetworkManagementClient/19.17.1.0"
        ],
        "Content-Type": [
          "application/json; charset=utf-8"
        ],
        "Content-Length": [
          "747"
        ]
      },
      "ResponseHeaders": {
        "Cache-Control": [
          "no-cache"
        ],
        "Pragma": [
          "no-cache"
        ],
        "x-ms-request-id": [
          "2d72350b-0f06-48da-9374-52e1ebc8cbff"
        ],
        "azure-asyncoperation": [
          "https://management.azure.com/subscriptions/e37510d7-33b6-4676-886f-ee75bcc01871/providers/Microsoft.Network/locations/centraluseuap/operations/2d72350b-0f06-48da-9374-52e1ebc8cbff?api-version=2019-09-01"
        ],
        "x-ms-correlation-request-id": [
          "40434943-c715-4a07-9819-4b1b6e8521cf"
        ],
        "azure-asyncnotification": [
          "Enabled"
        ],
        "x-ms-arm-service-request-id": [
          "03cdd497-2aaf-4160-b9e4-d772acb1e6de"
        ],
        "Strict-Transport-Security": [
          "max-age=31536000; includeSubDomains"
        ],
        "Server": [
          "Microsoft-HTTPAPI/2.0",
          "Microsoft-HTTPAPI/2.0"
        ],
        "x-ms-ratelimit-remaining-subscription-writes": [
          "1197"
        ],
        "x-ms-routing-request-id": [
          "CENTRALUS:20220819T172808Z:40434943-c715-4a07-9819-4b1b6e8521cf"
        ],
        "X-Content-Type-Options": [
          "nosniff"
        ],
        "Date": [
          "Fri, 19 Aug 2022 17:28:08 GMT"
        ],
        "Content-Length": [
          "1589"
        ],
        "Content-Type": [
          "application/json; charset=utf-8"
        ],
        "Expires": [
          "-1"
        ]
      },
      "ResponseBody": "{\r\n  \"name\": \"nic4300\",\r\n  \"id\": \"/subscriptions/e37510d7-33b6-4676-886f-ee75bcc01871/resourceGroups/crptestar9155/providers/Microsoft.Network/networkInterfaces/nic4300\",\r\n  \"etag\": \"W/\\\"d4bae8f2-79c5-4d61-a4b3-78da796f5f7f\\\"\",\r\n  \"tags\": {\r\n    \"key\": \"value\"\r\n  },\r\n  \"properties\": {\r\n    \"provisioningState\": \"Succeeded\",\r\n    \"resourceGuid\": \"e238b754-fa15-4bb2-89e2-775dc76b1246\",\r\n    \"ipConfigurations\": [\r\n      {\r\n        \"name\": \"ip1480\",\r\n        \"id\": \"/subscriptions/e37510d7-33b6-4676-886f-ee75bcc01871/resourceGroups/crptestar9155/providers/Microsoft.Network/networkInterfaces/nic4300/ipConfigurations/ip1480\",\r\n        \"etag\": \"W/\\\"d4bae8f2-79c5-4d61-a4b3-78da796f5f7f\\\"\",\r\n        \"type\": \"Microsoft.Network/networkInterfaces/ipConfigurations\",\r\n        \"properties\": {\r\n          \"provisioningState\": \"Succeeded\",\r\n          \"privateIPAddress\": \"10.0.0.4\",\r\n          \"privateIPAllocationMethod\": \"Dynamic\",\r\n          \"subnet\": {\r\n            \"id\": \"/subscriptions/e37510d7-33b6-4676-886f-ee75bcc01871/resourceGroups/crptestar9155/providers/Microsoft.Network/virtualNetworks/vn329/subnets/sn7444\"\r\n          },\r\n          \"primary\": true,\r\n          \"privateIPAddressVersion\": \"IPv4\"\r\n        }\r\n      }\r\n    ],\r\n    \"dnsSettings\": {\r\n      \"dnsServers\": [],\r\n      \"appliedDnsServers\": [],\r\n      \"internalDomainNameSuffix\": \"vb4kjg0si2ke5aexktg5wljdeb.cdmx.internal.cloudapp.net\"\r\n    },\r\n    \"enableIPForwarding\": false,\r\n    \"hostedWorkloads\": [],\r\n    \"tapConfigurations\": []\r\n  },\r\n  \"type\": \"Microsoft.Network/networkInterfaces\",\r\n  \"location\": \"centraluseuap\"\r\n}",
      "StatusCode": 201
    },
    {
      "RequestUri": "/subscriptions/e37510d7-33b6-4676-886f-ee75bcc01871/resourceGroups/crptestar9155/providers/Microsoft.Network/networkInterfaces/nic4300?api-version=2019-09-01",
      "EncodedRequestUri": "L3N1YnNjcmlwdGlvbnMvZTM3NTEwZDctMzNiNi00Njc2LTg4NmYtZWU3NWJjYzAxODcxL3Jlc291cmNlR3JvdXBzL2NycHRlc3RhcjkxNTUvcHJvdmlkZXJzL01pY3Jvc29mdC5OZXR3b3JrL25ldHdvcmtJbnRlcmZhY2VzL25pYzQzMDA/YXBpLXZlcnNpb249MjAxOS0wOS0wMQ==",
      "RequestMethod": "GET",
      "RequestBody": "",
      "RequestHeaders": {
        "User-Agent": [
          "FxVersion/4.700.22.36202",
          "OSName/Windows",
          "OSVersion/Microsoft.Windows.10.0.22000",
          "Microsoft.Azure.Management.Network.NetworkManagementClient/19.17.1.0"
        ]
      },
      "ResponseHeaders": {
        "Cache-Control": [
          "no-cache"
        ],
        "Pragma": [
          "no-cache"
        ],
        "ETag": [
          "W/\"d4bae8f2-79c5-4d61-a4b3-78da796f5f7f\""
        ],
        "x-ms-request-id": [
          "f201133b-5620-4f9e-bce1-70b1fa256377"
        ],
        "x-ms-correlation-request-id": [
          "929852e3-b7b8-4f0e-8401-93e0dec9fc31"
        ],
        "x-ms-arm-service-request-id": [
          "ba6bf2ae-07a9-4e3d-95c9-a9a7f6140e90"
        ],
        "Strict-Transport-Security": [
          "max-age=31536000; includeSubDomains"
        ],
        "Server": [
          "Microsoft-HTTPAPI/2.0",
          "Microsoft-HTTPAPI/2.0"
        ],
        "x-ms-ratelimit-remaining-subscription-reads": [
          "11992"
        ],
        "x-ms-routing-request-id": [
          "CENTRALUS:20220819T172809Z:929852e3-b7b8-4f0e-8401-93e0dec9fc31"
        ],
        "X-Content-Type-Options": [
          "nosniff"
        ],
        "Date": [
          "Fri, 19 Aug 2022 17:28:08 GMT"
        ],
        "Content-Length": [
          "1589"
        ],
        "Content-Type": [
          "application/json; charset=utf-8"
        ],
        "Expires": [
          "-1"
        ]
      },
      "ResponseBody": "{\r\n  \"name\": \"nic4300\",\r\n  \"id\": \"/subscriptions/e37510d7-33b6-4676-886f-ee75bcc01871/resourceGroups/crptestar9155/providers/Microsoft.Network/networkInterfaces/nic4300\",\r\n  \"etag\": \"W/\\\"d4bae8f2-79c5-4d61-a4b3-78da796f5f7f\\\"\",\r\n  \"tags\": {\r\n    \"key\": \"value\"\r\n  },\r\n  \"properties\": {\r\n    \"provisioningState\": \"Succeeded\",\r\n    \"resourceGuid\": \"e238b754-fa15-4bb2-89e2-775dc76b1246\",\r\n    \"ipConfigurations\": [\r\n      {\r\n        \"name\": \"ip1480\",\r\n        \"id\": \"/subscriptions/e37510d7-33b6-4676-886f-ee75bcc01871/resourceGroups/crptestar9155/providers/Microsoft.Network/networkInterfaces/nic4300/ipConfigurations/ip1480\",\r\n        \"etag\": \"W/\\\"d4bae8f2-79c5-4d61-a4b3-78da796f5f7f\\\"\",\r\n        \"type\": \"Microsoft.Network/networkInterfaces/ipConfigurations\",\r\n        \"properties\": {\r\n          \"provisioningState\": \"Succeeded\",\r\n          \"privateIPAddress\": \"10.0.0.4\",\r\n          \"privateIPAllocationMethod\": \"Dynamic\",\r\n          \"subnet\": {\r\n            \"id\": \"/subscriptions/e37510d7-33b6-4676-886f-ee75bcc01871/resourceGroups/crptestar9155/providers/Microsoft.Network/virtualNetworks/vn329/subnets/sn7444\"\r\n          },\r\n          \"primary\": true,\r\n          \"privateIPAddressVersion\": \"IPv4\"\r\n        }\r\n      }\r\n    ],\r\n    \"dnsSettings\": {\r\n      \"dnsServers\": [],\r\n      \"appliedDnsServers\": [],\r\n      \"internalDomainNameSuffix\": \"vb4kjg0si2ke5aexktg5wljdeb.cdmx.internal.cloudapp.net\"\r\n    },\r\n    \"enableIPForwarding\": false,\r\n    \"hostedWorkloads\": [],\r\n    \"tapConfigurations\": []\r\n  },\r\n  \"type\": \"Microsoft.Network/networkInterfaces\",\r\n  \"location\": \"centraluseuap\"\r\n}",
      "StatusCode": 200
    },
    {
      "RequestUri": "/subscriptions/e37510d7-33b6-4676-886f-ee75bcc01871/resourceGroups/crptestar9155/providers/Microsoft.Network/networkInterfaces/nic4300?api-version=2019-09-01",
      "EncodedRequestUri": "L3N1YnNjcmlwdGlvbnMvZTM3NTEwZDctMzNiNi00Njc2LTg4NmYtZWU3NWJjYzAxODcxL3Jlc291cmNlR3JvdXBzL2NycHRlc3RhcjkxNTUvcHJvdmlkZXJzL01pY3Jvc29mdC5OZXR3b3JrL25ldHdvcmtJbnRlcmZhY2VzL25pYzQzMDA/YXBpLXZlcnNpb249MjAxOS0wOS0wMQ==",
      "RequestMethod": "GET",
      "RequestBody": "",
      "RequestHeaders": {
        "x-ms-client-request-id": [
          "10568393-c07c-47c7-b4e0-6bbd7f59fd83"
        ],
        "Accept-Language": [
          "en-US"
        ],
        "User-Agent": [
          "FxVersion/4.700.22.36202",
          "OSName/Windows",
          "OSVersion/Microsoft.Windows.10.0.22000",
          "Microsoft.Azure.Management.Network.NetworkManagementClient/19.17.1.0"
        ]
      },
      "ResponseHeaders": {
        "Cache-Control": [
          "no-cache"
        ],
        "Pragma": [
          "no-cache"
        ],
        "ETag": [
          "W/\"d4bae8f2-79c5-4d61-a4b3-78da796f5f7f\""
        ],
        "x-ms-request-id": [
          "a416d16a-c40a-4139-8a97-2628f54af5e7"
        ],
        "x-ms-correlation-request-id": [
          "80272402-b474-4746-8675-d42c876a4b2e"
        ],
        "x-ms-arm-service-request-id": [
          "d4ba2cb6-8257-4ce6-8c90-fe99ac7943c6"
        ],
        "Strict-Transport-Security": [
          "max-age=31536000; includeSubDomains"
        ],
        "Server": [
          "Microsoft-HTTPAPI/2.0",
          "Microsoft-HTTPAPI/2.0"
        ],
        "x-ms-ratelimit-remaining-subscription-reads": [
          "11991"
        ],
        "x-ms-routing-request-id": [
          "CENTRALUS:20220819T172809Z:80272402-b474-4746-8675-d42c876a4b2e"
        ],
        "X-Content-Type-Options": [
          "nosniff"
        ],
        "Date": [
          "Fri, 19 Aug 2022 17:28:08 GMT"
        ],
        "Content-Length": [
          "1589"
        ],
        "Content-Type": [
          "application/json; charset=utf-8"
        ],
        "Expires": [
          "-1"
        ]
      },
      "ResponseBody": "{\r\n  \"name\": \"nic4300\",\r\n  \"id\": \"/subscriptions/e37510d7-33b6-4676-886f-ee75bcc01871/resourceGroups/crptestar9155/providers/Microsoft.Network/networkInterfaces/nic4300\",\r\n  \"etag\": \"W/\\\"d4bae8f2-79c5-4d61-a4b3-78da796f5f7f\\\"\",\r\n  \"tags\": {\r\n    \"key\": \"value\"\r\n  },\r\n  \"properties\": {\r\n    \"provisioningState\": \"Succeeded\",\r\n    \"resourceGuid\": \"e238b754-fa15-4bb2-89e2-775dc76b1246\",\r\n    \"ipConfigurations\": [\r\n      {\r\n        \"name\": \"ip1480\",\r\n        \"id\": \"/subscriptions/e37510d7-33b6-4676-886f-ee75bcc01871/resourceGroups/crptestar9155/providers/Microsoft.Network/networkInterfaces/nic4300/ipConfigurations/ip1480\",\r\n        \"etag\": \"W/\\\"d4bae8f2-79c5-4d61-a4b3-78da796f5f7f\\\"\",\r\n        \"type\": \"Microsoft.Network/networkInterfaces/ipConfigurations\",\r\n        \"properties\": {\r\n          \"provisioningState\": \"Succeeded\",\r\n          \"privateIPAddress\": \"10.0.0.4\",\r\n          \"privateIPAllocationMethod\": \"Dynamic\",\r\n          \"subnet\": {\r\n            \"id\": \"/subscriptions/e37510d7-33b6-4676-886f-ee75bcc01871/resourceGroups/crptestar9155/providers/Microsoft.Network/virtualNetworks/vn329/subnets/sn7444\"\r\n          },\r\n          \"primary\": true,\r\n          \"privateIPAddressVersion\": \"IPv4\"\r\n        }\r\n      }\r\n    ],\r\n    \"dnsSettings\": {\r\n      \"dnsServers\": [],\r\n      \"appliedDnsServers\": [],\r\n      \"internalDomainNameSuffix\": \"vb4kjg0si2ke5aexktg5wljdeb.cdmx.internal.cloudapp.net\"\r\n    },\r\n    \"enableIPForwarding\": false,\r\n    \"hostedWorkloads\": [],\r\n    \"tapConfigurations\": []\r\n  },\r\n  \"type\": \"Microsoft.Network/networkInterfaces\",\r\n  \"location\": \"centraluseuap\"\r\n}",
      "StatusCode": 200
    },
    {
      "RequestUri": "/subscriptions/e37510d7-33b6-4676-886f-ee75bcc01871/resourceGroups/crptestar9155/providers/Microsoft.Compute/availabilitySets/crptestar6972?api-version=2022-03-01",
      "EncodedRequestUri": "L3N1YnNjcmlwdGlvbnMvZTM3NTEwZDctMzNiNi00Njc2LTg4NmYtZWU3NWJjYzAxODcxL3Jlc291cmNlR3JvdXBzL2NycHRlc3RhcjkxNTUvcHJvdmlkZXJzL01pY3Jvc29mdC5Db21wdXRlL2F2YWlsYWJpbGl0eVNldHMvY3JwdGVzdGFyNjk3Mj9hcGktdmVyc2lvbj0yMDIyLTAzLTAx",
      "RequestMethod": "PUT",
      "RequestBody": "{\r\n  \"properties\": {\r\n    \"platformUpdateDomainCount\": 1,\r\n    \"platformFaultDomainCount\": 1\r\n  },\r\n  \"sku\": {\r\n    \"name\": \"Aligned\"\r\n  },\r\n  \"location\": \"centraluseuap\",\r\n  \"tags\": {\r\n    \"RG\": \"rg\",\r\n    \"testTag\": \"1\"\r\n  }\r\n}",
      "RequestHeaders": {
        "x-ms-client-request-id": [
          "9ebe5514-850d-42ba-bbac-2bd2a1acf3ea"
        ],
        "Accept-Language": [
          "en-US"
        ],
        "User-Agent": [
          "FxVersion/4.700.22.36202",
          "OSName/Windows",
          "OSVersion/Microsoft.Windows.10.0.22000",
          "Microsoft.Azure.Management.Compute.ComputeManagementClient/58.0.0"
        ],
        "Content-Type": [
          "application/json; charset=utf-8"
        ],
        "Content-Length": [
          "229"
        ]
      },
      "ResponseHeaders": {
        "Cache-Control": [
          "no-cache"
        ],
        "Pragma": [
          "no-cache"
        ],
        "x-ms-ratelimit-remaining-resource": [
          "Microsoft.Compute/PutVM3Min;239,Microsoft.Compute/PutVM30Min;1199"
        ],
        "Strict-Transport-Security": [
          "max-age=31536000; includeSubDomains"
        ],
        "x-ms-request-id": [
          "d9de8973-e78e-4fa5-aad4-e063381a0e6f"
        ],
        "x-ms-ratelimit-remaining-subscription-writes": [
          "1199"
        ],
        "Server": [
          "Microsoft-HTTPAPI/2.0",
          "Microsoft-HTTPAPI/2.0"
        ],
        "x-ms-correlation-request-id": [
          "c9822a31-6916-4215-8082-72540e4c61dc"
        ],
        "x-ms-routing-request-id": [
          "CENTRALUS:20220819T172810Z:c9822a31-6916-4215-8082-72540e4c61dc"
        ],
        "X-Content-Type-Options": [
          "nosniff"
        ],
        "Date": [
          "Fri, 19 Aug 2022 17:28:09 GMT"
        ],
        "Content-Length": [
          "458"
        ],
        "Content-Type": [
          "application/json; charset=utf-8"
        ],
        "Expires": [
          "-1"
        ]
      },
      "ResponseBody": "{\r\n  \"name\": \"crptestar6972\",\r\n  \"id\": \"/subscriptions/e37510d7-33b6-4676-886f-ee75bcc01871/resourceGroups/crptestar9155/providers/Microsoft.Compute/availabilitySets/crptestar6972\",\r\n  \"type\": \"Microsoft.Compute/availabilitySets\",\r\n  \"location\": \"centraluseuap\",\r\n  \"tags\": {\r\n    \"RG\": \"rg\",\r\n    \"testTag\": \"1\"\r\n  },\r\n  \"properties\": {\r\n    \"platformUpdateDomainCount\": 1,\r\n    \"platformFaultDomainCount\": 1\r\n  },\r\n  \"sku\": {\r\n    \"name\": \"Aligned\"\r\n  }\r\n}",
      "StatusCode": 200
    },
    {
      "RequestUri": "/subscriptions/e37510d7-33b6-4676-886f-ee75bcc01871/resourceGroups/crptestar9155/providers/Microsoft.Compute/virtualMachines/vm5871?api-version=2022-03-01",
      "EncodedRequestUri": "L3N1YnNjcmlwdGlvbnMvZTM3NTEwZDctMzNiNi00Njc2LTg4NmYtZWU3NWJjYzAxODcxL3Jlc291cmNlR3JvdXBzL2NycHRlc3RhcjkxNTUvcHJvdmlkZXJzL01pY3Jvc29mdC5Db21wdXRlL3ZpcnR1YWxNYWNoaW5lcy92bTU4NzE/YXBpLXZlcnNpb249MjAyMi0wMy0wMQ==",
      "RequestMethod": "PUT",
      "RequestBody": "{\r\n  \"properties\": {\r\n    \"hardwareProfile\": {\r\n      \"vmSize\": \"Standard_A1_v2\"\r\n    },\r\n    \"storageProfile\": {\r\n      \"imageReference\": {\r\n        \"publisher\": \"MicrosoftWindowsServer\",\r\n        \"offer\": \"WindowsServer\",\r\n        \"sku\": \"2012-R2-Datacenter\",\r\n        \"version\": \"4.127.20180315\"\r\n      },\r\n      \"osDisk\": {\r\n        \"name\": \"test\",\r\n        \"caching\": \"None\",\r\n        \"createOption\": \"FromImage\",\r\n        \"managedDisk\": {\r\n          \"storageAccountType\": \"Standard_LRS\"\r\n        }\r\n      },\r\n      \"dataDisks\": [\r\n        {\r\n          \"lun\": 0,\r\n          \"caching\": \"None\",\r\n          \"createOption\": \"Empty\",\r\n          \"diskSizeGB\": 30,\r\n          \"managedDisk\": {\r\n            \"storageAccountType\": \"Standard_LRS\"\r\n          }\r\n        }\r\n      ]\r\n    },\r\n    \"osProfile\": {\r\n      \"computerName\": \"Test\",\r\n      \"adminUsername\": \"Foo12\",\r\n      \"adminPassword\": \"[PLACEHOLDEr1]\"\r\n    },\r\n    \"networkProfile\": {\r\n      \"networkInterfaces\": [\r\n        {\r\n          \"id\": \"/subscriptions/e37510d7-33b6-4676-886f-ee75bcc01871/resourceGroups/crptestar9155/providers/Microsoft.Network/networkInterfaces/nic4300\"\r\n        }\r\n      ]\r\n    },\r\n    \"diagnosticsProfile\": {\r\n      \"bootDiagnostics\": {\r\n        \"enabled\": true\r\n      }\r\n    },\r\n    \"availabilitySet\": {\r\n      \"id\": \"/subscriptions/e37510d7-33b6-4676-886f-ee75bcc01871/resourceGroups/crptestar9155/providers/Microsoft.Compute/availabilitySets/crptestar6972\"\r\n    }\r\n  },\r\n  \"location\": \"centraluseuap\",\r\n  \"tags\": {\r\n    \"RG\": \"rg\",\r\n    \"testTag\": \"1\"\r\n  }\r\n}",
      "RequestHeaders": {
        "x-ms-client-request-id": [
          "e38cec20-e20d-44ef-891a-f79f9c679018"
        ],
        "Accept-Language": [
          "en-US"
        ],
        "User-Agent": [
          "FxVersion/4.700.22.36202",
          "OSName/Windows",
          "OSVersion/Microsoft.Windows.10.0.22000",
          "Microsoft.Azure.Management.Compute.ComputeManagementClient/58.0.0"
        ],
        "Content-Type": [
          "application/json; charset=utf-8"
        ],
        "Content-Length": [
          "1545"
        ]
      },
      "ResponseHeaders": {
        "Cache-Control": [
          "no-cache"
        ],
        "Pragma": [
          "no-cache"
        ],
        "Retry-After": [
          "10"
        ],
        "Azure-AsyncOperation": [
          "https://management.azure.com/subscriptions/e37510d7-33b6-4676-886f-ee75bcc01871/providers/Microsoft.Compute/locations/CentralUSEUAP/operations/c3ae6407-d9b8-4132-bc95-06e5ccf9c116?p=f037f0c8-1d39-4efc-80c1-c183b105d004&api-version=2022-03-01"
        ],
        "Azure-AsyncNotification": [
          "Enabled"
        ],
        "x-ms-ratelimit-remaining-resource": [
          "Microsoft.Compute/PutVM3Min;238,Microsoft.Compute/PutVM30Min;1198"
        ],
        "Strict-Transport-Security": [
          "max-age=31536000; includeSubDomains"
        ],
        "x-ms-request-id": [
          "c3ae6407-d9b8-4132-bc95-06e5ccf9c116"
        ],
        "Server": [
          "Microsoft-HTTPAPI/2.0",
          "Microsoft-HTTPAPI/2.0"
        ],
        "x-ms-ratelimit-remaining-subscription-writes": [
          "1196"
        ],
        "x-ms-correlation-request-id": [
          "ea71ed40-2936-4150-af1f-4a4c8dbb6b61"
        ],
        "x-ms-routing-request-id": [
          "CENTRALUS:20220819T172811Z:ea71ed40-2936-4150-af1f-4a4c8dbb6b61"
        ],
        "X-Content-Type-Options": [
          "nosniff"
        ],
        "Date": [
          "Fri, 19 Aug 2022 17:28:10 GMT"
        ],
        "Content-Length": [
          "2531"
        ],
        "Content-Type": [
          "application/json; charset=utf-8"
        ],
        "Expires": [
          "-1"
        ]
      },
      "ResponseBody": "{\r\n  \"name\": \"vm5871\",\r\n  \"id\": \"/subscriptions/e37510d7-33b6-4676-886f-ee75bcc01871/resourceGroups/crptestar9155/providers/Microsoft.Compute/virtualMachines/vm5871\",\r\n  \"type\": \"Microsoft.Compute/virtualMachines\",\r\n  \"location\": \"centraluseuap\",\r\n  \"tags\": {\r\n    \"RG\": \"rg\",\r\n    \"testTag\": \"1\",\r\n    \"azsecpack\": \"nonprod\",\r\n    \"platformsettings.host_environment.service.platform_optedin_for_rootcerts\": \"true\"\r\n  },\r\n  \"properties\": {\r\n    \"vmId\": \"ac7b82d3-e340-487b-8fd4-63162c5028a9\",\r\n    \"availabilitySet\": {\r\n      \"id\": \"/subscriptions/e37510d7-33b6-4676-886f-ee75bcc01871/resourceGroups/crptestar9155/providers/Microsoft.Compute/availabilitySets/CRPTESTAR6972\"\r\n    },\r\n    \"hardwareProfile\": {\r\n      \"vmSize\": \"Standard_A1_v2\"\r\n    },\r\n    \"storageProfile\": {\r\n      \"imageReference\": {\r\n        \"publisher\": \"MicrosoftWindowsServer\",\r\n        \"offer\": \"WindowsServer\",\r\n        \"sku\": \"2012-R2-Datacenter\",\r\n        \"version\": \"4.127.20180315\",\r\n        \"exactVersion\": \"4.127.20180315\"\r\n      },\r\n      \"osDisk\": {\r\n        \"osType\": \"Windows\",\r\n        \"name\": \"test\",\r\n        \"createOption\": \"FromImage\",\r\n        \"caching\": \"None\",\r\n        \"managedDisk\": {\r\n          \"storageAccountType\": \"Standard_LRS\"\r\n        },\r\n        \"deleteOption\": \"Detach\",\r\n        \"diskSizeGB\": 127\r\n      },\r\n      \"dataDisks\": [\r\n        {\r\n          \"lun\": 0,\r\n          \"createOption\": \"Empty\",\r\n          \"caching\": \"None\",\r\n          \"managedDisk\": {\r\n            \"storageAccountType\": \"Standard_LRS\"\r\n          },\r\n          \"deleteOption\": \"Detach\",\r\n          \"diskSizeGB\": 30,\r\n          \"toBeDetached\": false\r\n        }\r\n      ]\r\n    },\r\n    \"osProfile\": {\r\n      \"computerName\": \"Test\",\r\n      \"adminUsername\": \"Foo12\",\r\n      \"windowsConfiguration\": {\r\n        \"provisionVMAgent\": true,\r\n        \"enableAutomaticUpdates\": true,\r\n        \"patchSettings\": {\r\n          \"patchMode\": \"AutomaticByOS\",\r\n          \"assessmentMode\": \"ImageDefault\"\r\n        },\r\n        \"enableVMAgentPlatformUpdates\": false\r\n      },\r\n      \"secrets\": [],\r\n      \"allowExtensionOperations\": true,\r\n      \"requireGuestProvisionSignal\": true\r\n    },\r\n    \"networkProfile\": {\r\n      \"networkInterfaces\": [\r\n        {\r\n          \"id\": \"/subscriptions/e37510d7-33b6-4676-886f-ee75bcc01871/resourceGroups/crptestar9155/providers/Microsoft.Network/networkInterfaces/nic4300\"\r\n        }\r\n      ]\r\n    },\r\n    \"diagnosticsProfile\": {\r\n      \"bootDiagnostics\": {\r\n        \"enabled\": true\r\n      }\r\n    },\r\n    \"provisioningState\": \"Creating\",\r\n    \"timeCreated\": \"2022-08-19T13:28:11.1912739-04:00\"\r\n  }\r\n}",
      "StatusCode": 201
    },
    {
      "RequestUri": "/subscriptions/e37510d7-33b6-4676-886f-ee75bcc01871/providers/Microsoft.Compute/locations/CentralUSEUAP/operations/c3ae6407-d9b8-4132-bc95-06e5ccf9c116?p=f037f0c8-1d39-4efc-80c1-c183b105d004&api-version=2022-03-01",
      "EncodedRequestUri": "L3N1YnNjcmlwdGlvbnMvZTM3NTEwZDctMzNiNi00Njc2LTg4NmYtZWU3NWJjYzAxODcxL3Byb3ZpZGVycy9NaWNyb3NvZnQuQ29tcHV0ZS9sb2NhdGlvbnMvQ2VudHJhbFVTRVVBUC9vcGVyYXRpb25zL2MzYWU2NDA3LWQ5YjgtNDEzMi1iYzk1LTA2ZTVjY2Y5YzExNj9wPWYwMzdmMGM4LTFkMzktNGVmYy04MGMxLWMxODNiMTA1ZDAwNCZhcGktdmVyc2lvbj0yMDIyLTAzLTAx",
      "RequestMethod": "GET",
      "RequestBody": "",
      "RequestHeaders": {
        "User-Agent": [
          "FxVersion/4.700.22.36202",
          "OSName/Windows",
          "OSVersion/Microsoft.Windows.10.0.22000",
          "Microsoft.Azure.Management.Compute.ComputeManagementClient/58.0.0"
        ]
      },
      "ResponseHeaders": {
        "Cache-Control": [
          "no-cache"
        ],
        "Pragma": [
          "no-cache"
        ],
        "Retry-After": [
          "50"
        ],
        "x-ms-ratelimit-remaining-resource": [
          "Microsoft.Compute/GetOperation3Min;14999,Microsoft.Compute/GetOperation30Min;29999"
        ],
        "Strict-Transport-Security": [
          "max-age=31536000; includeSubDomains"
        ],
        "x-ms-request-id": [
          "6b35871b-1c05-4282-81ac-51c321836077"
        ],
        "Server": [
          "Microsoft-HTTPAPI/2.0",
          "Microsoft-HTTPAPI/2.0"
        ],
        "x-ms-ratelimit-remaining-subscription-reads": [
          "11989"
        ],
        "x-ms-correlation-request-id": [
          "7d420139-3c1d-4184-9ec2-6f5c46e2f56e"
        ],
        "x-ms-routing-request-id": [
          "CENTRALUS:20220819T172821Z:7d420139-3c1d-4184-9ec2-6f5c46e2f56e"
        ],
        "X-Content-Type-Options": [
          "nosniff"
        ],
        "Date": [
          "Fri, 19 Aug 2022 17:28:20 GMT"
        ],
        "Content-Length": [
          "134"
        ],
        "Content-Type": [
          "application/json; charset=utf-8"
        ],
        "Expires": [
          "-1"
        ]
      },
      "ResponseBody": "{\r\n  \"startTime\": \"2022-08-19T13:28:10.9725438-04:00\",\r\n  \"status\": \"InProgress\",\r\n  \"name\": \"c3ae6407-d9b8-4132-bc95-06e5ccf9c116\"\r\n}",
      "StatusCode": 200
    },
    {
      "RequestUri": "/subscriptions/e37510d7-33b6-4676-886f-ee75bcc01871/providers/Microsoft.Compute/locations/CentralUSEUAP/operations/c3ae6407-d9b8-4132-bc95-06e5ccf9c116?p=f037f0c8-1d39-4efc-80c1-c183b105d004&api-version=2022-03-01",
      "EncodedRequestUri": "L3N1YnNjcmlwdGlvbnMvZTM3NTEwZDctMzNiNi00Njc2LTg4NmYtZWU3NWJjYzAxODcxL3Byb3ZpZGVycy9NaWNyb3NvZnQuQ29tcHV0ZS9sb2NhdGlvbnMvQ2VudHJhbFVTRVVBUC9vcGVyYXRpb25zL2MzYWU2NDA3LWQ5YjgtNDEzMi1iYzk1LTA2ZTVjY2Y5YzExNj9wPWYwMzdmMGM4LTFkMzktNGVmYy04MGMxLWMxODNiMTA1ZDAwNCZhcGktdmVyc2lvbj0yMDIyLTAzLTAx",
      "RequestMethod": "GET",
      "RequestBody": "",
      "RequestHeaders": {
        "User-Agent": [
          "FxVersion/4.700.22.36202",
          "OSName/Windows",
          "OSVersion/Microsoft.Windows.10.0.22000",
          "Microsoft.Azure.Management.Compute.ComputeManagementClient/58.0.0"
        ]
      },
      "ResponseHeaders": {
        "Cache-Control": [
          "no-cache"
        ],
        "Pragma": [
          "no-cache"
        ],
        "x-ms-ratelimit-remaining-resource": [
          "Microsoft.Compute/GetOperation3Min;14998,Microsoft.Compute/GetOperation30Min;29998"
        ],
        "Strict-Transport-Security": [
          "max-age=31536000; includeSubDomains"
        ],
        "x-ms-request-id": [
          "18f49906-bf2d-4a54-afc5-d1cc6199d6a7"
        ],
        "Server": [
          "Microsoft-HTTPAPI/2.0",
          "Microsoft-HTTPAPI/2.0"
        ],
        "x-ms-ratelimit-remaining-subscription-reads": [
          "11997"
        ],
        "x-ms-correlation-request-id": [
          "d3c5a2cd-6187-418a-b660-f48e1a7a1368"
        ],
        "x-ms-routing-request-id": [
          "CENTRALUS:20220819T172911Z:d3c5a2cd-6187-418a-b660-f48e1a7a1368"
        ],
        "X-Content-Type-Options": [
          "nosniff"
        ],
        "Date": [
          "Fri, 19 Aug 2022 17:29:11 GMT"
        ],
        "Content-Length": [
          "134"
        ],
        "Content-Type": [
          "application/json; charset=utf-8"
        ],
        "Expires": [
          "-1"
        ]
      },
      "ResponseBody": "{\r\n  \"startTime\": \"2022-08-19T13:28:10.9725438-04:00\",\r\n  \"status\": \"InProgress\",\r\n  \"name\": \"c3ae6407-d9b8-4132-bc95-06e5ccf9c116\"\r\n}",
      "StatusCode": 200
    },
    {
      "RequestUri": "/subscriptions/e37510d7-33b6-4676-886f-ee75bcc01871/providers/Microsoft.Compute/locations/CentralUSEUAP/operations/c3ae6407-d9b8-4132-bc95-06e5ccf9c116?p=f037f0c8-1d39-4efc-80c1-c183b105d004&api-version=2022-03-01",
      "EncodedRequestUri": "L3N1YnNjcmlwdGlvbnMvZTM3NTEwZDctMzNiNi00Njc2LTg4NmYtZWU3NWJjYzAxODcxL3Byb3ZpZGVycy9NaWNyb3NvZnQuQ29tcHV0ZS9sb2NhdGlvbnMvQ2VudHJhbFVTRVVBUC9vcGVyYXRpb25zL2MzYWU2NDA3LWQ5YjgtNDEzMi1iYzk1LTA2ZTVjY2Y5YzExNj9wPWYwMzdmMGM4LTFkMzktNGVmYy04MGMxLWMxODNiMTA1ZDAwNCZhcGktdmVyc2lvbj0yMDIyLTAzLTAx",
      "RequestMethod": "GET",
      "RequestBody": "",
      "RequestHeaders": {
        "User-Agent": [
          "FxVersion/4.700.22.36202",
          "OSName/Windows",
          "OSVersion/Microsoft.Windows.10.0.22000",
          "Microsoft.Azure.Management.Compute.ComputeManagementClient/58.0.0"
        ]
      },
      "ResponseHeaders": {
        "Cache-Control": [
          "no-cache"
        ],
        "Pragma": [
          "no-cache"
        ],
        "x-ms-ratelimit-remaining-resource": [
          "Microsoft.Compute/GetOperation3Min;14996,Microsoft.Compute/GetOperation30Min;29996"
        ],
        "Strict-Transport-Security": [
          "max-age=31536000; includeSubDomains"
        ],
        "x-ms-request-id": [
          "6a651a6b-ccc4-408e-804e-896a01fa8463"
        ],
        "Server": [
          "Microsoft-HTTPAPI/2.0",
          "Microsoft-HTTPAPI/2.0"
        ],
        "x-ms-ratelimit-remaining-subscription-reads": [
          "11988"
        ],
        "x-ms-correlation-request-id": [
          "a8adb841-2a3b-4c9d-b1c6-eb0e71169a52"
        ],
        "x-ms-routing-request-id": [
          "CENTRALUS:20220819T173001Z:a8adb841-2a3b-4c9d-b1c6-eb0e71169a52"
        ],
        "X-Content-Type-Options": [
          "nosniff"
        ],
        "Date": [
          "Fri, 19 Aug 2022 17:30:01 GMT"
        ],
        "Content-Length": [
          "134"
        ],
        "Content-Type": [
          "application/json; charset=utf-8"
        ],
        "Expires": [
          "-1"
        ]
      },
      "ResponseBody": "{\r\n  \"startTime\": \"2022-08-19T13:28:10.9725438-04:00\",\r\n  \"status\": \"InProgress\",\r\n  \"name\": \"c3ae6407-d9b8-4132-bc95-06e5ccf9c116\"\r\n}",
      "StatusCode": 200
    },
    {
      "RequestUri": "/subscriptions/e37510d7-33b6-4676-886f-ee75bcc01871/providers/Microsoft.Compute/locations/CentralUSEUAP/operations/c3ae6407-d9b8-4132-bc95-06e5ccf9c116?p=f037f0c8-1d39-4efc-80c1-c183b105d004&api-version=2022-03-01",
      "EncodedRequestUri": "L3N1YnNjcmlwdGlvbnMvZTM3NTEwZDctMzNiNi00Njc2LTg4NmYtZWU3NWJjYzAxODcxL3Byb3ZpZGVycy9NaWNyb3NvZnQuQ29tcHV0ZS9sb2NhdGlvbnMvQ2VudHJhbFVTRVVBUC9vcGVyYXRpb25zL2MzYWU2NDA3LWQ5YjgtNDEzMi1iYzk1LTA2ZTVjY2Y5YzExNj9wPWYwMzdmMGM4LTFkMzktNGVmYy04MGMxLWMxODNiMTA1ZDAwNCZhcGktdmVyc2lvbj0yMDIyLTAzLTAx",
      "RequestMethod": "GET",
      "RequestBody": "",
      "RequestHeaders": {
        "User-Agent": [
          "FxVersion/4.700.22.36202",
          "OSName/Windows",
          "OSVersion/Microsoft.Windows.10.0.22000",
          "Microsoft.Azure.Management.Compute.ComputeManagementClient/58.0.0"
        ]
      },
      "ResponseHeaders": {
        "Cache-Control": [
          "no-cache"
        ],
        "Pragma": [
          "no-cache"
        ],
        "x-ms-ratelimit-remaining-resource": [
          "Microsoft.Compute/GetOperation3Min;14994,Microsoft.Compute/GetOperation30Min;29994"
        ],
        "Strict-Transport-Security": [
          "max-age=31536000; includeSubDomains"
        ],
        "x-ms-request-id": [
          "962e8e2c-2f9d-4c6b-bc18-3e950a740011"
        ],
        "Server": [
          "Microsoft-HTTPAPI/2.0",
          "Microsoft-HTTPAPI/2.0"
        ],
        "x-ms-ratelimit-remaining-subscription-reads": [
          "11987"
        ],
        "x-ms-correlation-request-id": [
          "d32ac341-bb98-4791-bd68-30b53a020ee4"
        ],
        "x-ms-routing-request-id": [
          "CENTRALUS:20220819T173051Z:d32ac341-bb98-4791-bd68-30b53a020ee4"
        ],
        "X-Content-Type-Options": [
          "nosniff"
        ],
        "Date": [
          "Fri, 19 Aug 2022 17:30:51 GMT"
        ],
        "Content-Length": [
          "184"
        ],
        "Content-Type": [
          "application/json; charset=utf-8"
        ],
        "Expires": [
          "-1"
        ]
      },
      "ResponseBody": "{\r\n  \"startTime\": \"2022-08-19T13:28:10.9725438-04:00\",\r\n  \"endTime\": \"2022-08-19T13:30:19.9107069-04:00\",\r\n  \"status\": \"Succeeded\",\r\n  \"name\": \"c3ae6407-d9b8-4132-bc95-06e5ccf9c116\"\r\n}",
      "StatusCode": 200
    },
    {
      "RequestUri": "/subscriptions/e37510d7-33b6-4676-886f-ee75bcc01871/resourceGroups/crptestar9155/providers/Microsoft.Compute/virtualMachines/vm5871?api-version=2022-03-01",
      "EncodedRequestUri": "L3N1YnNjcmlwdGlvbnMvZTM3NTEwZDctMzNiNi00Njc2LTg4NmYtZWU3NWJjYzAxODcxL3Jlc291cmNlR3JvdXBzL2NycHRlc3RhcjkxNTUvcHJvdmlkZXJzL01pY3Jvc29mdC5Db21wdXRlL3ZpcnR1YWxNYWNoaW5lcy92bTU4NzE/YXBpLXZlcnNpb249MjAyMi0wMy0wMQ==",
      "RequestMethod": "GET",
      "RequestBody": "",
      "RequestHeaders": {
        "User-Agent": [
          "FxVersion/4.700.22.36202",
          "OSName/Windows",
          "OSVersion/Microsoft.Windows.10.0.22000",
          "Microsoft.Azure.Management.Compute.ComputeManagementClient/58.0.0"
        ]
      },
      "ResponseHeaders": {
        "Cache-Control": [
          "no-cache"
        ],
        "Pragma": [
          "no-cache"
        ],
        "x-ms-ratelimit-remaining-resource": [
          "Microsoft.Compute/LowCostGet3Min;3998,Microsoft.Compute/LowCostGet30Min;31997"
        ],
        "Strict-Transport-Security": [
          "max-age=31536000; includeSubDomains"
        ],
        "x-ms-request-id": [
          "d61e7a61-1b46-4454-b4ee-7f77570431b0"
        ],
        "Server": [
          "Microsoft-HTTPAPI/2.0",
          "Microsoft-HTTPAPI/2.0"
        ],
        "x-ms-ratelimit-remaining-subscription-reads": [
          "11994"
        ],
        "x-ms-correlation-request-id": [
          "70a1d61d-65d8-4443-a0ac-69a9b4e8c521"
        ],
        "x-ms-routing-request-id": [
          "CENTRALUS:20220819T173051Z:70a1d61d-65d8-4443-a0ac-69a9b4e8c521"
        ],
        "X-Content-Type-Options": [
          "nosniff"
        ],
        "Date": [
          "Fri, 19 Aug 2022 17:30:51 GMT"
        ],
        "Content-Length": [
          "2923"
        ],
        "Content-Type": [
          "application/json; charset=utf-8"
        ],
        "Expires": [
          "-1"
        ]
      },
      "ResponseBody": "{\r\n  \"name\": \"vm5871\",\r\n  \"id\": \"/subscriptions/e37510d7-33b6-4676-886f-ee75bcc01871/resourceGroups/crptestar9155/providers/Microsoft.Compute/virtualMachines/vm5871\",\r\n  \"type\": \"Microsoft.Compute/virtualMachines\",\r\n  \"location\": \"centraluseuap\",\r\n  \"tags\": {\r\n    \"RG\": \"rg\",\r\n    \"testTag\": \"1\",\r\n    \"azsecpack\": \"nonprod\",\r\n    \"platformsettings.host_environment.service.platform_optedin_for_rootcerts\": \"true\"\r\n  },\r\n  \"properties\": {\r\n    \"vmId\": \"ac7b82d3-e340-487b-8fd4-63162c5028a9\",\r\n    \"availabilitySet\": {\r\n      \"id\": \"/subscriptions/e37510d7-33b6-4676-886f-ee75bcc01871/resourceGroups/crptestar9155/providers/Microsoft.Compute/availabilitySets/CRPTESTAR6972\"\r\n    },\r\n    \"hardwareProfile\": {\r\n      \"vmSize\": \"Standard_A1_v2\"\r\n    },\r\n    \"storageProfile\": {\r\n      \"imageReference\": {\r\n        \"publisher\": \"MicrosoftWindowsServer\",\r\n        \"offer\": \"WindowsServer\",\r\n        \"sku\": \"2012-R2-Datacenter\",\r\n        \"version\": \"4.127.20180315\",\r\n        \"exactVersion\": \"4.127.20180315\"\r\n      },\r\n      \"osDisk\": {\r\n        \"osType\": \"Windows\",\r\n        \"name\": \"test\",\r\n        \"createOption\": \"FromImage\",\r\n        \"caching\": \"None\",\r\n        \"managedDisk\": {\r\n          \"storageAccountType\": \"Standard_LRS\",\r\n          \"id\": \"/subscriptions/e37510d7-33b6-4676-886f-ee75bcc01871/resourceGroups/crptestar9155/providers/Microsoft.Compute/disks/test\"\r\n        },\r\n        \"deleteOption\": \"Detach\",\r\n        \"diskSizeGB\": 127\r\n      },\r\n      \"dataDisks\": [\r\n        {\r\n          \"lun\": 0,\r\n          \"name\": \"vm5871_disk2_566db678d03942b2a0f33d8fd6200cc6\",\r\n          \"createOption\": \"Empty\",\r\n          \"caching\": \"None\",\r\n          \"managedDisk\": {\r\n            \"storageAccountType\": \"Standard_LRS\",\r\n            \"id\": \"/subscriptions/e37510d7-33b6-4676-886f-ee75bcc01871/resourceGroups/crptestar9155/providers/Microsoft.Compute/disks/vm5871_disk2_566db678d03942b2a0f33d8fd6200cc6\"\r\n          },\r\n          \"deleteOption\": \"Detach\",\r\n          \"diskSizeGB\": 30,\r\n          \"toBeDetached\": false\r\n        }\r\n      ]\r\n    },\r\n    \"osProfile\": {\r\n      \"computerName\": \"Test\",\r\n      \"adminUsername\": \"Foo12\",\r\n      \"windowsConfiguration\": {\r\n        \"provisionVMAgent\": true,\r\n        \"enableAutomaticUpdates\": true,\r\n        \"patchSettings\": {\r\n          \"patchMode\": \"AutomaticByOS\",\r\n          \"assessmentMode\": \"ImageDefault\"\r\n        },\r\n        \"enableVMAgentPlatformUpdates\": false\r\n      },\r\n      \"secrets\": [],\r\n      \"allowExtensionOperations\": true,\r\n      \"requireGuestProvisionSignal\": true\r\n    },\r\n    \"networkProfile\": {\r\n      \"networkInterfaces\": [\r\n        {\r\n          \"id\": \"/subscriptions/e37510d7-33b6-4676-886f-ee75bcc01871/resourceGroups/crptestar9155/providers/Microsoft.Network/networkInterfaces/nic4300\"\r\n        }\r\n      ]\r\n    },\r\n    \"diagnosticsProfile\": {\r\n      \"bootDiagnostics\": {\r\n        \"enabled\": true\r\n      }\r\n    },\r\n    \"provisioningState\": \"Succeeded\",\r\n    \"timeCreated\": \"2022-08-19T13:28:11.1912739-04:00\"\r\n  }\r\n}",
      "StatusCode": 200
    },
    {
      "RequestUri": "/subscriptions/e37510d7-33b6-4676-886f-ee75bcc01871/resourceGroups/crptestar9155/providers/Microsoft.Compute/virtualMachines/vm5871?api-version=2022-03-01",
      "EncodedRequestUri": "L3N1YnNjcmlwdGlvbnMvZTM3NTEwZDctMzNiNi00Njc2LTg4NmYtZWU3NWJjYzAxODcxL3Jlc291cmNlR3JvdXBzL2NycHRlc3RhcjkxNTUvcHJvdmlkZXJzL01pY3Jvc29mdC5Db21wdXRlL3ZpcnR1YWxNYWNoaW5lcy92bTU4NzE/YXBpLXZlcnNpb249MjAyMi0wMy0wMQ==",
      "RequestMethod": "GET",
      "RequestBody": "",
      "RequestHeaders": {
        "x-ms-client-request-id": [
          "a7c539c8-16a2-47b7-bb0f-13392dfef2ad"
        ],
        "Accept-Language": [
          "en-US"
        ],
        "User-Agent": [
          "FxVersion/4.700.22.36202",
          "OSName/Windows",
          "OSVersion/Microsoft.Windows.10.0.22000",
          "Microsoft.Azure.Management.Compute.ComputeManagementClient/58.0.0"
        ]
      },
      "ResponseHeaders": {
        "Cache-Control": [
          "no-cache"
        ],
        "Pragma": [
          "no-cache"
        ],
        "x-ms-ratelimit-remaining-resource": [
          "Microsoft.Compute/LowCostGet3Min;3997,Microsoft.Compute/LowCostGet30Min;31996"
        ],
        "Strict-Transport-Security": [
          "max-age=31536000; includeSubDomains"
        ],
        "x-ms-request-id": [
          "c385e5e7-bbf6-4694-bdd7-6eb886a0a284"
        ],
        "Server": [
          "Microsoft-HTTPAPI/2.0",
          "Microsoft-HTTPAPI/2.0"
        ],
        "x-ms-ratelimit-remaining-subscription-reads": [
          "11993"
        ],
        "x-ms-correlation-request-id": [
          "1b09ffbe-11f7-4e97-95b2-44fe60bdf651"
        ],
        "x-ms-routing-request-id": [
          "CENTRALUS:20220819T173051Z:1b09ffbe-11f7-4e97-95b2-44fe60bdf651"
        ],
        "X-Content-Type-Options": [
          "nosniff"
        ],
        "Date": [
          "Fri, 19 Aug 2022 17:30:51 GMT"
        ],
        "Content-Length": [
          "2923"
        ],
        "Content-Type": [
          "application/json; charset=utf-8"
        ],
        "Expires": [
          "-1"
        ]
      },
      "ResponseBody": "{\r\n  \"name\": \"vm5871\",\r\n  \"id\": \"/subscriptions/e37510d7-33b6-4676-886f-ee75bcc01871/resourceGroups/crptestar9155/providers/Microsoft.Compute/virtualMachines/vm5871\",\r\n  \"type\": \"Microsoft.Compute/virtualMachines\",\r\n  \"location\": \"centraluseuap\",\r\n  \"tags\": {\r\n    \"RG\": \"rg\",\r\n    \"testTag\": \"1\",\r\n    \"azsecpack\": \"nonprod\",\r\n    \"platformsettings.host_environment.service.platform_optedin_for_rootcerts\": \"true\"\r\n  },\r\n  \"properties\": {\r\n    \"vmId\": \"ac7b82d3-e340-487b-8fd4-63162c5028a9\",\r\n    \"availabilitySet\": {\r\n      \"id\": \"/subscriptions/e37510d7-33b6-4676-886f-ee75bcc01871/resourceGroups/crptestar9155/providers/Microsoft.Compute/availabilitySets/CRPTESTAR6972\"\r\n    },\r\n    \"hardwareProfile\": {\r\n      \"vmSize\": \"Standard_A1_v2\"\r\n    },\r\n    \"storageProfile\": {\r\n      \"imageReference\": {\r\n        \"publisher\": \"MicrosoftWindowsServer\",\r\n        \"offer\": \"WindowsServer\",\r\n        \"sku\": \"2012-R2-Datacenter\",\r\n        \"version\": \"4.127.20180315\",\r\n        \"exactVersion\": \"4.127.20180315\"\r\n      },\r\n      \"osDisk\": {\r\n        \"osType\": \"Windows\",\r\n        \"name\": \"test\",\r\n        \"createOption\": \"FromImage\",\r\n        \"caching\": \"None\",\r\n        \"managedDisk\": {\r\n          \"storageAccountType\": \"Standard_LRS\",\r\n          \"id\": \"/subscriptions/e37510d7-33b6-4676-886f-ee75bcc01871/resourceGroups/crptestar9155/providers/Microsoft.Compute/disks/test\"\r\n        },\r\n        \"deleteOption\": \"Detach\",\r\n        \"diskSizeGB\": 127\r\n      },\r\n      \"dataDisks\": [\r\n        {\r\n          \"lun\": 0,\r\n          \"name\": \"vm5871_disk2_566db678d03942b2a0f33d8fd6200cc6\",\r\n          \"createOption\": \"Empty\",\r\n          \"caching\": \"None\",\r\n          \"managedDisk\": {\r\n            \"storageAccountType\": \"Standard_LRS\",\r\n            \"id\": \"/subscriptions/e37510d7-33b6-4676-886f-ee75bcc01871/resourceGroups/crptestar9155/providers/Microsoft.Compute/disks/vm5871_disk2_566db678d03942b2a0f33d8fd6200cc6\"\r\n          },\r\n          \"deleteOption\": \"Detach\",\r\n          \"diskSizeGB\": 30,\r\n          \"toBeDetached\": false\r\n        }\r\n      ]\r\n    },\r\n    \"osProfile\": {\r\n      \"computerName\": \"Test\",\r\n      \"adminUsername\": \"Foo12\",\r\n      \"windowsConfiguration\": {\r\n        \"provisionVMAgent\": true,\r\n        \"enableAutomaticUpdates\": true,\r\n        \"patchSettings\": {\r\n          \"patchMode\": \"AutomaticByOS\",\r\n          \"assessmentMode\": \"ImageDefault\"\r\n        },\r\n        \"enableVMAgentPlatformUpdates\": false\r\n      },\r\n      \"secrets\": [],\r\n      \"allowExtensionOperations\": true,\r\n      \"requireGuestProvisionSignal\": true\r\n    },\r\n    \"networkProfile\": {\r\n      \"networkInterfaces\": [\r\n        {\r\n          \"id\": \"/subscriptions/e37510d7-33b6-4676-886f-ee75bcc01871/resourceGroups/crptestar9155/providers/Microsoft.Network/networkInterfaces/nic4300\"\r\n        }\r\n      ]\r\n    },\r\n    \"diagnosticsProfile\": {\r\n      \"bootDiagnostics\": {\r\n        \"enabled\": true\r\n      }\r\n    },\r\n    \"provisioningState\": \"Succeeded\",\r\n    \"timeCreated\": \"2022-08-19T13:28:11.1912739-04:00\"\r\n  }\r\n}",
      "StatusCode": 200
    },
    {
      "RequestUri": "/subscriptions/e37510d7-33b6-4676-886f-ee75bcc01871/resourceGroups/crptestar9155/providers/Microsoft.Compute/restorePointCollections/rpc1ClientTest1227?api-version=2022-03-01",
      "EncodedRequestUri": "L3N1YnNjcmlwdGlvbnMvZTM3NTEwZDctMzNiNi00Njc2LTg4NmYtZWU3NWJjYzAxODcxL3Jlc291cmNlR3JvdXBzL2NycHRlc3RhcjkxNTUvcHJvdmlkZXJzL01pY3Jvc29mdC5Db21wdXRlL3Jlc3RvcmVQb2ludENvbGxlY3Rpb25zL3JwYzFDbGllbnRUZXN0MTIyNz9hcGktdmVyc2lvbj0yMDIyLTAzLTAx",
      "RequestMethod": "PUT",
      "RequestBody": "{\r\n  \"properties\": {\r\n    \"source\": {\r\n      \"id\": \"/subscriptions/e37510d7-33b6-4676-886f-ee75bcc01871/resourceGroups/crptestar9155/providers/Microsoft.Compute/virtualMachines/vm5871\"\r\n    }\r\n  },\r\n  \"location\": \"centraluseuap\",\r\n  \"tags\": {\r\n    \"RG\": \"rg\",\r\n    \"testTag\": \"testTagValue\"\r\n  }\r\n}",
      "RequestHeaders": {
        "x-ms-client-request-id": [
          "7dc17ce0-417c-44dc-aa17-ae47df481951"
        ],
        "Accept-Language": [
          "en-US"
        ],
        "User-Agent": [
          "FxVersion/4.700.22.36202",
          "OSName/Windows",
          "OSVersion/Microsoft.Windows.10.0.22000",
          "Microsoft.Azure.Management.Compute.ComputeManagementClient/58.0.0"
        ],
        "Content-Type": [
          "application/json; charset=utf-8"
        ],
        "Content-Length": [
          "298"
        ]
      },
      "ResponseHeaders": {
        "Cache-Control": [
          "no-cache"
        ],
        "Pragma": [
          "no-cache"
        ],
        "x-ms-ratelimit-remaining-resource": [
          "Microsoft.Compute/CreateRestorePoints3Min;119,Microsoft.Compute/CreateRestorePoints30Min;599"
        ],
        "Strict-Transport-Security": [
          "max-age=31536000; includeSubDomains"
        ],
        "x-ms-request-id": [
          "723eb291-bda0-499a-bc11-3502cb5fb9cf"
        ],
        "Server": [
          "Microsoft-HTTPAPI/2.0",
          "Microsoft-HTTPAPI/2.0"
        ],
        "x-ms-ratelimit-remaining-subscription-writes": [
          "1195"
        ],
        "x-ms-correlation-request-id": [
          "b94fdc65-68ef-4bf0-8093-e0e21c5b8621"
        ],
        "x-ms-routing-request-id": [
          "CENTRALUS:20220819T173052Z:b94fdc65-68ef-4bf0-8093-e0e21c5b8621"
        ],
        "X-Content-Type-Options": [
          "nosniff"
        ],
        "Date": [
          "Fri, 19 Aug 2022 17:30:52 GMT"
        ],
        "Content-Length": [
          "699"
        ],
        "Content-Type": [
          "application/json; charset=utf-8"
        ],
        "Expires": [
          "-1"
        ]
      },
      "ResponseBody": "{\r\n  \"name\": \"rpc1ClientTest1227\",\r\n  \"id\": \"/subscriptions/e37510d7-33b6-4676-886f-ee75bcc01871/resourceGroups/crptestar9155/providers/Microsoft.Compute/restorePointCollections/rpc1ClientTest1227\",\r\n  \"type\": \"Microsoft.Compute/restorePointCollections\",\r\n  \"location\": \"centraluseuap\",\r\n  \"tags\": {\r\n    \"RG\": \"rg\",\r\n    \"testTag\": \"testTagValue\"\r\n  },\r\n  \"properties\": {\r\n    \"source\": {\r\n      \"location\": \"CentralUSEUAP\",\r\n      \"id\": \"/subscriptions/e37510d7-33b6-4676-886f-ee75bcc01871/resourceGroups/crptestar9155/providers/Microsoft.Compute/virtualMachines/vm5871\"\r\n    },\r\n    \"restorePointCollectionId\": \"c194a02c-c1f0-4097-b6d3-4814c1e53436\",\r\n    \"provisioningState\": \"Succeeded\"\r\n  }\r\n}",
      "StatusCode": 201
    },
    {
      "RequestUri": "/subscriptions/e37510d7-33b6-4676-886f-ee75bcc01871/resourceGroups/crptestar9155/providers/Microsoft.Compute/restorePointCollections/rpc2ClientTest6559?api-version=2022-03-01",
      "EncodedRequestUri": "L3N1YnNjcmlwdGlvbnMvZTM3NTEwZDctMzNiNi00Njc2LTg4NmYtZWU3NWJjYzAxODcxL3Jlc291cmNlR3JvdXBzL2NycHRlc3RhcjkxNTUvcHJvdmlkZXJzL01pY3Jvc29mdC5Db21wdXRlL3Jlc3RvcmVQb2ludENvbGxlY3Rpb25zL3JwYzJDbGllbnRUZXN0NjU1OT9hcGktdmVyc2lvbj0yMDIyLTAzLTAx",
      "RequestMethod": "PUT",
      "RequestBody": "{\r\n  \"properties\": {\r\n    \"source\": {\r\n      \"id\": \"/subscriptions/e37510d7-33b6-4676-886f-ee75bcc01871/resourceGroups/crptestar9155/providers/Microsoft.Compute/virtualMachines/vm5871\"\r\n    }\r\n  },\r\n  \"location\": \"centraluseuap\",\r\n  \"tags\": {\r\n    \"RG\": \"rg\",\r\n    \"testTag\": \"testTagValue\"\r\n  }\r\n}",
      "RequestHeaders": {
        "x-ms-client-request-id": [
          "b0536755-ee02-4b87-9caa-a98322b3bf4d"
        ],
        "Accept-Language": [
          "en-US"
        ],
        "User-Agent": [
          "FxVersion/4.700.22.36202",
          "OSName/Windows",
          "OSVersion/Microsoft.Windows.10.0.22000",
          "Microsoft.Azure.Management.Compute.ComputeManagementClient/58.0.0"
        ],
        "Content-Type": [
          "application/json; charset=utf-8"
        ],
        "Content-Length": [
          "298"
        ]
      },
      "ResponseHeaders": {
        "Cache-Control": [
          "no-cache"
        ],
        "Pragma": [
          "no-cache"
        ],
        "x-ms-ratelimit-remaining-resource": [
          "Microsoft.Compute/CreateRestorePoints3Min;118,Microsoft.Compute/CreateRestorePoints30Min;598"
        ],
        "Strict-Transport-Security": [
          "max-age=31536000; includeSubDomains"
        ],
        "x-ms-request-id": [
          "89658cf6-2e58-478d-9d05-281c4ee22f7b"
        ],
        "Server": [
          "Microsoft-HTTPAPI/2.0",
          "Microsoft-HTTPAPI/2.0"
        ],
        "x-ms-ratelimit-remaining-subscription-writes": [
          "1194"
        ],
        "x-ms-correlation-request-id": [
          "aebff8c5-f371-49fc-a367-4718deb67aba"
        ],
        "x-ms-routing-request-id": [
          "CENTRALUS:20220819T173054Z:aebff8c5-f371-49fc-a367-4718deb67aba"
        ],
        "X-Content-Type-Options": [
          "nosniff"
        ],
        "Date": [
          "Fri, 19 Aug 2022 17:30:53 GMT"
        ],
        "Content-Length": [
          "699"
        ],
        "Content-Type": [
          "application/json; charset=utf-8"
        ],
        "Expires": [
          "-1"
        ]
      },
      "ResponseBody": "{\r\n  \"name\": \"rpc2ClientTest6559\",\r\n  \"id\": \"/subscriptions/e37510d7-33b6-4676-886f-ee75bcc01871/resourceGroups/crptestar9155/providers/Microsoft.Compute/restorePointCollections/rpc2ClientTest6559\",\r\n  \"type\": \"Microsoft.Compute/restorePointCollections\",\r\n  \"location\": \"centraluseuap\",\r\n  \"tags\": {\r\n    \"RG\": \"rg\",\r\n    \"testTag\": \"testTagValue\"\r\n  },\r\n  \"properties\": {\r\n    \"source\": {\r\n      \"location\": \"CentralUSEUAP\",\r\n      \"id\": \"/subscriptions/e37510d7-33b6-4676-886f-ee75bcc01871/resourceGroups/crptestar9155/providers/Microsoft.Compute/virtualMachines/vm5871\"\r\n    },\r\n    \"restorePointCollectionId\": \"4c14fcb0-8d11-4410-8ea8-35f277023625\",\r\n    \"provisioningState\": \"Succeeded\"\r\n  }\r\n}",
      "StatusCode": 201
    },
    {
      "RequestUri": "/subscriptions/e37510d7-33b6-4676-886f-ee75bcc01871/resourceGroups/crptestar9155/providers/Microsoft.Compute/restorePointCollections/rpcRemoteClientTest8390?api-version=2022-03-01",
      "EncodedRequestUri": "L3N1YnNjcmlwdGlvbnMvZTM3NTEwZDctMzNiNi00Njc2LTg4NmYtZWU3NWJjYzAxODcxL3Jlc291cmNlR3JvdXBzL2NycHRlc3RhcjkxNTUvcHJvdmlkZXJzL01pY3Jvc29mdC5Db21wdXRlL3Jlc3RvcmVQb2ludENvbGxlY3Rpb25zL3JwY1JlbW90ZUNsaWVudFRlc3Q4MzkwP2FwaS12ZXJzaW9uPTIwMjItMDMtMDE=",
      "RequestMethod": "PUT",
      "RequestBody": "{\r\n  \"properties\": {\r\n    \"source\": {\r\n      \"id\": \"/subscriptions/e37510d7-33b6-4676-886f-ee75bcc01871/resourceGroups/crptestar9155/providers/Microsoft.Compute/restorePointCollections/rpc1ClientTest1227\"\r\n    }\r\n  },\r\n  \"location\": \"eastus2euap\",\r\n  \"tags\": {\r\n    \"RG\": \"rg\",\r\n    \"testTag\": \"testTagValue\"\r\n  }\r\n}",
      "RequestHeaders": {
        "x-ms-client-request-id": [
          "251f2d6c-4044-42bc-b270-88aa6b3f3174"
        ],
        "Accept-Language": [
          "en-US"
        ],
        "User-Agent": [
          "FxVersion/4.700.22.36202",
          "OSName/Windows",
          "OSVersion/Microsoft.Windows.10.0.22000",
          "Microsoft.Azure.Management.Compute.ComputeManagementClient/58.0.0"
        ],
        "Content-Type": [
          "application/json; charset=utf-8"
        ],
        "Content-Length": [
          "316"
        ]
      },
      "ResponseHeaders": {
        "Cache-Control": [
          "no-cache"
        ],
        "Pragma": [
          "no-cache"
        ],
        "x-ms-ratelimit-remaining-resource": [
          "Microsoft.Compute/CreateRestorePoints3Min;119,Microsoft.Compute/CreateRestorePoints30Min;599"
        ],
        "Strict-Transport-Security": [
          "max-age=31536000; includeSubDomains"
        ],
        "x-ms-request-id": [
          "4f23c5b6-9433-42e2-98ee-1eb8ec077b9d"
        ],
        "Server": [
          "Microsoft-HTTPAPI/2.0",
          "Microsoft-HTTPAPI/2.0"
        ],
        "x-ms-ratelimit-remaining-subscription-writes": [
          "1193"
        ],
        "x-ms-correlation-request-id": [
          "59764e49-0482-4b54-8d4a-684a049daa39"
        ],
        "x-ms-routing-request-id": [
          "CENTRALUS:20220819T173055Z:59764e49-0482-4b54-8d4a-684a049daa39"
        ],
        "X-Content-Type-Options": [
          "nosniff"
        ],
        "Date": [
          "Fri, 19 Aug 2022 17:30:55 GMT"
        ],
        "Content-Length": [
          "727"
        ],
        "Content-Type": [
          "application/json; charset=utf-8"
        ],
        "Expires": [
          "-1"
        ]
      },
      "ResponseBody": "{\r\n  \"name\": \"rpcRemoteClientTest8390\",\r\n  \"id\": \"/subscriptions/e37510d7-33b6-4676-886f-ee75bcc01871/resourceGroups/crptestar9155/providers/Microsoft.Compute/restorePointCollections/rpcRemoteClientTest8390\",\r\n  \"type\": \"Microsoft.Compute/restorePointCollections\",\r\n  \"location\": \"eastus2euap\",\r\n  \"tags\": {\r\n    \"RG\": \"rg\",\r\n    \"testTag\": \"testTagValue\"\r\n  },\r\n  \"properties\": {\r\n    \"source\": {\r\n      \"location\": \"centraluseuap\",\r\n      \"id\": \"/subscriptions/e37510d7-33b6-4676-886f-ee75bcc01871/resourceGroups/crptestar9155/providers/Microsoft.Compute/restorePointCollections/rpc1ClientTest1227\"\r\n    },\r\n    \"restorePointCollectionId\": \"c730efe5-d92e-4003-ba12-e123b14b9a1d\",\r\n    \"provisioningState\": \"Succeeded\"\r\n  }\r\n}",
      "StatusCode": 201
    },
    {
      "RequestUri": "/subscriptions/e37510d7-33b6-4676-886f-ee75bcc01871/resourceGroups/crptestar9155/providers/Microsoft.Compute/restorePointCollections/rpc1ClientTest1227?api-version=2022-03-01",
      "EncodedRequestUri": "L3N1YnNjcmlwdGlvbnMvZTM3NTEwZDctMzNiNi00Njc2LTg4NmYtZWU3NWJjYzAxODcxL3Jlc291cmNlR3JvdXBzL2NycHRlc3RhcjkxNTUvcHJvdmlkZXJzL01pY3Jvc29mdC5Db21wdXRlL3Jlc3RvcmVQb2ludENvbGxlY3Rpb25zL3JwYzFDbGllbnRUZXN0MTIyNz9hcGktdmVyc2lvbj0yMDIyLTAzLTAx",
      "RequestMethod": "PATCH",
      "RequestBody": "{\r\n  \"properties\": {\r\n    \"source\": {\r\n      \"id\": \"/subscriptions/e37510d7-33b6-4676-886f-ee75bcc01871/resourceGroups/crptestar9155/providers/Microsoft.Compute/virtualMachines/vm5871\"\r\n    }\r\n  },\r\n  \"tags\": {\r\n    \"newTag\": \"newValue1\",\r\n    \"newtestTag\": \"newValue2\"\r\n  }\r\n}",
      "RequestHeaders": {
        "x-ms-client-request-id": [
          "e1c9b4e2-08ff-4cf6-9c9a-5288ec778d5c"
        ],
        "Accept-Language": [
          "en-US"
        ],
        "User-Agent": [
          "FxVersion/4.700.22.36202",
          "OSName/Windows",
          "OSVersion/Microsoft.Windows.10.0.22000",
          "Microsoft.Azure.Management.Compute.ComputeManagementClient/58.0.0"
        ],
        "Content-Type": [
          "application/json; charset=utf-8"
        ],
        "Content-Length": [
          "277"
        ]
      },
      "ResponseHeaders": {
        "Cache-Control": [
          "no-cache"
        ],
        "Pragma": [
          "no-cache"
        ],
        "x-ms-ratelimit-remaining-resource": [
          "Microsoft.Compute/CreateRestorePoints3Min;117,Microsoft.Compute/CreateRestorePoints30Min;597"
        ],
        "Strict-Transport-Security": [
          "max-age=31536000; includeSubDomains"
        ],
        "x-ms-request-id": [
          "63f24a9f-f396-4656-ac82-9c8241e22ca6"
        ],
        "Server": [
          "Microsoft-HTTPAPI/2.0",
          "Microsoft-HTTPAPI/2.0"
        ],
        "x-ms-ratelimit-remaining-subscription-writes": [
          "1192"
        ],
        "x-ms-correlation-request-id": [
          "2ff0e30a-235a-4938-875b-939d3f49c83a"
        ],
        "x-ms-routing-request-id": [
          "CENTRALUS:20220819T173056Z:2ff0e30a-235a-4938-875b-939d3f49c83a"
        ],
        "X-Content-Type-Options": [
          "nosniff"
        ],
        "Date": [
          "Fri, 19 Aug 2022 17:30:55 GMT"
        ],
        "Content-Length": [
          "710"
        ],
        "Content-Type": [
          "application/json; charset=utf-8"
        ],
        "Expires": [
          "-1"
        ]
      },
      "ResponseBody": "{\r\n  \"name\": \"rpc1ClientTest1227\",\r\n  \"id\": \"/subscriptions/e37510d7-33b6-4676-886f-ee75bcc01871/resourceGroups/crptestar9155/providers/Microsoft.Compute/restorePointCollections/rpc1ClientTest1227\",\r\n  \"type\": \"Microsoft.Compute/restorePointCollections\",\r\n  \"location\": \"centraluseuap\",\r\n  \"tags\": {\r\n    \"newTag\": \"newValue1\",\r\n    \"newtestTag\": \"newValue2\"\r\n  },\r\n  \"properties\": {\r\n    \"source\": {\r\n      \"location\": \"CentralUSEUAP\",\r\n      \"id\": \"/subscriptions/e37510d7-33b6-4676-886f-ee75bcc01871/resourceGroups/crptestar9155/providers/Microsoft.Compute/virtualMachines/vm5871\"\r\n    },\r\n    \"restorePointCollectionId\": \"c194a02c-c1f0-4097-b6d3-4814c1e53436\",\r\n    \"provisioningState\": \"Succeeded\"\r\n  }\r\n}",
      "StatusCode": 200
    },
    {
      "RequestUri": "/subscriptions/e37510d7-33b6-4676-886f-ee75bcc01871/resourceGroups/crptestar9155/providers/Microsoft.Compute/restorePointCollections?api-version=2022-03-01",
      "EncodedRequestUri": "L3N1YnNjcmlwdGlvbnMvZTM3NTEwZDctMzNiNi00Njc2LTg4NmYtZWU3NWJjYzAxODcxL3Jlc291cmNlR3JvdXBzL2NycHRlc3RhcjkxNTUvcHJvdmlkZXJzL01pY3Jvc29mdC5Db21wdXRlL3Jlc3RvcmVQb2ludENvbGxlY3Rpb25zP2FwaS12ZXJzaW9uPTIwMjItMDMtMDE=",
      "RequestMethod": "GET",
      "RequestBody": "",
      "RequestHeaders": {
        "x-ms-client-request-id": [
          "1b0c85a4-7659-433f-86ef-acae07512448"
        ],
        "Accept-Language": [
          "en-US"
        ],
        "User-Agent": [
          "FxVersion/4.700.22.36202",
          "OSName/Windows",
          "OSVersion/Microsoft.Windows.10.0.22000",
          "Microsoft.Azure.Management.Compute.ComputeManagementClient/58.0.0"
        ]
      },
      "ResponseHeaders": {
        "Cache-Control": [
          "no-cache"
        ],
        "Pragma": [
          "no-cache"
        ],
        "x-ms-original-request-ids": [
          "fbb96349-28ae-4e97-bf4a-03a25eeef156",
          "e36d53b8-efe7-42af-979e-4c7ddd65e395"
        ],
        "x-ms-ratelimit-remaining-subscription-reads": [
          "11992"
        ],
        "x-ms-request-id": [
          "753f69b3-740c-4d01-acc9-172c267e5b52"
        ],
        "x-ms-correlation-request-id": [
          "753f69b3-740c-4d01-acc9-172c267e5b52"
        ],
        "x-ms-routing-request-id": [
          "CENTRALUS:20220819T173056Z:753f69b3-740c-4d01-acc9-172c267e5b52"
        ],
        "Strict-Transport-Security": [
          "max-age=31536000; includeSubDomains"
        ],
        "X-Content-Type-Options": [
          "nosniff"
        ],
        "Date": [
          "Fri, 19 Aug 2022 17:30:55 GMT"
        ],
        "Content-Type": [
          "application/json; charset=utf-8"
        ],
        "Expires": [
          "-1"
        ],
        "Content-Length": [
          "1853"
        ]
      },
      "ResponseBody": "{\r\n  \"value\": [\r\n    {\r\n      \"name\": \"rpcRemoteClientTest8390\",\r\n      \"id\": \"/subscriptions/e37510d7-33b6-4676-886f-ee75bcc01871/resourceGroups/crptestar9155/providers/Microsoft.Compute/restorePointCollections/rpcRemoteClientTest8390\",\r\n      \"type\": \"Microsoft.Compute/restorePointCollections\",\r\n      \"location\": \"eastus2euap\",\r\n      \"tags\": {\r\n        \"RG\": \"rg\",\r\n        \"testTag\": \"testTagValue\"\r\n      },\r\n      \"properties\": {\r\n        \"source\": {\r\n          \"location\": \"centraluseuap\",\r\n          \"id\": \"/subscriptions/e37510d7-33b6-4676-886f-ee75bcc01871/resourceGroups/crptestar9155/providers/Microsoft.Compute/restorePointCollections/rpc1ClientTest1227\"\r\n        },\r\n        \"restorePointCollectionId\": \"c730efe5-d92e-4003-ba12-e123b14b9a1d\",\r\n        \"provisioningState\": \"Succeeded\"\r\n      }\r\n    },\r\n    {\r\n      \"name\": \"rpc1ClientTest1227\",\r\n      \"id\": \"/subscriptions/e37510d7-33b6-4676-886f-ee75bcc01871/resourceGroups/crptestar9155/providers/Microsoft.Compute/restorePointCollections/rpc1ClientTest1227\",\r\n      \"type\": \"Microsoft.Compute/restorePointCollections\",\r\n      \"location\": \"centraluseuap\",\r\n      \"tags\": {\r\n        \"newTag\": \"newValue1\",\r\n        \"newtestTag\": \"newValue2\"\r\n      },\r\n      \"properties\": {\r\n        \"source\": {\r\n          \"location\": \"CentralUSEUAP\",\r\n          \"id\": \"/subscriptions/e37510d7-33b6-4676-886f-ee75bcc01871/resourceGroups/crptestar9155/providers/Microsoft.Compute/virtualMachines/vm5871\"\r\n        },\r\n        \"restorePointCollectionId\": \"c194a02c-c1f0-4097-b6d3-4814c1e53436\",\r\n        \"provisioningState\": \"Succeeded\"\r\n      }\r\n    },\r\n    {\r\n      \"name\": \"rpc2ClientTest6559\",\r\n      \"id\": \"/subscriptions/e37510d7-33b6-4676-886f-ee75bcc01871/resourceGroups/crptestar9155/providers/Microsoft.Compute/restorePointCollections/rpc2ClientTest6559\",\r\n      \"type\": \"Microsoft.Compute/restorePointCollections\",\r\n      \"location\": \"centraluseuap\",\r\n      \"tags\": {\r\n        \"RG\": \"rg\",\r\n        \"testTag\": \"testTagValue\"\r\n      },\r\n      \"properties\": {\r\n        \"source\": {\r\n          \"location\": \"CentralUSEUAP\",\r\n          \"id\": \"/subscriptions/e37510d7-33b6-4676-886f-ee75bcc01871/resourceGroups/crptestar9155/providers/Microsoft.Compute/virtualMachines/vm5871\"\r\n        },\r\n        \"restorePointCollectionId\": \"4c14fcb0-8d11-4410-8ea8-35f277023625\",\r\n        \"provisioningState\": \"Succeeded\"\r\n      }\r\n    }\r\n  ]\r\n}",
      "StatusCode": 200
    },
    {
      "RequestUri": "/subscriptions/e37510d7-33b6-4676-886f-ee75bcc01871/providers/Microsoft.Compute/restorePointCollections?api-version=2022-08-01",
      "EncodedRequestUri": "L3N1YnNjcmlwdGlvbnMvZTM3NTEwZDctMzNiNi00Njc2LTg4NmYtZWU3NWJjYzAxODcxL3Byb3ZpZGVycy9NaWNyb3NvZnQuQ29tcHV0ZS9yZXN0b3JlUG9pbnRDb2xsZWN0aW9ucz9hcGktdmVyc2lvbj0yMDIyLTA4LTAx",
      "RequestMethod": "GET",
      "RequestBody": "",
      "RequestHeaders": {
        "x-ms-client-request-id": [
          "4e07d9b8-785e-405d-ac49-e1a7a964435e"
        ],
        "Accept-Language": [
          "en-US"
        ],
        "User-Agent": [
          "FxVersion/4.700.22.36202",
          "OSName/Windows",
          "OSVersion/Microsoft.Windows.10.0.22000",
          "Microsoft.Azure.Management.Compute.ComputeManagementClient/58.0.0"
        ]
      },
      "ResponseHeaders": {
        "Cache-Control": [
          "no-cache"
        ],
        "Pragma": [
          "no-cache"
        ],
        "x-ms-original-request-ids": [
          "4bcafb32-7529-47db-9d72-88920c2d7251",
          "4d6fe6b3-ca4f-4560-bc69-5649e4263734",
          "8b7c4e28-ecfc-4c89-a6b4-723e6ac9bbfc"
        ],
        "x-ms-ratelimit-remaining-subscription-reads": [
          "11991"
        ],
        "x-ms-request-id": [
          "eda2477b-e499-48ba-a189-065982be3984"
        ],
        "x-ms-correlation-request-id": [
          "eda2477b-e499-48ba-a189-065982be3984"
        ],
        "x-ms-routing-request-id": [
          "CENTRALUS:20220819T173056Z:eda2477b-e499-48ba-a189-065982be3984"
        ],
        "Strict-Transport-Security": [
          "max-age=31536000; includeSubDomains"
        ],
        "X-Content-Type-Options": [
          "nosniff"
        ],
        "Date": [
          "Fri, 19 Aug 2022 17:30:56 GMT"
        ],
        "Content-Type": [
          "application/json; charset=utf-8"
        ],
        "Expires": [
          "-1"
        ],
        "Content-Length": [
          "2483"
        ]
      },
      "ResponseBody": "{\r\n  \"value\": [\r\n    {\r\n      \"name\": \"AzureBackup_pstestvm3cdeb0_17593597970665\",\r\n      \"id\": \"/subscriptions/e37510d7-33b6-4676-886f-ee75bcc01871/resourceGroups/AZUREBACKUPRG_SOUTHEASTASIA_1/providers/Microsoft.Compute/restorePointCollections/AzureBackup_pstestvm3cdeb0_17593597970665\",\r\n      \"type\": \"Microsoft.Compute/restorePointCollections\",\r\n      \"location\": \"southeastasia\",\r\n      \"properties\": {\r\n        \"source\": {\r\n          \"location\": \"southeastasia\",\r\n          \"id\": \"/subscriptions/e37510d7-33b6-4676-886f-ee75bcc01871/resourceGroups/pstestrg3cdeb8e4/providers/Microsoft.Compute/virtualMachines/PSTestVM3cdeb0\"\r\n        },\r\n        \"restorePointCollectionId\": \"4c4f9bb4-5ba5-43b4-8d66-a78fc9ee78b5\",\r\n        \"provisioningState\": \"Succeeded\"\r\n      }\r\n    },\r\n    {\r\n      \"name\": \"rpcRemoteClientTest8390\",\r\n      \"id\": \"/subscriptions/e37510d7-33b6-4676-886f-ee75bcc01871/resourceGroups/CRPTESTAR9155/providers/Microsoft.Compute/restorePointCollections/rpcRemoteClientTest8390\",\r\n      \"type\": \"Microsoft.Compute/restorePointCollections\",\r\n      \"location\": \"eastus2euap\",\r\n      \"tags\": {\r\n        \"RG\": \"rg\",\r\n        \"testTag\": \"testTagValue\"\r\n      },\r\n      \"properties\": {\r\n        \"source\": {\r\n          \"location\": \"centraluseuap\",\r\n          \"id\": \"/subscriptions/e37510d7-33b6-4676-886f-ee75bcc01871/resourceGroups/crptestar9155/providers/Microsoft.Compute/restorePointCollections/rpc1ClientTest1227\"\r\n        },\r\n        \"restorePointCollectionId\": \"c730efe5-d92e-4003-ba12-e123b14b9a1d\",\r\n        \"provisioningState\": \"Succeeded\"\r\n      }\r\n    },\r\n    {\r\n      \"name\": \"rpc1ClientTest1227\",\r\n      \"id\": \"/subscriptions/e37510d7-33b6-4676-886f-ee75bcc01871/resourceGroups/CRPTESTAR9155/providers/Microsoft.Compute/restorePointCollections/rpc1ClientTest1227\",\r\n      \"type\": \"Microsoft.Compute/restorePointCollections\",\r\n      \"location\": \"centraluseuap\",\r\n      \"tags\": {\r\n        \"newTag\": \"newValue1\",\r\n        \"newtestTag\": \"newValue2\"\r\n      },\r\n      \"properties\": {\r\n        \"source\": {\r\n          \"location\": \"CentralUSEUAP\",\r\n          \"id\": \"/subscriptions/e37510d7-33b6-4676-886f-ee75bcc01871/resourceGroups/crptestar9155/providers/Microsoft.Compute/virtualMachines/vm5871\"\r\n        },\r\n        \"restorePointCollectionId\": \"c194a02c-c1f0-4097-b6d3-4814c1e53436\",\r\n        \"provisioningState\": \"Succeeded\"\r\n      }\r\n    },\r\n    {\r\n      \"name\": \"rpc2ClientTest6559\",\r\n      \"id\": \"/subscriptions/e37510d7-33b6-4676-886f-ee75bcc01871/resourceGroups/CRPTESTAR9155/providers/Microsoft.Compute/restorePointCollections/rpc2ClientTest6559\",\r\n      \"type\": \"Microsoft.Compute/restorePointCollections\",\r\n      \"location\": \"centraluseuap\",\r\n      \"tags\": {\r\n        \"RG\": \"rg\",\r\n        \"testTag\": \"testTagValue\"\r\n      },\r\n      \"properties\": {\r\n        \"source\": {\r\n          \"location\": \"CentralUSEUAP\",\r\n          \"id\": \"/subscriptions/e37510d7-33b6-4676-886f-ee75bcc01871/resourceGroups/crptestar9155/providers/Microsoft.Compute/virtualMachines/vm5871\"\r\n        },\r\n        \"restorePointCollectionId\": \"4c14fcb0-8d11-4410-8ea8-35f277023625\",\r\n        \"provisioningState\": \"Succeeded\"\r\n      }\r\n    }\r\n  ]\r\n}",
      "StatusCode": 200
    },
    {
      "RequestUri": "/subscriptions/e37510d7-33b6-4676-886f-ee75bcc01871/resourceGroups/crptestar9155/providers/Microsoft.Compute/restorePointCollections/rpc1ClientTest1227/restorePoints/rpClientTest6396?api-version=2022-03-01",
      "EncodedRequestUri": "L3N1YnNjcmlwdGlvbnMvZTM3NTEwZDctMzNiNi00Njc2LTg4NmYtZWU3NWJjYzAxODcxL3Jlc291cmNlR3JvdXBzL2NycHRlc3RhcjkxNTUvcHJvdmlkZXJzL01pY3Jvc29mdC5Db21wdXRlL3Jlc3RvcmVQb2ludENvbGxlY3Rpb25zL3JwYzFDbGllbnRUZXN0MTIyNy9yZXN0b3JlUG9pbnRzL3JwQ2xpZW50VGVzdDYzOTY/YXBpLXZlcnNpb249MjAyMi0wMy0wMQ==",
      "RequestMethod": "PUT",
      "RequestBody": "{\r\n  \"properties\": {\r\n    \"excludeDisks\": [\r\n      {\r\n        \"id\": \"/subscriptions/e37510d7-33b6-4676-886f-ee75bcc01871/resourceGroups/crptestar9155/providers/Microsoft.Compute/disks/vm5871_disk2_566db678d03942b2a0f33d8fd6200cc6\"\r\n      }\r\n    ]\r\n  }\r\n}",
      "RequestHeaders": {
        "x-ms-client-request-id": [
          "9d35bf97-4458-4691-b47d-372ca7feabc1"
        ],
        "Accept-Language": [
          "en-US"
        ],
        "User-Agent": [
          "FxVersion/4.700.22.36202",
          "OSName/Windows",
          "OSVersion/Microsoft.Windows.10.0.22000",
          "Microsoft.Azure.Management.Compute.ComputeManagementClient/58.0.0"
        ],
        "Content-Type": [
          "application/json; charset=utf-8"
        ],
        "Content-Length": [
          "254"
        ]
      },
      "ResponseHeaders": {
        "Cache-Control": [
          "no-cache"
        ],
        "Pragma": [
          "no-cache"
        ],
        "Azure-AsyncOperation": [
          "https://management.azure.com/subscriptions/e37510d7-33b6-4676-886f-ee75bcc01871/providers/Microsoft.Compute/locations/CentralUSEUAP/operations/3d77afec-f70f-4cba-923e-d98630e82a0d?p=f037f0c8-1d39-4efc-80c1-c183b105d004&api-version=2022-03-01"
        ],
        "x-ms-ratelimit-remaining-resource": [
          "Microsoft.Compute/CreateRestorePoints3Min;116,Microsoft.Compute/CreateRestorePoints30Min;596"
        ],
        "Strict-Transport-Security": [
          "max-age=31536000; includeSubDomains"
        ],
        "x-ms-request-id": [
          "3d77afec-f70f-4cba-923e-d98630e82a0d"
        ],
        "Server": [
          "Microsoft-HTTPAPI/2.0",
          "Microsoft-HTTPAPI/2.0"
        ],
        "x-ms-ratelimit-remaining-subscription-writes": [
          "1191"
        ],
        "x-ms-correlation-request-id": [
          "e8713709-ba24-420e-94ea-2c643e02c8f3"
        ],
        "x-ms-routing-request-id": [
          "CENTRALUS:20220819T173057Z:e8713709-ba24-420e-94ea-2c643e02c8f3"
        ],
        "X-Content-Type-Options": [
          "nosniff"
        ],
        "Date": [
          "Fri, 19 Aug 2022 17:30:56 GMT"
        ],
        "Content-Length": [
          "1882"
        ],
        "Content-Type": [
          "application/json; charset=utf-8"
        ],
        "Expires": [
          "-1"
        ]
      },
      "ResponseBody": "{\r\n  \"name\": \"rpClientTest6396\",\r\n  \"id\": \"/subscriptions/e37510d7-33b6-4676-886f-ee75bcc01871/resourceGroups/crptestar9155/providers/Microsoft.Compute/restorePointCollections/rpc1ClientTest1227/restorePoints/rpClientTest6396\",\r\n  \"properties\": {\r\n    \"sourceMetadata\": {\r\n      \"vmId\": \"ac7b82d3-e340-487b-8fd4-63162c5028a9\",\r\n      \"location\": \"CentralUSEUAP\",\r\n      \"hardwareProfile\": {\r\n        \"vmSize\": \"Standard_A1_v2\"\r\n      },\r\n      \"storageProfile\": {\r\n        \"osDisk\": {\r\n          \"osType\": \"Windows\",\r\n          \"name\": \"test\",\r\n          \"diskSizeGB\": 127,\r\n          \"caching\": \"None\",\r\n          \"managedDisk\": {\r\n            \"storageAccountType\": \"Standard_LRS\",\r\n            \"id\": \"/subscriptions/e37510d7-33b6-4676-886f-ee75bcc01871/resourceGroups/crptestar9155/providers/Microsoft.Compute/disks/test\"\r\n          }\r\n        },\r\n        \"dataDisks\": []\r\n      },\r\n      \"osProfile\": {\r\n        \"computerName\": \"Test\",\r\n        \"adminUsername\": \"Foo12\",\r\n        \"windowsConfiguration\": {\r\n          \"provisionVMAgent\": true,\r\n          \"enableAutomaticUpdates\": true,\r\n          \"patchSettings\": {\r\n            \"patchMode\": \"AutomaticByOS\",\r\n            \"assessmentMode\": \"ImageDefault\"\r\n          },\r\n          \"enableVMAgentPlatformUpdates\": false\r\n        },\r\n        \"secrets\": [],\r\n        \"allowExtensionOperations\": true,\r\n        \"requireGuestProvisionSignal\": true\r\n      },\r\n      \"diagnosticsProfile\": {\r\n        \"bootDiagnostics\": {\r\n          \"enabled\": true\r\n        }\r\n      },\r\n      \"hyperVGeneration\": \"V1\"\r\n    },\r\n    \"provisioningState\": \"Creating\",\r\n    \"timeCreated\": \"2022-08-19T13:30:56.785643-04:00\",\r\n    \"excludeDisks\": [\r\n      {\r\n        \"id\": \"/subscriptions/e37510d7-33b6-4676-886f-ee75bcc01871/resourceGroups/crptestar9155/providers/Microsoft.Compute/disks/vm5871_disk2_566db678d03942b2a0f33d8fd6200cc6\"\r\n      }\r\n    ]\r\n  }\r\n}",
      "StatusCode": 201
    },
    {
      "RequestUri": "/subscriptions/e37510d7-33b6-4676-886f-ee75bcc01871/providers/Microsoft.Compute/locations/CentralUSEUAP/operations/3d77afec-f70f-4cba-923e-d98630e82a0d?p=f037f0c8-1d39-4efc-80c1-c183b105d004&api-version=2022-03-01",
      "EncodedRequestUri": "L3N1YnNjcmlwdGlvbnMvZTM3NTEwZDctMzNiNi00Njc2LTg4NmYtZWU3NWJjYzAxODcxL3Byb3ZpZGVycy9NaWNyb3NvZnQuQ29tcHV0ZS9sb2NhdGlvbnMvQ2VudHJhbFVTRVVBUC9vcGVyYXRpb25zLzNkNzdhZmVjLWY3MGYtNGNiYS05MjNlLWQ5ODYzMGU4MmEwZD9wPWYwMzdmMGM4LTFkMzktNGVmYy04MGMxLWMxODNiMTA1ZDAwNCZhcGktdmVyc2lvbj0yMDIyLTAzLTAx",
      "RequestMethod": "GET",
      "RequestBody": "",
      "RequestHeaders": {
        "User-Agent": [
          "FxVersion/4.700.22.36202",
          "OSName/Windows",
          "OSVersion/Microsoft.Windows.10.0.22000",
          "Microsoft.Azure.Management.Compute.ComputeManagementClient/58.0.0"
        ]
      },
      "ResponseHeaders": {
        "Cache-Control": [
          "no-cache"
        ],
        "Pragma": [
          "no-cache"
        ],
        "x-ms-ratelimit-remaining-resource": [
          "Microsoft.Compute/GetOperation3Min;14991,Microsoft.Compute/GetOperation30Min;29990"
        ],
        "Strict-Transport-Security": [
          "max-age=31536000; includeSubDomains"
        ],
        "x-ms-request-id": [
          "cd919b06-37bc-42d0-85dc-cb658f88c2be"
        ],
        "Server": [
          "Microsoft-HTTPAPI/2.0",
          "Microsoft-HTTPAPI/2.0"
        ],
        "x-ms-ratelimit-remaining-subscription-reads": [
          "11990"
        ],
        "x-ms-correlation-request-id": [
          "9b8c261d-8c07-4364-bc88-afc138d6813f"
        ],
        "x-ms-routing-request-id": [
          "CENTRALUS:20220819T173127Z:9b8c261d-8c07-4364-bc88-afc138d6813f"
        ],
        "X-Content-Type-Options": [
          "nosniff"
        ],
        "Date": [
          "Fri, 19 Aug 2022 17:31:26 GMT"
        ],
        "Content-Length": [
          "134"
        ],
        "Content-Type": [
          "application/json; charset=utf-8"
        ],
        "Expires": [
          "-1"
        ]
      },
      "ResponseBody": "{\r\n  \"startTime\": \"2022-08-19T13:30:56.7075649-04:00\",\r\n  \"status\": \"InProgress\",\r\n  \"name\": \"3d77afec-f70f-4cba-923e-d98630e82a0d\"\r\n}",
      "StatusCode": 200
    },
    {
      "RequestUri": "/subscriptions/e37510d7-33b6-4676-886f-ee75bcc01871/providers/Microsoft.Compute/locations/CentralUSEUAP/operations/3d77afec-f70f-4cba-923e-d98630e82a0d?p=f037f0c8-1d39-4efc-80c1-c183b105d004&api-version=2022-03-01",
      "EncodedRequestUri": "L3N1YnNjcmlwdGlvbnMvZTM3NTEwZDctMzNiNi00Njc2LTg4NmYtZWU3NWJjYzAxODcxL3Byb3ZpZGVycy9NaWNyb3NvZnQuQ29tcHV0ZS9sb2NhdGlvbnMvQ2VudHJhbFVTRVVBUC9vcGVyYXRpb25zLzNkNzdhZmVjLWY3MGYtNGNiYS05MjNlLWQ5ODYzMGU4MmEwZD9wPWYwMzdmMGM4LTFkMzktNGVmYy04MGMxLWMxODNiMTA1ZDAwNCZhcGktdmVyc2lvbj0yMDIyLTAzLTAx",
      "RequestMethod": "GET",
      "RequestBody": "",
      "RequestHeaders": {
        "User-Agent": [
          "FxVersion/4.700.22.36202",
          "OSName/Windows",
          "OSVersion/Microsoft.Windows.10.0.22000",
          "Microsoft.Azure.Management.Compute.ComputeManagementClient/58.0.0"
        ]
      },
      "ResponseHeaders": {
        "Cache-Control": [
          "no-cache"
        ],
        "Pragma": [
          "no-cache"
        ],
        "x-ms-ratelimit-remaining-resource": [
          "Microsoft.Compute/GetOperation3Min;14989,Microsoft.Compute/GetOperation30Min;29988"
        ],
        "Strict-Transport-Security": [
          "max-age=31536000; includeSubDomains"
        ],
        "x-ms-request-id": [
          "d4d607b7-3aaa-4ad7-a661-a61a7fd37a54"
        ],
        "Server": [
          "Microsoft-HTTPAPI/2.0",
          "Microsoft-HTTPAPI/2.0"
        ],
        "x-ms-ratelimit-remaining-subscription-reads": [
          "11989"
        ],
        "x-ms-correlation-request-id": [
          "76f9a99e-8670-431e-a949-b6ad2bc6aef4"
        ],
        "x-ms-routing-request-id": [
          "CENTRALUS:20220819T173157Z:76f9a99e-8670-431e-a949-b6ad2bc6aef4"
        ],
        "X-Content-Type-Options": [
          "nosniff"
        ],
        "Date": [
          "Fri, 19 Aug 2022 17:31:57 GMT"
        ],
        "Content-Length": [
          "134"
        ],
        "Content-Type": [
          "application/json; charset=utf-8"
        ],
        "Expires": [
          "-1"
        ]
      },
      "ResponseBody": "{\r\n  \"startTime\": \"2022-08-19T13:30:56.7075649-04:00\",\r\n  \"status\": \"InProgress\",\r\n  \"name\": \"3d77afec-f70f-4cba-923e-d98630e82a0d\"\r\n}",
      "StatusCode": 200
    },
    {
      "RequestUri": "/subscriptions/e37510d7-33b6-4676-886f-ee75bcc01871/providers/Microsoft.Compute/locations/CentralUSEUAP/operations/3d77afec-f70f-4cba-923e-d98630e82a0d?p=f037f0c8-1d39-4efc-80c1-c183b105d004&api-version=2022-03-01",
      "EncodedRequestUri": "L3N1YnNjcmlwdGlvbnMvZTM3NTEwZDctMzNiNi00Njc2LTg4NmYtZWU3NWJjYzAxODcxL3Byb3ZpZGVycy9NaWNyb3NvZnQuQ29tcHV0ZS9sb2NhdGlvbnMvQ2VudHJhbFVTRVVBUC9vcGVyYXRpb25zLzNkNzdhZmVjLWY3MGYtNGNiYS05MjNlLWQ5ODYzMGU4MmEwZD9wPWYwMzdmMGM4LTFkMzktNGVmYy04MGMxLWMxODNiMTA1ZDAwNCZhcGktdmVyc2lvbj0yMDIyLTAzLTAx",
      "RequestMethod": "GET",
      "RequestBody": "",
      "RequestHeaders": {
        "User-Agent": [
          "FxVersion/4.700.22.36202",
          "OSName/Windows",
          "OSVersion/Microsoft.Windows.10.0.22000",
          "Microsoft.Azure.Management.Compute.ComputeManagementClient/58.0.0"
        ]
      },
      "ResponseHeaders": {
        "Cache-Control": [
          "no-cache"
        ],
        "Pragma": [
          "no-cache"
        ],
        "x-ms-ratelimit-remaining-resource": [
          "Microsoft.Compute/GetOperation3Min;14987,Microsoft.Compute/GetOperation30Min;29984"
        ],
        "Strict-Transport-Security": [
          "max-age=31536000; includeSubDomains"
        ],
        "x-ms-request-id": [
          "333dce98-f978-4996-91e5-782918c28b6a"
        ],
        "Server": [
          "Microsoft-HTTPAPI/2.0",
          "Microsoft-HTTPAPI/2.0"
        ],
        "x-ms-ratelimit-remaining-subscription-reads": [
          "11988"
        ],
        "x-ms-correlation-request-id": [
          "11fb7d33-432e-4484-9b5c-7adf14dc3293"
        ],
        "x-ms-routing-request-id": [
          "CENTRALUS:20220819T173227Z:11fb7d33-432e-4484-9b5c-7adf14dc3293"
        ],
        "X-Content-Type-Options": [
          "nosniff"
        ],
        "Date": [
          "Fri, 19 Aug 2022 17:32:26 GMT"
        ],
        "Content-Length": [
          "134"
        ],
        "Content-Type": [
          "application/json; charset=utf-8"
        ],
        "Expires": [
          "-1"
        ]
      },
      "ResponseBody": "{\r\n  \"startTime\": \"2022-08-19T13:30:56.7075649-04:00\",\r\n  \"status\": \"InProgress\",\r\n  \"name\": \"3d77afec-f70f-4cba-923e-d98630e82a0d\"\r\n}",
      "StatusCode": 200
    },
    {
      "RequestUri": "/subscriptions/e37510d7-33b6-4676-886f-ee75bcc01871/providers/Microsoft.Compute/locations/CentralUSEUAP/operations/3d77afec-f70f-4cba-923e-d98630e82a0d?p=f037f0c8-1d39-4efc-80c1-c183b105d004&api-version=2022-03-01",
      "EncodedRequestUri": "L3N1YnNjcmlwdGlvbnMvZTM3NTEwZDctMzNiNi00Njc2LTg4NmYtZWU3NWJjYzAxODcxL3Byb3ZpZGVycy9NaWNyb3NvZnQuQ29tcHV0ZS9sb2NhdGlvbnMvQ2VudHJhbFVTRVVBUC9vcGVyYXRpb25zLzNkNzdhZmVjLWY3MGYtNGNiYS05MjNlLWQ5ODYzMGU4MmEwZD9wPWYwMzdmMGM4LTFkMzktNGVmYy04MGMxLWMxODNiMTA1ZDAwNCZhcGktdmVyc2lvbj0yMDIyLTAzLTAx",
      "RequestMethod": "GET",
      "RequestBody": "",
      "RequestHeaders": {
        "User-Agent": [
          "FxVersion/4.700.22.36202",
          "OSName/Windows",
          "OSVersion/Microsoft.Windows.10.0.22000",
          "Microsoft.Azure.Management.Compute.ComputeManagementClient/58.0.0"
        ]
      },
      "ResponseHeaders": {
        "Cache-Control": [
          "no-cache"
        ],
        "Pragma": [
          "no-cache"
        ],
        "x-ms-ratelimit-remaining-resource": [
          "Microsoft.Compute/GetOperation3Min;14984,Microsoft.Compute/GetOperation30Min;29981"
        ],
        "Strict-Transport-Security": [
          "max-age=31536000; includeSubDomains"
        ],
        "x-ms-request-id": [
          "6ed76bcd-5de0-43e8-b197-dd61a94de4fe"
        ],
        "Server": [
          "Microsoft-HTTPAPI/2.0",
          "Microsoft-HTTPAPI/2.0"
        ],
        "x-ms-ratelimit-remaining-subscription-reads": [
          "11987"
        ],
        "x-ms-correlation-request-id": [
          "ad513df6-b1af-46d1-9c90-fc1b4db82284"
        ],
        "x-ms-routing-request-id": [
          "CENTRALUS:20220819T173257Z:ad513df6-b1af-46d1-9c90-fc1b4db82284"
        ],
        "X-Content-Type-Options": [
          "nosniff"
        ],
        "Date": [
          "Fri, 19 Aug 2022 17:32:56 GMT"
        ],
        "Content-Length": [
          "134"
        ],
        "Content-Type": [
          "application/json; charset=utf-8"
        ],
        "Expires": [
          "-1"
        ]
      },
      "ResponseBody": "{\r\n  \"startTime\": \"2022-08-19T13:30:56.7075649-04:00\",\r\n  \"status\": \"InProgress\",\r\n  \"name\": \"3d77afec-f70f-4cba-923e-d98630e82a0d\"\r\n}",
      "StatusCode": 200
    },
    {
      "RequestUri": "/subscriptions/e37510d7-33b6-4676-886f-ee75bcc01871/providers/Microsoft.Compute/locations/CentralUSEUAP/operations/3d77afec-f70f-4cba-923e-d98630e82a0d?p=f037f0c8-1d39-4efc-80c1-c183b105d004&api-version=2022-03-01",
      "EncodedRequestUri": "L3N1YnNjcmlwdGlvbnMvZTM3NTEwZDctMzNiNi00Njc2LTg4NmYtZWU3NWJjYzAxODcxL3Byb3ZpZGVycy9NaWNyb3NvZnQuQ29tcHV0ZS9sb2NhdGlvbnMvQ2VudHJhbFVTRVVBUC9vcGVyYXRpb25zLzNkNzdhZmVjLWY3MGYtNGNiYS05MjNlLWQ5ODYzMGU4MmEwZD9wPWYwMzdmMGM4LTFkMzktNGVmYy04MGMxLWMxODNiMTA1ZDAwNCZhcGktdmVyc2lvbj0yMDIyLTAzLTAx",
      "RequestMethod": "GET",
      "RequestBody": "",
      "RequestHeaders": {
        "User-Agent": [
          "FxVersion/4.700.22.36202",
          "OSName/Windows",
          "OSVersion/Microsoft.Windows.10.0.22000",
          "Microsoft.Azure.Management.Compute.ComputeManagementClient/58.0.0"
        ]
      },
      "ResponseHeaders": {
        "Cache-Control": [
          "no-cache"
        ],
        "Pragma": [
          "no-cache"
        ],
        "x-ms-ratelimit-remaining-resource": [
          "Microsoft.Compute/GetOperation3Min;14983,Microsoft.Compute/GetOperation30Min;29978"
        ],
        "Strict-Transport-Security": [
          "max-age=31536000; includeSubDomains"
        ],
        "x-ms-request-id": [
          "3c94bcab-d1ed-4aeb-9982-8eadc52424b4"
        ],
        "Server": [
          "Microsoft-HTTPAPI/2.0",
          "Microsoft-HTTPAPI/2.0"
        ],
        "x-ms-ratelimit-remaining-subscription-reads": [
          "11986"
        ],
        "x-ms-correlation-request-id": [
          "3b073742-44fd-447a-b169-87a9cd6f6994"
        ],
        "x-ms-routing-request-id": [
          "CENTRALUS:20220819T173327Z:3b073742-44fd-447a-b169-87a9cd6f6994"
        ],
        "X-Content-Type-Options": [
          "nosniff"
        ],
        "Date": [
          "Fri, 19 Aug 2022 17:33:26 GMT"
        ],
        "Content-Length": [
          "134"
        ],
        "Content-Type": [
          "application/json; charset=utf-8"
        ],
        "Expires": [
          "-1"
        ]
      },
      "ResponseBody": "{\r\n  \"startTime\": \"2022-08-19T13:30:56.7075649-04:00\",\r\n  \"status\": \"InProgress\",\r\n  \"name\": \"3d77afec-f70f-4cba-923e-d98630e82a0d\"\r\n}",
      "StatusCode": 200
    },
    {
      "RequestUri": "/subscriptions/e37510d7-33b6-4676-886f-ee75bcc01871/providers/Microsoft.Compute/locations/CentralUSEUAP/operations/3d77afec-f70f-4cba-923e-d98630e82a0d?p=f037f0c8-1d39-4efc-80c1-c183b105d004&api-version=2022-03-01",
      "EncodedRequestUri": "L3N1YnNjcmlwdGlvbnMvZTM3NTEwZDctMzNiNi00Njc2LTg4NmYtZWU3NWJjYzAxODcxL3Byb3ZpZGVycy9NaWNyb3NvZnQuQ29tcHV0ZS9sb2NhdGlvbnMvQ2VudHJhbFVTRVVBUC9vcGVyYXRpb25zLzNkNzdhZmVjLWY3MGYtNGNiYS05MjNlLWQ5ODYzMGU4MmEwZD9wPWYwMzdmMGM4LTFkMzktNGVmYy04MGMxLWMxODNiMTA1ZDAwNCZhcGktdmVyc2lvbj0yMDIyLTAzLTAx",
      "RequestMethod": "GET",
      "RequestBody": "",
      "RequestHeaders": {
        "User-Agent": [
          "FxVersion/4.700.22.36202",
          "OSName/Windows",
          "OSVersion/Microsoft.Windows.10.0.22000",
          "Microsoft.Azure.Management.Compute.ComputeManagementClient/58.0.0"
        ]
      },
      "ResponseHeaders": {
        "Cache-Control": [
          "no-cache"
        ],
        "Pragma": [
          "no-cache"
        ],
        "x-ms-ratelimit-remaining-resource": [
          "Microsoft.Compute/GetOperation3Min;14980,Microsoft.Compute/GetOperation30Min;29974"
        ],
        "Strict-Transport-Security": [
          "max-age=31536000; includeSubDomains"
        ],
        "x-ms-request-id": [
          "fa155184-d14f-4fa6-bf03-c995bb2fdac4"
        ],
        "Server": [
          "Microsoft-HTTPAPI/2.0",
          "Microsoft-HTTPAPI/2.0"
        ],
        "x-ms-ratelimit-remaining-subscription-reads": [
          "11985"
        ],
        "x-ms-correlation-request-id": [
          "61df12e3-f491-4e82-9e77-dc8b01b12b83"
        ],
        "x-ms-routing-request-id": [
          "CENTRALUS:20220819T173357Z:61df12e3-f491-4e82-9e77-dc8b01b12b83"
        ],
        "X-Content-Type-Options": [
          "nosniff"
        ],
        "Date": [
          "Fri, 19 Aug 2022 17:33:57 GMT"
        ],
        "Content-Length": [
          "183"
        ],
        "Content-Type": [
          "application/json; charset=utf-8"
        ],
        "Expires": [
          "-1"
        ]
      },
      "ResponseBody": "{\r\n  \"startTime\": \"2022-08-19T13:30:56.7075649-04:00\",\r\n  \"status\": \"InProgress\",\r\n  \"name\": \"3d77afec-f70f-4cba-923e-d98630e82a0d\"\r\n}",
      "StatusCode": 200
    },
    {
      "RequestUri": "/subscriptions/e37510d7-33b6-4676-886f-ee75bcc01871/providers/Microsoft.Compute/locations/CentralUSEUAP/operations/3d77afec-f70f-4cba-923e-d98630e82a0d?p=f037f0c8-1d39-4efc-80c1-c183b105d004&api-version=2022-03-01",
      "EncodedRequestUri": "L3N1YnNjcmlwdGlvbnMvZTM3NTEwZDctMzNiNi00Njc2LTg4NmYtZWU3NWJjYzAxODcxL3Byb3ZpZGVycy9NaWNyb3NvZnQuQ29tcHV0ZS9sb2NhdGlvbnMvQ2VudHJhbFVTRVVBUC9vcGVyYXRpb25zLzNkNzdhZmVjLWY3MGYtNGNiYS05MjNlLWQ5ODYzMGU4MmEwZD9wPWYwMzdmMGM4LTFkMzktNGVmYy04MGMxLWMxODNiMTA1ZDAwNCZhcGktdmVyc2lvbj0yMDIyLTAzLTAx",
      "RequestMethod": "GET",
      "RequestBody": "",
      "RequestHeaders": {
        "User-Agent": [
          "FxVersion/4.700.22.36202",
          "OSName/Windows",
          "OSVersion/Microsoft.Windows.10.0.22000",
          "Microsoft.Azure.Management.Compute.ComputeManagementClient/58.0.0"
        ]
      },
      "ResponseHeaders": {
        "Cache-Control": [
          "no-cache"
        ],
        "Pragma": [
          "no-cache"
        ],
        "x-ms-ratelimit-remaining-resource": [
          "Microsoft.Compute/GetOperation3Min;14981,Microsoft.Compute/GetOperation30Min;29971"
        ],
        "Strict-Transport-Security": [
          "max-age=31536000; includeSubDomains"
        ],
        "x-ms-request-id": [
          "47e43299-bf4c-4d2b-bc8e-4e6224bdeacb"
        ],
        "Server": [
          "Microsoft-HTTPAPI/2.0",
          "Microsoft-HTTPAPI/2.0"
        ],
        "x-ms-ratelimit-remaining-subscription-reads": [
          "11984"
        ],
        "x-ms-correlation-request-id": [
          "8675cc7e-fb2f-4106-8490-6feb70a9af78"
        ],
        "x-ms-routing-request-id": [
          "CENTRALUS:20220819T173427Z:8675cc7e-fb2f-4106-8490-6feb70a9af78"
        ],
        "X-Content-Type-Options": [
          "nosniff"
        ],
        "Date": [
          "Fri, 19 Aug 2022 17:34:27 GMT"
        ],
        "Content-Length": [
          "442"
        ],
        "Content-Type": [
          "application/json; charset=utf-8"
        ],
        "Expires": [
          "-1"
        ]
      },
      "ResponseBody": "{\r\n  \"startTime\": \"2022-08-19T13:30:56.7075649-04:00\",\r\n  \"endTime\": \"2022-08-19T13:34:05.255589-04:00\",\r\n  \"status\": \"Failed\",\r\n  \"error\": {\r\n    \"code\": \"Conflict\",\r\n    \"message\": \"Changes were made to the Virtual Machine 'vm5871' while the operation 'Create Restore Point' was in progress. Operation Create Restore Point cannot be completed at this time. Please try again later.\"\r\n  },\r\n  \"name\": \"3d77afec-f70f-4cba-923e-d98630e82a0d\"\r\n}",
      "StatusCode": 200
    },
    {
      "RequestUri": "/subscriptions/e37510d7-33b6-4676-886f-ee75bcc01871/resourcegroups/crptestar9155?api-version=2017-05-10",
      "EncodedRequestUri": "L3N1YnNjcmlwdGlvbnMvZTM3NTEwZDctMzNiNi00Njc2LTg4NmYtZWU3NWJjYzAxODcxL3Jlc291cmNlZ3JvdXBzL2NycHRlc3RhcjkxNTU/YXBpLXZlcnNpb249MjAxNy0wNS0xMA==",
      "RequestMethod": "DELETE",
      "RequestBody": "",
      "RequestHeaders": {
        "x-ms-client-request-id": [
          "a75eaebb-c6ff-462d-a70a-f21907d25176"
        ],
        "Accept-Language": [
          "en-US"
        ],
        "User-Agent": [
          "FxVersion/4.700.22.36202",
          "OSName/Windows",
          "OSVersion/Microsoft.Windows.10.0.22000",
          "Microsoft.Azure.Management.ResourceManager.ResourceManagementClient/1.6.0.0"
        ]
      },
      "ResponseHeaders": {
        "Cache-Control": [
          "no-cache"
        ],
        "Pragma": [
          "no-cache"
        ],
        "Location": [
          "https://management.azure.com/subscriptions/e37510d7-33b6-4676-886f-ee75bcc01871/operationresults/eyJqb2JJZCI6IlJFU09VUkNFR1JPVVBERUxFVElPTkpPQi1DUlBURVNUQVI5MTU1LUNFTlRSQUxVU0VVQVAiLCJqb2JMb2NhdGlvbiI6ImNlbnRyYWx1c2V1YXAifQ?api-version=2017-05-10"
        ],
        "Retry-After": [
          "15"
        ],
        "x-ms-ratelimit-remaining-subscription-deletes": [
          "14997"
        ],
        "x-ms-request-id": [
          "d9e9b380-315f-4eb4-a722-f526bf0592a8"
        ],
        "x-ms-correlation-request-id": [
          "d9e9b380-315f-4eb4-a722-f526bf0592a8"
        ],
        "x-ms-routing-request-id": [
          "CENTRALUS:20220819T173428Z:d9e9b380-315f-4eb4-a722-f526bf0592a8"
        ],
        "Strict-Transport-Security": [
          "max-age=31536000; includeSubDomains"
        ],
        "X-Content-Type-Options": [
          "nosniff"
        ],
        "Date": [
          "Fri, 19 Aug 2022 17:34:27 GMT"
        ],
        "Expires": [
          "-1"
        ],
        "Content-Length": [
          "0"
        ]
      },
      "ResponseBody": "",
      "StatusCode": 202
    },
    {
      "RequestUri": "/subscriptions/e37510d7-33b6-4676-886f-ee75bcc01871/operationresults/eyJqb2JJZCI6IlJFU09VUkNFR1JPVVBERUxFVElPTkpPQi1DUlBURVNUQVI5MTU1LUNFTlRSQUxVU0VVQVAiLCJqb2JMb2NhdGlvbiI6ImNlbnRyYWx1c2V1YXAifQ?api-version=2017-05-10",
      "EncodedRequestUri": "L3N1YnNjcmlwdGlvbnMvZTM3NTEwZDctMzNiNi00Njc2LTg4NmYtZWU3NWJjYzAxODcxL29wZXJhdGlvbnJlc3VsdHMvZXlKcWIySkpaQ0k2SWxKRlUwOVZVa05GUjFKUFZWQkVSVXhGVkVsUFRrcFBRaTFEVWxCVVJWTlVRVkk1TVRVMUxVTkZUbFJTUVV4VlUwVlZRVkFpTENKcWIySk1iMk5oZEdsdmJpSTZJbU5sYm5SeVlXeDFjMlYxWVhBaWZRP2FwaS12ZXJzaW9uPTIwMTctMDUtMTA=",
      "RequestMethod": "GET",
      "RequestBody": "",
      "RequestHeaders": {
        "User-Agent": [
          "FxVersion/4.700.22.36202",
          "OSName/Windows",
          "OSVersion/Microsoft.Windows.10.0.22000",
          "Microsoft.Azure.Management.ResourceManager.ResourceManagementClient/1.6.0.0"
        ]
      },
      "ResponseHeaders": {
        "Cache-Control": [
          "no-cache"
        ],
        "Pragma": [
          "no-cache"
        ],
        "Location": [
          "https://management.azure.com/subscriptions/e37510d7-33b6-4676-886f-ee75bcc01871/operationresults/eyJqb2JJZCI6IlJFU09VUkNFR1JPVVBERUxFVElPTkpPQi1DUlBURVNUQVI5MTU1LUNFTlRSQUxVU0VVQVAiLCJqb2JMb2NhdGlvbiI6ImNlbnRyYWx1c2V1YXAifQ?api-version=2017-05-10"
        ],
        "Retry-After": [
          "15"
        ],
        "x-ms-ratelimit-remaining-subscription-reads": [
          "11999"
        ],
        "x-ms-request-id": [
          "6288b50a-52f3-4692-839b-70e291b189c9"
        ],
        "x-ms-correlation-request-id": [
          "6288b50a-52f3-4692-839b-70e291b189c9"
        ],
        "x-ms-routing-request-id": [
          "CENTRALUS:20220819T173443Z:6288b50a-52f3-4692-839b-70e291b189c9"
        ],
        "Strict-Transport-Security": [
          "max-age=31536000; includeSubDomains"
        ],
        "X-Content-Type-Options": [
          "nosniff"
        ],
        "Date": [
          "Fri, 19 Aug 2022 17:34:42 GMT"
        ],
        "Expires": [
          "-1"
        ],
        "Content-Length": [
          "0"
        ]
      },
      "ResponseBody": "",
      "StatusCode": 202
    },
    {
      "RequestUri": "/subscriptions/e37510d7-33b6-4676-886f-ee75bcc01871/operationresults/eyJqb2JJZCI6IlJFU09VUkNFR1JPVVBERUxFVElPTkpPQi1DUlBURVNUQVI5MTU1LUNFTlRSQUxVU0VVQVAiLCJqb2JMb2NhdGlvbiI6ImNlbnRyYWx1c2V1YXAifQ?api-version=2017-05-10",
      "EncodedRequestUri": "L3N1YnNjcmlwdGlvbnMvZTM3NTEwZDctMzNiNi00Njc2LTg4NmYtZWU3NWJjYzAxODcxL29wZXJhdGlvbnJlc3VsdHMvZXlKcWIySkpaQ0k2SWxKRlUwOVZVa05GUjFKUFZWQkVSVXhGVkVsUFRrcFBRaTFEVWxCVVJWTlVRVkk1TVRVMUxVTkZUbFJTUVV4VlUwVlZRVkFpTENKcWIySk1iMk5oZEdsdmJpSTZJbU5sYm5SeVlXeDFjMlYxWVhBaWZRP2FwaS12ZXJzaW9uPTIwMTctMDUtMTA=",
      "RequestMethod": "GET",
      "RequestBody": "",
      "RequestHeaders": {
        "User-Agent": [
          "FxVersion/4.700.22.36202",
          "OSName/Windows",
          "OSVersion/Microsoft.Windows.10.0.22000",
          "Microsoft.Azure.Management.ResourceManager.ResourceManagementClient/1.6.0.0"
        ]
      },
      "ResponseHeaders": {
        "Cache-Control": [
          "no-cache"
        ],
        "Pragma": [
          "no-cache"
        ],
        "Location": [
          "https://management.azure.com/subscriptions/e37510d7-33b6-4676-886f-ee75bcc01871/operationresults/eyJqb2JJZCI6IlJFU09VUkNFR1JPVVBERUxFVElPTkpPQi1DUlBURVNUQVI5MTU1LUNFTlRSQUxVU0VVQVAiLCJqb2JMb2NhdGlvbiI6ImNlbnRyYWx1c2V1YXAifQ?api-version=2017-05-10"
        ],
        "Retry-After": [
          "15"
        ],
        "x-ms-ratelimit-remaining-subscription-reads": [
          "11998"
        ],
        "x-ms-request-id": [
          "1a31237d-580a-47fe-9051-5d8d060f5b87"
        ],
        "x-ms-correlation-request-id": [
          "1a31237d-580a-47fe-9051-5d8d060f5b87"
        ],
        "x-ms-routing-request-id": [
          "CENTRALUS:20220819T173458Z:1a31237d-580a-47fe-9051-5d8d060f5b87"
        ],
        "Strict-Transport-Security": [
          "max-age=31536000; includeSubDomains"
        ],
        "X-Content-Type-Options": [
          "nosniff"
        ],
        "Date": [
          "Fri, 19 Aug 2022 17:34:57 GMT"
        ],
        "Expires": [
          "-1"
        ],
        "Content-Length": [
          "0"
        ]
      },
      "ResponseBody": "",
      "StatusCode": 202
    },
    {
      "RequestUri": "/subscriptions/e37510d7-33b6-4676-886f-ee75bcc01871/operationresults/eyJqb2JJZCI6IlJFU09VUkNFR1JPVVBERUxFVElPTkpPQi1DUlBURVNUQVI5MTU1LUNFTlRSQUxVU0VVQVAiLCJqb2JMb2NhdGlvbiI6ImNlbnRyYWx1c2V1YXAifQ?api-version=2017-05-10",
      "EncodedRequestUri": "L3N1YnNjcmlwdGlvbnMvZTM3NTEwZDctMzNiNi00Njc2LTg4NmYtZWU3NWJjYzAxODcxL29wZXJhdGlvbnJlc3VsdHMvZXlKcWIySkpaQ0k2SWxKRlUwOVZVa05GUjFKUFZWQkVSVXhGVkVsUFRrcFBRaTFEVWxCVVJWTlVRVkk1TVRVMUxVTkZUbFJTUVV4VlUwVlZRVkFpTENKcWIySk1iMk5oZEdsdmJpSTZJbU5sYm5SeVlXeDFjMlYxWVhBaWZRP2FwaS12ZXJzaW9uPTIwMTctMDUtMTA=",
      "RequestMethod": "GET",
      "RequestBody": "",
      "RequestHeaders": {
        "User-Agent": [
          "FxVersion/4.700.22.36202",
          "OSName/Windows",
          "OSVersion/Microsoft.Windows.10.0.22000",
          "Microsoft.Azure.Management.ResourceManager.ResourceManagementClient/1.6.0.0"
        ]
      },
      "ResponseHeaders": {
        "Cache-Control": [
          "no-cache"
        ],
        "Pragma": [
          "no-cache"
        ],
        "Location": [
          "https://management.azure.com/subscriptions/e37510d7-33b6-4676-886f-ee75bcc01871/operationresults/eyJqb2JJZCI6IlJFU09VUkNFR1JPVVBERUxFVElPTkpPQi1DUlBURVNUQVI5MTU1LUNFTlRSQUxVU0VVQVAiLCJqb2JMb2NhdGlvbiI6ImNlbnRyYWx1c2V1YXAifQ?api-version=2017-05-10"
        ],
        "Retry-After": [
          "15"
        ],
        "x-ms-ratelimit-remaining-subscription-reads": [
          "11997"
        ],
        "x-ms-request-id": [
          "29ebe931-1f98-465b-acaf-43cd4791edbf"
        ],
        "x-ms-correlation-request-id": [
          "29ebe931-1f98-465b-acaf-43cd4791edbf"
        ],
        "x-ms-routing-request-id": [
          "CENTRALUS:20220819T173513Z:29ebe931-1f98-465b-acaf-43cd4791edbf"
        ],
        "Strict-Transport-Security": [
          "max-age=31536000; includeSubDomains"
        ],
        "X-Content-Type-Options": [
          "nosniff"
        ],
        "Date": [
          "Fri, 19 Aug 2022 17:35:12 GMT"
        ],
        "Expires": [
          "-1"
        ],
        "Content-Length": [
          "0"
        ]
      },
      "ResponseBody": "",
      "StatusCode": 202
    },
    {
      "RequestUri": "/subscriptions/e37510d7-33b6-4676-886f-ee75bcc01871/operationresults/eyJqb2JJZCI6IlJFU09VUkNFR1JPVVBERUxFVElPTkpPQi1DUlBURVNUQVI5MTU1LUNFTlRSQUxVU0VVQVAiLCJqb2JMb2NhdGlvbiI6ImNlbnRyYWx1c2V1YXAifQ?api-version=2017-05-10",
      "EncodedRequestUri": "L3N1YnNjcmlwdGlvbnMvZTM3NTEwZDctMzNiNi00Njc2LTg4NmYtZWU3NWJjYzAxODcxL29wZXJhdGlvbnJlc3VsdHMvZXlKcWIySkpaQ0k2SWxKRlUwOVZVa05GUjFKUFZWQkVSVXhGVkVsUFRrcFBRaTFEVWxCVVJWTlVRVkk1TVRVMUxVTkZUbFJTUVV4VlUwVlZRVkFpTENKcWIySk1iMk5oZEdsdmJpSTZJbU5sYm5SeVlXeDFjMlYxWVhBaWZRP2FwaS12ZXJzaW9uPTIwMTctMDUtMTA=",
      "RequestMethod": "GET",
      "RequestBody": "",
      "RequestHeaders": {
        "User-Agent": [
          "FxVersion/4.700.22.36202",
          "OSName/Windows",
          "OSVersion/Microsoft.Windows.10.0.22000",
          "Microsoft.Azure.Management.ResourceManager.ResourceManagementClient/1.6.0.0"
        ]
      },
      "ResponseHeaders": {
        "Cache-Control": [
          "no-cache"
        ],
        "Pragma": [
          "no-cache"
        ],
        "Location": [
          "https://management.azure.com/subscriptions/e37510d7-33b6-4676-886f-ee75bcc01871/operationresults/eyJqb2JJZCI6IlJFU09VUkNFR1JPVVBERUxFVElPTkpPQi1DUlBURVNUQVI5MTU1LUNFTlRSQUxVU0VVQVAiLCJqb2JMb2NhdGlvbiI6ImNlbnRyYWx1c2V1YXAifQ?api-version=2017-05-10"
        ],
        "Retry-After": [
          "15"
        ],
        "x-ms-ratelimit-remaining-subscription-reads": [
          "11996"
        ],
        "x-ms-request-id": [
          "c2a7606d-74f4-407b-867a-546a5388b82f"
        ],
        "x-ms-correlation-request-id": [
          "c2a7606d-74f4-407b-867a-546a5388b82f"
        ],
        "x-ms-routing-request-id": [
          "CENTRALUS:20220819T173528Z:c2a7606d-74f4-407b-867a-546a5388b82f"
        ],
        "Strict-Transport-Security": [
          "max-age=31536000; includeSubDomains"
        ],
        "X-Content-Type-Options": [
          "nosniff"
        ],
        "Date": [
          "Fri, 19 Aug 2022 17:35:28 GMT"
        ],
        "Expires": [
          "-1"
        ],
        "Content-Length": [
          "0"
        ]
      },
      "ResponseBody": "",
      "StatusCode": 202
    },
    {
      "RequestUri": "/subscriptions/e37510d7-33b6-4676-886f-ee75bcc01871/operationresults/eyJqb2JJZCI6IlJFU09VUkNFR1JPVVBERUxFVElPTkpPQi1DUlBURVNUQVI5MTU1LUNFTlRSQUxVU0VVQVAiLCJqb2JMb2NhdGlvbiI6ImNlbnRyYWx1c2V1YXAifQ?api-version=2017-05-10",
      "EncodedRequestUri": "L3N1YnNjcmlwdGlvbnMvZTM3NTEwZDctMzNiNi00Njc2LTg4NmYtZWU3NWJjYzAxODcxL29wZXJhdGlvbnJlc3VsdHMvZXlKcWIySkpaQ0k2SWxKRlUwOVZVa05GUjFKUFZWQkVSVXhGVkVsUFRrcFBRaTFEVWxCVVJWTlVRVkk1TVRVMUxVTkZUbFJTUVV4VlUwVlZRVkFpTENKcWIySk1iMk5oZEdsdmJpSTZJbU5sYm5SeVlXeDFjMlYxWVhBaWZRP2FwaS12ZXJzaW9uPTIwMTctMDUtMTA=",
      "RequestMethod": "GET",
      "RequestBody": "",
      "RequestHeaders": {
        "User-Agent": [
          "FxVersion/4.700.22.36202",
          "OSName/Windows",
          "OSVersion/Microsoft.Windows.10.0.22000",
          "Microsoft.Azure.Management.ResourceManager.ResourceManagementClient/1.6.0.0"
        ]
      },
      "ResponseHeaders": {
        "Cache-Control": [
          "no-cache"
        ],
        "Pragma": [
          "no-cache"
        ],
        "Location": [
          "https://management.azure.com/subscriptions/e37510d7-33b6-4676-886f-ee75bcc01871/operationresults/eyJqb2JJZCI6IlJFU09VUkNFR1JPVVBERUxFVElPTkpPQi1DUlBURVNUQVI5MTU1LUNFTlRSQUxVU0VVQVAiLCJqb2JMb2NhdGlvbiI6ImNlbnRyYWx1c2V1YXAifQ?api-version=2017-05-10"
        ],
        "Retry-After": [
          "15"
        ],
        "x-ms-ratelimit-remaining-subscription-reads": [
          "11995"
        ],
        "x-ms-request-id": [
          "42d975a5-cf15-46c2-bf20-20779f5dc8b8"
        ],
        "x-ms-correlation-request-id": [
          "42d975a5-cf15-46c2-bf20-20779f5dc8b8"
        ],
        "x-ms-routing-request-id": [
          "CENTRALUS:20220819T173543Z:42d975a5-cf15-46c2-bf20-20779f5dc8b8"
        ],
        "Strict-Transport-Security": [
          "max-age=31536000; includeSubDomains"
        ],
        "X-Content-Type-Options": [
          "nosniff"
        ],
        "Date": [
          "Fri, 19 Aug 2022 17:35:43 GMT"
        ],
        "Expires": [
          "-1"
        ],
        "Content-Length": [
          "0"
        ]
      },
      "ResponseBody": "",
      "StatusCode": 202
    },
    {
      "RequestUri": "/subscriptions/e37510d7-33b6-4676-886f-ee75bcc01871/operationresults/eyJqb2JJZCI6IlJFU09VUkNFR1JPVVBERUxFVElPTkpPQi1DUlBURVNUQVI5MTU1LUNFTlRSQUxVU0VVQVAiLCJqb2JMb2NhdGlvbiI6ImNlbnRyYWx1c2V1YXAifQ?api-version=2017-05-10",
      "EncodedRequestUri": "L3N1YnNjcmlwdGlvbnMvZTM3NTEwZDctMzNiNi00Njc2LTg4NmYtZWU3NWJjYzAxODcxL29wZXJhdGlvbnJlc3VsdHMvZXlKcWIySkpaQ0k2SWxKRlUwOVZVa05GUjFKUFZWQkVSVXhGVkVsUFRrcFBRaTFEVWxCVVJWTlVRVkk1TVRVMUxVTkZUbFJTUVV4VlUwVlZRVkFpTENKcWIySk1iMk5oZEdsdmJpSTZJbU5sYm5SeVlXeDFjMlYxWVhBaWZRP2FwaS12ZXJzaW9uPTIwMTctMDUtMTA=",
      "RequestMethod": "GET",
      "RequestBody": "",
      "RequestHeaders": {
        "User-Agent": [
          "FxVersion/4.700.22.36202",
          "OSName/Windows",
          "OSVersion/Microsoft.Windows.10.0.22000",
          "Microsoft.Azure.Management.ResourceManager.ResourceManagementClient/1.6.0.0"
        ]
      },
      "ResponseHeaders": {
        "Cache-Control": [
          "no-cache"
        ],
        "Pragma": [
          "no-cache"
        ],
        "Location": [
          "https://management.azure.com/subscriptions/e37510d7-33b6-4676-886f-ee75bcc01871/operationresults/eyJqb2JJZCI6IlJFU09VUkNFR1JPVVBERUxFVElPTkpPQi1DUlBURVNUQVI5MTU1LUNFTlRSQUxVU0VVQVAiLCJqb2JMb2NhdGlvbiI6ImNlbnRyYWx1c2V1YXAifQ?api-version=2017-05-10"
        ],
        "Retry-After": [
          "15"
        ],
        "x-ms-ratelimit-remaining-subscription-reads": [
          "11994"
        ],
        "x-ms-request-id": [
          "6960a2b8-039e-4344-87a3-878b5828b134"
        ],
        "x-ms-correlation-request-id": [
          "6960a2b8-039e-4344-87a3-878b5828b134"
        ],
        "x-ms-routing-request-id": [
          "CENTRALUS:20220819T173558Z:6960a2b8-039e-4344-87a3-878b5828b134"
        ],
        "Strict-Transport-Security": [
          "max-age=31536000; includeSubDomains"
        ],
        "X-Content-Type-Options": [
          "nosniff"
        ],
        "Date": [
          "Fri, 19 Aug 2022 17:35:58 GMT"
        ],
        "Expires": [
          "-1"
        ],
        "Content-Length": [
          "0"
        ]
      },
      "ResponseBody": "",
      "StatusCode": 202
    },
    {
      "RequestUri": "/subscriptions/e37510d7-33b6-4676-886f-ee75bcc01871/operationresults/eyJqb2JJZCI6IlJFU09VUkNFR1JPVVBERUxFVElPTkpPQi1DUlBURVNUQVI5MTU1LUNFTlRSQUxVU0VVQVAiLCJqb2JMb2NhdGlvbiI6ImNlbnRyYWx1c2V1YXAifQ?api-version=2017-05-10",
      "EncodedRequestUri": "L3N1YnNjcmlwdGlvbnMvZTM3NTEwZDctMzNiNi00Njc2LTg4NmYtZWU3NWJjYzAxODcxL29wZXJhdGlvbnJlc3VsdHMvZXlKcWIySkpaQ0k2SWxKRlUwOVZVa05GUjFKUFZWQkVSVXhGVkVsUFRrcFBRaTFEVWxCVVJWTlVRVkk1TVRVMUxVTkZUbFJTUVV4VlUwVlZRVkFpTENKcWIySk1iMk5oZEdsdmJpSTZJbU5sYm5SeVlXeDFjMlYxWVhBaWZRP2FwaS12ZXJzaW9uPTIwMTctMDUtMTA=",
      "RequestMethod": "GET",
      "RequestBody": "",
      "RequestHeaders": {
        "User-Agent": [
          "FxVersion/4.700.22.36202",
          "OSName/Windows",
          "OSVersion/Microsoft.Windows.10.0.22000",
          "Microsoft.Azure.Management.ResourceManager.ResourceManagementClient/1.6.0.0"
        ]
      },
      "ResponseHeaders": {
        "Cache-Control": [
          "no-cache"
        ],
        "Pragma": [
          "no-cache"
        ],
        "Location": [
          "https://management.azure.com/subscriptions/e37510d7-33b6-4676-886f-ee75bcc01871/operationresults/eyJqb2JJZCI6IlJFU09VUkNFR1JPVVBERUxFVElPTkpPQi1DUlBURVNUQVI5MTU1LUNFTlRSQUxVU0VVQVAiLCJqb2JMb2NhdGlvbiI6ImNlbnRyYWx1c2V1YXAifQ?api-version=2017-05-10"
        ],
        "Retry-After": [
          "15"
        ],
        "x-ms-ratelimit-remaining-subscription-reads": [
          "11993"
        ],
        "x-ms-request-id": [
          "ffdf7d33-1293-46aa-8b4d-3befcc82e881"
        ],
        "x-ms-correlation-request-id": [
          "ffdf7d33-1293-46aa-8b4d-3befcc82e881"
        ],
        "x-ms-routing-request-id": [
          "CENTRALUS:20220819T173613Z:ffdf7d33-1293-46aa-8b4d-3befcc82e881"
        ],
        "Strict-Transport-Security": [
          "max-age=31536000; includeSubDomains"
        ],
        "X-Content-Type-Options": [
          "nosniff"
        ],
        "Date": [
          "Fri, 19 Aug 2022 17:36:13 GMT"
        ],
        "Expires": [
          "-1"
        ],
        "Content-Length": [
          "0"
        ]
      },
      "ResponseBody": "",
      "StatusCode": 202
    },
    {
      "RequestUri": "/subscriptions/e37510d7-33b6-4676-886f-ee75bcc01871/operationresults/eyJqb2JJZCI6IlJFU09VUkNFR1JPVVBERUxFVElPTkpPQi1DUlBURVNUQVI5MTU1LUNFTlRSQUxVU0VVQVAiLCJqb2JMb2NhdGlvbiI6ImNlbnRyYWx1c2V1YXAifQ?api-version=2017-05-10",
      "EncodedRequestUri": "L3N1YnNjcmlwdGlvbnMvZTM3NTEwZDctMzNiNi00Njc2LTg4NmYtZWU3NWJjYzAxODcxL29wZXJhdGlvbnJlc3VsdHMvZXlKcWIySkpaQ0k2SWxKRlUwOVZVa05GUjFKUFZWQkVSVXhGVkVsUFRrcFBRaTFEVWxCVVJWTlVRVkk1TVRVMUxVTkZUbFJTUVV4VlUwVlZRVkFpTENKcWIySk1iMk5oZEdsdmJpSTZJbU5sYm5SeVlXeDFjMlYxWVhBaWZRP2FwaS12ZXJzaW9uPTIwMTctMDUtMTA=",
      "RequestMethod": "GET",
      "RequestBody": "",
      "RequestHeaders": {
        "User-Agent": [
          "FxVersion/4.700.22.36202",
          "OSName/Windows",
          "OSVersion/Microsoft.Windows.10.0.22000",
          "Microsoft.Azure.Management.ResourceManager.ResourceManagementClient/1.6.0.0"
        ]
      },
      "ResponseHeaders": {
        "Cache-Control": [
          "no-cache"
        ],
        "Pragma": [
          "no-cache"
        ],
        "Location": [
          "https://management.azure.com/subscriptions/e37510d7-33b6-4676-886f-ee75bcc01871/operationresults/eyJqb2JJZCI6IlJFU09VUkNFR1JPVVBERUxFVElPTkpPQi1DUlBURVNUQVI5MTU1LUNFTlRSQUxVU0VVQVAiLCJqb2JMb2NhdGlvbiI6ImNlbnRyYWx1c2V1YXAifQ?api-version=2017-05-10"
        ],
        "Retry-After": [
          "15"
        ],
        "x-ms-ratelimit-remaining-subscription-reads": [
          "11992"
        ],
        "x-ms-request-id": [
          "9dc4a367-7be4-4bd2-89c9-40f0999e9b80"
        ],
        "x-ms-correlation-request-id": [
          "9dc4a367-7be4-4bd2-89c9-40f0999e9b80"
        ],
        "x-ms-routing-request-id": [
          "CENTRALUS:20220819T173628Z:9dc4a367-7be4-4bd2-89c9-40f0999e9b80"
        ],
        "Strict-Transport-Security": [
          "max-age=31536000; includeSubDomains"
        ],
        "X-Content-Type-Options": [
          "nosniff"
        ],
        "Date": [
          "Fri, 19 Aug 2022 17:36:28 GMT"
        ],
        "Expires": [
          "-1"
        ],
        "Content-Length": [
          "0"
        ]
      },
      "ResponseBody": "",
      "StatusCode": 202
    },
    {
      "RequestUri": "/subscriptions/e37510d7-33b6-4676-886f-ee75bcc01871/operationresults/eyJqb2JJZCI6IlJFU09VUkNFR1JPVVBERUxFVElPTkpPQi1DUlBURVNUQVI5MTU1LUNFTlRSQUxVU0VVQVAiLCJqb2JMb2NhdGlvbiI6ImNlbnRyYWx1c2V1YXAifQ?api-version=2017-05-10",
      "EncodedRequestUri": "L3N1YnNjcmlwdGlvbnMvZTM3NTEwZDctMzNiNi00Njc2LTg4NmYtZWU3NWJjYzAxODcxL29wZXJhdGlvbnJlc3VsdHMvZXlKcWIySkpaQ0k2SWxKRlUwOVZVa05GUjFKUFZWQkVSVXhGVkVsUFRrcFBRaTFEVWxCVVJWTlVRVkk1TVRVMUxVTkZUbFJTUVV4VlUwVlZRVkFpTENKcWIySk1iMk5oZEdsdmJpSTZJbU5sYm5SeVlXeDFjMlYxWVhBaWZRP2FwaS12ZXJzaW9uPTIwMTctMDUtMTA=",
      "RequestMethod": "GET",
      "RequestBody": "",
      "RequestHeaders": {
        "User-Agent": [
          "FxVersion/4.700.22.36202",
          "OSName/Windows",
          "OSVersion/Microsoft.Windows.10.0.22000",
          "Microsoft.Azure.Management.ResourceManager.ResourceManagementClient/1.6.0.0"
        ]
      },
      "ResponseHeaders": {
        "Cache-Control": [
          "no-cache"
        ],
        "Pragma": [
          "no-cache"
        ],
        "Location": [
          "https://management.azure.com/subscriptions/e37510d7-33b6-4676-886f-ee75bcc01871/operationresults/eyJqb2JJZCI6IlJFU09VUkNFR1JPVVBERUxFVElPTkpPQi1DUlBURVNUQVI5MTU1LUNFTlRSQUxVU0VVQVAiLCJqb2JMb2NhdGlvbiI6ImNlbnRyYWx1c2V1YXAifQ?api-version=2017-05-10"
        ],
        "Retry-After": [
          "15"
        ],
        "x-ms-ratelimit-remaining-subscription-reads": [
          "11991"
        ],
        "x-ms-request-id": [
          "27abad63-2c41-4dde-9e40-5fe4fad6638e"
        ],
        "x-ms-correlation-request-id": [
          "27abad63-2c41-4dde-9e40-5fe4fad6638e"
        ],
        "x-ms-routing-request-id": [
          "CENTRALUS:20220819T173644Z:27abad63-2c41-4dde-9e40-5fe4fad6638e"
        ],
        "Strict-Transport-Security": [
          "max-age=31536000; includeSubDomains"
        ],
        "X-Content-Type-Options": [
          "nosniff"
        ],
        "Date": [
          "Fri, 19 Aug 2022 17:36:43 GMT"
        ],
        "Expires": [
          "-1"
        ],
        "Content-Length": [
          "0"
        ]
      },
      "ResponseBody": "",
      "StatusCode": 202
    },
    {
      "RequestUri": "/subscriptions/e37510d7-33b6-4676-886f-ee75bcc01871/operationresults/eyJqb2JJZCI6IlJFU09VUkNFR1JPVVBERUxFVElPTkpPQi1DUlBURVNUQVI5MTU1LUNFTlRSQUxVU0VVQVAiLCJqb2JMb2NhdGlvbiI6ImNlbnRyYWx1c2V1YXAifQ?api-version=2017-05-10",
      "EncodedRequestUri": "L3N1YnNjcmlwdGlvbnMvZTM3NTEwZDctMzNiNi00Njc2LTg4NmYtZWU3NWJjYzAxODcxL29wZXJhdGlvbnJlc3VsdHMvZXlKcWIySkpaQ0k2SWxKRlUwOVZVa05GUjFKUFZWQkVSVXhGVkVsUFRrcFBRaTFEVWxCVVJWTlVRVkk1TVRVMUxVTkZUbFJTUVV4VlUwVlZRVkFpTENKcWIySk1iMk5oZEdsdmJpSTZJbU5sYm5SeVlXeDFjMlYxWVhBaWZRP2FwaS12ZXJzaW9uPTIwMTctMDUtMTA=",
      "RequestMethod": "GET",
      "RequestBody": "",
      "RequestHeaders": {
        "User-Agent": [
          "FxVersion/4.700.22.36202",
          "OSName/Windows",
          "OSVersion/Microsoft.Windows.10.0.22000",
          "Microsoft.Azure.Management.ResourceManager.ResourceManagementClient/1.6.0.0"
        ]
      },
      "ResponseHeaders": {
        "Cache-Control": [
          "no-cache"
        ],
        "Pragma": [
          "no-cache"
        ],
        "Location": [
          "https://management.azure.com/subscriptions/e37510d7-33b6-4676-886f-ee75bcc01871/operationresults/eyJqb2JJZCI6IlJFU09VUkNFR1JPVVBERUxFVElPTkpPQi1DUlBURVNUQVI5MTU1LUNFTlRSQUxVU0VVQVAiLCJqb2JMb2NhdGlvbiI6ImNlbnRyYWx1c2V1YXAifQ?api-version=2017-05-10"
        ],
        "Retry-After": [
          "15"
        ],
        "x-ms-ratelimit-remaining-subscription-reads": [
          "11990"
        ],
        "x-ms-request-id": [
          "bf228918-4e74-478d-973d-4deb4960a583"
        ],
        "x-ms-correlation-request-id": [
          "bf228918-4e74-478d-973d-4deb4960a583"
        ],
        "x-ms-routing-request-id": [
          "CENTRALUS:20220819T173659Z:bf228918-4e74-478d-973d-4deb4960a583"
        ],
        "Strict-Transport-Security": [
          "max-age=31536000; includeSubDomains"
        ],
        "X-Content-Type-Options": [
          "nosniff"
        ],
        "Date": [
          "Fri, 19 Aug 2022 17:36:58 GMT"
        ],
        "Expires": [
          "-1"
        ],
        "Content-Length": [
          "0"
        ]
      },
      "ResponseBody": "",
      "StatusCode": 202
    },
    {
      "RequestUri": "/subscriptions/e37510d7-33b6-4676-886f-ee75bcc01871/operationresults/eyJqb2JJZCI6IlJFU09VUkNFR1JPVVBERUxFVElPTkpPQi1DUlBURVNUQVI5MTU1LUNFTlRSQUxVU0VVQVAiLCJqb2JMb2NhdGlvbiI6ImNlbnRyYWx1c2V1YXAifQ?api-version=2017-05-10",
      "EncodedRequestUri": "L3N1YnNjcmlwdGlvbnMvZTM3NTEwZDctMzNiNi00Njc2LTg4NmYtZWU3NWJjYzAxODcxL29wZXJhdGlvbnJlc3VsdHMvZXlKcWIySkpaQ0k2SWxKRlUwOVZVa05GUjFKUFZWQkVSVXhGVkVsUFRrcFBRaTFEVWxCVVJWTlVRVkk1TVRVMUxVTkZUbFJTUVV4VlUwVlZRVkFpTENKcWIySk1iMk5oZEdsdmJpSTZJbU5sYm5SeVlXeDFjMlYxWVhBaWZRP2FwaS12ZXJzaW9uPTIwMTctMDUtMTA=",
      "RequestMethod": "GET",
      "RequestBody": "",
      "RequestHeaders": {
        "User-Agent": [
          "FxVersion/4.700.22.36202",
          "OSName/Windows",
          "OSVersion/Microsoft.Windows.10.0.22000",
          "Microsoft.Azure.Management.ResourceManager.ResourceManagementClient/1.6.0.0"
        ]
      },
      "ResponseHeaders": {
        "Cache-Control": [
          "no-cache"
        ],
        "Pragma": [
          "no-cache"
        ],
        "Location": [
          "https://management.azure.com/subscriptions/e37510d7-33b6-4676-886f-ee75bcc01871/operationresults/eyJqb2JJZCI6IlJFU09VUkNFR1JPVVBERUxFVElPTkpPQi1DUlBURVNUQVI5MTU1LUNFTlRSQUxVU0VVQVAiLCJqb2JMb2NhdGlvbiI6ImNlbnRyYWx1c2V1YXAifQ?api-version=2017-05-10"
        ],
        "Retry-After": [
          "15"
        ],
        "x-ms-ratelimit-remaining-subscription-reads": [
          "11989"
        ],
        "x-ms-request-id": [
          "cbe71979-2ff1-45d3-ae6f-639c5c690528"
        ],
        "x-ms-correlation-request-id": [
          "cbe71979-2ff1-45d3-ae6f-639c5c690528"
        ],
        "x-ms-routing-request-id": [
          "CENTRALUS:20220819T173714Z:cbe71979-2ff1-45d3-ae6f-639c5c690528"
        ],
        "Strict-Transport-Security": [
          "max-age=31536000; includeSubDomains"
        ],
        "X-Content-Type-Options": [
          "nosniff"
        ],
        "Date": [
          "Fri, 19 Aug 2022 17:37:13 GMT"
        ],
        "Expires": [
          "-1"
        ],
        "Content-Length": [
          "0"
        ]
      },
      "ResponseBody": "",
      "StatusCode": 202
    },
    {
      "RequestUri": "/subscriptions/e37510d7-33b6-4676-886f-ee75bcc01871/operationresults/eyJqb2JJZCI6IlJFU09VUkNFR1JPVVBERUxFVElPTkpPQi1DUlBURVNUQVI5MTU1LUNFTlRSQUxVU0VVQVAiLCJqb2JMb2NhdGlvbiI6ImNlbnRyYWx1c2V1YXAifQ?api-version=2017-05-10",
      "EncodedRequestUri": "L3N1YnNjcmlwdGlvbnMvZTM3NTEwZDctMzNiNi00Njc2LTg4NmYtZWU3NWJjYzAxODcxL29wZXJhdGlvbnJlc3VsdHMvZXlKcWIySkpaQ0k2SWxKRlUwOVZVa05GUjFKUFZWQkVSVXhGVkVsUFRrcFBRaTFEVWxCVVJWTlVRVkk1TVRVMUxVTkZUbFJTUVV4VlUwVlZRVkFpTENKcWIySk1iMk5oZEdsdmJpSTZJbU5sYm5SeVlXeDFjMlYxWVhBaWZRP2FwaS12ZXJzaW9uPTIwMTctMDUtMTA=",
      "RequestMethod": "GET",
      "RequestBody": "",
      "RequestHeaders": {
        "User-Agent": [
          "FxVersion/4.700.22.36202",
          "OSName/Windows",
          "OSVersion/Microsoft.Windows.10.0.22000",
          "Microsoft.Azure.Management.ResourceManager.ResourceManagementClient/1.6.0.0"
        ]
      },
      "ResponseHeaders": {
        "Cache-Control": [
          "no-cache"
        ],
        "Pragma": [
          "no-cache"
        ],
        "Location": [
          "https://management.azure.com/subscriptions/e37510d7-33b6-4676-886f-ee75bcc01871/operationresults/eyJqb2JJZCI6IlJFU09VUkNFR1JPVVBERUxFVElPTkpPQi1DUlBURVNUQVI5MTU1LUNFTlRSQUxVU0VVQVAiLCJqb2JMb2NhdGlvbiI6ImNlbnRyYWx1c2V1YXAifQ?api-version=2017-05-10"
        ],
        "Retry-After": [
          "15"
        ],
        "x-ms-ratelimit-remaining-subscription-reads": [
          "11988"
        ],
        "x-ms-request-id": [
          "70d79085-c0a9-4f19-845b-25e15e849e39"
        ],
        "x-ms-correlation-request-id": [
          "70d79085-c0a9-4f19-845b-25e15e849e39"
        ],
        "x-ms-routing-request-id": [
          "CENTRALUS:20220819T173729Z:70d79085-c0a9-4f19-845b-25e15e849e39"
        ],
        "Strict-Transport-Security": [
          "max-age=31536000; includeSubDomains"
        ],
        "X-Content-Type-Options": [
          "nosniff"
        ],
        "Date": [
          "Fri, 19 Aug 2022 17:37:28 GMT"
        ],
        "Expires": [
          "-1"
        ],
        "Content-Length": [
          "0"
        ]
      },
      "ResponseBody": "",
      "StatusCode": 202
    },
    {
      "RequestUri": "/subscriptions/e37510d7-33b6-4676-886f-ee75bcc01871/operationresults/eyJqb2JJZCI6IlJFU09VUkNFR1JPVVBERUxFVElPTkpPQi1DUlBURVNUQVI5MTU1LUNFTlRSQUxVU0VVQVAiLCJqb2JMb2NhdGlvbiI6ImNlbnRyYWx1c2V1YXAifQ?api-version=2017-05-10",
      "EncodedRequestUri": "L3N1YnNjcmlwdGlvbnMvZTM3NTEwZDctMzNiNi00Njc2LTg4NmYtZWU3NWJjYzAxODcxL29wZXJhdGlvbnJlc3VsdHMvZXlKcWIySkpaQ0k2SWxKRlUwOVZVa05GUjFKUFZWQkVSVXhGVkVsUFRrcFBRaTFEVWxCVVJWTlVRVkk1TVRVMUxVTkZUbFJTUVV4VlUwVlZRVkFpTENKcWIySk1iMk5oZEdsdmJpSTZJbU5sYm5SeVlXeDFjMlYxWVhBaWZRP2FwaS12ZXJzaW9uPTIwMTctMDUtMTA=",
      "RequestMethod": "GET",
      "RequestBody": "",
      "RequestHeaders": {
        "User-Agent": [
          "FxVersion/4.700.22.36202",
          "OSName/Windows",
          "OSVersion/Microsoft.Windows.10.0.22000",
          "Microsoft.Azure.Management.ResourceManager.ResourceManagementClient/1.6.0.0"
        ]
      },
      "ResponseHeaders": {
        "Cache-Control": [
          "no-cache"
        ],
        "Pragma": [
          "no-cache"
        ],
        "x-ms-ratelimit-remaining-subscription-reads": [
          "11987"
        ],
        "x-ms-request-id": [
          "0a22a441-e9dc-4732-b82b-6837238c1ce1"
        ],
        "x-ms-correlation-request-id": [
          "0a22a441-e9dc-4732-b82b-6837238c1ce1"
        ],
        "x-ms-routing-request-id": [
          "CENTRALUS:20220819T173744Z:0a22a441-e9dc-4732-b82b-6837238c1ce1"
        ],
        "Strict-Transport-Security": [
          "max-age=31536000; includeSubDomains"
        ],
        "X-Content-Type-Options": [
          "nosniff"
        ],
        "Date": [
          "Fri, 19 Aug 2022 17:37:43 GMT"
        ],
        "Expires": [
          "-1"
        ],
        "Content-Length": [
          "0"
        ]
      },
      "ResponseBody": "",
      "StatusCode": 200
    },
    {
      "RequestUri": "/subscriptions/e37510d7-33b6-4676-886f-ee75bcc01871/operationresults/eyJqb2JJZCI6IlJFU09VUkNFR1JPVVBERUxFVElPTkpPQi1DUlBURVNUQVI5MTU1LUNFTlRSQUxVU0VVQVAiLCJqb2JMb2NhdGlvbiI6ImNlbnRyYWx1c2V1YXAifQ?api-version=2017-05-10",
      "EncodedRequestUri": "L3N1YnNjcmlwdGlvbnMvZTM3NTEwZDctMzNiNi00Njc2LTg4NmYtZWU3NWJjYzAxODcxL29wZXJhdGlvbnJlc3VsdHMvZXlKcWIySkpaQ0k2SWxKRlUwOVZVa05GUjFKUFZWQkVSVXhGVkVsUFRrcFBRaTFEVWxCVVJWTlVRVkk1TVRVMUxVTkZUbFJTUVV4VlUwVlZRVkFpTENKcWIySk1iMk5oZEdsdmJpSTZJbU5sYm5SeVlXeDFjMlYxWVhBaWZRP2FwaS12ZXJzaW9uPTIwMTctMDUtMTA=",
      "RequestMethod": "GET",
      "RequestBody": "",
      "RequestHeaders": {
        "User-Agent": [
          "FxVersion/4.700.22.36202",
          "OSName/Windows",
          "OSVersion/Microsoft.Windows.10.0.22000",
          "Microsoft.Azure.Management.ResourceManager.ResourceManagementClient/1.6.0.0"
        ]
      },
      "ResponseHeaders": {
        "Cache-Control": [
          "no-cache"
        ],
        "Pragma": [
          "no-cache"
        ],
        "x-ms-ratelimit-remaining-subscription-reads": [
          "11986"
        ],
        "x-ms-request-id": [
          "8fe68f8f-d61f-4691-9f2c-aa5fc9321358"
        ],
        "x-ms-correlation-request-id": [
          "8fe68f8f-d61f-4691-9f2c-aa5fc9321358"
        ],
        "x-ms-routing-request-id": [
          "CENTRALUS:20220819T173744Z:8fe68f8f-d61f-4691-9f2c-aa5fc9321358"
        ],
        "Strict-Transport-Security": [
          "max-age=31536000; includeSubDomains"
        ],
        "X-Content-Type-Options": [
          "nosniff"
        ],
        "Date": [
          "Fri, 19 Aug 2022 17:37:43 GMT"
        ],
        "Expires": [
          "-1"
        ],
        "Content-Length": [
          "0"
        ]
      },
      "ResponseBody": "",
      "StatusCode": 200
    }
  ],
  "Names": {
    "CreateRpcAndRestorePoints": [
      "crptestar9155",
      "crptestar2604",
      "crptestar6972",
      "rpClientTest6396",
      "rpc1ClientTest1227",
      "rpc2ClientTest6559",
      "rpcRemoteClientTest8390",
      "rpRemoteClientTest5650"
    ],
    "CreatePublicIP": [
      "pip1196",
      "dn7501"
    ],
    "CreateVNET": [
      "vn329",
      "sn7444"
    ],
    "CreateNIC": [
      "nic4300",
      "ip1480"
    ],
    "CreateDefaultVMInput": [
      "crptestar2653",
      "crptestar9816",
      "crptestar686",
      "vm5871",
      "Microsoft.Compute/virtualMachines6953"
    ]
  },
  "Variables": {
    "SubscriptionId": "e37510d7-33b6-4676-886f-ee75bcc01871"
  }
}