{
  "Entries": [
    {
      "RequestUri": "/luis/api/v2.0/apps/3327b33c-35df-40d0-a661-c9ade29da239/versions/0.1/prebuilts",
      "EncodedRequestUri": "L2x1aXMvYXBpL3YyLjAvYXBwcy8zMzI3YjMzYy0zNWRmLTQwZDAtYTY2MS1jOWFkZTI5ZGEyMzkvdmVyc2lvbnMvMC4xL3ByZWJ1aWx0cw==",
      "RequestMethod": "POST",
      "RequestBody": "[\r\n  \"datetimeV2\",\r\n  \"number\"\r\n]",
      "RequestHeaders": {
        "Ocp-Apim-Subscription-Key": [
          "62b834e0069943d9b035f32abd230359"
        ],
        "User-Agent": [
          "FxVersion/4.6.27617.04",
          "OSName/Windows",
          "OSVersion/Microsoft.Windows.10.0.18362.",
          "Microsoft.Azure.CognitiveServices.Language.LUIS.Authoring.LUISAuthoringClient/3.1.0.0"
        ],
        "Content-Type": [
          "application/json; charset=utf-8"
        ],
        "Content-Length": [
          "33"
        ]
      },
      "ResponseHeaders": {
        "Cache-Control": [
          "no-store, proxy-revalidate, no-cache, max-age=0, private"
        ],
        "Pragma": [
          "no-cache"
        ],
        "Apim-Request-Id": [
          "9657b418-27ad-4059-a70d-c113b1769d65"
        ],
        "Request-Id": [
          "9657b418-27ad-4059-a70d-c113b1769d65"
        ],
        "Strict-Transport-Security": [
          "max-age=31536000; includeSubDomains; preload"
        ],
        "Request-Context": [
          "appId=cid-v1:26a3540d-a02a-4998-a060-715488fd769b"
        ],
        "X-Content-Type-Options": [
          "nosniff"
        ],
        "X-Frame-Options": [
          "SAMEORIGIN"
        ],
        "Date": [
          "Sun, 25 Aug 2019 19:17:30 GMT"
        ],
        "Content-Length": [
          "259"
        ],
        "Content-Type": [
          "application/json; charset=utf-8"
        ]
      },
      "ResponseBody": "[\r\n  {\r\n    \"id\": \"35d67e2e-4409-4052-8631-39ff637d5905\",\r\n    \"name\": \"datetimeV2\",\r\n    \"typeId\": 2,\r\n    \"readableType\": \"Prebuilt Entity Extractor\",\r\n    \"roles\": []\r\n  },\r\n  {\r\n    \"id\": \"7e737079-4fc9-4986-80f1-cd6541880926\",\r\n    \"name\": \"number\",\r\n    \"typeId\": 2,\r\n    \"readableType\": \"Prebuilt Entity Extractor\",\r\n    \"roles\": []\r\n  }\r\n]",
      "StatusCode": 201
    },
    {
      "RequestUri": "/luis/api/v2.0/apps/3327b33c-35df-40d0-a661-c9ade29da239/versions/0.1/patternrules",
      "EncodedRequestUri": "L2x1aXMvYXBpL3YyLjAvYXBwcy8zMzI3YjMzYy0zNWRmLTQwZDAtYTY2MS1jOWFkZTI5ZGEyMzkvdmVyc2lvbnMvMC4xL3BhdHRlcm5ydWxlcw==",
      "RequestMethod": "POST",
      "RequestBody": "[\r\n  {\r\n    \"pattern\": \"This is a {number}\",\r\n    \"intent\": \"None\"\r\n  }\r\n]",
      "RequestHeaders": {
        "Ocp-Apim-Subscription-Key": [
          "62b834e0069943d9b035f32abd230359"
        ],
        "User-Agent": [
          "FxVersion/4.6.27617.04",
          "OSName/Windows",
          "OSVersion/Microsoft.Windows.10.0.18362.",
          "Microsoft.Azure.CognitiveServices.Language.LUIS.Authoring.LUISAuthoringClient/3.1.0.0"
        ],
        "Content-Type": [
          "application/json; charset=utf-8"
        ],
        "Content-Length": [
          "74"
        ]
      },
      "ResponseHeaders": {
        "Cache-Control": [
          "no-store, proxy-revalidate, no-cache, max-age=0, private"
        ],
        "Pragma": [
          "no-cache"
        ],
        "Apim-Request-Id": [
          "dd2392ef-0ca4-4205-b0ea-4a2c8eba76fe"
        ],
        "Request-Id": [
          "dd2392ef-0ca4-4205-b0ea-4a2c8eba76fe"
        ],
        "Strict-Transport-Security": [
          "max-age=31536000; includeSubDomains; preload"
        ],
        "Request-Context": [
          "appId=cid-v1:26a3540d-a02a-4998-a060-715488fd769b"
        ],
        "X-Content-Type-Options": [
          "nosniff"
        ],
        "X-Frame-Options": [
          "SAMEORIGIN"
        ],
        "Date": [
          "Sun, 25 Aug 2019 19:17:30 GMT"
        ],
        "Content-Length": [
          "94"
        ],
        "Content-Type": [
          "application/json; charset=utf-8"
        ]
      },
      "ResponseBody": "[\r\n  {\r\n    \"id\": \"1447da95-ff5f-4ebb-8c7c-0221f8de854f\",\r\n    \"pattern\": \"this is a {number}\",\r\n    \"intent\": \"None\"\r\n  }\r\n]",
      "StatusCode": 201
    },
    {
      "RequestUri": "/luis/api/v2.0/apps/3327b33c-35df-40d0-a661-c9ade29da239/versions/0.1/patternrules",
      "EncodedRequestUri": "L2x1aXMvYXBpL3YyLjAvYXBwcy8zMzI3YjMzYy0zNWRmLTQwZDAtYTY2MS1jOWFkZTI5ZGEyMzkvdmVyc2lvbnMvMC4xL3BhdHRlcm5ydWxlcw==",
      "RequestMethod": "PUT",
      "RequestBody": "[\r\n  {\r\n    \"id\": \"1447da95-ff5f-4ebb-8c7c-0221f8de854f\",\r\n    \"pattern\": \"This [is] a {datetimeV2}\",\r\n    \"intent\": \"None\"\r\n  }\r\n]",
      "RequestHeaders": {
        "Ocp-Apim-Subscription-Key": [
          "62b834e0069943d9b035f32abd230359"
        ],
        "User-Agent": [
          "FxVersion/4.6.27617.04",
          "OSName/Windows",
          "OSVersion/Microsoft.Windows.10.0.18362.",
          "Microsoft.Azure.CognitiveServices.Language.LUIS.Authoring.LUISAuthoringClient/3.1.0.0"
        ],
        "Content-Type": [
          "application/json; charset=utf-8"
        ],
        "Content-Length": [
          "131"
        ]
      },
      "ResponseHeaders": {
        "Cache-Control": [
          "no-store, proxy-revalidate, no-cache, max-age=0, private"
        ],
        "Pragma": [
          "no-cache"
        ],
        "Apim-Request-Id": [
          "28a2582f-6b85-4849-a1dc-679e18ab3198"
        ],
        "Request-Id": [
          "28a2582f-6b85-4849-a1dc-679e18ab3198"
        ],
        "Strict-Transport-Security": [
          "max-age=31536000; includeSubDomains; preload"
        ],
        "Request-Context": [
          "appId=cid-v1:26a3540d-a02a-4998-a060-715488fd769b"
        ],
        "X-Content-Type-Options": [
          "nosniff"
        ],
        "X-Frame-Options": [
          "SAMEORIGIN"
        ],
        "Date": [
          "Sun, 25 Aug 2019 19:17:30 GMT"
        ],
        "Content-Length": [
          "100"
        ],
        "Content-Type": [
          "application/json; charset=utf-8"
        ]
      },
      "ResponseBody": "[\r\n  {\r\n    \"id\": \"1447da95-ff5f-4ebb-8c7c-0221f8de854f\",\r\n    \"pattern\": \"this [is] a {datetimeV2}\",\r\n    \"intent\": \"None\"\r\n  }\r\n]",
      "StatusCode": 200
    },
    {
      "RequestUri": "/luis/api/v2.0/apps/3327b33c-35df-40d0-a661-c9ade29da239/versions/0.1/patternrules",
      "EncodedRequestUri": "L2x1aXMvYXBpL3YyLjAvYXBwcy8zMzI3YjMzYy0zNWRmLTQwZDAtYTY2MS1jOWFkZTI5ZGEyMzkvdmVyc2lvbnMvMC4xL3BhdHRlcm5ydWxlcw==",
      "RequestMethod": "DELETE",
      "RequestBody": "[\r\n  \"1447da95-ff5f-4ebb-8c7c-0221f8de854f\"\r\n]",
      "RequestHeaders": {
        "Ocp-Apim-Subscription-Key": [
          "62b834e0069943d9b035f32abd230359"
        ],
        "User-Agent": [
          "FxVersion/4.6.27617.04",
          "OSName/Windows",
          "OSVersion/Microsoft.Windows.10.0.18362.",
          "Microsoft.Azure.CognitiveServices.Language.LUIS.Authoring.LUISAuthoringClient/3.1.0.0"
        ],
        "Content-Type": [
          "application/json; charset=utf-8"
        ],
        "Content-Length": [
          "46"
        ]
      },
      "ResponseHeaders": {
        "Cache-Control": [
          "no-store, proxy-revalidate, no-cache, max-age=0, private"
        ],
        "Pragma": [
          "no-cache"
        ],
        "Apim-Request-Id": [
          "687f65d1-d08c-4c41-9f98-aaa28bf5f487"
        ],
        "Request-Id": [
          "687f65d1-d08c-4c41-9f98-aaa28bf5f487"
        ],
        "Strict-Transport-Security": [
          "max-age=31536000; includeSubDomains; preload"
        ],
        "Request-Context": [
          "appId=cid-v1:26a3540d-a02a-4998-a060-715488fd769b"
        ],
        "X-Content-Type-Options": [
          "nosniff"
        ],
        "X-Frame-Options": [
          "SAMEORIGIN"
        ],
        "Date": [
          "Sun, 25 Aug 2019 19:17:31 GMT"
        ],
        "Content-Length": [
          "51"
        ],
        "Content-Type": [
          "application/json; charset=utf-8"
        ]
      },
      "ResponseBody": "{\r\n  \"code\": \"Success\",\r\n  \"message\": \"Operation Successful\"\r\n}",
      "StatusCode": 200
    },
    {
      "RequestUri": "/luis/api/v2.0/apps/3327b33c-35df-40d0-a661-c9ade29da239/versions/0.1/prebuilts/35d67e2e-4409-4052-8631-39ff637d5905",
      "EncodedRequestUri": "L2x1aXMvYXBpL3YyLjAvYXBwcy8zMzI3YjMzYy0zNWRmLTQwZDAtYTY2MS1jOWFkZTI5ZGEyMzkvdmVyc2lvbnMvMC4xL3ByZWJ1aWx0cy8zNWQ2N2UyZS00NDA5LTQwNTItODYzMS0zOWZmNjM3ZDU5MDU=",
      "RequestMethod": "DELETE",
      "RequestBody": "",
      "RequestHeaders": {
        "Ocp-Apim-Subscription-Key": [
          "62b834e0069943d9b035f32abd230359"
        ],
        "User-Agent": [
          "FxVersion/4.6.27617.04",
          "OSName/Windows",
          "OSVersion/Microsoft.Windows.10.0.18362.",
          "Microsoft.Azure.CognitiveServices.Language.LUIS.Authoring.LUISAuthoringClient/3.1.0.0"
        ]
      },
      "ResponseHeaders": {
        "Cache-Control": [
          "no-store, proxy-revalidate, no-cache, max-age=0, private"
        ],
        "Pragma": [
          "no-cache"
        ],
        "Apim-Request-Id": [
          "ef5bf3b1-2092-43db-86c3-ff4de4ad2084"
        ],
        "Request-Id": [
          "ef5bf3b1-2092-43db-86c3-ff4de4ad2084"
        ],
        "Strict-Transport-Security": [
          "max-age=31536000; includeSubDomains; preload"
        ],
        "Request-Context": [
          "appId=cid-v1:26a3540d-a02a-4998-a060-715488fd769b"
        ],
        "X-Content-Type-Options": [
          "nosniff"
        ],
        "X-Frame-Options": [
          "SAMEORIGIN"
        ],
        "Date": [
          "Sun, 25 Aug 2019 19:17:31 GMT"
        ],
        "Content-Length": [
          "51"
        ],
        "Content-Type": [
          "application/json; charset=utf-8"
        ]
      },
      "ResponseBody": "{\r\n  \"code\": \"Success\",\r\n  \"message\": \"Operation Successful\"\r\n}",
      "StatusCode": 200
    },
    {
      "RequestUri": "/luis/api/v2.0/apps/3327b33c-35df-40d0-a661-c9ade29da239/versions/0.1/prebuilts/7e737079-4fc9-4986-80f1-cd6541880926",
      "EncodedRequestUri": "L2x1aXMvYXBpL3YyLjAvYXBwcy8zMzI3YjMzYy0zNWRmLTQwZDAtYTY2MS1jOWFkZTI5ZGEyMzkvdmVyc2lvbnMvMC4xL3ByZWJ1aWx0cy83ZTczNzA3OS00ZmM5LTQ5ODYtODBmMS1jZDY1NDE4ODA5MjY=",
      "RequestMethod": "DELETE",
      "RequestBody": "",
      "RequestHeaders": {
        "Ocp-Apim-Subscription-Key": [
          "62b834e0069943d9b035f32abd230359"
        ],
        "User-Agent": [
          "FxVersion/4.6.27617.04",
          "OSName/Windows",
          "OSVersion/Microsoft.Windows.10.0.18362.",
          "Microsoft.Azure.CognitiveServices.Language.LUIS.Authoring.LUISAuthoringClient/3.1.0.0"
        ]
      },
      "ResponseHeaders": {
        "Cache-Control": [
          "no-store, proxy-revalidate, no-cache, max-age=0, private"
        ],
        "Pragma": [
          "no-cache"
        ],
        "Apim-Request-Id": [
          "c085938f-8756-4cad-8a71-c61de74565fb"
        ],
        "Request-Id": [
          "c085938f-8756-4cad-8a71-c61de74565fb"
        ],
        "Strict-Transport-Security": [
          "max-age=31536000; includeSubDomains; preload"
        ],
        "Request-Context": [
          "appId=cid-v1:26a3540d-a02a-4998-a060-715488fd769b"
        ],
        "X-Content-Type-Options": [
          "nosniff"
        ],
        "X-Frame-Options": [
          "SAMEORIGIN"
        ],
        "Date": [
          "Sun, 25 Aug 2019 19:17:31 GMT"
        ],
        "Content-Length": [
          "51"
        ],
        "Content-Type": [
          "application/json; charset=utf-8"
        ]
      },
      "ResponseBody": "{\r\n  \"code\": \"Success\",\r\n  \"message\": \"Operation Successful\"\r\n}",
      "StatusCode": 200
    }
  ],
  "Names": {},
  "Variables": {}
}