{
  "Entries": [
    {
      "RequestUri": "https://fakeHost.api.wus2.digitaltwins.azure.net/models/dtmi%3Aexample%3ABuilding%3B11413?includeModelDefinition=true&api-version=2023-10-31",
      "RequestMethod": "GET",
      "RequestHeaders": {
        "Accept": "application/json",
        "Authorization": "Sanitized",
        "Connection": "keep-alive",
        "traceparent": "00-e487fb15fec2884ba65e3e2dbfcbef2a-26fa665c37de599d-00",
        "User-Agent": "azsdk-net-DigitalTwins.Core/1.6.0-alpha.20250501.1 (.NET Framework 4.8.9300.0; Microsoft Windows 10.0.26100 )",
        "x-ms-client-request-id": "Sanitized",
        "x-ms-return-client-request-id": "true"
      },
      "RequestBody": null,
      "StatusCode": 404,
      "ResponseHeaders": {
        "Content-Length": "212",
        "Content-Type": "application/json; charset=utf-8",
        "Date": "Fri, 02 May 2025 15:20:23 GMT",
        "mise-correlation-id": "498aa434-ec04-423b-91e8-59a6feb679d6",
        "Strict-Transport-Security": "max-age=2592000",
        "traceresponse": "00-e487fb15fec2884ba65e3e2dbfcbef2a-aee5d3282122febe-01",
        "x-ms-error-code": "ModelNotFound"
      },
      "ResponseBody": {
        "error": {
          "code": "ModelNotFound",
          "message": "There is no Model(s) available that matches the provided id(s) dtmi:example:Building;11413. Check that the Model ID provided is valid by doing a Model_List API call."
        }
      }
    },
    {
      "RequestUri": "https://fakeHost.api.wus2.digitaltwins.azure.net/models/dtmi%3Aexample%3AFloor%3B15499476?includeModelDefinition=true&api-version=2023-10-31",
      "RequestMethod": "GET",
      "RequestHeaders": {
        "Accept": "application/json",
        "Authorization": "Sanitized",
        "traceparent": "00-dac6c355077b8e877e48bed4a624fa87-c556e0cf59aad97b-00",
        "User-Agent": "azsdk-net-DigitalTwins.Core/1.6.0-alpha.20250501.1 (.NET Framework 4.8.9300.0; Microsoft Windows 10.0.26100 )",
        "x-ms-client-request-id": "Sanitized",
        "x-ms-return-client-request-id": "true"
      },
      "RequestBody": null,
      "StatusCode": 404,
      "ResponseHeaders": {
        "Content-Length": "212",
        "Content-Type": "application/json; charset=utf-8",
        "Date": "Fri, 02 May 2025 15:20:23 GMT",
        "mise-correlation-id": "5e4e2188-7688-4ec2-9257-3c06906f5df8",
        "Strict-Transport-Security": "max-age=2592000",
        "traceresponse": "00-dac6c355077b8e877e48bed4a624fa87-ab61441d1dfa0725-01",
        "x-ms-error-code": "ModelNotFound"
      },
      "ResponseBody": {
        "error": {
          "code": "ModelNotFound",
          "message": "There is no Model(s) available that matches the provided id(s) dtmi:example:Floor;15499476. Check that the Model ID provided is valid by doing a Model_List API call."
        }
      }
    },
    {
      "RequestUri": "https://fakeHost.api.wus2.digitaltwins.azure.net/models/dtmi%3Aexample%3AHvac%3B129715141?includeModelDefinition=true&api-version=2023-10-31",
      "RequestMethod": "GET",
      "RequestHeaders": {
        "Accept": "application/json",
        "Authorization": "Sanitized",
        "traceparent": "00-efd67624f9a44a49ab1d63b5ab80e08f-ef4068e3094614e0-00",
        "User-Agent": "azsdk-net-DigitalTwins.Core/1.6.0-alpha.20250501.1 (.NET Framework 4.8.9300.0; Microsoft Windows 10.0.26100 )",
        "x-ms-client-request-id": "Sanitized",
        "x-ms-return-client-request-id": "true"
      },
      "RequestBody": null,
      "StatusCode": 404,
      "ResponseHeaders": {
        "Content-Length": "212",
        "Content-Type": "application/json; charset=utf-8",
        "Date": "Fri, 02 May 2025 15:20:23 GMT",
        "mise-correlation-id": "b0014497-2e16-4685-8fa2-8699078dddf5",
        "Strict-Transport-Security": "max-age=2592000",
        "traceresponse": "00-efd67624f9a44a49ab1d63b5ab80e08f-2d97ac7b69ed46e5-01",
        "x-ms-error-code": "ModelNotFound"
      },
      "ResponseBody": {
        "error": {
          "code": "ModelNotFound",
          "message": "There is no Model(s) available that matches the provided id(s) dtmi:example:Hvac;129715141. Check that the Model ID provided is valid by doing a Model_List API call."
        }
      }
    },
    {
      "RequestUri": "https://fakeHost.api.wus2.digitaltwins.azure.net/models/dtmi%3Aexample%3AWard%3B119005719?includeModelDefinition=true&api-version=2023-10-31",
      "RequestMethod": "GET",
      "RequestHeaders": {
        "Accept": "application/json",
        "Authorization": "Sanitized",
        "traceparent": "00-2c6555144d2e01d877f6eddedeb1512e-dc89f1d245b3c2d6-00",
        "User-Agent": "azsdk-net-DigitalTwins.Core/1.6.0-alpha.20250501.1 (.NET Framework 4.8.9300.0; Microsoft Windows 10.0.26100 )",
        "x-ms-client-request-id": "Sanitized",
        "x-ms-return-client-request-id": "true"
      },
      "RequestBody": null,
      "StatusCode": 404,
      "ResponseHeaders": {
        "Content-Length": "212",
        "Content-Type": "application/json; charset=utf-8",
        "Date": "Fri, 02 May 2025 15:20:23 GMT",
        "mise-correlation-id": "286eecf6-dbdd-40b0-a6f6-fff4ef65f5f3",
        "Strict-Transport-Security": "max-age=2592000",
        "traceresponse": "00-2c6555144d2e01d877f6eddedeb1512e-a6cfca1b83dd63e5-01",
        "x-ms-error-code": "ModelNotFound"
      },
      "ResponseBody": {
        "error": {
          "code": "ModelNotFound",
          "message": "There is no Model(s) available that matches the provided id(s) dtmi:example:Ward;119005719. Check that the Model ID provided is valid by doing a Model_List API call."
        }
      }
    },
    {
      "RequestUri": "https://fakeHost.api.wus2.digitaltwins.azure.net/models?api-version=2023-10-31",
      "RequestMethod": "POST",
      "RequestHeaders": {
        "Accept": "application/json",
        "Authorization": "Sanitized",
        "Content-Length": "1883",
        "Content-Type": "application/json",
        "traceparent": "00-beb262371825644b0153cf7b722e3bf9-8eaa743ba7d9f06d-00",
        "User-Agent": "azsdk-net-DigitalTwins.Core/1.6.0-alpha.20250501.1 (.NET Framework 4.8.9300.0; Microsoft Windows 10.0.26100 )",
        "x-ms-client-request-id": "Sanitized",
        "x-ms-return-client-request-id": "true"
      },
      "RequestBody": "[{    \"@id\": \"dtmi:example:Building;11413\",    \"@type\": \"Interface\",    \"displayName\": \"Building\",    \"description\": \"A free-standing structure.\",    \"contents\": [        {            \"@type\": \"Relationship\",            \"name\": \"has\",            \"target\": \"dtmi:example:Floor;15499476\"        },        {            \"@type\": \"Relationship\",            \"name\": \"isEquippedWith\",            \"target\": \"dtmi:example:Hvac;129715141\"        },        {            \"@type\": \"Property\",            \"name\": \"AverageTemperature\",            \"schema\": \"double\"        }    ],    \"@context\": \"dtmi:dtdl:context;2\"},{    \"@id\": \"dtmi:example:Hvac;129715141\",    \"@type\": \"Interface\",    \"displayName\": \"HVAC\",    \"description\": \"A heating, ventilation, and air conditioning unit.\",    \"contents\": [        {            \"@type\": \"Property\",            \"name\": \"Efficiency\",            \"schema\": \"double\"        },        {            \"@type\": \"Property\",            \"name\": \"TargetTemperature\",            \"schema\": \"double\"        },        {            \"@type\": \"Property\",            \"name\": \"TargetHumidity\",            \"schema\": \"double\"        },        {            \"@type\": \"Relationship\",            \"name\": \"cools\",            \"target\": \"dtmi:example:Floor;15499476\"        }    ],    \"@context\": \"dtmi:dtdl:context;2\"},{    \"@id\": \"dtmi:example:Ward;119005719\",    \"@type\": \"Interface\",    \"displayName\": \"Ward\",    \"description\": \"A separate partition in a building, made of rooms and hallways.\",    \"contents\": [        {            \"@type\": \"Property\",            \"name\": \"VisitorCount\",            \"schema\": \"double\"        },        {            \"@type\": \"Property\",            \"name\": \"HandWashPercentage\",            \"schema\": \"double\"        },        {            \"@type\": \"Relationship\",            \"name\": \"managedRooms\"        }    ],    \"@context\": \"dtmi:dtdl:context;2\"}]",
      "StatusCode": 201,
      "ResponseHeaders": {
        "Content-Length": "627",
        "Content-Type": "application/json; charset=utf-8",
        "Date": "Fri, 02 May 2025 15:20:23 GMT",
        "mise-correlation-id": "1afb492a-a5c2-4f8c-92cb-5a7ea58e55a6",
        "Strict-Transport-Security": "max-age=2592000",
        "traceresponse": "00-beb262371825644b0153cf7b722e3bf9-212526ed28710917-01"
      },
      "ResponseBody": "[{\"id\":\"dtmi:example:Building;11413\",\"description\":{\"en\":\"A free-standing structure.\"},\"displayName\":{\"en\":\"Building\"},\"decommissioned\":false,\"uploadTime\":\"2025-05-02T15:20:24.6432577+00:00\"},{\"id\":\"dtmi:example:Hvac;129715141\",\"description\":{\"en\":\"A heating, ventilation, and air conditioning unit.\"},\"displayName\":{\"en\":\"HVAC\"},\"decommissioned\":false,\"uploadTime\":\"2025-05-02T15:20:24.6432844+00:00\"},{\"id\":\"dtmi:example:Ward;119005719\",\"description\":{\"en\":\"A separate partition in a building, made of rooms and hallways.\"},\"displayName\":{\"en\":\"Ward\"},\"decommissioned\":false,\"uploadTime\":\"2025-05-02T15:20:24.6432968+00:00\"}]"
    },
    {
      "RequestUri": "https://fakeHost.api.wus2.digitaltwins.azure.net/models?includeModelDefinition=false&api-version=2023-10-31",
      "RequestMethod": "GET",
      "RequestHeaders": {
        "Accept": "application/json",
        "Authorization": "Sanitized",
        "traceparent": "00-2fa7993be652157e3f90b35332f86d2d-5a1367b99c4e23e6-00",
        "User-Agent": "azsdk-net-DigitalTwins.Core/1.6.0-alpha.20250501.1 (.NET Framework 4.8.9300.0; Microsoft Windows 10.0.26100 )",
        "x-ms-client-request-id": "Sanitized",
        "x-ms-return-client-request-id": "true"
      },
      "RequestBody": null,
      "StatusCode": 200,
      "ResponseHeaders": {
        "Content-Length": "6723",
        "Content-Type": "application/json; charset=utf-8",
        "Date": "Fri, 02 May 2025 15:20:24 GMT",
        "mise-correlation-id": "7d5a28f1-2d0a-43ae-b7b6-531901cf6f9e",
        "Strict-Transport-Security": "max-age=2592000",
        "traceresponse": "00-2fa7993be652157e3f90b35332f86d2d-d9f64f7bb069b7ec-01"
      },
      "ResponseBody": {
        "value": [
          {
            "id": "dtmi:example:room;119382704",
            "description": {
              "en": "An enclosure inside a building."
            },
            "displayName": {
              "en": "Room"
            },
            "decommissioned": false,
            "uploadTime": "2025-05-02T14:44:45.4197809+00:00"
          },
          {
            "id": "dtmi:example:room;114026432",
            "description": {
              "en": "An enclosure inside a building."
            },
            "displayName": {
              "en": "Room"
            },
            "decommissioned": false,
            "uploadTime": "2025-05-02T14:44:45.5534663+00:00"
          },
          {
            "id": "dtmi:example:Ward;111326234",
            "description": {
              "en": "A separate partition in a building, made of rooms and hallways."
            },
            "displayName": {
              "en": "Ward"
            },
            "decommissioned": false,
            "uploadTime": "2025-05-02T14:46:47.6510037+00:00"
          },
          {
            "id": "dtmi:example:Ward;198987536",
            "description": {
              "en": "A separate partition in a building, made of rooms and hallways."
            },
            "displayName": {
              "en": "Ward"
            },
            "decommissioned": false,
            "uploadTime": "2025-05-02T14:47:24.9968634+00:00"
          },
          {
            "id": "dtmi:com:microsoft:azure:iot:model0;1",
            "description": {
              "en": "This is the description of model"
            },
            "displayName": {
              "en": "This is the display name"
            },
            "decommissioned": false,
            "uploadTime": "2025-05-02T14:47:28.9178575+00:00"
          },
          {
            "id": "dtmi:com:microsoft:azure:iot:model1;1",
            "description": {
              "en": "This is the description of model"
            },
            "displayName": {
              "en": "This is the display name"
            },
            "decommissioned": false,
            "uploadTime": "2025-05-02T14:47:28.9178977+00:00"
          },
          {
            "id": "dtmi:com:microsoft:azure:iot:model2;1",
            "description": {
              "en": "This is the description of model"
            },
            "displayName": {
              "en": "This is the display name"
            },
            "decommissioned": false,
            "uploadTime": "2025-05-02T14:47:28.9179239+00:00"
          },
          {
            "id": "dtmi:com:microsoft:azure:iot:model3;1",
            "description": {
              "en": "This is the description of model"
            },
            "displayName": {
              "en": "This is the display name"
            },
            "decommissioned": false,
            "uploadTime": "2025-05-02T14:47:28.9179507+00:00"
          },
          {
            "id": "dtmi:com:microsoft:azure:iot:model4;1",
            "description": {
              "en": "This is the description of model"
            },
            "displayName": {
              "en": "This is the display name"
            },
            "decommissioned": false,
            "uploadTime": "2025-05-02T14:47:28.9179772+00:00"
          },
          {
            "id": "dtmi:com:microsoft:azure:iot:model5;1",
            "description": {
              "en": "This is the description of model"
            },
            "displayName": {
              "en": "This is the display name"
            },
            "decommissioned": false,
            "uploadTime": "2025-05-02T14:47:28.9180025+00:00"
          },
          {
            "id": "dtmi:com:microsoft:azure:iot:model6;1",
            "description": {
              "en": "This is the description of model"
            },
            "displayName": {
              "en": "This is the display name"
            },
            "decommissioned": false,
            "uploadTime": "2025-05-02T14:47:28.9180294+00:00"
          },
          {
            "id": "dtmi:com:microsoft:azure:iot:model7;1",
            "description": {
              "en": "This is the description of model"
            },
            "displayName": {
              "en": "This is the display name"
            },
            "decommissioned": false,
            "uploadTime": "2025-05-02T14:47:28.9180545+00:00"
          },
          {
            "id": "dtmi:com:microsoft:azure:iot:model8;1",
            "description": {
              "en": "This is the description of model"
            },
            "displayName": {
              "en": "This is the display name"
            },
            "decommissioned": false,
            "uploadTime": "2025-05-02T14:47:28.9180822+00:00"
          },
          {
            "id": "dtmi:com:microsoft:azure:iot:model9;1",
            "description": {
              "en": "This is the description of model"
            },
            "displayName": {
              "en": "This is the display name"
            },
            "decommissioned": false,
            "uploadTime": "2025-05-02T14:47:28.9181069+00:00"
          },
          {
            "id": "dtmi:example:Ward;110488248",
            "description": {
              "en": "A separate partition in a building, made of rooms and hallways."
            },
            "displayName": {
              "en": "Ward"
            },
            "decommissioned": false,
            "uploadTime": "2025-05-02T14:48:26.4793296+00:00"
          },
          {
            "id": "dtmi:example:Ward;117562087",
            "description": {
              "en": "A separate partition in a building, made of rooms and hallways."
            },
            "displayName": {
              "en": "Ward"
            },
            "decommissioned": false,
            "uploadTime": "2025-05-02T14:48:40.3384767+00:00"
          },
          {
            "id": "dtmi:example:room;114406912",
            "description": {
              "en": "An enclosure inside a building."
            },
            "displayName": {
              "en": "Room"
            },
            "decommissioned": false,
            "uploadTime": "2025-05-02T14:50:42.2411842+00:00"
          },
          {
            "id": "dtmi:example:room;119807591",
            "description": {
              "en": "An enclosure inside a building."
            },
            "displayName": {
              "en": "Room"
            },
            "decommissioned": false,
            "uploadTime": "2025-05-02T14:50:43.5129491+00:00"
          },
          {
            "id": "dtmi:example:Ward;110689500",
            "description": {
              "en": "A separate partition in a building, made of rooms and hallways."
            },
            "displayName": {
              "en": "Ward"
            },
            "decommissioned": false,
            "uploadTime": "2025-05-02T14:51:54.7001642+00:00"
          },
          {
            "id": "dtmi:example:Ward;117182668",
            "description": {
              "en": "A separate partition in a building, made of rooms and hallways."
            },
            "displayName": {
              "en": "Ward"
            },
            "decommissioned": false,
            "uploadTime": "2025-05-02T14:51:57.4115205+00:00"
          },
          {
            "id": "dtmi:example:Ward;188278159",
            "description": {
              "en": "A separate partition in a building, made of rooms and hallways."
            },
            "displayName": {
              "en": "Ward"
            },
            "decommissioned": false,
            "uploadTime": "2025-05-02T14:53:30.9595462+00:00"
          },
          {
            "id": "dtmi:example:Ward;128971351",
            "description": {
              "en": "A separate partition in a building, made of rooms and hallways."
            },
            "displayName": {
              "en": "Ward"
            },
            "decommissioned": false,
            "uploadTime": "2025-05-02T14:53:34.2336942+00:00"
          },
          {
            "id": "dtmi:example:room;133283964",
            "description": {
              "en": "An enclosure inside a building."
            },
            "displayName": {
              "en": "Room"
            },
            "decommissioned": false,
            "uploadTime": "2025-05-02T14:55:24.1517427+00:00"
          },
          {
            "id": "dtmi:example:room;197388588",
            "description": {
              "en": "An enclosure inside a building."
            },
            "displayName": {
              "en": "Room"
            },
            "decommissioned": false,
            "uploadTime": "2025-05-02T14:55:24.4789272+00:00"
          },
          {
            "id": "dtmi:example:Ward;188540186",
            "description": {
              "en": "A separate partition in a building, made of rooms and hallways."
            },
            "displayName": {
              "en": "Ward"
            },
            "decommissioned": false,
            "uploadTime": "2025-05-02T14:56:53.0738539+00:00"
          },
          {
            "id": "dtmi:example:Ward;120786730",
            "description": {
              "en": "A separate partition in a building, made of rooms and hallways."
            },
            "displayName": {
              "en": "Ward"
            },
            "decommissioned": false,
            "uploadTime": "2025-05-02T14:56:55.0820256+00:00"
          },
          {
            "id": "dtmi:example:Ward;114414304",
            "description": {
              "en": "A separate partition in a building, made of rooms and hallways."
            },
            "displayName": {
              "en": "Ward"
            },
            "decommissioned": false,
            "uploadTime": "2025-05-02T14:58:51.7588304+00:00"
          },
          {
            "id": "dtmi:example:Ward;115407306",
            "description": {
              "en": "A separate partition in a building, made of rooms and hallways."
            },
            "displayName": {
              "en": "Ward"
            },
            "decommissioned": false,
            "uploadTime": "2025-05-02T14:58:56.5473416+00:00"
          },
          {
            "id": "dtmi:example:Building;11413",
            "description": {
              "en": "A free-standing structure."
            },
            "displayName": {
              "en": "Building"
            },
            "decommissioned": false,
            "uploadTime": "2025-05-02T15:20:24.6432577+00:00"
          },
          {
            "id": "dtmi:example:Hvac;129715141",
            "description": {
              "en": "A heating, ventilation, and air conditioning unit."
            },
            "displayName": {
              "en": "HVAC"
            },
            "decommissioned": false,
            "uploadTime": "2025-05-02T15:20:24.6432844+00:00"
          },
          {
            "id": "dtmi:example:Ward;119005719",
            "description": {
              "en": "A separate partition in a building, made of rooms and hallways."
            },
            "displayName": {
              "en": "Ward"
            },
            "decommissioned": false,
            "uploadTime": "2025-05-02T15:20:24.6432968+00:00"
          }
        ],
        "nextLink": null
      }
    },
    {
      "RequestUri": "https://fakeHost.api.wus2.digitaltwins.azure.net/models/dtmi%3Aexample%3ABuilding%3B11413?includeModelDefinition=true&api-version=2023-10-31",
      "RequestMethod": "GET",
      "RequestHeaders": {
        "Accept": "application/json",
        "Authorization": "Sanitized",
        "traceparent": "00-9e6b20a8e36bff2d1b1a70de27f1d04e-4a2afc974dbd9632-00",
        "User-Agent": "azsdk-net-DigitalTwins.Core/1.6.0-alpha.20250501.1 (.NET Framework 4.8.9300.0; Microsoft Windows 10.0.26100 )",
        "x-ms-client-request-id": "Sanitized",
        "x-ms-return-client-request-id": "true"
      },
      "RequestBody": null,
      "StatusCode": 200,
      "ResponseHeaders": {
        "Content-Length": "602",
        "Content-Type": "application/json; charset=utf-8",
        "Date": "Fri, 02 May 2025 15:20:24 GMT",
        "mise-correlation-id": "ca8f06dc-2d79-4491-9e72-a16ed518e0d0",
        "Strict-Transport-Security": "max-age=2592000",
        "traceresponse": "00-9e6b20a8e36bff2d1b1a70de27f1d04e-e280a47aad415d8a-01"
      },
      "ResponseBody": {
        "id": "dtmi:example:Building;11413",
        "description": {
          "en": "A free-standing structure."
        },
        "displayName": {
          "en": "Building"
        },
        "decommissioned": false,
        "uploadTime": "2025-05-02T15:20:24.6432577+00:00",
        "model": {
          "@id": "dtmi:example:Building;11413",
          "@type": "Interface",
          "displayName": "Building",
          "description": "A free-standing structure.",
          "contents": [
            {
              "@type": "Relationship",
              "name": "has",
              "target": "dtmi:example:Floor;15499476"
            },
            {
              "@type": "Relationship",
              "name": "isEquippedWith",
              "target": "dtmi:example:Hvac;129715141"
            },
            {
              "@type": "Property",
              "name": "AverageTemperature",
              "schema": "double"
            }
          ],
          "@context": "dtmi:dtdl:context;2"
        }
      }
    },
    {
      "RequestUri": "https://fakeHost.api.wus2.digitaltwins.azure.net/models?includeModelDefinition=false&api-version=2023-10-31",
      "RequestMethod": "GET",
      "RequestHeaders": {
        "Accept": "application/json",
        "Authorization": "Sanitized",
        "traceparent": "00-23716869ce8b6770ad86ea62e9f98fa5-ab3d783c4990def6-00",
        "User-Agent": "azsdk-net-DigitalTwins.Core/1.6.0-alpha.20250501.1 (.NET Framework 4.8.9300.0; Microsoft Windows 10.0.26100 )",
        "x-ms-client-request-id": "Sanitized",
        "x-ms-return-client-request-id": "true"
      },
      "RequestBody": null,
      "StatusCode": 200,
      "ResponseHeaders": {
        "Content-Length": "6723",
        "Content-Type": "application/json; charset=utf-8",
        "Date": "Fri, 02 May 2025 15:20:24 GMT",
        "mise-correlation-id": "4be075da-d77b-46cb-a47d-fe9690f8098b",
        "Strict-Transport-Security": "max-age=2592000",
        "traceresponse": "00-23716869ce8b6770ad86ea62e9f98fa5-f553fd0cab40028f-01"
      },
      "ResponseBody": {
        "value": [
          {
            "id": "dtmi:example:room;119382704",
            "description": {
              "en": "An enclosure inside a building."
            },
            "displayName": {
              "en": "Room"
            },
            "decommissioned": false,
            "uploadTime": "2025-05-02T14:44:45.4197809+00:00"
          },
          {
            "id": "dtmi:example:room;114026432",
            "description": {
              "en": "An enclosure inside a building."
            },
            "displayName": {
              "en": "Room"
            },
            "decommissioned": false,
            "uploadTime": "2025-05-02T14:44:45.5534663+00:00"
          },
          {
            "id": "dtmi:example:Ward;111326234",
            "description": {
              "en": "A separate partition in a building, made of rooms and hallways."
            },
            "displayName": {
              "en": "Ward"
            },
            "decommissioned": false,
            "uploadTime": "2025-05-02T14:46:47.6510037+00:00"
          },
          {
            "id": "dtmi:example:Ward;198987536",
            "description": {
              "en": "A separate partition in a building, made of rooms and hallways."
            },
            "displayName": {
              "en": "Ward"
            },
            "decommissioned": false,
            "uploadTime": "2025-05-02T14:47:24.9968634+00:00"
          },
          {
            "id": "dtmi:com:microsoft:azure:iot:model0;1",
            "description": {
              "en": "This is the description of model"
            },
            "displayName": {
              "en": "This is the display name"
            },
            "decommissioned": false,
            "uploadTime": "2025-05-02T14:47:28.9178575+00:00"
          },
          {
            "id": "dtmi:com:microsoft:azure:iot:model1;1",
            "description": {
              "en": "This is the description of model"
            },
            "displayName": {
              "en": "This is the display name"
            },
            "decommissioned": false,
            "uploadTime": "2025-05-02T14:47:28.9178977+00:00"
          },
          {
            "id": "dtmi:com:microsoft:azure:iot:model2;1",
            "description": {
              "en": "This is the description of model"
            },
            "displayName": {
              "en": "This is the display name"
            },
            "decommissioned": false,
            "uploadTime": "2025-05-02T14:47:28.9179239+00:00"
          },
          {
            "id": "dtmi:com:microsoft:azure:iot:model3;1",
            "description": {
              "en": "This is the description of model"
            },
            "displayName": {
              "en": "This is the display name"
            },
            "decommissioned": false,
            "uploadTime": "2025-05-02T14:47:28.9179507+00:00"
          },
          {
            "id": "dtmi:com:microsoft:azure:iot:model4;1",
            "description": {
              "en": "This is the description of model"
            },
            "displayName": {
              "en": "This is the display name"
            },
            "decommissioned": false,
            "uploadTime": "2025-05-02T14:47:28.9179772+00:00"
          },
          {
            "id": "dtmi:com:microsoft:azure:iot:model5;1",
            "description": {
              "en": "This is the description of model"
            },
            "displayName": {
              "en": "This is the display name"
            },
            "decommissioned": false,
            "uploadTime": "2025-05-02T14:47:28.9180025+00:00"
          },
          {
            "id": "dtmi:com:microsoft:azure:iot:model6;1",
            "description": {
              "en": "This is the description of model"
            },
            "displayName": {
              "en": "This is the display name"
            },
            "decommissioned": false,
            "uploadTime": "2025-05-02T14:47:28.9180294+00:00"
          },
          {
            "id": "dtmi:com:microsoft:azure:iot:model7;1",
            "description": {
              "en": "This is the description of model"
            },
            "displayName": {
              "en": "This is the display name"
            },
            "decommissioned": false,
            "uploadTime": "2025-05-02T14:47:28.9180545+00:00"
          },
          {
            "id": "dtmi:com:microsoft:azure:iot:model8;1",
            "description": {
              "en": "This is the description of model"
            },
            "displayName": {
              "en": "This is the display name"
            },
            "decommissioned": false,
            "uploadTime": "2025-05-02T14:47:28.9180822+00:00"
          },
          {
            "id": "dtmi:com:microsoft:azure:iot:model9;1",
            "description": {
              "en": "This is the description of model"
            },
            "displayName": {
              "en": "This is the display name"
            },
            "decommissioned": false,
            "uploadTime": "2025-05-02T14:47:28.9181069+00:00"
          },
          {
            "id": "dtmi:example:Ward;110488248",
            "description": {
              "en": "A separate partition in a building, made of rooms and hallways."
            },
            "displayName": {
              "en": "Ward"
            },
            "decommissioned": false,
            "uploadTime": "2025-05-02T14:48:26.4793296+00:00"
          },
          {
            "id": "dtmi:example:Ward;117562087",
            "description": {
              "en": "A separate partition in a building, made of rooms and hallways."
            },
            "displayName": {
              "en": "Ward"
            },
            "decommissioned": false,
            "uploadTime": "2025-05-02T14:48:40.3384767+00:00"
          },
          {
            "id": "dtmi:example:room;114406912",
            "description": {
              "en": "An enclosure inside a building."
            },
            "displayName": {
              "en": "Room"
            },
            "decommissioned": false,
            "uploadTime": "2025-05-02T14:50:42.2411842+00:00"
          },
          {
            "id": "dtmi:example:room;119807591",
            "description": {
              "en": "An enclosure inside a building."
            },
            "displayName": {
              "en": "Room"
            },
            "decommissioned": false,
            "uploadTime": "2025-05-02T14:50:43.5129491+00:00"
          },
          {
            "id": "dtmi:example:Ward;110689500",
            "description": {
              "en": "A separate partition in a building, made of rooms and hallways."
            },
            "displayName": {
              "en": "Ward"
            },
            "decommissioned": false,
            "uploadTime": "2025-05-02T14:51:54.7001642+00:00"
          },
          {
            "id": "dtmi:example:Ward;117182668",
            "description": {
              "en": "A separate partition in a building, made of rooms and hallways."
            },
            "displayName": {
              "en": "Ward"
            },
            "decommissioned": false,
            "uploadTime": "2025-05-02T14:51:57.4115205+00:00"
          },
          {
            "id": "dtmi:example:Ward;188278159",
            "description": {
              "en": "A separate partition in a building, made of rooms and hallways."
            },
            "displayName": {
              "en": "Ward"
            },
            "decommissioned": false,
            "uploadTime": "2025-05-02T14:53:30.9595462+00:00"
          },
          {
            "id": "dtmi:example:Ward;128971351",
            "description": {
              "en": "A separate partition in a building, made of rooms and hallways."
            },
            "displayName": {
              "en": "Ward"
            },
            "decommissioned": false,
            "uploadTime": "2025-05-02T14:53:34.2336942+00:00"
          },
          {
            "id": "dtmi:example:room;133283964",
            "description": {
              "en": "An enclosure inside a building."
            },
            "displayName": {
              "en": "Room"
            },
            "decommissioned": false,
            "uploadTime": "2025-05-02T14:55:24.1517427+00:00"
          },
          {
            "id": "dtmi:example:room;197388588",
            "description": {
              "en": "An enclosure inside a building."
            },
            "displayName": {
              "en": "Room"
            },
            "decommissioned": false,
            "uploadTime": "2025-05-02T14:55:24.4789272+00:00"
          },
          {
            "id": "dtmi:example:Ward;188540186",
            "description": {
              "en": "A separate partition in a building, made of rooms and hallways."
            },
            "displayName": {
              "en": "Ward"
            },
            "decommissioned": false,
            "uploadTime": "2025-05-02T14:56:53.0738539+00:00"
          },
          {
            "id": "dtmi:example:Ward;120786730",
            "description": {
              "en": "A separate partition in a building, made of rooms and hallways."
            },
            "displayName": {
              "en": "Ward"
            },
            "decommissioned": false,
            "uploadTime": "2025-05-02T14:56:55.0820256+00:00"
          },
          {
            "id": "dtmi:example:Ward;114414304",
            "description": {
              "en": "A separate partition in a building, made of rooms and hallways."
            },
            "displayName": {
              "en": "Ward"
            },
            "decommissioned": false,
            "uploadTime": "2025-05-02T14:58:51.7588304+00:00"
          },
          {
            "id": "dtmi:example:Ward;115407306",
            "description": {
              "en": "A separate partition in a building, made of rooms and hallways."
            },
            "displayName": {
              "en": "Ward"
            },
            "decommissioned": false,
            "uploadTime": "2025-05-02T14:58:56.5473416+00:00"
          },
          {
            "id": "dtmi:example:Building;11413",
            "description": {
              "en": "A free-standing structure."
            },
            "displayName": {
              "en": "Building"
            },
            "decommissioned": false,
            "uploadTime": "2025-05-02T15:20:24.6432577+00:00"
          },
          {
            "id": "dtmi:example:Hvac;129715141",
            "description": {
              "en": "A heating, ventilation, and air conditioning unit."
            },
            "displayName": {
              "en": "HVAC"
            },
            "decommissioned": false,
            "uploadTime": "2025-05-02T15:20:24.6432844+00:00"
          },
          {
            "id": "dtmi:example:Ward;119005719",
            "description": {
              "en": "A separate partition in a building, made of rooms and hallways."
            },
            "displayName": {
              "en": "Ward"
            },
            "decommissioned": false,
            "uploadTime": "2025-05-02T15:20:24.6432968+00:00"
          }
        ],
        "nextLink": null
      }
    },
    {
      "RequestUri": "https://fakeHost.api.wus2.digitaltwins.azure.net/models/dtmi%3Aexample%3ABuilding%3B11413?api-version=2023-10-31",
      "RequestMethod": "PATCH",
      "RequestHeaders": {
        "Accept": "application/json",
        "Authorization": "Sanitized",
        "Content-Length": "63",
        "Content-Type": "application/json-patch+json",
        "traceparent": "00-fcbfd36027db8f514e7a461396974a66-9c537f0168c128bc-00",
        "User-Agent": "azsdk-net-DigitalTwins.Core/1.6.0-alpha.20250501.1 (.NET Framework 4.8.9300.0; Microsoft Windows 10.0.26100 )",
        "x-ms-client-request-id": "Sanitized",
        "x-ms-return-client-request-id": "true"
      },
      "RequestBody": "[{ \"op\": \"replace\", \"path\": \"/decommissioned\", \"value\": true }]",
      "StatusCode": 204,
      "ResponseHeaders": {
        "Content-Length": "0",
        "Date": "Fri, 02 May 2025 15:20:24 GMT",
        "mise-correlation-id": "d30885a3-6d3b-4d88-88b0-71c61102f65c",
        "Strict-Transport-Security": "max-age=2592000",
        "traceresponse": "00-fcbfd36027db8f514e7a461396974a66-21afe7109574abd3-01"
      },
      "ResponseBody": null
    },
    {
      "RequestUri": "https://fakeHost.api.wus2.digitaltwins.azure.net/models/dtmi%3Aexample%3ABuilding%3B11413?api-version=2023-10-31",
      "RequestMethod": "DELETE",
      "RequestHeaders": {
        "Accept": "application/json",
        "Authorization": "Sanitized",
        "traceparent": "00-154c6ae8a6b3cded1c99fcf4cdb02ce3-fbbb0f76d7598468-00",
        "User-Agent": "azsdk-net-DigitalTwins.Core/1.6.0-alpha.20250501.1 (.NET Framework 4.8.9300.0; Microsoft Windows 10.0.26100 )",
        "x-ms-client-request-id": "Sanitized",
        "x-ms-return-client-request-id": "true"
      },
      "RequestBody": null,
      "StatusCode": 204,
      "ResponseHeaders": {
        "Content-Length": "0",
        "Date": "Fri, 02 May 2025 15:20:24 GMT",
        "mise-correlation-id": "40bcabc5-8c38-497b-8c96-b9e177e7c017",
        "Strict-Transport-Security": "max-age=2592000",
        "traceresponse": "00-154c6ae8a6b3cded1c99fcf4cdb02ce3-67f6e7e0768d2d5a-01"
      },
      "ResponseBody": null
    },
    {
      "RequestUri": "https://fakeHost.api.wus2.digitaltwins.azure.net/models/dtmi%3Aexample%3AHvac%3B129715141?api-version=2023-10-31",
      "RequestMethod": "DELETE",
      "RequestHeaders": {
        "Accept": "application/json",
        "Authorization": "Sanitized",
        "traceparent": "00-6fc41d2ee39daeedb50bb1997604b45e-01880c3d02707873-00",
        "User-Agent": "azsdk-net-DigitalTwins.Core/1.6.0-alpha.20250501.1 (.NET Framework 4.8.9300.0; Microsoft Windows 10.0.26100 )",
        "x-ms-client-request-id": "Sanitized",
        "x-ms-return-client-request-id": "true"
      },
      "RequestBody": null,
      "StatusCode": 204,
      "ResponseHeaders": {
        "Content-Length": "0",
        "Date": "Fri, 02 May 2025 15:20:24 GMT",
        "mise-correlation-id": "bc9e7124-8942-4082-8397-cee1e95003c9",
        "Strict-Transport-Security": "max-age=2592000",
        "traceresponse": "00-6fc41d2ee39daeedb50bb1997604b45e-e156e9bb3df12b13-01"
      },
      "ResponseBody": null
    },
    {
      "RequestUri": "https://fakeHost.api.wus2.digitaltwins.azure.net/models/dtmi%3Aexample%3AWard%3B119005719?api-version=2023-10-31",
      "RequestMethod": "DELETE",
      "RequestHeaders": {
        "Accept": "application/json",
        "Authorization": "Sanitized",
        "traceparent": "00-74eb2cb41f42b6b2223dea7a6aa6fa7e-a17a38b1ea39bf45-00",
        "User-Agent": "azsdk-net-DigitalTwins.Core/1.6.0-alpha.20250501.1 (.NET Framework 4.8.9300.0; Microsoft Windows 10.0.26100 )",
        "x-ms-client-request-id": "Sanitized",
        "x-ms-return-client-request-id": "true"
      },
      "RequestBody": null,
      "StatusCode": 204,
      "ResponseHeaders": {
        "Content-Length": "0",
        "Date": "Fri, 02 May 2025 15:20:24 GMT",
        "mise-correlation-id": "55ac3fea-5744-4343-9f6a-8f0d8c54b1da",
        "Strict-Transport-Security": "max-age=2592000",
        "traceresponse": "00-74eb2cb41f42b6b2223dea7a6aa6fa7e-db571a8494dbe439-01"
      },
      "ResponseBody": null
    }
  ],
  "Variables": {
    "DIGITALTWINS_URL": "https://fakeHost.api.wus2.digitaltwins.azure.net",
    "RandomSeed": "601681868"
  }
}
