{
  "Entries": [
    {
      "RequestUri": "https://barustum-rg4.api.wus2.digitaltwins.azure.net/models/dtmi%3Aexample%3AWard%3B121200167?includeModelDefinition=true\u0026api-version=2020-05-31-preview",
      "RequestMethod": "GET",
      "RequestHeaders": {
        "Authorization": "Sanitized",
        "User-Agent": [
          "azsdk-net-DigitalTwins.Core/1.0.0-dev.20200605.1",
          "(.NET Core 4.6.28801.04; Microsoft Windows 10.0.18363 )"
        ],
        "x-ms-client-request-id": "ba8204258dd5c07823fc1a1051132fa1",
        "x-ms-return-client-request-id": "true"
      },
      "RequestBody": null,
      "StatusCode": 404,
      "ResponseHeaders": {
        "Content-Length": "212",
        "Content-Type": "application/json; charset=utf-8",
        "Date": "Sat, 06 Jun 2020 01:07:38 GMT",
        "Strict-Transport-Security": "max-age=2592000"
      },
      "ResponseBody": {
        "error": {
          "code": "ModelNotFound",
          "message": "There is no Model(s) available that matches the provided id(s) dtmi:example:Ward;121200167. Check that the Model ID provided is valid by doing a Model_List API call."
        }
      }
    },
    {
      "RequestUri": "https://barustum-rg4.api.wus2.digitaltwins.azure.net/models?api-version=2020-05-31-preview",
      "RequestMethod": "POST",
      "RequestHeaders": {
        "Authorization": "Sanitized",
        "Content-Length": "567",
        "Content-Type": "application/json; charset=utf-8",
        "User-Agent": [
          "azsdk-net-DigitalTwins.Core/1.0.0-dev.20200605.1",
          "(.NET Core 4.6.28801.04; Microsoft Windows 10.0.18363 )"
        ],
        "x-ms-client-request-id": "b5de705aac2fc6c1efe467524bf3a1fc",
        "x-ms-return-client-request-id": "true"
      },
      "RequestBody": "[{    \u0022@id\u0022: \u0022dtmi:example:Ward;121200167\u0022,    \u0022@type\u0022: \u0022Interface\u0022,    \u0022displayName\u0022: \u0022Ward\u0022,    \u0022description\u0022: \u0022A separate partition in a building, made of rooms and hallways.\u0022,    \u0022contents\u0022: [        {            \u0022@type\u0022: \u0022Property\u0022,            \u0022name\u0022: \u0022VisitorCount\u0022,            \u0022schema\u0022: \u0022double\u0022        },        {            \u0022@type\u0022: \u0022Property\u0022,            \u0022name\u0022: \u0022HandWashPercentage\u0022,            \u0022schema\u0022: \u0022double\u0022        },        {            \u0022@type\u0022: \u0022Relationship\u0022,            \u0022name\u0022: \u0022managedRooms\u0022        }    ],    \u0022@context\u0022: \u0022dtmi:dtdl:context;2\u0022}]",
      "StatusCode": 201,
      "ResponseHeaders": {
        "Content-Length": "225",
        "Content-Type": "application/json; charset=utf-8",
        "Date": "Sat, 06 Jun 2020 01:07:39 GMT",
        "Strict-Transport-Security": "max-age=2592000"
      },
      "ResponseBody": "[{\u0022id\u0022:\u0022dtmi:example:Ward;121200167\u0022,\u0022description\u0022:{\u0022en\u0022:\u0022A separate partition in a building, made of rooms and hallways.\u0022},\u0022displayName\u0022:{\u0022en\u0022:\u0022Ward\u0022},\u0022decommissioned\u0022:false,\u0022uploadTime\u0022:\u00222020-06-06T01:07:39.6311853\u002B00:00\u0022}]"
    },
    {
      "RequestUri": "https://barustum-rg4.api.wus2.digitaltwins.azure.net/models/dtmi%3Aexample%3AWard%3B121200167?includeModelDefinition=true\u0026api-version=2020-05-31-preview",
      "RequestMethod": "GET",
      "RequestHeaders": {
        "Authorization": "Sanitized",
        "User-Agent": [
          "azsdk-net-DigitalTwins.Core/1.0.0-dev.20200605.1",
          "(.NET Core 4.6.28801.04; Microsoft Windows 10.0.18363 )"
        ],
        "x-ms-client-request-id": "cf3f7e3b37a012f385ddc044baf877e4",
        "x-ms-return-client-request-id": "true"
      },
      "RequestBody": null,
      "StatusCode": 200,
      "ResponseHeaders": {
        "Content-Length": "613",
        "Content-Type": "application/json; charset=utf-8",
        "Date": "Sat, 06 Jun 2020 01:07:39 GMT",
        "Strict-Transport-Security": "max-age=2592000"
      },
      "ResponseBody": {
        "id": "dtmi:example:Ward;121200167",
        "description": {
          "en": "A separate partition in a building, made of rooms and hallways."
        },
        "displayName": {
          "en": "Ward"
        },
        "decommissioned": false,
        "uploadTime": "2020-06-06T01:07:39.6311853\u002B00:00",
        "model": {
          "@id": "dtmi:example:Ward;121200167",
          "@type": "Interface",
          "displayName": "Ward",
          "description": "A separate partition in a building, made of rooms and hallways.",
          "contents": [
            {
              "@type": "Property",
              "name": "VisitorCount",
              "schema": "double"
            },
            {
              "@type": "Property",
              "name": "HandWashPercentage",
              "schema": "double"
            },
            {
              "@type": "Relationship",
              "name": "managedRooms"
            }
          ],
          "@context": [
            "dtmi:dtdl:context;2"
          ]
        }
      }
    }
  ],
  "Variables": {
    "DIGITALTWINS_URL": "https://barustum-rg4.api.wus2.digitaltwins.azure.net",
    "RandomSeed": "409053188"
  }
}