{
  "Entries": [
    {
      "RequestUri": "https://fakeHost.api.wus2.digitaltwins.azure.net/models/dtmi%3Aexample%3AWard%3B155773321?includeModelDefinition=true\u0026api-version=2020-10-31",
      "RequestMethod": "GET",
      "RequestHeaders": {
        "Accept": "application/json",
        "Authorization": "Sanitized",
        "User-Agent": [
          "azsdk-net-DigitalTwins.Core/1.0.0-alpha.20201006.1",
          "(.NET Core 4.6.29130.01; Microsoft Windows 10.0.17134 )"
        ],
        "x-ms-client-request-id": "d6aefe888904034dcc1935e4537abc9b",
        "x-ms-return-client-request-id": "true"
      },
      "RequestBody": null,
      "StatusCode": 200,
      "ResponseHeaders": {
        "Content-Length": "613",
        "Content-Type": "application/json; charset=utf-8",
        "Date": "Tue, 06 Oct 2020 19:15:49 GMT",
        "Strict-Transport-Security": "max-age=2592000"
      },
      "ResponseBody": {
        "id": "dtmi:example:Ward;155773321",
        "description": {
          "en": "A separate partition in a building, made of rooms and hallways."
        },
        "displayName": {
          "en": "Ward"
        },
        "decommissioned": false,
        "uploadTime": "2020-09-30T21:22:26.3656396\u002B00:00",
        "model": {
          "@id": "dtmi:example:Ward;155773321",
          "@type": "Interface",
          "displayName": "Ward",
          "description": "A separate partition in a building, made of rooms and hallways.",
          "contents": [
            {
              "@type": "Property",
              "name": "VisitorCount",
              "schema": "double"
            },
            {
              "@type": "Property",
              "name": "HandWashPercentage",
              "schema": "double"
            },
            {
              "@type": "Relationship",
              "name": "managedRooms"
            }
          ],
          "@context": [
            "dtmi:dtdl:context;2"
          ]
        }
      }
    },
    {
      "RequestUri": "https://fakeHost.api.wus2.digitaltwins.azure.net/models/dtmi%3Aexample%3AWard%3B145121366?includeModelDefinition=true\u0026api-version=2020-10-31",
      "RequestMethod": "GET",
      "RequestHeaders": {
        "Accept": "application/json",
        "Authorization": "Sanitized",
        "User-Agent": [
          "azsdk-net-DigitalTwins.Core/1.0.0-alpha.20201006.1",
          "(.NET Core 4.6.29130.01; Microsoft Windows 10.0.17134 )"
        ],
        "x-ms-client-request-id": "e3d2a5cb1255eeffc2ac1cd41e6dc8f6",
        "x-ms-return-client-request-id": "true"
      },
      "RequestBody": null,
      "StatusCode": 200,
      "ResponseHeaders": {
        "Content-Length": "613",
        "Content-Type": "application/json; charset=utf-8",
        "Date": "Tue, 06 Oct 2020 19:15:49 GMT",
        "Strict-Transport-Security": "max-age=2592000"
      },
      "ResponseBody": {
        "id": "dtmi:example:Ward;145121366",
        "description": {
          "en": "A separate partition in a building, made of rooms and hallways."
        },
        "displayName": {
          "en": "Ward"
        },
        "decommissioned": false,
        "uploadTime": "2020-09-30T21:39:40.3647826\u002B00:00",
        "model": {
          "@id": "dtmi:example:Ward;145121366",
          "@type": "Interface",
          "displayName": "Ward",
          "description": "A separate partition in a building, made of rooms and hallways.",
          "contents": [
            {
              "@type": "Property",
              "name": "VisitorCount",
              "schema": "double"
            },
            {
              "@type": "Property",
              "name": "HandWashPercentage",
              "schema": "double"
            },
            {
              "@type": "Relationship",
              "name": "managedRooms"
            }
          ],
          "@context": [
            "dtmi:dtdl:context;2"
          ]
        }
      }
    },
    {
      "RequestUri": "https://fakeHost.api.wus2.digitaltwins.azure.net/models/dtmi%3Aexample%3AWard%3B113005607?includeModelDefinition=true\u0026api-version=2020-10-31",
      "RequestMethod": "GET",
      "RequestHeaders": {
        "Accept": "application/json",
        "Authorization": "Sanitized",
        "User-Agent": [
          "azsdk-net-DigitalTwins.Core/1.0.0-alpha.20201006.1",
          "(.NET Core 4.6.29130.01; Microsoft Windows 10.0.17134 )"
        ],
        "x-ms-client-request-id": "723cc0e56bf6f802e49a6dee471d48f8",
        "x-ms-return-client-request-id": "true"
      },
      "RequestBody": null,
      "StatusCode": 200,
      "ResponseHeaders": {
        "Content-Length": "613",
        "Content-Type": "application/json; charset=utf-8",
        "Date": "Tue, 06 Oct 2020 19:15:49 GMT",
        "Strict-Transport-Security": "max-age=2592000"
      },
      "ResponseBody": {
        "id": "dtmi:example:Ward;113005607",
        "description": {
          "en": "A separate partition in a building, made of rooms and hallways."
        },
        "displayName": {
          "en": "Ward"
        },
        "decommissioned": false,
        "uploadTime": "2020-09-30T21:44:17.7504035\u002B00:00",
        "model": {
          "@id": "dtmi:example:Ward;113005607",
          "@type": "Interface",
          "displayName": "Ward",
          "description": "A separate partition in a building, made of rooms and hallways.",
          "contents": [
            {
              "@type": "Property",
              "name": "VisitorCount",
              "schema": "double"
            },
            {
              "@type": "Property",
              "name": "HandWashPercentage",
              "schema": "double"
            },
            {
              "@type": "Relationship",
              "name": "managedRooms"
            }
          ],
          "@context": [
            "dtmi:dtdl:context;2"
          ]
        }
      }
    },
    {
      "RequestUri": "https://fakeHost.api.wus2.digitaltwins.azure.net/models/dtmi%3Aexample%3AWard%3B181743108?includeModelDefinition=true\u0026api-version=2020-10-31",
      "RequestMethod": "GET",
      "RequestHeaders": {
        "Accept": "application/json",
        "Authorization": "Sanitized",
        "User-Agent": [
          "azsdk-net-DigitalTwins.Core/1.0.0-alpha.20201006.1",
          "(.NET Core 4.6.29130.01; Microsoft Windows 10.0.17134 )"
        ],
        "x-ms-client-request-id": "a534a2ffec33e7af42dc302eadab6ded",
        "x-ms-return-client-request-id": "true"
      },
      "RequestBody": null,
      "StatusCode": 200,
      "ResponseHeaders": {
        "Content-Length": "613",
        "Content-Type": "application/json; charset=utf-8",
        "Date": "Tue, 06 Oct 2020 19:15:49 GMT",
        "Strict-Transport-Security": "max-age=2592000"
      },
      "ResponseBody": {
        "id": "dtmi:example:Ward;181743108",
        "description": {
          "en": "A separate partition in a building, made of rooms and hallways."
        },
        "displayName": {
          "en": "Ward"
        },
        "decommissioned": false,
        "uploadTime": "2020-09-30T21:47:12.1174669\u002B00:00",
        "model": {
          "@id": "dtmi:example:Ward;181743108",
          "@type": "Interface",
          "displayName": "Ward",
          "description": "A separate partition in a building, made of rooms and hallways.",
          "contents": [
            {
              "@type": "Property",
              "name": "VisitorCount",
              "schema": "double"
            },
            {
              "@type": "Property",
              "name": "HandWashPercentage",
              "schema": "double"
            },
            {
              "@type": "Relationship",
              "name": "managedRooms"
            }
          ],
          "@context": [
            "dtmi:dtdl:context;2"
          ]
        }
      }
    },
    {
      "RequestUri": "https://fakeHost.api.wus2.digitaltwins.azure.net/models/dtmi%3Aexample%3AWard%3B113886965?includeModelDefinition=true\u0026api-version=2020-10-31",
      "RequestMethod": "GET",
      "RequestHeaders": {
        "Accept": "application/json",
        "Authorization": "Sanitized",
        "User-Agent": [
          "azsdk-net-DigitalTwins.Core/1.0.0-alpha.20201006.1",
          "(.NET Core 4.6.29130.01; Microsoft Windows 10.0.17134 )"
        ],
        "x-ms-client-request-id": "f15ffc953ad5ebd0717891007b8fd4dc",
        "x-ms-return-client-request-id": "true"
      },
      "RequestBody": null,
      "StatusCode": 200,
      "ResponseHeaders": {
        "Content-Length": "613",
        "Content-Type": "application/json; charset=utf-8",
        "Date": "Tue, 06 Oct 2020 19:15:49 GMT",
        "Strict-Transport-Security": "max-age=2592000"
      },
      "ResponseBody": {
        "id": "dtmi:example:Ward;113886965",
        "description": {
          "en": "A separate partition in a building, made of rooms and hallways."
        },
        "displayName": {
          "en": "Ward"
        },
        "decommissioned": false,
        "uploadTime": "2020-09-30T22:13:34.9596911\u002B00:00",
        "model": {
          "@id": "dtmi:example:Ward;113886965",
          "@type": "Interface",
          "displayName": "Ward",
          "description": "A separate partition in a building, made of rooms and hallways.",
          "contents": [
            {
              "@type": "Property",
              "name": "VisitorCount",
              "schema": "double"
            },
            {
              "@type": "Property",
              "name": "HandWashPercentage",
              "schema": "double"
            },
            {
              "@type": "Relationship",
              "name": "managedRooms"
            }
          ],
          "@context": [
            "dtmi:dtdl:context;2"
          ]
        }
      }
    },
    {
      "RequestUri": "https://fakeHost.api.wus2.digitaltwins.azure.net/models/dtmi%3Aexample%3AWard%3B144973413?includeModelDefinition=true\u0026api-version=2020-10-31",
      "RequestMethod": "GET",
      "RequestHeaders": {
        "Accept": "application/json",
        "Authorization": "Sanitized",
        "User-Agent": [
          "azsdk-net-DigitalTwins.Core/1.0.0-alpha.20201006.1",
          "(.NET Core 4.6.29130.01; Microsoft Windows 10.0.17134 )"
        ],
        "x-ms-client-request-id": "9ac2256ed4b18b8cb48ed1c936ee0001",
        "x-ms-return-client-request-id": "true"
      },
      "RequestBody": null,
      "StatusCode": 200,
      "ResponseHeaders": {
        "Content-Length": "613",
        "Content-Type": "application/json; charset=utf-8",
        "Date": "Tue, 06 Oct 2020 19:15:49 GMT",
        "Strict-Transport-Security": "max-age=2592000"
      },
      "ResponseBody": {
        "id": "dtmi:example:Ward;144973413",
        "description": {
          "en": "A separate partition in a building, made of rooms and hallways."
        },
        "displayName": {
          "en": "Ward"
        },
        "decommissioned": false,
        "uploadTime": "2020-10-01T20:09:41.6609244\u002B00:00",
        "model": {
          "@id": "dtmi:example:Ward;144973413",
          "@type": "Interface",
          "displayName": "Ward",
          "description": "A separate partition in a building, made of rooms and hallways.",
          "contents": [
            {
              "@type": "Property",
              "name": "VisitorCount",
              "schema": "double"
            },
            {
              "@type": "Property",
              "name": "HandWashPercentage",
              "schema": "double"
            },
            {
              "@type": "Relationship",
              "name": "managedRooms"
            }
          ],
          "@context": [
            "dtmi:dtdl:context;2"
          ]
        }
      }
    },
    {
      "RequestUri": "https://fakeHost.api.wus2.digitaltwins.azure.net/models/dtmi%3Aexample%3AWard%3B116651884?includeModelDefinition=true\u0026api-version=2020-10-31",
      "RequestMethod": "GET",
      "RequestHeaders": {
        "Accept": "application/json",
        "Authorization": "Sanitized",
        "User-Agent": [
          "azsdk-net-DigitalTwins.Core/1.0.0-alpha.20201006.1",
          "(.NET Core 4.6.29130.01; Microsoft Windows 10.0.17134 )"
        ],
        "x-ms-client-request-id": "37994c88682aba64c1741de6c64d5c52",
        "x-ms-return-client-request-id": "true"
      },
      "RequestBody": null,
      "StatusCode": 200,
      "ResponseHeaders": {
        "Content-Length": "613",
        "Content-Type": "application/json; charset=utf-8",
        "Date": "Tue, 06 Oct 2020 19:15:49 GMT",
        "Strict-Transport-Security": "max-age=2592000"
      },
      "ResponseBody": {
        "id": "dtmi:example:Ward;116651884",
        "description": {
          "en": "A separate partition in a building, made of rooms and hallways."
        },
        "displayName": {
          "en": "Ward"
        },
        "decommissioned": false,
        "uploadTime": "2020-10-01T20:09:52.4387997\u002B00:00",
        "model": {
          "@id": "dtmi:example:Ward;116651884",
          "@type": "Interface",
          "displayName": "Ward",
          "description": "A separate partition in a building, made of rooms and hallways.",
          "contents": [
            {
              "@type": "Property",
              "name": "VisitorCount",
              "schema": "double"
            },
            {
              "@type": "Property",
              "name": "HandWashPercentage",
              "schema": "double"
            },
            {
              "@type": "Relationship",
              "name": "managedRooms"
            }
          ],
          "@context": [
            "dtmi:dtdl:context;2"
          ]
        }
      }
    },
    {
      "RequestUri": "https://fakeHost.api.wus2.digitaltwins.azure.net/models/dtmi%3Aexample%3AWard%3B115547608?includeModelDefinition=true\u0026api-version=2020-10-31",
      "RequestMethod": "GET",
      "RequestHeaders": {
        "Accept": "application/json",
        "Authorization": "Sanitized",
        "User-Agent": [
          "azsdk-net-DigitalTwins.Core/1.0.0-alpha.20201006.1",
          "(.NET Core 4.6.29130.01; Microsoft Windows 10.0.17134 )"
        ],
        "x-ms-client-request-id": "792b473d27e365d220abfe213b8991fe",
        "x-ms-return-client-request-id": "true"
      },
      "RequestBody": null,
      "StatusCode": 200,
      "ResponseHeaders": {
        "Content-Length": "613",
        "Content-Type": "application/json; charset=utf-8",
        "Date": "Tue, 06 Oct 2020 19:15:49 GMT",
        "Strict-Transport-Security": "max-age=2592000"
      },
      "ResponseBody": {
        "id": "dtmi:example:Ward;115547608",
        "description": {
          "en": "A separate partition in a building, made of rooms and hallways."
        },
        "displayName": {
          "en": "Ward"
        },
        "decommissioned": false,
        "uploadTime": "2020-10-01T20:10:07.1543216\u002B00:00",
        "model": {
          "@id": "dtmi:example:Ward;115547608",
          "@type": "Interface",
          "displayName": "Ward",
          "description": "A separate partition in a building, made of rooms and hallways.",
          "contents": [
            {
              "@type": "Property",
              "name": "VisitorCount",
              "schema": "double"
            },
            {
              "@type": "Property",
              "name": "HandWashPercentage",
              "schema": "double"
            },
            {
              "@type": "Relationship",
              "name": "managedRooms"
            }
          ],
          "@context": [
            "dtmi:dtdl:context;2"
          ]
        }
      }
    },
    {
      "RequestUri": "https://fakeHost.api.wus2.digitaltwins.azure.net/models/dtmi%3Aexample%3AWard%3B112458591?includeModelDefinition=true\u0026api-version=2020-10-31",
      "RequestMethod": "GET",
      "RequestHeaders": {
        "Accept": "application/json",
        "Authorization": "Sanitized",
        "User-Agent": [
          "azsdk-net-DigitalTwins.Core/1.0.0-alpha.20201006.1",
          "(.NET Core 4.6.29130.01; Microsoft Windows 10.0.17134 )"
        ],
        "x-ms-client-request-id": "be428806bd44e05def606ea4ed417577",
        "x-ms-return-client-request-id": "true"
      },
      "RequestBody": null,
      "StatusCode": 200,
      "ResponseHeaders": {
        "Content-Length": "613",
        "Content-Type": "application/json; charset=utf-8",
        "Date": "Tue, 06 Oct 2020 19:15:49 GMT",
        "Strict-Transport-Security": "max-age=2592000"
      },
      "ResponseBody": {
        "id": "dtmi:example:Ward;112458591",
        "description": {
          "en": "A separate partition in a building, made of rooms and hallways."
        },
        "displayName": {
          "en": "Ward"
        },
        "decommissioned": false,
        "uploadTime": "2020-10-01T20:10:18.6300784\u002B00:00",
        "model": {
          "@id": "dtmi:example:Ward;112458591",
          "@type": "Interface",
          "displayName": "Ward",
          "description": "A separate partition in a building, made of rooms and hallways.",
          "contents": [
            {
              "@type": "Property",
              "name": "VisitorCount",
              "schema": "double"
            },
            {
              "@type": "Property",
              "name": "HandWashPercentage",
              "schema": "double"
            },
            {
              "@type": "Relationship",
              "name": "managedRooms"
            }
          ],
          "@context": [
            "dtmi:dtdl:context;2"
          ]
        }
      }
    },
    {
      "RequestUri": "https://fakeHost.api.wus2.digitaltwins.azure.net/models/dtmi%3Aexample%3AWard%3B111425434?includeModelDefinition=true\u0026api-version=2020-10-31",
      "RequestMethod": "GET",
      "RequestHeaders": {
        "Accept": "application/json",
        "Authorization": "Sanitized",
        "User-Agent": [
          "azsdk-net-DigitalTwins.Core/1.0.0-alpha.20201006.1",
          "(.NET Core 4.6.29130.01; Microsoft Windows 10.0.17134 )"
        ],
        "x-ms-client-request-id": "bad5b8b124a4d1c609bc669886ea8ce8",
        "x-ms-return-client-request-id": "true"
      },
      "RequestBody": null,
      "StatusCode": 200,
      "ResponseHeaders": {
        "Content-Length": "613",
        "Content-Type": "application/json; charset=utf-8",
        "Date": "Tue, 06 Oct 2020 19:15:49 GMT",
        "Strict-Transport-Security": "max-age=2592000"
      },
      "ResponseBody": {
        "id": "dtmi:example:Ward;111425434",
        "description": {
          "en": "A separate partition in a building, made of rooms and hallways."
        },
        "displayName": {
          "en": "Ward"
        },
        "decommissioned": false,
        "uploadTime": "2020-10-06T19:07:52.4534287\u002B00:00",
        "model": {
          "@id": "dtmi:example:Ward;111425434",
          "@type": "Interface",
          "displayName": "Ward",
          "description": "A separate partition in a building, made of rooms and hallways.",
          "contents": [
            {
              "@type": "Property",
              "name": "VisitorCount",
              "schema": "double"
            },
            {
              "@type": "Property",
              "name": "HandWashPercentage",
              "schema": "double"
            },
            {
              "@type": "Relationship",
              "name": "managedRooms"
            }
          ],
          "@context": [
            "dtmi:dtdl:context;2"
          ]
        }
      }
    },
    {
      "RequestUri": "https://fakeHost.api.wus2.digitaltwins.azure.net/models/dtmi%3Aexample%3AWard%3B121758963?includeModelDefinition=true\u0026api-version=2020-10-31",
      "RequestMethod": "GET",
      "RequestHeaders": {
        "Accept": "application/json",
        "Authorization": "Sanitized",
        "User-Agent": [
          "azsdk-net-DigitalTwins.Core/1.0.0-alpha.20201006.1",
          "(.NET Core 4.6.29130.01; Microsoft Windows 10.0.17134 )"
        ],
        "x-ms-client-request-id": "f80fd3468af898cef3c763c1326a88a9",
        "x-ms-return-client-request-id": "true"
      },
      "RequestBody": null,
      "StatusCode": 200,
      "ResponseHeaders": {
        "Content-Length": "613",
        "Content-Type": "application/json; charset=utf-8",
        "Date": "Tue, 06 Oct 2020 19:15:49 GMT",
        "Strict-Transport-Security": "max-age=2592000"
      },
      "ResponseBody": {
        "id": "dtmi:example:Ward;121758963",
        "description": {
          "en": "A separate partition in a building, made of rooms and hallways."
        },
        "displayName": {
          "en": "Ward"
        },
        "decommissioned": false,
        "uploadTime": "2020-10-06T19:10:45.3793023\u002B00:00",
        "model": {
          "@id": "dtmi:example:Ward;121758963",
          "@type": "Interface",
          "displayName": "Ward",
          "description": "A separate partition in a building, made of rooms and hallways.",
          "contents": [
            {
              "@type": "Property",
              "name": "VisitorCount",
              "schema": "double"
            },
            {
              "@type": "Property",
              "name": "HandWashPercentage",
              "schema": "double"
            },
            {
              "@type": "Relationship",
              "name": "managedRooms"
            }
          ],
          "@context": [
            "dtmi:dtdl:context;2"
          ]
        }
      }
    },
    {
      "RequestUri": "https://fakeHost.api.wus2.digitaltwins.azure.net/models/dtmi%3Aexample%3AWard%3B110226106?includeModelDefinition=true\u0026api-version=2020-10-31",
      "RequestMethod": "GET",
      "RequestHeaders": {
        "Accept": "application/json",
        "Authorization": "Sanitized",
        "User-Agent": [
          "azsdk-net-DigitalTwins.Core/1.0.0-alpha.20201006.1",
          "(.NET Core 4.6.29130.01; Microsoft Windows 10.0.17134 )"
        ],
        "x-ms-client-request-id": "8d28d9d76362ed7b3a00f6476975e2bc",
        "x-ms-return-client-request-id": "true"
      },
      "RequestBody": null,
      "StatusCode": 404,
      "ResponseHeaders": {
        "Content-Length": "212",
        "Content-Type": "application/json; charset=utf-8",
        "Date": "Tue, 06 Oct 2020 19:15:49 GMT",
        "Strict-Transport-Security": "max-age=2592000"
      },
      "ResponseBody": {
        "error": {
          "code": "ModelNotFound",
          "message": "There is no Model(s) available that matches the provided id(s) dtmi:example:Ward;110226106. Check that the Model ID provided is valid by doing a Model_List API call."
        }
      }
    },
    {
      "RequestUri": "https://fakeHost.api.wus2.digitaltwins.azure.net/models?api-version=2020-10-31",
      "RequestMethod": "POST",
      "RequestHeaders": {
        "Accept": "application/json",
        "Authorization": "Sanitized",
        "Content-Length": "567",
        "Content-Type": "application/json",
        "User-Agent": [
          "azsdk-net-DigitalTwins.Core/1.0.0-alpha.20201006.1",
          "(.NET Core 4.6.29130.01; Microsoft Windows 10.0.17134 )"
        ],
        "x-ms-client-request-id": "67a1fa6eb885072e21b15d620fd652de",
        "x-ms-return-client-request-id": "true"
      },
      "RequestBody": "[{    \u0022@id\u0022: \u0022dtmi:example:Ward;110226106\u0022,    \u0022@type\u0022: \u0022Interface\u0022,    \u0022displayName\u0022: \u0022Ward\u0022,    \u0022description\u0022: \u0022A separate partition in a building, made of rooms and hallways.\u0022,    \u0022contents\u0022: [        {            \u0022@type\u0022: \u0022Property\u0022,            \u0022name\u0022: \u0022VisitorCount\u0022,            \u0022schema\u0022: \u0022double\u0022        },        {            \u0022@type\u0022: \u0022Property\u0022,            \u0022name\u0022: \u0022HandWashPercentage\u0022,            \u0022schema\u0022: \u0022double\u0022        },        {            \u0022@type\u0022: \u0022Relationship\u0022,            \u0022name\u0022: \u0022managedRooms\u0022        }    ],    \u0022@context\u0022: \u0022dtmi:dtdl:context;2\u0022}]",
      "StatusCode": 201,
      "ResponseHeaders": {
        "Content-Length": "225",
        "Content-Type": "application/json; charset=utf-8",
        "Date": "Tue, 06 Oct 2020 19:15:49 GMT",
        "Strict-Transport-Security": "max-age=2592000"
      },
      "ResponseBody": "[{\u0022id\u0022:\u0022dtmi:example:Ward;110226106\u0022,\u0022description\u0022:{\u0022en\u0022:\u0022A separate partition in a building, made of rooms and hallways.\u0022},\u0022displayName\u0022:{\u0022en\u0022:\u0022Ward\u0022},\u0022decommissioned\u0022:false,\u0022uploadTime\u0022:\u00222020-10-06T19:15:50.2398691\u002B00:00\u0022}]"
    },
    {
      "RequestUri": "https://fakeHost.api.wus2.digitaltwins.azure.net/models?api-version=2020-10-31",
      "RequestMethod": "POST",
      "RequestHeaders": {
        "Accept": "application/json",
        "Authorization": "Sanitized",
        "Content-Length": "567",
        "Content-Type": "application/json",
        "User-Agent": [
          "azsdk-net-DigitalTwins.Core/1.0.0-alpha.20201006.1",
          "(.NET Core 4.6.29130.01; Microsoft Windows 10.0.17134 )"
        ],
        "x-ms-client-request-id": "b213caeef2bf6fe4930bbd89d7518a51",
        "x-ms-return-client-request-id": "true"
      },
      "RequestBody": "[{    \u0022@id\u0022: \u0022dtmi:example:Ward;110226106\u0022,    \u0022@type\u0022: \u0022Interface\u0022,    \u0022displayName\u0022: \u0022Ward\u0022,    \u0022description\u0022: \u0022A separate partition in a building, made of rooms and hallways.\u0022,    \u0022contents\u0022: [        {            \u0022@type\u0022: \u0022Property\u0022,            \u0022name\u0022: \u0022VisitorCount\u0022,            \u0022schema\u0022: \u0022double\u0022        },        {            \u0022@type\u0022: \u0022Property\u0022,            \u0022name\u0022: \u0022HandWashPercentage\u0022,            \u0022schema\u0022: \u0022double\u0022        },        {            \u0022@type\u0022: \u0022Relationship\u0022,            \u0022name\u0022: \u0022managedRooms\u0022        }    ],    \u0022@context\u0022: \u0022dtmi:dtdl:context;2\u0022}]",
      "StatusCode": 409,
      "ResponseHeaders": {
        "Content-Length": "224",
        "Content-Type": "application/json; charset=utf-8",
        "Date": "Tue, 06 Oct 2020 19:15:49 GMT",
        "Strict-Transport-Security": "max-age=2592000"
      },
      "ResponseBody": {
        "error": {
          "code": "ModelAlreadyExists",
          "message": "Model with same ID already exists dtmi:example:Ward;110226106. Use Model_List API to view models that already exist. See the Swagger example.(http://aka.ms/ModelListSwSmpl)"
        }
      }
    }
  ],
  "Variables": {
    "DIGITALTWINS_URL": "https://fakeHost.api.wus2.digitaltwins.azure.net",
    "RandomSeed": "1374115566"
  }
}