{
  "Entries": [
    {
      "RequestUri": "/subscriptions/3c729b2a-4f86-4bb2-abe8-4b8647af156c/providers/Microsoft.Search/register?api-version=2016-09-01",
      "EncodedRequestUri": "L3N1YnNjcmlwdGlvbnMvM2M3MjliMmEtNGY4Ni00YmIyLWFiZTgtNGI4NjQ3YWYxNTZjL3Byb3ZpZGVycy9NaWNyb3NvZnQuU2VhcmNoL3JlZ2lzdGVyP2FwaS12ZXJzaW9uPTIwMTYtMDktMDE=",
      "RequestMethod": "POST",
      "RequestBody": "",
      "RequestHeaders": {
        "x-ms-client-request-id": [
          "e2fd60b0-8a53-4136-9f5f-c6f0aa818660"
        ],
        "accept-language": [
          "en-US"
        ],
        "User-Agent": [
          "FxVersion/4.6.25211.01",
          "Microsoft.Azure.Management.ResourceManager.ResourceManagementClient/1.5.0.0"
        ]
      },
      "ResponseBody": "{\r\n  \"id\": \"/subscriptions/3c729b2a-4f86-4bb2-abe8-4b8647af156c/providers/Microsoft.Search\",\r\n  \"namespace\": \"Microsoft.Search\",\r\n  \"authorization\": {\r\n    \"applicationId\": \"408992c7-2af6-4ff1-92e3-65b73d2b5092\",\r\n    \"roleDefinitionId\": \"20FA3191-87CF-4C3D-9510-74CCB594A310\",\r\n    \"managedByRoleDefinitionId\": \"C1F73CCC-13F1-4BA3-BA60-A373C0A3EE0C\"\r\n  },\r\n  \"resourceTypes\": [\r\n    {\r\n      \"resourceType\": \"searchServices\",\r\n      \"locations\": [\r\n        \"West US\"\r\n      ],\r\n      \"apiVersions\": [\r\n        \"2015-08-19\",\r\n        \"2015-02-28\",\r\n        \"2014-07-31-Preview\"\r\n      ],\r\n      \"capabilities\": \"CrossResourceGroupResourceMove, CrossSubscriptionResourceMove\"\r\n    },\r\n    {\r\n      \"resourceType\": \"searchServicesCit\",\r\n      \"locations\": [\r\n        \"West US\"\r\n      ],\r\n      \"apiVersions\": [\r\n        \"2015-08-19\",\r\n        \"2015-02-28\",\r\n        \"2014-07-31-Preview\"\r\n      ],\r\n      \"capabilities\": \"CrossResourceGroupResourceMove, CrossSubscriptionResourceMove\"\r\n    },\r\n    {\r\n      \"resourceType\": \"searchServicesInt\",\r\n      \"locations\": [\r\n        \"West US\"\r\n      ],\r\n      \"apiVersions\": [\r\n        \"2015-08-19\",\r\n        \"2015-02-28\",\r\n        \"2014-07-31-Preview\"\r\n      ],\r\n      \"capabilities\": \"CrossResourceGroupResourceMove, CrossSubscriptionResourceMove\"\r\n    },\r\n    {\r\n      \"resourceType\": \"searchServicesPpe\",\r\n      \"locations\": [\r\n        \"West US\"\r\n      ],\r\n      \"apiVersions\": [\r\n        \"2015-08-19\",\r\n        \"2015-02-28\",\r\n        \"2014-07-31-Preview\"\r\n      ],\r\n      \"capabilities\": \"CrossResourceGroupResourceMove, CrossSubscriptionResourceMove\"\r\n    },\r\n    {\r\n      \"resourceType\": \"searchServicesEXP\",\r\n      \"locations\": [\r\n        \"East US 2\"\r\n      ],\r\n      \"apiVersions\": [\r\n        \"2015-08-19\",\r\n        \"2015-02-28\",\r\n        \"2014-07-31-Preview\"\r\n      ],\r\n      \"capabilities\": \"CrossResourceGroupResourceMove, CrossSubscriptionResourceMove\"\r\n    },\r\n    {\r\n      \"resourceType\": \"checkServiceNameAvailability\",\r\n      \"locations\": [],\r\n      \"apiVersions\": [\r\n        \"2015-02-28\",\r\n        \"2014-07-31-Preview\"\r\n      ]\r\n    },\r\n    {\r\n      \"resourceType\": \"checkServiceNameAvailabilityCit\",\r\n      \"locations\": [],\r\n      \"apiVersions\": [\r\n        \"2015-02-28\",\r\n        \"2014-07-31-Preview\"\r\n      ]\r\n    },\r\n    {\r\n      \"resourceType\": \"checkServiceNameAvailabilityInt\",\r\n      \"locations\": [],\r\n      \"apiVersions\": [\r\n        \"2015-02-28\",\r\n        \"2014-07-31-Preview\"\r\n      ]\r\n    },\r\n    {\r\n      \"resourceType\": \"checkServiceNameAvailabilityPpe\",\r\n      \"locations\": [],\r\n      \"apiVersions\": [\r\n        \"2015-02-28\",\r\n        \"2014-07-31-Preview\"\r\n      ]\r\n    },\r\n    {\r\n      \"resourceType\": \"checkServiceNameAvailabilityEXP\",\r\n      \"locations\": [],\r\n      \"apiVersions\": [\r\n        \"2015-02-28\",\r\n        \"2014-07-31-Preview\"\r\n      ]\r\n    },\r\n    {\r\n      \"resourceType\": \"checkNameAvailability\",\r\n      \"locations\": [],\r\n      \"apiVersions\": [\r\n        \"2015-08-19\"\r\n      ]\r\n    },\r\n    {\r\n      \"resourceType\": \"checkNameAvailabilityCit\",\r\n      \"locations\": [],\r\n      \"apiVersions\": [\r\n        \"2015-08-19\"\r\n      ]\r\n    },\r\n    {\r\n      \"resourceType\": \"checkNameAvailabilityInt\",\r\n      \"locations\": [],\r\n      \"apiVersions\": [\r\n        \"2015-08-19\"\r\n      ]\r\n    },\r\n    {\r\n      \"resourceType\": \"checkNameAvailabilityPpe\",\r\n      \"locations\": [],\r\n      \"apiVersions\": [\r\n        \"2015-08-19\"\r\n      ]\r\n    },\r\n    {\r\n      \"resourceType\": \"checkNameAvailabilityEXP\",\r\n      \"locations\": [],\r\n      \"apiVersions\": [\r\n        \"2015-08-19\"\r\n      ]\r\n    },\r\n    {\r\n      \"resourceType\": \"resourceHealthMetadata\",\r\n      \"locations\": [],\r\n      \"apiVersions\": [\r\n        \"2015-08-19\"\r\n      ]\r\n    },\r\n    {\r\n      \"resourceType\": \"operations\",\r\n      \"locations\": [],\r\n      \"apiVersions\": [\r\n        \"2015-08-19\",\r\n        \"2015-02-28\"\r\n      ]\r\n    }\r\n  ],\r\n  \"registrationState\": \"Registered\"\r\n}",
      "ResponseHeaders": {
        "Content-Type": [
          "application/json; charset=utf-8"
        ],
        "Expires": [
          "-1"
        ],
        "Cache-Control": [
          "no-cache"
        ],
        "Date": [
          "Fri, 13 Apr 2018 22:16:57 GMT"
        ],
        "Pragma": [
          "no-cache"
        ],
        "Transfer-Encoding": [
          "chunked"
        ],
        "Vary": [
          "Accept-Encoding"
        ],
        "x-ms-ratelimit-remaining-subscription-writes": [
          "1028"
        ],
        "x-ms-request-id": [
          "7388394e-0117-4c79-b171-3ac6cd1edc91"
        ],
        "x-ms-correlation-request-id": [
          "7388394e-0117-4c79-b171-3ac6cd1edc91"
        ],
        "x-ms-routing-request-id": [
          "NORTHEUROPE:20180413T221658Z:7388394e-0117-4c79-b171-3ac6cd1edc91"
        ],
        "Strict-Transport-Security": [
          "max-age=31536000; includeSubDomains"
        ],
        "X-Content-Type-Options": [
          "nosniff"
        ]
      },
      "StatusCode": 200
    },
    {
      "RequestUri": "/subscriptions/3c729b2a-4f86-4bb2-abe8-4b8647af156c/resourcegroups/azsmnet9635?api-version=2016-09-01",
      "EncodedRequestUri": "L3N1YnNjcmlwdGlvbnMvM2M3MjliMmEtNGY4Ni00YmIyLWFiZTgtNGI4NjQ3YWYxNTZjL3Jlc291cmNlZ3JvdXBzL2F6c21uZXQ5NjM1P2FwaS12ZXJzaW9uPTIwMTYtMDktMDE=",
      "RequestMethod": "PUT",
      "RequestBody": "{\r\n  \"location\": \"West US\"\r\n}",
      "RequestHeaders": {
        "Content-Type": [
          "application/json; charset=utf-8"
        ],
        "Content-Length": [
          "29"
        ],
        "x-ms-client-request-id": [
          "31c2b576-4120-4dc5-8b4f-b47c5f1d4721"
        ],
        "accept-language": [
          "en-US"
        ],
        "User-Agent": [
          "FxVersion/4.6.25211.01",
          "Microsoft.Azure.Management.ResourceManager.ResourceManagementClient/1.5.0.0"
        ]
      },
      "ResponseBody": "{\r\n  \"id\": \"/subscriptions/3c729b2a-4f86-4bb2-abe8-4b8647af156c/resourceGroups/azsmnet9635\",\r\n  \"name\": \"azsmnet9635\",\r\n  \"location\": \"westus\",\r\n  \"properties\": {\r\n    \"provisioningState\": \"Succeeded\"\r\n  }\r\n}",
      "ResponseHeaders": {
        "Content-Length": [
          "175"
        ],
        "Content-Type": [
          "application/json; charset=utf-8"
        ],
        "Expires": [
          "-1"
        ],
        "Cache-Control": [
          "no-cache"
        ],
        "Date": [
          "Fri, 13 Apr 2018 22:16:58 GMT"
        ],
        "Pragma": [
          "no-cache"
        ],
        "x-ms-ratelimit-remaining-subscription-writes": [
          "1027"
        ],
        "x-ms-request-id": [
          "7c2cd253-5e6c-4618-9147-319e70fc1035"
        ],
        "x-ms-correlation-request-id": [
          "7c2cd253-5e6c-4618-9147-319e70fc1035"
        ],
        "x-ms-routing-request-id": [
          "NORTHEUROPE:20180413T221659Z:7c2cd253-5e6c-4618-9147-319e70fc1035"
        ],
        "Strict-Transport-Security": [
          "max-age=31536000; includeSubDomains"
        ],
        "X-Content-Type-Options": [
          "nosniff"
        ]
      },
      "StatusCode": 201
    },
    {
      "RequestUri": "/subscriptions/3c729b2a-4f86-4bb2-abe8-4b8647af156c/resourceGroups/azsmnet9635/providers/Microsoft.Search/searchServices/azs-6073?api-version=2015-08-19",
      "EncodedRequestUri": "L3N1YnNjcmlwdGlvbnMvM2M3MjliMmEtNGY4Ni00YmIyLWFiZTgtNGI4NjQ3YWYxNTZjL3Jlc291cmNlR3JvdXBzL2F6c21uZXQ5NjM1L3Byb3ZpZGVycy9NaWNyb3NvZnQuU2VhcmNoL3NlYXJjaFNlcnZpY2VzL2F6cy02MDczP2FwaS12ZXJzaW9uPTIwMTUtMDgtMTk=",
      "RequestMethod": "PUT",
      "RequestBody": "{\r\n  \"sku\": {\r\n    \"name\": \"free\"\r\n  },\r\n  \"location\": \"West US\"\r\n}",
      "RequestHeaders": {
        "Content-Type": [
          "application/json; charset=utf-8"
        ],
        "Content-Length": [
          "67"
        ],
        "x-ms-client-request-id": [
          "2e2b419a-69ed-4c51-8976-e94633805ed6"
        ],
        "accept-language": [
          "en-US"
        ],
        "User-Agent": [
          "FxVersion/4.6.25211.01",
          "Microsoft.Azure.Management.Search.SearchManagementClient/2.0.0.0"
        ]
      },
      "ResponseBody": "{\r\n  \"id\": \"/subscriptions/3c729b2a-4f86-4bb2-abe8-4b8647af156c/resourceGroups/azsmnet9635/providers/Microsoft.Search/searchServices/azs-6073\",\r\n  \"name\": \"azs-6073\",\r\n  \"type\": \"Microsoft.Search/searchServices\",\r\n  \"location\": \"West US\",\r\n  \"properties\": {\r\n    \"replicaCount\": 1,\r\n    \"partitionCount\": 1,\r\n    \"status\": \"running\",\r\n    \"statusDetails\": \"\",\r\n    \"provisioningState\": \"succeeded\",\r\n    \"hostingMode\": \"Default\"\r\n  },\r\n  \"sku\": {\r\n    \"name\": \"free\"\r\n  }\r\n}",
      "ResponseHeaders": {
        "Content-Length": [
          "385"
        ],
        "Content-Type": [
          "application/json; charset=utf-8"
        ],
        "Expires": [
          "-1"
        ],
        "Cache-Control": [
          "no-cache"
        ],
        "Date": [
          "Fri, 13 Apr 2018 22:17:02 GMT"
        ],
        "Pragma": [
          "no-cache"
        ],
        "ETag": [
          "W/\"datetime'2018-04-13T22%3A17%3A02.4063798Z'\""
        ],
        "x-ms-request-id": [
          "2e2b419a-69ed-4c51-8976-e94633805ed6"
        ],
        "request-id": [
          "2e2b419a-69ed-4c51-8976-e94633805ed6"
        ],
        "elapsed-time": [
          "1074"
        ],
        "Strict-Transport-Security": [
          "max-age=31536000; includeSubDomains"
        ],
        "x-ms-ratelimit-remaining-subscription-writes": [
          "1023"
        ],
        "x-ms-correlation-request-id": [
          "ee8dd65b-a8ad-4e73-96da-f2a2a7ddec3d"
        ],
        "x-ms-routing-request-id": [
          "NORTHEUROPE:20180413T221703Z:ee8dd65b-a8ad-4e73-96da-f2a2a7ddec3d"
        ],
        "X-Content-Type-Options": [
          "nosniff"
        ]
      },
      "StatusCode": 201
    },
    {
      "RequestUri": "/subscriptions/3c729b2a-4f86-4bb2-abe8-4b8647af156c/resourceGroups/azsmnet9635/providers/Microsoft.Search/searchServices/azs-6073/listAdminKeys?api-version=2015-08-19",
      "EncodedRequestUri": "L3N1YnNjcmlwdGlvbnMvM2M3MjliMmEtNGY4Ni00YmIyLWFiZTgtNGI4NjQ3YWYxNTZjL3Jlc291cmNlR3JvdXBzL2F6c21uZXQ5NjM1L3Byb3ZpZGVycy9NaWNyb3NvZnQuU2VhcmNoL3NlYXJjaFNlcnZpY2VzL2F6cy02MDczL2xpc3RBZG1pbktleXM/YXBpLXZlcnNpb249MjAxNS0wOC0xOQ==",
      "RequestMethod": "POST",
      "RequestBody": "",
      "RequestHeaders": {
        "x-ms-client-request-id": [
          "18a34e1b-8807-4801-a9ba-f3ea527b1814"
        ],
        "accept-language": [
          "en-US"
        ],
        "User-Agent": [
          "FxVersion/4.6.25211.01",
          "Microsoft.Azure.Management.Search.SearchManagementClient/2.0.0.0"
        ]
      },
      "ResponseBody": "{\r\n  \"primaryKey\": \"0EA478665C374F9C54A4A434D5D7ABC7\",\r\n  \"secondaryKey\": \"54B255FD0896C575873281A1ED3E0C8F\"\r\n}",
      "ResponseHeaders": {
        "Content-Type": [
          "application/json; charset=utf-8"
        ],
        "Expires": [
          "-1"
        ],
        "Cache-Control": [
          "no-cache"
        ],
        "Date": [
          "Fri, 13 Apr 2018 22:17:05 GMT"
        ],
        "Pragma": [
          "no-cache"
        ],
        "Transfer-Encoding": [
          "chunked"
        ],
        "Vary": [
          "Accept-Encoding",
          "Accept-Encoding"
        ],
        "x-ms-request-id": [
          "18a34e1b-8807-4801-a9ba-f3ea527b1814"
        ],
        "request-id": [
          "18a34e1b-8807-4801-a9ba-f3ea527b1814"
        ],
        "elapsed-time": [
          "174"
        ],
        "Strict-Transport-Security": [
          "max-age=31536000; includeSubDomains"
        ],
        "x-ms-ratelimit-remaining-subscription-writes": [
          "1022"
        ],
        "x-ms-correlation-request-id": [
          "0dcd3f5a-c0cb-4644-bc96-3ba42a823914"
        ],
        "x-ms-routing-request-id": [
          "NORTHEUROPE:20180413T221705Z:0dcd3f5a-c0cb-4644-bc96-3ba42a823914"
        ],
        "X-Content-Type-Options": [
          "nosniff"
        ]
      },
      "StatusCode": 200
    },
    {
      "RequestUri": "/subscriptions/3c729b2a-4f86-4bb2-abe8-4b8647af156c/resourceGroups/azsmnet9635/providers/Microsoft.Search/searchServices/azs-6073/listQueryKeys?api-version=2015-08-19",
      "EncodedRequestUri": "L3N1YnNjcmlwdGlvbnMvM2M3MjliMmEtNGY4Ni00YmIyLWFiZTgtNGI4NjQ3YWYxNTZjL3Jlc291cmNlR3JvdXBzL2F6c21uZXQ5NjM1L3Byb3ZpZGVycy9NaWNyb3NvZnQuU2VhcmNoL3NlYXJjaFNlcnZpY2VzL2F6cy02MDczL2xpc3RRdWVyeUtleXM/YXBpLXZlcnNpb249MjAxNS0wOC0xOQ==",
      "RequestMethod": "GET",
      "RequestBody": "",
      "RequestHeaders": {
        "x-ms-client-request-id": [
          "2f525ce7-000c-4351-bd9b-0510bd820fc0"
        ],
        "accept-language": [
          "en-US"
        ],
        "User-Agent": [
          "FxVersion/4.6.25211.01",
          "Microsoft.Azure.Management.Search.SearchManagementClient/2.0.0.0"
        ]
      },
      "ResponseBody": "{\r\n  \"value\": [\r\n    {\r\n      \"name\": null,\r\n      \"key\": \"A6CE3D816853453EC733361FBDFC29FF\"\r\n    }\r\n  ],\r\n  \"nextLink\": null\r\n}",
      "ResponseHeaders": {
        "Content-Type": [
          "application/json; charset=utf-8"
        ],
        "Expires": [
          "-1"
        ],
        "Cache-Control": [
          "no-cache"
        ],
        "Date": [
          "Fri, 13 Apr 2018 22:17:05 GMT"
        ],
        "Pragma": [
          "no-cache"
        ],
        "Transfer-Encoding": [
          "chunked"
        ],
        "Vary": [
          "Accept-Encoding",
          "Accept-Encoding"
        ],
        "x-ms-request-id": [
          "2f525ce7-000c-4351-bd9b-0510bd820fc0"
        ],
        "request-id": [
          "2f525ce7-000c-4351-bd9b-0510bd820fc0"
        ],
        "elapsed-time": [
          "131"
        ],
        "Strict-Transport-Security": [
          "max-age=31536000; includeSubDomains"
        ],
        "x-ms-ratelimit-remaining-subscription-reads": [
          "14968"
        ],
        "x-ms-correlation-request-id": [
          "b836220a-77c6-46f9-96bb-28813e91574c"
        ],
        "x-ms-routing-request-id": [
          "NORTHEUROPE:20180413T221705Z:b836220a-77c6-46f9-96bb-28813e91574c"
        ],
        "X-Content-Type-Options": [
          "nosniff"
        ]
      },
      "StatusCode": 200
    },
    {
      "RequestUri": "/indexes?api-version=2017-11-11",
      "EncodedRequestUri": "L2luZGV4ZXM/YXBpLXZlcnNpb249MjAxNy0xMS0xMQ==",
      "RequestMethod": "POST",
      "RequestBody": "{\r\n  \"name\": \"azsmnet2227\",\r\n  \"fields\": [\r\n    {\r\n      \"name\": \"hotelId\",\r\n      \"type\": \"Edm.String\",\r\n      \"key\": true,\r\n      \"searchable\": false,\r\n      \"filterable\": true,\r\n      \"sortable\": true,\r\n      \"facetable\": true,\r\n      \"retrievable\": true\r\n    },\r\n    {\r\n      \"name\": \"baseRate\",\r\n      \"type\": \"Edm.Double\",\r\n      \"key\": false,\r\n      \"searchable\": false,\r\n      \"filterable\": true,\r\n      \"sortable\": true,\r\n      \"facetable\": true,\r\n      \"retrievable\": true\r\n    },\r\n    {\r\n      \"name\": \"description\",\r\n      \"type\": \"Edm.String\",\r\n      \"key\": false,\r\n      \"searchable\": true,\r\n      \"filterable\": false,\r\n      \"sortable\": false,\r\n      \"facetable\": false,\r\n      \"retrievable\": true\r\n    },\r\n    {\r\n      \"name\": \"description_fr\",\r\n      \"type\": \"Edm.String\",\r\n      \"analyzer\": \"fr.lucene\",\r\n      \"key\": false,\r\n      \"searchable\": true,\r\n      \"filterable\": false,\r\n      \"sortable\": false,\r\n      \"facetable\": false,\r\n      \"retrievable\": true\r\n    },\r\n    {\r\n      \"name\": \"description_custom\",\r\n      \"type\": \"Edm.String\",\r\n      \"searchAnalyzer\": \"stop\",\r\n      \"indexAnalyzer\": \"stop\",\r\n      \"key\": false,\r\n      \"searchable\": true,\r\n      \"filterable\": false,\r\n      \"sortable\": false,\r\n      \"facetable\": false,\r\n      \"retrievable\": true\r\n    },\r\n    {\r\n      \"name\": \"hotelName\",\r\n      \"type\": \"Edm.String\",\r\n      \"key\": false,\r\n      \"searchable\": true,\r\n      \"filterable\": true,\r\n      \"sortable\": true,\r\n      \"facetable\": true,\r\n      \"retrievable\": true\r\n    },\r\n    {\r\n      \"name\": \"category\",\r\n      \"type\": \"Edm.String\",\r\n      \"key\": false,\r\n      \"searchable\": true,\r\n      \"filterable\": true,\r\n      \"sortable\": true,\r\n      \"facetable\": true,\r\n      \"retrievable\": true\r\n    },\r\n    {\r\n      \"name\": \"tags\",\r\n      \"type\": \"Collection(Edm.String)\",\r\n      \"key\": false,\r\n      \"searchable\": true,\r\n      \"filterable\": true,\r\n      \"sortable\": false,\r\n      \"facetable\": true,\r\n      \"retrievable\": true\r\n    },\r\n    {\r\n      \"name\": \"parkingIncluded\",\r\n      \"type\": \"Edm.Boolean\",\r\n      \"key\": false,\r\n      \"searchable\": false,\r\n      \"filterable\": true,\r\n      \"sortable\": true,\r\n      \"facetable\": true,\r\n      \"retrievable\": true\r\n    },\r\n    {\r\n      \"name\": \"smokingAllowed\",\r\n      \"type\": \"Edm.Boolean\",\r\n      \"key\": false,\r\n      \"searchable\": false,\r\n      \"filterable\": true,\r\n      \"sortable\": true,\r\n      \"facetable\": true,\r\n      \"retrievable\": true\r\n    },\r\n    {\r\n      \"name\": \"lastRenovationDate\",\r\n      \"type\": \"Edm.DateTimeOffset\",\r\n      \"key\": false,\r\n      \"searchable\": false,\r\n      \"filterable\": true,\r\n      \"sortable\": true,\r\n      \"facetable\": true,\r\n      \"retrievable\": true\r\n    },\r\n    {\r\n      \"name\": \"rating\",\r\n      \"type\": \"Edm.Int32\",\r\n      \"key\": false,\r\n      \"searchable\": false,\r\n      \"filterable\": true,\r\n      \"sortable\": true,\r\n      \"facetable\": true,\r\n      \"retrievable\": true\r\n    },\r\n    {\r\n      \"name\": \"location\",\r\n      \"type\": \"Edm.GeographyPoint\",\r\n      \"key\": false,\r\n      \"searchable\": false,\r\n      \"filterable\": true,\r\n      \"sortable\": true,\r\n      \"facetable\": false,\r\n      \"retrievable\": true\r\n    },\r\n    {\r\n      \"name\": \"totalGuests\",\r\n      \"type\": \"Edm.Int64\",\r\n      \"key\": false,\r\n      \"searchable\": false,\r\n      \"filterable\": true,\r\n      \"sortable\": true,\r\n      \"facetable\": true,\r\n      \"retrievable\": false\r\n    },\r\n    {\r\n      \"name\": \"profitMargin\",\r\n      \"type\": \"Edm.Double\",\r\n      \"key\": false,\r\n      \"searchable\": false,\r\n      \"filterable\": false,\r\n      \"sortable\": false,\r\n      \"facetable\": false,\r\n      \"retrievable\": true\r\n    }\r\n  ],\r\n  \"scoringProfiles\": [\r\n    {\r\n      \"name\": \"MyProfile\",\r\n      \"text\": {\r\n        \"weights\": {\r\n          \"description\": 1.5,\r\n          \"category\": 2.0\r\n        }\r\n      },\r\n      \"functions\": [\r\n        {\r\n          \"type\": \"magnitude\",\r\n          \"magnitude\": {\r\n            \"boostingRangeStart\": 1.0,\r\n            \"boostingRangeEnd\": 4.0,\r\n            \"constantBoostBeyondRange\": true\r\n          },\r\n          \"fieldName\": \"rating\",\r\n          \"boost\": 2.0,\r\n          \"interpolation\": \"constant\"\r\n        },\r\n        {\r\n          \"type\": \"distance\",\r\n          \"distance\": {\r\n            \"referencePointParameter\": \"loc\",\r\n            \"boostingDistance\": 5.0\r\n          },\r\n          \"fieldName\": \"location\",\r\n          \"boost\": 1.5,\r\n          \"interpolation\": \"linear\"\r\n        },\r\n        {\r\n          \"type\": \"freshness\",\r\n          \"freshness\": {\r\n            \"boostingDuration\": \"P365D\"\r\n          },\r\n          \"fieldName\": \"lastRenovationDate\",\r\n          \"boost\": 1.1,\r\n          \"interpolation\": \"logarithmic\"\r\n        }\r\n      ],\r\n      \"functionAggregation\": \"average\"\r\n    },\r\n    {\r\n      \"name\": \"ProfileTwo\",\r\n      \"functions\": [\r\n        {\r\n          \"type\": \"tag\",\r\n          \"tag\": {\r\n            \"tagsParameter\": \"mytags\"\r\n          },\r\n          \"fieldName\": \"tags\",\r\n          \"boost\": 1.5,\r\n          \"interpolation\": \"linear\"\r\n        }\r\n      ],\r\n      \"functionAggregation\": \"maximum\"\r\n    },\r\n    {\r\n      \"name\": \"ProfileThree\",\r\n      \"functions\": [\r\n        {\r\n          \"type\": \"magnitude\",\r\n          \"magnitude\": {\r\n            \"boostingRangeStart\": 0.0,\r\n            \"boostingRangeEnd\": 10.0,\r\n            \"constantBoostBeyondRange\": false\r\n          },\r\n          \"fieldName\": \"rating\",\r\n          \"boost\": 3.0,\r\n          \"interpolation\": \"quadratic\"\r\n        }\r\n      ],\r\n      \"functionAggregation\": \"minimum\"\r\n    },\r\n    {\r\n      \"name\": \"ProfileFour\",\r\n      \"functions\": [\r\n        {\r\n          \"type\": \"magnitude\",\r\n          \"magnitude\": {\r\n            \"boostingRangeStart\": 1.0,\r\n            \"boostingRangeEnd\": 5.0,\r\n            \"constantBoostBeyondRange\": false\r\n          },\r\n          \"fieldName\": \"rating\",\r\n          \"boost\": 3.14,\r\n          \"interpolation\": \"constant\"\r\n        }\r\n      ],\r\n      \"functionAggregation\": \"firstMatching\"\r\n    }\r\n  ],\r\n  \"defaultScoringProfile\": \"MyProfile\",\r\n  \"corsOptions\": {\r\n    \"allowedOrigins\": [\r\n      \"http://tempuri.org\",\r\n      \"http://localhost:80\"\r\n    ],\r\n    \"maxAgeInSeconds\": 60\r\n  },\r\n  \"suggesters\": [\r\n    {\r\n      \"name\": \"FancySuggester\",\r\n      \"sourceFields\": [\r\n        \"hotelName\"\r\n      ],\r\n      \"searchMode\": \"analyzingInfixMatching\"\r\n    }\r\n  ]\r\n}",
      "RequestHeaders": {
        "Content-Type": [
          "application/json; charset=utf-8"
        ],
        "Content-Length": [
          "6270"
        ],
        "client-request-id": [
          "820e8287-bcf5-44ac-bed3-b44a9a94ad84"
        ],
        "accept-language": [
          "en-US"
        ],
        "api-key": [
          "0EA478665C374F9C54A4A434D5D7ABC7"
        ],
        "User-Agent": [
          "FxVersion/4.6.25211.01",
          "Microsoft.Azure.Search.SearchServiceClient/5.0.0.0"
        ]
      },
      "ResponseBody": "{\r\n  \"@odata.context\": \"https://azs-6073.search-dogfood.windows-int.net/$metadata#indexes/$entity\",\r\n  \"@odata.etag\": \"\\\"0x8D5A18C4C4FBDDD\\\"\",\r\n  \"name\": \"azsmnet2227\",\r\n  \"fields\": [\r\n    {\r\n      \"name\": \"hotelId\",\r\n      \"type\": \"Edm.String\",\r\n      \"searchable\": false,\r\n      \"filterable\": true,\r\n      \"retrievable\": true,\r\n      \"sortable\": true,\r\n      \"facetable\": true,\r\n      \"key\": true,\r\n      \"indexAnalyzer\": null,\r\n      \"searchAnalyzer\": null,\r\n      \"analyzer\": null,\r\n      \"synonymMaps\": []\r\n    },\r\n    {\r\n      \"name\": \"baseRate\",\r\n      \"type\": \"Edm.Double\",\r\n      \"searchable\": false,\r\n      \"filterable\": true,\r\n      \"retrievable\": true,\r\n      \"sortable\": true,\r\n      \"facetable\": true,\r\n      \"key\": false,\r\n      \"indexAnalyzer\": null,\r\n      \"searchAnalyzer\": null,\r\n      \"analyzer\": null,\r\n      \"synonymMaps\": []\r\n    },\r\n    {\r\n      \"name\": \"description\",\r\n      \"type\": \"Edm.String\",\r\n      \"searchable\": true,\r\n      \"filterable\": false,\r\n      \"retrievable\": true,\r\n      \"sortable\": false,\r\n      \"facetable\": false,\r\n      \"key\": false,\r\n      \"indexAnalyzer\": null,\r\n      \"searchAnalyzer\": null,\r\n      \"analyzer\": null,\r\n      \"synonymMaps\": []\r\n    },\r\n    {\r\n      \"name\": \"description_fr\",\r\n      \"type\": \"Edm.String\",\r\n      \"searchable\": true,\r\n      \"filterable\": false,\r\n      \"retrievable\": true,\r\n      \"sortable\": false,\r\n      \"facetable\": false,\r\n      \"key\": false,\r\n      \"indexAnalyzer\": null,\r\n      \"searchAnalyzer\": null,\r\n      \"analyzer\": \"fr.lucene\",\r\n      \"synonymMaps\": []\r\n    },\r\n    {\r\n      \"name\": \"description_custom\",\r\n      \"type\": \"Edm.String\",\r\n      \"searchable\": true,\r\n      \"filterable\": false,\r\n      \"retrievable\": true,\r\n      \"sortable\": false,\r\n      \"facetable\": false,\r\n      \"key\": false,\r\n      \"indexAnalyzer\": \"stop\",\r\n      \"searchAnalyzer\": \"stop\",\r\n      \"analyzer\": null,\r\n      \"synonymMaps\": []\r\n    },\r\n    {\r\n      \"name\": \"hotelName\",\r\n      \"type\": \"Edm.String\",\r\n      \"searchable\": true,\r\n      \"filterable\": true,\r\n      \"retrievable\": true,\r\n      \"sortable\": true,\r\n      \"facetable\": true,\r\n      \"key\": false,\r\n      \"indexAnalyzer\": null,\r\n      \"searchAnalyzer\": null,\r\n      \"analyzer\": null,\r\n      \"synonymMaps\": []\r\n    },\r\n    {\r\n      \"name\": \"category\",\r\n      \"type\": \"Edm.String\",\r\n      \"searchable\": true,\r\n      \"filterable\": true,\r\n      \"retrievable\": true,\r\n      \"sortable\": true,\r\n      \"facetable\": true,\r\n      \"key\": false,\r\n      \"indexAnalyzer\": null,\r\n      \"searchAnalyzer\": null,\r\n      \"analyzer\": null,\r\n      \"synonymMaps\": []\r\n    },\r\n    {\r\n      \"name\": \"tags\",\r\n      \"type\": \"Collection(Edm.String)\",\r\n      \"searchable\": true,\r\n      \"filterable\": true,\r\n      \"retrievable\": true,\r\n      \"sortable\": false,\r\n      \"facetable\": true,\r\n      \"key\": false,\r\n      \"indexAnalyzer\": null,\r\n      \"searchAnalyzer\": null,\r\n      \"analyzer\": null,\r\n      \"synonymMaps\": []\r\n    },\r\n    {\r\n      \"name\": \"parkingIncluded\",\r\n      \"type\": \"Edm.Boolean\",\r\n      \"searchable\": false,\r\n      \"filterable\": true,\r\n      \"retrievable\": true,\r\n      \"sortable\": true,\r\n      \"facetable\": true,\r\n      \"key\": false,\r\n      \"indexAnalyzer\": null,\r\n      \"searchAnalyzer\": null,\r\n      \"analyzer\": null,\r\n      \"synonymMaps\": []\r\n    },\r\n    {\r\n      \"name\": \"smokingAllowed\",\r\n      \"type\": \"Edm.Boolean\",\r\n      \"searchable\": false,\r\n      \"filterable\": true,\r\n      \"retrievable\": true,\r\n      \"sortable\": true,\r\n      \"facetable\": true,\r\n      \"key\": false,\r\n      \"indexAnalyzer\": null,\r\n      \"searchAnalyzer\": null,\r\n      \"analyzer\": null,\r\n      \"synonymMaps\": []\r\n    },\r\n    {\r\n      \"name\": \"lastRenovationDate\",\r\n      \"type\": \"Edm.DateTimeOffset\",\r\n      \"searchable\": false,\r\n      \"filterable\": true,\r\n      \"retrievable\": true,\r\n      \"sortable\": true,\r\n      \"facetable\": true,\r\n      \"key\": false,\r\n      \"indexAnalyzer\": null,\r\n      \"searchAnalyzer\": null,\r\n      \"analyzer\": null,\r\n      \"synonymMaps\": []\r\n    },\r\n    {\r\n      \"name\": \"rating\",\r\n      \"type\": \"Edm.Int32\",\r\n      \"searchable\": false,\r\n      \"filterable\": true,\r\n      \"retrievable\": true,\r\n      \"sortable\": true,\r\n      \"facetable\": true,\r\n      \"key\": false,\r\n      \"indexAnalyzer\": null,\r\n      \"searchAnalyzer\": null,\r\n      \"analyzer\": null,\r\n      \"synonymMaps\": []\r\n    },\r\n    {\r\n      \"name\": \"location\",\r\n      \"type\": \"Edm.GeographyPoint\",\r\n      \"searchable\": false,\r\n      \"filterable\": true,\r\n      \"retrievable\": true,\r\n      \"sortable\": true,\r\n      \"facetable\": false,\r\n      \"key\": false,\r\n      \"indexAnalyzer\": null,\r\n      \"searchAnalyzer\": null,\r\n      \"analyzer\": null,\r\n      \"synonymMaps\": []\r\n    },\r\n    {\r\n      \"name\": \"totalGuests\",\r\n      \"type\": \"Edm.Int64\",\r\n      \"searchable\": false,\r\n      \"filterable\": true,\r\n      \"retrievable\": false,\r\n      \"sortable\": true,\r\n      \"facetable\": true,\r\n      \"key\": false,\r\n      \"indexAnalyzer\": null,\r\n      \"searchAnalyzer\": null,\r\n      \"analyzer\": null,\r\n      \"synonymMaps\": []\r\n    },\r\n    {\r\n      \"name\": \"profitMargin\",\r\n      \"type\": \"Edm.Double\",\r\n      \"searchable\": false,\r\n      \"filterable\": false,\r\n      \"retrievable\": true,\r\n      \"sortable\": false,\r\n      \"facetable\": false,\r\n      \"key\": false,\r\n      \"indexAnalyzer\": null,\r\n      \"searchAnalyzer\": null,\r\n      \"analyzer\": null,\r\n      \"synonymMaps\": []\r\n    }\r\n  ],\r\n  \"scoringProfiles\": [\r\n    {\r\n      \"name\": \"MyProfile\",\r\n      \"text\": {\r\n        \"weights\": {\r\n          \"description\": 1.5,\r\n          \"category\": 2.0\r\n        }\r\n      },\r\n      \"functions\": [\r\n        {\r\n          \"fieldName\": \"rating\",\r\n          \"freshness\": null,\r\n          \"interpolation\": \"constant\",\r\n          \"magnitude\": {\r\n            \"boostingRangeStart\": 1.0,\r\n            \"boostingRangeEnd\": 4.0,\r\n            \"constantBoostBeyondRange\": true\r\n          },\r\n          \"distance\": null,\r\n          \"tag\": null,\r\n          \"type\": \"magnitude\",\r\n          \"boost\": 2.0\r\n        },\r\n        {\r\n          \"fieldName\": \"location\",\r\n          \"freshness\": null,\r\n          \"interpolation\": \"linear\",\r\n          \"magnitude\": null,\r\n          \"distance\": {\r\n            \"referencePointParameter\": \"loc\",\r\n            \"boostingDistance\": 5.0\r\n          },\r\n          \"tag\": null,\r\n          \"type\": \"distance\",\r\n          \"boost\": 1.5\r\n        },\r\n        {\r\n          \"fieldName\": \"lastRenovationDate\",\r\n          \"freshness\": {\r\n            \"boostingDuration\": \"P365D\"\r\n          },\r\n          \"interpolation\": \"logarithmic\",\r\n          \"magnitude\": null,\r\n          \"distance\": null,\r\n          \"tag\": null,\r\n          \"type\": \"freshness\",\r\n          \"boost\": 1.1\r\n        }\r\n      ],\r\n      \"functionAggregation\": \"average\"\r\n    },\r\n    {\r\n      \"name\": \"ProfileTwo\",\r\n      \"text\": null,\r\n      \"functions\": [\r\n        {\r\n          \"fieldName\": \"tags\",\r\n          \"freshness\": null,\r\n          \"interpolation\": \"linear\",\r\n          \"magnitude\": null,\r\n          \"distance\": null,\r\n          \"tag\": {\r\n            \"tagsParameter\": \"mytags\"\r\n          },\r\n          \"type\": \"tag\",\r\n          \"boost\": 1.5\r\n        }\r\n      ],\r\n      \"functionAggregation\": \"maximum\"\r\n    },\r\n    {\r\n      \"name\": \"ProfileThree\",\r\n      \"text\": null,\r\n      \"functions\": [\r\n        {\r\n          \"fieldName\": \"rating\",\r\n          \"freshness\": null,\r\n          \"interpolation\": \"quadratic\",\r\n          \"magnitude\": {\r\n            \"boostingRangeStart\": 0.0,\r\n            \"boostingRangeEnd\": 10.0,\r\n            \"constantBoostBeyondRange\": false\r\n          },\r\n          \"distance\": null,\r\n          \"tag\": null,\r\n          \"type\": \"magnitude\",\r\n          \"boost\": 3.0\r\n        }\r\n      ],\r\n      \"functionAggregation\": \"minimum\"\r\n    },\r\n    {\r\n      \"name\": \"ProfileFour\",\r\n      \"text\": null,\r\n      \"functions\": [\r\n        {\r\n          \"fieldName\": \"rating\",\r\n          \"freshness\": null,\r\n          \"interpolation\": \"constant\",\r\n          \"magnitude\": {\r\n            \"boostingRangeStart\": 1.0,\r\n            \"boostingRangeEnd\": 5.0,\r\n            \"constantBoostBeyondRange\": false\r\n          },\r\n          \"distance\": null,\r\n          \"tag\": null,\r\n          \"type\": \"magnitude\",\r\n          \"boost\": 3.14\r\n        }\r\n      ],\r\n      \"functionAggregation\": \"firstMatching\"\r\n    }\r\n  ],\r\n  \"defaultScoringProfile\": \"MyProfile\",\r\n  \"corsOptions\": {\r\n    \"allowedOrigins\": [\r\n      \"http://tempuri.org\",\r\n      \"http://localhost:80\"\r\n    ],\r\n    \"maxAgeInSeconds\": 60\r\n  },\r\n  \"suggesters\": [\r\n    {\r\n      \"name\": \"FancySuggester\",\r\n      \"searchMode\": \"analyzingInfixMatching\",\r\n      \"sourceFields\": [\r\n        \"hotelName\"\r\n      ]\r\n    }\r\n  ],\r\n  \"analyzers\": [],\r\n  \"tokenizers\": [],\r\n  \"tokenFilters\": [],\r\n  \"charFilters\": []\r\n}",
      "ResponseHeaders": {
        "Content-Length": [
          "5398"
        ],
        "Content-Type": [
          "application/json; odata.metadata=minimal"
        ],
        "Expires": [
          "-1"
        ],
        "Cache-Control": [
          "no-cache"
        ],
        "Date": [
          "Fri, 13 Apr 2018 22:17:07 GMT"
        ],
        "Pragma": [
          "no-cache"
        ],
        "ETag": [
          "W/\"0x8D5A18C4C4FBDDD\""
        ],
        "Location": [
          "https://azs-6073.search-dogfood.windows-int.net/indexes('azsmnet2227')?api-version=2017-11-11"
        ],
        "request-id": [
          "820e8287-bcf5-44ac-bed3-b44a9a94ad84"
        ],
        "elapsed-time": [
          "1544"
        ],
        "OData-Version": [
          "4.0"
        ],
        "Preference-Applied": [
          "odata.include-annotations=\"*\""
        ],
        "Strict-Transport-Security": [
          "max-age=15724800; includeSubDomains"
        ]
      },
      "StatusCode": 201
    },
    {
      "RequestUri": "/indexes?api-version=2017-11-11",
      "EncodedRequestUri": "L2luZGV4ZXM/YXBpLXZlcnNpb249MjAxNy0xMS0xMQ==",
      "RequestMethod": "POST",
      "RequestBody": "{\r\n  \"name\": \"azsmnet2664\",\r\n  \"fields\": [\r\n    {\r\n      \"name\": \"hotelId\",\r\n      \"type\": \"Edm.String\",\r\n      \"key\": true,\r\n      \"searchable\": false,\r\n      \"filterable\": true,\r\n      \"sortable\": true,\r\n      \"facetable\": true,\r\n      \"retrievable\": true\r\n    },\r\n    {\r\n      \"name\": \"baseRate\",\r\n      \"type\": \"Edm.Double\",\r\n      \"key\": false,\r\n      \"searchable\": false,\r\n      \"filterable\": true,\r\n      \"sortable\": true,\r\n      \"facetable\": true,\r\n      \"retrievable\": true\r\n    },\r\n    {\r\n      \"name\": \"description\",\r\n      \"type\": \"Edm.String\",\r\n      \"key\": false,\r\n      \"searchable\": true,\r\n      \"filterable\": false,\r\n      \"sortable\": false,\r\n      \"facetable\": false,\r\n      \"retrievable\": true\r\n    },\r\n    {\r\n      \"name\": \"description_fr\",\r\n      \"type\": \"Edm.String\",\r\n      \"analyzer\": \"fr.lucene\",\r\n      \"key\": false,\r\n      \"searchable\": true,\r\n      \"filterable\": false,\r\n      \"sortable\": false,\r\n      \"facetable\": false,\r\n      \"retrievable\": true\r\n    },\r\n    {\r\n      \"name\": \"description_custom\",\r\n      \"type\": \"Edm.String\",\r\n      \"searchAnalyzer\": \"stop\",\r\n      \"indexAnalyzer\": \"stop\",\r\n      \"key\": false,\r\n      \"searchable\": true,\r\n      \"filterable\": false,\r\n      \"sortable\": false,\r\n      \"facetable\": false,\r\n      \"retrievable\": true\r\n    },\r\n    {\r\n      \"name\": \"hotelName\",\r\n      \"type\": \"Edm.String\",\r\n      \"key\": false,\r\n      \"searchable\": true,\r\n      \"filterable\": true,\r\n      \"sortable\": true,\r\n      \"facetable\": true,\r\n      \"retrievable\": true\r\n    },\r\n    {\r\n      \"name\": \"category\",\r\n      \"type\": \"Edm.String\",\r\n      \"key\": false,\r\n      \"searchable\": true,\r\n      \"filterable\": true,\r\n      \"sortable\": true,\r\n      \"facetable\": true,\r\n      \"retrievable\": true\r\n    },\r\n    {\r\n      \"name\": \"tags\",\r\n      \"type\": \"Collection(Edm.String)\",\r\n      \"key\": false,\r\n      \"searchable\": true,\r\n      \"filterable\": true,\r\n      \"sortable\": false,\r\n      \"facetable\": true,\r\n      \"retrievable\": true\r\n    },\r\n    {\r\n      \"name\": \"parkingIncluded\",\r\n      \"type\": \"Edm.Boolean\",\r\n      \"key\": false,\r\n      \"searchable\": false,\r\n      \"filterable\": true,\r\n      \"sortable\": true,\r\n      \"facetable\": true,\r\n      \"retrievable\": true\r\n    },\r\n    {\r\n      \"name\": \"smokingAllowed\",\r\n      \"type\": \"Edm.Boolean\",\r\n      \"key\": false,\r\n      \"searchable\": false,\r\n      \"filterable\": true,\r\n      \"sortable\": true,\r\n      \"facetable\": true,\r\n      \"retrievable\": true\r\n    },\r\n    {\r\n      \"name\": \"lastRenovationDate\",\r\n      \"type\": \"Edm.DateTimeOffset\",\r\n      \"key\": false,\r\n      \"searchable\": false,\r\n      \"filterable\": true,\r\n      \"sortable\": true,\r\n      \"facetable\": true,\r\n      \"retrievable\": true\r\n    },\r\n    {\r\n      \"name\": \"rating\",\r\n      \"type\": \"Edm.Int32\",\r\n      \"key\": false,\r\n      \"searchable\": false,\r\n      \"filterable\": true,\r\n      \"sortable\": true,\r\n      \"facetable\": true,\r\n      \"retrievable\": true\r\n    },\r\n    {\r\n      \"name\": \"location\",\r\n      \"type\": \"Edm.GeographyPoint\",\r\n      \"key\": false,\r\n      \"searchable\": false,\r\n      \"filterable\": true,\r\n      \"sortable\": true,\r\n      \"facetable\": false,\r\n      \"retrievable\": true\r\n    },\r\n    {\r\n      \"name\": \"totalGuests\",\r\n      \"type\": \"Edm.Int64\",\r\n      \"key\": false,\r\n      \"searchable\": false,\r\n      \"filterable\": true,\r\n      \"sortable\": true,\r\n      \"facetable\": true,\r\n      \"retrievable\": false\r\n    },\r\n    {\r\n      \"name\": \"profitMargin\",\r\n      \"type\": \"Edm.Double\",\r\n      \"key\": false,\r\n      \"searchable\": false,\r\n      \"filterable\": false,\r\n      \"sortable\": false,\r\n      \"facetable\": false,\r\n      \"retrievable\": true\r\n    }\r\n  ],\r\n  \"scoringProfiles\": [\r\n    {\r\n      \"name\": \"MyProfile\",\r\n      \"text\": {\r\n        \"weights\": {\r\n          \"description\": 1.5,\r\n          \"category\": 2.0\r\n        }\r\n      },\r\n      \"functions\": [\r\n        {\r\n          \"type\": \"magnitude\",\r\n          \"magnitude\": {\r\n            \"boostingRangeStart\": 1.0,\r\n            \"boostingRangeEnd\": 4.0,\r\n            \"constantBoostBeyondRange\": true\r\n          },\r\n          \"fieldName\": \"rating\",\r\n          \"boost\": 2.0,\r\n          \"interpolation\": \"constant\"\r\n        },\r\n        {\r\n          \"type\": \"distance\",\r\n          \"distance\": {\r\n            \"referencePointParameter\": \"loc\",\r\n            \"boostingDistance\": 5.0\r\n          },\r\n          \"fieldName\": \"location\",\r\n          \"boost\": 1.5,\r\n          \"interpolation\": \"linear\"\r\n        },\r\n        {\r\n          \"type\": \"freshness\",\r\n          \"freshness\": {\r\n            \"boostingDuration\": \"P365D\"\r\n          },\r\n          \"fieldName\": \"lastRenovationDate\",\r\n          \"boost\": 1.1,\r\n          \"interpolation\": \"logarithmic\"\r\n        }\r\n      ],\r\n      \"functionAggregation\": \"average\"\r\n    },\r\n    {\r\n      \"name\": \"ProfileTwo\",\r\n      \"functions\": [\r\n        {\r\n          \"type\": \"tag\",\r\n          \"tag\": {\r\n            \"tagsParameter\": \"mytags\"\r\n          },\r\n          \"fieldName\": \"tags\",\r\n          \"boost\": 1.5,\r\n          \"interpolation\": \"linear\"\r\n        }\r\n      ],\r\n      \"functionAggregation\": \"maximum\"\r\n    },\r\n    {\r\n      \"name\": \"ProfileThree\",\r\n      \"functions\": [\r\n        {\r\n          \"type\": \"magnitude\",\r\n          \"magnitude\": {\r\n            \"boostingRangeStart\": 0.0,\r\n            \"boostingRangeEnd\": 10.0,\r\n            \"constantBoostBeyondRange\": false\r\n          },\r\n          \"fieldName\": \"rating\",\r\n          \"boost\": 3.0,\r\n          \"interpolation\": \"quadratic\"\r\n        }\r\n      ],\r\n      \"functionAggregation\": \"minimum\"\r\n    },\r\n    {\r\n      \"name\": \"ProfileFour\",\r\n      \"functions\": [\r\n        {\r\n          \"type\": \"magnitude\",\r\n          \"magnitude\": {\r\n            \"boostingRangeStart\": 1.0,\r\n            \"boostingRangeEnd\": 5.0,\r\n            \"constantBoostBeyondRange\": false\r\n          },\r\n          \"fieldName\": \"rating\",\r\n          \"boost\": 3.14,\r\n          \"interpolation\": \"constant\"\r\n        }\r\n      ],\r\n      \"functionAggregation\": \"firstMatching\"\r\n    }\r\n  ],\r\n  \"defaultScoringProfile\": \"MyProfile\",\r\n  \"corsOptions\": {\r\n    \"allowedOrigins\": [\r\n      \"http://tempuri.org\",\r\n      \"http://localhost:80\"\r\n    ],\r\n    \"maxAgeInSeconds\": 60\r\n  },\r\n  \"suggesters\": [\r\n    {\r\n      \"name\": \"FancySuggester\",\r\n      \"sourceFields\": [\r\n        \"hotelName\"\r\n      ],\r\n      \"searchMode\": \"analyzingInfixMatching\"\r\n    }\r\n  ]\r\n}",
      "RequestHeaders": {
        "Content-Type": [
          "application/json; charset=utf-8"
        ],
        "Content-Length": [
          "6270"
        ],
        "client-request-id": [
          "5c6f0d9f-deb4-4468-8407-e3d56a115aef"
        ],
        "accept-language": [
          "en-US"
        ],
        "api-key": [
          "0EA478665C374F9C54A4A434D5D7ABC7"
        ],
        "User-Agent": [
          "FxVersion/4.6.25211.01",
          "Microsoft.Azure.Search.SearchServiceClient/5.0.0.0"
        ]
      },
      "ResponseBody": "{\r\n  \"@odata.context\": \"https://azs-6073.search-dogfood.windows-int.net/$metadata#indexes/$entity\",\r\n  \"@odata.etag\": \"\\\"0x8D5A18C4D404D7D\\\"\",\r\n  \"name\": \"azsmnet2664\",\r\n  \"fields\": [\r\n    {\r\n      \"name\": \"hotelId\",\r\n      \"type\": \"Edm.String\",\r\n      \"searchable\": false,\r\n      \"filterable\": true,\r\n      \"retrievable\": true,\r\n      \"sortable\": true,\r\n      \"facetable\": true,\r\n      \"key\": true,\r\n      \"indexAnalyzer\": null,\r\n      \"searchAnalyzer\": null,\r\n      \"analyzer\": null,\r\n      \"synonymMaps\": []\r\n    },\r\n    {\r\n      \"name\": \"baseRate\",\r\n      \"type\": \"Edm.Double\",\r\n      \"searchable\": false,\r\n      \"filterable\": true,\r\n      \"retrievable\": true,\r\n      \"sortable\": true,\r\n      \"facetable\": true,\r\n      \"key\": false,\r\n      \"indexAnalyzer\": null,\r\n      \"searchAnalyzer\": null,\r\n      \"analyzer\": null,\r\n      \"synonymMaps\": []\r\n    },\r\n    {\r\n      \"name\": \"description\",\r\n      \"type\": \"Edm.String\",\r\n      \"searchable\": true,\r\n      \"filterable\": false,\r\n      \"retrievable\": true,\r\n      \"sortable\": false,\r\n      \"facetable\": false,\r\n      \"key\": false,\r\n      \"indexAnalyzer\": null,\r\n      \"searchAnalyzer\": null,\r\n      \"analyzer\": null,\r\n      \"synonymMaps\": []\r\n    },\r\n    {\r\n      \"name\": \"description_fr\",\r\n      \"type\": \"Edm.String\",\r\n      \"searchable\": true,\r\n      \"filterable\": false,\r\n      \"retrievable\": true,\r\n      \"sortable\": false,\r\n      \"facetable\": false,\r\n      \"key\": false,\r\n      \"indexAnalyzer\": null,\r\n      \"searchAnalyzer\": null,\r\n      \"analyzer\": \"fr.lucene\",\r\n      \"synonymMaps\": []\r\n    },\r\n    {\r\n      \"name\": \"description_custom\",\r\n      \"type\": \"Edm.String\",\r\n      \"searchable\": true,\r\n      \"filterable\": false,\r\n      \"retrievable\": true,\r\n      \"sortable\": false,\r\n      \"facetable\": false,\r\n      \"key\": false,\r\n      \"indexAnalyzer\": \"stop\",\r\n      \"searchAnalyzer\": \"stop\",\r\n      \"analyzer\": null,\r\n      \"synonymMaps\": []\r\n    },\r\n    {\r\n      \"name\": \"hotelName\",\r\n      \"type\": \"Edm.String\",\r\n      \"searchable\": true,\r\n      \"filterable\": true,\r\n      \"retrievable\": true,\r\n      \"sortable\": true,\r\n      \"facetable\": true,\r\n      \"key\": false,\r\n      \"indexAnalyzer\": null,\r\n      \"searchAnalyzer\": null,\r\n      \"analyzer\": null,\r\n      \"synonymMaps\": []\r\n    },\r\n    {\r\n      \"name\": \"category\",\r\n      \"type\": \"Edm.String\",\r\n      \"searchable\": true,\r\n      \"filterable\": true,\r\n      \"retrievable\": true,\r\n      \"sortable\": true,\r\n      \"facetable\": true,\r\n      \"key\": false,\r\n      \"indexAnalyzer\": null,\r\n      \"searchAnalyzer\": null,\r\n      \"analyzer\": null,\r\n      \"synonymMaps\": []\r\n    },\r\n    {\r\n      \"name\": \"tags\",\r\n      \"type\": \"Collection(Edm.String)\",\r\n      \"searchable\": true,\r\n      \"filterable\": true,\r\n      \"retrievable\": true,\r\n      \"sortable\": false,\r\n      \"facetable\": true,\r\n      \"key\": false,\r\n      \"indexAnalyzer\": null,\r\n      \"searchAnalyzer\": null,\r\n      \"analyzer\": null,\r\n      \"synonymMaps\": []\r\n    },\r\n    {\r\n      \"name\": \"parkingIncluded\",\r\n      \"type\": \"Edm.Boolean\",\r\n      \"searchable\": false,\r\n      \"filterable\": true,\r\n      \"retrievable\": true,\r\n      \"sortable\": true,\r\n      \"facetable\": true,\r\n      \"key\": false,\r\n      \"indexAnalyzer\": null,\r\n      \"searchAnalyzer\": null,\r\n      \"analyzer\": null,\r\n      \"synonymMaps\": []\r\n    },\r\n    {\r\n      \"name\": \"smokingAllowed\",\r\n      \"type\": \"Edm.Boolean\",\r\n      \"searchable\": false,\r\n      \"filterable\": true,\r\n      \"retrievable\": true,\r\n      \"sortable\": true,\r\n      \"facetable\": true,\r\n      \"key\": false,\r\n      \"indexAnalyzer\": null,\r\n      \"searchAnalyzer\": null,\r\n      \"analyzer\": null,\r\n      \"synonymMaps\": []\r\n    },\r\n    {\r\n      \"name\": \"lastRenovationDate\",\r\n      \"type\": \"Edm.DateTimeOffset\",\r\n      \"searchable\": false,\r\n      \"filterable\": true,\r\n      \"retrievable\": true,\r\n      \"sortable\": true,\r\n      \"facetable\": true,\r\n      \"key\": false,\r\n      \"indexAnalyzer\": null,\r\n      \"searchAnalyzer\": null,\r\n      \"analyzer\": null,\r\n      \"synonymMaps\": []\r\n    },\r\n    {\r\n      \"name\": \"rating\",\r\n      \"type\": \"Edm.Int32\",\r\n      \"searchable\": false,\r\n      \"filterable\": true,\r\n      \"retrievable\": true,\r\n      \"sortable\": true,\r\n      \"facetable\": true,\r\n      \"key\": false,\r\n      \"indexAnalyzer\": null,\r\n      \"searchAnalyzer\": null,\r\n      \"analyzer\": null,\r\n      \"synonymMaps\": []\r\n    },\r\n    {\r\n      \"name\": \"location\",\r\n      \"type\": \"Edm.GeographyPoint\",\r\n      \"searchable\": false,\r\n      \"filterable\": true,\r\n      \"retrievable\": true,\r\n      \"sortable\": true,\r\n      \"facetable\": false,\r\n      \"key\": false,\r\n      \"indexAnalyzer\": null,\r\n      \"searchAnalyzer\": null,\r\n      \"analyzer\": null,\r\n      \"synonymMaps\": []\r\n    },\r\n    {\r\n      \"name\": \"totalGuests\",\r\n      \"type\": \"Edm.Int64\",\r\n      \"searchable\": false,\r\n      \"filterable\": true,\r\n      \"retrievable\": false,\r\n      \"sortable\": true,\r\n      \"facetable\": true,\r\n      \"key\": false,\r\n      \"indexAnalyzer\": null,\r\n      \"searchAnalyzer\": null,\r\n      \"analyzer\": null,\r\n      \"synonymMaps\": []\r\n    },\r\n    {\r\n      \"name\": \"profitMargin\",\r\n      \"type\": \"Edm.Double\",\r\n      \"searchable\": false,\r\n      \"filterable\": false,\r\n      \"retrievable\": true,\r\n      \"sortable\": false,\r\n      \"facetable\": false,\r\n      \"key\": false,\r\n      \"indexAnalyzer\": null,\r\n      \"searchAnalyzer\": null,\r\n      \"analyzer\": null,\r\n      \"synonymMaps\": []\r\n    }\r\n  ],\r\n  \"scoringProfiles\": [\r\n    {\r\n      \"name\": \"MyProfile\",\r\n      \"text\": {\r\n        \"weights\": {\r\n          \"description\": 1.5,\r\n          \"category\": 2.0\r\n        }\r\n      },\r\n      \"functions\": [\r\n        {\r\n          \"fieldName\": \"rating\",\r\n          \"freshness\": null,\r\n          \"interpolation\": \"constant\",\r\n          \"magnitude\": {\r\n            \"boostingRangeStart\": 1.0,\r\n            \"boostingRangeEnd\": 4.0,\r\n            \"constantBoostBeyondRange\": true\r\n          },\r\n          \"distance\": null,\r\n          \"tag\": null,\r\n          \"type\": \"magnitude\",\r\n          \"boost\": 2.0\r\n        },\r\n        {\r\n          \"fieldName\": \"location\",\r\n          \"freshness\": null,\r\n          \"interpolation\": \"linear\",\r\n          \"magnitude\": null,\r\n          \"distance\": {\r\n            \"referencePointParameter\": \"loc\",\r\n            \"boostingDistance\": 5.0\r\n          },\r\n          \"tag\": null,\r\n          \"type\": \"distance\",\r\n          \"boost\": 1.5\r\n        },\r\n        {\r\n          \"fieldName\": \"lastRenovationDate\",\r\n          \"freshness\": {\r\n            \"boostingDuration\": \"P365D\"\r\n          },\r\n          \"interpolation\": \"logarithmic\",\r\n          \"magnitude\": null,\r\n          \"distance\": null,\r\n          \"tag\": null,\r\n          \"type\": \"freshness\",\r\n          \"boost\": 1.1\r\n        }\r\n      ],\r\n      \"functionAggregation\": \"average\"\r\n    },\r\n    {\r\n      \"name\": \"ProfileTwo\",\r\n      \"text\": null,\r\n      \"functions\": [\r\n        {\r\n          \"fieldName\": \"tags\",\r\n          \"freshness\": null,\r\n          \"interpolation\": \"linear\",\r\n          \"magnitude\": null,\r\n          \"distance\": null,\r\n          \"tag\": {\r\n            \"tagsParameter\": \"mytags\"\r\n          },\r\n          \"type\": \"tag\",\r\n          \"boost\": 1.5\r\n        }\r\n      ],\r\n      \"functionAggregation\": \"maximum\"\r\n    },\r\n    {\r\n      \"name\": \"ProfileThree\",\r\n      \"text\": null,\r\n      \"functions\": [\r\n        {\r\n          \"fieldName\": \"rating\",\r\n          \"freshness\": null,\r\n          \"interpolation\": \"quadratic\",\r\n          \"magnitude\": {\r\n            \"boostingRangeStart\": 0.0,\r\n            \"boostingRangeEnd\": 10.0,\r\n            \"constantBoostBeyondRange\": false\r\n          },\r\n          \"distance\": null,\r\n          \"tag\": null,\r\n          \"type\": \"magnitude\",\r\n          \"boost\": 3.0\r\n        }\r\n      ],\r\n      \"functionAggregation\": \"minimum\"\r\n    },\r\n    {\r\n      \"name\": \"ProfileFour\",\r\n      \"text\": null,\r\n      \"functions\": [\r\n        {\r\n          \"fieldName\": \"rating\",\r\n          \"freshness\": null,\r\n          \"interpolation\": \"constant\",\r\n          \"magnitude\": {\r\n            \"boostingRangeStart\": 1.0,\r\n            \"boostingRangeEnd\": 5.0,\r\n            \"constantBoostBeyondRange\": false\r\n          },\r\n          \"distance\": null,\r\n          \"tag\": null,\r\n          \"type\": \"magnitude\",\r\n          \"boost\": 3.14\r\n        }\r\n      ],\r\n      \"functionAggregation\": \"firstMatching\"\r\n    }\r\n  ],\r\n  \"defaultScoringProfile\": \"MyProfile\",\r\n  \"corsOptions\": {\r\n    \"allowedOrigins\": [\r\n      \"http://tempuri.org\",\r\n      \"http://localhost:80\"\r\n    ],\r\n    \"maxAgeInSeconds\": 60\r\n  },\r\n  \"suggesters\": [\r\n    {\r\n      \"name\": \"FancySuggester\",\r\n      \"searchMode\": \"analyzingInfixMatching\",\r\n      \"sourceFields\": [\r\n        \"hotelName\"\r\n      ]\r\n    }\r\n  ],\r\n  \"analyzers\": [],\r\n  \"tokenizers\": [],\r\n  \"tokenFilters\": [],\r\n  \"charFilters\": []\r\n}",
      "ResponseHeaders": {
        "Content-Length": [
          "5398"
        ],
        "Content-Type": [
          "application/json; odata.metadata=minimal"
        ],
        "Expires": [
          "-1"
        ],
        "Cache-Control": [
          "no-cache"
        ],
        "Date": [
          "Fri, 13 Apr 2018 22:17:09 GMT"
        ],
        "Pragma": [
          "no-cache"
        ],
        "ETag": [
          "W/\"0x8D5A18C4D404D7D\""
        ],
        "Location": [
          "https://azs-6073.search-dogfood.windows-int.net/indexes('azsmnet2664')?api-version=2017-11-11"
        ],
        "request-id": [
          "5c6f0d9f-deb4-4468-8407-e3d56a115aef"
        ],
        "elapsed-time": [
          "1466"
        ],
        "OData-Version": [
          "4.0"
        ],
        "Preference-Applied": [
          "odata.include-annotations=\"*\""
        ],
        "Strict-Transport-Security": [
          "max-age=15724800; includeSubDomains"
        ]
      },
      "StatusCode": 201
    },
    {
      "RequestUri": "/indexes?api-version=2017-11-11",
      "EncodedRequestUri": "L2luZGV4ZXM/YXBpLXZlcnNpb249MjAxNy0xMS0xMQ==",
      "RequestMethod": "GET",
      "RequestBody": "",
      "RequestHeaders": {
        "client-request-id": [
          "30bccb7a-0954-4cfa-b588-4bed2a9a7111"
        ],
        "accept-language": [
          "en-US"
        ],
        "api-key": [
          "0EA478665C374F9C54A4A434D5D7ABC7"
        ],
        "User-Agent": [
          "FxVersion/4.6.25211.01",
          "Microsoft.Azure.Search.SearchServiceClient/5.0.0.0"
        ]
      },
      "ResponseBody": "{\r\n  \"@odata.context\": \"https://azs-6073.search-dogfood.windows-int.net/$metadata#indexes\",\r\n  \"value\": [\r\n    {\r\n      \"@odata.etag\": \"\\\"0x8D5A18C4C4FBDDD\\\"\",\r\n      \"name\": \"azsmnet2227\",\r\n      \"fields\": [\r\n        {\r\n          \"name\": \"hotelId\",\r\n          \"type\": \"Edm.String\",\r\n          \"searchable\": false,\r\n          \"filterable\": true,\r\n          \"retrievable\": true,\r\n          \"sortable\": true,\r\n          \"facetable\": true,\r\n          \"key\": true,\r\n          \"indexAnalyzer\": null,\r\n          \"searchAnalyzer\": null,\r\n          \"analyzer\": null,\r\n          \"synonymMaps\": []\r\n        },\r\n        {\r\n          \"name\": \"baseRate\",\r\n          \"type\": \"Edm.Double\",\r\n          \"searchable\": false,\r\n          \"filterable\": true,\r\n          \"retrievable\": true,\r\n          \"sortable\": true,\r\n          \"facetable\": true,\r\n          \"key\": false,\r\n          \"indexAnalyzer\": null,\r\n          \"searchAnalyzer\": null,\r\n          \"analyzer\": null,\r\n          \"synonymMaps\": []\r\n        },\r\n        {\r\n          \"name\": \"description\",\r\n          \"type\": \"Edm.String\",\r\n          \"searchable\": true,\r\n          \"filterable\": false,\r\n          \"retrievable\": true,\r\n          \"sortable\": false,\r\n          \"facetable\": false,\r\n          \"key\": false,\r\n          \"indexAnalyzer\": null,\r\n          \"searchAnalyzer\": null,\r\n          \"analyzer\": null,\r\n          \"synonymMaps\": []\r\n        },\r\n        {\r\n          \"name\": \"description_fr\",\r\n          \"type\": \"Edm.String\",\r\n          \"searchable\": true,\r\n          \"filterable\": false,\r\n          \"retrievable\": true,\r\n          \"sortable\": false,\r\n          \"facetable\": false,\r\n          \"key\": false,\r\n          \"indexAnalyzer\": null,\r\n          \"searchAnalyzer\": null,\r\n          \"analyzer\": \"fr.lucene\",\r\n          \"synonymMaps\": []\r\n        },\r\n        {\r\n          \"name\": \"description_custom\",\r\n          \"type\": \"Edm.String\",\r\n          \"searchable\": true,\r\n          \"filterable\": false,\r\n          \"retrievable\": true,\r\n          \"sortable\": false,\r\n          \"facetable\": false,\r\n          \"key\": false,\r\n          \"indexAnalyzer\": \"stop\",\r\n          \"searchAnalyzer\": \"stop\",\r\n          \"analyzer\": null,\r\n          \"synonymMaps\": []\r\n        },\r\n        {\r\n          \"name\": \"hotelName\",\r\n          \"type\": \"Edm.String\",\r\n          \"searchable\": true,\r\n          \"filterable\": true,\r\n          \"retrievable\": true,\r\n          \"sortable\": true,\r\n          \"facetable\": true,\r\n          \"key\": false,\r\n          \"indexAnalyzer\": null,\r\n          \"searchAnalyzer\": null,\r\n          \"analyzer\": null,\r\n          \"synonymMaps\": []\r\n        },\r\n        {\r\n          \"name\": \"category\",\r\n          \"type\": \"Edm.String\",\r\n          \"searchable\": true,\r\n          \"filterable\": true,\r\n          \"retrievable\": true,\r\n          \"sortable\": true,\r\n          \"facetable\": true,\r\n          \"key\": false,\r\n          \"indexAnalyzer\": null,\r\n          \"searchAnalyzer\": null,\r\n          \"analyzer\": null,\r\n          \"synonymMaps\": []\r\n        },\r\n        {\r\n          \"name\": \"tags\",\r\n          \"type\": \"Collection(Edm.String)\",\r\n          \"searchable\": true,\r\n          \"filterable\": true,\r\n          \"retrievable\": true,\r\n          \"sortable\": false,\r\n          \"facetable\": true,\r\n          \"key\": false,\r\n          \"indexAnalyzer\": null,\r\n          \"searchAnalyzer\": null,\r\n          \"analyzer\": null,\r\n          \"synonymMaps\": []\r\n        },\r\n        {\r\n          \"name\": \"parkingIncluded\",\r\n          \"type\": \"Edm.Boolean\",\r\n          \"searchable\": false,\r\n          \"filterable\": true,\r\n          \"retrievable\": true,\r\n          \"sortable\": true,\r\n          \"facetable\": true,\r\n          \"key\": false,\r\n          \"indexAnalyzer\": null,\r\n          \"searchAnalyzer\": null,\r\n          \"analyzer\": null,\r\n          \"synonymMaps\": []\r\n        },\r\n        {\r\n          \"name\": \"smokingAllowed\",\r\n          \"type\": \"Edm.Boolean\",\r\n          \"searchable\": false,\r\n          \"filterable\": true,\r\n          \"retrievable\": true,\r\n          \"sortable\": true,\r\n          \"facetable\": true,\r\n          \"key\": false,\r\n          \"indexAnalyzer\": null,\r\n          \"searchAnalyzer\": null,\r\n          \"analyzer\": null,\r\n          \"synonymMaps\": []\r\n        },\r\n        {\r\n          \"name\": \"lastRenovationDate\",\r\n          \"type\": \"Edm.DateTimeOffset\",\r\n          \"searchable\": false,\r\n          \"filterable\": true,\r\n          \"retrievable\": true,\r\n          \"sortable\": true,\r\n          \"facetable\": true,\r\n          \"key\": false,\r\n          \"indexAnalyzer\": null,\r\n          \"searchAnalyzer\": null,\r\n          \"analyzer\": null,\r\n          \"synonymMaps\": []\r\n        },\r\n        {\r\n          \"name\": \"rating\",\r\n          \"type\": \"Edm.Int32\",\r\n          \"searchable\": false,\r\n          \"filterable\": true,\r\n          \"retrievable\": true,\r\n          \"sortable\": true,\r\n          \"facetable\": true,\r\n          \"key\": false,\r\n          \"indexAnalyzer\": null,\r\n          \"searchAnalyzer\": null,\r\n          \"analyzer\": null,\r\n          \"synonymMaps\": []\r\n        },\r\n        {\r\n          \"name\": \"location\",\r\n          \"type\": \"Edm.GeographyPoint\",\r\n          \"searchable\": false,\r\n          \"filterable\": true,\r\n          \"retrievable\": true,\r\n          \"sortable\": true,\r\n          \"facetable\": false,\r\n          \"key\": false,\r\n          \"indexAnalyzer\": null,\r\n          \"searchAnalyzer\": null,\r\n          \"analyzer\": null,\r\n          \"synonymMaps\": []\r\n        },\r\n        {\r\n          \"name\": \"totalGuests\",\r\n          \"type\": \"Edm.Int64\",\r\n          \"searchable\": false,\r\n          \"filterable\": true,\r\n          \"retrievable\": false,\r\n          \"sortable\": true,\r\n          \"facetable\": true,\r\n          \"key\": false,\r\n          \"indexAnalyzer\": null,\r\n          \"searchAnalyzer\": null,\r\n          \"analyzer\": null,\r\n          \"synonymMaps\": []\r\n        },\r\n        {\r\n          \"name\": \"profitMargin\",\r\n          \"type\": \"Edm.Double\",\r\n          \"searchable\": false,\r\n          \"filterable\": false,\r\n          \"retrievable\": true,\r\n          \"sortable\": false,\r\n          \"facetable\": false,\r\n          \"key\": false,\r\n          \"indexAnalyzer\": null,\r\n          \"searchAnalyzer\": null,\r\n          \"analyzer\": null,\r\n          \"synonymMaps\": []\r\n        }\r\n      ],\r\n      \"scoringProfiles\": [\r\n        {\r\n          \"name\": \"MyProfile\",\r\n          \"text\": {\r\n            \"weights\": {\r\n              \"description\": 1.5,\r\n              \"category\": 2.0\r\n            }\r\n          },\r\n          \"functions\": [\r\n            {\r\n              \"fieldName\": \"rating\",\r\n              \"freshness\": null,\r\n              \"interpolation\": \"constant\",\r\n              \"magnitude\": {\r\n                \"boostingRangeStart\": 1.0,\r\n                \"boostingRangeEnd\": 4.0,\r\n                \"constantBoostBeyondRange\": true\r\n              },\r\n              \"distance\": null,\r\n              \"tag\": null,\r\n              \"type\": \"magnitude\",\r\n              \"boost\": 2.0\r\n            },\r\n            {\r\n              \"fieldName\": \"location\",\r\n              \"freshness\": null,\r\n              \"interpolation\": \"linear\",\r\n              \"magnitude\": null,\r\n              \"distance\": {\r\n                \"referencePointParameter\": \"loc\",\r\n                \"boostingDistance\": 5.0\r\n              },\r\n              \"tag\": null,\r\n              \"type\": \"distance\",\r\n              \"boost\": 1.5\r\n            },\r\n            {\r\n              \"fieldName\": \"lastRenovationDate\",\r\n              \"freshness\": {\r\n                \"boostingDuration\": \"P365D\"\r\n              },\r\n              \"interpolation\": \"logarithmic\",\r\n              \"magnitude\": null,\r\n              \"distance\": null,\r\n              \"tag\": null,\r\n              \"type\": \"freshness\",\r\n              \"boost\": 1.1\r\n            }\r\n          ],\r\n          \"functionAggregation\": \"average\"\r\n        },\r\n        {\r\n          \"name\": \"ProfileTwo\",\r\n          \"text\": null,\r\n          \"functions\": [\r\n            {\r\n              \"fieldName\": \"tags\",\r\n              \"freshness\": null,\r\n              \"interpolation\": \"linear\",\r\n              \"magnitude\": null,\r\n              \"distance\": null,\r\n              \"tag\": {\r\n                \"tagsParameter\": \"mytags\"\r\n              },\r\n              \"type\": \"tag\",\r\n              \"boost\": 1.5\r\n            }\r\n          ],\r\n          \"functionAggregation\": \"maximum\"\r\n        },\r\n        {\r\n          \"name\": \"ProfileThree\",\r\n          \"text\": null,\r\n          \"functions\": [\r\n            {\r\n              \"fieldName\": \"rating\",\r\n              \"freshness\": null,\r\n              \"interpolation\": \"quadratic\",\r\n              \"magnitude\": {\r\n                \"boostingRangeStart\": 0.0,\r\n                \"boostingRangeEnd\": 10.0,\r\n                \"constantBoostBeyondRange\": false\r\n              },\r\n              \"distance\": null,\r\n              \"tag\": null,\r\n              \"type\": \"magnitude\",\r\n              \"boost\": 3.0\r\n            }\r\n          ],\r\n          \"functionAggregation\": \"minimum\"\r\n        },\r\n        {\r\n          \"name\": \"ProfileFour\",\r\n          \"text\": null,\r\n          \"functions\": [\r\n            {\r\n              \"fieldName\": \"rating\",\r\n              \"freshness\": null,\r\n              \"interpolation\": \"constant\",\r\n              \"magnitude\": {\r\n                \"boostingRangeStart\": 1.0,\r\n                \"boostingRangeEnd\": 5.0,\r\n                \"constantBoostBeyondRange\": false\r\n              },\r\n              \"distance\": null,\r\n              \"tag\": null,\r\n              \"type\": \"magnitude\",\r\n              \"boost\": 3.14\r\n            }\r\n          ],\r\n          \"functionAggregation\": \"firstMatching\"\r\n        }\r\n      ],\r\n      \"defaultScoringProfile\": \"MyProfile\",\r\n      \"corsOptions\": {\r\n        \"allowedOrigins\": [\r\n          \"http://tempuri.org\",\r\n          \"http://localhost:80\"\r\n        ],\r\n        \"maxAgeInSeconds\": 60\r\n      },\r\n      \"suggesters\": [\r\n        {\r\n          \"name\": \"FancySuggester\",\r\n          \"searchMode\": \"analyzingInfixMatching\",\r\n          \"sourceFields\": [\r\n            \"hotelName\"\r\n          ]\r\n        }\r\n      ],\r\n      \"analyzers\": [],\r\n      \"tokenizers\": [],\r\n      \"tokenFilters\": [],\r\n      \"charFilters\": []\r\n    },\r\n    {\r\n      \"@odata.etag\": \"\\\"0x8D5A18C4D404D7D\\\"\",\r\n      \"name\": \"azsmnet2664\",\r\n      \"fields\": [\r\n        {\r\n          \"name\": \"hotelId\",\r\n          \"type\": \"Edm.String\",\r\n          \"searchable\": false,\r\n          \"filterable\": true,\r\n          \"retrievable\": true,\r\n          \"sortable\": true,\r\n          \"facetable\": true,\r\n          \"key\": true,\r\n          \"indexAnalyzer\": null,\r\n          \"searchAnalyzer\": null,\r\n          \"analyzer\": null,\r\n          \"synonymMaps\": []\r\n        },\r\n        {\r\n          \"name\": \"baseRate\",\r\n          \"type\": \"Edm.Double\",\r\n          \"searchable\": false,\r\n          \"filterable\": true,\r\n          \"retrievable\": true,\r\n          \"sortable\": true,\r\n          \"facetable\": true,\r\n          \"key\": false,\r\n          \"indexAnalyzer\": null,\r\n          \"searchAnalyzer\": null,\r\n          \"analyzer\": null,\r\n          \"synonymMaps\": []\r\n        },\r\n        {\r\n          \"name\": \"description\",\r\n          \"type\": \"Edm.String\",\r\n          \"searchable\": true,\r\n          \"filterable\": false,\r\n          \"retrievable\": true,\r\n          \"sortable\": false,\r\n          \"facetable\": false,\r\n          \"key\": false,\r\n          \"indexAnalyzer\": null,\r\n          \"searchAnalyzer\": null,\r\n          \"analyzer\": null,\r\n          \"synonymMaps\": []\r\n        },\r\n        {\r\n          \"name\": \"description_fr\",\r\n          \"type\": \"Edm.String\",\r\n          \"searchable\": true,\r\n          \"filterable\": false,\r\n          \"retrievable\": true,\r\n          \"sortable\": false,\r\n          \"facetable\": false,\r\n          \"key\": false,\r\n          \"indexAnalyzer\": null,\r\n          \"searchAnalyzer\": null,\r\n          \"analyzer\": \"fr.lucene\",\r\n          \"synonymMaps\": []\r\n        },\r\n        {\r\n          \"name\": \"description_custom\",\r\n          \"type\": \"Edm.String\",\r\n          \"searchable\": true,\r\n          \"filterable\": false,\r\n          \"retrievable\": true,\r\n          \"sortable\": false,\r\n          \"facetable\": false,\r\n          \"key\": false,\r\n          \"indexAnalyzer\": \"stop\",\r\n          \"searchAnalyzer\": \"stop\",\r\n          \"analyzer\": null,\r\n          \"synonymMaps\": []\r\n        },\r\n        {\r\n          \"name\": \"hotelName\",\r\n          \"type\": \"Edm.String\",\r\n          \"searchable\": true,\r\n          \"filterable\": true,\r\n          \"retrievable\": true,\r\n          \"sortable\": true,\r\n          \"facetable\": true,\r\n          \"key\": false,\r\n          \"indexAnalyzer\": null,\r\n          \"searchAnalyzer\": null,\r\n          \"analyzer\": null,\r\n          \"synonymMaps\": []\r\n        },\r\n        {\r\n          \"name\": \"category\",\r\n          \"type\": \"Edm.String\",\r\n          \"searchable\": true,\r\n          \"filterable\": true,\r\n          \"retrievable\": true,\r\n          \"sortable\": true,\r\n          \"facetable\": true,\r\n          \"key\": false,\r\n          \"indexAnalyzer\": null,\r\n          \"searchAnalyzer\": null,\r\n          \"analyzer\": null,\r\n          \"synonymMaps\": []\r\n        },\r\n        {\r\n          \"name\": \"tags\",\r\n          \"type\": \"Collection(Edm.String)\",\r\n          \"searchable\": true,\r\n          \"filterable\": true,\r\n          \"retrievable\": true,\r\n          \"sortable\": false,\r\n          \"facetable\": true,\r\n          \"key\": false,\r\n          \"indexAnalyzer\": null,\r\n          \"searchAnalyzer\": null,\r\n          \"analyzer\": null,\r\n          \"synonymMaps\": []\r\n        },\r\n        {\r\n          \"name\": \"parkingIncluded\",\r\n          \"type\": \"Edm.Boolean\",\r\n          \"searchable\": false,\r\n          \"filterable\": true,\r\n          \"retrievable\": true,\r\n          \"sortable\": true,\r\n          \"facetable\": true,\r\n          \"key\": false,\r\n          \"indexAnalyzer\": null,\r\n          \"searchAnalyzer\": null,\r\n          \"analyzer\": null,\r\n          \"synonymMaps\": []\r\n        },\r\n        {\r\n          \"name\": \"smokingAllowed\",\r\n          \"type\": \"Edm.Boolean\",\r\n          \"searchable\": false,\r\n          \"filterable\": true,\r\n          \"retrievable\": true,\r\n          \"sortable\": true,\r\n          \"facetable\": true,\r\n          \"key\": false,\r\n          \"indexAnalyzer\": null,\r\n          \"searchAnalyzer\": null,\r\n          \"analyzer\": null,\r\n          \"synonymMaps\": []\r\n        },\r\n        {\r\n          \"name\": \"lastRenovationDate\",\r\n          \"type\": \"Edm.DateTimeOffset\",\r\n          \"searchable\": false,\r\n          \"filterable\": true,\r\n          \"retrievable\": true,\r\n          \"sortable\": true,\r\n          \"facetable\": true,\r\n          \"key\": false,\r\n          \"indexAnalyzer\": null,\r\n          \"searchAnalyzer\": null,\r\n          \"analyzer\": null,\r\n          \"synonymMaps\": []\r\n        },\r\n        {\r\n          \"name\": \"rating\",\r\n          \"type\": \"Edm.Int32\",\r\n          \"searchable\": false,\r\n          \"filterable\": true,\r\n          \"retrievable\": true,\r\n          \"sortable\": true,\r\n          \"facetable\": true,\r\n          \"key\": false,\r\n          \"indexAnalyzer\": null,\r\n          \"searchAnalyzer\": null,\r\n          \"analyzer\": null,\r\n          \"synonymMaps\": []\r\n        },\r\n        {\r\n          \"name\": \"location\",\r\n          \"type\": \"Edm.GeographyPoint\",\r\n          \"searchable\": false,\r\n          \"filterable\": true,\r\n          \"retrievable\": true,\r\n          \"sortable\": true,\r\n          \"facetable\": false,\r\n          \"key\": false,\r\n          \"indexAnalyzer\": null,\r\n          \"searchAnalyzer\": null,\r\n          \"analyzer\": null,\r\n          \"synonymMaps\": []\r\n        },\r\n        {\r\n          \"name\": \"totalGuests\",\r\n          \"type\": \"Edm.Int64\",\r\n          \"searchable\": false,\r\n          \"filterable\": true,\r\n          \"retrievable\": false,\r\n          \"sortable\": true,\r\n          \"facetable\": true,\r\n          \"key\": false,\r\n          \"indexAnalyzer\": null,\r\n          \"searchAnalyzer\": null,\r\n          \"analyzer\": null,\r\n          \"synonymMaps\": []\r\n        },\r\n        {\r\n          \"name\": \"profitMargin\",\r\n          \"type\": \"Edm.Double\",\r\n          \"searchable\": false,\r\n          \"filterable\": false,\r\n          \"retrievable\": true,\r\n          \"sortable\": false,\r\n          \"facetable\": false,\r\n          \"key\": false,\r\n          \"indexAnalyzer\": null,\r\n          \"searchAnalyzer\": null,\r\n          \"analyzer\": null,\r\n          \"synonymMaps\": []\r\n        }\r\n      ],\r\n      \"scoringProfiles\": [\r\n        {\r\n          \"name\": \"MyProfile\",\r\n          \"text\": {\r\n            \"weights\": {\r\n              \"description\": 1.5,\r\n              \"category\": 2.0\r\n            }\r\n          },\r\n          \"functions\": [\r\n            {\r\n              \"fieldName\": \"rating\",\r\n              \"freshness\": null,\r\n              \"interpolation\": \"constant\",\r\n              \"magnitude\": {\r\n                \"boostingRangeStart\": 1.0,\r\n                \"boostingRangeEnd\": 4.0,\r\n                \"constantBoostBeyondRange\": true\r\n              },\r\n              \"distance\": null,\r\n              \"tag\": null,\r\n              \"type\": \"magnitude\",\r\n              \"boost\": 2.0\r\n            },\r\n            {\r\n              \"fieldName\": \"location\",\r\n              \"freshness\": null,\r\n              \"interpolation\": \"linear\",\r\n              \"magnitude\": null,\r\n              \"distance\": {\r\n                \"referencePointParameter\": \"loc\",\r\n                \"boostingDistance\": 5.0\r\n              },\r\n              \"tag\": null,\r\n              \"type\": \"distance\",\r\n              \"boost\": 1.5\r\n            },\r\n            {\r\n              \"fieldName\": \"lastRenovationDate\",\r\n              \"freshness\": {\r\n                \"boostingDuration\": \"P365D\"\r\n              },\r\n              \"interpolation\": \"logarithmic\",\r\n              \"magnitude\": null,\r\n              \"distance\": null,\r\n              \"tag\": null,\r\n              \"type\": \"freshness\",\r\n              \"boost\": 1.1\r\n            }\r\n          ],\r\n          \"functionAggregation\": \"average\"\r\n        },\r\n        {\r\n          \"name\": \"ProfileTwo\",\r\n          \"text\": null,\r\n          \"functions\": [\r\n            {\r\n              \"fieldName\": \"tags\",\r\n              \"freshness\": null,\r\n              \"interpolation\": \"linear\",\r\n              \"magnitude\": null,\r\n              \"distance\": null,\r\n              \"tag\": {\r\n                \"tagsParameter\": \"mytags\"\r\n              },\r\n              \"type\": \"tag\",\r\n              \"boost\": 1.5\r\n            }\r\n          ],\r\n          \"functionAggregation\": \"maximum\"\r\n        },\r\n        {\r\n          \"name\": \"ProfileThree\",\r\n          \"text\": null,\r\n          \"functions\": [\r\n            {\r\n              \"fieldName\": \"rating\",\r\n              \"freshness\": null,\r\n              \"interpolation\": \"quadratic\",\r\n              \"magnitude\": {\r\n                \"boostingRangeStart\": 0.0,\r\n                \"boostingRangeEnd\": 10.0,\r\n                \"constantBoostBeyondRange\": false\r\n              },\r\n              \"distance\": null,\r\n              \"tag\": null,\r\n              \"type\": \"magnitude\",\r\n              \"boost\": 3.0\r\n            }\r\n          ],\r\n          \"functionAggregation\": \"minimum\"\r\n        },\r\n        {\r\n          \"name\": \"ProfileFour\",\r\n          \"text\": null,\r\n          \"functions\": [\r\n            {\r\n              \"fieldName\": \"rating\",\r\n              \"freshness\": null,\r\n              \"interpolation\": \"constant\",\r\n              \"magnitude\": {\r\n                \"boostingRangeStart\": 1.0,\r\n                \"boostingRangeEnd\": 5.0,\r\n                \"constantBoostBeyondRange\": false\r\n              },\r\n              \"distance\": null,\r\n              \"tag\": null,\r\n              \"type\": \"magnitude\",\r\n              \"boost\": 3.14\r\n            }\r\n          ],\r\n          \"functionAggregation\": \"firstMatching\"\r\n        }\r\n      ],\r\n      \"defaultScoringProfile\": \"MyProfile\",\r\n      \"corsOptions\": {\r\n        \"allowedOrigins\": [\r\n          \"http://tempuri.org\",\r\n          \"http://localhost:80\"\r\n        ],\r\n        \"maxAgeInSeconds\": 60\r\n      },\r\n      \"suggesters\": [\r\n        {\r\n          \"name\": \"FancySuggester\",\r\n          \"searchMode\": \"analyzingInfixMatching\",\r\n          \"sourceFields\": [\r\n            \"hotelName\"\r\n          ]\r\n        }\r\n      ],\r\n      \"analyzers\": [],\r\n      \"tokenizers\": [],\r\n      \"tokenFilters\": [],\r\n      \"charFilters\": []\r\n    }\r\n  ]\r\n}",
      "ResponseHeaders": {
        "Content-Type": [
          "application/json; odata.metadata=minimal; odata.streaming=true"
        ],
        "Expires": [
          "-1"
        ],
        "Cache-Control": [
          "no-cache"
        ],
        "Date": [
          "Fri, 13 Apr 2018 22:17:09 GMT"
        ],
        "Pragma": [
          "no-cache"
        ],
        "Vary": [
          "Accept-Encoding"
        ],
        "request-id": [
          "30bccb7a-0954-4cfa-b588-4bed2a9a7111"
        ],
        "elapsed-time": [
          "53"
        ],
        "OData-Version": [
          "4.0"
        ],
        "Preference-Applied": [
          "odata.include-annotations=\"*\""
        ],
        "Strict-Transport-Security": [
          "max-age=15724800; includeSubDomains"
        ]
      },
      "StatusCode": 200
    },
    {
      "RequestUri": "/indexes?$select=name&api-version=2017-11-11",
      "EncodedRequestUri": "L2luZGV4ZXM/JHNlbGVjdD1uYW1lJmFwaS12ZXJzaW9uPTIwMTctMTEtMTE=",
      "RequestMethod": "GET",
      "RequestBody": "",
      "RequestHeaders": {
        "client-request-id": [
          "3ffce947-bd1d-4f02-a7c8-8c3d7ffc6f45"
        ],
        "accept-language": [
          "en-US"
        ],
        "api-key": [
          "0EA478665C374F9C54A4A434D5D7ABC7"
        ],
        "User-Agent": [
          "FxVersion/4.6.25211.01",
          "Microsoft.Azure.Search.SearchServiceClient/5.0.0.0"
        ]
      },
      "ResponseBody": "{\r\n  \"@odata.context\": \"https://azs-6073.search-dogfood.windows-int.net/$metadata#indexes(name)\",\r\n  \"value\": [\r\n    {\r\n      \"name\": \"azsmnet2227\"\r\n    },\r\n    {\r\n      \"name\": \"azsmnet2664\"\r\n    }\r\n  ]\r\n}",
      "ResponseHeaders": {
        "Content-Type": [
          "application/json; odata.metadata=minimal; odata.streaming=true"
        ],
        "Expires": [
          "-1"
        ],
        "Cache-Control": [
          "no-cache"
        ],
        "Date": [
          "Fri, 13 Apr 2018 22:17:09 GMT"
        ],
        "Pragma": [
          "no-cache"
        ],
        "Vary": [
          "Accept-Encoding"
        ],
        "request-id": [
          "3ffce947-bd1d-4f02-a7c8-8c3d7ffc6f45"
        ],
        "elapsed-time": [
          "16"
        ],
        "OData-Version": [
          "4.0"
        ],
        "Preference-Applied": [
          "odata.include-annotations=\"*\""
        ],
        "Strict-Transport-Security": [
          "max-age=15724800; includeSubDomains"
        ]
      },
      "StatusCode": 200
    },
    {
      "RequestUri": "/subscriptions/3c729b2a-4f86-4bb2-abe8-4b8647af156c/resourceGroups/azsmnet9635/providers/Microsoft.Search/searchServices/azs-6073?api-version=2015-08-19",
      "EncodedRequestUri": "L3N1YnNjcmlwdGlvbnMvM2M3MjliMmEtNGY4Ni00YmIyLWFiZTgtNGI4NjQ3YWYxNTZjL3Jlc291cmNlR3JvdXBzL2F6c21uZXQ5NjM1L3Byb3ZpZGVycy9NaWNyb3NvZnQuU2VhcmNoL3NlYXJjaFNlcnZpY2VzL2F6cy02MDczP2FwaS12ZXJzaW9uPTIwMTUtMDgtMTk=",
      "RequestMethod": "DELETE",
      "RequestBody": "",
      "RequestHeaders": {
        "x-ms-client-request-id": [
          "9019fced-f0bf-457e-8e50-e6046d6842f2"
        ],
        "accept-language": [
          "en-US"
        ],
        "User-Agent": [
          "FxVersion/4.6.25211.01",
          "Microsoft.Azure.Management.Search.SearchManagementClient/2.0.0.0"
        ]
      },
      "ResponseBody": "",
      "ResponseHeaders": {
        "Content-Length": [
          "0"
        ],
        "Expires": [
          "-1"
        ],
        "Cache-Control": [
          "no-cache"
        ],
        "Date": [
          "Fri, 13 Apr 2018 22:17:14 GMT"
        ],
        "Pragma": [
          "no-cache"
        ],
        "x-ms-request-id": [
          "9019fced-f0bf-457e-8e50-e6046d6842f2"
        ],
        "request-id": [
          "9019fced-f0bf-457e-8e50-e6046d6842f2"
        ],
        "elapsed-time": [
          "928"
        ],
        "Strict-Transport-Security": [
          "max-age=31536000; includeSubDomains"
        ],
        "x-ms-ratelimit-remaining-subscription-writes": [
          "1016"
        ],
        "x-ms-correlation-request-id": [
          "eecdeb10-3f24-4a5f-b977-0f4a6776aa13"
        ],
        "x-ms-routing-request-id": [
          "NORTHEUROPE:20180413T221714Z:eecdeb10-3f24-4a5f-b977-0f4a6776aa13"
        ],
        "X-Content-Type-Options": [
          "nosniff"
        ]
      },
      "StatusCode": 200
    }
  ],
  "Names": {
    "GenerateName": [
      "azsmnet9635",
      "azsmnet2227",
      "azsmnet2664"
    ],
    "GenerateServiceName": [
      "azs-6073"
    ]
  },
  "Variables": {
    "SubscriptionId": "3c729b2a-4f86-4bb2-abe8-4b8647af156c"
  }
}