{
  "Entries": [
    {
      "RequestUri": "/subscriptions/3c729b2a-4f86-4bb2-abe8-4b8647af156c/providers/Microsoft.Search/register?api-version=2016-09-01",
      "EncodedRequestUri": "L3N1YnNjcmlwdGlvbnMvM2M3MjliMmEtNGY4Ni00YmIyLWFiZTgtNGI4NjQ3YWYxNTZjL3Byb3ZpZGVycy9NaWNyb3NvZnQuU2VhcmNoL3JlZ2lzdGVyP2FwaS12ZXJzaW9uPTIwMTYtMDktMDE=",
      "RequestMethod": "POST",
      "RequestBody": "",
      "RequestHeaders": {
        "x-ms-client-request-id": [
          "2adfdf0f-c5fb-4e1a-8498-4f233c59e3ca"
        ],
        "accept-language": [
          "en-US"
        ],
        "User-Agent": [
          "FxVersion/4.6.26614.01",
          "OSName/Windows",
          "OSVersion/Microsoft.Windows.10.0.17763.",
          "Microsoft.Azure.Management.ResourceManager.ResourceManagementClient/1.5.0.0"
        ]
      },
      "ResponseHeaders": {
        "Cache-Control": [
          "no-cache"
        ],
        "Date": [
          "Fri, 29 Mar 2019 15:15:36 GMT"
        ],
        "Pragma": [
          "no-cache"
        ],
        "x-ms-ratelimit-remaining-subscription-writes": [
          "1191"
        ],
        "x-ms-request-id": [
          "d9d3815a-3975-410c-81e7-6b7c735e2d9d"
        ],
        "x-ms-correlation-request-id": [
          "d9d3815a-3975-410c-81e7-6b7c735e2d9d"
        ],
        "x-ms-routing-request-id": [
          "NORTHEUROPE:20190329T151536Z:d9d3815a-3975-410c-81e7-6b7c735e2d9d"
        ],
        "Strict-Transport-Security": [
          "max-age=31536000; includeSubDomains"
        ],
        "X-Content-Type-Options": [
          "nosniff"
        ],
        "Content-Length": [
          "2230"
        ],
        "Content-Type": [
          "application/json; charset=utf-8"
        ],
        "Expires": [
          "-1"
        ]
      },
      "ResponseBody": "{\r\n  \"id\": \"/subscriptions/3c729b2a-4f86-4bb2-abe8-4b8647af156c/providers/Microsoft.Search\",\r\n  \"namespace\": \"Microsoft.Search\",\r\n  \"authorization\": {\r\n    \"applicationId\": \"804f4a7a-7d6e-4df7-bf8c-e7f0106e16c2\",\r\n    \"roleDefinitionId\": \"20FA3191-87CF-4C3D-9510-74CCB594A310\"\r\n  },\r\n  \"resourceTypes\": [\r\n    {\r\n      \"resourceType\": \"searchServices\",\r\n      \"locations\": [\r\n        \"West US\",\r\n        \"East US\"\r\n      ],\r\n      \"apiVersions\": [\r\n        \"2015-08-19\",\r\n        \"2015-02-28\",\r\n        \"2014-07-31-Preview\"\r\n      ],\r\n      \"capabilities\": \"CrossResourceGroupResourceMove, CrossSubscriptionResourceMove, SystemAssignedResourceIdentity\"\r\n    },\r\n    {\r\n      \"resourceType\": \"searchServicesCit\",\r\n      \"locations\": [\r\n        \"West US\"\r\n      ],\r\n      \"apiVersions\": [\r\n        \"2015-08-19\",\r\n        \"2015-02-28\",\r\n        \"2014-07-31-Preview\"\r\n      ],\r\n      \"capabilities\": \"CrossResourceGroupResourceMove, CrossSubscriptionResourceMove, SystemAssignedResourceIdentity\"\r\n    },\r\n    {\r\n      \"resourceType\": \"searchServicesInt\",\r\n      \"locations\": [\r\n        \"West US\"\r\n      ],\r\n      \"apiVersions\": [\r\n        \"2015-08-19\",\r\n        \"2015-02-28\",\r\n        \"2014-07-31-Preview\"\r\n      ],\r\n      \"capabilities\": \"CrossResourceGroupResourceMove, CrossSubscriptionResourceMove, SystemAssignedResourceIdentity\"\r\n    },\r\n    {\r\n      \"resourceType\": \"searchServicesPpe\",\r\n      \"locations\": [\r\n        \"West US\"\r\n      ],\r\n      \"apiVersions\": [\r\n        \"2015-08-19\",\r\n        \"2015-02-28\",\r\n        \"2014-07-31-Preview\"\r\n      ],\r\n      \"capabilities\": \"CrossResourceGroupResourceMove, CrossSubscriptionResourceMove, SystemAssignedResourceIdentity\"\r\n    },\r\n    {\r\n      \"resourceType\": \"checkServiceNameAvailability\",\r\n      \"locations\": [],\r\n      \"apiVersions\": [\r\n        \"2015-02-28\",\r\n        \"2014-07-31-Preview\"\r\n      ]\r\n    },\r\n    {\r\n      \"resourceType\": \"checkServiceNameAvailabilityCit\",\r\n      \"locations\": [],\r\n      \"apiVersions\": [\r\n        \"2015-02-28\",\r\n        \"2014-07-31-Preview\"\r\n      ]\r\n    },\r\n    {\r\n      \"resourceType\": \"checkServiceNameAvailabilityInt\",\r\n      \"locations\": [],\r\n      \"apiVersions\": [\r\n        \"2015-02-28\",\r\n        \"2014-07-31-Preview\"\r\n      ]\r\n    },\r\n    {\r\n      \"resourceType\": \"checkServiceNameAvailabilityPpe\",\r\n      \"locations\": [],\r\n      \"apiVersions\": [\r\n        \"2015-02-28\",\r\n        \"2014-07-31-Preview\"\r\n      ]\r\n    },\r\n    {\r\n      \"resourceType\": \"checkNameAvailability\",\r\n      \"locations\": [],\r\n      \"apiVersions\": [\r\n        \"2015-08-19\"\r\n      ]\r\n    },\r\n    {\r\n      \"resourceType\": \"checkNameAvailabilityCit\",\r\n      \"locations\": [],\r\n      \"apiVersions\": [\r\n        \"2015-08-19\"\r\n      ]\r\n    },\r\n    {\r\n      \"resourceType\": \"checkNameAvailabilityInt\",\r\n      \"locations\": [],\r\n      \"apiVersions\": [\r\n        \"2015-08-19\"\r\n      ]\r\n    },\r\n    {\r\n      \"resourceType\": \"checkNameAvailabilityPpe\",\r\n      \"locations\": [],\r\n      \"apiVersions\": [\r\n        \"2015-08-19\"\r\n      ]\r\n    },\r\n    {\r\n      \"resourceType\": \"resourceHealthMetadata\",\r\n      \"locations\": [],\r\n      \"apiVersions\": [\r\n        \"2015-08-19\"\r\n      ]\r\n    },\r\n    {\r\n      \"resourceType\": \"operations\",\r\n      \"locations\": [],\r\n      \"apiVersions\": [\r\n        \"2015-08-19\",\r\n        \"2015-02-28\"\r\n      ]\r\n    }\r\n  ],\r\n  \"registrationState\": \"Registered\"\r\n}",
      "StatusCode": 200
    },
    {
      "RequestUri": "/subscriptions/3c729b2a-4f86-4bb2-abe8-4b8647af156c/resourcegroups/azsmnet6353?api-version=2016-09-01",
      "EncodedRequestUri": "L3N1YnNjcmlwdGlvbnMvM2M3MjliMmEtNGY4Ni00YmIyLWFiZTgtNGI4NjQ3YWYxNTZjL3Jlc291cmNlZ3JvdXBzL2F6c21uZXQ2MzUzP2FwaS12ZXJzaW9uPTIwMTYtMDktMDE=",
      "RequestMethod": "PUT",
      "RequestBody": "{\r\n  \"location\": \"West US\"\r\n}",
      "RequestHeaders": {
        "x-ms-client-request-id": [
          "391a6517-64b9-4a09-9736-4aeb24010a26"
        ],
        "accept-language": [
          "en-US"
        ],
        "User-Agent": [
          "FxVersion/4.6.26614.01",
          "OSName/Windows",
          "OSVersion/Microsoft.Windows.10.0.17763.",
          "Microsoft.Azure.Management.ResourceManager.ResourceManagementClient/1.5.0.0"
        ],
        "Content-Type": [
          "application/json; charset=utf-8"
        ],
        "Content-Length": [
          "29"
        ]
      },
      "ResponseHeaders": {
        "Cache-Control": [
          "no-cache"
        ],
        "Date": [
          "Fri, 29 Mar 2019 15:15:37 GMT"
        ],
        "Pragma": [
          "no-cache"
        ],
        "x-ms-ratelimit-remaining-subscription-writes": [
          "1191"
        ],
        "x-ms-request-id": [
          "bb0e259e-a7fe-4cbe-9ca1-7bc015be8f80"
        ],
        "x-ms-correlation-request-id": [
          "bb0e259e-a7fe-4cbe-9ca1-7bc015be8f80"
        ],
        "x-ms-routing-request-id": [
          "NORTHEUROPE:20190329T151537Z:bb0e259e-a7fe-4cbe-9ca1-7bc015be8f80"
        ],
        "Strict-Transport-Security": [
          "max-age=31536000; includeSubDomains"
        ],
        "X-Content-Type-Options": [
          "nosniff"
        ],
        "Content-Length": [
          "175"
        ],
        "Content-Type": [
          "application/json; charset=utf-8"
        ],
        "Expires": [
          "-1"
        ]
      },
      "ResponseBody": "{\r\n  \"id\": \"/subscriptions/3c729b2a-4f86-4bb2-abe8-4b8647af156c/resourceGroups/azsmnet6353\",\r\n  \"name\": \"azsmnet6353\",\r\n  \"location\": \"westus\",\r\n  \"properties\": {\r\n    \"provisioningState\": \"Succeeded\"\r\n  }\r\n}",
      "StatusCode": 201
    },
    {
      "RequestUri": "/subscriptions/3c729b2a-4f86-4bb2-abe8-4b8647af156c/resourceGroups/azsmnet6353/providers/Microsoft.Search/searchServices/azs-1707?api-version=2015-08-19",
      "EncodedRequestUri": "L3N1YnNjcmlwdGlvbnMvM2M3MjliMmEtNGY4Ni00YmIyLWFiZTgtNGI4NjQ3YWYxNTZjL3Jlc291cmNlR3JvdXBzL2F6c21uZXQ2MzUzL3Byb3ZpZGVycy9NaWNyb3NvZnQuU2VhcmNoL3NlYXJjaFNlcnZpY2VzL2F6cy0xNzA3P2FwaS12ZXJzaW9uPTIwMTUtMDgtMTk=",
      "RequestMethod": "PUT",
      "RequestBody": "{\r\n  \"sku\": {\r\n    \"name\": \"free\"\r\n  },\r\n  \"location\": \"West US\"\r\n}",
      "RequestHeaders": {
        "x-ms-client-request-id": [
          "320610c4-4975-4dd2-a1d6-133196c02a28"
        ],
        "accept-language": [
          "en-US"
        ],
        "User-Agent": [
          "FxVersion/4.6.26614.01",
          "OSName/Windows",
          "OSVersion/Microsoft.Windows.10.0.17763.",
          "Microsoft.Azure.Management.Search.SearchManagementClient/2.0.1.0"
        ],
        "Content-Type": [
          "application/json; charset=utf-8"
        ],
        "Content-Length": [
          "67"
        ]
      },
      "ResponseHeaders": {
        "Cache-Control": [
          "no-cache"
        ],
        "Date": [
          "Fri, 29 Mar 2019 15:15:40 GMT"
        ],
        "Pragma": [
          "no-cache"
        ],
        "ETag": [
          "W/\"datetime'2019-03-29T15%3A15%3A39.6801164Z'\""
        ],
        "x-ms-request-id": [
          "320610c4-4975-4dd2-a1d6-133196c02a28"
        ],
        "request-id": [
          "320610c4-4975-4dd2-a1d6-133196c02a28"
        ],
        "elapsed-time": [
          "1137"
        ],
        "Strict-Transport-Security": [
          "max-age=31536000; includeSubDomains"
        ],
        "x-ms-ratelimit-remaining-subscription-writes": [
          "1192"
        ],
        "x-ms-correlation-request-id": [
          "ba6ff332-20fd-447a-b0a2-c70df63fb39a"
        ],
        "x-ms-routing-request-id": [
          "NORTHEUROPE:20190329T151540Z:ba6ff332-20fd-447a-b0a2-c70df63fb39a"
        ],
        "X-Content-Type-Options": [
          "nosniff"
        ],
        "Content-Length": [
          "385"
        ],
        "Content-Type": [
          "application/json; charset=utf-8"
        ],
        "Expires": [
          "-1"
        ]
      },
      "ResponseBody": "{\r\n  \"id\": \"/subscriptions/3c729b2a-4f86-4bb2-abe8-4b8647af156c/resourceGroups/azsmnet6353/providers/Microsoft.Search/searchServices/azs-1707\",\r\n  \"name\": \"azs-1707\",\r\n  \"type\": \"Microsoft.Search/searchServices\",\r\n  \"location\": \"West US\",\r\n  \"properties\": {\r\n    \"replicaCount\": 1,\r\n    \"partitionCount\": 1,\r\n    \"status\": \"running\",\r\n    \"statusDetails\": \"\",\r\n    \"provisioningState\": \"succeeded\",\r\n    \"hostingMode\": \"Default\"\r\n  },\r\n  \"sku\": {\r\n    \"name\": \"free\"\r\n  }\r\n}",
      "StatusCode": 201
    },
    {
      "RequestUri": "/subscriptions/3c729b2a-4f86-4bb2-abe8-4b8647af156c/resourceGroups/azsmnet6353/providers/Microsoft.Search/searchServices/azs-1707/listAdminKeys?api-version=2015-08-19",
      "EncodedRequestUri": "L3N1YnNjcmlwdGlvbnMvM2M3MjliMmEtNGY4Ni00YmIyLWFiZTgtNGI4NjQ3YWYxNTZjL3Jlc291cmNlR3JvdXBzL2F6c21uZXQ2MzUzL3Byb3ZpZGVycy9NaWNyb3NvZnQuU2VhcmNoL3NlYXJjaFNlcnZpY2VzL2F6cy0xNzA3L2xpc3RBZG1pbktleXM/YXBpLXZlcnNpb249MjAxNS0wOC0xOQ==",
      "RequestMethod": "POST",
      "RequestBody": "",
      "RequestHeaders": {
        "x-ms-client-request-id": [
          "4bc61ff1-1c1f-42bb-990a-db24468d261c"
        ],
        "accept-language": [
          "en-US"
        ],
        "User-Agent": [
          "FxVersion/4.6.26614.01",
          "OSName/Windows",
          "OSVersion/Microsoft.Windows.10.0.17763.",
          "Microsoft.Azure.Management.Search.SearchManagementClient/2.0.1.0"
        ]
      },
      "ResponseHeaders": {
        "Cache-Control": [
          "no-cache"
        ],
        "Date": [
          "Fri, 29 Mar 2019 15:15:44 GMT"
        ],
        "Pragma": [
          "no-cache"
        ],
        "Vary": [
          "Accept-Encoding"
        ],
        "x-ms-request-id": [
          "4bc61ff1-1c1f-42bb-990a-db24468d261c"
        ],
        "request-id": [
          "4bc61ff1-1c1f-42bb-990a-db24468d261c"
        ],
        "elapsed-time": [
          "112"
        ],
        "Strict-Transport-Security": [
          "max-age=31536000; includeSubDomains"
        ],
        "x-ms-ratelimit-remaining-subscription-writes": [
          "1192"
        ],
        "x-ms-correlation-request-id": [
          "8791cf73-20d0-49fa-911b-55abab9199e2"
        ],
        "x-ms-routing-request-id": [
          "NORTHEUROPE:20190329T151545Z:8791cf73-20d0-49fa-911b-55abab9199e2"
        ],
        "X-Content-Type-Options": [
          "nosniff"
        ],
        "Content-Length": [
          "99"
        ],
        "Content-Type": [
          "application/json; charset=utf-8"
        ],
        "Expires": [
          "-1"
        ]
      },
      "ResponseBody": "{\r\n  \"primaryKey\": \"A795243B2A6E499151F49419F5E7A6F5\",\r\n  \"secondaryKey\": \"448664CCAA004D84A040AE528E286E35\"\r\n}",
      "StatusCode": 200
    },
    {
      "RequestUri": "/subscriptions/3c729b2a-4f86-4bb2-abe8-4b8647af156c/resourceGroups/azsmnet6353/providers/Microsoft.Search/searchServices/azs-1707/listQueryKeys?api-version=2015-08-19",
      "EncodedRequestUri": "L3N1YnNjcmlwdGlvbnMvM2M3MjliMmEtNGY4Ni00YmIyLWFiZTgtNGI4NjQ3YWYxNTZjL3Jlc291cmNlR3JvdXBzL2F6c21uZXQ2MzUzL3Byb3ZpZGVycy9NaWNyb3NvZnQuU2VhcmNoL3NlYXJjaFNlcnZpY2VzL2F6cy0xNzA3L2xpc3RRdWVyeUtleXM/YXBpLXZlcnNpb249MjAxNS0wOC0xOQ==",
      "RequestMethod": "GET",
      "RequestBody": "",
      "RequestHeaders": {
        "x-ms-client-request-id": [
          "bf927724-6462-4378-b6e4-ea57383a5bb4"
        ],
        "accept-language": [
          "en-US"
        ],
        "User-Agent": [
          "FxVersion/4.6.26614.01",
          "OSName/Windows",
          "OSVersion/Microsoft.Windows.10.0.17763.",
          "Microsoft.Azure.Management.Search.SearchManagementClient/2.0.1.0"
        ]
      },
      "ResponseHeaders": {
        "Cache-Control": [
          "no-cache"
        ],
        "Date": [
          "Fri, 29 Mar 2019 15:15:45 GMT"
        ],
        "Pragma": [
          "no-cache"
        ],
        "Vary": [
          "Accept-Encoding"
        ],
        "x-ms-request-id": [
          "bf927724-6462-4378-b6e4-ea57383a5bb4"
        ],
        "request-id": [
          "bf927724-6462-4378-b6e4-ea57383a5bb4"
        ],
        "elapsed-time": [
          "99"
        ],
        "Strict-Transport-Security": [
          "max-age=31536000; includeSubDomains"
        ],
        "x-ms-ratelimit-remaining-subscription-reads": [
          "14993"
        ],
        "x-ms-correlation-request-id": [
          "27bba369-9ad0-4aaf-bb99-f43b3f2849b8"
        ],
        "x-ms-routing-request-id": [
          "NORTHEUROPE:20190329T151545Z:27bba369-9ad0-4aaf-bb99-f43b3f2849b8"
        ],
        "X-Content-Type-Options": [
          "nosniff"
        ],
        "Content-Length": [
          "82"
        ],
        "Content-Type": [
          "application/json; charset=utf-8"
        ],
        "Expires": [
          "-1"
        ]
      },
      "ResponseBody": "{\r\n  \"value\": [\r\n    {\r\n      \"name\": null,\r\n      \"key\": \"070DFEFF8B893D1E6D19BDDBAC2336CF\"\r\n    }\r\n  ],\r\n  \"nextLink\": null\r\n}",
      "StatusCode": 200
    },
    {
      "RequestUri": "/indexes('azsmnet8667')?api-version=2017-11-11-Preview",
      "EncodedRequestUri": "L2luZGV4ZXMoJ2F6c21uZXQ4NjY3Jyk/YXBpLXZlcnNpb249MjAxNy0xMS0xMS1QcmV2aWV3",
      "RequestMethod": "PUT",
      "RequestBody": "{\r\n  \"name\": \"azsmnet8667\",\r\n  \"fields\": [\r\n    {\r\n      \"name\": \"hotelId\",\r\n      \"type\": \"Edm.String\",\r\n      \"key\": true,\r\n      \"retrievable\": true,\r\n      \"searchable\": false,\r\n      \"filterable\": true,\r\n      \"sortable\": true,\r\n      \"facetable\": true\r\n    },\r\n    {\r\n      \"name\": \"hotelName\",\r\n      \"type\": \"Edm.String\",\r\n      \"key\": false,\r\n      \"retrievable\": true,\r\n      \"searchable\": true,\r\n      \"filterable\": true,\r\n      \"sortable\": true,\r\n      \"facetable\": false\r\n    },\r\n    {\r\n      \"name\": \"description\",\r\n      \"type\": \"Edm.String\",\r\n      \"key\": false,\r\n      \"retrievable\": true,\r\n      \"searchable\": true,\r\n      \"filterable\": false,\r\n      \"sortable\": false,\r\n      \"facetable\": false,\r\n      \"analyzer\": \"en.lucene\"\r\n    },\r\n    {\r\n      \"name\": \"descriptionFr\",\r\n      \"type\": \"Edm.String\",\r\n      \"key\": false,\r\n      \"retrievable\": true,\r\n      \"searchable\": true,\r\n      \"filterable\": false,\r\n      \"sortable\": false,\r\n      \"facetable\": false,\r\n      \"analyzer\": \"fr.lucene\"\r\n    },\r\n    {\r\n      \"name\": \"description_custom\",\r\n      \"type\": \"Edm.String\",\r\n      \"key\": false,\r\n      \"retrievable\": true,\r\n      \"searchable\": true,\r\n      \"filterable\": false,\r\n      \"sortable\": false,\r\n      \"facetable\": false,\r\n      \"searchAnalyzer\": \"stop\",\r\n      \"indexAnalyzer\": \"stop\"\r\n    },\r\n    {\r\n      \"name\": \"category\",\r\n      \"type\": \"Edm.String\",\r\n      \"key\": false,\r\n      \"retrievable\": true,\r\n      \"searchable\": true,\r\n      \"filterable\": true,\r\n      \"sortable\": true,\r\n      \"facetable\": true\r\n    },\r\n    {\r\n      \"name\": \"tags\",\r\n      \"type\": \"Collection(Edm.String)\",\r\n      \"key\": false,\r\n      \"retrievable\": true,\r\n      \"searchable\": true,\r\n      \"filterable\": true,\r\n      \"sortable\": false,\r\n      \"facetable\": true\r\n    },\r\n    {\r\n      \"name\": \"parkingIncluded\",\r\n      \"type\": \"Edm.Boolean\",\r\n      \"key\": false,\r\n      \"retrievable\": true,\r\n      \"searchable\": false,\r\n      \"filterable\": true,\r\n      \"sortable\": true,\r\n      \"facetable\": true\r\n    },\r\n    {\r\n      \"name\": \"smokingAllowed\",\r\n      \"type\": \"Edm.Boolean\",\r\n      \"key\": false,\r\n      \"retrievable\": true,\r\n      \"searchable\": false,\r\n      \"filterable\": true,\r\n      \"sortable\": true,\r\n      \"facetable\": true\r\n    },\r\n    {\r\n      \"name\": \"lastRenovationDate\",\r\n      \"type\": \"Edm.DateTimeOffset\",\r\n      \"key\": false,\r\n      \"retrievable\": true,\r\n      \"searchable\": false,\r\n      \"filterable\": true,\r\n      \"sortable\": true,\r\n      \"facetable\": true\r\n    },\r\n    {\r\n      \"name\": \"rating\",\r\n      \"type\": \"Edm.Int32\",\r\n      \"key\": false,\r\n      \"retrievable\": true,\r\n      \"searchable\": false,\r\n      \"filterable\": true,\r\n      \"sortable\": true,\r\n      \"facetable\": true\r\n    },\r\n    {\r\n      \"name\": \"address\",\r\n      \"type\": \"Edm.ComplexType\",\r\n      \"fields\": [\r\n        {\r\n          \"name\": \"streetAddress\",\r\n          \"type\": \"Edm.String\",\r\n          \"key\": false,\r\n          \"retrievable\": true,\r\n          \"searchable\": true,\r\n          \"filterable\": false,\r\n          \"sortable\": false,\r\n          \"facetable\": false\r\n        },\r\n        {\r\n          \"name\": \"city\",\r\n          \"type\": \"Edm.String\",\r\n          \"key\": false,\r\n          \"retrievable\": true,\r\n          \"searchable\": true,\r\n          \"filterable\": true,\r\n          \"sortable\": true,\r\n          \"facetable\": true\r\n        },\r\n        {\r\n          \"name\": \"stateProvince\",\r\n          \"type\": \"Edm.String\",\r\n          \"key\": false,\r\n          \"retrievable\": true,\r\n          \"searchable\": true,\r\n          \"filterable\": true,\r\n          \"sortable\": true,\r\n          \"facetable\": true\r\n        },\r\n        {\r\n          \"name\": \"country\",\r\n          \"type\": \"Edm.String\",\r\n          \"key\": false,\r\n          \"retrievable\": true,\r\n          \"searchable\": true,\r\n          \"filterable\": true,\r\n          \"sortable\": true,\r\n          \"facetable\": true\r\n        },\r\n        {\r\n          \"name\": \"postalCode\",\r\n          \"type\": \"Edm.String\",\r\n          \"key\": false,\r\n          \"retrievable\": true,\r\n          \"searchable\": true,\r\n          \"filterable\": true,\r\n          \"sortable\": true,\r\n          \"facetable\": true\r\n        }\r\n      ]\r\n    },\r\n    {\r\n      \"name\": \"location\",\r\n      \"type\": \"Edm.GeographyPoint\",\r\n      \"key\": false,\r\n      \"retrievable\": true,\r\n      \"searchable\": false,\r\n      \"filterable\": true,\r\n      \"sortable\": true,\r\n      \"facetable\": false\r\n    },\r\n    {\r\n      \"name\": \"rooms\",\r\n      \"type\": \"Collection(Edm.ComplexType)\",\r\n      \"fields\": [\r\n        {\r\n          \"name\": \"description\",\r\n          \"type\": \"Edm.String\",\r\n          \"key\": false,\r\n          \"retrievable\": true,\r\n          \"searchable\": true,\r\n          \"filterable\": false,\r\n          \"sortable\": false,\r\n          \"facetable\": false,\r\n          \"analyzer\": \"en.lucene\"\r\n        },\r\n        {\r\n          \"name\": \"descriptionFr\",\r\n          \"type\": \"Edm.String\",\r\n          \"key\": false,\r\n          \"retrievable\": true,\r\n          \"searchable\": true,\r\n          \"filterable\": false,\r\n          \"sortable\": false,\r\n          \"facetable\": false,\r\n          \"analyzer\": \"fr.lucene\"\r\n        },\r\n        {\r\n          \"name\": \"type\",\r\n          \"type\": \"Edm.String\",\r\n          \"key\": false,\r\n          \"retrievable\": true,\r\n          \"searchable\": true,\r\n          \"filterable\": true,\r\n          \"sortable\": false,\r\n          \"facetable\": true\r\n        },\r\n        {\r\n          \"name\": \"baseRate\",\r\n          \"type\": \"Edm.Double\",\r\n          \"key\": false,\r\n          \"retrievable\": true,\r\n          \"searchable\": false,\r\n          \"filterable\": true,\r\n          \"sortable\": false,\r\n          \"facetable\": true\r\n        },\r\n        {\r\n          \"name\": \"bedOptions\",\r\n          \"type\": \"Edm.String\",\r\n          \"key\": false,\r\n          \"retrievable\": true,\r\n          \"searchable\": true,\r\n          \"filterable\": true,\r\n          \"sortable\": false,\r\n          \"facetable\": true\r\n        },\r\n        {\r\n          \"name\": \"sleepsCount\",\r\n          \"type\": \"Edm.Int32\",\r\n          \"key\": false,\r\n          \"retrievable\": true,\r\n          \"searchable\": false,\r\n          \"filterable\": true,\r\n          \"sortable\": false,\r\n          \"facetable\": true\r\n        },\r\n        {\r\n          \"name\": \"smokingAllowed\",\r\n          \"type\": \"Edm.Boolean\",\r\n          \"key\": false,\r\n          \"retrievable\": true,\r\n          \"searchable\": false,\r\n          \"filterable\": true,\r\n          \"sortable\": false,\r\n          \"facetable\": true\r\n        },\r\n        {\r\n          \"name\": \"tags\",\r\n          \"type\": \"Collection(Edm.String)\",\r\n          \"key\": false,\r\n          \"retrievable\": true,\r\n          \"searchable\": true,\r\n          \"filterable\": true,\r\n          \"sortable\": false,\r\n          \"facetable\": true\r\n        }\r\n      ]\r\n    },\r\n    {\r\n      \"name\": \"totalGuests\",\r\n      \"type\": \"Edm.Int64\",\r\n      \"key\": false,\r\n      \"retrievable\": false,\r\n      \"searchable\": false,\r\n      \"filterable\": true,\r\n      \"sortable\": true,\r\n      \"facetable\": true\r\n    },\r\n    {\r\n      \"name\": \"profitMargin\",\r\n      \"type\": \"Edm.Double\",\r\n      \"key\": false,\r\n      \"retrievable\": true,\r\n      \"searchable\": false,\r\n      \"filterable\": false,\r\n      \"sortable\": false,\r\n      \"facetable\": false\r\n    }\r\n  ],\r\n  \"scoringProfiles\": [\r\n    {\r\n      \"name\": \"MyProfile\",\r\n      \"text\": {\r\n        \"weights\": {\r\n          \"description\": 1.5,\r\n          \"category\": 2.0\r\n        }\r\n      },\r\n      \"functions\": [\r\n        {\r\n          \"type\": \"magnitude\",\r\n          \"magnitude\": {\r\n            \"boostingRangeStart\": 1.0,\r\n            \"boostingRangeEnd\": 4.0,\r\n            \"constantBoostBeyondRange\": true\r\n          },\r\n          \"fieldName\": \"rating\",\r\n          \"boost\": 2.0,\r\n          \"interpolation\": \"constant\"\r\n        },\r\n        {\r\n          \"type\": \"distance\",\r\n          \"distance\": {\r\n            \"referencePointParameter\": \"loc\",\r\n            \"boostingDistance\": 5.0\r\n          },\r\n          \"fieldName\": \"location\",\r\n          \"boost\": 1.5,\r\n          \"interpolation\": \"linear\"\r\n        },\r\n        {\r\n          \"type\": \"freshness\",\r\n          \"freshness\": {\r\n            \"boostingDuration\": \"P365D\"\r\n          },\r\n          \"fieldName\": \"lastRenovationDate\",\r\n          \"boost\": 1.1,\r\n          \"interpolation\": \"logarithmic\"\r\n        }\r\n      ],\r\n      \"functionAggregation\": \"average\"\r\n    },\r\n    {\r\n      \"name\": \"ProfileTwo\",\r\n      \"functions\": [\r\n        {\r\n          \"type\": \"tag\",\r\n          \"tag\": {\r\n            \"tagsParameter\": \"mytags\"\r\n          },\r\n          \"fieldName\": \"tags\",\r\n          \"boost\": 1.5,\r\n          \"interpolation\": \"linear\"\r\n        }\r\n      ],\r\n      \"functionAggregation\": \"maximum\"\r\n    },\r\n    {\r\n      \"name\": \"ProfileThree\",\r\n      \"functions\": [\r\n        {\r\n          \"type\": \"magnitude\",\r\n          \"magnitude\": {\r\n            \"boostingRangeStart\": 0.0,\r\n            \"boostingRangeEnd\": 10.0,\r\n            \"constantBoostBeyondRange\": false\r\n          },\r\n          \"fieldName\": \"rating\",\r\n          \"boost\": 3.0,\r\n          \"interpolation\": \"quadratic\"\r\n        }\r\n      ],\r\n      \"functionAggregation\": \"minimum\"\r\n    },\r\n    {\r\n      \"name\": \"ProfileFour\",\r\n      \"functions\": [\r\n        {\r\n          \"type\": \"magnitude\",\r\n          \"magnitude\": {\r\n            \"boostingRangeStart\": 1.0,\r\n            \"boostingRangeEnd\": 5.0,\r\n            \"constantBoostBeyondRange\": false\r\n          },\r\n          \"fieldName\": \"rating\",\r\n          \"boost\": 3.14,\r\n          \"interpolation\": \"constant\"\r\n        }\r\n      ],\r\n      \"functionAggregation\": \"firstMatching\"\r\n    }\r\n  ],\r\n  \"defaultScoringProfile\": \"MyProfile\",\r\n  \"corsOptions\": {\r\n    \"allowedOrigins\": [\r\n      \"http://tempuri.org\",\r\n      \"http://localhost:80\"\r\n    ],\r\n    \"maxAgeInSeconds\": 60\r\n  },\r\n  \"suggesters\": [\r\n    {\r\n      \"name\": \"FancySuggester\",\r\n      \"sourceFields\": [\r\n        \"hotelName\"\r\n      ],\r\n      \"searchMode\": \"analyzingInfixMatching\"\r\n    }\r\n  ]\r\n}",
      "RequestHeaders": {
        "client-request-id": [
          "aa9ddb5f-b4b1-4ef8-865b-2f5779a53135"
        ],
        "Prefer": [
          "return=representation"
        ],
        "accept-language": [
          "en-US"
        ],
        "api-key": [
          "A795243B2A6E499151F49419F5E7A6F5"
        ],
        "User-Agent": [
          "FxVersion/4.6.26614.01",
          "OSName/Windows",
          "OSVersion/Microsoft.Windows.10.0.17763.",
          "Microsoft.Azure.Search.SearchServiceClient/8.0.0.0"
        ],
        "Content-Type": [
          "application/json; charset=utf-8"
        ],
        "Content-Length": [
          "9843"
        ]
      },
      "ResponseHeaders": {
        "Cache-Control": [
          "no-cache"
        ],
        "Date": [
          "Fri, 29 Mar 2019 15:15:47 GMT"
        ],
        "Pragma": [
          "no-cache"
        ],
        "ETag": [
          "W/\"0x8D6B4596C106F8B\""
        ],
        "Location": [
          "https://azs-1707.search-dogfood.windows-int.net/indexes('azsmnet8667')?api-version=2017-11-11-Preview"
        ],
        "request-id": [
          "aa9ddb5f-b4b1-4ef8-865b-2f5779a53135"
        ],
        "elapsed-time": [
          "1140"
        ],
        "OData-Version": [
          "4.0"
        ],
        "Preference-Applied": [
          "odata.include-annotations=\"*\""
        ],
        "Strict-Transport-Security": [
          "max-age=15724800; includeSubDomains"
        ],
        "Content-Length": [
          "8199"
        ],
        "Content-Type": [
          "application/json; odata.metadata=minimal"
        ],
        "Expires": [
          "-1"
        ]
      },
      "ResponseBody": "{\r\n  \"@odata.context\": \"https://azs-1707.search-dogfood.windows-int.net/$metadata#indexes/$entity\",\r\n  \"@odata.etag\": \"\\\"0x8D6B4596C106F8B\\\"\",\r\n  \"name\": \"azsmnet8667\",\r\n  \"defaultScoringProfile\": \"MyProfile\",\r\n  \"fields\": [\r\n    {\r\n      \"name\": \"hotelId\",\r\n      \"type\": \"Edm.String\",\r\n      \"searchable\": false,\r\n      \"filterable\": true,\r\n      \"retrievable\": true,\r\n      \"sortable\": true,\r\n      \"facetable\": true,\r\n      \"key\": true,\r\n      \"indexAnalyzer\": null,\r\n      \"searchAnalyzer\": null,\r\n      \"analyzer\": null,\r\n      \"synonymMaps\": []\r\n    },\r\n    {\r\n      \"name\": \"hotelName\",\r\n      \"type\": \"Edm.String\",\r\n      \"searchable\": true,\r\n      \"filterable\": true,\r\n      \"retrievable\": true,\r\n      \"sortable\": true,\r\n      \"facetable\": false,\r\n      \"key\": false,\r\n      \"indexAnalyzer\": null,\r\n      \"searchAnalyzer\": null,\r\n      \"analyzer\": null,\r\n      \"synonymMaps\": []\r\n    },\r\n    {\r\n      \"name\": \"description\",\r\n      \"type\": \"Edm.String\",\r\n      \"searchable\": true,\r\n      \"filterable\": false,\r\n      \"retrievable\": true,\r\n      \"sortable\": false,\r\n      \"facetable\": false,\r\n      \"key\": false,\r\n      \"indexAnalyzer\": null,\r\n      \"searchAnalyzer\": null,\r\n      \"analyzer\": \"en.lucene\",\r\n      \"synonymMaps\": []\r\n    },\r\n    {\r\n      \"name\": \"descriptionFr\",\r\n      \"type\": \"Edm.String\",\r\n      \"searchable\": true,\r\n      \"filterable\": false,\r\n      \"retrievable\": true,\r\n      \"sortable\": false,\r\n      \"facetable\": false,\r\n      \"key\": false,\r\n      \"indexAnalyzer\": null,\r\n      \"searchAnalyzer\": null,\r\n      \"analyzer\": \"fr.lucene\",\r\n      \"synonymMaps\": []\r\n    },\r\n    {\r\n      \"name\": \"description_custom\",\r\n      \"type\": \"Edm.String\",\r\n      \"searchable\": true,\r\n      \"filterable\": false,\r\n      \"retrievable\": true,\r\n      \"sortable\": false,\r\n      \"facetable\": false,\r\n      \"key\": false,\r\n      \"indexAnalyzer\": \"stop\",\r\n      \"searchAnalyzer\": \"stop\",\r\n      \"analyzer\": null,\r\n      \"synonymMaps\": []\r\n    },\r\n    {\r\n      \"name\": \"category\",\r\n      \"type\": \"Edm.String\",\r\n      \"searchable\": true,\r\n      \"filterable\": true,\r\n      \"retrievable\": true,\r\n      \"sortable\": true,\r\n      \"facetable\": true,\r\n      \"key\": false,\r\n      \"indexAnalyzer\": null,\r\n      \"searchAnalyzer\": null,\r\n      \"analyzer\": null,\r\n      \"synonymMaps\": []\r\n    },\r\n    {\r\n      \"name\": \"tags\",\r\n      \"type\": \"Collection(Edm.String)\",\r\n      \"searchable\": true,\r\n      \"filterable\": true,\r\n      \"retrievable\": true,\r\n      \"sortable\": false,\r\n      \"facetable\": true,\r\n      \"key\": false,\r\n      \"indexAnalyzer\": null,\r\n      \"searchAnalyzer\": null,\r\n      \"analyzer\": null,\r\n      \"synonymMaps\": []\r\n    },\r\n    {\r\n      \"name\": \"parkingIncluded\",\r\n      \"type\": \"Edm.Boolean\",\r\n      \"searchable\": false,\r\n      \"filterable\": true,\r\n      \"retrievable\": true,\r\n      \"sortable\": true,\r\n      \"facetable\": true,\r\n      \"key\": false,\r\n      \"indexAnalyzer\": null,\r\n      \"searchAnalyzer\": null,\r\n      \"analyzer\": null,\r\n      \"synonymMaps\": []\r\n    },\r\n    {\r\n      \"name\": \"smokingAllowed\",\r\n      \"type\": \"Edm.Boolean\",\r\n      \"searchable\": false,\r\n      \"filterable\": true,\r\n      \"retrievable\": true,\r\n      \"sortable\": true,\r\n      \"facetable\": true,\r\n      \"key\": false,\r\n      \"indexAnalyzer\": null,\r\n      \"searchAnalyzer\": null,\r\n      \"analyzer\": null,\r\n      \"synonymMaps\": []\r\n    },\r\n    {\r\n      \"name\": \"lastRenovationDate\",\r\n      \"type\": \"Edm.DateTimeOffset\",\r\n      \"searchable\": false,\r\n      \"filterable\": true,\r\n      \"retrievable\": true,\r\n      \"sortable\": true,\r\n      \"facetable\": true,\r\n      \"key\": false,\r\n      \"indexAnalyzer\": null,\r\n      \"searchAnalyzer\": null,\r\n      \"analyzer\": null,\r\n      \"synonymMaps\": []\r\n    },\r\n    {\r\n      \"name\": \"rating\",\r\n      \"type\": \"Edm.Int32\",\r\n      \"searchable\": false,\r\n      \"filterable\": true,\r\n      \"retrievable\": true,\r\n      \"sortable\": true,\r\n      \"facetable\": true,\r\n      \"key\": false,\r\n      \"indexAnalyzer\": null,\r\n      \"searchAnalyzer\": null,\r\n      \"analyzer\": null,\r\n      \"synonymMaps\": []\r\n    },\r\n    {\r\n      \"name\": \"address\",\r\n      \"type\": \"Edm.ComplexType\",\r\n      \"fields\": [\r\n        {\r\n          \"name\": \"streetAddress\",\r\n          \"type\": \"Edm.String\",\r\n          \"searchable\": true,\r\n          \"filterable\": false,\r\n          \"retrievable\": true,\r\n          \"sortable\": false,\r\n          \"facetable\": false,\r\n          \"key\": false,\r\n          \"indexAnalyzer\": null,\r\n          \"searchAnalyzer\": null,\r\n          \"analyzer\": null,\r\n          \"synonymMaps\": []\r\n        },\r\n        {\r\n          \"name\": \"city\",\r\n          \"type\": \"Edm.String\",\r\n          \"searchable\": true,\r\n          \"filterable\": true,\r\n          \"retrievable\": true,\r\n          \"sortable\": true,\r\n          \"facetable\": true,\r\n          \"key\": false,\r\n          \"indexAnalyzer\": null,\r\n          \"searchAnalyzer\": null,\r\n          \"analyzer\": null,\r\n          \"synonymMaps\": []\r\n        },\r\n        {\r\n          \"name\": \"stateProvince\",\r\n          \"type\": \"Edm.String\",\r\n          \"searchable\": true,\r\n          \"filterable\": true,\r\n          \"retrievable\": true,\r\n          \"sortable\": true,\r\n          \"facetable\": true,\r\n          \"key\": false,\r\n          \"indexAnalyzer\": null,\r\n          \"searchAnalyzer\": null,\r\n          \"analyzer\": null,\r\n          \"synonymMaps\": []\r\n        },\r\n        {\r\n          \"name\": \"country\",\r\n          \"type\": \"Edm.String\",\r\n          \"searchable\": true,\r\n          \"filterable\": true,\r\n          \"retrievable\": true,\r\n          \"sortable\": true,\r\n          \"facetable\": true,\r\n          \"key\": false,\r\n          \"indexAnalyzer\": null,\r\n          \"searchAnalyzer\": null,\r\n          \"analyzer\": null,\r\n          \"synonymMaps\": []\r\n        },\r\n        {\r\n          \"name\": \"postalCode\",\r\n          \"type\": \"Edm.String\",\r\n          \"searchable\": true,\r\n          \"filterable\": true,\r\n          \"retrievable\": true,\r\n          \"sortable\": true,\r\n          \"facetable\": true,\r\n          \"key\": false,\r\n          \"indexAnalyzer\": null,\r\n          \"searchAnalyzer\": null,\r\n          \"analyzer\": null,\r\n          \"synonymMaps\": []\r\n        }\r\n      ]\r\n    },\r\n    {\r\n      \"name\": \"location\",\r\n      \"type\": \"Edm.GeographyPoint\",\r\n      \"searchable\": false,\r\n      \"filterable\": true,\r\n      \"retrievable\": true,\r\n      \"sortable\": true,\r\n      \"facetable\": false,\r\n      \"key\": false,\r\n      \"indexAnalyzer\": null,\r\n      \"searchAnalyzer\": null,\r\n      \"analyzer\": null,\r\n      \"synonymMaps\": []\r\n    },\r\n    {\r\n      \"name\": \"rooms\",\r\n      \"type\": \"Collection(Edm.ComplexType)\",\r\n      \"fields\": [\r\n        {\r\n          \"name\": \"description\",\r\n          \"type\": \"Edm.String\",\r\n          \"searchable\": true,\r\n          \"filterable\": false,\r\n          \"retrievable\": true,\r\n          \"sortable\": false,\r\n          \"facetable\": false,\r\n          \"key\": false,\r\n          \"indexAnalyzer\": null,\r\n          \"searchAnalyzer\": null,\r\n          \"analyzer\": \"en.lucene\",\r\n          \"synonymMaps\": []\r\n        },\r\n        {\r\n          \"name\": \"descriptionFr\",\r\n          \"type\": \"Edm.String\",\r\n          \"searchable\": true,\r\n          \"filterable\": false,\r\n          \"retrievable\": true,\r\n          \"sortable\": false,\r\n          \"facetable\": false,\r\n          \"key\": false,\r\n          \"indexAnalyzer\": null,\r\n          \"searchAnalyzer\": null,\r\n          \"analyzer\": \"fr.lucene\",\r\n          \"synonymMaps\": []\r\n        },\r\n        {\r\n          \"name\": \"type\",\r\n          \"type\": \"Edm.String\",\r\n          \"searchable\": true,\r\n          \"filterable\": true,\r\n          \"retrievable\": true,\r\n          \"sortable\": false,\r\n          \"facetable\": true,\r\n          \"key\": false,\r\n          \"indexAnalyzer\": null,\r\n          \"searchAnalyzer\": null,\r\n          \"analyzer\": null,\r\n          \"synonymMaps\": []\r\n        },\r\n        {\r\n          \"name\": \"baseRate\",\r\n          \"type\": \"Edm.Double\",\r\n          \"searchable\": false,\r\n          \"filterable\": true,\r\n          \"retrievable\": true,\r\n          \"sortable\": false,\r\n          \"facetable\": true,\r\n          \"key\": false,\r\n          \"indexAnalyzer\": null,\r\n          \"searchAnalyzer\": null,\r\n          \"analyzer\": null,\r\n          \"synonymMaps\": []\r\n        },\r\n        {\r\n          \"name\": \"bedOptions\",\r\n          \"type\": \"Edm.String\",\r\n          \"searchable\": true,\r\n          \"filterable\": true,\r\n          \"retrievable\": true,\r\n          \"sortable\": false,\r\n          \"facetable\": true,\r\n          \"key\": false,\r\n          \"indexAnalyzer\": null,\r\n          \"searchAnalyzer\": null,\r\n          \"analyzer\": null,\r\n          \"synonymMaps\": []\r\n        },\r\n        {\r\n          \"name\": \"sleepsCount\",\r\n          \"type\": \"Edm.Int32\",\r\n          \"searchable\": false,\r\n          \"filterable\": true,\r\n          \"retrievable\": true,\r\n          \"sortable\": false,\r\n          \"facetable\": true,\r\n          \"key\": false,\r\n          \"indexAnalyzer\": null,\r\n          \"searchAnalyzer\": null,\r\n          \"analyzer\": null,\r\n          \"synonymMaps\": []\r\n        },\r\n        {\r\n          \"name\": \"smokingAllowed\",\r\n          \"type\": \"Edm.Boolean\",\r\n          \"searchable\": false,\r\n          \"filterable\": true,\r\n          \"retrievable\": true,\r\n          \"sortable\": false,\r\n          \"facetable\": true,\r\n          \"key\": false,\r\n          \"indexAnalyzer\": null,\r\n          \"searchAnalyzer\": null,\r\n          \"analyzer\": null,\r\n          \"synonymMaps\": []\r\n        },\r\n        {\r\n          \"name\": \"tags\",\r\n          \"type\": \"Collection(Edm.String)\",\r\n          \"searchable\": true,\r\n          \"filterable\": true,\r\n          \"retrievable\": true,\r\n          \"sortable\": false,\r\n          \"facetable\": true,\r\n          \"key\": false,\r\n          \"indexAnalyzer\": null,\r\n          \"searchAnalyzer\": null,\r\n          \"analyzer\": null,\r\n          \"synonymMaps\": []\r\n        }\r\n      ]\r\n    },\r\n    {\r\n      \"name\": \"totalGuests\",\r\n      \"type\": \"Edm.Int64\",\r\n      \"searchable\": false,\r\n      \"filterable\": true,\r\n      \"retrievable\": false,\r\n      \"sortable\": true,\r\n      \"facetable\": true,\r\n      \"key\": false,\r\n      \"indexAnalyzer\": null,\r\n      \"searchAnalyzer\": null,\r\n      \"analyzer\": null,\r\n      \"synonymMaps\": []\r\n    },\r\n    {\r\n      \"name\": \"profitMargin\",\r\n      \"type\": \"Edm.Double\",\r\n      \"searchable\": false,\r\n      \"filterable\": false,\r\n      \"retrievable\": true,\r\n      \"sortable\": false,\r\n      \"facetable\": false,\r\n      \"key\": false,\r\n      \"indexAnalyzer\": null,\r\n      \"searchAnalyzer\": null,\r\n      \"analyzer\": null,\r\n      \"synonymMaps\": []\r\n    }\r\n  ],\r\n  \"scoringProfiles\": [\r\n    {\r\n      \"name\": \"MyProfile\",\r\n      \"functionAggregation\": \"average\",\r\n      \"text\": {\r\n        \"weights\": {\r\n          \"description\": 1.5,\r\n          \"category\": 2.0\r\n        }\r\n      },\r\n      \"functions\": [\r\n        {\r\n          \"fieldName\": \"rating\",\r\n          \"interpolation\": \"constant\",\r\n          \"type\": \"magnitude\",\r\n          \"boost\": 2.0,\r\n          \"freshness\": null,\r\n          \"magnitude\": {\r\n            \"boostingRangeStart\": 1.0,\r\n            \"boostingRangeEnd\": 4.0,\r\n            \"constantBoostBeyondRange\": true\r\n          },\r\n          \"distance\": null,\r\n          \"tag\": null\r\n        },\r\n        {\r\n          \"fieldName\": \"location\",\r\n          \"interpolation\": \"linear\",\r\n          \"type\": \"distance\",\r\n          \"boost\": 1.5,\r\n          \"freshness\": null,\r\n          \"magnitude\": null,\r\n          \"distance\": {\r\n            \"referencePointParameter\": \"loc\",\r\n            \"boostingDistance\": 5.0\r\n          },\r\n          \"tag\": null\r\n        },\r\n        {\r\n          \"fieldName\": \"lastRenovationDate\",\r\n          \"interpolation\": \"logarithmic\",\r\n          \"type\": \"freshness\",\r\n          \"boost\": 1.1,\r\n          \"freshness\": {\r\n            \"boostingDuration\": \"P365D\"\r\n          },\r\n          \"magnitude\": null,\r\n          \"distance\": null,\r\n          \"tag\": null\r\n        }\r\n      ]\r\n    },\r\n    {\r\n      \"name\": \"ProfileTwo\",\r\n      \"functionAggregation\": \"maximum\",\r\n      \"text\": null,\r\n      \"functions\": [\r\n        {\r\n          \"fieldName\": \"tags\",\r\n          \"interpolation\": \"linear\",\r\n          \"type\": \"tag\",\r\n          \"boost\": 1.5,\r\n          \"freshness\": null,\r\n          \"magnitude\": null,\r\n          \"distance\": null,\r\n          \"tag\": {\r\n            \"tagsParameter\": \"mytags\"\r\n          }\r\n        }\r\n      ]\r\n    },\r\n    {\r\n      \"name\": \"ProfileThree\",\r\n      \"functionAggregation\": \"minimum\",\r\n      \"text\": null,\r\n      \"functions\": [\r\n        {\r\n          \"fieldName\": \"rating\",\r\n          \"interpolation\": \"quadratic\",\r\n          \"type\": \"magnitude\",\r\n          \"boost\": 3.0,\r\n          \"freshness\": null,\r\n          \"magnitude\": {\r\n            \"boostingRangeStart\": 0.0,\r\n            \"boostingRangeEnd\": 10.0,\r\n            \"constantBoostBeyondRange\": false\r\n          },\r\n          \"distance\": null,\r\n          \"tag\": null\r\n        }\r\n      ]\r\n    },\r\n    {\r\n      \"name\": \"ProfileFour\",\r\n      \"functionAggregation\": \"firstMatching\",\r\n      \"text\": null,\r\n      \"functions\": [\r\n        {\r\n          \"fieldName\": \"rating\",\r\n          \"interpolation\": \"constant\",\r\n          \"type\": \"magnitude\",\r\n          \"boost\": 3.14,\r\n          \"freshness\": null,\r\n          \"magnitude\": {\r\n            \"boostingRangeStart\": 1.0,\r\n            \"boostingRangeEnd\": 5.0,\r\n            \"constantBoostBeyondRange\": false\r\n          },\r\n          \"distance\": null,\r\n          \"tag\": null\r\n        }\r\n      ]\r\n    }\r\n  ],\r\n  \"corsOptions\": {\r\n    \"allowedOrigins\": [\r\n      \"http://tempuri.org\",\r\n      \"http://localhost:80\"\r\n    ],\r\n    \"maxAgeInSeconds\": 60\r\n  },\r\n  \"suggesters\": [\r\n    {\r\n      \"name\": \"FancySuggester\",\r\n      \"searchMode\": \"analyzingInfixMatching\",\r\n      \"sourceFields\": [\r\n        \"hotelName\"\r\n      ]\r\n    }\r\n  ],\r\n  \"analyzers\": [],\r\n  \"tokenizers\": [],\r\n  \"tokenFilters\": [],\r\n  \"charFilters\": [],\r\n  \"encryptionKey\": null\r\n}",
      "StatusCode": 201
    },
    {
      "RequestUri": "/indexes('azsmnet8667')?api-version=2017-11-11-Preview",
      "EncodedRequestUri": "L2luZGV4ZXMoJ2F6c21uZXQ4NjY3Jyk/YXBpLXZlcnNpb249MjAxNy0xMS0xMS1QcmV2aWV3",
      "RequestMethod": "PUT",
      "RequestBody": "{\r\n  \"name\": \"azsmnet8667\",\r\n  \"fields\": [\r\n    {\r\n      \"name\": \"hotelId\",\r\n      \"type\": \"Edm.String\",\r\n      \"key\": true,\r\n      \"retrievable\": true,\r\n      \"searchable\": false,\r\n      \"filterable\": true,\r\n      \"sortable\": true,\r\n      \"facetable\": true,\r\n      \"synonymMaps\": []\r\n    },\r\n    {\r\n      \"name\": \"hotelName\",\r\n      \"type\": \"Edm.String\",\r\n      \"key\": false,\r\n      \"retrievable\": true,\r\n      \"searchable\": true,\r\n      \"filterable\": true,\r\n      \"sortable\": true,\r\n      \"facetable\": false,\r\n      \"synonymMaps\": []\r\n    },\r\n    {\r\n      \"name\": \"description\",\r\n      \"type\": \"Edm.String\",\r\n      \"key\": false,\r\n      \"retrievable\": true,\r\n      \"searchable\": true,\r\n      \"filterable\": false,\r\n      \"sortable\": false,\r\n      \"facetable\": false,\r\n      \"analyzer\": \"en.lucene\",\r\n      \"synonymMaps\": []\r\n    },\r\n    {\r\n      \"name\": \"descriptionFr\",\r\n      \"type\": \"Edm.String\",\r\n      \"key\": false,\r\n      \"retrievable\": true,\r\n      \"searchable\": true,\r\n      \"filterable\": false,\r\n      \"sortable\": false,\r\n      \"facetable\": false,\r\n      \"analyzer\": \"fr.lucene\",\r\n      \"synonymMaps\": []\r\n    },\r\n    {\r\n      \"name\": \"description_custom\",\r\n      \"type\": \"Edm.String\",\r\n      \"key\": false,\r\n      \"retrievable\": true,\r\n      \"searchable\": true,\r\n      \"filterable\": false,\r\n      \"sortable\": false,\r\n      \"facetable\": false,\r\n      \"searchAnalyzer\": \"stop\",\r\n      \"indexAnalyzer\": \"stop\",\r\n      \"synonymMaps\": []\r\n    },\r\n    {\r\n      \"name\": \"category\",\r\n      \"type\": \"Edm.String\",\r\n      \"key\": false,\r\n      \"retrievable\": true,\r\n      \"searchable\": true,\r\n      \"filterable\": true,\r\n      \"sortable\": true,\r\n      \"facetable\": true,\r\n      \"synonymMaps\": []\r\n    },\r\n    {\r\n      \"name\": \"tags\",\r\n      \"type\": \"Collection(Edm.String)\",\r\n      \"key\": false,\r\n      \"retrievable\": true,\r\n      \"searchable\": true,\r\n      \"filterable\": true,\r\n      \"sortable\": false,\r\n      \"facetable\": true,\r\n      \"synonymMaps\": []\r\n    },\r\n    {\r\n      \"name\": \"parkingIncluded\",\r\n      \"type\": \"Edm.Boolean\",\r\n      \"key\": false,\r\n      \"retrievable\": true,\r\n      \"searchable\": false,\r\n      \"filterable\": true,\r\n      \"sortable\": true,\r\n      \"facetable\": true,\r\n      \"synonymMaps\": []\r\n    },\r\n    {\r\n      \"name\": \"smokingAllowed\",\r\n      \"type\": \"Edm.Boolean\",\r\n      \"key\": false,\r\n      \"retrievable\": true,\r\n      \"searchable\": false,\r\n      \"filterable\": true,\r\n      \"sortable\": true,\r\n      \"facetable\": true,\r\n      \"synonymMaps\": []\r\n    },\r\n    {\r\n      \"name\": \"lastRenovationDate\",\r\n      \"type\": \"Edm.DateTimeOffset\",\r\n      \"key\": false,\r\n      \"retrievable\": true,\r\n      \"searchable\": false,\r\n      \"filterable\": true,\r\n      \"sortable\": true,\r\n      \"facetable\": true,\r\n      \"synonymMaps\": []\r\n    },\r\n    {\r\n      \"name\": \"rating\",\r\n      \"type\": \"Edm.Int32\",\r\n      \"key\": false,\r\n      \"retrievable\": true,\r\n      \"searchable\": false,\r\n      \"filterable\": true,\r\n      \"sortable\": true,\r\n      \"facetable\": true,\r\n      \"synonymMaps\": []\r\n    },\r\n    {\r\n      \"name\": \"address\",\r\n      \"type\": \"Edm.ComplexType\",\r\n      \"fields\": [\r\n        {\r\n          \"name\": \"streetAddress\",\r\n          \"type\": \"Edm.String\",\r\n          \"key\": false,\r\n          \"retrievable\": true,\r\n          \"searchable\": true,\r\n          \"filterable\": false,\r\n          \"sortable\": false,\r\n          \"facetable\": false,\r\n          \"synonymMaps\": []\r\n        },\r\n        {\r\n          \"name\": \"city\",\r\n          \"type\": \"Edm.String\",\r\n          \"key\": false,\r\n          \"retrievable\": true,\r\n          \"searchable\": true,\r\n          \"filterable\": true,\r\n          \"sortable\": true,\r\n          \"facetable\": true,\r\n          \"synonymMaps\": []\r\n        },\r\n        {\r\n          \"name\": \"stateProvince\",\r\n          \"type\": \"Edm.String\",\r\n          \"key\": false,\r\n          \"retrievable\": true,\r\n          \"searchable\": true,\r\n          \"filterable\": true,\r\n          \"sortable\": true,\r\n          \"facetable\": true,\r\n          \"synonymMaps\": []\r\n        },\r\n        {\r\n          \"name\": \"country\",\r\n          \"type\": \"Edm.String\",\r\n          \"key\": false,\r\n          \"retrievable\": true,\r\n          \"searchable\": true,\r\n          \"filterable\": true,\r\n          \"sortable\": true,\r\n          \"facetable\": true,\r\n          \"synonymMaps\": []\r\n        },\r\n        {\r\n          \"name\": \"postalCode\",\r\n          \"type\": \"Edm.String\",\r\n          \"key\": false,\r\n          \"retrievable\": true,\r\n          \"searchable\": true,\r\n          \"filterable\": true,\r\n          \"sortable\": true,\r\n          \"facetable\": true,\r\n          \"synonymMaps\": []\r\n        }\r\n      ]\r\n    },\r\n    {\r\n      \"name\": \"location\",\r\n      \"type\": \"Edm.GeographyPoint\",\r\n      \"key\": false,\r\n      \"retrievable\": true,\r\n      \"searchable\": false,\r\n      \"filterable\": true,\r\n      \"sortable\": true,\r\n      \"facetable\": false,\r\n      \"synonymMaps\": []\r\n    },\r\n    {\r\n      \"name\": \"rooms\",\r\n      \"type\": \"Collection(Edm.ComplexType)\",\r\n      \"fields\": [\r\n        {\r\n          \"name\": \"description\",\r\n          \"type\": \"Edm.String\",\r\n          \"key\": false,\r\n          \"retrievable\": true,\r\n          \"searchable\": true,\r\n          \"filterable\": false,\r\n          \"sortable\": false,\r\n          \"facetable\": false,\r\n          \"analyzer\": \"en.lucene\",\r\n          \"synonymMaps\": []\r\n        },\r\n        {\r\n          \"name\": \"descriptionFr\",\r\n          \"type\": \"Edm.String\",\r\n          \"key\": false,\r\n          \"retrievable\": true,\r\n          \"searchable\": true,\r\n          \"filterable\": false,\r\n          \"sortable\": false,\r\n          \"facetable\": false,\r\n          \"analyzer\": \"fr.lucene\",\r\n          \"synonymMaps\": []\r\n        },\r\n        {\r\n          \"name\": \"type\",\r\n          \"type\": \"Edm.String\",\r\n          \"key\": false,\r\n          \"retrievable\": true,\r\n          \"searchable\": true,\r\n          \"filterable\": true,\r\n          \"sortable\": false,\r\n          \"facetable\": true,\r\n          \"synonymMaps\": []\r\n        },\r\n        {\r\n          \"name\": \"baseRate\",\r\n          \"type\": \"Edm.Double\",\r\n          \"key\": false,\r\n          \"retrievable\": true,\r\n          \"searchable\": false,\r\n          \"filterable\": true,\r\n          \"sortable\": false,\r\n          \"facetable\": true,\r\n          \"synonymMaps\": []\r\n        },\r\n        {\r\n          \"name\": \"bedOptions\",\r\n          \"type\": \"Edm.String\",\r\n          \"key\": false,\r\n          \"retrievable\": true,\r\n          \"searchable\": true,\r\n          \"filterable\": true,\r\n          \"sortable\": false,\r\n          \"facetable\": true,\r\n          \"synonymMaps\": []\r\n        },\r\n        {\r\n          \"name\": \"sleepsCount\",\r\n          \"type\": \"Edm.Int32\",\r\n          \"key\": false,\r\n          \"retrievable\": true,\r\n          \"searchable\": false,\r\n          \"filterable\": true,\r\n          \"sortable\": false,\r\n          \"facetable\": true,\r\n          \"synonymMaps\": []\r\n        },\r\n        {\r\n          \"name\": \"smokingAllowed\",\r\n          \"type\": \"Edm.Boolean\",\r\n          \"key\": false,\r\n          \"retrievable\": true,\r\n          \"searchable\": false,\r\n          \"filterable\": true,\r\n          \"sortable\": false,\r\n          \"facetable\": true,\r\n          \"synonymMaps\": []\r\n        },\r\n        {\r\n          \"name\": \"tags\",\r\n          \"type\": \"Collection(Edm.String)\",\r\n          \"key\": false,\r\n          \"retrievable\": true,\r\n          \"searchable\": true,\r\n          \"filterable\": true,\r\n          \"sortable\": false,\r\n          \"facetable\": true,\r\n          \"synonymMaps\": []\r\n        }\r\n      ]\r\n    },\r\n    {\r\n      \"name\": \"totalGuests\",\r\n      \"type\": \"Edm.Int64\",\r\n      \"key\": false,\r\n      \"retrievable\": false,\r\n      \"searchable\": false,\r\n      \"filterable\": true,\r\n      \"sortable\": true,\r\n      \"facetable\": true,\r\n      \"synonymMaps\": []\r\n    },\r\n    {\r\n      \"name\": \"profitMargin\",\r\n      \"type\": \"Edm.Double\",\r\n      \"key\": false,\r\n      \"retrievable\": true,\r\n      \"searchable\": false,\r\n      \"filterable\": false,\r\n      \"sortable\": false,\r\n      \"facetable\": false,\r\n      \"synonymMaps\": []\r\n    }\r\n  ],\r\n  \"scoringProfiles\": [\r\n    {\r\n      \"name\": \"MyProfile\",\r\n      \"text\": {\r\n        \"weights\": {\r\n          \"description\": 1.5,\r\n          \"category\": 2.0\r\n        }\r\n      },\r\n      \"functions\": [\r\n        {\r\n          \"type\": \"magnitude\",\r\n          \"magnitude\": {\r\n            \"boostingRangeStart\": 1.0,\r\n            \"boostingRangeEnd\": 4.0,\r\n            \"constantBoostBeyondRange\": true\r\n          },\r\n          \"fieldName\": \"rating\",\r\n          \"boost\": 2.0,\r\n          \"interpolation\": \"constant\"\r\n        },\r\n        {\r\n          \"type\": \"distance\",\r\n          \"distance\": {\r\n            \"referencePointParameter\": \"loc\",\r\n            \"boostingDistance\": 5.0\r\n          },\r\n          \"fieldName\": \"location\",\r\n          \"boost\": 1.5,\r\n          \"interpolation\": \"linear\"\r\n        },\r\n        {\r\n          \"type\": \"freshness\",\r\n          \"freshness\": {\r\n            \"boostingDuration\": \"P365D\"\r\n          },\r\n          \"fieldName\": \"lastRenovationDate\",\r\n          \"boost\": 1.1,\r\n          \"interpolation\": \"logarithmic\"\r\n        }\r\n      ],\r\n      \"functionAggregation\": \"average\"\r\n    },\r\n    {\r\n      \"name\": \"ProfileTwo\",\r\n      \"functions\": [\r\n        {\r\n          \"type\": \"tag\",\r\n          \"tag\": {\r\n            \"tagsParameter\": \"mytags\"\r\n          },\r\n          \"fieldName\": \"tags\",\r\n          \"boost\": 1.5,\r\n          \"interpolation\": \"linear\"\r\n        }\r\n      ],\r\n      \"functionAggregation\": \"maximum\"\r\n    },\r\n    {\r\n      \"name\": \"ProfileThree\",\r\n      \"functions\": [\r\n        {\r\n          \"type\": \"magnitude\",\r\n          \"magnitude\": {\r\n            \"boostingRangeStart\": 0.0,\r\n            \"boostingRangeEnd\": 10.0,\r\n            \"constantBoostBeyondRange\": false\r\n          },\r\n          \"fieldName\": \"rating\",\r\n          \"boost\": 3.0,\r\n          \"interpolation\": \"quadratic\"\r\n        }\r\n      ],\r\n      \"functionAggregation\": \"minimum\"\r\n    },\r\n    {\r\n      \"name\": \"ProfileFour\",\r\n      \"functions\": [\r\n        {\r\n          \"type\": \"magnitude\",\r\n          \"magnitude\": {\r\n            \"boostingRangeStart\": 1.0,\r\n            \"boostingRangeEnd\": 5.0,\r\n            \"constantBoostBeyondRange\": false\r\n          },\r\n          \"fieldName\": \"rating\",\r\n          \"boost\": 3.14,\r\n          \"interpolation\": \"constant\"\r\n        }\r\n      ],\r\n      \"functionAggregation\": \"firstMatching\"\r\n    }\r\n  ],\r\n  \"defaultScoringProfile\": \"MyProfile\",\r\n  \"corsOptions\": {\r\n    \"allowedOrigins\": [\r\n      \"*\"\r\n    ],\r\n    \"maxAgeInSeconds\": 60\r\n  },\r\n  \"suggesters\": [\r\n    {\r\n      \"name\": \"FancySuggester\",\r\n      \"sourceFields\": [\r\n        \"hotelName\"\r\n      ],\r\n      \"searchMode\": \"analyzingInfixMatching\"\r\n    }\r\n  ],\r\n  \"analyzers\": [],\r\n  \"tokenizers\": [],\r\n  \"tokenFilters\": [],\r\n  \"charFilters\": [],\r\n  \"@odata.etag\": \"\\\"0x8D6B4596C106F8B\\\"\"\r\n}",
      "RequestHeaders": {
        "client-request-id": [
          "d0159290-47c4-4a0c-abfb-ab916c582184"
        ],
        "Prefer": [
          "return=representation"
        ],
        "accept-language": [
          "en-US"
        ],
        "If-None-Match": [
          "*"
        ],
        "api-key": [
          "A795243B2A6E499151F49419F5E7A6F5"
        ],
        "User-Agent": [
          "FxVersion/4.6.26614.01",
          "OSName/Windows",
          "OSVersion/Microsoft.Windows.10.0.17763.",
          "Microsoft.Azure.Search.SearchServiceClient/8.0.0.0"
        ],
        "Content-Type": [
          "application/json; charset=utf-8"
        ],
        "Content-Length": [
          "10679"
        ]
      },
      "ResponseHeaders": {
        "Cache-Control": [
          "no-cache"
        ],
        "Date": [
          "Fri, 29 Mar 2019 15:15:49 GMT"
        ],
        "Pragma": [
          "no-cache"
        ],
        "request-id": [
          "d0159290-47c4-4a0c-abfb-ab916c582184"
        ],
        "elapsed-time": [
          "98"
        ],
        "OData-Version": [
          "4.0"
        ],
        "Preference-Applied": [
          "odata.include-annotations=\"*\""
        ],
        "Strict-Transport-Security": [
          "max-age=15724800; includeSubDomains"
        ],
        "Content-Length": [
          "160"
        ],
        "Content-Type": [
          "application/json; odata.metadata=minimal"
        ],
        "Content-Language": [
          "en"
        ],
        "Expires": [
          "-1"
        ]
      },
      "ResponseBody": "{\r\n  \"error\": {\r\n    \"code\": \"\",\r\n    \"message\": \"The precondition given in one of the request headers evaluated to false. No change was made to the resource from this request.\"\r\n  }\r\n}",
      "StatusCode": 412
    },
    {
      "RequestUri": "/subscriptions/3c729b2a-4f86-4bb2-abe8-4b8647af156c/resourceGroups/azsmnet6353/providers/Microsoft.Search/searchServices/azs-1707?api-version=2015-08-19",
      "EncodedRequestUri": "L3N1YnNjcmlwdGlvbnMvM2M3MjliMmEtNGY4Ni00YmIyLWFiZTgtNGI4NjQ3YWYxNTZjL3Jlc291cmNlR3JvdXBzL2F6c21uZXQ2MzUzL3Byb3ZpZGVycy9NaWNyb3NvZnQuU2VhcmNoL3NlYXJjaFNlcnZpY2VzL2F6cy0xNzA3P2FwaS12ZXJzaW9uPTIwMTUtMDgtMTk=",
      "RequestMethod": "DELETE",
      "RequestBody": "",
      "RequestHeaders": {
        "x-ms-client-request-id": [
          "defc23bb-1bb8-4196-8cea-14f7b22a4f12"
        ],
        "accept-language": [
          "en-US"
        ],
        "User-Agent": [
          "FxVersion/4.6.26614.01",
          "OSName/Windows",
          "OSVersion/Microsoft.Windows.10.0.17763.",
          "Microsoft.Azure.Management.Search.SearchManagementClient/2.0.1.0"
        ]
      },
      "ResponseHeaders": {
        "Cache-Control": [
          "no-cache"
        ],
        "Date": [
          "Fri, 29 Mar 2019 15:15:51 GMT"
        ],
        "Pragma": [
          "no-cache"
        ],
        "x-ms-request-id": [
          "defc23bb-1bb8-4196-8cea-14f7b22a4f12"
        ],
        "request-id": [
          "defc23bb-1bb8-4196-8cea-14f7b22a4f12"
        ],
        "elapsed-time": [
          "898"
        ],
        "Strict-Transport-Security": [
          "max-age=31536000; includeSubDomains"
        ],
        "x-ms-ratelimit-remaining-subscription-deletes": [
          "14995"
        ],
        "x-ms-correlation-request-id": [
          "72825a8a-bdf1-489d-8848-884bbf352433"
        ],
        "x-ms-routing-request-id": [
          "NORTHEUROPE:20190329T151551Z:72825a8a-bdf1-489d-8848-884bbf352433"
        ],
        "X-Content-Type-Options": [
          "nosniff"
        ],
        "Content-Length": [
          "0"
        ],
        "Expires": [
          "-1"
        ]
      },
      "ResponseBody": "",
      "StatusCode": 200
    }
  ],
  "Names": {
    "GenerateName": [
      "azsmnet6353",
      "azsmnet8667"
    ],
    "GenerateServiceName": [
      "azs-1707"
    ]
  },
  "Variables": {
    "SubscriptionId": "3c729b2a-4f86-4bb2-abe8-4b8647af156c"
  }
}