{
  "Entries": [
    {
      "RequestUri": "/d2599f84-5099-4ef0-8548-d4765d6a0718/services/networking/media",
      "EncodedRequestUri": "L2QyNTk5Zjg0LTUwOTktNGVmMC04NTQ4LWQ0NzY1ZDZhMDcxOC9zZXJ2aWNlcy9uZXR3b3JraW5nL21lZGlh",
      "RequestMethod": "GET",
      "RequestBody": "",
      "RequestHeaders": {
        "x-ms-version": [
          "2016-03-01"
        ],
        "User-Agent": [
          "Microsoft.WindowsAzure.Management.Network.NetworkManagementClient/1.0.0.0"
        ]
      },
      "ResponseBody": "<Error xmlns=\"http://schemas.microsoft.com/windowsazure\" xmlns:i=\"http://www.w3.org/2001/XMLSchema-instance\">\r\n  <Code>ResourceNotFound</Code>\r\n  <Message>Network configuration does not exist.</Message>\r\n</Error>",
      "ResponseHeaders": {
        "Content-Length": [
          "202"
        ],
        "Content-Type": [
          "application/xml; charset=utf-8"
        ],
        "Strict-Transport-Security": [
          "max-age=31536000; includeSubDomains"
        ],
        "x-ms-request-id": [
          "c374b7748a4cb02b8186ab543ac6763e"
        ],
        "Cache-Control": [
          "no-cache"
        ],
        "Date": [
          "Sat, 11 Apr 2015 19:01:34 GMT"
        ],
        "Server": [
          "1.0.6190.5879",
          "(rd_rdfe_n.150326-2000)",
          "Microsoft-HTTPAPI/2.0"
        ]
      },
      "StatusCode": 404
    },
    {
      "RequestUri": "/d2599f84-5099-4ef0-8548-d4765d6a0718/services/networking/media",
      "EncodedRequestUri": "L2QyNTk5Zjg0LTUwOTktNGVmMC04NTQ4LWQ0NzY1ZDZhMDcxOC9zZXJ2aWNlcy9uZXR3b3JraW5nL21lZGlh",
      "RequestMethod": "GET",
      "RequestBody": "",
      "RequestHeaders": {
        "x-ms-version": [
          "2016-03-01"
        ],
        "User-Agent": [
          "Microsoft.WindowsAzure.Management.Network.NetworkManagementClient/1.0.0.0"
        ]
      },
      "ResponseBody": "<Error xmlns=\"http://schemas.microsoft.com/windowsazure\" xmlns:i=\"http://www.w3.org/2001/XMLSchema-instance\">\r\n  <Code>ResourceNotFound</Code>\r\n  <Message>Network configuration does not exist.</Message>\r\n</Error>",
      "ResponseHeaders": {
        "Content-Length": [
          "202"
        ],
        "Content-Type": [
          "application/xml; charset=utf-8"
        ],
        "Strict-Transport-Security": [
          "max-age=31536000; includeSubDomains"
        ],
        "x-ms-request-id": [
          "482a3e5af1d3bbf6a6e065b4867edc35"
        ],
        "Cache-Control": [
          "no-cache"
        ],
        "Date": [
          "Sat, 11 Apr 2015 19:01:34 GMT"
        ],
        "Server": [
          "1.0.6190.5879",
          "(rd_rdfe_n.150326-2000)",
          "Microsoft-HTTPAPI/2.0"
        ]
      },
      "StatusCode": 404
    },
    {
      "RequestUri": "/d2599f84-5099-4ef0-8548-d4765d6a0718/services/networking/media",
      "EncodedRequestUri": "L2QyNTk5Zjg0LTUwOTktNGVmMC04NTQ4LWQ0NzY1ZDZhMDcxOC9zZXJ2aWNlcy9uZXR3b3JraW5nL21lZGlh",
      "RequestMethod": "GET",
      "RequestBody": "",
      "RequestHeaders": {
        "x-ms-version": [
          "2016-03-01"
        ],
        "User-Agent": [
          "Microsoft.WindowsAzure.Management.Network.NetworkManagementClient/1.0.0.0"
        ]
      },
      "ResponseBody": "<NetworkConfiguration xmlns:xsd=\"http://www.w3.org/2001/XMLSchema\" xmlns:xsi=\"http://www.w3.org/2001/XMLSchema-instance\" xmlns=\"http://schemas.microsoft.com/ServiceHosting/2011/07/NetworkConfiguration\">\r\n  <VirtualNetworkConfiguration>\r\n    <Dns />\r\n    <LocalNetworkSites>\r\n      <LocalNetworkSite name=\"localNetworkSiteName\">\r\n        <AddressSpace>\r\n          <AddressPrefix>10.1.0.0/16</AddressPrefix>\r\n        </AddressSpace>\r\n        <VPNGatewayAddress>1.1.1.1</VPNGatewayAddress>\r\n      </LocalNetworkSite>\r\n    </LocalNetworkSites>\r\n    <VirtualNetworkSites>\r\n      <VirtualNetworkSite name=\"virtualNetworkSiteName\" Location=\"North Central US\">\r\n        <AddressSpace>\r\n          <AddressPrefix>192.168.0.0/24</AddressPrefix>\r\n        </AddressSpace>\r\n        <Subnets>\r\n          <Subnet name=\"SubnetName\">\r\n            <AddressPrefix>192.168.0.0/28</AddressPrefix>\r\n          </Subnet>\r\n        </Subnets>\r\n      </VirtualNetworkSite>\r\n    </VirtualNetworkSites>\r\n  </VirtualNetworkConfiguration>\r\n</NetworkConfiguration>",
      "ResponseHeaders": {
        "Content-Length": [
          "1074"
        ],
        "Content-Type": [
          "text/plain"
        ],
        "Strict-Transport-Security": [
          "max-age=31536000; includeSubDomains"
        ],
        "x-ms-request-id": [
          "0606e058a89cbf71b731d8ed7783b014"
        ],
        "Cache-Control": [
          "no-cache"
        ],
        "Date": [
          "Sat, 11 Apr 2015 19:02:10 GMT"
        ],
        "Server": [
          "1.0.6190.5879",
          "(rd_rdfe_n.150326-2000)",
          "Microsoft-HTTPAPI/2.0"
        ]
      },
      "StatusCode": 200
    },
    {
      "RequestUri": "/d2599f84-5099-4ef0-8548-d4765d6a0718/services/networking/media",
      "EncodedRequestUri": "L2QyNTk5Zjg0LTUwOTktNGVmMC04NTQ4LWQ0NzY1ZDZhMDcxOC9zZXJ2aWNlcy9uZXR3b3JraW5nL21lZGlh",
      "RequestMethod": "GET",
      "RequestBody": "",
      "RequestHeaders": {
        "x-ms-version": [
          "2016-03-01"
        ],
        "User-Agent": [
          "Microsoft.WindowsAzure.Management.Network.NetworkManagementClient/1.0.0.0"
        ]
      },
      "ResponseBody": "<NetworkConfiguration xmlns:xsd=\"http://www.w3.org/2001/XMLSchema\" xmlns:xsi=\"http://www.w3.org/2001/XMLSchema-instance\" xmlns=\"http://schemas.microsoft.com/ServiceHosting/2011/07/NetworkConfiguration\">\r\n  <VirtualNetworkConfiguration>\r\n    <Dns />\r\n    <LocalNetworkSites>\r\n      <LocalNetworkSite name=\"localNetworkSiteName\">\r\n        <AddressSpace>\r\n          <AddressPrefix>10.1.0.0/16</AddressPrefix>\r\n        </AddressSpace>\r\n        <VPNGatewayAddress>1.1.1.1</VPNGatewayAddress>\r\n      </LocalNetworkSite>\r\n    </LocalNetworkSites>\r\n    <VirtualNetworkSites>\r\n      <VirtualNetworkSite name=\"virtualNetworkSiteName\" Location=\"North Central US\">\r\n        <AddressSpace>\r\n          <AddressPrefix>192.168.0.0/24</AddressPrefix>\r\n        </AddressSpace>\r\n        <Subnets>\r\n          <Subnet name=\"SubnetName\">\r\n            <AddressPrefix>192.168.0.0/28</AddressPrefix>\r\n          </Subnet>\r\n        </Subnets>\r\n      </VirtualNetworkSite>\r\n    </VirtualNetworkSites>\r\n  </VirtualNetworkConfiguration>\r\n</NetworkConfiguration>",
      "ResponseHeaders": {
        "Content-Length": [
          "1074"
        ],
        "Content-Type": [
          "text/plain"
        ],
        "Strict-Transport-Security": [
          "max-age=31536000; includeSubDomains"
        ],
        "x-ms-request-id": [
          "f0efb417c125b64888accfb030341c59"
        ],
        "Cache-Control": [
          "no-cache"
        ],
        "Date": [
          "Sat, 11 Apr 2015 19:02:11 GMT"
        ],
        "Server": [
          "1.0.6190.5879",
          "(rd_rdfe_n.150326-2000)",
          "Microsoft-HTTPAPI/2.0"
        ]
      },
      "StatusCode": 200
    },
    {
      "RequestUri": "/d2599f84-5099-4ef0-8548-d4765d6a0718/services/networking/media",
      "EncodedRequestUri": "L2QyNTk5Zjg0LTUwOTktNGVmMC04NTQ4LWQ0NzY1ZDZhMDcxOC9zZXJ2aWNlcy9uZXR3b3JraW5nL21lZGlh",
      "RequestMethod": "PUT",
      "RequestBody": "<NetworkConfiguration xmlns=\"http://schemas.microsoft.com/ServiceHosting/2011/07/NetworkConfiguration\" xmlns:xsi=\"http://www.w3.org/2001/XMLSchema-instance\">\r\n  <VirtualNetworkConfiguration>\r\n    <Dns>\r\n      <DnsServers />\r\n    </Dns>\r\n    <LocalNetworkSites>\r\n      <LocalNetworkSite name=\"localNetworkSiteName\">\r\n        <AddressSpace>\r\n          <!-- A customer can define multiple address prefixes in this section. -->\r\n          <AddressPrefix>10.1.0.0/16</AddressPrefix>\r\n        </AddressSpace>\r\n        <!-- VPNGatewayAddress specifies the public IP address of the customer VPN gateway device. -->\r\n        <VPNGatewayAddress>1.1.1.1</VPNGatewayAddress>\r\n      </LocalNetworkSite>\r\n    </LocalNetworkSites>\r\n    <VirtualNetworkSites>\r\n      <VirtualNetworkSite name=\"virtualNetworkSiteName\" Location=\"North Central US\">\r\n        <AddressSpace>\r\n          <!-- A customer can define multiple address prefixes in this section. -->\r\n          <AddressPrefix>192.168.0.0/24</AddressPrefix>\r\n        </AddressSpace>\r\n        <Subnets>\r\n          <Subnet name=\"SubnetName\">\r\n            <AddressPrefix>192.168.0.0/28</AddressPrefix>\r\n          </Subnet>\r\n        </Subnets>\r\n        <DnsServersRef />\r\n      </VirtualNetworkSite>\r\n    </VirtualNetworkSites>\r\n  </VirtualNetworkConfiguration>\r\n</NetworkConfiguration>",
      "RequestHeaders": {
        "Content-Type": [
          "application/octet-stream"
        ],
        "Content-Length": [
          "1325"
        ],
        "x-ms-version": [
          "2016-03-01"
        ],
        "User-Agent": [
          "Microsoft.WindowsAzure.Management.Network.NetworkManagementClient/1.0.0.0"
        ]
      },
      "ResponseBody": "",
      "ResponseHeaders": {
        "Content-Length": [
          "0"
        ],
        "Strict-Transport-Security": [
          "max-age=31536000; includeSubDomains"
        ],
        "x-ms-request-id": [
          "388debc9102abcacb94add3e88c68769"
        ],
        "Cache-Control": [
          "no-cache"
        ],
        "Date": [
          "Sat, 11 Apr 2015 19:01:37 GMT"
        ],
        "Server": [
          "1.0.6190.5879",
          "(rd_rdfe_n.150326-2000)",
          "Microsoft-HTTPAPI/2.0"
        ]
      },
      "StatusCode": 202
    },
    {
      "RequestUri": "/d2599f84-5099-4ef0-8548-d4765d6a0718/services/networking/media",
      "EncodedRequestUri": "L2QyNTk5Zjg0LTUwOTktNGVmMC04NTQ4LWQ0NzY1ZDZhMDcxOC9zZXJ2aWNlcy9uZXR3b3JraW5nL21lZGlh",
      "RequestMethod": "PUT",
      "RequestBody": "<NetworkConfiguration xmlns=\"http://schemas.microsoft.com/ServiceHosting/2011/07/NetworkConfiguration\" xmlns:xsi=\"http://www.w3.org/2001/XMLSchema-instance\">\r\n  <VirtualNetworkConfiguration></VirtualNetworkConfiguration>\r\n</NetworkConfiguration>",
      "RequestHeaders": {
        "Content-Type": [
          "application/octet-stream"
        ],
        "Content-Length": [
          "255"
        ],
        "x-ms-version": [
          "2016-03-01"
        ],
        "User-Agent": [
          "Microsoft.WindowsAzure.Management.Network.NetworkManagementClient/1.0.0.0"
        ]
      },
      "ResponseBody": "",
      "ResponseHeaders": {
        "Content-Length": [
          "0"
        ],
        "Strict-Transport-Security": [
          "max-age=31536000; includeSubDomains"
        ],
        "x-ms-request-id": [
          "0a3359e19551b809b284eed3e83102bf"
        ],
        "Cache-Control": [
          "no-cache"
        ],
        "Date": [
          "Sat, 11 Apr 2015 19:02:12 GMT"
        ],
        "Server": [
          "1.0.6190.5879",
          "(rd_rdfe_n.150326-2000)",
          "Microsoft-HTTPAPI/2.0"
        ]
      },
      "StatusCode": 202
    },
    {
      "RequestUri": "/d2599f84-5099-4ef0-8548-d4765d6a0718/operations/388debc9102abcacb94add3e88c68769",
      "EncodedRequestUri": "L2QyNTk5Zjg0LTUwOTktNGVmMC04NTQ4LWQ0NzY1ZDZhMDcxOC9vcGVyYXRpb25zLzM4OGRlYmM5MTAyYWJjYWNiOTRhZGQzZTg4YzY4NzY5",
      "RequestMethod": "GET",
      "RequestBody": "",
      "RequestHeaders": {
        "x-ms-version": [
          "2016-03-01"
        ],
        "User-Agent": [
          "Microsoft.WindowsAzure.Management.Network.NetworkManagementClient/1.0.0.0"
        ]
      },
      "ResponseBody": "<Operation xmlns=\"http://schemas.microsoft.com/windowsazure\" xmlns:i=\"http://www.w3.org/2001/XMLSchema-instance\">\r\n  <ID>388debc9-102a-bcac-b94a-dd3e88c68769</ID>\r\n  <Status>InProgress</Status>\r\n</Operation>",
      "ResponseHeaders": {
        "Content-Length": [
          "197"
        ],
        "Content-Type": [
          "application/xml; charset=utf-8"
        ],
        "Strict-Transport-Security": [
          "max-age=31536000; includeSubDomains"
        ],
        "x-ms-request-id": [
          "ee9db32e9142b132ac7f4001bf0483d8"
        ],
        "Cache-Control": [
          "no-cache"
        ],
        "Date": [
          "Sat, 11 Apr 2015 19:01:37 GMT"
        ],
        "Server": [
          "1.0.6190.5879",
          "(rd_rdfe_n.150326-2000)",
          "Microsoft-HTTPAPI/2.0"
        ]
      },
      "StatusCode": 200
    },
    {
      "RequestUri": "/d2599f84-5099-4ef0-8548-d4765d6a0718/operations/388debc9102abcacb94add3e88c68769",
      "EncodedRequestUri": "L2QyNTk5Zjg0LTUwOTktNGVmMC04NTQ4LWQ0NzY1ZDZhMDcxOC9vcGVyYXRpb25zLzM4OGRlYmM5MTAyYWJjYWNiOTRhZGQzZTg4YzY4NzY5",
      "RequestMethod": "GET",
      "RequestBody": "",
      "RequestHeaders": {
        "x-ms-version": [
          "2016-03-01"
        ],
        "User-Agent": [
          "Microsoft.WindowsAzure.Management.Network.NetworkManagementClient/1.0.0.0"
        ]
      },
      "ResponseBody": "<Operation xmlns=\"http://schemas.microsoft.com/windowsazure\" xmlns:i=\"http://www.w3.org/2001/XMLSchema-instance\">\r\n  <ID>388debc9-102a-bcac-b94a-dd3e88c68769</ID>\r\n  <Status>Succeeded</Status>\r\n  <HttpStatusCode>200</HttpStatusCode>\r\n</Operation>",
      "ResponseHeaders": {
        "Content-Length": [
          "232"
        ],
        "Content-Type": [
          "application/xml; charset=utf-8"
        ],
        "Strict-Transport-Security": [
          "max-age=31536000; includeSubDomains"
        ],
        "x-ms-request-id": [
          "7b450cb52710bcdf9d4f01685760536d"
        ],
        "Cache-Control": [
          "no-cache"
        ],
        "Date": [
          "Sat, 11 Apr 2015 19:02:08 GMT"
        ],
        "Server": [
          "1.0.6190.5879",
          "(rd_rdfe_n.150326-2000)",
          "Microsoft-HTTPAPI/2.0"
        ]
      },
      "StatusCode": 200
    },
    {
      "RequestUri": "/d2599f84-5099-4ef0-8548-d4765d6a0718/operations/0a3359e19551b809b284eed3e83102bf",
      "EncodedRequestUri": "L2QyNTk5Zjg0LTUwOTktNGVmMC04NTQ4LWQ0NzY1ZDZhMDcxOC9vcGVyYXRpb25zLzBhMzM1OWUxOTU1MWI4MDliMjg0ZWVkM2U4MzEwMmJm",
      "RequestMethod": "GET",
      "RequestBody": "",
      "RequestHeaders": {
        "x-ms-version": [
          "2016-03-01"
        ],
        "User-Agent": [
          "Microsoft.WindowsAzure.Management.Network.NetworkManagementClient/1.0.0.0"
        ]
      },
      "ResponseBody": "<Operation xmlns=\"http://schemas.microsoft.com/windowsazure\" xmlns:i=\"http://www.w3.org/2001/XMLSchema-instance\">\r\n  <ID>0a3359e1-9551-b809-b284-eed3e83102bf</ID>\r\n  <Status>InProgress</Status>\r\n</Operation>",
      "ResponseHeaders": {
        "Content-Length": [
          "197"
        ],
        "Content-Type": [
          "application/xml; charset=utf-8"
        ],
        "Strict-Transport-Security": [
          "max-age=31536000; includeSubDomains"
        ],
        "x-ms-request-id": [
          "42b0717da49cbec2b43bda1405c0971a"
        ],
        "Cache-Control": [
          "no-cache"
        ],
        "Date": [
          "Sat, 11 Apr 2015 19:02:12 GMT"
        ],
        "Server": [
          "1.0.6190.5879",
          "(rd_rdfe_n.150326-2000)",
          "Microsoft-HTTPAPI/2.0"
        ]
      },
      "StatusCode": 200
    },
    {
      "RequestUri": "/d2599f84-5099-4ef0-8548-d4765d6a0718/operations/0a3359e19551b809b284eed3e83102bf",
      "EncodedRequestUri": "L2QyNTk5Zjg0LTUwOTktNGVmMC04NTQ4LWQ0NzY1ZDZhMDcxOC9vcGVyYXRpb25zLzBhMzM1OWUxOTU1MWI4MDliMjg0ZWVkM2U4MzEwMmJm",
      "RequestMethod": "GET",
      "RequestBody": "",
      "RequestHeaders": {
        "x-ms-version": [
          "2016-03-01"
        ],
        "User-Agent": [
          "Microsoft.WindowsAzure.Management.Network.NetworkManagementClient/1.0.0.0"
        ]
      },
      "ResponseBody": "<Operation xmlns=\"http://schemas.microsoft.com/windowsazure\" xmlns:i=\"http://www.w3.org/2001/XMLSchema-instance\">\r\n  <ID>0a3359e1-9551-b809-b284-eed3e83102bf</ID>\r\n  <Status>Succeeded</Status>\r\n  <HttpStatusCode>200</HttpStatusCode>\r\n</Operation>",
      "ResponseHeaders": {
        "Content-Length": [
          "232"
        ],
        "Content-Type": [
          "application/xml; charset=utf-8"
        ],
        "Strict-Transport-Security": [
          "max-age=31536000; includeSubDomains"
        ],
        "x-ms-request-id": [
          "2784f415ee83bfa0b2f364b4c8e9b866"
        ],
        "Cache-Control": [
          "no-cache"
        ],
        "Date": [
          "Sat, 11 Apr 2015 19:02:43 GMT"
        ],
        "Server": [
          "1.0.6190.5879",
          "(rd_rdfe_n.150326-2000)",
          "Microsoft-HTTPAPI/2.0"
        ]
      },
      "StatusCode": 200
    }
  ],
  "Names": {},
  "Variables": {
    "SubscriptionId": "d2599f84-5099-4ef0-8548-d4765d6a0718"
  }
}
