{
  "Entries": [
    {
      "RequestUri": "/subscriptions/0296790d-427c-48ca-b204-8b729bbd8670/resourcegroups/crptestar1820?api-version=2017-05-10",
      "EncodedRequestUri": "L3N1YnNjcmlwdGlvbnMvMDI5Njc5MGQtNDI3Yy00OGNhLWIyMDQtOGI3MjliYmQ4NjcwL3Jlc291cmNlZ3JvdXBzL2NycHRlc3RhcjE4MjA/YXBpLXZlcnNpb249MjAxNy0wNS0xMA==",
      "RequestMethod": "PUT",
      "RequestBody": "{\r\n  \"location\": \"centraluseuap\"\r\n}",
      "RequestHeaders": {
        "x-ms-client-request-id": [
          "41c3936e-20b9-4e86-9fd7-190f6617314d"
        ],
        "Accept-Language": [
          "en-US"
        ],
        "User-Agent": [
          "FxVersion/4.700.21.56803",
          "OSName/Windows",
          "OSVersion/Microsoft.Windows.10.0.19042",
          "Microsoft.Azure.Management.ResourceManager.ResourceManagementClient/1.6.0.0"
        ],
        "Content-Type": [
          "application/json; charset=utf-8"
        ],
        "Content-Length": [
          "35"
        ]
      },
      "ResponseHeaders": {
        "Cache-Control": [
          "no-cache"
        ],
        "Pragma": [
          "no-cache"
        ],
        "x-ms-ratelimit-remaining-subscription-writes": [
          "1199"
        ],
        "x-ms-request-id": [
          "ffda7d24-0684-40a9-8344-9c0dca524fec"
        ],
        "x-ms-correlation-request-id": [
          "ffda7d24-0684-40a9-8344-9c0dca524fec"
        ],
        "x-ms-routing-request-id": [
          "WESTUS:20220225T203115Z:ffda7d24-0684-40a9-8344-9c0dca524fec"
        ],
        "Strict-Transport-Security": [
          "max-age=31536000; includeSubDomains"
        ],
        "X-Content-Type-Options": [
          "nosniff"
        ],
        "Date": [
          "Fri, 25 Feb 2022 20:31:15 GMT"
        ],
        "Content-Length": [
          "186"
        ],
        "Content-Type": [
          "application/json; charset=utf-8"
        ],
        "Expires": [
          "-1"
        ]
      },
      "ResponseBody": "{\r\n  \"id\": \"/subscriptions/0296790d-427c-48ca-b204-8b729bbd8670/resourceGroups/crptestar1820\",\r\n  \"name\": \"crptestar1820\",\r\n  \"location\": \"centraluseuap\",\r\n  \"properties\": {\r\n    \"provisioningState\": \"Succeeded\"\r\n  }\r\n}",
      "StatusCode": 201
    },
    {
      "RequestUri": "/subscriptions/0296790d-427c-48ca-b204-8b729bbd8670/resourceGroups/crptestar1820/providers/Microsoft.Compute/disks/diskrp6176?api-version=2021-12-01",
      "EncodedRequestUri": "L3N1YnNjcmlwdGlvbnMvMDI5Njc5MGQtNDI3Yy00OGNhLWIyMDQtOGI3MjliYmQ4NjcwL3Jlc291cmNlR3JvdXBzL2NycHRlc3RhcjE4MjAvcHJvdmlkZXJzL01pY3Jvc29mdC5Db21wdXRlL2Rpc2tzL2Rpc2tycDYxNzY/YXBpLXZlcnNpb249MjAyMS0xMi0wMQ==",
      "RequestMethod": "PUT",
      "RequestBody": "{\r\n  \"sku\": {\r\n    \"name\": \"Standard_LRS\"\r\n  },\r\n  \"properties\": {\r\n    \"osType\": \"Linux\",\r\n    \"creationData\": {\r\n      \"createOption\": \"FromImage\",\r\n      \"galleryImageReference\": {\r\n        \"id\": \"/subscriptions/0296790d-427c-48ca-b204-8b729bbd8670/resourceGroups/longrunningrg-centraluseuap/providers/Microsoft.Compute/galleries/swaggergallery/images/swaggerimage/versions/1.1.0\",\r\n        \"lun\": 0\r\n      }\r\n    }\r\n  },\r\n  \"location\": \"centraluseuap\"\r\n}",
      "RequestHeaders": {
        "x-ms-client-request-id": [
          "d014a6a5-fe4b-4f6e-85c7-3aa20d64b727"
        ],
        "Accept-Language": [
          "en-US"
        ],
        "User-Agent": [
          "FxVersion/4.700.21.56803",
          "OSName/Windows",
          "OSVersion/Microsoft.Windows.10.0.19042",
          "Microsoft.Azure.Management.Compute.ComputeManagementClient/54.0.0"
        ],
        "Content-Type": [
          "application/json; charset=utf-8"
        ],
        "Content-Length": [
          "458"
        ]
      },
      "ResponseHeaders": {
        "Cache-Control": [
          "no-cache"
        ],
        "Pragma": [
          "no-cache"
        ],
        "Location": [
          "https://management.azure.com/subscriptions/0296790d-427c-48ca-b204-8b729bbd8670/providers/Microsoft.Compute/locations/centraluseuap/DiskOperations/5eab9614-8614-49e1-b0f0-bd3498da2d7b?p=eeaf5299-aba8-4290-a7f0-860f286922fd&monitor=true&api-version=2021-12-01"
        ],
        "Retry-After": [
          "2"
        ],
        "Azure-AsyncOperation": [
          "https://management.azure.com/subscriptions/0296790d-427c-48ca-b204-8b729bbd8670/providers/Microsoft.Compute/locations/centraluseuap/DiskOperations/5eab9614-8614-49e1-b0f0-bd3498da2d7b?p=eeaf5299-aba8-4290-a7f0-860f286922fd&api-version=2021-12-01"
        ],
        "x-ms-ratelimit-remaining-resource": [
          "Microsoft.Compute/CreateUpdateDisks3Min;999,Microsoft.Compute/CreateUpdateDisks30Min;7999"
        ],
        "Strict-Transport-Security": [
          "max-age=31536000; includeSubDomains"
        ],
        "x-ms-served-by": [
          "eeaf5299-aba8-4290-a7f0-860f286922fd_132894602767483972"
        ],
        "x-ms-request-id": [
          "5eab9614-8614-49e1-b0f0-bd3498da2d7b"
        ],
        "Server": [
          "Microsoft-HTTPAPI/2.0",
          "Microsoft-HTTPAPI/2.0"
        ],
        "x-ms-ratelimit-remaining-subscription-writes": [
          "1199"
        ],
        "x-ms-correlation-request-id": [
          "e282e6a6-6af5-4535-880b-946c3354ca55"
        ],
        "x-ms-routing-request-id": [
          "WESTUS:20220225T203118Z:e282e6a6-6af5-4535-880b-946c3354ca55"
        ],
        "X-Content-Type-Options": [
          "nosniff"
        ],
        "Date": [
          "Fri, 25 Feb 2022 20:31:17 GMT"
        ],
        "Content-Length": [
          "549"
        ],
        "Content-Type": [
          "application/json; charset=utf-8"
        ],
        "Expires": [
          "-1"
        ]
      },
      "ResponseBody": "{\r\n  \"name\": \"diskrp6176\",\r\n  \"location\": \"centraluseuap\",\r\n  \"sku\": {\r\n    \"name\": \"Standard_LRS\"\r\n  },\r\n  \"properties\": {\r\n    \"osType\": \"Linux\",\r\n    \"creationData\": {\r\n      \"createOption\": \"FromImage\",\r\n      \"galleryImageReference\": {\r\n        \"id\": \"/subscriptions/0296790d-427c-48ca-b204-8b729bbd8670/resourceGroups/longrunningrg-centraluseuap/providers/Microsoft.Compute/galleries/swaggergallery/images/swaggerimage/versions/1.1.0\",\r\n        \"lun\": 0\r\n      }\r\n    },\r\n    \"provisioningState\": \"Updating\",\r\n    \"isArmResource\": true\r\n  }\r\n}",
      "StatusCode": 202
    },
    {
      "RequestUri": "/subscriptions/0296790d-427c-48ca-b204-8b729bbd8670/providers/Microsoft.Compute/locations/centraluseuap/DiskOperations/5eab9614-8614-49e1-b0f0-bd3498da2d7b?p=eeaf5299-aba8-4290-a7f0-860f286922fd&api-version=2021-12-01",
      "EncodedRequestUri": "L3N1YnNjcmlwdGlvbnMvMDI5Njc5MGQtNDI3Yy00OGNhLWIyMDQtOGI3MjliYmQ4NjcwL3Byb3ZpZGVycy9NaWNyb3NvZnQuQ29tcHV0ZS9sb2NhdGlvbnMvY2VudHJhbHVzZXVhcC9EaXNrT3BlcmF0aW9ucy81ZWFiOTYxNC04NjE0LTQ5ZTEtYjBmMC1iZDM0OThkYTJkN2I/cD1lZWFmNTI5OS1hYmE4LTQyOTAtYTdmMC04NjBmMjg2OTIyZmQmYXBpLXZlcnNpb249MjAyMS0xMi0wMQ==",
      "RequestMethod": "GET",
      "RequestBody": "",
      "RequestHeaders": {
        "User-Agent": [
          "FxVersion/4.700.21.56803",
          "OSName/Windows",
          "OSVersion/Microsoft.Windows.10.0.19042",
          "Microsoft.Azure.Management.Compute.ComputeManagementClient/54.0.0"
        ]
      },
      "ResponseHeaders": {
        "Cache-Control": [
          "no-cache"
        ],
        "Pragma": [
          "no-cache"
        ],
        "x-ms-ratelimit-remaining-resource": [
          "Microsoft.Compute/GetOperation3Min;49999,Microsoft.Compute/GetOperation30Min;399999"
        ],
        "Strict-Transport-Security": [
          "max-age=31536000; includeSubDomains"
        ],
        "x-ms-served-by": [
          "eeaf5299-aba8-4290-a7f0-860f286922fd_132894602767483972"
        ],
        "x-ms-request-id": [
          "cbe4f2fa-82ed-46bb-b30c-3b9d629c95e0"
        ],
        "Server": [
          "Microsoft-HTTPAPI/2.0",
          "Microsoft-HTTPAPI/2.0"
        ],
        "x-ms-ratelimit-remaining-subscription-reads": [
          "11999"
        ],
        "x-ms-correlation-request-id": [
          "d795d04f-0c60-484a-9509-6aa2af30a16a"
        ],
        "x-ms-routing-request-id": [
          "WESTUS:20220225T203120Z:d795d04f-0c60-484a-9509-6aa2af30a16a"
        ],
        "X-Content-Type-Options": [
          "nosniff"
        ],
        "Date": [
          "Fri, 25 Feb 2022 20:31:19 GMT"
        ],
        "Content-Length": [
          "1623"
        ],
        "Content-Type": [
          "application/json; charset=utf-8"
        ],
        "Expires": [
          "-1"
        ]
      },
      "ResponseBody": "{\r\n  \"startTime\": \"2022-02-25T12:31:18.232272-08:00\",\r\n  \"endTime\": \"2022-02-25T12:31:19.8104246-08:00\",\r\n  \"status\": \"Succeeded\",\r\n  \"properties\": {\r\n    \"output\": {\r\n      \"name\": \"diskrp6176\",\r\n      \"id\": \"/subscriptions/0296790d-427c-48ca-b204-8b729bbd8670/resourceGroups/crptestar1820/providers/Microsoft.Compute/disks/diskrp6176\",\r\n      \"type\": \"Microsoft.Compute/disks\",\r\n      \"location\": \"centraluseuap\",\r\n      \"sku\": {\r\n        \"name\": \"Standard_LRS\",\r\n        \"tier\": \"Standard\"\r\n      },\r\n      \"properties\": {\r\n        \"osType\": \"Linux\",\r\n        \"creationData\": {\r\n          \"createOption\": \"FromImage\",\r\n          \"imageReference\": {\r\n            \"id\": \"/subscriptions/0296790d-427c-48ca-b204-8b729bbd8670/resourceGroups/longrunningrg-centraluseuap/providers/Microsoft.Compute/galleries/swaggergallery/images/swaggerimage/versions/1.1.0\",\r\n            \"lun\": 0\r\n          },\r\n          \"galleryImageReference\": {\r\n            \"id\": \"/subscriptions/0296790d-427c-48ca-b204-8b729bbd8670/resourceGroups/longrunningrg-centraluseuap/providers/Microsoft.Compute/galleries/swaggergallery/images/swaggerimage/versions/1.1.0\",\r\n            \"lun\": 0\r\n          }\r\n        },\r\n        \"diskSizeGB\": 4,\r\n        \"diskIOPSReadWrite\": 500,\r\n        \"diskMBpsReadWrite\": 60,\r\n        \"encryption\": {\r\n          \"type\": \"EncryptionAtRestWithPlatformKey\"\r\n        },\r\n        \"networkAccessPolicy\": \"AllowAll\",\r\n        \"publicNetworkAccess\": \"Enabled\",\r\n        \"timeCreated\": \"2022-02-25T12:31:18.4666408-08:00\",\r\n        \"provisioningState\": \"Succeeded\",\r\n        \"diskState\": \"Unattached\",\r\n        \"diskSizeBytes\": 4294967296,\r\n        \"uniqueId\": \"607347fd-b5b1-4b4a-a92b-613530613c24\"\r\n      }\r\n    }\r\n  },\r\n  \"name\": \"5eab9614-8614-49e1-b0f0-bd3498da2d7b\"\r\n}",
      "StatusCode": 200
    },
    {
      "RequestUri": "/subscriptions/0296790d-427c-48ca-b204-8b729bbd8670/resourceGroups/crptestar1820/providers/Microsoft.Compute/disks/diskrp6176?api-version=2021-12-01",
      "EncodedRequestUri": "L3N1YnNjcmlwdGlvbnMvMDI5Njc5MGQtNDI3Yy00OGNhLWIyMDQtOGI3MjliYmQ4NjcwL3Jlc291cmNlR3JvdXBzL2NycHRlc3RhcjE4MjAvcHJvdmlkZXJzL01pY3Jvc29mdC5Db21wdXRlL2Rpc2tzL2Rpc2tycDYxNzY/YXBpLXZlcnNpb249MjAyMS0xMi0wMQ==",
      "RequestMethod": "GET",
      "RequestBody": "",
      "RequestHeaders": {
        "User-Agent": [
          "FxVersion/4.700.21.56803",
          "OSName/Windows",
          "OSVersion/Microsoft.Windows.10.0.19042",
          "Microsoft.Azure.Management.Compute.ComputeManagementClient/54.0.0"
        ]
      },
      "ResponseHeaders": {
        "Cache-Control": [
          "no-cache"
        ],
        "Pragma": [
          "no-cache"
        ],
        "x-ms-ratelimit-remaining-resource": [
          "Microsoft.Compute/LowCostGet3Min;14999,Microsoft.Compute/LowCostGet30Min;119999"
        ],
        "Strict-Transport-Security": [
          "max-age=31536000; includeSubDomains"
        ],
        "x-ms-served-by": [
          "eeaf5299-aba8-4290-a7f0-860f286922fd_132894602767483972"
        ],
        "x-ms-request-id": [
          "1e026091-c141-406a-95fb-d933d79169ae"
        ],
        "Server": [
          "Microsoft-HTTPAPI/2.0",
          "Microsoft-HTTPAPI/2.0"
        ],
        "x-ms-ratelimit-remaining-subscription-reads": [
          "11998"
        ],
        "x-ms-correlation-request-id": [
          "5501ebf5-0847-4668-932f-cefa088b5bf3"
        ],
        "x-ms-routing-request-id": [
          "WESTUS:20220225T203120Z:5501ebf5-0847-4668-932f-cefa088b5bf3"
        ],
        "X-Content-Type-Options": [
          "nosniff"
        ],
        "Date": [
          "Fri, 25 Feb 2022 20:31:20 GMT"
        ],
        "Content-Length": [
          "1399"
        ],
        "Content-Type": [
          "application/json; charset=utf-8"
        ],
        "Expires": [
          "-1"
        ]
      },
      "ResponseBody": "{\r\n  \"name\": \"diskrp6176\",\r\n  \"id\": \"/subscriptions/0296790d-427c-48ca-b204-8b729bbd8670/resourceGroups/crptestar1820/providers/Microsoft.Compute/disks/diskrp6176\",\r\n  \"type\": \"Microsoft.Compute/disks\",\r\n  \"location\": \"centraluseuap\",\r\n  \"sku\": {\r\n    \"name\": \"Standard_LRS\",\r\n    \"tier\": \"Standard\"\r\n  },\r\n  \"properties\": {\r\n    \"osType\": \"Linux\",\r\n    \"creationData\": {\r\n      \"createOption\": \"FromImage\",\r\n      \"imageReference\": {\r\n        \"id\": \"/subscriptions/0296790d-427c-48ca-b204-8b729bbd8670/resourceGroups/longrunningrg-centraluseuap/providers/Microsoft.Compute/galleries/swaggergallery/images/swaggerimage/versions/1.1.0\",\r\n        \"lun\": 0\r\n      },\r\n      \"galleryImageReference\": {\r\n        \"id\": \"/subscriptions/0296790d-427c-48ca-b204-8b729bbd8670/resourceGroups/longrunningrg-centraluseuap/providers/Microsoft.Compute/galleries/swaggergallery/images/swaggerimage/versions/1.1.0\",\r\n        \"lun\": 0\r\n      }\r\n    },\r\n    \"diskSizeGB\": 4,\r\n    \"diskIOPSReadWrite\": 500,\r\n    \"diskMBpsReadWrite\": 60,\r\n    \"encryption\": {\r\n      \"type\": \"EncryptionAtRestWithPlatformKey\"\r\n    },\r\n    \"networkAccessPolicy\": \"AllowAll\",\r\n    \"publicNetworkAccess\": \"Enabled\",\r\n    \"timeCreated\": \"2022-02-25T12:31:18.4666408-08:00\",\r\n    \"provisioningState\": \"Succeeded\",\r\n    \"diskState\": \"Unattached\",\r\n    \"diskSizeBytes\": 4294967296,\r\n    \"uniqueId\": \"607347fd-b5b1-4b4a-a92b-613530613c24\"\r\n  }\r\n}",
      "StatusCode": 200
    },
    {
      "RequestUri": "/subscriptions/0296790d-427c-48ca-b204-8b729bbd8670/resourceGroups/crptestar1820/providers/Microsoft.Compute/disks/diskrp6176?api-version=2021-12-01",
      "EncodedRequestUri": "L3N1YnNjcmlwdGlvbnMvMDI5Njc5MGQtNDI3Yy00OGNhLWIyMDQtOGI3MjliYmQ4NjcwL3Jlc291cmNlR3JvdXBzL2NycHRlc3RhcjE4MjAvcHJvdmlkZXJzL01pY3Jvc29mdC5Db21wdXRlL2Rpc2tzL2Rpc2tycDYxNzY/YXBpLXZlcnNpb249MjAyMS0xMi0wMQ==",
      "RequestMethod": "GET",
      "RequestBody": "",
      "RequestHeaders": {
        "x-ms-client-request-id": [
          "704676a4-5509-46ce-ae29-f1b5df4407b3"
        ],
        "Accept-Language": [
          "en-US"
        ],
        "User-Agent": [
          "FxVersion/4.700.21.56803",
          "OSName/Windows",
          "OSVersion/Microsoft.Windows.10.0.19042",
          "Microsoft.Azure.Management.Compute.ComputeManagementClient/54.0.0"
        ]
      },
      "ResponseHeaders": {
        "Cache-Control": [
          "no-cache"
        ],
        "Pragma": [
          "no-cache"
        ],
        "x-ms-ratelimit-remaining-resource": [
          "Microsoft.Compute/LowCostGet3Min;14998,Microsoft.Compute/LowCostGet30Min;119998"
        ],
        "Strict-Transport-Security": [
          "max-age=31536000; includeSubDomains"
        ],
        "x-ms-served-by": [
          "eeaf5299-aba8-4290-a7f0-860f286922fd_132894602767483972"
        ],
        "x-ms-request-id": [
          "3f00d103-a2f5-4d1a-9aa3-ed4931306851"
        ],
        "Server": [
          "Microsoft-HTTPAPI/2.0",
          "Microsoft-HTTPAPI/2.0"
        ],
        "x-ms-ratelimit-remaining-subscription-reads": [
          "11997"
        ],
        "x-ms-correlation-request-id": [
          "5a767e20-9570-49a6-8b82-617fd4a7e9bc"
        ],
        "x-ms-routing-request-id": [
          "WESTUS:20220225T203121Z:5a767e20-9570-49a6-8b82-617fd4a7e9bc"
        ],
        "X-Content-Type-Options": [
          "nosniff"
        ],
        "Date": [
          "Fri, 25 Feb 2022 20:31:20 GMT"
        ],
        "Content-Length": [
          "1399"
        ],
        "Content-Type": [
          "application/json; charset=utf-8"
        ],
        "Expires": [
          "-1"
        ]
      },
      "ResponseBody": "{\r\n  \"name\": \"diskrp6176\",\r\n  \"id\": \"/subscriptions/0296790d-427c-48ca-b204-8b729bbd8670/resourceGroups/crptestar1820/providers/Microsoft.Compute/disks/diskrp6176\",\r\n  \"type\": \"Microsoft.Compute/disks\",\r\n  \"location\": \"centraluseuap\",\r\n  \"sku\": {\r\n    \"name\": \"Standard_LRS\",\r\n    \"tier\": \"Standard\"\r\n  },\r\n  \"properties\": {\r\n    \"osType\": \"Linux\",\r\n    \"creationData\": {\r\n      \"createOption\": \"FromImage\",\r\n      \"imageReference\": {\r\n        \"id\": \"/subscriptions/0296790d-427c-48ca-b204-8b729bbd8670/resourceGroups/longrunningrg-centraluseuap/providers/Microsoft.Compute/galleries/swaggergallery/images/swaggerimage/versions/1.1.0\",\r\n        \"lun\": 0\r\n      },\r\n      \"galleryImageReference\": {\r\n        \"id\": \"/subscriptions/0296790d-427c-48ca-b204-8b729bbd8670/resourceGroups/longrunningrg-centraluseuap/providers/Microsoft.Compute/galleries/swaggergallery/images/swaggerimage/versions/1.1.0\",\r\n        \"lun\": 0\r\n      }\r\n    },\r\n    \"diskSizeGB\": 4,\r\n    \"diskIOPSReadWrite\": 500,\r\n    \"diskMBpsReadWrite\": 60,\r\n    \"encryption\": {\r\n      \"type\": \"EncryptionAtRestWithPlatformKey\"\r\n    },\r\n    \"networkAccessPolicy\": \"AllowAll\",\r\n    \"publicNetworkAccess\": \"Enabled\",\r\n    \"timeCreated\": \"2022-02-25T12:31:18.4666408-08:00\",\r\n    \"provisioningState\": \"Succeeded\",\r\n    \"diskState\": \"Unattached\",\r\n    \"diskSizeBytes\": 4294967296,\r\n    \"uniqueId\": \"607347fd-b5b1-4b4a-a92b-613530613c24\"\r\n  }\r\n}",
      "StatusCode": 200
    },
    {
      "RequestUri": "/subscriptions/0296790d-427c-48ca-b204-8b729bbd8670/resourceGroups/crptestar1820/providers/Microsoft.Compute/disks/diskrp6176?api-version=2021-12-01",
      "EncodedRequestUri": "L3N1YnNjcmlwdGlvbnMvMDI5Njc5MGQtNDI3Yy00OGNhLWIyMDQtOGI3MjliYmQ4NjcwL3Jlc291cmNlR3JvdXBzL2NycHRlc3RhcjE4MjAvcHJvdmlkZXJzL01pY3Jvc29mdC5Db21wdXRlL2Rpc2tzL2Rpc2tycDYxNzY/YXBpLXZlcnNpb249MjAyMS0xMi0wMQ==",
      "RequestMethod": "DELETE",
      "RequestBody": "",
      "RequestHeaders": {
        "x-ms-client-request-id": [
          "3808de36-2652-4976-a01e-6b33394b8434"
        ],
        "Accept-Language": [
          "en-US"
        ],
        "User-Agent": [
          "FxVersion/4.700.21.56803",
          "OSName/Windows",
          "OSVersion/Microsoft.Windows.10.0.19042",
          "Microsoft.Azure.Management.Compute.ComputeManagementClient/54.0.0"
        ]
      },
      "ResponseHeaders": {
        "Cache-Control": [
          "no-cache"
        ],
        "Pragma": [
          "no-cache"
        ],
        "Location": [
          "https://management.azure.com/subscriptions/0296790d-427c-48ca-b204-8b729bbd8670/providers/Microsoft.Compute/locations/centraluseuap/DiskOperations/5d93f96e-a5e4-4c57-b5f0-948fd2751bdf?p=eeaf5299-aba8-4290-a7f0-860f286922fd&monitor=true&api-version=2021-12-01"
        ],
        "Azure-AsyncOperation": [
          "https://management.azure.com/subscriptions/0296790d-427c-48ca-b204-8b729bbd8670/providers/Microsoft.Compute/locations/centraluseuap/DiskOperations/5d93f96e-a5e4-4c57-b5f0-948fd2751bdf?p=eeaf5299-aba8-4290-a7f0-860f286922fd&api-version=2021-12-01"
        ],
        "x-ms-ratelimit-remaining-resource": [
          "Microsoft.Compute/DeleteDisks3Min;2999,Microsoft.Compute/DeleteDisks30Min;23999"
        ],
        "Strict-Transport-Security": [
          "max-age=31536000; includeSubDomains"
        ],
        "x-ms-served-by": [
          "eeaf5299-aba8-4290-a7f0-860f286922fd_132894602767483972"
        ],
        "x-ms-request-id": [
          "5d93f96e-a5e4-4c57-b5f0-948fd2751bdf"
        ],
        "Server": [
          "Microsoft-HTTPAPI/2.0",
          "Microsoft-HTTPAPI/2.0"
        ],
        "x-ms-ratelimit-remaining-subscription-deletes": [
          "14999"
        ],
        "x-ms-correlation-request-id": [
          "6c981eda-1a1a-4d92-97e7-bf6d3ae11820"
        ],
        "x-ms-routing-request-id": [
          "WESTUS:20220225T203121Z:6c981eda-1a1a-4d92-97e7-bf6d3ae11820"
        ],
        "X-Content-Type-Options": [
          "nosniff"
        ],
        "Date": [
          "Fri, 25 Feb 2022 20:31:20 GMT"
        ],
        "Expires": [
          "-1"
        ],
        "Content-Length": [
          "0"
        ]
      },
      "ResponseBody": "",
      "StatusCode": 202
    },
    {
      "RequestUri": "/subscriptions/0296790d-427c-48ca-b204-8b729bbd8670/providers/Microsoft.Compute/locations/centraluseuap/DiskOperations/5d93f96e-a5e4-4c57-b5f0-948fd2751bdf?p=eeaf5299-aba8-4290-a7f0-860f286922fd&api-version=2021-12-01",
      "EncodedRequestUri": "L3N1YnNjcmlwdGlvbnMvMDI5Njc5MGQtNDI3Yy00OGNhLWIyMDQtOGI3MjliYmQ4NjcwL3Byb3ZpZGVycy9NaWNyb3NvZnQuQ29tcHV0ZS9sb2NhdGlvbnMvY2VudHJhbHVzZXVhcC9EaXNrT3BlcmF0aW9ucy81ZDkzZjk2ZS1hNWU0LTRjNTctYjVmMC05NDhmZDI3NTFiZGY/cD1lZWFmNTI5OS1hYmE4LTQyOTAtYTdmMC04NjBmMjg2OTIyZmQmYXBpLXZlcnNpb249MjAyMS0xMi0wMQ==",
      "RequestMethod": "GET",
      "RequestBody": "",
      "RequestHeaders": {
        "User-Agent": [
          "FxVersion/4.700.21.56803",
          "OSName/Windows",
          "OSVersion/Microsoft.Windows.10.0.19042",
          "Microsoft.Azure.Management.Compute.ComputeManagementClient/54.0.0"
        ]
      },
      "ResponseHeaders": {
        "Cache-Control": [
          "no-cache"
        ],
        "Pragma": [
          "no-cache"
        ],
        "x-ms-ratelimit-remaining-resource": [
          "Microsoft.Compute/GetOperation3Min;49996,Microsoft.Compute/GetOperation30Min;399996"
        ],
        "Strict-Transport-Security": [
          "max-age=31536000; includeSubDomains"
        ],
        "x-ms-served-by": [
          "eeaf5299-aba8-4290-a7f0-860f286922fd_132894602767483972"
        ],
        "x-ms-request-id": [
          "7413395f-9cdc-4a61-bfe8-e237cb3b274b"
        ],
        "Server": [
          "Microsoft-HTTPAPI/2.0",
          "Microsoft-HTTPAPI/2.0"
        ],
        "x-ms-ratelimit-remaining-subscription-reads": [
          "11996"
        ],
        "x-ms-correlation-request-id": [
          "d3d79657-1fb0-4ea5-afb9-1b200525d024"
        ],
        "x-ms-routing-request-id": [
          "WESTUS:20220225T203151Z:d3d79657-1fb0-4ea5-afb9-1b200525d024"
        ],
        "X-Content-Type-Options": [
          "nosniff"
        ],
        "Date": [
          "Fri, 25 Feb 2022 20:31:51 GMT"
        ],
        "Content-Length": [
          "183"
        ],
        "Content-Type": [
          "application/json; charset=utf-8"
        ],
        "Expires": [
          "-1"
        ]
      },
      "ResponseBody": "{\r\n  \"startTime\": \"2022-02-25T12:31:21.3260588-08:00\",\r\n  \"endTime\": \"2022-02-25T12:31:21.529134-08:00\",\r\n  \"status\": \"Succeeded\",\r\n  \"name\": \"5d93f96e-a5e4-4c57-b5f0-948fd2751bdf\"\r\n}",
      "StatusCode": 200
    },
    {
      "RequestUri": "/subscriptions/0296790d-427c-48ca-b204-8b729bbd8670/providers/Microsoft.Compute/locations/centraluseuap/DiskOperations/5d93f96e-a5e4-4c57-b5f0-948fd2751bdf?p=eeaf5299-aba8-4290-a7f0-860f286922fd&monitor=true&api-version=2021-12-01",
      "EncodedRequestUri": "L3N1YnNjcmlwdGlvbnMvMDI5Njc5MGQtNDI3Yy00OGNhLWIyMDQtOGI3MjliYmQ4NjcwL3Byb3ZpZGVycy9NaWNyb3NvZnQuQ29tcHV0ZS9sb2NhdGlvbnMvY2VudHJhbHVzZXVhcC9EaXNrT3BlcmF0aW9ucy81ZDkzZjk2ZS1hNWU0LTRjNTctYjVmMC05NDhmZDI3NTFiZGY/cD1lZWFmNTI5OS1hYmE4LTQyOTAtYTdmMC04NjBmMjg2OTIyZmQmbW9uaXRvcj10cnVlJmFwaS12ZXJzaW9uPTIwMjEtMTItMDE=",
      "RequestMethod": "GET",
      "RequestBody": "",
      "RequestHeaders": {
        "User-Agent": [
          "FxVersion/4.700.21.56803",
          "OSName/Windows",
          "OSVersion/Microsoft.Windows.10.0.19042",
          "Microsoft.Azure.Management.Compute.ComputeManagementClient/54.0.0"
        ]
      },
      "ResponseHeaders": {
        "Cache-Control": [
          "no-cache"
        ],
        "Pragma": [
          "no-cache"
        ],
        "x-ms-ratelimit-remaining-resource": [
          "Microsoft.Compute/GetOperation3Min;49995,Microsoft.Compute/GetOperation30Min;399995"
        ],
        "Strict-Transport-Security": [
          "max-age=31536000; includeSubDomains"
        ],
        "x-ms-served-by": [
          "eeaf5299-aba8-4290-a7f0-860f286922fd_132894602767483972"
        ],
        "x-ms-request-id": [
          "cf2090d6-2e82-443f-81c7-4722fa2ce6b5"
        ],
        "Server": [
          "Microsoft-HTTPAPI/2.0",
          "Microsoft-HTTPAPI/2.0"
        ],
        "x-ms-ratelimit-remaining-subscription-reads": [
          "11995"
        ],
        "x-ms-correlation-request-id": [
          "21503dfd-c216-4321-9517-124a0ff0751e"
        ],
        "x-ms-routing-request-id": [
          "WESTUS:20220225T203151Z:21503dfd-c216-4321-9517-124a0ff0751e"
        ],
        "X-Content-Type-Options": [
          "nosniff"
        ],
        "Date": [
          "Fri, 25 Feb 2022 20:31:51 GMT"
        ],
        "Expires": [
          "-1"
        ],
        "Content-Length": [
          "0"
        ]
      },
      "ResponseBody": "",
      "StatusCode": 200
    },
    {
      "RequestUri": "/subscriptions/0296790d-427c-48ca-b204-8b729bbd8670/resourcegroups/crptestar1820?api-version=2017-05-10",
      "EncodedRequestUri": "L3N1YnNjcmlwdGlvbnMvMDI5Njc5MGQtNDI3Yy00OGNhLWIyMDQtOGI3MjliYmQ4NjcwL3Jlc291cmNlZ3JvdXBzL2NycHRlc3RhcjE4MjA/YXBpLXZlcnNpb249MjAxNy0wNS0xMA==",
      "RequestMethod": "DELETE",
      "RequestBody": "",
      "RequestHeaders": {
        "x-ms-client-request-id": [
          "c694e768-3a96-4045-a40d-ed8d3596d322"
        ],
        "Accept-Language": [
          "en-US"
        ],
        "User-Agent": [
          "FxVersion/4.700.21.56803",
          "OSName/Windows",
          "OSVersion/Microsoft.Windows.10.0.19042",
          "Microsoft.Azure.Management.ResourceManager.ResourceManagementClient/1.6.0.0"
        ]
      },
      "ResponseHeaders": {
        "Cache-Control": [
          "no-cache"
        ],
        "Pragma": [
          "no-cache"
        ],
        "Location": [
          "https://management.azure.com/subscriptions/0296790d-427c-48ca-b204-8b729bbd8670/operationresults/eyJqb2JJZCI6IlJFU09VUkNFR1JPVVBERUxFVElPTkpPQi1DUlBURVNUQVIxODIwLUNFTlRSQUxVU0VVQVAiLCJqb2JMb2NhdGlvbiI6ImNlbnRyYWx1c2V1YXAifQ?api-version=2017-05-10"
        ],
        "Retry-After": [
          "15"
        ],
        "x-ms-ratelimit-remaining-subscription-deletes": [
          "14999"
        ],
        "x-ms-request-id": [
          "9514387c-93bb-46a3-8728-2e85e012ea10"
        ],
        "x-ms-correlation-request-id": [
          "9514387c-93bb-46a3-8728-2e85e012ea10"
        ],
        "x-ms-routing-request-id": [
          "WESTUS:20220225T203152Z:9514387c-93bb-46a3-8728-2e85e012ea10"
        ],
        "Strict-Transport-Security": [
          "max-age=31536000; includeSubDomains"
        ],
        "X-Content-Type-Options": [
          "nosniff"
        ],
        "Date": [
          "Fri, 25 Feb 2022 20:31:52 GMT"
        ],
        "Expires": [
          "-1"
        ],
        "Content-Length": [
          "0"
        ]
      },
      "ResponseBody": "",
      "StatusCode": 202
    },
    {
      "RequestUri": "/subscriptions/0296790d-427c-48ca-b204-8b729bbd8670/operationresults/eyJqb2JJZCI6IlJFU09VUkNFR1JPVVBERUxFVElPTkpPQi1DUlBURVNUQVIxODIwLUNFTlRSQUxVU0VVQVAiLCJqb2JMb2NhdGlvbiI6ImNlbnRyYWx1c2V1YXAifQ?api-version=2017-05-10",
      "EncodedRequestUri": "L3N1YnNjcmlwdGlvbnMvMDI5Njc5MGQtNDI3Yy00OGNhLWIyMDQtOGI3MjliYmQ4NjcwL29wZXJhdGlvbnJlc3VsdHMvZXlKcWIySkpaQ0k2SWxKRlUwOVZVa05GUjFKUFZWQkVSVXhGVkVsUFRrcFBRaTFEVWxCVVJWTlVRVkl4T0RJd0xVTkZUbFJTUVV4VlUwVlZRVkFpTENKcWIySk1iMk5oZEdsdmJpSTZJbU5sYm5SeVlXeDFjMlYxWVhBaWZRP2FwaS12ZXJzaW9uPTIwMTctMDUtMTA=",
      "RequestMethod": "GET",
      "RequestBody": "",
      "RequestHeaders": {
        "User-Agent": [
          "FxVersion/4.700.21.56803",
          "OSName/Windows",
          "OSVersion/Microsoft.Windows.10.0.19042",
          "Microsoft.Azure.Management.ResourceManager.ResourceManagementClient/1.6.0.0"
        ]
      },
      "ResponseHeaders": {
        "Cache-Control": [
          "no-cache"
        ],
        "Pragma": [
          "no-cache"
        ],
        "x-ms-ratelimit-remaining-subscription-reads": [
          "11999"
        ],
        "x-ms-request-id": [
          "c786a532-3a40-4bc2-ba10-865826f1865b"
        ],
        "x-ms-correlation-request-id": [
          "c786a532-3a40-4bc2-ba10-865826f1865b"
        ],
        "x-ms-routing-request-id": [
          "WESTUS:20220225T203207Z:c786a532-3a40-4bc2-ba10-865826f1865b"
        ],
        "Strict-Transport-Security": [
          "max-age=31536000; includeSubDomains"
        ],
        "X-Content-Type-Options": [
          "nosniff"
        ],
        "Date": [
          "Fri, 25 Feb 2022 20:32:07 GMT"
        ],
        "Expires": [
          "-1"
        ],
        "Content-Length": [
          "0"
        ]
      },
      "ResponseBody": "",
      "StatusCode": 200
    },
    {
      "RequestUri": "/subscriptions/0296790d-427c-48ca-b204-8b729bbd8670/operationresults/eyJqb2JJZCI6IlJFU09VUkNFR1JPVVBERUxFVElPTkpPQi1DUlBURVNUQVIxODIwLUNFTlRSQUxVU0VVQVAiLCJqb2JMb2NhdGlvbiI6ImNlbnRyYWx1c2V1YXAifQ?api-version=2017-05-10",
      "EncodedRequestUri": "L3N1YnNjcmlwdGlvbnMvMDI5Njc5MGQtNDI3Yy00OGNhLWIyMDQtOGI3MjliYmQ4NjcwL29wZXJhdGlvbnJlc3VsdHMvZXlKcWIySkpaQ0k2SWxKRlUwOVZVa05GUjFKUFZWQkVSVXhGVkVsUFRrcFBRaTFEVWxCVVJWTlVRVkl4T0RJd0xVTkZUbFJTUVV4VlUwVlZRVkFpTENKcWIySk1iMk5oZEdsdmJpSTZJbU5sYm5SeVlXeDFjMlYxWVhBaWZRP2FwaS12ZXJzaW9uPTIwMTctMDUtMTA=",
      "RequestMethod": "GET",
      "RequestBody": "",
      "RequestHeaders": {
        "User-Agent": [
          "FxVersion/4.700.21.56803",
          "OSName/Windows",
          "OSVersion/Microsoft.Windows.10.0.19042",
          "Microsoft.Azure.Management.ResourceManager.ResourceManagementClient/1.6.0.0"
        ]
      },
      "ResponseHeaders": {
        "Cache-Control": [
          "no-cache"
        ],
        "Pragma": [
          "no-cache"
        ],
        "x-ms-ratelimit-remaining-subscription-reads": [
          "11998"
        ],
        "x-ms-request-id": [
          "2acba3a8-5de2-40a3-a2c2-3961fe26faa2"
        ],
        "x-ms-correlation-request-id": [
          "2acba3a8-5de2-40a3-a2c2-3961fe26faa2"
        ],
        "x-ms-routing-request-id": [
          "WESTUS:20220225T203207Z:2acba3a8-5de2-40a3-a2c2-3961fe26faa2"
        ],
        "Strict-Transport-Security": [
          "max-age=31536000; includeSubDomains"
        ],
        "X-Content-Type-Options": [
          "nosniff"
        ],
        "Date": [
          "Fri, 25 Feb 2022 20:32:07 GMT"
        ],
        "Expires": [
          "-1"
        ],
        "Content-Length": [
          "0"
        ]
      },
      "ResponseBody": "",
      "StatusCode": 200
    }
  ],
  "Names": {
    "DiskFromGalleryImageVersion": [
      "crptestar1820",
      "diskrp6176"
    ]
  },
  "Variables": {
    "SubscriptionId": "0296790d-427c-48ca-b204-8b729bbd8670"
  }
}