{
  "Entries": [
    {
      "RequestUri": "/subscriptions/0296790d-427c-48ca-b204-8b729bbd8670/resourcegroups/crptestar1106?api-version=2017-05-10",
      "EncodedRequestUri": "L3N1YnNjcmlwdGlvbnMvMDI5Njc5MGQtNDI3Yy00OGNhLWIyMDQtOGI3MjliYmQ4NjcwL3Jlc291cmNlZ3JvdXBzL2NycHRlc3RhcjExMDY/YXBpLXZlcnNpb249MjAxNy0wNS0xMA==",
      "RequestMethod": "PUT",
      "RequestBody": "{\r\n  \"location\": \"centraluseuap\"\r\n}",
      "RequestHeaders": {
        "x-ms-client-request-id": [
          "10767207-e470-45c0-8d59-b2e9486b4438"
        ],
        "Accept-Language": [
          "en-US"
        ],
        "User-Agent": [
          "FxVersion/4.6.29017.01",
          "OSName/Windows",
          "OSVersion/Microsoft.Windows.10.0.18363.",
          "Microsoft.Azure.Management.ResourceManager.ResourceManagementClient/1.6.0.0"
        ],
        "Content-Type": [
          "application/json; charset=utf-8"
        ],
        "Content-Length": [
          "35"
        ]
      },
      "ResponseHeaders": {
        "Cache-Control": [
          "no-cache"
        ],
        "Pragma": [
          "no-cache"
        ],
        "x-ms-ratelimit-remaining-subscription-writes": [
          "1199"
        ],
        "x-ms-request-id": [
          "11ff06c2-52f1-479a-863f-49c791567498"
        ],
        "x-ms-correlation-request-id": [
          "11ff06c2-52f1-479a-863f-49c791567498"
        ],
        "x-ms-routing-request-id": [
          "WESTUS2:20200813T212842Z:11ff06c2-52f1-479a-863f-49c791567498"
        ],
        "Strict-Transport-Security": [
          "max-age=31536000; includeSubDomains"
        ],
        "X-Content-Type-Options": [
          "nosniff"
        ],
        "Date": [
          "Thu, 13 Aug 2020 21:28:42 GMT"
        ],
        "Content-Length": [
          "186"
        ],
        "Content-Type": [
          "application/json; charset=utf-8"
        ],
        "Expires": [
          "-1"
        ]
      },
      "ResponseBody": "{\r\n  \"id\": \"/subscriptions/0296790d-427c-48ca-b204-8b729bbd8670/resourceGroups/crptestar1106\",\r\n  \"name\": \"crptestar1106\",\r\n  \"location\": \"centraluseuap\",\r\n  \"properties\": {\r\n    \"provisioningState\": \"Succeeded\"\r\n  }\r\n}",
      "StatusCode": 201
    },
    {
      "RequestUri": "/subscriptions/0296790d-427c-48ca-b204-8b729bbd8670/resourceGroups/crptestar1106/providers/Microsoft.Compute/disks/diskrp6441?api-version=2020-06-30",
      "EncodedRequestUri": "L3N1YnNjcmlwdGlvbnMvMDI5Njc5MGQtNDI3Yy00OGNhLWIyMDQtOGI3MjliYmQ4NjcwL3Jlc291cmNlR3JvdXBzL2NycHRlc3RhcjExMDYvcHJvdmlkZXJzL01pY3Jvc29mdC5Db21wdXRlL2Rpc2tzL2Rpc2tycDY0NDE/YXBpLXZlcnNpb249MjAyMC0wNi0zMA==",
      "RequestMethod": "PUT",
      "RequestBody": "{\r\n  \"sku\": {\r\n    \"name\": \"Standard_LRS\"\r\n  },\r\n  \"properties\": {\r\n    \"osType\": \"Linux\",\r\n    \"creationData\": {\r\n      \"createOption\": \"FromImage\",\r\n      \"galleryImageReference\": {\r\n        \"id\": \"/subscriptions/0296790d-427c-48ca-b204-8b729bbd8670/resourceGroups/longrunningrg-centraluseuap/providers/Microsoft.Compute/galleries/swaggergallery/images/swaggerimage/versions/1.1.0\",\r\n        \"lun\": 0\r\n      }\r\n    }\r\n  },\r\n  \"location\": \"centraluseuap\"\r\n}",
      "RequestHeaders": {
        "x-ms-client-request-id": [
          "f7c0858c-7e07-46e9-95c6-512d5ecdfa80"
        ],
        "Accept-Language": [
          "en-US"
        ],
        "User-Agent": [
          "FxVersion/4.6.29017.01",
          "OSName/Windows",
          "OSVersion/Microsoft.Windows.10.0.18363.",
          "Microsoft.Azure.Management.Compute.ComputeManagementClient/38.1.0.0"
        ],
        "Content-Type": [
          "application/json; charset=utf-8"
        ],
        "Content-Length": [
          "458"
        ]
      },
      "ResponseHeaders": {
        "Cache-Control": [
          "no-cache"
        ],
        "Pragma": [
          "no-cache"
        ],
        "Location": [
          "https://management.azure.com/subscriptions/0296790d-427c-48ca-b204-8b729bbd8670/providers/Microsoft.Compute/locations/centraluseuap/DiskOperations/15578e49-c6b2-4d78-9a72-9cc324dc09c6?monitor=true&api-version=2020-06-30"
        ],
        "Retry-After": [
          "2"
        ],
        "Azure-AsyncOperation": [
          "https://management.azure.com/subscriptions/0296790d-427c-48ca-b204-8b729bbd8670/providers/Microsoft.Compute/locations/centraluseuap/DiskOperations/15578e49-c6b2-4d78-9a72-9cc324dc09c6?api-version=2020-06-30"
        ],
        "x-ms-ratelimit-remaining-resource": [
          "Microsoft.Compute/CreateUpdateDisks3Min;998,Microsoft.Compute/CreateUpdateDisks30Min;7998"
        ],
        "Strict-Transport-Security": [
          "max-age=31536000; includeSubDomains"
        ],
        "x-ms-served-by": [
          "eeaf5299-aba8-4290-a7f0-860f286922fd_132367183389762084"
        ],
        "x-ms-request-id": [
          "15578e49-c6b2-4d78-9a72-9cc324dc09c6"
        ],
        "Server": [
          "Microsoft-HTTPAPI/2.0",
          "Microsoft-HTTPAPI/2.0"
        ],
        "x-ms-ratelimit-remaining-subscription-writes": [
          "1199"
        ],
        "x-ms-correlation-request-id": [
          "abca3fff-7194-494a-813c-5b9976c82a54"
        ],
        "x-ms-routing-request-id": [
          "WESTUS2:20200813T212845Z:abca3fff-7194-494a-813c-5b9976c82a54"
        ],
        "X-Content-Type-Options": [
          "nosniff"
        ],
        "Date": [
          "Thu, 13 Aug 2020 21:28:45 GMT"
        ],
        "Content-Length": [
          "549"
        ],
        "Content-Type": [
          "application/json; charset=utf-8"
        ],
        "Expires": [
          "-1"
        ]
      },
      "ResponseBody": "{\r\n  \"name\": \"diskrp6441\",\r\n  \"location\": \"centraluseuap\",\r\n  \"sku\": {\r\n    \"name\": \"Standard_LRS\"\r\n  },\r\n  \"properties\": {\r\n    \"osType\": \"Linux\",\r\n    \"creationData\": {\r\n      \"createOption\": \"FromImage\",\r\n      \"galleryImageReference\": {\r\n        \"id\": \"/subscriptions/0296790d-427c-48ca-b204-8b729bbd8670/resourceGroups/longrunningrg-centraluseuap/providers/Microsoft.Compute/galleries/swaggergallery/images/swaggerimage/versions/1.1.0\",\r\n        \"lun\": 0\r\n      }\r\n    },\r\n    \"provisioningState\": \"Updating\",\r\n    \"isArmResource\": true\r\n  }\r\n}",
      "StatusCode": 202
    },
    {
      "RequestUri": "/subscriptions/0296790d-427c-48ca-b204-8b729bbd8670/providers/Microsoft.Compute/locations/centraluseuap/DiskOperations/15578e49-c6b2-4d78-9a72-9cc324dc09c6?api-version=2020-06-30",
      "EncodedRequestUri": "L3N1YnNjcmlwdGlvbnMvMDI5Njc5MGQtNDI3Yy00OGNhLWIyMDQtOGI3MjliYmQ4NjcwL3Byb3ZpZGVycy9NaWNyb3NvZnQuQ29tcHV0ZS9sb2NhdGlvbnMvY2VudHJhbHVzZXVhcC9EaXNrT3BlcmF0aW9ucy8xNTU3OGU0OS1jNmIyLTRkNzgtOWE3Mi05Y2MzMjRkYzA5YzY/YXBpLXZlcnNpb249MjAyMC0wNi0zMA==",
      "RequestMethod": "GET",
      "RequestBody": "",
      "RequestHeaders": {
        "User-Agent": [
          "FxVersion/4.6.29017.01",
          "OSName/Windows",
          "OSVersion/Microsoft.Windows.10.0.18363.",
          "Microsoft.Azure.Management.Compute.ComputeManagementClient/38.1.0.0"
        ]
      },
      "ResponseHeaders": {
        "Cache-Control": [
          "no-cache"
        ],
        "Pragma": [
          "no-cache"
        ],
        "x-ms-ratelimit-remaining-resource": [
          "Microsoft.Compute/GetOperation3Min;49994,Microsoft.Compute/GetOperation30Min;399994"
        ],
        "Strict-Transport-Security": [
          "max-age=31536000; includeSubDomains"
        ],
        "x-ms-served-by": [
          "eeaf5299-aba8-4290-a7f0-860f286922fd_132367183389762084"
        ],
        "x-ms-request-id": [
          "229f696e-7315-4242-8463-9e376dd43886"
        ],
        "Server": [
          "Microsoft-HTTPAPI/2.0",
          "Microsoft-HTTPAPI/2.0"
        ],
        "x-ms-ratelimit-remaining-subscription-reads": [
          "11999"
        ],
        "x-ms-correlation-request-id": [
          "32247902-779c-4894-ac10-ed3a9f05017b"
        ],
        "x-ms-routing-request-id": [
          "WESTUS2:20200813T212847Z:32247902-779c-4894-ac10-ed3a9f05017b"
        ],
        "X-Content-Type-Options": [
          "nosniff"
        ],
        "Date": [
          "Thu, 13 Aug 2020 21:28:47 GMT"
        ],
        "Content-Length": [
          "1585"
        ],
        "Content-Type": [
          "application/json; charset=utf-8"
        ],
        "Expires": [
          "-1"
        ]
      },
      "ResponseBody": "{\r\n  \"startTime\": \"2020-08-13T14:28:45.2259954-07:00\",\r\n  \"endTime\": \"2020-08-13T14:28:46.0612279-07:00\",\r\n  \"status\": \"Succeeded\",\r\n  \"properties\": {\r\n    \"output\": {\r\n      \"name\": \"diskrp6441\",\r\n      \"id\": \"/subscriptions/0296790d-427c-48ca-b204-8b729bbd8670/resourceGroups/crptestar1106/providers/Microsoft.Compute/disks/diskrp6441\",\r\n      \"type\": \"Microsoft.Compute/disks\",\r\n      \"location\": \"centraluseuap\",\r\n      \"sku\": {\r\n        \"name\": \"Standard_LRS\",\r\n        \"tier\": \"Standard\"\r\n      },\r\n      \"properties\": {\r\n        \"osType\": \"Linux\",\r\n        \"creationData\": {\r\n          \"createOption\": \"FromImage\",\r\n          \"imageReference\": {\r\n            \"id\": \"/subscriptions/0296790d-427c-48ca-b204-8b729bbd8670/resourceGroups/longrunningrg-centraluseuap/providers/Microsoft.Compute/galleries/swaggergallery/images/swaggerimage/versions/1.1.0\",\r\n            \"lun\": 0\r\n          },\r\n          \"galleryImageReference\": {\r\n            \"id\": \"/subscriptions/0296790d-427c-48ca-b204-8b729bbd8670/resourceGroups/longrunningrg-centraluseuap/providers/Microsoft.Compute/galleries/swaggergallery/images/swaggerimage/versions/1.1.0\",\r\n            \"lun\": 0\r\n          }\r\n        },\r\n        \"diskSizeGB\": 4,\r\n        \"diskIOPSReadWrite\": 500,\r\n        \"diskMBpsReadWrite\": 60,\r\n        \"encryption\": {\r\n          \"type\": \"EncryptionAtRestWithPlatformKey\"\r\n        },\r\n        \"timeCreated\": \"2020-08-13T14:28:45.4987275-07:00\",\r\n        \"provisioningState\": \"Succeeded\",\r\n        \"diskState\": \"Unattached\",\r\n        \"diskSizeBytes\": 4294967296,\r\n        \"uniqueId\": \"23cda6f1-233a-4fdb-8ca3-18b9a0496955\",\r\n        \"networkAccessPolicy\": \"AllowAll\"\r\n      }\r\n    }\r\n  },\r\n  \"name\": \"15578e49-c6b2-4d78-9a72-9cc324dc09c6\"\r\n}",
      "StatusCode": 200
    },
    {
      "RequestUri": "/subscriptions/0296790d-427c-48ca-b204-8b729bbd8670/resourceGroups/crptestar1106/providers/Microsoft.Compute/disks/diskrp6441?api-version=2020-06-30",
      "EncodedRequestUri": "L3N1YnNjcmlwdGlvbnMvMDI5Njc5MGQtNDI3Yy00OGNhLWIyMDQtOGI3MjliYmQ4NjcwL3Jlc291cmNlR3JvdXBzL2NycHRlc3RhcjExMDYvcHJvdmlkZXJzL01pY3Jvc29mdC5Db21wdXRlL2Rpc2tzL2Rpc2tycDY0NDE/YXBpLXZlcnNpb249MjAyMC0wNi0zMA==",
      "RequestMethod": "GET",
      "RequestBody": "",
      "RequestHeaders": {
        "User-Agent": [
          "FxVersion/4.6.29017.01",
          "OSName/Windows",
          "OSVersion/Microsoft.Windows.10.0.18363.",
          "Microsoft.Azure.Management.Compute.ComputeManagementClient/38.1.0.0"
        ]
      },
      "ResponseHeaders": {
        "Cache-Control": [
          "no-cache"
        ],
        "Pragma": [
          "no-cache"
        ],
        "x-ms-ratelimit-remaining-resource": [
          "Microsoft.Compute/LowCostGet3Min;4994,Microsoft.Compute/LowCostGet30Min;39992"
        ],
        "Strict-Transport-Security": [
          "max-age=31536000; includeSubDomains"
        ],
        "x-ms-served-by": [
          "eeaf5299-aba8-4290-a7f0-860f286922fd_132367183389762084"
        ],
        "x-ms-request-id": [
          "65595aa5-9ee3-435a-bc43-8e8b975b618a"
        ],
        "Server": [
          "Microsoft-HTTPAPI/2.0",
          "Microsoft-HTTPAPI/2.0"
        ],
        "x-ms-ratelimit-remaining-subscription-reads": [
          "11998"
        ],
        "x-ms-correlation-request-id": [
          "abbde49d-2823-4623-a229-fe3b15c6efd0"
        ],
        "x-ms-routing-request-id": [
          "WESTUS2:20200813T212847Z:abbde49d-2823-4623-a229-fe3b15c6efd0"
        ],
        "X-Content-Type-Options": [
          "nosniff"
        ],
        "Date": [
          "Thu, 13 Aug 2020 21:28:47 GMT"
        ],
        "Content-Length": [
          "1360"
        ],
        "Content-Type": [
          "application/json; charset=utf-8"
        ],
        "Expires": [
          "-1"
        ]
      },
      "ResponseBody": "{\r\n  \"name\": \"diskrp6441\",\r\n  \"id\": \"/subscriptions/0296790d-427c-48ca-b204-8b729bbd8670/resourceGroups/crptestar1106/providers/Microsoft.Compute/disks/diskrp6441\",\r\n  \"type\": \"Microsoft.Compute/disks\",\r\n  \"location\": \"centraluseuap\",\r\n  \"sku\": {\r\n    \"name\": \"Standard_LRS\",\r\n    \"tier\": \"Standard\"\r\n  },\r\n  \"properties\": {\r\n    \"osType\": \"Linux\",\r\n    \"creationData\": {\r\n      \"createOption\": \"FromImage\",\r\n      \"imageReference\": {\r\n        \"id\": \"/subscriptions/0296790d-427c-48ca-b204-8b729bbd8670/resourceGroups/longrunningrg-centraluseuap/providers/Microsoft.Compute/galleries/swaggergallery/images/swaggerimage/versions/1.1.0\",\r\n        \"lun\": 0\r\n      },\r\n      \"galleryImageReference\": {\r\n        \"id\": \"/subscriptions/0296790d-427c-48ca-b204-8b729bbd8670/resourceGroups/longrunningrg-centraluseuap/providers/Microsoft.Compute/galleries/swaggergallery/images/swaggerimage/versions/1.1.0\",\r\n        \"lun\": 0\r\n      }\r\n    },\r\n    \"diskSizeGB\": 4,\r\n    \"diskIOPSReadWrite\": 500,\r\n    \"diskMBpsReadWrite\": 60,\r\n    \"encryption\": {\r\n      \"type\": \"EncryptionAtRestWithPlatformKey\"\r\n    },\r\n    \"timeCreated\": \"2020-08-13T14:28:45.4987275-07:00\",\r\n    \"provisioningState\": \"Succeeded\",\r\n    \"diskState\": \"Unattached\",\r\n    \"diskSizeBytes\": 4294967296,\r\n    \"uniqueId\": \"23cda6f1-233a-4fdb-8ca3-18b9a0496955\",\r\n    \"networkAccessPolicy\": \"AllowAll\"\r\n  }\r\n}",
      "StatusCode": 200
    },
    {
      "RequestUri": "/subscriptions/0296790d-427c-48ca-b204-8b729bbd8670/resourceGroups/crptestar1106/providers/Microsoft.Compute/disks/diskrp6441?api-version=2020-06-30",
      "EncodedRequestUri": "L3N1YnNjcmlwdGlvbnMvMDI5Njc5MGQtNDI3Yy00OGNhLWIyMDQtOGI3MjliYmQ4NjcwL3Jlc291cmNlR3JvdXBzL2NycHRlc3RhcjExMDYvcHJvdmlkZXJzL01pY3Jvc29mdC5Db21wdXRlL2Rpc2tzL2Rpc2tycDY0NDE/YXBpLXZlcnNpb249MjAyMC0wNi0zMA==",
      "RequestMethod": "GET",
      "RequestBody": "",
      "RequestHeaders": {
        "x-ms-client-request-id": [
          "cee38027-1e6e-4806-aa70-bd75d584d80f"
        ],
        "Accept-Language": [
          "en-US"
        ],
        "User-Agent": [
          "FxVersion/4.6.29017.01",
          "OSName/Windows",
          "OSVersion/Microsoft.Windows.10.0.18363.",
          "Microsoft.Azure.Management.Compute.ComputeManagementClient/38.1.0.0"
        ]
      },
      "ResponseHeaders": {
        "Cache-Control": [
          "no-cache"
        ],
        "Pragma": [
          "no-cache"
        ],
        "x-ms-ratelimit-remaining-resource": [
          "Microsoft.Compute/LowCostGet3Min;4993,Microsoft.Compute/LowCostGet30Min;39991"
        ],
        "Strict-Transport-Security": [
          "max-age=31536000; includeSubDomains"
        ],
        "x-ms-served-by": [
          "eeaf5299-aba8-4290-a7f0-860f286922fd_132367183389762084"
        ],
        "x-ms-request-id": [
          "c62bc3fc-ca4e-4de6-a37c-886407d9025e"
        ],
        "Server": [
          "Microsoft-HTTPAPI/2.0",
          "Microsoft-HTTPAPI/2.0"
        ],
        "x-ms-ratelimit-remaining-subscription-reads": [
          "11997"
        ],
        "x-ms-correlation-request-id": [
          "d58c6b56-d90f-4db1-a5b1-dbd5c79d010d"
        ],
        "x-ms-routing-request-id": [
          "WESTUS2:20200813T212848Z:d58c6b56-d90f-4db1-a5b1-dbd5c79d010d"
        ],
        "X-Content-Type-Options": [
          "nosniff"
        ],
        "Date": [
          "Thu, 13 Aug 2020 21:28:47 GMT"
        ],
        "Content-Length": [
          "1360"
        ],
        "Content-Type": [
          "application/json; charset=utf-8"
        ],
        "Expires": [
          "-1"
        ]
      },
      "ResponseBody": "{\r\n  \"name\": \"diskrp6441\",\r\n  \"id\": \"/subscriptions/0296790d-427c-48ca-b204-8b729bbd8670/resourceGroups/crptestar1106/providers/Microsoft.Compute/disks/diskrp6441\",\r\n  \"type\": \"Microsoft.Compute/disks\",\r\n  \"location\": \"centraluseuap\",\r\n  \"sku\": {\r\n    \"name\": \"Standard_LRS\",\r\n    \"tier\": \"Standard\"\r\n  },\r\n  \"properties\": {\r\n    \"osType\": \"Linux\",\r\n    \"creationData\": {\r\n      \"createOption\": \"FromImage\",\r\n      \"imageReference\": {\r\n        \"id\": \"/subscriptions/0296790d-427c-48ca-b204-8b729bbd8670/resourceGroups/longrunningrg-centraluseuap/providers/Microsoft.Compute/galleries/swaggergallery/images/swaggerimage/versions/1.1.0\",\r\n        \"lun\": 0\r\n      },\r\n      \"galleryImageReference\": {\r\n        \"id\": \"/subscriptions/0296790d-427c-48ca-b204-8b729bbd8670/resourceGroups/longrunningrg-centraluseuap/providers/Microsoft.Compute/galleries/swaggergallery/images/swaggerimage/versions/1.1.0\",\r\n        \"lun\": 0\r\n      }\r\n    },\r\n    \"diskSizeGB\": 4,\r\n    \"diskIOPSReadWrite\": 500,\r\n    \"diskMBpsReadWrite\": 60,\r\n    \"encryption\": {\r\n      \"type\": \"EncryptionAtRestWithPlatformKey\"\r\n    },\r\n    \"timeCreated\": \"2020-08-13T14:28:45.4987275-07:00\",\r\n    \"provisioningState\": \"Succeeded\",\r\n    \"diskState\": \"Unattached\",\r\n    \"diskSizeBytes\": 4294967296,\r\n    \"uniqueId\": \"23cda6f1-233a-4fdb-8ca3-18b9a0496955\",\r\n    \"networkAccessPolicy\": \"AllowAll\"\r\n  }\r\n}",
      "StatusCode": 200
    },
    {
      "RequestUri": "/subscriptions/0296790d-427c-48ca-b204-8b729bbd8670/resourceGroups/crptestar1106/providers/Microsoft.Compute/disks/diskrp6441?api-version=2020-06-30",
      "EncodedRequestUri": "L3N1YnNjcmlwdGlvbnMvMDI5Njc5MGQtNDI3Yy00OGNhLWIyMDQtOGI3MjliYmQ4NjcwL3Jlc291cmNlR3JvdXBzL2NycHRlc3RhcjExMDYvcHJvdmlkZXJzL01pY3Jvc29mdC5Db21wdXRlL2Rpc2tzL2Rpc2tycDY0NDE/YXBpLXZlcnNpb249MjAyMC0wNi0zMA==",
      "RequestMethod": "DELETE",
      "RequestBody": "",
      "RequestHeaders": {
        "x-ms-client-request-id": [
          "ea389886-0a1d-4e4e-a4be-89fca79cce3f"
        ],
        "Accept-Language": [
          "en-US"
        ],
        "User-Agent": [
          "FxVersion/4.6.29017.01",
          "OSName/Windows",
          "OSVersion/Microsoft.Windows.10.0.18363.",
          "Microsoft.Azure.Management.Compute.ComputeManagementClient/38.1.0.0"
        ]
      },
      "ResponseHeaders": {
        "Cache-Control": [
          "no-cache"
        ],
        "Pragma": [
          "no-cache"
        ],
        "Location": [
          "https://management.azure.com/subscriptions/0296790d-427c-48ca-b204-8b729bbd8670/providers/Microsoft.Compute/locations/centraluseuap/DiskOperations/6e836bca-81e3-4df5-98eb-c2d4f0c291e0?monitor=true&api-version=2020-06-30"
        ],
        "Azure-AsyncOperation": [
          "https://management.azure.com/subscriptions/0296790d-427c-48ca-b204-8b729bbd8670/providers/Microsoft.Compute/locations/centraluseuap/DiskOperations/6e836bca-81e3-4df5-98eb-c2d4f0c291e0?api-version=2020-06-30"
        ],
        "x-ms-ratelimit-remaining-resource": [
          "Microsoft.Compute/DeleteDisks3Min;998,Microsoft.Compute/DeleteDisks30Min;7998"
        ],
        "Strict-Transport-Security": [
          "max-age=31536000; includeSubDomains"
        ],
        "x-ms-served-by": [
          "eeaf5299-aba8-4290-a7f0-860f286922fd_132367183389762084"
        ],
        "x-ms-request-id": [
          "6e836bca-81e3-4df5-98eb-c2d4f0c291e0"
        ],
        "Server": [
          "Microsoft-HTTPAPI/2.0",
          "Microsoft-HTTPAPI/2.0"
        ],
        "x-ms-ratelimit-remaining-subscription-deletes": [
          "14999"
        ],
        "x-ms-correlation-request-id": [
          "42214c74-82fb-4eb1-a767-71c6c12c3ffd"
        ],
        "x-ms-routing-request-id": [
          "WESTUS2:20200813T212849Z:42214c74-82fb-4eb1-a767-71c6c12c3ffd"
        ],
        "X-Content-Type-Options": [
          "nosniff"
        ],
        "Date": [
          "Thu, 13 Aug 2020 21:28:48 GMT"
        ],
        "Expires": [
          "-1"
        ],
        "Content-Length": [
          "0"
        ]
      },
      "ResponseBody": "",
      "StatusCode": 202
    },
    {
      "RequestUri": "/subscriptions/0296790d-427c-48ca-b204-8b729bbd8670/providers/Microsoft.Compute/locations/centraluseuap/DiskOperations/6e836bca-81e3-4df5-98eb-c2d4f0c291e0?api-version=2020-06-30",
      "EncodedRequestUri": "L3N1YnNjcmlwdGlvbnMvMDI5Njc5MGQtNDI3Yy00OGNhLWIyMDQtOGI3MjliYmQ4NjcwL3Byb3ZpZGVycy9NaWNyb3NvZnQuQ29tcHV0ZS9sb2NhdGlvbnMvY2VudHJhbHVzZXVhcC9EaXNrT3BlcmF0aW9ucy82ZTgzNmJjYS04MWUzLTRkZjUtOThlYi1jMmQ0ZjBjMjkxZTA/YXBpLXZlcnNpb249MjAyMC0wNi0zMA==",
      "RequestMethod": "GET",
      "RequestBody": "",
      "RequestHeaders": {
        "User-Agent": [
          "FxVersion/4.6.29017.01",
          "OSName/Windows",
          "OSVersion/Microsoft.Windows.10.0.18363.",
          "Microsoft.Azure.Management.Compute.ComputeManagementClient/38.1.0.0"
        ]
      },
      "ResponseHeaders": {
        "Cache-Control": [
          "no-cache"
        ],
        "Pragma": [
          "no-cache"
        ],
        "x-ms-ratelimit-remaining-resource": [
          "Microsoft.Compute/GetOperation3Min;49991,Microsoft.Compute/GetOperation30Min;399991"
        ],
        "Strict-Transport-Security": [
          "max-age=31536000; includeSubDomains"
        ],
        "x-ms-served-by": [
          "eeaf5299-aba8-4290-a7f0-860f286922fd_132367183389762084"
        ],
        "x-ms-request-id": [
          "399e46d1-c6d5-42bc-afe3-5a0efc34f3e3"
        ],
        "Server": [
          "Microsoft-HTTPAPI/2.0",
          "Microsoft-HTTPAPI/2.0"
        ],
        "x-ms-ratelimit-remaining-subscription-reads": [
          "11996"
        ],
        "x-ms-correlation-request-id": [
          "7dcda898-45cf-46a6-8d3c-27f44df14415"
        ],
        "x-ms-routing-request-id": [
          "WESTUS2:20200813T212919Z:7dcda898-45cf-46a6-8d3c-27f44df14415"
        ],
        "X-Content-Type-Options": [
          "nosniff"
        ],
        "Date": [
          "Thu, 13 Aug 2020 21:29:18 GMT"
        ],
        "Content-Length": [
          "184"
        ],
        "Content-Type": [
          "application/json; charset=utf-8"
        ],
        "Expires": [
          "-1"
        ]
      },
      "ResponseBody": "{\r\n  \"startTime\": \"2020-08-13T14:28:49.1182221-07:00\",\r\n  \"endTime\": \"2020-08-13T14:28:49.3213217-07:00\",\r\n  \"status\": \"Succeeded\",\r\n  \"name\": \"6e836bca-81e3-4df5-98eb-c2d4f0c291e0\"\r\n}",
      "StatusCode": 200
    },
    {
      "RequestUri": "/subscriptions/0296790d-427c-48ca-b204-8b729bbd8670/providers/Microsoft.Compute/locations/centraluseuap/DiskOperations/6e836bca-81e3-4df5-98eb-c2d4f0c291e0?monitor=true&api-version=2020-06-30",
      "EncodedRequestUri": "L3N1YnNjcmlwdGlvbnMvMDI5Njc5MGQtNDI3Yy00OGNhLWIyMDQtOGI3MjliYmQ4NjcwL3Byb3ZpZGVycy9NaWNyb3NvZnQuQ29tcHV0ZS9sb2NhdGlvbnMvY2VudHJhbHVzZXVhcC9EaXNrT3BlcmF0aW9ucy82ZTgzNmJjYS04MWUzLTRkZjUtOThlYi1jMmQ0ZjBjMjkxZTA/bW9uaXRvcj10cnVlJmFwaS12ZXJzaW9uPTIwMjAtMDYtMzA=",
      "RequestMethod": "GET",
      "RequestBody": "",
      "RequestHeaders": {
        "User-Agent": [
          "FxVersion/4.6.29017.01",
          "OSName/Windows",
          "OSVersion/Microsoft.Windows.10.0.18363.",
          "Microsoft.Azure.Management.Compute.ComputeManagementClient/38.1.0.0"
        ]
      },
      "ResponseHeaders": {
        "Cache-Control": [
          "no-cache"
        ],
        "Pragma": [
          "no-cache"
        ],
        "x-ms-ratelimit-remaining-resource": [
          "Microsoft.Compute/GetOperation3Min;49990,Microsoft.Compute/GetOperation30Min;399990"
        ],
        "Strict-Transport-Security": [
          "max-age=31536000; includeSubDomains"
        ],
        "x-ms-served-by": [
          "eeaf5299-aba8-4290-a7f0-860f286922fd_132367183389762084"
        ],
        "x-ms-request-id": [
          "d0440f46-9c3f-4717-9e4f-a4cc4e0c1e46"
        ],
        "Server": [
          "Microsoft-HTTPAPI/2.0",
          "Microsoft-HTTPAPI/2.0"
        ],
        "x-ms-ratelimit-remaining-subscription-reads": [
          "11995"
        ],
        "x-ms-correlation-request-id": [
          "8a113bd1-4977-400f-aa80-f8e9aa7ed061"
        ],
        "x-ms-routing-request-id": [
          "WESTUS2:20200813T212919Z:8a113bd1-4977-400f-aa80-f8e9aa7ed061"
        ],
        "X-Content-Type-Options": [
          "nosniff"
        ],
        "Date": [
          "Thu, 13 Aug 2020 21:29:18 GMT"
        ],
        "Expires": [
          "-1"
        ],
        "Content-Length": [
          "0"
        ]
      },
      "ResponseBody": "",
      "StatusCode": 200
    },
    {
      "RequestUri": "/subscriptions/0296790d-427c-48ca-b204-8b729bbd8670/resourcegroups/crptestar1106?api-version=2017-05-10",
      "EncodedRequestUri": "L3N1YnNjcmlwdGlvbnMvMDI5Njc5MGQtNDI3Yy00OGNhLWIyMDQtOGI3MjliYmQ4NjcwL3Jlc291cmNlZ3JvdXBzL2NycHRlc3RhcjExMDY/YXBpLXZlcnNpb249MjAxNy0wNS0xMA==",
      "RequestMethod": "DELETE",
      "RequestBody": "",
      "RequestHeaders": {
        "x-ms-client-request-id": [
          "0482cfd3-8eee-4ab7-bc31-9dd8848b860f"
        ],
        "Accept-Language": [
          "en-US"
        ],
        "User-Agent": [
          "FxVersion/4.6.29017.01",
          "OSName/Windows",
          "OSVersion/Microsoft.Windows.10.0.18363.",
          "Microsoft.Azure.Management.ResourceManager.ResourceManagementClient/1.6.0.0"
        ]
      },
      "ResponseHeaders": {
        "Cache-Control": [
          "no-cache"
        ],
        "Pragma": [
          "no-cache"
        ],
        "Location": [
          "https://management.azure.com/subscriptions/0296790d-427c-48ca-b204-8b729bbd8670/operationresults/eyJqb2JJZCI6IlJFU09VUkNFR1JPVVBERUxFVElPTkpPQi1DUlBURVNUQVIxMTA2LUNFTlRSQUxVU0VVQVAiLCJqb2JMb2NhdGlvbiI6ImNlbnRyYWx1c2V1YXAifQ?api-version=2017-05-10"
        ],
        "Retry-After": [
          "15"
        ],
        "x-ms-ratelimit-remaining-subscription-deletes": [
          "14999"
        ],
        "x-ms-request-id": [
          "f6d15115-36eb-4539-b3a3-b919781ae34d"
        ],
        "x-ms-correlation-request-id": [
          "f6d15115-36eb-4539-b3a3-b919781ae34d"
        ],
        "x-ms-routing-request-id": [
          "WESTUS2:20200813T212920Z:f6d15115-36eb-4539-b3a3-b919781ae34d"
        ],
        "Strict-Transport-Security": [
          "max-age=31536000; includeSubDomains"
        ],
        "X-Content-Type-Options": [
          "nosniff"
        ],
        "Date": [
          "Thu, 13 Aug 2020 21:29:19 GMT"
        ],
        "Expires": [
          "-1"
        ],
        "Content-Length": [
          "0"
        ]
      },
      "ResponseBody": "",
      "StatusCode": 202
    },
    {
      "RequestUri": "/subscriptions/0296790d-427c-48ca-b204-8b729bbd8670/operationresults/eyJqb2JJZCI6IlJFU09VUkNFR1JPVVBERUxFVElPTkpPQi1DUlBURVNUQVIxMTA2LUNFTlRSQUxVU0VVQVAiLCJqb2JMb2NhdGlvbiI6ImNlbnRyYWx1c2V1YXAifQ?api-version=2017-05-10",
      "EncodedRequestUri": "L3N1YnNjcmlwdGlvbnMvMDI5Njc5MGQtNDI3Yy00OGNhLWIyMDQtOGI3MjliYmQ4NjcwL29wZXJhdGlvbnJlc3VsdHMvZXlKcWIySkpaQ0k2SWxKRlUwOVZVa05GUjFKUFZWQkVSVXhGVkVsUFRrcFBRaTFEVWxCVVJWTlVRVkl4TVRBMkxVTkZUbFJTUVV4VlUwVlZRVkFpTENKcWIySk1iMk5oZEdsdmJpSTZJbU5sYm5SeVlXeDFjMlYxWVhBaWZRP2FwaS12ZXJzaW9uPTIwMTctMDUtMTA=",
      "RequestMethod": "GET",
      "RequestBody": "",
      "RequestHeaders": {
        "User-Agent": [
          "FxVersion/4.6.29017.01",
          "OSName/Windows",
          "OSVersion/Microsoft.Windows.10.0.18363.",
          "Microsoft.Azure.Management.ResourceManager.ResourceManagementClient/1.6.0.0"
        ]
      },
      "ResponseHeaders": {
        "Cache-Control": [
          "no-cache"
        ],
        "Pragma": [
          "no-cache"
        ],
        "Location": [
          "https://management.azure.com/subscriptions/0296790d-427c-48ca-b204-8b729bbd8670/operationresults/eyJqb2JJZCI6IlJFU09VUkNFR1JPVVBERUxFVElPTkpPQi1DUlBURVNUQVIxMTA2LUNFTlRSQUxVU0VVQVAiLCJqb2JMb2NhdGlvbiI6ImNlbnRyYWx1c2V1YXAifQ?api-version=2017-05-10"
        ],
        "Retry-After": [
          "15"
        ],
        "x-ms-ratelimit-remaining-subscription-reads": [
          "11999"
        ],
        "x-ms-request-id": [
          "73683032-07c4-45bb-8b7e-38d007bea8ac"
        ],
        "x-ms-correlation-request-id": [
          "73683032-07c4-45bb-8b7e-38d007bea8ac"
        ],
        "x-ms-routing-request-id": [
          "WESTUS2:20200813T212935Z:73683032-07c4-45bb-8b7e-38d007bea8ac"
        ],
        "Strict-Transport-Security": [
          "max-age=31536000; includeSubDomains"
        ],
        "X-Content-Type-Options": [
          "nosniff"
        ],
        "Date": [
          "Thu, 13 Aug 2020 21:29:35 GMT"
        ],
        "Expires": [
          "-1"
        ],
        "Content-Length": [
          "0"
        ]
      },
      "ResponseBody": "",
      "StatusCode": 202
    },
    {
      "RequestUri": "/subscriptions/0296790d-427c-48ca-b204-8b729bbd8670/operationresults/eyJqb2JJZCI6IlJFU09VUkNFR1JPVVBERUxFVElPTkpPQi1DUlBURVNUQVIxMTA2LUNFTlRSQUxVU0VVQVAiLCJqb2JMb2NhdGlvbiI6ImNlbnRyYWx1c2V1YXAifQ?api-version=2017-05-10",
      "EncodedRequestUri": "L3N1YnNjcmlwdGlvbnMvMDI5Njc5MGQtNDI3Yy00OGNhLWIyMDQtOGI3MjliYmQ4NjcwL29wZXJhdGlvbnJlc3VsdHMvZXlKcWIySkpaQ0k2SWxKRlUwOVZVa05GUjFKUFZWQkVSVXhGVkVsUFRrcFBRaTFEVWxCVVJWTlVRVkl4TVRBMkxVTkZUbFJTUVV4VlUwVlZRVkFpTENKcWIySk1iMk5oZEdsdmJpSTZJbU5sYm5SeVlXeDFjMlYxWVhBaWZRP2FwaS12ZXJzaW9uPTIwMTctMDUtMTA=",
      "RequestMethod": "GET",
      "RequestBody": "",
      "RequestHeaders": {
        "User-Agent": [
          "FxVersion/4.6.29017.01",
          "OSName/Windows",
          "OSVersion/Microsoft.Windows.10.0.18363.",
          "Microsoft.Azure.Management.ResourceManager.ResourceManagementClient/1.6.0.0"
        ]
      },
      "ResponseHeaders": {
        "Cache-Control": [
          "no-cache"
        ],
        "Pragma": [
          "no-cache"
        ],
        "Location": [
          "https://management.azure.com/subscriptions/0296790d-427c-48ca-b204-8b729bbd8670/operationresults/eyJqb2JJZCI6IlJFU09VUkNFR1JPVVBERUxFVElPTkpPQi1DUlBURVNUQVIxMTA2LUNFTlRSQUxVU0VVQVAiLCJqb2JMb2NhdGlvbiI6ImNlbnRyYWx1c2V1YXAifQ?api-version=2017-05-10"
        ],
        "Retry-After": [
          "15"
        ],
        "x-ms-ratelimit-remaining-subscription-reads": [
          "11998"
        ],
        "x-ms-request-id": [
          "51002a96-8200-4b73-9f4c-695b1939690d"
        ],
        "x-ms-correlation-request-id": [
          "51002a96-8200-4b73-9f4c-695b1939690d"
        ],
        "x-ms-routing-request-id": [
          "WESTUS2:20200813T212950Z:51002a96-8200-4b73-9f4c-695b1939690d"
        ],
        "Strict-Transport-Security": [
          "max-age=31536000; includeSubDomains"
        ],
        "X-Content-Type-Options": [
          "nosniff"
        ],
        "Date": [
          "Thu, 13 Aug 2020 21:29:50 GMT"
        ],
        "Expires": [
          "-1"
        ],
        "Content-Length": [
          "0"
        ]
      },
      "ResponseBody": "",
      "StatusCode": 202
    },
    {
      "RequestUri": "/subscriptions/0296790d-427c-48ca-b204-8b729bbd8670/operationresults/eyJqb2JJZCI6IlJFU09VUkNFR1JPVVBERUxFVElPTkpPQi1DUlBURVNUQVIxMTA2LUNFTlRSQUxVU0VVQVAiLCJqb2JMb2NhdGlvbiI6ImNlbnRyYWx1c2V1YXAifQ?api-version=2017-05-10",
      "EncodedRequestUri": "L3N1YnNjcmlwdGlvbnMvMDI5Njc5MGQtNDI3Yy00OGNhLWIyMDQtOGI3MjliYmQ4NjcwL29wZXJhdGlvbnJlc3VsdHMvZXlKcWIySkpaQ0k2SWxKRlUwOVZVa05GUjFKUFZWQkVSVXhGVkVsUFRrcFBRaTFEVWxCVVJWTlVRVkl4TVRBMkxVTkZUbFJTUVV4VlUwVlZRVkFpTENKcWIySk1iMk5oZEdsdmJpSTZJbU5sYm5SeVlXeDFjMlYxWVhBaWZRP2FwaS12ZXJzaW9uPTIwMTctMDUtMTA=",
      "RequestMethod": "GET",
      "RequestBody": "",
      "RequestHeaders": {
        "User-Agent": [
          "FxVersion/4.6.29017.01",
          "OSName/Windows",
          "OSVersion/Microsoft.Windows.10.0.18363.",
          "Microsoft.Azure.Management.ResourceManager.ResourceManagementClient/1.6.0.0"
        ]
      },
      "ResponseHeaders": {
        "Cache-Control": [
          "no-cache"
        ],
        "Pragma": [
          "no-cache"
        ],
        "x-ms-ratelimit-remaining-subscription-reads": [
          "11997"
        ],
        "x-ms-request-id": [
          "ed078c46-304f-4555-92ed-459243b5d693"
        ],
        "x-ms-correlation-request-id": [
          "ed078c46-304f-4555-92ed-459243b5d693"
        ],
        "x-ms-routing-request-id": [
          "WESTUS2:20200813T213005Z:ed078c46-304f-4555-92ed-459243b5d693"
        ],
        "Strict-Transport-Security": [
          "max-age=31536000; includeSubDomains"
        ],
        "X-Content-Type-Options": [
          "nosniff"
        ],
        "Date": [
          "Thu, 13 Aug 2020 21:30:05 GMT"
        ],
        "Expires": [
          "-1"
        ],
        "Content-Length": [
          "0"
        ]
      },
      "ResponseBody": "",
      "StatusCode": 200
    },
    {
      "RequestUri": "/subscriptions/0296790d-427c-48ca-b204-8b729bbd8670/operationresults/eyJqb2JJZCI6IlJFU09VUkNFR1JPVVBERUxFVElPTkpPQi1DUlBURVNUQVIxMTA2LUNFTlRSQUxVU0VVQVAiLCJqb2JMb2NhdGlvbiI6ImNlbnRyYWx1c2V1YXAifQ?api-version=2017-05-10",
      "EncodedRequestUri": "L3N1YnNjcmlwdGlvbnMvMDI5Njc5MGQtNDI3Yy00OGNhLWIyMDQtOGI3MjliYmQ4NjcwL29wZXJhdGlvbnJlc3VsdHMvZXlKcWIySkpaQ0k2SWxKRlUwOVZVa05GUjFKUFZWQkVSVXhGVkVsUFRrcFBRaTFEVWxCVVJWTlVRVkl4TVRBMkxVTkZUbFJTUVV4VlUwVlZRVkFpTENKcWIySk1iMk5oZEdsdmJpSTZJbU5sYm5SeVlXeDFjMlYxWVhBaWZRP2FwaS12ZXJzaW9uPTIwMTctMDUtMTA=",
      "RequestMethod": "GET",
      "RequestBody": "",
      "RequestHeaders": {
        "User-Agent": [
          "FxVersion/4.6.29017.01",
          "OSName/Windows",
          "OSVersion/Microsoft.Windows.10.0.18363.",
          "Microsoft.Azure.Management.ResourceManager.ResourceManagementClient/1.6.0.0"
        ]
      },
      "ResponseHeaders": {
        "Cache-Control": [
          "no-cache"
        ],
        "Pragma": [
          "no-cache"
        ],
        "x-ms-ratelimit-remaining-subscription-reads": [
          "11996"
        ],
        "x-ms-request-id": [
          "8fc381eb-bceb-4549-a004-7ba7ac486907"
        ],
        "x-ms-correlation-request-id": [
          "8fc381eb-bceb-4549-a004-7ba7ac486907"
        ],
        "x-ms-routing-request-id": [
          "WESTUS2:20200813T213005Z:8fc381eb-bceb-4549-a004-7ba7ac486907"
        ],
        "Strict-Transport-Security": [
          "max-age=31536000; includeSubDomains"
        ],
        "X-Content-Type-Options": [
          "nosniff"
        ],
        "Date": [
          "Thu, 13 Aug 2020 21:30:05 GMT"
        ],
        "Expires": [
          "-1"
        ],
        "Content-Length": [
          "0"
        ]
      },
      "ResponseBody": "",
      "StatusCode": 200
    }
  ],
  "Names": {
    "DiskFromGalleryImageVersion": [
      "crptestar1106",
      "diskrp6441"
    ]
  },
  "Variables": {
    "SubscriptionId": "0296790d-427c-48ca-b204-8b729bbd8670"
  }
}