{
  "Entries": [
    {
      "RequestUri": "/subscriptions/e37510d7-33b6-4676-886f-ee75bcc01871/providers/Microsoft.Compute/locations/eastus2euap/publishers/MicrosoftWindowsServer/artifacttypes/vmimage/offers/WindowsServer/skus/2012-R2-Datacenter/versions?$top=1&api-version=2022-03-01",
      "EncodedRequestUri": "L3N1YnNjcmlwdGlvbnMvZTM3NTEwZDctMzNiNi00Njc2LTg4NmYtZWU3NWJjYzAxODcxL3Byb3ZpZGVycy9NaWNyb3NvZnQuQ29tcHV0ZS9sb2NhdGlvbnMvZWFzdHVzMmV1YXAvcHVibGlzaGVycy9NaWNyb3NvZnRXaW5kb3dzU2VydmVyL2FydGlmYWN0dHlwZXMvdm1pbWFnZS9vZmZlcnMvV2luZG93c1NlcnZlci9za3VzLzIwMTItUjItRGF0YWNlbnRlci92ZXJzaW9ucz8kdG9wPTEmYXBpLXZlcnNpb249MjAyMi0wMy0wMQ==",
      "RequestMethod": "GET",
      "RequestBody": "",
      "RequestHeaders": {
        "x-ms-client-request-id": [
          "30b5c872-b5dd-47cb-a7e1-3b091000acbc"
        ],
        "Accept-Language": [
          "en-US"
        ],
        "User-Agent": [
          "FxVersion/4.700.21.47003",
          "OSName/Windows",
          "OSVersion/Microsoft.Windows.10.0.17763",
          "Microsoft.Azure.Management.Compute.ComputeManagementClient/53.0.0"
        ]
      },
      "ResponseHeaders": {
        "Cache-Control": [
          "no-cache"
        ],
        "Pragma": [
          "no-cache"
        ],
        "x-ms-ratelimit-remaining-resource": [
          "Microsoft.Compute/ListVMImagesVersionsFromLocation3Min;15999,Microsoft.Compute/ListVMImagesVersionsFromLocation30Min;43999"
        ],
        "Strict-Transport-Security": [
          "max-age=31536000; includeSubDomains"
        ],
        "x-ms-served-by": [
          "3707be56-376d-4281-af6f-306af28cbf16_132919346760078920"
        ],
        "x-ms-request-id": [
          "ae3368da-e07e-44d0-bd55-b6670c004641"
        ],
        "Server": [
          "Microsoft-HTTPAPI/2.0",
          "Microsoft-HTTPAPI/2.0"
        ],
        "x-ms-ratelimit-remaining-subscription-reads": [
          "11999"
        ],
        "x-ms-correlation-request-id": [
          "03098db0-ef80-4a7c-9e68-1e4539087754"
        ],
        "x-ms-routing-request-id": [
          "EASTUS2:20220405T214332Z:03098db0-ef80-4a7c-9e68-1e4539087754"
        ],
        "X-Content-Type-Options": [
          "nosniff"
        ],
        "Date": [
          "Tue, 05 Apr 2022 21:43:31 GMT"
        ],
        "Content-Length": [
          "317"
        ],
        "Content-Type": [
          "application/json; charset=utf-8"
        ],
        "Expires": [
          "-1"
        ]
      },
      "ResponseBody": "[\r\n  {\r\n    \"location\": \"EastUS2EUAP\",\r\n    \"name\": \"4.127.20180315\",\r\n    \"id\": \"/Subscriptions/e37510d7-33b6-4676-886f-ee75bcc01871/Providers/Microsoft.Compute/Locations/EastUS2EUAP/Publishers/MicrosoftWindowsServer/ArtifactTypes/VMImage/Offers/WindowsServer/Skus/2012-R2-Datacenter/Versions/4.127.20180315\"\r\n  }\r\n]",
      "StatusCode": 200
    },
    {
      "RequestUri": "/subscriptions/e37510d7-33b6-4676-886f-ee75bcc01871/resourcegroups/crptestar81941?api-version=2017-05-10",
      "EncodedRequestUri": "L3N1YnNjcmlwdGlvbnMvZTM3NTEwZDctMzNiNi00Njc2LTg4NmYtZWU3NWJjYzAxODcxL3Jlc291cmNlZ3JvdXBzL2NycHRlc3RhcjgxOTQxP2FwaS12ZXJzaW9uPTIwMTctMDUtMTA=",
      "RequestMethod": "PUT",
      "RequestBody": "{\r\n  \"location\": \"eastus2euap\",\r\n  \"tags\": {\r\n    \"crptestar81941\": \"2022-04-05 21:43:32Z\"\r\n  }\r\n}",
      "RequestHeaders": {
        "x-ms-client-request-id": [
          "c6c791e1-7d12-4e78-87d4-89884a8b52e8"
        ],
        "Accept-Language": [
          "en-US"
        ],
        "User-Agent": [
          "FxVersion/4.700.21.47003",
          "OSName/Windows",
          "OSVersion/Microsoft.Windows.10.0.17763",
          "Microsoft.Azure.Management.ResourceManager.ResourceManagementClient/1.6.0.0"
        ],
        "Content-Type": [
          "application/json; charset=utf-8"
        ],
        "Content-Length": [
          "98"
        ]
      },
      "ResponseHeaders": {
        "Cache-Control": [
          "no-cache"
        ],
        "Pragma": [
          "no-cache"
        ],
        "x-ms-ratelimit-remaining-subscription-writes": [
          "1199"
        ],
        "x-ms-request-id": [
          "e945a1a1-3ec9-4763-9356-a8fb04301d49"
        ],
        "x-ms-correlation-request-id": [
          "e945a1a1-3ec9-4763-9356-a8fb04301d49"
        ],
        "x-ms-routing-request-id": [
          "EASTUS2:20220405T214332Z:e945a1a1-3ec9-4763-9356-a8fb04301d49"
        ],
        "Strict-Transport-Security": [
          "max-age=31536000; includeSubDomains"
        ],
        "X-Content-Type-Options": [
          "nosniff"
        ],
        "Date": [
          "Tue, 05 Apr 2022 21:43:32 GMT"
        ],
        "Content-Length": [
          "235"
        ],
        "Content-Type": [
          "application/json; charset=utf-8"
        ],
        "Expires": [
          "-1"
        ]
      },
      "ResponseBody": "{\r\n  \"id\": \"/subscriptions/e37510d7-33b6-4676-886f-ee75bcc01871/resourceGroups/crptestar81941\",\r\n  \"name\": \"crptestar81941\",\r\n  \"location\": \"eastus2euap\",\r\n  \"tags\": {\r\n    \"crptestar81941\": \"2022-04-05 21:43:32Z\"\r\n  },\r\n  \"properties\": {\r\n    \"provisioningState\": \"Succeeded\"\r\n  }\r\n}",
      "StatusCode": 201
    },
    {
      "RequestUri": "/subscriptions/e37510d7-33b6-4676-886f-ee75bcc01871/resourcegroups/crptestar81941?api-version=2017-05-10",
      "EncodedRequestUri": "L3N1YnNjcmlwdGlvbnMvZTM3NTEwZDctMzNiNi00Njc2LTg4NmYtZWU3NWJjYzAxODcxL3Jlc291cmNlZ3JvdXBzL2NycHRlc3RhcjgxOTQxP2FwaS12ZXJzaW9uPTIwMTctMDUtMTA=",
      "RequestMethod": "PUT",
      "RequestBody": "{\r\n  \"location\": \"eastus2euap\"\r\n}",
      "RequestHeaders": {
        "x-ms-client-request-id": [
          "3bce5d38-f90e-43fc-ae2f-dfaaa5366e33"
        ],
        "Accept-Language": [
          "en-US"
        ],
        "User-Agent": [
          "FxVersion/4.700.21.47003",
          "OSName/Windows",
          "OSVersion/Microsoft.Windows.10.0.17763",
          "Microsoft.Azure.Management.ResourceManager.ResourceManagementClient/1.6.0.0"
        ],
        "Content-Type": [
          "application/json; charset=utf-8"
        ],
        "Content-Length": [
          "33"
        ]
      },
      "ResponseHeaders": {
        "Cache-Control": [
          "no-cache"
        ],
        "Pragma": [
          "no-cache"
        ],
        "x-ms-ratelimit-remaining-subscription-writes": [
          "1198"
        ],
        "x-ms-request-id": [
          "21fdd117-fbd7-487d-96ea-ce55777f8f41"
        ],
        "x-ms-correlation-request-id": [
          "21fdd117-fbd7-487d-96ea-ce55777f8f41"
        ],
        "x-ms-routing-request-id": [
          "EASTUS2:20220405T214406Z:21fdd117-fbd7-487d-96ea-ce55777f8f41"
        ],
        "Strict-Transport-Security": [
          "max-age=31536000; includeSubDomains"
        ],
        "X-Content-Type-Options": [
          "nosniff"
        ],
        "Date": [
          "Tue, 05 Apr 2022 21:44:05 GMT"
        ],
        "Content-Length": [
          "186"
        ],
        "Content-Type": [
          "application/json; charset=utf-8"
        ],
        "Expires": [
          "-1"
        ]
      },
      "ResponseBody": "{\r\n  \"id\": \"/subscriptions/e37510d7-33b6-4676-886f-ee75bcc01871/resourceGroups/crptestar81941\",\r\n  \"name\": \"crptestar81941\",\r\n  \"location\": \"eastus2euap\",\r\n  \"properties\": {\r\n    \"provisioningState\": \"Succeeded\"\r\n  }\r\n}",
      "StatusCode": 200
    },
    {
      "RequestUri": "/subscriptions/e37510d7-33b6-4676-886f-ee75bcc01871/resourceGroups/crptestar81941/providers/Microsoft.Storage/storageAccounts/crptestar68?api-version=2015-06-15",
      "EncodedRequestUri": "L3N1YnNjcmlwdGlvbnMvZTM3NTEwZDctMzNiNi00Njc2LTg4NmYtZWU3NWJjYzAxODcxL3Jlc291cmNlR3JvdXBzL2NycHRlc3RhcjgxOTQxL3Byb3ZpZGVycy9NaWNyb3NvZnQuU3RvcmFnZS9zdG9yYWdlQWNjb3VudHMvY3JwdGVzdGFyNjg/YXBpLXZlcnNpb249MjAxNS0wNi0xNQ==",
      "RequestMethod": "PUT",
      "RequestBody": "{\r\n  \"location\": \"eastus2euap\",\r\n  \"properties\": {\r\n    \"accountType\": \"Standard_GRS\"\r\n  }\r\n}",
      "RequestHeaders": {
        "x-ms-client-request-id": [
          "a318132c-6438-47f7-be24-0a592b18cc13"
        ],
        "Accept-Language": [
          "en-US"
        ],
        "User-Agent": [
          "FxVersion/4.700.21.47003",
          "OSName/Windows",
          "OSVersion/Microsoft.Windows.10.0.17763",
          "Microsoft.Azure.Management.Storage.StorageManagementClient/4.0.0.0"
        ],
        "Content-Type": [
          "application/json; charset=utf-8"
        ],
        "Content-Length": [
          "93"
        ]
      },
      "ResponseHeaders": {
        "Cache-Control": [
          "no-cache"
        ],
        "Pragma": [
          "no-cache"
        ],
        "Location": [
          "https://management.azure.com/subscriptions/e37510d7-33b6-4676-886f-ee75bcc01871/providers/Microsoft.Storage/locations/eastus2euap/asyncoperations/2a760625-ebf3-43f8-8022-6e2fb7ad5286?monitor=true&api-version=2015-06-15"
        ],
        "Retry-After": [
          "17"
        ],
        "x-ms-request-id": [
          "2a760625-ebf3-43f8-8022-6e2fb7ad5286"
        ],
        "Strict-Transport-Security": [
          "max-age=31536000; includeSubDomains"
        ],
        "Server": [
          "Microsoft-Azure-Storage-Resource-Provider/1.0,Microsoft-HTTPAPI/2.0 Microsoft-HTTPAPI/2.0"
        ],
        "x-ms-ratelimit-remaining-subscription-writes": [
          "1196"
        ],
        "x-ms-correlation-request-id": [
          "4ee132e7-bc98-422d-ba3e-d7c1555b75f6"
        ],
        "x-ms-routing-request-id": [
          "EASTUS2:20220405T214335Z:4ee132e7-bc98-422d-ba3e-d7c1555b75f6"
        ],
        "X-Content-Type-Options": [
          "nosniff"
        ],
        "Date": [
          "Tue, 05 Apr 2022 21:43:34 GMT"
        ],
        "Content-Type": [
          "text/plain; charset=utf-8"
        ],
        "Expires": [
          "-1"
        ],
        "Content-Length": [
          "0"
        ]
      },
      "ResponseBody": "",
      "StatusCode": 202
    },
    {
      "RequestUri": "/subscriptions/e37510d7-33b6-4676-886f-ee75bcc01871/providers/Microsoft.Storage/locations/eastus2euap/asyncoperations/2a760625-ebf3-43f8-8022-6e2fb7ad5286?monitor=true&api-version=2015-06-15",
      "EncodedRequestUri": "L3N1YnNjcmlwdGlvbnMvZTM3NTEwZDctMzNiNi00Njc2LTg4NmYtZWU3NWJjYzAxODcxL3Byb3ZpZGVycy9NaWNyb3NvZnQuU3RvcmFnZS9sb2NhdGlvbnMvZWFzdHVzMmV1YXAvYXN5bmNvcGVyYXRpb25zLzJhNzYwNjI1LWViZjMtNDNmOC04MDIyLTZlMmZiN2FkNTI4Nj9tb25pdG9yPXRydWUmYXBpLXZlcnNpb249MjAxNS0wNi0xNQ==",
      "RequestMethod": "GET",
      "RequestBody": "",
      "RequestHeaders": {
        "User-Agent": [
          "FxVersion/4.700.21.47003",
          "OSName/Windows",
          "OSVersion/Microsoft.Windows.10.0.17763",
          "Microsoft.Azure.Management.Storage.StorageManagementClient/4.0.0.0"
        ]
      },
      "ResponseHeaders": {
        "Cache-Control": [
          "no-cache"
        ],
        "Pragma": [
          "no-cache"
        ],
        "x-ms-request-id": [
          "4c6498a0-1613-4b62-9629-9a269c31cbef"
        ],
        "Strict-Transport-Security": [
          "max-age=31536000; includeSubDomains"
        ],
        "Server": [
          "Microsoft-Azure-Storage-Resource-Provider/1.0,Microsoft-HTTPAPI/2.0 Microsoft-HTTPAPI/2.0"
        ],
        "x-ms-ratelimit-remaining-subscription-reads": [
          "11991"
        ],
        "x-ms-correlation-request-id": [
          "e59a35d1-0953-42af-8395-d5790ebd47a9"
        ],
        "x-ms-routing-request-id": [
          "EASTUS2:20220405T214352Z:e59a35d1-0953-42af-8395-d5790ebd47a9"
        ],
        "X-Content-Type-Options": [
          "nosniff"
        ],
        "Date": [
          "Tue, 05 Apr 2022 21:43:51 GMT"
        ],
        "Content-Length": [
          "93"
        ],
        "Content-Type": [
          "application/json"
        ],
        "Expires": [
          "-1"
        ]
      },
      "ResponseBody": "{\r\n  \"location\": \"eastus2euap\",\r\n  \"properties\": {\r\n    \"accountType\": \"Standard_GRS\"\r\n  }\r\n}",
      "StatusCode": 200
    },
    {
      "RequestUri": "/subscriptions/e37510d7-33b6-4676-886f-ee75bcc01871/resourceGroups/crptestar81941/providers/Microsoft.Storage/storageAccounts?api-version=2015-06-15",
      "EncodedRequestUri": "L3N1YnNjcmlwdGlvbnMvZTM3NTEwZDctMzNiNi00Njc2LTg4NmYtZWU3NWJjYzAxODcxL3Jlc291cmNlR3JvdXBzL2NycHRlc3RhcjgxOTQxL3Byb3ZpZGVycy9NaWNyb3NvZnQuU3RvcmFnZS9zdG9yYWdlQWNjb3VudHM/YXBpLXZlcnNpb249MjAxNS0wNi0xNQ==",
      "RequestMethod": "GET",
      "RequestBody": "",
      "RequestHeaders": {
        "x-ms-client-request-id": [
          "6f017ae5-7b2a-4e46-bce0-2b2510cb124d"
        ],
        "Accept-Language": [
          "en-US"
        ],
        "User-Agent": [
          "FxVersion/4.700.21.47003",
          "OSName/Windows",
          "OSVersion/Microsoft.Windows.10.0.17763",
          "Microsoft.Azure.Management.Storage.StorageManagementClient/4.0.0.0"
        ]
      },
      "ResponseHeaders": {
        "Cache-Control": [
          "no-cache"
        ],
        "Pragma": [
          "no-cache"
        ],
        "x-ms-request-id": [
          "55ae17c0-d9bc-48ef-902e-76c123424c2f"
        ],
        "Strict-Transport-Security": [
          "max-age=31536000; includeSubDomains"
        ],
        "Server": [
          "Microsoft-Azure-Storage-Resource-Provider/1.0,Microsoft-HTTPAPI/2.0 Microsoft-HTTPAPI/2.0"
        ],
        "x-ms-ratelimit-remaining-subscription-reads": [
          "11990"
        ],
        "x-ms-correlation-request-id": [
          "baa11665-6d6f-4b80-bbe3-6f9e7d5b0198"
        ],
        "x-ms-routing-request-id": [
          "EASTUS2:20220405T214402Z:baa11665-6d6f-4b80-bbe3-6f9e7d5b0198"
        ],
        "X-Content-Type-Options": [
          "nosniff"
        ],
        "Date": [
          "Tue, 05 Apr 2022 21:44:01 GMT"
        ],
        "Content-Length": [
          "742"
        ],
        "Content-Type": [
          "application/json"
        ],
        "Expires": [
          "-1"
        ]
      },
      "ResponseBody": "{\r\n  \"value\": [\r\n    {\r\n      \"id\": \"/subscriptions/e37510d7-33b6-4676-886f-ee75bcc01871/resourceGroups/crptestar81941/providers/Microsoft.Storage/storageAccounts/crptestar68\",\r\n      \"name\": \"crptestar68\",\r\n      \"type\": \"Microsoft.Storage/storageAccounts\",\r\n      \"location\": \"eastus2euap\",\r\n      \"tags\": {},\r\n      \"properties\": {\r\n        \"accountType\": \"Standard_GRS\",\r\n        \"provisioningState\": \"Succeeded\",\r\n        \"creationTime\": \"2022-04-05T21:43:33.318266Z\",\r\n        \"primaryEndpoints\": {\r\n          \"blob\": \"https://crptestar68.blob.core.windows.net/\",\r\n          \"queue\": \"https://crptestar68.queue.core.windows.net/\",\r\n          \"table\": \"https://crptestar68.table.core.windows.net/\",\r\n          \"file\": \"https://crptestar68.file.core.windows.net/\"\r\n        },\r\n        \"primaryLocation\": \"eastus2euap\",\r\n        \"statusOfPrimary\": \"available\",\r\n        \"secondaryLocation\": \"centraluseuap\",\r\n        \"statusOfSecondary\": \"available\"\r\n      }\r\n    }\r\n  ]\r\n}",
      "StatusCode": 200
    },
    {
      "RequestUri": "/subscriptions/e37510d7-33b6-4676-886f-ee75bcc01871/resourceGroups/crptestar81941/providers/Microsoft.Storage/storageAccounts/crptestar68?api-version=2015-06-15",
      "EncodedRequestUri": "L3N1YnNjcmlwdGlvbnMvZTM3NTEwZDctMzNiNi00Njc2LTg4NmYtZWU3NWJjYzAxODcxL3Jlc291cmNlR3JvdXBzL2NycHRlc3RhcjgxOTQxL3Byb3ZpZGVycy9NaWNyb3NvZnQuU3RvcmFnZS9zdG9yYWdlQWNjb3VudHMvY3JwdGVzdGFyNjg/YXBpLXZlcnNpb249MjAxNS0wNi0xNQ==",
      "RequestMethod": "GET",
      "RequestBody": "",
      "RequestHeaders": {
        "x-ms-client-request-id": [
          "79a84c1d-0e92-4a56-8253-1a3c4f67a0a5"
        ],
        "Accept-Language": [
          "en-US"
        ],
        "User-Agent": [
          "FxVersion/4.700.21.47003",
          "OSName/Windows",
          "OSVersion/Microsoft.Windows.10.0.17763",
          "Microsoft.Azure.Management.Storage.StorageManagementClient/4.0.0.0"
        ]
      },
      "ResponseHeaders": {
        "Cache-Control": [
          "no-cache"
        ],
        "Pragma": [
          "no-cache"
        ],
        "x-ms-request-id": [
          "2e480daa-3dd2-4ae6-bf1f-b3c3d3f712a2"
        ],
        "Strict-Transport-Security": [
          "max-age=31536000; includeSubDomains"
        ],
        "Server": [
          "Microsoft-Azure-Storage-Resource-Provider/1.0,Microsoft-HTTPAPI/2.0 Microsoft-HTTPAPI/2.0"
        ],
        "x-ms-ratelimit-remaining-subscription-reads": [
          "11989"
        ],
        "x-ms-correlation-request-id": [
          "33fa1e76-c18b-49f8-9de5-d215a8652c03"
        ],
        "x-ms-routing-request-id": [
          "EASTUS2:20220405T214402Z:33fa1e76-c18b-49f8-9de5-d215a8652c03"
        ],
        "X-Content-Type-Options": [
          "nosniff"
        ],
        "Date": [
          "Tue, 05 Apr 2022 21:44:01 GMT"
        ],
        "Content-Length": [
          "730"
        ],
        "Content-Type": [
          "application/json"
        ],
        "Expires": [
          "-1"
        ]
      },
      "ResponseBody": "{\r\n  \"id\": \"/subscriptions/e37510d7-33b6-4676-886f-ee75bcc01871/resourceGroups/crptestar81941/providers/Microsoft.Storage/storageAccounts/crptestar68\",\r\n  \"name\": \"crptestar68\",\r\n  \"type\": \"Microsoft.Storage/storageAccounts\",\r\n  \"location\": \"eastus2euap\",\r\n  \"tags\": {},\r\n  \"properties\": {\r\n    \"accountType\": \"Standard_GRS\",\r\n    \"provisioningState\": \"Succeeded\",\r\n    \"creationTime\": \"2022-04-05T21:43:33.318266Z\",\r\n    \"primaryEndpoints\": {\r\n      \"blob\": \"https://crptestar68.blob.core.windows.net/\",\r\n      \"queue\": \"https://crptestar68.queue.core.windows.net/\",\r\n      \"table\": \"https://crptestar68.table.core.windows.net/\",\r\n      \"file\": \"https://crptestar68.file.core.windows.net/\"\r\n    },\r\n    \"primaryLocation\": \"eastus2euap\",\r\n    \"statusOfPrimary\": \"available\",\r\n    \"secondaryLocation\": \"centraluseuap\",\r\n    \"statusOfSecondary\": \"available\"\r\n  }\r\n}",
      "StatusCode": 200
    },
    {
      "RequestUri": "/subscriptions/e37510d7-33b6-4676-886f-ee75bcc01871/resourceGroups/crptestar81941/providers/Microsoft.Network/virtualNetworks/vn6760?api-version=2019-09-01",
      "EncodedRequestUri": "L3N1YnNjcmlwdGlvbnMvZTM3NTEwZDctMzNiNi00Njc2LTg4NmYtZWU3NWJjYzAxODcxL3Jlc291cmNlR3JvdXBzL2NycHRlc3RhcjgxOTQxL3Byb3ZpZGVycy9NaWNyb3NvZnQuTmV0d29yay92aXJ0dWFsTmV0d29ya3Mvdm42NzYwP2FwaS12ZXJzaW9uPTIwMTktMDktMDE=",
      "RequestMethod": "PUT",
      "RequestBody": "{\r\n  \"properties\": {\r\n    \"addressSpace\": {\r\n      \"addressPrefixes\": [\r\n        \"10.0.0.0/16\"\r\n      ]\r\n    },\r\n    \"dhcpOptions\": {\r\n      \"dnsServers\": [\r\n        \"10.1.1.1\",\r\n        \"10.1.2.4\"\r\n      ]\r\n    },\r\n    \"subnets\": [\r\n      {\r\n        \"properties\": {\r\n          \"addressPrefix\": \"10.0.1.0/24\"\r\n        },\r\n        \"name\": \"sn12000\"\r\n      },\r\n      {\r\n        \"properties\": {\r\n          \"addressPrefix\": \"10.0.2.0/24\"\r\n        },\r\n        \"name\": \"sn26704\"\r\n      }\r\n    ]\r\n  },\r\n  \"location\": \"eastus2euap\"\r\n}",
      "RequestHeaders": {
        "x-ms-client-request-id": [
          "475cdefa-012e-45a8-85b2-4dc8f3176a22"
        ],
        "Accept-Language": [
          "en-US"
        ],
        "User-Agent": [
          "FxVersion/4.700.21.47003",
          "OSName/Windows",
          "OSVersion/Microsoft.Windows.10.0.17763",
          "Microsoft.Azure.Management.Network.NetworkManagementClient/19.17.1.0"
        ],
        "Content-Type": [
          "application/json; charset=utf-8"
        ],
        "Content-Length": [
          "526"
        ]
      },
      "ResponseHeaders": {
        "Cache-Control": [
          "no-cache"
        ],
        "Pragma": [
          "no-cache"
        ],
        "Retry-After": [
          "3"
        ],
        "x-ms-request-id": [
          "d0f18162-b8f7-4c60-9949-a4ee7ed5156e"
        ],
        "Azure-AsyncOperation": [
          "https://management.azure.com/subscriptions/e37510d7-33b6-4676-886f-ee75bcc01871/providers/Microsoft.Network/locations/eastus2euap/operations/d0f18162-b8f7-4c60-9949-a4ee7ed5156e?api-version=2019-09-01"
        ],
        "x-ms-correlation-request-id": [
          "2a8cecd4-80b9-4273-a625-b77db09580bb"
        ],
        "Azure-AsyncNotification": [
          "Enabled"
        ],
        "x-ms-arm-service-request-id": [
          "f0e295bf-84c8-41d1-a128-8fdfdc45e5a9"
        ],
        "Strict-Transport-Security": [
          "max-age=31536000; includeSubDomains"
        ],
        "Server": [
          "Microsoft-HTTPAPI/2.0",
          "Microsoft-HTTPAPI/2.0"
        ],
        "x-ms-ratelimit-remaining-subscription-writes": [
          "1199"
        ],
        "x-ms-routing-request-id": [
          "EASTUS2:20220405T214402Z:2a8cecd4-80b9-4273-a625-b77db09580bb"
        ],
        "X-Content-Type-Options": [
          "nosniff"
        ],
        "Date": [
          "Tue, 05 Apr 2022 21:44:02 GMT"
        ],
        "Content-Length": [
          "1929"
        ],
        "Content-Type": [
          "application/json; charset=utf-8"
        ],
        "Expires": [
          "-1"
        ]
      },
      "ResponseBody": "{\r\n  \"name\": \"vn6760\",\r\n  \"id\": \"/subscriptions/e37510d7-33b6-4676-886f-ee75bcc01871/resourceGroups/crptestar81941/providers/Microsoft.Network/virtualNetworks/vn6760\",\r\n  \"etag\": \"W/\\\"93d95b8c-3c79-40ed-b76a-6e552554eb06\\\"\",\r\n  \"type\": \"Microsoft.Network/virtualNetworks\",\r\n  \"location\": \"eastus2euap\",\r\n  \"properties\": {\r\n    \"provisioningState\": \"Updating\",\r\n    \"resourceGuid\": \"b44d6612-6ce6-4a21-a0ca-34f66510b1a8\",\r\n    \"addressSpace\": {\r\n      \"addressPrefixes\": [\r\n        \"10.0.0.0/16\"\r\n      ]\r\n    },\r\n    \"dhcpOptions\": {\r\n      \"dnsServers\": [\r\n        \"10.1.1.1\",\r\n        \"10.1.2.4\"\r\n      ]\r\n    },\r\n    \"subnets\": [\r\n      {\r\n        \"name\": \"sn12000\",\r\n        \"id\": \"/subscriptions/e37510d7-33b6-4676-886f-ee75bcc01871/resourceGroups/crptestar81941/providers/Microsoft.Network/virtualNetworks/vn6760/subnets/sn12000\",\r\n        \"etag\": \"W/\\\"93d95b8c-3c79-40ed-b76a-6e552554eb06\\\"\",\r\n        \"properties\": {\r\n          \"provisioningState\": \"Updating\",\r\n          \"addressPrefix\": \"10.0.1.0/24\",\r\n          \"delegations\": [],\r\n          \"privateEndpointNetworkPolicies\": \"Enabled\",\r\n          \"privateLinkServiceNetworkPolicies\": \"Enabled\"\r\n        },\r\n        \"type\": \"Microsoft.Network/virtualNetworks/subnets\"\r\n      },\r\n      {\r\n        \"name\": \"sn26704\",\r\n        \"id\": \"/subscriptions/e37510d7-33b6-4676-886f-ee75bcc01871/resourceGroups/crptestar81941/providers/Microsoft.Network/virtualNetworks/vn6760/subnets/sn26704\",\r\n        \"etag\": \"W/\\\"93d95b8c-3c79-40ed-b76a-6e552554eb06\\\"\",\r\n        \"properties\": {\r\n          \"provisioningState\": \"Updating\",\r\n          \"addressPrefix\": \"10.0.2.0/24\",\r\n          \"delegations\": [],\r\n          \"privateEndpointNetworkPolicies\": \"Enabled\",\r\n          \"privateLinkServiceNetworkPolicies\": \"Enabled\"\r\n        },\r\n        \"type\": \"Microsoft.Network/virtualNetworks/subnets\"\r\n      }\r\n    ],\r\n    \"virtualNetworkPeerings\": [],\r\n    \"enableDdosProtection\": false\r\n  }\r\n}",
      "StatusCode": 201
    },
    {
      "RequestUri": "/subscriptions/e37510d7-33b6-4676-886f-ee75bcc01871/providers/Microsoft.Network/locations/eastus2euap/operations/d0f18162-b8f7-4c60-9949-a4ee7ed5156e?api-version=2019-09-01",
      "EncodedRequestUri": "L3N1YnNjcmlwdGlvbnMvZTM3NTEwZDctMzNiNi00Njc2LTg4NmYtZWU3NWJjYzAxODcxL3Byb3ZpZGVycy9NaWNyb3NvZnQuTmV0d29yay9sb2NhdGlvbnMvZWFzdHVzMmV1YXAvb3BlcmF0aW9ucy9kMGYxODE2Mi1iOGY3LTRjNjAtOTk0OS1hNGVlN2VkNTE1NmU/YXBpLXZlcnNpb249MjAxOS0wOS0wMQ==",
      "RequestMethod": "GET",
      "RequestBody": "",
      "RequestHeaders": {
        "User-Agent": [
          "FxVersion/4.700.21.47003",
          "OSName/Windows",
          "OSVersion/Microsoft.Windows.10.0.17763",
          "Microsoft.Azure.Management.Network.NetworkManagementClient/19.17.1.0"
        ]
      },
      "ResponseHeaders": {
        "Cache-Control": [
          "no-cache"
        ],
        "Pragma": [
          "no-cache"
        ],
        "x-ms-request-id": [
          "56b87f14-6299-4dfc-9886-0487acec533a"
        ],
        "x-ms-correlation-request-id": [
          "b2b0bfa7-8fea-43f6-8c68-b53aa0d0ebd7"
        ],
        "x-ms-arm-service-request-id": [
          "e219c3b5-4e12-46a9-9b10-3e4a5f81dc63"
        ],
        "Strict-Transport-Security": [
          "max-age=31536000; includeSubDomains"
        ],
        "Server": [
          "Microsoft-HTTPAPI/2.0",
          "Microsoft-HTTPAPI/2.0"
        ],
        "x-ms-ratelimit-remaining-subscription-reads": [
          "11999"
        ],
        "x-ms-routing-request-id": [
          "EASTUS2:20220405T214405Z:b2b0bfa7-8fea-43f6-8c68-b53aa0d0ebd7"
        ],
        "X-Content-Type-Options": [
          "nosniff"
        ],
        "Date": [
          "Tue, 05 Apr 2022 21:44:05 GMT"
        ],
        "Content-Length": [
          "29"
        ],
        "Content-Type": [
          "application/json; charset=utf-8"
        ],
        "Expires": [
          "-1"
        ]
      },
      "ResponseBody": "{\r\n  \"status\": \"Succeeded\"\r\n}",
      "StatusCode": 200
    },
    {
      "RequestUri": "/subscriptions/e37510d7-33b6-4676-886f-ee75bcc01871/resourceGroups/crptestar81941/providers/Microsoft.Network/virtualNetworks/vn6760?api-version=2019-09-01",
      "EncodedRequestUri": "L3N1YnNjcmlwdGlvbnMvZTM3NTEwZDctMzNiNi00Njc2LTg4NmYtZWU3NWJjYzAxODcxL3Jlc291cmNlR3JvdXBzL2NycHRlc3RhcjgxOTQxL3Byb3ZpZGVycy9NaWNyb3NvZnQuTmV0d29yay92aXJ0dWFsTmV0d29ya3Mvdm42NzYwP2FwaS12ZXJzaW9uPTIwMTktMDktMDE=",
      "RequestMethod": "GET",
      "RequestBody": "",
      "RequestHeaders": {
        "User-Agent": [
          "FxVersion/4.700.21.47003",
          "OSName/Windows",
          "OSVersion/Microsoft.Windows.10.0.17763",
          "Microsoft.Azure.Management.Network.NetworkManagementClient/19.17.1.0"
        ]
      },
      "ResponseHeaders": {
        "Cache-Control": [
          "no-cache"
        ],
        "Pragma": [
          "no-cache"
        ],
        "ETag": [
          "W/\"0c512ca5-3680-416f-9a32-e5f12f915cee\""
        ],
        "x-ms-request-id": [
          "acf2d800-2f81-4e60-80d9-ca481d9095ba"
        ],
        "x-ms-correlation-request-id": [
          "271bfcf8-8e36-49ed-b7ee-39465228cd34"
        ],
        "x-ms-arm-service-request-id": [
          "1366be95-a30f-44bd-8e1c-001609610804"
        ],
        "Strict-Transport-Security": [
          "max-age=31536000; includeSubDomains"
        ],
        "Server": [
          "Microsoft-HTTPAPI/2.0",
          "Microsoft-HTTPAPI/2.0"
        ],
        "x-ms-ratelimit-remaining-subscription-reads": [
          "11998"
        ],
        "x-ms-routing-request-id": [
          "EASTUS2:20220405T214405Z:271bfcf8-8e36-49ed-b7ee-39465228cd34"
        ],
        "X-Content-Type-Options": [
          "nosniff"
        ],
        "Date": [
          "Tue, 05 Apr 2022 21:44:05 GMT"
        ],
        "Content-Length": [
          "1932"
        ],
        "Content-Type": [
          "application/json; charset=utf-8"
        ],
        "Expires": [
          "-1"
        ]
      },
      "ResponseBody": "{\r\n  \"name\": \"vn6760\",\r\n  \"id\": \"/subscriptions/e37510d7-33b6-4676-886f-ee75bcc01871/resourceGroups/crptestar81941/providers/Microsoft.Network/virtualNetworks/vn6760\",\r\n  \"etag\": \"W/\\\"0c512ca5-3680-416f-9a32-e5f12f915cee\\\"\",\r\n  \"type\": \"Microsoft.Network/virtualNetworks\",\r\n  \"location\": \"eastus2euap\",\r\n  \"properties\": {\r\n    \"provisioningState\": \"Succeeded\",\r\n    \"resourceGuid\": \"b44d6612-6ce6-4a21-a0ca-34f66510b1a8\",\r\n    \"addressSpace\": {\r\n      \"addressPrefixes\": [\r\n        \"10.0.0.0/16\"\r\n      ]\r\n    },\r\n    \"dhcpOptions\": {\r\n      \"dnsServers\": [\r\n        \"10.1.1.1\",\r\n        \"10.1.2.4\"\r\n      ]\r\n    },\r\n    \"subnets\": [\r\n      {\r\n        \"name\": \"sn12000\",\r\n        \"id\": \"/subscriptions/e37510d7-33b6-4676-886f-ee75bcc01871/resourceGroups/crptestar81941/providers/Microsoft.Network/virtualNetworks/vn6760/subnets/sn12000\",\r\n        \"etag\": \"W/\\\"0c512ca5-3680-416f-9a32-e5f12f915cee\\\"\",\r\n        \"properties\": {\r\n          \"provisioningState\": \"Succeeded\",\r\n          \"addressPrefix\": \"10.0.1.0/24\",\r\n          \"delegations\": [],\r\n          \"privateEndpointNetworkPolicies\": \"Enabled\",\r\n          \"privateLinkServiceNetworkPolicies\": \"Enabled\"\r\n        },\r\n        \"type\": \"Microsoft.Network/virtualNetworks/subnets\"\r\n      },\r\n      {\r\n        \"name\": \"sn26704\",\r\n        \"id\": \"/subscriptions/e37510d7-33b6-4676-886f-ee75bcc01871/resourceGroups/crptestar81941/providers/Microsoft.Network/virtualNetworks/vn6760/subnets/sn26704\",\r\n        \"etag\": \"W/\\\"0c512ca5-3680-416f-9a32-e5f12f915cee\\\"\",\r\n        \"properties\": {\r\n          \"provisioningState\": \"Succeeded\",\r\n          \"addressPrefix\": \"10.0.2.0/24\",\r\n          \"delegations\": [],\r\n          \"privateEndpointNetworkPolicies\": \"Enabled\",\r\n          \"privateLinkServiceNetworkPolicies\": \"Enabled\"\r\n        },\r\n        \"type\": \"Microsoft.Network/virtualNetworks/subnets\"\r\n      }\r\n    ],\r\n    \"virtualNetworkPeerings\": [],\r\n    \"enableDdosProtection\": false\r\n  }\r\n}",
      "StatusCode": 200
    },
    {
      "RequestUri": "/subscriptions/e37510d7-33b6-4676-886f-ee75bcc01871/resourceGroups/crptestar81941/providers/Microsoft.Network/publicIPAddresses/pip6698?api-version=2019-09-01",
      "EncodedRequestUri": "L3N1YnNjcmlwdGlvbnMvZTM3NTEwZDctMzNiNi00Njc2LTg4NmYtZWU3NWJjYzAxODcxL3Jlc291cmNlR3JvdXBzL2NycHRlc3RhcjgxOTQxL3Byb3ZpZGVycy9NaWNyb3NvZnQuTmV0d29yay9wdWJsaWNJUEFkZHJlc3Nlcy9waXA2Njk4P2FwaS12ZXJzaW9uPTIwMTktMDktMDE=",
      "RequestMethod": "PUT",
      "RequestBody": "{\r\n  \"properties\": {\r\n    \"publicIPAllocationMethod\": \"Dynamic\",\r\n    \"dnsSettings\": {\r\n      \"domainNameLabel\": \"dn8414\"\r\n    }\r\n  },\r\n  \"location\": \"eastus2euap\",\r\n  \"tags\": {\r\n    \"key\": \"value\"\r\n  }\r\n}",
      "RequestHeaders": {
        "x-ms-client-request-id": [
          "0443340f-5243-4103-9d87-912d849cb1c1"
        ],
        "Accept-Language": [
          "en-US"
        ],
        "User-Agent": [
          "FxVersion/4.700.21.47003",
          "OSName/Windows",
          "OSVersion/Microsoft.Windows.10.0.17763",
          "Microsoft.Azure.Management.Network.NetworkManagementClient/19.17.1.0"
        ],
        "Content-Type": [
          "application/json; charset=utf-8"
        ],
        "Content-Length": [
          "205"
        ]
      },
      "ResponseHeaders": {
        "Cache-Control": [
          "no-cache"
        ],
        "Pragma": [
          "no-cache"
        ],
        "Retry-After": [
          "1"
        ],
        "x-ms-request-id": [
          "7c481dc4-5f1a-43fc-acda-8395632a6ed9"
        ],
        "Azure-AsyncOperation": [
          "https://management.azure.com/subscriptions/e37510d7-33b6-4676-886f-ee75bcc01871/providers/Microsoft.Network/locations/eastus2euap/operations/7c481dc4-5f1a-43fc-acda-8395632a6ed9?api-version=2019-09-01"
        ],
        "x-ms-correlation-request-id": [
          "707a76da-c5e1-4f55-8c7e-e1f0515b07d2"
        ],
        "Azure-AsyncNotification": [
          "Enabled"
        ],
        "x-ms-arm-service-request-id": [
          "28a51f6c-0070-4bec-91f1-a29a6659524a"
        ],
        "Strict-Transport-Security": [
          "max-age=31536000; includeSubDomains"
        ],
        "Server": [
          "Microsoft-HTTPAPI/2.0",
          "Microsoft-HTTPAPI/2.0"
        ],
        "x-ms-ratelimit-remaining-subscription-writes": [
          "1198"
        ],
        "x-ms-routing-request-id": [
          "EASTUS2:20220405T214407Z:707a76da-c5e1-4f55-8c7e-e1f0515b07d2"
        ],
        "X-Content-Type-Options": [
          "nosniff"
        ],
        "Date": [
          "Tue, 05 Apr 2022 21:44:06 GMT"
        ],
        "Content-Length": [
          "766"
        ],
        "Content-Type": [
          "application/json; charset=utf-8"
        ],
        "Expires": [
          "-1"
        ]
      },
      "ResponseBody": "{\r\n  \"name\": \"pip6698\",\r\n  \"id\": \"/subscriptions/e37510d7-33b6-4676-886f-ee75bcc01871/resourceGroups/crptestar81941/providers/Microsoft.Network/publicIPAddresses/pip6698\",\r\n  \"etag\": \"W/\\\"4490010e-0e8a-4d0c-bd03-69f6dd94efc5\\\"\",\r\n  \"location\": \"eastus2euap\",\r\n  \"tags\": {\r\n    \"key\": \"value\"\r\n  },\r\n  \"properties\": {\r\n    \"provisioningState\": \"Updating\",\r\n    \"resourceGuid\": \"e4d829c1-f059-4967-b150-fd151d5d743a\",\r\n    \"publicIPAddressVersion\": \"IPv4\",\r\n    \"publicIPAllocationMethod\": \"Dynamic\",\r\n    \"idleTimeoutInMinutes\": 4,\r\n    \"dnsSettings\": {\r\n      \"domainNameLabel\": \"dn8414\",\r\n      \"fqdn\": \"dn8414.eastus2euap.cloudapp.azure.com\"\r\n    },\r\n    \"ipTags\": []\r\n  },\r\n  \"type\": \"Microsoft.Network/publicIPAddresses\",\r\n  \"sku\": {\r\n    \"name\": \"Basic\"\r\n  }\r\n}",
      "StatusCode": 201
    },
    {
      "RequestUri": "/subscriptions/e37510d7-33b6-4676-886f-ee75bcc01871/providers/Microsoft.Network/locations/eastus2euap/operations/7c481dc4-5f1a-43fc-acda-8395632a6ed9?api-version=2019-09-01",
      "EncodedRequestUri": "L3N1YnNjcmlwdGlvbnMvZTM3NTEwZDctMzNiNi00Njc2LTg4NmYtZWU3NWJjYzAxODcxL3Byb3ZpZGVycy9NaWNyb3NvZnQuTmV0d29yay9sb2NhdGlvbnMvZWFzdHVzMmV1YXAvb3BlcmF0aW9ucy83YzQ4MWRjNC01ZjFhLTQzZmMtYWNkYS04Mzk1NjMyYTZlZDk/YXBpLXZlcnNpb249MjAxOS0wOS0wMQ==",
      "RequestMethod": "GET",
      "RequestBody": "",
      "RequestHeaders": {
        "User-Agent": [
          "FxVersion/4.700.21.47003",
          "OSName/Windows",
          "OSVersion/Microsoft.Windows.10.0.17763",
          "Microsoft.Azure.Management.Network.NetworkManagementClient/19.17.1.0"
        ]
      },
      "ResponseHeaders": {
        "Cache-Control": [
          "no-cache"
        ],
        "Pragma": [
          "no-cache"
        ],
        "Retry-After": [
          "2"
        ],
        "x-ms-request-id": [
          "06e713d5-b579-40a7-bd5c-5e06983e6bcc"
        ],
        "x-ms-correlation-request-id": [
          "5b16615f-228a-4362-8786-b97562e806f4"
        ],
        "x-ms-arm-service-request-id": [
          "3817b165-eec4-47d3-8a4f-1de28917c45f"
        ],
        "Strict-Transport-Security": [
          "max-age=31536000; includeSubDomains"
        ],
        "Server": [
          "Microsoft-HTTPAPI/2.0",
          "Microsoft-HTTPAPI/2.0"
        ],
        "x-ms-ratelimit-remaining-subscription-reads": [
          "11997"
        ],
        "x-ms-routing-request-id": [
          "EASTUS2:20220405T214408Z:5b16615f-228a-4362-8786-b97562e806f4"
        ],
        "X-Content-Type-Options": [
          "nosniff"
        ],
        "Date": [
          "Tue, 05 Apr 2022 21:44:07 GMT"
        ],
        "Content-Length": [
          "30"
        ],
        "Content-Type": [
          "application/json; charset=utf-8"
        ],
        "Expires": [
          "-1"
        ]
      },
      "ResponseBody": "{\r\n  \"status\": \"InProgress\"\r\n}",
      "StatusCode": 200
    },
    {
      "RequestUri": "/subscriptions/e37510d7-33b6-4676-886f-ee75bcc01871/providers/Microsoft.Network/locations/eastus2euap/operations/7c481dc4-5f1a-43fc-acda-8395632a6ed9?api-version=2019-09-01",
      "EncodedRequestUri": "L3N1YnNjcmlwdGlvbnMvZTM3NTEwZDctMzNiNi00Njc2LTg4NmYtZWU3NWJjYzAxODcxL3Byb3ZpZGVycy9NaWNyb3NvZnQuTmV0d29yay9sb2NhdGlvbnMvZWFzdHVzMmV1YXAvb3BlcmF0aW9ucy83YzQ4MWRjNC01ZjFhLTQzZmMtYWNkYS04Mzk1NjMyYTZlZDk/YXBpLXZlcnNpb249MjAxOS0wOS0wMQ==",
      "RequestMethod": "GET",
      "RequestBody": "",
      "RequestHeaders": {
        "User-Agent": [
          "FxVersion/4.700.21.47003",
          "OSName/Windows",
          "OSVersion/Microsoft.Windows.10.0.17763",
          "Microsoft.Azure.Management.Network.NetworkManagementClient/19.17.1.0"
        ]
      },
      "ResponseHeaders": {
        "Cache-Control": [
          "no-cache"
        ],
        "Pragma": [
          "no-cache"
        ],
        "x-ms-request-id": [
          "61c5627b-0216-47c7-a982-a16e977a1d5b"
        ],
        "x-ms-correlation-request-id": [
          "fdc8b472-0941-494c-aa61-c31c343a379b"
        ],
        "x-ms-arm-service-request-id": [
          "475c2f63-e025-4b1f-9662-9a413b9de9d1"
        ],
        "Strict-Transport-Security": [
          "max-age=31536000; includeSubDomains"
        ],
        "Server": [
          "Microsoft-HTTPAPI/2.0",
          "Microsoft-HTTPAPI/2.0"
        ],
        "x-ms-ratelimit-remaining-subscription-reads": [
          "11996"
        ],
        "x-ms-routing-request-id": [
          "EASTUS2:20220405T214410Z:fdc8b472-0941-494c-aa61-c31c343a379b"
        ],
        "X-Content-Type-Options": [
          "nosniff"
        ],
        "Date": [
          "Tue, 05 Apr 2022 21:44:09 GMT"
        ],
        "Content-Length": [
          "29"
        ],
        "Content-Type": [
          "application/json; charset=utf-8"
        ],
        "Expires": [
          "-1"
        ]
      },
      "ResponseBody": "{\r\n  \"status\": \"Succeeded\"\r\n}",
      "StatusCode": 200
    },
    {
      "RequestUri": "/subscriptions/e37510d7-33b6-4676-886f-ee75bcc01871/resourceGroups/crptestar81941/providers/Microsoft.Network/publicIPAddresses/pip6698?api-version=2019-09-01",
      "EncodedRequestUri": "L3N1YnNjcmlwdGlvbnMvZTM3NTEwZDctMzNiNi00Njc2LTg4NmYtZWU3NWJjYzAxODcxL3Jlc291cmNlR3JvdXBzL2NycHRlc3RhcjgxOTQxL3Byb3ZpZGVycy9NaWNyb3NvZnQuTmV0d29yay9wdWJsaWNJUEFkZHJlc3Nlcy9waXA2Njk4P2FwaS12ZXJzaW9uPTIwMTktMDktMDE=",
      "RequestMethod": "GET",
      "RequestBody": "",
      "RequestHeaders": {
        "User-Agent": [
          "FxVersion/4.700.21.47003",
          "OSName/Windows",
          "OSVersion/Microsoft.Windows.10.0.17763",
          "Microsoft.Azure.Management.Network.NetworkManagementClient/19.17.1.0"
        ]
      },
      "ResponseHeaders": {
        "Cache-Control": [
          "no-cache"
        ],
        "Pragma": [
          "no-cache"
        ],
        "ETag": [
          "W/\"949e6c52-093f-4817-89a9-b6fd58cb63fb\""
        ],
        "x-ms-request-id": [
          "2feef964-a54d-48fc-89b6-6cf0731ee8ef"
        ],
        "x-ms-correlation-request-id": [
          "34352f0b-1341-4cde-88d2-f5cca45b8dca"
        ],
        "x-ms-arm-service-request-id": [
          "b4eefe41-270c-42d4-b3cc-ebe6ac899d39"
        ],
        "Strict-Transport-Security": [
          "max-age=31536000; includeSubDomains"
        ],
        "Server": [
          "Microsoft-HTTPAPI/2.0",
          "Microsoft-HTTPAPI/2.0"
        ],
        "x-ms-ratelimit-remaining-subscription-reads": [
          "11995"
        ],
        "x-ms-routing-request-id": [
          "EASTUS2:20220405T214410Z:34352f0b-1341-4cde-88d2-f5cca45b8dca"
        ],
        "X-Content-Type-Options": [
          "nosniff"
        ],
        "Date": [
          "Tue, 05 Apr 2022 21:44:09 GMT"
        ],
        "Content-Length": [
          "767"
        ],
        "Content-Type": [
          "application/json; charset=utf-8"
        ],
        "Expires": [
          "-1"
        ]
      },
      "ResponseBody": "{\r\n  \"name\": \"pip6698\",\r\n  \"id\": \"/subscriptions/e37510d7-33b6-4676-886f-ee75bcc01871/resourceGroups/crptestar81941/providers/Microsoft.Network/publicIPAddresses/pip6698\",\r\n  \"etag\": \"W/\\\"949e6c52-093f-4817-89a9-b6fd58cb63fb\\\"\",\r\n  \"location\": \"eastus2euap\",\r\n  \"tags\": {\r\n    \"key\": \"value\"\r\n  },\r\n  \"properties\": {\r\n    \"provisioningState\": \"Succeeded\",\r\n    \"resourceGuid\": \"e4d829c1-f059-4967-b150-fd151d5d743a\",\r\n    \"publicIPAddressVersion\": \"IPv4\",\r\n    \"publicIPAllocationMethod\": \"Dynamic\",\r\n    \"idleTimeoutInMinutes\": 4,\r\n    \"dnsSettings\": {\r\n      \"domainNameLabel\": \"dn8414\",\r\n      \"fqdn\": \"dn8414.eastus2euap.cloudapp.azure.com\"\r\n    },\r\n    \"ipTags\": []\r\n  },\r\n  \"type\": \"Microsoft.Network/publicIPAddresses\",\r\n  \"sku\": {\r\n    \"name\": \"Basic\"\r\n  }\r\n}",
      "StatusCode": 200
    },
    {
      "RequestUri": "/subscriptions/e37510d7-33b6-4676-886f-ee75bcc01871/resourceGroups/crptestar81941/providers/Microsoft.Network/publicIPAddresses/pip6698?api-version=2019-09-01",
      "EncodedRequestUri": "L3N1YnNjcmlwdGlvbnMvZTM3NTEwZDctMzNiNi00Njc2LTg4NmYtZWU3NWJjYzAxODcxL3Jlc291cmNlR3JvdXBzL2NycHRlc3RhcjgxOTQxL3Byb3ZpZGVycy9NaWNyb3NvZnQuTmV0d29yay9wdWJsaWNJUEFkZHJlc3Nlcy9waXA2Njk4P2FwaS12ZXJzaW9uPTIwMTktMDktMDE=",
      "RequestMethod": "GET",
      "RequestBody": "",
      "RequestHeaders": {
        "x-ms-client-request-id": [
          "8c17e325-9036-4403-803a-bc3202815549"
        ],
        "Accept-Language": [
          "en-US"
        ],
        "User-Agent": [
          "FxVersion/4.700.21.47003",
          "OSName/Windows",
          "OSVersion/Microsoft.Windows.10.0.17763",
          "Microsoft.Azure.Management.Network.NetworkManagementClient/19.17.1.0"
        ]
      },
      "ResponseHeaders": {
        "Cache-Control": [
          "no-cache"
        ],
        "Pragma": [
          "no-cache"
        ],
        "ETag": [
          "W/\"949e6c52-093f-4817-89a9-b6fd58cb63fb\""
        ],
        "x-ms-request-id": [
          "f5daf2d2-8555-4cc7-ac52-d6e51e144213"
        ],
        "x-ms-correlation-request-id": [
          "2ae831c0-488f-481c-bf17-c1a861809e72"
        ],
        "x-ms-arm-service-request-id": [
          "acfb2de3-a19b-424e-a1b7-7a23e50ac9a4"
        ],
        "Strict-Transport-Security": [
          "max-age=31536000; includeSubDomains"
        ],
        "Server": [
          "Microsoft-HTTPAPI/2.0",
          "Microsoft-HTTPAPI/2.0"
        ],
        "x-ms-ratelimit-remaining-subscription-reads": [
          "11994"
        ],
        "x-ms-routing-request-id": [
          "EASTUS2:20220405T214410Z:2ae831c0-488f-481c-bf17-c1a861809e72"
        ],
        "X-Content-Type-Options": [
          "nosniff"
        ],
        "Date": [
          "Tue, 05 Apr 2022 21:44:09 GMT"
        ],
        "Content-Length": [
          "767"
        ],
        "Content-Type": [
          "application/json; charset=utf-8"
        ],
        "Expires": [
          "-1"
        ]
      },
      "ResponseBody": "{\r\n  \"name\": \"pip6698\",\r\n  \"id\": \"/subscriptions/e37510d7-33b6-4676-886f-ee75bcc01871/resourceGroups/crptestar81941/providers/Microsoft.Network/publicIPAddresses/pip6698\",\r\n  \"etag\": \"W/\\\"949e6c52-093f-4817-89a9-b6fd58cb63fb\\\"\",\r\n  \"location\": \"eastus2euap\",\r\n  \"tags\": {\r\n    \"key\": \"value\"\r\n  },\r\n  \"properties\": {\r\n    \"provisioningState\": \"Succeeded\",\r\n    \"resourceGuid\": \"e4d829c1-f059-4967-b150-fd151d5d743a\",\r\n    \"publicIPAddressVersion\": \"IPv4\",\r\n    \"publicIPAllocationMethod\": \"Dynamic\",\r\n    \"idleTimeoutInMinutes\": 4,\r\n    \"dnsSettings\": {\r\n      \"domainNameLabel\": \"dn8414\",\r\n      \"fqdn\": \"dn8414.eastus2euap.cloudapp.azure.com\"\r\n    },\r\n    \"ipTags\": []\r\n  },\r\n  \"type\": \"Microsoft.Network/publicIPAddresses\",\r\n  \"sku\": {\r\n    \"name\": \"Basic\"\r\n  }\r\n}",
      "StatusCode": 200
    },
    {
      "RequestUri": "/subscriptions/e37510d7-33b6-4676-886f-ee75bcc01871/resourceGroups/crptestar81941/providers/Microsoft.Network/networkInterfaces/nic7860?api-version=2019-09-01",
      "EncodedRequestUri": "L3N1YnNjcmlwdGlvbnMvZTM3NTEwZDctMzNiNi00Njc2LTg4NmYtZWU3NWJjYzAxODcxL3Jlc291cmNlR3JvdXBzL2NycHRlc3RhcjgxOTQxL3Byb3ZpZGVycy9NaWNyb3NvZnQuTmV0d29yay9uZXR3b3JrSW50ZXJmYWNlcy9uaWM3ODYwP2FwaS12ZXJzaW9uPTIwMTktMDktMDE=",
      "RequestMethod": "PUT",
      "RequestBody": "{\r\n  \"properties\": {\r\n    \"ipConfigurations\": [\r\n      {\r\n        \"properties\": {\r\n          \"privateIPAllocationMethod\": \"Dynamic\",\r\n          \"subnet\": {\r\n            \"properties\": {\r\n              \"addressPrefix\": \"10.0.2.0/24\",\r\n              \"delegations\": [],\r\n              \"privateEndpointNetworkPolicies\": \"Enabled\",\r\n              \"privateLinkServiceNetworkPolicies\": \"Enabled\"\r\n            },\r\n            \"name\": \"sn26704\",\r\n            \"id\": \"/subscriptions/e37510d7-33b6-4676-886f-ee75bcc01871/resourceGroups/crptestar81941/providers/Microsoft.Network/virtualNetworks/vn6760/subnets/sn26704\"\r\n          }\r\n        },\r\n        \"name\": \"ip2326\"\r\n      }\r\n    ]\r\n  },\r\n  \"location\": \"eastus2euap\",\r\n  \"tags\": {\r\n    \"key\": \"value\"\r\n  }\r\n}",
      "RequestHeaders": {
        "x-ms-client-request-id": [
          "7b99bfc9-103c-4ae0-9d39-cf0d6e7a6397"
        ],
        "Accept-Language": [
          "en-US"
        ],
        "User-Agent": [
          "FxVersion/4.700.21.47003",
          "OSName/Windows",
          "OSVersion/Microsoft.Windows.10.0.17763",
          "Microsoft.Azure.Management.Network.NetworkManagementClient/19.17.1.0"
        ],
        "Content-Type": [
          "application/json; charset=utf-8"
        ],
        "Content-Length": [
          "749"
        ]
      },
      "ResponseHeaders": {
        "Cache-Control": [
          "no-cache"
        ],
        "Pragma": [
          "no-cache"
        ],
        "x-ms-request-id": [
          "759e17c8-1f0e-4057-9ca2-0c28c627dfe7"
        ],
        "Azure-AsyncOperation": [
          "https://management.azure.com/subscriptions/e37510d7-33b6-4676-886f-ee75bcc01871/providers/Microsoft.Network/locations/eastus2euap/operations/759e17c8-1f0e-4057-9ca2-0c28c627dfe7?api-version=2019-09-01"
        ],
        "x-ms-correlation-request-id": [
          "f1452a30-7565-43d0-aae5-a1da698a7381"
        ],
        "Azure-AsyncNotification": [
          "Enabled"
        ],
        "x-ms-arm-service-request-id": [
          "b23804b6-a158-4492-888d-5affa65daf23"
        ],
        "Strict-Transport-Security": [
          "max-age=31536000; includeSubDomains"
        ],
        "Server": [
          "Microsoft-HTTPAPI/2.0",
          "Microsoft-HTTPAPI/2.0"
        ],
        "x-ms-ratelimit-remaining-subscription-writes": [
          "1197"
        ],
        "x-ms-routing-request-id": [
          "EASTUS2:20220405T214410Z:f1452a30-7565-43d0-aae5-a1da698a7381"
        ],
        "X-Content-Type-Options": [
          "nosniff"
        ],
        "Date": [
          "Tue, 05 Apr 2022 21:44:10 GMT"
        ],
        "Content-Length": [
          "1592"
        ],
        "Content-Type": [
          "application/json; charset=utf-8"
        ],
        "Expires": [
          "-1"
        ]
      },
      "ResponseBody": "{\r\n  \"name\": \"nic7860\",\r\n  \"id\": \"/subscriptions/e37510d7-33b6-4676-886f-ee75bcc01871/resourceGroups/crptestar81941/providers/Microsoft.Network/networkInterfaces/nic7860\",\r\n  \"etag\": \"W/\\\"ec2e607f-529b-4b1b-bc59-9eef8339c78c\\\"\",\r\n  \"location\": \"eastus2euap\",\r\n  \"tags\": {\r\n    \"key\": \"value\"\r\n  },\r\n  \"properties\": {\r\n    \"provisioningState\": \"Succeeded\",\r\n    \"resourceGuid\": \"465a71f7-bdbf-4423-98e3-ca1c5ead2e47\",\r\n    \"ipConfigurations\": [\r\n      {\r\n        \"name\": \"ip2326\",\r\n        \"id\": \"/subscriptions/e37510d7-33b6-4676-886f-ee75bcc01871/resourceGroups/crptestar81941/providers/Microsoft.Network/networkInterfaces/nic7860/ipConfigurations/ip2326\",\r\n        \"etag\": \"W/\\\"ec2e607f-529b-4b1b-bc59-9eef8339c78c\\\"\",\r\n        \"type\": \"Microsoft.Network/networkInterfaces/ipConfigurations\",\r\n        \"properties\": {\r\n          \"provisioningState\": \"Succeeded\",\r\n          \"privateIPAddress\": \"10.0.2.4\",\r\n          \"privateIPAllocationMethod\": \"Dynamic\",\r\n          \"subnet\": {\r\n            \"id\": \"/subscriptions/e37510d7-33b6-4676-886f-ee75bcc01871/resourceGroups/crptestar81941/providers/Microsoft.Network/virtualNetworks/vn6760/subnets/sn26704\"\r\n          },\r\n          \"primary\": true,\r\n          \"privateIPAddressVersion\": \"IPv4\"\r\n        }\r\n      }\r\n    ],\r\n    \"dnsSettings\": {\r\n      \"dnsServers\": [],\r\n      \"appliedDnsServers\": [],\r\n      \"internalDomainNameSuffix\": \"cjte1nhgnqquvigkgt1gkefrva.cbnx.internal.cloudapp.net\"\r\n    },\r\n    \"enableIPForwarding\": false,\r\n    \"hostedWorkloads\": [],\r\n    \"tapConfigurations\": []\r\n  },\r\n  \"type\": \"Microsoft.Network/networkInterfaces\"\r\n}",
      "StatusCode": 201
    },
    {
      "RequestUri": "/subscriptions/e37510d7-33b6-4676-886f-ee75bcc01871/resourceGroups/crptestar81941/providers/Microsoft.Network/networkInterfaces/nic7860?api-version=2019-09-01",
      "EncodedRequestUri": "L3N1YnNjcmlwdGlvbnMvZTM3NTEwZDctMzNiNi00Njc2LTg4NmYtZWU3NWJjYzAxODcxL3Jlc291cmNlR3JvdXBzL2NycHRlc3RhcjgxOTQxL3Byb3ZpZGVycy9NaWNyb3NvZnQuTmV0d29yay9uZXR3b3JrSW50ZXJmYWNlcy9uaWM3ODYwP2FwaS12ZXJzaW9uPTIwMTktMDktMDE=",
      "RequestMethod": "GET",
      "RequestBody": "",
      "RequestHeaders": {
        "User-Agent": [
          "FxVersion/4.700.21.47003",
          "OSName/Windows",
          "OSVersion/Microsoft.Windows.10.0.17763",
          "Microsoft.Azure.Management.Network.NetworkManagementClient/19.17.1.0"
        ]
      },
      "ResponseHeaders": {
        "Cache-Control": [
          "no-cache"
        ],
        "Pragma": [
          "no-cache"
        ],
        "ETag": [
          "W/\"ec2e607f-529b-4b1b-bc59-9eef8339c78c\""
        ],
        "x-ms-request-id": [
          "eb0c74f4-ba06-4b60-b869-d5fc256d823a"
        ],
        "x-ms-correlation-request-id": [
          "9ba1def7-5152-46c2-91af-b3726e0b1f5b"
        ],
        "x-ms-arm-service-request-id": [
          "dc01b4af-3f9b-4fee-8e10-97d99525f229"
        ],
        "Strict-Transport-Security": [
          "max-age=31536000; includeSubDomains"
        ],
        "Server": [
          "Microsoft-HTTPAPI/2.0",
          "Microsoft-HTTPAPI/2.0"
        ],
        "x-ms-ratelimit-remaining-subscription-reads": [
          "11993"
        ],
        "x-ms-routing-request-id": [
          "EASTUS2:20220405T214410Z:9ba1def7-5152-46c2-91af-b3726e0b1f5b"
        ],
        "X-Content-Type-Options": [
          "nosniff"
        ],
        "Date": [
          "Tue, 05 Apr 2022 21:44:10 GMT"
        ],
        "Content-Length": [
          "1592"
        ],
        "Content-Type": [
          "application/json; charset=utf-8"
        ],
        "Expires": [
          "-1"
        ]
      },
      "ResponseBody": "{\r\n  \"name\": \"nic7860\",\r\n  \"id\": \"/subscriptions/e37510d7-33b6-4676-886f-ee75bcc01871/resourceGroups/crptestar81941/providers/Microsoft.Network/networkInterfaces/nic7860\",\r\n  \"etag\": \"W/\\\"ec2e607f-529b-4b1b-bc59-9eef8339c78c\\\"\",\r\n  \"location\": \"eastus2euap\",\r\n  \"tags\": {\r\n    \"key\": \"value\"\r\n  },\r\n  \"properties\": {\r\n    \"provisioningState\": \"Succeeded\",\r\n    \"resourceGuid\": \"465a71f7-bdbf-4423-98e3-ca1c5ead2e47\",\r\n    \"ipConfigurations\": [\r\n      {\r\n        \"name\": \"ip2326\",\r\n        \"id\": \"/subscriptions/e37510d7-33b6-4676-886f-ee75bcc01871/resourceGroups/crptestar81941/providers/Microsoft.Network/networkInterfaces/nic7860/ipConfigurations/ip2326\",\r\n        \"etag\": \"W/\\\"ec2e607f-529b-4b1b-bc59-9eef8339c78c\\\"\",\r\n        \"type\": \"Microsoft.Network/networkInterfaces/ipConfigurations\",\r\n        \"properties\": {\r\n          \"provisioningState\": \"Succeeded\",\r\n          \"privateIPAddress\": \"10.0.2.4\",\r\n          \"privateIPAllocationMethod\": \"Dynamic\",\r\n          \"subnet\": {\r\n            \"id\": \"/subscriptions/e37510d7-33b6-4676-886f-ee75bcc01871/resourceGroups/crptestar81941/providers/Microsoft.Network/virtualNetworks/vn6760/subnets/sn26704\"\r\n          },\r\n          \"primary\": true,\r\n          \"privateIPAddressVersion\": \"IPv4\"\r\n        }\r\n      }\r\n    ],\r\n    \"dnsSettings\": {\r\n      \"dnsServers\": [],\r\n      \"appliedDnsServers\": [],\r\n      \"internalDomainNameSuffix\": \"cjte1nhgnqquvigkgt1gkefrva.cbnx.internal.cloudapp.net\"\r\n    },\r\n    \"enableIPForwarding\": false,\r\n    \"hostedWorkloads\": [],\r\n    \"tapConfigurations\": []\r\n  },\r\n  \"type\": \"Microsoft.Network/networkInterfaces\"\r\n}",
      "StatusCode": 200
    },
    {
      "RequestUri": "/subscriptions/e37510d7-33b6-4676-886f-ee75bcc01871/resourceGroups/crptestar81941/providers/Microsoft.Network/networkInterfaces/nic7860?api-version=2019-09-01",
      "EncodedRequestUri": "L3N1YnNjcmlwdGlvbnMvZTM3NTEwZDctMzNiNi00Njc2LTg4NmYtZWU3NWJjYzAxODcxL3Jlc291cmNlR3JvdXBzL2NycHRlc3RhcjgxOTQxL3Byb3ZpZGVycy9NaWNyb3NvZnQuTmV0d29yay9uZXR3b3JrSW50ZXJmYWNlcy9uaWM3ODYwP2FwaS12ZXJzaW9uPTIwMTktMDktMDE=",
      "RequestMethod": "GET",
      "RequestBody": "",
      "RequestHeaders": {
        "x-ms-client-request-id": [
          "b680314f-9de0-471f-aed4-1816e7c08916"
        ],
        "Accept-Language": [
          "en-US"
        ],
        "User-Agent": [
          "FxVersion/4.700.21.47003",
          "OSName/Windows",
          "OSVersion/Microsoft.Windows.10.0.17763",
          "Microsoft.Azure.Management.Network.NetworkManagementClient/19.17.1.0"
        ]
      },
      "ResponseHeaders": {
        "Cache-Control": [
          "no-cache"
        ],
        "Pragma": [
          "no-cache"
        ],
        "ETag": [
          "W/\"ec2e607f-529b-4b1b-bc59-9eef8339c78c\""
        ],
        "x-ms-request-id": [
          "52adc40c-04d4-47df-8fa7-8bfbec72107c"
        ],
        "x-ms-correlation-request-id": [
          "60ec919e-fffe-4224-bda4-7aaad9c4871d"
        ],
        "x-ms-arm-service-request-id": [
          "fa83703a-18b4-49f0-8d1d-0e7009ec0c30"
        ],
        "Strict-Transport-Security": [
          "max-age=31536000; includeSubDomains"
        ],
        "Server": [
          "Microsoft-HTTPAPI/2.0",
          "Microsoft-HTTPAPI/2.0"
        ],
        "x-ms-ratelimit-remaining-subscription-reads": [
          "11992"
        ],
        "x-ms-routing-request-id": [
          "EASTUS2:20220405T214410Z:60ec919e-fffe-4224-bda4-7aaad9c4871d"
        ],
        "X-Content-Type-Options": [
          "nosniff"
        ],
        "Date": [
          "Tue, 05 Apr 2022 21:44:10 GMT"
        ],
        "Content-Length": [
          "1592"
        ],
        "Content-Type": [
          "application/json; charset=utf-8"
        ],
        "Expires": [
          "-1"
        ]
      },
      "ResponseBody": "{\r\n  \"name\": \"nic7860\",\r\n  \"id\": \"/subscriptions/e37510d7-33b6-4676-886f-ee75bcc01871/resourceGroups/crptestar81941/providers/Microsoft.Network/networkInterfaces/nic7860\",\r\n  \"etag\": \"W/\\\"ec2e607f-529b-4b1b-bc59-9eef8339c78c\\\"\",\r\n  \"location\": \"eastus2euap\",\r\n  \"tags\": {\r\n    \"key\": \"value\"\r\n  },\r\n  \"properties\": {\r\n    \"provisioningState\": \"Succeeded\",\r\n    \"resourceGuid\": \"465a71f7-bdbf-4423-98e3-ca1c5ead2e47\",\r\n    \"ipConfigurations\": [\r\n      {\r\n        \"name\": \"ip2326\",\r\n        \"id\": \"/subscriptions/e37510d7-33b6-4676-886f-ee75bcc01871/resourceGroups/crptestar81941/providers/Microsoft.Network/networkInterfaces/nic7860/ipConfigurations/ip2326\",\r\n        \"etag\": \"W/\\\"ec2e607f-529b-4b1b-bc59-9eef8339c78c\\\"\",\r\n        \"type\": \"Microsoft.Network/networkInterfaces/ipConfigurations\",\r\n        \"properties\": {\r\n          \"provisioningState\": \"Succeeded\",\r\n          \"privateIPAddress\": \"10.0.2.4\",\r\n          \"privateIPAllocationMethod\": \"Dynamic\",\r\n          \"subnet\": {\r\n            \"id\": \"/subscriptions/e37510d7-33b6-4676-886f-ee75bcc01871/resourceGroups/crptestar81941/providers/Microsoft.Network/virtualNetworks/vn6760/subnets/sn26704\"\r\n          },\r\n          \"primary\": true,\r\n          \"privateIPAddressVersion\": \"IPv4\"\r\n        }\r\n      }\r\n    ],\r\n    \"dnsSettings\": {\r\n      \"dnsServers\": [],\r\n      \"appliedDnsServers\": [],\r\n      \"internalDomainNameSuffix\": \"cjte1nhgnqquvigkgt1gkefrva.cbnx.internal.cloudapp.net\"\r\n    },\r\n    \"enableIPForwarding\": false,\r\n    \"hostedWorkloads\": [],\r\n    \"tapConfigurations\": []\r\n  },\r\n  \"type\": \"Microsoft.Network/networkInterfaces\"\r\n}",
      "StatusCode": 200
    },
    {
      "RequestUri": "/subscriptions/e37510d7-33b6-4676-886f-ee75bcc01871/resourceGroups/crptestar81941/providers/Microsoft.Compute/virtualMachineScaleSets/vmss6276?api-version=2022-03-01",
      "EncodedRequestUri": "L3N1YnNjcmlwdGlvbnMvZTM3NTEwZDctMzNiNi00Njc2LTg4NmYtZWU3NWJjYzAxODcxL3Jlc291cmNlR3JvdXBzL2NycHRlc3RhcjgxOTQxL3Byb3ZpZGVycy9NaWNyb3NvZnQuQ29tcHV0ZS92aXJ0dWFsTWFjaGluZVNjYWxlU2V0cy92bXNzNjI3Nj9hcGktdmVyc2lvbj0yMDIyLTAzLTAx",
      "RequestMethod": "PUT",
      "RequestBody": "{\r\n  \"sku\": {\r\n    \"name\": \"Standard_A1_v2\",\r\n    \"capacity\": 2\r\n  },\r\n  \"properties\": {\r\n    \"virtualMachineProfile\": {\r\n      \"osProfile\": {\r\n        \"computerNamePrefix\": \"test\",\r\n        \"adminUsername\": \"Foo12\",\r\n        \"adminPassword\": \"[PLACEHOLDEr1]\",\r\n        \"customData\": \"Q3VzdG9tIGRhdGE=\"\r\n      },\r\n      \"storageProfile\": {\r\n        \"imageReference\": {\r\n          \"publisher\": \"MicrosoftWindowsServer\",\r\n          \"offer\": \"WindowsServer\",\r\n          \"sku\": \"2012-R2-Datacenter\",\r\n          \"version\": \"4.127.20180315\"\r\n        }\r\n      },\r\n      \"networkProfile\": {\r\n        \"networkInterfaceConfigurations\": [\r\n          {\r\n            \"name\": \"vmsstestnetconfig610\",\r\n            \"properties\": {\r\n              \"primary\": true,\r\n              \"ipConfigurations\": [\r\n                {\r\n                  \"name\": \"vmsstestnetconfig8918\",\r\n                  \"properties\": {\r\n                    \"subnet\": {\r\n                      \"id\": \"/subscriptions/e37510d7-33b6-4676-886f-ee75bcc01871/resourceGroups/crptestar81941/providers/Microsoft.Network/virtualNetworks/vn6760/subnets/sn26704\"\r\n                    },\r\n                    \"publicIPAddressConfiguration\": {\r\n                      \"name\": \"pip1\",\r\n                      \"properties\": {\r\n                        \"idleTimeoutInMinutes\": 10,\r\n                        \"dnsSettings\": {\r\n                          \"domainNameLabel\": \"dnsname3832\"\r\n                        },\r\n                        \"deleteOption\": \"Detach\"\r\n                      }\r\n                    },\r\n                    \"applicationGatewayBackendAddressPools\": []\r\n                  }\r\n                }\r\n              ],\r\n              \"deleteOption\": \"Delete\"\r\n            }\r\n          }\r\n        ],\r\n        \"networkApiVersion\": \"2020-11-01\"\r\n      }\r\n    },\r\n    \"singlePlacementGroup\": false,\r\n    \"platformFaultDomainCount\": 1,\r\n    \"orchestrationMode\": \"Flexible\"\r\n  },\r\n  \"location\": \"eastus2euap\",\r\n  \"tags\": {\r\n    \"RG\": \"rg\",\r\n    \"testTag\": \"1\"\r\n  }\r\n}",
      "RequestHeaders": {
        "x-ms-client-request-id": [
          "2ad589d9-2015-4a76-8d02-fe91e75a49c3"
        ],
        "Accept-Language": [
          "en-US"
        ],
        "User-Agent": [
          "FxVersion/4.700.21.47003",
          "OSName/Windows",
          "OSVersion/Microsoft.Windows.10.0.17763",
          "Microsoft.Azure.Management.Compute.ComputeManagementClient/53.0.0"
        ],
        "Content-Type": [
          "application/json; charset=utf-8"
        ],
        "Content-Length": [
          "2007"
        ]
      },
      "ResponseHeaders": {
        "Cache-Control": [
          "no-cache"
        ],
        "Pragma": [
          "no-cache"
        ],
        "Azure-AsyncOperation": [
          "https://management.azure.com/subscriptions/e37510d7-33b6-4676-886f-ee75bcc01871/providers/Microsoft.Compute/locations/EastUS2EUAP/operations/fd9f6adc-c34b-4de7-b6e8-d3ad2640a7e0?p=ce1708c5-dbca-4b22-b426-e8b8908417da&api-version=2022-03-01"
        ],
        "Azure-AsyncNotification": [
          "Enabled"
        ],
        "x-ms-ratelimit-remaining-resource": [
          "Microsoft.Compute/CreateVMScaleSet3Min;59,Microsoft.Compute/CreateVMScaleSet30Min;299"
        ],
        "Strict-Transport-Security": [
          "max-age=31536000; includeSubDomains"
        ],
        "x-ms-request-id": [
          "fd9f6adc-c34b-4de7-b6e8-d3ad2640a7e0"
        ],
        "Server": [
          "Microsoft-HTTPAPI/2.0",
          "Microsoft-HTTPAPI/2.0"
        ],
        "x-ms-ratelimit-remaining-subscription-writes": [
          "1199"
        ],
        "x-ms-correlation-request-id": [
          "d000d234-9c6f-4a69-aaac-d996e8b1b660"
        ],
        "x-ms-routing-request-id": [
          "EASTUS2:20220405T214413Z:d000d234-9c6f-4a69-aaac-d996e8b1b660"
        ],
        "X-Content-Type-Options": [
          "nosniff"
        ],
        "Date": [
          "Tue, 05 Apr 2022 21:44:12 GMT"
        ],
        "Content-Length": [
          "3685"
        ],
        "Content-Type": [
          "application/json; charset=utf-8"
        ],
        "Expires": [
          "-1"
        ]
      },
      "ResponseBody": "{\r\n  \"name\": \"vmss6276\",\r\n  \"id\": \"/subscriptions/e37510d7-33b6-4676-886f-ee75bcc01871/resourceGroups/crptestar81941/providers/Microsoft.Compute/virtualMachineScaleSets/vmss6276\",\r\n  \"type\": \"Microsoft.Compute/virtualMachineScaleSets\",\r\n  \"location\": \"eastus2euap\",\r\n  \"tags\": {\r\n    \"RG\": \"rg\",\r\n    \"testTag\": \"1\",\r\n    \"azsecpack\": \"nonprod\",\r\n    \"platformsettings.host_environment.service.platform_optedin_for_rootcerts\": \"true\"\r\n  },\r\n  \"sku\": {\r\n    \"name\": \"Standard_A1_v2\",\r\n    \"tier\": \"Standard\",\r\n    \"capacity\": 2\r\n  },\r\n  \"properties\": {\r\n    \"singlePlacementGroup\": false,\r\n    \"orchestrationMode\": \"Flexible\",\r\n    \"virtualMachineProfile\": {\r\n      \"osProfile\": {\r\n        \"computerNamePrefix\": \"test\",\r\n        \"adminUsername\": \"Foo12\",\r\n        \"windowsConfiguration\": {\r\n          \"provisionVMAgent\": true,\r\n          \"enableAutomaticUpdates\": true,\r\n          \"patchSettings\": {\r\n            \"patchMode\": \"AutomaticByOS\",\r\n            \"assessmentMode\": \"ImageDefault\"\r\n          },\r\n          \"enableVMAgentPlatformUpdates\": false\r\n        },\r\n        \"secrets\": [],\r\n        \"allowExtensionOperations\": true,\r\n        \"requireGuestProvisionSignal\": true\r\n      },\r\n      \"storageProfile\": {\r\n        \"osDisk\": {\r\n          \"osType\": \"Windows\",\r\n          \"createOption\": \"FromImage\",\r\n          \"caching\": \"None\",\r\n          \"managedDisk\": {\r\n            \"storageAccountType\": \"Standard_LRS\"\r\n          },\r\n          \"deleteOption\": \"Delete\",\r\n          \"diskSizeGB\": 127\r\n        },\r\n        \"imageReference\": {\r\n          \"publisher\": \"MicrosoftWindowsServer\",\r\n          \"offer\": \"WindowsServer\",\r\n          \"sku\": \"2012-R2-Datacenter\",\r\n          \"version\": \"4.127.20180315\"\r\n        }\r\n      },\r\n      \"networkProfile\": {\r\n        \"networkApiVersion\": \"2020-11-01\",\r\n        \"networkInterfaceConfigurations\": [\r\n          {\r\n            \"name\": \"vmsstestnetconfig610\",\r\n            \"properties\": {\r\n              \"primary\": true,\r\n              \"enableIPForwarding\": false,\r\n              \"deleteOption\": \"Delete\",\r\n              \"ipConfigurations\": [\r\n                {\r\n                  \"name\": \"vmsstestnetconfig8918\",\r\n                  \"properties\": {\r\n                    \"privateIPAddressVersion\": \"IPv4\",\r\n                    \"subnet\": {\r\n                      \"id\": \"/subscriptions/e37510d7-33b6-4676-886f-ee75bcc01871/resourceGroups/crptestar81941/providers/Microsoft.Network/virtualNetworks/vn6760/subnets/sn26704\"\r\n                    },\r\n                    \"publicIPAddressConfiguration\": {\r\n                      \"name\": \"pip1\",\r\n                      \"properties\": {\r\n                        \"deleteOption\": \"Detach\",\r\n                        \"idleTimeoutInMinutes\": 10,\r\n                        \"ipTags\": [],\r\n                        \"dnsSettings\": {\r\n                          \"domainNameLabel\": \"dnsname3832\"\r\n                        },\r\n                        \"publicIPAddressVersion\": \"IPv4\"\r\n                      }\r\n                    },\r\n                    \"applicationSecurityGroups\": [],\r\n                    \"loadBalancerBackendAddressPools\": [],\r\n                    \"applicationGatewayBackendAddressPools\": []\r\n                  }\r\n                }\r\n              ],\r\n              \"dnsSettings\": {\r\n                \"dnsServers\": []\r\n              }\r\n            }\r\n          }\r\n        ]\r\n      },\r\n      \"extensionProfile\": {\r\n        \"extensions\": [\r\n          {\r\n            \"name\": \"Microsoft.Azure.Security.AntimalwareSignature.AntimalwareConfiguration\",\r\n            \"properties\": {\r\n              \"autoUpgradeMinorVersion\": true,\r\n              \"enableAutomaticUpgrade\": true,\r\n              \"publisher\": \"Microsoft.Azure.Security.AntimalwareSignature\",\r\n              \"type\": \"AntimalwareConfiguration\",\r\n              \"typeHandlerVersion\": \"2.0\",\r\n              \"settings\": {}\r\n            }\r\n          },\r\n          {\r\n            \"name\": \"Microsoft.Azure.Geneva.GenevaMonitoring\",\r\n            \"properties\": {\r\n              \"autoUpgradeMinorVersion\": true,\r\n              \"enableAutomaticUpgrade\": true,\r\n              \"publisher\": \"Microsoft.Azure.Geneva\",\r\n              \"type\": \"GenevaMonitoring\",\r\n              \"typeHandlerVersion\": \"2.0\",\r\n              \"settings\": {}\r\n            }\r\n          }\r\n        ]\r\n      }\r\n    },\r\n    \"provisioningState\": \"Creating\",\r\n    \"uniqueId\": \"c85635d8-2dff-4fd1-82b1-12eaa686eab7\",\r\n    \"platformFaultDomainCount\": 1,\r\n    \"timeCreated\": \"2022-04-05T21:44:11.9295643+00:00\"\r\n  }\r\n}",
      "StatusCode": 201
    },
    {
      "RequestUri": "/subscriptions/e37510d7-33b6-4676-886f-ee75bcc01871/providers/Microsoft.Compute/locations/EastUS2EUAP/operations/fd9f6adc-c34b-4de7-b6e8-d3ad2640a7e0?p=ce1708c5-dbca-4b22-b426-e8b8908417da&api-version=2022-03-01",
      "EncodedRequestUri": "L3N1YnNjcmlwdGlvbnMvZTM3NTEwZDctMzNiNi00Njc2LTg4NmYtZWU3NWJjYzAxODcxL3Byb3ZpZGVycy9NaWNyb3NvZnQuQ29tcHV0ZS9sb2NhdGlvbnMvRWFzdFVTMkVVQVAvb3BlcmF0aW9ucy9mZDlmNmFkYy1jMzRiLTRkZTctYjZlOC1kM2FkMjY0MGE3ZTA/cD1jZTE3MDhjNS1kYmNhLTRiMjItYjQyNi1lOGI4OTA4NDE3ZGEmYXBpLXZlcnNpb249MjAyMi0wMy0wMQ==",
      "RequestMethod": "GET",
      "RequestBody": "",
      "RequestHeaders": {
        "User-Agent": [
          "FxVersion/4.700.21.47003",
          "OSName/Windows",
          "OSVersion/Microsoft.Windows.10.0.17763",
          "Microsoft.Azure.Management.Compute.ComputeManagementClient/53.0.0"
        ]
      },
      "ResponseHeaders": {
        "Cache-Control": [
          "no-cache"
        ],
        "Pragma": [
          "no-cache"
        ],
        "x-ms-ratelimit-remaining-resource": [
          "Microsoft.Compute/GetOperation3Min;14989,Microsoft.Compute/GetOperation30Min;29989"
        ],
        "Strict-Transport-Security": [
          "max-age=31536000; includeSubDomains"
        ],
        "x-ms-request-id": [
          "58535a93-421f-47d6-90cf-f1bc53705e41"
        ],
        "Server": [
          "Microsoft-HTTPAPI/2.0",
          "Microsoft-HTTPAPI/2.0"
        ],
        "x-ms-ratelimit-remaining-subscription-reads": [
          "11998"
        ],
        "x-ms-correlation-request-id": [
          "897c404c-456d-40b6-aa02-62c371881284"
        ],
        "x-ms-routing-request-id": [
          "EASTUS2:20220405T214443Z:897c404c-456d-40b6-aa02-62c371881284"
        ],
        "X-Content-Type-Options": [
          "nosniff"
        ],
        "Date": [
          "Tue, 05 Apr 2022 21:44:42 GMT"
        ],
        "Content-Length": [
          "134"
        ],
        "Content-Type": [
          "application/json; charset=utf-8"
        ],
        "Expires": [
          "-1"
        ]
      },
      "ResponseBody": "{\r\n  \"startTime\": \"2022-04-05T21:44:11.9139116+00:00\",\r\n  \"status\": \"InProgress\",\r\n  \"name\": \"fd9f6adc-c34b-4de7-b6e8-d3ad2640a7e0\"\r\n}",
      "StatusCode": 200
    },
    {
      "RequestUri": "/subscriptions/e37510d7-33b6-4676-886f-ee75bcc01871/providers/Microsoft.Compute/locations/EastUS2EUAP/operations/fd9f6adc-c34b-4de7-b6e8-d3ad2640a7e0?p=ce1708c5-dbca-4b22-b426-e8b8908417da&api-version=2022-03-01",
      "EncodedRequestUri": "L3N1YnNjcmlwdGlvbnMvZTM3NTEwZDctMzNiNi00Njc2LTg4NmYtZWU3NWJjYzAxODcxL3Byb3ZpZGVycy9NaWNyb3NvZnQuQ29tcHV0ZS9sb2NhdGlvbnMvRWFzdFVTMkVVQVAvb3BlcmF0aW9ucy9mZDlmNmFkYy1jMzRiLTRkZTctYjZlOC1kM2FkMjY0MGE3ZTA/cD1jZTE3MDhjNS1kYmNhLTRiMjItYjQyNi1lOGI4OTA4NDE3ZGEmYXBpLXZlcnNpb249MjAyMi0wMy0wMQ==",
      "RequestMethod": "GET",
      "RequestBody": "",
      "RequestHeaders": {
        "User-Agent": [
          "FxVersion/4.700.21.47003",
          "OSName/Windows",
          "OSVersion/Microsoft.Windows.10.0.17763",
          "Microsoft.Azure.Management.Compute.ComputeManagementClient/53.0.0"
        ]
      },
      "ResponseHeaders": {
        "Cache-Control": [
          "no-cache"
        ],
        "Pragma": [
          "no-cache"
        ],
        "x-ms-ratelimit-remaining-resource": [
          "Microsoft.Compute/GetOperation3Min;14982,Microsoft.Compute/GetOperation30Min;29982"
        ],
        "Strict-Transport-Security": [
          "max-age=31536000; includeSubDomains"
        ],
        "x-ms-request-id": [
          "71718d9a-a6aa-4ef9-99e6-cf0abe195039"
        ],
        "Server": [
          "Microsoft-HTTPAPI/2.0",
          "Microsoft-HTTPAPI/2.0"
        ],
        "x-ms-ratelimit-remaining-subscription-reads": [
          "11997"
        ],
        "x-ms-correlation-request-id": [
          "67c38637-0941-4f0c-a130-7a863673fa34"
        ],
        "x-ms-routing-request-id": [
          "EASTUS2:20220405T214513Z:67c38637-0941-4f0c-a130-7a863673fa34"
        ],
        "X-Content-Type-Options": [
          "nosniff"
        ],
        "Date": [
          "Tue, 05 Apr 2022 21:45:12 GMT"
        ],
        "Content-Length": [
          "134"
        ],
        "Content-Type": [
          "application/json; charset=utf-8"
        ],
        "Expires": [
          "-1"
        ]
      },
      "ResponseBody": "{\r\n  \"startTime\": \"2022-04-05T21:44:11.9139116+00:00\",\r\n  \"status\": \"InProgress\",\r\n  \"name\": \"fd9f6adc-c34b-4de7-b6e8-d3ad2640a7e0\"\r\n}",
      "StatusCode": 200
    },
    {
      "RequestUri": "/subscriptions/e37510d7-33b6-4676-886f-ee75bcc01871/providers/Microsoft.Compute/locations/EastUS2EUAP/operations/fd9f6adc-c34b-4de7-b6e8-d3ad2640a7e0?p=ce1708c5-dbca-4b22-b426-e8b8908417da&api-version=2022-03-01",
      "EncodedRequestUri": "L3N1YnNjcmlwdGlvbnMvZTM3NTEwZDctMzNiNi00Njc2LTg4NmYtZWU3NWJjYzAxODcxL3Byb3ZpZGVycy9NaWNyb3NvZnQuQ29tcHV0ZS9sb2NhdGlvbnMvRWFzdFVTMkVVQVAvb3BlcmF0aW9ucy9mZDlmNmFkYy1jMzRiLTRkZTctYjZlOC1kM2FkMjY0MGE3ZTA/cD1jZTE3MDhjNS1kYmNhLTRiMjItYjQyNi1lOGI4OTA4NDE3ZGEmYXBpLXZlcnNpb249MjAyMi0wMy0wMQ==",
      "RequestMethod": "GET",
      "RequestBody": "",
      "RequestHeaders": {
        "User-Agent": [
          "FxVersion/4.700.21.47003",
          "OSName/Windows",
          "OSVersion/Microsoft.Windows.10.0.17763",
          "Microsoft.Azure.Management.Compute.ComputeManagementClient/53.0.0"
        ]
      },
      "ResponseHeaders": {
        "Cache-Control": [
          "no-cache"
        ],
        "Pragma": [
          "no-cache"
        ],
        "x-ms-ratelimit-remaining-resource": [
          "Microsoft.Compute/GetOperation3Min;14973,Microsoft.Compute/GetOperation30Min;29973"
        ],
        "Strict-Transport-Security": [
          "max-age=31536000; includeSubDomains"
        ],
        "x-ms-request-id": [
          "b37a1b68-cc11-4f32-8dba-6c1fe2576a65"
        ],
        "Server": [
          "Microsoft-HTTPAPI/2.0",
          "Microsoft-HTTPAPI/2.0"
        ],
        "x-ms-ratelimit-remaining-subscription-reads": [
          "11996"
        ],
        "x-ms-correlation-request-id": [
          "3fb83879-93eb-45dc-b310-fe2980cb5018"
        ],
        "x-ms-routing-request-id": [
          "EASTUS2:20220405T214543Z:3fb83879-93eb-45dc-b310-fe2980cb5018"
        ],
        "X-Content-Type-Options": [
          "nosniff"
        ],
        "Date": [
          "Tue, 05 Apr 2022 21:45:42 GMT"
        ],
        "Content-Length": [
          "134"
        ],
        "Content-Type": [
          "application/json; charset=utf-8"
        ],
        "Expires": [
          "-1"
        ]
      },
      "ResponseBody": "{\r\n  \"startTime\": \"2022-04-05T21:44:11.9139116+00:00\",\r\n  \"status\": \"InProgress\",\r\n  \"name\": \"fd9f6adc-c34b-4de7-b6e8-d3ad2640a7e0\"\r\n}",
      "StatusCode": 200
    },
    {
      "RequestUri": "/subscriptions/e37510d7-33b6-4676-886f-ee75bcc01871/providers/Microsoft.Compute/locations/EastUS2EUAP/operations/fd9f6adc-c34b-4de7-b6e8-d3ad2640a7e0?p=ce1708c5-dbca-4b22-b426-e8b8908417da&api-version=2022-03-01",
      "EncodedRequestUri": "L3N1YnNjcmlwdGlvbnMvZTM3NTEwZDctMzNiNi00Njc2LTg4NmYtZWU3NWJjYzAxODcxL3Byb3ZpZGVycy9NaWNyb3NvZnQuQ29tcHV0ZS9sb2NhdGlvbnMvRWFzdFVTMkVVQVAvb3BlcmF0aW9ucy9mZDlmNmFkYy1jMzRiLTRkZTctYjZlOC1kM2FkMjY0MGE3ZTA/cD1jZTE3MDhjNS1kYmNhLTRiMjItYjQyNi1lOGI4OTA4NDE3ZGEmYXBpLXZlcnNpb249MjAyMi0wMy0wMQ==",
      "RequestMethod": "GET",
      "RequestBody": "",
      "RequestHeaders": {
        "User-Agent": [
          "FxVersion/4.700.21.47003",
          "OSName/Windows",
          "OSVersion/Microsoft.Windows.10.0.17763",
          "Microsoft.Azure.Management.Compute.ComputeManagementClient/53.0.0"
        ]
      },
      "ResponseHeaders": {
        "Cache-Control": [
          "no-cache"
        ],
        "Pragma": [
          "no-cache"
        ],
        "x-ms-ratelimit-remaining-resource": [
          "Microsoft.Compute/GetOperation3Min;14965,Microsoft.Compute/GetOperation30Min;29965"
        ],
        "Strict-Transport-Security": [
          "max-age=31536000; includeSubDomains"
        ],
        "x-ms-request-id": [
          "ce3c0529-9eb6-495f-b289-b98b7ef64229"
        ],
        "Server": [
          "Microsoft-HTTPAPI/2.0",
          "Microsoft-HTTPAPI/2.0"
        ],
        "x-ms-ratelimit-remaining-subscription-reads": [
          "11995"
        ],
        "x-ms-correlation-request-id": [
          "73fd2bb8-4e5b-4a81-ad43-edf2691733a7"
        ],
        "x-ms-routing-request-id": [
          "EASTUS2:20220405T214613Z:73fd2bb8-4e5b-4a81-ad43-edf2691733a7"
        ],
        "X-Content-Type-Options": [
          "nosniff"
        ],
        "Date": [
          "Tue, 05 Apr 2022 21:46:12 GMT"
        ],
        "Content-Length": [
          "134"
        ],
        "Content-Type": [
          "application/json; charset=utf-8"
        ],
        "Expires": [
          "-1"
        ]
      },
      "ResponseBody": "{\r\n  \"startTime\": \"2022-04-05T21:44:11.9139116+00:00\",\r\n  \"status\": \"InProgress\",\r\n  \"name\": \"fd9f6adc-c34b-4de7-b6e8-d3ad2640a7e0\"\r\n}",
      "StatusCode": 200
    },
    {
      "RequestUri": "/subscriptions/e37510d7-33b6-4676-886f-ee75bcc01871/providers/Microsoft.Compute/locations/EastUS2EUAP/operations/fd9f6adc-c34b-4de7-b6e8-d3ad2640a7e0?p=ce1708c5-dbca-4b22-b426-e8b8908417da&api-version=2022-03-01",
      "EncodedRequestUri": "L3N1YnNjcmlwdGlvbnMvZTM3NTEwZDctMzNiNi00Njc2LTg4NmYtZWU3NWJjYzAxODcxL3Byb3ZpZGVycy9NaWNyb3NvZnQuQ29tcHV0ZS9sb2NhdGlvbnMvRWFzdFVTMkVVQVAvb3BlcmF0aW9ucy9mZDlmNmFkYy1jMzRiLTRkZTctYjZlOC1kM2FkMjY0MGE3ZTA/cD1jZTE3MDhjNS1kYmNhLTRiMjItYjQyNi1lOGI4OTA4NDE3ZGEmYXBpLXZlcnNpb249MjAyMi0wMy0wMQ==",
      "RequestMethod": "GET",
      "RequestBody": "",
      "RequestHeaders": {
        "User-Agent": [
          "FxVersion/4.700.21.47003",
          "OSName/Windows",
          "OSVersion/Microsoft.Windows.10.0.17763",
          "Microsoft.Azure.Management.Compute.ComputeManagementClient/53.0.0"
        ]
      },
      "ResponseHeaders": {
        "Cache-Control": [
          "no-cache"
        ],
        "Pragma": [
          "no-cache"
        ],
        "x-ms-ratelimit-remaining-resource": [
          "Microsoft.Compute/GetOperation3Min;14950,Microsoft.Compute/GetOperation30Min;29950"
        ],
        "Strict-Transport-Security": [
          "max-age=31536000; includeSubDomains"
        ],
        "x-ms-request-id": [
          "da1b69af-7311-4918-9a22-dd258cecfa5c"
        ],
        "Server": [
          "Microsoft-HTTPAPI/2.0",
          "Microsoft-HTTPAPI/2.0"
        ],
        "x-ms-ratelimit-remaining-subscription-reads": [
          "11994"
        ],
        "x-ms-correlation-request-id": [
          "f11bc0ca-e489-43e0-bede-6fa0bb7373a6"
        ],
        "x-ms-routing-request-id": [
          "EASTUS2:20220405T214643Z:f11bc0ca-e489-43e0-bede-6fa0bb7373a6"
        ],
        "X-Content-Type-Options": [
          "nosniff"
        ],
        "Date": [
          "Tue, 05 Apr 2022 21:46:42 GMT"
        ],
        "Content-Length": [
          "134"
        ],
        "Content-Type": [
          "application/json; charset=utf-8"
        ],
        "Expires": [
          "-1"
        ]
      },
      "ResponseBody": "{\r\n  \"startTime\": \"2022-04-05T21:44:11.9139116+00:00\",\r\n  \"status\": \"InProgress\",\r\n  \"name\": \"fd9f6adc-c34b-4de7-b6e8-d3ad2640a7e0\"\r\n}",
      "StatusCode": 200
    },
    {
      "RequestUri": "/subscriptions/e37510d7-33b6-4676-886f-ee75bcc01871/providers/Microsoft.Compute/locations/EastUS2EUAP/operations/fd9f6adc-c34b-4de7-b6e8-d3ad2640a7e0?p=ce1708c5-dbca-4b22-b426-e8b8908417da&api-version=2022-03-01",
      "EncodedRequestUri": "L3N1YnNjcmlwdGlvbnMvZTM3NTEwZDctMzNiNi00Njc2LTg4NmYtZWU3NWJjYzAxODcxL3Byb3ZpZGVycy9NaWNyb3NvZnQuQ29tcHV0ZS9sb2NhdGlvbnMvRWFzdFVTMkVVQVAvb3BlcmF0aW9ucy9mZDlmNmFkYy1jMzRiLTRkZTctYjZlOC1kM2FkMjY0MGE3ZTA/cD1jZTE3MDhjNS1kYmNhLTRiMjItYjQyNi1lOGI4OTA4NDE3ZGEmYXBpLXZlcnNpb249MjAyMi0wMy0wMQ==",
      "RequestMethod": "GET",
      "RequestBody": "",
      "RequestHeaders": {
        "User-Agent": [
          "FxVersion/4.700.21.47003",
          "OSName/Windows",
          "OSVersion/Microsoft.Windows.10.0.17763",
          "Microsoft.Azure.Management.Compute.ComputeManagementClient/53.0.0"
        ]
      },
      "ResponseHeaders": {
        "Cache-Control": [
          "no-cache"
        ],
        "Pragma": [
          "no-cache"
        ],
        "x-ms-ratelimit-remaining-resource": [
          "Microsoft.Compute/GetOperation3Min;14949,Microsoft.Compute/GetOperation30Min;29943"
        ],
        "Strict-Transport-Security": [
          "max-age=31536000; includeSubDomains"
        ],
        "x-ms-request-id": [
          "85f5a537-52b9-4eae-b32f-e894e2f29d35"
        ],
        "Server": [
          "Microsoft-HTTPAPI/2.0",
          "Microsoft-HTTPAPI/2.0"
        ],
        "x-ms-ratelimit-remaining-subscription-reads": [
          "11993"
        ],
        "x-ms-correlation-request-id": [
          "55c2905d-8e65-4010-8ae9-0631e04bf749"
        ],
        "x-ms-routing-request-id": [
          "EASTUS2:20220405T214713Z:55c2905d-8e65-4010-8ae9-0631e04bf749"
        ],
        "X-Content-Type-Options": [
          "nosniff"
        ],
        "Date": [
          "Tue, 05 Apr 2022 21:47:13 GMT"
        ],
        "Content-Length": [
          "134"
        ],
        "Content-Type": [
          "application/json; charset=utf-8"
        ],
        "Expires": [
          "-1"
        ]
      },
      "ResponseBody": "{\r\n  \"startTime\": \"2022-04-05T21:44:11.9139116+00:00\",\r\n  \"status\": \"InProgress\",\r\n  \"name\": \"fd9f6adc-c34b-4de7-b6e8-d3ad2640a7e0\"\r\n}",
      "StatusCode": 200
    },
    {
      "RequestUri": "/subscriptions/e37510d7-33b6-4676-886f-ee75bcc01871/providers/Microsoft.Compute/locations/EastUS2EUAP/operations/fd9f6adc-c34b-4de7-b6e8-d3ad2640a7e0?p=ce1708c5-dbca-4b22-b426-e8b8908417da&api-version=2022-03-01",
      "EncodedRequestUri": "L3N1YnNjcmlwdGlvbnMvZTM3NTEwZDctMzNiNi00Njc2LTg4NmYtZWU3NWJjYzAxODcxL3Byb3ZpZGVycy9NaWNyb3NvZnQuQ29tcHV0ZS9sb2NhdGlvbnMvRWFzdFVTMkVVQVAvb3BlcmF0aW9ucy9mZDlmNmFkYy1jMzRiLTRkZTctYjZlOC1kM2FkMjY0MGE3ZTA/cD1jZTE3MDhjNS1kYmNhLTRiMjItYjQyNi1lOGI4OTA4NDE3ZGEmYXBpLXZlcnNpb249MjAyMi0wMy0wMQ==",
      "RequestMethod": "GET",
      "RequestBody": "",
      "RequestHeaders": {
        "User-Agent": [
          "FxVersion/4.700.21.47003",
          "OSName/Windows",
          "OSVersion/Microsoft.Windows.10.0.17763",
          "Microsoft.Azure.Management.Compute.ComputeManagementClient/53.0.0"
        ]
      },
      "ResponseHeaders": {
        "Cache-Control": [
          "no-cache"
        ],
        "Pragma": [
          "no-cache"
        ],
        "x-ms-ratelimit-remaining-resource": [
          "Microsoft.Compute/GetOperation3Min;14947,Microsoft.Compute/GetOperation30Min;29932"
        ],
        "Strict-Transport-Security": [
          "max-age=31536000; includeSubDomains"
        ],
        "x-ms-request-id": [
          "31725716-73b3-4676-a14c-a3a8131aeeb8"
        ],
        "Server": [
          "Microsoft-HTTPAPI/2.0",
          "Microsoft-HTTPAPI/2.0"
        ],
        "x-ms-ratelimit-remaining-subscription-reads": [
          "11992"
        ],
        "x-ms-correlation-request-id": [
          "52a560e4-a7e6-4d50-b67a-fc63254e6e35"
        ],
        "x-ms-routing-request-id": [
          "EASTUS2:20220405T214743Z:52a560e4-a7e6-4d50-b67a-fc63254e6e35"
        ],
        "X-Content-Type-Options": [
          "nosniff"
        ],
        "Date": [
          "Tue, 05 Apr 2022 21:47:42 GMT"
        ],
        "Content-Length": [
          "134"
        ],
        "Content-Type": [
          "application/json; charset=utf-8"
        ],
        "Expires": [
          "-1"
        ]
      },
      "ResponseBody": "{\r\n  \"startTime\": \"2022-04-05T21:44:11.9139116+00:00\",\r\n  \"status\": \"InProgress\",\r\n  \"name\": \"fd9f6adc-c34b-4de7-b6e8-d3ad2640a7e0\"\r\n}",
      "StatusCode": 200
    },
    {
      "RequestUri": "/subscriptions/e37510d7-33b6-4676-886f-ee75bcc01871/providers/Microsoft.Compute/locations/EastUS2EUAP/operations/fd9f6adc-c34b-4de7-b6e8-d3ad2640a7e0?p=ce1708c5-dbca-4b22-b426-e8b8908417da&api-version=2022-03-01",
      "EncodedRequestUri": "L3N1YnNjcmlwdGlvbnMvZTM3NTEwZDctMzNiNi00Njc2LTg4NmYtZWU3NWJjYzAxODcxL3Byb3ZpZGVycy9NaWNyb3NvZnQuQ29tcHV0ZS9sb2NhdGlvbnMvRWFzdFVTMkVVQVAvb3BlcmF0aW9ucy9mZDlmNmFkYy1jMzRiLTRkZTctYjZlOC1kM2FkMjY0MGE3ZTA/cD1jZTE3MDhjNS1kYmNhLTRiMjItYjQyNi1lOGI4OTA4NDE3ZGEmYXBpLXZlcnNpb249MjAyMi0wMy0wMQ==",
      "RequestMethod": "GET",
      "RequestBody": "",
      "RequestHeaders": {
        "User-Agent": [
          "FxVersion/4.700.21.47003",
          "OSName/Windows",
          "OSVersion/Microsoft.Windows.10.0.17763",
          "Microsoft.Azure.Management.Compute.ComputeManagementClient/53.0.0"
        ]
      },
      "ResponseHeaders": {
        "Cache-Control": [
          "no-cache"
        ],
        "Pragma": [
          "no-cache"
        ],
        "x-ms-ratelimit-remaining-resource": [
          "Microsoft.Compute/GetOperation3Min;14948,Microsoft.Compute/GetOperation30Min;29926"
        ],
        "Strict-Transport-Security": [
          "max-age=31536000; includeSubDomains"
        ],
        "x-ms-request-id": [
          "26b1eae8-eff2-41d8-b392-ba638623c9f2"
        ],
        "Server": [
          "Microsoft-HTTPAPI/2.0",
          "Microsoft-HTTPAPI/2.0"
        ],
        "x-ms-ratelimit-remaining-subscription-reads": [
          "11991"
        ],
        "x-ms-correlation-request-id": [
          "de8c5f8c-5c24-4448-a423-2d216a26a612"
        ],
        "x-ms-routing-request-id": [
          "EASTUS2:20220405T214813Z:de8c5f8c-5c24-4448-a423-2d216a26a612"
        ],
        "X-Content-Type-Options": [
          "nosniff"
        ],
        "Date": [
          "Tue, 05 Apr 2022 21:48:13 GMT"
        ],
        "Content-Length": [
          "134"
        ],
        "Content-Type": [
          "application/json; charset=utf-8"
        ],
        "Expires": [
          "-1"
        ]
      },
      "ResponseBody": "{\r\n  \"startTime\": \"2022-04-05T21:44:11.9139116+00:00\",\r\n  \"status\": \"InProgress\",\r\n  \"name\": \"fd9f6adc-c34b-4de7-b6e8-d3ad2640a7e0\"\r\n}",
      "StatusCode": 200
    },
    {
      "RequestUri": "/subscriptions/e37510d7-33b6-4676-886f-ee75bcc01871/providers/Microsoft.Compute/locations/EastUS2EUAP/operations/fd9f6adc-c34b-4de7-b6e8-d3ad2640a7e0?p=ce1708c5-dbca-4b22-b426-e8b8908417da&api-version=2022-03-01",
      "EncodedRequestUri": "L3N1YnNjcmlwdGlvbnMvZTM3NTEwZDctMzNiNi00Njc2LTg4NmYtZWU3NWJjYzAxODcxL3Byb3ZpZGVycy9NaWNyb3NvZnQuQ29tcHV0ZS9sb2NhdGlvbnMvRWFzdFVTMkVVQVAvb3BlcmF0aW9ucy9mZDlmNmFkYy1jMzRiLTRkZTctYjZlOC1kM2FkMjY0MGE3ZTA/cD1jZTE3MDhjNS1kYmNhLTRiMjItYjQyNi1lOGI4OTA4NDE3ZGEmYXBpLXZlcnNpb249MjAyMi0wMy0wMQ==",
      "RequestMethod": "GET",
      "RequestBody": "",
      "RequestHeaders": {
        "User-Agent": [
          "FxVersion/4.700.21.47003",
          "OSName/Windows",
          "OSVersion/Microsoft.Windows.10.0.17763",
          "Microsoft.Azure.Management.Compute.ComputeManagementClient/53.0.0"
        ]
      },
      "ResponseHeaders": {
        "Cache-Control": [
          "no-cache"
        ],
        "Pragma": [
          "no-cache"
        ],
        "x-ms-ratelimit-remaining-resource": [
          "Microsoft.Compute/GetOperation3Min;14942,Microsoft.Compute/GetOperation30Min;29909"
        ],
        "Strict-Transport-Security": [
          "max-age=31536000; includeSubDomains"
        ],
        "x-ms-request-id": [
          "a2e5bff8-5c09-4aa9-8824-982dd2db7a1e"
        ],
        "Server": [
          "Microsoft-HTTPAPI/2.0",
          "Microsoft-HTTPAPI/2.0"
        ],
        "x-ms-ratelimit-remaining-subscription-reads": [
          "11990"
        ],
        "x-ms-correlation-request-id": [
          "9a1620cf-52db-446a-9073-d6f59bcd25aa"
        ],
        "x-ms-routing-request-id": [
          "EASTUS2:20220405T214843Z:9a1620cf-52db-446a-9073-d6f59bcd25aa"
        ],
        "X-Content-Type-Options": [
          "nosniff"
        ],
        "Date": [
          "Tue, 05 Apr 2022 21:48:42 GMT"
        ],
        "Content-Length": [
          "134"
        ],
        "Content-Type": [
          "application/json; charset=utf-8"
        ],
        "Expires": [
          "-1"
        ]
      },
      "ResponseBody": "{\r\n  \"startTime\": \"2022-04-05T21:44:11.9139116+00:00\",\r\n  \"status\": \"InProgress\",\r\n  \"name\": \"fd9f6adc-c34b-4de7-b6e8-d3ad2640a7e0\"\r\n}",
      "StatusCode": 200
    },
    {
      "RequestUri": "/subscriptions/e37510d7-33b6-4676-886f-ee75bcc01871/providers/Microsoft.Compute/locations/EastUS2EUAP/operations/fd9f6adc-c34b-4de7-b6e8-d3ad2640a7e0?p=ce1708c5-dbca-4b22-b426-e8b8908417da&api-version=2022-03-01",
      "EncodedRequestUri": "L3N1YnNjcmlwdGlvbnMvZTM3NTEwZDctMzNiNi00Njc2LTg4NmYtZWU3NWJjYzAxODcxL3Byb3ZpZGVycy9NaWNyb3NvZnQuQ29tcHV0ZS9sb2NhdGlvbnMvRWFzdFVTMkVVQVAvb3BlcmF0aW9ucy9mZDlmNmFkYy1jMzRiLTRkZTctYjZlOC1kM2FkMjY0MGE3ZTA/cD1jZTE3MDhjNS1kYmNhLTRiMjItYjQyNi1lOGI4OTA4NDE3ZGEmYXBpLXZlcnNpb249MjAyMi0wMy0wMQ==",
      "RequestMethod": "GET",
      "RequestBody": "",
      "RequestHeaders": {
        "User-Agent": [
          "FxVersion/4.700.21.47003",
          "OSName/Windows",
          "OSVersion/Microsoft.Windows.10.0.17763",
          "Microsoft.Azure.Management.Compute.ComputeManagementClient/53.0.0"
        ]
      },
      "ResponseHeaders": {
        "Cache-Control": [
          "no-cache"
        ],
        "Pragma": [
          "no-cache"
        ],
        "x-ms-ratelimit-remaining-resource": [
          "Microsoft.Compute/GetOperation3Min;14949,Microsoft.Compute/GetOperation30Min;29904"
        ],
        "Strict-Transport-Security": [
          "max-age=31536000; includeSubDomains"
        ],
        "x-ms-request-id": [
          "57019699-1403-4d58-93fe-29bda5761f1e"
        ],
        "Server": [
          "Microsoft-HTTPAPI/2.0",
          "Microsoft-HTTPAPI/2.0"
        ],
        "x-ms-ratelimit-remaining-subscription-reads": [
          "11989"
        ],
        "x-ms-correlation-request-id": [
          "ee62f899-97ac-4cdb-bac8-89fa91899ae2"
        ],
        "x-ms-routing-request-id": [
          "EASTUS2:20220405T214913Z:ee62f899-97ac-4cdb-bac8-89fa91899ae2"
        ],
        "X-Content-Type-Options": [
          "nosniff"
        ],
        "Date": [
          "Tue, 05 Apr 2022 21:49:12 GMT"
        ],
        "Content-Length": [
          "134"
        ],
        "Content-Type": [
          "application/json; charset=utf-8"
        ],
        "Expires": [
          "-1"
        ]
      },
      "ResponseBody": "{\r\n  \"startTime\": \"2022-04-05T21:44:11.9139116+00:00\",\r\n  \"status\": \"InProgress\",\r\n  \"name\": \"fd9f6adc-c34b-4de7-b6e8-d3ad2640a7e0\"\r\n}",
      "StatusCode": 200
    },
    {
      "RequestUri": "/subscriptions/e37510d7-33b6-4676-886f-ee75bcc01871/providers/Microsoft.Compute/locations/EastUS2EUAP/operations/fd9f6adc-c34b-4de7-b6e8-d3ad2640a7e0?p=ce1708c5-dbca-4b22-b426-e8b8908417da&api-version=2022-03-01",
      "EncodedRequestUri": "L3N1YnNjcmlwdGlvbnMvZTM3NTEwZDctMzNiNi00Njc2LTg4NmYtZWU3NWJjYzAxODcxL3Byb3ZpZGVycy9NaWNyb3NvZnQuQ29tcHV0ZS9sb2NhdGlvbnMvRWFzdFVTMkVVQVAvb3BlcmF0aW9ucy9mZDlmNmFkYy1jMzRiLTRkZTctYjZlOC1kM2FkMjY0MGE3ZTA/cD1jZTE3MDhjNS1kYmNhLTRiMjItYjQyNi1lOGI4OTA4NDE3ZGEmYXBpLXZlcnNpb249MjAyMi0wMy0wMQ==",
      "RequestMethod": "GET",
      "RequestBody": "",
      "RequestHeaders": {
        "User-Agent": [
          "FxVersion/4.700.21.47003",
          "OSName/Windows",
          "OSVersion/Microsoft.Windows.10.0.17763",
          "Microsoft.Azure.Management.Compute.ComputeManagementClient/53.0.0"
        ]
      },
      "ResponseHeaders": {
        "Cache-Control": [
          "no-cache"
        ],
        "Pragma": [
          "no-cache"
        ],
        "x-ms-ratelimit-remaining-resource": [
          "Microsoft.Compute/GetOperation3Min;14949,Microsoft.Compute/GetOperation30Min;29893"
        ],
        "Strict-Transport-Security": [
          "max-age=31536000; includeSubDomains"
        ],
        "x-ms-request-id": [
          "bb071d56-b72b-44b2-90a2-04d1f2266285"
        ],
        "Server": [
          "Microsoft-HTTPAPI/2.0",
          "Microsoft-HTTPAPI/2.0"
        ],
        "x-ms-ratelimit-remaining-subscription-reads": [
          "11988"
        ],
        "x-ms-correlation-request-id": [
          "2e5d2558-4954-4c06-aad6-ad6b4139471d"
        ],
        "x-ms-routing-request-id": [
          "EASTUS2:20220405T214943Z:2e5d2558-4954-4c06-aad6-ad6b4139471d"
        ],
        "X-Content-Type-Options": [
          "nosniff"
        ],
        "Date": [
          "Tue, 05 Apr 2022 21:49:42 GMT"
        ],
        "Content-Length": [
          "134"
        ],
        "Content-Type": [
          "application/json; charset=utf-8"
        ],
        "Expires": [
          "-1"
        ]
      },
      "ResponseBody": "{\r\n  \"startTime\": \"2022-04-05T21:44:11.9139116+00:00\",\r\n  \"status\": \"InProgress\",\r\n  \"name\": \"fd9f6adc-c34b-4de7-b6e8-d3ad2640a7e0\"\r\n}",
      "StatusCode": 200
    },
    {
      "RequestUri": "/subscriptions/e37510d7-33b6-4676-886f-ee75bcc01871/providers/Microsoft.Compute/locations/EastUS2EUAP/operations/fd9f6adc-c34b-4de7-b6e8-d3ad2640a7e0?p=ce1708c5-dbca-4b22-b426-e8b8908417da&api-version=2022-03-01",
      "EncodedRequestUri": "L3N1YnNjcmlwdGlvbnMvZTM3NTEwZDctMzNiNi00Njc2LTg4NmYtZWU3NWJjYzAxODcxL3Byb3ZpZGVycy9NaWNyb3NvZnQuQ29tcHV0ZS9sb2NhdGlvbnMvRWFzdFVTMkVVQVAvb3BlcmF0aW9ucy9mZDlmNmFkYy1jMzRiLTRkZTctYjZlOC1kM2FkMjY0MGE3ZTA/cD1jZTE3MDhjNS1kYmNhLTRiMjItYjQyNi1lOGI4OTA4NDE3ZGEmYXBpLXZlcnNpb249MjAyMi0wMy0wMQ==",
      "RequestMethod": "GET",
      "RequestBody": "",
      "RequestHeaders": {
        "User-Agent": [
          "FxVersion/4.700.21.47003",
          "OSName/Windows",
          "OSVersion/Microsoft.Windows.10.0.17763",
          "Microsoft.Azure.Management.Compute.ComputeManagementClient/53.0.0"
        ]
      },
      "ResponseHeaders": {
        "Cache-Control": [
          "no-cache"
        ],
        "Pragma": [
          "no-cache"
        ],
        "x-ms-ratelimit-remaining-resource": [
          "Microsoft.Compute/GetOperation3Min;14946,Microsoft.Compute/GetOperation30Min;29885"
        ],
        "Strict-Transport-Security": [
          "max-age=31536000; includeSubDomains"
        ],
        "x-ms-request-id": [
          "a2dfb666-d416-4527-8f36-9d9d535cdba5"
        ],
        "Server": [
          "Microsoft-HTTPAPI/2.0",
          "Microsoft-HTTPAPI/2.0"
        ],
        "x-ms-ratelimit-remaining-subscription-reads": [
          "11987"
        ],
        "x-ms-correlation-request-id": [
          "4dbb3d2f-0624-4175-b03d-9d347dc23b3f"
        ],
        "x-ms-routing-request-id": [
          "EASTUS2:20220405T215013Z:4dbb3d2f-0624-4175-b03d-9d347dc23b3f"
        ],
        "X-Content-Type-Options": [
          "nosniff"
        ],
        "Date": [
          "Tue, 05 Apr 2022 21:50:13 GMT"
        ],
        "Content-Length": [
          "134"
        ],
        "Content-Type": [
          "application/json; charset=utf-8"
        ],
        "Expires": [
          "-1"
        ]
      },
      "ResponseBody": "{\r\n  \"startTime\": \"2022-04-05T21:44:11.9139116+00:00\",\r\n  \"status\": \"InProgress\",\r\n  \"name\": \"fd9f6adc-c34b-4de7-b6e8-d3ad2640a7e0\"\r\n}",
      "StatusCode": 200
    },
    {
      "RequestUri": "/subscriptions/e37510d7-33b6-4676-886f-ee75bcc01871/providers/Microsoft.Compute/locations/EastUS2EUAP/operations/fd9f6adc-c34b-4de7-b6e8-d3ad2640a7e0?p=ce1708c5-dbca-4b22-b426-e8b8908417da&api-version=2022-03-01",
      "EncodedRequestUri": "L3N1YnNjcmlwdGlvbnMvZTM3NTEwZDctMzNiNi00Njc2LTg4NmYtZWU3NWJjYzAxODcxL3Byb3ZpZGVycy9NaWNyb3NvZnQuQ29tcHV0ZS9sb2NhdGlvbnMvRWFzdFVTMkVVQVAvb3BlcmF0aW9ucy9mZDlmNmFkYy1jMzRiLTRkZTctYjZlOC1kM2FkMjY0MGE3ZTA/cD1jZTE3MDhjNS1kYmNhLTRiMjItYjQyNi1lOGI4OTA4NDE3ZGEmYXBpLXZlcnNpb249MjAyMi0wMy0wMQ==",
      "RequestMethod": "GET",
      "RequestBody": "",
      "RequestHeaders": {
        "User-Agent": [
          "FxVersion/4.700.21.47003",
          "OSName/Windows",
          "OSVersion/Microsoft.Windows.10.0.17763",
          "Microsoft.Azure.Management.Compute.ComputeManagementClient/53.0.0"
        ]
      },
      "ResponseHeaders": {
        "Cache-Control": [
          "no-cache"
        ],
        "Pragma": [
          "no-cache"
        ],
        "x-ms-ratelimit-remaining-resource": [
          "Microsoft.Compute/GetOperation3Min;14942,Microsoft.Compute/GetOperation30Min;29870"
        ],
        "Strict-Transport-Security": [
          "max-age=31536000; includeSubDomains"
        ],
        "x-ms-request-id": [
          "a2b48fdc-ef7a-4d95-b0a2-4ac04571add1"
        ],
        "Server": [
          "Microsoft-HTTPAPI/2.0",
          "Microsoft-HTTPAPI/2.0"
        ],
        "x-ms-ratelimit-remaining-subscription-reads": [
          "11986"
        ],
        "x-ms-correlation-request-id": [
          "c1cc4a7d-9fc9-497f-989c-a83b8430ae70"
        ],
        "x-ms-routing-request-id": [
          "EASTUS2:20220405T215043Z:c1cc4a7d-9fc9-497f-989c-a83b8430ae70"
        ],
        "X-Content-Type-Options": [
          "nosniff"
        ],
        "Date": [
          "Tue, 05 Apr 2022 21:50:42 GMT"
        ],
        "Content-Length": [
          "134"
        ],
        "Content-Type": [
          "application/json; charset=utf-8"
        ],
        "Expires": [
          "-1"
        ]
      },
      "ResponseBody": "{\r\n  \"startTime\": \"2022-04-05T21:44:11.9139116+00:00\",\r\n  \"status\": \"InProgress\",\r\n  \"name\": \"fd9f6adc-c34b-4de7-b6e8-d3ad2640a7e0\"\r\n}",
      "StatusCode": 200
    },
    {
      "RequestUri": "/subscriptions/e37510d7-33b6-4676-886f-ee75bcc01871/providers/Microsoft.Compute/locations/EastUS2EUAP/operations/fd9f6adc-c34b-4de7-b6e8-d3ad2640a7e0?p=ce1708c5-dbca-4b22-b426-e8b8908417da&api-version=2022-03-01",
      "EncodedRequestUri": "L3N1YnNjcmlwdGlvbnMvZTM3NTEwZDctMzNiNi00Njc2LTg4NmYtZWU3NWJjYzAxODcxL3Byb3ZpZGVycy9NaWNyb3NvZnQuQ29tcHV0ZS9sb2NhdGlvbnMvRWFzdFVTMkVVQVAvb3BlcmF0aW9ucy9mZDlmNmFkYy1jMzRiLTRkZTctYjZlOC1kM2FkMjY0MGE3ZTA/cD1jZTE3MDhjNS1kYmNhLTRiMjItYjQyNi1lOGI4OTA4NDE3ZGEmYXBpLXZlcnNpb249MjAyMi0wMy0wMQ==",
      "RequestMethod": "GET",
      "RequestBody": "",
      "RequestHeaders": {
        "User-Agent": [
          "FxVersion/4.700.21.47003",
          "OSName/Windows",
          "OSVersion/Microsoft.Windows.10.0.17763",
          "Microsoft.Azure.Management.Compute.ComputeManagementClient/53.0.0"
        ]
      },
      "ResponseHeaders": {
        "Cache-Control": [
          "no-cache"
        ],
        "Pragma": [
          "no-cache"
        ],
        "x-ms-ratelimit-remaining-resource": [
          "Microsoft.Compute/GetOperation3Min;14949,Microsoft.Compute/GetOperation30Min;29863"
        ],
        "Strict-Transport-Security": [
          "max-age=31536000; includeSubDomains"
        ],
        "x-ms-request-id": [
          "e5fd2747-c6b2-4bd9-a7c6-22ac9aa11d78"
        ],
        "Server": [
          "Microsoft-HTTPAPI/2.0",
          "Microsoft-HTTPAPI/2.0"
        ],
        "x-ms-ratelimit-remaining-subscription-reads": [
          "11985"
        ],
        "x-ms-correlation-request-id": [
          "262ec53b-20e0-42a6-8ca3-59215e698098"
        ],
        "x-ms-routing-request-id": [
          "EASTUS2:20220405T215113Z:262ec53b-20e0-42a6-8ca3-59215e698098"
        ],
        "X-Content-Type-Options": [
          "nosniff"
        ],
        "Date": [
          "Tue, 05 Apr 2022 21:51:12 GMT"
        ],
        "Content-Length": [
          "134"
        ],
        "Content-Type": [
          "application/json; charset=utf-8"
        ],
        "Expires": [
          "-1"
        ]
      },
      "ResponseBody": "{\r\n  \"startTime\": \"2022-04-05T21:44:11.9139116+00:00\",\r\n  \"status\": \"InProgress\",\r\n  \"name\": \"fd9f6adc-c34b-4de7-b6e8-d3ad2640a7e0\"\r\n}",
      "StatusCode": 200
    },
    {
      "RequestUri": "/subscriptions/e37510d7-33b6-4676-886f-ee75bcc01871/providers/Microsoft.Compute/locations/EastUS2EUAP/operations/fd9f6adc-c34b-4de7-b6e8-d3ad2640a7e0?p=ce1708c5-dbca-4b22-b426-e8b8908417da&api-version=2022-03-01",
      "EncodedRequestUri": "L3N1YnNjcmlwdGlvbnMvZTM3NTEwZDctMzNiNi00Njc2LTg4NmYtZWU3NWJjYzAxODcxL3Byb3ZpZGVycy9NaWNyb3NvZnQuQ29tcHV0ZS9sb2NhdGlvbnMvRWFzdFVTMkVVQVAvb3BlcmF0aW9ucy9mZDlmNmFkYy1jMzRiLTRkZTctYjZlOC1kM2FkMjY0MGE3ZTA/cD1jZTE3MDhjNS1kYmNhLTRiMjItYjQyNi1lOGI4OTA4NDE3ZGEmYXBpLXZlcnNpb249MjAyMi0wMy0wMQ==",
      "RequestMethod": "GET",
      "RequestBody": "",
      "RequestHeaders": {
        "User-Agent": [
          "FxVersion/4.700.21.47003",
          "OSName/Windows",
          "OSVersion/Microsoft.Windows.10.0.17763",
          "Microsoft.Azure.Management.Compute.ComputeManagementClient/53.0.0"
        ]
      },
      "ResponseHeaders": {
        "Cache-Control": [
          "no-cache"
        ],
        "Pragma": [
          "no-cache"
        ],
        "x-ms-ratelimit-remaining-resource": [
          "Microsoft.Compute/GetOperation3Min;14947,Microsoft.Compute/GetOperation30Min;29854"
        ],
        "Strict-Transport-Security": [
          "max-age=31536000; includeSubDomains"
        ],
        "x-ms-request-id": [
          "cfc793d9-abc1-4e33-afb5-061b3fdec04b"
        ],
        "Server": [
          "Microsoft-HTTPAPI/2.0",
          "Microsoft-HTTPAPI/2.0"
        ],
        "x-ms-ratelimit-remaining-subscription-reads": [
          "11984"
        ],
        "x-ms-correlation-request-id": [
          "055b5899-d9ad-4fb1-9e77-7c65116d738a"
        ],
        "x-ms-routing-request-id": [
          "EASTUS2:20220405T215143Z:055b5899-d9ad-4fb1-9e77-7c65116d738a"
        ],
        "X-Content-Type-Options": [
          "nosniff"
        ],
        "Date": [
          "Tue, 05 Apr 2022 21:51:43 GMT"
        ],
        "Content-Length": [
          "134"
        ],
        "Content-Type": [
          "application/json; charset=utf-8"
        ],
        "Expires": [
          "-1"
        ]
      },
      "ResponseBody": "{\r\n  \"startTime\": \"2022-04-05T21:44:11.9139116+00:00\",\r\n  \"status\": \"InProgress\",\r\n  \"name\": \"fd9f6adc-c34b-4de7-b6e8-d3ad2640a7e0\"\r\n}",
      "StatusCode": 200
    },
    {
      "RequestUri": "/subscriptions/e37510d7-33b6-4676-886f-ee75bcc01871/providers/Microsoft.Compute/locations/EastUS2EUAP/operations/fd9f6adc-c34b-4de7-b6e8-d3ad2640a7e0?p=ce1708c5-dbca-4b22-b426-e8b8908417da&api-version=2022-03-01",
      "EncodedRequestUri": "L3N1YnNjcmlwdGlvbnMvZTM3NTEwZDctMzNiNi00Njc2LTg4NmYtZWU3NWJjYzAxODcxL3Byb3ZpZGVycy9NaWNyb3NvZnQuQ29tcHV0ZS9sb2NhdGlvbnMvRWFzdFVTMkVVQVAvb3BlcmF0aW9ucy9mZDlmNmFkYy1jMzRiLTRkZTctYjZlOC1kM2FkMjY0MGE3ZTA/cD1jZTE3MDhjNS1kYmNhLTRiMjItYjQyNi1lOGI4OTA4NDE3ZGEmYXBpLXZlcnNpb249MjAyMi0wMy0wMQ==",
      "RequestMethod": "GET",
      "RequestBody": "",
      "RequestHeaders": {
        "User-Agent": [
          "FxVersion/4.700.21.47003",
          "OSName/Windows",
          "OSVersion/Microsoft.Windows.10.0.17763",
          "Microsoft.Azure.Management.Compute.ComputeManagementClient/53.0.0"
        ]
      },
      "ResponseHeaders": {
        "Cache-Control": [
          "no-cache"
        ],
        "Pragma": [
          "no-cache"
        ],
        "x-ms-ratelimit-remaining-resource": [
          "Microsoft.Compute/GetOperation3Min;14951,Microsoft.Compute/GetOperation30Min;29849"
        ],
        "Strict-Transport-Security": [
          "max-age=31536000; includeSubDomains"
        ],
        "x-ms-request-id": [
          "d2ecffba-2ae4-4264-8be9-7d64805428f5"
        ],
        "Server": [
          "Microsoft-HTTPAPI/2.0",
          "Microsoft-HTTPAPI/2.0"
        ],
        "x-ms-ratelimit-remaining-subscription-reads": [
          "11983"
        ],
        "x-ms-correlation-request-id": [
          "36e94368-b920-4f69-880c-dd97ec60bac6"
        ],
        "x-ms-routing-request-id": [
          "EASTUS2:20220405T215213Z:36e94368-b920-4f69-880c-dd97ec60bac6"
        ],
        "X-Content-Type-Options": [
          "nosniff"
        ],
        "Date": [
          "Tue, 05 Apr 2022 21:52:12 GMT"
        ],
        "Content-Length": [
          "184"
        ],
        "Content-Type": [
          "application/json; charset=utf-8"
        ],
        "Expires": [
          "-1"
        ]
      },
      "ResponseBody": "{\r\n  \"startTime\": \"2022-04-05T21:44:11.9139116+00:00\",\r\n  \"endTime\": \"2022-04-05T21:52:01.1519539+00:00\",\r\n  \"status\": \"Succeeded\",\r\n  \"name\": \"fd9f6adc-c34b-4de7-b6e8-d3ad2640a7e0\"\r\n}",
      "StatusCode": 200
    },
    {
      "RequestUri": "/subscriptions/e37510d7-33b6-4676-886f-ee75bcc01871/resourceGroups/crptestar81941/providers/Microsoft.Compute/virtualMachineScaleSets/vmss6276?api-version=2022-03-01",
      "EncodedRequestUri": "L3N1YnNjcmlwdGlvbnMvZTM3NTEwZDctMzNiNi00Njc2LTg4NmYtZWU3NWJjYzAxODcxL3Jlc291cmNlR3JvdXBzL2NycHRlc3RhcjgxOTQxL3Byb3ZpZGVycy9NaWNyb3NvZnQuQ29tcHV0ZS92aXJ0dWFsTWFjaGluZVNjYWxlU2V0cy92bXNzNjI3Nj9hcGktdmVyc2lvbj0yMDIyLTAzLTAx",
      "RequestMethod": "GET",
      "RequestBody": "",
      "RequestHeaders": {
        "User-Agent": [
          "FxVersion/4.700.21.47003",
          "OSName/Windows",
          "OSVersion/Microsoft.Windows.10.0.17763",
          "Microsoft.Azure.Management.Compute.ComputeManagementClient/53.0.0"
        ]
      },
      "ResponseHeaders": {
        "Cache-Control": [
          "no-cache"
        ],
        "Pragma": [
          "no-cache"
        ],
        "x-ms-ratelimit-remaining-resource": [
          "Microsoft.Compute/GetVMScaleSet3Min;398,Microsoft.Compute/GetVMScaleSet30Min;2598"
        ],
        "Strict-Transport-Security": [
          "max-age=31536000; includeSubDomains"
        ],
        "x-ms-request-id": [
          "530bf4f7-10ed-4d1c-a636-4e9fc782b61e"
        ],
        "Server": [
          "Microsoft-HTTPAPI/2.0",
          "Microsoft-HTTPAPI/2.0"
        ],
        "x-ms-ratelimit-remaining-subscription-reads": [
          "11982"
        ],
        "x-ms-correlation-request-id": [
          "b3253109-fb7f-4c21-8546-39d88732c779"
        ],
        "x-ms-routing-request-id": [
          "EASTUS2:20220405T215213Z:b3253109-fb7f-4c21-8546-39d88732c779"
        ],
        "X-Content-Type-Options": [
          "nosniff"
        ],
        "Date": [
          "Tue, 05 Apr 2022 21:52:12 GMT"
        ],
        "Content-Length": [
          "3686"
        ],
        "Content-Type": [
          "application/json; charset=utf-8"
        ],
        "Expires": [
          "-1"
        ]
      },
      "ResponseBody": "{\r\n  \"name\": \"vmss6276\",\r\n  \"id\": \"/subscriptions/e37510d7-33b6-4676-886f-ee75bcc01871/resourceGroups/crptestar81941/providers/Microsoft.Compute/virtualMachineScaleSets/vmss6276\",\r\n  \"type\": \"Microsoft.Compute/virtualMachineScaleSets\",\r\n  \"location\": \"eastus2euap\",\r\n  \"tags\": {\r\n    \"RG\": \"rg\",\r\n    \"testTag\": \"1\",\r\n    \"azsecpack\": \"nonprod\",\r\n    \"platformsettings.host_environment.service.platform_optedin_for_rootcerts\": \"true\"\r\n  },\r\n  \"sku\": {\r\n    \"name\": \"Standard_A1_v2\",\r\n    \"tier\": \"Standard\",\r\n    \"capacity\": 2\r\n  },\r\n  \"properties\": {\r\n    \"singlePlacementGroup\": false,\r\n    \"orchestrationMode\": \"Flexible\",\r\n    \"virtualMachineProfile\": {\r\n      \"osProfile\": {\r\n        \"computerNamePrefix\": \"test\",\r\n        \"adminUsername\": \"Foo12\",\r\n        \"windowsConfiguration\": {\r\n          \"provisionVMAgent\": true,\r\n          \"enableAutomaticUpdates\": true,\r\n          \"patchSettings\": {\r\n            \"patchMode\": \"AutomaticByOS\",\r\n            \"assessmentMode\": \"ImageDefault\"\r\n          },\r\n          \"enableVMAgentPlatformUpdates\": false\r\n        },\r\n        \"secrets\": [],\r\n        \"allowExtensionOperations\": true,\r\n        \"requireGuestProvisionSignal\": true\r\n      },\r\n      \"storageProfile\": {\r\n        \"osDisk\": {\r\n          \"osType\": \"Windows\",\r\n          \"createOption\": \"FromImage\",\r\n          \"caching\": \"None\",\r\n          \"managedDisk\": {\r\n            \"storageAccountType\": \"Standard_LRS\"\r\n          },\r\n          \"deleteOption\": \"Delete\",\r\n          \"diskSizeGB\": 127\r\n        },\r\n        \"imageReference\": {\r\n          \"publisher\": \"MicrosoftWindowsServer\",\r\n          \"offer\": \"WindowsServer\",\r\n          \"sku\": \"2012-R2-Datacenter\",\r\n          \"version\": \"4.127.20180315\"\r\n        }\r\n      },\r\n      \"networkProfile\": {\r\n        \"networkApiVersion\": \"2020-11-01\",\r\n        \"networkInterfaceConfigurations\": [\r\n          {\r\n            \"name\": \"vmsstestnetconfig610\",\r\n            \"properties\": {\r\n              \"primary\": true,\r\n              \"enableIPForwarding\": false,\r\n              \"deleteOption\": \"Delete\",\r\n              \"ipConfigurations\": [\r\n                {\r\n                  \"name\": \"vmsstestnetconfig8918\",\r\n                  \"properties\": {\r\n                    \"privateIPAddressVersion\": \"IPv4\",\r\n                    \"subnet\": {\r\n                      \"id\": \"/subscriptions/e37510d7-33b6-4676-886f-ee75bcc01871/resourceGroups/crptestar81941/providers/Microsoft.Network/virtualNetworks/vn6760/subnets/sn26704\"\r\n                    },\r\n                    \"publicIPAddressConfiguration\": {\r\n                      \"name\": \"pip1\",\r\n                      \"properties\": {\r\n                        \"deleteOption\": \"Detach\",\r\n                        \"idleTimeoutInMinutes\": 10,\r\n                        \"ipTags\": [],\r\n                        \"dnsSettings\": {\r\n                          \"domainNameLabel\": \"dnsname3832\"\r\n                        },\r\n                        \"publicIPAddressVersion\": \"IPv4\"\r\n                      }\r\n                    },\r\n                    \"applicationSecurityGroups\": [],\r\n                    \"loadBalancerBackendAddressPools\": [],\r\n                    \"applicationGatewayBackendAddressPools\": []\r\n                  }\r\n                }\r\n              ],\r\n              \"dnsSettings\": {\r\n                \"dnsServers\": []\r\n              }\r\n            }\r\n          }\r\n        ]\r\n      },\r\n      \"extensionProfile\": {\r\n        \"extensions\": [\r\n          {\r\n            \"name\": \"Microsoft.Azure.Security.AntimalwareSignature.AntimalwareConfiguration\",\r\n            \"properties\": {\r\n              \"autoUpgradeMinorVersion\": true,\r\n              \"enableAutomaticUpgrade\": true,\r\n              \"publisher\": \"Microsoft.Azure.Security.AntimalwareSignature\",\r\n              \"type\": \"AntimalwareConfiguration\",\r\n              \"typeHandlerVersion\": \"2.0\",\r\n              \"settings\": {}\r\n            }\r\n          },\r\n          {\r\n            \"name\": \"Microsoft.Azure.Geneva.GenevaMonitoring\",\r\n            \"properties\": {\r\n              \"autoUpgradeMinorVersion\": true,\r\n              \"enableAutomaticUpgrade\": true,\r\n              \"publisher\": \"Microsoft.Azure.Geneva\",\r\n              \"type\": \"GenevaMonitoring\",\r\n              \"typeHandlerVersion\": \"2.0\",\r\n              \"settings\": {}\r\n            }\r\n          }\r\n        ]\r\n      }\r\n    },\r\n    \"provisioningState\": \"Succeeded\",\r\n    \"uniqueId\": \"c85635d8-2dff-4fd1-82b1-12eaa686eab7\",\r\n    \"platformFaultDomainCount\": 1,\r\n    \"timeCreated\": \"2022-04-05T21:44:11.9295643+00:00\"\r\n  }\r\n}",
      "StatusCode": 200
    },
    {
      "RequestUri": "/subscriptions/e37510d7-33b6-4676-886f-ee75bcc01871/resourceGroups/crptestar81941/providers/Microsoft.Compute/virtualMachineScaleSets/vmss6276?api-version=2022-03-01",
      "EncodedRequestUri": "L3N1YnNjcmlwdGlvbnMvZTM3NTEwZDctMzNiNi00Njc2LTg4NmYtZWU3NWJjYzAxODcxL3Jlc291cmNlR3JvdXBzL2NycHRlc3RhcjgxOTQxL3Byb3ZpZGVycy9NaWNyb3NvZnQuQ29tcHV0ZS92aXJ0dWFsTWFjaGluZVNjYWxlU2V0cy92bXNzNjI3Nj9hcGktdmVyc2lvbj0yMDIyLTAzLTAx",
      "RequestMethod": "GET",
      "RequestBody": "",
      "RequestHeaders": {
        "x-ms-client-request-id": [
          "e66d16c2-a3ae-4c43-88c1-e74fc98b4a80"
        ],
        "Accept-Language": [
          "en-US"
        ],
        "User-Agent": [
          "FxVersion/4.700.21.47003",
          "OSName/Windows",
          "OSVersion/Microsoft.Windows.10.0.17763",
          "Microsoft.Azure.Management.Compute.ComputeManagementClient/53.0.0"
        ]
      },
      "ResponseHeaders": {
        "Cache-Control": [
          "no-cache"
        ],
        "Pragma": [
          "no-cache"
        ],
        "x-ms-ratelimit-remaining-resource": [
          "Microsoft.Compute/GetVMScaleSet3Min;397,Microsoft.Compute/GetVMScaleSet30Min;2597"
        ],
        "Strict-Transport-Security": [
          "max-age=31536000; includeSubDomains"
        ],
        "x-ms-request-id": [
          "41fbe523-bb42-4cf6-911d-28200d5a6156"
        ],
        "Server": [
          "Microsoft-HTTPAPI/2.0",
          "Microsoft-HTTPAPI/2.0"
        ],
        "x-ms-ratelimit-remaining-subscription-reads": [
          "11981"
        ],
        "x-ms-correlation-request-id": [
          "ef3f00b9-2f19-4bb1-a7f2-b1ee09683336"
        ],
        "x-ms-routing-request-id": [
          "EASTUS2:20220405T215213Z:ef3f00b9-2f19-4bb1-a7f2-b1ee09683336"
        ],
        "X-Content-Type-Options": [
          "nosniff"
        ],
        "Date": [
          "Tue, 05 Apr 2022 21:52:12 GMT"
        ],
        "Content-Length": [
          "3686"
        ],
        "Content-Type": [
          "application/json; charset=utf-8"
        ],
        "Expires": [
          "-1"
        ]
      },
      "ResponseBody": "{\r\n  \"name\": \"vmss6276\",\r\n  \"id\": \"/subscriptions/e37510d7-33b6-4676-886f-ee75bcc01871/resourceGroups/crptestar81941/providers/Microsoft.Compute/virtualMachineScaleSets/vmss6276\",\r\n  \"type\": \"Microsoft.Compute/virtualMachineScaleSets\",\r\n  \"location\": \"eastus2euap\",\r\n  \"tags\": {\r\n    \"RG\": \"rg\",\r\n    \"testTag\": \"1\",\r\n    \"azsecpack\": \"nonprod\",\r\n    \"platformsettings.host_environment.service.platform_optedin_for_rootcerts\": \"true\"\r\n  },\r\n  \"sku\": {\r\n    \"name\": \"Standard_A1_v2\",\r\n    \"tier\": \"Standard\",\r\n    \"capacity\": 2\r\n  },\r\n  \"properties\": {\r\n    \"singlePlacementGroup\": false,\r\n    \"orchestrationMode\": \"Flexible\",\r\n    \"virtualMachineProfile\": {\r\n      \"osProfile\": {\r\n        \"computerNamePrefix\": \"test\",\r\n        \"adminUsername\": \"Foo12\",\r\n        \"windowsConfiguration\": {\r\n          \"provisionVMAgent\": true,\r\n          \"enableAutomaticUpdates\": true,\r\n          \"patchSettings\": {\r\n            \"patchMode\": \"AutomaticByOS\",\r\n            \"assessmentMode\": \"ImageDefault\"\r\n          },\r\n          \"enableVMAgentPlatformUpdates\": false\r\n        },\r\n        \"secrets\": [],\r\n        \"allowExtensionOperations\": true,\r\n        \"requireGuestProvisionSignal\": true\r\n      },\r\n      \"storageProfile\": {\r\n        \"osDisk\": {\r\n          \"osType\": \"Windows\",\r\n          \"createOption\": \"FromImage\",\r\n          \"caching\": \"None\",\r\n          \"managedDisk\": {\r\n            \"storageAccountType\": \"Standard_LRS\"\r\n          },\r\n          \"deleteOption\": \"Delete\",\r\n          \"diskSizeGB\": 127\r\n        },\r\n        \"imageReference\": {\r\n          \"publisher\": \"MicrosoftWindowsServer\",\r\n          \"offer\": \"WindowsServer\",\r\n          \"sku\": \"2012-R2-Datacenter\",\r\n          \"version\": \"4.127.20180315\"\r\n        }\r\n      },\r\n      \"networkProfile\": {\r\n        \"networkApiVersion\": \"2020-11-01\",\r\n        \"networkInterfaceConfigurations\": [\r\n          {\r\n            \"name\": \"vmsstestnetconfig610\",\r\n            \"properties\": {\r\n              \"primary\": true,\r\n              \"enableIPForwarding\": false,\r\n              \"deleteOption\": \"Delete\",\r\n              \"ipConfigurations\": [\r\n                {\r\n                  \"name\": \"vmsstestnetconfig8918\",\r\n                  \"properties\": {\r\n                    \"privateIPAddressVersion\": \"IPv4\",\r\n                    \"subnet\": {\r\n                      \"id\": \"/subscriptions/e37510d7-33b6-4676-886f-ee75bcc01871/resourceGroups/crptestar81941/providers/Microsoft.Network/virtualNetworks/vn6760/subnets/sn26704\"\r\n                    },\r\n                    \"publicIPAddressConfiguration\": {\r\n                      \"name\": \"pip1\",\r\n                      \"properties\": {\r\n                        \"deleteOption\": \"Detach\",\r\n                        \"idleTimeoutInMinutes\": 10,\r\n                        \"ipTags\": [],\r\n                        \"dnsSettings\": {\r\n                          \"domainNameLabel\": \"dnsname3832\"\r\n                        },\r\n                        \"publicIPAddressVersion\": \"IPv4\"\r\n                      }\r\n                    },\r\n                    \"applicationSecurityGroups\": [],\r\n                    \"loadBalancerBackendAddressPools\": [],\r\n                    \"applicationGatewayBackendAddressPools\": []\r\n                  }\r\n                }\r\n              ],\r\n              \"dnsSettings\": {\r\n                \"dnsServers\": []\r\n              }\r\n            }\r\n          }\r\n        ]\r\n      },\r\n      \"extensionProfile\": {\r\n        \"extensions\": [\r\n          {\r\n            \"name\": \"Microsoft.Azure.Security.AntimalwareSignature.AntimalwareConfiguration\",\r\n            \"properties\": {\r\n              \"autoUpgradeMinorVersion\": true,\r\n              \"enableAutomaticUpgrade\": true,\r\n              \"publisher\": \"Microsoft.Azure.Security.AntimalwareSignature\",\r\n              \"type\": \"AntimalwareConfiguration\",\r\n              \"typeHandlerVersion\": \"2.0\",\r\n              \"settings\": {}\r\n            }\r\n          },\r\n          {\r\n            \"name\": \"Microsoft.Azure.Geneva.GenevaMonitoring\",\r\n            \"properties\": {\r\n              \"autoUpgradeMinorVersion\": true,\r\n              \"enableAutomaticUpgrade\": true,\r\n              \"publisher\": \"Microsoft.Azure.Geneva\",\r\n              \"type\": \"GenevaMonitoring\",\r\n              \"typeHandlerVersion\": \"2.0\",\r\n              \"settings\": {}\r\n            }\r\n          }\r\n        ]\r\n      }\r\n    },\r\n    \"provisioningState\": \"Succeeded\",\r\n    \"uniqueId\": \"c85635d8-2dff-4fd1-82b1-12eaa686eab7\",\r\n    \"platformFaultDomainCount\": 1,\r\n    \"timeCreated\": \"2022-04-05T21:44:11.9295643+00:00\"\r\n  }\r\n}",
      "StatusCode": 200
    },
    {
      "RequestUri": "/subscriptions/e37510d7-33b6-4676-886f-ee75bcc01871/resourceGroups/crptestar81941/providers/Microsoft.Compute/virtualMachineScaleSets/vmss6276?api-version=2022-03-01",
      "EncodedRequestUri": "L3N1YnNjcmlwdGlvbnMvZTM3NTEwZDctMzNiNi00Njc2LTg4NmYtZWU3NWJjYzAxODcxL3Jlc291cmNlR3JvdXBzL2NycHRlc3RhcjgxOTQxL3Byb3ZpZGVycy9NaWNyb3NvZnQuQ29tcHV0ZS92aXJ0dWFsTWFjaGluZVNjYWxlU2V0cy92bXNzNjI3Nj9hcGktdmVyc2lvbj0yMDIyLTAzLTAx",
      "RequestMethod": "GET",
      "RequestBody": "",
      "RequestHeaders": {
        "x-ms-client-request-id": [
          "6b38b29a-5de2-41c4-88b3-f0201e60c83b"
        ],
        "Accept-Language": [
          "en-US"
        ],
        "User-Agent": [
          "FxVersion/4.700.21.47003",
          "OSName/Windows",
          "OSVersion/Microsoft.Windows.10.0.17763",
          "Microsoft.Azure.Management.Compute.ComputeManagementClient/53.0.0"
        ]
      },
      "ResponseHeaders": {
        "Cache-Control": [
          "no-cache"
        ],
        "Pragma": [
          "no-cache"
        ],
        "x-ms-ratelimit-remaining-resource": [
          "Microsoft.Compute/GetVMScaleSet3Min;396,Microsoft.Compute/GetVMScaleSet30Min;2596"
        ],
        "Strict-Transport-Security": [
          "max-age=31536000; includeSubDomains"
        ],
        "x-ms-request-id": [
          "9b5352da-a2f4-4ae1-9a91-0872cdffcc82"
        ],
        "Server": [
          "Microsoft-HTTPAPI/2.0",
          "Microsoft-HTTPAPI/2.0"
        ],
        "x-ms-ratelimit-remaining-subscription-reads": [
          "11980"
        ],
        "x-ms-correlation-request-id": [
          "63048be8-337e-4a62-951b-2317a24c3fda"
        ],
        "x-ms-routing-request-id": [
          "EASTUS2:20220405T215213Z:63048be8-337e-4a62-951b-2317a24c3fda"
        ],
        "X-Content-Type-Options": [
          "nosniff"
        ],
        "Date": [
          "Tue, 05 Apr 2022 21:52:12 GMT"
        ],
        "Content-Length": [
          "3686"
        ],
        "Content-Type": [
          "application/json; charset=utf-8"
        ],
        "Expires": [
          "-1"
        ]
      },
      "ResponseBody": "{\r\n  \"name\": \"vmss6276\",\r\n  \"id\": \"/subscriptions/e37510d7-33b6-4676-886f-ee75bcc01871/resourceGroups/crptestar81941/providers/Microsoft.Compute/virtualMachineScaleSets/vmss6276\",\r\n  \"type\": \"Microsoft.Compute/virtualMachineScaleSets\",\r\n  \"location\": \"eastus2euap\",\r\n  \"tags\": {\r\n    \"RG\": \"rg\",\r\n    \"testTag\": \"1\",\r\n    \"azsecpack\": \"nonprod\",\r\n    \"platformsettings.host_environment.service.platform_optedin_for_rootcerts\": \"true\"\r\n  },\r\n  \"sku\": {\r\n    \"name\": \"Standard_A1_v2\",\r\n    \"tier\": \"Standard\",\r\n    \"capacity\": 2\r\n  },\r\n  \"properties\": {\r\n    \"singlePlacementGroup\": false,\r\n    \"orchestrationMode\": \"Flexible\",\r\n    \"virtualMachineProfile\": {\r\n      \"osProfile\": {\r\n        \"computerNamePrefix\": \"test\",\r\n        \"adminUsername\": \"Foo12\",\r\n        \"windowsConfiguration\": {\r\n          \"provisionVMAgent\": true,\r\n          \"enableAutomaticUpdates\": true,\r\n          \"patchSettings\": {\r\n            \"patchMode\": \"AutomaticByOS\",\r\n            \"assessmentMode\": \"ImageDefault\"\r\n          },\r\n          \"enableVMAgentPlatformUpdates\": false\r\n        },\r\n        \"secrets\": [],\r\n        \"allowExtensionOperations\": true,\r\n        \"requireGuestProvisionSignal\": true\r\n      },\r\n      \"storageProfile\": {\r\n        \"osDisk\": {\r\n          \"osType\": \"Windows\",\r\n          \"createOption\": \"FromImage\",\r\n          \"caching\": \"None\",\r\n          \"managedDisk\": {\r\n            \"storageAccountType\": \"Standard_LRS\"\r\n          },\r\n          \"deleteOption\": \"Delete\",\r\n          \"diskSizeGB\": 127\r\n        },\r\n        \"imageReference\": {\r\n          \"publisher\": \"MicrosoftWindowsServer\",\r\n          \"offer\": \"WindowsServer\",\r\n          \"sku\": \"2012-R2-Datacenter\",\r\n          \"version\": \"4.127.20180315\"\r\n        }\r\n      },\r\n      \"networkProfile\": {\r\n        \"networkApiVersion\": \"2020-11-01\",\r\n        \"networkInterfaceConfigurations\": [\r\n          {\r\n            \"name\": \"vmsstestnetconfig610\",\r\n            \"properties\": {\r\n              \"primary\": true,\r\n              \"enableIPForwarding\": false,\r\n              \"deleteOption\": \"Delete\",\r\n              \"ipConfigurations\": [\r\n                {\r\n                  \"name\": \"vmsstestnetconfig8918\",\r\n                  \"properties\": {\r\n                    \"privateIPAddressVersion\": \"IPv4\",\r\n                    \"subnet\": {\r\n                      \"id\": \"/subscriptions/e37510d7-33b6-4676-886f-ee75bcc01871/resourceGroups/crptestar81941/providers/Microsoft.Network/virtualNetworks/vn6760/subnets/sn26704\"\r\n                    },\r\n                    \"publicIPAddressConfiguration\": {\r\n                      \"name\": \"pip1\",\r\n                      \"properties\": {\r\n                        \"deleteOption\": \"Detach\",\r\n                        \"idleTimeoutInMinutes\": 10,\r\n                        \"ipTags\": [],\r\n                        \"dnsSettings\": {\r\n                          \"domainNameLabel\": \"dnsname3832\"\r\n                        },\r\n                        \"publicIPAddressVersion\": \"IPv4\"\r\n                      }\r\n                    },\r\n                    \"applicationSecurityGroups\": [],\r\n                    \"loadBalancerBackendAddressPools\": [],\r\n                    \"applicationGatewayBackendAddressPools\": []\r\n                  }\r\n                }\r\n              ],\r\n              \"dnsSettings\": {\r\n                \"dnsServers\": []\r\n              }\r\n            }\r\n          }\r\n        ]\r\n      },\r\n      \"extensionProfile\": {\r\n        \"extensions\": [\r\n          {\r\n            \"name\": \"Microsoft.Azure.Security.AntimalwareSignature.AntimalwareConfiguration\",\r\n            \"properties\": {\r\n              \"autoUpgradeMinorVersion\": true,\r\n              \"enableAutomaticUpgrade\": true,\r\n              \"publisher\": \"Microsoft.Azure.Security.AntimalwareSignature\",\r\n              \"type\": \"AntimalwareConfiguration\",\r\n              \"typeHandlerVersion\": \"2.0\",\r\n              \"settings\": {}\r\n            }\r\n          },\r\n          {\r\n            \"name\": \"Microsoft.Azure.Geneva.GenevaMonitoring\",\r\n            \"properties\": {\r\n              \"autoUpgradeMinorVersion\": true,\r\n              \"enableAutomaticUpgrade\": true,\r\n              \"publisher\": \"Microsoft.Azure.Geneva\",\r\n              \"type\": \"GenevaMonitoring\",\r\n              \"typeHandlerVersion\": \"2.0\",\r\n              \"settings\": {}\r\n            }\r\n          }\r\n        ]\r\n      }\r\n    },\r\n    \"provisioningState\": \"Succeeded\",\r\n    \"uniqueId\": \"c85635d8-2dff-4fd1-82b1-12eaa686eab7\",\r\n    \"platformFaultDomainCount\": 1,\r\n    \"timeCreated\": \"2022-04-05T21:44:11.9295643+00:00\"\r\n  }\r\n}",
      "StatusCode": 200
    },
    {
      "RequestUri": "/subscriptions/e37510d7-33b6-4676-886f-ee75bcc01871/resourceGroups/crptestar81941/providers/Microsoft.Compute/virtualMachineScaleSets/vmss6276?api-version=2022-03-01",
      "EncodedRequestUri": "L3N1YnNjcmlwdGlvbnMvZTM3NTEwZDctMzNiNi00Njc2LTg4NmYtZWU3NWJjYzAxODcxL3Jlc291cmNlR3JvdXBzL2NycHRlc3RhcjgxOTQxL3Byb3ZpZGVycy9NaWNyb3NvZnQuQ29tcHV0ZS92aXJ0dWFsTWFjaGluZVNjYWxlU2V0cy92bXNzNjI3Nj9hcGktdmVyc2lvbj0yMDIyLTAzLTAx",
      "RequestMethod": "DELETE",
      "RequestBody": "",
      "RequestHeaders": {
        "x-ms-client-request-id": [
          "9fbbee66-232e-47f3-b349-37561a657b53"
        ],
        "Accept-Language": [
          "en-US"
        ],
        "User-Agent": [
          "FxVersion/4.700.21.47003",
          "OSName/Windows",
          "OSVersion/Microsoft.Windows.10.0.17763",
          "Microsoft.Azure.Management.Compute.ComputeManagementClient/53.0.0"
        ]
      },
      "ResponseHeaders": {
        "Cache-Control": [
          "no-cache"
        ],
        "Pragma": [
          "no-cache"
        ],
        "Location": [
          "https://management.azure.com/subscriptions/e37510d7-33b6-4676-886f-ee75bcc01871/providers/Microsoft.Compute/locations/EastUS2EUAP/operations/237cd193-53a1-4043-9ee8-5a06fe00c2e2?p=ce1708c5-dbca-4b22-b426-e8b8908417da&monitor=true&api-version=2022-03-01"
        ],
        "Azure-AsyncOperation": [
          "https://management.azure.com/subscriptions/e37510d7-33b6-4676-886f-ee75bcc01871/providers/Microsoft.Compute/locations/EastUS2EUAP/operations/237cd193-53a1-4043-9ee8-5a06fe00c2e2?p=ce1708c5-dbca-4b22-b426-e8b8908417da&api-version=2022-03-01"
        ],
        "Azure-AsyncNotification": [
          "Enabled"
        ],
        "x-ms-ratelimit-remaining-resource": [
          "Microsoft.Compute/DeleteVMScaleSet3Min;79,Microsoft.Compute/DeleteVMScaleSet30Min;399"
        ],
        "Strict-Transport-Security": [
          "max-age=31536000; includeSubDomains"
        ],
        "x-ms-request-id": [
          "237cd193-53a1-4043-9ee8-5a06fe00c2e2"
        ],
        "Server": [
          "Microsoft-HTTPAPI/2.0",
          "Microsoft-HTTPAPI/2.0"
        ],
        "x-ms-ratelimit-remaining-subscription-deletes": [
          "14999"
        ],
        "x-ms-correlation-request-id": [
          "a5e57f8a-e158-4ce0-9677-0d73887eee62"
        ],
        "x-ms-routing-request-id": [
          "EASTUS2:20220405T215213Z:a5e57f8a-e158-4ce0-9677-0d73887eee62"
        ],
        "X-Content-Type-Options": [
          "nosniff"
        ],
        "Date": [
          "Tue, 05 Apr 2022 21:52:13 GMT"
        ],
        "Expires": [
          "-1"
        ],
        "Content-Length": [
          "0"
        ]
      },
      "ResponseBody": "",
      "StatusCode": 202
    },
    {
      "RequestUri": "/subscriptions/e37510d7-33b6-4676-886f-ee75bcc01871/providers/Microsoft.Compute/locations/EastUS2EUAP/operations/237cd193-53a1-4043-9ee8-5a06fe00c2e2?p=ce1708c5-dbca-4b22-b426-e8b8908417da&api-version=2022-03-01",
      "EncodedRequestUri": "L3N1YnNjcmlwdGlvbnMvZTM3NTEwZDctMzNiNi00Njc2LTg4NmYtZWU3NWJjYzAxODcxL3Byb3ZpZGVycy9NaWNyb3NvZnQuQ29tcHV0ZS9sb2NhdGlvbnMvRWFzdFVTMkVVQVAvb3BlcmF0aW9ucy8yMzdjZDE5My01M2ExLTQwNDMtOWVlOC01YTA2ZmUwMGMyZTI/cD1jZTE3MDhjNS1kYmNhLTRiMjItYjQyNi1lOGI4OTA4NDE3ZGEmYXBpLXZlcnNpb249MjAyMi0wMy0wMQ==",
      "RequestMethod": "GET",
      "RequestBody": "",
      "RequestHeaders": {
        "User-Agent": [
          "FxVersion/4.700.21.47003",
          "OSName/Windows",
          "OSVersion/Microsoft.Windows.10.0.17763",
          "Microsoft.Azure.Management.Compute.ComputeManagementClient/53.0.0"
        ]
      },
      "ResponseHeaders": {
        "Cache-Control": [
          "no-cache"
        ],
        "Pragma": [
          "no-cache"
        ],
        "x-ms-ratelimit-remaining-resource": [
          "Microsoft.Compute/GetOperation3Min;14948,Microsoft.Compute/GetOperation30Min;29839"
        ],
        "Strict-Transport-Security": [
          "max-age=31536000; includeSubDomains"
        ],
        "x-ms-request-id": [
          "ee418c8f-a39a-435e-9d5b-9a161cac63ec"
        ],
        "Server": [
          "Microsoft-HTTPAPI/2.0",
          "Microsoft-HTTPAPI/2.0"
        ],
        "x-ms-ratelimit-remaining-subscription-reads": [
          "11979"
        ],
        "x-ms-correlation-request-id": [
          "a8c92cfd-1d23-4ed5-8edb-97348f470c0e"
        ],
        "x-ms-routing-request-id": [
          "EASTUS2:20220405T215243Z:a8c92cfd-1d23-4ed5-8edb-97348f470c0e"
        ],
        "X-Content-Type-Options": [
          "nosniff"
        ],
        "Date": [
          "Tue, 05 Apr 2022 21:52:43 GMT"
        ],
        "Content-Length": [
          "134"
        ],
        "Content-Type": [
          "application/json; charset=utf-8"
        ],
        "Expires": [
          "-1"
        ]
      },
      "ResponseBody": "{\r\n  \"startTime\": \"2022-04-05T21:52:13.7462457+00:00\",\r\n  \"status\": \"InProgress\",\r\n  \"name\": \"237cd193-53a1-4043-9ee8-5a06fe00c2e2\"\r\n}",
      "StatusCode": 200
    },
    {
      "RequestUri": "/subscriptions/e37510d7-33b6-4676-886f-ee75bcc01871/providers/Microsoft.Compute/locations/EastUS2EUAP/operations/237cd193-53a1-4043-9ee8-5a06fe00c2e2?p=ce1708c5-dbca-4b22-b426-e8b8908417da&api-version=2022-03-01",
      "EncodedRequestUri": "L3N1YnNjcmlwdGlvbnMvZTM3NTEwZDctMzNiNi00Njc2LTg4NmYtZWU3NWJjYzAxODcxL3Byb3ZpZGVycy9NaWNyb3NvZnQuQ29tcHV0ZS9sb2NhdGlvbnMvRWFzdFVTMkVVQVAvb3BlcmF0aW9ucy8yMzdjZDE5My01M2ExLTQwNDMtOWVlOC01YTA2ZmUwMGMyZTI/cD1jZTE3MDhjNS1kYmNhLTRiMjItYjQyNi1lOGI4OTA4NDE3ZGEmYXBpLXZlcnNpb249MjAyMi0wMy0wMQ==",
      "RequestMethod": "GET",
      "RequestBody": "",
      "RequestHeaders": {
        "User-Agent": [
          "FxVersion/4.700.21.47003",
          "OSName/Windows",
          "OSVersion/Microsoft.Windows.10.0.17763",
          "Microsoft.Azure.Management.Compute.ComputeManagementClient/53.0.0"
        ]
      },
      "ResponseHeaders": {
        "Cache-Control": [
          "no-cache"
        ],
        "Pragma": [
          "no-cache"
        ],
        "x-ms-ratelimit-remaining-resource": [
          "Microsoft.Compute/GetOperation3Min;14961,Microsoft.Compute/GetOperation30Min;29836"
        ],
        "Strict-Transport-Security": [
          "max-age=31536000; includeSubDomains"
        ],
        "x-ms-request-id": [
          "6205d7c0-3294-4321-a200-fc0006bdf9e3"
        ],
        "Server": [
          "Microsoft-HTTPAPI/2.0",
          "Microsoft-HTTPAPI/2.0"
        ],
        "x-ms-ratelimit-remaining-subscription-reads": [
          "11978"
        ],
        "x-ms-correlation-request-id": [
          "2ab8f897-f344-41ea-8813-dd66402cff7c"
        ],
        "x-ms-routing-request-id": [
          "EASTUS2:20220405T215313Z:2ab8f897-f344-41ea-8813-dd66402cff7c"
        ],
        "X-Content-Type-Options": [
          "nosniff"
        ],
        "Date": [
          "Tue, 05 Apr 2022 21:53:12 GMT"
        ],
        "Content-Length": [
          "134"
        ],
        "Content-Type": [
          "application/json; charset=utf-8"
        ],
        "Expires": [
          "-1"
        ]
      },
      "ResponseBody": "{\r\n  \"startTime\": \"2022-04-05T21:52:13.7462457+00:00\",\r\n  \"status\": \"InProgress\",\r\n  \"name\": \"237cd193-53a1-4043-9ee8-5a06fe00c2e2\"\r\n}",
      "StatusCode": 200
    },
    {
      "RequestUri": "/subscriptions/e37510d7-33b6-4676-886f-ee75bcc01871/providers/Microsoft.Compute/locations/EastUS2EUAP/operations/237cd193-53a1-4043-9ee8-5a06fe00c2e2?p=ce1708c5-dbca-4b22-b426-e8b8908417da&api-version=2022-03-01",
      "EncodedRequestUri": "L3N1YnNjcmlwdGlvbnMvZTM3NTEwZDctMzNiNi00Njc2LTg4NmYtZWU3NWJjYzAxODcxL3Byb3ZpZGVycy9NaWNyb3NvZnQuQ29tcHV0ZS9sb2NhdGlvbnMvRWFzdFVTMkVVQVAvb3BlcmF0aW9ucy8yMzdjZDE5My01M2ExLTQwNDMtOWVlOC01YTA2ZmUwMGMyZTI/cD1jZTE3MDhjNS1kYmNhLTRiMjItYjQyNi1lOGI4OTA4NDE3ZGEmYXBpLXZlcnNpb249MjAyMi0wMy0wMQ==",
      "RequestMethod": "GET",
      "RequestBody": "",
      "RequestHeaders": {
        "User-Agent": [
          "FxVersion/4.700.21.47003",
          "OSName/Windows",
          "OSVersion/Microsoft.Windows.10.0.17763",
          "Microsoft.Azure.Management.Compute.ComputeManagementClient/53.0.0"
        ]
      },
      "ResponseHeaders": {
        "Cache-Control": [
          "no-cache"
        ],
        "Pragma": [
          "no-cache"
        ],
        "x-ms-ratelimit-remaining-resource": [
          "Microsoft.Compute/GetOperation3Min;14967,Microsoft.Compute/GetOperation30Min;29833"
        ],
        "Strict-Transport-Security": [
          "max-age=31536000; includeSubDomains"
        ],
        "x-ms-request-id": [
          "d9f3309e-2961-47b4-b0b9-39e62c6671d4"
        ],
        "Server": [
          "Microsoft-HTTPAPI/2.0",
          "Microsoft-HTTPAPI/2.0"
        ],
        "x-ms-ratelimit-remaining-subscription-reads": [
          "11977"
        ],
        "x-ms-correlation-request-id": [
          "c67a9f9a-bf99-43fa-a1c4-08de257ac53e"
        ],
        "x-ms-routing-request-id": [
          "EASTUS2:20220405T215343Z:c67a9f9a-bf99-43fa-a1c4-08de257ac53e"
        ],
        "X-Content-Type-Options": [
          "nosniff"
        ],
        "Date": [
          "Tue, 05 Apr 2022 21:53:43 GMT"
        ],
        "Content-Length": [
          "184"
        ],
        "Content-Type": [
          "application/json; charset=utf-8"
        ],
        "Expires": [
          "-1"
        ]
      },
      "ResponseBody": "{\r\n  \"startTime\": \"2022-04-05T21:52:13.7462457+00:00\",\r\n  \"endTime\": \"2022-04-05T21:53:15.1549529+00:00\",\r\n  \"status\": \"Succeeded\",\r\n  \"name\": \"237cd193-53a1-4043-9ee8-5a06fe00c2e2\"\r\n}",
      "StatusCode": 200
    },
    {
      "RequestUri": "/subscriptions/e37510d7-33b6-4676-886f-ee75bcc01871/providers/Microsoft.Compute/locations/EastUS2EUAP/operations/237cd193-53a1-4043-9ee8-5a06fe00c2e2?p=ce1708c5-dbca-4b22-b426-e8b8908417da&monitor=true&api-version=2022-03-01",
      "EncodedRequestUri": "L3N1YnNjcmlwdGlvbnMvZTM3NTEwZDctMzNiNi00Njc2LTg4NmYtZWU3NWJjYzAxODcxL3Byb3ZpZGVycy9NaWNyb3NvZnQuQ29tcHV0ZS9sb2NhdGlvbnMvRWFzdFVTMkVVQVAvb3BlcmF0aW9ucy8yMzdjZDE5My01M2ExLTQwNDMtOWVlOC01YTA2ZmUwMGMyZTI/cD1jZTE3MDhjNS1kYmNhLTRiMjItYjQyNi1lOGI4OTA4NDE3ZGEmbW9uaXRvcj10cnVlJmFwaS12ZXJzaW9uPTIwMjItMDMtMDE=",
      "RequestMethod": "GET",
      "RequestBody": "",
      "RequestHeaders": {
        "User-Agent": [
          "FxVersion/4.700.21.47003",
          "OSName/Windows",
          "OSVersion/Microsoft.Windows.10.0.17763",
          "Microsoft.Azure.Management.Compute.ComputeManagementClient/53.0.0"
        ]
      },
      "ResponseHeaders": {
        "Cache-Control": [
          "no-cache"
        ],
        "Pragma": [
          "no-cache"
        ],
        "x-ms-ratelimit-remaining-resource": [
          "Microsoft.Compute/GetOperation3Min;14966,Microsoft.Compute/GetOperation30Min;29832"
        ],
        "Strict-Transport-Security": [
          "max-age=31536000; includeSubDomains"
        ],
        "x-ms-request-id": [
          "e1d9e867-7d10-4aa7-ac0c-a13bb109caf2"
        ],
        "Server": [
          "Microsoft-HTTPAPI/2.0",
          "Microsoft-HTTPAPI/2.0"
        ],
        "x-ms-ratelimit-remaining-subscription-reads": [
          "11976"
        ],
        "x-ms-correlation-request-id": [
          "4886fb3b-975e-4871-bb6a-56f5f622f5ad"
        ],
        "x-ms-routing-request-id": [
          "EASTUS2:20220405T215343Z:4886fb3b-975e-4871-bb6a-56f5f622f5ad"
        ],
        "X-Content-Type-Options": [
          "nosniff"
        ],
        "Date": [
          "Tue, 05 Apr 2022 21:53:43 GMT"
        ],
        "Expires": [
          "-1"
        ],
        "Content-Length": [
          "0"
        ]
      },
      "ResponseBody": "",
      "StatusCode": 200
    },
    {
      "RequestUri": "/subscriptions/e37510d7-33b6-4676-886f-ee75bcc01871/resourcegroups/crptestar81941?api-version=2017-05-10",
      "EncodedRequestUri": "L3N1YnNjcmlwdGlvbnMvZTM3NTEwZDctMzNiNi00Njc2LTg4NmYtZWU3NWJjYzAxODcxL3Jlc291cmNlZ3JvdXBzL2NycHRlc3RhcjgxOTQxP2FwaS12ZXJzaW9uPTIwMTctMDUtMTA=",
      "RequestMethod": "DELETE",
      "RequestBody": "",
      "RequestHeaders": {
        "x-ms-client-request-id": [
          "051ddc01-bb00-4edd-a91a-b03e0dada551"
        ],
        "Accept-Language": [
          "en-US"
        ],
        "User-Agent": [
          "FxVersion/4.700.21.47003",
          "OSName/Windows",
          "OSVersion/Microsoft.Windows.10.0.17763",
          "Microsoft.Azure.Management.ResourceManager.ResourceManagementClient/1.6.0.0"
        ]
      },
      "ResponseHeaders": {
        "Cache-Control": [
          "no-cache"
        ],
        "Pragma": [
          "no-cache"
        ],
        "Location": [
          "https://management.azure.com/subscriptions/e37510d7-33b6-4676-886f-ee75bcc01871/operationresults/eyJqb2JJZCI6IlJFU09VUkNFR1JPVVBERUxFVElPTkpPQi1DUlBURVNUQVI4MTk0MS1FQVNUVVMyRVVBUCIsImpvYkxvY2F0aW9uIjoiZWFzdHVzMmV1YXAifQ?api-version=2017-05-10"
        ],
        "Retry-After": [
          "15"
        ],
        "x-ms-ratelimit-remaining-subscription-deletes": [
          "14998"
        ],
        "x-ms-request-id": [
          "e5ad2926-e63a-47b1-a7df-272d5c31e3ae"
        ],
        "x-ms-correlation-request-id": [
          "e5ad2926-e63a-47b1-a7df-272d5c31e3ae"
        ],
        "x-ms-routing-request-id": [
          "EASTUS2:20220405T215344Z:e5ad2926-e63a-47b1-a7df-272d5c31e3ae"
        ],
        "Strict-Transport-Security": [
          "max-age=31536000; includeSubDomains"
        ],
        "X-Content-Type-Options": [
          "nosniff"
        ],
        "Date": [
          "Tue, 05 Apr 2022 21:53:44 GMT"
        ],
        "Expires": [
          "-1"
        ],
        "Content-Length": [
          "0"
        ]
      },
      "ResponseBody": "",
      "StatusCode": 202
    },
    {
      "RequestUri": "/subscriptions/e37510d7-33b6-4676-886f-ee75bcc01871/operationresults/eyJqb2JJZCI6IlJFU09VUkNFR1JPVVBERUxFVElPTkpPQi1DUlBURVNUQVI4MTk0MS1FQVNUVVMyRVVBUCIsImpvYkxvY2F0aW9uIjoiZWFzdHVzMmV1YXAifQ?api-version=2017-05-10",
      "EncodedRequestUri": "L3N1YnNjcmlwdGlvbnMvZTM3NTEwZDctMzNiNi00Njc2LTg4NmYtZWU3NWJjYzAxODcxL29wZXJhdGlvbnJlc3VsdHMvZXlKcWIySkpaQ0k2SWxKRlUwOVZVa05GUjFKUFZWQkVSVXhGVkVsUFRrcFBRaTFEVWxCVVJWTlVRVkk0TVRrME1TMUZRVk5VVlZNeVJWVkJVQ0lzSW1wdllreHZZMkYwYVc5dUlqb2laV0Z6ZEhWek1tVjFZWEFpZlE/YXBpLXZlcnNpb249MjAxNy0wNS0xMA==",
      "RequestMethod": "GET",
      "RequestBody": "",
      "RequestHeaders": {
        "User-Agent": [
          "FxVersion/4.700.21.47003",
          "OSName/Windows",
          "OSVersion/Microsoft.Windows.10.0.17763",
          "Microsoft.Azure.Management.ResourceManager.ResourceManagementClient/1.6.0.0"
        ]
      },
      "ResponseHeaders": {
        "Cache-Control": [
          "no-cache"
        ],
        "Pragma": [
          "no-cache"
        ],
        "Location": [
          "https://management.azure.com/subscriptions/e37510d7-33b6-4676-886f-ee75bcc01871/operationresults/eyJqb2JJZCI6IlJFU09VUkNFR1JPVVBERUxFVElPTkpPQi1DUlBURVNUQVI4MTk0MS1FQVNUVVMyRVVBUCIsImpvYkxvY2F0aW9uIjoiZWFzdHVzMmV1YXAifQ?api-version=2017-05-10"
        ],
        "Retry-After": [
          "15"
        ],
        "x-ms-ratelimit-remaining-subscription-reads": [
          "11999"
        ],
        "x-ms-request-id": [
          "f70f7058-1528-47b9-9570-6314de553ed3"
        ],
        "x-ms-correlation-request-id": [
          "f70f7058-1528-47b9-9570-6314de553ed3"
        ],
        "x-ms-routing-request-id": [
          "EASTUS2:20220405T215359Z:f70f7058-1528-47b9-9570-6314de553ed3"
        ],
        "Strict-Transport-Security": [
          "max-age=31536000; includeSubDomains"
        ],
        "X-Content-Type-Options": [
          "nosniff"
        ],
        "Date": [
          "Tue, 05 Apr 2022 21:53:59 GMT"
        ],
        "Expires": [
          "-1"
        ],
        "Content-Length": [
          "0"
        ]
      },
      "ResponseBody": "",
      "StatusCode": 202
    },
    {
      "RequestUri": "/subscriptions/e37510d7-33b6-4676-886f-ee75bcc01871/operationresults/eyJqb2JJZCI6IlJFU09VUkNFR1JPVVBERUxFVElPTkpPQi1DUlBURVNUQVI4MTk0MS1FQVNUVVMyRVVBUCIsImpvYkxvY2F0aW9uIjoiZWFzdHVzMmV1YXAifQ?api-version=2017-05-10",
      "EncodedRequestUri": "L3N1YnNjcmlwdGlvbnMvZTM3NTEwZDctMzNiNi00Njc2LTg4NmYtZWU3NWJjYzAxODcxL29wZXJhdGlvbnJlc3VsdHMvZXlKcWIySkpaQ0k2SWxKRlUwOVZVa05GUjFKUFZWQkVSVXhGVkVsUFRrcFBRaTFEVWxCVVJWTlVRVkk0TVRrME1TMUZRVk5VVlZNeVJWVkJVQ0lzSW1wdllreHZZMkYwYVc5dUlqb2laV0Z6ZEhWek1tVjFZWEFpZlE/YXBpLXZlcnNpb249MjAxNy0wNS0xMA==",
      "RequestMethod": "GET",
      "RequestBody": "",
      "RequestHeaders": {
        "User-Agent": [
          "FxVersion/4.700.21.47003",
          "OSName/Windows",
          "OSVersion/Microsoft.Windows.10.0.17763",
          "Microsoft.Azure.Management.ResourceManager.ResourceManagementClient/1.6.0.0"
        ]
      },
      "ResponseHeaders": {
        "Cache-Control": [
          "no-cache"
        ],
        "Pragma": [
          "no-cache"
        ],
        "Location": [
          "https://management.azure.com/subscriptions/e37510d7-33b6-4676-886f-ee75bcc01871/operationresults/eyJqb2JJZCI6IlJFU09VUkNFR1JPVVBERUxFVElPTkpPQi1DUlBURVNUQVI4MTk0MS1FQVNUVVMyRVVBUCIsImpvYkxvY2F0aW9uIjoiZWFzdHVzMmV1YXAifQ?api-version=2017-05-10"
        ],
        "Retry-After": [
          "15"
        ],
        "x-ms-ratelimit-remaining-subscription-reads": [
          "11998"
        ],
        "x-ms-request-id": [
          "5b896029-a1bf-4085-9bd2-7d6ab355e2b1"
        ],
        "x-ms-correlation-request-id": [
          "5b896029-a1bf-4085-9bd2-7d6ab355e2b1"
        ],
        "x-ms-routing-request-id": [
          "EASTUS2:20220405T215414Z:5b896029-a1bf-4085-9bd2-7d6ab355e2b1"
        ],
        "Strict-Transport-Security": [
          "max-age=31536000; includeSubDomains"
        ],
        "X-Content-Type-Options": [
          "nosniff"
        ],
        "Date": [
          "Tue, 05 Apr 2022 21:54:13 GMT"
        ],
        "Expires": [
          "-1"
        ],
        "Content-Length": [
          "0"
        ]
      },
      "ResponseBody": "",
      "StatusCode": 202
    },
    {
      "RequestUri": "/subscriptions/e37510d7-33b6-4676-886f-ee75bcc01871/operationresults/eyJqb2JJZCI6IlJFU09VUkNFR1JPVVBERUxFVElPTkpPQi1DUlBURVNUQVI4MTk0MS1FQVNUVVMyRVVBUCIsImpvYkxvY2F0aW9uIjoiZWFzdHVzMmV1YXAifQ?api-version=2017-05-10",
      "EncodedRequestUri": "L3N1YnNjcmlwdGlvbnMvZTM3NTEwZDctMzNiNi00Njc2LTg4NmYtZWU3NWJjYzAxODcxL29wZXJhdGlvbnJlc3VsdHMvZXlKcWIySkpaQ0k2SWxKRlUwOVZVa05GUjFKUFZWQkVSVXhGVkVsUFRrcFBRaTFEVWxCVVJWTlVRVkk0TVRrME1TMUZRVk5VVlZNeVJWVkJVQ0lzSW1wdllreHZZMkYwYVc5dUlqb2laV0Z6ZEhWek1tVjFZWEFpZlE/YXBpLXZlcnNpb249MjAxNy0wNS0xMA==",
      "RequestMethod": "GET",
      "RequestBody": "",
      "RequestHeaders": {
        "User-Agent": [
          "FxVersion/4.700.21.47003",
          "OSName/Windows",
          "OSVersion/Microsoft.Windows.10.0.17763",
          "Microsoft.Azure.Management.ResourceManager.ResourceManagementClient/1.6.0.0"
        ]
      },
      "ResponseHeaders": {
        "Cache-Control": [
          "no-cache"
        ],
        "Pragma": [
          "no-cache"
        ],
        "Location": [
          "https://management.azure.com/subscriptions/e37510d7-33b6-4676-886f-ee75bcc01871/operationresults/eyJqb2JJZCI6IlJFU09VUkNFR1JPVVBERUxFVElPTkpPQi1DUlBURVNUQVI4MTk0MS1FQVNUVVMyRVVBUCIsImpvYkxvY2F0aW9uIjoiZWFzdHVzMmV1YXAifQ?api-version=2017-05-10"
        ],
        "Retry-After": [
          "15"
        ],
        "x-ms-ratelimit-remaining-subscription-reads": [
          "11997"
        ],
        "x-ms-request-id": [
          "1e16b989-32ab-483c-af7f-a0a1e8cb5af6"
        ],
        "x-ms-correlation-request-id": [
          "1e16b989-32ab-483c-af7f-a0a1e8cb5af6"
        ],
        "x-ms-routing-request-id": [
          "EASTUS2:20220405T215429Z:1e16b989-32ab-483c-af7f-a0a1e8cb5af6"
        ],
        "Strict-Transport-Security": [
          "max-age=31536000; includeSubDomains"
        ],
        "X-Content-Type-Options": [
          "nosniff"
        ],
        "Date": [
          "Tue, 05 Apr 2022 21:54:29 GMT"
        ],
        "Expires": [
          "-1"
        ],
        "Content-Length": [
          "0"
        ]
      },
      "ResponseBody": "",
      "StatusCode": 202
    },
    {
      "RequestUri": "/subscriptions/e37510d7-33b6-4676-886f-ee75bcc01871/operationresults/eyJqb2JJZCI6IlJFU09VUkNFR1JPVVBERUxFVElPTkpPQi1DUlBURVNUQVI4MTk0MS1FQVNUVVMyRVVBUCIsImpvYkxvY2F0aW9uIjoiZWFzdHVzMmV1YXAifQ?api-version=2017-05-10",
      "EncodedRequestUri": "L3N1YnNjcmlwdGlvbnMvZTM3NTEwZDctMzNiNi00Njc2LTg4NmYtZWU3NWJjYzAxODcxL29wZXJhdGlvbnJlc3VsdHMvZXlKcWIySkpaQ0k2SWxKRlUwOVZVa05GUjFKUFZWQkVSVXhGVkVsUFRrcFBRaTFEVWxCVVJWTlVRVkk0TVRrME1TMUZRVk5VVlZNeVJWVkJVQ0lzSW1wdllreHZZMkYwYVc5dUlqb2laV0Z6ZEhWek1tVjFZWEFpZlE/YXBpLXZlcnNpb249MjAxNy0wNS0xMA==",
      "RequestMethod": "GET",
      "RequestBody": "",
      "RequestHeaders": {
        "User-Agent": [
          "FxVersion/4.700.21.47003",
          "OSName/Windows",
          "OSVersion/Microsoft.Windows.10.0.17763",
          "Microsoft.Azure.Management.ResourceManager.ResourceManagementClient/1.6.0.0"
        ]
      },
      "ResponseHeaders": {
        "Cache-Control": [
          "no-cache"
        ],
        "Pragma": [
          "no-cache"
        ],
        "Location": [
          "https://management.azure.com/subscriptions/e37510d7-33b6-4676-886f-ee75bcc01871/operationresults/eyJqb2JJZCI6IlJFU09VUkNFR1JPVVBERUxFVElPTkpPQi1DUlBURVNUQVI4MTk0MS1FQVNUVVMyRVVBUCIsImpvYkxvY2F0aW9uIjoiZWFzdHVzMmV1YXAifQ?api-version=2017-05-10"
        ],
        "Retry-After": [
          "15"
        ],
        "x-ms-ratelimit-remaining-subscription-reads": [
          "11996"
        ],
        "x-ms-request-id": [
          "9dcdc159-4a33-4dd2-b356-78d4f6974ff8"
        ],
        "x-ms-correlation-request-id": [
          "9dcdc159-4a33-4dd2-b356-78d4f6974ff8"
        ],
        "x-ms-routing-request-id": [
          "EASTUS2:20220405T215444Z:9dcdc159-4a33-4dd2-b356-78d4f6974ff8"
        ],
        "Strict-Transport-Security": [
          "max-age=31536000; includeSubDomains"
        ],
        "X-Content-Type-Options": [
          "nosniff"
        ],
        "Date": [
          "Tue, 05 Apr 2022 21:54:44 GMT"
        ],
        "Expires": [
          "-1"
        ],
        "Content-Length": [
          "0"
        ]
      },
      "ResponseBody": "",
      "StatusCode": 202
    },
    {
      "RequestUri": "/subscriptions/e37510d7-33b6-4676-886f-ee75bcc01871/operationresults/eyJqb2JJZCI6IlJFU09VUkNFR1JPVVBERUxFVElPTkpPQi1DUlBURVNUQVI4MTk0MS1FQVNUVVMyRVVBUCIsImpvYkxvY2F0aW9uIjoiZWFzdHVzMmV1YXAifQ?api-version=2017-05-10",
      "EncodedRequestUri": "L3N1YnNjcmlwdGlvbnMvZTM3NTEwZDctMzNiNi00Njc2LTg4NmYtZWU3NWJjYzAxODcxL29wZXJhdGlvbnJlc3VsdHMvZXlKcWIySkpaQ0k2SWxKRlUwOVZVa05GUjFKUFZWQkVSVXhGVkVsUFRrcFBRaTFEVWxCVVJWTlVRVkk0TVRrME1TMUZRVk5VVlZNeVJWVkJVQ0lzSW1wdllreHZZMkYwYVc5dUlqb2laV0Z6ZEhWek1tVjFZWEFpZlE/YXBpLXZlcnNpb249MjAxNy0wNS0xMA==",
      "RequestMethod": "GET",
      "RequestBody": "",
      "RequestHeaders": {
        "User-Agent": [
          "FxVersion/4.700.21.47003",
          "OSName/Windows",
          "OSVersion/Microsoft.Windows.10.0.17763",
          "Microsoft.Azure.Management.ResourceManager.ResourceManagementClient/1.6.0.0"
        ]
      },
      "ResponseHeaders": {
        "Cache-Control": [
          "no-cache"
        ],
        "Pragma": [
          "no-cache"
        ],
        "x-ms-ratelimit-remaining-subscription-reads": [
          "11995"
        ],
        "x-ms-request-id": [
          "c7e870e3-239f-42ed-b8cf-82e88aed7f27"
        ],
        "x-ms-correlation-request-id": [
          "c7e870e3-239f-42ed-b8cf-82e88aed7f27"
        ],
        "x-ms-routing-request-id": [
          "EASTUS2:20220405T215459Z:c7e870e3-239f-42ed-b8cf-82e88aed7f27"
        ],
        "Strict-Transport-Security": [
          "max-age=31536000; includeSubDomains"
        ],
        "X-Content-Type-Options": [
          "nosniff"
        ],
        "Date": [
          "Tue, 05 Apr 2022 21:54:59 GMT"
        ],
        "Expires": [
          "-1"
        ],
        "Content-Length": [
          "0"
        ]
      },
      "ResponseBody": "",
      "StatusCode": 200
    },
    {
      "RequestUri": "/subscriptions/e37510d7-33b6-4676-886f-ee75bcc01871/operationresults/eyJqb2JJZCI6IlJFU09VUkNFR1JPVVBERUxFVElPTkpPQi1DUlBURVNUQVI4MTk0MS1FQVNUVVMyRVVBUCIsImpvYkxvY2F0aW9uIjoiZWFzdHVzMmV1YXAifQ?api-version=2017-05-10",
      "EncodedRequestUri": "L3N1YnNjcmlwdGlvbnMvZTM3NTEwZDctMzNiNi00Njc2LTg4NmYtZWU3NWJjYzAxODcxL29wZXJhdGlvbnJlc3VsdHMvZXlKcWIySkpaQ0k2SWxKRlUwOVZVa05GUjFKUFZWQkVSVXhGVkVsUFRrcFBRaTFEVWxCVVJWTlVRVkk0TVRrME1TMUZRVk5VVlZNeVJWVkJVQ0lzSW1wdllreHZZMkYwYVc5dUlqb2laV0Z6ZEhWek1tVjFZWEFpZlE/YXBpLXZlcnNpb249MjAxNy0wNS0xMA==",
      "RequestMethod": "GET",
      "RequestBody": "",
      "RequestHeaders": {
        "User-Agent": [
          "FxVersion/4.700.21.47003",
          "OSName/Windows",
          "OSVersion/Microsoft.Windows.10.0.17763",
          "Microsoft.Azure.Management.ResourceManager.ResourceManagementClient/1.6.0.0"
        ]
      },
      "ResponseHeaders": {
        "Cache-Control": [
          "no-cache"
        ],
        "Pragma": [
          "no-cache"
        ],
        "x-ms-ratelimit-remaining-subscription-reads": [
          "11994"
        ],
        "x-ms-request-id": [
          "ddef87b5-32a7-41cb-acc9-9bf96044235c"
        ],
        "x-ms-correlation-request-id": [
          "ddef87b5-32a7-41cb-acc9-9bf96044235c"
        ],
        "x-ms-routing-request-id": [
          "EASTUS2:20220405T215459Z:ddef87b5-32a7-41cb-acc9-9bf96044235c"
        ],
        "Strict-Transport-Security": [
          "max-age=31536000; includeSubDomains"
        ],
        "X-Content-Type-Options": [
          "nosniff"
        ],
        "Date": [
          "Tue, 05 Apr 2022 21:54:59 GMT"
        ],
        "Expires": [
          "-1"
        ],
        "Content-Length": [
          "0"
        ]
      },
      "ResponseBody": "",
      "StatusCode": 200
    }
  ],
  "Names": {
    "TestFlexVMScaleSetWithPublicIP": [
      "crptestar8194",
      "vmss6276",
      "dnsname3832",
      "crptestar68"
    ],
    "CreateVNETWithSubnets": [
      "vn6760",
      "sn12000",
      "sn26704"
    ],
    "CreatePublicIP": [
      "pip6698",
      "dn8414"
    ],
    "CreateNIC": [
      "nic7860",
      "ip2326"
    ],
    "CreateDefaultVMScaleSetInput": [
      "crptestar2344",
      "vmss4104",
      "vmsstestnetconfig610",
      "vmsstestnetconfig8918"
    ]
  },
  "Variables": {
    "SubscriptionId": "e37510d7-33b6-4676-886f-ee75bcc01871"
  }
}