{
  "Entries": [
    {
      "RequestUri": "/subscriptions/e37510d7-33b6-4676-886f-ee75bcc01871/providers/Microsoft.Compute/locations/SoutheastAsia/publishers/MicrosoftWindowsServer/artifacttypes/vmimage/offers/WindowsServer/skus/2012-R2-Datacenter/versions?$top=1&api-version=2021-11-01",
      "EncodedRequestUri": "L3N1YnNjcmlwdGlvbnMvZTM3NTEwZDctMzNiNi00Njc2LTg4NmYtZWU3NWJjYzAxODcxL3Byb3ZpZGVycy9NaWNyb3NvZnQuQ29tcHV0ZS9sb2NhdGlvbnMvU291dGhlYXN0QXNpYS9wdWJsaXNoZXJzL01pY3Jvc29mdFdpbmRvd3NTZXJ2ZXIvYXJ0aWZhY3R0eXBlcy92bWltYWdlL29mZmVycy9XaW5kb3dzU2VydmVyL3NrdXMvMjAxMi1SMi1EYXRhY2VudGVyL3ZlcnNpb25zPyR0b3A9MSZhcGktdmVyc2lvbj0yMDIxLTExLTAx",
      "RequestMethod": "GET",
      "RequestBody": "",
      "RequestHeaders": {
        "x-ms-client-request-id": [
          "d070ce3c-2568-4fdd-9ee8-971a79fa9c9d"
        ],
        "accept-language": [
          "en-US"
        ],
        "User-Agent": [
          "FxVersion/4.6.26614.01",
          "OSName/Windows",
          "OSVersion/Microsoft.Windows.10.0.17763.",
          "Microsoft.Azure.Management.Compute.ComputeManagementClient/50.0.0"
        ]
      },
      "ResponseHeaders": {
        "Cache-Control": [
          "no-cache"
        ],
        "Date": [
          "Tue, 16 Nov 2021 16:26:00 GMT"
        ],
        "Pragma": [
          "no-cache"
        ],
        "Server": [
          "Microsoft-HTTPAPI/2.0",
          "Microsoft-HTTPAPI/2.0"
        ],
        "x-ms-ratelimit-remaining-resource": [
          "Microsoft.Compute/ListVMImagesVersionsFromLocation3Min;15999,Microsoft.Compute/ListVMImagesVersionsFromLocation30Min;43998"
        ],
        "Strict-Transport-Security": [
          "max-age=31536000; includeSubDomains"
        ],
        "x-ms-served-by": [
          "9fc414ea-410e-4600-9f7c-71bc36416f3f_132774714058972504"
        ],
        "x-ms-request-id": [
          "9f333540-f75a-45c8-8e64-e769cc721b6d"
        ],
        "x-ms-ratelimit-remaining-subscription-reads": [
          "11999"
        ],
        "x-ms-correlation-request-id": [
          "8366874b-c8ce-40e8-ae7e-159d36561284"
        ],
        "x-ms-routing-request-id": [
          "EASTUS2:20211116T162600Z:8366874b-c8ce-40e8-ae7e-159d36561284"
        ],
        "X-Content-Type-Options": [
          "nosniff"
        ],
        "Content-Length": [
          "321"
        ],
        "Content-Type": [
          "application/json; charset=utf-8"
        ],
        "Expires": [
          "-1"
        ]
      },
      "ResponseBody": "[\r\n  {\r\n    \"location\": \"southeastasia\",\r\n    \"name\": \"4.127.20180315\",\r\n    \"id\": \"/Subscriptions/e37510d7-33b6-4676-886f-ee75bcc01871/Providers/Microsoft.Compute/Locations/southeastasia/Publishers/MicrosoftWindowsServer/ArtifactTypes/VMImage/Offers/WindowsServer/Skus/2012-R2-Datacenter/Versions/4.127.20180315\"\r\n  }\r\n]",
      "StatusCode": 200
    },
    {
      "RequestUri": "/subscriptions/e37510d7-33b6-4676-886f-ee75bcc01871/resourcegroups/crptestar65791?api-version=2017-05-10",
      "EncodedRequestUri": "L3N1YnNjcmlwdGlvbnMvZTM3NTEwZDctMzNiNi00Njc2LTg4NmYtZWU3NWJjYzAxODcxL3Jlc291cmNlZ3JvdXBzL2NycHRlc3RhcjY1NzkxP2FwaS12ZXJzaW9uPTIwMTctMDUtMTA=",
      "RequestMethod": "PUT",
      "RequestBody": "{\r\n  \"location\": \"SoutheastAsia\",\r\n  \"tags\": {\r\n    \"crptestar65791\": \"2021-11-16 16:26:00Z\"\r\n  }\r\n}",
      "RequestHeaders": {
        "x-ms-client-request-id": [
          "73530215-6b70-485a-ad20-d2d4367be290"
        ],
        "accept-language": [
          "en-US"
        ],
        "User-Agent": [
          "FxVersion/4.6.26614.01",
          "OSName/Windows",
          "OSVersion/Microsoft.Windows.10.0.17763.",
          "Microsoft.Azure.Management.ResourceManager.ResourceManagementClient/1.6.0.0"
        ],
        "Content-Type": [
          "application/json; charset=utf-8"
        ],
        "Content-Length": [
          "100"
        ]
      },
      "ResponseHeaders": {
        "Cache-Control": [
          "no-cache"
        ],
        "Date": [
          "Tue, 16 Nov 2021 16:26:03 GMT"
        ],
        "Pragma": [
          "no-cache"
        ],
        "x-ms-ratelimit-remaining-subscription-writes": [
          "1199"
        ],
        "x-ms-request-id": [
          "1c128bf7-9dee-4ca6-8011-5b173105f0f9"
        ],
        "x-ms-correlation-request-id": [
          "1c128bf7-9dee-4ca6-8011-5b173105f0f9"
        ],
        "x-ms-routing-request-id": [
          "EASTUS2:20211116T162604Z:1c128bf7-9dee-4ca6-8011-5b173105f0f9"
        ],
        "Strict-Transport-Security": [
          "max-age=31536000; includeSubDomains"
        ],
        "X-Content-Type-Options": [
          "nosniff"
        ],
        "Content-Length": [
          "237"
        ],
        "Content-Type": [
          "application/json; charset=utf-8"
        ],
        "Expires": [
          "-1"
        ]
      },
      "ResponseBody": "{\r\n  \"id\": \"/subscriptions/e37510d7-33b6-4676-886f-ee75bcc01871/resourceGroups/crptestar65791\",\r\n  \"name\": \"crptestar65791\",\r\n  \"location\": \"southeastasia\",\r\n  \"tags\": {\r\n    \"crptestar65791\": \"2021-11-16 16:26:00Z\"\r\n  },\r\n  \"properties\": {\r\n    \"provisioningState\": \"Succeeded\"\r\n  }\r\n}",
      "StatusCode": 201
    },
    {
      "RequestUri": "/subscriptions/e37510d7-33b6-4676-886f-ee75bcc01871/resourcegroups/crptestar65791?api-version=2017-05-10",
      "EncodedRequestUri": "L3N1YnNjcmlwdGlvbnMvZTM3NTEwZDctMzNiNi00Njc2LTg4NmYtZWU3NWJjYzAxODcxL3Jlc291cmNlZ3JvdXBzL2NycHRlc3RhcjY1NzkxP2FwaS12ZXJzaW9uPTIwMTctMDUtMTA=",
      "RequestMethod": "PUT",
      "RequestBody": "{\r\n  \"location\": \"SoutheastAsia\"\r\n}",
      "RequestHeaders": {
        "x-ms-client-request-id": [
          "8fb01df1-ee51-4eb9-82ed-693782fe7b30"
        ],
        "accept-language": [
          "en-US"
        ],
        "User-Agent": [
          "FxVersion/4.6.26614.01",
          "OSName/Windows",
          "OSVersion/Microsoft.Windows.10.0.17763.",
          "Microsoft.Azure.Management.ResourceManager.ResourceManagementClient/1.6.0.0"
        ],
        "Content-Type": [
          "application/json; charset=utf-8"
        ],
        "Content-Length": [
          "35"
        ]
      },
      "ResponseHeaders": {
        "Cache-Control": [
          "no-cache"
        ],
        "Date": [
          "Tue, 16 Nov 2021 16:26:56 GMT"
        ],
        "Pragma": [
          "no-cache"
        ],
        "x-ms-ratelimit-remaining-subscription-writes": [
          "1198"
        ],
        "x-ms-request-id": [
          "f0ca3e75-d7bc-47c1-82d8-3042575f7e85"
        ],
        "x-ms-correlation-request-id": [
          "f0ca3e75-d7bc-47c1-82d8-3042575f7e85"
        ],
        "x-ms-routing-request-id": [
          "EASTUS2:20211116T162656Z:f0ca3e75-d7bc-47c1-82d8-3042575f7e85"
        ],
        "Strict-Transport-Security": [
          "max-age=31536000; includeSubDomains"
        ],
        "X-Content-Type-Options": [
          "nosniff"
        ],
        "Content-Length": [
          "188"
        ],
        "Content-Type": [
          "application/json; charset=utf-8"
        ],
        "Expires": [
          "-1"
        ]
      },
      "ResponseBody": "{\r\n  \"id\": \"/subscriptions/e37510d7-33b6-4676-886f-ee75bcc01871/resourceGroups/crptestar65791\",\r\n  \"name\": \"crptestar65791\",\r\n  \"location\": \"southeastasia\",\r\n  \"properties\": {\r\n    \"provisioningState\": \"Succeeded\"\r\n  }\r\n}",
      "StatusCode": 200
    },
    {
      "RequestUri": "/subscriptions/e37510d7-33b6-4676-886f-ee75bcc01871/resourceGroups/crptestar65791/providers/Microsoft.Storage/storageAccounts/crptestar1216?api-version=2015-06-15",
      "EncodedRequestUri": "L3N1YnNjcmlwdGlvbnMvZTM3NTEwZDctMzNiNi00Njc2LTg4NmYtZWU3NWJjYzAxODcxL3Jlc291cmNlR3JvdXBzL2NycHRlc3RhcjY1NzkxL3Byb3ZpZGVycy9NaWNyb3NvZnQuU3RvcmFnZS9zdG9yYWdlQWNjb3VudHMvY3JwdGVzdGFyMTIxNj9hcGktdmVyc2lvbj0yMDE1LTA2LTE1",
      "RequestMethod": "PUT",
      "RequestBody": "{\r\n  \"location\": \"SoutheastAsia\",\r\n  \"properties\": {\r\n    \"accountType\": \"Standard_GRS\"\r\n  }\r\n}",
      "RequestHeaders": {
        "x-ms-client-request-id": [
          "911723a8-0859-45cb-bd23-88db1e498ad5"
        ],
        "accept-language": [
          "en-US"
        ],
        "User-Agent": [
          "FxVersion/4.6.26614.01",
          "OSName/Windows",
          "OSVersion/Microsoft.Windows.10.0.17763.",
          "Microsoft.Azure.Management.Storage.StorageManagementClient/4.0.0.0"
        ],
        "Content-Type": [
          "application/json; charset=utf-8"
        ],
        "Content-Length": [
          "95"
        ]
      },
      "ResponseHeaders": {
        "Cache-Control": [
          "no-cache"
        ],
        "Date": [
          "Tue, 16 Nov 2021 16:26:14 GMT"
        ],
        "Pragma": [
          "no-cache"
        ],
        "Location": [
          "https://management.azure.com/subscriptions/e37510d7-33b6-4676-886f-ee75bcc01871/providers/Microsoft.Storage/locations/southeastasia/asyncoperations/7d07d663-9370-48bb-9d88-33f435c9b6d0?monitor=true&api-version=2015-06-15"
        ],
        "Retry-After": [
          "17"
        ],
        "Server": [
          "Microsoft-Azure-Storage-Resource-Provider/1.0,Microsoft-HTTPAPI/2.0 Microsoft-HTTPAPI/2.0"
        ],
        "x-ms-request-id": [
          "7d07d663-9370-48bb-9d88-33f435c9b6d0"
        ],
        "Strict-Transport-Security": [
          "max-age=31536000; includeSubDomains"
        ],
        "x-ms-ratelimit-remaining-subscription-writes": [
          "1199"
        ],
        "x-ms-correlation-request-id": [
          "a8248894-838c-4b56-99fc-6c8106a70c66"
        ],
        "x-ms-routing-request-id": [
          "EASTUS2:20211116T162614Z:a8248894-838c-4b56-99fc-6c8106a70c66"
        ],
        "X-Content-Type-Options": [
          "nosniff"
        ],
        "Content-Length": [
          "0"
        ],
        "Content-Type": [
          "text/plain; charset=utf-8"
        ],
        "Expires": [
          "-1"
        ]
      },
      "ResponseBody": "",
      "StatusCode": 202
    },
    {
      "RequestUri": "/subscriptions/e37510d7-33b6-4676-886f-ee75bcc01871/providers/Microsoft.Storage/locations/southeastasia/asyncoperations/7d07d663-9370-48bb-9d88-33f435c9b6d0?monitor=true&api-version=2015-06-15",
      "EncodedRequestUri": "L3N1YnNjcmlwdGlvbnMvZTM3NTEwZDctMzNiNi00Njc2LTg4NmYtZWU3NWJjYzAxODcxL3Byb3ZpZGVycy9NaWNyb3NvZnQuU3RvcmFnZS9sb2NhdGlvbnMvc291dGhlYXN0YXNpYS9hc3luY29wZXJhdGlvbnMvN2QwN2Q2NjMtOTM3MC00OGJiLTlkODgtMzNmNDM1YzliNmQwP21vbml0b3I9dHJ1ZSZhcGktdmVyc2lvbj0yMDE1LTA2LTE1",
      "RequestMethod": "GET",
      "RequestBody": "",
      "RequestHeaders": {
        "User-Agent": [
          "FxVersion/4.6.26614.01",
          "OSName/Windows",
          "OSVersion/Microsoft.Windows.10.0.17763.",
          "Microsoft.Azure.Management.Storage.StorageManagementClient/4.0.0.0"
        ]
      },
      "ResponseHeaders": {
        "Cache-Control": [
          "no-cache"
        ],
        "Date": [
          "Tue, 16 Nov 2021 16:26:31 GMT"
        ],
        "Pragma": [
          "no-cache"
        ],
        "Server": [
          "Microsoft-Azure-Storage-Resource-Provider/1.0,Microsoft-HTTPAPI/2.0 Microsoft-HTTPAPI/2.0"
        ],
        "x-ms-request-id": [
          "1bde1cdc-38fb-4b61-a7b3-e482f4d15c02"
        ],
        "Strict-Transport-Security": [
          "max-age=31536000; includeSubDomains"
        ],
        "x-ms-ratelimit-remaining-subscription-reads": [
          "11999"
        ],
        "x-ms-correlation-request-id": [
          "6dd2c7aa-8dbf-426b-baab-b910975450da"
        ],
        "x-ms-routing-request-id": [
          "EASTUS2:20211116T162632Z:6dd2c7aa-8dbf-426b-baab-b910975450da"
        ],
        "X-Content-Type-Options": [
          "nosniff"
        ],
        "Content-Length": [
          "95"
        ],
        "Content-Type": [
          "application/json"
        ],
        "Expires": [
          "-1"
        ]
      },
      "ResponseBody": "{\r\n  \"location\": \"SoutheastAsia\",\r\n  \"properties\": {\r\n    \"accountType\": \"Standard_GRS\"\r\n  }\r\n}",
      "StatusCode": 200
    },
    {
      "RequestUri": "/subscriptions/e37510d7-33b6-4676-886f-ee75bcc01871/resourceGroups/crptestar65791/providers/Microsoft.Storage/storageAccounts?api-version=2015-06-15",
      "EncodedRequestUri": "L3N1YnNjcmlwdGlvbnMvZTM3NTEwZDctMzNiNi00Njc2LTg4NmYtZWU3NWJjYzAxODcxL3Jlc291cmNlR3JvdXBzL2NycHRlc3RhcjY1NzkxL3Byb3ZpZGVycy9NaWNyb3NvZnQuU3RvcmFnZS9zdG9yYWdlQWNjb3VudHM/YXBpLXZlcnNpb249MjAxNS0wNi0xNQ==",
      "RequestMethod": "GET",
      "RequestBody": "",
      "RequestHeaders": {
        "x-ms-client-request-id": [
          "b5ae2d1b-ba38-433f-b385-0596a76ae550"
        ],
        "accept-language": [
          "en-US"
        ],
        "User-Agent": [
          "FxVersion/4.6.26614.01",
          "OSName/Windows",
          "OSVersion/Microsoft.Windows.10.0.17763.",
          "Microsoft.Azure.Management.Storage.StorageManagementClient/4.0.0.0"
        ]
      },
      "ResponseHeaders": {
        "Cache-Control": [
          "no-cache"
        ],
        "Date": [
          "Tue, 16 Nov 2021 16:26:41 GMT"
        ],
        "Pragma": [
          "no-cache"
        ],
        "Server": [
          "Microsoft-Azure-Storage-Resource-Provider/1.0,Microsoft-HTTPAPI/2.0 Microsoft-HTTPAPI/2.0"
        ],
        "x-ms-request-id": [
          "e7d7dec6-afbd-4622-b8b3-f230fdbf14a9"
        ],
        "Strict-Transport-Security": [
          "max-age=31536000; includeSubDomains"
        ],
        "x-ms-ratelimit-remaining-subscription-reads": [
          "11998"
        ],
        "x-ms-correlation-request-id": [
          "bf94f90d-462b-48fc-b72f-5dd665cb2b4c"
        ],
        "x-ms-routing-request-id": [
          "EASTUS2:20211116T162642Z:bf94f90d-462b-48fc-b72f-5dd665cb2b4c"
        ],
        "X-Content-Type-Options": [
          "nosniff"
        ],
        "Content-Length": [
          "753"
        ],
        "Content-Type": [
          "application/json"
        ],
        "Expires": [
          "-1"
        ]
      },
      "ResponseBody": "{\r\n  \"value\": [\r\n    {\r\n      \"id\": \"/subscriptions/e37510d7-33b6-4676-886f-ee75bcc01871/resourceGroups/crptestar65791/providers/Microsoft.Storage/storageAccounts/crptestar1216\",\r\n      \"name\": \"crptestar1216\",\r\n      \"type\": \"Microsoft.Storage/storageAccounts\",\r\n      \"location\": \"southeastasia\",\r\n      \"tags\": {},\r\n      \"properties\": {\r\n        \"accountType\": \"Standard_GRS\",\r\n        \"provisioningState\": \"Succeeded\",\r\n        \"creationTime\": \"2021-11-16T16:26:11.396824Z\",\r\n        \"primaryEndpoints\": {\r\n          \"blob\": \"https://crptestar1216.blob.core.windows.net/\",\r\n          \"queue\": \"https://crptestar1216.queue.core.windows.net/\",\r\n          \"table\": \"https://crptestar1216.table.core.windows.net/\",\r\n          \"file\": \"https://crptestar1216.file.core.windows.net/\"\r\n        },\r\n        \"primaryLocation\": \"southeastasia\",\r\n        \"statusOfPrimary\": \"available\",\r\n        \"secondaryLocation\": \"eastasia\",\r\n        \"statusOfSecondary\": \"available\"\r\n      }\r\n    }\r\n  ]\r\n}",
      "StatusCode": 200
    },
    {
      "RequestUri": "/subscriptions/e37510d7-33b6-4676-886f-ee75bcc01871/resourceGroups/crptestar65791/providers/Microsoft.Storage/storageAccounts/crptestar1216?api-version=2015-06-15",
      "EncodedRequestUri": "L3N1YnNjcmlwdGlvbnMvZTM3NTEwZDctMzNiNi00Njc2LTg4NmYtZWU3NWJjYzAxODcxL3Jlc291cmNlR3JvdXBzL2NycHRlc3RhcjY1NzkxL3Byb3ZpZGVycy9NaWNyb3NvZnQuU3RvcmFnZS9zdG9yYWdlQWNjb3VudHMvY3JwdGVzdGFyMTIxNj9hcGktdmVyc2lvbj0yMDE1LTA2LTE1",
      "RequestMethod": "GET",
      "RequestBody": "",
      "RequestHeaders": {
        "x-ms-client-request-id": [
          "40d9d2d9-477f-471e-bf40-247e999163e4"
        ],
        "accept-language": [
          "en-US"
        ],
        "User-Agent": [
          "FxVersion/4.6.26614.01",
          "OSName/Windows",
          "OSVersion/Microsoft.Windows.10.0.17763.",
          "Microsoft.Azure.Management.Storage.StorageManagementClient/4.0.0.0"
        ]
      },
      "ResponseHeaders": {
        "Cache-Control": [
          "no-cache"
        ],
        "Date": [
          "Tue, 16 Nov 2021 16:26:41 GMT"
        ],
        "Pragma": [
          "no-cache"
        ],
        "Server": [
          "Microsoft-Azure-Storage-Resource-Provider/1.0,Microsoft-HTTPAPI/2.0 Microsoft-HTTPAPI/2.0"
        ],
        "x-ms-request-id": [
          "a8e37b46-e580-45b5-b8b4-5bfa3edfaf07"
        ],
        "Strict-Transport-Security": [
          "max-age=31536000; includeSubDomains"
        ],
        "x-ms-ratelimit-remaining-subscription-reads": [
          "11997"
        ],
        "x-ms-correlation-request-id": [
          "539ba6e2-afa8-435c-93ee-104e46e8a04e"
        ],
        "x-ms-routing-request-id": [
          "EASTUS2:20211116T162642Z:539ba6e2-afa8-435c-93ee-104e46e8a04e"
        ],
        "X-Content-Type-Options": [
          "nosniff"
        ],
        "Content-Length": [
          "741"
        ],
        "Content-Type": [
          "application/json"
        ],
        "Expires": [
          "-1"
        ]
      },
      "ResponseBody": "{\r\n  \"id\": \"/subscriptions/e37510d7-33b6-4676-886f-ee75bcc01871/resourceGroups/crptestar65791/providers/Microsoft.Storage/storageAccounts/crptestar1216\",\r\n  \"name\": \"crptestar1216\",\r\n  \"type\": \"Microsoft.Storage/storageAccounts\",\r\n  \"location\": \"southeastasia\",\r\n  \"tags\": {},\r\n  \"properties\": {\r\n    \"accountType\": \"Standard_GRS\",\r\n    \"provisioningState\": \"Succeeded\",\r\n    \"creationTime\": \"2021-11-16T16:26:11.396824Z\",\r\n    \"primaryEndpoints\": {\r\n      \"blob\": \"https://crptestar1216.blob.core.windows.net/\",\r\n      \"queue\": \"https://crptestar1216.queue.core.windows.net/\",\r\n      \"table\": \"https://crptestar1216.table.core.windows.net/\",\r\n      \"file\": \"https://crptestar1216.file.core.windows.net/\"\r\n    },\r\n    \"primaryLocation\": \"southeastasia\",\r\n    \"statusOfPrimary\": \"available\",\r\n    \"secondaryLocation\": \"eastasia\",\r\n    \"statusOfSecondary\": \"available\"\r\n  }\r\n}",
      "StatusCode": 200
    },
    {
      "RequestUri": "/subscriptions/e37510d7-33b6-4676-886f-ee75bcc01871/resourceGroups/crptestar65791/providers/Microsoft.Network/virtualNetworks/vn1215?api-version=2019-09-01",
      "EncodedRequestUri": "L3N1YnNjcmlwdGlvbnMvZTM3NTEwZDctMzNiNi00Njc2LTg4NmYtZWU3NWJjYzAxODcxL3Jlc291cmNlR3JvdXBzL2NycHRlc3RhcjY1NzkxL3Byb3ZpZGVycy9NaWNyb3NvZnQuTmV0d29yay92aXJ0dWFsTmV0d29ya3Mvdm4xMjE1P2FwaS12ZXJzaW9uPTIwMTktMDktMDE=",
      "RequestMethod": "PUT",
      "RequestBody": "{\r\n  \"properties\": {\r\n    \"addressSpace\": {\r\n      \"addressPrefixes\": [\r\n        \"10.0.0.0/16\"\r\n      ]\r\n    },\r\n    \"dhcpOptions\": {\r\n      \"dnsServers\": [\r\n        \"10.1.1.1\",\r\n        \"10.1.2.4\"\r\n      ]\r\n    },\r\n    \"subnets\": [\r\n      {\r\n        \"properties\": {\r\n          \"addressPrefix\": \"10.0.1.0/24\"\r\n        },\r\n        \"name\": \"sn19791\"\r\n      },\r\n      {\r\n        \"properties\": {\r\n          \"addressPrefix\": \"10.0.2.0/24\"\r\n        },\r\n        \"name\": \"sn2619\"\r\n      }\r\n    ]\r\n  },\r\n  \"location\": \"SoutheastAsia\"\r\n}",
      "RequestHeaders": {
        "x-ms-client-request-id": [
          "cf2cdae9-1297-4673-95f5-2626bf6e43a7"
        ],
        "accept-language": [
          "en-US"
        ],
        "User-Agent": [
          "FxVersion/4.6.26614.01",
          "OSName/Windows",
          "OSVersion/Microsoft.Windows.10.0.17763.",
          "Microsoft.Azure.Management.Network.NetworkManagementClient/19.17.1.0"
        ],
        "Content-Type": [
          "application/json; charset=utf-8"
        ],
        "Content-Length": [
          "527"
        ]
      },
      "ResponseHeaders": {
        "Cache-Control": [
          "no-cache"
        ],
        "Date": [
          "Tue, 16 Nov 2021 16:26:50 GMT"
        ],
        "Pragma": [
          "no-cache"
        ],
        "Retry-After": [
          "3"
        ],
        "Server": [
          "Microsoft-HTTPAPI/2.0",
          "Microsoft-HTTPAPI/2.0"
        ],
        "x-ms-request-id": [
          "632dc40c-0a57-45fc-958b-19a7a06ca659"
        ],
        "Azure-AsyncOperation": [
          "https://management.azure.com/subscriptions/e37510d7-33b6-4676-886f-ee75bcc01871/providers/Microsoft.Network/locations/southeastasia/operations/632dc40c-0a57-45fc-958b-19a7a06ca659?api-version=2019-09-01"
        ],
        "x-ms-correlation-request-id": [
          "830cf9fb-ab75-415f-bff5-6764d91c3e43"
        ],
        "Azure-AsyncNotification": [
          "Enabled"
        ],
        "x-ms-arm-service-request-id": [
          "25b79152-6e68-4eb4-be62-416d8f805d63"
        ],
        "Strict-Transport-Security": [
          "max-age=31536000; includeSubDomains"
        ],
        "x-ms-ratelimit-remaining-subscription-writes": [
          "1199"
        ],
        "x-ms-routing-request-id": [
          "EASTUS2:20211116T162651Z:830cf9fb-ab75-415f-bff5-6764d91c3e43"
        ],
        "X-Content-Type-Options": [
          "nosniff"
        ],
        "Content-Length": [
          "1929"
        ],
        "Content-Type": [
          "application/json; charset=utf-8"
        ],
        "Expires": [
          "-1"
        ]
      },
      "ResponseBody": "{\r\n  \"name\": \"vn1215\",\r\n  \"id\": \"/subscriptions/e37510d7-33b6-4676-886f-ee75bcc01871/resourceGroups/crptestar65791/providers/Microsoft.Network/virtualNetworks/vn1215\",\r\n  \"etag\": \"W/\\\"c0588521-f3c9-4bd8-b005-64a50e6b50c2\\\"\",\r\n  \"type\": \"Microsoft.Network/virtualNetworks\",\r\n  \"location\": \"southeastasia\",\r\n  \"properties\": {\r\n    \"provisioningState\": \"Updating\",\r\n    \"resourceGuid\": \"347363d4-e56e-45ed-98a7-f722fd8e5015\",\r\n    \"addressSpace\": {\r\n      \"addressPrefixes\": [\r\n        \"10.0.0.0/16\"\r\n      ]\r\n    },\r\n    \"dhcpOptions\": {\r\n      \"dnsServers\": [\r\n        \"10.1.1.1\",\r\n        \"10.1.2.4\"\r\n      ]\r\n    },\r\n    \"subnets\": [\r\n      {\r\n        \"name\": \"sn19791\",\r\n        \"id\": \"/subscriptions/e37510d7-33b6-4676-886f-ee75bcc01871/resourceGroups/crptestar65791/providers/Microsoft.Network/virtualNetworks/vn1215/subnets/sn19791\",\r\n        \"etag\": \"W/\\\"c0588521-f3c9-4bd8-b005-64a50e6b50c2\\\"\",\r\n        \"properties\": {\r\n          \"provisioningState\": \"Updating\",\r\n          \"addressPrefix\": \"10.0.1.0/24\",\r\n          \"delegations\": [],\r\n          \"privateEndpointNetworkPolicies\": \"Enabled\",\r\n          \"privateLinkServiceNetworkPolicies\": \"Enabled\"\r\n        },\r\n        \"type\": \"Microsoft.Network/virtualNetworks/subnets\"\r\n      },\r\n      {\r\n        \"name\": \"sn2619\",\r\n        \"id\": \"/subscriptions/e37510d7-33b6-4676-886f-ee75bcc01871/resourceGroups/crptestar65791/providers/Microsoft.Network/virtualNetworks/vn1215/subnets/sn2619\",\r\n        \"etag\": \"W/\\\"c0588521-f3c9-4bd8-b005-64a50e6b50c2\\\"\",\r\n        \"properties\": {\r\n          \"provisioningState\": \"Updating\",\r\n          \"addressPrefix\": \"10.0.2.0/24\",\r\n          \"delegations\": [],\r\n          \"privateEndpointNetworkPolicies\": \"Enabled\",\r\n          \"privateLinkServiceNetworkPolicies\": \"Enabled\"\r\n        },\r\n        \"type\": \"Microsoft.Network/virtualNetworks/subnets\"\r\n      }\r\n    ],\r\n    \"virtualNetworkPeerings\": [],\r\n    \"enableDdosProtection\": false\r\n  }\r\n}",
      "StatusCode": 201
    },
    {
      "RequestUri": "/subscriptions/e37510d7-33b6-4676-886f-ee75bcc01871/providers/Microsoft.Network/locations/southeastasia/operations/632dc40c-0a57-45fc-958b-19a7a06ca659?api-version=2019-09-01",
      "EncodedRequestUri": "L3N1YnNjcmlwdGlvbnMvZTM3NTEwZDctMzNiNi00Njc2LTg4NmYtZWU3NWJjYzAxODcxL3Byb3ZpZGVycy9NaWNyb3NvZnQuTmV0d29yay9sb2NhdGlvbnMvc291dGhlYXN0YXNpYS9vcGVyYXRpb25zLzYzMmRjNDBjLTBhNTctNDVmYy05NThiLTE5YTdhMDZjYTY1OT9hcGktdmVyc2lvbj0yMDE5LTA5LTAx",
      "RequestMethod": "GET",
      "RequestBody": "",
      "RequestHeaders": {
        "User-Agent": [
          "FxVersion/4.6.26614.01",
          "OSName/Windows",
          "OSVersion/Microsoft.Windows.10.0.17763.",
          "Microsoft.Azure.Management.Network.NetworkManagementClient/19.17.1.0"
        ]
      },
      "ResponseHeaders": {
        "Cache-Control": [
          "no-cache"
        ],
        "Date": [
          "Tue, 16 Nov 2021 16:26:54 GMT"
        ],
        "Pragma": [
          "no-cache"
        ],
        "Server": [
          "Microsoft-HTTPAPI/2.0",
          "Microsoft-HTTPAPI/2.0"
        ],
        "x-ms-request-id": [
          "f41502d8-2441-4bda-8ec7-14c9a0888584"
        ],
        "x-ms-correlation-request-id": [
          "06316800-aed3-431e-997a-b3cf6c0d5409"
        ],
        "x-ms-arm-service-request-id": [
          "810d6ec4-61b0-4f8c-bd96-57adfdce1c12"
        ],
        "Strict-Transport-Security": [
          "max-age=31536000; includeSubDomains"
        ],
        "x-ms-ratelimit-remaining-subscription-reads": [
          "11999"
        ],
        "x-ms-routing-request-id": [
          "EASTUS2:20211116T162654Z:06316800-aed3-431e-997a-b3cf6c0d5409"
        ],
        "X-Content-Type-Options": [
          "nosniff"
        ],
        "Content-Length": [
          "29"
        ],
        "Content-Type": [
          "application/json; charset=utf-8"
        ],
        "Expires": [
          "-1"
        ]
      },
      "ResponseBody": "{\r\n  \"status\": \"Succeeded\"\r\n}",
      "StatusCode": 200
    },
    {
      "RequestUri": "/subscriptions/e37510d7-33b6-4676-886f-ee75bcc01871/resourceGroups/crptestar65791/providers/Microsoft.Network/virtualNetworks/vn1215?api-version=2019-09-01",
      "EncodedRequestUri": "L3N1YnNjcmlwdGlvbnMvZTM3NTEwZDctMzNiNi00Njc2LTg4NmYtZWU3NWJjYzAxODcxL3Jlc291cmNlR3JvdXBzL2NycHRlc3RhcjY1NzkxL3Byb3ZpZGVycy9NaWNyb3NvZnQuTmV0d29yay92aXJ0dWFsTmV0d29ya3Mvdm4xMjE1P2FwaS12ZXJzaW9uPTIwMTktMDktMDE=",
      "RequestMethod": "GET",
      "RequestBody": "",
      "RequestHeaders": {
        "User-Agent": [
          "FxVersion/4.6.26614.01",
          "OSName/Windows",
          "OSVersion/Microsoft.Windows.10.0.17763.",
          "Microsoft.Azure.Management.Network.NetworkManagementClient/19.17.1.0"
        ]
      },
      "ResponseHeaders": {
        "Cache-Control": [
          "no-cache"
        ],
        "Date": [
          "Tue, 16 Nov 2021 16:26:54 GMT"
        ],
        "Pragma": [
          "no-cache"
        ],
        "ETag": [
          "W/\"9e8c3e3d-0e37-4d12-84bd-dded44216972\""
        ],
        "Server": [
          "Microsoft-HTTPAPI/2.0",
          "Microsoft-HTTPAPI/2.0"
        ],
        "x-ms-request-id": [
          "a9a30b8e-a630-48b6-bcca-501e7d44216b"
        ],
        "x-ms-correlation-request-id": [
          "6b49a750-d3ca-44a9-8690-d1d7f5a23906"
        ],
        "x-ms-arm-service-request-id": [
          "f3ae311f-3d39-4baa-9653-30bdc76d5988"
        ],
        "Strict-Transport-Security": [
          "max-age=31536000; includeSubDomains"
        ],
        "x-ms-ratelimit-remaining-subscription-reads": [
          "11998"
        ],
        "x-ms-routing-request-id": [
          "EASTUS2:20211116T162655Z:6b49a750-d3ca-44a9-8690-d1d7f5a23906"
        ],
        "X-Content-Type-Options": [
          "nosniff"
        ],
        "Content-Length": [
          "1932"
        ],
        "Content-Type": [
          "application/json; charset=utf-8"
        ],
        "Expires": [
          "-1"
        ]
      },
      "ResponseBody": "{\r\n  \"name\": \"vn1215\",\r\n  \"id\": \"/subscriptions/e37510d7-33b6-4676-886f-ee75bcc01871/resourceGroups/crptestar65791/providers/Microsoft.Network/virtualNetworks/vn1215\",\r\n  \"etag\": \"W/\\\"9e8c3e3d-0e37-4d12-84bd-dded44216972\\\"\",\r\n  \"type\": \"Microsoft.Network/virtualNetworks\",\r\n  \"location\": \"southeastasia\",\r\n  \"properties\": {\r\n    \"provisioningState\": \"Succeeded\",\r\n    \"resourceGuid\": \"347363d4-e56e-45ed-98a7-f722fd8e5015\",\r\n    \"addressSpace\": {\r\n      \"addressPrefixes\": [\r\n        \"10.0.0.0/16\"\r\n      ]\r\n    },\r\n    \"dhcpOptions\": {\r\n      \"dnsServers\": [\r\n        \"10.1.1.1\",\r\n        \"10.1.2.4\"\r\n      ]\r\n    },\r\n    \"subnets\": [\r\n      {\r\n        \"name\": \"sn19791\",\r\n        \"id\": \"/subscriptions/e37510d7-33b6-4676-886f-ee75bcc01871/resourceGroups/crptestar65791/providers/Microsoft.Network/virtualNetworks/vn1215/subnets/sn19791\",\r\n        \"etag\": \"W/\\\"9e8c3e3d-0e37-4d12-84bd-dded44216972\\\"\",\r\n        \"properties\": {\r\n          \"provisioningState\": \"Succeeded\",\r\n          \"addressPrefix\": \"10.0.1.0/24\",\r\n          \"delegations\": [],\r\n          \"privateEndpointNetworkPolicies\": \"Enabled\",\r\n          \"privateLinkServiceNetworkPolicies\": \"Enabled\"\r\n        },\r\n        \"type\": \"Microsoft.Network/virtualNetworks/subnets\"\r\n      },\r\n      {\r\n        \"name\": \"sn2619\",\r\n        \"id\": \"/subscriptions/e37510d7-33b6-4676-886f-ee75bcc01871/resourceGroups/crptestar65791/providers/Microsoft.Network/virtualNetworks/vn1215/subnets/sn2619\",\r\n        \"etag\": \"W/\\\"9e8c3e3d-0e37-4d12-84bd-dded44216972\\\"\",\r\n        \"properties\": {\r\n          \"provisioningState\": \"Succeeded\",\r\n          \"addressPrefix\": \"10.0.2.0/24\",\r\n          \"delegations\": [],\r\n          \"privateEndpointNetworkPolicies\": \"Enabled\",\r\n          \"privateLinkServiceNetworkPolicies\": \"Enabled\"\r\n        },\r\n        \"type\": \"Microsoft.Network/virtualNetworks/subnets\"\r\n      }\r\n    ],\r\n    \"virtualNetworkPeerings\": [],\r\n    \"enableDdosProtection\": false\r\n  }\r\n}",
      "StatusCode": 200
    },
    {
      "RequestUri": "/subscriptions/e37510d7-33b6-4676-886f-ee75bcc01871/resourceGroups/crptestar65791/providers/Microsoft.Network/publicIPAddresses/pip1099?api-version=2019-09-01",
      "EncodedRequestUri": "L3N1YnNjcmlwdGlvbnMvZTM3NTEwZDctMzNiNi00Njc2LTg4NmYtZWU3NWJjYzAxODcxL3Jlc291cmNlR3JvdXBzL2NycHRlc3RhcjY1NzkxL3Byb3ZpZGVycy9NaWNyb3NvZnQuTmV0d29yay9wdWJsaWNJUEFkZHJlc3Nlcy9waXAxMDk5P2FwaS12ZXJzaW9uPTIwMTktMDktMDE=",
      "RequestMethod": "PUT",
      "RequestBody": "{\r\n  \"properties\": {\r\n    \"publicIPAllocationMethod\": \"Dynamic\",\r\n    \"dnsSettings\": {\r\n      \"domainNameLabel\": \"dn2013\"\r\n    }\r\n  },\r\n  \"location\": \"SoutheastAsia\",\r\n  \"tags\": {\r\n    \"key\": \"value\"\r\n  }\r\n}",
      "RequestHeaders": {
        "x-ms-client-request-id": [
          "96c938e6-7a41-4b37-84f0-66e68909a673"
        ],
        "accept-language": [
          "en-US"
        ],
        "User-Agent": [
          "FxVersion/4.6.26614.01",
          "OSName/Windows",
          "OSVersion/Microsoft.Windows.10.0.17763.",
          "Microsoft.Azure.Management.Network.NetworkManagementClient/19.17.1.0"
        ],
        "Content-Type": [
          "application/json; charset=utf-8"
        ],
        "Content-Length": [
          "207"
        ]
      },
      "ResponseHeaders": {
        "Cache-Control": [
          "no-cache"
        ],
        "Date": [
          "Tue, 16 Nov 2021 16:27:01 GMT"
        ],
        "Pragma": [
          "no-cache"
        ],
        "Retry-After": [
          "1"
        ],
        "Server": [
          "Microsoft-HTTPAPI/2.0",
          "Microsoft-HTTPAPI/2.0"
        ],
        "x-ms-request-id": [
          "0e590f9a-d49c-4bd3-aed5-84bc6f1d5b2f"
        ],
        "Azure-AsyncOperation": [
          "https://management.azure.com/subscriptions/e37510d7-33b6-4676-886f-ee75bcc01871/providers/Microsoft.Network/locations/southeastasia/operations/0e590f9a-d49c-4bd3-aed5-84bc6f1d5b2f?api-version=2019-09-01"
        ],
        "x-ms-correlation-request-id": [
          "9d4d60e8-c5b2-4e89-a544-8feb488fb348"
        ],
        "Azure-AsyncNotification": [
          "Enabled"
        ],
        "x-ms-arm-service-request-id": [
          "04bdfcd9-7278-4672-b03d-b242db793bc8"
        ],
        "Strict-Transport-Security": [
          "max-age=31536000; includeSubDomains"
        ],
        "x-ms-ratelimit-remaining-subscription-writes": [
          "1198"
        ],
        "x-ms-routing-request-id": [
          "EASTUS2:20211116T162702Z:9d4d60e8-c5b2-4e89-a544-8feb488fb348"
        ],
        "X-Content-Type-Options": [
          "nosniff"
        ],
        "Content-Length": [
          "770"
        ],
        "Content-Type": [
          "application/json; charset=utf-8"
        ],
        "Expires": [
          "-1"
        ]
      },
      "ResponseBody": "{\r\n  \"name\": \"pip1099\",\r\n  \"id\": \"/subscriptions/e37510d7-33b6-4676-886f-ee75bcc01871/resourceGroups/crptestar65791/providers/Microsoft.Network/publicIPAddresses/pip1099\",\r\n  \"etag\": \"W/\\\"83d2c0d3-689e-4cfe-8074-b3c72871d8eb\\\"\",\r\n  \"location\": \"southeastasia\",\r\n  \"tags\": {\r\n    \"key\": \"value\"\r\n  },\r\n  \"properties\": {\r\n    \"provisioningState\": \"Updating\",\r\n    \"resourceGuid\": \"f0c3cc22-22a1-4c74-b68e-b92e0a1a1371\",\r\n    \"publicIPAddressVersion\": \"IPv4\",\r\n    \"publicIPAllocationMethod\": \"Dynamic\",\r\n    \"idleTimeoutInMinutes\": 4,\r\n    \"dnsSettings\": {\r\n      \"domainNameLabel\": \"dn2013\",\r\n      \"fqdn\": \"dn2013.southeastasia.cloudapp.azure.com\"\r\n    },\r\n    \"ipTags\": []\r\n  },\r\n  \"type\": \"Microsoft.Network/publicIPAddresses\",\r\n  \"sku\": {\r\n    \"name\": \"Basic\"\r\n  }\r\n}",
      "StatusCode": 201
    },
    {
      "RequestUri": "/subscriptions/e37510d7-33b6-4676-886f-ee75bcc01871/providers/Microsoft.Network/locations/southeastasia/operations/0e590f9a-d49c-4bd3-aed5-84bc6f1d5b2f?api-version=2019-09-01",
      "EncodedRequestUri": "L3N1YnNjcmlwdGlvbnMvZTM3NTEwZDctMzNiNi00Njc2LTg4NmYtZWU3NWJjYzAxODcxL3Byb3ZpZGVycy9NaWNyb3NvZnQuTmV0d29yay9sb2NhdGlvbnMvc291dGhlYXN0YXNpYS9vcGVyYXRpb25zLzBlNTkwZjlhLWQ0OWMtNGJkMy1hZWQ1LTg0YmM2ZjFkNWIyZj9hcGktdmVyc2lvbj0yMDE5LTA5LTAx",
      "RequestMethod": "GET",
      "RequestBody": "",
      "RequestHeaders": {
        "User-Agent": [
          "FxVersion/4.6.26614.01",
          "OSName/Windows",
          "OSVersion/Microsoft.Windows.10.0.17763.",
          "Microsoft.Azure.Management.Network.NetworkManagementClient/19.17.1.0"
        ]
      },
      "ResponseHeaders": {
        "Cache-Control": [
          "no-cache"
        ],
        "Date": [
          "Tue, 16 Nov 2021 16:27:02 GMT"
        ],
        "Pragma": [
          "no-cache"
        ],
        "Server": [
          "Microsoft-HTTPAPI/2.0",
          "Microsoft-HTTPAPI/2.0"
        ],
        "x-ms-request-id": [
          "01de02e0-aee1-42e7-9d19-1eeb902d2f25"
        ],
        "x-ms-correlation-request-id": [
          "78926b17-2c81-4a1b-8661-7ef55ce487fb"
        ],
        "x-ms-arm-service-request-id": [
          "526c8212-20f0-40ec-97a8-49dd18d1d5f6"
        ],
        "Strict-Transport-Security": [
          "max-age=31536000; includeSubDomains"
        ],
        "x-ms-ratelimit-remaining-subscription-reads": [
          "11997"
        ],
        "x-ms-routing-request-id": [
          "EASTUS2:20211116T162703Z:78926b17-2c81-4a1b-8661-7ef55ce487fb"
        ],
        "X-Content-Type-Options": [
          "nosniff"
        ],
        "Content-Length": [
          "29"
        ],
        "Content-Type": [
          "application/json; charset=utf-8"
        ],
        "Expires": [
          "-1"
        ]
      },
      "ResponseBody": "{\r\n  \"status\": \"Succeeded\"\r\n}",
      "StatusCode": 200
    },
    {
      "RequestUri": "/subscriptions/e37510d7-33b6-4676-886f-ee75bcc01871/resourceGroups/crptestar65791/providers/Microsoft.Network/publicIPAddresses/pip1099?api-version=2019-09-01",
      "EncodedRequestUri": "L3N1YnNjcmlwdGlvbnMvZTM3NTEwZDctMzNiNi00Njc2LTg4NmYtZWU3NWJjYzAxODcxL3Jlc291cmNlR3JvdXBzL2NycHRlc3RhcjY1NzkxL3Byb3ZpZGVycy9NaWNyb3NvZnQuTmV0d29yay9wdWJsaWNJUEFkZHJlc3Nlcy9waXAxMDk5P2FwaS12ZXJzaW9uPTIwMTktMDktMDE=",
      "RequestMethod": "GET",
      "RequestBody": "",
      "RequestHeaders": {
        "User-Agent": [
          "FxVersion/4.6.26614.01",
          "OSName/Windows",
          "OSVersion/Microsoft.Windows.10.0.17763.",
          "Microsoft.Azure.Management.Network.NetworkManagementClient/19.17.1.0"
        ]
      },
      "ResponseHeaders": {
        "Cache-Control": [
          "no-cache"
        ],
        "Date": [
          "Tue, 16 Nov 2021 16:27:02 GMT"
        ],
        "Pragma": [
          "no-cache"
        ],
        "ETag": [
          "W/\"fbd8e574-880d-4423-b8f9-815edbe27d8d\""
        ],
        "Server": [
          "Microsoft-HTTPAPI/2.0",
          "Microsoft-HTTPAPI/2.0"
        ],
        "x-ms-request-id": [
          "a61ffe74-8619-422e-b8be-21fcdc81a9c7"
        ],
        "x-ms-correlation-request-id": [
          "9036118b-2cd9-457b-bb72-5f1d73a03a7b"
        ],
        "x-ms-arm-service-request-id": [
          "0e0bbee9-1fea-4dc8-a2c4-a6a163b383af"
        ],
        "Strict-Transport-Security": [
          "max-age=31536000; includeSubDomains"
        ],
        "x-ms-ratelimit-remaining-subscription-reads": [
          "11996"
        ],
        "x-ms-routing-request-id": [
          "EASTUS2:20211116T162703Z:9036118b-2cd9-457b-bb72-5f1d73a03a7b"
        ],
        "X-Content-Type-Options": [
          "nosniff"
        ],
        "Content-Length": [
          "771"
        ],
        "Content-Type": [
          "application/json; charset=utf-8"
        ],
        "Expires": [
          "-1"
        ]
      },
      "ResponseBody": "{\r\n  \"name\": \"pip1099\",\r\n  \"id\": \"/subscriptions/e37510d7-33b6-4676-886f-ee75bcc01871/resourceGroups/crptestar65791/providers/Microsoft.Network/publicIPAddresses/pip1099\",\r\n  \"etag\": \"W/\\\"fbd8e574-880d-4423-b8f9-815edbe27d8d\\\"\",\r\n  \"location\": \"southeastasia\",\r\n  \"tags\": {\r\n    \"key\": \"value\"\r\n  },\r\n  \"properties\": {\r\n    \"provisioningState\": \"Succeeded\",\r\n    \"resourceGuid\": \"f0c3cc22-22a1-4c74-b68e-b92e0a1a1371\",\r\n    \"publicIPAddressVersion\": \"IPv4\",\r\n    \"publicIPAllocationMethod\": \"Dynamic\",\r\n    \"idleTimeoutInMinutes\": 4,\r\n    \"dnsSettings\": {\r\n      \"domainNameLabel\": \"dn2013\",\r\n      \"fqdn\": \"dn2013.southeastasia.cloudapp.azure.com\"\r\n    },\r\n    \"ipTags\": []\r\n  },\r\n  \"type\": \"Microsoft.Network/publicIPAddresses\",\r\n  \"sku\": {\r\n    \"name\": \"Basic\"\r\n  }\r\n}",
      "StatusCode": 200
    },
    {
      "RequestUri": "/subscriptions/e37510d7-33b6-4676-886f-ee75bcc01871/resourceGroups/crptestar65791/providers/Microsoft.Network/publicIPAddresses/pip1099?api-version=2019-09-01",
      "EncodedRequestUri": "L3N1YnNjcmlwdGlvbnMvZTM3NTEwZDctMzNiNi00Njc2LTg4NmYtZWU3NWJjYzAxODcxL3Jlc291cmNlR3JvdXBzL2NycHRlc3RhcjY1NzkxL3Byb3ZpZGVycy9NaWNyb3NvZnQuTmV0d29yay9wdWJsaWNJUEFkZHJlc3Nlcy9waXAxMDk5P2FwaS12ZXJzaW9uPTIwMTktMDktMDE=",
      "RequestMethod": "GET",
      "RequestBody": "",
      "RequestHeaders": {
        "x-ms-client-request-id": [
          "57beabd9-9018-433a-91e0-f181d815a658"
        ],
        "accept-language": [
          "en-US"
        ],
        "User-Agent": [
          "FxVersion/4.6.26614.01",
          "OSName/Windows",
          "OSVersion/Microsoft.Windows.10.0.17763.",
          "Microsoft.Azure.Management.Network.NetworkManagementClient/19.17.1.0"
        ]
      },
      "ResponseHeaders": {
        "Cache-Control": [
          "no-cache"
        ],
        "Date": [
          "Tue, 16 Nov 2021 16:27:03 GMT"
        ],
        "Pragma": [
          "no-cache"
        ],
        "ETag": [
          "W/\"fbd8e574-880d-4423-b8f9-815edbe27d8d\""
        ],
        "Server": [
          "Microsoft-HTTPAPI/2.0",
          "Microsoft-HTTPAPI/2.0"
        ],
        "x-ms-request-id": [
          "99979173-df6a-4503-9203-eb408542c0d0"
        ],
        "x-ms-correlation-request-id": [
          "3a0f65bd-a24e-4568-a7bf-985a783da88d"
        ],
        "x-ms-arm-service-request-id": [
          "db0dc6d2-8992-4ee5-8d8c-1ac418bf2b56"
        ],
        "Strict-Transport-Security": [
          "max-age=31536000; includeSubDomains"
        ],
        "x-ms-ratelimit-remaining-subscription-reads": [
          "11995"
        ],
        "x-ms-routing-request-id": [
          "EASTUS2:20211116T162704Z:3a0f65bd-a24e-4568-a7bf-985a783da88d"
        ],
        "X-Content-Type-Options": [
          "nosniff"
        ],
        "Content-Length": [
          "771"
        ],
        "Content-Type": [
          "application/json; charset=utf-8"
        ],
        "Expires": [
          "-1"
        ]
      },
      "ResponseBody": "{\r\n  \"name\": \"pip1099\",\r\n  \"id\": \"/subscriptions/e37510d7-33b6-4676-886f-ee75bcc01871/resourceGroups/crptestar65791/providers/Microsoft.Network/publicIPAddresses/pip1099\",\r\n  \"etag\": \"W/\\\"fbd8e574-880d-4423-b8f9-815edbe27d8d\\\"\",\r\n  \"location\": \"southeastasia\",\r\n  \"tags\": {\r\n    \"key\": \"value\"\r\n  },\r\n  \"properties\": {\r\n    \"provisioningState\": \"Succeeded\",\r\n    \"resourceGuid\": \"f0c3cc22-22a1-4c74-b68e-b92e0a1a1371\",\r\n    \"publicIPAddressVersion\": \"IPv4\",\r\n    \"publicIPAllocationMethod\": \"Dynamic\",\r\n    \"idleTimeoutInMinutes\": 4,\r\n    \"dnsSettings\": {\r\n      \"domainNameLabel\": \"dn2013\",\r\n      \"fqdn\": \"dn2013.southeastasia.cloudapp.azure.com\"\r\n    },\r\n    \"ipTags\": []\r\n  },\r\n  \"type\": \"Microsoft.Network/publicIPAddresses\",\r\n  \"sku\": {\r\n    \"name\": \"Basic\"\r\n  }\r\n}",
      "StatusCode": 200
    },
    {
      "RequestUri": "/subscriptions/e37510d7-33b6-4676-886f-ee75bcc01871/resourceGroups/crptestar65791/providers/Microsoft.Network/networkInterfaces/nic5477?api-version=2019-09-01",
      "EncodedRequestUri": "L3N1YnNjcmlwdGlvbnMvZTM3NTEwZDctMzNiNi00Njc2LTg4NmYtZWU3NWJjYzAxODcxL3Jlc291cmNlR3JvdXBzL2NycHRlc3RhcjY1NzkxL3Byb3ZpZGVycy9NaWNyb3NvZnQuTmV0d29yay9uZXR3b3JrSW50ZXJmYWNlcy9uaWM1NDc3P2FwaS12ZXJzaW9uPTIwMTktMDktMDE=",
      "RequestMethod": "PUT",
      "RequestBody": "{\r\n  \"properties\": {\r\n    \"ipConfigurations\": [\r\n      {\r\n        \"properties\": {\r\n          \"privateIPAllocationMethod\": \"Dynamic\",\r\n          \"subnet\": {\r\n            \"properties\": {\r\n              \"addressPrefix\": \"10.0.2.0/24\",\r\n              \"delegations\": [],\r\n              \"privateEndpointNetworkPolicies\": \"Enabled\",\r\n              \"privateLinkServiceNetworkPolicies\": \"Enabled\"\r\n            },\r\n            \"name\": \"sn2619\",\r\n            \"id\": \"/subscriptions/e37510d7-33b6-4676-886f-ee75bcc01871/resourceGroups/crptestar65791/providers/Microsoft.Network/virtualNetworks/vn1215/subnets/sn2619\"\r\n          }\r\n        },\r\n        \"name\": \"ip1294\"\r\n      }\r\n    ]\r\n  },\r\n  \"location\": \"SoutheastAsia\",\r\n  \"tags\": {\r\n    \"key\": \"value\"\r\n  }\r\n}",
      "RequestHeaders": {
        "x-ms-client-request-id": [
          "c4d514d2-7708-4965-8282-fb70ef35fcda"
        ],
        "accept-language": [
          "en-US"
        ],
        "User-Agent": [
          "FxVersion/4.6.26614.01",
          "OSName/Windows",
          "OSVersion/Microsoft.Windows.10.0.17763.",
          "Microsoft.Azure.Management.Network.NetworkManagementClient/19.17.1.0"
        ],
        "Content-Type": [
          "application/json; charset=utf-8"
        ],
        "Content-Length": [
          "749"
        ]
      },
      "ResponseHeaders": {
        "Cache-Control": [
          "no-cache"
        ],
        "Date": [
          "Tue, 16 Nov 2021 16:27:07 GMT"
        ],
        "Pragma": [
          "no-cache"
        ],
        "Server": [
          "Microsoft-HTTPAPI/2.0",
          "Microsoft-HTTPAPI/2.0"
        ],
        "x-ms-request-id": [
          "ebbf6f50-e750-4408-a079-13b6886b620e"
        ],
        "Azure-AsyncOperation": [
          "https://management.azure.com/subscriptions/e37510d7-33b6-4676-886f-ee75bcc01871/providers/Microsoft.Network/locations/southeastasia/operations/ebbf6f50-e750-4408-a079-13b6886b620e?api-version=2019-09-01"
        ],
        "x-ms-correlation-request-id": [
          "ad56640f-2ef5-41a2-9a2f-1dfd95fdf81c"
        ],
        "Azure-AsyncNotification": [
          "Enabled"
        ],
        "x-ms-arm-service-request-id": [
          "e482edcb-ea21-4812-b6b5-65b0d7b705d4"
        ],
        "Strict-Transport-Security": [
          "max-age=31536000; includeSubDomains"
        ],
        "x-ms-ratelimit-remaining-subscription-writes": [
          "1197"
        ],
        "x-ms-routing-request-id": [
          "EASTUS2:20211116T162707Z:ad56640f-2ef5-41a2-9a2f-1dfd95fdf81c"
        ],
        "X-Content-Type-Options": [
          "nosniff"
        ],
        "Content-Length": [
          "1634"
        ],
        "Content-Type": [
          "application/json; charset=utf-8"
        ],
        "Expires": [
          "-1"
        ]
      },
      "ResponseBody": "{\r\n  \"name\": \"nic5477\",\r\n  \"id\": \"/subscriptions/e37510d7-33b6-4676-886f-ee75bcc01871/resourceGroups/crptestar65791/providers/Microsoft.Network/networkInterfaces/nic5477\",\r\n  \"etag\": \"W/\\\"b9ccdd1d-b49a-4666-8cee-b2da00ee37f2\\\"\",\r\n  \"location\": \"southeastasia\",\r\n  \"tags\": {\r\n    \"key\": \"value\"\r\n  },\r\n  \"properties\": {\r\n    \"provisioningState\": \"Succeeded\",\r\n    \"resourceGuid\": \"c85bdbcc-21f5-420b-b15c-e4c892779ae1\",\r\n    \"ipConfigurations\": [\r\n      {\r\n        \"name\": \"ip1294\",\r\n        \"id\": \"/subscriptions/e37510d7-33b6-4676-886f-ee75bcc01871/resourceGroups/crptestar65791/providers/Microsoft.Network/networkInterfaces/nic5477/ipConfigurations/ip1294\",\r\n        \"etag\": \"W/\\\"b9ccdd1d-b49a-4666-8cee-b2da00ee37f2\\\"\",\r\n        \"type\": \"Microsoft.Network/networkInterfaces/ipConfigurations\",\r\n        \"properties\": {\r\n          \"provisioningState\": \"Succeeded\",\r\n          \"privateIPAddress\": \"10.0.2.4\",\r\n          \"privateIPAllocationMethod\": \"Dynamic\",\r\n          \"subnet\": {\r\n            \"id\": \"/subscriptions/e37510d7-33b6-4676-886f-ee75bcc01871/resourceGroups/crptestar65791/providers/Microsoft.Network/virtualNetworks/vn1215/subnets/sn2619\"\r\n          },\r\n          \"primary\": true,\r\n          \"privateIPAddressVersion\": \"IPv4\"\r\n        }\r\n      }\r\n    ],\r\n    \"dnsSettings\": {\r\n      \"dnsServers\": [],\r\n      \"appliedDnsServers\": [],\r\n      \"internalDomainNameSuffix\": \"0rrxgndo2xwulgfh42rp1dsqcf.ix.internal.cloudapp.net\"\r\n    },\r\n    \"enableAcceleratedNetworking\": false,\r\n    \"enableIPForwarding\": false,\r\n    \"hostedWorkloads\": [],\r\n    \"tapConfigurations\": []\r\n  },\r\n  \"type\": \"Microsoft.Network/networkInterfaces\"\r\n}",
      "StatusCode": 201
    },
    {
      "RequestUri": "/subscriptions/e37510d7-33b6-4676-886f-ee75bcc01871/resourceGroups/crptestar65791/providers/Microsoft.Network/networkInterfaces/nic5477?api-version=2019-09-01",
      "EncodedRequestUri": "L3N1YnNjcmlwdGlvbnMvZTM3NTEwZDctMzNiNi00Njc2LTg4NmYtZWU3NWJjYzAxODcxL3Jlc291cmNlR3JvdXBzL2NycHRlc3RhcjY1NzkxL3Byb3ZpZGVycy9NaWNyb3NvZnQuTmV0d29yay9uZXR3b3JrSW50ZXJmYWNlcy9uaWM1NDc3P2FwaS12ZXJzaW9uPTIwMTktMDktMDE=",
      "RequestMethod": "GET",
      "RequestBody": "",
      "RequestHeaders": {
        "User-Agent": [
          "FxVersion/4.6.26614.01",
          "OSName/Windows",
          "OSVersion/Microsoft.Windows.10.0.17763.",
          "Microsoft.Azure.Management.Network.NetworkManagementClient/19.17.1.0"
        ]
      },
      "ResponseHeaders": {
        "Cache-Control": [
          "no-cache"
        ],
        "Date": [
          "Tue, 16 Nov 2021 16:27:08 GMT"
        ],
        "Pragma": [
          "no-cache"
        ],
        "ETag": [
          "W/\"b9ccdd1d-b49a-4666-8cee-b2da00ee37f2\""
        ],
        "Server": [
          "Microsoft-HTTPAPI/2.0",
          "Microsoft-HTTPAPI/2.0"
        ],
        "x-ms-request-id": [
          "1a0cd64a-4cee-4fc0-8488-ec394b61586a"
        ],
        "x-ms-correlation-request-id": [
          "842ee1f1-e5a2-4da0-82be-8559295ea245"
        ],
        "x-ms-arm-service-request-id": [
          "8f4f5cac-cd9b-4451-8b6c-6b7f8dc7f59d"
        ],
        "Strict-Transport-Security": [
          "max-age=31536000; includeSubDomains"
        ],
        "x-ms-ratelimit-remaining-subscription-reads": [
          "11994"
        ],
        "x-ms-routing-request-id": [
          "EASTUS2:20211116T162708Z:842ee1f1-e5a2-4da0-82be-8559295ea245"
        ],
        "X-Content-Type-Options": [
          "nosniff"
        ],
        "Content-Length": [
          "1634"
        ],
        "Content-Type": [
          "application/json; charset=utf-8"
        ],
        "Expires": [
          "-1"
        ]
      },
      "ResponseBody": "{\r\n  \"name\": \"nic5477\",\r\n  \"id\": \"/subscriptions/e37510d7-33b6-4676-886f-ee75bcc01871/resourceGroups/crptestar65791/providers/Microsoft.Network/networkInterfaces/nic5477\",\r\n  \"etag\": \"W/\\\"b9ccdd1d-b49a-4666-8cee-b2da00ee37f2\\\"\",\r\n  \"location\": \"southeastasia\",\r\n  \"tags\": {\r\n    \"key\": \"value\"\r\n  },\r\n  \"properties\": {\r\n    \"provisioningState\": \"Succeeded\",\r\n    \"resourceGuid\": \"c85bdbcc-21f5-420b-b15c-e4c892779ae1\",\r\n    \"ipConfigurations\": [\r\n      {\r\n        \"name\": \"ip1294\",\r\n        \"id\": \"/subscriptions/e37510d7-33b6-4676-886f-ee75bcc01871/resourceGroups/crptestar65791/providers/Microsoft.Network/networkInterfaces/nic5477/ipConfigurations/ip1294\",\r\n        \"etag\": \"W/\\\"b9ccdd1d-b49a-4666-8cee-b2da00ee37f2\\\"\",\r\n        \"type\": \"Microsoft.Network/networkInterfaces/ipConfigurations\",\r\n        \"properties\": {\r\n          \"provisioningState\": \"Succeeded\",\r\n          \"privateIPAddress\": \"10.0.2.4\",\r\n          \"privateIPAllocationMethod\": \"Dynamic\",\r\n          \"subnet\": {\r\n            \"id\": \"/subscriptions/e37510d7-33b6-4676-886f-ee75bcc01871/resourceGroups/crptestar65791/providers/Microsoft.Network/virtualNetworks/vn1215/subnets/sn2619\"\r\n          },\r\n          \"primary\": true,\r\n          \"privateIPAddressVersion\": \"IPv4\"\r\n        }\r\n      }\r\n    ],\r\n    \"dnsSettings\": {\r\n      \"dnsServers\": [],\r\n      \"appliedDnsServers\": [],\r\n      \"internalDomainNameSuffix\": \"0rrxgndo2xwulgfh42rp1dsqcf.ix.internal.cloudapp.net\"\r\n    },\r\n    \"enableAcceleratedNetworking\": false,\r\n    \"enableIPForwarding\": false,\r\n    \"hostedWorkloads\": [],\r\n    \"tapConfigurations\": []\r\n  },\r\n  \"type\": \"Microsoft.Network/networkInterfaces\"\r\n}",
      "StatusCode": 200
    },
    {
      "RequestUri": "/subscriptions/e37510d7-33b6-4676-886f-ee75bcc01871/resourceGroups/crptestar65791/providers/Microsoft.Network/networkInterfaces/nic5477?api-version=2019-09-01",
      "EncodedRequestUri": "L3N1YnNjcmlwdGlvbnMvZTM3NTEwZDctMzNiNi00Njc2LTg4NmYtZWU3NWJjYzAxODcxL3Jlc291cmNlR3JvdXBzL2NycHRlc3RhcjY1NzkxL3Byb3ZpZGVycy9NaWNyb3NvZnQuTmV0d29yay9uZXR3b3JrSW50ZXJmYWNlcy9uaWM1NDc3P2FwaS12ZXJzaW9uPTIwMTktMDktMDE=",
      "RequestMethod": "GET",
      "RequestBody": "",
      "RequestHeaders": {
        "x-ms-client-request-id": [
          "6c5ee56f-2eb0-4344-bba2-ba8043fd69f0"
        ],
        "accept-language": [
          "en-US"
        ],
        "User-Agent": [
          "FxVersion/4.6.26614.01",
          "OSName/Windows",
          "OSVersion/Microsoft.Windows.10.0.17763.",
          "Microsoft.Azure.Management.Network.NetworkManagementClient/19.17.1.0"
        ]
      },
      "ResponseHeaders": {
        "Cache-Control": [
          "no-cache"
        ],
        "Date": [
          "Tue, 16 Nov 2021 16:27:08 GMT"
        ],
        "Pragma": [
          "no-cache"
        ],
        "ETag": [
          "W/\"b9ccdd1d-b49a-4666-8cee-b2da00ee37f2\""
        ],
        "Server": [
          "Microsoft-HTTPAPI/2.0",
          "Microsoft-HTTPAPI/2.0"
        ],
        "x-ms-request-id": [
          "8b367312-9c6b-459c-916d-af5a949efc63"
        ],
        "x-ms-correlation-request-id": [
          "b1b7127e-5cf0-484e-9622-28e8c0beb5bc"
        ],
        "x-ms-arm-service-request-id": [
          "4a4cd89d-bf3a-4229-aaf8-8f1a02bf6b51"
        ],
        "Strict-Transport-Security": [
          "max-age=31536000; includeSubDomains"
        ],
        "x-ms-ratelimit-remaining-subscription-reads": [
          "11993"
        ],
        "x-ms-routing-request-id": [
          "EASTUS2:20211116T162708Z:b1b7127e-5cf0-484e-9622-28e8c0beb5bc"
        ],
        "X-Content-Type-Options": [
          "nosniff"
        ],
        "Content-Length": [
          "1634"
        ],
        "Content-Type": [
          "application/json; charset=utf-8"
        ],
        "Expires": [
          "-1"
        ]
      },
      "ResponseBody": "{\r\n  \"name\": \"nic5477\",\r\n  \"id\": \"/subscriptions/e37510d7-33b6-4676-886f-ee75bcc01871/resourceGroups/crptestar65791/providers/Microsoft.Network/networkInterfaces/nic5477\",\r\n  \"etag\": \"W/\\\"b9ccdd1d-b49a-4666-8cee-b2da00ee37f2\\\"\",\r\n  \"location\": \"southeastasia\",\r\n  \"tags\": {\r\n    \"key\": \"value\"\r\n  },\r\n  \"properties\": {\r\n    \"provisioningState\": \"Succeeded\",\r\n    \"resourceGuid\": \"c85bdbcc-21f5-420b-b15c-e4c892779ae1\",\r\n    \"ipConfigurations\": [\r\n      {\r\n        \"name\": \"ip1294\",\r\n        \"id\": \"/subscriptions/e37510d7-33b6-4676-886f-ee75bcc01871/resourceGroups/crptestar65791/providers/Microsoft.Network/networkInterfaces/nic5477/ipConfigurations/ip1294\",\r\n        \"etag\": \"W/\\\"b9ccdd1d-b49a-4666-8cee-b2da00ee37f2\\\"\",\r\n        \"type\": \"Microsoft.Network/networkInterfaces/ipConfigurations\",\r\n        \"properties\": {\r\n          \"provisioningState\": \"Succeeded\",\r\n          \"privateIPAddress\": \"10.0.2.4\",\r\n          \"privateIPAllocationMethod\": \"Dynamic\",\r\n          \"subnet\": {\r\n            \"id\": \"/subscriptions/e37510d7-33b6-4676-886f-ee75bcc01871/resourceGroups/crptestar65791/providers/Microsoft.Network/virtualNetworks/vn1215/subnets/sn2619\"\r\n          },\r\n          \"primary\": true,\r\n          \"privateIPAddressVersion\": \"IPv4\"\r\n        }\r\n      }\r\n    ],\r\n    \"dnsSettings\": {\r\n      \"dnsServers\": [],\r\n      \"appliedDnsServers\": [],\r\n      \"internalDomainNameSuffix\": \"0rrxgndo2xwulgfh42rp1dsqcf.ix.internal.cloudapp.net\"\r\n    },\r\n    \"enableAcceleratedNetworking\": false,\r\n    \"enableIPForwarding\": false,\r\n    \"hostedWorkloads\": [],\r\n    \"tapConfigurations\": []\r\n  },\r\n  \"type\": \"Microsoft.Network/networkInterfaces\"\r\n}",
      "StatusCode": 200
    },
    {
      "RequestUri": "/subscriptions/e37510d7-33b6-4676-886f-ee75bcc01871/resourceGroups/crptestar65791/providers/Microsoft.Compute/virtualMachineScaleSets/vmss9796?api-version=2021-11-01",
      "EncodedRequestUri": "L3N1YnNjcmlwdGlvbnMvZTM3NTEwZDctMzNiNi00Njc2LTg4NmYtZWU3NWJjYzAxODcxL3Jlc291cmNlR3JvdXBzL2NycHRlc3RhcjY1NzkxL3Byb3ZpZGVycy9NaWNyb3NvZnQuQ29tcHV0ZS92aXJ0dWFsTWFjaGluZVNjYWxlU2V0cy92bXNzOTc5Nj9hcGktdmVyc2lvbj0yMDIxLTExLTAx",
      "RequestMethod": "PUT",
      "RequestBody": "{\r\n  \"sku\": {\r\n    \"name\": \"Standard_A1_v2\",\r\n    \"capacity\": 2\r\n  },\r\n  \"properties\": {\r\n    \"upgradePolicy\": {\r\n      \"mode\": \"Automatic\"\r\n    },\r\n    \"virtualMachineProfile\": {\r\n      \"osProfile\": {\r\n        \"computerNamePrefix\": \"test\",\r\n        \"adminUsername\": \"Foo12\",\r\n        \"adminPassword\": \"[PLACEHOLDEr1]\",\r\n        \"customData\": \"Q3VzdG9tIGRhdGE=\"\r\n      },\r\n      \"storageProfile\": {\r\n        \"imageReference\": {\r\n          \"publisher\": \"MicrosoftWindowsServer\",\r\n          \"offer\": \"WindowsServer\",\r\n          \"sku\": \"2012-R2-Datacenter\",\r\n          \"version\": \"4.127.20180315\"\r\n        },\r\n        \"osDisk\": {\r\n          \"name\": \"test\",\r\n          \"caching\": \"None\",\r\n          \"createOption\": \"FromImage\",\r\n          \"vhdContainers\": [\r\n            \"https://crptestar1216.blob.core.windows.net/crptestar1545\"\r\n          ]\r\n        }\r\n      },\r\n      \"networkProfile\": {\r\n        \"networkInterfaceConfigurations\": [\r\n          {\r\n            \"name\": \"vmsstestnetconfig3949\",\r\n            \"properties\": {\r\n              \"primary\": true,\r\n              \"ipConfigurations\": [\r\n                {\r\n                  \"name\": \"vmsstestnetconfig9785\",\r\n                  \"properties\": {\r\n                    \"subnet\": {\r\n                      \"id\": \"/subscriptions/e37510d7-33b6-4676-886f-ee75bcc01871/resourceGroups/crptestar65791/providers/Microsoft.Network/virtualNetworks/vn1215/subnets/sn2619\"\r\n                    },\r\n                    \"privateIPAddressVersion\": \"IPv4\",\r\n                    \"applicationGatewayBackendAddressPools\": []\r\n                  }\r\n                },\r\n                {\r\n                  \"name\": \"ipv6\",\r\n                  \"properties\": {\r\n                    \"privateIPAddressVersion\": \"IPv6\"\r\n                  }\r\n                }\r\n              ]\r\n            }\r\n          }\r\n        ]\r\n      }\r\n    },\r\n    \"overprovision\": false\r\n  },\r\n  \"location\": \"SoutheastAsia\",\r\n  \"tags\": {\r\n    \"RG\": \"rg\",\r\n    \"testTag\": \"1\"\r\n  }\r\n}",
      "RequestHeaders": {
        "x-ms-client-request-id": [
          "dcf8c22b-3993-4f7d-8c6f-7ed3ed2639c5"
        ],
        "accept-language": [
          "en-US"
        ],
        "User-Agent": [
          "FxVersion/4.6.26614.01",
          "OSName/Windows",
          "OSVersion/Microsoft.Windows.10.0.17763.",
          "Microsoft.Azure.Management.Compute.ComputeManagementClient/50.0.0"
        ],
        "Content-Type": [
          "application/json; charset=utf-8"
        ],
        "Content-Length": [
          "1974"
        ]
      },
      "ResponseHeaders": {
        "Cache-Control": [
          "no-cache"
        ],
        "Date": [
          "Tue, 16 Nov 2021 16:27:19 GMT"
        ],
        "Pragma": [
          "no-cache"
        ],
        "Retry-After": [
          "10"
        ],
        "Server": [
          "Microsoft-HTTPAPI/2.0",
          "Microsoft-HTTPAPI/2.0"
        ],
        "Azure-AsyncOperation": [
          "https://management.azure.com/subscriptions/e37510d7-33b6-4676-886f-ee75bcc01871/providers/Microsoft.Compute/locations/southeastasia/operations/5be95c79-50e5-467f-8029-140bf995db1a?p=34dc709c-01b2-42c4-84a2-256a9734610d&api-version=2021-11-01"
        ],
        "Azure-AsyncNotification": [
          "Enabled"
        ],
        "x-ms-ratelimit-remaining-resource": [
          "Microsoft.Compute/CreateVMScaleSet3Min;59,Microsoft.Compute/CreateVMScaleSet30Min;298,Microsoft.Compute/VMScaleSetBatchedVMRequests5Min;1198,Microsoft.Compute/VmssQueuedVMOperations;0"
        ],
        "x-ms-request-charge": [
          "2"
        ],
        "Strict-Transport-Security": [
          "max-age=31536000; includeSubDomains"
        ],
        "x-ms-request-id": [
          "5be95c79-50e5-467f-8029-140bf995db1a"
        ],
        "x-ms-ratelimit-remaining-subscription-writes": [
          "1199"
        ],
        "x-ms-correlation-request-id": [
          "a2cee183-93b5-402c-92eb-d235a31a40de"
        ],
        "x-ms-routing-request-id": [
          "EASTUS2:20211116T162719Z:a2cee183-93b5-402c-92eb-d235a31a40de"
        ],
        "X-Content-Type-Options": [
          "nosniff"
        ],
        "Content-Length": [
          "3227"
        ],
        "Content-Type": [
          "application/json; charset=utf-8"
        ],
        "Expires": [
          "-1"
        ]
      },
      "ResponseBody": "{\r\n  \"name\": \"vmss9796\",\r\n  \"id\": \"/subscriptions/e37510d7-33b6-4676-886f-ee75bcc01871/resourceGroups/crptestar65791/providers/Microsoft.Compute/virtualMachineScaleSets/vmss9796\",\r\n  \"type\": \"Microsoft.Compute/virtualMachineScaleSets\",\r\n  \"location\": \"southeastasia\",\r\n  \"tags\": {\r\n    \"RG\": \"rg\",\r\n    \"testTag\": \"1\",\r\n    \"azsecpack\": \"nonprod\",\r\n    \"platformsettings.host_environment.service.platform_optedin_for_rootcerts\": \"true\"\r\n  },\r\n  \"sku\": {\r\n    \"name\": \"Standard_A1_v2\",\r\n    \"tier\": \"Standard\",\r\n    \"capacity\": 2\r\n  },\r\n  \"properties\": {\r\n    \"singlePlacementGroup\": true,\r\n    \"upgradePolicy\": {\r\n      \"mode\": \"Automatic\"\r\n    },\r\n    \"virtualMachineProfile\": {\r\n      \"osProfile\": {\r\n        \"computerNamePrefix\": \"test\",\r\n        \"adminUsername\": \"Foo12\",\r\n        \"windowsConfiguration\": {\r\n          \"provisionVMAgent\": true,\r\n          \"enableAutomaticUpdates\": true\r\n        },\r\n        \"secrets\": [],\r\n        \"allowExtensionOperations\": true,\r\n        \"requireGuestProvisionSignal\": true\r\n      },\r\n      \"storageProfile\": {\r\n        \"osDisk\": {\r\n          \"vhdContainers\": [\r\n            \"https://crptestar1216.blob.core.windows.net/crptestar1545\"\r\n          ],\r\n          \"osType\": \"Windows\",\r\n          \"name\": \"test\",\r\n          \"createOption\": \"FromImage\",\r\n          \"caching\": \"None\"\r\n        },\r\n        \"imageReference\": {\r\n          \"publisher\": \"MicrosoftWindowsServer\",\r\n          \"offer\": \"WindowsServer\",\r\n          \"sku\": \"2012-R2-Datacenter\",\r\n          \"version\": \"4.127.20180315\"\r\n        }\r\n      },\r\n      \"networkProfile\": {\r\n        \"networkInterfaceConfigurations\": [\r\n          {\r\n            \"name\": \"vmsstestnetconfig3949\",\r\n            \"properties\": {\r\n              \"primary\": true,\r\n              \"enableAcceleratedNetworking\": false,\r\n              \"dnsSettings\": {\r\n                \"dnsServers\": []\r\n              },\r\n              \"enableIPForwarding\": false,\r\n              \"ipConfigurations\": [\r\n                {\r\n                  \"name\": \"vmsstestnetconfig9785\",\r\n                  \"properties\": {\r\n                    \"subnet\": {\r\n                      \"id\": \"/subscriptions/e37510d7-33b6-4676-886f-ee75bcc01871/resourceGroups/crptestar65791/providers/Microsoft.Network/virtualNetworks/vn1215/subnets/sn2619\"\r\n                    },\r\n                    \"privateIPAddressVersion\": \"IPv4\"\r\n                  }\r\n                },\r\n                {\r\n                  \"name\": \"ipv6\",\r\n                  \"properties\": {\r\n                    \"privateIPAddressVersion\": \"IPv6\"\r\n                  }\r\n                }\r\n              ]\r\n            }\r\n          }\r\n        ]\r\n      },\r\n      \"extensionProfile\": {\r\n        \"extensions\": [\r\n          {\r\n            \"name\": \"Microsoft.Azure.Security.AntimalwareSignature.AntimalwareConfiguration\",\r\n            \"properties\": {\r\n              \"autoUpgradeMinorVersion\": true,\r\n              \"enableAutomaticUpgrade\": true,\r\n              \"publisher\": \"Microsoft.Azure.Security.AntimalwareSignature\",\r\n              \"type\": \"AntimalwareConfiguration\",\r\n              \"typeHandlerVersion\": \"2.0\",\r\n              \"settings\": {}\r\n            }\r\n          },\r\n          {\r\n            \"name\": \"Microsoft.Azure.Geneva.GenevaMonitoring\",\r\n            \"properties\": {\r\n              \"autoUpgradeMinorVersion\": true,\r\n              \"enableAutomaticUpgrade\": true,\r\n              \"publisher\": \"Microsoft.Azure.Geneva\",\r\n              \"type\": \"GenevaMonitoring\",\r\n              \"typeHandlerVersion\": \"2.0\",\r\n              \"settings\": {}\r\n            }\r\n          }\r\n        ]\r\n      }\r\n    },\r\n    \"provisioningState\": \"Creating\",\r\n    \"overprovision\": false,\r\n    \"doNotRunExtensionsOnOverprovisionedVMs\": false,\r\n    \"uniqueId\": \"00d88375-15e7-46a4-9899-b3080b68f371\"\r\n  }\r\n}",
      "StatusCode": 201
    },
    {
      "RequestUri": "/subscriptions/e37510d7-33b6-4676-886f-ee75bcc01871/providers/Microsoft.Compute/locations/southeastasia/operations/5be95c79-50e5-467f-8029-140bf995db1a?p=34dc709c-01b2-42c4-84a2-256a9734610d&api-version=2021-11-01",
      "EncodedRequestUri": "L3N1YnNjcmlwdGlvbnMvZTM3NTEwZDctMzNiNi00Njc2LTg4NmYtZWU3NWJjYzAxODcxL3Byb3ZpZGVycy9NaWNyb3NvZnQuQ29tcHV0ZS9sb2NhdGlvbnMvc291dGhlYXN0YXNpYS9vcGVyYXRpb25zLzViZTk1Yzc5LTUwZTUtNDY3Zi04MDI5LTE0MGJmOTk1ZGIxYT9wPTM0ZGM3MDljLTAxYjItNDJjNC04NGEyLTI1NmE5NzM0NjEwZCZhcGktdmVyc2lvbj0yMDIxLTExLTAx",
      "RequestMethod": "GET",
      "RequestBody": "",
      "RequestHeaders": {
        "User-Agent": [
          "FxVersion/4.6.26614.01",
          "OSName/Windows",
          "OSVersion/Microsoft.Windows.10.0.17763.",
          "Microsoft.Azure.Management.Compute.ComputeManagementClient/50.0.0"
        ]
      },
      "ResponseHeaders": {
        "Cache-Control": [
          "no-cache"
        ],
        "Date": [
          "Tue, 16 Nov 2021 16:27:29 GMT"
        ],
        "Pragma": [
          "no-cache"
        ],
        "Retry-After": [
          "97"
        ],
        "Server": [
          "Microsoft-HTTPAPI/2.0",
          "Microsoft-HTTPAPI/2.0"
        ],
        "x-ms-ratelimit-remaining-resource": [
          "Microsoft.Compute/GetOperation3Min;14999,Microsoft.Compute/GetOperation30Min;29977"
        ],
        "Strict-Transport-Security": [
          "max-age=31536000; includeSubDomains"
        ],
        "x-ms-request-id": [
          "5e338224-9e7b-4493-974d-5a0e3fc9e1fa"
        ],
        "x-ms-ratelimit-remaining-subscription-reads": [
          "11999"
        ],
        "x-ms-correlation-request-id": [
          "bca7ba4e-e2dd-43df-bd16-72e050f9720c"
        ],
        "x-ms-routing-request-id": [
          "EASTUS2:20211116T162730Z:bca7ba4e-e2dd-43df-bd16-72e050f9720c"
        ],
        "X-Content-Type-Options": [
          "nosniff"
        ],
        "Content-Length": [
          "134"
        ],
        "Content-Type": [
          "application/json; charset=utf-8"
        ],
        "Expires": [
          "-1"
        ]
      },
      "ResponseBody": "{\r\n  \"startTime\": \"2021-11-16T16:27:17.0818413+00:00\",\r\n  \"status\": \"InProgress\",\r\n  \"name\": \"5be95c79-50e5-467f-8029-140bf995db1a\"\r\n}",
      "StatusCode": 200
    },
    {
      "RequestUri": "/subscriptions/e37510d7-33b6-4676-886f-ee75bcc01871/providers/Microsoft.Compute/locations/southeastasia/operations/5be95c79-50e5-467f-8029-140bf995db1a?p=34dc709c-01b2-42c4-84a2-256a9734610d&api-version=2021-11-01",
      "EncodedRequestUri": "L3N1YnNjcmlwdGlvbnMvZTM3NTEwZDctMzNiNi00Njc2LTg4NmYtZWU3NWJjYzAxODcxL3Byb3ZpZGVycy9NaWNyb3NvZnQuQ29tcHV0ZS9sb2NhdGlvbnMvc291dGhlYXN0YXNpYS9vcGVyYXRpb25zLzViZTk1Yzc5LTUwZTUtNDY3Zi04MDI5LTE0MGJmOTk1ZGIxYT9wPTM0ZGM3MDljLTAxYjItNDJjNC04NGEyLTI1NmE5NzM0NjEwZCZhcGktdmVyc2lvbj0yMDIxLTExLTAx",
      "RequestMethod": "GET",
      "RequestBody": "",
      "RequestHeaders": {
        "User-Agent": [
          "FxVersion/4.6.26614.01",
          "OSName/Windows",
          "OSVersion/Microsoft.Windows.10.0.17763.",
          "Microsoft.Azure.Management.Compute.ComputeManagementClient/50.0.0"
        ]
      },
      "ResponseHeaders": {
        "Cache-Control": [
          "no-cache"
        ],
        "Date": [
          "Tue, 16 Nov 2021 16:29:06 GMT"
        ],
        "Pragma": [
          "no-cache"
        ],
        "Server": [
          "Microsoft-HTTPAPI/2.0",
          "Microsoft-HTTPAPI/2.0"
        ],
        "x-ms-ratelimit-remaining-resource": [
          "Microsoft.Compute/GetOperation3Min;14998,Microsoft.Compute/GetOperation30Min;29976"
        ],
        "Strict-Transport-Security": [
          "max-age=31536000; includeSubDomains"
        ],
        "x-ms-request-id": [
          "8f4cc6af-d913-415f-9405-26ba7171ad62"
        ],
        "x-ms-ratelimit-remaining-subscription-reads": [
          "11999"
        ],
        "x-ms-correlation-request-id": [
          "8f508984-3205-4874-877b-59f2d4ad08f1"
        ],
        "x-ms-routing-request-id": [
          "EASTUS2:20211116T162907Z:8f508984-3205-4874-877b-59f2d4ad08f1"
        ],
        "X-Content-Type-Options": [
          "nosniff"
        ],
        "Content-Length": [
          "134"
        ],
        "Content-Type": [
          "application/json; charset=utf-8"
        ],
        "Expires": [
          "-1"
        ]
      },
      "ResponseBody": "{\r\n  \"startTime\": \"2021-11-16T16:27:17.0818413+00:00\",\r\n  \"status\": \"InProgress\",\r\n  \"name\": \"5be95c79-50e5-467f-8029-140bf995db1a\"\r\n}",
      "StatusCode": 200
    },
    {
      "RequestUri": "/subscriptions/e37510d7-33b6-4676-886f-ee75bcc01871/providers/Microsoft.Compute/locations/southeastasia/operations/5be95c79-50e5-467f-8029-140bf995db1a?p=34dc709c-01b2-42c4-84a2-256a9734610d&api-version=2021-11-01",
      "EncodedRequestUri": "L3N1YnNjcmlwdGlvbnMvZTM3NTEwZDctMzNiNi00Njc2LTg4NmYtZWU3NWJjYzAxODcxL3Byb3ZpZGVycy9NaWNyb3NvZnQuQ29tcHV0ZS9sb2NhdGlvbnMvc291dGhlYXN0YXNpYS9vcGVyYXRpb25zLzViZTk1Yzc5LTUwZTUtNDY3Zi04MDI5LTE0MGJmOTk1ZGIxYT9wPTM0ZGM3MDljLTAxYjItNDJjNC04NGEyLTI1NmE5NzM0NjEwZCZhcGktdmVyc2lvbj0yMDIxLTExLTAx",
      "RequestMethod": "GET",
      "RequestBody": "",
      "RequestHeaders": {
        "User-Agent": [
          "FxVersion/4.6.26614.01",
          "OSName/Windows",
          "OSVersion/Microsoft.Windows.10.0.17763.",
          "Microsoft.Azure.Management.Compute.ComputeManagementClient/50.0.0"
        ]
      },
      "ResponseHeaders": {
        "Cache-Control": [
          "no-cache"
        ],
        "Date": [
          "Tue, 16 Nov 2021 16:30:44 GMT"
        ],
        "Pragma": [
          "no-cache"
        ],
        "Server": [
          "Microsoft-HTTPAPI/2.0",
          "Microsoft-HTTPAPI/2.0"
        ],
        "x-ms-ratelimit-remaining-resource": [
          "Microsoft.Compute/GetOperation3Min;14997,Microsoft.Compute/GetOperation30Min;29975"
        ],
        "Strict-Transport-Security": [
          "max-age=31536000; includeSubDomains"
        ],
        "x-ms-request-id": [
          "212a1afc-5a06-4263-b06a-bbcf43dbfe40"
        ],
        "x-ms-ratelimit-remaining-subscription-reads": [
          "11999"
        ],
        "x-ms-correlation-request-id": [
          "8767ecb1-7d15-4864-8882-7d416a308158"
        ],
        "x-ms-routing-request-id": [
          "EASTUS2:20211116T163044Z:8767ecb1-7d15-4864-8882-7d416a308158"
        ],
        "X-Content-Type-Options": [
          "nosniff"
        ],
        "Content-Length": [
          "134"
        ],
        "Content-Type": [
          "application/json; charset=utf-8"
        ],
        "Expires": [
          "-1"
        ]
      },
      "ResponseBody": "{\r\n  \"startTime\": \"2021-11-16T16:27:17.0818413+00:00\",\r\n  \"status\": \"InProgress\",\r\n  \"name\": \"5be95c79-50e5-467f-8029-140bf995db1a\"\r\n}",
      "StatusCode": 200
    },
    {
      "RequestUri": "/subscriptions/e37510d7-33b6-4676-886f-ee75bcc01871/providers/Microsoft.Compute/locations/southeastasia/operations/5be95c79-50e5-467f-8029-140bf995db1a?p=34dc709c-01b2-42c4-84a2-256a9734610d&api-version=2021-11-01",
      "EncodedRequestUri": "L3N1YnNjcmlwdGlvbnMvZTM3NTEwZDctMzNiNi00Njc2LTg4NmYtZWU3NWJjYzAxODcxL3Byb3ZpZGVycy9NaWNyb3NvZnQuQ29tcHV0ZS9sb2NhdGlvbnMvc291dGhlYXN0YXNpYS9vcGVyYXRpb25zLzViZTk1Yzc5LTUwZTUtNDY3Zi04MDI5LTE0MGJmOTk1ZGIxYT9wPTM0ZGM3MDljLTAxYjItNDJjNC04NGEyLTI1NmE5NzM0NjEwZCZhcGktdmVyc2lvbj0yMDIxLTExLTAx",
      "RequestMethod": "GET",
      "RequestBody": "",
      "RequestHeaders": {
        "User-Agent": [
          "FxVersion/4.6.26614.01",
          "OSName/Windows",
          "OSVersion/Microsoft.Windows.10.0.17763.",
          "Microsoft.Azure.Management.Compute.ComputeManagementClient/50.0.0"
        ]
      },
      "ResponseHeaders": {
        "Cache-Control": [
          "no-cache"
        ],
        "Date": [
          "Tue, 16 Nov 2021 16:32:22 GMT"
        ],
        "Pragma": [
          "no-cache"
        ],
        "Server": [
          "Microsoft-HTTPAPI/2.0",
          "Microsoft-HTTPAPI/2.0"
        ],
        "x-ms-ratelimit-remaining-resource": [
          "Microsoft.Compute/GetOperation3Min;14997,Microsoft.Compute/GetOperation30Min;29973"
        ],
        "Strict-Transport-Security": [
          "max-age=31536000; includeSubDomains"
        ],
        "x-ms-request-id": [
          "58a1c017-6eff-4dcc-8abc-2fd3a7854ac4"
        ],
        "x-ms-ratelimit-remaining-subscription-reads": [
          "11999"
        ],
        "x-ms-correlation-request-id": [
          "e31f27e4-fc55-4758-bf66-4e35e81dccea"
        ],
        "x-ms-routing-request-id": [
          "EASTUS2:20211116T163222Z:e31f27e4-fc55-4758-bf66-4e35e81dccea"
        ],
        "X-Content-Type-Options": [
          "nosniff"
        ],
        "Content-Length": [
          "134"
        ],
        "Content-Type": [
          "application/json; charset=utf-8"
        ],
        "Expires": [
          "-1"
        ]
      },
      "ResponseBody": "{\r\n  \"startTime\": \"2021-11-16T16:27:17.0818413+00:00\",\r\n  \"status\": \"InProgress\",\r\n  \"name\": \"5be95c79-50e5-467f-8029-140bf995db1a\"\r\n}",
      "StatusCode": 200
    },
    {
      "RequestUri": "/subscriptions/e37510d7-33b6-4676-886f-ee75bcc01871/providers/Microsoft.Compute/locations/southeastasia/operations/5be95c79-50e5-467f-8029-140bf995db1a?p=34dc709c-01b2-42c4-84a2-256a9734610d&api-version=2021-11-01",
      "EncodedRequestUri": "L3N1YnNjcmlwdGlvbnMvZTM3NTEwZDctMzNiNi00Njc2LTg4NmYtZWU3NWJjYzAxODcxL3Byb3ZpZGVycy9NaWNyb3NvZnQuQ29tcHV0ZS9sb2NhdGlvbnMvc291dGhlYXN0YXNpYS9vcGVyYXRpb25zLzViZTk1Yzc5LTUwZTUtNDY3Zi04MDI5LTE0MGJmOTk1ZGIxYT9wPTM0ZGM3MDljLTAxYjItNDJjNC04NGEyLTI1NmE5NzM0NjEwZCZhcGktdmVyc2lvbj0yMDIxLTExLTAx",
      "RequestMethod": "GET",
      "RequestBody": "",
      "RequestHeaders": {
        "User-Agent": [
          "FxVersion/4.6.26614.01",
          "OSName/Windows",
          "OSVersion/Microsoft.Windows.10.0.17763.",
          "Microsoft.Azure.Management.Compute.ComputeManagementClient/50.0.0"
        ]
      },
      "ResponseHeaders": {
        "Cache-Control": [
          "no-cache"
        ],
        "Date": [
          "Tue, 16 Nov 2021 16:34:00 GMT"
        ],
        "Pragma": [
          "no-cache"
        ],
        "Server": [
          "Microsoft-HTTPAPI/2.0",
          "Microsoft-HTTPAPI/2.0"
        ],
        "x-ms-ratelimit-remaining-resource": [
          "Microsoft.Compute/GetOperation3Min;14997,Microsoft.Compute/GetOperation30Min;29971"
        ],
        "Strict-Transport-Security": [
          "max-age=31536000; includeSubDomains"
        ],
        "x-ms-request-id": [
          "17a39096-bd5e-435d-8f8c-690d96272058"
        ],
        "x-ms-ratelimit-remaining-subscription-reads": [
          "11999"
        ],
        "x-ms-correlation-request-id": [
          "ce385953-25a8-4883-9f34-2ffdb562cd22"
        ],
        "x-ms-routing-request-id": [
          "EASTUS2:20211116T163400Z:ce385953-25a8-4883-9f34-2ffdb562cd22"
        ],
        "X-Content-Type-Options": [
          "nosniff"
        ],
        "Content-Length": [
          "134"
        ],
        "Content-Type": [
          "application/json; charset=utf-8"
        ],
        "Expires": [
          "-1"
        ]
      },
      "ResponseBody": "{\r\n  \"startTime\": \"2021-11-16T16:27:17.0818413+00:00\",\r\n  \"status\": \"InProgress\",\r\n  \"name\": \"5be95c79-50e5-467f-8029-140bf995db1a\"\r\n}",
      "StatusCode": 200
    },
    {
      "RequestUri": "/subscriptions/e37510d7-33b6-4676-886f-ee75bcc01871/providers/Microsoft.Compute/locations/southeastasia/operations/5be95c79-50e5-467f-8029-140bf995db1a?p=34dc709c-01b2-42c4-84a2-256a9734610d&api-version=2021-11-01",
      "EncodedRequestUri": "L3N1YnNjcmlwdGlvbnMvZTM3NTEwZDctMzNiNi00Njc2LTg4NmYtZWU3NWJjYzAxODcxL3Byb3ZpZGVycy9NaWNyb3NvZnQuQ29tcHV0ZS9sb2NhdGlvbnMvc291dGhlYXN0YXNpYS9vcGVyYXRpb25zLzViZTk1Yzc5LTUwZTUtNDY3Zi04MDI5LTE0MGJmOTk1ZGIxYT9wPTM0ZGM3MDljLTAxYjItNDJjNC04NGEyLTI1NmE5NzM0NjEwZCZhcGktdmVyc2lvbj0yMDIxLTExLTAx",
      "RequestMethod": "GET",
      "RequestBody": "",
      "RequestHeaders": {
        "User-Agent": [
          "FxVersion/4.6.26614.01",
          "OSName/Windows",
          "OSVersion/Microsoft.Windows.10.0.17763.",
          "Microsoft.Azure.Management.Compute.ComputeManagementClient/50.0.0"
        ]
      },
      "ResponseHeaders": {
        "Cache-Control": [
          "no-cache"
        ],
        "Date": [
          "Tue, 16 Nov 2021 16:35:37 GMT"
        ],
        "Pragma": [
          "no-cache"
        ],
        "Server": [
          "Microsoft-HTTPAPI/2.0",
          "Microsoft-HTTPAPI/2.0"
        ],
        "x-ms-ratelimit-remaining-resource": [
          "Microsoft.Compute/GetOperation3Min;14995,Microsoft.Compute/GetOperation30Min;29974"
        ],
        "Strict-Transport-Security": [
          "max-age=31536000; includeSubDomains"
        ],
        "x-ms-request-id": [
          "000eb9bf-a278-400c-9f53-ab8b9f0ed1e1"
        ],
        "x-ms-ratelimit-remaining-subscription-reads": [
          "11999"
        ],
        "x-ms-correlation-request-id": [
          "f7ff278e-7250-42f1-abac-a1650b44aa06"
        ],
        "x-ms-routing-request-id": [
          "EASTUS2:20211116T163537Z:f7ff278e-7250-42f1-abac-a1650b44aa06"
        ],
        "X-Content-Type-Options": [
          "nosniff"
        ],
        "Content-Length": [
          "183"
        ],
        "Content-Type": [
          "application/json; charset=utf-8"
        ],
        "Expires": [
          "-1"
        ]
      },
      "ResponseBody": "{\r\n  \"startTime\": \"2021-11-16T16:27:17.0818413+00:00\",\r\n  \"endTime\": \"2021-11-16T16:35:27.128512+00:00\",\r\n  \"status\": \"Succeeded\",\r\n  \"name\": \"5be95c79-50e5-467f-8029-140bf995db1a\"\r\n}",
      "StatusCode": 200
    },
    {
      "RequestUri": "/subscriptions/e37510d7-33b6-4676-886f-ee75bcc01871/resourceGroups/crptestar65791/providers/Microsoft.Compute/virtualMachineScaleSets/vmss9796?api-version=2021-11-01",
      "EncodedRequestUri": "L3N1YnNjcmlwdGlvbnMvZTM3NTEwZDctMzNiNi00Njc2LTg4NmYtZWU3NWJjYzAxODcxL3Jlc291cmNlR3JvdXBzL2NycHRlc3RhcjY1NzkxL3Byb3ZpZGVycy9NaWNyb3NvZnQuQ29tcHV0ZS92aXJ0dWFsTWFjaGluZVNjYWxlU2V0cy92bXNzOTc5Nj9hcGktdmVyc2lvbj0yMDIxLTExLTAx",
      "RequestMethod": "GET",
      "RequestBody": "",
      "RequestHeaders": {
        "User-Agent": [
          "FxVersion/4.6.26614.01",
          "OSName/Windows",
          "OSVersion/Microsoft.Windows.10.0.17763.",
          "Microsoft.Azure.Management.Compute.ComputeManagementClient/50.0.0"
        ]
      },
      "ResponseHeaders": {
        "Cache-Control": [
          "no-cache"
        ],
        "Date": [
          "Tue, 16 Nov 2021 16:35:37 GMT"
        ],
        "Pragma": [
          "no-cache"
        ],
        "Server": [
          "Microsoft-HTTPAPI/2.0",
          "Microsoft-HTTPAPI/2.0"
        ],
        "x-ms-ratelimit-remaining-resource": [
          "Microsoft.Compute/GetVMScaleSet3Min;398,Microsoft.Compute/GetVMScaleSet30Min;2589"
        ],
        "Strict-Transport-Security": [
          "max-age=31536000; includeSubDomains"
        ],
        "x-ms-request-id": [
          "f055f7c1-da31-4f4f-957b-2ccc1b96b8a5"
        ],
        "x-ms-ratelimit-remaining-subscription-reads": [
          "11998"
        ],
        "x-ms-correlation-request-id": [
          "eb01235b-9a2a-413d-8ddb-b70cfc6c0076"
        ],
        "x-ms-routing-request-id": [
          "EASTUS2:20211116T163537Z:eb01235b-9a2a-413d-8ddb-b70cfc6c0076"
        ],
        "X-Content-Type-Options": [
          "nosniff"
        ],
        "Content-Length": [
          "3228"
        ],
        "Content-Type": [
          "application/json; charset=utf-8"
        ],
        "Expires": [
          "-1"
        ]
      },
      "ResponseBody": "{\r\n  \"name\": \"vmss9796\",\r\n  \"id\": \"/subscriptions/e37510d7-33b6-4676-886f-ee75bcc01871/resourceGroups/crptestar65791/providers/Microsoft.Compute/virtualMachineScaleSets/vmss9796\",\r\n  \"type\": \"Microsoft.Compute/virtualMachineScaleSets\",\r\n  \"location\": \"southeastasia\",\r\n  \"tags\": {\r\n    \"RG\": \"rg\",\r\n    \"testTag\": \"1\",\r\n    \"azsecpack\": \"nonprod\",\r\n    \"platformsettings.host_environment.service.platform_optedin_for_rootcerts\": \"true\"\r\n  },\r\n  \"sku\": {\r\n    \"name\": \"Standard_A1_v2\",\r\n    \"tier\": \"Standard\",\r\n    \"capacity\": 2\r\n  },\r\n  \"properties\": {\r\n    \"singlePlacementGroup\": true,\r\n    \"upgradePolicy\": {\r\n      \"mode\": \"Automatic\"\r\n    },\r\n    \"virtualMachineProfile\": {\r\n      \"osProfile\": {\r\n        \"computerNamePrefix\": \"test\",\r\n        \"adminUsername\": \"Foo12\",\r\n        \"windowsConfiguration\": {\r\n          \"provisionVMAgent\": true,\r\n          \"enableAutomaticUpdates\": true\r\n        },\r\n        \"secrets\": [],\r\n        \"allowExtensionOperations\": true,\r\n        \"requireGuestProvisionSignal\": true\r\n      },\r\n      \"storageProfile\": {\r\n        \"osDisk\": {\r\n          \"vhdContainers\": [\r\n            \"https://crptestar1216.blob.core.windows.net/crptestar1545\"\r\n          ],\r\n          \"osType\": \"Windows\",\r\n          \"name\": \"test\",\r\n          \"createOption\": \"FromImage\",\r\n          \"caching\": \"None\"\r\n        },\r\n        \"imageReference\": {\r\n          \"publisher\": \"MicrosoftWindowsServer\",\r\n          \"offer\": \"WindowsServer\",\r\n          \"sku\": \"2012-R2-Datacenter\",\r\n          \"version\": \"4.127.20180315\"\r\n        }\r\n      },\r\n      \"networkProfile\": {\r\n        \"networkInterfaceConfigurations\": [\r\n          {\r\n            \"name\": \"vmsstestnetconfig3949\",\r\n            \"properties\": {\r\n              \"primary\": true,\r\n              \"enableAcceleratedNetworking\": false,\r\n              \"dnsSettings\": {\r\n                \"dnsServers\": []\r\n              },\r\n              \"enableIPForwarding\": false,\r\n              \"ipConfigurations\": [\r\n                {\r\n                  \"name\": \"vmsstestnetconfig9785\",\r\n                  \"properties\": {\r\n                    \"subnet\": {\r\n                      \"id\": \"/subscriptions/e37510d7-33b6-4676-886f-ee75bcc01871/resourceGroups/crptestar65791/providers/Microsoft.Network/virtualNetworks/vn1215/subnets/sn2619\"\r\n                    },\r\n                    \"privateIPAddressVersion\": \"IPv4\"\r\n                  }\r\n                },\r\n                {\r\n                  \"name\": \"ipv6\",\r\n                  \"properties\": {\r\n                    \"privateIPAddressVersion\": \"IPv6\"\r\n                  }\r\n                }\r\n              ]\r\n            }\r\n          }\r\n        ]\r\n      },\r\n      \"extensionProfile\": {\r\n        \"extensions\": [\r\n          {\r\n            \"name\": \"Microsoft.Azure.Security.AntimalwareSignature.AntimalwareConfiguration\",\r\n            \"properties\": {\r\n              \"autoUpgradeMinorVersion\": true,\r\n              \"enableAutomaticUpgrade\": true,\r\n              \"publisher\": \"Microsoft.Azure.Security.AntimalwareSignature\",\r\n              \"type\": \"AntimalwareConfiguration\",\r\n              \"typeHandlerVersion\": \"2.0\",\r\n              \"settings\": {}\r\n            }\r\n          },\r\n          {\r\n            \"name\": \"Microsoft.Azure.Geneva.GenevaMonitoring\",\r\n            \"properties\": {\r\n              \"autoUpgradeMinorVersion\": true,\r\n              \"enableAutomaticUpgrade\": true,\r\n              \"publisher\": \"Microsoft.Azure.Geneva\",\r\n              \"type\": \"GenevaMonitoring\",\r\n              \"typeHandlerVersion\": \"2.0\",\r\n              \"settings\": {}\r\n            }\r\n          }\r\n        ]\r\n      }\r\n    },\r\n    \"provisioningState\": \"Succeeded\",\r\n    \"overprovision\": false,\r\n    \"doNotRunExtensionsOnOverprovisionedVMs\": false,\r\n    \"uniqueId\": \"00d88375-15e7-46a4-9899-b3080b68f371\"\r\n  }\r\n}",
      "StatusCode": 200
    },
    {
      "RequestUri": "/subscriptions/e37510d7-33b6-4676-886f-ee75bcc01871/resourceGroups/crptestar65791/providers/Microsoft.Compute/virtualMachineScaleSets/vmss9796?api-version=2021-11-01",
      "EncodedRequestUri": "L3N1YnNjcmlwdGlvbnMvZTM3NTEwZDctMzNiNi00Njc2LTg4NmYtZWU3NWJjYzAxODcxL3Jlc291cmNlR3JvdXBzL2NycHRlc3RhcjY1NzkxL3Byb3ZpZGVycy9NaWNyb3NvZnQuQ29tcHV0ZS92aXJ0dWFsTWFjaGluZVNjYWxlU2V0cy92bXNzOTc5Nj9hcGktdmVyc2lvbj0yMDIxLTExLTAx",
      "RequestMethod": "GET",
      "RequestBody": "",
      "RequestHeaders": {
        "x-ms-client-request-id": [
          "9de4f898-734b-45c8-bdec-61ba258f19dd"
        ],
        "accept-language": [
          "en-US"
        ],
        "User-Agent": [
          "FxVersion/4.6.26614.01",
          "OSName/Windows",
          "OSVersion/Microsoft.Windows.10.0.17763.",
          "Microsoft.Azure.Management.Compute.ComputeManagementClient/50.0.0"
        ]
      },
      "ResponseHeaders": {
        "Cache-Control": [
          "no-cache"
        ],
        "Date": [
          "Tue, 16 Nov 2021 16:35:37 GMT"
        ],
        "Pragma": [
          "no-cache"
        ],
        "Server": [
          "Microsoft-HTTPAPI/2.0",
          "Microsoft-HTTPAPI/2.0"
        ],
        "x-ms-ratelimit-remaining-resource": [
          "Microsoft.Compute/GetVMScaleSet3Min;397,Microsoft.Compute/GetVMScaleSet30Min;2588"
        ],
        "Strict-Transport-Security": [
          "max-age=31536000; includeSubDomains"
        ],
        "x-ms-request-id": [
          "1a25e68b-0e06-43b8-940a-5669a2ea9cae"
        ],
        "x-ms-ratelimit-remaining-subscription-reads": [
          "11997"
        ],
        "x-ms-correlation-request-id": [
          "680530a0-b2af-41f9-9e3c-a685a61a5895"
        ],
        "x-ms-routing-request-id": [
          "EASTUS2:20211116T163538Z:680530a0-b2af-41f9-9e3c-a685a61a5895"
        ],
        "X-Content-Type-Options": [
          "nosniff"
        ],
        "Content-Length": [
          "3228"
        ],
        "Content-Type": [
          "application/json; charset=utf-8"
        ],
        "Expires": [
          "-1"
        ]
      },
      "ResponseBody": "{\r\n  \"name\": \"vmss9796\",\r\n  \"id\": \"/subscriptions/e37510d7-33b6-4676-886f-ee75bcc01871/resourceGroups/crptestar65791/providers/Microsoft.Compute/virtualMachineScaleSets/vmss9796\",\r\n  \"type\": \"Microsoft.Compute/virtualMachineScaleSets\",\r\n  \"location\": \"southeastasia\",\r\n  \"tags\": {\r\n    \"RG\": \"rg\",\r\n    \"testTag\": \"1\",\r\n    \"azsecpack\": \"nonprod\",\r\n    \"platformsettings.host_environment.service.platform_optedin_for_rootcerts\": \"true\"\r\n  },\r\n  \"sku\": {\r\n    \"name\": \"Standard_A1_v2\",\r\n    \"tier\": \"Standard\",\r\n    \"capacity\": 2\r\n  },\r\n  \"properties\": {\r\n    \"singlePlacementGroup\": true,\r\n    \"upgradePolicy\": {\r\n      \"mode\": \"Automatic\"\r\n    },\r\n    \"virtualMachineProfile\": {\r\n      \"osProfile\": {\r\n        \"computerNamePrefix\": \"test\",\r\n        \"adminUsername\": \"Foo12\",\r\n        \"windowsConfiguration\": {\r\n          \"provisionVMAgent\": true,\r\n          \"enableAutomaticUpdates\": true\r\n        },\r\n        \"secrets\": [],\r\n        \"allowExtensionOperations\": true,\r\n        \"requireGuestProvisionSignal\": true\r\n      },\r\n      \"storageProfile\": {\r\n        \"osDisk\": {\r\n          \"vhdContainers\": [\r\n            \"https://crptestar1216.blob.core.windows.net/crptestar1545\"\r\n          ],\r\n          \"osType\": \"Windows\",\r\n          \"name\": \"test\",\r\n          \"createOption\": \"FromImage\",\r\n          \"caching\": \"None\"\r\n        },\r\n        \"imageReference\": {\r\n          \"publisher\": \"MicrosoftWindowsServer\",\r\n          \"offer\": \"WindowsServer\",\r\n          \"sku\": \"2012-R2-Datacenter\",\r\n          \"version\": \"4.127.20180315\"\r\n        }\r\n      },\r\n      \"networkProfile\": {\r\n        \"networkInterfaceConfigurations\": [\r\n          {\r\n            \"name\": \"vmsstestnetconfig3949\",\r\n            \"properties\": {\r\n              \"primary\": true,\r\n              \"enableAcceleratedNetworking\": false,\r\n              \"dnsSettings\": {\r\n                \"dnsServers\": []\r\n              },\r\n              \"enableIPForwarding\": false,\r\n              \"ipConfigurations\": [\r\n                {\r\n                  \"name\": \"vmsstestnetconfig9785\",\r\n                  \"properties\": {\r\n                    \"subnet\": {\r\n                      \"id\": \"/subscriptions/e37510d7-33b6-4676-886f-ee75bcc01871/resourceGroups/crptestar65791/providers/Microsoft.Network/virtualNetworks/vn1215/subnets/sn2619\"\r\n                    },\r\n                    \"privateIPAddressVersion\": \"IPv4\"\r\n                  }\r\n                },\r\n                {\r\n                  \"name\": \"ipv6\",\r\n                  \"properties\": {\r\n                    \"privateIPAddressVersion\": \"IPv6\"\r\n                  }\r\n                }\r\n              ]\r\n            }\r\n          }\r\n        ]\r\n      },\r\n      \"extensionProfile\": {\r\n        \"extensions\": [\r\n          {\r\n            \"name\": \"Microsoft.Azure.Security.AntimalwareSignature.AntimalwareConfiguration\",\r\n            \"properties\": {\r\n              \"autoUpgradeMinorVersion\": true,\r\n              \"enableAutomaticUpgrade\": true,\r\n              \"publisher\": \"Microsoft.Azure.Security.AntimalwareSignature\",\r\n              \"type\": \"AntimalwareConfiguration\",\r\n              \"typeHandlerVersion\": \"2.0\",\r\n              \"settings\": {}\r\n            }\r\n          },\r\n          {\r\n            \"name\": \"Microsoft.Azure.Geneva.GenevaMonitoring\",\r\n            \"properties\": {\r\n              \"autoUpgradeMinorVersion\": true,\r\n              \"enableAutomaticUpgrade\": true,\r\n              \"publisher\": \"Microsoft.Azure.Geneva\",\r\n              \"type\": \"GenevaMonitoring\",\r\n              \"typeHandlerVersion\": \"2.0\",\r\n              \"settings\": {}\r\n            }\r\n          }\r\n        ]\r\n      }\r\n    },\r\n    \"provisioningState\": \"Succeeded\",\r\n    \"overprovision\": false,\r\n    \"doNotRunExtensionsOnOverprovisionedVMs\": false,\r\n    \"uniqueId\": \"00d88375-15e7-46a4-9899-b3080b68f371\"\r\n  }\r\n}",
      "StatusCode": 200
    },
    {
      "RequestUri": "/subscriptions/e37510d7-33b6-4676-886f-ee75bcc01871/resourceGroups/crptestar65791/providers/Microsoft.Compute/virtualMachineScaleSets/vmss9796?api-version=2021-11-01",
      "EncodedRequestUri": "L3N1YnNjcmlwdGlvbnMvZTM3NTEwZDctMzNiNi00Njc2LTg4NmYtZWU3NWJjYzAxODcxL3Jlc291cmNlR3JvdXBzL2NycHRlc3RhcjY1NzkxL3Byb3ZpZGVycy9NaWNyb3NvZnQuQ29tcHV0ZS92aXJ0dWFsTWFjaGluZVNjYWxlU2V0cy92bXNzOTc5Nj9hcGktdmVyc2lvbj0yMDIxLTExLTAx",
      "RequestMethod": "GET",
      "RequestBody": "",
      "RequestHeaders": {
        "x-ms-client-request-id": [
          "538e7e2e-917d-47c5-9067-a9f8d42aecba"
        ],
        "accept-language": [
          "en-US"
        ],
        "User-Agent": [
          "FxVersion/4.6.26614.01",
          "OSName/Windows",
          "OSVersion/Microsoft.Windows.10.0.17763.",
          "Microsoft.Azure.Management.Compute.ComputeManagementClient/50.0.0"
        ]
      },
      "ResponseHeaders": {
        "Cache-Control": [
          "no-cache"
        ],
        "Date": [
          "Tue, 16 Nov 2021 16:35:38 GMT"
        ],
        "Pragma": [
          "no-cache"
        ],
        "Server": [
          "Microsoft-HTTPAPI/2.0",
          "Microsoft-HTTPAPI/2.0"
        ],
        "x-ms-ratelimit-remaining-resource": [
          "Microsoft.Compute/GetVMScaleSet3Min;396,Microsoft.Compute/GetVMScaleSet30Min;2587"
        ],
        "Strict-Transport-Security": [
          "max-age=31536000; includeSubDomains"
        ],
        "x-ms-request-id": [
          "ce45d6f4-214a-4f56-9091-c44d5225f939"
        ],
        "x-ms-ratelimit-remaining-subscription-reads": [
          "11996"
        ],
        "x-ms-correlation-request-id": [
          "a3fbe608-e806-48f7-8748-9d118fa19822"
        ],
        "x-ms-routing-request-id": [
          "EASTUS2:20211116T163538Z:a3fbe608-e806-48f7-8748-9d118fa19822"
        ],
        "X-Content-Type-Options": [
          "nosniff"
        ],
        "Content-Length": [
          "3228"
        ],
        "Content-Type": [
          "application/json; charset=utf-8"
        ],
        "Expires": [
          "-1"
        ]
      },
      "ResponseBody": "{\r\n  \"name\": \"vmss9796\",\r\n  \"id\": \"/subscriptions/e37510d7-33b6-4676-886f-ee75bcc01871/resourceGroups/crptestar65791/providers/Microsoft.Compute/virtualMachineScaleSets/vmss9796\",\r\n  \"type\": \"Microsoft.Compute/virtualMachineScaleSets\",\r\n  \"location\": \"southeastasia\",\r\n  \"tags\": {\r\n    \"RG\": \"rg\",\r\n    \"testTag\": \"1\",\r\n    \"azsecpack\": \"nonprod\",\r\n    \"platformsettings.host_environment.service.platform_optedin_for_rootcerts\": \"true\"\r\n  },\r\n  \"sku\": {\r\n    \"name\": \"Standard_A1_v2\",\r\n    \"tier\": \"Standard\",\r\n    \"capacity\": 2\r\n  },\r\n  \"properties\": {\r\n    \"singlePlacementGroup\": true,\r\n    \"upgradePolicy\": {\r\n      \"mode\": \"Automatic\"\r\n    },\r\n    \"virtualMachineProfile\": {\r\n      \"osProfile\": {\r\n        \"computerNamePrefix\": \"test\",\r\n        \"adminUsername\": \"Foo12\",\r\n        \"windowsConfiguration\": {\r\n          \"provisionVMAgent\": true,\r\n          \"enableAutomaticUpdates\": true\r\n        },\r\n        \"secrets\": [],\r\n        \"allowExtensionOperations\": true,\r\n        \"requireGuestProvisionSignal\": true\r\n      },\r\n      \"storageProfile\": {\r\n        \"osDisk\": {\r\n          \"vhdContainers\": [\r\n            \"https://crptestar1216.blob.core.windows.net/crptestar1545\"\r\n          ],\r\n          \"osType\": \"Windows\",\r\n          \"name\": \"test\",\r\n          \"createOption\": \"FromImage\",\r\n          \"caching\": \"None\"\r\n        },\r\n        \"imageReference\": {\r\n          \"publisher\": \"MicrosoftWindowsServer\",\r\n          \"offer\": \"WindowsServer\",\r\n          \"sku\": \"2012-R2-Datacenter\",\r\n          \"version\": \"4.127.20180315\"\r\n        }\r\n      },\r\n      \"networkProfile\": {\r\n        \"networkInterfaceConfigurations\": [\r\n          {\r\n            \"name\": \"vmsstestnetconfig3949\",\r\n            \"properties\": {\r\n              \"primary\": true,\r\n              \"enableAcceleratedNetworking\": false,\r\n              \"dnsSettings\": {\r\n                \"dnsServers\": []\r\n              },\r\n              \"enableIPForwarding\": false,\r\n              \"ipConfigurations\": [\r\n                {\r\n                  \"name\": \"vmsstestnetconfig9785\",\r\n                  \"properties\": {\r\n                    \"subnet\": {\r\n                      \"id\": \"/subscriptions/e37510d7-33b6-4676-886f-ee75bcc01871/resourceGroups/crptestar65791/providers/Microsoft.Network/virtualNetworks/vn1215/subnets/sn2619\"\r\n                    },\r\n                    \"privateIPAddressVersion\": \"IPv4\"\r\n                  }\r\n                },\r\n                {\r\n                  \"name\": \"ipv6\",\r\n                  \"properties\": {\r\n                    \"privateIPAddressVersion\": \"IPv6\"\r\n                  }\r\n                }\r\n              ]\r\n            }\r\n          }\r\n        ]\r\n      },\r\n      \"extensionProfile\": {\r\n        \"extensions\": [\r\n          {\r\n            \"name\": \"Microsoft.Azure.Security.AntimalwareSignature.AntimalwareConfiguration\",\r\n            \"properties\": {\r\n              \"autoUpgradeMinorVersion\": true,\r\n              \"enableAutomaticUpgrade\": true,\r\n              \"publisher\": \"Microsoft.Azure.Security.AntimalwareSignature\",\r\n              \"type\": \"AntimalwareConfiguration\",\r\n              \"typeHandlerVersion\": \"2.0\",\r\n              \"settings\": {}\r\n            }\r\n          },\r\n          {\r\n            \"name\": \"Microsoft.Azure.Geneva.GenevaMonitoring\",\r\n            \"properties\": {\r\n              \"autoUpgradeMinorVersion\": true,\r\n              \"enableAutomaticUpgrade\": true,\r\n              \"publisher\": \"Microsoft.Azure.Geneva\",\r\n              \"type\": \"GenevaMonitoring\",\r\n              \"typeHandlerVersion\": \"2.0\",\r\n              \"settings\": {}\r\n            }\r\n          }\r\n        ]\r\n      }\r\n    },\r\n    \"provisioningState\": \"Succeeded\",\r\n    \"overprovision\": false,\r\n    \"doNotRunExtensionsOnOverprovisionedVMs\": false,\r\n    \"uniqueId\": \"00d88375-15e7-46a4-9899-b3080b68f371\"\r\n  }\r\n}",
      "StatusCode": 200
    },
    {
      "RequestUri": "/subscriptions/e37510d7-33b6-4676-886f-ee75bcc01871/resourcegroups/crptestar65791?api-version=2017-05-10",
      "EncodedRequestUri": "L3N1YnNjcmlwdGlvbnMvZTM3NTEwZDctMzNiNi00Njc2LTg4NmYtZWU3NWJjYzAxODcxL3Jlc291cmNlZ3JvdXBzL2NycHRlc3RhcjY1NzkxP2FwaS12ZXJzaW9uPTIwMTctMDUtMTA=",
      "RequestMethod": "DELETE",
      "RequestBody": "",
      "RequestHeaders": {
        "x-ms-client-request-id": [
          "3858e329-e0b4-47de-aa5b-3a972cfc6d87"
        ],
        "accept-language": [
          "en-US"
        ],
        "User-Agent": [
          "FxVersion/4.6.26614.01",
          "OSName/Windows",
          "OSVersion/Microsoft.Windows.10.0.17763.",
          "Microsoft.Azure.Management.ResourceManager.ResourceManagementClient/1.6.0.0"
        ]
      },
      "ResponseHeaders": {
        "Cache-Control": [
          "no-cache"
        ],
        "Date": [
          "Tue, 16 Nov 2021 16:35:41 GMT"
        ],
        "Pragma": [
          "no-cache"
        ],
        "Location": [
          "https://management.azure.com/subscriptions/e37510d7-33b6-4676-886f-ee75bcc01871/operationresults/eyJqb2JJZCI6IlJFU09VUkNFR1JPVVBERUxFVElPTkpPQi1DUlBURVNUQVI2NTc5MS1TT1VUSEVBU1RBU0lBIiwiam9iTG9jYXRpb24iOiJzb3V0aGVhc3Rhc2lhIn0?api-version=2017-05-10"
        ],
        "Retry-After": [
          "15"
        ],
        "x-ms-ratelimit-remaining-subscription-deletes": [
          "14999"
        ],
        "x-ms-request-id": [
          "7a16ac74-1f62-46f3-b5b6-94a6b59bf22c"
        ],
        "x-ms-correlation-request-id": [
          "7a16ac74-1f62-46f3-b5b6-94a6b59bf22c"
        ],
        "x-ms-routing-request-id": [
          "EASTUS2:20211116T163542Z:7a16ac74-1f62-46f3-b5b6-94a6b59bf22c"
        ],
        "Strict-Transport-Security": [
          "max-age=31536000; includeSubDomains"
        ],
        "X-Content-Type-Options": [
          "nosniff"
        ],
        "Content-Length": [
          "0"
        ],
        "Expires": [
          "-1"
        ]
      },
      "ResponseBody": "",
      "StatusCode": 202
    },
    {
      "RequestUri": "/subscriptions/e37510d7-33b6-4676-886f-ee75bcc01871/operationresults/eyJqb2JJZCI6IlJFU09VUkNFR1JPVVBERUxFVElPTkpPQi1DUlBURVNUQVI2NTc5MS1TT1VUSEVBU1RBU0lBIiwiam9iTG9jYXRpb24iOiJzb3V0aGVhc3Rhc2lhIn0?api-version=2017-05-10",
      "EncodedRequestUri": "L3N1YnNjcmlwdGlvbnMvZTM3NTEwZDctMzNiNi00Njc2LTg4NmYtZWU3NWJjYzAxODcxL29wZXJhdGlvbnJlc3VsdHMvZXlKcWIySkpaQ0k2SWxKRlUwOVZVa05GUjFKUFZWQkVSVXhGVkVsUFRrcFBRaTFEVWxCVVJWTlVRVkkyTlRjNU1TMVRUMVZVU0VWQlUxUkJVMGxCSWl3aWFtOWlURzlqWVhScGIyNGlPaUp6YjNWMGFHVmhjM1JoYzJsaEluMD9hcGktdmVyc2lvbj0yMDE3LTA1LTEw",
      "RequestMethod": "GET",
      "RequestBody": "",
      "RequestHeaders": {
        "User-Agent": [
          "FxVersion/4.6.26614.01",
          "OSName/Windows",
          "OSVersion/Microsoft.Windows.10.0.17763.",
          "Microsoft.Azure.Management.ResourceManager.ResourceManagementClient/1.6.0.0"
        ]
      },
      "ResponseHeaders": {
        "Cache-Control": [
          "no-cache"
        ],
        "Date": [
          "Tue, 16 Nov 2021 16:35:57 GMT"
        ],
        "Pragma": [
          "no-cache"
        ],
        "Location": [
          "https://management.azure.com/subscriptions/e37510d7-33b6-4676-886f-ee75bcc01871/operationresults/eyJqb2JJZCI6IlJFU09VUkNFR1JPVVBERUxFVElPTkpPQi1DUlBURVNUQVI2NTc5MS1TT1VUSEVBU1RBU0lBIiwiam9iTG9jYXRpb24iOiJzb3V0aGVhc3Rhc2lhIn0?api-version=2017-05-10"
        ],
        "Retry-After": [
          "15"
        ],
        "x-ms-ratelimit-remaining-subscription-reads": [
          "11999"
        ],
        "x-ms-request-id": [
          "f166099b-6c4c-42fc-803c-36b021121005"
        ],
        "x-ms-correlation-request-id": [
          "f166099b-6c4c-42fc-803c-36b021121005"
        ],
        "x-ms-routing-request-id": [
          "EASTUS2:20211116T163557Z:f166099b-6c4c-42fc-803c-36b021121005"
        ],
        "Strict-Transport-Security": [
          "max-age=31536000; includeSubDomains"
        ],
        "X-Content-Type-Options": [
          "nosniff"
        ],
        "Content-Length": [
          "0"
        ],
        "Expires": [
          "-1"
        ]
      },
      "ResponseBody": "",
      "StatusCode": 202
    },
    {
      "RequestUri": "/subscriptions/e37510d7-33b6-4676-886f-ee75bcc01871/operationresults/eyJqb2JJZCI6IlJFU09VUkNFR1JPVVBERUxFVElPTkpPQi1DUlBURVNUQVI2NTc5MS1TT1VUSEVBU1RBU0lBIiwiam9iTG9jYXRpb24iOiJzb3V0aGVhc3Rhc2lhIn0?api-version=2017-05-10",
      "EncodedRequestUri": "L3N1YnNjcmlwdGlvbnMvZTM3NTEwZDctMzNiNi00Njc2LTg4NmYtZWU3NWJjYzAxODcxL29wZXJhdGlvbnJlc3VsdHMvZXlKcWIySkpaQ0k2SWxKRlUwOVZVa05GUjFKUFZWQkVSVXhGVkVsUFRrcFBRaTFEVWxCVVJWTlVRVkkyTlRjNU1TMVRUMVZVU0VWQlUxUkJVMGxCSWl3aWFtOWlURzlqWVhScGIyNGlPaUp6YjNWMGFHVmhjM1JoYzJsaEluMD9hcGktdmVyc2lvbj0yMDE3LTA1LTEw",
      "RequestMethod": "GET",
      "RequestBody": "",
      "RequestHeaders": {
        "User-Agent": [
          "FxVersion/4.6.26614.01",
          "OSName/Windows",
          "OSVersion/Microsoft.Windows.10.0.17763.",
          "Microsoft.Azure.Management.ResourceManager.ResourceManagementClient/1.6.0.0"
        ]
      },
      "ResponseHeaders": {
        "Cache-Control": [
          "no-cache"
        ],
        "Date": [
          "Tue, 16 Nov 2021 16:36:13 GMT"
        ],
        "Pragma": [
          "no-cache"
        ],
        "Location": [
          "https://management.azure.com/subscriptions/e37510d7-33b6-4676-886f-ee75bcc01871/operationresults/eyJqb2JJZCI6IlJFU09VUkNFR1JPVVBERUxFVElPTkpPQi1DUlBURVNUQVI2NTc5MS1TT1VUSEVBU1RBU0lBIiwiam9iTG9jYXRpb24iOiJzb3V0aGVhc3Rhc2lhIn0?api-version=2017-05-10"
        ],
        "Retry-After": [
          "15"
        ],
        "x-ms-ratelimit-remaining-subscription-reads": [
          "11998"
        ],
        "x-ms-request-id": [
          "a5cb03dc-c0d9-42d9-9833-4ce11262c96b"
        ],
        "x-ms-correlation-request-id": [
          "a5cb03dc-c0d9-42d9-9833-4ce11262c96b"
        ],
        "x-ms-routing-request-id": [
          "EASTUS2:20211116T163613Z:a5cb03dc-c0d9-42d9-9833-4ce11262c96b"
        ],
        "Strict-Transport-Security": [
          "max-age=31536000; includeSubDomains"
        ],
        "X-Content-Type-Options": [
          "nosniff"
        ],
        "Content-Length": [
          "0"
        ],
        "Expires": [
          "-1"
        ]
      },
      "ResponseBody": "",
      "StatusCode": 202
    },
    {
      "RequestUri": "/subscriptions/e37510d7-33b6-4676-886f-ee75bcc01871/operationresults/eyJqb2JJZCI6IlJFU09VUkNFR1JPVVBERUxFVElPTkpPQi1DUlBURVNUQVI2NTc5MS1TT1VUSEVBU1RBU0lBIiwiam9iTG9jYXRpb24iOiJzb3V0aGVhc3Rhc2lhIn0?api-version=2017-05-10",
      "EncodedRequestUri": "L3N1YnNjcmlwdGlvbnMvZTM3NTEwZDctMzNiNi00Njc2LTg4NmYtZWU3NWJjYzAxODcxL29wZXJhdGlvbnJlc3VsdHMvZXlKcWIySkpaQ0k2SWxKRlUwOVZVa05GUjFKUFZWQkVSVXhGVkVsUFRrcFBRaTFEVWxCVVJWTlVRVkkyTlRjNU1TMVRUMVZVU0VWQlUxUkJVMGxCSWl3aWFtOWlURzlqWVhScGIyNGlPaUp6YjNWMGFHVmhjM1JoYzJsaEluMD9hcGktdmVyc2lvbj0yMDE3LTA1LTEw",
      "RequestMethod": "GET",
      "RequestBody": "",
      "RequestHeaders": {
        "User-Agent": [
          "FxVersion/4.6.26614.01",
          "OSName/Windows",
          "OSVersion/Microsoft.Windows.10.0.17763.",
          "Microsoft.Azure.Management.ResourceManager.ResourceManagementClient/1.6.0.0"
        ]
      },
      "ResponseHeaders": {
        "Cache-Control": [
          "no-cache"
        ],
        "Date": [
          "Tue, 16 Nov 2021 16:36:28 GMT"
        ],
        "Pragma": [
          "no-cache"
        ],
        "Location": [
          "https://management.azure.com/subscriptions/e37510d7-33b6-4676-886f-ee75bcc01871/operationresults/eyJqb2JJZCI6IlJFU09VUkNFR1JPVVBERUxFVElPTkpPQi1DUlBURVNUQVI2NTc5MS1TT1VUSEVBU1RBU0lBIiwiam9iTG9jYXRpb24iOiJzb3V0aGVhc3Rhc2lhIn0?api-version=2017-05-10"
        ],
        "Retry-After": [
          "15"
        ],
        "x-ms-ratelimit-remaining-subscription-reads": [
          "11997"
        ],
        "x-ms-request-id": [
          "27dff1da-7881-4c7e-b0ef-237d8ffff5e7"
        ],
        "x-ms-correlation-request-id": [
          "27dff1da-7881-4c7e-b0ef-237d8ffff5e7"
        ],
        "x-ms-routing-request-id": [
          "EASTUS2:20211116T163628Z:27dff1da-7881-4c7e-b0ef-237d8ffff5e7"
        ],
        "Strict-Transport-Security": [
          "max-age=31536000; includeSubDomains"
        ],
        "X-Content-Type-Options": [
          "nosniff"
        ],
        "Content-Length": [
          "0"
        ],
        "Expires": [
          "-1"
        ]
      },
      "ResponseBody": "",
      "StatusCode": 202
    },
    {
      "RequestUri": "/subscriptions/e37510d7-33b6-4676-886f-ee75bcc01871/operationresults/eyJqb2JJZCI6IlJFU09VUkNFR1JPVVBERUxFVElPTkpPQi1DUlBURVNUQVI2NTc5MS1TT1VUSEVBU1RBU0lBIiwiam9iTG9jYXRpb24iOiJzb3V0aGVhc3Rhc2lhIn0?api-version=2017-05-10",
      "EncodedRequestUri": "L3N1YnNjcmlwdGlvbnMvZTM3NTEwZDctMzNiNi00Njc2LTg4NmYtZWU3NWJjYzAxODcxL29wZXJhdGlvbnJlc3VsdHMvZXlKcWIySkpaQ0k2SWxKRlUwOVZVa05GUjFKUFZWQkVSVXhGVkVsUFRrcFBRaTFEVWxCVVJWTlVRVkkyTlRjNU1TMVRUMVZVU0VWQlUxUkJVMGxCSWl3aWFtOWlURzlqWVhScGIyNGlPaUp6YjNWMGFHVmhjM1JoYzJsaEluMD9hcGktdmVyc2lvbj0yMDE3LTA1LTEw",
      "RequestMethod": "GET",
      "RequestBody": "",
      "RequestHeaders": {
        "User-Agent": [
          "FxVersion/4.6.26614.01",
          "OSName/Windows",
          "OSVersion/Microsoft.Windows.10.0.17763.",
          "Microsoft.Azure.Management.ResourceManager.ResourceManagementClient/1.6.0.0"
        ]
      },
      "ResponseHeaders": {
        "Cache-Control": [
          "no-cache"
        ],
        "Date": [
          "Tue, 16 Nov 2021 16:36:43 GMT"
        ],
        "Pragma": [
          "no-cache"
        ],
        "Location": [
          "https://management.azure.com/subscriptions/e37510d7-33b6-4676-886f-ee75bcc01871/operationresults/eyJqb2JJZCI6IlJFU09VUkNFR1JPVVBERUxFVElPTkpPQi1DUlBURVNUQVI2NTc5MS1TT1VUSEVBU1RBU0lBIiwiam9iTG9jYXRpb24iOiJzb3V0aGVhc3Rhc2lhIn0?api-version=2017-05-10"
        ],
        "Retry-After": [
          "15"
        ],
        "x-ms-ratelimit-remaining-subscription-reads": [
          "11996"
        ],
        "x-ms-request-id": [
          "1e8493e0-35b6-44ed-be3a-0fe56fd45a66"
        ],
        "x-ms-correlation-request-id": [
          "1e8493e0-35b6-44ed-be3a-0fe56fd45a66"
        ],
        "x-ms-routing-request-id": [
          "EASTUS2:20211116T163644Z:1e8493e0-35b6-44ed-be3a-0fe56fd45a66"
        ],
        "Strict-Transport-Security": [
          "max-age=31536000; includeSubDomains"
        ],
        "X-Content-Type-Options": [
          "nosniff"
        ],
        "Content-Length": [
          "0"
        ],
        "Expires": [
          "-1"
        ]
      },
      "ResponseBody": "",
      "StatusCode": 202
    },
    {
      "RequestUri": "/subscriptions/e37510d7-33b6-4676-886f-ee75bcc01871/operationresults/eyJqb2JJZCI6IlJFU09VUkNFR1JPVVBERUxFVElPTkpPQi1DUlBURVNUQVI2NTc5MS1TT1VUSEVBU1RBU0lBIiwiam9iTG9jYXRpb24iOiJzb3V0aGVhc3Rhc2lhIn0?api-version=2017-05-10",
      "EncodedRequestUri": "L3N1YnNjcmlwdGlvbnMvZTM3NTEwZDctMzNiNi00Njc2LTg4NmYtZWU3NWJjYzAxODcxL29wZXJhdGlvbnJlc3VsdHMvZXlKcWIySkpaQ0k2SWxKRlUwOVZVa05GUjFKUFZWQkVSVXhGVkVsUFRrcFBRaTFEVWxCVVJWTlVRVkkyTlRjNU1TMVRUMVZVU0VWQlUxUkJVMGxCSWl3aWFtOWlURzlqWVhScGIyNGlPaUp6YjNWMGFHVmhjM1JoYzJsaEluMD9hcGktdmVyc2lvbj0yMDE3LTA1LTEw",
      "RequestMethod": "GET",
      "RequestBody": "",
      "RequestHeaders": {
        "User-Agent": [
          "FxVersion/4.6.26614.01",
          "OSName/Windows",
          "OSVersion/Microsoft.Windows.10.0.17763.",
          "Microsoft.Azure.Management.ResourceManager.ResourceManagementClient/1.6.0.0"
        ]
      },
      "ResponseHeaders": {
        "Cache-Control": [
          "no-cache"
        ],
        "Date": [
          "Tue, 16 Nov 2021 16:36:58 GMT"
        ],
        "Pragma": [
          "no-cache"
        ],
        "Location": [
          "https://management.azure.com/subscriptions/e37510d7-33b6-4676-886f-ee75bcc01871/operationresults/eyJqb2JJZCI6IlJFU09VUkNFR1JPVVBERUxFVElPTkpPQi1DUlBURVNUQVI2NTc5MS1TT1VUSEVBU1RBU0lBIiwiam9iTG9jYXRpb24iOiJzb3V0aGVhc3Rhc2lhIn0?api-version=2017-05-10"
        ],
        "Retry-After": [
          "15"
        ],
        "x-ms-ratelimit-remaining-subscription-reads": [
          "11995"
        ],
        "x-ms-request-id": [
          "f9ec1da7-5666-4119-a04e-ae1a269746f6"
        ],
        "x-ms-correlation-request-id": [
          "f9ec1da7-5666-4119-a04e-ae1a269746f6"
        ],
        "x-ms-routing-request-id": [
          "EASTUS2:20211116T163659Z:f9ec1da7-5666-4119-a04e-ae1a269746f6"
        ],
        "Strict-Transport-Security": [
          "max-age=31536000; includeSubDomains"
        ],
        "X-Content-Type-Options": [
          "nosniff"
        ],
        "Content-Length": [
          "0"
        ],
        "Expires": [
          "-1"
        ]
      },
      "ResponseBody": "",
      "StatusCode": 202
    },
    {
      "RequestUri": "/subscriptions/e37510d7-33b6-4676-886f-ee75bcc01871/operationresults/eyJqb2JJZCI6IlJFU09VUkNFR1JPVVBERUxFVElPTkpPQi1DUlBURVNUQVI2NTc5MS1TT1VUSEVBU1RBU0lBIiwiam9iTG9jYXRpb24iOiJzb3V0aGVhc3Rhc2lhIn0?api-version=2017-05-10",
      "EncodedRequestUri": "L3N1YnNjcmlwdGlvbnMvZTM3NTEwZDctMzNiNi00Njc2LTg4NmYtZWU3NWJjYzAxODcxL29wZXJhdGlvbnJlc3VsdHMvZXlKcWIySkpaQ0k2SWxKRlUwOVZVa05GUjFKUFZWQkVSVXhGVkVsUFRrcFBRaTFEVWxCVVJWTlVRVkkyTlRjNU1TMVRUMVZVU0VWQlUxUkJVMGxCSWl3aWFtOWlURzlqWVhScGIyNGlPaUp6YjNWMGFHVmhjM1JoYzJsaEluMD9hcGktdmVyc2lvbj0yMDE3LTA1LTEw",
      "RequestMethod": "GET",
      "RequestBody": "",
      "RequestHeaders": {
        "User-Agent": [
          "FxVersion/4.6.26614.01",
          "OSName/Windows",
          "OSVersion/Microsoft.Windows.10.0.17763.",
          "Microsoft.Azure.Management.ResourceManager.ResourceManagementClient/1.6.0.0"
        ]
      },
      "ResponseHeaders": {
        "Cache-Control": [
          "no-cache"
        ],
        "Date": [
          "Tue, 16 Nov 2021 16:37:14 GMT"
        ],
        "Pragma": [
          "no-cache"
        ],
        "Location": [
          "https://management.azure.com/subscriptions/e37510d7-33b6-4676-886f-ee75bcc01871/operationresults/eyJqb2JJZCI6IlJFU09VUkNFR1JPVVBERUxFVElPTkpPQi1DUlBURVNUQVI2NTc5MS1TT1VUSEVBU1RBU0lBIiwiam9iTG9jYXRpb24iOiJzb3V0aGVhc3Rhc2lhIn0?api-version=2017-05-10"
        ],
        "Retry-After": [
          "15"
        ],
        "x-ms-ratelimit-remaining-subscription-reads": [
          "11994"
        ],
        "x-ms-request-id": [
          "fe69db56-e535-42a3-a041-26527ad96d88"
        ],
        "x-ms-correlation-request-id": [
          "fe69db56-e535-42a3-a041-26527ad96d88"
        ],
        "x-ms-routing-request-id": [
          "EASTUS2:20211116T163715Z:fe69db56-e535-42a3-a041-26527ad96d88"
        ],
        "Strict-Transport-Security": [
          "max-age=31536000; includeSubDomains"
        ],
        "X-Content-Type-Options": [
          "nosniff"
        ],
        "Content-Length": [
          "0"
        ],
        "Expires": [
          "-1"
        ]
      },
      "ResponseBody": "",
      "StatusCode": 202
    },
    {
      "RequestUri": "/subscriptions/e37510d7-33b6-4676-886f-ee75bcc01871/operationresults/eyJqb2JJZCI6IlJFU09VUkNFR1JPVVBERUxFVElPTkpPQi1DUlBURVNUQVI2NTc5MS1TT1VUSEVBU1RBU0lBIiwiam9iTG9jYXRpb24iOiJzb3V0aGVhc3Rhc2lhIn0?api-version=2017-05-10",
      "EncodedRequestUri": "L3N1YnNjcmlwdGlvbnMvZTM3NTEwZDctMzNiNi00Njc2LTg4NmYtZWU3NWJjYzAxODcxL29wZXJhdGlvbnJlc3VsdHMvZXlKcWIySkpaQ0k2SWxKRlUwOVZVa05GUjFKUFZWQkVSVXhGVkVsUFRrcFBRaTFEVWxCVVJWTlVRVkkyTlRjNU1TMVRUMVZVU0VWQlUxUkJVMGxCSWl3aWFtOWlURzlqWVhScGIyNGlPaUp6YjNWMGFHVmhjM1JoYzJsaEluMD9hcGktdmVyc2lvbj0yMDE3LTA1LTEw",
      "RequestMethod": "GET",
      "RequestBody": "",
      "RequestHeaders": {
        "User-Agent": [
          "FxVersion/4.6.26614.01",
          "OSName/Windows",
          "OSVersion/Microsoft.Windows.10.0.17763.",
          "Microsoft.Azure.Management.ResourceManager.ResourceManagementClient/1.6.0.0"
        ]
      },
      "ResponseHeaders": {
        "Cache-Control": [
          "no-cache"
        ],
        "Date": [
          "Tue, 16 Nov 2021 16:37:30 GMT"
        ],
        "Pragma": [
          "no-cache"
        ],
        "Location": [
          "https://management.azure.com/subscriptions/e37510d7-33b6-4676-886f-ee75bcc01871/operationresults/eyJqb2JJZCI6IlJFU09VUkNFR1JPVVBERUxFVElPTkpPQi1DUlBURVNUQVI2NTc5MS1TT1VUSEVBU1RBU0lBIiwiam9iTG9jYXRpb24iOiJzb3V0aGVhc3Rhc2lhIn0?api-version=2017-05-10"
        ],
        "Retry-After": [
          "15"
        ],
        "x-ms-ratelimit-remaining-subscription-reads": [
          "11993"
        ],
        "x-ms-request-id": [
          "eb46a5a2-6c1c-4e38-9654-2a5173ca2e63"
        ],
        "x-ms-correlation-request-id": [
          "eb46a5a2-6c1c-4e38-9654-2a5173ca2e63"
        ],
        "x-ms-routing-request-id": [
          "EASTUS2:20211116T163730Z:eb46a5a2-6c1c-4e38-9654-2a5173ca2e63"
        ],
        "Strict-Transport-Security": [
          "max-age=31536000; includeSubDomains"
        ],
        "X-Content-Type-Options": [
          "nosniff"
        ],
        "Content-Length": [
          "0"
        ],
        "Expires": [
          "-1"
        ]
      },
      "ResponseBody": "",
      "StatusCode": 202
    },
    {
      "RequestUri": "/subscriptions/e37510d7-33b6-4676-886f-ee75bcc01871/operationresults/eyJqb2JJZCI6IlJFU09VUkNFR1JPVVBERUxFVElPTkpPQi1DUlBURVNUQVI2NTc5MS1TT1VUSEVBU1RBU0lBIiwiam9iTG9jYXRpb24iOiJzb3V0aGVhc3Rhc2lhIn0?api-version=2017-05-10",
      "EncodedRequestUri": "L3N1YnNjcmlwdGlvbnMvZTM3NTEwZDctMzNiNi00Njc2LTg4NmYtZWU3NWJjYzAxODcxL29wZXJhdGlvbnJlc3VsdHMvZXlKcWIySkpaQ0k2SWxKRlUwOVZVa05GUjFKUFZWQkVSVXhGVkVsUFRrcFBRaTFEVWxCVVJWTlVRVkkyTlRjNU1TMVRUMVZVU0VWQlUxUkJVMGxCSWl3aWFtOWlURzlqWVhScGIyNGlPaUp6YjNWMGFHVmhjM1JoYzJsaEluMD9hcGktdmVyc2lvbj0yMDE3LTA1LTEw",
      "RequestMethod": "GET",
      "RequestBody": "",
      "RequestHeaders": {
        "User-Agent": [
          "FxVersion/4.6.26614.01",
          "OSName/Windows",
          "OSVersion/Microsoft.Windows.10.0.17763.",
          "Microsoft.Azure.Management.ResourceManager.ResourceManagementClient/1.6.0.0"
        ]
      },
      "ResponseHeaders": {
        "Cache-Control": [
          "no-cache"
        ],
        "Date": [
          "Tue, 16 Nov 2021 16:37:45 GMT"
        ],
        "Pragma": [
          "no-cache"
        ],
        "Location": [
          "https://management.azure.com/subscriptions/e37510d7-33b6-4676-886f-ee75bcc01871/operationresults/eyJqb2JJZCI6IlJFU09VUkNFR1JPVVBERUxFVElPTkpPQi1DUlBURVNUQVI2NTc5MS1TT1VUSEVBU1RBU0lBIiwiam9iTG9jYXRpb24iOiJzb3V0aGVhc3Rhc2lhIn0?api-version=2017-05-10"
        ],
        "Retry-After": [
          "15"
        ],
        "x-ms-ratelimit-remaining-subscription-reads": [
          "11992"
        ],
        "x-ms-request-id": [
          "fae9b452-daa4-413e-adc5-7d3cfcac3a98"
        ],
        "x-ms-correlation-request-id": [
          "fae9b452-daa4-413e-adc5-7d3cfcac3a98"
        ],
        "x-ms-routing-request-id": [
          "EASTUS2:20211116T163746Z:fae9b452-daa4-413e-adc5-7d3cfcac3a98"
        ],
        "Strict-Transport-Security": [
          "max-age=31536000; includeSubDomains"
        ],
        "X-Content-Type-Options": [
          "nosniff"
        ],
        "Content-Length": [
          "0"
        ],
        "Expires": [
          "-1"
        ]
      },
      "ResponseBody": "",
      "StatusCode": 202
    },
    {
      "RequestUri": "/subscriptions/e37510d7-33b6-4676-886f-ee75bcc01871/operationresults/eyJqb2JJZCI6IlJFU09VUkNFR1JPVVBERUxFVElPTkpPQi1DUlBURVNUQVI2NTc5MS1TT1VUSEVBU1RBU0lBIiwiam9iTG9jYXRpb24iOiJzb3V0aGVhc3Rhc2lhIn0?api-version=2017-05-10",
      "EncodedRequestUri": "L3N1YnNjcmlwdGlvbnMvZTM3NTEwZDctMzNiNi00Njc2LTg4NmYtZWU3NWJjYzAxODcxL29wZXJhdGlvbnJlc3VsdHMvZXlKcWIySkpaQ0k2SWxKRlUwOVZVa05GUjFKUFZWQkVSVXhGVkVsUFRrcFBRaTFEVWxCVVJWTlVRVkkyTlRjNU1TMVRUMVZVU0VWQlUxUkJVMGxCSWl3aWFtOWlURzlqWVhScGIyNGlPaUp6YjNWMGFHVmhjM1JoYzJsaEluMD9hcGktdmVyc2lvbj0yMDE3LTA1LTEw",
      "RequestMethod": "GET",
      "RequestBody": "",
      "RequestHeaders": {
        "User-Agent": [
          "FxVersion/4.6.26614.01",
          "OSName/Windows",
          "OSVersion/Microsoft.Windows.10.0.17763.",
          "Microsoft.Azure.Management.ResourceManager.ResourceManagementClient/1.6.0.0"
        ]
      },
      "ResponseHeaders": {
        "Cache-Control": [
          "no-cache"
        ],
        "Date": [
          "Tue, 16 Nov 2021 16:38:00 GMT"
        ],
        "Pragma": [
          "no-cache"
        ],
        "Location": [
          "https://management.azure.com/subscriptions/e37510d7-33b6-4676-886f-ee75bcc01871/operationresults/eyJqb2JJZCI6IlJFU09VUkNFR1JPVVBERUxFVElPTkpPQi1DUlBURVNUQVI2NTc5MS1TT1VUSEVBU1RBU0lBIiwiam9iTG9jYXRpb24iOiJzb3V0aGVhc3Rhc2lhIn0?api-version=2017-05-10"
        ],
        "Retry-After": [
          "15"
        ],
        "x-ms-ratelimit-remaining-subscription-reads": [
          "11991"
        ],
        "x-ms-request-id": [
          "39cbcb63-3fc1-40a9-bebe-3e5872111b80"
        ],
        "x-ms-correlation-request-id": [
          "39cbcb63-3fc1-40a9-bebe-3e5872111b80"
        ],
        "x-ms-routing-request-id": [
          "EASTUS2:20211116T163801Z:39cbcb63-3fc1-40a9-bebe-3e5872111b80"
        ],
        "Strict-Transport-Security": [
          "max-age=31536000; includeSubDomains"
        ],
        "X-Content-Type-Options": [
          "nosniff"
        ],
        "Content-Length": [
          "0"
        ],
        "Expires": [
          "-1"
        ]
      },
      "ResponseBody": "",
      "StatusCode": 202
    },
    {
      "RequestUri": "/subscriptions/e37510d7-33b6-4676-886f-ee75bcc01871/operationresults/eyJqb2JJZCI6IlJFU09VUkNFR1JPVVBERUxFVElPTkpPQi1DUlBURVNUQVI2NTc5MS1TT1VUSEVBU1RBU0lBIiwiam9iTG9jYXRpb24iOiJzb3V0aGVhc3Rhc2lhIn0?api-version=2017-05-10",
      "EncodedRequestUri": "L3N1YnNjcmlwdGlvbnMvZTM3NTEwZDctMzNiNi00Njc2LTg4NmYtZWU3NWJjYzAxODcxL29wZXJhdGlvbnJlc3VsdHMvZXlKcWIySkpaQ0k2SWxKRlUwOVZVa05GUjFKUFZWQkVSVXhGVkVsUFRrcFBRaTFEVWxCVVJWTlVRVkkyTlRjNU1TMVRUMVZVU0VWQlUxUkJVMGxCSWl3aWFtOWlURzlqWVhScGIyNGlPaUp6YjNWMGFHVmhjM1JoYzJsaEluMD9hcGktdmVyc2lvbj0yMDE3LTA1LTEw",
      "RequestMethod": "GET",
      "RequestBody": "",
      "RequestHeaders": {
        "User-Agent": [
          "FxVersion/4.6.26614.01",
          "OSName/Windows",
          "OSVersion/Microsoft.Windows.10.0.17763.",
          "Microsoft.Azure.Management.ResourceManager.ResourceManagementClient/1.6.0.0"
        ]
      },
      "ResponseHeaders": {
        "Cache-Control": [
          "no-cache"
        ],
        "Date": [
          "Tue, 16 Nov 2021 16:38:16 GMT"
        ],
        "Pragma": [
          "no-cache"
        ],
        "Location": [
          "https://management.azure.com/subscriptions/e37510d7-33b6-4676-886f-ee75bcc01871/operationresults/eyJqb2JJZCI6IlJFU09VUkNFR1JPVVBERUxFVElPTkpPQi1DUlBURVNUQVI2NTc5MS1TT1VUSEVBU1RBU0lBIiwiam9iTG9jYXRpb24iOiJzb3V0aGVhc3Rhc2lhIn0?api-version=2017-05-10"
        ],
        "Retry-After": [
          "15"
        ],
        "x-ms-ratelimit-remaining-subscription-reads": [
          "11990"
        ],
        "x-ms-request-id": [
          "89c6d389-bca6-4a76-a9f2-c763e88d6fb2"
        ],
        "x-ms-correlation-request-id": [
          "89c6d389-bca6-4a76-a9f2-c763e88d6fb2"
        ],
        "x-ms-routing-request-id": [
          "EASTUS2:20211116T163817Z:89c6d389-bca6-4a76-a9f2-c763e88d6fb2"
        ],
        "Strict-Transport-Security": [
          "max-age=31536000; includeSubDomains"
        ],
        "X-Content-Type-Options": [
          "nosniff"
        ],
        "Content-Length": [
          "0"
        ],
        "Expires": [
          "-1"
        ]
      },
      "ResponseBody": "",
      "StatusCode": 202
    },
    {
      "RequestUri": "/subscriptions/e37510d7-33b6-4676-886f-ee75bcc01871/operationresults/eyJqb2JJZCI6IlJFU09VUkNFR1JPVVBERUxFVElPTkpPQi1DUlBURVNUQVI2NTc5MS1TT1VUSEVBU1RBU0lBIiwiam9iTG9jYXRpb24iOiJzb3V0aGVhc3Rhc2lhIn0?api-version=2017-05-10",
      "EncodedRequestUri": "L3N1YnNjcmlwdGlvbnMvZTM3NTEwZDctMzNiNi00Njc2LTg4NmYtZWU3NWJjYzAxODcxL29wZXJhdGlvbnJlc3VsdHMvZXlKcWIySkpaQ0k2SWxKRlUwOVZVa05GUjFKUFZWQkVSVXhGVkVsUFRrcFBRaTFEVWxCVVJWTlVRVkkyTlRjNU1TMVRUMVZVU0VWQlUxUkJVMGxCSWl3aWFtOWlURzlqWVhScGIyNGlPaUp6YjNWMGFHVmhjM1JoYzJsaEluMD9hcGktdmVyc2lvbj0yMDE3LTA1LTEw",
      "RequestMethod": "GET",
      "RequestBody": "",
      "RequestHeaders": {
        "User-Agent": [
          "FxVersion/4.6.26614.01",
          "OSName/Windows",
          "OSVersion/Microsoft.Windows.10.0.17763.",
          "Microsoft.Azure.Management.ResourceManager.ResourceManagementClient/1.6.0.0"
        ]
      },
      "ResponseHeaders": {
        "Cache-Control": [
          "no-cache"
        ],
        "Date": [
          "Tue, 16 Nov 2021 16:38:32 GMT"
        ],
        "Pragma": [
          "no-cache"
        ],
        "Location": [
          "https://management.azure.com/subscriptions/e37510d7-33b6-4676-886f-ee75bcc01871/operationresults/eyJqb2JJZCI6IlJFU09VUkNFR1JPVVBERUxFVElPTkpPQi1DUlBURVNUQVI2NTc5MS1TT1VUSEVBU1RBU0lBIiwiam9iTG9jYXRpb24iOiJzb3V0aGVhc3Rhc2lhIn0?api-version=2017-05-10"
        ],
        "Retry-After": [
          "15"
        ],
        "x-ms-ratelimit-remaining-subscription-reads": [
          "11989"
        ],
        "x-ms-request-id": [
          "de612e89-4e25-46da-8b91-524d99792b9c"
        ],
        "x-ms-correlation-request-id": [
          "de612e89-4e25-46da-8b91-524d99792b9c"
        ],
        "x-ms-routing-request-id": [
          "EASTUS2:20211116T163832Z:de612e89-4e25-46da-8b91-524d99792b9c"
        ],
        "Strict-Transport-Security": [
          "max-age=31536000; includeSubDomains"
        ],
        "X-Content-Type-Options": [
          "nosniff"
        ],
        "Content-Length": [
          "0"
        ],
        "Expires": [
          "-1"
        ]
      },
      "ResponseBody": "",
      "StatusCode": 202
    },
    {
      "RequestUri": "/subscriptions/e37510d7-33b6-4676-886f-ee75bcc01871/operationresults/eyJqb2JJZCI6IlJFU09VUkNFR1JPVVBERUxFVElPTkpPQi1DUlBURVNUQVI2NTc5MS1TT1VUSEVBU1RBU0lBIiwiam9iTG9jYXRpb24iOiJzb3V0aGVhc3Rhc2lhIn0?api-version=2017-05-10",
      "EncodedRequestUri": "L3N1YnNjcmlwdGlvbnMvZTM3NTEwZDctMzNiNi00Njc2LTg4NmYtZWU3NWJjYzAxODcxL29wZXJhdGlvbnJlc3VsdHMvZXlKcWIySkpaQ0k2SWxKRlUwOVZVa05GUjFKUFZWQkVSVXhGVkVsUFRrcFBRaTFEVWxCVVJWTlVRVkkyTlRjNU1TMVRUMVZVU0VWQlUxUkJVMGxCSWl3aWFtOWlURzlqWVhScGIyNGlPaUp6YjNWMGFHVmhjM1JoYzJsaEluMD9hcGktdmVyc2lvbj0yMDE3LTA1LTEw",
      "RequestMethod": "GET",
      "RequestBody": "",
      "RequestHeaders": {
        "User-Agent": [
          "FxVersion/4.6.26614.01",
          "OSName/Windows",
          "OSVersion/Microsoft.Windows.10.0.17763.",
          "Microsoft.Azure.Management.ResourceManager.ResourceManagementClient/1.6.0.0"
        ]
      },
      "ResponseHeaders": {
        "Cache-Control": [
          "no-cache"
        ],
        "Date": [
          "Tue, 16 Nov 2021 16:38:47 GMT"
        ],
        "Pragma": [
          "no-cache"
        ],
        "Location": [
          "https://management.azure.com/subscriptions/e37510d7-33b6-4676-886f-ee75bcc01871/operationresults/eyJqb2JJZCI6IlJFU09VUkNFR1JPVVBERUxFVElPTkpPQi1DUlBURVNUQVI2NTc5MS1TT1VUSEVBU1RBU0lBIiwiam9iTG9jYXRpb24iOiJzb3V0aGVhc3Rhc2lhIn0?api-version=2017-05-10"
        ],
        "Retry-After": [
          "15"
        ],
        "x-ms-ratelimit-remaining-subscription-reads": [
          "11988"
        ],
        "x-ms-request-id": [
          "4d97c4cf-6519-4f24-945b-1df902f9a5a3"
        ],
        "x-ms-correlation-request-id": [
          "4d97c4cf-6519-4f24-945b-1df902f9a5a3"
        ],
        "x-ms-routing-request-id": [
          "EASTUS2:20211116T163848Z:4d97c4cf-6519-4f24-945b-1df902f9a5a3"
        ],
        "Strict-Transport-Security": [
          "max-age=31536000; includeSubDomains"
        ],
        "X-Content-Type-Options": [
          "nosniff"
        ],
        "Content-Length": [
          "0"
        ],
        "Expires": [
          "-1"
        ]
      },
      "ResponseBody": "",
      "StatusCode": 202
    },
    {
      "RequestUri": "/subscriptions/e37510d7-33b6-4676-886f-ee75bcc01871/operationresults/eyJqb2JJZCI6IlJFU09VUkNFR1JPVVBERUxFVElPTkpPQi1DUlBURVNUQVI2NTc5MS1TT1VUSEVBU1RBU0lBIiwiam9iTG9jYXRpb24iOiJzb3V0aGVhc3Rhc2lhIn0?api-version=2017-05-10",
      "EncodedRequestUri": "L3N1YnNjcmlwdGlvbnMvZTM3NTEwZDctMzNiNi00Njc2LTg4NmYtZWU3NWJjYzAxODcxL29wZXJhdGlvbnJlc3VsdHMvZXlKcWIySkpaQ0k2SWxKRlUwOVZVa05GUjFKUFZWQkVSVXhGVkVsUFRrcFBRaTFEVWxCVVJWTlVRVkkyTlRjNU1TMVRUMVZVU0VWQlUxUkJVMGxCSWl3aWFtOWlURzlqWVhScGIyNGlPaUp6YjNWMGFHVmhjM1JoYzJsaEluMD9hcGktdmVyc2lvbj0yMDE3LTA1LTEw",
      "RequestMethod": "GET",
      "RequestBody": "",
      "RequestHeaders": {
        "User-Agent": [
          "FxVersion/4.6.26614.01",
          "OSName/Windows",
          "OSVersion/Microsoft.Windows.10.0.17763.",
          "Microsoft.Azure.Management.ResourceManager.ResourceManagementClient/1.6.0.0"
        ]
      },
      "ResponseHeaders": {
        "Cache-Control": [
          "no-cache"
        ],
        "Date": [
          "Tue, 16 Nov 2021 16:39:03 GMT"
        ],
        "Pragma": [
          "no-cache"
        ],
        "Location": [
          "https://management.azure.com/subscriptions/e37510d7-33b6-4676-886f-ee75bcc01871/operationresults/eyJqb2JJZCI6IlJFU09VUkNFR1JPVVBERUxFVElPTkpPQi1DUlBURVNUQVI2NTc5MS1TT1VUSEVBU1RBU0lBIiwiam9iTG9jYXRpb24iOiJzb3V0aGVhc3Rhc2lhIn0?api-version=2017-05-10"
        ],
        "Retry-After": [
          "15"
        ],
        "x-ms-ratelimit-remaining-subscription-reads": [
          "11987"
        ],
        "x-ms-request-id": [
          "13ae560f-3673-4279-9267-77449ddd2951"
        ],
        "x-ms-correlation-request-id": [
          "13ae560f-3673-4279-9267-77449ddd2951"
        ],
        "x-ms-routing-request-id": [
          "EASTUS2:20211116T163903Z:13ae560f-3673-4279-9267-77449ddd2951"
        ],
        "Strict-Transport-Security": [
          "max-age=31536000; includeSubDomains"
        ],
        "X-Content-Type-Options": [
          "nosniff"
        ],
        "Content-Length": [
          "0"
        ],
        "Expires": [
          "-1"
        ]
      },
      "ResponseBody": "",
      "StatusCode": 202
    },
    {
      "RequestUri": "/subscriptions/e37510d7-33b6-4676-886f-ee75bcc01871/operationresults/eyJqb2JJZCI6IlJFU09VUkNFR1JPVVBERUxFVElPTkpPQi1DUlBURVNUQVI2NTc5MS1TT1VUSEVBU1RBU0lBIiwiam9iTG9jYXRpb24iOiJzb3V0aGVhc3Rhc2lhIn0?api-version=2017-05-10",
      "EncodedRequestUri": "L3N1YnNjcmlwdGlvbnMvZTM3NTEwZDctMzNiNi00Njc2LTg4NmYtZWU3NWJjYzAxODcxL29wZXJhdGlvbnJlc3VsdHMvZXlKcWIySkpaQ0k2SWxKRlUwOVZVa05GUjFKUFZWQkVSVXhGVkVsUFRrcFBRaTFEVWxCVVJWTlVRVkkyTlRjNU1TMVRUMVZVU0VWQlUxUkJVMGxCSWl3aWFtOWlURzlqWVhScGIyNGlPaUp6YjNWMGFHVmhjM1JoYzJsaEluMD9hcGktdmVyc2lvbj0yMDE3LTA1LTEw",
      "RequestMethod": "GET",
      "RequestBody": "",
      "RequestHeaders": {
        "User-Agent": [
          "FxVersion/4.6.26614.01",
          "OSName/Windows",
          "OSVersion/Microsoft.Windows.10.0.17763.",
          "Microsoft.Azure.Management.ResourceManager.ResourceManagementClient/1.6.0.0"
        ]
      },
      "ResponseHeaders": {
        "Cache-Control": [
          "no-cache"
        ],
        "Date": [
          "Tue, 16 Nov 2021 16:39:18 GMT"
        ],
        "Pragma": [
          "no-cache"
        ],
        "Location": [
          "https://management.azure.com/subscriptions/e37510d7-33b6-4676-886f-ee75bcc01871/operationresults/eyJqb2JJZCI6IlJFU09VUkNFR1JPVVBERUxFVElPTkpPQi1DUlBURVNUQVI2NTc5MS1TT1VUSEVBU1RBU0lBIiwiam9iTG9jYXRpb24iOiJzb3V0aGVhc3Rhc2lhIn0?api-version=2017-05-10"
        ],
        "Retry-After": [
          "15"
        ],
        "x-ms-ratelimit-remaining-subscription-reads": [
          "11986"
        ],
        "x-ms-request-id": [
          "6d511b19-a50b-4105-bbcb-41eb9dd57cbf"
        ],
        "x-ms-correlation-request-id": [
          "6d511b19-a50b-4105-bbcb-41eb9dd57cbf"
        ],
        "x-ms-routing-request-id": [
          "EASTUS2:20211116T163919Z:6d511b19-a50b-4105-bbcb-41eb9dd57cbf"
        ],
        "Strict-Transport-Security": [
          "max-age=31536000; includeSubDomains"
        ],
        "X-Content-Type-Options": [
          "nosniff"
        ],
        "Content-Length": [
          "0"
        ],
        "Expires": [
          "-1"
        ]
      },
      "ResponseBody": "",
      "StatusCode": 202
    },
    {
      "RequestUri": "/subscriptions/e37510d7-33b6-4676-886f-ee75bcc01871/operationresults/eyJqb2JJZCI6IlJFU09VUkNFR1JPVVBERUxFVElPTkpPQi1DUlBURVNUQVI2NTc5MS1TT1VUSEVBU1RBU0lBIiwiam9iTG9jYXRpb24iOiJzb3V0aGVhc3Rhc2lhIn0?api-version=2017-05-10",
      "EncodedRequestUri": "L3N1YnNjcmlwdGlvbnMvZTM3NTEwZDctMzNiNi00Njc2LTg4NmYtZWU3NWJjYzAxODcxL29wZXJhdGlvbnJlc3VsdHMvZXlKcWIySkpaQ0k2SWxKRlUwOVZVa05GUjFKUFZWQkVSVXhGVkVsUFRrcFBRaTFEVWxCVVJWTlVRVkkyTlRjNU1TMVRUMVZVU0VWQlUxUkJVMGxCSWl3aWFtOWlURzlqWVhScGIyNGlPaUp6YjNWMGFHVmhjM1JoYzJsaEluMD9hcGktdmVyc2lvbj0yMDE3LTA1LTEw",
      "RequestMethod": "GET",
      "RequestBody": "",
      "RequestHeaders": {
        "User-Agent": [
          "FxVersion/4.6.26614.01",
          "OSName/Windows",
          "OSVersion/Microsoft.Windows.10.0.17763.",
          "Microsoft.Azure.Management.ResourceManager.ResourceManagementClient/1.6.0.0"
        ]
      },
      "ResponseHeaders": {
        "Cache-Control": [
          "no-cache"
        ],
        "Date": [
          "Tue, 16 Nov 2021 16:39:33 GMT"
        ],
        "Pragma": [
          "no-cache"
        ],
        "Location": [
          "https://management.azure.com/subscriptions/e37510d7-33b6-4676-886f-ee75bcc01871/operationresults/eyJqb2JJZCI6IlJFU09VUkNFR1JPVVBERUxFVElPTkpPQi1DUlBURVNUQVI2NTc5MS1TT1VUSEVBU1RBU0lBIiwiam9iTG9jYXRpb24iOiJzb3V0aGVhc3Rhc2lhIn0?api-version=2017-05-10"
        ],
        "Retry-After": [
          "15"
        ],
        "x-ms-ratelimit-remaining-subscription-reads": [
          "11985"
        ],
        "x-ms-request-id": [
          "1098f154-ee54-4da6-9260-129777c170fd"
        ],
        "x-ms-correlation-request-id": [
          "1098f154-ee54-4da6-9260-129777c170fd"
        ],
        "x-ms-routing-request-id": [
          "EASTUS2:20211116T163934Z:1098f154-ee54-4da6-9260-129777c170fd"
        ],
        "Strict-Transport-Security": [
          "max-age=31536000; includeSubDomains"
        ],
        "X-Content-Type-Options": [
          "nosniff"
        ],
        "Content-Length": [
          "0"
        ],
        "Expires": [
          "-1"
        ]
      },
      "ResponseBody": "",
      "StatusCode": 202
    },
    {
      "RequestUri": "/subscriptions/e37510d7-33b6-4676-886f-ee75bcc01871/operationresults/eyJqb2JJZCI6IlJFU09VUkNFR1JPVVBERUxFVElPTkpPQi1DUlBURVNUQVI2NTc5MS1TT1VUSEVBU1RBU0lBIiwiam9iTG9jYXRpb24iOiJzb3V0aGVhc3Rhc2lhIn0?api-version=2017-05-10",
      "EncodedRequestUri": "L3N1YnNjcmlwdGlvbnMvZTM3NTEwZDctMzNiNi00Njc2LTg4NmYtZWU3NWJjYzAxODcxL29wZXJhdGlvbnJlc3VsdHMvZXlKcWIySkpaQ0k2SWxKRlUwOVZVa05GUjFKUFZWQkVSVXhGVkVsUFRrcFBRaTFEVWxCVVJWTlVRVkkyTlRjNU1TMVRUMVZVU0VWQlUxUkJVMGxCSWl3aWFtOWlURzlqWVhScGIyNGlPaUp6YjNWMGFHVmhjM1JoYzJsaEluMD9hcGktdmVyc2lvbj0yMDE3LTA1LTEw",
      "RequestMethod": "GET",
      "RequestBody": "",
      "RequestHeaders": {
        "User-Agent": [
          "FxVersion/4.6.26614.01",
          "OSName/Windows",
          "OSVersion/Microsoft.Windows.10.0.17763.",
          "Microsoft.Azure.Management.ResourceManager.ResourceManagementClient/1.6.0.0"
        ]
      },
      "ResponseHeaders": {
        "Cache-Control": [
          "no-cache"
        ],
        "Date": [
          "Tue, 16 Nov 2021 16:39:50 GMT"
        ],
        "Pragma": [
          "no-cache"
        ],
        "Location": [
          "https://management.azure.com/subscriptions/e37510d7-33b6-4676-886f-ee75bcc01871/operationresults/eyJqb2JJZCI6IlJFU09VUkNFR1JPVVBERUxFVElPTkpPQi1DUlBURVNUQVI2NTc5MS1TT1VUSEVBU1RBU0lBIiwiam9iTG9jYXRpb24iOiJzb3V0aGVhc3Rhc2lhIn0?api-version=2017-05-10"
        ],
        "Retry-After": [
          "15"
        ],
        "x-ms-ratelimit-remaining-subscription-reads": [
          "11984"
        ],
        "x-ms-request-id": [
          "e8d66b0f-e887-4db9-bc7a-5bc441b1790e"
        ],
        "x-ms-correlation-request-id": [
          "e8d66b0f-e887-4db9-bc7a-5bc441b1790e"
        ],
        "x-ms-routing-request-id": [
          "EASTUS2:20211116T163950Z:e8d66b0f-e887-4db9-bc7a-5bc441b1790e"
        ],
        "Strict-Transport-Security": [
          "max-age=31536000; includeSubDomains"
        ],
        "X-Content-Type-Options": [
          "nosniff"
        ],
        "Content-Length": [
          "0"
        ],
        "Expires": [
          "-1"
        ]
      },
      "ResponseBody": "",
      "StatusCode": 202
    },
    {
      "RequestUri": "/subscriptions/e37510d7-33b6-4676-886f-ee75bcc01871/operationresults/eyJqb2JJZCI6IlJFU09VUkNFR1JPVVBERUxFVElPTkpPQi1DUlBURVNUQVI2NTc5MS1TT1VUSEVBU1RBU0lBIiwiam9iTG9jYXRpb24iOiJzb3V0aGVhc3Rhc2lhIn0?api-version=2017-05-10",
      "EncodedRequestUri": "L3N1YnNjcmlwdGlvbnMvZTM3NTEwZDctMzNiNi00Njc2LTg4NmYtZWU3NWJjYzAxODcxL29wZXJhdGlvbnJlc3VsdHMvZXlKcWIySkpaQ0k2SWxKRlUwOVZVa05GUjFKUFZWQkVSVXhGVkVsUFRrcFBRaTFEVWxCVVJWTlVRVkkyTlRjNU1TMVRUMVZVU0VWQlUxUkJVMGxCSWl3aWFtOWlURzlqWVhScGIyNGlPaUp6YjNWMGFHVmhjM1JoYzJsaEluMD9hcGktdmVyc2lvbj0yMDE3LTA1LTEw",
      "RequestMethod": "GET",
      "RequestBody": "",
      "RequestHeaders": {
        "User-Agent": [
          "FxVersion/4.6.26614.01",
          "OSName/Windows",
          "OSVersion/Microsoft.Windows.10.0.17763.",
          "Microsoft.Azure.Management.ResourceManager.ResourceManagementClient/1.6.0.0"
        ]
      },
      "ResponseHeaders": {
        "Cache-Control": [
          "no-cache"
        ],
        "Date": [
          "Tue, 16 Nov 2021 16:40:05 GMT"
        ],
        "Pragma": [
          "no-cache"
        ],
        "Location": [
          "https://management.azure.com/subscriptions/e37510d7-33b6-4676-886f-ee75bcc01871/operationresults/eyJqb2JJZCI6IlJFU09VUkNFR1JPVVBERUxFVElPTkpPQi1DUlBURVNUQVI2NTc5MS1TT1VUSEVBU1RBU0lBIiwiam9iTG9jYXRpb24iOiJzb3V0aGVhc3Rhc2lhIn0?api-version=2017-05-10"
        ],
        "Retry-After": [
          "15"
        ],
        "x-ms-ratelimit-remaining-subscription-reads": [
          "11983"
        ],
        "x-ms-request-id": [
          "9c4070ee-699d-40ba-82b8-bec01547d85c"
        ],
        "x-ms-correlation-request-id": [
          "9c4070ee-699d-40ba-82b8-bec01547d85c"
        ],
        "x-ms-routing-request-id": [
          "EASTUS2:20211116T164006Z:9c4070ee-699d-40ba-82b8-bec01547d85c"
        ],
        "Strict-Transport-Security": [
          "max-age=31536000; includeSubDomains"
        ],
        "X-Content-Type-Options": [
          "nosniff"
        ],
        "Content-Length": [
          "0"
        ],
        "Expires": [
          "-1"
        ]
      },
      "ResponseBody": "",
      "StatusCode": 202
    },
    {
      "RequestUri": "/subscriptions/e37510d7-33b6-4676-886f-ee75bcc01871/operationresults/eyJqb2JJZCI6IlJFU09VUkNFR1JPVVBERUxFVElPTkpPQi1DUlBURVNUQVI2NTc5MS1TT1VUSEVBU1RBU0lBIiwiam9iTG9jYXRpb24iOiJzb3V0aGVhc3Rhc2lhIn0?api-version=2017-05-10",
      "EncodedRequestUri": "L3N1YnNjcmlwdGlvbnMvZTM3NTEwZDctMzNiNi00Njc2LTg4NmYtZWU3NWJjYzAxODcxL29wZXJhdGlvbnJlc3VsdHMvZXlKcWIySkpaQ0k2SWxKRlUwOVZVa05GUjFKUFZWQkVSVXhGVkVsUFRrcFBRaTFEVWxCVVJWTlVRVkkyTlRjNU1TMVRUMVZVU0VWQlUxUkJVMGxCSWl3aWFtOWlURzlqWVhScGIyNGlPaUp6YjNWMGFHVmhjM1JoYzJsaEluMD9hcGktdmVyc2lvbj0yMDE3LTA1LTEw",
      "RequestMethod": "GET",
      "RequestBody": "",
      "RequestHeaders": {
        "User-Agent": [
          "FxVersion/4.6.26614.01",
          "OSName/Windows",
          "OSVersion/Microsoft.Windows.10.0.17763.",
          "Microsoft.Azure.Management.ResourceManager.ResourceManagementClient/1.6.0.0"
        ]
      },
      "ResponseHeaders": {
        "Cache-Control": [
          "no-cache"
        ],
        "Date": [
          "Tue, 16 Nov 2021 16:40:21 GMT"
        ],
        "Pragma": [
          "no-cache"
        ],
        "Location": [
          "https://management.azure.com/subscriptions/e37510d7-33b6-4676-886f-ee75bcc01871/operationresults/eyJqb2JJZCI6IlJFU09VUkNFR1JPVVBERUxFVElPTkpPQi1DUlBURVNUQVI2NTc5MS1TT1VUSEVBU1RBU0lBIiwiam9iTG9jYXRpb24iOiJzb3V0aGVhc3Rhc2lhIn0?api-version=2017-05-10"
        ],
        "Retry-After": [
          "15"
        ],
        "x-ms-ratelimit-remaining-subscription-reads": [
          "11982"
        ],
        "x-ms-request-id": [
          "3802f42d-93ba-4c41-add2-1b52db9cc2f4"
        ],
        "x-ms-correlation-request-id": [
          "3802f42d-93ba-4c41-add2-1b52db9cc2f4"
        ],
        "x-ms-routing-request-id": [
          "EASTUS2:20211116T164021Z:3802f42d-93ba-4c41-add2-1b52db9cc2f4"
        ],
        "Strict-Transport-Security": [
          "max-age=31536000; includeSubDomains"
        ],
        "X-Content-Type-Options": [
          "nosniff"
        ],
        "Content-Length": [
          "0"
        ],
        "Expires": [
          "-1"
        ]
      },
      "ResponseBody": "",
      "StatusCode": 202
    },
    {
      "RequestUri": "/subscriptions/e37510d7-33b6-4676-886f-ee75bcc01871/operationresults/eyJqb2JJZCI6IlJFU09VUkNFR1JPVVBERUxFVElPTkpPQi1DUlBURVNUQVI2NTc5MS1TT1VUSEVBU1RBU0lBIiwiam9iTG9jYXRpb24iOiJzb3V0aGVhc3Rhc2lhIn0?api-version=2017-05-10",
      "EncodedRequestUri": "L3N1YnNjcmlwdGlvbnMvZTM3NTEwZDctMzNiNi00Njc2LTg4NmYtZWU3NWJjYzAxODcxL29wZXJhdGlvbnJlc3VsdHMvZXlKcWIySkpaQ0k2SWxKRlUwOVZVa05GUjFKUFZWQkVSVXhGVkVsUFRrcFBRaTFEVWxCVVJWTlVRVkkyTlRjNU1TMVRUMVZVU0VWQlUxUkJVMGxCSWl3aWFtOWlURzlqWVhScGIyNGlPaUp6YjNWMGFHVmhjM1JoYzJsaEluMD9hcGktdmVyc2lvbj0yMDE3LTA1LTEw",
      "RequestMethod": "GET",
      "RequestBody": "",
      "RequestHeaders": {
        "User-Agent": [
          "FxVersion/4.6.26614.01",
          "OSName/Windows",
          "OSVersion/Microsoft.Windows.10.0.17763.",
          "Microsoft.Azure.Management.ResourceManager.ResourceManagementClient/1.6.0.0"
        ]
      },
      "ResponseHeaders": {
        "Cache-Control": [
          "no-cache"
        ],
        "Date": [
          "Tue, 16 Nov 2021 16:40:36 GMT"
        ],
        "Pragma": [
          "no-cache"
        ],
        "Location": [
          "https://management.azure.com/subscriptions/e37510d7-33b6-4676-886f-ee75bcc01871/operationresults/eyJqb2JJZCI6IlJFU09VUkNFR1JPVVBERUxFVElPTkpPQi1DUlBURVNUQVI2NTc5MS1TT1VUSEVBU1RBU0lBIiwiam9iTG9jYXRpb24iOiJzb3V0aGVhc3Rhc2lhIn0?api-version=2017-05-10"
        ],
        "Retry-After": [
          "15"
        ],
        "x-ms-ratelimit-remaining-subscription-reads": [
          "11981"
        ],
        "x-ms-request-id": [
          "42c3749c-1c61-4487-a936-3af72728a8fd"
        ],
        "x-ms-correlation-request-id": [
          "42c3749c-1c61-4487-a936-3af72728a8fd"
        ],
        "x-ms-routing-request-id": [
          "EASTUS2:20211116T164037Z:42c3749c-1c61-4487-a936-3af72728a8fd"
        ],
        "Strict-Transport-Security": [
          "max-age=31536000; includeSubDomains"
        ],
        "X-Content-Type-Options": [
          "nosniff"
        ],
        "Content-Length": [
          "0"
        ],
        "Expires": [
          "-1"
        ]
      },
      "ResponseBody": "",
      "StatusCode": 202
    },
    {
      "RequestUri": "/subscriptions/e37510d7-33b6-4676-886f-ee75bcc01871/operationresults/eyJqb2JJZCI6IlJFU09VUkNFR1JPVVBERUxFVElPTkpPQi1DUlBURVNUQVI2NTc5MS1TT1VUSEVBU1RBU0lBIiwiam9iTG9jYXRpb24iOiJzb3V0aGVhc3Rhc2lhIn0?api-version=2017-05-10",
      "EncodedRequestUri": "L3N1YnNjcmlwdGlvbnMvZTM3NTEwZDctMzNiNi00Njc2LTg4NmYtZWU3NWJjYzAxODcxL29wZXJhdGlvbnJlc3VsdHMvZXlKcWIySkpaQ0k2SWxKRlUwOVZVa05GUjFKUFZWQkVSVXhGVkVsUFRrcFBRaTFEVWxCVVJWTlVRVkkyTlRjNU1TMVRUMVZVU0VWQlUxUkJVMGxCSWl3aWFtOWlURzlqWVhScGIyNGlPaUp6YjNWMGFHVmhjM1JoYzJsaEluMD9hcGktdmVyc2lvbj0yMDE3LTA1LTEw",
      "RequestMethod": "GET",
      "RequestBody": "",
      "RequestHeaders": {
        "User-Agent": [
          "FxVersion/4.6.26614.01",
          "OSName/Windows",
          "OSVersion/Microsoft.Windows.10.0.17763.",
          "Microsoft.Azure.Management.ResourceManager.ResourceManagementClient/1.6.0.0"
        ]
      },
      "ResponseHeaders": {
        "Cache-Control": [
          "no-cache"
        ],
        "Date": [
          "Tue, 16 Nov 2021 16:40:51 GMT"
        ],
        "Pragma": [
          "no-cache"
        ],
        "Location": [
          "https://management.azure.com/subscriptions/e37510d7-33b6-4676-886f-ee75bcc01871/operationresults/eyJqb2JJZCI6IlJFU09VUkNFR1JPVVBERUxFVElPTkpPQi1DUlBURVNUQVI2NTc5MS1TT1VUSEVBU1RBU0lBIiwiam9iTG9jYXRpb24iOiJzb3V0aGVhc3Rhc2lhIn0?api-version=2017-05-10"
        ],
        "Retry-After": [
          "15"
        ],
        "x-ms-ratelimit-remaining-subscription-reads": [
          "11980"
        ],
        "x-ms-request-id": [
          "73906841-88e5-40a9-bc45-e316fb6cd095"
        ],
        "x-ms-correlation-request-id": [
          "73906841-88e5-40a9-bc45-e316fb6cd095"
        ],
        "x-ms-routing-request-id": [
          "EASTUS2:20211116T164052Z:73906841-88e5-40a9-bc45-e316fb6cd095"
        ],
        "Strict-Transport-Security": [
          "max-age=31536000; includeSubDomains"
        ],
        "X-Content-Type-Options": [
          "nosniff"
        ],
        "Content-Length": [
          "0"
        ],
        "Expires": [
          "-1"
        ]
      },
      "ResponseBody": "",
      "StatusCode": 202
    },
    {
      "RequestUri": "/subscriptions/e37510d7-33b6-4676-886f-ee75bcc01871/operationresults/eyJqb2JJZCI6IlJFU09VUkNFR1JPVVBERUxFVElPTkpPQi1DUlBURVNUQVI2NTc5MS1TT1VUSEVBU1RBU0lBIiwiam9iTG9jYXRpb24iOiJzb3V0aGVhc3Rhc2lhIn0?api-version=2017-05-10",
      "EncodedRequestUri": "L3N1YnNjcmlwdGlvbnMvZTM3NTEwZDctMzNiNi00Njc2LTg4NmYtZWU3NWJjYzAxODcxL29wZXJhdGlvbnJlc3VsdHMvZXlKcWIySkpaQ0k2SWxKRlUwOVZVa05GUjFKUFZWQkVSVXhGVkVsUFRrcFBRaTFEVWxCVVJWTlVRVkkyTlRjNU1TMVRUMVZVU0VWQlUxUkJVMGxCSWl3aWFtOWlURzlqWVhScGIyNGlPaUp6YjNWMGFHVmhjM1JoYzJsaEluMD9hcGktdmVyc2lvbj0yMDE3LTA1LTEw",
      "RequestMethod": "GET",
      "RequestBody": "",
      "RequestHeaders": {
        "User-Agent": [
          "FxVersion/4.6.26614.01",
          "OSName/Windows",
          "OSVersion/Microsoft.Windows.10.0.17763.",
          "Microsoft.Azure.Management.ResourceManager.ResourceManagementClient/1.6.0.0"
        ]
      },
      "ResponseHeaders": {
        "Cache-Control": [
          "no-cache"
        ],
        "Date": [
          "Tue, 16 Nov 2021 16:41:07 GMT"
        ],
        "Pragma": [
          "no-cache"
        ],
        "Location": [
          "https://management.azure.com/subscriptions/e37510d7-33b6-4676-886f-ee75bcc01871/operationresults/eyJqb2JJZCI6IlJFU09VUkNFR1JPVVBERUxFVElPTkpPQi1DUlBURVNUQVI2NTc5MS1TT1VUSEVBU1RBU0lBIiwiam9iTG9jYXRpb24iOiJzb3V0aGVhc3Rhc2lhIn0?api-version=2017-05-10"
        ],
        "Retry-After": [
          "15"
        ],
        "x-ms-ratelimit-remaining-subscription-reads": [
          "11979"
        ],
        "x-ms-request-id": [
          "fe287a09-a863-4f07-9090-b65318a14603"
        ],
        "x-ms-correlation-request-id": [
          "fe287a09-a863-4f07-9090-b65318a14603"
        ],
        "x-ms-routing-request-id": [
          "EASTUS2:20211116T164108Z:fe287a09-a863-4f07-9090-b65318a14603"
        ],
        "Strict-Transport-Security": [
          "max-age=31536000; includeSubDomains"
        ],
        "X-Content-Type-Options": [
          "nosniff"
        ],
        "Content-Length": [
          "0"
        ],
        "Expires": [
          "-1"
        ]
      },
      "ResponseBody": "",
      "StatusCode": 202
    },
    {
      "RequestUri": "/subscriptions/e37510d7-33b6-4676-886f-ee75bcc01871/operationresults/eyJqb2JJZCI6IlJFU09VUkNFR1JPVVBERUxFVElPTkpPQi1DUlBURVNUQVI2NTc5MS1TT1VUSEVBU1RBU0lBIiwiam9iTG9jYXRpb24iOiJzb3V0aGVhc3Rhc2lhIn0?api-version=2017-05-10",
      "EncodedRequestUri": "L3N1YnNjcmlwdGlvbnMvZTM3NTEwZDctMzNiNi00Njc2LTg4NmYtZWU3NWJjYzAxODcxL29wZXJhdGlvbnJlc3VsdHMvZXlKcWIySkpaQ0k2SWxKRlUwOVZVa05GUjFKUFZWQkVSVXhGVkVsUFRrcFBRaTFEVWxCVVJWTlVRVkkyTlRjNU1TMVRUMVZVU0VWQlUxUkJVMGxCSWl3aWFtOWlURzlqWVhScGIyNGlPaUp6YjNWMGFHVmhjM1JoYzJsaEluMD9hcGktdmVyc2lvbj0yMDE3LTA1LTEw",
      "RequestMethod": "GET",
      "RequestBody": "",
      "RequestHeaders": {
        "User-Agent": [
          "FxVersion/4.6.26614.01",
          "OSName/Windows",
          "OSVersion/Microsoft.Windows.10.0.17763.",
          "Microsoft.Azure.Management.ResourceManager.ResourceManagementClient/1.6.0.0"
        ]
      },
      "ResponseHeaders": {
        "Cache-Control": [
          "no-cache"
        ],
        "Date": [
          "Tue, 16 Nov 2021 16:41:23 GMT"
        ],
        "Pragma": [
          "no-cache"
        ],
        "x-ms-ratelimit-remaining-subscription-reads": [
          "11978"
        ],
        "x-ms-request-id": [
          "907c2166-b593-437e-98f1-2120c322db8f"
        ],
        "x-ms-correlation-request-id": [
          "907c2166-b593-437e-98f1-2120c322db8f"
        ],
        "x-ms-routing-request-id": [
          "EASTUS2:20211116T164123Z:907c2166-b593-437e-98f1-2120c322db8f"
        ],
        "Strict-Transport-Security": [
          "max-age=31536000; includeSubDomains"
        ],
        "X-Content-Type-Options": [
          "nosniff"
        ],
        "Content-Length": [
          "0"
        ],
        "Expires": [
          "-1"
        ]
      },
      "ResponseBody": "",
      "StatusCode": 200
    },
    {
      "RequestUri": "/subscriptions/e37510d7-33b6-4676-886f-ee75bcc01871/operationresults/eyJqb2JJZCI6IlJFU09VUkNFR1JPVVBERUxFVElPTkpPQi1DUlBURVNUQVI2NTc5MS1TT1VUSEVBU1RBU0lBIiwiam9iTG9jYXRpb24iOiJzb3V0aGVhc3Rhc2lhIn0?api-version=2017-05-10",
      "EncodedRequestUri": "L3N1YnNjcmlwdGlvbnMvZTM3NTEwZDctMzNiNi00Njc2LTg4NmYtZWU3NWJjYzAxODcxL29wZXJhdGlvbnJlc3VsdHMvZXlKcWIySkpaQ0k2SWxKRlUwOVZVa05GUjFKUFZWQkVSVXhGVkVsUFRrcFBRaTFEVWxCVVJWTlVRVkkyTlRjNU1TMVRUMVZVU0VWQlUxUkJVMGxCSWl3aWFtOWlURzlqWVhScGIyNGlPaUp6YjNWMGFHVmhjM1JoYzJsaEluMD9hcGktdmVyc2lvbj0yMDE3LTA1LTEw",
      "RequestMethod": "GET",
      "RequestBody": "",
      "RequestHeaders": {
        "User-Agent": [
          "FxVersion/4.6.26614.01",
          "OSName/Windows",
          "OSVersion/Microsoft.Windows.10.0.17763.",
          "Microsoft.Azure.Management.ResourceManager.ResourceManagementClient/1.6.0.0"
        ]
      },
      "ResponseHeaders": {
        "Cache-Control": [
          "no-cache"
        ],
        "Date": [
          "Tue, 16 Nov 2021 16:41:23 GMT"
        ],
        "Pragma": [
          "no-cache"
        ],
        "x-ms-ratelimit-remaining-subscription-reads": [
          "11977"
        ],
        "x-ms-request-id": [
          "bb38a723-60f7-4c89-8f77-b9db3a7abd10"
        ],
        "x-ms-correlation-request-id": [
          "bb38a723-60f7-4c89-8f77-b9db3a7abd10"
        ],
        "x-ms-routing-request-id": [
          "EASTUS2:20211116T164123Z:bb38a723-60f7-4c89-8f77-b9db3a7abd10"
        ],
        "Strict-Transport-Security": [
          "max-age=31536000; includeSubDomains"
        ],
        "X-Content-Type-Options": [
          "nosniff"
        ],
        "Content-Length": [
          "0"
        ],
        "Expires": [
          "-1"
        ]
      },
      "ResponseBody": "",
      "StatusCode": 200
    }
  ],
  "Names": {
    "TestVMScaleSetWithnIpv6": [
      "crptestar6579",
      "vmss9796",
      "dnsname8117",
      "crptestar1216"
    ],
    "CreateVNETWithSubnets": [
      "vn1215",
      "sn19791",
      "sn2619"
    ],
    "CreatePublicIP": [
      "pip1099",
      "dn2013"
    ],
    "CreateNIC": [
      "nic5477",
      "ip1294"
    ],
    "CreateDefaultVMScaleSetInput": [
      "crptestar1545",
      "vmss7042",
      "vmsstestnetconfig3949",
      "vmsstestnetconfig9785"
    ]
  },
  "Variables": {
    "SubscriptionId": "e37510d7-33b6-4676-886f-ee75bcc01871"
  }
}