{
  "Entries": [
    {
      "RequestUri": "https://management.azure.com/subscriptions/b9f138a1-1d64-4108-8413-9ea3be1c1b2d/resourcegroups/6609?api-version=2019-10-01",
      "RequestMethod": "PUT",
      "RequestHeaders": {
        "Authorization": "Sanitized",
        "Content-Length": "22",
        "Content-Type": "application/json",
        "traceparent": "00-4103514398ef5b45935616bbc2cdbb09-6e74a11411c9cc41-00",
        "User-Agent": [
          "azsdk-net-ResourceManager.Resources/1.0.0-dev.20200611.1",
          "(.NET Core 4.6.28801.04; Microsoft Windows 10.0.19041 )"
        ],
        "x-ms-client-request-id": "283ca8a3ff8b9e91c862e8415074d82c",
        "x-ms-return-client-request-id": "true"
      },
      "RequestBody": {
        "location": "eastus2"
      },
      "StatusCode": 201,
      "ResponseHeaders": {
        "Cache-Control": "no-cache",
        "Content-Length": "206",
        "Content-Type": "application/json; charset=utf-8",
        "Date": "Thu, 11 Jun 2020 01:50:50 GMT",
        "Expires": "-1",
        "Pragma": "no-cache",
        "Strict-Transport-Security": "max-age=31536000; includeSubDomains",
        "X-Content-Type-Options": "nosniff",
        "x-ms-correlation-request-id": "76ba0701-800b-464c-a9c3-03ff9534ccdb",
        "x-ms-ratelimit-remaining-subscription-writes": "1157",
        "x-ms-request-id": "76ba0701-800b-464c-a9c3-03ff9534ccdb",
        "x-ms-routing-request-id": "EASTASIA:20200611T015050Z:76ba0701-800b-464c-a9c3-03ff9534ccdb"
      },
      "ResponseBody": {
        "id": "/subscriptions/b9f138a1-1d64-4108-8413-9ea3be1c1b2d/resourceGroups/6609",
        "name": "6609",
        "type": "Microsoft.Resources/resourceGroups",
        "location": "eastus2",
        "properties": {
          "provisioningState": "Succeeded"
        }
      }
    },
    {
      "RequestUri": "https://management.azure.com/subscriptions/b9f138a1-1d64-4108-8413-9ea3be1c1b2d/resourcegroups/6609/providers/Microsoft.Web//serverFarms/4218?api-version=2018-02-01",
      "RequestMethod": "PUT",
      "RequestHeaders": {
        "Authorization": "Sanitized",
        "Content-Length": "58",
        "Content-Type": "application/json",
        "traceparent": "00-0180ba48addad84d95e4e78cce43e840-6dace7f953920643-00",
        "User-Agent": [
          "azsdk-net-ResourceManager.Resources/1.0.0-dev.20200611.1",
          "(.NET Core 4.6.28801.04; Microsoft Windows 10.0.19041 )"
        ],
        "x-ms-client-request-id": "06e00bbc4958d94fa41fab429b8947f4",
        "x-ms-return-client-request-id": "true"
      },
      "RequestBody": {
        "properties": {},
        "sku": {
          "name": "S1"
        },
        "location": "eastus2"
      },
      "StatusCode": 200,
      "ResponseHeaders": {
        "Cache-Control": "no-cache",
        "Content-Length": "1260",
        "Content-Type": "application/json",
        "Date": "Thu, 11 Jun 2020 01:51:02 GMT",
        "Expires": "-1",
        "Pragma": "no-cache",
        "Server": "Microsoft-IIS/10.0",
        "Strict-Transport-Security": "max-age=31536000; includeSubDomains",
        "X-AspNet-Version": "4.0.30319",
        "X-Content-Type-Options": "nosniff",
        "x-ms-correlation-request-id": "41009696-3dc8-4467-995a-ea8831f3f714",
        "x-ms-ratelimit-remaining-subscription-writes": "1156",
        "x-ms-request-id": "3da69868-01db-4ec0-8049-2b371b627782",
        "x-ms-routing-request-id": "EASTASIA:20200611T015102Z:41009696-3dc8-4467-995a-ea8831f3f714",
        "X-Powered-By": "ASP.NET"
      },
      "ResponseBody": {
        "id": "/subscriptions/b9f138a1-1d64-4108-8413-9ea3be1c1b2d/resourceGroups/6609/providers/Microsoft.Web/serverfarms/4218",
        "name": "4218",
        "type": "Microsoft.Web/serverfarms",
        "kind": "app",
        "location": "East US 2",
        "properties": {
          "serverFarmId": 32206,
          "name": "4218",
          "workerSize": "Default",
          "workerSizeId": 0,
          "workerTierName": null,
          "numberOfWorkers": 1,
          "currentWorkerSize": "Default",
          "currentWorkerSizeId": 0,
          "currentNumberOfWorkers": 1,
          "status": "Ready",
          "webSpace": "6609-EastUS2webspace",
          "subscription": "b9f138a1-1d64-4108-8413-9ea3be1c1b2d",
          "adminSiteName": null,
          "hostingEnvironment": null,
          "hostingEnvironmentProfile": null,
          "maximumNumberOfWorkers": 10,
          "planName": "VirtualDedicatedPlan",
          "adminRuntimeSiteName": null,
          "computeMode": "Dedicated",
          "siteMode": null,
          "geoRegion": "East US 2",
          "perSiteScaling": false,
          "maximumElasticWorkerCount": 1,
          "numberOfSites": 0,
          "hostingEnvironmentId": null,
          "isSpot": false,
          "spotExpirationTime": null,
          "freeOfferExpirationTime": null,
          "tags": null,
          "kind": "app",
          "resourceGroup": "6609",
          "reserved": false,
          "isXenon": false,
          "hyperV": false,
          "mdmId": "waws-prod-bn1-061_32206",
          "targetWorkerCount": 0,
          "targetWorkerSizeId": 0,
          "provisioningState": "Succeeded",
          "webSiteId": null,
          "existingServerFarmIds": null
        },
        "sku": {
          "name": "S1",
          "tier": "Standard",
          "size": "S1",
          "family": "S",
          "capacity": 1
        }
      }
    },
    {
      "RequestUri": "https://management.azure.com/subscriptions/b9f138a1-1d64-4108-8413-9ea3be1c1b2d/providers/Microsoft.Authorization/policyDefinitions/5069?api-version=2019-09-01",
      "RequestMethod": "PUT",
      "RequestHeaders": {
        "Authorization": "Sanitized",
        "Content-Length": "238",
        "Content-Type": "application/json",
        "traceparent": "00-c3b7d23695a2de459810b4223b9968ad-ad28323aed9a3d47-00",
        "User-Agent": [
          "azsdk-net-ResourceManager.Resources/1.0.0-dev.20200611.1",
          "(.NET Core 4.6.28801.04; Microsoft Windows 10.0.19041 )"
        ],
        "x-ms-client-request-id": "a7869a754ac5ec5f4ee7e0e65c2dd9a0",
        "x-ms-return-client-request-id": "true"
      },
      "RequestBody": {
        "properties": {
          "displayName": "Azure.ResourceManager.Resources.Tests Policy Definition",
          "policyRule": {
            "if": {
              "source": "action",
              "equals": "ResourceProviderTestHost/TestResourceType/TestResourceTypeNestedOne/write"
            },
            "then": {
              "effect": "deny"
            }
          }
        }
      },
      "StatusCode": 201,
      "ResponseHeaders": {
        "Cache-Control": "no-cache",
        "Content-Length": "599",
        "Content-Type": "application/json; charset=utf-8",
        "Date": "Thu, 11 Jun 2020 01:51:03 GMT",
        "Expires": "-1",
        "Pragma": "no-cache",
        "Strict-Transport-Security": "max-age=31536000; includeSubDomains",
        "X-Content-Type-Options": "nosniff",
        "x-ms-correlation-request-id": "804ac881-5842-4232-9ab2-c58ce178b86c",
        "x-ms-ratelimit-remaining-subscription-writes": "1155",
        "x-ms-request-id": "eastasia:c755ba7c-1972-495d-9bc1-7975fdc8bb5e",
        "x-ms-routing-request-id": "EASTASIA:20200611T015103Z:804ac881-5842-4232-9ab2-c58ce178b86c"
      },
      "ResponseBody": {
        "properties": {
          "displayName": "Azure.ResourceManager.Resources.Tests Policy Definition",
          "policyType": "Custom",
          "mode": "Indexed",
          "metadata": {
            "createdBy": "30aa469e-e248-40b6-bc03-e320b05037b9",
            "createdOn": "2020-06-11T01:51:03.0836637Z",
            "updatedBy": null,
            "updatedOn": null
          },
          "policyRule": {
            "if": {
              "source": "action",
              "equals": "ResourceProviderTestHost/TestResourceType/TestResourceTypeNestedOne/write"
            },
            "then": {
              "effect": "deny"
            }
          }
        },
        "id": "/subscriptions/b9f138a1-1d64-4108-8413-9ea3be1c1b2d/providers/Microsoft.Authorization/policyDefinitions/5069",
        "type": "Microsoft.Authorization/policyDefinitions",
        "name": "5069"
      }
    },
    {
      "RequestUri": "https://management.azure.com/subscriptions/b9f138a1-1d64-4108-8413-9ea3be1c1b2d/resourceGroups/6609/providers/Microsoft.Web/serverfarms/4218/providers/Microsoft.Authorization/policyAssignments/3925?api-version=2019-09-01",
      "RequestMethod": "PUT",
      "RequestHeaders": {
        "Authorization": "Sanitized",
        "Content-Length": "377",
        "Content-Type": "application/json",
        "traceparent": "00-ee9f64750d7cc6478a1084ec5305142d-78bb1bb365edd34c-00",
        "User-Agent": [
          "azsdk-net-ResourceManager.Resources/1.0.0-dev.20200611.1",
          "(.NET Core 4.6.28801.04; Microsoft Windows 10.0.19041 )"
        ],
        "x-ms-client-request-id": "c14dfc2260b22ecdade6eba41de1d3ad",
        "x-ms-return-client-request-id": "true"
      },
      "RequestBody": {
        "sku": {
          "name": "A0",
          "tier": "Free"
        },
        "properties": {
          "displayName": "Azure.ResourceManager.Resources.Tests Policy Assignment",
          "policyDefinitionId": "/subscriptions/b9f138a1-1d64-4108-8413-9ea3be1c1b2d/providers/Microsoft.Authorization/policyDefinitions/5069",
          "scope": "/subscriptions/b9f138a1-1d64-4108-8413-9ea3be1c1b2d/resourceGroups/6609/providers/Microsoft.Web/serverfarms/4218"
        }
      },
      "StatusCode": 201,
      "ResponseHeaders": {
        "Cache-Control": "no-cache",
        "Content-Length": "788",
        "Content-Type": "application/json; charset=utf-8",
        "Date": "Thu, 11 Jun 2020 01:51:03 GMT",
        "Expires": "-1",
        "Pragma": "no-cache",
        "Strict-Transport-Security": "max-age=31536000; includeSubDomains",
        "X-Content-Type-Options": "nosniff",
        "x-ms-correlation-request-id": "5af8c9aa-498f-437d-a02a-d73de349b8f0",
        "x-ms-ratelimit-remaining-subscription-writes": "1154",
        "x-ms-request-id": "eastasia:5beeff29-9469-4318-a1fc-86d834346097",
        "x-ms-routing-request-id": "EASTASIA:20200611T015103Z:5af8c9aa-498f-437d-a02a-d73de349b8f0"
      },
      "ResponseBody": {
        "sku": {
          "name": "A0",
          "tier": "Free"
        },
        "properties": {
          "displayName": "Azure.ResourceManager.Resources.Tests Policy Assignment",
          "policyDefinitionId": "/subscriptions/b9f138a1-1d64-4108-8413-9ea3be1c1b2d/providers/Microsoft.Authorization/policyDefinitions/5069",
          "scope": "/subscriptions/b9f138a1-1d64-4108-8413-9ea3be1c1b2d/resourceGroups/6609/providers/Microsoft.Web/serverfarms/4218",
          "metadata": {
            "createdBy": "30aa469e-e248-40b6-bc03-e320b05037b9",
            "createdOn": "2020-06-11T01:51:03.2555247Z",
            "updatedBy": null,
            "updatedOn": null
          },
          "enforcementMode": "Default"
        },
        "id": "/subscriptions/b9f138a1-1d64-4108-8413-9ea3be1c1b2d/resourceGroups/6609/providers/Microsoft.Web/serverfarms/4218/providers/Microsoft.Authorization/policyAssignments/3925",
        "type": "Microsoft.Authorization/policyAssignments",
        "name": "3925"
      }
    },
    {
      "RequestUri": "https://management.azure.com/subscriptions/b9f138a1-1d64-4108-8413-9ea3be1c1b2d/resourcegroups/6609/providers///Microsoft.Web/serverfarms/4218/providers/Microsoft.Authorization/policyAssignments?api-version=2019-09-01",
      "RequestMethod": "GET",
      "RequestHeaders": {
        "Authorization": "Sanitized",
        "User-Agent": [
          "azsdk-net-ResourceManager.Resources/1.0.0-dev.20200611.1",
          "(.NET Core 4.6.28801.04; Microsoft Windows 10.0.19041 )"
        ],
        "x-ms-client-request-id": "c1ef25a2684d2b2d7ea3755ccbfc4584",
        "x-ms-return-client-request-id": "true"
      },
      "RequestBody": null,
      "StatusCode": 200,
      "ResponseHeaders": {
        "Cache-Control": "no-cache",
        "Content-Length": "1476",
        "Content-Type": "application/json; charset=utf-8",
        "Date": "Thu, 11 Jun 2020 01:51:03 GMT",
        "Expires": "-1",
        "Pragma": "no-cache",
        "Strict-Transport-Security": "max-age=31536000; includeSubDomains",
        "Vary": "Accept-Encoding",
        "X-Content-Type-Options": "nosniff",
        "x-ms-correlation-request-id": "b6888566-baa8-4413-9793-80ccd32331da",
        "x-ms-ratelimit-remaining-subscription-reads": "11842",
        "x-ms-request-id": "eastasia:1559f8f6-f1c8-4e40-863f-ae7cba26c897",
        "x-ms-routing-request-id": "EASTASIA:20200611T015103Z:b6888566-baa8-4413-9793-80ccd32331da"
      },
      "ResponseBody": {
        "value": [
          {
            "sku": {
              "name": "A0",
              "tier": "Free"
            },
            "properties": {
              "policyDefinitionId": "/subscriptions/b9f138a1-1d64-4108-8413-9ea3be1c1b2d/providers/Microsoft.Authorization/policyDefinitions/policy2",
              "scope": "/subscriptions/b9f138a1-1d64-4108-8413-9ea3be1c1b2d",
              "metadata": {
                "createdBy": "30aa469e-e248-40b6-bc03-e320b05037b9",
                "createdOn": "2020-05-29T02:50:19.5098792Z",
                "updatedBy": "30aa469e-e248-40b6-bc03-e320b05037b9",
                "updatedOn": "2020-05-29T07:14:25.4072244Z"
              },
              "enforcementMode": "Default"
            },
            "id": "/subscriptions/b9f138a1-1d64-4108-8413-9ea3be1c1b2d/providers/Microsoft.Authorization/policyAssignments/location-lock",
            "type": "Microsoft.Authorization/policyAssignments",
            "name": "location-lock"
          },
          {
            "sku": {
              "name": "A0",
              "tier": "Free"
            },
            "properties": {
              "displayName": "Azure.ResourceManager.Resources.Tests Policy Assignment",
              "policyDefinitionId": "/subscriptions/b9f138a1-1d64-4108-8413-9ea3be1c1b2d/providers/Microsoft.Authorization/policyDefinitions/5069",
              "scope": "/subscriptions/b9f138a1-1d64-4108-8413-9ea3be1c1b2d/resourceGroups/6609/providers/Microsoft.Web/serverfarms/4218",
              "metadata": {
                "createdBy": "30aa469e-e248-40b6-bc03-e320b05037b9",
                "createdOn": "2020-06-11T01:51:03.2555247Z",
                "updatedBy": null,
                "updatedOn": null
              },
              "enforcementMode": "Default"
            },
            "id": "/subscriptions/b9f138a1-1d64-4108-8413-9ea3be1c1b2d/resourceGroups/6609/providers/Microsoft.Web/serverfarms/4218/providers/Microsoft.Authorization/policyAssignments/3925",
            "type": "Microsoft.Authorization/policyAssignments",
            "name": "3925"
          }
        ]
      }
    },
    {
      "RequestUri": "https://management.azure.com/subscriptions/b9f138a1-1d64-4108-8413-9ea3be1c1b2d/resourceGroups/6609/providers/Microsoft.Web/serverfarms/4218/providers/Microsoft.Authorization/policyAssignments/3925?api-version=2019-09-01",
      "RequestMethod": "GET",
      "RequestHeaders": {
        "Authorization": "Sanitized",
        "traceparent": "00-500b906d2c604144a929b86c52e5c211-a330e78289327b4f-00",
        "User-Agent": [
          "azsdk-net-ResourceManager.Resources/1.0.0-dev.20200611.1",
          "(.NET Core 4.6.28801.04; Microsoft Windows 10.0.19041 )"
        ],
        "x-ms-client-request-id": "50a06f0addb039c3b878176474483106",
        "x-ms-return-client-request-id": "true"
      },
      "RequestBody": null,
      "StatusCode": 200,
      "ResponseHeaders": {
        "Cache-Control": "no-cache",
        "Content-Length": "788",
        "Content-Type": "application/json; charset=utf-8",
        "Date": "Thu, 11 Jun 2020 01:51:03 GMT",
        "Expires": "-1",
        "Pragma": "no-cache",
        "Strict-Transport-Security": "max-age=31536000; includeSubDomains",
        "Vary": "Accept-Encoding",
        "X-Content-Type-Options": "nosniff",
        "x-ms-correlation-request-id": "35ebdfa5-96ff-4ec4-95bd-988c20453b79",
        "x-ms-ratelimit-remaining-subscription-reads": "11841",
        "x-ms-request-id": "eastasia:126f28b9-c7ab-4622-93dc-db54152fd0d6",
        "x-ms-routing-request-id": "EASTASIA:20200611T015103Z:35ebdfa5-96ff-4ec4-95bd-988c20453b79"
      },
      "ResponseBody": {
        "sku": {
          "name": "A0",
          "tier": "Free"
        },
        "properties": {
          "displayName": "Azure.ResourceManager.Resources.Tests Policy Assignment",
          "policyDefinitionId": "/subscriptions/b9f138a1-1d64-4108-8413-9ea3be1c1b2d/providers/Microsoft.Authorization/policyDefinitions/5069",
          "scope": "/subscriptions/b9f138a1-1d64-4108-8413-9ea3be1c1b2d/resourceGroups/6609/providers/Microsoft.Web/serverfarms/4218",
          "metadata": {
            "createdBy": "30aa469e-e248-40b6-bc03-e320b05037b9",
            "createdOn": "2020-06-11T01:51:03.2555247Z",
            "updatedBy": null,
            "updatedOn": null
          },
          "enforcementMode": "Default"
        },
        "id": "/subscriptions/b9f138a1-1d64-4108-8413-9ea3be1c1b2d/resourceGroups/6609/providers/Microsoft.Web/serverfarms/4218/providers/Microsoft.Authorization/policyAssignments/3925",
        "type": "Microsoft.Authorization/policyAssignments",
        "name": "3925"
      }
    },
    {
      "RequestUri": "https://management.azure.com/subscriptions/b9f138a1-1d64-4108-8413-9ea3be1c1b2d/resourceGroups/6609/providers/Microsoft.Web/serverfarms/4218/providers/Microsoft.Authorization/policyAssignments/3925?api-version=2019-09-01",
      "RequestMethod": "DELETE",
      "RequestHeaders": {
        "Authorization": "Sanitized",
        "traceparent": "00-273e35b4f4552546966ff43b557b9e59-156c75e2ac05a345-00",
        "User-Agent": [
          "azsdk-net-ResourceManager.Resources/1.0.0-dev.20200611.1",
          "(.NET Core 4.6.28801.04; Microsoft Windows 10.0.19041 )"
        ],
        "x-ms-client-request-id": "07ba390ddfeab9ffce22420feb7063b0",
        "x-ms-return-client-request-id": "true"
      },
      "RequestBody": null,
      "StatusCode": 200,
      "ResponseHeaders": {
        "Cache-Control": "no-cache",
        "Content-Length": "788",
        "Content-Type": "application/json; charset=utf-8",
        "Date": "Thu, 11 Jun 2020 01:51:03 GMT",
        "Expires": "-1",
        "Pragma": "no-cache",
        "Strict-Transport-Security": "max-age=31536000; includeSubDomains",
        "Vary": "Accept-Encoding",
        "X-Content-Type-Options": "nosniff",
        "x-ms-correlation-request-id": "f3b4e2d2-592e-4f89-8e12-c1b43068f81f",
        "x-ms-ratelimit-remaining-subscription-deletes": "14880",
        "x-ms-request-id": "eastasia:3f5a2795-2e56-491c-9545-d88955217e14",
        "x-ms-routing-request-id": "EASTASIA:20200611T015103Z:f3b4e2d2-592e-4f89-8e12-c1b43068f81f"
      },
      "ResponseBody": {
        "sku": {
          "name": "A0",
          "tier": "Free"
        },
        "properties": {
          "displayName": "Azure.ResourceManager.Resources.Tests Policy Assignment",
          "policyDefinitionId": "/subscriptions/b9f138a1-1d64-4108-8413-9ea3be1c1b2d/providers/Microsoft.Authorization/policyDefinitions/5069",
          "scope": "/subscriptions/b9f138a1-1d64-4108-8413-9ea3be1c1b2d/resourceGroups/6609/providers/Microsoft.Web/serverfarms/4218",
          "metadata": {
            "createdBy": "30aa469e-e248-40b6-bc03-e320b05037b9",
            "createdOn": "2020-06-11T01:51:03.2555247Z",
            "updatedBy": null,
            "updatedOn": null
          },
          "enforcementMode": "Default"
        },
        "id": "/subscriptions/b9f138a1-1d64-4108-8413-9ea3be1c1b2d/resourceGroups/6609/providers/Microsoft.Web/serverfarms/4218/providers/Microsoft.Authorization/policyAssignments/3925",
        "type": "Microsoft.Authorization/policyAssignments",
        "name": "3925"
      }
    },
    {
      "RequestUri": "https://management.azure.com/subscriptions/b9f138a1-1d64-4108-8413-9ea3be1c1b2d/providers/Microsoft.Authorization/policyDefinitions/5069?api-version=2019-09-01",
      "RequestMethod": "DELETE",
      "RequestHeaders": {
        "Authorization": "Sanitized",
        "traceparent": "00-bdf9c0fe82af32418a0de46bd79f3fa1-7b8ba06f32ef7d48-00",
        "User-Agent": [
          "azsdk-net-ResourceManager.Resources/1.0.0-dev.20200611.1",
          "(.NET Core 4.6.28801.04; Microsoft Windows 10.0.19041 )"
        ],
        "x-ms-client-request-id": "ae9966a08340c4fc62b509d551c8b736",
        "x-ms-return-client-request-id": "true"
      },
      "RequestBody": null,
      "StatusCode": 200,
      "ResponseHeaders": {
        "Cache-Control": "no-cache",
        "Content-Length": "599",
        "Content-Type": "application/json; charset=utf-8",
        "Date": "Thu, 11 Jun 2020 01:51:03 GMT",
        "Expires": "-1",
        "Pragma": "no-cache",
        "Strict-Transport-Security": "max-age=31536000; includeSubDomains",
        "Vary": "Accept-Encoding",
        "X-Content-Type-Options": "nosniff",
        "x-ms-correlation-request-id": "11b42aed-cb09-4387-ad2a-fca4fb94f19b",
        "x-ms-ratelimit-remaining-subscription-deletes": "14879",
        "x-ms-request-id": "eastasia:b01270c5-be28-48f8-871a-0c33e2fc63a0",
        "x-ms-routing-request-id": "EASTASIA:20200611T015103Z:11b42aed-cb09-4387-ad2a-fca4fb94f19b"
      },
      "ResponseBody": {
        "properties": {
          "displayName": "Azure.ResourceManager.Resources.Tests Policy Definition",
          "policyType": "Custom",
          "mode": "Indexed",
          "metadata": {
            "createdBy": "30aa469e-e248-40b6-bc03-e320b05037b9",
            "createdOn": "2020-06-11T01:51:03.0836637Z",
            "updatedBy": null,
            "updatedOn": null
          },
          "policyRule": {
            "if": {
              "source": "action",
              "equals": "ResourceProviderTestHost/TestResourceType/TestResourceTypeNestedOne/write"
            },
            "then": {
              "effect": "deny"
            }
          }
        },
        "id": "/subscriptions/b9f138a1-1d64-4108-8413-9ea3be1c1b2d/providers/Microsoft.Authorization/policyDefinitions/5069",
        "type": "Microsoft.Authorization/policyDefinitions",
        "name": "5069"
      }
    },
    {
      "RequestUri": "https://management.azure.com/subscriptions/b9f138a1-1d64-4108-8413-9ea3be1c1b2d/resourcegroups/6609?api-version=2019-10-01",
      "RequestMethod": "DELETE",
      "RequestHeaders": {
        "Authorization": "Sanitized",
        "traceparent": "00-fdc1e8647c559a4ba849b34812dc9cf3-4ce756baabc77244-00",
        "User-Agent": [
          "azsdk-net-ResourceManager.Resources/1.0.0-dev.20200611.1",
          "(.NET Core 4.6.28801.04; Microsoft Windows 10.0.19041 )"
        ],
        "x-ms-client-request-id": "924e6e723d422b996fe7818e9bb34d47",
        "x-ms-return-client-request-id": "true"
      },
      "RequestBody": null,
      "StatusCode": 202,
      "ResponseHeaders": {
        "Cache-Control": "no-cache",
        "Content-Length": "0",
        "Date": "Thu, 11 Jun 2020 01:51:06 GMT",
        "Expires": "-1",
        "Location": "https://management.azure.com/subscriptions/b9f138a1-1d64-4108-8413-9ea3be1c1b2d/operationresults/eyJqb2JJZCI6IlJFU09VUkNFR1JPVVBERUxFVElPTkpPQi02NjA5LUVBU1RVUzIiLCJqb2JMb2NhdGlvbiI6ImVhc3R1czIifQ?api-version=2019-10-01",
        "Pragma": "no-cache",
        "Retry-After": "15",
        "Strict-Transport-Security": "max-age=31536000; includeSubDomains",
        "X-Content-Type-Options": "nosniff",
        "x-ms-correlation-request-id": "1c362b48-0ab6-4784-a308-d13026f51d92",
        "x-ms-ratelimit-remaining-subscription-deletes": "14878",
        "x-ms-request-id": "1c362b48-0ab6-4784-a308-d13026f51d92",
        "x-ms-routing-request-id": "EASTASIA:20200611T015106Z:1c362b48-0ab6-4784-a308-d13026f51d92"
      },
      "ResponseBody": []
    },
    {
      "RequestUri": "https://management.azure.com/subscriptions/b9f138a1-1d64-4108-8413-9ea3be1c1b2d/operationresults/eyJqb2JJZCI6IlJFU09VUkNFR1JPVVBERUxFVElPTkpPQi02NjA5LUVBU1RVUzIiLCJqb2JMb2NhdGlvbiI6ImVhc3R1czIifQ?api-version=2019-10-01",
      "RequestMethod": "GET",
      "RequestHeaders": {
        "Authorization": "Sanitized",
        "User-Agent": [
          "azsdk-net-ResourceManager.Resources/1.0.0-dev.20200611.1",
          "(.NET Core 4.6.28801.04; Microsoft Windows 10.0.19041 )"
        ],
        "x-ms-client-request-id": "7c9d0c6ad022636ecd6e3e59016e29ae",
        "x-ms-return-client-request-id": "true"
      },
      "RequestBody": null,
      "StatusCode": 202,
      "ResponseHeaders": {
        "Cache-Control": "no-cache",
        "Content-Length": "0",
        "Date": "Thu, 11 Jun 2020 01:51:06 GMT",
        "Expires": "-1",
        "Location": "https://management.azure.com/subscriptions/b9f138a1-1d64-4108-8413-9ea3be1c1b2d/operationresults/eyJqb2JJZCI6IlJFU09VUkNFR1JPVVBERUxFVElPTkpPQi02NjA5LUVBU1RVUzIiLCJqb2JMb2NhdGlvbiI6ImVhc3R1czIifQ?api-version=2019-10-01",
        "Pragma": "no-cache",
        "Retry-After": "15",
        "Strict-Transport-Security": "max-age=31536000; includeSubDomains",
        "X-Content-Type-Options": "nosniff",
        "x-ms-correlation-request-id": "b6aefe5e-21d7-410e-a1d7-c06b4444d1a7",
        "x-ms-ratelimit-remaining-subscription-reads": "11840",
        "x-ms-request-id": "b6aefe5e-21d7-410e-a1d7-c06b4444d1a7",
        "x-ms-routing-request-id": "EASTASIA:20200611T015106Z:b6aefe5e-21d7-410e-a1d7-c06b4444d1a7"
      },
      "ResponseBody": []
    },
    {
      "RequestUri": "https://management.azure.com/subscriptions/b9f138a1-1d64-4108-8413-9ea3be1c1b2d/operationresults/eyJqb2JJZCI6IlJFU09VUkNFR1JPVVBERUxFVElPTkpPQi02NjA5LUVBU1RVUzIiLCJqb2JMb2NhdGlvbiI6ImVhc3R1czIifQ?api-version=2019-10-01",
      "RequestMethod": "GET",
      "RequestHeaders": {
        "Authorization": "Sanitized",
        "User-Agent": [
          "azsdk-net-ResourceManager.Resources/1.0.0-dev.20200611.1",
          "(.NET Core 4.6.28801.04; Microsoft Windows 10.0.19041 )"
        ],
        "x-ms-client-request-id": "eabfc167aa04ee87a9c4554c98645544",
        "x-ms-return-client-request-id": "true"
      },
      "RequestBody": null,
      "StatusCode": 202,
      "ResponseHeaders": {
        "Cache-Control": "no-cache",
        "Content-Length": "0",
        "Date": "Thu, 11 Jun 2020 01:51:08 GMT",
        "Expires": "-1",
        "Location": "https://management.azure.com/subscriptions/b9f138a1-1d64-4108-8413-9ea3be1c1b2d/operationresults/eyJqb2JJZCI6IlJFU09VUkNFR1JPVVBERUxFVElPTkpPQi02NjA5LUVBU1RVUzIiLCJqb2JMb2NhdGlvbiI6ImVhc3R1czIifQ?api-version=2019-10-01",
        "Pragma": "no-cache",
        "Retry-After": "15",
        "Strict-Transport-Security": "max-age=31536000; includeSubDomains",
        "X-Content-Type-Options": "nosniff",
        "x-ms-correlation-request-id": "7a883823-4a1f-4b50-ae41-9ffdac82b2d5",
        "x-ms-ratelimit-remaining-subscription-reads": "11839",
        "x-ms-request-id": "7a883823-4a1f-4b50-ae41-9ffdac82b2d5",
        "x-ms-routing-request-id": "EASTASIA:20200611T015108Z:7a883823-4a1f-4b50-ae41-9ffdac82b2d5"
      },
      "ResponseBody": []
    },
    {
      "RequestUri": "https://management.azure.com/subscriptions/b9f138a1-1d64-4108-8413-9ea3be1c1b2d/operationresults/eyJqb2JJZCI6IlJFU09VUkNFR1JPVVBERUxFVElPTkpPQi02NjA5LUVBU1RVUzIiLCJqb2JMb2NhdGlvbiI6ImVhc3R1czIifQ?api-version=2019-10-01",
      "RequestMethod": "GET",
      "RequestHeaders": {
        "Authorization": "Sanitized",
        "User-Agent": [
          "azsdk-net-ResourceManager.Resources/1.0.0-dev.20200611.1",
          "(.NET Core 4.6.28801.04; Microsoft Windows 10.0.19041 )"
        ],
        "x-ms-client-request-id": "8e237b7fd1164425f860403f446c89cd",
        "x-ms-return-client-request-id": "true"
      },
      "RequestBody": null,
      "StatusCode": 202,
      "ResponseHeaders": {
        "Cache-Control": "no-cache",
        "Content-Length": "0",
        "Date": "Thu, 11 Jun 2020 01:51:09 GMT",
        "Expires": "-1",
        "Location": "https://management.azure.com/subscriptions/b9f138a1-1d64-4108-8413-9ea3be1c1b2d/operationresults/eyJqb2JJZCI6IlJFU09VUkNFR1JPVVBERUxFVElPTkpPQi02NjA5LUVBU1RVUzIiLCJqb2JMb2NhdGlvbiI6ImVhc3R1czIifQ?api-version=2019-10-01",
        "Pragma": "no-cache",
        "Retry-After": "15",
        "Strict-Transport-Security": "max-age=31536000; includeSubDomains",
        "X-Content-Type-Options": "nosniff",
        "x-ms-correlation-request-id": "241c396b-0ed6-4ae6-bc0e-eab18c103468",
        "x-ms-ratelimit-remaining-subscription-reads": "11838",
        "x-ms-request-id": "241c396b-0ed6-4ae6-bc0e-eab18c103468",
        "x-ms-routing-request-id": "EASTASIA:20200611T015109Z:241c396b-0ed6-4ae6-bc0e-eab18c103468"
      },
      "ResponseBody": []
    },
    {
      "RequestUri": "https://management.azure.com/subscriptions/b9f138a1-1d64-4108-8413-9ea3be1c1b2d/operationresults/eyJqb2JJZCI6IlJFU09VUkNFR1JPVVBERUxFVElPTkpPQi02NjA5LUVBU1RVUzIiLCJqb2JMb2NhdGlvbiI6ImVhc3R1czIifQ?api-version=2019-10-01",
      "RequestMethod": "GET",
      "RequestHeaders": {
        "Authorization": "Sanitized",
        "User-Agent": [
          "azsdk-net-ResourceManager.Resources/1.0.0-dev.20200611.1",
          "(.NET Core 4.6.28801.04; Microsoft Windows 10.0.19041 )"
        ],
        "x-ms-client-request-id": "14cdf6cc7e6ac00184aed35d7a21ca68",
        "x-ms-return-client-request-id": "true"
      },
      "RequestBody": null,
      "StatusCode": 202,
      "ResponseHeaders": {
        "Cache-Control": "no-cache",
        "Content-Length": "0",
        "Date": "Thu, 11 Jun 2020 01:51:11 GMT",
        "Expires": "-1",
        "Location": "https://management.azure.com/subscriptions/b9f138a1-1d64-4108-8413-9ea3be1c1b2d/operationresults/eyJqb2JJZCI6IlJFU09VUkNFR1JPVVBERUxFVElPTkpPQi02NjA5LUVBU1RVUzIiLCJqb2JMb2NhdGlvbiI6ImVhc3R1czIifQ?api-version=2019-10-01",
        "Pragma": "no-cache",
        "Retry-After": "15",
        "Strict-Transport-Security": "max-age=31536000; includeSubDomains",
        "X-Content-Type-Options": "nosniff",
        "x-ms-correlation-request-id": "ead5e4cc-7dab-4bad-9e3a-4fed9f8f78cd",
        "x-ms-ratelimit-remaining-subscription-reads": "11837",
        "x-ms-request-id": "ead5e4cc-7dab-4bad-9e3a-4fed9f8f78cd",
        "x-ms-routing-request-id": "EASTASIA:20200611T015111Z:ead5e4cc-7dab-4bad-9e3a-4fed9f8f78cd"
      },
      "ResponseBody": []
    },
    {
      "RequestUri": "https://management.azure.com/subscriptions/b9f138a1-1d64-4108-8413-9ea3be1c1b2d/operationresults/eyJqb2JJZCI6IlJFU09VUkNFR1JPVVBERUxFVElPTkpPQi02NjA5LUVBU1RVUzIiLCJqb2JMb2NhdGlvbiI6ImVhc3R1czIifQ?api-version=2019-10-01",
      "RequestMethod": "GET",
      "RequestHeaders": {
        "Authorization": "Sanitized",
        "User-Agent": [
          "azsdk-net-ResourceManager.Resources/1.0.0-dev.20200611.1",
          "(.NET Core 4.6.28801.04; Microsoft Windows 10.0.19041 )"
        ],
        "x-ms-client-request-id": "86d9fa199a4a96979b7bf1a36947a93c",
        "x-ms-return-client-request-id": "true"
      },
      "RequestBody": null,
      "StatusCode": 202,
      "ResponseHeaders": {
        "Cache-Control": "no-cache",
        "Content-Length": "0",
        "Date": "Thu, 11 Jun 2020 01:51:12 GMT",
        "Expires": "-1",
        "Location": "https://management.azure.com/subscriptions/b9f138a1-1d64-4108-8413-9ea3be1c1b2d/operationresults/eyJqb2JJZCI6IlJFU09VUkNFR1JPVVBERUxFVElPTkpPQi02NjA5LUVBU1RVUzIiLCJqb2JMb2NhdGlvbiI6ImVhc3R1czIifQ?api-version=2019-10-01",
        "Pragma": "no-cache",
        "Retry-After": "15",
        "Strict-Transport-Security": "max-age=31536000; includeSubDomains",
        "X-Content-Type-Options": "nosniff",
        "x-ms-correlation-request-id": "f67dff86-883c-4e2c-8de7-cae2a0c925b5",
        "x-ms-ratelimit-remaining-subscription-reads": "11836",
        "x-ms-request-id": "f67dff86-883c-4e2c-8de7-cae2a0c925b5",
        "x-ms-routing-request-id": "EASTASIA:20200611T015112Z:f67dff86-883c-4e2c-8de7-cae2a0c925b5"
      },
      "ResponseBody": []
    },
    {
      "RequestUri": "https://management.azure.com/subscriptions/b9f138a1-1d64-4108-8413-9ea3be1c1b2d/operationresults/eyJqb2JJZCI6IlJFU09VUkNFR1JPVVBERUxFVElPTkpPQi02NjA5LUVBU1RVUzIiLCJqb2JMb2NhdGlvbiI6ImVhc3R1czIifQ?api-version=2019-10-01",
      "RequestMethod": "GET",
      "RequestHeaders": {
        "Authorization": "Sanitized",
        "User-Agent": [
          "azsdk-net-ResourceManager.Resources/1.0.0-dev.20200611.1",
          "(.NET Core 4.6.28801.04; Microsoft Windows 10.0.19041 )"
        ],
        "x-ms-client-request-id": "a280883b409601d97a630a68fec7c9d6",
        "x-ms-return-client-request-id": "true"
      },
      "RequestBody": null,
      "StatusCode": 202,
      "ResponseHeaders": {
        "Cache-Control": "no-cache",
        "Content-Length": "0",
        "Date": "Thu, 11 Jun 2020 01:51:13 GMT",
        "Expires": "-1",
        "Location": "https://management.azure.com/subscriptions/b9f138a1-1d64-4108-8413-9ea3be1c1b2d/operationresults/eyJqb2JJZCI6IlJFU09VUkNFR1JPVVBERUxFVElPTkpPQi02NjA5LUVBU1RVUzIiLCJqb2JMb2NhdGlvbiI6ImVhc3R1czIifQ?api-version=2019-10-01",
        "Pragma": "no-cache",
        "Retry-After": "15",
        "Strict-Transport-Security": "max-age=31536000; includeSubDomains",
        "X-Content-Type-Options": "nosniff",
        "x-ms-correlation-request-id": "5e197d9b-3e4d-4919-8211-fc18ab1fc81c",
        "x-ms-ratelimit-remaining-subscription-reads": "11835",
        "x-ms-request-id": "5e197d9b-3e4d-4919-8211-fc18ab1fc81c",
        "x-ms-routing-request-id": "EASTASIA:20200611T015114Z:5e197d9b-3e4d-4919-8211-fc18ab1fc81c"
      },
      "ResponseBody": []
    },
    {
      "RequestUri": "https://management.azure.com/subscriptions/b9f138a1-1d64-4108-8413-9ea3be1c1b2d/operationresults/eyJqb2JJZCI6IlJFU09VUkNFR1JPVVBERUxFVElPTkpPQi02NjA5LUVBU1RVUzIiLCJqb2JMb2NhdGlvbiI6ImVhc3R1czIifQ?api-version=2019-10-01",
      "RequestMethod": "GET",
      "RequestHeaders": {
        "Authorization": "Sanitized",
        "User-Agent": [
          "azsdk-net-ResourceManager.Resources/1.0.0-dev.20200611.1",
          "(.NET Core 4.6.28801.04; Microsoft Windows 10.0.19041 )"
        ],
        "x-ms-client-request-id": "4a26d796029232825e3778ef8c5d563c",
        "x-ms-return-client-request-id": "true"
      },
      "RequestBody": null,
      "StatusCode": 202,
      "ResponseHeaders": {
        "Cache-Control": "no-cache",
        "Content-Length": "0",
        "Date": "Thu, 11 Jun 2020 01:51:15 GMT",
        "Expires": "-1",
        "Location": "https://management.azure.com/subscriptions/b9f138a1-1d64-4108-8413-9ea3be1c1b2d/operationresults/eyJqb2JJZCI6IlJFU09VUkNFR1JPVVBERUxFVElPTkpPQi02NjA5LUVBU1RVUzIiLCJqb2JMb2NhdGlvbiI6ImVhc3R1czIifQ?api-version=2019-10-01",
        "Pragma": "no-cache",
        "Retry-After": "15",
        "Strict-Transport-Security": "max-age=31536000; includeSubDomains",
        "X-Content-Type-Options": "nosniff",
        "x-ms-correlation-request-id": "d2629866-c35c-4fcb-838e-50eb8eab5c97",
        "x-ms-ratelimit-remaining-subscription-reads": "11834",
        "x-ms-request-id": "d2629866-c35c-4fcb-838e-50eb8eab5c97",
        "x-ms-routing-request-id": "EASTASIA:20200611T015115Z:d2629866-c35c-4fcb-838e-50eb8eab5c97"
      },
      "ResponseBody": []
    },
    {
      "RequestUri": "https://management.azure.com/subscriptions/b9f138a1-1d64-4108-8413-9ea3be1c1b2d/operationresults/eyJqb2JJZCI6IlJFU09VUkNFR1JPVVBERUxFVElPTkpPQi02NjA5LUVBU1RVUzIiLCJqb2JMb2NhdGlvbiI6ImVhc3R1czIifQ?api-version=2019-10-01",
      "RequestMethod": "GET",
      "RequestHeaders": {
        "Authorization": "Sanitized",
        "User-Agent": [
          "azsdk-net-ResourceManager.Resources/1.0.0-dev.20200611.1",
          "(.NET Core 4.6.28801.04; Microsoft Windows 10.0.19041 )"
        ],
        "x-ms-client-request-id": "f222960528a1d8d120d80ce78f2f98d4",
        "x-ms-return-client-request-id": "true"
      },
      "RequestBody": null,
      "StatusCode": 202,
      "ResponseHeaders": {
        "Cache-Control": "no-cache",
        "Content-Length": "0",
        "Date": "Thu, 11 Jun 2020 01:51:16 GMT",
        "Expires": "-1",
        "Location": "https://management.azure.com/subscriptions/b9f138a1-1d64-4108-8413-9ea3be1c1b2d/operationresults/eyJqb2JJZCI6IlJFU09VUkNFR1JPVVBERUxFVElPTkpPQi02NjA5LUVBU1RVUzIiLCJqb2JMb2NhdGlvbiI6ImVhc3R1czIifQ?api-version=2019-10-01",
        "Pragma": "no-cache",
        "Retry-After": "15",
        "Strict-Transport-Security": "max-age=31536000; includeSubDomains",
        "X-Content-Type-Options": "nosniff",
        "x-ms-correlation-request-id": "3cbb68a1-2909-4b86-8536-c9ed523269a5",
        "x-ms-ratelimit-remaining-subscription-reads": "11833",
        "x-ms-request-id": "3cbb68a1-2909-4b86-8536-c9ed523269a5",
        "x-ms-routing-request-id": "EASTASIA:20200611T015117Z:3cbb68a1-2909-4b86-8536-c9ed523269a5"
      },
      "ResponseBody": []
    },
    {
      "RequestUri": "https://management.azure.com/subscriptions/b9f138a1-1d64-4108-8413-9ea3be1c1b2d/operationresults/eyJqb2JJZCI6IlJFU09VUkNFR1JPVVBERUxFVElPTkpPQi02NjA5LUVBU1RVUzIiLCJqb2JMb2NhdGlvbiI6ImVhc3R1czIifQ?api-version=2019-10-01",
      "RequestMethod": "GET",
      "RequestHeaders": {
        "Authorization": "Sanitized",
        "User-Agent": [
          "azsdk-net-ResourceManager.Resources/1.0.0-dev.20200611.1",
          "(.NET Core 4.6.28801.04; Microsoft Windows 10.0.19041 )"
        ],
        "x-ms-client-request-id": "910d1ab25e2138aa054e445fc8ea741c",
        "x-ms-return-client-request-id": "true"
      },
      "RequestBody": null,
      "StatusCode": 202,
      "ResponseHeaders": {
        "Cache-Control": "no-cache",
        "Content-Length": "0",
        "Date": "Thu, 11 Jun 2020 01:51:18 GMT",
        "Expires": "-1",
        "Location": "https://management.azure.com/subscriptions/b9f138a1-1d64-4108-8413-9ea3be1c1b2d/operationresults/eyJqb2JJZCI6IlJFU09VUkNFR1JPVVBERUxFVElPTkpPQi02NjA5LUVBU1RVUzIiLCJqb2JMb2NhdGlvbiI6ImVhc3R1czIifQ?api-version=2019-10-01",
        "Pragma": "no-cache",
        "Retry-After": "15",
        "Strict-Transport-Security": "max-age=31536000; includeSubDomains",
        "X-Content-Type-Options": "nosniff",
        "x-ms-correlation-request-id": "e5d38704-1ff0-49a0-a82b-fccea9dafe92",
        "x-ms-ratelimit-remaining-subscription-reads": "11832",
        "x-ms-request-id": "e5d38704-1ff0-49a0-a82b-fccea9dafe92",
        "x-ms-routing-request-id": "EASTASIA:20200611T015118Z:e5d38704-1ff0-49a0-a82b-fccea9dafe92"
      },
      "ResponseBody": []
    },
    {
      "RequestUri": "https://management.azure.com/subscriptions/b9f138a1-1d64-4108-8413-9ea3be1c1b2d/operationresults/eyJqb2JJZCI6IlJFU09VUkNFR1JPVVBERUxFVElPTkpPQi02NjA5LUVBU1RVUzIiLCJqb2JMb2NhdGlvbiI6ImVhc3R1czIifQ?api-version=2019-10-01",
      "RequestMethod": "GET",
      "RequestHeaders": {
        "Authorization": "Sanitized",
        "User-Agent": [
          "azsdk-net-ResourceManager.Resources/1.0.0-dev.20200611.1",
          "(.NET Core 4.6.28801.04; Microsoft Windows 10.0.19041 )"
        ],
        "x-ms-client-request-id": "6762cd0cd6a56e35064e2ab9f69aa22e",
        "x-ms-return-client-request-id": "true"
      },
      "RequestBody": null,
      "StatusCode": 202,
      "ResponseHeaders": {
        "Cache-Control": "no-cache",
        "Content-Length": "0",
        "Date": "Thu, 11 Jun 2020 01:51:19 GMT",
        "Expires": "-1",
        "Location": "https://management.azure.com/subscriptions/b9f138a1-1d64-4108-8413-9ea3be1c1b2d/operationresults/eyJqb2JJZCI6IlJFU09VUkNFR1JPVVBERUxFVElPTkpPQi02NjA5LUVBU1RVUzIiLCJqb2JMb2NhdGlvbiI6ImVhc3R1czIifQ?api-version=2019-10-01",
        "Pragma": "no-cache",
        "Retry-After": "15",
        "Strict-Transport-Security": "max-age=31536000; includeSubDomains",
        "X-Content-Type-Options": "nosniff",
        "x-ms-correlation-request-id": "83169e46-fa56-4040-8f96-eb3623e83b5f",
        "x-ms-ratelimit-remaining-subscription-reads": "11831",
        "x-ms-request-id": "83169e46-fa56-4040-8f96-eb3623e83b5f",
        "x-ms-routing-request-id": "EASTASIA:20200611T015119Z:83169e46-fa56-4040-8f96-eb3623e83b5f"
      },
      "ResponseBody": []
    },
    {
      "RequestUri": "https://management.azure.com/subscriptions/b9f138a1-1d64-4108-8413-9ea3be1c1b2d/operationresults/eyJqb2JJZCI6IlJFU09VUkNFR1JPVVBERUxFVElPTkpPQi02NjA5LUVBU1RVUzIiLCJqb2JMb2NhdGlvbiI6ImVhc3R1czIifQ?api-version=2019-10-01",
      "RequestMethod": "GET",
      "RequestHeaders": {
        "Authorization": "Sanitized",
        "User-Agent": [
          "azsdk-net-ResourceManager.Resources/1.0.0-dev.20200611.1",
          "(.NET Core 4.6.28801.04; Microsoft Windows 10.0.19041 )"
        ],
        "x-ms-client-request-id": "723ca49ec54fa61beceaec53e3710f35",
        "x-ms-return-client-request-id": "true"
      },
      "RequestBody": null,
      "StatusCode": 202,
      "ResponseHeaders": {
        "Cache-Control": "no-cache",
        "Content-Length": "0",
        "Date": "Thu, 11 Jun 2020 01:51:21 GMT",
        "Expires": "-1",
        "Location": "https://management.azure.com/subscriptions/b9f138a1-1d64-4108-8413-9ea3be1c1b2d/operationresults/eyJqb2JJZCI6IlJFU09VUkNFR1JPVVBERUxFVElPTkpPQi02NjA5LUVBU1RVUzIiLCJqb2JMb2NhdGlvbiI6ImVhc3R1czIifQ?api-version=2019-10-01",
        "Pragma": "no-cache",
        "Retry-After": "15",
        "Strict-Transport-Security": "max-age=31536000; includeSubDomains",
        "X-Content-Type-Options": "nosniff",
        "x-ms-correlation-request-id": "a5d9fe06-9b69-489f-8d8c-a50516ab6582",
        "x-ms-ratelimit-remaining-subscription-reads": "11830",
        "x-ms-request-id": "a5d9fe06-9b69-489f-8d8c-a50516ab6582",
        "x-ms-routing-request-id": "EASTASIA:20200611T015121Z:a5d9fe06-9b69-489f-8d8c-a50516ab6582"
      },
      "ResponseBody": []
    },
    {
      "RequestUri": "https://management.azure.com/subscriptions/b9f138a1-1d64-4108-8413-9ea3be1c1b2d/operationresults/eyJqb2JJZCI6IlJFU09VUkNFR1JPVVBERUxFVElPTkpPQi02NjA5LUVBU1RVUzIiLCJqb2JMb2NhdGlvbiI6ImVhc3R1czIifQ?api-version=2019-10-01",
      "RequestMethod": "GET",
      "RequestHeaders": {
        "Authorization": "Sanitized",
        "User-Agent": [
          "azsdk-net-ResourceManager.Resources/1.0.0-dev.20200611.1",
          "(.NET Core 4.6.28801.04; Microsoft Windows 10.0.19041 )"
        ],
        "x-ms-client-request-id": "c2dbef6430cddb2ee59f8bd333f0426a",
        "x-ms-return-client-request-id": "true"
      },
      "RequestBody": null,
      "StatusCode": 202,
      "ResponseHeaders": {
        "Cache-Control": "no-cache",
        "Content-Length": "0",
        "Date": "Thu, 11 Jun 2020 01:51:22 GMT",
        "Expires": "-1",
        "Location": "https://management.azure.com/subscriptions/b9f138a1-1d64-4108-8413-9ea3be1c1b2d/operationresults/eyJqb2JJZCI6IlJFU09VUkNFR1JPVVBERUxFVElPTkpPQi02NjA5LUVBU1RVUzIiLCJqb2JMb2NhdGlvbiI6ImVhc3R1czIifQ?api-version=2019-10-01",
        "Pragma": "no-cache",
        "Retry-After": "15",
        "Strict-Transport-Security": "max-age=31536000; includeSubDomains",
        "X-Content-Type-Options": "nosniff",
        "x-ms-correlation-request-id": "5b099044-f4cb-49f9-a1d4-c6e0cc0aceaf",
        "x-ms-ratelimit-remaining-subscription-reads": "11829",
        "x-ms-request-id": "5b099044-f4cb-49f9-a1d4-c6e0cc0aceaf",
        "x-ms-routing-request-id": "EASTASIA:20200611T015122Z:5b099044-f4cb-49f9-a1d4-c6e0cc0aceaf"
      },
      "ResponseBody": []
    },
    {
      "RequestUri": "https://management.azure.com/subscriptions/b9f138a1-1d64-4108-8413-9ea3be1c1b2d/operationresults/eyJqb2JJZCI6IlJFU09VUkNFR1JPVVBERUxFVElPTkpPQi02NjA5LUVBU1RVUzIiLCJqb2JMb2NhdGlvbiI6ImVhc3R1czIifQ?api-version=2019-10-01",
      "RequestMethod": "GET",
      "RequestHeaders": {
        "Authorization": "Sanitized",
        "User-Agent": [
          "azsdk-net-ResourceManager.Resources/1.0.0-dev.20200611.1",
          "(.NET Core 4.6.28801.04; Microsoft Windows 10.0.19041 )"
        ],
        "x-ms-client-request-id": "24c015ab02ae47ccb2bb7bbbe9e18a94",
        "x-ms-return-client-request-id": "true"
      },
      "RequestBody": null,
      "StatusCode": 202,
      "ResponseHeaders": {
        "Cache-Control": "no-cache",
        "Content-Length": "0",
        "Date": "Thu, 11 Jun 2020 01:51:23 GMT",
        "Expires": "-1",
        "Location": "https://management.azure.com/subscriptions/b9f138a1-1d64-4108-8413-9ea3be1c1b2d/operationresults/eyJqb2JJZCI6IlJFU09VUkNFR1JPVVBERUxFVElPTkpPQi02NjA5LUVBU1RVUzIiLCJqb2JMb2NhdGlvbiI6ImVhc3R1czIifQ?api-version=2019-10-01",
        "Pragma": "no-cache",
        "Retry-After": "15",
        "Strict-Transport-Security": "max-age=31536000; includeSubDomains",
        "X-Content-Type-Options": "nosniff",
        "x-ms-correlation-request-id": "172f8c31-3d70-4965-950a-1fad88ac715e",
        "x-ms-ratelimit-remaining-subscription-reads": "11828",
        "x-ms-request-id": "172f8c31-3d70-4965-950a-1fad88ac715e",
        "x-ms-routing-request-id": "EASTASIA:20200611T015124Z:172f8c31-3d70-4965-950a-1fad88ac715e"
      },
      "ResponseBody": []
    },
    {
      "RequestUri": "https://management.azure.com/subscriptions/b9f138a1-1d64-4108-8413-9ea3be1c1b2d/operationresults/eyJqb2JJZCI6IlJFU09VUkNFR1JPVVBERUxFVElPTkpPQi02NjA5LUVBU1RVUzIiLCJqb2JMb2NhdGlvbiI6ImVhc3R1czIifQ?api-version=2019-10-01",
      "RequestMethod": "GET",
      "RequestHeaders": {
        "Authorization": "Sanitized",
        "User-Agent": [
          "azsdk-net-ResourceManager.Resources/1.0.0-dev.20200611.1",
          "(.NET Core 4.6.28801.04; Microsoft Windows 10.0.19041 )"
        ],
        "x-ms-client-request-id": "0655f53ee0bf6e6175608cb0394873fc",
        "x-ms-return-client-request-id": "true"
      },
      "RequestBody": null,
      "StatusCode": 202,
      "ResponseHeaders": {
        "Cache-Control": "no-cache",
        "Content-Length": "0",
        "Date": "Thu, 11 Jun 2020 01:51:25 GMT",
        "Expires": "-1",
        "Location": "https://management.azure.com/subscriptions/b9f138a1-1d64-4108-8413-9ea3be1c1b2d/operationresults/eyJqb2JJZCI6IlJFU09VUkNFR1JPVVBERUxFVElPTkpPQi02NjA5LUVBU1RVUzIiLCJqb2JMb2NhdGlvbiI6ImVhc3R1czIifQ?api-version=2019-10-01",
        "Pragma": "no-cache",
        "Retry-After": "15",
        "Strict-Transport-Security": "max-age=31536000; includeSubDomains",
        "X-Content-Type-Options": "nosniff",
        "x-ms-correlation-request-id": "17730add-8e3a-400e-9954-5d8572f96a05",
        "x-ms-ratelimit-remaining-subscription-reads": "11827",
        "x-ms-request-id": "17730add-8e3a-400e-9954-5d8572f96a05",
        "x-ms-routing-request-id": "EASTASIA:20200611T015125Z:17730add-8e3a-400e-9954-5d8572f96a05"
      },
      "ResponseBody": []
    },
    {
      "RequestUri": "https://management.azure.com/subscriptions/b9f138a1-1d64-4108-8413-9ea3be1c1b2d/operationresults/eyJqb2JJZCI6IlJFU09VUkNFR1JPVVBERUxFVElPTkpPQi02NjA5LUVBU1RVUzIiLCJqb2JMb2NhdGlvbiI6ImVhc3R1czIifQ?api-version=2019-10-01",
      "RequestMethod": "GET",
      "RequestHeaders": {
        "Authorization": "Sanitized",
        "User-Agent": [
          "azsdk-net-ResourceManager.Resources/1.0.0-dev.20200611.1",
          "(.NET Core 4.6.28801.04; Microsoft Windows 10.0.19041 )"
        ],
        "x-ms-client-request-id": "cea782a8ebb1628722940f11b573f204",
        "x-ms-return-client-request-id": "true"
      },
      "RequestBody": null,
      "StatusCode": 202,
      "ResponseHeaders": {
        "Cache-Control": "no-cache",
        "Content-Length": "0",
        "Date": "Thu, 11 Jun 2020 01:51:26 GMT",
        "Expires": "-1",
        "Location": "https://management.azure.com/subscriptions/b9f138a1-1d64-4108-8413-9ea3be1c1b2d/operationresults/eyJqb2JJZCI6IlJFU09VUkNFR1JPVVBERUxFVElPTkpPQi02NjA5LUVBU1RVUzIiLCJqb2JMb2NhdGlvbiI6ImVhc3R1czIifQ?api-version=2019-10-01",
        "Pragma": "no-cache",
        "Retry-After": "15",
        "Strict-Transport-Security": "max-age=31536000; includeSubDomains",
        "X-Content-Type-Options": "nosniff",
        "x-ms-correlation-request-id": "a2b64d9e-e6a2-45dc-90a3-8a19b0519043",
        "x-ms-ratelimit-remaining-subscription-reads": "11826",
        "x-ms-request-id": "a2b64d9e-e6a2-45dc-90a3-8a19b0519043",
        "x-ms-routing-request-id": "EASTASIA:20200611T015127Z:a2b64d9e-e6a2-45dc-90a3-8a19b0519043"
      },
      "ResponseBody": []
    },
    {
      "RequestUri": "https://management.azure.com/subscriptions/b9f138a1-1d64-4108-8413-9ea3be1c1b2d/operationresults/eyJqb2JJZCI6IlJFU09VUkNFR1JPVVBERUxFVElPTkpPQi02NjA5LUVBU1RVUzIiLCJqb2JMb2NhdGlvbiI6ImVhc3R1czIifQ?api-version=2019-10-01",
      "RequestMethod": "GET",
      "RequestHeaders": {
        "Authorization": "Sanitized",
        "User-Agent": [
          "azsdk-net-ResourceManager.Resources/1.0.0-dev.20200611.1",
          "(.NET Core 4.6.28801.04; Microsoft Windows 10.0.19041 )"
        ],
        "x-ms-client-request-id": "3e94f7143b9bcbabb452af4d751c0d6a",
        "x-ms-return-client-request-id": "true"
      },
      "RequestBody": null,
      "StatusCode": 202,
      "ResponseHeaders": {
        "Cache-Control": "no-cache",
        "Content-Length": "0",
        "Date": "Thu, 11 Jun 2020 01:51:28 GMT",
        "Expires": "-1",
        "Location": "https://management.azure.com/subscriptions/b9f138a1-1d64-4108-8413-9ea3be1c1b2d/operationresults/eyJqb2JJZCI6IlJFU09VUkNFR1JPVVBERUxFVElPTkpPQi02NjA5LUVBU1RVUzIiLCJqb2JMb2NhdGlvbiI6ImVhc3R1czIifQ?api-version=2019-10-01",
        "Pragma": "no-cache",
        "Retry-After": "15",
        "Strict-Transport-Security": "max-age=31536000; includeSubDomains",
        "X-Content-Type-Options": "nosniff",
        "x-ms-correlation-request-id": "eddbac65-e209-4a53-8d30-4314fe51ae55",
        "x-ms-ratelimit-remaining-subscription-reads": "11825",
        "x-ms-request-id": "eddbac65-e209-4a53-8d30-4314fe51ae55",
        "x-ms-routing-request-id": "EASTASIA:20200611T015128Z:eddbac65-e209-4a53-8d30-4314fe51ae55"
      },
      "ResponseBody": []
    },
    {
      "RequestUri": "https://management.azure.com/subscriptions/b9f138a1-1d64-4108-8413-9ea3be1c1b2d/operationresults/eyJqb2JJZCI6IlJFU09VUkNFR1JPVVBERUxFVElPTkpPQi02NjA5LUVBU1RVUzIiLCJqb2JMb2NhdGlvbiI6ImVhc3R1czIifQ?api-version=2019-10-01",
      "RequestMethod": "GET",
      "RequestHeaders": {
        "Authorization": "Sanitized",
        "User-Agent": [
          "azsdk-net-ResourceManager.Resources/1.0.0-dev.20200611.1",
          "(.NET Core 4.6.28801.04; Microsoft Windows 10.0.19041 )"
        ],
        "x-ms-client-request-id": "67137f48bc3953e36ef2e42bd050b801",
        "x-ms-return-client-request-id": "true"
      },
      "RequestBody": null,
      "StatusCode": 202,
      "ResponseHeaders": {
        "Cache-Control": "no-cache",
        "Content-Length": "0",
        "Date": "Thu, 11 Jun 2020 01:51:29 GMT",
        "Expires": "-1",
        "Location": "https://management.azure.com/subscriptions/b9f138a1-1d64-4108-8413-9ea3be1c1b2d/operationresults/eyJqb2JJZCI6IlJFU09VUkNFR1JPVVBERUxFVElPTkpPQi02NjA5LUVBU1RVUzIiLCJqb2JMb2NhdGlvbiI6ImVhc3R1czIifQ?api-version=2019-10-01",
        "Pragma": "no-cache",
        "Retry-After": "15",
        "Strict-Transport-Security": "max-age=31536000; includeSubDomains",
        "X-Content-Type-Options": "nosniff",
        "x-ms-correlation-request-id": "7f7c8a3f-9999-4535-a3e8-3a331ee6e478",
        "x-ms-ratelimit-remaining-subscription-reads": "11824",
        "x-ms-request-id": "7f7c8a3f-9999-4535-a3e8-3a331ee6e478",
        "x-ms-routing-request-id": "EASTASIA:20200611T015130Z:7f7c8a3f-9999-4535-a3e8-3a331ee6e478"
      },
      "ResponseBody": []
    },
    {
      "RequestUri": "https://management.azure.com/subscriptions/b9f138a1-1d64-4108-8413-9ea3be1c1b2d/operationresults/eyJqb2JJZCI6IlJFU09VUkNFR1JPVVBERUxFVElPTkpPQi02NjA5LUVBU1RVUzIiLCJqb2JMb2NhdGlvbiI6ImVhc3R1czIifQ?api-version=2019-10-01",
      "RequestMethod": "GET",
      "RequestHeaders": {
        "Authorization": "Sanitized",
        "User-Agent": [
          "azsdk-net-ResourceManager.Resources/1.0.0-dev.20200611.1",
          "(.NET Core 4.6.28801.04; Microsoft Windows 10.0.19041 )"
        ],
        "x-ms-client-request-id": "429b886e35b36c60d6db195e3c39ec06",
        "x-ms-return-client-request-id": "true"
      },
      "RequestBody": null,
      "StatusCode": 202,
      "ResponseHeaders": {
        "Cache-Control": "no-cache",
        "Content-Length": "0",
        "Date": "Thu, 11 Jun 2020 01:51:31 GMT",
        "Expires": "-1",
        "Location": "https://management.azure.com/subscriptions/b9f138a1-1d64-4108-8413-9ea3be1c1b2d/operationresults/eyJqb2JJZCI6IlJFU09VUkNFR1JPVVBERUxFVElPTkpPQi02NjA5LUVBU1RVUzIiLCJqb2JMb2NhdGlvbiI6ImVhc3R1czIifQ?api-version=2019-10-01",
        "Pragma": "no-cache",
        "Retry-After": "15",
        "Strict-Transport-Security": "max-age=31536000; includeSubDomains",
        "X-Content-Type-Options": "nosniff",
        "x-ms-correlation-request-id": "8a9510a2-3405-4242-b062-72deae4c1c98",
        "x-ms-ratelimit-remaining-subscription-reads": "11823",
        "x-ms-request-id": "8a9510a2-3405-4242-b062-72deae4c1c98",
        "x-ms-routing-request-id": "EASTASIA:20200611T015131Z:8a9510a2-3405-4242-b062-72deae4c1c98"
      },
      "ResponseBody": []
    },
    {
      "RequestUri": "https://management.azure.com/subscriptions/b9f138a1-1d64-4108-8413-9ea3be1c1b2d/operationresults/eyJqb2JJZCI6IlJFU09VUkNFR1JPVVBERUxFVElPTkpPQi02NjA5LUVBU1RVUzIiLCJqb2JMb2NhdGlvbiI6ImVhc3R1czIifQ?api-version=2019-10-01",
      "RequestMethod": "GET",
      "RequestHeaders": {
        "Authorization": "Sanitized",
        "User-Agent": [
          "azsdk-net-ResourceManager.Resources/1.0.0-dev.20200611.1",
          "(.NET Core 4.6.28801.04; Microsoft Windows 10.0.19041 )"
        ],
        "x-ms-client-request-id": "36c8a5868a6058ca1341cfa85780fb64",
        "x-ms-return-client-request-id": "true"
      },
      "RequestBody": null,
      "StatusCode": 202,
      "ResponseHeaders": {
        "Cache-Control": "no-cache",
        "Content-Length": "0",
        "Date": "Thu, 11 Jun 2020 01:51:32 GMT",
        "Expires": "-1",
        "Location": "https://management.azure.com/subscriptions/b9f138a1-1d64-4108-8413-9ea3be1c1b2d/operationresults/eyJqb2JJZCI6IlJFU09VUkNFR1JPVVBERUxFVElPTkpPQi02NjA5LUVBU1RVUzIiLCJqb2JMb2NhdGlvbiI6ImVhc3R1czIifQ?api-version=2019-10-01",
        "Pragma": "no-cache",
        "Retry-After": "15",
        "Strict-Transport-Security": "max-age=31536000; includeSubDomains",
        "X-Content-Type-Options": "nosniff",
        "x-ms-correlation-request-id": "c4c2dca5-a28b-479e-b0da-e45dcb5382df",
        "x-ms-ratelimit-remaining-subscription-reads": "11822",
        "x-ms-request-id": "c4c2dca5-a28b-479e-b0da-e45dcb5382df",
        "x-ms-routing-request-id": "EASTASIA:20200611T015133Z:c4c2dca5-a28b-479e-b0da-e45dcb5382df"
      },
      "ResponseBody": []
    },
    {
      "RequestUri": "https://management.azure.com/subscriptions/b9f138a1-1d64-4108-8413-9ea3be1c1b2d/operationresults/eyJqb2JJZCI6IlJFU09VUkNFR1JPVVBERUxFVElPTkpPQi02NjA5LUVBU1RVUzIiLCJqb2JMb2NhdGlvbiI6ImVhc3R1czIifQ?api-version=2019-10-01",
      "RequestMethod": "GET",
      "RequestHeaders": {
        "Authorization": "Sanitized",
        "User-Agent": [
          "azsdk-net-ResourceManager.Resources/1.0.0-dev.20200611.1",
          "(.NET Core 4.6.28801.04; Microsoft Windows 10.0.19041 )"
        ],
        "x-ms-client-request-id": "eddead9aca8013b61ea6915ea2841735",
        "x-ms-return-client-request-id": "true"
      },
      "RequestBody": null,
      "StatusCode": 202,
      "ResponseHeaders": {
        "Cache-Control": "no-cache",
        "Content-Length": "0",
        "Date": "Thu, 11 Jun 2020 01:51:33 GMT",
        "Expires": "-1",
        "Location": "https://management.azure.com/subscriptions/b9f138a1-1d64-4108-8413-9ea3be1c1b2d/operationresults/eyJqb2JJZCI6IlJFU09VUkNFR1JPVVBERUxFVElPTkpPQi02NjA5LUVBU1RVUzIiLCJqb2JMb2NhdGlvbiI6ImVhc3R1czIifQ?api-version=2019-10-01",
        "Pragma": "no-cache",
        "Retry-After": "15",
        "Strict-Transport-Security": "max-age=31536000; includeSubDomains",
        "X-Content-Type-Options": "nosniff",
        "x-ms-correlation-request-id": "15572c3d-f951-4bf6-b0f4-9f60c74e9e86",
        "x-ms-ratelimit-remaining-subscription-reads": "11821",
        "x-ms-request-id": "15572c3d-f951-4bf6-b0f4-9f60c74e9e86",
        "x-ms-routing-request-id": "EASTASIA:20200611T015134Z:15572c3d-f951-4bf6-b0f4-9f60c74e9e86"
      },
      "ResponseBody": []
    },
    {
      "RequestUri": "https://management.azure.com/subscriptions/b9f138a1-1d64-4108-8413-9ea3be1c1b2d/operationresults/eyJqb2JJZCI6IlJFU09VUkNFR1JPVVBERUxFVElPTkpPQi02NjA5LUVBU1RVUzIiLCJqb2JMb2NhdGlvbiI6ImVhc3R1czIifQ?api-version=2019-10-01",
      "RequestMethod": "GET",
      "RequestHeaders": {
        "Authorization": "Sanitized",
        "User-Agent": [
          "azsdk-net-ResourceManager.Resources/1.0.0-dev.20200611.1",
          "(.NET Core 4.6.28801.04; Microsoft Windows 10.0.19041 )"
        ],
        "x-ms-client-request-id": "2ba4dd068187e4a0bd432e7265b81556",
        "x-ms-return-client-request-id": "true"
      },
      "RequestBody": null,
      "StatusCode": 202,
      "ResponseHeaders": {
        "Cache-Control": "no-cache",
        "Content-Length": "0",
        "Date": "Thu, 11 Jun 2020 01:51:35 GMT",
        "Expires": "-1",
        "Location": "https://management.azure.com/subscriptions/b9f138a1-1d64-4108-8413-9ea3be1c1b2d/operationresults/eyJqb2JJZCI6IlJFU09VUkNFR1JPVVBERUxFVElPTkpPQi02NjA5LUVBU1RVUzIiLCJqb2JMb2NhdGlvbiI6ImVhc3R1czIifQ?api-version=2019-10-01",
        "Pragma": "no-cache",
        "Retry-After": "15",
        "Strict-Transport-Security": "max-age=31536000; includeSubDomains",
        "X-Content-Type-Options": "nosniff",
        "x-ms-correlation-request-id": "b17a9172-ad28-42ff-801f-68a0a4045ca9",
        "x-ms-ratelimit-remaining-subscription-reads": "11820",
        "x-ms-request-id": "b17a9172-ad28-42ff-801f-68a0a4045ca9",
        "x-ms-routing-request-id": "EASTASIA:20200611T015135Z:b17a9172-ad28-42ff-801f-68a0a4045ca9"
      },
      "ResponseBody": []
    },
    {
      "RequestUri": "https://management.azure.com/subscriptions/b9f138a1-1d64-4108-8413-9ea3be1c1b2d/operationresults/eyJqb2JJZCI6IlJFU09VUkNFR1JPVVBERUxFVElPTkpPQi02NjA5LUVBU1RVUzIiLCJqb2JMb2NhdGlvbiI6ImVhc3R1czIifQ?api-version=2019-10-01",
      "RequestMethod": "GET",
      "RequestHeaders": {
        "Authorization": "Sanitized",
        "User-Agent": [
          "azsdk-net-ResourceManager.Resources/1.0.0-dev.20200611.1",
          "(.NET Core 4.6.28801.04; Microsoft Windows 10.0.19041 )"
        ],
        "x-ms-client-request-id": "8ec4b5e0fe5abb85eeb418baf96bb58f",
        "x-ms-return-client-request-id": "true"
      },
      "RequestBody": null,
      "StatusCode": 202,
      "ResponseHeaders": {
        "Cache-Control": "no-cache",
        "Content-Length": "0",
        "Date": "Thu, 11 Jun 2020 01:51:36 GMT",
        "Expires": "-1",
        "Location": "https://management.azure.com/subscriptions/b9f138a1-1d64-4108-8413-9ea3be1c1b2d/operationresults/eyJqb2JJZCI6IlJFU09VUkNFR1JPVVBERUxFVElPTkpPQi02NjA5LUVBU1RVUzIiLCJqb2JMb2NhdGlvbiI6ImVhc3R1czIifQ?api-version=2019-10-01",
        "Pragma": "no-cache",
        "Retry-After": "15",
        "Strict-Transport-Security": "max-age=31536000; includeSubDomains",
        "X-Content-Type-Options": "nosniff",
        "x-ms-correlation-request-id": "1868ea9f-a86f-47a6-9893-a703db4cafcb",
        "x-ms-ratelimit-remaining-subscription-reads": "11819",
        "x-ms-request-id": "1868ea9f-a86f-47a6-9893-a703db4cafcb",
        "x-ms-routing-request-id": "EASTASIA:20200611T015137Z:1868ea9f-a86f-47a6-9893-a703db4cafcb"
      },
      "ResponseBody": []
    },
    {
      "RequestUri": "https://management.azure.com/subscriptions/b9f138a1-1d64-4108-8413-9ea3be1c1b2d/operationresults/eyJqb2JJZCI6IlJFU09VUkNFR1JPVVBERUxFVElPTkpPQi02NjA5LUVBU1RVUzIiLCJqb2JMb2NhdGlvbiI6ImVhc3R1czIifQ?api-version=2019-10-01",
      "RequestMethod": "GET",
      "RequestHeaders": {
        "Authorization": "Sanitized",
        "User-Agent": [
          "azsdk-net-ResourceManager.Resources/1.0.0-dev.20200611.1",
          "(.NET Core 4.6.28801.04; Microsoft Windows 10.0.19041 )"
        ],
        "x-ms-client-request-id": "79a29a2acfdb18dc0cfa2f3d9c44ad65",
        "x-ms-return-client-request-id": "true"
      },
      "RequestBody": null,
      "StatusCode": 202,
      "ResponseHeaders": {
        "Cache-Control": "no-cache",
        "Content-Length": "0",
        "Date": "Thu, 11 Jun 2020 01:51:38 GMT",
        "Expires": "-1",
        "Location": "https://management.azure.com/subscriptions/b9f138a1-1d64-4108-8413-9ea3be1c1b2d/operationresults/eyJqb2JJZCI6IlJFU09VUkNFR1JPVVBERUxFVElPTkpPQi02NjA5LUVBU1RVUzIiLCJqb2JMb2NhdGlvbiI6ImVhc3R1czIifQ?api-version=2019-10-01",
        "Pragma": "no-cache",
        "Retry-After": "15",
        "Strict-Transport-Security": "max-age=31536000; includeSubDomains",
        "X-Content-Type-Options": "nosniff",
        "x-ms-correlation-request-id": "002d13b5-849a-42e7-8a52-96eba96bd063",
        "x-ms-ratelimit-remaining-subscription-reads": "11818",
        "x-ms-request-id": "002d13b5-849a-42e7-8a52-96eba96bd063",
        "x-ms-routing-request-id": "EASTASIA:20200611T015138Z:002d13b5-849a-42e7-8a52-96eba96bd063"
      },
      "ResponseBody": []
    },
    {
      "RequestUri": "https://management.azure.com/subscriptions/b9f138a1-1d64-4108-8413-9ea3be1c1b2d/operationresults/eyJqb2JJZCI6IlJFU09VUkNFR1JPVVBERUxFVElPTkpPQi02NjA5LUVBU1RVUzIiLCJqb2JMb2NhdGlvbiI6ImVhc3R1czIifQ?api-version=2019-10-01",
      "RequestMethod": "GET",
      "RequestHeaders": {
        "Authorization": "Sanitized",
        "User-Agent": [
          "azsdk-net-ResourceManager.Resources/1.0.0-dev.20200611.1",
          "(.NET Core 4.6.28801.04; Microsoft Windows 10.0.19041 )"
        ],
        "x-ms-client-request-id": "ed7d3a9088c007da57e83cd269e6ea52",
        "x-ms-return-client-request-id": "true"
      },
      "RequestBody": null,
      "StatusCode": 202,
      "ResponseHeaders": {
        "Cache-Control": "no-cache",
        "Content-Length": "0",
        "Date": "Thu, 11 Jun 2020 01:51:39 GMT",
        "Expires": "-1",
        "Location": "https://management.azure.com/subscriptions/b9f138a1-1d64-4108-8413-9ea3be1c1b2d/operationresults/eyJqb2JJZCI6IlJFU09VUkNFR1JPVVBERUxFVElPTkpPQi02NjA5LUVBU1RVUzIiLCJqb2JMb2NhdGlvbiI6ImVhc3R1czIifQ?api-version=2019-10-01",
        "Pragma": "no-cache",
        "Retry-After": "15",
        "Strict-Transport-Security": "max-age=31536000; includeSubDomains",
        "X-Content-Type-Options": "nosniff",
        "x-ms-correlation-request-id": "6cffd940-b7f8-4311-9a89-68923c111917",
        "x-ms-ratelimit-remaining-subscription-reads": "11817",
        "x-ms-request-id": "6cffd940-b7f8-4311-9a89-68923c111917",
        "x-ms-routing-request-id": "EASTASIA:20200611T015140Z:6cffd940-b7f8-4311-9a89-68923c111917"
      },
      "ResponseBody": []
    },
    {
      "RequestUri": "https://management.azure.com/subscriptions/b9f138a1-1d64-4108-8413-9ea3be1c1b2d/operationresults/eyJqb2JJZCI6IlJFU09VUkNFR1JPVVBERUxFVElPTkpPQi02NjA5LUVBU1RVUzIiLCJqb2JMb2NhdGlvbiI6ImVhc3R1czIifQ?api-version=2019-10-01",
      "RequestMethod": "GET",
      "RequestHeaders": {
        "Authorization": "Sanitized",
        "User-Agent": [
          "azsdk-net-ResourceManager.Resources/1.0.0-dev.20200611.1",
          "(.NET Core 4.6.28801.04; Microsoft Windows 10.0.19041 )"
        ],
        "x-ms-client-request-id": "cb479f8d9c16107bd8ac815fce481faa",
        "x-ms-return-client-request-id": "true"
      },
      "RequestBody": null,
      "StatusCode": 202,
      "ResponseHeaders": {
        "Cache-Control": "no-cache",
        "Content-Length": "0",
        "Date": "Thu, 11 Jun 2020 01:51:41 GMT",
        "Expires": "-1",
        "Location": "https://management.azure.com/subscriptions/b9f138a1-1d64-4108-8413-9ea3be1c1b2d/operationresults/eyJqb2JJZCI6IlJFU09VUkNFR1JPVVBERUxFVElPTkpPQi02NjA5LUVBU1RVUzIiLCJqb2JMb2NhdGlvbiI6ImVhc3R1czIifQ?api-version=2019-10-01",
        "Pragma": "no-cache",
        "Retry-After": "15",
        "Strict-Transport-Security": "max-age=31536000; includeSubDomains",
        "X-Content-Type-Options": "nosniff",
        "x-ms-correlation-request-id": "6bbaf649-d888-4891-bc6a-eb559153d0e1",
        "x-ms-ratelimit-remaining-subscription-reads": "11816",
        "x-ms-request-id": "6bbaf649-d888-4891-bc6a-eb559153d0e1",
        "x-ms-routing-request-id": "EASTASIA:20200611T015141Z:6bbaf649-d888-4891-bc6a-eb559153d0e1"
      },
      "ResponseBody": []
    },
    {
      "RequestUri": "https://management.azure.com/subscriptions/b9f138a1-1d64-4108-8413-9ea3be1c1b2d/operationresults/eyJqb2JJZCI6IlJFU09VUkNFR1JPVVBERUxFVElPTkpPQi02NjA5LUVBU1RVUzIiLCJqb2JMb2NhdGlvbiI6ImVhc3R1czIifQ?api-version=2019-10-01",
      "RequestMethod": "GET",
      "RequestHeaders": {
        "Authorization": "Sanitized",
        "User-Agent": [
          "azsdk-net-ResourceManager.Resources/1.0.0-dev.20200611.1",
          "(.NET Core 4.6.28801.04; Microsoft Windows 10.0.19041 )"
        ],
        "x-ms-client-request-id": "bf29b207c8eea1cebf9a21f29209ae26",
        "x-ms-return-client-request-id": "true"
      },
      "RequestBody": null,
      "StatusCode": 202,
      "ResponseHeaders": {
        "Cache-Control": "no-cache",
        "Content-Length": "0",
        "Date": "Thu, 11 Jun 2020 01:51:42 GMT",
        "Expires": "-1",
        "Location": "https://management.azure.com/subscriptions/b9f138a1-1d64-4108-8413-9ea3be1c1b2d/operationresults/eyJqb2JJZCI6IlJFU09VUkNFR1JPVVBERUxFVElPTkpPQi02NjA5LUVBU1RVUzIiLCJqb2JMb2NhdGlvbiI6ImVhc3R1czIifQ?api-version=2019-10-01",
        "Pragma": "no-cache",
        "Retry-After": "15",
        "Strict-Transport-Security": "max-age=31536000; includeSubDomains",
        "X-Content-Type-Options": "nosniff",
        "x-ms-correlation-request-id": "2cb52710-b317-43e3-9454-817a3f53394b",
        "x-ms-ratelimit-remaining-subscription-reads": "11815",
        "x-ms-request-id": "2cb52710-b317-43e3-9454-817a3f53394b",
        "x-ms-routing-request-id": "EASTASIA:20200611T015143Z:2cb52710-b317-43e3-9454-817a3f53394b"
      },
      "ResponseBody": []
    },
    {
      "RequestUri": "https://management.azure.com/subscriptions/b9f138a1-1d64-4108-8413-9ea3be1c1b2d/operationresults/eyJqb2JJZCI6IlJFU09VUkNFR1JPVVBERUxFVElPTkpPQi02NjA5LUVBU1RVUzIiLCJqb2JMb2NhdGlvbiI6ImVhc3R1czIifQ?api-version=2019-10-01",
      "RequestMethod": "GET",
      "RequestHeaders": {
        "Authorization": "Sanitized",
        "User-Agent": [
          "azsdk-net-ResourceManager.Resources/1.0.0-dev.20200611.1",
          "(.NET Core 4.6.28801.04; Microsoft Windows 10.0.19041 )"
        ],
        "x-ms-client-request-id": "fcb0dd10e2fcf44ebf6d1514067a380f",
        "x-ms-return-client-request-id": "true"
      },
      "RequestBody": null,
      "StatusCode": 202,
      "ResponseHeaders": {
        "Cache-Control": "no-cache",
        "Content-Length": "0",
        "Date": "Thu, 11 Jun 2020 01:51:43 GMT",
        "Expires": "-1",
        "Location": "https://management.azure.com/subscriptions/b9f138a1-1d64-4108-8413-9ea3be1c1b2d/operationresults/eyJqb2JJZCI6IlJFU09VUkNFR1JPVVBERUxFVElPTkpPQi02NjA5LUVBU1RVUzIiLCJqb2JMb2NhdGlvbiI6ImVhc3R1czIifQ?api-version=2019-10-01",
        "Pragma": "no-cache",
        "Retry-After": "15",
        "Strict-Transport-Security": "max-age=31536000; includeSubDomains",
        "X-Content-Type-Options": "nosniff",
        "x-ms-correlation-request-id": "d1362360-e40b-4090-aaa8-b2a8631e960d",
        "x-ms-ratelimit-remaining-subscription-reads": "11814",
        "x-ms-request-id": "d1362360-e40b-4090-aaa8-b2a8631e960d",
        "x-ms-routing-request-id": "EASTASIA:20200611T015144Z:d1362360-e40b-4090-aaa8-b2a8631e960d"
      },
      "ResponseBody": []
    },
    {
      "RequestUri": "https://management.azure.com/subscriptions/b9f138a1-1d64-4108-8413-9ea3be1c1b2d/operationresults/eyJqb2JJZCI6IlJFU09VUkNFR1JPVVBERUxFVElPTkpPQi02NjA5LUVBU1RVUzIiLCJqb2JMb2NhdGlvbiI6ImVhc3R1czIifQ?api-version=2019-10-01",
      "RequestMethod": "GET",
      "RequestHeaders": {
        "Authorization": "Sanitized",
        "User-Agent": [
          "azsdk-net-ResourceManager.Resources/1.0.0-dev.20200611.1",
          "(.NET Core 4.6.28801.04; Microsoft Windows 10.0.19041 )"
        ],
        "x-ms-client-request-id": "b6cb92c92bbcc563d0a50b7c7a887dce",
        "x-ms-return-client-request-id": "true"
      },
      "RequestBody": null,
      "StatusCode": 202,
      "ResponseHeaders": {
        "Cache-Control": "no-cache",
        "Content-Length": "0",
        "Date": "Thu, 11 Jun 2020 01:51:45 GMT",
        "Expires": "-1",
        "Location": "https://management.azure.com/subscriptions/b9f138a1-1d64-4108-8413-9ea3be1c1b2d/operationresults/eyJqb2JJZCI6IlJFU09VUkNFR1JPVVBERUxFVElPTkpPQi02NjA5LUVBU1RVUzIiLCJqb2JMb2NhdGlvbiI6ImVhc3R1czIifQ?api-version=2019-10-01",
        "Pragma": "no-cache",
        "Retry-After": "15",
        "Strict-Transport-Security": "max-age=31536000; includeSubDomains",
        "X-Content-Type-Options": "nosniff",
        "x-ms-correlation-request-id": "6557ba79-5586-49f8-8f97-0f37365f3660",
        "x-ms-ratelimit-remaining-subscription-reads": "11813",
        "x-ms-request-id": "6557ba79-5586-49f8-8f97-0f37365f3660",
        "x-ms-routing-request-id": "EASTASIA:20200611T015146Z:6557ba79-5586-49f8-8f97-0f37365f3660"
      },
      "ResponseBody": []
    },
    {
      "RequestUri": "https://management.azure.com/subscriptions/b9f138a1-1d64-4108-8413-9ea3be1c1b2d/operationresults/eyJqb2JJZCI6IlJFU09VUkNFR1JPVVBERUxFVElPTkpPQi02NjA5LUVBU1RVUzIiLCJqb2JMb2NhdGlvbiI6ImVhc3R1czIifQ?api-version=2019-10-01",
      "RequestMethod": "GET",
      "RequestHeaders": {
        "Authorization": "Sanitized",
        "User-Agent": [
          "azsdk-net-ResourceManager.Resources/1.0.0-dev.20200611.1",
          "(.NET Core 4.6.28801.04; Microsoft Windows 10.0.19041 )"
        ],
        "x-ms-client-request-id": "f04f5bfd239824ad6335ff80b3ba9b45",
        "x-ms-return-client-request-id": "true"
      },
      "RequestBody": null,
      "StatusCode": 202,
      "ResponseHeaders": {
        "Cache-Control": "no-cache",
        "Content-Length": "0",
        "Date": "Thu, 11 Jun 2020 01:51:46 GMT",
        "Expires": "-1",
        "Location": "https://management.azure.com/subscriptions/b9f138a1-1d64-4108-8413-9ea3be1c1b2d/operationresults/eyJqb2JJZCI6IlJFU09VUkNFR1JPVVBERUxFVElPTkpPQi02NjA5LUVBU1RVUzIiLCJqb2JMb2NhdGlvbiI6ImVhc3R1czIifQ?api-version=2019-10-01",
        "Pragma": "no-cache",
        "Retry-After": "15",
        "Strict-Transport-Security": "max-age=31536000; includeSubDomains",
        "X-Content-Type-Options": "nosniff",
        "x-ms-correlation-request-id": "c576d263-4248-4a47-9da6-f4f363f40685",
        "x-ms-ratelimit-remaining-subscription-reads": "11812",
        "x-ms-request-id": "c576d263-4248-4a47-9da6-f4f363f40685",
        "x-ms-routing-request-id": "EASTASIA:20200611T015147Z:c576d263-4248-4a47-9da6-f4f363f40685"
      },
      "ResponseBody": []
    },
    {
      "RequestUri": "https://management.azure.com/subscriptions/b9f138a1-1d64-4108-8413-9ea3be1c1b2d/operationresults/eyJqb2JJZCI6IlJFU09VUkNFR1JPVVBERUxFVElPTkpPQi02NjA5LUVBU1RVUzIiLCJqb2JMb2NhdGlvbiI6ImVhc3R1czIifQ?api-version=2019-10-01",
      "RequestMethod": "GET",
      "RequestHeaders": {
        "Authorization": "Sanitized",
        "User-Agent": [
          "azsdk-net-ResourceManager.Resources/1.0.0-dev.20200611.1",
          "(.NET Core 4.6.28801.04; Microsoft Windows 10.0.19041 )"
        ],
        "x-ms-client-request-id": "00291161f73ee46979ea2c57d7d27936",
        "x-ms-return-client-request-id": "true"
      },
      "RequestBody": null,
      "StatusCode": 202,
      "ResponseHeaders": {
        "Cache-Control": "no-cache",
        "Content-Length": "0",
        "Date": "Thu, 11 Jun 2020 01:51:48 GMT",
        "Expires": "-1",
        "Location": "https://management.azure.com/subscriptions/b9f138a1-1d64-4108-8413-9ea3be1c1b2d/operationresults/eyJqb2JJZCI6IlJFU09VUkNFR1JPVVBERUxFVElPTkpPQi02NjA5LUVBU1RVUzIiLCJqb2JMb2NhdGlvbiI6ImVhc3R1czIifQ?api-version=2019-10-01",
        "Pragma": "no-cache",
        "Retry-After": "15",
        "Strict-Transport-Security": "max-age=31536000; includeSubDomains",
        "X-Content-Type-Options": "nosniff",
        "x-ms-correlation-request-id": "36d9fe1f-64a8-40c3-b287-1bd33394a943",
        "x-ms-ratelimit-remaining-subscription-reads": "11811",
        "x-ms-request-id": "36d9fe1f-64a8-40c3-b287-1bd33394a943",
        "x-ms-routing-request-id": "EASTASIA:20200611T015148Z:36d9fe1f-64a8-40c3-b287-1bd33394a943"
      },
      "ResponseBody": []
    },
    {
      "RequestUri": "https://management.azure.com/subscriptions/b9f138a1-1d64-4108-8413-9ea3be1c1b2d/operationresults/eyJqb2JJZCI6IlJFU09VUkNFR1JPVVBERUxFVElPTkpPQi02NjA5LUVBU1RVUzIiLCJqb2JMb2NhdGlvbiI6ImVhc3R1czIifQ?api-version=2019-10-01",
      "RequestMethod": "GET",
      "RequestHeaders": {
        "Authorization": "Sanitized",
        "User-Agent": [
          "azsdk-net-ResourceManager.Resources/1.0.0-dev.20200611.1",
          "(.NET Core 4.6.28801.04; Microsoft Windows 10.0.19041 )"
        ],
        "x-ms-client-request-id": "ab1646ef472ba577e5a752862be31215",
        "x-ms-return-client-request-id": "true"
      },
      "RequestBody": null,
      "StatusCode": 202,
      "ResponseHeaders": {
        "Cache-Control": "no-cache",
        "Content-Length": "0",
        "Date": "Thu, 11 Jun 2020 01:51:49 GMT",
        "Expires": "-1",
        "Location": "https://management.azure.com/subscriptions/b9f138a1-1d64-4108-8413-9ea3be1c1b2d/operationresults/eyJqb2JJZCI6IlJFU09VUkNFR1JPVVBERUxFVElPTkpPQi02NjA5LUVBU1RVUzIiLCJqb2JMb2NhdGlvbiI6ImVhc3R1czIifQ?api-version=2019-10-01",
        "Pragma": "no-cache",
        "Retry-After": "15",
        "Strict-Transport-Security": "max-age=31536000; includeSubDomains",
        "X-Content-Type-Options": "nosniff",
        "x-ms-correlation-request-id": "9228ba6a-7747-4459-a782-e07acb680c6e",
        "x-ms-ratelimit-remaining-subscription-reads": "11810",
        "x-ms-request-id": "9228ba6a-7747-4459-a782-e07acb680c6e",
        "x-ms-routing-request-id": "EASTASIA:20200611T015150Z:9228ba6a-7747-4459-a782-e07acb680c6e"
      },
      "ResponseBody": []
    },
    {
      "RequestUri": "https://management.azure.com/subscriptions/b9f138a1-1d64-4108-8413-9ea3be1c1b2d/operationresults/eyJqb2JJZCI6IlJFU09VUkNFR1JPVVBERUxFVElPTkpPQi02NjA5LUVBU1RVUzIiLCJqb2JMb2NhdGlvbiI6ImVhc3R1czIifQ?api-version=2019-10-01",
      "RequestMethod": "GET",
      "RequestHeaders": {
        "Authorization": "Sanitized",
        "User-Agent": [
          "azsdk-net-ResourceManager.Resources/1.0.0-dev.20200611.1",
          "(.NET Core 4.6.28801.04; Microsoft Windows 10.0.19041 )"
        ],
        "x-ms-client-request-id": "691ac60a7d5f0590f16a76adf7564d91",
        "x-ms-return-client-request-id": "true"
      },
      "RequestBody": null,
      "StatusCode": 202,
      "ResponseHeaders": {
        "Cache-Control": "no-cache",
        "Content-Length": "0",
        "Date": "Thu, 11 Jun 2020 01:51:51 GMT",
        "Expires": "-1",
        "Location": "https://management.azure.com/subscriptions/b9f138a1-1d64-4108-8413-9ea3be1c1b2d/operationresults/eyJqb2JJZCI6IlJFU09VUkNFR1JPVVBERUxFVElPTkpPQi02NjA5LUVBU1RVUzIiLCJqb2JMb2NhdGlvbiI6ImVhc3R1czIifQ?api-version=2019-10-01",
        "Pragma": "no-cache",
        "Retry-After": "15",
        "Strict-Transport-Security": "max-age=31536000; includeSubDomains",
        "X-Content-Type-Options": "nosniff",
        "x-ms-correlation-request-id": "aac86bdc-3160-41e6-b562-dfc2b61215ab",
        "x-ms-ratelimit-remaining-subscription-reads": "11809",
        "x-ms-request-id": "aac86bdc-3160-41e6-b562-dfc2b61215ab",
        "x-ms-routing-request-id": "EASTASIA:20200611T015151Z:aac86bdc-3160-41e6-b562-dfc2b61215ab"
      },
      "ResponseBody": []
    },
    {
      "RequestUri": "https://management.azure.com/subscriptions/b9f138a1-1d64-4108-8413-9ea3be1c1b2d/operationresults/eyJqb2JJZCI6IlJFU09VUkNFR1JPVVBERUxFVElPTkpPQi02NjA5LUVBU1RVUzIiLCJqb2JMb2NhdGlvbiI6ImVhc3R1czIifQ?api-version=2019-10-01",
      "RequestMethod": "GET",
      "RequestHeaders": {
        "Authorization": "Sanitized",
        "User-Agent": [
          "azsdk-net-ResourceManager.Resources/1.0.0-dev.20200611.1",
          "(.NET Core 4.6.28801.04; Microsoft Windows 10.0.19041 )"
        ],
        "x-ms-client-request-id": "6c91c9bcf0a419199a831a97a4e2b996",
        "x-ms-return-client-request-id": "true"
      },
      "RequestBody": null,
      "StatusCode": 202,
      "ResponseHeaders": {
        "Cache-Control": "no-cache",
        "Content-Length": "0",
        "Date": "Thu, 11 Jun 2020 01:51:52 GMT",
        "Expires": "-1",
        "Location": "https://management.azure.com/subscriptions/b9f138a1-1d64-4108-8413-9ea3be1c1b2d/operationresults/eyJqb2JJZCI6IlJFU09VUkNFR1JPVVBERUxFVElPTkpPQi02NjA5LUVBU1RVUzIiLCJqb2JMb2NhdGlvbiI6ImVhc3R1czIifQ?api-version=2019-10-01",
        "Pragma": "no-cache",
        "Retry-After": "15",
        "Strict-Transport-Security": "max-age=31536000; includeSubDomains",
        "X-Content-Type-Options": "nosniff",
        "x-ms-correlation-request-id": "dee052ad-7bff-41dd-86f8-37653e997d1e",
        "x-ms-ratelimit-remaining-subscription-reads": "11808",
        "x-ms-request-id": "dee052ad-7bff-41dd-86f8-37653e997d1e",
        "x-ms-routing-request-id": "EASTASIA:20200611T015153Z:dee052ad-7bff-41dd-86f8-37653e997d1e"
      },
      "ResponseBody": []
    },
    {
      "RequestUri": "https://management.azure.com/subscriptions/b9f138a1-1d64-4108-8413-9ea3be1c1b2d/operationresults/eyJqb2JJZCI6IlJFU09VUkNFR1JPVVBERUxFVElPTkpPQi02NjA5LUVBU1RVUzIiLCJqb2JMb2NhdGlvbiI6ImVhc3R1czIifQ?api-version=2019-10-01",
      "RequestMethod": "GET",
      "RequestHeaders": {
        "Authorization": "Sanitized",
        "User-Agent": [
          "azsdk-net-ResourceManager.Resources/1.0.0-dev.20200611.1",
          "(.NET Core 4.6.28801.04; Microsoft Windows 10.0.19041 )"
        ],
        "x-ms-client-request-id": "114c16d810b871d6b510b9c1d1caae8f",
        "x-ms-return-client-request-id": "true"
      },
      "RequestBody": null,
      "StatusCode": 202,
      "ResponseHeaders": {
        "Cache-Control": "no-cache",
        "Content-Length": "0",
        "Date": "Thu, 11 Jun 2020 01:51:53 GMT",
        "Expires": "-1",
        "Location": "https://management.azure.com/subscriptions/b9f138a1-1d64-4108-8413-9ea3be1c1b2d/operationresults/eyJqb2JJZCI6IlJFU09VUkNFR1JPVVBERUxFVElPTkpPQi02NjA5LUVBU1RVUzIiLCJqb2JMb2NhdGlvbiI6ImVhc3R1czIifQ?api-version=2019-10-01",
        "Pragma": "no-cache",
        "Retry-After": "15",
        "Strict-Transport-Security": "max-age=31536000; includeSubDomains",
        "X-Content-Type-Options": "nosniff",
        "x-ms-correlation-request-id": "c9d40ecf-d731-4fdd-ab58-b9287a491f50",
        "x-ms-ratelimit-remaining-subscription-reads": "11806",
        "x-ms-request-id": "c9d40ecf-d731-4fdd-ab58-b9287a491f50",
        "x-ms-routing-request-id": "EASTASIA:20200611T015154Z:c9d40ecf-d731-4fdd-ab58-b9287a491f50"
      },
      "ResponseBody": []
    },
    {
      "RequestUri": "https://management.azure.com/subscriptions/b9f138a1-1d64-4108-8413-9ea3be1c1b2d/operationresults/eyJqb2JJZCI6IlJFU09VUkNFR1JPVVBERUxFVElPTkpPQi02NjA5LUVBU1RVUzIiLCJqb2JMb2NhdGlvbiI6ImVhc3R1czIifQ?api-version=2019-10-01",
      "RequestMethod": "GET",
      "RequestHeaders": {
        "Authorization": "Sanitized",
        "User-Agent": [
          "azsdk-net-ResourceManager.Resources/1.0.0-dev.20200611.1",
          "(.NET Core 4.6.28801.04; Microsoft Windows 10.0.19041 )"
        ],
        "x-ms-client-request-id": "61cac159a5511a71ac01cedc63f9600f",
        "x-ms-return-client-request-id": "true"
      },
      "RequestBody": null,
      "StatusCode": 202,
      "ResponseHeaders": {
        "Cache-Control": "no-cache",
        "Content-Length": "0",
        "Date": "Thu, 11 Jun 2020 01:51:55 GMT",
        "Expires": "-1",
        "Location": "https://management.azure.com/subscriptions/b9f138a1-1d64-4108-8413-9ea3be1c1b2d/operationresults/eyJqb2JJZCI6IlJFU09VUkNFR1JPVVBERUxFVElPTkpPQi02NjA5LUVBU1RVUzIiLCJqb2JMb2NhdGlvbiI6ImVhc3R1czIifQ?api-version=2019-10-01",
        "Pragma": "no-cache",
        "Retry-After": "15",
        "Strict-Transport-Security": "max-age=31536000; includeSubDomains",
        "X-Content-Type-Options": "nosniff",
        "x-ms-correlation-request-id": "22b1f395-4c7f-4587-af03-77e83e284c1c",
        "x-ms-ratelimit-remaining-subscription-reads": "11805",
        "x-ms-request-id": "22b1f395-4c7f-4587-af03-77e83e284c1c",
        "x-ms-routing-request-id": "EASTASIA:20200611T015156Z:22b1f395-4c7f-4587-af03-77e83e284c1c"
      },
      "ResponseBody": []
    },
    {
      "RequestUri": "https://management.azure.com/subscriptions/b9f138a1-1d64-4108-8413-9ea3be1c1b2d/operationresults/eyJqb2JJZCI6IlJFU09VUkNFR1JPVVBERUxFVElPTkpPQi02NjA5LUVBU1RVUzIiLCJqb2JMb2NhdGlvbiI6ImVhc3R1czIifQ?api-version=2019-10-01",
      "RequestMethod": "GET",
      "RequestHeaders": {
        "Authorization": "Sanitized",
        "User-Agent": [
          "azsdk-net-ResourceManager.Resources/1.0.0-dev.20200611.1",
          "(.NET Core 4.6.28801.04; Microsoft Windows 10.0.19041 )"
        ],
        "x-ms-client-request-id": "e0d5e0b13c09acd8f21fb793375848d0",
        "x-ms-return-client-request-id": "true"
      },
      "RequestBody": null,
      "StatusCode": 202,
      "ResponseHeaders": {
        "Cache-Control": "no-cache",
        "Content-Length": "0",
        "Date": "Thu, 11 Jun 2020 01:51:56 GMT",
        "Expires": "-1",
        "Location": "https://management.azure.com/subscriptions/b9f138a1-1d64-4108-8413-9ea3be1c1b2d/operationresults/eyJqb2JJZCI6IlJFU09VUkNFR1JPVVBERUxFVElPTkpPQi02NjA5LUVBU1RVUzIiLCJqb2JMb2NhdGlvbiI6ImVhc3R1czIifQ?api-version=2019-10-01",
        "Pragma": "no-cache",
        "Retry-After": "15",
        "Strict-Transport-Security": "max-age=31536000; includeSubDomains",
        "X-Content-Type-Options": "nosniff",
        "x-ms-correlation-request-id": "1a1a219e-6520-4600-b549-419f86eab0cb",
        "x-ms-ratelimit-remaining-subscription-reads": "11804",
        "x-ms-request-id": "1a1a219e-6520-4600-b549-419f86eab0cb",
        "x-ms-routing-request-id": "EASTASIA:20200611T015157Z:1a1a219e-6520-4600-b549-419f86eab0cb"
      },
      "ResponseBody": []
    },
    {
      "RequestUri": "https://management.azure.com/subscriptions/b9f138a1-1d64-4108-8413-9ea3be1c1b2d/operationresults/eyJqb2JJZCI6IlJFU09VUkNFR1JPVVBERUxFVElPTkpPQi02NjA5LUVBU1RVUzIiLCJqb2JMb2NhdGlvbiI6ImVhc3R1czIifQ?api-version=2019-10-01",
      "RequestMethod": "GET",
      "RequestHeaders": {
        "Authorization": "Sanitized",
        "User-Agent": [
          "azsdk-net-ResourceManager.Resources/1.0.0-dev.20200611.1",
          "(.NET Core 4.6.28801.04; Microsoft Windows 10.0.19041 )"
        ],
        "x-ms-client-request-id": "e33d8bd457183244a43264b741fa0ebb",
        "x-ms-return-client-request-id": "true"
      },
      "RequestBody": null,
      "StatusCode": 202,
      "ResponseHeaders": {
        "Cache-Control": "no-cache",
        "Content-Length": "0",
        "Date": "Thu, 11 Jun 2020 01:51:58 GMT",
        "Expires": "-1",
        "Location": "https://management.azure.com/subscriptions/b9f138a1-1d64-4108-8413-9ea3be1c1b2d/operationresults/eyJqb2JJZCI6IlJFU09VUkNFR1JPVVBERUxFVElPTkpPQi02NjA5LUVBU1RVUzIiLCJqb2JMb2NhdGlvbiI6ImVhc3R1czIifQ?api-version=2019-10-01",
        "Pragma": "no-cache",
        "Retry-After": "15",
        "Strict-Transport-Security": "max-age=31536000; includeSubDomains",
        "X-Content-Type-Options": "nosniff",
        "x-ms-correlation-request-id": "a0757440-d45f-43a1-8caa-b85294f3cfc0",
        "x-ms-ratelimit-remaining-subscription-reads": "11803",
        "x-ms-request-id": "a0757440-d45f-43a1-8caa-b85294f3cfc0",
        "x-ms-routing-request-id": "EASTASIA:20200611T015159Z:a0757440-d45f-43a1-8caa-b85294f3cfc0"
      },
      "ResponseBody": []
    },
    {
      "RequestUri": "https://management.azure.com/subscriptions/b9f138a1-1d64-4108-8413-9ea3be1c1b2d/operationresults/eyJqb2JJZCI6IlJFU09VUkNFR1JPVVBERUxFVElPTkpPQi02NjA5LUVBU1RVUzIiLCJqb2JMb2NhdGlvbiI6ImVhc3R1czIifQ?api-version=2019-10-01",
      "RequestMethod": "GET",
      "RequestHeaders": {
        "Authorization": "Sanitized",
        "User-Agent": [
          "azsdk-net-ResourceManager.Resources/1.0.0-dev.20200611.1",
          "(.NET Core 4.6.28801.04; Microsoft Windows 10.0.19041 )"
        ],
        "x-ms-client-request-id": "f00faab0cef41d85e81e6f32eddee354",
        "x-ms-return-client-request-id": "true"
      },
      "RequestBody": null,
      "StatusCode": 202,
      "ResponseHeaders": {
        "Cache-Control": "no-cache",
        "Content-Length": "0",
        "Date": "Thu, 11 Jun 2020 01:52:00 GMT",
        "Expires": "-1",
        "Location": "https://management.azure.com/subscriptions/b9f138a1-1d64-4108-8413-9ea3be1c1b2d/operationresults/eyJqb2JJZCI6IlJFU09VUkNFR1JPVVBERUxFVElPTkpPQi02NjA5LUVBU1RVUzIiLCJqb2JMb2NhdGlvbiI6ImVhc3R1czIifQ?api-version=2019-10-01",
        "Pragma": "no-cache",
        "Retry-After": "15",
        "Strict-Transport-Security": "max-age=31536000; includeSubDomains",
        "X-Content-Type-Options": "nosniff",
        "x-ms-correlation-request-id": "8f1fa1f3-55f0-40bb-8e77-5050b05bd5af",
        "x-ms-ratelimit-remaining-subscription-reads": "11802",
        "x-ms-request-id": "8f1fa1f3-55f0-40bb-8e77-5050b05bd5af",
        "x-ms-routing-request-id": "EASTASIA:20200611T015200Z:8f1fa1f3-55f0-40bb-8e77-5050b05bd5af"
      },
      "ResponseBody": []
    },
    {
      "RequestUri": "https://management.azure.com/subscriptions/b9f138a1-1d64-4108-8413-9ea3be1c1b2d/operationresults/eyJqb2JJZCI6IlJFU09VUkNFR1JPVVBERUxFVElPTkpPQi02NjA5LUVBU1RVUzIiLCJqb2JMb2NhdGlvbiI6ImVhc3R1czIifQ?api-version=2019-10-01",
      "RequestMethod": "GET",
      "RequestHeaders": {
        "Authorization": "Sanitized",
        "User-Agent": [
          "azsdk-net-ResourceManager.Resources/1.0.0-dev.20200611.1",
          "(.NET Core 4.6.28801.04; Microsoft Windows 10.0.19041 )"
        ],
        "x-ms-client-request-id": "d807feb87dbc5af69ba23bd7d7216af8",
        "x-ms-return-client-request-id": "true"
      },
      "RequestBody": null,
      "StatusCode": 202,
      "ResponseHeaders": {
        "Cache-Control": "no-cache",
        "Content-Length": "0",
        "Date": "Thu, 11 Jun 2020 01:52:01 GMT",
        "Expires": "-1",
        "Location": "https://management.azure.com/subscriptions/b9f138a1-1d64-4108-8413-9ea3be1c1b2d/operationresults/eyJqb2JJZCI6IlJFU09VUkNFR1JPVVBERUxFVElPTkpPQi02NjA5LUVBU1RVUzIiLCJqb2JMb2NhdGlvbiI6ImVhc3R1czIifQ?api-version=2019-10-01",
        "Pragma": "no-cache",
        "Retry-After": "15",
        "Strict-Transport-Security": "max-age=31536000; includeSubDomains",
        "X-Content-Type-Options": "nosniff",
        "x-ms-correlation-request-id": "06c3a4fb-f8f8-46e6-8414-27ac979c518d",
        "x-ms-ratelimit-remaining-subscription-reads": "11801",
        "x-ms-request-id": "06c3a4fb-f8f8-46e6-8414-27ac979c518d",
        "x-ms-routing-request-id": "EASTASIA:20200611T015201Z:06c3a4fb-f8f8-46e6-8414-27ac979c518d"
      },
      "ResponseBody": []
    },
    {
      "RequestUri": "https://management.azure.com/subscriptions/b9f138a1-1d64-4108-8413-9ea3be1c1b2d/operationresults/eyJqb2JJZCI6IlJFU09VUkNFR1JPVVBERUxFVElPTkpPQi02NjA5LUVBU1RVUzIiLCJqb2JMb2NhdGlvbiI6ImVhc3R1czIifQ?api-version=2019-10-01",
      "RequestMethod": "GET",
      "RequestHeaders": {
        "Authorization": "Sanitized",
        "User-Agent": [
          "azsdk-net-ResourceManager.Resources/1.0.0-dev.20200611.1",
          "(.NET Core 4.6.28801.04; Microsoft Windows 10.0.19041 )"
        ],
        "x-ms-client-request-id": "8de3fc10574806db051ffafae81245c6",
        "x-ms-return-client-request-id": "true"
      },
      "RequestBody": null,
      "StatusCode": 202,
      "ResponseHeaders": {
        "Cache-Control": "no-cache",
        "Content-Length": "0",
        "Date": "Thu, 11 Jun 2020 01:52:03 GMT",
        "Expires": "-1",
        "Location": "https://management.azure.com/subscriptions/b9f138a1-1d64-4108-8413-9ea3be1c1b2d/operationresults/eyJqb2JJZCI6IlJFU09VUkNFR1JPVVBERUxFVElPTkpPQi02NjA5LUVBU1RVUzIiLCJqb2JMb2NhdGlvbiI6ImVhc3R1czIifQ?api-version=2019-10-01",
        "Pragma": "no-cache",
        "Retry-After": "15",
        "Strict-Transport-Security": "max-age=31536000; includeSubDomains",
        "X-Content-Type-Options": "nosniff",
        "x-ms-correlation-request-id": "884b4903-29ca-45bc-9728-c7e7fb343548",
        "x-ms-ratelimit-remaining-subscription-reads": "11800",
        "x-ms-request-id": "884b4903-29ca-45bc-9728-c7e7fb343548",
        "x-ms-routing-request-id": "EASTASIA:20200611T015203Z:884b4903-29ca-45bc-9728-c7e7fb343548"
      },
      "ResponseBody": []
    },
    {
      "RequestUri": "https://management.azure.com/subscriptions/b9f138a1-1d64-4108-8413-9ea3be1c1b2d/operationresults/eyJqb2JJZCI6IlJFU09VUkNFR1JPVVBERUxFVElPTkpPQi02NjA5LUVBU1RVUzIiLCJqb2JMb2NhdGlvbiI6ImVhc3R1czIifQ?api-version=2019-10-01",
      "RequestMethod": "GET",
      "RequestHeaders": {
        "Authorization": "Sanitized",
        "User-Agent": [
          "azsdk-net-ResourceManager.Resources/1.0.0-dev.20200611.1",
          "(.NET Core 4.6.28801.04; Microsoft Windows 10.0.19041 )"
        ],
        "x-ms-client-request-id": "42fe104f36f332ffb3b5555292ae45c6",
        "x-ms-return-client-request-id": "true"
      },
      "RequestBody": null,
      "StatusCode": 202,
      "ResponseHeaders": {
        "Cache-Control": "no-cache",
        "Content-Length": "0",
        "Date": "Thu, 11 Jun 2020 01:52:04 GMT",
        "Expires": "-1",
        "Location": "https://management.azure.com/subscriptions/b9f138a1-1d64-4108-8413-9ea3be1c1b2d/operationresults/eyJqb2JJZCI6IlJFU09VUkNFR1JPVVBERUxFVElPTkpPQi02NjA5LUVBU1RVUzIiLCJqb2JMb2NhdGlvbiI6ImVhc3R1czIifQ?api-version=2019-10-01",
        "Pragma": "no-cache",
        "Retry-After": "15",
        "Strict-Transport-Security": "max-age=31536000; includeSubDomains",
        "X-Content-Type-Options": "nosniff",
        "x-ms-correlation-request-id": "4b498cf1-af66-4da8-920d-6ab4401bace8",
        "x-ms-ratelimit-remaining-subscription-reads": "11799",
        "x-ms-request-id": "4b498cf1-af66-4da8-920d-6ab4401bace8",
        "x-ms-routing-request-id": "EASTASIA:20200611T015204Z:4b498cf1-af66-4da8-920d-6ab4401bace8"
      },
      "ResponseBody": []
    },
    {
      "RequestUri": "https://management.azure.com/subscriptions/b9f138a1-1d64-4108-8413-9ea3be1c1b2d/operationresults/eyJqb2JJZCI6IlJFU09VUkNFR1JPVVBERUxFVElPTkpPQi02NjA5LUVBU1RVUzIiLCJqb2JMb2NhdGlvbiI6ImVhc3R1czIifQ?api-version=2019-10-01",
      "RequestMethod": "GET",
      "RequestHeaders": {
        "Authorization": "Sanitized",
        "User-Agent": [
          "azsdk-net-ResourceManager.Resources/1.0.0-dev.20200611.1",
          "(.NET Core 4.6.28801.04; Microsoft Windows 10.0.19041 )"
        ],
        "x-ms-client-request-id": "f12176b356fb600b2300d29c83fc7288",
        "x-ms-return-client-request-id": "true"
      },
      "RequestBody": null,
      "StatusCode": 202,
      "ResponseHeaders": {
        "Cache-Control": "no-cache",
        "Content-Length": "0",
        "Date": "Thu, 11 Jun 2020 01:52:06 GMT",
        "Expires": "-1",
        "Location": "https://management.azure.com/subscriptions/b9f138a1-1d64-4108-8413-9ea3be1c1b2d/operationresults/eyJqb2JJZCI6IlJFU09VUkNFR1JPVVBERUxFVElPTkpPQi02NjA5LUVBU1RVUzIiLCJqb2JMb2NhdGlvbiI6ImVhc3R1czIifQ?api-version=2019-10-01",
        "Pragma": "no-cache",
        "Retry-After": "15",
        "Strict-Transport-Security": "max-age=31536000; includeSubDomains",
        "X-Content-Type-Options": "nosniff",
        "x-ms-correlation-request-id": "b2c98b9b-5bf2-4bad-9397-161fea070777",
        "x-ms-ratelimit-remaining-subscription-reads": "11798",
        "x-ms-request-id": "b2c98b9b-5bf2-4bad-9397-161fea070777",
        "x-ms-routing-request-id": "EASTASIA:20200611T015206Z:b2c98b9b-5bf2-4bad-9397-161fea070777"
      },
      "ResponseBody": []
    },
    {
      "RequestUri": "https://management.azure.com/subscriptions/b9f138a1-1d64-4108-8413-9ea3be1c1b2d/operationresults/eyJqb2JJZCI6IlJFU09VUkNFR1JPVVBERUxFVElPTkpPQi02NjA5LUVBU1RVUzIiLCJqb2JMb2NhdGlvbiI6ImVhc3R1czIifQ?api-version=2019-10-01",
      "RequestMethod": "GET",
      "RequestHeaders": {
        "Authorization": "Sanitized",
        "User-Agent": [
          "azsdk-net-ResourceManager.Resources/1.0.0-dev.20200611.1",
          "(.NET Core 4.6.28801.04; Microsoft Windows 10.0.19041 )"
        ],
        "x-ms-client-request-id": "c788755d2723d904fcb0d99302887456",
        "x-ms-return-client-request-id": "true"
      },
      "RequestBody": null,
      "StatusCode": 202,
      "ResponseHeaders": {
        "Cache-Control": "no-cache",
        "Content-Length": "0",
        "Date": "Thu, 11 Jun 2020 01:52:07 GMT",
        "Expires": "-1",
        "Location": "https://management.azure.com/subscriptions/b9f138a1-1d64-4108-8413-9ea3be1c1b2d/operationresults/eyJqb2JJZCI6IlJFU09VUkNFR1JPVVBERUxFVElPTkpPQi02NjA5LUVBU1RVUzIiLCJqb2JMb2NhdGlvbiI6ImVhc3R1czIifQ?api-version=2019-10-01",
        "Pragma": "no-cache",
        "Retry-After": "15",
        "Strict-Transport-Security": "max-age=31536000; includeSubDomains",
        "X-Content-Type-Options": "nosniff",
        "x-ms-correlation-request-id": "fa6ea3bc-9eeb-42aa-a71b-c568c1e49e7d",
        "x-ms-ratelimit-remaining-subscription-reads": "11797",
        "x-ms-request-id": "fa6ea3bc-9eeb-42aa-a71b-c568c1e49e7d",
        "x-ms-routing-request-id": "EASTASIA:20200611T015207Z:fa6ea3bc-9eeb-42aa-a71b-c568c1e49e7d"
      },
      "ResponseBody": []
    },
    {
      "RequestUri": "https://management.azure.com/subscriptions/b9f138a1-1d64-4108-8413-9ea3be1c1b2d/operationresults/eyJqb2JJZCI6IlJFU09VUkNFR1JPVVBERUxFVElPTkpPQi02NjA5LUVBU1RVUzIiLCJqb2JMb2NhdGlvbiI6ImVhc3R1czIifQ?api-version=2019-10-01",
      "RequestMethod": "GET",
      "RequestHeaders": {
        "Authorization": "Sanitized",
        "User-Agent": [
          "azsdk-net-ResourceManager.Resources/1.0.0-dev.20200611.1",
          "(.NET Core 4.6.28801.04; Microsoft Windows 10.0.19041 )"
        ],
        "x-ms-client-request-id": "714633da53f0f9cb049d1ff26462afb6",
        "x-ms-return-client-request-id": "true"
      },
      "RequestBody": null,
      "StatusCode": 202,
      "ResponseHeaders": {
        "Cache-Control": "no-cache",
        "Content-Length": "0",
        "Date": "Thu, 11 Jun 2020 01:52:09 GMT",
        "Expires": "-1",
        "Location": "https://management.azure.com/subscriptions/b9f138a1-1d64-4108-8413-9ea3be1c1b2d/operationresults/eyJqb2JJZCI6IlJFU09VUkNFR1JPVVBERUxFVElPTkpPQi02NjA5LUVBU1RVUzIiLCJqb2JMb2NhdGlvbiI6ImVhc3R1czIifQ?api-version=2019-10-01",
        "Pragma": "no-cache",
        "Retry-After": "15",
        "Strict-Transport-Security": "max-age=31536000; includeSubDomains",
        "X-Content-Type-Options": "nosniff",
        "x-ms-correlation-request-id": "f92eff51-1037-476c-a1da-ffa255bec33d",
        "x-ms-ratelimit-remaining-subscription-reads": "11796",
        "x-ms-request-id": "f92eff51-1037-476c-a1da-ffa255bec33d",
        "x-ms-routing-request-id": "EASTASIA:20200611T015209Z:f92eff51-1037-476c-a1da-ffa255bec33d"
      },
      "ResponseBody": []
    },
    {
      "RequestUri": "https://management.azure.com/subscriptions/b9f138a1-1d64-4108-8413-9ea3be1c1b2d/operationresults/eyJqb2JJZCI6IlJFU09VUkNFR1JPVVBERUxFVElPTkpPQi02NjA5LUVBU1RVUzIiLCJqb2JMb2NhdGlvbiI6ImVhc3R1czIifQ?api-version=2019-10-01",
      "RequestMethod": "GET",
      "RequestHeaders": {
        "Authorization": "Sanitized",
        "User-Agent": [
          "azsdk-net-ResourceManager.Resources/1.0.0-dev.20200611.1",
          "(.NET Core 4.6.28801.04; Microsoft Windows 10.0.19041 )"
        ],
        "x-ms-client-request-id": "1df5cc437d268ba37247f54a7c775e9a",
        "x-ms-return-client-request-id": "true"
      },
      "RequestBody": null,
      "StatusCode": 202,
      "ResponseHeaders": {
        "Cache-Control": "no-cache",
        "Content-Length": "0",
        "Date": "Thu, 11 Jun 2020 01:52:10 GMT",
        "Expires": "-1",
        "Location": "https://management.azure.com/subscriptions/b9f138a1-1d64-4108-8413-9ea3be1c1b2d/operationresults/eyJqb2JJZCI6IlJFU09VUkNFR1JPVVBERUxFVElPTkpPQi02NjA5LUVBU1RVUzIiLCJqb2JMb2NhdGlvbiI6ImVhc3R1czIifQ?api-version=2019-10-01",
        "Pragma": "no-cache",
        "Retry-After": "15",
        "Strict-Transport-Security": "max-age=31536000; includeSubDomains",
        "X-Content-Type-Options": "nosniff",
        "x-ms-correlation-request-id": "a4fc3007-765e-4e02-82ae-e2eae6174e7f",
        "x-ms-ratelimit-remaining-subscription-reads": "11795",
        "x-ms-request-id": "a4fc3007-765e-4e02-82ae-e2eae6174e7f",
        "x-ms-routing-request-id": "EASTASIA:20200611T015210Z:a4fc3007-765e-4e02-82ae-e2eae6174e7f"
      },
      "ResponseBody": []
    },
    {
      "RequestUri": "https://management.azure.com/subscriptions/b9f138a1-1d64-4108-8413-9ea3be1c1b2d/operationresults/eyJqb2JJZCI6IlJFU09VUkNFR1JPVVBERUxFVElPTkpPQi02NjA5LUVBU1RVUzIiLCJqb2JMb2NhdGlvbiI6ImVhc3R1czIifQ?api-version=2019-10-01",
      "RequestMethod": "GET",
      "RequestHeaders": {
        "Authorization": "Sanitized",
        "User-Agent": [
          "azsdk-net-ResourceManager.Resources/1.0.0-dev.20200611.1",
          "(.NET Core 4.6.28801.04; Microsoft Windows 10.0.19041 )"
        ],
        "x-ms-client-request-id": "4fc17c8c00b60998a98fc38508127599",
        "x-ms-return-client-request-id": "true"
      },
      "RequestBody": null,
      "StatusCode": 202,
      "ResponseHeaders": {
        "Cache-Control": "no-cache",
        "Content-Length": "0",
        "Date": "Thu, 11 Jun 2020 01:52:12 GMT",
        "Expires": "-1",
        "Location": "https://management.azure.com/subscriptions/b9f138a1-1d64-4108-8413-9ea3be1c1b2d/operationresults/eyJqb2JJZCI6IlJFU09VUkNFR1JPVVBERUxFVElPTkpPQi02NjA5LUVBU1RVUzIiLCJqb2JMb2NhdGlvbiI6ImVhc3R1czIifQ?api-version=2019-10-01",
        "Pragma": "no-cache",
        "Retry-After": "15",
        "Strict-Transport-Security": "max-age=31536000; includeSubDomains",
        "X-Content-Type-Options": "nosniff",
        "x-ms-correlation-request-id": "50ddb4c1-3cb4-4db9-948f-d6d8117f8147",
        "x-ms-ratelimit-remaining-subscription-reads": "11794",
        "x-ms-request-id": "50ddb4c1-3cb4-4db9-948f-d6d8117f8147",
        "x-ms-routing-request-id": "EASTASIA:20200611T015212Z:50ddb4c1-3cb4-4db9-948f-d6d8117f8147"
      },
      "ResponseBody": []
    },
    {
      "RequestUri": "https://management.azure.com/subscriptions/b9f138a1-1d64-4108-8413-9ea3be1c1b2d/operationresults/eyJqb2JJZCI6IlJFU09VUkNFR1JPVVBERUxFVElPTkpPQi02NjA5LUVBU1RVUzIiLCJqb2JMb2NhdGlvbiI6ImVhc3R1czIifQ?api-version=2019-10-01",
      "RequestMethod": "GET",
      "RequestHeaders": {
        "Authorization": "Sanitized",
        "User-Agent": [
          "azsdk-net-ResourceManager.Resources/1.0.0-dev.20200611.1",
          "(.NET Core 4.6.28801.04; Microsoft Windows 10.0.19041 )"
        ],
        "x-ms-client-request-id": "3550220156935c3090baffa85e807c8c",
        "x-ms-return-client-request-id": "true"
      },
      "RequestBody": null,
      "StatusCode": 202,
      "ResponseHeaders": {
        "Cache-Control": "no-cache",
        "Content-Length": "0",
        "Date": "Thu, 11 Jun 2020 01:52:13 GMT",
        "Expires": "-1",
        "Location": "https://management.azure.com/subscriptions/b9f138a1-1d64-4108-8413-9ea3be1c1b2d/operationresults/eyJqb2JJZCI6IlJFU09VUkNFR1JPVVBERUxFVElPTkpPQi02NjA5LUVBU1RVUzIiLCJqb2JMb2NhdGlvbiI6ImVhc3R1czIifQ?api-version=2019-10-01",
        "Pragma": "no-cache",
        "Retry-After": "15",
        "Strict-Transport-Security": "max-age=31536000; includeSubDomains",
        "X-Content-Type-Options": "nosniff",
        "x-ms-correlation-request-id": "c95a1794-b1be-4a20-90e8-66dd7a3d28dd",
        "x-ms-ratelimit-remaining-subscription-reads": "11793",
        "x-ms-request-id": "c95a1794-b1be-4a20-90e8-66dd7a3d28dd",
        "x-ms-routing-request-id": "EASTASIA:20200611T015213Z:c95a1794-b1be-4a20-90e8-66dd7a3d28dd"
      },
      "ResponseBody": []
    },
    {
      "RequestUri": "https://management.azure.com/subscriptions/b9f138a1-1d64-4108-8413-9ea3be1c1b2d/operationresults/eyJqb2JJZCI6IlJFU09VUkNFR1JPVVBERUxFVElPTkpPQi02NjA5LUVBU1RVUzIiLCJqb2JMb2NhdGlvbiI6ImVhc3R1czIifQ?api-version=2019-10-01",
      "RequestMethod": "GET",
      "RequestHeaders": {
        "Authorization": "Sanitized",
        "User-Agent": [
          "azsdk-net-ResourceManager.Resources/1.0.0-dev.20200611.1",
          "(.NET Core 4.6.28801.04; Microsoft Windows 10.0.19041 )"
        ],
        "x-ms-client-request-id": "e865843f5fa1420034eb7397ba1d835f",
        "x-ms-return-client-request-id": "true"
      },
      "RequestBody": null,
      "StatusCode": 202,
      "ResponseHeaders": {
        "Cache-Control": "no-cache",
        "Content-Length": "0",
        "Date": "Thu, 11 Jun 2020 01:52:14 GMT",
        "Expires": "-1",
        "Location": "https://management.azure.com/subscriptions/b9f138a1-1d64-4108-8413-9ea3be1c1b2d/operationresults/eyJqb2JJZCI6IlJFU09VUkNFR1JPVVBERUxFVElPTkpPQi02NjA5LUVBU1RVUzIiLCJqb2JMb2NhdGlvbiI6ImVhc3R1czIifQ?api-version=2019-10-01",
        "Pragma": "no-cache",
        "Retry-After": "15",
        "Strict-Transport-Security": "max-age=31536000; includeSubDomains",
        "X-Content-Type-Options": "nosniff",
        "x-ms-correlation-request-id": "cd295042-1aa5-4856-828f-98276c5ce995",
        "x-ms-ratelimit-remaining-subscription-reads": "11792",
        "x-ms-request-id": "cd295042-1aa5-4856-828f-98276c5ce995",
        "x-ms-routing-request-id": "EASTASIA:20200611T015214Z:cd295042-1aa5-4856-828f-98276c5ce995"
      },
      "ResponseBody": []
    },
    {
      "RequestUri": "https://management.azure.com/subscriptions/b9f138a1-1d64-4108-8413-9ea3be1c1b2d/operationresults/eyJqb2JJZCI6IlJFU09VUkNFR1JPVVBERUxFVElPTkpPQi02NjA5LUVBU1RVUzIiLCJqb2JMb2NhdGlvbiI6ImVhc3R1czIifQ?api-version=2019-10-01",
      "RequestMethod": "GET",
      "RequestHeaders": {
        "Authorization": "Sanitized",
        "User-Agent": [
          "azsdk-net-ResourceManager.Resources/1.0.0-dev.20200611.1",
          "(.NET Core 4.6.28801.04; Microsoft Windows 10.0.19041 )"
        ],
        "x-ms-client-request-id": "59495bd2282735074b65bffb01efab29",
        "x-ms-return-client-request-id": "true"
      },
      "RequestBody": null,
      "StatusCode": 202,
      "ResponseHeaders": {
        "Cache-Control": "no-cache",
        "Content-Length": "0",
        "Date": "Thu, 11 Jun 2020 01:52:16 GMT",
        "Expires": "-1",
        "Location": "https://management.azure.com/subscriptions/b9f138a1-1d64-4108-8413-9ea3be1c1b2d/operationresults/eyJqb2JJZCI6IlJFU09VUkNFR1JPVVBERUxFVElPTkpPQi02NjA5LUVBU1RVUzIiLCJqb2JMb2NhdGlvbiI6ImVhc3R1czIifQ?api-version=2019-10-01",
        "Pragma": "no-cache",
        "Retry-After": "15",
        "Strict-Transport-Security": "max-age=31536000; includeSubDomains",
        "X-Content-Type-Options": "nosniff",
        "x-ms-correlation-request-id": "621012fd-dd59-4d0f-95fc-4ef1b39bdb6a",
        "x-ms-ratelimit-remaining-subscription-reads": "11791",
        "x-ms-request-id": "621012fd-dd59-4d0f-95fc-4ef1b39bdb6a",
        "x-ms-routing-request-id": "EASTASIA:20200611T015216Z:621012fd-dd59-4d0f-95fc-4ef1b39bdb6a"
      },
      "ResponseBody": []
    },
    {
      "RequestUri": "https://management.azure.com/subscriptions/b9f138a1-1d64-4108-8413-9ea3be1c1b2d/operationresults/eyJqb2JJZCI6IlJFU09VUkNFR1JPVVBERUxFVElPTkpPQi02NjA5LUVBU1RVUzIiLCJqb2JMb2NhdGlvbiI6ImVhc3R1czIifQ?api-version=2019-10-01",
      "RequestMethod": "GET",
      "RequestHeaders": {
        "Authorization": "Sanitized",
        "User-Agent": [
          "azsdk-net-ResourceManager.Resources/1.0.0-dev.20200611.1",
          "(.NET Core 4.6.28801.04; Microsoft Windows 10.0.19041 )"
        ],
        "x-ms-client-request-id": "844636128daca1f8210e01a7e399a272",
        "x-ms-return-client-request-id": "true"
      },
      "RequestBody": null,
      "StatusCode": 202,
      "ResponseHeaders": {
        "Cache-Control": "no-cache",
        "Content-Length": "0",
        "Date": "Thu, 11 Jun 2020 01:52:17 GMT",
        "Expires": "-1",
        "Location": "https://management.azure.com/subscriptions/b9f138a1-1d64-4108-8413-9ea3be1c1b2d/operationresults/eyJqb2JJZCI6IlJFU09VUkNFR1JPVVBERUxFVElPTkpPQi02NjA5LUVBU1RVUzIiLCJqb2JMb2NhdGlvbiI6ImVhc3R1czIifQ?api-version=2019-10-01",
        "Pragma": "no-cache",
        "Retry-After": "15",
        "Strict-Transport-Security": "max-age=31536000; includeSubDomains",
        "X-Content-Type-Options": "nosniff",
        "x-ms-correlation-request-id": "5dc3ae93-dd1d-4828-bfbd-5e2f1f31819b",
        "x-ms-ratelimit-remaining-subscription-reads": "11790",
        "x-ms-request-id": "5dc3ae93-dd1d-4828-bfbd-5e2f1f31819b",
        "x-ms-routing-request-id": "EASTASIA:20200611T015217Z:5dc3ae93-dd1d-4828-bfbd-5e2f1f31819b"
      },
      "ResponseBody": []
    },
    {
      "RequestUri": "https://management.azure.com/subscriptions/b9f138a1-1d64-4108-8413-9ea3be1c1b2d/operationresults/eyJqb2JJZCI6IlJFU09VUkNFR1JPVVBERUxFVElPTkpPQi02NjA5LUVBU1RVUzIiLCJqb2JMb2NhdGlvbiI6ImVhc3R1czIifQ?api-version=2019-10-01",
      "RequestMethod": "GET",
      "RequestHeaders": {
        "Authorization": "Sanitized",
        "User-Agent": [
          "azsdk-net-ResourceManager.Resources/1.0.0-dev.20200611.1",
          "(.NET Core 4.6.28801.04; Microsoft Windows 10.0.19041 )"
        ],
        "x-ms-client-request-id": "02d69f37233616657c309c3b9f054045",
        "x-ms-return-client-request-id": "true"
      },
      "RequestBody": null,
      "StatusCode": 202,
      "ResponseHeaders": {
        "Cache-Control": "no-cache",
        "Content-Length": "0",
        "Date": "Thu, 11 Jun 2020 01:52:19 GMT",
        "Expires": "-1",
        "Location": "https://management.azure.com/subscriptions/b9f138a1-1d64-4108-8413-9ea3be1c1b2d/operationresults/eyJqb2JJZCI6IlJFU09VUkNFR1JPVVBERUxFVElPTkpPQi02NjA5LUVBU1RVUzIiLCJqb2JMb2NhdGlvbiI6ImVhc3R1czIifQ?api-version=2019-10-01",
        "Pragma": "no-cache",
        "Retry-After": "15",
        "Strict-Transport-Security": "max-age=31536000; includeSubDomains",
        "X-Content-Type-Options": "nosniff",
        "x-ms-correlation-request-id": "52701b67-557b-4850-8adb-cd3d42ec91be",
        "x-ms-ratelimit-remaining-subscription-reads": "11789",
        "x-ms-request-id": "52701b67-557b-4850-8adb-cd3d42ec91be",
        "x-ms-routing-request-id": "EASTASIA:20200611T015219Z:52701b67-557b-4850-8adb-cd3d42ec91be"
      },
      "ResponseBody": []
    },
    {
      "RequestUri": "https://management.azure.com/subscriptions/b9f138a1-1d64-4108-8413-9ea3be1c1b2d/operationresults/eyJqb2JJZCI6IlJFU09VUkNFR1JPVVBERUxFVElPTkpPQi02NjA5LUVBU1RVUzIiLCJqb2JMb2NhdGlvbiI6ImVhc3R1czIifQ?api-version=2019-10-01",
      "RequestMethod": "GET",
      "RequestHeaders": {
        "Authorization": "Sanitized",
        "User-Agent": [
          "azsdk-net-ResourceManager.Resources/1.0.0-dev.20200611.1",
          "(.NET Core 4.6.28801.04; Microsoft Windows 10.0.19041 )"
        ],
        "x-ms-client-request-id": "84844a3fffd744b362a83719275f52b2",
        "x-ms-return-client-request-id": "true"
      },
      "RequestBody": null,
      "StatusCode": 202,
      "ResponseHeaders": {
        "Cache-Control": "no-cache",
        "Content-Length": "0",
        "Date": "Thu, 11 Jun 2020 01:52:20 GMT",
        "Expires": "-1",
        "Location": "https://management.azure.com/subscriptions/b9f138a1-1d64-4108-8413-9ea3be1c1b2d/operationresults/eyJqb2JJZCI6IlJFU09VUkNFR1JPVVBERUxFVElPTkpPQi02NjA5LUVBU1RVUzIiLCJqb2JMb2NhdGlvbiI6ImVhc3R1czIifQ?api-version=2019-10-01",
        "Pragma": "no-cache",
        "Retry-After": "15",
        "Strict-Transport-Security": "max-age=31536000; includeSubDomains",
        "X-Content-Type-Options": "nosniff",
        "x-ms-correlation-request-id": "49b4cb01-d5a6-42ca-b9cc-dd36966971a2",
        "x-ms-ratelimit-remaining-subscription-reads": "11788",
        "x-ms-request-id": "49b4cb01-d5a6-42ca-b9cc-dd36966971a2",
        "x-ms-routing-request-id": "EASTASIA:20200611T015220Z:49b4cb01-d5a6-42ca-b9cc-dd36966971a2"
      },
      "ResponseBody": []
    },
    {
      "RequestUri": "https://management.azure.com/subscriptions/b9f138a1-1d64-4108-8413-9ea3be1c1b2d/operationresults/eyJqb2JJZCI6IlJFU09VUkNFR1JPVVBERUxFVElPTkpPQi02NjA5LUVBU1RVUzIiLCJqb2JMb2NhdGlvbiI6ImVhc3R1czIifQ?api-version=2019-10-01",
      "RequestMethod": "GET",
      "RequestHeaders": {
        "Authorization": "Sanitized",
        "User-Agent": [
          "azsdk-net-ResourceManager.Resources/1.0.0-dev.20200611.1",
          "(.NET Core 4.6.28801.04; Microsoft Windows 10.0.19041 )"
        ],
        "x-ms-client-request-id": "62c44dc2a818eff2d02f077cf1bc011c",
        "x-ms-return-client-request-id": "true"
      },
      "RequestBody": null,
      "StatusCode": 202,
      "ResponseHeaders": {
        "Cache-Control": "no-cache",
        "Content-Length": "0",
        "Date": "Thu, 11 Jun 2020 01:52:21 GMT",
        "Expires": "-1",
        "Location": "https://management.azure.com/subscriptions/b9f138a1-1d64-4108-8413-9ea3be1c1b2d/operationresults/eyJqb2JJZCI6IlJFU09VUkNFR1JPVVBERUxFVElPTkpPQi02NjA5LUVBU1RVUzIiLCJqb2JMb2NhdGlvbiI6ImVhc3R1czIifQ?api-version=2019-10-01",
        "Pragma": "no-cache",
        "Retry-After": "15",
        "Strict-Transport-Security": "max-age=31536000; includeSubDomains",
        "X-Content-Type-Options": "nosniff",
        "x-ms-correlation-request-id": "840bfe2e-d99e-49f7-9854-9b12ab751fff",
        "x-ms-ratelimit-remaining-subscription-reads": "11787",
        "x-ms-request-id": "840bfe2e-d99e-49f7-9854-9b12ab751fff",
        "x-ms-routing-request-id": "EASTASIA:20200611T015222Z:840bfe2e-d99e-49f7-9854-9b12ab751fff"
      },
      "ResponseBody": []
    },
    {
      "RequestUri": "https://management.azure.com/subscriptions/b9f138a1-1d64-4108-8413-9ea3be1c1b2d/operationresults/eyJqb2JJZCI6IlJFU09VUkNFR1JPVVBERUxFVElPTkpPQi02NjA5LUVBU1RVUzIiLCJqb2JMb2NhdGlvbiI6ImVhc3R1czIifQ?api-version=2019-10-01",
      "RequestMethod": "GET",
      "RequestHeaders": {
        "Authorization": "Sanitized",
        "User-Agent": [
          "azsdk-net-ResourceManager.Resources/1.0.0-dev.20200611.1",
          "(.NET Core 4.6.28801.04; Microsoft Windows 10.0.19041 )"
        ],
        "x-ms-client-request-id": "9868bbcd1d14389aeb92a08eeb4cef1d",
        "x-ms-return-client-request-id": "true"
      },
      "RequestBody": null,
      "StatusCode": 202,
      "ResponseHeaders": {
        "Cache-Control": "no-cache",
        "Content-Length": "0",
        "Date": "Thu, 11 Jun 2020 01:52:23 GMT",
        "Expires": "-1",
        "Location": "https://management.azure.com/subscriptions/b9f138a1-1d64-4108-8413-9ea3be1c1b2d/operationresults/eyJqb2JJZCI6IlJFU09VUkNFR1JPVVBERUxFVElPTkpPQi02NjA5LUVBU1RVUzIiLCJqb2JMb2NhdGlvbiI6ImVhc3R1czIifQ?api-version=2019-10-01",
        "Pragma": "no-cache",
        "Retry-After": "15",
        "Strict-Transport-Security": "max-age=31536000; includeSubDomains",
        "X-Content-Type-Options": "nosniff",
        "x-ms-correlation-request-id": "d53823cb-0b74-448f-b48a-ba8620f9a24f",
        "x-ms-ratelimit-remaining-subscription-reads": "11786",
        "x-ms-request-id": "d53823cb-0b74-448f-b48a-ba8620f9a24f",
        "x-ms-routing-request-id": "EASTASIA:20200611T015223Z:d53823cb-0b74-448f-b48a-ba8620f9a24f"
      },
      "ResponseBody": []
    },
    {
      "RequestUri": "https://management.azure.com/subscriptions/b9f138a1-1d64-4108-8413-9ea3be1c1b2d/operationresults/eyJqb2JJZCI6IlJFU09VUkNFR1JPVVBERUxFVElPTkpPQi02NjA5LUVBU1RVUzIiLCJqb2JMb2NhdGlvbiI6ImVhc3R1czIifQ?api-version=2019-10-01",
      "RequestMethod": "GET",
      "RequestHeaders": {
        "Authorization": "Sanitized",
        "User-Agent": [
          "azsdk-net-ResourceManager.Resources/1.0.0-dev.20200611.1",
          "(.NET Core 4.6.28801.04; Microsoft Windows 10.0.19041 )"
        ],
        "x-ms-client-request-id": "5278e9ddde40962c5895b3a8f73753a5",
        "x-ms-return-client-request-id": "true"
      },
      "RequestBody": null,
      "StatusCode": 202,
      "ResponseHeaders": {
        "Cache-Control": "no-cache",
        "Content-Length": "0",
        "Date": "Thu, 11 Jun 2020 01:52:24 GMT",
        "Expires": "-1",
        "Location": "https://management.azure.com/subscriptions/b9f138a1-1d64-4108-8413-9ea3be1c1b2d/operationresults/eyJqb2JJZCI6IlJFU09VUkNFR1JPVVBERUxFVElPTkpPQi02NjA5LUVBU1RVUzIiLCJqb2JMb2NhdGlvbiI6ImVhc3R1czIifQ?api-version=2019-10-01",
        "Pragma": "no-cache",
        "Retry-After": "15",
        "Strict-Transport-Security": "max-age=31536000; includeSubDomains",
        "X-Content-Type-Options": "nosniff",
        "x-ms-correlation-request-id": "dfef08bf-6e33-4196-8a54-70adc401d5b1",
        "x-ms-ratelimit-remaining-subscription-reads": "11785",
        "x-ms-request-id": "dfef08bf-6e33-4196-8a54-70adc401d5b1",
        "x-ms-routing-request-id": "EASTASIA:20200611T015225Z:dfef08bf-6e33-4196-8a54-70adc401d5b1"
      },
      "ResponseBody": []
    },
    {
      "RequestUri": "https://management.azure.com/subscriptions/b9f138a1-1d64-4108-8413-9ea3be1c1b2d/operationresults/eyJqb2JJZCI6IlJFU09VUkNFR1JPVVBERUxFVElPTkpPQi02NjA5LUVBU1RVUzIiLCJqb2JMb2NhdGlvbiI6ImVhc3R1czIifQ?api-version=2019-10-01",
      "RequestMethod": "GET",
      "RequestHeaders": {
        "Authorization": "Sanitized",
        "User-Agent": [
          "azsdk-net-ResourceManager.Resources/1.0.0-dev.20200611.1",
          "(.NET Core 4.6.28801.04; Microsoft Windows 10.0.19041 )"
        ],
        "x-ms-client-request-id": "6b4b1ba6b9f7a49eb38c768608630484",
        "x-ms-return-client-request-id": "true"
      },
      "RequestBody": null,
      "StatusCode": 202,
      "ResponseHeaders": {
        "Cache-Control": "no-cache",
        "Content-Length": "0",
        "Date": "Thu, 11 Jun 2020 01:52:26 GMT",
        "Expires": "-1",
        "Location": "https://management.azure.com/subscriptions/b9f138a1-1d64-4108-8413-9ea3be1c1b2d/operationresults/eyJqb2JJZCI6IlJFU09VUkNFR1JPVVBERUxFVElPTkpPQi02NjA5LUVBU1RVUzIiLCJqb2JMb2NhdGlvbiI6ImVhc3R1czIifQ?api-version=2019-10-01",
        "Pragma": "no-cache",
        "Retry-After": "15",
        "Strict-Transport-Security": "max-age=31536000; includeSubDomains",
        "X-Content-Type-Options": "nosniff",
        "x-ms-correlation-request-id": "2e88cd3b-5ea1-4eee-82a7-7dd692d0513e",
        "x-ms-ratelimit-remaining-subscription-reads": "11784",
        "x-ms-request-id": "2e88cd3b-5ea1-4eee-82a7-7dd692d0513e",
        "x-ms-routing-request-id": "EASTASIA:20200611T015226Z:2e88cd3b-5ea1-4eee-82a7-7dd692d0513e"
      },
      "ResponseBody": []
    },
    {
      "RequestUri": "https://management.azure.com/subscriptions/b9f138a1-1d64-4108-8413-9ea3be1c1b2d/operationresults/eyJqb2JJZCI6IlJFU09VUkNFR1JPVVBERUxFVElPTkpPQi02NjA5LUVBU1RVUzIiLCJqb2JMb2NhdGlvbiI6ImVhc3R1czIifQ?api-version=2019-10-01",
      "RequestMethod": "GET",
      "RequestHeaders": {
        "Authorization": "Sanitized",
        "User-Agent": [
          "azsdk-net-ResourceManager.Resources/1.0.0-dev.20200611.1",
          "(.NET Core 4.6.28801.04; Microsoft Windows 10.0.19041 )"
        ],
        "x-ms-client-request-id": "079eea40af43eedb8fd1407e6af140b4",
        "x-ms-return-client-request-id": "true"
      },
      "RequestBody": null,
      "StatusCode": 202,
      "ResponseHeaders": {
        "Cache-Control": "no-cache",
        "Content-Length": "0",
        "Date": "Thu, 11 Jun 2020 01:52:27 GMT",
        "Expires": "-1",
        "Location": "https://management.azure.com/subscriptions/b9f138a1-1d64-4108-8413-9ea3be1c1b2d/operationresults/eyJqb2JJZCI6IlJFU09VUkNFR1JPVVBERUxFVElPTkpPQi02NjA5LUVBU1RVUzIiLCJqb2JMb2NhdGlvbiI6ImVhc3R1czIifQ?api-version=2019-10-01",
        "Pragma": "no-cache",
        "Retry-After": "15",
        "Strict-Transport-Security": "max-age=31536000; includeSubDomains",
        "X-Content-Type-Options": "nosniff",
        "x-ms-correlation-request-id": "312ffab0-c326-4e77-a7e1-70d05b5de60d",
        "x-ms-ratelimit-remaining-subscription-reads": "11783",
        "x-ms-request-id": "312ffab0-c326-4e77-a7e1-70d05b5de60d",
        "x-ms-routing-request-id": "EASTASIA:20200611T015228Z:312ffab0-c326-4e77-a7e1-70d05b5de60d"
      },
      "ResponseBody": []
    },
    {
      "RequestUri": "https://management.azure.com/subscriptions/b9f138a1-1d64-4108-8413-9ea3be1c1b2d/operationresults/eyJqb2JJZCI6IlJFU09VUkNFR1JPVVBERUxFVElPTkpPQi02NjA5LUVBU1RVUzIiLCJqb2JMb2NhdGlvbiI6ImVhc3R1czIifQ?api-version=2019-10-01",
      "RequestMethod": "GET",
      "RequestHeaders": {
        "Authorization": "Sanitized",
        "User-Agent": [
          "azsdk-net-ResourceManager.Resources/1.0.0-dev.20200611.1",
          "(.NET Core 4.6.28801.04; Microsoft Windows 10.0.19041 )"
        ],
        "x-ms-client-request-id": "cfe8fa3f830023254bd39eb468a68ef4",
        "x-ms-return-client-request-id": "true"
      },
      "RequestBody": null,
      "StatusCode": 202,
      "ResponseHeaders": {
        "Cache-Control": "no-cache",
        "Content-Length": "0",
        "Date": "Thu, 11 Jun 2020 01:52:29 GMT",
        "Expires": "-1",
        "Location": "https://management.azure.com/subscriptions/b9f138a1-1d64-4108-8413-9ea3be1c1b2d/operationresults/eyJqb2JJZCI6IlJFU09VUkNFR1JPVVBERUxFVElPTkpPQi02NjA5LUVBU1RVUzIiLCJqb2JMb2NhdGlvbiI6ImVhc3R1czIifQ?api-version=2019-10-01",
        "Pragma": "no-cache",
        "Retry-After": "15",
        "Strict-Transport-Security": "max-age=31536000; includeSubDomains",
        "X-Content-Type-Options": "nosniff",
        "x-ms-correlation-request-id": "a060e2f5-130f-47b2-84b3-2e9732bc781f",
        "x-ms-ratelimit-remaining-subscription-reads": "11782",
        "x-ms-request-id": "a060e2f5-130f-47b2-84b3-2e9732bc781f",
        "x-ms-routing-request-id": "EASTASIA:20200611T015229Z:a060e2f5-130f-47b2-84b3-2e9732bc781f"
      },
      "ResponseBody": []
    },
    {
      "RequestUri": "https://management.azure.com/subscriptions/b9f138a1-1d64-4108-8413-9ea3be1c1b2d/operationresults/eyJqb2JJZCI6IlJFU09VUkNFR1JPVVBERUxFVElPTkpPQi02NjA5LUVBU1RVUzIiLCJqb2JMb2NhdGlvbiI6ImVhc3R1czIifQ?api-version=2019-10-01",
      "RequestMethod": "GET",
      "RequestHeaders": {
        "Authorization": "Sanitized",
        "User-Agent": [
          "azsdk-net-ResourceManager.Resources/1.0.0-dev.20200611.1",
          "(.NET Core 4.6.28801.04; Microsoft Windows 10.0.19041 )"
        ],
        "x-ms-client-request-id": "0d682e914b98f661405cdc26791f3ac1",
        "x-ms-return-client-request-id": "true"
      },
      "RequestBody": null,
      "StatusCode": 202,
      "ResponseHeaders": {
        "Cache-Control": "no-cache",
        "Content-Length": "0",
        "Date": "Thu, 11 Jun 2020 01:52:30 GMT",
        "Expires": "-1",
        "Location": "https://management.azure.com/subscriptions/b9f138a1-1d64-4108-8413-9ea3be1c1b2d/operationresults/eyJqb2JJZCI6IlJFU09VUkNFR1JPVVBERUxFVElPTkpPQi02NjA5LUVBU1RVUzIiLCJqb2JMb2NhdGlvbiI6ImVhc3R1czIifQ?api-version=2019-10-01",
        "Pragma": "no-cache",
        "Retry-After": "15",
        "Strict-Transport-Security": "max-age=31536000; includeSubDomains",
        "X-Content-Type-Options": "nosniff",
        "x-ms-correlation-request-id": "45e85996-9390-47bb-b8cb-55f38f78623d",
        "x-ms-ratelimit-remaining-subscription-reads": "11781",
        "x-ms-request-id": "45e85996-9390-47bb-b8cb-55f38f78623d",
        "x-ms-routing-request-id": "EASTASIA:20200611T015230Z:45e85996-9390-47bb-b8cb-55f38f78623d"
      },
      "ResponseBody": []
    },
    {
      "RequestUri": "https://management.azure.com/subscriptions/b9f138a1-1d64-4108-8413-9ea3be1c1b2d/operationresults/eyJqb2JJZCI6IlJFU09VUkNFR1JPVVBERUxFVElPTkpPQi02NjA5LUVBU1RVUzIiLCJqb2JMb2NhdGlvbiI6ImVhc3R1czIifQ?api-version=2019-10-01",
      "RequestMethod": "GET",
      "RequestHeaders": {
        "Authorization": "Sanitized",
        "User-Agent": [
          "azsdk-net-ResourceManager.Resources/1.0.0-dev.20200611.1",
          "(.NET Core 4.6.28801.04; Microsoft Windows 10.0.19041 )"
        ],
        "x-ms-client-request-id": "0d47c14b347bbc83c47bbb70112686e8",
        "x-ms-return-client-request-id": "true"
      },
      "RequestBody": null,
      "StatusCode": 202,
      "ResponseHeaders": {
        "Cache-Control": "no-cache",
        "Content-Length": "0",
        "Date": "Thu, 11 Jun 2020 01:52:31 GMT",
        "Expires": "-1",
        "Location": "https://management.azure.com/subscriptions/b9f138a1-1d64-4108-8413-9ea3be1c1b2d/operationresults/eyJqb2JJZCI6IlJFU09VUkNFR1JPVVBERUxFVElPTkpPQi02NjA5LUVBU1RVUzIiLCJqb2JMb2NhdGlvbiI6ImVhc3R1czIifQ?api-version=2019-10-01",
        "Pragma": "no-cache",
        "Retry-After": "15",
        "Strict-Transport-Security": "max-age=31536000; includeSubDomains",
        "X-Content-Type-Options": "nosniff",
        "x-ms-correlation-request-id": "aedd430b-129e-4c7c-aa17-f3af80d33fac",
        "x-ms-ratelimit-remaining-subscription-reads": "11780",
        "x-ms-request-id": "aedd430b-129e-4c7c-aa17-f3af80d33fac",
        "x-ms-routing-request-id": "EASTASIA:20200611T015232Z:aedd430b-129e-4c7c-aa17-f3af80d33fac"
      },
      "ResponseBody": []
    },
    {
      "RequestUri": "https://management.azure.com/subscriptions/b9f138a1-1d64-4108-8413-9ea3be1c1b2d/operationresults/eyJqb2JJZCI6IlJFU09VUkNFR1JPVVBERUxFVElPTkpPQi02NjA5LUVBU1RVUzIiLCJqb2JMb2NhdGlvbiI6ImVhc3R1czIifQ?api-version=2019-10-01",
      "RequestMethod": "GET",
      "RequestHeaders": {
        "Authorization": "Sanitized",
        "User-Agent": [
          "azsdk-net-ResourceManager.Resources/1.0.0-dev.20200611.1",
          "(.NET Core 4.6.28801.04; Microsoft Windows 10.0.19041 )"
        ],
        "x-ms-client-request-id": "3bec4b423289f31c99f18fa3a6ffa92b",
        "x-ms-return-client-request-id": "true"
      },
      "RequestBody": null,
      "StatusCode": 202,
      "ResponseHeaders": {
        "Cache-Control": "no-cache",
        "Content-Length": "0",
        "Date": "Thu, 11 Jun 2020 01:52:33 GMT",
        "Expires": "-1",
        "Location": "https://management.azure.com/subscriptions/b9f138a1-1d64-4108-8413-9ea3be1c1b2d/operationresults/eyJqb2JJZCI6IlJFU09VUkNFR1JPVVBERUxFVElPTkpPQi02NjA5LUVBU1RVUzIiLCJqb2JMb2NhdGlvbiI6ImVhc3R1czIifQ?api-version=2019-10-01",
        "Pragma": "no-cache",
        "Retry-After": "15",
        "Strict-Transport-Security": "max-age=31536000; includeSubDomains",
        "X-Content-Type-Options": "nosniff",
        "x-ms-correlation-request-id": "e26631a1-1fe7-4c62-a1e4-f8e1992a960d",
        "x-ms-ratelimit-remaining-subscription-reads": "11779",
        "x-ms-request-id": "e26631a1-1fe7-4c62-a1e4-f8e1992a960d",
        "x-ms-routing-request-id": "EASTASIA:20200611T015233Z:e26631a1-1fe7-4c62-a1e4-f8e1992a960d"
      },
      "ResponseBody": []
    },
    {
      "RequestUri": "https://management.azure.com/subscriptions/b9f138a1-1d64-4108-8413-9ea3be1c1b2d/operationresults/eyJqb2JJZCI6IlJFU09VUkNFR1JPVVBERUxFVElPTkpPQi02NjA5LUVBU1RVUzIiLCJqb2JMb2NhdGlvbiI6ImVhc3R1czIifQ?api-version=2019-10-01",
      "RequestMethod": "GET",
      "RequestHeaders": {
        "Authorization": "Sanitized",
        "User-Agent": [
          "azsdk-net-ResourceManager.Resources/1.0.0-dev.20200611.1",
          "(.NET Core 4.6.28801.04; Microsoft Windows 10.0.19041 )"
        ],
        "x-ms-client-request-id": "a668dd99805f5c79abab491c90f1e519",
        "x-ms-return-client-request-id": "true"
      },
      "RequestBody": null,
      "StatusCode": 202,
      "ResponseHeaders": {
        "Cache-Control": "no-cache",
        "Content-Length": "0",
        "Date": "Thu, 11 Jun 2020 01:52:34 GMT",
        "Expires": "-1",
        "Location": "https://management.azure.com/subscriptions/b9f138a1-1d64-4108-8413-9ea3be1c1b2d/operationresults/eyJqb2JJZCI6IlJFU09VUkNFR1JPVVBERUxFVElPTkpPQi02NjA5LUVBU1RVUzIiLCJqb2JMb2NhdGlvbiI6ImVhc3R1czIifQ?api-version=2019-10-01",
        "Pragma": "no-cache",
        "Retry-After": "15",
        "Strict-Transport-Security": "max-age=31536000; includeSubDomains",
        "X-Content-Type-Options": "nosniff",
        "x-ms-correlation-request-id": "b8362fe0-bc1e-4797-9146-8045c2f17fcc",
        "x-ms-ratelimit-remaining-subscription-reads": "11778",
        "x-ms-request-id": "b8362fe0-bc1e-4797-9146-8045c2f17fcc",
        "x-ms-routing-request-id": "EASTASIA:20200611T015235Z:b8362fe0-bc1e-4797-9146-8045c2f17fcc"
      },
      "ResponseBody": []
    },
    {
      "RequestUri": "https://management.azure.com/subscriptions/b9f138a1-1d64-4108-8413-9ea3be1c1b2d/operationresults/eyJqb2JJZCI6IlJFU09VUkNFR1JPVVBERUxFVElPTkpPQi02NjA5LUVBU1RVUzIiLCJqb2JMb2NhdGlvbiI6ImVhc3R1czIifQ?api-version=2019-10-01",
      "RequestMethod": "GET",
      "RequestHeaders": {
        "Authorization": "Sanitized",
        "User-Agent": [
          "azsdk-net-ResourceManager.Resources/1.0.0-dev.20200611.1",
          "(.NET Core 4.6.28801.04; Microsoft Windows 10.0.19041 )"
        ],
        "x-ms-client-request-id": "2ee3f3d6fe321937a453748aa5e016c5",
        "x-ms-return-client-request-id": "true"
      },
      "RequestBody": null,
      "StatusCode": 202,
      "ResponseHeaders": {
        "Cache-Control": "no-cache",
        "Content-Length": "0",
        "Date": "Thu, 11 Jun 2020 01:52:36 GMT",
        "Expires": "-1",
        "Location": "https://management.azure.com/subscriptions/b9f138a1-1d64-4108-8413-9ea3be1c1b2d/operationresults/eyJqb2JJZCI6IlJFU09VUkNFR1JPVVBERUxFVElPTkpPQi02NjA5LUVBU1RVUzIiLCJqb2JMb2NhdGlvbiI6ImVhc3R1czIifQ?api-version=2019-10-01",
        "Pragma": "no-cache",
        "Retry-After": "15",
        "Strict-Transport-Security": "max-age=31536000; includeSubDomains",
        "X-Content-Type-Options": "nosniff",
        "x-ms-correlation-request-id": "20f9e323-f3c7-438b-853a-ef3e4788b2ea",
        "x-ms-ratelimit-remaining-subscription-reads": "11777",
        "x-ms-request-id": "20f9e323-f3c7-438b-853a-ef3e4788b2ea",
        "x-ms-routing-request-id": "EASTASIA:20200611T015236Z:20f9e323-f3c7-438b-853a-ef3e4788b2ea"
      },
      "ResponseBody": []
    },
    {
      "RequestUri": "https://management.azure.com/subscriptions/b9f138a1-1d64-4108-8413-9ea3be1c1b2d/operationresults/eyJqb2JJZCI6IlJFU09VUkNFR1JPVVBERUxFVElPTkpPQi02NjA5LUVBU1RVUzIiLCJqb2JMb2NhdGlvbiI6ImVhc3R1czIifQ?api-version=2019-10-01",
      "RequestMethod": "GET",
      "RequestHeaders": {
        "Authorization": "Sanitized",
        "User-Agent": [
          "azsdk-net-ResourceManager.Resources/1.0.0-dev.20200611.1",
          "(.NET Core 4.6.28801.04; Microsoft Windows 10.0.19041 )"
        ],
        "x-ms-client-request-id": "34d690d1dfbdc189d29090dee9ff63a7",
        "x-ms-return-client-request-id": "true"
      },
      "RequestBody": null,
      "StatusCode": 202,
      "ResponseHeaders": {
        "Cache-Control": "no-cache",
        "Content-Length": "0",
        "Date": "Thu, 11 Jun 2020 01:52:37 GMT",
        "Expires": "-1",
        "Location": "https://management.azure.com/subscriptions/b9f138a1-1d64-4108-8413-9ea3be1c1b2d/operationresults/eyJqb2JJZCI6IlJFU09VUkNFR1JPVVBERUxFVElPTkpPQi02NjA5LUVBU1RVUzIiLCJqb2JMb2NhdGlvbiI6ImVhc3R1czIifQ?api-version=2019-10-01",
        "Pragma": "no-cache",
        "Retry-After": "15",
        "Strict-Transport-Security": "max-age=31536000; includeSubDomains",
        "X-Content-Type-Options": "nosniff",
        "x-ms-correlation-request-id": "3ee33e1b-14a7-40e7-8cf9-35498fa2f69c",
        "x-ms-ratelimit-remaining-subscription-reads": "11776",
        "x-ms-request-id": "3ee33e1b-14a7-40e7-8cf9-35498fa2f69c",
        "x-ms-routing-request-id": "EASTASIA:20200611T015238Z:3ee33e1b-14a7-40e7-8cf9-35498fa2f69c"
      },
      "ResponseBody": []
    },
    {
      "RequestUri": "https://management.azure.com/subscriptions/b9f138a1-1d64-4108-8413-9ea3be1c1b2d/operationresults/eyJqb2JJZCI6IlJFU09VUkNFR1JPVVBERUxFVElPTkpPQi02NjA5LUVBU1RVUzIiLCJqb2JMb2NhdGlvbiI6ImVhc3R1czIifQ?api-version=2019-10-01",
      "RequestMethod": "GET",
      "RequestHeaders": {
        "Authorization": "Sanitized",
        "User-Agent": [
          "azsdk-net-ResourceManager.Resources/1.0.0-dev.20200611.1",
          "(.NET Core 4.6.28801.04; Microsoft Windows 10.0.19041 )"
        ],
        "x-ms-client-request-id": "b2cd760b7b1b9af8a54f020b0cefb7ca",
        "x-ms-return-client-request-id": "true"
      },
      "RequestBody": null,
      "StatusCode": 202,
      "ResponseHeaders": {
        "Cache-Control": "no-cache",
        "Content-Length": "0",
        "Date": "Thu, 11 Jun 2020 01:52:39 GMT",
        "Expires": "-1",
        "Location": "https://management.azure.com/subscriptions/b9f138a1-1d64-4108-8413-9ea3be1c1b2d/operationresults/eyJqb2JJZCI6IlJFU09VUkNFR1JPVVBERUxFVElPTkpPQi02NjA5LUVBU1RVUzIiLCJqb2JMb2NhdGlvbiI6ImVhc3R1czIifQ?api-version=2019-10-01",
        "Pragma": "no-cache",
        "Retry-After": "15",
        "Strict-Transport-Security": "max-age=31536000; includeSubDomains",
        "X-Content-Type-Options": "nosniff",
        "x-ms-correlation-request-id": "c7df9929-d754-4516-bed0-f6bc2d49730d",
        "x-ms-ratelimit-remaining-subscription-reads": "11775",
        "x-ms-request-id": "c7df9929-d754-4516-bed0-f6bc2d49730d",
        "x-ms-routing-request-id": "EASTASIA:20200611T015239Z:c7df9929-d754-4516-bed0-f6bc2d49730d"
      },
      "ResponseBody": []
    },
    {
      "RequestUri": "https://management.azure.com/subscriptions/b9f138a1-1d64-4108-8413-9ea3be1c1b2d/operationresults/eyJqb2JJZCI6IlJFU09VUkNFR1JPVVBERUxFVElPTkpPQi02NjA5LUVBU1RVUzIiLCJqb2JMb2NhdGlvbiI6ImVhc3R1czIifQ?api-version=2019-10-01",
      "RequestMethod": "GET",
      "RequestHeaders": {
        "Authorization": "Sanitized",
        "User-Agent": [
          "azsdk-net-ResourceManager.Resources/1.0.0-dev.20200611.1",
          "(.NET Core 4.6.28801.04; Microsoft Windows 10.0.19041 )"
        ],
        "x-ms-client-request-id": "004b8495b11bf65b6a215ca26e592fa4",
        "x-ms-return-client-request-id": "true"
      },
      "RequestBody": null,
      "StatusCode": 200,
      "ResponseHeaders": {
        "Cache-Control": "no-cache",
        "Content-Length": "0",
        "Date": "Thu, 11 Jun 2020 01:52:40 GMT",
        "Expires": "-1",
        "Pragma": "no-cache",
        "Strict-Transport-Security": "max-age=31536000; includeSubDomains",
        "X-Content-Type-Options": "nosniff",
        "x-ms-correlation-request-id": "78c5fdf5-6379-43fe-967d-0789f6ab0f41",
        "x-ms-ratelimit-remaining-subscription-reads": "11774",
        "x-ms-request-id": "78c5fdf5-6379-43fe-967d-0789f6ab0f41",
        "x-ms-routing-request-id": "EASTASIA:20200611T015241Z:78c5fdf5-6379-43fe-967d-0789f6ab0f41"
      },
      "ResponseBody": []
    }
  ],
  "Variables": {
    "RandomSeed": "691695345",
    "SUBSCRIPTION_ID": "b9f138a1-1d64-4108-8413-9ea3be1c1b2d"
  }
}