{
  "Entries": [
    {
      "RequestUri": "/subscriptions/24fb23e3-6ba3-41f0-9b6e-e41131d5d61e/providers/Microsoft.Compute/locations/SoutheastAsia/publishers/MicrosoftWindowsServer/artifacttypes/vmimage/offers/WindowsServer/skus/2012-R2-Datacenter/versions?$top=1&api-version=2018-04-01",
      "EncodedRequestUri": "L3N1YnNjcmlwdGlvbnMvMjRmYjIzZTMtNmJhMy00MWYwLTliNmUtZTQxMTMxZDVkNjFlL3Byb3ZpZGVycy9NaWNyb3NvZnQuQ29tcHV0ZS9sb2NhdGlvbnMvU291dGhlYXN0QXNpYS9wdWJsaXNoZXJzL01pY3Jvc29mdFdpbmRvd3NTZXJ2ZXIvYXJ0aWZhY3R0eXBlcy92bWltYWdlL29mZmVycy9XaW5kb3dzU2VydmVyL3NrdXMvMjAxMi1SMi1EYXRhY2VudGVyL3ZlcnNpb25zPyR0b3A9MSZhcGktdmVyc2lvbj0yMDE4LTA0LTAx",
      "RequestMethod": "GET",
      "RequestBody": "",
      "RequestHeaders": {
        "x-ms-client-request-id": [
          "c64b6bb9-c116-4504-b696-c04c8d4156af"
        ],
        "accept-language": [
          "en-US"
        ],
        "User-Agent": [
          "FxVersion/4.6.25714.03",
          "Microsoft.Azure.Management.Compute.ComputeManagementClient/18.0.0.0"
        ]
      },
      "ResponseBody": "[\r\n  {\r\n    \"location\": \"southeastasia\",\r\n    \"name\": \"4.127.20170406\",\r\n    \"id\": \"/Subscriptions/24fb23e3-6ba3-41f0-9b6e-e41131d5d61e/Providers/Microsoft.Compute/Locations/southeastasia/Publishers/MicrosoftWindowsServer/ArtifactTypes/VMImage/Offers/WindowsServer/Skus/2012-R2-Datacenter/Versions/4.127.20170406\"\r\n  }\r\n]",
      "ResponseHeaders": {
        "Content-Type": [
          "application/json; charset=utf-8"
        ],
        "Expires": [
          "-1"
        ],
        "Cache-Control": [
          "no-cache"
        ],
        "Date": [
          "Thu, 03 May 2018 17:52:07 GMT"
        ],
        "Pragma": [
          "no-cache"
        ],
        "Transfer-Encoding": [
          "chunked"
        ],
        "Server": [
          "Microsoft-HTTPAPI/2.0",
          "Microsoft-HTTPAPI/2.0"
        ],
        "Vary": [
          "Accept-Encoding"
        ],
        "Strict-Transport-Security": [
          "max-age=31536000; includeSubDomains"
        ],
        "x-ms-served-by": [
          "9fc414ea-410e-4600-9f7c-71bc36416f3f_131698365983840278"
        ],
        "x-ms-request-id": [
          "b665cbd6-09ce-4b48-819a-f5d8685eb3c6"
        ],
        "x-ms-ratelimit-remaining-subscription-reads": [
          "14997"
        ],
        "x-ms-correlation-request-id": [
          "cc22af17-0b99-4136-95ce-5b302b13eb60"
        ],
        "x-ms-routing-request-id": [
          "WESTUS2:20180503T175208Z:cc22af17-0b99-4136-95ce-5b302b13eb60"
        ],
        "X-Content-Type-Options": [
          "nosniff"
        ]
      },
      "StatusCode": 200
    },
    {
      "RequestUri": "/subscriptions/24fb23e3-6ba3-41f0-9b6e-e41131d5d61e/resourcegroups/crptestar5786?api-version=2017-05-10",
      "EncodedRequestUri": "L3N1YnNjcmlwdGlvbnMvMjRmYjIzZTMtNmJhMy00MWYwLTliNmUtZTQxMTMxZDVkNjFlL3Jlc291cmNlZ3JvdXBzL2NycHRlc3RhcjU3ODY/YXBpLXZlcnNpb249MjAxNy0wNS0xMA==",
      "RequestMethod": "PUT",
      "RequestBody": "{\r\n  \"location\": \"SoutheastAsia\",\r\n  \"tags\": {\r\n    \"crptestar5786\": \"2018-05-03 17:52:08Z\"\r\n  }\r\n}",
      "RequestHeaders": {
        "Content-Type": [
          "application/json; charset=utf-8"
        ],
        "Content-Length": [
          "99"
        ],
        "x-ms-client-request-id": [
          "6ddd5399-b133-43c0-931a-54e88a3bc739"
        ],
        "accept-language": [
          "en-US"
        ],
        "User-Agent": [
          "FxVersion/4.6.25714.03",
          "Microsoft.Azure.Management.ResourceManager.ResourceManagementClient/1.6.0.0"
        ]
      },
      "ResponseBody": "{\r\n  \"id\": \"/subscriptions/24fb23e3-6ba3-41f0-9b6e-e41131d5d61e/resourceGroups/crptestar5786\",\r\n  \"name\": \"crptestar5786\",\r\n  \"location\": \"southeastasia\",\r\n  \"tags\": {\r\n    \"crptestar5786\": \"2018-05-03 17:52:08Z\"\r\n  },\r\n  \"properties\": {\r\n    \"provisioningState\": \"Succeeded\"\r\n  }\r\n}",
      "ResponseHeaders": {
        "Content-Length": [
          "234"
        ],
        "Content-Type": [
          "application/json; charset=utf-8"
        ],
        "Expires": [
          "-1"
        ],
        "Cache-Control": [
          "no-cache"
        ],
        "Date": [
          "Thu, 03 May 2018 17:52:11 GMT"
        ],
        "Pragma": [
          "no-cache"
        ],
        "x-ms-ratelimit-remaining-subscription-writes": [
          "1199"
        ],
        "x-ms-request-id": [
          "42fb80bd-29f8-4909-99da-5b9151803b9d"
        ],
        "x-ms-correlation-request-id": [
          "42fb80bd-29f8-4909-99da-5b9151803b9d"
        ],
        "x-ms-routing-request-id": [
          "WESTUS2:20180503T175211Z:42fb80bd-29f8-4909-99da-5b9151803b9d"
        ],
        "Strict-Transport-Security": [
          "max-age=31536000; includeSubDomains"
        ],
        "X-Content-Type-Options": [
          "nosniff"
        ]
      },
      "StatusCode": 201
    },
    {
      "RequestUri": "/subscriptions/24fb23e3-6ba3-41f0-9b6e-e41131d5d61e/resourcegroups/crptestar5786?api-version=2017-05-10",
      "EncodedRequestUri": "L3N1YnNjcmlwdGlvbnMvMjRmYjIzZTMtNmJhMy00MWYwLTliNmUtZTQxMTMxZDVkNjFlL3Jlc291cmNlZ3JvdXBzL2NycHRlc3RhcjU3ODY/YXBpLXZlcnNpb249MjAxNy0wNS0xMA==",
      "RequestMethod": "PUT",
      "RequestBody": "{\r\n  \"location\": \"SoutheastAsia\",\r\n  \"tags\": {\r\n    \"crptestar5786\": \"2018-05-03 17:53:01Z\"\r\n  }\r\n}",
      "RequestHeaders": {
        "Content-Type": [
          "application/json; charset=utf-8"
        ],
        "Content-Length": [
          "99"
        ],
        "x-ms-client-request-id": [
          "d4773fef-8de6-4d33-9a74-63c5281ccd11"
        ],
        "accept-language": [
          "en-US"
        ],
        "User-Agent": [
          "FxVersion/4.6.25714.03",
          "Microsoft.Azure.Management.ResourceManager.ResourceManagementClient/1.6.0.0"
        ]
      },
      "ResponseBody": "{\r\n  \"id\": \"/subscriptions/24fb23e3-6ba3-41f0-9b6e-e41131d5d61e/resourceGroups/crptestar5786\",\r\n  \"name\": \"crptestar5786\",\r\n  \"location\": \"southeastasia\",\r\n  \"tags\": {\r\n    \"crptestar5786\": \"2018-05-03 17:53:01Z\"\r\n  },\r\n  \"properties\": {\r\n    \"provisioningState\": \"Succeeded\"\r\n  }\r\n}",
      "ResponseHeaders": {
        "Content-Type": [
          "application/json; charset=utf-8"
        ],
        "Expires": [
          "-1"
        ],
        "Cache-Control": [
          "no-cache"
        ],
        "Date": [
          "Thu, 03 May 2018 17:53:03 GMT"
        ],
        "Pragma": [
          "no-cache"
        ],
        "Transfer-Encoding": [
          "chunked"
        ],
        "Vary": [
          "Accept-Encoding"
        ],
        "x-ms-ratelimit-remaining-subscription-writes": [
          "1198"
        ],
        "x-ms-request-id": [
          "2d91076f-0496-469b-9fc6-3b08e272e3ab"
        ],
        "x-ms-correlation-request-id": [
          "2d91076f-0496-469b-9fc6-3b08e272e3ab"
        ],
        "x-ms-routing-request-id": [
          "WESTUS2:20180503T175303Z:2d91076f-0496-469b-9fc6-3b08e272e3ab"
        ],
        "Strict-Transport-Security": [
          "max-age=31536000; includeSubDomains"
        ],
        "X-Content-Type-Options": [
          "nosniff"
        ]
      },
      "StatusCode": 200
    },
    {
      "RequestUri": "/subscriptions/24fb23e3-6ba3-41f0-9b6e-e41131d5d61e/resourceGroups/crptestar5786/providers/Microsoft.Storage/storageAccounts/crptestar7118?api-version=2015-06-15",
      "EncodedRequestUri": "L3N1YnNjcmlwdGlvbnMvMjRmYjIzZTMtNmJhMy00MWYwLTliNmUtZTQxMTMxZDVkNjFlL3Jlc291cmNlR3JvdXBzL2NycHRlc3RhcjU3ODYvcHJvdmlkZXJzL01pY3Jvc29mdC5TdG9yYWdlL3N0b3JhZ2VBY2NvdW50cy9jcnB0ZXN0YXI3MTE4P2FwaS12ZXJzaW9uPTIwMTUtMDYtMTU=",
      "RequestMethod": "PUT",
      "RequestBody": "{\r\n  \"location\": \"SoutheastAsia\",\r\n  \"properties\": {\r\n    \"accountType\": \"Standard_GRS\"\r\n  }\r\n}",
      "RequestHeaders": {
        "Content-Type": [
          "application/json; charset=utf-8"
        ],
        "Content-Length": [
          "95"
        ],
        "x-ms-client-request-id": [
          "7b97c79c-dfd9-4fc8-a832-007106adb326"
        ],
        "accept-language": [
          "en-US"
        ],
        "User-Agent": [
          "FxVersion/4.6.25714.03",
          "Microsoft.Azure.Management.Storage.StorageManagementClient/4.0.0.0"
        ]
      },
      "ResponseBody": "",
      "ResponseHeaders": {
        "Content-Length": [
          "0"
        ],
        "Content-Type": [
          "text/plain; charset=utf-8"
        ],
        "Expires": [
          "-1"
        ],
        "Cache-Control": [
          "no-cache"
        ],
        "Date": [
          "Thu, 03 May 2018 17:52:16 GMT"
        ],
        "Pragma": [
          "no-cache"
        ],
        "Location": [
          "https://management.azure.com/subscriptions/24fb23e3-6ba3-41f0-9b6e-e41131d5d61e/providers/Microsoft.Storage/locations/southeastasia/asyncoperations/9f27c213-9415-4185-a382-7e0d7838f748?monitor=true&api-version=2015-06-15"
        ],
        "Retry-After": [
          "17"
        ],
        "Server": [
          "Microsoft-Azure-Storage-Resource-Provider/1.0,Microsoft-HTTPAPI/2.0 Microsoft-HTTPAPI/2.0"
        ],
        "x-ms-request-id": [
          "9f27c213-9415-4185-a382-7e0d7838f748"
        ],
        "Strict-Transport-Security": [
          "max-age=31536000; includeSubDomains"
        ],
        "x-ms-ratelimit-remaining-subscription-writes": [
          "1198"
        ],
        "x-ms-correlation-request-id": [
          "e7339ad4-a52f-42c4-845a-a0eb05464e38"
        ],
        "x-ms-routing-request-id": [
          "WESTUS2:20180503T175216Z:e7339ad4-a52f-42c4-845a-a0eb05464e38"
        ],
        "X-Content-Type-Options": [
          "nosniff"
        ]
      },
      "StatusCode": 202
    },
    {
      "RequestUri": "/subscriptions/24fb23e3-6ba3-41f0-9b6e-e41131d5d61e/providers/Microsoft.Storage/locations/southeastasia/asyncoperations/9f27c213-9415-4185-a382-7e0d7838f748?monitor=true&api-version=2015-06-15",
      "EncodedRequestUri": "L3N1YnNjcmlwdGlvbnMvMjRmYjIzZTMtNmJhMy00MWYwLTliNmUtZTQxMTMxZDVkNjFlL3Byb3ZpZGVycy9NaWNyb3NvZnQuU3RvcmFnZS9sb2NhdGlvbnMvc291dGhlYXN0YXNpYS9hc3luY29wZXJhdGlvbnMvOWYyN2MyMTMtOTQxNS00MTg1LWEzODItN2UwZDc4MzhmNzQ4P21vbml0b3I9dHJ1ZSZhcGktdmVyc2lvbj0yMDE1LTA2LTE1",
      "RequestMethod": "GET",
      "RequestBody": "",
      "RequestHeaders": {
        "User-Agent": [
          "FxVersion/4.6.25714.03",
          "Microsoft.Azure.Management.Storage.StorageManagementClient/4.0.0.0"
        ]
      },
      "ResponseBody": "",
      "ResponseHeaders": {
        "Content-Length": [
          "0"
        ],
        "Content-Type": [
          "text/plain; charset=utf-8"
        ],
        "Expires": [
          "-1"
        ],
        "Cache-Control": [
          "no-cache"
        ],
        "Date": [
          "Thu, 03 May 2018 17:52:33 GMT"
        ],
        "Pragma": [
          "no-cache"
        ],
        "Location": [
          "https://management.azure.com/subscriptions/24fb23e3-6ba3-41f0-9b6e-e41131d5d61e/providers/Microsoft.Storage/locations/southeastasia/asyncoperations/9f27c213-9415-4185-a382-7e0d7838f748?monitor=true&api-version=2015-06-15"
        ],
        "Retry-After": [
          "17"
        ],
        "Server": [
          "Microsoft-Azure-Storage-Resource-Provider/1.0,Microsoft-HTTPAPI/2.0 Microsoft-HTTPAPI/2.0"
        ],
        "x-ms-request-id": [
          "903491df-5d70-4e5d-8e38-8394949c4c41"
        ],
        "Strict-Transport-Security": [
          "max-age=31536000; includeSubDomains"
        ],
        "x-ms-ratelimit-remaining-subscription-reads": [
          "14998"
        ],
        "x-ms-correlation-request-id": [
          "2fe78e09-74a4-4e3e-a9ac-432d0eca2ffa"
        ],
        "x-ms-routing-request-id": [
          "WESTUS2:20180503T175233Z:2fe78e09-74a4-4e3e-a9ac-432d0eca2ffa"
        ],
        "X-Content-Type-Options": [
          "nosniff"
        ]
      },
      "StatusCode": 202
    },
    {
      "RequestUri": "/subscriptions/24fb23e3-6ba3-41f0-9b6e-e41131d5d61e/providers/Microsoft.Storage/locations/southeastasia/asyncoperations/9f27c213-9415-4185-a382-7e0d7838f748?monitor=true&api-version=2015-06-15",
      "EncodedRequestUri": "L3N1YnNjcmlwdGlvbnMvMjRmYjIzZTMtNmJhMy00MWYwLTliNmUtZTQxMTMxZDVkNjFlL3Byb3ZpZGVycy9NaWNyb3NvZnQuU3RvcmFnZS9sb2NhdGlvbnMvc291dGhlYXN0YXNpYS9hc3luY29wZXJhdGlvbnMvOWYyN2MyMTMtOTQxNS00MTg1LWEzODItN2UwZDc4MzhmNzQ4P21vbml0b3I9dHJ1ZSZhcGktdmVyc2lvbj0yMDE1LTA2LTE1",
      "RequestMethod": "GET",
      "RequestBody": "",
      "RequestHeaders": {
        "User-Agent": [
          "FxVersion/4.6.25714.03",
          "Microsoft.Azure.Management.Storage.StorageManagementClient/4.0.0.0"
        ]
      },
      "ResponseBody": "{\r\n  \"location\": \"SoutheastAsia\",\r\n  \"properties\": {\r\n    \"accountType\": \"Standard_GRS\"\r\n  }\r\n}",
      "ResponseHeaders": {
        "Content-Type": [
          "application/json"
        ],
        "Expires": [
          "-1"
        ],
        "Cache-Control": [
          "no-cache"
        ],
        "Date": [
          "Thu, 03 May 2018 17:52:50 GMT"
        ],
        "Pragma": [
          "no-cache"
        ],
        "Transfer-Encoding": [
          "chunked"
        ],
        "Server": [
          "Microsoft-Azure-Storage-Resource-Provider/1.0,Microsoft-HTTPAPI/2.0 Microsoft-HTTPAPI/2.0"
        ],
        "Vary": [
          "Accept-Encoding"
        ],
        "x-ms-request-id": [
          "ebf39ae0-9130-4273-8fd6-174c92e05a03"
        ],
        "Strict-Transport-Security": [
          "max-age=31536000; includeSubDomains"
        ],
        "x-ms-ratelimit-remaining-subscription-reads": [
          "14997"
        ],
        "x-ms-correlation-request-id": [
          "e12b546b-42a9-4d69-95d0-32d7d59b5f54"
        ],
        "x-ms-routing-request-id": [
          "WESTUS2:20180503T175251Z:e12b546b-42a9-4d69-95d0-32d7d59b5f54"
        ],
        "X-Content-Type-Options": [
          "nosniff"
        ]
      },
      "StatusCode": 200
    },
    {
      "RequestUri": "/subscriptions/24fb23e3-6ba3-41f0-9b6e-e41131d5d61e/resourceGroups/crptestar5786/providers/Microsoft.Storage/storageAccounts?api-version=2015-06-15",
      "EncodedRequestUri": "L3N1YnNjcmlwdGlvbnMvMjRmYjIzZTMtNmJhMy00MWYwLTliNmUtZTQxMTMxZDVkNjFlL3Jlc291cmNlR3JvdXBzL2NycHRlc3RhcjU3ODYvcHJvdmlkZXJzL01pY3Jvc29mdC5TdG9yYWdlL3N0b3JhZ2VBY2NvdW50cz9hcGktdmVyc2lvbj0yMDE1LTA2LTE1",
      "RequestMethod": "GET",
      "RequestBody": "",
      "RequestHeaders": {
        "x-ms-client-request-id": [
          "b80e623d-ff4f-4fd8-b9c4-fab1b5544957"
        ],
        "accept-language": [
          "en-US"
        ],
        "User-Agent": [
          "FxVersion/4.6.25714.03",
          "Microsoft.Azure.Management.Storage.StorageManagementClient/4.0.0.0"
        ]
      },
      "ResponseBody": "{\r\n  \"value\": [\r\n    {\r\n      \"id\": \"/subscriptions/24fb23e3-6ba3-41f0-9b6e-e41131d5d61e/resourceGroups/crptestar5786/providers/Microsoft.Storage/storageAccounts/crptestar7118\",\r\n      \"name\": \"crptestar7118\",\r\n      \"type\": \"Microsoft.Storage/storageAccounts\",\r\n      \"location\": \"southeastasia\",\r\n      \"tags\": {},\r\n      \"properties\": {\r\n        \"accountType\": \"Standard_GRS\",\r\n        \"provisioningState\": \"Succeeded\",\r\n        \"creationTime\": \"2018-05-03T17:52:14.8366506Z\",\r\n        \"primaryEndpoints\": {\r\n          \"blob\": \"https://crptestar7118.blob.core.windows.net/\",\r\n          \"queue\": \"https://crptestar7118.queue.core.windows.net/\",\r\n          \"table\": \"https://crptestar7118.table.core.windows.net/\",\r\n          \"file\": \"https://crptestar7118.file.core.windows.net/\"\r\n        },\r\n        \"primaryLocation\": \"southeastasia\",\r\n        \"statusOfPrimary\": \"available\",\r\n        \"secondaryLocation\": \"eastasia\",\r\n        \"statusOfSecondary\": \"available\"\r\n      }\r\n    }\r\n  ]\r\n}",
      "ResponseHeaders": {
        "Content-Type": [
          "application/json"
        ],
        "Expires": [
          "-1"
        ],
        "Cache-Control": [
          "no-cache"
        ],
        "Date": [
          "Thu, 03 May 2018 17:53:00 GMT"
        ],
        "Pragma": [
          "no-cache"
        ],
        "Transfer-Encoding": [
          "chunked"
        ],
        "Server": [
          "Microsoft-Azure-Storage-Resource-Provider/1.0,Microsoft-HTTPAPI/2.0 Microsoft-HTTPAPI/2.0"
        ],
        "Vary": [
          "Accept-Encoding"
        ],
        "x-ms-request-id": [
          "f23387b3-6d5b-4128-9765-3d23b1ae09ec"
        ],
        "Strict-Transport-Security": [
          "max-age=31536000; includeSubDomains"
        ],
        "x-ms-ratelimit-remaining-subscription-reads": [
          "14996"
        ],
        "x-ms-correlation-request-id": [
          "acf9c053-fbfa-497b-bb72-3005ac8ace3b"
        ],
        "x-ms-routing-request-id": [
          "WESTUS2:20180503T175301Z:acf9c053-fbfa-497b-bb72-3005ac8ace3b"
        ],
        "X-Content-Type-Options": [
          "nosniff"
        ]
      },
      "StatusCode": 200
    },
    {
      "RequestUri": "/subscriptions/24fb23e3-6ba3-41f0-9b6e-e41131d5d61e/resourceGroups/crptestar5786/providers/Microsoft.Storage/storageAccounts/crptestar7118?api-version=2015-06-15",
      "EncodedRequestUri": "L3N1YnNjcmlwdGlvbnMvMjRmYjIzZTMtNmJhMy00MWYwLTliNmUtZTQxMTMxZDVkNjFlL3Jlc291cmNlR3JvdXBzL2NycHRlc3RhcjU3ODYvcHJvdmlkZXJzL01pY3Jvc29mdC5TdG9yYWdlL3N0b3JhZ2VBY2NvdW50cy9jcnB0ZXN0YXI3MTE4P2FwaS12ZXJzaW9uPTIwMTUtMDYtMTU=",
      "RequestMethod": "GET",
      "RequestBody": "",
      "RequestHeaders": {
        "x-ms-client-request-id": [
          "9ea58fcd-b60b-48bb-bfc2-3c228772103d"
        ],
        "accept-language": [
          "en-US"
        ],
        "User-Agent": [
          "FxVersion/4.6.25714.03",
          "Microsoft.Azure.Management.Storage.StorageManagementClient/4.0.0.0"
        ]
      },
      "ResponseBody": "{\r\n  \"id\": \"/subscriptions/24fb23e3-6ba3-41f0-9b6e-e41131d5d61e/resourceGroups/crptestar5786/providers/Microsoft.Storage/storageAccounts/crptestar7118\",\r\n  \"name\": \"crptestar7118\",\r\n  \"type\": \"Microsoft.Storage/storageAccounts\",\r\n  \"location\": \"southeastasia\",\r\n  \"tags\": {},\r\n  \"properties\": {\r\n    \"accountType\": \"Standard_GRS\",\r\n    \"provisioningState\": \"Succeeded\",\r\n    \"creationTime\": \"2018-05-03T17:52:14.8366506Z\",\r\n    \"primaryEndpoints\": {\r\n      \"blob\": \"https://crptestar7118.blob.core.windows.net/\",\r\n      \"queue\": \"https://crptestar7118.queue.core.windows.net/\",\r\n      \"table\": \"https://crptestar7118.table.core.windows.net/\",\r\n      \"file\": \"https://crptestar7118.file.core.windows.net/\"\r\n    },\r\n    \"primaryLocation\": \"southeastasia\",\r\n    \"statusOfPrimary\": \"available\",\r\n    \"secondaryLocation\": \"eastasia\",\r\n    \"statusOfSecondary\": \"available\"\r\n  }\r\n}",
      "ResponseHeaders": {
        "Content-Type": [
          "application/json"
        ],
        "Expires": [
          "-1"
        ],
        "Cache-Control": [
          "no-cache"
        ],
        "Date": [
          "Thu, 03 May 2018 17:53:00 GMT"
        ],
        "Pragma": [
          "no-cache"
        ],
        "Transfer-Encoding": [
          "chunked"
        ],
        "Server": [
          "Microsoft-Azure-Storage-Resource-Provider/1.0,Microsoft-HTTPAPI/2.0 Microsoft-HTTPAPI/2.0"
        ],
        "Vary": [
          "Accept-Encoding"
        ],
        "x-ms-request-id": [
          "c558d7b9-c3b5-4af6-bc32-cd91a137bc7e"
        ],
        "Strict-Transport-Security": [
          "max-age=31536000; includeSubDomains"
        ],
        "x-ms-ratelimit-remaining-subscription-reads": [
          "14995"
        ],
        "x-ms-correlation-request-id": [
          "e8e437e5-1c64-4c63-b3ac-cd1f0f96e982"
        ],
        "x-ms-routing-request-id": [
          "WESTUS2:20180503T175301Z:e8e437e5-1c64-4c63-b3ac-cd1f0f96e982"
        ],
        "X-Content-Type-Options": [
          "nosniff"
        ]
      },
      "StatusCode": 200
    },
    {
      "RequestUri": "/subscriptions/24fb23e3-6ba3-41f0-9b6e-e41131d5d61e/resourceGroups/crptestar5786/providers/Microsoft.Network/publicIPAddresses/pip7667?api-version=2017-03-01",
      "EncodedRequestUri": "L3N1YnNjcmlwdGlvbnMvMjRmYjIzZTMtNmJhMy00MWYwLTliNmUtZTQxMTMxZDVkNjFlL3Jlc291cmNlR3JvdXBzL2NycHRlc3RhcjU3ODYvcHJvdmlkZXJzL01pY3Jvc29mdC5OZXR3b3JrL3B1YmxpY0lQQWRkcmVzc2VzL3BpcDc2Njc/YXBpLXZlcnNpb249MjAxNy0wMy0wMQ==",
      "RequestMethod": "PUT",
      "RequestBody": "{\r\n  \"properties\": {\r\n    \"publicIPAllocationMethod\": \"Dynamic\",\r\n    \"dnsSettings\": {\r\n      \"domainNameLabel\": \"dn9351\"\r\n    }\r\n  },\r\n  \"location\": \"SoutheastAsia\",\r\n  \"tags\": {\r\n    \"key\": \"value\"\r\n  }\r\n}",
      "RequestHeaders": {
        "Content-Type": [
          "application/json; charset=utf-8"
        ],
        "Content-Length": [
          "207"
        ],
        "x-ms-client-request-id": [
          "b4c8a9c0-c78e-4827-b093-b175a9bbb34f"
        ],
        "accept-language": [
          "en-US"
        ],
        "User-Agent": [
          "FxVersion/4.6.25714.03",
          "Microsoft.Azure.Management.Network.NetworkManagementClient/10.0.0.0"
        ]
      },
      "ResponseBody": "{\r\n  \"name\": \"pip7667\",\r\n  \"id\": \"/subscriptions/24fb23e3-6ba3-41f0-9b6e-e41131d5d61e/resourceGroups/crptestar5786/providers/Microsoft.Network/publicIPAddresses/pip7667\",\r\n  \"etag\": \"W/\\\"9c3f24b6-d8cb-4658-8052-0b89ad39bbac\\\"\",\r\n  \"location\": \"southeastasia\",\r\n  \"tags\": {\r\n    \"key\": \"value\"\r\n  },\r\n  \"properties\": {\r\n    \"provisioningState\": \"Updating\",\r\n    \"resourceGuid\": \"8f0255cc-26e0-4411-b3c8-4f6b81711150\",\r\n    \"publicIPAddressVersion\": \"IPv4\",\r\n    \"publicIPAllocationMethod\": \"Dynamic\",\r\n    \"idleTimeoutInMinutes\": 4,\r\n    \"dnsSettings\": {\r\n      \"domainNameLabel\": \"dn9351\",\r\n      \"fqdn\": \"dn9351.southeastasia.cloudapp.azure.com\"\r\n    }\r\n  },\r\n  \"type\": \"Microsoft.Network/publicIPAddresses\"\r\n}",
      "ResponseHeaders": {
        "Content-Length": [
          "711"
        ],
        "Content-Type": [
          "application/json; charset=utf-8"
        ],
        "Expires": [
          "-1"
        ],
        "Cache-Control": [
          "no-cache"
        ],
        "Date": [
          "Thu, 03 May 2018 17:53:11 GMT"
        ],
        "Pragma": [
          "no-cache"
        ],
        "Retry-After": [
          "3"
        ],
        "Server": [
          "Microsoft-HTTPAPI/2.0",
          "Microsoft-HTTPAPI/2.0"
        ],
        "x-ms-request-id": [
          "90466ed9-bd95-4075-98b8-86e285f31ea6"
        ],
        "Azure-AsyncOperation": [
          "https://management.azure.com/subscriptions/24fb23e3-6ba3-41f0-9b6e-e41131d5d61e/providers/Microsoft.Network/locations/southeastasia/operations/90466ed9-bd95-4075-98b8-86e285f31ea6?api-version=2017-03-01"
        ],
        "Strict-Transport-Security": [
          "max-age=31536000; includeSubDomains"
        ],
        "x-ms-ratelimit-remaining-subscription-writes": [
          "1199"
        ],
        "x-ms-correlation-request-id": [
          "000ad63c-d8b2-4ed6-b032-1a910efc9a45"
        ],
        "x-ms-routing-request-id": [
          "WESTUS2:20180503T175311Z:000ad63c-d8b2-4ed6-b032-1a910efc9a45"
        ],
        "X-Content-Type-Options": [
          "nosniff"
        ]
      },
      "StatusCode": 201
    },
    {
      "RequestUri": "/subscriptions/24fb23e3-6ba3-41f0-9b6e-e41131d5d61e/providers/Microsoft.Network/locations/southeastasia/operations/90466ed9-bd95-4075-98b8-86e285f31ea6?api-version=2017-03-01",
      "EncodedRequestUri": "L3N1YnNjcmlwdGlvbnMvMjRmYjIzZTMtNmJhMy00MWYwLTliNmUtZTQxMTMxZDVkNjFlL3Byb3ZpZGVycy9NaWNyb3NvZnQuTmV0d29yay9sb2NhdGlvbnMvc291dGhlYXN0YXNpYS9vcGVyYXRpb25zLzkwNDY2ZWQ5LWJkOTUtNDA3NS05OGI4LTg2ZTI4NWYzMWVhNj9hcGktdmVyc2lvbj0yMDE3LTAzLTAx",
      "RequestMethod": "GET",
      "RequestBody": "",
      "RequestHeaders": {
        "User-Agent": [
          "FxVersion/4.6.25714.03",
          "Microsoft.Azure.Management.Network.NetworkManagementClient/10.0.0.0"
        ]
      },
      "ResponseBody": "{\r\n  \"status\": \"Succeeded\"\r\n}",
      "ResponseHeaders": {
        "Content-Type": [
          "application/json; charset=utf-8"
        ],
        "Expires": [
          "-1"
        ],
        "Cache-Control": [
          "no-cache"
        ],
        "Date": [
          "Thu, 03 May 2018 17:53:14 GMT"
        ],
        "Pragma": [
          "no-cache"
        ],
        "Transfer-Encoding": [
          "chunked"
        ],
        "Server": [
          "Microsoft-HTTPAPI/2.0",
          "Microsoft-HTTPAPI/2.0"
        ],
        "Vary": [
          "Accept-Encoding"
        ],
        "x-ms-request-id": [
          "e2a32b45-8a2b-40e5-a1ae-82cab5485af5"
        ],
        "Strict-Transport-Security": [
          "max-age=31536000; includeSubDomains"
        ],
        "x-ms-ratelimit-remaining-subscription-reads": [
          "14999"
        ],
        "x-ms-correlation-request-id": [
          "d575b364-46ca-423e-95e7-bd6dd7fe8560"
        ],
        "x-ms-routing-request-id": [
          "WESTUS2:20180503T175315Z:d575b364-46ca-423e-95e7-bd6dd7fe8560"
        ],
        "X-Content-Type-Options": [
          "nosniff"
        ]
      },
      "StatusCode": 200
    },
    {
      "RequestUri": "/subscriptions/24fb23e3-6ba3-41f0-9b6e-e41131d5d61e/resourceGroups/crptestar5786/providers/Microsoft.Network/publicIPAddresses/pip7667?api-version=2017-03-01",
      "EncodedRequestUri": "L3N1YnNjcmlwdGlvbnMvMjRmYjIzZTMtNmJhMy00MWYwLTliNmUtZTQxMTMxZDVkNjFlL3Jlc291cmNlR3JvdXBzL2NycHRlc3RhcjU3ODYvcHJvdmlkZXJzL01pY3Jvc29mdC5OZXR3b3JrL3B1YmxpY0lQQWRkcmVzc2VzL3BpcDc2Njc/YXBpLXZlcnNpb249MjAxNy0wMy0wMQ==",
      "RequestMethod": "GET",
      "RequestBody": "",
      "RequestHeaders": {
        "User-Agent": [
          "FxVersion/4.6.25714.03",
          "Microsoft.Azure.Management.Network.NetworkManagementClient/10.0.0.0"
        ]
      },
      "ResponseBody": "{\r\n  \"name\": \"pip7667\",\r\n  \"id\": \"/subscriptions/24fb23e3-6ba3-41f0-9b6e-e41131d5d61e/resourceGroups/crptestar5786/providers/Microsoft.Network/publicIPAddresses/pip7667\",\r\n  \"etag\": \"W/\\\"48b2fa5f-edd8-44a8-99cc-798560dd5512\\\"\",\r\n  \"location\": \"southeastasia\",\r\n  \"tags\": {\r\n    \"key\": \"value\"\r\n  },\r\n  \"properties\": {\r\n    \"provisioningState\": \"Succeeded\",\r\n    \"resourceGuid\": \"8f0255cc-26e0-4411-b3c8-4f6b81711150\",\r\n    \"publicIPAddressVersion\": \"IPv4\",\r\n    \"publicIPAllocationMethod\": \"Dynamic\",\r\n    \"idleTimeoutInMinutes\": 4,\r\n    \"dnsSettings\": {\r\n      \"domainNameLabel\": \"dn9351\",\r\n      \"fqdn\": \"dn9351.southeastasia.cloudapp.azure.com\"\r\n    }\r\n  },\r\n  \"type\": \"Microsoft.Network/publicIPAddresses\"\r\n}",
      "ResponseHeaders": {
        "Content-Type": [
          "application/json; charset=utf-8"
        ],
        "Expires": [
          "-1"
        ],
        "Cache-Control": [
          "no-cache"
        ],
        "Date": [
          "Thu, 03 May 2018 17:53:15 GMT"
        ],
        "Pragma": [
          "no-cache"
        ],
        "Transfer-Encoding": [
          "chunked"
        ],
        "ETag": [
          "W/\"48b2fa5f-edd8-44a8-99cc-798560dd5512\""
        ],
        "Server": [
          "Microsoft-HTTPAPI/2.0",
          "Microsoft-HTTPAPI/2.0"
        ],
        "Vary": [
          "Accept-Encoding"
        ],
        "x-ms-request-id": [
          "ebe4c473-cf40-4983-8258-f37f7277252d"
        ],
        "Strict-Transport-Security": [
          "max-age=31536000; includeSubDomains"
        ],
        "x-ms-ratelimit-remaining-subscription-reads": [
          "14998"
        ],
        "x-ms-correlation-request-id": [
          "d2093382-8435-451a-a643-5149e95cd839"
        ],
        "x-ms-routing-request-id": [
          "WESTUS2:20180503T175315Z:d2093382-8435-451a-a643-5149e95cd839"
        ],
        "X-Content-Type-Options": [
          "nosniff"
        ]
      },
      "StatusCode": 200
    },
    {
      "RequestUri": "/subscriptions/24fb23e3-6ba3-41f0-9b6e-e41131d5d61e/resourceGroups/crptestar5786/providers/Microsoft.Network/publicIPAddresses/pip7667?api-version=2017-03-01",
      "EncodedRequestUri": "L3N1YnNjcmlwdGlvbnMvMjRmYjIzZTMtNmJhMy00MWYwLTliNmUtZTQxMTMxZDVkNjFlL3Jlc291cmNlR3JvdXBzL2NycHRlc3RhcjU3ODYvcHJvdmlkZXJzL01pY3Jvc29mdC5OZXR3b3JrL3B1YmxpY0lQQWRkcmVzc2VzL3BpcDc2Njc/YXBpLXZlcnNpb249MjAxNy0wMy0wMQ==",
      "RequestMethod": "GET",
      "RequestBody": "",
      "RequestHeaders": {
        "x-ms-client-request-id": [
          "06db55f4-6ccf-4bc5-b3f2-0a3ffd314116"
        ],
        "accept-language": [
          "en-US"
        ],
        "User-Agent": [
          "FxVersion/4.6.25714.03",
          "Microsoft.Azure.Management.Network.NetworkManagementClient/10.0.0.0"
        ]
      },
      "ResponseBody": "{\r\n  \"name\": \"pip7667\",\r\n  \"id\": \"/subscriptions/24fb23e3-6ba3-41f0-9b6e-e41131d5d61e/resourceGroups/crptestar5786/providers/Microsoft.Network/publicIPAddresses/pip7667\",\r\n  \"etag\": \"W/\\\"48b2fa5f-edd8-44a8-99cc-798560dd5512\\\"\",\r\n  \"location\": \"southeastasia\",\r\n  \"tags\": {\r\n    \"key\": \"value\"\r\n  },\r\n  \"properties\": {\r\n    \"provisioningState\": \"Succeeded\",\r\n    \"resourceGuid\": \"8f0255cc-26e0-4411-b3c8-4f6b81711150\",\r\n    \"publicIPAddressVersion\": \"IPv4\",\r\n    \"publicIPAllocationMethod\": \"Dynamic\",\r\n    \"idleTimeoutInMinutes\": 4,\r\n    \"dnsSettings\": {\r\n      \"domainNameLabel\": \"dn9351\",\r\n      \"fqdn\": \"dn9351.southeastasia.cloudapp.azure.com\"\r\n    }\r\n  },\r\n  \"type\": \"Microsoft.Network/publicIPAddresses\"\r\n}",
      "ResponseHeaders": {
        "Content-Type": [
          "application/json; charset=utf-8"
        ],
        "Expires": [
          "-1"
        ],
        "Cache-Control": [
          "no-cache"
        ],
        "Date": [
          "Thu, 03 May 2018 17:53:15 GMT"
        ],
        "Pragma": [
          "no-cache"
        ],
        "Transfer-Encoding": [
          "chunked"
        ],
        "ETag": [
          "W/\"48b2fa5f-edd8-44a8-99cc-798560dd5512\""
        ],
        "Server": [
          "Microsoft-HTTPAPI/2.0",
          "Microsoft-HTTPAPI/2.0"
        ],
        "Vary": [
          "Accept-Encoding"
        ],
        "x-ms-request-id": [
          "d0df60fe-948c-42db-9bbd-ad8bac1d75e1"
        ],
        "Strict-Transport-Security": [
          "max-age=31536000; includeSubDomains"
        ],
        "x-ms-ratelimit-remaining-subscription-reads": [
          "14997"
        ],
        "x-ms-correlation-request-id": [
          "a9b9ba21-0d33-4191-92e5-c2819069d773"
        ],
        "x-ms-routing-request-id": [
          "WESTUS2:20180503T175315Z:a9b9ba21-0d33-4191-92e5-c2819069d773"
        ],
        "X-Content-Type-Options": [
          "nosniff"
        ]
      },
      "StatusCode": 200
    },
    {
      "RequestUri": "/subscriptions/24fb23e3-6ba3-41f0-9b6e-e41131d5d61e/resourceGroups/crptestar5786/providers/Microsoft.Network/virtualNetworks/vn9167?api-version=2017-03-01",
      "EncodedRequestUri": "L3N1YnNjcmlwdGlvbnMvMjRmYjIzZTMtNmJhMy00MWYwLTliNmUtZTQxMTMxZDVkNjFlL3Jlc291cmNlR3JvdXBzL2NycHRlc3RhcjU3ODYvcHJvdmlkZXJzL01pY3Jvc29mdC5OZXR3b3JrL3ZpcnR1YWxOZXR3b3Jrcy92bjkxNjc/YXBpLXZlcnNpb249MjAxNy0wMy0wMQ==",
      "RequestMethod": "PUT",
      "RequestBody": "{\r\n  \"properties\": {\r\n    \"addressSpace\": {\r\n      \"addressPrefixes\": [\r\n        \"10.0.0.0/16\"\r\n      ]\r\n    },\r\n    \"dhcpOptions\": {\r\n      \"dnsServers\": [\r\n        \"10.1.1.1\",\r\n        \"10.1.2.4\"\r\n      ]\r\n    },\r\n    \"subnets\": [\r\n      {\r\n        \"properties\": {\r\n          \"addressPrefix\": \"10.0.0.0/24\"\r\n        },\r\n        \"name\": \"sn4729\"\r\n      }\r\n    ]\r\n  },\r\n  \"location\": \"SoutheastAsia\"\r\n}",
      "RequestHeaders": {
        "Content-Type": [
          "application/json; charset=utf-8"
        ],
        "Content-Length": [
          "402"
        ],
        "x-ms-client-request-id": [
          "ca950081-3fa3-4f00-beb0-ddbb5b0027f8"
        ],
        "accept-language": [
          "en-US"
        ],
        "User-Agent": [
          "FxVersion/4.6.25714.03",
          "Microsoft.Azure.Management.Network.NetworkManagementClient/10.0.0.0"
        ]
      },
      "ResponseBody": "{\r\n  \"name\": \"vn9167\",\r\n  \"id\": \"/subscriptions/24fb23e3-6ba3-41f0-9b6e-e41131d5d61e/resourceGroups/crptestar5786/providers/Microsoft.Network/virtualNetworks/vn9167\",\r\n  \"etag\": \"W/\\\"8cc4b05c-434d-46e8-9200-8a091f14c5f2\\\"\",\r\n  \"type\": \"Microsoft.Network/virtualNetworks\",\r\n  \"location\": \"southeastasia\",\r\n  \"properties\": {\r\n    \"provisioningState\": \"Updating\",\r\n    \"resourceGuid\": \"0f99d114-4673-4320-925d-c38d91f493f8\",\r\n    \"addressSpace\": {\r\n      \"addressPrefixes\": [\r\n        \"10.0.0.0/16\"\r\n      ]\r\n    },\r\n    \"dhcpOptions\": {\r\n      \"dnsServers\": [\r\n        \"10.1.1.1\",\r\n        \"10.1.2.4\"\r\n      ]\r\n    },\r\n    \"subnets\": [\r\n      {\r\n        \"name\": \"sn4729\",\r\n        \"id\": \"/subscriptions/24fb23e3-6ba3-41f0-9b6e-e41131d5d61e/resourceGroups/crptestar5786/providers/Microsoft.Network/virtualNetworks/vn9167/subnets/sn4729\",\r\n        \"etag\": \"W/\\\"8cc4b05c-434d-46e8-9200-8a091f14c5f2\\\"\",\r\n        \"properties\": {\r\n          \"provisioningState\": \"Updating\",\r\n          \"addressPrefix\": \"10.0.0.0/24\"\r\n        }\r\n      }\r\n    ],\r\n    \"virtualNetworkPeerings\": []\r\n  }\r\n}",
      "ResponseHeaders": {
        "Content-Length": [
          "1078"
        ],
        "Content-Type": [
          "application/json; charset=utf-8"
        ],
        "Expires": [
          "-1"
        ],
        "Cache-Control": [
          "no-cache"
        ],
        "Date": [
          "Thu, 03 May 2018 17:53:18 GMT"
        ],
        "Pragma": [
          "no-cache"
        ],
        "Retry-After": [
          "3"
        ],
        "Server": [
          "Microsoft-HTTPAPI/2.0",
          "Microsoft-HTTPAPI/2.0"
        ],
        "x-ms-request-id": [
          "f286ab75-61f5-407a-a170-df0c26d60f87"
        ],
        "Azure-AsyncOperation": [
          "https://management.azure.com/subscriptions/24fb23e3-6ba3-41f0-9b6e-e41131d5d61e/providers/Microsoft.Network/locations/southeastasia/operations/f286ab75-61f5-407a-a170-df0c26d60f87?api-version=2017-03-01"
        ],
        "Strict-Transport-Security": [
          "max-age=31536000; includeSubDomains"
        ],
        "x-ms-ratelimit-remaining-subscription-writes": [
          "1198"
        ],
        "x-ms-correlation-request-id": [
          "ebad263f-46a6-4650-a637-450b93d64df5"
        ],
        "x-ms-routing-request-id": [
          "WESTUS2:20180503T175318Z:ebad263f-46a6-4650-a637-450b93d64df5"
        ],
        "X-Content-Type-Options": [
          "nosniff"
        ]
      },
      "StatusCode": 201
    },
    {
      "RequestUri": "/subscriptions/24fb23e3-6ba3-41f0-9b6e-e41131d5d61e/providers/Microsoft.Network/locations/southeastasia/operations/f286ab75-61f5-407a-a170-df0c26d60f87?api-version=2017-03-01",
      "EncodedRequestUri": "L3N1YnNjcmlwdGlvbnMvMjRmYjIzZTMtNmJhMy00MWYwLTliNmUtZTQxMTMxZDVkNjFlL3Byb3ZpZGVycy9NaWNyb3NvZnQuTmV0d29yay9sb2NhdGlvbnMvc291dGhlYXN0YXNpYS9vcGVyYXRpb25zL2YyODZhYjc1LTYxZjUtNDA3YS1hMTcwLWRmMGMyNmQ2MGY4Nz9hcGktdmVyc2lvbj0yMDE3LTAzLTAx",
      "RequestMethod": "GET",
      "RequestBody": "",
      "RequestHeaders": {
        "User-Agent": [
          "FxVersion/4.6.25714.03",
          "Microsoft.Azure.Management.Network.NetworkManagementClient/10.0.0.0"
        ]
      },
      "ResponseBody": "{\r\n  \"status\": \"InProgress\"\r\n}",
      "ResponseHeaders": {
        "Content-Type": [
          "application/json; charset=utf-8"
        ],
        "Expires": [
          "-1"
        ],
        "Cache-Control": [
          "no-cache"
        ],
        "Date": [
          "Thu, 03 May 2018 17:53:21 GMT"
        ],
        "Pragma": [
          "no-cache"
        ],
        "Transfer-Encoding": [
          "chunked"
        ],
        "Retry-After": [
          "10"
        ],
        "Server": [
          "Microsoft-HTTPAPI/2.0",
          "Microsoft-HTTPAPI/2.0"
        ],
        "Vary": [
          "Accept-Encoding"
        ],
        "x-ms-request-id": [
          "fbddb591-d8cf-4145-802b-120602745acc"
        ],
        "Strict-Transport-Security": [
          "max-age=31536000; includeSubDomains"
        ],
        "x-ms-ratelimit-remaining-subscription-reads": [
          "14996"
        ],
        "x-ms-correlation-request-id": [
          "dfe4c9bc-a2e0-48f8-913f-8dd7ea3d5681"
        ],
        "x-ms-routing-request-id": [
          "WESTUS2:20180503T175321Z:dfe4c9bc-a2e0-48f8-913f-8dd7ea3d5681"
        ],
        "X-Content-Type-Options": [
          "nosniff"
        ]
      },
      "StatusCode": 200
    },
    {
      "RequestUri": "/subscriptions/24fb23e3-6ba3-41f0-9b6e-e41131d5d61e/providers/Microsoft.Network/locations/southeastasia/operations/f286ab75-61f5-407a-a170-df0c26d60f87?api-version=2017-03-01",
      "EncodedRequestUri": "L3N1YnNjcmlwdGlvbnMvMjRmYjIzZTMtNmJhMy00MWYwLTliNmUtZTQxMTMxZDVkNjFlL3Byb3ZpZGVycy9NaWNyb3NvZnQuTmV0d29yay9sb2NhdGlvbnMvc291dGhlYXN0YXNpYS9vcGVyYXRpb25zL2YyODZhYjc1LTYxZjUtNDA3YS1hMTcwLWRmMGMyNmQ2MGY4Nz9hcGktdmVyc2lvbj0yMDE3LTAzLTAx",
      "RequestMethod": "GET",
      "RequestBody": "",
      "RequestHeaders": {
        "User-Agent": [
          "FxVersion/4.6.25714.03",
          "Microsoft.Azure.Management.Network.NetworkManagementClient/10.0.0.0"
        ]
      },
      "ResponseBody": "{\r\n  \"status\": \"Succeeded\"\r\n}",
      "ResponseHeaders": {
        "Content-Type": [
          "application/json; charset=utf-8"
        ],
        "Expires": [
          "-1"
        ],
        "Cache-Control": [
          "no-cache"
        ],
        "Date": [
          "Thu, 03 May 2018 17:53:31 GMT"
        ],
        "Pragma": [
          "no-cache"
        ],
        "Transfer-Encoding": [
          "chunked"
        ],
        "Server": [
          "Microsoft-HTTPAPI/2.0",
          "Microsoft-HTTPAPI/2.0"
        ],
        "Vary": [
          "Accept-Encoding"
        ],
        "x-ms-request-id": [
          "adcfd59f-a31d-4409-9e12-407e1e0bdbc0"
        ],
        "Strict-Transport-Security": [
          "max-age=31536000; includeSubDomains"
        ],
        "x-ms-ratelimit-remaining-subscription-reads": [
          "14995"
        ],
        "x-ms-correlation-request-id": [
          "ce544640-5f39-43a1-90a4-8048ccfcb3c7"
        ],
        "x-ms-routing-request-id": [
          "WESTUS2:20180503T175331Z:ce544640-5f39-43a1-90a4-8048ccfcb3c7"
        ],
        "X-Content-Type-Options": [
          "nosniff"
        ]
      },
      "StatusCode": 200
    },
    {
      "RequestUri": "/subscriptions/24fb23e3-6ba3-41f0-9b6e-e41131d5d61e/resourceGroups/crptestar5786/providers/Microsoft.Network/virtualNetworks/vn9167?api-version=2017-03-01",
      "EncodedRequestUri": "L3N1YnNjcmlwdGlvbnMvMjRmYjIzZTMtNmJhMy00MWYwLTliNmUtZTQxMTMxZDVkNjFlL3Jlc291cmNlR3JvdXBzL2NycHRlc3RhcjU3ODYvcHJvdmlkZXJzL01pY3Jvc29mdC5OZXR3b3JrL3ZpcnR1YWxOZXR3b3Jrcy92bjkxNjc/YXBpLXZlcnNpb249MjAxNy0wMy0wMQ==",
      "RequestMethod": "GET",
      "RequestBody": "",
      "RequestHeaders": {
        "User-Agent": [
          "FxVersion/4.6.25714.03",
          "Microsoft.Azure.Management.Network.NetworkManagementClient/10.0.0.0"
        ]
      },
      "ResponseBody": "{\r\n  \"name\": \"vn9167\",\r\n  \"id\": \"/subscriptions/24fb23e3-6ba3-41f0-9b6e-e41131d5d61e/resourceGroups/crptestar5786/providers/Microsoft.Network/virtualNetworks/vn9167\",\r\n  \"etag\": \"W/\\\"5a0a55bd-380d-4f41-b26f-e3af26795eb6\\\"\",\r\n  \"type\": \"Microsoft.Network/virtualNetworks\",\r\n  \"location\": \"southeastasia\",\r\n  \"properties\": {\r\n    \"provisioningState\": \"Succeeded\",\r\n    \"resourceGuid\": \"0f99d114-4673-4320-925d-c38d91f493f8\",\r\n    \"addressSpace\": {\r\n      \"addressPrefixes\": [\r\n        \"10.0.0.0/16\"\r\n      ]\r\n    },\r\n    \"dhcpOptions\": {\r\n      \"dnsServers\": [\r\n        \"10.1.1.1\",\r\n        \"10.1.2.4\"\r\n      ]\r\n    },\r\n    \"subnets\": [\r\n      {\r\n        \"name\": \"sn4729\",\r\n        \"id\": \"/subscriptions/24fb23e3-6ba3-41f0-9b6e-e41131d5d61e/resourceGroups/crptestar5786/providers/Microsoft.Network/virtualNetworks/vn9167/subnets/sn4729\",\r\n        \"etag\": \"W/\\\"5a0a55bd-380d-4f41-b26f-e3af26795eb6\\\"\",\r\n        \"properties\": {\r\n          \"provisioningState\": \"Succeeded\",\r\n          \"addressPrefix\": \"10.0.0.0/24\"\r\n        }\r\n      }\r\n    ],\r\n    \"virtualNetworkPeerings\": []\r\n  }\r\n}",
      "ResponseHeaders": {
        "Content-Type": [
          "application/json; charset=utf-8"
        ],
        "Expires": [
          "-1"
        ],
        "Cache-Control": [
          "no-cache"
        ],
        "Date": [
          "Thu, 03 May 2018 17:53:31 GMT"
        ],
        "Pragma": [
          "no-cache"
        ],
        "Transfer-Encoding": [
          "chunked"
        ],
        "ETag": [
          "W/\"5a0a55bd-380d-4f41-b26f-e3af26795eb6\""
        ],
        "Server": [
          "Microsoft-HTTPAPI/2.0",
          "Microsoft-HTTPAPI/2.0"
        ],
        "Vary": [
          "Accept-Encoding"
        ],
        "x-ms-request-id": [
          "33e9d2a0-154b-4a99-b7a6-b661942083b3"
        ],
        "Strict-Transport-Security": [
          "max-age=31536000; includeSubDomains"
        ],
        "x-ms-ratelimit-remaining-subscription-reads": [
          "14994"
        ],
        "x-ms-correlation-request-id": [
          "240994fd-44aa-4e46-b083-335c5636944f"
        ],
        "x-ms-routing-request-id": [
          "WESTUS2:20180503T175332Z:240994fd-44aa-4e46-b083-335c5636944f"
        ],
        "X-Content-Type-Options": [
          "nosniff"
        ]
      },
      "StatusCode": 200
    },
    {
      "RequestUri": "/subscriptions/24fb23e3-6ba3-41f0-9b6e-e41131d5d61e/resourceGroups/crptestar5786/providers/Microsoft.Network/virtualNetworks/vn9167/subnets/sn4729?api-version=2017-03-01",
      "EncodedRequestUri": "L3N1YnNjcmlwdGlvbnMvMjRmYjIzZTMtNmJhMy00MWYwLTliNmUtZTQxMTMxZDVkNjFlL3Jlc291cmNlR3JvdXBzL2NycHRlc3RhcjU3ODYvcHJvdmlkZXJzL01pY3Jvc29mdC5OZXR3b3JrL3ZpcnR1YWxOZXR3b3Jrcy92bjkxNjcvc3VibmV0cy9zbjQ3Mjk/YXBpLXZlcnNpb249MjAxNy0wMy0wMQ==",
      "RequestMethod": "GET",
      "RequestBody": "",
      "RequestHeaders": {
        "x-ms-client-request-id": [
          "fc189570-12ac-4b7e-bfff-c3ca5988b416"
        ],
        "accept-language": [
          "en-US"
        ],
        "User-Agent": [
          "FxVersion/4.6.25714.03",
          "Microsoft.Azure.Management.Network.NetworkManagementClient/10.0.0.0"
        ]
      },
      "ResponseBody": "{\r\n  \"name\": \"sn4729\",\r\n  \"id\": \"/subscriptions/24fb23e3-6ba3-41f0-9b6e-e41131d5d61e/resourceGroups/crptestar5786/providers/Microsoft.Network/virtualNetworks/vn9167/subnets/sn4729\",\r\n  \"etag\": \"W/\\\"5a0a55bd-380d-4f41-b26f-e3af26795eb6\\\"\",\r\n  \"properties\": {\r\n    \"provisioningState\": \"Succeeded\",\r\n    \"addressPrefix\": \"10.0.0.0/24\"\r\n  }\r\n}",
      "ResponseHeaders": {
        "Content-Type": [
          "application/json; charset=utf-8"
        ],
        "Expires": [
          "-1"
        ],
        "Cache-Control": [
          "no-cache"
        ],
        "Date": [
          "Thu, 03 May 2018 17:53:31 GMT"
        ],
        "Pragma": [
          "no-cache"
        ],
        "Transfer-Encoding": [
          "chunked"
        ],
        "ETag": [
          "W/\"5a0a55bd-380d-4f41-b26f-e3af26795eb6\""
        ],
        "Server": [
          "Microsoft-HTTPAPI/2.0",
          "Microsoft-HTTPAPI/2.0"
        ],
        "Vary": [
          "Accept-Encoding"
        ],
        "x-ms-request-id": [
          "6258afef-d894-4970-ac0c-970c9811bebd"
        ],
        "Strict-Transport-Security": [
          "max-age=31536000; includeSubDomains"
        ],
        "x-ms-ratelimit-remaining-subscription-reads": [
          "14993"
        ],
        "x-ms-correlation-request-id": [
          "64382ce1-3bbf-4749-a63d-18c43fc303e9"
        ],
        "x-ms-routing-request-id": [
          "WESTUS2:20180503T175332Z:64382ce1-3bbf-4749-a63d-18c43fc303e9"
        ],
        "X-Content-Type-Options": [
          "nosniff"
        ]
      },
      "StatusCode": 200
    },
    {
      "RequestUri": "/subscriptions/24fb23e3-6ba3-41f0-9b6e-e41131d5d61e/resourceGroups/crptestar5786/providers/Microsoft.Network/networkInterfaces/nic5852?api-version=2017-03-01",
      "EncodedRequestUri": "L3N1YnNjcmlwdGlvbnMvMjRmYjIzZTMtNmJhMy00MWYwLTliNmUtZTQxMTMxZDVkNjFlL3Jlc291cmNlR3JvdXBzL2NycHRlc3RhcjU3ODYvcHJvdmlkZXJzL01pY3Jvc29mdC5OZXR3b3JrL25ldHdvcmtJbnRlcmZhY2VzL25pYzU4NTI/YXBpLXZlcnNpb249MjAxNy0wMy0wMQ==",
      "RequestMethod": "PUT",
      "RequestBody": "{\r\n  \"properties\": {\r\n    \"ipConfigurations\": [\r\n      {\r\n        \"properties\": {\r\n          \"privateIPAllocationMethod\": \"Dynamic\",\r\n          \"subnet\": {\r\n            \"properties\": {\r\n              \"addressPrefix\": \"10.0.0.0/24\",\r\n              \"provisioningState\": \"Succeeded\"\r\n            },\r\n            \"name\": \"sn4729\",\r\n            \"etag\": \"W/\\\"5a0a55bd-380d-4f41-b26f-e3af26795eb6\\\"\",\r\n            \"id\": \"/subscriptions/24fb23e3-6ba3-41f0-9b6e-e41131d5d61e/resourceGroups/crptestar5786/providers/Microsoft.Network/virtualNetworks/vn9167/subnets/sn4729\"\r\n          }\r\n        },\r\n        \"name\": \"ip677\"\r\n      }\r\n    ]\r\n  },\r\n  \"location\": \"SoutheastAsia\",\r\n  \"tags\": {\r\n    \"key\": \"value\"\r\n  }\r\n}",
      "RequestHeaders": {
        "Content-Type": [
          "application/json; charset=utf-8"
        ],
        "Content-Length": [
          "706"
        ],
        "x-ms-client-request-id": [
          "b1ce8b46-4d47-4388-b93e-e552c6986b69"
        ],
        "accept-language": [
          "en-US"
        ],
        "User-Agent": [
          "FxVersion/4.6.25714.03",
          "Microsoft.Azure.Management.Network.NetworkManagementClient/10.0.0.0"
        ]
      },
      "ResponseBody": "{\r\n  \"name\": \"nic5852\",\r\n  \"id\": \"/subscriptions/24fb23e3-6ba3-41f0-9b6e-e41131d5d61e/resourceGroups/crptestar5786/providers/Microsoft.Network/networkInterfaces/nic5852\",\r\n  \"etag\": \"W/\\\"58f618f5-e507-4101-8188-c8538601dfae\\\"\",\r\n  \"location\": \"southeastasia\",\r\n  \"tags\": {\r\n    \"key\": \"value\"\r\n  },\r\n  \"properties\": {\r\n    \"provisioningState\": \"Succeeded\",\r\n    \"resourceGuid\": \"0e66b6cc-70c6-4fbe-b5ae-ab5b6755ef35\",\r\n    \"ipConfigurations\": [\r\n      {\r\n        \"name\": \"ip677\",\r\n        \"id\": \"/subscriptions/24fb23e3-6ba3-41f0-9b6e-e41131d5d61e/resourceGroups/crptestar5786/providers/Microsoft.Network/networkInterfaces/nic5852/ipConfigurations/ip677\",\r\n        \"etag\": \"W/\\\"58f618f5-e507-4101-8188-c8538601dfae\\\"\",\r\n        \"properties\": {\r\n          \"provisioningState\": \"Succeeded\",\r\n          \"privateIPAddress\": \"10.0.0.4\",\r\n          \"privateIPAllocationMethod\": \"Dynamic\",\r\n          \"subnet\": {\r\n            \"id\": \"/subscriptions/24fb23e3-6ba3-41f0-9b6e-e41131d5d61e/resourceGroups/crptestar5786/providers/Microsoft.Network/virtualNetworks/vn9167/subnets/sn4729\"\r\n          },\r\n          \"primary\": true,\r\n          \"privateIPAddressVersion\": \"IPv4\",\r\n          \"isInUseWithService\": false\r\n        }\r\n      }\r\n    ],\r\n    \"dnsSettings\": {\r\n      \"dnsServers\": [],\r\n      \"appliedDnsServers\": [],\r\n      \"internalDomainNameSuffix\": \"ctizsd1tiyqehes3yogzd3et5a.ix.internal.cloudapp.net\"\r\n    },\r\n    \"enableAcceleratedNetworking\": false,\r\n    \"enableIPForwarding\": false\r\n  },\r\n  \"type\": \"Microsoft.Network/networkInterfaces\"\r\n}",
      "ResponseHeaders": {
        "Content-Length": [
          "1538"
        ],
        "Content-Type": [
          "application/json; charset=utf-8"
        ],
        "Expires": [
          "-1"
        ],
        "Cache-Control": [
          "no-cache"
        ],
        "Date": [
          "Thu, 03 May 2018 17:53:33 GMT"
        ],
        "Pragma": [
          "no-cache"
        ],
        "Server": [
          "Microsoft-HTTPAPI/2.0",
          "Microsoft-HTTPAPI/2.0"
        ],
        "x-ms-request-id": [
          "db3a068e-11a2-4d37-8c4f-24b81a98a0c1"
        ],
        "Azure-AsyncOperation": [
          "https://management.azure.com/subscriptions/24fb23e3-6ba3-41f0-9b6e-e41131d5d61e/providers/Microsoft.Network/locations/southeastasia/operations/db3a068e-11a2-4d37-8c4f-24b81a98a0c1?api-version=2017-03-01"
        ],
        "Strict-Transport-Security": [
          "max-age=31536000; includeSubDomains"
        ],
        "x-ms-ratelimit-remaining-subscription-writes": [
          "1197"
        ],
        "x-ms-correlation-request-id": [
          "9aa4c3f3-d49e-4d30-b617-dc7c26455ac0"
        ],
        "x-ms-routing-request-id": [
          "WESTUS2:20180503T175334Z:9aa4c3f3-d49e-4d30-b617-dc7c26455ac0"
        ],
        "X-Content-Type-Options": [
          "nosniff"
        ]
      },
      "StatusCode": 201
    },
    {
      "RequestUri": "/subscriptions/24fb23e3-6ba3-41f0-9b6e-e41131d5d61e/resourceGroups/crptestar5786/providers/Microsoft.Network/networkInterfaces/nic5852?api-version=2017-03-01",
      "EncodedRequestUri": "L3N1YnNjcmlwdGlvbnMvMjRmYjIzZTMtNmJhMy00MWYwLTliNmUtZTQxMTMxZDVkNjFlL3Jlc291cmNlR3JvdXBzL2NycHRlc3RhcjU3ODYvcHJvdmlkZXJzL01pY3Jvc29mdC5OZXR3b3JrL25ldHdvcmtJbnRlcmZhY2VzL25pYzU4NTI/YXBpLXZlcnNpb249MjAxNy0wMy0wMQ==",
      "RequestMethod": "GET",
      "RequestBody": "",
      "RequestHeaders": {
        "User-Agent": [
          "FxVersion/4.6.25714.03",
          "Microsoft.Azure.Management.Network.NetworkManagementClient/10.0.0.0"
        ]
      },
      "ResponseBody": "{\r\n  \"name\": \"nic5852\",\r\n  \"id\": \"/subscriptions/24fb23e3-6ba3-41f0-9b6e-e41131d5d61e/resourceGroups/crptestar5786/providers/Microsoft.Network/networkInterfaces/nic5852\",\r\n  \"etag\": \"W/\\\"58f618f5-e507-4101-8188-c8538601dfae\\\"\",\r\n  \"location\": \"southeastasia\",\r\n  \"tags\": {\r\n    \"key\": \"value\"\r\n  },\r\n  \"properties\": {\r\n    \"provisioningState\": \"Succeeded\",\r\n    \"resourceGuid\": \"0e66b6cc-70c6-4fbe-b5ae-ab5b6755ef35\",\r\n    \"ipConfigurations\": [\r\n      {\r\n        \"name\": \"ip677\",\r\n        \"id\": \"/subscriptions/24fb23e3-6ba3-41f0-9b6e-e41131d5d61e/resourceGroups/crptestar5786/providers/Microsoft.Network/networkInterfaces/nic5852/ipConfigurations/ip677\",\r\n        \"etag\": \"W/\\\"58f618f5-e507-4101-8188-c8538601dfae\\\"\",\r\n        \"properties\": {\r\n          \"provisioningState\": \"Succeeded\",\r\n          \"privateIPAddress\": \"10.0.0.4\",\r\n          \"privateIPAllocationMethod\": \"Dynamic\",\r\n          \"subnet\": {\r\n            \"id\": \"/subscriptions/24fb23e3-6ba3-41f0-9b6e-e41131d5d61e/resourceGroups/crptestar5786/providers/Microsoft.Network/virtualNetworks/vn9167/subnets/sn4729\"\r\n          },\r\n          \"primary\": true,\r\n          \"privateIPAddressVersion\": \"IPv4\",\r\n          \"isInUseWithService\": false\r\n        }\r\n      }\r\n    ],\r\n    \"dnsSettings\": {\r\n      \"dnsServers\": [],\r\n      \"appliedDnsServers\": [],\r\n      \"internalDomainNameSuffix\": \"ctizsd1tiyqehes3yogzd3et5a.ix.internal.cloudapp.net\"\r\n    },\r\n    \"enableAcceleratedNetworking\": false,\r\n    \"enableIPForwarding\": false\r\n  },\r\n  \"type\": \"Microsoft.Network/networkInterfaces\"\r\n}",
      "ResponseHeaders": {
        "Content-Type": [
          "application/json; charset=utf-8"
        ],
        "Expires": [
          "-1"
        ],
        "Cache-Control": [
          "no-cache"
        ],
        "Date": [
          "Thu, 03 May 2018 17:53:34 GMT"
        ],
        "Pragma": [
          "no-cache"
        ],
        "Transfer-Encoding": [
          "chunked"
        ],
        "ETag": [
          "W/\"58f618f5-e507-4101-8188-c8538601dfae\""
        ],
        "Server": [
          "Microsoft-HTTPAPI/2.0",
          "Microsoft-HTTPAPI/2.0"
        ],
        "Vary": [
          "Accept-Encoding"
        ],
        "x-ms-request-id": [
          "c582dfc0-76cc-483f-a87e-4f1895620f6e"
        ],
        "Strict-Transport-Security": [
          "max-age=31536000; includeSubDomains"
        ],
        "x-ms-ratelimit-remaining-subscription-reads": [
          "14992"
        ],
        "x-ms-correlation-request-id": [
          "28323790-a1f3-4b5e-a766-ed5f8113555b"
        ],
        "x-ms-routing-request-id": [
          "WESTUS2:20180503T175334Z:28323790-a1f3-4b5e-a766-ed5f8113555b"
        ],
        "X-Content-Type-Options": [
          "nosniff"
        ]
      },
      "StatusCode": 200
    },
    {
      "RequestUri": "/subscriptions/24fb23e3-6ba3-41f0-9b6e-e41131d5d61e/resourceGroups/crptestar5786/providers/Microsoft.Network/networkInterfaces/nic5852?api-version=2017-03-01",
      "EncodedRequestUri": "L3N1YnNjcmlwdGlvbnMvMjRmYjIzZTMtNmJhMy00MWYwLTliNmUtZTQxMTMxZDVkNjFlL3Jlc291cmNlR3JvdXBzL2NycHRlc3RhcjU3ODYvcHJvdmlkZXJzL01pY3Jvc29mdC5OZXR3b3JrL25ldHdvcmtJbnRlcmZhY2VzL25pYzU4NTI/YXBpLXZlcnNpb249MjAxNy0wMy0wMQ==",
      "RequestMethod": "GET",
      "RequestBody": "",
      "RequestHeaders": {
        "x-ms-client-request-id": [
          "63161333-a3c0-4c86-892f-e7770aa501b6"
        ],
        "accept-language": [
          "en-US"
        ],
        "User-Agent": [
          "FxVersion/4.6.25714.03",
          "Microsoft.Azure.Management.Network.NetworkManagementClient/10.0.0.0"
        ]
      },
      "ResponseBody": "{\r\n  \"name\": \"nic5852\",\r\n  \"id\": \"/subscriptions/24fb23e3-6ba3-41f0-9b6e-e41131d5d61e/resourceGroups/crptestar5786/providers/Microsoft.Network/networkInterfaces/nic5852\",\r\n  \"etag\": \"W/\\\"58f618f5-e507-4101-8188-c8538601dfae\\\"\",\r\n  \"location\": \"southeastasia\",\r\n  \"tags\": {\r\n    \"key\": \"value\"\r\n  },\r\n  \"properties\": {\r\n    \"provisioningState\": \"Succeeded\",\r\n    \"resourceGuid\": \"0e66b6cc-70c6-4fbe-b5ae-ab5b6755ef35\",\r\n    \"ipConfigurations\": [\r\n      {\r\n        \"name\": \"ip677\",\r\n        \"id\": \"/subscriptions/24fb23e3-6ba3-41f0-9b6e-e41131d5d61e/resourceGroups/crptestar5786/providers/Microsoft.Network/networkInterfaces/nic5852/ipConfigurations/ip677\",\r\n        \"etag\": \"W/\\\"58f618f5-e507-4101-8188-c8538601dfae\\\"\",\r\n        \"properties\": {\r\n          \"provisioningState\": \"Succeeded\",\r\n          \"privateIPAddress\": \"10.0.0.4\",\r\n          \"privateIPAllocationMethod\": \"Dynamic\",\r\n          \"subnet\": {\r\n            \"id\": \"/subscriptions/24fb23e3-6ba3-41f0-9b6e-e41131d5d61e/resourceGroups/crptestar5786/providers/Microsoft.Network/virtualNetworks/vn9167/subnets/sn4729\"\r\n          },\r\n          \"primary\": true,\r\n          \"privateIPAddressVersion\": \"IPv4\",\r\n          \"isInUseWithService\": false\r\n        }\r\n      }\r\n    ],\r\n    \"dnsSettings\": {\r\n      \"dnsServers\": [],\r\n      \"appliedDnsServers\": [],\r\n      \"internalDomainNameSuffix\": \"ctizsd1tiyqehes3yogzd3et5a.ix.internal.cloudapp.net\"\r\n    },\r\n    \"enableAcceleratedNetworking\": false,\r\n    \"enableIPForwarding\": false\r\n  },\r\n  \"type\": \"Microsoft.Network/networkInterfaces\"\r\n}",
      "ResponseHeaders": {
        "Content-Type": [
          "application/json; charset=utf-8"
        ],
        "Expires": [
          "-1"
        ],
        "Cache-Control": [
          "no-cache"
        ],
        "Date": [
          "Thu, 03 May 2018 17:53:34 GMT"
        ],
        "Pragma": [
          "no-cache"
        ],
        "Transfer-Encoding": [
          "chunked"
        ],
        "ETag": [
          "W/\"58f618f5-e507-4101-8188-c8538601dfae\""
        ],
        "Server": [
          "Microsoft-HTTPAPI/2.0",
          "Microsoft-HTTPAPI/2.0"
        ],
        "Vary": [
          "Accept-Encoding"
        ],
        "x-ms-request-id": [
          "afb06ff6-2cdc-4278-96f5-c33c640994ad"
        ],
        "Strict-Transport-Security": [
          "max-age=31536000; includeSubDomains"
        ],
        "x-ms-ratelimit-remaining-subscription-reads": [
          "14991"
        ],
        "x-ms-correlation-request-id": [
          "d03c3a7a-c9f8-4518-8d9b-7589f905b6c7"
        ],
        "x-ms-routing-request-id": [
          "WESTUS2:20180503T175335Z:d03c3a7a-c9f8-4518-8d9b-7589f905b6c7"
        ],
        "X-Content-Type-Options": [
          "nosniff"
        ]
      },
      "StatusCode": 200
    },
    {
      "RequestUri": "/subscriptions/24fb23e3-6ba3-41f0-9b6e-e41131d5d61e/resourceGroups/crptestar5786/providers/Microsoft.Compute/availabilitySets/as9482?api-version=2018-04-01",
      "EncodedRequestUri": "L3N1YnNjcmlwdGlvbnMvMjRmYjIzZTMtNmJhMy00MWYwLTliNmUtZTQxMTMxZDVkNjFlL3Jlc291cmNlR3JvdXBzL2NycHRlc3RhcjU3ODYvcHJvdmlkZXJzL01pY3Jvc29mdC5Db21wdXRlL2F2YWlsYWJpbGl0eVNldHMvYXM5NDgyP2FwaS12ZXJzaW9uPTIwMTgtMDQtMDE=",
      "RequestMethod": "PUT",
      "RequestBody": "{\r\n  \"properties\": {\r\n    \"platformUpdateDomainCount\": 5,\r\n    \"platformFaultDomainCount\": 3\r\n  },\r\n  \"sku\": {\r\n    \"name\": \"Classic\"\r\n  },\r\n  \"location\": \"SoutheastAsia\",\r\n  \"tags\": {\r\n    \"RG\": \"rg\",\r\n    \"testTag\": \"1\"\r\n  }\r\n}",
      "RequestHeaders": {
        "Content-Type": [
          "application/json; charset=utf-8"
        ],
        "Content-Length": [
          "229"
        ],
        "x-ms-client-request-id": [
          "aaed1013-82fc-46e1-a8e3-d66ead8c55a3"
        ],
        "accept-language": [
          "en-US"
        ],
        "User-Agent": [
          "FxVersion/4.6.25714.03",
          "Microsoft.Azure.Management.Compute.ComputeManagementClient/18.0.0.0"
        ]
      },
      "ResponseBody": "{\r\n  \"properties\": {\r\n    \"platformUpdateDomainCount\": 5,\r\n    \"platformFaultDomainCount\": 3\r\n  },\r\n  \"type\": \"Microsoft.Compute/availabilitySets\",\r\n  \"location\": \"southeastasia\",\r\n  \"tags\": {\r\n    \"RG\": \"rg\",\r\n    \"testTag\": \"1\"\r\n  },\r\n  \"id\": \"/subscriptions/24fb23e3-6ba3-41f0-9b6e-e41131d5d61e/resourceGroups/crptestar5786/providers/Microsoft.Compute/availabilitySets/as9482\",\r\n  \"name\": \"as9482\",\r\n  \"sku\": {\r\n    \"name\": \"Classic\"\r\n  }\r\n}",
      "ResponseHeaders": {
        "Content-Type": [
          "application/json; charset=utf-8"
        ],
        "Expires": [
          "-1"
        ],
        "Cache-Control": [
          "no-cache"
        ],
        "Date": [
          "Thu, 03 May 2018 17:53:39 GMT"
        ],
        "Pragma": [
          "no-cache"
        ],
        "Transfer-Encoding": [
          "chunked"
        ],
        "Server": [
          "Microsoft-HTTPAPI/2.0",
          "Microsoft-HTTPAPI/2.0"
        ],
        "Vary": [
          "Accept-Encoding"
        ],
        "x-ms-ratelimit-remaining-resource": [
          "Microsoft.Compute/PutVM3Min;420,Microsoft.Compute/PutVM30Min;2106"
        ],
        "Strict-Transport-Security": [
          "max-age=31536000; includeSubDomains"
        ],
        "x-ms-served-by": [
          "d8479ab9-b4a1-4ca4-bfe5-eb2106eeb54c_131698431315038144"
        ],
        "x-ms-request-id": [
          "379e8f20-d870-4bd3-aee6-2def4e7617f3"
        ],
        "x-ms-ratelimit-remaining-subscription-writes": [
          "1199"
        ],
        "x-ms-correlation-request-id": [
          "3a20d8ef-5426-44dc-abbc-2c28176a58bf"
        ],
        "x-ms-routing-request-id": [
          "WESTUS2:20180503T175339Z:3a20d8ef-5426-44dc-abbc-2c28176a58bf"
        ],
        "X-Content-Type-Options": [
          "nosniff"
        ]
      },
      "StatusCode": 200
    },
    {
      "RequestUri": "/subscriptions/24fb23e3-6ba3-41f0-9b6e-e41131d5d61e/resourceGroups/crptestar5786/providers/Microsoft.Compute/virtualMachines/vm6160?api-version=2018-04-01",
      "EncodedRequestUri": "L3N1YnNjcmlwdGlvbnMvMjRmYjIzZTMtNmJhMy00MWYwLTliNmUtZTQxMTMxZDVkNjFlL3Jlc291cmNlR3JvdXBzL2NycHRlc3RhcjU3ODYvcHJvdmlkZXJzL01pY3Jvc29mdC5Db21wdXRlL3ZpcnR1YWxNYWNoaW5lcy92bTYxNjA/YXBpLXZlcnNpb249MjAxOC0wNC0wMQ==",
      "RequestMethod": "PUT",
      "RequestBody": "{\r\n  \"properties\": {\r\n    \"hardwareProfile\": {\r\n      \"vmSize\": \"Standard_A0\"\r\n    },\r\n    \"storageProfile\": {\r\n      \"imageReference\": {\r\n        \"publisher\": \"MicrosoftWindowsServer\",\r\n        \"offer\": \"WindowsServer\",\r\n        \"sku\": \"2012-R2-Datacenter\",\r\n        \"version\": \"4.127.20170406\"\r\n      },\r\n      \"osDisk\": {\r\n        \"name\": \"test\",\r\n        \"vhd\": {\r\n          \"uri\": \"https://crptestar7118.blob.core.windows.net/crptestar9400/oscrptestar8272.vhd\"\r\n        },\r\n        \"caching\": \"None\",\r\n        \"createOption\": \"FromImage\"\r\n      }\r\n    },\r\n    \"osProfile\": {\r\n      \"computerName\": \"Test\",\r\n      \"adminUsername\": \"Foo12\",\r\n      \"adminPassword\": \"[PLACEHOLDER]\"\r\n    },\r\n    \"networkProfile\": {\r\n      \"networkInterfaces\": [\r\n        {\r\n          \"id\": \"/subscriptions/24fb23e3-6ba3-41f0-9b6e-e41131d5d61e/resourceGroups/crptestar5786/providers/Microsoft.Network/networkInterfaces/nic5852\"\r\n        }\r\n      ]\r\n    },\r\n    \"availabilitySet\": {\r\n      \"id\": \"/subscriptions/24fb23e3-6ba3-41f0-9b6e-e41131d5d61e/resourceGroups/crptestar5786/providers/Microsoft.Compute/availabilitySets/as9482\"\r\n    }\r\n  },\r\n  \"location\": \"SoutheastAsia\",\r\n  \"tags\": {\r\n    \"RG\": \"rg\",\r\n    \"testTag\": \"1\"\r\n  }\r\n}",
      "RequestHeaders": {
        "Content-Type": [
          "application/json; charset=utf-8"
        ],
        "Content-Length": [
          "1218"
        ],
        "x-ms-client-request-id": [
          "27986c76-31ba-446e-a4c2-0d8259280478"
        ],
        "accept-language": [
          "en-US"
        ],
        "User-Agent": [
          "FxVersion/4.6.25714.03",
          "Microsoft.Azure.Management.Compute.ComputeManagementClient/18.0.0.0"
        ]
      },
      "ResponseBody": "{\r\n  \"properties\": {\r\n    \"vmId\": \"68b8b926-b582-407e-8bc3-438fec294a5e\",\r\n    \"availabilitySet\": {\r\n      \"id\": \"/subscriptions/24fb23e3-6ba3-41f0-9b6e-e41131d5d61e/resourceGroups/crptestar5786/providers/Microsoft.Compute/availabilitySets/AS9482\"\r\n    },\r\n    \"hardwareProfile\": {\r\n      \"vmSize\": \"Standard_A0\"\r\n    },\r\n    \"storageProfile\": {\r\n      \"imageReference\": {\r\n        \"publisher\": \"MicrosoftWindowsServer\",\r\n        \"offer\": \"WindowsServer\",\r\n        \"sku\": \"2012-R2-Datacenter\",\r\n        \"version\": \"4.127.20170406\"\r\n      },\r\n      \"osDisk\": {\r\n        \"osType\": \"Windows\",\r\n        \"name\": \"test\",\r\n        \"createOption\": \"FromImage\",\r\n        \"vhd\": {\r\n          \"uri\": \"https://crptestar7118.blob.core.windows.net/crptestar9400/oscrptestar8272.vhd\"\r\n        },\r\n        \"caching\": \"None\"\r\n      },\r\n      \"dataDisks\": []\r\n    },\r\n    \"osProfile\": {\r\n      \"computerName\": \"Test\",\r\n      \"adminUsername\": \"Foo12\",\r\n      \"windowsConfiguration\": {\r\n        \"provisionVMAgent\": true,\r\n        \"enableAutomaticUpdates\": true\r\n      },\r\n      \"secrets\": []\r\n    },\r\n    \"networkProfile\": {\r\n      \"networkInterfaces\": [\r\n        {\r\n          \"id\": \"/subscriptions/24fb23e3-6ba3-41f0-9b6e-e41131d5d61e/resourceGroups/crptestar5786/providers/Microsoft.Network/networkInterfaces/nic5852\"\r\n        }\r\n      ]\r\n    },\r\n    \"provisioningState\": \"Creating\"\r\n  },\r\n  \"type\": \"Microsoft.Compute/virtualMachines\",\r\n  \"location\": \"southeastasia\",\r\n  \"tags\": {\r\n    \"RG\": \"rg\",\r\n    \"testTag\": \"1\"\r\n  },\r\n  \"id\": \"/subscriptions/24fb23e3-6ba3-41f0-9b6e-e41131d5d61e/resourceGroups/crptestar5786/providers/Microsoft.Compute/virtualMachines/vm6160\",\r\n  \"name\": \"vm6160\"\r\n}",
      "ResponseHeaders": {
        "Content-Length": [
          "1617"
        ],
        "Content-Type": [
          "application/json; charset=utf-8"
        ],
        "Expires": [
          "-1"
        ],
        "Cache-Control": [
          "no-cache"
        ],
        "Date": [
          "Thu, 03 May 2018 17:53:42 GMT"
        ],
        "Pragma": [
          "no-cache"
        ],
        "Retry-After": [
          "10"
        ],
        "Server": [
          "Microsoft-HTTPAPI/2.0",
          "Microsoft-HTTPAPI/2.0"
        ],
        "Azure-AsyncOperation": [
          "https://management.azure.com/subscriptions/24fb23e3-6ba3-41f0-9b6e-e41131d5d61e/providers/Microsoft.Compute/locations/southeastasia/operations/95527778-19bc-4dd3-8f1e-5027255f552c?api-version=2018-04-01"
        ],
        "x-ms-ratelimit-remaining-resource": [
          "Microsoft.Compute/PutVM3Min;419,Microsoft.Compute/PutVM30Min;2105"
        ],
        "Strict-Transport-Security": [
          "max-age=31536000; includeSubDomains"
        ],
        "x-ms-served-by": [
          "d8479ab9-b4a1-4ca4-bfe5-eb2106eeb54c_131698431315038144"
        ],
        "x-ms-request-id": [
          "95527778-19bc-4dd3-8f1e-5027255f552c"
        ],
        "x-ms-ratelimit-remaining-subscription-writes": [
          "1198"
        ],
        "x-ms-correlation-request-id": [
          "2f12e594-363b-4284-adee-aa5c474606eb"
        ],
        "x-ms-routing-request-id": [
          "WESTUS2:20180503T175342Z:2f12e594-363b-4284-adee-aa5c474606eb"
        ],
        "X-Content-Type-Options": [
          "nosniff"
        ]
      },
      "StatusCode": 201
    },
    {
      "RequestUri": "/subscriptions/24fb23e3-6ba3-41f0-9b6e-e41131d5d61e/providers/Microsoft.Compute/locations/southeastasia/operations/95527778-19bc-4dd3-8f1e-5027255f552c?api-version=2018-04-01",
      "EncodedRequestUri": "L3N1YnNjcmlwdGlvbnMvMjRmYjIzZTMtNmJhMy00MWYwLTliNmUtZTQxMTMxZDVkNjFlL3Byb3ZpZGVycy9NaWNyb3NvZnQuQ29tcHV0ZS9sb2NhdGlvbnMvc291dGhlYXN0YXNpYS9vcGVyYXRpb25zLzk1NTI3Nzc4LTE5YmMtNGRkMy04ZjFlLTUwMjcyNTVmNTUyYz9hcGktdmVyc2lvbj0yMDE4LTA0LTAx",
      "RequestMethod": "GET",
      "RequestBody": "",
      "RequestHeaders": {
        "User-Agent": [
          "FxVersion/4.6.25714.03",
          "Microsoft.Azure.Management.Compute.ComputeManagementClient/18.0.0.0"
        ]
      },
      "ResponseBody": "{\r\n  \"startTime\": \"2018-05-03T10:53:41.3895369-07:00\",\r\n  \"status\": \"InProgress\",\r\n  \"name\": \"95527778-19bc-4dd3-8f1e-5027255f552c\"\r\n}",
      "ResponseHeaders": {
        "Content-Type": [
          "application/json; charset=utf-8"
        ],
        "Expires": [
          "-1"
        ],
        "Cache-Control": [
          "no-cache"
        ],
        "Date": [
          "Thu, 03 May 2018 17:53:52 GMT"
        ],
        "Pragma": [
          "no-cache"
        ],
        "Transfer-Encoding": [
          "chunked"
        ],
        "Retry-After": [
          "70"
        ],
        "Server": [
          "Microsoft-HTTPAPI/2.0",
          "Microsoft-HTTPAPI/2.0"
        ],
        "Vary": [
          "Accept-Encoding"
        ],
        "x-ms-ratelimit-remaining-resource": [
          "Microsoft.Compute/GetOperation3Min;14999,Microsoft.Compute/GetOperation30Min;29996"
        ],
        "Strict-Transport-Security": [
          "max-age=31536000; includeSubDomains"
        ],
        "x-ms-served-by": [
          "d8479ab9-b4a1-4ca4-bfe5-eb2106eeb54c_131698431315038144"
        ],
        "x-ms-request-id": [
          "a2be0e20-5c1d-46d9-8bbb-9579c16657b1"
        ],
        "x-ms-ratelimit-remaining-subscription-reads": [
          "14999"
        ],
        "x-ms-correlation-request-id": [
          "c47e9556-dee1-40e8-8ab9-be71e1210259"
        ],
        "x-ms-routing-request-id": [
          "WESTUS2:20180503T175352Z:c47e9556-dee1-40e8-8ab9-be71e1210259"
        ],
        "X-Content-Type-Options": [
          "nosniff"
        ]
      },
      "StatusCode": 200
    },
    {
      "RequestUri": "/subscriptions/24fb23e3-6ba3-41f0-9b6e-e41131d5d61e/providers/Microsoft.Compute/locations/southeastasia/operations/95527778-19bc-4dd3-8f1e-5027255f552c?api-version=2018-04-01",
      "EncodedRequestUri": "L3N1YnNjcmlwdGlvbnMvMjRmYjIzZTMtNmJhMy00MWYwLTliNmUtZTQxMTMxZDVkNjFlL3Byb3ZpZGVycy9NaWNyb3NvZnQuQ29tcHV0ZS9sb2NhdGlvbnMvc291dGhlYXN0YXNpYS9vcGVyYXRpb25zLzk1NTI3Nzc4LTE5YmMtNGRkMy04ZjFlLTUwMjcyNTVmNTUyYz9hcGktdmVyc2lvbj0yMDE4LTA0LTAx",
      "RequestMethod": "GET",
      "RequestBody": "",
      "RequestHeaders": {
        "User-Agent": [
          "FxVersion/4.6.25714.03",
          "Microsoft.Azure.Management.Compute.ComputeManagementClient/18.0.0.0"
        ]
      },
      "ResponseBody": "{\r\n  \"startTime\": \"2018-05-03T10:53:41.3895369-07:00\",\r\n  \"status\": \"InProgress\",\r\n  \"name\": \"95527778-19bc-4dd3-8f1e-5027255f552c\"\r\n}",
      "ResponseHeaders": {
        "Content-Type": [
          "application/json; charset=utf-8"
        ],
        "Expires": [
          "-1"
        ],
        "Cache-Control": [
          "no-cache"
        ],
        "Date": [
          "Thu, 03 May 2018 17:54:32 GMT"
        ],
        "Pragma": [
          "no-cache"
        ],
        "Transfer-Encoding": [
          "chunked"
        ],
        "Server": [
          "Microsoft-HTTPAPI/2.0",
          "Microsoft-HTTPAPI/2.0"
        ],
        "Vary": [
          "Accept-Encoding"
        ],
        "x-ms-ratelimit-remaining-resource": [
          "Microsoft.Compute/GetOperation3Min;14996,Microsoft.Compute/GetOperation30Min;29993"
        ],
        "Strict-Transport-Security": [
          "max-age=31536000; includeSubDomains"
        ],
        "x-ms-served-by": [
          "d8479ab9-b4a1-4ca4-bfe5-eb2106eeb54c_131698431315038144"
        ],
        "x-ms-request-id": [
          "b67f50e0-0c2a-4ddc-84eb-2b06cc06991a"
        ],
        "x-ms-ratelimit-remaining-subscription-reads": [
          "14998"
        ],
        "x-ms-correlation-request-id": [
          "b57e9b58-c71f-4ba0-9ef0-402971d3d31b"
        ],
        "x-ms-routing-request-id": [
          "WESTUS2:20180503T175433Z:b57e9b58-c71f-4ba0-9ef0-402971d3d31b"
        ],
        "X-Content-Type-Options": [
          "nosniff"
        ]
      },
      "StatusCode": 200
    },
    {
      "RequestUri": "/subscriptions/24fb23e3-6ba3-41f0-9b6e-e41131d5d61e/providers/Microsoft.Compute/locations/southeastasia/operations/95527778-19bc-4dd3-8f1e-5027255f552c?api-version=2018-04-01",
      "EncodedRequestUri": "L3N1YnNjcmlwdGlvbnMvMjRmYjIzZTMtNmJhMy00MWYwLTliNmUtZTQxMTMxZDVkNjFlL3Byb3ZpZGVycy9NaWNyb3NvZnQuQ29tcHV0ZS9sb2NhdGlvbnMvc291dGhlYXN0YXNpYS9vcGVyYXRpb25zLzk1NTI3Nzc4LTE5YmMtNGRkMy04ZjFlLTUwMjcyNTVmNTUyYz9hcGktdmVyc2lvbj0yMDE4LTA0LTAx",
      "RequestMethod": "GET",
      "RequestBody": "",
      "RequestHeaders": {
        "User-Agent": [
          "FxVersion/4.6.25714.03",
          "Microsoft.Azure.Management.Compute.ComputeManagementClient/18.0.0.0"
        ]
      },
      "ResponseBody": "{\r\n  \"startTime\": \"2018-05-03T10:53:41.3895369-07:00\",\r\n  \"status\": \"InProgress\",\r\n  \"name\": \"95527778-19bc-4dd3-8f1e-5027255f552c\"\r\n}",
      "ResponseHeaders": {
        "Content-Type": [
          "application/json; charset=utf-8"
        ],
        "Expires": [
          "-1"
        ],
        "Cache-Control": [
          "no-cache"
        ],
        "Date": [
          "Thu, 03 May 2018 17:55:19 GMT"
        ],
        "Pragma": [
          "no-cache"
        ],
        "Transfer-Encoding": [
          "chunked"
        ],
        "Server": [
          "Microsoft-HTTPAPI/2.0",
          "Microsoft-HTTPAPI/2.0"
        ],
        "Vary": [
          "Accept-Encoding"
        ],
        "x-ms-ratelimit-remaining-resource": [
          "Microsoft.Compute/GetOperation3Min;14992,Microsoft.Compute/GetOperation30Min;29989"
        ],
        "Strict-Transport-Security": [
          "max-age=31536000; includeSubDomains"
        ],
        "x-ms-served-by": [
          "d8479ab9-b4a1-4ca4-bfe5-eb2106eeb54c_131698431315038144"
        ],
        "x-ms-request-id": [
          "9bc84592-6b5e-4538-938a-8c117f4426fa"
        ],
        "x-ms-ratelimit-remaining-subscription-reads": [
          "14997"
        ],
        "x-ms-correlation-request-id": [
          "d8530e96-8848-4ab5-b883-f206968f998f"
        ],
        "x-ms-routing-request-id": [
          "WESTUS2:20180503T175519Z:d8530e96-8848-4ab5-b883-f206968f998f"
        ],
        "X-Content-Type-Options": [
          "nosniff"
        ]
      },
      "StatusCode": 200
    },
    {
      "RequestUri": "/subscriptions/24fb23e3-6ba3-41f0-9b6e-e41131d5d61e/providers/Microsoft.Compute/locations/southeastasia/operations/95527778-19bc-4dd3-8f1e-5027255f552c?api-version=2018-04-01",
      "EncodedRequestUri": "L3N1YnNjcmlwdGlvbnMvMjRmYjIzZTMtNmJhMy00MWYwLTliNmUtZTQxMTMxZDVkNjFlL3Byb3ZpZGVycy9NaWNyb3NvZnQuQ29tcHV0ZS9sb2NhdGlvbnMvc291dGhlYXN0YXNpYS9vcGVyYXRpb25zLzk1NTI3Nzc4LTE5YmMtNGRkMy04ZjFlLTUwMjcyNTVmNTUyYz9hcGktdmVyc2lvbj0yMDE4LTA0LTAx",
      "RequestMethod": "GET",
      "RequestBody": "",
      "RequestHeaders": {
        "User-Agent": [
          "FxVersion/4.6.25714.03",
          "Microsoft.Azure.Management.Compute.ComputeManagementClient/18.0.0.0"
        ]
      },
      "ResponseBody": "{\r\n  \"startTime\": \"2018-05-03T10:53:41.3895369-07:00\",\r\n  \"status\": \"InProgress\",\r\n  \"name\": \"95527778-19bc-4dd3-8f1e-5027255f552c\"\r\n}",
      "ResponseHeaders": {
        "Content-Type": [
          "application/json; charset=utf-8"
        ],
        "Expires": [
          "-1"
        ],
        "Cache-Control": [
          "no-cache"
        ],
        "Date": [
          "Thu, 03 May 2018 17:55:59 GMT"
        ],
        "Pragma": [
          "no-cache"
        ],
        "Transfer-Encoding": [
          "chunked"
        ],
        "Server": [
          "Microsoft-HTTPAPI/2.0",
          "Microsoft-HTTPAPI/2.0"
        ],
        "Vary": [
          "Accept-Encoding"
        ],
        "x-ms-ratelimit-remaining-resource": [
          "Microsoft.Compute/GetOperation3Min;14989,Microsoft.Compute/GetOperation30Min;29986"
        ],
        "Strict-Transport-Security": [
          "max-age=31536000; includeSubDomains"
        ],
        "x-ms-served-by": [
          "d8479ab9-b4a1-4ca4-bfe5-eb2106eeb54c_131698431315038144"
        ],
        "x-ms-request-id": [
          "822ee39d-0907-4b20-a865-1f06aa30bb1e"
        ],
        "x-ms-ratelimit-remaining-subscription-reads": [
          "14996"
        ],
        "x-ms-correlation-request-id": [
          "263b3537-33c3-4657-bc0f-12560e03c883"
        ],
        "x-ms-routing-request-id": [
          "WESTUS2:20180503T175559Z:263b3537-33c3-4657-bc0f-12560e03c883"
        ],
        "X-Content-Type-Options": [
          "nosniff"
        ]
      },
      "StatusCode": 200
    },
    {
      "RequestUri": "/subscriptions/24fb23e3-6ba3-41f0-9b6e-e41131d5d61e/providers/Microsoft.Compute/locations/southeastasia/operations/95527778-19bc-4dd3-8f1e-5027255f552c?api-version=2018-04-01",
      "EncodedRequestUri": "L3N1YnNjcmlwdGlvbnMvMjRmYjIzZTMtNmJhMy00MWYwLTliNmUtZTQxMTMxZDVkNjFlL3Byb3ZpZGVycy9NaWNyb3NvZnQuQ29tcHV0ZS9sb2NhdGlvbnMvc291dGhlYXN0YXNpYS9vcGVyYXRpb25zLzk1NTI3Nzc4LTE5YmMtNGRkMy04ZjFlLTUwMjcyNTVmNTUyYz9hcGktdmVyc2lvbj0yMDE4LTA0LTAx",
      "RequestMethod": "GET",
      "RequestBody": "",
      "RequestHeaders": {
        "User-Agent": [
          "FxVersion/4.6.25714.03",
          "Microsoft.Azure.Management.Compute.ComputeManagementClient/18.0.0.0"
        ]
      },
      "ResponseBody": "{\r\n  \"startTime\": \"2018-05-03T10:53:41.3895369-07:00\",\r\n  \"status\": \"InProgress\",\r\n  \"name\": \"95527778-19bc-4dd3-8f1e-5027255f552c\"\r\n}",
      "ResponseHeaders": {
        "Content-Type": [
          "application/json; charset=utf-8"
        ],
        "Expires": [
          "-1"
        ],
        "Cache-Control": [
          "no-cache"
        ],
        "Date": [
          "Thu, 03 May 2018 17:56:40 GMT"
        ],
        "Pragma": [
          "no-cache"
        ],
        "Transfer-Encoding": [
          "chunked"
        ],
        "Server": [
          "Microsoft-HTTPAPI/2.0",
          "Microsoft-HTTPAPI/2.0"
        ],
        "Vary": [
          "Accept-Encoding"
        ],
        "x-ms-ratelimit-remaining-resource": [
          "Microsoft.Compute/GetOperation3Min;14988,Microsoft.Compute/GetOperation30Min;29983"
        ],
        "Strict-Transport-Security": [
          "max-age=31536000; includeSubDomains"
        ],
        "x-ms-served-by": [
          "d8479ab9-b4a1-4ca4-bfe5-eb2106eeb54c_131698431315038144"
        ],
        "x-ms-request-id": [
          "76cdf460-141d-4f45-8406-cb90e5998dd5"
        ],
        "x-ms-ratelimit-remaining-subscription-reads": [
          "14995"
        ],
        "x-ms-correlation-request-id": [
          "f4f24dea-09a8-4713-a661-de4811fec56b"
        ],
        "x-ms-routing-request-id": [
          "WESTUS2:20180503T175640Z:f4f24dea-09a8-4713-a661-de4811fec56b"
        ],
        "X-Content-Type-Options": [
          "nosniff"
        ]
      },
      "StatusCode": 200
    },
    {
      "RequestUri": "/subscriptions/24fb23e3-6ba3-41f0-9b6e-e41131d5d61e/providers/Microsoft.Compute/locations/southeastasia/operations/95527778-19bc-4dd3-8f1e-5027255f552c?api-version=2018-04-01",
      "EncodedRequestUri": "L3N1YnNjcmlwdGlvbnMvMjRmYjIzZTMtNmJhMy00MWYwLTliNmUtZTQxMTMxZDVkNjFlL3Byb3ZpZGVycy9NaWNyb3NvZnQuQ29tcHV0ZS9sb2NhdGlvbnMvc291dGhlYXN0YXNpYS9vcGVyYXRpb25zLzk1NTI3Nzc4LTE5YmMtNGRkMy04ZjFlLTUwMjcyNTVmNTUyYz9hcGktdmVyc2lvbj0yMDE4LTA0LTAx",
      "RequestMethod": "GET",
      "RequestBody": "",
      "RequestHeaders": {
        "User-Agent": [
          "FxVersion/4.6.25714.03",
          "Microsoft.Azure.Management.Compute.ComputeManagementClient/18.0.0.0"
        ]
      },
      "ResponseBody": "{\r\n  \"startTime\": \"2018-05-03T10:53:41.3895369-07:00\",\r\n  \"status\": \"InProgress\",\r\n  \"name\": \"95527778-19bc-4dd3-8f1e-5027255f552c\"\r\n}",
      "ResponseHeaders": {
        "Content-Type": [
          "application/json; charset=utf-8"
        ],
        "Expires": [
          "-1"
        ],
        "Cache-Control": [
          "no-cache"
        ],
        "Date": [
          "Thu, 03 May 2018 17:57:27 GMT"
        ],
        "Pragma": [
          "no-cache"
        ],
        "Transfer-Encoding": [
          "chunked"
        ],
        "Server": [
          "Microsoft-HTTPAPI/2.0",
          "Microsoft-HTTPAPI/2.0"
        ],
        "Vary": [
          "Accept-Encoding"
        ],
        "x-ms-ratelimit-remaining-resource": [
          "Microsoft.Compute/GetOperation3Min;14985,Microsoft.Compute/GetOperation30Min;29979"
        ],
        "Strict-Transport-Security": [
          "max-age=31536000; includeSubDomains"
        ],
        "x-ms-served-by": [
          "d8479ab9-b4a1-4ca4-bfe5-eb2106eeb54c_131698431315038144"
        ],
        "x-ms-request-id": [
          "e80bee1e-cda1-440b-af4a-d0bea79cb692"
        ],
        "x-ms-ratelimit-remaining-subscription-reads": [
          "14994"
        ],
        "x-ms-correlation-request-id": [
          "3ca1ffb7-42f5-4018-8264-16a53a71757f"
        ],
        "x-ms-routing-request-id": [
          "WESTUS2:20180503T175727Z:3ca1ffb7-42f5-4018-8264-16a53a71757f"
        ],
        "X-Content-Type-Options": [
          "nosniff"
        ]
      },
      "StatusCode": 200
    },
    {
      "RequestUri": "/subscriptions/24fb23e3-6ba3-41f0-9b6e-e41131d5d61e/providers/Microsoft.Compute/locations/southeastasia/operations/95527778-19bc-4dd3-8f1e-5027255f552c?api-version=2018-04-01",
      "EncodedRequestUri": "L3N1YnNjcmlwdGlvbnMvMjRmYjIzZTMtNmJhMy00MWYwLTliNmUtZTQxMTMxZDVkNjFlL3Byb3ZpZGVycy9NaWNyb3NvZnQuQ29tcHV0ZS9sb2NhdGlvbnMvc291dGhlYXN0YXNpYS9vcGVyYXRpb25zLzk1NTI3Nzc4LTE5YmMtNGRkMy04ZjFlLTUwMjcyNTVmNTUyYz9hcGktdmVyc2lvbj0yMDE4LTA0LTAx",
      "RequestMethod": "GET",
      "RequestBody": "",
      "RequestHeaders": {
        "User-Agent": [
          "FxVersion/4.6.25714.03",
          "Microsoft.Azure.Management.Compute.ComputeManagementClient/18.0.0.0"
        ]
      },
      "ResponseBody": "{\r\n  \"startTime\": \"2018-05-03T10:53:41.3895369-07:00\",\r\n  \"status\": \"InProgress\",\r\n  \"name\": \"95527778-19bc-4dd3-8f1e-5027255f552c\"\r\n}",
      "ResponseHeaders": {
        "Content-Type": [
          "application/json; charset=utf-8"
        ],
        "Expires": [
          "-1"
        ],
        "Cache-Control": [
          "no-cache"
        ],
        "Date": [
          "Thu, 03 May 2018 17:58:07 GMT"
        ],
        "Pragma": [
          "no-cache"
        ],
        "Transfer-Encoding": [
          "chunked"
        ],
        "Server": [
          "Microsoft-HTTPAPI/2.0",
          "Microsoft-HTTPAPI/2.0"
        ],
        "Vary": [
          "Accept-Encoding"
        ],
        "x-ms-ratelimit-remaining-resource": [
          "Microsoft.Compute/GetOperation3Min;14988,Microsoft.Compute/GetOperation30Min;29976"
        ],
        "Strict-Transport-Security": [
          "max-age=31536000; includeSubDomains"
        ],
        "x-ms-served-by": [
          "d8479ab9-b4a1-4ca4-bfe5-eb2106eeb54c_131698431315038144"
        ],
        "x-ms-request-id": [
          "d9161c41-ac3f-41c2-be2c-d86d2461f4ca"
        ],
        "x-ms-ratelimit-remaining-subscription-reads": [
          "14993"
        ],
        "x-ms-correlation-request-id": [
          "18477c94-5414-4080-afe2-7254802df4d2"
        ],
        "x-ms-routing-request-id": [
          "WESTUS2:20180503T175807Z:18477c94-5414-4080-afe2-7254802df4d2"
        ],
        "X-Content-Type-Options": [
          "nosniff"
        ]
      },
      "StatusCode": 200
    },
    {
      "RequestUri": "/subscriptions/24fb23e3-6ba3-41f0-9b6e-e41131d5d61e/providers/Microsoft.Compute/locations/southeastasia/operations/95527778-19bc-4dd3-8f1e-5027255f552c?api-version=2018-04-01",
      "EncodedRequestUri": "L3N1YnNjcmlwdGlvbnMvMjRmYjIzZTMtNmJhMy00MWYwLTliNmUtZTQxMTMxZDVkNjFlL3Byb3ZpZGVycy9NaWNyb3NvZnQuQ29tcHV0ZS9sb2NhdGlvbnMvc291dGhlYXN0YXNpYS9vcGVyYXRpb25zLzk1NTI3Nzc4LTE5YmMtNGRkMy04ZjFlLTUwMjcyNTVmNTUyYz9hcGktdmVyc2lvbj0yMDE4LTA0LTAx",
      "RequestMethod": "GET",
      "RequestBody": "",
      "RequestHeaders": {
        "User-Agent": [
          "FxVersion/4.6.25714.03",
          "Microsoft.Azure.Management.Compute.ComputeManagementClient/18.0.0.0"
        ]
      },
      "ResponseBody": "{\r\n  \"startTime\": \"2018-05-03T10:53:41.3895369-07:00\",\r\n  \"status\": \"InProgress\",\r\n  \"name\": \"95527778-19bc-4dd3-8f1e-5027255f552c\"\r\n}",
      "ResponseHeaders": {
        "Content-Type": [
          "application/json; charset=utf-8"
        ],
        "Expires": [
          "-1"
        ],
        "Cache-Control": [
          "no-cache"
        ],
        "Date": [
          "Thu, 03 May 2018 17:58:54 GMT"
        ],
        "Pragma": [
          "no-cache"
        ],
        "Transfer-Encoding": [
          "chunked"
        ],
        "Server": [
          "Microsoft-HTTPAPI/2.0",
          "Microsoft-HTTPAPI/2.0"
        ],
        "Vary": [
          "Accept-Encoding"
        ],
        "x-ms-ratelimit-remaining-resource": [
          "Microsoft.Compute/GetOperation3Min;14986,Microsoft.Compute/GetOperation30Min;29972"
        ],
        "Strict-Transport-Security": [
          "max-age=31536000; includeSubDomains"
        ],
        "x-ms-served-by": [
          "d8479ab9-b4a1-4ca4-bfe5-eb2106eeb54c_131698431315038144"
        ],
        "x-ms-request-id": [
          "13135a0c-010b-4d68-8cef-2d3a411ad9dd"
        ],
        "x-ms-ratelimit-remaining-subscription-reads": [
          "14992"
        ],
        "x-ms-correlation-request-id": [
          "09609d35-5b84-47e5-beba-c6902c00ed20"
        ],
        "x-ms-routing-request-id": [
          "WESTUS2:20180503T175854Z:09609d35-5b84-47e5-beba-c6902c00ed20"
        ],
        "X-Content-Type-Options": [
          "nosniff"
        ]
      },
      "StatusCode": 200
    },
    {
      "RequestUri": "/subscriptions/24fb23e3-6ba3-41f0-9b6e-e41131d5d61e/providers/Microsoft.Compute/locations/southeastasia/operations/95527778-19bc-4dd3-8f1e-5027255f552c?api-version=2018-04-01",
      "EncodedRequestUri": "L3N1YnNjcmlwdGlvbnMvMjRmYjIzZTMtNmJhMy00MWYwLTliNmUtZTQxMTMxZDVkNjFlL3Byb3ZpZGVycy9NaWNyb3NvZnQuQ29tcHV0ZS9sb2NhdGlvbnMvc291dGhlYXN0YXNpYS9vcGVyYXRpb25zLzk1NTI3Nzc4LTE5YmMtNGRkMy04ZjFlLTUwMjcyNTVmNTUyYz9hcGktdmVyc2lvbj0yMDE4LTA0LTAx",
      "RequestMethod": "GET",
      "RequestBody": "",
      "RequestHeaders": {
        "User-Agent": [
          "FxVersion/4.6.25714.03",
          "Microsoft.Azure.Management.Compute.ComputeManagementClient/18.0.0.0"
        ]
      },
      "ResponseBody": "{\r\n  \"startTime\": \"2018-05-03T10:53:41.3895369-07:00\",\r\n  \"status\": \"InProgress\",\r\n  \"name\": \"95527778-19bc-4dd3-8f1e-5027255f552c\"\r\n}",
      "ResponseHeaders": {
        "Content-Type": [
          "application/json; charset=utf-8"
        ],
        "Expires": [
          "-1"
        ],
        "Cache-Control": [
          "no-cache"
        ],
        "Date": [
          "Thu, 03 May 2018 17:59:34 GMT"
        ],
        "Pragma": [
          "no-cache"
        ],
        "Transfer-Encoding": [
          "chunked"
        ],
        "Server": [
          "Microsoft-HTTPAPI/2.0",
          "Microsoft-HTTPAPI/2.0"
        ],
        "Vary": [
          "Accept-Encoding"
        ],
        "x-ms-ratelimit-remaining-resource": [
          "Microsoft.Compute/GetOperation3Min;14987,Microsoft.Compute/GetOperation30Min;29969"
        ],
        "Strict-Transport-Security": [
          "max-age=31536000; includeSubDomains"
        ],
        "x-ms-served-by": [
          "d8479ab9-b4a1-4ca4-bfe5-eb2106eeb54c_131698431315038144"
        ],
        "x-ms-request-id": [
          "bc606d6b-bf79-48d2-9dae-5bde7794c1dd"
        ],
        "x-ms-ratelimit-remaining-subscription-reads": [
          "14991"
        ],
        "x-ms-correlation-request-id": [
          "39f465de-ca10-400f-bd68-642be24187d0"
        ],
        "x-ms-routing-request-id": [
          "WESTUS2:20180503T175934Z:39f465de-ca10-400f-bd68-642be24187d0"
        ],
        "X-Content-Type-Options": [
          "nosniff"
        ]
      },
      "StatusCode": 200
    },
    {
      "RequestUri": "/subscriptions/24fb23e3-6ba3-41f0-9b6e-e41131d5d61e/providers/Microsoft.Compute/locations/southeastasia/operations/95527778-19bc-4dd3-8f1e-5027255f552c?api-version=2018-04-01",
      "EncodedRequestUri": "L3N1YnNjcmlwdGlvbnMvMjRmYjIzZTMtNmJhMy00MWYwLTliNmUtZTQxMTMxZDVkNjFlL3Byb3ZpZGVycy9NaWNyb3NvZnQuQ29tcHV0ZS9sb2NhdGlvbnMvc291dGhlYXN0YXNpYS9vcGVyYXRpb25zLzk1NTI3Nzc4LTE5YmMtNGRkMy04ZjFlLTUwMjcyNTVmNTUyYz9hcGktdmVyc2lvbj0yMDE4LTA0LTAx",
      "RequestMethod": "GET",
      "RequestBody": "",
      "RequestHeaders": {
        "User-Agent": [
          "FxVersion/4.6.25714.03",
          "Microsoft.Azure.Management.Compute.ComputeManagementClient/18.0.0.0"
        ]
      },
      "ResponseBody": "{\r\n  \"startTime\": \"2018-05-03T10:53:41.3895369-07:00\",\r\n  \"endTime\": \"2018-05-03T11:00:13.6551787-07:00\",\r\n  \"status\": \"Succeeded\",\r\n  \"name\": \"95527778-19bc-4dd3-8f1e-5027255f552c\"\r\n}",
      "ResponseHeaders": {
        "Content-Type": [
          "application/json; charset=utf-8"
        ],
        "Expires": [
          "-1"
        ],
        "Cache-Control": [
          "no-cache"
        ],
        "Date": [
          "Thu, 03 May 2018 18:00:19 GMT"
        ],
        "Pragma": [
          "no-cache"
        ],
        "Transfer-Encoding": [
          "chunked"
        ],
        "Server": [
          "Microsoft-HTTPAPI/2.0",
          "Microsoft-HTTPAPI/2.0"
        ],
        "Vary": [
          "Accept-Encoding"
        ],
        "x-ms-ratelimit-remaining-resource": [
          "Microsoft.Compute/GetOperation3Min;14986,Microsoft.Compute/GetOperation30Min;29965"
        ],
        "Strict-Transport-Security": [
          "max-age=31536000; includeSubDomains"
        ],
        "x-ms-served-by": [
          "d8479ab9-b4a1-4ca4-bfe5-eb2106eeb54c_131698431315038144"
        ],
        "x-ms-request-id": [
          "c6d49447-cf0e-4e10-8019-48f7c0f5f3b6"
        ],
        "x-ms-ratelimit-remaining-subscription-reads": [
          "14990"
        ],
        "x-ms-correlation-request-id": [
          "ebf342ad-234e-4830-9dfd-7143d000d50f"
        ],
        "x-ms-routing-request-id": [
          "WESTUS2:20180503T180020Z:ebf342ad-234e-4830-9dfd-7143d000d50f"
        ],
        "X-Content-Type-Options": [
          "nosniff"
        ]
      },
      "StatusCode": 200
    },
    {
      "RequestUri": "/subscriptions/24fb23e3-6ba3-41f0-9b6e-e41131d5d61e/resourceGroups/crptestar5786/providers/Microsoft.Compute/virtualMachines/vm6160?api-version=2018-04-01",
      "EncodedRequestUri": "L3N1YnNjcmlwdGlvbnMvMjRmYjIzZTMtNmJhMy00MWYwLTliNmUtZTQxMTMxZDVkNjFlL3Jlc291cmNlR3JvdXBzL2NycHRlc3RhcjU3ODYvcHJvdmlkZXJzL01pY3Jvc29mdC5Db21wdXRlL3ZpcnR1YWxNYWNoaW5lcy92bTYxNjA/YXBpLXZlcnNpb249MjAxOC0wNC0wMQ==",
      "RequestMethod": "GET",
      "RequestBody": "",
      "RequestHeaders": {
        "User-Agent": [
          "FxVersion/4.6.25714.03",
          "Microsoft.Azure.Management.Compute.ComputeManagementClient/18.0.0.0"
        ]
      },
      "ResponseBody": "{\r\n  \"properties\": {\r\n    \"vmId\": \"68b8b926-b582-407e-8bc3-438fec294a5e\",\r\n    \"availabilitySet\": {\r\n      \"id\": \"/subscriptions/24fb23e3-6ba3-41f0-9b6e-e41131d5d61e/resourceGroups/crptestar5786/providers/Microsoft.Compute/availabilitySets/AS9482\"\r\n    },\r\n    \"hardwareProfile\": {\r\n      \"vmSize\": \"Standard_A0\"\r\n    },\r\n    \"storageProfile\": {\r\n      \"imageReference\": {\r\n        \"publisher\": \"MicrosoftWindowsServer\",\r\n        \"offer\": \"WindowsServer\",\r\n        \"sku\": \"2012-R2-Datacenter\",\r\n        \"version\": \"4.127.20170406\"\r\n      },\r\n      \"osDisk\": {\r\n        \"osType\": \"Windows\",\r\n        \"name\": \"test\",\r\n        \"createOption\": \"FromImage\",\r\n        \"vhd\": {\r\n          \"uri\": \"https://crptestar7118.blob.core.windows.net/crptestar9400/oscrptestar8272.vhd\"\r\n        },\r\n        \"caching\": \"None\",\r\n        \"diskSizeGB\": 127\r\n      },\r\n      \"dataDisks\": []\r\n    },\r\n    \"osProfile\": {\r\n      \"computerName\": \"Test\",\r\n      \"adminUsername\": \"Foo12\",\r\n      \"windowsConfiguration\": {\r\n        \"provisionVMAgent\": true,\r\n        \"enableAutomaticUpdates\": true\r\n      },\r\n      \"secrets\": []\r\n    },\r\n    \"networkProfile\": {\r\n      \"networkInterfaces\": [\r\n        {\r\n          \"id\": \"/subscriptions/24fb23e3-6ba3-41f0-9b6e-e41131d5d61e/resourceGroups/crptestar5786/providers/Microsoft.Network/networkInterfaces/nic5852\"\r\n        }\r\n      ]\r\n    },\r\n    \"provisioningState\": \"Succeeded\"\r\n  },\r\n  \"type\": \"Microsoft.Compute/virtualMachines\",\r\n  \"location\": \"southeastasia\",\r\n  \"tags\": {\r\n    \"RG\": \"rg\",\r\n    \"testTag\": \"1\"\r\n  },\r\n  \"id\": \"/subscriptions/24fb23e3-6ba3-41f0-9b6e-e41131d5d61e/resourceGroups/crptestar5786/providers/Microsoft.Compute/virtualMachines/vm6160\",\r\n  \"name\": \"vm6160\"\r\n}",
      "ResponseHeaders": {
        "Content-Type": [
          "application/json; charset=utf-8"
        ],
        "Expires": [
          "-1"
        ],
        "Cache-Control": [
          "no-cache"
        ],
        "Date": [
          "Thu, 03 May 2018 18:00:19 GMT"
        ],
        "Pragma": [
          "no-cache"
        ],
        "Transfer-Encoding": [
          "chunked"
        ],
        "Server": [
          "Microsoft-HTTPAPI/2.0",
          "Microsoft-HTTPAPI/2.0"
        ],
        "Vary": [
          "Accept-Encoding"
        ],
        "x-ms-ratelimit-remaining-resource": [
          "Microsoft.Compute/LowCostGet3Min;4197,Microsoft.Compute/LowCostGet30Min;33587"
        ],
        "Strict-Transport-Security": [
          "max-age=31536000; includeSubDomains"
        ],
        "x-ms-served-by": [
          "d8479ab9-b4a1-4ca4-bfe5-eb2106eeb54c_131698431315038144"
        ],
        "x-ms-request-id": [
          "b223b4b6-55ab-4e9f-bb69-6346f4dbbba6"
        ],
        "x-ms-ratelimit-remaining-subscription-reads": [
          "14989"
        ],
        "x-ms-correlation-request-id": [
          "cbd704f1-06c7-4617-847d-950ef6651358"
        ],
        "x-ms-routing-request-id": [
          "WESTUS2:20180503T180020Z:cbd704f1-06c7-4617-847d-950ef6651358"
        ],
        "X-Content-Type-Options": [
          "nosniff"
        ]
      },
      "StatusCode": 200
    },
    {
      "RequestUri": "/subscriptions/24fb23e3-6ba3-41f0-9b6e-e41131d5d61e/resourceGroups/crptestar5786/providers/Microsoft.Compute/virtualMachines/vm6160?api-version=2018-04-01",
      "EncodedRequestUri": "L3N1YnNjcmlwdGlvbnMvMjRmYjIzZTMtNmJhMy00MWYwLTliNmUtZTQxMTMxZDVkNjFlL3Jlc291cmNlR3JvdXBzL2NycHRlc3RhcjU3ODYvcHJvdmlkZXJzL01pY3Jvc29mdC5Db21wdXRlL3ZpcnR1YWxNYWNoaW5lcy92bTYxNjA/YXBpLXZlcnNpb249MjAxOC0wNC0wMQ==",
      "RequestMethod": "GET",
      "RequestBody": "",
      "RequestHeaders": {
        "x-ms-client-request-id": [
          "64fc4f89-137f-43c5-8f36-0bb60fe82072"
        ],
        "accept-language": [
          "en-US"
        ],
        "User-Agent": [
          "FxVersion/4.6.25714.03",
          "Microsoft.Azure.Management.Compute.ComputeManagementClient/18.0.0.0"
        ]
      },
      "ResponseBody": "{\r\n  \"properties\": {\r\n    \"vmId\": \"68b8b926-b582-407e-8bc3-438fec294a5e\",\r\n    \"availabilitySet\": {\r\n      \"id\": \"/subscriptions/24fb23e3-6ba3-41f0-9b6e-e41131d5d61e/resourceGroups/crptestar5786/providers/Microsoft.Compute/availabilitySets/AS9482\"\r\n    },\r\n    \"hardwareProfile\": {\r\n      \"vmSize\": \"Standard_A0\"\r\n    },\r\n    \"storageProfile\": {\r\n      \"imageReference\": {\r\n        \"publisher\": \"MicrosoftWindowsServer\",\r\n        \"offer\": \"WindowsServer\",\r\n        \"sku\": \"2012-R2-Datacenter\",\r\n        \"version\": \"4.127.20170406\"\r\n      },\r\n      \"osDisk\": {\r\n        \"osType\": \"Windows\",\r\n        \"name\": \"test\",\r\n        \"createOption\": \"FromImage\",\r\n        \"vhd\": {\r\n          \"uri\": \"https://crptestar7118.blob.core.windows.net/crptestar9400/oscrptestar8272.vhd\"\r\n        },\r\n        \"caching\": \"None\",\r\n        \"diskSizeGB\": 127\r\n      },\r\n      \"dataDisks\": []\r\n    },\r\n    \"osProfile\": {\r\n      \"computerName\": \"Test\",\r\n      \"adminUsername\": \"Foo12\",\r\n      \"windowsConfiguration\": {\r\n        \"provisionVMAgent\": true,\r\n        \"enableAutomaticUpdates\": true\r\n      },\r\n      \"secrets\": []\r\n    },\r\n    \"networkProfile\": {\r\n      \"networkInterfaces\": [\r\n        {\r\n          \"id\": \"/subscriptions/24fb23e3-6ba3-41f0-9b6e-e41131d5d61e/resourceGroups/crptestar5786/providers/Microsoft.Network/networkInterfaces/nic5852\"\r\n        }\r\n      ]\r\n    },\r\n    \"provisioningState\": \"Succeeded\"\r\n  },\r\n  \"type\": \"Microsoft.Compute/virtualMachines\",\r\n  \"location\": \"southeastasia\",\r\n  \"tags\": {\r\n    \"RG\": \"rg\",\r\n    \"testTag\": \"1\"\r\n  },\r\n  \"id\": \"/subscriptions/24fb23e3-6ba3-41f0-9b6e-e41131d5d61e/resourceGroups/crptestar5786/providers/Microsoft.Compute/virtualMachines/vm6160\",\r\n  \"name\": \"vm6160\"\r\n}",
      "ResponseHeaders": {
        "Content-Type": [
          "application/json; charset=utf-8"
        ],
        "Expires": [
          "-1"
        ],
        "Cache-Control": [
          "no-cache"
        ],
        "Date": [
          "Thu, 03 May 2018 18:00:19 GMT"
        ],
        "Pragma": [
          "no-cache"
        ],
        "Transfer-Encoding": [
          "chunked"
        ],
        "Server": [
          "Microsoft-HTTPAPI/2.0",
          "Microsoft-HTTPAPI/2.0"
        ],
        "Vary": [
          "Accept-Encoding"
        ],
        "x-ms-ratelimit-remaining-resource": [
          "Microsoft.Compute/LowCostGet3Min;4196,Microsoft.Compute/LowCostGet30Min;33586"
        ],
        "Strict-Transport-Security": [
          "max-age=31536000; includeSubDomains"
        ],
        "x-ms-served-by": [
          "d8479ab9-b4a1-4ca4-bfe5-eb2106eeb54c_131698431315038144"
        ],
        "x-ms-request-id": [
          "409c3fae-a4f1-474e-ac33-fce179d9b8c0"
        ],
        "x-ms-ratelimit-remaining-subscription-reads": [
          "14988"
        ],
        "x-ms-correlation-request-id": [
          "6b6a93be-5cc8-4442-baf4-8642f7b9d95c"
        ],
        "x-ms-routing-request-id": [
          "WESTUS2:20180503T180020Z:6b6a93be-5cc8-4442-baf4-8642f7b9d95c"
        ],
        "X-Content-Type-Options": [
          "nosniff"
        ]
      },
      "StatusCode": 200
    },
    {
      "RequestUri": "/subscriptions/24fb23e3-6ba3-41f0-9b6e-e41131d5d61e/providers/Microsoft.Compute/locations/southeastasia/usages?api-version=2018-04-01",
      "EncodedRequestUri": "L3N1YnNjcmlwdGlvbnMvMjRmYjIzZTMtNmJhMy00MWYwLTliNmUtZTQxMTMxZDVkNjFlL3Byb3ZpZGVycy9NaWNyb3NvZnQuQ29tcHV0ZS9sb2NhdGlvbnMvc291dGhlYXN0YXNpYS91c2FnZXM/YXBpLXZlcnNpb249MjAxOC0wNC0wMQ==",
      "RequestMethod": "GET",
      "RequestBody": "",
      "RequestHeaders": {
        "x-ms-client-request-id": [
          "fc7e2ee0-c097-4e59-82c1-d76822e9d26b"
        ],
        "accept-language": [
          "en-US"
        ],
        "User-Agent": [
          "FxVersion/4.6.25714.03",
          "Microsoft.Azure.Management.Compute.ComputeManagementClient/18.0.0.0"
        ]
      },
      "ResponseBody": "{\r\n  \"value\": [\r\n    {\r\n      \"limit\": 2000,\r\n      \"unit\": \"Count\",\r\n      \"currentValue\": 1,\r\n      \"name\": {\r\n        \"value\": \"availabilitySets\",\r\n        \"localizedValue\": \"Availability Sets\"\r\n      }\r\n    },\r\n    {\r\n      \"limit\": 1000,\r\n      \"unit\": \"Count\",\r\n      \"currentValue\": 11,\r\n      \"name\": {\r\n        \"value\": \"cores\",\r\n        \"localizedValue\": \"Total Regional vCPUs\"\r\n      }\r\n    },\r\n    {\r\n      \"limit\": 10000,\r\n      \"unit\": \"Count\",\r\n      \"currentValue\": 6,\r\n      \"name\": {\r\n        \"value\": \"virtualMachines\",\r\n        \"localizedValue\": \"Virtual Machines\"\r\n      }\r\n    },\r\n    {\r\n      \"limit\": 2000,\r\n      \"unit\": \"Count\",\r\n      \"currentValue\": 1,\r\n      \"name\": {\r\n        \"value\": \"virtualMachineScaleSets\",\r\n        \"localizedValue\": \"Virtual Machine Scale Sets\"\r\n      }\r\n    },\r\n    {\r\n      \"limit\": 1000,\r\n      \"unit\": \"Count\",\r\n      \"currentValue\": 1,\r\n      \"name\": {\r\n        \"value\": \"standardA0_A7Family\",\r\n        \"localizedValue\": \"Standard A0-A7 Family vCPUs\"\r\n      }\r\n    },\r\n    {\r\n      \"limit\": 100,\r\n      \"unit\": \"Count\",\r\n      \"currentValue\": 10,\r\n      \"name\": {\r\n        \"value\": \"standardDv2Family\",\r\n        \"localizedValue\": \"Standard Dv2 Family vCPUs\"\r\n      }\r\n    },\r\n    {\r\n      \"limit\": 100,\r\n      \"unit\": \"Count\",\r\n      \"currentValue\": 0,\r\n      \"name\": {\r\n        \"value\": \"basicAFamily\",\r\n        \"localizedValue\": \"Basic A Family vCPUs\"\r\n      }\r\n    },\r\n    {\r\n      \"limit\": 100,\r\n      \"unit\": \"Count\",\r\n      \"currentValue\": 0,\r\n      \"name\": {\r\n        \"value\": \"standardA8_A11Family\",\r\n        \"localizedValue\": \"Standard A8-A11 Family vCPUs\"\r\n      }\r\n    },\r\n    {\r\n      \"limit\": 100,\r\n      \"unit\": \"Count\",\r\n      \"currentValue\": 0,\r\n      \"name\": {\r\n        \"value\": \"standardDFamily\",\r\n        \"localizedValue\": \"Standard D Family vCPUs\"\r\n      }\r\n    },\r\n    {\r\n      \"limit\": 100,\r\n      \"unit\": \"Count\",\r\n      \"currentValue\": 0,\r\n      \"name\": {\r\n        \"value\": \"standardDSFamily\",\r\n        \"localizedValue\": \"Standard DS Family vCPUs\"\r\n      }\r\n    },\r\n    {\r\n      \"limit\": 100,\r\n      \"unit\": \"Count\",\r\n      \"currentValue\": 0,\r\n      \"name\": {\r\n        \"value\": \"standardDSv2Family\",\r\n        \"localizedValue\": \"Standard DSv2 Family vCPUs\"\r\n      }\r\n    },\r\n    {\r\n      \"limit\": 100,\r\n      \"unit\": \"Count\",\r\n      \"currentValue\": 0,\r\n      \"name\": {\r\n        \"value\": \"standardGFamily\",\r\n        \"localizedValue\": \"Standard G Family vCPUs\"\r\n      }\r\n    },\r\n    {\r\n      \"limit\": 100,\r\n      \"unit\": \"Count\",\r\n      \"currentValue\": 0,\r\n      \"name\": {\r\n        \"value\": \"standardGSFamily\",\r\n        \"localizedValue\": \"Standard GS Family vCPUs\"\r\n      }\r\n    },\r\n    {\r\n      \"limit\": 100,\r\n      \"unit\": \"Count\",\r\n      \"currentValue\": 0,\r\n      \"name\": {\r\n        \"value\": \"standardFFamily\",\r\n        \"localizedValue\": \"Standard F Family vCPUs\"\r\n      }\r\n    },\r\n    {\r\n      \"limit\": 100,\r\n      \"unit\": \"Count\",\r\n      \"currentValue\": 0,\r\n      \"name\": {\r\n        \"value\": \"standardFSFamily\",\r\n        \"localizedValue\": \"Standard FS Family vCPUs\"\r\n      }\r\n    },\r\n    {\r\n      \"limit\": 24,\r\n      \"unit\": \"Count\",\r\n      \"currentValue\": 0,\r\n      \"name\": {\r\n        \"value\": \"standardNVFamily\",\r\n        \"localizedValue\": \"Standard NV Family vCPUs\"\r\n      }\r\n    },\r\n    {\r\n      \"limit\": 48,\r\n      \"unit\": \"Count\",\r\n      \"currentValue\": 0,\r\n      \"name\": {\r\n        \"value\": \"standardNCFamily\",\r\n        \"localizedValue\": \"Standard NC Family vCPUs\"\r\n      }\r\n    },\r\n    {\r\n      \"limit\": 8,\r\n      \"unit\": \"Count\",\r\n      \"currentValue\": 0,\r\n      \"name\": {\r\n        \"value\": \"standardHFamily\",\r\n        \"localizedValue\": \"Standard H Family vCPUs\"\r\n      }\r\n    },\r\n    {\r\n      \"limit\": 100,\r\n      \"unit\": \"Count\",\r\n      \"currentValue\": 0,\r\n      \"name\": {\r\n        \"value\": \"standardAv2Family\",\r\n        \"localizedValue\": \"Standard Av2 Family vCPUs\"\r\n      }\r\n    },\r\n    {\r\n      \"limit\": 100,\r\n      \"unit\": \"Count\",\r\n      \"currentValue\": 0,\r\n      \"name\": {\r\n        \"value\": \"standardLSFamily\",\r\n        \"localizedValue\": \"Standard LS Family vCPUs\"\r\n      }\r\n    },\r\n    {\r\n      \"limit\": 100,\r\n      \"unit\": \"Count\",\r\n      \"currentValue\": 0,\r\n      \"name\": {\r\n        \"value\": \"standardDv2PromoFamily\",\r\n        \"localizedValue\": \"Standard Dv2 Promo Family vCPUs\"\r\n      }\r\n    },\r\n    {\r\n      \"limit\": 100,\r\n      \"unit\": \"Count\",\r\n      \"currentValue\": 0,\r\n      \"name\": {\r\n        \"value\": \"standardDSv2PromoFamily\",\r\n        \"localizedValue\": \"Standard DSv2 Promo Family vCPUs\"\r\n      }\r\n    },\r\n    {\r\n      \"limit\": 0,\r\n      \"unit\": \"Count\",\r\n      \"currentValue\": 0,\r\n      \"name\": {\r\n        \"value\": \"standardMSFamily\",\r\n        \"localizedValue\": \"Standard MS Family vCPUs\"\r\n      }\r\n    },\r\n    {\r\n      \"limit\": 100,\r\n      \"unit\": \"Count\",\r\n      \"currentValue\": 0,\r\n      \"name\": {\r\n        \"value\": \"standardDv3Family\",\r\n        \"localizedValue\": \"Standard Dv3 Family vCPUs\"\r\n      }\r\n    },\r\n    {\r\n      \"limit\": 100,\r\n      \"unit\": \"Count\",\r\n      \"currentValue\": 0,\r\n      \"name\": {\r\n        \"value\": \"standardDSv3Family\",\r\n        \"localizedValue\": \"Standard DSv3 Family vCPUs\"\r\n      }\r\n    },\r\n    {\r\n      \"limit\": 100,\r\n      \"unit\": \"Count\",\r\n      \"currentValue\": 0,\r\n      \"name\": {\r\n        \"value\": \"standardEv3Family\",\r\n        \"localizedValue\": \"Standard Ev3 Family vCPUs\"\r\n      }\r\n    },\r\n    {\r\n      \"limit\": 100,\r\n      \"unit\": \"Count\",\r\n      \"currentValue\": 0,\r\n      \"name\": {\r\n        \"value\": \"standardESv3Family\",\r\n        \"localizedValue\": \"Standard ESv3 Family vCPUs\"\r\n      }\r\n    },\r\n    {\r\n      \"limit\": 10,\r\n      \"unit\": \"Count\",\r\n      \"currentValue\": 0,\r\n      \"name\": {\r\n        \"value\": \"standardBSFamily\",\r\n        \"localizedValue\": \"Standard BS Family vCPUs\"\r\n      }\r\n    },\r\n    {\r\n      \"limit\": 100,\r\n      \"unit\": \"Count\",\r\n      \"currentValue\": 0,\r\n      \"name\": {\r\n        \"value\": \"standardFSv2Family\",\r\n        \"localizedValue\": \"Standard FSv2 Family vCPUs\"\r\n      }\r\n    },\r\n    {\r\n      \"limit\": 0,\r\n      \"unit\": \"Count\",\r\n      \"currentValue\": 0,\r\n      \"name\": {\r\n        \"value\": \"standardNDSFamily\",\r\n        \"localizedValue\": \"Standard NDS Family vCPUs\"\r\n      }\r\n    },\r\n    {\r\n      \"limit\": 0,\r\n      \"unit\": \"Count\",\r\n      \"currentValue\": 0,\r\n      \"name\": {\r\n        \"value\": \"standardNCSv2Family\",\r\n        \"localizedValue\": \"Standard NCSv2 Family vCPUs\"\r\n      }\r\n    },\r\n    {\r\n      \"limit\": 0,\r\n      \"unit\": \"Count\",\r\n      \"currentValue\": 0,\r\n      \"name\": {\r\n        \"value\": \"standardNCSv3Family\",\r\n        \"localizedValue\": \"Standard NCSv3 Family vCPUs\"\r\n      }\r\n    },\r\n    {\r\n      \"limit\": 0,\r\n      \"unit\": \"Count\",\r\n      \"currentValue\": 0,\r\n      \"name\": {\r\n        \"value\": \"standardLSv2Family\",\r\n        \"localizedValue\": \"Standard LSv2 Family vCPUs\"\r\n      }\r\n    },\r\n    {\r\n      \"limit\": 100,\r\n      \"unit\": \"Count\",\r\n      \"currentValue\": 0,\r\n      \"name\": {\r\n        \"value\": \"standardEIv3Family\",\r\n        \"localizedValue\": \"Standard EIv3 Family vCPUs\"\r\n      }\r\n    },\r\n    {\r\n      \"limit\": 100,\r\n      \"unit\": \"Count\",\r\n      \"currentValue\": 0,\r\n      \"name\": {\r\n        \"value\": \"standardEISv3Family\",\r\n        \"localizedValue\": \"Standard EISv3 Family vCPUs\"\r\n      }\r\n    },\r\n    {\r\n      \"limit\": 10000,\r\n      \"unit\": \"Count\",\r\n      \"currentValue\": 2,\r\n      \"name\": {\r\n        \"value\": \"StandardDiskCount\",\r\n        \"localizedValue\": \"Standard Storage Managed Disks\"\r\n      }\r\n    },\r\n    {\r\n      \"limit\": 10000,\r\n      \"unit\": \"Count\",\r\n      \"currentValue\": 0,\r\n      \"name\": {\r\n        \"value\": \"PremiumDiskCount\",\r\n        \"localizedValue\": \"Premium Storage Managed Disks\"\r\n      }\r\n    },\r\n    {\r\n      \"limit\": 10000,\r\n      \"unit\": \"Count\",\r\n      \"currentValue\": 0,\r\n      \"name\": {\r\n        \"value\": \"StandardSSDDiskCount\",\r\n        \"localizedValue\": \"StandardSSDStorageDisks\"\r\n      }\r\n    },\r\n    {\r\n      \"limit\": 10000,\r\n      \"unit\": \"Count\",\r\n      \"currentValue\": 0,\r\n      \"name\": {\r\n        \"value\": \"DirectDriveDiskCount\",\r\n        \"localizedValue\": \"DirectDriveDisks\"\r\n      }\r\n    },\r\n    {\r\n      \"limit\": 10000,\r\n      \"unit\": \"Count\",\r\n      \"currentValue\": 1,\r\n      \"name\": {\r\n        \"value\": \"StandardSnapshotCount\",\r\n        \"localizedValue\": \"StandardStorageSnapshots\"\r\n      }\r\n    },\r\n    {\r\n      \"limit\": 10000,\r\n      \"unit\": \"Count\",\r\n      \"currentValue\": 0,\r\n      \"name\": {\r\n        \"value\": \"PremiumSnapshotCount\",\r\n        \"localizedValue\": \"PremiumStorageSnapshots\"\r\n      }\r\n    },\r\n    {\r\n      \"limit\": 10000,\r\n      \"unit\": \"Count\",\r\n      \"currentValue\": 0,\r\n      \"name\": {\r\n        \"value\": \"ZRSSnapshotCount\",\r\n        \"localizedValue\": \"ZrsStorageSnapshots\"\r\n      }\r\n    }\r\n  ]\r\n}",
      "ResponseHeaders": {
        "Content-Type": [
          "application/json; charset=utf-8"
        ],
        "Expires": [
          "-1"
        ],
        "Cache-Control": [
          "no-cache"
        ],
        "Date": [
          "Thu, 03 May 2018 18:00:20 GMT"
        ],
        "Pragma": [
          "no-cache"
        ],
        "Transfer-Encoding": [
          "chunked"
        ],
        "Server": [
          "Microsoft-HTTPAPI/2.0",
          "Microsoft-HTTPAPI/2.0"
        ],
        "Vary": [
          "Accept-Encoding"
        ],
        "x-ms-ratelimit-remaining-resource": [
          "Microsoft.Compute/GetSubscriptionInfo3Min;479"
        ],
        "Strict-Transport-Security": [
          "max-age=31536000; includeSubDomains"
        ],
        "x-ms-served-by": [
          "d8479ab9-b4a1-4ca4-bfe5-eb2106eeb54c_131698431315038144"
        ],
        "x-ms-request-id": [
          "ee81c215-d7c8-45ee-a735-0d72263bc9ed"
        ],
        "x-ms-ratelimit-remaining-subscription-reads": [
          "14987"
        ],
        "x-ms-correlation-request-id": [
          "8199ac76-c25d-4a39-8517-2c73d07aa617"
        ],
        "x-ms-routing-request-id": [
          "WESTUS2:20180503T180021Z:8199ac76-c25d-4a39-8517-2c73d07aa617"
        ],
        "X-Content-Type-Options": [
          "nosniff"
        ]
      },
      "StatusCode": 200
    },
    {
      "RequestUri": "/subscriptions/24fb23e3-6ba3-41f0-9b6e-e41131d5d61e/resourceGroups/crptestar5786/providers/Microsoft.Compute/virtualMachines/vm6160?api-version=2018-04-01",
      "EncodedRequestUri": "L3N1YnNjcmlwdGlvbnMvMjRmYjIzZTMtNmJhMy00MWYwLTliNmUtZTQxMTMxZDVkNjFlL3Jlc291cmNlR3JvdXBzL2NycHRlc3RhcjU3ODYvcHJvdmlkZXJzL01pY3Jvc29mdC5Db21wdXRlL3ZpcnR1YWxNYWNoaW5lcy92bTYxNjA/YXBpLXZlcnNpb249MjAxOC0wNC0wMQ==",
      "RequestMethod": "DELETE",
      "RequestBody": "",
      "RequestHeaders": {
        "x-ms-client-request-id": [
          "6ddcf84d-724e-4d41-98e6-9848e19e26c5"
        ],
        "accept-language": [
          "en-US"
        ],
        "User-Agent": [
          "FxVersion/4.6.25714.03",
          "Microsoft.Azure.Management.Compute.ComputeManagementClient/18.0.0.0"
        ]
      },
      "ResponseBody": "",
      "ResponseHeaders": {
        "Content-Length": [
          "0"
        ],
        "Expires": [
          "-1"
        ],
        "Cache-Control": [
          "no-cache"
        ],
        "Date": [
          "Thu, 03 May 2018 18:00:23 GMT"
        ],
        "Pragma": [
          "no-cache"
        ],
        "Location": [
          "https://management.azure.com/subscriptions/24fb23e3-6ba3-41f0-9b6e-e41131d5d61e/providers/Microsoft.Compute/locations/southeastasia/operations/460386f8-dd36-4d38-8410-d9f4d761bd7e?monitor=true&api-version=2018-04-01"
        ],
        "Retry-After": [
          "10"
        ],
        "Server": [
          "Microsoft-HTTPAPI/2.0",
          "Microsoft-HTTPAPI/2.0"
        ],
        "Azure-AsyncOperation": [
          "https://management.azure.com/subscriptions/24fb23e3-6ba3-41f0-9b6e-e41131d5d61e/providers/Microsoft.Compute/locations/southeastasia/operations/460386f8-dd36-4d38-8410-d9f4d761bd7e?api-version=2018-04-01"
        ],
        "x-ms-ratelimit-remaining-resource": [
          "Microsoft.Compute/DeleteVM3Min;239,Microsoft.Compute/DeleteVM30Min;1197"
        ],
        "Strict-Transport-Security": [
          "max-age=31536000; includeSubDomains"
        ],
        "x-ms-served-by": [
          "d8479ab9-b4a1-4ca4-bfe5-eb2106eeb54c_131698431315038144"
        ],
        "x-ms-request-id": [
          "460386f8-dd36-4d38-8410-d9f4d761bd7e"
        ],
        "x-ms-ratelimit-remaining-subscription-writes": [
          "1197"
        ],
        "x-ms-correlation-request-id": [
          "a15d2254-65cf-4b4d-a6c0-24f07ed20314"
        ],
        "x-ms-routing-request-id": [
          "WESTUS2:20180503T180023Z:a15d2254-65cf-4b4d-a6c0-24f07ed20314"
        ],
        "X-Content-Type-Options": [
          "nosniff"
        ]
      },
      "StatusCode": 202
    },
    {
      "RequestUri": "/subscriptions/24fb23e3-6ba3-41f0-9b6e-e41131d5d61e/providers/Microsoft.Compute/locations/southeastasia/operations/460386f8-dd36-4d38-8410-d9f4d761bd7e?api-version=2018-04-01",
      "EncodedRequestUri": "L3N1YnNjcmlwdGlvbnMvMjRmYjIzZTMtNmJhMy00MWYwLTliNmUtZTQxMTMxZDVkNjFlL3Byb3ZpZGVycy9NaWNyb3NvZnQuQ29tcHV0ZS9sb2NhdGlvbnMvc291dGhlYXN0YXNpYS9vcGVyYXRpb25zLzQ2MDM4NmY4LWRkMzYtNGQzOC04NDEwLWQ5ZjRkNzYxYmQ3ZT9hcGktdmVyc2lvbj0yMDE4LTA0LTAx",
      "RequestMethod": "GET",
      "RequestBody": "",
      "RequestHeaders": {
        "User-Agent": [
          "FxVersion/4.6.25714.03",
          "Microsoft.Azure.Management.Compute.ComputeManagementClient/18.0.0.0"
        ]
      },
      "ResponseBody": "{\r\n  \"startTime\": \"2018-05-03T11:00:22.8582742-07:00\",\r\n  \"status\": \"InProgress\",\r\n  \"name\": \"460386f8-dd36-4d38-8410-d9f4d761bd7e\"\r\n}",
      "ResponseHeaders": {
        "Content-Type": [
          "application/json; charset=utf-8"
        ],
        "Expires": [
          "-1"
        ],
        "Cache-Control": [
          "no-cache"
        ],
        "Date": [
          "Thu, 03 May 2018 18:00:33 GMT"
        ],
        "Pragma": [
          "no-cache"
        ],
        "Transfer-Encoding": [
          "chunked"
        ],
        "Retry-After": [
          "30"
        ],
        "Server": [
          "Microsoft-HTTPAPI/2.0",
          "Microsoft-HTTPAPI/2.0"
        ],
        "Vary": [
          "Accept-Encoding"
        ],
        "x-ms-ratelimit-remaining-resource": [
          "Microsoft.Compute/GetOperation3Min;14986,Microsoft.Compute/GetOperation30Min;29963"
        ],
        "Strict-Transport-Security": [
          "max-age=31536000; includeSubDomains"
        ],
        "x-ms-served-by": [
          "d8479ab9-b4a1-4ca4-bfe5-eb2106eeb54c_131698431315038144"
        ],
        "x-ms-request-id": [
          "8da62c32-9475-4fee-8ad6-340eaa6987d1"
        ],
        "x-ms-ratelimit-remaining-subscription-reads": [
          "14986"
        ],
        "x-ms-correlation-request-id": [
          "c077e714-c0b7-4244-9c4d-a035598c536c"
        ],
        "x-ms-routing-request-id": [
          "WESTUS2:20180503T180033Z:c077e714-c0b7-4244-9c4d-a035598c536c"
        ],
        "X-Content-Type-Options": [
          "nosniff"
        ]
      },
      "StatusCode": 200
    },
    {
      "RequestUri": "/subscriptions/24fb23e3-6ba3-41f0-9b6e-e41131d5d61e/providers/Microsoft.Compute/locations/southeastasia/operations/460386f8-dd36-4d38-8410-d9f4d761bd7e?api-version=2018-04-01",
      "EncodedRequestUri": "L3N1YnNjcmlwdGlvbnMvMjRmYjIzZTMtNmJhMy00MWYwLTliNmUtZTQxMTMxZDVkNjFlL3Byb3ZpZGVycy9NaWNyb3NvZnQuQ29tcHV0ZS9sb2NhdGlvbnMvc291dGhlYXN0YXNpYS9vcGVyYXRpb25zLzQ2MDM4NmY4LWRkMzYtNGQzOC04NDEwLWQ5ZjRkNzYxYmQ3ZT9hcGktdmVyc2lvbj0yMDE4LTA0LTAx",
      "RequestMethod": "GET",
      "RequestBody": "",
      "RequestHeaders": {
        "User-Agent": [
          "FxVersion/4.6.25714.03",
          "Microsoft.Azure.Management.Compute.ComputeManagementClient/18.0.0.0"
        ]
      },
      "ResponseBody": "{\r\n  \"startTime\": \"2018-05-03T11:00:22.8582742-07:00\",\r\n  \"status\": \"InProgress\",\r\n  \"name\": \"460386f8-dd36-4d38-8410-d9f4d761bd7e\"\r\n}",
      "ResponseHeaders": {
        "Content-Type": [
          "application/json; charset=utf-8"
        ],
        "Expires": [
          "-1"
        ],
        "Cache-Control": [
          "no-cache"
        ],
        "Date": [
          "Thu, 03 May 2018 18:01:05 GMT"
        ],
        "Pragma": [
          "no-cache"
        ],
        "Transfer-Encoding": [
          "chunked"
        ],
        "Server": [
          "Microsoft-HTTPAPI/2.0",
          "Microsoft-HTTPAPI/2.0"
        ],
        "Vary": [
          "Accept-Encoding"
        ],
        "x-ms-ratelimit-remaining-resource": [
          "Microsoft.Compute/GetOperation3Min;14985,Microsoft.Compute/GetOperation30Min;29960"
        ],
        "Strict-Transport-Security": [
          "max-age=31536000; includeSubDomains"
        ],
        "x-ms-served-by": [
          "d8479ab9-b4a1-4ca4-bfe5-eb2106eeb54c_131698431315038144"
        ],
        "x-ms-request-id": [
          "57124a17-f28a-41bd-ae31-fdb7821ab4c0"
        ],
        "x-ms-ratelimit-remaining-subscription-reads": [
          "14985"
        ],
        "x-ms-correlation-request-id": [
          "043db1e4-0c0d-47a8-b7cb-20d86d2c1dda"
        ],
        "x-ms-routing-request-id": [
          "WESTUS2:20180503T180106Z:043db1e4-0c0d-47a8-b7cb-20d86d2c1dda"
        ],
        "X-Content-Type-Options": [
          "nosniff"
        ]
      },
      "StatusCode": 200
    },
    {
      "RequestUri": "/subscriptions/24fb23e3-6ba3-41f0-9b6e-e41131d5d61e/providers/Microsoft.Compute/locations/southeastasia/operations/460386f8-dd36-4d38-8410-d9f4d761bd7e?api-version=2018-04-01",
      "EncodedRequestUri": "L3N1YnNjcmlwdGlvbnMvMjRmYjIzZTMtNmJhMy00MWYwLTliNmUtZTQxMTMxZDVkNjFlL3Byb3ZpZGVycy9NaWNyb3NvZnQuQ29tcHV0ZS9sb2NhdGlvbnMvc291dGhlYXN0YXNpYS9vcGVyYXRpb25zLzQ2MDM4NmY4LWRkMzYtNGQzOC04NDEwLWQ5ZjRkNzYxYmQ3ZT9hcGktdmVyc2lvbj0yMDE4LTA0LTAx",
      "RequestMethod": "GET",
      "RequestBody": "",
      "RequestHeaders": {
        "User-Agent": [
          "FxVersion/4.6.25714.03",
          "Microsoft.Azure.Management.Compute.ComputeManagementClient/18.0.0.0"
        ]
      },
      "ResponseBody": "{\r\n  \"startTime\": \"2018-05-03T11:00:22.8582742-07:00\",\r\n  \"status\": \"InProgress\",\r\n  \"name\": \"460386f8-dd36-4d38-8410-d9f4d761bd7e\"\r\n}",
      "ResponseHeaders": {
        "Content-Type": [
          "application/json; charset=utf-8"
        ],
        "Expires": [
          "-1"
        ],
        "Cache-Control": [
          "no-cache"
        ],
        "Date": [
          "Thu, 03 May 2018 18:01:39 GMT"
        ],
        "Pragma": [
          "no-cache"
        ],
        "Transfer-Encoding": [
          "chunked"
        ],
        "Server": [
          "Microsoft-HTTPAPI/2.0",
          "Microsoft-HTTPAPI/2.0"
        ],
        "Vary": [
          "Accept-Encoding"
        ],
        "x-ms-ratelimit-remaining-resource": [
          "Microsoft.Compute/GetOperation3Min;14985,Microsoft.Compute/GetOperation30Min;29957"
        ],
        "Strict-Transport-Security": [
          "max-age=31536000; includeSubDomains"
        ],
        "x-ms-served-by": [
          "d8479ab9-b4a1-4ca4-bfe5-eb2106eeb54c_131698431315038144"
        ],
        "x-ms-request-id": [
          "c36bd73f-205e-4e70-b450-eaa8839d0f47"
        ],
        "x-ms-ratelimit-remaining-subscription-reads": [
          "14984"
        ],
        "x-ms-correlation-request-id": [
          "58ed35d7-4cfb-4651-b9e0-2bce52d0aadd"
        ],
        "x-ms-routing-request-id": [
          "WESTUS2:20180503T180139Z:58ed35d7-4cfb-4651-b9e0-2bce52d0aadd"
        ],
        "X-Content-Type-Options": [
          "nosniff"
        ]
      },
      "StatusCode": 200
    },
    {
      "RequestUri": "/subscriptions/24fb23e3-6ba3-41f0-9b6e-e41131d5d61e/providers/Microsoft.Compute/locations/southeastasia/operations/460386f8-dd36-4d38-8410-d9f4d761bd7e?api-version=2018-04-01",
      "EncodedRequestUri": "L3N1YnNjcmlwdGlvbnMvMjRmYjIzZTMtNmJhMy00MWYwLTliNmUtZTQxMTMxZDVkNjFlL3Byb3ZpZGVycy9NaWNyb3NvZnQuQ29tcHV0ZS9sb2NhdGlvbnMvc291dGhlYXN0YXNpYS9vcGVyYXRpb25zLzQ2MDM4NmY4LWRkMzYtNGQzOC04NDEwLWQ5ZjRkNzYxYmQ3ZT9hcGktdmVyc2lvbj0yMDE4LTA0LTAx",
      "RequestMethod": "GET",
      "RequestBody": "",
      "RequestHeaders": {
        "User-Agent": [
          "FxVersion/4.6.25714.03",
          "Microsoft.Azure.Management.Compute.ComputeManagementClient/18.0.0.0"
        ]
      },
      "ResponseBody": "{\r\n  \"startTime\": \"2018-05-03T11:00:22.8582742-07:00\",\r\n  \"status\": \"InProgress\",\r\n  \"name\": \"460386f8-dd36-4d38-8410-d9f4d761bd7e\"\r\n}",
      "ResponseHeaders": {
        "Content-Type": [
          "application/json; charset=utf-8"
        ],
        "Expires": [
          "-1"
        ],
        "Cache-Control": [
          "no-cache"
        ],
        "Date": [
          "Thu, 03 May 2018 18:02:12 GMT"
        ],
        "Pragma": [
          "no-cache"
        ],
        "Transfer-Encoding": [
          "chunked"
        ],
        "Server": [
          "Microsoft-HTTPAPI/2.0",
          "Microsoft-HTTPAPI/2.0"
        ],
        "Vary": [
          "Accept-Encoding"
        ],
        "x-ms-ratelimit-remaining-resource": [
          "Microsoft.Compute/GetOperation3Min;14984,Microsoft.Compute/GetOperation30Min;29954"
        ],
        "Strict-Transport-Security": [
          "max-age=31536000; includeSubDomains"
        ],
        "x-ms-served-by": [
          "d8479ab9-b4a1-4ca4-bfe5-eb2106eeb54c_131698431315038144"
        ],
        "x-ms-request-id": [
          "5788eb59-91c5-424d-840b-da871d51571d"
        ],
        "x-ms-ratelimit-remaining-subscription-reads": [
          "14983"
        ],
        "x-ms-correlation-request-id": [
          "7930e329-cf12-41f4-957b-a94e78871594"
        ],
        "x-ms-routing-request-id": [
          "WESTUS2:20180503T180213Z:7930e329-cf12-41f4-957b-a94e78871594"
        ],
        "X-Content-Type-Options": [
          "nosniff"
        ]
      },
      "StatusCode": 200
    },
    {
      "RequestUri": "/subscriptions/24fb23e3-6ba3-41f0-9b6e-e41131d5d61e/providers/Microsoft.Compute/locations/southeastasia/operations/460386f8-dd36-4d38-8410-d9f4d761bd7e?api-version=2018-04-01",
      "EncodedRequestUri": "L3N1YnNjcmlwdGlvbnMvMjRmYjIzZTMtNmJhMy00MWYwLTliNmUtZTQxMTMxZDVkNjFlL3Byb3ZpZGVycy9NaWNyb3NvZnQuQ29tcHV0ZS9sb2NhdGlvbnMvc291dGhlYXN0YXNpYS9vcGVyYXRpb25zLzQ2MDM4NmY4LWRkMzYtNGQzOC04NDEwLWQ5ZjRkNzYxYmQ3ZT9hcGktdmVyc2lvbj0yMDE4LTA0LTAx",
      "RequestMethod": "GET",
      "RequestBody": "",
      "RequestHeaders": {
        "User-Agent": [
          "FxVersion/4.6.25714.03",
          "Microsoft.Azure.Management.Compute.ComputeManagementClient/18.0.0.0"
        ]
      },
      "ResponseBody": "{\r\n  \"startTime\": \"2018-05-03T11:00:22.8582742-07:00\",\r\n  \"status\": \"InProgress\",\r\n  \"name\": \"460386f8-dd36-4d38-8410-d9f4d761bd7e\"\r\n}",
      "ResponseHeaders": {
        "Content-Type": [
          "application/json; charset=utf-8"
        ],
        "Expires": [
          "-1"
        ],
        "Cache-Control": [
          "no-cache"
        ],
        "Date": [
          "Thu, 03 May 2018 18:02:45 GMT"
        ],
        "Pragma": [
          "no-cache"
        ],
        "Transfer-Encoding": [
          "chunked"
        ],
        "Server": [
          "Microsoft-HTTPAPI/2.0",
          "Microsoft-HTTPAPI/2.0"
        ],
        "Vary": [
          "Accept-Encoding"
        ],
        "x-ms-ratelimit-remaining-resource": [
          "Microsoft.Compute/GetOperation3Min;14984,Microsoft.Compute/GetOperation30Min;29951"
        ],
        "Strict-Transport-Security": [
          "max-age=31536000; includeSubDomains"
        ],
        "x-ms-served-by": [
          "d8479ab9-b4a1-4ca4-bfe5-eb2106eeb54c_131698431315038144"
        ],
        "x-ms-request-id": [
          "4d246fae-71ec-4dcd-af77-57e635f77745"
        ],
        "x-ms-ratelimit-remaining-subscription-reads": [
          "14982"
        ],
        "x-ms-correlation-request-id": [
          "e45e7db2-9daa-4524-84a8-54f16e1f33d2"
        ],
        "x-ms-routing-request-id": [
          "WESTUS2:20180503T180245Z:e45e7db2-9daa-4524-84a8-54f16e1f33d2"
        ],
        "X-Content-Type-Options": [
          "nosniff"
        ]
      },
      "StatusCode": 200
    },
    {
      "RequestUri": "/subscriptions/24fb23e3-6ba3-41f0-9b6e-e41131d5d61e/providers/Microsoft.Compute/locations/southeastasia/operations/460386f8-dd36-4d38-8410-d9f4d761bd7e?api-version=2018-04-01",
      "EncodedRequestUri": "L3N1YnNjcmlwdGlvbnMvMjRmYjIzZTMtNmJhMy00MWYwLTliNmUtZTQxMTMxZDVkNjFlL3Byb3ZpZGVycy9NaWNyb3NvZnQuQ29tcHV0ZS9sb2NhdGlvbnMvc291dGhlYXN0YXNpYS9vcGVyYXRpb25zLzQ2MDM4NmY4LWRkMzYtNGQzOC04NDEwLWQ5ZjRkNzYxYmQ3ZT9hcGktdmVyc2lvbj0yMDE4LTA0LTAx",
      "RequestMethod": "GET",
      "RequestBody": "",
      "RequestHeaders": {
        "User-Agent": [
          "FxVersion/4.6.25714.03",
          "Microsoft.Azure.Management.Compute.ComputeManagementClient/18.0.0.0"
        ]
      },
      "ResponseBody": "{\r\n  \"startTime\": \"2018-05-03T11:00:22.8582742-07:00\",\r\n  \"endTime\": \"2018-05-03T11:02:58.7022735-07:00\",\r\n  \"status\": \"Succeeded\",\r\n  \"name\": \"460386f8-dd36-4d38-8410-d9f4d761bd7e\"\r\n}",
      "ResponseHeaders": {
        "Content-Type": [
          "application/json; charset=utf-8"
        ],
        "Expires": [
          "-1"
        ],
        "Cache-Control": [
          "no-cache"
        ],
        "Date": [
          "Thu, 03 May 2018 18:03:16 GMT"
        ],
        "Pragma": [
          "no-cache"
        ],
        "Transfer-Encoding": [
          "chunked"
        ],
        "Server": [
          "Microsoft-HTTPAPI/2.0",
          "Microsoft-HTTPAPI/2.0"
        ],
        "Vary": [
          "Accept-Encoding"
        ],
        "x-ms-ratelimit-remaining-resource": [
          "Microsoft.Compute/GetOperation3Min;14984,Microsoft.Compute/GetOperation30Min;29948"
        ],
        "Strict-Transport-Security": [
          "max-age=31536000; includeSubDomains"
        ],
        "x-ms-served-by": [
          "d8479ab9-b4a1-4ca4-bfe5-eb2106eeb54c_131698431315038144"
        ],
        "x-ms-request-id": [
          "8e50630e-4dea-45f5-a99a-1688bed7c7ae"
        ],
        "x-ms-ratelimit-remaining-subscription-reads": [
          "14981"
        ],
        "x-ms-correlation-request-id": [
          "56497e41-e6cd-49c0-9a51-c9293b71f392"
        ],
        "x-ms-routing-request-id": [
          "WESTUS2:20180503T180316Z:56497e41-e6cd-49c0-9a51-c9293b71f392"
        ],
        "X-Content-Type-Options": [
          "nosniff"
        ]
      },
      "StatusCode": 200
    },
    {
      "RequestUri": "/subscriptions/24fb23e3-6ba3-41f0-9b6e-e41131d5d61e/providers/Microsoft.Compute/locations/southeastasia/operations/460386f8-dd36-4d38-8410-d9f4d761bd7e?monitor=true&api-version=2018-04-01",
      "EncodedRequestUri": "L3N1YnNjcmlwdGlvbnMvMjRmYjIzZTMtNmJhMy00MWYwLTliNmUtZTQxMTMxZDVkNjFlL3Byb3ZpZGVycy9NaWNyb3NvZnQuQ29tcHV0ZS9sb2NhdGlvbnMvc291dGhlYXN0YXNpYS9vcGVyYXRpb25zLzQ2MDM4NmY4LWRkMzYtNGQzOC04NDEwLWQ5ZjRkNzYxYmQ3ZT9tb25pdG9yPXRydWUmYXBpLXZlcnNpb249MjAxOC0wNC0wMQ==",
      "RequestMethod": "GET",
      "RequestBody": "",
      "RequestHeaders": {
        "User-Agent": [
          "FxVersion/4.6.25714.03",
          "Microsoft.Azure.Management.Compute.ComputeManagementClient/18.0.0.0"
        ]
      },
      "ResponseBody": "",
      "ResponseHeaders": {
        "Content-Length": [
          "0"
        ],
        "Expires": [
          "-1"
        ],
        "Cache-Control": [
          "no-cache"
        ],
        "Date": [
          "Thu, 03 May 2018 18:03:16 GMT"
        ],
        "Pragma": [
          "no-cache"
        ],
        "Server": [
          "Microsoft-HTTPAPI/2.0",
          "Microsoft-HTTPAPI/2.0"
        ],
        "x-ms-ratelimit-remaining-resource": [
          "Microsoft.Compute/GetOperation3Min;14983,Microsoft.Compute/GetOperation30Min;29947"
        ],
        "Strict-Transport-Security": [
          "max-age=31536000; includeSubDomains"
        ],
        "x-ms-served-by": [
          "d8479ab9-b4a1-4ca4-bfe5-eb2106eeb54c_131698431315038144"
        ],
        "x-ms-request-id": [
          "4e842e1b-0032-4cf9-a350-433f1346360f"
        ],
        "x-ms-ratelimit-remaining-subscription-reads": [
          "14980"
        ],
        "x-ms-correlation-request-id": [
          "6368b636-2fb7-4c29-837c-236262af87c8"
        ],
        "x-ms-routing-request-id": [
          "WESTUS2:20180503T180316Z:6368b636-2fb7-4c29-837c-236262af87c8"
        ],
        "X-Content-Type-Options": [
          "nosniff"
        ]
      },
      "StatusCode": 200
    },
    {
      "RequestUri": "/subscriptions/24fb23e3-6ba3-41f0-9b6e-e41131d5d61e/resourcegroups/crptestar5786?api-version=2017-05-10",
      "EncodedRequestUri": "L3N1YnNjcmlwdGlvbnMvMjRmYjIzZTMtNmJhMy00MWYwLTliNmUtZTQxMTMxZDVkNjFlL3Jlc291cmNlZ3JvdXBzL2NycHRlc3RhcjU3ODY/YXBpLXZlcnNpb249MjAxNy0wNS0xMA==",
      "RequestMethod": "DELETE",
      "RequestBody": "",
      "RequestHeaders": {
        "x-ms-client-request-id": [
          "81c0f130-e2b2-464b-9e3d-874677523518"
        ],
        "accept-language": [
          "en-US"
        ],
        "User-Agent": [
          "FxVersion/4.6.25714.03",
          "Microsoft.Azure.Management.ResourceManager.ResourceManagementClient/1.6.0.0"
        ]
      },
      "ResponseBody": "",
      "ResponseHeaders": {
        "Content-Length": [
          "0"
        ],
        "Expires": [
          "-1"
        ],
        "Cache-Control": [
          "no-cache"
        ],
        "Date": [
          "Thu, 03 May 2018 18:03:18 GMT"
        ],
        "Pragma": [
          "no-cache"
        ],
        "Location": [
          "https://management.azure.com/subscriptions/24fb23e3-6ba3-41f0-9b6e-e41131d5d61e/operationresults/eyJqb2JJZCI6IlJFU09VUkNFR1JPVVBERUxFVElPTkpPQi1DUlBURVNUQVI1Nzg2LVNPVVRIRUFTVEFTSUEiLCJqb2JMb2NhdGlvbiI6InNvdXRoZWFzdGFzaWEifQ?api-version=2017-05-10"
        ],
        "Retry-After": [
          "15"
        ],
        "x-ms-ratelimit-remaining-subscription-writes": [
          "1199"
        ],
        "x-ms-request-id": [
          "e14334ed-47cf-40e4-8830-fb3b12e0fd85"
        ],
        "x-ms-correlation-request-id": [
          "e14334ed-47cf-40e4-8830-fb3b12e0fd85"
        ],
        "x-ms-routing-request-id": [
          "WESTUS2:20180503T180319Z:e14334ed-47cf-40e4-8830-fb3b12e0fd85"
        ],
        "Strict-Transport-Security": [
          "max-age=31536000; includeSubDomains"
        ],
        "X-Content-Type-Options": [
          "nosniff"
        ]
      },
      "StatusCode": 202
    },
    {
      "RequestUri": "/subscriptions/24fb23e3-6ba3-41f0-9b6e-e41131d5d61e/operationresults/eyJqb2JJZCI6IlJFU09VUkNFR1JPVVBERUxFVElPTkpPQi1DUlBURVNUQVI1Nzg2LVNPVVRIRUFTVEFTSUEiLCJqb2JMb2NhdGlvbiI6InNvdXRoZWFzdGFzaWEifQ?api-version=2017-05-10",
      "EncodedRequestUri": "L3N1YnNjcmlwdGlvbnMvMjRmYjIzZTMtNmJhMy00MWYwLTliNmUtZTQxMTMxZDVkNjFlL29wZXJhdGlvbnJlc3VsdHMvZXlKcWIySkpaQ0k2SWxKRlUwOVZVa05GUjFKUFZWQkVSVXhGVkVsUFRrcFBRaTFEVWxCVVJWTlVRVkkxTnpnMkxWTlBWVlJJUlVGVFZFRlRTVUVpTENKcWIySk1iMk5oZEdsdmJpSTZJbk52ZFhSb1pXRnpkR0Z6YVdFaWZRP2FwaS12ZXJzaW9uPTIwMTctMDUtMTA=",
      "RequestMethod": "GET",
      "RequestBody": "",
      "RequestHeaders": {
        "User-Agent": [
          "FxVersion/4.6.25714.03",
          "Microsoft.Azure.Management.ResourceManager.ResourceManagementClient/1.6.0.0"
        ]
      },
      "ResponseBody": "",
      "ResponseHeaders": {
        "Content-Length": [
          "0"
        ],
        "Expires": [
          "-1"
        ],
        "Cache-Control": [
          "no-cache"
        ],
        "Date": [
          "Thu, 03 May 2018 18:03:33 GMT"
        ],
        "Pragma": [
          "no-cache"
        ],
        "Location": [
          "https://management.azure.com/subscriptions/24fb23e3-6ba3-41f0-9b6e-e41131d5d61e/operationresults/eyJqb2JJZCI6IlJFU09VUkNFR1JPVVBERUxFVElPTkpPQi1DUlBURVNUQVI1Nzg2LVNPVVRIRUFTVEFTSUEiLCJqb2JMb2NhdGlvbiI6InNvdXRoZWFzdGFzaWEifQ?api-version=2017-05-10"
        ],
        "Retry-After": [
          "15"
        ],
        "x-ms-ratelimit-remaining-subscription-reads": [
          "14999"
        ],
        "x-ms-request-id": [
          "3ba74c46-4d09-4d8d-b1fb-1d28592261de"
        ],
        "x-ms-correlation-request-id": [
          "3ba74c46-4d09-4d8d-b1fb-1d28592261de"
        ],
        "x-ms-routing-request-id": [
          "WESTUS2:20180503T180334Z:3ba74c46-4d09-4d8d-b1fb-1d28592261de"
        ],
        "Strict-Transport-Security": [
          "max-age=31536000; includeSubDomains"
        ],
        "X-Content-Type-Options": [
          "nosniff"
        ]
      },
      "StatusCode": 202
    },
    {
      "RequestUri": "/subscriptions/24fb23e3-6ba3-41f0-9b6e-e41131d5d61e/operationresults/eyJqb2JJZCI6IlJFU09VUkNFR1JPVVBERUxFVElPTkpPQi1DUlBURVNUQVI1Nzg2LVNPVVRIRUFTVEFTSUEiLCJqb2JMb2NhdGlvbiI6InNvdXRoZWFzdGFzaWEifQ?api-version=2017-05-10",
      "EncodedRequestUri": "L3N1YnNjcmlwdGlvbnMvMjRmYjIzZTMtNmJhMy00MWYwLTliNmUtZTQxMTMxZDVkNjFlL29wZXJhdGlvbnJlc3VsdHMvZXlKcWIySkpaQ0k2SWxKRlUwOVZVa05GUjFKUFZWQkVSVXhGVkVsUFRrcFBRaTFEVWxCVVJWTlVRVkkxTnpnMkxWTlBWVlJJUlVGVFZFRlRTVUVpTENKcWIySk1iMk5oZEdsdmJpSTZJbk52ZFhSb1pXRnpkR0Z6YVdFaWZRP2FwaS12ZXJzaW9uPTIwMTctMDUtMTA=",
      "RequestMethod": "GET",
      "RequestBody": "",
      "RequestHeaders": {
        "User-Agent": [
          "FxVersion/4.6.25714.03",
          "Microsoft.Azure.Management.ResourceManager.ResourceManagementClient/1.6.0.0"
        ]
      },
      "ResponseBody": "",
      "ResponseHeaders": {
        "Content-Length": [
          "0"
        ],
        "Expires": [
          "-1"
        ],
        "Cache-Control": [
          "no-cache"
        ],
        "Date": [
          "Thu, 03 May 2018 18:03:50 GMT"
        ],
        "Pragma": [
          "no-cache"
        ],
        "Location": [
          "https://management.azure.com/subscriptions/24fb23e3-6ba3-41f0-9b6e-e41131d5d61e/operationresults/eyJqb2JJZCI6IlJFU09VUkNFR1JPVVBERUxFVElPTkpPQi1DUlBURVNUQVI1Nzg2LVNPVVRIRUFTVEFTSUEiLCJqb2JMb2NhdGlvbiI6InNvdXRoZWFzdGFzaWEifQ?api-version=2017-05-10"
        ],
        "Retry-After": [
          "15"
        ],
        "x-ms-ratelimit-remaining-subscription-reads": [
          "14998"
        ],
        "x-ms-request-id": [
          "04222e3f-c127-49cf-8b1b-224ca774651c"
        ],
        "x-ms-correlation-request-id": [
          "04222e3f-c127-49cf-8b1b-224ca774651c"
        ],
        "x-ms-routing-request-id": [
          "WESTUS2:20180503T180350Z:04222e3f-c127-49cf-8b1b-224ca774651c"
        ],
        "Strict-Transport-Security": [
          "max-age=31536000; includeSubDomains"
        ],
        "X-Content-Type-Options": [
          "nosniff"
        ]
      },
      "StatusCode": 202
    },
    {
      "RequestUri": "/subscriptions/24fb23e3-6ba3-41f0-9b6e-e41131d5d61e/operationresults/eyJqb2JJZCI6IlJFU09VUkNFR1JPVVBERUxFVElPTkpPQi1DUlBURVNUQVI1Nzg2LVNPVVRIRUFTVEFTSUEiLCJqb2JMb2NhdGlvbiI6InNvdXRoZWFzdGFzaWEifQ?api-version=2017-05-10",
      "EncodedRequestUri": "L3N1YnNjcmlwdGlvbnMvMjRmYjIzZTMtNmJhMy00MWYwLTliNmUtZTQxMTMxZDVkNjFlL29wZXJhdGlvbnJlc3VsdHMvZXlKcWIySkpaQ0k2SWxKRlUwOVZVa05GUjFKUFZWQkVSVXhGVkVsUFRrcFBRaTFEVWxCVVJWTlVRVkkxTnpnMkxWTlBWVlJJUlVGVFZFRlRTVUVpTENKcWIySk1iMk5oZEdsdmJpSTZJbk52ZFhSb1pXRnpkR0Z6YVdFaWZRP2FwaS12ZXJzaW9uPTIwMTctMDUtMTA=",
      "RequestMethod": "GET",
      "RequestBody": "",
      "RequestHeaders": {
        "User-Agent": [
          "FxVersion/4.6.25714.03",
          "Microsoft.Azure.Management.ResourceManager.ResourceManagementClient/1.6.0.0"
        ]
      },
      "ResponseBody": "",
      "ResponseHeaders": {
        "Content-Length": [
          "0"
        ],
        "Expires": [
          "-1"
        ],
        "Cache-Control": [
          "no-cache"
        ],
        "Date": [
          "Thu, 03 May 2018 18:04:05 GMT"
        ],
        "Pragma": [
          "no-cache"
        ],
        "Location": [
          "https://management.azure.com/subscriptions/24fb23e3-6ba3-41f0-9b6e-e41131d5d61e/operationresults/eyJqb2JJZCI6IlJFU09VUkNFR1JPVVBERUxFVElPTkpPQi1DUlBURVNUQVI1Nzg2LVNPVVRIRUFTVEFTSUEiLCJqb2JMb2NhdGlvbiI6InNvdXRoZWFzdGFzaWEifQ?api-version=2017-05-10"
        ],
        "Retry-After": [
          "15"
        ],
        "x-ms-ratelimit-remaining-subscription-reads": [
          "14997"
        ],
        "x-ms-request-id": [
          "254a47ff-6df6-4540-8d42-3411d80e9821"
        ],
        "x-ms-correlation-request-id": [
          "254a47ff-6df6-4540-8d42-3411d80e9821"
        ],
        "x-ms-routing-request-id": [
          "WESTUS2:20180503T180405Z:254a47ff-6df6-4540-8d42-3411d80e9821"
        ],
        "Strict-Transport-Security": [
          "max-age=31536000; includeSubDomains"
        ],
        "X-Content-Type-Options": [
          "nosniff"
        ]
      },
      "StatusCode": 202
    },
    {
      "RequestUri": "/subscriptions/24fb23e3-6ba3-41f0-9b6e-e41131d5d61e/operationresults/eyJqb2JJZCI6IlJFU09VUkNFR1JPVVBERUxFVElPTkpPQi1DUlBURVNUQVI1Nzg2LVNPVVRIRUFTVEFTSUEiLCJqb2JMb2NhdGlvbiI6InNvdXRoZWFzdGFzaWEifQ?api-version=2017-05-10",
      "EncodedRequestUri": "L3N1YnNjcmlwdGlvbnMvMjRmYjIzZTMtNmJhMy00MWYwLTliNmUtZTQxMTMxZDVkNjFlL29wZXJhdGlvbnJlc3VsdHMvZXlKcWIySkpaQ0k2SWxKRlUwOVZVa05GUjFKUFZWQkVSVXhGVkVsUFRrcFBRaTFEVWxCVVJWTlVRVkkxTnpnMkxWTlBWVlJJUlVGVFZFRlRTVUVpTENKcWIySk1iMk5oZEdsdmJpSTZJbk52ZFhSb1pXRnpkR0Z6YVdFaWZRP2FwaS12ZXJzaW9uPTIwMTctMDUtMTA=",
      "RequestMethod": "GET",
      "RequestBody": "",
      "RequestHeaders": {
        "User-Agent": [
          "FxVersion/4.6.25714.03",
          "Microsoft.Azure.Management.ResourceManager.ResourceManagementClient/1.6.0.0"
        ]
      },
      "ResponseBody": "",
      "ResponseHeaders": {
        "Content-Length": [
          "0"
        ],
        "Expires": [
          "-1"
        ],
        "Cache-Control": [
          "no-cache"
        ],
        "Date": [
          "Thu, 03 May 2018 18:04:20 GMT"
        ],
        "Pragma": [
          "no-cache"
        ],
        "Location": [
          "https://management.azure.com/subscriptions/24fb23e3-6ba3-41f0-9b6e-e41131d5d61e/operationresults/eyJqb2JJZCI6IlJFU09VUkNFR1JPVVBERUxFVElPTkpPQi1DUlBURVNUQVI1Nzg2LVNPVVRIRUFTVEFTSUEiLCJqb2JMb2NhdGlvbiI6InNvdXRoZWFzdGFzaWEifQ?api-version=2017-05-10"
        ],
        "Retry-After": [
          "15"
        ],
        "x-ms-ratelimit-remaining-subscription-reads": [
          "14996"
        ],
        "x-ms-request-id": [
          "b32a9c6b-779a-4f48-9b81-705c8284c019"
        ],
        "x-ms-correlation-request-id": [
          "b32a9c6b-779a-4f48-9b81-705c8284c019"
        ],
        "x-ms-routing-request-id": [
          "WESTUS2:20180503T180420Z:b32a9c6b-779a-4f48-9b81-705c8284c019"
        ],
        "Strict-Transport-Security": [
          "max-age=31536000; includeSubDomains"
        ],
        "X-Content-Type-Options": [
          "nosniff"
        ]
      },
      "StatusCode": 202
    },
    {
      "RequestUri": "/subscriptions/24fb23e3-6ba3-41f0-9b6e-e41131d5d61e/operationresults/eyJqb2JJZCI6IlJFU09VUkNFR1JPVVBERUxFVElPTkpPQi1DUlBURVNUQVI1Nzg2LVNPVVRIRUFTVEFTSUEiLCJqb2JMb2NhdGlvbiI6InNvdXRoZWFzdGFzaWEifQ?api-version=2017-05-10",
      "EncodedRequestUri": "L3N1YnNjcmlwdGlvbnMvMjRmYjIzZTMtNmJhMy00MWYwLTliNmUtZTQxMTMxZDVkNjFlL29wZXJhdGlvbnJlc3VsdHMvZXlKcWIySkpaQ0k2SWxKRlUwOVZVa05GUjFKUFZWQkVSVXhGVkVsUFRrcFBRaTFEVWxCVVJWTlVRVkkxTnpnMkxWTlBWVlJJUlVGVFZFRlRTVUVpTENKcWIySk1iMk5oZEdsdmJpSTZJbk52ZFhSb1pXRnpkR0Z6YVdFaWZRP2FwaS12ZXJzaW9uPTIwMTctMDUtMTA=",
      "RequestMethod": "GET",
      "RequestBody": "",
      "RequestHeaders": {
        "User-Agent": [
          "FxVersion/4.6.25714.03",
          "Microsoft.Azure.Management.ResourceManager.ResourceManagementClient/1.6.0.0"
        ]
      },
      "ResponseBody": "",
      "ResponseHeaders": {
        "Content-Length": [
          "0"
        ],
        "Expires": [
          "-1"
        ],
        "Cache-Control": [
          "no-cache"
        ],
        "Date": [
          "Thu, 03 May 2018 18:04:35 GMT"
        ],
        "Pragma": [
          "no-cache"
        ],
        "Location": [
          "https://management.azure.com/subscriptions/24fb23e3-6ba3-41f0-9b6e-e41131d5d61e/operationresults/eyJqb2JJZCI6IlJFU09VUkNFR1JPVVBERUxFVElPTkpPQi1DUlBURVNUQVI1Nzg2LVNPVVRIRUFTVEFTSUEiLCJqb2JMb2NhdGlvbiI6InNvdXRoZWFzdGFzaWEifQ?api-version=2017-05-10"
        ],
        "Retry-After": [
          "15"
        ],
        "x-ms-ratelimit-remaining-subscription-reads": [
          "14995"
        ],
        "x-ms-request-id": [
          "90925324-df8a-4128-be0b-a721c56506b9"
        ],
        "x-ms-correlation-request-id": [
          "90925324-df8a-4128-be0b-a721c56506b9"
        ],
        "x-ms-routing-request-id": [
          "WESTUS2:20180503T180436Z:90925324-df8a-4128-be0b-a721c56506b9"
        ],
        "Strict-Transport-Security": [
          "max-age=31536000; includeSubDomains"
        ],
        "X-Content-Type-Options": [
          "nosniff"
        ]
      },
      "StatusCode": 202
    },
    {
      "RequestUri": "/subscriptions/24fb23e3-6ba3-41f0-9b6e-e41131d5d61e/operationresults/eyJqb2JJZCI6IlJFU09VUkNFR1JPVVBERUxFVElPTkpPQi1DUlBURVNUQVI1Nzg2LVNPVVRIRUFTVEFTSUEiLCJqb2JMb2NhdGlvbiI6InNvdXRoZWFzdGFzaWEifQ?api-version=2017-05-10",
      "EncodedRequestUri": "L3N1YnNjcmlwdGlvbnMvMjRmYjIzZTMtNmJhMy00MWYwLTliNmUtZTQxMTMxZDVkNjFlL29wZXJhdGlvbnJlc3VsdHMvZXlKcWIySkpaQ0k2SWxKRlUwOVZVa05GUjFKUFZWQkVSVXhGVkVsUFRrcFBRaTFEVWxCVVJWTlVRVkkxTnpnMkxWTlBWVlJJUlVGVFZFRlRTVUVpTENKcWIySk1iMk5oZEdsdmJpSTZJbk52ZFhSb1pXRnpkR0Z6YVdFaWZRP2FwaS12ZXJzaW9uPTIwMTctMDUtMTA=",
      "RequestMethod": "GET",
      "RequestBody": "",
      "RequestHeaders": {
        "User-Agent": [
          "FxVersion/4.6.25714.03",
          "Microsoft.Azure.Management.ResourceManager.ResourceManagementClient/1.6.0.0"
        ]
      },
      "ResponseBody": "",
      "ResponseHeaders": {
        "Content-Length": [
          "0"
        ],
        "Expires": [
          "-1"
        ],
        "Cache-Control": [
          "no-cache"
        ],
        "Date": [
          "Thu, 03 May 2018 18:04:50 GMT"
        ],
        "Pragma": [
          "no-cache"
        ],
        "x-ms-ratelimit-remaining-subscription-reads": [
          "14994"
        ],
        "x-ms-request-id": [
          "fe68a6ff-e2c9-4c7d-92e0-94db2f339a98"
        ],
        "x-ms-correlation-request-id": [
          "fe68a6ff-e2c9-4c7d-92e0-94db2f339a98"
        ],
        "x-ms-routing-request-id": [
          "WESTUS2:20180503T180451Z:fe68a6ff-e2c9-4c7d-92e0-94db2f339a98"
        ],
        "Strict-Transport-Security": [
          "max-age=31536000; includeSubDomains"
        ],
        "X-Content-Type-Options": [
          "nosniff"
        ]
      },
      "StatusCode": 200
    },
    {
      "RequestUri": "/subscriptions/24fb23e3-6ba3-41f0-9b6e-e41131d5d61e/operationresults/eyJqb2JJZCI6IlJFU09VUkNFR1JPVVBERUxFVElPTkpPQi1DUlBURVNUQVI1Nzg2LVNPVVRIRUFTVEFTSUEiLCJqb2JMb2NhdGlvbiI6InNvdXRoZWFzdGFzaWEifQ?api-version=2017-05-10",
      "EncodedRequestUri": "L3N1YnNjcmlwdGlvbnMvMjRmYjIzZTMtNmJhMy00MWYwLTliNmUtZTQxMTMxZDVkNjFlL29wZXJhdGlvbnJlc3VsdHMvZXlKcWIySkpaQ0k2SWxKRlUwOVZVa05GUjFKUFZWQkVSVXhGVkVsUFRrcFBRaTFEVWxCVVJWTlVRVkkxTnpnMkxWTlBWVlJJUlVGVFZFRlRTVUVpTENKcWIySk1iMk5oZEdsdmJpSTZJbk52ZFhSb1pXRnpkR0Z6YVdFaWZRP2FwaS12ZXJzaW9uPTIwMTctMDUtMTA=",
      "RequestMethod": "GET",
      "RequestBody": "",
      "RequestHeaders": {
        "User-Agent": [
          "FxVersion/4.6.25714.03",
          "Microsoft.Azure.Management.ResourceManager.ResourceManagementClient/1.6.0.0"
        ]
      },
      "ResponseBody": "",
      "ResponseHeaders": {
        "Content-Length": [
          "0"
        ],
        "Expires": [
          "-1"
        ],
        "Cache-Control": [
          "no-cache"
        ],
        "Date": [
          "Thu, 03 May 2018 18:04:50 GMT"
        ],
        "Pragma": [
          "no-cache"
        ],
        "x-ms-ratelimit-remaining-subscription-reads": [
          "14994"
        ],
        "x-ms-request-id": [
          "fe68a6ff-e2c9-4c7d-92e0-94db2f339a98"
        ],
        "x-ms-correlation-request-id": [
          "fe68a6ff-e2c9-4c7d-92e0-94db2f339a98"
        ],
        "x-ms-routing-request-id": [
          "WESTUS2:20180503T180451Z:fe68a6ff-e2c9-4c7d-92e0-94db2f339a98"
        ],
        "Strict-Transport-Security": [
          "max-age=31536000; includeSubDomains"
        ],
        "X-Content-Type-Options": [
          "nosniff"
        ]
      },
      "StatusCode": 200
    }
  ],
  "Names": {
    "TestListUsages": [
      "crptestar5786",
      "crptestar7118",
      "as9482"
    ],
    "CreatePublicIP": [
      "pip7667",
      "dn9351"
    ],
    "CreateVNET": [
      "vn9167",
      "sn4729"
    ],
    "CreateNIC": [
      "nic5852",
      "ip677"
    ],
    "CreateDefaultVMInput": [
      "crptestar9400",
      "crptestar5943",
      "crptestar8272",
      "vm6160",
      "Microsoft.Compute/virtualMachines8311"
    ]
  },
  "Variables": {
    "SubscriptionId": "24fb23e3-6ba3-41f0-9b6e-e41131d5d61e"
  }
}