{
  "Entries": [
    {
      "RequestUri": "/subscriptions/e2f361f0-3b27-4503-a9cc-21cfba380093/resourcegroups?api-version=2015-11-01",
      "EncodedRequestUri": "L3N1YnNjcmlwdGlvbnMvZTJmMzYxZjAtM2IyNy00NTAzLWE5Y2MtMjFjZmJhMzgwMDkzL3Jlc291cmNlZ3JvdXBzP2FwaS12ZXJzaW9uPTIwMTUtMTEtMDE=",
      "RequestMethod": "GET",
      "RequestBody": "",
      "RequestHeaders": {
        "x-ms-client-request-id": [
          "b0d362b8-6d73-40be-81f3-f5d93f1db7fe"
        ],
        "accept-language": [
          "en-US"
        ],
        "User-Agent": [
          "FxVersion/4.6.25714.03",
          "Microsoft.Azure.Management.Resources.ResourceManagementClient/1.0.0.0"
        ]
      },
      "ResponseBody": "{\r\n  \"value\": [\r\n    {\r\n      \"id\": \"/subscriptions/e2f361f0-3b27-4503-a9cc-21cfba380093/resourceGroups/Default-EventHub-SouthCentralUS\",\r\n      \"name\": \"Default-EventHub-SouthCentralUS\",\r\n      \"location\": \"southcentralus\",\r\n      \"properties\": {\r\n        \"provisioningState\": \"Succeeded\"\r\n      }\r\n    },\r\n    {\r\n      \"id\": \"/subscriptions/e2f361f0-3b27-4503-a9cc-21cfba380093/resourceGroups/Default-MachineLearning-SouthCentralUS\",\r\n      \"name\": \"Default-MachineLearning-SouthCentralUS\",\r\n      \"location\": \"southcentralus\",\r\n      \"properties\": {\r\n        \"provisioningState\": \"Succeeded\"\r\n      }\r\n    },\r\n    {\r\n      \"id\": \"/subscriptions/e2f361f0-3b27-4503-a9cc-21cfba380093/resourceGroups/Default-Networking\",\r\n      \"name\": \"Default-Networking\",\r\n      \"location\": \"westus\",\r\n      \"properties\": {\r\n        \"provisioningState\": \"Succeeded\"\r\n      }\r\n    },\r\n    {\r\n      \"id\": \"/subscriptions/e2f361f0-3b27-4503-a9cc-21cfba380093/resourceGroups/Default-NotificationHubs-AustraliaEast\",\r\n      \"name\": \"Default-NotificationHubs-AustraliaEast\",\r\n      \"location\": \"australiaeast\",\r\n      \"properties\": {\r\n        \"provisioningState\": \"Succeeded\"\r\n      }\r\n    },\r\n    {\r\n      \"id\": \"/subscriptions/e2f361f0-3b27-4503-a9cc-21cfba380093/resourceGroups/Default-NotificationHubs-CentralUS\",\r\n      \"name\": \"Default-NotificationHubs-CentralUS\",\r\n      \"location\": \"centralus\",\r\n      \"properties\": {\r\n        \"provisioningState\": \"Succeeded\"\r\n      }\r\n    },\r\n    {\r\n      \"id\": \"/subscriptions/e2f361f0-3b27-4503-a9cc-21cfba380093/resourceGroups/Default-ServiceBus-WestUS\",\r\n      \"name\": \"Default-ServiceBus-WestUS\",\r\n      \"location\": \"westus\",\r\n      \"properties\": {\r\n        \"provisioningState\": \"Succeeded\"\r\n      }\r\n    },\r\n    {\r\n      \"id\": \"/subscriptions/e2f361f0-3b27-4503-a9cc-21cfba380093/resourceGroups/Default-SQL-WestUS\",\r\n      \"name\": \"Default-SQL-WestUS\",\r\n      \"location\": \"westus\",\r\n      \"properties\": {\r\n        \"provisioningState\": \"Succeeded\"\r\n      }\r\n    },\r\n    {\r\n      \"id\": \"/subscriptions/e2f361f0-3b27-4503-a9cc-21cfba380093/resourceGroups/Default-Storage-CentralUS\",\r\n      \"name\": \"Default-Storage-CentralUS\",\r\n      \"location\": \"centralus\",\r\n      \"properties\": {\r\n        \"provisioningState\": \"Succeeded\"\r\n      }\r\n    },\r\n    {\r\n      \"id\": \"/subscriptions/e2f361f0-3b27-4503-a9cc-21cfba380093/resourceGroups/Default-Storage-EastAsia\",\r\n      \"name\": \"Default-Storage-EastAsia\",\r\n      \"location\": \"eastasia\",\r\n      \"properties\": {\r\n        \"provisioningState\": \"Succeeded\"\r\n      }\r\n    },\r\n    {\r\n      \"id\": \"/subscriptions/e2f361f0-3b27-4503-a9cc-21cfba380093/resourceGroups/Default-Storage-SouthCentralUS\",\r\n      \"name\": \"Default-Storage-SouthCentralUS\",\r\n      \"location\": \"southcentralus\",\r\n      \"properties\": {\r\n        \"provisioningState\": \"Succeeded\"\r\n      }\r\n    },\r\n    {\r\n      \"id\": \"/subscriptions/e2f361f0-3b27-4503-a9cc-21cfba380093/resourceGroups/Default-Storage-WestUS\",\r\n      \"name\": \"Default-Storage-WestUS\",\r\n      \"location\": \"westus\",\r\n      \"properties\": {\r\n        \"provisioningState\": \"Succeeded\"\r\n      }\r\n    },\r\n    {\r\n      \"id\": \"/subscriptions/e2f361f0-3b27-4503-a9cc-21cfba380093/resourceGroups/Default-Web-WestUS\",\r\n      \"name\": \"Default-Web-WestUS\",\r\n      \"location\": \"westus\",\r\n      \"properties\": {\r\n        \"provisioningState\": \"Succeeded\"\r\n      }\r\n    },\r\n    {\r\n      \"id\": \"/subscriptions/e2f361f0-3b27-4503-a9cc-21cfba380093/resourceGroups/Mobile-Default-Web-WestUS\",\r\n      \"name\": \"Mobile-Default-Web-WestUS\",\r\n      \"location\": \"westus\",\r\n      \"properties\": {\r\n        \"provisioningState\": \"Succeeded\"\r\n      }\r\n    },\r\n    {\r\n      \"id\": \"/subscriptions/e2f361f0-3b27-4503-a9cc-21cfba380093/resourceGroups/myFluentResourceGroup\",\r\n      \"name\": \"myFluentResourceGroup\",\r\n      \"location\": \"westus\",\r\n      \"properties\": {\r\n        \"provisioningState\": \"Succeeded\"\r\n      }\r\n    },\r\n    {\r\n      \"id\": \"/subscriptions/e2f361f0-3b27-4503-a9cc-21cfba380093/resourceGroups/RGName-onesdk1505\",\r\n      \"name\": \"RGName-onesdk1505\",\r\n      \"location\": \"westus\",\r\n      \"properties\": {\r\n        \"provisioningState\": \"Succeeded\"\r\n      }\r\n    },\r\n    {\r\n      \"id\": \"/subscriptions/e2f361f0-3b27-4503-a9cc-21cfba380093/resourceGroups/RGName-onesdk1961\",\r\n      \"name\": \"RGName-onesdk1961\",\r\n      \"location\": \"westus\",\r\n      \"properties\": {\r\n        \"provisioningState\": \"Succeeded\"\r\n      }\r\n    },\r\n    {\r\n      \"id\": \"/subscriptions/e2f361f0-3b27-4503-a9cc-21cfba380093/resourceGroups/RGName-onesdk2439\",\r\n      \"name\": \"RGName-onesdk2439\",\r\n      \"location\": \"westus\",\r\n      \"properties\": {\r\n        \"provisioningState\": \"Succeeded\"\r\n      }\r\n    },\r\n    {\r\n      \"id\": \"/subscriptions/e2f361f0-3b27-4503-a9cc-21cfba380093/resourceGroups/RGName-onesdk2533\",\r\n      \"name\": \"RGName-onesdk2533\",\r\n      \"location\": \"westus\",\r\n      \"properties\": {\r\n        \"provisioningState\": \"Succeeded\"\r\n      }\r\n    },\r\n    {\r\n      \"id\": \"/subscriptions/e2f361f0-3b27-4503-a9cc-21cfba380093/resourceGroups/RGName-onesdk2837\",\r\n      \"name\": \"RGName-onesdk2837\",\r\n      \"location\": \"westus\",\r\n      \"properties\": {\r\n        \"provisioningState\": \"Succeeded\"\r\n      }\r\n    },\r\n    {\r\n      \"id\": \"/subscriptions/e2f361f0-3b27-4503-a9cc-21cfba380093/resourceGroups/RGName-onesdk3155\",\r\n      \"name\": \"RGName-onesdk3155\",\r\n      \"location\": \"westus\",\r\n      \"properties\": {\r\n        \"provisioningState\": \"Succeeded\"\r\n      }\r\n    },\r\n    {\r\n      \"id\": \"/subscriptions/e2f361f0-3b27-4503-a9cc-21cfba380093/resourceGroups/RGName-onesdk4369\",\r\n      \"name\": \"RGName-onesdk4369\",\r\n      \"location\": \"westus\",\r\n      \"properties\": {\r\n        \"provisioningState\": \"Succeeded\"\r\n      }\r\n    },\r\n    {\r\n      \"id\": \"/subscriptions/e2f361f0-3b27-4503-a9cc-21cfba380093/resourceGroups/RGName-onesdk5026\",\r\n      \"name\": \"RGName-onesdk5026\",\r\n      \"location\": \"westus\",\r\n      \"properties\": {\r\n        \"provisioningState\": \"Succeeded\"\r\n      }\r\n    },\r\n    {\r\n      \"id\": \"/subscriptions/e2f361f0-3b27-4503-a9cc-21cfba380093/resourceGroups/RGName-onesdk5446\",\r\n      \"name\": \"RGName-onesdk5446\",\r\n      \"location\": \"westus\",\r\n      \"properties\": {\r\n        \"provisioningState\": \"Succeeded\"\r\n      }\r\n    },\r\n    {\r\n      \"id\": \"/subscriptions/e2f361f0-3b27-4503-a9cc-21cfba380093/resourceGroups/RGName-onesdk5479\",\r\n      \"name\": \"RGName-onesdk5479\",\r\n      \"location\": \"westus\",\r\n      \"properties\": {\r\n        \"provisioningState\": \"Succeeded\"\r\n      }\r\n    },\r\n    {\r\n      \"id\": \"/subscriptions/e2f361f0-3b27-4503-a9cc-21cfba380093/resourceGroups/RGName-onesdk5989\",\r\n      \"name\": \"RGName-onesdk5989\",\r\n      \"location\": \"westus\",\r\n      \"properties\": {\r\n        \"provisioningState\": \"Succeeded\"\r\n      }\r\n    },\r\n    {\r\n      \"id\": \"/subscriptions/e2f361f0-3b27-4503-a9cc-21cfba380093/resourceGroups/RGName-onesdk6012\",\r\n      \"name\": \"RGName-onesdk6012\",\r\n      \"location\": \"westus\",\r\n      \"properties\": {\r\n        \"provisioningState\": \"Succeeded\"\r\n      }\r\n    },\r\n    {\r\n      \"id\": \"/subscriptions/e2f361f0-3b27-4503-a9cc-21cfba380093/resourceGroups/RGName-onesdk6227\",\r\n      \"name\": \"RGName-onesdk6227\",\r\n      \"location\": \"westus\",\r\n      \"properties\": {\r\n        \"provisioningState\": \"Succeeded\"\r\n      }\r\n    },\r\n    {\r\n      \"id\": \"/subscriptions/e2f361f0-3b27-4503-a9cc-21cfba380093/resourceGroups/RGName-onesdk6493\",\r\n      \"name\": \"RGName-onesdk6493\",\r\n      \"location\": \"westus\",\r\n      \"properties\": {\r\n        \"provisioningState\": \"Succeeded\"\r\n      }\r\n    },\r\n    {\r\n      \"id\": \"/subscriptions/e2f361f0-3b27-4503-a9cc-21cfba380093/resourceGroups/RGName-onesdk658\",\r\n      \"name\": \"RGName-onesdk658\",\r\n      \"location\": \"westus\",\r\n      \"properties\": {\r\n        \"provisioningState\": \"Succeeded\"\r\n      }\r\n    },\r\n    {\r\n      \"id\": \"/subscriptions/e2f361f0-3b27-4503-a9cc-21cfba380093/resourceGroups/RGName-onesdk670\",\r\n      \"name\": \"RGName-onesdk670\",\r\n      \"location\": \"westus\",\r\n      \"properties\": {\r\n        \"provisioningState\": \"Succeeded\"\r\n      }\r\n    },\r\n    {\r\n      \"id\": \"/subscriptions/e2f361f0-3b27-4503-a9cc-21cfba380093/resourceGroups/RGName-onesdk7437\",\r\n      \"name\": \"RGName-onesdk7437\",\r\n      \"location\": \"westus\",\r\n      \"properties\": {\r\n        \"provisioningState\": \"Succeeded\"\r\n      }\r\n    },\r\n    {\r\n      \"id\": \"/subscriptions/e2f361f0-3b27-4503-a9cc-21cfba380093/resourceGroups/RGName-onesdk7962\",\r\n      \"name\": \"RGName-onesdk7962\",\r\n      \"location\": \"westus\",\r\n      \"properties\": {\r\n        \"provisioningState\": \"Succeeded\"\r\n      }\r\n    },\r\n    {\r\n      \"id\": \"/subscriptions/e2f361f0-3b27-4503-a9cc-21cfba380093/resourceGroups/RGName-onesdk8051\",\r\n      \"name\": \"RGName-onesdk8051\",\r\n      \"location\": \"westus\",\r\n      \"properties\": {\r\n        \"provisioningState\": \"Succeeded\"\r\n      }\r\n    },\r\n    {\r\n      \"id\": \"/subscriptions/e2f361f0-3b27-4503-a9cc-21cfba380093/resourceGroups/RGName-onesdk818\",\r\n      \"name\": \"RGName-onesdk818\",\r\n      \"location\": \"westus\",\r\n      \"properties\": {\r\n        \"provisioningState\": \"Succeeded\"\r\n      }\r\n    },\r\n    {\r\n      \"id\": \"/subscriptions/e2f361f0-3b27-4503-a9cc-21cfba380093/resourceGroups/RGName-onesdk8578\",\r\n      \"name\": \"RGName-onesdk8578\",\r\n      \"location\": \"westus\",\r\n      \"properties\": {\r\n        \"provisioningState\": \"Succeeded\"\r\n      }\r\n    },\r\n    {\r\n      \"id\": \"/subscriptions/e2f361f0-3b27-4503-a9cc-21cfba380093/resourceGroups/RGName-onesdk9848\",\r\n      \"name\": \"RGName-onesdk9848\",\r\n      \"location\": \"westus\",\r\n      \"properties\": {\r\n        \"provisioningState\": \"Succeeded\"\r\n      }\r\n    }\r\n  ]\r\n}",
      "ResponseHeaders": {
        "Content-Type": [
          "application/json; charset=utf-8"
        ],
        "Expires": [
          "-1"
        ],
        "Cache-Control": [
          "no-cache"
        ],
        "Date": [
          "Wed, 13 Dec 2017 19:02:43 GMT"
        ],
        "Pragma": [
          "no-cache"
        ],
        "Vary": [
          "Accept-Encoding"
        ],
        "x-ms-ratelimit-remaining-subscription-reads": [
          "14985"
        ],
        "x-ms-request-id": [
          "b87a7da8-12ec-42c8-b9b2-8c1c36a143a7"
        ],
        "x-ms-correlation-request-id": [
          "b87a7da8-12ec-42c8-b9b2-8c1c36a143a7"
        ],
        "x-ms-routing-request-id": [
          "WESTUS2:20171213T190244Z:b87a7da8-12ec-42c8-b9b2-8c1c36a143a7"
        ],
        "Strict-Transport-Security": [
          "max-age=31536000; includeSubDomains"
        ]
      },
      "StatusCode": 200
    },
    {
      "RequestUri": "/subscriptions/e2f361f0-3b27-4503-a9cc-21cfba380093/resourceGroups/Default-EventHub-SouthCentralUS/providers/Microsoft.ServiceBus/namespaces/sdk-Namespace-984?api-version=2017-04-01",
      "EncodedRequestUri": "L3N1YnNjcmlwdGlvbnMvZTJmMzYxZjAtM2IyNy00NTAzLWE5Y2MtMjFjZmJhMzgwMDkzL3Jlc291cmNlR3JvdXBzL0RlZmF1bHQtRXZlbnRIdWItU291dGhDZW50cmFsVVMvcHJvdmlkZXJzL01pY3Jvc29mdC5TZXJ2aWNlQnVzL25hbWVzcGFjZXMvc2RrLU5hbWVzcGFjZS05ODQ/YXBpLXZlcnNpb249MjAxNy0wNC0wMQ==",
      "RequestMethod": "PUT",
      "RequestBody": "{\r\n  \"sku\": {\r\n    \"name\": \"Standard\",\r\n    \"tier\": \"Standard\"\r\n  },\r\n  \"location\": \"South Central US\"\r\n}",
      "RequestHeaders": {
        "Content-Type": [
          "application/json; charset=utf-8"
        ],
        "Content-Length": [
          "105"
        ],
        "x-ms-client-request-id": [
          "3a94f840-938d-4a8e-b4fd-6bdad0e40d5f"
        ],
        "accept-language": [
          "en-US"
        ],
        "User-Agent": [
          "FxVersion/4.6.25714.03",
          "Microsoft.Azure.Management.ServiceBus.ServiceBusManagementClient/1.0.2.0"
        ]
      },
      "ResponseBody": "{\r\n  \"sku\": {\r\n    \"name\": \"Standard\",\r\n    \"tier\": \"Standard\"\r\n  },\r\n  \"id\": \"/subscriptions/e2f361f0-3b27-4503-a9cc-21cfba380093/resourceGroups/Default-EventHub-SouthCentralUS/providers/Microsoft.ServiceBus/namespaces/sdk-Namespace-984\",\r\n  \"name\": \"sdk-Namespace-984\",\r\n  \"type\": \"Microsoft.ServiceBus/Namespaces\",\r\n  \"location\": \"South Central US\",\r\n  \"tags\": {},\r\n  \"properties\": {\r\n    \"provisioningState\": \"Created\",\r\n    \"metricId\": \"e2f361f0-3b27-4503-a9cc-21cfba380093:sdk-namespace-984\",\r\n    \"createdAt\": \"2017-12-13T19:02:45.077Z\",\r\n    \"updatedAt\": \"2017-12-13T19:02:45.077Z\",\r\n    \"serviceBusEndpoint\": \"https://sdk-Namespace-984.servicebus.windows.net:443/\",\r\n    \"status\": \"Activating\"\r\n  }\r\n}",
      "ResponseHeaders": {
        "Content-Type": [
          "application/json; charset=utf-8"
        ],
        "Expires": [
          "-1"
        ],
        "Cache-Control": [
          "no-cache"
        ],
        "Date": [
          "Wed, 13 Dec 2017 19:02:45 GMT"
        ],
        "Pragma": [
          "no-cache"
        ],
        "Transfer-Encoding": [
          "chunked"
        ],
        "Server": [
          "Service-Bus-Resource-Provider/SN1",
          "Microsoft-HTTPAPI/2.0"
        ],
        "Vary": [
          "Accept-Encoding"
        ],
        "x-ms-request-id": [
          "31ef2235-2adf-4ebf-a2a5-760950075b7c_M6SN1_M6SN1"
        ],
        "Server-SB": [
          "Service-Bus-Resource-Provider/SN1"
        ],
        "x-ms-ratelimit-remaining-subscription-writes": [
          "1199"
        ],
        "x-ms-correlation-request-id": [
          "f739928d-b2db-4405-ae4b-5dd96fef2355"
        ],
        "x-ms-routing-request-id": [
          "WESTUS2:20171213T190246Z:f739928d-b2db-4405-ae4b-5dd96fef2355"
        ],
        "Strict-Transport-Security": [
          "max-age=31536000; includeSubDomains"
        ]
      },
      "StatusCode": 200
    },
    {
      "RequestUri": "/subscriptions/e2f361f0-3b27-4503-a9cc-21cfba380093/resourceGroups/Default-EventHub-SouthCentralUS/providers/Microsoft.ServiceBus/namespaces/sdk-Namespace-984?api-version=2017-04-01",
      "EncodedRequestUri": "L3N1YnNjcmlwdGlvbnMvZTJmMzYxZjAtM2IyNy00NTAzLWE5Y2MtMjFjZmJhMzgwMDkzL3Jlc291cmNlR3JvdXBzL0RlZmF1bHQtRXZlbnRIdWItU291dGhDZW50cmFsVVMvcHJvdmlkZXJzL01pY3Jvc29mdC5TZXJ2aWNlQnVzL25hbWVzcGFjZXMvc2RrLU5hbWVzcGFjZS05ODQ/YXBpLXZlcnNpb249MjAxNy0wNC0wMQ==",
      "RequestMethod": "GET",
      "RequestBody": "",
      "RequestHeaders": {
        "User-Agent": [
          "FxVersion/4.6.25714.03",
          "Microsoft.Azure.Management.ServiceBus.ServiceBusManagementClient/1.0.2.0"
        ]
      },
      "ResponseBody": "{\r\n  \"sku\": {\r\n    \"name\": \"Standard\",\r\n    \"tier\": \"Standard\"\r\n  },\r\n  \"id\": \"/subscriptions/e2f361f0-3b27-4503-a9cc-21cfba380093/resourceGroups/Default-EventHub-SouthCentralUS/providers/Microsoft.ServiceBus/namespaces/sdk-Namespace-984\",\r\n  \"name\": \"sdk-Namespace-984\",\r\n  \"type\": \"Microsoft.ServiceBus/Namespaces\",\r\n  \"location\": \"South Central US\",\r\n  \"tags\": {},\r\n  \"properties\": {\r\n    \"provisioningState\": \"Succeeded\",\r\n    \"metricId\": \"e2f361f0-3b27-4503-a9cc-21cfba380093:sdk-namespace-984\",\r\n    \"createdAt\": \"2017-12-13T19:02:45.077Z\",\r\n    \"updatedAt\": \"2017-12-13T19:03:07.07Z\",\r\n    \"serviceBusEndpoint\": \"https://sdk-Namespace-984.servicebus.windows.net:443/\",\r\n    \"status\": \"Active\"\r\n  }\r\n}",
      "ResponseHeaders": {
        "Content-Type": [
          "application/json; charset=utf-8"
        ],
        "Expires": [
          "-1"
        ],
        "Cache-Control": [
          "no-cache"
        ],
        "Date": [
          "Wed, 13 Dec 2017 19:03:16 GMT"
        ],
        "Pragma": [
          "no-cache"
        ],
        "Transfer-Encoding": [
          "chunked"
        ],
        "Server": [
          "Service-Bus-Resource-Provider/SN1",
          "Microsoft-HTTPAPI/2.0"
        ],
        "Vary": [
          "Accept-Encoding"
        ],
        "x-ms-request-id": [
          "1da2a26b-7f01-484a-97a3-2224d9aa4c82_M2SN1_M2SN1"
        ],
        "Server-SB": [
          "Service-Bus-Resource-Provider/SN1"
        ],
        "x-ms-ratelimit-remaining-subscription-reads": [
          "14991"
        ],
        "x-ms-correlation-request-id": [
          "1756f084-d8e4-4c57-bbb7-7f4953de5876"
        ],
        "x-ms-routing-request-id": [
          "WESTUS2:20171213T190317Z:1756f084-d8e4-4c57-bbb7-7f4953de5876"
        ],
        "Strict-Transport-Security": [
          "max-age=31536000; includeSubDomains"
        ]
      },
      "StatusCode": 200
    },
    {
      "RequestUri": "/subscriptions/e2f361f0-3b27-4503-a9cc-21cfba380093/resourceGroups/Default-EventHub-SouthCentralUS/providers/Microsoft.ServiceBus/namespaces/sdk-Namespace-984/topics/sdk-Topics-4305?api-version=2017-04-01",
      "EncodedRequestUri": "L3N1YnNjcmlwdGlvbnMvZTJmMzYxZjAtM2IyNy00NTAzLWE5Y2MtMjFjZmJhMzgwMDkzL3Jlc291cmNlR3JvdXBzL0RlZmF1bHQtRXZlbnRIdWItU291dGhDZW50cmFsVVMvcHJvdmlkZXJzL01pY3Jvc29mdC5TZXJ2aWNlQnVzL25hbWVzcGFjZXMvc2RrLU5hbWVzcGFjZS05ODQvdG9waWNzL3Nkay1Ub3BpY3MtNDMwNT9hcGktdmVyc2lvbj0yMDE3LTA0LTAx",
      "RequestMethod": "PUT",
      "RequestBody": "{\r\n  \"properties\": {\r\n    \"enablePartitioning\": true\r\n  }\r\n}",
      "RequestHeaders": {
        "Content-Type": [
          "application/json; charset=utf-8"
        ],
        "Content-Length": [
          "60"
        ],
        "x-ms-client-request-id": [
          "45969a31-120d-4800-8c27-d4a1a9f630b6"
        ],
        "accept-language": [
          "en-US"
        ],
        "User-Agent": [
          "FxVersion/4.6.25714.03",
          "Microsoft.Azure.Management.ServiceBus.ServiceBusManagementClient/1.0.2.0"
        ]
      },
      "ResponseBody": "{\r\n  \"id\": \"/subscriptions/e2f361f0-3b27-4503-a9cc-21cfba380093/resourceGroups/Default-EventHub-SouthCentralUS/providers/Microsoft.ServiceBus/namespaces/sdk-Namespace-984/topics/sdk-Topics-4305\",\r\n  \"name\": \"sdk-Topics-4305\",\r\n  \"type\": \"Microsoft.ServiceBus/Namespaces/Topics\",\r\n  \"location\": \"South Central US\",\r\n  \"properties\": {\r\n    \"defaultMessageTimeToLive\": \"P10675199DT2H48M5.4775807S\",\r\n    \"maxSizeInMegabytes\": 81920,\r\n    \"requiresDuplicateDetection\": false,\r\n    \"duplicateDetectionHistoryTimeWindow\": \"PT10M\",\r\n    \"enableBatchedOperations\": true,\r\n    \"sizeInBytes\": 0,\r\n    \"status\": \"Active\",\r\n    \"supportOrdering\": false,\r\n    \"autoDeleteOnIdle\": \"P10675199DT2H48M5.4775807S\",\r\n    \"enablePartitioning\": true,\r\n    \"enableExpress\": false,\r\n    \"createdAt\": \"2017-12-13T19:03:23.81Z\",\r\n    \"updatedAt\": \"2017-12-13T19:03:24.263Z\",\r\n    \"accessedAt\": \"0001-01-01T00:00:00\",\r\n    \"subscriptionCount\": 0,\r\n    \"countDetails\": {\r\n      \"activeMessageCount\": 0,\r\n      \"deadLetterMessageCount\": 0,\r\n      \"scheduledMessageCount\": 0,\r\n      \"transferMessageCount\": 0,\r\n      \"transferDeadLetterMessageCount\": 0\r\n    }\r\n  }\r\n}",
      "ResponseHeaders": {
        "Content-Type": [
          "application/json; charset=utf-8"
        ],
        "Expires": [
          "-1"
        ],
        "Cache-Control": [
          "no-cache"
        ],
        "Date": [
          "Wed, 13 Dec 2017 19:03:24 GMT"
        ],
        "Pragma": [
          "no-cache"
        ],
        "Transfer-Encoding": [
          "chunked"
        ],
        "Server": [
          "Service-Bus-Resource-Provider/SN1",
          "Microsoft-HTTPAPI/2.0"
        ],
        "Vary": [
          "Accept-Encoding"
        ],
        "x-ms-request-id": [
          "23a7fed9-bff9-4a08-ae83-906f594a1fdf_M2SN1_M2SN1"
        ],
        "Server-SB": [
          "Service-Bus-Resource-Provider/SN1"
        ],
        "x-ms-ratelimit-remaining-subscription-writes": [
          "1199"
        ],
        "x-ms-correlation-request-id": [
          "4920b85e-972b-4f09-a167-e348aa011d48"
        ],
        "x-ms-routing-request-id": [
          "WESTUS2:20171213T190325Z:4920b85e-972b-4f09-a167-e348aa011d48"
        ],
        "Strict-Transport-Security": [
          "max-age=31536000; includeSubDomains"
        ]
      },
      "StatusCode": 200
    },
    {
      "RequestUri": "/subscriptions/e2f361f0-3b27-4503-a9cc-21cfba380093/resourceGroups/Default-EventHub-SouthCentralUS/providers/Microsoft.ServiceBus/namespaces/sdk-Namespace-984/topics/sdk-Topics-4305?api-version=2017-04-01",
      "EncodedRequestUri": "L3N1YnNjcmlwdGlvbnMvZTJmMzYxZjAtM2IyNy00NTAzLWE5Y2MtMjFjZmJhMzgwMDkzL3Jlc291cmNlR3JvdXBzL0RlZmF1bHQtRXZlbnRIdWItU291dGhDZW50cmFsVVMvcHJvdmlkZXJzL01pY3Jvc29mdC5TZXJ2aWNlQnVzL25hbWVzcGFjZXMvc2RrLU5hbWVzcGFjZS05ODQvdG9waWNzL3Nkay1Ub3BpY3MtNDMwNT9hcGktdmVyc2lvbj0yMDE3LTA0LTAx",
      "RequestMethod": "GET",
      "RequestBody": "",
      "RequestHeaders": {
        "x-ms-client-request-id": [
          "0ccfa8ed-f6f5-41a4-a819-5a50b83664c0"
        ],
        "accept-language": [
          "en-US"
        ],
        "User-Agent": [
          "FxVersion/4.6.25714.03",
          "Microsoft.Azure.Management.ServiceBus.ServiceBusManagementClient/1.0.2.0"
        ]
      },
      "ResponseBody": "{\r\n  \"id\": \"/subscriptions/e2f361f0-3b27-4503-a9cc-21cfba380093/resourceGroups/Default-EventHub-SouthCentralUS/providers/Microsoft.ServiceBus/namespaces/sdk-Namespace-984/topics/sdk-Topics-4305\",\r\n  \"name\": \"sdk-Topics-4305\",\r\n  \"type\": \"Microsoft.ServiceBus/Namespaces/Topics\",\r\n  \"location\": \"South Central US\",\r\n  \"properties\": {\r\n    \"defaultMessageTimeToLive\": \"P10675199DT2H48M5.4775807S\",\r\n    \"maxSizeInMegabytes\": 81920,\r\n    \"requiresDuplicateDetection\": false,\r\n    \"duplicateDetectionHistoryTimeWindow\": \"PT10M\",\r\n    \"enableBatchedOperations\": true,\r\n    \"sizeInBytes\": 0,\r\n    \"status\": \"Active\",\r\n    \"supportOrdering\": false,\r\n    \"autoDeleteOnIdle\": \"P10675199DT2H48M5.4775807S\",\r\n    \"enablePartitioning\": true,\r\n    \"enableExpress\": false,\r\n    \"createdAt\": \"2017-12-13T19:03:23.81Z\",\r\n    \"updatedAt\": \"2017-12-13T19:03:24.263Z\",\r\n    \"accessedAt\": \"0001-01-01T00:00:00Z\",\r\n    \"subscriptionCount\": 0,\r\n    \"countDetails\": {\r\n      \"activeMessageCount\": 0,\r\n      \"deadLetterMessageCount\": 0,\r\n      \"scheduledMessageCount\": 0,\r\n      \"transferMessageCount\": 0,\r\n      \"transferDeadLetterMessageCount\": 0\r\n    }\r\n  }\r\n}",
      "ResponseHeaders": {
        "Content-Type": [
          "application/json; charset=utf-8"
        ],
        "Expires": [
          "-1"
        ],
        "Cache-Control": [
          "no-cache"
        ],
        "Date": [
          "Wed, 13 Dec 2017 19:03:24 GMT"
        ],
        "Pragma": [
          "no-cache"
        ],
        "Transfer-Encoding": [
          "chunked"
        ],
        "Server": [
          "Service-Bus-Resource-Provider/SN1",
          "Microsoft-HTTPAPI/2.0"
        ],
        "Vary": [
          "Accept-Encoding"
        ],
        "x-ms-request-id": [
          "7c81b039-77a6-49df-b4cf-ae783066a239_M2SN1_M2SN1"
        ],
        "Server-SB": [
          "Service-Bus-Resource-Provider/SN1"
        ],
        "x-ms-ratelimit-remaining-subscription-reads": [
          "14990"
        ],
        "x-ms-correlation-request-id": [
          "26eeff83-2fc3-4dfd-a431-1509c4df53ba"
        ],
        "x-ms-routing-request-id": [
          "WESTUS2:20171213T190325Z:26eeff83-2fc3-4dfd-a431-1509c4df53ba"
        ],
        "Strict-Transport-Security": [
          "max-age=31536000; includeSubDomains"
        ]
      },
      "StatusCode": 200
    },
    {
      "RequestUri": "/subscriptions/e2f361f0-3b27-4503-a9cc-21cfba380093/resourceGroups/Default-EventHub-SouthCentralUS/providers/Microsoft.ServiceBus/namespaces/sdk-Namespace-984/topics/sdk-Topics-4305/subscriptions/sdk-Subscriptions-6270?api-version=2017-04-01",
      "EncodedRequestUri": "L3N1YnNjcmlwdGlvbnMvZTJmMzYxZjAtM2IyNy00NTAzLWE5Y2MtMjFjZmJhMzgwMDkzL3Jlc291cmNlR3JvdXBzL0RlZmF1bHQtRXZlbnRIdWItU291dGhDZW50cmFsVVMvcHJvdmlkZXJzL01pY3Jvc29mdC5TZXJ2aWNlQnVzL25hbWVzcGFjZXMvc2RrLU5hbWVzcGFjZS05ODQvdG9waWNzL3Nkay1Ub3BpY3MtNDMwNS9zdWJzY3JpcHRpb25zL3Nkay1TdWJzY3JpcHRpb25zLTYyNzA/YXBpLXZlcnNpb249MjAxNy0wNC0wMQ==",
      "RequestMethod": "PUT",
      "RequestBody": "{\r\n  \"properties\": {\r\n    \"lockDuration\": \"PT3M\",\r\n    \"defaultMessageTimeToLive\": \"PT5M\",\r\n    \"deadLetteringOnMessageExpiration\": true,\r\n    \"maxDeliveryCount\": 14,\r\n    \"status\": \"Active\",\r\n    \"enableBatchedOperations\": true,\r\n    \"autoDeleteOnIdle\": \"PT7M\"\r\n  }\r\n}",
      "RequestHeaders": {
        "Content-Type": [
          "application/json; charset=utf-8"
        ],
        "Content-Length": [
          "269"
        ],
        "x-ms-client-request-id": [
          "ba78dbf9-61d6-4c91-8a76-d9495a1276db"
        ],
        "accept-language": [
          "en-US"
        ],
        "User-Agent": [
          "FxVersion/4.6.25714.03",
          "Microsoft.Azure.Management.ServiceBus.ServiceBusManagementClient/1.0.2.0"
        ]
      },
      "ResponseBody": "{\r\n  \"id\": \"/subscriptions/e2f361f0-3b27-4503-a9cc-21cfba380093/resourceGroups/Default-EventHub-SouthCentralUS/providers/Microsoft.ServiceBus/namespaces/sdk-Namespace-984/topics/sdk-Topics-4305/subscriptions/sdk-Subscriptions-6270\",\r\n  \"name\": \"sdk-Subscriptions-6270\",\r\n  \"type\": \"Microsoft.ServiceBus/Namespaces/Topics/Subscriptions\",\r\n  \"location\": \"South Central US\",\r\n  \"properties\": {\r\n    \"lockDuration\": \"PT3M\",\r\n    \"requiresSession\": false,\r\n    \"defaultMessageTimeToLive\": \"PT5M\",\r\n    \"deadLetteringOnMessageExpiration\": true,\r\n    \"messageCount\": 0,\r\n    \"maxDeliveryCount\": 14,\r\n    \"status\": \"Active\",\r\n    \"enableBatchedOperations\": true,\r\n    \"createdAt\": \"2017-12-13T19:03:26.9046913Z\",\r\n    \"updatedAt\": \"2017-12-13T19:03:26.9046913Z\",\r\n    \"accessedAt\": \"0001-01-01T00:00:00\",\r\n    \"countDetails\": {\r\n      \"activeMessageCount\": 0,\r\n      \"deadLetterMessageCount\": 0,\r\n      \"scheduledMessageCount\": 0,\r\n      \"transferMessageCount\": 0,\r\n      \"transferDeadLetterMessageCount\": 0\r\n    },\r\n    \"autoDeleteOnIdle\": \"PT7M\"\r\n  }\r\n}",
      "ResponseHeaders": {
        "Content-Type": [
          "application/json; charset=utf-8"
        ],
        "Expires": [
          "-1"
        ],
        "Cache-Control": [
          "no-cache"
        ],
        "Date": [
          "Wed, 13 Dec 2017 19:03:31 GMT"
        ],
        "Pragma": [
          "no-cache"
        ],
        "Transfer-Encoding": [
          "chunked"
        ],
        "Server": [
          "Service-Bus-Resource-Provider/SN1",
          "Microsoft-HTTPAPI/2.0"
        ],
        "Vary": [
          "Accept-Encoding"
        ],
        "x-ms-request-id": [
          "ecc9b134-eaa1-4a6d-9d09-8a3e0c779b3e_M2SN1_M2SN1"
        ],
        "Server-SB": [
          "Service-Bus-Resource-Provider/SN1"
        ],
        "x-ms-ratelimit-remaining-subscription-writes": [
          "1198"
        ],
        "x-ms-correlation-request-id": [
          "e4338e42-117c-4988-a49b-b8bd054b4eab"
        ],
        "x-ms-routing-request-id": [
          "WESTUS2:20171213T190331Z:e4338e42-117c-4988-a49b-b8bd054b4eab"
        ],
        "Strict-Transport-Security": [
          "max-age=31536000; includeSubDomains"
        ]
      },
      "StatusCode": 200
    },
    {
      "RequestUri": "/subscriptions/e2f361f0-3b27-4503-a9cc-21cfba380093/resourceGroups/Default-EventHub-SouthCentralUS/providers/Microsoft.ServiceBus/namespaces/sdk-Namespace-984/topics/sdk-Topics-4305/subscriptions/sdk-Subscriptions-6270?api-version=2017-04-01",
      "EncodedRequestUri": "L3N1YnNjcmlwdGlvbnMvZTJmMzYxZjAtM2IyNy00NTAzLWE5Y2MtMjFjZmJhMzgwMDkzL3Jlc291cmNlR3JvdXBzL0RlZmF1bHQtRXZlbnRIdWItU291dGhDZW50cmFsVVMvcHJvdmlkZXJzL01pY3Jvc29mdC5TZXJ2aWNlQnVzL25hbWVzcGFjZXMvc2RrLU5hbWVzcGFjZS05ODQvdG9waWNzL3Nkay1Ub3BpY3MtNDMwNS9zdWJzY3JpcHRpb25zL3Nkay1TdWJzY3JpcHRpb25zLTYyNzA/YXBpLXZlcnNpb249MjAxNy0wNC0wMQ==",
      "RequestMethod": "PUT",
      "RequestBody": "{\r\n  \"properties\": {\r\n    \"deadLetteringOnMessageExpiration\": true,\r\n    \"enableBatchedOperations\": true,\r\n    \"forwardTo\": \"sdk-Topics-2211\",\r\n    \"forwardDeadLetteredMessagesTo\": \"sdk-Topics-2211\"\r\n  }\r\n}",
      "RequestHeaders": {
        "Content-Type": [
          "application/json; charset=utf-8"
        ],
        "Content-Length": [
          "206"
        ],
        "x-ms-client-request-id": [
          "c8807296-2dfc-483e-adfb-91668b0e6cd6"
        ],
        "accept-language": [
          "en-US"
        ],
        "User-Agent": [
          "FxVersion/4.6.25714.03",
          "Microsoft.Azure.Management.ServiceBus.ServiceBusManagementClient/1.0.2.0"
        ]
      },
      "ResponseBody": "{\r\n  \"id\": \"/subscriptions/e2f361f0-3b27-4503-a9cc-21cfba380093/resourceGroups/Default-EventHub-SouthCentralUS/providers/Microsoft.ServiceBus/namespaces/sdk-Namespace-984/topics/sdk-Topics-4305/subscriptions/sdk-Subscriptions-6270\",\r\n  \"name\": \"sdk-Subscriptions-6270\",\r\n  \"type\": \"Microsoft.ServiceBus/Namespaces/Topics/Subscriptions\",\r\n  \"location\": \"South Central US\",\r\n  \"properties\": {\r\n    \"lockDuration\": \"PT1M\",\r\n    \"requiresSession\": false,\r\n    \"defaultMessageTimeToLive\": \"P10675199DT2H48M5.4775807S\",\r\n    \"deadLetteringOnMessageExpiration\": true,\r\n    \"messageCount\": 0,\r\n    \"maxDeliveryCount\": 10,\r\n    \"status\": \"Active\",\r\n    \"enableBatchedOperations\": true,\r\n    \"createdAt\": \"2017-12-13T19:03:35.9683871Z\",\r\n    \"updatedAt\": \"2017-12-13T19:03:35.9683871Z\",\r\n    \"accessedAt\": \"0001-01-01T00:00:00\",\r\n    \"countDetails\": {\r\n      \"activeMessageCount\": 0,\r\n      \"deadLetterMessageCount\": 0,\r\n      \"scheduledMessageCount\": 0,\r\n      \"transferMessageCount\": 0,\r\n      \"transferDeadLetterMessageCount\": 0\r\n    },\r\n    \"autoDeleteOnIdle\": \"P10675199DT2H48M5.4775807S\",\r\n    \"forwardTo\": \"sdk-Topics-2211\",\r\n    \"forwardDeadLetteredMessagesTo\": \"sdk-Topics-2211\"\r\n  }\r\n}",
      "ResponseHeaders": {
        "Content-Type": [
          "application/json; charset=utf-8"
        ],
        "Expires": [
          "-1"
        ],
        "Cache-Control": [
          "no-cache"
        ],
        "Date": [
          "Wed, 13 Dec 2017 19:03:35 GMT"
        ],
        "Pragma": [
          "no-cache"
        ],
        "Transfer-Encoding": [
          "chunked"
        ],
        "Server": [
          "Service-Bus-Resource-Provider/SN1",
          "Microsoft-HTTPAPI/2.0"
        ],
        "Vary": [
          "Accept-Encoding"
        ],
        "x-ms-request-id": [
          "6a44bd8f-4812-4d4b-96f8-b849b79befed_M2SN1_M2SN1"
        ],
        "Server-SB": [
          "Service-Bus-Resource-Provider/SN1"
        ],
        "x-ms-ratelimit-remaining-subscription-writes": [
          "1196"
        ],
        "x-ms-correlation-request-id": [
          "d7603135-b835-43a1-9b14-a4a99950a5b8"
        ],
        "x-ms-routing-request-id": [
          "WESTUS2:20171213T190336Z:d7603135-b835-43a1-9b14-a4a99950a5b8"
        ],
        "Strict-Transport-Security": [
          "max-age=31536000; includeSubDomains"
        ]
      },
      "StatusCode": 200
    },
    {
      "RequestUri": "/subscriptions/e2f361f0-3b27-4503-a9cc-21cfba380093/resourceGroups/Default-EventHub-SouthCentralUS/providers/Microsoft.ServiceBus/namespaces/sdk-Namespace-984/topics/sdk-Topics-4305/subscriptions/sdk-Subscriptions-6270?api-version=2017-04-01",
      "EncodedRequestUri": "L3N1YnNjcmlwdGlvbnMvZTJmMzYxZjAtM2IyNy00NTAzLWE5Y2MtMjFjZmJhMzgwMDkzL3Jlc291cmNlR3JvdXBzL0RlZmF1bHQtRXZlbnRIdWItU291dGhDZW50cmFsVVMvcHJvdmlkZXJzL01pY3Jvc29mdC5TZXJ2aWNlQnVzL25hbWVzcGFjZXMvc2RrLU5hbWVzcGFjZS05ODQvdG9waWNzL3Nkay1Ub3BpY3MtNDMwNS9zdWJzY3JpcHRpb25zL3Nkay1TdWJzY3JpcHRpb25zLTYyNzA/YXBpLXZlcnNpb249MjAxNy0wNC0wMQ==",
      "RequestMethod": "GET",
      "RequestBody": "",
      "RequestHeaders": {
        "x-ms-client-request-id": [
          "8224284d-77e1-475f-910b-863eabaa126b"
        ],
        "accept-language": [
          "en-US"
        ],
        "User-Agent": [
          "FxVersion/4.6.25714.03",
          "Microsoft.Azure.Management.ServiceBus.ServiceBusManagementClient/1.0.2.0"
        ]
      },
      "ResponseBody": "{\r\n  \"id\": \"/subscriptions/e2f361f0-3b27-4503-a9cc-21cfba380093/resourceGroups/Default-EventHub-SouthCentralUS/providers/Microsoft.ServiceBus/namespaces/sdk-Namespace-984/topics/sdk-Topics-4305/subscriptions/sdk-Subscriptions-6270\",\r\n  \"name\": \"sdk-Subscriptions-6270\",\r\n  \"type\": \"Microsoft.ServiceBus/Namespaces/Topics/Subscriptions\",\r\n  \"location\": \"South Central US\",\r\n  \"properties\": {\r\n    \"lockDuration\": \"PT3M\",\r\n    \"requiresSession\": false,\r\n    \"defaultMessageTimeToLive\": \"PT5M\",\r\n    \"deadLetteringOnMessageExpiration\": true,\r\n    \"messageCount\": 0,\r\n    \"maxDeliveryCount\": 14,\r\n    \"status\": \"Active\",\r\n    \"enableBatchedOperations\": true,\r\n    \"createdAt\": \"2017-12-13T19:03:26.7037706Z\",\r\n    \"updatedAt\": \"2017-12-13T19:03:27.1773474Z\",\r\n    \"accessedAt\": \"2017-12-13T19:03:27.1773474Z\",\r\n    \"countDetails\": {\r\n      \"activeMessageCount\": 0,\r\n      \"deadLetterMessageCount\": 0,\r\n      \"scheduledMessageCount\": 0,\r\n      \"transferMessageCount\": 0,\r\n      \"transferDeadLetterMessageCount\": 0\r\n    },\r\n    \"autoDeleteOnIdle\": \"PT7M\"\r\n  }\r\n}",
      "ResponseHeaders": {
        "Content-Type": [
          "application/json; charset=utf-8"
        ],
        "Expires": [
          "-1"
        ],
        "Cache-Control": [
          "no-cache"
        ],
        "Date": [
          "Wed, 13 Dec 2017 19:03:32 GMT"
        ],
        "Pragma": [
          "no-cache"
        ],
        "Transfer-Encoding": [
          "chunked"
        ],
        "Server": [
          "Service-Bus-Resource-Provider/SN1",
          "Microsoft-HTTPAPI/2.0"
        ],
        "Vary": [
          "Accept-Encoding"
        ],
        "x-ms-request-id": [
          "3ad54947-c710-4f97-8f04-298011e0a0d9_M2SN1_M2SN1"
        ],
        "Server-SB": [
          "Service-Bus-Resource-Provider/SN1"
        ],
        "x-ms-ratelimit-remaining-subscription-reads": [
          "14989"
        ],
        "x-ms-correlation-request-id": [
          "dbc2df67-6256-4487-ae14-d544d5c86f56"
        ],
        "x-ms-routing-request-id": [
          "WESTUS2:20171213T190332Z:dbc2df67-6256-4487-ae14-d544d5c86f56"
        ],
        "Strict-Transport-Security": [
          "max-age=31536000; includeSubDomains"
        ]
      },
      "StatusCode": 200
    },
    {
      "RequestUri": "/subscriptions/e2f361f0-3b27-4503-a9cc-21cfba380093/resourceGroups/Default-EventHub-SouthCentralUS/providers/Microsoft.ServiceBus/namespaces/sdk-Namespace-984/topics/sdk-Topics-4305/subscriptions/sdk-Subscriptions-6270?api-version=2017-04-01",
      "EncodedRequestUri": "L3N1YnNjcmlwdGlvbnMvZTJmMzYxZjAtM2IyNy00NTAzLWE5Y2MtMjFjZmJhMzgwMDkzL3Jlc291cmNlR3JvdXBzL0RlZmF1bHQtRXZlbnRIdWItU291dGhDZW50cmFsVVMvcHJvdmlkZXJzL01pY3Jvc29mdC5TZXJ2aWNlQnVzL25hbWVzcGFjZXMvc2RrLU5hbWVzcGFjZS05ODQvdG9waWNzL3Nkay1Ub3BpY3MtNDMwNS9zdWJzY3JpcHRpb25zL3Nkay1TdWJzY3JpcHRpb25zLTYyNzA/YXBpLXZlcnNpb249MjAxNy0wNC0wMQ==",
      "RequestMethod": "GET",
      "RequestBody": "",
      "RequestHeaders": {
        "x-ms-client-request-id": [
          "b688aeb5-1bfe-4470-8796-5c4697a1dadc"
        ],
        "accept-language": [
          "en-US"
        ],
        "User-Agent": [
          "FxVersion/4.6.25714.03",
          "Microsoft.Azure.Management.ServiceBus.ServiceBusManagementClient/1.0.2.0"
        ]
      },
      "ResponseBody": "{\r\n  \"id\": \"/subscriptions/e2f361f0-3b27-4503-a9cc-21cfba380093/resourceGroups/Default-EventHub-SouthCentralUS/providers/Microsoft.ServiceBus/namespaces/sdk-Namespace-984/topics/sdk-Topics-4305/subscriptions/sdk-Subscriptions-6270\",\r\n  \"name\": \"sdk-Subscriptions-6270\",\r\n  \"type\": \"Microsoft.ServiceBus/Namespaces/Topics/Subscriptions\",\r\n  \"location\": \"South Central US\",\r\n  \"properties\": {\r\n    \"lockDuration\": \"PT1M\",\r\n    \"requiresSession\": false,\r\n    \"defaultMessageTimeToLive\": \"P10675199DT2H48M5.4775807S\",\r\n    \"deadLetteringOnMessageExpiration\": true,\r\n    \"messageCount\": 0,\r\n    \"maxDeliveryCount\": 10,\r\n    \"status\": \"Active\",\r\n    \"enableBatchedOperations\": true,\r\n    \"createdAt\": \"2017-12-13T19:03:26.7037706Z\",\r\n    \"updatedAt\": \"2017-12-13T19:03:36.2424443Z\",\r\n    \"accessedAt\": \"2017-12-13T19:03:27.1773474Z\",\r\n    \"countDetails\": {\r\n      \"activeMessageCount\": 0,\r\n      \"deadLetterMessageCount\": 0,\r\n      \"scheduledMessageCount\": 0,\r\n      \"transferMessageCount\": 0,\r\n      \"transferDeadLetterMessageCount\": 0\r\n    },\r\n    \"autoDeleteOnIdle\": \"P10675199DT2H48M5.4775807S\",\r\n    \"forwardTo\": \"sdk-Topics-2211\",\r\n    \"forwardDeadLetteredMessagesTo\": \"sdk-Topics-2211\"\r\n  }\r\n}",
      "ResponseHeaders": {
        "Content-Type": [
          "application/json; charset=utf-8"
        ],
        "Expires": [
          "-1"
        ],
        "Cache-Control": [
          "no-cache"
        ],
        "Date": [
          "Wed, 13 Dec 2017 19:03:36 GMT"
        ],
        "Pragma": [
          "no-cache"
        ],
        "Transfer-Encoding": [
          "chunked"
        ],
        "Server": [
          "Service-Bus-Resource-Provider/SN1",
          "Microsoft-HTTPAPI/2.0"
        ],
        "Vary": [
          "Accept-Encoding"
        ],
        "x-ms-request-id": [
          "18c2a069-7d79-4443-b281-2195bf197553_M2SN1_M2SN1"
        ],
        "Server-SB": [
          "Service-Bus-Resource-Provider/SN1"
        ],
        "x-ms-ratelimit-remaining-subscription-reads": [
          "14987"
        ],
        "x-ms-correlation-request-id": [
          "f4d74266-2a9a-4f96-8c9c-dac4965a04e7"
        ],
        "x-ms-routing-request-id": [
          "WESTUS2:20171213T190337Z:f4d74266-2a9a-4f96-8c9c-dac4965a04e7"
        ],
        "Strict-Transport-Security": [
          "max-age=31536000; includeSubDomains"
        ]
      },
      "StatusCode": 200
    },
    {
      "RequestUri": "/subscriptions/e2f361f0-3b27-4503-a9cc-21cfba380093/resourceGroups/Default-EventHub-SouthCentralUS/providers/Microsoft.ServiceBus/namespaces/sdk-Namespace-984/topics/sdk-Topics-4305/subscriptions?api-version=2017-04-01",
      "EncodedRequestUri": "L3N1YnNjcmlwdGlvbnMvZTJmMzYxZjAtM2IyNy00NTAzLWE5Y2MtMjFjZmJhMzgwMDkzL3Jlc291cmNlR3JvdXBzL0RlZmF1bHQtRXZlbnRIdWItU291dGhDZW50cmFsVVMvcHJvdmlkZXJzL01pY3Jvc29mdC5TZXJ2aWNlQnVzL25hbWVzcGFjZXMvc2RrLU5hbWVzcGFjZS05ODQvdG9waWNzL3Nkay1Ub3BpY3MtNDMwNS9zdWJzY3JpcHRpb25zP2FwaS12ZXJzaW9uPTIwMTctMDQtMDE=",
      "RequestMethod": "GET",
      "RequestBody": "",
      "RequestHeaders": {
        "x-ms-client-request-id": [
          "43982647-8cd2-4da4-a13a-98785a8d1f18"
        ],
        "accept-language": [
          "en-US"
        ],
        "User-Agent": [
          "FxVersion/4.6.25714.03",
          "Microsoft.Azure.Management.ServiceBus.ServiceBusManagementClient/1.0.2.0"
        ]
      },
      "ResponseBody": "{\r\n  \"value\": [\r\n    {\r\n      \"id\": \"/subscriptions/e2f361f0-3b27-4503-a9cc-21cfba380093/resourceGroups/Default-EventHub-SouthCentralUS/providers/Microsoft.ServiceBus/namespaces/sdk-Namespace-984/topics/sdk-Topics-4305/subscriptions/sdk-Subscriptions-6270\",\r\n      \"name\": \"sdk-Subscriptions-6270\",\r\n      \"type\": \"Microsoft.ServiceBus/Namespaces/Topics/Subscriptions\",\r\n      \"location\": \"South Central US\",\r\n      \"properties\": {\r\n        \"lockDuration\": \"PT3M\",\r\n        \"requiresSession\": false,\r\n        \"defaultMessageTimeToLive\": \"PT5M\",\r\n        \"deadLetteringOnMessageExpiration\": true,\r\n        \"messageCount\": 0,\r\n        \"maxDeliveryCount\": 14,\r\n        \"status\": \"Active\",\r\n        \"enableBatchedOperations\": true,\r\n        \"createdAt\": \"2017-12-13T19:03:26.7037706Z\",\r\n        \"updatedAt\": \"2017-12-13T19:03:27.1773474Z\",\r\n        \"accessedAt\": \"2017-12-13T19:03:27.1773474Z\",\r\n        \"countDetails\": {\r\n          \"activeMessageCount\": 0,\r\n          \"deadLetterMessageCount\": 0,\r\n          \"scheduledMessageCount\": 0,\r\n          \"transferMessageCount\": 0,\r\n          \"transferDeadLetterMessageCount\": 0\r\n        },\r\n        \"autoDeleteOnIdle\": \"PT7M\"\r\n      }\r\n    }\r\n  ]\r\n}",
      "ResponseHeaders": {
        "Content-Type": [
          "application/json; charset=utf-8"
        ],
        "Expires": [
          "-1"
        ],
        "Cache-Control": [
          "no-cache"
        ],
        "Date": [
          "Wed, 13 Dec 2017 19:03:32 GMT"
        ],
        "Pragma": [
          "no-cache"
        ],
        "Transfer-Encoding": [
          "chunked"
        ],
        "Server": [
          "Service-Bus-Resource-Provider/SN1",
          "Microsoft-HTTPAPI/2.0"
        ],
        "Vary": [
          "Accept-Encoding"
        ],
        "x-ms-inline-count": [
          ""
        ],
        "x-ms-request-id": [
          "e4da999e-8443-43f5-966f-fa6fbddc2e92_M2SN1_M2SN1"
        ],
        "Server-SB": [
          "Service-Bus-Resource-Provider/SN1"
        ],
        "x-ms-ratelimit-remaining-subscription-reads": [
          "14988"
        ],
        "x-ms-correlation-request-id": [
          "1c24b363-2499-40b5-a0d2-e03038acddf9"
        ],
        "x-ms-routing-request-id": [
          "WESTUS2:20171213T190333Z:1c24b363-2499-40b5-a0d2-e03038acddf9"
        ],
        "Strict-Transport-Security": [
          "max-age=31536000; includeSubDomains"
        ]
      },
      "StatusCode": 200
    },
    {
      "RequestUri": "/subscriptions/e2f361f0-3b27-4503-a9cc-21cfba380093/resourceGroups/Default-EventHub-SouthCentralUS/providers/Microsoft.ServiceBus/namespaces/sdk-Namespace-984/topics/sdk-Topics-2211?api-version=2017-04-01",
      "EncodedRequestUri": "L3N1YnNjcmlwdGlvbnMvZTJmMzYxZjAtM2IyNy00NTAzLWE5Y2MtMjFjZmJhMzgwMDkzL3Jlc291cmNlR3JvdXBzL0RlZmF1bHQtRXZlbnRIdWItU291dGhDZW50cmFsVVMvcHJvdmlkZXJzL01pY3Jvc29mdC5TZXJ2aWNlQnVzL25hbWVzcGFjZXMvc2RrLU5hbWVzcGFjZS05ODQvdG9waWNzL3Nkay1Ub3BpY3MtMjIxMT9hcGktdmVyc2lvbj0yMDE3LTA0LTAx",
      "RequestMethod": "PUT",
      "RequestBody": "{\r\n  \"properties\": {\r\n    \"enablePartitioning\": true\r\n  }\r\n}",
      "RequestHeaders": {
        "Content-Type": [
          "application/json; charset=utf-8"
        ],
        "Content-Length": [
          "60"
        ],
        "x-ms-client-request-id": [
          "f65762b2-bf8c-4f5d-abbf-3c2e6542921a"
        ],
        "accept-language": [
          "en-US"
        ],
        "User-Agent": [
          "FxVersion/4.6.25714.03",
          "Microsoft.Azure.Management.ServiceBus.ServiceBusManagementClient/1.0.2.0"
        ]
      },
      "ResponseBody": "{\r\n  \"id\": \"/subscriptions/e2f361f0-3b27-4503-a9cc-21cfba380093/resourceGroups/Default-EventHub-SouthCentralUS/providers/Microsoft.ServiceBus/namespaces/sdk-Namespace-984/topics/sdk-Topics-2211\",\r\n  \"name\": \"sdk-Topics-2211\",\r\n  \"type\": \"Microsoft.ServiceBus/Namespaces/Topics\",\r\n  \"location\": \"South Central US\",\r\n  \"properties\": {\r\n    \"defaultMessageTimeToLive\": \"P10675199DT2H48M5.4775807S\",\r\n    \"maxSizeInMegabytes\": 81920,\r\n    \"requiresDuplicateDetection\": false,\r\n    \"duplicateDetectionHistoryTimeWindow\": \"PT10M\",\r\n    \"enableBatchedOperations\": true,\r\n    \"sizeInBytes\": 0,\r\n    \"status\": \"Active\",\r\n    \"supportOrdering\": false,\r\n    \"autoDeleteOnIdle\": \"P10675199DT2H48M5.4775807S\",\r\n    \"enablePartitioning\": true,\r\n    \"enableExpress\": false,\r\n    \"createdAt\": \"2017-12-13T19:03:34.653Z\",\r\n    \"updatedAt\": \"2017-12-13T19:03:34.95Z\",\r\n    \"accessedAt\": \"0001-01-01T00:00:00\",\r\n    \"subscriptionCount\": 0,\r\n    \"countDetails\": {\r\n      \"activeMessageCount\": 0,\r\n      \"deadLetterMessageCount\": 0,\r\n      \"scheduledMessageCount\": 0,\r\n      \"transferMessageCount\": 0,\r\n      \"transferDeadLetterMessageCount\": 0\r\n    }\r\n  }\r\n}",
      "ResponseHeaders": {
        "Content-Type": [
          "application/json; charset=utf-8"
        ],
        "Expires": [
          "-1"
        ],
        "Cache-Control": [
          "no-cache"
        ],
        "Date": [
          "Wed, 13 Dec 2017 19:03:34 GMT"
        ],
        "Pragma": [
          "no-cache"
        ],
        "Transfer-Encoding": [
          "chunked"
        ],
        "Server": [
          "Service-Bus-Resource-Provider/SN1",
          "Microsoft-HTTPAPI/2.0"
        ],
        "Vary": [
          "Accept-Encoding"
        ],
        "x-ms-request-id": [
          "8535b2d2-756b-41bc-bc08-aa2c551cc3c9_M2SN1_M2SN1"
        ],
        "Server-SB": [
          "Service-Bus-Resource-Provider/SN1"
        ],
        "x-ms-ratelimit-remaining-subscription-writes": [
          "1197"
        ],
        "x-ms-correlation-request-id": [
          "2c1eb0aa-3bd1-44eb-bee8-2431e19f40b7"
        ],
        "x-ms-routing-request-id": [
          "WESTUS2:20171213T190335Z:2c1eb0aa-3bd1-44eb-bee8-2431e19f40b7"
        ],
        "Strict-Transport-Security": [
          "max-age=31536000; includeSubDomains"
        ]
      },
      "StatusCode": 200
    },
    {
      "RequestUri": "/subscriptions/e2f361f0-3b27-4503-a9cc-21cfba380093/resourceGroups/Default-EventHub-SouthCentralUS/providers/Microsoft.ServiceBus/namespaces/sdk-Namespace-984/topics/sdk-Topics-4305/subscriptions/sdk-Subscriptions-6270?api-version=2017-04-01",
      "EncodedRequestUri": "L3N1YnNjcmlwdGlvbnMvZTJmMzYxZjAtM2IyNy00NTAzLWE5Y2MtMjFjZmJhMzgwMDkzL3Jlc291cmNlR3JvdXBzL0RlZmF1bHQtRXZlbnRIdWItU291dGhDZW50cmFsVVMvcHJvdmlkZXJzL01pY3Jvc29mdC5TZXJ2aWNlQnVzL25hbWVzcGFjZXMvc2RrLU5hbWVzcGFjZS05ODQvdG9waWNzL3Nkay1Ub3BpY3MtNDMwNS9zdWJzY3JpcHRpb25zL3Nkay1TdWJzY3JpcHRpb25zLTYyNzA/YXBpLXZlcnNpb249MjAxNy0wNC0wMQ==",
      "RequestMethod": "DELETE",
      "RequestBody": "",
      "RequestHeaders": {
        "x-ms-client-request-id": [
          "ddfb82f7-ecb0-4887-a689-00ea6b07e83e"
        ],
        "accept-language": [
          "en-US"
        ],
        "User-Agent": [
          "FxVersion/4.6.25714.03",
          "Microsoft.Azure.Management.ServiceBus.ServiceBusManagementClient/1.0.2.0"
        ]
      },
      "ResponseBody": "",
      "ResponseHeaders": {
        "Content-Length": [
          "0"
        ],
        "Expires": [
          "-1"
        ],
        "Cache-Control": [
          "no-cache"
        ],
        "Date": [
          "Wed, 13 Dec 2017 19:03:37 GMT"
        ],
        "Pragma": [
          "no-cache"
        ],
        "Server": [
          "Service-Bus-Resource-Provider/SN1",
          "Microsoft-HTTPAPI/2.0"
        ],
        "x-ms-request-id": [
          "cb5dba18-b446-4a42-a799-58da61d16f42_M2SN1_M2SN1"
        ],
        "Server-SB": [
          "Service-Bus-Resource-Provider/SN1"
        ],
        "x-ms-ratelimit-remaining-subscription-writes": [
          "1195"
        ],
        "x-ms-correlation-request-id": [
          "0e66d9af-908e-4d6a-9608-d7e2e1428adb"
        ],
        "x-ms-routing-request-id": [
          "WESTUS2:20171213T190338Z:0e66d9af-908e-4d6a-9608-d7e2e1428adb"
        ],
        "Strict-Transport-Security": [
          "max-age=31536000; includeSubDomains"
        ]
      },
      "StatusCode": 200
    },
    {
      "RequestUri": "/subscriptions/e2f361f0-3b27-4503-a9cc-21cfba380093/resourceGroups/Default-EventHub-SouthCentralUS/providers/Microsoft.ServiceBus/namespaces/sdk-Namespace-984/topics/sdk-Topics-4305?api-version=2017-04-01",
      "EncodedRequestUri": "L3N1YnNjcmlwdGlvbnMvZTJmMzYxZjAtM2IyNy00NTAzLWE5Y2MtMjFjZmJhMzgwMDkzL3Jlc291cmNlR3JvdXBzL0RlZmF1bHQtRXZlbnRIdWItU291dGhDZW50cmFsVVMvcHJvdmlkZXJzL01pY3Jvc29mdC5TZXJ2aWNlQnVzL25hbWVzcGFjZXMvc2RrLU5hbWVzcGFjZS05ODQvdG9waWNzL3Nkay1Ub3BpY3MtNDMwNT9hcGktdmVyc2lvbj0yMDE3LTA0LTAx",
      "RequestMethod": "DELETE",
      "RequestBody": "",
      "RequestHeaders": {
        "x-ms-client-request-id": [
          "6b8203da-a77a-464e-840b-4e7d78f43920"
        ],
        "accept-language": [
          "en-US"
        ],
        "User-Agent": [
          "FxVersion/4.6.25714.03",
          "Microsoft.Azure.Management.ServiceBus.ServiceBusManagementClient/1.0.2.0"
        ]
      },
      "ResponseBody": "",
      "ResponseHeaders": {
        "Content-Length": [
          "0"
        ],
        "Expires": [
          "-1"
        ],
        "Cache-Control": [
          "no-cache"
        ],
        "Date": [
          "Wed, 13 Dec 2017 19:03:39 GMT"
        ],
        "Pragma": [
          "no-cache"
        ],
        "Server": [
          "Service-Bus-Resource-Provider/SN1",
          "Microsoft-HTTPAPI/2.0"
        ],
        "x-ms-request-id": [
          "971003f3-de5d-4020-92e7-70524603b033_M2SN1_M2SN1"
        ],
        "Server-SB": [
          "Service-Bus-Resource-Provider/SN1"
        ],
        "x-ms-ratelimit-remaining-subscription-writes": [
          "1194"
        ],
        "x-ms-correlation-request-id": [
          "15245ae0-c97e-429c-b339-b7f178c38a95"
        ],
        "x-ms-routing-request-id": [
          "WESTUS2:20171213T190340Z:15245ae0-c97e-429c-b339-b7f178c38a95"
        ],
        "Strict-Transport-Security": [
          "max-age=31536000; includeSubDomains"
        ]
      },
      "StatusCode": 200
    }
  ],
  "Names": {
    "SubscriptionsCreateGetUpdateDelete": [
      "sdk-Namespace-984",
      "sdk-Topics-4305",
      "sdk-Subscriptions-6270",
      "sdk-Topics-2211"
    ]
  },
  "Variables": {
    "SubscriptionId": "e2f361f0-3b27-4503-a9cc-21cfba380093"
  }
}