{
  "Entries": [
    {
      "RequestUri": "/subscriptions/e2f361f0-3b27-4503-a9cc-21cfba380093/providers/Microsoft.ServiceBus?api-version=2015-11-01",
      "EncodedRequestUri": "L3N1YnNjcmlwdGlvbnMvZTJmMzYxZjAtM2IyNy00NTAzLWE5Y2MtMjFjZmJhMzgwMDkzL3Byb3ZpZGVycy9NaWNyb3NvZnQuU2VydmljZUJ1cz9hcGktdmVyc2lvbj0yMDE1LTExLTAx",
      "RequestMethod": "GET",
      "RequestBody": "",
      "RequestHeaders": {
        "x-ms-client-request-id": [
          "7490d914-d772-402a-baca-e0bc046b1368"
        ],
        "accept-language": [
          "en-US"
        ],
        "User-Agent": [
          "FxVersion/4.6.25211.01",
          "Microsoft.Azure.Management.Resources.ResourceManagementClient/1.0.0.0"
        ]
      },
      "ResponseBody": "{\r\n  \"id\": \"/subscriptions/e2f361f0-3b27-4503-a9cc-21cfba380093/providers/Microsoft.ServiceBus\",\r\n  \"namespace\": \"Microsoft.ServiceBus\",\r\n  \"resourceTypes\": [\r\n    {\r\n      \"resourceType\": \"namespaces\",\r\n      \"locations\": [\r\n        \"Australia East\",\r\n        \"Australia Southeast\",\r\n        \"Central US\",\r\n        \"East US\",\r\n        \"East US 2\",\r\n        \"West US 2\",\r\n        \"West US\",\r\n        \"North Central US\",\r\n        \"South Central US\",\r\n        \"West Central US\",\r\n        \"East Asia\",\r\n        \"Southeast Asia\",\r\n        \"Brazil South\",\r\n        \"Japan East\",\r\n        \"Japan West\",\r\n        \"North Europe\",\r\n        \"West Europe\",\r\n        \"Central India\",\r\n        \"South India\",\r\n        \"West India\",\r\n        \"Canada Central\",\r\n        \"Canada East\",\r\n        \"UK West\",\r\n        \"UK South\",\r\n        \"Korea Central\",\r\n        \"Korea South\"\r\n      ],\r\n      \"apiVersions\": [\r\n        \"2017-04-01\",\r\n        \"2015-08-01\",\r\n        \"2014-09-01\"\r\n      ],\r\n      \"capabilities\": \"CrossResourceGroupResourceMove, CrossSubscriptionResourceMove\"\r\n    },\r\n    {\r\n      \"resourceType\": \"checkNamespaceAvailability\",\r\n      \"locations\": [],\r\n      \"apiVersions\": [\r\n        \"2015-08-01\",\r\n        \"2014-09-01\"\r\n      ]\r\n    },\r\n    {\r\n      \"resourceType\": \"checkNameAvailability\",\r\n      \"locations\": [],\r\n      \"apiVersions\": [\r\n        \"2017-04-01\",\r\n        \"2015-08-01\",\r\n        \"2014-09-01\"\r\n      ]\r\n    },\r\n    {\r\n      \"resourceType\": \"sku\",\r\n      \"locations\": [],\r\n      \"apiVersions\": [\r\n        \"2017-04-01\",\r\n        \"2015-08-01\",\r\n        \"2014-09-01\"\r\n      ]\r\n    },\r\n    {\r\n      \"resourceType\": \"premiumMessagingRegions\",\r\n      \"locations\": [],\r\n      \"apiVersions\": [\r\n        \"2017-04-01\",\r\n        \"2015-08-01\",\r\n        \"2014-09-01\"\r\n      ]\r\n    },\r\n    {\r\n      \"resourceType\": \"operations\",\r\n      \"locations\": [],\r\n      \"apiVersions\": [\r\n        \"2017-04-01\",\r\n        \"2015-08-01\",\r\n        \"2014-09-01\"\r\n      ]\r\n    }\r\n  ],\r\n  \"registrationState\": \"Registered\"\r\n}",
      "ResponseHeaders": {
        "Content-Type": [
          "application/json; charset=utf-8"
        ],
        "Expires": [
          "-1"
        ],
        "Cache-Control": [
          "no-cache"
        ],
        "Date": [
          "Tue, 27 Jun 2017 19:41:39 GMT"
        ],
        "Pragma": [
          "no-cache"
        ],
        "Vary": [
          "Accept-Encoding"
        ],
        "x-ms-ratelimit-remaining-subscription-reads": [
          "14998"
        ],
        "x-ms-request-id": [
          "23ebfc68-afd2-4362-84a1-23b2757946aa"
        ],
        "x-ms-correlation-request-id": [
          "23ebfc68-afd2-4362-84a1-23b2757946aa"
        ],
        "x-ms-routing-request-id": [
          "WESTUS2:20170627T194140Z:23ebfc68-afd2-4362-84a1-23b2757946aa"
        ],
        "Strict-Transport-Security": [
          "max-age=31536000; includeSubDomains"
        ]
      },
      "StatusCode": 200
    },
    {
      "RequestUri": "/subscriptions/e2f361f0-3b27-4503-a9cc-21cfba380093/resourcegroups?api-version=2015-11-01",
      "EncodedRequestUri": "L3N1YnNjcmlwdGlvbnMvZTJmMzYxZjAtM2IyNy00NTAzLWE5Y2MtMjFjZmJhMzgwMDkzL3Jlc291cmNlZ3JvdXBzP2FwaS12ZXJzaW9uPTIwMTUtMTEtMDE=",
      "RequestMethod": "GET",
      "RequestBody": "",
      "RequestHeaders": {
        "x-ms-client-request-id": [
          "d39e788f-2e02-4cdc-8eae-073e1256207d"
        ],
        "accept-language": [
          "en-US"
        ],
        "User-Agent": [
          "FxVersion/4.6.25211.01",
          "Microsoft.Azure.Management.Resources.ResourceManagementClient/1.0.0.0"
        ]
      },
      "ResponseBody": "{\r\n  \"value\": [\r\n    {\r\n      \"id\": \"/subscriptions/e2f361f0-3b27-4503-a9cc-21cfba380093/resourceGroups/Default-EventHub-SouthCentralUS\",\r\n      \"name\": \"Default-EventHub-SouthCentralUS\",\r\n      \"location\": \"southcentralus\",\r\n      \"properties\": {\r\n        \"provisioningState\": \"Succeeded\"\r\n      }\r\n    },\r\n    {\r\n      \"id\": \"/subscriptions/e2f361f0-3b27-4503-a9cc-21cfba380093/resourceGroups/Default-MachineLearning-SouthCentralUS\",\r\n      \"name\": \"Default-MachineLearning-SouthCentralUS\",\r\n      \"location\": \"southcentralus\",\r\n      \"properties\": {\r\n        \"provisioningState\": \"Succeeded\"\r\n      }\r\n    },\r\n    {\r\n      \"id\": \"/subscriptions/e2f361f0-3b27-4503-a9cc-21cfba380093/resourceGroups/Default-Networking\",\r\n      \"name\": \"Default-Networking\",\r\n      \"location\": \"westus\",\r\n      \"properties\": {\r\n        \"provisioningState\": \"Succeeded\"\r\n      }\r\n    },\r\n    {\r\n      \"id\": \"/subscriptions/e2f361f0-3b27-4503-a9cc-21cfba380093/resourceGroups/Default-NotificationHubs-AustraliaEast\",\r\n      \"name\": \"Default-NotificationHubs-AustraliaEast\",\r\n      \"location\": \"australiaeast\",\r\n      \"properties\": {\r\n        \"provisioningState\": \"Succeeded\"\r\n      }\r\n    },\r\n    {\r\n      \"id\": \"/subscriptions/e2f361f0-3b27-4503-a9cc-21cfba380093/resourceGroups/Default-NotificationHubs-CentralUS\",\r\n      \"name\": \"Default-NotificationHubs-CentralUS\",\r\n      \"location\": \"centralus\",\r\n      \"properties\": {\r\n        \"provisioningState\": \"Succeeded\"\r\n      }\r\n    },\r\n    {\r\n      \"id\": \"/subscriptions/e2f361f0-3b27-4503-a9cc-21cfba380093/resourceGroups/Default-ServiceBus-WestUS\",\r\n      \"name\": \"Default-ServiceBus-WestUS\",\r\n      \"location\": \"westus\",\r\n      \"properties\": {\r\n        \"provisioningState\": \"Succeeded\"\r\n      }\r\n    },\r\n    {\r\n      \"id\": \"/subscriptions/e2f361f0-3b27-4503-a9cc-21cfba380093/resourceGroups/Default-SQL-WestUS\",\r\n      \"name\": \"Default-SQL-WestUS\",\r\n      \"location\": \"westus\",\r\n      \"properties\": {\r\n        \"provisioningState\": \"Succeeded\"\r\n      }\r\n    },\r\n    {\r\n      \"id\": \"/subscriptions/e2f361f0-3b27-4503-a9cc-21cfba380093/resourceGroups/Default-Storage-CentralUS\",\r\n      \"name\": \"Default-Storage-CentralUS\",\r\n      \"location\": \"centralus\",\r\n      \"properties\": {\r\n        \"provisioningState\": \"Succeeded\"\r\n      }\r\n    },\r\n    {\r\n      \"id\": \"/subscriptions/e2f361f0-3b27-4503-a9cc-21cfba380093/resourceGroups/Default-Storage-EastAsia\",\r\n      \"name\": \"Default-Storage-EastAsia\",\r\n      \"location\": \"eastasia\",\r\n      \"properties\": {\r\n        \"provisioningState\": \"Succeeded\"\r\n      }\r\n    },\r\n    {\r\n      \"id\": \"/subscriptions/e2f361f0-3b27-4503-a9cc-21cfba380093/resourceGroups/Default-Storage-SouthCentralUS\",\r\n      \"name\": \"Default-Storage-SouthCentralUS\",\r\n      \"location\": \"southcentralus\",\r\n      \"properties\": {\r\n        \"provisioningState\": \"Succeeded\"\r\n      }\r\n    },\r\n    {\r\n      \"id\": \"/subscriptions/e2f361f0-3b27-4503-a9cc-21cfba380093/resourceGroups/Default-Storage-WestUS\",\r\n      \"name\": \"Default-Storage-WestUS\",\r\n      \"location\": \"westus\",\r\n      \"properties\": {\r\n        \"provisioningState\": \"Succeeded\"\r\n      }\r\n    },\r\n    {\r\n      \"id\": \"/subscriptions/e2f361f0-3b27-4503-a9cc-21cfba380093/resourceGroups/Default-Web-WestUS\",\r\n      \"name\": \"Default-Web-WestUS\",\r\n      \"location\": \"westus\",\r\n      \"properties\": {\r\n        \"provisioningState\": \"Succeeded\"\r\n      }\r\n    },\r\n    {\r\n      \"id\": \"/subscriptions/e2f361f0-3b27-4503-a9cc-21cfba380093/resourceGroups/Mobile-Default-Web-WestUS\",\r\n      \"name\": \"Mobile-Default-Web-WestUS\",\r\n      \"location\": \"westus\",\r\n      \"properties\": {\r\n        \"provisioningState\": \"Succeeded\"\r\n      }\r\n    }\r\n  ]\r\n}",
      "ResponseHeaders": {
        "Content-Type": [
          "application/json; charset=utf-8"
        ],
        "Expires": [
          "-1"
        ],
        "Cache-Control": [
          "no-cache"
        ],
        "Date": [
          "Tue, 27 Jun 2017 19:41:40 GMT"
        ],
        "Pragma": [
          "no-cache"
        ],
        "Vary": [
          "Accept-Encoding"
        ],
        "x-ms-ratelimit-remaining-subscription-reads": [
          "14997"
        ],
        "x-ms-request-id": [
          "bbc9daaa-5ba3-4c84-bd47-8c41715bfa7b"
        ],
        "x-ms-correlation-request-id": [
          "bbc9daaa-5ba3-4c84-bd47-8c41715bfa7b"
        ],
        "x-ms-routing-request-id": [
          "WESTUS2:20170627T194140Z:bbc9daaa-5ba3-4c84-bd47-8c41715bfa7b"
        ],
        "Strict-Transport-Security": [
          "max-age=31536000; includeSubDomains"
        ]
      },
      "StatusCode": 200
    },
    {
      "RequestUri": "/subscriptions/e2f361f0-3b27-4503-a9cc-21cfba380093/resourceGroups/Default-NotificationHubs-AustraliaEast/providers/Microsoft.ServiceBus/namespaces/sdk-Namespace-4193?api-version=2017-04-01",
      "EncodedRequestUri": "L3N1YnNjcmlwdGlvbnMvZTJmMzYxZjAtM2IyNy00NTAzLWE5Y2MtMjFjZmJhMzgwMDkzL3Jlc291cmNlR3JvdXBzL0RlZmF1bHQtTm90aWZpY2F0aW9uSHVicy1BdXN0cmFsaWFFYXN0L3Byb3ZpZGVycy9NaWNyb3NvZnQuU2VydmljZUJ1cy9uYW1lc3BhY2VzL3Nkay1OYW1lc3BhY2UtNDE5Mz9hcGktdmVyc2lvbj0yMDE3LTA0LTAx",
      "RequestMethod": "PUT",
      "RequestBody": "{\r\n  \"sku\": {\r\n    \"name\": \"Standard\",\r\n    \"tier\": \"Standard\"\r\n  },\r\n  \"location\": \"Australia East\"\r\n}",
      "RequestHeaders": {
        "Content-Type": [
          "application/json; charset=utf-8"
        ],
        "Content-Length": [
          "103"
        ],
        "x-ms-client-request-id": [
          "1019bf6d-91fd-4649-b1ed-8e9ce2524879"
        ],
        "accept-language": [
          "en-US"
        ],
        "User-Agent": [
          "FxVersion/4.6.25211.01",
          "Microsoft.Azure.Management.ServiceBus.ServiceBusManagementClient/0.2.0.0"
        ]
      },
      "ResponseBody": "{\r\n  \"sku\": {\r\n    \"name\": \"Standard\",\r\n    \"tier\": \"Standard\"\r\n  },\r\n  \"id\": \"/subscriptions/e2f361f0-3b27-4503-a9cc-21cfba380093/resourceGroups/Default-NotificationHubs-AustraliaEast/providers/Microsoft.ServiceBus/namespaces/sdk-Namespace-4193\",\r\n  \"name\": \"sdk-Namespace-4193\",\r\n  \"type\": \"Microsoft.ServiceBus/Namespaces\",\r\n  \"location\": \"Australia East\",\r\n  \"tags\": {},\r\n  \"properties\": {\r\n    \"provisioningState\": \"Created\",\r\n    \"metricId\": \"e2f361f0-3b27-4503-a9cc-21cfba380093:sdk-namespace-4193\",\r\n    \"createdAt\": \"2017-06-27T19:41:43.03Z\",\r\n    \"updatedAt\": \"2017-06-27T19:41:43.03Z\",\r\n    \"serviceBusEndpoint\": \"https://sdk-Namespace-4193.servicebus.windows.net:443/\"\r\n  }\r\n}",
      "ResponseHeaders": {
        "Content-Type": [
          "application/json; charset=utf-8"
        ],
        "Expires": [
          "-1"
        ],
        "Cache-Control": [
          "no-cache"
        ],
        "Date": [
          "Tue, 27 Jun 2017 19:41:43 GMT"
        ],
        "Pragma": [
          "no-cache"
        ],
        "Transfer-Encoding": [
          "chunked"
        ],
        "Server": [
          "Service-Bus-Resource-Provider/SN1",
          "Microsoft-HTTPAPI/2.0"
        ],
        "Vary": [
          "Accept-Encoding"
        ],
        "x-ms-request-id": [
          "c852627a-8960-4537-826c-924387040d1c_M7_M7"
        ],
        "Server-SB": [
          "Service-Bus-Resource-Provider/SN1"
        ],
        "x-ms-ratelimit-remaining-subscription-writes": [
          "1199"
        ],
        "x-ms-correlation-request-id": [
          "a62bf68d-91ab-481a-9cc8-17f9fad5c833"
        ],
        "x-ms-routing-request-id": [
          "WESTUS2:20170627T194144Z:a62bf68d-91ab-481a-9cc8-17f9fad5c833"
        ],
        "Strict-Transport-Security": [
          "max-age=31536000; includeSubDomains"
        ]
      },
      "StatusCode": 200
    },
    {
      "RequestUri": "/subscriptions/e2f361f0-3b27-4503-a9cc-21cfba380093/resourceGroups/Default-NotificationHubs-AustraliaEast/providers/Microsoft.ServiceBus/namespaces/sdk-Namespace-4193?api-version=2017-04-01",
      "EncodedRequestUri": "L3N1YnNjcmlwdGlvbnMvZTJmMzYxZjAtM2IyNy00NTAzLWE5Y2MtMjFjZmJhMzgwMDkzL3Jlc291cmNlR3JvdXBzL0RlZmF1bHQtTm90aWZpY2F0aW9uSHVicy1BdXN0cmFsaWFFYXN0L3Byb3ZpZGVycy9NaWNyb3NvZnQuU2VydmljZUJ1cy9uYW1lc3BhY2VzL3Nkay1OYW1lc3BhY2UtNDE5Mz9hcGktdmVyc2lvbj0yMDE3LTA0LTAx",
      "RequestMethod": "GET",
      "RequestBody": "",
      "RequestHeaders": {
        "User-Agent": [
          "FxVersion/4.6.25211.01",
          "Microsoft.Azure.Management.ServiceBus.ServiceBusManagementClient/0.2.0.0"
        ]
      },
      "ResponseBody": "{\r\n  \"sku\": {\r\n    \"name\": \"Standard\",\r\n    \"tier\": \"Standard\"\r\n  },\r\n  \"id\": \"/subscriptions/e2f361f0-3b27-4503-a9cc-21cfba380093/resourceGroups/Default-NotificationHubs-AustraliaEast/providers/Microsoft.ServiceBus/namespaces/sdk-Namespace-4193\",\r\n  \"name\": \"sdk-Namespace-4193\",\r\n  \"type\": \"Microsoft.ServiceBus/Namespaces\",\r\n  \"location\": \"Australia East\",\r\n  \"tags\": {},\r\n  \"properties\": {\r\n    \"provisioningState\": \"Succeeded\",\r\n    \"metricId\": \"e2f361f0-3b27-4503-a9cc-21cfba380093:sdk-namespace-4193\",\r\n    \"createdAt\": \"2017-06-27T19:41:43.03Z\",\r\n    \"updatedAt\": \"2017-06-27T19:42:08.083Z\",\r\n    \"serviceBusEndpoint\": \"https://sdk-Namespace-4193.servicebus.windows.net:443/\"\r\n  }\r\n}",
      "ResponseHeaders": {
        "Content-Type": [
          "application/json; charset=utf-8"
        ],
        "Expires": [
          "-1"
        ],
        "Cache-Control": [
          "no-cache"
        ],
        "Date": [
          "Tue, 27 Jun 2017 19:42:14 GMT"
        ],
        "Pragma": [
          "no-cache"
        ],
        "Transfer-Encoding": [
          "chunked"
        ],
        "Server": [
          "Service-Bus-Resource-Provider/SN1",
          "Microsoft-HTTPAPI/2.0"
        ],
        "Vary": [
          "Accept-Encoding"
        ],
        "x-ms-request-id": [
          "c1533e3c-1a6e-4c77-a824-b60028277b06_M7_M7"
        ],
        "Server-SB": [
          "Service-Bus-Resource-Provider/SN1"
        ],
        "x-ms-ratelimit-remaining-subscription-reads": [
          "14995"
        ],
        "x-ms-correlation-request-id": [
          "7bbc902c-904f-4e4a-b9ba-0804fc9833f1"
        ],
        "x-ms-routing-request-id": [
          "WESTUS2:20170627T194214Z:7bbc902c-904f-4e4a-b9ba-0804fc9833f1"
        ],
        "Strict-Transport-Security": [
          "max-age=31536000; includeSubDomains"
        ]
      },
      "StatusCode": 200
    },
    {
      "RequestUri": "/subscriptions/e2f361f0-3b27-4503-a9cc-21cfba380093/resourceGroups/Default-NotificationHubs-AustraliaEast/providers/Microsoft.ServiceBus/namespaces/sdk-Namespace-4193/topics/sdk-Topics-7609?api-version=2017-04-01",
      "EncodedRequestUri": "L3N1YnNjcmlwdGlvbnMvZTJmMzYxZjAtM2IyNy00NTAzLWE5Y2MtMjFjZmJhMzgwMDkzL3Jlc291cmNlR3JvdXBzL0RlZmF1bHQtTm90aWZpY2F0aW9uSHVicy1BdXN0cmFsaWFFYXN0L3Byb3ZpZGVycy9NaWNyb3NvZnQuU2VydmljZUJ1cy9uYW1lc3BhY2VzL3Nkay1OYW1lc3BhY2UtNDE5My90b3BpY3Mvc2RrLVRvcGljcy03NjA5P2FwaS12ZXJzaW9uPTIwMTctMDQtMDE=",
      "RequestMethod": "PUT",
      "RequestBody": "{\r\n  \"properties\": {\r\n    \"enableExpress\": true\r\n  }\r\n}",
      "RequestHeaders": {
        "Content-Type": [
          "application/json; charset=utf-8"
        ],
        "Content-Length": [
          "55"
        ],
        "x-ms-client-request-id": [
          "7fa10c7d-71da-461f-a109-672aedc35a31"
        ],
        "accept-language": [
          "en-US"
        ],
        "User-Agent": [
          "FxVersion/4.6.25211.01",
          "Microsoft.Azure.Management.ServiceBus.ServiceBusManagementClient/0.2.0.0"
        ]
      },
      "ResponseBody": "{\r\n  \"id\": \"/subscriptions/e2f361f0-3b27-4503-a9cc-21cfba380093/resourceGroups/Default-NotificationHubs-AustraliaEast/providers/Microsoft.ServiceBus/namespaces/sdk-Namespace-4193/topics/sdk-Topics-7609\",\r\n  \"name\": \"sdk-Topics-7609\",\r\n  \"type\": \"Microsoft.ServiceBus/Namespaces/Topics\",\r\n  \"location\": \"Australia East\",\r\n  \"properties\": {\r\n    \"defaultMessageTimeToLive\": \"P10675199DT2H48M5.4775807S\",\r\n    \"maxSizeInMegabytes\": 5120,\r\n    \"requiresDuplicateDetection\": false,\r\n    \"duplicateDetectionHistoryTimeWindow\": \"PT10M\",\r\n    \"enableBatchedOperations\": true,\r\n    \"sizeInBytes\": 0,\r\n    \"status\": \"Active\",\r\n    \"supportOrdering\": true,\r\n    \"autoDeleteOnIdle\": \"P10675199DT2H48M5.4775807S\",\r\n    \"enablePartitioning\": false,\r\n    \"enableExpress\": true,\r\n    \"createdAt\": \"2017-06-27T19:42:22.83Z\",\r\n    \"updatedAt\": \"2017-06-27T19:42:22.923Z\",\r\n    \"accessedAt\": \"0001-01-01T00:00:00\",\r\n    \"subscriptionCount\": 0,\r\n    \"countDetails\": {\r\n      \"activeMessageCount\": 0,\r\n      \"deadLetterMessageCount\": 0,\r\n      \"scheduledMessageCount\": 0,\r\n      \"transferMessageCount\": 0,\r\n      \"transferDeadLetterMessageCount\": 0\r\n    }\r\n  }\r\n}",
      "ResponseHeaders": {
        "Content-Type": [
          "application/json; charset=utf-8"
        ],
        "Expires": [
          "-1"
        ],
        "Cache-Control": [
          "no-cache"
        ],
        "Date": [
          "Tue, 27 Jun 2017 19:42:22 GMT"
        ],
        "Pragma": [
          "no-cache"
        ],
        "Transfer-Encoding": [
          "chunked"
        ],
        "Server": [
          "Service-Bus-Resource-Provider/SN1",
          "Microsoft-HTTPAPI/2.0"
        ],
        "Vary": [
          "Accept-Encoding"
        ],
        "x-ms-request-id": [
          "b902380e-67b5-47f9-a6fc-f5dace479920_M7_M7"
        ],
        "Server-SB": [
          "Service-Bus-Resource-Provider/SN1"
        ],
        "x-ms-ratelimit-remaining-subscription-writes": [
          "1198"
        ],
        "x-ms-correlation-request-id": [
          "fff75bea-74fd-45e8-a48f-b8397e55cc35"
        ],
        "x-ms-routing-request-id": [
          "WESTUS2:20170627T194222Z:fff75bea-74fd-45e8-a48f-b8397e55cc35"
        ],
        "Strict-Transport-Security": [
          "max-age=31536000; includeSubDomains"
        ]
      },
      "StatusCode": 200
    },
    {
      "RequestUri": "/subscriptions/e2f361f0-3b27-4503-a9cc-21cfba380093/resourceGroups/Default-NotificationHubs-AustraliaEast/providers/Microsoft.ServiceBus/namespaces/sdk-Namespace-4193/topics/sdk-Topics-7609?api-version=2017-04-01",
      "EncodedRequestUri": "L3N1YnNjcmlwdGlvbnMvZTJmMzYxZjAtM2IyNy00NTAzLWE5Y2MtMjFjZmJhMzgwMDkzL3Jlc291cmNlR3JvdXBzL0RlZmF1bHQtTm90aWZpY2F0aW9uSHVicy1BdXN0cmFsaWFFYXN0L3Byb3ZpZGVycy9NaWNyb3NvZnQuU2VydmljZUJ1cy9uYW1lc3BhY2VzL3Nkay1OYW1lc3BhY2UtNDE5My90b3BpY3Mvc2RrLVRvcGljcy03NjA5P2FwaS12ZXJzaW9uPTIwMTctMDQtMDE=",
      "RequestMethod": "PUT",
      "RequestBody": "{\r\n  \"properties\": {\r\n    \"enableExpress\": true\r\n  }\r\n}",
      "RequestHeaders": {
        "Content-Type": [
          "application/json; charset=utf-8"
        ],
        "Content-Length": [
          "55"
        ],
        "x-ms-client-request-id": [
          "c2ed4089-b5e1-4eb9-94dc-d35a0b117e36"
        ],
        "accept-language": [
          "en-US"
        ],
        "User-Agent": [
          "FxVersion/4.6.25211.01",
          "Microsoft.Azure.Management.ServiceBus.ServiceBusManagementClient/0.2.0.0"
        ]
      },
      "ResponseBody": "{\r\n  \"id\": \"/subscriptions/e2f361f0-3b27-4503-a9cc-21cfba380093/resourceGroups/Default-NotificationHubs-AustraliaEast/providers/Microsoft.ServiceBus/namespaces/sdk-Namespace-4193/topics/sdk-Topics-7609\",\r\n  \"name\": \"sdk-Topics-7609\",\r\n  \"type\": \"Microsoft.ServiceBus/Namespaces/Topics\",\r\n  \"location\": \"Australia East\",\r\n  \"properties\": {\r\n    \"defaultMessageTimeToLive\": \"P10675199DT2H48M5.4775807S\",\r\n    \"maxSizeInMegabytes\": 5120,\r\n    \"requiresDuplicateDetection\": false,\r\n    \"duplicateDetectionHistoryTimeWindow\": \"PT10M\",\r\n    \"enableBatchedOperations\": true,\r\n    \"sizeInBytes\": 0,\r\n    \"status\": \"Active\",\r\n    \"supportOrdering\": true,\r\n    \"autoDeleteOnIdle\": \"P10675199DT2H48M5.4775807S\",\r\n    \"enablePartitioning\": false,\r\n    \"enableExpress\": true,\r\n    \"createdAt\": \"0001-01-01T00:00:00\",\r\n    \"updatedAt\": \"0001-01-01T00:00:00\",\r\n    \"accessedAt\": \"0001-01-01T00:00:00\",\r\n    \"subscriptionCount\": 0,\r\n    \"countDetails\": {\r\n      \"activeMessageCount\": 0,\r\n      \"deadLetterMessageCount\": 0,\r\n      \"scheduledMessageCount\": 0,\r\n      \"transferMessageCount\": 0,\r\n      \"transferDeadLetterMessageCount\": 0\r\n    }\r\n  }\r\n}",
      "ResponseHeaders": {
        "Content-Type": [
          "application/json; charset=utf-8"
        ],
        "Expires": [
          "-1"
        ],
        "Cache-Control": [
          "no-cache"
        ],
        "Date": [
          "Tue, 27 Jun 2017 19:42:25 GMT"
        ],
        "Pragma": [
          "no-cache"
        ],
        "Transfer-Encoding": [
          "chunked"
        ],
        "Server": [
          "Service-Bus-Resource-Provider/SN1",
          "Microsoft-HTTPAPI/2.0"
        ],
        "Vary": [
          "Accept-Encoding"
        ],
        "x-ms-request-id": [
          "905732d3-fef7-4f02-846e-3fd483a4e1f7_M7_M7"
        ],
        "Server-SB": [
          "Service-Bus-Resource-Provider/SN1"
        ],
        "x-ms-ratelimit-remaining-subscription-writes": [
          "1197"
        ],
        "x-ms-correlation-request-id": [
          "959b4086-cf1e-4330-806c-9b2634b75aef"
        ],
        "x-ms-routing-request-id": [
          "WESTUS2:20170627T194226Z:959b4086-cf1e-4330-806c-9b2634b75aef"
        ],
        "Strict-Transport-Security": [
          "max-age=31536000; includeSubDomains"
        ]
      },
      "StatusCode": 200
    },
    {
      "RequestUri": "/subscriptions/e2f361f0-3b27-4503-a9cc-21cfba380093/resourceGroups/Default-NotificationHubs-AustraliaEast/providers/Microsoft.ServiceBus/namespaces/sdk-Namespace-4193/topics/sdk-Topics-7609?api-version=2017-04-01",
      "EncodedRequestUri": "L3N1YnNjcmlwdGlvbnMvZTJmMzYxZjAtM2IyNy00NTAzLWE5Y2MtMjFjZmJhMzgwMDkzL3Jlc291cmNlR3JvdXBzL0RlZmF1bHQtTm90aWZpY2F0aW9uSHVicy1BdXN0cmFsaWFFYXN0L3Byb3ZpZGVycy9NaWNyb3NvZnQuU2VydmljZUJ1cy9uYW1lc3BhY2VzL3Nkay1OYW1lc3BhY2UtNDE5My90b3BpY3Mvc2RrLVRvcGljcy03NjA5P2FwaS12ZXJzaW9uPTIwMTctMDQtMDE=",
      "RequestMethod": "GET",
      "RequestBody": "",
      "RequestHeaders": {
        "x-ms-client-request-id": [
          "0b4fe7bc-01a8-4665-9cd3-fc46be1f7f0f"
        ],
        "accept-language": [
          "en-US"
        ],
        "User-Agent": [
          "FxVersion/4.6.25211.01",
          "Microsoft.Azure.Management.ServiceBus.ServiceBusManagementClient/0.2.0.0"
        ]
      },
      "ResponseBody": "{\r\n  \"id\": \"/subscriptions/e2f361f0-3b27-4503-a9cc-21cfba380093/resourceGroups/Default-NotificationHubs-AustraliaEast/providers/Microsoft.ServiceBus/namespaces/sdk-Namespace-4193/topics/sdk-Topics-7609\",\r\n  \"name\": \"sdk-Topics-7609\",\r\n  \"type\": \"Microsoft.ServiceBus/Namespaces/Topics\",\r\n  \"location\": \"Australia East\",\r\n  \"properties\": {\r\n    \"defaultMessageTimeToLive\": \"P10675199DT2H48M5.4775807S\",\r\n    \"maxSizeInMegabytes\": 5120,\r\n    \"requiresDuplicateDetection\": false,\r\n    \"duplicateDetectionHistoryTimeWindow\": \"PT10M\",\r\n    \"enableBatchedOperations\": true,\r\n    \"sizeInBytes\": 0,\r\n    \"status\": \"Active\",\r\n    \"supportOrdering\": true,\r\n    \"autoDeleteOnIdle\": \"P10675199DT2H48M5.4775807S\",\r\n    \"enablePartitioning\": false,\r\n    \"enableExpress\": true,\r\n    \"createdAt\": \"2017-06-27T19:42:22.83Z\",\r\n    \"updatedAt\": \"2017-06-27T19:42:22.923Z\",\r\n    \"accessedAt\": \"0001-01-01T00:00:00Z\",\r\n    \"subscriptionCount\": 0,\r\n    \"countDetails\": {\r\n      \"activeMessageCount\": 0,\r\n      \"deadLetterMessageCount\": 0,\r\n      \"scheduledMessageCount\": 0,\r\n      \"transferMessageCount\": 0,\r\n      \"transferDeadLetterMessageCount\": 0\r\n    }\r\n  }\r\n}",
      "ResponseHeaders": {
        "Content-Type": [
          "application/json; charset=utf-8"
        ],
        "Expires": [
          "-1"
        ],
        "Cache-Control": [
          "no-cache"
        ],
        "Date": [
          "Tue, 27 Jun 2017 19:42:23 GMT"
        ],
        "Pragma": [
          "no-cache"
        ],
        "Transfer-Encoding": [
          "chunked"
        ],
        "Server": [
          "Service-Bus-Resource-Provider/SN1",
          "Microsoft-HTTPAPI/2.0"
        ],
        "Vary": [
          "Accept-Encoding"
        ],
        "x-ms-request-id": [
          "c40e18ef-6d85-4f0f-ace6-9bfd04aba189_M7_M7"
        ],
        "Server-SB": [
          "Service-Bus-Resource-Provider/SN1"
        ],
        "x-ms-ratelimit-remaining-subscription-reads": [
          "14994"
        ],
        "x-ms-correlation-request-id": [
          "76e386c6-25a7-4b1f-a02c-35859743eb19"
        ],
        "x-ms-routing-request-id": [
          "WESTUS2:20170627T194224Z:76e386c6-25a7-4b1f-a02c-35859743eb19"
        ],
        "Strict-Transport-Security": [
          "max-age=31536000; includeSubDomains"
        ]
      },
      "StatusCode": 200
    },
    {
      "RequestUri": "/subscriptions/e2f361f0-3b27-4503-a9cc-21cfba380093/resourceGroups/Default-NotificationHubs-AustraliaEast/providers/Microsoft.ServiceBus/namespaces/sdk-Namespace-4193/topics/sdk-Topics-7609?api-version=2017-04-01",
      "EncodedRequestUri": "L3N1YnNjcmlwdGlvbnMvZTJmMzYxZjAtM2IyNy00NTAzLWE5Y2MtMjFjZmJhMzgwMDkzL3Jlc291cmNlR3JvdXBzL0RlZmF1bHQtTm90aWZpY2F0aW9uSHVicy1BdXN0cmFsaWFFYXN0L3Byb3ZpZGVycy9NaWNyb3NvZnQuU2VydmljZUJ1cy9uYW1lc3BhY2VzL3Nkay1OYW1lc3BhY2UtNDE5My90b3BpY3Mvc2RrLVRvcGljcy03NjA5P2FwaS12ZXJzaW9uPTIwMTctMDQtMDE=",
      "RequestMethod": "GET",
      "RequestBody": "",
      "RequestHeaders": {
        "x-ms-client-request-id": [
          "9a6491ef-ec62-4bf8-ac1d-51bcf46ee04b"
        ],
        "accept-language": [
          "en-US"
        ],
        "User-Agent": [
          "FxVersion/4.6.25211.01",
          "Microsoft.Azure.Management.ServiceBus.ServiceBusManagementClient/0.2.0.0"
        ]
      },
      "ResponseBody": "{\r\n  \"id\": \"/subscriptions/e2f361f0-3b27-4503-a9cc-21cfba380093/resourceGroups/Default-NotificationHubs-AustraliaEast/providers/Microsoft.ServiceBus/namespaces/sdk-Namespace-4193/topics/sdk-Topics-7609\",\r\n  \"name\": \"sdk-Topics-7609\",\r\n  \"type\": \"Microsoft.ServiceBus/Namespaces/Topics\",\r\n  \"location\": \"Australia East\",\r\n  \"properties\": {\r\n    \"defaultMessageTimeToLive\": \"P10675199DT2H48M5.4775807S\",\r\n    \"maxSizeInMegabytes\": 5120,\r\n    \"requiresDuplicateDetection\": false,\r\n    \"duplicateDetectionHistoryTimeWindow\": \"PT10M\",\r\n    \"enableBatchedOperations\": true,\r\n    \"sizeInBytes\": 0,\r\n    \"status\": \"Active\",\r\n    \"supportOrdering\": true,\r\n    \"autoDeleteOnIdle\": \"P10675199DT2H48M5.4775807S\",\r\n    \"enablePartitioning\": false,\r\n    \"enableExpress\": true,\r\n    \"createdAt\": \"2017-06-27T19:42:22.83Z\",\r\n    \"updatedAt\": \"2017-06-27T19:42:26.843Z\",\r\n    \"accessedAt\": \"0001-01-01T00:00:00Z\",\r\n    \"subscriptionCount\": 0,\r\n    \"countDetails\": {\r\n      \"activeMessageCount\": 0,\r\n      \"deadLetterMessageCount\": 0,\r\n      \"scheduledMessageCount\": 0,\r\n      \"transferMessageCount\": 0,\r\n      \"transferDeadLetterMessageCount\": 0\r\n    }\r\n  }\r\n}",
      "ResponseHeaders": {
        "Content-Type": [
          "application/json; charset=utf-8"
        ],
        "Expires": [
          "-1"
        ],
        "Cache-Control": [
          "no-cache"
        ],
        "Date": [
          "Tue, 27 Jun 2017 19:42:26 GMT"
        ],
        "Pragma": [
          "no-cache"
        ],
        "Transfer-Encoding": [
          "chunked"
        ],
        "Server": [
          "Service-Bus-Resource-Provider/SN1",
          "Microsoft-HTTPAPI/2.0"
        ],
        "Vary": [
          "Accept-Encoding"
        ],
        "x-ms-request-id": [
          "7e5649a3-f184-480e-abc9-c782c1ff0c91_M7_M7"
        ],
        "Server-SB": [
          "Service-Bus-Resource-Provider/SN1"
        ],
        "x-ms-ratelimit-remaining-subscription-reads": [
          "14992"
        ],
        "x-ms-correlation-request-id": [
          "f5251497-4f16-41ef-b834-42db9cf50a52"
        ],
        "x-ms-routing-request-id": [
          "WESTUS2:20170627T194226Z:f5251497-4f16-41ef-b834-42db9cf50a52"
        ],
        "Strict-Transport-Security": [
          "max-age=31536000; includeSubDomains"
        ]
      },
      "StatusCode": 200
    },
    {
      "RequestUri": "/subscriptions/e2f361f0-3b27-4503-a9cc-21cfba380093/resourceGroups/Default-NotificationHubs-AustraliaEast/providers/Microsoft.ServiceBus/namespaces/sdk-Namespace-4193/topics?api-version=2017-04-01",
      "EncodedRequestUri": "L3N1YnNjcmlwdGlvbnMvZTJmMzYxZjAtM2IyNy00NTAzLWE5Y2MtMjFjZmJhMzgwMDkzL3Jlc291cmNlR3JvdXBzL0RlZmF1bHQtTm90aWZpY2F0aW9uSHVicy1BdXN0cmFsaWFFYXN0L3Byb3ZpZGVycy9NaWNyb3NvZnQuU2VydmljZUJ1cy9uYW1lc3BhY2VzL3Nkay1OYW1lc3BhY2UtNDE5My90b3BpY3M/YXBpLXZlcnNpb249MjAxNy0wNC0wMQ==",
      "RequestMethod": "GET",
      "RequestBody": "",
      "RequestHeaders": {
        "x-ms-client-request-id": [
          "7c5b2592-c8cd-4e7d-a5ee-7d6e42e2f165"
        ],
        "accept-language": [
          "en-US"
        ],
        "User-Agent": [
          "FxVersion/4.6.25211.01",
          "Microsoft.Azure.Management.ServiceBus.ServiceBusManagementClient/0.2.0.0"
        ]
      },
      "ResponseBody": "{\r\n  \"value\": [\r\n    {\r\n      \"id\": \"/subscriptions/e2f361f0-3b27-4503-a9cc-21cfba380093/resourceGroups/Default-NotificationHubs-AustraliaEast/providers/Microsoft.ServiceBus/namespaces/sdk-Namespace-4193/topics/sdk-topics-7609\",\r\n      \"name\": \"sdk-topics-7609\",\r\n      \"type\": \"Microsoft.ServiceBus/Namespaces/Topics\",\r\n      \"location\": \"Australia East\",\r\n      \"properties\": {\r\n        \"defaultMessageTimeToLive\": \"P10675199DT2H48M5.4775807S\",\r\n        \"maxSizeInMegabytes\": 5120,\r\n        \"requiresDuplicateDetection\": false,\r\n        \"duplicateDetectionHistoryTimeWindow\": \"PT10M\",\r\n        \"enableBatchedOperations\": true,\r\n        \"sizeInBytes\": 0,\r\n        \"status\": \"Active\",\r\n        \"supportOrdering\": true,\r\n        \"autoDeleteOnIdle\": \"P10675199DT2H48M5.4775807S\",\r\n        \"enablePartitioning\": false,\r\n        \"enableExpress\": true,\r\n        \"createdAt\": \"2017-06-27T19:42:22.83Z\",\r\n        \"updatedAt\": \"2017-06-27T19:42:22.923Z\",\r\n        \"accessedAt\": \"0001-01-01T00:00:00Z\",\r\n        \"subscriptionCount\": 0,\r\n        \"countDetails\": {\r\n          \"activeMessageCount\": 0,\r\n          \"deadLetterMessageCount\": 0,\r\n          \"scheduledMessageCount\": 0,\r\n          \"transferMessageCount\": 0,\r\n          \"transferDeadLetterMessageCount\": 0\r\n        }\r\n      }\r\n    }\r\n  ]\r\n}",
      "ResponseHeaders": {
        "Content-Type": [
          "application/json; charset=utf-8"
        ],
        "Expires": [
          "-1"
        ],
        "Cache-Control": [
          "no-cache"
        ],
        "Date": [
          "Tue, 27 Jun 2017 19:42:24 GMT"
        ],
        "Pragma": [
          "no-cache"
        ],
        "Transfer-Encoding": [
          "chunked"
        ],
        "Server": [
          "Service-Bus-Resource-Provider/SN1",
          "Microsoft-HTTPAPI/2.0"
        ],
        "Vary": [
          "Accept-Encoding"
        ],
        "x-ms-request-id": [
          "c141d98a-515f-4318-b06f-9dbcbeff3ad3_M7_M7"
        ],
        "Server-SB": [
          "Service-Bus-Resource-Provider/SN1"
        ],
        "x-ms-ratelimit-remaining-subscription-reads": [
          "14993"
        ],
        "x-ms-correlation-request-id": [
          "d5c64660-db11-4a52-8261-e205de956189"
        ],
        "x-ms-routing-request-id": [
          "WESTUS2:20170627T194224Z:d5c64660-db11-4a52-8261-e205de956189"
        ],
        "Strict-Transport-Security": [
          "max-age=31536000; includeSubDomains"
        ]
      },
      "StatusCode": 200
    },
    {
      "RequestUri": "/subscriptions/e2f361f0-3b27-4503-a9cc-21cfba380093/resourceGroups/Default-NotificationHubs-AustraliaEast/providers/Microsoft.ServiceBus/namespaces/sdk-Namespace-4193/topics/sdk-Topics-7609?api-version=2017-04-01",
      "EncodedRequestUri": "L3N1YnNjcmlwdGlvbnMvZTJmMzYxZjAtM2IyNy00NTAzLWE5Y2MtMjFjZmJhMzgwMDkzL3Jlc291cmNlR3JvdXBzL0RlZmF1bHQtTm90aWZpY2F0aW9uSHVicy1BdXN0cmFsaWFFYXN0L3Byb3ZpZGVycy9NaWNyb3NvZnQuU2VydmljZUJ1cy9uYW1lc3BhY2VzL3Nkay1OYW1lc3BhY2UtNDE5My90b3BpY3Mvc2RrLVRvcGljcy03NjA5P2FwaS12ZXJzaW9uPTIwMTctMDQtMDE=",
      "RequestMethod": "DELETE",
      "RequestBody": "",
      "RequestHeaders": {
        "x-ms-client-request-id": [
          "76b53433-b2d6-4c1c-ba04-8d5ec5f47b4e"
        ],
        "accept-language": [
          "en-US"
        ],
        "User-Agent": [
          "FxVersion/4.6.25211.01",
          "Microsoft.Azure.Management.ServiceBus.ServiceBusManagementClient/0.2.0.0"
        ]
      },
      "ResponseBody": "",
      "ResponseHeaders": {
        "Content-Length": [
          "0"
        ],
        "Expires": [
          "-1"
        ],
        "Cache-Control": [
          "no-cache"
        ],
        "Date": [
          "Tue, 27 Jun 2017 19:42:27 GMT"
        ],
        "Pragma": [
          "no-cache"
        ],
        "Server": [
          "Service-Bus-Resource-Provider/SN1",
          "Microsoft-HTTPAPI/2.0"
        ],
        "x-ms-request-id": [
          "440606a1-73e0-4703-bfa9-28e956811672_M7_M7"
        ],
        "Server-SB": [
          "Service-Bus-Resource-Provider/SN1"
        ],
        "x-ms-ratelimit-remaining-subscription-writes": [
          "1196"
        ],
        "x-ms-correlation-request-id": [
          "30dbda75-4e11-4e36-9a1f-7c77aea6bc54"
        ],
        "x-ms-routing-request-id": [
          "WESTUS2:20170627T194227Z:30dbda75-4e11-4e36-9a1f-7c77aea6bc54"
        ],
        "Strict-Transport-Security": [
          "max-age=31536000; includeSubDomains"
        ]
      },
      "StatusCode": 200
    },
    {
      "RequestUri": "/subscriptions/e2f361f0-3b27-4503-a9cc-21cfba380093/resourceGroups/Default-NotificationHubs-AustraliaEast/providers/Microsoft.ServiceBus/namespaces/sdk-Namespace-4193?api-version=2017-04-01",
      "EncodedRequestUri": "L3N1YnNjcmlwdGlvbnMvZTJmMzYxZjAtM2IyNy00NTAzLWE5Y2MtMjFjZmJhMzgwMDkzL3Jlc291cmNlR3JvdXBzL0RlZmF1bHQtTm90aWZpY2F0aW9uSHVicy1BdXN0cmFsaWFFYXN0L3Byb3ZpZGVycy9NaWNyb3NvZnQuU2VydmljZUJ1cy9uYW1lc3BhY2VzL3Nkay1OYW1lc3BhY2UtNDE5Mz9hcGktdmVyc2lvbj0yMDE3LTA0LTAx",
      "RequestMethod": "DELETE",
      "RequestBody": "",
      "RequestHeaders": {
        "x-ms-client-request-id": [
          "2722ab45-b859-4f7a-aaa5-877e664f235d"
        ],
        "accept-language": [
          "en-US"
        ],
        "User-Agent": [
          "FxVersion/4.6.25211.01",
          "Microsoft.Azure.Management.ServiceBus.ServiceBusManagementClient/0.2.0.0"
        ]
      },
      "ResponseBody": "",
      "ResponseHeaders": {
        "Content-Length": [
          "0"
        ],
        "Expires": [
          "-1"
        ],
        "Cache-Control": [
          "no-cache"
        ],
        "Date": [
          "Tue, 27 Jun 2017 19:42:28 GMT"
        ],
        "Pragma": [
          "no-cache"
        ],
        "Location": [
          "https://management.azure.com/subscriptions/e2f361f0-3b27-4503-a9cc-21cfba380093/resourceGroups/Default-NotificationHubs-AustraliaEast/providers/Microsoft.ServiceBus/namespaces/sdk-Namespace-4193/operationresults/sdk-Namespace-4193?api-version=2017-04-01"
        ],
        "Server": [
          "Service-Bus-Resource-Provider/SN1",
          "Microsoft-HTTPAPI/2.0"
        ],
        "x-ms-request-id": [
          "496a5632-6f7b-4578-ad07-4e9b749c36e7_M7_M7"
        ],
        "Server-SB": [
          "Service-Bus-Resource-Provider/SN1"
        ],
        "x-ms-ratelimit-remaining-subscription-writes": [
          "1195"
        ],
        "x-ms-correlation-request-id": [
          "b6feb1a9-5ab0-4c18-8810-4eac6fab425c"
        ],
        "x-ms-routing-request-id": [
          "WESTUS2:20170627T194228Z:b6feb1a9-5ab0-4c18-8810-4eac6fab425c"
        ],
        "Strict-Transport-Security": [
          "max-age=31536000; includeSubDomains"
        ]
      },
      "StatusCode": 202
    },
    {
      "RequestUri": "/subscriptions/e2f361f0-3b27-4503-a9cc-21cfba380093/resourceGroups/Default-NotificationHubs-AustraliaEast/providers/Microsoft.ServiceBus/namespaces/sdk-Namespace-4193/operationresults/sdk-Namespace-4193?api-version=2017-04-01",
      "EncodedRequestUri": "L3N1YnNjcmlwdGlvbnMvZTJmMzYxZjAtM2IyNy00NTAzLWE5Y2MtMjFjZmJhMzgwMDkzL3Jlc291cmNlR3JvdXBzL0RlZmF1bHQtTm90aWZpY2F0aW9uSHVicy1BdXN0cmFsaWFFYXN0L3Byb3ZpZGVycy9NaWNyb3NvZnQuU2VydmljZUJ1cy9uYW1lc3BhY2VzL3Nkay1OYW1lc3BhY2UtNDE5My9vcGVyYXRpb25yZXN1bHRzL3Nkay1OYW1lc3BhY2UtNDE5Mz9hcGktdmVyc2lvbj0yMDE3LTA0LTAx",
      "RequestMethod": "GET",
      "RequestBody": "",
      "RequestHeaders": {
        "User-Agent": [
          "FxVersion/4.6.25211.01",
          "Microsoft.Azure.Management.ServiceBus.ServiceBusManagementClient/0.2.0.0"
        ]
      },
      "ResponseBody": "",
      "ResponseHeaders": {
        "Content-Length": [
          "0"
        ],
        "Expires": [
          "-1"
        ],
        "Cache-Control": [
          "no-cache"
        ],
        "Date": [
          "Tue, 27 Jun 2017 19:42:58 GMT"
        ],
        "Pragma": [
          "no-cache"
        ],
        "Server": [
          "Service-Bus-Resource-Provider/SN1",
          "Microsoft-HTTPAPI/2.0"
        ],
        "x-ms-request-id": [
          "3cd9b234-c075-440b-91a0-19a579552a60_M7_M7"
        ],
        "Server-SB": [
          "Service-Bus-Resource-Provider/SN1"
        ],
        "x-ms-ratelimit-remaining-subscription-reads": [
          "14991"
        ],
        "x-ms-correlation-request-id": [
          "07e47508-24e2-4071-a845-d9fd8ac1db61"
        ],
        "x-ms-routing-request-id": [
          "WESTUS2:20170627T194258Z:07e47508-24e2-4071-a845-d9fd8ac1db61"
        ],
        "Strict-Transport-Security": [
          "max-age=31536000; includeSubDomains"
        ]
      },
      "StatusCode": 200
    }
  ],
  "Names": {
    "TopicsCreateGetUpdateDelete": [
      "sdk-Namespace-4193",
      "sdk-Topics-7609"
    ]
  },
  "Variables": {
    "SubscriptionId": "e2f361f0-3b27-4503-a9cc-21cfba380093"
  }
}