{
  "Entries": [
    {
      "RequestUri": "https://management.azure.com/subscriptions/f3d94233-a9aa-4241-ac82-2dfb63ce637a?api-version=2021-01-01",
      "RequestMethod": "GET",
      "RequestHeaders": {
        "Accept": "application/json",
        "Authorization": "Sanitized",
        "User-Agent": [
          "azsdk-net-ResourceManager/1.0.0-alpha.20210824.1",
          "(.NET 5.0.9; Microsoft Windows 10.0.19043)"
        ],
        "x-ms-client-request-id": "a0cd6711cd80bb05c1a927b057ac8ad2",
        "x-ms-return-client-request-id": "true"
      },
      "RequestBody": null,
      "StatusCode": 200,
      "ResponseHeaders": {
        "Cache-Control": "no-cache",
        "Content-Length": "410",
        "Content-Type": "application/json; charset=utf-8",
        "Date": "Thu, 26 Aug 2021 07:29:47 GMT",
        "Expires": "-1",
        "Pragma": "no-cache",
        "Strict-Transport-Security": "max-age=31536000; includeSubDomains",
        "X-Content-Type-Options": "nosniff",
        "x-ms-correlation-request-id": "7c93e6b8-4f54-4ab3-ad9b-688169d0d7b3",
        "x-ms-ratelimit-remaining-subscription-reads": "11997",
        "x-ms-request-id": "7c93e6b8-4f54-4ab3-ad9b-688169d0d7b3",
        "x-ms-routing-request-id": "SOUTHEASTASIA:20210826T072948Z:7c93e6b8-4f54-4ab3-ad9b-688169d0d7b3"
      },
      "ResponseBody": {
        "id": "/subscriptions/f3d94233-a9aa-4241-ac82-2dfb63ce637a",
        "authorizationSource": "RoleBased",
        "managedByTenants": [],
        "subscriptionId": "f3d94233-a9aa-4241-ac82-2dfb63ce637a",
        "tenantId": "75743128-1c62-4904-9be1-c23c1edb9a9f",
        "displayName": "Visual Studio Enterprise Subscription",
        "state": "Enabled",
        "subscriptionPolicies": {
          "locationPlacementId": "Public_2014-09-01",
          "quotaId": "MSDN_2014-09-01",
          "spendingLimit": "On"
        }
      }
    },
    {
      "RequestUri": "https://management.azure.com/subscriptions/f3d94233-a9aa-4241-ac82-2dfb63ce637a/resourcegroups/testRg-3-8404?api-version=**",
      "RequestMethod": "PUT",
      "RequestHeaders": {
        "Accept": "application/json",
        "Authorization": "Sanitized",
        "Content-Length": "21",
        "Content-Type": "application/json",
        "traceparent": "00-30e632efedea954eb57f3b98532b6c32-37e164cb484c6e4f-00",
        "User-Agent": [
          "azsdk-net-ResourceManager/1.0.0-alpha.20210824.1",
          "(.NET 5.0.9; Microsoft Windows 10.0.19043)"
        ],
        "x-ms-client-request-id": "ae28f93f6f2cd0fc03cbac7ecb0ba451",
        "x-ms-return-client-request-id": "true"
      },
      "RequestBody": {
        "location": "westus2"
      },
      "StatusCode": 201,
      "ResponseHeaders": {
        "Cache-Control": "no-cache",
        "Content-Length": "224",
        "Content-Type": "application/json; charset=utf-8",
        "Date": "Thu, 26 Aug 2021 07:29:47 GMT",
        "Expires": "-1",
        "Pragma": "no-cache",
        "Strict-Transport-Security": "max-age=31536000; includeSubDomains",
        "X-Content-Type-Options": "nosniff",
        "x-ms-correlation-request-id": "2089c2e7-02c8-48e3-9aa6-3c7a2c79b5ed",
        "x-ms-ratelimit-remaining-subscription-writes": "1199",
        "x-ms-request-id": "2089c2e7-02c8-48e3-9aa6-3c7a2c79b5ed",
        "x-ms-routing-request-id": "SOUTHEASTASIA:20210826T072948Z:2089c2e7-02c8-48e3-9aa6-3c7a2c79b5ed"
      },
      "ResponseBody": {
        "id": "/subscriptions/f3d94233-a9aa-4241-ac82-2dfb63ce637a/resourceGroups/testRg-3-8404",
        "name": "testRg-3-8404",
        "type": "Microsoft.Resources/resourceGroups",
        "location": "westus2",
        "properties": {
          "provisioningState": "Succeeded"
        }
      }
    },
    {
      "RequestUri": "https://management.azure.com/subscriptions/f3d94233-a9aa-4241-ac82-2dfb63ce637a/resourceGroups/testRg-3-8404/providers/Microsoft.Solutions/applicationDefinitions/appDef-G-6388?api-version=2019-07-01",
      "RequestMethod": "PUT",
      "RequestHeaders": {
        "Accept": "application/json",
        "Authorization": "Sanitized",
        "Content-Length": "318",
        "Content-Type": "application/json",
        "User-Agent": [
          "azsdk-net-ResourceManager/1.0.0-alpha.20210824.1",
          "(.NET 5.0.9; Microsoft Windows 10.0.19043)"
        ],
        "x-ms-client-request-id": "f43aa63a824471d0b0ea71672b73cebb",
        "x-ms-return-client-request-id": "true"
      },
      "RequestBody": {
        "tags": {},
        "location": "westus2",
        "properties": {
          "lockLevel": "None",
          "displayName": "appDef-G-6388",
          "description": "appDef-G-6388 description",
          "packageFileUri": "https://raw.githubusercontent.com/Azure/azure-managedapp-samples/master/Managed%20Application%20Sample%20Packages/201-managed-storage-account/managedstorage.zip"
        }
      },
      "StatusCode": 201,
      "ResponseHeaders": {
        "Cache-Control": "no-cache",
        "Content-Length": "1366",
        "Content-Type": "application/json; charset=utf-8",
        "Date": "Thu, 26 Aug 2021 07:29:53 GMT",
        "Expires": "-1",
        "Pragma": "no-cache",
        "Strict-Transport-Security": "max-age=31536000; includeSubDomains",
        "X-Content-Type-Options": "nosniff",
        "x-ms-correlation-request-id": "cb941320-0126-4aaa-a549-ab41a23bbc0c",
        "x-ms-ratelimit-remaining-subscription-writes": "1198",
        "x-ms-request-id": "westus2:56923d36-f4f4-469a-a03b-abd975408f8c",
        "x-ms-routing-request-id": "SOUTHEASTASIA:20210826T072954Z:cb941320-0126-4aaa-a549-ab41a23bbc0c"
      },
      "ResponseBody": {
        "properties": {
          "lockingPolicy": {
            "allowedActions": [],
            "allowedDataActions": []
          },
          "isEnabled": true,
          "lockLevel": "None",
          "displayName": "appDef-G-6388",
          "description": "appDef-G-6388 description",
          "artifacts": [
            {
              "name": "ApplicationResourceTemplate",
              "type": "Template",
              "uri": "https://prdsapplianceprodmwh01.blob.core.windows.net/applicationdefinitions/C0E08_F3D94233A9AA4241AC822DFB63CE637A_09E7CE123E8B8AE82B9018140CB1F60C453851D16219F4B713A9C1EEA15991EB/49dc877f370c44a887b2cbe657a2a97b/applicationResourceTemplate.json"
            },
            {
              "name": "CreateUiDefinition",
              "type": "Custom",
              "uri": "https://management.azure.com/subscriptions/f3d94233-a9aa-4241-ac82-2dfb63ce637a/resourceGroups/testRg-3-8404/providers/Microsoft.Solutions/applicationDefinitions/appDef-G-6388/applicationArtifacts/CreateUiDefinition?api-version=2017-09-01"
            },
            {
              "name": "MainTemplateParameters",
              "type": "Custom",
              "uri": "https://management.azure.com/subscriptions/f3d94233-a9aa-4241-ac82-2dfb63ce637a/resourceGroups/testRg-3-8404/providers/Microsoft.Solutions/applicationDefinitions/appDef-G-6388/applicationArtifacts/MainTemplateParameters?api-version=2017-09-01"
            }
          ]
        },
        "id": "/subscriptions/f3d94233-a9aa-4241-ac82-2dfb63ce637a/resourceGroups/testRg-3-8404/providers/Microsoft.Solutions/applicationDefinitions/appDef-G-6388",
        "name": "appDef-G-6388",
        "type": "Microsoft.Solutions/applicationDefinitions",
        "location": "westus2",
        "tags": {}
      }
    },
    {
      "RequestUri": "https://management.azure.com/subscriptions/f3d94233-a9aa-4241-ac82-2dfb63ce637a/resourceGroups/testRg-3-8404/providers/Microsoft.Solutions/applicationDefinitions/appDef-G-6388?api-version=2019-07-01",
      "RequestMethod": "GET",
      "RequestHeaders": {
        "Accept": "application/json",
        "Authorization": "Sanitized",
        "User-Agent": [
          "azsdk-net-ResourceManager/1.0.0-alpha.20210824.1",
          "(.NET 5.0.9; Microsoft Windows 10.0.19043)"
        ],
        "x-ms-client-request-id": "e471695e539776fb573d7c848a68d857",
        "x-ms-return-client-request-id": "true"
      },
      "RequestBody": null,
      "StatusCode": 200,
      "ResponseHeaders": {
        "Cache-Control": "no-cache",
        "Content-Length": "1366",
        "Content-Type": "application/json; charset=utf-8",
        "Date": "Thu, 26 Aug 2021 07:29:54 GMT",
        "Expires": "-1",
        "Pragma": "no-cache",
        "Strict-Transport-Security": "max-age=31536000; includeSubDomains",
        "Vary": "Accept-Encoding",
        "X-Content-Type-Options": "nosniff",
        "x-ms-correlation-request-id": "49d48682-535a-426a-8861-449ddb547d76",
        "x-ms-ratelimit-remaining-subscription-reads": "11996",
        "x-ms-request-id": "westus2:f40d740e-ab0b-4aea-b3b5-c8c170ef8dfb",
        "x-ms-routing-request-id": "SOUTHEASTASIA:20210826T072955Z:49d48682-535a-426a-8861-449ddb547d76"
      },
      "ResponseBody": {
        "properties": {
          "lockingPolicy": {
            "allowedActions": [],
            "allowedDataActions": []
          },
          "isEnabled": true,
          "lockLevel": "None",
          "displayName": "appDef-G-6388",
          "description": "appDef-G-6388 description",
          "artifacts": [
            {
              "name": "ApplicationResourceTemplate",
              "type": "Template",
              "uri": "https://prdsapplianceprodmwh01.blob.core.windows.net/applicationdefinitions/C0E08_F3D94233A9AA4241AC822DFB63CE637A_09E7CE123E8B8AE82B9018140CB1F60C453851D16219F4B713A9C1EEA15991EB/49dc877f370c44a887b2cbe657a2a97b/applicationResourceTemplate.json"
            },
            {
              "name": "CreateUiDefinition",
              "type": "Custom",
              "uri": "https://management.azure.com/subscriptions/f3d94233-a9aa-4241-ac82-2dfb63ce637a/resourceGroups/testRg-3-8404/providers/Microsoft.Solutions/applicationDefinitions/appDef-G-6388/applicationArtifacts/CreateUiDefinition?api-version=2017-09-01"
            },
            {
              "name": "MainTemplateParameters",
              "type": "Custom",
              "uri": "https://management.azure.com/subscriptions/f3d94233-a9aa-4241-ac82-2dfb63ce637a/resourceGroups/testRg-3-8404/providers/Microsoft.Solutions/applicationDefinitions/appDef-G-6388/applicationArtifacts/MainTemplateParameters?api-version=2017-09-01"
            }
          ]
        },
        "id": "/subscriptions/f3d94233-a9aa-4241-ac82-2dfb63ce637a/resourceGroups/testRg-3-8404/providers/Microsoft.Solutions/applicationDefinitions/appDef-G-6388",
        "name": "appDef-G-6388",
        "type": "Microsoft.Solutions/applicationDefinitions",
        "location": "westus2",
        "tags": {}
      }
    }
  ],
  "Variables": {
    "RandomSeed": "704997570",
    "RESOURCE_MANAGER_URL": null,
    "SUBSCRIPTION_ID": "f3d94233-a9aa-4241-ac82-2dfb63ce637a"
  }
}
