{
  "Entries": [
    {
      "RequestUri": "/subscriptions/746a51ba-0bd4-497f-89cc-f955a5db3bc8/resourcegroups/res2947?api-version=2015-11-01",
      "EncodedRequestUri": "L3N1YnNjcmlwdGlvbnMvNzQ2YTUxYmEtMGJkNC00OTdmLTg5Y2MtZjk1NWE1ZGIzYmM4L3Jlc291cmNlZ3JvdXBzL3JlczI5NDc/YXBpLXZlcnNpb249MjAxNS0xMS0wMQ==",
      "RequestMethod": "PUT",
      "RequestBody": "{\r\n  \"location\": \"eastus2\"\r\n}",
      "RequestHeaders": {
        "x-ms-client-request-id": [
          "b1ad4a0c-5bef-48ef-a0b0-22084508b250"
        ],
        "accept-language": [
          "en-US"
        ],
        "User-Agent": [
          "FxVersion/4.6.26614.01",
          "OSName/Windows",
          "OSVersion/Microsoft.Windows.10.0.19042.",
          "Microsoft.Azure.Management.Resources.ResourceManagementClient/1.0.0.0"
        ],
        "Content-Type": [
          "application/json; charset=utf-8"
        ],
        "Content-Length": [
          "29"
        ]
      },
      "ResponseHeaders": {
        "Cache-Control": [
          "no-cache"
        ],
        "Date": [
          "Thu, 22 Oct 2020 01:45:47 GMT"
        ],
        "Pragma": [
          "no-cache"
        ],
        "x-ms-ratelimit-remaining-subscription-writes": [
          "1199"
        ],
        "x-ms-request-id": [
          "5784b663-c2a7-4bbe-87d9-d10526dca660"
        ],
        "x-ms-correlation-request-id": [
          "5784b663-c2a7-4bbe-87d9-d10526dca660"
        ],
        "x-ms-routing-request-id": [
          "SOUTHEASTASIA:20201022T014548Z:5784b663-c2a7-4bbe-87d9-d10526dca660"
        ],
        "Strict-Transport-Security": [
          "max-age=31536000; includeSubDomains"
        ],
        "X-Content-Type-Options": [
          "nosniff"
        ],
        "Content-Length": [
          "168"
        ],
        "Content-Type": [
          "application/json; charset=utf-8"
        ],
        "Expires": [
          "-1"
        ]
      },
      "ResponseBody": "{\r\n  \"id\": \"/subscriptions/746a51ba-0bd4-497f-89cc-f955a5db3bc8/resourceGroups/res2947\",\r\n  \"name\": \"res2947\",\r\n  \"location\": \"eastus2\",\r\n  \"properties\": {\r\n    \"provisioningState\": \"Succeeded\"\r\n  }\r\n}",
      "StatusCode": 201
    },
    {
      "RequestUri": "/subscriptions/746a51ba-0bd4-497f-89cc-f955a5db3bc8/resourceGroups/res2947/providers/Microsoft.Storage/storageAccounts/sto2379?api-version=2022-05-01",
      "EncodedRequestUri": "L3N1YnNjcmlwdGlvbnMvNzQ2YTUxYmEtMGJkNC00OTdmLTg5Y2MtZjk1NWE1ZGIzYmM4L3Jlc291cmNlR3JvdXBzL3JlczI5NDcvcHJvdmlkZXJzL01pY3Jvc29mdC5TdG9yYWdlL3N0b3JhZ2VBY2NvdW50cy9zdG8yMzc5P2FwaS12ZXJzaW9uPTIwMjItMDUtMDE=",
      "RequestMethod": "PUT",
      "RequestBody": "{\r\n  \"sku\": {\r\n    \"name\": \"Premium_LRS\"\r\n  },\r\n  \"kind\": \"StorageV2\",\r\n  \"location\": \"eastus2euap\",\r\n  \"extendedLocation\": {\r\n    \"name\": \"microsoftrrdclab1\",\r\n    \"type\": \"EdgeZone\"\r\n  }\r\n}",
      "RequestHeaders": {
        "x-ms-client-request-id": [
          "727cdf54-273f-4ef7-b206-fc0ca8d01017"
        ],
        "accept-language": [
          "en-US"
        ],
        "User-Agent": [
          "FxVersion/4.6.26614.01",
          "OSName/Windows",
          "OSVersion/Microsoft.Windows.10.0.19042.",
          "Microsoft.Azure.Management.Storage.StorageManagementClient/17.2.0.0"
        ],
        "Content-Type": [
          "application/json; charset=utf-8"
        ],
        "Content-Length": [
          "191"
        ]
      },
      "ResponseHeaders": {
        "Cache-Control": [
          "no-cache"
        ],
        "Date": [
          "Thu, 22 Oct 2020 01:45:51 GMT"
        ],
        "Pragma": [
          "no-cache"
        ],
        "Location": [
          "https://eastus2euap.management.azure.com/subscriptions/746a51ba-0bd4-497f-89cc-f955a5db3bc8/providers/Microsoft.Storage/locations/eastus2euap/asyncoperations/57371f30-0250-4f08-ac13-01d65142d910?monitor=true&api-version=2022-05-01"
        ],
        "Retry-After": [
          "17"
        ],
        "Server": [
          "Microsoft-Azure-Storage-Resource-Provider/1.0,Microsoft-HTTPAPI/2.0 Microsoft-HTTPAPI/2.0"
        ],
        "x-ms-request-id": [
          "57371f30-0250-4f08-ac13-01d65142d910"
        ],
        "Strict-Transport-Security": [
          "max-age=31536000; includeSubDomains"
        ],
        "x-ms-ratelimit-remaining-subscription-writes": [
          "1199"
        ],
        "x-ms-correlation-request-id": [
          "55d46b42-88b0-4303-b617-c56e6e29d53f"
        ],
        "x-ms-routing-request-id": [
          "EASTUS2EUAP:20201022T014551Z:55d46b42-88b0-4303-b617-c56e6e29d53f"
        ],
        "X-Content-Type-Options": [
          "nosniff"
        ],
        "Content-Length": [
          "0"
        ],
        "Content-Type": [
          "text/plain; charset=utf-8"
        ],
        "Expires": [
          "-1"
        ]
      },
      "ResponseBody": "",
      "StatusCode": 202
    },
    {
      "RequestUri": "/subscriptions/746a51ba-0bd4-497f-89cc-f955a5db3bc8/providers/Microsoft.Storage/locations/eastus2euap/asyncoperations/57371f30-0250-4f08-ac13-01d65142d910?monitor=true&api-version=2022-05-01",
      "EncodedRequestUri": "L3N1YnNjcmlwdGlvbnMvNzQ2YTUxYmEtMGJkNC00OTdmLTg5Y2MtZjk1NWE1ZGIzYmM4L3Byb3ZpZGVycy9NaWNyb3NvZnQuU3RvcmFnZS9sb2NhdGlvbnMvZWFzdHVzMmV1YXAvYXN5bmNvcGVyYXRpb25zLzU3MzcxZjMwLTAyNTAtNGYwOC1hYzEzLTAxZDY1MTQyZDkxMD9tb25pdG9yPXRydWUmYXBpLXZlcnNpb249MjAyMi0wNS0wMQ==",
      "RequestMethod": "GET",
      "RequestBody": "",
      "RequestHeaders": {
        "User-Agent": [
          "FxVersion/4.6.26614.01",
          "OSName/Windows",
          "OSVersion/Microsoft.Windows.10.0.19042.",
          "Microsoft.Azure.Management.Storage.StorageManagementClient/17.2.0.0"
        ]
      },
      "ResponseHeaders": {
        "Cache-Control": [
          "no-cache"
        ],
        "Date": [
          "Thu, 22 Oct 2020 01:46:08 GMT"
        ],
        "Pragma": [
          "no-cache"
        ],
        "Server": [
          "Microsoft-Azure-Storage-Resource-Provider/1.0,Microsoft-HTTPAPI/2.0 Microsoft-HTTPAPI/2.0"
        ],
        "x-ms-request-id": [
          "1753dfaf-a670-4e54-9b33-a72ba9e7c737"
        ],
        "Strict-Transport-Security": [
          "max-age=31536000; includeSubDomains"
        ],
        "x-ms-ratelimit-remaining-subscription-reads": [
          "11999"
        ],
        "x-ms-correlation-request-id": [
          "bd2345d5-b43a-4d21-ad25-d9e22e903196"
        ],
        "x-ms-routing-request-id": [
          "EASTUS2EUAP:20201022T014608Z:bd2345d5-b43a-4d21-ad25-d9e22e903196"
        ],
        "X-Content-Type-Options": [
          "nosniff"
        ],
        "Content-Length": [
          "1109"
        ],
        "Content-Type": [
          "application/json"
        ],
        "Expires": [
          "-1"
        ]
      },
      "ResponseBody": "{\r\n  \"extendedLocation\": {\r\n    \"type\": \"EdgeZone\",\r\n    \"name\": \"microsoftrrdclab1\"\r\n  },\r\n  \"sku\": {\r\n    \"name\": \"Premium_LRS\",\r\n    \"tier\": \"Premium\"\r\n  },\r\n  \"kind\": \"StorageV2\",\r\n  \"id\": \"/subscriptions/746a51ba-0bd4-497f-89cc-f955a5db3bc8/resourceGroups/res2947/providers/Microsoft.Storage/storageAccounts/sto2379\",\r\n  \"name\": \"sto2379\",\r\n  \"type\": \"Microsoft.Storage/storageAccounts\",\r\n  \"location\": \"eastus2euap\",\r\n  \"tags\": {},\r\n  \"properties\": {\r\n    \"privateEndpointConnections\": [],\r\n    \"networkAcls\": {\r\n      \"bypass\": \"AzureServices\",\r\n      \"virtualNetworkRules\": [],\r\n      \"ipRules\": [],\r\n      \"defaultAction\": \"Allow\"\r\n    },\r\n    \"supportsHttpsTrafficOnly\": true,\r\n    \"encryption\": {\r\n      \"services\": {\r\n        \"file\": {\r\n          \"keyType\": \"Account\",\r\n          \"enabled\": true,\r\n          \"lastEnabledTime\": \"2020-10-22T01:45:50.6423657Z\"\r\n        },\r\n        \"blob\": {\r\n          \"keyType\": \"Account\",\r\n          \"enabled\": true,\r\n          \"lastEnabledTime\": \"2020-10-22T01:45:50.6423657Z\"\r\n        }\r\n      },\r\n      \"keySource\": \"Microsoft.Storage\"\r\n    },\r\n    \"accessTier\": \"Hot\",\r\n    \"provisioningState\": \"Succeeded\",\r\n    \"creationTime\": \"2020-10-22T01:45:50.5723675Z\",\r\n    \"primaryEndpoints\": {\r\n      \"web\": \"https://sto2379.web.microsoftrrdclab1.edgestorage.azure.net/\",\r\n      \"blob\": \"https://sto2379.blob.microsoftrrdclab1.edgestorage.azure.net/\"\r\n    },\r\n    \"primaryLocation\": \"eastus2euap\",\r\n    \"statusOfPrimary\": \"available\"\r\n  }\r\n}",
      "StatusCode": 200
    },
    {
      "RequestUri": "/subscriptions/746a51ba-0bd4-497f-89cc-f955a5db3bc8/resourceGroups/res2947/providers/Microsoft.Storage/storageAccounts/sto2379?api-version=2022-05-01",
      "EncodedRequestUri": "L3N1YnNjcmlwdGlvbnMvNzQ2YTUxYmEtMGJkNC00OTdmLTg5Y2MtZjk1NWE1ZGIzYmM4L3Jlc291cmNlR3JvdXBzL3JlczI5NDcvcHJvdmlkZXJzL01pY3Jvc29mdC5TdG9yYWdlL3N0b3JhZ2VBY2NvdW50cy9zdG8yMzc5P2FwaS12ZXJzaW9uPTIwMjItMDUtMDE=",
      "RequestMethod": "GET",
      "RequestBody": "",
      "RequestHeaders": {
        "x-ms-client-request-id": [
          "8d49e3f8-d65a-4cf8-9e51-fb439fc1bd8a"
        ],
        "accept-language": [
          "en-US"
        ],
        "User-Agent": [
          "FxVersion/4.6.26614.01",
          "OSName/Windows",
          "OSVersion/Microsoft.Windows.10.0.19042.",
          "Microsoft.Azure.Management.Storage.StorageManagementClient/17.2.0.0"
        ]
      },
      "ResponseHeaders": {
        "Cache-Control": [
          "no-cache"
        ],
        "Date": [
          "Thu, 22 Oct 2020 01:46:08 GMT"
        ],
        "Pragma": [
          "no-cache"
        ],
        "Server": [
          "Microsoft-Azure-Storage-Resource-Provider/1.0,Microsoft-HTTPAPI/2.0 Microsoft-HTTPAPI/2.0"
        ],
        "x-ms-request-id": [
          "b89ff5ad-ede2-4e3c-ba58-98f33d37bc62"
        ],
        "Strict-Transport-Security": [
          "max-age=31536000; includeSubDomains"
        ],
        "x-ms-ratelimit-remaining-subscription-reads": [
          "11998"
        ],
        "x-ms-correlation-request-id": [
          "ea24fb7d-8652-4066-a9bf-13be50166b62"
        ],
        "x-ms-routing-request-id": [
          "EASTUS2EUAP:20201022T014609Z:ea24fb7d-8652-4066-a9bf-13be50166b62"
        ],
        "X-Content-Type-Options": [
          "nosniff"
        ],
        "Content-Length": [
          "1109"
        ],
        "Content-Type": [
          "application/json"
        ],
        "Expires": [
          "-1"
        ]
      },
      "ResponseBody": "{\r\n  \"extendedLocation\": {\r\n    \"type\": \"EdgeZone\",\r\n    \"name\": \"microsoftrrdclab1\"\r\n  },\r\n  \"sku\": {\r\n    \"name\": \"Premium_LRS\",\r\n    \"tier\": \"Premium\"\r\n  },\r\n  \"kind\": \"StorageV2\",\r\n  \"id\": \"/subscriptions/746a51ba-0bd4-497f-89cc-f955a5db3bc8/resourceGroups/res2947/providers/Microsoft.Storage/storageAccounts/sto2379\",\r\n  \"name\": \"sto2379\",\r\n  \"type\": \"Microsoft.Storage/storageAccounts\",\r\n  \"location\": \"eastus2euap\",\r\n  \"tags\": {},\r\n  \"properties\": {\r\n    \"privateEndpointConnections\": [],\r\n    \"networkAcls\": {\r\n      \"bypass\": \"AzureServices\",\r\n      \"virtualNetworkRules\": [],\r\n      \"ipRules\": [],\r\n      \"defaultAction\": \"Allow\"\r\n    },\r\n    \"supportsHttpsTrafficOnly\": true,\r\n    \"encryption\": {\r\n      \"services\": {\r\n        \"file\": {\r\n          \"keyType\": \"Account\",\r\n          \"enabled\": true,\r\n          \"lastEnabledTime\": \"2020-10-22T01:45:50.6423657Z\"\r\n        },\r\n        \"blob\": {\r\n          \"keyType\": \"Account\",\r\n          \"enabled\": true,\r\n          \"lastEnabledTime\": \"2020-10-22T01:45:50.6423657Z\"\r\n        }\r\n      },\r\n      \"keySource\": \"Microsoft.Storage\"\r\n    },\r\n    \"accessTier\": \"Hot\",\r\n    \"provisioningState\": \"Succeeded\",\r\n    \"creationTime\": \"2020-10-22T01:45:50.5723675Z\",\r\n    \"primaryEndpoints\": {\r\n      \"web\": \"https://sto2379.web.microsoftrrdclab1.edgestorage.azure.net/\",\r\n      \"blob\": \"https://sto2379.blob.microsoftrrdclab1.edgestorage.azure.net/\"\r\n    },\r\n    \"primaryLocation\": \"eastus2euap\",\r\n    \"statusOfPrimary\": \"available\"\r\n  }\r\n}",
      "StatusCode": 200
    }
  ],
  "Names": {
    "CreateResourceGroup": [
      "res2947"
    ],
    "StorageAccountCreateWithExtendedLocation": [
      "sto2379"
    ]
  },
  "Variables": {
    "SubscriptionId": "746a51ba-0bd4-497f-89cc-f955a5db3bc8"
  }
}