{
  "Entries": [
    {
      "RequestUri": "/d2599f84-5099-4ef0-8548-d4765d6a0718/locations",
      "EncodedRequestUri": "L2QyNTk5Zjg0LTUwOTktNGVmMC04NTQ4LWQ0NzY1ZDZhMDcxOC9sb2NhdGlvbnM=",
      "RequestMethod": "GET",
      "RequestBody": "",
      "RequestHeaders": {
        "x-ms-version": [
          "2014-10-01"
        ],
        "User-Agent": [
          "Microsoft.WindowsAzure.Management.ManagementClient/1.0.0.0"
        ]
      },
      "ResponseBody": "<Locations xmlns=\"http://schemas.microsoft.com/windowsazure\" xmlns:i=\"http://www.w3.org/2001/XMLSchema-instance\">\r\n  <Location>\r\n    <Name>North Central US</Name>\r\n    <DisplayName>North Central US</DisplayName>\r\n    <AvailableServices>\r\n      <AvailableService>Compute</AvailableService>\r\n      <AvailableService>Storage</AvailableService>\r\n      <AvailableService>PersistentVMRole</AvailableService>\r\n    </AvailableServices>\r\n    <ComputeCapabilities>\r\n      <WebWorkerRoleSizes>\r\n        <RoleSize>ExtraLarge</RoleSize>\r\n        <RoleSize>ExtraSmall</RoleSize>\r\n        <RoleSize>ExtraSmall_Internal</RoleSize>\r\n        <RoleSize>Large</RoleSize>\r\n        <RoleSize>Medium</RoleSize>\r\n        <RoleSize>Medium_Internal</RoleSize>\r\n        <RoleSize>Small</RoleSize>\r\n      </WebWorkerRoleSizes>\r\n      <VirtualMachinesRoleSizes>\r\n        <RoleSize>Basic_A0</RoleSize>\r\n        <RoleSize>Basic_A1</RoleSize>\r\n        <RoleSize>Basic_A2</RoleSize>\r\n        <RoleSize>Basic_A3</RoleSize>\r\n        <RoleSize>Basic_A4</RoleSize>\r\n        <RoleSize>ExtraLarge</RoleSize>\r\n        <RoleSize>ExtraSmall</RoleSize>\r\n        <RoleSize>Large</RoleSize>\r\n        <RoleSize>Medium</RoleSize>\r\n        <RoleSize>Small</RoleSize>\r\n      </VirtualMachinesRoleSizes>\r\n    </ComputeCapabilities>\r\n    <StorageCapabilities>\r\n      <StorageAccountTypes>\r\n        <StorageAccountType>Standard_LRS</StorageAccountType>\r\n        <StorageAccountType>Standard_ZRS</StorageAccountType>\r\n        <StorageAccountType>Standard_GRS</StorageAccountType>\r\n        <StorageAccountType>Standard_RAGRS</StorageAccountType>\r\n      </StorageAccountTypes>\r\n    </StorageCapabilities>\r\n  </Location>\r\n  <Location>\r\n    <Name>West US</Name>\r\n    <DisplayName>West US</DisplayName>\r\n    <AvailableServices>\r\n      <AvailableService>Compute</AvailableService>\r\n      <AvailableService>Storage</AvailableService>\r\n    </AvailableServices>\r\n    <ComputeCapabilities>\r\n      <WebWorkerRoleSizes />\r\n      <VirtualMachinesRoleSizes />\r\n    </ComputeCapabilities>\r\n    <StorageCapabilities>\r\n      <StorageAccountTypes>\r\n        <StorageAccountType>Standard_LRS</StorageAccountType>\r\n        <StorageAccountType>Standard_ZRS</StorageAccountType>\r\n        <StorageAccountType>Standard_GRS</StorageAccountType>\r\n        <StorageAccountType>Standard_RAGRS</StorageAccountType>\r\n      </StorageAccountTypes>\r\n    </StorageCapabilities>\r\n  </Location>\r\n</Locations>",
      "ResponseHeaders": {
        "Content-Length": [
          "1931"
        ],
        "Content-Type": [
          "application/xml; charset=utf-8"
        ],
        "x-ms-request-id": [
          "59e07009f72b179cabccc7382c67ec1b"
        ],
        "Cache-Control": [
          "no-cache"
        ],
        "Date": [
          "Tue, 14 Apr 2015 22:48:49 GMT"
        ],
        "Server": [
          "1.0.6190.5938",
          "(rd_rdfe_n.150412-2000)",
          "Microsoft-HTTPAPI/2.0"
        ]
      },
      "StatusCode": 200
    },
    {
      "RequestUri": "/d2599f84-5099-4ef0-8548-d4765d6a0718/services/networking/networksecuritygroups",
      "EncodedRequestUri": "L2QyNTk5Zjg0LTUwOTktNGVmMC04NTQ4LWQ0NzY1ZDZhMDcxOC9zZXJ2aWNlcy9uZXR3b3JraW5nL25ldHdvcmtzZWN1cml0eWdyb3Vwcw==",
      "RequestMethod": "POST",
      "RequestBody": "<NetworkSecurityGroup xmlns=\"http://schemas.microsoft.com/windowsazure\">\r\n  <Name>NetworkTest7358</Name>\r\n  <Label>NetworkTest9409</Label>\r\n  <Location>North Central US</Location>\r\n</NetworkSecurityGroup>",
      "RequestHeaders": {
        "Content-Type": [
          "application/xml"
        ],
        "Content-Length": [
          "204"
        ],
        "x-ms-version": [
          "2016-03-01"
        ],
        "User-Agent": [
          "Microsoft.WindowsAzure.Management.Network.NetworkManagementClient/1.0.0.0"
        ]
      },
      "ResponseBody": "",
      "ResponseHeaders": {
        "Content-Length": [
          "0"
        ],
        "Strict-Transport-Security": [
          "max-age=31536000; includeSubDomains"
        ],
        "x-ms-request-id": [
          "39721a4d664a120da689ec14cfbbb11c"
        ],
        "Cache-Control": [
          "no-cache"
        ],
        "Date": [
          "Tue, 14 Apr 2015 22:48:50 GMT"
        ],
        "Server": [
          "1.0.6190.5938",
          "(rd_rdfe_n.150412-2000)",
          "Microsoft-HTTPAPI/2.0"
        ]
      },
      "StatusCode": 202
    },
    {
      "RequestUri": "/d2599f84-5099-4ef0-8548-d4765d6a0718/operations/39721a4d664a120da689ec14cfbbb11c",
      "EncodedRequestUri": "L2QyNTk5Zjg0LTUwOTktNGVmMC04NTQ4LWQ0NzY1ZDZhMDcxOC9vcGVyYXRpb25zLzM5NzIxYTRkNjY0YTEyMGRhNjg5ZWMxNGNmYmJiMTFj",
      "RequestMethod": "GET",
      "RequestBody": "",
      "RequestHeaders": {
        "x-ms-version": [
          "2016-03-01"
        ],
        "User-Agent": [
          "Microsoft.WindowsAzure.Management.Network.NetworkManagementClient/1.0.0.0"
        ]
      },
      "ResponseBody": "<Operation xmlns=\"http://schemas.microsoft.com/windowsazure\" xmlns:i=\"http://www.w3.org/2001/XMLSchema-instance\">\r\n  <ID>39721a4d-664a-120d-a689-ec14cfbbb11c</ID>\r\n  <Status>InProgress</Status>\r\n</Operation>",
      "ResponseHeaders": {
        "Content-Length": [
          "197"
        ],
        "Content-Type": [
          "application/xml; charset=utf-8"
        ],
        "Strict-Transport-Security": [
          "max-age=31536000; includeSubDomains"
        ],
        "x-ms-request-id": [
          "ec775d36da8f1d298c30ed54eed3852f"
        ],
        "Cache-Control": [
          "no-cache"
        ],
        "Date": [
          "Tue, 14 Apr 2015 22:48:50 GMT"
        ],
        "Server": [
          "1.0.6190.5938",
          "(rd_rdfe_n.150412-2000)",
          "Microsoft-HTTPAPI/2.0"
        ]
      },
      "StatusCode": 200
    },
    {
      "RequestUri": "/d2599f84-5099-4ef0-8548-d4765d6a0718/operations/39721a4d664a120da689ec14cfbbb11c",
      "EncodedRequestUri": "L2QyNTk5Zjg0LTUwOTktNGVmMC04NTQ4LWQ0NzY1ZDZhMDcxOC9vcGVyYXRpb25zLzM5NzIxYTRkNjY0YTEyMGRhNjg5ZWMxNGNmYmJiMTFj",
      "RequestMethod": "GET",
      "RequestBody": "",
      "RequestHeaders": {
        "x-ms-version": [
          "2016-03-01"
        ],
        "User-Agent": [
          "Microsoft.WindowsAzure.Management.Network.NetworkManagementClient/1.0.0.0"
        ]
      },
      "ResponseBody": "<Operation xmlns=\"http://schemas.microsoft.com/windowsazure\" xmlns:i=\"http://www.w3.org/2001/XMLSchema-instance\">\r\n  <ID>39721a4d-664a-120d-a689-ec14cfbbb11c</ID>\r\n  <Status>Succeeded</Status>\r\n  <HttpStatusCode>200</HttpStatusCode>\r\n</Operation>",
      "ResponseHeaders": {
        "Content-Length": [
          "232"
        ],
        "Content-Type": [
          "application/xml; charset=utf-8"
        ],
        "Strict-Transport-Security": [
          "max-age=31536000; includeSubDomains"
        ],
        "x-ms-request-id": [
          "180cfd40331517eab6ca616cebcf7599"
        ],
        "Cache-Control": [
          "no-cache"
        ],
        "Date": [
          "Tue, 14 Apr 2015 22:49:21 GMT"
        ],
        "Server": [
          "1.0.6190.5938",
          "(rd_rdfe_n.150412-2000)",
          "Microsoft-HTTPAPI/2.0"
        ]
      },
      "StatusCode": 200
    },
    {
      "RequestUri": "/d2599f84-5099-4ef0-8548-d4765d6a0718/services/networking/networksecuritygroups/NetworkTest7358/rules/NetworkTest8003",
      "EncodedRequestUri": "L2QyNTk5Zjg0LTUwOTktNGVmMC04NTQ4LWQ0NzY1ZDZhMDcxOC9zZXJ2aWNlcy9uZXR3b3JraW5nL25ldHdvcmtzZWN1cml0eWdyb3Vwcy9OZXR3b3JrVGVzdDczNTgvcnVsZXMvTmV0d29ya1Rlc3Q4MDAz",
      "RequestMethod": "PUT",
      "RequestBody": "<Rule xmlns=\"http://schemas.microsoft.com/windowsazure\">\r\n  <Type>Inbound</Type>\r\n  <Priority>500</Priority>\r\n  <Action>Allow</Action>\r\n  <SourceAddressPrefix>*</SourceAddressPrefix>\r\n  <SourcePortRange>*</SourcePortRange>\r\n  <DestinationAddressPrefix>*</DestinationAddressPrefix>\r\n  <DestinationPortRange>*</DestinationPortRange>\r\n  <Protocol>TCP</Protocol>\r\n</Rule>",
      "RequestHeaders": {
        "Content-Type": [
          "application/xml"
        ],
        "Content-Length": [
          "367"
        ],
        "x-ms-version": [
          "2016-03-01"
        ],
        "User-Agent": [
          "Microsoft.WindowsAzure.Management.Network.NetworkManagementClient/1.0.0.0"
        ]
      },
      "ResponseBody": "",
      "ResponseHeaders": {
        "Content-Length": [
          "0"
        ],
        "Strict-Transport-Security": [
          "max-age=31536000; includeSubDomains"
        ],
        "x-ms-request-id": [
          "10f6a9bd03211049af72dda385c1b876"
        ],
        "Cache-Control": [
          "no-cache"
        ],
        "Date": [
          "Tue, 14 Apr 2015 22:49:24 GMT"
        ],
        "Server": [
          "1.0.6190.5938",
          "(rd_rdfe_n.150412-2000)",
          "Microsoft-HTTPAPI/2.0"
        ]
      },
      "StatusCode": 202
    },
    {
      "RequestUri": "/d2599f84-5099-4ef0-8548-d4765d6a0718/operations/10f6a9bd03211049af72dda385c1b876",
      "EncodedRequestUri": "L2QyNTk5Zjg0LTUwOTktNGVmMC04NTQ4LWQ0NzY1ZDZhMDcxOC9vcGVyYXRpb25zLzEwZjZhOWJkMDMyMTEwNDlhZjcyZGRhMzg1YzFiODc2",
      "RequestMethod": "GET",
      "RequestBody": "",
      "RequestHeaders": {
        "x-ms-version": [
          "2016-03-01"
        ],
        "User-Agent": [
          "Microsoft.WindowsAzure.Management.Network.NetworkManagementClient/1.0.0.0"
        ]
      },
      "ResponseBody": "<Operation xmlns=\"http://schemas.microsoft.com/windowsazure\" xmlns:i=\"http://www.w3.org/2001/XMLSchema-instance\">\r\n  <ID>10f6a9bd-0321-1049-af72-dda385c1b876</ID>\r\n  <Status>InProgress</Status>\r\n</Operation>",
      "ResponseHeaders": {
        "Content-Length": [
          "197"
        ],
        "Content-Type": [
          "application/xml; charset=utf-8"
        ],
        "Strict-Transport-Security": [
          "max-age=31536000; includeSubDomains"
        ],
        "x-ms-request-id": [
          "ab1c7ac0fdce1436a4399719e7f440a2"
        ],
        "Cache-Control": [
          "no-cache"
        ],
        "Date": [
          "Tue, 14 Apr 2015 22:49:26 GMT"
        ],
        "Server": [
          "1.0.6190.5938",
          "(rd_rdfe_n.150412-2000)",
          "Microsoft-HTTPAPI/2.0"
        ]
      },
      "StatusCode": 200
    },
    {
      "RequestUri": "/d2599f84-5099-4ef0-8548-d4765d6a0718/operations/10f6a9bd03211049af72dda385c1b876",
      "EncodedRequestUri": "L2QyNTk5Zjg0LTUwOTktNGVmMC04NTQ4LWQ0NzY1ZDZhMDcxOC9vcGVyYXRpb25zLzEwZjZhOWJkMDMyMTEwNDlhZjcyZGRhMzg1YzFiODc2",
      "RequestMethod": "GET",
      "RequestBody": "",
      "RequestHeaders": {
        "x-ms-version": [
          "2016-03-01"
        ],
        "User-Agent": [
          "Microsoft.WindowsAzure.Management.Network.NetworkManagementClient/1.0.0.0"
        ]
      },
      "ResponseBody": "<Operation xmlns=\"http://schemas.microsoft.com/windowsazure\" xmlns:i=\"http://www.w3.org/2001/XMLSchema-instance\">\r\n  <ID>10f6a9bd-0321-1049-af72-dda385c1b876</ID>\r\n  <Status>Succeeded</Status>\r\n  <HttpStatusCode>200</HttpStatusCode>\r\n</Operation>",
      "ResponseHeaders": {
        "Content-Length": [
          "232"
        ],
        "Content-Type": [
          "application/xml; charset=utf-8"
        ],
        "Strict-Transport-Security": [
          "max-age=31536000; includeSubDomains"
        ],
        "x-ms-request-id": [
          "432370c5571a14e19e57b8439a139fac"
        ],
        "Cache-Control": [
          "no-cache"
        ],
        "Date": [
          "Tue, 14 Apr 2015 22:49:57 GMT"
        ],
        "Server": [
          "1.0.6190.5938",
          "(rd_rdfe_n.150412-2000)",
          "Microsoft-HTTPAPI/2.0"
        ]
      },
      "StatusCode": 200
    },
    {
      "RequestUri": "/d2599f84-5099-4ef0-8548-d4765d6a0718/services/networking/networksecuritygroups/NetworkTest7358?detaillevel=full",
      "EncodedRequestUri": "L2QyNTk5Zjg0LTUwOTktNGVmMC04NTQ4LWQ0NzY1ZDZhMDcxOC9zZXJ2aWNlcy9uZXR3b3JraW5nL25ldHdvcmtzZWN1cml0eWdyb3Vwcy9OZXR3b3JrVGVzdDczNTg/ZGV0YWlsbGV2ZWw9ZnVsbA==",
      "RequestMethod": "GET",
      "RequestBody": "",
      "RequestHeaders": {
        "x-ms-version": [
          "2016-03-01"
        ],
        "User-Agent": [
          "Microsoft.WindowsAzure.Management.Network.NetworkManagementClient/1.0.0.0"
        ]
      },
      "ResponseBody": "<NetworkSecurityGroup xmlns=\"http://schemas.microsoft.com/windowsazure\" xmlns:i=\"http://www.w3.org/2001/XMLSchema-instance\">\r\n  <Name>NetworkTest7358</Name>\r\n  <Label>NetworkTest9409</Label>\r\n  <Location>North Central US</Location>\r\n  <Rules>\r\n    <Rule>\r\n      <Name>NetworkTest8003</Name>\r\n      <Type>Inbound</Type>\r\n      <Priority>500</Priority>\r\n      <Action>Allow</Action>\r\n      <SourceAddressPrefix>*</SourceAddressPrefix>\r\n      <SourcePortRange>*</SourcePortRange>\r\n      <DestinationAddressPrefix>*</DestinationAddressPrefix>\r\n      <DestinationPortRange>*</DestinationPortRange>\r\n      <Protocol>TCP</Protocol>\r\n      <State>Active</State>\r\n    </Rule>\r\n    <Rule>\r\n      <Name>ALLOW VNET INBOUND</Name>\r\n      <Type>Inbound</Type>\r\n      <Priority>65000</Priority>\r\n      <Action>Allow</Action>\r\n      <SourceAddressPrefix>VIRTUAL_NETWORK</SourceAddressPrefix>\r\n      <SourcePortRange>*</SourcePortRange>\r\n      <DestinationAddressPrefix>VIRTUAL_NETWORK</DestinationAddressPrefix>\r\n      <DestinationPortRange>*</DestinationPortRange>\r\n      <Protocol>*</Protocol>\r\n      <State>Active</State>\r\n      <IsDefault>true</IsDefault>\r\n    </Rule>\r\n    <Rule>\r\n      <Name>ALLOW VNET OUTBOUND</Name>\r\n      <Type>Outbound</Type>\r\n      <Priority>65000</Priority>\r\n      <Action>Allow</Action>\r\n      <SourceAddressPrefix>VIRTUAL_NETWORK</SourceAddressPrefix>\r\n      <SourcePortRange>*</SourcePortRange>\r\n      <DestinationAddressPrefix>VIRTUAL_NETWORK</DestinationAddressPrefix>\r\n      <DestinationPortRange>*</DestinationPortRange>\r\n      <Protocol>*</Protocol>\r\n      <State>Active</State>\r\n      <IsDefault>true</IsDefault>\r\n    </Rule>\r\n    <Rule>\r\n      <Name>ALLOW AZURE LOAD BALANCER INBOUND</Name>\r\n      <Type>Inbound</Type>\r\n      <Priority>65001</Priority>\r\n      <Action>Allow</Action>\r\n      <SourceAddressPrefix>AZURE_LOADBALANCER</SourceAddressPrefix>\r\n      <SourcePortRange>*</SourcePortRange>\r\n      <DestinationAddressPrefix>*</DestinationAddressPrefix>\r\n      <DestinationPortRange>*</DestinationPortRange>\r\n      <Protocol>*</Protocol>\r\n      <State>Active</State>\r\n      <IsDefault>true</IsDefault>\r\n    </Rule>\r\n    <Rule>\r\n      <Name>ALLOW INTERNET OUTBOUND</Name>\r\n      <Type>Outbound</Type>\r\n      <Priority>65001</Priority>\r\n      <Action>Allow</Action>\r\n      <SourceAddressPrefix>*</SourceAddressPrefix>\r\n      <SourcePortRange>*</SourcePortRange>\r\n      <DestinationAddressPrefix>INTERNET</DestinationAddressPrefix>\r\n      <DestinationPortRange>*</DestinationPortRange>\r\n      <Protocol>*</Protocol>\r\n      <State>Active</State>\r\n      <IsDefault>true</IsDefault>\r\n    </Rule>\r\n    <Rule>\r\n      <Name>DENY ALL OUTBOUND</Name>\r\n      <Type>Outbound</Type>\r\n      <Priority>65500</Priority>\r\n      <Action>Deny</Action>\r\n      <SourceAddressPrefix>*</SourceAddressPrefix>\r\n      <SourcePortRange>*</SourcePortRange>\r\n      <DestinationAddressPrefix>*</DestinationAddressPrefix>\r\n      <DestinationPortRange>*</DestinationPortRange>\r\n      <Protocol>*</Protocol>\r\n      <State>Active</State>\r\n      <IsDefault>true</IsDefault>\r\n    </Rule>\r\n    <Rule>\r\n      <Name>DENY ALL INBOUND</Name>\r\n      <Type>Inbound</Type>\r\n      <Priority>65500</Priority>\r\n      <Action>Deny</Action>\r\n      <SourceAddressPrefix>*</SourceAddressPrefix>\r\n      <SourcePortRange>*</SourcePortRange>\r\n      <DestinationAddressPrefix>*</DestinationAddressPrefix>\r\n      <DestinationPortRange>*</DestinationPortRange>\r\n      <Protocol>*</Protocol>\r\n      <State>Active</State>\r\n      <IsDefault>true</IsDefault>\r\n    </Rule>\r\n  </Rules>\r\n</NetworkSecurityGroup>",
      "ResponseHeaders": {
        "Content-Length": [
          "2860"
        ],
        "Content-Type": [
          "application/xml; charset=utf-8"
        ],
        "Strict-Transport-Security": [
          "max-age=31536000; includeSubDomains"
        ],
        "x-ms-request-id": [
          "bbc2d523268f1dfaa3f2c3d906b9d5b9"
        ],
        "Cache-Control": [
          "no-cache"
        ],
        "Date": [
          "Tue, 14 Apr 2015 22:49:57 GMT"
        ],
        "Server": [
          "1.0.6190.5938",
          "(rd_rdfe_n.150412-2000)",
          "Microsoft-HTTPAPI/2.0"
        ]
      },
      "StatusCode": 200
    },
    {
      "RequestUri": "/d2599f84-5099-4ef0-8548-d4765d6a0718/services/networking/networksecuritygroups/NetworkTest7358?detaillevel=full",
      "EncodedRequestUri": "L2QyNTk5Zjg0LTUwOTktNGVmMC04NTQ4LWQ0NzY1ZDZhMDcxOC9zZXJ2aWNlcy9uZXR3b3JraW5nL25ldHdvcmtzZWN1cml0eWdyb3Vwcy9OZXR3b3JrVGVzdDczNTg/ZGV0YWlsbGV2ZWw9ZnVsbA==",
      "RequestMethod": "GET",
      "RequestBody": "",
      "RequestHeaders": {
        "x-ms-version": [
          "2016-03-01"
        ],
        "User-Agent": [
          "Microsoft.WindowsAzure.Management.Network.NetworkManagementClient/1.0.0.0"
        ]
      },
      "ResponseBody": "<NetworkSecurityGroup xmlns=\"http://schemas.microsoft.com/windowsazure\" xmlns:i=\"http://www.w3.org/2001/XMLSchema-instance\">\r\n  <Name>NetworkTest7358</Name>\r\n  <Label>NetworkTest9409</Label>\r\n  <Location>North Central US</Location>\r\n  <Rules>\r\n    <Rule>\r\n      <Name>ALLOW VNET OUTBOUND</Name>\r\n      <Type>Outbound</Type>\r\n      <Priority>65000</Priority>\r\n      <Action>Allow</Action>\r\n      <SourceAddressPrefix>VIRTUAL_NETWORK</SourceAddressPrefix>\r\n      <SourcePortRange>*</SourcePortRange>\r\n      <DestinationAddressPrefix>VIRTUAL_NETWORK</DestinationAddressPrefix>\r\n      <DestinationPortRange>*</DestinationPortRange>\r\n      <Protocol>*</Protocol>\r\n      <State>Active</State>\r\n      <IsDefault>true</IsDefault>\r\n    </Rule>\r\n    <Rule>\r\n      <Name>ALLOW VNET INBOUND</Name>\r\n      <Type>Inbound</Type>\r\n      <Priority>65000</Priority>\r\n      <Action>Allow</Action>\r\n      <SourceAddressPrefix>VIRTUAL_NETWORK</SourceAddressPrefix>\r\n      <SourcePortRange>*</SourcePortRange>\r\n      <DestinationAddressPrefix>VIRTUAL_NETWORK</DestinationAddressPrefix>\r\n      <DestinationPortRange>*</DestinationPortRange>\r\n      <Protocol>*</Protocol>\r\n      <State>Active</State>\r\n      <IsDefault>true</IsDefault>\r\n    </Rule>\r\n    <Rule>\r\n      <Name>ALLOW AZURE LOAD BALANCER INBOUND</Name>\r\n      <Type>Inbound</Type>\r\n      <Priority>65001</Priority>\r\n      <Action>Allow</Action>\r\n      <SourceAddressPrefix>AZURE_LOADBALANCER</SourceAddressPrefix>\r\n      <SourcePortRange>*</SourcePortRange>\r\n      <DestinationAddressPrefix>*</DestinationAddressPrefix>\r\n      <DestinationPortRange>*</DestinationPortRange>\r\n      <Protocol>*</Protocol>\r\n      <State>Active</State>\r\n      <IsDefault>true</IsDefault>\r\n    </Rule>\r\n    <Rule>\r\n      <Name>ALLOW INTERNET OUTBOUND</Name>\r\n      <Type>Outbound</Type>\r\n      <Priority>65001</Priority>\r\n      <Action>Allow</Action>\r\n      <SourceAddressPrefix>*</SourceAddressPrefix>\r\n      <SourcePortRange>*</SourcePortRange>\r\n      <DestinationAddressPrefix>INTERNET</DestinationAddressPrefix>\r\n      <DestinationPortRange>*</DestinationPortRange>\r\n      <Protocol>*</Protocol>\r\n      <State>Active</State>\r\n      <IsDefault>true</IsDefault>\r\n    </Rule>\r\n    <Rule>\r\n      <Name>DENY ALL OUTBOUND</Name>\r\n      <Type>Outbound</Type>\r\n      <Priority>65500</Priority>\r\n      <Action>Deny</Action>\r\n      <SourceAddressPrefix>*</SourceAddressPrefix>\r\n      <SourcePortRange>*</SourcePortRange>\r\n      <DestinationAddressPrefix>*</DestinationAddressPrefix>\r\n      <DestinationPortRange>*</DestinationPortRange>\r\n      <Protocol>*</Protocol>\r\n      <State>Active</State>\r\n      <IsDefault>true</IsDefault>\r\n    </Rule>\r\n    <Rule>\r\n      <Name>DENY ALL INBOUND</Name>\r\n      <Type>Inbound</Type>\r\n      <Priority>65500</Priority>\r\n      <Action>Deny</Action>\r\n      <SourceAddressPrefix>*</SourceAddressPrefix>\r\n      <SourcePortRange>*</SourcePortRange>\r\n      <DestinationAddressPrefix>*</DestinationAddressPrefix>\r\n      <DestinationPortRange>*</DestinationPortRange>\r\n      <Protocol>*</Protocol>\r\n      <State>Active</State>\r\n      <IsDefault>true</IsDefault>\r\n    </Rule>\r\n  </Rules>\r\n</NetworkSecurityGroup>",
      "ResponseHeaders": {
        "Content-Length": [
          "2528"
        ],
        "Content-Type": [
          "application/xml; charset=utf-8"
        ],
        "Strict-Transport-Security": [
          "max-age=31536000; includeSubDomains"
        ],
        "x-ms-request-id": [
          "660b440a26df189bb250a0866c655900"
        ],
        "Cache-Control": [
          "no-cache"
        ],
        "Date": [
          "Tue, 14 Apr 2015 22:51:19 GMT"
        ],
        "Server": [
          "1.0.6190.5938",
          "(rd_rdfe_n.150412-2000)",
          "Microsoft-HTTPAPI/2.0"
        ]
      },
      "StatusCode": 200
    },
    {
      "RequestUri": "/d2599f84-5099-4ef0-8548-d4765d6a0718/services/networking/networksecuritygroups/NetworkTest7358/rules/NetworkTest8003",
      "EncodedRequestUri": "L2QyNTk5Zjg0LTUwOTktNGVmMC04NTQ4LWQ0NzY1ZDZhMDcxOC9zZXJ2aWNlcy9uZXR3b3JraW5nL25ldHdvcmtzZWN1cml0eWdyb3Vwcy9OZXR3b3JrVGVzdDczNTgvcnVsZXMvTmV0d29ya1Rlc3Q4MDAz",
      "RequestMethod": "DELETE",
      "RequestBody": "",
      "RequestHeaders": {
        "x-ms-version": [
          "2016-03-01"
        ],
        "User-Agent": [
          "Microsoft.WindowsAzure.Management.Network.NetworkManagementClient/1.0.0.0"
        ]
      },
      "ResponseBody": "",
      "ResponseHeaders": {
        "Content-Length": [
          "0"
        ],
        "Strict-Transport-Security": [
          "max-age=31536000; includeSubDomains"
        ],
        "x-ms-request-id": [
          "b224da4876a41929a33cc7a8cd209768"
        ],
        "Cache-Control": [
          "no-cache"
        ],
        "Date": [
          "Tue, 14 Apr 2015 22:50:21 GMT"
        ],
        "Server": [
          "1.0.6190.5938",
          "(rd_rdfe_n.150412-2000)",
          "Microsoft-HTTPAPI/2.0"
        ]
      },
      "StatusCode": 202
    },
    {
      "RequestUri": "/d2599f84-5099-4ef0-8548-d4765d6a0718/operations/b224da4876a41929a33cc7a8cd209768",
      "EncodedRequestUri": "L2QyNTk5Zjg0LTUwOTktNGVmMC04NTQ4LWQ0NzY1ZDZhMDcxOC9vcGVyYXRpb25zL2IyMjRkYTQ4NzZhNDE5MjlhMzNjYzdhOGNkMjA5NzY4",
      "RequestMethod": "GET",
      "RequestBody": "",
      "RequestHeaders": {
        "x-ms-version": [
          "2016-03-01"
        ],
        "User-Agent": [
          "Microsoft.WindowsAzure.Management.Network.NetworkManagementClient/1.0.0.0"
        ]
      },
      "ResponseBody": "<Operation xmlns=\"http://schemas.microsoft.com/windowsazure\" xmlns:i=\"http://www.w3.org/2001/XMLSchema-instance\">\r\n  <ID>b224da48-76a4-1929-a33c-c7a8cd209768</ID>\r\n  <Status>InProgress</Status>\r\n</Operation>",
      "ResponseHeaders": {
        "Content-Length": [
          "197"
        ],
        "Content-Type": [
          "application/xml; charset=utf-8"
        ],
        "Strict-Transport-Security": [
          "max-age=31536000; includeSubDomains"
        ],
        "x-ms-request-id": [
          "ce0aab3a500b1b09a80e1146fa98ecec"
        ],
        "Cache-Control": [
          "no-cache"
        ],
        "Date": [
          "Tue, 14 Apr 2015 22:50:21 GMT"
        ],
        "Server": [
          "1.0.6190.5938",
          "(rd_rdfe_n.150412-2000)",
          "Microsoft-HTTPAPI/2.0"
        ]
      },
      "StatusCode": 200
    },
    {
      "RequestUri": "/d2599f84-5099-4ef0-8548-d4765d6a0718/operations/b224da4876a41929a33cc7a8cd209768",
      "EncodedRequestUri": "L2QyNTk5Zjg0LTUwOTktNGVmMC04NTQ4LWQ0NzY1ZDZhMDcxOC9vcGVyYXRpb25zL2IyMjRkYTQ4NzZhNDE5MjlhMzNjYzdhOGNkMjA5NzY4",
      "RequestMethod": "GET",
      "RequestBody": "",
      "RequestHeaders": {
        "x-ms-version": [
          "2016-03-01"
        ],
        "User-Agent": [
          "Microsoft.WindowsAzure.Management.Network.NetworkManagementClient/1.0.0.0"
        ]
      },
      "ResponseBody": "<Operation xmlns=\"http://schemas.microsoft.com/windowsazure\" xmlns:i=\"http://www.w3.org/2001/XMLSchema-instance\">\r\n  <ID>b224da48-76a4-1929-a33c-c7a8cd209768</ID>\r\n  <Status>Succeeded</Status>\r\n  <HttpStatusCode>200</HttpStatusCode>\r\n</Operation>",
      "ResponseHeaders": {
        "Content-Length": [
          "232"
        ],
        "Content-Type": [
          "application/xml; charset=utf-8"
        ],
        "Strict-Transport-Security": [
          "max-age=31536000; includeSubDomains"
        ],
        "x-ms-request-id": [
          "348adee7859d10c49637d4a82cd3bf38"
        ],
        "Cache-Control": [
          "no-cache"
        ],
        "Date": [
          "Tue, 14 Apr 2015 22:50:52 GMT"
        ],
        "Server": [
          "1.0.6190.5938",
          "(rd_rdfe_n.150412-2000)",
          "Microsoft-HTTPAPI/2.0"
        ]
      },
      "StatusCode": 200
    },
    {
      "RequestUri": "/d2599f84-5099-4ef0-8548-d4765d6a0718/services/networking/networksecuritygroups/NetworkTest7358",
      "EncodedRequestUri": "L2QyNTk5Zjg0LTUwOTktNGVmMC04NTQ4LWQ0NzY1ZDZhMDcxOC9zZXJ2aWNlcy9uZXR3b3JraW5nL25ldHdvcmtzZWN1cml0eWdyb3Vwcy9OZXR3b3JrVGVzdDczNTg=",
      "RequestMethod": "DELETE",
      "RequestBody": "",
      "RequestHeaders": {
        "x-ms-version": [
          "2016-03-01"
        ],
        "User-Agent": [
          "Microsoft.WindowsAzure.Management.Network.NetworkManagementClient/1.0.0.0"
        ]
      },
      "ResponseBody": "",
      "ResponseHeaders": {
        "Content-Length": [
          "0"
        ],
        "Strict-Transport-Security": [
          "max-age=31536000; includeSubDomains"
        ],
        "x-ms-request-id": [
          "2e8ab524d682137ba58d2682090108ef"
        ],
        "Cache-Control": [
          "no-cache"
        ],
        "Date": [
          "Tue, 14 Apr 2015 22:51:24 GMT"
        ],
        "Server": [
          "1.0.6190.5938",
          "(rd_rdfe_n.150412-2000)",
          "Microsoft-HTTPAPI/2.0"
        ]
      },
      "StatusCode": 202
    },
    {
      "RequestUri": "/d2599f84-5099-4ef0-8548-d4765d6a0718/operations/2e8ab524d682137ba58d2682090108ef",
      "EncodedRequestUri": "L2QyNTk5Zjg0LTUwOTktNGVmMC04NTQ4LWQ0NzY1ZDZhMDcxOC9vcGVyYXRpb25zLzJlOGFiNTI0ZDY4MjEzN2JhNThkMjY4MjA5MDEwOGVm",
      "RequestMethod": "GET",
      "RequestBody": "",
      "RequestHeaders": {
        "x-ms-version": [
          "2016-03-01"
        ],
        "User-Agent": [
          "Microsoft.WindowsAzure.Management.Network.NetworkManagementClient/1.0.0.0"
        ]
      },
      "ResponseBody": "<Operation xmlns=\"http://schemas.microsoft.com/windowsazure\" xmlns:i=\"http://www.w3.org/2001/XMLSchema-instance\">\r\n  <ID>2e8ab524-d682-137b-a58d-2682090108ef</ID>\r\n  <Status>InProgress</Status>\r\n</Operation>",
      "ResponseHeaders": {
        "Content-Length": [
          "197"
        ],
        "Content-Type": [
          "application/xml; charset=utf-8"
        ],
        "Strict-Transport-Security": [
          "max-age=31536000; includeSubDomains"
        ],
        "x-ms-request-id": [
          "7e5ec14b2a69122c84a501e012ce8be5"
        ],
        "Cache-Control": [
          "no-cache"
        ],
        "Date": [
          "Tue, 14 Apr 2015 22:51:24 GMT"
        ],
        "Server": [
          "1.0.6190.5938",
          "(rd_rdfe_n.150412-2000)",
          "Microsoft-HTTPAPI/2.0"
        ]
      },
      "StatusCode": 200
    },
    {
      "RequestUri": "/d2599f84-5099-4ef0-8548-d4765d6a0718/operations/2e8ab524d682137ba58d2682090108ef",
      "EncodedRequestUri": "L2QyNTk5Zjg0LTUwOTktNGVmMC04NTQ4LWQ0NzY1ZDZhMDcxOC9vcGVyYXRpb25zLzJlOGFiNTI0ZDY4MjEzN2JhNThkMjY4MjA5MDEwOGVm",
      "RequestMethod": "GET",
      "RequestBody": "",
      "RequestHeaders": {
        "x-ms-version": [
          "2016-03-01"
        ],
        "User-Agent": [
          "Microsoft.WindowsAzure.Management.Network.NetworkManagementClient/1.0.0.0"
        ]
      },
      "ResponseBody": "<Operation xmlns=\"http://schemas.microsoft.com/windowsazure\" xmlns:i=\"http://www.w3.org/2001/XMLSchema-instance\">\r\n  <ID>2e8ab524-d682-137b-a58d-2682090108ef</ID>\r\n  <Status>Succeeded</Status>\r\n  <HttpStatusCode>200</HttpStatusCode>\r\n</Operation>",
      "ResponseHeaders": {
        "Content-Length": [
          "232"
        ],
        "Content-Type": [
          "application/xml; charset=utf-8"
        ],
        "Strict-Transport-Security": [
          "max-age=31536000; includeSubDomains"
        ],
        "x-ms-request-id": [
          "dc99cf86404c13429be619bb06b88b32"
        ],
        "Cache-Control": [
          "no-cache"
        ],
        "Date": [
          "Tue, 14 Apr 2015 22:51:55 GMT"
        ],
        "Server": [
          "1.0.6190.5938",
          "(rd_rdfe_n.150412-2000)",
          "Microsoft-HTTPAPI/2.0"
        ]
      },
      "StatusCode": 200
    },
    {
      "RequestUri": "/d2599f84-5099-4ef0-8548-d4765d6a0718/services/networking/media",
      "EncodedRequestUri": "L2QyNTk5Zjg0LTUwOTktNGVmMC04NTQ4LWQ0NzY1ZDZhMDcxOC9zZXJ2aWNlcy9uZXR3b3JraW5nL21lZGlh",
      "RequestMethod": "GET",
      "RequestBody": "",
      "RequestHeaders": {
        "x-ms-version": [
          "2016-03-01"
        ],
        "User-Agent": [
          "Microsoft.WindowsAzure.Management.Network.NetworkManagementClient/1.0.0.0"
        ]
      },
      "ResponseBody": "<Error xmlns=\"http://schemas.microsoft.com/windowsazure\" xmlns:i=\"http://www.w3.org/2001/XMLSchema-instance\">\r\n  <Code>ResourceNotFound</Code>\r\n  <Message>Network configuration does not exist.</Message>\r\n</Error>",
      "ResponseHeaders": {
        "Content-Length": [
          "202"
        ],
        "Content-Type": [
          "application/xml; charset=utf-8"
        ],
        "Strict-Transport-Security": [
          "max-age=31536000; includeSubDomains"
        ],
        "x-ms-request-id": [
          "9be2176f63411bd9a92c1f3496d7c0bb"
        ],
        "Cache-Control": [
          "no-cache"
        ],
        "Date": [
          "Tue, 14 Apr 2015 22:51:55 GMT"
        ],
        "Server": [
          "1.0.6190.5938",
          "(rd_rdfe_n.150412-2000)",
          "Microsoft-HTTPAPI/2.0"
        ]
      },
      "StatusCode": 404
    },
    {
      "RequestUri": "/d2599f84-5099-4ef0-8548-d4765d6a0718/services/networking/media",
      "EncodedRequestUri": "L2QyNTk5Zjg0LTUwOTktNGVmMC04NTQ4LWQ0NzY1ZDZhMDcxOC9zZXJ2aWNlcy9uZXR3b3JraW5nL21lZGlh",
      "RequestMethod": "PUT",
      "RequestBody": "<NetworkConfiguration xmlns=\"http://schemas.microsoft.com/ServiceHosting/2011/07/NetworkConfiguration\" xmlns:xsi=\"http://www.w3.org/2001/XMLSchema-instance\">\r\n  <VirtualNetworkConfiguration></VirtualNetworkConfiguration>\r\n</NetworkConfiguration>",
      "RequestHeaders": {
        "Content-Type": [
          "application/octet-stream"
        ],
        "Content-Length": [
          "255"
        ],
        "x-ms-version": [
          "2016-03-01"
        ],
        "User-Agent": [
          "Microsoft.WindowsAzure.Management.Network.NetworkManagementClient/1.0.0.0"
        ]
      },
      "ResponseBody": "",
      "ResponseHeaders": {
        "Content-Length": [
          "0"
        ],
        "Strict-Transport-Security": [
          "max-age=31536000; includeSubDomains"
        ],
        "x-ms-request-id": [
          "cd62d9732dfc1c35b1f3ad2602f66454"
        ],
        "Cache-Control": [
          "no-cache"
        ],
        "Date": [
          "Tue, 14 Apr 2015 22:51:57 GMT"
        ],
        "Server": [
          "1.0.6190.5938",
          "(rd_rdfe_n.150412-2000)",
          "Microsoft-HTTPAPI/2.0"
        ]
      },
      "StatusCode": 202
    },
    {
      "RequestUri": "/d2599f84-5099-4ef0-8548-d4765d6a0718/operations/cd62d9732dfc1c35b1f3ad2602f66454",
      "EncodedRequestUri": "L2QyNTk5Zjg0LTUwOTktNGVmMC04NTQ4LWQ0NzY1ZDZhMDcxOC9vcGVyYXRpb25zL2NkNjJkOTczMmRmYzFjMzViMWYzYWQyNjAyZjY2NDU0",
      "RequestMethod": "GET",
      "RequestBody": "",
      "RequestHeaders": {
        "x-ms-version": [
          "2016-03-01"
        ],
        "User-Agent": [
          "Microsoft.WindowsAzure.Management.Network.NetworkManagementClient/1.0.0.0"
        ]
      },
      "ResponseBody": "<Operation xmlns=\"http://schemas.microsoft.com/windowsazure\" xmlns:i=\"http://www.w3.org/2001/XMLSchema-instance\">\r\n  <ID>cd62d973-2dfc-1c35-b1f3-ad2602f66454</ID>\r\n  <Status>InProgress</Status>\r\n</Operation>",
      "ResponseHeaders": {
        "Content-Length": [
          "197"
        ],
        "Content-Type": [
          "application/xml; charset=utf-8"
        ],
        "Strict-Transport-Security": [
          "max-age=31536000; includeSubDomains"
        ],
        "x-ms-request-id": [
          "bc46c6056e0e1919ba9c01a8eaf108c2"
        ],
        "Cache-Control": [
          "no-cache"
        ],
        "Date": [
          "Tue, 14 Apr 2015 22:51:57 GMT"
        ],
        "Server": [
          "1.0.6190.5938",
          "(rd_rdfe_n.150412-2000)",
          "Microsoft-HTTPAPI/2.0"
        ]
      },
      "StatusCode": 200
    },
    {
      "RequestUri": "/d2599f84-5099-4ef0-8548-d4765d6a0718/operations/cd62d9732dfc1c35b1f3ad2602f66454",
      "EncodedRequestUri": "L2QyNTk5Zjg0LTUwOTktNGVmMC04NTQ4LWQ0NzY1ZDZhMDcxOC9vcGVyYXRpb25zL2NkNjJkOTczMmRmYzFjMzViMWYzYWQyNjAyZjY2NDU0",
      "RequestMethod": "GET",
      "RequestBody": "",
      "RequestHeaders": {
        "x-ms-version": [
          "2016-03-01"
        ],
        "User-Agent": [
          "Microsoft.WindowsAzure.Management.Network.NetworkManagementClient/1.0.0.0"
        ]
      },
      "ResponseBody": "<Operation xmlns=\"http://schemas.microsoft.com/windowsazure\" xmlns:i=\"http://www.w3.org/2001/XMLSchema-instance\">\r\n  <ID>cd62d973-2dfc-1c35-b1f3-ad2602f66454</ID>\r\n  <Status>Succeeded</Status>\r\n  <HttpStatusCode>200</HttpStatusCode>\r\n</Operation>",
      "ResponseHeaders": {
        "Content-Length": [
          "232"
        ],
        "Content-Type": [
          "application/xml; charset=utf-8"
        ],
        "Strict-Transport-Security": [
          "max-age=31536000; includeSubDomains"
        ],
        "x-ms-request-id": [
          "52513cfebf181b1fa4999e55aa3faccd"
        ],
        "Cache-Control": [
          "no-cache"
        ],
        "Date": [
          "Tue, 14 Apr 2015 22:52:29 GMT"
        ],
        "Server": [
          "1.0.6190.5938",
          "(rd_rdfe_n.150412-2000)",
          "Microsoft-HTTPAPI/2.0"
        ]
      },
      "StatusCode": 200
    }
  ],
  "Names": {
    "GenerateRandomName": [
      "NetworkTest7358",
      "NetworkTest9409",
      "NetworkTest8003"
    ]
  },
  "Variables": {
    "SubscriptionId": "d2599f84-5099-4ef0-8548-d4765d6a0718"
  }
}
