{
  "Entries": [
    {
      "RequestUri": "/d2599f84-5099-4ef0-8548-d4765d6a0718/locations",
      "EncodedRequestUri": "L2QyNTk5Zjg0LTUwOTktNGVmMC04NTQ4LWQ0NzY1ZDZhMDcxOC9sb2NhdGlvbnM=",
      "RequestMethod": "GET",
      "RequestBody": "",
      "RequestHeaders": {
        "x-ms-version": [
          "2014-10-01"
        ],
        "User-Agent": [
          "Microsoft.WindowsAzure.Management.ManagementClient/1.0.0.0"
        ]
      },
      "ResponseBody": "<Locations xmlns=\"http://schemas.microsoft.com/windowsazure\" xmlns:i=\"http://www.w3.org/2001/XMLSchema-instance\">\r\n  <Location>\r\n    <Name>North Central US</Name>\r\n    <DisplayName>North Central US</DisplayName>\r\n    <AvailableServices>\r\n      <AvailableService>Compute</AvailableService>\r\n      <AvailableService>Storage</AvailableService>\r\n      <AvailableService>PersistentVMRole</AvailableService>\r\n    </AvailableServices>\r\n    <ComputeCapabilities>\r\n      <WebWorkerRoleSizes>\r\n        <RoleSize>ExtraLarge</RoleSize>\r\n        <RoleSize>ExtraSmall</RoleSize>\r\n        <RoleSize>ExtraSmall_Internal</RoleSize>\r\n        <RoleSize>Large</RoleSize>\r\n        <RoleSize>Medium</RoleSize>\r\n        <RoleSize>Medium_Internal</RoleSize>\r\n        <RoleSize>Small</RoleSize>\r\n      </WebWorkerRoleSizes>\r\n      <VirtualMachinesRoleSizes>\r\n        <RoleSize>Basic_A0</RoleSize>\r\n        <RoleSize>Basic_A1</RoleSize>\r\n        <RoleSize>Basic_A2</RoleSize>\r\n        <RoleSize>Basic_A3</RoleSize>\r\n        <RoleSize>Basic_A4</RoleSize>\r\n        <RoleSize>ExtraLarge</RoleSize>\r\n        <RoleSize>ExtraSmall</RoleSize>\r\n        <RoleSize>Large</RoleSize>\r\n        <RoleSize>Medium</RoleSize>\r\n        <RoleSize>Small</RoleSize>\r\n      </VirtualMachinesRoleSizes>\r\n    </ComputeCapabilities>\r\n    <StorageCapabilities>\r\n      <StorageAccountTypes>\r\n        <StorageAccountType>Standard_LRS</StorageAccountType>\r\n        <StorageAccountType>Standard_ZRS</StorageAccountType>\r\n        <StorageAccountType>Standard_GRS</StorageAccountType>\r\n        <StorageAccountType>Standard_RAGRS</StorageAccountType>\r\n      </StorageAccountTypes>\r\n    </StorageCapabilities>\r\n  </Location>\r\n  <Location>\r\n    <Name>West US</Name>\r\n    <DisplayName>West US</DisplayName>\r\n    <AvailableServices>\r\n      <AvailableService>Compute</AvailableService>\r\n      <AvailableService>Storage</AvailableService>\r\n    </AvailableServices>\r\n    <ComputeCapabilities>\r\n      <WebWorkerRoleSizes />\r\n      <VirtualMachinesRoleSizes />\r\n    </ComputeCapabilities>\r\n    <StorageCapabilities>\r\n      <StorageAccountTypes>\r\n        <StorageAccountType>Standard_LRS</StorageAccountType>\r\n        <StorageAccountType>Standard_ZRS</StorageAccountType>\r\n        <StorageAccountType>Standard_GRS</StorageAccountType>\r\n        <StorageAccountType>Standard_RAGRS</StorageAccountType>\r\n      </StorageAccountTypes>\r\n    </StorageCapabilities>\r\n  </Location>\r\n</Locations>",
      "ResponseHeaders": {
        "Content-Length": [
          "1931"
        ],
        "Content-Type": [
          "application/xml; charset=utf-8"
        ],
        "x-ms-request-id": [
          "06d1c83439321d658348ae8e8cf11f5c"
        ],
        "Cache-Control": [
          "no-cache"
        ],
        "Date": [
          "Tue, 14 Apr 2015 22:36:44 GMT"
        ],
        "Server": [
          "1.0.6190.5938",
          "(rd_rdfe_n.150412-2000)",
          "Microsoft-HTTPAPI/2.0"
        ]
      },
      "StatusCode": 200
    },
    {
      "RequestUri": "/d2599f84-5099-4ef0-8548-d4765d6a0718/services/networking/networksecuritygroups",
      "EncodedRequestUri": "L2QyNTk5Zjg0LTUwOTktNGVmMC04NTQ4LWQ0NzY1ZDZhMDcxOC9zZXJ2aWNlcy9uZXR3b3JraW5nL25ldHdvcmtzZWN1cml0eWdyb3Vwcw==",
      "RequestMethod": "POST",
      "RequestBody": "<NetworkSecurityGroup xmlns=\"http://schemas.microsoft.com/windowsazure\">\r\n  <Name>NetworkTest8814</Name>\r\n  <Label>NetworkTest2165</Label>\r\n  <Location>North Central US</Location>\r\n</NetworkSecurityGroup>",
      "RequestHeaders": {
        "Content-Type": [
          "application/xml"
        ],
        "Content-Length": [
          "204"
        ],
        "x-ms-version": [
          "2015-04-01"
        ],
        "User-Agent": [
          "Microsoft.WindowsAzure.Management.Network.NetworkManagementClient/1.0.0.0"
        ]
      },
      "ResponseBody": "",
      "ResponseHeaders": {
        "Content-Length": [
          "0"
        ],
        "Strict-Transport-Security": [
          "max-age=31536000; includeSubDomains"
        ],
        "x-ms-request-id": [
          "8a4f3f635f2b17c78395faef1992e479"
        ],
        "Cache-Control": [
          "no-cache"
        ],
        "Date": [
          "Tue, 14 Apr 2015 22:36:45 GMT"
        ],
        "Server": [
          "1.0.6190.5938",
          "(rd_rdfe_n.150412-2000)",
          "Microsoft-HTTPAPI/2.0"
        ]
      },
      "StatusCode": 202
    },
    {
      "RequestUri": "/d2599f84-5099-4ef0-8548-d4765d6a0718/operations/8a4f3f635f2b17c78395faef1992e479",
      "EncodedRequestUri": "L2QyNTk5Zjg0LTUwOTktNGVmMC04NTQ4LWQ0NzY1ZDZhMDcxOC9vcGVyYXRpb25zLzhhNGYzZjYzNWYyYjE3Yzc4Mzk1ZmFlZjE5OTJlNDc5",
      "RequestMethod": "GET",
      "RequestBody": "",
      "RequestHeaders": {
        "x-ms-version": [
          "2015-04-01"
        ],
        "User-Agent": [
          "Microsoft.WindowsAzure.Management.Network.NetworkManagementClient/1.0.0.0"
        ]
      },
      "ResponseBody": "<Operation xmlns=\"http://schemas.microsoft.com/windowsazure\" xmlns:i=\"http://www.w3.org/2001/XMLSchema-instance\">\r\n  <ID>8a4f3f63-5f2b-17c7-8395-faef1992e479</ID>\r\n  <Status>InProgress</Status>\r\n</Operation>",
      "ResponseHeaders": {
        "Content-Length": [
          "197"
        ],
        "Content-Type": [
          "application/xml; charset=utf-8"
        ],
        "Strict-Transport-Security": [
          "max-age=31536000; includeSubDomains"
        ],
        "x-ms-request-id": [
          "3b012885304016c0ba325df3eec119a1"
        ],
        "Cache-Control": [
          "no-cache"
        ],
        "Date": [
          "Tue, 14 Apr 2015 22:36:45 GMT"
        ],
        "Server": [
          "1.0.6190.5938",
          "(rd_rdfe_n.150412-2000)",
          "Microsoft-HTTPAPI/2.0"
        ]
      },
      "StatusCode": 200
    },
    {
      "RequestUri": "/d2599f84-5099-4ef0-8548-d4765d6a0718/operations/8a4f3f635f2b17c78395faef1992e479",
      "EncodedRequestUri": "L2QyNTk5Zjg0LTUwOTktNGVmMC04NTQ4LWQ0NzY1ZDZhMDcxOC9vcGVyYXRpb25zLzhhNGYzZjYzNWYyYjE3Yzc4Mzk1ZmFlZjE5OTJlNDc5",
      "RequestMethod": "GET",
      "RequestBody": "",
      "RequestHeaders": {
        "x-ms-version": [
          "2015-04-01"
        ],
        "User-Agent": [
          "Microsoft.WindowsAzure.Management.Network.NetworkManagementClient/1.0.0.0"
        ]
      },
      "ResponseBody": "<Operation xmlns=\"http://schemas.microsoft.com/windowsazure\" xmlns:i=\"http://www.w3.org/2001/XMLSchema-instance\">\r\n  <ID>8a4f3f63-5f2b-17c7-8395-faef1992e479</ID>\r\n  <Status>Succeeded</Status>\r\n  <HttpStatusCode>200</HttpStatusCode>\r\n</Operation>",
      "ResponseHeaders": {
        "Content-Length": [
          "232"
        ],
        "Content-Type": [
          "application/xml; charset=utf-8"
        ],
        "Strict-Transport-Security": [
          "max-age=31536000; includeSubDomains"
        ],
        "x-ms-request-id": [
          "6ed7b958eb13102b813f0871e001fba4"
        ],
        "Cache-Control": [
          "no-cache"
        ],
        "Date": [
          "Tue, 14 Apr 2015 22:37:16 GMT"
        ],
        "Server": [
          "1.0.6190.5938",
          "(rd_rdfe_n.150412-2000)",
          "Microsoft-HTTPAPI/2.0"
        ]
      },
      "StatusCode": 200
    },
    {
      "RequestUri": "/d2599f84-5099-4ef0-8548-d4765d6a0718/services/networking/networksecuritygroups/NetworkTest8814",
      "EncodedRequestUri": "L2QyNTk5Zjg0LTUwOTktNGVmMC04NTQ4LWQ0NzY1ZDZhMDcxOC9zZXJ2aWNlcy9uZXR3b3JraW5nL25ldHdvcmtzZWN1cml0eWdyb3Vwcy9OZXR3b3JrVGVzdDg4MTQ=",
      "RequestMethod": "GET",
      "RequestBody": "",
      "RequestHeaders": {
        "x-ms-version": [
          "2015-04-01"
        ],
        "User-Agent": [
          "Microsoft.WindowsAzure.Management.Network.NetworkManagementClient/1.0.0.0"
        ]
      },
      "ResponseBody": "<NetworkSecurityGroup xmlns=\"http://schemas.microsoft.com/windowsazure\" xmlns:i=\"http://www.w3.org/2001/XMLSchema-instance\">\r\n  <Name>NetworkTest8814</Name>\r\n  <Label>NetworkTest2165</Label>\r\n  <Location>North Central US</Location>\r\n</NetworkSecurityGroup>",
      "ResponseHeaders": {
        "Content-Length": [
          "242"
        ],
        "Content-Type": [
          "application/xml; charset=utf-8"
        ],
        "Strict-Transport-Security": [
          "max-age=31536000; includeSubDomains"
        ],
        "x-ms-request-id": [
          "e99860a7929e1b0a85bcd3b70dbd7603"
        ],
        "Cache-Control": [
          "no-cache"
        ],
        "Date": [
          "Tue, 14 Apr 2015 22:37:16 GMT"
        ],
        "Server": [
          "1.0.6190.5938",
          "(rd_rdfe_n.150412-2000)",
          "Microsoft-HTTPAPI/2.0"
        ]
      },
      "StatusCode": 200
    },
    {
      "RequestUri": "/d2599f84-5099-4ef0-8548-d4765d6a0718/services/networking/networksecuritygroups/NetworkTest8814",
      "EncodedRequestUri": "L2QyNTk5Zjg0LTUwOTktNGVmMC04NTQ4LWQ0NzY1ZDZhMDcxOC9zZXJ2aWNlcy9uZXR3b3JraW5nL25ldHdvcmtzZWN1cml0eWdyb3Vwcy9OZXR3b3JrVGVzdDg4MTQ=",
      "RequestMethod": "GET",
      "RequestBody": "",
      "RequestHeaders": {
        "x-ms-version": [
          "2015-04-01"
        ],
        "User-Agent": [
          "Microsoft.WindowsAzure.Management.Network.NetworkManagementClient/1.0.0.0"
        ]
      },
      "ResponseBody": "<Error xmlns=\"http://schemas.microsoft.com/windowsazure\" xmlns:i=\"http://www.w3.org/2001/XMLSchema-instance\">\r\n  <Code>ResourceNotFound</Code>\r\n  <Message>The Network Security Group NetworkTest8814 does not exist.</Message>\r\n</Error>",
      "ResponseHeaders": {
        "Content-Length": [
          "223"
        ],
        "Content-Type": [
          "application/xml; charset=utf-8"
        ],
        "Strict-Transport-Security": [
          "max-age=31536000; includeSubDomains"
        ],
        "x-ms-request-id": [
          "4167541addb013dfa86d95d207bfc2cd"
        ],
        "Cache-Control": [
          "no-cache"
        ],
        "Date": [
          "Tue, 14 Apr 2015 22:37:50 GMT"
        ],
        "Server": [
          "1.0.6190.5938",
          "(rd_rdfe_n.150412-2000)",
          "Microsoft-HTTPAPI/2.0"
        ]
      },
      "StatusCode": 404
    },
    {
      "RequestUri": "/d2599f84-5099-4ef0-8548-d4765d6a0718/services/networking/networksecuritygroups",
      "EncodedRequestUri": "L2QyNTk5Zjg0LTUwOTktNGVmMC04NTQ4LWQ0NzY1ZDZhMDcxOC9zZXJ2aWNlcy9uZXR3b3JraW5nL25ldHdvcmtzZWN1cml0eWdyb3Vwcw==",
      "RequestMethod": "GET",
      "RequestBody": "",
      "RequestHeaders": {
        "x-ms-version": [
          "2015-04-01"
        ],
        "User-Agent": [
          "Microsoft.WindowsAzure.Management.Network.NetworkManagementClient/1.0.0.0"
        ]
      },
      "ResponseBody": "<NetworkSecurityGroups xmlns=\"http://schemas.microsoft.com/windowsazure\" xmlns:i=\"http://www.w3.org/2001/XMLSchema-instance\">\r\n  <NetworkSecurityGroup>\r\n    <Name>NetworkTest5182</Name>\r\n    <Label>NetworkTest9665</Label>\r\n    <Location>North Central US</Location>\r\n  </NetworkSecurityGroup>\r\n  <NetworkSecurityGroup>\r\n    <Name>NetworkTest7623</Name>\r\n    <Label>NetworkTest2525</Label>\r\n    <Location>North Central US</Location>\r\n  </NetworkSecurityGroup>\r\n  <NetworkSecurityGroup>\r\n    <Name>NetworkTest8100</Name>\r\n    <Label>NetworkTest4220</Label>\r\n    <Location>North Central US</Location>\r\n  </NetworkSecurityGroup>\r\n  <NetworkSecurityGroup>\r\n    <Name>NetworkTest8676</Name>\r\n    <Label>NetworkTest6859</Label>\r\n    <Location>North Central US</Location>\r\n  </NetworkSecurityGroup>\r\n  <NetworkSecurityGroup>\r\n    <Name>NetworkTest8814</Name>\r\n    <Label>NetworkTest2165</Label>\r\n    <Location>North Central US</Location>\r\n  </NetworkSecurityGroup>\r\n  <NetworkSecurityGroup>\r\n    <Name>nsg1</Name>\r\n    <Location>North Central US</Location>\r\n  </NetworkSecurityGroup>\r\n</NetworkSecurityGroups>",
      "ResponseHeaders": {
        "Content-Length": [
          "948"
        ],
        "Content-Type": [
          "application/xml; charset=utf-8"
        ],
        "Strict-Transport-Security": [
          "max-age=31536000; includeSubDomains"
        ],
        "x-ms-request-id": [
          "8ba38002c35910f79217ed12ec8e3eca"
        ],
        "Cache-Control": [
          "no-cache"
        ],
        "Date": [
          "Tue, 14 Apr 2015 22:37:18 GMT"
        ],
        "Server": [
          "1.0.6190.5938",
          "(rd_rdfe_n.150412-2000)",
          "Microsoft-HTTPAPI/2.0"
        ]
      },
      "StatusCode": 200
    },
    {
      "RequestUri": "/d2599f84-5099-4ef0-8548-d4765d6a0718/services/networking/networksecuritygroups",
      "EncodedRequestUri": "L2QyNTk5Zjg0LTUwOTktNGVmMC04NTQ4LWQ0NzY1ZDZhMDcxOC9zZXJ2aWNlcy9uZXR3b3JraW5nL25ldHdvcmtzZWN1cml0eWdyb3Vwcw==",
      "RequestMethod": "GET",
      "RequestBody": "",
      "RequestHeaders": {
        "x-ms-version": [
          "2015-04-01"
        ],
        "User-Agent": [
          "Microsoft.WindowsAzure.Management.Network.NetworkManagementClient/1.0.0.0"
        ]
      },
      "ResponseBody": "<NetworkSecurityGroups xmlns=\"http://schemas.microsoft.com/windowsazure\" xmlns:i=\"http://www.w3.org/2001/XMLSchema-instance\">\r\n  <NetworkSecurityGroup>\r\n    <Name>NetworkTest5182</Name>\r\n    <Label>NetworkTest9665</Label>\r\n    <Location>North Central US</Location>\r\n  </NetworkSecurityGroup>\r\n  <NetworkSecurityGroup>\r\n    <Name>NetworkTest7623</Name>\r\n    <Label>NetworkTest2525</Label>\r\n    <Location>North Central US</Location>\r\n  </NetworkSecurityGroup>\r\n  <NetworkSecurityGroup>\r\n    <Name>NetworkTest8100</Name>\r\n    <Label>NetworkTest4220</Label>\r\n    <Location>North Central US</Location>\r\n  </NetworkSecurityGroup>\r\n  <NetworkSecurityGroup>\r\n    <Name>NetworkTest8676</Name>\r\n    <Label>NetworkTest6859</Label>\r\n    <Location>North Central US</Location>\r\n  </NetworkSecurityGroup>\r\n  <NetworkSecurityGroup>\r\n    <Name>nsg1</Name>\r\n    <Location>North Central US</Location>\r\n  </NetworkSecurityGroup>\r\n</NetworkSecurityGroups>",
      "ResponseHeaders": {
        "Content-Length": [
          "808"
        ],
        "Content-Type": [
          "application/xml; charset=utf-8"
        ],
        "Strict-Transport-Security": [
          "max-age=31536000; includeSubDomains"
        ],
        "x-ms-request-id": [
          "a130ba20af3c1057bf427b8c9d113f55"
        ],
        "Cache-Control": [
          "no-cache"
        ],
        "Date": [
          "Tue, 14 Apr 2015 22:37:51 GMT"
        ],
        "Server": [
          "1.0.6190.5938",
          "(rd_rdfe_n.150412-2000)",
          "Microsoft-HTTPAPI/2.0"
        ]
      },
      "StatusCode": 200
    },
    {
      "RequestUri": "/d2599f84-5099-4ef0-8548-d4765d6a0718/services/networking/networksecuritygroups/NetworkTest8814",
      "EncodedRequestUri": "L2QyNTk5Zjg0LTUwOTktNGVmMC04NTQ4LWQ0NzY1ZDZhMDcxOC9zZXJ2aWNlcy9uZXR3b3JraW5nL25ldHdvcmtzZWN1cml0eWdyb3Vwcy9OZXR3b3JrVGVzdDg4MTQ=",
      "RequestMethod": "DELETE",
      "RequestBody": "",
      "RequestHeaders": {
        "x-ms-version": [
          "2015-04-01"
        ],
        "User-Agent": [
          "Microsoft.WindowsAzure.Management.Network.NetworkManagementClient/1.0.0.0"
        ]
      },
      "ResponseBody": "",
      "ResponseHeaders": {
        "Content-Length": [
          "0"
        ],
        "Strict-Transport-Security": [
          "max-age=31536000; includeSubDomains"
        ],
        "x-ms-request-id": [
          "bcd67bee120310b6b508cf712d006c89"
        ],
        "Cache-Control": [
          "no-cache"
        ],
        "Date": [
          "Tue, 14 Apr 2015 22:37:19 GMT"
        ],
        "Server": [
          "1.0.6190.5938",
          "(rd_rdfe_n.150412-2000)",
          "Microsoft-HTTPAPI/2.0"
        ]
      },
      "StatusCode": 202
    },
    {
      "RequestUri": "/d2599f84-5099-4ef0-8548-d4765d6a0718/operations/bcd67bee120310b6b508cf712d006c89",
      "EncodedRequestUri": "L2QyNTk5Zjg0LTUwOTktNGVmMC04NTQ4LWQ0NzY1ZDZhMDcxOC9vcGVyYXRpb25zL2JjZDY3YmVlMTIwMzEwYjZiNTA4Y2Y3MTJkMDA2Yzg5",
      "RequestMethod": "GET",
      "RequestBody": "",
      "RequestHeaders": {
        "x-ms-version": [
          "2015-04-01"
        ],
        "User-Agent": [
          "Microsoft.WindowsAzure.Management.Network.NetworkManagementClient/1.0.0.0"
        ]
      },
      "ResponseBody": "<Operation xmlns=\"http://schemas.microsoft.com/windowsazure\" xmlns:i=\"http://www.w3.org/2001/XMLSchema-instance\">\r\n  <ID>bcd67bee-1203-10b6-b508-cf712d006c89</ID>\r\n  <Status>InProgress</Status>\r\n</Operation>",
      "ResponseHeaders": {
        "Content-Length": [
          "197"
        ],
        "Content-Type": [
          "application/xml; charset=utf-8"
        ],
        "Strict-Transport-Security": [
          "max-age=31536000; includeSubDomains"
        ],
        "x-ms-request-id": [
          "b6263be5f6d81825969d565c02bee73b"
        ],
        "Cache-Control": [
          "no-cache"
        ],
        "Date": [
          "Tue, 14 Apr 2015 22:37:19 GMT"
        ],
        "Server": [
          "1.0.6190.5938",
          "(rd_rdfe_n.150412-2000)",
          "Microsoft-HTTPAPI/2.0"
        ]
      },
      "StatusCode": 200
    },
    {
      "RequestUri": "/d2599f84-5099-4ef0-8548-d4765d6a0718/operations/bcd67bee120310b6b508cf712d006c89",
      "EncodedRequestUri": "L2QyNTk5Zjg0LTUwOTktNGVmMC04NTQ4LWQ0NzY1ZDZhMDcxOC9vcGVyYXRpb25zL2JjZDY3YmVlMTIwMzEwYjZiNTA4Y2Y3MTJkMDA2Yzg5",
      "RequestMethod": "GET",
      "RequestBody": "",
      "RequestHeaders": {
        "x-ms-version": [
          "2015-04-01"
        ],
        "User-Agent": [
          "Microsoft.WindowsAzure.Management.Network.NetworkManagementClient/1.0.0.0"
        ]
      },
      "ResponseBody": "<Operation xmlns=\"http://schemas.microsoft.com/windowsazure\" xmlns:i=\"http://www.w3.org/2001/XMLSchema-instance\">\r\n  <ID>bcd67bee-1203-10b6-b508-cf712d006c89</ID>\r\n  <Status>Succeeded</Status>\r\n  <HttpStatusCode>200</HttpStatusCode>\r\n</Operation>",
      "ResponseHeaders": {
        "Content-Length": [
          "232"
        ],
        "Content-Type": [
          "application/xml; charset=utf-8"
        ],
        "Strict-Transport-Security": [
          "max-age=31536000; includeSubDomains"
        ],
        "x-ms-request-id": [
          "97881591737610dbbb137908895cc3a5"
        ],
        "Cache-Control": [
          "no-cache"
        ],
        "Date": [
          "Tue, 14 Apr 2015 22:37:50 GMT"
        ],
        "Server": [
          "1.0.6190.5938",
          "(rd_rdfe_n.150412-2000)",
          "Microsoft-HTTPAPI/2.0"
        ]
      },
      "StatusCode": 200
    },
    {
      "RequestUri": "/d2599f84-5099-4ef0-8548-d4765d6a0718/services/networking/media",
      "EncodedRequestUri": "L2QyNTk5Zjg0LTUwOTktNGVmMC04NTQ4LWQ0NzY1ZDZhMDcxOC9zZXJ2aWNlcy9uZXR3b3JraW5nL21lZGlh",
      "RequestMethod": "GET",
      "RequestBody": "",
      "RequestHeaders": {
        "x-ms-version": [
          "2015-04-01"
        ],
        "User-Agent": [
          "Microsoft.WindowsAzure.Management.Network.NetworkManagementClient/1.0.0.0"
        ]
      },
      "ResponseBody": "<Error xmlns=\"http://schemas.microsoft.com/windowsazure\" xmlns:i=\"http://www.w3.org/2001/XMLSchema-instance\">\r\n  <Code>ResourceNotFound</Code>\r\n  <Message>Network configuration does not exist.</Message>\r\n</Error>",
      "ResponseHeaders": {
        "Content-Length": [
          "202"
        ],
        "Content-Type": [
          "application/xml; charset=utf-8"
        ],
        "Strict-Transport-Security": [
          "max-age=31536000; includeSubDomains"
        ],
        "x-ms-request-id": [
          "18f0d48c42a0149e9f1404b7804cdb3c"
        ],
        "Cache-Control": [
          "no-cache"
        ],
        "Date": [
          "Tue, 14 Apr 2015 22:37:51 GMT"
        ],
        "Server": [
          "1.0.6190.5938",
          "(rd_rdfe_n.150412-2000)",
          "Microsoft-HTTPAPI/2.0"
        ]
      },
      "StatusCode": 404
    },
    {
      "RequestUri": "/d2599f84-5099-4ef0-8548-d4765d6a0718/services/networking/media",
      "EncodedRequestUri": "L2QyNTk5Zjg0LTUwOTktNGVmMC04NTQ4LWQ0NzY1ZDZhMDcxOC9zZXJ2aWNlcy9uZXR3b3JraW5nL21lZGlh",
      "RequestMethod": "PUT",
      "RequestBody": "<NetworkConfiguration xmlns=\"http://schemas.microsoft.com/ServiceHosting/2011/07/NetworkConfiguration\" xmlns:xsi=\"http://www.w3.org/2001/XMLSchema-instance\">\r\n  <VirtualNetworkConfiguration></VirtualNetworkConfiguration>\r\n</NetworkConfiguration>",
      "RequestHeaders": {
        "Content-Type": [
          "application/octet-stream"
        ],
        "Content-Length": [
          "255"
        ],
        "x-ms-version": [
          "2015-04-01"
        ],
        "User-Agent": [
          "Microsoft.WindowsAzure.Management.Network.NetworkManagementClient/1.0.0.0"
        ]
      },
      "ResponseBody": "",
      "ResponseHeaders": {
        "Content-Length": [
          "0"
        ],
        "Strict-Transport-Security": [
          "max-age=31536000; includeSubDomains"
        ],
        "x-ms-request-id": [
          "42303b53d506134286bab7e7eb5b63fe"
        ],
        "Cache-Control": [
          "no-cache"
        ],
        "Date": [
          "Tue, 14 Apr 2015 22:37:54 GMT"
        ],
        "Server": [
          "1.0.6190.5938",
          "(rd_rdfe_n.150412-2000)",
          "Microsoft-HTTPAPI/2.0"
        ]
      },
      "StatusCode": 202
    },
    {
      "RequestUri": "/d2599f84-5099-4ef0-8548-d4765d6a0718/operations/42303b53d506134286bab7e7eb5b63fe",
      "EncodedRequestUri": "L2QyNTk5Zjg0LTUwOTktNGVmMC04NTQ4LWQ0NzY1ZDZhMDcxOC9vcGVyYXRpb25zLzQyMzAzYjUzZDUwNjEzNDI4NmJhYjdlN2ViNWI2M2Zl",
      "RequestMethod": "GET",
      "RequestBody": "",
      "RequestHeaders": {
        "x-ms-version": [
          "2015-04-01"
        ],
        "User-Agent": [
          "Microsoft.WindowsAzure.Management.Network.NetworkManagementClient/1.0.0.0"
        ]
      },
      "ResponseBody": "<Operation xmlns=\"http://schemas.microsoft.com/windowsazure\" xmlns:i=\"http://www.w3.org/2001/XMLSchema-instance\">\r\n  <ID>42303b53-d506-1342-86ba-b7e7eb5b63fe</ID>\r\n  <Status>InProgress</Status>\r\n</Operation>",
      "ResponseHeaders": {
        "Content-Length": [
          "197"
        ],
        "Content-Type": [
          "application/xml; charset=utf-8"
        ],
        "Strict-Transport-Security": [
          "max-age=31536000; includeSubDomains"
        ],
        "x-ms-request-id": [
          "bb384a0d04b615cf8572943ed6d9f721"
        ],
        "Cache-Control": [
          "no-cache"
        ],
        "Date": [
          "Tue, 14 Apr 2015 22:37:54 GMT"
        ],
        "Server": [
          "1.0.6190.5938",
          "(rd_rdfe_n.150412-2000)",
          "Microsoft-HTTPAPI/2.0"
        ]
      },
      "StatusCode": 200
    },
    {
      "RequestUri": "/d2599f84-5099-4ef0-8548-d4765d6a0718/operations/42303b53d506134286bab7e7eb5b63fe",
      "EncodedRequestUri": "L2QyNTk5Zjg0LTUwOTktNGVmMC04NTQ4LWQ0NzY1ZDZhMDcxOC9vcGVyYXRpb25zLzQyMzAzYjUzZDUwNjEzNDI4NmJhYjdlN2ViNWI2M2Zl",
      "RequestMethod": "GET",
      "RequestBody": "",
      "RequestHeaders": {
        "x-ms-version": [
          "2015-04-01"
        ],
        "User-Agent": [
          "Microsoft.WindowsAzure.Management.Network.NetworkManagementClient/1.0.0.0"
        ]
      },
      "ResponseBody": "<Operation xmlns=\"http://schemas.microsoft.com/windowsazure\" xmlns:i=\"http://www.w3.org/2001/XMLSchema-instance\">\r\n  <ID>42303b53-d506-1342-86ba-b7e7eb5b63fe</ID>\r\n  <Status>Succeeded</Status>\r\n  <HttpStatusCode>200</HttpStatusCode>\r\n</Operation>",
      "ResponseHeaders": {
        "Content-Length": [
          "232"
        ],
        "Content-Type": [
          "application/xml; charset=utf-8"
        ],
        "Strict-Transport-Security": [
          "max-age=31536000; includeSubDomains"
        ],
        "x-ms-request-id": [
          "0b119e7ea96015cfa817b38cf46a7916"
        ],
        "Cache-Control": [
          "no-cache"
        ],
        "Date": [
          "Tue, 14 Apr 2015 22:38:25 GMT"
        ],
        "Server": [
          "1.0.6190.5938",
          "(rd_rdfe_n.150412-2000)",
          "Microsoft-HTTPAPI/2.0"
        ]
      },
      "StatusCode": 200
    }
  ],
  "Names": {
    "GenerateRandomName": [
      "NetworkTest8814",
      "NetworkTest2165"
    ]
  },
  "Variables": {
    "SubscriptionId": "d2599f84-5099-4ef0-8548-d4765d6a0718"
  }
}