{
  "Entries": [
    {
      "RequestUri": "https://management.azure.com/subscriptions/db1ab6f0-4769-4b27-930e-01e2ef9c123c?api-version=2021-01-01",
      "RequestMethod": "GET",
      "RequestHeaders": {
        "Accept": "application/json",
        "Authorization": "Sanitized",
        "Connection": "keep-alive",
        "traceparent": "00-c0131d4fa0a2cc468a390f93731c97d5-8fb8493fcdb5fd4b-00",
        "User-Agent": "azsdk-net-ResourceManager/1.3.1 (.NET Framework 4.8.9075.0; Microsoft Windows 10.0.22621 )",
        "x-ms-client-request-id": "a9cdf551df39bf4728fec43bedc06cea",
        "x-ms-return-client-request-id": "true"
      },
      "RequestBody": null,
      "StatusCode": 200,
      "ResponseHeaders": {
        "Cache-Control": "no-cache",
        "Content-Length": "747",
        "Content-Type": "application/json; charset=utf-8",
        "Date": "Mon, 07 Nov 2022 06:42:29 GMT",
        "Expires": "-1",
        "Pragma": "no-cache",
        "Strict-Transport-Security": "max-age=31536000; includeSubDomains",
        "X-Content-Type-Options": "nosniff",
        "x-ms-correlation-request-id": "a70b3e8d-ab5f-44e0-bc05-a73fd4b7d69a",
        "x-ms-ratelimit-remaining-subscription-reads": "11999",
        "x-ms-request-id": "a70b3e8d-ab5f-44e0-bc05-a73fd4b7d69a",
        "x-ms-routing-request-id": "JAPANEAST:20221107T064230Z:a70b3e8d-ab5f-44e0-bc05-a73fd4b7d69a"
      },
      "ResponseBody": {
        "id": "/subscriptions/db1ab6f0-4769-4b27-930e-01e2ef9c123c",
        "authorizationSource": "RoleBased",
        "managedByTenants": [],
        "tags": {
          "TagKey-9823": "TagValue-566",
          "TagKey-3481": "TagValue-320",
          "TagKey-4926": "TagValue-1187",
          "TagKey-751": "TagValue-3921",
          "TagKey-1866": "TagValue-8559",
          "TagKey-3094": "TagValue-9190",
          "TagKey-2449": "TagValue-9",
          "TagKey-8379": "TagValue-164",
          "TagKey-7470": "TagValue-2205",
          "TagKey-4236": "TagValue-3698",
          "TagKey-5316": "TagValue-2725"
        },
        "subscriptionId": "db1ab6f0-4769-4b27-930e-01e2ef9c123c",
        "tenantId": "72f988bf-86f1-41af-91ab-2d7cd011db47",
        "displayName": ".NET Mgmt SDK Test with TTL = 1 Day",
        "state": "Enabled",
        "subscriptionPolicies": {
          "locationPlacementId": "Internal_2014-09-01",
          "quotaId": "Internal_2014-09-01",
          "spendingLimit": "Off"
        }
      }
    },
    {
      "RequestUri": "https://management.azure.com/subscriptions/db1ab6f0-4769-4b27-930e-01e2ef9c123c/resourcegroups/testRG-9996?api-version=2021-04-01",
      "RequestMethod": "PUT",
      "RequestHeaders": {
        "Accept": "application/json",
        "Authorization": "Sanitized",
        "Content-Length": "43",
        "Content-Type": "application/json",
        "traceparent": "00-3783c045bda451438bb9d3023764ebbe-255ca08c5dcb1a4d-00",
        "User-Agent": "azsdk-net-ResourceManager/1.3.1 (.NET Framework 4.8.9075.0; Microsoft Windows 10.0.22621 )",
        "x-ms-client-request-id": "7db31c1a86b2d4c2f50370d1f9a0dd00",
        "x-ms-return-client-request-id": "true"
      },
      "RequestBody": {
        "tags": {
          "test": "env"
        },
        "location": "eastus"
      },
      "StatusCode": 201,
      "ResponseHeaders": {
        "Cache-Control": "no-cache",
        "Content-Length": "241",
        "Content-Type": "application/json; charset=utf-8",
        "Date": "Mon, 07 Nov 2022 06:42:33 GMT",
        "Expires": "-1",
        "Pragma": "no-cache",
        "Strict-Transport-Security": "max-age=31536000; includeSubDomains",
        "X-Content-Type-Options": "nosniff",
        "x-ms-correlation-request-id": "a712fa9d-60db-4556-913f-bb84c8d253b5",
        "x-ms-ratelimit-remaining-subscription-writes": "1199",
        "x-ms-request-id": "a712fa9d-60db-4556-913f-bb84c8d253b5",
        "x-ms-routing-request-id": "JAPANEAST:20221107T064234Z:a712fa9d-60db-4556-913f-bb84c8d253b5"
      },
      "ResponseBody": {
        "id": "/subscriptions/db1ab6f0-4769-4b27-930e-01e2ef9c123c/resourceGroups/testRG-9996",
        "name": "testRG-9996",
        "type": "Microsoft.Resources/resourceGroups",
        "location": "eastus",
        "tags": {
          "test": "env"
        },
        "properties": {
          "provisioningState": "Succeeded"
        }
      }
    },
    {
      "RequestUri": "https://management.azure.com/subscriptions/db1ab6f0-4769-4b27-930e-01e2ef9c123c/resourcegroups/testRG-9996/providers/Microsoft.OperationalInsights/workspaces/testRG-9996-ws?api-version=2022-10-01",
      "RequestMethod": "PUT",
      "RequestHeaders": {
        "Accept": "application/json",
        "Authorization": "Sanitized",
        "Content-Length": "176",
        "Content-Type": "application/json",
        "traceparent": "00-16e715e82a0ffc43acd3c75a1c00af53-2249240574afe94f-00",
        "User-Agent": "azsdk-net-ResourceManager.OperationalInsights/1.0.0-alpha.20221104.1 (.NET Framework 4.8.9075.0; Microsoft Windows 10.0.22621 )",
        "x-ms-client-request-id": "fa0518f07d7fcbac8172196c91686b7a",
        "x-ms-return-client-request-id": "true"
      },
      "RequestBody": {
        "tags": {},
        "location": "eastus",
        "properties": {
          "sku": {
            "name": "PerNode"
          },
          "retentionInDays": 30,
          "publicNetworkAccessForIngestion": "Enabled",
          "publicNetworkAccessForQuery": "Enabled"
        }
      },
      "StatusCode": 201,
      "ResponseHeaders": {
        "Cache-Control": "no-cache",
        "Content-Length": "1072",
        "Content-Type": "application/json",
        "Date": "Mon, 07 Nov 2022 06:42:40 GMT",
        "Pragma": "no-cache",
        "Server": [
          "Microsoft-IIS/10.0",
          "Microsoft-IIS/10.0"
        ],
        "Strict-Transport-Security": "max-age=31536000; includeSubDomains",
        "X-Content-Type-Options": "nosniff",
        "x-ms-client-request-id": "fa0518f07d7fcbac8172196c91686b7a",
        "x-ms-correlation-request-id": "eea5be47-abd6-48b6-bf1f-1e1cc8c14217",
        "x-ms-ratelimit-remaining-subscription-writes": "1198",
        "x-ms-request-id": "53b1a7bb-4238-4ca4-9f48-553be5a45664",
        "x-ms-routing-request-id": "JAPANEAST:20221107T064240Z:eea5be47-abd6-48b6-bf1f-1e1cc8c14217",
        "X-Powered-By": [
          "ASP.NET",
          "ASP.NET"
        ]
      },
      "ResponseBody": {
        "properties": {
          "source": "Azure",
          "customerId": "d2f5021b-9f02-45b5-ac77-9c1926135370",
          "provisioningState": "Creating",
          "sku": {
            "name": "pergb2018",
            "lastSkuUpdate": "Mon, 07 Nov 2022 06:42:39 GMT"
          },
          "retentionInDays": 30,
          "features": {
            "legacy": 0,
            "searchVersion": 1,
            "enableLogAccessUsingOnlyResourcePermissions": true
          },
          "workspaceCapping": {
            "dailyQuotaGb": -1.0,
            "quotaNextResetTime": "Tue, 08 Nov 2022 05:00:00 GMT",
            "dataIngestionStatus": "RespectQuota"
          },
          "publicNetworkAccessForIngestion": "Enabled",
          "publicNetworkAccessForQuery": "Enabled",
          "createdDate": "Mon, 07 Nov 2022 06:42:39 GMT",
          "modifiedDate": "Mon, 07 Nov 2022 06:42:39 GMT"
        },
        "id": "/subscriptions/db1ab6f0-4769-4b27-930e-01e2ef9c123c/resourcegroups/testrg-9996/providers/microsoft.operationalinsights/workspaces/testrg-9996-ws",
        "name": "testRG-9996-ws",
        "type": "Microsoft.OperationalInsights/workspaces",
        "location": "eastus",
        "tags": {}
      }
    },
    {
      "RequestUri": "https://management.azure.com/subscriptions/db1ab6f0-4769-4b27-930e-01e2ef9c123c/resourcegroups/testRG-9996/providers/Microsoft.OperationalInsights/workspaces/testRG-9996-ws?api-version=2022-10-01",
      "RequestMethod": "GET",
      "RequestHeaders": {
        "Authorization": "Sanitized",
        "traceparent": "00-16e715e82a0ffc43acd3c75a1c00af53-b52c00ef804bcf40-00",
        "User-Agent": "azsdk-net-ResourceManager/1.3.1 (.NET Framework 4.8.9075.0; Microsoft Windows 10.0.22621 )",
        "x-ms-client-request-id": "a8fc3be6f0679d046fe8fb3f6d55438d",
        "x-ms-return-client-request-id": "true"
      },
      "RequestBody": null,
      "StatusCode": 200,
      "ResponseHeaders": {
        "Cache-Control": "no-cache",
        "Content-Length": "1073",
        "Content-Type": "application/json",
        "Date": "Mon, 07 Nov 2022 06:42:41 GMT",
        "Pragma": "no-cache",
        "Server": [
          "Microsoft-IIS/10.0",
          "Microsoft-IIS/10.0"
        ],
        "Strict-Transport-Security": "max-age=31536000; includeSubDomains",
        "X-Content-Type-Options": "nosniff",
        "x-ms-client-request-id": "a8fc3be6f0679d046fe8fb3f6d55438d",
        "x-ms-correlation-request-id": "92ceda05-9a83-4128-b10b-a134b6ca3fe4",
        "x-ms-ratelimit-remaining-subscription-reads": "11998",
        "x-ms-request-id": "d236442e-b646-4f05-9b08-9aea05c2701f",
        "x-ms-routing-request-id": "JAPANEAST:20221107T064242Z:92ceda05-9a83-4128-b10b-a134b6ca3fe4",
        "X-Powered-By": [
          "ASP.NET",
          "ASP.NET"
        ]
      },
      "ResponseBody": {
        "properties": {
          "source": "Azure",
          "customerId": "d2f5021b-9f02-45b5-ac77-9c1926135370",
          "provisioningState": "Succeeded",
          "sku": {
            "name": "pergb2018",
            "lastSkuUpdate": "Mon, 07 Nov 2022 06:42:39 GMT"
          },
          "retentionInDays": 30,
          "features": {
            "legacy": 0,
            "searchVersion": 1,
            "enableLogAccessUsingOnlyResourcePermissions": true
          },
          "workspaceCapping": {
            "dailyQuotaGb": -1.0,
            "quotaNextResetTime": "Tue, 08 Nov 2022 05:00:00 GMT",
            "dataIngestionStatus": "RespectQuota"
          },
          "publicNetworkAccessForIngestion": "Enabled",
          "publicNetworkAccessForQuery": "Enabled",
          "createdDate": "Mon, 07 Nov 2022 06:42:39 GMT",
          "modifiedDate": "Mon, 07 Nov 2022 06:42:41 GMT"
        },
        "id": "/subscriptions/db1ab6f0-4769-4b27-930e-01e2ef9c123c/resourcegroups/testrg-9996/providers/microsoft.operationalinsights/workspaces/testrg-9996-ws",
        "name": "testRG-9996-ws",
        "type": "Microsoft.OperationalInsights/workspaces",
        "location": "eastus",
        "tags": {}
      }
    },
    {
      "RequestUri": "https://management.azure.com/subscriptions/db1ab6f0-4769-4b27-930e-01e2ef9c123c/resourceGroups/testRG-9996/providers/Microsoft.OperationalInsights/workspaces/testRG-9996-ws/providers/Microsoft.SecurityInsights/onboardingStates/default?api-version=2022-08-01-preview",
      "RequestMethod": "PUT",
      "RequestHeaders": {
        "Accept": "application/json",
        "Authorization": "Sanitized",
        "Content-Length": "43",
        "Content-Type": "application/json",
        "traceparent": "00-66a27ff6868b9b4d82694c8c4ebbb314-549f0584dce92a42-00",
        "User-Agent": "azsdk-net-ResourceManager.SecurityInsights/1.0.0-alpha.20221107.1 (.NET Framework 4.8.9075.0; Microsoft Windows 10.0.22621 )",
        "x-ms-client-request-id": "5842f5989ad012697997efaa39d0f493",
        "x-ms-return-client-request-id": "true"
      },
      "RequestBody": {
        "properties": {
          "customerManagedKey": false
        }
      },
      "StatusCode": 201,
      "ResponseHeaders": {
        "Cache-Control": "no-cache",
        "Content-Length": "579",
        "Content-Type": "application/json; charset=utf-8",
        "Date": "Mon, 07 Nov 2022 06:42:48 GMT",
        "Expires": "-1",
        "Pragma": "no-cache",
        "Server": "Kestrel",
        "Strict-Transport-Security": "max-age=31536000; includeSubDomains",
        "X-Content-Type-Options": "nosniff",
        "x-ms-correlation-request-id": "cfaaaa6d-4a23-485f-a39e-7f4fc5a04194",
        "x-ms-ratelimit-remaining-subscription-resource-requests": "11",
        "x-ms-request-id": "cfaaaa6d-4a23-485f-a39e-7f4fc5a04194",
        "x-ms-routing-request-id": "JAPANEAST:20221107T064248Z:cfaaaa6d-4a23-485f-a39e-7f4fc5a04194"
      },
      "ResponseBody": {
        "properties": {},
        "id": "/subscriptions/db1ab6f0-4769-4b27-930e-01e2ef9c123c/resourceGroups/testRG-9996/providers/Microsoft.OperationalInsights/workspaces/testRG-9996-ws/providers/Microsoft.SecurityInsights/onboardingStates/default",
        "name": "default",
        "type": "Microsoft.SecurityInsights/onboardingStates",
        "systemData": {
          "createdAt": "2022-11-07T06:42:42.6434682Z",
          "createdBy": "a1fc368b-7f40-4802-8fa1-260d3a6ec34b",
          "createdByType": "Application",
          "lastModifiedAt": "2022-11-07T06:42:42.6434682Z",
          "lastModifiedBy": "a1fc368b-7f40-4802-8fa1-260d3a6ec34b",
          "lastModifiedByType": "Application"
        }
      }
    },
    {
      "RequestUri": "https://management.azure.com/subscriptions/db1ab6f0-4769-4b27-930e-01e2ef9c123c/resourceGroups/testRG-9996/providers/Microsoft.OperationalInsights/workspaces/testRG-9996-ws/providers/Microsoft.SecurityInsights/watchlists/testWatchlists-7255?api-version=2022-08-01-preview",
      "RequestMethod": "PUT",
      "RequestHeaders": {
        "Accept": "application/json",
        "Authorization": "Sanitized",
        "Content-Length": "111",
        "Content-Type": "application/json",
        "traceparent": "00-6ff35a5b27c05e4790f0987aff2f6ab2-528855fabaf9ea46-00",
        "User-Agent": "azsdk-net-ResourceManager.SecurityInsights/1.0.0-alpha.20221107.1 (.NET Framework 4.8.9075.0; Microsoft Windows 10.0.22621 )",
        "x-ms-client-request-id": "6c5686bb13c39c9d32d3afe25f00b592",
        "x-ms-return-client-request-id": "true"
      },
      "RequestBody": {
        "properties": {
          "displayName": "SDK Test",
          "provider": "SDK Test",
          "source": "sdktest",
          "itemsSearchKey": "ipaddress"
        }
      },
      "StatusCode": 200,
      "ResponseHeaders": {
        "Cache-Control": "no-cache",
        "Content-Length": "1345",
        "Content-Type": "application/json; charset=utf-8",
        "Date": "Mon, 07 Nov 2022 06:42:49 GMT",
        "Expires": "-1",
        "Pragma": "no-cache",
        "Server": "Kestrel",
        "Strict-Transport-Security": "max-age=31536000; includeSubDomains",
        "X-Content-Type-Options": "nosniff",
        "x-ms-correlation-request-id": "19109a12-88bb-4ddc-a447-314139921816",
        "x-ms-ratelimit-remaining-subscription-writes": "1197",
        "x-ms-request-id": "19109a12-88bb-4ddc-a447-314139921816",
        "x-ms-routing-request-id": "JAPANEAST:20221107T064249Z:19109a12-88bb-4ddc-a447-314139921816"
      },
      "ResponseBody": {
        "id": "/subscriptions/db1ab6f0-4769-4b27-930e-01e2ef9c123c/resourceGroups/testRG-9996/providers/Microsoft.OperationalInsights/workspaces/testRG-9996-ws/providers/Microsoft.SecurityInsights/Watchlists/testWatchlists-7255",
        "name": "testWatchlists-7255",
        "etag": "\u0022c80284d2-0000-0100-0000-6368a8e90000\u0022",
        "type": "Microsoft.SecurityInsights/Watchlists",
        "systemData": {
          "createdAt": "2022-11-07T06:42:49.2301268Z",
          "createdBy": "a1fc368b-7f40-4802-8fa1-260d3a6ec34b",
          "createdByType": "Application",
          "lastModifiedAt": "2022-11-07T06:42:49.2301268Z",
          "lastModifiedBy": "a1fc368b-7f40-4802-8fa1-260d3a6ec34b",
          "lastModifiedByType": "Application"
        },
        "properties": {
          "watchlistId": "8b63641f-3935-4c7d-b9b1-89ba5313ba73",
          "displayName": "SDK Test",
          "provider": "SDK Test",
          "source": "sdktest",
          "itemsSearchKey": "ipaddress",
          "created": "2022-11-07T06:42:49.2301268\u002B00:00",
          "updated": "2022-11-07T06:42:49.2301268\u002B00:00",
          "createdBy": {
            "objectId": "81fa2eb4-9d84-4df5-ad32-6c22e2feb57e",
            "name": "a1fc368b-7f40-4802-8fa1-260d3a6ec34b"
          },
          "updatedBy": {
            "objectId": "81fa2eb4-9d84-4df5-ad32-6c22e2feb57e",
            "name": "a1fc368b-7f40-4802-8fa1-260d3a6ec34b"
          },
          "watchlistType": "watchlist",
          "watchlistAlias": "testWatchlists-7255",
          "isDeleted": false,
          "labels": [],
          "tenantId": "72f988bf-86f1-41af-91ab-2d7cd011db47",
          "numberOfLinesToSkip": 0,
          "provisioningState": "Succeeded",
          "sasUri": "",
          "watchlistCategory": "General"
        }
      }
    },
    {
      "RequestUri": "https://management.azure.com/subscriptions/db1ab6f0-4769-4b27-930e-01e2ef9c123c/resourceGroups/testRG-9996/providers/Microsoft.OperationalInsights/workspaces/testRG-9996-ws/providers/Microsoft.SecurityInsights/watchlists/testWatchlists-7255/watchlistItems/6d37a904-d199-43ff-892b-53653b784122?api-version=2022-08-01-preview",
      "RequestMethod": "PUT",
      "RequestHeaders": {
        "Accept": "application/json",
        "Authorization": "Sanitized",
        "Content-Length": "56",
        "Content-Type": "application/json",
        "traceparent": "00-eee626c505cda04eb1b21308768a1820-5198a5d2c325aa46-00",
        "User-Agent": "azsdk-net-ResourceManager.SecurityInsights/1.0.0-alpha.20221107.1 (.NET Framework 4.8.9075.0; Microsoft Windows 10.0.22621 )",
        "x-ms-client-request-id": "abe043b68dd6d24bea2ed0005a649ef3",
        "x-ms-return-client-request-id": "true"
      },
      "RequestBody": {
        "properties": {
          "itemsKeyValue": {
            "ipaddress": "1.1.1.2"
          }
        }
      },
      "StatusCode": 200,
      "ResponseHeaders": {
        "Cache-Control": "no-cache",
        "Content-Length": "1257",
        "Content-Type": "application/json; charset=utf-8",
        "Date": "Mon, 07 Nov 2022 06:42:50 GMT",
        "Expires": "-1",
        "Pragma": "no-cache",
        "Server": "Kestrel",
        "Strict-Transport-Security": "max-age=31536000; includeSubDomains",
        "X-Content-Type-Options": "nosniff",
        "x-ms-correlation-request-id": "4e87313b-bdb1-4ce7-ad6b-4e0ff4193c0a",
        "x-ms-ratelimit-remaining-subscription-writes": "1196",
        "x-ms-request-id": "4e87313b-bdb1-4ce7-ad6b-4e0ff4193c0a",
        "x-ms-routing-request-id": "JAPANEAST:20221107T064250Z:4e87313b-bdb1-4ce7-ad6b-4e0ff4193c0a"
      },
      "ResponseBody": {
        "id": "/subscriptions/db1ab6f0-4769-4b27-930e-01e2ef9c123c/resourceGroups/testRG-9996/providers/Microsoft.OperationalInsights/workspaces/testRG-9996-ws/providers/Microsoft.SecurityInsights/Watchlists/testWatchlists-7255/WatchlistItems/6d37a904-d199-43ff-892b-53653b784122",
        "name": "6d37a904-d199-43ff-892b-53653b784122",
        "etag": "\u0022c80285d2-0000-0100-0000-6368a8ea0000\u0022",
        "type": "Microsoft.SecurityInsights/Watchlists/WatchlistItems",
        "systemData": {
          "createdAt": "2022-11-07T06:42:50.1223931Z",
          "createdBy": "a1fc368b-7f40-4802-8fa1-260d3a6ec34b",
          "createdByType": "Application",
          "lastModifiedAt": "2022-11-07T06:42:50.1223931Z",
          "lastModifiedBy": "a1fc368b-7f40-4802-8fa1-260d3a6ec34b",
          "lastModifiedByType": "Application"
        },
        "properties": {
          "watchlistItemType": "watchlist-item",
          "watchlistItemId": "6d37a904-d199-43ff-892b-53653b784122",
          "tenantId": "72f988bf-86f1-41af-91ab-2d7cd011db47",
          "isDeleted": false,
          "created": "2022-11-07T06:42:50.1223931\u002B00:00",
          "updated": "2022-11-07T06:42:50.1223931\u002B00:00",
          "createdBy": {
            "objectId": "81fa2eb4-9d84-4df5-ad32-6c22e2feb57e",
            "name": "a1fc368b-7f40-4802-8fa1-260d3a6ec34b"
          },
          "updatedBy": {
            "objectId": "81fa2eb4-9d84-4df5-ad32-6c22e2feb57e",
            "name": "a1fc368b-7f40-4802-8fa1-260d3a6ec34b"
          },
          "itemsKeyValue": {
            "ipaddress": "1.1.1.2"
          },
          "entityMapping": {}
        }
      }
    },
    {
      "RequestUri": "https://management.azure.com/subscriptions/db1ab6f0-4769-4b27-930e-01e2ef9c123c/resourceGroups/testRG-9996/providers/Microsoft.OperationalInsights/workspaces/testRG-9996-ws/providers/Microsoft.SecurityInsights/watchlists/testWatchlists-7255/watchlistItems/6d37a904-d199-43ff-892b-53653b784122?api-version=2022-08-01-preview",
      "RequestMethod": "GET",
      "RequestHeaders": {
        "Accept": "application/json",
        "Authorization": "Sanitized",
        "traceparent": "00-a0d2d25f9c6b8140af9cf150891713ad-63c5fe5fac5b064d-00",
        "User-Agent": "azsdk-net-ResourceManager.SecurityInsights/1.0.0-alpha.20221107.1 (.NET Framework 4.8.9075.0; Microsoft Windows 10.0.22621 )",
        "x-ms-client-request-id": "cfb2fc6820ece2d4a5bb9dc6b9301a96",
        "x-ms-return-client-request-id": "true"
      },
      "RequestBody": null,
      "StatusCode": 200,
      "ResponseHeaders": {
        "Cache-Control": "no-cache",
        "Content-Length": "1257",
        "Content-Type": "application/json; charset=utf-8",
        "Date": "Mon, 07 Nov 2022 06:42:50 GMT",
        "Expires": "-1",
        "Pragma": "no-cache",
        "Server": "Kestrel",
        "Strict-Transport-Security": "max-age=31536000; includeSubDomains",
        "X-Content-Type-Options": "nosniff",
        "x-ms-correlation-request-id": "b8379c67-4dc0-45eb-8f49-f60c39a89986",
        "x-ms-ratelimit-remaining-subscription-reads": "11997",
        "x-ms-request-id": "b8379c67-4dc0-45eb-8f49-f60c39a89986",
        "x-ms-routing-request-id": "JAPANEAST:20221107T064251Z:b8379c67-4dc0-45eb-8f49-f60c39a89986"
      },
      "ResponseBody": {
        "id": "/subscriptions/db1ab6f0-4769-4b27-930e-01e2ef9c123c/resourceGroups/testRG-9996/providers/Microsoft.OperationalInsights/workspaces/testRG-9996-ws/providers/Microsoft.SecurityInsights/Watchlists/testWatchlists-7255/WatchlistItems/6d37a904-d199-43ff-892b-53653b784122",
        "name": "6d37a904-d199-43ff-892b-53653b784122",
        "etag": "\u0022c80285d2-0000-0100-0000-6368a8ea0000\u0022",
        "type": "Microsoft.SecurityInsights/Watchlists/WatchlistItems",
        "systemData": {
          "createdAt": "2022-11-07T06:42:50.1223931Z",
          "createdBy": "a1fc368b-7f40-4802-8fa1-260d3a6ec34b",
          "createdByType": "Application",
          "lastModifiedAt": "2022-11-07T06:42:50.1223931Z",
          "lastModifiedBy": "a1fc368b-7f40-4802-8fa1-260d3a6ec34b",
          "lastModifiedByType": "Application"
        },
        "properties": {
          "watchlistItemType": "watchlist-item",
          "watchlistItemId": "6d37a904-d199-43ff-892b-53653b784122",
          "tenantId": "72f988bf-86f1-41af-91ab-2d7cd011db47",
          "isDeleted": false,
          "created": "2022-11-07T06:42:50.1223931\u002B00:00",
          "updated": "2022-11-07T06:42:50.1223931\u002B00:00",
          "createdBy": {
            "objectId": "81fa2eb4-9d84-4df5-ad32-6c22e2feb57e",
            "name": "a1fc368b-7f40-4802-8fa1-260d3a6ec34b"
          },
          "updatedBy": {
            "objectId": "81fa2eb4-9d84-4df5-ad32-6c22e2feb57e",
            "name": "a1fc368b-7f40-4802-8fa1-260d3a6ec34b"
          },
          "itemsKeyValue": {
            "ipaddress": "1.1.1.2"
          },
          "entityMapping": {}
        }
      }
    },
    {
      "RequestUri": "https://management.azure.com/subscriptions/db1ab6f0-4769-4b27-930e-01e2ef9c123c/resourceGroups/testRG-9996/providers/Microsoft.OperationalInsights/workspaces/testRG-9996-ws/providers/Microsoft.SecurityInsights/watchlists/testWatchlists-7255/watchlistItems/6d37a904-d199-43ff-892b-53653b784122?api-version=2022-08-01-preview",
      "RequestMethod": "DELETE",
      "RequestHeaders": {
        "Accept": "application/json",
        "Authorization": "Sanitized",
        "traceparent": "00-6d8530663700194a9fba246fc1de71c3-2b0798f504d67b49-00",
        "User-Agent": "azsdk-net-ResourceManager.SecurityInsights/1.0.0-alpha.20221107.1 (.NET Framework 4.8.9075.0; Microsoft Windows 10.0.22621 )",
        "x-ms-client-request-id": "8d82183ae8132d6d3a848194439c42ce",
        "x-ms-return-client-request-id": "true"
      },
      "RequestBody": null,
      "StatusCode": 200,
      "ResponseHeaders": {
        "Cache-Control": "no-cache",
        "Content-Length": "2",
        "Content-Type": "application/json; charset=utf-8",
        "Date": "Mon, 07 Nov 2022 06:42:51 GMT",
        "Expires": "-1",
        "Pragma": "no-cache",
        "Server": "Kestrel",
        "Strict-Transport-Security": "max-age=31536000; includeSubDomains",
        "X-Content-Type-Options": "nosniff",
        "x-ms-correlation-request-id": "3b097d5f-3de2-40cf-94cd-efa34471d5fb",
        "x-ms-ratelimit-remaining-subscription-deletes": "14999",
        "x-ms-request-id": "3b097d5f-3de2-40cf-94cd-efa34471d5fb",
        "x-ms-routing-request-id": "JAPANEAST:20221107T064252Z:3b097d5f-3de2-40cf-94cd-efa34471d5fb"
      },
      "ResponseBody": {}
    }
  ],
  "Variables": {
    "AZURE_AUTHORITY_HOST": "https://login.microsoftonline.com/",
    "RandomSeed": "369772759",
    "RESOURCE_MANAGER_URL": null,
    "SUBSCRIPTION_ID": "db1ab6f0-4769-4b27-930e-01e2ef9c123c"
  }
}
