{
  "Entries": [
    {
      "RequestUri": "https://td29f528fe8af4d53prim.table.cosmos.azure.com/Tables?$format=application%2Fjson%3Bodata%3Dminimalmetadata",
      "RequestMethod": "POST",
      "RequestHeaders": {
        "Accept": [
          "application/json",
          "application/json; odata=minimalmetadata"
        ],
        "Authorization": "Sanitized",
        "Content-Length": "33",
        "Content-Type": "application/json; odata=nometadata",
        "DataServiceVersion": "3.0",
        "traceparent": "00-d90db64bac17b249a68bd8aa84a42d36-0de15f99c01ff348-00",
        "User-Agent": [
          "azsdk-net-Data.Tables/1.0.0-dev.20200820.3",
          "(.NET Core 4.6.27514.02; Microsoft Windows 10.0.17763 )"
        ],
        "x-ms-client-request-id": "703f602cbd9c6cf0521f44597052aebe",
        "x-ms-date": "Thu, 20 Aug 2020 22:31:52 GMT",
        "x-ms-return-client-request-id": "true",
        "x-ms-version": "2019-02-02"
      },
      "RequestBody": {
        "TableName": "testtablegkl7uv82"
      },
      "StatusCode": 201,
      "ResponseHeaders": {
        "Content-Type": "application/json",
        "Date": "Thu, 20 Aug 2020 22:31:52 GMT",
        "ETag": "W/\u0022datetime\u00272020-08-20T22%3A31%3A52.6870024Z\u0027\u0022",
        "Location": "https://td29f528fe8af4d53prim.table.cosmos.azure.com/Tables(\u0027testtablegkl7uv82\u0027)",
        "Server": "Microsoft-HTTPAPI/2.0",
        "Transfer-Encoding": "chunked",
        "x-ms-request-id": "703f602c-bd9c-6cf0-521f-44597052aebe"
      },
      "ResponseBody": {
        "TableName": "testtablegkl7uv82",
        "odata.metadata": "https://td29f528fe8af4d53prim.table.cosmos.azure.com/$metadata#Tables/@Element"
      }
    },
    {
      "RequestUri": "https://td29f528fe8af4d53prim.table.cosmos.azure.com/Tables?$format=application%2Fjson%3Bodata%3Dminimalmetadata",
      "RequestMethod": "POST",
      "RequestHeaders": {
        "Accept": [
          "application/json",
          "application/json; odata=minimalmetadata"
        ],
        "Authorization": "Sanitized",
        "Content-Length": "33",
        "Content-Type": "application/json; odata=nometadata",
        "DataServiceVersion": "3.0",
        "traceparent": "00-6b5a9300af7e70499f1b00c7be299ad3-c341de3bdbc07d4b-00",
        "User-Agent": [
          "azsdk-net-Data.Tables/1.0.0-dev.20200820.3",
          "(.NET Core 4.6.27514.02; Microsoft Windows 10.0.17763 )"
        ],
        "x-ms-client-request-id": "675b2d05b59f0b64c5f27b69b88c4678",
        "x-ms-date": "Thu, 20 Aug 2020 22:31:53 GMT",
        "x-ms-return-client-request-id": "true",
        "x-ms-version": "2019-02-02"
      },
      "RequestBody": {
        "TableName": "testtablegkl7uv82"
      },
      "StatusCode": 409,
      "ResponseHeaders": {
        "Content-Type": "application/json",
        "Date": "Thu, 20 Aug 2020 22:31:52 GMT",
        "Server": "Microsoft-HTTPAPI/2.0",
        "Transfer-Encoding": "chunked",
        "x-ms-request-id": "675b2d05-b59f-0b64-c5f2-7b69b88c4678"
      },
      "ResponseBody": [
        "{\u0022odata.error\u0022:{\u0022code\u0022:\u0022TableAlreadyExists\u0022,\u0022message\u0022:{\u0022lang\u0022:\u0022en-us\u0022,\u0022value\u0022:\u0022The specified table already exists.\\nRequestID:675b2d05-b59f-0b64-c5f2-7b69b88c4678\\n\u0022}}}\r\n"
      ]
    },
    {
      "RequestUri": "https://td29f528fe8af4d53prim.table.cosmos.azure.com/Tables?$format=application%2Fjson%3Bodata%3Dminimalmetadata",
      "RequestMethod": "POST",
      "RequestHeaders": {
        "Accept": [
          "application/json",
          "application/json; odata=minimalmetadata"
        ],
        "Authorization": "Sanitized",
        "Content-Length": "33",
        "Content-Type": "application/json; odata=nometadata",
        "DataServiceVersion": "3.0",
        "traceparent": "00-431dcfb04ffa33479f7bbc171b9526f1-07c205f88300f14f-00",
        "User-Agent": [
          "azsdk-net-Data.Tables/1.0.0-dev.20200820.3",
          "(.NET Core 4.6.27514.02; Microsoft Windows 10.0.17763 )"
        ],
        "x-ms-client-request-id": "418241953bf3edad80676b25e58e5976",
        "x-ms-date": "Thu, 20 Aug 2020 22:31:53 GMT",
        "x-ms-return-client-request-id": "true",
        "x-ms-version": "2019-02-02"
      },
      "RequestBody": {
        "TableName": "testtabletl4kw2yd"
      },
      "StatusCode": 429,
      "ResponseHeaders": {
        "Content-Type": "application/json",
        "Date": "Thu, 20 Aug 2020 22:31:52 GMT",
        "Server": "Microsoft-HTTPAPI/2.0",
        "Transfer-Encoding": "chunked",
        "x-ms-request-id": "41824195-3bf3-edad-8067-6b25e58e5976"
      },
      "ResponseBody": [
        "{\u0022odata.error\u0022:{\u0022code\u0022:\u0022429\u0022,\u0022message\u0022:{\u0022lang\u0022:\u0022en-us\u0022,\u0022value\u0022:\u0022Message: {\\\u0022Errors\\\u0022:[\\\u0022Request rate is large. More Request Units may be needed, so no changes were made. Please retry this request later. Learn more: http://aka.ms/cosmosdb-error-429\\\u0022]}\\r\\nActivityId: a49dd8da-95ae-46fd-88a3-e7da07edd74e, Request URI: /apps/8b1ea712-4dfc-487e-9abf-91bcc14490f4/services/c147baaa-111c-48fc-95e8-b755505443e5/partitions/d9177690-41e2-486f-b7ca-e933272ef14d/replicas/132424089643911810p, RequestStats: , SDK: Microsoft.Azure.Documents.Common/2.11.0, documentdb-dotnet-sdk/2.11.0 Host/64-bit MicrosoftWindowsNT/6.2.9200.0\\nRequestID:41824195-3bf3-edad-8067-6b25e58e5976\\n\u0022}}}\r\n"
      ]
    },
    {
      "RequestUri": "https://td29f528fe8af4d53prim.table.cosmos.azure.com/Tables?$format=application%2Fjson%3Bodata%3Dminimalmetadata",
      "RequestMethod": "POST",
      "RequestHeaders": {
        "Accept": [
          "application/json",
          "application/json; odata=minimalmetadata"
        ],
        "Authorization": "Sanitized",
        "Content-Length": "33",
        "Content-Type": "application/json; odata=nometadata",
        "DataServiceVersion": "3.0",
        "traceparent": "00-431dcfb04ffa33479f7bbc171b9526f1-07c205f88300f14f-00",
        "User-Agent": [
          "azsdk-net-Data.Tables/1.0.0-dev.20200820.3",
          "(.NET Core 4.6.27514.02; Microsoft Windows 10.0.17763 )"
        ],
        "x-ms-client-request-id": "418241953bf3edad80676b25e58e5976",
        "x-ms-date": "Thu, 20 Aug 2020 22:31:53 GMT",
        "x-ms-return-client-request-id": "true",
        "x-ms-version": "2019-02-02"
      },
      "RequestBody": {
        "TableName": "testtabletl4kw2yd"
      },
      "StatusCode": 429,
      "ResponseHeaders": {
        "Content-Type": "application/json",
        "Date": "Thu, 20 Aug 2020 22:31:53 GMT",
        "Server": "Microsoft-HTTPAPI/2.0",
        "Transfer-Encoding": "chunked",
        "x-ms-request-id": "41824195-3bf3-edad-8067-6b25e58e5976"
      },
      "ResponseBody": [
        "{\u0022odata.error\u0022:{\u0022code\u0022:\u0022429\u0022,\u0022message\u0022:{\u0022lang\u0022:\u0022en-us\u0022,\u0022value\u0022:\u0022Message: {\\\u0022Errors\\\u0022:[\\\u0022Request rate is large. More Request Units may be needed, so no changes were made. Please retry this request later. Learn more: http://aka.ms/cosmosdb-error-429\\\u0022]}\\r\\nActivityId: 52310377-9358-4cc2-9971-65e987526501, Request URI: /apps/8b1ea712-4dfc-487e-9abf-91bcc14490f4/services/c147baaa-111c-48fc-95e8-b755505443e5/partitions/d9177690-41e2-486f-b7ca-e933272ef14d/replicas/132424089643911810p, RequestStats: , SDK: Microsoft.Azure.Documents.Common/2.11.0, documentdb-dotnet-sdk/2.11.0 Host/64-bit MicrosoftWindowsNT/6.2.9200.0\\nRequestID:41824195-3bf3-edad-8067-6b25e58e5976\\n\u0022}}}\r\n"
      ]
    },
    {
      "RequestUri": "https://td29f528fe8af4d53prim.table.cosmos.azure.com/Tables?$format=application%2Fjson%3Bodata%3Dminimalmetadata",
      "RequestMethod": "POST",
      "RequestHeaders": {
        "Accept": [
          "application/json",
          "application/json; odata=minimalmetadata"
        ],
        "Authorization": "Sanitized",
        "Content-Length": "33",
        "Content-Type": "application/json; odata=nometadata",
        "DataServiceVersion": "3.0",
        "traceparent": "00-431dcfb04ffa33479f7bbc171b9526f1-07c205f88300f14f-00",
        "User-Agent": [
          "azsdk-net-Data.Tables/1.0.0-dev.20200820.3",
          "(.NET Core 4.6.27514.02; Microsoft Windows 10.0.17763 )"
        ],
        "x-ms-client-request-id": "418241953bf3edad80676b25e58e5976",
        "x-ms-date": "Thu, 20 Aug 2020 22:31:55 GMT",
        "x-ms-return-client-request-id": "true",
        "x-ms-version": "2019-02-02"
      },
      "RequestBody": {
        "TableName": "testtabletl4kw2yd"
      },
      "StatusCode": 429,
      "ResponseHeaders": {
        "Content-Type": "application/json",
        "Date": "Thu, 20 Aug 2020 22:31:55 GMT",
        "Server": "Microsoft-HTTPAPI/2.0",
        "Transfer-Encoding": "chunked",
        "x-ms-request-id": "41824195-3bf3-edad-8067-6b25e58e5976"
      },
      "ResponseBody": [
        "{\u0022odata.error\u0022:{\u0022code\u0022:\u0022429\u0022,\u0022message\u0022:{\u0022lang\u0022:\u0022en-us\u0022,\u0022value\u0022:\u0022Message: {\\\u0022Errors\\\u0022:[\\\u0022Request rate is large. More Request Units may be needed, so no changes were made. Please retry this request later. Learn more: http://aka.ms/cosmosdb-error-429\\\u0022]}\\r\\nActivityId: afbe8615-f5d4-486c-bcd9-80950195e68b, Request URI: /apps/8b1ea712-4dfc-487e-9abf-91bcc14490f4/services/c147baaa-111c-48fc-95e8-b755505443e5/partitions/d9177690-41e2-486f-b7ca-e933272ef14d/replicas/132424089643911810p, RequestStats: , SDK: Microsoft.Azure.Documents.Common/2.11.0, documentdb-dotnet-sdk/2.11.0 Host/64-bit MicrosoftWindowsNT/6.2.9200.0\\nRequestID:41824195-3bf3-edad-8067-6b25e58e5976\\n\u0022}}}\r\n"
      ]
    },
    {
      "RequestUri": "https://td29f528fe8af4d53prim.table.cosmos.azure.com/Tables?$format=application%2Fjson%3Bodata%3Dminimalmetadata",
      "RequestMethod": "POST",
      "RequestHeaders": {
        "Accept": [
          "application/json",
          "application/json; odata=minimalmetadata"
        ],
        "Authorization": "Sanitized",
        "Content-Length": "33",
        "Content-Type": "application/json; odata=nometadata",
        "DataServiceVersion": "3.0",
        "traceparent": "00-431dcfb04ffa33479f7bbc171b9526f1-07c205f88300f14f-00",
        "User-Agent": [
          "azsdk-net-Data.Tables/1.0.0-dev.20200820.3",
          "(.NET Core 4.6.27514.02; Microsoft Windows 10.0.17763 )"
        ],
        "x-ms-client-request-id": "418241953bf3edad80676b25e58e5976",
        "x-ms-date": "Thu, 20 Aug 2020 22:31:59 GMT",
        "x-ms-return-client-request-id": "true",
        "x-ms-version": "2019-02-02"
      },
      "RequestBody": {
        "TableName": "testtabletl4kw2yd"
      },
      "StatusCode": 201,
      "ResponseHeaders": {
        "Content-Type": "application/json",
        "Date": "Thu, 20 Aug 2020 22:31:59 GMT",
        "ETag": "W/\u0022datetime\u00272020-08-20T22%3A31%3A59.5711496Z\u0027\u0022",
        "Location": "https://td29f528fe8af4d53prim.table.cosmos.azure.com/Tables(\u0027testtabletl4kw2yd\u0027)",
        "Server": "Microsoft-HTTPAPI/2.0",
        "Transfer-Encoding": "chunked",
        "x-ms-request-id": "41824195-3bf3-edad-8067-6b25e58e5976"
      },
      "ResponseBody": {
        "TableName": "testtabletl4kw2yd",
        "odata.metadata": "https://td29f528fe8af4d53prim.table.cosmos.azure.com/$metadata#Tables/@Element"
      }
    },
    {
      "RequestUri": "https://td29f528fe8af4d53prim.table.cosmos.azure.com/Tables(\u0027testtabletl4kw2yd\u0027)",
      "RequestMethod": "DELETE",
      "RequestHeaders": {
        "Accept": [
          "application/json",
          "application/json"
        ],
        "Authorization": "Sanitized",
        "traceparent": "00-ea14d6c91d718e4489f3365233705e0e-6de08056b6dd3c4a-00",
        "User-Agent": [
          "azsdk-net-Data.Tables/1.0.0-dev.20200820.3",
          "(.NET Core 4.6.27514.02; Microsoft Windows 10.0.17763 )"
        ],
        "x-ms-client-request-id": "a9ab34fb8641c6b3d9cb7db37c135207",
        "x-ms-date": "Thu, 20 Aug 2020 22:31:59 GMT",
        "x-ms-return-client-request-id": "true",
        "x-ms-version": "2019-02-02"
      },
      "RequestBody": null,
      "StatusCode": 204,
      "ResponseHeaders": {
        "Content-Length": "0",
        "Date": "Thu, 20 Aug 2020 22:31:59 GMT",
        "Server": "Microsoft-HTTPAPI/2.0",
        "x-ms-request-id": "a9ab34fb-8641-c6b3-d9cb-7db37c135207"
      },
      "ResponseBody": []
    },
    {
      "RequestUri": "https://td29f528fe8af4d53prim.table.cosmos.azure.com/Tables(\u0027testtablegkl7uv82\u0027)",
      "RequestMethod": "DELETE",
      "RequestHeaders": {
        "Accept": [
          "application/json",
          "application/json"
        ],
        "Authorization": "Sanitized",
        "traceparent": "00-37cccb8d1e4f5c4dba5fa6faac20cbf6-c53e333a13e3524d-00",
        "User-Agent": [
          "azsdk-net-Data.Tables/1.0.0-dev.20200820.3",
          "(.NET Core 4.6.27514.02; Microsoft Windows 10.0.17763 )"
        ],
        "x-ms-client-request-id": "5ed2fba822338917448ee9512020924d",
        "x-ms-date": "Thu, 20 Aug 2020 22:32:00 GMT",
        "x-ms-return-client-request-id": "true",
        "x-ms-version": "2019-02-02"
      },
      "RequestBody": null,
      "StatusCode": 204,
      "ResponseHeaders": {
        "Content-Length": "0",
        "Date": "Thu, 20 Aug 2020 22:31:59 GMT",
        "Server": "Microsoft-HTTPAPI/2.0",
        "x-ms-request-id": "5ed2fba8-2233-8917-448e-e9512020924d"
      },
      "ResponseBody": []
    }
  ],
  "Variables": {
    "RandomSeed": "1810771930",
    "TABLES_COSMOS_ACCOUNT_NAME": "td29f528fe8af4d53prim",
    "TABLES_PRIMARY_COSMOS_ACCOUNT_KEY": "Kg=="
  }
}