{
  "Entries": [
    {
      "RequestUri": "https://t487ba7ce49634c8eprim.table.cosmos.azure.com/Tables?$format=application%2Fjson%3Bodata%3Dminimalmetadata",
      "RequestMethod": "POST",
      "RequestHeaders": {
        "Accept": "application/json",
        "Authorization": "Sanitized",
        "Content-Length": "33",
        "Content-Type": "application/json; odata=nometadata",
        "DataServiceVersion": "3.0",
        "traceparent": "00-d3d01bab9521a846a8df518a8fa5fd78-e071fa6b44ba1140-00",
        "User-Agent": [
          "azsdk-net-Data.Tables/1.0.0-dev.20200825.2",
          "(.NET Core 4.6.27514.02; Microsoft Windows 10.0.17763 )"
        ],
        "x-ms-client-request-id": "fae104105f9d0dd630d43520b5d6ba01",
        "x-ms-date": "Tue, 25 Aug 2020 16:49:15 GMT",
        "x-ms-return-client-request-id": "true",
        "x-ms-version": "2019-02-02"
      },
      "RequestBody": {
        "TableName": "testtablennzrwcpr"
      },
      "StatusCode": 201,
      "ResponseHeaders": {
        "Content-Type": "application/json",
        "Date": "Tue, 25 Aug 2020 16:49:15 GMT",
        "ETag": "W/\u0022datetime\u00272020-08-25T16%3A49%3A15.3957896Z\u0027\u0022",
        "Location": "https://t487ba7ce49634c8eprim.table.cosmos.azure.com/Tables(\u0027testtablennzrwcpr\u0027)",
        "Server": "Microsoft-HTTPAPI/2.0",
        "Transfer-Encoding": "chunked",
        "x-ms-request-id": "fae10410-5f9d-0dd6-30d4-3520b5d6ba01"
      },
      "ResponseBody": {
        "TableName": "testtablennzrwcpr",
        "odata.metadata": "https://t487ba7ce49634c8eprim.table.cosmos.azure.com/$metadata#Tables/@Element"
      }
    },
    {
      "RequestUri": "https://t487ba7ce49634c8eprim.table.cosmos.azure.com/Tables?$format=application%2Fjson%3Bodata%3Dminimalmetadata",
      "RequestMethod": "POST",
      "RequestHeaders": {
        "Accept": "application/json",
        "Authorization": "Sanitized",
        "Content-Length": "33",
        "Content-Type": "application/json; odata=nometadata",
        "DataServiceVersion": "3.0",
        "traceparent": "00-20fef55141ce9b4d847f119ca6cdc384-f238c16bad8c9842-00",
        "User-Agent": [
          "azsdk-net-Data.Tables/1.0.0-dev.20200825.2",
          "(.NET Core 4.6.27514.02; Microsoft Windows 10.0.17763 )"
        ],
        "x-ms-client-request-id": "2076c4c0e3466f401ecc84c2a150d479",
        "x-ms-date": "Tue, 25 Aug 2020 16:49:15 GMT",
        "x-ms-return-client-request-id": "true",
        "x-ms-version": "2019-02-02"
      },
      "RequestBody": {
        "TableName": "testtablennzrwcpr"
      },
      "StatusCode": 409,
      "ResponseHeaders": {
        "Content-Type": "application/json",
        "Date": "Tue, 25 Aug 2020 16:49:15 GMT",
        "Server": "Microsoft-HTTPAPI/2.0",
        "Transfer-Encoding": "chunked",
        "x-ms-request-id": "2076c4c0-e346-6f40-1ecc-84c2a150d479"
      },
      "ResponseBody": [
        "{\u0022odata.error\u0022:{\u0022code\u0022:\u0022TableAlreadyExists\u0022,\u0022message\u0022:{\u0022lang\u0022:\u0022en-us\u0022,\u0022value\u0022:\u0022The specified table already exists.\\nRequestID:2076c4c0-e346-6f40-1ecc-84c2a150d479\\n\u0022}}}\r\n"
      ]
    },
    {
      "RequestUri": "https://t487ba7ce49634c8eprim.table.cosmos.azure.com/Tables?$format=application%2Fjson%3Bodata%3Dminimalmetadata",
      "RequestMethod": "POST",
      "RequestHeaders": {
        "Accept": "application/json",
        "Authorization": "Sanitized",
        "Content-Length": "33",
        "Content-Type": "application/json; odata=nometadata",
        "DataServiceVersion": "3.0",
        "traceparent": "00-f1303ab848ab9242bb8076dc07e89be3-564eeaecf30fad4c-00",
        "User-Agent": [
          "azsdk-net-Data.Tables/1.0.0-dev.20200825.2",
          "(.NET Core 4.6.27514.02; Microsoft Windows 10.0.17763 )"
        ],
        "x-ms-client-request-id": "f3044ec172b240e82cf59b6314aee22d",
        "x-ms-date": "Tue, 25 Aug 2020 16:49:16 GMT",
        "x-ms-return-client-request-id": "true",
        "x-ms-version": "2019-02-02"
      },
      "RequestBody": {
        "TableName": "testtable1xl2tbyh"
      },
      "StatusCode": 201,
      "ResponseHeaders": {
        "Content-Type": "application/json",
        "Date": "Tue, 25 Aug 2020 16:49:15 GMT",
        "ETag": "W/\u0022datetime\u00272020-08-25T16%3A49%3A16.1896968Z\u0027\u0022",
        "Location": "https://t487ba7ce49634c8eprim.table.cosmos.azure.com/Tables(\u0027testtable1xl2tbyh\u0027)",
        "Server": "Microsoft-HTTPAPI/2.0",
        "Transfer-Encoding": "chunked",
        "x-ms-request-id": "f3044ec1-72b2-40e8-2cf5-9b6314aee22d"
      },
      "ResponseBody": {
        "TableName": "testtable1xl2tbyh",
        "odata.metadata": "https://t487ba7ce49634c8eprim.table.cosmos.azure.com/$metadata#Tables/@Element"
      }
    },
    {
      "RequestUri": "https://t487ba7ce49634c8eprim.table.cosmos.azure.com/Tables(\u0027testtable1xl2tbyh\u0027)",
      "RequestMethod": "DELETE",
      "RequestHeaders": {
        "Accept": "application/json",
        "Authorization": "Sanitized",
        "traceparent": "00-4c9081ba2f005d4faa969e2f63060591-1640fe8bcde45945-00",
        "User-Agent": [
          "azsdk-net-Data.Tables/1.0.0-dev.20200825.2",
          "(.NET Core 4.6.27514.02; Microsoft Windows 10.0.17763 )"
        ],
        "x-ms-client-request-id": "d0db71c413dadf6bffbb6bd822649078",
        "x-ms-date": "Tue, 25 Aug 2020 16:49:16 GMT",
        "x-ms-return-client-request-id": "true",
        "x-ms-version": "2019-02-02"
      },
      "RequestBody": null,
      "StatusCode": 204,
      "ResponseHeaders": {
        "Content-Length": "0",
        "Date": "Tue, 25 Aug 2020 16:49:16 GMT",
        "Server": "Microsoft-HTTPAPI/2.0",
        "x-ms-request-id": "d0db71c4-13da-df6b-ffbb-6bd822649078"
      },
      "ResponseBody": []
    },
    {
      "RequestUri": "https://t487ba7ce49634c8eprim.table.cosmos.azure.com/Tables(\u0027testtablennzrwcpr\u0027)",
      "RequestMethod": "DELETE",
      "RequestHeaders": {
        "Accept": "application/json",
        "Authorization": "Sanitized",
        "traceparent": "00-93c6852d1c6b6740b32964ed241094f8-e41dd2294b964645-00",
        "User-Agent": [
          "azsdk-net-Data.Tables/1.0.0-dev.20200825.2",
          "(.NET Core 4.6.27514.02; Microsoft Windows 10.0.17763 )"
        ],
        "x-ms-client-request-id": "f85fad364cdeacbce44495acb5716405",
        "x-ms-date": "Tue, 25 Aug 2020 16:49:17 GMT",
        "x-ms-return-client-request-id": "true",
        "x-ms-version": "2019-02-02"
      },
      "RequestBody": null,
      "StatusCode": 204,
      "ResponseHeaders": {
        "Content-Length": "0",
        "Date": "Tue, 25 Aug 2020 16:49:16 GMT",
        "Server": "Microsoft-HTTPAPI/2.0",
        "x-ms-request-id": "f85fad36-4cde-acbc-e444-95acb5716405"
      },
      "ResponseBody": []
    }
  ],
  "Variables": {
    "RandomSeed": "184253167",
    "TABLES_COSMOS_ACCOUNT_NAME": "t487ba7ce49634c8eprim",
    "TABLES_PRIMARY_COSMOS_ACCOUNT_KEY": "Kg=="
  }
}