{
  "Entries": [
    {
      "RequestUri": "https://chrisstablesprim.table.cosmos.azure.com/Tables?$format=application%2Fjson%3Bodata%3Dminimalmetadata",
      "RequestMethod": "POST",
      "RequestHeaders": {
        "Accept": "application/json; odata=minimalmetadata",
        "Authorization": "Sanitized",
        "Content-Length": "33",
        "Content-Type": "application/json; odata=nometadata",
        "DataServiceVersion": "3.0",
        "traceparent": "00-0c4a28e5f7ba7d45b8c46528f2c79275-8e84f32bfdb92d4a-00",
        "User-Agent": [
          "azsdk-net-Data.Tables/12.0.0-alpha.20210407.1",
          "(.NET Core 4.6.29812.02; Microsoft Windows 10.0.19042 )"
        ],
        "x-ms-client-request-id": "20ecc2f87a2bfe34684428926a3892d3",
        "x-ms-date": "Wed, 07 Apr 2021 15:18:13 GMT",
        "x-ms-return-client-request-id": "true",
        "x-ms-version": "2019-02-02"
      },
      "RequestBody": {
        "TableName": "testtablez4m4nmw4"
      },
      "StatusCode": 201,
      "ResponseHeaders": {
        "Content-Type": "application/json; odata=minimalmetadata",
        "Date": "Wed, 07 Apr 2021 15:18:14 GMT",
        "ETag": "W/\u0022datetime\u00272021-04-07T15%3A18%3A14.2133256Z\u0027\u0022",
        "Location": "https://chrisstablesprim.table.cosmos.azure.com/Tables(\u0027testtablez4m4nmw4\u0027)",
        "Server": "Microsoft-HTTPAPI/2.0",
        "Transfer-Encoding": "chunked",
        "x-ms-request-id": "20ecc2f8-7a2b-fe34-6844-28926a3892d3"
      },
      "ResponseBody": {
        "TableName": "testtablez4m4nmw4",
        "odata.metadata": "https://chrisstablesprim.table.cosmos.azure.com/$metadata#Tables/@Element"
      }
    },
    {
      "RequestUri": "https://chrisstablesprim.table.cosmos.azure.com/Tables?$format=application%2Fjson%3Bodata%3Dminimalmetadata",
      "RequestMethod": "POST",
      "RequestHeaders": {
        "Accept": "application/json; odata=minimalmetadata",
        "Authorization": "Sanitized",
        "Content-Length": "33",
        "Content-Type": "application/json; odata=nometadata",
        "DataServiceVersion": "3.0",
        "traceparent": "00-936151bb68d0634bbe4cf7fcdc8c655e-7c4fa01d5850f249-00",
        "User-Agent": [
          "azsdk-net-Data.Tables/12.0.0-alpha.20210407.1",
          "(.NET Core 4.6.29812.02; Microsoft Windows 10.0.19042 )"
        ],
        "x-ms-client-request-id": "3cbed85f15b3bd6ea24c5395f7d4446c",
        "x-ms-date": "Wed, 07 Apr 2021 15:18:15 GMT",
        "x-ms-return-client-request-id": "true",
        "x-ms-version": "2019-02-02"
      },
      "RequestBody": {
        "TableName": "testtablew4hcdmmb"
      },
      "StatusCode": 201,
      "ResponseHeaders": {
        "Content-Type": "application/json; odata=minimalmetadata",
        "Date": "Wed, 07 Apr 2021 15:18:15 GMT",
        "ETag": "W/\u0022datetime\u00272021-04-07T15%3A18%3A14.8775944Z\u0027\u0022",
        "Location": "https://chrisstablesprim.table.cosmos.azure.com/Tables(\u0027testtablew4hcdmmb\u0027)",
        "Server": "Microsoft-HTTPAPI/2.0",
        "Transfer-Encoding": "chunked",
        "x-ms-request-id": "3cbed85f-15b3-bd6e-a24c-5395f7d4446c"
      },
      "ResponseBody": {
        "TableName": "testtablew4hcdmmb",
        "odata.metadata": "https://chrisstablesprim.table.cosmos.azure.com/$metadata#Tables/@Element"
      }
    },
    {
      "RequestUri": "https://chrisstablesprim.table.cosmos.azure.com/Tables?$format=application%2Fjson%3Bodata%3Dminimalmetadata",
      "RequestMethod": "POST",
      "RequestHeaders": {
        "Accept": "application/json; odata=minimalmetadata",
        "Authorization": "Sanitized",
        "Content-Length": "33",
        "Content-Type": "application/json; odata=nometadata",
        "DataServiceVersion": "3.0",
        "traceparent": "00-03bab21167a24540ba2b6993f9090af8-8a7f22d030802346-00",
        "User-Agent": [
          "azsdk-net-Data.Tables/12.0.0-alpha.20210407.1",
          "(.NET Core 4.6.29812.02; Microsoft Windows 10.0.19042 )"
        ],
        "x-ms-client-request-id": "e2df830f524d68fd559ec053bcf74a52",
        "x-ms-date": "Wed, 07 Apr 2021 15:18:15 GMT",
        "x-ms-return-client-request-id": "true",
        "x-ms-version": "2019-02-02"
      },
      "RequestBody": {
        "TableName": "testtable5sqcn139"
      },
      "StatusCode": 201,
      "ResponseHeaders": {
        "Content-Type": "application/json; odata=minimalmetadata",
        "Date": "Wed, 07 Apr 2021 15:18:15 GMT",
        "ETag": "W/\u0022datetime\u00272021-04-07T15%3A18%3A15.4991624Z\u0027\u0022",
        "Location": "https://chrisstablesprim.table.cosmos.azure.com/Tables(\u0027testtable5sqcn139\u0027)",
        "Server": "Microsoft-HTTPAPI/2.0",
        "Transfer-Encoding": "chunked",
        "x-ms-request-id": "e2df830f-524d-68fd-559e-c053bcf74a52"
      },
      "ResponseBody": {
        "TableName": "testtable5sqcn139",
        "odata.metadata": "https://chrisstablesprim.table.cosmos.azure.com/$metadata#Tables/@Element"
      }
    },
    {
      "RequestUri": "https://chrisstablesprim.table.cosmos.azure.com/Tables?$format=application%2Fjson%3Bodata%3Dminimalmetadata",
      "RequestMethod": "POST",
      "RequestHeaders": {
        "Accept": "application/json; odata=minimalmetadata",
        "Authorization": "Sanitized",
        "Content-Length": "33",
        "Content-Type": "application/json; odata=nometadata",
        "DataServiceVersion": "3.0",
        "traceparent": "00-40901720e5280349bf065e5941ea19b6-c0ff4d9f5b4e984e-00",
        "User-Agent": [
          "azsdk-net-Data.Tables/12.0.0-alpha.20210407.1",
          "(.NET Core 4.6.29812.02; Microsoft Windows 10.0.19042 )"
        ],
        "x-ms-client-request-id": "e916807c408ae596dc772d30368c7050",
        "x-ms-date": "Wed, 07 Apr 2021 15:18:16 GMT",
        "x-ms-return-client-request-id": "true",
        "x-ms-version": "2019-02-02"
      },
      "RequestBody": {
        "TableName": "testtablenef9vtzu"
      },
      "StatusCode": 201,
      "ResponseHeaders": {
        "Content-Type": "application/json; odata=minimalmetadata",
        "Date": "Wed, 07 Apr 2021 15:18:16 GMT",
        "ETag": "W/\u0022datetime\u00272021-04-07T15%3A18%3A16.1273864Z\u0027\u0022",
        "Location": "https://chrisstablesprim.table.cosmos.azure.com/Tables(\u0027testtablenef9vtzu\u0027)",
        "Server": "Microsoft-HTTPAPI/2.0",
        "Transfer-Encoding": "chunked",
        "x-ms-request-id": "e916807c-408a-e596-dc77-2d30368c7050"
      },
      "ResponseBody": {
        "TableName": "testtablenef9vtzu",
        "odata.metadata": "https://chrisstablesprim.table.cosmos.azure.com/$metadata#Tables/@Element"
      }
    },
    {
      "RequestUri": "https://chrisstablesprim.table.cosmos.azure.com/Tables?$format=application%2Fjson%3Bodata%3Dminimalmetadata",
      "RequestMethod": "POST",
      "RequestHeaders": {
        "Accept": "application/json; odata=minimalmetadata",
        "Authorization": "Sanitized",
        "Content-Length": "33",
        "Content-Type": "application/json; odata=nometadata",
        "DataServiceVersion": "3.0",
        "traceparent": "00-cfc040ca4c23934a91114112b36bd158-be5c5530a7b98d48-00",
        "User-Agent": [
          "azsdk-net-Data.Tables/12.0.0-alpha.20210407.1",
          "(.NET Core 4.6.29812.02; Microsoft Windows 10.0.19042 )"
        ],
        "x-ms-client-request-id": "4c57b143dd8a1361a7e765cc3c14dd14",
        "x-ms-date": "Wed, 07 Apr 2021 15:18:17 GMT",
        "x-ms-return-client-request-id": "true",
        "x-ms-version": "2019-02-02"
      },
      "RequestBody": {
        "TableName": "testtablermvrk8eb"
      },
      "StatusCode": 201,
      "ResponseHeaders": {
        "Content-Type": "application/json; odata=minimalmetadata",
        "Date": "Wed, 07 Apr 2021 15:18:16 GMT",
        "ETag": "W/\u0022datetime\u00272021-04-07T15%3A18%3A16.7462920Z\u0027\u0022",
        "Location": "https://chrisstablesprim.table.cosmos.azure.com/Tables(\u0027testtablermvrk8eb\u0027)",
        "Server": "Microsoft-HTTPAPI/2.0",
        "Transfer-Encoding": "chunked",
        "x-ms-request-id": "4c57b143-dd8a-1361-a7e7-65cc3c14dd14"
      },
      "ResponseBody": {
        "TableName": "testtablermvrk8eb",
        "odata.metadata": "https://chrisstablesprim.table.cosmos.azure.com/$metadata#Tables/@Element"
      }
    },
    {
      "RequestUri": "https://chrisstablesprim.table.cosmos.azure.com/Tables?$format=application%2Fjson%3Bodata%3Dminimalmetadata",
      "RequestMethod": "POST",
      "RequestHeaders": {
        "Accept": "application/json; odata=minimalmetadata",
        "Authorization": "Sanitized",
        "Content-Length": "33",
        "Content-Type": "application/json; odata=nometadata",
        "DataServiceVersion": "3.0",
        "traceparent": "00-a2f64a0379f0a74693cc73e4fcd87690-e66fbb6ddaadf642-00",
        "User-Agent": [
          "azsdk-net-Data.Tables/12.0.0-alpha.20210407.1",
          "(.NET Core 4.6.29812.02; Microsoft Windows 10.0.19042 )"
        ],
        "x-ms-client-request-id": "fbcf9efa82bb8be4d0a7a5d9e84a5bfe",
        "x-ms-date": "Wed, 07 Apr 2021 15:18:17 GMT",
        "x-ms-return-client-request-id": "true",
        "x-ms-version": "2019-02-02"
      },
      "RequestBody": {
        "TableName": "testtabler2xlwmkf"
      },
      "StatusCode": 201,
      "ResponseHeaders": {
        "Content-Type": "application/json; odata=minimalmetadata",
        "Date": "Wed, 07 Apr 2021 15:18:17 GMT",
        "ETag": "W/\u0022datetime\u00272021-04-07T15%3A18%3A17.3516808Z\u0027\u0022",
        "Location": "https://chrisstablesprim.table.cosmos.azure.com/Tables(\u0027testtabler2xlwmkf\u0027)",
        "Server": "Microsoft-HTTPAPI/2.0",
        "Transfer-Encoding": "chunked",
        "x-ms-request-id": "fbcf9efa-82bb-8be4-d0a7-a5d9e84a5bfe"
      },
      "ResponseBody": {
        "TableName": "testtabler2xlwmkf",
        "odata.metadata": "https://chrisstablesprim.table.cosmos.azure.com/$metadata#Tables/@Element"
      }
    },
    {
      "RequestUri": "https://chrisstablesprim.table.cosmos.azure.com/Tables?$format=application%2Fjson%3Bodata%3Dminimalmetadata",
      "RequestMethod": "POST",
      "RequestHeaders": {
        "Accept": "application/json; odata=minimalmetadata",
        "Authorization": "Sanitized",
        "Content-Length": "33",
        "Content-Type": "application/json; odata=nometadata",
        "DataServiceVersion": "3.0",
        "traceparent": "00-4068fcbba1e2e04caffd63ac2edc85af-ce1f7540eec0b74c-00",
        "User-Agent": [
          "azsdk-net-Data.Tables/12.0.0-alpha.20210407.1",
          "(.NET Core 4.6.29812.02; Microsoft Windows 10.0.19042 )"
        ],
        "x-ms-client-request-id": "38522b0c6a7a29a4950e51eb0e665725",
        "x-ms-date": "Wed, 07 Apr 2021 15:18:18 GMT",
        "x-ms-return-client-request-id": "true",
        "x-ms-version": "2019-02-02"
      },
      "RequestBody": {
        "TableName": "testtable3dezrv9l"
      },
      "StatusCode": 201,
      "ResponseHeaders": {
        "Content-Type": "application/json; odata=minimalmetadata",
        "Date": "Wed, 07 Apr 2021 15:18:17 GMT",
        "ETag": "W/\u0022datetime\u00272021-04-07T15%3A18%3A17.9805192Z\u0027\u0022",
        "Location": "https://chrisstablesprim.table.cosmos.azure.com/Tables(\u0027testtable3dezrv9l\u0027)",
        "Server": "Microsoft-HTTPAPI/2.0",
        "Transfer-Encoding": "chunked",
        "x-ms-request-id": "38522b0c-6a7a-29a4-950e-51eb0e665725"
      },
      "ResponseBody": {
        "TableName": "testtable3dezrv9l",
        "odata.metadata": "https://chrisstablesprim.table.cosmos.azure.com/$metadata#Tables/@Element"
      }
    },
    {
      "RequestUri": "https://chrisstablesprim.table.cosmos.azure.com/Tables?$format=application%2Fjson%3Bodata%3Dminimalmetadata",
      "RequestMethod": "POST",
      "RequestHeaders": {
        "Accept": "application/json; odata=minimalmetadata",
        "Authorization": "Sanitized",
        "Content-Length": "33",
        "Content-Type": "application/json; odata=nometadata",
        "DataServiceVersion": "3.0",
        "traceparent": "00-001f6003fa6f9247ac965b6526352f4d-4805916eb706024d-00",
        "User-Agent": [
          "azsdk-net-Data.Tables/12.0.0-alpha.20210407.1",
          "(.NET Core 4.6.29812.02; Microsoft Windows 10.0.19042 )"
        ],
        "x-ms-client-request-id": "b02f787fcd9157228a95ee9030ab1165",
        "x-ms-date": "Wed, 07 Apr 2021 15:18:18 GMT",
        "x-ms-return-client-request-id": "true",
        "x-ms-version": "2019-02-02"
      },
      "RequestBody": {
        "TableName": "testtablem5fgk1id"
      },
      "StatusCode": 201,
      "ResponseHeaders": {
        "Content-Type": "application/json; odata=minimalmetadata",
        "Date": "Wed, 07 Apr 2021 15:18:18 GMT",
        "ETag": "W/\u0022datetime\u00272021-04-07T15%3A18%3A18.6071048Z\u0027\u0022",
        "Location": "https://chrisstablesprim.table.cosmos.azure.com/Tables(\u0027testtablem5fgk1id\u0027)",
        "Server": "Microsoft-HTTPAPI/2.0",
        "Transfer-Encoding": "chunked",
        "x-ms-request-id": "b02f787f-cd91-5722-8a95-ee9030ab1165"
      },
      "ResponseBody": {
        "TableName": "testtablem5fgk1id",
        "odata.metadata": "https://chrisstablesprim.table.cosmos.azure.com/$metadata#Tables/@Element"
      }
    },
    {
      "RequestUri": "https://chrisstablesprim.table.cosmos.azure.com/Tables?$format=application%2Fjson%3Bodata%3Dminimalmetadata",
      "RequestMethod": "POST",
      "RequestHeaders": {
        "Accept": "application/json; odata=minimalmetadata",
        "Authorization": "Sanitized",
        "Content-Length": "33",
        "Content-Type": "application/json; odata=nometadata",
        "DataServiceVersion": "3.0",
        "traceparent": "00-0573d7902aeddf41add1b086ba5eaeaa-4306ffb473d6884c-00",
        "User-Agent": [
          "azsdk-net-Data.Tables/12.0.0-alpha.20210407.1",
          "(.NET Core 4.6.29812.02; Microsoft Windows 10.0.19042 )"
        ],
        "x-ms-client-request-id": "4c4b64c27ea707ccff94b9023bf398c7",
        "x-ms-date": "Wed, 07 Apr 2021 15:18:19 GMT",
        "x-ms-return-client-request-id": "true",
        "x-ms-version": "2019-02-02"
      },
      "RequestBody": {
        "TableName": "testtable1qsabtky"
      },
      "StatusCode": 201,
      "ResponseHeaders": {
        "Content-Type": "application/json; odata=minimalmetadata",
        "Date": "Wed, 07 Apr 2021 15:18:18 GMT",
        "ETag": "W/\u0022datetime\u00272021-04-07T15%3A18%3A19.2275464Z\u0027\u0022",
        "Location": "https://chrisstablesprim.table.cosmos.azure.com/Tables(\u0027testtable1qsabtky\u0027)",
        "Server": "Microsoft-HTTPAPI/2.0",
        "Transfer-Encoding": "chunked",
        "x-ms-request-id": "4c4b64c2-7ea7-07cc-ff94-b9023bf398c7"
      },
      "ResponseBody": {
        "TableName": "testtable1qsabtky",
        "odata.metadata": "https://chrisstablesprim.table.cosmos.azure.com/$metadata#Tables/@Element"
      }
    },
    {
      "RequestUri": "https://chrisstablesprim.table.cosmos.azure.com/Tables?$format=application%2Fjson%3Bodata%3Dminimalmetadata",
      "RequestMethod": "POST",
      "RequestHeaders": {
        "Accept": "application/json; odata=minimalmetadata",
        "Authorization": "Sanitized",
        "Content-Length": "33",
        "Content-Type": "application/json; odata=nometadata",
        "DataServiceVersion": "3.0",
        "traceparent": "00-ff2dd9aed285d84d80aa2f8b6a5efa71-3c678c886e185e49-00",
        "User-Agent": [
          "azsdk-net-Data.Tables/12.0.0-alpha.20210407.1",
          "(.NET Core 4.6.29812.02; Microsoft Windows 10.0.19042 )"
        ],
        "x-ms-client-request-id": "f19296c852c10fc4877fed2d82d6af0b",
        "x-ms-date": "Wed, 07 Apr 2021 15:18:20 GMT",
        "x-ms-return-client-request-id": "true",
        "x-ms-version": "2019-02-02"
      },
      "RequestBody": {
        "TableName": "testtable5aafod4u"
      },
      "StatusCode": 201,
      "ResponseHeaders": {
        "Content-Type": "application/json; odata=minimalmetadata",
        "Date": "Wed, 07 Apr 2021 15:18:19 GMT",
        "ETag": "W/\u0022datetime\u00272021-04-07T15%3A18%3A19.8590472Z\u0027\u0022",
        "Location": "https://chrisstablesprim.table.cosmos.azure.com/Tables(\u0027testtable5aafod4u\u0027)",
        "Server": "Microsoft-HTTPAPI/2.0",
        "Transfer-Encoding": "chunked",
        "x-ms-request-id": "f19296c8-52c1-0fc4-877f-ed2d82d6af0b"
      },
      "ResponseBody": {
        "TableName": "testtable5aafod4u",
        "odata.metadata": "https://chrisstablesprim.table.cosmos.azure.com/$metadata#Tables/@Element"
      }
    },
    {
      "RequestUri": "https://chrisstablesprim.table.cosmos.azure.com/Tables?$format=application%2Fjson%3Bodata%3Dminimalmetadata",
      "RequestMethod": "POST",
      "RequestHeaders": {
        "Accept": "application/json; odata=minimalmetadata",
        "Authorization": "Sanitized",
        "Content-Length": "33",
        "Content-Type": "application/json; odata=nometadata",
        "DataServiceVersion": "3.0",
        "traceparent": "00-5af2001c2f013f4386bc4c0a7a0d4185-6bcfe2a4e1fe3943-00",
        "User-Agent": [
          "azsdk-net-Data.Tables/12.0.0-alpha.20210407.1",
          "(.NET Core 4.6.29812.02; Microsoft Windows 10.0.19042 )"
        ],
        "x-ms-client-request-id": "ffee7be4770efb386ff38410ecda46ad",
        "x-ms-date": "Wed, 07 Apr 2021 15:18:20 GMT",
        "x-ms-return-client-request-id": "true",
        "x-ms-version": "2019-02-02"
      },
      "RequestBody": {
        "TableName": "testtablef8slzkn5"
      },
      "StatusCode": 201,
      "ResponseHeaders": {
        "Content-Type": "application/json; odata=minimalmetadata",
        "Date": "Wed, 07 Apr 2021 15:18:20 GMT",
        "ETag": "W/\u0022datetime\u00272021-04-07T15%3A18%3A20.4680200Z\u0027\u0022",
        "Location": "https://chrisstablesprim.table.cosmos.azure.com/Tables(\u0027testtablef8slzkn5\u0027)",
        "Server": "Microsoft-HTTPAPI/2.0",
        "Transfer-Encoding": "chunked",
        "x-ms-request-id": "ffee7be4-770e-fb38-6ff3-8410ecda46ad"
      },
      "ResponseBody": {
        "TableName": "testtablef8slzkn5",
        "odata.metadata": "https://chrisstablesprim.table.cosmos.azure.com/$metadata#Tables/@Element"
      }
    },
    {
      "RequestUri": "https://chrisstablesprim.table.cosmos.azure.com/Tables?$format=application%2Fjson%3Bodata%3Dminimalmetadata\u0026$filter=TableName%20eq%20%27testtablez4m4nmw4%27",
      "RequestMethod": "GET",
      "RequestHeaders": {
        "Accept": "application/json; odata=minimalmetadata",
        "Authorization": "Sanitized",
        "DataServiceVersion": "3.0",
        "traceparent": "00-7009aa0da88eb4448eece0cd50aafdfd-b4de64b49276b848-00",
        "User-Agent": [
          "azsdk-net-Data.Tables/12.0.0-alpha.20210407.1",
          "(.NET Core 4.6.29812.02; Microsoft Windows 10.0.19042 )"
        ],
        "x-ms-client-request-id": "bb7aa9d06b0615454a55b090365964b9",
        "x-ms-date": "Wed, 07 Apr 2021 15:18:21 GMT",
        "x-ms-return-client-request-id": "true",
        "x-ms-version": "2019-02-02"
      },
      "RequestBody": null,
      "StatusCode": 200,
      "ResponseHeaders": {
        "Content-Type": "application/json; odata=minimalmetadata",
        "Date": "Wed, 07 Apr 2021 15:18:20 GMT",
        "Server": "Microsoft-HTTPAPI/2.0",
        "Transfer-Encoding": "chunked",
        "x-ms-request-id": "bb7aa9d0-6b06-1545-4a55-b090365964b9"
      },
      "ResponseBody": {
        "value": [
          {
            "TableName": "testtablez4m4nmw4"
          }
        ],
        "odata.metadata": "https://chrisstablesprim.table.cosmos.azure.com/$metadata#Tables"
      }
    },
    {
      "RequestUri": "https://chrisstablesprim.table.cosmos.azure.com/Tables?$format=application%2Fjson%3Bodata%3Dminimalmetadata\u0026$filter=TableName%20eq%20%27testtablez4m4nmw4%27",
      "RequestMethod": "GET",
      "RequestHeaders": {
        "Accept": "application/json; odata=minimalmetadata",
        "Authorization": "Sanitized",
        "DataServiceVersion": "3.0",
        "traceparent": "00-5ef1603726d4c94ba73ab4bbd3c3c2e9-37dcae012085a64f-00",
        "User-Agent": [
          "azsdk-net-Data.Tables/12.0.0-alpha.20210407.1",
          "(.NET Core 4.6.29812.02; Microsoft Windows 10.0.19042 )"
        ],
        "x-ms-client-request-id": "450d836cc564100147f1bd8e519e1fee",
        "x-ms-date": "Wed, 07 Apr 2021 15:18:21 GMT",
        "x-ms-return-client-request-id": "true",
        "x-ms-version": "2019-02-02"
      },
      "RequestBody": null,
      "StatusCode": 200,
      "ResponseHeaders": {
        "Content-Type": "application/json; odata=minimalmetadata",
        "Date": "Wed, 07 Apr 2021 15:18:20 GMT",
        "Server": "Microsoft-HTTPAPI/2.0",
        "Transfer-Encoding": "chunked",
        "x-ms-request-id": "450d836c-c564-1001-47f1-bd8e519e1fee"
      },
      "ResponseBody": {
        "value": [
          {
            "TableName": "testtablez4m4nmw4"
          }
        ],
        "odata.metadata": "https://chrisstablesprim.table.cosmos.azure.com/$metadata#Tables"
      }
    },
    {
      "RequestUri": "https://chrisstablesprim.table.cosmos.azure.com/Tables(\u0027testtablew4hcdmmb\u0027)",
      "RequestMethod": "DELETE",
      "RequestHeaders": {
        "Accept": "application/json",
        "Authorization": "Sanitized",
        "traceparent": "00-eb4868e60ce26f43998ae52f4677f5bb-0427253153d28f43-00",
        "User-Agent": [
          "azsdk-net-Data.Tables/12.0.0-alpha.20210407.1",
          "(.NET Core 4.6.29812.02; Microsoft Windows 10.0.19042 )"
        ],
        "x-ms-client-request-id": "49cae3a06e94790835d8b4b9c7a7c515",
        "x-ms-date": "Wed, 07 Apr 2021 15:18:21 GMT",
        "x-ms-return-client-request-id": "true",
        "x-ms-version": "2019-02-02"
      },
      "RequestBody": null,
      "StatusCode": 204,
      "ResponseHeaders": {
        "Content-Length": "0",
        "Date": "Wed, 07 Apr 2021 15:18:20 GMT",
        "Server": "Microsoft-HTTPAPI/2.0",
        "x-ms-request-id": "49cae3a0-6e94-7908-35d8-b4b9c7a7c515"
      },
      "ResponseBody": []
    },
    {
      "RequestUri": "https://chrisstablesprim.table.cosmos.azure.com/Tables(\u0027testtable5sqcn139\u0027)",
      "RequestMethod": "DELETE",
      "RequestHeaders": {
        "Accept": "application/json",
        "Authorization": "Sanitized",
        "traceparent": "00-7c1c094dc5eda844875ab0ff99efe8f6-b671bbaf19664446-00",
        "User-Agent": [
          "azsdk-net-Data.Tables/12.0.0-alpha.20210407.1",
          "(.NET Core 4.6.29812.02; Microsoft Windows 10.0.19042 )"
        ],
        "x-ms-client-request-id": "68a4cb8e00cc0b49a7697314adb7c4ab",
        "x-ms-date": "Wed, 07 Apr 2021 15:18:21 GMT",
        "x-ms-return-client-request-id": "true",
        "x-ms-version": "2019-02-02"
      },
      "RequestBody": null,
      "StatusCode": 204,
      "ResponseHeaders": {
        "Content-Length": "0",
        "Date": "Wed, 07 Apr 2021 15:18:20 GMT",
        "Server": "Microsoft-HTTPAPI/2.0",
        "x-ms-request-id": "68a4cb8e-00cc-0b49-a769-7314adb7c4ab"
      },
      "ResponseBody": []
    },
    {
      "RequestUri": "https://chrisstablesprim.table.cosmos.azure.com/Tables(\u0027testtablenef9vtzu\u0027)",
      "RequestMethod": "DELETE",
      "RequestHeaders": {
        "Accept": "application/json",
        "Authorization": "Sanitized",
        "traceparent": "00-bd916fe33115774caf4513f7a88d648f-e7c4c7a7f323d44f-00",
        "User-Agent": [
          "azsdk-net-Data.Tables/12.0.0-alpha.20210407.1",
          "(.NET Core 4.6.29812.02; Microsoft Windows 10.0.19042 )"
        ],
        "x-ms-client-request-id": "53f0c1351b8ffd247a940f8b1047499f",
        "x-ms-date": "Wed, 07 Apr 2021 15:18:22 GMT",
        "x-ms-return-client-request-id": "true",
        "x-ms-version": "2019-02-02"
      },
      "RequestBody": null,
      "StatusCode": 204,
      "ResponseHeaders": {
        "Content-Length": "0",
        "Date": "Wed, 07 Apr 2021 15:18:22 GMT",
        "Server": "Microsoft-HTTPAPI/2.0",
        "x-ms-request-id": "53f0c135-1b8f-fd24-7a94-0f8b1047499f"
      },
      "ResponseBody": []
    },
    {
      "RequestUri": "https://chrisstablesprim.table.cosmos.azure.com/Tables(\u0027testtablermvrk8eb\u0027)",
      "RequestMethod": "DELETE",
      "RequestHeaders": {
        "Accept": "application/json",
        "Authorization": "Sanitized",
        "traceparent": "00-f9e8781de9d60b448e54e24ef76ebc06-76b0a8ca72a3034b-00",
        "User-Agent": [
          "azsdk-net-Data.Tables/12.0.0-alpha.20210407.1",
          "(.NET Core 4.6.29812.02; Microsoft Windows 10.0.19042 )"
        ],
        "x-ms-client-request-id": "86ffa82cb6fa9f2299bea12bfbf4cc7e",
        "x-ms-date": "Wed, 07 Apr 2021 15:18:22 GMT",
        "x-ms-return-client-request-id": "true",
        "x-ms-version": "2019-02-02"
      },
      "RequestBody": null,
      "StatusCode": 204,
      "ResponseHeaders": {
        "Content-Length": "0",
        "Date": "Wed, 07 Apr 2021 15:18:22 GMT",
        "Server": "Microsoft-HTTPAPI/2.0",
        "x-ms-request-id": "86ffa82c-b6fa-9f22-99be-a12bfbf4cc7e"
      },
      "ResponseBody": []
    },
    {
      "RequestUri": "https://chrisstablesprim.table.cosmos.azure.com/Tables(\u0027testtabler2xlwmkf\u0027)",
      "RequestMethod": "DELETE",
      "RequestHeaders": {
        "Accept": "application/json",
        "Authorization": "Sanitized",
        "traceparent": "00-479d86adae5f6d448a900b0cdff74c0b-8a5eb3502c7f4b43-00",
        "User-Agent": [
          "azsdk-net-Data.Tables/12.0.0-alpha.20210407.1",
          "(.NET Core 4.6.29812.02; Microsoft Windows 10.0.19042 )"
        ],
        "x-ms-client-request-id": "0684091471b77386a7a7ed38f1bdfb60",
        "x-ms-date": "Wed, 07 Apr 2021 15:18:22 GMT",
        "x-ms-return-client-request-id": "true",
        "x-ms-version": "2019-02-02"
      },
      "RequestBody": null,
      "StatusCode": 204,
      "ResponseHeaders": {
        "Content-Length": "0",
        "Date": "Wed, 07 Apr 2021 15:18:22 GMT",
        "Server": "Microsoft-HTTPAPI/2.0",
        "x-ms-request-id": "06840914-71b7-7386-a7a7-ed38f1bdfb60"
      },
      "ResponseBody": []
    },
    {
      "RequestUri": "https://chrisstablesprim.table.cosmos.azure.com/Tables(\u0027testtable3dezrv9l\u0027)",
      "RequestMethod": "DELETE",
      "RequestHeaders": {
        "Accept": "application/json",
        "Authorization": "Sanitized",
        "traceparent": "00-321ad9f2d4210f408e7b662cd86f6169-dac24a621d115649-00",
        "User-Agent": [
          "azsdk-net-Data.Tables/12.0.0-alpha.20210407.1",
          "(.NET Core 4.6.29812.02; Microsoft Windows 10.0.19042 )"
        ],
        "x-ms-client-request-id": "04e7d4203db77eb19e50b9d079f90286",
        "x-ms-date": "Wed, 07 Apr 2021 15:18:23 GMT",
        "x-ms-return-client-request-id": "true",
        "x-ms-version": "2019-02-02"
      },
      "RequestBody": null,
      "StatusCode": 204,
      "ResponseHeaders": {
        "Content-Length": "0",
        "Date": "Wed, 07 Apr 2021 15:18:22 GMT",
        "Server": "Microsoft-HTTPAPI/2.0",
        "x-ms-request-id": "04e7d420-3db7-7eb1-9e50-b9d079f90286"
      },
      "ResponseBody": []
    },
    {
      "RequestUri": "https://chrisstablesprim.table.cosmos.azure.com/Tables(\u0027testtablem5fgk1id\u0027)",
      "RequestMethod": "DELETE",
      "RequestHeaders": {
        "Accept": "application/json",
        "Authorization": "Sanitized",
        "traceparent": "00-06862aa81c98b746973c85b137ddaa9b-b47412736c68e94c-00",
        "User-Agent": [
          "azsdk-net-Data.Tables/12.0.0-alpha.20210407.1",
          "(.NET Core 4.6.29812.02; Microsoft Windows 10.0.19042 )"
        ],
        "x-ms-client-request-id": "067791c843c3bae8218cdf52c8eaaedc",
        "x-ms-date": "Wed, 07 Apr 2021 15:18:23 GMT",
        "x-ms-return-client-request-id": "true",
        "x-ms-version": "2019-02-02"
      },
      "RequestBody": null,
      "StatusCode": 204,
      "ResponseHeaders": {
        "Content-Length": "0",
        "Date": "Wed, 07 Apr 2021 15:18:23 GMT",
        "Server": "Microsoft-HTTPAPI/2.0",
        "x-ms-request-id": "067791c8-43c3-bae8-218c-df52c8eaaedc"
      },
      "ResponseBody": []
    },
    {
      "RequestUri": "https://chrisstablesprim.table.cosmos.azure.com/Tables(\u0027testtable1qsabtky\u0027)",
      "RequestMethod": "DELETE",
      "RequestHeaders": {
        "Accept": "application/json",
        "Authorization": "Sanitized",
        "traceparent": "00-edf00cff9dcfb9438f4e2ab20855a56a-3a300df8ab3a7343-00",
        "User-Agent": [
          "azsdk-net-Data.Tables/12.0.0-alpha.20210407.1",
          "(.NET Core 4.6.29812.02; Microsoft Windows 10.0.19042 )"
        ],
        "x-ms-client-request-id": "260a41c2c70cd6c758056767b8b5f9ad",
        "x-ms-date": "Wed, 07 Apr 2021 15:18:23 GMT",
        "x-ms-return-client-request-id": "true",
        "x-ms-version": "2019-02-02"
      },
      "RequestBody": null,
      "StatusCode": 204,
      "ResponseHeaders": {
        "Content-Length": "0",
        "Date": "Wed, 07 Apr 2021 15:18:23 GMT",
        "Server": "Microsoft-HTTPAPI/2.0",
        "x-ms-request-id": "260a41c2-c70c-d6c7-5805-6767b8b5f9ad"
      },
      "ResponseBody": []
    },
    {
      "RequestUri": "https://chrisstablesprim.table.cosmos.azure.com/Tables(\u0027testtable5aafod4u\u0027)",
      "RequestMethod": "DELETE",
      "RequestHeaders": {
        "Accept": "application/json",
        "Authorization": "Sanitized",
        "traceparent": "00-9950a31e1867e74181523fe35cb0c259-e358797bc3b7244f-00",
        "User-Agent": [
          "azsdk-net-Data.Tables/12.0.0-alpha.20210407.1",
          "(.NET Core 4.6.29812.02; Microsoft Windows 10.0.19042 )"
        ],
        "x-ms-client-request-id": "5f6f67a5f546dc9cec2ce32b5d5eb5b4",
        "x-ms-date": "Wed, 07 Apr 2021 15:18:24 GMT",
        "x-ms-return-client-request-id": "true",
        "x-ms-version": "2019-02-02"
      },
      "RequestBody": null,
      "StatusCode": 204,
      "ResponseHeaders": {
        "Content-Length": "0",
        "Date": "Wed, 07 Apr 2021 15:18:23 GMT",
        "Server": "Microsoft-HTTPAPI/2.0",
        "x-ms-request-id": "5f6f67a5-f546-dc9c-ec2c-e32b5d5eb5b4"
      },
      "ResponseBody": []
    },
    {
      "RequestUri": "https://chrisstablesprim.table.cosmos.azure.com/Tables(\u0027testtablef8slzkn5\u0027)",
      "RequestMethod": "DELETE",
      "RequestHeaders": {
        "Accept": "application/json",
        "Authorization": "Sanitized",
        "traceparent": "00-675017cc54df7a4986f80e89396912b5-bf84b814abaacc4f-00",
        "User-Agent": [
          "azsdk-net-Data.Tables/12.0.0-alpha.20210407.1",
          "(.NET Core 4.6.29812.02; Microsoft Windows 10.0.19042 )"
        ],
        "x-ms-client-request-id": "380ddda1dbee007acaa0aebedb80026b",
        "x-ms-date": "Wed, 07 Apr 2021 15:18:24 GMT",
        "x-ms-return-client-request-id": "true",
        "x-ms-version": "2019-02-02"
      },
      "RequestBody": null,
      "StatusCode": 204,
      "ResponseHeaders": {
        "Content-Length": "0",
        "Date": "Wed, 07 Apr 2021 15:18:24 GMT",
        "Server": "Microsoft-HTTPAPI/2.0",
        "x-ms-request-id": "380ddda1-dbee-007a-caa0-aebedb80026b"
      },
      "ResponseBody": []
    },
    {
      "RequestUri": "https://chrisstablesprim.table.cosmos.azure.com/Tables(\u0027testtablez4m4nmw4\u0027)",
      "RequestMethod": "DELETE",
      "RequestHeaders": {
        "Accept": "application/json",
        "Authorization": "Sanitized",
        "traceparent": "00-8237c9af57e71f438f9c0c5870fa5adc-10bc5b98ea14d54a-00",
        "User-Agent": [
          "azsdk-net-Data.Tables/12.0.0-alpha.20210407.1",
          "(.NET Core 4.6.29812.02; Microsoft Windows 10.0.19042 )"
        ],
        "x-ms-client-request-id": "61ad31924e7acd96a52d3adfe49b78f9",
        "x-ms-date": "Wed, 07 Apr 2021 15:18:24 GMT",
        "x-ms-return-client-request-id": "true",
        "x-ms-version": "2019-02-02"
      },
      "RequestBody": null,
      "StatusCode": 204,
      "ResponseHeaders": {
        "Content-Length": "0",
        "Date": "Wed, 07 Apr 2021 15:18:24 GMT",
        "Server": "Microsoft-HTTPAPI/2.0",
        "x-ms-request-id": "61ad3192-4e7a-cd96-a52d-3adfe49b78f9"
      },
      "ResponseBody": []
    }
  ],
  "Variables": {
    "COSMOS_TABLES_ENDPOINT_SUFFIX": null,
    "RandomSeed": "439959431",
    "TABLES_COSMOS_ACCOUNT_NAME": "chrisstablesprim",
    "TABLES_PRIMARY_COSMOS_ACCOUNT_KEY": "Kg=="
  }
}