{
  "Entries": [
    {
      "RequestUri": "https://td29f528fe8af4d53prim.table.cosmos.azure.com/Tables?$format=application%2Fjson%3Bodata%3Dminimalmetadata",
      "RequestMethod": "POST",
      "RequestHeaders": {
        "Accept": [
          "application/json",
          "application/json; odata=minimalmetadata"
        ],
        "Authorization": "Sanitized",
        "Content-Length": "33",
        "Content-Type": "application/json; odata=nometadata",
        "DataServiceVersion": "3.0",
        "traceparent": "00-91a0a3c18c3f8a46b2034598e4a34954-4830cbb7c3f8184b-00",
        "User-Agent": [
          "azsdk-net-Data.Tables/1.0.0-dev.20200820.3",
          "(.NET Core 4.6.27514.02; Microsoft Windows 10.0.17763 )"
        ],
        "x-ms-client-request-id": "613197315a7f2244636be62c83132a7f",
        "x-ms-date": "Thu, 20 Aug 2020 22:35:01 GMT",
        "x-ms-return-client-request-id": "true",
        "x-ms-version": "2019-02-02"
      },
      "RequestBody": {
        "TableName": "testtablepcgihdqq"
      },
      "StatusCode": 429,
      "ResponseHeaders": {
        "Content-Type": "application/json",
        "Date": "Thu, 20 Aug 2020 22:35:00 GMT",
        "Server": "Microsoft-HTTPAPI/2.0",
        "Transfer-Encoding": "chunked",
        "x-ms-request-id": "61319731-5a7f-2244-636b-e62c83132a7f"
      },
      "ResponseBody": [
        "{\u0022odata.error\u0022:{\u0022code\u0022:\u0022429\u0022,\u0022message\u0022:{\u0022lang\u0022:\u0022en-us\u0022,\u0022value\u0022:\u0022Message: {\\\u0022Errors\\\u0022:[\\\u0022Request rate is large. More Request Units may be needed, so no changes were made. Please retry this request later. Learn more: http://aka.ms/cosmosdb-error-429\\\u0022]}\\r\\nActivityId: 9b9d9562-8979-4fb5-8451-b6b5eed7efe1, Request URI: /apps/8b1ea712-4dfc-487e-9abf-91bcc14490f4/services/c147baaa-111c-48fc-95e8-b755505443e5/partitions/d9177690-41e2-486f-b7ca-e933272ef14d/replicas/132424089643911810p, RequestStats: , SDK: Microsoft.Azure.Documents.Common/2.11.0, documentdb-dotnet-sdk/2.11.0 Host/64-bit MicrosoftWindowsNT/6.2.9200.0\\nRequestID:61319731-5a7f-2244-636b-e62c83132a7f\\n\u0022}}}\r\n"
      ]
    },
    {
      "RequestUri": "https://td29f528fe8af4d53prim.table.cosmos.azure.com/Tables?$format=application%2Fjson%3Bodata%3Dminimalmetadata",
      "RequestMethod": "POST",
      "RequestHeaders": {
        "Accept": [
          "application/json",
          "application/json; odata=minimalmetadata"
        ],
        "Authorization": "Sanitized",
        "Content-Length": "33",
        "Content-Type": "application/json; odata=nometadata",
        "DataServiceVersion": "3.0",
        "traceparent": "00-91a0a3c18c3f8a46b2034598e4a34954-4830cbb7c3f8184b-00",
        "User-Agent": [
          "azsdk-net-Data.Tables/1.0.0-dev.20200820.3",
          "(.NET Core 4.6.27514.02; Microsoft Windows 10.0.17763 )"
        ],
        "x-ms-client-request-id": "613197315a7f2244636be62c83132a7f",
        "x-ms-date": "Thu, 20 Aug 2020 22:35:02 GMT",
        "x-ms-return-client-request-id": "true",
        "x-ms-version": "2019-02-02"
      },
      "RequestBody": {
        "TableName": "testtablepcgihdqq"
      },
      "StatusCode": 429,
      "ResponseHeaders": {
        "Content-Type": "application/json",
        "Date": "Thu, 20 Aug 2020 22:35:02 GMT",
        "Server": "Microsoft-HTTPAPI/2.0",
        "Transfer-Encoding": "chunked",
        "x-ms-request-id": "61319731-5a7f-2244-636b-e62c83132a7f"
      },
      "ResponseBody": [
        "{\u0022odata.error\u0022:{\u0022code\u0022:\u0022429\u0022,\u0022message\u0022:{\u0022lang\u0022:\u0022en-us\u0022,\u0022value\u0022:\u0022Message: {\\\u0022Errors\\\u0022:[\\\u0022Request rate is large. More Request Units may be needed, so no changes were made. Please retry this request later. Learn more: http://aka.ms/cosmosdb-error-429\\\u0022]}\\r\\nActivityId: c0fe7bf8-c997-4161-8007-16c27abe6d7c, Request URI: /apps/8b1ea712-4dfc-487e-9abf-91bcc14490f4/services/c147baaa-111c-48fc-95e8-b755505443e5/partitions/d9177690-41e2-486f-b7ca-e933272ef14d/replicas/132424089643911810p, RequestStats: , SDK: Microsoft.Azure.Documents.Common/2.11.0, documentdb-dotnet-sdk/2.11.0 Host/64-bit MicrosoftWindowsNT/6.2.9200.0\\nRequestID:61319731-5a7f-2244-636b-e62c83132a7f\\n\u0022}}}\r\n"
      ]
    },
    {
      "RequestUri": "https://td29f528fe8af4d53prim.table.cosmos.azure.com/Tables?$format=application%2Fjson%3Bodata%3Dminimalmetadata",
      "RequestMethod": "POST",
      "RequestHeaders": {
        "Accept": [
          "application/json",
          "application/json; odata=minimalmetadata"
        ],
        "Authorization": "Sanitized",
        "Content-Length": "33",
        "Content-Type": "application/json; odata=nometadata",
        "DataServiceVersion": "3.0",
        "traceparent": "00-91a0a3c18c3f8a46b2034598e4a34954-4830cbb7c3f8184b-00",
        "User-Agent": [
          "azsdk-net-Data.Tables/1.0.0-dev.20200820.3",
          "(.NET Core 4.6.27514.02; Microsoft Windows 10.0.17763 )"
        ],
        "x-ms-client-request-id": "613197315a7f2244636be62c83132a7f",
        "x-ms-date": "Thu, 20 Aug 2020 22:35:04 GMT",
        "x-ms-return-client-request-id": "true",
        "x-ms-version": "2019-02-02"
      },
      "RequestBody": {
        "TableName": "testtablepcgihdqq"
      },
      "StatusCode": 429,
      "ResponseHeaders": {
        "Content-Type": "application/json",
        "Date": "Thu, 20 Aug 2020 22:35:04 GMT",
        "Server": "Microsoft-HTTPAPI/2.0",
        "Transfer-Encoding": "chunked",
        "x-ms-request-id": "61319731-5a7f-2244-636b-e62c83132a7f"
      },
      "ResponseBody": [
        "{\u0022odata.error\u0022:{\u0022code\u0022:\u0022429\u0022,\u0022message\u0022:{\u0022lang\u0022:\u0022en-us\u0022,\u0022value\u0022:\u0022Message: {\\\u0022Errors\\\u0022:[\\\u0022Request rate is large. More Request Units may be needed, so no changes were made. Please retry this request later. Learn more: http://aka.ms/cosmosdb-error-429\\\u0022]}\\r\\nActivityId: 88aaf854-661b-463d-a3db-83c643ca92f7, Request URI: /apps/8b1ea712-4dfc-487e-9abf-91bcc14490f4/services/c147baaa-111c-48fc-95e8-b755505443e5/partitions/d9177690-41e2-486f-b7ca-e933272ef14d/replicas/132424089643911810p, RequestStats: , SDK: Microsoft.Azure.Documents.Common/2.11.0, documentdb-dotnet-sdk/2.11.0 Host/64-bit MicrosoftWindowsNT/6.2.9200.0\\nRequestID:61319731-5a7f-2244-636b-e62c83132a7f\\n\u0022}}}\r\n"
      ]
    },
    {
      "RequestUri": "https://td29f528fe8af4d53prim.table.cosmos.azure.com/Tables?$format=application%2Fjson%3Bodata%3Dminimalmetadata",
      "RequestMethod": "POST",
      "RequestHeaders": {
        "Accept": [
          "application/json",
          "application/json; odata=minimalmetadata"
        ],
        "Authorization": "Sanitized",
        "Content-Length": "33",
        "Content-Type": "application/json; odata=nometadata",
        "DataServiceVersion": "3.0",
        "traceparent": "00-91a0a3c18c3f8a46b2034598e4a34954-4830cbb7c3f8184b-00",
        "User-Agent": [
          "azsdk-net-Data.Tables/1.0.0-dev.20200820.3",
          "(.NET Core 4.6.27514.02; Microsoft Windows 10.0.17763 )"
        ],
        "x-ms-client-request-id": "613197315a7f2244636be62c83132a7f",
        "x-ms-date": "Thu, 20 Aug 2020 22:35:07 GMT",
        "x-ms-return-client-request-id": "true",
        "x-ms-version": "2019-02-02"
      },
      "RequestBody": {
        "TableName": "testtablepcgihdqq"
      },
      "StatusCode": 429,
      "ResponseHeaders": {
        "Content-Type": "application/json",
        "Date": "Thu, 20 Aug 2020 22:35:07 GMT",
        "Server": "Microsoft-HTTPAPI/2.0",
        "Transfer-Encoding": "chunked",
        "x-ms-request-id": "61319731-5a7f-2244-636b-e62c83132a7f"
      },
      "ResponseBody": [
        "{\u0022odata.error\u0022:{\u0022code\u0022:\u0022429\u0022,\u0022message\u0022:{\u0022lang\u0022:\u0022en-us\u0022,\u0022value\u0022:\u0022Message: {\\\u0022Errors\\\u0022:[\\\u0022Request rate is large. More Request Units may be needed, so no changes were made. Please retry this request later. Learn more: http://aka.ms/cosmosdb-error-429\\\u0022]}\\r\\nActivityId: 53fa9823-ad1a-42d9-9b75-1b1dbbe99397, Request URI: /apps/8b1ea712-4dfc-487e-9abf-91bcc14490f4/services/c147baaa-111c-48fc-95e8-b755505443e5/partitions/d9177690-41e2-486f-b7ca-e933272ef14d/replicas/132424089643911810p, RequestStats: , SDK: Microsoft.Azure.Documents.Common/2.11.0, documentdb-dotnet-sdk/2.11.0 Host/64-bit MicrosoftWindowsNT/6.2.9200.0\\nRequestID:61319731-5a7f-2244-636b-e62c83132a7f\\n\u0022}}}\r\n"
      ]
    },
    {
      "RequestUri": "https://td29f528fe8af4d53prim.table.cosmos.azure.com/Tables?$format=application%2Fjson%3Bodata%3Dminimalmetadata",
      "RequestMethod": "POST",
      "RequestHeaders": {
        "Accept": [
          "application/json",
          "application/json; odata=minimalmetadata"
        ],
        "Authorization": "Sanitized",
        "Content-Length": "33",
        "Content-Type": "application/json; odata=nometadata",
        "DataServiceVersion": "3.0",
        "traceparent": "00-025f9074403aea42a34cca9109634395-32cd1868d320494c-00",
        "User-Agent": [
          "azsdk-net-Data.Tables/1.0.0-dev.20200820.3",
          "(.NET Core 4.6.27514.02; Microsoft Windows 10.0.17763 )"
        ],
        "x-ms-client-request-id": "6f121b9f5a8e6b599a3ea81de0f981e8",
        "x-ms-date": "Thu, 20 Aug 2020 22:35:09 GMT",
        "x-ms-return-client-request-id": "true",
        "x-ms-version": "2019-02-02"
      },
      "RequestBody": {
        "TableName": "testtablepcgihdqq"
      },
      "StatusCode": 429,
      "ResponseHeaders": {
        "Content-Type": "application/json",
        "Date": "Thu, 20 Aug 2020 22:35:09 GMT",
        "Server": "Microsoft-HTTPAPI/2.0",
        "Transfer-Encoding": "chunked",
        "x-ms-request-id": "6f121b9f-5a8e-6b59-9a3e-a81de0f981e8"
      },
      "ResponseBody": [
        "{\u0022odata.error\u0022:{\u0022code\u0022:\u0022429\u0022,\u0022message\u0022:{\u0022lang\u0022:\u0022en-us\u0022,\u0022value\u0022:\u0022Message: {\\\u0022Errors\\\u0022:[\\\u0022Request rate is large. More Request Units may be needed, so no changes were made. Please retry this request later. Learn more: http://aka.ms/cosmosdb-error-429\\\u0022]}\\r\\nActivityId: 608e2024-264b-45f6-9e0d-a947ed01ad59, Request URI: /apps/8b1ea712-4dfc-487e-9abf-91bcc14490f4/services/c147baaa-111c-48fc-95e8-b755505443e5/partitions/d9177690-41e2-486f-b7ca-e933272ef14d/replicas/132424089643911810p, RequestStats: , SDK: Microsoft.Azure.Documents.Common/2.11.0, documentdb-dotnet-sdk/2.11.0 Host/64-bit MicrosoftWindowsNT/6.2.9200.0\\nRequestID:6f121b9f-5a8e-6b59-9a3e-a81de0f981e8\\n\u0022}}}\r\n"
      ]
    },
    {
      "RequestUri": "https://td29f528fe8af4d53prim.table.cosmos.azure.com/Tables?$format=application%2Fjson%3Bodata%3Dminimalmetadata",
      "RequestMethod": "POST",
      "RequestHeaders": {
        "Accept": [
          "application/json",
          "application/json; odata=minimalmetadata"
        ],
        "Authorization": "Sanitized",
        "Content-Length": "33",
        "Content-Type": "application/json; odata=nometadata",
        "DataServiceVersion": "3.0",
        "traceparent": "00-025f9074403aea42a34cca9109634395-32cd1868d320494c-00",
        "User-Agent": [
          "azsdk-net-Data.Tables/1.0.0-dev.20200820.3",
          "(.NET Core 4.6.27514.02; Microsoft Windows 10.0.17763 )"
        ],
        "x-ms-client-request-id": "6f121b9f5a8e6b599a3ea81de0f981e8",
        "x-ms-date": "Thu, 20 Aug 2020 22:35:10 GMT",
        "x-ms-return-client-request-id": "true",
        "x-ms-version": "2019-02-02"
      },
      "RequestBody": {
        "TableName": "testtablepcgihdqq"
      },
      "StatusCode": 201,
      "ResponseHeaders": {
        "Content-Type": "application/json",
        "Date": "Thu, 20 Aug 2020 22:35:10 GMT",
        "ETag": "W/\u0022datetime\u00272020-08-20T22%3A35%3A10.2902280Z\u0027\u0022",
        "Location": "https://td29f528fe8af4d53prim.table.cosmos.azure.com/Tables(\u0027testtablepcgihdqq\u0027)",
        "Server": "Microsoft-HTTPAPI/2.0",
        "Transfer-Encoding": "chunked",
        "x-ms-request-id": "6f121b9f-5a8e-6b59-9a3e-a81de0f981e8"
      },
      "ResponseBody": {
        "TableName": "testtablepcgihdqq",
        "odata.metadata": "https://td29f528fe8af4d53prim.table.cosmos.azure.com/$metadata#Tables/@Element"
      }
    },
    {
      "RequestUri": "https://td29f528fe8af4d53prim.table.cosmos.azure.com/Tables?$format=application%2Fjson%3Bodata%3Dminimalmetadata",
      "RequestMethod": "POST",
      "RequestHeaders": {
        "Accept": [
          "application/json",
          "application/json; odata=minimalmetadata"
        ],
        "Authorization": "Sanitized",
        "Content-Length": "33",
        "Content-Type": "application/json; odata=nometadata",
        "DataServiceVersion": "3.0",
        "traceparent": "00-b1a3821b7f50944a8f0ae4c683045bb6-217b1f8017961c4a-00",
        "User-Agent": [
          "azsdk-net-Data.Tables/1.0.0-dev.20200820.3",
          "(.NET Core 4.6.27514.02; Microsoft Windows 10.0.17763 )"
        ],
        "x-ms-client-request-id": "dc95e57e02a5496490980666609b9ed7",
        "x-ms-date": "Thu, 20 Aug 2020 22:35:10 GMT",
        "x-ms-return-client-request-id": "true",
        "x-ms-version": "2019-02-02"
      },
      "RequestBody": {
        "TableName": "testtabledm19d3ij"
      },
      "StatusCode": 429,
      "ResponseHeaders": {
        "Content-Type": "application/json",
        "Date": "Thu, 20 Aug 2020 22:35:10 GMT",
        "Server": "Microsoft-HTTPAPI/2.0",
        "Transfer-Encoding": "chunked",
        "x-ms-request-id": "dc95e57e-02a5-4964-9098-0666609b9ed7"
      },
      "ResponseBody": [
        "{\u0022odata.error\u0022:{\u0022code\u0022:\u0022429\u0022,\u0022message\u0022:{\u0022lang\u0022:\u0022en-us\u0022,\u0022value\u0022:\u0022Message: {\\\u0022Errors\\\u0022:[\\\u0022Request rate is large. More Request Units may be needed, so no changes were made. Please retry this request later. Learn more: http://aka.ms/cosmosdb-error-429\\\u0022]}\\r\\nActivityId: e32b62d5-cffd-4a67-9515-b0b3ef357b24, Request URI: /apps/8b1ea712-4dfc-487e-9abf-91bcc14490f4/services/c147baaa-111c-48fc-95e8-b755505443e5/partitions/d9177690-41e2-486f-b7ca-e933272ef14d/replicas/132424089643911810p, RequestStats: , SDK: Microsoft.Azure.Documents.Common/2.11.0, documentdb-dotnet-sdk/2.11.0 Host/64-bit MicrosoftWindowsNT/6.2.9200.0\\nRequestID:dc95e57e-02a5-4964-9098-0666609b9ed7\\n\u0022}}}\r\n"
      ]
    },
    {
      "RequestUri": "https://td29f528fe8af4d53prim.table.cosmos.azure.com/Tables?$format=application%2Fjson%3Bodata%3Dminimalmetadata",
      "RequestMethod": "POST",
      "RequestHeaders": {
        "Accept": [
          "application/json",
          "application/json; odata=minimalmetadata"
        ],
        "Authorization": "Sanitized",
        "Content-Length": "33",
        "Content-Type": "application/json; odata=nometadata",
        "DataServiceVersion": "3.0",
        "traceparent": "00-b1a3821b7f50944a8f0ae4c683045bb6-217b1f8017961c4a-00",
        "User-Agent": [
          "azsdk-net-Data.Tables/1.0.0-dev.20200820.3",
          "(.NET Core 4.6.27514.02; Microsoft Windows 10.0.17763 )"
        ],
        "x-ms-client-request-id": "dc95e57e02a5496490980666609b9ed7",
        "x-ms-date": "Thu, 20 Aug 2020 22:35:11 GMT",
        "x-ms-return-client-request-id": "true",
        "x-ms-version": "2019-02-02"
      },
      "RequestBody": {
        "TableName": "testtabledm19d3ij"
      },
      "StatusCode": 429,
      "ResponseHeaders": {
        "Content-Type": "application/json",
        "Date": "Thu, 20 Aug 2020 22:35:11 GMT",
        "Server": "Microsoft-HTTPAPI/2.0",
        "Transfer-Encoding": "chunked",
        "x-ms-request-id": "dc95e57e-02a5-4964-9098-0666609b9ed7"
      },
      "ResponseBody": [
        "{\u0022odata.error\u0022:{\u0022code\u0022:\u0022429\u0022,\u0022message\u0022:{\u0022lang\u0022:\u0022en-us\u0022,\u0022value\u0022:\u0022Message: {\\\u0022Errors\\\u0022:[\\\u0022Request rate is large. More Request Units may be needed, so no changes were made. Please retry this request later. Learn more: http://aka.ms/cosmosdb-error-429\\\u0022]}\\r\\nActivityId: cd42244e-b2ac-457a-b241-adad4bafc46f, Request URI: /apps/8b1ea712-4dfc-487e-9abf-91bcc14490f4/services/c147baaa-111c-48fc-95e8-b755505443e5/partitions/d9177690-41e2-486f-b7ca-e933272ef14d/replicas/132424089643911810p, RequestStats: , SDK: Microsoft.Azure.Documents.Common/2.11.0, documentdb-dotnet-sdk/2.11.0 Host/64-bit MicrosoftWindowsNT/6.2.9200.0\\nRequestID:dc95e57e-02a5-4964-9098-0666609b9ed7\\n\u0022}}}\r\n"
      ]
    },
    {
      "RequestUri": "https://td29f528fe8af4d53prim.table.cosmos.azure.com/Tables?$format=application%2Fjson%3Bodata%3Dminimalmetadata",
      "RequestMethod": "POST",
      "RequestHeaders": {
        "Accept": [
          "application/json",
          "application/json; odata=minimalmetadata"
        ],
        "Authorization": "Sanitized",
        "Content-Length": "33",
        "Content-Type": "application/json; odata=nometadata",
        "DataServiceVersion": "3.0",
        "traceparent": "00-b1a3821b7f50944a8f0ae4c683045bb6-217b1f8017961c4a-00",
        "User-Agent": [
          "azsdk-net-Data.Tables/1.0.0-dev.20200820.3",
          "(.NET Core 4.6.27514.02; Microsoft Windows 10.0.17763 )"
        ],
        "x-ms-client-request-id": "dc95e57e02a5496490980666609b9ed7",
        "x-ms-date": "Thu, 20 Aug 2020 22:35:13 GMT",
        "x-ms-return-client-request-id": "true",
        "x-ms-version": "2019-02-02"
      },
      "RequestBody": {
        "TableName": "testtabledm19d3ij"
      },
      "StatusCode": 429,
      "ResponseHeaders": {
        "Content-Type": "application/json",
        "Date": "Thu, 20 Aug 2020 22:35:13 GMT",
        "Server": "Microsoft-HTTPAPI/2.0",
        "Transfer-Encoding": "chunked",
        "x-ms-request-id": "dc95e57e-02a5-4964-9098-0666609b9ed7"
      },
      "ResponseBody": [
        "{\u0022odata.error\u0022:{\u0022code\u0022:\u0022429\u0022,\u0022message\u0022:{\u0022lang\u0022:\u0022en-us\u0022,\u0022value\u0022:\u0022Message: {\\\u0022Errors\\\u0022:[\\\u0022Request rate is large. More Request Units may be needed, so no changes were made. Please retry this request later. Learn more: http://aka.ms/cosmosdb-error-429\\\u0022]}\\r\\nActivityId: 706ed86a-d5b5-4ac5-b938-bddeb716e540, Request URI: /apps/8b1ea712-4dfc-487e-9abf-91bcc14490f4/services/c147baaa-111c-48fc-95e8-b755505443e5/partitions/d9177690-41e2-486f-b7ca-e933272ef14d/replicas/132424089643911810p, RequestStats: , SDK: Microsoft.Azure.Documents.Common/2.11.0, documentdb-dotnet-sdk/2.11.0 Host/64-bit MicrosoftWindowsNT/6.2.9200.0\\nRequestID:dc95e57e-02a5-4964-9098-0666609b9ed7\\n\u0022}}}\r\n"
      ]
    },
    {
      "RequestUri": "https://td29f528fe8af4d53prim.table.cosmos.azure.com/Tables?$format=application%2Fjson%3Bodata%3Dminimalmetadata",
      "RequestMethod": "POST",
      "RequestHeaders": {
        "Accept": [
          "application/json",
          "application/json; odata=minimalmetadata"
        ],
        "Authorization": "Sanitized",
        "Content-Length": "33",
        "Content-Type": "application/json; odata=nometadata",
        "DataServiceVersion": "3.0",
        "traceparent": "00-b1a3821b7f50944a8f0ae4c683045bb6-217b1f8017961c4a-00",
        "User-Agent": [
          "azsdk-net-Data.Tables/1.0.0-dev.20200820.3",
          "(.NET Core 4.6.27514.02; Microsoft Windows 10.0.17763 )"
        ],
        "x-ms-client-request-id": "dc95e57e02a5496490980666609b9ed7",
        "x-ms-date": "Thu, 20 Aug 2020 22:35:16 GMT",
        "x-ms-return-client-request-id": "true",
        "x-ms-version": "2019-02-02"
      },
      "RequestBody": {
        "TableName": "testtabledm19d3ij"
      },
      "StatusCode": 429,
      "ResponseHeaders": {
        "Content-Type": "application/json",
        "Date": "Thu, 20 Aug 2020 22:35:16 GMT",
        "Server": "Microsoft-HTTPAPI/2.0",
        "Transfer-Encoding": "chunked",
        "x-ms-request-id": "dc95e57e-02a5-4964-9098-0666609b9ed7"
      },
      "ResponseBody": [
        "{\u0022odata.error\u0022:{\u0022code\u0022:\u0022429\u0022,\u0022message\u0022:{\u0022lang\u0022:\u0022en-us\u0022,\u0022value\u0022:\u0022Message: {\\\u0022Errors\\\u0022:[\\\u0022Request rate is large. More Request Units may be needed, so no changes were made. Please retry this request later. Learn more: http://aka.ms/cosmosdb-error-429\\\u0022]}\\r\\nActivityId: 9ddf7e15-099c-48e8-9af7-b752339596ce, Request URI: /apps/8b1ea712-4dfc-487e-9abf-91bcc14490f4/services/c147baaa-111c-48fc-95e8-b755505443e5/partitions/d9177690-41e2-486f-b7ca-e933272ef14d/replicas/132424089643911810p, RequestStats: , SDK: Microsoft.Azure.Documents.Common/2.11.0, documentdb-dotnet-sdk/2.11.0 Host/64-bit MicrosoftWindowsNT/6.2.9200.0\\nRequestID:dc95e57e-02a5-4964-9098-0666609b9ed7\\n\u0022}}}\r\n"
      ]
    },
    {
      "RequestUri": "https://td29f528fe8af4d53prim.table.cosmos.azure.com/Tables?$format=application%2Fjson%3Bodata%3Dminimalmetadata",
      "RequestMethod": "POST",
      "RequestHeaders": {
        "Accept": [
          "application/json",
          "application/json; odata=minimalmetadata"
        ],
        "Authorization": "Sanitized",
        "Content-Length": "33",
        "Content-Type": "application/json; odata=nometadata",
        "DataServiceVersion": "3.0",
        "traceparent": "00-b4736c04aec62c4a9f93844c5f6515b1-917d45ef3ebde640-00",
        "User-Agent": [
          "azsdk-net-Data.Tables/1.0.0-dev.20200820.3",
          "(.NET Core 4.6.27514.02; Microsoft Windows 10.0.17763 )"
        ],
        "x-ms-client-request-id": "41c7c53e27b16941e9fec43b62ca572f",
        "x-ms-date": "Thu, 20 Aug 2020 22:35:17 GMT",
        "x-ms-return-client-request-id": "true",
        "x-ms-version": "2019-02-02"
      },
      "RequestBody": {
        "TableName": "testtabledm19d3ij"
      },
      "StatusCode": 429,
      "ResponseHeaders": {
        "Content-Type": "application/json",
        "Date": "Thu, 20 Aug 2020 22:35:17 GMT",
        "Server": "Microsoft-HTTPAPI/2.0",
        "Transfer-Encoding": "chunked",
        "x-ms-request-id": "41c7c53e-27b1-6941-e9fe-c43b62ca572f"
      },
      "ResponseBody": [
        "{\u0022odata.error\u0022:{\u0022code\u0022:\u0022429\u0022,\u0022message\u0022:{\u0022lang\u0022:\u0022en-us\u0022,\u0022value\u0022:\u0022Message: {\\\u0022Errors\\\u0022:[\\\u0022Request rate is large. More Request Units may be needed, so no changes were made. Please retry this request later. Learn more: http://aka.ms/cosmosdb-error-429\\\u0022]}\\r\\nActivityId: 8bdd1404-9c3f-4806-aa74-c5c899a9a0b4, Request URI: /apps/8b1ea712-4dfc-487e-9abf-91bcc14490f4/services/c147baaa-111c-48fc-95e8-b755505443e5/partitions/d9177690-41e2-486f-b7ca-e933272ef14d/replicas/132424089643911810p, RequestStats: , SDK: Microsoft.Azure.Documents.Common/2.11.0, documentdb-dotnet-sdk/2.11.0 Host/64-bit MicrosoftWindowsNT/6.2.9200.0\\nRequestID:41c7c53e-27b1-6941-e9fe-c43b62ca572f\\n\u0022}}}\r\n"
      ]
    },
    {
      "RequestUri": "https://td29f528fe8af4d53prim.table.cosmos.azure.com/Tables?$format=application%2Fjson%3Bodata%3Dminimalmetadata",
      "RequestMethod": "POST",
      "RequestHeaders": {
        "Accept": [
          "application/json",
          "application/json; odata=minimalmetadata"
        ],
        "Authorization": "Sanitized",
        "Content-Length": "33",
        "Content-Type": "application/json; odata=nometadata",
        "DataServiceVersion": "3.0",
        "traceparent": "00-b4736c04aec62c4a9f93844c5f6515b1-917d45ef3ebde640-00",
        "User-Agent": [
          "azsdk-net-Data.Tables/1.0.0-dev.20200820.3",
          "(.NET Core 4.6.27514.02; Microsoft Windows 10.0.17763 )"
        ],
        "x-ms-client-request-id": "41c7c53e27b16941e9fec43b62ca572f",
        "x-ms-date": "Thu, 20 Aug 2020 22:35:18 GMT",
        "x-ms-return-client-request-id": "true",
        "x-ms-version": "2019-02-02"
      },
      "RequestBody": {
        "TableName": "testtabledm19d3ij"
      },
      "StatusCode": 429,
      "ResponseHeaders": {
        "Content-Type": "application/json",
        "Date": "Thu, 20 Aug 2020 22:35:17 GMT",
        "Server": "Microsoft-HTTPAPI/2.0",
        "Transfer-Encoding": "chunked",
        "x-ms-request-id": "41c7c53e-27b1-6941-e9fe-c43b62ca572f"
      },
      "ResponseBody": [
        "{\u0022odata.error\u0022:{\u0022code\u0022:\u0022429\u0022,\u0022message\u0022:{\u0022lang\u0022:\u0022en-us\u0022,\u0022value\u0022:\u0022Message: {\\\u0022Errors\\\u0022:[\\\u0022Request rate is large. More Request Units may be needed, so no changes were made. Please retry this request later. Learn more: http://aka.ms/cosmosdb-error-429\\\u0022]}\\r\\nActivityId: e79752bf-bbe6-4ade-af5c-affe29d90fdd, Request URI: /apps/8b1ea712-4dfc-487e-9abf-91bcc14490f4/services/c147baaa-111c-48fc-95e8-b755505443e5/partitions/d9177690-41e2-486f-b7ca-e933272ef14d/replicas/132424089643911810p, RequestStats: , SDK: Microsoft.Azure.Documents.Common/2.11.0, documentdb-dotnet-sdk/2.11.0 Host/64-bit MicrosoftWindowsNT/6.2.9200.0\\nRequestID:41c7c53e-27b1-6941-e9fe-c43b62ca572f\\n\u0022}}}\r\n"
      ]
    },
    {
      "RequestUri": "https://td29f528fe8af4d53prim.table.cosmos.azure.com/Tables?$format=application%2Fjson%3Bodata%3Dminimalmetadata",
      "RequestMethod": "POST",
      "RequestHeaders": {
        "Accept": [
          "application/json",
          "application/json; odata=minimalmetadata"
        ],
        "Authorization": "Sanitized",
        "Content-Length": "33",
        "Content-Type": "application/json; odata=nometadata",
        "DataServiceVersion": "3.0",
        "traceparent": "00-b4736c04aec62c4a9f93844c5f6515b1-917d45ef3ebde640-00",
        "User-Agent": [
          "azsdk-net-Data.Tables/1.0.0-dev.20200820.3",
          "(.NET Core 4.6.27514.02; Microsoft Windows 10.0.17763 )"
        ],
        "x-ms-client-request-id": "41c7c53e27b16941e9fec43b62ca572f",
        "x-ms-date": "Thu, 20 Aug 2020 22:35:20 GMT",
        "x-ms-return-client-request-id": "true",
        "x-ms-version": "2019-02-02"
      },
      "RequestBody": {
        "TableName": "testtabledm19d3ij"
      },
      "StatusCode": 429,
      "ResponseHeaders": {
        "Content-Type": "application/json",
        "Date": "Thu, 20 Aug 2020 22:35:20 GMT",
        "Server": "Microsoft-HTTPAPI/2.0",
        "Transfer-Encoding": "chunked",
        "x-ms-request-id": "41c7c53e-27b1-6941-e9fe-c43b62ca572f"
      },
      "ResponseBody": [
        "{\u0022odata.error\u0022:{\u0022code\u0022:\u0022429\u0022,\u0022message\u0022:{\u0022lang\u0022:\u0022en-us\u0022,\u0022value\u0022:\u0022Message: {\\\u0022Errors\\\u0022:[\\\u0022Request rate is large. More Request Units may be needed, so no changes were made. Please retry this request later. Learn more: http://aka.ms/cosmosdb-error-429\\\u0022]}\\r\\nActivityId: 81fef6aa-009c-4153-ad12-29364777d208, Request URI: /apps/8b1ea712-4dfc-487e-9abf-91bcc14490f4/services/c147baaa-111c-48fc-95e8-b755505443e5/partitions/d9177690-41e2-486f-b7ca-e933272ef14d/replicas/132424089643911810p, RequestStats: , SDK: Microsoft.Azure.Documents.Common/2.11.0, documentdb-dotnet-sdk/2.11.0 Host/64-bit MicrosoftWindowsNT/6.2.9200.0\\nRequestID:41c7c53e-27b1-6941-e9fe-c43b62ca572f\\n\u0022}}}\r\n"
      ]
    },
    {
      "RequestUri": "https://td29f528fe8af4d53prim.table.cosmos.azure.com/Tables?$format=application%2Fjson%3Bodata%3Dminimalmetadata",
      "RequestMethod": "POST",
      "RequestHeaders": {
        "Accept": [
          "application/json",
          "application/json; odata=minimalmetadata"
        ],
        "Authorization": "Sanitized",
        "Content-Length": "33",
        "Content-Type": "application/json; odata=nometadata",
        "DataServiceVersion": "3.0",
        "traceparent": "00-b4736c04aec62c4a9f93844c5f6515b1-917d45ef3ebde640-00",
        "User-Agent": [
          "azsdk-net-Data.Tables/1.0.0-dev.20200820.3",
          "(.NET Core 4.6.27514.02; Microsoft Windows 10.0.17763 )"
        ],
        "x-ms-client-request-id": "41c7c53e27b16941e9fec43b62ca572f",
        "x-ms-date": "Thu, 20 Aug 2020 22:35:23 GMT",
        "x-ms-return-client-request-id": "true",
        "x-ms-version": "2019-02-02"
      },
      "RequestBody": {
        "TableName": "testtabledm19d3ij"
      },
      "StatusCode": 201,
      "ResponseHeaders": {
        "Content-Type": "application/json",
        "Date": "Thu, 20 Aug 2020 22:35:23 GMT",
        "ETag": "W/\u0022datetime\u00272020-08-20T22%3A35%3A23.3267720Z\u0027\u0022",
        "Location": "https://td29f528fe8af4d53prim.table.cosmos.azure.com/Tables(\u0027testtabledm19d3ij\u0027)",
        "Server": "Microsoft-HTTPAPI/2.0",
        "Transfer-Encoding": "chunked",
        "x-ms-request-id": "41c7c53e-27b1-6941-e9fe-c43b62ca572f"
      },
      "ResponseBody": {
        "TableName": "testtabledm19d3ij",
        "odata.metadata": "https://td29f528fe8af4d53prim.table.cosmos.azure.com/$metadata#Tables/@Element"
      }
    },
    {
      "RequestUri": "https://td29f528fe8af4d53prim.table.cosmos.azure.com/Tables?$format=application%2Fjson%3Bodata%3Dminimalmetadata",
      "RequestMethod": "POST",
      "RequestHeaders": {
        "Accept": [
          "application/json",
          "application/json; odata=minimalmetadata"
        ],
        "Authorization": "Sanitized",
        "Content-Length": "33",
        "Content-Type": "application/json; odata=nometadata",
        "DataServiceVersion": "3.0",
        "traceparent": "00-b8c9b443b331db44914d2e399b4b571f-82d2da2d3fe4414f-00",
        "User-Agent": [
          "azsdk-net-Data.Tables/1.0.0-dev.20200820.3",
          "(.NET Core 4.6.27514.02; Microsoft Windows 10.0.17763 )"
        ],
        "x-ms-client-request-id": "478c5fd91bf3cc87a8d92162a91b3656",
        "x-ms-date": "Thu, 20 Aug 2020 22:35:23 GMT",
        "x-ms-return-client-request-id": "true",
        "x-ms-version": "2019-02-02"
      },
      "RequestBody": {
        "TableName": "testtableh6dz9mts"
      },
      "StatusCode": 429,
      "ResponseHeaders": {
        "Content-Type": "application/json",
        "Date": "Thu, 20 Aug 2020 22:35:23 GMT",
        "Server": "Microsoft-HTTPAPI/2.0",
        "Transfer-Encoding": "chunked",
        "x-ms-request-id": "478c5fd9-1bf3-cc87-a8d9-2162a91b3656"
      },
      "ResponseBody": [
        "{\u0022odata.error\u0022:{\u0022code\u0022:\u0022429\u0022,\u0022message\u0022:{\u0022lang\u0022:\u0022en-us\u0022,\u0022value\u0022:\u0022Message: {\\\u0022Errors\\\u0022:[\\\u0022Request rate is large. More Request Units may be needed, so no changes were made. Please retry this request later. Learn more: http://aka.ms/cosmosdb-error-429\\\u0022]}\\r\\nActivityId: 57958025-e97c-4ec1-b2f1-b6b01e228e9a, Request URI: /apps/8b1ea712-4dfc-487e-9abf-91bcc14490f4/services/c147baaa-111c-48fc-95e8-b755505443e5/partitions/d9177690-41e2-486f-b7ca-e933272ef14d/replicas/132424089643911810p, RequestStats: , SDK: Microsoft.Azure.Documents.Common/2.11.0, documentdb-dotnet-sdk/2.11.0 Host/64-bit MicrosoftWindowsNT/6.2.9200.0\\nRequestID:478c5fd9-1bf3-cc87-a8d9-2162a91b3656\\n\u0022}}}\r\n"
      ]
    },
    {
      "RequestUri": "https://td29f528fe8af4d53prim.table.cosmos.azure.com/Tables?$format=application%2Fjson%3Bodata%3Dminimalmetadata",
      "RequestMethod": "POST",
      "RequestHeaders": {
        "Accept": [
          "application/json",
          "application/json; odata=minimalmetadata"
        ],
        "Authorization": "Sanitized",
        "Content-Length": "33",
        "Content-Type": "application/json; odata=nometadata",
        "DataServiceVersion": "3.0",
        "traceparent": "00-b8c9b443b331db44914d2e399b4b571f-82d2da2d3fe4414f-00",
        "User-Agent": [
          "azsdk-net-Data.Tables/1.0.0-dev.20200820.3",
          "(.NET Core 4.6.27514.02; Microsoft Windows 10.0.17763 )"
        ],
        "x-ms-client-request-id": "478c5fd91bf3cc87a8d92162a91b3656",
        "x-ms-date": "Thu, 20 Aug 2020 22:35:24 GMT",
        "x-ms-return-client-request-id": "true",
        "x-ms-version": "2019-02-02"
      },
      "RequestBody": {
        "TableName": "testtableh6dz9mts"
      },
      "StatusCode": 429,
      "ResponseHeaders": {
        "Content-Type": "application/json",
        "Date": "Thu, 20 Aug 2020 22:35:23 GMT",
        "Server": "Microsoft-HTTPAPI/2.0",
        "Transfer-Encoding": "chunked",
        "x-ms-request-id": "478c5fd9-1bf3-cc87-a8d9-2162a91b3656"
      },
      "ResponseBody": [
        "{\u0022odata.error\u0022:{\u0022code\u0022:\u0022429\u0022,\u0022message\u0022:{\u0022lang\u0022:\u0022en-us\u0022,\u0022value\u0022:\u0022Message: {\\\u0022Errors\\\u0022:[\\\u0022Request rate is large. More Request Units may be needed, so no changes were made. Please retry this request later. Learn more: http://aka.ms/cosmosdb-error-429\\\u0022]}\\r\\nActivityId: 2ba04194-6998-4e60-9170-33f81f275da2, Request URI: /apps/8b1ea712-4dfc-487e-9abf-91bcc14490f4/services/c147baaa-111c-48fc-95e8-b755505443e5/partitions/d9177690-41e2-486f-b7ca-e933272ef14d/replicas/132424089643911810p, RequestStats: , SDK: Microsoft.Azure.Documents.Common/2.11.0, documentdb-dotnet-sdk/2.11.0 Host/64-bit MicrosoftWindowsNT/6.2.9200.0\\nRequestID:478c5fd9-1bf3-cc87-a8d9-2162a91b3656\\n\u0022}}}\r\n"
      ]
    },
    {
      "RequestUri": "https://td29f528fe8af4d53prim.table.cosmos.azure.com/Tables?$format=application%2Fjson%3Bodata%3Dminimalmetadata",
      "RequestMethod": "POST",
      "RequestHeaders": {
        "Accept": [
          "application/json",
          "application/json; odata=minimalmetadata"
        ],
        "Authorization": "Sanitized",
        "Content-Length": "33",
        "Content-Type": "application/json; odata=nometadata",
        "DataServiceVersion": "3.0",
        "traceparent": "00-b8c9b443b331db44914d2e399b4b571f-82d2da2d3fe4414f-00",
        "User-Agent": [
          "azsdk-net-Data.Tables/1.0.0-dev.20200820.3",
          "(.NET Core 4.6.27514.02; Microsoft Windows 10.0.17763 )"
        ],
        "x-ms-client-request-id": "478c5fd91bf3cc87a8d92162a91b3656",
        "x-ms-date": "Thu, 20 Aug 2020 22:35:26 GMT",
        "x-ms-return-client-request-id": "true",
        "x-ms-version": "2019-02-02"
      },
      "RequestBody": {
        "TableName": "testtableh6dz9mts"
      },
      "StatusCode": 429,
      "ResponseHeaders": {
        "Content-Type": "application/json",
        "Date": "Thu, 20 Aug 2020 22:35:25 GMT",
        "Server": "Microsoft-HTTPAPI/2.0",
        "Transfer-Encoding": "chunked",
        "x-ms-request-id": "478c5fd9-1bf3-cc87-a8d9-2162a91b3656"
      },
      "ResponseBody": [
        "{\u0022odata.error\u0022:{\u0022code\u0022:\u0022429\u0022,\u0022message\u0022:{\u0022lang\u0022:\u0022en-us\u0022,\u0022value\u0022:\u0022Message: {\\\u0022Errors\\\u0022:[\\\u0022Request rate is large. More Request Units may be needed, so no changes were made. Please retry this request later. Learn more: http://aka.ms/cosmosdb-error-429\\\u0022]}\\r\\nActivityId: 893250cc-2038-47e8-a99b-3ff0f4acb351, Request URI: /apps/8b1ea712-4dfc-487e-9abf-91bcc14490f4/services/c147baaa-111c-48fc-95e8-b755505443e5/partitions/d9177690-41e2-486f-b7ca-e933272ef14d/replicas/132424089643911810p, RequestStats: , SDK: Microsoft.Azure.Documents.Common/2.11.0, documentdb-dotnet-sdk/2.11.0 Host/64-bit MicrosoftWindowsNT/6.2.9200.0\\nRequestID:478c5fd9-1bf3-cc87-a8d9-2162a91b3656\\n\u0022}}}\r\n"
      ]
    },
    {
      "RequestUri": "https://td29f528fe8af4d53prim.table.cosmos.azure.com/Tables?$format=application%2Fjson%3Bodata%3Dminimalmetadata",
      "RequestMethod": "POST",
      "RequestHeaders": {
        "Accept": [
          "application/json",
          "application/json; odata=minimalmetadata"
        ],
        "Authorization": "Sanitized",
        "Content-Length": "33",
        "Content-Type": "application/json; odata=nometadata",
        "DataServiceVersion": "3.0",
        "traceparent": "00-b8c9b443b331db44914d2e399b4b571f-82d2da2d3fe4414f-00",
        "User-Agent": [
          "azsdk-net-Data.Tables/1.0.0-dev.20200820.3",
          "(.NET Core 4.6.27514.02; Microsoft Windows 10.0.17763 )"
        ],
        "x-ms-client-request-id": "478c5fd91bf3cc87a8d92162a91b3656",
        "x-ms-date": "Thu, 20 Aug 2020 22:35:29 GMT",
        "x-ms-return-client-request-id": "true",
        "x-ms-version": "2019-02-02"
      },
      "RequestBody": {
        "TableName": "testtableh6dz9mts"
      },
      "StatusCode": 429,
      "ResponseHeaders": {
        "Content-Type": "application/json",
        "Date": "Thu, 20 Aug 2020 22:35:28 GMT",
        "Server": "Microsoft-HTTPAPI/2.0",
        "Transfer-Encoding": "chunked",
        "x-ms-request-id": "478c5fd9-1bf3-cc87-a8d9-2162a91b3656"
      },
      "ResponseBody": [
        "{\u0022odata.error\u0022:{\u0022code\u0022:\u0022429\u0022,\u0022message\u0022:{\u0022lang\u0022:\u0022en-us\u0022,\u0022value\u0022:\u0022Message: {\\\u0022Errors\\\u0022:[\\\u0022Request rate is large. More Request Units may be needed, so no changes were made. Please retry this request later. Learn more: http://aka.ms/cosmosdb-error-429\\\u0022]}\\r\\nActivityId: 7ad8cea0-53d5-4c97-b28f-539a8e2b4efc, Request URI: /apps/8b1ea712-4dfc-487e-9abf-91bcc14490f4/services/c147baaa-111c-48fc-95e8-b755505443e5/partitions/d9177690-41e2-486f-b7ca-e933272ef14d/replicas/132424089643911810p, RequestStats: , SDK: Microsoft.Azure.Documents.Common/2.11.0, documentdb-dotnet-sdk/2.11.0 Host/64-bit MicrosoftWindowsNT/6.2.9200.0\\nRequestID:478c5fd9-1bf3-cc87-a8d9-2162a91b3656\\n\u0022}}}\r\n"
      ]
    },
    {
      "RequestUri": "https://td29f528fe8af4d53prim.table.cosmos.azure.com/Tables?$format=application%2Fjson%3Bodata%3Dminimalmetadata",
      "RequestMethod": "POST",
      "RequestHeaders": {
        "Accept": [
          "application/json",
          "application/json; odata=minimalmetadata"
        ],
        "Authorization": "Sanitized",
        "Content-Length": "33",
        "Content-Type": "application/json; odata=nometadata",
        "DataServiceVersion": "3.0",
        "traceparent": "00-872258486d0a8e47a7195a0e3ca55d7d-2729129647033a4b-00",
        "User-Agent": [
          "azsdk-net-Data.Tables/1.0.0-dev.20200820.3",
          "(.NET Core 4.6.27514.02; Microsoft Windows 10.0.17763 )"
        ],
        "x-ms-client-request-id": "a6f22ba3283ec5e641d7a737aaf412c0",
        "x-ms-date": "Thu, 20 Aug 2020 22:35:30 GMT",
        "x-ms-return-client-request-id": "true",
        "x-ms-version": "2019-02-02"
      },
      "RequestBody": {
        "TableName": "testtableh6dz9mts"
      },
      "StatusCode": 429,
      "ResponseHeaders": {
        "Content-Type": "application/json",
        "Date": "Thu, 20 Aug 2020 22:35:30 GMT",
        "Server": "Microsoft-HTTPAPI/2.0",
        "Transfer-Encoding": "chunked",
        "x-ms-request-id": "a6f22ba3-283e-c5e6-41d7-a737aaf412c0"
      },
      "ResponseBody": [
        "{\u0022odata.error\u0022:{\u0022code\u0022:\u0022429\u0022,\u0022message\u0022:{\u0022lang\u0022:\u0022en-us\u0022,\u0022value\u0022:\u0022Message: {\\\u0022Errors\\\u0022:[\\\u0022Request rate is large. More Request Units may be needed, so no changes were made. Please retry this request later. Learn more: http://aka.ms/cosmosdb-error-429\\\u0022]}\\r\\nActivityId: 17ea0180-410e-4364-8f84-45eae60f7611, Request URI: /apps/8b1ea712-4dfc-487e-9abf-91bcc14490f4/services/c147baaa-111c-48fc-95e8-b755505443e5/partitions/d9177690-41e2-486f-b7ca-e933272ef14d/replicas/132424089643911810p, RequestStats: , SDK: Microsoft.Azure.Documents.Common/2.11.0, documentdb-dotnet-sdk/2.11.0 Host/64-bit MicrosoftWindowsNT/6.2.9200.0\\nRequestID:a6f22ba3-283e-c5e6-41d7-a737aaf412c0\\n\u0022}}}\r\n"
      ]
    },
    {
      "RequestUri": "https://td29f528fe8af4d53prim.table.cosmos.azure.com/Tables?$format=application%2Fjson%3Bodata%3Dminimalmetadata",
      "RequestMethod": "POST",
      "RequestHeaders": {
        "Accept": [
          "application/json",
          "application/json; odata=minimalmetadata"
        ],
        "Authorization": "Sanitized",
        "Content-Length": "33",
        "Content-Type": "application/json; odata=nometadata",
        "DataServiceVersion": "3.0",
        "traceparent": "00-872258486d0a8e47a7195a0e3ca55d7d-2729129647033a4b-00",
        "User-Agent": [
          "azsdk-net-Data.Tables/1.0.0-dev.20200820.3",
          "(.NET Core 4.6.27514.02; Microsoft Windows 10.0.17763 )"
        ],
        "x-ms-client-request-id": "a6f22ba3283ec5e641d7a737aaf412c0",
        "x-ms-date": "Thu, 20 Aug 2020 22:35:31 GMT",
        "x-ms-return-client-request-id": "true",
        "x-ms-version": "2019-02-02"
      },
      "RequestBody": {
        "TableName": "testtableh6dz9mts"
      },
      "StatusCode": 429,
      "ResponseHeaders": {
        "Content-Type": "application/json",
        "Date": "Thu, 20 Aug 2020 22:35:30 GMT",
        "Server": "Microsoft-HTTPAPI/2.0",
        "Transfer-Encoding": "chunked",
        "x-ms-request-id": "a6f22ba3-283e-c5e6-41d7-a737aaf412c0"
      },
      "ResponseBody": [
        "{\u0022odata.error\u0022:{\u0022code\u0022:\u0022429\u0022,\u0022message\u0022:{\u0022lang\u0022:\u0022en-us\u0022,\u0022value\u0022:\u0022Message: {\\\u0022Errors\\\u0022:[\\\u0022Request rate is large. More Request Units may be needed, so no changes were made. Please retry this request later. Learn more: http://aka.ms/cosmosdb-error-429\\\u0022]}\\r\\nActivityId: 40ea6660-1bf3-42c1-b684-00fc9b9b9bf2, Request URI: /apps/8b1ea712-4dfc-487e-9abf-91bcc14490f4/services/c147baaa-111c-48fc-95e8-b755505443e5/partitions/d9177690-41e2-486f-b7ca-e933272ef14d/replicas/132424089643911810p, RequestStats: , SDK: Microsoft.Azure.Documents.Common/2.11.0, documentdb-dotnet-sdk/2.11.0 Host/64-bit MicrosoftWindowsNT/6.2.9200.0\\nRequestID:a6f22ba3-283e-c5e6-41d7-a737aaf412c0\\n\u0022}}}\r\n"
      ]
    },
    {
      "RequestUri": "https://td29f528fe8af4d53prim.table.cosmos.azure.com/Tables?$format=application%2Fjson%3Bodata%3Dminimalmetadata",
      "RequestMethod": "POST",
      "RequestHeaders": {
        "Accept": [
          "application/json",
          "application/json; odata=minimalmetadata"
        ],
        "Authorization": "Sanitized",
        "Content-Length": "33",
        "Content-Type": "application/json; odata=nometadata",
        "DataServiceVersion": "3.0",
        "traceparent": "00-872258486d0a8e47a7195a0e3ca55d7d-2729129647033a4b-00",
        "User-Agent": [
          "azsdk-net-Data.Tables/1.0.0-dev.20200820.3",
          "(.NET Core 4.6.27514.02; Microsoft Windows 10.0.17763 )"
        ],
        "x-ms-client-request-id": "a6f22ba3283ec5e641d7a737aaf412c0",
        "x-ms-date": "Thu, 20 Aug 2020 22:35:33 GMT",
        "x-ms-return-client-request-id": "true",
        "x-ms-version": "2019-02-02"
      },
      "RequestBody": {
        "TableName": "testtableh6dz9mts"
      },
      "StatusCode": 429,
      "ResponseHeaders": {
        "Content-Type": "application/json",
        "Date": "Thu, 20 Aug 2020 22:35:33 GMT",
        "Server": "Microsoft-HTTPAPI/2.0",
        "Transfer-Encoding": "chunked",
        "x-ms-request-id": "a6f22ba3-283e-c5e6-41d7-a737aaf412c0"
      },
      "ResponseBody": [
        "{\u0022odata.error\u0022:{\u0022code\u0022:\u0022429\u0022,\u0022message\u0022:{\u0022lang\u0022:\u0022en-us\u0022,\u0022value\u0022:\u0022Message: {\\\u0022Errors\\\u0022:[\\\u0022Request rate is large. More Request Units may be needed, so no changes were made. Please retry this request later. Learn more: http://aka.ms/cosmosdb-error-429\\\u0022]}\\r\\nActivityId: 6086e599-7a2e-45ca-afa7-eaf9ce3d8856, Request URI: /apps/8b1ea712-4dfc-487e-9abf-91bcc14490f4/services/c147baaa-111c-48fc-95e8-b755505443e5/partitions/d9177690-41e2-486f-b7ca-e933272ef14d/replicas/132424089643911810p, RequestStats: , SDK: Microsoft.Azure.Documents.Common/2.11.0, documentdb-dotnet-sdk/2.11.0 Host/64-bit MicrosoftWindowsNT/6.2.9200.0\\nRequestID:a6f22ba3-283e-c5e6-41d7-a737aaf412c0\\n\u0022}}}\r\n"
      ]
    },
    {
      "RequestUri": "https://td29f528fe8af4d53prim.table.cosmos.azure.com/Tables?$format=application%2Fjson%3Bodata%3Dminimalmetadata",
      "RequestMethod": "POST",
      "RequestHeaders": {
        "Accept": [
          "application/json",
          "application/json; odata=minimalmetadata"
        ],
        "Authorization": "Sanitized",
        "Content-Length": "33",
        "Content-Type": "application/json; odata=nometadata",
        "DataServiceVersion": "3.0",
        "traceparent": "00-872258486d0a8e47a7195a0e3ca55d7d-2729129647033a4b-00",
        "User-Agent": [
          "azsdk-net-Data.Tables/1.0.0-dev.20200820.3",
          "(.NET Core 4.6.27514.02; Microsoft Windows 10.0.17763 )"
        ],
        "x-ms-client-request-id": "a6f22ba3283ec5e641d7a737aaf412c0",
        "x-ms-date": "Thu, 20 Aug 2020 22:35:36 GMT",
        "x-ms-return-client-request-id": "true",
        "x-ms-version": "2019-02-02"
      },
      "RequestBody": {
        "TableName": "testtableh6dz9mts"
      },
      "StatusCode": 201,
      "ResponseHeaders": {
        "Content-Type": "application/json",
        "Date": "Thu, 20 Aug 2020 22:35:36 GMT",
        "ETag": "W/\u0022datetime\u00272020-08-20T22%3A35%3A36.6171656Z\u0027\u0022",
        "Location": "https://td29f528fe8af4d53prim.table.cosmos.azure.com/Tables(\u0027testtableh6dz9mts\u0027)",
        "Server": "Microsoft-HTTPAPI/2.0",
        "Transfer-Encoding": "chunked",
        "x-ms-request-id": "a6f22ba3-283e-c5e6-41d7-a737aaf412c0"
      },
      "ResponseBody": {
        "TableName": "testtableh6dz9mts",
        "odata.metadata": "https://td29f528fe8af4d53prim.table.cosmos.azure.com/$metadata#Tables/@Element"
      }
    },
    {
      "RequestUri": "https://td29f528fe8af4d53prim.table.cosmos.azure.com/Tables?$format=application%2Fjson%3Bodata%3Dminimalmetadata",
      "RequestMethod": "POST",
      "RequestHeaders": {
        "Accept": [
          "application/json",
          "application/json; odata=minimalmetadata"
        ],
        "Authorization": "Sanitized",
        "Content-Length": "33",
        "Content-Type": "application/json; odata=nometadata",
        "DataServiceVersion": "3.0",
        "traceparent": "00-ae22828238fd7e41b1cdc9d615394302-77bc760ecaf8cb41-00",
        "User-Agent": [
          "azsdk-net-Data.Tables/1.0.0-dev.20200820.3",
          "(.NET Core 4.6.27514.02; Microsoft Windows 10.0.17763 )"
        ],
        "x-ms-client-request-id": "8993f777f5a8a485f39a05998b1f59b1",
        "x-ms-date": "Thu, 20 Aug 2020 22:35:36 GMT",
        "x-ms-return-client-request-id": "true",
        "x-ms-version": "2019-02-02"
      },
      "RequestBody": {
        "TableName": "testtablem0salty4"
      },
      "StatusCode": 429,
      "ResponseHeaders": {
        "Content-Type": "application/json",
        "Date": "Thu, 20 Aug 2020 22:35:36 GMT",
        "Server": "Microsoft-HTTPAPI/2.0",
        "Transfer-Encoding": "chunked",
        "x-ms-request-id": "8993f777-f5a8-a485-f39a-05998b1f59b1"
      },
      "ResponseBody": [
        "{\u0022odata.error\u0022:{\u0022code\u0022:\u0022429\u0022,\u0022message\u0022:{\u0022lang\u0022:\u0022en-us\u0022,\u0022value\u0022:\u0022Message: {\\\u0022Errors\\\u0022:[\\\u0022Request rate is large. More Request Units may be needed, so no changes were made. Please retry this request later. Learn more: http://aka.ms/cosmosdb-error-429\\\u0022]}\\r\\nActivityId: 359aa018-5ac6-410f-ae9f-5dcd56e05cbe, Request URI: /apps/8b1ea712-4dfc-487e-9abf-91bcc14490f4/services/c147baaa-111c-48fc-95e8-b755505443e5/partitions/d9177690-41e2-486f-b7ca-e933272ef14d/replicas/132424089643911810p, RequestStats: , SDK: Microsoft.Azure.Documents.Common/2.11.0, documentdb-dotnet-sdk/2.11.0 Host/64-bit MicrosoftWindowsNT/6.2.9200.0\\nRequestID:8993f777-f5a8-a485-f39a-05998b1f59b1\\n\u0022}}}\r\n"
      ]
    },
    {
      "RequestUri": "https://td29f528fe8af4d53prim.table.cosmos.azure.com/Tables?$format=application%2Fjson%3Bodata%3Dminimalmetadata",
      "RequestMethod": "POST",
      "RequestHeaders": {
        "Accept": [
          "application/json",
          "application/json; odata=minimalmetadata"
        ],
        "Authorization": "Sanitized",
        "Content-Length": "33",
        "Content-Type": "application/json; odata=nometadata",
        "DataServiceVersion": "3.0",
        "traceparent": "00-ae22828238fd7e41b1cdc9d615394302-77bc760ecaf8cb41-00",
        "User-Agent": [
          "azsdk-net-Data.Tables/1.0.0-dev.20200820.3",
          "(.NET Core 4.6.27514.02; Microsoft Windows 10.0.17763 )"
        ],
        "x-ms-client-request-id": "8993f777f5a8a485f39a05998b1f59b1",
        "x-ms-date": "Thu, 20 Aug 2020 22:35:37 GMT",
        "x-ms-return-client-request-id": "true",
        "x-ms-version": "2019-02-02"
      },
      "RequestBody": {
        "TableName": "testtablem0salty4"
      },
      "StatusCode": 429,
      "ResponseHeaders": {
        "Content-Type": "application/json",
        "Date": "Thu, 20 Aug 2020 22:35:36 GMT",
        "Server": "Microsoft-HTTPAPI/2.0",
        "Transfer-Encoding": "chunked",
        "x-ms-request-id": "8993f777-f5a8-a485-f39a-05998b1f59b1"
      },
      "ResponseBody": [
        "{\u0022odata.error\u0022:{\u0022code\u0022:\u0022429\u0022,\u0022message\u0022:{\u0022lang\u0022:\u0022en-us\u0022,\u0022value\u0022:\u0022Message: {\\\u0022Errors\\\u0022:[\\\u0022Request rate is large. More Request Units may be needed, so no changes were made. Please retry this request later. Learn more: http://aka.ms/cosmosdb-error-429\\\u0022]}\\r\\nActivityId: c38ff83d-83ac-49e9-93f0-67100b2bfbd1, Request URI: /apps/8b1ea712-4dfc-487e-9abf-91bcc14490f4/services/c147baaa-111c-48fc-95e8-b755505443e5/partitions/d9177690-41e2-486f-b7ca-e933272ef14d/replicas/132424089643911810p, RequestStats: , SDK: Microsoft.Azure.Documents.Common/2.11.0, documentdb-dotnet-sdk/2.11.0 Host/64-bit MicrosoftWindowsNT/6.2.9200.0\\nRequestID:8993f777-f5a8-a485-f39a-05998b1f59b1\\n\u0022}}}\r\n"
      ]
    },
    {
      "RequestUri": "https://td29f528fe8af4d53prim.table.cosmos.azure.com/Tables?$format=application%2Fjson%3Bodata%3Dminimalmetadata",
      "RequestMethod": "POST",
      "RequestHeaders": {
        "Accept": [
          "application/json",
          "application/json; odata=minimalmetadata"
        ],
        "Authorization": "Sanitized",
        "Content-Length": "33",
        "Content-Type": "application/json; odata=nometadata",
        "DataServiceVersion": "3.0",
        "traceparent": "00-ae22828238fd7e41b1cdc9d615394302-77bc760ecaf8cb41-00",
        "User-Agent": [
          "azsdk-net-Data.Tables/1.0.0-dev.20200820.3",
          "(.NET Core 4.6.27514.02; Microsoft Windows 10.0.17763 )"
        ],
        "x-ms-client-request-id": "8993f777f5a8a485f39a05998b1f59b1",
        "x-ms-date": "Thu, 20 Aug 2020 22:35:39 GMT",
        "x-ms-return-client-request-id": "true",
        "x-ms-version": "2019-02-02"
      },
      "RequestBody": {
        "TableName": "testtablem0salty4"
      },
      "StatusCode": 429,
      "ResponseHeaders": {
        "Content-Type": "application/json",
        "Date": "Thu, 20 Aug 2020 22:35:39 GMT",
        "Server": "Microsoft-HTTPAPI/2.0",
        "Transfer-Encoding": "chunked",
        "x-ms-request-id": "8993f777-f5a8-a485-f39a-05998b1f59b1"
      },
      "ResponseBody": [
        "{\u0022odata.error\u0022:{\u0022code\u0022:\u0022429\u0022,\u0022message\u0022:{\u0022lang\u0022:\u0022en-us\u0022,\u0022value\u0022:\u0022Message: {\\\u0022Errors\\\u0022:[\\\u0022Request rate is large. More Request Units may be needed, so no changes were made. Please retry this request later. Learn more: http://aka.ms/cosmosdb-error-429\\\u0022]}\\r\\nActivityId: 41559d0c-dfa5-4211-8f98-58b077ffda3c, Request URI: /apps/8b1ea712-4dfc-487e-9abf-91bcc14490f4/services/c147baaa-111c-48fc-95e8-b755505443e5/partitions/d9177690-41e2-486f-b7ca-e933272ef14d/replicas/132424089643911810p, RequestStats: , SDK: Microsoft.Azure.Documents.Common/2.11.0, documentdb-dotnet-sdk/2.11.0 Host/64-bit MicrosoftWindowsNT/6.2.9200.0\\nRequestID:8993f777-f5a8-a485-f39a-05998b1f59b1\\n\u0022}}}\r\n"
      ]
    },
    {
      "RequestUri": "https://td29f528fe8af4d53prim.table.cosmos.azure.com/Tables?$format=application%2Fjson%3Bodata%3Dminimalmetadata",
      "RequestMethod": "POST",
      "RequestHeaders": {
        "Accept": [
          "application/json",
          "application/json; odata=minimalmetadata"
        ],
        "Authorization": "Sanitized",
        "Content-Length": "33",
        "Content-Type": "application/json; odata=nometadata",
        "DataServiceVersion": "3.0",
        "traceparent": "00-ae22828238fd7e41b1cdc9d615394302-77bc760ecaf8cb41-00",
        "User-Agent": [
          "azsdk-net-Data.Tables/1.0.0-dev.20200820.3",
          "(.NET Core 4.6.27514.02; Microsoft Windows 10.0.17763 )"
        ],
        "x-ms-client-request-id": "8993f777f5a8a485f39a05998b1f59b1",
        "x-ms-date": "Thu, 20 Aug 2020 22:35:43 GMT",
        "x-ms-return-client-request-id": "true",
        "x-ms-version": "2019-02-02"
      },
      "RequestBody": {
        "TableName": "testtablem0salty4"
      },
      "StatusCode": 429,
      "ResponseHeaders": {
        "Content-Type": "application/json",
        "Date": "Thu, 20 Aug 2020 22:35:43 GMT",
        "Server": "Microsoft-HTTPAPI/2.0",
        "Transfer-Encoding": "chunked",
        "x-ms-request-id": "8993f777-f5a8-a485-f39a-05998b1f59b1"
      },
      "ResponseBody": [
        "{\u0022odata.error\u0022:{\u0022code\u0022:\u0022429\u0022,\u0022message\u0022:{\u0022lang\u0022:\u0022en-us\u0022,\u0022value\u0022:\u0022Message: {\\\u0022Errors\\\u0022:[\\\u0022Request rate is large. More Request Units may be needed, so no changes were made. Please retry this request later. Learn more: http://aka.ms/cosmosdb-error-429\\\u0022]}\\r\\nActivityId: 919c88a9-95b6-4ce9-926e-0a345002ee38, Request URI: /apps/8b1ea712-4dfc-487e-9abf-91bcc14490f4/services/c147baaa-111c-48fc-95e8-b755505443e5/partitions/d9177690-41e2-486f-b7ca-e933272ef14d/replicas/132424089643911810p, RequestStats: , SDK: Microsoft.Azure.Documents.Common/2.11.0, documentdb-dotnet-sdk/2.11.0 Host/64-bit MicrosoftWindowsNT/6.2.9200.0\\nRequestID:8993f777-f5a8-a485-f39a-05998b1f59b1\\n\u0022}}}\r\n"
      ]
    },
    {
      "RequestUri": "https://td29f528fe8af4d53prim.table.cosmos.azure.com/Tables?$format=application%2Fjson%3Bodata%3Dminimalmetadata",
      "RequestMethod": "POST",
      "RequestHeaders": {
        "Accept": [
          "application/json",
          "application/json; odata=minimalmetadata"
        ],
        "Authorization": "Sanitized",
        "Content-Length": "33",
        "Content-Type": "application/json; odata=nometadata",
        "DataServiceVersion": "3.0",
        "traceparent": "00-f48a72877968b248a7b93c1df94d938d-3812b142c5c6004b-00",
        "User-Agent": [
          "azsdk-net-Data.Tables/1.0.0-dev.20200820.3",
          "(.NET Core 4.6.27514.02; Microsoft Windows 10.0.17763 )"
        ],
        "x-ms-client-request-id": "1c06c6785073b322c7616279b3e4bbaa",
        "x-ms-date": "Thu, 20 Aug 2020 22:35:44 GMT",
        "x-ms-return-client-request-id": "true",
        "x-ms-version": "2019-02-02"
      },
      "RequestBody": {
        "TableName": "testtablem0salty4"
      },
      "StatusCode": 429,
      "ResponseHeaders": {
        "Content-Type": "application/json",
        "Date": "Thu, 20 Aug 2020 22:35:44 GMT",
        "Server": "Microsoft-HTTPAPI/2.0",
        "Transfer-Encoding": "chunked",
        "x-ms-request-id": "1c06c678-5073-b322-c761-6279b3e4bbaa"
      },
      "ResponseBody": [
        "{\u0022odata.error\u0022:{\u0022code\u0022:\u0022429\u0022,\u0022message\u0022:{\u0022lang\u0022:\u0022en-us\u0022,\u0022value\u0022:\u0022Message: {\\\u0022Errors\\\u0022:[\\\u0022Request rate is large. More Request Units may be needed, so no changes were made. Please retry this request later. Learn more: http://aka.ms/cosmosdb-error-429\\\u0022]}\\r\\nActivityId: 5201ca82-cbb5-476f-8f00-67f654178389, Request URI: /apps/8b1ea712-4dfc-487e-9abf-91bcc14490f4/services/c147baaa-111c-48fc-95e8-b755505443e5/partitions/d9177690-41e2-486f-b7ca-e933272ef14d/replicas/132424089643911810p, RequestStats: , SDK: Microsoft.Azure.Documents.Common/2.11.0, documentdb-dotnet-sdk/2.11.0 Host/64-bit MicrosoftWindowsNT/6.2.9200.0\\nRequestID:1c06c678-5073-b322-c761-6279b3e4bbaa\\n\u0022}}}\r\n"
      ]
    },
    {
      "RequestUri": "https://td29f528fe8af4d53prim.table.cosmos.azure.com/Tables?$format=application%2Fjson%3Bodata%3Dminimalmetadata",
      "RequestMethod": "POST",
      "RequestHeaders": {
        "Accept": [
          "application/json",
          "application/json; odata=minimalmetadata"
        ],
        "Authorization": "Sanitized",
        "Content-Length": "33",
        "Content-Type": "application/json; odata=nometadata",
        "DataServiceVersion": "3.0",
        "traceparent": "00-f48a72877968b248a7b93c1df94d938d-3812b142c5c6004b-00",
        "User-Agent": [
          "azsdk-net-Data.Tables/1.0.0-dev.20200820.3",
          "(.NET Core 4.6.27514.02; Microsoft Windows 10.0.17763 )"
        ],
        "x-ms-client-request-id": "1c06c6785073b322c7616279b3e4bbaa",
        "x-ms-date": "Thu, 20 Aug 2020 22:35:45 GMT",
        "x-ms-return-client-request-id": "true",
        "x-ms-version": "2019-02-02"
      },
      "RequestBody": {
        "TableName": "testtablem0salty4"
      },
      "StatusCode": 429,
      "ResponseHeaders": {
        "Content-Type": "application/json",
        "Date": "Thu, 20 Aug 2020 22:35:44 GMT",
        "Server": "Microsoft-HTTPAPI/2.0",
        "Transfer-Encoding": "chunked",
        "x-ms-request-id": "1c06c678-5073-b322-c761-6279b3e4bbaa"
      },
      "ResponseBody": [
        "{\u0022odata.error\u0022:{\u0022code\u0022:\u0022429\u0022,\u0022message\u0022:{\u0022lang\u0022:\u0022en-us\u0022,\u0022value\u0022:\u0022Message: {\\\u0022Errors\\\u0022:[\\\u0022Request rate is large. More Request Units may be needed, so no changes were made. Please retry this request later. Learn more: http://aka.ms/cosmosdb-error-429\\\u0022]}\\r\\nActivityId: 1334194d-dcdc-4857-87cf-01cc28dc2636, Request URI: /apps/8b1ea712-4dfc-487e-9abf-91bcc14490f4/services/c147baaa-111c-48fc-95e8-b755505443e5/partitions/d9177690-41e2-486f-b7ca-e933272ef14d/replicas/132424089643911810p, RequestStats: , SDK: Microsoft.Azure.Documents.Common/2.11.0, documentdb-dotnet-sdk/2.11.0 Host/64-bit MicrosoftWindowsNT/6.2.9200.0\\nRequestID:1c06c678-5073-b322-c761-6279b3e4bbaa\\n\u0022}}}\r\n"
      ]
    },
    {
      "RequestUri": "https://td29f528fe8af4d53prim.table.cosmos.azure.com/Tables?$format=application%2Fjson%3Bodata%3Dminimalmetadata",
      "RequestMethod": "POST",
      "RequestHeaders": {
        "Accept": [
          "application/json",
          "application/json; odata=minimalmetadata"
        ],
        "Authorization": "Sanitized",
        "Content-Length": "33",
        "Content-Type": "application/json; odata=nometadata",
        "DataServiceVersion": "3.0",
        "traceparent": "00-f48a72877968b248a7b93c1df94d938d-3812b142c5c6004b-00",
        "User-Agent": [
          "azsdk-net-Data.Tables/1.0.0-dev.20200820.3",
          "(.NET Core 4.6.27514.02; Microsoft Windows 10.0.17763 )"
        ],
        "x-ms-client-request-id": "1c06c6785073b322c7616279b3e4bbaa",
        "x-ms-date": "Thu, 20 Aug 2020 22:35:47 GMT",
        "x-ms-return-client-request-id": "true",
        "x-ms-version": "2019-02-02"
      },
      "RequestBody": {
        "TableName": "testtablem0salty4"
      },
      "StatusCode": 201,
      "ResponseHeaders": {
        "Content-Type": "application/json",
        "Date": "Thu, 20 Aug 2020 22:35:48 GMT",
        "ETag": "W/\u0022datetime\u00272020-08-20T22%3A35%3A47.8899720Z\u0027\u0022",
        "Location": "https://td29f528fe8af4d53prim.table.cosmos.azure.com/Tables(\u0027testtablem0salty4\u0027)",
        "Server": "Microsoft-HTTPAPI/2.0",
        "Transfer-Encoding": "chunked",
        "x-ms-request-id": "1c06c678-5073-b322-c761-6279b3e4bbaa"
      },
      "ResponseBody": {
        "TableName": "testtablem0salty4",
        "odata.metadata": "https://td29f528fe8af4d53prim.table.cosmos.azure.com/$metadata#Tables/@Element"
      }
    },
    {
      "RequestUri": "https://td29f528fe8af4d53prim.table.cosmos.azure.com/Tables?$format=application%2Fjson%3Bodata%3Dminimalmetadata",
      "RequestMethod": "POST",
      "RequestHeaders": {
        "Accept": [
          "application/json",
          "application/json; odata=minimalmetadata"
        ],
        "Authorization": "Sanitized",
        "Content-Length": "33",
        "Content-Type": "application/json; odata=nometadata",
        "DataServiceVersion": "3.0",
        "traceparent": "00-5ab22a58b63a334ab5c27635de3e9a30-6b592f2854565242-00",
        "User-Agent": [
          "azsdk-net-Data.Tables/1.0.0-dev.20200820.3",
          "(.NET Core 4.6.27514.02; Microsoft Windows 10.0.17763 )"
        ],
        "x-ms-client-request-id": "1043035178eedf35d6b6d9d4f25a5b27",
        "x-ms-date": "Thu, 20 Aug 2020 22:35:48 GMT",
        "x-ms-return-client-request-id": "true",
        "x-ms-version": "2019-02-02"
      },
      "RequestBody": {
        "TableName": "testtable3ptqytbf"
      },
      "StatusCode": 429,
      "ResponseHeaders": {
        "Content-Type": "application/json",
        "Date": "Thu, 20 Aug 2020 22:35:48 GMT",
        "Server": "Microsoft-HTTPAPI/2.0",
        "Transfer-Encoding": "chunked",
        "x-ms-request-id": "10430351-78ee-df35-d6b6-d9d4f25a5b27"
      },
      "ResponseBody": [
        "{\u0022odata.error\u0022:{\u0022code\u0022:\u0022429\u0022,\u0022message\u0022:{\u0022lang\u0022:\u0022en-us\u0022,\u0022value\u0022:\u0022Message: {\\\u0022Errors\\\u0022:[\\\u0022Request rate is large. More Request Units may be needed, so no changes were made. Please retry this request later. Learn more: http://aka.ms/cosmosdb-error-429\\\u0022]}\\r\\nActivityId: 4cf1bb59-2d96-4856-b195-ca91388fbfd0, Request URI: /apps/8b1ea712-4dfc-487e-9abf-91bcc14490f4/services/c147baaa-111c-48fc-95e8-b755505443e5/partitions/d9177690-41e2-486f-b7ca-e933272ef14d/replicas/132424089643911810p, RequestStats: , SDK: Microsoft.Azure.Documents.Common/2.11.0, documentdb-dotnet-sdk/2.11.0 Host/64-bit MicrosoftWindowsNT/6.2.9200.0\\nRequestID:10430351-78ee-df35-d6b6-d9d4f25a5b27\\n\u0022}}}\r\n"
      ]
    },
    {
      "RequestUri": "https://td29f528fe8af4d53prim.table.cosmos.azure.com/Tables?$format=application%2Fjson%3Bodata%3Dminimalmetadata",
      "RequestMethod": "POST",
      "RequestHeaders": {
        "Accept": [
          "application/json",
          "application/json; odata=minimalmetadata"
        ],
        "Authorization": "Sanitized",
        "Content-Length": "33",
        "Content-Type": "application/json; odata=nometadata",
        "DataServiceVersion": "3.0",
        "traceparent": "00-5ab22a58b63a334ab5c27635de3e9a30-6b592f2854565242-00",
        "User-Agent": [
          "azsdk-net-Data.Tables/1.0.0-dev.20200820.3",
          "(.NET Core 4.6.27514.02; Microsoft Windows 10.0.17763 )"
        ],
        "x-ms-client-request-id": "1043035178eedf35d6b6d9d4f25a5b27",
        "x-ms-date": "Thu, 20 Aug 2020 22:35:49 GMT",
        "x-ms-return-client-request-id": "true",
        "x-ms-version": "2019-02-02"
      },
      "RequestBody": {
        "TableName": "testtable3ptqytbf"
      },
      "StatusCode": 429,
      "ResponseHeaders": {
        "Content-Type": "application/json",
        "Date": "Thu, 20 Aug 2020 22:35:48 GMT",
        "Server": "Microsoft-HTTPAPI/2.0",
        "Transfer-Encoding": "chunked",
        "x-ms-request-id": "10430351-78ee-df35-d6b6-d9d4f25a5b27"
      },
      "ResponseBody": [
        "{\u0022odata.error\u0022:{\u0022code\u0022:\u0022429\u0022,\u0022message\u0022:{\u0022lang\u0022:\u0022en-us\u0022,\u0022value\u0022:\u0022Message: {\\\u0022Errors\\\u0022:[\\\u0022Request rate is large. More Request Units may be needed, so no changes were made. Please retry this request later. Learn more: http://aka.ms/cosmosdb-error-429\\\u0022]}\\r\\nActivityId: ddaf4134-086c-4e7b-99aa-5d139a6b5322, Request URI: /apps/8b1ea712-4dfc-487e-9abf-91bcc14490f4/services/c147baaa-111c-48fc-95e8-b755505443e5/partitions/d9177690-41e2-486f-b7ca-e933272ef14d/replicas/132424089643911810p, RequestStats: , SDK: Microsoft.Azure.Documents.Common/2.11.0, documentdb-dotnet-sdk/2.11.0 Host/64-bit MicrosoftWindowsNT/6.2.9200.0\\nRequestID:10430351-78ee-df35-d6b6-d9d4f25a5b27\\n\u0022}}}\r\n"
      ]
    },
    {
      "RequestUri": "https://td29f528fe8af4d53prim.table.cosmos.azure.com/Tables?$format=application%2Fjson%3Bodata%3Dminimalmetadata",
      "RequestMethod": "POST",
      "RequestHeaders": {
        "Accept": [
          "application/json",
          "application/json; odata=minimalmetadata"
        ],
        "Authorization": "Sanitized",
        "Content-Length": "33",
        "Content-Type": "application/json; odata=nometadata",
        "DataServiceVersion": "3.0",
        "traceparent": "00-5ab22a58b63a334ab5c27635de3e9a30-6b592f2854565242-00",
        "User-Agent": [
          "azsdk-net-Data.Tables/1.0.0-dev.20200820.3",
          "(.NET Core 4.6.27514.02; Microsoft Windows 10.0.17763 )"
        ],
        "x-ms-client-request-id": "1043035178eedf35d6b6d9d4f25a5b27",
        "x-ms-date": "Thu, 20 Aug 2020 22:35:51 GMT",
        "x-ms-return-client-request-id": "true",
        "x-ms-version": "2019-02-02"
      },
      "RequestBody": {
        "TableName": "testtable3ptqytbf"
      },
      "StatusCode": 429,
      "ResponseHeaders": {
        "Content-Type": "application/json",
        "Date": "Thu, 20 Aug 2020 22:35:50 GMT",
        "Server": "Microsoft-HTTPAPI/2.0",
        "Transfer-Encoding": "chunked",
        "x-ms-request-id": "10430351-78ee-df35-d6b6-d9d4f25a5b27"
      },
      "ResponseBody": [
        "{\u0022odata.error\u0022:{\u0022code\u0022:\u0022429\u0022,\u0022message\u0022:{\u0022lang\u0022:\u0022en-us\u0022,\u0022value\u0022:\u0022Message: {\\\u0022Errors\\\u0022:[\\\u0022Request rate is large. More Request Units may be needed, so no changes were made. Please retry this request later. Learn more: http://aka.ms/cosmosdb-error-429\\\u0022]}\\r\\nActivityId: d34e750d-dc92-4a36-957a-11df96e8603e, Request URI: /apps/8b1ea712-4dfc-487e-9abf-91bcc14490f4/services/c147baaa-111c-48fc-95e8-b755505443e5/partitions/d9177690-41e2-486f-b7ca-e933272ef14d/replicas/132424089643911810p, RequestStats: , SDK: Microsoft.Azure.Documents.Common/2.11.0, documentdb-dotnet-sdk/2.11.0 Host/64-bit MicrosoftWindowsNT/6.2.9200.0\\nRequestID:10430351-78ee-df35-d6b6-d9d4f25a5b27\\n\u0022}}}\r\n"
      ]
    },
    {
      "RequestUri": "https://td29f528fe8af4d53prim.table.cosmos.azure.com/Tables?$format=application%2Fjson%3Bodata%3Dminimalmetadata",
      "RequestMethod": "POST",
      "RequestHeaders": {
        "Accept": [
          "application/json",
          "application/json; odata=minimalmetadata"
        ],
        "Authorization": "Sanitized",
        "Content-Length": "33",
        "Content-Type": "application/json; odata=nometadata",
        "DataServiceVersion": "3.0",
        "traceparent": "00-5ab22a58b63a334ab5c27635de3e9a30-6b592f2854565242-00",
        "User-Agent": [
          "azsdk-net-Data.Tables/1.0.0-dev.20200820.3",
          "(.NET Core 4.6.27514.02; Microsoft Windows 10.0.17763 )"
        ],
        "x-ms-client-request-id": "1043035178eedf35d6b6d9d4f25a5b27",
        "x-ms-date": "Thu, 20 Aug 2020 22:35:54 GMT",
        "x-ms-return-client-request-id": "true",
        "x-ms-version": "2019-02-02"
      },
      "RequestBody": {
        "TableName": "testtable3ptqytbf"
      },
      "StatusCode": 429,
      "ResponseHeaders": {
        "Content-Type": "application/json",
        "Date": "Thu, 20 Aug 2020 22:35:53 GMT",
        "Server": "Microsoft-HTTPAPI/2.0",
        "Transfer-Encoding": "chunked",
        "x-ms-request-id": "10430351-78ee-df35-d6b6-d9d4f25a5b27"
      },
      "ResponseBody": [
        "{\u0022odata.error\u0022:{\u0022code\u0022:\u0022429\u0022,\u0022message\u0022:{\u0022lang\u0022:\u0022en-us\u0022,\u0022value\u0022:\u0022Message: {\\\u0022Errors\\\u0022:[\\\u0022Request rate is large. More Request Units may be needed, so no changes were made. Please retry this request later. Learn more: http://aka.ms/cosmosdb-error-429\\\u0022]}\\r\\nActivityId: d5f4867d-009d-4a56-adfe-2b93a4ada6ae, Request URI: /apps/8b1ea712-4dfc-487e-9abf-91bcc14490f4/services/c147baaa-111c-48fc-95e8-b755505443e5/partitions/d9177690-41e2-486f-b7ca-e933272ef14d/replicas/132424089643911810p, RequestStats: , SDK: Microsoft.Azure.Documents.Common/2.11.0, documentdb-dotnet-sdk/2.11.0 Host/64-bit MicrosoftWindowsNT/6.2.9200.0\\nRequestID:10430351-78ee-df35-d6b6-d9d4f25a5b27\\n\u0022}}}\r\n"
      ]
    },
    {
      "RequestUri": "https://td29f528fe8af4d53prim.table.cosmos.azure.com/Tables?$format=application%2Fjson%3Bodata%3Dminimalmetadata",
      "RequestMethod": "POST",
      "RequestHeaders": {
        "Accept": [
          "application/json",
          "application/json; odata=minimalmetadata"
        ],
        "Authorization": "Sanitized",
        "Content-Length": "33",
        "Content-Type": "application/json; odata=nometadata",
        "DataServiceVersion": "3.0",
        "traceparent": "00-e855f40d08dd4a4fa8025869afdf7ff7-597df832db3bfe46-00",
        "User-Agent": [
          "azsdk-net-Data.Tables/1.0.0-dev.20200820.3",
          "(.NET Core 4.6.27514.02; Microsoft Windows 10.0.17763 )"
        ],
        "x-ms-client-request-id": "47c2dfd50b920ef0de5be467f0121b1b",
        "x-ms-date": "Thu, 20 Aug 2020 22:35:55 GMT",
        "x-ms-return-client-request-id": "true",
        "x-ms-version": "2019-02-02"
      },
      "RequestBody": {
        "TableName": "testtable3ptqytbf"
      },
      "StatusCode": 429,
      "ResponseHeaders": {
        "Content-Type": "application/json",
        "Date": "Thu, 20 Aug 2020 22:35:55 GMT",
        "Server": "Microsoft-HTTPAPI/2.0",
        "Transfer-Encoding": "chunked",
        "x-ms-request-id": "47c2dfd5-0b92-0ef0-de5b-e467f0121b1b"
      },
      "ResponseBody": [
        "{\u0022odata.error\u0022:{\u0022code\u0022:\u0022429\u0022,\u0022message\u0022:{\u0022lang\u0022:\u0022en-us\u0022,\u0022value\u0022:\u0022Message: {\\\u0022Errors\\\u0022:[\\\u0022Request rate is large. More Request Units may be needed, so no changes were made. Please retry this request later. Learn more: http://aka.ms/cosmosdb-error-429\\\u0022]}\\r\\nActivityId: a7ef4d2c-6b04-4fe9-b602-a0787d907a6d, Request URI: /apps/8b1ea712-4dfc-487e-9abf-91bcc14490f4/services/c147baaa-111c-48fc-95e8-b755505443e5/partitions/d9177690-41e2-486f-b7ca-e933272ef14d/replicas/132424089643911810p, RequestStats: , SDK: Microsoft.Azure.Documents.Common/2.11.0, documentdb-dotnet-sdk/2.11.0 Host/64-bit MicrosoftWindowsNT/6.2.9200.0\\nRequestID:47c2dfd5-0b92-0ef0-de5b-e467f0121b1b\\n\u0022}}}\r\n"
      ]
    },
    {
      "RequestUri": "https://td29f528fe8af4d53prim.table.cosmos.azure.com/Tables?$format=application%2Fjson%3Bodata%3Dminimalmetadata",
      "RequestMethod": "POST",
      "RequestHeaders": {
        "Accept": [
          "application/json",
          "application/json; odata=minimalmetadata"
        ],
        "Authorization": "Sanitized",
        "Content-Length": "33",
        "Content-Type": "application/json; odata=nometadata",
        "DataServiceVersion": "3.0",
        "traceparent": "00-e855f40d08dd4a4fa8025869afdf7ff7-597df832db3bfe46-00",
        "User-Agent": [
          "azsdk-net-Data.Tables/1.0.0-dev.20200820.3",
          "(.NET Core 4.6.27514.02; Microsoft Windows 10.0.17763 )"
        ],
        "x-ms-client-request-id": "47c2dfd50b920ef0de5be467f0121b1b",
        "x-ms-date": "Thu, 20 Aug 2020 22:35:56 GMT",
        "x-ms-return-client-request-id": "true",
        "x-ms-version": "2019-02-02"
      },
      "RequestBody": {
        "TableName": "testtable3ptqytbf"
      },
      "StatusCode": 429,
      "ResponseHeaders": {
        "Content-Type": "application/json",
        "Date": "Thu, 20 Aug 2020 22:35:55 GMT",
        "Server": "Microsoft-HTTPAPI/2.0",
        "Transfer-Encoding": "chunked",
        "x-ms-request-id": "47c2dfd5-0b92-0ef0-de5b-e467f0121b1b"
      },
      "ResponseBody": [
        "{\u0022odata.error\u0022:{\u0022code\u0022:\u0022429\u0022,\u0022message\u0022:{\u0022lang\u0022:\u0022en-us\u0022,\u0022value\u0022:\u0022Message: {\\\u0022Errors\\\u0022:[\\\u0022Request rate is large. More Request Units may be needed, so no changes were made. Please retry this request later. Learn more: http://aka.ms/cosmosdb-error-429\\\u0022]}\\r\\nActivityId: 194138ad-3a53-4bda-9c66-32f96f4d4579, Request URI: /apps/8b1ea712-4dfc-487e-9abf-91bcc14490f4/services/c147baaa-111c-48fc-95e8-b755505443e5/partitions/d9177690-41e2-486f-b7ca-e933272ef14d/replicas/132424089643911810p, RequestStats: , SDK: Microsoft.Azure.Documents.Common/2.11.0, documentdb-dotnet-sdk/2.11.0 Host/64-bit MicrosoftWindowsNT/6.2.9200.0\\nRequestID:47c2dfd5-0b92-0ef0-de5b-e467f0121b1b\\n\u0022}}}\r\n"
      ]
    },
    {
      "RequestUri": "https://td29f528fe8af4d53prim.table.cosmos.azure.com/Tables?$format=application%2Fjson%3Bodata%3Dminimalmetadata",
      "RequestMethod": "POST",
      "RequestHeaders": {
        "Accept": [
          "application/json",
          "application/json; odata=minimalmetadata"
        ],
        "Authorization": "Sanitized",
        "Content-Length": "33",
        "Content-Type": "application/json; odata=nometadata",
        "DataServiceVersion": "3.0",
        "traceparent": "00-e855f40d08dd4a4fa8025869afdf7ff7-597df832db3bfe46-00",
        "User-Agent": [
          "azsdk-net-Data.Tables/1.0.0-dev.20200820.3",
          "(.NET Core 4.6.27514.02; Microsoft Windows 10.0.17763 )"
        ],
        "x-ms-client-request-id": "47c2dfd50b920ef0de5be467f0121b1b",
        "x-ms-date": "Thu, 20 Aug 2020 22:35:57 GMT",
        "x-ms-return-client-request-id": "true",
        "x-ms-version": "2019-02-02"
      },
      "RequestBody": {
        "TableName": "testtable3ptqytbf"
      },
      "StatusCode": 429,
      "ResponseHeaders": {
        "Content-Type": "application/json",
        "Date": "Thu, 20 Aug 2020 22:35:57 GMT",
        "Server": "Microsoft-HTTPAPI/2.0",
        "Transfer-Encoding": "chunked",
        "x-ms-request-id": "47c2dfd5-0b92-0ef0-de5b-e467f0121b1b"
      },
      "ResponseBody": [
        "{\u0022odata.error\u0022:{\u0022code\u0022:\u0022429\u0022,\u0022message\u0022:{\u0022lang\u0022:\u0022en-us\u0022,\u0022value\u0022:\u0022Message: {\\\u0022Errors\\\u0022:[\\\u0022Request rate is large. More Request Units may be needed, so no changes were made. Please retry this request later. Learn more: http://aka.ms/cosmosdb-error-429\\\u0022]}\\r\\nActivityId: 324de7a8-f3e4-4a12-8fae-0e47928880d3, Request URI: /apps/8b1ea712-4dfc-487e-9abf-91bcc14490f4/services/c147baaa-111c-48fc-95e8-b755505443e5/partitions/d9177690-41e2-486f-b7ca-e933272ef14d/replicas/132424089643911810p, RequestStats: , SDK: Microsoft.Azure.Documents.Common/2.11.0, documentdb-dotnet-sdk/2.11.0 Host/64-bit MicrosoftWindowsNT/6.2.9200.0\\nRequestID:47c2dfd5-0b92-0ef0-de5b-e467f0121b1b\\n\u0022}}}\r\n"
      ]
    },
    {
      "RequestUri": "https://td29f528fe8af4d53prim.table.cosmos.azure.com/Tables?$format=application%2Fjson%3Bodata%3Dminimalmetadata",
      "RequestMethod": "POST",
      "RequestHeaders": {
        "Accept": [
          "application/json",
          "application/json; odata=minimalmetadata"
        ],
        "Authorization": "Sanitized",
        "Content-Length": "33",
        "Content-Type": "application/json; odata=nometadata",
        "DataServiceVersion": "3.0",
        "traceparent": "00-e855f40d08dd4a4fa8025869afdf7ff7-597df832db3bfe46-00",
        "User-Agent": [
          "azsdk-net-Data.Tables/1.0.0-dev.20200820.3",
          "(.NET Core 4.6.27514.02; Microsoft Windows 10.0.17763 )"
        ],
        "x-ms-client-request-id": "47c2dfd50b920ef0de5be467f0121b1b",
        "x-ms-date": "Thu, 20 Aug 2020 22:36:00 GMT",
        "x-ms-return-client-request-id": "true",
        "x-ms-version": "2019-02-02"
      },
      "RequestBody": {
        "TableName": "testtable3ptqytbf"
      },
      "StatusCode": 201,
      "ResponseHeaders": {
        "Content-Type": "application/json",
        "Date": "Thu, 20 Aug 2020 22:36:01 GMT",
        "ETag": "W/\u0022datetime\u00272020-08-20T22%3A36%3A00.7101448Z\u0027\u0022",
        "Location": "https://td29f528fe8af4d53prim.table.cosmos.azure.com/Tables(\u0027testtable3ptqytbf\u0027)",
        "Server": "Microsoft-HTTPAPI/2.0",
        "Transfer-Encoding": "chunked",
        "x-ms-request-id": "47c2dfd5-0b92-0ef0-de5b-e467f0121b1b"
      },
      "ResponseBody": {
        "TableName": "testtable3ptqytbf",
        "odata.metadata": "https://td29f528fe8af4d53prim.table.cosmos.azure.com/$metadata#Tables/@Element"
      }
    },
    {
      "RequestUri": "https://td29f528fe8af4d53prim.table.cosmos.azure.com/Tables?$format=application%2Fjson%3Bodata%3Dminimalmetadata",
      "RequestMethod": "POST",
      "RequestHeaders": {
        "Accept": [
          "application/json",
          "application/json; odata=minimalmetadata"
        ],
        "Authorization": "Sanitized",
        "Content-Length": "33",
        "Content-Type": "application/json; odata=nometadata",
        "DataServiceVersion": "3.0",
        "traceparent": "00-d0536b42c9b7084a848820496f505261-6880ccfd798f3746-00",
        "User-Agent": [
          "azsdk-net-Data.Tables/1.0.0-dev.20200820.3",
          "(.NET Core 4.6.27514.02; Microsoft Windows 10.0.17763 )"
        ],
        "x-ms-client-request-id": "fda3832be70b5ab7c80870b69bd5b946",
        "x-ms-date": "Thu, 20 Aug 2020 22:36:01 GMT",
        "x-ms-return-client-request-id": "true",
        "x-ms-version": "2019-02-02"
      },
      "RequestBody": {
        "TableName": "testtable0sldk6fh"
      },
      "StatusCode": 429,
      "ResponseHeaders": {
        "Content-Type": "application/json",
        "Date": "Thu, 20 Aug 2020 22:36:01 GMT",
        "Server": "Microsoft-HTTPAPI/2.0",
        "Transfer-Encoding": "chunked",
        "x-ms-request-id": "fda3832b-e70b-5ab7-c808-70b69bd5b946"
      },
      "ResponseBody": [
        "{\u0022odata.error\u0022:{\u0022code\u0022:\u0022429\u0022,\u0022message\u0022:{\u0022lang\u0022:\u0022en-us\u0022,\u0022value\u0022:\u0022Message: {\\\u0022Errors\\\u0022:[\\\u0022Request rate is large. More Request Units may be needed, so no changes were made. Please retry this request later. Learn more: http://aka.ms/cosmosdb-error-429\\\u0022]}\\r\\nActivityId: cc84f629-c4de-4173-9fd9-d762185dc7ac, Request URI: /apps/8b1ea712-4dfc-487e-9abf-91bcc14490f4/services/c147baaa-111c-48fc-95e8-b755505443e5/partitions/d9177690-41e2-486f-b7ca-e933272ef14d/replicas/132424089643911810p, RequestStats: , SDK: Microsoft.Azure.Documents.Common/2.11.0, documentdb-dotnet-sdk/2.11.0 Host/64-bit MicrosoftWindowsNT/6.2.9200.0\\nRequestID:fda3832b-e70b-5ab7-c808-70b69bd5b946\\n\u0022}}}\r\n"
      ]
    },
    {
      "RequestUri": "https://td29f528fe8af4d53prim.table.cosmos.azure.com/Tables?$format=application%2Fjson%3Bodata%3Dminimalmetadata",
      "RequestMethod": "POST",
      "RequestHeaders": {
        "Accept": [
          "application/json",
          "application/json; odata=minimalmetadata"
        ],
        "Authorization": "Sanitized",
        "Content-Length": "33",
        "Content-Type": "application/json; odata=nometadata",
        "DataServiceVersion": "3.0",
        "traceparent": "00-d0536b42c9b7084a848820496f505261-6880ccfd798f3746-00",
        "User-Agent": [
          "azsdk-net-Data.Tables/1.0.0-dev.20200820.3",
          "(.NET Core 4.6.27514.02; Microsoft Windows 10.0.17763 )"
        ],
        "x-ms-client-request-id": "fda3832be70b5ab7c80870b69bd5b946",
        "x-ms-date": "Thu, 20 Aug 2020 22:36:02 GMT",
        "x-ms-return-client-request-id": "true",
        "x-ms-version": "2019-02-02"
      },
      "RequestBody": {
        "TableName": "testtable0sldk6fh"
      },
      "StatusCode": 429,
      "ResponseHeaders": {
        "Content-Type": "application/json",
        "Date": "Thu, 20 Aug 2020 22:36:02 GMT",
        "Server": "Microsoft-HTTPAPI/2.0",
        "Transfer-Encoding": "chunked",
        "x-ms-request-id": "fda3832b-e70b-5ab7-c808-70b69bd5b946"
      },
      "ResponseBody": [
        "{\u0022odata.error\u0022:{\u0022code\u0022:\u0022429\u0022,\u0022message\u0022:{\u0022lang\u0022:\u0022en-us\u0022,\u0022value\u0022:\u0022Message: {\\\u0022Errors\\\u0022:[\\\u0022Request rate is large. More Request Units may be needed, so no changes were made. Please retry this request later. Learn more: http://aka.ms/cosmosdb-error-429\\\u0022]}\\r\\nActivityId: b6d553c1-9cf6-4b15-8613-a82e0eb8b026, Request URI: /apps/8b1ea712-4dfc-487e-9abf-91bcc14490f4/services/c147baaa-111c-48fc-95e8-b755505443e5/partitions/d9177690-41e2-486f-b7ca-e933272ef14d/replicas/132424089643911810p, RequestStats: , SDK: Microsoft.Azure.Documents.Common/2.11.0, documentdb-dotnet-sdk/2.11.0 Host/64-bit MicrosoftWindowsNT/6.2.9200.0\\nRequestID:fda3832b-e70b-5ab7-c808-70b69bd5b946\\n\u0022}}}\r\n"
      ]
    },
    {
      "RequestUri": "https://td29f528fe8af4d53prim.table.cosmos.azure.com/Tables?$format=application%2Fjson%3Bodata%3Dminimalmetadata",
      "RequestMethod": "POST",
      "RequestHeaders": {
        "Accept": [
          "application/json",
          "application/json; odata=minimalmetadata"
        ],
        "Authorization": "Sanitized",
        "Content-Length": "33",
        "Content-Type": "application/json; odata=nometadata",
        "DataServiceVersion": "3.0",
        "traceparent": "00-d0536b42c9b7084a848820496f505261-6880ccfd798f3746-00",
        "User-Agent": [
          "azsdk-net-Data.Tables/1.0.0-dev.20200820.3",
          "(.NET Core 4.6.27514.02; Microsoft Windows 10.0.17763 )"
        ],
        "x-ms-client-request-id": "fda3832be70b5ab7c80870b69bd5b946",
        "x-ms-date": "Thu, 20 Aug 2020 22:36:03 GMT",
        "x-ms-return-client-request-id": "true",
        "x-ms-version": "2019-02-02"
      },
      "RequestBody": {
        "TableName": "testtable0sldk6fh"
      },
      "StatusCode": 429,
      "ResponseHeaders": {
        "Content-Type": "application/json",
        "Date": "Thu, 20 Aug 2020 22:36:03 GMT",
        "Server": "Microsoft-HTTPAPI/2.0",
        "Transfer-Encoding": "chunked",
        "x-ms-request-id": "fda3832b-e70b-5ab7-c808-70b69bd5b946"
      },
      "ResponseBody": [
        "{\u0022odata.error\u0022:{\u0022code\u0022:\u0022429\u0022,\u0022message\u0022:{\u0022lang\u0022:\u0022en-us\u0022,\u0022value\u0022:\u0022Message: {\\\u0022Errors\\\u0022:[\\\u0022Request rate is large. More Request Units may be needed, so no changes were made. Please retry this request later. Learn more: http://aka.ms/cosmosdb-error-429\\\u0022]}\\r\\nActivityId: 67ad1b92-930d-44bd-a619-950e288e4b04, Request URI: /apps/8b1ea712-4dfc-487e-9abf-91bcc14490f4/services/c147baaa-111c-48fc-95e8-b755505443e5/partitions/d9177690-41e2-486f-b7ca-e933272ef14d/replicas/132424089643911810p, RequestStats: , SDK: Microsoft.Azure.Documents.Common/2.11.0, documentdb-dotnet-sdk/2.11.0 Host/64-bit MicrosoftWindowsNT/6.2.9200.0\\nRequestID:fda3832b-e70b-5ab7-c808-70b69bd5b946\\n\u0022}}}\r\n"
      ]
    },
    {
      "RequestUri": "https://td29f528fe8af4d53prim.table.cosmos.azure.com/Tables?$format=application%2Fjson%3Bodata%3Dminimalmetadata",
      "RequestMethod": "POST",
      "RequestHeaders": {
        "Accept": [
          "application/json",
          "application/json; odata=minimalmetadata"
        ],
        "Authorization": "Sanitized",
        "Content-Length": "33",
        "Content-Type": "application/json; odata=nometadata",
        "DataServiceVersion": "3.0",
        "traceparent": "00-d0536b42c9b7084a848820496f505261-6880ccfd798f3746-00",
        "User-Agent": [
          "azsdk-net-Data.Tables/1.0.0-dev.20200820.3",
          "(.NET Core 4.6.27514.02; Microsoft Windows 10.0.17763 )"
        ],
        "x-ms-client-request-id": "fda3832be70b5ab7c80870b69bd5b946",
        "x-ms-date": "Thu, 20 Aug 2020 22:36:06 GMT",
        "x-ms-return-client-request-id": "true",
        "x-ms-version": "2019-02-02"
      },
      "RequestBody": {
        "TableName": "testtable0sldk6fh"
      },
      "StatusCode": 429,
      "ResponseHeaders": {
        "Content-Type": "application/json",
        "Date": "Thu, 20 Aug 2020 22:36:06 GMT",
        "Server": "Microsoft-HTTPAPI/2.0",
        "Transfer-Encoding": "chunked",
        "x-ms-request-id": "fda3832b-e70b-5ab7-c808-70b69bd5b946"
      },
      "ResponseBody": [
        "{\u0022odata.error\u0022:{\u0022code\u0022:\u0022429\u0022,\u0022message\u0022:{\u0022lang\u0022:\u0022en-us\u0022,\u0022value\u0022:\u0022Message: {\\\u0022Errors\\\u0022:[\\\u0022Request rate is large. More Request Units may be needed, so no changes were made. Please retry this request later. Learn more: http://aka.ms/cosmosdb-error-429\\\u0022]}\\r\\nActivityId: d068d3ba-27a1-4459-9d16-7b3d50662987, Request URI: /apps/8b1ea712-4dfc-487e-9abf-91bcc14490f4/services/c147baaa-111c-48fc-95e8-b755505443e5/partitions/d9177690-41e2-486f-b7ca-e933272ef14d/replicas/132424089643911810p, RequestStats: , SDK: Microsoft.Azure.Documents.Common/2.11.0, documentdb-dotnet-sdk/2.11.0 Host/64-bit MicrosoftWindowsNT/6.2.9200.0\\nRequestID:fda3832b-e70b-5ab7-c808-70b69bd5b946\\n\u0022}}}\r\n"
      ]
    },
    {
      "RequestUri": "https://td29f528fe8af4d53prim.table.cosmos.azure.com/Tables?$format=application%2Fjson%3Bodata%3Dminimalmetadata",
      "RequestMethod": "POST",
      "RequestHeaders": {
        "Accept": [
          "application/json",
          "application/json; odata=minimalmetadata"
        ],
        "Authorization": "Sanitized",
        "Content-Length": "33",
        "Content-Type": "application/json; odata=nometadata",
        "DataServiceVersion": "3.0",
        "traceparent": "00-3f733097706aa348a428d1e4f4c0b6ac-0d98d0d11b974b4d-00",
        "User-Agent": [
          "azsdk-net-Data.Tables/1.0.0-dev.20200820.3",
          "(.NET Core 4.6.27514.02; Microsoft Windows 10.0.17763 )"
        ],
        "x-ms-client-request-id": "93313512ce94c3ef9bbd2a3890eb1ac3",
        "x-ms-date": "Thu, 20 Aug 2020 22:36:08 GMT",
        "x-ms-return-client-request-id": "true",
        "x-ms-version": "2019-02-02"
      },
      "RequestBody": {
        "TableName": "testtable0sldk6fh"
      },
      "StatusCode": 429,
      "ResponseHeaders": {
        "Content-Type": "application/json",
        "Date": "Thu, 20 Aug 2020 22:36:08 GMT",
        "Server": "Microsoft-HTTPAPI/2.0",
        "Transfer-Encoding": "chunked",
        "x-ms-request-id": "93313512-ce94-c3ef-9bbd-2a3890eb1ac3"
      },
      "ResponseBody": [
        "{\u0022odata.error\u0022:{\u0022code\u0022:\u0022429\u0022,\u0022message\u0022:{\u0022lang\u0022:\u0022en-us\u0022,\u0022value\u0022:\u0022Message: {\\\u0022Errors\\\u0022:[\\\u0022Request rate is large. More Request Units may be needed, so no changes were made. Please retry this request later. Learn more: http://aka.ms/cosmosdb-error-429\\\u0022]}\\r\\nActivityId: f49bf023-05af-4c6e-ac5f-462f42a1e39e, Request URI: /apps/8b1ea712-4dfc-487e-9abf-91bcc14490f4/services/c147baaa-111c-48fc-95e8-b755505443e5/partitions/d9177690-41e2-486f-b7ca-e933272ef14d/replicas/132424089643911810p, RequestStats: , SDK: Microsoft.Azure.Documents.Common/2.11.0, documentdb-dotnet-sdk/2.11.0 Host/64-bit MicrosoftWindowsNT/6.2.9200.0\\nRequestID:93313512-ce94-c3ef-9bbd-2a3890eb1ac3\\n\u0022}}}\r\n"
      ]
    },
    {
      "RequestUri": "https://td29f528fe8af4d53prim.table.cosmos.azure.com/Tables?$format=application%2Fjson%3Bodata%3Dminimalmetadata",
      "RequestMethod": "POST",
      "RequestHeaders": {
        "Accept": [
          "application/json",
          "application/json; odata=minimalmetadata"
        ],
        "Authorization": "Sanitized",
        "Content-Length": "33",
        "Content-Type": "application/json; odata=nometadata",
        "DataServiceVersion": "3.0",
        "traceparent": "00-3f733097706aa348a428d1e4f4c0b6ac-0d98d0d11b974b4d-00",
        "User-Agent": [
          "azsdk-net-Data.Tables/1.0.0-dev.20200820.3",
          "(.NET Core 4.6.27514.02; Microsoft Windows 10.0.17763 )"
        ],
        "x-ms-client-request-id": "93313512ce94c3ef9bbd2a3890eb1ac3",
        "x-ms-date": "Thu, 20 Aug 2020 22:36:09 GMT",
        "x-ms-return-client-request-id": "true",
        "x-ms-version": "2019-02-02"
      },
      "RequestBody": {
        "TableName": "testtable0sldk6fh"
      },
      "StatusCode": 429,
      "ResponseHeaders": {
        "Content-Type": "application/json",
        "Date": "Thu, 20 Aug 2020 22:36:08 GMT",
        "Server": "Microsoft-HTTPAPI/2.0",
        "Transfer-Encoding": "chunked",
        "x-ms-request-id": "93313512-ce94-c3ef-9bbd-2a3890eb1ac3"
      },
      "ResponseBody": [
        "{\u0022odata.error\u0022:{\u0022code\u0022:\u0022429\u0022,\u0022message\u0022:{\u0022lang\u0022:\u0022en-us\u0022,\u0022value\u0022:\u0022Message: {\\\u0022Errors\\\u0022:[\\\u0022Request rate is large. More Request Units may be needed, so no changes were made. Please retry this request later. Learn more: http://aka.ms/cosmosdb-error-429\\\u0022]}\\r\\nActivityId: eef9b8cb-05b9-47aa-a595-b5169b825390, Request URI: /apps/8b1ea712-4dfc-487e-9abf-91bcc14490f4/services/c147baaa-111c-48fc-95e8-b755505443e5/partitions/d9177690-41e2-486f-b7ca-e933272ef14d/replicas/132424089643911810p, RequestStats: , SDK: Microsoft.Azure.Documents.Common/2.11.0, documentdb-dotnet-sdk/2.11.0 Host/64-bit MicrosoftWindowsNT/6.2.9200.0\\nRequestID:93313512-ce94-c3ef-9bbd-2a3890eb1ac3\\n\u0022}}}\r\n"
      ]
    },
    {
      "RequestUri": "https://td29f528fe8af4d53prim.table.cosmos.azure.com/Tables?$format=application%2Fjson%3Bodata%3Dminimalmetadata",
      "RequestMethod": "POST",
      "RequestHeaders": {
        "Accept": [
          "application/json",
          "application/json; odata=minimalmetadata"
        ],
        "Authorization": "Sanitized",
        "Content-Length": "33",
        "Content-Type": "application/json; odata=nometadata",
        "DataServiceVersion": "3.0",
        "traceparent": "00-3f733097706aa348a428d1e4f4c0b6ac-0d98d0d11b974b4d-00",
        "User-Agent": [
          "azsdk-net-Data.Tables/1.0.0-dev.20200820.3",
          "(.NET Core 4.6.27514.02; Microsoft Windows 10.0.17763 )"
        ],
        "x-ms-client-request-id": "93313512ce94c3ef9bbd2a3890eb1ac3",
        "x-ms-date": "Thu, 20 Aug 2020 22:36:11 GMT",
        "x-ms-return-client-request-id": "true",
        "x-ms-version": "2019-02-02"
      },
      "RequestBody": {
        "TableName": "testtable0sldk6fh"
      },
      "StatusCode": 201,
      "ResponseHeaders": {
        "Content-Type": "application/json",
        "Date": "Thu, 20 Aug 2020 22:36:11 GMT",
        "ETag": "W/\u0022datetime\u00272020-08-20T22%3A36%3A11.3693704Z\u0027\u0022",
        "Location": "https://td29f528fe8af4d53prim.table.cosmos.azure.com/Tables(\u0027testtable0sldk6fh\u0027)",
        "Server": "Microsoft-HTTPAPI/2.0",
        "Transfer-Encoding": "chunked",
        "x-ms-request-id": "93313512-ce94-c3ef-9bbd-2a3890eb1ac3"
      },
      "ResponseBody": {
        "TableName": "testtable0sldk6fh",
        "odata.metadata": "https://td29f528fe8af4d53prim.table.cosmos.azure.com/$metadata#Tables/@Element"
      }
    },
    {
      "RequestUri": "https://td29f528fe8af4d53prim.table.cosmos.azure.com/Tables?$format=application%2Fjson%3Bodata%3Dminimalmetadata",
      "RequestMethod": "POST",
      "RequestHeaders": {
        "Accept": [
          "application/json",
          "application/json; odata=minimalmetadata"
        ],
        "Authorization": "Sanitized",
        "Content-Length": "33",
        "Content-Type": "application/json; odata=nometadata",
        "DataServiceVersion": "3.0",
        "traceparent": "00-fbfd01db52c60c43b63920be37bfb25d-b359ffe1512db94b-00",
        "User-Agent": [
          "azsdk-net-Data.Tables/1.0.0-dev.20200820.3",
          "(.NET Core 4.6.27514.02; Microsoft Windows 10.0.17763 )"
        ],
        "x-ms-client-request-id": "e79f8aa464a2d47f00845dd6e032ba5d",
        "x-ms-date": "Thu, 20 Aug 2020 22:36:11 GMT",
        "x-ms-return-client-request-id": "true",
        "x-ms-version": "2019-02-02"
      },
      "RequestBody": {
        "TableName": "testtable52s7iv7u"
      },
      "StatusCode": 429,
      "ResponseHeaders": {
        "Content-Type": "application/json",
        "Date": "Thu, 20 Aug 2020 22:36:11 GMT",
        "Server": "Microsoft-HTTPAPI/2.0",
        "Transfer-Encoding": "chunked",
        "x-ms-request-id": "e79f8aa4-64a2-d47f-0084-5dd6e032ba5d"
      },
      "ResponseBody": [
        "{\u0022odata.error\u0022:{\u0022code\u0022:\u0022429\u0022,\u0022message\u0022:{\u0022lang\u0022:\u0022en-us\u0022,\u0022value\u0022:\u0022Message: {\\\u0022Errors\\\u0022:[\\\u0022Request rate is large. More Request Units may be needed, so no changes were made. Please retry this request later. Learn more: http://aka.ms/cosmosdb-error-429\\\u0022]}\\r\\nActivityId: a7a2fea2-2943-4226-b43f-32e312d2261c, Request URI: /apps/8b1ea712-4dfc-487e-9abf-91bcc14490f4/services/c147baaa-111c-48fc-95e8-b755505443e5/partitions/d9177690-41e2-486f-b7ca-e933272ef14d/replicas/132424089643911810p, RequestStats: , SDK: Microsoft.Azure.Documents.Common/2.11.0, documentdb-dotnet-sdk/2.11.0 Host/64-bit MicrosoftWindowsNT/6.2.9200.0\\nRequestID:e79f8aa4-64a2-d47f-0084-5dd6e032ba5d\\n\u0022}}}\r\n"
      ]
    },
    {
      "RequestUri": "https://td29f528fe8af4d53prim.table.cosmos.azure.com/Tables?$format=application%2Fjson%3Bodata%3Dminimalmetadata",
      "RequestMethod": "POST",
      "RequestHeaders": {
        "Accept": [
          "application/json",
          "application/json; odata=minimalmetadata"
        ],
        "Authorization": "Sanitized",
        "Content-Length": "33",
        "Content-Type": "application/json; odata=nometadata",
        "DataServiceVersion": "3.0",
        "traceparent": "00-fbfd01db52c60c43b63920be37bfb25d-b359ffe1512db94b-00",
        "User-Agent": [
          "azsdk-net-Data.Tables/1.0.0-dev.20200820.3",
          "(.NET Core 4.6.27514.02; Microsoft Windows 10.0.17763 )"
        ],
        "x-ms-client-request-id": "e79f8aa464a2d47f00845dd6e032ba5d",
        "x-ms-date": "Thu, 20 Aug 2020 22:36:12 GMT",
        "x-ms-return-client-request-id": "true",
        "x-ms-version": "2019-02-02"
      },
      "RequestBody": {
        "TableName": "testtable52s7iv7u"
      },
      "StatusCode": 429,
      "ResponseHeaders": {
        "Content-Type": "application/json",
        "Date": "Thu, 20 Aug 2020 22:36:11 GMT",
        "Server": "Microsoft-HTTPAPI/2.0",
        "Transfer-Encoding": "chunked",
        "x-ms-request-id": "e79f8aa4-64a2-d47f-0084-5dd6e032ba5d"
      },
      "ResponseBody": [
        "{\u0022odata.error\u0022:{\u0022code\u0022:\u0022429\u0022,\u0022message\u0022:{\u0022lang\u0022:\u0022en-us\u0022,\u0022value\u0022:\u0022Message: {\\\u0022Errors\\\u0022:[\\\u0022Request rate is large. More Request Units may be needed, so no changes were made. Please retry this request later. Learn more: http://aka.ms/cosmosdb-error-429\\\u0022]}\\r\\nActivityId: c928a176-bf7b-4492-82a9-bba59e0e5502, Request URI: /apps/8b1ea712-4dfc-487e-9abf-91bcc14490f4/services/c147baaa-111c-48fc-95e8-b755505443e5/partitions/d9177690-41e2-486f-b7ca-e933272ef14d/replicas/132424089643911810p, RequestStats: , SDK: Microsoft.Azure.Documents.Common/2.11.0, documentdb-dotnet-sdk/2.11.0 Host/64-bit MicrosoftWindowsNT/6.2.9200.0\\nRequestID:e79f8aa4-64a2-d47f-0084-5dd6e032ba5d\\n\u0022}}}\r\n"
      ]
    },
    {
      "RequestUri": "https://td29f528fe8af4d53prim.table.cosmos.azure.com/Tables?$format=application%2Fjson%3Bodata%3Dminimalmetadata",
      "RequestMethod": "POST",
      "RequestHeaders": {
        "Accept": [
          "application/json",
          "application/json; odata=minimalmetadata"
        ],
        "Authorization": "Sanitized",
        "Content-Length": "33",
        "Content-Type": "application/json; odata=nometadata",
        "DataServiceVersion": "3.0",
        "traceparent": "00-fbfd01db52c60c43b63920be37bfb25d-b359ffe1512db94b-00",
        "User-Agent": [
          "azsdk-net-Data.Tables/1.0.0-dev.20200820.3",
          "(.NET Core 4.6.27514.02; Microsoft Windows 10.0.17763 )"
        ],
        "x-ms-client-request-id": "e79f8aa464a2d47f00845dd6e032ba5d",
        "x-ms-date": "Thu, 20 Aug 2020 22:36:14 GMT",
        "x-ms-return-client-request-id": "true",
        "x-ms-version": "2019-02-02"
      },
      "RequestBody": {
        "TableName": "testtable52s7iv7u"
      },
      "StatusCode": 429,
      "ResponseHeaders": {
        "Content-Type": "application/json",
        "Date": "Thu, 20 Aug 2020 22:36:14 GMT",
        "Server": "Microsoft-HTTPAPI/2.0",
        "Transfer-Encoding": "chunked",
        "x-ms-request-id": "e79f8aa4-64a2-d47f-0084-5dd6e032ba5d"
      },
      "ResponseBody": [
        "{\u0022odata.error\u0022:{\u0022code\u0022:\u0022429\u0022,\u0022message\u0022:{\u0022lang\u0022:\u0022en-us\u0022,\u0022value\u0022:\u0022Message: {\\\u0022Errors\\\u0022:[\\\u0022Request rate is large. More Request Units may be needed, so no changes were made. Please retry this request later. Learn more: http://aka.ms/cosmosdb-error-429\\\u0022]}\\r\\nActivityId: 113c84f3-e3f3-46ba-9df7-d8614b18a459, Request URI: /apps/8b1ea712-4dfc-487e-9abf-91bcc14490f4/services/c147baaa-111c-48fc-95e8-b755505443e5/partitions/d9177690-41e2-486f-b7ca-e933272ef14d/replicas/132424089643911810p, RequestStats: , SDK: Microsoft.Azure.Documents.Common/2.11.0, documentdb-dotnet-sdk/2.11.0 Host/64-bit MicrosoftWindowsNT/6.2.9200.0\\nRequestID:e79f8aa4-64a2-d47f-0084-5dd6e032ba5d\\n\u0022}}}\r\n"
      ]
    },
    {
      "RequestUri": "https://td29f528fe8af4d53prim.table.cosmos.azure.com/Tables?$format=application%2Fjson%3Bodata%3Dminimalmetadata",
      "RequestMethod": "POST",
      "RequestHeaders": {
        "Accept": [
          "application/json",
          "application/json; odata=minimalmetadata"
        ],
        "Authorization": "Sanitized",
        "Content-Length": "33",
        "Content-Type": "application/json; odata=nometadata",
        "DataServiceVersion": "3.0",
        "traceparent": "00-fbfd01db52c60c43b63920be37bfb25d-b359ffe1512db94b-00",
        "User-Agent": [
          "azsdk-net-Data.Tables/1.0.0-dev.20200820.3",
          "(.NET Core 4.6.27514.02; Microsoft Windows 10.0.17763 )"
        ],
        "x-ms-client-request-id": "e79f8aa464a2d47f00845dd6e032ba5d",
        "x-ms-date": "Thu, 20 Aug 2020 22:36:17 GMT",
        "x-ms-return-client-request-id": "true",
        "x-ms-version": "2019-02-02"
      },
      "RequestBody": {
        "TableName": "testtable52s7iv7u"
      },
      "StatusCode": 429,
      "ResponseHeaders": {
        "Content-Type": "application/json",
        "Date": "Thu, 20 Aug 2020 22:36:17 GMT",
        "Server": "Microsoft-HTTPAPI/2.0",
        "Transfer-Encoding": "chunked",
        "x-ms-request-id": "e79f8aa4-64a2-d47f-0084-5dd6e032ba5d"
      },
      "ResponseBody": [
        "{\u0022odata.error\u0022:{\u0022code\u0022:\u0022429\u0022,\u0022message\u0022:{\u0022lang\u0022:\u0022en-us\u0022,\u0022value\u0022:\u0022Message: {\\\u0022Errors\\\u0022:[\\\u0022Request rate is large. More Request Units may be needed, so no changes were made. Please retry this request later. Learn more: http://aka.ms/cosmosdb-error-429\\\u0022]}\\r\\nActivityId: a74a2818-733b-4924-ae6d-ab648eeab931, Request URI: /apps/8b1ea712-4dfc-487e-9abf-91bcc14490f4/services/c147baaa-111c-48fc-95e8-b755505443e5/partitions/d9177690-41e2-486f-b7ca-e933272ef14d/replicas/132424089643911810p, RequestStats: , SDK: Microsoft.Azure.Documents.Common/2.11.0, documentdb-dotnet-sdk/2.11.0 Host/64-bit MicrosoftWindowsNT/6.2.9200.0\\nRequestID:e79f8aa4-64a2-d47f-0084-5dd6e032ba5d\\n\u0022}}}\r\n"
      ]
    },
    {
      "RequestUri": "https://td29f528fe8af4d53prim.table.cosmos.azure.com/Tables?$format=application%2Fjson%3Bodata%3Dminimalmetadata",
      "RequestMethod": "POST",
      "RequestHeaders": {
        "Accept": [
          "application/json",
          "application/json; odata=minimalmetadata"
        ],
        "Authorization": "Sanitized",
        "Content-Length": "33",
        "Content-Type": "application/json; odata=nometadata",
        "DataServiceVersion": "3.0",
        "traceparent": "00-64e4fc9ca5e2a1429b0ae4a7ed5e281f-ec04295b1d7ccd4d-00",
        "User-Agent": [
          "azsdk-net-Data.Tables/1.0.0-dev.20200820.3",
          "(.NET Core 4.6.27514.02; Microsoft Windows 10.0.17763 )"
        ],
        "x-ms-client-request-id": "4d61df947ebcdcc9edad9c27b8aadd1f",
        "x-ms-date": "Thu, 20 Aug 2020 22:36:19 GMT",
        "x-ms-return-client-request-id": "true",
        "x-ms-version": "2019-02-02"
      },
      "RequestBody": {
        "TableName": "testtable52s7iv7u"
      },
      "StatusCode": 429,
      "ResponseHeaders": {
        "Content-Type": "application/json",
        "Date": "Thu, 20 Aug 2020 22:36:18 GMT",
        "Server": "Microsoft-HTTPAPI/2.0",
        "Transfer-Encoding": "chunked",
        "x-ms-request-id": "4d61df94-7ebc-dcc9-edad-9c27b8aadd1f"
      },
      "ResponseBody": [
        "{\u0022odata.error\u0022:{\u0022code\u0022:\u0022429\u0022,\u0022message\u0022:{\u0022lang\u0022:\u0022en-us\u0022,\u0022value\u0022:\u0022Message: {\\\u0022Errors\\\u0022:[\\\u0022Request rate is large. More Request Units may be needed, so no changes were made. Please retry this request later. Learn more: http://aka.ms/cosmosdb-error-429\\\u0022]}\\r\\nActivityId: fe5b7175-4343-488f-86b4-aaac716495c4, Request URI: /apps/8b1ea712-4dfc-487e-9abf-91bcc14490f4/services/c147baaa-111c-48fc-95e8-b755505443e5/partitions/d9177690-41e2-486f-b7ca-e933272ef14d/replicas/132424089643911810p, RequestStats: , SDK: Microsoft.Azure.Documents.Common/2.11.0, documentdb-dotnet-sdk/2.11.0 Host/64-bit MicrosoftWindowsNT/6.2.9200.0\\nRequestID:4d61df94-7ebc-dcc9-edad-9c27b8aadd1f\\n\u0022}}}\r\n"
      ]
    },
    {
      "RequestUri": "https://td29f528fe8af4d53prim.table.cosmos.azure.com/Tables?$format=application%2Fjson%3Bodata%3Dminimalmetadata",
      "RequestMethod": "POST",
      "RequestHeaders": {
        "Accept": [
          "application/json",
          "application/json; odata=minimalmetadata"
        ],
        "Authorization": "Sanitized",
        "Content-Length": "33",
        "Content-Type": "application/json; odata=nometadata",
        "DataServiceVersion": "3.0",
        "traceparent": "00-64e4fc9ca5e2a1429b0ae4a7ed5e281f-ec04295b1d7ccd4d-00",
        "User-Agent": [
          "azsdk-net-Data.Tables/1.0.0-dev.20200820.3",
          "(.NET Core 4.6.27514.02; Microsoft Windows 10.0.17763 )"
        ],
        "x-ms-client-request-id": "4d61df947ebcdcc9edad9c27b8aadd1f",
        "x-ms-date": "Thu, 20 Aug 2020 22:36:20 GMT",
        "x-ms-return-client-request-id": "true",
        "x-ms-version": "2019-02-02"
      },
      "RequestBody": {
        "TableName": "testtable52s7iv7u"
      },
      "StatusCode": 429,
      "ResponseHeaders": {
        "Content-Type": "application/json",
        "Date": "Thu, 20 Aug 2020 22:36:20 GMT",
        "Server": "Microsoft-HTTPAPI/2.0",
        "Transfer-Encoding": "chunked",
        "x-ms-request-id": "4d61df94-7ebc-dcc9-edad-9c27b8aadd1f"
      },
      "ResponseBody": [
        "{\u0022odata.error\u0022:{\u0022code\u0022:\u0022429\u0022,\u0022message\u0022:{\u0022lang\u0022:\u0022en-us\u0022,\u0022value\u0022:\u0022Message: {\\\u0022Errors\\\u0022:[\\\u0022Request rate is large. More Request Units may be needed, so no changes were made. Please retry this request later. Learn more: http://aka.ms/cosmosdb-error-429\\\u0022]}\\r\\nActivityId: da1c4c2b-c4e8-4f7d-a3b1-d89367b49c7a, Request URI: /apps/8b1ea712-4dfc-487e-9abf-91bcc14490f4/services/c147baaa-111c-48fc-95e8-b755505443e5/partitions/d9177690-41e2-486f-b7ca-e933272ef14d/replicas/132424089643911810p, RequestStats: , SDK: Microsoft.Azure.Documents.Common/2.11.0, documentdb-dotnet-sdk/2.11.0 Host/64-bit MicrosoftWindowsNT/6.2.9200.0\\nRequestID:4d61df94-7ebc-dcc9-edad-9c27b8aadd1f\\n\u0022}}}\r\n"
      ]
    },
    {
      "RequestUri": "https://td29f528fe8af4d53prim.table.cosmos.azure.com/Tables?$format=application%2Fjson%3Bodata%3Dminimalmetadata",
      "RequestMethod": "POST",
      "RequestHeaders": {
        "Accept": [
          "application/json",
          "application/json; odata=minimalmetadata"
        ],
        "Authorization": "Sanitized",
        "Content-Length": "33",
        "Content-Type": "application/json; odata=nometadata",
        "DataServiceVersion": "3.0",
        "traceparent": "00-64e4fc9ca5e2a1429b0ae4a7ed5e281f-ec04295b1d7ccd4d-00",
        "User-Agent": [
          "azsdk-net-Data.Tables/1.0.0-dev.20200820.3",
          "(.NET Core 4.6.27514.02; Microsoft Windows 10.0.17763 )"
        ],
        "x-ms-client-request-id": "4d61df947ebcdcc9edad9c27b8aadd1f",
        "x-ms-date": "Thu, 20 Aug 2020 22:36:22 GMT",
        "x-ms-return-client-request-id": "true",
        "x-ms-version": "2019-02-02"
      },
      "RequestBody": {
        "TableName": "testtable52s7iv7u"
      },
      "StatusCode": 201,
      "ResponseHeaders": {
        "Content-Type": "application/json",
        "Date": "Thu, 20 Aug 2020 22:36:22 GMT",
        "ETag": "W/\u0022datetime\u00272020-08-20T22%3A36%3A22.3089672Z\u0027\u0022",
        "Location": "https://td29f528fe8af4d53prim.table.cosmos.azure.com/Tables(\u0027testtable52s7iv7u\u0027)",
        "Server": "Microsoft-HTTPAPI/2.0",
        "Transfer-Encoding": "chunked",
        "x-ms-request-id": "4d61df94-7ebc-dcc9-edad-9c27b8aadd1f"
      },
      "ResponseBody": {
        "TableName": "testtable52s7iv7u",
        "odata.metadata": "https://td29f528fe8af4d53prim.table.cosmos.azure.com/$metadata#Tables/@Element"
      }
    },
    {
      "RequestUri": "https://td29f528fe8af4d53prim.table.cosmos.azure.com/Tables?$format=application%2Fjson%3Bodata%3Dminimalmetadata",
      "RequestMethod": "POST",
      "RequestHeaders": {
        "Accept": [
          "application/json",
          "application/json; odata=minimalmetadata"
        ],
        "Authorization": "Sanitized",
        "Content-Length": "33",
        "Content-Type": "application/json; odata=nometadata",
        "DataServiceVersion": "3.0",
        "traceparent": "00-a6118aa054c0f046acf097eb1613e1c7-248db117a1b97c49-00",
        "User-Agent": [
          "azsdk-net-Data.Tables/1.0.0-dev.20200820.3",
          "(.NET Core 4.6.27514.02; Microsoft Windows 10.0.17763 )"
        ],
        "x-ms-client-request-id": "0c37563d438de7e3b9bf7a8891b53b25",
        "x-ms-date": "Thu, 20 Aug 2020 22:36:22 GMT",
        "x-ms-return-client-request-id": "true",
        "x-ms-version": "2019-02-02"
      },
      "RequestBody": {
        "TableName": "testtablenctxvrtr"
      },
      "StatusCode": 429,
      "ResponseHeaders": {
        "Content-Type": "application/json",
        "Date": "Thu, 20 Aug 2020 22:36:22 GMT",
        "Server": "Microsoft-HTTPAPI/2.0",
        "Transfer-Encoding": "chunked",
        "x-ms-request-id": "0c37563d-438d-e7e3-b9bf-7a8891b53b25"
      },
      "ResponseBody": [
        "{\u0022odata.error\u0022:{\u0022code\u0022:\u0022429\u0022,\u0022message\u0022:{\u0022lang\u0022:\u0022en-us\u0022,\u0022value\u0022:\u0022Message: {\\\u0022Errors\\\u0022:[\\\u0022Request rate is large. More Request Units may be needed, so no changes were made. Please retry this request later. Learn more: http://aka.ms/cosmosdb-error-429\\\u0022]}\\r\\nActivityId: 7666ad57-034e-4611-9f38-61f2825935ef, Request URI: /apps/8b1ea712-4dfc-487e-9abf-91bcc14490f4/services/c147baaa-111c-48fc-95e8-b755505443e5/partitions/d9177690-41e2-486f-b7ca-e933272ef14d/replicas/132424089643911810p, RequestStats: , SDK: Microsoft.Azure.Documents.Common/2.11.0, documentdb-dotnet-sdk/2.11.0 Host/64-bit MicrosoftWindowsNT/6.2.9200.0\\nRequestID:0c37563d-438d-e7e3-b9bf-7a8891b53b25\\n\u0022}}}\r\n"
      ]
    },
    {
      "RequestUri": "https://td29f528fe8af4d53prim.table.cosmos.azure.com/Tables?$format=application%2Fjson%3Bodata%3Dminimalmetadata",
      "RequestMethod": "POST",
      "RequestHeaders": {
        "Accept": [
          "application/json",
          "application/json; odata=minimalmetadata"
        ],
        "Authorization": "Sanitized",
        "Content-Length": "33",
        "Content-Type": "application/json; odata=nometadata",
        "DataServiceVersion": "3.0",
        "traceparent": "00-a6118aa054c0f046acf097eb1613e1c7-248db117a1b97c49-00",
        "User-Agent": [
          "azsdk-net-Data.Tables/1.0.0-dev.20200820.3",
          "(.NET Core 4.6.27514.02; Microsoft Windows 10.0.17763 )"
        ],
        "x-ms-client-request-id": "0c37563d438de7e3b9bf7a8891b53b25",
        "x-ms-date": "Thu, 20 Aug 2020 22:36:23 GMT",
        "x-ms-return-client-request-id": "true",
        "x-ms-version": "2019-02-02"
      },
      "RequestBody": {
        "TableName": "testtablenctxvrtr"
      },
      "StatusCode": 429,
      "ResponseHeaders": {
        "Content-Type": "application/json",
        "Date": "Thu, 20 Aug 2020 22:36:23 GMT",
        "Server": "Microsoft-HTTPAPI/2.0",
        "Transfer-Encoding": "chunked",
        "x-ms-request-id": "0c37563d-438d-e7e3-b9bf-7a8891b53b25"
      },
      "ResponseBody": [
        "{\u0022odata.error\u0022:{\u0022code\u0022:\u0022429\u0022,\u0022message\u0022:{\u0022lang\u0022:\u0022en-us\u0022,\u0022value\u0022:\u0022Message: {\\\u0022Errors\\\u0022:[\\\u0022Request rate is large. More Request Units may be needed, so no changes were made. Please retry this request later. Learn more: http://aka.ms/cosmosdb-error-429\\\u0022]}\\r\\nActivityId: cd4ce293-bee5-4aef-9f03-83104e2342d0, Request URI: /apps/8b1ea712-4dfc-487e-9abf-91bcc14490f4/services/c147baaa-111c-48fc-95e8-b755505443e5/partitions/d9177690-41e2-486f-b7ca-e933272ef14d/replicas/132424089643911810p, RequestStats: , SDK: Microsoft.Azure.Documents.Common/2.11.0, documentdb-dotnet-sdk/2.11.0 Host/64-bit MicrosoftWindowsNT/6.2.9200.0\\nRequestID:0c37563d-438d-e7e3-b9bf-7a8891b53b25\\n\u0022}}}\r\n"
      ]
    },
    {
      "RequestUri": "https://td29f528fe8af4d53prim.table.cosmos.azure.com/Tables?$format=application%2Fjson%3Bodata%3Dminimalmetadata",
      "RequestMethod": "POST",
      "RequestHeaders": {
        "Accept": [
          "application/json",
          "application/json; odata=minimalmetadata"
        ],
        "Authorization": "Sanitized",
        "Content-Length": "33",
        "Content-Type": "application/json; odata=nometadata",
        "DataServiceVersion": "3.0",
        "traceparent": "00-a6118aa054c0f046acf097eb1613e1c7-248db117a1b97c49-00",
        "User-Agent": [
          "azsdk-net-Data.Tables/1.0.0-dev.20200820.3",
          "(.NET Core 4.6.27514.02; Microsoft Windows 10.0.17763 )"
        ],
        "x-ms-client-request-id": "0c37563d438de7e3b9bf7a8891b53b25",
        "x-ms-date": "Thu, 20 Aug 2020 22:36:25 GMT",
        "x-ms-return-client-request-id": "true",
        "x-ms-version": "2019-02-02"
      },
      "RequestBody": {
        "TableName": "testtablenctxvrtr"
      },
      "StatusCode": 429,
      "ResponseHeaders": {
        "Content-Type": "application/json",
        "Date": "Thu, 20 Aug 2020 22:36:25 GMT",
        "Server": "Microsoft-HTTPAPI/2.0",
        "Transfer-Encoding": "chunked",
        "x-ms-request-id": "0c37563d-438d-e7e3-b9bf-7a8891b53b25"
      },
      "ResponseBody": [
        "{\u0022odata.error\u0022:{\u0022code\u0022:\u0022429\u0022,\u0022message\u0022:{\u0022lang\u0022:\u0022en-us\u0022,\u0022value\u0022:\u0022Message: {\\\u0022Errors\\\u0022:[\\\u0022Request rate is large. More Request Units may be needed, so no changes were made. Please retry this request later. Learn more: http://aka.ms/cosmosdb-error-429\\\u0022]}\\r\\nActivityId: b1dd22c1-b92c-4f1e-85a2-8606c9a1089a, Request URI: /apps/8b1ea712-4dfc-487e-9abf-91bcc14490f4/services/c147baaa-111c-48fc-95e8-b755505443e5/partitions/d9177690-41e2-486f-b7ca-e933272ef14d/replicas/132424089643911810p, RequestStats: , SDK: Microsoft.Azure.Documents.Common/2.11.0, documentdb-dotnet-sdk/2.11.0 Host/64-bit MicrosoftWindowsNT/6.2.9200.0\\nRequestID:0c37563d-438d-e7e3-b9bf-7a8891b53b25\\n\u0022}}}\r\n"
      ]
    },
    {
      "RequestUri": "https://td29f528fe8af4d53prim.table.cosmos.azure.com/Tables?$format=application%2Fjson%3Bodata%3Dminimalmetadata",
      "RequestMethod": "POST",
      "RequestHeaders": {
        "Accept": [
          "application/json",
          "application/json; odata=minimalmetadata"
        ],
        "Authorization": "Sanitized",
        "Content-Length": "33",
        "Content-Type": "application/json; odata=nometadata",
        "DataServiceVersion": "3.0",
        "traceparent": "00-a6118aa054c0f046acf097eb1613e1c7-248db117a1b97c49-00",
        "User-Agent": [
          "azsdk-net-Data.Tables/1.0.0-dev.20200820.3",
          "(.NET Core 4.6.27514.02; Microsoft Windows 10.0.17763 )"
        ],
        "x-ms-client-request-id": "0c37563d438de7e3b9bf7a8891b53b25",
        "x-ms-date": "Thu, 20 Aug 2020 22:36:29 GMT",
        "x-ms-return-client-request-id": "true",
        "x-ms-version": "2019-02-02"
      },
      "RequestBody": {
        "TableName": "testtablenctxvrtr"
      },
      "StatusCode": 429,
      "ResponseHeaders": {
        "Content-Type": "application/json",
        "Date": "Thu, 20 Aug 2020 22:36:29 GMT",
        "Server": "Microsoft-HTTPAPI/2.0",
        "Transfer-Encoding": "chunked",
        "x-ms-request-id": "0c37563d-438d-e7e3-b9bf-7a8891b53b25"
      },
      "ResponseBody": [
        "{\u0022odata.error\u0022:{\u0022code\u0022:\u0022429\u0022,\u0022message\u0022:{\u0022lang\u0022:\u0022en-us\u0022,\u0022value\u0022:\u0022Message: {\\\u0022Errors\\\u0022:[\\\u0022Request rate is large. More Request Units may be needed, so no changes were made. Please retry this request later. Learn more: http://aka.ms/cosmosdb-error-429\\\u0022]}\\r\\nActivityId: 088b4db9-2894-44f6-ae77-adb47d7a0213, Request URI: /apps/8b1ea712-4dfc-487e-9abf-91bcc14490f4/services/c147baaa-111c-48fc-95e8-b755505443e5/partitions/d9177690-41e2-486f-b7ca-e933272ef14d/replicas/132424089643911810p, RequestStats: , SDK: Microsoft.Azure.Documents.Common/2.11.0, documentdb-dotnet-sdk/2.11.0 Host/64-bit MicrosoftWindowsNT/6.2.9200.0\\nRequestID:0c37563d-438d-e7e3-b9bf-7a8891b53b25\\n\u0022}}}\r\n"
      ]
    },
    {
      "RequestUri": "https://td29f528fe8af4d53prim.table.cosmos.azure.com/Tables?$format=application%2Fjson%3Bodata%3Dminimalmetadata",
      "RequestMethod": "POST",
      "RequestHeaders": {
        "Accept": [
          "application/json",
          "application/json; odata=minimalmetadata"
        ],
        "Authorization": "Sanitized",
        "Content-Length": "33",
        "Content-Type": "application/json; odata=nometadata",
        "DataServiceVersion": "3.0",
        "traceparent": "00-d951beec792a7b4ea06fb38349607298-bd35f37b54047b44-00",
        "User-Agent": [
          "azsdk-net-Data.Tables/1.0.0-dev.20200820.3",
          "(.NET Core 4.6.27514.02; Microsoft Windows 10.0.17763 )"
        ],
        "x-ms-client-request-id": "f4fac2c058c7551ba63ea4a643b02e8c",
        "x-ms-date": "Thu, 20 Aug 2020 22:36:30 GMT",
        "x-ms-return-client-request-id": "true",
        "x-ms-version": "2019-02-02"
      },
      "RequestBody": {
        "TableName": "testtablenctxvrtr"
      },
      "StatusCode": 429,
      "ResponseHeaders": {
        "Content-Type": "application/json",
        "Date": "Thu, 20 Aug 2020 22:36:30 GMT",
        "Server": "Microsoft-HTTPAPI/2.0",
        "Transfer-Encoding": "chunked",
        "x-ms-request-id": "f4fac2c0-58c7-551b-a63e-a4a643b02e8c"
      },
      "ResponseBody": [
        "{\u0022odata.error\u0022:{\u0022code\u0022:\u0022429\u0022,\u0022message\u0022:{\u0022lang\u0022:\u0022en-us\u0022,\u0022value\u0022:\u0022Message: {\\\u0022Errors\\\u0022:[\\\u0022Request rate is large. More Request Units may be needed, so no changes were made. Please retry this request later. Learn more: http://aka.ms/cosmosdb-error-429\\\u0022]}\\r\\nActivityId: 4b680a5f-f418-4310-b351-e98ef348a0b5, Request URI: /apps/8b1ea712-4dfc-487e-9abf-91bcc14490f4/services/c147baaa-111c-48fc-95e8-b755505443e5/partitions/d9177690-41e2-486f-b7ca-e933272ef14d/replicas/132424089643911810p, RequestStats: , SDK: Microsoft.Azure.Documents.Common/2.11.0, documentdb-dotnet-sdk/2.11.0 Host/64-bit MicrosoftWindowsNT/6.2.9200.0\\nRequestID:f4fac2c0-58c7-551b-a63e-a4a643b02e8c\\n\u0022}}}\r\n"
      ]
    },
    {
      "RequestUri": "https://td29f528fe8af4d53prim.table.cosmos.azure.com/Tables?$format=application%2Fjson%3Bodata%3Dminimalmetadata",
      "RequestMethod": "POST",
      "RequestHeaders": {
        "Accept": [
          "application/json",
          "application/json; odata=minimalmetadata"
        ],
        "Authorization": "Sanitized",
        "Content-Length": "33",
        "Content-Type": "application/json; odata=nometadata",
        "DataServiceVersion": "3.0",
        "traceparent": "00-d951beec792a7b4ea06fb38349607298-bd35f37b54047b44-00",
        "User-Agent": [
          "azsdk-net-Data.Tables/1.0.0-dev.20200820.3",
          "(.NET Core 4.6.27514.02; Microsoft Windows 10.0.17763 )"
        ],
        "x-ms-client-request-id": "f4fac2c058c7551ba63ea4a643b02e8c",
        "x-ms-date": "Thu, 20 Aug 2020 22:36:31 GMT",
        "x-ms-return-client-request-id": "true",
        "x-ms-version": "2019-02-02"
      },
      "RequestBody": {
        "TableName": "testtablenctxvrtr"
      },
      "StatusCode": 429,
      "ResponseHeaders": {
        "Content-Type": "application/json",
        "Date": "Thu, 20 Aug 2020 22:36:30 GMT",
        "Server": "Microsoft-HTTPAPI/2.0",
        "Transfer-Encoding": "chunked",
        "x-ms-request-id": "f4fac2c0-58c7-551b-a63e-a4a643b02e8c"
      },
      "ResponseBody": [
        "{\u0022odata.error\u0022:{\u0022code\u0022:\u0022429\u0022,\u0022message\u0022:{\u0022lang\u0022:\u0022en-us\u0022,\u0022value\u0022:\u0022Message: {\\\u0022Errors\\\u0022:[\\\u0022Request rate is large. More Request Units may be needed, so no changes were made. Please retry this request later. Learn more: http://aka.ms/cosmosdb-error-429\\\u0022]}\\r\\nActivityId: 963b78f6-e6ca-463f-a3fb-a944b53eddf4, Request URI: /apps/8b1ea712-4dfc-487e-9abf-91bcc14490f4/services/c147baaa-111c-48fc-95e8-b755505443e5/partitions/d9177690-41e2-486f-b7ca-e933272ef14d/replicas/132424089643911810p, RequestStats: , SDK: Microsoft.Azure.Documents.Common/2.11.0, documentdb-dotnet-sdk/2.11.0 Host/64-bit MicrosoftWindowsNT/6.2.9200.0\\nRequestID:f4fac2c0-58c7-551b-a63e-a4a643b02e8c\\n\u0022}}}\r\n"
      ]
    },
    {
      "RequestUri": "https://td29f528fe8af4d53prim.table.cosmos.azure.com/Tables?$format=application%2Fjson%3Bodata%3Dminimalmetadata",
      "RequestMethod": "POST",
      "RequestHeaders": {
        "Accept": [
          "application/json",
          "application/json; odata=minimalmetadata"
        ],
        "Authorization": "Sanitized",
        "Content-Length": "33",
        "Content-Type": "application/json; odata=nometadata",
        "DataServiceVersion": "3.0",
        "traceparent": "00-d951beec792a7b4ea06fb38349607298-bd35f37b54047b44-00",
        "User-Agent": [
          "azsdk-net-Data.Tables/1.0.0-dev.20200820.3",
          "(.NET Core 4.6.27514.02; Microsoft Windows 10.0.17763 )"
        ],
        "x-ms-client-request-id": "f4fac2c058c7551ba63ea4a643b02e8c",
        "x-ms-date": "Thu, 20 Aug 2020 22:36:33 GMT",
        "x-ms-return-client-request-id": "true",
        "x-ms-version": "2019-02-02"
      },
      "RequestBody": {
        "TableName": "testtablenctxvrtr"
      },
      "StatusCode": 429,
      "ResponseHeaders": {
        "Content-Type": "application/json",
        "Date": "Thu, 20 Aug 2020 22:36:32 GMT",
        "Server": "Microsoft-HTTPAPI/2.0",
        "Transfer-Encoding": "chunked",
        "x-ms-request-id": "f4fac2c0-58c7-551b-a63e-a4a643b02e8c"
      },
      "ResponseBody": [
        "{\u0022odata.error\u0022:{\u0022code\u0022:\u0022429\u0022,\u0022message\u0022:{\u0022lang\u0022:\u0022en-us\u0022,\u0022value\u0022:\u0022Message: {\\\u0022Errors\\\u0022:[\\\u0022Request rate is large. More Request Units may be needed, so no changes were made. Please retry this request later. Learn more: http://aka.ms/cosmosdb-error-429\\\u0022]}\\r\\nActivityId: c8f98645-7910-4730-97b5-5e0b05c1598e, Request URI: /apps/8b1ea712-4dfc-487e-9abf-91bcc14490f4/services/c147baaa-111c-48fc-95e8-b755505443e5/partitions/d9177690-41e2-486f-b7ca-e933272ef14d/replicas/132424089643911810p, RequestStats: , SDK: Microsoft.Azure.Documents.Common/2.11.0, documentdb-dotnet-sdk/2.11.0 Host/64-bit MicrosoftWindowsNT/6.2.9200.0\\nRequestID:f4fac2c0-58c7-551b-a63e-a4a643b02e8c\\n\u0022}}}\r\n"
      ]
    },
    {
      "RequestUri": "https://td29f528fe8af4d53prim.table.cosmos.azure.com/Tables?$format=application%2Fjson%3Bodata%3Dminimalmetadata",
      "RequestMethod": "POST",
      "RequestHeaders": {
        "Accept": [
          "application/json",
          "application/json; odata=minimalmetadata"
        ],
        "Authorization": "Sanitized",
        "Content-Length": "33",
        "Content-Type": "application/json; odata=nometadata",
        "DataServiceVersion": "3.0",
        "traceparent": "00-d951beec792a7b4ea06fb38349607298-bd35f37b54047b44-00",
        "User-Agent": [
          "azsdk-net-Data.Tables/1.0.0-dev.20200820.3",
          "(.NET Core 4.6.27514.02; Microsoft Windows 10.0.17763 )"
        ],
        "x-ms-client-request-id": "f4fac2c058c7551ba63ea4a643b02e8c",
        "x-ms-date": "Thu, 20 Aug 2020 22:36:36 GMT",
        "x-ms-return-client-request-id": "true",
        "x-ms-version": "2019-02-02"
      },
      "RequestBody": {
        "TableName": "testtablenctxvrtr"
      },
      "StatusCode": 201,
      "ResponseHeaders": {
        "Content-Type": "application/json",
        "Date": "Thu, 20 Aug 2020 22:36:36 GMT",
        "ETag": "W/\u0022datetime\u00272020-08-20T22%3A36%3A37.0661384Z\u0027\u0022",
        "Location": "https://td29f528fe8af4d53prim.table.cosmos.azure.com/Tables(\u0027testtablenctxvrtr\u0027)",
        "Server": "Microsoft-HTTPAPI/2.0",
        "Transfer-Encoding": "chunked",
        "x-ms-request-id": "f4fac2c0-58c7-551b-a63e-a4a643b02e8c"
      },
      "ResponseBody": {
        "TableName": "testtablenctxvrtr",
        "odata.metadata": "https://td29f528fe8af4d53prim.table.cosmos.azure.com/$metadata#Tables/@Element"
      }
    },
    {
      "RequestUri": "https://td29f528fe8af4d53prim.table.cosmos.azure.com/Tables?$format=application%2Fjson%3Bodata%3Dminimalmetadata",
      "RequestMethod": "POST",
      "RequestHeaders": {
        "Accept": [
          "application/json",
          "application/json; odata=minimalmetadata"
        ],
        "Authorization": "Sanitized",
        "Content-Length": "33",
        "Content-Type": "application/json; odata=nometadata",
        "DataServiceVersion": "3.0",
        "traceparent": "00-a90d4b4e2a1bc440a60a856c88bd50bc-9bf061c57feb9346-00",
        "User-Agent": [
          "azsdk-net-Data.Tables/1.0.0-dev.20200820.3",
          "(.NET Core 4.6.27514.02; Microsoft Windows 10.0.17763 )"
        ],
        "x-ms-client-request-id": "f96db5c955307d8dfec8486b0d2c6ee5",
        "x-ms-date": "Thu, 20 Aug 2020 22:36:37 GMT",
        "x-ms-return-client-request-id": "true",
        "x-ms-version": "2019-02-02"
      },
      "RequestBody": {
        "TableName": "testtablelma5f033"
      },
      "StatusCode": 429,
      "ResponseHeaders": {
        "Content-Type": "application/json",
        "Date": "Thu, 20 Aug 2020 22:36:36 GMT",
        "Server": "Microsoft-HTTPAPI/2.0",
        "Transfer-Encoding": "chunked",
        "x-ms-request-id": "f96db5c9-5530-7d8d-fec8-486b0d2c6ee5"
      },
      "ResponseBody": [
        "{\u0022odata.error\u0022:{\u0022code\u0022:\u0022429\u0022,\u0022message\u0022:{\u0022lang\u0022:\u0022en-us\u0022,\u0022value\u0022:\u0022Message: {\\\u0022Errors\\\u0022:[\\\u0022Request rate is large. More Request Units may be needed, so no changes were made. Please retry this request later. Learn more: http://aka.ms/cosmosdb-error-429\\\u0022]}\\r\\nActivityId: 883f1b6a-21cb-4846-9376-6a9cbcac58bf, Request URI: /apps/8b1ea712-4dfc-487e-9abf-91bcc14490f4/services/c147baaa-111c-48fc-95e8-b755505443e5/partitions/d9177690-41e2-486f-b7ca-e933272ef14d/replicas/132424089643911810p, RequestStats: , SDK: Microsoft.Azure.Documents.Common/2.11.0, documentdb-dotnet-sdk/2.11.0 Host/64-bit MicrosoftWindowsNT/6.2.9200.0\\nRequestID:f96db5c9-5530-7d8d-fec8-486b0d2c6ee5\\n\u0022}}}\r\n"
      ]
    },
    {
      "RequestUri": "https://td29f528fe8af4d53prim.table.cosmos.azure.com/Tables?$format=application%2Fjson%3Bodata%3Dminimalmetadata",
      "RequestMethod": "POST",
      "RequestHeaders": {
        "Accept": [
          "application/json",
          "application/json; odata=minimalmetadata"
        ],
        "Authorization": "Sanitized",
        "Content-Length": "33",
        "Content-Type": "application/json; odata=nometadata",
        "DataServiceVersion": "3.0",
        "traceparent": "00-a90d4b4e2a1bc440a60a856c88bd50bc-9bf061c57feb9346-00",
        "User-Agent": [
          "azsdk-net-Data.Tables/1.0.0-dev.20200820.3",
          "(.NET Core 4.6.27514.02; Microsoft Windows 10.0.17763 )"
        ],
        "x-ms-client-request-id": "f96db5c955307d8dfec8486b0d2c6ee5",
        "x-ms-date": "Thu, 20 Aug 2020 22:36:38 GMT",
        "x-ms-return-client-request-id": "true",
        "x-ms-version": "2019-02-02"
      },
      "RequestBody": {
        "TableName": "testtablelma5f033"
      },
      "StatusCode": 429,
      "ResponseHeaders": {
        "Content-Type": "application/json",
        "Date": "Thu, 20 Aug 2020 22:36:37 GMT",
        "Server": "Microsoft-HTTPAPI/2.0",
        "Transfer-Encoding": "chunked",
        "x-ms-request-id": "f96db5c9-5530-7d8d-fec8-486b0d2c6ee5"
      },
      "ResponseBody": [
        "{\u0022odata.error\u0022:{\u0022code\u0022:\u0022429\u0022,\u0022message\u0022:{\u0022lang\u0022:\u0022en-us\u0022,\u0022value\u0022:\u0022Message: {\\\u0022Errors\\\u0022:[\\\u0022Request rate is large. More Request Units may be needed, so no changes were made. Please retry this request later. Learn more: http://aka.ms/cosmosdb-error-429\\\u0022]}\\r\\nActivityId: 3add6f2e-5f8d-408e-acc3-5f5bd8e471cd, Request URI: /apps/8b1ea712-4dfc-487e-9abf-91bcc14490f4/services/c147baaa-111c-48fc-95e8-b755505443e5/partitions/d9177690-41e2-486f-b7ca-e933272ef14d/replicas/132424089643911810p, RequestStats: , SDK: Microsoft.Azure.Documents.Common/2.11.0, documentdb-dotnet-sdk/2.11.0 Host/64-bit MicrosoftWindowsNT/6.2.9200.0\\nRequestID:f96db5c9-5530-7d8d-fec8-486b0d2c6ee5\\n\u0022}}}\r\n"
      ]
    },
    {
      "RequestUri": "https://td29f528fe8af4d53prim.table.cosmos.azure.com/Tables?$format=application%2Fjson%3Bodata%3Dminimalmetadata",
      "RequestMethod": "POST",
      "RequestHeaders": {
        "Accept": [
          "application/json",
          "application/json; odata=minimalmetadata"
        ],
        "Authorization": "Sanitized",
        "Content-Length": "33",
        "Content-Type": "application/json; odata=nometadata",
        "DataServiceVersion": "3.0",
        "traceparent": "00-a90d4b4e2a1bc440a60a856c88bd50bc-9bf061c57feb9346-00",
        "User-Agent": [
          "azsdk-net-Data.Tables/1.0.0-dev.20200820.3",
          "(.NET Core 4.6.27514.02; Microsoft Windows 10.0.17763 )"
        ],
        "x-ms-client-request-id": "f96db5c955307d8dfec8486b0d2c6ee5",
        "x-ms-date": "Thu, 20 Aug 2020 22:36:40 GMT",
        "x-ms-return-client-request-id": "true",
        "x-ms-version": "2019-02-02"
      },
      "RequestBody": {
        "TableName": "testtablelma5f033"
      },
      "StatusCode": 429,
      "ResponseHeaders": {
        "Content-Type": "application/json",
        "Date": "Thu, 20 Aug 2020 22:36:40 GMT",
        "Server": "Microsoft-HTTPAPI/2.0",
        "Transfer-Encoding": "chunked",
        "x-ms-request-id": "f96db5c9-5530-7d8d-fec8-486b0d2c6ee5"
      },
      "ResponseBody": [
        "{\u0022odata.error\u0022:{\u0022code\u0022:\u0022429\u0022,\u0022message\u0022:{\u0022lang\u0022:\u0022en-us\u0022,\u0022value\u0022:\u0022Message: {\\\u0022Errors\\\u0022:[\\\u0022Request rate is large. More Request Units may be needed, so no changes were made. Please retry this request later. Learn more: http://aka.ms/cosmosdb-error-429\\\u0022]}\\r\\nActivityId: bfa0ef94-6657-4c81-9c7b-8742ede3485d, Request URI: /apps/8b1ea712-4dfc-487e-9abf-91bcc14490f4/services/c147baaa-111c-48fc-95e8-b755505443e5/partitions/d9177690-41e2-486f-b7ca-e933272ef14d/replicas/132424089643911810p, RequestStats: , SDK: Microsoft.Azure.Documents.Common/2.11.0, documentdb-dotnet-sdk/2.11.0 Host/64-bit MicrosoftWindowsNT/6.2.9200.0\\nRequestID:f96db5c9-5530-7d8d-fec8-486b0d2c6ee5\\n\u0022}}}\r\n"
      ]
    },
    {
      "RequestUri": "https://td29f528fe8af4d53prim.table.cosmos.azure.com/Tables?$format=application%2Fjson%3Bodata%3Dminimalmetadata",
      "RequestMethod": "POST",
      "RequestHeaders": {
        "Accept": [
          "application/json",
          "application/json; odata=minimalmetadata"
        ],
        "Authorization": "Sanitized",
        "Content-Length": "33",
        "Content-Type": "application/json; odata=nometadata",
        "DataServiceVersion": "3.0",
        "traceparent": "00-a90d4b4e2a1bc440a60a856c88bd50bc-9bf061c57feb9346-00",
        "User-Agent": [
          "azsdk-net-Data.Tables/1.0.0-dev.20200820.3",
          "(.NET Core 4.6.27514.02; Microsoft Windows 10.0.17763 )"
        ],
        "x-ms-client-request-id": "f96db5c955307d8dfec8486b0d2c6ee5",
        "x-ms-date": "Thu, 20 Aug 2020 22:36:43 GMT",
        "x-ms-return-client-request-id": "true",
        "x-ms-version": "2019-02-02"
      },
      "RequestBody": {
        "TableName": "testtablelma5f033"
      },
      "StatusCode": 429,
      "ResponseHeaders": {
        "Content-Type": "application/json",
        "Date": "Thu, 20 Aug 2020 22:36:43 GMT",
        "Server": "Microsoft-HTTPAPI/2.0",
        "Transfer-Encoding": "chunked",
        "x-ms-request-id": "f96db5c9-5530-7d8d-fec8-486b0d2c6ee5"
      },
      "ResponseBody": [
        "{\u0022odata.error\u0022:{\u0022code\u0022:\u0022429\u0022,\u0022message\u0022:{\u0022lang\u0022:\u0022en-us\u0022,\u0022value\u0022:\u0022Message: {\\\u0022Errors\\\u0022:[\\\u0022Request rate is large. More Request Units may be needed, so no changes were made. Please retry this request later. Learn more: http://aka.ms/cosmosdb-error-429\\\u0022]}\\r\\nActivityId: 7266f523-a058-40f4-89fe-d63d7b18e6fe, Request URI: /apps/8b1ea712-4dfc-487e-9abf-91bcc14490f4/services/c147baaa-111c-48fc-95e8-b755505443e5/partitions/d9177690-41e2-486f-b7ca-e933272ef14d/replicas/132424089643911810p, RequestStats: , SDK: Microsoft.Azure.Documents.Common/2.11.0, documentdb-dotnet-sdk/2.11.0 Host/64-bit MicrosoftWindowsNT/6.2.9200.0\\nRequestID:f96db5c9-5530-7d8d-fec8-486b0d2c6ee5\\n\u0022}}}\r\n"
      ]
    },
    {
      "RequestUri": "https://td29f528fe8af4d53prim.table.cosmos.azure.com/Tables?$format=application%2Fjson%3Bodata%3Dminimalmetadata",
      "RequestMethod": "POST",
      "RequestHeaders": {
        "Accept": [
          "application/json",
          "application/json; odata=minimalmetadata"
        ],
        "Authorization": "Sanitized",
        "Content-Length": "33",
        "Content-Type": "application/json; odata=nometadata",
        "DataServiceVersion": "3.0",
        "traceparent": "00-715454a75fb7c94eabf229fe6c802a37-917592caaf3b3548-00",
        "User-Agent": [
          "azsdk-net-Data.Tables/1.0.0-dev.20200820.3",
          "(.NET Core 4.6.27514.02; Microsoft Windows 10.0.17763 )"
        ],
        "x-ms-client-request-id": "4f65e23a3d9f09a490eeca66a4d5de03",
        "x-ms-date": "Thu, 20 Aug 2020 22:36:45 GMT",
        "x-ms-return-client-request-id": "true",
        "x-ms-version": "2019-02-02"
      },
      "RequestBody": {
        "TableName": "testtablelma5f033"
      },
      "StatusCode": 429,
      "ResponseHeaders": {
        "Content-Type": "application/json",
        "Date": "Thu, 20 Aug 2020 22:36:45 GMT",
        "Server": "Microsoft-HTTPAPI/2.0",
        "Transfer-Encoding": "chunked",
        "x-ms-request-id": "4f65e23a-3d9f-09a4-90ee-ca66a4d5de03"
      },
      "ResponseBody": [
        "{\u0022odata.error\u0022:{\u0022code\u0022:\u0022429\u0022,\u0022message\u0022:{\u0022lang\u0022:\u0022en-us\u0022,\u0022value\u0022:\u0022Message: {\\\u0022Errors\\\u0022:[\\\u0022Request rate is large. More Request Units may be needed, so no changes were made. Please retry this request later. Learn more: http://aka.ms/cosmosdb-error-429\\\u0022]}\\r\\nActivityId: d58ce865-507f-4bdb-87f9-28c3f3802127, Request URI: /apps/8b1ea712-4dfc-487e-9abf-91bcc14490f4/services/c147baaa-111c-48fc-95e8-b755505443e5/partitions/d9177690-41e2-486f-b7ca-e933272ef14d/replicas/132424089643911810p, RequestStats: , SDK: Microsoft.Azure.Documents.Common/2.11.0, documentdb-dotnet-sdk/2.11.0 Host/64-bit MicrosoftWindowsNT/6.2.9200.0\\nRequestID:4f65e23a-3d9f-09a4-90ee-ca66a4d5de03\\n\u0022}}}\r\n"
      ]
    },
    {
      "RequestUri": "https://td29f528fe8af4d53prim.table.cosmos.azure.com/Tables?$format=application%2Fjson%3Bodata%3Dminimalmetadata",
      "RequestMethod": "POST",
      "RequestHeaders": {
        "Accept": [
          "application/json",
          "application/json; odata=minimalmetadata"
        ],
        "Authorization": "Sanitized",
        "Content-Length": "33",
        "Content-Type": "application/json; odata=nometadata",
        "DataServiceVersion": "3.0",
        "traceparent": "00-715454a75fb7c94eabf229fe6c802a37-917592caaf3b3548-00",
        "User-Agent": [
          "azsdk-net-Data.Tables/1.0.0-dev.20200820.3",
          "(.NET Core 4.6.27514.02; Microsoft Windows 10.0.17763 )"
        ],
        "x-ms-client-request-id": "4f65e23a3d9f09a490eeca66a4d5de03",
        "x-ms-date": "Thu, 20 Aug 2020 22:36:46 GMT",
        "x-ms-return-client-request-id": "true",
        "x-ms-version": "2019-02-02"
      },
      "RequestBody": {
        "TableName": "testtablelma5f033"
      },
      "StatusCode": 201,
      "ResponseHeaders": {
        "Content-Type": "application/json",
        "Date": "Thu, 20 Aug 2020 22:36:46 GMT",
        "ETag": "W/\u0022datetime\u00272020-08-20T22%3A36%3A46.3454216Z\u0027\u0022",
        "Location": "https://td29f528fe8af4d53prim.table.cosmos.azure.com/Tables(\u0027testtablelma5f033\u0027)",
        "Server": "Microsoft-HTTPAPI/2.0",
        "Transfer-Encoding": "chunked",
        "x-ms-request-id": "4f65e23a-3d9f-09a4-90ee-ca66a4d5de03"
      },
      "ResponseBody": {
        "TableName": "testtablelma5f033",
        "odata.metadata": "https://td29f528fe8af4d53prim.table.cosmos.azure.com/$metadata#Tables/@Element"
      }
    },
    {
      "RequestUri": "https://td29f528fe8af4d53prim.table.cosmos.azure.com/Tables?$format=application%2Fjson%3Bodata%3Dminimalmetadata",
      "RequestMethod": "POST",
      "RequestHeaders": {
        "Accept": [
          "application/json",
          "application/json; odata=minimalmetadata"
        ],
        "Authorization": "Sanitized",
        "Content-Length": "33",
        "Content-Type": "application/json; odata=nometadata",
        "DataServiceVersion": "3.0",
        "traceparent": "00-54c3f1718c39b547bcaca2fb0da981a5-964d69be4803534c-00",
        "User-Agent": [
          "azsdk-net-Data.Tables/1.0.0-dev.20200820.3",
          "(.NET Core 4.6.27514.02; Microsoft Windows 10.0.17763 )"
        ],
        "x-ms-client-request-id": "7aa727b0c267917fbc2a2b6558ff0a8c",
        "x-ms-date": "Thu, 20 Aug 2020 22:36:46 GMT",
        "x-ms-return-client-request-id": "true",
        "x-ms-version": "2019-02-02"
      },
      "RequestBody": {
        "TableName": "testtable8ni4dmwc"
      },
      "StatusCode": 429,
      "ResponseHeaders": {
        "Content-Type": "application/json",
        "Date": "Thu, 20 Aug 2020 22:36:46 GMT",
        "Server": "Microsoft-HTTPAPI/2.0",
        "Transfer-Encoding": "chunked",
        "x-ms-request-id": "7aa727b0-c267-917f-bc2a-2b6558ff0a8c"
      },
      "ResponseBody": [
        "{\u0022odata.error\u0022:{\u0022code\u0022:\u0022429\u0022,\u0022message\u0022:{\u0022lang\u0022:\u0022en-us\u0022,\u0022value\u0022:\u0022Message: {\\\u0022Errors\\\u0022:[\\\u0022Request rate is large. More Request Units may be needed, so no changes were made. Please retry this request later. Learn more: http://aka.ms/cosmosdb-error-429\\\u0022]}\\r\\nActivityId: 32730b31-8b46-47ab-b048-eefc5e670aa6, Request URI: /apps/8b1ea712-4dfc-487e-9abf-91bcc14490f4/services/c147baaa-111c-48fc-95e8-b755505443e5/partitions/d9177690-41e2-486f-b7ca-e933272ef14d/replicas/132424089643911810p, RequestStats: , SDK: Microsoft.Azure.Documents.Common/2.11.0, documentdb-dotnet-sdk/2.11.0 Host/64-bit MicrosoftWindowsNT/6.2.9200.0\\nRequestID:7aa727b0-c267-917f-bc2a-2b6558ff0a8c\\n\u0022}}}\r\n"
      ]
    },
    {
      "RequestUri": "https://td29f528fe8af4d53prim.table.cosmos.azure.com/Tables?$format=application%2Fjson%3Bodata%3Dminimalmetadata",
      "RequestMethod": "POST",
      "RequestHeaders": {
        "Accept": [
          "application/json",
          "application/json; odata=minimalmetadata"
        ],
        "Authorization": "Sanitized",
        "Content-Length": "33",
        "Content-Type": "application/json; odata=nometadata",
        "DataServiceVersion": "3.0",
        "traceparent": "00-54c3f1718c39b547bcaca2fb0da981a5-964d69be4803534c-00",
        "User-Agent": [
          "azsdk-net-Data.Tables/1.0.0-dev.20200820.3",
          "(.NET Core 4.6.27514.02; Microsoft Windows 10.0.17763 )"
        ],
        "x-ms-client-request-id": "7aa727b0c267917fbc2a2b6558ff0a8c",
        "x-ms-date": "Thu, 20 Aug 2020 22:36:47 GMT",
        "x-ms-return-client-request-id": "true",
        "x-ms-version": "2019-02-02"
      },
      "RequestBody": {
        "TableName": "testtable8ni4dmwc"
      },
      "StatusCode": 429,
      "ResponseHeaders": {
        "Content-Type": "application/json",
        "Date": "Thu, 20 Aug 2020 22:36:46 GMT",
        "Server": "Microsoft-HTTPAPI/2.0",
        "Transfer-Encoding": "chunked",
        "x-ms-request-id": "7aa727b0-c267-917f-bc2a-2b6558ff0a8c"
      },
      "ResponseBody": [
        "{\u0022odata.error\u0022:{\u0022code\u0022:\u0022429\u0022,\u0022message\u0022:{\u0022lang\u0022:\u0022en-us\u0022,\u0022value\u0022:\u0022Message: {\\\u0022Errors\\\u0022:[\\\u0022Request rate is large. More Request Units may be needed, so no changes were made. Please retry this request later. Learn more: http://aka.ms/cosmosdb-error-429\\\u0022]}\\r\\nActivityId: 56fc1401-2d0b-4e1e-a3b5-e2ffb849a7ba, Request URI: /apps/8b1ea712-4dfc-487e-9abf-91bcc14490f4/services/c147baaa-111c-48fc-95e8-b755505443e5/partitions/d9177690-41e2-486f-b7ca-e933272ef14d/replicas/132424089643911810p, RequestStats: , SDK: Microsoft.Azure.Documents.Common/2.11.0, documentdb-dotnet-sdk/2.11.0 Host/64-bit MicrosoftWindowsNT/6.2.9200.0\\nRequestID:7aa727b0-c267-917f-bc2a-2b6558ff0a8c\\n\u0022}}}\r\n"
      ]
    },
    {
      "RequestUri": "https://td29f528fe8af4d53prim.table.cosmos.azure.com/Tables?$format=application%2Fjson%3Bodata%3Dminimalmetadata",
      "RequestMethod": "POST",
      "RequestHeaders": {
        "Accept": [
          "application/json",
          "application/json; odata=minimalmetadata"
        ],
        "Authorization": "Sanitized",
        "Content-Length": "33",
        "Content-Type": "application/json; odata=nometadata",
        "DataServiceVersion": "3.0",
        "traceparent": "00-54c3f1718c39b547bcaca2fb0da981a5-964d69be4803534c-00",
        "User-Agent": [
          "azsdk-net-Data.Tables/1.0.0-dev.20200820.3",
          "(.NET Core 4.6.27514.02; Microsoft Windows 10.0.17763 )"
        ],
        "x-ms-client-request-id": "7aa727b0c267917fbc2a2b6558ff0a8c",
        "x-ms-date": "Thu, 20 Aug 2020 22:36:49 GMT",
        "x-ms-return-client-request-id": "true",
        "x-ms-version": "2019-02-02"
      },
      "RequestBody": {
        "TableName": "testtable8ni4dmwc"
      },
      "StatusCode": 429,
      "ResponseHeaders": {
        "Content-Type": "application/json",
        "Date": "Thu, 20 Aug 2020 22:36:49 GMT",
        "Server": "Microsoft-HTTPAPI/2.0",
        "Transfer-Encoding": "chunked",
        "x-ms-request-id": "7aa727b0-c267-917f-bc2a-2b6558ff0a8c"
      },
      "ResponseBody": [
        "{\u0022odata.error\u0022:{\u0022code\u0022:\u0022429\u0022,\u0022message\u0022:{\u0022lang\u0022:\u0022en-us\u0022,\u0022value\u0022:\u0022Message: {\\\u0022Errors\\\u0022:[\\\u0022Request rate is large. More Request Units may be needed, so no changes were made. Please retry this request later. Learn more: http://aka.ms/cosmosdb-error-429\\\u0022]}\\r\\nActivityId: 367b4b76-012c-456a-a4b8-a12330a9a843, Request URI: /apps/8b1ea712-4dfc-487e-9abf-91bcc14490f4/services/c147baaa-111c-48fc-95e8-b755505443e5/partitions/d9177690-41e2-486f-b7ca-e933272ef14d/replicas/132424089643911810p, RequestStats: , SDK: Microsoft.Azure.Documents.Common/2.11.0, documentdb-dotnet-sdk/2.11.0 Host/64-bit MicrosoftWindowsNT/6.2.9200.0\\nRequestID:7aa727b0-c267-917f-bc2a-2b6558ff0a8c\\n\u0022}}}\r\n"
      ]
    },
    {
      "RequestUri": "https://td29f528fe8af4d53prim.table.cosmos.azure.com/Tables?$format=application%2Fjson%3Bodata%3Dminimalmetadata",
      "RequestMethod": "POST",
      "RequestHeaders": {
        "Accept": [
          "application/json",
          "application/json; odata=minimalmetadata"
        ],
        "Authorization": "Sanitized",
        "Content-Length": "33",
        "Content-Type": "application/json; odata=nometadata",
        "DataServiceVersion": "3.0",
        "traceparent": "00-54c3f1718c39b547bcaca2fb0da981a5-964d69be4803534c-00",
        "User-Agent": [
          "azsdk-net-Data.Tables/1.0.0-dev.20200820.3",
          "(.NET Core 4.6.27514.02; Microsoft Windows 10.0.17763 )"
        ],
        "x-ms-client-request-id": "7aa727b0c267917fbc2a2b6558ff0a8c",
        "x-ms-date": "Thu, 20 Aug 2020 22:36:52 GMT",
        "x-ms-return-client-request-id": "true",
        "x-ms-version": "2019-02-02"
      },
      "RequestBody": {
        "TableName": "testtable8ni4dmwc"
      },
      "StatusCode": 429,
      "ResponseHeaders": {
        "Content-Type": "application/json",
        "Date": "Thu, 20 Aug 2020 22:36:52 GMT",
        "Server": "Microsoft-HTTPAPI/2.0",
        "Transfer-Encoding": "chunked",
        "x-ms-request-id": "7aa727b0-c267-917f-bc2a-2b6558ff0a8c"
      },
      "ResponseBody": [
        "{\u0022odata.error\u0022:{\u0022code\u0022:\u0022429\u0022,\u0022message\u0022:{\u0022lang\u0022:\u0022en-us\u0022,\u0022value\u0022:\u0022Message: {\\\u0022Errors\\\u0022:[\\\u0022Request rate is large. More Request Units may be needed, so no changes were made. Please retry this request later. Learn more: http://aka.ms/cosmosdb-error-429\\\u0022]}\\r\\nActivityId: 362b674d-a277-4ecf-9e5c-652b2cc32926, Request URI: /apps/8b1ea712-4dfc-487e-9abf-91bcc14490f4/services/c147baaa-111c-48fc-95e8-b755505443e5/partitions/d9177690-41e2-486f-b7ca-e933272ef14d/replicas/132424089643911810p, RequestStats: , SDK: Microsoft.Azure.Documents.Common/2.11.0, documentdb-dotnet-sdk/2.11.0 Host/64-bit MicrosoftWindowsNT/6.2.9200.0\\nRequestID:7aa727b0-c267-917f-bc2a-2b6558ff0a8c\\n\u0022}}}\r\n"
      ]
    },
    {
      "RequestUri": "https://td29f528fe8af4d53prim.table.cosmos.azure.com/Tables?$format=application%2Fjson%3Bodata%3Dminimalmetadata",
      "RequestMethod": "POST",
      "RequestHeaders": {
        "Accept": [
          "application/json",
          "application/json; odata=minimalmetadata"
        ],
        "Authorization": "Sanitized",
        "Content-Length": "33",
        "Content-Type": "application/json; odata=nometadata",
        "DataServiceVersion": "3.0",
        "traceparent": "00-09a5c659405d2c468c1a11ebdc006af0-bb572167a15dd04a-00",
        "User-Agent": [
          "azsdk-net-Data.Tables/1.0.0-dev.20200820.3",
          "(.NET Core 4.6.27514.02; Microsoft Windows 10.0.17763 )"
        ],
        "x-ms-client-request-id": "41686410278b29d8ea45f7bc015bfb18",
        "x-ms-date": "Thu, 20 Aug 2020 22:36:53 GMT",
        "x-ms-return-client-request-id": "true",
        "x-ms-version": "2019-02-02"
      },
      "RequestBody": {
        "TableName": "testtable8ni4dmwc"
      },
      "StatusCode": 429,
      "ResponseHeaders": {
        "Content-Type": "application/json",
        "Date": "Thu, 20 Aug 2020 22:36:53 GMT",
        "Server": "Microsoft-HTTPAPI/2.0",
        "Transfer-Encoding": "chunked",
        "x-ms-request-id": "41686410-278b-29d8-ea45-f7bc015bfb18"
      },
      "ResponseBody": [
        "{\u0022odata.error\u0022:{\u0022code\u0022:\u0022429\u0022,\u0022message\u0022:{\u0022lang\u0022:\u0022en-us\u0022,\u0022value\u0022:\u0022Message: {\\\u0022Errors\\\u0022:[\\\u0022Request rate is large. More Request Units may be needed, so no changes were made. Please retry this request later. Learn more: http://aka.ms/cosmosdb-error-429\\\u0022]}\\r\\nActivityId: 576c1886-86a1-4ecd-82b6-fe96441709ee, Request URI: /apps/8b1ea712-4dfc-487e-9abf-91bcc14490f4/services/c147baaa-111c-48fc-95e8-b755505443e5/partitions/d9177690-41e2-486f-b7ca-e933272ef14d/replicas/132424089643911810p, RequestStats: , SDK: Microsoft.Azure.Documents.Common/2.11.0, documentdb-dotnet-sdk/2.11.0 Host/64-bit MicrosoftWindowsNT/6.2.9200.0\\nRequestID:41686410-278b-29d8-ea45-f7bc015bfb18\\n\u0022}}}\r\n"
      ]
    },
    {
      "RequestUri": "https://td29f528fe8af4d53prim.table.cosmos.azure.com/Tables?$format=application%2Fjson%3Bodata%3Dminimalmetadata",
      "RequestMethod": "POST",
      "RequestHeaders": {
        "Accept": [
          "application/json",
          "application/json; odata=minimalmetadata"
        ],
        "Authorization": "Sanitized",
        "Content-Length": "33",
        "Content-Type": "application/json; odata=nometadata",
        "DataServiceVersion": "3.0",
        "traceparent": "00-09a5c659405d2c468c1a11ebdc006af0-bb572167a15dd04a-00",
        "User-Agent": [
          "azsdk-net-Data.Tables/1.0.0-dev.20200820.3",
          "(.NET Core 4.6.27514.02; Microsoft Windows 10.0.17763 )"
        ],
        "x-ms-client-request-id": "41686410278b29d8ea45f7bc015bfb18",
        "x-ms-date": "Thu, 20 Aug 2020 22:36:54 GMT",
        "x-ms-return-client-request-id": "true",
        "x-ms-version": "2019-02-02"
      },
      "RequestBody": {
        "TableName": "testtable8ni4dmwc"
      },
      "StatusCode": 429,
      "ResponseHeaders": {
        "Content-Type": "application/json",
        "Date": "Thu, 20 Aug 2020 22:36:53 GMT",
        "Server": "Microsoft-HTTPAPI/2.0",
        "Transfer-Encoding": "chunked",
        "x-ms-request-id": "41686410-278b-29d8-ea45-f7bc015bfb18"
      },
      "ResponseBody": [
        "{\u0022odata.error\u0022:{\u0022code\u0022:\u0022429\u0022,\u0022message\u0022:{\u0022lang\u0022:\u0022en-us\u0022,\u0022value\u0022:\u0022Message: {\\\u0022Errors\\\u0022:[\\\u0022Request rate is large. More Request Units may be needed, so no changes were made. Please retry this request later. Learn more: http://aka.ms/cosmosdb-error-429\\\u0022]}\\r\\nActivityId: fbc1175a-81fd-4bf3-b0ee-11131e745811, Request URI: /apps/8b1ea712-4dfc-487e-9abf-91bcc14490f4/services/c147baaa-111c-48fc-95e8-b755505443e5/partitions/d9177690-41e2-486f-b7ca-e933272ef14d/replicas/132424089643911810p, RequestStats: , SDK: Microsoft.Azure.Documents.Common/2.11.0, documentdb-dotnet-sdk/2.11.0 Host/64-bit MicrosoftWindowsNT/6.2.9200.0\\nRequestID:41686410-278b-29d8-ea45-f7bc015bfb18\\n\u0022}}}\r\n"
      ]
    },
    {
      "RequestUri": "https://td29f528fe8af4d53prim.table.cosmos.azure.com/Tables?$format=application%2Fjson%3Bodata%3Dminimalmetadata",
      "RequestMethod": "POST",
      "RequestHeaders": {
        "Accept": [
          "application/json",
          "application/json; odata=minimalmetadata"
        ],
        "Authorization": "Sanitized",
        "Content-Length": "33",
        "Content-Type": "application/json; odata=nometadata",
        "DataServiceVersion": "3.0",
        "traceparent": "00-09a5c659405d2c468c1a11ebdc006af0-bb572167a15dd04a-00",
        "User-Agent": [
          "azsdk-net-Data.Tables/1.0.0-dev.20200820.3",
          "(.NET Core 4.6.27514.02; Microsoft Windows 10.0.17763 )"
        ],
        "x-ms-client-request-id": "41686410278b29d8ea45f7bc015bfb18",
        "x-ms-date": "Thu, 20 Aug 2020 22:36:56 GMT",
        "x-ms-return-client-request-id": "true",
        "x-ms-version": "2019-02-02"
      },
      "RequestBody": {
        "TableName": "testtable8ni4dmwc"
      },
      "StatusCode": 429,
      "ResponseHeaders": {
        "Content-Type": "application/json",
        "Date": "Thu, 20 Aug 2020 22:36:55 GMT",
        "Server": "Microsoft-HTTPAPI/2.0",
        "Transfer-Encoding": "chunked",
        "x-ms-request-id": "41686410-278b-29d8-ea45-f7bc015bfb18"
      },
      "ResponseBody": [
        "{\u0022odata.error\u0022:{\u0022code\u0022:\u0022429\u0022,\u0022message\u0022:{\u0022lang\u0022:\u0022en-us\u0022,\u0022value\u0022:\u0022Message: {\\\u0022Errors\\\u0022:[\\\u0022Request rate is large. More Request Units may be needed, so no changes were made. Please retry this request later. Learn more: http://aka.ms/cosmosdb-error-429\\\u0022]}\\r\\nActivityId: 64be9deb-3d62-4f1c-8649-746925589d57, Request URI: /apps/8b1ea712-4dfc-487e-9abf-91bcc14490f4/services/c147baaa-111c-48fc-95e8-b755505443e5/partitions/d9177690-41e2-486f-b7ca-e933272ef14d/replicas/132424089643911810p, RequestStats: , SDK: Microsoft.Azure.Documents.Common/2.11.0, documentdb-dotnet-sdk/2.11.0 Host/64-bit MicrosoftWindowsNT/6.2.9200.0\\nRequestID:41686410-278b-29d8-ea45-f7bc015bfb18\\n\u0022}}}\r\n"
      ]
    },
    {
      "RequestUri": "https://td29f528fe8af4d53prim.table.cosmos.azure.com/Tables?$format=application%2Fjson%3Bodata%3Dminimalmetadata",
      "RequestMethod": "POST",
      "RequestHeaders": {
        "Accept": [
          "application/json",
          "application/json; odata=minimalmetadata"
        ],
        "Authorization": "Sanitized",
        "Content-Length": "33",
        "Content-Type": "application/json; odata=nometadata",
        "DataServiceVersion": "3.0",
        "traceparent": "00-09a5c659405d2c468c1a11ebdc006af0-bb572167a15dd04a-00",
        "User-Agent": [
          "azsdk-net-Data.Tables/1.0.0-dev.20200820.3",
          "(.NET Core 4.6.27514.02; Microsoft Windows 10.0.17763 )"
        ],
        "x-ms-client-request-id": "41686410278b29d8ea45f7bc015bfb18",
        "x-ms-date": "Thu, 20 Aug 2020 22:36:58 GMT",
        "x-ms-return-client-request-id": "true",
        "x-ms-version": "2019-02-02"
      },
      "RequestBody": {
        "TableName": "testtable8ni4dmwc"
      },
      "StatusCode": 201,
      "ResponseHeaders": {
        "Content-Type": "application/json",
        "Date": "Thu, 20 Aug 2020 22:36:58 GMT",
        "ETag": "W/\u0022datetime\u00272020-08-20T22%3A36%3A58.9329416Z\u0027\u0022",
        "Location": "https://td29f528fe8af4d53prim.table.cosmos.azure.com/Tables(\u0027testtable8ni4dmwc\u0027)",
        "Server": "Microsoft-HTTPAPI/2.0",
        "Transfer-Encoding": "chunked",
        "x-ms-request-id": "41686410-278b-29d8-ea45-f7bc015bfb18"
      },
      "ResponseBody": {
        "TableName": "testtable8ni4dmwc",
        "odata.metadata": "https://td29f528fe8af4d53prim.table.cosmos.azure.com/$metadata#Tables/@Element"
      }
    },
    {
      "RequestUri": "https://td29f528fe8af4d53prim.table.cosmos.azure.com/Tables?$format=application%2Fjson%3Bodata%3Dminimalmetadata",
      "RequestMethod": "POST",
      "RequestHeaders": {
        "Accept": [
          "application/json",
          "application/json; odata=minimalmetadata"
        ],
        "Authorization": "Sanitized",
        "Content-Length": "33",
        "Content-Type": "application/json; odata=nometadata",
        "DataServiceVersion": "3.0",
        "traceparent": "00-0620a0400b23184bbb4edb4f2ce45465-79c714c6f211a44c-00",
        "User-Agent": [
          "azsdk-net-Data.Tables/1.0.0-dev.20200820.3",
          "(.NET Core 4.6.27514.02; Microsoft Windows 10.0.17763 )"
        ],
        "x-ms-client-request-id": "7aa9386f79aa74aa459e0285b9e3c589",
        "x-ms-date": "Thu, 20 Aug 2020 22:36:59 GMT",
        "x-ms-return-client-request-id": "true",
        "x-ms-version": "2019-02-02"
      },
      "RequestBody": {
        "TableName": "testtableqsaa0t6g"
      },
      "StatusCode": 429,
      "ResponseHeaders": {
        "Content-Type": "application/json",
        "Date": "Thu, 20 Aug 2020 22:36:58 GMT",
        "Server": "Microsoft-HTTPAPI/2.0",
        "Transfer-Encoding": "chunked",
        "x-ms-request-id": "7aa9386f-79aa-74aa-459e-0285b9e3c589"
      },
      "ResponseBody": [
        "{\u0022odata.error\u0022:{\u0022code\u0022:\u0022429\u0022,\u0022message\u0022:{\u0022lang\u0022:\u0022en-us\u0022,\u0022value\u0022:\u0022Message: {\\\u0022Errors\\\u0022:[\\\u0022Request rate is large. More Request Units may be needed, so no changes were made. Please retry this request later. Learn more: http://aka.ms/cosmosdb-error-429\\\u0022]}\\r\\nActivityId: b2852e25-0716-4078-81cd-33bbb9ade29c, Request URI: /apps/8b1ea712-4dfc-487e-9abf-91bcc14490f4/services/c147baaa-111c-48fc-95e8-b755505443e5/partitions/d9177690-41e2-486f-b7ca-e933272ef14d/replicas/132424089643911810p, RequestStats: , SDK: Microsoft.Azure.Documents.Common/2.11.0, documentdb-dotnet-sdk/2.11.0 Host/64-bit MicrosoftWindowsNT/6.2.9200.0\\nRequestID:7aa9386f-79aa-74aa-459e-0285b9e3c589\\n\u0022}}}\r\n"
      ]
    },
    {
      "RequestUri": "https://td29f528fe8af4d53prim.table.cosmos.azure.com/Tables?$format=application%2Fjson%3Bodata%3Dminimalmetadata",
      "RequestMethod": "POST",
      "RequestHeaders": {
        "Accept": [
          "application/json",
          "application/json; odata=minimalmetadata"
        ],
        "Authorization": "Sanitized",
        "Content-Length": "33",
        "Content-Type": "application/json; odata=nometadata",
        "DataServiceVersion": "3.0",
        "traceparent": "00-0620a0400b23184bbb4edb4f2ce45465-79c714c6f211a44c-00",
        "User-Agent": [
          "azsdk-net-Data.Tables/1.0.0-dev.20200820.3",
          "(.NET Core 4.6.27514.02; Microsoft Windows 10.0.17763 )"
        ],
        "x-ms-client-request-id": "7aa9386f79aa74aa459e0285b9e3c589",
        "x-ms-date": "Thu, 20 Aug 2020 22:37:00 GMT",
        "x-ms-return-client-request-id": "true",
        "x-ms-version": "2019-02-02"
      },
      "RequestBody": {
        "TableName": "testtableqsaa0t6g"
      },
      "StatusCode": 429,
      "ResponseHeaders": {
        "Content-Type": "application/json",
        "Date": "Thu, 20 Aug 2020 22:37:00 GMT",
        "Server": "Microsoft-HTTPAPI/2.0",
        "Transfer-Encoding": "chunked",
        "x-ms-request-id": "7aa9386f-79aa-74aa-459e-0285b9e3c589"
      },
      "ResponseBody": [
        "{\u0022odata.error\u0022:{\u0022code\u0022:\u0022429\u0022,\u0022message\u0022:{\u0022lang\u0022:\u0022en-us\u0022,\u0022value\u0022:\u0022Message: {\\\u0022Errors\\\u0022:[\\\u0022Request rate is large. More Request Units may be needed, so no changes were made. Please retry this request later. Learn more: http://aka.ms/cosmosdb-error-429\\\u0022]}\\r\\nActivityId: c0a818cf-f3b0-4830-b81b-6ff7559aa88f, Request URI: /apps/8b1ea712-4dfc-487e-9abf-91bcc14490f4/services/c147baaa-111c-48fc-95e8-b755505443e5/partitions/d9177690-41e2-486f-b7ca-e933272ef14d/replicas/132424089643911810p, RequestStats: , SDK: Microsoft.Azure.Documents.Common/2.11.0, documentdb-dotnet-sdk/2.11.0 Host/64-bit MicrosoftWindowsNT/6.2.9200.0\\nRequestID:7aa9386f-79aa-74aa-459e-0285b9e3c589\\n\u0022}}}\r\n"
      ]
    },
    {
      "RequestUri": "https://td29f528fe8af4d53prim.table.cosmos.azure.com/Tables?$format=application%2Fjson%3Bodata%3Dminimalmetadata",
      "RequestMethod": "POST",
      "RequestHeaders": {
        "Accept": [
          "application/json",
          "application/json; odata=minimalmetadata"
        ],
        "Authorization": "Sanitized",
        "Content-Length": "33",
        "Content-Type": "application/json; odata=nometadata",
        "DataServiceVersion": "3.0",
        "traceparent": "00-0620a0400b23184bbb4edb4f2ce45465-79c714c6f211a44c-00",
        "User-Agent": [
          "azsdk-net-Data.Tables/1.0.0-dev.20200820.3",
          "(.NET Core 4.6.27514.02; Microsoft Windows 10.0.17763 )"
        ],
        "x-ms-client-request-id": "7aa9386f79aa74aa459e0285b9e3c589",
        "x-ms-date": "Thu, 20 Aug 2020 22:37:02 GMT",
        "x-ms-return-client-request-id": "true",
        "x-ms-version": "2019-02-02"
      },
      "RequestBody": {
        "TableName": "testtableqsaa0t6g"
      },
      "StatusCode": 429,
      "ResponseHeaders": {
        "Content-Type": "application/json",
        "Date": "Thu, 20 Aug 2020 22:37:01 GMT",
        "Server": "Microsoft-HTTPAPI/2.0",
        "Transfer-Encoding": "chunked",
        "x-ms-request-id": "7aa9386f-79aa-74aa-459e-0285b9e3c589"
      },
      "ResponseBody": [
        "{\u0022odata.error\u0022:{\u0022code\u0022:\u0022429\u0022,\u0022message\u0022:{\u0022lang\u0022:\u0022en-us\u0022,\u0022value\u0022:\u0022Message: {\\\u0022Errors\\\u0022:[\\\u0022Request rate is large. More Request Units may be needed, so no changes were made. Please retry this request later. Learn more: http://aka.ms/cosmosdb-error-429\\\u0022]}\\r\\nActivityId: 90e1bf26-da5d-47be-a731-1010c6500fa5, Request URI: /apps/8b1ea712-4dfc-487e-9abf-91bcc14490f4/services/c147baaa-111c-48fc-95e8-b755505443e5/partitions/d9177690-41e2-486f-b7ca-e933272ef14d/replicas/132424089643911810p, RequestStats: , SDK: Microsoft.Azure.Documents.Common/2.11.0, documentdb-dotnet-sdk/2.11.0 Host/64-bit MicrosoftWindowsNT/6.2.9200.0\\nRequestID:7aa9386f-79aa-74aa-459e-0285b9e3c589\\n\u0022}}}\r\n"
      ]
    },
    {
      "RequestUri": "https://td29f528fe8af4d53prim.table.cosmos.azure.com/Tables?$format=application%2Fjson%3Bodata%3Dminimalmetadata",
      "RequestMethod": "POST",
      "RequestHeaders": {
        "Accept": [
          "application/json",
          "application/json; odata=minimalmetadata"
        ],
        "Authorization": "Sanitized",
        "Content-Length": "33",
        "Content-Type": "application/json; odata=nometadata",
        "DataServiceVersion": "3.0",
        "traceparent": "00-0620a0400b23184bbb4edb4f2ce45465-79c714c6f211a44c-00",
        "User-Agent": [
          "azsdk-net-Data.Tables/1.0.0-dev.20200820.3",
          "(.NET Core 4.6.27514.02; Microsoft Windows 10.0.17763 )"
        ],
        "x-ms-client-request-id": "7aa9386f79aa74aa459e0285b9e3c589",
        "x-ms-date": "Thu, 20 Aug 2020 22:37:05 GMT",
        "x-ms-return-client-request-id": "true",
        "x-ms-version": "2019-02-02"
      },
      "RequestBody": {
        "TableName": "testtableqsaa0t6g"
      },
      "StatusCode": 429,
      "ResponseHeaders": {
        "Content-Type": "application/json",
        "Date": "Thu, 20 Aug 2020 22:37:05 GMT",
        "Server": "Microsoft-HTTPAPI/2.0",
        "Transfer-Encoding": "chunked",
        "x-ms-request-id": "7aa9386f-79aa-74aa-459e-0285b9e3c589"
      },
      "ResponseBody": [
        "{\u0022odata.error\u0022:{\u0022code\u0022:\u0022429\u0022,\u0022message\u0022:{\u0022lang\u0022:\u0022en-us\u0022,\u0022value\u0022:\u0022Message: {\\\u0022Errors\\\u0022:[\\\u0022Request rate is large. More Request Units may be needed, so no changes were made. Please retry this request later. Learn more: http://aka.ms/cosmosdb-error-429\\\u0022]}\\r\\nActivityId: 171610a7-01f9-4aa0-a317-78ed45708c0c, Request URI: /apps/8b1ea712-4dfc-487e-9abf-91bcc14490f4/services/c147baaa-111c-48fc-95e8-b755505443e5/partitions/d9177690-41e2-486f-b7ca-e933272ef14d/replicas/132424089643911810p, RequestStats: , SDK: Microsoft.Azure.Documents.Common/2.11.0, documentdb-dotnet-sdk/2.11.0 Host/64-bit MicrosoftWindowsNT/6.2.9200.0\\nRequestID:7aa9386f-79aa-74aa-459e-0285b9e3c589\\n\u0022}}}\r\n"
      ]
    },
    {
      "RequestUri": "https://td29f528fe8af4d53prim.table.cosmos.azure.com/Tables?$format=application%2Fjson%3Bodata%3Dminimalmetadata",
      "RequestMethod": "POST",
      "RequestHeaders": {
        "Accept": [
          "application/json",
          "application/json; odata=minimalmetadata"
        ],
        "Authorization": "Sanitized",
        "Content-Length": "33",
        "Content-Type": "application/json; odata=nometadata",
        "DataServiceVersion": "3.0",
        "traceparent": "00-384189e1bcfdd34ab4dff68a589c01d7-cae1004785db8644-00",
        "User-Agent": [
          "azsdk-net-Data.Tables/1.0.0-dev.20200820.3",
          "(.NET Core 4.6.27514.02; Microsoft Windows 10.0.17763 )"
        ],
        "x-ms-client-request-id": "21907e4ec2ca60902e12a8436092f6e7",
        "x-ms-date": "Thu, 20 Aug 2020 22:37:07 GMT",
        "x-ms-return-client-request-id": "true",
        "x-ms-version": "2019-02-02"
      },
      "RequestBody": {
        "TableName": "testtableqsaa0t6g"
      },
      "StatusCode": 429,
      "ResponseHeaders": {
        "Content-Type": "application/json",
        "Date": "Thu, 20 Aug 2020 22:37:07 GMT",
        "Server": "Microsoft-HTTPAPI/2.0",
        "Transfer-Encoding": "chunked",
        "x-ms-request-id": "21907e4e-c2ca-6090-2e12-a8436092f6e7"
      },
      "ResponseBody": [
        "{\u0022odata.error\u0022:{\u0022code\u0022:\u0022429\u0022,\u0022message\u0022:{\u0022lang\u0022:\u0022en-us\u0022,\u0022value\u0022:\u0022Message: {\\\u0022Errors\\\u0022:[\\\u0022Request rate is large. More Request Units may be needed, so no changes were made. Please retry this request later. Learn more: http://aka.ms/cosmosdb-error-429\\\u0022]}\\r\\nActivityId: e1588094-fcb6-44ef-86c0-59aa32af9ad9, Request URI: /apps/8b1ea712-4dfc-487e-9abf-91bcc14490f4/services/c147baaa-111c-48fc-95e8-b755505443e5/partitions/d9177690-41e2-486f-b7ca-e933272ef14d/replicas/132424089643911810p, RequestStats: , SDK: Microsoft.Azure.Documents.Common/2.11.0, documentdb-dotnet-sdk/2.11.0 Host/64-bit MicrosoftWindowsNT/6.2.9200.0\\nRequestID:21907e4e-c2ca-6090-2e12-a8436092f6e7\\n\u0022}}}\r\n"
      ]
    },
    {
      "RequestUri": "https://td29f528fe8af4d53prim.table.cosmos.azure.com/Tables?$format=application%2Fjson%3Bodata%3Dminimalmetadata",
      "RequestMethod": "POST",
      "RequestHeaders": {
        "Accept": [
          "application/json",
          "application/json; odata=minimalmetadata"
        ],
        "Authorization": "Sanitized",
        "Content-Length": "33",
        "Content-Type": "application/json; odata=nometadata",
        "DataServiceVersion": "3.0",
        "traceparent": "00-384189e1bcfdd34ab4dff68a589c01d7-cae1004785db8644-00",
        "User-Agent": [
          "azsdk-net-Data.Tables/1.0.0-dev.20200820.3",
          "(.NET Core 4.6.27514.02; Microsoft Windows 10.0.17763 )"
        ],
        "x-ms-client-request-id": "21907e4ec2ca60902e12a8436092f6e7",
        "x-ms-date": "Thu, 20 Aug 2020 22:37:08 GMT",
        "x-ms-return-client-request-id": "true",
        "x-ms-version": "2019-02-02"
      },
      "RequestBody": {
        "TableName": "testtableqsaa0t6g"
      },
      "StatusCode": 429,
      "ResponseHeaders": {
        "Content-Type": "application/json",
        "Date": "Thu, 20 Aug 2020 22:37:07 GMT",
        "Server": "Microsoft-HTTPAPI/2.0",
        "Transfer-Encoding": "chunked",
        "x-ms-request-id": "21907e4e-c2ca-6090-2e12-a8436092f6e7"
      },
      "ResponseBody": [
        "{\u0022odata.error\u0022:{\u0022code\u0022:\u0022429\u0022,\u0022message\u0022:{\u0022lang\u0022:\u0022en-us\u0022,\u0022value\u0022:\u0022Message: {\\\u0022Errors\\\u0022:[\\\u0022Request rate is large. More Request Units may be needed, so no changes were made. Please retry this request later. Learn more: http://aka.ms/cosmosdb-error-429\\\u0022]}\\r\\nActivityId: 31bcb5b1-0a58-45b2-b537-493aa0491811, Request URI: /apps/8b1ea712-4dfc-487e-9abf-91bcc14490f4/services/c147baaa-111c-48fc-95e8-b755505443e5/partitions/d9177690-41e2-486f-b7ca-e933272ef14d/replicas/132424089643911810p, RequestStats: , SDK: Microsoft.Azure.Documents.Common/2.11.0, documentdb-dotnet-sdk/2.11.0 Host/64-bit MicrosoftWindowsNT/6.2.9200.0\\nRequestID:21907e4e-c2ca-6090-2e12-a8436092f6e7\\n\u0022}}}\r\n"
      ]
    },
    {
      "RequestUri": "https://td29f528fe8af4d53prim.table.cosmos.azure.com/Tables?$format=application%2Fjson%3Bodata%3Dminimalmetadata",
      "RequestMethod": "POST",
      "RequestHeaders": {
        "Accept": [
          "application/json",
          "application/json; odata=minimalmetadata"
        ],
        "Authorization": "Sanitized",
        "Content-Length": "33",
        "Content-Type": "application/json; odata=nometadata",
        "DataServiceVersion": "3.0",
        "traceparent": "00-384189e1bcfdd34ab4dff68a589c01d7-cae1004785db8644-00",
        "User-Agent": [
          "azsdk-net-Data.Tables/1.0.0-dev.20200820.3",
          "(.NET Core 4.6.27514.02; Microsoft Windows 10.0.17763 )"
        ],
        "x-ms-client-request-id": "21907e4ec2ca60902e12a8436092f6e7",
        "x-ms-date": "Thu, 20 Aug 2020 22:37:09 GMT",
        "x-ms-return-client-request-id": "true",
        "x-ms-version": "2019-02-02"
      },
      "RequestBody": {
        "TableName": "testtableqsaa0t6g"
      },
      "StatusCode": 429,
      "ResponseHeaders": {
        "Content-Type": "application/json",
        "Date": "Thu, 20 Aug 2020 22:37:09 GMT",
        "Server": "Microsoft-HTTPAPI/2.0",
        "Transfer-Encoding": "chunked",
        "x-ms-request-id": "21907e4e-c2ca-6090-2e12-a8436092f6e7"
      },
      "ResponseBody": [
        "{\u0022odata.error\u0022:{\u0022code\u0022:\u0022429\u0022,\u0022message\u0022:{\u0022lang\u0022:\u0022en-us\u0022,\u0022value\u0022:\u0022Message: {\\\u0022Errors\\\u0022:[\\\u0022Request rate is large. More Request Units may be needed, so no changes were made. Please retry this request later. Learn more: http://aka.ms/cosmosdb-error-429\\\u0022]}\\r\\nActivityId: e06bf09b-264b-40f4-93c1-5afe66b40a53, Request URI: /apps/8b1ea712-4dfc-487e-9abf-91bcc14490f4/services/c147baaa-111c-48fc-95e8-b755505443e5/partitions/d9177690-41e2-486f-b7ca-e933272ef14d/replicas/132424089643911810p, RequestStats: , SDK: Microsoft.Azure.Documents.Common/2.11.0, documentdb-dotnet-sdk/2.11.0 Host/64-bit MicrosoftWindowsNT/6.2.9200.0\\nRequestID:21907e4e-c2ca-6090-2e12-a8436092f6e7\\n\u0022}}}\r\n"
      ]
    },
    {
      "RequestUri": "https://td29f528fe8af4d53prim.table.cosmos.azure.com/Tables?$format=application%2Fjson%3Bodata%3Dminimalmetadata",
      "RequestMethod": "POST",
      "RequestHeaders": {
        "Accept": [
          "application/json",
          "application/json; odata=minimalmetadata"
        ],
        "Authorization": "Sanitized",
        "Content-Length": "33",
        "Content-Type": "application/json; odata=nometadata",
        "DataServiceVersion": "3.0",
        "traceparent": "00-384189e1bcfdd34ab4dff68a589c01d7-cae1004785db8644-00",
        "User-Agent": [
          "azsdk-net-Data.Tables/1.0.0-dev.20200820.3",
          "(.NET Core 4.6.27514.02; Microsoft Windows 10.0.17763 )"
        ],
        "x-ms-client-request-id": "21907e4ec2ca60902e12a8436092f6e7",
        "x-ms-date": "Thu, 20 Aug 2020 22:37:12 GMT",
        "x-ms-return-client-request-id": "true",
        "x-ms-version": "2019-02-02"
      },
      "RequestBody": {
        "TableName": "testtableqsaa0t6g"
      },
      "StatusCode": 201,
      "ResponseHeaders": {
        "Content-Type": "application/json",
        "Date": "Thu, 20 Aug 2020 22:37:13 GMT",
        "ETag": "W/\u0022datetime\u00272020-08-20T22%3A37%3A13.1013128Z\u0027\u0022",
        "Location": "https://td29f528fe8af4d53prim.table.cosmos.azure.com/Tables(\u0027testtableqsaa0t6g\u0027)",
        "Server": "Microsoft-HTTPAPI/2.0",
        "Transfer-Encoding": "chunked",
        "x-ms-request-id": "21907e4e-c2ca-6090-2e12-a8436092f6e7"
      },
      "ResponseBody": {
        "TableName": "testtableqsaa0t6g",
        "odata.metadata": "https://td29f528fe8af4d53prim.table.cosmos.azure.com/$metadata#Tables/@Element"
      }
    },
    {
      "RequestUri": "https://td29f528fe8af4d53prim.table.cosmos.azure.com/Tables?$format=application%2Fjson%3Bodata%3Dminimalmetadata",
      "RequestMethod": "GET",
      "RequestHeaders": {
        "Accept": [
          "application/json",
          "application/json; odata=minimalmetadata"
        ],
        "Authorization": "Sanitized",
        "DataServiceVersion": "3.0",
        "User-Agent": [
          "azsdk-net-Data.Tables/1.0.0-dev.20200820.3",
          "(.NET Core 4.6.27514.02; Microsoft Windows 10.0.17763 )"
        ],
        "x-ms-client-request-id": "52d29ac25d7d717f9b82776259765ed8",
        "x-ms-date": "Thu, 20 Aug 2020 22:37:13 GMT",
        "x-ms-return-client-request-id": "true",
        "x-ms-version": "2019-02-02"
      },
      "RequestBody": null,
      "StatusCode": 200,
      "ResponseHeaders": {
        "Content-Type": "application/json",
        "Date": "Thu, 20 Aug 2020 22:37:13 GMT",
        "Server": "Microsoft-HTTPAPI/2.0",
        "Transfer-Encoding": "chunked",
        "x-ms-request-id": "52d29ac2-5d7d-717f-9b82-776259765ed8"
      },
      "ResponseBody": {
        "value": [
          {
            "TableName": "testtable0sldk6fh"
          },
          {
            "TableName": "testtablenctxvrtr"
          },
          {
            "TableName": "testtabledm19d3ij"
          },
          {
            "TableName": "testtablepcgihdqq"
          },
          {
            "TableName": "testtablelma5f033"
          },
          {
            "TableName": "testtablem0salty4"
          },
          {
            "TableName": "testtable8ni4dmwc"
          },
          {
            "TableName": "testtableqsaa0t6g"
          },
          {
            "TableName": "testtableh6dz9mts"
          },
          {
            "TableName": "testtable52s7iv7u"
          },
          {
            "TableName": "testtable3ptqytbf"
          }
        ]
      }
    },
    {
      "RequestUri": "https://td29f528fe8af4d53prim.table.cosmos.azure.com/Tables(\u0027testtabledm19d3ij\u0027)",
      "RequestMethod": "DELETE",
      "RequestHeaders": {
        "Accept": [
          "application/json",
          "application/json"
        ],
        "Authorization": "Sanitized",
        "traceparent": "00-ec84644fbd931a498a4360f50707db9c-5196db905c892b47-00",
        "User-Agent": [
          "azsdk-net-Data.Tables/1.0.0-dev.20200820.3",
          "(.NET Core 4.6.27514.02; Microsoft Windows 10.0.17763 )"
        ],
        "x-ms-client-request-id": "1729154e8099ac03a8484c97d06714b3",
        "x-ms-date": "Thu, 20 Aug 2020 22:37:13 GMT",
        "x-ms-return-client-request-id": "true",
        "x-ms-version": "2019-02-02"
      },
      "RequestBody": null,
      "StatusCode": 204,
      "ResponseHeaders": {
        "Content-Length": "0",
        "Date": "Thu, 20 Aug 2020 22:37:13 GMT",
        "Server": "Microsoft-HTTPAPI/2.0",
        "x-ms-request-id": "1729154e-8099-ac03-a848-4c97d06714b3"
      },
      "ResponseBody": []
    },
    {
      "RequestUri": "https://td29f528fe8af4d53prim.table.cosmos.azure.com/Tables(\u0027testtableh6dz9mts\u0027)",
      "RequestMethod": "DELETE",
      "RequestHeaders": {
        "Accept": [
          "application/json",
          "application/json"
        ],
        "Authorization": "Sanitized",
        "traceparent": "00-e350e2b2e1d12945b0d3c40447ad93a0-387fa6e72936c84b-00",
        "User-Agent": [
          "azsdk-net-Data.Tables/1.0.0-dev.20200820.3",
          "(.NET Core 4.6.27514.02; Microsoft Windows 10.0.17763 )"
        ],
        "x-ms-client-request-id": "1fc21aa87211f10cff1f86474b2d07b8",
        "x-ms-date": "Thu, 20 Aug 2020 22:37:13 GMT",
        "x-ms-return-client-request-id": "true",
        "x-ms-version": "2019-02-02"
      },
      "RequestBody": null,
      "StatusCode": 204,
      "ResponseHeaders": {
        "Content-Length": "0",
        "Date": "Thu, 20 Aug 2020 22:37:13 GMT",
        "Server": "Microsoft-HTTPAPI/2.0",
        "x-ms-request-id": "1fc21aa8-7211-f10c-ff1f-86474b2d07b8"
      },
      "ResponseBody": []
    },
    {
      "RequestUri": "https://td29f528fe8af4d53prim.table.cosmos.azure.com/Tables(\u0027testtablem0salty4\u0027)",
      "RequestMethod": "DELETE",
      "RequestHeaders": {
        "Accept": [
          "application/json",
          "application/json"
        ],
        "Authorization": "Sanitized",
        "traceparent": "00-eee7056e29b10f488d51d7e3cfb18fd9-ca1428f029db2146-00",
        "User-Agent": [
          "azsdk-net-Data.Tables/1.0.0-dev.20200820.3",
          "(.NET Core 4.6.27514.02; Microsoft Windows 10.0.17763 )"
        ],
        "x-ms-client-request-id": "4af4d0b4df69424d9625aa3411e7a033",
        "x-ms-date": "Thu, 20 Aug 2020 22:37:14 GMT",
        "x-ms-return-client-request-id": "true",
        "x-ms-version": "2019-02-02"
      },
      "RequestBody": null,
      "StatusCode": 204,
      "ResponseHeaders": {
        "Content-Length": "0",
        "Date": "Thu, 20 Aug 2020 22:37:13 GMT",
        "Server": "Microsoft-HTTPAPI/2.0",
        "x-ms-request-id": "4af4d0b4-df69-424d-9625-aa3411e7a033"
      },
      "ResponseBody": []
    },
    {
      "RequestUri": "https://td29f528fe8af4d53prim.table.cosmos.azure.com/Tables(\u0027testtable3ptqytbf\u0027)",
      "RequestMethod": "DELETE",
      "RequestHeaders": {
        "Accept": [
          "application/json",
          "application/json"
        ],
        "Authorization": "Sanitized",
        "traceparent": "00-4d6989fd8d1af047853e76ed898e2fc9-6229c4980c2fbf4f-00",
        "User-Agent": [
          "azsdk-net-Data.Tables/1.0.0-dev.20200820.3",
          "(.NET Core 4.6.27514.02; Microsoft Windows 10.0.17763 )"
        ],
        "x-ms-client-request-id": "3ebac36e3eb3dcc70837187af9bb617a",
        "x-ms-date": "Thu, 20 Aug 2020 22:37:14 GMT",
        "x-ms-return-client-request-id": "true",
        "x-ms-version": "2019-02-02"
      },
      "RequestBody": null,
      "StatusCode": 204,
      "ResponseHeaders": {
        "Content-Length": "0",
        "Date": "Thu, 20 Aug 2020 22:37:14 GMT",
        "Server": "Microsoft-HTTPAPI/2.0",
        "x-ms-request-id": "3ebac36e-3eb3-dcc7-0837-187af9bb617a"
      },
      "ResponseBody": []
    },
    {
      "RequestUri": "https://td29f528fe8af4d53prim.table.cosmos.azure.com/Tables(\u0027testtable0sldk6fh\u0027)",
      "RequestMethod": "DELETE",
      "RequestHeaders": {
        "Accept": [
          "application/json",
          "application/json"
        ],
        "Authorization": "Sanitized",
        "traceparent": "00-88e6f9e130d8cf4a87a84c096556b50a-66c14c9aa876bb46-00",
        "User-Agent": [
          "azsdk-net-Data.Tables/1.0.0-dev.20200820.3",
          "(.NET Core 4.6.27514.02; Microsoft Windows 10.0.17763 )"
        ],
        "x-ms-client-request-id": "00e29341ca72c849cc8088ebc7d7df17",
        "x-ms-date": "Thu, 20 Aug 2020 22:37:14 GMT",
        "x-ms-return-client-request-id": "true",
        "x-ms-version": "2019-02-02"
      },
      "RequestBody": null,
      "StatusCode": 204,
      "ResponseHeaders": {
        "Content-Length": "0",
        "Date": "Thu, 20 Aug 2020 22:37:14 GMT",
        "Server": "Microsoft-HTTPAPI/2.0",
        "x-ms-request-id": "00e29341-ca72-c849-cc80-88ebc7d7df17"
      },
      "ResponseBody": []
    },
    {
      "RequestUri": "https://td29f528fe8af4d53prim.table.cosmos.azure.com/Tables(\u0027testtable52s7iv7u\u0027)",
      "RequestMethod": "DELETE",
      "RequestHeaders": {
        "Accept": [
          "application/json",
          "application/json"
        ],
        "Authorization": "Sanitized",
        "traceparent": "00-001f5ec08620644e8c5d7c4180fd82d5-cf8f706d20b6c34b-00",
        "User-Agent": [
          "azsdk-net-Data.Tables/1.0.0-dev.20200820.3",
          "(.NET Core 4.6.27514.02; Microsoft Windows 10.0.17763 )"
        ],
        "x-ms-client-request-id": "87d9527ec873750408184131c6d348db",
        "x-ms-date": "Thu, 20 Aug 2020 22:37:15 GMT",
        "x-ms-return-client-request-id": "true",
        "x-ms-version": "2019-02-02"
      },
      "RequestBody": null,
      "StatusCode": 204,
      "ResponseHeaders": {
        "Content-Length": "0",
        "Date": "Thu, 20 Aug 2020 22:37:14 GMT",
        "Server": "Microsoft-HTTPAPI/2.0",
        "x-ms-request-id": "87d9527e-c873-7504-0818-4131c6d348db"
      },
      "ResponseBody": []
    },
    {
      "RequestUri": "https://td29f528fe8af4d53prim.table.cosmos.azure.com/Tables(\u0027testtablenctxvrtr\u0027)",
      "RequestMethod": "DELETE",
      "RequestHeaders": {
        "Accept": [
          "application/json",
          "application/json"
        ],
        "Authorization": "Sanitized",
        "traceparent": "00-733a669ad6f5ed4b8451a9eb1d42cf23-5eb5cad08a3eb44a-00",
        "User-Agent": [
          "azsdk-net-Data.Tables/1.0.0-dev.20200820.3",
          "(.NET Core 4.6.27514.02; Microsoft Windows 10.0.17763 )"
        ],
        "x-ms-client-request-id": "7df330c49f05a3c17af17233b6db1431",
        "x-ms-date": "Thu, 20 Aug 2020 22:37:15 GMT",
        "x-ms-return-client-request-id": "true",
        "x-ms-version": "2019-02-02"
      },
      "RequestBody": null,
      "StatusCode": 204,
      "ResponseHeaders": {
        "Content-Length": "0",
        "Date": "Thu, 20 Aug 2020 22:37:14 GMT",
        "Server": "Microsoft-HTTPAPI/2.0",
        "x-ms-request-id": "7df330c4-9f05-a3c1-7af1-7233b6db1431"
      },
      "ResponseBody": []
    },
    {
      "RequestUri": "https://td29f528fe8af4d53prim.table.cosmos.azure.com/Tables(\u0027testtablelma5f033\u0027)",
      "RequestMethod": "DELETE",
      "RequestHeaders": {
        "Accept": [
          "application/json",
          "application/json"
        ],
        "Authorization": "Sanitized",
        "traceparent": "00-1667e5460ba938428c0ee145779eaa6e-64131fa004cb8e4e-00",
        "User-Agent": [
          "azsdk-net-Data.Tables/1.0.0-dev.20200820.3",
          "(.NET Core 4.6.27514.02; Microsoft Windows 10.0.17763 )"
        ],
        "x-ms-client-request-id": "a7fb0158dae179078e6cf759881802f9",
        "x-ms-date": "Thu, 20 Aug 2020 22:37:15 GMT",
        "x-ms-return-client-request-id": "true",
        "x-ms-version": "2019-02-02"
      },
      "RequestBody": null,
      "StatusCode": 204,
      "ResponseHeaders": {
        "Content-Length": "0",
        "Date": "Thu, 20 Aug 2020 22:37:15 GMT",
        "Server": "Microsoft-HTTPAPI/2.0",
        "x-ms-request-id": "a7fb0158-dae1-7907-8e6c-f759881802f9"
      },
      "ResponseBody": []
    },
    {
      "RequestUri": "https://td29f528fe8af4d53prim.table.cosmos.azure.com/Tables(\u0027testtable8ni4dmwc\u0027)",
      "RequestMethod": "DELETE",
      "RequestHeaders": {
        "Accept": [
          "application/json",
          "application/json"
        ],
        "Authorization": "Sanitized",
        "traceparent": "00-47e90e534eb96a4c882df211c7932d51-0b3e6b0ddb779c41-00",
        "User-Agent": [
          "azsdk-net-Data.Tables/1.0.0-dev.20200820.3",
          "(.NET Core 4.6.27514.02; Microsoft Windows 10.0.17763 )"
        ],
        "x-ms-client-request-id": "9727ad3762e4df1291350d8156d1bf2d",
        "x-ms-date": "Thu, 20 Aug 2020 22:37:15 GMT",
        "x-ms-return-client-request-id": "true",
        "x-ms-version": "2019-02-02"
      },
      "RequestBody": null,
      "StatusCode": 204,
      "ResponseHeaders": {
        "Content-Length": "0",
        "Date": "Thu, 20 Aug 2020 22:37:15 GMT",
        "Server": "Microsoft-HTTPAPI/2.0",
        "x-ms-request-id": "9727ad37-62e4-df12-9135-0d8156d1bf2d"
      },
      "ResponseBody": []
    },
    {
      "RequestUri": "https://td29f528fe8af4d53prim.table.cosmos.azure.com/Tables(\u0027testtableqsaa0t6g\u0027)",
      "RequestMethod": "DELETE",
      "RequestHeaders": {
        "Accept": [
          "application/json",
          "application/json"
        ],
        "Authorization": "Sanitized",
        "traceparent": "00-47caad67ee71e649ae3d99a859136d2d-089a45fcc34dd649-00",
        "User-Agent": [
          "azsdk-net-Data.Tables/1.0.0-dev.20200820.3",
          "(.NET Core 4.6.27514.02; Microsoft Windows 10.0.17763 )"
        ],
        "x-ms-client-request-id": "c5d91004a1d8e9f9297aee98a7671b61",
        "x-ms-date": "Thu, 20 Aug 2020 22:37:16 GMT",
        "x-ms-return-client-request-id": "true",
        "x-ms-version": "2019-02-02"
      },
      "RequestBody": null,
      "StatusCode": 204,
      "ResponseHeaders": {
        "Content-Length": "0",
        "Date": "Thu, 20 Aug 2020 22:37:15 GMT",
        "Server": "Microsoft-HTTPAPI/2.0",
        "x-ms-request-id": "c5d91004-a1d8-e9f9-297a-ee98a7671b61"
      },
      "ResponseBody": []
    },
    {
      "RequestUri": "https://td29f528fe8af4d53prim.table.cosmos.azure.com/Tables(\u0027testtablepcgihdqq\u0027)",
      "RequestMethod": "DELETE",
      "RequestHeaders": {
        "Accept": [
          "application/json",
          "application/json"
        ],
        "Authorization": "Sanitized",
        "traceparent": "00-7bcdfa5ed7004c4fb39c3032edd1ab12-95d5de3390d39945-00",
        "User-Agent": [
          "azsdk-net-Data.Tables/1.0.0-dev.20200820.3",
          "(.NET Core 4.6.27514.02; Microsoft Windows 10.0.17763 )"
        ],
        "x-ms-client-request-id": "09fb79ef7db4f54cee1b15abcd8523bc",
        "x-ms-date": "Thu, 20 Aug 2020 22:37:16 GMT",
        "x-ms-return-client-request-id": "true",
        "x-ms-version": "2019-02-02"
      },
      "RequestBody": null,
      "StatusCode": 204,
      "ResponseHeaders": {
        "Content-Length": "0",
        "Date": "Thu, 20 Aug 2020 22:37:15 GMT",
        "Server": "Microsoft-HTTPAPI/2.0",
        "x-ms-request-id": "09fb79ef-7db4-f54c-ee1b-15abcd8523bc"
      },
      "ResponseBody": []
    }
  ],
  "Variables": {
    "RandomSeed": "92824305",
    "TABLES_COSMOS_ACCOUNT_NAME": "td29f528fe8af4d53prim",
    "TABLES_PRIMARY_COSMOS_ACCOUNT_KEY": "Kg=="
  }
}