{
  "Entries": [
    {
      "RequestUri": "/subscriptions/726f8cd6-6459-4db4-8e6d-2cd2716904e2/providers/microsoft.network?api-version=2015-11-01",
      "EncodedRequestUri": "L3N1YnNjcmlwdGlvbnMvNzI2ZjhjZDYtNjQ1OS00ZGI0LThlNmQtMmNkMjcxNjkwNGUyL3Byb3ZpZGVycy9taWNyb3NvZnQubmV0d29yaz9hcGktdmVyc2lvbj0yMDE1LTExLTAx",
      "RequestMethod": "GET",
      "RequestBody": "",
      "RequestHeaders": {
        "x-ms-client-request-id": [
          "9d3c3dff-f816-4484-8aac-5e892ac266af"
        ],
        "accept-language": [
          "en-US"
        ],
        "User-Agent": [
          "FxVersion/4.6.25211.01",
          "Microsoft.Azure.Management.Resources.ResourceManagementClient/1.0.0.0"
        ]
      },
      "ResponseBody": "{\r\n  \"id\": \"/subscriptions/726f8cd6-6459-4db4-8e6d-2cd2716904e2/providers/microsoft.network\",\r\n  \"namespace\": \"microsoft.network\",\r\n  \"authorizations\": [\r\n    {\r\n      \"applicationId\": \"2cf9eb86-36b5-49dc-86ae-9a63135dfa8c\",\r\n      \"roleDefinitionId\": \"13ba9ab4-19f0-4804-adc4-14ece36cc7a1\"\r\n    },\r\n    {\r\n      \"applicationId\": \"7c33bfcb-8d33-48d6-8e60-dc6404003489\",\r\n      \"roleDefinitionId\": \"ad6261e4-fa9a-4642-aa5f-104f1b67e9e3\"\r\n    },\r\n    {\r\n      \"applicationId\": \"1e3e4475-288f-4018-a376-df66fd7fac5f\",\r\n      \"roleDefinitionId\": \"1d538b69-3d87-4e56-8ff8-25786fd48261\"\r\n    },\r\n    {\r\n      \"applicationId\": \"a0be0c72-870e-46f0-9c49-c98333a996f7\",\r\n      \"roleDefinitionId\": \"7ce22727-ffce-45a9-930c-ddb2e56fa131\"\r\n    },\r\n    {\r\n      \"applicationId\": \"486c78bf-a0f7-45f1-92fd-37215929e116\",\r\n      \"roleDefinitionId\": \"1a0c88c6-37ef-442c-b3ed-992e0f26331e\"\r\n    },\r\n    {\r\n      \"applicationId\": \"19947cfd-0303-466c-ac3c-fcc19a7a1570\",\r\n      \"roleDefinitionId\": \"d813ab6c-bfb7-413e-9462-005b21f0ce09\"\r\n    }\r\n  ],\r\n  \"resourceTypes\": [\r\n    {\r\n      \"resourceType\": \"trafficmanagerprofiles\",\r\n      \"locations\": [\r\n        \"global\"\r\n      ],\r\n      \"apiVersions\": [\r\n        \"2018-04-01\",\r\n        \"2018-03-01\",\r\n        \"2018-02-01\",\r\n        \"2017-05-01\",\r\n        \"2017-03-01\",\r\n        \"2015-11-01\",\r\n        \"2015-04-28-preview\"\r\n      ],\r\n      \"capabilities\": \"CrossResourceGroupResourceMove, CrossSubscriptionResourceMove\"\r\n    },\r\n    {\r\n      \"resourceType\": \"trafficmanagerprofiles/heatMaps\",\r\n      \"locations\": [\r\n        \"global\"\r\n      ],\r\n      \"apiVersions\": [\r\n        \"2017-09-01-preview\"\r\n      ]\r\n    },\r\n    {\r\n      \"resourceType\": \"trafficManagerUserMetricsKeys\",\r\n      \"locations\": [\r\n        \"global\"\r\n      ],\r\n      \"apiVersions\": [\r\n        \"2017-09-01-preview\"\r\n      ]\r\n    },\r\n    {\r\n      \"resourceType\": \"dnszones\",\r\n      \"locations\": [\r\n        \"global\"\r\n      ],\r\n      \"apiVersions\": [\r\n        \"2018-05-01\",\r\n        \"2018-03-01-preview\",\r\n        \"2017-10-01\",\r\n        \"2017-09-15-preview\",\r\n        \"2017-09-01\",\r\n        \"2016-07-01\",\r\n        \"2016-04-01\",\r\n        \"2015-11-30\",\r\n        \"2015-11-15-preview\",\r\n        \"2015-05-04-preview\"\r\n      ],\r\n      \"capabilities\": \"CrossResourceGroupResourceMove, CrossSubscriptionResourceMove\"\r\n    },\r\n    {\r\n      \"resourceType\": \"dnsOperationResults\",\r\n      \"locations\": [\r\n        \"global\"\r\n      ],\r\n      \"apiVersions\": [\r\n        \"2018-05-01\",\r\n        \"2018-03-01-preview\",\r\n        \"2017-10-01\",\r\n        \"2017-09-15-preview\",\r\n        \"2017-09-01\",\r\n        \"2016-07-01\",\r\n        \"2016-04-01\",\r\n        \"2015-11-30\",\r\n        \"2015-11-15-preview\",\r\n        \"2015-05-04-preview\"\r\n      ]\r\n    },\r\n    {\r\n      \"resourceType\": \"dnsOperationStatuses\",\r\n      \"locations\": [\r\n        \"global\"\r\n      ],\r\n      \"apiVersions\": [\r\n        \"2018-05-01\",\r\n        \"2018-03-01-preview\",\r\n        \"2017-10-01\",\r\n        \"2017-09-15-preview\",\r\n        \"2017-09-01\",\r\n        \"2016-07-01\",\r\n        \"2016-04-01\",\r\n        \"2015-11-30\",\r\n        \"2015-11-15-preview\",\r\n        \"2015-05-04-preview\"\r\n      ]\r\n    },\r\n    {\r\n      \"resourceType\": \"dnszones/A\",\r\n      \"locations\": [\r\n        \"global\"\r\n      ],\r\n      \"apiVersions\": [\r\n        \"2018-05-01\",\r\n        \"2018-03-01-preview\",\r\n        \"2017-10-01\",\r\n        \"2017-09-15-preview\",\r\n        \"2017-09-01\",\r\n        \"2016-07-01\",\r\n        \"2016-04-01\",\r\n        \"2015-11-30\",\r\n        \"2015-11-15-preview\",\r\n        \"2015-05-04-preview\"\r\n      ]\r\n    },\r\n    {\r\n      \"resourceType\": \"dnszones/AAAA\",\r\n      \"locations\": [\r\n        \"global\"\r\n      ],\r\n      \"apiVersions\": [\r\n        \"2018-05-01\",\r\n        \"2018-03-01-preview\",\r\n        \"2017-10-01\",\r\n        \"2017-09-15-preview\",\r\n        \"2017-09-01\",\r\n        \"2016-07-01\",\r\n        \"2016-04-01\",\r\n        \"2015-11-30\",\r\n        \"2015-11-15-preview\",\r\n        \"2015-05-04-preview\"\r\n      ]\r\n    },\r\n    {\r\n      \"resourceType\": \"dnszones/CNAME\",\r\n      \"locations\": [\r\n        \"global\"\r\n      ],\r\n      \"apiVersions\": [\r\n        \"2018-05-01\",\r\n        \"2018-03-01-preview\",\r\n        \"2017-10-01\",\r\n        \"2017-09-15-preview\",\r\n        \"2017-09-01\",\r\n        \"2016-07-01\",\r\n        \"2016-04-01\",\r\n        \"2015-11-30\",\r\n        \"2015-11-15-preview\",\r\n        \"2015-05-04-preview\"\r\n      ]\r\n    },\r\n    {\r\n      \"resourceType\": \"dnszones/PTR\",\r\n      \"locations\": [\r\n        \"global\"\r\n      ],\r\n      \"apiVersions\": [\r\n        \"2018-05-01\",\r\n        \"2018-03-01-preview\",\r\n        \"2017-10-01\",\r\n        \"2017-09-15-preview\",\r\n        \"2017-09-01\",\r\n        \"2016-07-01\",\r\n        \"2016-04-01\",\r\n        \"2015-11-30\",\r\n        \"2015-11-15-preview\",\r\n        \"2015-05-04-preview\"\r\n      ]\r\n    },\r\n    {\r\n      \"resourceType\": \"dnszones/MX\",\r\n      \"locations\": [\r\n        \"global\"\r\n      ],\r\n      \"apiVersions\": [\r\n        \"2018-05-01\",\r\n        \"2018-03-01-preview\",\r\n        \"2017-10-01\",\r\n        \"2017-09-15-preview\",\r\n        \"2017-09-01\",\r\n        \"2016-07-01\",\r\n        \"2016-04-01\",\r\n        \"2015-11-30\",\r\n        \"2015-11-15-preview\",\r\n        \"2015-05-04-preview\"\r\n      ]\r\n    },\r\n    {\r\n      \"resourceType\": \"dnszones/TXT\",\r\n      \"locations\": [\r\n        \"global\"\r\n      ],\r\n      \"apiVersions\": [\r\n        \"2018-05-01\",\r\n        \"2018-03-01-preview\",\r\n        \"2017-10-01\",\r\n        \"2017-09-15-preview\",\r\n        \"2017-09-01\",\r\n        \"2016-07-01\",\r\n        \"2016-04-01\",\r\n        \"2015-11-30\",\r\n        \"2015-11-15-preview\",\r\n        \"2015-05-04-preview\"\r\n      ]\r\n    },\r\n    {\r\n      \"resourceType\": \"dnszones/SRV\",\r\n      \"locations\": [\r\n        \"global\"\r\n      ],\r\n      \"apiVersions\": [\r\n        \"2018-05-01\",\r\n        \"2018-03-01-preview\",\r\n        \"2017-10-01\",\r\n        \"2017-09-15-preview\",\r\n        \"2017-09-01\",\r\n        \"2016-07-01\",\r\n        \"2016-04-01\",\r\n        \"2015-11-30\",\r\n        \"2015-11-15-preview\",\r\n        \"2015-05-04-preview\",\r\n        \"2015-04-01\"\r\n      ]\r\n    },\r\n    {\r\n      \"resourceType\": \"dnszones/SOA\",\r\n      \"locations\": [\r\n        \"global\"\r\n      ],\r\n      \"apiVersions\": [\r\n        \"2018-05-01\",\r\n        \"2018-03-01-preview\",\r\n        \"2017-10-01\",\r\n        \"2017-09-15-preview\",\r\n        \"2017-09-01\",\r\n        \"2016-07-01\",\r\n        \"2016-04-01\",\r\n        \"2015-11-30\",\r\n        \"2015-11-15-preview\",\r\n        \"2015-05-04-preview\",\r\n        \"2015-04-01\"\r\n      ]\r\n    },\r\n    {\r\n      \"resourceType\": \"dnszones/NS\",\r\n      \"locations\": [\r\n        \"global\"\r\n      ],\r\n      \"apiVersions\": [\r\n        \"2018-05-01\",\r\n        \"2018-03-01-preview\",\r\n        \"2017-10-01\",\r\n        \"2017-09-15-preview\",\r\n        \"2017-09-01\",\r\n        \"2016-07-01\",\r\n        \"2016-04-01\",\r\n        \"2015-11-30\",\r\n        \"2015-11-15-preview\",\r\n        \"2015-05-04-preview\",\r\n        \"2015-04-01\"\r\n      ]\r\n    },\r\n    {\r\n      \"resourceType\": \"dnszones/CAA\",\r\n      \"locations\": [\r\n        \"global\"\r\n      ],\r\n      \"apiVersions\": [\r\n        \"2018-05-01\",\r\n        \"2018-03-01-preview\",\r\n        \"2017-10-01\",\r\n        \"2017-09-15-preview\",\r\n        \"2017-09-01\",\r\n        \"2016-07-01\",\r\n        \"2016-04-01\",\r\n        \"2015-11-30\",\r\n        \"2015-11-15-preview\",\r\n        \"2015-05-04-preview\"\r\n      ]\r\n    },\r\n    {\r\n      \"resourceType\": \"dnszones/recordsets\",\r\n      \"locations\": [\r\n        \"global\"\r\n      ],\r\n      \"apiVersions\": [\r\n        \"2018-05-01\",\r\n        \"2018-03-01-preview\",\r\n        \"2017-10-01\",\r\n        \"2017-09-15-preview\",\r\n        \"2017-09-01\",\r\n        \"2016-07-01\",\r\n        \"2016-04-01\",\r\n        \"2015-11-30\",\r\n        \"2015-11-15-preview\",\r\n        \"2015-05-04-preview\",\r\n        \"2015-04-01\"\r\n      ]\r\n    },\r\n    {\r\n      \"resourceType\": \"dnszones/all\",\r\n      \"locations\": [\r\n        \"global\"\r\n      ],\r\n      \"apiVersions\": [\r\n        \"2018-05-01\",\r\n        \"2018-03-01-preview\",\r\n        \"2017-10-01\",\r\n        \"2017-09-15-preview\",\r\n        \"2017-09-01\",\r\n        \"2016-07-01\",\r\n        \"2016-04-01\",\r\n        \"2015-11-30\",\r\n        \"2015-11-15-preview\",\r\n        \"2015-05-04-preview\",\r\n        \"2015-04-01\"\r\n      ]\r\n    },\r\n    {\r\n      \"resourceType\": \"virtualNetworks\",\r\n      \"locations\": [\r\n        \"West Europe\",\r\n        \"Central US\",\r\n        \"West US\",\r\n        \"East US\",\r\n        \"North Central US\",\r\n        \"South Central US\",\r\n        \"East US 2\",\r\n        \"North Europe\"\r\n      ],\r\n      \"apiVersions\": [\r\n        \"2018-04-01\",\r\n        \"2018-03-01\",\r\n        \"2018-02-01\",\r\n        \"2018-01-01\",\r\n        \"2017-11-01\",\r\n        \"2017-10-01\",\r\n        \"2017-09-01\",\r\n        \"2017-08-01\",\r\n        \"2017-06-01\",\r\n        \"2017-04-01\",\r\n        \"2017-03-01\",\r\n        \"2016-12-01\",\r\n        \"2016-11-01\",\r\n        \"2016-10-01\",\r\n        \"2016-09-01\",\r\n        \"2016-08-01\",\r\n        \"2016-07-01\",\r\n        \"2016-06-01\",\r\n        \"2016-03-30\",\r\n        \"2015-06-15\",\r\n        \"2015-05-01-preview\",\r\n        \"2014-12-01-preview\"\r\n      ],\r\n      \"capabilities\": \"CrossResourceGroupResourceMove, CrossSubscriptionResourceMove\"\r\n    },\r\n    {\r\n      \"resourceType\": \"publicIPAddresses\",\r\n      \"locations\": [\r\n        \"West Europe\",\r\n        \"Central US\",\r\n        \"West US\",\r\n        \"East US\",\r\n        \"North Central US\",\r\n        \"South Central US\",\r\n        \"East US 2\",\r\n        \"North Europe\"\r\n      ],\r\n      \"apiVersions\": [\r\n        \"2018-04-01\",\r\n        \"2018-03-01\",\r\n        \"2018-02-01\",\r\n        \"2018-01-01\",\r\n        \"2017-11-01\",\r\n        \"2017-10-01\",\r\n        \"2017-09-01\",\r\n        \"2017-08-01\",\r\n        \"2017-06-01\",\r\n        \"2017-04-01\",\r\n        \"2017-03-01\",\r\n        \"2016-12-01\",\r\n        \"2016-11-01\",\r\n        \"2016-10-01\",\r\n        \"2016-09-01\",\r\n        \"2016-08-01\",\r\n        \"2016-07-01\",\r\n        \"2016-06-01\",\r\n        \"2016-03-30\",\r\n        \"2015-06-15\",\r\n        \"2015-05-01-preview\",\r\n        \"2014-12-01-preview\"\r\n      ],\r\n      \"capabilities\": \"CrossResourceGroupResourceMove, CrossSubscriptionResourceMove\"\r\n    },\r\n    {\r\n      \"resourceType\": \"networkInterfaces\",\r\n      \"locations\": [\r\n        \"West Europe\",\r\n        \"Central US\",\r\n        \"West US\",\r\n        \"East US\",\r\n        \"North Central US\",\r\n        \"South Central US\",\r\n        \"East US 2\",\r\n        \"North Europe\"\r\n      ],\r\n      \"apiVersions\": [\r\n        \"2018-04-01\",\r\n        \"2018-03-01\",\r\n        \"2018-02-01\",\r\n        \"2018-01-01\",\r\n        \"2017-11-01\",\r\n        \"2017-10-01\",\r\n        \"2017-09-01\",\r\n        \"2017-08-01\",\r\n        \"2017-06-01\",\r\n        \"2017-04-01\",\r\n        \"2017-03-01\",\r\n        \"2016-12-01\",\r\n        \"2016-11-01\",\r\n        \"2016-10-01\",\r\n        \"2016-09-01\",\r\n        \"2016-08-01\",\r\n        \"2016-07-01\",\r\n        \"2016-06-01\",\r\n        \"2016-03-30\",\r\n        \"2015-06-15\",\r\n        \"2015-05-01-preview\",\r\n        \"2014-12-01-preview\"\r\n      ],\r\n      \"capabilities\": \"CrossResourceGroupResourceMove, CrossSubscriptionResourceMove\"\r\n    },\r\n    {\r\n      \"resourceType\": \"loadBalancers\",\r\n      \"locations\": [\r\n        \"West Europe\",\r\n        \"Central US\",\r\n        \"West US\",\r\n        \"East US\",\r\n        \"North Central US\",\r\n        \"South Central US\",\r\n        \"East US 2\",\r\n        \"North Europe\"\r\n      ],\r\n      \"apiVersions\": [\r\n        \"2018-04-01\",\r\n        \"2018-03-01\",\r\n        \"2018-02-01\",\r\n        \"2018-01-01\",\r\n        \"2017-11-01\",\r\n        \"2017-10-01\",\r\n        \"2017-09-01\",\r\n        \"2017-08-01\",\r\n        \"2017-06-01\",\r\n        \"2017-04-01\",\r\n        \"2017-03-01\",\r\n        \"2016-12-01\",\r\n        \"2016-11-01\",\r\n        \"2016-10-01\",\r\n        \"2016-09-01\",\r\n        \"2016-08-01\",\r\n        \"2016-07-01\",\r\n        \"2016-06-01\",\r\n        \"2016-03-30\",\r\n        \"2015-06-15\",\r\n        \"2015-05-01-preview\",\r\n        \"2014-12-01-preview\"\r\n      ],\r\n      \"capabilities\": \"CrossResourceGroupResourceMove, CrossSubscriptionResourceMove\"\r\n    },\r\n    {\r\n      \"resourceType\": \"networkSecurityGroups\",\r\n      \"locations\": [\r\n        \"West Europe\",\r\n        \"Central US\",\r\n        \"West US\",\r\n        \"East US\",\r\n        \"North Central US\",\r\n        \"South Central US\",\r\n        \"East US 2\",\r\n        \"North Europe\"\r\n      ],\r\n      \"apiVersions\": [\r\n        \"2018-04-01\",\r\n        \"2018-03-01\",\r\n        \"2018-02-01\",\r\n        \"2018-01-01\",\r\n        \"2017-11-01\",\r\n        \"2017-10-01\",\r\n        \"2017-09-01\",\r\n        \"2017-08-01\",\r\n        \"2017-06-01\",\r\n        \"2017-04-01\",\r\n        \"2017-03-01\",\r\n        \"2016-12-01\",\r\n        \"2016-11-01\",\r\n        \"2016-10-01\",\r\n        \"2016-09-01\",\r\n        \"2016-08-01\",\r\n        \"2016-07-01\",\r\n        \"2016-06-01\",\r\n        \"2016-03-30\",\r\n        \"2015-06-15\",\r\n        \"2015-05-01-preview\",\r\n        \"2014-12-01-preview\"\r\n      ],\r\n      \"capabilities\": \"CrossResourceGroupResourceMove, CrossSubscriptionResourceMove\"\r\n    },\r\n    {\r\n      \"resourceType\": \"applicationSecurityGroups\",\r\n      \"locations\": [\r\n        \"West Europe\",\r\n        \"Central US\",\r\n        \"West US\",\r\n        \"East US\",\r\n        \"North Central US\",\r\n        \"South Central US\",\r\n        \"East US 2\",\r\n        \"North Europe\"\r\n      ],\r\n      \"apiVersions\": [\r\n        \"2018-04-01\",\r\n        \"2018-03-01\",\r\n        \"2018-02-01\",\r\n        \"2018-01-01\",\r\n        \"2017-11-01\",\r\n        \"2017-10-01\",\r\n        \"2017-09-01\"\r\n      ],\r\n      \"capabilities\": \"CrossResourceGroupResourceMove, CrossSubscriptionResourceMove\"\r\n    },\r\n    {\r\n      \"resourceType\": \"routeTables\",\r\n      \"locations\": [\r\n        \"West Europe\",\r\n        \"Central US\",\r\n        \"West US\",\r\n        \"East US\",\r\n        \"North Central US\",\r\n        \"South Central US\",\r\n        \"East US 2\",\r\n        \"North Europe\"\r\n      ],\r\n      \"apiVersions\": [\r\n        \"2018-04-01\",\r\n        \"2018-03-01\",\r\n        \"2018-02-01\",\r\n        \"2018-01-01\",\r\n        \"2017-11-01\",\r\n        \"2017-10-01\",\r\n        \"2017-09-01\",\r\n        \"2017-08-01\",\r\n        \"2017-06-01\",\r\n        \"2017-04-01\",\r\n        \"2017-03-01\",\r\n        \"2016-12-01\",\r\n        \"2016-11-01\",\r\n        \"2016-10-01\",\r\n        \"2016-09-01\",\r\n        \"2016-08-01\",\r\n        \"2016-07-01\",\r\n        \"2016-06-01\",\r\n        \"2016-03-30\",\r\n        \"2015-06-15\",\r\n        \"2015-05-01-preview\",\r\n        \"2014-12-01-preview\"\r\n      ],\r\n      \"capabilities\": \"CrossResourceGroupResourceMove, CrossSubscriptionResourceMove\"\r\n    },\r\n    {\r\n      \"resourceType\": \"locations\",\r\n      \"locations\": [],\r\n      \"apiVersions\": [\r\n        \"2018-04-01\",\r\n        \"2018-03-01\",\r\n        \"2018-02-01\",\r\n        \"2018-01-01\",\r\n        \"2017-11-01\",\r\n        \"2017-10-01\",\r\n        \"2017-09-01\",\r\n        \"2017-08-01\",\r\n        \"2017-06-01\",\r\n        \"2017-04-01\",\r\n        \"2017-03-01\",\r\n        \"2016-12-01\",\r\n        \"2016-11-01\",\r\n        \"2016-10-01\",\r\n        \"2016-09-01\",\r\n        \"2016-08-01\",\r\n        \"2016-07-01\",\r\n        \"2016-06-01\",\r\n        \"2016-03-30\",\r\n        \"2015-06-15\",\r\n        \"2015-05-01-preview\",\r\n        \"2014-12-01-preview\"\r\n      ]\r\n    },\r\n    {\r\n      \"resourceType\": \"locations/operations\",\r\n      \"locations\": [],\r\n      \"apiVersions\": [\r\n        \"2018-04-01\",\r\n        \"2018-03-01\",\r\n        \"2018-02-01\",\r\n        \"2018-01-01\",\r\n        \"2017-11-01\",\r\n        \"2017-10-01\",\r\n        \"2017-09-01\",\r\n        \"2017-08-01\",\r\n        \"2017-06-01\",\r\n        \"2017-04-01\",\r\n        \"2017-03-01\",\r\n        \"2016-12-01\",\r\n        \"2016-11-01\",\r\n        \"2016-10-01\",\r\n        \"2016-09-01\",\r\n        \"2016-08-01\",\r\n        \"2016-07-01\",\r\n        \"2016-06-01\",\r\n        \"2016-03-30\",\r\n        \"2015-06-15\",\r\n        \"2015-05-01-preview\",\r\n        \"2014-12-01-preview\"\r\n      ]\r\n    },\r\n    {\r\n      \"resourceType\": \"locations/operationResults\",\r\n      \"locations\": [],\r\n      \"apiVersions\": [\r\n        \"2018-04-01\",\r\n        \"2018-03-01\",\r\n        \"2018-02-01\",\r\n        \"2018-01-01\",\r\n        \"2017-11-01\",\r\n        \"2017-10-01\",\r\n        \"2017-09-01\",\r\n        \"2017-08-01\",\r\n        \"2017-06-01\",\r\n        \"2017-04-01\",\r\n        \"2017-03-01\",\r\n        \"2016-12-01\",\r\n        \"2016-11-01\",\r\n        \"2016-10-01\",\r\n        \"2016-09-01\",\r\n        \"2016-08-01\",\r\n        \"2016-07-01\",\r\n        \"2016-06-01\",\r\n        \"2016-03-30\",\r\n        \"2015-06-15\",\r\n        \"2015-05-01-preview\",\r\n        \"2014-12-01-preview\"\r\n      ]\r\n    },\r\n    {\r\n      \"resourceType\": \"locations/CheckDnsNameAvailability\",\r\n      \"locations\": [\r\n        \"West Europe\",\r\n        \"Central US\",\r\n        \"West US\",\r\n        \"East US\",\r\n        \"North Central US\",\r\n        \"South Central US\",\r\n        \"East US 2\",\r\n        \"North Europe\"\r\n      ],\r\n      \"apiVersions\": [\r\n        \"2018-04-01\",\r\n        \"2018-03-01\",\r\n        \"2018-02-01\",\r\n        \"2018-01-01\",\r\n        \"2017-11-01\",\r\n        \"2017-10-01\",\r\n        \"2017-09-01\",\r\n        \"2017-08-01\",\r\n        \"2017-06-01\",\r\n        \"2017-04-01\",\r\n        \"2017-03-01\",\r\n        \"2016-12-01\",\r\n        \"2016-11-01\",\r\n        \"2016-10-01\",\r\n        \"2016-09-01\",\r\n        \"2016-08-01\",\r\n        \"2016-07-01\",\r\n        \"2016-06-01\",\r\n        \"2016-03-30\",\r\n        \"2015-06-15\",\r\n        \"2015-05-01-preview\",\r\n        \"2014-12-01-preview\"\r\n      ]\r\n    },\r\n    {\r\n      \"resourceType\": \"locations/usages\",\r\n      \"locations\": [\r\n        \"West Europe\",\r\n        \"Central US\",\r\n        \"West US\",\r\n        \"East US\",\r\n        \"North Central US\",\r\n        \"South Central US\",\r\n        \"East US 2\",\r\n        \"North Europe\"\r\n      ],\r\n      \"apiVersions\": [\r\n        \"2018-04-01\",\r\n        \"2018-03-01\",\r\n        \"2018-02-01\",\r\n        \"2018-01-01\",\r\n        \"2017-11-01\",\r\n        \"2017-10-01\",\r\n        \"2017-09-01\",\r\n        \"2017-08-01\",\r\n        \"2017-06-01\",\r\n        \"2017-04-01\",\r\n        \"2017-03-01\",\r\n        \"2016-12-01\",\r\n        \"2016-11-01\",\r\n        \"2016-10-01\",\r\n        \"2016-09-01\",\r\n        \"2016-08-01\",\r\n        \"2016-07-01\",\r\n        \"2016-06-01\",\r\n        \"2016-03-30\",\r\n        \"2015-06-15\",\r\n        \"2015-05-01-preview\",\r\n        \"2014-12-01-preview\"\r\n      ]\r\n    },\r\n    {\r\n      \"resourceType\": \"locations/virtualNetworkAvailableEndpointServices\",\r\n      \"locations\": [\r\n        \"West Europe\",\r\n        \"Central US\",\r\n        \"West US\",\r\n        \"East US\",\r\n        \"North Central US\",\r\n        \"South Central US\",\r\n        \"East US 2\",\r\n        \"North Europe\"\r\n      ],\r\n      \"apiVersions\": [\r\n        \"2018-04-01\",\r\n        \"2018-03-01\",\r\n        \"2018-02-01\",\r\n        \"2018-01-01\",\r\n        \"2017-11-01\",\r\n        \"2017-10-01\",\r\n        \"2017-09-01\",\r\n        \"2017-08-01\",\r\n        \"2017-06-01\",\r\n        \"2017-04-01\"\r\n      ]\r\n    },\r\n    {\r\n      \"resourceType\": \"operations\",\r\n      \"locations\": [],\r\n      \"apiVersions\": [\r\n        \"2018-04-01\",\r\n        \"2018-03-01\",\r\n        \"2018-02-01\",\r\n        \"2018-01-01\",\r\n        \"2017-11-01\",\r\n        \"2017-10-01\",\r\n        \"2017-09-01\",\r\n        \"2017-08-01\",\r\n        \"2017-06-01\",\r\n        \"2017-04-01\",\r\n        \"2017-03-01\",\r\n        \"2016-12-01\",\r\n        \"2016-11-01\",\r\n        \"2016-10-01\",\r\n        \"2016-09-01\",\r\n        \"2016-08-01\",\r\n        \"2016-07-01\",\r\n        \"2016-06-01\",\r\n        \"2016-03-30\",\r\n        \"2015-06-15\",\r\n        \"2015-05-01-preview\",\r\n        \"2014-12-01-preview\"\r\n      ]\r\n    },\r\n    {\r\n      \"resourceType\": \"checkTrafficManagerNameAvailability\",\r\n      \"locations\": [\r\n        \"global\"\r\n      ],\r\n      \"apiVersions\": [\r\n        \"2017-05-01\",\r\n        \"2017-03-01\",\r\n        \"2015-11-01\",\r\n        \"2015-04-28-preview\"\r\n      ]\r\n    },\r\n    {\r\n      \"resourceType\": \"trafficManagerGeographicHierarchies\",\r\n      \"locations\": [\r\n        \"global\"\r\n      ],\r\n      \"apiVersions\": [\r\n        \"2017-05-01\",\r\n        \"2017-03-01\"\r\n      ]\r\n    },\r\n    {\r\n      \"resourceType\": \"networkWatchers\",\r\n      \"locations\": [\r\n        \"West Europe\",\r\n        \"Central US\",\r\n        \"West US\",\r\n        \"East US\",\r\n        \"North Central US\",\r\n        \"South Central US\",\r\n        \"East US 2\",\r\n        \"North Europe\"\r\n      ],\r\n      \"apiVersions\": [\r\n        \"2018-04-01\",\r\n        \"2018-03-01\",\r\n        \"2018-02-01\",\r\n        \"2018-01-01\",\r\n        \"2017-11-01\",\r\n        \"2017-10-01\",\r\n        \"2017-09-01\",\r\n        \"2017-08-01\",\r\n        \"2017-06-01\",\r\n        \"2017-04-01\",\r\n        \"2017-03-01\",\r\n        \"2016-12-01\",\r\n        \"2016-11-01\",\r\n        \"2016-10-01\",\r\n        \"2016-09-01\",\r\n        \"2016-08-01\",\r\n        \"2016-07-01\",\r\n        \"2016-06-01\",\r\n        \"2016-03-30\"\r\n      ],\r\n      \"capabilities\": \"CrossResourceGroupResourceMove, CrossSubscriptionResourceMove\"\r\n    },\r\n    {\r\n      \"resourceType\": \"virtualNetworkGateways\",\r\n      \"locations\": [\r\n        \"West Europe\",\r\n        \"Central US\",\r\n        \"West US\",\r\n        \"East US\",\r\n        \"North Central US\",\r\n        \"South Central US\",\r\n        \"East US 2\",\r\n        \"North Europe\"\r\n      ],\r\n      \"apiVersions\": [\r\n        \"2018-04-01\",\r\n        \"2018-03-01\",\r\n        \"2018-02-01\",\r\n        \"2018-01-01\",\r\n        \"2017-11-01\",\r\n        \"2017-10-01\",\r\n        \"2017-09-01\",\r\n        \"2017-08-01\",\r\n        \"2017-06-01\",\r\n        \"2017-04-01\",\r\n        \"2017-03-01\",\r\n        \"2016-12-01\",\r\n        \"2016-11-01\",\r\n        \"2016-10-01\",\r\n        \"2016-09-01\",\r\n        \"2016-08-01\",\r\n        \"2016-07-01\",\r\n        \"2016-06-01\",\r\n        \"2016-03-30\",\r\n        \"2015-06-15\",\r\n        \"2015-05-01-preview\",\r\n        \"2014-12-01-preview\"\r\n      ],\r\n      \"capabilities\": \"CrossResourceGroupResourceMove, CrossSubscriptionResourceMove\"\r\n    },\r\n    {\r\n      \"resourceType\": \"localNetworkGateways\",\r\n      \"locations\": [\r\n        \"West Europe\",\r\n        \"Central US\",\r\n        \"West US\",\r\n        \"East US\",\r\n        \"North Central US\",\r\n        \"South Central US\",\r\n        \"East US 2\",\r\n        \"North Europe\"\r\n      ],\r\n      \"apiVersions\": [\r\n        \"2018-04-01\",\r\n        \"2018-03-01\",\r\n        \"2018-02-01\",\r\n        \"2018-01-01\",\r\n        \"2017-11-01\",\r\n        \"2017-10-01\",\r\n        \"2017-09-01\",\r\n        \"2017-08-01\",\r\n        \"2017-06-01\",\r\n        \"2017-04-01\",\r\n        \"2017-03-01\",\r\n        \"2016-12-01\",\r\n        \"2016-11-01\",\r\n        \"2016-10-01\",\r\n        \"2016-09-01\",\r\n        \"2016-08-01\",\r\n        \"2016-07-01\",\r\n        \"2016-06-01\",\r\n        \"2016-03-30\",\r\n        \"2015-06-15\",\r\n        \"2015-05-01-preview\",\r\n        \"2014-12-01-preview\"\r\n      ],\r\n      \"capabilities\": \"CrossResourceGroupResourceMove, CrossSubscriptionResourceMove\"\r\n    },\r\n    {\r\n      \"resourceType\": \"connections\",\r\n      \"locations\": [\r\n        \"West Europe\",\r\n        \"Central US\",\r\n        \"West US\",\r\n        \"East US\",\r\n        \"North Central US\",\r\n        \"South Central US\",\r\n        \"East US 2\",\r\n        \"North Europe\"\r\n      ],\r\n      \"apiVersions\": [\r\n        \"2018-04-01\",\r\n        \"2018-03-01\",\r\n        \"2018-02-01\",\r\n        \"2018-01-01\",\r\n        \"2017-11-01\",\r\n        \"2017-10-01\",\r\n        \"2017-09-01\",\r\n        \"2017-08-01\",\r\n        \"2017-06-01\",\r\n        \"2017-04-01\",\r\n        \"2017-03-01\",\r\n        \"2016-12-01\",\r\n        \"2016-11-01\",\r\n        \"2016-10-01\",\r\n        \"2016-09-01\",\r\n        \"2016-08-01\",\r\n        \"2016-07-01\",\r\n        \"2016-06-01\",\r\n        \"2016-03-30\",\r\n        \"2015-06-15\",\r\n        \"2015-05-01-preview\",\r\n        \"2014-12-01-preview\"\r\n      ],\r\n      \"capabilities\": \"CrossResourceGroupResourceMove, CrossSubscriptionResourceMove\"\r\n    },\r\n    {\r\n      \"resourceType\": \"applicationGateways\",\r\n      \"locations\": [\r\n        \"West Europe\",\r\n        \"Central US\",\r\n        \"West US\",\r\n        \"East US\",\r\n        \"North Central US\",\r\n        \"South Central US\",\r\n        \"East US 2\",\r\n        \"North Europe\"\r\n      ],\r\n      \"apiVersions\": [\r\n        \"2018-04-01\",\r\n        \"2018-03-01\",\r\n        \"2018-02-01\",\r\n        \"2018-01-01\",\r\n        \"2017-11-01\",\r\n        \"2017-10-01\",\r\n        \"2017-09-01\",\r\n        \"2017-08-01\",\r\n        \"2017-06-01\",\r\n        \"2017-04-01\",\r\n        \"2017-03-01\",\r\n        \"2016-12-01\",\r\n        \"2016-11-01\",\r\n        \"2016-10-01\",\r\n        \"2016-09-01\",\r\n        \"2016-08-01\",\r\n        \"2016-07-01\",\r\n        \"2016-06-01\",\r\n        \"2016-03-30\",\r\n        \"2015-06-15\",\r\n        \"2015-05-01-preview\",\r\n        \"2014-12-01-preview\"\r\n      ],\r\n      \"capabilities\": \"None\"\r\n    },\r\n    {\r\n      \"resourceType\": \"expressRouteCircuits\",\r\n      \"locations\": [\r\n        \"West Europe\",\r\n        \"Central US\",\r\n        \"West US\",\r\n        \"East US\",\r\n        \"North Central US\",\r\n        \"South Central US\",\r\n        \"East US 2\",\r\n        \"North Europe\"\r\n      ],\r\n      \"apiVersions\": [\r\n        \"2018-04-01\",\r\n        \"2018-03-01\",\r\n        \"2018-02-01\",\r\n        \"2018-01-01\",\r\n        \"2017-11-01\",\r\n        \"2017-10-01\",\r\n        \"2017-09-01\",\r\n        \"2017-08-01\",\r\n        \"2017-06-01\",\r\n        \"2017-04-01\",\r\n        \"2017-03-01\",\r\n        \"2016-12-01\",\r\n        \"2016-11-01\",\r\n        \"2016-10-01\",\r\n        \"2016-09-01\",\r\n        \"2016-08-01\",\r\n        \"2016-07-01\",\r\n        \"2016-06-01\",\r\n        \"2016-03-30\",\r\n        \"2015-06-15\",\r\n        \"2015-05-01-preview\",\r\n        \"2014-12-01-preview\"\r\n      ],\r\n      \"capabilities\": \"None\"\r\n    },\r\n    {\r\n      \"resourceType\": \"expressRouteCrossConnections\",\r\n      \"locations\": [\r\n        \"West Europe\",\r\n        \"Central US\",\r\n        \"West US\",\r\n        \"East US\",\r\n        \"North Central US\",\r\n        \"South Central US\",\r\n        \"East US 2\",\r\n        \"North Europe\"\r\n      ],\r\n      \"apiVersions\": [\r\n        \"2018-02-01\"\r\n      ],\r\n      \"capabilities\": \"None\"\r\n    },\r\n    {\r\n      \"resourceType\": \"expressRouteServiceProviders\",\r\n      \"locations\": [],\r\n      \"apiVersions\": [\r\n        \"2018-04-01\",\r\n        \"2018-03-01\",\r\n        \"2018-02-01\",\r\n        \"2018-01-01\",\r\n        \"2017-11-01\",\r\n        \"2017-10-01\",\r\n        \"2017-09-01\",\r\n        \"2017-08-01\",\r\n        \"2017-06-01\",\r\n        \"2017-04-01\",\r\n        \"2017-03-01\",\r\n        \"2016-12-01\",\r\n        \"2016-11-01\",\r\n        \"2016-10-01\",\r\n        \"2016-09-01\",\r\n        \"2016-08-01\",\r\n        \"2016-07-01\",\r\n        \"2016-06-01\",\r\n        \"2016-03-30\",\r\n        \"2015-06-15\",\r\n        \"2015-05-01-preview\",\r\n        \"2014-12-01-preview\"\r\n      ]\r\n    },\r\n    {\r\n      \"resourceType\": \"applicationGatewayAvailableWafRuleSets\",\r\n      \"locations\": [],\r\n      \"apiVersions\": [\r\n        \"2018-04-01\",\r\n        \"2018-03-01\",\r\n        \"2018-02-01\",\r\n        \"2018-01-01\",\r\n        \"2017-11-01\",\r\n        \"2017-10-01\",\r\n        \"2017-09-01\",\r\n        \"2017-08-01\",\r\n        \"2017-06-01\",\r\n        \"2017-04-01\",\r\n        \"2017-03-01\"\r\n      ]\r\n    },\r\n    {\r\n      \"resourceType\": \"applicationGatewayAvailableSslOptions\",\r\n      \"locations\": [],\r\n      \"apiVersions\": [\r\n        \"2018-04-01\",\r\n        \"2018-03-01\",\r\n        \"2018-02-01\",\r\n        \"2018-01-01\",\r\n        \"2017-11-01\",\r\n        \"2017-10-01\",\r\n        \"2017-09-01\",\r\n        \"2017-08-01\",\r\n        \"2017-06-01\"\r\n      ]\r\n    },\r\n    {\r\n      \"resourceType\": \"bgpServiceCommunities\",\r\n      \"locations\": [],\r\n      \"apiVersions\": [\r\n        \"2018-04-01\",\r\n        \"2018-03-01\",\r\n        \"2018-02-01\",\r\n        \"2018-01-01\",\r\n        \"2017-11-01\",\r\n        \"2017-10-01\",\r\n        \"2017-09-01\",\r\n        \"2017-08-01\",\r\n        \"2017-06-01\",\r\n        \"2017-04-01\",\r\n        \"2016-12-01\"\r\n      ]\r\n    },\r\n    {\r\n      \"resourceType\": \"routeFilters\",\r\n      \"locations\": [\r\n        \"West Europe\",\r\n        \"Central US\",\r\n        \"West US\",\r\n        \"East US\",\r\n        \"North Central US\",\r\n        \"South Central US\",\r\n        \"East US 2\",\r\n        \"North Europe\"\r\n      ],\r\n      \"apiVersions\": [\r\n        \"2018-04-01\",\r\n        \"2018-03-01\",\r\n        \"2018-02-01\",\r\n        \"2018-01-01\",\r\n        \"2017-11-01\",\r\n        \"2017-10-01\",\r\n        \"2017-09-01\",\r\n        \"2017-08-01\",\r\n        \"2017-06-01\",\r\n        \"2017-04-01\",\r\n        \"2017-03-01\",\r\n        \"2016-12-01\"\r\n      ],\r\n      \"capabilities\": \"None\"\r\n    },\r\n    {\r\n      \"resourceType\": \"virtualWans\",\r\n      \"locations\": [\r\n        \"West Europe\",\r\n        \"Central US\",\r\n        \"West US\",\r\n        \"East US\",\r\n        \"North Central US\",\r\n        \"South Central US\",\r\n        \"East US 2\",\r\n        \"North Europe\"\r\n      ],\r\n      \"apiVersions\": [\r\n        \"2018-04-01\",\r\n        \"2018-03-01\",\r\n        \"2018-02-01\",\r\n        \"2018-01-01\",\r\n        \"2017-11-01\",\r\n        \"2017-10-01\",\r\n        \"2017-09-01\"\r\n      ],\r\n      \"capabilities\": \"CrossResourceGroupResourceMove, CrossSubscriptionResourceMove\"\r\n    },\r\n    {\r\n      \"resourceType\": \"vpnSites\",\r\n      \"locations\": [\r\n        \"West Europe\",\r\n        \"Central US\",\r\n        \"West US\",\r\n        \"East US\",\r\n        \"North Central US\",\r\n        \"South Central US\",\r\n        \"East US 2\",\r\n        \"North Europe\"\r\n      ],\r\n      \"apiVersions\": [\r\n        \"2018-04-01\",\r\n        \"2018-03-01\",\r\n        \"2018-02-01\",\r\n        \"2018-01-01\",\r\n        \"2017-11-01\",\r\n        \"2017-10-01\",\r\n        \"2017-09-01\"\r\n      ],\r\n      \"capabilities\": \"CrossResourceGroupResourceMove, CrossSubscriptionResourceMove\"\r\n    },\r\n    {\r\n      \"resourceType\": \"virtualHubs\",\r\n      \"locations\": [\r\n        \"West Europe\",\r\n        \"Central US\",\r\n        \"West US\",\r\n        \"East US\",\r\n        \"North Central US\",\r\n        \"South Central US\",\r\n        \"East US 2\",\r\n        \"North Europe\"\r\n      ],\r\n      \"apiVersions\": [\r\n        \"2018-04-01\",\r\n        \"2018-03-01\",\r\n        \"2018-02-01\",\r\n        \"2018-01-01\",\r\n        \"2017-11-01\",\r\n        \"2017-10-01\",\r\n        \"2017-09-01\"\r\n      ],\r\n      \"capabilities\": \"CrossResourceGroupResourceMove, CrossSubscriptionResourceMove\"\r\n    },\r\n    {\r\n      \"resourceType\": \"vpnGateways\",\r\n      \"locations\": [\r\n        \"West Europe\",\r\n        \"Central US\",\r\n        \"West US\",\r\n        \"East US\",\r\n        \"North Central US\",\r\n        \"South Central US\",\r\n        \"East US 2\",\r\n        \"North Europe\"\r\n      ],\r\n      \"apiVersions\": [\r\n        \"2018-04-01\",\r\n        \"2018-03-01\",\r\n        \"2018-02-01\",\r\n        \"2018-01-01\",\r\n        \"2017-11-01\",\r\n        \"2017-10-01\",\r\n        \"2017-09-01\"\r\n      ],\r\n      \"capabilities\": \"CrossResourceGroupResourceMove, CrossSubscriptionResourceMove\"\r\n    },\r\n    {\r\n      \"resourceType\": \"secureGateways\",\r\n      \"locations\": [\r\n        \"West Europe\",\r\n        \"Central US\",\r\n        \"West US\",\r\n        \"East US\",\r\n        \"North Central US\",\r\n        \"South Central US\",\r\n        \"East US 2\",\r\n        \"North Europe\"\r\n      ],\r\n      \"apiVersions\": [\r\n        \"2018-04-01\",\r\n        \"2018-03-01\",\r\n        \"2018-02-01\",\r\n        \"2018-01-01\",\r\n        \"2017-11-01\"\r\n      ],\r\n      \"capabilities\": \"CrossResourceGroupResourceMove, CrossSubscriptionResourceMove\"\r\n    },\r\n    {\r\n      \"resourceType\": \"ddosProtectionPlans\",\r\n      \"locations\": [\r\n        \"West Europe\",\r\n        \"Central US\",\r\n        \"West US\",\r\n        \"East US\",\r\n        \"North Central US\",\r\n        \"South Central US\",\r\n        \"East US 2\",\r\n        \"North Europe\"\r\n      ],\r\n      \"apiVersions\": [\r\n        \"2018-04-01\",\r\n        \"2018-03-01\",\r\n        \"2018-02-01\"\r\n      ],\r\n      \"capabilities\": \"None\"\r\n    }\r\n  ],\r\n  \"registrationState\": \"Registering\"\r\n}",
      "ResponseHeaders": {
        "Content-Type": [
          "application/json; charset=utf-8"
        ],
        "Expires": [
          "-1"
        ],
        "Cache-Control": [
          "no-cache"
        ],
        "Date": [
          "Fri, 27 Apr 2018 00:45:49 GMT"
        ],
        "Pragma": [
          "no-cache"
        ],
        "Vary": [
          "Accept-Encoding"
        ],
        "x-ms-ratelimit-remaining-subscription-reads": [
          "14953"
        ],
        "x-ms-request-id": [
          "1a3e0e5f-4b1b-433c-bd14-8657977dbb23"
        ],
        "x-ms-correlation-request-id": [
          "1a3e0e5f-4b1b-433c-bd14-8657977dbb23"
        ],
        "x-ms-routing-request-id": [
          "NORTHEUROPE:20180427T004549Z:1a3e0e5f-4b1b-433c-bd14-8657977dbb23"
        ],
        "Strict-Transport-Security": [
          "max-age=31536000; includeSubDomains"
        ],
        "X-Content-Type-Options": [
          "nosniff"
        ]
      },
      "StatusCode": 200
    },
    {
      "RequestUri": "/subscriptions/726f8cd6-6459-4db4-8e6d-2cd2716904e2/resourcegroups/hydratestdnsrg21?api-version=2015-11-01",
      "EncodedRequestUri": "L3N1YnNjcmlwdGlvbnMvNzI2ZjhjZDYtNjQ1OS00ZGI0LThlNmQtMmNkMjcxNjkwNGUyL3Jlc291cmNlZ3JvdXBzL2h5ZHJhdGVzdGRuc3JnMjE/YXBpLXZlcnNpb249MjAxNS0xMS0wMQ==",
      "RequestMethod": "PUT",
      "RequestBody": "{\r\n  \"location\": \"Central US\"\r\n}",
      "RequestHeaders": {
        "Content-Type": [
          "application/json; charset=utf-8"
        ],
        "Content-Length": [
          "32"
        ],
        "x-ms-client-request-id": [
          "4759c08c-c5ec-43d9-a9b6-03152b676283"
        ],
        "accept-language": [
          "en-US"
        ],
        "User-Agent": [
          "FxVersion/4.6.25211.01",
          "Microsoft.Azure.Management.Resources.ResourceManagementClient/1.0.0.0"
        ]
      },
      "ResponseBody": "{\r\n  \"id\": \"/subscriptions/726f8cd6-6459-4db4-8e6d-2cd2716904e2/resourceGroups/hydratestdnsrg21\",\r\n  \"name\": \"hydratestdnsrg21\",\r\n  \"location\": \"centralus\",\r\n  \"properties\": {\r\n    \"provisioningState\": \"Succeeded\"\r\n  }\r\n}",
      "ResponseHeaders": {
        "Content-Length": [
          "188"
        ],
        "Content-Type": [
          "application/json; charset=utf-8"
        ],
        "Expires": [
          "-1"
        ],
        "Cache-Control": [
          "no-cache"
        ],
        "Date": [
          "Fri, 27 Apr 2018 00:45:50 GMT"
        ],
        "Pragma": [
          "no-cache"
        ],
        "x-ms-ratelimit-remaining-subscription-writes": [
          "1177"
        ],
        "x-ms-request-id": [
          "a9fb4ddb-7334-4a52-997f-1135d8c76c2b"
        ],
        "x-ms-correlation-request-id": [
          "a9fb4ddb-7334-4a52-997f-1135d8c76c2b"
        ],
        "x-ms-routing-request-id": [
          "NORTHEUROPE:20180427T004551Z:a9fb4ddb-7334-4a52-997f-1135d8c76c2b"
        ],
        "Strict-Transport-Security": [
          "max-age=31536000; includeSubDomains"
        ],
        "X-Content-Type-Options": [
          "nosniff"
        ]
      },
      "StatusCode": 201
    },
    {
      "RequestUri": "/subscriptions/726f8cd6-6459-4db4-8e6d-2cd2716904e2/resourceGroups/hydratestdnsrg21/providers/Microsoft.Network/virtualNetworks/hydratestdnsvn1246?api-version=2017-08-01",
      "EncodedRequestUri": "L3N1YnNjcmlwdGlvbnMvNzI2ZjhjZDYtNjQ1OS00ZGI0LThlNmQtMmNkMjcxNjkwNGUyL3Jlc291cmNlR3JvdXBzL2h5ZHJhdGVzdGRuc3JnMjEvcHJvdmlkZXJzL01pY3Jvc29mdC5OZXR3b3JrL3ZpcnR1YWxOZXR3b3Jrcy9oeWRyYXRlc3RkbnN2bjEyNDY/YXBpLXZlcnNpb249MjAxNy0wOC0wMQ==",
      "RequestMethod": "PUT",
      "RequestBody": "{\r\n  \"properties\": {\r\n    \"addressSpace\": {\r\n      \"addressPrefixes\": [\r\n        \"10.0.0.0/16\"\r\n      ]\r\n    },\r\n    \"subnets\": [\r\n      {\r\n        \"properties\": {\r\n          \"addressPrefix\": \"10.0.9.0/24\"\r\n        },\r\n        \"name\": \"hydratestdnssubnet2605\"\r\n      }\r\n    ]\r\n  },\r\n  \"location\": \"Central US\"\r\n}",
      "RequestHeaders": {
        "Content-Type": [
          "application/json; charset=utf-8"
        ],
        "Content-Length": [
          "312"
        ],
        "x-ms-client-request-id": [
          "73500913-da3f-42fe-9f61-1c54a9aed663"
        ],
        "accept-language": [
          "en-US"
        ],
        "User-Agent": [
          "FxVersion/4.6.25211.01",
          "Microsoft.Azure.Management.Network.NetworkManagementClient/14.0.0.0"
        ]
      },
      "ResponseBody": "{\r\n  \"name\": \"hydratestdnsvn1246\",\r\n  \"id\": \"/subscriptions/726f8cd6-6459-4db4-8e6d-2cd2716904e2/resourceGroups/hydratestdnsrg21/providers/Microsoft.Network/virtualNetworks/hydratestdnsvn1246\",\r\n  \"etag\": \"W/\\\"ba617b54-3a24-4643-9b8e-d407306c6b2c\\\"\",\r\n  \"type\": \"Microsoft.Network/virtualNetworks\",\r\n  \"location\": \"centralus\",\r\n  \"properties\": {\r\n    \"provisioningState\": \"Updating\",\r\n    \"resourceGuid\": \"8e4e8597-983b-4e83-9e35-9341efaa51d0\",\r\n    \"addressSpace\": {\r\n      \"addressPrefixes\": [\r\n        \"10.0.0.0/16\"\r\n      ]\r\n    },\r\n    \"subnets\": [\r\n      {\r\n        \"name\": \"hydratestdnssubnet2605\",\r\n        \"id\": \"/subscriptions/726f8cd6-6459-4db4-8e6d-2cd2716904e2/resourceGroups/hydratestdnsrg21/providers/Microsoft.Network/virtualNetworks/hydratestdnsvn1246/subnets/hydratestdnssubnet2605\",\r\n        \"etag\": \"W/\\\"ba617b54-3a24-4643-9b8e-d407306c6b2c\\\"\",\r\n        \"properties\": {\r\n          \"provisioningState\": \"Updating\",\r\n          \"addressPrefix\": \"10.0.9.0/24\"\r\n        }\r\n      }\r\n    ],\r\n    \"virtualNetworkPeerings\": [],\r\n    \"enableDdosProtection\": false,\r\n    \"enableVmProtection\": false\r\n  }\r\n}",
      "ResponseHeaders": {
        "Content-Length": [
          "1115"
        ],
        "Content-Type": [
          "application/json; charset=utf-8"
        ],
        "Expires": [
          "-1"
        ],
        "Cache-Control": [
          "no-cache"
        ],
        "Date": [
          "Fri, 27 Apr 2018 00:45:53 GMT"
        ],
        "Pragma": [
          "no-cache"
        ],
        "Retry-After": [
          "3"
        ],
        "Server": [
          "Microsoft-HTTPAPI/2.0",
          "Microsoft-HTTPAPI/2.0"
        ],
        "x-ms-request-id": [
          "5bb6706a-6e5d-4a85-b5ec-be3cfa74dae6"
        ],
        "Azure-AsyncOperation": [
          "https://api-dogfood.resources.windows-int.net/subscriptions/726f8cd6-6459-4db4-8e6d-2cd2716904e2/providers/Microsoft.Network/locations/nrp8/operations/5bb6706a-6e5d-4a85-b5ec-be3cfa74dae6?api-version=2017-08-01"
        ],
        "Strict-Transport-Security": [
          "max-age=31536000; includeSubDomains"
        ],
        "x-ms-ratelimit-remaining-subscription-writes": [
          "1172"
        ],
        "x-ms-correlation-request-id": [
          "6f6fe25d-231e-4f3d-ab72-7601be9a9137"
        ],
        "x-ms-routing-request-id": [
          "NORTHEUROPE:20180427T004553Z:6f6fe25d-231e-4f3d-ab72-7601be9a9137"
        ],
        "X-Content-Type-Options": [
          "nosniff"
        ]
      },
      "StatusCode": 201
    },
    {
      "RequestUri": "/subscriptions/726f8cd6-6459-4db4-8e6d-2cd2716904e2/providers/Microsoft.Network/locations/nrp8/operations/5bb6706a-6e5d-4a85-b5ec-be3cfa74dae6?api-version=2017-08-01",
      "EncodedRequestUri": "L3N1YnNjcmlwdGlvbnMvNzI2ZjhjZDYtNjQ1OS00ZGI0LThlNmQtMmNkMjcxNjkwNGUyL3Byb3ZpZGVycy9NaWNyb3NvZnQuTmV0d29yay9sb2NhdGlvbnMvbnJwOC9vcGVyYXRpb25zLzViYjY3MDZhLTZlNWQtNGE4NS1iNWVjLWJlM2NmYTc0ZGFlNj9hcGktdmVyc2lvbj0yMDE3LTA4LTAx",
      "RequestMethod": "GET",
      "RequestBody": "",
      "RequestHeaders": {
        "User-Agent": [
          "FxVersion/4.6.25211.01",
          "Microsoft.Azure.Management.Network.NetworkManagementClient/14.0.0.0"
        ]
      },
      "ResponseBody": "{\r\n  \"status\": \"Succeeded\"\r\n}",
      "ResponseHeaders": {
        "Content-Type": [
          "application/json; charset=utf-8"
        ],
        "Expires": [
          "-1"
        ],
        "Cache-Control": [
          "no-cache"
        ],
        "Date": [
          "Fri, 27 Apr 2018 00:46:04 GMT"
        ],
        "Pragma": [
          "no-cache"
        ],
        "Transfer-Encoding": [
          "chunked"
        ],
        "Server": [
          "Microsoft-HTTPAPI/2.0",
          "Microsoft-HTTPAPI/2.0"
        ],
        "Vary": [
          "Accept-Encoding"
        ],
        "x-ms-request-id": [
          "e44a1375-a2b8-4bc6-9f5d-484478d0e982"
        ],
        "Strict-Transport-Security": [
          "max-age=31536000; includeSubDomains"
        ],
        "x-ms-ratelimit-remaining-subscription-reads": [
          "14945"
        ],
        "x-ms-correlation-request-id": [
          "6f83bf75-7bfb-45ea-8065-6df9da129b65"
        ],
        "x-ms-routing-request-id": [
          "NORTHEUROPE:20180427T004604Z:6f83bf75-7bfb-45ea-8065-6df9da129b65"
        ],
        "X-Content-Type-Options": [
          "nosniff"
        ]
      },
      "StatusCode": 200
    },
    {
      "RequestUri": "/subscriptions/726f8cd6-6459-4db4-8e6d-2cd2716904e2/resourceGroups/hydratestdnsrg21/providers/Microsoft.Network/virtualNetworks/hydratestdnsvn1246?api-version=2017-08-01",
      "EncodedRequestUri": "L3N1YnNjcmlwdGlvbnMvNzI2ZjhjZDYtNjQ1OS00ZGI0LThlNmQtMmNkMjcxNjkwNGUyL3Jlc291cmNlR3JvdXBzL2h5ZHJhdGVzdGRuc3JnMjEvcHJvdmlkZXJzL01pY3Jvc29mdC5OZXR3b3JrL3ZpcnR1YWxOZXR3b3Jrcy9oeWRyYXRlc3RkbnN2bjEyNDY/YXBpLXZlcnNpb249MjAxNy0wOC0wMQ==",
      "RequestMethod": "GET",
      "RequestBody": "",
      "RequestHeaders": {
        "User-Agent": [
          "FxVersion/4.6.25211.01",
          "Microsoft.Azure.Management.Network.NetworkManagementClient/14.0.0.0"
        ]
      },
      "ResponseBody": "{\r\n  \"name\": \"hydratestdnsvn1246\",\r\n  \"id\": \"/subscriptions/726f8cd6-6459-4db4-8e6d-2cd2716904e2/resourceGroups/hydratestdnsrg21/providers/Microsoft.Network/virtualNetworks/hydratestdnsvn1246\",\r\n  \"etag\": \"W/\\\"372f3c14-8bf5-43cb-ac38-70c117a3a179\\\"\",\r\n  \"type\": \"Microsoft.Network/virtualNetworks\",\r\n  \"location\": \"centralus\",\r\n  \"properties\": {\r\n    \"provisioningState\": \"Succeeded\",\r\n    \"resourceGuid\": \"8e4e8597-983b-4e83-9e35-9341efaa51d0\",\r\n    \"addressSpace\": {\r\n      \"addressPrefixes\": [\r\n        \"10.0.0.0/16\"\r\n      ]\r\n    },\r\n    \"subnets\": [\r\n      {\r\n        \"name\": \"hydratestdnssubnet2605\",\r\n        \"id\": \"/subscriptions/726f8cd6-6459-4db4-8e6d-2cd2716904e2/resourceGroups/hydratestdnsrg21/providers/Microsoft.Network/virtualNetworks/hydratestdnsvn1246/subnets/hydratestdnssubnet2605\",\r\n        \"etag\": \"W/\\\"372f3c14-8bf5-43cb-ac38-70c117a3a179\\\"\",\r\n        \"properties\": {\r\n          \"provisioningState\": \"Succeeded\",\r\n          \"addressPrefix\": \"10.0.9.0/24\"\r\n        }\r\n      }\r\n    ],\r\n    \"virtualNetworkPeerings\": [],\r\n    \"enableDdosProtection\": false,\r\n    \"enableVmProtection\": false\r\n  }\r\n}",
      "ResponseHeaders": {
        "Content-Type": [
          "application/json; charset=utf-8"
        ],
        "Expires": [
          "-1"
        ],
        "Cache-Control": [
          "no-cache"
        ],
        "Date": [
          "Fri, 27 Apr 2018 00:46:04 GMT"
        ],
        "Pragma": [
          "no-cache"
        ],
        "Transfer-Encoding": [
          "chunked"
        ],
        "ETag": [
          "W/\"372f3c14-8bf5-43cb-ac38-70c117a3a179\""
        ],
        "Server": [
          "Microsoft-HTTPAPI/2.0",
          "Microsoft-HTTPAPI/2.0"
        ],
        "Vary": [
          "Accept-Encoding"
        ],
        "x-ms-request-id": [
          "33326ac2-99ee-4d9c-8f35-554e838bff98"
        ],
        "Strict-Transport-Security": [
          "max-age=31536000; includeSubDomains"
        ],
        "x-ms-ratelimit-remaining-subscription-reads": [
          "14944"
        ],
        "x-ms-correlation-request-id": [
          "c922c14a-a3d8-4d4c-bcc5-fa2ab3387f94"
        ],
        "x-ms-routing-request-id": [
          "NORTHEUROPE:20180427T004604Z:c922c14a-a3d8-4d4c-bcc5-fa2ab3387f94"
        ],
        "X-Content-Type-Options": [
          "nosniff"
        ]
      },
      "StatusCode": 200
    },
    {
      "RequestUri": "/subscriptions/726f8cd6-6459-4db4-8e6d-2cd2716904e2/resourceGroups/hydratestdnsrg21/providers/Microsoft.Network/virtualNetworks/hydratestdnsvn1246?api-version=2017-08-01",
      "EncodedRequestUri": "L3N1YnNjcmlwdGlvbnMvNzI2ZjhjZDYtNjQ1OS00ZGI0LThlNmQtMmNkMjcxNjkwNGUyL3Jlc291cmNlR3JvdXBzL2h5ZHJhdGVzdGRuc3JnMjEvcHJvdmlkZXJzL01pY3Jvc29mdC5OZXR3b3JrL3ZpcnR1YWxOZXR3b3Jrcy9oeWRyYXRlc3RkbnN2bjEyNDY/YXBpLXZlcnNpb249MjAxNy0wOC0wMQ==",
      "RequestMethod": "GET",
      "RequestBody": "",
      "RequestHeaders": {
        "x-ms-client-request-id": [
          "53e0a2e4-7a63-4242-b743-dc5815b78000"
        ],
        "accept-language": [
          "en-US"
        ],
        "User-Agent": [
          "FxVersion/4.6.25211.01",
          "Microsoft.Azure.Management.Network.NetworkManagementClient/14.0.0.0"
        ]
      },
      "ResponseBody": "{\r\n  \"name\": \"hydratestdnsvn1246\",\r\n  \"id\": \"/subscriptions/726f8cd6-6459-4db4-8e6d-2cd2716904e2/resourceGroups/hydratestdnsrg21/providers/Microsoft.Network/virtualNetworks/hydratestdnsvn1246\",\r\n  \"etag\": \"W/\\\"372f3c14-8bf5-43cb-ac38-70c117a3a179\\\"\",\r\n  \"type\": \"Microsoft.Network/virtualNetworks\",\r\n  \"location\": \"centralus\",\r\n  \"properties\": {\r\n    \"provisioningState\": \"Succeeded\",\r\n    \"resourceGuid\": \"8e4e8597-983b-4e83-9e35-9341efaa51d0\",\r\n    \"addressSpace\": {\r\n      \"addressPrefixes\": [\r\n        \"10.0.0.0/16\"\r\n      ]\r\n    },\r\n    \"subnets\": [\r\n      {\r\n        \"name\": \"hydratestdnssubnet2605\",\r\n        \"id\": \"/subscriptions/726f8cd6-6459-4db4-8e6d-2cd2716904e2/resourceGroups/hydratestdnsrg21/providers/Microsoft.Network/virtualNetworks/hydratestdnsvn1246/subnets/hydratestdnssubnet2605\",\r\n        \"etag\": \"W/\\\"372f3c14-8bf5-43cb-ac38-70c117a3a179\\\"\",\r\n        \"properties\": {\r\n          \"provisioningState\": \"Succeeded\",\r\n          \"addressPrefix\": \"10.0.9.0/24\"\r\n        }\r\n      }\r\n    ],\r\n    \"virtualNetworkPeerings\": [],\r\n    \"enableDdosProtection\": false,\r\n    \"enableVmProtection\": false\r\n  }\r\n}",
      "ResponseHeaders": {
        "Content-Type": [
          "application/json; charset=utf-8"
        ],
        "Expires": [
          "-1"
        ],
        "Cache-Control": [
          "no-cache"
        ],
        "Date": [
          "Fri, 27 Apr 2018 00:46:04 GMT"
        ],
        "Pragma": [
          "no-cache"
        ],
        "Transfer-Encoding": [
          "chunked"
        ],
        "ETag": [
          "W/\"372f3c14-8bf5-43cb-ac38-70c117a3a179\""
        ],
        "Server": [
          "Microsoft-HTTPAPI/2.0",
          "Microsoft-HTTPAPI/2.0"
        ],
        "Vary": [
          "Accept-Encoding"
        ],
        "x-ms-request-id": [
          "60294ffd-0cb6-4e02-ad3e-d67fc4a94145"
        ],
        "Strict-Transport-Security": [
          "max-age=31536000; includeSubDomains"
        ],
        "x-ms-ratelimit-remaining-subscription-reads": [
          "14943"
        ],
        "x-ms-correlation-request-id": [
          "c66daec0-f973-4898-b2fd-2408dd8785e9"
        ],
        "x-ms-routing-request-id": [
          "NORTHEUROPE:20180427T004605Z:c66daec0-f973-4898-b2fd-2408dd8785e9"
        ],
        "X-Content-Type-Options": [
          "nosniff"
        ]
      },
      "StatusCode": 200
    },
    {
      "RequestUri": "/subscriptions/726f8cd6-6459-4db4-8e6d-2cd2716904e2/resourceGroups/hydratestdnsrg21/providers/Microsoft.Network/virtualNetworks/hydratestdnsvn1710?api-version=2017-08-01",
      "EncodedRequestUri": "L3N1YnNjcmlwdGlvbnMvNzI2ZjhjZDYtNjQ1OS00ZGI0LThlNmQtMmNkMjcxNjkwNGUyL3Jlc291cmNlR3JvdXBzL2h5ZHJhdGVzdGRuc3JnMjEvcHJvdmlkZXJzL01pY3Jvc29mdC5OZXR3b3JrL3ZpcnR1YWxOZXR3b3Jrcy9oeWRyYXRlc3RkbnN2bjE3MTA/YXBpLXZlcnNpb249MjAxNy0wOC0wMQ==",
      "RequestMethod": "PUT",
      "RequestBody": "{\r\n  \"properties\": {\r\n    \"addressSpace\": {\r\n      \"addressPrefixes\": [\r\n        \"10.0.0.0/16\"\r\n      ]\r\n    },\r\n    \"subnets\": [\r\n      {\r\n        \"properties\": {\r\n          \"addressPrefix\": \"10.0.8.0/24\"\r\n        },\r\n        \"name\": \"hydratestdnssubnet5966\"\r\n      }\r\n    ]\r\n  },\r\n  \"location\": \"Central US\"\r\n}",
      "RequestHeaders": {
        "Content-Type": [
          "application/json; charset=utf-8"
        ],
        "Content-Length": [
          "312"
        ],
        "x-ms-client-request-id": [
          "f24c4dcf-dc8b-4a34-843f-d02f23978114"
        ],
        "accept-language": [
          "en-US"
        ],
        "User-Agent": [
          "FxVersion/4.6.25211.01",
          "Microsoft.Azure.Management.Network.NetworkManagementClient/14.0.0.0"
        ]
      },
      "ResponseBody": "{\r\n  \"name\": \"hydratestdnsvn1710\",\r\n  \"id\": \"/subscriptions/726f8cd6-6459-4db4-8e6d-2cd2716904e2/resourceGroups/hydratestdnsrg21/providers/Microsoft.Network/virtualNetworks/hydratestdnsvn1710\",\r\n  \"etag\": \"W/\\\"0206daec-dd91-41e2-92b5-4846e90bd4ae\\\"\",\r\n  \"type\": \"Microsoft.Network/virtualNetworks\",\r\n  \"location\": \"centralus\",\r\n  \"properties\": {\r\n    \"provisioningState\": \"Updating\",\r\n    \"resourceGuid\": \"df340cc8-3d16-4cce-936b-927c147ae929\",\r\n    \"addressSpace\": {\r\n      \"addressPrefixes\": [\r\n        \"10.0.0.0/16\"\r\n      ]\r\n    },\r\n    \"subnets\": [\r\n      {\r\n        \"name\": \"hydratestdnssubnet5966\",\r\n        \"id\": \"/subscriptions/726f8cd6-6459-4db4-8e6d-2cd2716904e2/resourceGroups/hydratestdnsrg21/providers/Microsoft.Network/virtualNetworks/hydratestdnsvn1710/subnets/hydratestdnssubnet5966\",\r\n        \"etag\": \"W/\\\"0206daec-dd91-41e2-92b5-4846e90bd4ae\\\"\",\r\n        \"properties\": {\r\n          \"provisioningState\": \"Updating\",\r\n          \"addressPrefix\": \"10.0.8.0/24\"\r\n        }\r\n      }\r\n    ],\r\n    \"virtualNetworkPeerings\": [],\r\n    \"enableDdosProtection\": false,\r\n    \"enableVmProtection\": false\r\n  }\r\n}",
      "ResponseHeaders": {
        "Content-Length": [
          "1115"
        ],
        "Content-Type": [
          "application/json; charset=utf-8"
        ],
        "Expires": [
          "-1"
        ],
        "Cache-Control": [
          "no-cache"
        ],
        "Date": [
          "Fri, 27 Apr 2018 00:46:06 GMT"
        ],
        "Pragma": [
          "no-cache"
        ],
        "Retry-After": [
          "3"
        ],
        "Server": [
          "Microsoft-HTTPAPI/2.0",
          "Microsoft-HTTPAPI/2.0"
        ],
        "x-ms-request-id": [
          "c277d7e7-b992-41ef-a9bb-a24eaaf8db58"
        ],
        "Azure-AsyncOperation": [
          "https://api-dogfood.resources.windows-int.net/subscriptions/726f8cd6-6459-4db4-8e6d-2cd2716904e2/providers/Microsoft.Network/locations/nrp8/operations/c277d7e7-b992-41ef-a9bb-a24eaaf8db58?api-version=2017-08-01"
        ],
        "Strict-Transport-Security": [
          "max-age=31536000; includeSubDomains"
        ],
        "x-ms-ratelimit-remaining-subscription-writes": [
          "1171"
        ],
        "x-ms-correlation-request-id": [
          "c381d7d8-7f2c-4d04-b1b8-434d885c4935"
        ],
        "x-ms-routing-request-id": [
          "NORTHEUROPE:20180427T004606Z:c381d7d8-7f2c-4d04-b1b8-434d885c4935"
        ],
        "X-Content-Type-Options": [
          "nosniff"
        ]
      },
      "StatusCode": 201
    },
    {
      "RequestUri": "/subscriptions/726f8cd6-6459-4db4-8e6d-2cd2716904e2/providers/Microsoft.Network/locations/nrp8/operations/c277d7e7-b992-41ef-a9bb-a24eaaf8db58?api-version=2017-08-01",
      "EncodedRequestUri": "L3N1YnNjcmlwdGlvbnMvNzI2ZjhjZDYtNjQ1OS00ZGI0LThlNmQtMmNkMjcxNjkwNGUyL3Byb3ZpZGVycy9NaWNyb3NvZnQuTmV0d29yay9sb2NhdGlvbnMvbnJwOC9vcGVyYXRpb25zL2MyNzdkN2U3LWI5OTItNDFlZi1hOWJiLWEyNGVhYWY4ZGI1OD9hcGktdmVyc2lvbj0yMDE3LTA4LTAx",
      "RequestMethod": "GET",
      "RequestBody": "",
      "RequestHeaders": {
        "User-Agent": [
          "FxVersion/4.6.25211.01",
          "Microsoft.Azure.Management.Network.NetworkManagementClient/14.0.0.0"
        ]
      },
      "ResponseBody": "{\r\n  \"status\": \"Succeeded\"\r\n}",
      "ResponseHeaders": {
        "Content-Type": [
          "application/json; charset=utf-8"
        ],
        "Expires": [
          "-1"
        ],
        "Cache-Control": [
          "no-cache"
        ],
        "Date": [
          "Fri, 27 Apr 2018 00:46:15 GMT"
        ],
        "Pragma": [
          "no-cache"
        ],
        "Transfer-Encoding": [
          "chunked"
        ],
        "Server": [
          "Microsoft-HTTPAPI/2.0",
          "Microsoft-HTTPAPI/2.0"
        ],
        "Vary": [
          "Accept-Encoding"
        ],
        "x-ms-request-id": [
          "61c73566-cb1b-4f79-a509-45194495c729"
        ],
        "Strict-Transport-Security": [
          "max-age=31536000; includeSubDomains"
        ],
        "x-ms-ratelimit-remaining-subscription-reads": [
          "14942"
        ],
        "x-ms-correlation-request-id": [
          "a23bc665-f975-4142-b96c-12cfcd802fef"
        ],
        "x-ms-routing-request-id": [
          "NORTHEUROPE:20180427T004616Z:a23bc665-f975-4142-b96c-12cfcd802fef"
        ],
        "X-Content-Type-Options": [
          "nosniff"
        ]
      },
      "StatusCode": 200
    },
    {
      "RequestUri": "/subscriptions/726f8cd6-6459-4db4-8e6d-2cd2716904e2/resourceGroups/hydratestdnsrg21/providers/Microsoft.Network/virtualNetworks/hydratestdnsvn1710?api-version=2017-08-01",
      "EncodedRequestUri": "L3N1YnNjcmlwdGlvbnMvNzI2ZjhjZDYtNjQ1OS00ZGI0LThlNmQtMmNkMjcxNjkwNGUyL3Jlc291cmNlR3JvdXBzL2h5ZHJhdGVzdGRuc3JnMjEvcHJvdmlkZXJzL01pY3Jvc29mdC5OZXR3b3JrL3ZpcnR1YWxOZXR3b3Jrcy9oeWRyYXRlc3RkbnN2bjE3MTA/YXBpLXZlcnNpb249MjAxNy0wOC0wMQ==",
      "RequestMethod": "GET",
      "RequestBody": "",
      "RequestHeaders": {
        "User-Agent": [
          "FxVersion/4.6.25211.01",
          "Microsoft.Azure.Management.Network.NetworkManagementClient/14.0.0.0"
        ]
      },
      "ResponseBody": "{\r\n  \"name\": \"hydratestdnsvn1710\",\r\n  \"id\": \"/subscriptions/726f8cd6-6459-4db4-8e6d-2cd2716904e2/resourceGroups/hydratestdnsrg21/providers/Microsoft.Network/virtualNetworks/hydratestdnsvn1710\",\r\n  \"etag\": \"W/\\\"91171f56-2a87-44c6-89d3-c3b9a986d606\\\"\",\r\n  \"type\": \"Microsoft.Network/virtualNetworks\",\r\n  \"location\": \"centralus\",\r\n  \"properties\": {\r\n    \"provisioningState\": \"Succeeded\",\r\n    \"resourceGuid\": \"df340cc8-3d16-4cce-936b-927c147ae929\",\r\n    \"addressSpace\": {\r\n      \"addressPrefixes\": [\r\n        \"10.0.0.0/16\"\r\n      ]\r\n    },\r\n    \"subnets\": [\r\n      {\r\n        \"name\": \"hydratestdnssubnet5966\",\r\n        \"id\": \"/subscriptions/726f8cd6-6459-4db4-8e6d-2cd2716904e2/resourceGroups/hydratestdnsrg21/providers/Microsoft.Network/virtualNetworks/hydratestdnsvn1710/subnets/hydratestdnssubnet5966\",\r\n        \"etag\": \"W/\\\"91171f56-2a87-44c6-89d3-c3b9a986d606\\\"\",\r\n        \"properties\": {\r\n          \"provisioningState\": \"Succeeded\",\r\n          \"addressPrefix\": \"10.0.8.0/24\"\r\n        }\r\n      }\r\n    ],\r\n    \"virtualNetworkPeerings\": [],\r\n    \"enableDdosProtection\": false,\r\n    \"enableVmProtection\": false\r\n  }\r\n}",
      "ResponseHeaders": {
        "Content-Type": [
          "application/json; charset=utf-8"
        ],
        "Expires": [
          "-1"
        ],
        "Cache-Control": [
          "no-cache"
        ],
        "Date": [
          "Fri, 27 Apr 2018 00:46:16 GMT"
        ],
        "Pragma": [
          "no-cache"
        ],
        "Transfer-Encoding": [
          "chunked"
        ],
        "ETag": [
          "W/\"91171f56-2a87-44c6-89d3-c3b9a986d606\""
        ],
        "Server": [
          "Microsoft-HTTPAPI/2.0",
          "Microsoft-HTTPAPI/2.0"
        ],
        "Vary": [
          "Accept-Encoding"
        ],
        "x-ms-request-id": [
          "bf7d7f2f-47d5-41d1-aa62-dedbc50a54d3"
        ],
        "Strict-Transport-Security": [
          "max-age=31536000; includeSubDomains"
        ],
        "x-ms-ratelimit-remaining-subscription-reads": [
          "14941"
        ],
        "x-ms-correlation-request-id": [
          "0963150c-ab34-454c-a6b0-e452bef0fa65"
        ],
        "x-ms-routing-request-id": [
          "NORTHEUROPE:20180427T004617Z:0963150c-ab34-454c-a6b0-e452bef0fa65"
        ],
        "X-Content-Type-Options": [
          "nosniff"
        ]
      },
      "StatusCode": 200
    },
    {
      "RequestUri": "/subscriptions/726f8cd6-6459-4db4-8e6d-2cd2716904e2/resourceGroups/hydratestdnsrg21/providers/Microsoft.Network/virtualNetworks/hydratestdnsvn1710?api-version=2017-08-01",
      "EncodedRequestUri": "L3N1YnNjcmlwdGlvbnMvNzI2ZjhjZDYtNjQ1OS00ZGI0LThlNmQtMmNkMjcxNjkwNGUyL3Jlc291cmNlR3JvdXBzL2h5ZHJhdGVzdGRuc3JnMjEvcHJvdmlkZXJzL01pY3Jvc29mdC5OZXR3b3JrL3ZpcnR1YWxOZXR3b3Jrcy9oeWRyYXRlc3RkbnN2bjE3MTA/YXBpLXZlcnNpb249MjAxNy0wOC0wMQ==",
      "RequestMethod": "GET",
      "RequestBody": "",
      "RequestHeaders": {
        "x-ms-client-request-id": [
          "dd761eb4-454a-4a91-a9b7-6f90e184183b"
        ],
        "accept-language": [
          "en-US"
        ],
        "User-Agent": [
          "FxVersion/4.6.25211.01",
          "Microsoft.Azure.Management.Network.NetworkManagementClient/14.0.0.0"
        ]
      },
      "ResponseBody": "{\r\n  \"name\": \"hydratestdnsvn1710\",\r\n  \"id\": \"/subscriptions/726f8cd6-6459-4db4-8e6d-2cd2716904e2/resourceGroups/hydratestdnsrg21/providers/Microsoft.Network/virtualNetworks/hydratestdnsvn1710\",\r\n  \"etag\": \"W/\\\"91171f56-2a87-44c6-89d3-c3b9a986d606\\\"\",\r\n  \"type\": \"Microsoft.Network/virtualNetworks\",\r\n  \"location\": \"centralus\",\r\n  \"properties\": {\r\n    \"provisioningState\": \"Succeeded\",\r\n    \"resourceGuid\": \"df340cc8-3d16-4cce-936b-927c147ae929\",\r\n    \"addressSpace\": {\r\n      \"addressPrefixes\": [\r\n        \"10.0.0.0/16\"\r\n      ]\r\n    },\r\n    \"subnets\": [\r\n      {\r\n        \"name\": \"hydratestdnssubnet5966\",\r\n        \"id\": \"/subscriptions/726f8cd6-6459-4db4-8e6d-2cd2716904e2/resourceGroups/hydratestdnsrg21/providers/Microsoft.Network/virtualNetworks/hydratestdnsvn1710/subnets/hydratestdnssubnet5966\",\r\n        \"etag\": \"W/\\\"91171f56-2a87-44c6-89d3-c3b9a986d606\\\"\",\r\n        \"properties\": {\r\n          \"provisioningState\": \"Succeeded\",\r\n          \"addressPrefix\": \"10.0.8.0/24\"\r\n        }\r\n      }\r\n    ],\r\n    \"virtualNetworkPeerings\": [],\r\n    \"enableDdosProtection\": false,\r\n    \"enableVmProtection\": false\r\n  }\r\n}",
      "ResponseHeaders": {
        "Content-Type": [
          "application/json; charset=utf-8"
        ],
        "Expires": [
          "-1"
        ],
        "Cache-Control": [
          "no-cache"
        ],
        "Date": [
          "Fri, 27 Apr 2018 00:46:16 GMT"
        ],
        "Pragma": [
          "no-cache"
        ],
        "Transfer-Encoding": [
          "chunked"
        ],
        "ETag": [
          "W/\"91171f56-2a87-44c6-89d3-c3b9a986d606\""
        ],
        "Server": [
          "Microsoft-HTTPAPI/2.0",
          "Microsoft-HTTPAPI/2.0"
        ],
        "Vary": [
          "Accept-Encoding"
        ],
        "x-ms-request-id": [
          "5c152f16-5cb7-4427-8ba9-9ae14bdc163d"
        ],
        "Strict-Transport-Security": [
          "max-age=31536000; includeSubDomains"
        ],
        "x-ms-ratelimit-remaining-subscription-reads": [
          "14940"
        ],
        "x-ms-correlation-request-id": [
          "71081aa1-71b9-46ae-aa40-795c1e5c7088"
        ],
        "x-ms-routing-request-id": [
          "NORTHEUROPE:20180427T004617Z:71081aa1-71b9-46ae-aa40-795c1e5c7088"
        ],
        "X-Content-Type-Options": [
          "nosniff"
        ]
      },
      "StatusCode": 200
    },
    {
      "RequestUri": "/subscriptions/726f8cd6-6459-4db4-8e6d-2cd2716904e2/resourceGroups/hydratestdnsrg21/providers/Microsoft.Network/dnsZones/hydratest.privatednszone.com3104?api-version=2018-05-01",
      "EncodedRequestUri": "L3N1YnNjcmlwdGlvbnMvNzI2ZjhjZDYtNjQ1OS00ZGI0LThlNmQtMmNkMjcxNjkwNGUyL3Jlc291cmNlR3JvdXBzL2h5ZHJhdGVzdGRuc3JnMjEvcHJvdmlkZXJzL01pY3Jvc29mdC5OZXR3b3JrL2Ruc1pvbmVzL2h5ZHJhdGVzdC5wcml2YXRlZG5zem9uZS5jb20zMTA0P2FwaS12ZXJzaW9uPTIwMTgtMDUtMDE=",
      "RequestMethod": "PUT",
      "RequestBody": "{\r\n  \"properties\": {\r\n    \"zoneType\": \"Private\",\r\n    \"registrationVirtualNetworks\": [\r\n      {\r\n        \"id\": \"/subscriptions/726f8cd6-6459-4db4-8e6d-2cd2716904e2/resourceGroups/hydratestdnsrg21/providers/Microsoft.Network/virtualNetworks/hydratestdnsvn1246\"\r\n      }\r\n    ],\r\n    \"resolutionVirtualNetworks\": [\r\n      {\r\n        \"id\": \"/subscriptions/726f8cd6-6459-4db4-8e6d-2cd2716904e2/resourceGroups/hydratestdnsrg21/providers/Microsoft.Network/virtualNetworks/hydratestdnsvn1710\"\r\n      }\r\n    ]\r\n  },\r\n  \"location\": \"global\",\r\n  \"tags\": {\r\n    \"tag1\": \"value1\"\r\n  }\r\n}",
      "RequestHeaders": {
        "Content-Type": [
          "application/json; charset=utf-8"
        ],
        "Content-Length": [
          "575"
        ],
        "x-ms-client-request-id": [
          "b5200e3d-bb55-481d-80ff-0c409a6a24a9"
        ],
        "accept-language": [
          "en-US"
        ],
        "User-Agent": [
          "FxVersion/4.6.25211.01",
          "Microsoft.Azure.Management.Dns.DnsManagementClient/2.2.0.0"
        ]
      },
      "ResponseBody": "{\r\n  \"id\": \"/subscriptions/726f8cd6-6459-4db4-8e6d-2cd2716904e2/resourceGroups/hydratestdnsrg21/providers/Microsoft.Network/dnszones/hydratest.privatednszone.com3104\",\r\n  \"name\": \"hydratest.privatednszone.com3104\",\r\n  \"type\": \"Microsoft.Network/dnszones\",\r\n  \"etag\": \"00000002-0000-0000-cef5-d229c1ddd301\",\r\n  \"location\": \"global\",\r\n  \"tags\": {\r\n    \"tag1\": \"value1\"\r\n  },\r\n  \"properties\": {\r\n    \"maxNumberOfRecordSets\": 5000,\r\n    \"nameServers\": null,\r\n    \"numberOfRecordSets\": 1,\r\n    \"registrationVirtualNetworks\": [\r\n      {\r\n        \"id\": \"/subscriptions/726f8cd6-6459-4db4-8e6d-2cd2716904e2/resourceGroups/hydratestdnsrg21/providers/Microsoft.Network/virtualNetworks/hydratestdnsvn1246\"\r\n      }\r\n    ],\r\n    \"resolutionVirtualNetworks\": [\r\n      {\r\n        \"id\": \"/subscriptions/726f8cd6-6459-4db4-8e6d-2cd2716904e2/resourceGroups/hydratestdnsrg21/providers/Microsoft.Network/virtualNetworks/hydratestdnsvn1710\"\r\n      }\r\n    ],\r\n    \"zoneType\": \"Private\"\r\n  }\r\n}",
      "ResponseHeaders": {
        "Content-Length": [
          "837"
        ],
        "Content-Type": [
          "application/json; charset=utf-8"
        ],
        "Cache-Control": [
          "private"
        ],
        "Date": [
          "Fri, 27 Apr 2018 00:46:22 GMT"
        ],
        "ETag": [
          "00000002-0000-0000-cef5-d229c1ddd301"
        ],
        "Server": [
          "Microsoft-IIS/8.5"
        ],
        "X-Content-Type-Options": [
          "nosniff"
        ],
        "Strict-Transport-Security": [
          "max-age=31536000; includeSubDomains"
        ],
        "x-ms-request-id": [
          "b5200e3d-bb55-481d-80ff-0c409a6a24a9"
        ],
        "X-AspNet-Version": [
          "4.0.30319"
        ],
        "X-Powered-By": [
          "ASP.NET"
        ],
        "x-ms-ratelimit-remaining-subscription-resource-requests": [
          "11991"
        ],
        "x-ms-correlation-request-id": [
          "39d225d7-6c0a-423e-a4fc-50d37eea2428"
        ],
        "x-ms-routing-request-id": [
          "NORTHEUROPE:20180427T004623Z:39d225d7-6c0a-423e-a4fc-50d37eea2428"
        ]
      },
      "StatusCode": 201
    },
    {
      "RequestUri": "/subscriptions/726f8cd6-6459-4db4-8e6d-2cd2716904e2/resourceGroups/hydratestdnsrg21/providers/Microsoft.Network/dnsZones/hydratest.privatednszone.com3104?api-version=2018-05-01",
      "EncodedRequestUri": "L3N1YnNjcmlwdGlvbnMvNzI2ZjhjZDYtNjQ1OS00ZGI0LThlNmQtMmNkMjcxNjkwNGUyL3Jlc291cmNlR3JvdXBzL2h5ZHJhdGVzdGRuc3JnMjEvcHJvdmlkZXJzL01pY3Jvc29mdC5OZXR3b3JrL2Ruc1pvbmVzL2h5ZHJhdGVzdC5wcml2YXRlZG5zem9uZS5jb20zMTA0P2FwaS12ZXJzaW9uPTIwMTgtMDUtMDE=",
      "RequestMethod": "PUT",
      "RequestBody": "{\r\n  \"etag\": \"00000002-0000-0000-cef5-d229c1ddd301\",\r\n  \"properties\": {\r\n    \"zoneType\": \"Private\",\r\n    \"registrationVirtualNetworks\": [\r\n      {\r\n        \"id\": \"/subscriptions/726f8cd6-6459-4db4-8e6d-2cd2716904e2/resourceGroups/hydratestdnsrg21/providers/Microsoft.Network/virtualNetworks/hydratestdnsvn1246\"\r\n      }\r\n    ],\r\n    \"resolutionVirtualNetworks\": [\r\n      {\r\n        \"id\": \"/subscriptions/726f8cd6-6459-4db4-8e6d-2cd2716904e2/resourceGroups/hydratestdnsrg21/providers/Microsoft.Network/virtualNetworks/hydratestdnsvn1710\"\r\n      }\r\n    ]\r\n  },\r\n  \"location\": \"global\",\r\n  \"tags\": {\r\n    \"tag1\": \"value1\",\r\n    \"tag2\": \"value2\"\r\n  }\r\n}",
      "RequestHeaders": {
        "Content-Type": [
          "application/json; charset=utf-8"
        ],
        "Content-Length": [
          "649"
        ],
        "x-ms-client-request-id": [
          "06af0151-f594-4296-a7c4-0bdb9840af2d"
        ],
        "accept-language": [
          "en-US"
        ],
        "User-Agent": [
          "FxVersion/4.6.25211.01",
          "Microsoft.Azure.Management.Dns.DnsManagementClient/2.2.0.0"
        ]
      },
      "ResponseBody": "{\r\n  \"id\": \"/subscriptions/726f8cd6-6459-4db4-8e6d-2cd2716904e2/resourceGroups/hydratestdnsrg21/providers/Microsoft.Network/dnszones/hydratest.privatednszone.com3104\",\r\n  \"name\": \"hydratest.privatednszone.com3104\",\r\n  \"type\": \"Microsoft.Network/dnszones\",\r\n  \"etag\": \"00000003-0000-0000-cef5-d229c1ddd301\",\r\n  \"location\": \"global\",\r\n  \"tags\": {\r\n    \"tag1\": \"value1\",\r\n    \"tag2\": \"value2\"\r\n  },\r\n  \"properties\": {\r\n    \"maxNumberOfRecordSets\": 5000,\r\n    \"nameServers\": null,\r\n    \"numberOfRecordSets\": 1,\r\n    \"registrationVirtualNetworks\": [\r\n      {\r\n        \"id\": \"/subscriptions/726f8cd6-6459-4db4-8e6d-2cd2716904e2/resourceGroups/hydratestdnsrg21/providers/Microsoft.Network/virtualNetworks/hydratestdnsvn1246\"\r\n      }\r\n    ],\r\n    \"resolutionVirtualNetworks\": [\r\n      {\r\n        \"id\": \"/subscriptions/726f8cd6-6459-4db4-8e6d-2cd2716904e2/resourceGroups/hydratestdnsrg21/providers/Microsoft.Network/virtualNetworks/hydratestdnsvn1710\"\r\n      }\r\n    ],\r\n    \"zoneType\": \"Private\"\r\n  }\r\n}",
      "ResponseHeaders": {
        "Content-Type": [
          "application/json; charset=utf-8"
        ],
        "Cache-Control": [
          "private"
        ],
        "Date": [
          "Fri, 27 Apr 2018 00:46:26 GMT"
        ],
        "Transfer-Encoding": [
          "chunked"
        ],
        "ETag": [
          "00000003-0000-0000-cef5-d229c1ddd301"
        ],
        "Server": [
          "Microsoft-IIS/8.5"
        ],
        "Vary": [
          "Accept-Encoding"
        ],
        "X-Content-Type-Options": [
          "nosniff"
        ],
        "Strict-Transport-Security": [
          "max-age=31536000; includeSubDomains"
        ],
        "x-ms-request-id": [
          "06af0151-f594-4296-a7c4-0bdb9840af2d"
        ],
        "X-AspNet-Version": [
          "4.0.30319"
        ],
        "X-Powered-By": [
          "ASP.NET"
        ],
        "x-ms-ratelimit-remaining-subscription-resource-requests": [
          "11990"
        ],
        "x-ms-correlation-request-id": [
          "a67c0158-6d8b-45b5-a117-3c3c400288d0"
        ],
        "x-ms-routing-request-id": [
          "NORTHEUROPE:20180427T004626Z:a67c0158-6d8b-45b5-a117-3c3c400288d0"
        ]
      },
      "StatusCode": 200
    },
    {
      "RequestUri": "/subscriptions/726f8cd6-6459-4db4-8e6d-2cd2716904e2/resourceGroups/hydratestdnsrg21/providers/Microsoft.Network/dnsZones/hydratest.privatednszone.com3104?api-version=2018-05-01",
      "EncodedRequestUri": "L3N1YnNjcmlwdGlvbnMvNzI2ZjhjZDYtNjQ1OS00ZGI0LThlNmQtMmNkMjcxNjkwNGUyL3Jlc291cmNlR3JvdXBzL2h5ZHJhdGVzdGRuc3JnMjEvcHJvdmlkZXJzL01pY3Jvc29mdC5OZXR3b3JrL2Ruc1pvbmVzL2h5ZHJhdGVzdC5wcml2YXRlZG5zem9uZS5jb20zMTA0P2FwaS12ZXJzaW9uPTIwMTgtMDUtMDE=",
      "RequestMethod": "PUT",
      "RequestBody": "{\r\n  \"etag\": \"00000003-0000-0000-cef5-d229c1ddd301\",\r\n  \"properties\": {\r\n    \"zoneType\": \"Private\",\r\n    \"registrationVirtualNetworks\": [\r\n      {\r\n        \"id\": \"/subscriptions/726f8cd6-6459-4db4-8e6d-2cd2716904e2/resourceGroups/hydratestdnsrg21/providers/Microsoft.Network/virtualNetworks/hydratestdnsvn1246\"\r\n      }\r\n    ],\r\n    \"resolutionVirtualNetworks\": [\r\n      {\r\n        \"id\": \"/subscriptions/726f8cd6-6459-4db4-8e6d-2cd2716904e2/resourceGroups/hydratestdnsrg21/providers/Microsoft.Network/virtualNetworks/hydratestdnsvn1710\"\r\n      }\r\n    ]\r\n  },\r\n  \"location\": \"global\",\r\n  \"tags\": {\r\n    \"tag1\": \"value1\",\r\n    \"tag2\": \"value2\",\r\n    \"tag3\": \"value3\"\r\n  }\r\n}",
      "RequestHeaders": {
        "Content-Type": [
          "application/json; charset=utf-8"
        ],
        "Content-Length": [
          "672"
        ],
        "x-ms-client-request-id": [
          "46257841-479a-4385-aa7b-230617e465a8"
        ],
        "accept-language": [
          "en-US"
        ],
        "User-Agent": [
          "FxVersion/4.6.25211.01",
          "Microsoft.Azure.Management.Dns.DnsManagementClient/2.2.0.0"
        ]
      },
      "ResponseBody": "{\r\n  \"id\": \"/subscriptions/726f8cd6-6459-4db4-8e6d-2cd2716904e2/resourceGroups/hydratestdnsrg21/providers/Microsoft.Network/dnszones/hydratest.privatednszone.com3104\",\r\n  \"name\": \"hydratest.privatednszone.com3104\",\r\n  \"type\": \"Microsoft.Network/dnszones\",\r\n  \"etag\": \"00000004-0000-0000-cef5-d229c1ddd301\",\r\n  \"location\": \"global\",\r\n  \"tags\": {\r\n    \"tag1\": \"value1\",\r\n    \"tag2\": \"value2\",\r\n    \"tag3\": \"value3\"\r\n  },\r\n  \"properties\": {\r\n    \"maxNumberOfRecordSets\": 5000,\r\n    \"nameServers\": null,\r\n    \"numberOfRecordSets\": 1,\r\n    \"registrationVirtualNetworks\": [\r\n      {\r\n        \"id\": \"/subscriptions/726f8cd6-6459-4db4-8e6d-2cd2716904e2/resourceGroups/hydratestdnsrg21/providers/Microsoft.Network/virtualNetworks/hydratestdnsvn1246\"\r\n      }\r\n    ],\r\n    \"resolutionVirtualNetworks\": [\r\n      {\r\n        \"id\": \"/subscriptions/726f8cd6-6459-4db4-8e6d-2cd2716904e2/resourceGroups/hydratestdnsrg21/providers/Microsoft.Network/virtualNetworks/hydratestdnsvn1710\"\r\n      }\r\n    ],\r\n    \"zoneType\": \"Private\"\r\n  }\r\n}",
      "ResponseHeaders": {
        "Content-Type": [
          "application/json; charset=utf-8"
        ],
        "Cache-Control": [
          "private"
        ],
        "Date": [
          "Fri, 27 Apr 2018 00:46:30 GMT"
        ],
        "Transfer-Encoding": [
          "chunked"
        ],
        "ETag": [
          "00000004-0000-0000-cef5-d229c1ddd301"
        ],
        "Server": [
          "Microsoft-IIS/8.5"
        ],
        "Vary": [
          "Accept-Encoding"
        ],
        "X-Content-Type-Options": [
          "nosniff"
        ],
        "Strict-Transport-Security": [
          "max-age=31536000; includeSubDomains"
        ],
        "x-ms-request-id": [
          "46257841-479a-4385-aa7b-230617e465a8"
        ],
        "X-AspNet-Version": [
          "4.0.30319"
        ],
        "X-Powered-By": [
          "ASP.NET"
        ],
        "x-ms-ratelimit-remaining-subscription-resource-requests": [
          "11989"
        ],
        "x-ms-correlation-request-id": [
          "b7a50fff-1742-4340-ae11-732d2da07a35"
        ],
        "x-ms-routing-request-id": [
          "NORTHEUROPE:20180427T004631Z:b7a50fff-1742-4340-ae11-732d2da07a35"
        ]
      },
      "StatusCode": 200
    },
    {
      "RequestUri": "/subscriptions/726f8cd6-6459-4db4-8e6d-2cd2716904e2/resourceGroups/hydratestdnsrg21/providers/Microsoft.Network/dnsZones/hydratest.privatednszone.com3104?api-version=2018-05-01",
      "EncodedRequestUri": "L3N1YnNjcmlwdGlvbnMvNzI2ZjhjZDYtNjQ1OS00ZGI0LThlNmQtMmNkMjcxNjkwNGUyL3Jlc291cmNlR3JvdXBzL2h5ZHJhdGVzdGRuc3JnMjEvcHJvdmlkZXJzL01pY3Jvc29mdC5OZXR3b3JrL2Ruc1pvbmVzL2h5ZHJhdGVzdC5wcml2YXRlZG5zem9uZS5jb20zMTA0P2FwaS12ZXJzaW9uPTIwMTgtMDUtMDE=",
      "RequestMethod": "GET",
      "RequestBody": "",
      "RequestHeaders": {
        "x-ms-client-request-id": [
          "73b8948c-0a5a-4076-9834-c13c895a5dfe"
        ],
        "accept-language": [
          "en-US"
        ],
        "User-Agent": [
          "FxVersion/4.6.25211.01",
          "Microsoft.Azure.Management.Dns.DnsManagementClient/2.2.0.0"
        ]
      },
      "ResponseBody": "{\r\n  \"id\": \"/subscriptions/726f8cd6-6459-4db4-8e6d-2cd2716904e2/resourceGroups/hydratestdnsrg21/providers/Microsoft.Network/dnszones/hydratest.privatednszone.com3104\",\r\n  \"name\": \"hydratest.privatednszone.com3104\",\r\n  \"type\": \"Microsoft.Network/dnszones\",\r\n  \"etag\": \"00000002-0000-0000-cef5-d229c1ddd301\",\r\n  \"location\": \"global\",\r\n  \"tags\": {\r\n    \"tag1\": \"value1\"\r\n  },\r\n  \"properties\": {\r\n    \"maxNumberOfRecordSets\": 5000,\r\n    \"nameServers\": null,\r\n    \"numberOfRecordSets\": 1,\r\n    \"registrationVirtualNetworks\": [\r\n      {\r\n        \"id\": \"/subscriptions/726f8cd6-6459-4db4-8e6d-2cd2716904e2/resourceGroups/hydratestdnsrg21/providers/Microsoft.Network/virtualNetworks/hydratestdnsvn1246\"\r\n      }\r\n    ],\r\n    \"resolutionVirtualNetworks\": [\r\n      {\r\n        \"id\": \"/subscriptions/726f8cd6-6459-4db4-8e6d-2cd2716904e2/resourceGroups/hydratestdnsrg21/providers/Microsoft.Network/virtualNetworks/hydratestdnsvn1710\"\r\n      }\r\n    ],\r\n    \"zoneType\": \"Private\"\r\n  }\r\n}",
      "ResponseHeaders": {
        "Content-Type": [
          "application/json; charset=utf-8"
        ],
        "Cache-Control": [
          "private"
        ],
        "Date": [
          "Fri, 27 Apr 2018 00:46:23 GMT"
        ],
        "Transfer-Encoding": [
          "chunked"
        ],
        "ETag": [
          "00000002-0000-0000-cef5-d229c1ddd301"
        ],
        "Server": [
          "Microsoft-IIS/8.5"
        ],
        "Vary": [
          "Accept-Encoding"
        ],
        "X-Content-Type-Options": [
          "nosniff"
        ],
        "Strict-Transport-Security": [
          "max-age=31536000; includeSubDomains"
        ],
        "x-ms-request-id": [
          "73b8948c-0a5a-4076-9834-c13c895a5dfe"
        ],
        "X-AspNet-Version": [
          "4.0.30319"
        ],
        "X-Powered-By": [
          "ASP.NET"
        ],
        "x-ms-ratelimit-remaining-subscription-resource-requests": [
          "11999"
        ],
        "x-ms-correlation-request-id": [
          "242b8877-f99f-4c3f-a309-a5955b079aea"
        ],
        "x-ms-routing-request-id": [
          "NORTHEUROPE:20180427T004623Z:242b8877-f99f-4c3f-a309-a5955b079aea"
        ]
      },
      "StatusCode": 200
    },
    {
      "RequestUri": "/subscriptions/726f8cd6-6459-4db4-8e6d-2cd2716904e2/resourceGroups/hydratestdnsrg21/providers/Microsoft.Network/dnsZones/hydratest.privatednszone.com3104?api-version=2018-05-01",
      "EncodedRequestUri": "L3N1YnNjcmlwdGlvbnMvNzI2ZjhjZDYtNjQ1OS00ZGI0LThlNmQtMmNkMjcxNjkwNGUyL3Jlc291cmNlR3JvdXBzL2h5ZHJhdGVzdGRuc3JnMjEvcHJvdmlkZXJzL01pY3Jvc29mdC5OZXR3b3JrL2Ruc1pvbmVzL2h5ZHJhdGVzdC5wcml2YXRlZG5zem9uZS5jb20zMTA0P2FwaS12ZXJzaW9uPTIwMTgtMDUtMDE=",
      "RequestMethod": "GET",
      "RequestBody": "",
      "RequestHeaders": {
        "x-ms-client-request-id": [
          "6a0e718b-637d-4cdb-af76-f66bd3bf600e"
        ],
        "accept-language": [
          "en-US"
        ],
        "User-Agent": [
          "FxVersion/4.6.25211.01",
          "Microsoft.Azure.Management.Dns.DnsManagementClient/2.2.0.0"
        ]
      },
      "ResponseBody": "{\r\n  \"id\": \"/subscriptions/726f8cd6-6459-4db4-8e6d-2cd2716904e2/resourceGroups/hydratestdnsrg21/providers/Microsoft.Network/dnszones/hydratest.privatednszone.com3104\",\r\n  \"name\": \"hydratest.privatednszone.com3104\",\r\n  \"type\": \"Microsoft.Network/dnszones\",\r\n  \"etag\": \"00000003-0000-0000-cef5-d229c1ddd301\",\r\n  \"location\": \"global\",\r\n  \"tags\": {\r\n    \"tag1\": \"value1\",\r\n    \"tag2\": \"value2\"\r\n  },\r\n  \"properties\": {\r\n    \"maxNumberOfRecordSets\": 5000,\r\n    \"nameServers\": null,\r\n    \"numberOfRecordSets\": 1,\r\n    \"registrationVirtualNetworks\": [\r\n      {\r\n        \"id\": \"/subscriptions/726f8cd6-6459-4db4-8e6d-2cd2716904e2/resourceGroups/hydratestdnsrg21/providers/Microsoft.Network/virtualNetworks/hydratestdnsvn1246\"\r\n      }\r\n    ],\r\n    \"resolutionVirtualNetworks\": [\r\n      {\r\n        \"id\": \"/subscriptions/726f8cd6-6459-4db4-8e6d-2cd2716904e2/resourceGroups/hydratestdnsrg21/providers/Microsoft.Network/virtualNetworks/hydratestdnsvn1710\"\r\n      }\r\n    ],\r\n    \"zoneType\": \"Private\"\r\n  }\r\n}",
      "ResponseHeaders": {
        "Content-Type": [
          "application/json; charset=utf-8"
        ],
        "Cache-Control": [
          "private"
        ],
        "Date": [
          "Fri, 27 Apr 2018 00:46:27 GMT"
        ],
        "Transfer-Encoding": [
          "chunked"
        ],
        "ETag": [
          "00000003-0000-0000-cef5-d229c1ddd301"
        ],
        "Server": [
          "Microsoft-IIS/8.5"
        ],
        "Vary": [
          "Accept-Encoding"
        ],
        "X-Content-Type-Options": [
          "nosniff"
        ],
        "Strict-Transport-Security": [
          "max-age=31536000; includeSubDomains"
        ],
        "x-ms-request-id": [
          "6a0e718b-637d-4cdb-af76-f66bd3bf600e"
        ],
        "X-AspNet-Version": [
          "4.0.30319"
        ],
        "X-Powered-By": [
          "ASP.NET"
        ],
        "x-ms-ratelimit-remaining-subscription-resource-requests": [
          "11998"
        ],
        "x-ms-correlation-request-id": [
          "39abe99f-5712-476e-8bb7-dd2f7f8ad7fa"
        ],
        "x-ms-routing-request-id": [
          "NORTHEUROPE:20180427T004627Z:39abe99f-5712-476e-8bb7-dd2f7f8ad7fa"
        ]
      },
      "StatusCode": 200
    },
    {
      "RequestUri": "/subscriptions/726f8cd6-6459-4db4-8e6d-2cd2716904e2/resourceGroups/hydratestdnsrg21/providers/Microsoft.Network/dnsZones/hydratest.privatednszone.com3104?api-version=2018-05-01",
      "EncodedRequestUri": "L3N1YnNjcmlwdGlvbnMvNzI2ZjhjZDYtNjQ1OS00ZGI0LThlNmQtMmNkMjcxNjkwNGUyL3Jlc291cmNlR3JvdXBzL2h5ZHJhdGVzdGRuc3JnMjEvcHJvdmlkZXJzL01pY3Jvc29mdC5OZXR3b3JrL2Ruc1pvbmVzL2h5ZHJhdGVzdC5wcml2YXRlZG5zem9uZS5jb20zMTA0P2FwaS12ZXJzaW9uPTIwMTgtMDUtMDE=",
      "RequestMethod": "DELETE",
      "RequestBody": "",
      "RequestHeaders": {
        "x-ms-client-request-id": [
          "ebfc7348-3356-49a6-b8af-6b2fc62662b1"
        ],
        "accept-language": [
          "en-US"
        ],
        "User-Agent": [
          "FxVersion/4.6.25211.01",
          "Microsoft.Azure.Management.Dns.DnsManagementClient/2.2.0.0"
        ]
      },
      "ResponseBody": "",
      "ResponseHeaders": {
        "Content-Length": [
          "0"
        ],
        "Cache-Control": [
          "private"
        ],
        "Date": [
          "Fri, 27 Apr 2018 00:46:31 GMT"
        ],
        "Location": [
          "https://api-dogfood.resources.windows-int.net/subscriptions/726f8cd6-6459-4db4-8e6d-2cd2716904e2/resourceGroups/hydratestdnsrg21/providers/Microsoft.Network/dnsOperationResults/delzone636603867917123551632861e9?api-version=2018-05-01"
        ],
        "Retry-After": [
          "3"
        ],
        "Server": [
          "Microsoft-IIS/8.5"
        ],
        "X-Content-Type-Options": [
          "nosniff"
        ],
        "Strict-Transport-Security": [
          "max-age=31536000; includeSubDomains"
        ],
        "Azure-AsyncOperation": [
          "https://api-dogfood.resources.windows-int.net:443/subscriptions/726f8cd6-6459-4db4-8e6d-2cd2716904e2/resourceGroups/hydratestdnsrg21/providers/Microsoft.Network/dnsOperationStatuses/delzone636603867917123551632861e9?api-version=2018-05-01"
        ],
        "x-ms-request-id": [
          "ebfc7348-3356-49a6-b8af-6b2fc62662b1"
        ],
        "X-AspNet-Version": [
          "4.0.30319"
        ],
        "X-Powered-By": [
          "ASP.NET"
        ],
        "x-ms-ratelimit-remaining-subscription-resource-requests": [
          "11990"
        ],
        "x-ms-correlation-request-id": [
          "74e41cc7-c035-4857-8789-f8cc84248774"
        ],
        "x-ms-routing-request-id": [
          "NORTHEUROPE:20180427T004631Z:74e41cc7-c035-4857-8789-f8cc84248774"
        ]
      },
      "StatusCode": 202
    },
    {
      "RequestUri": "/subscriptions/726f8cd6-6459-4db4-8e6d-2cd2716904e2/resourceGroups/hydratestdnsrg21/providers/Microsoft.Network/dnsOperationStatuses/delzone636603867917123551632861e9?api-version=2018-05-01",
      "EncodedRequestUri": "L3N1YnNjcmlwdGlvbnMvNzI2ZjhjZDYtNjQ1OS00ZGI0LThlNmQtMmNkMjcxNjkwNGUyL3Jlc291cmNlR3JvdXBzL2h5ZHJhdGVzdGRuc3JnMjEvcHJvdmlkZXJzL01pY3Jvc29mdC5OZXR3b3JrL2Ruc09wZXJhdGlvblN0YXR1c2VzL2RlbHpvbmU2MzY2MDM4Njc5MTcxMjM1NTE2MzI4NjFlOT9hcGktdmVyc2lvbj0yMDE4LTA1LTAx",
      "RequestMethod": "GET",
      "RequestBody": "",
      "RequestHeaders": {
        "User-Agent": [
          "FxVersion/4.6.25211.01",
          "Microsoft.Azure.Management.Dns.DnsManagementClient/2.2.0.0"
        ]
      },
      "ResponseBody": "{\r\n  \"status\": \"Succeeded\"\r\n}",
      "ResponseHeaders": {
        "Content-Type": [
          "application/json; charset=utf-8"
        ],
        "Cache-Control": [
          "private"
        ],
        "Date": [
          "Fri, 27 Apr 2018 00:46:42 GMT"
        ],
        "Transfer-Encoding": [
          "chunked"
        ],
        "Server": [
          "Microsoft-IIS/8.5"
        ],
        "Vary": [
          "Accept-Encoding"
        ],
        "X-Content-Type-Options": [
          "nosniff"
        ],
        "Strict-Transport-Security": [
          "max-age=31536000; includeSubDomains"
        ],
        "x-ms-request-id": [
          "e1549437-7bd2-4a00-ac4f-b3918504e7e9"
        ],
        "X-AspNet-Version": [
          "4.0.30319"
        ],
        "X-Powered-By": [
          "ASP.NET"
        ],
        "x-ms-ratelimit-remaining-subscription-resource-requests": [
          "11990"
        ],
        "x-ms-correlation-request-id": [
          "2e26a598-6e8f-4986-b7dd-86525f87cfdd"
        ],
        "x-ms-routing-request-id": [
          "NORTHEUROPE:20180427T004642Z:2e26a598-6e8f-4986-b7dd-86525f87cfdd"
        ]
      },
      "StatusCode": 200
    },
    {
      "RequestUri": "/subscriptions/726f8cd6-6459-4db4-8e6d-2cd2716904e2/resourceGroups/hydratestdnsrg21/providers/Microsoft.Network/dnsOperationResults/delzone636603867917123551632861e9?api-version=2018-05-01",
      "EncodedRequestUri": "L3N1YnNjcmlwdGlvbnMvNzI2ZjhjZDYtNjQ1OS00ZGI0LThlNmQtMmNkMjcxNjkwNGUyL3Jlc291cmNlR3JvdXBzL2h5ZHJhdGVzdGRuc3JnMjEvcHJvdmlkZXJzL01pY3Jvc29mdC5OZXR3b3JrL2Ruc09wZXJhdGlvblJlc3VsdHMvZGVsem9uZTYzNjYwMzg2NzkxNzEyMzU1MTYzMjg2MWU5P2FwaS12ZXJzaW9uPTIwMTgtMDUtMDE=",
      "RequestMethod": "GET",
      "RequestBody": "",
      "RequestHeaders": {
        "User-Agent": [
          "FxVersion/4.6.25211.01",
          "Microsoft.Azure.Management.Dns.DnsManagementClient/2.2.0.0"
        ]
      },
      "ResponseBody": "true",
      "ResponseHeaders": {
        "Content-Type": [
          "application/json; charset=utf-8"
        ],
        "Cache-Control": [
          "private"
        ],
        "Date": [
          "Fri, 27 Apr 2018 00:46:42 GMT"
        ],
        "Transfer-Encoding": [
          "chunked"
        ],
        "Server": [
          "Microsoft-IIS/8.5"
        ],
        "Vary": [
          "Accept-Encoding"
        ],
        "X-Content-Type-Options": [
          "nosniff"
        ],
        "Strict-Transport-Security": [
          "max-age=31536000; includeSubDomains"
        ],
        "x-ms-request-id": [
          "375a9295-c051-4343-acfd-0df4d75cdb54"
        ],
        "X-AspNet-Version": [
          "4.0.30319"
        ],
        "X-Powered-By": [
          "ASP.NET"
        ],
        "x-ms-ratelimit-remaining-subscription-resource-requests": [
          "11990"
        ],
        "x-ms-correlation-request-id": [
          "b758fc33-c96d-436c-8269-6132c005d192"
        ],
        "x-ms-routing-request-id": [
          "NORTHEUROPE:20180427T004642Z:b758fc33-c96d-436c-8269-6132c005d192"
        ]
      },
      "StatusCode": 200
    }
  ],
  "Names": {
    "CrudPrivateZoneFullCycle": [
      "hydratest.privatednszone.com3104"
    ],
    "CreateResourceGroup": [
      "hydratestdnsrg21"
    ],
    "CreateVirtualNetwork": [
      "hydratestdnsvn1246",
      "hydratestdnssubnet2605",
      "hydratestdnsvn1710",
      "hydratestdnssubnet5966"
    ]
  },
  "Variables": {
    "SubscriptionId": "726f8cd6-6459-4db4-8e6d-2cd2716904e2"
  }
}