{
  "Entries": [
    {
      "RequestUri": "https://localhost:8443/subscriptions/00000000-0000-0000-0000-000000000000?api-version=2019-11-01",
      "RequestMethod": "GET",
      "RequestHeaders": {
        "Accept": "application/json",
        "Authorization": "Sanitized",
        "traceparent": "00-63fe46d77cab8c4086982f164e866f7e-2e68730e26ec8748-00",
        "User-Agent": "azsdk-net-ResourceManager/1.0.0-alpha.20211208.1 (.NET Framework 4.8.4300.0; Microsoft Windows 10.0.19044 )",
        "x-ms-client-request-id": "2d7fd4a92021d2e530ca5f8589a2ef8c",
        "x-ms-return-client-request-id": "true"
      },
      "RequestBody": null,
      "StatusCode": 200,
      "ResponseHeaders": {
        "Connection": "keep-alive",
        "Content-Length": "403",
        "Content-Type": "application/json; charset=utf-8",
        "Date": "Wed, 08 Dec 2021 07:18:56 GMT",
        "ETag": "W/\u0022193-XMviJqaGXohjOV1XjmYhUY8VLpk\u0022",
        "Keep-Alive": "timeout=5",
        "X-Powered-By": "Express"
      },
      "ResponseBody": {
        "id": "/subscriptions/00000000-0000-0000-0000-000000000000",
        "authorizationSource": "RoleBased",
        "managedByTenants": [],
        "subscriptionId": "00000000-0000-0000-0000-000000000000",
        "tenantId": "0000000-0000-0000-0000-000000000000",
        "displayName": "Name of the subscription",
        "state": "Enabled",
        "subscriptionPolicies": {
          "locationPlacementId": "Internal_2014-09-01",
          "quotaId": "Internal_2014-09-01",
          "spendingLimit": "Off"
        }
      }
    },
    {
      "RequestUri": "https://localhost:8443/subscriptions/00000000-0000-0000-0000-000000000000/resourcegroups/sqlcrudtest-2369?api-version=2019-10-01",
      "RequestMethod": "PUT",
      "RequestHeaders": {
        "Accept": "application/json",
        "Authorization": "Sanitized",
        "Content-Length": "81",
        "Content-Type": "application/json",
        "User-Agent": "azsdk-net-ResourceManager/1.0.0-alpha.20211208.1 (.NET Framework 4.8.4300.0; Microsoft Windows 10.0.19044 )",
        "x-ms-client-request-id": "e070ae595c026aae4eebaea1a28b5620",
        "x-ms-return-client-request-id": "true"
      },
      "RequestBody": {
        "location": "Azure.ResourceManager.Resources.Subscription",
        "tags": {
          "test": "env"
        }
      },
      "StatusCode": 200,
      "ResponseHeaders": {
        "Connection": "keep-alive",
        "Content-Length": "256",
        "Content-Type": "application/json; charset=utf-8",
        "Date": "Wed, 08 Dec 2021 07:18:56 GMT",
        "ETag": "W/\u0022100-thPBUG61\u002B0v6wBR04tJ78Del/2g\u0022",
        "Keep-Alive": "timeout=5",
        "X-Powered-By": "Express"
      },
      "ResponseBody": {
        "id": "/subscriptions/00000000-0000-0000-0000-000000000000/resourcegroups/sqlcrudtest-2369",
        "location": "eastus",
        "managedBy": null,
        "name": "sqlcrudtest-2369",
        "properties": {
          "provisioningState": "Succeeded"
        },
        "tags": {},
        "type": "Microsoft.Resources/resourceGroups"
      }
    },
    {
      "RequestUri": "https://localhost:8443/subscriptions/00000000-0000-0000-0000-000000000000/resourceGroups/sqlcrudtest-2369/providers/Microsoft.Sql/servers/sqlcrudtest-8069?api-version=2021-02-01-preview",
      "RequestMethod": "PUT",
      "RequestHeaders": {
        "Accept": "application/json",
        "Authorization": "Sanitized",
        "Content-Length": "396",
        "Content-Type": "application/json",
        "User-Agent": "azsdk-net-ResourceManager.Sql/1.0.0-alpha.20211208.1 (.NET Framework 4.8.4300.0; Microsoft Windows 10.0.19044 )",
        "x-ms-client-request-id": "c4d3753ac2187c32e8d40088fde0b644",
        "x-ms-return-client-request-id": "true"
      },
      "RequestBody": {
        "tags": {},
        "location": "japaneast",
        "properties": {
          "administratorLogin": "dummylogin",
          "administratorLoginPassword": "PLACEHOLDER",
          "publicNetworkAccess": "Enabled",
          "administrators": {
            "principalType": "User",
            "login": "bob@contoso.com",
            "sid": "00000011-1111-2222-2222-123456789111",
            "tenantId": "00000011-1111-2222-2222-123456789111",
            "azureADOnlyAuthentication": true
          },
          "restrictOutboundNetworkAccess": "Enabled"
        }
      },
      "StatusCode": 200,
      "ResponseHeaders": {
        "Connection": "keep-alive",
        "Content-Length": "1922",
        "Content-Type": "application/json; charset=utf-8",
        "Date": "Wed, 08 Dec 2021 07:18:56 GMT",
        "ETag": "W/\u0022782-eU5WGCR5dSCsW4HMACnDzUroxyo\u0022",
        "Keep-Alive": "timeout=5",
        "X-Powered-By": "Express"
      },
      "ResponseBody": {
        "id": "/subscriptions/00000000-0000-0000-0000-000000000000/resourceGroups/sqlcrudtest-2369/providers/Microsoft.Sql/servers/sqlcrudtest-8069",
        "name": "sqlcrudtest-8069",
        "type": "aaaaaaaaaaaaaaaaaaaaaaaa",
        "location": "aaaaaaaaaaaaaaaaaa",
        "tags": {
          "key1707": "aaaaaaaaaaaaaaaaaaaaaaaaaaaa"
        },
        "identity": {
          "userAssignedIdentities": {
            "/subscriptions/00000000-0000-0000-0000-000000000000/resourceGroups/00000000-0000-0000-0000-000000000000/providers/Microsoft.ManagedIdentity/userAssignedIdentities/key8854": {
              "principalId": "00000000-0000-0000-0000-000000000000",
              "clientId": "00000000-0000-0000-0000-000000000000"
            }
          },
          "principalId": "00000000-0000-0000-0000-000000000000",
          "type": "None",
          "tenantId": "00000000-0000-0000-0000-000000000000"
        },
        "kind": "aaaaaaaaaaaaaaaaaaaaaaaaaaaa",
        "properties": {
          "administratorLogin": "aaaaaaaaaaa",
          "administratorLoginPassword": "aaaaaa",
          "version": "a",
          "state": "aaaaaaaaaaaaaaaaa",
          "fullyQualifiedDomainName": "aaaa",
          "privateEndpointConnections": [
            {
              "id": "/subscriptions/a9cbceed-cd54-47f1-b7a2-bad149218603/resourceGroups/mockRg/providers/Microsoft.Resources/mockResource/mockName",
              "properties": {
                "privateEndpoint": {
                  "id": "/subscriptions/a9cbceed-cd54-47f1-b7a2-bad149218603/resourceGroups/mockRg/providers/Microsoft.Resources/mockResource/mockName"
                },
                "privateLinkServiceConnectionState": {
                  "status": "Approved",
                  "description": "aaaaaaaaaaaaaaa",
                  "actionsRequired": "None"
                },
                "provisioningState": "Succeeded"
              }
            }
          ],
          "minimalTlsVersion": "aaaaaaaaaaaaaaaaaaaaaaaaaaaaaa",
          "publicNetworkAccess": "Enabled",
          "workspaceFeature": "Connected",
          "primaryUserAssignedIdentityId": "a",
          "federatedClientId": "00000000-0000-0000-0000-000000000000",
          "keyId": "aaaaaaaaaaaaaaaaaaaaaaaa",
          "administrators": {
            "administratorType": "ActiveDirectory",
            "principalType": "User",
            "login": "aaaaaaaaaaaaaa",
            "sid": "00000000-0000-0000-0000-000000000000",
            "tenantId": "00000000-0000-0000-0000-000000000000",
            "azureADOnlyAuthentication": true
          },
          "restrictOutboundNetworkAccess": "Enabled"
        }
      }
    },
    {
      "RequestUri": "https://localhost:8443/subscriptions/00000000-0000-0000-0000-000000000000/resourceGroups/sqlcrudtest-2369/providers/Microsoft.Sql/servers/sqlcrudtest-8069/elasticPools/sqlcrudtest-8102?api-version=2020-11-01-preview",
      "RequestMethod": "PUT",
      "RequestHeaders": {
        "Accept": "application/json",
        "Authorization": "Sanitized",
        "Content-Length": "172",
        "Content-Type": "application/json",
        "User-Agent": "azsdk-net-ResourceManager.Sql/1.0.0-alpha.20211208.1 (.NET Framework 4.8.4300.0; Microsoft Windows 10.0.19044 )",
        "x-ms-client-request-id": "134a3e742ace96747cf4f72e5c256c6e",
        "x-ms-return-client-request-id": "true"
      },
      "RequestBody": {
        "sku": {
          "name": "GP_Gen4_2",
          "tier": "GeneralPurpose",
          "capacity": 2
        },
        "tags": {},
        "location": "japaneast",
        "properties": {
          "perDatabaseSettings": {
            "minCapacity": 0.25,
            "maxCapacity": 2
          }
        }
      },
      "StatusCode": 200,
      "ResponseHeaders": {
        "Connection": "keep-alive",
        "Content-Length": "730",
        "Content-Type": "application/json; charset=utf-8",
        "Date": "Wed, 08 Dec 2021 07:18:56 GMT",
        "ETag": "W/\u00222da-JdZiYOFNzAB/EP4b9YCBNm318ro\u0022",
        "Keep-Alive": "timeout=5",
        "X-Powered-By": "Express"
      },
      "ResponseBody": {
        "id": "/subscriptions/00000000-0000-0000-0000-000000000000/resourceGroups/sqlcrudtest-2369/providers/Microsoft.Sql/servers/sqlcrudtest-8069/elasticPools/sqlcrudtest-8102",
        "name": "sqlcrudtest-8102",
        "type": "aaaaaaaaaaaaaaaaaaaaaaaaaaaa",
        "location": "aaaaaaaaaaaaaaaaaaaaaa",
        "tags": {
          "key360": "aaaaaaaaaaaaaaaaaaaaaaaaaaaaaa"
        },
        "sku": {
          "name": "sqlcrudtest-8102",
          "tier": "aaaaaaaaaa",
          "size": "aaaaaaaaaaaaaaaaaaaaaaa",
          "family": "aaaaaaaaaaaaaaaaa",
          "capacity": 4
        },
        "kind": "aaaaaaaaaaaaaaaaaaaaaaaaaaaaaa",
        "properties": {
          "state": "Creating",
          "creationDate": "2021-12-08T07:18:56.720Z",
          "maxSizeBytes": 25,
          "perDatabaseSettings": {
            "minCapacity": 22,
            "maxCapacity": 25
          },
          "zoneRedundant": true,
          "licenseType": "LicenseIncluded",
          "maintenanceConfigurationId": "aa"
        }
      }
    },
    {
      "RequestUri": "https://localhost:8443/subscriptions/00000000-0000-0000-0000-000000000000/resourceGroups/sqlcrudtest-2369/providers/Microsoft.Sql/servers/sqlcrudtest-8069/elasticPools/sqlcrudtest-8102?api-version=2020-11-01-preview",
      "RequestMethod": "PATCH",
      "RequestHeaders": {
        "Accept": "application/json",
        "Authorization": "Sanitized",
        "Content-Length": "17",
        "Content-Type": "application/json",
        "User-Agent": "azsdk-net-ResourceManager.Sql/1.0.0-alpha.20211208.1 (.NET Framework 4.8.4300.0; Microsoft Windows 10.0.19044 )",
        "x-ms-client-request-id": "be145aa4a2951276b577659f1bb8f000",
        "x-ms-return-client-request-id": "true"
      },
      "RequestBody": {
        "properties": {}
      },
      "StatusCode": 200,
      "ResponseHeaders": {
        "Connection": "keep-alive",
        "Content-Length": "651",
        "Content-Type": "application/json; charset=utf-8",
        "Date": "Wed, 08 Dec 2021 07:18:56 GMT",
        "ETag": "W/\u002228b-IDZKKQ0tkC6KWocYo7rJeZXnW2g\u0022",
        "Keep-Alive": "timeout=5",
        "X-Powered-By": "Express"
      },
      "ResponseBody": {
        "id": "/subscriptions/00000000-0000-0000-0000-000000000000/resourceGroups/sqlcrudtest-2369/providers/Microsoft.Sql/servers/sqlcrudtest-8069/elasticPools/sqlcrudtest-8102",
        "name": "sqlcrudtest-8102",
        "type": "aaaaaaa",
        "location": "a",
        "tags": {
          "key1829": "aaaaaaaaaaaaaaaaaaaaaaaaa"
        },
        "sku": {
          "name": "sqlcrudtest-8102",
          "tier": "aaaaaaaaaaaaaa",
          "size": "aaaaaaaaa",
          "family": "aaaaaaaaaaaaaaaaaaaaaaaa",
          "capacity": 29
        },
        "kind": "a",
        "properties": {
          "state": "Creating",
          "creationDate": "2021-12-08T07:18:56.725Z",
          "maxSizeBytes": 4,
          "perDatabaseSettings": {
            "minCapacity": 9,
            "maxCapacity": 22
          },
          "zoneRedundant": true,
          "licenseType": "LicenseIncluded",
          "maintenanceConfigurationId": "aa"
        }
      }
    }
  ],
  "Variables": {
    "RandomSeed": "1560703839",
    "RESOURCE_MANAGER_URL": "https://localhost:8443",
    "SUBSCRIPTION_ID": "00000000-0000-0000-0000-000000000000"
  }
}
