{
  "Entries": [
    {
      "RequestUri": "https://kasobolcanadacentral.file.core.windows.net/test-share-c90aa5c9-5038-fbd3-1f16-751fe9b93516?restype=share",
      "RequestMethod": "PUT",
      "RequestHeaders": {
        "Accept": "application/xml",
        "Authorization": "Sanitized",
        "traceparent": "00-2ae4065e6f0f744582a4710d3d05caea-b07266f55ed69d4c-00",
        "User-Agent": [
          "azsdk-net-Storage.Files.Shares/12.7.0-alpha.20210603.1",
          "(.NET 5.0.6; Microsoft Windows 10.0.19043)"
        ],
        "x-ms-client-request-id": "4cfa67d0-f87e-cdc5-968a-877d9ecf2cf7",
        "x-ms-date": "Thu, 03 Jun 2021 21:32:49 GMT",
        "x-ms-return-client-request-id": "true",
        "x-ms-version": "2020-10-02"
      },
      "RequestBody": null,
      "StatusCode": 201,
      "ResponseHeaders": {
        "Content-Length": "0",
        "Date": "Thu, 03 Jun 2021 21:32:49 GMT",
        "ETag": "\"0x8D926D72329A592\"",
        "Last-Modified": "Thu, 03 Jun 2021 21:32:49 GMT",
        "Server": [
          "Windows-Azure-File/1.0",
          "Microsoft-HTTPAPI/2.0"
        ],
        "x-ms-client-request-id": "4cfa67d0-f87e-cdc5-968a-877d9ecf2cf7",
        "x-ms-request-id": "f1be6223-e01a-0023-7fc0-585072000000",
        "x-ms-version": "2020-10-02"
      },
      "ResponseBody": []
    },
    {
      "RequestUri": "https://kasobolcanadacentral.file.core.windows.net/test-share-c90aa5c9-5038-fbd3-1f16-751fe9b93516?sv=2020-10-02&st=2021-06-03T20%3A32%3A50Z&se=2021-06-03T22%3A32%3A50Z&sr=s&sp=rcwdl&sig=Sanitized&restype=directory",
      "RequestMethod": "GET",
      "RequestHeaders": {
        "Accept": "application/xml",
        "User-Agent": [
          "azsdk-net-Storage.Files.Shares/12.7.0-alpha.20210603.1",
          "(.NET 5.0.6; Microsoft Windows 10.0.19043)"
        ],
        "x-ms-client-request-id": "814e351a-e8bf-9b97-46f0-085b8c6d28ea",
        "x-ms-return-client-request-id": "true",
        "x-ms-version": "2020-10-02"
      },
      "RequestBody": null,
      "StatusCode": 200,
      "ResponseHeaders": {
        "Content-Length": "0",
        "Date": "Thu, 03 Jun 2021 21:32:49 GMT",
        "ETag": "\"0x8D926D72335795D\"",
        "Last-Modified": "Thu, 03 Jun 2021 21:32:50 GMT",
        "Server": [
          "Windows-Azure-File/1.0",
          "Microsoft-HTTPAPI/2.0"
        ],
        "x-ms-client-request-id": "814e351a-e8bf-9b97-46f0-085b8c6d28ea",
        "x-ms-file-attributes": "Directory",
        "x-ms-file-change-time": "2021-06-03T21:32:50.0167005Z",
        "x-ms-file-creation-time": "2021-06-03T21:32:50.0167005Z",
        "x-ms-file-id": "0",
        "x-ms-file-last-write-time": "2021-06-03T21:32:50.0167005Z",
        "x-ms-file-parent-id": "0",
        "x-ms-request-id": "f1be6225-e01a-0023-80c0-585072000000",
        "x-ms-server-encrypted": "false",
        "x-ms-version": "2020-10-02"
      },
      "ResponseBody": []
    },
    {
      "RequestUri": "https://kasobolcanadacentral.file.core.windows.net/test-share-c90aa5c9-5038-fbd3-1f16-751fe9b93516?restype=share",
      "RequestMethod": "DELETE",
      "RequestHeaders": {
        "Accept": "application/xml",
        "Authorization": "Sanitized",
        "traceparent": "00-032a31b4d11f924c8fb0fdb140cd0558-3e31616387daf54b-00",
        "User-Agent": [
          "azsdk-net-Storage.Files.Shares/12.7.0-alpha.20210603.1",
          "(.NET 5.0.6; Microsoft Windows 10.0.19043)"
        ],
        "x-ms-client-request-id": "686291a2-aa80-1738-67c3-d81967a8294c",
        "x-ms-date": "Thu, 03 Jun 2021 21:32:50 GMT",
        "x-ms-delete-snapshots": "include",
        "x-ms-return-client-request-id": "true",
        "x-ms-version": "2020-10-02"
      },
      "RequestBody": null,
      "StatusCode": 202,
      "ResponseHeaders": {
        "Content-Length": "0",
        "Date": "Thu, 03 Jun 2021 21:32:49 GMT",
        "Server": [
          "Windows-Azure-File/1.0",
          "Microsoft-HTTPAPI/2.0"
        ],
        "x-ms-client-request-id": "686291a2-aa80-1738-67c3-d81967a8294c",
        "x-ms-request-id": "f1be6226-e01a-0023-01c0-585072000000",
        "x-ms-version": "2020-10-02"
      },
      "ResponseBody": []
    }
  ],
  "Variables": {
    "DateTimeOffsetNow": "2021-06-03T16:32:50.0420801-05:00",
    "RandomSeed": "1000458038",
    "Storage_TestConfigDefault": "ProductionTenant\nkasobolcanadacentral\nU2FuaXRpemVk\nhttps://kasobolcanadacentral.blob.core.windows.net\nhttps://kasobolcanadacentral.file.core.windows.net\nhttps://kasobolcanadacentral.queue.core.windows.net\nhttps://kasobolcanadacentral.table.core.windows.net\n\n\n\n\nhttps://kasobolcanadacentral-secondary.blob.core.windows.net\nhttps://kasobolcanadacentral-secondary.file.core.windows.net\nhttps://kasobolcanadacentral-secondary.queue.core.windows.net\nhttps://kasobolcanadacentral-secondary.table.core.windows.net\n\nSanitized\n\n\nCloud\nBlobEndpoint=https://kasobolcanadacentral.blob.core.windows.net/;QueueEndpoint=https://kasobolcanadacentral.queue.core.windows.net/;FileEndpoint=https://kasobolcanadacentral.file.core.windows.net/;BlobSecondaryEndpoint=https://kasobolcanadacentral-secondary.blob.core.windows.net/;QueueSecondaryEndpoint=https://kasobolcanadacentral-secondary.queue.core.windows.net/;FileSecondaryEndpoint=https://kasobolcanadacentral-secondary.file.core.windows.net/;AccountName=kasobolcanadacentral;AccountKey=Kg==;\nencryptionScope\n\n"
  }
}