{
  "Entries": [
    {
      "RequestUri": "/subscriptions/3312c132-fc40-493f-9c97-82d80256a313/providers/Microsoft.Web?api-version=2015-11-01",
      "RequestMethod": "GET",
      "RequestBody": "",
      "RequestHeaders": {
        "x-ms-client-request-id": [
          "fc0e505f-d97b-4273-ace1-99f79bf99742"
        ],
        "accept-language": [
          "en-US"
        ],
        "User-Agent": [
          "Microsoft.Azure.Management.Resources.ResourceManagementClient/3.0.0.0"
        ]
      },
      "ResponseBody": "{\r\n  \"id\": \"/subscriptions/3312c132-fc40-493f-9c97-82d80256a313/providers/Microsoft.Web\",\r\n  \"namespace\": \"Microsoft.Web\",\r\n  \"authorization\": {\r\n    \"applicationId\": \"abfa0a7c-a6b6-4736-8310-5855508787cd\",\r\n    \"roleDefinitionId\": \"f47ed98b-b063-4a5b-9e10-4b9b44fa7735\"\r\n  },\r\n  \"resourceTypes\": [\r\n    {\r\n      \"resourceType\": \"sites/extensions\",\r\n      \"locations\": [\r\n        \"West US\",\r\n        \"East US\",\r\n        \"East US 2\"\r\n      ],\r\n      \"apiVersions\": [\r\n        \"2015-08-01\",\r\n        \"2015-06-01\",\r\n        \"2015-05-01\",\r\n        \"2015-04-01-privatepreview\",\r\n        \"2015-04-01\",\r\n        \"2015-02-01-privatepreview\",\r\n        \"2015-02-01\",\r\n        \"2014-11-01-privatepreview\",\r\n        \"2014-11-01\",\r\n        \"2014-06-01\",\r\n        \"2014-04-01\"\r\n      ]\r\n    },\r\n    {\r\n      \"resourceType\": \"sites/slots/extensions\",\r\n      \"locations\": [\r\n        \"West US\",\r\n        \"East US\",\r\n        \"East US 2\"\r\n      ],\r\n      \"apiVersions\": [\r\n        \"2015-08-01\",\r\n        \"2015-06-01\",\r\n        \"2015-05-01\",\r\n        \"2015-04-01-privatepreview\",\r\n        \"2015-04-01\",\r\n        \"2015-02-01-privatepreview\",\r\n        \"2015-02-01\",\r\n        \"2014-11-01-privatepreview\",\r\n        \"2014-11-01\",\r\n        \"2014-06-01\",\r\n        \"2014-04-01\"\r\n      ]\r\n    },\r\n    {\r\n      \"resourceType\": \"sites/instances\",\r\n      \"locations\": [\r\n        \"West US\",\r\n        \"East US\",\r\n        \"East US 2\"\r\n      ],\r\n      \"apiVersions\": [\r\n        \"2015-08-01\",\r\n        \"2015-06-01\",\r\n        \"2015-05-01\",\r\n        \"2015-04-01-privatepreview\",\r\n        \"2015-04-01\",\r\n        \"2015-02-01-privatepreview\",\r\n        \"2015-02-01\",\r\n        \"2014-11-01-privatepreview\",\r\n        \"2014-11-01\",\r\n        \"2014-06-01\",\r\n        \"2014-04-01\"\r\n      ]\r\n    },\r\n    {\r\n      \"resourceType\": \"sites/slots/instances\",\r\n      \"locations\": [\r\n        \"West US\",\r\n        \"East US\",\r\n        \"East US 2\"\r\n      ],\r\n      \"apiVersions\": [\r\n        \"2015-08-01\",\r\n        \"2015-06-01\",\r\n        \"2015-05-01\",\r\n        \"2015-04-01-privatepreview\",\r\n        \"2015-04-01\",\r\n        \"2015-02-01-privatepreview\",\r\n        \"2015-02-01\",\r\n        \"2014-11-01-privatepreview\",\r\n        \"2014-11-01\",\r\n        \"2014-06-01\",\r\n        \"2014-04-01\"\r\n      ]\r\n    },\r\n    {\r\n      \"resourceType\": \"sites/instances/extensions\",\r\n      \"locations\": [\r\n        \"West US\",\r\n        \"East US\",\r\n        \"East US 2\"\r\n      ],\r\n      \"apiVersions\": [\r\n        \"2015-08-01\",\r\n        \"2015-06-01\",\r\n        \"2015-05-01\",\r\n        \"2015-04-01-privatepreview\",\r\n        \"2015-04-01\",\r\n        \"2015-02-01-privatepreview\",\r\n        \"2015-02-01\",\r\n        \"2014-11-01-privatepreview\",\r\n        \"2014-11-01\",\r\n        \"2014-06-01\",\r\n        \"2014-04-01\"\r\n      ]\r\n    },\r\n    {\r\n      \"resourceType\": \"sites/slots/instances/extensions\",\r\n      \"locations\": [\r\n        \"West US\",\r\n        \"East US\",\r\n        \"East US 2\"\r\n      ],\r\n      \"apiVersions\": [\r\n        \"2015-08-01-privatepreview\",\r\n        \"2015-08-01\",\r\n        \"2015-06-01\",\r\n        \"2015-05-01\",\r\n        \"2015-04-01-privatepreview\",\r\n        \"2015-04-01\",\r\n        \"2015-02-01-privatepreview\",\r\n        \"2015-02-01\",\r\n        \"2014-11-01-privatepreview\",\r\n        \"2014-11-01\",\r\n        \"2014-06-01\",\r\n        \"2014-04-01\"\r\n      ]\r\n    },\r\n    {\r\n      \"resourceType\": \"publishingUsers\",\r\n      \"locations\": [\r\n        \"West US\",\r\n        \"East US\",\r\n        \"East US 2\"\r\n      ],\r\n      \"apiVersions\": [\r\n        \"2015-08-01-privatepreview\",\r\n        \"2015-08-01\",\r\n        \"2015-06-01\",\r\n        \"2015-05-01\",\r\n        \"2015-04-01-privatepreview\",\r\n        \"2015-04-01\",\r\n        \"2015-02-01-privatepreview\",\r\n        \"2015-02-01\",\r\n        \"2014-11-01-privatepreview\",\r\n        \"2014-11-01\",\r\n        \"2014-06-01\",\r\n        \"2014-04-01-privatepreview\",\r\n        \"2014-04-01\"\r\n      ]\r\n    },\r\n    {\r\n      \"resourceType\": \"ishostnameavailable\",\r\n      \"locations\": [\r\n        \"West US\",\r\n        \"East US\",\r\n        \"East US 2\"\r\n      ],\r\n      \"apiVersions\": [\r\n        \"2015-08-01-privatepreview\",\r\n        \"2015-08-01\",\r\n        \"2015-06-01\",\r\n        \"2015-05-01\",\r\n        \"2015-04-01-privatepreview\",\r\n        \"2015-04-01\",\r\n        \"2015-02-01-privatepreview\",\r\n        \"2015-02-01\",\r\n        \"2014-11-01-privatepreview\",\r\n        \"2014-11-01\",\r\n        \"2014-06-01\",\r\n        \"2014-04-01-privatepreview\",\r\n        \"2014-04-01\"\r\n      ]\r\n    },\r\n    {\r\n      \"resourceType\": \"sourceControls\",\r\n      \"locations\": [\r\n        \"West US\",\r\n        \"East US\",\r\n        \"East US 2\"\r\n      ],\r\n      \"apiVersions\": [\r\n        \"2015-08-01\",\r\n        \"2015-06-01\",\r\n        \"2015-05-01\",\r\n        \"2015-04-01-privatepreview\",\r\n        \"2015-04-01\",\r\n        \"2015-02-01-privatepreview\",\r\n        \"2015-02-01\",\r\n        \"2014-11-01-privatepreview\",\r\n        \"2014-11-01\",\r\n        \"2014-06-01\",\r\n        \"2014-04-01-privatepreview\",\r\n        \"2014-04-01\"\r\n      ]\r\n    },\r\n    {\r\n      \"resourceType\": \"operations\",\r\n      \"locations\": [\r\n        \"West US\",\r\n        \"East US\",\r\n        \"East US 2\"\r\n      ],\r\n      \"apiVersions\": [\r\n        \"2015-08-01-privatepreview\",\r\n        \"2015-08-01\",\r\n        \"2015-06-01\",\r\n        \"2015-05-01\",\r\n        \"2015-04-01-privatepreview\",\r\n        \"2015-04-01\",\r\n        \"2015-02-01-privatepreview\",\r\n        \"2015-02-01\",\r\n        \"2014-11-01-privatepreview\",\r\n        \"2014-11-01\",\r\n        \"2014-06-01\",\r\n        \"2014-04-01-privatepreview\",\r\n        \"2014-04-01\"\r\n      ]\r\n    },\r\n    {\r\n      \"resourceType\": \"listSitesAssignedToHostName\",\r\n      \"locations\": [\r\n        \"West US\",\r\n        \"East US\",\r\n        \"East US 2\"\r\n      ],\r\n      \"apiVersions\": [\r\n        \"2015-08-01\",\r\n        \"2015-04-01-privatepreview\",\r\n        \"2015-04-01\",\r\n        \"2015-02-01-privatepreview\",\r\n        \"2015-02-01\",\r\n        \"2014-11-01-privatepreview\",\r\n        \"2014-11-01\"\r\n      ]\r\n    },\r\n    {\r\n      \"resourceType\": \"sites/hostNameBindings\",\r\n      \"locations\": [\r\n        \"West US\",\r\n        \"East US\",\r\n        \"East US 2\"\r\n      ],\r\n      \"apiVersions\": [\r\n        \"2015-08-01-privatepreview\",\r\n        \"2015-08-01-alpha\",\r\n        \"2015-08-01\",\r\n        \"2015-04-01-privatepreview\",\r\n        \"2015-04-01\",\r\n        \"2015-02-01-privatepreview\",\r\n        \"2015-02-01\",\r\n        \"2014-11-01-privatepreview\",\r\n        \"2014-11-01\"\r\n      ]\r\n    },\r\n    {\r\n      \"resourceType\": \"sites/slots/hostNameBindings\",\r\n      \"locations\": [\r\n        \"West US\",\r\n        \"East US\",\r\n        \"East US 2\"\r\n      ],\r\n      \"apiVersions\": [\r\n        \"2015-08-01-privatepreview\",\r\n        \"2015-08-01\",\r\n        \"2015-04-01-privatepreview\",\r\n        \"2015-04-01\",\r\n        \"2015-02-01-privatepreview\",\r\n        \"2015-02-01\",\r\n        \"2014-11-01-privatepreview\",\r\n        \"2014-11-01\"\r\n      ]\r\n    },\r\n    {\r\n      \"resourceType\": \"certificates\",\r\n      \"locations\": [\r\n        \"West US\",\r\n        \"East US\",\r\n        \"East US 2\"\r\n      ],\r\n      \"apiVersions\": [\r\n        \"2015-08-01-privatepreview\",\r\n        \"2015-08-01-alpha\",\r\n        \"2015-08-01\",\r\n        \"2015-06-01\",\r\n        \"2015-05-01\",\r\n        \"2015-04-01-privatepreview\",\r\n        \"2015-04-01\",\r\n        \"2015-02-02\",\r\n        \"2015-02-01-privatepreview\",\r\n        \"2015-02-01\",\r\n        \"2014-11-01-privatepreview\",\r\n        \"2014-11-01\",\r\n        \"2014-06-01\",\r\n        \"2014-04-01-privatepreview\",\r\n        \"2014-04-01\"\r\n      ]\r\n    },\r\n    {\r\n      \"resourceType\": \"serverFarms\",\r\n      \"locations\": [\r\n        \"West US\",\r\n        \"East US\",\r\n        \"East US 2\"\r\n      ],\r\n      \"apiVersions\": [\r\n        \"2015-08-01-privatepreview\",\r\n        \"2015-08-01\",\r\n        \"2015-06-01-privatepreview\",\r\n        \"2015-06-01\",\r\n        \"2015-05-01\",\r\n        \"2015-04-01-privatepreview\",\r\n        \"2015-04-01\",\r\n        \"2015-02-02\",\r\n        \"2015-02-01-privatepreview\",\r\n        \"2015-02-01\",\r\n        \"2014-11-01-privatepreview\",\r\n        \"2014-11-01\",\r\n        \"2014-06-01\",\r\n        \"2014-04-01-privatepreview\",\r\n        \"2014-04-01\"\r\n      ]\r\n    },\r\n    {\r\n      \"resourceType\": \"sites\",\r\n      \"locations\": [\r\n        \"West US\",\r\n        \"East US\",\r\n        \"East US 2\"\r\n      ],\r\n      \"apiVersions\": [\r\n        \"2015-08-01-privatepreview\",\r\n        \"2015-08-01-alpha\",\r\n        \"2015-08-01\",\r\n        \"2015-06-01\",\r\n        \"2015-05-01\",\r\n        \"2015-04-01-privatepreview\",\r\n        \"2015-04-01\",\r\n        \"2015-02-01-privatepreview\",\r\n        \"2015-02-01\",\r\n        \"2014-11-01-privatepreview\",\r\n        \"2014-11-01\",\r\n        \"2014-06-01\",\r\n        \"2014-04-01\"\r\n      ]\r\n    },\r\n    {\r\n      \"resourceType\": \"runtimes\",\r\n      \"locations\": [],\r\n      \"apiVersions\": [\r\n        \"2015-08-01\",\r\n        \"2015-06-01\",\r\n        \"2015-05-01\",\r\n        \"2015-04-01-privatepreview\",\r\n        \"2015-04-01\",\r\n        \"2015-02-01-privatepreview\",\r\n        \"2015-02-01\",\r\n        \"2014-11-01-privatepreview\",\r\n        \"2014-11-01\",\r\n        \"2014-06-01\",\r\n        \"2014-04-01-privatepreview\",\r\n        \"2014-04-01\"\r\n      ]\r\n    },\r\n    {\r\n      \"resourceType\": \"sites/slots\",\r\n      \"locations\": [\r\n        \"West US\",\r\n        \"East US\",\r\n        \"East US 2\"\r\n      ],\r\n      \"apiVersions\": [\r\n        \"2015-08-01-privatepreview\",\r\n        \"2015-08-01\",\r\n        \"2015-06-01\",\r\n        \"2015-05-01\",\r\n        \"2015-04-01-privatepreview\",\r\n        \"2015-04-01\",\r\n        \"2015-02-02\",\r\n        \"2015-02-01-privatepreview\",\r\n        \"2015-02-01\",\r\n        \"2014-11-01-privatepreview\",\r\n        \"2014-11-01\",\r\n        \"2014-06-01\",\r\n        \"2014-04-01-privatepreview\",\r\n        \"2014-04-01\"\r\n      ]\r\n    },\r\n    {\r\n      \"resourceType\": \"sites/metrics\",\r\n      \"locations\": [],\r\n      \"apiVersions\": [\r\n        \"2015-08-01\",\r\n        \"2015-06-01\",\r\n        \"2015-05-01\",\r\n        \"2015-04-01\",\r\n        \"2015-02-01\",\r\n        \"2014-11-01\",\r\n        \"2014-06-01\",\r\n        \"2014-04-01-privatepreview\",\r\n        \"2014-04-01\"\r\n      ]\r\n    },\r\n    {\r\n      \"resourceType\": \"sites/metricDefinitions\",\r\n      \"locations\": [],\r\n      \"apiVersions\": [\r\n        \"2015-06-01\",\r\n        \"2015-05-01\",\r\n        \"2015-04-01\",\r\n        \"2015-02-01\",\r\n        \"2014-11-01\",\r\n        \"2014-06-01\",\r\n        \"2014-04-01-privatepreview\",\r\n        \"2014-04-01\"\r\n      ]\r\n    },\r\n    {\r\n      \"resourceType\": \"serverFarms/metrics\",\r\n      \"locations\": [],\r\n      \"apiVersions\": [\r\n        \"2015-08-01\",\r\n        \"2015-06-01\",\r\n        \"2015-05-01\",\r\n        \"2015-04-01-privatepreview\",\r\n        \"2015-04-01\",\r\n        \"2015-02-01-privatepreview\",\r\n        \"2015-02-01\",\r\n        \"2014-11-01-privatepreview\",\r\n        \"2014-11-01\",\r\n        \"2014-06-01\",\r\n        \"2014-04-01-privatepreview\",\r\n        \"2014-04-01\"\r\n      ]\r\n    },\r\n    {\r\n      \"resourceType\": \"serverFarms/metricDefinitions\",\r\n      \"locations\": [],\r\n      \"apiVersions\": [\r\n        \"2015-06-01\",\r\n        \"2015-05-01\",\r\n        \"2015-04-01\",\r\n        \"2015-02-01\",\r\n        \"2014-11-01\",\r\n        \"2014-06-01\",\r\n        \"2014-04-01-privatepreview\",\r\n        \"2014-04-01\"\r\n      ]\r\n    },\r\n    {\r\n      \"resourceType\": \"georegions\",\r\n      \"locations\": [],\r\n      \"apiVersions\": [\r\n        \"2015-08-01\",\r\n        \"2015-06-01\",\r\n        \"2015-05-01\",\r\n        \"2015-04-01-privatepreview\",\r\n        \"2015-04-01\",\r\n        \"2015-02-01-privatepreview\",\r\n        \"2015-02-01\",\r\n        \"2014-11-01-privatepreview\",\r\n        \"2014-11-01\",\r\n        \"2014-06-01\",\r\n        \"2014-04-01-privatepreview\",\r\n        \"2014-04-01\"\r\n      ]\r\n    },\r\n    {\r\n      \"resourceType\": \"webquotas\",\r\n      \"locations\": [],\r\n      \"apiVersions\": [\r\n        \"2015-08-01\",\r\n        \"2015-06-01\",\r\n        \"2015-05-01\",\r\n        \"2015-04-01-privatepreview\",\r\n        \"2015-04-01\",\r\n        \"2015-02-01-privatepreview\",\r\n        \"2015-02-01\",\r\n        \"2014-11-01-privatepreview\",\r\n        \"2014-11-01\",\r\n        \"2014-06-01\",\r\n        \"2014-04-01-privatepreview\",\r\n        \"2014-04-01\"\r\n      ]\r\n    },\r\n    {\r\n      \"resourceType\": \"sites/premierAddOns\",\r\n      \"locations\": [],\r\n      \"apiVersions\": [\r\n        \"2015-08-01-privatepreview\",\r\n        \"2015-08-01\",\r\n        \"2015-06-01\",\r\n        \"2015-05-01\",\r\n        \"2015-04-01-privatepreview\",\r\n        \"2015-04-01\",\r\n        \"2015-02-01-privatepreview\",\r\n        \"2015-02-01\",\r\n        \"2014-11-01-privatepreview\",\r\n        \"2014-11-01\",\r\n        \"2014-06-01\",\r\n        \"2014-04-01\"\r\n      ]\r\n    },\r\n    {\r\n      \"resourceType\": \"hostingEnvironments\",\r\n      \"locations\": [\r\n        \"West US\",\r\n        \"East US\",\r\n        \"East US 2\"\r\n      ],\r\n      \"apiVersions\": [\r\n        \"2015-08-01\",\r\n        \"2015-06-01\",\r\n        \"2015-05-01\",\r\n        \"2015-04-01-privatepreview\",\r\n        \"2015-04-01\",\r\n        \"2015-02-01-privatepreview\",\r\n        \"2015-02-01\",\r\n        \"2014-11-01-privatepreview\",\r\n        \"2014-11-01\",\r\n        \"2014-06-01\",\r\n        \"2014-04-01-privatepreview\",\r\n        \"2014-04-01\"\r\n      ]\r\n    }\r\n  ],\r\n  \"registrationState\": \"Registered\"\r\n}",
      "ResponseHeaders": {
        "Content-Type": [
          "application/json; charset=utf-8"
        ],
        "Expires": [
          "-1"
        ],
        "Cache-Control": [
          "no-cache"
        ],
        "Date": [
          "Fri, 11 Dec 2015 01:53:20 GMT"
        ],
        "Pragma": [
          "no-cache"
        ],
        "Vary": [
          "Accept-Encoding"
        ],
        "x-ms-ratelimit-remaining-subscription-reads": [
          "14751"
        ],
        "x-ms-request-id": [
          "221bcf0a-bf75-4399-8ae5-d2d3e870d1c9"
        ],
        "x-ms-correlation-request-id": [
          "221bcf0a-bf75-4399-8ae5-d2d3e870d1c9"
        ],
        "x-ms-routing-request-id": [
          "CENTRALUS:20151211T015320Z:221bcf0a-bf75-4399-8ae5-d2d3e870d1c9"
        ],
        "Strict-Transport-Security": [
          "max-age=31536000; includeSubDomains"
        ]
      },
      "StatusCode": 200
    },
    {
      "RequestUri": "/subscriptions/3312c132-fc40-493f-9c97-82d80256a313/resourcegroups/csmrg6571?api-version=2015-11-01",
      "RequestMethod": "PUT",
      "RequestBody": "{\r\n  \"location\": \"West US\"\r\n}",
      "RequestHeaders": {
        "Content-Type": [
          "application/json; charset=utf-8"
        ],
        "Content-Length": [
          "29"
        ],
        "x-ms-client-request-id": [
          "dcba87ec-c877-456e-8141-dd488f19d2c1"
        ],
        "accept-language": [
          "en-US"
        ],
        "User-Agent": [
          "Microsoft.Azure.Management.Resources.ResourceManagementClient/3.0.0.0"
        ]
      },
      "ResponseBody": "{\r\n  \"id\": \"/subscriptions/3312c132-fc40-493f-9c97-82d80256a313/resourceGroups/csmrg6571\",\r\n  \"name\": \"csmrg6571\",\r\n  \"location\": \"westus\",\r\n  \"properties\": {\r\n    \"provisioningState\": \"Succeeded\"\r\n  }\r\n}",
      "ResponseHeaders": {
        "Content-Length": [
          "171"
        ],
        "Content-Type": [
          "application/json; charset=utf-8"
        ],
        "Expires": [
          "-1"
        ],
        "Cache-Control": [
          "no-cache"
        ],
        "Date": [
          "Fri, 11 Dec 2015 01:53:20 GMT"
        ],
        "Pragma": [
          "no-cache"
        ],
        "x-ms-ratelimit-remaining-subscription-writes": [
          "943"
        ],
        "x-ms-request-id": [
          "1187011c-1575-4910-bc3a-3dac8838c437"
        ],
        "x-ms-correlation-request-id": [
          "1187011c-1575-4910-bc3a-3dac8838c437"
        ],
        "x-ms-routing-request-id": [
          "CENTRALUS:20151211T015321Z:1187011c-1575-4910-bc3a-3dac8838c437"
        ],
        "Strict-Transport-Security": [
          "max-age=31536000; includeSubDomains"
        ]
      },
      "StatusCode": 201
    },
    {
      "RequestUri": "/subscriptions/3312c132-fc40-493f-9c97-82d80256a313/resourceGroups/csmrg6571/providers/Microsoft.Web/serverfarms/csmwhp9963?api-version=2015-08-01",
      "RequestMethod": "PUT",
      "RequestBody": "{\r\n  \"sku\": {\r\n    \"name\": \"S1\",\r\n    \"tier\": \"Standard\",\r\n    \"capacity\": 1\r\n  },\r\n  \"location\": \"West US\",\r\n  \"properties\": {\r\n    \"name\": \"csmwhp9963\"\r\n  }\r\n}",
      "RequestHeaders": {
        "Content-Type": [
          "application/json; charset=utf-8"
        ],
        "Content-Length": [
          "161"
        ],
        "x-ms-client-request-id": [
          "c1b43f10-777a-4e6b-91c0-c8719e6b2bf4"
        ],
        "accept-language": [
          "en-US"
        ],
        "User-Agent": [
          "Microsoft.Azure.Management.WebSites.WebSiteManagementClient/1.0.0.1"
        ],
        "Accept": [
          "application/json"
        ]
      },
      "ResponseBody": "{\r\n  \"id\": \"/subscriptions/3312c132-fc40-493f-9c97-82d80256a313/resourceGroups/csmrg6571/providers/Microsoft.Web/serverfarms/csmwhp9963\",\r\n  \"name\": \"csmwhp9963\",\r\n  \"type\": \"Microsoft.Web/serverfarms\",\r\n  \"location\": \"West US\",\r\n  \"tags\": null,\r\n  \"properties\": {\r\n    \"serverFarmId\": 0,\r\n    \"name\": \"csmwhp9963\",\r\n    \"workerSize\": 0,\r\n    \"workerSizeId\": 0,\r\n    \"numberOfWorkers\": 1,\r\n    \"currentWorkerSize\": 0,\r\n    \"currentWorkerSizeId\": 0,\r\n    \"currentNumberOfWorkers\": 1,\r\n    \"status\": 0,\r\n    \"webSpace\": \"csmrg6571-WestUSwebspace\",\r\n    \"subscription\": \"3312c132-fc40-493f-9c97-82d80256a313\",\r\n    \"adminSiteName\": null,\r\n    \"hostingEnvironment\": null,\r\n    \"hostingEnvironmentProfile\": null,\r\n    \"maximumNumberOfWorkers\": 10,\r\n    \"planName\": \"VirtualDedicatedPlan\",\r\n    \"adminRuntimeSiteName\": null,\r\n    \"computeMode\": 0,\r\n    \"siteMode\": null,\r\n    \"geoRegion\": \"West US\",\r\n    \"perSiteScaling\": false,\r\n    \"numberOfSites\": 0,\r\n    \"hostingEnvironmentId\": null,\r\n    \"tags\": null,\r\n    \"kind\": null,\r\n    \"resourceGroup\": \"csmrg6571\"\r\n  },\r\n  \"sku\": {\r\n    \"name\": \"S1\",\r\n    \"tier\": \"Standard\",\r\n    \"size\": \"S1\",\r\n    \"family\": \"S\",\r\n    \"capacity\": 1\r\n  }\r\n}",
      "ResponseHeaders": {
        "Content-Type": [
          "application/json"
        ],
        "Expires": [
          "-1"
        ],
        "Cache-Control": [
          "no-cache"
        ],
        "Date": [
          "Fri, 11 Dec 2015 01:53:27 GMT"
        ],
        "Pragma": [
          "no-cache"
        ],
        "Transfer-Encoding": [
          "chunked"
        ],
        "Server": [
          "Microsoft-IIS/8.0"
        ],
        "Vary": [
          "Accept-Encoding"
        ],
        "Strict-Transport-Security": [
          "max-age=31536000; includeSubDomains"
        ],
        "x-ms-request-id": [
          "e584d339-2d2f-4b5c-aeb5-4e93e93d47fd"
        ],
        "X-AspNet-Version": [
          "4.0.30319"
        ],
        "X-Powered-By": [
          "ASP.NET"
        ],
        "x-ms-ratelimit-remaining-subscription-writes": [
          "1055"
        ],
        "x-ms-correlation-request-id": [
          "94721e4c-2902-4ebf-8bf0-3b88d551a1c2"
        ],
        "x-ms-routing-request-id": [
          "CENTRALUS:20151211T015327Z:94721e4c-2902-4ebf-8bf0-3b88d551a1c2"
        ]
      },
      "StatusCode": 200
    },
    {
      "RequestUri": "/subscriptions/3312c132-fc40-493f-9c97-82d80256a313/resourceGroups/csmrg6571/providers/Microsoft.Web/sites/csmws6908?api-version=2015-08-01",
      "RequestMethod": "PUT",
      "RequestBody": "{\r\n  \"location\": \"West US\",\r\n  \"properties\": {\r\n    \"name\": \"csmws6908\",\r\n    \"serverFarmId\": \"/subscriptions/3312c132-fc40-493f-9c97-82d80256a313/resourcegroups/csmrg6571/providers/Microsoft.Web/serverfarms/csmwhp9963\"\r\n  }\r\n}",
      "RequestHeaders": {
        "Content-Type": [
          "application/json; charset=utf-8"
        ],
        "Content-Length": [
          "227"
        ],
        "x-ms-client-request-id": [
          "440ff6fe-53a6-4bc4-9fbf-80bece74aa29"
        ],
        "accept-language": [
          "en-US"
        ],
        "User-Agent": [
          "Microsoft.Azure.Management.WebSites.WebSiteManagementClient/1.0.0.1"
        ],
        "Accept": [
          "application/json"
        ]
      },
      "ResponseBody": "{\r\n  \"id\": \"/subscriptions/3312c132-fc40-493f-9c97-82d80256a313/resourceGroups/csmrg6571/providers/Microsoft.Web/sites/csmws6908\",\r\n  \"name\": \"csmws6908\",\r\n  \"type\": \"Microsoft.Web/sites\",\r\n  \"location\": \"West US\",\r\n  \"tags\": null,\r\n  \"properties\": {\r\n    \"name\": \"csmws6908\",\r\n    \"state\": \"Running\",\r\n    \"hostNames\": [\r\n      \"csmws6908.waws-ppedf.windows-int.net\"\r\n    ],\r\n    \"webSpace\": \"csmrg6571-WestUSwebspace\",\r\n    \"selfLink\": \"https://waws-ppedf-bay-001.api.admin-waws-ppedf.windows-int.net:454/subscriptions/3312c132-fc40-493f-9c97-82d80256a313/webspaces/csmrg6571-WestUSwebspace/sites/csmws6908\",\r\n    \"repositorySiteName\": \"csmws6908\",\r\n    \"owner\": null,\r\n    \"usageState\": 0,\r\n    \"enabled\": true,\r\n    \"adminEnabled\": true,\r\n    \"enabledHostNames\": [\r\n      \"csmws6908.scm.waws-ppedf.windows-int.net\",\r\n      \"csmws6908.waws-ppedf.windows-int.net\"\r\n    ],\r\n    \"siteProperties\": {\r\n      \"metadata\": null,\r\n      \"properties\": [],\r\n      \"appSettings\": null\r\n    },\r\n    \"availabilityState\": 0,\r\n    \"sslCertificates\": null,\r\n    \"csrs\": [],\r\n    \"cers\": null,\r\n    \"siteMode\": null,\r\n    \"hostNameSslStates\": [\r\n      {\r\n        \"name\": \"csmws6908.scm.waws-ppedf.windows-int.net\",\r\n        \"sslState\": 0,\r\n        \"ipBasedSslResult\": null,\r\n        \"virtualIP\": null,\r\n        \"thumbprint\": null,\r\n        \"toUpdate\": null,\r\n        \"toUpdateIpBasedSsl\": null,\r\n        \"ipBasedSslState\": 0,\r\n        \"hostType\": 1\r\n      },\r\n      {\r\n        \"name\": \"csmws6908.waws-ppedf.windows-int.net\",\r\n        \"sslState\": 0,\r\n        \"ipBasedSslResult\": null,\r\n        \"virtualIP\": null,\r\n        \"thumbprint\": null,\r\n        \"toUpdate\": null,\r\n        \"toUpdateIpBasedSsl\": null,\r\n        \"ipBasedSslState\": 0,\r\n        \"hostType\": 0\r\n      }\r\n    ],\r\n    \"computeMode\": null,\r\n    \"serverFarm\": null,\r\n    \"serverFarmId\": \"/subscriptions/3312c132-fc40-493f-9c97-82d80256a313/resourceGroups/csmrg6571/providers/Microsoft.Web/serverfarms/csmwhp9963\",\r\n    \"lastModifiedTimeUtc\": \"2015-12-11T01:53:30.147\",\r\n    \"storageRecoveryDefaultState\": \"Running\",\r\n    \"contentAvailabilityState\": 0,\r\n    \"runtimeAvailabilityState\": 0,\r\n    \"siteConfig\": null,\r\n    \"deploymentId\": \"csmws6908\",\r\n    \"trafficManagerHostNames\": null,\r\n    \"sku\": \"Standard\",\r\n    \"premiumAppDeployed\": null,\r\n    \"scmSiteAlsoStopped\": false,\r\n    \"targetSwapSlot\": null,\r\n    \"hostingEnvironment\": null,\r\n    \"hostingEnvironmentProfile\": null,\r\n    \"microService\": \"WebSites\",\r\n    \"gatewaySiteName\": null,\r\n    \"clientAffinityEnabled\": true,\r\n    \"clientCertEnabled\": false,\r\n    \"hostNamesDisabled\": false,\r\n    \"domainVerificationIdentifiers\": null,\r\n    \"kind\": null,\r\n    \"outboundIpAddresses\": \"104.40.21.237,104.40.20.76,104.40.19.34,104.40.22.12\",\r\n    \"cloningInfo\": null,\r\n    \"hostingEnvironmentId\": null,\r\n    \"tags\": null\r\n  }\r\n}",
      "ResponseHeaders": {
        "Content-Type": [
          "application/json"
        ],
        "Expires": [
          "-1"
        ],
        "Cache-Control": [
          "no-cache"
        ],
        "Date": [
          "Fri, 11 Dec 2015 01:53:32 GMT"
        ],
        "Pragma": [
          "no-cache"
        ],
        "Transfer-Encoding": [
          "chunked"
        ],
        "Server": [
          "Microsoft-IIS/8.0"
        ],
        "Vary": [
          "Accept-Encoding"
        ],
        "Strict-Transport-Security": [
          "max-age=31536000; includeSubDomains"
        ],
        "x-ms-request-id": [
          "614556f3-36d9-44e4-bf18-485b3b4d9ccb"
        ],
        "X-AspNet-Version": [
          "4.0.30319"
        ],
        "X-Powered-By": [
          "ASP.NET"
        ],
        "x-ms-ratelimit-remaining-subscription-writes": [
          "1054"
        ],
        "x-ms-correlation-request-id": [
          "afb1e5a7-66d1-438b-b14f-91123e4f72e2"
        ],
        "x-ms-routing-request-id": [
          "CENTRALUS:20151211T015333Z:afb1e5a7-66d1-438b-b14f-91123e4f72e2"
        ]
      },
      "StatusCode": 200
    },
    {
      "RequestUri": "/subscriptions/3312c132-fc40-493f-9c97-82d80256a313/resourceGroups/csmrg6571/providers/Microsoft.Web/sites/csmws6908/slots/staging?api-version=2015-08-01",
      "RequestMethod": "PUT",
      "RequestBody": "{\r\n  \"location\": \"West US\",\r\n  \"properties\": {\r\n    \"serverFarmId\": \"/subscriptions/3312c132-fc40-493f-9c97-82d80256a313/resourcegroups/csmrg6571/providers/Microsoft.Web/serverfarms/csmwhp9963\"\r\n  }\r\n}",
      "RequestHeaders": {
        "Content-Type": [
          "application/json; charset=utf-8"
        ],
        "Content-Length": [
          "201"
        ],
        "x-ms-client-request-id": [
          "aa421e88-e344-459b-9b75-5802d7cecb48"
        ],
        "accept-language": [
          "en-US"
        ],
        "User-Agent": [
          "Microsoft.Azure.Management.WebSites.WebSiteManagementClient/1.0.0.1"
        ],
        "Accept": [
          "application/json"
        ]
      },
      "ResponseBody": "{\r\n  \"id\": \"/subscriptions/3312c132-fc40-493f-9c97-82d80256a313/resourceGroups/csmrg6571/providers/Microsoft.Web/sites/csmws6908/slots/staging\",\r\n  \"name\": \"csmws6908/staging\",\r\n  \"type\": \"Microsoft.Web/sites/slots\",\r\n  \"location\": \"West US\",\r\n  \"tags\": null,\r\n  \"properties\": {\r\n    \"name\": \"csmws6908(staging)\",\r\n    \"state\": \"Running\",\r\n    \"hostNames\": [\r\n      \"csmws6908-staging.waws-ppedf.windows-int.net\"\r\n    ],\r\n    \"webSpace\": \"csmrg6571-WestUSwebspace\",\r\n    \"selfLink\": \"https://waws-ppedf-bay-001.api.admin-waws-ppedf.windows-int.net:454/subscriptions/3312c132-fc40-493f-9c97-82d80256a313/webspaces/csmrg6571-WestUSwebspace/sites/csmws6908\",\r\n    \"repositorySiteName\": \"csmws6908\",\r\n    \"owner\": null,\r\n    \"usageState\": 0,\r\n    \"enabled\": true,\r\n    \"adminEnabled\": true,\r\n    \"enabledHostNames\": [\r\n      \"csmws6908-staging.scm.waws-ppedf.windows-int.net\",\r\n      \"csmws6908-staging.waws-ppedf.windows-int.net\"\r\n    ],\r\n    \"siteProperties\": {\r\n      \"metadata\": null,\r\n      \"properties\": [],\r\n      \"appSettings\": null\r\n    },\r\n    \"availabilityState\": 0,\r\n    \"sslCertificates\": null,\r\n    \"csrs\": [],\r\n    \"cers\": null,\r\n    \"siteMode\": null,\r\n    \"hostNameSslStates\": [\r\n      {\r\n        \"name\": \"csmws6908-staging.scm.waws-ppedf.windows-int.net\",\r\n        \"sslState\": 0,\r\n        \"ipBasedSslResult\": null,\r\n        \"virtualIP\": null,\r\n        \"thumbprint\": null,\r\n        \"toUpdate\": null,\r\n        \"toUpdateIpBasedSsl\": null,\r\n        \"ipBasedSslState\": 0,\r\n        \"hostType\": 1\r\n      },\r\n      {\r\n        \"name\": \"csmws6908-staging.waws-ppedf.windows-int.net\",\r\n        \"sslState\": 0,\r\n        \"ipBasedSslResult\": null,\r\n        \"virtualIP\": null,\r\n        \"thumbprint\": null,\r\n        \"toUpdate\": null,\r\n        \"toUpdateIpBasedSsl\": null,\r\n        \"ipBasedSslState\": 0,\r\n        \"hostType\": 0\r\n      }\r\n    ],\r\n    \"computeMode\": null,\r\n    \"serverFarm\": null,\r\n    \"serverFarmId\": \"/subscriptions/3312c132-fc40-493f-9c97-82d80256a313/resourceGroups/csmrg6571/providers/Microsoft.Web/serverfarms/csmwhp9963\",\r\n    \"lastModifiedTimeUtc\": \"2015-12-11T01:53:37.08\",\r\n    \"storageRecoveryDefaultState\": \"Running\",\r\n    \"contentAvailabilityState\": 0,\r\n    \"runtimeAvailabilityState\": 0,\r\n    \"siteConfig\": null,\r\n    \"deploymentId\": \"csmws6908__8f67\",\r\n    \"trafficManagerHostNames\": null,\r\n    \"sku\": \"Standard\",\r\n    \"premiumAppDeployed\": null,\r\n    \"scmSiteAlsoStopped\": false,\r\n    \"targetSwapSlot\": null,\r\n    \"hostingEnvironment\": null,\r\n    \"hostingEnvironmentProfile\": null,\r\n    \"microService\": \"WebSites\",\r\n    \"gatewaySiteName\": null,\r\n    \"clientAffinityEnabled\": true,\r\n    \"clientCertEnabled\": false,\r\n    \"hostNamesDisabled\": false,\r\n    \"domainVerificationIdentifiers\": null,\r\n    \"kind\": null,\r\n    \"outboundIpAddresses\": \"104.40.21.237,104.40.20.76,104.40.19.34,104.40.22.12\",\r\n    \"cloningInfo\": null,\r\n    \"hostingEnvironmentId\": null,\r\n    \"tags\": null\r\n  }\r\n}",
      "ResponseHeaders": {
        "Content-Type": [
          "application/json"
        ],
        "Expires": [
          "-1"
        ],
        "Cache-Control": [
          "no-cache"
        ],
        "Date": [
          "Fri, 11 Dec 2015 01:53:38 GMT"
        ],
        "Pragma": [
          "no-cache"
        ],
        "Transfer-Encoding": [
          "chunked"
        ],
        "ETag": [
          "\"1D133B6BC082590\""
        ],
        "Server": [
          "Microsoft-IIS/8.0"
        ],
        "Vary": [
          "Accept-Encoding"
        ],
        "Strict-Transport-Security": [
          "max-age=31536000; includeSubDomains"
        ],
        "x-ms-request-id": [
          "b99f8899-e0c9-4962-b953-f865aef68691"
        ],
        "X-AspNet-Version": [
          "4.0.30319"
        ],
        "X-Powered-By": [
          "ASP.NET"
        ],
        "x-ms-ratelimit-remaining-subscription-writes": [
          "1053"
        ],
        "x-ms-correlation-request-id": [
          "62f4a97e-c5f7-402e-8605-29c56c606583"
        ],
        "x-ms-routing-request-id": [
          "CENTRALUS:20151211T015338Z:62f4a97e-c5f7-402e-8605-29c56c606583"
        ]
      },
      "StatusCode": 200
    },
    {
      "RequestUri": "/subscriptions/3312c132-fc40-493f-9c97-82d80256a313/resourceGroups/csmrg6571/providers/Microsoft.Web/sites/csmws6908/slots?api-version=2015-08-01",
      "RequestMethod": "GET",
      "RequestBody": "",
      "RequestHeaders": {
        "x-ms-client-request-id": [
          "257f3e22-f9ab-49d5-bc96-274c7f5f3595"
        ],
        "accept-language": [
          "en-US"
        ],
        "User-Agent": [
          "Microsoft.Azure.Management.WebSites.WebSiteManagementClient/1.0.0.1"
        ],
        "Accept": [
          "application/json"
        ]
      },
      "ResponseBody": "{\r\n  \"value\": [\r\n    {\r\n      \"id\": \"/subscriptions/3312c132-fc40-493f-9c97-82d80256a313/resourceGroups/csmrg6571/providers/Microsoft.Web/sites/csmws6908/slots/staging\",\r\n      \"name\": \"csmws6908/staging\",\r\n      \"type\": \"Microsoft.Web/sites/slots\",\r\n      \"location\": \"West US\",\r\n      \"tags\": null,\r\n      \"properties\": {\r\n        \"name\": \"csmws6908(staging)\",\r\n        \"state\": \"Running\",\r\n        \"hostNames\": [\r\n          \"csmws6908-staging.waws-ppedf.windows-int.net\"\r\n        ],\r\n        \"webSpace\": \"csmrg6571-WestUSwebspace\",\r\n        \"selfLink\": \"https://waws-ppedf-bay-001.api.admin-waws-ppedf.windows-int.net:454/subscriptions/3312c132-fc40-493f-9c97-82d80256a313/webspaces/csmrg6571-WestUSwebspace/sites/csmws6908\",\r\n        \"repositorySiteName\": \"csmws6908\",\r\n        \"owner\": null,\r\n        \"usageState\": 0,\r\n        \"enabled\": true,\r\n        \"adminEnabled\": true,\r\n        \"enabledHostNames\": [\r\n          \"csmws6908-staging.scm.waws-ppedf.windows-int.net\",\r\n          \"csmws6908-staging.waws-ppedf.windows-int.net\"\r\n        ],\r\n        \"siteProperties\": {\r\n          \"metadata\": null,\r\n          \"properties\": [],\r\n          \"appSettings\": null\r\n        },\r\n        \"availabilityState\": 0,\r\n        \"sslCertificates\": null,\r\n        \"csrs\": [],\r\n        \"cers\": null,\r\n        \"siteMode\": null,\r\n        \"hostNameSslStates\": [\r\n          {\r\n            \"name\": \"csmws6908-staging.scm.waws-ppedf.windows-int.net\",\r\n            \"sslState\": 0,\r\n            \"ipBasedSslResult\": null,\r\n            \"virtualIP\": null,\r\n            \"thumbprint\": null,\r\n            \"toUpdate\": null,\r\n            \"toUpdateIpBasedSsl\": null,\r\n            \"ipBasedSslState\": 0,\r\n            \"hostType\": 1\r\n          },\r\n          {\r\n            \"name\": \"csmws6908-staging.waws-ppedf.windows-int.net\",\r\n            \"sslState\": 0,\r\n            \"ipBasedSslResult\": null,\r\n            \"virtualIP\": null,\r\n            \"thumbprint\": null,\r\n            \"toUpdate\": null,\r\n            \"toUpdateIpBasedSsl\": null,\r\n            \"ipBasedSslState\": 0,\r\n            \"hostType\": 0\r\n          }\r\n        ],\r\n        \"computeMode\": null,\r\n        \"serverFarm\": null,\r\n        \"serverFarmId\": \"/subscriptions/3312c132-fc40-493f-9c97-82d80256a313/resourceGroups/csmrg6571/providers/Microsoft.Web/serverfarms/csmwhp9963\",\r\n        \"lastModifiedTimeUtc\": \"2015-12-11T01:53:37.647\",\r\n        \"storageRecoveryDefaultState\": \"Running\",\r\n        \"contentAvailabilityState\": 0,\r\n        \"runtimeAvailabilityState\": 0,\r\n        \"siteConfig\": null,\r\n        \"deploymentId\": \"csmws6908__8f67\",\r\n        \"trafficManagerHostNames\": null,\r\n        \"sku\": \"Standard\",\r\n        \"premiumAppDeployed\": null,\r\n        \"scmSiteAlsoStopped\": false,\r\n        \"targetSwapSlot\": null,\r\n        \"hostingEnvironment\": null,\r\n        \"hostingEnvironmentProfile\": null,\r\n        \"microService\": \"WebSites\",\r\n        \"gatewaySiteName\": null,\r\n        \"clientAffinityEnabled\": true,\r\n        \"clientCertEnabled\": false,\r\n        \"hostNamesDisabled\": false,\r\n        \"domainVerificationIdentifiers\": null,\r\n        \"kind\": null,\r\n        \"outboundIpAddresses\": \"104.40.21.237,104.40.20.76,104.40.19.34,104.40.22.12\",\r\n        \"cloningInfo\": null,\r\n        \"hostingEnvironmentId\": null,\r\n        \"tags\": null\r\n      }\r\n    }\r\n  ],\r\n  \"nextLink\": null\r\n}",
      "ResponseHeaders": {
        "Content-Type": [
          "application/json"
        ],
        "Expires": [
          "-1"
        ],
        "Cache-Control": [
          "no-cache"
        ],
        "Date": [
          "Fri, 11 Dec 2015 01:53:38 GMT"
        ],
        "Pragma": [
          "no-cache"
        ],
        "Transfer-Encoding": [
          "chunked"
        ],
        "Server": [
          "Microsoft-IIS/8.0"
        ],
        "Vary": [
          "Accept-Encoding"
        ],
        "Strict-Transport-Security": [
          "max-age=31536000; includeSubDomains"
        ],
        "x-ms-request-id": [
          "0f1761e0-c225-4ee9-8d43-e71a0f1ad4fd"
        ],
        "X-AspNet-Version": [
          "4.0.30319"
        ],
        "X-Powered-By": [
          "ASP.NET"
        ],
        "x-ms-ratelimit-remaining-subscription-reads": [
          "14846"
        ],
        "x-ms-correlation-request-id": [
          "211204da-94fe-4da6-b644-b34ee0fc5153"
        ],
        "x-ms-routing-request-id": [
          "CENTRALUS:20151211T015338Z:211204da-94fe-4da6-b644-b34ee0fc5153"
        ]
      },
      "StatusCode": 200
    }
  ],
  "Names": {
    "CreateAndVerifyListOfSlots": [
      "csmws6908",
      "csmrg6571",
      "csmwhp9963"
    ]
  },
  "Variables": {
    "SubscriptionId": "3312c132-fc40-493f-9c97-82d80256a313"
  }
}