{
  "Entries": [
    {
      "RequestUri": "https://management.azure.com/subscriptions/db1ab6f0-4769-4b27-930e-01e2ef9c123c?api-version=2021-01-01",
      "RequestMethod": "GET",
      "RequestHeaders": {
        "Accept": "application/json",
        "Authorization": "Sanitized",
        "traceparent": "00-5b78b1e341ac66b8ef893942b6f96865-34c5491960083733-00",
        "User-Agent": "azsdk-net-ResourceManager/1.2.1 (.NET 6.0.7; Microsoft Windows 10.0.17763)",
        "x-ms-client-request-id": "84bfaa9b502eff179c14b0e1086a8c27",
        "x-ms-return-client-request-id": "true"
      },
      "RequestBody": null,
      "StatusCode": 200,
      "ResponseHeaders": {
        "Cache-Control": "no-cache",
        "Content-Length": "747",
        "Content-Type": "application/json; charset=utf-8",
        "Date": "Wed, 03 Aug 2022 02:33:37 GMT",
        "Expires": "-1",
        "Pragma": "no-cache",
        "Strict-Transport-Security": "max-age=31536000; includeSubDomains",
        "X-Content-Type-Options": "nosniff",
        "x-ms-correlation-request-id": "18eb7e4b-7a61-4992-af1f-e6b0afeb6b31",
        "x-ms-ratelimit-remaining-subscription-reads": "11997",
        "x-ms-request-id": "18eb7e4b-7a61-4992-af1f-e6b0afeb6b31",
        "x-ms-routing-request-id": "WESTUS:20220803T023337Z:18eb7e4b-7a61-4992-af1f-e6b0afeb6b31"
      },
      "ResponseBody": {
        "id": "/subscriptions/db1ab6f0-4769-4b27-930e-01e2ef9c123c",
        "authorizationSource": "RoleBased",
        "managedByTenants": [],
        "tags": {
          "TagKey-9823": "TagValue-566",
          "TagKey-3481": "TagValue-320",
          "TagKey-4926": "TagValue-1187",
          "TagKey-751": "TagValue-3921",
          "TagKey-1866": "TagValue-8559",
          "TagKey-3094": "TagValue-9190",
          "TagKey-2449": "TagValue-9",
          "TagKey-8379": "TagValue-164",
          "TagKey-7470": "TagValue-2205",
          "TagKey-4236": "TagValue-3698",
          "TagKey-5316": "TagValue-2725"
        },
        "subscriptionId": "db1ab6f0-4769-4b27-930e-01e2ef9c123c",
        "tenantId": "72f988bf-86f1-41af-91ab-2d7cd011db47",
        "displayName": ".NET Mgmt SDK Test with TTL = 1 Day",
        "state": "Enabled",
        "subscriptionPolicies": {
          "locationPlacementId": "Internal_2014-09-01",
          "quotaId": "Internal_2014-09-01",
          "spendingLimit": "Off"
        }
      }
    },
    {
      "RequestUri": "https://management.azure.com/subscriptions/db1ab6f0-4769-4b27-930e-01e2ef9c123c/resourcegroups/csmrg4349?api-version=**",
      "RequestMethod": "PUT",
      "RequestHeaders": {
        "Accept": "application/json",
        "Authorization": "Sanitized",
        "Content-Length": "21",
        "Content-Type": "application/json",
        "traceparent": "00-899cec87e5cee68e712f1053a644b8ca-a712bc626fa726c8-00",
        "User-Agent": "azsdk-net-ResourceManager/1.2.1 (.NET 6.0.7; Microsoft Windows 10.0.17763)",
        "x-ms-client-request-id": "3a7cf41f4d4ee65c6b2c4bc16379f24d",
        "x-ms-return-client-request-id": "true"
      },
      "RequestBody": {
        "location": "westus"
      },
      "StatusCode": 201,
      "ResponseHeaders": {
        "Cache-Control": "no-cache",
        "Content-Length": "215",
        "Content-Type": "application/json; charset=utf-8",
        "Date": "Wed, 03 Aug 2022 02:33:37 GMT",
        "Expires": "-1",
        "Pragma": "no-cache",
        "Strict-Transport-Security": "max-age=31536000; includeSubDomains",
        "X-Content-Type-Options": "nosniff",
        "x-ms-correlation-request-id": "d915cc2f-f36f-498e-b29f-075b9c04450f",
        "x-ms-ratelimit-remaining-subscription-writes": "1199",
        "x-ms-request-id": "d915cc2f-f36f-498e-b29f-075b9c04450f",
        "x-ms-routing-request-id": "WESTUS:20220803T023338Z:d915cc2f-f36f-498e-b29f-075b9c04450f"
      },
      "ResponseBody": {
        "id": "/subscriptions/db1ab6f0-4769-4b27-930e-01e2ef9c123c/resourceGroups/csmrg4349",
        "name": "csmrg4349",
        "type": "Microsoft.Resources/resourceGroups",
        "location": "westus",
        "properties": {
          "provisioningState": "Succeeded"
        }
      }
    },
    {
      "RequestUri": "https://management.azure.com/subscriptions/db1ab6f0-4769-4b27-930e-01e2ef9c123c/resourceGroups/csmrg4349/providers/Microsoft.Network/virtualNetworks/azsmnet9504?api-version=2021-02-01",
      "RequestMethod": "PUT",
      "RequestHeaders": {
        "Accept": "application/json",
        "Authorization": "Sanitized",
        "Content-Length": "220",
        "Content-Type": "application/json",
        "traceparent": "00-46ceb2853b6f934af8b97b55c3dab874-e9eeea4f66b4ebee-00",
        "User-Agent": "azsdk-net-ResourceManager.Network/1.1.0-alpha.20220802.1 (.NET 6.0.7; Microsoft Windows 10.0.17763)",
        "x-ms-client-request-id": "75bdc9b6a39e31a6b72e933ebbc29ba7",
        "x-ms-return-client-request-id": "true"
      },
      "RequestBody": {
        "location": "westus",
        "properties": {
          "addressSpace": {
            "addressPrefixes": [
              "10.0.0.0/16"
            ]
          },
          "dhcpOptions": {
            "dnsServers": [
              "10.1.1.1",
              "10.1.2.4"
            ]
          },
          "subnets": [
            {
              "name": "azsmnet8536",
              "properties": {
                "addressPrefix": "10.0.0.0/24"
              }
            }
          ]
        }
      },
      "StatusCode": 201,
      "ResponseHeaders": {
        "Azure-AsyncNotification": "Enabled",
        "Azure-AsyncOperation": "https://management.azure.com/subscriptions/db1ab6f0-4769-4b27-930e-01e2ef9c123c/providers/Microsoft.Network/locations/westus/operations/b1fded51-a164-4e55-9cb5-08a8a4b34fb3?api-version=2021-02-01",
        "Cache-Control": "no-cache",
        "Content-Length": "1332",
        "Content-Type": "application/json; charset=utf-8",
        "Date": "Wed, 03 Aug 2022 02:33:38 GMT",
        "Expires": "-1",
        "Pragma": "no-cache",
        "Retry-After": "3",
        "Server": [
          "Microsoft-HTTPAPI/2.0",
          "Microsoft-HTTPAPI/2.0"
        ],
        "Strict-Transport-Security": "max-age=31536000; includeSubDomains",
        "X-Content-Type-Options": "nosniff",
        "x-ms-arm-service-request-id": "393bfa84-0106-4187-8ef8-2d95992e31e0",
        "x-ms-client-request-id": "75bdc9b6a39e31a6b72e933ebbc29ba7",
        "x-ms-correlation-request-id": "6ea205f7-bd47-41bf-b200-6cda492dfc4e",
        "x-ms-ratelimit-remaining-subscription-writes": "1198",
        "x-ms-request-id": "b1fded51-a164-4e55-9cb5-08a8a4b34fb3",
        "x-ms-routing-request-id": "WESTUS:20220803T023339Z:6ea205f7-bd47-41bf-b200-6cda492dfc4e"
      },
      "ResponseBody": {
        "name": "azsmnet9504",
        "id": "/subscriptions/db1ab6f0-4769-4b27-930e-01e2ef9c123c/resourceGroups/csmrg4349/providers/Microsoft.Network/virtualNetworks/azsmnet9504",
        "etag": "W/\u002296a312f3-f221-4a28-8711-cb16703a8c46\u0022",
        "type": "Microsoft.Network/virtualNetworks",
        "location": "westus",
        "properties": {
          "provisioningState": "Updating",
          "resourceGuid": "fa1d13ff-339c-405d-8c9d-19cd21c67e99",
          "addressSpace": {
            "addressPrefixes": [
              "10.0.0.0/16"
            ]
          },
          "dhcpOptions": {
            "dnsServers": [
              "10.1.1.1",
              "10.1.2.4"
            ]
          },
          "subnets": [
            {
              "name": "azsmnet8536",
              "id": "/subscriptions/db1ab6f0-4769-4b27-930e-01e2ef9c123c/resourceGroups/csmrg4349/providers/Microsoft.Network/virtualNetworks/azsmnet9504/subnets/azsmnet8536",
              "etag": "W/\u002296a312f3-f221-4a28-8711-cb16703a8c46\u0022",
              "properties": {
                "provisioningState": "Updating",
                "addressPrefix": "10.0.0.0/24",
                "delegations": [],
                "privateEndpointNetworkPolicies": "Disabled",
                "privateLinkServiceNetworkPolicies": "Enabled"
              },
              "type": "Microsoft.Network/virtualNetworks/subnets"
            }
          ],
          "virtualNetworkPeerings": [],
          "enableDdosProtection": false
        }
      }
    },
    {
      "RequestUri": "https://management.azure.com/subscriptions/db1ab6f0-4769-4b27-930e-01e2ef9c123c/providers/Microsoft.Network/locations/westus/operations/b1fded51-a164-4e55-9cb5-08a8a4b34fb3?api-version=2021-02-01",
      "RequestMethod": "GET",
      "RequestHeaders": {
        "Authorization": "Sanitized",
        "traceparent": "00-46ceb2853b6f934af8b97b55c3dab874-d024291b9096252d-00",
        "User-Agent": "azsdk-net-ResourceManager/1.2.1 (.NET 6.0.7; Microsoft Windows 10.0.17763)",
        "x-ms-client-request-id": "5ed5fcdfa961d856941d962e522c7088",
        "x-ms-return-client-request-id": "true"
      },
      "RequestBody": null,
      "StatusCode": 200,
      "ResponseHeaders": {
        "Cache-Control": "no-cache",
        "Content-Length": "30",
        "Content-Type": "application/json; charset=utf-8",
        "Date": "Wed, 03 Aug 2022 02:33:38 GMT",
        "Expires": "-1",
        "Pragma": "no-cache",
        "Retry-After": "10",
        "Server": [
          "Microsoft-HTTPAPI/2.0",
          "Microsoft-HTTPAPI/2.0"
        ],
        "Strict-Transport-Security": "max-age=31536000; includeSubDomains",
        "X-Content-Type-Options": "nosniff",
        "x-ms-arm-service-request-id": "add4e778-165f-4167-a909-4f07de4915e8",
        "x-ms-client-request-id": "5ed5fcdfa961d856941d962e522c7088",
        "x-ms-correlation-request-id": "2856f459-0737-4e24-9a56-e8ce96fe866c",
        "x-ms-ratelimit-remaining-subscription-reads": "11996",
        "x-ms-request-id": "fb80692f-0bd7-4ad4-ae14-a4da3250f43d",
        "x-ms-routing-request-id": "WESTUS:20220803T023339Z:2856f459-0737-4e24-9a56-e8ce96fe866c"
      },
      "ResponseBody": {
        "status": "InProgress"
      }
    },
    {
      "RequestUri": "https://management.azure.com/subscriptions/db1ab6f0-4769-4b27-930e-01e2ef9c123c/providers/Microsoft.Network/locations/westus/operations/b1fded51-a164-4e55-9cb5-08a8a4b34fb3?api-version=2021-02-01",
      "RequestMethod": "GET",
      "RequestHeaders": {
        "Authorization": "Sanitized",
        "traceparent": "00-46ceb2853b6f934af8b97b55c3dab874-c701a2a21edd8d07-00",
        "User-Agent": "azsdk-net-ResourceManager/1.2.1 (.NET 6.0.7; Microsoft Windows 10.0.17763)",
        "x-ms-client-request-id": "83b1bb2589aa5921661fb17ad667f81b",
        "x-ms-return-client-request-id": "true"
      },
      "RequestBody": null,
      "StatusCode": 200,
      "ResponseHeaders": {
        "Cache-Control": "no-cache",
        "Content-Length": "29",
        "Content-Type": "application/json; charset=utf-8",
        "Date": "Wed, 03 Aug 2022 02:33:48 GMT",
        "Expires": "-1",
        "Pragma": "no-cache",
        "Server": [
          "Microsoft-HTTPAPI/2.0",
          "Microsoft-HTTPAPI/2.0"
        ],
        "Strict-Transport-Security": "max-age=31536000; includeSubDomains",
        "X-Content-Type-Options": "nosniff",
        "x-ms-arm-service-request-id": "a8db578d-1d21-4b5b-a2cb-c11f43d3fed2",
        "x-ms-client-request-id": "83b1bb2589aa5921661fb17ad667f81b",
        "x-ms-correlation-request-id": "5352cebb-ca3e-4664-89de-a446ef36f2fe",
        "x-ms-ratelimit-remaining-subscription-reads": "11995",
        "x-ms-request-id": "fccfc486-662f-403a-a98b-089cee728d06",
        "x-ms-routing-request-id": "WESTUS:20220803T023349Z:5352cebb-ca3e-4664-89de-a446ef36f2fe"
      },
      "ResponseBody": {
        "status": "Succeeded"
      }
    },
    {
      "RequestUri": "https://management.azure.com/subscriptions/db1ab6f0-4769-4b27-930e-01e2ef9c123c/resourceGroups/csmrg4349/providers/Microsoft.Network/virtualNetworks/azsmnet9504?api-version=2021-02-01",
      "RequestMethod": "GET",
      "RequestHeaders": {
        "Authorization": "Sanitized",
        "traceparent": "00-46ceb2853b6f934af8b97b55c3dab874-b9041c9766e4c553-00",
        "User-Agent": "azsdk-net-ResourceManager/1.2.1 (.NET 6.0.7; Microsoft Windows 10.0.17763)",
        "x-ms-client-request-id": "be5fff6f3ded1e4618ca0a2fc6344b97",
        "x-ms-return-client-request-id": "true"
      },
      "RequestBody": null,
      "StatusCode": 200,
      "ResponseHeaders": {
        "Cache-Control": "no-cache",
        "Content-Length": "1334",
        "Content-Type": "application/json; charset=utf-8",
        "Date": "Wed, 03 Aug 2022 02:33:48 GMT",
        "ETag": "W/\u00229f9b822c-d8d4-44a6-9c0e-8c1e877caa83\u0022",
        "Expires": "-1",
        "Pragma": "no-cache",
        "Server": [
          "Microsoft-HTTPAPI/2.0",
          "Microsoft-HTTPAPI/2.0"
        ],
        "Strict-Transport-Security": "max-age=31536000; includeSubDomains",
        "X-Content-Type-Options": "nosniff",
        "x-ms-arm-service-request-id": "0d02463b-d713-4e0d-9837-6210a65e3fd4",
        "x-ms-client-request-id": "be5fff6f3ded1e4618ca0a2fc6344b97",
        "x-ms-correlation-request-id": "1064d441-56b5-4522-beb7-7a7b906188d1",
        "x-ms-ratelimit-remaining-subscription-reads": "11994",
        "x-ms-request-id": "468ec4e5-e724-4aa7-afb2-a08e1eacb1e8",
        "x-ms-routing-request-id": "WESTUS:20220803T023349Z:1064d441-56b5-4522-beb7-7a7b906188d1"
      },
      "ResponseBody": {
        "name": "azsmnet9504",
        "id": "/subscriptions/db1ab6f0-4769-4b27-930e-01e2ef9c123c/resourceGroups/csmrg4349/providers/Microsoft.Network/virtualNetworks/azsmnet9504",
        "etag": "W/\u00229f9b822c-d8d4-44a6-9c0e-8c1e877caa83\u0022",
        "type": "Microsoft.Network/virtualNetworks",
        "location": "westus",
        "properties": {
          "provisioningState": "Succeeded",
          "resourceGuid": "fa1d13ff-339c-405d-8c9d-19cd21c67e99",
          "addressSpace": {
            "addressPrefixes": [
              "10.0.0.0/16"
            ]
          },
          "dhcpOptions": {
            "dnsServers": [
              "10.1.1.1",
              "10.1.2.4"
            ]
          },
          "subnets": [
            {
              "name": "azsmnet8536",
              "id": "/subscriptions/db1ab6f0-4769-4b27-930e-01e2ef9c123c/resourceGroups/csmrg4349/providers/Microsoft.Network/virtualNetworks/azsmnet9504/subnets/azsmnet8536",
              "etag": "W/\u00229f9b822c-d8d4-44a6-9c0e-8c1e877caa83\u0022",
              "properties": {
                "provisioningState": "Succeeded",
                "addressPrefix": "10.0.0.0/24",
                "delegations": [],
                "privateEndpointNetworkPolicies": "Disabled",
                "privateLinkServiceNetworkPolicies": "Enabled"
              },
              "type": "Microsoft.Network/virtualNetworks/subnets"
            }
          ],
          "virtualNetworkPeerings": [],
          "enableDdosProtection": false
        }
      }
    },
    {
      "RequestUri": "https://management.azure.com/subscriptions/db1ab6f0-4769-4b27-930e-01e2ef9c123c/resourceGroups/csmrg4349/providers/Microsoft.Network/virtualNetworks/azsmnet9504?api-version=2021-02-01",
      "RequestMethod": "GET",
      "RequestHeaders": {
        "Accept": "application/json",
        "Authorization": "Sanitized",
        "traceparent": "00-43989ca5fe0ccdc23b2f6304e355c914-1abb2fa23e583dee-00",
        "User-Agent": "azsdk-net-ResourceManager.Network/1.1.0-alpha.20220802.1 (.NET 6.0.7; Microsoft Windows 10.0.17763)",
        "x-ms-client-request-id": "7d1844b23be955e9db7bf742f8db012c",
        "x-ms-return-client-request-id": "true"
      },
      "RequestBody": null,
      "StatusCode": 200,
      "ResponseHeaders": {
        "Cache-Control": "no-cache",
        "Content-Length": "1334",
        "Content-Type": "application/json; charset=utf-8",
        "Date": "Wed, 03 Aug 2022 02:33:48 GMT",
        "ETag": "W/\u00229f9b822c-d8d4-44a6-9c0e-8c1e877caa83\u0022",
        "Expires": "-1",
        "Pragma": "no-cache",
        "Server": [
          "Microsoft-HTTPAPI/2.0",
          "Microsoft-HTTPAPI/2.0"
        ],
        "Strict-Transport-Security": "max-age=31536000; includeSubDomains",
        "X-Content-Type-Options": "nosniff",
        "x-ms-arm-service-request-id": "88d98142-3bad-4966-b753-ff3e246262ad",
        "x-ms-client-request-id": "7d1844b23be955e9db7bf742f8db012c",
        "x-ms-correlation-request-id": "bd2c9adb-6e8a-4aa1-88c6-58096c32de84",
        "x-ms-ratelimit-remaining-subscription-reads": "11993",
        "x-ms-request-id": "7517a094-6fbd-4ef2-a781-272fc207e41f",
        "x-ms-routing-request-id": "WESTUS:20220803T023349Z:bd2c9adb-6e8a-4aa1-88c6-58096c32de84"
      },
      "ResponseBody": {
        "name": "azsmnet9504",
        "id": "/subscriptions/db1ab6f0-4769-4b27-930e-01e2ef9c123c/resourceGroups/csmrg4349/providers/Microsoft.Network/virtualNetworks/azsmnet9504",
        "etag": "W/\u00229f9b822c-d8d4-44a6-9c0e-8c1e877caa83\u0022",
        "type": "Microsoft.Network/virtualNetworks",
        "location": "westus",
        "properties": {
          "provisioningState": "Succeeded",
          "resourceGuid": "fa1d13ff-339c-405d-8c9d-19cd21c67e99",
          "addressSpace": {
            "addressPrefixes": [
              "10.0.0.0/16"
            ]
          },
          "dhcpOptions": {
            "dnsServers": [
              "10.1.1.1",
              "10.1.2.4"
            ]
          },
          "subnets": [
            {
              "name": "azsmnet8536",
              "id": "/subscriptions/db1ab6f0-4769-4b27-930e-01e2ef9c123c/resourceGroups/csmrg4349/providers/Microsoft.Network/virtualNetworks/azsmnet9504/subnets/azsmnet8536",
              "etag": "W/\u00229f9b822c-d8d4-44a6-9c0e-8c1e877caa83\u0022",
              "properties": {
                "provisioningState": "Succeeded",
                "addressPrefix": "10.0.0.0/24",
                "delegations": [],
                "privateEndpointNetworkPolicies": "Disabled",
                "privateLinkServiceNetworkPolicies": "Enabled"
              },
              "type": "Microsoft.Network/virtualNetworks/subnets"
            }
          ],
          "virtualNetworkPeerings": [],
          "enableDdosProtection": false
        }
      }
    },
    {
      "RequestUri": "https://management.azure.com/subscriptions/db1ab6f0-4769-4b27-930e-01e2ef9c123c/resourceGroups/csmrg4349/providers/Microsoft.Network/virtualNetworks/azsmnet9504?api-version=2021-02-01",
      "RequestMethod": "GET",
      "RequestHeaders": {
        "Accept": "application/json",
        "Authorization": "Sanitized",
        "traceparent": "00-26f663983337fc19d5ad269a86177795-c3f2687e35ec68cc-00",
        "User-Agent": "azsdk-net-ResourceManager.Network/1.1.0-alpha.20220802.1 (.NET 6.0.7; Microsoft Windows 10.0.17763)",
        "x-ms-client-request-id": "52be7a24b1cde79a74936adf7ff29331",
        "x-ms-return-client-request-id": "true"
      },
      "RequestBody": null,
      "StatusCode": 200,
      "ResponseHeaders": {
        "Cache-Control": "no-cache",
        "Content-Length": "1334",
        "Content-Type": "application/json; charset=utf-8",
        "Date": "Wed, 03 Aug 2022 02:33:48 GMT",
        "ETag": "W/\u00229f9b822c-d8d4-44a6-9c0e-8c1e877caa83\u0022",
        "Expires": "-1",
        "Pragma": "no-cache",
        "Server": [
          "Microsoft-HTTPAPI/2.0",
          "Microsoft-HTTPAPI/2.0"
        ],
        "Strict-Transport-Security": "max-age=31536000; includeSubDomains",
        "X-Content-Type-Options": "nosniff",
        "x-ms-arm-service-request-id": "21383a8d-6adb-46a8-a4b6-170c0b6984b4",
        "x-ms-client-request-id": "52be7a24b1cde79a74936adf7ff29331",
        "x-ms-correlation-request-id": "1f801bc8-2f88-4d5c-acea-f81e78d8312d",
        "x-ms-ratelimit-remaining-subscription-reads": "11992",
        "x-ms-request-id": "344a54b4-5748-4f93-87d8-7b5a1dd5dade",
        "x-ms-routing-request-id": "WESTUS:20220803T023349Z:1f801bc8-2f88-4d5c-acea-f81e78d8312d"
      },
      "ResponseBody": {
        "name": "azsmnet9504",
        "id": "/subscriptions/db1ab6f0-4769-4b27-930e-01e2ef9c123c/resourceGroups/csmrg4349/providers/Microsoft.Network/virtualNetworks/azsmnet9504",
        "etag": "W/\u00229f9b822c-d8d4-44a6-9c0e-8c1e877caa83\u0022",
        "type": "Microsoft.Network/virtualNetworks",
        "location": "westus",
        "properties": {
          "provisioningState": "Succeeded",
          "resourceGuid": "fa1d13ff-339c-405d-8c9d-19cd21c67e99",
          "addressSpace": {
            "addressPrefixes": [
              "10.0.0.0/16"
            ]
          },
          "dhcpOptions": {
            "dnsServers": [
              "10.1.1.1",
              "10.1.2.4"
            ]
          },
          "subnets": [
            {
              "name": "azsmnet8536",
              "id": "/subscriptions/db1ab6f0-4769-4b27-930e-01e2ef9c123c/resourceGroups/csmrg4349/providers/Microsoft.Network/virtualNetworks/azsmnet9504/subnets/azsmnet8536",
              "etag": "W/\u00229f9b822c-d8d4-44a6-9c0e-8c1e877caa83\u0022",
              "properties": {
                "provisioningState": "Succeeded",
                "addressPrefix": "10.0.0.0/24",
                "delegations": [],
                "privateEndpointNetworkPolicies": "Disabled",
                "privateLinkServiceNetworkPolicies": "Enabled"
              },
              "type": "Microsoft.Network/virtualNetworks/subnets"
            }
          ],
          "virtualNetworkPeerings": [],
          "enableDdosProtection": false
        }
      }
    },
    {
      "RequestUri": "https://management.azure.com/subscriptions/db1ab6f0-4769-4b27-930e-01e2ef9c123c/resourceGroups/csmrg4349/providers/Microsoft.Network/virtualNetworks/azsmnet9504/subnets/azsmnet8536?api-version=2018-11-01\u0026$expand=IPConfigurations",
      "RequestMethod": "GET",
      "RequestHeaders": {
        "Accept": "application/json",
        "Authorization": "Sanitized",
        "traceparent": "00-ae26706404f0e8caab1494d755b8d8aa-e82eb5134faa4fb5-00",
        "User-Agent": "azsdk-net-ResourceManager.Network/1.1.0-alpha.20220802.1 (.NET 6.0.7; Microsoft Windows 10.0.17763)",
        "x-ms-client-request-id": "92c71ad37a4e34321609e3724504263d",
        "x-ms-return-client-request-id": "true"
      },
      "RequestBody": null,
      "StatusCode": 200,
      "ResponseHeaders": {
        "Cache-Control": "no-cache",
        "Content-Length": "431",
        "Content-Type": "application/json; charset=utf-8",
        "Date": "Wed, 03 Aug 2022 02:33:49 GMT",
        "ETag": "W/\u00229f9b822c-d8d4-44a6-9c0e-8c1e877caa83\u0022",
        "Expires": "-1",
        "Pragma": "no-cache",
        "Server": [
          "Microsoft-HTTPAPI/2.0",
          "Microsoft-HTTPAPI/2.0"
        ],
        "Strict-Transport-Security": "max-age=31536000; includeSubDomains",
        "X-Content-Type-Options": "nosniff",
        "x-ms-arm-service-request-id": "b8176a0c-07a0-4f87-926b-0bdc1ad25b19",
        "x-ms-client-request-id": "92c71ad37a4e34321609e3724504263d",
        "x-ms-correlation-request-id": "dbfb0f49-47a9-4eab-98b4-0a92c1664c88",
        "x-ms-ratelimit-remaining-subscription-reads": "11991",
        "x-ms-request-id": "58d3da37-c90f-4f8e-806e-1f576b5159e8",
        "x-ms-routing-request-id": "WESTUS:20220803T023349Z:dbfb0f49-47a9-4eab-98b4-0a92c1664c88"
      },
      "ResponseBody": {
        "name": "azsmnet8536",
        "id": "/subscriptions/db1ab6f0-4769-4b27-930e-01e2ef9c123c/resourceGroups/csmrg4349/providers/Microsoft.Network/virtualNetworks/azsmnet9504/subnets/azsmnet8536",
        "etag": "W/\u00229f9b822c-d8d4-44a6-9c0e-8c1e877caa83\u0022",
        "properties": {
          "provisioningState": "Succeeded",
          "addressPrefix": "10.0.0.0/24",
          "delegations": []
        },
        "type": "Microsoft.Network/virtualNetworks/subnets"
      }
    }
  ],
  "Variables": {
    "AZURE_AUTHORITY_HOST": "https://login.microsoftonline.com",
    "LOCATION": "westus",
    "RandomSeed": "1122921971",
    "RESOURCE_MANAGER_URL": null,
    "SUBSCRIPTION_ID": "db1ab6f0-4769-4b27-930e-01e2ef9c123c"
  }
}
