{
  "Entries": [
    {
      "RequestUri": "https://management.azure.com/subscriptions/db1ab6f0-4769-4b27-930e-01e2ef9c123c?api-version=2021-01-01",
      "RequestMethod": "GET",
      "RequestHeaders": {
        "Accept": "application/json",
        "Authorization": "Sanitized",
        "traceparent": "00-c02f7e65e700667de8738517788947c8-faa8cd1becd09c9e-00",
        "User-Agent": "azsdk-net-ResourceManager/1.6.0 (.NET 7.0.7; Microsoft Windows 10.0.22621)",
        "x-ms-client-request-id": "297fac65b9088473cd437b6797a682df",
        "x-ms-return-client-request-id": "true"
      },
      "RequestBody": null,
      "StatusCode": 200,
      "ResponseHeaders": {
        "Cache-Control": "no-cache",
        "Content-Length": "748",
        "Content-Type": "application/json; charset=utf-8",
        "Date": "Wed, 28 Jun 2023 15:58:01 GMT",
        "Expires": "-1",
        "Pragma": "no-cache",
        "Strict-Transport-Security": "max-age=31536000; includeSubDomains",
        "X-Content-Type-Options": "nosniff",
        "x-ms-correlation-request-id": "1604ee52-ed9e-4ca5-a12d-fe346f7355d5",
        "x-ms-ratelimit-remaining-subscription-reads": "11459",
        "x-ms-request-id": "1604ee52-ed9e-4ca5-a12d-fe346f7355d5",
        "x-ms-routing-request-id": "SOUTHEASTASIA:20230628T155801Z:1604ee52-ed9e-4ca5-a12d-fe346f7355d5"
      },
      "ResponseBody": {
        "id": "/subscriptions/db1ab6f0-4769-4b27-930e-01e2ef9c123c",
        "authorizationSource": "RoleBased",
        "managedByTenants": [],
        "tags": {
          "TagKey-9823": "TagValue-1254",
          "TagKey-3481": "TagValue-320",
          "TagKey-4926": "TagValue-1187",
          "TagKey-751": "TagValue-3921",
          "TagKey-1866": "TagValue-8559",
          "TagKey-3094": "TagValue-9190",
          "TagKey-2449": "TagValue-9",
          "TagKey-8379": "TagValue-164",
          "TagKey-7470": "TagValue-2205",
          "TagKey-4236": "TagValue-3698",
          "TagKey-5316": "TagValue-2725"
        },
        "subscriptionId": "db1ab6f0-4769-4b27-930e-01e2ef9c123c",
        "tenantId": "72f988bf-86f1-41af-91ab-2d7cd011db47",
        "displayName": ".NET Mgmt SDK Test with TTL = 1 Day",
        "state": "Enabled",
        "subscriptionPolicies": {
          "locationPlacementId": "Internal_2014-09-01",
          "quotaId": "Internal_2014-09-01",
          "spendingLimit": "Off"
        }
      }
    },
    {
      "RequestUri": "https://management.azure.com/subscriptions/db1ab6f0-4769-4b27-930e-01e2ef9c123c/resourcegroups/csmrg1506?api-version=**",
      "RequestMethod": "PUT",
      "RequestHeaders": {
        "Accept": "application/json",
        "Authorization": "Sanitized",
        "Content-Length": "21",
        "Content-Type": "application/json",
        "traceparent": "00-8cd1d82a4caa0f53c487a3d2e7606d6a-0ae53ff930d7b3bf-00",
        "User-Agent": "azsdk-net-ResourceManager/1.6.0 (.NET 7.0.7; Microsoft Windows 10.0.22621)",
        "x-ms-client-request-id": "0c78cb8e36c57431c8d5020ac3a7ce1b",
        "x-ms-return-client-request-id": "true"
      },
      "RequestBody": {
        "location": "westus"
      },
      "StatusCode": 201,
      "ResponseHeaders": {
        "Cache-Control": "no-cache",
        "Content-Length": "215",
        "Content-Type": "application/json; charset=utf-8",
        "Date": "Wed, 28 Jun 2023 15:58:01 GMT",
        "Expires": "-1",
        "Pragma": "no-cache",
        "Strict-Transport-Security": "max-age=31536000; includeSubDomains",
        "X-Content-Type-Options": "nosniff",
        "x-ms-correlation-request-id": "1ca90c2a-4038-40bc-a8b4-023f4c678bb2",
        "x-ms-ratelimit-remaining-subscription-writes": "1059",
        "x-ms-request-id": "1ca90c2a-4038-40bc-a8b4-023f4c678bb2",
        "x-ms-routing-request-id": "SOUTHEASTASIA:20230628T155802Z:1ca90c2a-4038-40bc-a8b4-023f4c678bb2"
      },
      "ResponseBody": {
        "id": "/subscriptions/db1ab6f0-4769-4b27-930e-01e2ef9c123c/resourceGroups/csmrg1506",
        "name": "csmrg1506",
        "type": "Microsoft.Resources/resourceGroups",
        "location": "westus",
        "properties": {
          "provisioningState": "Succeeded"
        }
      }
    },
    {
      "RequestUri": "https://management.azure.com/subscriptions/db1ab6f0-4769-4b27-930e-01e2ef9c123c/resourceGroups/csmrg1506/providers/Microsoft.Network/virtualNetworks/azsmnet6076?api-version=2023-02-01",
      "RequestMethod": "PUT",
      "RequestHeaders": {
        "Accept": "application/json",
        "Authorization": "Sanitized",
        "Content-Length": "220",
        "Content-Type": "application/json",
        "traceparent": "00-bb987a2e082ebd41c1e20d0ac94a779d-77a4c275102c2503-00",
        "User-Agent": "azsdk-net-ResourceManager.Network/1.3.0-alpha.20230627.1 (.NET 7.0.7; Microsoft Windows 10.0.22621)",
        "x-ms-client-request-id": "9f2133ca91fefb76472c0675d06c2b55",
        "x-ms-return-client-request-id": "true"
      },
      "RequestBody": {
        "location": "westus",
        "properties": {
          "addressSpace": {
            "addressPrefixes": [
              "10.0.0.0/16"
            ]
          },
          "dhcpOptions": {
            "dnsServers": [
              "10.1.1.1",
              "10.1.2.4"
            ]
          },
          "subnets": [
            {
              "name": "azsmnet7656",
              "properties": {
                "addressPrefix": "10.0.0.0/24"
              }
            }
          ]
        }
      },
      "StatusCode": 201,
      "ResponseHeaders": {
        "Azure-AsyncNotification": "Enabled",
        "Azure-AsyncOperation": "https://management.azure.com/subscriptions/db1ab6f0-4769-4b27-930e-01e2ef9c123c/providers/Microsoft.Network/locations/westus/operations/3a1e594b-caff-4faf-a892-844213bf16c9?api-version=2023-02-01",
        "Cache-Control": "no-cache",
        "Content-Length": "1019",
        "Content-Type": "application/json; charset=utf-8",
        "Date": "Wed, 28 Jun 2023 15:58:04 GMT",
        "Expires": "-1",
        "Pragma": "no-cache",
        "Retry-After": "3",
        "Server": [
          "Microsoft-HTTPAPI/2.0",
          "Microsoft-HTTPAPI/2.0"
        ],
        "Strict-Transport-Security": "max-age=31536000; includeSubDomains",
        "X-Content-Type-Options": "nosniff",
        "x-ms-arm-service-request-id": "acc08c43-6d12-47b2-9c95-a7e04e3a6c88",
        "x-ms-client-request-id": "9f2133ca91fefb76472c0675d06c2b55",
        "x-ms-correlation-request-id": "8de458cd-cf06-40fe-b5d1-16ce5da85dad",
        "x-ms-ratelimit-remaining-subscription-writes": "1058",
        "x-ms-request-id": "3a1e594b-caff-4faf-a892-844213bf16c9",
        "x-ms-routing-request-id": "SOUTHEASTASIA:20230628T155804Z:8de458cd-cf06-40fe-b5d1-16ce5da85dad"
      },
      "ResponseBody": {
        "name": "azsmnet6076",
        "id": "/subscriptions/db1ab6f0-4769-4b27-930e-01e2ef9c123c/resourceGroups/csmrg1506/providers/Microsoft.Network/virtualNetworks/azsmnet6076",
        "etag": "W/\u002207f10899-ef4e-4616-a6d9-2d0161ed8444\u0022",
        "type": "Microsoft.Network/virtualNetworks",
        "location": "westus",
        "properties": {
          "provisioningState": "Updating",
          "resourceGuid": "470575fc-512e-4121-a216-412ba008cd8a",
          "addressSpace": {
            "addressPrefixes": [
              "10.0.0.0/16"
            ]
          },
          "dhcpOptions": {
            "dnsServers": [
              "10.1.1.1",
              "10.1.2.4"
            ]
          },
          "subnets": [
            {
              "name": "azsmnet7656",
              "id": "/subscriptions/db1ab6f0-4769-4b27-930e-01e2ef9c123c/resourceGroups/csmrg1506/providers/Microsoft.Network/virtualNetworks/azsmnet6076/subnets/azsmnet7656",
              "etag": "W/\u002207f10899-ef4e-4616-a6d9-2d0161ed8444\u0022",
              "properties": {
                "provisioningState": "Updating",
                "addressPrefix": "10.0.0.0/24",
                "delegations": [],
                "privateEndpointNetworkPolicies": "Disabled",
                "privateLinkServiceNetworkPolicies": "Enabled"
              },
              "type": "Microsoft.Network/virtualNetworks/subnets"
            }
          ],
          "virtualNetworkPeerings": [],
          "enableDdosProtection": false
        }
      }
    },
    {
      "RequestUri": "https://management.azure.com/subscriptions/db1ab6f0-4769-4b27-930e-01e2ef9c123c/providers/Microsoft.Network/locations/westus/operations/3a1e594b-caff-4faf-a892-844213bf16c9?api-version=2023-02-01",
      "RequestMethod": "GET",
      "RequestHeaders": {
        "Authorization": "Sanitized",
        "traceparent": "00-bb987a2e082ebd41c1e20d0ac94a779d-e04006c1e404ddbe-00",
        "User-Agent": "azsdk-net-ResourceManager/1.6.0 (.NET 7.0.7; Microsoft Windows 10.0.22621)",
        "x-ms-client-request-id": "2915dcb12c6d7a7a4f3aea47c260329d",
        "x-ms-return-client-request-id": "true"
      },
      "RequestBody": null,
      "StatusCode": 200,
      "ResponseHeaders": {
        "Cache-Control": "no-cache",
        "Content-Length": "23",
        "Content-Type": "application/json; charset=utf-8",
        "Date": "Wed, 28 Jun 2023 15:58:04 GMT",
        "Expires": "-1",
        "Pragma": "no-cache",
        "Retry-After": "10",
        "Server": [
          "Microsoft-HTTPAPI/2.0",
          "Microsoft-HTTPAPI/2.0"
        ],
        "Strict-Transport-Security": "max-age=31536000; includeSubDomains",
        "X-Content-Type-Options": "nosniff",
        "x-ms-arm-service-request-id": "246daf51-0598-4b66-9010-d8b4521b448b",
        "x-ms-client-request-id": "2915dcb12c6d7a7a4f3aea47c260329d",
        "x-ms-correlation-request-id": "d1464417-7b52-41c1-8394-4036e1c50d7c",
        "x-ms-ratelimit-remaining-subscription-reads": "11458",
        "x-ms-request-id": "4cf0d97a-bf83-40fd-a22a-52eec755ad74",
        "x-ms-routing-request-id": "SOUTHEASTASIA:20230628T155804Z:d1464417-7b52-41c1-8394-4036e1c50d7c"
      },
      "ResponseBody": {
        "status": "InProgress"
      }
    },
    {
      "RequestUri": "https://management.azure.com/subscriptions/db1ab6f0-4769-4b27-930e-01e2ef9c123c/providers/Microsoft.Network/locations/westus/operations/3a1e594b-caff-4faf-a892-844213bf16c9?api-version=2023-02-01",
      "RequestMethod": "GET",
      "RequestHeaders": {
        "Authorization": "Sanitized",
        "traceparent": "00-bb987a2e082ebd41c1e20d0ac94a779d-870f811f41af0af0-00",
        "User-Agent": "azsdk-net-ResourceManager/1.6.0 (.NET 7.0.7; Microsoft Windows 10.0.22621)",
        "x-ms-client-request-id": "1d4f519854427c2f7ee1bb8d176c5f99",
        "x-ms-return-client-request-id": "true"
      },
      "RequestBody": null,
      "StatusCode": 200,
      "ResponseHeaders": {
        "Cache-Control": "no-cache",
        "Content-Length": "22",
        "Content-Type": "application/json; charset=utf-8",
        "Date": "Wed, 28 Jun 2023 15:58:14 GMT",
        "Expires": "-1",
        "Pragma": "no-cache",
        "Server": [
          "Microsoft-HTTPAPI/2.0",
          "Microsoft-HTTPAPI/2.0"
        ],
        "Strict-Transport-Security": "max-age=31536000; includeSubDomains",
        "X-Content-Type-Options": "nosniff",
        "x-ms-arm-service-request-id": "2877a94b-0a74-419c-aacc-a3442546aeea",
        "x-ms-client-request-id": "1d4f519854427c2f7ee1bb8d176c5f99",
        "x-ms-correlation-request-id": "7ae694c5-a28e-44e6-9692-d7c420bffe6d",
        "x-ms-ratelimit-remaining-subscription-reads": "11457",
        "x-ms-request-id": "89b07844-7b54-4af4-9b29-eaec78b9e6d5",
        "x-ms-routing-request-id": "SOUTHEASTASIA:20230628T155815Z:7ae694c5-a28e-44e6-9692-d7c420bffe6d"
      },
      "ResponseBody": {
        "status": "Succeeded"
      }
    },
    {
      "RequestUri": "https://management.azure.com/subscriptions/db1ab6f0-4769-4b27-930e-01e2ef9c123c/resourceGroups/csmrg1506/providers/Microsoft.Network/virtualNetworks/azsmnet6076?api-version=2023-02-01",
      "RequestMethod": "GET",
      "RequestHeaders": {
        "Authorization": "Sanitized",
        "traceparent": "00-bb987a2e082ebd41c1e20d0ac94a779d-ccacffa17934aff3-00",
        "User-Agent": "azsdk-net-ResourceManager/1.6.0 (.NET 7.0.7; Microsoft Windows 10.0.22621)",
        "x-ms-client-request-id": "f4c3b4e0015752e88388503b646d7c83",
        "x-ms-return-client-request-id": "true"
      },
      "RequestBody": null,
      "StatusCode": 200,
      "ResponseHeaders": {
        "Cache-Control": "no-cache",
        "Content-Length": "1021",
        "Content-Type": "application/json; charset=utf-8",
        "Date": "Wed, 28 Jun 2023 15:58:15 GMT",
        "ETag": "W/\u002286fe130f-e551-4337-9488-deedeefa7d5d\u0022",
        "Expires": "-1",
        "Pragma": "no-cache",
        "Server": [
          "Microsoft-HTTPAPI/2.0",
          "Microsoft-HTTPAPI/2.0"
        ],
        "Strict-Transport-Security": "max-age=31536000; includeSubDomains",
        "X-Content-Type-Options": "nosniff",
        "x-ms-arm-service-request-id": "d3497444-2dfb-4104-b18c-18ee816282b5",
        "x-ms-client-request-id": "f4c3b4e0015752e88388503b646d7c83",
        "x-ms-correlation-request-id": "0dc06f7e-ecba-4c96-bb87-ed0f5bbd3f77",
        "x-ms-ratelimit-remaining-subscription-reads": "11456",
        "x-ms-request-id": "913e5f2f-e797-47ed-ac86-bf85f5b2497c",
        "x-ms-routing-request-id": "SOUTHEASTASIA:20230628T155815Z:0dc06f7e-ecba-4c96-bb87-ed0f5bbd3f77"
      },
      "ResponseBody": {
        "name": "azsmnet6076",
        "id": "/subscriptions/db1ab6f0-4769-4b27-930e-01e2ef9c123c/resourceGroups/csmrg1506/providers/Microsoft.Network/virtualNetworks/azsmnet6076",
        "etag": "W/\u002286fe130f-e551-4337-9488-deedeefa7d5d\u0022",
        "type": "Microsoft.Network/virtualNetworks",
        "location": "westus",
        "properties": {
          "provisioningState": "Succeeded",
          "resourceGuid": "470575fc-512e-4121-a216-412ba008cd8a",
          "addressSpace": {
            "addressPrefixes": [
              "10.0.0.0/16"
            ]
          },
          "dhcpOptions": {
            "dnsServers": [
              "10.1.1.1",
              "10.1.2.4"
            ]
          },
          "subnets": [
            {
              "name": "azsmnet7656",
              "id": "/subscriptions/db1ab6f0-4769-4b27-930e-01e2ef9c123c/resourceGroups/csmrg1506/providers/Microsoft.Network/virtualNetworks/azsmnet6076/subnets/azsmnet7656",
              "etag": "W/\u002286fe130f-e551-4337-9488-deedeefa7d5d\u0022",
              "properties": {
                "provisioningState": "Succeeded",
                "addressPrefix": "10.0.0.0/24",
                "delegations": [],
                "privateEndpointNetworkPolicies": "Disabled",
                "privateLinkServiceNetworkPolicies": "Enabled"
              },
              "type": "Microsoft.Network/virtualNetworks/subnets"
            }
          ],
          "virtualNetworkPeerings": [],
          "enableDdosProtection": false
        }
      }
    },
    {
      "RequestUri": "https://management.azure.com/subscriptions/db1ab6f0-4769-4b27-930e-01e2ef9c123c/resourceGroups/csmrg1506/providers/Microsoft.Network/virtualNetworks/azsmnet6076/subnets/azsmnet8564?api-version=2018-11-01",
      "RequestMethod": "PUT",
      "RequestHeaders": {
        "Accept": "application/json",
        "Authorization": "Sanitized",
        "Content-Length": "67",
        "Content-Type": "application/json",
        "traceparent": "00-849fe8ed2aace26ad3ce78b20c6e410c-4a2bf832a1577172-00",
        "User-Agent": "azsdk-net-ResourceManager.Network/1.3.0-alpha.20230627.1 (.NET 7.0.7; Microsoft Windows 10.0.22621)",
        "x-ms-client-request-id": "4a71dc3e2e5e5d10ac98ab8b70ec63e2",
        "x-ms-return-client-request-id": "true"
      },
      "RequestBody": {
        "name": "azsmnet8564",
        "properties": {
          "addressPrefix": "10.0.1.0/24"
        }
      },
      "StatusCode": 201,
      "ResponseHeaders": {
        "Azure-AsyncNotification": "Enabled",
        "Azure-AsyncOperation": "https://management.azure.com/subscriptions/db1ab6f0-4769-4b27-930e-01e2ef9c123c/providers/Microsoft.Network/locations/westus/operations/4c4431e8-4627-4c0a-8c96-d98789a3bd65?api-version=2018-11-01",
        "Cache-Control": "no-cache",
        "Content-Length": "430",
        "Content-Type": "application/json; charset=utf-8",
        "Date": "Wed, 28 Jun 2023 15:58:16 GMT",
        "Expires": "-1",
        "Pragma": "no-cache",
        "Retry-After": "3",
        "Server": [
          "Microsoft-HTTPAPI/2.0",
          "Microsoft-HTTPAPI/2.0"
        ],
        "Strict-Transport-Security": "max-age=31536000; includeSubDomains",
        "X-Content-Type-Options": "nosniff",
        "x-ms-arm-service-request-id": "3c662a5b-46ef-4d8d-8f06-8597bccfb3db",
        "x-ms-client-request-id": "4a71dc3e2e5e5d10ac98ab8b70ec63e2",
        "x-ms-correlation-request-id": "107093da-cf14-4bf6-920a-b1dfe01e7d1b",
        "x-ms-ratelimit-remaining-subscription-writes": "1057",
        "x-ms-request-id": "4c4431e8-4627-4c0a-8c96-d98789a3bd65",
        "x-ms-routing-request-id": "SOUTHEASTASIA:20230628T155816Z:107093da-cf14-4bf6-920a-b1dfe01e7d1b"
      },
      "ResponseBody": {
        "name": "azsmnet8564",
        "id": "/subscriptions/db1ab6f0-4769-4b27-930e-01e2ef9c123c/resourceGroups/csmrg1506/providers/Microsoft.Network/virtualNetworks/azsmnet6076/subnets/azsmnet8564",
        "etag": "W/\u00220f1a9ea6-0d46-41ec-88d7-d5e6c1573798\u0022",
        "properties": {
          "provisioningState": "Updating",
          "addressPrefix": "10.0.1.0/24",
          "delegations": []
        },
        "type": "Microsoft.Network/virtualNetworks/subnets"
      }
    },
    {
      "RequestUri": "https://management.azure.com/subscriptions/db1ab6f0-4769-4b27-930e-01e2ef9c123c/providers/Microsoft.Network/locations/westus/operations/4c4431e8-4627-4c0a-8c96-d98789a3bd65?api-version=2018-11-01",
      "RequestMethod": "GET",
      "RequestHeaders": {
        "Authorization": "Sanitized",
        "traceparent": "00-849fe8ed2aace26ad3ce78b20c6e410c-634de346b3ff8ff0-00",
        "User-Agent": "azsdk-net-ResourceManager/1.6.0 (.NET 7.0.7; Microsoft Windows 10.0.22621)",
        "x-ms-client-request-id": "3a4e376415fab13ba46648be555de296",
        "x-ms-return-client-request-id": "true"
      },
      "RequestBody": null,
      "StatusCode": 200,
      "ResponseHeaders": {
        "Cache-Control": "no-cache",
        "Content-Length": "29",
        "Content-Type": "application/json; charset=utf-8",
        "Date": "Wed, 28 Jun 2023 15:58:16 GMT",
        "Expires": "-1",
        "Pragma": "no-cache",
        "Server": [
          "Microsoft-HTTPAPI/2.0",
          "Microsoft-HTTPAPI/2.0"
        ],
        "Strict-Transport-Security": "max-age=31536000; includeSubDomains",
        "X-Content-Type-Options": "nosniff",
        "x-ms-arm-service-request-id": "bc0c5957-4abe-48d5-a22e-c0015edb8cf4",
        "x-ms-client-request-id": "3a4e376415fab13ba46648be555de296",
        "x-ms-correlation-request-id": "f4ac8485-f499-488b-91b5-6d62dd030bb1",
        "x-ms-ratelimit-remaining-subscription-reads": "11455",
        "x-ms-request-id": "ccd9eeb5-a6aa-489c-b3e4-f16fc6f4c872",
        "x-ms-routing-request-id": "SOUTHEASTASIA:20230628T155816Z:f4ac8485-f499-488b-91b5-6d62dd030bb1"
      },
      "ResponseBody": {
        "status": "Succeeded"
      }
    },
    {
      "RequestUri": "https://management.azure.com/subscriptions/db1ab6f0-4769-4b27-930e-01e2ef9c123c/resourceGroups/csmrg1506/providers/Microsoft.Network/virtualNetworks/azsmnet6076/subnets/azsmnet8564?api-version=2018-11-01",
      "RequestMethod": "GET",
      "RequestHeaders": {
        "Authorization": "Sanitized",
        "traceparent": "00-849fe8ed2aace26ad3ce78b20c6e410c-510e000d5135ae3f-00",
        "User-Agent": "azsdk-net-ResourceManager/1.6.0 (.NET 7.0.7; Microsoft Windows 10.0.22621)",
        "x-ms-client-request-id": "13606d256e0501e696dae161955658b8",
        "x-ms-return-client-request-id": "true"
      },
      "RequestBody": null,
      "StatusCode": 200,
      "ResponseHeaders": {
        "Cache-Control": "no-cache",
        "Content-Length": "431",
        "Content-Type": "application/json; charset=utf-8",
        "Date": "Wed, 28 Jun 2023 15:58:16 GMT",
        "ETag": "W/\u002267cc2551-8f6c-47c6-8a87-60a3ab849cb7\u0022",
        "Expires": "-1",
        "Pragma": "no-cache",
        "Server": [
          "Microsoft-HTTPAPI/2.0",
          "Microsoft-HTTPAPI/2.0"
        ],
        "Strict-Transport-Security": "max-age=31536000; includeSubDomains",
        "X-Content-Type-Options": "nosniff",
        "x-ms-arm-service-request-id": "c3dcfab1-c17f-4497-ab02-d6eb762ae5e7",
        "x-ms-client-request-id": "13606d256e0501e696dae161955658b8",
        "x-ms-correlation-request-id": "a3d50c65-a72b-4623-b52a-b4c6ac51ebcf",
        "x-ms-ratelimit-remaining-subscription-reads": "11454",
        "x-ms-request-id": "8c36724e-b4c8-4d19-8ec4-3f86b4978cb0",
        "x-ms-routing-request-id": "SOUTHEASTASIA:20230628T155817Z:a3d50c65-a72b-4623-b52a-b4c6ac51ebcf"
      },
      "ResponseBody": {
        "name": "azsmnet8564",
        "id": "/subscriptions/db1ab6f0-4769-4b27-930e-01e2ef9c123c/resourceGroups/csmrg1506/providers/Microsoft.Network/virtualNetworks/azsmnet6076/subnets/azsmnet8564",
        "etag": "W/\u002267cc2551-8f6c-47c6-8a87-60a3ab849cb7\u0022",
        "properties": {
          "provisioningState": "Succeeded",
          "addressPrefix": "10.0.1.0/24",
          "delegations": []
        },
        "type": "Microsoft.Network/virtualNetworks/subnets"
      }
    },
    {
      "RequestUri": "https://management.azure.com/subscriptions/db1ab6f0-4769-4b27-930e-01e2ef9c123c/resourceGroups/csmrg1506/providers/Microsoft.Network/virtualNetworks/azsmnet6076?api-version=2023-02-01",
      "RequestMethod": "GET",
      "RequestHeaders": {
        "Accept": "application/json",
        "Authorization": "Sanitized",
        "traceparent": "00-24d5b5c6c52fa3106dfcd877f5c9e719-fefca3d82857532b-00",
        "User-Agent": "azsdk-net-ResourceManager.Network/1.3.0-alpha.20230627.1 (.NET 7.0.7; Microsoft Windows 10.0.22621)",
        "x-ms-client-request-id": "38269a80289ec5e814b56a37f587400b",
        "x-ms-return-client-request-id": "true"
      },
      "RequestBody": null,
      "StatusCode": 200,
      "ResponseHeaders": {
        "Cache-Control": "no-cache",
        "Content-Length": "1491",
        "Content-Type": "application/json; charset=utf-8",
        "Date": "Wed, 28 Jun 2023 15:58:17 GMT",
        "ETag": "W/\u002267cc2551-8f6c-47c6-8a87-60a3ab849cb7\u0022",
        "Expires": "-1",
        "Pragma": "no-cache",
        "Server": [
          "Microsoft-HTTPAPI/2.0",
          "Microsoft-HTTPAPI/2.0"
        ],
        "Strict-Transport-Security": "max-age=31536000; includeSubDomains",
        "X-Content-Type-Options": "nosniff",
        "x-ms-arm-service-request-id": "faa198d0-75f6-49d9-b774-398e8ff431cc",
        "x-ms-client-request-id": "38269a80289ec5e814b56a37f587400b",
        "x-ms-correlation-request-id": "cc63485e-5e46-4192-8980-37820cd9ee3f",
        "x-ms-ratelimit-remaining-subscription-reads": "11453",
        "x-ms-request-id": "deb44926-5714-41df-aab9-4fc0212f910b",
        "x-ms-routing-request-id": "SOUTHEASTASIA:20230628T155817Z:cc63485e-5e46-4192-8980-37820cd9ee3f"
      },
      "ResponseBody": {
        "name": "azsmnet6076",
        "id": "/subscriptions/db1ab6f0-4769-4b27-930e-01e2ef9c123c/resourceGroups/csmrg1506/providers/Microsoft.Network/virtualNetworks/azsmnet6076",
        "etag": "W/\u002267cc2551-8f6c-47c6-8a87-60a3ab849cb7\u0022",
        "type": "Microsoft.Network/virtualNetworks",
        "location": "westus",
        "properties": {
          "provisioningState": "Succeeded",
          "resourceGuid": "470575fc-512e-4121-a216-412ba008cd8a",
          "addressSpace": {
            "addressPrefixes": [
              "10.0.0.0/16"
            ]
          },
          "dhcpOptions": {
            "dnsServers": [
              "10.1.1.1",
              "10.1.2.4"
            ]
          },
          "subnets": [
            {
              "name": "azsmnet7656",
              "id": "/subscriptions/db1ab6f0-4769-4b27-930e-01e2ef9c123c/resourceGroups/csmrg1506/providers/Microsoft.Network/virtualNetworks/azsmnet6076/subnets/azsmnet7656",
              "etag": "W/\u002267cc2551-8f6c-47c6-8a87-60a3ab849cb7\u0022",
              "properties": {
                "provisioningState": "Succeeded",
                "addressPrefix": "10.0.0.0/24",
                "delegations": [],
                "privateEndpointNetworkPolicies": "Disabled",
                "privateLinkServiceNetworkPolicies": "Enabled"
              },
              "type": "Microsoft.Network/virtualNetworks/subnets"
            },
            {
              "name": "azsmnet8564",
              "id": "/subscriptions/db1ab6f0-4769-4b27-930e-01e2ef9c123c/resourceGroups/csmrg1506/providers/Microsoft.Network/virtualNetworks/azsmnet6076/subnets/azsmnet8564",
              "etag": "W/\u002267cc2551-8f6c-47c6-8a87-60a3ab849cb7\u0022",
              "properties": {
                "provisioningState": "Succeeded",
                "addressPrefix": "10.0.1.0/24",
                "delegations": [],
                "privateEndpointNetworkPolicies": "Disabled",
                "privateLinkServiceNetworkPolicies": "Enabled"
              },
              "type": "Microsoft.Network/virtualNetworks/subnets"
            }
          ],
          "virtualNetworkPeerings": [],
          "enableDdosProtection": false
        }
      }
    },
    {
      "RequestUri": "https://management.azure.com/subscriptions/db1ab6f0-4769-4b27-930e-01e2ef9c123c/resourceGroups/csmrg1506/providers/Microsoft.Network/virtualNetworks/azsmnet6076/subnets/azsmnet8564?api-version=2018-11-01",
      "RequestMethod": "GET",
      "RequestHeaders": {
        "Accept": "application/json",
        "Authorization": "Sanitized",
        "traceparent": "00-b7f8f13348c1015d3296cb863d46a46d-733d468871d45485-00",
        "User-Agent": "azsdk-net-ResourceManager.Network/1.3.0-alpha.20230627.1 (.NET 7.0.7; Microsoft Windows 10.0.22621)",
        "x-ms-client-request-id": "969302190493f60b514da41f33d91c4d",
        "x-ms-return-client-request-id": "true"
      },
      "RequestBody": null,
      "StatusCode": 200,
      "ResponseHeaders": {
        "Cache-Control": "no-cache",
        "Content-Length": "431",
        "Content-Type": "application/json; charset=utf-8",
        "Date": "Wed, 28 Jun 2023 15:58:17 GMT",
        "ETag": "W/\u002267cc2551-8f6c-47c6-8a87-60a3ab849cb7\u0022",
        "Expires": "-1",
        "Pragma": "no-cache",
        "Server": [
          "Microsoft-HTTPAPI/2.0",
          "Microsoft-HTTPAPI/2.0"
        ],
        "Strict-Transport-Security": "max-age=31536000; includeSubDomains",
        "X-Content-Type-Options": "nosniff",
        "x-ms-arm-service-request-id": "a9cb17d9-3c25-4afb-b3c7-fab8f2b8dd67",
        "x-ms-client-request-id": "969302190493f60b514da41f33d91c4d",
        "x-ms-correlation-request-id": "61d54ab1-828d-4c16-a959-7670b57cebb1",
        "x-ms-ratelimit-remaining-subscription-reads": "11452",
        "x-ms-request-id": "5f131f2e-ac12-4ac6-aafe-f9a0b3f0719a",
        "x-ms-routing-request-id": "SOUTHEASTASIA:20230628T155818Z:61d54ab1-828d-4c16-a959-7670b57cebb1"
      },
      "ResponseBody": {
        "name": "azsmnet8564",
        "id": "/subscriptions/db1ab6f0-4769-4b27-930e-01e2ef9c123c/resourceGroups/csmrg1506/providers/Microsoft.Network/virtualNetworks/azsmnet6076/subnets/azsmnet8564",
        "etag": "W/\u002267cc2551-8f6c-47c6-8a87-60a3ab849cb7\u0022",
        "properties": {
          "provisioningState": "Succeeded",
          "addressPrefix": "10.0.1.0/24",
          "delegations": []
        },
        "type": "Microsoft.Network/virtualNetworks/subnets"
      }
    },
    {
      "RequestUri": "https://management.azure.com/subscriptions/db1ab6f0-4769-4b27-930e-01e2ef9c123c/resourceGroups/csmrg1506/providers/Microsoft.Network/virtualNetworks/azsmnet6076/subnets?api-version=2018-11-01",
      "RequestMethod": "GET",
      "RequestHeaders": {
        "Accept": "application/json",
        "Authorization": "Sanitized",
        "User-Agent": "azsdk-net-ResourceManager.Network/1.3.0-alpha.20230627.1 (.NET 7.0.7; Microsoft Windows 10.0.22621)",
        "x-ms-client-request-id": "bb3e8f0da936fdf8859bfe4f04ae0b0f",
        "x-ms-return-client-request-id": "true"
      },
      "RequestBody": null,
      "StatusCode": 200,
      "ResponseHeaders": {
        "Cache-Control": "no-cache",
        "Content-Length": "978",
        "Content-Type": "application/json; charset=utf-8",
        "Date": "Wed, 28 Jun 2023 15:58:18 GMT",
        "Expires": "-1",
        "Pragma": "no-cache",
        "Server": [
          "Microsoft-HTTPAPI/2.0",
          "Microsoft-HTTPAPI/2.0"
        ],
        "Strict-Transport-Security": "max-age=31536000; includeSubDomains",
        "X-Content-Type-Options": "nosniff",
        "x-ms-arm-service-request-id": "205b52eb-ffa0-4b83-b52a-9dbbed620fd9",
        "x-ms-client-request-id": "bb3e8f0da936fdf8859bfe4f04ae0b0f",
        "x-ms-correlation-request-id": "1cbc2e5e-e48d-45dd-9c58-4bb43701b409",
        "x-ms-ratelimit-remaining-subscription-reads": "11451",
        "x-ms-request-id": "6f132ed6-db2f-4d26-820d-0acf4a76dde9",
        "x-ms-routing-request-id": "SOUTHEASTASIA:20230628T155818Z:1cbc2e5e-e48d-45dd-9c58-4bb43701b409"
      },
      "ResponseBody": {
        "value": [
          {
            "name": "azsmnet7656",
            "id": "/subscriptions/db1ab6f0-4769-4b27-930e-01e2ef9c123c/resourceGroups/csmrg1506/providers/Microsoft.Network/virtualNetworks/azsmnet6076/subnets/azsmnet7656",
            "etag": "W/\u002267cc2551-8f6c-47c6-8a87-60a3ab849cb7\u0022",
            "properties": {
              "provisioningState": "Succeeded",
              "addressPrefix": "10.0.0.0/24",
              "delegations": []
            },
            "type": "Microsoft.Network/virtualNetworks/subnets"
          },
          {
            "name": "azsmnet8564",
            "id": "/subscriptions/db1ab6f0-4769-4b27-930e-01e2ef9c123c/resourceGroups/csmrg1506/providers/Microsoft.Network/virtualNetworks/azsmnet6076/subnets/azsmnet8564",
            "etag": "W/\u002267cc2551-8f6c-47c6-8a87-60a3ab849cb7\u0022",
            "properties": {
              "provisioningState": "Succeeded",
              "addressPrefix": "10.0.1.0/24",
              "delegations": []
            },
            "type": "Microsoft.Network/virtualNetworks/subnets"
          }
        ]
      }
    },
    {
      "RequestUri": "https://management.azure.com/subscriptions/db1ab6f0-4769-4b27-930e-01e2ef9c123c/resourceGroups/csmrg1506/providers/Microsoft.Network/virtualNetworks/azsmnet6076/subnets/azsmnet8564?api-version=2018-11-01",
      "RequestMethod": "DELETE",
      "RequestHeaders": {
        "Accept": "application/json",
        "Authorization": "Sanitized",
        "traceparent": "00-95c9b53b7504a4ce5e0e976a74ee98ab-b526257502702597-00",
        "User-Agent": "azsdk-net-ResourceManager.Network/1.3.0-alpha.20230627.1 (.NET 7.0.7; Microsoft Windows 10.0.22621)",
        "x-ms-client-request-id": "9247d69ac2c37b258f30e65083c8923a",
        "x-ms-return-client-request-id": "true"
      },
      "RequestBody": null,
      "StatusCode": 202,
      "ResponseHeaders": {
        "Azure-AsyncNotification": "Enabled",
        "Azure-AsyncOperation": "https://management.azure.com/subscriptions/db1ab6f0-4769-4b27-930e-01e2ef9c123c/providers/Microsoft.Network/locations/westus/operations/77ac36e1-b6e4-4f36-8d45-185a7f4ee1ca?api-version=2018-11-01",
        "Cache-Control": "no-cache",
        "Content-Length": "0",
        "Date": "Wed, 28 Jun 2023 15:58:18 GMT",
        "Expires": "-1",
        "Location": "https://management.azure.com/subscriptions/db1ab6f0-4769-4b27-930e-01e2ef9c123c/providers/Microsoft.Network/locations/westus/operationResults/77ac36e1-b6e4-4f36-8d45-185a7f4ee1ca?api-version=2018-11-01",
        "Pragma": "no-cache",
        "Retry-After": "10",
        "Server": [
          "Microsoft-HTTPAPI/2.0",
          "Microsoft-HTTPAPI/2.0"
        ],
        "Strict-Transport-Security": "max-age=31536000; includeSubDomains",
        "X-Content-Type-Options": "nosniff",
        "x-ms-arm-service-request-id": "87bfbb11-9c57-4ab3-9b81-8b6f446784e3",
        "x-ms-client-request-id": "9247d69ac2c37b258f30e65083c8923a",
        "x-ms-correlation-request-id": "9302851c-1eb0-423e-903d-8162ba8e9001",
        "x-ms-ratelimit-remaining-subscription-deletes": "14941",
        "x-ms-request-id": "77ac36e1-b6e4-4f36-8d45-185a7f4ee1ca",
        "x-ms-routing-request-id": "SOUTHEASTASIA:20230628T155819Z:9302851c-1eb0-423e-903d-8162ba8e9001"
      },
      "ResponseBody": null
    },
    {
      "RequestUri": "https://management.azure.com/subscriptions/db1ab6f0-4769-4b27-930e-01e2ef9c123c/providers/Microsoft.Network/locations/westus/operations/77ac36e1-b6e4-4f36-8d45-185a7f4ee1ca?api-version=2018-11-01",
      "RequestMethod": "GET",
      "RequestHeaders": {
        "Authorization": "Sanitized",
        "traceparent": "00-95c9b53b7504a4ce5e0e976a74ee98ab-b10b1717aaf62f36-00",
        "User-Agent": "azsdk-net-ResourceManager/1.6.0 (.NET 7.0.7; Microsoft Windows 10.0.22621)",
        "x-ms-client-request-id": "5d85954189924a8a6ac32c06c2a779bc",
        "x-ms-return-client-request-id": "true"
      },
      "RequestBody": null,
      "StatusCode": 200,
      "ResponseHeaders": {
        "Cache-Control": "no-cache",
        "Content-Length": "29",
        "Content-Type": "application/json; charset=utf-8",
        "Date": "Wed, 28 Jun 2023 15:58:18 GMT",
        "Expires": "-1",
        "Pragma": "no-cache",
        "Server": [
          "Microsoft-HTTPAPI/2.0",
          "Microsoft-HTTPAPI/2.0"
        ],
        "Strict-Transport-Security": "max-age=31536000; includeSubDomains",
        "X-Content-Type-Options": "nosniff",
        "x-ms-arm-service-request-id": "95dd0aa6-e910-4f93-9c6b-498547a0b44a",
        "x-ms-client-request-id": "5d85954189924a8a6ac32c06c2a779bc",
        "x-ms-correlation-request-id": "db76d408-1c45-4a45-a991-8f110e56bea4",
        "x-ms-ratelimit-remaining-subscription-reads": "11450",
        "x-ms-request-id": "b688015c-e113-496f-b988-a64395ba3433",
        "x-ms-routing-request-id": "SOUTHEASTASIA:20230628T155819Z:db76d408-1c45-4a45-a991-8f110e56bea4"
      },
      "ResponseBody": {
        "status": "Succeeded"
      }
    },
    {
      "RequestUri": "https://management.azure.com/subscriptions/db1ab6f0-4769-4b27-930e-01e2ef9c123c/resourceGroups/csmrg1506/providers/Microsoft.Network/virtualNetworks/azsmnet6076/subnets?api-version=2018-11-01",
      "RequestMethod": "GET",
      "RequestHeaders": {
        "Accept": "application/json",
        "Authorization": "Sanitized",
        "User-Agent": "azsdk-net-ResourceManager.Network/1.3.0-alpha.20230627.1 (.NET 7.0.7; Microsoft Windows 10.0.22621)",
        "x-ms-client-request-id": "e8b6c408a68414c601d7882db12d75d3",
        "x-ms-return-client-request-id": "true"
      },
      "RequestBody": null,
      "StatusCode": 200,
      "ResponseHeaders": {
        "Cache-Control": "no-cache",
        "Content-Length": "500",
        "Content-Type": "application/json; charset=utf-8",
        "Date": "Wed, 28 Jun 2023 15:58:19 GMT",
        "Expires": "-1",
        "Pragma": "no-cache",
        "Server": [
          "Microsoft-HTTPAPI/2.0",
          "Microsoft-HTTPAPI/2.0"
        ],
        "Strict-Transport-Security": "max-age=31536000; includeSubDomains",
        "X-Content-Type-Options": "nosniff",
        "x-ms-arm-service-request-id": "c817bf28-3e5e-48b3-acb1-58a5c01f5fd5",
        "x-ms-client-request-id": "e8b6c408a68414c601d7882db12d75d3",
        "x-ms-correlation-request-id": "482edf14-55b9-4930-929c-72eb28a1d4af",
        "x-ms-ratelimit-remaining-subscription-reads": "11449",
        "x-ms-request-id": "e37ce6d1-aba1-40e7-a902-33fff021d555",
        "x-ms-routing-request-id": "SOUTHEASTASIA:20230628T155819Z:482edf14-55b9-4930-929c-72eb28a1d4af"
      },
      "ResponseBody": {
        "value": [
          {
            "name": "azsmnet7656",
            "id": "/subscriptions/db1ab6f0-4769-4b27-930e-01e2ef9c123c/resourceGroups/csmrg1506/providers/Microsoft.Network/virtualNetworks/azsmnet6076/subnets/azsmnet7656",
            "etag": "W/\u002266055373-a25c-4db5-b7e3-795381a70c15\u0022",
            "properties": {
              "provisioningState": "Succeeded",
              "addressPrefix": "10.0.0.0/24",
              "delegations": []
            },
            "type": "Microsoft.Network/virtualNetworks/subnets"
          }
        ]
      }
    }
  ],
  "Variables": {
    "AZURE_AUTHORITY_HOST": "https://login.microsoftonline.com",
    "LOCATION": "westus",
    "RandomSeed": "797821746",
    "RESOURCE_MANAGER_URL": null,
    "SUBSCRIPTION_ID": "db1ab6f0-4769-4b27-930e-01e2ef9c123c"
  }
}
