{
  "Entries": [
    {
      "RequestUri": "https://management.azure.com/subscriptions/db1ab6f0-4769-4b27-930e-01e2ef9c123c?api-version=2021-01-01",
      "RequestMethod": "GET",
      "RequestHeaders": {
        "Accept": "application/json",
        "Authorization": "Sanitized",
        "traceparent": "00-bf1dc3181a4812a5ee1444d3de144052-811c8d14b29fd467-00",
        "User-Agent": "azsdk-net-ResourceManager/1.2.1 (.NET 6.0.7; Microsoft Windows 10.0.17763)",
        "x-ms-client-request-id": "516aad8a11c98d4453f85794c8db94f5",
        "x-ms-return-client-request-id": "true"
      },
      "RequestBody": null,
      "StatusCode": 200,
      "ResponseHeaders": {
        "Cache-Control": "no-cache",
        "Content-Length": "747",
        "Content-Type": "application/json; charset=utf-8",
        "Date": "Wed, 03 Aug 2022 02:35:53 GMT",
        "Expires": "-1",
        "Pragma": "no-cache",
        "Strict-Transport-Security": "max-age=31536000; includeSubDomains",
        "X-Content-Type-Options": "nosniff",
        "x-ms-correlation-request-id": "b4b5e856-d19f-4468-8723-4e7bb3c99fce",
        "x-ms-ratelimit-remaining-subscription-reads": "11931",
        "x-ms-request-id": "b4b5e856-d19f-4468-8723-4e7bb3c99fce",
        "x-ms-routing-request-id": "WESTUS:20220803T023553Z:b4b5e856-d19f-4468-8723-4e7bb3c99fce"
      },
      "ResponseBody": {
        "id": "/subscriptions/db1ab6f0-4769-4b27-930e-01e2ef9c123c",
        "authorizationSource": "RoleBased",
        "managedByTenants": [],
        "tags": {
          "TagKey-9823": "TagValue-566",
          "TagKey-3481": "TagValue-320",
          "TagKey-4926": "TagValue-1187",
          "TagKey-751": "TagValue-3921",
          "TagKey-1866": "TagValue-8559",
          "TagKey-3094": "TagValue-9190",
          "TagKey-2449": "TagValue-9",
          "TagKey-8379": "TagValue-164",
          "TagKey-7470": "TagValue-2205",
          "TagKey-4236": "TagValue-3698",
          "TagKey-5316": "TagValue-2725"
        },
        "subscriptionId": "db1ab6f0-4769-4b27-930e-01e2ef9c123c",
        "tenantId": "72f988bf-86f1-41af-91ab-2d7cd011db47",
        "displayName": ".NET Mgmt SDK Test with TTL = 1 Day",
        "state": "Enabled",
        "subscriptionPolicies": {
          "locationPlacementId": "Internal_2014-09-01",
          "quotaId": "Internal_2014-09-01",
          "spendingLimit": "Off"
        }
      }
    },
    {
      "RequestUri": "https://management.azure.com/subscriptions/db1ab6f0-4769-4b27-930e-01e2ef9c123c/resourcegroups/csmrg4760?api-version=**",
      "RequestMethod": "PUT",
      "RequestHeaders": {
        "Accept": "application/json",
        "Authorization": "Sanitized",
        "Content-Length": "21",
        "Content-Type": "application/json",
        "traceparent": "00-036a42f1b506c84d2e61467e2e6cc466-b99b5b5b6e3671fb-00",
        "User-Agent": "azsdk-net-ResourceManager/1.2.1 (.NET 6.0.7; Microsoft Windows 10.0.17763)",
        "x-ms-client-request-id": "efa244c1a1b637429250803b519d25b0",
        "x-ms-return-client-request-id": "true"
      },
      "RequestBody": {
        "location": "westus"
      },
      "StatusCode": 201,
      "ResponseHeaders": {
        "Cache-Control": "no-cache",
        "Content-Length": "215",
        "Content-Type": "application/json; charset=utf-8",
        "Date": "Wed, 03 Aug 2022 02:35:54 GMT",
        "Expires": "-1",
        "Pragma": "no-cache",
        "Strict-Transport-Security": "max-age=31536000; includeSubDomains",
        "X-Content-Type-Options": "nosniff",
        "x-ms-correlation-request-id": "5e7cdd3f-338f-443f-87e7-9ceb25081b6d",
        "x-ms-ratelimit-remaining-subscription-writes": "1182",
        "x-ms-request-id": "5e7cdd3f-338f-443f-87e7-9ceb25081b6d",
        "x-ms-routing-request-id": "WESTUS:20220803T023554Z:5e7cdd3f-338f-443f-87e7-9ceb25081b6d"
      },
      "ResponseBody": {
        "id": "/subscriptions/db1ab6f0-4769-4b27-930e-01e2ef9c123c/resourceGroups/csmrg4760",
        "name": "csmrg4760",
        "type": "Microsoft.Resources/resourceGroups",
        "location": "westus",
        "properties": {
          "provisioningState": "Succeeded"
        }
      }
    },
    {
      "RequestUri": "https://management.azure.com/subscriptions/db1ab6f0-4769-4b27-930e-01e2ef9c123c/resourceGroups/csmrg4760/providers/Microsoft.Network/virtualNetworks/azsmnet5444?api-version=2022-09-01",
      "RequestMethod": "PUT",
      "RequestHeaders": {
        "Accept": "application/json",
        "Authorization": "Sanitized",
        "Content-Length": "220",
        "Content-Type": "application/json",
        "traceparent": "00-37b4edf5956cb18c53b8cbd87e5844a3-6133aa46b82671c6-00",
        "User-Agent": "azsdk-net-ResourceManager.Network/1.1.0-alpha.20220802.1 (.NET 6.0.7; Microsoft Windows 10.0.17763)",
        "x-ms-client-request-id": "a77a9bdae2e3aa404040636f9efa50e0",
        "x-ms-return-client-request-id": "true"
      },
      "RequestBody": {
        "location": "westus",
        "properties": {
          "addressSpace": {
            "addressPrefixes": [
              "10.0.0.0/16"
            ]
          },
          "dhcpOptions": {
            "dnsServers": [
              "10.1.1.1",
              "10.1.2.4"
            ]
          },
          "subnets": [
            {
              "name": "azsmnet1996",
              "properties": {
                "addressPrefix": "10.0.0.0/24"
              }
            }
          ]
        }
      },
      "StatusCode": 201,
      "ResponseHeaders": {
        "Azure-AsyncNotification": "Enabled",
        "Azure-AsyncOperation": "https://management.azure.com/subscriptions/db1ab6f0-4769-4b27-930e-01e2ef9c123c/providers/Microsoft.Network/locations/westus/operations/9efefa08-a686-49ee-9078-843acef04089?api-version=2022-09-01",
        "Cache-Control": "no-cache",
        "Content-Length": "1332",
        "Content-Type": "application/json; charset=utf-8",
        "Date": "Wed, 03 Aug 2022 02:35:54 GMT",
        "Expires": "-1",
        "Pragma": "no-cache",
        "Retry-After": "3",
        "Server": [
          "Microsoft-HTTPAPI/2.0",
          "Microsoft-HTTPAPI/2.0"
        ],
        "Strict-Transport-Security": "max-age=31536000; includeSubDomains",
        "X-Content-Type-Options": "nosniff",
        "x-ms-arm-service-request-id": "a9a99348-f3ea-448a-aff8-96083182da76",
        "x-ms-client-request-id": "a77a9bdae2e3aa404040636f9efa50e0",
        "x-ms-correlation-request-id": "a1062ac8-0101-486d-9a26-badef3a79ad8",
        "x-ms-ratelimit-remaining-subscription-writes": "1181",
        "x-ms-request-id": "9efefa08-a686-49ee-9078-843acef04089",
        "x-ms-routing-request-id": "WESTUS:20220803T023554Z:a1062ac8-0101-486d-9a26-badef3a79ad8"
      },
      "ResponseBody": {
        "name": "azsmnet5444",
        "id": "/subscriptions/db1ab6f0-4769-4b27-930e-01e2ef9c123c/resourceGroups/csmrg4760/providers/Microsoft.Network/virtualNetworks/azsmnet5444",
        "etag": "W/\u00226dbb7d56-d2ff-41d4-b668-bcc9474802f0\u0022",
        "type": "Microsoft.Network/virtualNetworks",
        "location": "westus",
        "properties": {
          "provisioningState": "Updating",
          "resourceGuid": "85b08c2a-5edc-495b-a7e7-24a091d95077",
          "addressSpace": {
            "addressPrefixes": [
              "10.0.0.0/16"
            ]
          },
          "dhcpOptions": {
            "dnsServers": [
              "10.1.1.1",
              "10.1.2.4"
            ]
          },
          "subnets": [
            {
              "name": "azsmnet1996",
              "id": "/subscriptions/db1ab6f0-4769-4b27-930e-01e2ef9c123c/resourceGroups/csmrg4760/providers/Microsoft.Network/virtualNetworks/azsmnet5444/subnets/azsmnet1996",
              "etag": "W/\u00226dbb7d56-d2ff-41d4-b668-bcc9474802f0\u0022",
              "properties": {
                "provisioningState": "Updating",
                "addressPrefix": "10.0.0.0/24",
                "delegations": [],
                "privateEndpointNetworkPolicies": "Disabled",
                "privateLinkServiceNetworkPolicies": "Enabled"
              },
              "type": "Microsoft.Network/virtualNetworks/subnets"
            }
          ],
          "virtualNetworkPeerings": [],
          "enableDdosProtection": false
        }
      }
    },
    {
      "RequestUri": "https://management.azure.com/subscriptions/db1ab6f0-4769-4b27-930e-01e2ef9c123c/providers/Microsoft.Network/locations/westus/operations/9efefa08-a686-49ee-9078-843acef04089?api-version=2022-09-01",
      "RequestMethod": "GET",
      "RequestHeaders": {
        "Authorization": "Sanitized",
        "traceparent": "00-37b4edf5956cb18c53b8cbd87e5844a3-c18b0d3defa8e044-00",
        "User-Agent": "azsdk-net-ResourceManager/1.2.1 (.NET 6.0.7; Microsoft Windows 10.0.17763)",
        "x-ms-client-request-id": "8b1b77749c460cbf76f701f72fe0e141",
        "x-ms-return-client-request-id": "true"
      },
      "RequestBody": null,
      "StatusCode": 200,
      "ResponseHeaders": {
        "Cache-Control": "no-cache",
        "Content-Length": "30",
        "Content-Type": "application/json; charset=utf-8",
        "Date": "Wed, 03 Aug 2022 02:35:54 GMT",
        "Expires": "-1",
        "Pragma": "no-cache",
        "Retry-After": "10",
        "Server": [
          "Microsoft-HTTPAPI/2.0",
          "Microsoft-HTTPAPI/2.0"
        ],
        "Strict-Transport-Security": "max-age=31536000; includeSubDomains",
        "X-Content-Type-Options": "nosniff",
        "x-ms-arm-service-request-id": "f2d20c4b-054a-4bca-bb0a-235f622009bb",
        "x-ms-client-request-id": "8b1b77749c460cbf76f701f72fe0e141",
        "x-ms-correlation-request-id": "77bb3273-d5f5-4bbb-9962-7959bb3505de",
        "x-ms-ratelimit-remaining-subscription-reads": "11930",
        "x-ms-request-id": "54dd4819-a141-4d68-b594-5b2141d93405",
        "x-ms-routing-request-id": "WESTUS:20220803T023554Z:77bb3273-d5f5-4bbb-9962-7959bb3505de"
      },
      "ResponseBody": {
        "status": "InProgress"
      }
    },
    {
      "RequestUri": "https://management.azure.com/subscriptions/db1ab6f0-4769-4b27-930e-01e2ef9c123c/providers/Microsoft.Network/locations/westus/operations/9efefa08-a686-49ee-9078-843acef04089?api-version=2022-09-01",
      "RequestMethod": "GET",
      "RequestHeaders": {
        "Authorization": "Sanitized",
        "traceparent": "00-37b4edf5956cb18c53b8cbd87e5844a3-955c8d9ef8c21c50-00",
        "User-Agent": "azsdk-net-ResourceManager/1.2.1 (.NET 6.0.7; Microsoft Windows 10.0.17763)",
        "x-ms-client-request-id": "e1dcbc019275b2108143e61f903e4f0f",
        "x-ms-return-client-request-id": "true"
      },
      "RequestBody": null,
      "StatusCode": 200,
      "ResponseHeaders": {
        "Cache-Control": "no-cache",
        "Content-Length": "29",
        "Content-Type": "application/json; charset=utf-8",
        "Date": "Wed, 03 Aug 2022 02:36:04 GMT",
        "Expires": "-1",
        "Pragma": "no-cache",
        "Server": [
          "Microsoft-HTTPAPI/2.0",
          "Microsoft-HTTPAPI/2.0"
        ],
        "Strict-Transport-Security": "max-age=31536000; includeSubDomains",
        "X-Content-Type-Options": "nosniff",
        "x-ms-arm-service-request-id": "c5ea6a2f-6206-4c30-b951-2ae984699e36",
        "x-ms-client-request-id": "e1dcbc019275b2108143e61f903e4f0f",
        "x-ms-correlation-request-id": "b29f10e7-4193-4fe8-935e-a446ec0e1dac",
        "x-ms-ratelimit-remaining-subscription-reads": "11929",
        "x-ms-request-id": "82340b4e-e580-4104-bd0c-1f61901eeb1d",
        "x-ms-routing-request-id": "WESTUS:20220803T023604Z:b29f10e7-4193-4fe8-935e-a446ec0e1dac"
      },
      "ResponseBody": {
        "status": "Succeeded"
      }
    },
    {
      "RequestUri": "https://management.azure.com/subscriptions/db1ab6f0-4769-4b27-930e-01e2ef9c123c/resourceGroups/csmrg4760/providers/Microsoft.Network/virtualNetworks/azsmnet5444?api-version=2022-09-01",
      "RequestMethod": "GET",
      "RequestHeaders": {
        "Authorization": "Sanitized",
        "traceparent": "00-37b4edf5956cb18c53b8cbd87e5844a3-e961718407f9c8e9-00",
        "User-Agent": "azsdk-net-ResourceManager/1.2.1 (.NET 6.0.7; Microsoft Windows 10.0.17763)",
        "x-ms-client-request-id": "27fb825cc4dfac990f655e14262207e1",
        "x-ms-return-client-request-id": "true"
      },
      "RequestBody": null,
      "StatusCode": 200,
      "ResponseHeaders": {
        "Cache-Control": "no-cache",
        "Content-Length": "1334",
        "Content-Type": "application/json; charset=utf-8",
        "Date": "Wed, 03 Aug 2022 02:36:04 GMT",
        "ETag": "W/\u0022e7736f64-5dd1-40f4-8f8c-a998611296d5\u0022",
        "Expires": "-1",
        "Pragma": "no-cache",
        "Server": [
          "Microsoft-HTTPAPI/2.0",
          "Microsoft-HTTPAPI/2.0"
        ],
        "Strict-Transport-Security": "max-age=31536000; includeSubDomains",
        "X-Content-Type-Options": "nosniff",
        "x-ms-arm-service-request-id": "531f6d5e-cdf5-4b79-ad25-6434b8a52826",
        "x-ms-client-request-id": "27fb825cc4dfac990f655e14262207e1",
        "x-ms-correlation-request-id": "2137a770-acd0-432a-9f48-faaf2ceaa3dc",
        "x-ms-ratelimit-remaining-subscription-reads": "11928",
        "x-ms-request-id": "a443deca-1d40-417d-823d-7f7a66b0ac0c",
        "x-ms-routing-request-id": "WESTUS:20220803T023604Z:2137a770-acd0-432a-9f48-faaf2ceaa3dc"
      },
      "ResponseBody": {
        "name": "azsmnet5444",
        "id": "/subscriptions/db1ab6f0-4769-4b27-930e-01e2ef9c123c/resourceGroups/csmrg4760/providers/Microsoft.Network/virtualNetworks/azsmnet5444",
        "etag": "W/\u0022e7736f64-5dd1-40f4-8f8c-a998611296d5\u0022",
        "type": "Microsoft.Network/virtualNetworks",
        "location": "westus",
        "properties": {
          "provisioningState": "Succeeded",
          "resourceGuid": "85b08c2a-5edc-495b-a7e7-24a091d95077",
          "addressSpace": {
            "addressPrefixes": [
              "10.0.0.0/16"
            ]
          },
          "dhcpOptions": {
            "dnsServers": [
              "10.1.1.1",
              "10.1.2.4"
            ]
          },
          "subnets": [
            {
              "name": "azsmnet1996",
              "id": "/subscriptions/db1ab6f0-4769-4b27-930e-01e2ef9c123c/resourceGroups/csmrg4760/providers/Microsoft.Network/virtualNetworks/azsmnet5444/subnets/azsmnet1996",
              "etag": "W/\u0022e7736f64-5dd1-40f4-8f8c-a998611296d5\u0022",
              "properties": {
                "provisioningState": "Succeeded",
                "addressPrefix": "10.0.0.0/24",
                "delegations": [],
                "privateEndpointNetworkPolicies": "Disabled",
                "privateLinkServiceNetworkPolicies": "Enabled"
              },
              "type": "Microsoft.Network/virtualNetworks/subnets"
            }
          ],
          "virtualNetworkPeerings": [],
          "enableDdosProtection": false
        }
      }
    },
    {
      "RequestUri": "https://management.azure.com/subscriptions/db1ab6f0-4769-4b27-930e-01e2ef9c123c/resourceGroups/csmrg4760/providers/Microsoft.Network/virtualNetworks/azsmnet5444/subnets/azsmnet7079?api-version=2021-04-01",
      "RequestMethod": "PUT",
      "RequestHeaders": {
        "Accept": "application/json",
        "Authorization": "Sanitized",
        "Content-Length": "67",
        "Content-Type": "application/json",
        "traceparent": "00-3b7deea1377a101ea0bf0c753ec36b97-985b0ecb6a4fa88d-00",
        "User-Agent": "azsdk-net-ResourceManager.Network/1.1.0-alpha.20220802.1 (.NET 6.0.7; Microsoft Windows 10.0.17763)",
        "x-ms-client-request-id": "9e0110e20255e16b66690902b69f7c37",
        "x-ms-return-client-request-id": "true"
      },
      "RequestBody": {
        "name": "azsmnet7079",
        "properties": {
          "addressPrefix": "10.0.1.0/24"
        }
      },
      "StatusCode": 201,
      "ResponseHeaders": {
        "Azure-AsyncOperation": "https://management.azure.com/subscriptions/db1ab6f0-4769-4b27-930e-01e2ef9c123c/providers/Microsoft.Network/locations/westus/operations/d5dd2449-4c7f-469e-9b5d-610c5c6a8043?api-version=2021-04-01",
        "Cache-Control": "no-cache",
        "Content-Length": "534",
        "Content-Type": "application/json; charset=utf-8",
        "Date": "Wed, 03 Aug 2022 02:36:04 GMT",
        "Expires": "-1",
        "Pragma": "no-cache",
        "Retry-After": "3",
        "Server": [
          "Microsoft-HTTPAPI/2.0",
          "Microsoft-HTTPAPI/2.0"
        ],
        "Strict-Transport-Security": "max-age=31536000; includeSubDomains",
        "X-Content-Type-Options": "nosniff",
        "x-ms-arm-service-request-id": "5187c514-66d5-4c06-bc94-90f5ec6947d5",
        "x-ms-client-request-id": "9e0110e20255e16b66690902b69f7c37",
        "x-ms-correlation-request-id": "a4421d97-637d-4c1b-8be3-d22a8b0f1018",
        "x-ms-ratelimit-remaining-subscription-writes": "1180",
        "x-ms-request-id": "d5dd2449-4c7f-469e-9b5d-610c5c6a8043",
        "x-ms-routing-request-id": "WESTUS:20220803T023604Z:a4421d97-637d-4c1b-8be3-d22a8b0f1018"
      },
      "ResponseBody": {
        "name": "azsmnet7079",
        "id": "/subscriptions/db1ab6f0-4769-4b27-930e-01e2ef9c123c/resourceGroups/csmrg4760/providers/Microsoft.Network/virtualNetworks/azsmnet5444/subnets/azsmnet7079",
        "etag": "W/\u00223a025616-49e4-43c7-b706-f31f3d793713\u0022",
        "properties": {
          "provisioningState": "Updating",
          "addressPrefix": "10.0.1.0/24",
          "delegations": [],
          "privateEndpointNetworkPolicies": "Disabled",
          "privateLinkServiceNetworkPolicies": "Enabled"
        },
        "type": "Microsoft.Network/virtualNetworks/subnets"
      }
    },
    {
      "RequestUri": "https://management.azure.com/subscriptions/db1ab6f0-4769-4b27-930e-01e2ef9c123c/providers/Microsoft.Network/locations/westus/operations/d5dd2449-4c7f-469e-9b5d-610c5c6a8043?api-version=2021-04-01",
      "RequestMethod": "GET",
      "RequestHeaders": {
        "Authorization": "Sanitized",
        "traceparent": "00-3b7deea1377a101ea0bf0c753ec36b97-93aa82460fa4c0f9-00",
        "User-Agent": "azsdk-net-ResourceManager/1.2.1 (.NET 6.0.7; Microsoft Windows 10.0.17763)",
        "x-ms-client-request-id": "7f3c043cb03d59b9161ac075ba97f56f",
        "x-ms-return-client-request-id": "true"
      },
      "RequestBody": null,
      "StatusCode": 200,
      "ResponseHeaders": {
        "Cache-Control": "no-cache",
        "Content-Length": "30",
        "Content-Type": "application/json; charset=utf-8",
        "Date": "Wed, 03 Aug 2022 02:36:04 GMT",
        "Expires": "-1",
        "Pragma": "no-cache",
        "Retry-After": "10",
        "Server": [
          "Microsoft-HTTPAPI/2.0",
          "Microsoft-HTTPAPI/2.0"
        ],
        "Strict-Transport-Security": "max-age=31536000; includeSubDomains",
        "X-Content-Type-Options": "nosniff",
        "x-ms-arm-service-request-id": "be6dfd4b-f91f-4fcf-af68-f3ae9b64cab2",
        "x-ms-client-request-id": "7f3c043cb03d59b9161ac075ba97f56f",
        "x-ms-correlation-request-id": "f113e1f8-4790-4bb2-9230-7eb5983559c6",
        "x-ms-ratelimit-remaining-subscription-reads": "11927",
        "x-ms-request-id": "e7f74925-d4fd-429e-9f1a-e4ced71ad360",
        "x-ms-routing-request-id": "WESTUS:20220803T023604Z:f113e1f8-4790-4bb2-9230-7eb5983559c6"
      },
      "ResponseBody": {
        "status": "InProgress"
      }
    },
    {
      "RequestUri": "https://management.azure.com/subscriptions/db1ab6f0-4769-4b27-930e-01e2ef9c123c/providers/Microsoft.Network/locations/westus/operations/d5dd2449-4c7f-469e-9b5d-610c5c6a8043?api-version=2021-04-01",
      "RequestMethod": "GET",
      "RequestHeaders": {
        "Authorization": "Sanitized",
        "traceparent": "00-3b7deea1377a101ea0bf0c753ec36b97-ea694e702a6ca028-00",
        "User-Agent": "azsdk-net-ResourceManager/1.2.1 (.NET 6.0.7; Microsoft Windows 10.0.17763)",
        "x-ms-client-request-id": "336c26e95a8728fcaec47b242f5cad6a",
        "x-ms-return-client-request-id": "true"
      },
      "RequestBody": null,
      "StatusCode": 200,
      "ResponseHeaders": {
        "Cache-Control": "no-cache",
        "Content-Length": "29",
        "Content-Type": "application/json; charset=utf-8",
        "Date": "Wed, 03 Aug 2022 02:36:14 GMT",
        "Expires": "-1",
        "Pragma": "no-cache",
        "Server": [
          "Microsoft-HTTPAPI/2.0",
          "Microsoft-HTTPAPI/2.0"
        ],
        "Strict-Transport-Security": "max-age=31536000; includeSubDomains",
        "X-Content-Type-Options": "nosniff",
        "x-ms-arm-service-request-id": "f8dc72d2-c30f-4cf0-be62-3c497ce4d963",
        "x-ms-client-request-id": "336c26e95a8728fcaec47b242f5cad6a",
        "x-ms-correlation-request-id": "5abac540-ee2f-49eb-b96c-4f9a17952d21",
        "x-ms-ratelimit-remaining-subscription-reads": "11926",
        "x-ms-request-id": "b63e9122-206d-4f46-a417-e044c173e1a7",
        "x-ms-routing-request-id": "WESTUS:20220803T023615Z:5abac540-ee2f-49eb-b96c-4f9a17952d21"
      },
      "ResponseBody": {
        "status": "Succeeded"
      }
    },
    {
      "RequestUri": "https://management.azure.com/subscriptions/db1ab6f0-4769-4b27-930e-01e2ef9c123c/resourceGroups/csmrg4760/providers/Microsoft.Network/virtualNetworks/azsmnet5444/subnets/azsmnet7079?api-version=2021-04-01",
      "RequestMethod": "GET",
      "RequestHeaders": {
        "Authorization": "Sanitized",
        "traceparent": "00-3b7deea1377a101ea0bf0c753ec36b97-f6f3bb58d4d33f15-00",
        "User-Agent": "azsdk-net-ResourceManager/1.2.1 (.NET 6.0.7; Microsoft Windows 10.0.17763)",
        "x-ms-client-request-id": "b2c6aaddfc63f7fa394096caf9ec828b",
        "x-ms-return-client-request-id": "true"
      },
      "RequestBody": null,
      "StatusCode": 200,
      "ResponseHeaders": {
        "Cache-Control": "no-cache",
        "Content-Length": "535",
        "Content-Type": "application/json; charset=utf-8",
        "Date": "Wed, 03 Aug 2022 02:36:14 GMT",
        "ETag": "W/\u0022c704d037-e021-4895-a090-46e1d3fd7904\u0022",
        "Expires": "-1",
        "Pragma": "no-cache",
        "Server": [
          "Microsoft-HTTPAPI/2.0",
          "Microsoft-HTTPAPI/2.0"
        ],
        "Strict-Transport-Security": "max-age=31536000; includeSubDomains",
        "X-Content-Type-Options": "nosniff",
        "x-ms-arm-service-request-id": "8dd41d45-8d2a-42c5-b5df-b42fc9dad4f7",
        "x-ms-client-request-id": "b2c6aaddfc63f7fa394096caf9ec828b",
        "x-ms-correlation-request-id": "26654f8e-1756-46d1-98b0-356d44f32de5",
        "x-ms-ratelimit-remaining-subscription-reads": "11925",
        "x-ms-request-id": "910752a5-578e-4060-bde2-f15174e118a9",
        "x-ms-routing-request-id": "WESTUS:20220803T023615Z:26654f8e-1756-46d1-98b0-356d44f32de5"
      },
      "ResponseBody": {
        "name": "azsmnet7079",
        "id": "/subscriptions/db1ab6f0-4769-4b27-930e-01e2ef9c123c/resourceGroups/csmrg4760/providers/Microsoft.Network/virtualNetworks/azsmnet5444/subnets/azsmnet7079",
        "etag": "W/\u0022c704d037-e021-4895-a090-46e1d3fd7904\u0022",
        "properties": {
          "provisioningState": "Succeeded",
          "addressPrefix": "10.0.1.0/24",
          "delegations": [],
          "privateEndpointNetworkPolicies": "Disabled",
          "privateLinkServiceNetworkPolicies": "Enabled"
        },
        "type": "Microsoft.Network/virtualNetworks/subnets"
      }
    },
    {
      "RequestUri": "https://management.azure.com/subscriptions/db1ab6f0-4769-4b27-930e-01e2ef9c123c/resourceGroups/csmrg4760/providers/Microsoft.Network/virtualNetworks/azsmnet5444?api-version=2022-09-01",
      "RequestMethod": "GET",
      "RequestHeaders": {
        "Accept": "application/json",
        "Authorization": "Sanitized",
        "traceparent": "00-f01d248cdc94f10c459ab750fb43c4ce-5096f20e4c05018d-00",
        "User-Agent": "azsdk-net-ResourceManager.Network/1.1.0-alpha.20220802.1 (.NET 6.0.7; Microsoft Windows 10.0.17763)",
        "x-ms-client-request-id": "0d25633b5890e2d70814d17835942ab9",
        "x-ms-return-client-request-id": "true"
      },
      "RequestBody": null,
      "StatusCode": 200,
      "ResponseHeaders": {
        "Cache-Control": "no-cache",
        "Content-Length": "1950",
        "Content-Type": "application/json; charset=utf-8",
        "Date": "Wed, 03 Aug 2022 02:36:14 GMT",
        "ETag": "W/\u0022c704d037-e021-4895-a090-46e1d3fd7904\u0022",
        "Expires": "-1",
        "Pragma": "no-cache",
        "Server": [
          "Microsoft-HTTPAPI/2.0",
          "Microsoft-HTTPAPI/2.0"
        ],
        "Strict-Transport-Security": "max-age=31536000; includeSubDomains",
        "X-Content-Type-Options": "nosniff",
        "x-ms-arm-service-request-id": "d39c6d39-2542-480d-a787-0757bfb273e9",
        "x-ms-client-request-id": "0d25633b5890e2d70814d17835942ab9",
        "x-ms-correlation-request-id": "4bf3c33f-f114-4c9e-b6f6-a4536f12d964",
        "x-ms-ratelimit-remaining-subscription-reads": "11924",
        "x-ms-request-id": "bcd94539-47d7-4fe4-9111-3f43806dabe7",
        "x-ms-routing-request-id": "WESTUS:20220803T023615Z:4bf3c33f-f114-4c9e-b6f6-a4536f12d964"
      },
      "ResponseBody": {
        "name": "azsmnet5444",
        "id": "/subscriptions/db1ab6f0-4769-4b27-930e-01e2ef9c123c/resourceGroups/csmrg4760/providers/Microsoft.Network/virtualNetworks/azsmnet5444",
        "etag": "W/\u0022c704d037-e021-4895-a090-46e1d3fd7904\u0022",
        "type": "Microsoft.Network/virtualNetworks",
        "location": "westus",
        "properties": {
          "provisioningState": "Succeeded",
          "resourceGuid": "85b08c2a-5edc-495b-a7e7-24a091d95077",
          "addressSpace": {
            "addressPrefixes": [
              "10.0.0.0/16"
            ]
          },
          "dhcpOptions": {
            "dnsServers": [
              "10.1.1.1",
              "10.1.2.4"
            ]
          },
          "subnets": [
            {
              "name": "azsmnet1996",
              "id": "/subscriptions/db1ab6f0-4769-4b27-930e-01e2ef9c123c/resourceGroups/csmrg4760/providers/Microsoft.Network/virtualNetworks/azsmnet5444/subnets/azsmnet1996",
              "etag": "W/\u0022c704d037-e021-4895-a090-46e1d3fd7904\u0022",
              "properties": {
                "provisioningState": "Succeeded",
                "addressPrefix": "10.0.0.0/24",
                "delegations": [],
                "privateEndpointNetworkPolicies": "Disabled",
                "privateLinkServiceNetworkPolicies": "Enabled"
              },
              "type": "Microsoft.Network/virtualNetworks/subnets"
            },
            {
              "name": "azsmnet7079",
              "id": "/subscriptions/db1ab6f0-4769-4b27-930e-01e2ef9c123c/resourceGroups/csmrg4760/providers/Microsoft.Network/virtualNetworks/azsmnet5444/subnets/azsmnet7079",
              "etag": "W/\u0022c704d037-e021-4895-a090-46e1d3fd7904\u0022",
              "properties": {
                "provisioningState": "Succeeded",
                "addressPrefix": "10.0.1.0/24",
                "delegations": [],
                "privateEndpointNetworkPolicies": "Disabled",
                "privateLinkServiceNetworkPolicies": "Enabled"
              },
              "type": "Microsoft.Network/virtualNetworks/subnets"
            }
          ],
          "virtualNetworkPeerings": [],
          "enableDdosProtection": false
        }
      }
    },
    {
      "RequestUri": "https://management.azure.com/subscriptions/db1ab6f0-4769-4b27-930e-01e2ef9c123c/resourceGroups/csmrg4760/providers/Microsoft.Network/virtualNetworks/azsmnet5444/subnets/azsmnet7079?api-version=2021-04-01",
      "RequestMethod": "GET",
      "RequestHeaders": {
        "Accept": "application/json",
        "Authorization": "Sanitized",
        "traceparent": "00-b851613aac78d9ce9d2766ef8d44c9be-ad8838adac811956-00",
        "User-Agent": "azsdk-net-ResourceManager.Network/1.1.0-alpha.20220802.1 (.NET 6.0.7; Microsoft Windows 10.0.17763)",
        "x-ms-client-request-id": "0f97566d43d0ec0b2b75fa47c3322fc1",
        "x-ms-return-client-request-id": "true"
      },
      "RequestBody": null,
      "StatusCode": 200,
      "ResponseHeaders": {
        "Cache-Control": "no-cache",
        "Content-Length": "535",
        "Content-Type": "application/json; charset=utf-8",
        "Date": "Wed, 03 Aug 2022 02:36:14 GMT",
        "ETag": "W/\u0022c704d037-e021-4895-a090-46e1d3fd7904\u0022",
        "Expires": "-1",
        "Pragma": "no-cache",
        "Server": [
          "Microsoft-HTTPAPI/2.0",
          "Microsoft-HTTPAPI/2.0"
        ],
        "Strict-Transport-Security": "max-age=31536000; includeSubDomains",
        "X-Content-Type-Options": "nosniff",
        "x-ms-arm-service-request-id": "3acc9210-0c92-4b1a-a884-a6460bb76a8e",
        "x-ms-client-request-id": "0f97566d43d0ec0b2b75fa47c3322fc1",
        "x-ms-correlation-request-id": "3fdb6152-6957-499c-b197-601babfc13cc",
        "x-ms-ratelimit-remaining-subscription-reads": "11923",
        "x-ms-request-id": "1d56212b-ee67-43dc-9178-44cce6c3217b",
        "x-ms-routing-request-id": "WESTUS:20220803T023615Z:3fdb6152-6957-499c-b197-601babfc13cc"
      },
      "ResponseBody": {
        "name": "azsmnet7079",
        "id": "/subscriptions/db1ab6f0-4769-4b27-930e-01e2ef9c123c/resourceGroups/csmrg4760/providers/Microsoft.Network/virtualNetworks/azsmnet5444/subnets/azsmnet7079",
        "etag": "W/\u0022c704d037-e021-4895-a090-46e1d3fd7904\u0022",
        "properties": {
          "provisioningState": "Succeeded",
          "addressPrefix": "10.0.1.0/24",
          "delegations": [],
          "privateEndpointNetworkPolicies": "Disabled",
          "privateLinkServiceNetworkPolicies": "Enabled"
        },
        "type": "Microsoft.Network/virtualNetworks/subnets"
      }
    },
    {
      "RequestUri": "https://management.azure.com/subscriptions/db1ab6f0-4769-4b27-930e-01e2ef9c123c/resourceGroups/csmrg4760/providers/Microsoft.Network/virtualNetworks/azsmnet5444/subnets?api-version=2021-04-01",
      "RequestMethod": "GET",
      "RequestHeaders": {
        "Accept": "application/json",
        "Authorization": "Sanitized",
        "traceparent": "00-85aa3dd2b12c21e48f2bd055c59a73c4-34e6777d83af6cbc-00",
        "User-Agent": "azsdk-net-ResourceManager.Network/1.1.0-alpha.20220802.1 (.NET 6.0.7; Microsoft Windows 10.0.17763)",
        "x-ms-client-request-id": "cce9ef429f3685d9d3e3aa4f2b82c1a4",
        "x-ms-return-client-request-id": "true"
      },
      "RequestBody": null,
      "StatusCode": 200,
      "ResponseHeaders": {
        "Cache-Control": "no-cache",
        "Content-Length": "1202",
        "Content-Type": "application/json; charset=utf-8",
        "Date": "Wed, 03 Aug 2022 02:36:14 GMT",
        "Expires": "-1",
        "Pragma": "no-cache",
        "Server": [
          "Microsoft-HTTPAPI/2.0",
          "Microsoft-HTTPAPI/2.0"
        ],
        "Strict-Transport-Security": "max-age=31536000; includeSubDomains",
        "X-Content-Type-Options": "nosniff",
        "x-ms-arm-service-request-id": "b82ef279-1d23-4f23-8eee-495464c65b67",
        "x-ms-client-request-id": "cce9ef429f3685d9d3e3aa4f2b82c1a4",
        "x-ms-correlation-request-id": "87ce8db0-0107-4ea4-b75f-dbcd8eef1107",
        "x-ms-ratelimit-remaining-subscription-reads": "11922",
        "x-ms-request-id": "57c90a66-da72-4ac4-844c-b38aad11f408",
        "x-ms-routing-request-id": "WESTUS:20220803T023615Z:87ce8db0-0107-4ea4-b75f-dbcd8eef1107"
      },
      "ResponseBody": {
        "value": [
          {
            "name": "azsmnet1996",
            "id": "/subscriptions/db1ab6f0-4769-4b27-930e-01e2ef9c123c/resourceGroups/csmrg4760/providers/Microsoft.Network/virtualNetworks/azsmnet5444/subnets/azsmnet1996",
            "etag": "W/\u0022c704d037-e021-4895-a090-46e1d3fd7904\u0022",
            "properties": {
              "provisioningState": "Succeeded",
              "addressPrefix": "10.0.0.0/24",
              "delegations": [],
              "privateEndpointNetworkPolicies": "Disabled",
              "privateLinkServiceNetworkPolicies": "Enabled"
            },
            "type": "Microsoft.Network/virtualNetworks/subnets"
          },
          {
            "name": "azsmnet7079",
            "id": "/subscriptions/db1ab6f0-4769-4b27-930e-01e2ef9c123c/resourceGroups/csmrg4760/providers/Microsoft.Network/virtualNetworks/azsmnet5444/subnets/azsmnet7079",
            "etag": "W/\u0022c704d037-e021-4895-a090-46e1d3fd7904\u0022",
            "properties": {
              "provisioningState": "Succeeded",
              "addressPrefix": "10.0.1.0/24",
              "delegations": [],
              "privateEndpointNetworkPolicies": "Disabled",
              "privateLinkServiceNetworkPolicies": "Enabled"
            },
            "type": "Microsoft.Network/virtualNetworks/subnets"
          }
        ]
      }
    },
    {
      "RequestUri": "https://management.azure.com/subscriptions/db1ab6f0-4769-4b27-930e-01e2ef9c123c/resourceGroups/csmrg4760/providers/Microsoft.Network/virtualNetworks/azsmnet5444/subnets/azsmnet7079?api-version=2021-04-01",
      "RequestMethod": "DELETE",
      "RequestHeaders": {
        "Accept": "application/json",
        "Authorization": "Sanitized",
        "traceparent": "00-cc98675e2865cbb491f6f24b155b5f00-a3aac62c299c9741-00",
        "User-Agent": "azsdk-net-ResourceManager.Network/1.1.0-alpha.20220802.1 (.NET 6.0.7; Microsoft Windows 10.0.17763)",
        "x-ms-client-request-id": "a25ddd167254f7ba5739e21b5d901fd5",
        "x-ms-return-client-request-id": "true"
      },
      "RequestBody": null,
      "StatusCode": 202,
      "ResponseHeaders": {
        "Azure-AsyncOperation": "https://management.azure.com/subscriptions/db1ab6f0-4769-4b27-930e-01e2ef9c123c/providers/Microsoft.Network/locations/westus/operations/69732573-f6c3-4d43-b0f8-27cf06f5cb73?api-version=2021-04-01",
        "Cache-Control": "no-cache",
        "Content-Length": "0",
        "Date": "Wed, 03 Aug 2022 02:36:15 GMT",
        "Expires": "-1",
        "Location": "https://management.azure.com/subscriptions/db1ab6f0-4769-4b27-930e-01e2ef9c123c/providers/Microsoft.Network/locations/westus/operationResults/69732573-f6c3-4d43-b0f8-27cf06f5cb73?api-version=2021-04-01",
        "Pragma": "no-cache",
        "Retry-After": "10",
        "Server": [
          "Microsoft-HTTPAPI/2.0",
          "Microsoft-HTTPAPI/2.0"
        ],
        "Strict-Transport-Security": "max-age=31536000; includeSubDomains",
        "X-Content-Type-Options": "nosniff",
        "x-ms-arm-service-request-id": "9d11e537-74b0-4339-8909-4315a5da6219",
        "x-ms-client-request-id": "a25ddd167254f7ba5739e21b5d901fd5",
        "x-ms-correlation-request-id": "50e065d2-ec1f-4e3d-bb9a-61cf776604ae",
        "x-ms-ratelimit-remaining-subscription-deletes": "14996",
        "x-ms-request-id": "69732573-f6c3-4d43-b0f8-27cf06f5cb73",
        "x-ms-routing-request-id": "WESTUS:20220803T023615Z:50e065d2-ec1f-4e3d-bb9a-61cf776604ae"
      },
      "ResponseBody": null
    },
    {
      "RequestUri": "https://management.azure.com/subscriptions/db1ab6f0-4769-4b27-930e-01e2ef9c123c/providers/Microsoft.Network/locations/westus/operations/69732573-f6c3-4d43-b0f8-27cf06f5cb73?api-version=2021-04-01",
      "RequestMethod": "GET",
      "RequestHeaders": {
        "Authorization": "Sanitized",
        "traceparent": "00-cc98675e2865cbb491f6f24b155b5f00-5e5400327c27cde5-00",
        "User-Agent": "azsdk-net-ResourceManager/1.2.1 (.NET 6.0.7; Microsoft Windows 10.0.17763)",
        "x-ms-client-request-id": "e63056b38cd5cf6d34f274fdbdbe2843",
        "x-ms-return-client-request-id": "true"
      },
      "RequestBody": null,
      "StatusCode": 200,
      "ResponseHeaders": {
        "Cache-Control": "no-cache",
        "Content-Length": "30",
        "Content-Type": "application/json; charset=utf-8",
        "Date": "Wed, 03 Aug 2022 02:36:15 GMT",
        "Expires": "-1",
        "Pragma": "no-cache",
        "Retry-After": "10",
        "Server": [
          "Microsoft-HTTPAPI/2.0",
          "Microsoft-HTTPAPI/2.0"
        ],
        "Strict-Transport-Security": "max-age=31536000; includeSubDomains",
        "X-Content-Type-Options": "nosniff",
        "x-ms-arm-service-request-id": "94ece02d-9e5c-409d-a913-26fea28780e9",
        "x-ms-client-request-id": "e63056b38cd5cf6d34f274fdbdbe2843",
        "x-ms-correlation-request-id": "f443f79c-dbf2-442b-becd-bffb2ae5226b",
        "x-ms-ratelimit-remaining-subscription-reads": "11921",
        "x-ms-request-id": "a5fcced8-69ec-4d26-a5ca-5f3e4cc85810",
        "x-ms-routing-request-id": "WESTUS:20220803T023615Z:f443f79c-dbf2-442b-becd-bffb2ae5226b"
      },
      "ResponseBody": {
        "status": "InProgress"
      }
    },
    {
      "RequestUri": "https://management.azure.com/subscriptions/db1ab6f0-4769-4b27-930e-01e2ef9c123c/providers/Microsoft.Network/locations/westus/operations/69732573-f6c3-4d43-b0f8-27cf06f5cb73?api-version=2021-04-01",
      "RequestMethod": "GET",
      "RequestHeaders": {
        "Authorization": "Sanitized",
        "traceparent": "00-cc98675e2865cbb491f6f24b155b5f00-dd2d832ad0a3e30d-00",
        "User-Agent": "azsdk-net-ResourceManager/1.2.1 (.NET 6.0.7; Microsoft Windows 10.0.17763)",
        "x-ms-client-request-id": "1c6ad4c47a4bb8f9598f254236cd5e9a",
        "x-ms-return-client-request-id": "true"
      },
      "RequestBody": null,
      "StatusCode": 200,
      "ResponseHeaders": {
        "Cache-Control": "no-cache",
        "Content-Length": "29",
        "Content-Type": "application/json; charset=utf-8",
        "Date": "Wed, 03 Aug 2022 02:36:25 GMT",
        "Expires": "-1",
        "Pragma": "no-cache",
        "Server": [
          "Microsoft-HTTPAPI/2.0",
          "Microsoft-HTTPAPI/2.0"
        ],
        "Strict-Transport-Security": "max-age=31536000; includeSubDomains",
        "X-Content-Type-Options": "nosniff",
        "x-ms-arm-service-request-id": "ad21fbb2-67fd-40d5-a3bc-57c64c6a8f07",
        "x-ms-client-request-id": "1c6ad4c47a4bb8f9598f254236cd5e9a",
        "x-ms-correlation-request-id": "16a886de-650d-4db1-92e0-03225831a359",
        "x-ms-ratelimit-remaining-subscription-reads": "11920",
        "x-ms-request-id": "725d5db0-4fb6-4ad4-9360-0d190b1cc106",
        "x-ms-routing-request-id": "WESTUS:20220803T023625Z:16a886de-650d-4db1-92e0-03225831a359"
      },
      "ResponseBody": {
        "status": "Succeeded"
      }
    },
    {
      "RequestUri": "https://management.azure.com/subscriptions/db1ab6f0-4769-4b27-930e-01e2ef9c123c/resourceGroups/csmrg4760/providers/Microsoft.Network/virtualNetworks/azsmnet5444/subnets?api-version=2021-04-01",
      "RequestMethod": "GET",
      "RequestHeaders": {
        "Accept": "application/json",
        "Authorization": "Sanitized",
        "traceparent": "00-4108a13c6d33f17016a07b51992d7ce5-1fee15f630c61503-00",
        "User-Agent": "azsdk-net-ResourceManager.Network/1.1.0-alpha.20220802.1 (.NET 6.0.7; Microsoft Windows 10.0.17763)",
        "x-ms-client-request-id": "07673877395f5800a16612b8e98510be",
        "x-ms-return-client-request-id": "true"
      },
      "RequestBody": null,
      "StatusCode": 200,
      "ResponseHeaders": {
        "Cache-Control": "no-cache",
        "Content-Length": "612",
        "Content-Type": "application/json; charset=utf-8",
        "Date": "Wed, 03 Aug 2022 02:36:25 GMT",
        "Expires": "-1",
        "Pragma": "no-cache",
        "Server": [
          "Microsoft-HTTPAPI/2.0",
          "Microsoft-HTTPAPI/2.0"
        ],
        "Strict-Transport-Security": "max-age=31536000; includeSubDomains",
        "X-Content-Type-Options": "nosniff",
        "x-ms-arm-service-request-id": "9cea54e4-7033-41ea-842b-7edae947e5c0",
        "x-ms-client-request-id": "07673877395f5800a16612b8e98510be",
        "x-ms-correlation-request-id": "eb3effb4-eba1-48ac-b0c6-73cb0d1ccee1",
        "x-ms-ratelimit-remaining-subscription-reads": "11919",
        "x-ms-request-id": "b771e321-cebe-4287-bef6-290791787d61",
        "x-ms-routing-request-id": "WESTUS:20220803T023625Z:eb3effb4-eba1-48ac-b0c6-73cb0d1ccee1"
      },
      "ResponseBody": {
        "value": [
          {
            "name": "azsmnet1996",
            "id": "/subscriptions/db1ab6f0-4769-4b27-930e-01e2ef9c123c/resourceGroups/csmrg4760/providers/Microsoft.Network/virtualNetworks/azsmnet5444/subnets/azsmnet1996",
            "etag": "W/\u0022aecdb684-7690-4b4f-ade1-c14335f52edb\u0022",
            "properties": {
              "provisioningState": "Succeeded",
              "addressPrefix": "10.0.0.0/24",
              "delegations": [],
              "privateEndpointNetworkPolicies": "Disabled",
              "privateLinkServiceNetworkPolicies": "Enabled"
            },
            "type": "Microsoft.Network/virtualNetworks/subnets"
          }
        ]
      }
    }
  ],
  "Variables": {
    "AZURE_AUTHORITY_HOST": "https://login.microsoftonline.com",
    "LOCATION": "westus",
    "RandomSeed": "1941337779",
    "RESOURCE_MANAGER_URL": null,
    "SUBSCRIPTION_ID": "db1ab6f0-4769-4b27-930e-01e2ef9c123c"
  }
}
