{
  "Entries": [
    {
      "RequestUri": "https://management.azure.com/subscriptions/69a75bda-882e-44d5-8431-63421204132a?api-version=2021-01-01",
      "RequestMethod": "GET",
      "RequestHeaders": {
        "Accept": "application/json",
        "Authorization": "Sanitized",
        "traceparent": "00-1d4dbb30a143f05ef0cfdefbee2ab93a-cf7f9d7df1111aea-00",
        "User-Agent": "azsdk-net-ResourceManager/1.6.0 (.NET 7.0.7; Microsoft Windows 10.0.22621)",
        "x-ms-client-request-id": "edfd2f66828f7e01b7f192ffb3a196f9",
        "x-ms-return-client-request-id": "true"
      },
      "RequestBody": null,
      "StatusCode": 200,
      "ResponseHeaders": {
        "Cache-Control": "no-cache",
        "Content-Length": "422",
        "Content-Type": "application/json; charset=utf-8",
        "Date": "Fri, 23 Jun 2023 11:04:16 GMT",
        "Expires": "-1",
        "Pragma": "no-cache",
        "Strict-Transport-Security": "max-age=31536000; includeSubDomains",
        "X-Content-Type-Options": "nosniff",
        "x-ms-correlation-request-id": "39dd21ba-8f43-4d05-a789-45ca17ccfe6a",
        "x-ms-ratelimit-remaining-subscription-reads": "11869",
        "x-ms-request-id": "39dd21ba-8f43-4d05-a789-45ca17ccfe6a",
        "x-ms-routing-request-id": "WESTEUROPE:20230623T110416Z:39dd21ba-8f43-4d05-a789-45ca17ccfe6a"
      },
      "ResponseBody": {
        "id": "/subscriptions/69a75bda-882e-44d5-8431-63421204132a",
        "authorizationSource": "RoleBased",
        "managedByTenants": [],
        "tags": {
          "SkipNRMSNSG": "true"
        },
        "subscriptionId": "69a75bda-882e-44d5-8431-63421204132a",
        "tenantId": "72f988bf-86f1-41af-91ab-2d7cd011db47",
        "displayName": "QATest02-SVL",
        "state": "Enabled",
        "subscriptionPolicies": {
          "locationPlacementId": "Internal_2014-09-01",
          "quotaId": "Internal_2014-09-01",
          "spendingLimit": "Off"
        }
      }
    },
    {
      "RequestUri": "https://management.azure.com/subscriptions/69a75bda-882e-44d5-8431-63421204132a/resourcegroups/testNetAppDotNetSDKRG-9342?api-version=**",
      "RequestMethod": "PUT",
      "RequestHeaders": {
        "Accept": "application/json",
        "Authorization": "Sanitized",
        "Content-Length": "63",
        "Content-Type": "application/json",
        "traceparent": "00-5ca054d208d8d9f30670931743729dac-c1335c3b4546e2b8-00",
        "User-Agent": "azsdk-net-ResourceManager/1.6.0 (.NET 7.0.7; Microsoft Windows 10.0.22621)",
        "x-ms-client-request-id": "35451a7847dec9b812dffbee5ee26723",
        "x-ms-return-client-request-id": "true"
      },
      "RequestBody": {
        "tags": {
          "test": "env",
          "Owner": "b-aubald"
        },
        "location": "westus2"
      },
      "StatusCode": 201,
      "ResponseHeaders": {
        "Cache-Control": "no-cache",
        "Content-Length": "359",
        "Content-Type": "application/json; charset=utf-8",
        "Date": "Fri, 23 Jun 2023 11:04:16 GMT",
        "Expires": "-1",
        "Pragma": "no-cache",
        "Strict-Transport-Security": "max-age=31536000; includeSubDomains",
        "X-Content-Type-Options": "nosniff",
        "x-ms-correlation-request-id": "dd5af611-61b6-4d7f-b586-d0ef9133549a",
        "x-ms-ratelimit-remaining-subscription-writes": "1171",
        "x-ms-request-id": "dd5af611-61b6-4d7f-b586-d0ef9133549a",
        "x-ms-routing-request-id": "WESTEUROPE:20230623T110416Z:dd5af611-61b6-4d7f-b586-d0ef9133549a"
      },
      "ResponseBody": {
        "id": "/subscriptions/69a75bda-882e-44d5-8431-63421204132a/resourceGroups/testNetAppDotNetSDKRG-9342",
        "name": "testNetAppDotNetSDKRG-9342",
        "type": "Microsoft.Resources/resourceGroups",
        "location": "westus2",
        "tags": {
          "test": "env",
          "Owner": "b-aubald",
          "CreatedOnDate": "2023-06-23T11:04:16.6232111Z",
          "SkipNRMSNSG": "true"
        },
        "properties": {
          "provisioningState": "Succeeded"
        }
      }
    },
    {
      "RequestUri": "https://management.azure.com/subscriptions/69a75bda-882e-44d5-8431-63421204132a/providers/Microsoft.NetApp/locations/westus2/checkNameAvailability?api-version=2022-11-01",
      "RequestMethod": "POST",
      "RequestHeaders": {
        "Accept": "application/json",
        "Authorization": "Sanitized",
        "Content-Length": "108",
        "Content-Type": "application/json",
        "traceparent": "00-70452cc7370c4c5679f0e991a53eeb4a-054766828c9759d8-00",
        "User-Agent": "azsdk-net-ResourceManager.NetApp/1.2.0-alpha.20230619.1 (.NET 7.0.7; Microsoft Windows 10.0.22621)",
        "x-ms-client-request-id": "38c2c38df25c0bb19e27e46f19ef5396",
        "x-ms-return-client-request-id": "true"
      },
      "RequestBody": {
        "name": "account9334",
        "type": "Microsoft.NetApp/netAppAccounts",
        "resourceGroup": "testNetAppDotNetSDKRG-9342"
      },
      "StatusCode": 200,
      "ResponseHeaders": {
        "Cache-Control": "no-cache",
        "Content-Length": "20",
        "Content-Type": "application/json; charset=utf-8",
        "Date": "Fri, 23 Jun 2023 11:04:17 GMT",
        "Expires": "-1",
        "Pragma": "no-cache",
        "Server": "Microsoft-IIS/10.0",
        "Strict-Transport-Security": "max-age=31536000; includeSubDomains",
        "X-Content-Type-Options": "nosniff",
        "x-ms-correlation-request-id": "024b67c0-fc80-4a81-a795-f79a215f66ac",
        "x-ms-ratelimit-remaining-subscription-writes": "1193",
        "x-ms-request-id": "23270847-f180-40cc-bc4d-18699694aae5",
        "x-ms-routing-request-id": "WESTEUROPE:20230623T110417Z:024b67c0-fc80-4a81-a795-f79a215f66ac",
        "X-Powered-By": "ASP.NET"
      },
      "ResponseBody": {
        "isAvailable": true
      }
    },
    {
      "RequestUri": "https://management.azure.com/subscriptions/69a75bda-882e-44d5-8431-63421204132a/resourceGroups/testNetAppDotNetSDKRG-9342/providers/Microsoft.NetApp/netAppAccounts/account9334?api-version=2022-11-01",
      "RequestMethod": "PUT",
      "RequestHeaders": {
        "Accept": "application/json",
        "Authorization": "Sanitized",
        "Content-Length": "79",
        "Content-Type": "application/json",
        "traceparent": "00-9dcdc4a2ccef73241645cff8787c390e-66b94030adab2c6d-00",
        "User-Agent": "azsdk-net-ResourceManager.NetApp/1.2.0-alpha.20230619.1 (.NET 7.0.7; Microsoft Windows 10.0.22621)",
        "x-ms-client-request-id": "d8ad2d9f887b45e7247ca30690590f2a",
        "x-ms-return-client-request-id": "true"
      },
      "RequestBody": {
        "tags": {
          "key1": "value1",
          "key2": "value2"
        },
        "location": "westus2",
        "properties": {}
      },
      "StatusCode": 201,
      "ResponseHeaders": {
        "Azure-AsyncOperation": "https://management.azure.com/subscriptions/69a75bda-882e-44d5-8431-63421204132a/providers/Microsoft.NetApp/locations/westus2/operationResults/3b199151-381b-4e59-9b72-f3b1a4be2736?api-version=2022-11-01",
        "Cache-Control": "no-cache",
        "Content-Length": "1131",
        "Content-Type": "application/json; charset=utf-8",
        "Date": "Fri, 23 Jun 2023 11:04:20 GMT",
        "ETag": "W/\u0022datetime\u00272023-06-23T11%3A04%3A19.0353167Z\u0027\u0022",
        "Expires": "-1",
        "Pragma": "no-cache",
        "Server": "Microsoft-IIS/10.0",
        "Strict-Transport-Security": "max-age=31536000; includeSubDomains",
        "X-Content-Type-Options": "nosniff",
        "x-ms-correlation-request-id": "711a50b3-a54c-4a6e-93d9-ab0845160c5e",
        "x-ms-ratelimit-remaining-subscription-writes": "1170",
        "x-ms-request-id": "cd0a4ce1-9641-4ffc-9e1f-a61b27664a34",
        "x-ms-routing-request-id": "WESTEUROPE:20230623T110420Z:711a50b3-a54c-4a6e-93d9-ab0845160c5e",
        "X-Powered-By": "ASP.NET"
      },
      "ResponseBody": {
        "id": "/subscriptions/69a75bda-882e-44d5-8431-63421204132a/resourceGroups/testNetAppDotNetSDKRG-9342/providers/Microsoft.NetApp/netAppAccounts/account9334",
        "name": "account9334",
        "type": "Microsoft.NetApp/netAppAccounts",
        "etag": "W/\u0022datetime\u00272023-06-23T11%3A04%3A19.0353167Z\u0027\u0022",
        "location": "westus2",
        "tags": {
          "key1": "value1",
          "key2": "value2",
          "CreatedOnDate": "2023-06-23T11:04:17.4237254Z"
        },
        "properties": {
          "activeDirectories": [
            {
              "activeDirectoryId": "09ef3da0-c3dd-8e10-a69c-04a84d8ebc85",
              "username": "sdkuser",
              "password": "****************",
              "domain": "sdkdomain",
              "dns": "192.0.2.2",
              "status": "Created",
              "smbServerName": "PSSMBSName",
              "organizationalUnit": "CN=Computers",
              "adName": "ps1792",
              "aesEncryption": false,
              "ldapSigning": false,
              "ldapOverTLS": false,
              "allowLocalNfsUsersWithLdap": false,
              "encryptDCConnections": false,
              "ldapSearchScope": {}
            }
          ],
          "provisioningState": "Creating"
        },
        "systemData": {
          "createdBy": "c6c4faba-2b22-44d9-80a4-71ff5b71f811",
          "createdByType": "Application",
          "createdAt": "2023-06-23T11:04:18.8777357Z",
          "lastModifiedBy": "c6c4faba-2b22-44d9-80a4-71ff5b71f811",
          "lastModifiedByType": "Application",
          "lastModifiedAt": "2023-06-23T11:04:18.8777357Z"
        }
      }
    },
    {
      "RequestUri": "https://management.azure.com/subscriptions/69a75bda-882e-44d5-8431-63421204132a/providers/Microsoft.NetApp/locations/westus2/operationResults/3b199151-381b-4e59-9b72-f3b1a4be2736?api-version=2022-11-01",
      "RequestMethod": "GET",
      "RequestHeaders": {
        "Authorization": "Sanitized",
        "traceparent": "00-9dcdc4a2ccef73241645cff8787c390e-c09458103d798dae-00",
        "User-Agent": "azsdk-net-ResourceManager/1.6.0 (.NET 7.0.7; Microsoft Windows 10.0.22621)",
        "x-ms-client-request-id": "b4bf57a84bb904f8db7d14df4fab7b44",
        "x-ms-return-client-request-id": "true"
      },
      "RequestBody": null,
      "StatusCode": 200,
      "ResponseHeaders": {
        "Cache-Control": "no-cache",
        "Content-Length": "532",
        "Content-Type": "application/json; charset=utf-8",
        "Date": "Fri, 23 Jun 2023 11:04:20 GMT",
        "Expires": "-1",
        "Pragma": "no-cache",
        "Server": "Microsoft-IIS/10.0",
        "Strict-Transport-Security": "max-age=31536000; includeSubDomains",
        "X-Content-Type-Options": "nosniff",
        "x-ms-correlation-request-id": "d1353c8e-61b5-4797-b465-7ffc4cd91dda",
        "x-ms-ratelimit-remaining-subscription-reads": "11868",
        "x-ms-request-id": "c140000d-6325-40f1-8472-d20af1b21ae9",
        "x-ms-routing-request-id": "WESTEUROPE:20230623T110420Z:d1353c8e-61b5-4797-b465-7ffc4cd91dda",
        "X-Powered-By": "ASP.NET"
      },
      "ResponseBody": {
        "id": "/subscriptions/69a75bda-882e-44d5-8431-63421204132a/providers/Microsoft.NetApp/locations/westus2/operationResults/3b199151-381b-4e59-9b72-f3b1a4be2736",
        "name": "3b199151-381b-4e59-9b72-f3b1a4be2736",
        "status": "Succeeded",
        "startTime": "2023-06-23T11:04:19.0418745Z",
        "endTime": "2023-06-23T11:04:19.0756602Z",
        "percentComplete": 100.0,
        "properties": {
          "resourceName": "/subscriptions/69a75bda-882e-44d5-8431-63421204132a/resourceGroups/testNetAppDotNetSDKRG-9342/providers/Microsoft.NetApp/netAppAccounts/account9334",
          "action": "CREATE"
        }
      }
    },
    {
      "RequestUri": "https://management.azure.com/subscriptions/69a75bda-882e-44d5-8431-63421204132a/resourceGroups/testNetAppDotNetSDKRG-9342/providers/Microsoft.NetApp/netAppAccounts/account9334?api-version=2022-11-01",
      "RequestMethod": "GET",
      "RequestHeaders": {
        "Authorization": "Sanitized",
        "traceparent": "00-9dcdc4a2ccef73241645cff8787c390e-0c6e5e3e03ca18c2-00",
        "User-Agent": "azsdk-net-ResourceManager/1.6.0 (.NET 7.0.7; Microsoft Windows 10.0.22621)",
        "x-ms-client-request-id": "d993b91880db405f1286445148c770ca",
        "x-ms-return-client-request-id": "true"
      },
      "RequestBody": null,
      "StatusCode": 200,
      "ResponseHeaders": {
        "Cache-Control": "no-cache",
        "Content-Length": "1178",
        "Content-Type": "application/json; charset=utf-8",
        "Date": "Fri, 23 Jun 2023 11:04:20 GMT",
        "ETag": "W/\u0022datetime\u00272023-06-23T11%3A04%3A19.0650108Z\u0027\u0022",
        "Expires": "-1",
        "Pragma": "no-cache",
        "Server": "Microsoft-IIS/10.0",
        "Strict-Transport-Security": "max-age=31536000; includeSubDomains",
        "X-Content-Type-Options": "nosniff",
        "x-ms-correlation-request-id": "cf3e1bb9-d5a2-4a60-a42f-7a04869ea5bd",
        "x-ms-ratelimit-remaining-subscription-reads": "11867",
        "x-ms-request-id": "65e0c810-2e84-4175-a76c-8c30ddff18ee",
        "x-ms-routing-request-id": "WESTEUROPE:20230623T110420Z:cf3e1bb9-d5a2-4a60-a42f-7a04869ea5bd",
        "X-Powered-By": "ASP.NET"
      },
      "ResponseBody": {
        "id": "/subscriptions/69a75bda-882e-44d5-8431-63421204132a/resourceGroups/testNetAppDotNetSDKRG-9342/providers/Microsoft.NetApp/netAppAccounts/account9334",
        "name": "account9334",
        "type": "Microsoft.NetApp/netAppAccounts",
        "etag": "W/\u0022datetime\u00272023-06-23T11%3A04%3A19.0650108Z\u0027\u0022",
        "location": "westus2",
        "tags": {
          "key1": "value1",
          "key2": "value2",
          "CreatedOnDate": "2023-06-23T11:04:17.4237254Z"
        },
        "properties": {
          "activeDirectories": [
            {
              "activeDirectoryId": "09ef3da0-c3dd-8e10-a69c-04a84d8ebc85",
              "username": "sdkuser",
              "password": "****************",
              "domain": "sdkdomain",
              "dns": "192.0.2.2",
              "status": "Created",
              "smbServerName": "PSSMBSName",
              "organizationalUnit": "CN=Computers",
              "adName": "ps1792",
              "aesEncryption": false,
              "ldapSigning": false,
              "ldapOverTLS": false,
              "allowLocalNfsUsersWithLdap": false,
              "encryptDCConnections": false,
              "ldapSearchScope": {}
            }
          ],
          "encryption": {
            "keySource": "Microsoft.NetApp"
          },
          "provisioningState": "Succeeded"
        },
        "systemData": {
          "createdBy": "c6c4faba-2b22-44d9-80a4-71ff5b71f811",
          "createdByType": "Application",
          "createdAt": "2023-06-23T11:04:18.8777357Z",
          "lastModifiedBy": "c6c4faba-2b22-44d9-80a4-71ff5b71f811",
          "lastModifiedByType": "Application",
          "lastModifiedAt": "2023-06-23T11:04:18.8777357Z"
        }
      }
    },
    {
      "RequestUri": "https://management.azure.com/subscriptions/69a75bda-882e-44d5-8431-63421204132a/resourceGroups/testNetAppDotNetSDKRG-9342/providers/Microsoft.NetApp/netAppAccounts/account9334/snapshotPolicies/snapshotPolicy-9918?api-version=2022-11-01",
      "RequestMethod": "PUT",
      "RequestHeaders": {
        "Accept": "application/json",
        "Authorization": "Sanitized",
        "Content-Length": "339",
        "Content-Type": "application/json",
        "traceparent": "00-1ad2cd3a4bc10088f39d3b110b18678f-39ddc60fb0efc313-00",
        "User-Agent": "azsdk-net-ResourceManager.NetApp/1.2.0-alpha.20230619.1 (.NET 7.0.7; Microsoft Windows 10.0.22621)",
        "x-ms-client-request-id": "9a385db3715a47900ff7b94a3bd8e8af",
        "x-ms-return-client-request-id": "true"
      },
      "RequestBody": {
        "tags": {},
        "location": "westus2",
        "properties": {
          "hourlySchedule": {
            "snapshotsToKeep": 2,
            "minute": 50
          },
          "dailySchedule": {
            "snapshotsToKeep": 4,
            "hour": 14,
            "minute": 30
          },
          "weeklySchedule": {
            "snapshotsToKeep": 3,
            "day": "Wednesday",
            "hour": 14,
            "minute": 45
          },
          "monthlySchedule": {
            "snapshotsToKeep": 5,
            "daysOfMonth": "10,11,12",
            "hour": 14,
            "minute": 15
          },
          "enabled": true
        }
      },
      "StatusCode": 201,
      "ResponseHeaders": {
        "Azure-AsyncOperation": "https://management.azure.com/subscriptions/69a75bda-882e-44d5-8431-63421204132a/providers/Microsoft.NetApp/locations/westus2/operationResults/e74b99c5-f541-4644-9c7a-d844acec6fb7?api-version=2022-11-01",
        "Cache-Control": "no-cache",
        "Content-Length": "1043",
        "Content-Type": "application/json; charset=utf-8",
        "Date": "Fri, 23 Jun 2023 11:04:23 GMT",
        "ETag": "W/\u0022datetime\u00272023-06-23T11%3A04%3A22.6743566Z\u0027\u0022",
        "Expires": "-1",
        "Pragma": "no-cache",
        "Server": "Microsoft-IIS/10.0",
        "Strict-Transport-Security": "max-age=31536000; includeSubDomains",
        "X-Content-Type-Options": "nosniff",
        "x-ms-correlation-request-id": "65b95fef-e4a1-4aea-b73f-f796606a0efd",
        "x-ms-ratelimit-remaining-subscription-writes": "1169",
        "x-ms-request-id": "57ff632a-488b-44c2-bfa2-8db5c9a196f2",
        "x-ms-routing-request-id": "WESTEUROPE:20230623T110423Z:65b95fef-e4a1-4aea-b73f-f796606a0efd",
        "X-Powered-By": "ASP.NET"
      },
      "ResponseBody": {
        "id": "/subscriptions/69a75bda-882e-44d5-8431-63421204132a/resourceGroups/testNetAppDotNetSDKRG-9342/providers/Microsoft.NetApp/netAppAccounts/account9334/snapshotPolicies/snapshotPolicy-9918",
        "name": "account9334/snapshotPolicy-9918",
        "type": "Microsoft.NetApp/netAppAccounts/snapshotPolicies",
        "etag": "W/\u0022datetime\u00272023-06-23T11%3A04%3A22.6743566Z\u0027\u0022",
        "location": "westus2",
        "tags": {
          "CreatedOnDate": "2023-06-23T11:04:20.9998722Z"
        },
        "properties": {
          "enabled": true,
          "hourlySchedule": {
            "snapshotsToKeep": 2,
            "minute": 50
          },
          "dailySchedule": {
            "snapshotsToKeep": 4,
            "hour": 14,
            "minute": 30
          },
          "weeklySchedule": {
            "snapshotsToKeep": 3,
            "day": "Wednesday",
            "hour": 14,
            "minute": 45
          },
          "monthlySchedule": {
            "snapshotsToKeep": 5,
            "daysOfMonth": "10,11,12",
            "hour": 14,
            "minute": 15
          },
          "provisioningState": "Creating"
        },
        "systemData": {
          "createdBy": "c6c4faba-2b22-44d9-80a4-71ff5b71f811",
          "createdByType": "Application",
          "createdAt": "2023-06-23T11:04:22.5340274Z",
          "lastModifiedBy": "c6c4faba-2b22-44d9-80a4-71ff5b71f811",
          "lastModifiedByType": "Application",
          "lastModifiedAt": "2023-06-23T11:04:22.5340274Z"
        }
      }
    },
    {
      "RequestUri": "https://management.azure.com/subscriptions/69a75bda-882e-44d5-8431-63421204132a/resourceGroups/testNetAppDotNetSDKRG-9342/providers/Microsoft.NetApp/netAppAccounts/account9334/capacityPools/pool-9309?api-version=2022-11-01",
      "RequestMethod": "PUT",
      "RequestHeaders": {
        "Accept": "application/json",
        "Authorization": "Sanitized",
        "Content-Length": "124",
        "Content-Type": "application/json",
        "traceparent": "00-2c14f2e945c5862c4a71d0578fa7d35a-0621163ab45c3834-00",
        "User-Agent": "azsdk-net-ResourceManager.NetApp/1.2.0-alpha.20230619.1 (.NET 7.0.7; Microsoft Windows 10.0.22621)",
        "x-ms-client-request-id": "1fc61a0828137ef7a13307a6bc140c49",
        "x-ms-return-client-request-id": "true"
      },
      "RequestBody": {
        "tags": {
          "key1": "value1",
          "key2": "value2"
        },
        "location": "westus2",
        "properties": {
          "size": 4398046511104,
          "serviceLevel": "Premium"
        }
      },
      "StatusCode": 201,
      "ResponseHeaders": {
        "Azure-AsyncOperation": "https://management.azure.com/subscriptions/69a75bda-882e-44d5-8431-63421204132a/providers/Microsoft.NetApp/locations/westus2/operationResults/77fa9d84-1807-43ea-941a-dbeb42643ed1?api-version=2022-11-01",
        "Cache-Control": "no-cache",
        "Content-Length": "860",
        "Content-Type": "application/json; charset=utf-8",
        "Date": "Fri, 23 Jun 2023 11:04:26 GMT",
        "ETag": "W/\u0022datetime\u00272023-06-23T11%3A04%3A25.3057974Z\u0027\u0022",
        "Expires": "-1",
        "Pragma": "no-cache",
        "Server": "Microsoft-IIS/10.0",
        "Strict-Transport-Security": "max-age=31536000; includeSubDomains",
        "X-Content-Type-Options": "nosniff",
        "x-ms-correlation-request-id": "bab2ec1e-64d4-41ea-acc8-f67678af64f0",
        "x-ms-ratelimit-remaining-subscription-writes": "1168",
        "x-ms-request-id": "928102ef-3a1d-4ece-9ff6-d78ce9d43443",
        "x-ms-routing-request-id": "WESTEUROPE:20230623T110426Z:bab2ec1e-64d4-41ea-acc8-f67678af64f0",
        "X-Powered-By": "ASP.NET"
      },
      "ResponseBody": {
        "id": "/subscriptions/69a75bda-882e-44d5-8431-63421204132a/resourceGroups/testNetAppDotNetSDKRG-9342/providers/Microsoft.NetApp/netAppAccounts/account9334/capacityPools/pool-9309",
        "name": "account9334/pool-9309",
        "type": "Microsoft.NetApp/netAppAccounts/capacityPools",
        "etag": "W/\u0022datetime\u00272023-06-23T11%3A04%3A25.3057974Z\u0027\u0022",
        "location": "westus2",
        "tags": {
          "key1": "value1",
          "key2": "value2",
          "CreatedOnDate": "2023-06-23T11:04:23.6681204Z"
        },
        "properties": {
          "serviceLevel": "Premium",
          "size": 4398046511104,
          "totalThroughputMibps": 0.0,
          "utilizedThroughputMibps": 0.0,
          "provisioningState": "Creating"
        },
        "systemData": {
          "createdBy": "c6c4faba-2b22-44d9-80a4-71ff5b71f811",
          "createdByType": "Application",
          "createdAt": "2023-06-23T11:04:25.0809644Z",
          "lastModifiedBy": "c6c4faba-2b22-44d9-80a4-71ff5b71f811",
          "lastModifiedByType": "Application",
          "lastModifiedAt": "2023-06-23T11:04:25.0809644Z"
        }
      }
    },
    {
      "RequestUri": "https://management.azure.com/subscriptions/69a75bda-882e-44d5-8431-63421204132a/providers/Microsoft.NetApp/locations/westus2/operationResults/77fa9d84-1807-43ea-941a-dbeb42643ed1?api-version=2022-11-01",
      "RequestMethod": "GET",
      "RequestHeaders": {
        "Authorization": "Sanitized",
        "traceparent": "00-2c14f2e945c5862c4a71d0578fa7d35a-b915c54ad9232e44-00",
        "User-Agent": "azsdk-net-ResourceManager/1.6.0 (.NET 7.0.7; Microsoft Windows 10.0.22621)",
        "x-ms-client-request-id": "55be4da1630435a0401bb93e89a053e2",
        "x-ms-return-client-request-id": "true"
      },
      "RequestBody": null,
      "StatusCode": 200,
      "ResponseHeaders": {
        "Cache-Control": "no-cache",
        "Content-Length": "556",
        "Content-Type": "application/json; charset=utf-8",
        "Date": "Fri, 23 Jun 2023 11:04:26 GMT",
        "Expires": "-1",
        "Pragma": "no-cache",
        "Server": "Microsoft-IIS/10.0",
        "Strict-Transport-Security": "max-age=31536000; includeSubDomains",
        "X-Content-Type-Options": "nosniff",
        "x-ms-correlation-request-id": "ccdb09ef-6753-4b35-af76-a726ba4bd162",
        "x-ms-ratelimit-remaining-subscription-reads": "11866",
        "x-ms-request-id": "0dad225c-e0e6-4b07-96df-7bd9393acdcb",
        "x-ms-routing-request-id": "WESTEUROPE:20230623T110426Z:ccdb09ef-6753-4b35-af76-a726ba4bd162",
        "X-Powered-By": "ASP.NET"
      },
      "ResponseBody": {
        "id": "/subscriptions/69a75bda-882e-44d5-8431-63421204132a/providers/Microsoft.NetApp/locations/westus2/operationResults/77fa9d84-1807-43ea-941a-dbeb42643ed1",
        "name": "77fa9d84-1807-43ea-941a-dbeb42643ed1",
        "status": "Succeeded",
        "startTime": "2023-06-23T11:04:25.3132823Z",
        "endTime": "2023-06-23T11:04:25.7558272Z",
        "percentComplete": 100.0,
        "properties": {
          "resourceName": "/subscriptions/69a75bda-882e-44d5-8431-63421204132a/resourceGroups/testNetAppDotNetSDKRG-9342/providers/Microsoft.NetApp/netAppAccounts/account9334/capacityPools/pool-9309",
          "action": "CREATE"
        }
      }
    },
    {
      "RequestUri": "https://management.azure.com/subscriptions/69a75bda-882e-44d5-8431-63421204132a/resourceGroups/testNetAppDotNetSDKRG-9342/providers/Microsoft.NetApp/netAppAccounts/account9334/capacityPools/pool-9309?api-version=2022-11-01",
      "RequestMethod": "GET",
      "RequestHeaders": {
        "Authorization": "Sanitized",
        "traceparent": "00-2c14f2e945c5862c4a71d0578fa7d35a-fba54733db1217ef-00",
        "User-Agent": "azsdk-net-ResourceManager/1.6.0 (.NET 7.0.7; Microsoft Windows 10.0.22621)",
        "x-ms-client-request-id": "3cde00ac6c9a4b50d3c28d479f5187cb",
        "x-ms-return-client-request-id": "true"
      },
      "RequestBody": null,
      "StatusCode": 200,
      "ResponseHeaders": {
        "Cache-Control": "no-cache",
        "Content-Length": "973",
        "Content-Type": "application/json; charset=utf-8",
        "Date": "Fri, 23 Jun 2023 11:04:27 GMT",
        "ETag": "W/\u0022datetime\u00272023-06-23T11%3A04%3A25.7416588Z\u0027\u0022",
        "Expires": "-1",
        "Pragma": "no-cache",
        "Server": "Microsoft-IIS/10.0",
        "Strict-Transport-Security": "max-age=31536000; includeSubDomains",
        "X-Content-Type-Options": "nosniff",
        "x-ms-correlation-request-id": "e7196281-dbbf-41f0-9a4d-e758123ed4c5",
        "x-ms-ratelimit-remaining-subscription-reads": "11865",
        "x-ms-request-id": "7f13dc54-5aa2-4992-9e68-b95930a3257c",
        "x-ms-routing-request-id": "WESTEUROPE:20230623T110427Z:e7196281-dbbf-41f0-9a4d-e758123ed4c5",
        "X-Powered-By": "ASP.NET"
      },
      "ResponseBody": {
        "id": "/subscriptions/69a75bda-882e-44d5-8431-63421204132a/resourceGroups/testNetAppDotNetSDKRG-9342/providers/Microsoft.NetApp/netAppAccounts/account9334/capacityPools/pool-9309",
        "name": "account9334/pool-9309",
        "type": "Microsoft.NetApp/netAppAccounts/capacityPools",
        "etag": "W/\u0022datetime\u00272023-06-23T11%3A04%3A25.7416588Z\u0027\u0022",
        "location": "westus2",
        "tags": {
          "key1": "value1",
          "key2": "value2",
          "CreatedOnDate": "2023-06-23T11:04:23.6681204Z"
        },
        "properties": {
          "poolId": "e6f9f24a-dcc7-41de-1511-ff742e264ce6",
          "serviceLevel": "Premium",
          "size": 4398046511104,
          "qosType": "Auto",
          "totalThroughputMibps": 256.0,
          "utilizedThroughputMibps": 0.0,
          "encryptionType": "Single",
          "coolAccess": false,
          "provisioningState": "Succeeded"
        },
        "systemData": {
          "createdBy": "c6c4faba-2b22-44d9-80a4-71ff5b71f811",
          "createdByType": "Application",
          "createdAt": "2023-06-23T11:04:25.0809644Z",
          "lastModifiedBy": "c6c4faba-2b22-44d9-80a4-71ff5b71f811",
          "lastModifiedByType": "Application",
          "lastModifiedAt": "2023-06-23T11:04:25.0809644Z"
        }
      }
    },
    {
      "RequestUri": "https://management.azure.com/subscriptions/69a75bda-882e-44d5-8431-63421204132a/resourceGroups/testNetAppDotNetSDKRG-9342/providers/Microsoft.Network/virtualNetworks/vnet-8103?api-version=**",
      "RequestMethod": "PUT",
      "RequestHeaders": {
        "Accept": "application/json",
        "Authorization": "Sanitized",
        "Content-Length": "261",
        "Content-Type": "application/json",
        "traceparent": "00-22256f97bc64c80891f79526a2ba60a7-862f552fb18e1d10-00",
        "User-Agent": "azsdk-net-ResourceManager.Network/1.1.0 (.NET 7.0.7; Microsoft Windows 10.0.22621)",
        "x-ms-client-request-id": "b6556e04f94518fb028e04097af279a6",
        "x-ms-return-client-request-id": "true"
      },
      "RequestBody": {
        "location": "westus2",
        "properties": {
          "addressSpace": {
            "addressPrefixes": [
              "10.0.0.0/16"
            ]
          },
          "subnets": [
            {
              "name": "default",
              "properties": {
                "addressPrefix": "10.0.1.0/24",
                "delegations": [
                  {
                    "name": "netAppVolumes",
                    "properties": {
                      "serviceName": "Microsoft.Netapp/volumes"
                    }
                  }
                ]
              }
            }
          ]
        }
      },
      "StatusCode": 201,
      "ResponseHeaders": {
        "Azure-AsyncNotification": "Enabled",
        "Azure-AsyncOperation": "https://management.azure.com/subscriptions/69a75bda-882e-44d5-8431-63421204132a/providers/Microsoft.Network/locations/westus2/operations/d77ea629-1764-48ef-bf46-ad59cd639fa9?api-version=2021-02-01",
        "Cache-Control": "no-cache",
        "Content-Length": "2151",
        "Content-Type": "application/json; charset=utf-8",
        "Date": "Fri, 23 Jun 2023 11:04:29 GMT",
        "Expires": "-1",
        "Pragma": "no-cache",
        "Retry-After": "3",
        "Server": [
          "Microsoft-HTTPAPI/2.0",
          "Microsoft-HTTPAPI/2.0"
        ],
        "Strict-Transport-Security": "max-age=31536000; includeSubDomains",
        "X-Content-Type-Options": "nosniff",
        "x-ms-arm-service-request-id": "65f917cd-98e5-486b-8abe-250092da813c",
        "x-ms-client-request-id": "b6556e04f94518fb028e04097af279a6",
        "x-ms-correlation-request-id": "e764f7f2-30ab-426d-9d9e-c9d6554083a3",
        "x-ms-ratelimit-remaining-subscription-writes": "1167",
        "x-ms-request-id": "d77ea629-1764-48ef-bf46-ad59cd639fa9",
        "x-ms-routing-request-id": "WESTEUROPE:20230623T110430Z:e764f7f2-30ab-426d-9d9e-c9d6554083a3"
      },
      "ResponseBody": {
        "name": "vnet-8103",
        "id": "/subscriptions/69a75bda-882e-44d5-8431-63421204132a/resourceGroups/testNetAppDotNetSDKRG-9342/providers/Microsoft.Network/virtualNetworks/vnet-8103",
        "etag": "W/\u0022e609728d-0056-43c0-ba30-c83c8906cbdb\u0022",
        "type": "Microsoft.Network/virtualNetworks",
        "location": "westus2",
        "tags": {
          "CreatedOnDate": "2023-06-23T11:04:27.4155627Z"
        },
        "properties": {
          "provisioningState": "Updating",
          "resourceGuid": "29cb6e37-4057-4785-9545-ea5ae45a0807",
          "addressSpace": {
            "addressPrefixes": [
              "10.0.0.0/16"
            ]
          },
          "subnets": [
            {
              "name": "default",
              "id": "/subscriptions/69a75bda-882e-44d5-8431-63421204132a/resourceGroups/testNetAppDotNetSDKRG-9342/providers/Microsoft.Network/virtualNetworks/vnet-8103/subnets/default",
              "etag": "W/\u0022e609728d-0056-43c0-ba30-c83c8906cbdb\u0022",
              "properties": {
                "provisioningState": "Updating",
                "addressPrefix": "10.0.1.0/24",
                "delegations": [
                  {
                    "name": "netAppVolumes",
                    "id": "/subscriptions/69a75bda-882e-44d5-8431-63421204132a/resourceGroups/testNetAppDotNetSDKRG-9342/providers/Microsoft.Network/virtualNetworks/vnet-8103/subnets/default/delegations/netAppVolumes",
                    "etag": "W/\u0022e609728d-0056-43c0-ba30-c83c8906cbdb\u0022",
                    "properties": {
                      "provisioningState": "Succeeded",
                      "serviceName": "Microsoft.Netapp/volumes",
                      "actions": [
                        "Microsoft.Network/networkinterfaces/*",
                        "Microsoft.Network/virtualNetworks/subnets/join/action"
                      ]
                    },
                    "type": "Microsoft.Network/virtualNetworks/subnets/delegations"
                  }
                ],
                "purpose": "HostedWorkloads",
                "privateEndpointNetworkPolicies": "Disabled",
                "privateLinkServiceNetworkPolicies": "Enabled"
              },
              "type": "Microsoft.Network/virtualNetworks/subnets"
            }
          ],
          "virtualNetworkPeerings": [],
          "enableDdosProtection": false
        }
      }
    },
    {
      "RequestUri": "https://management.azure.com/subscriptions/69a75bda-882e-44d5-8431-63421204132a/providers/Microsoft.Network/locations/westus2/operations/d77ea629-1764-48ef-bf46-ad59cd639fa9?api-version=**",
      "RequestMethod": "GET",
      "RequestHeaders": {
        "Authorization": "Sanitized",
        "traceparent": "00-22256f97bc64c80891f79526a2ba60a7-7599c265d837d207-00",
        "User-Agent": "azsdk-net-ResourceManager/1.6.0 (.NET 7.0.7; Microsoft Windows 10.0.22621)",
        "x-ms-client-request-id": "e59bdeb8f58ce5bb41816ac247c9489b",
        "x-ms-return-client-request-id": "true"
      },
      "RequestBody": null,
      "StatusCode": 200,
      "ResponseHeaders": {
        "Cache-Control": "no-cache",
        "Content-Length": "30",
        "Content-Type": "application/json; charset=utf-8",
        "Date": "Fri, 23 Jun 2023 11:04:30 GMT",
        "Expires": "-1",
        "Pragma": "no-cache",
        "Retry-After": "10",
        "Server": [
          "Microsoft-HTTPAPI/2.0",
          "Microsoft-HTTPAPI/2.0"
        ],
        "Strict-Transport-Security": "max-age=31536000; includeSubDomains",
        "X-Content-Type-Options": "nosniff",
        "x-ms-arm-service-request-id": "5348fd9d-3a03-412f-b475-abd63181fa29",
        "x-ms-client-request-id": "e59bdeb8f58ce5bb41816ac247c9489b",
        "x-ms-correlation-request-id": "39decb9d-76c4-432f-a50f-d0bb5fe56c78",
        "x-ms-ratelimit-remaining-subscription-reads": "11864",
        "x-ms-request-id": "0a12100f-da24-4449-9622-4109b92b2d42",
        "x-ms-routing-request-id": "WESTEUROPE:20230623T110430Z:39decb9d-76c4-432f-a50f-d0bb5fe56c78"
      },
      "ResponseBody": {
        "status": "InProgress"
      }
    },
    {
      "RequestUri": "https://management.azure.com/subscriptions/69a75bda-882e-44d5-8431-63421204132a/providers/Microsoft.Network/locations/westus2/operations/d77ea629-1764-48ef-bf46-ad59cd639fa9?api-version=**",
      "RequestMethod": "GET",
      "RequestHeaders": {
        "Authorization": "Sanitized",
        "traceparent": "00-22256f97bc64c80891f79526a2ba60a7-e7cb11ab6b5e5571-00",
        "User-Agent": "azsdk-net-ResourceManager/1.6.0 (.NET 7.0.7; Microsoft Windows 10.0.22621)",
        "x-ms-client-request-id": "9156f8cd15d3cfe870e2340323a18212",
        "x-ms-return-client-request-id": "true"
      },
      "RequestBody": null,
      "StatusCode": 200,
      "ResponseHeaders": {
        "Cache-Control": "no-cache",
        "Content-Length": "29",
        "Content-Type": "application/json; charset=utf-8",
        "Date": "Fri, 23 Jun 2023 11:04:40 GMT",
        "Expires": "-1",
        "Pragma": "no-cache",
        "Server": [
          "Microsoft-HTTPAPI/2.0",
          "Microsoft-HTTPAPI/2.0"
        ],
        "Strict-Transport-Security": "max-age=31536000; includeSubDomains",
        "X-Content-Type-Options": "nosniff",
        "x-ms-arm-service-request-id": "05a889f7-1662-44f9-b0d6-96d914a8455e",
        "x-ms-client-request-id": "9156f8cd15d3cfe870e2340323a18212",
        "x-ms-correlation-request-id": "bfae6e4b-b95c-4865-a958-9c2e3f1d5a2a",
        "x-ms-ratelimit-remaining-subscription-reads": "11863",
        "x-ms-request-id": "df600dfa-0160-45b5-84ff-a8860750875a",
        "x-ms-routing-request-id": "WESTEUROPE:20230623T110440Z:bfae6e4b-b95c-4865-a958-9c2e3f1d5a2a"
      },
      "ResponseBody": {
        "status": "Succeeded"
      }
    },
    {
      "RequestUri": "https://management.azure.com/subscriptions/69a75bda-882e-44d5-8431-63421204132a/resourceGroups/testNetAppDotNetSDKRG-9342/providers/Microsoft.Network/virtualNetworks/vnet-8103?api-version=**",
      "RequestMethod": "GET",
      "RequestHeaders": {
        "Authorization": "Sanitized",
        "traceparent": "00-22256f97bc64c80891f79526a2ba60a7-00ace990f4426995-00",
        "User-Agent": "azsdk-net-ResourceManager/1.6.0 (.NET 7.0.7; Microsoft Windows 10.0.22621)",
        "x-ms-client-request-id": "9b5016fa945605193a122e40ca3b2cb9",
        "x-ms-return-client-request-id": "true"
      },
      "RequestBody": null,
      "StatusCode": 200,
      "ResponseHeaders": {
        "Cache-Control": "no-cache",
        "Content-Length": "2153",
        "Content-Type": "application/json; charset=utf-8",
        "Date": "Fri, 23 Jun 2023 11:04:40 GMT",
        "ETag": "W/\u00229a8364e6-ca0a-404a-80bf-60ce90f9823c\u0022",
        "Expires": "-1",
        "Pragma": "no-cache",
        "Server": [
          "Microsoft-HTTPAPI/2.0",
          "Microsoft-HTTPAPI/2.0"
        ],
        "Strict-Transport-Security": "max-age=31536000; includeSubDomains",
        "X-Content-Type-Options": "nosniff",
        "x-ms-arm-service-request-id": "3c709d68-f9f3-407b-8d99-b12768e7d304",
        "x-ms-client-request-id": "9b5016fa945605193a122e40ca3b2cb9",
        "x-ms-correlation-request-id": "9fbc41bb-bf72-4294-8d88-729cc294f06f",
        "x-ms-ratelimit-remaining-subscription-reads": "11862",
        "x-ms-request-id": "8c2aa636-0bdb-4c93-95ba-9aa76e0007dd",
        "x-ms-routing-request-id": "WESTEUROPE:20230623T110441Z:9fbc41bb-bf72-4294-8d88-729cc294f06f"
      },
      "ResponseBody": {
        "name": "vnet-8103",
        "id": "/subscriptions/69a75bda-882e-44d5-8431-63421204132a/resourceGroups/testNetAppDotNetSDKRG-9342/providers/Microsoft.Network/virtualNetworks/vnet-8103",
        "etag": "W/\u00229a8364e6-ca0a-404a-80bf-60ce90f9823c\u0022",
        "type": "Microsoft.Network/virtualNetworks",
        "location": "westus2",
        "tags": {
          "CreatedOnDate": "2023-06-23T11:04:27.4155627Z"
        },
        "properties": {
          "provisioningState": "Succeeded",
          "resourceGuid": "29cb6e37-4057-4785-9545-ea5ae45a0807",
          "addressSpace": {
            "addressPrefixes": [
              "10.0.0.0/16"
            ]
          },
          "subnets": [
            {
              "name": "default",
              "id": "/subscriptions/69a75bda-882e-44d5-8431-63421204132a/resourceGroups/testNetAppDotNetSDKRG-9342/providers/Microsoft.Network/virtualNetworks/vnet-8103/subnets/default",
              "etag": "W/\u00229a8364e6-ca0a-404a-80bf-60ce90f9823c\u0022",
              "properties": {
                "provisioningState": "Succeeded",
                "addressPrefix": "10.0.1.0/24",
                "delegations": [
                  {
                    "name": "netAppVolumes",
                    "id": "/subscriptions/69a75bda-882e-44d5-8431-63421204132a/resourceGroups/testNetAppDotNetSDKRG-9342/providers/Microsoft.Network/virtualNetworks/vnet-8103/subnets/default/delegations/netAppVolumes",
                    "etag": "W/\u00229a8364e6-ca0a-404a-80bf-60ce90f9823c\u0022",
                    "properties": {
                      "provisioningState": "Succeeded",
                      "serviceName": "Microsoft.Netapp/volumes",
                      "actions": [
                        "Microsoft.Network/networkinterfaces/*",
                        "Microsoft.Network/virtualNetworks/subnets/join/action"
                      ]
                    },
                    "type": "Microsoft.Network/virtualNetworks/subnets/delegations"
                  }
                ],
                "purpose": "HostedWorkloads",
                "privateEndpointNetworkPolicies": "Disabled",
                "privateLinkServiceNetworkPolicies": "Enabled"
              },
              "type": "Microsoft.Network/virtualNetworks/subnets"
            }
          ],
          "virtualNetworkPeerings": [],
          "enableDdosProtection": false
        }
      }
    },
    {
      "RequestUri": "https://management.azure.com/subscriptions/69a75bda-882e-44d5-8431-63421204132a/resourceGroups/testNetAppDotNetSDKRG-9342/providers/Microsoft.Network/virtualNetworks/vnet-8103?api-version=**",
      "RequestMethod": "PUT",
      "RequestHeaders": {
        "Accept": "application/json",
        "Authorization": "Sanitized",
        "Content-Length": "261",
        "Content-Type": "application/json",
        "traceparent": "00-bbf6d300daba17bbccd32196963f5856-0d38f9761582bd33-00",
        "User-Agent": "azsdk-net-ResourceManager.Network/1.1.0 (.NET 7.0.7; Microsoft Windows 10.0.22621)",
        "x-ms-client-request-id": "9d8b3af80398a31af5cb74aac1b7c19f",
        "x-ms-return-client-request-id": "true"
      },
      "RequestBody": {
        "location": "westus2",
        "properties": {
          "addressSpace": {
            "addressPrefixes": [
              "10.0.0.0/16"
            ]
          },
          "subnets": [
            {
              "name": "default",
              "properties": {
                "addressPrefix": "10.0.1.0/24",
                "delegations": [
                  {
                    "name": "netAppVolumes",
                    "properties": {
                      "serviceName": "Microsoft.Netapp/volumes"
                    }
                  }
                ]
              }
            }
          ]
        }
      },
      "StatusCode": 200,
      "ResponseHeaders": {
        "Azure-AsyncNotification": "Enabled",
        "Azure-AsyncOperation": "https://management.azure.com/subscriptions/69a75bda-882e-44d5-8431-63421204132a/providers/Microsoft.Network/locations/westus2/operations/cda15d98-8c8b-4ab2-aeb8-220d7f4b2d44?api-version=2021-02-01",
        "Cache-Control": "no-cache",
        "Content-Length": "2153",
        "Content-Type": "application/json; charset=utf-8",
        "Date": "Fri, 23 Jun 2023 11:04:42 GMT",
        "Expires": "-1",
        "Pragma": "no-cache",
        "Server": [
          "Microsoft-HTTPAPI/2.0",
          "Microsoft-HTTPAPI/2.0"
        ],
        "Strict-Transport-Security": "max-age=31536000; includeSubDomains",
        "X-Content-Type-Options": "nosniff",
        "x-ms-arm-service-request-id": "a3f792ea-afc4-41c4-bd2b-9d5c89940548",
        "x-ms-client-request-id": "9d8b3af80398a31af5cb74aac1b7c19f",
        "x-ms-correlation-request-id": "dd937dde-3fa3-4248-bc3f-7f1e34679c1e",
        "x-ms-ratelimit-remaining-subscription-writes": "1166",
        "x-ms-request-id": "cda15d98-8c8b-4ab2-aeb8-220d7f4b2d44",
        "x-ms-routing-request-id": "WESTEUROPE:20230623T110442Z:dd937dde-3fa3-4248-bc3f-7f1e34679c1e"
      },
      "ResponseBody": {
        "name": "vnet-8103",
        "id": "/subscriptions/69a75bda-882e-44d5-8431-63421204132a/resourceGroups/testNetAppDotNetSDKRG-9342/providers/Microsoft.Network/virtualNetworks/vnet-8103",
        "etag": "W/\u002238f66a32-c23f-4c02-9991-dc77faf1ae98\u0022",
        "type": "Microsoft.Network/virtualNetworks",
        "location": "westus2",
        "tags": {
          "CreatedOnDate": "2023-06-23T11:04:41.1785557Z"
        },
        "properties": {
          "provisioningState": "Succeeded",
          "resourceGuid": "29cb6e37-4057-4785-9545-ea5ae45a0807",
          "addressSpace": {
            "addressPrefixes": [
              "10.0.0.0/16"
            ]
          },
          "subnets": [
            {
              "name": "default",
              "id": "/subscriptions/69a75bda-882e-44d5-8431-63421204132a/resourceGroups/testNetAppDotNetSDKRG-9342/providers/Microsoft.Network/virtualNetworks/vnet-8103/subnets/default",
              "etag": "W/\u002238f66a32-c23f-4c02-9991-dc77faf1ae98\u0022",
              "properties": {
                "provisioningState": "Succeeded",
                "addressPrefix": "10.0.1.0/24",
                "delegations": [
                  {
                    "name": "netAppVolumes",
                    "id": "/subscriptions/69a75bda-882e-44d5-8431-63421204132a/resourceGroups/testNetAppDotNetSDKRG-9342/providers/Microsoft.Network/virtualNetworks/vnet-8103/subnets/default/delegations/netAppVolumes",
                    "etag": "W/\u002238f66a32-c23f-4c02-9991-dc77faf1ae98\u0022",
                    "properties": {
                      "provisioningState": "Succeeded",
                      "serviceName": "Microsoft.Netapp/volumes",
                      "actions": [
                        "Microsoft.Network/networkinterfaces/*",
                        "Microsoft.Network/virtualNetworks/subnets/join/action"
                      ]
                    },
                    "type": "Microsoft.Network/virtualNetworks/subnets/delegations"
                  }
                ],
                "purpose": "HostedWorkloads",
                "privateEndpointNetworkPolicies": "Disabled",
                "privateLinkServiceNetworkPolicies": "Enabled"
              },
              "type": "Microsoft.Network/virtualNetworks/subnets"
            }
          ],
          "virtualNetworkPeerings": [],
          "enableDdosProtection": false
        }
      }
    },
    {
      "RequestUri": "https://management.azure.com/subscriptions/69a75bda-882e-44d5-8431-63421204132a/providers/Microsoft.Network/locations/westus2/operations/cda15d98-8c8b-4ab2-aeb8-220d7f4b2d44?api-version=**",
      "RequestMethod": "GET",
      "RequestHeaders": {
        "Authorization": "Sanitized",
        "traceparent": "00-bbf6d300daba17bbccd32196963f5856-aac422369140f7a5-00",
        "User-Agent": "azsdk-net-ResourceManager/1.6.0 (.NET 7.0.7; Microsoft Windows 10.0.22621)",
        "x-ms-client-request-id": "e90b7bb6e516f67afcada68b1f6f4483",
        "x-ms-return-client-request-id": "true"
      },
      "RequestBody": null,
      "StatusCode": 200,
      "ResponseHeaders": {
        "Cache-Control": "no-cache",
        "Content-Length": "29",
        "Content-Type": "application/json; charset=utf-8",
        "Date": "Fri, 23 Jun 2023 11:04:42 GMT",
        "Expires": "-1",
        "Pragma": "no-cache",
        "Server": [
          "Microsoft-HTTPAPI/2.0",
          "Microsoft-HTTPAPI/2.0"
        ],
        "Strict-Transport-Security": "max-age=31536000; includeSubDomains",
        "X-Content-Type-Options": "nosniff",
        "x-ms-arm-service-request-id": "e71f136f-ab2e-415c-9be9-5f865594fed1",
        "x-ms-client-request-id": "e90b7bb6e516f67afcada68b1f6f4483",
        "x-ms-correlation-request-id": "8952a4ad-5df5-4522-98c6-d232ad3b2ad8",
        "x-ms-ratelimit-remaining-subscription-reads": "11861",
        "x-ms-request-id": "7726ed44-99d7-444e-aa74-8cb09fd08f9f",
        "x-ms-routing-request-id": "WESTEUROPE:20230623T110442Z:8952a4ad-5df5-4522-98c6-d232ad3b2ad8"
      },
      "ResponseBody": {
        "status": "Succeeded"
      }
    },
    {
      "RequestUri": "https://management.azure.com/subscriptions/69a75bda-882e-44d5-8431-63421204132a/resourceGroups/testNetAppDotNetSDKRG-9342/providers/Microsoft.Network/virtualNetworks/vnet-8103?api-version=**",
      "RequestMethod": "GET",
      "RequestHeaders": {
        "Authorization": "Sanitized",
        "traceparent": "00-bbf6d300daba17bbccd32196963f5856-011dcabb1f56dde6-00",
        "User-Agent": "azsdk-net-ResourceManager/1.6.0 (.NET 7.0.7; Microsoft Windows 10.0.22621)",
        "x-ms-client-request-id": "72418e51fb734b40f651be46ac59bd4c",
        "x-ms-return-client-request-id": "true"
      },
      "RequestBody": null,
      "StatusCode": 200,
      "ResponseHeaders": {
        "Cache-Control": "no-cache",
        "Content-Length": "2153",
        "Content-Type": "application/json; charset=utf-8",
        "Date": "Fri, 23 Jun 2023 11:04:42 GMT",
        "ETag": "W/\u002238f66a32-c23f-4c02-9991-dc77faf1ae98\u0022",
        "Expires": "-1",
        "Pragma": "no-cache",
        "Server": [
          "Microsoft-HTTPAPI/2.0",
          "Microsoft-HTTPAPI/2.0"
        ],
        "Strict-Transport-Security": "max-age=31536000; includeSubDomains",
        "X-Content-Type-Options": "nosniff",
        "x-ms-arm-service-request-id": "39be9a83-9946-44fe-955e-e925403b970a",
        "x-ms-client-request-id": "72418e51fb734b40f651be46ac59bd4c",
        "x-ms-correlation-request-id": "172e48f4-15de-43a7-ad8c-dfdbcdf2ff5c",
        "x-ms-ratelimit-remaining-subscription-reads": "11860",
        "x-ms-request-id": "a0b75dc5-c5a3-4a2c-a0b2-5b3f4e47c6b1",
        "x-ms-routing-request-id": "WESTEUROPE:20230623T110442Z:172e48f4-15de-43a7-ad8c-dfdbcdf2ff5c"
      },
      "ResponseBody": {
        "name": "vnet-8103",
        "id": "/subscriptions/69a75bda-882e-44d5-8431-63421204132a/resourceGroups/testNetAppDotNetSDKRG-9342/providers/Microsoft.Network/virtualNetworks/vnet-8103",
        "etag": "W/\u002238f66a32-c23f-4c02-9991-dc77faf1ae98\u0022",
        "type": "Microsoft.Network/virtualNetworks",
        "location": "westus2",
        "tags": {
          "CreatedOnDate": "2023-06-23T11:04:41.1785557Z"
        },
        "properties": {
          "provisioningState": "Succeeded",
          "resourceGuid": "29cb6e37-4057-4785-9545-ea5ae45a0807",
          "addressSpace": {
            "addressPrefixes": [
              "10.0.0.0/16"
            ]
          },
          "subnets": [
            {
              "name": "default",
              "id": "/subscriptions/69a75bda-882e-44d5-8431-63421204132a/resourceGroups/testNetAppDotNetSDKRG-9342/providers/Microsoft.Network/virtualNetworks/vnet-8103/subnets/default",
              "etag": "W/\u002238f66a32-c23f-4c02-9991-dc77faf1ae98\u0022",
              "properties": {
                "provisioningState": "Succeeded",
                "addressPrefix": "10.0.1.0/24",
                "delegations": [
                  {
                    "name": "netAppVolumes",
                    "id": "/subscriptions/69a75bda-882e-44d5-8431-63421204132a/resourceGroups/testNetAppDotNetSDKRG-9342/providers/Microsoft.Network/virtualNetworks/vnet-8103/subnets/default/delegations/netAppVolumes",
                    "etag": "W/\u002238f66a32-c23f-4c02-9991-dc77faf1ae98\u0022",
                    "properties": {
                      "provisioningState": "Succeeded",
                      "serviceName": "Microsoft.Netapp/volumes",
                      "actions": [
                        "Microsoft.Network/networkinterfaces/*",
                        "Microsoft.Network/virtualNetworks/subnets/join/action"
                      ]
                    },
                    "type": "Microsoft.Network/virtualNetworks/subnets/delegations"
                  }
                ],
                "purpose": "HostedWorkloads",
                "privateEndpointNetworkPolicies": "Disabled",
                "privateLinkServiceNetworkPolicies": "Enabled"
              },
              "type": "Microsoft.Network/virtualNetworks/subnets"
            }
          ],
          "virtualNetworkPeerings": [],
          "enableDdosProtection": false
        }
      }
    },
    {
      "RequestUri": "https://management.azure.com/subscriptions/69a75bda-882e-44d5-8431-63421204132a/resourceGroups/testNetAppDotNetSDKRG-9342/providers/Microsoft.Network/virtualNetworks/vnet-8103?api-version=**",
      "RequestMethod": "GET",
      "RequestHeaders": {
        "Accept": "application/json",
        "Authorization": "Sanitized",
        "traceparent": "00-06b2567dc138b854658532ad1a714a86-64964ba9d7e189ee-00",
        "User-Agent": "azsdk-net-ResourceManager.Network/1.1.0 (.NET 7.0.7; Microsoft Windows 10.0.22621)",
        "x-ms-client-request-id": "45f43fc6d8ac1889ddd134cb06b91a6f",
        "x-ms-return-client-request-id": "true"
      },
      "RequestBody": null,
      "StatusCode": 200,
      "ResponseHeaders": {
        "Cache-Control": "no-cache",
        "Content-Length": "2153",
        "Content-Type": "application/json; charset=utf-8",
        "Date": "Fri, 23 Jun 2023 11:05:13 GMT",
        "ETag": "W/\u002238f66a32-c23f-4c02-9991-dc77faf1ae98\u0022",
        "Expires": "-1",
        "Pragma": "no-cache",
        "Server": [
          "Microsoft-HTTPAPI/2.0",
          "Microsoft-HTTPAPI/2.0"
        ],
        "Strict-Transport-Security": "max-age=31536000; includeSubDomains",
        "X-Content-Type-Options": "nosniff",
        "x-ms-arm-service-request-id": "ae4b3bcc-10b8-455a-9d66-bcd1e22d36d5",
        "x-ms-client-request-id": "45f43fc6d8ac1889ddd134cb06b91a6f",
        "x-ms-correlation-request-id": "258238be-68cb-4723-a7e8-318476ff8667",
        "x-ms-ratelimit-remaining-subscription-reads": "11859",
        "x-ms-request-id": "cb672cf0-5af8-4590-afd0-9aee32b950b1",
        "x-ms-routing-request-id": "WESTEUROPE:20230623T110513Z:258238be-68cb-4723-a7e8-318476ff8667"
      },
      "ResponseBody": {
        "name": "vnet-8103",
        "id": "/subscriptions/69a75bda-882e-44d5-8431-63421204132a/resourceGroups/testNetAppDotNetSDKRG-9342/providers/Microsoft.Network/virtualNetworks/vnet-8103",
        "etag": "W/\u002238f66a32-c23f-4c02-9991-dc77faf1ae98\u0022",
        "type": "Microsoft.Network/virtualNetworks",
        "location": "westus2",
        "tags": {
          "CreatedOnDate": "2023-06-23T11:04:41.1785557Z"
        },
        "properties": {
          "provisioningState": "Succeeded",
          "resourceGuid": "29cb6e37-4057-4785-9545-ea5ae45a0807",
          "addressSpace": {
            "addressPrefixes": [
              "10.0.0.0/16"
            ]
          },
          "subnets": [
            {
              "name": "default",
              "id": "/subscriptions/69a75bda-882e-44d5-8431-63421204132a/resourceGroups/testNetAppDotNetSDKRG-9342/providers/Microsoft.Network/virtualNetworks/vnet-8103/subnets/default",
              "etag": "W/\u002238f66a32-c23f-4c02-9991-dc77faf1ae98\u0022",
              "properties": {
                "provisioningState": "Succeeded",
                "addressPrefix": "10.0.1.0/24",
                "delegations": [
                  {
                    "name": "netAppVolumes",
                    "id": "/subscriptions/69a75bda-882e-44d5-8431-63421204132a/resourceGroups/testNetAppDotNetSDKRG-9342/providers/Microsoft.Network/virtualNetworks/vnet-8103/subnets/default/delegations/netAppVolumes",
                    "etag": "W/\u002238f66a32-c23f-4c02-9991-dc77faf1ae98\u0022",
                    "properties": {
                      "provisioningState": "Succeeded",
                      "serviceName": "Microsoft.Netapp/volumes",
                      "actions": [
                        "Microsoft.Network/networkinterfaces/*",
                        "Microsoft.Network/virtualNetworks/subnets/join/action"
                      ]
                    },
                    "type": "Microsoft.Network/virtualNetworks/subnets/delegations"
                  }
                ],
                "purpose": "HostedWorkloads",
                "privateEndpointNetworkPolicies": "Disabled",
                "privateLinkServiceNetworkPolicies": "Enabled"
              },
              "type": "Microsoft.Network/virtualNetworks/subnets"
            }
          ],
          "virtualNetworkPeerings": [],
          "enableDdosProtection": false
        }
      }
    },
    {
      "RequestUri": "https://management.azure.com/subscriptions/69a75bda-882e-44d5-8431-63421204132a/resourceGroups/testNetAppDotNetSDKRG-9342/providers/Microsoft.NetApp/netAppAccounts/account9334/capacityPools/pool-9309/volumes/volumeName-6694?api-version=2022-11-01",
      "RequestMethod": "PUT",
      "RequestHeaders": {
        "Accept": "application/json",
        "Authorization": "Sanitized",
        "Content-Length": "557",
        "Content-Type": "application/json",
        "traceparent": "00-e37639a315463201cd321f8a5e8f46a6-2b4ddfb9d8c715d0-00",
        "User-Agent": "azsdk-net-ResourceManager.NetApp/1.2.0-alpha.20230619.1 (.NET 7.0.7; Microsoft Windows 10.0.22621)",
        "x-ms-client-request-id": "576fd20d9266bbc13bbff2c527334aa2",
        "x-ms-return-client-request-id": "true"
      },
      "RequestBody": {
        "tags": {
          "key1": "value1",
          "key2": "value2"
        },
        "location": "westus2",
        "properties": {
          "creationToken": "volumeName-6694",
          "usageThreshold": 107374182400,
          "subnetId": "/subscriptions/69a75bda-882e-44d5-8431-63421204132a/resourceGroups/testNetAppDotNetSDKRG-9342/providers/Microsoft.Network/virtualNetworks/vnet-8103/subnets/default",
          "dataProtection": {
            "snapshot": {
              "snapshotPolicyId": "/subscriptions/69a75bda-882e-44d5-8431-63421204132a/resourceGroups/testNetAppDotNetSDKRG-9342/providers/Microsoft.NetApp/netAppAccounts/account9334/snapshotPolicies/snapshotPolicy-9918"
            }
          }
        }
      },
      "StatusCode": 201,
      "ResponseHeaders": {
        "Azure-AsyncOperation": "https://management.azure.com/subscriptions/69a75bda-882e-44d5-8431-63421204132a/providers/Microsoft.NetApp/locations/westus2/operationResults/14087bac-1e03-490e-a6f6-6e6e2a07a448?api-version=2022-11-01",
        "Cache-Control": "no-cache",
        "Content-Length": "1342",
        "Content-Type": "application/json; charset=utf-8",
        "Date": "Fri, 23 Jun 2023 11:05:23 GMT",
        "ETag": "W/\u0022datetime\u00272023-06-23T11%3A05%3A22.1974533Z\u0027\u0022",
        "Expires": "-1",
        "Pragma": "no-cache",
        "Server": "Microsoft-IIS/10.0",
        "Strict-Transport-Security": "max-age=31536000; includeSubDomains",
        "X-Content-Type-Options": "nosniff",
        "x-ms-correlation-request-id": "5917b2f3-ee65-45ad-8e2a-338ba11412b9",
        "x-ms-ratelimit-remaining-subscription-writes": "1165",
        "x-ms-request-id": "0b547409-9140-44f0-9b3c-1c6e06a1d993",
        "x-ms-routing-request-id": "WESTEUROPE:20230623T110524Z:5917b2f3-ee65-45ad-8e2a-338ba11412b9",
        "X-Powered-By": "ASP.NET"
      },
      "ResponseBody": {
        "id": "/subscriptions/69a75bda-882e-44d5-8431-63421204132a/resourceGroups/testNetAppDotNetSDKRG-9342/providers/Microsoft.NetApp/netAppAccounts/account9334/capacityPools/pool-9309/volumes/volumeName-6694",
        "name": "account9334/pool-9309/volumeName-6694",
        "type": "Microsoft.NetApp/netAppAccounts/capacityPools/volumes",
        "etag": "W/\u0022datetime\u00272023-06-23T11%3A05%3A22.1974533Z\u0027\u0022",
        "location": "westus2",
        "tags": {
          "key1": "value1",
          "key2": "value2",
          "CreatedOnDate": "2023-06-23T11:05:13.8891290Z"
        },
        "properties": {
          "dataProtection": {
            "snapshot": {
              "snapshotPolicyId": "/subscriptions/69a75bda-882e-44d5-8431-63421204132a/resourceGroups/testNetAppDotNetSDKRG-9342/providers/Microsoft.NetApp/netAppAccounts/account9334/snapshotPolicies/snapshotPolicy-9918"
            }
          },
          "serviceLevel": "Premium",
          "creationToken": "volumeName-6694",
          "usageThreshold": 107374182400,
          "subnetId": "/subscriptions/69a75bda-882e-44d5-8431-63421204132a/resourceGroups/testNetAppDotNetSDKRG-9342/providers/Microsoft.Network/virtualNetworks/vnet-8103/subnets/default",
          "maximumNumberOfFiles": 100000000,
          "provisioningState": "Creating"
        },
        "systemData": {
          "createdBy": "c6c4faba-2b22-44d9-80a4-71ff5b71f811",
          "createdByType": "Application",
          "createdAt": "2023-06-23T11:05:21.1440809Z",
          "lastModifiedBy": "c6c4faba-2b22-44d9-80a4-71ff5b71f811",
          "lastModifiedByType": "Application",
          "lastModifiedAt": "2023-06-23T11:05:21.1440809Z"
        }
      }
    },
    {
      "RequestUri": "https://management.azure.com/subscriptions/69a75bda-882e-44d5-8431-63421204132a/providers/Microsoft.NetApp/locations/westus2/operationResults/14087bac-1e03-490e-a6f6-6e6e2a07a448?api-version=2022-11-01",
      "RequestMethod": "GET",
      "RequestHeaders": {
        "Authorization": "Sanitized",
        "traceparent": "00-e37639a315463201cd321f8a5e8f46a6-efe51e7f47876843-00",
        "User-Agent": "azsdk-net-ResourceManager/1.6.0 (.NET 7.0.7; Microsoft Windows 10.0.22621)",
        "x-ms-client-request-id": "d9394e3766e934e67d390aece5c3f0a9",
        "x-ms-return-client-request-id": "true"
      },
      "RequestBody": null,
      "StatusCode": 200,
      "ResponseHeaders": {
        "Cache-Control": "no-cache",
        "Content-Length": "569",
        "Content-Type": "application/json; charset=utf-8",
        "Date": "Fri, 23 Jun 2023 11:05:23 GMT",
        "Expires": "-1",
        "Pragma": "no-cache",
        "Server": "Microsoft-IIS/10.0",
        "Strict-Transport-Security": "max-age=31536000; includeSubDomains",
        "X-Content-Type-Options": "nosniff",
        "x-ms-correlation-request-id": "184a936c-e664-4397-b8a3-30e1dc39a6e7",
        "x-ms-ratelimit-remaining-subscription-reads": "11858",
        "x-ms-request-id": "f9b4512f-23f7-422f-a443-2475af70ce79",
        "x-ms-routing-request-id": "WESTEUROPE:20230623T110524Z:184a936c-e664-4397-b8a3-30e1dc39a6e7",
        "X-Powered-By": "ASP.NET"
      },
      "ResponseBody": {
        "id": "/subscriptions/69a75bda-882e-44d5-8431-63421204132a/providers/Microsoft.NetApp/locations/westus2/operationResults/14087bac-1e03-490e-a6f6-6e6e2a07a448",
        "name": "14087bac-1e03-490e-a6f6-6e6e2a07a448",
        "status": "Creating",
        "startTime": "2023-06-23T11:05:22.2013918Z",
        "endTime": "0001-01-01T00:00:00Z",
        "percentComplete": 0.0,
        "properties": {
          "resourceName": "/subscriptions/69a75bda-882e-44d5-8431-63421204132a/resourceGroups/testNetAppDotNetSDKRG-9342/providers/Microsoft.NetApp/netAppAccounts/account9334/capacityPools/pool-9309/volumes/volumeName-6694",
          "action": "CREATE"
        }
      }
    },
    {
      "RequestUri": "https://management.azure.com/subscriptions/69a75bda-882e-44d5-8431-63421204132a/providers/Microsoft.NetApp/locations/westus2/operationResults/14087bac-1e03-490e-a6f6-6e6e2a07a448?api-version=2022-11-01",
      "RequestMethod": "GET",
      "RequestHeaders": {
        "Authorization": "Sanitized",
        "traceparent": "00-e37639a315463201cd321f8a5e8f46a6-ecd763124ea4f189-00",
        "User-Agent": "azsdk-net-ResourceManager/1.6.0 (.NET 7.0.7; Microsoft Windows 10.0.22621)",
        "x-ms-client-request-id": "acdc92863af40ff4fbf6513dfc1ff4c6",
        "x-ms-return-client-request-id": "true"
      },
      "RequestBody": null,
      "StatusCode": 200,
      "ResponseHeaders": {
        "Cache-Control": "no-cache",
        "Content-Length": "569",
        "Content-Type": "application/json; charset=utf-8",
        "Date": "Fri, 23 Jun 2023 11:05:24 GMT",
        "Expires": "-1",
        "Pragma": "no-cache",
        "Server": "Microsoft-IIS/10.0",
        "Strict-Transport-Security": "max-age=31536000; includeSubDomains",
        "X-Content-Type-Options": "nosniff",
        "x-ms-correlation-request-id": "9d8180b4-9952-4988-9fda-d53ccad60e27",
        "x-ms-ratelimit-remaining-subscription-reads": "11857",
        "x-ms-request-id": "b1682c7f-bdb4-4ce2-bfe2-4710268a7336",
        "x-ms-routing-request-id": "WESTEUROPE:20230623T110525Z:9d8180b4-9952-4988-9fda-d53ccad60e27",
        "X-Powered-By": "ASP.NET"
      },
      "ResponseBody": {
        "id": "/subscriptions/69a75bda-882e-44d5-8431-63421204132a/providers/Microsoft.NetApp/locations/westus2/operationResults/14087bac-1e03-490e-a6f6-6e6e2a07a448",
        "name": "14087bac-1e03-490e-a6f6-6e6e2a07a448",
        "status": "Creating",
        "startTime": "2023-06-23T11:05:22.2013918Z",
        "endTime": "0001-01-01T00:00:00Z",
        "percentComplete": 0.0,
        "properties": {
          "resourceName": "/subscriptions/69a75bda-882e-44d5-8431-63421204132a/resourceGroups/testNetAppDotNetSDKRG-9342/providers/Microsoft.NetApp/netAppAccounts/account9334/capacityPools/pool-9309/volumes/volumeName-6694",
          "action": "CREATE"
        }
      }
    },
    {
      "RequestUri": "https://management.azure.com/subscriptions/69a75bda-882e-44d5-8431-63421204132a/providers/Microsoft.NetApp/locations/westus2/operationResults/14087bac-1e03-490e-a6f6-6e6e2a07a448?api-version=2022-11-01",
      "RequestMethod": "GET",
      "RequestHeaders": {
        "Authorization": "Sanitized",
        "traceparent": "00-e37639a315463201cd321f8a5e8f46a6-1b794904ea9908c7-00",
        "User-Agent": "azsdk-net-ResourceManager/1.6.0 (.NET 7.0.7; Microsoft Windows 10.0.22621)",
        "x-ms-client-request-id": "d98eb57970fa89b973906242f3ea9341",
        "x-ms-return-client-request-id": "true"
      },
      "RequestBody": null,
      "StatusCode": 200,
      "ResponseHeaders": {
        "Cache-Control": "no-cache",
        "Content-Length": "569",
        "Content-Type": "application/json; charset=utf-8",
        "Date": "Fri, 23 Jun 2023 11:05:26 GMT",
        "Expires": "-1",
        "Pragma": "no-cache",
        "Server": "Microsoft-IIS/10.0",
        "Strict-Transport-Security": "max-age=31536000; includeSubDomains",
        "X-Content-Type-Options": "nosniff",
        "x-ms-correlation-request-id": "d2940916-dcc3-4dae-a25f-236e0af3ad36",
        "x-ms-ratelimit-remaining-subscription-reads": "11856",
        "x-ms-request-id": "72d4267a-e242-4a0c-b227-3cd6eaa93bce",
        "x-ms-routing-request-id": "WESTEUROPE:20230623T110526Z:d2940916-dcc3-4dae-a25f-236e0af3ad36",
        "X-Powered-By": "ASP.NET"
      },
      "ResponseBody": {
        "id": "/subscriptions/69a75bda-882e-44d5-8431-63421204132a/providers/Microsoft.NetApp/locations/westus2/operationResults/14087bac-1e03-490e-a6f6-6e6e2a07a448",
        "name": "14087bac-1e03-490e-a6f6-6e6e2a07a448",
        "status": "Creating",
        "startTime": "2023-06-23T11:05:22.2013918Z",
        "endTime": "0001-01-01T00:00:00Z",
        "percentComplete": 0.0,
        "properties": {
          "resourceName": "/subscriptions/69a75bda-882e-44d5-8431-63421204132a/resourceGroups/testNetAppDotNetSDKRG-9342/providers/Microsoft.NetApp/netAppAccounts/account9334/capacityPools/pool-9309/volumes/volumeName-6694",
          "action": "CREATE"
        }
      }
    },
    {
      "RequestUri": "https://management.azure.com/subscriptions/69a75bda-882e-44d5-8431-63421204132a/providers/Microsoft.NetApp/locations/westus2/operationResults/14087bac-1e03-490e-a6f6-6e6e2a07a448?api-version=2022-11-01",
      "RequestMethod": "GET",
      "RequestHeaders": {
        "Authorization": "Sanitized",
        "traceparent": "00-e37639a315463201cd321f8a5e8f46a6-a7ba239652edeb76-00",
        "User-Agent": "azsdk-net-ResourceManager/1.6.0 (.NET 7.0.7; Microsoft Windows 10.0.22621)",
        "x-ms-client-request-id": "341bec389898fd485a29def314a8375e",
        "x-ms-return-client-request-id": "true"
      },
      "RequestBody": null,
      "StatusCode": 200,
      "ResponseHeaders": {
        "Cache-Control": "no-cache",
        "Content-Length": "569",
        "Content-Type": "application/json; charset=utf-8",
        "Date": "Fri, 23 Jun 2023 11:05:27 GMT",
        "Expires": "-1",
        "Pragma": "no-cache",
        "Server": "Microsoft-IIS/10.0",
        "Strict-Transport-Security": "max-age=31536000; includeSubDomains",
        "X-Content-Type-Options": "nosniff",
        "x-ms-correlation-request-id": "9b169c8a-651b-49ce-8abb-edeb323ff6a9",
        "x-ms-ratelimit-remaining-subscription-reads": "11855",
        "x-ms-request-id": "394ef8d2-4f3f-4bba-85ea-247a9aeaaf4e",
        "x-ms-routing-request-id": "WESTEUROPE:20230623T110527Z:9b169c8a-651b-49ce-8abb-edeb323ff6a9",
        "X-Powered-By": "ASP.NET"
      },
      "ResponseBody": {
        "id": "/subscriptions/69a75bda-882e-44d5-8431-63421204132a/providers/Microsoft.NetApp/locations/westus2/operationResults/14087bac-1e03-490e-a6f6-6e6e2a07a448",
        "name": "14087bac-1e03-490e-a6f6-6e6e2a07a448",
        "status": "Creating",
        "startTime": "2023-06-23T11:05:22.2013918Z",
        "endTime": "0001-01-01T00:00:00Z",
        "percentComplete": 0.0,
        "properties": {
          "resourceName": "/subscriptions/69a75bda-882e-44d5-8431-63421204132a/resourceGroups/testNetAppDotNetSDKRG-9342/providers/Microsoft.NetApp/netAppAccounts/account9334/capacityPools/pool-9309/volumes/volumeName-6694",
          "action": "CREATE"
        }
      }
    },
    {
      "RequestUri": "https://management.azure.com/subscriptions/69a75bda-882e-44d5-8431-63421204132a/providers/Microsoft.NetApp/locations/westus2/operationResults/14087bac-1e03-490e-a6f6-6e6e2a07a448?api-version=2022-11-01",
      "RequestMethod": "GET",
      "RequestHeaders": {
        "Authorization": "Sanitized",
        "traceparent": "00-e37639a315463201cd321f8a5e8f46a6-d09cd7dc21ce14a3-00",
        "User-Agent": "azsdk-net-ResourceManager/1.6.0 (.NET 7.0.7; Microsoft Windows 10.0.22621)",
        "x-ms-client-request-id": "2f724344173516aed8523964d7b21b10",
        "x-ms-return-client-request-id": "true"
      },
      "RequestBody": null,
      "StatusCode": 200,
      "ResponseHeaders": {
        "Cache-Control": "no-cache",
        "Content-Length": "569",
        "Content-Type": "application/json; charset=utf-8",
        "Date": "Fri, 23 Jun 2023 11:05:29 GMT",
        "Expires": "-1",
        "Pragma": "no-cache",
        "Server": "Microsoft-IIS/10.0",
        "Strict-Transport-Security": "max-age=31536000; includeSubDomains",
        "X-Content-Type-Options": "nosniff",
        "x-ms-correlation-request-id": "6057ae03-494c-4be0-a4c0-5bac2214a268",
        "x-ms-ratelimit-remaining-subscription-reads": "11854",
        "x-ms-request-id": "e92a1131-bc1d-4ada-bf2d-9e9f9ed08a70",
        "x-ms-routing-request-id": "WESTEUROPE:20230623T110530Z:6057ae03-494c-4be0-a4c0-5bac2214a268",
        "X-Powered-By": "ASP.NET"
      },
      "ResponseBody": {
        "id": "/subscriptions/69a75bda-882e-44d5-8431-63421204132a/providers/Microsoft.NetApp/locations/westus2/operationResults/14087bac-1e03-490e-a6f6-6e6e2a07a448",
        "name": "14087bac-1e03-490e-a6f6-6e6e2a07a448",
        "status": "Creating",
        "startTime": "2023-06-23T11:05:22.2013918Z",
        "endTime": "0001-01-01T00:00:00Z",
        "percentComplete": 0.0,
        "properties": {
          "resourceName": "/subscriptions/69a75bda-882e-44d5-8431-63421204132a/resourceGroups/testNetAppDotNetSDKRG-9342/providers/Microsoft.NetApp/netAppAccounts/account9334/capacityPools/pool-9309/volumes/volumeName-6694",
          "action": "CREATE"
        }
      }
    },
    {
      "RequestUri": "https://management.azure.com/subscriptions/69a75bda-882e-44d5-8431-63421204132a/providers/Microsoft.NetApp/locations/westus2/operationResults/14087bac-1e03-490e-a6f6-6e6e2a07a448?api-version=2022-11-01",
      "RequestMethod": "GET",
      "RequestHeaders": {
        "Authorization": "Sanitized",
        "traceparent": "00-e37639a315463201cd321f8a5e8f46a6-c3716ec257131744-00",
        "User-Agent": "azsdk-net-ResourceManager/1.6.0 (.NET 7.0.7; Microsoft Windows 10.0.22621)",
        "x-ms-client-request-id": "10050f62c003e12e6c907ed092c675ca",
        "x-ms-return-client-request-id": "true"
      },
      "RequestBody": null,
      "StatusCode": 200,
      "ResponseHeaders": {
        "Cache-Control": "no-cache",
        "Content-Length": "569",
        "Content-Type": "application/json; charset=utf-8",
        "Date": "Fri, 23 Jun 2023 11:05:33 GMT",
        "Expires": "-1",
        "Pragma": "no-cache",
        "Server": "Microsoft-IIS/10.0",
        "Strict-Transport-Security": "max-age=31536000; includeSubDomains",
        "X-Content-Type-Options": "nosniff",
        "x-ms-correlation-request-id": "f6faaa08-b3a1-406e-9147-3cca1c77a8af",
        "x-ms-ratelimit-remaining-subscription-reads": "11853",
        "x-ms-request-id": "3f216067-4db9-4d56-ac44-2f9de1b6bdb5",
        "x-ms-routing-request-id": "WESTEUROPE:20230623T110534Z:f6faaa08-b3a1-406e-9147-3cca1c77a8af",
        "X-Powered-By": "ASP.NET"
      },
      "ResponseBody": {
        "id": "/subscriptions/69a75bda-882e-44d5-8431-63421204132a/providers/Microsoft.NetApp/locations/westus2/operationResults/14087bac-1e03-490e-a6f6-6e6e2a07a448",
        "name": "14087bac-1e03-490e-a6f6-6e6e2a07a448",
        "status": "Creating",
        "startTime": "2023-06-23T11:05:22.2013918Z",
        "endTime": "0001-01-01T00:00:00Z",
        "percentComplete": 0.0,
        "properties": {
          "resourceName": "/subscriptions/69a75bda-882e-44d5-8431-63421204132a/resourceGroups/testNetAppDotNetSDKRG-9342/providers/Microsoft.NetApp/netAppAccounts/account9334/capacityPools/pool-9309/volumes/volumeName-6694",
          "action": "CREATE"
        }
      }
    },
    {
      "RequestUri": "https://management.azure.com/subscriptions/69a75bda-882e-44d5-8431-63421204132a/providers/Microsoft.NetApp/locations/westus2/operationResults/14087bac-1e03-490e-a6f6-6e6e2a07a448?api-version=2022-11-01",
      "RequestMethod": "GET",
      "RequestHeaders": {
        "Authorization": "Sanitized",
        "traceparent": "00-e37639a315463201cd321f8a5e8f46a6-53752b07df149755-00",
        "User-Agent": "azsdk-net-ResourceManager/1.6.0 (.NET 7.0.7; Microsoft Windows 10.0.22621)",
        "x-ms-client-request-id": "b0fd04586477200b3d055b455fe425a8",
        "x-ms-return-client-request-id": "true"
      },
      "RequestBody": null,
      "StatusCode": 200,
      "ResponseHeaders": {
        "Cache-Control": "no-cache",
        "Content-Length": "569",
        "Content-Type": "application/json; charset=utf-8",
        "Date": "Fri, 23 Jun 2023 11:05:41 GMT",
        "Expires": "-1",
        "Pragma": "no-cache",
        "Server": "Microsoft-IIS/10.0",
        "Strict-Transport-Security": "max-age=31536000; includeSubDomains",
        "X-Content-Type-Options": "nosniff",
        "x-ms-correlation-request-id": "5aa0a120-aa41-4b30-8279-052beaeaa2a2",
        "x-ms-ratelimit-remaining-subscription-reads": "11852",
        "x-ms-request-id": "0a503644-8555-403d-bcc7-6b2b1e811b9a",
        "x-ms-routing-request-id": "WESTEUROPE:20230623T110542Z:5aa0a120-aa41-4b30-8279-052beaeaa2a2",
        "X-Powered-By": "ASP.NET"
      },
      "ResponseBody": {
        "id": "/subscriptions/69a75bda-882e-44d5-8431-63421204132a/providers/Microsoft.NetApp/locations/westus2/operationResults/14087bac-1e03-490e-a6f6-6e6e2a07a448",
        "name": "14087bac-1e03-490e-a6f6-6e6e2a07a448",
        "status": "Creating",
        "startTime": "2023-06-23T11:05:22.2013918Z",
        "endTime": "0001-01-01T00:00:00Z",
        "percentComplete": 0.0,
        "properties": {
          "resourceName": "/subscriptions/69a75bda-882e-44d5-8431-63421204132a/resourceGroups/testNetAppDotNetSDKRG-9342/providers/Microsoft.NetApp/netAppAccounts/account9334/capacityPools/pool-9309/volumes/volumeName-6694",
          "action": "CREATE"
        }
      }
    },
    {
      "RequestUri": "https://management.azure.com/subscriptions/69a75bda-882e-44d5-8431-63421204132a/providers/Microsoft.NetApp/locations/westus2/operationResults/14087bac-1e03-490e-a6f6-6e6e2a07a448?api-version=2022-11-01",
      "RequestMethod": "GET",
      "RequestHeaders": {
        "Authorization": "Sanitized",
        "traceparent": "00-e37639a315463201cd321f8a5e8f46a6-a87012c86060f4a9-00",
        "User-Agent": "azsdk-net-ResourceManager/1.6.0 (.NET 7.0.7; Microsoft Windows 10.0.22621)",
        "x-ms-client-request-id": "0490cd0e26a3835a1491c2a599dd8312",
        "x-ms-return-client-request-id": "true"
      },
      "RequestBody": null,
      "StatusCode": 200,
      "ResponseHeaders": {
        "Cache-Control": "no-cache",
        "Content-Length": "569",
        "Content-Type": "application/json; charset=utf-8",
        "Date": "Fri, 23 Jun 2023 11:05:58 GMT",
        "Expires": "-1",
        "Pragma": "no-cache",
        "Server": "Microsoft-IIS/10.0",
        "Strict-Transport-Security": "max-age=31536000; includeSubDomains",
        "X-Content-Type-Options": "nosniff",
        "x-ms-correlation-request-id": "b1deaa06-3ced-4a2b-8d29-54055e5e7a00",
        "x-ms-ratelimit-remaining-subscription-reads": "11851",
        "x-ms-request-id": "6ac2d4e8-fee5-42a0-ba3b-112abbb56412",
        "x-ms-routing-request-id": "WESTEUROPE:20230623T110558Z:b1deaa06-3ced-4a2b-8d29-54055e5e7a00",
        "X-Powered-By": "ASP.NET"
      },
      "ResponseBody": {
        "id": "/subscriptions/69a75bda-882e-44d5-8431-63421204132a/providers/Microsoft.NetApp/locations/westus2/operationResults/14087bac-1e03-490e-a6f6-6e6e2a07a448",
        "name": "14087bac-1e03-490e-a6f6-6e6e2a07a448",
        "status": "Creating",
        "startTime": "2023-06-23T11:05:22.2013918Z",
        "endTime": "0001-01-01T00:00:00Z",
        "percentComplete": 0.0,
        "properties": {
          "resourceName": "/subscriptions/69a75bda-882e-44d5-8431-63421204132a/resourceGroups/testNetAppDotNetSDKRG-9342/providers/Microsoft.NetApp/netAppAccounts/account9334/capacityPools/pool-9309/volumes/volumeName-6694",
          "action": "CREATE"
        }
      }
    },
    {
      "RequestUri": "https://management.azure.com/subscriptions/69a75bda-882e-44d5-8431-63421204132a/providers/Microsoft.NetApp/locations/westus2/operationResults/14087bac-1e03-490e-a6f6-6e6e2a07a448?api-version=2022-11-01",
      "RequestMethod": "GET",
      "RequestHeaders": {
        "Authorization": "Sanitized",
        "traceparent": "00-e37639a315463201cd321f8a5e8f46a6-b6c396e5ffed9a83-00",
        "User-Agent": "azsdk-net-ResourceManager/1.6.0 (.NET 7.0.7; Microsoft Windows 10.0.22621)",
        "x-ms-client-request-id": "d30b6edd6bb4fe9803e4d2fe65e98288",
        "x-ms-return-client-request-id": "true"
      },
      "RequestBody": null,
      "StatusCode": 200,
      "ResponseHeaders": {
        "Cache-Control": "no-cache",
        "Content-Length": "569",
        "Content-Type": "application/json; charset=utf-8",
        "Date": "Fri, 23 Jun 2023 11:06:31 GMT",
        "Expires": "-1",
        "Pragma": "no-cache",
        "Server": "Microsoft-IIS/10.0",
        "Strict-Transport-Security": "max-age=31536000; includeSubDomains",
        "X-Content-Type-Options": "nosniff",
        "x-ms-correlation-request-id": "35edcf3e-da27-471b-8b0f-cdf56a438cfa",
        "x-ms-ratelimit-remaining-subscription-reads": "11850",
        "x-ms-request-id": "3389ca27-292c-4c64-80ee-4c2c0a19294e",
        "x-ms-routing-request-id": "WESTEUROPE:20230623T110631Z:35edcf3e-da27-471b-8b0f-cdf56a438cfa",
        "X-Powered-By": "ASP.NET"
      },
      "ResponseBody": {
        "id": "/subscriptions/69a75bda-882e-44d5-8431-63421204132a/providers/Microsoft.NetApp/locations/westus2/operationResults/14087bac-1e03-490e-a6f6-6e6e2a07a448",
        "name": "14087bac-1e03-490e-a6f6-6e6e2a07a448",
        "status": "Creating",
        "startTime": "2023-06-23T11:05:22.2013918Z",
        "endTime": "0001-01-01T00:00:00Z",
        "percentComplete": 0.0,
        "properties": {
          "resourceName": "/subscriptions/69a75bda-882e-44d5-8431-63421204132a/resourceGroups/testNetAppDotNetSDKRG-9342/providers/Microsoft.NetApp/netAppAccounts/account9334/capacityPools/pool-9309/volumes/volumeName-6694",
          "action": "CREATE"
        }
      }
    },
    {
      "RequestUri": "https://management.azure.com/subscriptions/69a75bda-882e-44d5-8431-63421204132a/providers/Microsoft.NetApp/locations/westus2/operationResults/14087bac-1e03-490e-a6f6-6e6e2a07a448?api-version=2022-11-01",
      "RequestMethod": "GET",
      "RequestHeaders": {
        "Authorization": "Sanitized",
        "traceparent": "00-e37639a315463201cd321f8a5e8f46a6-be731377d08c50d8-00",
        "User-Agent": "azsdk-net-ResourceManager/1.6.0 (.NET 7.0.7; Microsoft Windows 10.0.22621)",
        "x-ms-client-request-id": "c4c2d66b70353127a97a9be6a1668760",
        "x-ms-return-client-request-id": "true"
      },
      "RequestBody": null,
      "StatusCode": 200,
      "ResponseHeaders": {
        "Cache-Control": "no-cache",
        "Content-Length": "569",
        "Content-Type": "application/json; charset=utf-8",
        "Date": "Fri, 23 Jun 2023 11:07:03 GMT",
        "Expires": "-1",
        "Pragma": "no-cache",
        "Server": "Microsoft-IIS/10.0",
        "Strict-Transport-Security": "max-age=31536000; includeSubDomains",
        "X-Content-Type-Options": "nosniff",
        "x-ms-correlation-request-id": "87f680ad-54ea-4a15-aece-33ec971e3ea8",
        "x-ms-ratelimit-remaining-subscription-reads": "11849",
        "x-ms-request-id": "60007251-7c0c-43f7-bf1c-99ea64950938",
        "x-ms-routing-request-id": "WESTEUROPE:20230623T110703Z:87f680ad-54ea-4a15-aece-33ec971e3ea8",
        "X-Powered-By": "ASP.NET"
      },
      "ResponseBody": {
        "id": "/subscriptions/69a75bda-882e-44d5-8431-63421204132a/providers/Microsoft.NetApp/locations/westus2/operationResults/14087bac-1e03-490e-a6f6-6e6e2a07a448",
        "name": "14087bac-1e03-490e-a6f6-6e6e2a07a448",
        "status": "Creating",
        "startTime": "2023-06-23T11:05:22.2013918Z",
        "endTime": "0001-01-01T00:00:00Z",
        "percentComplete": 0.0,
        "properties": {
          "resourceName": "/subscriptions/69a75bda-882e-44d5-8431-63421204132a/resourceGroups/testNetAppDotNetSDKRG-9342/providers/Microsoft.NetApp/netAppAccounts/account9334/capacityPools/pool-9309/volumes/volumeName-6694",
          "action": "CREATE"
        }
      }
    },
    {
      "RequestUri": "https://management.azure.com/subscriptions/69a75bda-882e-44d5-8431-63421204132a/providers/Microsoft.NetApp/locations/westus2/operationResults/14087bac-1e03-490e-a6f6-6e6e2a07a448?api-version=2022-11-01",
      "RequestMethod": "GET",
      "RequestHeaders": {
        "Authorization": "Sanitized",
        "traceparent": "00-e37639a315463201cd321f8a5e8f46a6-69577b711dbb1f06-00",
        "User-Agent": "azsdk-net-ResourceManager/1.6.0 (.NET 7.0.7; Microsoft Windows 10.0.22621)",
        "x-ms-client-request-id": "f068498152d8a3f4349100be545c1d2b",
        "x-ms-return-client-request-id": "true"
      },
      "RequestBody": null,
      "StatusCode": 200,
      "ResponseHeaders": {
        "Cache-Control": "no-cache",
        "Content-Length": "569",
        "Content-Type": "application/json; charset=utf-8",
        "Date": "Fri, 23 Jun 2023 11:07:35 GMT",
        "Expires": "-1",
        "Pragma": "no-cache",
        "Server": "Microsoft-IIS/10.0",
        "Strict-Transport-Security": "max-age=31536000; includeSubDomains",
        "X-Content-Type-Options": "nosniff",
        "x-ms-correlation-request-id": "ea7395d5-f9c0-494c-8b7e-03ce3cd9efa6",
        "x-ms-ratelimit-remaining-subscription-reads": "11848",
        "x-ms-request-id": "9378e865-c84c-4382-a414-fdf9a6338d27",
        "x-ms-routing-request-id": "WESTEUROPE:20230623T110735Z:ea7395d5-f9c0-494c-8b7e-03ce3cd9efa6",
        "X-Powered-By": "ASP.NET"
      },
      "ResponseBody": {
        "id": "/subscriptions/69a75bda-882e-44d5-8431-63421204132a/providers/Microsoft.NetApp/locations/westus2/operationResults/14087bac-1e03-490e-a6f6-6e6e2a07a448",
        "name": "14087bac-1e03-490e-a6f6-6e6e2a07a448",
        "status": "Creating",
        "startTime": "2023-06-23T11:05:22.2013918Z",
        "endTime": "0001-01-01T00:00:00Z",
        "percentComplete": 0.0,
        "properties": {
          "resourceName": "/subscriptions/69a75bda-882e-44d5-8431-63421204132a/resourceGroups/testNetAppDotNetSDKRG-9342/providers/Microsoft.NetApp/netAppAccounts/account9334/capacityPools/pool-9309/volumes/volumeName-6694",
          "action": "CREATE"
        }
      }
    },
    {
      "RequestUri": "https://management.azure.com/subscriptions/69a75bda-882e-44d5-8431-63421204132a/providers/Microsoft.NetApp/locations/westus2/operationResults/14087bac-1e03-490e-a6f6-6e6e2a07a448?api-version=2022-11-01",
      "RequestMethod": "GET",
      "RequestHeaders": {
        "Authorization": "Sanitized",
        "traceparent": "00-e37639a315463201cd321f8a5e8f46a6-8cef13572cc24209-00",
        "User-Agent": "azsdk-net-ResourceManager/1.6.0 (.NET 7.0.7; Microsoft Windows 10.0.22621)",
        "x-ms-client-request-id": "c23a3a0ebf1b6ddc46d92939d0b25d9d",
        "x-ms-return-client-request-id": "true"
      },
      "RequestBody": null,
      "StatusCode": 200,
      "ResponseHeaders": {
        "Cache-Control": "no-cache",
        "Content-Length": "569",
        "Content-Type": "application/json; charset=utf-8",
        "Date": "Fri, 23 Jun 2023 11:08:07 GMT",
        "Expires": "-1",
        "Pragma": "no-cache",
        "Server": "Microsoft-IIS/10.0",
        "Strict-Transport-Security": "max-age=31536000; includeSubDomains",
        "X-Content-Type-Options": "nosniff",
        "x-ms-correlation-request-id": "5b280d26-a799-4570-98e9-11e1e3c47077",
        "x-ms-ratelimit-remaining-subscription-reads": "11847",
        "x-ms-request-id": "8515dcb4-b8eb-40cb-87c0-764b3cb21a9a",
        "x-ms-routing-request-id": "WESTEUROPE:20230623T110807Z:5b280d26-a799-4570-98e9-11e1e3c47077",
        "X-Powered-By": "ASP.NET"
      },
      "ResponseBody": {
        "id": "/subscriptions/69a75bda-882e-44d5-8431-63421204132a/providers/Microsoft.NetApp/locations/westus2/operationResults/14087bac-1e03-490e-a6f6-6e6e2a07a448",
        "name": "14087bac-1e03-490e-a6f6-6e6e2a07a448",
        "status": "Creating",
        "startTime": "2023-06-23T11:05:22.2013918Z",
        "endTime": "0001-01-01T00:00:00Z",
        "percentComplete": 0.0,
        "properties": {
          "resourceName": "/subscriptions/69a75bda-882e-44d5-8431-63421204132a/resourceGroups/testNetAppDotNetSDKRG-9342/providers/Microsoft.NetApp/netAppAccounts/account9334/capacityPools/pool-9309/volumes/volumeName-6694",
          "action": "CREATE"
        }
      }
    },
    {
      "RequestUri": "https://management.azure.com/subscriptions/69a75bda-882e-44d5-8431-63421204132a/providers/Microsoft.NetApp/locations/westus2/operationResults/14087bac-1e03-490e-a6f6-6e6e2a07a448?api-version=2022-11-01",
      "RequestMethod": "GET",
      "RequestHeaders": {
        "Authorization": "Sanitized",
        "traceparent": "00-e37639a315463201cd321f8a5e8f46a6-45949d44cc5e8080-00",
        "User-Agent": "azsdk-net-ResourceManager/1.6.0 (.NET 7.0.7; Microsoft Windows 10.0.22621)",
        "x-ms-client-request-id": "1c7c725d928118b0e21f90a36f69dd4d",
        "x-ms-return-client-request-id": "true"
      },
      "RequestBody": null,
      "StatusCode": 200,
      "ResponseHeaders": {
        "Cache-Control": "no-cache",
        "Content-Length": "569",
        "Content-Type": "application/json; charset=utf-8",
        "Date": "Fri, 23 Jun 2023 11:08:39 GMT",
        "Expires": "-1",
        "Pragma": "no-cache",
        "Server": "Microsoft-IIS/10.0",
        "Strict-Transport-Security": "max-age=31536000; includeSubDomains",
        "X-Content-Type-Options": "nosniff",
        "x-ms-correlation-request-id": "a6cd30ac-14bb-415d-85ba-39447f691fbf",
        "x-ms-ratelimit-remaining-subscription-reads": "11846",
        "x-ms-request-id": "5a1551ee-74fe-47d5-8954-b6ab00db3ea9",
        "x-ms-routing-request-id": "WESTEUROPE:20230623T110840Z:a6cd30ac-14bb-415d-85ba-39447f691fbf",
        "X-Powered-By": "ASP.NET"
      },
      "ResponseBody": {
        "id": "/subscriptions/69a75bda-882e-44d5-8431-63421204132a/providers/Microsoft.NetApp/locations/westus2/operationResults/14087bac-1e03-490e-a6f6-6e6e2a07a448",
        "name": "14087bac-1e03-490e-a6f6-6e6e2a07a448",
        "status": "Creating",
        "startTime": "2023-06-23T11:05:22.2013918Z",
        "endTime": "0001-01-01T00:00:00Z",
        "percentComplete": 0.0,
        "properties": {
          "resourceName": "/subscriptions/69a75bda-882e-44d5-8431-63421204132a/resourceGroups/testNetAppDotNetSDKRG-9342/providers/Microsoft.NetApp/netAppAccounts/account9334/capacityPools/pool-9309/volumes/volumeName-6694",
          "action": "CREATE"
        }
      }
    },
    {
      "RequestUri": "https://management.azure.com/subscriptions/69a75bda-882e-44d5-8431-63421204132a/providers/Microsoft.NetApp/locations/westus2/operationResults/14087bac-1e03-490e-a6f6-6e6e2a07a448?api-version=2022-11-01",
      "RequestMethod": "GET",
      "RequestHeaders": {
        "Authorization": "Sanitized",
        "traceparent": "00-e37639a315463201cd321f8a5e8f46a6-e8d8f310d0b30292-00",
        "User-Agent": "azsdk-net-ResourceManager/1.6.0 (.NET 7.0.7; Microsoft Windows 10.0.22621)",
        "x-ms-client-request-id": "67d7705cc42cc2446dfaa9fe29bad382",
        "x-ms-return-client-request-id": "true"
      },
      "RequestBody": null,
      "StatusCode": 200,
      "ResponseHeaders": {
        "Cache-Control": "no-cache",
        "Content-Length": "569",
        "Content-Type": "application/json; charset=utf-8",
        "Date": "Fri, 23 Jun 2023 11:09:12 GMT",
        "Expires": "-1",
        "Pragma": "no-cache",
        "Server": "Microsoft-IIS/10.0",
        "Strict-Transport-Security": "max-age=31536000; includeSubDomains",
        "X-Content-Type-Options": "nosniff",
        "x-ms-correlation-request-id": "a3ff34b9-ec46-4afb-a49b-a797a1bb015a",
        "x-ms-ratelimit-remaining-subscription-reads": "11845",
        "x-ms-request-id": "a581a233-99f7-44db-89ef-cd52e77f6975",
        "x-ms-routing-request-id": "WESTEUROPE:20230623T110912Z:a3ff34b9-ec46-4afb-a49b-a797a1bb015a",
        "X-Powered-By": "ASP.NET"
      },
      "ResponseBody": {
        "id": "/subscriptions/69a75bda-882e-44d5-8431-63421204132a/providers/Microsoft.NetApp/locations/westus2/operationResults/14087bac-1e03-490e-a6f6-6e6e2a07a448",
        "name": "14087bac-1e03-490e-a6f6-6e6e2a07a448",
        "status": "Creating",
        "startTime": "2023-06-23T11:05:22.2013918Z",
        "endTime": "0001-01-01T00:00:00Z",
        "percentComplete": 0.0,
        "properties": {
          "resourceName": "/subscriptions/69a75bda-882e-44d5-8431-63421204132a/resourceGroups/testNetAppDotNetSDKRG-9342/providers/Microsoft.NetApp/netAppAccounts/account9334/capacityPools/pool-9309/volumes/volumeName-6694",
          "action": "CREATE"
        }
      }
    },
    {
      "RequestUri": "https://management.azure.com/subscriptions/69a75bda-882e-44d5-8431-63421204132a/providers/Microsoft.NetApp/locations/westus2/operationResults/14087bac-1e03-490e-a6f6-6e6e2a07a448?api-version=2022-11-01",
      "RequestMethod": "GET",
      "RequestHeaders": {
        "Authorization": "Sanitized",
        "traceparent": "00-e37639a315463201cd321f8a5e8f46a6-63305a3dbd2a376c-00",
        "User-Agent": "azsdk-net-ResourceManager/1.6.0 (.NET 7.0.7; Microsoft Windows 10.0.22621)",
        "x-ms-client-request-id": "e160633401df7ca98921e0fc2f38fddd",
        "x-ms-return-client-request-id": "true"
      },
      "RequestBody": null,
      "StatusCode": 200,
      "ResponseHeaders": {
        "Cache-Control": "no-cache",
        "Content-Length": "580",
        "Content-Type": "application/json; charset=utf-8",
        "Date": "Fri, 23 Jun 2023 11:09:44 GMT",
        "Expires": "-1",
        "Pragma": "no-cache",
        "Server": "Microsoft-IIS/10.0",
        "Strict-Transport-Security": "max-age=31536000; includeSubDomains",
        "X-Content-Type-Options": "nosniff",
        "x-ms-correlation-request-id": "807d199e-fb8c-4660-831d-295dfe87d8c7",
        "x-ms-ratelimit-remaining-subscription-reads": "11844",
        "x-ms-request-id": "f08f6b76-2b4f-4911-bbcc-cb558605ffb2",
        "x-ms-routing-request-id": "WESTEUROPE:20230623T110944Z:807d199e-fb8c-4660-831d-295dfe87d8c7",
        "X-Powered-By": "ASP.NET"
      },
      "ResponseBody": {
        "id": "/subscriptions/69a75bda-882e-44d5-8431-63421204132a/providers/Microsoft.NetApp/locations/westus2/operationResults/14087bac-1e03-490e-a6f6-6e6e2a07a448",
        "name": "14087bac-1e03-490e-a6f6-6e6e2a07a448",
        "status": "Succeeded",
        "startTime": "2023-06-23T11:05:22.2013918Z",
        "endTime": "2023-06-23T11:09:36.5552104Z",
        "percentComplete": 100.0,
        "properties": {
          "resourceName": "/subscriptions/69a75bda-882e-44d5-8431-63421204132a/resourceGroups/testNetAppDotNetSDKRG-9342/providers/Microsoft.NetApp/netAppAccounts/account9334/capacityPools/pool-9309/volumes/volumeName-6694",
          "action": "CREATE"
        }
      }
    },
    {
      "RequestUri": "https://management.azure.com/subscriptions/69a75bda-882e-44d5-8431-63421204132a/resourceGroups/testNetAppDotNetSDKRG-9342/providers/Microsoft.NetApp/netAppAccounts/account9334/capacityPools/pool-9309/volumes/volumeName-6694?api-version=2022-11-01",
      "RequestMethod": "GET",
      "RequestHeaders": {
        "Authorization": "Sanitized",
        "traceparent": "00-e37639a315463201cd321f8a5e8f46a6-475e294501b39f52-00",
        "User-Agent": "azsdk-net-ResourceManager/1.6.0 (.NET 7.0.7; Microsoft Windows 10.0.22621)",
        "x-ms-client-request-id": "60dddbfbf6da98702ebaae86e8b1ee28",
        "x-ms-return-client-request-id": "true"
      },
      "RequestBody": null,
      "StatusCode": 200,
      "ResponseHeaders": {
        "Cache-Control": "no-cache",
        "Content-Length": "2702",
        "Content-Type": "application/json; charset=utf-8",
        "Date": "Fri, 23 Jun 2023 11:09:44 GMT",
        "ETag": "W/\u0022datetime\u00272023-06-23T11%3A09%3A36.5442565Z\u0027\u0022",
        "Expires": "-1",
        "Pragma": "no-cache",
        "Server": "Microsoft-IIS/10.0",
        "Strict-Transport-Security": "max-age=31536000; includeSubDomains",
        "X-Content-Type-Options": "nosniff",
        "x-ms-correlation-request-id": "bb212288-fadd-4896-82d6-c4709dd1e830",
        "x-ms-ratelimit-remaining-subscription-reads": "11843",
        "x-ms-request-id": "6503f24c-5303-4a52-a49e-3a0615ad6480",
        "x-ms-routing-request-id": "WESTEUROPE:20230623T110945Z:bb212288-fadd-4896-82d6-c4709dd1e830",
        "X-Powered-By": "ASP.NET"
      },
      "ResponseBody": {
        "id": "/subscriptions/69a75bda-882e-44d5-8431-63421204132a/resourceGroups/testNetAppDotNetSDKRG-9342/providers/Microsoft.NetApp/netAppAccounts/account9334/capacityPools/pool-9309/volumes/volumeName-6694",
        "name": "account9334/pool-9309/volumeName-6694",
        "type": "Microsoft.NetApp/netAppAccounts/capacityPools/volumes",
        "etag": "W/\u0022datetime\u00272023-06-23T11%3A09%3A36.5442565Z\u0027\u0022",
        "location": "westus2",
        "tags": {
          "key1": "value1",
          "key2": "value2",
          "CreatedOnDate": "2023-06-23T11:05:13.8891290Z"
        },
        "properties": {
          "dataProtection": {
            "snapshot": {
              "snapshotPolicyId": "/subscriptions/69a75bda-882e-44d5-8431-63421204132a/resourceGroups/testNetAppDotNetSDKRG-9342/providers/Microsoft.NetApp/netAppAccounts/account9334/snapshotPolicies/snapshotPolicy-9918"
            }
          },
          "fileSystemId": "2662a149-a5aa-81d5-0459-1fb894d2b832",
          "serviceLevel": "Premium",
          "creationToken": "volumeName-6694",
          "usageThreshold": 107374182400,
          "exportPolicy": {
            "rules": [
              {
                "ruleIndex": 1,
                "unixReadOnly": false,
                "unixReadWrite": true,
                "cifs": false,
                "nfsv3": true,
                "nfsv41": false,
                "allowedClients": "0.0.0.0/0",
                "kerberos5ReadOnly": false,
                "kerberos5ReadWrite": false,
                "kerberos5iReadOnly": false,
                "kerberos5iReadWrite": false,
                "kerberos5pReadOnly": false,
                "kerberos5pReadWrite": false,
                "hasRootAccess": true,
                "chownMode": "Restricted"
              }
            ]
          },
          "protocolTypes": [
            "NFSv3"
          ],
          "baremetalTenantId": "baremetalTenant_svm_8f82c7b40509489d9e97d719b9b955b4_52dabd3c",
          "subnetId": "/subscriptions/69a75bda-882e-44d5-8431-63421204132a/resourceGroups/testNetAppDotNetSDKRG-9342/providers/Microsoft.Network/virtualNetworks/vnet-8103/subnets/default",
          "networkFeatures": "Basic",
          "networkSiblingSetId": "4f2d726e-659a-50bf-6c05-cf945b861856",
          "storageToNetworkProximity": "Default",
          "snapshotDirectoryVisible": true,
          "kerberosEnabled": false,
          "securityStyle": "Unix",
          "smbEncryption": false,
          "smbContinuouslyAvailable": false,
          "encryptionKeySource": "Microsoft.NetApp",
          "ldapEnabled": false,
          "unixPermissions": "0770",
          "mountTargets": [
            {
              "mountTargetId": "2662a149-a5aa-81d5-0459-1fb894d2b832",
              "fileSystemId": "2662a149-a5aa-81d5-0459-1fb894d2b832",
              "ipAddress": "10.0.1.4"
            }
          ],
          "throughputMibps": 0.0,
          "coolAccess": false,
          "avsDataStore": "Disabled",
          "isDefaultQuotaEnabled": false,
          "defaultUserQuotaInKiBs": 0,
          "defaultGroupQuotaInKiBs": 0,
          "enableSubvolumes": "Disabled",
          "maximumNumberOfFiles": 100000000,
          "smbNonBrowsable": "Disabled",
          "smbAccessBasedEnumeration": "Disabled",
          "isLargeVolume": false,
          "provisionedAvailabilityZone": "2",
          "actualThroughputMibps": 6.25,
          "provisioningState": "Succeeded"
        },
        "systemData": {
          "createdBy": "c6c4faba-2b22-44d9-80a4-71ff5b71f811",
          "createdByType": "Application",
          "createdAt": "2023-06-23T11:05:21.1440809Z",
          "lastModifiedBy": "c6c4faba-2b22-44d9-80a4-71ff5b71f811",
          "lastModifiedByType": "Application",
          "lastModifiedAt": "2023-06-23T11:05:21.1440809Z"
        }
      }
    },
    {
      "RequestUri": "https://management.azure.com/subscriptions/69a75bda-882e-44d5-8431-63421204132a/resourceGroups/testNetAppDotNetSDKRG-9342/providers/Microsoft.NetApp/netAppAccounts/account9334/capacityPools/pool-9309/volumes/volumeName-6694?api-version=2022-11-01",
      "RequestMethod": "GET",
      "RequestHeaders": {
        "Accept": "application/json",
        "Authorization": "Sanitized",
        "traceparent": "00-cf0d986ac93b9c9d17c6d48042cf978b-18446e40a445132b-00",
        "User-Agent": "azsdk-net-ResourceManager.NetApp/1.2.0-alpha.20230619.1 (.NET 7.0.7; Microsoft Windows 10.0.22621)",
        "x-ms-client-request-id": "0b6f0e4cfc085a6dc65add0ae4489334",
        "x-ms-return-client-request-id": "true"
      },
      "RequestBody": null,
      "StatusCode": 200,
      "ResponseHeaders": {
        "Cache-Control": "no-cache",
        "Content-Length": "2702",
        "Content-Type": "application/json; charset=utf-8",
        "Date": "Fri, 23 Jun 2023 11:09:44 GMT",
        "ETag": "W/\u0022datetime\u00272023-06-23T11%3A09%3A36.5442565Z\u0027\u0022",
        "Expires": "-1",
        "Pragma": "no-cache",
        "Server": "Microsoft-IIS/10.0",
        "Strict-Transport-Security": "max-age=31536000; includeSubDomains",
        "X-Content-Type-Options": "nosniff",
        "x-ms-correlation-request-id": "bb2944b6-21d2-4eed-96b5-b6ad553c1e35",
        "x-ms-ratelimit-remaining-subscription-reads": "11842",
        "x-ms-request-id": "17f3a2bf-2177-402f-ae79-b15d16e55285",
        "x-ms-routing-request-id": "WESTEUROPE:20230623T110945Z:bb2944b6-21d2-4eed-96b5-b6ad553c1e35",
        "X-Powered-By": "ASP.NET"
      },
      "ResponseBody": {
        "id": "/subscriptions/69a75bda-882e-44d5-8431-63421204132a/resourceGroups/testNetAppDotNetSDKRG-9342/providers/Microsoft.NetApp/netAppAccounts/account9334/capacityPools/pool-9309/volumes/volumeName-6694",
        "name": "account9334/pool-9309/volumeName-6694",
        "type": "Microsoft.NetApp/netAppAccounts/capacityPools/volumes",
        "etag": "W/\u0022datetime\u00272023-06-23T11%3A09%3A36.5442565Z\u0027\u0022",
        "location": "westus2",
        "tags": {
          "key1": "value1",
          "key2": "value2",
          "CreatedOnDate": "2023-06-23T11:05:13.8891290Z"
        },
        "properties": {
          "dataProtection": {
            "snapshot": {
              "snapshotPolicyId": "/subscriptions/69a75bda-882e-44d5-8431-63421204132a/resourceGroups/testNetAppDotNetSDKRG-9342/providers/Microsoft.NetApp/netAppAccounts/account9334/snapshotPolicies/snapshotPolicy-9918"
            }
          },
          "fileSystemId": "2662a149-a5aa-81d5-0459-1fb894d2b832",
          "serviceLevel": "Premium",
          "creationToken": "volumeName-6694",
          "usageThreshold": 107374182400,
          "exportPolicy": {
            "rules": [
              {
                "ruleIndex": 1,
                "unixReadOnly": false,
                "unixReadWrite": true,
                "cifs": false,
                "nfsv3": true,
                "nfsv41": false,
                "allowedClients": "0.0.0.0/0",
                "kerberos5ReadOnly": false,
                "kerberos5ReadWrite": false,
                "kerberos5iReadOnly": false,
                "kerberos5iReadWrite": false,
                "kerberos5pReadOnly": false,
                "kerberos5pReadWrite": false,
                "hasRootAccess": true,
                "chownMode": "Restricted"
              }
            ]
          },
          "protocolTypes": [
            "NFSv3"
          ],
          "baremetalTenantId": "baremetalTenant_svm_8f82c7b40509489d9e97d719b9b955b4_52dabd3c",
          "subnetId": "/subscriptions/69a75bda-882e-44d5-8431-63421204132a/resourceGroups/testNetAppDotNetSDKRG-9342/providers/Microsoft.Network/virtualNetworks/vnet-8103/subnets/default",
          "networkFeatures": "Basic",
          "networkSiblingSetId": "4f2d726e-659a-50bf-6c05-cf945b861856",
          "storageToNetworkProximity": "Default",
          "snapshotDirectoryVisible": true,
          "kerberosEnabled": false,
          "securityStyle": "Unix",
          "smbEncryption": false,
          "smbContinuouslyAvailable": false,
          "encryptionKeySource": "Microsoft.NetApp",
          "ldapEnabled": false,
          "unixPermissions": "0770",
          "mountTargets": [
            {
              "mountTargetId": "2662a149-a5aa-81d5-0459-1fb894d2b832",
              "fileSystemId": "2662a149-a5aa-81d5-0459-1fb894d2b832",
              "ipAddress": "10.0.1.4"
            }
          ],
          "throughputMibps": 0.0,
          "coolAccess": false,
          "avsDataStore": "Disabled",
          "isDefaultQuotaEnabled": false,
          "defaultUserQuotaInKiBs": 0,
          "defaultGroupQuotaInKiBs": 0,
          "enableSubvolumes": "Disabled",
          "maximumNumberOfFiles": 100000000,
          "smbNonBrowsable": "Disabled",
          "smbAccessBasedEnumeration": "Disabled",
          "isLargeVolume": false,
          "provisionedAvailabilityZone": "2",
          "actualThroughputMibps": 6.25,
          "provisioningState": "Succeeded"
        },
        "systemData": {
          "createdBy": "c6c4faba-2b22-44d9-80a4-71ff5b71f811",
          "createdByType": "Application",
          "createdAt": "2023-06-23T11:05:21.1440809Z",
          "lastModifiedBy": "c6c4faba-2b22-44d9-80a4-71ff5b71f811",
          "lastModifiedByType": "Application",
          "lastModifiedAt": "2023-06-23T11:05:21.1440809Z"
        }
      }
    },
    {
      "RequestUri": "https://management.azure.com/subscriptions/69a75bda-882e-44d5-8431-63421204132a/resourceGroups/testNetAppDotNetSDKRG-9342/providers/Microsoft.NetApp/netAppAccounts/account9334/capacityPools/pool-9309/volumes/volumeName-6694?api-version=2022-11-01",
      "RequestMethod": "DELETE",
      "RequestHeaders": {
        "Authorization": "Sanitized",
        "traceparent": "00-7cf0a05dc961ec351a639e2bff0890f1-06368128818ea806-00",
        "User-Agent": "azsdk-net-ResourceManager.NetApp/1.2.0-alpha.20230619.1 (.NET 7.0.7; Microsoft Windows 10.0.22621)",
        "x-ms-client-request-id": "4d02ccfc72dc3ea7f3c8b325522394d8",
        "x-ms-return-client-request-id": "true"
      },
      "RequestBody": null,
      "StatusCode": 202,
      "ResponseHeaders": {
        "Azure-AsyncOperation": "https://management.azure.com/subscriptions/69a75bda-882e-44d5-8431-63421204132a/providers/Microsoft.NetApp/locations/westus2/operationResults/79dda2f2-57ae-4085-8e65-774145c91432?api-version=2022-11-01",
        "Cache-Control": "no-cache",
        "Content-Length": "0",
        "Date": "Fri, 23 Jun 2023 11:09:45 GMT",
        "Expires": "-1",
        "Location": "https://management.azure.com/subscriptions/69a75bda-882e-44d5-8431-63421204132a/providers/Microsoft.NetApp/locations/westus2/operationResults/79dda2f2-57ae-4085-8e65-774145c91432?api-version=2022-11-01\u0026operationResultResponseType=Location",
        "Pragma": "no-cache",
        "Server": "Microsoft-IIS/10.0",
        "Strict-Transport-Security": "max-age=31536000; includeSubDomains",
        "X-Content-Type-Options": "nosniff",
        "x-ms-correlation-request-id": "adba6d1d-99e1-4ca1-b3a5-06da3e8809a7",
        "x-ms-ratelimit-remaining-subscription-deletes": "14982",
        "x-ms-request-id": "adba6d1d-99e1-4ca1-b3a5-06da3e8809a7",
        "x-ms-routing-request-id": "WESTEUROPE:20230623T110946Z:adba6d1d-99e1-4ca1-b3a5-06da3e8809a7",
        "X-Powered-By": "ASP.NET"
      },
      "ResponseBody": null
    },
    {
      "RequestUri": "https://management.azure.com/subscriptions/69a75bda-882e-44d5-8431-63421204132a/providers/Microsoft.NetApp/locations/westus2/operationResults/79dda2f2-57ae-4085-8e65-774145c91432?api-version=2022-11-01",
      "RequestMethod": "GET",
      "RequestHeaders": {
        "Authorization": "Sanitized",
        "traceparent": "00-7cf0a05dc961ec351a639e2bff0890f1-2481b82057ef8754-00",
        "User-Agent": "azsdk-net-ResourceManager/1.6.0 (.NET 7.0.7; Microsoft Windows 10.0.22621)",
        "x-ms-client-request-id": "1c897a26a0aed94b66311840484707a3",
        "x-ms-return-client-request-id": "true"
      },
      "RequestBody": null,
      "StatusCode": 200,
      "ResponseHeaders": {
        "Cache-Control": "no-cache",
        "Content-Length": "568",
        "Content-Type": "application/json; charset=utf-8",
        "Date": "Fri, 23 Jun 2023 11:09:45 GMT",
        "Expires": "-1",
        "Pragma": "no-cache",
        "Server": "Microsoft-IIS/10.0",
        "Strict-Transport-Security": "max-age=31536000; includeSubDomains",
        "X-Content-Type-Options": "nosniff",
        "x-ms-correlation-request-id": "1740bfa1-0fc2-420c-91f1-ce1777acb795",
        "x-ms-ratelimit-remaining-subscription-reads": "11841",
        "x-ms-request-id": "1397e7b5-9580-48e7-9bb8-afa45085c1b2",
        "x-ms-routing-request-id": "WESTEUROPE:20230623T110946Z:1740bfa1-0fc2-420c-91f1-ce1777acb795",
        "X-Powered-By": "ASP.NET"
      },
      "ResponseBody": {
        "id": "/subscriptions/69a75bda-882e-44d5-8431-63421204132a/providers/Microsoft.NetApp/locations/westus2/operationResults/79dda2f2-57ae-4085-8e65-774145c91432",
        "name": "79dda2f2-57ae-4085-8e65-774145c91432",
        "status": "Deleting",
        "startTime": "2023-06-23T11:09:45.999857Z",
        "endTime": "0001-01-01T00:00:00Z",
        "percentComplete": 0.0,
        "properties": {
          "resourceName": "/subscriptions/69a75bda-882e-44d5-8431-63421204132a/resourceGroups/testNetAppDotNetSDKRG-9342/providers/Microsoft.NetApp/netAppAccounts/account9334/capacityPools/pool-9309/volumes/volumeName-6694",
          "action": "DELETE"
        }
      }
    },
    {
      "RequestUri": "https://management.azure.com/subscriptions/69a75bda-882e-44d5-8431-63421204132a/providers/Microsoft.NetApp/locations/westus2/operationResults/79dda2f2-57ae-4085-8e65-774145c91432?api-version=2022-11-01",
      "RequestMethod": "GET",
      "RequestHeaders": {
        "Authorization": "Sanitized",
        "traceparent": "00-7cf0a05dc961ec351a639e2bff0890f1-6db0160f12fd28a5-00",
        "User-Agent": "azsdk-net-ResourceManager/1.6.0 (.NET 7.0.7; Microsoft Windows 10.0.22621)",
        "x-ms-client-request-id": "2bd704c672970a6bf703df5ad927258d",
        "x-ms-return-client-request-id": "true"
      },
      "RequestBody": null,
      "StatusCode": 200,
      "ResponseHeaders": {
        "Cache-Control": "no-cache",
        "Content-Length": "568",
        "Content-Type": "application/json; charset=utf-8",
        "Date": "Fri, 23 Jun 2023 11:09:47 GMT",
        "Expires": "-1",
        "Pragma": "no-cache",
        "Server": "Microsoft-IIS/10.0",
        "Strict-Transport-Security": "max-age=31536000; includeSubDomains",
        "X-Content-Type-Options": "nosniff",
        "x-ms-correlation-request-id": "b911b6de-1f65-40f9-9bb9-5a200a9da5da",
        "x-ms-ratelimit-remaining-subscription-reads": "11840",
        "x-ms-request-id": "3c8afba2-a3f1-4a77-bf20-b16b0b5952d7",
        "x-ms-routing-request-id": "WESTEUROPE:20230623T110947Z:b911b6de-1f65-40f9-9bb9-5a200a9da5da",
        "X-Powered-By": "ASP.NET"
      },
      "ResponseBody": {
        "id": "/subscriptions/69a75bda-882e-44d5-8431-63421204132a/providers/Microsoft.NetApp/locations/westus2/operationResults/79dda2f2-57ae-4085-8e65-774145c91432",
        "name": "79dda2f2-57ae-4085-8e65-774145c91432",
        "status": "Deleting",
        "startTime": "2023-06-23T11:09:45.999857Z",
        "endTime": "0001-01-01T00:00:00Z",
        "percentComplete": 0.0,
        "properties": {
          "resourceName": "/subscriptions/69a75bda-882e-44d5-8431-63421204132a/resourceGroups/testNetAppDotNetSDKRG-9342/providers/Microsoft.NetApp/netAppAccounts/account9334/capacityPools/pool-9309/volumes/volumeName-6694",
          "action": "DELETE"
        }
      }
    },
    {
      "RequestUri": "https://management.azure.com/subscriptions/69a75bda-882e-44d5-8431-63421204132a/providers/Microsoft.NetApp/locations/westus2/operationResults/79dda2f2-57ae-4085-8e65-774145c91432?api-version=2022-11-01",
      "RequestMethod": "GET",
      "RequestHeaders": {
        "Authorization": "Sanitized",
        "traceparent": "00-7cf0a05dc961ec351a639e2bff0890f1-9f934ce4ba401232-00",
        "User-Agent": "azsdk-net-ResourceManager/1.6.0 (.NET 7.0.7; Microsoft Windows 10.0.22621)",
        "x-ms-client-request-id": "d8ffcd137899922a6dd7ba97da94b726",
        "x-ms-return-client-request-id": "true"
      },
      "RequestBody": null,
      "StatusCode": 200,
      "ResponseHeaders": {
        "Cache-Control": "no-cache",
        "Content-Length": "568",
        "Content-Type": "application/json; charset=utf-8",
        "Date": "Fri, 23 Jun 2023 11:09:48 GMT",
        "Expires": "-1",
        "Pragma": "no-cache",
        "Server": "Microsoft-IIS/10.0",
        "Strict-Transport-Security": "max-age=31536000; includeSubDomains",
        "X-Content-Type-Options": "nosniff",
        "x-ms-correlation-request-id": "d89ab5e5-4909-4cfa-9341-e8e6080c0320",
        "x-ms-ratelimit-remaining-subscription-reads": "11839",
        "x-ms-request-id": "a2f88248-db5c-449c-b55c-228dfbb3925f",
        "x-ms-routing-request-id": "WESTEUROPE:20230623T110948Z:d89ab5e5-4909-4cfa-9341-e8e6080c0320",
        "X-Powered-By": "ASP.NET"
      },
      "ResponseBody": {
        "id": "/subscriptions/69a75bda-882e-44d5-8431-63421204132a/providers/Microsoft.NetApp/locations/westus2/operationResults/79dda2f2-57ae-4085-8e65-774145c91432",
        "name": "79dda2f2-57ae-4085-8e65-774145c91432",
        "status": "Deleting",
        "startTime": "2023-06-23T11:09:45.999857Z",
        "endTime": "0001-01-01T00:00:00Z",
        "percentComplete": 0.0,
        "properties": {
          "resourceName": "/subscriptions/69a75bda-882e-44d5-8431-63421204132a/resourceGroups/testNetAppDotNetSDKRG-9342/providers/Microsoft.NetApp/netAppAccounts/account9334/capacityPools/pool-9309/volumes/volumeName-6694",
          "action": "DELETE"
        }
      }
    },
    {
      "RequestUri": "https://management.azure.com/subscriptions/69a75bda-882e-44d5-8431-63421204132a/providers/Microsoft.NetApp/locations/westus2/operationResults/79dda2f2-57ae-4085-8e65-774145c91432?api-version=2022-11-01",
      "RequestMethod": "GET",
      "RequestHeaders": {
        "Authorization": "Sanitized",
        "traceparent": "00-7cf0a05dc961ec351a639e2bff0890f1-d222e19b2c4b7f74-00",
        "User-Agent": "azsdk-net-ResourceManager/1.6.0 (.NET 7.0.7; Microsoft Windows 10.0.22621)",
        "x-ms-client-request-id": "14b9f67a888db44e0e7f24abc1f1ff3e",
        "x-ms-return-client-request-id": "true"
      },
      "RequestBody": null,
      "StatusCode": 200,
      "ResponseHeaders": {
        "Cache-Control": "no-cache",
        "Content-Length": "568",
        "Content-Type": "application/json; charset=utf-8",
        "Date": "Fri, 23 Jun 2023 11:09:49 GMT",
        "Expires": "-1",
        "Pragma": "no-cache",
        "Server": "Microsoft-IIS/10.0",
        "Strict-Transport-Security": "max-age=31536000; includeSubDomains",
        "X-Content-Type-Options": "nosniff",
        "x-ms-correlation-request-id": "639edcf3-7808-4fef-b94f-4011c4a1cd98",
        "x-ms-ratelimit-remaining-subscription-reads": "11838",
        "x-ms-request-id": "76ee09ad-ce65-4ff5-b757-afc9616a4569",
        "x-ms-routing-request-id": "WESTEUROPE:20230623T110950Z:639edcf3-7808-4fef-b94f-4011c4a1cd98",
        "X-Powered-By": "ASP.NET"
      },
      "ResponseBody": {
        "id": "/subscriptions/69a75bda-882e-44d5-8431-63421204132a/providers/Microsoft.NetApp/locations/westus2/operationResults/79dda2f2-57ae-4085-8e65-774145c91432",
        "name": "79dda2f2-57ae-4085-8e65-774145c91432",
        "status": "Deleting",
        "startTime": "2023-06-23T11:09:45.999857Z",
        "endTime": "0001-01-01T00:00:00Z",
        "percentComplete": 0.0,
        "properties": {
          "resourceName": "/subscriptions/69a75bda-882e-44d5-8431-63421204132a/resourceGroups/testNetAppDotNetSDKRG-9342/providers/Microsoft.NetApp/netAppAccounts/account9334/capacityPools/pool-9309/volumes/volumeName-6694",
          "action": "DELETE"
        }
      }
    },
    {
      "RequestUri": "https://management.azure.com/subscriptions/69a75bda-882e-44d5-8431-63421204132a/providers/Microsoft.NetApp/locations/westus2/operationResults/79dda2f2-57ae-4085-8e65-774145c91432?api-version=2022-11-01",
      "RequestMethod": "GET",
      "RequestHeaders": {
        "Authorization": "Sanitized",
        "traceparent": "00-7cf0a05dc961ec351a639e2bff0890f1-c45368f27c3d77cc-00",
        "User-Agent": "azsdk-net-ResourceManager/1.6.0 (.NET 7.0.7; Microsoft Windows 10.0.22621)",
        "x-ms-client-request-id": "7b2d8a0c2e484e09da45bec0b7d43063",
        "x-ms-return-client-request-id": "true"
      },
      "RequestBody": null,
      "StatusCode": 200,
      "ResponseHeaders": {
        "Cache-Control": "no-cache",
        "Content-Length": "568",
        "Content-Type": "application/json; charset=utf-8",
        "Date": "Fri, 23 Jun 2023 11:09:51 GMT",
        "Expires": "-1",
        "Pragma": "no-cache",
        "Server": "Microsoft-IIS/10.0",
        "Strict-Transport-Security": "max-age=31536000; includeSubDomains",
        "X-Content-Type-Options": "nosniff",
        "x-ms-correlation-request-id": "4cb59c35-564d-446a-a14d-d6b3565904d3",
        "x-ms-ratelimit-remaining-subscription-reads": "11837",
        "x-ms-request-id": "6455b77b-ec5d-4cd2-8112-676622aaf473",
        "x-ms-routing-request-id": "WESTEUROPE:20230623T110952Z:4cb59c35-564d-446a-a14d-d6b3565904d3",
        "X-Powered-By": "ASP.NET"
      },
      "ResponseBody": {
        "id": "/subscriptions/69a75bda-882e-44d5-8431-63421204132a/providers/Microsoft.NetApp/locations/westus2/operationResults/79dda2f2-57ae-4085-8e65-774145c91432",
        "name": "79dda2f2-57ae-4085-8e65-774145c91432",
        "status": "Deleting",
        "startTime": "2023-06-23T11:09:45.999857Z",
        "endTime": "0001-01-01T00:00:00Z",
        "percentComplete": 0.0,
        "properties": {
          "resourceName": "/subscriptions/69a75bda-882e-44d5-8431-63421204132a/resourceGroups/testNetAppDotNetSDKRG-9342/providers/Microsoft.NetApp/netAppAccounts/account9334/capacityPools/pool-9309/volumes/volumeName-6694",
          "action": "DELETE"
        }
      }
    },
    {
      "RequestUri": "https://management.azure.com/subscriptions/69a75bda-882e-44d5-8431-63421204132a/providers/Microsoft.NetApp/locations/westus2/operationResults/79dda2f2-57ae-4085-8e65-774145c91432?api-version=2022-11-01",
      "RequestMethod": "GET",
      "RequestHeaders": {
        "Authorization": "Sanitized",
        "traceparent": "00-7cf0a05dc961ec351a639e2bff0890f1-35c5314241091255-00",
        "User-Agent": "azsdk-net-ResourceManager/1.6.0 (.NET 7.0.7; Microsoft Windows 10.0.22621)",
        "x-ms-client-request-id": "e2dfb84b106e8aff7f4aca1a537fd07c",
        "x-ms-return-client-request-id": "true"
      },
      "RequestBody": null,
      "StatusCode": 200,
      "ResponseHeaders": {
        "Cache-Control": "no-cache",
        "Content-Length": "568",
        "Content-Type": "application/json; charset=utf-8",
        "Date": "Fri, 23 Jun 2023 11:09:55 GMT",
        "Expires": "-1",
        "Pragma": "no-cache",
        "Server": "Microsoft-IIS/10.0",
        "Strict-Transport-Security": "max-age=31536000; includeSubDomains",
        "X-Content-Type-Options": "nosniff",
        "x-ms-correlation-request-id": "4bbf06eb-b853-4cc7-bdde-0f4d0c14aedb",
        "x-ms-ratelimit-remaining-subscription-reads": "11836",
        "x-ms-request-id": "38ec684e-51a4-4ef8-906b-e570aef31202",
        "x-ms-routing-request-id": "WESTEUROPE:20230623T110956Z:4bbf06eb-b853-4cc7-bdde-0f4d0c14aedb",
        "X-Powered-By": "ASP.NET"
      },
      "ResponseBody": {
        "id": "/subscriptions/69a75bda-882e-44d5-8431-63421204132a/providers/Microsoft.NetApp/locations/westus2/operationResults/79dda2f2-57ae-4085-8e65-774145c91432",
        "name": "79dda2f2-57ae-4085-8e65-774145c91432",
        "status": "Deleting",
        "startTime": "2023-06-23T11:09:45.999857Z",
        "endTime": "0001-01-01T00:00:00Z",
        "percentComplete": 0.0,
        "properties": {
          "resourceName": "/subscriptions/69a75bda-882e-44d5-8431-63421204132a/resourceGroups/testNetAppDotNetSDKRG-9342/providers/Microsoft.NetApp/netAppAccounts/account9334/capacityPools/pool-9309/volumes/volumeName-6694",
          "action": "DELETE"
        }
      }
    },
    {
      "RequestUri": "https://management.azure.com/subscriptions/69a75bda-882e-44d5-8431-63421204132a/providers/Microsoft.NetApp/locations/westus2/operationResults/79dda2f2-57ae-4085-8e65-774145c91432?api-version=2022-11-01",
      "RequestMethod": "GET",
      "RequestHeaders": {
        "Authorization": "Sanitized",
        "traceparent": "00-7cf0a05dc961ec351a639e2bff0890f1-bdc9c92f54af6cb1-00",
        "User-Agent": "azsdk-net-ResourceManager/1.6.0 (.NET 7.0.7; Microsoft Windows 10.0.22621)",
        "x-ms-client-request-id": "508b7cd73c674bdeed6a3a48c98dfc3a",
        "x-ms-return-client-request-id": "true"
      },
      "RequestBody": null,
      "StatusCode": 200,
      "ResponseHeaders": {
        "Cache-Control": "no-cache",
        "Content-Length": "568",
        "Content-Type": "application/json; charset=utf-8",
        "Date": "Fri, 23 Jun 2023 11:10:04 GMT",
        "Expires": "-1",
        "Pragma": "no-cache",
        "Server": "Microsoft-IIS/10.0",
        "Strict-Transport-Security": "max-age=31536000; includeSubDomains",
        "X-Content-Type-Options": "nosniff",
        "x-ms-correlation-request-id": "0e4d8618-8068-4521-8b3f-a9a19c054eac",
        "x-ms-ratelimit-remaining-subscription-reads": "11835",
        "x-ms-request-id": "36611d92-e052-4d9e-9cae-70622478f137",
        "x-ms-routing-request-id": "WESTEUROPE:20230623T111004Z:0e4d8618-8068-4521-8b3f-a9a19c054eac",
        "X-Powered-By": "ASP.NET"
      },
      "ResponseBody": {
        "id": "/subscriptions/69a75bda-882e-44d5-8431-63421204132a/providers/Microsoft.NetApp/locations/westus2/operationResults/79dda2f2-57ae-4085-8e65-774145c91432",
        "name": "79dda2f2-57ae-4085-8e65-774145c91432",
        "status": "Deleting",
        "startTime": "2023-06-23T11:09:45.999857Z",
        "endTime": "0001-01-01T00:00:00Z",
        "percentComplete": 0.0,
        "properties": {
          "resourceName": "/subscriptions/69a75bda-882e-44d5-8431-63421204132a/resourceGroups/testNetAppDotNetSDKRG-9342/providers/Microsoft.NetApp/netAppAccounts/account9334/capacityPools/pool-9309/volumes/volumeName-6694",
          "action": "DELETE"
        }
      }
    },
    {
      "RequestUri": "https://management.azure.com/subscriptions/69a75bda-882e-44d5-8431-63421204132a/providers/Microsoft.NetApp/locations/westus2/operationResults/79dda2f2-57ae-4085-8e65-774145c91432?api-version=2022-11-01",
      "RequestMethod": "GET",
      "RequestHeaders": {
        "Authorization": "Sanitized",
        "traceparent": "00-7cf0a05dc961ec351a639e2bff0890f1-f729dddcaa11277c-00",
        "User-Agent": "azsdk-net-ResourceManager/1.6.0 (.NET 7.0.7; Microsoft Windows 10.0.22621)",
        "x-ms-client-request-id": "085fc04e1d11fbcf8aa2fbfd64effa5b",
        "x-ms-return-client-request-id": "true"
      },
      "RequestBody": null,
      "StatusCode": 200,
      "ResponseHeaders": {
        "Cache-Control": "no-cache",
        "Content-Length": "579",
        "Content-Type": "application/json; charset=utf-8",
        "Date": "Fri, 23 Jun 2023 11:10:20 GMT",
        "Expires": "-1",
        "Pragma": "no-cache",
        "Server": "Microsoft-IIS/10.0",
        "Strict-Transport-Security": "max-age=31536000; includeSubDomains",
        "X-Content-Type-Options": "nosniff",
        "x-ms-correlation-request-id": "59b9f8cb-da7b-4ba5-9a15-74d0f197fc00",
        "x-ms-ratelimit-remaining-subscription-reads": "11834",
        "x-ms-request-id": "c32faea1-5c16-4bc8-b463-7fa5c68fcb8c",
        "x-ms-routing-request-id": "WESTEUROPE:20230623T111020Z:59b9f8cb-da7b-4ba5-9a15-74d0f197fc00",
        "X-Powered-By": "ASP.NET"
      },
      "ResponseBody": {
        "id": "/subscriptions/69a75bda-882e-44d5-8431-63421204132a/providers/Microsoft.NetApp/locations/westus2/operationResults/79dda2f2-57ae-4085-8e65-774145c91432",
        "name": "79dda2f2-57ae-4085-8e65-774145c91432",
        "status": "Succeeded",
        "startTime": "2023-06-23T11:09:45.999857Z",
        "endTime": "2023-06-23T11:10:18.4559396Z",
        "percentComplete": 100.0,
        "properties": {
          "resourceName": "/subscriptions/69a75bda-882e-44d5-8431-63421204132a/resourceGroups/testNetAppDotNetSDKRG-9342/providers/Microsoft.NetApp/netAppAccounts/account9334/capacityPools/pool-9309/volumes/volumeName-6694",
          "action": "DELETE"
        }
      }
    },
    {
      "RequestUri": "https://management.azure.com/subscriptions/69a75bda-882e-44d5-8431-63421204132a/resourceGroups/testNetAppDotNetSDKRG-9342/providers/Microsoft.NetApp/netAppAccounts/account9334/capacityPools/pool-9309?api-version=2022-11-01",
      "RequestMethod": "DELETE",
      "RequestHeaders": {
        "Authorization": "Sanitized",
        "traceparent": "00-c8ecb5353208f1da2827bb2dfd7515c9-345ff392eee788bd-00",
        "User-Agent": "azsdk-net-ResourceManager.NetApp/1.2.0-alpha.20230619.1 (.NET 7.0.7; Microsoft Windows 10.0.22621)",
        "x-ms-client-request-id": "3be94274df480ffcda93f504d5b7c0f2",
        "x-ms-return-client-request-id": "true"
      },
      "RequestBody": null,
      "StatusCode": 202,
      "ResponseHeaders": {
        "Azure-AsyncOperation": "https://management.azure.com/subscriptions/69a75bda-882e-44d5-8431-63421204132a/providers/Microsoft.NetApp/locations/westus2/operationResults/6e15ed60-b6c9-4fb0-a2f9-a69f725b9a5e?api-version=2022-11-01",
        "Cache-Control": "no-cache",
        "Content-Length": "0",
        "Date": "Fri, 23 Jun 2023 11:11:01 GMT",
        "Expires": "-1",
        "Location": "https://management.azure.com/subscriptions/69a75bda-882e-44d5-8431-63421204132a/providers/Microsoft.NetApp/locations/westus2/operationResults/6e15ed60-b6c9-4fb0-a2f9-a69f725b9a5e?api-version=2022-11-01\u0026operationResultResponseType=Location",
        "Pragma": "no-cache",
        "Server": "Microsoft-IIS/10.0",
        "Strict-Transport-Security": "max-age=31536000; includeSubDomains",
        "X-Content-Type-Options": "nosniff",
        "x-ms-correlation-request-id": "74499d52-2bc5-40eb-a859-36cfc960f39e",
        "x-ms-ratelimit-remaining-subscription-deletes": "14981",
        "x-ms-request-id": "74499d52-2bc5-40eb-a859-36cfc960f39e",
        "x-ms-routing-request-id": "WESTEUROPE:20230623T111101Z:74499d52-2bc5-40eb-a859-36cfc960f39e",
        "X-Powered-By": "ASP.NET"
      },
      "ResponseBody": null
    },
    {
      "RequestUri": "https://management.azure.com/subscriptions/69a75bda-882e-44d5-8431-63421204132a/providers/Microsoft.NetApp/locations/westus2/operationResults/6e15ed60-b6c9-4fb0-a2f9-a69f725b9a5e?api-version=2022-11-01",
      "RequestMethod": "GET",
      "RequestHeaders": {
        "Authorization": "Sanitized",
        "traceparent": "00-c8ecb5353208f1da2827bb2dfd7515c9-369f505084d44055-00",
        "User-Agent": "azsdk-net-ResourceManager/1.6.0 (.NET 7.0.7; Microsoft Windows 10.0.22621)",
        "x-ms-client-request-id": "87d4df6fc0a36ff1c44f2e7e28cb25d2",
        "x-ms-return-client-request-id": "true"
      },
      "RequestBody": null,
      "StatusCode": 200,
      "ResponseHeaders": {
        "Cache-Control": "no-cache",
        "Content-Length": "556",
        "Content-Type": "application/json; charset=utf-8",
        "Date": "Fri, 23 Jun 2023 11:11:02 GMT",
        "Expires": "-1",
        "Pragma": "no-cache",
        "Server": "Microsoft-IIS/10.0",
        "Strict-Transport-Security": "max-age=31536000; includeSubDomains",
        "X-Content-Type-Options": "nosniff",
        "x-ms-correlation-request-id": "9cf7b109-eb8d-40fa-9f3b-7af55ac12f21",
        "x-ms-ratelimit-remaining-subscription-reads": "11833",
        "x-ms-request-id": "0c0216e4-ff4b-4d72-8d67-d751b709bf67",
        "x-ms-routing-request-id": "WESTEUROPE:20230623T111102Z:9cf7b109-eb8d-40fa-9f3b-7af55ac12f21",
        "X-Powered-By": "ASP.NET"
      },
      "ResponseBody": {
        "id": "/subscriptions/69a75bda-882e-44d5-8431-63421204132a/providers/Microsoft.NetApp/locations/westus2/operationResults/6e15ed60-b6c9-4fb0-a2f9-a69f725b9a5e",
        "name": "6e15ed60-b6c9-4fb0-a2f9-a69f725b9a5e",
        "status": "Succeeded",
        "startTime": "2023-06-23T11:11:01.5645161Z",
        "endTime": "2023-06-23T11:11:02.0044587Z",
        "percentComplete": 100.0,
        "properties": {
          "resourceName": "/subscriptions/69a75bda-882e-44d5-8431-63421204132a/resourceGroups/testNetAppDotNetSDKRG-9342/providers/Microsoft.NetApp/netAppAccounts/account9334/capacityPools/pool-9309",
          "action": "DELETE"
        }
      }
    },
    {
      "RequestUri": "https://management.azure.com/subscriptions/69a75bda-882e-44d5-8431-63421204132a/resourceGroups/testNetAppDotNetSDKRG-9342/providers/Microsoft.NetApp/netAppAccounts/account9334/snapshotPolicies?api-version=2022-11-01",
      "RequestMethod": "GET",
      "RequestHeaders": {
        "Accept": "application/json",
        "Authorization": "Sanitized",
        "User-Agent": "azsdk-net-ResourceManager.NetApp/1.2.0-alpha.20230619.1 (.NET 7.0.7; Microsoft Windows 10.0.22621)",
        "x-ms-client-request-id": "d3af09e16723ac3bd82f8fb81937cff9",
        "x-ms-return-client-request-id": "true"
      },
      "RequestBody": null,
      "StatusCode": 200,
      "ResponseHeaders": {
        "Cache-Control": "no-cache",
        "Content-Length": "1056",
        "Content-Type": "application/json; charset=utf-8",
        "Date": "Fri, 23 Jun 2023 11:11:03 GMT",
        "Expires": "-1",
        "Pragma": "no-cache",
        "Server": "Microsoft-IIS/10.0",
        "Strict-Transport-Security": "max-age=31536000; includeSubDomains",
        "X-Content-Type-Options": "nosniff",
        "x-ms-correlation-request-id": "91d584a5-b307-43e4-9e2c-4d7e8a4143b5",
        "x-ms-ratelimit-remaining-subscription-reads": "11832",
        "x-ms-request-id": "8690883a-2810-49fa-bb26-f16e59d9d319",
        "x-ms-routing-request-id": "WESTEUROPE:20230623T111103Z:91d584a5-b307-43e4-9e2c-4d7e8a4143b5",
        "X-Powered-By": "ASP.NET"
      },
      "ResponseBody": {
        "value": [
          {
            "id": "/subscriptions/69a75bda-882e-44d5-8431-63421204132a/resourceGroups/testNetAppDotNetSDKRG-9342/providers/Microsoft.NetApp/netAppAccounts/account9334/snapshotPolicies/snapshotPolicy-9918",
            "name": "account9334/snapshotPolicy-9918",
            "type": "Microsoft.NetApp/netAppAccounts/snapshotPolicies",
            "etag": "W/\u0022datetime\u00272023-06-23T11%3A04%3A22.7219344Z\u0027\u0022",
            "location": "westus2",
            "tags": {
              "CreatedOnDate": "2023-06-23T11:04:20.9998722Z"
            },
            "properties": {
              "enabled": true,
              "hourlySchedule": {
                "snapshotsToKeep": 2,
                "minute": 50
              },
              "dailySchedule": {
                "snapshotsToKeep": 4,
                "hour": 14,
                "minute": 30
              },
              "weeklySchedule": {
                "snapshotsToKeep": 3,
                "day": "Wednesday",
                "hour": 14,
                "minute": 45
              },
              "monthlySchedule": {
                "snapshotsToKeep": 5,
                "daysOfMonth": "10,11,12",
                "hour": 14,
                "minute": 15
              },
              "provisioningState": "Succeeded"
            },
            "systemData": {
              "createdBy": "c6c4faba-2b22-44d9-80a4-71ff5b71f811",
              "createdByType": "Application",
              "createdAt": "2023-06-23T11:04:22.5340274Z",
              "lastModifiedBy": "c6c4faba-2b22-44d9-80a4-71ff5b71f811",
              "lastModifiedByType": "Application",
              "lastModifiedAt": "2023-06-23T11:04:22.5340274Z"
            }
          }
        ]
      }
    },
    {
      "RequestUri": "https://management.azure.com/subscriptions/69a75bda-882e-44d5-8431-63421204132a/resourceGroups/testNetAppDotNetSDKRG-9342/providers/Microsoft.NetApp/netAppAccounts/account9334/snapshotPolicies/snapshotPolicy-9918?api-version=2022-11-01",
      "RequestMethod": "DELETE",
      "RequestHeaders": {
        "Authorization": "Sanitized",
        "traceparent": "00-20c96928546facc93622bef38fb851ce-1d583f3607acd2e2-00",
        "User-Agent": "azsdk-net-ResourceManager.NetApp/1.2.0-alpha.20230619.1 (.NET 7.0.7; Microsoft Windows 10.0.22621)",
        "x-ms-client-request-id": "f694f7ab39e38d4e9e5ccecf99ec91e0",
        "x-ms-return-client-request-id": "true"
      },
      "RequestBody": null,
      "StatusCode": 202,
      "ResponseHeaders": {
        "Azure-AsyncOperation": "https://management.azure.com/subscriptions/69a75bda-882e-44d5-8431-63421204132a/providers/Microsoft.NetApp/locations/westus2/operationResults/6d65f706-67e9-4254-8b54-166428749b65?api-version=2022-11-01",
        "Cache-Control": "no-cache",
        "Content-Length": "0",
        "Date": "Fri, 23 Jun 2023 11:11:03 GMT",
        "Expires": "-1",
        "Location": "https://management.azure.com/subscriptions/69a75bda-882e-44d5-8431-63421204132a/providers/Microsoft.NetApp/locations/westus2/operationResults/6d65f706-67e9-4254-8b54-166428749b65?api-version=2022-11-01\u0026operationResultResponseType=Location",
        "Pragma": "no-cache",
        "Server": "Microsoft-IIS/10.0",
        "Strict-Transport-Security": "max-age=31536000; includeSubDomains",
        "X-Content-Type-Options": "nosniff",
        "x-ms-correlation-request-id": "ead643f7-28da-40da-a93c-a2b966434a24",
        "x-ms-ratelimit-remaining-subscription-deletes": "14980",
        "x-ms-request-id": "ead643f7-28da-40da-a93c-a2b966434a24",
        "x-ms-routing-request-id": "WESTEUROPE:20230623T111103Z:ead643f7-28da-40da-a93c-a2b966434a24",
        "X-Powered-By": "ASP.NET"
      },
      "ResponseBody": null
    },
    {
      "RequestUri": "https://management.azure.com/subscriptions/69a75bda-882e-44d5-8431-63421204132a/providers/Microsoft.NetApp/locations/westus2/operationResults/6d65f706-67e9-4254-8b54-166428749b65?api-version=2022-11-01",
      "RequestMethod": "GET",
      "RequestHeaders": {
        "Authorization": "Sanitized",
        "traceparent": "00-20c96928546facc93622bef38fb851ce-ba3412fb8a9e3055-00",
        "User-Agent": "azsdk-net-ResourceManager/1.6.0 (.NET 7.0.7; Microsoft Windows 10.0.22621)",
        "x-ms-client-request-id": "30d234802f36a7efbb2234c7996b12ec",
        "x-ms-return-client-request-id": "true"
      },
      "RequestBody": null,
      "StatusCode": 200,
      "ResponseHeaders": {
        "Cache-Control": "no-cache",
        "Content-Length": "569",
        "Content-Type": "application/json; charset=utf-8",
        "Date": "Fri, 23 Jun 2023 11:11:03 GMT",
        "Expires": "-1",
        "Pragma": "no-cache",
        "Server": "Microsoft-IIS/10.0",
        "Strict-Transport-Security": "max-age=31536000; includeSubDomains",
        "X-Content-Type-Options": "nosniff",
        "x-ms-correlation-request-id": "bca93a4c-6a60-4384-87cb-8eb84596a80e",
        "x-ms-ratelimit-remaining-subscription-reads": "11831",
        "x-ms-request-id": "e15da2a0-d71b-41fd-8354-d9784270e853",
        "x-ms-routing-request-id": "WESTEUROPE:20230623T111104Z:bca93a4c-6a60-4384-87cb-8eb84596a80e",
        "X-Powered-By": "ASP.NET"
      },
      "ResponseBody": {
        "id": "/subscriptions/69a75bda-882e-44d5-8431-63421204132a/providers/Microsoft.NetApp/locations/westus2/operationResults/6d65f706-67e9-4254-8b54-166428749b65",
        "name": "6d65f706-67e9-4254-8b54-166428749b65",
        "status": "Succeeded",
        "startTime": "2023-06-23T11:11:03.6819223Z",
        "endTime": "2023-06-23T11:11:03.6968993Z",
        "percentComplete": 100.0,
        "properties": {
          "resourceName": "/subscriptions/69a75bda-882e-44d5-8431-63421204132a/resourceGroups/testNetAppDotNetSDKRG-9342/providers/Microsoft.NetApp/netAppAccounts/account9334/snapshotPolicies/snapshotPolicy-9918",
          "action": "DELETE"
        }
      }
    },
    {
      "RequestUri": "https://management.azure.com/subscriptions/69a75bda-882e-44d5-8431-63421204132a/resourceGroups/testNetAppDotNetSDKRG-9342/providers/Microsoft.NetApp/netAppAccounts/account9334?api-version=2022-11-01",
      "RequestMethod": "DELETE",
      "RequestHeaders": {
        "Authorization": "Sanitized",
        "traceparent": "00-61313685593f334ba2cef972a89ceb8a-faf1c395f3fa9d16-00",
        "User-Agent": "azsdk-net-ResourceManager.NetApp/1.2.0-alpha.20230619.1 (.NET 7.0.7; Microsoft Windows 10.0.22621)",
        "x-ms-client-request-id": "264dae9e995397c91d8c52bb8ada5b65",
        "x-ms-return-client-request-id": "true"
      },
      "RequestBody": null,
      "StatusCode": 202,
      "ResponseHeaders": {
        "Azure-AsyncOperation": "https://management.azure.com/subscriptions/69a75bda-882e-44d5-8431-63421204132a/providers/Microsoft.NetApp/locations/westus2/operationResults/9b058988-e950-47d8-b1b7-0d67d01614d5?api-version=2022-11-01",
        "Cache-Control": "no-cache",
        "Content-Length": "0",
        "Date": "Fri, 23 Jun 2023 11:11:44 GMT",
        "Expires": "-1",
        "Location": "https://management.azure.com/subscriptions/69a75bda-882e-44d5-8431-63421204132a/providers/Microsoft.NetApp/locations/westus2/operationResults/9b058988-e950-47d8-b1b7-0d67d01614d5?api-version=2022-11-01\u0026operationResultResponseType=Location",
        "Pragma": "no-cache",
        "Server": "Microsoft-IIS/10.0",
        "Strict-Transport-Security": "max-age=31536000; includeSubDomains",
        "X-Content-Type-Options": "nosniff",
        "x-ms-correlation-request-id": "9b96897a-99a6-4303-b133-b45389d135b3",
        "x-ms-ratelimit-remaining-subscription-deletes": "14979",
        "x-ms-request-id": "9b96897a-99a6-4303-b133-b45389d135b3",
        "x-ms-routing-request-id": "WESTEUROPE:20230623T111144Z:9b96897a-99a6-4303-b133-b45389d135b3",
        "X-Powered-By": "ASP.NET"
      },
      "ResponseBody": null
    },
    {
      "RequestUri": "https://management.azure.com/subscriptions/69a75bda-882e-44d5-8431-63421204132a/providers/Microsoft.NetApp/locations/westus2/operationResults/9b058988-e950-47d8-b1b7-0d67d01614d5?api-version=2022-11-01",
      "RequestMethod": "GET",
      "RequestHeaders": {
        "Authorization": "Sanitized",
        "traceparent": "00-61313685593f334ba2cef972a89ceb8a-6c71fb82d0bd0478-00",
        "User-Agent": "azsdk-net-ResourceManager/1.6.0 (.NET 7.0.7; Microsoft Windows 10.0.22621)",
        "x-ms-client-request-id": "82d5c2152eebe6396b3b12aadc341de0",
        "x-ms-return-client-request-id": "true"
      },
      "RequestBody": null,
      "StatusCode": 200,
      "ResponseHeaders": {
        "Cache-Control": "no-cache",
        "Content-Length": "532",
        "Content-Type": "application/json; charset=utf-8",
        "Date": "Fri, 23 Jun 2023 11:11:44 GMT",
        "Expires": "-1",
        "Pragma": "no-cache",
        "Server": "Microsoft-IIS/10.0",
        "Strict-Transport-Security": "max-age=31536000; includeSubDomains",
        "X-Content-Type-Options": "nosniff",
        "x-ms-correlation-request-id": "e0825067-7b4e-4fa0-8c13-3849dd4a80e8",
        "x-ms-ratelimit-remaining-subscription-reads": "11830",
        "x-ms-request-id": "cb4ea268-d77a-4957-b355-1d0301a1544c",
        "x-ms-routing-request-id": "WESTEUROPE:20230623T111144Z:e0825067-7b4e-4fa0-8c13-3849dd4a80e8",
        "X-Powered-By": "ASP.NET"
      },
      "ResponseBody": {
        "id": "/subscriptions/69a75bda-882e-44d5-8431-63421204132a/providers/Microsoft.NetApp/locations/westus2/operationResults/9b058988-e950-47d8-b1b7-0d67d01614d5",
        "name": "9b058988-e950-47d8-b1b7-0d67d01614d5",
        "status": "Succeeded",
        "startTime": "2023-06-23T11:11:44.6029581Z",
        "endTime": "2023-06-23T11:11:44.6415171Z",
        "percentComplete": 100.0,
        "properties": {
          "resourceName": "/subscriptions/69a75bda-882e-44d5-8431-63421204132a/resourceGroups/testNetAppDotNetSDKRG-9342/providers/Microsoft.NetApp/netAppAccounts/account9334",
          "action": "DELETE"
        }
      }
    }
  ],
  "Variables": {
    "AZURE_AUTHORITY_HOST": "https://login.microsoftonline.com",
    "RandomSeed": "1956558477",
    "RESOURCE_MANAGER_URL": null,
    "SUBSCRIPTION_ID": "69a75bda-882e-44d5-8431-63421204132a"
  }
}
