{
  "Entries": [
    {
      "RequestUri": "https://management.azure.com/subscriptions/69a75bda-882e-44d5-8431-63421204132a?api-version=2021-01-01",
      "RequestMethod": "GET",
      "RequestHeaders": {
        "Accept": "application/json",
        "Authorization": "Sanitized",
        "traceparent": "00-1e6133db3aefa215d21c0a3f2e9dfe2f-5188e08ae5295f0e-00",
        "User-Agent": "azsdk-net-ResourceManager/1.0.0 (.NET 6.0.7; Microsoft Windows 10.0.19044)",
        "x-ms-client-request-id": "c2930d253282f6366bbe3aaeafbc9f08",
        "x-ms-return-client-request-id": "true"
      },
      "RequestBody": null,
      "StatusCode": 200,
      "ResponseHeaders": {
        "Cache-Control": "no-cache",
        "Content-Length": "422",
        "Content-Type": "application/json; charset=utf-8",
        "Date": "Thu, 21 Jul 2022 10:47:55 GMT",
        "Expires": "-1",
        "Pragma": "no-cache",
        "Strict-Transport-Security": "max-age=31536000; includeSubDomains",
        "X-Content-Type-Options": "nosniff",
        "x-ms-correlation-request-id": "73ce2093-d9b4-4f90-998b-7048d0381fc0",
        "x-ms-ratelimit-remaining-subscription-reads": "11968",
        "x-ms-request-id": "73ce2093-d9b4-4f90-998b-7048d0381fc0",
        "x-ms-routing-request-id": "FRANCESOUTH:20220721T104755Z:73ce2093-d9b4-4f90-998b-7048d0381fc0"
      },
      "ResponseBody": {
        "id": "/subscriptions/69a75bda-882e-44d5-8431-63421204132a",
        "authorizationSource": "RoleBased",
        "managedByTenants": [],
        "tags": {
          "SkipNRMSNSG": "true"
        },
        "subscriptionId": "69a75bda-882e-44d5-8431-63421204132a",
        "tenantId": "72f988bf-86f1-41af-91ab-2d7cd011db47",
        "displayName": "QATest02-SVL",
        "state": "Enabled",
        "subscriptionPolicies": {
          "locationPlacementId": "Internal_2014-09-01",
          "quotaId": "Internal_2014-09-01",
          "spendingLimit": "Off"
        }
      }
    },
    {
      "RequestUri": "https://management.azure.com/subscriptions/69a75bda-882e-44d5-8431-63421204132a/resourcegroups/testNetAppDotNetSDKRG-4861?api-version=2021-04-01",
      "RequestMethod": "PUT",
      "RequestHeaders": {
        "Accept": "application/json",
        "Authorization": "Sanitized",
        "Content-Length": "63",
        "Content-Type": "application/json",
        "traceparent": "00-ba11818202cf95b8c91de72e2d7b1e96-8fb57f73ea5f7da0-00",
        "User-Agent": "azsdk-net-ResourceManager/1.0.0 (.NET 6.0.7; Microsoft Windows 10.0.19044)",
        "x-ms-client-request-id": "3808edad49ab528fafeb7ad5fa0e454a",
        "x-ms-return-client-request-id": "true"
      },
      "RequestBody": {
        "tags": {
          "test": "env",
          "Owner": "b-aubald"
        },
        "location": "westus2"
      },
      "StatusCode": 201,
      "ResponseHeaders": {
        "Cache-Control": "no-cache",
        "Content-Length": "359",
        "Content-Type": "application/json; charset=utf-8",
        "Date": "Thu, 21 Jul 2022 10:47:57 GMT",
        "Expires": "-1",
        "Pragma": "no-cache",
        "Strict-Transport-Security": "max-age=31536000; includeSubDomains",
        "X-Content-Type-Options": "nosniff",
        "x-ms-correlation-request-id": "181f1cc8-d846-48e6-badb-ca3d6dfaf2a8",
        "x-ms-ratelimit-remaining-subscription-writes": "1198",
        "x-ms-request-id": "181f1cc8-d846-48e6-badb-ca3d6dfaf2a8",
        "x-ms-routing-request-id": "FRANCESOUTH:20220721T104757Z:181f1cc8-d846-48e6-badb-ca3d6dfaf2a8"
      },
      "ResponseBody": {
        "id": "/subscriptions/69a75bda-882e-44d5-8431-63421204132a/resourceGroups/testNetAppDotNetSDKRG-4861",
        "name": "testNetAppDotNetSDKRG-4861",
        "type": "Microsoft.Resources/resourceGroups",
        "location": "westus2",
        "tags": {
          "test": "env",
          "Owner": "b-aubald",
          "CreatedOnDate": "2022-07-21T10:47:56.1132936Z",
          "SkipNRMSNSG": "true"
        },
        "properties": {
          "provisioningState": "Succeeded"
        }
      }
    },
    {
      "RequestUri": "https://management.azure.com/subscriptions/69a75bda-882e-44d5-8431-63421204132a/providers/Microsoft.NetApp/locations/westus2/checkNameAvailability?api-version=2022-03-01",
      "RequestMethod": "POST",
      "RequestHeaders": {
        "Accept": "application/json",
        "Authorization": "Sanitized",
        "Content-Length": "108",
        "Content-Type": "application/json",
        "traceparent": "00-e4b0f8e3c51c76c833fd9cd29f4e7d34-736c2d19e0371623-00",
        "User-Agent": "azsdk-net-ResourceManager.NetApp/1.0.0-alpha.20220721.1 (.NET 6.0.7; Microsoft Windows 10.0.19044)",
        "x-ms-client-request-id": "d3416076f397ab1df2c1e18673f90baa",
        "x-ms-return-client-request-id": "true"
      },
      "RequestBody": {
        "name": "account7474",
        "type": "Microsoft.NetApp/netAppAccounts",
        "resourceGroup": "testNetAppDotNetSDKRG-4861"
      },
      "StatusCode": 200,
      "ResponseHeaders": {
        "Cache-Control": "no-cache",
        "Content-Length": "20",
        "Content-Type": "application/json; charset=utf-8",
        "Date": "Thu, 21 Jul 2022 10:47:57 GMT",
        "Expires": "-1",
        "Pragma": "no-cache",
        "Server": "Microsoft-IIS/10.0",
        "Strict-Transport-Security": "max-age=31536000; includeSubDomains",
        "X-Content-Type-Options": "nosniff",
        "x-ms-correlation-request-id": "a599f994-1f41-4f33-b0c1-b120662fcd0f",
        "x-ms-ratelimit-remaining-subscription-writes": "1199",
        "x-ms-request-id": "add696e5-d320-4e80-a86f-1d16489c6d43",
        "x-ms-routing-request-id": "FRANCESOUTH:20220721T104757Z:a599f994-1f41-4f33-b0c1-b120662fcd0f",
        "X-Powered-By": "ASP.NET"
      },
      "ResponseBody": {
        "isAvailable": true
      }
    },
    {
      "RequestUri": "https://management.azure.com/subscriptions/69a75bda-882e-44d5-8431-63421204132a/resourceGroups/testNetAppDotNetSDKRG-4861/providers/Microsoft.NetApp/netAppAccounts/account7474?api-version=2022-03-01",
      "RequestMethod": "PUT",
      "RequestHeaders": {
        "Accept": "application/json",
        "Authorization": "Sanitized",
        "Content-Length": "79",
        "Content-Type": "application/json",
        "traceparent": "00-17b17a59d24fb8a794afc550b7bcdb7a-a3a3b851792b8440-00",
        "User-Agent": "azsdk-net-ResourceManager.NetApp/1.0.0-alpha.20220721.1 (.NET 6.0.7; Microsoft Windows 10.0.19044)",
        "x-ms-client-request-id": "31f494ae7af104c36fd246bc2170b0f5",
        "x-ms-return-client-request-id": "true"
      },
      "RequestBody": {
        "tags": {
          "key1": "value1",
          "key2": "value2"
        },
        "location": "westus2",
        "properties": {}
      },
      "StatusCode": 201,
      "ResponseHeaders": {
        "Azure-AsyncOperation": "https://management.azure.com/subscriptions/69a75bda-882e-44d5-8431-63421204132a/providers/Microsoft.NetApp/locations/westus2/operationResults/42cc2ab7-183f-44f3-9995-84a8f80aa3fa?api-version=2022-03-01",
        "Cache-Control": "no-cache",
        "Content-Length": "1113",
        "Content-Type": "application/json; charset=utf-8",
        "Date": "Thu, 21 Jul 2022 10:48:02 GMT",
        "ETag": "W/\u0022datetime\u00272022-07-21T10%3A48%3A01.3365108Z\u0027\u0022",
        "Expires": "-1",
        "Pragma": "no-cache",
        "Server": "Microsoft-IIS/10.0",
        "Strict-Transport-Security": "max-age=31536000; includeSubDomains",
        "X-Content-Type-Options": "nosniff",
        "x-ms-correlation-request-id": "46089914-da81-449f-a911-82e942bb2300",
        "x-ms-ratelimit-remaining-subscription-writes": "1197",
        "x-ms-request-id": "638d7d80-c053-478c-a08b-ea186788b9ae",
        "x-ms-routing-request-id": "FRANCESOUTH:20220721T104803Z:46089914-da81-449f-a911-82e942bb2300",
        "X-Powered-By": "ASP.NET"
      },
      "ResponseBody": {
        "id": "/subscriptions/69a75bda-882e-44d5-8431-63421204132a/resourceGroups/testNetAppDotNetSDKRG-4861/providers/Microsoft.NetApp/netAppAccounts/account7474",
        "name": "account7474",
        "type": "Microsoft.NetApp/netAppAccounts",
        "etag": "W/\u0022datetime\u00272022-07-21T10%3A48%3A01.3365108Z\u0027\u0022",
        "location": "westus2",
        "tags": {
          "key1": "value1",
          "key2": "value2",
          "CreatedOnDate": "2022-07-21T10:47:58.0648111Z"
        },
        "properties": {
          "activeDirectories": [
            {
              "activeDirectoryId": "503d38f9-f17c-f92d-ef26-b0d46374534b",
              "username": "sdkuser",
              "password": "****************",
              "domain": "sdkdomain",
              "dns": "192.0.2.2",
              "status": "Created",
              "smbServerName": "SDKSMBSeNa",
              "organizationalUnit": "CN=Computers",
              "aesEncryption": false,
              "ldapSigning": false,
              "ldapOverTLS": false,
              "allowLocalNFSUsersWithLdap": false,
              "encryptDCConnections": false,
              "ldapSearchScope": {}
            }
          ],
          "provisioningState": "Creating"
        },
        "systemData": {
          "createdBy": "c6c4faba-2b22-44d9-80a4-71ff5b71f811",
          "createdByType": "Application",
          "createdAt": "2022-07-21T10:48:01.1678652Z",
          "lastModifiedBy": "c6c4faba-2b22-44d9-80a4-71ff5b71f811",
          "lastModifiedByType": "Application",
          "lastModifiedAt": "2022-07-21T10:48:01.1678652Z"
        }
      }
    },
    {
      "RequestUri": "https://management.azure.com/subscriptions/69a75bda-882e-44d5-8431-63421204132a/providers/Microsoft.NetApp/locations/westus2/operationResults/42cc2ab7-183f-44f3-9995-84a8f80aa3fa?api-version=2022-03-01",
      "RequestMethod": "GET",
      "RequestHeaders": {
        "Authorization": "Sanitized",
        "traceparent": "00-17b17a59d24fb8a794afc550b7bcdb7a-d33e5e3a394ef8fe-00",
        "User-Agent": "azsdk-net-ResourceManager/1.0.0 (.NET 6.0.7; Microsoft Windows 10.0.19044)",
        "x-ms-client-request-id": "794b2b6f1850fc169c3d63c4ac618a81",
        "x-ms-return-client-request-id": "true"
      },
      "RequestBody": null,
      "StatusCode": 200,
      "ResponseHeaders": {
        "Cache-Control": "no-cache",
        "Content-Length": "514",
        "Content-Type": "application/json; charset=utf-8",
        "Date": "Thu, 21 Jul 2022 10:48:03 GMT",
        "Expires": "-1",
        "Pragma": "no-cache",
        "Server": "Microsoft-IIS/10.0",
        "Strict-Transport-Security": "max-age=31536000; includeSubDomains",
        "X-Content-Type-Options": "nosniff",
        "x-ms-correlation-request-id": "a9423474-6e1f-4542-86d0-e423d62f10ff",
        "x-ms-ratelimit-remaining-subscription-reads": "11967",
        "x-ms-request-id": "f3215581-31df-475a-944a-9b4b8bd538b2",
        "x-ms-routing-request-id": "FRANCESOUTH:20220721T104803Z:a9423474-6e1f-4542-86d0-e423d62f10ff",
        "X-Powered-By": "ASP.NET"
      },
      "ResponseBody": {
        "id": "/subscriptions/69a75bda-882e-44d5-8431-63421204132a/providers/Microsoft.NetApp/locations/westus2/operationResults/42cc2ab7-183f-44f3-9995-84a8f80aa3fa",
        "name": "42cc2ab7-183f-44f3-9995-84a8f80aa3fa",
        "status": "Succeeded",
        "startTime": "2022-07-21T10:48:01.3304675Z",
        "endTime": "2022-07-21T10:48:01.3773438Z",
        "percentComplete": 100.0,
        "properties": {
          "resourceName": "/subscriptions/69a75bda-882e-44d5-8431-63421204132a/resourceGroups/testNetAppDotNetSDKRG-4861/providers/Microsoft.NetApp/netAppAccounts/account7474"
        }
      }
    },
    {
      "RequestUri": "https://management.azure.com/subscriptions/69a75bda-882e-44d5-8431-63421204132a/resourceGroups/testNetAppDotNetSDKRG-4861/providers/Microsoft.NetApp/netAppAccounts/account7474?api-version=2022-03-01",
      "RequestMethod": "GET",
      "RequestHeaders": {
        "Authorization": "Sanitized",
        "traceparent": "00-17b17a59d24fb8a794afc550b7bcdb7a-595d03ac9eaa424c-00",
        "User-Agent": "azsdk-net-ResourceManager/1.0.0 (.NET 6.0.7; Microsoft Windows 10.0.19044)",
        "x-ms-client-request-id": "cb22eb10cbb3fbe37efa4664c03a56a3",
        "x-ms-return-client-request-id": "true"
      },
      "RequestBody": null,
      "StatusCode": 200,
      "ResponseHeaders": {
        "Cache-Control": "no-cache",
        "Content-Length": "1160",
        "Content-Type": "application/json; charset=utf-8",
        "Date": "Thu, 21 Jul 2022 10:48:03 GMT",
        "ETag": "W/\u0022datetime\u00272022-07-21T10%3A48%3A01.3812744Z\u0027\u0022",
        "Expires": "-1",
        "Pragma": "no-cache",
        "Server": "Microsoft-IIS/10.0",
        "Strict-Transport-Security": "max-age=31536000; includeSubDomains",
        "X-Content-Type-Options": "nosniff",
        "x-ms-correlation-request-id": "4beacf8d-7603-4c5f-9103-fa6f9a6f37cf",
        "x-ms-ratelimit-remaining-subscription-reads": "11966",
        "x-ms-request-id": "23193527-02fa-44d1-b4b8-793d2cc1b3d6",
        "x-ms-routing-request-id": "FRANCESOUTH:20220721T104804Z:4beacf8d-7603-4c5f-9103-fa6f9a6f37cf",
        "X-Powered-By": "ASP.NET"
      },
      "ResponseBody": {
        "id": "/subscriptions/69a75bda-882e-44d5-8431-63421204132a/resourceGroups/testNetAppDotNetSDKRG-4861/providers/Microsoft.NetApp/netAppAccounts/account7474",
        "name": "account7474",
        "type": "Microsoft.NetApp/netAppAccounts",
        "etag": "W/\u0022datetime\u00272022-07-21T10%3A48%3A01.3812744Z\u0027\u0022",
        "location": "westus2",
        "tags": {
          "key1": "value1",
          "key2": "value2",
          "CreatedOnDate": "2022-07-21T10:47:58.0648111Z"
        },
        "properties": {
          "activeDirectories": [
            {
              "activeDirectoryId": "503d38f9-f17c-f92d-ef26-b0d46374534b",
              "username": "sdkuser",
              "password": "****************",
              "domain": "sdkdomain",
              "dns": "192.0.2.2",
              "status": "Created",
              "smbServerName": "SDKSMBSeNa",
              "organizationalUnit": "CN=Computers",
              "aesEncryption": false,
              "ldapSigning": false,
              "ldapOverTLS": false,
              "allowLocalNFSUsersWithLdap": false,
              "encryptDCConnections": false,
              "ldapSearchScope": {}
            }
          ],
          "encryption": {
            "keySource": "Microsoft.NetApp"
          },
          "provisioningState": "Succeeded"
        },
        "systemData": {
          "createdBy": "c6c4faba-2b22-44d9-80a4-71ff5b71f811",
          "createdByType": "Application",
          "createdAt": "2022-07-21T10:48:01.1678652Z",
          "lastModifiedBy": "c6c4faba-2b22-44d9-80a4-71ff5b71f811",
          "lastModifiedByType": "Application",
          "lastModifiedAt": "2022-07-21T10:48:01.1678652Z"
        }
      }
    },
    {
      "RequestUri": "https://management.azure.com/subscriptions/69a75bda-882e-44d5-8431-63421204132a/resourceGroups/testNetAppDotNetSDKRG-4861/providers/Microsoft.NetApp/netAppAccounts/account7474/snapshotPolicies/snapshotPolicy-8582?api-version=2022-03-01",
      "RequestMethod": "PUT",
      "RequestHeaders": {
        "Accept": "application/json",
        "Authorization": "Sanitized",
        "Content-Length": "339",
        "Content-Type": "application/json",
        "traceparent": "00-5dc517f488e7202526090de97b8c514d-fb1c9dcf03ef8e80-00",
        "User-Agent": "azsdk-net-ResourceManager.NetApp/1.0.0-alpha.20220721.1 (.NET 6.0.7; Microsoft Windows 10.0.19044)",
        "x-ms-client-request-id": "3624f64c4ba44991a2894e514d8a0137",
        "x-ms-return-client-request-id": "true"
      },
      "RequestBody": {
        "tags": {},
        "location": "westus2",
        "properties": {
          "hourlySchedule": {
            "snapshotsToKeep": 2,
            "minute": 50
          },
          "dailySchedule": {
            "snapshotsToKeep": 4,
            "hour": 14,
            "minute": 30
          },
          "weeklySchedule": {
            "snapshotsToKeep": 3,
            "day": "Wednesday",
            "hour": 14,
            "minute": 45
          },
          "monthlySchedule": {
            "snapshotsToKeep": 5,
            "daysOfMonth": "10,11,12",
            "hour": 14,
            "minute": 15
          },
          "enabled": true
        }
      },
      "StatusCode": 201,
      "ResponseHeaders": {
        "Azure-AsyncOperation": "https://management.azure.com/subscriptions/69a75bda-882e-44d5-8431-63421204132a/providers/Microsoft.NetApp/locations/westus2/operationResults/1d9a34e2-cbdd-4b41-b0d3-14e773685b4c?api-version=2022-03-01",
        "Cache-Control": "no-cache",
        "Content-Length": "1043",
        "Content-Type": "application/json; charset=utf-8",
        "Date": "Thu, 21 Jul 2022 10:48:06 GMT",
        "ETag": "W/\u0022datetime\u00272022-07-21T10%3A48%3A05.8109302Z\u0027\u0022",
        "Expires": "-1",
        "Pragma": "no-cache",
        "Server": "Microsoft-IIS/10.0",
        "Strict-Transport-Security": "max-age=31536000; includeSubDomains",
        "X-Content-Type-Options": "nosniff",
        "x-ms-correlation-request-id": "f8ac0967-5ef6-4798-be95-f4bc93e3cc80",
        "x-ms-ratelimit-remaining-subscription-writes": "1196",
        "x-ms-request-id": "38f68fce-a9dc-4d67-820e-b7db55f5bc99",
        "x-ms-routing-request-id": "FRANCESOUTH:20220721T104806Z:f8ac0967-5ef6-4798-be95-f4bc93e3cc80",
        "X-Powered-By": "ASP.NET"
      },
      "ResponseBody": {
        "id": "/subscriptions/69a75bda-882e-44d5-8431-63421204132a/resourceGroups/testNetAppDotNetSDKRG-4861/providers/Microsoft.NetApp/netAppAccounts/account7474/snapshotPolicies/snapshotPolicy-8582",
        "name": "account7474/snapshotPolicy-8582",
        "type": "Microsoft.NetApp/netAppAccounts/snapshotPolicies",
        "etag": "W/\u0022datetime\u00272022-07-21T10%3A48%3A05.8109302Z\u0027\u0022",
        "location": "westus2",
        "tags": {
          "CreatedOnDate": "2022-07-21T10:48:04.2229230Z"
        },
        "properties": {
          "enabled": true,
          "hourlySchedule": {
            "snapshotsToKeep": 2,
            "minute": 50
          },
          "dailySchedule": {
            "snapshotsToKeep": 4,
            "hour": 14,
            "minute": 30
          },
          "weeklySchedule": {
            "snapshotsToKeep": 3,
            "day": "Wednesday",
            "hour": 14,
            "minute": 45
          },
          "monthlySchedule": {
            "snapshotsToKeep": 5,
            "daysOfMonth": "10,11,12",
            "hour": 14,
            "minute": 15
          },
          "provisioningState": "Creating"
        },
        "systemData": {
          "createdBy": "c6c4faba-2b22-44d9-80a4-71ff5b71f811",
          "createdByType": "Application",
          "createdAt": "2022-07-21T10:48:05.6387233Z",
          "lastModifiedBy": "c6c4faba-2b22-44d9-80a4-71ff5b71f811",
          "lastModifiedByType": "Application",
          "lastModifiedAt": "2022-07-21T10:48:05.6387233Z"
        }
      }
    },
    {
      "RequestUri": "https://management.azure.com/subscriptions/69a75bda-882e-44d5-8431-63421204132a/resourceGroups/testNetAppDotNetSDKRG-4861/providers/Microsoft.NetApp/netAppAccounts/account7474/snapshotPolicies/snapshotPolicy-4279?api-version=2022-03-01",
      "RequestMethod": "PUT",
      "RequestHeaders": {
        "Accept": "application/json",
        "Authorization": "Sanitized",
        "Content-Length": "339",
        "Content-Type": "application/json",
        "traceparent": "00-3354844f3f503f75090893b02fd8458c-019990486fadd343-00",
        "User-Agent": "azsdk-net-ResourceManager.NetApp/1.0.0-alpha.20220721.1 (.NET 6.0.7; Microsoft Windows 10.0.19044)",
        "x-ms-client-request-id": "70aac277a33f4f47fb55d2b13b61e6c0",
        "x-ms-return-client-request-id": "true"
      },
      "RequestBody": {
        "tags": {},
        "location": "westus2",
        "properties": {
          "hourlySchedule": {
            "snapshotsToKeep": 2,
            "minute": 50
          },
          "dailySchedule": {
            "snapshotsToKeep": 4,
            "hour": 14,
            "minute": 30
          },
          "weeklySchedule": {
            "snapshotsToKeep": 3,
            "day": "Wednesday",
            "hour": 14,
            "minute": 45
          },
          "monthlySchedule": {
            "snapshotsToKeep": 5,
            "daysOfMonth": "10,11,12",
            "hour": 14,
            "minute": 15
          },
          "enabled": true
        }
      },
      "StatusCode": 201,
      "ResponseHeaders": {
        "Azure-AsyncOperation": "https://management.azure.com/subscriptions/69a75bda-882e-44d5-8431-63421204132a/providers/Microsoft.NetApp/locations/westus2/operationResults/fbcd0439-b20d-4228-bcde-2ed9a975ffe5?api-version=2022-03-01",
        "Cache-Control": "no-cache",
        "Content-Length": "1043",
        "Content-Type": "application/json; charset=utf-8",
        "Date": "Thu, 21 Jul 2022 10:48:09 GMT",
        "ETag": "W/\u0022datetime\u00272022-07-21T10%3A48%3A08.6602867Z\u0027\u0022",
        "Expires": "-1",
        "Pragma": "no-cache",
        "Server": "Microsoft-IIS/10.0",
        "Strict-Transport-Security": "max-age=31536000; includeSubDomains",
        "X-Content-Type-Options": "nosniff",
        "x-ms-correlation-request-id": "84f13c74-ea01-4f43-adf4-bbd2469c6961",
        "x-ms-ratelimit-remaining-subscription-writes": "1195",
        "x-ms-request-id": "2de09e37-ba04-4c3b-a54a-2d0144caded9",
        "x-ms-routing-request-id": "FRANCESOUTH:20220721T104809Z:84f13c74-ea01-4f43-adf4-bbd2469c6961",
        "X-Powered-By": "ASP.NET"
      },
      "ResponseBody": {
        "id": "/subscriptions/69a75bda-882e-44d5-8431-63421204132a/resourceGroups/testNetAppDotNetSDKRG-4861/providers/Microsoft.NetApp/netAppAccounts/account7474/snapshotPolicies/snapshotPolicy-4279",
        "name": "account7474/snapshotPolicy-4279",
        "type": "Microsoft.NetApp/netAppAccounts/snapshotPolicies",
        "etag": "W/\u0022datetime\u00272022-07-21T10%3A48%3A08.6602867Z\u0027\u0022",
        "location": "westus2",
        "tags": {
          "CreatedOnDate": "2022-07-21T10:48:06.8734689Z"
        },
        "properties": {
          "enabled": true,
          "hourlySchedule": {
            "snapshotsToKeep": 2,
            "minute": 50
          },
          "dailySchedule": {
            "snapshotsToKeep": 4,
            "hour": 14,
            "minute": 30
          },
          "weeklySchedule": {
            "snapshotsToKeep": 3,
            "day": "Wednesday",
            "hour": 14,
            "minute": 45
          },
          "monthlySchedule": {
            "snapshotsToKeep": 5,
            "daysOfMonth": "10,11,12",
            "hour": 14,
            "minute": 15
          },
          "provisioningState": "Creating"
        },
        "systemData": {
          "createdBy": "c6c4faba-2b22-44d9-80a4-71ff5b71f811",
          "createdByType": "Application",
          "createdAt": "2022-07-21T10:48:08.4542922Z",
          "lastModifiedBy": "c6c4faba-2b22-44d9-80a4-71ff5b71f811",
          "lastModifiedByType": "Application",
          "lastModifiedAt": "2022-07-21T10:48:08.4542922Z"
        }
      }
    },
    {
      "RequestUri": "https://management.azure.com/subscriptions/69a75bda-882e-44d5-8431-63421204132a/resourceGroups/testNetAppDotNetSDKRG-4861/providers/Microsoft.NetApp/netAppAccounts/account7474/snapshotPolicies/snapshotPolicy-8582?api-version=2022-03-01",
      "RequestMethod": "GET",
      "RequestHeaders": {
        "Accept": "application/json",
        "Authorization": "Sanitized",
        "traceparent": "00-aa9c2a3df6f5fc89f867acb1889cd6dd-2c432fd89ad4e3b9-00",
        "User-Agent": "azsdk-net-ResourceManager.NetApp/1.0.0-alpha.20220721.1 (.NET 6.0.7; Microsoft Windows 10.0.19044)",
        "x-ms-client-request-id": "9414582fda5dd6473a692959ac2dadbc",
        "x-ms-return-client-request-id": "true"
      },
      "RequestBody": null,
      "StatusCode": 200,
      "ResponseHeaders": {
        "Cache-Control": "no-cache",
        "Content-Length": "1044",
        "Content-Type": "application/json; charset=utf-8",
        "Date": "Thu, 21 Jul 2022 10:48:09 GMT",
        "ETag": "W/\u0022datetime\u00272022-07-21T10%3A48%3A05.8807149Z\u0027\u0022",
        "Expires": "-1",
        "Pragma": "no-cache",
        "Server": "Microsoft-IIS/10.0",
        "Strict-Transport-Security": "max-age=31536000; includeSubDomains",
        "X-Content-Type-Options": "nosniff",
        "x-ms-correlation-request-id": "9c0d9aa0-d110-4e1b-b997-c2e176b82145",
        "x-ms-ratelimit-remaining-subscription-reads": "11965",
        "x-ms-request-id": "49d76fcb-6b9b-4680-892f-3c9c2f78d629",
        "x-ms-routing-request-id": "FRANCESOUTH:20220721T104810Z:9c0d9aa0-d110-4e1b-b997-c2e176b82145",
        "X-Powered-By": "ASP.NET"
      },
      "ResponseBody": {
        "id": "/subscriptions/69a75bda-882e-44d5-8431-63421204132a/resourceGroups/testNetAppDotNetSDKRG-4861/providers/Microsoft.NetApp/netAppAccounts/account7474/snapshotPolicies/snapshotPolicy-8582",
        "name": "account7474/snapshotPolicy-8582",
        "type": "Microsoft.NetApp/netAppAccounts/snapshotPolicies",
        "etag": "W/\u0022datetime\u00272022-07-21T10%3A48%3A05.8807149Z\u0027\u0022",
        "location": "westus2",
        "tags": {
          "CreatedOnDate": "2022-07-21T10:48:04.2229230Z"
        },
        "properties": {
          "enabled": true,
          "hourlySchedule": {
            "snapshotsToKeep": 2,
            "minute": 50
          },
          "dailySchedule": {
            "snapshotsToKeep": 4,
            "hour": 14,
            "minute": 30
          },
          "weeklySchedule": {
            "snapshotsToKeep": 3,
            "day": "Wednesday",
            "hour": 14,
            "minute": 45
          },
          "monthlySchedule": {
            "snapshotsToKeep": 5,
            "daysOfMonth": "10,11,12",
            "hour": 14,
            "minute": 15
          },
          "provisioningState": "Succeeded"
        },
        "systemData": {
          "createdBy": "c6c4faba-2b22-44d9-80a4-71ff5b71f811",
          "createdByType": "Application",
          "createdAt": "2022-07-21T10:48:05.6387233Z",
          "lastModifiedBy": "c6c4faba-2b22-44d9-80a4-71ff5b71f811",
          "lastModifiedByType": "Application",
          "lastModifiedAt": "2022-07-21T10:48:05.6387233Z"
        }
      }
    },
    {
      "RequestUri": "https://management.azure.com/subscriptions/69a75bda-882e-44d5-8431-63421204132a/resourceGroups/testNetAppDotNetSDKRG-4861/providers/Microsoft.NetApp/netAppAccounts/account7474/snapshotPolicies/snapshotPolicy-4279?api-version=2022-03-01",
      "RequestMethod": "GET",
      "RequestHeaders": {
        "Accept": "application/json",
        "Authorization": "Sanitized",
        "traceparent": "00-be687ea83753e4a9e1d1fb095f2ef6e8-e3ac9d376041e2fc-00",
        "User-Agent": "azsdk-net-ResourceManager.NetApp/1.0.0-alpha.20220721.1 (.NET 6.0.7; Microsoft Windows 10.0.19044)",
        "x-ms-client-request-id": "94c3896325f9a915aed43a4e79e00e41",
        "x-ms-return-client-request-id": "true"
      },
      "RequestBody": null,
      "StatusCode": 200,
      "ResponseHeaders": {
        "Cache-Control": "no-cache",
        "Content-Length": "1044",
        "Content-Type": "application/json; charset=utf-8",
        "Date": "Thu, 21 Jul 2022 10:48:09 GMT",
        "ETag": "W/\u0022datetime\u00272022-07-21T10%3A48%3A08.6951139Z\u0027\u0022",
        "Expires": "-1",
        "Pragma": "no-cache",
        "Server": "Microsoft-IIS/10.0",
        "Strict-Transport-Security": "max-age=31536000; includeSubDomains",
        "X-Content-Type-Options": "nosniff",
        "x-ms-correlation-request-id": "7785638a-7bba-424b-90e0-5c9bac67f579",
        "x-ms-ratelimit-remaining-subscription-reads": "11964",
        "x-ms-request-id": "dfc55cfd-80dc-46af-ac9f-73637a73f96b",
        "x-ms-routing-request-id": "FRANCESOUTH:20220721T104810Z:7785638a-7bba-424b-90e0-5c9bac67f579",
        "X-Powered-By": "ASP.NET"
      },
      "ResponseBody": {
        "id": "/subscriptions/69a75bda-882e-44d5-8431-63421204132a/resourceGroups/testNetAppDotNetSDKRG-4861/providers/Microsoft.NetApp/netAppAccounts/account7474/snapshotPolicies/snapshotPolicy-4279",
        "name": "account7474/snapshotPolicy-4279",
        "type": "Microsoft.NetApp/netAppAccounts/snapshotPolicies",
        "etag": "W/\u0022datetime\u00272022-07-21T10%3A48%3A08.6951139Z\u0027\u0022",
        "location": "westus2",
        "tags": {
          "CreatedOnDate": "2022-07-21T10:48:06.8734689Z"
        },
        "properties": {
          "enabled": true,
          "hourlySchedule": {
            "snapshotsToKeep": 2,
            "minute": 50
          },
          "dailySchedule": {
            "snapshotsToKeep": 4,
            "hour": 14,
            "minute": 30
          },
          "weeklySchedule": {
            "snapshotsToKeep": 3,
            "day": "Wednesday",
            "hour": 14,
            "minute": 45
          },
          "monthlySchedule": {
            "snapshotsToKeep": 5,
            "daysOfMonth": "10,11,12",
            "hour": 14,
            "minute": 15
          },
          "provisioningState": "Succeeded"
        },
        "systemData": {
          "createdBy": "c6c4faba-2b22-44d9-80a4-71ff5b71f811",
          "createdByType": "Application",
          "createdAt": "2022-07-21T10:48:08.4542922Z",
          "lastModifiedBy": "c6c4faba-2b22-44d9-80a4-71ff5b71f811",
          "lastModifiedByType": "Application",
          "lastModifiedAt": "2022-07-21T10:48:08.4542922Z"
        }
      }
    },
    {
      "RequestUri": "https://management.azure.com/subscriptions/69a75bda-882e-44d5-8431-63421204132a/resourceGroups/testNetAppDotNetSDKRG-4861/providers/Microsoft.NetApp/netAppAccounts/account7474/snapshotPolicies?api-version=2022-03-01",
      "RequestMethod": "GET",
      "RequestHeaders": {
        "Accept": "application/json",
        "Authorization": "Sanitized",
        "traceparent": "00-742e63a5a740bef078c32f4be2e396dd-34fbf86feb9f7ed5-00",
        "User-Agent": "azsdk-net-ResourceManager.NetApp/1.0.0-alpha.20220721.1 (.NET 6.0.7; Microsoft Windows 10.0.19044)",
        "x-ms-client-request-id": "f5228ea36d759dda7bd336d57aeea2ce",
        "x-ms-return-client-request-id": "true"
      },
      "RequestBody": null,
      "StatusCode": 200,
      "ResponseHeaders": {
        "Cache-Control": "no-cache",
        "Content-Length": "2101",
        "Content-Type": "application/json; charset=utf-8",
        "Date": "Thu, 21 Jul 2022 10:48:10 GMT",
        "Expires": "-1",
        "Pragma": "no-cache",
        "Server": "Microsoft-IIS/10.0",
        "Strict-Transport-Security": "max-age=31536000; includeSubDomains",
        "X-Content-Type-Options": "nosniff",
        "x-ms-correlation-request-id": "6000b84a-1147-4d6f-8583-406ba59a7b76",
        "x-ms-ratelimit-remaining-subscription-reads": "11963",
        "x-ms-request-id": "a3ad62c8-32f7-4efe-a1e6-cf3d4360b159",
        "x-ms-routing-request-id": "FRANCESOUTH:20220721T104811Z:6000b84a-1147-4d6f-8583-406ba59a7b76",
        "X-Powered-By": "ASP.NET"
      },
      "ResponseBody": {
        "value": [
          {
            "id": "/subscriptions/69a75bda-882e-44d5-8431-63421204132a/resourceGroups/testNetAppDotNetSDKRG-4861/providers/Microsoft.NetApp/netAppAccounts/account7474/snapshotPolicies/snapshotPolicy-4279",
            "name": "account7474/snapshotPolicy-4279",
            "type": "Microsoft.NetApp/netAppAccounts/snapshotPolicies",
            "etag": "W/\u0022datetime\u00272022-07-21T10%3A48%3A08.6951139Z\u0027\u0022",
            "location": "westus2",
            "tags": {
              "CreatedOnDate": "2022-07-21T10:48:06.8734689Z"
            },
            "properties": {
              "enabled": true,
              "hourlySchedule": {
                "snapshotsToKeep": 2,
                "minute": 50
              },
              "dailySchedule": {
                "snapshotsToKeep": 4,
                "hour": 14,
                "minute": 30
              },
              "weeklySchedule": {
                "snapshotsToKeep": 3,
                "day": "Wednesday",
                "hour": 14,
                "minute": 45
              },
              "monthlySchedule": {
                "snapshotsToKeep": 5,
                "daysOfMonth": "10,11,12",
                "hour": 14,
                "minute": 15
              },
              "provisioningState": "Succeeded"
            },
            "systemData": {
              "createdBy": "c6c4faba-2b22-44d9-80a4-71ff5b71f811",
              "createdByType": "Application",
              "createdAt": "2022-07-21T10:48:08.4542922Z",
              "lastModifiedBy": "c6c4faba-2b22-44d9-80a4-71ff5b71f811",
              "lastModifiedByType": "Application",
              "lastModifiedAt": "2022-07-21T10:48:08.4542922Z"
            }
          },
          {
            "id": "/subscriptions/69a75bda-882e-44d5-8431-63421204132a/resourceGroups/testNetAppDotNetSDKRG-4861/providers/Microsoft.NetApp/netAppAccounts/account7474/snapshotPolicies/snapshotPolicy-8582",
            "name": "account7474/snapshotPolicy-8582",
            "type": "Microsoft.NetApp/netAppAccounts/snapshotPolicies",
            "etag": "W/\u0022datetime\u00272022-07-21T10%3A48%3A05.8807149Z\u0027\u0022",
            "location": "westus2",
            "tags": {
              "CreatedOnDate": "2022-07-21T10:48:04.2229230Z"
            },
            "properties": {
              "enabled": true,
              "hourlySchedule": {
                "snapshotsToKeep": 2,
                "minute": 50
              },
              "dailySchedule": {
                "snapshotsToKeep": 4,
                "hour": 14,
                "minute": 30
              },
              "weeklySchedule": {
                "snapshotsToKeep": 3,
                "day": "Wednesday",
                "hour": 14,
                "minute": 45
              },
              "monthlySchedule": {
                "snapshotsToKeep": 5,
                "daysOfMonth": "10,11,12",
                "hour": 14,
                "minute": 15
              },
              "provisioningState": "Succeeded"
            },
            "systemData": {
              "createdBy": "c6c4faba-2b22-44d9-80a4-71ff5b71f811",
              "createdByType": "Application",
              "createdAt": "2022-07-21T10:48:05.6387233Z",
              "lastModifiedBy": "c6c4faba-2b22-44d9-80a4-71ff5b71f811",
              "lastModifiedByType": "Application",
              "lastModifiedAt": "2022-07-21T10:48:05.6387233Z"
            }
          }
        ]
      }
    },
    {
      "RequestUri": "https://management.azure.com/subscriptions/69a75bda-882e-44d5-8431-63421204132a/resourceGroups/testNetAppDotNetSDKRG-4861/providers/Microsoft.NetApp/netAppAccounts/account7474/snapshotPolicies/snapshotPolicy-85821?api-version=2022-03-01",
      "RequestMethod": "GET",
      "RequestHeaders": {
        "Accept": "application/json",
        "Authorization": "Sanitized",
        "traceparent": "00-87ff4dc05846119360af0c48fce95d63-a36c22cf0a321848-00",
        "User-Agent": "azsdk-net-ResourceManager.NetApp/1.0.0-alpha.20220721.1 (.NET 6.0.7; Microsoft Windows 10.0.19044)",
        "x-ms-client-request-id": "b14e16a8519e09c6426be6889ff85d5a",
        "x-ms-return-client-request-id": "true"
      },
      "RequestBody": null,
      "StatusCode": 404,
      "ResponseHeaders": {
        "Cache-Control": "no-cache",
        "Content-Length": "279",
        "Content-Type": "application/json; charset=utf-8",
        "Date": "Thu, 21 Jul 2022 10:48:10 GMT",
        "Expires": "-1",
        "Pragma": "no-cache",
        "Strict-Transport-Security": "max-age=31536000; includeSubDomains",
        "X-Content-Type-Options": "nosniff",
        "x-ms-correlation-request-id": "eb568bbb-431f-42fd-b3a0-1af2608457f7",
        "x-ms-failure-cause": "gateway",
        "x-ms-request-id": "eb568bbb-431f-42fd-b3a0-1af2608457f7",
        "x-ms-routing-request-id": "FRANCESOUTH:20220721T104811Z:eb568bbb-431f-42fd-b3a0-1af2608457f7"
      },
      "ResponseBody": {
        "error": {
          "code": "ResourceNotFound",
          "message": "The Resource \u0027Microsoft.NetApp/netAppAccounts/account7474/snapshotPolicies/snapshotPolicy-85821\u0027 under resource group \u0027testNetAppDotNetSDKRG-4861\u0027 was not found. For more details please go to https://aka.ms/ARMResourceNotFoundFix"
        }
      }
    },
    {
      "RequestUri": "https://management.azure.com/subscriptions/69a75bda-882e-44d5-8431-63421204132a/resourceGroups/testNetAppDotNetSDKRG-4861/providers/Microsoft.NetApp/netAppAccounts/account7474/snapshotPolicies/snapshotPolicy-8582?api-version=2022-03-01",
      "RequestMethod": "GET",
      "RequestHeaders": {
        "Accept": "application/json",
        "Authorization": "Sanitized",
        "traceparent": "00-2c907626cbd4b8630a27b0fe726ed1ae-f920e7b024630627-00",
        "User-Agent": "azsdk-net-ResourceManager.NetApp/1.0.0-alpha.20220721.1 (.NET 6.0.7; Microsoft Windows 10.0.19044)",
        "x-ms-client-request-id": "1eb5e85ab70af546af261926ee3f2ebf",
        "x-ms-return-client-request-id": "true"
      },
      "RequestBody": null,
      "StatusCode": 200,
      "ResponseHeaders": {
        "Cache-Control": "no-cache",
        "Content-Length": "1044",
        "Content-Type": "application/json; charset=utf-8",
        "Date": "Thu, 21 Jul 2022 10:48:10 GMT",
        "ETag": "W/\u0022datetime\u00272022-07-21T10%3A48%3A05.8807149Z\u0027\u0022",
        "Expires": "-1",
        "Pragma": "no-cache",
        "Server": "Microsoft-IIS/10.0",
        "Strict-Transport-Security": "max-age=31536000; includeSubDomains",
        "X-Content-Type-Options": "nosniff",
        "x-ms-correlation-request-id": "c4f5a5de-f68c-49c0-ab25-ca27428135ae",
        "x-ms-ratelimit-remaining-subscription-reads": "11961",
        "x-ms-request-id": "610713c5-78b2-4f12-b303-aed6c97f42f6",
        "x-ms-routing-request-id": "FRANCESOUTH:20220721T104811Z:c4f5a5de-f68c-49c0-ab25-ca27428135ae",
        "X-Powered-By": "ASP.NET"
      },
      "ResponseBody": {
        "id": "/subscriptions/69a75bda-882e-44d5-8431-63421204132a/resourceGroups/testNetAppDotNetSDKRG-4861/providers/Microsoft.NetApp/netAppAccounts/account7474/snapshotPolicies/snapshotPolicy-8582",
        "name": "account7474/snapshotPolicy-8582",
        "type": "Microsoft.NetApp/netAppAccounts/snapshotPolicies",
        "etag": "W/\u0022datetime\u00272022-07-21T10%3A48%3A05.8807149Z\u0027\u0022",
        "location": "westus2",
        "tags": {
          "CreatedOnDate": "2022-07-21T10:48:04.2229230Z"
        },
        "properties": {
          "enabled": true,
          "hourlySchedule": {
            "snapshotsToKeep": 2,
            "minute": 50
          },
          "dailySchedule": {
            "snapshotsToKeep": 4,
            "hour": 14,
            "minute": 30
          },
          "weeklySchedule": {
            "snapshotsToKeep": 3,
            "day": "Wednesday",
            "hour": 14,
            "minute": 45
          },
          "monthlySchedule": {
            "snapshotsToKeep": 5,
            "daysOfMonth": "10,11,12",
            "hour": 14,
            "minute": 15
          },
          "provisioningState": "Succeeded"
        },
        "systemData": {
          "createdBy": "c6c4faba-2b22-44d9-80a4-71ff5b71f811",
          "createdByType": "Application",
          "createdAt": "2022-07-21T10:48:05.6387233Z",
          "lastModifiedBy": "c6c4faba-2b22-44d9-80a4-71ff5b71f811",
          "lastModifiedByType": "Application",
          "lastModifiedAt": "2022-07-21T10:48:05.6387233Z"
        }
      }
    },
    {
      "RequestUri": "https://management.azure.com/subscriptions/69a75bda-882e-44d5-8431-63421204132a/resourceGroups/testNetAppDotNetSDKRG-4861/providers/Microsoft.NetApp/netAppAccounts/account7474/snapshotPolicies/snapshotPolicy-85821?api-version=2022-03-01",
      "RequestMethod": "GET",
      "RequestHeaders": {
        "Accept": "application/json",
        "Authorization": "Sanitized",
        "traceparent": "00-b923b0b0e8400b87ef052bcf72a0137a-5c4c86119e28cbfb-00",
        "User-Agent": "azsdk-net-ResourceManager.NetApp/1.0.0-alpha.20220721.1 (.NET 6.0.7; Microsoft Windows 10.0.19044)",
        "x-ms-client-request-id": "62a56c315c9152a2c818b20a8652fd82",
        "x-ms-return-client-request-id": "true"
      },
      "RequestBody": null,
      "StatusCode": 404,
      "ResponseHeaders": {
        "Cache-Control": "no-cache",
        "Content-Length": "279",
        "Content-Type": "application/json; charset=utf-8",
        "Date": "Thu, 21 Jul 2022 10:48:11 GMT",
        "Expires": "-1",
        "Pragma": "no-cache",
        "Strict-Transport-Security": "max-age=31536000; includeSubDomains",
        "X-Content-Type-Options": "nosniff",
        "x-ms-correlation-request-id": "71b653f5-1d96-449b-9cc2-275d323d76fc",
        "x-ms-failure-cause": "gateway",
        "x-ms-request-id": "71b653f5-1d96-449b-9cc2-275d323d76fc",
        "x-ms-routing-request-id": "FRANCESOUTH:20220721T104811Z:71b653f5-1d96-449b-9cc2-275d323d76fc"
      },
      "ResponseBody": {
        "error": {
          "code": "ResourceNotFound",
          "message": "The Resource \u0027Microsoft.NetApp/netAppAccounts/account7474/snapshotPolicies/snapshotPolicy-85821\u0027 under resource group \u0027testNetAppDotNetSDKRG-4861\u0027 was not found. For more details please go to https://aka.ms/ARMResourceNotFoundFix"
        }
      }
    },
    {
      "RequestUri": "https://management.azure.com/subscriptions/69a75bda-882e-44d5-8431-63421204132a/resourceGroups/testNetAppDotNetSDKRG-4861/providers/Microsoft.NetApp/netAppAccounts/account7474/snapshotPolicies?api-version=2022-03-01",
      "RequestMethod": "GET",
      "RequestHeaders": {
        "Accept": "application/json",
        "Authorization": "Sanitized",
        "traceparent": "00-c2c5dc5e1fc23bb0b03641262a80050d-5730dacd81a68b0f-00",
        "User-Agent": "azsdk-net-ResourceManager.NetApp/1.0.0-alpha.20220721.1 (.NET 6.0.7; Microsoft Windows 10.0.19044)",
        "x-ms-client-request-id": "927adc768438f1c3cf58027838a01b02",
        "x-ms-return-client-request-id": "true"
      },
      "RequestBody": null,
      "StatusCode": 200,
      "ResponseHeaders": {
        "Cache-Control": "no-cache",
        "Content-Length": "2101",
        "Content-Type": "application/json; charset=utf-8",
        "Date": "Thu, 21 Jul 2022 10:48:11 GMT",
        "Expires": "-1",
        "Pragma": "no-cache",
        "Server": "Microsoft-IIS/10.0",
        "Strict-Transport-Security": "max-age=31536000; includeSubDomains",
        "X-Content-Type-Options": "nosniff",
        "x-ms-correlation-request-id": "14af1918-4fc7-45c5-8541-1a6f1fa7d74f",
        "x-ms-ratelimit-remaining-subscription-reads": "11959",
        "x-ms-request-id": "96798b62-0862-49eb-979f-a884df22cccb",
        "x-ms-routing-request-id": "FRANCESOUTH:20220721T104812Z:14af1918-4fc7-45c5-8541-1a6f1fa7d74f",
        "X-Powered-By": "ASP.NET"
      },
      "ResponseBody": {
        "value": [
          {
            "id": "/subscriptions/69a75bda-882e-44d5-8431-63421204132a/resourceGroups/testNetAppDotNetSDKRG-4861/providers/Microsoft.NetApp/netAppAccounts/account7474/snapshotPolicies/snapshotPolicy-4279",
            "name": "account7474/snapshotPolicy-4279",
            "type": "Microsoft.NetApp/netAppAccounts/snapshotPolicies",
            "etag": "W/\u0022datetime\u00272022-07-21T10%3A48%3A08.6951139Z\u0027\u0022",
            "location": "westus2",
            "tags": {
              "CreatedOnDate": "2022-07-21T10:48:06.8734689Z"
            },
            "properties": {
              "enabled": true,
              "hourlySchedule": {
                "snapshotsToKeep": 2,
                "minute": 50
              },
              "dailySchedule": {
                "snapshotsToKeep": 4,
                "hour": 14,
                "minute": 30
              },
              "weeklySchedule": {
                "snapshotsToKeep": 3,
                "day": "Wednesday",
                "hour": 14,
                "minute": 45
              },
              "monthlySchedule": {
                "snapshotsToKeep": 5,
                "daysOfMonth": "10,11,12",
                "hour": 14,
                "minute": 15
              },
              "provisioningState": "Succeeded"
            },
            "systemData": {
              "createdBy": "c6c4faba-2b22-44d9-80a4-71ff5b71f811",
              "createdByType": "Application",
              "createdAt": "2022-07-21T10:48:08.4542922Z",
              "lastModifiedBy": "c6c4faba-2b22-44d9-80a4-71ff5b71f811",
              "lastModifiedByType": "Application",
              "lastModifiedAt": "2022-07-21T10:48:08.4542922Z"
            }
          },
          {
            "id": "/subscriptions/69a75bda-882e-44d5-8431-63421204132a/resourceGroups/testNetAppDotNetSDKRG-4861/providers/Microsoft.NetApp/netAppAccounts/account7474/snapshotPolicies/snapshotPolicy-8582",
            "name": "account7474/snapshotPolicy-8582",
            "type": "Microsoft.NetApp/netAppAccounts/snapshotPolicies",
            "etag": "W/\u0022datetime\u00272022-07-21T10%3A48%3A05.8807149Z\u0027\u0022",
            "location": "westus2",
            "tags": {
              "CreatedOnDate": "2022-07-21T10:48:04.2229230Z"
            },
            "properties": {
              "enabled": true,
              "hourlySchedule": {
                "snapshotsToKeep": 2,
                "minute": 50
              },
              "dailySchedule": {
                "snapshotsToKeep": 4,
                "hour": 14,
                "minute": 30
              },
              "weeklySchedule": {
                "snapshotsToKeep": 3,
                "day": "Wednesday",
                "hour": 14,
                "minute": 45
              },
              "monthlySchedule": {
                "snapshotsToKeep": 5,
                "daysOfMonth": "10,11,12",
                "hour": 14,
                "minute": 15
              },
              "provisioningState": "Succeeded"
            },
            "systemData": {
              "createdBy": "c6c4faba-2b22-44d9-80a4-71ff5b71f811",
              "createdByType": "Application",
              "createdAt": "2022-07-21T10:48:05.6387233Z",
              "lastModifiedBy": "c6c4faba-2b22-44d9-80a4-71ff5b71f811",
              "lastModifiedByType": "Application",
              "lastModifiedAt": "2022-07-21T10:48:05.6387233Z"
            }
          }
        ]
      }
    },
    {
      "RequestUri": "https://management.azure.com/subscriptions/69a75bda-882e-44d5-8431-63421204132a/resourceGroups/testNetAppDotNetSDKRG-4861/providers/Microsoft.NetApp/netAppAccounts/account7474/snapshotPolicies/snapshotPolicy-4279?api-version=2022-03-01",
      "RequestMethod": "DELETE",
      "RequestHeaders": {
        "Authorization": "Sanitized",
        "traceparent": "00-927e40a526b20926c8a61bb95d199263-faa655bb6ffeef61-00",
        "User-Agent": "azsdk-net-ResourceManager.NetApp/1.0.0-alpha.20220721.1 (.NET 6.0.7; Microsoft Windows 10.0.19044)",
        "x-ms-client-request-id": "3256263cfa52fec8456355f2043c6f5d",
        "x-ms-return-client-request-id": "true"
      },
      "RequestBody": null,
      "StatusCode": 202,
      "ResponseHeaders": {
        "Azure-AsyncOperation": "https://management.azure.com/subscriptions/69a75bda-882e-44d5-8431-63421204132a/providers/Microsoft.NetApp/locations/westus2/operationResults/2a9f0931-8b0e-4453-aec6-1d9a833e643a?api-version=2022-03-01",
        "Cache-Control": "no-cache",
        "Content-Length": "0",
        "Date": "Thu, 21 Jul 2022 10:48:12 GMT",
        "Expires": "-1",
        "Location": "https://management.azure.com/subscriptions/69a75bda-882e-44d5-8431-63421204132a/providers/Microsoft.NetApp/locations/westus2/operationResults/2a9f0931-8b0e-4453-aec6-1d9a833e643a?api-version=2022-03-01\u0026operationResultResponseType=Location",
        "Pragma": "no-cache",
        "Server": "Microsoft-IIS/10.0",
        "Strict-Transport-Security": "max-age=31536000; includeSubDomains",
        "X-Content-Type-Options": "nosniff",
        "x-ms-correlation-request-id": "14e2dc78-7977-448b-a1a1-4b2194fc6f24",
        "x-ms-ratelimit-remaining-subscription-deletes": "14995",
        "x-ms-request-id": "14e2dc78-7977-448b-a1a1-4b2194fc6f24",
        "x-ms-routing-request-id": "FRANCESOUTH:20220721T104813Z:14e2dc78-7977-448b-a1a1-4b2194fc6f24",
        "X-Powered-By": "ASP.NET"
      },
      "ResponseBody": null
    },
    {
      "RequestUri": "https://management.azure.com/subscriptions/69a75bda-882e-44d5-8431-63421204132a/providers/Microsoft.NetApp/locations/westus2/operationResults/2a9f0931-8b0e-4453-aec6-1d9a833e643a?api-version=2022-03-01",
      "RequestMethod": "GET",
      "RequestHeaders": {
        "Authorization": "Sanitized",
        "traceparent": "00-927e40a526b20926c8a61bb95d199263-95838f1fd30e6feb-00",
        "User-Agent": "azsdk-net-ResourceManager/1.0.0 (.NET 6.0.7; Microsoft Windows 10.0.19044)",
        "x-ms-client-request-id": "5fcdb0fdcafb7b30137c4cd52ed1ec92",
        "x-ms-return-client-request-id": "true"
      },
      "RequestBody": null,
      "StatusCode": 200,
      "ResponseHeaders": {
        "Cache-Control": "no-cache",
        "Content-Length": "551",
        "Content-Type": "application/json; charset=utf-8",
        "Date": "Thu, 21 Jul 2022 10:48:12 GMT",
        "Expires": "-1",
        "Pragma": "no-cache",
        "Server": "Microsoft-IIS/10.0",
        "Strict-Transport-Security": "max-age=31536000; includeSubDomains",
        "X-Content-Type-Options": "nosniff",
        "x-ms-correlation-request-id": "59e3773e-76b4-4b31-8b26-23c8f9eb5c03",
        "x-ms-ratelimit-remaining-subscription-reads": "11958",
        "x-ms-request-id": "9f977001-1a84-4cf3-bc90-a1855dcd7d11",
        "x-ms-routing-request-id": "FRANCESOUTH:20220721T104813Z:59e3773e-76b4-4b31-8b26-23c8f9eb5c03",
        "X-Powered-By": "ASP.NET"
      },
      "ResponseBody": {
        "id": "/subscriptions/69a75bda-882e-44d5-8431-63421204132a/providers/Microsoft.NetApp/locations/westus2/operationResults/2a9f0931-8b0e-4453-aec6-1d9a833e643a",
        "name": "2a9f0931-8b0e-4453-aec6-1d9a833e643a",
        "status": "Succeeded",
        "startTime": "2022-07-21T10:48:12.9435894Z",
        "endTime": "2022-07-21T10:48:12.9592022Z",
        "percentComplete": 100.0,
        "properties": {
          "resourceName": "/subscriptions/69a75bda-882e-44d5-8431-63421204132a/resourceGroups/testNetAppDotNetSDKRG-4861/providers/Microsoft.NetApp/netAppAccounts/account7474/snapshotPolicies/snapshotPolicy-4279"
        }
      }
    },
    {
      "RequestUri": "https://management.azure.com/subscriptions/69a75bda-882e-44d5-8431-63421204132a/resourceGroups/testNetAppDotNetSDKRG-4861/providers/Microsoft.NetApp/netAppAccounts/account7474/snapshotPolicies/snapshotPolicy-8582?api-version=2022-03-01",
      "RequestMethod": "DELETE",
      "RequestHeaders": {
        "Authorization": "Sanitized",
        "traceparent": "00-2507feefa2ac21d3123080839e425348-d5fe41bf4469526d-00",
        "User-Agent": "azsdk-net-ResourceManager.NetApp/1.0.0-alpha.20220721.1 (.NET 6.0.7; Microsoft Windows 10.0.19044)",
        "x-ms-client-request-id": "a250a5e808f09f3d9fa9899d678fa41a",
        "x-ms-return-client-request-id": "true"
      },
      "RequestBody": null,
      "StatusCode": 202,
      "ResponseHeaders": {
        "Azure-AsyncOperation": "https://management.azure.com/subscriptions/69a75bda-882e-44d5-8431-63421204132a/providers/Microsoft.NetApp/locations/westus2/operationResults/f01cbfe3-1803-470a-9ce6-e63ee773b5b8?api-version=2022-03-01",
        "Cache-Control": "no-cache",
        "Content-Length": "0",
        "Date": "Thu, 21 Jul 2022 10:48:13 GMT",
        "Expires": "-1",
        "Location": "https://management.azure.com/subscriptions/69a75bda-882e-44d5-8431-63421204132a/providers/Microsoft.NetApp/locations/westus2/operationResults/f01cbfe3-1803-470a-9ce6-e63ee773b5b8?api-version=2022-03-01\u0026operationResultResponseType=Location",
        "Pragma": "no-cache",
        "Server": "Microsoft-IIS/10.0",
        "Strict-Transport-Security": "max-age=31536000; includeSubDomains",
        "X-Content-Type-Options": "nosniff",
        "x-ms-correlation-request-id": "f1031392-141e-433b-aba3-edf0c176f558",
        "x-ms-ratelimit-remaining-subscription-deletes": "14994",
        "x-ms-request-id": "f1031392-141e-433b-aba3-edf0c176f558",
        "x-ms-routing-request-id": "FRANCESOUTH:20220721T104813Z:f1031392-141e-433b-aba3-edf0c176f558",
        "X-Powered-By": "ASP.NET"
      },
      "ResponseBody": null
    },
    {
      "RequestUri": "https://management.azure.com/subscriptions/69a75bda-882e-44d5-8431-63421204132a/providers/Microsoft.NetApp/locations/westus2/operationResults/f01cbfe3-1803-470a-9ce6-e63ee773b5b8?api-version=2022-03-01",
      "RequestMethod": "GET",
      "RequestHeaders": {
        "Authorization": "Sanitized",
        "traceparent": "00-2507feefa2ac21d3123080839e425348-800b6b3cdebc2128-00",
        "User-Agent": "azsdk-net-ResourceManager/1.0.0 (.NET 6.0.7; Microsoft Windows 10.0.19044)",
        "x-ms-client-request-id": "b45000c877daf537722dbf5241931384",
        "x-ms-return-client-request-id": "true"
      },
      "RequestBody": null,
      "StatusCode": 200,
      "ResponseHeaders": {
        "Cache-Control": "no-cache",
        "Content-Length": "551",
        "Content-Type": "application/json; charset=utf-8",
        "Date": "Thu, 21 Jul 2022 10:48:13 GMT",
        "Expires": "-1",
        "Pragma": "no-cache",
        "Server": "Microsoft-IIS/10.0",
        "Strict-Transport-Security": "max-age=31536000; includeSubDomains",
        "X-Content-Type-Options": "nosniff",
        "x-ms-correlation-request-id": "c591aaa9-bdda-4054-a765-d234f17289c6",
        "x-ms-ratelimit-remaining-subscription-reads": "11957",
        "x-ms-request-id": "61a99f6e-9c11-4ff6-9c54-10a299cb52c0",
        "x-ms-routing-request-id": "FRANCESOUTH:20220721T104814Z:c591aaa9-bdda-4054-a765-d234f17289c6",
        "X-Powered-By": "ASP.NET"
      },
      "ResponseBody": {
        "id": "/subscriptions/69a75bda-882e-44d5-8431-63421204132a/providers/Microsoft.NetApp/locations/westus2/operationResults/f01cbfe3-1803-470a-9ce6-e63ee773b5b8",
        "name": "f01cbfe3-1803-470a-9ce6-e63ee773b5b8",
        "status": "Succeeded",
        "startTime": "2022-07-21T10:48:13.8498282Z",
        "endTime": "2022-07-21T10:48:13.8967259Z",
        "percentComplete": 100.0,
        "properties": {
          "resourceName": "/subscriptions/69a75bda-882e-44d5-8431-63421204132a/resourceGroups/testNetAppDotNetSDKRG-4861/providers/Microsoft.NetApp/netAppAccounts/account7474/snapshotPolicies/snapshotPolicy-8582"
        }
      }
    },
    {
      "RequestUri": "https://management.azure.com/subscriptions/69a75bda-882e-44d5-8431-63421204132a/resourceGroups/testNetAppDotNetSDKRG-4861/providers/Microsoft.NetApp/netAppAccounts/account7474?api-version=2022-03-01",
      "RequestMethod": "DELETE",
      "RequestHeaders": {
        "Authorization": "Sanitized",
        "traceparent": "00-ade80bfe434e82d013d631e6f9f696da-5cbd869721b974f9-00",
        "User-Agent": "azsdk-net-ResourceManager.NetApp/1.0.0-alpha.20220721.1 (.NET 6.0.7; Microsoft Windows 10.0.19044)",
        "x-ms-client-request-id": "008b32d797dcd92343f23cbb09f550ed",
        "x-ms-return-client-request-id": "true"
      },
      "RequestBody": null,
      "StatusCode": 202,
      "ResponseHeaders": {
        "Azure-AsyncOperation": "https://management.azure.com/subscriptions/69a75bda-882e-44d5-8431-63421204132a/providers/Microsoft.NetApp/locations/westus2/operationResults/91e587a8-e5ad-4615-a8f4-85164e206744?api-version=2022-03-01",
        "Cache-Control": "no-cache",
        "Content-Length": "0",
        "Date": "Thu, 21 Jul 2022 10:48:54 GMT",
        "Expires": "-1",
        "Location": "https://management.azure.com/subscriptions/69a75bda-882e-44d5-8431-63421204132a/providers/Microsoft.NetApp/locations/westus2/operationResults/91e587a8-e5ad-4615-a8f4-85164e206744?api-version=2022-03-01\u0026operationResultResponseType=Location",
        "Pragma": "no-cache",
        "Server": "Microsoft-IIS/10.0",
        "Strict-Transport-Security": "max-age=31536000; includeSubDomains",
        "X-Content-Type-Options": "nosniff",
        "x-ms-correlation-request-id": "f47c6af8-0084-401d-805f-8198dff29a3d",
        "x-ms-ratelimit-remaining-subscription-deletes": "14993",
        "x-ms-request-id": "f47c6af8-0084-401d-805f-8198dff29a3d",
        "x-ms-routing-request-id": "FRANCESOUTH:20220721T104854Z:f47c6af8-0084-401d-805f-8198dff29a3d",
        "X-Powered-By": "ASP.NET"
      },
      "ResponseBody": null
    },
    {
      "RequestUri": "https://management.azure.com/subscriptions/69a75bda-882e-44d5-8431-63421204132a/providers/Microsoft.NetApp/locations/westus2/operationResults/91e587a8-e5ad-4615-a8f4-85164e206744?api-version=2022-03-01",
      "RequestMethod": "GET",
      "RequestHeaders": {
        "Authorization": "Sanitized",
        "traceparent": "00-ade80bfe434e82d013d631e6f9f696da-9e03b64991a5b42b-00",
        "User-Agent": "azsdk-net-ResourceManager/1.0.0 (.NET 6.0.7; Microsoft Windows 10.0.19044)",
        "x-ms-client-request-id": "1d707a207d2630fadc7771e73b7beb7c",
        "x-ms-return-client-request-id": "true"
      },
      "RequestBody": null,
      "StatusCode": 200,
      "ResponseHeaders": {
        "Cache-Control": "no-cache",
        "Content-Length": "514",
        "Content-Type": "application/json; charset=utf-8",
        "Date": "Thu, 21 Jul 2022 10:48:54 GMT",
        "Expires": "-1",
        "Pragma": "no-cache",
        "Server": "Microsoft-IIS/10.0",
        "Strict-Transport-Security": "max-age=31536000; includeSubDomains",
        "X-Content-Type-Options": "nosniff",
        "x-ms-correlation-request-id": "c8a1e840-8a1f-46e3-af25-f86258f38c5a",
        "x-ms-ratelimit-remaining-subscription-reads": "11956",
        "x-ms-request-id": "b8cc7d34-9e9f-4af9-a653-7fac4778523b",
        "x-ms-routing-request-id": "FRANCESOUTH:20220721T104855Z:c8a1e840-8a1f-46e3-af25-f86258f38c5a",
        "X-Powered-By": "ASP.NET"
      },
      "ResponseBody": {
        "id": "/subscriptions/69a75bda-882e-44d5-8431-63421204132a/providers/Microsoft.NetApp/locations/westus2/operationResults/91e587a8-e5ad-4615-a8f4-85164e206744",
        "name": "91e587a8-e5ad-4615-a8f4-85164e206744",
        "status": "Succeeded",
        "startTime": "2022-07-21T10:48:54.7741507Z",
        "endTime": "2022-07-21T10:48:54.8052438Z",
        "percentComplete": 100.0,
        "properties": {
          "resourceName": "/subscriptions/69a75bda-882e-44d5-8431-63421204132a/resourceGroups/testNetAppDotNetSDKRG-4861/providers/Microsoft.NetApp/netAppAccounts/account7474"
        }
      }
    }
  ],
  "Variables": {
    "RandomSeed": "1119471590",
    "RESOURCE_MANAGER_URL": null,
    "SUBSCRIPTION_ID": "69a75bda-882e-44d5-8431-63421204132a"
  }
}
