{
  "Entries": [
    {
      "RequestUri": "https://management.azure.com/subscriptions/69a75bda-882e-44d5-8431-63421204132a?api-version=2021-01-01",
      "RequestMethod": "GET",
      "RequestHeaders": {
        "Accept": "application/json",
        "Authorization": "Sanitized",
        "traceparent": "00-67bfa0f5070bac7dc32f8bb9946b3925-300a216fa652f8d4-00",
        "User-Agent": "azsdk-net-ResourceManager/1.3.1 (.NET 6.0.8; Microsoft Windows 10.0.19044)",
        "x-ms-client-request-id": "0090985f24ea49ad6feac5c12416b5bc",
        "x-ms-return-client-request-id": "true"
      },
      "RequestBody": null,
      "StatusCode": 200,
      "ResponseHeaders": {
        "Cache-Control": "no-cache",
        "Content-Length": "422",
        "Content-Type": "application/json; charset=utf-8",
        "Date": "Wed, 14 Sep 2022 15:08:16 GMT",
        "Expires": "-1",
        "Pragma": "no-cache",
        "Strict-Transport-Security": "max-age=31536000; includeSubDomains",
        "X-Content-Type-Options": "nosniff",
        "x-ms-correlation-request-id": "c6a03d31-0bd1-4af4-a361-9d7bbdf42bf1",
        "x-ms-ratelimit-remaining-subscription-reads": "11764",
        "x-ms-request-id": "c6a03d31-0bd1-4af4-a361-9d7bbdf42bf1",
        "x-ms-routing-request-id": "WESTEUROPE:20220914T150817Z:c6a03d31-0bd1-4af4-a361-9d7bbdf42bf1"
      },
      "ResponseBody": {
        "id": "/subscriptions/69a75bda-882e-44d5-8431-63421204132a",
        "authorizationSource": "RoleBased",
        "managedByTenants": [],
        "tags": {
          "SkipNRMSNSG": "true"
        },
        "subscriptionId": "69a75bda-882e-44d5-8431-63421204132a",
        "tenantId": "72f988bf-86f1-41af-91ab-2d7cd011db47",
        "displayName": "QATest02-SVL",
        "state": "Enabled",
        "subscriptionPolicies": {
          "locationPlacementId": "Internal_2014-09-01",
          "quotaId": "Internal_2014-09-01",
          "spendingLimit": "Off"
        }
      }
    },
    {
      "RequestUri": "https://management.azure.com/subscriptions/69a75bda-882e-44d5-8431-63421204132a/resourcegroups/testNetAppDotNetSDKRG-4128?api-version=**",
      "RequestMethod": "PUT",
      "RequestHeaders": {
        "Accept": "application/json",
        "Authorization": "Sanitized",
        "Content-Length": "63",
        "Content-Type": "application/json",
        "traceparent": "00-15cee9227904257cb0994ff5d8e16e84-62f31919a1a1e78b-00",
        "User-Agent": "azsdk-net-ResourceManager/1.3.1 (.NET 6.0.8; Microsoft Windows 10.0.19044)",
        "x-ms-client-request-id": "e13475183d3a44923cc794f7481d872c",
        "x-ms-return-client-request-id": "true"
      },
      "RequestBody": {
        "tags": {
          "test": "env",
          "Owner": "b-aubald"
        },
        "location": "westus2"
      },
      "StatusCode": 201,
      "ResponseHeaders": {
        "Cache-Control": "no-cache",
        "Content-Length": "359",
        "Content-Type": "application/json; charset=utf-8",
        "Date": "Wed, 14 Sep 2022 15:08:17 GMT",
        "Expires": "-1",
        "Pragma": "no-cache",
        "Strict-Transport-Security": "max-age=31536000; includeSubDomains",
        "X-Content-Type-Options": "nosniff",
        "x-ms-correlation-request-id": "4c91f86d-4e95-443b-a461-475d70efc395",
        "x-ms-ratelimit-remaining-subscription-writes": "1157",
        "x-ms-request-id": "4c91f86d-4e95-443b-a461-475d70efc395",
        "x-ms-routing-request-id": "WESTEUROPE:20220914T150818Z:4c91f86d-4e95-443b-a461-475d70efc395"
      },
      "ResponseBody": {
        "id": "/subscriptions/69a75bda-882e-44d5-8431-63421204132a/resourceGroups/testNetAppDotNetSDKRG-4128",
        "name": "testNetAppDotNetSDKRG-4128",
        "type": "Microsoft.Resources/resourceGroups",
        "location": "westus2",
        "tags": {
          "test": "env",
          "Owner": "b-aubald",
          "CreatedOnDate": "2022-09-14T15:08:18.0186917Z",
          "SkipNRMSNSG": "true"
        },
        "properties": {
          "provisioningState": "Succeeded"
        }
      }
    },
    {
      "RequestUri": "https://management.azure.com/subscriptions/69a75bda-882e-44d5-8431-63421204132a/providers/Microsoft.NetApp/locations/westus2/checkNameAvailability?api-version=2022-05-01",
      "RequestMethod": "POST",
      "RequestHeaders": {
        "Accept": "application/json",
        "Authorization": "Sanitized",
        "Content-Length": "108",
        "Content-Type": "application/json",
        "traceparent": "00-1b674ebb46272c131d7ac64fa5c49a2b-52a81f912500cd63-00",
        "User-Agent": "azsdk-net-ResourceManager.NetApp/1.0.0-alpha.20220914.1 (.NET 6.0.8; Microsoft Windows 10.0.19044)",
        "x-ms-client-request-id": "a8faf3f81ed93a918a2f6054a195a13e",
        "x-ms-return-client-request-id": "true"
      },
      "RequestBody": {
        "name": "account5207",
        "type": "Microsoft.NetApp/netAppAccounts",
        "resourceGroup": "testNetAppDotNetSDKRG-4128"
      },
      "StatusCode": 200,
      "ResponseHeaders": {
        "Cache-Control": "no-cache",
        "Content-Length": "20",
        "Content-Type": "application/json; charset=utf-8",
        "Date": "Wed, 14 Sep 2022 15:08:18 GMT",
        "Expires": "-1",
        "Pragma": "no-cache",
        "Server": "Microsoft-IIS/10.0",
        "Strict-Transport-Security": "max-age=31536000; includeSubDomains",
        "X-Content-Type-Options": "nosniff",
        "x-ms-correlation-request-id": "5a8a02a3-a0e6-4c5d-ab2a-e1f0b2c4159d",
        "x-ms-ratelimit-remaining-subscription-writes": "1190",
        "x-ms-request-id": "a5b66559-3f81-4dc6-aca6-0bb8a543f14a",
        "x-ms-routing-request-id": "WESTEUROPE:20220914T150818Z:5a8a02a3-a0e6-4c5d-ab2a-e1f0b2c4159d",
        "X-Powered-By": "ASP.NET"
      },
      "ResponseBody": {
        "isAvailable": true
      }
    },
    {
      "RequestUri": "https://management.azure.com/subscriptions/69a75bda-882e-44d5-8431-63421204132a/resourceGroups/testNetAppDotNetSDKRG-4128/providers/Microsoft.NetApp/netAppAccounts/account5207?api-version=2022-05-01",
      "RequestMethod": "PUT",
      "RequestHeaders": {
        "Accept": "application/json",
        "Authorization": "Sanitized",
        "Content-Length": "79",
        "Content-Type": "application/json",
        "traceparent": "00-f56126bf54d0a33b84855aaceb4ef34a-5b1501a3cf9e3e4f-00",
        "User-Agent": "azsdk-net-ResourceManager.NetApp/1.0.0-alpha.20220914.1 (.NET 6.0.8; Microsoft Windows 10.0.19044)",
        "x-ms-client-request-id": "9377feac2477fe5abcae5d195126cc3e",
        "x-ms-return-client-request-id": "true"
      },
      "RequestBody": {
        "tags": {
          "key1": "value1",
          "key2": "value2"
        },
        "location": "westus2",
        "properties": {}
      },
      "StatusCode": 201,
      "ResponseHeaders": {
        "Azure-AsyncOperation": "https://management.azure.com/subscriptions/69a75bda-882e-44d5-8431-63421204132a/providers/Microsoft.NetApp/locations/westus2/operationResults/85ac4767-de9b-4d57-b84c-97d570780412?api-version=2022-05-01",
        "Cache-Control": "no-cache",
        "Content-Length": "1113",
        "Content-Type": "application/json; charset=utf-8",
        "Date": "Wed, 14 Sep 2022 15:08:21 GMT",
        "ETag": "W/\u0022datetime\u00272022-09-14T15%3A08%3A20.7809587Z\u0027\u0022",
        "Expires": "-1",
        "Pragma": "no-cache",
        "Server": "Microsoft-IIS/10.0",
        "Strict-Transport-Security": "max-age=31536000; includeSubDomains",
        "X-Content-Type-Options": "nosniff",
        "x-ms-correlation-request-id": "f056ab15-7ada-4dbf-9ad5-384415cae80c",
        "x-ms-ratelimit-remaining-subscription-writes": "1156",
        "x-ms-request-id": "3a3ab726-22d7-4607-8265-7c42074af5d0",
        "x-ms-routing-request-id": "WESTEUROPE:20220914T150821Z:f056ab15-7ada-4dbf-9ad5-384415cae80c",
        "X-Powered-By": "ASP.NET"
      },
      "ResponseBody": {
        "id": "/subscriptions/69a75bda-882e-44d5-8431-63421204132a/resourceGroups/testNetAppDotNetSDKRG-4128/providers/Microsoft.NetApp/netAppAccounts/account5207",
        "name": "account5207",
        "type": "Microsoft.NetApp/netAppAccounts",
        "etag": "W/\u0022datetime\u00272022-09-14T15%3A08%3A20.7809587Z\u0027\u0022",
        "location": "westus2",
        "tags": {
          "key1": "value1",
          "key2": "value2",
          "CreatedOnDate": "2022-09-14T15:08:18.8958389Z"
        },
        "properties": {
          "activeDirectories": [
            {
              "activeDirectoryId": "503d38f9-f17c-f92d-ef26-b0d46374534b",
              "username": "sdkuser",
              "password": "****************",
              "domain": "sdkdomain",
              "dns": "192.0.2.2",
              "status": "Created",
              "smbServerName": "SDKSMBSeNa",
              "organizationalUnit": "CN=Computers",
              "aesEncryption": false,
              "ldapSigning": false,
              "ldapOverTLS": false,
              "allowLocalNfsUsersWithLdap": false,
              "encryptDCConnections": false,
              "ldapSearchScope": {}
            }
          ],
          "provisioningState": "Creating"
        },
        "systemData": {
          "createdBy": "c6c4faba-2b22-44d9-80a4-71ff5b71f811",
          "createdByType": "Application",
          "createdAt": "2022-09-14T15:08:20.6317456Z",
          "lastModifiedBy": "c6c4faba-2b22-44d9-80a4-71ff5b71f811",
          "lastModifiedByType": "Application",
          "lastModifiedAt": "2022-09-14T15:08:20.6317456Z"
        }
      }
    },
    {
      "RequestUri": "https://management.azure.com/subscriptions/69a75bda-882e-44d5-8431-63421204132a/providers/Microsoft.NetApp/locations/westus2/operationResults/85ac4767-de9b-4d57-b84c-97d570780412?api-version=2022-05-01",
      "RequestMethod": "GET",
      "RequestHeaders": {
        "Authorization": "Sanitized",
        "traceparent": "00-f56126bf54d0a33b84855aaceb4ef34a-74769e4b17b8b224-00",
        "User-Agent": "azsdk-net-ResourceManager/1.3.1 (.NET 6.0.8; Microsoft Windows 10.0.19044)",
        "x-ms-client-request-id": "1f9cb8f2990fd36099fbec2ac078e863",
        "x-ms-return-client-request-id": "true"
      },
      "RequestBody": null,
      "StatusCode": 200,
      "ResponseHeaders": {
        "Cache-Control": "no-cache",
        "Content-Length": "514",
        "Content-Type": "application/json; charset=utf-8",
        "Date": "Wed, 14 Sep 2022 15:08:21 GMT",
        "Expires": "-1",
        "Pragma": "no-cache",
        "Server": "Microsoft-IIS/10.0",
        "Strict-Transport-Security": "max-age=31536000; includeSubDomains",
        "X-Content-Type-Options": "nosniff",
        "x-ms-correlation-request-id": "8f01ebb8-9470-462a-a6d5-e78dd91367da",
        "x-ms-ratelimit-remaining-subscription-reads": "11763",
        "x-ms-request-id": "82caa880-4acc-4f10-b3ca-04032d2b8a91",
        "x-ms-routing-request-id": "WESTEUROPE:20220914T150822Z:8f01ebb8-9470-462a-a6d5-e78dd91367da",
        "X-Powered-By": "ASP.NET"
      },
      "ResponseBody": {
        "id": "/subscriptions/69a75bda-882e-44d5-8431-63421204132a/providers/Microsoft.NetApp/locations/westus2/operationResults/85ac4767-de9b-4d57-b84c-97d570780412",
        "name": "85ac4767-de9b-4d57-b84c-97d570780412",
        "status": "Succeeded",
        "startTime": "2022-09-14T15:08:20.7788388Z",
        "endTime": "2022-09-14T15:08:20.8413998Z",
        "percentComplete": 100.0,
        "properties": {
          "resourceName": "/subscriptions/69a75bda-882e-44d5-8431-63421204132a/resourceGroups/testNetAppDotNetSDKRG-4128/providers/Microsoft.NetApp/netAppAccounts/account5207"
        }
      }
    },
    {
      "RequestUri": "https://management.azure.com/subscriptions/69a75bda-882e-44d5-8431-63421204132a/resourceGroups/testNetAppDotNetSDKRG-4128/providers/Microsoft.NetApp/netAppAccounts/account5207?api-version=2022-05-01",
      "RequestMethod": "GET",
      "RequestHeaders": {
        "Authorization": "Sanitized",
        "traceparent": "00-f56126bf54d0a33b84855aaceb4ef34a-9269cb8dfcff5b08-00",
        "User-Agent": "azsdk-net-ResourceManager/1.3.1 (.NET 6.0.8; Microsoft Windows 10.0.19044)",
        "x-ms-client-request-id": "55c02262df78637cbe20f0d1754ccdcc",
        "x-ms-return-client-request-id": "true"
      },
      "RequestBody": null,
      "StatusCode": 200,
      "ResponseHeaders": {
        "Cache-Control": "no-cache",
        "Content-Length": "1160",
        "Content-Type": "application/json; charset=utf-8",
        "Date": "Wed, 14 Sep 2022 15:08:21 GMT",
        "ETag": "W/\u0022datetime\u00272022-09-14T15%3A08%3A20.8461342Z\u0027\u0022",
        "Expires": "-1",
        "Pragma": "no-cache",
        "Server": "Microsoft-IIS/10.0",
        "Strict-Transport-Security": "max-age=31536000; includeSubDomains",
        "X-Content-Type-Options": "nosniff",
        "x-ms-correlation-request-id": "dd052fc1-ecd3-4b15-ac95-da737aa889c0",
        "x-ms-ratelimit-remaining-subscription-reads": "11762",
        "x-ms-request-id": "fd7471ef-dae6-4597-a57c-dc2a1db9a2bb",
        "x-ms-routing-request-id": "WESTEUROPE:20220914T150822Z:dd052fc1-ecd3-4b15-ac95-da737aa889c0",
        "X-Powered-By": "ASP.NET"
      },
      "ResponseBody": {
        "id": "/subscriptions/69a75bda-882e-44d5-8431-63421204132a/resourceGroups/testNetAppDotNetSDKRG-4128/providers/Microsoft.NetApp/netAppAccounts/account5207",
        "name": "account5207",
        "type": "Microsoft.NetApp/netAppAccounts",
        "etag": "W/\u0022datetime\u00272022-09-14T15%3A08%3A20.8461342Z\u0027\u0022",
        "location": "westus2",
        "tags": {
          "key1": "value1",
          "key2": "value2",
          "CreatedOnDate": "2022-09-14T15:08:18.8958389Z"
        },
        "properties": {
          "activeDirectories": [
            {
              "activeDirectoryId": "503d38f9-f17c-f92d-ef26-b0d46374534b",
              "username": "sdkuser",
              "password": "****************",
              "domain": "sdkdomain",
              "dns": "192.0.2.2",
              "status": "Created",
              "smbServerName": "SDKSMBSeNa",
              "organizationalUnit": "CN=Computers",
              "aesEncryption": false,
              "ldapSigning": false,
              "ldapOverTLS": false,
              "allowLocalNfsUsersWithLdap": false,
              "encryptDCConnections": false,
              "ldapSearchScope": {}
            }
          ],
          "encryption": {
            "keySource": "Microsoft.NetApp"
          },
          "provisioningState": "Succeeded"
        },
        "systemData": {
          "createdBy": "c6c4faba-2b22-44d9-80a4-71ff5b71f811",
          "createdByType": "Application",
          "createdAt": "2022-09-14T15:08:20.6317456Z",
          "lastModifiedBy": "c6c4faba-2b22-44d9-80a4-71ff5b71f811",
          "lastModifiedByType": "Application",
          "lastModifiedAt": "2022-09-14T15:08:20.6317456Z"
        }
      }
    },
    {
      "RequestUri": "https://management.azure.com/subscriptions/69a75bda-882e-44d5-8431-63421204132a/resourceGroups/testNetAppDotNetSDKRG-4128/providers/Microsoft.NetApp/netAppAccounts/account5207/snapshotPolicies/snapshotPolicy-203?api-version=2022-05-01",
      "RequestMethod": "PUT",
      "RequestHeaders": {
        "Accept": "application/json",
        "Authorization": "Sanitized",
        "Content-Length": "339",
        "Content-Type": "application/json",
        "traceparent": "00-d0ac3b0e4c95e1957787df24073f8496-78a5caf3c734dc02-00",
        "User-Agent": "azsdk-net-ResourceManager.NetApp/1.0.0-alpha.20220914.1 (.NET 6.0.8; Microsoft Windows 10.0.19044)",
        "x-ms-client-request-id": "8a98262c2eadeafa4929c65c15962bbd",
        "x-ms-return-client-request-id": "true"
      },
      "RequestBody": {
        "tags": {},
        "location": "westus2",
        "properties": {
          "hourlySchedule": {
            "snapshotsToKeep": 2,
            "minute": 50
          },
          "dailySchedule": {
            "snapshotsToKeep": 4,
            "hour": 14,
            "minute": 30
          },
          "weeklySchedule": {
            "snapshotsToKeep": 3,
            "day": "Wednesday",
            "hour": 14,
            "minute": 45
          },
          "monthlySchedule": {
            "snapshotsToKeep": 5,
            "daysOfMonth": "10,11,12",
            "hour": 14,
            "minute": 15
          },
          "enabled": true
        }
      },
      "StatusCode": 201,
      "ResponseHeaders": {
        "Azure-AsyncOperation": "https://management.azure.com/subscriptions/69a75bda-882e-44d5-8431-63421204132a/providers/Microsoft.NetApp/locations/westus2/operationResults/e4f0fd24-632f-49ec-bd33-e4183f6d2c13?api-version=2022-05-01",
        "Cache-Control": "no-cache",
        "Content-Length": "1041",
        "Content-Type": "application/json; charset=utf-8",
        "Date": "Wed, 14 Sep 2022 15:08:23 GMT",
        "ETag": "W/\u0022datetime\u00272022-09-14T15%3A08%3A23.7033214Z\u0027\u0022",
        "Expires": "-1",
        "Pragma": "no-cache",
        "Server": "Microsoft-IIS/10.0",
        "Strict-Transport-Security": "max-age=31536000; includeSubDomains",
        "X-Content-Type-Options": "nosniff",
        "x-ms-correlation-request-id": "69f7582c-8740-4d6b-ac87-9e27707f1399",
        "x-ms-ratelimit-remaining-subscription-writes": "1155",
        "x-ms-request-id": "0304b83e-35d7-4b62-ba98-214695b7872f",
        "x-ms-routing-request-id": "WESTEUROPE:20220914T150824Z:69f7582c-8740-4d6b-ac87-9e27707f1399",
        "X-Powered-By": "ASP.NET"
      },
      "ResponseBody": {
        "id": "/subscriptions/69a75bda-882e-44d5-8431-63421204132a/resourceGroups/testNetAppDotNetSDKRG-4128/providers/Microsoft.NetApp/netAppAccounts/account5207/snapshotPolicies/snapshotPolicy-203",
        "name": "account5207/snapshotPolicy-203",
        "type": "Microsoft.NetApp/netAppAccounts/snapshotPolicies",
        "etag": "W/\u0022datetime\u00272022-09-14T15%3A08%3A23.7033214Z\u0027\u0022",
        "location": "westus2",
        "tags": {
          "CreatedOnDate": "2022-09-14T15:08:22.5976783Z"
        },
        "properties": {
          "enabled": true,
          "hourlySchedule": {
            "snapshotsToKeep": 2,
            "minute": 50
          },
          "dailySchedule": {
            "snapshotsToKeep": 4,
            "hour": 14,
            "minute": 30
          },
          "weeklySchedule": {
            "snapshotsToKeep": 3,
            "day": "Wednesday",
            "hour": 14,
            "minute": 45
          },
          "monthlySchedule": {
            "snapshotsToKeep": 5,
            "daysOfMonth": "10,11,12",
            "hour": 14,
            "minute": 15
          },
          "provisioningState": "Creating"
        },
        "systemData": {
          "createdBy": "c6c4faba-2b22-44d9-80a4-71ff5b71f811",
          "createdByType": "Application",
          "createdAt": "2022-09-14T15:08:23.5543176Z",
          "lastModifiedBy": "c6c4faba-2b22-44d9-80a4-71ff5b71f811",
          "lastModifiedByType": "Application",
          "lastModifiedAt": "2022-09-14T15:08:23.5543176Z"
        }
      }
    },
    {
      "RequestUri": "https://management.azure.com/subscriptions/69a75bda-882e-44d5-8431-63421204132a/resourceGroups/testNetAppDotNetSDKRG-4128/providers/Microsoft.NetApp/netAppAccounts/account5207/snapshotPolicies/snapshotPolicy-203?api-version=2022-05-01",
      "RequestMethod": "PATCH",
      "RequestHeaders": {
        "Accept": "application/json",
        "Authorization": "Sanitized",
        "Content-Length": "107",
        "Content-Type": "application/json",
        "traceparent": "00-4b5783c49b63d602c41c1631d8262d05-9207cde5fb90b6c9-00",
        "User-Agent": "azsdk-net-ResourceManager.NetApp/1.0.0-alpha.20220914.1 (.NET 6.0.8; Microsoft Windows 10.0.19044)",
        "x-ms-client-request-id": "2f0fab4bb9453c133860eea98f5e4c2d",
        "x-ms-return-client-request-id": "true"
      },
      "RequestBody": {
        "tags": {},
        "location": "westus2",
        "properties": {
          "dailySchedule": {
            "snapshotsToKeep": 2,
            "hour": 10,
            "minute": 25
          }
        }
      },
      "StatusCode": 202,
      "ResponseHeaders": {
        "Azure-AsyncOperation": "https://management.azure.com/subscriptions/69a75bda-882e-44d5-8431-63421204132a/providers/Microsoft.NetApp/locations/westus2/operationResults/79395c56-aeb4-4e35-bb43-52c1926c6e8d?api-version=2022-05-01",
        "Cache-Control": "no-cache",
        "Content-Length": "1040",
        "Content-Type": "application/json; charset=utf-8",
        "Date": "Wed, 14 Sep 2022 15:08:24 GMT",
        "ETag": "W/\u0022datetime\u00272022-09-14T15%3A08%3A25.025637Z\u0027\u0022",
        "Expires": "-1",
        "Location": "https://management.azure.com/subscriptions/69a75bda-882e-44d5-8431-63421204132a/providers/Microsoft.NetApp/locations/westus2/operationResults/79395c56-aeb4-4e35-bb43-52c1926c6e8d?api-version=2022-05-01\u0026operationResultResponseType=Location",
        "Pragma": "no-cache",
        "Server": "Microsoft-IIS/10.0",
        "Strict-Transport-Security": "max-age=31536000; includeSubDomains",
        "X-Content-Type-Options": "nosniff",
        "x-ms-correlation-request-id": "79bb9412-c51d-4902-97fb-4c626e975312",
        "x-ms-ratelimit-remaining-subscription-writes": "1154",
        "x-ms-request-id": "d376ee39-3963-4782-a6ae-01ad5662cae9",
        "x-ms-routing-request-id": "WESTEUROPE:20220914T150825Z:79bb9412-c51d-4902-97fb-4c626e975312",
        "X-Powered-By": "ASP.NET"
      },
      "ResponseBody": {
        "id": "/subscriptions/69a75bda-882e-44d5-8431-63421204132a/resourceGroups/testNetAppDotNetSDKRG-4128/providers/Microsoft.NetApp/netAppAccounts/account5207/snapshotPolicies/snapshotPolicy-203",
        "name": "account5207/snapshotPolicy-203",
        "type": "Microsoft.NetApp/netAppAccounts/snapshotPolicies",
        "etag": "W/\u0022datetime\u00272022-09-14T15%3A08%3A25.025637Z\u0027\u0022",
        "location": "westus2",
        "tags": {
          "CreatedOnDate": "2022-09-14T15:08:22.5976783Z"
        },
        "properties": {
          "provisioningState": "Patching",
          "enabled": true,
          "hourlySchedule": {
            "snapshotsToKeep": 2,
            "minute": 50
          },
          "dailySchedule": {
            "snapshotsToKeep": 4,
            "hour": 14,
            "minute": 30
          },
          "weeklySchedule": {
            "snapshotsToKeep": 3,
            "day": "Wednesday",
            "hour": 14,
            "minute": 45
          },
          "monthlySchedule": {
            "snapshotsToKeep": 5,
            "daysOfMonth": "10,11,12",
            "hour": 14,
            "minute": 15
          }
        },
        "systemData": {
          "createdBy": "c6c4faba-2b22-44d9-80a4-71ff5b71f811",
          "createdByType": "Application",
          "createdAt": "2022-09-14T15:08:23.5543176Z",
          "lastModifiedBy": "c6c4faba-2b22-44d9-80a4-71ff5b71f811",
          "lastModifiedByType": "Application",
          "lastModifiedAt": "2022-09-14T15:08:23.5543176Z"
        }
      }
    },
    {
      "RequestUri": "https://management.azure.com/subscriptions/69a75bda-882e-44d5-8431-63421204132a/providers/Microsoft.NetApp/locations/westus2/operationResults/79395c56-aeb4-4e35-bb43-52c1926c6e8d?api-version=2022-05-01",
      "RequestMethod": "GET",
      "RequestHeaders": {
        "Authorization": "Sanitized",
        "traceparent": "00-4b5783c49b63d602c41c1631d8262d05-dac8da5baf1b3bf1-00",
        "User-Agent": "azsdk-net-ResourceManager/1.3.1 (.NET 6.0.8; Microsoft Windows 10.0.19044)",
        "x-ms-client-request-id": "a02913c49dbe72ce135c524d3f515bea",
        "x-ms-return-client-request-id": "true"
      },
      "RequestBody": null,
      "StatusCode": 200,
      "ResponseHeaders": {
        "Cache-Control": "no-cache",
        "Content-Length": "550",
        "Content-Type": "application/json; charset=utf-8",
        "Date": "Wed, 14 Sep 2022 15:08:24 GMT",
        "Expires": "-1",
        "Pragma": "no-cache",
        "Server": "Microsoft-IIS/10.0",
        "Strict-Transport-Security": "max-age=31536000; includeSubDomains",
        "X-Content-Type-Options": "nosniff",
        "x-ms-correlation-request-id": "380b7556-8b6b-4d1f-9cdc-a7f3449f6cf1",
        "x-ms-ratelimit-remaining-subscription-reads": "11761",
        "x-ms-request-id": "ccfaeb2f-9295-43aa-a078-b95c022d912c",
        "x-ms-routing-request-id": "WESTEUROPE:20220914T150825Z:380b7556-8b6b-4d1f-9cdc-a7f3449f6cf1",
        "X-Powered-By": "ASP.NET"
      },
      "ResponseBody": {
        "id": "/subscriptions/69a75bda-882e-44d5-8431-63421204132a/providers/Microsoft.NetApp/locations/westus2/operationResults/79395c56-aeb4-4e35-bb43-52c1926c6e8d",
        "name": "79395c56-aeb4-4e35-bb43-52c1926c6e8d",
        "status": "Succeeded",
        "startTime": "2022-09-14T15:08:25.0294029Z",
        "endTime": "2022-09-14T15:08:25.0918445Z",
        "percentComplete": 100.0,
        "properties": {
          "resourceName": "/subscriptions/69a75bda-882e-44d5-8431-63421204132a/resourceGroups/testNetAppDotNetSDKRG-4128/providers/Microsoft.NetApp/netAppAccounts/account5207/snapshotPolicies/snapshotPolicy-203"
        }
      }
    },
    {
      "RequestUri": "https://management.azure.com/subscriptions/69a75bda-882e-44d5-8431-63421204132a/resourceGroups/testNetAppDotNetSDKRG-4128/providers/Microsoft.NetApp/netAppAccounts/account5207/snapshotPolicies/snapshotPolicy-203?api-version=2022-05-01",
      "RequestMethod": "GET",
      "RequestHeaders": {
        "Authorization": "Sanitized",
        "traceparent": "00-4b5783c49b63d602c41c1631d8262d05-9f3d4d4cedcc8b38-00",
        "User-Agent": "azsdk-net-ResourceManager/1.3.1 (.NET 6.0.8; Microsoft Windows 10.0.19044)",
        "x-ms-client-request-id": "ff3c98dcda01726df61b69da8a5d8531",
        "x-ms-return-client-request-id": "true"
      },
      "RequestBody": null,
      "StatusCode": 200,
      "ResponseHeaders": {
        "Cache-Control": "no-cache",
        "Content-Length": "1042",
        "Content-Type": "application/json; charset=utf-8",
        "Date": "Wed, 14 Sep 2022 15:08:25 GMT",
        "ETag": "W/\u0022datetime\u00272022-09-14T15%3A08%3A25.0915978Z\u0027\u0022",
        "Expires": "-1",
        "Pragma": "no-cache",
        "Server": "Microsoft-IIS/10.0",
        "Strict-Transport-Security": "max-age=31536000; includeSubDomains",
        "X-Content-Type-Options": "nosniff",
        "x-ms-correlation-request-id": "775bbbe3-1b4a-4f2b-a089-1da28dd180cb",
        "x-ms-ratelimit-remaining-subscription-reads": "11760",
        "x-ms-request-id": "ef8f0f89-e83a-42a4-83d5-2ff5d784ec4c",
        "x-ms-routing-request-id": "WESTEUROPE:20220914T150825Z:775bbbe3-1b4a-4f2b-a089-1da28dd180cb",
        "X-Powered-By": "ASP.NET"
      },
      "ResponseBody": {
        "id": "/subscriptions/69a75bda-882e-44d5-8431-63421204132a/resourceGroups/testNetAppDotNetSDKRG-4128/providers/Microsoft.NetApp/netAppAccounts/account5207/snapshotPolicies/snapshotPolicy-203",
        "name": "account5207/snapshotPolicy-203",
        "type": "Microsoft.NetApp/netAppAccounts/snapshotPolicies",
        "etag": "W/\u0022datetime\u00272022-09-14T15%3A08%3A25.0915978Z\u0027\u0022",
        "location": "westus2",
        "tags": {
          "CreatedOnDate": "2022-09-14T15:08:24.6839346Z"
        },
        "properties": {
          "provisioningState": "Succeeded",
          "enabled": true,
          "hourlySchedule": {
            "snapshotsToKeep": 2,
            "minute": 50
          },
          "dailySchedule": {
            "snapshotsToKeep": 2,
            "hour": 10,
            "minute": 25
          },
          "weeklySchedule": {
            "snapshotsToKeep": 3,
            "day": "Wednesday",
            "hour": 14,
            "minute": 45
          },
          "monthlySchedule": {
            "snapshotsToKeep": 5,
            "daysOfMonth": "10,11,12",
            "hour": 14,
            "minute": 15
          }
        },
        "systemData": {
          "createdBy": "c6c4faba-2b22-44d9-80a4-71ff5b71f811",
          "createdByType": "Application",
          "createdAt": "2022-09-14T15:08:23.5543176Z",
          "lastModifiedBy": "c6c4faba-2b22-44d9-80a4-71ff5b71f811",
          "lastModifiedByType": "Application",
          "lastModifiedAt": "2022-09-14T15:08:24.8988219Z"
        }
      }
    },
    {
      "RequestUri": "https://management.azure.com/subscriptions/69a75bda-882e-44d5-8431-63421204132a/resourceGroups/testNetAppDotNetSDKRG-4128/providers/Microsoft.NetApp/netAppAccounts/account5207/snapshotPolicies/snapshotPolicy-203?api-version=2022-05-01",
      "RequestMethod": "GET",
      "RequestHeaders": {
        "Accept": "application/json",
        "Authorization": "Sanitized",
        "traceparent": "00-6b783fff4feb0e88cdc90f10f10715a9-1ff663065f53b8fe-00",
        "User-Agent": "azsdk-net-ResourceManager.NetApp/1.0.0-alpha.20220914.1 (.NET 6.0.8; Microsoft Windows 10.0.19044)",
        "x-ms-client-request-id": "7ce464b6ab35816f47213ef38768b373",
        "x-ms-return-client-request-id": "true"
      },
      "RequestBody": null,
      "StatusCode": 200,
      "ResponseHeaders": {
        "Cache-Control": "no-cache",
        "Content-Length": "1042",
        "Content-Type": "application/json; charset=utf-8",
        "Date": "Wed, 14 Sep 2022 15:08:25 GMT",
        "ETag": "W/\u0022datetime\u00272022-09-14T15%3A08%3A25.0915978Z\u0027\u0022",
        "Expires": "-1",
        "Pragma": "no-cache",
        "Server": "Microsoft-IIS/10.0",
        "Strict-Transport-Security": "max-age=31536000; includeSubDomains",
        "X-Content-Type-Options": "nosniff",
        "x-ms-correlation-request-id": "5ae1c918-7d52-4d67-8543-2560e7bdb5fc",
        "x-ms-ratelimit-remaining-subscription-reads": "11759",
        "x-ms-request-id": "bce8c39f-18f7-415d-9901-cfc13bb77562",
        "x-ms-routing-request-id": "WESTEUROPE:20220914T150826Z:5ae1c918-7d52-4d67-8543-2560e7bdb5fc",
        "X-Powered-By": "ASP.NET"
      },
      "ResponseBody": {
        "id": "/subscriptions/69a75bda-882e-44d5-8431-63421204132a/resourceGroups/testNetAppDotNetSDKRG-4128/providers/Microsoft.NetApp/netAppAccounts/account5207/snapshotPolicies/snapshotPolicy-203",
        "name": "account5207/snapshotPolicy-203",
        "type": "Microsoft.NetApp/netAppAccounts/snapshotPolicies",
        "etag": "W/\u0022datetime\u00272022-09-14T15%3A08%3A25.0915978Z\u0027\u0022",
        "location": "westus2",
        "tags": {
          "CreatedOnDate": "2022-09-14T15:08:24.6839346Z"
        },
        "properties": {
          "provisioningState": "Succeeded",
          "enabled": true,
          "hourlySchedule": {
            "snapshotsToKeep": 2,
            "minute": 50
          },
          "dailySchedule": {
            "snapshotsToKeep": 2,
            "hour": 10,
            "minute": 25
          },
          "weeklySchedule": {
            "snapshotsToKeep": 3,
            "day": "Wednesday",
            "hour": 14,
            "minute": 45
          },
          "monthlySchedule": {
            "snapshotsToKeep": 5,
            "daysOfMonth": "10,11,12",
            "hour": 14,
            "minute": 15
          }
        },
        "systemData": {
          "createdBy": "c6c4faba-2b22-44d9-80a4-71ff5b71f811",
          "createdByType": "Application",
          "createdAt": "2022-09-14T15:08:23.5543176Z",
          "lastModifiedBy": "c6c4faba-2b22-44d9-80a4-71ff5b71f811",
          "lastModifiedByType": "Application",
          "lastModifiedAt": "2022-09-14T15:08:24.8988219Z"
        }
      }
    },
    {
      "RequestUri": "https://management.azure.com/subscriptions/69a75bda-882e-44d5-8431-63421204132a/resourceGroups/testNetAppDotNetSDKRG-4128/providers/Microsoft.NetApp/netAppAccounts/account5207/snapshotPolicies?api-version=2022-05-01",
      "RequestMethod": "GET",
      "RequestHeaders": {
        "Accept": "application/json",
        "Authorization": "Sanitized",
        "traceparent": "00-16506c78bf875b04af846fbbc73bdae2-57e4942b063573dc-00",
        "User-Agent": "azsdk-net-ResourceManager.NetApp/1.0.0-alpha.20220914.1 (.NET 6.0.8; Microsoft Windows 10.0.19044)",
        "x-ms-client-request-id": "1dd9430faacaea88a5b7aaa234f3e8b6",
        "x-ms-return-client-request-id": "true"
      },
      "RequestBody": null,
      "StatusCode": 200,
      "ResponseHeaders": {
        "Cache-Control": "no-cache",
        "Content-Length": "1054",
        "Content-Type": "application/json; charset=utf-8",
        "Date": "Wed, 14 Sep 2022 15:08:25 GMT",
        "Expires": "-1",
        "Pragma": "no-cache",
        "Server": "Microsoft-IIS/10.0",
        "Strict-Transport-Security": "max-age=31536000; includeSubDomains",
        "X-Content-Type-Options": "nosniff",
        "x-ms-correlation-request-id": "b45bb38e-24de-4efb-899e-82dbe633debf",
        "x-ms-ratelimit-remaining-subscription-reads": "11758",
        "x-ms-request-id": "15c9ba1e-e1b8-4be8-aaa7-c5cc104237eb",
        "x-ms-routing-request-id": "WESTEUROPE:20220914T150826Z:b45bb38e-24de-4efb-899e-82dbe633debf",
        "X-Powered-By": "ASP.NET"
      },
      "ResponseBody": {
        "value": [
          {
            "id": "/subscriptions/69a75bda-882e-44d5-8431-63421204132a/resourceGroups/testNetAppDotNetSDKRG-4128/providers/Microsoft.NetApp/netAppAccounts/account5207/snapshotPolicies/snapshotPolicy-203",
            "name": "account5207/snapshotPolicy-203",
            "type": "Microsoft.NetApp/netAppAccounts/snapshotPolicies",
            "etag": "W/\u0022datetime\u00272022-09-14T15%3A08%3A25.0915978Z\u0027\u0022",
            "location": "westus2",
            "tags": {
              "CreatedOnDate": "2022-09-14T15:08:24.6839346Z"
            },
            "properties": {
              "provisioningState": "Succeeded",
              "enabled": true,
              "hourlySchedule": {
                "snapshotsToKeep": 2,
                "minute": 50
              },
              "dailySchedule": {
                "snapshotsToKeep": 2,
                "hour": 10,
                "minute": 25
              },
              "weeklySchedule": {
                "snapshotsToKeep": 3,
                "day": "Wednesday",
                "hour": 14,
                "minute": 45
              },
              "monthlySchedule": {
                "snapshotsToKeep": 5,
                "daysOfMonth": "10,11,12",
                "hour": 14,
                "minute": 15
              }
            },
            "systemData": {
              "createdBy": "c6c4faba-2b22-44d9-80a4-71ff5b71f811",
              "createdByType": "Application",
              "createdAt": "2022-09-14T15:08:23.5543176Z",
              "lastModifiedBy": "c6c4faba-2b22-44d9-80a4-71ff5b71f811",
              "lastModifiedByType": "Application",
              "lastModifiedAt": "2022-09-14T15:08:24.8988219Z"
            }
          }
        ]
      }
    },
    {
      "RequestUri": "https://management.azure.com/subscriptions/69a75bda-882e-44d5-8431-63421204132a/resourceGroups/testNetAppDotNetSDKRG-4128/providers/Microsoft.NetApp/netAppAccounts/account5207/snapshotPolicies/snapshotPolicy-203?api-version=2022-05-01",
      "RequestMethod": "DELETE",
      "RequestHeaders": {
        "Authorization": "Sanitized",
        "traceparent": "00-facb0efc825bff32779c621434ab7cc2-8883cc43dfd29dbf-00",
        "User-Agent": "azsdk-net-ResourceManager.NetApp/1.0.0-alpha.20220914.1 (.NET 6.0.8; Microsoft Windows 10.0.19044)",
        "x-ms-client-request-id": "db9620d6de6d30b529bbb7e09c7aea8e",
        "x-ms-return-client-request-id": "true"
      },
      "RequestBody": null,
      "StatusCode": 202,
      "ResponseHeaders": {
        "Azure-AsyncOperation": "https://management.azure.com/subscriptions/69a75bda-882e-44d5-8431-63421204132a/providers/Microsoft.NetApp/locations/westus2/operationResults/af7fbbad-d8eb-43b0-8221-8a3ee80cf19a?api-version=2022-05-01",
        "Cache-Control": "no-cache",
        "Content-Length": "0",
        "Date": "Wed, 14 Sep 2022 15:08:26 GMT",
        "Expires": "-1",
        "Location": "https://management.azure.com/subscriptions/69a75bda-882e-44d5-8431-63421204132a/providers/Microsoft.NetApp/locations/westus2/operationResults/af7fbbad-d8eb-43b0-8221-8a3ee80cf19a?api-version=2022-05-01\u0026operationResultResponseType=Location",
        "Pragma": "no-cache",
        "Server": "Microsoft-IIS/10.0",
        "Strict-Transport-Security": "max-age=31536000; includeSubDomains",
        "X-Content-Type-Options": "nosniff",
        "x-ms-correlation-request-id": "70d019d8-0892-49fb-98c5-dacbd2c21574",
        "x-ms-ratelimit-remaining-subscription-deletes": "14971",
        "x-ms-request-id": "70d019d8-0892-49fb-98c5-dacbd2c21574",
        "x-ms-routing-request-id": "WESTEUROPE:20220914T150827Z:70d019d8-0892-49fb-98c5-dacbd2c21574",
        "X-Powered-By": "ASP.NET"
      },
      "ResponseBody": null
    },
    {
      "RequestUri": "https://management.azure.com/subscriptions/69a75bda-882e-44d5-8431-63421204132a/providers/Microsoft.NetApp/locations/westus2/operationResults/af7fbbad-d8eb-43b0-8221-8a3ee80cf19a?api-version=2022-05-01",
      "RequestMethod": "GET",
      "RequestHeaders": {
        "Authorization": "Sanitized",
        "traceparent": "00-facb0efc825bff32779c621434ab7cc2-5b949cf4a2c1e442-00",
        "User-Agent": "azsdk-net-ResourceManager/1.3.1 (.NET 6.0.8; Microsoft Windows 10.0.19044)",
        "x-ms-client-request-id": "661c8739d8d230068da8f40ff2a84e2a",
        "x-ms-return-client-request-id": "true"
      },
      "RequestBody": null,
      "StatusCode": 200,
      "ResponseHeaders": {
        "Cache-Control": "no-cache",
        "Content-Length": "550",
        "Content-Type": "application/json; charset=utf-8",
        "Date": "Wed, 14 Sep 2022 15:08:26 GMT",
        "Expires": "-1",
        "Pragma": "no-cache",
        "Server": "Microsoft-IIS/10.0",
        "Strict-Transport-Security": "max-age=31536000; includeSubDomains",
        "X-Content-Type-Options": "nosniff",
        "x-ms-correlation-request-id": "d9c46868-4e12-4cc0-8421-81d118ff0a26",
        "x-ms-ratelimit-remaining-subscription-reads": "11757",
        "x-ms-request-id": "2bdc450b-5159-4ffa-a8de-afa9c3b52451",
        "x-ms-routing-request-id": "WESTEUROPE:20220914T150827Z:d9c46868-4e12-4cc0-8421-81d118ff0a26",
        "X-Powered-By": "ASP.NET"
      },
      "ResponseBody": {
        "id": "/subscriptions/69a75bda-882e-44d5-8431-63421204132a/providers/Microsoft.NetApp/locations/westus2/operationResults/af7fbbad-d8eb-43b0-8221-8a3ee80cf19a",
        "name": "af7fbbad-d8eb-43b0-8221-8a3ee80cf19a",
        "status": "Succeeded",
        "startTime": "2022-09-14T15:08:27.0451729Z",
        "endTime": "2022-09-14T15:08:27.0607469Z",
        "percentComplete": 100.0,
        "properties": {
          "resourceName": "/subscriptions/69a75bda-882e-44d5-8431-63421204132a/resourceGroups/testNetAppDotNetSDKRG-4128/providers/Microsoft.NetApp/netAppAccounts/account5207/snapshotPolicies/snapshotPolicy-203"
        }
      }
    },
    {
      "RequestUri": "https://management.azure.com/subscriptions/69a75bda-882e-44d5-8431-63421204132a/resourceGroups/testNetAppDotNetSDKRG-4128/providers/Microsoft.NetApp/netAppAccounts/account5207?api-version=2022-05-01",
      "RequestMethod": "DELETE",
      "RequestHeaders": {
        "Authorization": "Sanitized",
        "traceparent": "00-1bd2adfcaefa4bce8f197f873476519a-7f8ec16dbb924285-00",
        "User-Agent": "azsdk-net-ResourceManager.NetApp/1.0.0-alpha.20220914.1 (.NET 6.0.8; Microsoft Windows 10.0.19044)",
        "x-ms-client-request-id": "3e3b1ccca1286e32ba89fe7207372f5c",
        "x-ms-return-client-request-id": "true"
      },
      "RequestBody": null,
      "StatusCode": 202,
      "ResponseHeaders": {
        "Azure-AsyncOperation": "https://management.azure.com/subscriptions/69a75bda-882e-44d5-8431-63421204132a/providers/Microsoft.NetApp/locations/westus2/operationResults/d39e8c19-a0d4-4a93-8c3b-0457f1120cfb?api-version=2022-05-01",
        "Cache-Control": "no-cache",
        "Content-Length": "0",
        "Date": "Wed, 14 Sep 2022 15:09:07 GMT",
        "Expires": "-1",
        "Location": "https://management.azure.com/subscriptions/69a75bda-882e-44d5-8431-63421204132a/providers/Microsoft.NetApp/locations/westus2/operationResults/d39e8c19-a0d4-4a93-8c3b-0457f1120cfb?api-version=2022-05-01\u0026operationResultResponseType=Location",
        "Pragma": "no-cache",
        "Server": "Microsoft-IIS/10.0",
        "Strict-Transport-Security": "max-age=31536000; includeSubDomains",
        "X-Content-Type-Options": "nosniff",
        "x-ms-correlation-request-id": "d996794d-5faf-44d8-ace2-5353dab771e4",
        "x-ms-ratelimit-remaining-subscription-deletes": "14970",
        "x-ms-request-id": "d996794d-5faf-44d8-ace2-5353dab771e4",
        "x-ms-routing-request-id": "WESTEUROPE:20220914T150908Z:d996794d-5faf-44d8-ace2-5353dab771e4",
        "X-Powered-By": "ASP.NET"
      },
      "ResponseBody": null
    },
    {
      "RequestUri": "https://management.azure.com/subscriptions/69a75bda-882e-44d5-8431-63421204132a/providers/Microsoft.NetApp/locations/westus2/operationResults/d39e8c19-a0d4-4a93-8c3b-0457f1120cfb?api-version=2022-05-01",
      "RequestMethod": "GET",
      "RequestHeaders": {
        "Authorization": "Sanitized",
        "traceparent": "00-1bd2adfcaefa4bce8f197f873476519a-84e9c286b8f3127d-00",
        "User-Agent": "azsdk-net-ResourceManager/1.3.1 (.NET 6.0.8; Microsoft Windows 10.0.19044)",
        "x-ms-client-request-id": "e4b1acab0e91982b54adac48d9932856",
        "x-ms-return-client-request-id": "true"
      },
      "RequestBody": null,
      "StatusCode": 200,
      "ResponseHeaders": {
        "Cache-Control": "no-cache",
        "Content-Length": "514",
        "Content-Type": "application/json; charset=utf-8",
        "Date": "Wed, 14 Sep 2022 15:09:07 GMT",
        "Expires": "-1",
        "Pragma": "no-cache",
        "Server": "Microsoft-IIS/10.0",
        "Strict-Transport-Security": "max-age=31536000; includeSubDomains",
        "X-Content-Type-Options": "nosniff",
        "x-ms-correlation-request-id": "35d48cfc-c368-40a3-a680-cacac3d31a8d",
        "x-ms-ratelimit-remaining-subscription-reads": "11756",
        "x-ms-request-id": "f7ea0b56-abac-4d81-b3ab-d5b03c329b54",
        "x-ms-routing-request-id": "WESTEUROPE:20220914T150908Z:35d48cfc-c368-40a3-a680-cacac3d31a8d",
        "X-Powered-By": "ASP.NET"
      },
      "ResponseBody": {
        "id": "/subscriptions/69a75bda-882e-44d5-8431-63421204132a/providers/Microsoft.NetApp/locations/westus2/operationResults/d39e8c19-a0d4-4a93-8c3b-0457f1120cfb",
        "name": "d39e8c19-a0d4-4a93-8c3b-0457f1120cfb",
        "status": "Succeeded",
        "startTime": "2022-09-14T15:09:08.0371084Z",
        "endTime": "2022-09-14T15:09:08.2089933Z",
        "percentComplete": 100.0,
        "properties": {
          "resourceName": "/subscriptions/69a75bda-882e-44d5-8431-63421204132a/resourceGroups/testNetAppDotNetSDKRG-4128/providers/Microsoft.NetApp/netAppAccounts/account5207"
        }
      }
    }
  ],
  "Variables": {
    "RandomSeed": "1015329895",
    "RESOURCE_MANAGER_URL": null,
    "SUBSCRIPTION_ID": "69a75bda-882e-44d5-8431-63421204132a"
  }
}
