{
  "Entries": [
    {
      "RequestUri": "https://pakrymtables3prim.table.core.windows.net/Tables?$format=application%2Fjson%3Bodata%3Dminimalmetadata",
      "RequestMethod": "POST",
      "RequestHeaders": {
        "Accept": "application/json;odata=minimalmetadata",
        "Authorization": "Sanitized",
        "Content-Length": "33",
        "Content-Type": "application/json;odata=nometadata",
        "DataServiceVersion": "3.0",
        "traceparent": "00-7e7076b0e3e5d7418d9a5c91a618a580-ee7ade8a32353445-00",
        "User-Agent": "azsdk-net-Data.Tables/12.4.0-alpha.20211215.1 (.NET Framework 4.8.4300.0; Microsoft Windows 10.0.19044 )",
        "x-ms-client-request-id": "7c8e66df699f025138430316367c2f21",
        "x-ms-date": "Wed, 15 Dec 2021 19:51:35 GMT",
        "x-ms-return-client-request-id": "true",
        "x-ms-version": "2019-02-02"
      },
      "RequestBody": {
        "TableName": "testtablejV6OsXdd"
      },
      "StatusCode": 201,
      "ResponseHeaders": {
        "Cache-Control": "no-cache",
        "Content-Type": "application/json; odata=minimalmetadata; streaming=true; charset=utf-8",
        "Date": "Wed, 15 Dec 2021 19:51:34 GMT",
        "Location": "https://pakrymtables3prim.table.core.windows.net/Tables(\u0027testtablejV6OsXdd\u0027)",
        "Server": [
          "Windows-Azure-Table/1.0",
          "Microsoft-HTTPAPI/2.0"
        ],
        "Transfer-Encoding": "chunked",
        "X-Content-Type-Options": "nosniff",
        "x-ms-client-request-id": "7c8e66df699f025138430316367c2f21",
        "x-ms-request-id": "428f7465-7002-0021-69ed-f189e0000000",
        "x-ms-version": "2019-02-02"
      },
      "ResponseBody": {
        "odata.metadata": "https://pakrymtables3prim.table.core.windows.net/$metadata#Tables/@Element",
        "TableName": "testtablejV6OsXdd"
      }
    },
    {
      "RequestUri": "https://pakrymtables3prim.table.core.windows.net/testtablejV6OsXdd?$format=application%2Fjson%3Bodata%3Dminimalmetadata",
      "RequestMethod": "POST",
      "RequestHeaders": {
        "Accept": "application/json;odata=minimalmetadata",
        "Authorization": "Sanitized",
        "Content-Length": "49",
        "Content-Type": "application/json;odata=nometadata",
        "DataServiceVersion": "3.0",
        "Prefer": "return-no-content",
        "traceparent": "00-3b53c05c4635f64c9f3053ea9a364a46-b9752e8c6dae6746-00",
        "User-Agent": "azsdk-net-Data.Tables/12.4.0-alpha.20211215.1 (.NET Framework 4.8.4300.0; Microsoft Windows 10.0.19044 )",
        "x-ms-client-request-id": "0959e905d4286dcda1ff26dd150e4b9e",
        "x-ms-date": "Wed, 15 Dec 2021 19:51:35 GMT",
        "x-ms-return-client-request-id": "true",
        "x-ms-version": "2019-02-02"
      },
      "RequestBody": {
        "PartitionKey": "PK",
        "RowKey": "RK",
        "Value": "abc"
      },
      "StatusCode": 204,
      "ResponseHeaders": {
        "Cache-Control": "no-cache",
        "Content-Length": "0",
        "DataServiceId": "https://pakrymtables3prim.table.core.windows.net/testtablejV6OsXdd(PartitionKey=\u0027PK\u0027,RowKey=\u0027RK\u0027)",
        "Date": "Wed, 15 Dec 2021 19:51:34 GMT",
        "ETag": "W/\u0022datetime\u00272021-12-15T19%3A51%3A35.3792328Z\u0027\u0022",
        "Location": "https://pakrymtables3prim.table.core.windows.net/testtablejV6OsXdd(PartitionKey=\u0027PK\u0027,RowKey=\u0027RK\u0027)",
        "Preference-Applied": "return-no-content",
        "Server": [
          "Windows-Azure-Table/1.0",
          "Microsoft-HTTPAPI/2.0"
        ],
        "X-Content-Type-Options": "nosniff",
        "x-ms-client-request-id": "0959e905d4286dcda1ff26dd150e4b9e",
        "x-ms-request-id": "428f7467-7002-0021-6aed-f189e0000000",
        "x-ms-version": "2019-02-02"
      },
      "ResponseBody": null
    },
    {
      "RequestUri": "https://pakrymtables3prim.table.core.windows.net/testtablejV6OsXdd(PartitionKey=\u0027PK\u0027,RowKey=\u0027RK\u0027)?$format=application%2Fjson%3Bodata%3Dminimalmetadata",
      "RequestMethod": "GET",
      "RequestHeaders": {
        "Accept": "application/json;odata=minimalmetadata",
        "Authorization": "Sanitized",
        "DataServiceVersion": "3.0",
        "User-Agent": "azsdk-net-Data.Tables/12.4.0-alpha.20211215.1 (.NET Framework 4.8.4300.0; Microsoft Windows 10.0.19044 )",
        "x-ms-client-request-id": "4316b3ca0f87cf1e468f01c8a38e90ba",
        "x-ms-date": "Wed, 15 Dec 2021 19:51:35 GMT",
        "x-ms-return-client-request-id": "true",
        "x-ms-version": "2019-02-02"
      },
      "RequestBody": null,
      "StatusCode": 200,
      "ResponseHeaders": {
        "Cache-Control": "no-cache",
        "Content-Type": "application/json; odata=minimalmetadata; streaming=true; charset=utf-8",
        "Date": "Wed, 15 Dec 2021 19:51:34 GMT",
        "ETag": "W/\u0022datetime\u00272021-12-15T19%3A51%3A35.3792328Z\u0027\u0022",
        "Server": [
          "Windows-Azure-Table/1.0",
          "Microsoft-HTTPAPI/2.0"
        ],
        "Transfer-Encoding": "chunked",
        "X-Content-Type-Options": "nosniff",
        "x-ms-client-request-id": "4316b3ca0f87cf1e468f01c8a38e90ba",
        "x-ms-request-id": "428f746e-7002-0021-6fed-f189e0000000",
        "x-ms-version": "2019-02-02"
      },
      "ResponseBody": {
        "odata.metadata": "https://pakrymtables3prim.table.core.windows.net/$metadata#testtablejV6OsXdd/@Element",
        "odata.etag": "W/\u0022datetime\u00272021-12-15T19%3A51%3A35.3792328Z\u0027\u0022",
        "PartitionKey": "PK",
        "RowKey": "RK",
        "Timestamp": "2021-12-15T19:51:35.3792328Z",
        "Value": "abc"
      }
    },
    {
      "RequestUri": "https://pakrymtables3prim.table.core.windows.net/testtablejV6OsXdd(PartitionKey=\u0027PK\u0027,RowKey=\u0027RK\u0027)?$format=application%2Fjson%3Bodata%3Dminimalmetadata",
      "RequestMethod": "PUT",
      "RequestHeaders": {
        "Accept": "application/json",
        "Authorization": "Sanitized",
        "Content-Length": "49",
        "Content-Type": "application/json",
        "DataServiceVersion": "3.0",
        "If-Match": "W/\u0022datetime\u00272021-12-15T19%3A51%3A35.3792328Z\u0027\u0022",
        "User-Agent": "azsdk-net-Data.Tables/12.4.0-alpha.20211215.1 (.NET Framework 4.8.4300.0; Microsoft Windows 10.0.19044 )",
        "x-ms-client-request-id": "ed7c5d5b0ff80bde9821da9f4374ed29",
        "x-ms-date": "Wed, 15 Dec 2021 19:51:35 GMT",
        "x-ms-return-client-request-id": "true",
        "x-ms-version": "2019-02-02"
      },
      "RequestBody": {
        "Value": "def",
        "PartitionKey": "PK",
        "RowKey": "RK"
      },
      "StatusCode": 204,
      "ResponseHeaders": {
        "Cache-Control": "no-cache",
        "Content-Length": "0",
        "Date": "Wed, 15 Dec 2021 19:51:34 GMT",
        "ETag": "W/\u0022datetime\u00272021-12-15T19%3A51%3A35.410449Z\u0027\u0022",
        "Server": [
          "Windows-Azure-Table/1.0",
          "Microsoft-HTTPAPI/2.0"
        ],
        "X-Content-Type-Options": "nosniff",
        "x-ms-client-request-id": "ed7c5d5b0ff80bde9821da9f4374ed29",
        "x-ms-request-id": "428f7477-7002-0021-77ed-f189e0000000",
        "x-ms-version": "2019-02-02"
      },
      "ResponseBody": null
    },
    {
      "RequestUri": "https://pakrymtables3prim.table.core.windows.net/testtablejV6OsXdd(PartitionKey=\u0027PK\u0027,RowKey=\u0027RK\u0027)?$format=application%2Fjson%3Bodata%3Dminimalmetadata",
      "RequestMethod": "GET",
      "RequestHeaders": {
        "Accept": "application/json;odata=minimalmetadata",
        "Authorization": "Sanitized",
        "DataServiceVersion": "3.0",
        "traceparent": "00-1c53234dc273e346b1c709b2e2b0976f-fffa80b6dd8abc45-00",
        "User-Agent": "azsdk-net-Data.Tables/12.4.0-alpha.20211215.1 (.NET Framework 4.8.4300.0; Microsoft Windows 10.0.19044 )",
        "x-ms-client-request-id": "824c65f8ec66f599cb89c299d305c912",
        "x-ms-date": "Wed, 15 Dec 2021 19:51:35 GMT",
        "x-ms-return-client-request-id": "true",
        "x-ms-version": "2019-02-02"
      },
      "RequestBody": null,
      "StatusCode": 200,
      "ResponseHeaders": {
        "Cache-Control": "no-cache",
        "Content-Type": "application/json; odata=minimalmetadata; streaming=true; charset=utf-8",
        "Date": "Wed, 15 Dec 2021 19:51:34 GMT",
        "ETag": "W/\u0022datetime\u00272021-12-15T19%3A51%3A35.410449Z\u0027\u0022",
        "Server": [
          "Windows-Azure-Table/1.0",
          "Microsoft-HTTPAPI/2.0"
        ],
        "Transfer-Encoding": "chunked",
        "X-Content-Type-Options": "nosniff",
        "x-ms-client-request-id": "824c65f8ec66f599cb89c299d305c912",
        "x-ms-request-id": "428f747a-7002-0021-7aed-f189e0000000",
        "x-ms-version": "2019-02-02"
      },
      "ResponseBody": {
        "odata.metadata": "https://pakrymtables3prim.table.core.windows.net/$metadata#testtablejV6OsXdd/@Element",
        "odata.etag": "W/\u0022datetime\u00272021-12-15T19%3A51%3A35.410449Z\u0027\u0022",
        "PartitionKey": "PK",
        "RowKey": "RK",
        "Timestamp": "2021-12-15T19:51:35.410449Z",
        "Value": "def"
      }
    },
    {
      "RequestUri": "https://pakrymtables3prim.table.core.windows.net/Tables(\u0027testtablejV6OsXdd\u0027)",
      "RequestMethod": "DELETE",
      "RequestHeaders": {
        "Accept": "application/json",
        "Authorization": "Sanitized",
        "traceparent": "00-d8c95bde9daed3429dca5d4a1e2df7d5-cdbc53ff25031140-00",
        "User-Agent": "azsdk-net-Data.Tables/12.4.0-alpha.20211215.1 (.NET Framework 4.8.4300.0; Microsoft Windows 10.0.19044 )",
        "x-ms-client-request-id": "b7826b6f5e92baa6d50aaa66357e8cd2",
        "x-ms-date": "Wed, 15 Dec 2021 19:51:35 GMT",
        "x-ms-return-client-request-id": "true",
        "x-ms-version": "2019-02-02"
      },
      "RequestBody": null,
      "StatusCode": 204,
      "ResponseHeaders": {
        "Cache-Control": "no-cache",
        "Content-Length": "0",
        "Date": "Wed, 15 Dec 2021 19:51:35 GMT",
        "Server": [
          "Windows-Azure-Table/1.0",
          "Microsoft-HTTPAPI/2.0"
        ],
        "X-Content-Type-Options": "nosniff",
        "x-ms-client-request-id": "b7826b6f5e92baa6d50aaa66357e8cd2",
        "x-ms-request-id": "428f747c-7002-0021-7ced-f189e0000000",
        "x-ms-version": "2019-02-02"
      },
      "ResponseBody": null
    }
  ],
  "Variables": {
    "RandomSeed": "1081417417",
    "STORAGE_ENDPOINT_SUFFIX": "core.windows.net",
    "TABLES_PRIMARY_STORAGE_ACCOUNT_KEY": "Kg==",
    "TABLES_STORAGE_ACCOUNT_NAME": "pakrymtables3prim"
  }
}
