{
  "Entries": [
    {
      "RequestUri": "https://rsarkar-sdktest.int.communication.azure.net/routing/distributionPolicies/A0-3D-65-B1-E0-2F-83-FA-A3-5E-34-01-0B-40-DC-08-47?api-version=2021-10-20-preview2",
      "RequestMethod": "PATCH",
      "RequestHeaders": {
        "Accept": "application/json",
        "Authorization": "Sanitized",
        "Content-Length": "214",
        "Content-Type": "application/merge-patch\u002Bjson",
        "traceparent": "00-df1b0faf02efdb40af7b7d6c1529bda5-1068a5b5f9189c4b-00",
        "User-Agent": "azsdk-net-Communication.JobRouter/1.0.0-alpha.20220615.1 (.NET Framework 4.8.4510.0; Microsoft Windows 10.0.22000 )",
        "x-ms-client-request-id": "e9e34111d88997e4e3f72c5de5ea9758",
        "x-ms-content-sha256": "Sanitized",
        "x-ms-date": "Wed, 15 Jun 2022 23:45:05 GMT",
        "x-ms-return-client-request-id": "true"
      },
      "RequestBody": {
        "name": "LongestIdleDistributionPolicyA0-3D-65-B1-E0-2F-83-FA-A3-5E-34-01-0B-40-DC-08-47",
        "offerTtlSeconds": 30,
        "mode": {
          "kind": "longest-idle",
          "minConcurrentOffers": 1,
          "maxConcurrentOffers": 1,
          "bypassSelectors": false
        }
      },
      "StatusCode": 200,
      "ResponseHeaders": {
        "api-supported-versions": "2021-04-07-preview1, 2021-10-20-preview2",
        "Content-Type": "application/json; charset=utf-8",
        "Date": "Wed, 15 Jun 2022 23:45:05 GMT",
        "ETag": "\u00229f02ba10-0000-0700-0000-62aa6f010000\u0022",
        "Last-Modified": "Wed, 15 Jun 2022 23:45:05 GMT",
        "Request-Context": "appId=",
        "trace-id": "df1b0faf02efdb40af7b7d6c1529bda5",
        "Transfer-Encoding": "chunked",
        "X-Azure-Ref": "0AW\u002BqYgAAAAAD6gqjhCkfTJBomiGxFFovWVZSMzExMDAwMTE2MDI5AGNjOTI3NThkLTA1ZjctNGFkNi1hYTVlLTBmYTk3MThkODk4NQ==",
        "X-Cache": "CONFIG_NOCACHE"
      },
      "ResponseBody": {
        "id": "A0-3D-65-B1-E0-2F-83-FA-A3-5E-34-01-0B-40-DC-08-47",
        "name": "LongestIdleDistributionPolicyA0-3D-65-B1-E0-2F-83-FA-A3-5E-34-01-0B-40-DC-08-47",
        "offerTtlSeconds": 30,
        "mode": {
          "kind": "longest-idle",
          "minConcurrentOffers": 1,
          "maxConcurrentOffers": 1,
          "bypassSelectors": false
        }
      }
    },
    {
      "RequestUri": "https://rsarkar-sdktest.int.communication.azure.net/routing/queues/8A-69-43-1A-DA-ED-61-49-95-2A-58-A1-EB-6A-DA-DC-A7?api-version=2021-10-20-preview2",
      "RequestMethod": "PATCH",
      "RequestHeaders": {
        "Accept": "application/json",
        "Authorization": "Sanitized",
        "Content-Length": "189",
        "Content-Type": "application/merge-patch\u002Bjson",
        "traceparent": "00-a3196f372dcd2543884439a5daaa0da1-33a4239094da1f4d-00",
        "User-Agent": "azsdk-net-Communication.JobRouter/1.0.0-alpha.20220615.1 (.NET Framework 4.8.4510.0; Microsoft Windows 10.0.22000 )",
        "x-ms-client-request-id": "36138523174753c084505bce35d821b7",
        "x-ms-content-sha256": "Sanitized",
        "x-ms-date": "Wed, 15 Jun 2022 23:45:05 GMT",
        "x-ms-return-client-request-id": "true"
      },
      "RequestBody": {
        "name": "DefaultQueue-Sdk-Test8A-69-43-1A-DA-ED-61-49-95-2A-58-A1-EB-6A-DA-DC-A7",
        "distributionPolicyId": "A0-3D-65-B1-E0-2F-83-FA-A3-5E-34-01-0B-40-DC-08-47",
        "labels": {
          "Label_1": "Value_1"
        }
      },
      "StatusCode": 200,
      "ResponseHeaders": {
        "api-supported-versions": "2021-04-07-preview1, 2021-10-20-preview2",
        "Content-Type": "application/json; charset=utf-8",
        "Date": "Wed, 15 Jun 2022 23:45:05 GMT",
        "ETag": "\u00222504dd2c-0000-0700-0000-62aa6f010000\u0022",
        "Last-Modified": "Wed, 15 Jun 2022 23:45:05 GMT",
        "Request-Context": "appId=",
        "trace-id": "a3196f372dcd2543884439a5daaa0da1",
        "Transfer-Encoding": "chunked",
        "X-Azure-Ref": "0AW\u002BqYgAAAACbQcMiaV6JS71iX94Bg0oYWVZSMzExMDAwMTE2MDI5AGNjOTI3NThkLTA1ZjctNGFkNi1hYTVlLTBmYTk3MThkODk4NQ==",
        "X-Cache": "CONFIG_NOCACHE"
      },
      "ResponseBody": {
        "id": "8A-69-43-1A-DA-ED-61-49-95-2A-58-A1-EB-6A-DA-DC-A7",
        "name": "DefaultQueue-Sdk-Test8A-69-43-1A-DA-ED-61-49-95-2A-58-A1-EB-6A-DA-DC-A7",
        "distributionPolicyId": "A0-3D-65-B1-E0-2F-83-FA-A3-5E-34-01-0B-40-DC-08-47",
        "labels": {
          "Label_1": "Value_1",
          "Id": "8A-69-43-1A-DA-ED-61-49-95-2A-58-A1-EB-6A-DA-DC-A7"
        }
      }
    },
    {
      "RequestUri": "https://rsarkar-sdktest.int.communication.azure.net/routing/jobs/E2-88-04-C8-4D-1C-2B-2D-BC-68-86-25-D0-BC-C5-67-D2?api-version=2021-10-20-preview2",
      "RequestMethod": "PATCH",
      "RequestHeaders": {
        "Accept": "application/json",
        "Authorization": "Sanitized",
        "Content-Length": "142",
        "Content-Type": "application/merge-patch\u002Bjson",
        "traceparent": "00-0866812cd695144e82449d628a8b021e-736d9365f08b0344-00",
        "User-Agent": "azsdk-net-Communication.JobRouter/1.0.0-alpha.20220615.1 (.NET Framework 4.8.4510.0; Microsoft Windows 10.0.22000 )",
        "x-ms-client-request-id": "ed785237211c10fc03e658ea9c9a50f0",
        "x-ms-content-sha256": "Sanitized",
        "x-ms-date": "Wed, 15 Jun 2022 23:45:05 GMT",
        "x-ms-return-client-request-id": "true"
      },
      "RequestBody": {
        "channelId": "D6-1D-8F-8C-09-CF-20-6E-D7-4F-79-74-C8-A9-2C-CB-1B",
        "queueId": "8A-69-43-1A-DA-ED-61-49-95-2A-58-A1-EB-6A-DA-DC-A7",
        "priority": 1
      },
      "StatusCode": 200,
      "ResponseHeaders": {
        "api-supported-versions": "2021-04-07-preview1, 2021-10-20-preview2",
        "Content-Type": "application/json; charset=utf-8",
        "Date": "Wed, 15 Jun 2022 23:45:05 GMT",
        "ETag": "\u002200000000-0000-0000-d098-1313294fda08\u0022",
        "Last-Modified": "Wed, 15 Jun 2022 23:45:05 GMT",
        "Request-Context": "appId=",
        "trace-id": "0866812cd695144e82449d628a8b021e",
        "Transfer-Encoding": "chunked",
        "X-Azure-Ref": "0AW\u002BqYgAAAADQCeQxFjFRR5wBzruoWyvCWVZSMzExMDAwMTE2MDI5AGNjOTI3NThkLTA1ZjctNGFkNi1hYTVlLTBmYTk3MThkODk4NQ==",
        "X-Cache": "CONFIG_NOCACHE"
      },
      "ResponseBody": {
        "id": "E2-88-04-C8-4D-1C-2B-2D-BC-68-86-25-D0-BC-C5-67-D2",
        "jobStatus": "created",
        "channelId": "D6-1D-8F-8C-09-CF-20-6E-D7-4F-79-74-C8-A9-2C-CB-1B",
        "queueId": "8A-69-43-1A-DA-ED-61-49-95-2A-58-A1-EB-6A-DA-DC-A7",
        "priority": 1,
        "requestedWorkerSelectors": [],
        "attachedWorkerSelectors": [],
        "labels": {},
        "assignments": {},
        "tags": {},
        "notes": {}
      }
    },
    {
      "RequestUri": "https://rsarkar-sdktest.int.communication.azure.net/routing/jobs/E2-88-04-C8-4D-1C-2B-2D-BC-68-86-25-D0-BC-C5-67-D2?api-version=2021-10-20-preview2",
      "RequestMethod": "GET",
      "RequestHeaders": {
        "Accept": "application/json",
        "Authorization": "Sanitized",
        "traceparent": "00-ca07fb7fe5f1ea408e8de72371435f6e-adc107e1f600484e-00",
        "User-Agent": "azsdk-net-Communication.JobRouter/1.0.0-alpha.20220615.1 (.NET Framework 4.8.4510.0; Microsoft Windows 10.0.22000 )",
        "x-ms-client-request-id": "3391cf99b0b8f91b808f65397d15610b",
        "x-ms-content-sha256": "Sanitized",
        "x-ms-date": "Wed, 15 Jun 2022 23:45:06 GMT",
        "x-ms-return-client-request-id": "true"
      },
      "RequestBody": null,
      "StatusCode": 200,
      "ResponseHeaders": {
        "api-supported-versions": "2021-04-07-preview1, 2021-10-20-preview2",
        "Content-Type": "application/json; charset=utf-8",
        "Date": "Wed, 15 Jun 2022 23:45:05 GMT",
        "ETag": "\u002200000000-0000-0000-d098-1313294fda08\u0022",
        "Last-Modified": "Wed, 15 Jun 2022 23:45:05 GMT",
        "Request-Context": "appId=",
        "trace-id": "ca07fb7fe5f1ea408e8de72371435f6e",
        "Transfer-Encoding": "chunked",
        "X-Azure-Ref": "0Am\u002BqYgAAAAAeaP4r/FP5T59BzQ7BVib3WVZSMzExMDAwMTE2MDI5AGNjOTI3NThkLTA1ZjctNGFkNi1hYTVlLTBmYTk3MThkODk4NQ==",
        "X-Cache": "CONFIG_NOCACHE"
      },
      "ResponseBody": {
        "id": "E2-88-04-C8-4D-1C-2B-2D-BC-68-86-25-D0-BC-C5-67-D2",
        "jobStatus": "created",
        "channelId": "D6-1D-8F-8C-09-CF-20-6E-D7-4F-79-74-C8-A9-2C-CB-1B",
        "queueId": "8A-69-43-1A-DA-ED-61-49-95-2A-58-A1-EB-6A-DA-DC-A7",
        "priority": 1,
        "requestedWorkerSelectors": [],
        "attachedWorkerSelectors": [],
        "labels": {},
        "assignments": {},
        "tags": {},
        "notes": {}
      }
    },
    {
      "RequestUri": "https://rsarkar-sdktest.int.communication.azure.net/routing/jobs/E2-88-04-C8-4D-1C-2B-2D-BC-68-86-25-D0-BC-C5-67-D2?api-version=2021-10-20-preview2",
      "RequestMethod": "GET",
      "RequestHeaders": {
        "Accept": "application/json",
        "Authorization": "Sanitized",
        "traceparent": "00-2cc8d1eec1439e4eaba2587c4311727e-3ebb98c467edfe44-00",
        "User-Agent": "azsdk-net-Communication.JobRouter/1.0.0-alpha.20220615.1 (.NET Framework 4.8.4510.0; Microsoft Windows 10.0.22000 )",
        "x-ms-client-request-id": "932674d5aa72023c89023361bed5b6e9",
        "x-ms-content-sha256": "Sanitized",
        "x-ms-date": "Wed, 15 Jun 2022 23:45:07 GMT",
        "x-ms-return-client-request-id": "true"
      },
      "RequestBody": null,
      "StatusCode": 200,
      "ResponseHeaders": {
        "api-supported-versions": "2021-04-07-preview1, 2021-10-20-preview2",
        "Content-Type": "application/json; charset=utf-8",
        "Date": "Wed, 15 Jun 2022 23:45:06 GMT",
        "ETag": "\u002200000001-0000-0000-765b-2e13294fda08\u0022",
        "Last-Modified": "Wed, 15 Jun 2022 23:45:06 GMT",
        "Request-Context": "appId=",
        "trace-id": "2cc8d1eec1439e4eaba2587c4311727e",
        "Transfer-Encoding": "chunked",
        "X-Azure-Ref": "0A2\u002BqYgAAAADfxP64L5jqTo6QH7dWrKFrWVZSMzExMDAwMTE2MDI5AGNjOTI3NThkLTA1ZjctNGFkNi1hYTVlLTBmYTk3MThkODk4NQ==",
        "X-Cache": "CONFIG_NOCACHE"
      },
      "ResponseBody": {
        "id": "E2-88-04-C8-4D-1C-2B-2D-BC-68-86-25-D0-BC-C5-67-D2",
        "jobStatus": "queued",
        "enqueueTimeUtc": "2022-06-15T23:45:06.040511\u002B00:00",
        "channelId": "D6-1D-8F-8C-09-CF-20-6E-D7-4F-79-74-C8-A9-2C-CB-1B",
        "queueId": "8A-69-43-1A-DA-ED-61-49-95-2A-58-A1-EB-6A-DA-DC-A7",
        "priority": 1,
        "requestedWorkerSelectors": [],
        "attachedWorkerSelectors": [],
        "labels": {},
        "assignments": {},
        "tags": {},
        "notes": {}
      }
    },
    {
      "RequestUri": "https://rsarkar-sdktest.int.communication.azure.net/routing/jobs/E2-88-04-C8-4D-1C-2B-2D-BC-68-86-25-D0-BC-C5-67-D2:cancel?api-version=2021-10-20-preview2",
      "RequestMethod": "POST",
      "RequestHeaders": {
        "Accept": "application/json",
        "Authorization": "Sanitized",
        "Content-Length": "2",
        "Content-Type": "application/json",
        "traceparent": "00-005fd8f13070cb49a79a748464c7fe92-9dde20ee33d9bf4f-00",
        "User-Agent": "azsdk-net-Communication.JobRouter/1.0.0-alpha.20220615.1 (.NET Framework 4.8.4510.0; Microsoft Windows 10.0.22000 )",
        "x-ms-client-request-id": "65346b00ee4686fe367e6c8cbcc392ed",
        "x-ms-content-sha256": "Sanitized",
        "x-ms-date": "Wed, 15 Jun 2022 23:45:07 GMT",
        "x-ms-return-client-request-id": "true"
      },
      "RequestBody": {},
      "StatusCode": 200,
      "ResponseHeaders": {
        "api-supported-versions": "2021-04-07-preview1, 2021-10-20-preview2",
        "Content-Type": "application/json; charset=utf-8",
        "Date": "Wed, 15 Jun 2022 23:45:06 GMT",
        "Request-Context": "appId=",
        "trace-id": "005fd8f13070cb49a79a748464c7fe92",
        "Transfer-Encoding": "chunked",
        "X-Azure-Ref": "0A2\u002BqYgAAAAAF6i9yY84dRLI4fDcBW\u002BJxWVZSMzExMDAwMTE2MDI5AGNjOTI3NThkLTA1ZjctNGFkNi1hYTVlLTBmYTk3MThkODk4NQ==",
        "X-Cache": "CONFIG_NOCACHE"
      },
      "ResponseBody": {}
    },
    {
      "RequestUri": "https://rsarkar-sdktest.int.communication.azure.net/routing/jobs/BE-D4-0B-F5-58-67-B2-DA-7F-D3-38-A7-1F-6D-98-6C-69?api-version=2021-10-20-preview2",
      "RequestMethod": "PATCH",
      "RequestHeaders": {
        "Accept": "application/json",
        "Authorization": "Sanitized",
        "Content-Length": "142",
        "Content-Type": "application/merge-patch\u002Bjson",
        "traceparent": "00-46a3270b1e78d34898795a2693fa7884-96b912b954aa1d45-00",
        "User-Agent": "azsdk-net-Communication.JobRouter/1.0.0-alpha.20220615.1 (.NET Framework 4.8.4510.0; Microsoft Windows 10.0.22000 )",
        "x-ms-client-request-id": "28144d84bd73ef7e938fa9b57dba3aab",
        "x-ms-content-sha256": "Sanitized",
        "x-ms-date": "Wed, 15 Jun 2022 23:45:07 GMT",
        "x-ms-return-client-request-id": "true"
      },
      "RequestBody": {
        "channelId": "D6-1D-8F-8C-09-CF-20-6E-D7-4F-79-74-C8-A9-2C-CB-1B",
        "queueId": "8A-69-43-1A-DA-ED-61-49-95-2A-58-A1-EB-6A-DA-DC-A7",
        "priority": 1
      },
      "StatusCode": 200,
      "ResponseHeaders": {
        "api-supported-versions": "2021-04-07-preview1, 2021-10-20-preview2",
        "Content-Type": "application/json; charset=utf-8",
        "Date": "Wed, 15 Jun 2022 23:45:07 GMT",
        "ETag": "\u002200000000-0000-0000-c46e-0714294fda08\u0022",
        "Last-Modified": "Wed, 15 Jun 2022 23:45:07 GMT",
        "Request-Context": "appId=",
        "trace-id": "46a3270b1e78d34898795a2693fa7884",
        "Transfer-Encoding": "chunked",
        "X-Azure-Ref": "0A2\u002BqYgAAAACVYPZm/lmITYqFIGz2X6yiWVZSMzExMDAwMTE2MDI5AGNjOTI3NThkLTA1ZjctNGFkNi1hYTVlLTBmYTk3MThkODk4NQ==",
        "X-Cache": "CONFIG_NOCACHE"
      },
      "ResponseBody": {
        "id": "BE-D4-0B-F5-58-67-B2-DA-7F-D3-38-A7-1F-6D-98-6C-69",
        "jobStatus": "created",
        "channelId": "D6-1D-8F-8C-09-CF-20-6E-D7-4F-79-74-C8-A9-2C-CB-1B",
        "queueId": "8A-69-43-1A-DA-ED-61-49-95-2A-58-A1-EB-6A-DA-DC-A7",
        "priority": 1,
        "requestedWorkerSelectors": [],
        "attachedWorkerSelectors": [],
        "labels": {},
        "assignments": {},
        "tags": {},
        "notes": {}
      }
    },
    {
      "RequestUri": "https://rsarkar-sdktest.int.communication.azure.net/routing/jobs/BE-D4-0B-F5-58-67-B2-DA-7F-D3-38-A7-1F-6D-98-6C-69?api-version=2021-10-20-preview2",
      "RequestMethod": "GET",
      "RequestHeaders": {
        "Accept": "application/json",
        "Authorization": "Sanitized",
        "traceparent": "00-01ccde7b94523644a0261ec8b71749c4-bb877df1695e2644-00",
        "User-Agent": "azsdk-net-Communication.JobRouter/1.0.0-alpha.20220615.1 (.NET Framework 4.8.4510.0; Microsoft Windows 10.0.22000 )",
        "x-ms-client-request-id": "12397bd8fce1e6c475a05cf33eaf45c5",
        "x-ms-content-sha256": "Sanitized",
        "x-ms-date": "Wed, 15 Jun 2022 23:45:07 GMT",
        "x-ms-return-client-request-id": "true"
      },
      "RequestBody": null,
      "StatusCode": 200,
      "ResponseHeaders": {
        "api-supported-versions": "2021-04-07-preview1, 2021-10-20-preview2",
        "Content-Type": "application/json; charset=utf-8",
        "Date": "Wed, 15 Jun 2022 23:45:07 GMT",
        "ETag": "\u002200000000-0000-0000-c46e-0714294fda08\u0022",
        "Last-Modified": "Wed, 15 Jun 2022 23:45:07 GMT",
        "Request-Context": "appId=",
        "trace-id": "01ccde7b94523644a0261ec8b71749c4",
        "Transfer-Encoding": "chunked",
        "X-Azure-Ref": "0A2\u002BqYgAAAAC9wrFpCoH0T4\u002Biy1ZO5FHtWVZSMzExMDAwMTE2MDI5AGNjOTI3NThkLTA1ZjctNGFkNi1hYTVlLTBmYTk3MThkODk4NQ==",
        "X-Cache": "CONFIG_NOCACHE"
      },
      "ResponseBody": {
        "id": "BE-D4-0B-F5-58-67-B2-DA-7F-D3-38-A7-1F-6D-98-6C-69",
        "jobStatus": "created",
        "channelId": "D6-1D-8F-8C-09-CF-20-6E-D7-4F-79-74-C8-A9-2C-CB-1B",
        "queueId": "8A-69-43-1A-DA-ED-61-49-95-2A-58-A1-EB-6A-DA-DC-A7",
        "priority": 1,
        "requestedWorkerSelectors": [],
        "attachedWorkerSelectors": [],
        "labels": {},
        "assignments": {},
        "tags": {},
        "notes": {}
      }
    },
    {
      "RequestUri": "https://rsarkar-sdktest.int.communication.azure.net/routing/jobs/BE-D4-0B-F5-58-67-B2-DA-7F-D3-38-A7-1F-6D-98-6C-69?api-version=2021-10-20-preview2",
      "RequestMethod": "GET",
      "RequestHeaders": {
        "Accept": "application/json",
        "Authorization": "Sanitized",
        "traceparent": "00-250990f0af0af943971a4703b003f21a-3f25534b33cba64d-00",
        "User-Agent": "azsdk-net-Communication.JobRouter/1.0.0-alpha.20220615.1 (.NET Framework 4.8.4510.0; Microsoft Windows 10.0.22000 )",
        "x-ms-client-request-id": "71dd456f8ec14376ed45d2b64449097b",
        "x-ms-content-sha256": "Sanitized",
        "x-ms-date": "Wed, 15 Jun 2022 23:45:08 GMT",
        "x-ms-return-client-request-id": "true"
      },
      "RequestBody": null,
      "StatusCode": 200,
      "ResponseHeaders": {
        "api-supported-versions": "2021-04-07-preview1, 2021-10-20-preview2",
        "Content-Type": "application/json; charset=utf-8",
        "Date": "Wed, 15 Jun 2022 23:45:08 GMT",
        "ETag": "\u002200000001-0000-0000-676f-6914294fda08\u0022",
        "Last-Modified": "Wed, 15 Jun 2022 23:45:08 GMT",
        "Request-Context": "appId=",
        "trace-id": "250990f0af0af943971a4703b003f21a",
        "Transfer-Encoding": "chunked",
        "X-Azure-Ref": "0BG\u002BqYgAAAACPV6hPMEj8RKXpoO2aTXi7WVZSMzExMDAwMTE2MDI5AGNjOTI3NThkLTA1ZjctNGFkNi1hYTVlLTBmYTk3MThkODk4NQ==",
        "X-Cache": "CONFIG_NOCACHE"
      },
      "ResponseBody": {
        "id": "BE-D4-0B-F5-58-67-B2-DA-7F-D3-38-A7-1F-6D-98-6C-69",
        "jobStatus": "queued",
        "enqueueTimeUtc": "2022-06-15T23:45:08.1054055\u002B00:00",
        "channelId": "D6-1D-8F-8C-09-CF-20-6E-D7-4F-79-74-C8-A9-2C-CB-1B",
        "queueId": "8A-69-43-1A-DA-ED-61-49-95-2A-58-A1-EB-6A-DA-DC-A7",
        "priority": 1,
        "requestedWorkerSelectors": [],
        "attachedWorkerSelectors": [],
        "labels": {},
        "assignments": {},
        "tags": {},
        "notes": {}
      }
    },
    {
      "RequestUri": "https://rsarkar-sdktest.int.communication.azure.net/routing/jobs?queueId=8A-69-43-1A-DA-ED-61-49-95-2A-58-A1-EB-6A-DA-DC-A7\u0026channelId=D6-1D-8F-8C-09-CF-20-6E-D7-4F-79-74-C8-A9-2C-CB-1B\u0026maxpagesize=100\u0026api-version=2021-10-20-preview2",
      "RequestMethod": "GET",
      "RequestHeaders": {
        "Accept": "application/json",
        "Authorization": "Sanitized",
        "traceparent": "00-2c5ed5862ac3884db8566c3276606887-9d92111870234841-00",
        "User-Agent": "azsdk-net-Communication.JobRouter/1.0.0-alpha.20220615.1 (.NET Framework 4.8.4510.0; Microsoft Windows 10.0.22000 )",
        "x-ms-client-request-id": "40b4c043808a880c882db2d3608ab0e3",
        "x-ms-content-sha256": "Sanitized",
        "x-ms-date": "Wed, 15 Jun 2022 23:45:08 GMT",
        "x-ms-return-client-request-id": "true"
      },
      "RequestBody": null,
      "StatusCode": 200,
      "ResponseHeaders": {
        "api-supported-versions": "2021-04-07-preview1, 2021-10-20-preview2",
        "Content-Type": "application/json; charset=utf-8",
        "Date": "Wed, 15 Jun 2022 23:45:08 GMT",
        "Request-Context": "appId=",
        "trace-id": "2c5ed5862ac3884db8566c3276606887",
        "Transfer-Encoding": "chunked",
        "X-Azure-Ref": "0BG\u002BqYgAAAAC/NMJ7zuc2TpSAXY4C3gQkWVZSMzExMDAwMTE2MDI5AGNjOTI3NThkLTA1ZjctNGFkNi1hYTVlLTBmYTk3MThkODk4NQ==",
        "X-Cache": "CONFIG_NOCACHE"
      },
      "ResponseBody": {
        "value": [
          {
            "etag": "\u002200000002-0000-0000-3d8d-ea13294fda08\u0022",
            "id": "E2-88-04-C8-4D-1C-2B-2D-BC-68-86-25-D0-BC-C5-67-D2",
            "jobStatus": "cancelled",
            "enqueueTimeUtc": "2022-06-15T23:45:06.040511\u002B00:00",
            "channelId": "D6-1D-8F-8C-09-CF-20-6E-D7-4F-79-74-C8-A9-2C-CB-1B",
            "queueId": "8A-69-43-1A-DA-ED-61-49-95-2A-58-A1-EB-6A-DA-DC-A7",
            "priority": 1,
            "dispositionCode": "Cancelled",
            "requestedWorkerSelectors": [],
            "attachedWorkerSelectors": [],
            "labels": {},
            "assignments": {},
            "tags": {},
            "notes": {}
          },
          {
            "etag": "\u002200000001-0000-0000-676f-6914294fda08\u0022",
            "id": "BE-D4-0B-F5-58-67-B2-DA-7F-D3-38-A7-1F-6D-98-6C-69",
            "jobStatus": "queued",
            "enqueueTimeUtc": "2022-06-15T23:45:08.1054055\u002B00:00",
            "channelId": "D6-1D-8F-8C-09-CF-20-6E-D7-4F-79-74-C8-A9-2C-CB-1B",
            "queueId": "8A-69-43-1A-DA-ED-61-49-95-2A-58-A1-EB-6A-DA-DC-A7",
            "priority": 1,
            "requestedWorkerSelectors": [],
            "attachedWorkerSelectors": [],
            "labels": {},
            "assignments": {},
            "tags": {},
            "notes": {}
          }
        ]
      }
    }
  ],
  "Variables": {
    "COMMUNICATION_LIVETEST_DYNAMIC_CONNECTION_STRING": "endpoint=https://rsarkar-sdktest.int.communication.azure.net/;accesskey=Kg==",
    "id-prefix": "sdk-0GCqrKeuC06G4RP9GV3bGg-",
    "RandomSeed": "1195557467"
  }
}
