{
  "Entries": [
    {
      "RequestUri": "https://mohitc-acs.search.windows.net/indexes(\u0027uavmbges\u0027)/docs/search.index?api-version=2020-06-30",
      "RequestMethod": "POST",
      "RequestHeaders": {
        "Accept": "application/json; odata.metadata=none",
        "api-key": "Sanitized",
        "Content-Length": "553",
        "Content-Type": "application/json",
        "traceparent": "00-147ae8eaba02ca4a86287f354978ef34-fa8ed17b12d6294e-00",
        "User-Agent": [
          "azsdk-net-Search.Documents/11.3.0-alpha.20210326.1",
          "(.NET Core 4.6.29719.03; Microsoft Windows 10.0.19043 )"
        ],
        "x-ms-client-request-id": "24a4f4785ace54d0676f90da72dde4e1",
        "x-ms-return-client-request-id": "true"
      },
      "RequestBody": {
        "value": [
          {
            "@search.action": "upload",
            "hotelId": "1",
            "hotelName": null,
            "description": null,
            "descriptionFr": null,
            "category": null,
            "tags": [],
            "parkingIncluded": null,
            "smokingAllowed": null,
            "lastRenovationDate": null,
            "rating": null,
            "geoLocation": null,
            "location": null,
            "address": null,
            "rooms": []
          },
          {
            "@search.action": "upload",
            "hotelId": "2",
            "hotelName": null,
            "description": null,
            "descriptionFr": null,
            "category": null,
            "tags": [],
            "parkingIncluded": null,
            "smokingAllowed": null,
            "lastRenovationDate": null,
            "rating": null,
            "geoLocation": null,
            "location": null,
            "address": null,
            "rooms": []
          }
        ]
      },
      "StatusCode": 200,
      "ResponseHeaders": {
        "Cache-Control": "no-cache",
        "client-request-id": "24a4f478-5ace-54d0-676f-90da72dde4e1",
        "Content-Length": "137",
        "Content-Type": "application/json; odata.metadata=none",
        "Date": "Sat, 27 Mar 2021 18:26:03 GMT",
        "elapsed-time": "116",
        "Expires": "-1",
        "OData-Version": "4.0",
        "Pragma": "no-cache",
        "Preference-Applied": "odata.include-annotations=\u0022*\u0022",
        "request-id": "24a4f478-5ace-54d0-676f-90da72dde4e1",
        "Strict-Transport-Security": "max-age=15724800; includeSubDomains",
        "x-ms-client-request-id": "24a4f478-5ace-54d0-676f-90da72dde4e1"
      },
      "ResponseBody": {
        "value": [
          {
            "key": "1",
            "status": true,
            "errorMessage": null,
            "statusCode": 201
          },
          {
            "key": "2",
            "status": true,
            "errorMessage": null,
            "statusCode": 201
          }
        ]
      }
    },
    {
      "RequestUri": "https://mohitc-acs.search.windows.net/indexes(\u0027uavmbges\u0027)/docs/$count?api-version=2020-06-30",
      "RequestMethod": "GET",
      "RequestHeaders": {
        "Accept": "application/json; odata.metadata=none",
        "api-key": "Sanitized",
        "traceparent": "00-034c12302e1fd845b1684fd2ac337f0a-acb0d691f055e145-00",
        "User-Agent": [
          "azsdk-net-Search.Documents/11.3.0-alpha.20210326.1",
          "(.NET Core 4.6.29719.03; Microsoft Windows 10.0.19043 )"
        ],
        "x-ms-client-request-id": "81c662216cffeed460af5d745e06a65b",
        "x-ms-return-client-request-id": "true"
      },
      "RequestBody": null,
      "StatusCode": 200,
      "ResponseHeaders": {
        "Cache-Control": "no-cache",
        "client-request-id": "81c66221-6cff-eed4-60af-5d745e06a65b",
        "Content-Length": "4",
        "Content-Type": "text/plain",
        "Date": "Sat, 27 Mar 2021 18:26:05 GMT",
        "elapsed-time": "7",
        "Expires": "-1",
        "OData-Version": "4.0",
        "Pragma": "no-cache",
        "Preference-Applied": "odata.include-annotations=\u0022*\u0022",
        "request-id": "81c66221-6cff-eed4-60af-5d745e06a65b",
        "Strict-Transport-Security": "max-age=15724800; includeSubDomains",
        "x-ms-client-request-id": "81c66221-6cff-eed4-60af-5d745e06a65b"
      },
      "ResponseBody": "\uFEFF2"
    },
    {
      "RequestUri": "https://mohitc-acs.search.windows.net/indexes(\u0027uavmbges\u0027)/docs/search.index?api-version=2020-06-30",
      "RequestMethod": "POST",
      "RequestHeaders": {
        "Accept": "application/json; odata.metadata=none",
        "api-key": "Sanitized",
        "Content-Length": "95",
        "Content-Type": "application/json",
        "traceparent": "00-0e2097359f28b34ebcab6339f66ac383-93a894e7c4e7ee43-00",
        "User-Agent": [
          "azsdk-net-Search.Documents/11.3.0-alpha.20210326.1",
          "(.NET Core 4.6.29719.03; Microsoft Windows 10.0.19043 )"
        ],
        "x-ms-client-request-id": "d842c065667af648595940b29f832ee7",
        "x-ms-return-client-request-id": "true"
      },
      "RequestBody": {
        "value": [
          {
            "@search.action": "delete",
            "hotelId": "1"
          },
          {
            "@search.action": "delete",
            "hotelId": "2"
          }
        ]
      },
      "StatusCode": 200,
      "ResponseHeaders": {
        "Cache-Control": "no-cache",
        "client-request-id": "d842c065-667a-f648-5959-40b29f832ee7",
        "Content-Length": "137",
        "Content-Type": "application/json; odata.metadata=none",
        "Date": "Sat, 27 Mar 2021 18:26:05 GMT",
        "elapsed-time": "52",
        "Expires": "-1",
        "OData-Version": "4.0",
        "Pragma": "no-cache",
        "Preference-Applied": "odata.include-annotations=\u0022*\u0022",
        "request-id": "d842c065-667a-f648-5959-40b29f832ee7",
        "Strict-Transport-Security": "max-age=15724800; includeSubDomains",
        "x-ms-client-request-id": "d842c065-667a-f648-5959-40b29f832ee7"
      },
      "ResponseBody": {
        "value": [
          {
            "key": "1",
            "status": true,
            "errorMessage": null,
            "statusCode": 200
          },
          {
            "key": "2",
            "status": true,
            "errorMessage": null,
            "statusCode": 200
          }
        ]
      }
    },
    {
      "RequestUri": "https://mohitc-acs.search.windows.net/indexes(\u0027uavmbges\u0027)/docs/$count?api-version=2020-06-30",
      "RequestMethod": "GET",
      "RequestHeaders": {
        "Accept": "application/json; odata.metadata=none",
        "api-key": "Sanitized",
        "traceparent": "00-b9ea11993eb96349bd64253e7dce57e3-47065b2d4bbe9e40-00",
        "User-Agent": [
          "azsdk-net-Search.Documents/11.3.0-alpha.20210326.1",
          "(.NET Core 4.6.29719.03; Microsoft Windows 10.0.19043 )"
        ],
        "x-ms-client-request-id": "3fcd5e96716e0b8820b6c41ffd5bf660",
        "x-ms-return-client-request-id": "true"
      },
      "RequestBody": null,
      "StatusCode": 200,
      "ResponseHeaders": {
        "Cache-Control": "no-cache",
        "client-request-id": "3fcd5e96-716e-0b88-20b6-c41ffd5bf660",
        "Content-Length": "4",
        "Content-Type": "text/plain",
        "Date": "Sat, 27 Mar 2021 18:26:07 GMT",
        "elapsed-time": "6",
        "Expires": "-1",
        "OData-Version": "4.0",
        "Pragma": "no-cache",
        "Preference-Applied": "odata.include-annotations=\u0022*\u0022",
        "request-id": "3fcd5e96-716e-0b88-20b6-c41ffd5bf660",
        "Strict-Transport-Security": "max-age=15724800; includeSubDomains",
        "x-ms-client-request-id": "3fcd5e96-716e-0b88-20b6-c41ffd5bf660"
      },
      "ResponseBody": "\uFEFF0"
    },
    {
      "RequestUri": "https://mohitc-acs.search.windows.net/indexes(\u0027uavmbges\u0027)?api-version=2020-06-30",
      "RequestMethod": "DELETE",
      "RequestHeaders": {
        "Accept": "application/json; odata.metadata=minimal",
        "api-key": "Sanitized",
        "traceparent": "00-2ebfb017d54a1841b4cda4f36dc78682-cf6a865a27f6514b-00",
        "User-Agent": [
          "azsdk-net-Search.Documents/11.3.0-alpha.20210326.1",
          "(.NET Core 4.6.29719.03; Microsoft Windows 10.0.19043 )"
        ],
        "x-ms-client-request-id": "b17534c90c9bba6619cf28a52b214edc",
        "x-ms-return-client-request-id": "true"
      },
      "RequestBody": null,
      "StatusCode": 204,
      "ResponseHeaders": {
        "Cache-Control": "no-cache",
        "client-request-id": "b17534c9-0c9b-ba66-19cf-28a52b214edc",
        "Date": "Sat, 27 Mar 2021 18:26:07 GMT",
        "elapsed-time": "184",
        "Expires": "-1",
        "Pragma": "no-cache",
        "request-id": "b17534c9-0c9b-ba66-19cf-28a52b214edc",
        "Strict-Transport-Security": "max-age=15724800; includeSubDomains",
        "x-ms-client-request-id": "b17534c9-0c9b-ba66-19cf-28a52b214edc"
      },
      "ResponseBody": []
    }
  ],
  "Variables": {
    "RandomSeed": "432976220",
    "SearchIndexName": "uavmbges",
    "SEARCH_ADMIN_API_KEY": "Sanitized",
    "SEARCH_ENDPOINT_SUFFIX": null,
    "SEARCH_SERVICE_NAME": "mohitc-acs"
  }
}