{
  "Entries": [
    {
      "RequestUri": "https://azs-net-t50d8619e0b774b52.search.windows.net/indexes(\u0027pbvtmtop\u0027)/docs/search.index?api-version=2020-06-30",
      "RequestMethod": "POST",
      "RequestHeaders": {
        "Accept": "application/json; odata.metadata=none",
        "api-key": "Sanitized",
        "Content-Length": "515",
        "Content-Type": "application/json",
        "traceparent": "00-9fe30508eb856a4e90d039695364ee52-2ba181b44292bf49-00",
        "User-Agent": [
          "azsdk-net-Search.Documents/11.2.0-dev.20200820.2",
          "(.NET Core 4.6.27514.02; Microsoft Windows 10.0.17763 )"
        ],
        "x-ms-client-request-id": "9a1bff16231abc751588e22f1bb62dd1",
        "x-ms-return-client-request-id": "true"
      },
      "RequestBody": {
        "value": [
          {
            "@search.action": "upload",
            "hotelId": "1",
            "hotelName": null,
            "description": null,
            "descriptionFr": null,
            "category": null,
            "tags": [],
            "parkingIncluded": null,
            "smokingAllowed": null,
            "lastRenovationDate": null,
            "rating": null,
            "location": null,
            "address": null,
            "rooms": []
          },
          {
            "@search.action": "upload",
            "hotelId": "2",
            "hotelName": null,
            "description": null,
            "descriptionFr": null,
            "category": null,
            "tags": [],
            "parkingIncluded": null,
            "smokingAllowed": null,
            "lastRenovationDate": null,
            "rating": null,
            "location": null,
            "address": null,
            "rooms": []
          }
        ]
      },
      "StatusCode": 200,
      "ResponseHeaders": {
        "Cache-Control": "no-cache",
        "client-request-id": "9a1bff16-231a-bc75-1588-e22f1bb62dd1",
        "Content-Length": "137",
        "Content-Type": "application/json; odata.metadata=none",
        "Date": "Thu, 20 Aug 2020 18:16:31 GMT",
        "elapsed-time": "92",
        "Expires": "-1",
        "OData-Version": "4.0",
        "Pragma": "no-cache",
        "Preference-Applied": "odata.include-annotations=\u0022*\u0022",
        "request-id": "9a1bff16-231a-bc75-1588-e22f1bb62dd1",
        "Strict-Transport-Security": "max-age=15724800; includeSubDomains",
        "x-ms-client-request-id": "9a1bff16-231a-bc75-1588-e22f1bb62dd1"
      },
      "ResponseBody": {
        "value": [
          {
            "key": "1",
            "status": true,
            "errorMessage": null,
            "statusCode": 201
          },
          {
            "key": "2",
            "status": true,
            "errorMessage": null,
            "statusCode": 201
          }
        ]
      }
    },
    {
      "RequestUri": "https://azs-net-t50d8619e0b774b52.search.windows.net/indexes(\u0027pbvtmtop\u0027)/docs/$count?api-version=2020-06-30",
      "RequestMethod": "GET",
      "RequestHeaders": {
        "Accept": [
          "application/json; odata.metadata=none",
          "application/json"
        ],
        "api-key": "Sanitized",
        "traceparent": "00-c6b32ff81a6c884780508ecb5362f184-b9361555e6e3b447-00",
        "User-Agent": [
          "azsdk-net-Search.Documents/11.2.0-dev.20200820.2",
          "(.NET Core 4.6.27514.02; Microsoft Windows 10.0.17763 )"
        ],
        "x-ms-client-request-id": "2a68e09fe70929f94e44de948f12181c",
        "x-ms-return-client-request-id": "true"
      },
      "RequestBody": null,
      "StatusCode": 200,
      "ResponseHeaders": {
        "Cache-Control": "no-cache",
        "client-request-id": "2a68e09f-e709-29f9-4e44-de948f12181c",
        "Content-Length": "4",
        "Content-Type": "text/plain",
        "Date": "Thu, 20 Aug 2020 18:16:34 GMT",
        "elapsed-time": "3",
        "Expires": "-1",
        "OData-Version": "4.0",
        "Pragma": "no-cache",
        "Preference-Applied": "odata.include-annotations=\u0022*\u0022",
        "request-id": "2a68e09f-e709-29f9-4e44-de948f12181c",
        "Strict-Transport-Security": "max-age=15724800; includeSubDomains",
        "x-ms-client-request-id": "2a68e09f-e709-29f9-4e44-de948f12181c"
      },
      "ResponseBody": "\uFEFF2"
    },
    {
      "RequestUri": "https://azs-net-t50d8619e0b774b52.search.windows.net/indexes(\u0027pbvtmtop\u0027)/docs/search.index?api-version=2020-06-30",
      "RequestMethod": "POST",
      "RequestHeaders": {
        "Accept": "application/json; odata.metadata=none",
        "api-key": "Sanitized",
        "Content-Length": "95",
        "Content-Type": "application/json",
        "traceparent": "00-ba30359c7c52ab4dbcacb3f1f866f049-7a4a999f784ba94a-00",
        "User-Agent": [
          "azsdk-net-Search.Documents/11.2.0-dev.20200820.2",
          "(.NET Core 4.6.27514.02; Microsoft Windows 10.0.17763 )"
        ],
        "x-ms-client-request-id": "2e8060ad12fd20dd69d256285fe0c3f1",
        "x-ms-return-client-request-id": "true"
      },
      "RequestBody": {
        "value": [
          {
            "@search.action": "delete",
            "hotelId": "1"
          },
          {
            "@search.action": "delete",
            "hotelId": "2"
          }
        ]
      },
      "StatusCode": 200,
      "ResponseHeaders": {
        "Cache-Control": "no-cache",
        "client-request-id": "2e8060ad-12fd-20dd-69d2-56285fe0c3f1",
        "Content-Length": "137",
        "Content-Type": "application/json; odata.metadata=none",
        "Date": "Thu, 20 Aug 2020 18:16:34 GMT",
        "elapsed-time": "32",
        "Expires": "-1",
        "OData-Version": "4.0",
        "Pragma": "no-cache",
        "Preference-Applied": "odata.include-annotations=\u0022*\u0022",
        "request-id": "2e8060ad-12fd-20dd-69d2-56285fe0c3f1",
        "Strict-Transport-Security": "max-age=15724800; includeSubDomains",
        "x-ms-client-request-id": "2e8060ad-12fd-20dd-69d2-56285fe0c3f1"
      },
      "ResponseBody": {
        "value": [
          {
            "key": "1",
            "status": true,
            "errorMessage": null,
            "statusCode": 200
          },
          {
            "key": "2",
            "status": true,
            "errorMessage": null,
            "statusCode": 200
          }
        ]
      }
    },
    {
      "RequestUri": "https://azs-net-t50d8619e0b774b52.search.windows.net/indexes(\u0027pbvtmtop\u0027)/docs/$count?api-version=2020-06-30",
      "RequestMethod": "GET",
      "RequestHeaders": {
        "Accept": [
          "application/json; odata.metadata=none",
          "application/json"
        ],
        "api-key": "Sanitized",
        "traceparent": "00-08e255a8bf45274da46cc0fd28b12017-f9025299d92f014a-00",
        "User-Agent": [
          "azsdk-net-Search.Documents/11.2.0-dev.20200820.2",
          "(.NET Core 4.6.27514.02; Microsoft Windows 10.0.17763 )"
        ],
        "x-ms-client-request-id": "b614be8be5c02fbb05f14bd545e02d03",
        "x-ms-return-client-request-id": "true"
      },
      "RequestBody": null,
      "StatusCode": 200,
      "ResponseHeaders": {
        "Cache-Control": "no-cache",
        "client-request-id": "b614be8b-e5c0-2fbb-05f1-4bd545e02d03",
        "Content-Length": "4",
        "Content-Type": "text/plain",
        "Date": "Thu, 20 Aug 2020 18:16:36 GMT",
        "elapsed-time": "5",
        "Expires": "-1",
        "OData-Version": "4.0",
        "Pragma": "no-cache",
        "Preference-Applied": "odata.include-annotations=\u0022*\u0022",
        "request-id": "b614be8b-e5c0-2fbb-05f1-4bd545e02d03",
        "Strict-Transport-Security": "max-age=15724800; includeSubDomains",
        "x-ms-client-request-id": "b614be8b-e5c0-2fbb-05f1-4bd545e02d03"
      },
      "ResponseBody": "\uFEFF0"
    },
    {
      "RequestUri": "https://azs-net-t50d8619e0b774b52.search.windows.net/indexes(\u0027pbvtmtop\u0027)?api-version=2020-06-30",
      "RequestMethod": "DELETE",
      "RequestHeaders": {
        "Accept": [
          "application/json; odata.metadata=minimal",
          "application/json"
        ],
        "api-key": "Sanitized",
        "traceparent": "00-d041fdd72b510b409d52f4a96ec94679-b45fe728416a4043-00",
        "User-Agent": [
          "azsdk-net-Search.Documents/11.2.0-dev.20200820.2",
          "(.NET Core 4.6.27514.02; Microsoft Windows 10.0.17763 )"
        ],
        "x-ms-client-request-id": "bb82c56fff358dd30348c13790d0ca6d",
        "x-ms-return-client-request-id": "true"
      },
      "RequestBody": null,
      "StatusCode": 204,
      "ResponseHeaders": {
        "Cache-Control": "no-cache",
        "client-request-id": "bb82c56f-ff35-8dd3-0348-c13790d0ca6d",
        "Date": "Thu, 20 Aug 2020 18:16:36 GMT",
        "elapsed-time": "547",
        "Expires": "-1",
        "Pragma": "no-cache",
        "request-id": "bb82c56f-ff35-8dd3-0348-c13790d0ca6d",
        "Strict-Transport-Security": "max-age=15724800; includeSubDomains",
        "x-ms-client-request-id": "bb82c56f-ff35-8dd3-0348-c13790d0ca6d"
      },
      "ResponseBody": []
    }
  ],
  "Variables": {
    "RandomSeed": "282699616",
    "SearchIndexName": "pbvtmtop",
    "SEARCH_ADMIN_API_KEY": "Sanitized",
    "SEARCH_SERVICE_NAME": "azs-net-t50d8619e0b774b52"
  }
}