{
  "Entries": [
    {
      "RequestUri": "https://azs-net-t50d8619e0b774b52.search.windows.net/indexes(\u0027lxfrwlte\u0027)/docs/search.index?api-version=2020-06-30",
      "RequestMethod": "POST",
      "RequestHeaders": {
        "Accept": "application/json; odata.metadata=none",
        "api-key": "Sanitized",
        "Content-Length": "166",
        "Content-Type": "application/json",
        "traceparent": "00-1a63abcdde62804aa6d2cc4386b626c6-f582af2adba23242-00",
        "User-Agent": [
          "azsdk-net-Search.Documents/11.2.0-dev.20200820.2",
          "(.NET Core 4.6.27514.02; Microsoft Windows 10.0.17763 )"
        ],
        "x-ms-client-request-id": "009d12dad910189c0237a18060ad961c",
        "x-ms-return-client-request-id": "true"
      },
      "RequestBody": {
        "value": [
          {
            "@search.action": "upload",
            "hotelId": "1",
            "hotelName": "Highway Hole in the Wall"
          },
          {
            "@search.action": "upload",
            "hotelId": "2",
            "hotelName": "Freeway Flophouse"
          }
        ]
      },
      "StatusCode": 200,
      "ResponseHeaders": {
        "Cache-Control": "no-cache",
        "client-request-id": "009d12da-d910-189c-0237-a18060ad961c",
        "Content-Length": "137",
        "Content-Type": "application/json; odata.metadata=none",
        "Date": "Thu, 20 Aug 2020 18:11:39 GMT",
        "elapsed-time": "91",
        "Expires": "-1",
        "OData-Version": "4.0",
        "Pragma": "no-cache",
        "Preference-Applied": "odata.include-annotations=\u0022*\u0022",
        "request-id": "009d12da-d910-189c-0237-a18060ad961c",
        "Strict-Transport-Security": "max-age=15724800; includeSubDomains",
        "x-ms-client-request-id": "009d12da-d910-189c-0237-a18060ad961c"
      },
      "ResponseBody": {
        "value": [
          {
            "key": "1",
            "status": true,
            "errorMessage": null,
            "statusCode": 201
          },
          {
            "key": "2",
            "status": true,
            "errorMessage": null,
            "statusCode": 201
          }
        ]
      }
    },
    {
      "RequestUri": "https://azs-net-t50d8619e0b774b52.search.windows.net/indexes(\u0027lxfrwlte\u0027)/docs/$count?api-version=2020-06-30",
      "RequestMethod": "GET",
      "RequestHeaders": {
        "Accept": [
          "application/json; odata.metadata=none",
          "application/json"
        ],
        "api-key": "Sanitized",
        "traceparent": "00-810ee58dd8402540ad381207b65a1381-b8f286b95054a849-00",
        "User-Agent": [
          "azsdk-net-Search.Documents/11.2.0-dev.20200820.2",
          "(.NET Core 4.6.27514.02; Microsoft Windows 10.0.17763 )"
        ],
        "x-ms-client-request-id": "b7137130e6fc20418415e7ddcf9f0ff2",
        "x-ms-return-client-request-id": "true"
      },
      "RequestBody": null,
      "StatusCode": 200,
      "ResponseHeaders": {
        "Cache-Control": "no-cache",
        "client-request-id": "b7137130-e6fc-2041-8415-e7ddcf9f0ff2",
        "Content-Length": "4",
        "Content-Type": "text/plain",
        "Date": "Thu, 20 Aug 2020 18:11:41 GMT",
        "elapsed-time": "4",
        "Expires": "-1",
        "OData-Version": "4.0",
        "Pragma": "no-cache",
        "Preference-Applied": "odata.include-annotations=\u0022*\u0022",
        "request-id": "b7137130-e6fc-2041-8415-e7ddcf9f0ff2",
        "Strict-Transport-Security": "max-age=15724800; includeSubDomains",
        "x-ms-client-request-id": "b7137130-e6fc-2041-8415-e7ddcf9f0ff2"
      },
      "ResponseBody": "\uFEFF2"
    },
    {
      "RequestUri": "https://azs-net-t50d8619e0b774b52.search.windows.net/indexes(\u0027lxfrwlte\u0027)/docs/search.index?api-version=2020-06-30",
      "RequestMethod": "POST",
      "RequestHeaders": {
        "Accept": "application/json; odata.metadata=none",
        "api-key": "Sanitized",
        "Content-Length": "80",
        "Content-Type": "application/json",
        "traceparent": "00-6e7ffd745321104ebdfe9076c8a29d9f-d0d68796eaf9cb4e-00",
        "User-Agent": [
          "azsdk-net-Search.Documents/11.2.0-dev.20200820.2",
          "(.NET Core 4.6.27514.02; Microsoft Windows 10.0.17763 )"
        ],
        "x-ms-client-request-id": "1bee5a52db9b4146ea0659759d78907f",
        "x-ms-return-client-request-id": "true"
      },
      "RequestBody": {
        "value": [
          {
            "@search.action": "merge",
            "hotelId": "1",
            "hotelName": "Highway Haven"
          }
        ]
      },
      "StatusCode": 200,
      "ResponseHeaders": {
        "Cache-Control": "no-cache",
        "client-request-id": "1bee5a52-db9b-4146-ea06-59759d78907f",
        "Content-Length": "74",
        "Content-Type": "application/json; odata.metadata=none",
        "Date": "Thu, 20 Aug 2020 18:11:41 GMT",
        "elapsed-time": "42",
        "Expires": "-1",
        "OData-Version": "4.0",
        "Pragma": "no-cache",
        "Preference-Applied": "odata.include-annotations=\u0022*\u0022",
        "request-id": "1bee5a52-db9b-4146-ea06-59759d78907f",
        "Strict-Transport-Security": "max-age=15724800; includeSubDomains",
        "x-ms-client-request-id": "1bee5a52-db9b-4146-ea06-59759d78907f"
      },
      "ResponseBody": {
        "value": [
          {
            "key": "1",
            "status": true,
            "errorMessage": null,
            "statusCode": 200
          }
        ]
      }
    },
    {
      "RequestUri": "https://azs-net-t50d8619e0b774b52.search.windows.net/indexes(\u0027lxfrwlte\u0027)/docs/$count?api-version=2020-06-30",
      "RequestMethod": "GET",
      "RequestHeaders": {
        "Accept": [
          "application/json; odata.metadata=none",
          "application/json"
        ],
        "api-key": "Sanitized",
        "traceparent": "00-c9bcede370fd524895404dd65098bd2b-00e734eb705fb346-00",
        "User-Agent": [
          "azsdk-net-Search.Documents/11.2.0-dev.20200820.2",
          "(.NET Core 4.6.27514.02; Microsoft Windows 10.0.17763 )"
        ],
        "x-ms-client-request-id": "465eb5c61dfef46cd07d7bfbf2be4962",
        "x-ms-return-client-request-id": "true"
      },
      "RequestBody": null,
      "StatusCode": 200,
      "ResponseHeaders": {
        "Cache-Control": "no-cache",
        "client-request-id": "465eb5c6-1dfe-f46c-d07d-7bfbf2be4962",
        "Content-Length": "4",
        "Content-Type": "text/plain",
        "Date": "Thu, 20 Aug 2020 18:11:43 GMT",
        "elapsed-time": "4",
        "Expires": "-1",
        "OData-Version": "4.0",
        "Pragma": "no-cache",
        "Preference-Applied": "odata.include-annotations=\u0022*\u0022",
        "request-id": "465eb5c6-1dfe-f46c-d07d-7bfbf2be4962",
        "Strict-Transport-Security": "max-age=15724800; includeSubDomains",
        "x-ms-client-request-id": "465eb5c6-1dfe-f46c-d07d-7bfbf2be4962"
      },
      "ResponseBody": "\uFEFF2"
    },
    {
      "RequestUri": "https://azs-net-t50d8619e0b774b52.search.windows.net/indexes(\u0027lxfrwlte\u0027)/docs(\u00271\u0027)?api-version=2020-06-30",
      "RequestMethod": "GET",
      "RequestHeaders": {
        "Accept": [
          "application/json; odata.metadata=none",
          "application/json"
        ],
        "api-key": "Sanitized",
        "traceparent": "00-2d5c4e0f82d4b440acadcbcf9173e46f-86f5b3f764f59445-00",
        "User-Agent": [
          "azsdk-net-Search.Documents/11.2.0-dev.20200820.2",
          "(.NET Core 4.6.27514.02; Microsoft Windows 10.0.17763 )"
        ],
        "x-ms-client-request-id": "052eaf277abe54812bd2cdf58dcc820c",
        "x-ms-return-client-request-id": "true"
      },
      "RequestBody": null,
      "StatusCode": 200,
      "ResponseHeaders": {
        "Cache-Control": "no-cache",
        "client-request-id": "052eaf27-7abe-5481-2bd2-cdf58dcc820c",
        "Content-Length": "236",
        "Content-Type": "application/json; odata.metadata=none",
        "Date": "Thu, 20 Aug 2020 18:11:43 GMT",
        "elapsed-time": "7",
        "Expires": "-1",
        "OData-Version": "4.0",
        "Pragma": "no-cache",
        "Preference-Applied": "odata.include-annotations=\u0022*\u0022",
        "request-id": "052eaf27-7abe-5481-2bd2-cdf58dcc820c",
        "Strict-Transport-Security": "max-age=15724800; includeSubDomains",
        "x-ms-client-request-id": "052eaf27-7abe-5481-2bd2-cdf58dcc820c"
      },
      "ResponseBody": {
        "hotelId": "1",
        "hotelName": "Highway Haven",
        "description": null,
        "descriptionFr": null,
        "category": null,
        "tags": [],
        "parkingIncluded": null,
        "smokingAllowed": null,
        "lastRenovationDate": null,
        "rating": null,
        "location": null,
        "address": null,
        "rooms": []
      }
    },
    {
      "RequestUri": "https://azs-net-t50d8619e0b774b52.search.windows.net/indexes(\u0027lxfrwlte\u0027)/docs/search.index?api-version=2020-06-30",
      "RequestMethod": "POST",
      "RequestHeaders": {
        "Accept": "application/json; odata.metadata=none",
        "api-key": "Sanitized",
        "Content-Length": "201",
        "Content-Type": "application/json",
        "traceparent": "00-b76c11e3f5342f46850c5cab82284557-9cdef3f09e0bb443-00",
        "User-Agent": [
          "azsdk-net-Search.Documents/11.2.0-dev.20200820.2",
          "(.NET Core 4.6.27514.02; Microsoft Windows 10.0.17763 )"
        ],
        "x-ms-client-request-id": "19166785c94135f3edfa4b1d5f4a4e2b",
        "x-ms-return-client-request-id": "true"
      },
      "RequestBody": {
        "value": [
          {
            "@search.action": "mergeOrUpload",
            "hotelId": "2",
            "hotelName": "Freeway Freedom"
          },
          {
            "@search.action": "mergeOrUpload",
            "hotelId": "3",
            "hotelName": "Basically a gas station bathroom, but with beds"
          }
        ]
      },
      "StatusCode": 200,
      "ResponseHeaders": {
        "Cache-Control": "no-cache",
        "client-request-id": "19166785-c941-35f3-edfa-4b1d5f4a4e2b",
        "Content-Length": "137",
        "Content-Type": "application/json; odata.metadata=none",
        "Date": "Thu, 20 Aug 2020 18:11:43 GMT",
        "elapsed-time": "38",
        "Expires": "-1",
        "OData-Version": "4.0",
        "Pragma": "no-cache",
        "Preference-Applied": "odata.include-annotations=\u0022*\u0022",
        "request-id": "19166785-c941-35f3-edfa-4b1d5f4a4e2b",
        "Strict-Transport-Security": "max-age=15724800; includeSubDomains",
        "x-ms-client-request-id": "19166785-c941-35f3-edfa-4b1d5f4a4e2b"
      },
      "ResponseBody": {
        "value": [
          {
            "key": "2",
            "status": true,
            "errorMessage": null,
            "statusCode": 200
          },
          {
            "key": "3",
            "status": true,
            "errorMessage": null,
            "statusCode": 201
          }
        ]
      }
    },
    {
      "RequestUri": "https://azs-net-t50d8619e0b774b52.search.windows.net/indexes(\u0027lxfrwlte\u0027)/docs/$count?api-version=2020-06-30",
      "RequestMethod": "GET",
      "RequestHeaders": {
        "Accept": [
          "application/json; odata.metadata=none",
          "application/json"
        ],
        "api-key": "Sanitized",
        "traceparent": "00-6c30f1a104bd484491c4823ab798f753-7c2db860bac1974d-00",
        "User-Agent": [
          "azsdk-net-Search.Documents/11.2.0-dev.20200820.2",
          "(.NET Core 4.6.27514.02; Microsoft Windows 10.0.17763 )"
        ],
        "x-ms-client-request-id": "ee4df6bd8a4a4cc133091a2c4f766703",
        "x-ms-return-client-request-id": "true"
      },
      "RequestBody": null,
      "StatusCode": 200,
      "ResponseHeaders": {
        "Cache-Control": "no-cache",
        "client-request-id": "ee4df6bd-8a4a-4cc1-3309-1a2c4f766703",
        "Content-Length": "4",
        "Content-Type": "text/plain",
        "Date": "Thu, 20 Aug 2020 18:11:46 GMT",
        "elapsed-time": "6",
        "Expires": "-1",
        "OData-Version": "4.0",
        "Pragma": "no-cache",
        "Preference-Applied": "odata.include-annotations=\u0022*\u0022",
        "request-id": "ee4df6bd-8a4a-4cc1-3309-1a2c4f766703",
        "Strict-Transport-Security": "max-age=15724800; includeSubDomains",
        "x-ms-client-request-id": "ee4df6bd-8a4a-4cc1-3309-1a2c4f766703"
      },
      "ResponseBody": "\uFEFF3"
    },
    {
      "RequestUri": "https://azs-net-t50d8619e0b774b52.search.windows.net/indexes(\u0027lxfrwlte\u0027)/docs(\u00272\u0027)?api-version=2020-06-30",
      "RequestMethod": "GET",
      "RequestHeaders": {
        "Accept": [
          "application/json; odata.metadata=none",
          "application/json"
        ],
        "api-key": "Sanitized",
        "traceparent": "00-e257b615b7c10742aa7e4fabd679de98-3240f178fe20044f-00",
        "User-Agent": [
          "azsdk-net-Search.Documents/11.2.0-dev.20200820.2",
          "(.NET Core 4.6.27514.02; Microsoft Windows 10.0.17763 )"
        ],
        "x-ms-client-request-id": "8a766ffa2fa75e21bcf917c32f63f5e0",
        "x-ms-return-client-request-id": "true"
      },
      "RequestBody": null,
      "StatusCode": 200,
      "ResponseHeaders": {
        "Cache-Control": "no-cache",
        "client-request-id": "8a766ffa-2fa7-5e21-bcf9-17c32f63f5e0",
        "Content-Length": "238",
        "Content-Type": "application/json; odata.metadata=none",
        "Date": "Thu, 20 Aug 2020 18:11:46 GMT",
        "elapsed-time": "4",
        "Expires": "-1",
        "OData-Version": "4.0",
        "Pragma": "no-cache",
        "Preference-Applied": "odata.include-annotations=\u0022*\u0022",
        "request-id": "8a766ffa-2fa7-5e21-bcf9-17c32f63f5e0",
        "Strict-Transport-Security": "max-age=15724800; includeSubDomains",
        "x-ms-client-request-id": "8a766ffa-2fa7-5e21-bcf9-17c32f63f5e0"
      },
      "ResponseBody": {
        "hotelId": "2",
        "hotelName": "Freeway Freedom",
        "description": null,
        "descriptionFr": null,
        "category": null,
        "tags": [],
        "parkingIncluded": null,
        "smokingAllowed": null,
        "lastRenovationDate": null,
        "rating": null,
        "location": null,
        "address": null,
        "rooms": []
      }
    },
    {
      "RequestUri": "https://azs-net-t50d8619e0b774b52.search.windows.net/indexes(\u0027lxfrwlte\u0027)/docs/search.index?api-version=2020-06-30",
      "RequestMethod": "POST",
      "RequestHeaders": {
        "Accept": "application/json; odata.metadata=none",
        "api-key": "Sanitized",
        "Content-Length": "166",
        "Content-Type": "application/json",
        "traceparent": "00-43a3af0912eda64bbf49367d5b8c1e1b-01cbfbfc62b9f746-00",
        "User-Agent": [
          "azsdk-net-Search.Documents/11.2.0-dev.20200820.2",
          "(.NET Core 4.6.27514.02; Microsoft Windows 10.0.17763 )"
        ],
        "x-ms-client-request-id": "9638a183937ffac1a6cae537aec6e576",
        "x-ms-return-client-request-id": "true"
      },
      "RequestBody": {
        "value": [
          {
            "@search.action": "delete",
            "hotelId": "1",
            "hotelName": "Highway Hole in the Wall"
          },
          {
            "@search.action": "delete",
            "hotelId": "2",
            "hotelName": "Freeway Flophouse"
          }
        ]
      },
      "StatusCode": 200,
      "ResponseHeaders": {
        "Cache-Control": "no-cache",
        "client-request-id": "9638a183-937f-fac1-a6ca-e537aec6e576",
        "Content-Length": "137",
        "Content-Type": "application/json; odata.metadata=none",
        "Date": "Thu, 20 Aug 2020 18:11:46 GMT",
        "elapsed-time": "29",
        "Expires": "-1",
        "OData-Version": "4.0",
        "Pragma": "no-cache",
        "Preference-Applied": "odata.include-annotations=\u0022*\u0022",
        "request-id": "9638a183-937f-fac1-a6ca-e537aec6e576",
        "Strict-Transport-Security": "max-age=15724800; includeSubDomains",
        "x-ms-client-request-id": "9638a183-937f-fac1-a6ca-e537aec6e576"
      },
      "ResponseBody": {
        "value": [
          {
            "key": "1",
            "status": true,
            "errorMessage": null,
            "statusCode": 200
          },
          {
            "key": "2",
            "status": true,
            "errorMessage": null,
            "statusCode": 200
          }
        ]
      }
    },
    {
      "RequestUri": "https://azs-net-t50d8619e0b774b52.search.windows.net/indexes(\u0027lxfrwlte\u0027)/docs/$count?api-version=2020-06-30",
      "RequestMethod": "GET",
      "RequestHeaders": {
        "Accept": [
          "application/json; odata.metadata=none",
          "application/json"
        ],
        "api-key": "Sanitized",
        "traceparent": "00-b228f989092e91468016e4603650776e-fa3e701f13ea0d46-00",
        "User-Agent": [
          "azsdk-net-Search.Documents/11.2.0-dev.20200820.2",
          "(.NET Core 4.6.27514.02; Microsoft Windows 10.0.17763 )"
        ],
        "x-ms-client-request-id": "ef234793c4d48d83d4ef315072fd1dd0",
        "x-ms-return-client-request-id": "true"
      },
      "RequestBody": null,
      "StatusCode": 200,
      "ResponseHeaders": {
        "Cache-Control": "no-cache",
        "client-request-id": "ef234793-c4d4-8d83-d4ef-315072fd1dd0",
        "Content-Length": "4",
        "Content-Type": "text/plain",
        "Date": "Thu, 20 Aug 2020 18:11:48 GMT",
        "elapsed-time": "4",
        "Expires": "-1",
        "OData-Version": "4.0",
        "Pragma": "no-cache",
        "Preference-Applied": "odata.include-annotations=\u0022*\u0022",
        "request-id": "ef234793-c4d4-8d83-d4ef-315072fd1dd0",
        "Strict-Transport-Security": "max-age=15724800; includeSubDomains",
        "x-ms-client-request-id": "ef234793-c4d4-8d83-d4ef-315072fd1dd0"
      },
      "ResponseBody": "\uFEFF1"
    },
    {
      "RequestUri": "https://azs-net-t50d8619e0b774b52.search.windows.net/indexes(\u0027lxfrwlte\u0027)/docs/search.index?api-version=2020-06-30",
      "RequestMethod": "POST",
      "RequestHeaders": {
        "Accept": "application/json; odata.metadata=none",
        "api-key": "Sanitized",
        "Content-Length": "53",
        "Content-Type": "application/json",
        "traceparent": "00-d5d72fade3452b44b8b8b82fa625e49c-951b121aee1f244f-00",
        "User-Agent": [
          "azsdk-net-Search.Documents/11.2.0-dev.20200820.2",
          "(.NET Core 4.6.27514.02; Microsoft Windows 10.0.17763 )"
        ],
        "x-ms-client-request-id": "aea83914d03e6784ad7be3dd4aeaaff5",
        "x-ms-return-client-request-id": "true"
      },
      "RequestBody": {
        "value": [
          {
            "@search.action": "delete",
            "hotelId": "3"
          }
        ]
      },
      "StatusCode": 200,
      "ResponseHeaders": {
        "Cache-Control": "no-cache",
        "client-request-id": "aea83914-d03e-6784-ad7b-e3dd4aeaaff5",
        "Content-Length": "74",
        "Content-Type": "application/json; odata.metadata=none",
        "Date": "Thu, 20 Aug 2020 18:11:48 GMT",
        "elapsed-time": "30",
        "Expires": "-1",
        "OData-Version": "4.0",
        "Pragma": "no-cache",
        "Preference-Applied": "odata.include-annotations=\u0022*\u0022",
        "request-id": "aea83914-d03e-6784-ad7b-e3dd4aeaaff5",
        "Strict-Transport-Security": "max-age=15724800; includeSubDomains",
        "x-ms-client-request-id": "aea83914-d03e-6784-ad7b-e3dd4aeaaff5"
      },
      "ResponseBody": {
        "value": [
          {
            "key": "3",
            "status": true,
            "errorMessage": null,
            "statusCode": 200
          }
        ]
      }
    },
    {
      "RequestUri": "https://azs-net-t50d8619e0b774b52.search.windows.net/indexes(\u0027lxfrwlte\u0027)/docs/$count?api-version=2020-06-30",
      "RequestMethod": "GET",
      "RequestHeaders": {
        "Accept": [
          "application/json; odata.metadata=none",
          "application/json"
        ],
        "api-key": "Sanitized",
        "traceparent": "00-50cf6cbcf3cebd4b9a4d9818b3d78419-80dd1670fa7a284f-00",
        "User-Agent": [
          "azsdk-net-Search.Documents/11.2.0-dev.20200820.2",
          "(.NET Core 4.6.27514.02; Microsoft Windows 10.0.17763 )"
        ],
        "x-ms-client-request-id": "e730a0140540be0c1daac190627087a8",
        "x-ms-return-client-request-id": "true"
      },
      "RequestBody": null,
      "StatusCode": 200,
      "ResponseHeaders": {
        "Cache-Control": "no-cache",
        "client-request-id": "e730a014-0540-be0c-1daa-c190627087a8",
        "Content-Length": "4",
        "Content-Type": "text/plain",
        "Date": "Thu, 20 Aug 2020 18:11:50 GMT",
        "elapsed-time": "4",
        "Expires": "-1",
        "OData-Version": "4.0",
        "Pragma": "no-cache",
        "Preference-Applied": "odata.include-annotations=\u0022*\u0022",
        "request-id": "e730a014-0540-be0c-1daa-c190627087a8",
        "Strict-Transport-Security": "max-age=15724800; includeSubDomains",
        "x-ms-client-request-id": "e730a014-0540-be0c-1daa-c190627087a8"
      },
      "ResponseBody": "\uFEFF0"
    },
    {
      "RequestUri": "https://azs-net-t50d8619e0b774b52.search.windows.net/indexes(\u0027lxfrwlte\u0027)?api-version=2020-06-30",
      "RequestMethod": "DELETE",
      "RequestHeaders": {
        "Accept": [
          "application/json; odata.metadata=minimal",
          "application/json"
        ],
        "api-key": "Sanitized",
        "traceparent": "00-af54a04f701b9d48b447b552e346494e-b82cb42e41939940-00",
        "User-Agent": [
          "azsdk-net-Search.Documents/11.2.0-dev.20200820.2",
          "(.NET Core 4.6.27514.02; Microsoft Windows 10.0.17763 )"
        ],
        "x-ms-client-request-id": "742215ac371dc238c2bc4158e0a643ea",
        "x-ms-return-client-request-id": "true"
      },
      "RequestBody": null,
      "StatusCode": 204,
      "ResponseHeaders": {
        "Cache-Control": "no-cache",
        "client-request-id": "742215ac-371d-c238-c2bc-4158e0a643ea",
        "Date": "Thu, 20 Aug 2020 18:11:50 GMT",
        "elapsed-time": "523",
        "Expires": "-1",
        "Pragma": "no-cache",
        "request-id": "742215ac-371d-c238-c2bc-4158e0a643ea",
        "Strict-Transport-Security": "max-age=15724800; includeSubDomains",
        "x-ms-client-request-id": "742215ac-371d-c238-c2bc-4158e0a643ea"
      },
      "ResponseBody": []
    }
  ],
  "Variables": {
    "RandomSeed": "1408488917",
    "SearchIndexName": "lxfrwlte",
    "SEARCH_ADMIN_API_KEY": "Sanitized",
    "SEARCH_SERVICE_NAME": "azs-net-t50d8619e0b774b52"
  }
}