{
  "Entries": [
    {
      "RequestUri": "https://management.azure.com/subscriptions/db1ab6f0-4769-4b27-930e-01e2ef9c123c?api-version=2019-11-01",
      "RequestMethod": "GET",
      "RequestHeaders": {
        "Accept": "application/json",
        "Authorization": "Sanitized",
        "User-Agent": "azsdk-net-ResourceManager/1.0.0-beta.4 (.NET Framework 4.8.4420.0; Microsoft Windows 10.0.22000 )",
        "x-ms-client-request-id": "3cd3b60c01b473db1fef61df7d7f95a4",
        "x-ms-return-client-request-id": "true"
      },
      "RequestBody": null,
      "StatusCode": 200,
      "ResponseHeaders": {
        "Cache-Control": "no-cache",
        "Content-Length": "468",
        "Content-Type": "application/json; charset=utf-8",
        "Date": "Fri, 15 Oct 2021 09:11:55 GMT",
        "Expires": "-1",
        "Pragma": "no-cache",
        "Strict-Transport-Security": "max-age=31536000; includeSubDomains",
        "X-Content-Type-Options": "nosniff",
        "x-ms-correlation-request-id": "da047291-7ddb-44e5-9752-6c6a016de430",
        "x-ms-ratelimit-remaining-subscription-reads": "11998",
        "x-ms-request-id": "da047291-7ddb-44e5-9752-6c6a016de430",
        "x-ms-routing-request-id": "SOUTHEASTASIA:20211015T091156Z:da047291-7ddb-44e5-9752-6c6a016de430"
      },
      "ResponseBody": {
        "id": "/subscriptions/db1ab6f0-4769-4b27-930e-01e2ef9c123c",
        "authorizationSource": "RoleBased",
        "managedByTenants": [],
        "tags": {
          "tagKey1": "tagValue1",
          "tagKey2": "tagValue2"
        },
        "subscriptionId": "db1ab6f0-4769-4b27-930e-01e2ef9c123c",
        "tenantId": "72f988bf-86f1-41af-91ab-2d7cd011db47",
        "displayName": ".NET Mgmt SDK Test with TTL = 1 Day",
        "state": "Enabled",
        "subscriptionPolicies": {
          "locationPlacementId": "Internal_2014-09-01",
          "quotaId": "Internal_2014-09-01",
          "spendingLimit": "Off"
        }
      }
    },
    {
      "RequestUri": "https://management.azure.com/subscriptions/db1ab6f0-4769-4b27-930e-01e2ef9c123c/resourcegroups/csmrg3025?api-version=2019-10-01",
      "RequestMethod": "PUT",
      "RequestHeaders": {
        "Accept": "application/json",
        "Authorization": "Sanitized",
        "Content-Length": "21",
        "Content-Type": "application/json",
        "traceparent": "00-605ec0c09f74a449ac8d1b9d919db6ab-bfa8f0bd4fc8834b-00",
        "User-Agent": "azsdk-net-ResourceManager/1.0.0-beta.4 (.NET Framework 4.8.4420.0; Microsoft Windows 10.0.22000 )",
        "x-ms-client-request-id": "d9dfb92ad419cae08ec495bc00f4e739",
        "x-ms-return-client-request-id": "true"
      },
      "RequestBody": {
        "location": "eastus"
      },
      "StatusCode": 201,
      "ResponseHeaders": {
        "Cache-Control": "no-cache",
        "Content-Length": "215",
        "Content-Type": "application/json; charset=utf-8",
        "Date": "Fri, 15 Oct 2021 09:11:59 GMT",
        "Expires": "-1",
        "Pragma": "no-cache",
        "Strict-Transport-Security": "max-age=31536000; includeSubDomains",
        "X-Content-Type-Options": "nosniff",
        "x-ms-correlation-request-id": "254b0d63-7c6a-4cae-b785-2f6a8fa310ae",
        "x-ms-ratelimit-remaining-subscription-writes": "1199",
        "x-ms-request-id": "254b0d63-7c6a-4cae-b785-2f6a8fa310ae",
        "x-ms-routing-request-id": "SOUTHEASTASIA:20211015T091200Z:254b0d63-7c6a-4cae-b785-2f6a8fa310ae"
      },
      "ResponseBody": {
        "id": "/subscriptions/db1ab6f0-4769-4b27-930e-01e2ef9c123c/resourceGroups/csmrg3025",
        "name": "csmrg3025",
        "type": "Microsoft.Resources/resourceGroups",
        "location": "eastus",
        "properties": {
          "provisioningState": "Succeeded"
        }
      }
    },
    {
      "RequestUri": "https://management.azure.com/subscriptions/db1ab6f0-4769-4b27-930e-01e2ef9c123c/resourceGroups/csmrg3025/providers/Microsoft.Network/networkSecurityGroups/azsmnet1788?api-version=2021-02-01",
      "RequestMethod": "PUT",
      "RequestHeaders": {
        "Accept": "application/json",
        "Authorization": "Sanitized",
        "Content-Length": "313",
        "Content-Type": "application/json",
        "User-Agent": "azsdk-net-ResourceManager.Network/1.0.0-alpha.20211015.1 (.NET Framework 4.8.4420.0; Microsoft Windows 10.0.22000 )",
        "x-ms-client-request-id": "1a85a02fc94aa05836c19f8d3ecd2a8f",
        "x-ms-return-client-request-id": "true"
      },
      "RequestBody": {
        "location": "eastus",
        "properties": {
          "securityRules": [
            {
              "name": "azsmnet3747",
              "properties": {
                "description": "Test security rule",
                "protocol": "Tcp",
                "sourcePortRange": "655",
                "destinationPortRange": "123-3500",
                "sourceAddressPrefix": "*",
                "destinationAddressPrefix": "*",
                "access": "Allow",
                "priority": 500,
                "direction": "Inbound"
              }
            }
          ]
        }
      },
      "StatusCode": 201,
      "ResponseHeaders": {
        "Azure-AsyncNotification": "Enabled",
        "Azure-AsyncOperation": "https://management.azure.com/subscriptions/db1ab6f0-4769-4b27-930e-01e2ef9c123c/providers/Microsoft.Network/locations/eastus/operations/152ed077-5fb0-4f67-bdbd-d89245720003?api-version=2021-02-01",
        "Cache-Control": "no-cache",
        "Content-Length": "7472",
        "Content-Type": "application/json; charset=utf-8",
        "Date": "Fri, 15 Oct 2021 09:12:09 GMT",
        "Expires": "-1",
        "Pragma": "no-cache",
        "Retry-After": "3",
        "Server": [
          "Microsoft-HTTPAPI/2.0",
          "Microsoft-HTTPAPI/2.0"
        ],
        "Strict-Transport-Security": "max-age=31536000; includeSubDomains",
        "X-Content-Type-Options": "nosniff",
        "x-ms-arm-service-request-id": "74d2fba0-cb4c-4faf-9117-5a5cb345b07d",
        "x-ms-client-request-id": "1a85a02fc94aa05836c19f8d3ecd2a8f",
        "x-ms-correlation-request-id": "0aac952e-0450-48a5-9a29-a0a7c84d2c3c",
        "x-ms-ratelimit-remaining-subscription-writes": "1198",
        "x-ms-request-id": "152ed077-5fb0-4f67-bdbd-d89245720003",
        "x-ms-routing-request-id": "SOUTHEASTASIA:20211015T091209Z:0aac952e-0450-48a5-9a29-a0a7c84d2c3c"
      },
      "ResponseBody": [
        "{\r\n",
        "  \u0022name\u0022: \u0022azsmnet1788\u0022,\r\n",
        "  \u0022id\u0022: \u0022/subscriptions/db1ab6f0-4769-4b27-930e-01e2ef9c123c/resourceGroups/csmrg3025/providers/Microsoft.Network/networkSecurityGroups/azsmnet1788\u0022,\r\n",
        "  \u0022etag\u0022: \u0022W/\\\u0022ea9e2987-ef6c-4804-bfa8-e5a26066e36c\\\u0022\u0022,\r\n",
        "  \u0022type\u0022: \u0022Microsoft.Network/networkSecurityGroups\u0022,\r\n",
        "  \u0022location\u0022: \u0022eastus\u0022,\r\n",
        "  \u0022properties\u0022: {\r\n",
        "    \u0022provisioningState\u0022: \u0022Updating\u0022,\r\n",
        "    \u0022resourceGuid\u0022: \u00221d8b9ffe-3dca-48cf-a5b8-ca4209f7c9fa\u0022,\r\n",
        "    \u0022securityRules\u0022: [\r\n",
        "      {\r\n",
        "        \u0022name\u0022: \u0022azsmnet3747\u0022,\r\n",
        "        \u0022id\u0022: \u0022/subscriptions/db1ab6f0-4769-4b27-930e-01e2ef9c123c/resourceGroups/csmrg3025/providers/Microsoft.Network/networkSecurityGroups/azsmnet1788/securityRules/azsmnet3747\u0022,\r\n",
        "        \u0022etag\u0022: \u0022W/\\\u0022ea9e2987-ef6c-4804-bfa8-e5a26066e36c\\\u0022\u0022,\r\n",
        "        \u0022type\u0022: \u0022Microsoft.Network/networkSecurityGroups/securityRules\u0022,\r\n",
        "        \u0022properties\u0022: {\r\n",
        "          \u0022provisioningState\u0022: \u0022Updating\u0022,\r\n",
        "          \u0022description\u0022: \u0022Test security rule\u0022,\r\n",
        "          \u0022protocol\u0022: \u0022Tcp\u0022,\r\n",
        "          \u0022sourcePortRange\u0022: \u0022655\u0022,\r\n",
        "          \u0022destinationPortRange\u0022: \u0022123-3500\u0022,\r\n",
        "          \u0022sourceAddressPrefix\u0022: \u0022*\u0022,\r\n",
        "          \u0022destinationAddressPrefix\u0022: \u0022*\u0022,\r\n",
        "          \u0022access\u0022: \u0022Allow\u0022,\r\n",
        "          \u0022priority\u0022: 500,\r\n",
        "          \u0022direction\u0022: \u0022Inbound\u0022,\r\n",
        "          \u0022sourcePortRanges\u0022: [],\r\n",
        "          \u0022destinationPortRanges\u0022: [],\r\n",
        "          \u0022sourceAddressPrefixes\u0022: [],\r\n",
        "          \u0022destinationAddressPrefixes\u0022: []\r\n",
        "        }\r\n",
        "      }\r\n",
        "    ],\r\n",
        "    \u0022defaultSecurityRules\u0022: [\r\n",
        "      {\r\n",
        "        \u0022name\u0022: \u0022AllowVnetInBound\u0022,\r\n",
        "        \u0022id\u0022: \u0022/subscriptions/db1ab6f0-4769-4b27-930e-01e2ef9c123c/resourceGroups/csmrg3025/providers/Microsoft.Network/networkSecurityGroups/azsmnet1788/defaultSecurityRules/AllowVnetInBound\u0022,\r\n",
        "        \u0022etag\u0022: \u0022W/\\\u0022ea9e2987-ef6c-4804-bfa8-e5a26066e36c\\\u0022\u0022,\r\n",
        "        \u0022type\u0022: \u0022Microsoft.Network/networkSecurityGroups/defaultSecurityRules\u0022,\r\n",
        "        \u0022properties\u0022: {\r\n",
        "          \u0022provisioningState\u0022: \u0022Updating\u0022,\r\n",
        "          \u0022description\u0022: \u0022Allow inbound traffic from all VMs in VNET\u0022,\r\n",
        "          \u0022protocol\u0022: \u0022*\u0022,\r\n",
        "          \u0022sourcePortRange\u0022: \u0022*\u0022,\r\n",
        "          \u0022destinationPortRange\u0022: \u0022*\u0022,\r\n",
        "          \u0022sourceAddressPrefix\u0022: \u0022VirtualNetwork\u0022,\r\n",
        "          \u0022destinationAddressPrefix\u0022: \u0022VirtualNetwork\u0022,\r\n",
        "          \u0022access\u0022: \u0022Allow\u0022,\r\n",
        "          \u0022priority\u0022: 65000,\r\n",
        "          \u0022direction\u0022: \u0022Inbound\u0022,\r\n",
        "          \u0022sourcePortRanges\u0022: [],\r\n",
        "          \u0022destinationPortRanges\u0022: [],\r\n",
        "          \u0022sourceAddressPrefixes\u0022: [],\r\n",
        "          \u0022destinationAddressPrefixes\u0022: []\r\n",
        "        }\r\n",
        "      },\r\n",
        "      {\r\n",
        "        \u0022name\u0022: \u0022AllowAzureLoadBalancerInBound\u0022,\r\n",
        "        \u0022id\u0022: \u0022/subscriptions/db1ab6f0-4769-4b27-930e-01e2ef9c123c/resourceGroups/csmrg3025/providers/Microsoft.Network/networkSecurityGroups/azsmnet1788/defaultSecurityRules/AllowAzureLoadBalancerInBound\u0022,\r\n",
        "        \u0022etag\u0022: \u0022W/\\\u0022ea9e2987-ef6c-4804-bfa8-e5a26066e36c\\\u0022\u0022,\r\n",
        "        \u0022type\u0022: \u0022Microsoft.Network/networkSecurityGroups/defaultSecurityRules\u0022,\r\n",
        "        \u0022properties\u0022: {\r\n",
        "          \u0022provisioningState\u0022: \u0022Updating\u0022,\r\n",
        "          \u0022description\u0022: \u0022Allow inbound traffic from azure load balancer\u0022,\r\n",
        "          \u0022protocol\u0022: \u0022*\u0022,\r\n",
        "          \u0022sourcePortRange\u0022: \u0022*\u0022,\r\n",
        "          \u0022destinationPortRange\u0022: \u0022*\u0022,\r\n",
        "          \u0022sourceAddressPrefix\u0022: \u0022AzureLoadBalancer\u0022,\r\n",
        "          \u0022destinationAddressPrefix\u0022: \u0022*\u0022,\r\n",
        "          \u0022access\u0022: \u0022Allow\u0022,\r\n",
        "          \u0022priority\u0022: 65001,\r\n",
        "          \u0022direction\u0022: \u0022Inbound\u0022,\r\n",
        "          \u0022sourcePortRanges\u0022: [],\r\n",
        "          \u0022destinationPortRanges\u0022: [],\r\n",
        "          \u0022sourceAddressPrefixes\u0022: [],\r\n",
        "          \u0022destinationAddressPrefixes\u0022: []\r\n",
        "        }\r\n",
        "      },\r\n",
        "      {\r\n",
        "        \u0022name\u0022: \u0022DenyAllInBound\u0022,\r\n",
        "        \u0022id\u0022: \u0022/subscriptions/db1ab6f0-4769-4b27-930e-01e2ef9c123c/resourceGroups/csmrg3025/providers/Microsoft.Network/networkSecurityGroups/azsmnet1788/defaultSecurityRules/DenyAllInBound\u0022,\r\n",
        "        \u0022etag\u0022: \u0022W/\\\u0022ea9e2987-ef6c-4804-bfa8-e5a26066e36c\\\u0022\u0022,\r\n",
        "        \u0022type\u0022: \u0022Microsoft.Network/networkSecurityGroups/defaultSecurityRules\u0022,\r\n",
        "        \u0022properties\u0022: {\r\n",
        "          \u0022provisioningState\u0022: \u0022Updating\u0022,\r\n",
        "          \u0022description\u0022: \u0022Deny all inbound traffic\u0022,\r\n",
        "          \u0022protocol\u0022: \u0022*\u0022,\r\n",
        "          \u0022sourcePortRange\u0022: \u0022*\u0022,\r\n",
        "          \u0022destinationPortRange\u0022: \u0022*\u0022,\r\n",
        "          \u0022sourceAddressPrefix\u0022: \u0022*\u0022,\r\n",
        "          \u0022destinationAddressPrefix\u0022: \u0022*\u0022,\r\n",
        "          \u0022access\u0022: \u0022Deny\u0022,\r\n",
        "          \u0022priority\u0022: 65500,\r\n",
        "          \u0022direction\u0022: \u0022Inbound\u0022,\r\n",
        "          \u0022sourcePortRanges\u0022: [],\r\n",
        "          \u0022destinationPortRanges\u0022: [],\r\n",
        "          \u0022sourceAddressPrefixes\u0022: [],\r\n",
        "          \u0022destinationAddressPrefixes\u0022: []\r\n",
        "        }\r\n",
        "      },\r\n",
        "      {\r\n",
        "        \u0022name\u0022: \u0022AllowVnetOutBound\u0022,\r\n",
        "        \u0022id\u0022: \u0022/subscriptions/db1ab6f0-4769-4b27-930e-01e2ef9c123c/resourceGroups/csmrg3025/providers/Microsoft.Network/networkSecurityGroups/azsmnet1788/defaultSecurityRules/AllowVnetOutBound\u0022,\r\n",
        "        \u0022etag\u0022: \u0022W/\\\u0022ea9e2987-ef6c-4804-bfa8-e5a26066e36c\\\u0022\u0022,\r\n",
        "        \u0022type\u0022: \u0022Microsoft.Network/networkSecurityGroups/defaultSecurityRules\u0022,\r\n",
        "        \u0022properties\u0022: {\r\n",
        "          \u0022provisioningState\u0022: \u0022Updating\u0022,\r\n",
        "          \u0022description\u0022: \u0022Allow outbound traffic from all VMs to all VMs in VNET\u0022,\r\n",
        "          \u0022protocol\u0022: \u0022*\u0022,\r\n",
        "          \u0022sourcePortRange\u0022: \u0022*\u0022,\r\n",
        "          \u0022destinationPortRange\u0022: \u0022*\u0022,\r\n",
        "          \u0022sourceAddressPrefix\u0022: \u0022VirtualNetwork\u0022,\r\n",
        "          \u0022destinationAddressPrefix\u0022: \u0022VirtualNetwork\u0022,\r\n",
        "          \u0022access\u0022: \u0022Allow\u0022,\r\n",
        "          \u0022priority\u0022: 65000,\r\n",
        "          \u0022direction\u0022: \u0022Outbound\u0022,\r\n",
        "          \u0022sourcePortRanges\u0022: [],\r\n",
        "          \u0022destinationPortRanges\u0022: [],\r\n",
        "          \u0022sourceAddressPrefixes\u0022: [],\r\n",
        "          \u0022destinationAddressPrefixes\u0022: []\r\n",
        "        }\r\n",
        "      },\r\n",
        "      {\r\n",
        "        \u0022name\u0022: \u0022AllowInternetOutBound\u0022,\r\n",
        "        \u0022id\u0022: \u0022/subscriptions/db1ab6f0-4769-4b27-930e-01e2ef9c123c/resourceGroups/csmrg3025/providers/Microsoft.Network/networkSecurityGroups/azsmnet1788/defaultSecurityRules/AllowInternetOutBound\u0022,\r\n",
        "        \u0022etag\u0022: \u0022W/\\\u0022ea9e2987-ef6c-4804-bfa8-e5a26066e36c\\\u0022\u0022,\r\n",
        "        \u0022type\u0022: \u0022Microsoft.Network/networkSecurityGroups/defaultSecurityRules\u0022,\r\n",
        "        \u0022properties\u0022: {\r\n",
        "          \u0022provisioningState\u0022: \u0022Updating\u0022,\r\n",
        "          \u0022description\u0022: \u0022Allow outbound traffic from all VMs to Internet\u0022,\r\n",
        "          \u0022protocol\u0022: \u0022*\u0022,\r\n",
        "          \u0022sourcePortRange\u0022: \u0022*\u0022,\r\n",
        "          \u0022destinationPortRange\u0022: \u0022*\u0022,\r\n",
        "          \u0022sourceAddressPrefix\u0022: \u0022*\u0022,\r\n",
        "          \u0022destinationAddressPrefix\u0022: \u0022Internet\u0022,\r\n",
        "          \u0022access\u0022: \u0022Allow\u0022,\r\n",
        "          \u0022priority\u0022: 65001,\r\n",
        "          \u0022direction\u0022: \u0022Outbound\u0022,\r\n",
        "          \u0022sourcePortRanges\u0022: [],\r\n",
        "          \u0022destinationPortRanges\u0022: [],\r\n",
        "          \u0022sourceAddressPrefixes\u0022: [],\r\n",
        "          \u0022destinationAddressPrefixes\u0022: []\r\n",
        "        }\r\n",
        "      },\r\n",
        "      {\r\n",
        "        \u0022name\u0022: \u0022DenyAllOutBound\u0022,\r\n",
        "        \u0022id\u0022: \u0022/subscriptions/db1ab6f0-4769-4b27-930e-01e2ef9c123c/resourceGroups/csmrg3025/providers/Microsoft.Network/networkSecurityGroups/azsmnet1788/defaultSecurityRules/DenyAllOutBound\u0022,\r\n",
        "        \u0022etag\u0022: \u0022W/\\\u0022ea9e2987-ef6c-4804-bfa8-e5a26066e36c\\\u0022\u0022,\r\n",
        "        \u0022type\u0022: \u0022Microsoft.Network/networkSecurityGroups/defaultSecurityRules\u0022,\r\n",
        "        \u0022properties\u0022: {\r\n",
        "          \u0022provisioningState\u0022: \u0022Updating\u0022,\r\n",
        "          \u0022description\u0022: \u0022Deny all outbound traffic\u0022,\r\n",
        "          \u0022protocol\u0022: \u0022*\u0022,\r\n",
        "          \u0022sourcePortRange\u0022: \u0022*\u0022,\r\n",
        "          \u0022destinationPortRange\u0022: \u0022*\u0022,\r\n",
        "          \u0022sourceAddressPrefix\u0022: \u0022*\u0022,\r\n",
        "          \u0022destinationAddressPrefix\u0022: \u0022*\u0022,\r\n",
        "          \u0022access\u0022: \u0022Deny\u0022,\r\n",
        "          \u0022priority\u0022: 65500,\r\n",
        "          \u0022direction\u0022: \u0022Outbound\u0022,\r\n",
        "          \u0022sourcePortRanges\u0022: [],\r\n",
        "          \u0022destinationPortRanges\u0022: [],\r\n",
        "          \u0022sourceAddressPrefixes\u0022: [],\r\n",
        "          \u0022destinationAddressPrefixes\u0022: []\r\n",
        "        }\r\n",
        "      }\r\n",
        "    ]\r\n",
        "  }\r\n",
        "}"
      ]
    },
    {
      "RequestUri": "https://management.azure.com/subscriptions/db1ab6f0-4769-4b27-930e-01e2ef9c123c/providers/Microsoft.Network/locations/eastus/operations/152ed077-5fb0-4f67-bdbd-d89245720003?api-version=2021-02-01",
      "RequestMethod": "GET",
      "RequestHeaders": {
        "Authorization": "Sanitized",
        "User-Agent": "azsdk-net-ResourceManager/1.0.0-beta.4 (.NET Framework 4.8.4420.0; Microsoft Windows 10.0.22000 )",
        "x-ms-client-request-id": "ab74ed1a9fa41095c033aa09ee3757ee",
        "x-ms-return-client-request-id": "true"
      },
      "RequestBody": null,
      "StatusCode": 200,
      "ResponseHeaders": {
        "Cache-Control": "no-cache",
        "Content-Length": "29",
        "Content-Type": "application/json; charset=utf-8",
        "Date": "Fri, 15 Oct 2021 09:12:09 GMT",
        "Expires": "-1",
        "Pragma": "no-cache",
        "Server": [
          "Microsoft-HTTPAPI/2.0",
          "Microsoft-HTTPAPI/2.0"
        ],
        "Strict-Transport-Security": "max-age=31536000; includeSubDomains",
        "X-Content-Type-Options": "nosniff",
        "x-ms-arm-service-request-id": "52b795cc-c996-4ebf-958f-ce8f0773042d",
        "x-ms-client-request-id": "ab74ed1a9fa41095c033aa09ee3757ee",
        "x-ms-correlation-request-id": "271c4062-d26f-47ca-bff0-08516c86b4ac",
        "x-ms-ratelimit-remaining-subscription-reads": "11997",
        "x-ms-request-id": "90a71607-a2bc-4f22-879b-2efc9827952d",
        "x-ms-routing-request-id": "SOUTHEASTASIA:20211015T091210Z:271c4062-d26f-47ca-bff0-08516c86b4ac"
      },
      "ResponseBody": [
        "{\r\n",
        "  \u0022status\u0022: \u0022Succeeded\u0022\r\n",
        "}"
      ]
    },
    {
      "RequestUri": "https://management.azure.com/subscriptions/db1ab6f0-4769-4b27-930e-01e2ef9c123c/resourceGroups/csmrg3025/providers/Microsoft.Network/networkSecurityGroups/azsmnet1788?api-version=2021-02-01",
      "RequestMethod": "GET",
      "RequestHeaders": {
        "Authorization": "Sanitized",
        "User-Agent": "azsdk-net-ResourceManager/1.0.0-beta.4 (.NET Framework 4.8.4420.0; Microsoft Windows 10.0.22000 )",
        "x-ms-client-request-id": "fc8165d571ca3dc52e60dd041138a5bc",
        "x-ms-return-client-request-id": "true"
      },
      "RequestBody": null,
      "StatusCode": 200,
      "ResponseHeaders": {
        "Cache-Control": "no-cache",
        "Content-Length": "7480",
        "Content-Type": "application/json; charset=utf-8",
        "Date": "Fri, 15 Oct 2021 09:12:09 GMT",
        "ETag": "W/\u00225b06070f-c69c-4b8a-b92d-9d8256fd00c7\u0022",
        "Expires": "-1",
        "Pragma": "no-cache",
        "Server": [
          "Microsoft-HTTPAPI/2.0",
          "Microsoft-HTTPAPI/2.0"
        ],
        "Strict-Transport-Security": "max-age=31536000; includeSubDomains",
        "X-Content-Type-Options": "nosniff",
        "x-ms-arm-service-request-id": "5e415510-81dc-4aa6-b6fd-e012b633f49e",
        "x-ms-client-request-id": "fc8165d571ca3dc52e60dd041138a5bc",
        "x-ms-correlation-request-id": "d4381f69-33de-4af3-960e-ce8acb81ee3d",
        "x-ms-ratelimit-remaining-subscription-reads": "11996",
        "x-ms-request-id": "eb773316-e49a-4aac-9390-fa56b79d4d5e",
        "x-ms-routing-request-id": "SOUTHEASTASIA:20211015T091210Z:d4381f69-33de-4af3-960e-ce8acb81ee3d"
      },
      "ResponseBody": [
        "{\r\n",
        "  \u0022name\u0022: \u0022azsmnet1788\u0022,\r\n",
        "  \u0022id\u0022: \u0022/subscriptions/db1ab6f0-4769-4b27-930e-01e2ef9c123c/resourceGroups/csmrg3025/providers/Microsoft.Network/networkSecurityGroups/azsmnet1788\u0022,\r\n",
        "  \u0022etag\u0022: \u0022W/\\\u00225b06070f-c69c-4b8a-b92d-9d8256fd00c7\\\u0022\u0022,\r\n",
        "  \u0022type\u0022: \u0022Microsoft.Network/networkSecurityGroups\u0022,\r\n",
        "  \u0022location\u0022: \u0022eastus\u0022,\r\n",
        "  \u0022properties\u0022: {\r\n",
        "    \u0022provisioningState\u0022: \u0022Succeeded\u0022,\r\n",
        "    \u0022resourceGuid\u0022: \u00221d8b9ffe-3dca-48cf-a5b8-ca4209f7c9fa\u0022,\r\n",
        "    \u0022securityRules\u0022: [\r\n",
        "      {\r\n",
        "        \u0022name\u0022: \u0022azsmnet3747\u0022,\r\n",
        "        \u0022id\u0022: \u0022/subscriptions/db1ab6f0-4769-4b27-930e-01e2ef9c123c/resourceGroups/csmrg3025/providers/Microsoft.Network/networkSecurityGroups/azsmnet1788/securityRules/azsmnet3747\u0022,\r\n",
        "        \u0022etag\u0022: \u0022W/\\\u00225b06070f-c69c-4b8a-b92d-9d8256fd00c7\\\u0022\u0022,\r\n",
        "        \u0022type\u0022: \u0022Microsoft.Network/networkSecurityGroups/securityRules\u0022,\r\n",
        "        \u0022properties\u0022: {\r\n",
        "          \u0022provisioningState\u0022: \u0022Succeeded\u0022,\r\n",
        "          \u0022description\u0022: \u0022Test security rule\u0022,\r\n",
        "          \u0022protocol\u0022: \u0022Tcp\u0022,\r\n",
        "          \u0022sourcePortRange\u0022: \u0022655\u0022,\r\n",
        "          \u0022destinationPortRange\u0022: \u0022123-3500\u0022,\r\n",
        "          \u0022sourceAddressPrefix\u0022: \u0022*\u0022,\r\n",
        "          \u0022destinationAddressPrefix\u0022: \u0022*\u0022,\r\n",
        "          \u0022access\u0022: \u0022Allow\u0022,\r\n",
        "          \u0022priority\u0022: 500,\r\n",
        "          \u0022direction\u0022: \u0022Inbound\u0022,\r\n",
        "          \u0022sourcePortRanges\u0022: [],\r\n",
        "          \u0022destinationPortRanges\u0022: [],\r\n",
        "          \u0022sourceAddressPrefixes\u0022: [],\r\n",
        "          \u0022destinationAddressPrefixes\u0022: []\r\n",
        "        }\r\n",
        "      }\r\n",
        "    ],\r\n",
        "    \u0022defaultSecurityRules\u0022: [\r\n",
        "      {\r\n",
        "        \u0022name\u0022: \u0022AllowVnetInBound\u0022,\r\n",
        "        \u0022id\u0022: \u0022/subscriptions/db1ab6f0-4769-4b27-930e-01e2ef9c123c/resourceGroups/csmrg3025/providers/Microsoft.Network/networkSecurityGroups/azsmnet1788/defaultSecurityRules/AllowVnetInBound\u0022,\r\n",
        "        \u0022etag\u0022: \u0022W/\\\u00225b06070f-c69c-4b8a-b92d-9d8256fd00c7\\\u0022\u0022,\r\n",
        "        \u0022type\u0022: \u0022Microsoft.Network/networkSecurityGroups/defaultSecurityRules\u0022,\r\n",
        "        \u0022properties\u0022: {\r\n",
        "          \u0022provisioningState\u0022: \u0022Succeeded\u0022,\r\n",
        "          \u0022description\u0022: \u0022Allow inbound traffic from all VMs in VNET\u0022,\r\n",
        "          \u0022protocol\u0022: \u0022*\u0022,\r\n",
        "          \u0022sourcePortRange\u0022: \u0022*\u0022,\r\n",
        "          \u0022destinationPortRange\u0022: \u0022*\u0022,\r\n",
        "          \u0022sourceAddressPrefix\u0022: \u0022VirtualNetwork\u0022,\r\n",
        "          \u0022destinationAddressPrefix\u0022: \u0022VirtualNetwork\u0022,\r\n",
        "          \u0022access\u0022: \u0022Allow\u0022,\r\n",
        "          \u0022priority\u0022: 65000,\r\n",
        "          \u0022direction\u0022: \u0022Inbound\u0022,\r\n",
        "          \u0022sourcePortRanges\u0022: [],\r\n",
        "          \u0022destinationPortRanges\u0022: [],\r\n",
        "          \u0022sourceAddressPrefixes\u0022: [],\r\n",
        "          \u0022destinationAddressPrefixes\u0022: []\r\n",
        "        }\r\n",
        "      },\r\n",
        "      {\r\n",
        "        \u0022name\u0022: \u0022AllowAzureLoadBalancerInBound\u0022,\r\n",
        "        \u0022id\u0022: \u0022/subscriptions/db1ab6f0-4769-4b27-930e-01e2ef9c123c/resourceGroups/csmrg3025/providers/Microsoft.Network/networkSecurityGroups/azsmnet1788/defaultSecurityRules/AllowAzureLoadBalancerInBound\u0022,\r\n",
        "        \u0022etag\u0022: \u0022W/\\\u00225b06070f-c69c-4b8a-b92d-9d8256fd00c7\\\u0022\u0022,\r\n",
        "        \u0022type\u0022: \u0022Microsoft.Network/networkSecurityGroups/defaultSecurityRules\u0022,\r\n",
        "        \u0022properties\u0022: {\r\n",
        "          \u0022provisioningState\u0022: \u0022Succeeded\u0022,\r\n",
        "          \u0022description\u0022: \u0022Allow inbound traffic from azure load balancer\u0022,\r\n",
        "          \u0022protocol\u0022: \u0022*\u0022,\r\n",
        "          \u0022sourcePortRange\u0022: \u0022*\u0022,\r\n",
        "          \u0022destinationPortRange\u0022: \u0022*\u0022,\r\n",
        "          \u0022sourceAddressPrefix\u0022: \u0022AzureLoadBalancer\u0022,\r\n",
        "          \u0022destinationAddressPrefix\u0022: \u0022*\u0022,\r\n",
        "          \u0022access\u0022: \u0022Allow\u0022,\r\n",
        "          \u0022priority\u0022: 65001,\r\n",
        "          \u0022direction\u0022: \u0022Inbound\u0022,\r\n",
        "          \u0022sourcePortRanges\u0022: [],\r\n",
        "          \u0022destinationPortRanges\u0022: [],\r\n",
        "          \u0022sourceAddressPrefixes\u0022: [],\r\n",
        "          \u0022destinationAddressPrefixes\u0022: []\r\n",
        "        }\r\n",
        "      },\r\n",
        "      {\r\n",
        "        \u0022name\u0022: \u0022DenyAllInBound\u0022,\r\n",
        "        \u0022id\u0022: \u0022/subscriptions/db1ab6f0-4769-4b27-930e-01e2ef9c123c/resourceGroups/csmrg3025/providers/Microsoft.Network/networkSecurityGroups/azsmnet1788/defaultSecurityRules/DenyAllInBound\u0022,\r\n",
        "        \u0022etag\u0022: \u0022W/\\\u00225b06070f-c69c-4b8a-b92d-9d8256fd00c7\\\u0022\u0022,\r\n",
        "        \u0022type\u0022: \u0022Microsoft.Network/networkSecurityGroups/defaultSecurityRules\u0022,\r\n",
        "        \u0022properties\u0022: {\r\n",
        "          \u0022provisioningState\u0022: \u0022Succeeded\u0022,\r\n",
        "          \u0022description\u0022: \u0022Deny all inbound traffic\u0022,\r\n",
        "          \u0022protocol\u0022: \u0022*\u0022,\r\n",
        "          \u0022sourcePortRange\u0022: \u0022*\u0022,\r\n",
        "          \u0022destinationPortRange\u0022: \u0022*\u0022,\r\n",
        "          \u0022sourceAddressPrefix\u0022: \u0022*\u0022,\r\n",
        "          \u0022destinationAddressPrefix\u0022: \u0022*\u0022,\r\n",
        "          \u0022access\u0022: \u0022Deny\u0022,\r\n",
        "          \u0022priority\u0022: 65500,\r\n",
        "          \u0022direction\u0022: \u0022Inbound\u0022,\r\n",
        "          \u0022sourcePortRanges\u0022: [],\r\n",
        "          \u0022destinationPortRanges\u0022: [],\r\n",
        "          \u0022sourceAddressPrefixes\u0022: [],\r\n",
        "          \u0022destinationAddressPrefixes\u0022: []\r\n",
        "        }\r\n",
        "      },\r\n",
        "      {\r\n",
        "        \u0022name\u0022: \u0022AllowVnetOutBound\u0022,\r\n",
        "        \u0022id\u0022: \u0022/subscriptions/db1ab6f0-4769-4b27-930e-01e2ef9c123c/resourceGroups/csmrg3025/providers/Microsoft.Network/networkSecurityGroups/azsmnet1788/defaultSecurityRules/AllowVnetOutBound\u0022,\r\n",
        "        \u0022etag\u0022: \u0022W/\\\u00225b06070f-c69c-4b8a-b92d-9d8256fd00c7\\\u0022\u0022,\r\n",
        "        \u0022type\u0022: \u0022Microsoft.Network/networkSecurityGroups/defaultSecurityRules\u0022,\r\n",
        "        \u0022properties\u0022: {\r\n",
        "          \u0022provisioningState\u0022: \u0022Succeeded\u0022,\r\n",
        "          \u0022description\u0022: \u0022Allow outbound traffic from all VMs to all VMs in VNET\u0022,\r\n",
        "          \u0022protocol\u0022: \u0022*\u0022,\r\n",
        "          \u0022sourcePortRange\u0022: \u0022*\u0022,\r\n",
        "          \u0022destinationPortRange\u0022: \u0022*\u0022,\r\n",
        "          \u0022sourceAddressPrefix\u0022: \u0022VirtualNetwork\u0022,\r\n",
        "          \u0022destinationAddressPrefix\u0022: \u0022VirtualNetwork\u0022,\r\n",
        "          \u0022access\u0022: \u0022Allow\u0022,\r\n",
        "          \u0022priority\u0022: 65000,\r\n",
        "          \u0022direction\u0022: \u0022Outbound\u0022,\r\n",
        "          \u0022sourcePortRanges\u0022: [],\r\n",
        "          \u0022destinationPortRanges\u0022: [],\r\n",
        "          \u0022sourceAddressPrefixes\u0022: [],\r\n",
        "          \u0022destinationAddressPrefixes\u0022: []\r\n",
        "        }\r\n",
        "      },\r\n",
        "      {\r\n",
        "        \u0022name\u0022: \u0022AllowInternetOutBound\u0022,\r\n",
        "        \u0022id\u0022: \u0022/subscriptions/db1ab6f0-4769-4b27-930e-01e2ef9c123c/resourceGroups/csmrg3025/providers/Microsoft.Network/networkSecurityGroups/azsmnet1788/defaultSecurityRules/AllowInternetOutBound\u0022,\r\n",
        "        \u0022etag\u0022: \u0022W/\\\u00225b06070f-c69c-4b8a-b92d-9d8256fd00c7\\\u0022\u0022,\r\n",
        "        \u0022type\u0022: \u0022Microsoft.Network/networkSecurityGroups/defaultSecurityRules\u0022,\r\n",
        "        \u0022properties\u0022: {\r\n",
        "          \u0022provisioningState\u0022: \u0022Succeeded\u0022,\r\n",
        "          \u0022description\u0022: \u0022Allow outbound traffic from all VMs to Internet\u0022,\r\n",
        "          \u0022protocol\u0022: \u0022*\u0022,\r\n",
        "          \u0022sourcePortRange\u0022: \u0022*\u0022,\r\n",
        "          \u0022destinationPortRange\u0022: \u0022*\u0022,\r\n",
        "          \u0022sourceAddressPrefix\u0022: \u0022*\u0022,\r\n",
        "          \u0022destinationAddressPrefix\u0022: \u0022Internet\u0022,\r\n",
        "          \u0022access\u0022: \u0022Allow\u0022,\r\n",
        "          \u0022priority\u0022: 65001,\r\n",
        "          \u0022direction\u0022: \u0022Outbound\u0022,\r\n",
        "          \u0022sourcePortRanges\u0022: [],\r\n",
        "          \u0022destinationPortRanges\u0022: [],\r\n",
        "          \u0022sourceAddressPrefixes\u0022: [],\r\n",
        "          \u0022destinationAddressPrefixes\u0022: []\r\n",
        "        }\r\n",
        "      },\r\n",
        "      {\r\n",
        "        \u0022name\u0022: \u0022DenyAllOutBound\u0022,\r\n",
        "        \u0022id\u0022: \u0022/subscriptions/db1ab6f0-4769-4b27-930e-01e2ef9c123c/resourceGroups/csmrg3025/providers/Microsoft.Network/networkSecurityGroups/azsmnet1788/defaultSecurityRules/DenyAllOutBound\u0022,\r\n",
        "        \u0022etag\u0022: \u0022W/\\\u00225b06070f-c69c-4b8a-b92d-9d8256fd00c7\\\u0022\u0022,\r\n",
        "        \u0022type\u0022: \u0022Microsoft.Network/networkSecurityGroups/defaultSecurityRules\u0022,\r\n",
        "        \u0022properties\u0022: {\r\n",
        "          \u0022provisioningState\u0022: \u0022Succeeded\u0022,\r\n",
        "          \u0022description\u0022: \u0022Deny all outbound traffic\u0022,\r\n",
        "          \u0022protocol\u0022: \u0022*\u0022,\r\n",
        "          \u0022sourcePortRange\u0022: \u0022*\u0022,\r\n",
        "          \u0022destinationPortRange\u0022: \u0022*\u0022,\r\n",
        "          \u0022sourceAddressPrefix\u0022: \u0022*\u0022,\r\n",
        "          \u0022destinationAddressPrefix\u0022: \u0022*\u0022,\r\n",
        "          \u0022access\u0022: \u0022Deny\u0022,\r\n",
        "          \u0022priority\u0022: 65500,\r\n",
        "          \u0022direction\u0022: \u0022Outbound\u0022,\r\n",
        "          \u0022sourcePortRanges\u0022: [],\r\n",
        "          \u0022destinationPortRanges\u0022: [],\r\n",
        "          \u0022sourceAddressPrefixes\u0022: [],\r\n",
        "          \u0022destinationAddressPrefixes\u0022: []\r\n",
        "        }\r\n",
        "      }\r\n",
        "    ]\r\n",
        "  }\r\n",
        "}"
      ]
    },
    {
      "RequestUri": "https://management.azure.com/subscriptions/db1ab6f0-4769-4b27-930e-01e2ef9c123c/resourceGroups/csmrg3025/providers/Microsoft.Network/networkSecurityGroups/azsmnet1788?api-version=2021-02-01",
      "RequestMethod": "GET",
      "RequestHeaders": {
        "Accept": "application/json",
        "Authorization": "Sanitized",
        "User-Agent": "azsdk-net-ResourceManager.Network/1.0.0-alpha.20211015.1 (.NET Framework 4.8.4420.0; Microsoft Windows 10.0.22000 )",
        "x-ms-client-request-id": "50729f1a7e59c6eaa7a232ae48693606",
        "x-ms-return-client-request-id": "true"
      },
      "RequestBody": null,
      "StatusCode": 200,
      "ResponseHeaders": {
        "Cache-Control": "no-cache",
        "Content-Length": "7480",
        "Content-Type": "application/json; charset=utf-8",
        "Date": "Fri, 15 Oct 2021 09:12:10 GMT",
        "ETag": "W/\u00225b06070f-c69c-4b8a-b92d-9d8256fd00c7\u0022",
        "Expires": "-1",
        "Pragma": "no-cache",
        "Server": [
          "Microsoft-HTTPAPI/2.0",
          "Microsoft-HTTPAPI/2.0"
        ],
        "Strict-Transport-Security": "max-age=31536000; includeSubDomains",
        "X-Content-Type-Options": "nosniff",
        "x-ms-arm-service-request-id": "33b3f5b3-a909-4834-b46e-1fcdbc328a58",
        "x-ms-client-request-id": "50729f1a7e59c6eaa7a232ae48693606",
        "x-ms-correlation-request-id": "dd98bf8d-8f0d-481d-bcee-81c2cce27c11",
        "x-ms-ratelimit-remaining-subscription-reads": "11995",
        "x-ms-request-id": "2e22b81d-7786-4065-859c-fc0f9877771c",
        "x-ms-routing-request-id": "SOUTHEASTASIA:20211015T091211Z:dd98bf8d-8f0d-481d-bcee-81c2cce27c11"
      },
      "ResponseBody": [
        "{\r\n",
        "  \u0022name\u0022: \u0022azsmnet1788\u0022,\r\n",
        "  \u0022id\u0022: \u0022/subscriptions/db1ab6f0-4769-4b27-930e-01e2ef9c123c/resourceGroups/csmrg3025/providers/Microsoft.Network/networkSecurityGroups/azsmnet1788\u0022,\r\n",
        "  \u0022etag\u0022: \u0022W/\\\u00225b06070f-c69c-4b8a-b92d-9d8256fd00c7\\\u0022\u0022,\r\n",
        "  \u0022type\u0022: \u0022Microsoft.Network/networkSecurityGroups\u0022,\r\n",
        "  \u0022location\u0022: \u0022eastus\u0022,\r\n",
        "  \u0022properties\u0022: {\r\n",
        "    \u0022provisioningState\u0022: \u0022Succeeded\u0022,\r\n",
        "    \u0022resourceGuid\u0022: \u00221d8b9ffe-3dca-48cf-a5b8-ca4209f7c9fa\u0022,\r\n",
        "    \u0022securityRules\u0022: [\r\n",
        "      {\r\n",
        "        \u0022name\u0022: \u0022azsmnet3747\u0022,\r\n",
        "        \u0022id\u0022: \u0022/subscriptions/db1ab6f0-4769-4b27-930e-01e2ef9c123c/resourceGroups/csmrg3025/providers/Microsoft.Network/networkSecurityGroups/azsmnet1788/securityRules/azsmnet3747\u0022,\r\n",
        "        \u0022etag\u0022: \u0022W/\\\u00225b06070f-c69c-4b8a-b92d-9d8256fd00c7\\\u0022\u0022,\r\n",
        "        \u0022type\u0022: \u0022Microsoft.Network/networkSecurityGroups/securityRules\u0022,\r\n",
        "        \u0022properties\u0022: {\r\n",
        "          \u0022provisioningState\u0022: \u0022Succeeded\u0022,\r\n",
        "          \u0022description\u0022: \u0022Test security rule\u0022,\r\n",
        "          \u0022protocol\u0022: \u0022Tcp\u0022,\r\n",
        "          \u0022sourcePortRange\u0022: \u0022655\u0022,\r\n",
        "          \u0022destinationPortRange\u0022: \u0022123-3500\u0022,\r\n",
        "          \u0022sourceAddressPrefix\u0022: \u0022*\u0022,\r\n",
        "          \u0022destinationAddressPrefix\u0022: \u0022*\u0022,\r\n",
        "          \u0022access\u0022: \u0022Allow\u0022,\r\n",
        "          \u0022priority\u0022: 500,\r\n",
        "          \u0022direction\u0022: \u0022Inbound\u0022,\r\n",
        "          \u0022sourcePortRanges\u0022: [],\r\n",
        "          \u0022destinationPortRanges\u0022: [],\r\n",
        "          \u0022sourceAddressPrefixes\u0022: [],\r\n",
        "          \u0022destinationAddressPrefixes\u0022: []\r\n",
        "        }\r\n",
        "      }\r\n",
        "    ],\r\n",
        "    \u0022defaultSecurityRules\u0022: [\r\n",
        "      {\r\n",
        "        \u0022name\u0022: \u0022AllowVnetInBound\u0022,\r\n",
        "        \u0022id\u0022: \u0022/subscriptions/db1ab6f0-4769-4b27-930e-01e2ef9c123c/resourceGroups/csmrg3025/providers/Microsoft.Network/networkSecurityGroups/azsmnet1788/defaultSecurityRules/AllowVnetInBound\u0022,\r\n",
        "        \u0022etag\u0022: \u0022W/\\\u00225b06070f-c69c-4b8a-b92d-9d8256fd00c7\\\u0022\u0022,\r\n",
        "        \u0022type\u0022: \u0022Microsoft.Network/networkSecurityGroups/defaultSecurityRules\u0022,\r\n",
        "        \u0022properties\u0022: {\r\n",
        "          \u0022provisioningState\u0022: \u0022Succeeded\u0022,\r\n",
        "          \u0022description\u0022: \u0022Allow inbound traffic from all VMs in VNET\u0022,\r\n",
        "          \u0022protocol\u0022: \u0022*\u0022,\r\n",
        "          \u0022sourcePortRange\u0022: \u0022*\u0022,\r\n",
        "          \u0022destinationPortRange\u0022: \u0022*\u0022,\r\n",
        "          \u0022sourceAddressPrefix\u0022: \u0022VirtualNetwork\u0022,\r\n",
        "          \u0022destinationAddressPrefix\u0022: \u0022VirtualNetwork\u0022,\r\n",
        "          \u0022access\u0022: \u0022Allow\u0022,\r\n",
        "          \u0022priority\u0022: 65000,\r\n",
        "          \u0022direction\u0022: \u0022Inbound\u0022,\r\n",
        "          \u0022sourcePortRanges\u0022: [],\r\n",
        "          \u0022destinationPortRanges\u0022: [],\r\n",
        "          \u0022sourceAddressPrefixes\u0022: [],\r\n",
        "          \u0022destinationAddressPrefixes\u0022: []\r\n",
        "        }\r\n",
        "      },\r\n",
        "      {\r\n",
        "        \u0022name\u0022: \u0022AllowAzureLoadBalancerInBound\u0022,\r\n",
        "        \u0022id\u0022: \u0022/subscriptions/db1ab6f0-4769-4b27-930e-01e2ef9c123c/resourceGroups/csmrg3025/providers/Microsoft.Network/networkSecurityGroups/azsmnet1788/defaultSecurityRules/AllowAzureLoadBalancerInBound\u0022,\r\n",
        "        \u0022etag\u0022: \u0022W/\\\u00225b06070f-c69c-4b8a-b92d-9d8256fd00c7\\\u0022\u0022,\r\n",
        "        \u0022type\u0022: \u0022Microsoft.Network/networkSecurityGroups/defaultSecurityRules\u0022,\r\n",
        "        \u0022properties\u0022: {\r\n",
        "          \u0022provisioningState\u0022: \u0022Succeeded\u0022,\r\n",
        "          \u0022description\u0022: \u0022Allow inbound traffic from azure load balancer\u0022,\r\n",
        "          \u0022protocol\u0022: \u0022*\u0022,\r\n",
        "          \u0022sourcePortRange\u0022: \u0022*\u0022,\r\n",
        "          \u0022destinationPortRange\u0022: \u0022*\u0022,\r\n",
        "          \u0022sourceAddressPrefix\u0022: \u0022AzureLoadBalancer\u0022,\r\n",
        "          \u0022destinationAddressPrefix\u0022: \u0022*\u0022,\r\n",
        "          \u0022access\u0022: \u0022Allow\u0022,\r\n",
        "          \u0022priority\u0022: 65001,\r\n",
        "          \u0022direction\u0022: \u0022Inbound\u0022,\r\n",
        "          \u0022sourcePortRanges\u0022: [],\r\n",
        "          \u0022destinationPortRanges\u0022: [],\r\n",
        "          \u0022sourceAddressPrefixes\u0022: [],\r\n",
        "          \u0022destinationAddressPrefixes\u0022: []\r\n",
        "        }\r\n",
        "      },\r\n",
        "      {\r\n",
        "        \u0022name\u0022: \u0022DenyAllInBound\u0022,\r\n",
        "        \u0022id\u0022: \u0022/subscriptions/db1ab6f0-4769-4b27-930e-01e2ef9c123c/resourceGroups/csmrg3025/providers/Microsoft.Network/networkSecurityGroups/azsmnet1788/defaultSecurityRules/DenyAllInBound\u0022,\r\n",
        "        \u0022etag\u0022: \u0022W/\\\u00225b06070f-c69c-4b8a-b92d-9d8256fd00c7\\\u0022\u0022,\r\n",
        "        \u0022type\u0022: \u0022Microsoft.Network/networkSecurityGroups/defaultSecurityRules\u0022,\r\n",
        "        \u0022properties\u0022: {\r\n",
        "          \u0022provisioningState\u0022: \u0022Succeeded\u0022,\r\n",
        "          \u0022description\u0022: \u0022Deny all inbound traffic\u0022,\r\n",
        "          \u0022protocol\u0022: \u0022*\u0022,\r\n",
        "          \u0022sourcePortRange\u0022: \u0022*\u0022,\r\n",
        "          \u0022destinationPortRange\u0022: \u0022*\u0022,\r\n",
        "          \u0022sourceAddressPrefix\u0022: \u0022*\u0022,\r\n",
        "          \u0022destinationAddressPrefix\u0022: \u0022*\u0022,\r\n",
        "          \u0022access\u0022: \u0022Deny\u0022,\r\n",
        "          \u0022priority\u0022: 65500,\r\n",
        "          \u0022direction\u0022: \u0022Inbound\u0022,\r\n",
        "          \u0022sourcePortRanges\u0022: [],\r\n",
        "          \u0022destinationPortRanges\u0022: [],\r\n",
        "          \u0022sourceAddressPrefixes\u0022: [],\r\n",
        "          \u0022destinationAddressPrefixes\u0022: []\r\n",
        "        }\r\n",
        "      },\r\n",
        "      {\r\n",
        "        \u0022name\u0022: \u0022AllowVnetOutBound\u0022,\r\n",
        "        \u0022id\u0022: \u0022/subscriptions/db1ab6f0-4769-4b27-930e-01e2ef9c123c/resourceGroups/csmrg3025/providers/Microsoft.Network/networkSecurityGroups/azsmnet1788/defaultSecurityRules/AllowVnetOutBound\u0022,\r\n",
        "        \u0022etag\u0022: \u0022W/\\\u00225b06070f-c69c-4b8a-b92d-9d8256fd00c7\\\u0022\u0022,\r\n",
        "        \u0022type\u0022: \u0022Microsoft.Network/networkSecurityGroups/defaultSecurityRules\u0022,\r\n",
        "        \u0022properties\u0022: {\r\n",
        "          \u0022provisioningState\u0022: \u0022Succeeded\u0022,\r\n",
        "          \u0022description\u0022: \u0022Allow outbound traffic from all VMs to all VMs in VNET\u0022,\r\n",
        "          \u0022protocol\u0022: \u0022*\u0022,\r\n",
        "          \u0022sourcePortRange\u0022: \u0022*\u0022,\r\n",
        "          \u0022destinationPortRange\u0022: \u0022*\u0022,\r\n",
        "          \u0022sourceAddressPrefix\u0022: \u0022VirtualNetwork\u0022,\r\n",
        "          \u0022destinationAddressPrefix\u0022: \u0022VirtualNetwork\u0022,\r\n",
        "          \u0022access\u0022: \u0022Allow\u0022,\r\n",
        "          \u0022priority\u0022: 65000,\r\n",
        "          \u0022direction\u0022: \u0022Outbound\u0022,\r\n",
        "          \u0022sourcePortRanges\u0022: [],\r\n",
        "          \u0022destinationPortRanges\u0022: [],\r\n",
        "          \u0022sourceAddressPrefixes\u0022: [],\r\n",
        "          \u0022destinationAddressPrefixes\u0022: []\r\n",
        "        }\r\n",
        "      },\r\n",
        "      {\r\n",
        "        \u0022name\u0022: \u0022AllowInternetOutBound\u0022,\r\n",
        "        \u0022id\u0022: \u0022/subscriptions/db1ab6f0-4769-4b27-930e-01e2ef9c123c/resourceGroups/csmrg3025/providers/Microsoft.Network/networkSecurityGroups/azsmnet1788/defaultSecurityRules/AllowInternetOutBound\u0022,\r\n",
        "        \u0022etag\u0022: \u0022W/\\\u00225b06070f-c69c-4b8a-b92d-9d8256fd00c7\\\u0022\u0022,\r\n",
        "        \u0022type\u0022: \u0022Microsoft.Network/networkSecurityGroups/defaultSecurityRules\u0022,\r\n",
        "        \u0022properties\u0022: {\r\n",
        "          \u0022provisioningState\u0022: \u0022Succeeded\u0022,\r\n",
        "          \u0022description\u0022: \u0022Allow outbound traffic from all VMs to Internet\u0022,\r\n",
        "          \u0022protocol\u0022: \u0022*\u0022,\r\n",
        "          \u0022sourcePortRange\u0022: \u0022*\u0022,\r\n",
        "          \u0022destinationPortRange\u0022: \u0022*\u0022,\r\n",
        "          \u0022sourceAddressPrefix\u0022: \u0022*\u0022,\r\n",
        "          \u0022destinationAddressPrefix\u0022: \u0022Internet\u0022,\r\n",
        "          \u0022access\u0022: \u0022Allow\u0022,\r\n",
        "          \u0022priority\u0022: 65001,\r\n",
        "          \u0022direction\u0022: \u0022Outbound\u0022,\r\n",
        "          \u0022sourcePortRanges\u0022: [],\r\n",
        "          \u0022destinationPortRanges\u0022: [],\r\n",
        "          \u0022sourceAddressPrefixes\u0022: [],\r\n",
        "          \u0022destinationAddressPrefixes\u0022: []\r\n",
        "        }\r\n",
        "      },\r\n",
        "      {\r\n",
        "        \u0022name\u0022: \u0022DenyAllOutBound\u0022,\r\n",
        "        \u0022id\u0022: \u0022/subscriptions/db1ab6f0-4769-4b27-930e-01e2ef9c123c/resourceGroups/csmrg3025/providers/Microsoft.Network/networkSecurityGroups/azsmnet1788/defaultSecurityRules/DenyAllOutBound\u0022,\r\n",
        "        \u0022etag\u0022: \u0022W/\\\u00225b06070f-c69c-4b8a-b92d-9d8256fd00c7\\\u0022\u0022,\r\n",
        "        \u0022type\u0022: \u0022Microsoft.Network/networkSecurityGroups/defaultSecurityRules\u0022,\r\n",
        "        \u0022properties\u0022: {\r\n",
        "          \u0022provisioningState\u0022: \u0022Succeeded\u0022,\r\n",
        "          \u0022description\u0022: \u0022Deny all outbound traffic\u0022,\r\n",
        "          \u0022protocol\u0022: \u0022*\u0022,\r\n",
        "          \u0022sourcePortRange\u0022: \u0022*\u0022,\r\n",
        "          \u0022destinationPortRange\u0022: \u0022*\u0022,\r\n",
        "          \u0022sourceAddressPrefix\u0022: \u0022*\u0022,\r\n",
        "          \u0022destinationAddressPrefix\u0022: \u0022*\u0022,\r\n",
        "          \u0022access\u0022: \u0022Deny\u0022,\r\n",
        "          \u0022priority\u0022: 65500,\r\n",
        "          \u0022direction\u0022: \u0022Outbound\u0022,\r\n",
        "          \u0022sourcePortRanges\u0022: [],\r\n",
        "          \u0022destinationPortRanges\u0022: [],\r\n",
        "          \u0022sourceAddressPrefixes\u0022: [],\r\n",
        "          \u0022destinationAddressPrefixes\u0022: []\r\n",
        "        }\r\n",
        "      }\r\n",
        "    ]\r\n",
        "  }\r\n",
        "}"
      ]
    },
    {
      "RequestUri": "https://management.azure.com/subscriptions/db1ab6f0-4769-4b27-930e-01e2ef9c123c/resourceGroups/csmrg3025/providers/Microsoft.Network/networkSecurityGroups/azsmnet1788/securityRules/azsmnet3747?api-version=2021-02-01",
      "RequestMethod": "GET",
      "RequestHeaders": {
        "Accept": "application/json",
        "Authorization": "Sanitized",
        "User-Agent": "azsdk-net-ResourceManager.Network/1.0.0-alpha.20211015.1 (.NET Framework 4.8.4420.0; Microsoft Windows 10.0.22000 )",
        "x-ms-client-request-id": "9549c8eeaaf9a93527377d44c290fe87",
        "x-ms-return-client-request-id": "true"
      },
      "RequestBody": null,
      "StatusCode": 200,
      "ResponseHeaders": {
        "Cache-Control": "no-cache",
        "Content-Length": "814",
        "Content-Type": "application/json; charset=utf-8",
        "Date": "Fri, 15 Oct 2021 09:12:10 GMT",
        "ETag": "W/\u00225b06070f-c69c-4b8a-b92d-9d8256fd00c7\u0022",
        "Expires": "-1",
        "Pragma": "no-cache",
        "Server": [
          "Microsoft-HTTPAPI/2.0",
          "Microsoft-HTTPAPI/2.0"
        ],
        "Strict-Transport-Security": "max-age=31536000; includeSubDomains",
        "X-Content-Type-Options": "nosniff",
        "x-ms-arm-service-request-id": "b499f3e2-906f-43d0-ae84-c8af2b7262e0",
        "x-ms-client-request-id": "9549c8eeaaf9a93527377d44c290fe87",
        "x-ms-correlation-request-id": "cd82f9b3-16d1-4bec-bad9-c2bec5a68609",
        "x-ms-ratelimit-remaining-subscription-reads": "11994",
        "x-ms-request-id": "046e9741-b079-44c1-94c7-6456336da6a5",
        "x-ms-routing-request-id": "SOUTHEASTASIA:20211015T091211Z:cd82f9b3-16d1-4bec-bad9-c2bec5a68609"
      },
      "ResponseBody": [
        "{\r\n",
        "  \u0022name\u0022: \u0022azsmnet3747\u0022,\r\n",
        "  \u0022id\u0022: \u0022/subscriptions/db1ab6f0-4769-4b27-930e-01e2ef9c123c/resourceGroups/csmrg3025/providers/Microsoft.Network/networkSecurityGroups/azsmnet1788/securityRules/azsmnet3747\u0022,\r\n",
        "  \u0022etag\u0022: \u0022W/\\\u00225b06070f-c69c-4b8a-b92d-9d8256fd00c7\\\u0022\u0022,\r\n",
        "  \u0022type\u0022: \u0022Microsoft.Network/networkSecurityGroups/securityRules\u0022,\r\n",
        "  \u0022properties\u0022: {\r\n",
        "    \u0022provisioningState\u0022: \u0022Succeeded\u0022,\r\n",
        "    \u0022description\u0022: \u0022Test security rule\u0022,\r\n",
        "    \u0022protocol\u0022: \u0022Tcp\u0022,\r\n",
        "    \u0022sourcePortRange\u0022: \u0022655\u0022,\r\n",
        "    \u0022destinationPortRange\u0022: \u0022123-3500\u0022,\r\n",
        "    \u0022sourceAddressPrefix\u0022: \u0022*\u0022,\r\n",
        "    \u0022destinationAddressPrefix\u0022: \u0022*\u0022,\r\n",
        "    \u0022access\u0022: \u0022Allow\u0022,\r\n",
        "    \u0022priority\u0022: 500,\r\n",
        "    \u0022direction\u0022: \u0022Inbound\u0022,\r\n",
        "    \u0022sourcePortRanges\u0022: [],\r\n",
        "    \u0022destinationPortRanges\u0022: [],\r\n",
        "    \u0022sourceAddressPrefixes\u0022: [],\r\n",
        "    \u0022destinationAddressPrefixes\u0022: []\r\n",
        "  }\r\n",
        "}"
      ]
    },
    {
      "RequestUri": "https://management.azure.com/subscriptions/db1ab6f0-4769-4b27-930e-01e2ef9c123c/resourceGroups/csmrg3025/providers/Microsoft.Network/networkSecurityGroups/azsmnet1788/securityRules/azsmnet8651?api-version=2021-02-01",
      "RequestMethod": "PUT",
      "RequestHeaders": {
        "Accept": "application/json",
        "Authorization": "Sanitized",
        "Content-Length": "267",
        "Content-Type": "application/json",
        "User-Agent": "azsdk-net-ResourceManager.Network/1.0.0-alpha.20211015.1 (.NET Framework 4.8.4420.0; Microsoft Windows 10.0.22000 )",
        "x-ms-client-request-id": "4feeed8e06c456947bba54283e17f5c5",
        "x-ms-return-client-request-id": "true"
      },
      "RequestBody": {
        "name": "azsmnet8651",
        "properties": {
          "description": "Test outbound security rule",
          "protocol": "Udp",
          "sourcePortRange": "656",
          "destinationPortRange": "123-3500",
          "sourceAddressPrefix": "*",
          "destinationAddressPrefix": "*",
          "access": "Deny",
          "priority": 501,
          "direction": "Outbound"
        }
      },
      "StatusCode": 201,
      "ResponseHeaders": {
        "Azure-AsyncOperation": "https://management.azure.com/subscriptions/db1ab6f0-4769-4b27-930e-01e2ef9c123c/providers/Microsoft.Network/locations/eastus/operations/6cdacf07-70f6-40cf-94f7-35a3a7664f53?api-version=2021-02-01",
        "Cache-Control": "no-cache",
        "Content-Length": "822",
        "Content-Type": "application/json; charset=utf-8",
        "Date": "Fri, 15 Oct 2021 09:12:11 GMT",
        "Expires": "-1",
        "Pragma": "no-cache",
        "Retry-After": "10",
        "Server": [
          "Microsoft-HTTPAPI/2.0",
          "Microsoft-HTTPAPI/2.0"
        ],
        "Strict-Transport-Security": "max-age=31536000; includeSubDomains",
        "X-Content-Type-Options": "nosniff",
        "x-ms-arm-service-request-id": "b7a8bbc0-2de2-4430-a9f0-11becaf7ca16",
        "x-ms-client-request-id": "4feeed8e06c456947bba54283e17f5c5",
        "x-ms-correlation-request-id": "a3c8e584-ee09-4f32-8aaf-fb457677f74a",
        "x-ms-ratelimit-remaining-subscription-writes": "1197",
        "x-ms-request-id": "6cdacf07-70f6-40cf-94f7-35a3a7664f53",
        "x-ms-routing-request-id": "SOUTHEASTASIA:20211015T091212Z:a3c8e584-ee09-4f32-8aaf-fb457677f74a"
      },
      "ResponseBody": [
        "{\r\n",
        "  \u0022name\u0022: \u0022azsmnet8651\u0022,\r\n",
        "  \u0022id\u0022: \u0022/subscriptions/db1ab6f0-4769-4b27-930e-01e2ef9c123c/resourceGroups/csmrg3025/providers/Microsoft.Network/networkSecurityGroups/azsmnet1788/securityRules/azsmnet8651\u0022,\r\n",
        "  \u0022etag\u0022: \u0022W/\\\u0022e0fcae8a-ad27-4507-a1bd-b36459e70b73\\\u0022\u0022,\r\n",
        "  \u0022type\u0022: \u0022Microsoft.Network/networkSecurityGroups/securityRules\u0022,\r\n",
        "  \u0022properties\u0022: {\r\n",
        "    \u0022provisioningState\u0022: \u0022Updating\u0022,\r\n",
        "    \u0022description\u0022: \u0022Test outbound security rule\u0022,\r\n",
        "    \u0022protocol\u0022: \u0022Udp\u0022,\r\n",
        "    \u0022sourcePortRange\u0022: \u0022656\u0022,\r\n",
        "    \u0022destinationPortRange\u0022: \u0022123-3500\u0022,\r\n",
        "    \u0022sourceAddressPrefix\u0022: \u0022*\u0022,\r\n",
        "    \u0022destinationAddressPrefix\u0022: \u0022*\u0022,\r\n",
        "    \u0022access\u0022: \u0022Deny\u0022,\r\n",
        "    \u0022priority\u0022: 501,\r\n",
        "    \u0022direction\u0022: \u0022Outbound\u0022,\r\n",
        "    \u0022sourcePortRanges\u0022: [],\r\n",
        "    \u0022destinationPortRanges\u0022: [],\r\n",
        "    \u0022sourceAddressPrefixes\u0022: [],\r\n",
        "    \u0022destinationAddressPrefixes\u0022: []\r\n",
        "  }\r\n",
        "}"
      ]
    },
    {
      "RequestUri": "https://management.azure.com/subscriptions/db1ab6f0-4769-4b27-930e-01e2ef9c123c/providers/Microsoft.Network/locations/eastus/operations/6cdacf07-70f6-40cf-94f7-35a3a7664f53?api-version=2021-02-01",
      "RequestMethod": "GET",
      "RequestHeaders": {
        "Authorization": "Sanitized",
        "User-Agent": "azsdk-net-ResourceManager/1.0.0-beta.4 (.NET Framework 4.8.4420.0; Microsoft Windows 10.0.22000 )",
        "x-ms-client-request-id": "5a1faaa3e77ae74133f3193f550c6b10",
        "x-ms-return-client-request-id": "true"
      },
      "RequestBody": null,
      "StatusCode": 200,
      "ResponseHeaders": {
        "Cache-Control": "no-cache",
        "Content-Length": "29",
        "Content-Type": "application/json; charset=utf-8",
        "Date": "Fri, 15 Oct 2021 09:12:11 GMT",
        "Expires": "-1",
        "Pragma": "no-cache",
        "Server": [
          "Microsoft-HTTPAPI/2.0",
          "Microsoft-HTTPAPI/2.0"
        ],
        "Strict-Transport-Security": "max-age=31536000; includeSubDomains",
        "X-Content-Type-Options": "nosniff",
        "x-ms-arm-service-request-id": "d3b2588a-1151-49f4-88d9-e178b60f60ba",
        "x-ms-client-request-id": "5a1faaa3e77ae74133f3193f550c6b10",
        "x-ms-correlation-request-id": "0cf255fb-ef0f-4c02-9c0c-0244d5ac8af9",
        "x-ms-ratelimit-remaining-subscription-reads": "11993",
        "x-ms-request-id": "7c9e4f21-a99e-435f-acc1-e509253b161d",
        "x-ms-routing-request-id": "SOUTHEASTASIA:20211015T091212Z:0cf255fb-ef0f-4c02-9c0c-0244d5ac8af9"
      },
      "ResponseBody": [
        "{\r\n",
        "  \u0022status\u0022: \u0022Succeeded\u0022\r\n",
        "}"
      ]
    },
    {
      "RequestUri": "https://management.azure.com/subscriptions/db1ab6f0-4769-4b27-930e-01e2ef9c123c/resourceGroups/csmrg3025/providers/Microsoft.Network/networkSecurityGroups/azsmnet1788/securityRules/azsmnet8651?api-version=2021-02-01",
      "RequestMethod": "GET",
      "RequestHeaders": {
        "Authorization": "Sanitized",
        "User-Agent": "azsdk-net-ResourceManager/1.0.0-beta.4 (.NET Framework 4.8.4420.0; Microsoft Windows 10.0.22000 )",
        "x-ms-client-request-id": "eb1bb741b57a7d982a7de6fcdd7255d5",
        "x-ms-return-client-request-id": "true"
      },
      "RequestBody": null,
      "StatusCode": 200,
      "ResponseHeaders": {
        "Cache-Control": "no-cache",
        "Content-Length": "823",
        "Content-Type": "application/json; charset=utf-8",
        "Date": "Fri, 15 Oct 2021 09:12:12 GMT",
        "ETag": "W/\u00229aa8f8f9-26ae-4b08-b936-f6c17854eee0\u0022",
        "Expires": "-1",
        "Pragma": "no-cache",
        "Server": [
          "Microsoft-HTTPAPI/2.0",
          "Microsoft-HTTPAPI/2.0"
        ],
        "Strict-Transport-Security": "max-age=31536000; includeSubDomains",
        "X-Content-Type-Options": "nosniff",
        "x-ms-arm-service-request-id": "255e4f4e-1e57-4751-80ae-395203109887",
        "x-ms-client-request-id": "eb1bb741b57a7d982a7de6fcdd7255d5",
        "x-ms-correlation-request-id": "4be31f2b-b794-40db-83d8-edee8809ac98",
        "x-ms-ratelimit-remaining-subscription-reads": "11992",
        "x-ms-request-id": "8d31fcf3-6d3b-49d2-84d0-79a377438325",
        "x-ms-routing-request-id": "SOUTHEASTASIA:20211015T091213Z:4be31f2b-b794-40db-83d8-edee8809ac98"
      },
      "ResponseBody": [
        "{\r\n",
        "  \u0022name\u0022: \u0022azsmnet8651\u0022,\r\n",
        "  \u0022id\u0022: \u0022/subscriptions/db1ab6f0-4769-4b27-930e-01e2ef9c123c/resourceGroups/csmrg3025/providers/Microsoft.Network/networkSecurityGroups/azsmnet1788/securityRules/azsmnet8651\u0022,\r\n",
        "  \u0022etag\u0022: \u0022W/\\\u00229aa8f8f9-26ae-4b08-b936-f6c17854eee0\\\u0022\u0022,\r\n",
        "  \u0022type\u0022: \u0022Microsoft.Network/networkSecurityGroups/securityRules\u0022,\r\n",
        "  \u0022properties\u0022: {\r\n",
        "    \u0022provisioningState\u0022: \u0022Succeeded\u0022,\r\n",
        "    \u0022description\u0022: \u0022Test outbound security rule\u0022,\r\n",
        "    \u0022protocol\u0022: \u0022Udp\u0022,\r\n",
        "    \u0022sourcePortRange\u0022: \u0022656\u0022,\r\n",
        "    \u0022destinationPortRange\u0022: \u0022123-3500\u0022,\r\n",
        "    \u0022sourceAddressPrefix\u0022: \u0022*\u0022,\r\n",
        "    \u0022destinationAddressPrefix\u0022: \u0022*\u0022,\r\n",
        "    \u0022access\u0022: \u0022Deny\u0022,\r\n",
        "    \u0022priority\u0022: 501,\r\n",
        "    \u0022direction\u0022: \u0022Outbound\u0022,\r\n",
        "    \u0022sourcePortRanges\u0022: [],\r\n",
        "    \u0022destinationPortRanges\u0022: [],\r\n",
        "    \u0022sourceAddressPrefixes\u0022: [],\r\n",
        "    \u0022destinationAddressPrefixes\u0022: []\r\n",
        "  }\r\n",
        "}"
      ]
    },
    {
      "RequestUri": "https://management.azure.com/subscriptions/db1ab6f0-4769-4b27-930e-01e2ef9c123c/resourceGroups/csmrg3025/providers/Microsoft.Network/networkSecurityGroups/azsmnet1788?api-version=2021-02-01",
      "RequestMethod": "GET",
      "RequestHeaders": {
        "Accept": "application/json",
        "Authorization": "Sanitized",
        "User-Agent": "azsdk-net-ResourceManager.Network/1.0.0-alpha.20211015.1 (.NET Framework 4.8.4420.0; Microsoft Windows 10.0.22000 )",
        "x-ms-client-request-id": "93843eb59bf7424a952e14fcf6841b5c",
        "x-ms-return-client-request-id": "true"
      },
      "RequestBody": null,
      "StatusCode": 200,
      "ResponseHeaders": {
        "Cache-Control": "no-cache",
        "Content-Length": "8438",
        "Content-Type": "application/json; charset=utf-8",
        "Date": "Fri, 15 Oct 2021 09:12:12 GMT",
        "ETag": "W/\u00229aa8f8f9-26ae-4b08-b936-f6c17854eee0\u0022",
        "Expires": "-1",
        "Pragma": "no-cache",
        "Server": [
          "Microsoft-HTTPAPI/2.0",
          "Microsoft-HTTPAPI/2.0"
        ],
        "Strict-Transport-Security": "max-age=31536000; includeSubDomains",
        "X-Content-Type-Options": "nosniff",
        "x-ms-arm-service-request-id": "50dcf22a-0951-4d6e-b9a8-637bd51e775d",
        "x-ms-client-request-id": "93843eb59bf7424a952e14fcf6841b5c",
        "x-ms-correlation-request-id": "3fb86937-fd1a-48b9-9bea-c6dfa4dc9d3b",
        "x-ms-ratelimit-remaining-subscription-reads": "11991",
        "x-ms-request-id": "1373724f-17a4-4491-a9c2-585021899d5f",
        "x-ms-routing-request-id": "SOUTHEASTASIA:20211015T091213Z:3fb86937-fd1a-48b9-9bea-c6dfa4dc9d3b"
      },
      "ResponseBody": [
        "{\r\n",
        "  \u0022name\u0022: \u0022azsmnet1788\u0022,\r\n",
        "  \u0022id\u0022: \u0022/subscriptions/db1ab6f0-4769-4b27-930e-01e2ef9c123c/resourceGroups/csmrg3025/providers/Microsoft.Network/networkSecurityGroups/azsmnet1788\u0022,\r\n",
        "  \u0022etag\u0022: \u0022W/\\\u00229aa8f8f9-26ae-4b08-b936-f6c17854eee0\\\u0022\u0022,\r\n",
        "  \u0022type\u0022: \u0022Microsoft.Network/networkSecurityGroups\u0022,\r\n",
        "  \u0022location\u0022: \u0022eastus\u0022,\r\n",
        "  \u0022properties\u0022: {\r\n",
        "    \u0022provisioningState\u0022: \u0022Succeeded\u0022,\r\n",
        "    \u0022resourceGuid\u0022: \u00221d8b9ffe-3dca-48cf-a5b8-ca4209f7c9fa\u0022,\r\n",
        "    \u0022securityRules\u0022: [\r\n",
        "      {\r\n",
        "        \u0022name\u0022: \u0022azsmnet3747\u0022,\r\n",
        "        \u0022id\u0022: \u0022/subscriptions/db1ab6f0-4769-4b27-930e-01e2ef9c123c/resourceGroups/csmrg3025/providers/Microsoft.Network/networkSecurityGroups/azsmnet1788/securityRules/azsmnet3747\u0022,\r\n",
        "        \u0022etag\u0022: \u0022W/\\\u00229aa8f8f9-26ae-4b08-b936-f6c17854eee0\\\u0022\u0022,\r\n",
        "        \u0022type\u0022: \u0022Microsoft.Network/networkSecurityGroups/securityRules\u0022,\r\n",
        "        \u0022properties\u0022: {\r\n",
        "          \u0022provisioningState\u0022: \u0022Succeeded\u0022,\r\n",
        "          \u0022description\u0022: \u0022Test security rule\u0022,\r\n",
        "          \u0022protocol\u0022: \u0022Tcp\u0022,\r\n",
        "          \u0022sourcePortRange\u0022: \u0022655\u0022,\r\n",
        "          \u0022destinationPortRange\u0022: \u0022123-3500\u0022,\r\n",
        "          \u0022sourceAddressPrefix\u0022: \u0022*\u0022,\r\n",
        "          \u0022destinationAddressPrefix\u0022: \u0022*\u0022,\r\n",
        "          \u0022access\u0022: \u0022Allow\u0022,\r\n",
        "          \u0022priority\u0022: 500,\r\n",
        "          \u0022direction\u0022: \u0022Inbound\u0022,\r\n",
        "          \u0022sourcePortRanges\u0022: [],\r\n",
        "          \u0022destinationPortRanges\u0022: [],\r\n",
        "          \u0022sourceAddressPrefixes\u0022: [],\r\n",
        "          \u0022destinationAddressPrefixes\u0022: []\r\n",
        "        }\r\n",
        "      },\r\n",
        "      {\r\n",
        "        \u0022name\u0022: \u0022azsmnet8651\u0022,\r\n",
        "        \u0022id\u0022: \u0022/subscriptions/db1ab6f0-4769-4b27-930e-01e2ef9c123c/resourceGroups/csmrg3025/providers/Microsoft.Network/networkSecurityGroups/azsmnet1788/securityRules/azsmnet8651\u0022,\r\n",
        "        \u0022etag\u0022: \u0022W/\\\u00229aa8f8f9-26ae-4b08-b936-f6c17854eee0\\\u0022\u0022,\r\n",
        "        \u0022type\u0022: \u0022Microsoft.Network/networkSecurityGroups/securityRules\u0022,\r\n",
        "        \u0022properties\u0022: {\r\n",
        "          \u0022provisioningState\u0022: \u0022Succeeded\u0022,\r\n",
        "          \u0022description\u0022: \u0022Test outbound security rule\u0022,\r\n",
        "          \u0022protocol\u0022: \u0022Udp\u0022,\r\n",
        "          \u0022sourcePortRange\u0022: \u0022656\u0022,\r\n",
        "          \u0022destinationPortRange\u0022: \u0022123-3500\u0022,\r\n",
        "          \u0022sourceAddressPrefix\u0022: \u0022*\u0022,\r\n",
        "          \u0022destinationAddressPrefix\u0022: \u0022*\u0022,\r\n",
        "          \u0022access\u0022: \u0022Deny\u0022,\r\n",
        "          \u0022priority\u0022: 501,\r\n",
        "          \u0022direction\u0022: \u0022Outbound\u0022,\r\n",
        "          \u0022sourcePortRanges\u0022: [],\r\n",
        "          \u0022destinationPortRanges\u0022: [],\r\n",
        "          \u0022sourceAddressPrefixes\u0022: [],\r\n",
        "          \u0022destinationAddressPrefixes\u0022: []\r\n",
        "        }\r\n",
        "      }\r\n",
        "    ],\r\n",
        "    \u0022defaultSecurityRules\u0022: [\r\n",
        "      {\r\n",
        "        \u0022name\u0022: \u0022AllowVnetInBound\u0022,\r\n",
        "        \u0022id\u0022: \u0022/subscriptions/db1ab6f0-4769-4b27-930e-01e2ef9c123c/resourceGroups/csmrg3025/providers/Microsoft.Network/networkSecurityGroups/azsmnet1788/defaultSecurityRules/AllowVnetInBound\u0022,\r\n",
        "        \u0022etag\u0022: \u0022W/\\\u00229aa8f8f9-26ae-4b08-b936-f6c17854eee0\\\u0022\u0022,\r\n",
        "        \u0022type\u0022: \u0022Microsoft.Network/networkSecurityGroups/defaultSecurityRules\u0022,\r\n",
        "        \u0022properties\u0022: {\r\n",
        "          \u0022provisioningState\u0022: \u0022Succeeded\u0022,\r\n",
        "          \u0022description\u0022: \u0022Allow inbound traffic from all VMs in VNET\u0022,\r\n",
        "          \u0022protocol\u0022: \u0022*\u0022,\r\n",
        "          \u0022sourcePortRange\u0022: \u0022*\u0022,\r\n",
        "          \u0022destinationPortRange\u0022: \u0022*\u0022,\r\n",
        "          \u0022sourceAddressPrefix\u0022: \u0022VirtualNetwork\u0022,\r\n",
        "          \u0022destinationAddressPrefix\u0022: \u0022VirtualNetwork\u0022,\r\n",
        "          \u0022access\u0022: \u0022Allow\u0022,\r\n",
        "          \u0022priority\u0022: 65000,\r\n",
        "          \u0022direction\u0022: \u0022Inbound\u0022,\r\n",
        "          \u0022sourcePortRanges\u0022: [],\r\n",
        "          \u0022destinationPortRanges\u0022: [],\r\n",
        "          \u0022sourceAddressPrefixes\u0022: [],\r\n",
        "          \u0022destinationAddressPrefixes\u0022: []\r\n",
        "        }\r\n",
        "      },\r\n",
        "      {\r\n",
        "        \u0022name\u0022: \u0022AllowAzureLoadBalancerInBound\u0022,\r\n",
        "        \u0022id\u0022: \u0022/subscriptions/db1ab6f0-4769-4b27-930e-01e2ef9c123c/resourceGroups/csmrg3025/providers/Microsoft.Network/networkSecurityGroups/azsmnet1788/defaultSecurityRules/AllowAzureLoadBalancerInBound\u0022,\r\n",
        "        \u0022etag\u0022: \u0022W/\\\u00229aa8f8f9-26ae-4b08-b936-f6c17854eee0\\\u0022\u0022,\r\n",
        "        \u0022type\u0022: \u0022Microsoft.Network/networkSecurityGroups/defaultSecurityRules\u0022,\r\n",
        "        \u0022properties\u0022: {\r\n",
        "          \u0022provisioningState\u0022: \u0022Succeeded\u0022,\r\n",
        "          \u0022description\u0022: \u0022Allow inbound traffic from azure load balancer\u0022,\r\n",
        "          \u0022protocol\u0022: \u0022*\u0022,\r\n",
        "          \u0022sourcePortRange\u0022: \u0022*\u0022,\r\n",
        "          \u0022destinationPortRange\u0022: \u0022*\u0022,\r\n",
        "          \u0022sourceAddressPrefix\u0022: \u0022AzureLoadBalancer\u0022,\r\n",
        "          \u0022destinationAddressPrefix\u0022: \u0022*\u0022,\r\n",
        "          \u0022access\u0022: \u0022Allow\u0022,\r\n",
        "          \u0022priority\u0022: 65001,\r\n",
        "          \u0022direction\u0022: \u0022Inbound\u0022,\r\n",
        "          \u0022sourcePortRanges\u0022: [],\r\n",
        "          \u0022destinationPortRanges\u0022: [],\r\n",
        "          \u0022sourceAddressPrefixes\u0022: [],\r\n",
        "          \u0022destinationAddressPrefixes\u0022: []\r\n",
        "        }\r\n",
        "      },\r\n",
        "      {\r\n",
        "        \u0022name\u0022: \u0022DenyAllInBound\u0022,\r\n",
        "        \u0022id\u0022: \u0022/subscriptions/db1ab6f0-4769-4b27-930e-01e2ef9c123c/resourceGroups/csmrg3025/providers/Microsoft.Network/networkSecurityGroups/azsmnet1788/defaultSecurityRules/DenyAllInBound\u0022,\r\n",
        "        \u0022etag\u0022: \u0022W/\\\u00229aa8f8f9-26ae-4b08-b936-f6c17854eee0\\\u0022\u0022,\r\n",
        "        \u0022type\u0022: \u0022Microsoft.Network/networkSecurityGroups/defaultSecurityRules\u0022,\r\n",
        "        \u0022properties\u0022: {\r\n",
        "          \u0022provisioningState\u0022: \u0022Succeeded\u0022,\r\n",
        "          \u0022description\u0022: \u0022Deny all inbound traffic\u0022,\r\n",
        "          \u0022protocol\u0022: \u0022*\u0022,\r\n",
        "          \u0022sourcePortRange\u0022: \u0022*\u0022,\r\n",
        "          \u0022destinationPortRange\u0022: \u0022*\u0022,\r\n",
        "          \u0022sourceAddressPrefix\u0022: \u0022*\u0022,\r\n",
        "          \u0022destinationAddressPrefix\u0022: \u0022*\u0022,\r\n",
        "          \u0022access\u0022: \u0022Deny\u0022,\r\n",
        "          \u0022priority\u0022: 65500,\r\n",
        "          \u0022direction\u0022: \u0022Inbound\u0022,\r\n",
        "          \u0022sourcePortRanges\u0022: [],\r\n",
        "          \u0022destinationPortRanges\u0022: [],\r\n",
        "          \u0022sourceAddressPrefixes\u0022: [],\r\n",
        "          \u0022destinationAddressPrefixes\u0022: []\r\n",
        "        }\r\n",
        "      },\r\n",
        "      {\r\n",
        "        \u0022name\u0022: \u0022AllowVnetOutBound\u0022,\r\n",
        "        \u0022id\u0022: \u0022/subscriptions/db1ab6f0-4769-4b27-930e-01e2ef9c123c/resourceGroups/csmrg3025/providers/Microsoft.Network/networkSecurityGroups/azsmnet1788/defaultSecurityRules/AllowVnetOutBound\u0022,\r\n",
        "        \u0022etag\u0022: \u0022W/\\\u00229aa8f8f9-26ae-4b08-b936-f6c17854eee0\\\u0022\u0022,\r\n",
        "        \u0022type\u0022: \u0022Microsoft.Network/networkSecurityGroups/defaultSecurityRules\u0022,\r\n",
        "        \u0022properties\u0022: {\r\n",
        "          \u0022provisioningState\u0022: \u0022Succeeded\u0022,\r\n",
        "          \u0022description\u0022: \u0022Allow outbound traffic from all VMs to all VMs in VNET\u0022,\r\n",
        "          \u0022protocol\u0022: \u0022*\u0022,\r\n",
        "          \u0022sourcePortRange\u0022: \u0022*\u0022,\r\n",
        "          \u0022destinationPortRange\u0022: \u0022*\u0022,\r\n",
        "          \u0022sourceAddressPrefix\u0022: \u0022VirtualNetwork\u0022,\r\n",
        "          \u0022destinationAddressPrefix\u0022: \u0022VirtualNetwork\u0022,\r\n",
        "          \u0022access\u0022: \u0022Allow\u0022,\r\n",
        "          \u0022priority\u0022: 65000,\r\n",
        "          \u0022direction\u0022: \u0022Outbound\u0022,\r\n",
        "          \u0022sourcePortRanges\u0022: [],\r\n",
        "          \u0022destinationPortRanges\u0022: [],\r\n",
        "          \u0022sourceAddressPrefixes\u0022: [],\r\n",
        "          \u0022destinationAddressPrefixes\u0022: []\r\n",
        "        }\r\n",
        "      },\r\n",
        "      {\r\n",
        "        \u0022name\u0022: \u0022AllowInternetOutBound\u0022,\r\n",
        "        \u0022id\u0022: \u0022/subscriptions/db1ab6f0-4769-4b27-930e-01e2ef9c123c/resourceGroups/csmrg3025/providers/Microsoft.Network/networkSecurityGroups/azsmnet1788/defaultSecurityRules/AllowInternetOutBound\u0022,\r\n",
        "        \u0022etag\u0022: \u0022W/\\\u00229aa8f8f9-26ae-4b08-b936-f6c17854eee0\\\u0022\u0022,\r\n",
        "        \u0022type\u0022: \u0022Microsoft.Network/networkSecurityGroups/defaultSecurityRules\u0022,\r\n",
        "        \u0022properties\u0022: {\r\n",
        "          \u0022provisioningState\u0022: \u0022Succeeded\u0022,\r\n",
        "          \u0022description\u0022: \u0022Allow outbound traffic from all VMs to Internet\u0022,\r\n",
        "          \u0022protocol\u0022: \u0022*\u0022,\r\n",
        "          \u0022sourcePortRange\u0022: \u0022*\u0022,\r\n",
        "          \u0022destinationPortRange\u0022: \u0022*\u0022,\r\n",
        "          \u0022sourceAddressPrefix\u0022: \u0022*\u0022,\r\n",
        "          \u0022destinationAddressPrefix\u0022: \u0022Internet\u0022,\r\n",
        "          \u0022access\u0022: \u0022Allow\u0022,\r\n",
        "          \u0022priority\u0022: 65001,\r\n",
        "          \u0022direction\u0022: \u0022Outbound\u0022,\r\n",
        "          \u0022sourcePortRanges\u0022: [],\r\n",
        "          \u0022destinationPortRanges\u0022: [],\r\n",
        "          \u0022sourceAddressPrefixes\u0022: [],\r\n",
        "          \u0022destinationAddressPrefixes\u0022: []\r\n",
        "        }\r\n",
        "      },\r\n",
        "      {\r\n",
        "        \u0022name\u0022: \u0022DenyAllOutBound\u0022,\r\n",
        "        \u0022id\u0022: \u0022/subscriptions/db1ab6f0-4769-4b27-930e-01e2ef9c123c/resourceGroups/csmrg3025/providers/Microsoft.Network/networkSecurityGroups/azsmnet1788/defaultSecurityRules/DenyAllOutBound\u0022,\r\n",
        "        \u0022etag\u0022: \u0022W/\\\u00229aa8f8f9-26ae-4b08-b936-f6c17854eee0\\\u0022\u0022,\r\n",
        "        \u0022type\u0022: \u0022Microsoft.Network/networkSecurityGroups/defaultSecurityRules\u0022,\r\n",
        "        \u0022properties\u0022: {\r\n",
        "          \u0022provisioningState\u0022: \u0022Succeeded\u0022,\r\n",
        "          \u0022description\u0022: \u0022Deny all outbound traffic\u0022,\r\n",
        "          \u0022protocol\u0022: \u0022*\u0022,\r\n",
        "          \u0022sourcePortRange\u0022: \u0022*\u0022,\r\n",
        "          \u0022destinationPortRange\u0022: \u0022*\u0022,\r\n",
        "          \u0022sourceAddressPrefix\u0022: \u0022*\u0022,\r\n",
        "          \u0022destinationAddressPrefix\u0022: \u0022*\u0022,\r\n",
        "          \u0022access\u0022: \u0022Deny\u0022,\r\n",
        "          \u0022priority\u0022: 65500,\r\n",
        "          \u0022direction\u0022: \u0022Outbound\u0022,\r\n",
        "          \u0022sourcePortRanges\u0022: [],\r\n",
        "          \u0022destinationPortRanges\u0022: [],\r\n",
        "          \u0022sourceAddressPrefixes\u0022: [],\r\n",
        "          \u0022destinationAddressPrefixes\u0022: []\r\n",
        "        }\r\n",
        "      }\r\n",
        "    ]\r\n",
        "  }\r\n",
        "}"
      ]
    },
    {
      "RequestUri": "https://management.azure.com/subscriptions/db1ab6f0-4769-4b27-930e-01e2ef9c123c/resourceGroups/csmrg3025/providers/Microsoft.Network/networkSecurityGroups/azsmnet1788/securityRules/azsmnet8651?api-version=2021-02-01",
      "RequestMethod": "GET",
      "RequestHeaders": {
        "Accept": "application/json",
        "Authorization": "Sanitized",
        "User-Agent": "azsdk-net-ResourceManager.Network/1.0.0-alpha.20211015.1 (.NET Framework 4.8.4420.0; Microsoft Windows 10.0.22000 )",
        "x-ms-client-request-id": "49e0185d198aee9c12a22ffc004509c1",
        "x-ms-return-client-request-id": "true"
      },
      "RequestBody": null,
      "StatusCode": 200,
      "ResponseHeaders": {
        "Cache-Control": "no-cache",
        "Content-Length": "823",
        "Content-Type": "application/json; charset=utf-8",
        "Date": "Fri, 15 Oct 2021 09:12:12 GMT",
        "ETag": "W/\u00229aa8f8f9-26ae-4b08-b936-f6c17854eee0\u0022",
        "Expires": "-1",
        "Pragma": "no-cache",
        "Server": [
          "Microsoft-HTTPAPI/2.0",
          "Microsoft-HTTPAPI/2.0"
        ],
        "Strict-Transport-Security": "max-age=31536000; includeSubDomains",
        "X-Content-Type-Options": "nosniff",
        "x-ms-arm-service-request-id": "47fdb3f1-03d4-4070-b20d-a0fb4dfc9581",
        "x-ms-client-request-id": "49e0185d198aee9c12a22ffc004509c1",
        "x-ms-correlation-request-id": "cb1edfbc-0bdf-4753-96e1-cdef9c7e63de",
        "x-ms-ratelimit-remaining-subscription-reads": "11990",
        "x-ms-request-id": "591a82fa-888a-400b-8607-0f476d00716d",
        "x-ms-routing-request-id": "SOUTHEASTASIA:20211015T091213Z:cb1edfbc-0bdf-4753-96e1-cdef9c7e63de"
      },
      "ResponseBody": [
        "{\r\n",
        "  \u0022name\u0022: \u0022azsmnet8651\u0022,\r\n",
        "  \u0022id\u0022: \u0022/subscriptions/db1ab6f0-4769-4b27-930e-01e2ef9c123c/resourceGroups/csmrg3025/providers/Microsoft.Network/networkSecurityGroups/azsmnet1788/securityRules/azsmnet8651\u0022,\r\n",
        "  \u0022etag\u0022: \u0022W/\\\u00229aa8f8f9-26ae-4b08-b936-f6c17854eee0\\\u0022\u0022,\r\n",
        "  \u0022type\u0022: \u0022Microsoft.Network/networkSecurityGroups/securityRules\u0022,\r\n",
        "  \u0022properties\u0022: {\r\n",
        "    \u0022provisioningState\u0022: \u0022Succeeded\u0022,\r\n",
        "    \u0022description\u0022: \u0022Test outbound security rule\u0022,\r\n",
        "    \u0022protocol\u0022: \u0022Udp\u0022,\r\n",
        "    \u0022sourcePortRange\u0022: \u0022656\u0022,\r\n",
        "    \u0022destinationPortRange\u0022: \u0022123-3500\u0022,\r\n",
        "    \u0022sourceAddressPrefix\u0022: \u0022*\u0022,\r\n",
        "    \u0022destinationAddressPrefix\u0022: \u0022*\u0022,\r\n",
        "    \u0022access\u0022: \u0022Deny\u0022,\r\n",
        "    \u0022priority\u0022: 501,\r\n",
        "    \u0022direction\u0022: \u0022Outbound\u0022,\r\n",
        "    \u0022sourcePortRanges\u0022: [],\r\n",
        "    \u0022destinationPortRanges\u0022: [],\r\n",
        "    \u0022sourceAddressPrefixes\u0022: [],\r\n",
        "    \u0022destinationAddressPrefixes\u0022: []\r\n",
        "  }\r\n",
        "}"
      ]
    },
    {
      "RequestUri": "https://management.azure.com/subscriptions/db1ab6f0-4769-4b27-930e-01e2ef9c123c/resourceGroups/csmrg3025/providers/Microsoft.Network/networkSecurityGroups/azsmnet1788/securityRules?api-version=2021-02-01",
      "RequestMethod": "GET",
      "RequestHeaders": {
        "Accept": "application/json",
        "Authorization": "Sanitized",
        "User-Agent": "azsdk-net-ResourceManager.Network/1.0.0-alpha.20211015.1 (.NET Framework 4.8.4420.0; Microsoft Windows 10.0.22000 )",
        "x-ms-client-request-id": "1789449dd787a6186dd8554ba09c87a6",
        "x-ms-return-client-request-id": "true"
      },
      "RequestBody": null,
      "StatusCode": 200,
      "ResponseHeaders": {
        "Cache-Control": "no-cache",
        "Content-Length": "1841",
        "Content-Type": "application/json; charset=utf-8",
        "Date": "Fri, 15 Oct 2021 09:12:13 GMT",
        "Expires": "-1",
        "Pragma": "no-cache",
        "Server": [
          "Microsoft-HTTPAPI/2.0",
          "Microsoft-HTTPAPI/2.0"
        ],
        "Strict-Transport-Security": "max-age=31536000; includeSubDomains",
        "X-Content-Type-Options": "nosniff",
        "x-ms-arm-service-request-id": "8bee3ae0-8bec-4fb9-8399-e039e31ddef6",
        "x-ms-client-request-id": "1789449dd787a6186dd8554ba09c87a6",
        "x-ms-correlation-request-id": "3868dad6-bda5-4f20-ab7b-63abadd0a373",
        "x-ms-ratelimit-remaining-subscription-reads": "11989",
        "x-ms-request-id": "226a58c4-b760-4e52-9887-7dcc530f3f53",
        "x-ms-routing-request-id": "SOUTHEASTASIA:20211015T091214Z:3868dad6-bda5-4f20-ab7b-63abadd0a373"
      },
      "ResponseBody": [
        "{\r\n",
        "  \u0022value\u0022: [\r\n",
        "    {\r\n",
        "      \u0022name\u0022: \u0022azsmnet3747\u0022,\r\n",
        "      \u0022id\u0022: \u0022/subscriptions/db1ab6f0-4769-4b27-930e-01e2ef9c123c/resourceGroups/csmrg3025/providers/Microsoft.Network/networkSecurityGroups/azsmnet1788/securityRules/azsmnet3747\u0022,\r\n",
        "      \u0022etag\u0022: \u0022W/\\\u00229aa8f8f9-26ae-4b08-b936-f6c17854eee0\\\u0022\u0022,\r\n",
        "      \u0022type\u0022: \u0022Microsoft.Network/networkSecurityGroups/securityRules\u0022,\r\n",
        "      \u0022properties\u0022: {\r\n",
        "        \u0022provisioningState\u0022: \u0022Succeeded\u0022,\r\n",
        "        \u0022description\u0022: \u0022Test security rule\u0022,\r\n",
        "        \u0022protocol\u0022: \u0022Tcp\u0022,\r\n",
        "        \u0022sourcePortRange\u0022: \u0022655\u0022,\r\n",
        "        \u0022destinationPortRange\u0022: \u0022123-3500\u0022,\r\n",
        "        \u0022sourceAddressPrefix\u0022: \u0022*\u0022,\r\n",
        "        \u0022destinationAddressPrefix\u0022: \u0022*\u0022,\r\n",
        "        \u0022access\u0022: \u0022Allow\u0022,\r\n",
        "        \u0022priority\u0022: 500,\r\n",
        "        \u0022direction\u0022: \u0022Inbound\u0022,\r\n",
        "        \u0022sourcePortRanges\u0022: [],\r\n",
        "        \u0022destinationPortRanges\u0022: [],\r\n",
        "        \u0022sourceAddressPrefixes\u0022: [],\r\n",
        "        \u0022destinationAddressPrefixes\u0022: []\r\n",
        "      }\r\n",
        "    },\r\n",
        "    {\r\n",
        "      \u0022name\u0022: \u0022azsmnet8651\u0022,\r\n",
        "      \u0022id\u0022: \u0022/subscriptions/db1ab6f0-4769-4b27-930e-01e2ef9c123c/resourceGroups/csmrg3025/providers/Microsoft.Network/networkSecurityGroups/azsmnet1788/securityRules/azsmnet8651\u0022,\r\n",
        "      \u0022etag\u0022: \u0022W/\\\u00229aa8f8f9-26ae-4b08-b936-f6c17854eee0\\\u0022\u0022,\r\n",
        "      \u0022type\u0022: \u0022Microsoft.Network/networkSecurityGroups/securityRules\u0022,\r\n",
        "      \u0022properties\u0022: {\r\n",
        "        \u0022provisioningState\u0022: \u0022Succeeded\u0022,\r\n",
        "        \u0022description\u0022: \u0022Test outbound security rule\u0022,\r\n",
        "        \u0022protocol\u0022: \u0022Udp\u0022,\r\n",
        "        \u0022sourcePortRange\u0022: \u0022656\u0022,\r\n",
        "        \u0022destinationPortRange\u0022: \u0022123-3500\u0022,\r\n",
        "        \u0022sourceAddressPrefix\u0022: \u0022*\u0022,\r\n",
        "        \u0022destinationAddressPrefix\u0022: \u0022*\u0022,\r\n",
        "        \u0022access\u0022: \u0022Deny\u0022,\r\n",
        "        \u0022priority\u0022: 501,\r\n",
        "        \u0022direction\u0022: \u0022Outbound\u0022,\r\n",
        "        \u0022sourcePortRanges\u0022: [],\r\n",
        "        \u0022destinationPortRanges\u0022: [],\r\n",
        "        \u0022sourceAddressPrefixes\u0022: [],\r\n",
        "        \u0022destinationAddressPrefixes\u0022: []\r\n",
        "      }\r\n",
        "    }\r\n",
        "  ]\r\n",
        "}"
      ]
    },
    {
      "RequestUri": "https://management.azure.com/subscriptions/db1ab6f0-4769-4b27-930e-01e2ef9c123c/resourceGroups/csmrg3025/providers/Microsoft.Network/networkSecurityGroups/azsmnet1788/securityRules/azsmnet8651?api-version=2021-02-01",
      "RequestMethod": "DELETE",
      "RequestHeaders": {
        "Accept": "application/json",
        "Authorization": "Sanitized",
        "User-Agent": "azsdk-net-ResourceManager.Network/1.0.0-alpha.20211015.1 (.NET Framework 4.8.4420.0; Microsoft Windows 10.0.22000 )",
        "x-ms-client-request-id": "c59f89620b919b4ba19681556b4e4150",
        "x-ms-return-client-request-id": "true"
      },
      "RequestBody": null,
      "StatusCode": 202,
      "ResponseHeaders": {
        "Azure-AsyncOperation": "https://management.azure.com/subscriptions/db1ab6f0-4769-4b27-930e-01e2ef9c123c/providers/Microsoft.Network/locations/eastus/operations/803408a1-6ca1-413f-ad27-50a6da58f850?api-version=2021-02-01",
        "Cache-Control": "no-cache",
        "Content-Length": "0",
        "Date": "Fri, 15 Oct 2021 09:12:13 GMT",
        "Expires": "-1",
        "Location": "https://management.azure.com/subscriptions/db1ab6f0-4769-4b27-930e-01e2ef9c123c/providers/Microsoft.Network/locations/eastus/operationResults/803408a1-6ca1-413f-ad27-50a6da58f850?api-version=2021-02-01",
        "Pragma": "no-cache",
        "Retry-After": "10",
        "Server": [
          "Microsoft-HTTPAPI/2.0",
          "Microsoft-HTTPAPI/2.0"
        ],
        "Strict-Transport-Security": "max-age=31536000; includeSubDomains",
        "X-Content-Type-Options": "nosniff",
        "x-ms-arm-service-request-id": "7f1b9194-a743-43b7-b70d-b413c0087f96",
        "x-ms-client-request-id": "c59f89620b919b4ba19681556b4e4150",
        "x-ms-correlation-request-id": "c92bde48-fa6b-4d80-8d58-a9805dcd80f6",
        "x-ms-ratelimit-remaining-subscription-deletes": "14999",
        "x-ms-request-id": "803408a1-6ca1-413f-ad27-50a6da58f850",
        "x-ms-routing-request-id": "SOUTHEASTASIA:20211015T091214Z:c92bde48-fa6b-4d80-8d58-a9805dcd80f6"
      },
      "ResponseBody": []
    },
    {
      "RequestUri": "https://management.azure.com/subscriptions/db1ab6f0-4769-4b27-930e-01e2ef9c123c/providers/Microsoft.Network/locations/eastus/operations/803408a1-6ca1-413f-ad27-50a6da58f850?api-version=2021-02-01",
      "RequestMethod": "GET",
      "RequestHeaders": {
        "Authorization": "Sanitized",
        "User-Agent": "azsdk-net-ResourceManager/1.0.0-beta.4 (.NET Framework 4.8.4420.0; Microsoft Windows 10.0.22000 )",
        "x-ms-client-request-id": "7799881b44a5922ff9ed75f155c33b1e",
        "x-ms-return-client-request-id": "true"
      },
      "RequestBody": null,
      "StatusCode": 200,
      "ResponseHeaders": {
        "Cache-Control": "no-cache",
        "Content-Length": "29",
        "Content-Type": "application/json; charset=utf-8",
        "Date": "Fri, 15 Oct 2021 09:12:14 GMT",
        "Expires": "-1",
        "Pragma": "no-cache",
        "Server": [
          "Microsoft-HTTPAPI/2.0",
          "Microsoft-HTTPAPI/2.0"
        ],
        "Strict-Transport-Security": "max-age=31536000; includeSubDomains",
        "X-Content-Type-Options": "nosniff",
        "x-ms-arm-service-request-id": "4b4eedf8-fbeb-4d93-8890-a939a116ad87",
        "x-ms-client-request-id": "7799881b44a5922ff9ed75f155c33b1e",
        "x-ms-correlation-request-id": "db234adb-1e51-40a0-a836-cb17b37e8581",
        "x-ms-ratelimit-remaining-subscription-reads": "11988",
        "x-ms-request-id": "989f8412-8c61-4777-856b-5fb2608cb4b3",
        "x-ms-routing-request-id": "SOUTHEASTASIA:20211015T091214Z:db234adb-1e51-40a0-a836-cb17b37e8581"
      },
      "ResponseBody": [
        "{\r\n",
        "  \u0022status\u0022: \u0022Succeeded\u0022\r\n",
        "}"
      ]
    },
    {
      "RequestUri": "https://management.azure.com/subscriptions/db1ab6f0-4769-4b27-930e-01e2ef9c123c/resourceGroups/csmrg3025/providers/Microsoft.Network/networkSecurityGroups/azsmnet1788/securityRules?api-version=2021-02-01",
      "RequestMethod": "GET",
      "RequestHeaders": {
        "Accept": "application/json",
        "Authorization": "Sanitized",
        "User-Agent": "azsdk-net-ResourceManager.Network/1.0.0-alpha.20211015.1 (.NET Framework 4.8.4420.0; Microsoft Windows 10.0.22000 )",
        "x-ms-client-request-id": "4c260497d53e5eacb419c4572f99d751",
        "x-ms-return-client-request-id": "true"
      },
      "RequestBody": null,
      "StatusCode": 200,
      "ResponseHeaders": {
        "Cache-Control": "no-cache",
        "Content-Length": "927",
        "Content-Type": "application/json; charset=utf-8",
        "Date": "Fri, 15 Oct 2021 09:12:14 GMT",
        "Expires": "-1",
        "Pragma": "no-cache",
        "Server": [
          "Microsoft-HTTPAPI/2.0",
          "Microsoft-HTTPAPI/2.0"
        ],
        "Strict-Transport-Security": "max-age=31536000; includeSubDomains",
        "X-Content-Type-Options": "nosniff",
        "x-ms-arm-service-request-id": "4e43e535-55e4-4715-a3bb-a29fa15f6562",
        "x-ms-client-request-id": "4c260497d53e5eacb419c4572f99d751",
        "x-ms-correlation-request-id": "be30bc56-e253-468e-b442-f9f018affd04",
        "x-ms-ratelimit-remaining-subscription-reads": "11987",
        "x-ms-request-id": "0db40124-f3e9-4f4f-b42e-826e2a4cd7d2",
        "x-ms-routing-request-id": "SOUTHEASTASIA:20211015T091215Z:be30bc56-e253-468e-b442-f9f018affd04"
      },
      "ResponseBody": [
        "{\r\n",
        "  \u0022value\u0022: [\r\n",
        "    {\r\n",
        "      \u0022name\u0022: \u0022azsmnet3747\u0022,\r\n",
        "      \u0022id\u0022: \u0022/subscriptions/db1ab6f0-4769-4b27-930e-01e2ef9c123c/resourceGroups/csmrg3025/providers/Microsoft.Network/networkSecurityGroups/azsmnet1788/securityRules/azsmnet3747\u0022,\r\n",
        "      \u0022etag\u0022: \u0022W/\\\u0022cdf86ec2-64a8-4cac-9d3e-049b7b44d5c6\\\u0022\u0022,\r\n",
        "      \u0022type\u0022: \u0022Microsoft.Network/networkSecurityGroups/securityRules\u0022,\r\n",
        "      \u0022properties\u0022: {\r\n",
        "        \u0022provisioningState\u0022: \u0022Succeeded\u0022,\r\n",
        "        \u0022description\u0022: \u0022Test security rule\u0022,\r\n",
        "        \u0022protocol\u0022: \u0022Tcp\u0022,\r\n",
        "        \u0022sourcePortRange\u0022: \u0022655\u0022,\r\n",
        "        \u0022destinationPortRange\u0022: \u0022123-3500\u0022,\r\n",
        "        \u0022sourceAddressPrefix\u0022: \u0022*\u0022,\r\n",
        "        \u0022destinationAddressPrefix\u0022: \u0022*\u0022,\r\n",
        "        \u0022access\u0022: \u0022Allow\u0022,\r\n",
        "        \u0022priority\u0022: 500,\r\n",
        "        \u0022direction\u0022: \u0022Inbound\u0022,\r\n",
        "        \u0022sourcePortRanges\u0022: [],\r\n",
        "        \u0022destinationPortRanges\u0022: [],\r\n",
        "        \u0022sourceAddressPrefixes\u0022: [],\r\n",
        "        \u0022destinationAddressPrefixes\u0022: []\r\n",
        "      }\r\n",
        "    }\r\n",
        "  ]\r\n",
        "}"
      ]
    },
    {
      "RequestUri": "https://management.azure.com/subscriptions/db1ab6f0-4769-4b27-930e-01e2ef9c123c/resourceGroups/csmrg3025/providers/Microsoft.Network/networkSecurityGroups/azsmnet1788?api-version=2021-02-01",
      "RequestMethod": "DELETE",
      "RequestHeaders": {
        "Accept": "application/json",
        "Authorization": "Sanitized",
        "User-Agent": "azsdk-net-ResourceManager.Network/1.0.0-alpha.20211015.1 (.NET Framework 4.8.4420.0; Microsoft Windows 10.0.22000 )",
        "x-ms-client-request-id": "e33a0c47cab4e0aa23cbb80c8ee32f3c",
        "x-ms-return-client-request-id": "true"
      },
      "RequestBody": null,
      "StatusCode": 202,
      "ResponseHeaders": {
        "Azure-AsyncNotification": "Enabled",
        "Azure-AsyncOperation": "https://management.azure.com/subscriptions/db1ab6f0-4769-4b27-930e-01e2ef9c123c/providers/Microsoft.Network/locations/eastus/operations/3d4bb97f-9bb1-4b7e-8dd1-d03d9388f348?api-version=2021-02-01",
        "Cache-Control": "no-cache",
        "Content-Length": "0",
        "Date": "Fri, 15 Oct 2021 09:12:15 GMT",
        "Expires": "-1",
        "Location": "https://management.azure.com/subscriptions/db1ab6f0-4769-4b27-930e-01e2ef9c123c/providers/Microsoft.Network/locations/eastus/operationResults/3d4bb97f-9bb1-4b7e-8dd1-d03d9388f348?api-version=2021-02-01",
        "Pragma": "no-cache",
        "Retry-After": "10",
        "Server": [
          "Microsoft-HTTPAPI/2.0",
          "Microsoft-HTTPAPI/2.0"
        ],
        "Strict-Transport-Security": "max-age=31536000; includeSubDomains",
        "X-Content-Type-Options": "nosniff",
        "x-ms-arm-service-request-id": "92d6bbb0-ff6c-41c4-bfb4-12d52f17c5db",
        "x-ms-client-request-id": "e33a0c47cab4e0aa23cbb80c8ee32f3c",
        "x-ms-correlation-request-id": "ba69902d-8e0d-4c38-a73e-5b805ae90cc5",
        "x-ms-ratelimit-remaining-subscription-deletes": "14998",
        "x-ms-request-id": "3d4bb97f-9bb1-4b7e-8dd1-d03d9388f348",
        "x-ms-routing-request-id": "SOUTHEASTASIA:20211015T091216Z:ba69902d-8e0d-4c38-a73e-5b805ae90cc5"
      },
      "ResponseBody": []
    },
    {
      "RequestUri": "https://management.azure.com/subscriptions/db1ab6f0-4769-4b27-930e-01e2ef9c123c/providers/Microsoft.Network/locations/eastus/operations/3d4bb97f-9bb1-4b7e-8dd1-d03d9388f348?api-version=2021-02-01",
      "RequestMethod": "GET",
      "RequestHeaders": {
        "Authorization": "Sanitized",
        "User-Agent": "azsdk-net-ResourceManager/1.0.0-beta.4 (.NET Framework 4.8.4420.0; Microsoft Windows 10.0.22000 )",
        "x-ms-client-request-id": "49aa23155788cd6a594629721c9fd0d1",
        "x-ms-return-client-request-id": "true"
      },
      "RequestBody": null,
      "StatusCode": 200,
      "ResponseHeaders": {
        "Cache-Control": "no-cache",
        "Content-Length": "29",
        "Content-Type": "application/json; charset=utf-8",
        "Date": "Fri, 15 Oct 2021 09:12:15 GMT",
        "Expires": "-1",
        "Pragma": "no-cache",
        "Server": [
          "Microsoft-HTTPAPI/2.0",
          "Microsoft-HTTPAPI/2.0"
        ],
        "Strict-Transport-Security": "max-age=31536000; includeSubDomains",
        "X-Content-Type-Options": "nosniff",
        "x-ms-arm-service-request-id": "9bc801ff-12bc-4ef6-b7c3-78dc101fa6ca",
        "x-ms-client-request-id": "49aa23155788cd6a594629721c9fd0d1",
        "x-ms-correlation-request-id": "7e99fb95-d256-406f-baf0-2ee7f514a595",
        "x-ms-ratelimit-remaining-subscription-reads": "11986",
        "x-ms-request-id": "b011c64f-f832-408a-89f7-8d4ed76fc686",
        "x-ms-routing-request-id": "SOUTHEASTASIA:20211015T091216Z:7e99fb95-d256-406f-baf0-2ee7f514a595"
      },
      "ResponseBody": [
        "{\r\n",
        "  \u0022status\u0022: \u0022Succeeded\u0022\r\n",
        "}"
      ]
    },
    {
      "RequestUri": "https://management.azure.com/subscriptions/db1ab6f0-4769-4b27-930e-01e2ef9c123c/resourceGroups/csmrg3025/providers/Microsoft.Network/networkSecurityGroups?api-version=2021-02-01",
      "RequestMethod": "GET",
      "RequestHeaders": {
        "Accept": "application/json",
        "Authorization": "Sanitized",
        "User-Agent": "azsdk-net-ResourceManager.Network/1.0.0-alpha.20211015.1 (.NET Framework 4.8.4420.0; Microsoft Windows 10.0.22000 )",
        "x-ms-client-request-id": "715987e9177f4528d4f40779071e604b",
        "x-ms-return-client-request-id": "true"
      },
      "RequestBody": null,
      "StatusCode": 200,
      "ResponseHeaders": {
        "Cache-Control": "no-cache",
        "Content-Length": "19",
        "Content-Type": "application/json; charset=utf-8",
        "Date": "Fri, 15 Oct 2021 09:12:15 GMT",
        "Expires": "-1",
        "Pragma": "no-cache",
        "Server": [
          "Microsoft-HTTPAPI/2.0",
          "Microsoft-HTTPAPI/2.0"
        ],
        "Strict-Transport-Security": "max-age=31536000; includeSubDomains",
        "X-Content-Type-Options": "nosniff",
        "x-ms-arm-service-request-id": "1054242c-79e4-4b7b-bbcb-36203a8bc67c",
        "x-ms-client-request-id": "715987e9177f4528d4f40779071e604b",
        "x-ms-correlation-request-id": "10a2e2b6-928e-4f0f-a44c-b258b8736ee7",
        "x-ms-ratelimit-remaining-subscription-reads": "11985",
        "x-ms-request-id": "04255805-0dd7-4674-9e1e-ee84061175b1",
        "x-ms-routing-request-id": "SOUTHEASTASIA:20211015T091216Z:10a2e2b6-928e-4f0f-a44c-b258b8736ee7"
      },
      "ResponseBody": [
        "{\r\n",
        "  \u0022value\u0022: []\r\n",
        "}"
      ]
    }
  ],
  "Variables": {
    "LOCATION": "eastus",
    "RandomSeed": "939668939",
    "RESOURCE_MANAGER_URL": null,
    "SUBSCRIPTION_ID": "db1ab6f0-4769-4b27-930e-01e2ef9c123c"
  }
}