{
  "Entries": [
    {
      "RequestUri": "https://management.azure.com/subscriptions/db1ab6f0-4769-4b27-930e-01e2ef9c123c?api-version=2021-01-01",
      "RequestMethod": "GET",
      "RequestHeaders": {
        "Accept": "application/json",
        "Authorization": "Sanitized",
        "traceparent": "00-94ff0e1727df742eb7e605fa990198c1-b59d246b9b39cb22-00",
        "User-Agent": "azsdk-net-ResourceManager/1.3.0-alpha.20220801.2 (.NET 6.0.7; Microsoft Windows 10.0.22000)",
        "x-ms-client-request-id": "33f6ce578b077fa87d7ee29bbd5586cd",
        "x-ms-return-client-request-id": "true"
      },
      "RequestBody": null,
      "StatusCode": 200,
      "ResponseHeaders": {
        "Cache-Control": "no-cache",
        "Content-Length": "747",
        "Content-Type": "application/json; charset=utf-8",
        "Date": "Mon, 08 Aug 2022 22:40:08 GMT",
        "Expires": "-1",
        "Pragma": "no-cache",
        "Strict-Transport-Security": "max-age=31536000; includeSubDomains",
        "X-Content-Type-Options": "nosniff",
        "x-ms-correlation-request-id": "cad1d0e8-8981-48d7-8903-31cbdd568388",
        "x-ms-ratelimit-remaining-subscription-reads": "11986",
        "x-ms-request-id": "cad1d0e8-8981-48d7-8903-31cbdd568388",
        "x-ms-routing-request-id": "WESTUS2:20220808T224009Z:cad1d0e8-8981-48d7-8903-31cbdd568388"
      },
      "ResponseBody": {
        "id": "/subscriptions/db1ab6f0-4769-4b27-930e-01e2ef9c123c",
        "authorizationSource": "RoleBased",
        "managedByTenants": [],
        "tags": {
          "TagKey-9823": "TagValue-566",
          "TagKey-3481": "TagValue-320",
          "TagKey-4926": "TagValue-1187",
          "TagKey-751": "TagValue-3921",
          "TagKey-1866": "TagValue-8559",
          "TagKey-3094": "TagValue-9190",
          "TagKey-2449": "TagValue-9",
          "TagKey-8379": "TagValue-164",
          "TagKey-7470": "TagValue-2205",
          "TagKey-4236": "TagValue-3698",
          "TagKey-5316": "TagValue-2725"
        },
        "subscriptionId": "db1ab6f0-4769-4b27-930e-01e2ef9c123c",
        "tenantId": "72f988bf-86f1-41af-91ab-2d7cd011db47",
        "displayName": ".NET Mgmt SDK Test with TTL = 1 Day",
        "state": "Enabled",
        "subscriptionPolicies": {
          "locationPlacementId": "Internal_2014-09-01",
          "quotaId": "Internal_2014-09-01",
          "spendingLimit": "Off"
        }
      }
    },
    {
      "RequestUri": "https://management.azure.com/subscriptions/db1ab6f0-4769-4b27-930e-01e2ef9c123c/resourcegroups/Default-AppConfiguration-2174?api-version=**",
      "RequestMethod": "PUT",
      "RequestHeaders": {
        "Accept": "application/json",
        "Authorization": "Sanitized",
        "Content-Length": "21",
        "Content-Type": "application/json",
        "traceparent": "00-5c5180184d469a4a699884d5e58e362d-75b8b12b2d65d51e-00",
        "User-Agent": "azsdk-net-ResourceManager/1.3.0-alpha.20220801.2 (.NET 6.0.7; Microsoft Windows 10.0.22000)",
        "x-ms-client-request-id": "4d69dec75e2914317f6a1ff098e34a05",
        "x-ms-return-client-request-id": "true"
      },
      "RequestBody": {
        "location": "eastus"
      },
      "StatusCode": 201,
      "ResponseHeaders": {
        "Cache-Control": "no-cache",
        "Content-Length": "255",
        "Content-Type": "application/json; charset=utf-8",
        "Date": "Mon, 08 Aug 2022 22:40:09 GMT",
        "Expires": "-1",
        "Pragma": "no-cache",
        "Strict-Transport-Security": "max-age=31536000; includeSubDomains",
        "X-Content-Type-Options": "nosniff",
        "x-ms-correlation-request-id": "12560308-8a54-4268-9c69-ef8b2f16a213",
        "x-ms-ratelimit-remaining-subscription-writes": "1192",
        "x-ms-request-id": "12560308-8a54-4268-9c69-ef8b2f16a213",
        "x-ms-routing-request-id": "WESTUS2:20220808T224010Z:12560308-8a54-4268-9c69-ef8b2f16a213"
      },
      "ResponseBody": {
        "id": "/subscriptions/db1ab6f0-4769-4b27-930e-01e2ef9c123c/resourceGroups/Default-AppConfiguration-2174",
        "name": "Default-AppConfiguration-2174",
        "type": "Microsoft.Resources/resourceGroups",
        "location": "eastus",
        "properties": {
          "provisioningState": "Succeeded"
        }
      }
    },
    {
      "RequestUri": "https://management.azure.com/subscriptions/db1ab6f0-4769-4b27-930e-01e2ef9c123c/resourceGroups/Default-AppConfiguration-2174/providers/Microsoft.AppConfiguration/configurationStores/testapp-9750?api-version=2022-05-01",
      "RequestMethod": "PUT",
      "RequestHeaders": {
        "Accept": "application/json",
        "Authorization": "Sanitized",
        "Content-Length": "105",
        "Content-Type": "application/json",
        "traceparent": "00-785fa8bb2339db23c9d907afb3c9ea80-45e1742596ecdd69-00",
        "User-Agent": "azsdk-net-ResourceManager.AppConfiguration/1.0.0-alpha.20220808.1 (.NET 6.0.7; Microsoft Windows 10.0.22000)",
        "x-ms-client-request-id": "ddf1f17fbe42d2b8dde1b2439eb463de",
        "x-ms-return-client-request-id": "true"
      },
      "RequestBody": {
        "sku": {
          "name": "Standard"
        },
        "tags": {},
        "location": "eastus",
        "properties": {
          "publicNetworkAccess": "Disabled"
        }
      },
      "StatusCode": 201,
      "ResponseHeaders": {
        "Azure-AsyncOperation": "https://management.azure.com/subscriptions/db1ab6f0-4769-4b27-930e-01e2ef9c123c/providers/Microsoft.AppConfiguration/locations/eastus/operationsStatus/WAuR8fG-4SYve8Ed_K0Fet4HIWZL_Bm3K0ZEB3v8C18?api-version=2022-05-01",
        "Cache-Control": "no-cache",
        "Content-Length": "578",
        "Content-Type": "application/json; charset=utf-8",
        "Date": "Mon, 08 Aug 2022 22:40:10 GMT",
        "Expires": "-1",
        "Pragma": "no-cache",
        "Retry-After": "10",
        "Server": "nginx/1.17.10",
        "Strict-Transport-Security": "max-age=31536000; includeSubDomains",
        "X-Content-Type-Options": "nosniff",
        "x-ms-client-request-id": "ddf1f17fbe42d2b8dde1b2439eb463de",
        "x-ms-correlation-request-id": "4394c540-e154-463a-ae7a-b491e13b56a7",
        "x-ms-ratelimit-remaining-subscription-writes": "1191",
        "x-ms-request-id": "5a711eb4-d221-4595-8cb0-51371317c0e8",
        "x-ms-routing-request-id": "WESTUS2:20220808T224011Z:4394c540-e154-463a-ae7a-b491e13b56a7"
      },
      "ResponseBody": {
        "type": "Microsoft.AppConfiguration/configurationStores",
        "location": "eastus",
        "properties": {
          "provisioningState": "Creating",
          "creationDate": "2022-08-08T22:40:10.7851596\u002B00:00",
          "endpoint": null,
          "encryption": null,
          "privateEndpointConnections": null,
          "disableLocalAuth": null,
          "softDeleteRetentionInDays": null,
          "enablePurgeProtection": null
        },
        "sku": {
          "name": "Standard"
        },
        "systemData": null,
        "id": "/subscriptions/db1ab6f0-4769-4b27-930e-01e2ef9c123c/resourceGroups/Default-AppConfiguration-2174/providers/Microsoft.AppConfiguration/configurationStores/testapp-9750",
        "name": "testapp-9750",
        "tags": {}
      }
    },
    {
      "RequestUri": "https://management.azure.com/subscriptions/db1ab6f0-4769-4b27-930e-01e2ef9c123c/providers/Microsoft.AppConfiguration/locations/eastus/operationsStatus/WAuR8fG-4SYve8Ed_K0Fet4HIWZL_Bm3K0ZEB3v8C18?api-version=2022-05-01",
      "RequestMethod": "GET",
      "RequestHeaders": {
        "Authorization": "Sanitized",
        "traceparent": "00-785fa8bb2339db23c9d907afb3c9ea80-200f914521318b3d-00",
        "User-Agent": "azsdk-net-ResourceManager/1.3.0-alpha.20220801.2 (.NET 6.0.7; Microsoft Windows 10.0.22000)",
        "x-ms-client-request-id": "633e11ddf0952084b07b4c7c7fd0e0b6",
        "x-ms-return-client-request-id": "true"
      },
      "RequestBody": null,
      "StatusCode": 200,
      "ResponseHeaders": {
        "Azure-AsyncOperation": "https://management.azure.com/subscriptions/db1ab6f0-4769-4b27-930e-01e2ef9c123c/providers/Microsoft.AppConfiguration/locations/eastus/operationsStatus/WAuR8fG-4SYve8Ed_K0Fet4HIWZL_Bm3K0ZEB3v8C18?api-version=2022-05-01",
        "Cache-Control": "no-cache",
        "Content-Length": "261",
        "Content-Type": "application/json; charset=utf-8",
        "Date": "Mon, 08 Aug 2022 22:40:10 GMT",
        "Expires": "-1",
        "Pragma": "no-cache",
        "Retry-After": "10",
        "Server": "nginx/1.17.10",
        "Strict-Transport-Security": "max-age=31536000; includeSubDomains",
        "Vary": "Accept-Encoding",
        "X-Content-Type-Options": "nosniff",
        "x-ms-client-request-id": "633e11ddf0952084b07b4c7c7fd0e0b6",
        "x-ms-correlation-request-id": "260e6b9a-abbc-4a83-907d-d1f7cdaf115b",
        "x-ms-ratelimit-remaining-subscription-reads": "11985",
        "x-ms-request-id": "e753d240-e651-42c1-b9e3-906debdb6099",
        "x-ms-routing-request-id": "WESTUS2:20220808T224011Z:260e6b9a-abbc-4a83-907d-d1f7cdaf115b"
      },
      "ResponseBody": {
        "id": "/subscriptions/db1ab6f0-4769-4b27-930e-01e2ef9c123c/providers/Microsoft.AppConfiguration/locations/eastus/operationsStatus/WAuR8fG-4SYve8Ed_K0Fet4HIWZL_Bm3K0ZEB3v8C18",
        "name": "WAuR8fG-4SYve8Ed_K0Fet4HIWZL_Bm3K0ZEB3v8C18",
        "status": "Creating",
        "error": null
      }
    },
    {
      "RequestUri": "https://management.azure.com/subscriptions/db1ab6f0-4769-4b27-930e-01e2ef9c123c/providers/Microsoft.AppConfiguration/locations/eastus/operationsStatus/WAuR8fG-4SYve8Ed_K0Fet4HIWZL_Bm3K0ZEB3v8C18?api-version=2022-05-01",
      "RequestMethod": "GET",
      "RequestHeaders": {
        "Authorization": "Sanitized",
        "traceparent": "00-785fa8bb2339db23c9d907afb3c9ea80-69044c1801c5d74f-00",
        "User-Agent": "azsdk-net-ResourceManager/1.3.0-alpha.20220801.2 (.NET 6.0.7; Microsoft Windows 10.0.22000)",
        "x-ms-client-request-id": "c9bc11bc26394bcdf954fa8e214c19f6",
        "x-ms-return-client-request-id": "true"
      },
      "RequestBody": null,
      "StatusCode": 200,
      "ResponseHeaders": {
        "Azure-AsyncOperation": "https://management.azure.com/subscriptions/db1ab6f0-4769-4b27-930e-01e2ef9c123c/providers/Microsoft.AppConfiguration/locations/eastus/operationsStatus/WAuR8fG-4SYve8Ed_K0Fet4HIWZL_Bm3K0ZEB3v8C18?api-version=2022-05-01",
        "Cache-Control": "no-cache",
        "Content-Length": "262",
        "Content-Type": "application/json; charset=utf-8",
        "Date": "Mon, 08 Aug 2022 22:40:20 GMT",
        "Expires": "-1",
        "Pragma": "no-cache",
        "Server": "nginx/1.17.10",
        "Strict-Transport-Security": "max-age=31536000; includeSubDomains",
        "Vary": "Accept-Encoding",
        "X-Content-Type-Options": "nosniff",
        "x-ms-client-request-id": "c9bc11bc26394bcdf954fa8e214c19f6",
        "x-ms-correlation-request-id": "a571b46a-83ba-4a0a-b34e-5056da36c1e3",
        "x-ms-ratelimit-remaining-subscription-reads": "11984",
        "x-ms-request-id": "92aa5517-0877-4405-8d70-cea5f431d01b",
        "x-ms-routing-request-id": "WESTUS2:20220808T224021Z:a571b46a-83ba-4a0a-b34e-5056da36c1e3"
      },
      "ResponseBody": {
        "id": "/subscriptions/db1ab6f0-4769-4b27-930e-01e2ef9c123c/providers/Microsoft.AppConfiguration/locations/eastus/operationsStatus/WAuR8fG-4SYve8Ed_K0Fet4HIWZL_Bm3K0ZEB3v8C18",
        "name": "WAuR8fG-4SYve8Ed_K0Fet4HIWZL_Bm3K0ZEB3v8C18",
        "status": "Succeeded",
        "error": null
      }
    },
    {
      "RequestUri": "https://management.azure.com/subscriptions/db1ab6f0-4769-4b27-930e-01e2ef9c123c/resourceGroups/Default-AppConfiguration-2174/providers/Microsoft.AppConfiguration/configurationStores/testapp-9750?api-version=2022-05-01",
      "RequestMethod": "GET",
      "RequestHeaders": {
        "Authorization": "Sanitized",
        "traceparent": "00-785fa8bb2339db23c9d907afb3c9ea80-02b894b6fd44ffa3-00",
        "User-Agent": "azsdk-net-ResourceManager/1.3.0-alpha.20220801.2 (.NET 6.0.7; Microsoft Windows 10.0.22000)",
        "x-ms-client-request-id": "8c667e47ff76eb4995f02e40e67b1d12",
        "x-ms-return-client-request-id": "true"
      },
      "RequestBody": null,
      "StatusCode": 200,
      "ResponseHeaders": {
        "Cache-Control": "no-cache",
        "Content-Length": "910",
        "Content-Type": "application/json; charset=utf-8",
        "Date": "Mon, 08 Aug 2022 22:40:20 GMT",
        "ETag": "W/\u00220f000e0b-0000-0100-0000-62f190cb0000\u0022",
        "Expires": "-1",
        "Pragma": "no-cache",
        "Server": "nginx/1.17.10",
        "Strict-Transport-Security": "max-age=31536000; includeSubDomains",
        "Vary": "Accept-Encoding",
        "X-Content-Type-Options": "nosniff",
        "x-ms-client-request-id": "8c667e47ff76eb4995f02e40e67b1d12",
        "x-ms-correlation-request-id": "45051007-fa17-4559-a1ab-8a9a1c6caadf",
        "x-ms-ratelimit-remaining-subscription-reads": "11983",
        "x-ms-request-id": "12e9d1fc-7c58-48b3-9184-2728729558c5",
        "x-ms-routing-request-id": "WESTUS2:20220808T224021Z:45051007-fa17-4559-a1ab-8a9a1c6caadf"
      },
      "ResponseBody": {
        "type": "Microsoft.AppConfiguration/configurationStores",
        "location": "eastus",
        "properties": {
          "provisioningState": "Succeeded",
          "creationDate": "2022-08-08T22:40:10\u002B00:00",
          "endpoint": "https://testapp-9750.azconfig.io",
          "encryption": {
            "keyVaultProperties": null
          },
          "privateEndpointConnections": null,
          "publicNetworkAccess": "Disabled",
          "disableLocalAuth": false,
          "softDeleteRetentionInDays": 7,
          "enablePurgeProtection": false
        },
        "sku": {
          "name": "standard"
        },
        "systemData": {
          "createdBy": "63113597-dbba-427d-82d3-94e4060d0e8b",
          "createdByType": "Application",
          "createdAt": "2022-08-08T22:40:10\u002B00:00",
          "lastModifiedBy": "63113597-dbba-427d-82d3-94e4060d0e8b",
          "lastModifiedByType": "Application",
          "lastModifiedAt": "2022-08-08T22:40:11\u002B00:00"
        },
        "id": "/subscriptions/db1ab6f0-4769-4b27-930e-01e2ef9c123c/resourceGroups/default-appconfiguration-2174/providers/Microsoft.AppConfiguration/configurationStores/testapp-9750",
        "name": "testapp-9750",
        "tags": {}
      }
    },
    {
      "RequestUri": "https://management.azure.com/subscriptions/db1ab6f0-4769-4b27-930e-01e2ef9c123c/resourceGroups/default-appconfiguration-2174/providers/Microsoft.AppConfiguration/configurationStores/testapp-9750?api-version=2022-05-01",
      "RequestMethod": "GET",
      "RequestHeaders": {
        "Accept": "application/json",
        "Authorization": "Sanitized",
        "traceparent": "00-a23154c1eae9ea7aec4fae0ea4355a94-9bdb57b0921c731e-00",
        "User-Agent": "azsdk-net-ResourceManager.AppConfiguration/1.0.0-alpha.20220808.1 (.NET 6.0.7; Microsoft Windows 10.0.22000)",
        "x-ms-client-request-id": "a7b0e6d3d02ab7f944f26a40f5f6fe64",
        "x-ms-return-client-request-id": "true"
      },
      "RequestBody": null,
      "StatusCode": 200,
      "ResponseHeaders": {
        "Cache-Control": "no-cache",
        "Content-Length": "910",
        "Content-Type": "application/json; charset=utf-8",
        "Date": "Mon, 08 Aug 2022 22:40:21 GMT",
        "ETag": "W/\u00220f000e0b-0000-0100-0000-62f190cb0000\u0022",
        "Expires": "-1",
        "Pragma": "no-cache",
        "Server": "nginx/1.17.10",
        "Strict-Transport-Security": "max-age=31536000; includeSubDomains",
        "Vary": "Accept-Encoding",
        "X-Content-Type-Options": "nosniff",
        "x-ms-client-request-id": "a7b0e6d3d02ab7f944f26a40f5f6fe64",
        "x-ms-correlation-request-id": "2ffc9dc1-6029-4266-8237-e41d4d457f53",
        "x-ms-ratelimit-remaining-subscription-reads": "11982",
        "x-ms-request-id": "47eb012b-d02f-4999-a241-8d1890d65a13",
        "x-ms-routing-request-id": "WESTUS2:20220808T224021Z:2ffc9dc1-6029-4266-8237-e41d4d457f53"
      },
      "ResponseBody": {
        "type": "Microsoft.AppConfiguration/configurationStores",
        "location": "eastus",
        "properties": {
          "provisioningState": "Succeeded",
          "creationDate": "2022-08-08T22:40:10\u002B00:00",
          "endpoint": "https://testapp-9750.azconfig.io",
          "encryption": {
            "keyVaultProperties": null
          },
          "privateEndpointConnections": null,
          "publicNetworkAccess": "Disabled",
          "disableLocalAuth": false,
          "softDeleteRetentionInDays": 7,
          "enablePurgeProtection": false
        },
        "sku": {
          "name": "standard"
        },
        "systemData": {
          "createdBy": "63113597-dbba-427d-82d3-94e4060d0e8b",
          "createdByType": "Application",
          "createdAt": "2022-08-08T22:40:10\u002B00:00",
          "lastModifiedBy": "63113597-dbba-427d-82d3-94e4060d0e8b",
          "lastModifiedByType": "Application",
          "lastModifiedAt": "2022-08-08T22:40:11\u002B00:00"
        },
        "id": "/subscriptions/db1ab6f0-4769-4b27-930e-01e2ef9c123c/resourceGroups/default-appconfiguration-2174/providers/Microsoft.AppConfiguration/configurationStores/testapp-9750",
        "name": "testapp-9750",
        "tags": {}
      }
    },
    {
      "RequestUri": "https://management.azure.com/subscriptions/db1ab6f0-4769-4b27-930e-01e2ef9c123c/resourceGroups/default-appconfiguration-2174/providers/Microsoft.AppConfiguration/configurationStores/testapp-9750?api-version=2022-05-01",
      "RequestMethod": "PATCH",
      "RequestHeaders": {
        "Accept": "application/json",
        "Authorization": "Sanitized",
        "Content-Length": "42",
        "Content-Type": "application/json",
        "traceparent": "00-a23154c1eae9ea7aec4fae0ea4355a94-5530539721100970-00",
        "User-Agent": "azsdk-net-ResourceManager.AppConfiguration/1.0.0-alpha.20220808.1 (.NET 6.0.7; Microsoft Windows 10.0.22000)",
        "x-ms-client-request-id": "00355662536abc3fc7d03449f88c647d",
        "x-ms-return-client-request-id": "true"
      },
      "RequestBody": {
        "tags": {
          "key1": "value1"
        },
        "properties": {}
      },
      "StatusCode": 200,
      "ResponseHeaders": {
        "Cache-Control": "no-cache",
        "Content-Length": "925",
        "Content-Type": "application/json; charset=utf-8",
        "Date": "Mon, 08 Aug 2022 22:40:22 GMT",
        "ETag": "W/\u00220f00160b-0000-0100-0000-62f190d60000\u0022",
        "Expires": "-1",
        "Pragma": "no-cache",
        "Server": "nginx/1.17.10",
        "Strict-Transport-Security": "max-age=31536000; includeSubDomains",
        "Vary": "Accept-Encoding",
        "X-Content-Type-Options": "nosniff",
        "x-ms-client-request-id": "00355662536abc3fc7d03449f88c647d",
        "x-ms-correlation-request-id": "6c841ca0-bf51-46a6-8ad0-a9abbdf63acd",
        "x-ms-ratelimit-remaining-subscription-writes": "1190",
        "x-ms-request-id": "858c388b-ab83-47bc-b0a3-066240f245db",
        "x-ms-routing-request-id": "WESTUS2:20220808T224022Z:6c841ca0-bf51-46a6-8ad0-a9abbdf63acd"
      },
      "ResponseBody": {
        "type": "Microsoft.AppConfiguration/configurationStores",
        "location": "eastus",
        "properties": {
          "provisioningState": "Succeeded",
          "creationDate": "2022-08-08T22:40:10\u002B00:00",
          "endpoint": "https://testapp-9750.azconfig.io",
          "encryption": {
            "keyVaultProperties": null
          },
          "privateEndpointConnections": null,
          "publicNetworkAccess": "Disabled",
          "disableLocalAuth": false,
          "softDeleteRetentionInDays": 7,
          "enablePurgeProtection": false
        },
        "sku": {
          "name": "standard"
        },
        "systemData": {
          "createdBy": "63113597-dbba-427d-82d3-94e4060d0e8b",
          "createdByType": "Application",
          "createdAt": "2022-08-08T22:40:10\u002B00:00",
          "lastModifiedBy": "63113597-dbba-427d-82d3-94e4060d0e8b",
          "lastModifiedByType": "Application",
          "lastModifiedAt": "2022-08-08T22:40:22\u002B00:00"
        },
        "id": "/subscriptions/db1ab6f0-4769-4b27-930e-01e2ef9c123c/resourceGroups/default-appconfiguration-2174/providers/Microsoft.AppConfiguration/configurationStores/testapp-9750",
        "name": "testapp-9750",
        "tags": {
          "key1": "value1"
        }
      }
    },
    {
      "RequestUri": "https://management.azure.com/subscriptions/db1ab6f0-4769-4b27-930e-01e2ef9c123c/resourceGroups/Default-AppConfiguration-2174/providers/Microsoft.AppConfiguration/configurationStores/testapp-9750?api-version=2022-05-01",
      "RequestMethod": "GET",
      "RequestHeaders": {
        "Accept": "application/json",
        "Authorization": "Sanitized",
        "traceparent": "00-7eff31055a981b85d959e733f10b1b9c-f390d7d392f2120b-00",
        "User-Agent": "azsdk-net-ResourceManager.AppConfiguration/1.0.0-alpha.20220808.1 (.NET 6.0.7; Microsoft Windows 10.0.22000)",
        "x-ms-client-request-id": "90dec9f11c467fa8a7f3df599cb0beb7",
        "x-ms-return-client-request-id": "true"
      },
      "RequestBody": null,
      "StatusCode": 200,
      "ResponseHeaders": {
        "Cache-Control": "no-cache",
        "Content-Length": "925",
        "Content-Type": "application/json; charset=utf-8",
        "Date": "Mon, 08 Aug 2022 22:40:22 GMT",
        "ETag": "W/\u00220f00160b-0000-0100-0000-62f190d60000\u0022",
        "Expires": "-1",
        "Pragma": "no-cache",
        "Server": "nginx/1.17.10",
        "Strict-Transport-Security": "max-age=31536000; includeSubDomains",
        "Vary": "Accept-Encoding",
        "X-Content-Type-Options": "nosniff",
        "x-ms-client-request-id": "90dec9f11c467fa8a7f3df599cb0beb7",
        "x-ms-correlation-request-id": "40852690-5c1c-4d33-a160-999f871a8cd1",
        "x-ms-ratelimit-remaining-subscription-reads": "11981",
        "x-ms-request-id": "96f97cde-1c78-4ddc-925a-9159ec3d735a",
        "x-ms-routing-request-id": "WESTUS2:20220808T224022Z:40852690-5c1c-4d33-a160-999f871a8cd1"
      },
      "ResponseBody": {
        "type": "Microsoft.AppConfiguration/configurationStores",
        "location": "eastus",
        "properties": {
          "provisioningState": "Succeeded",
          "creationDate": "2022-08-08T22:40:10\u002B00:00",
          "endpoint": "https://testapp-9750.azconfig.io",
          "encryption": {
            "keyVaultProperties": null
          },
          "privateEndpointConnections": null,
          "publicNetworkAccess": "Disabled",
          "disableLocalAuth": false,
          "softDeleteRetentionInDays": 7,
          "enablePurgeProtection": false
        },
        "sku": {
          "name": "standard"
        },
        "systemData": {
          "createdBy": "63113597-dbba-427d-82d3-94e4060d0e8b",
          "createdByType": "Application",
          "createdAt": "2022-08-08T22:40:10\u002B00:00",
          "lastModifiedBy": "63113597-dbba-427d-82d3-94e4060d0e8b",
          "lastModifiedByType": "Application",
          "lastModifiedAt": "2022-08-08T22:40:22\u002B00:00"
        },
        "id": "/subscriptions/db1ab6f0-4769-4b27-930e-01e2ef9c123c/resourceGroups/default-appconfiguration-2174/providers/Microsoft.AppConfiguration/configurationStores/testapp-9750",
        "name": "testapp-9750",
        "tags": {
          "key1": "value1"
        }
      }
    }
  ],
  "Variables": {
    "AZURE_AUTHORITY_HOST": "https://login.microsoftonline.com",
    "RandomSeed": "920094667",
    "RESOURCE_MANAGER_URL": null,
    "SUBSCRIPTION_ID": "db1ab6f0-4769-4b27-930e-01e2ef9c123c"
  }
}
