{
  "Entries": [
    {
      "RequestUri": "https://management.azure.com/subscriptions/db1ab6f0-4769-4b27-930e-01e2ef9c123c?api-version=2021-01-01",
      "RequestMethod": "GET",
      "RequestHeaders": {
        "Accept": "application/json",
        "Authorization": "Sanitized",
        "traceparent": "00-a002842e43521fe33f19b1457c618781-95ea00dcefbb4439-00",
        "User-Agent": "azsdk-net-ResourceManager/1.3.0-alpha.20220801.2 (.NET 6.0.7; Microsoft Windows 10.0.22000)",
        "x-ms-client-request-id": "75a1915d9985dc82eedc6edcfac35e4e",
        "x-ms-return-client-request-id": "true"
      },
      "RequestBody": null,
      "StatusCode": 200,
      "ResponseHeaders": {
        "Cache-Control": "no-cache",
        "Content-Length": "747",
        "Content-Type": "application/json; charset=utf-8",
        "Date": "Mon, 08 Aug 2022 22:39:03 GMT",
        "Expires": "-1",
        "Pragma": "no-cache",
        "Strict-Transport-Security": "max-age=31536000; includeSubDomains",
        "X-Content-Type-Options": "nosniff",
        "x-ms-correlation-request-id": "ae9b752c-bd69-4147-ad85-ab69980c92cb",
        "x-ms-ratelimit-remaining-subscription-reads": "11999",
        "x-ms-request-id": "ae9b752c-bd69-4147-ad85-ab69980c92cb",
        "x-ms-routing-request-id": "WESTUS2:20220808T223904Z:ae9b752c-bd69-4147-ad85-ab69980c92cb"
      },
      "ResponseBody": {
        "id": "/subscriptions/db1ab6f0-4769-4b27-930e-01e2ef9c123c",
        "authorizationSource": "RoleBased",
        "managedByTenants": [],
        "tags": {
          "TagKey-9823": "TagValue-566",
          "TagKey-3481": "TagValue-320",
          "TagKey-4926": "TagValue-1187",
          "TagKey-751": "TagValue-3921",
          "TagKey-1866": "TagValue-8559",
          "TagKey-3094": "TagValue-9190",
          "TagKey-2449": "TagValue-9",
          "TagKey-8379": "TagValue-164",
          "TagKey-7470": "TagValue-2205",
          "TagKey-4236": "TagValue-3698",
          "TagKey-5316": "TagValue-2725"
        },
        "subscriptionId": "db1ab6f0-4769-4b27-930e-01e2ef9c123c",
        "tenantId": "72f988bf-86f1-41af-91ab-2d7cd011db47",
        "displayName": ".NET Mgmt SDK Test with TTL = 1 Day",
        "state": "Enabled",
        "subscriptionPolicies": {
          "locationPlacementId": "Internal_2014-09-01",
          "quotaId": "Internal_2014-09-01",
          "spendingLimit": "Off"
        }
      }
    },
    {
      "RequestUri": "https://management.azure.com/subscriptions/db1ab6f0-4769-4b27-930e-01e2ef9c123c/resourcegroups/Default-AppConfiguration-4654?api-version=**",
      "RequestMethod": "PUT",
      "RequestHeaders": {
        "Accept": "application/json",
        "Authorization": "Sanitized",
        "Content-Length": "21",
        "Content-Type": "application/json",
        "traceparent": "00-95ba81992f79eeb570587ebac81ae352-2665420d6d35aedf-00",
        "User-Agent": "azsdk-net-ResourceManager/1.3.0-alpha.20220801.2 (.NET 6.0.7; Microsoft Windows 10.0.22000)",
        "x-ms-client-request-id": "080e1b50937d0ab85c18e002890a65de",
        "x-ms-return-client-request-id": "true"
      },
      "RequestBody": {
        "location": "eastus"
      },
      "StatusCode": 201,
      "ResponseHeaders": {
        "Cache-Control": "no-cache",
        "Content-Length": "255",
        "Content-Type": "application/json; charset=utf-8",
        "Date": "Mon, 08 Aug 2022 22:39:05 GMT",
        "Expires": "-1",
        "Pragma": "no-cache",
        "Strict-Transport-Security": "max-age=31536000; includeSubDomains",
        "X-Content-Type-Options": "nosniff",
        "x-ms-correlation-request-id": "46303bba-09ae-4dda-8204-83753aaac213",
        "x-ms-ratelimit-remaining-subscription-writes": "1199",
        "x-ms-request-id": "46303bba-09ae-4dda-8204-83753aaac213",
        "x-ms-routing-request-id": "WESTUS2:20220808T223905Z:46303bba-09ae-4dda-8204-83753aaac213"
      },
      "ResponseBody": {
        "id": "/subscriptions/db1ab6f0-4769-4b27-930e-01e2ef9c123c/resourceGroups/Default-AppConfiguration-4654",
        "name": "Default-AppConfiguration-4654",
        "type": "Microsoft.Resources/resourceGroups",
        "location": "eastus",
        "properties": {
          "provisioningState": "Succeeded"
        }
      }
    },
    {
      "RequestUri": "https://management.azure.com/subscriptions/db1ab6f0-4769-4b27-930e-01e2ef9c123c/resourceGroups/Default-AppConfiguration-4654/providers/Microsoft.AppConfiguration/configurationStores/testapp-1451?api-version=2022-05-01",
      "RequestMethod": "PUT",
      "RequestHeaders": {
        "Accept": "application/json",
        "Authorization": "Sanitized",
        "Content-Length": "105",
        "Content-Type": "application/json",
        "traceparent": "00-e10f1d31e4c5d7a98834ffd27b47d0ca-870758fbd03b72eb-00",
        "User-Agent": "azsdk-net-ResourceManager.AppConfiguration/1.0.0-alpha.20220808.1 (.NET 6.0.7; Microsoft Windows 10.0.22000)",
        "x-ms-client-request-id": "f4a46aa0fa44fbb6188c8ad1ddbc92cb",
        "x-ms-return-client-request-id": "true"
      },
      "RequestBody": {
        "sku": {
          "name": "Standard"
        },
        "tags": {},
        "location": "eastus",
        "properties": {
          "publicNetworkAccess": "Disabled"
        }
      },
      "StatusCode": 201,
      "ResponseHeaders": {
        "Azure-AsyncOperation": "https://management.azure.com/subscriptions/db1ab6f0-4769-4b27-930e-01e2ef9c123c/providers/Microsoft.AppConfiguration/locations/eastus/operationsStatus/oyeqO8rB8gQbwuICA31LXD2TWAkZPVtJHmd1LLpiMXs?api-version=2022-05-01",
        "Cache-Control": "no-cache",
        "Content-Length": "578",
        "Content-Type": "application/json; charset=utf-8",
        "Date": "Mon, 08 Aug 2022 22:39:07 GMT",
        "Expires": "-1",
        "Pragma": "no-cache",
        "Retry-After": "10",
        "Server": "nginx/1.17.10",
        "Strict-Transport-Security": "max-age=31536000; includeSubDomains",
        "X-Content-Type-Options": "nosniff",
        "x-ms-client-request-id": "f4a46aa0fa44fbb6188c8ad1ddbc92cb",
        "x-ms-correlation-request-id": "98b75873-5b22-41a6-87c7-2998ad462aa8",
        "x-ms-ratelimit-remaining-subscription-writes": "1198",
        "x-ms-request-id": "be176384-0f7b-49be-843c-fa37ae0db5ac",
        "x-ms-routing-request-id": "WESTUS2:20220808T223907Z:98b75873-5b22-41a6-87c7-2998ad462aa8"
      },
      "ResponseBody": {
        "type": "Microsoft.AppConfiguration/configurationStores",
        "location": "eastus",
        "properties": {
          "provisioningState": "Creating",
          "creationDate": "2022-08-08T22:39:07.3516328\u002B00:00",
          "endpoint": null,
          "encryption": null,
          "privateEndpointConnections": null,
          "disableLocalAuth": null,
          "softDeleteRetentionInDays": null,
          "enablePurgeProtection": null
        },
        "sku": {
          "name": "Standard"
        },
        "systemData": null,
        "id": "/subscriptions/db1ab6f0-4769-4b27-930e-01e2ef9c123c/resourceGroups/Default-AppConfiguration-4654/providers/Microsoft.AppConfiguration/configurationStores/testapp-1451",
        "name": "testapp-1451",
        "tags": {}
      }
    },
    {
      "RequestUri": "https://management.azure.com/subscriptions/db1ab6f0-4769-4b27-930e-01e2ef9c123c/providers/Microsoft.AppConfiguration/locations/eastus/operationsStatus/oyeqO8rB8gQbwuICA31LXD2TWAkZPVtJHmd1LLpiMXs?api-version=2022-05-01",
      "RequestMethod": "GET",
      "RequestHeaders": {
        "Authorization": "Sanitized",
        "traceparent": "00-e10f1d31e4c5d7a98834ffd27b47d0ca-08dd3356ed614583-00",
        "User-Agent": "azsdk-net-ResourceManager/1.3.0-alpha.20220801.2 (.NET 6.0.7; Microsoft Windows 10.0.22000)",
        "x-ms-client-request-id": "585910905ab9200c580c65062d397f5c",
        "x-ms-return-client-request-id": "true"
      },
      "RequestBody": null,
      "StatusCode": 200,
      "ResponseHeaders": {
        "Azure-AsyncOperation": "https://management.azure.com/subscriptions/db1ab6f0-4769-4b27-930e-01e2ef9c123c/providers/Microsoft.AppConfiguration/locations/eastus/operationsStatus/oyeqO8rB8gQbwuICA31LXD2TWAkZPVtJHmd1LLpiMXs?api-version=2022-05-01",
        "Cache-Control": "no-cache",
        "Content-Length": "261",
        "Content-Type": "application/json; charset=utf-8",
        "Date": "Mon, 08 Aug 2022 22:39:07 GMT",
        "Expires": "-1",
        "Pragma": "no-cache",
        "Retry-After": "10",
        "Server": "nginx/1.17.10",
        "Strict-Transport-Security": "max-age=31536000; includeSubDomains",
        "Vary": "Accept-Encoding",
        "X-Content-Type-Options": "nosniff",
        "x-ms-client-request-id": "585910905ab9200c580c65062d397f5c",
        "x-ms-correlation-request-id": "10a0f557-a17f-4a1a-a4d7-20fbd3f961b1",
        "x-ms-ratelimit-remaining-subscription-reads": "11998",
        "x-ms-request-id": "374d218b-619a-45b9-816e-f170fb290ab5",
        "x-ms-routing-request-id": "WESTUS2:20220808T223907Z:10a0f557-a17f-4a1a-a4d7-20fbd3f961b1"
      },
      "ResponseBody": {
        "id": "/subscriptions/db1ab6f0-4769-4b27-930e-01e2ef9c123c/providers/Microsoft.AppConfiguration/locations/eastus/operationsStatus/oyeqO8rB8gQbwuICA31LXD2TWAkZPVtJHmd1LLpiMXs",
        "name": "oyeqO8rB8gQbwuICA31LXD2TWAkZPVtJHmd1LLpiMXs",
        "status": "Creating",
        "error": null
      }
    },
    {
      "RequestUri": "https://management.azure.com/subscriptions/db1ab6f0-4769-4b27-930e-01e2ef9c123c/providers/Microsoft.AppConfiguration/locations/eastus/operationsStatus/oyeqO8rB8gQbwuICA31LXD2TWAkZPVtJHmd1LLpiMXs?api-version=2022-05-01",
      "RequestMethod": "GET",
      "RequestHeaders": {
        "Authorization": "Sanitized",
        "traceparent": "00-e10f1d31e4c5d7a98834ffd27b47d0ca-f84895e972b96e31-00",
        "User-Agent": "azsdk-net-ResourceManager/1.3.0-alpha.20220801.2 (.NET 6.0.7; Microsoft Windows 10.0.22000)",
        "x-ms-client-request-id": "3c1b364e3ce6c220a0cb5e2c8dfd7bc4",
        "x-ms-return-client-request-id": "true"
      },
      "RequestBody": null,
      "StatusCode": 200,
      "ResponseHeaders": {
        "Azure-AsyncOperation": "https://management.azure.com/subscriptions/db1ab6f0-4769-4b27-930e-01e2ef9c123c/providers/Microsoft.AppConfiguration/locations/eastus/operationsStatus/oyeqO8rB8gQbwuICA31LXD2TWAkZPVtJHmd1LLpiMXs?api-version=2022-05-01",
        "Cache-Control": "no-cache",
        "Content-Length": "262",
        "Content-Type": "application/json; charset=utf-8",
        "Date": "Mon, 08 Aug 2022 22:39:17 GMT",
        "Expires": "-1",
        "Pragma": "no-cache",
        "Server": "nginx/1.17.10",
        "Strict-Transport-Security": "max-age=31536000; includeSubDomains",
        "Vary": "Accept-Encoding",
        "X-Content-Type-Options": "nosniff",
        "x-ms-client-request-id": "3c1b364e3ce6c220a0cb5e2c8dfd7bc4",
        "x-ms-correlation-request-id": "a27e882d-5827-4d33-8128-4787b44a061e",
        "x-ms-ratelimit-remaining-subscription-reads": "11997",
        "x-ms-request-id": "b900fec2-fb17-46e3-8a7f-9b58f6409e2d",
        "x-ms-routing-request-id": "WESTUS2:20220808T223917Z:a27e882d-5827-4d33-8128-4787b44a061e"
      },
      "ResponseBody": {
        "id": "/subscriptions/db1ab6f0-4769-4b27-930e-01e2ef9c123c/providers/Microsoft.AppConfiguration/locations/eastus/operationsStatus/oyeqO8rB8gQbwuICA31LXD2TWAkZPVtJHmd1LLpiMXs",
        "name": "oyeqO8rB8gQbwuICA31LXD2TWAkZPVtJHmd1LLpiMXs",
        "status": "Succeeded",
        "error": null
      }
    },
    {
      "RequestUri": "https://management.azure.com/subscriptions/db1ab6f0-4769-4b27-930e-01e2ef9c123c/resourceGroups/Default-AppConfiguration-4654/providers/Microsoft.AppConfiguration/configurationStores/testapp-1451?api-version=2022-05-01",
      "RequestMethod": "GET",
      "RequestHeaders": {
        "Authorization": "Sanitized",
        "traceparent": "00-e10f1d31e4c5d7a98834ffd27b47d0ca-71191a8c041b78e5-00",
        "User-Agent": "azsdk-net-ResourceManager/1.3.0-alpha.20220801.2 (.NET 6.0.7; Microsoft Windows 10.0.22000)",
        "x-ms-client-request-id": "cc4013a93a621312c25f489f79c3ab5c",
        "x-ms-return-client-request-id": "true"
      },
      "RequestBody": null,
      "StatusCode": 200,
      "ResponseHeaders": {
        "Cache-Control": "no-cache",
        "Content-Length": "910",
        "Content-Type": "application/json; charset=utf-8",
        "Date": "Mon, 08 Aug 2022 22:39:17 GMT",
        "ETag": "W/\u00221b0054fa-0000-0100-0000-62f1908b0000\u0022",
        "Expires": "-1",
        "Pragma": "no-cache",
        "Server": "nginx/1.17.10",
        "Strict-Transport-Security": "max-age=31536000; includeSubDomains",
        "Vary": "Accept-Encoding",
        "X-Content-Type-Options": "nosniff",
        "x-ms-client-request-id": "cc4013a93a621312c25f489f79c3ab5c",
        "x-ms-correlation-request-id": "5fe31577-0e2c-49e6-af1f-fd90a00e206c",
        "x-ms-ratelimit-remaining-subscription-reads": "11996",
        "x-ms-request-id": "dac760c2-bd1c-44af-9404-e4da8603a900",
        "x-ms-routing-request-id": "WESTUS2:20220808T223918Z:5fe31577-0e2c-49e6-af1f-fd90a00e206c"
      },
      "ResponseBody": {
        "type": "Microsoft.AppConfiguration/configurationStores",
        "location": "eastus",
        "properties": {
          "provisioningState": "Succeeded",
          "creationDate": "2022-08-08T22:39:07\u002B00:00",
          "endpoint": "https://testapp-1451.azconfig.io",
          "encryption": {
            "keyVaultProperties": null
          },
          "privateEndpointConnections": null,
          "publicNetworkAccess": "Disabled",
          "disableLocalAuth": false,
          "softDeleteRetentionInDays": 7,
          "enablePurgeProtection": false
        },
        "sku": {
          "name": "standard"
        },
        "systemData": {
          "createdBy": "63113597-dbba-427d-82d3-94e4060d0e8b",
          "createdByType": "Application",
          "createdAt": "2022-08-08T22:39:07\u002B00:00",
          "lastModifiedBy": "63113597-dbba-427d-82d3-94e4060d0e8b",
          "lastModifiedByType": "Application",
          "lastModifiedAt": "2022-08-08T22:39:07\u002B00:00"
        },
        "id": "/subscriptions/db1ab6f0-4769-4b27-930e-01e2ef9c123c/resourceGroups/default-appconfiguration-4654/providers/Microsoft.AppConfiguration/configurationStores/testapp-1451",
        "name": "testapp-1451",
        "tags": {}
      }
    },
    {
      "RequestUri": "https://management.azure.com/subscriptions/db1ab6f0-4769-4b27-930e-01e2ef9c123c/resourceGroups/default-appconfiguration-4654/providers/Microsoft.AppConfiguration/configurationStores/testapp-1451?api-version=2022-05-01",
      "RequestMethod": "GET",
      "RequestHeaders": {
        "Accept": "application/json",
        "Authorization": "Sanitized",
        "traceparent": "00-16ebf9e6c41f2e5983ba850d1ea18a00-ef922d1086a3f49c-00",
        "User-Agent": "azsdk-net-ResourceManager.AppConfiguration/1.0.0-alpha.20220808.1 (.NET 6.0.7; Microsoft Windows 10.0.22000)",
        "x-ms-client-request-id": "496a1098a7385490f097b7eefbdf925b",
        "x-ms-return-client-request-id": "true"
      },
      "RequestBody": null,
      "StatusCode": 200,
      "ResponseHeaders": {
        "Cache-Control": "no-cache",
        "Content-Length": "910",
        "Content-Type": "application/json; charset=utf-8",
        "Date": "Mon, 08 Aug 2022 22:39:17 GMT",
        "ETag": "W/\u00221b0054fa-0000-0100-0000-62f1908b0000\u0022",
        "Expires": "-1",
        "Pragma": "no-cache",
        "Server": "nginx/1.17.10",
        "Strict-Transport-Security": "max-age=31536000; includeSubDomains",
        "Vary": "Accept-Encoding",
        "X-Content-Type-Options": "nosniff",
        "x-ms-client-request-id": "496a1098a7385490f097b7eefbdf925b",
        "x-ms-correlation-request-id": "1bbc5cd2-37ce-4415-9201-70b48eb78877",
        "x-ms-ratelimit-remaining-subscription-reads": "11995",
        "x-ms-request-id": "93cd23e4-1999-411e-9217-9b9edff4f885",
        "x-ms-routing-request-id": "WESTUS2:20220808T223918Z:1bbc5cd2-37ce-4415-9201-70b48eb78877"
      },
      "ResponseBody": {
        "type": "Microsoft.AppConfiguration/configurationStores",
        "location": "eastus",
        "properties": {
          "provisioningState": "Succeeded",
          "creationDate": "2022-08-08T22:39:07\u002B00:00",
          "endpoint": "https://testapp-1451.azconfig.io",
          "encryption": {
            "keyVaultProperties": null
          },
          "privateEndpointConnections": null,
          "publicNetworkAccess": "Disabled",
          "disableLocalAuth": false,
          "softDeleteRetentionInDays": 7,
          "enablePurgeProtection": false
        },
        "sku": {
          "name": "standard"
        },
        "systemData": {
          "createdBy": "63113597-dbba-427d-82d3-94e4060d0e8b",
          "createdByType": "Application",
          "createdAt": "2022-08-08T22:39:07\u002B00:00",
          "lastModifiedBy": "63113597-dbba-427d-82d3-94e4060d0e8b",
          "lastModifiedByType": "Application",
          "lastModifiedAt": "2022-08-08T22:39:07\u002B00:00"
        },
        "id": "/subscriptions/db1ab6f0-4769-4b27-930e-01e2ef9c123c/resourceGroups/default-appconfiguration-4654/providers/Microsoft.AppConfiguration/configurationStores/testapp-1451",
        "name": "testapp-1451",
        "tags": {}
      }
    },
    {
      "RequestUri": "https://management.azure.com/subscriptions/db1ab6f0-4769-4b27-930e-01e2ef9c123c/resourceGroups/default-appconfiguration-4654/providers/Microsoft.AppConfiguration/configurationStores/testapp-1451?api-version=2022-05-01",
      "RequestMethod": "PATCH",
      "RequestHeaders": {
        "Accept": "application/json",
        "Authorization": "Sanitized",
        "Content-Length": "42",
        "Content-Type": "application/json",
        "traceparent": "00-16ebf9e6c41f2e5983ba850d1ea18a00-ed1904aad8dac41a-00",
        "User-Agent": "azsdk-net-ResourceManager.AppConfiguration/1.0.0-alpha.20220808.1 (.NET 6.0.7; Microsoft Windows 10.0.22000)",
        "x-ms-client-request-id": "195da091b2f913f924077a86f38048dd",
        "x-ms-return-client-request-id": "true"
      },
      "RequestBody": {
        "tags": {
          "key1": "value1"
        },
        "properties": {}
      },
      "StatusCode": 200,
      "ResponseHeaders": {
        "Cache-Control": "no-cache",
        "Content-Length": "925",
        "Content-Type": "application/json; charset=utf-8",
        "Date": "Mon, 08 Aug 2022 22:39:18 GMT",
        "ETag": "W/\u00221b0075fa-0000-0100-0000-62f190970000\u0022",
        "Expires": "-1",
        "Pragma": "no-cache",
        "Server": "nginx/1.17.10",
        "Strict-Transport-Security": "max-age=31536000; includeSubDomains",
        "Vary": "Accept-Encoding",
        "X-Content-Type-Options": "nosniff",
        "x-ms-client-request-id": "195da091b2f913f924077a86f38048dd",
        "x-ms-correlation-request-id": "2adb0449-7297-4386-b140-eaa651d6c5a1",
        "x-ms-ratelimit-remaining-subscription-writes": "1197",
        "x-ms-request-id": "1215c948-b8ec-4b10-a536-62b379eebbef",
        "x-ms-routing-request-id": "WESTUS2:20220808T223919Z:2adb0449-7297-4386-b140-eaa651d6c5a1"
      },
      "ResponseBody": {
        "type": "Microsoft.AppConfiguration/configurationStores",
        "location": "eastus",
        "properties": {
          "provisioningState": "Succeeded",
          "creationDate": "2022-08-08T22:39:07\u002B00:00",
          "endpoint": "https://testapp-1451.azconfig.io",
          "encryption": {
            "keyVaultProperties": null
          },
          "privateEndpointConnections": null,
          "publicNetworkAccess": "Disabled",
          "disableLocalAuth": false,
          "softDeleteRetentionInDays": 7,
          "enablePurgeProtection": false
        },
        "sku": {
          "name": "standard"
        },
        "systemData": {
          "createdBy": "63113597-dbba-427d-82d3-94e4060d0e8b",
          "createdByType": "Application",
          "createdAt": "2022-08-08T22:39:07\u002B00:00",
          "lastModifiedBy": "63113597-dbba-427d-82d3-94e4060d0e8b",
          "lastModifiedByType": "Application",
          "lastModifiedAt": "2022-08-08T22:39:19\u002B00:00"
        },
        "id": "/subscriptions/db1ab6f0-4769-4b27-930e-01e2ef9c123c/resourceGroups/default-appconfiguration-4654/providers/Microsoft.AppConfiguration/configurationStores/testapp-1451",
        "name": "testapp-1451",
        "tags": {
          "key1": "value1"
        }
      }
    },
    {
      "RequestUri": "https://management.azure.com/subscriptions/db1ab6f0-4769-4b27-930e-01e2ef9c123c/resourceGroups/Default-AppConfiguration-4654/providers/Microsoft.AppConfiguration/configurationStores/testapp-1451?api-version=2022-05-01",
      "RequestMethod": "GET",
      "RequestHeaders": {
        "Accept": "application/json",
        "Authorization": "Sanitized",
        "traceparent": "00-75a32e984e2845f39aca58160628c6e6-1ac71f309e3c785e-00",
        "User-Agent": "azsdk-net-ResourceManager.AppConfiguration/1.0.0-alpha.20220808.1 (.NET 6.0.7; Microsoft Windows 10.0.22000)",
        "x-ms-client-request-id": "d90dedcc9165e563165625302d09606f",
        "x-ms-return-client-request-id": "true"
      },
      "RequestBody": null,
      "StatusCode": 200,
      "ResponseHeaders": {
        "Cache-Control": "no-cache",
        "Content-Length": "925",
        "Content-Type": "application/json; charset=utf-8",
        "Date": "Mon, 08 Aug 2022 22:39:19 GMT",
        "ETag": "W/\u00221b0075fa-0000-0100-0000-62f190970000\u0022",
        "Expires": "-1",
        "Pragma": "no-cache",
        "Server": "nginx/1.17.10",
        "Strict-Transport-Security": "max-age=31536000; includeSubDomains",
        "Vary": "Accept-Encoding",
        "X-Content-Type-Options": "nosniff",
        "x-ms-client-request-id": "d90dedcc9165e563165625302d09606f",
        "x-ms-correlation-request-id": "e7e744c9-744d-40da-b9b1-7bba0a8af20c",
        "x-ms-ratelimit-remaining-subscription-reads": "11994",
        "x-ms-request-id": "4673d90d-c274-4e44-afac-3ebd01d90532",
        "x-ms-routing-request-id": "WESTUS2:20220808T223919Z:e7e744c9-744d-40da-b9b1-7bba0a8af20c"
      },
      "ResponseBody": {
        "type": "Microsoft.AppConfiguration/configurationStores",
        "location": "eastus",
        "properties": {
          "provisioningState": "Succeeded",
          "creationDate": "2022-08-08T22:39:07\u002B00:00",
          "endpoint": "https://testapp-1451.azconfig.io",
          "encryption": {
            "keyVaultProperties": null
          },
          "privateEndpointConnections": null,
          "publicNetworkAccess": "Disabled",
          "disableLocalAuth": false,
          "softDeleteRetentionInDays": 7,
          "enablePurgeProtection": false
        },
        "sku": {
          "name": "standard"
        },
        "systemData": {
          "createdBy": "63113597-dbba-427d-82d3-94e4060d0e8b",
          "createdByType": "Application",
          "createdAt": "2022-08-08T22:39:07\u002B00:00",
          "lastModifiedBy": "63113597-dbba-427d-82d3-94e4060d0e8b",
          "lastModifiedByType": "Application",
          "lastModifiedAt": "2022-08-08T22:39:19\u002B00:00"
        },
        "id": "/subscriptions/db1ab6f0-4769-4b27-930e-01e2ef9c123c/resourceGroups/default-appconfiguration-4654/providers/Microsoft.AppConfiguration/configurationStores/testapp-1451",
        "name": "testapp-1451",
        "tags": {
          "key1": "value1"
        }
      }
    }
  ],
  "Variables": {
    "AZURE_AUTHORITY_HOST": "https://login.microsoftonline.com",
    "RandomSeed": "173051187",
    "RESOURCE_MANAGER_URL": null,
    "SUBSCRIPTION_ID": "db1ab6f0-4769-4b27-930e-01e2ef9c123c"
  }
}
