{
  "Entries": [
    {
      "RequestUri": "/subscriptions/ce4a7590-4722-4bcf-a2c6-e473e9f11778/resourcegroups/res2353?api-version=2015-11-01",
      "EncodedRequestUri": "L3N1YnNjcmlwdGlvbnMvY2U0YTc1OTAtNDcyMi00YmNmLWEyYzYtZTQ3M2U5ZjExNzc4L3Jlc291cmNlZ3JvdXBzL3JlczIzNTM/YXBpLXZlcnNpb249MjAxNS0xMS0wMQ==",
      "RequestMethod": "PUT",
      "RequestBody": "{\r\n  \"location\": \"eastus2\"\r\n}",
      "RequestHeaders": {
        "Content-Type": [
          "application/json; charset=utf-8"
        ],
        "Content-Length": [
          "29"
        ],
        "x-ms-client-request-id": [
          "a5cf3eea-d7e3-4a37-9a4e-8f77643ba34e"
        ],
        "accept-language": [
          "en-US"
        ],
        "User-Agent": [
          "FxVersion/4.6.25211.01",
          "Microsoft.Azure.Management.Resources.ResourceManagementClient/1.0.0.0"
        ]
      },
      "ResponseBody": "{\r\n  \"id\": \"/subscriptions/ce4a7590-4722-4bcf-a2c6-e473e9f11778/resourceGroups/res2353\",\r\n  \"name\": \"res2353\",\r\n  \"location\": \"eastus2\",\r\n  \"properties\": {\r\n    \"provisioningState\": \"Succeeded\"\r\n  }\r\n}",
      "ResponseHeaders": {
        "Content-Length": [
          "168"
        ],
        "Content-Type": [
          "application/json; charset=utf-8"
        ],
        "Expires": [
          "-1"
        ],
        "Cache-Control": [
          "no-cache"
        ],
        "Date": [
          "Fri, 17 Nov 2017 03:36:49 GMT"
        ],
        "Pragma": [
          "no-cache"
        ],
        "x-ms-ratelimit-remaining-subscription-writes": [
          "1180"
        ],
        "x-ms-request-id": [
          "b98767d5-3c62-4752-be0e-e6d7be3dc659"
        ],
        "x-ms-correlation-request-id": [
          "b98767d5-3c62-4752-be0e-e6d7be3dc659"
        ],
        "x-ms-routing-request-id": [
          "SOUTHEASTASIA:20171117T033649Z:b98767d5-3c62-4752-be0e-e6d7be3dc659"
        ],
        "Strict-Transport-Security": [
          "max-age=31536000; includeSubDomains"
        ]
      },
      "StatusCode": 201
    },
    {
      "RequestUri": "/subscriptions/ce4a7590-4722-4bcf-a2c6-e473e9f11778/resourceGroups/res2353/providers/Microsoft.Storage/storageAccounts/sto4191?api-version=2017-10-01",
      "EncodedRequestUri": "L3N1YnNjcmlwdGlvbnMvY2U0YTc1OTAtNDcyMi00YmNmLWEyYzYtZTQ3M2U5ZjExNzc4L3Jlc291cmNlR3JvdXBzL3JlczIzNTMvcHJvdmlkZXJzL01pY3Jvc29mdC5TdG9yYWdlL3N0b3JhZ2VBY2NvdW50cy9zdG80MTkxP2FwaS12ZXJzaW9uPTIwMTctMTAtMDE=",
      "RequestMethod": "PUT",
      "RequestBody": "{\r\n  \"sku\": {\r\n    \"name\": \"Standard_GRS\"\r\n  },\r\n  \"kind\": \"Storage\",\r\n  \"location\": \"eastus2euap\",\r\n  \"tags\": {\r\n    \"key1\": \"value1\",\r\n    \"key2\": \"value2\"\r\n  },\r\n  \"properties\": {\r\n    \"networkAcls\": {\r\n      \"bypass\": \"Logging,AzureServices\",\r\n      \"ipRules\": [\r\n        {\r\n          \"value\": \"23.45.67.90\"\r\n        }\r\n      ],\r\n      \"defaultAction\": \"Deny\"\r\n    }\r\n  }\r\n}",
      "RequestHeaders": {
        "Content-Type": [
          "application/json; charset=utf-8"
        ],
        "Content-Length": [
          "378"
        ],
        "x-ms-client-request-id": [
          "7bb7f79c-fa29-4826-b95a-bcbe23f0e568"
        ],
        "accept-language": [
          "en-US"
        ],
        "User-Agent": [
          "FxVersion/4.6.25211.01",
          "Microsoft.Azure.Management.Storage.StorageManagementClient/7.1.0.0"
        ]
      },
      "ResponseBody": "",
      "ResponseHeaders": {
        "Content-Length": [
          "0"
        ],
        "Expires": [
          "-1"
        ],
        "Cache-Control": [
          "no-cache"
        ],
        "Date": [
          "Fri, 17 Nov 2017 03:37:02 GMT"
        ],
        "Pragma": [
          "no-cache"
        ],
        "Location": [
          "https://management.azure.com/subscriptions/ce4a7590-4722-4bcf-a2c6-e473e9f11778/providers/Microsoft.Storage/locations/eastus2euap/asyncoperations/f3c3124c-ce5b-401e-9218-4b20606416f7?monitor=true&api-version=2017-10-01"
        ],
        "Retry-After": [
          "17"
        ],
        "Server": [
          "Microsoft-Azure-Storage-Resource-Provider/1.0",
          "Microsoft-HTTPAPI/2.0"
        ],
        "x-ms-ratelimit-remaining-subscription-writes": [
          "1179"
        ],
        "x-ms-request-id": [
          "26773c31-7535-4001-a1fe-d4ce08d0936c"
        ],
        "x-ms-correlation-request-id": [
          "26773c31-7535-4001-a1fe-d4ce08d0936c"
        ],
        "x-ms-routing-request-id": [
          "SOUTHEASTASIA:20171117T033703Z:26773c31-7535-4001-a1fe-d4ce08d0936c"
        ],
        "Strict-Transport-Security": [
          "max-age=31536000; includeSubDomains"
        ]
      },
      "StatusCode": 202
    },
    {
      "RequestUri": "/subscriptions/ce4a7590-4722-4bcf-a2c6-e473e9f11778/providers/Microsoft.Storage/locations/eastus2euap/asyncoperations/f3c3124c-ce5b-401e-9218-4b20606416f7?monitor=true&api-version=2017-10-01",
      "EncodedRequestUri": "L3N1YnNjcmlwdGlvbnMvY2U0YTc1OTAtNDcyMi00YmNmLWEyYzYtZTQ3M2U5ZjExNzc4L3Byb3ZpZGVycy9NaWNyb3NvZnQuU3RvcmFnZS9sb2NhdGlvbnMvZWFzdHVzMmV1YXAvYXN5bmNvcGVyYXRpb25zL2YzYzMxMjRjLWNlNWItNDAxZS05MjE4LTRiMjA2MDY0MTZmNz9tb25pdG9yPXRydWUmYXBpLXZlcnNpb249MjAxNy0xMC0wMQ==",
      "RequestMethod": "GET",
      "RequestBody": "",
      "RequestHeaders": {
        "User-Agent": [
          "FxVersion/4.6.25211.01",
          "Microsoft.Azure.Management.Storage.StorageManagementClient/7.1.0.0"
        ]
      },
      "ResponseBody": "",
      "ResponseHeaders": {
        "Content-Length": [
          "0"
        ],
        "Expires": [
          "-1"
        ],
        "Cache-Control": [
          "no-cache"
        ],
        "Date": [
          "Fri, 17 Nov 2017 03:37:20 GMT"
        ],
        "Pragma": [
          "no-cache"
        ],
        "Location": [
          "https://management.azure.com/subscriptions/ce4a7590-4722-4bcf-a2c6-e473e9f11778/providers/Microsoft.Storage/locations/eastus2euap/asyncoperations/f3c3124c-ce5b-401e-9218-4b20606416f7?monitor=true&api-version=2017-10-01"
        ],
        "Retry-After": [
          "17"
        ],
        "Server": [
          "Microsoft-Azure-Storage-Resource-Provider/1.0",
          "Microsoft-HTTPAPI/2.0"
        ],
        "x-ms-ratelimit-remaining-subscription-reads": [
          "14872"
        ],
        "x-ms-request-id": [
          "6173e01c-87a9-4bdc-ac6e-d4cef2c109c1"
        ],
        "x-ms-correlation-request-id": [
          "6173e01c-87a9-4bdc-ac6e-d4cef2c109c1"
        ],
        "x-ms-routing-request-id": [
          "SOUTHEASTASIA:20171117T033720Z:6173e01c-87a9-4bdc-ac6e-d4cef2c109c1"
        ],
        "Strict-Transport-Security": [
          "max-age=31536000; includeSubDomains"
        ]
      },
      "StatusCode": 202
    },
    {
      "RequestUri": "/subscriptions/ce4a7590-4722-4bcf-a2c6-e473e9f11778/providers/Microsoft.Storage/locations/eastus2euap/asyncoperations/f3c3124c-ce5b-401e-9218-4b20606416f7?monitor=true&api-version=2017-10-01",
      "EncodedRequestUri": "L3N1YnNjcmlwdGlvbnMvY2U0YTc1OTAtNDcyMi00YmNmLWEyYzYtZTQ3M2U5ZjExNzc4L3Byb3ZpZGVycy9NaWNyb3NvZnQuU3RvcmFnZS9sb2NhdGlvbnMvZWFzdHVzMmV1YXAvYXN5bmNvcGVyYXRpb25zL2YzYzMxMjRjLWNlNWItNDAxZS05MjE4LTRiMjA2MDY0MTZmNz9tb25pdG9yPXRydWUmYXBpLXZlcnNpb249MjAxNy0xMC0wMQ==",
      "RequestMethod": "GET",
      "RequestBody": "",
      "RequestHeaders": {
        "User-Agent": [
          "FxVersion/4.6.25211.01",
          "Microsoft.Azure.Management.Storage.StorageManagementClient/7.1.0.0"
        ]
      },
      "ResponseBody": "{\r\n  \"id\": \"/subscriptions/ce4a7590-4722-4bcf-a2c6-e473e9f11778/resourceGroups/res2353/providers/Microsoft.Storage/storageAccounts/sto4191\",\r\n  \"kind\": \"Storage\",\r\n  \"location\": \"eastus2euap\",\r\n  \"name\": \"sto4191\",\r\n  \"properties\": {\r\n    \"creationTime\": \"2017-11-17T03:36:52.9656084Z\",\r\n    \"encryption\": {\r\n      \"keySource\": \"Microsoft.Storage\",\r\n      \"services\": {\r\n        \"blob\": {\r\n          \"enabled\": true,\r\n          \"lastEnabledTime\": \"2017-11-17T03:36:52.9706079Z\"\r\n        },\r\n        \"file\": {\r\n          \"enabled\": true,\r\n          \"lastEnabledTime\": \"2017-11-17T03:36:52.9706079Z\"\r\n        }\r\n      }\r\n    },\r\n    \"networkAcls\": {\r\n      \"bypass\": \"Logging, AzureServices\",\r\n      \"defaultAction\": \"Deny\",\r\n      \"ipRules\": [\r\n        {\r\n          \"action\": \"Allow\",\r\n          \"value\": \"23.45.67.90\"\r\n        }\r\n      ],\r\n      \"virtualNetworkRules\": []\r\n    },\r\n    \"primaryEndpoints\": {\r\n      \"blob\": \"https://sto4191.blob.core.windows.net/\",\r\n      \"file\": \"https://sto4191.file.core.windows.net/\",\r\n      \"queue\": \"https://sto4191.queue.core.windows.net/\",\r\n      \"table\": \"https://sto4191.table.core.windows.net/\"\r\n    },\r\n    \"primaryLocation\": \"eastus2euap\",\r\n    \"provisioningState\": \"Succeeded\",\r\n    \"secondaryLocation\": \"centraluseuap\",\r\n    \"statusOfPrimary\": \"available\",\r\n    \"statusOfSecondary\": \"available\",\r\n    \"supportsHttpsTrafficOnly\": false\r\n  },\r\n  \"sku\": {\r\n    \"name\": \"Standard_GRS\",\r\n    \"tier\": \"Standard\"\r\n  },\r\n  \"tags\": {\r\n    \"key1\": \"value1\",\r\n    \"key2\": \"value2\"\r\n  },\r\n  \"type\": \"Microsoft.Storage/storageAccounts\"\r\n}",
      "ResponseHeaders": {
        "Content-Type": [
          "application/json"
        ],
        "Expires": [
          "-1"
        ],
        "Cache-Control": [
          "no-cache"
        ],
        "Date": [
          "Fri, 17 Nov 2017 03:37:37 GMT"
        ],
        "Pragma": [
          "no-cache"
        ],
        "Transfer-Encoding": [
          "chunked"
        ],
        "Server": [
          "Microsoft-Azure-Storage-Resource-Provider/1.0",
          "Microsoft-HTTPAPI/2.0"
        ],
        "Vary": [
          "Accept-Encoding"
        ],
        "x-ms-request-id": [
          "da73cfa6-ed49-4dc6-8c88-b46ca393c754"
        ],
        "x-ms-ratelimit-remaining-subscription-reads": [
          "14871"
        ],
        "x-ms-correlation-request-id": [
          "da73cfa6-ed49-4dc6-8c88-b46ca393c754"
        ],
        "x-ms-routing-request-id": [
          "SOUTHEASTASIA:20171117T033737Z:da73cfa6-ed49-4dc6-8c88-b46ca393c754"
        ],
        "Strict-Transport-Security": [
          "max-age=31536000; includeSubDomains"
        ]
      },
      "StatusCode": 200
    },
    {
      "RequestUri": "/subscriptions/ce4a7590-4722-4bcf-a2c6-e473e9f11778/resourceGroups/res2353/providers/Microsoft.Storage/storageAccounts/sto4191?api-version=2017-10-01",
      "EncodedRequestUri": "L3N1YnNjcmlwdGlvbnMvY2U0YTc1OTAtNDcyMi00YmNmLWEyYzYtZTQ3M2U5ZjExNzc4L3Jlc291cmNlR3JvdXBzL3JlczIzNTMvcHJvdmlkZXJzL01pY3Jvc29mdC5TdG9yYWdlL3N0b3JhZ2VBY2NvdW50cy9zdG80MTkxP2FwaS12ZXJzaW9uPTIwMTctMTAtMDE=",
      "RequestMethod": "GET",
      "RequestBody": "",
      "RequestHeaders": {
        "x-ms-client-request-id": [
          "0f1afae5-7d03-4778-8db4-a04b4ca5ce40"
        ],
        "accept-language": [
          "en-US"
        ],
        "User-Agent": [
          "FxVersion/4.6.25211.01",
          "Microsoft.Azure.Management.Storage.StorageManagementClient/7.1.0.0"
        ]
      },
      "ResponseBody": "{\r\n  \"id\": \"/subscriptions/ce4a7590-4722-4bcf-a2c6-e473e9f11778/resourceGroups/res2353/providers/Microsoft.Storage/storageAccounts/sto4191\",\r\n  \"kind\": \"Storage\",\r\n  \"location\": \"eastus2euap\",\r\n  \"name\": \"sto4191\",\r\n  \"properties\": {\r\n    \"creationTime\": \"2017-11-17T03:36:52.9656084Z\",\r\n    \"encryption\": {\r\n      \"keySource\": \"Microsoft.Storage\",\r\n      \"services\": {\r\n        \"blob\": {\r\n          \"enabled\": true,\r\n          \"lastEnabledTime\": \"2017-11-17T03:36:52.9706079Z\"\r\n        },\r\n        \"file\": {\r\n          \"enabled\": true,\r\n          \"lastEnabledTime\": \"2017-11-17T03:36:52.9706079Z\"\r\n        }\r\n      }\r\n    },\r\n    \"networkAcls\": {\r\n      \"bypass\": \"Logging, AzureServices\",\r\n      \"defaultAction\": \"Deny\",\r\n      \"ipRules\": [\r\n        {\r\n          \"action\": \"Allow\",\r\n          \"value\": \"23.45.67.90\"\r\n        }\r\n      ],\r\n      \"virtualNetworkRules\": []\r\n    },\r\n    \"primaryEndpoints\": {\r\n      \"blob\": \"https://sto4191.blob.core.windows.net/\",\r\n      \"file\": \"https://sto4191.file.core.windows.net/\",\r\n      \"queue\": \"https://sto4191.queue.core.windows.net/\",\r\n      \"table\": \"https://sto4191.table.core.windows.net/\"\r\n    },\r\n    \"primaryLocation\": \"eastus2euap\",\r\n    \"provisioningState\": \"Succeeded\",\r\n    \"secondaryLocation\": \"centraluseuap\",\r\n    \"statusOfPrimary\": \"available\",\r\n    \"statusOfSecondary\": \"available\",\r\n    \"supportsHttpsTrafficOnly\": false\r\n  },\r\n  \"sku\": {\r\n    \"name\": \"Standard_GRS\",\r\n    \"tier\": \"Standard\"\r\n  },\r\n  \"tags\": {\r\n    \"key1\": \"value1\",\r\n    \"key2\": \"value2\"\r\n  },\r\n  \"type\": \"Microsoft.Storage/storageAccounts\"\r\n}",
      "ResponseHeaders": {
        "Content-Type": [
          "application/json"
        ],
        "Expires": [
          "-1"
        ],
        "Cache-Control": [
          "no-cache"
        ],
        "Date": [
          "Fri, 17 Nov 2017 03:37:37 GMT"
        ],
        "Pragma": [
          "no-cache"
        ],
        "Transfer-Encoding": [
          "chunked"
        ],
        "Server": [
          "Microsoft-Azure-Storage-Resource-Provider/1.0",
          "Microsoft-HTTPAPI/2.0"
        ],
        "Vary": [
          "Accept-Encoding"
        ],
        "x-ms-request-id": [
          "7c683f12-6a92-46ca-bda6-448372477cb0"
        ],
        "x-ms-ratelimit-remaining-subscription-reads": [
          "14870"
        ],
        "x-ms-correlation-request-id": [
          "7c683f12-6a92-46ca-bda6-448372477cb0"
        ],
        "x-ms-routing-request-id": [
          "SOUTHEASTASIA:20171117T033737Z:7c683f12-6a92-46ca-bda6-448372477cb0"
        ],
        "Strict-Transport-Security": [
          "max-age=31536000; includeSubDomains"
        ]
      },
      "StatusCode": 200
    },
    {
      "RequestUri": "/subscriptions/ce4a7590-4722-4bcf-a2c6-e473e9f11778/resourceGroups/res2353/providers/Microsoft.Storage/storageAccounts/sto4191?api-version=2017-10-01",
      "EncodedRequestUri": "L3N1YnNjcmlwdGlvbnMvY2U0YTc1OTAtNDcyMi00YmNmLWEyYzYtZTQ3M2U5ZjExNzc4L3Jlc291cmNlR3JvdXBzL3JlczIzNTMvcHJvdmlkZXJzL01pY3Jvc29mdC5TdG9yYWdlL3N0b3JhZ2VBY2NvdW50cy9zdG80MTkxP2FwaS12ZXJzaW9uPTIwMTctMTAtMDE=",
      "RequestMethod": "GET",
      "RequestBody": "",
      "RequestHeaders": {
        "x-ms-client-request-id": [
          "b9888b73-7d60-4985-b319-1766f8931058"
        ],
        "accept-language": [
          "en-US"
        ],
        "User-Agent": [
          "FxVersion/4.6.25211.01",
          "Microsoft.Azure.Management.Storage.StorageManagementClient/7.1.0.0"
        ]
      },
      "ResponseBody": "{\r\n  \"id\": \"/subscriptions/ce4a7590-4722-4bcf-a2c6-e473e9f11778/resourceGroups/res2353/providers/Microsoft.Storage/storageAccounts/sto4191\",\r\n  \"kind\": \"Storage\",\r\n  \"location\": \"eastus2euap\",\r\n  \"name\": \"sto4191\",\r\n  \"properties\": {\r\n    \"creationTime\": \"2017-11-17T03:36:52.9656084Z\",\r\n    \"encryption\": {\r\n      \"keySource\": \"Microsoft.Storage\",\r\n      \"services\": {\r\n        \"blob\": {\r\n          \"enabled\": true,\r\n          \"lastEnabledTime\": \"2017-11-17T03:36:52.9706079Z\"\r\n        },\r\n        \"file\": {\r\n          \"enabled\": true,\r\n          \"lastEnabledTime\": \"2017-11-17T03:36:52.9706079Z\"\r\n        }\r\n      }\r\n    },\r\n    \"networkAcls\": {\r\n      \"bypass\": \"Logging, Metrics\",\r\n      \"defaultAction\": \"Deny\",\r\n      \"ipRules\": [\r\n        {\r\n          \"action\": \"Allow\",\r\n          \"value\": \"23.45.67.91\"\r\n        },\r\n        {\r\n          \"action\": \"Allow\",\r\n          \"value\": \"23.45.67.92\"\r\n        }\r\n      ],\r\n      \"virtualNetworkRules\": []\r\n    },\r\n    \"primaryEndpoints\": {\r\n      \"blob\": \"https://sto4191.blob.core.windows.net/\",\r\n      \"file\": \"https://sto4191.file.core.windows.net/\",\r\n      \"queue\": \"https://sto4191.queue.core.windows.net/\",\r\n      \"table\": \"https://sto4191.table.core.windows.net/\"\r\n    },\r\n    \"primaryLocation\": \"eastus2euap\",\r\n    \"provisioningState\": \"Succeeded\",\r\n    \"secondaryLocation\": \"centraluseuap\",\r\n    \"statusOfPrimary\": \"available\",\r\n    \"statusOfSecondary\": \"available\",\r\n    \"supportsHttpsTrafficOnly\": false\r\n  },\r\n  \"sku\": {\r\n    \"name\": \"Standard_GRS\",\r\n    \"tier\": \"Standard\"\r\n  },\r\n  \"tags\": {\r\n    \"key1\": \"value1\",\r\n    \"key2\": \"value2\"\r\n  },\r\n  \"type\": \"Microsoft.Storage/storageAccounts\"\r\n}",
      "ResponseHeaders": {
        "Content-Type": [
          "application/json"
        ],
        "Expires": [
          "-1"
        ],
        "Cache-Control": [
          "no-cache"
        ],
        "Date": [
          "Fri, 17 Nov 2017 03:37:38 GMT"
        ],
        "Pragma": [
          "no-cache"
        ],
        "Transfer-Encoding": [
          "chunked"
        ],
        "Server": [
          "Microsoft-Azure-Storage-Resource-Provider/1.0",
          "Microsoft-HTTPAPI/2.0"
        ],
        "Vary": [
          "Accept-Encoding"
        ],
        "x-ms-request-id": [
          "62e20a03-1dd2-4c0b-81da-6b5b3dc38167"
        ],
        "x-ms-ratelimit-remaining-subscription-reads": [
          "14869"
        ],
        "x-ms-correlation-request-id": [
          "62e20a03-1dd2-4c0b-81da-6b5b3dc38167"
        ],
        "x-ms-routing-request-id": [
          "SOUTHEASTASIA:20171117T033739Z:62e20a03-1dd2-4c0b-81da-6b5b3dc38167"
        ],
        "Strict-Transport-Security": [
          "max-age=31536000; includeSubDomains"
        ]
      },
      "StatusCode": 200
    },
    {
      "RequestUri": "/subscriptions/ce4a7590-4722-4bcf-a2c6-e473e9f11778/resourceGroups/res2353/providers/Microsoft.Storage/storageAccounts/sto4191?api-version=2017-10-01",
      "EncodedRequestUri": "L3N1YnNjcmlwdGlvbnMvY2U0YTc1OTAtNDcyMi00YmNmLWEyYzYtZTQ3M2U5ZjExNzc4L3Jlc291cmNlR3JvdXBzL3JlczIzNTMvcHJvdmlkZXJzL01pY3Jvc29mdC5TdG9yYWdlL3N0b3JhZ2VBY2NvdW50cy9zdG80MTkxP2FwaS12ZXJzaW9uPTIwMTctMTAtMDE=",
      "RequestMethod": "GET",
      "RequestBody": "",
      "RequestHeaders": {
        "x-ms-client-request-id": [
          "054871d4-6cf3-48d8-b112-048631543060"
        ],
        "accept-language": [
          "en-US"
        ],
        "User-Agent": [
          "FxVersion/4.6.25211.01",
          "Microsoft.Azure.Management.Storage.StorageManagementClient/7.1.0.0"
        ]
      },
      "ResponseBody": "{\r\n  \"id\": \"/subscriptions/ce4a7590-4722-4bcf-a2c6-e473e9f11778/resourceGroups/res2353/providers/Microsoft.Storage/storageAccounts/sto4191\",\r\n  \"kind\": \"Storage\",\r\n  \"location\": \"eastus2euap\",\r\n  \"name\": \"sto4191\",\r\n  \"properties\": {\r\n    \"creationTime\": \"2017-11-17T03:36:52.9656084Z\",\r\n    \"encryption\": {\r\n      \"keySource\": \"Microsoft.Storage\",\r\n      \"services\": {\r\n        \"blob\": {\r\n          \"enabled\": true,\r\n          \"lastEnabledTime\": \"2017-11-17T03:36:52.9706079Z\"\r\n        },\r\n        \"file\": {\r\n          \"enabled\": true,\r\n          \"lastEnabledTime\": \"2017-11-17T03:36:52.9706079Z\"\r\n        }\r\n      }\r\n    },\r\n    \"networkAcls\": {\r\n      \"bypass\": \"AzureServices\",\r\n      \"defaultAction\": \"Allow\",\r\n      \"ipRules\": [],\r\n      \"virtualNetworkRules\": []\r\n    },\r\n    \"primaryEndpoints\": {\r\n      \"blob\": \"https://sto4191.blob.core.windows.net/\",\r\n      \"file\": \"https://sto4191.file.core.windows.net/\",\r\n      \"queue\": \"https://sto4191.queue.core.windows.net/\",\r\n      \"table\": \"https://sto4191.table.core.windows.net/\"\r\n    },\r\n    \"primaryLocation\": \"eastus2euap\",\r\n    \"provisioningState\": \"Succeeded\",\r\n    \"secondaryLocation\": \"centraluseuap\",\r\n    \"statusOfPrimary\": \"available\",\r\n    \"statusOfSecondary\": \"available\",\r\n    \"supportsHttpsTrafficOnly\": false\r\n  },\r\n  \"sku\": {\r\n    \"name\": \"Standard_GRS\",\r\n    \"tier\": \"Standard\"\r\n  },\r\n  \"tags\": {\r\n    \"key1\": \"value1\",\r\n    \"key2\": \"value2\"\r\n  },\r\n  \"type\": \"Microsoft.Storage/storageAccounts\"\r\n}",
      "ResponseHeaders": {
        "Content-Type": [
          "application/json"
        ],
        "Expires": [
          "-1"
        ],
        "Cache-Control": [
          "no-cache"
        ],
        "Date": [
          "Fri, 17 Nov 2017 03:37:39 GMT"
        ],
        "Pragma": [
          "no-cache"
        ],
        "Transfer-Encoding": [
          "chunked"
        ],
        "Server": [
          "Microsoft-Azure-Storage-Resource-Provider/1.0",
          "Microsoft-HTTPAPI/2.0"
        ],
        "Vary": [
          "Accept-Encoding"
        ],
        "x-ms-request-id": [
          "3dd49e8d-aef0-4ab7-9645-80bd5e6f5271"
        ],
        "x-ms-ratelimit-remaining-subscription-reads": [
          "14868"
        ],
        "x-ms-correlation-request-id": [
          "3dd49e8d-aef0-4ab7-9645-80bd5e6f5271"
        ],
        "x-ms-routing-request-id": [
          "SOUTHEASTASIA:20171117T033740Z:3dd49e8d-aef0-4ab7-9645-80bd5e6f5271"
        ],
        "Strict-Transport-Security": [
          "max-age=31536000; includeSubDomains"
        ]
      },
      "StatusCode": 200
    },
    {
      "RequestUri": "/subscriptions/ce4a7590-4722-4bcf-a2c6-e473e9f11778/resourceGroups/res2353/providers/Microsoft.Storage/storageAccounts/sto4191?api-version=2017-10-01",
      "EncodedRequestUri": "L3N1YnNjcmlwdGlvbnMvY2U0YTc1OTAtNDcyMi00YmNmLWEyYzYtZTQ3M2U5ZjExNzc4L3Jlc291cmNlR3JvdXBzL3JlczIzNTMvcHJvdmlkZXJzL01pY3Jvc29mdC5TdG9yYWdlL3N0b3JhZ2VBY2NvdW50cy9zdG80MTkxP2FwaS12ZXJzaW9uPTIwMTctMTAtMDE=",
      "RequestMethod": "PATCH",
      "RequestBody": "{\r\n  \"properties\": {\r\n    \"networkAcls\": {\r\n      \"bypass\": \"Logging, Metrics\",\r\n      \"ipRules\": [\r\n        {\r\n          \"value\": \"23.45.67.91\",\r\n          \"action\": \"Allow\"\r\n        },\r\n        {\r\n          \"value\": \"23.45.67.92\"\r\n        }\r\n      ],\r\n      \"defaultAction\": \"Deny\"\r\n    }\r\n  }\r\n}",
      "RequestHeaders": {
        "Content-Type": [
          "application/json; charset=utf-8"
        ],
        "Content-Length": [
          "298"
        ],
        "x-ms-client-request-id": [
          "007bce26-2d4e-4577-98bc-a4036281d93b"
        ],
        "accept-language": [
          "en-US"
        ],
        "User-Agent": [
          "FxVersion/4.6.25211.01",
          "Microsoft.Azure.Management.Storage.StorageManagementClient/7.1.0.0"
        ]
      },
      "ResponseBody": "{\r\n  \"id\": \"/subscriptions/ce4a7590-4722-4bcf-a2c6-e473e9f11778/resourceGroups/res2353/providers/Microsoft.Storage/storageAccounts/sto4191\",\r\n  \"kind\": \"Storage\",\r\n  \"location\": \"eastus2euap\",\r\n  \"name\": \"sto4191\",\r\n  \"properties\": {\r\n    \"creationTime\": \"2017-11-17T03:36:52.9656084Z\",\r\n    \"encryption\": {\r\n      \"keySource\": \"Microsoft.Storage\",\r\n      \"services\": {\r\n        \"blob\": {\r\n          \"enabled\": true,\r\n          \"lastEnabledTime\": \"2017-11-17T03:36:52.9706079Z\"\r\n        },\r\n        \"file\": {\r\n          \"enabled\": true,\r\n          \"lastEnabledTime\": \"2017-11-17T03:36:52.9706079Z\"\r\n        }\r\n      }\r\n    },\r\n    \"networkAcls\": {\r\n      \"bypass\": \"Logging, Metrics\",\r\n      \"defaultAction\": \"Deny\",\r\n      \"ipRules\": [\r\n        {\r\n          \"action\": \"Allow\",\r\n          \"value\": \"23.45.67.91\"\r\n        },\r\n        {\r\n          \"action\": \"Allow\",\r\n          \"value\": \"23.45.67.92\"\r\n        }\r\n      ],\r\n      \"virtualNetworkRules\": []\r\n    },\r\n    \"primaryEndpoints\": {\r\n      \"blob\": \"https://sto4191.blob.core.windows.net/\",\r\n      \"file\": \"https://sto4191.file.core.windows.net/\",\r\n      \"queue\": \"https://sto4191.queue.core.windows.net/\",\r\n      \"table\": \"https://sto4191.table.core.windows.net/\"\r\n    },\r\n    \"primaryLocation\": \"eastus2euap\",\r\n    \"provisioningState\": \"Succeeded\",\r\n    \"secondaryLocation\": \"centraluseuap\",\r\n    \"statusOfPrimary\": \"available\",\r\n    \"statusOfSecondary\": \"available\",\r\n    \"supportsHttpsTrafficOnly\": false\r\n  },\r\n  \"sku\": {\r\n    \"name\": \"Standard_GRS\",\r\n    \"tier\": \"Standard\"\r\n  },\r\n  \"tags\": {\r\n    \"key1\": \"value1\",\r\n    \"key2\": \"value2\"\r\n  },\r\n  \"type\": \"Microsoft.Storage/storageAccounts\"\r\n}",
      "ResponseHeaders": {
        "Content-Type": [
          "application/json"
        ],
        "Expires": [
          "-1"
        ],
        "Cache-Control": [
          "no-cache"
        ],
        "Date": [
          "Fri, 17 Nov 2017 03:37:38 GMT"
        ],
        "Pragma": [
          "no-cache"
        ],
        "Transfer-Encoding": [
          "chunked"
        ],
        "Server": [
          "Microsoft-Azure-Storage-Resource-Provider/1.0",
          "Microsoft-HTTPAPI/2.0"
        ],
        "Vary": [
          "Accept-Encoding"
        ],
        "x-ms-request-id": [
          "e5b96114-3d9d-4e63-8cad-0c6ed674487d"
        ],
        "x-ms-ratelimit-remaining-subscription-writes": [
          "1178"
        ],
        "x-ms-correlation-request-id": [
          "e5b96114-3d9d-4e63-8cad-0c6ed674487d"
        ],
        "x-ms-routing-request-id": [
          "SOUTHEASTASIA:20171117T033738Z:e5b96114-3d9d-4e63-8cad-0c6ed674487d"
        ],
        "Strict-Transport-Security": [
          "max-age=31536000; includeSubDomains"
        ]
      },
      "StatusCode": 200
    },
    {
      "RequestUri": "/subscriptions/ce4a7590-4722-4bcf-a2c6-e473e9f11778/resourceGroups/res2353/providers/Microsoft.Storage/storageAccounts/sto4191?api-version=2017-10-01",
      "EncodedRequestUri": "L3N1YnNjcmlwdGlvbnMvY2U0YTc1OTAtNDcyMi00YmNmLWEyYzYtZTQ3M2U5ZjExNzc4L3Jlc291cmNlR3JvdXBzL3JlczIzNTMvcHJvdmlkZXJzL01pY3Jvc29mdC5TdG9yYWdlL3N0b3JhZ2VBY2NvdW50cy9zdG80MTkxP2FwaS12ZXJzaW9uPTIwMTctMTAtMDE=",
      "RequestMethod": "PATCH",
      "RequestBody": "{\r\n  \"properties\": {\r\n    \"networkAcls\": {\r\n      \"defaultAction\": \"Allow\"\r\n    }\r\n  }\r\n}",
      "RequestHeaders": {
        "Content-Type": [
          "application/json; charset=utf-8"
        ],
        "Content-Length": [
          "89"
        ],
        "x-ms-client-request-id": [
          "3d5cc310-5856-4da2-bd90-c0ea1f55207a"
        ],
        "accept-language": [
          "en-US"
        ],
        "User-Agent": [
          "FxVersion/4.6.25211.01",
          "Microsoft.Azure.Management.Storage.StorageManagementClient/7.1.0.0"
        ]
      },
      "ResponseBody": "{\r\n  \"id\": \"/subscriptions/ce4a7590-4722-4bcf-a2c6-e473e9f11778/resourceGroups/res2353/providers/Microsoft.Storage/storageAccounts/sto4191\",\r\n  \"kind\": \"Storage\",\r\n  \"location\": \"eastus2euap\",\r\n  \"name\": \"sto4191\",\r\n  \"properties\": {\r\n    \"creationTime\": \"2017-11-17T03:36:52.9656084Z\",\r\n    \"encryption\": {\r\n      \"keySource\": \"Microsoft.Storage\",\r\n      \"services\": {\r\n        \"blob\": {\r\n          \"enabled\": true,\r\n          \"lastEnabledTime\": \"2017-11-17T03:36:52.9706079Z\"\r\n        },\r\n        \"file\": {\r\n          \"enabled\": true,\r\n          \"lastEnabledTime\": \"2017-11-17T03:36:52.9706079Z\"\r\n        }\r\n      }\r\n    },\r\n    \"networkAcls\": {\r\n      \"bypass\": \"AzureServices\",\r\n      \"defaultAction\": \"Allow\",\r\n      \"ipRules\": [],\r\n      \"virtualNetworkRules\": []\r\n    },\r\n    \"primaryEndpoints\": {\r\n      \"blob\": \"https://sto4191.blob.core.windows.net/\",\r\n      \"file\": \"https://sto4191.file.core.windows.net/\",\r\n      \"queue\": \"https://sto4191.queue.core.windows.net/\",\r\n      \"table\": \"https://sto4191.table.core.windows.net/\"\r\n    },\r\n    \"primaryLocation\": \"eastus2euap\",\r\n    \"provisioningState\": \"Succeeded\",\r\n    \"secondaryLocation\": \"centraluseuap\",\r\n    \"statusOfPrimary\": \"available\",\r\n    \"statusOfSecondary\": \"available\",\r\n    \"supportsHttpsTrafficOnly\": false\r\n  },\r\n  \"sku\": {\r\n    \"name\": \"Standard_GRS\",\r\n    \"tier\": \"Standard\"\r\n  },\r\n  \"tags\": {\r\n    \"key1\": \"value1\",\r\n    \"key2\": \"value2\"\r\n  },\r\n  \"type\": \"Microsoft.Storage/storageAccounts\"\r\n}",
      "ResponseHeaders": {
        "Content-Type": [
          "application/json"
        ],
        "Expires": [
          "-1"
        ],
        "Cache-Control": [
          "no-cache"
        ],
        "Date": [
          "Fri, 17 Nov 2017 03:37:39 GMT"
        ],
        "Pragma": [
          "no-cache"
        ],
        "Transfer-Encoding": [
          "chunked"
        ],
        "Server": [
          "Microsoft-Azure-Storage-Resource-Provider/1.0",
          "Microsoft-HTTPAPI/2.0"
        ],
        "Vary": [
          "Accept-Encoding"
        ],
        "x-ms-request-id": [
          "37b06c3a-8730-49ff-8847-ae4fca486a5c"
        ],
        "x-ms-ratelimit-remaining-subscription-writes": [
          "1177"
        ],
        "x-ms-correlation-request-id": [
          "37b06c3a-8730-49ff-8847-ae4fca486a5c"
        ],
        "x-ms-routing-request-id": [
          "SOUTHEASTASIA:20171117T033739Z:37b06c3a-8730-49ff-8847-ae4fca486a5c"
        ],
        "Strict-Transport-Security": [
          "max-age=31536000; includeSubDomains"
        ]
      },
      "StatusCode": 200
    }
  ],
  "Names": {
    "CreateResourceGroup": [
      "res2353"
    ],
    "StorageAccountVnetACLTest": [
      "sto4191"
    ]
  },
  "Variables": {
    "SubscriptionId": "ce4a7590-4722-4bcf-a2c6-e473e9f11778"
  }
}