{
  "Entries": [
    {
      "RequestUri": "/subscriptions/45b60d85-fd72-427a-a708-f994d26e593e/resourcegroups/res588?api-version=2015-11-01",
      "EncodedRequestUri": "L3N1YnNjcmlwdGlvbnMvNDViNjBkODUtZmQ3Mi00MjdhLWE3MDgtZjk5NGQyNmU1OTNlL3Jlc291cmNlZ3JvdXBzL3JlczU4OD9hcGktdmVyc2lvbj0yMDE1LTExLTAx",
      "RequestMethod": "PUT",
      "RequestBody": "{\r\n  \"location\": \"eastus2\"\r\n}",
      "RequestHeaders": {
        "Content-Type": [
          "application/json; charset=utf-8"
        ],
        "Content-Length": [
          "29"
        ],
        "x-ms-client-request-id": [
          "f5e57d8b-03e1-4cc7-9fb4-852ca35e8df7"
        ],
        "accept-language": [
          "en-US"
        ],
        "User-Agent": [
          "FxVersion/4.6.25009.03",
          "Microsoft.Azure.Management.Resources.ResourceManagementClient/1.1.0-preview"
        ]
      },
      "ResponseBody": "{\r\n  \"id\": \"/subscriptions/45b60d85-fd72-427a-a708-f994d26e593e/resourceGroups/res588\",\r\n  \"name\": \"res588\",\r\n  \"location\": \"eastus2\",\r\n  \"properties\": {\r\n    \"provisioningState\": \"Succeeded\"\r\n  }\r\n}",
      "ResponseHeaders": {
        "Content-Length": [
          "166"
        ],
        "Content-Type": [
          "application/json; charset=utf-8"
        ],
        "Expires": [
          "-1"
        ],
        "Cache-Control": [
          "no-cache"
        ],
        "Date": [
          "Fri, 28 Apr 2017 06:48:14 GMT"
        ],
        "Pragma": [
          "no-cache"
        ],
        "x-ms-ratelimit-remaining-subscription-writes": [
          "1186"
        ],
        "x-ms-request-id": [
          "9f61e55a-3a8b-4517-85fa-26b7d47064ae"
        ],
        "x-ms-correlation-request-id": [
          "9f61e55a-3a8b-4517-85fa-26b7d47064ae"
        ],
        "x-ms-routing-request-id": [
          "JAPANEAST:20170428T064814Z:9f61e55a-3a8b-4517-85fa-26b7d47064ae"
        ],
        "Strict-Transport-Security": [
          "max-age=31536000; includeSubDomains"
        ]
      },
      "StatusCode": 201
    },
    {
      "RequestUri": "/subscriptions/45b60d85-fd72-427a-a708-f994d26e593e/resourceGroups/res588/providers/Microsoft.Storage/storageAccounts/sto2722?api-version=2017-06-01",
      "EncodedRequestUri": "L3N1YnNjcmlwdGlvbnMvNDViNjBkODUtZmQ3Mi00MjdhLWE3MDgtZjk5NGQyNmU1OTNlL3Jlc291cmNlR3JvdXBzL3JlczU4OC9wcm92aWRlcnMvTWljcm9zb2Z0LlN0b3JhZ2Uvc3RvcmFnZUFjY291bnRzL3N0bzI3MjI/YXBpLXZlcnNpb249MjAxNy0wNi0wMQ==",
      "RequestMethod": "PUT",
      "RequestBody": "{\r\n  \"sku\": {\r\n    \"name\": \"Standard_GRS\"\r\n  },\r\n  \"kind\": \"Storage\",\r\n  \"location\": \"eastus2\",\r\n  \"tags\": {\r\n    \"key1\": \"value1\",\r\n    \"key2\": \"value2\"\r\n  }\r\n}",
      "RequestHeaders": {
        "Content-Type": [
          "application/json; charset=utf-8"
        ],
        "Content-Length": [
          "161"
        ],
        "x-ms-client-request-id": [
          "6397ab09-b3c6-481b-b273-e0b4f819e689"
        ],
        "accept-language": [
          "en-US"
        ],
        "User-Agent": [
          "FxVersion/4.6.25009.03",
          "Microsoft.Azure.Management.Storage.StorageManagementClient/6.3.1-preview"
        ]
      },
      "ResponseBody": "",
      "ResponseHeaders": {
        "Content-Length": [
          "0"
        ],
        "Expires": [
          "-1"
        ],
        "Cache-Control": [
          "no-cache"
        ],
        "Date": [
          "Fri, 28 Apr 2017 06:48:17 GMT"
        ],
        "Pragma": [
          "no-cache"
        ],
        "Location": [
          "https://management.azure.com/subscriptions/45b60d85-fd72-427a-a708-f994d26e593e/providers/Microsoft.Storage/operations/f92016d4-406f-4d9a-8133-7f437d710481?monitor=true&api-version=2017-06-01"
        ],
        "Retry-After": [
          "17"
        ],
        "Server": [
          "Microsoft-Azure-Storage-Resource-Provider/1.0",
          "Microsoft-HTTPAPI/2.0"
        ],
        "x-ms-ratelimit-remaining-subscription-writes": [
          "1185"
        ],
        "x-ms-request-id": [
          "17ee7afc-ecb9-4e1f-9126-a2d589b71e0e"
        ],
        "x-ms-correlation-request-id": [
          "17ee7afc-ecb9-4e1f-9126-a2d589b71e0e"
        ],
        "x-ms-routing-request-id": [
          "JAPANEAST:20170428T064817Z:17ee7afc-ecb9-4e1f-9126-a2d589b71e0e"
        ],
        "Strict-Transport-Security": [
          "max-age=31536000; includeSubDomains"
        ]
      },
      "StatusCode": 202
    },
    {
      "RequestUri": "/subscriptions/45b60d85-fd72-427a-a708-f994d26e593e/providers/Microsoft.Storage/operations/f92016d4-406f-4d9a-8133-7f437d710481?monitor=true&api-version=2017-06-01",
      "EncodedRequestUri": "L3N1YnNjcmlwdGlvbnMvNDViNjBkODUtZmQ3Mi00MjdhLWE3MDgtZjk5NGQyNmU1OTNlL3Byb3ZpZGVycy9NaWNyb3NvZnQuU3RvcmFnZS9vcGVyYXRpb25zL2Y5MjAxNmQ0LTQwNmYtNGQ5YS04MTMzLTdmNDM3ZDcxMDQ4MT9tb25pdG9yPXRydWUmYXBpLXZlcnNpb249MjAxNy0wNi0wMQ==",
      "RequestMethod": "GET",
      "RequestBody": "",
      "RequestHeaders": {
        "User-Agent": [
          "FxVersion/4.6.25009.03",
          "Microsoft.Azure.Management.Storage.StorageManagementClient/6.3.1-preview"
        ]
      },
      "ResponseBody": "{\r\n  \"id\": \"/subscriptions/45b60d85-fd72-427a-a708-f994d26e593e/resourceGroups/res588/providers/Microsoft.Storage/storageAccounts/sto2722\",\r\n  \"kind\": \"Storage\",\r\n  \"location\": \"eastus2\",\r\n  \"name\": \"sto2722\",\r\n  \"properties\": {\r\n    \"creationTime\": \"2017-04-28T06:48:16.7214915Z\",\r\n    \"primaryEndpoints\": {\r\n      \"blob\": \"https://sto2722.blob.core.windows.net/\",\r\n      \"file\": \"https://sto2722.file.core.windows.net/\",\r\n      \"queue\": \"https://sto2722.queue.core.windows.net/\",\r\n      \"table\": \"https://sto2722.table.core.windows.net/\"\r\n    },\r\n    \"primaryLocation\": \"eastus2\",\r\n    \"provisioningState\": \"Succeeded\",\r\n    \"secondaryLocation\": \"centralus\",\r\n    \"statusOfPrimary\": \"available\",\r\n    \"statusOfSecondary\": \"available\",\r\n    \"supportsHttpsTrafficOnly\": false\r\n  },\r\n  \"sku\": {\r\n    \"name\": \"Standard_GRS\",\r\n    \"tier\": \"Standard\"\r\n  },\r\n  \"tags\": {\r\n    \"key1\": \"value1\",\r\n    \"key2\": \"value2\"\r\n  },\r\n  \"type\": \"Microsoft.Storage/storageAccounts\"\r\n}",
      "ResponseHeaders": {
        "Content-Type": [
          "application/json"
        ],
        "Expires": [
          "-1"
        ],
        "Cache-Control": [
          "no-cache"
        ],
        "Date": [
          "Fri, 28 Apr 2017 06:48:47 GMT"
        ],
        "Pragma": [
          "no-cache"
        ],
        "Transfer-Encoding": [
          "chunked"
        ],
        "Server": [
          "Microsoft-Azure-Storage-Resource-Provider/1.0",
          "Microsoft-HTTPAPI/2.0"
        ],
        "Vary": [
          "Accept-Encoding"
        ],
        "x-ms-request-id": [
          "300fd98d-ab1d-4ebf-b563-a6ee594854aa"
        ],
        "x-ms-ratelimit-remaining-subscription-reads": [
          "14989"
        ],
        "x-ms-correlation-request-id": [
          "300fd98d-ab1d-4ebf-b563-a6ee594854aa"
        ],
        "x-ms-routing-request-id": [
          "JAPANEAST:20170428T064847Z:300fd98d-ab1d-4ebf-b563-a6ee594854aa"
        ],
        "Strict-Transport-Security": [
          "max-age=31536000; includeSubDomains"
        ]
      },
      "StatusCode": 200
    },
    {
      "RequestUri": "/subscriptions/45b60d85-fd72-427a-a708-f994d26e593e/resourceGroups/res588/providers/Microsoft.Storage/storageAccounts/sto2722?api-version=2017-06-01",
      "EncodedRequestUri": "L3N1YnNjcmlwdGlvbnMvNDViNjBkODUtZmQ3Mi00MjdhLWE3MDgtZjk5NGQyNmU1OTNlL3Jlc291cmNlR3JvdXBzL3JlczU4OC9wcm92aWRlcnMvTWljcm9zb2Z0LlN0b3JhZ2Uvc3RvcmFnZUFjY291bnRzL3N0bzI3MjI/YXBpLXZlcnNpb249MjAxNy0wNi0wMQ==",
      "RequestMethod": "PATCH",
      "RequestBody": "{\r\n  \"sku\": {\r\n    \"name\": \"Standard_LRS\"\r\n  }\r\n}",
      "RequestHeaders": {
        "Content-Type": [
          "application/json; charset=utf-8"
        ],
        "Content-Length": [
          "49"
        ],
        "x-ms-client-request-id": [
          "9af25afa-7a04-4ae2-a6fb-ae04581fc37f"
        ],
        "accept-language": [
          "en-US"
        ],
        "User-Agent": [
          "FxVersion/4.6.25009.03",
          "Microsoft.Azure.Management.Storage.StorageManagementClient/6.3.1-preview"
        ]
      },
      "ResponseBody": "{\r\n  \"id\": \"/subscriptions/45b60d85-fd72-427a-a708-f994d26e593e/resourceGroups/res588/providers/Microsoft.Storage/storageAccounts/sto2722\",\r\n  \"kind\": \"Storage\",\r\n  \"location\": \"eastus2\",\r\n  \"name\": \"sto2722\",\r\n  \"properties\": {\r\n    \"creationTime\": \"2017-04-28T06:48:16.7214915Z\",\r\n    \"primaryEndpoints\": {\r\n      \"blob\": \"https://sto2722.blob.core.windows.net/\",\r\n      \"file\": \"https://sto2722.file.core.windows.net/\",\r\n      \"queue\": \"https://sto2722.queue.core.windows.net/\",\r\n      \"table\": \"https://sto2722.table.core.windows.net/\"\r\n    },\r\n    \"primaryLocation\": \"eastus2\",\r\n    \"provisioningState\": \"Succeeded\",\r\n    \"statusOfPrimary\": \"available\",\r\n    \"supportsHttpsTrafficOnly\": false\r\n  },\r\n  \"sku\": {\r\n    \"name\": \"Standard_LRS\",\r\n    \"tier\": \"Standard\"\r\n  },\r\n  \"tags\": {\r\n    \"key1\": \"value1\",\r\n    \"key2\": \"value2\"\r\n  },\r\n  \"type\": \"Microsoft.Storage/storageAccounts\"\r\n}",
      "ResponseHeaders": {
        "Content-Type": [
          "application/json"
        ],
        "Expires": [
          "-1"
        ],
        "Cache-Control": [
          "no-cache"
        ],
        "Date": [
          "Fri, 28 Apr 2017 06:48:49 GMT"
        ],
        "Pragma": [
          "no-cache"
        ],
        "Transfer-Encoding": [
          "chunked"
        ],
        "Server": [
          "Microsoft-Azure-Storage-Resource-Provider/1.0",
          "Microsoft-HTTPAPI/2.0"
        ],
        "Vary": [
          "Accept-Encoding"
        ],
        "x-ms-request-id": [
          "77445b1b-b98e-47c1-a7d8-4688a1584581"
        ],
        "x-ms-ratelimit-remaining-subscription-writes": [
          "1184"
        ],
        "x-ms-correlation-request-id": [
          "77445b1b-b98e-47c1-a7d8-4688a1584581"
        ],
        "x-ms-routing-request-id": [
          "JAPANEAST:20170428T064849Z:77445b1b-b98e-47c1-a7d8-4688a1584581"
        ],
        "Strict-Transport-Security": [
          "max-age=31536000; includeSubDomains"
        ]
      },
      "StatusCode": 200
    },
    {
      "RequestUri": "/subscriptions/45b60d85-fd72-427a-a708-f994d26e593e/resourceGroups/res588/providers/Microsoft.Storage/storageAccounts/sto2722?api-version=2017-06-01",
      "EncodedRequestUri": "L3N1YnNjcmlwdGlvbnMvNDViNjBkODUtZmQ3Mi00MjdhLWE3MDgtZjk5NGQyNmU1OTNlL3Jlc291cmNlR3JvdXBzL3JlczU4OC9wcm92aWRlcnMvTWljcm9zb2Z0LlN0b3JhZ2Uvc3RvcmFnZUFjY291bnRzL3N0bzI3MjI/YXBpLXZlcnNpb249MjAxNy0wNi0wMQ==",
      "RequestMethod": "PATCH",
      "RequestBody": "{\r\n  \"tags\": {\r\n    \"key3\": \"value3\",\r\n    \"key4\": \"value4\",\r\n    \"key5\": \"value6\"\r\n  }\r\n}",
      "RequestHeaders": {
        "Content-Type": [
          "application/json; charset=utf-8"
        ],
        "Content-Length": [
          "90"
        ],
        "x-ms-client-request-id": [
          "c915e5fe-9b6f-4e96-9a8f-3fc3be0fec81"
        ],
        "accept-language": [
          "en-US"
        ],
        "User-Agent": [
          "FxVersion/4.6.25009.03",
          "Microsoft.Azure.Management.Storage.StorageManagementClient/6.3.1-preview"
        ]
      },
      "ResponseBody": "{\r\n  \"id\": \"/subscriptions/45b60d85-fd72-427a-a708-f994d26e593e/resourceGroups/res588/providers/Microsoft.Storage/storageAccounts/sto2722\",\r\n  \"kind\": \"Storage\",\r\n  \"location\": \"eastus2\",\r\n  \"name\": \"sto2722\",\r\n  \"properties\": {\r\n    \"creationTime\": \"2017-04-28T06:48:16.7214915Z\",\r\n    \"primaryEndpoints\": {\r\n      \"blob\": \"https://sto2722.blob.core.windows.net/\",\r\n      \"file\": \"https://sto2722.file.core.windows.net/\",\r\n      \"queue\": \"https://sto2722.queue.core.windows.net/\",\r\n      \"table\": \"https://sto2722.table.core.windows.net/\"\r\n    },\r\n    \"primaryLocation\": \"eastus2\",\r\n    \"provisioningState\": \"Succeeded\",\r\n    \"statusOfPrimary\": \"available\",\r\n    \"supportsHttpsTrafficOnly\": false\r\n  },\r\n  \"sku\": {\r\n    \"name\": \"Standard_LRS\",\r\n    \"tier\": \"Standard\"\r\n  },\r\n  \"tags\": {\r\n    \"key3\": \"value3\",\r\n    \"key4\": \"value4\",\r\n    \"key5\": \"value6\"\r\n  },\r\n  \"type\": \"Microsoft.Storage/storageAccounts\"\r\n}",
      "ResponseHeaders": {
        "Content-Type": [
          "application/json"
        ],
        "Expires": [
          "-1"
        ],
        "Cache-Control": [
          "no-cache"
        ],
        "Date": [
          "Fri, 28 Apr 2017 06:48:50 GMT"
        ],
        "Pragma": [
          "no-cache"
        ],
        "Transfer-Encoding": [
          "chunked"
        ],
        "Server": [
          "Microsoft-Azure-Storage-Resource-Provider/1.0",
          "Microsoft-HTTPAPI/2.0"
        ],
        "Vary": [
          "Accept-Encoding"
        ],
        "x-ms-request-id": [
          "bc8ea56c-95ca-414b-8b5b-44decda71455"
        ],
        "x-ms-ratelimit-remaining-subscription-writes": [
          "1183"
        ],
        "x-ms-correlation-request-id": [
          "bc8ea56c-95ca-414b-8b5b-44decda71455"
        ],
        "x-ms-routing-request-id": [
          "JAPANEAST:20170428T064851Z:bc8ea56c-95ca-414b-8b5b-44decda71455"
        ],
        "Strict-Transport-Security": [
          "max-age=31536000; includeSubDomains"
        ]
      },
      "StatusCode": 200
    },
    {
      "RequestUri": "/subscriptions/45b60d85-fd72-427a-a708-f994d26e593e/resourceGroups/res588/providers/Microsoft.Storage/storageAccounts/sto2722?api-version=2017-06-01",
      "EncodedRequestUri": "L3N1YnNjcmlwdGlvbnMvNDViNjBkODUtZmQ3Mi00MjdhLWE3MDgtZjk5NGQyNmU1OTNlL3Jlc291cmNlR3JvdXBzL3JlczU4OC9wcm92aWRlcnMvTWljcm9zb2Z0LlN0b3JhZ2Uvc3RvcmFnZUFjY291bnRzL3N0bzI3MjI/YXBpLXZlcnNpb249MjAxNy0wNi0wMQ==",
      "RequestMethod": "PATCH",
      "RequestBody": "{\r\n  \"properties\": {\r\n    \"encryption\": {\r\n      \"services\": {\r\n        \"blob\": {\r\n          \"enabled\": true\r\n        },\r\n        \"file\": {\r\n          \"enabled\": true\r\n        }\r\n      },\r\n      \"keySource\": \"Microsoft.Storage\"\r\n    }\r\n  }\r\n}",
      "RequestHeaders": {
        "Content-Type": [
          "application/json; charset=utf-8"
        ],
        "Content-Length": [
          "242"
        ],
        "x-ms-client-request-id": [
          "20af0472-d850-4490-a1d5-af1ec26cb28e"
        ],
        "accept-language": [
          "en-US"
        ],
        "User-Agent": [
          "FxVersion/4.6.25009.03",
          "Microsoft.Azure.Management.Storage.StorageManagementClient/6.3.1-preview"
        ]
      },
      "ResponseBody": "{\r\n  \"id\": \"/subscriptions/45b60d85-fd72-427a-a708-f994d26e593e/resourceGroups/res588/providers/Microsoft.Storage/storageAccounts/sto2722\",\r\n  \"kind\": \"Storage\",\r\n  \"location\": \"eastus2\",\r\n  \"name\": \"sto2722\",\r\n  \"properties\": {\r\n    \"creationTime\": \"2017-04-28T06:48:16.7214915Z\",\r\n    \"encryption\": {\r\n      \"keySource\": \"Microsoft.Storage\",\r\n      \"services\": {\r\n        \"blob\": {\r\n          \"enabled\": true,\r\n          \"lastEnabledTime\": \"2017-04-28T06:48:51.8110432Z\"\r\n        },\r\n        \"file\": {\r\n          \"enabled\": true,\r\n          \"lastEnabledTime\": \"2017-04-28T06:48:51.8110432Z\"\r\n        }\r\n      }\r\n    },\r\n    \"primaryEndpoints\": {\r\n      \"blob\": \"https://sto2722.blob.core.windows.net/\",\r\n      \"file\": \"https://sto2722.file.core.windows.net/\",\r\n      \"queue\": \"https://sto2722.queue.core.windows.net/\",\r\n      \"table\": \"https://sto2722.table.core.windows.net/\"\r\n    },\r\n    \"primaryLocation\": \"eastus2\",\r\n    \"provisioningState\": \"Succeeded\",\r\n    \"statusOfPrimary\": \"available\",\r\n    \"supportsHttpsTrafficOnly\": false\r\n  },\r\n  \"sku\": {\r\n    \"name\": \"Standard_LRS\",\r\n    \"tier\": \"Standard\"\r\n  },\r\n  \"tags\": {\r\n    \"key3\": \"value3\",\r\n    \"key4\": \"value4\",\r\n    \"key5\": \"value6\"\r\n  },\r\n  \"type\": \"Microsoft.Storage/storageAccounts\"\r\n}",
      "ResponseHeaders": {
        "Content-Type": [
          "application/json"
        ],
        "Expires": [
          "-1"
        ],
        "Cache-Control": [
          "no-cache"
        ],
        "Date": [
          "Fri, 28 Apr 2017 06:48:51 GMT"
        ],
        "Pragma": [
          "no-cache"
        ],
        "Transfer-Encoding": [
          "chunked"
        ],
        "Server": [
          "Microsoft-Azure-Storage-Resource-Provider/1.0",
          "Microsoft-HTTPAPI/2.0"
        ],
        "Vary": [
          "Accept-Encoding"
        ],
        "x-ms-request-id": [
          "40c4190f-b2fe-46e6-a338-ccd8f552eae5"
        ],
        "x-ms-ratelimit-remaining-subscription-writes": [
          "1182"
        ],
        "x-ms-correlation-request-id": [
          "40c4190f-b2fe-46e6-a338-ccd8f552eae5"
        ],
        "x-ms-routing-request-id": [
          "JAPANEAST:20170428T064852Z:40c4190f-b2fe-46e6-a338-ccd8f552eae5"
        ],
        "Strict-Transport-Security": [
          "max-age=31536000; includeSubDomains"
        ]
      },
      "StatusCode": 200
    },
    {
      "RequestUri": "/subscriptions/45b60d85-fd72-427a-a708-f994d26e593e/resourceGroups/res588/providers/Microsoft.Storage/storageAccounts/sto2722?api-version=2017-06-01",
      "EncodedRequestUri": "L3N1YnNjcmlwdGlvbnMvNDViNjBkODUtZmQ3Mi00MjdhLWE3MDgtZjk5NGQyNmU1OTNlL3Jlc291cmNlR3JvdXBzL3JlczU4OC9wcm92aWRlcnMvTWljcm9zb2Z0LlN0b3JhZ2Uvc3RvcmFnZUFjY291bnRzL3N0bzI3MjI/YXBpLXZlcnNpb249MjAxNy0wNi0wMQ==",
      "RequestMethod": "PATCH",
      "RequestBody": "{\r\n  \"properties\": {\r\n    \"customDomain\": {\r\n      \"name\": \"foo.example.com\",\r\n      \"useSubDomain\": true\r\n    }\r\n  }\r\n}",
      "RequestHeaders": {
        "Content-Type": [
          "application/json; charset=utf-8"
        ],
        "Content-Length": [
          "120"
        ],
        "x-ms-client-request-id": [
          "0f9b6cef-4705-49ac-8f8f-046e39114a46"
        ],
        "accept-language": [
          "en-US"
        ],
        "User-Agent": [
          "FxVersion/4.6.25009.03",
          "Microsoft.Azure.Management.Storage.StorageManagementClient/6.3.1-preview"
        ]
      },
      "ResponseBody": "{\r\n  \"error\": {\r\n    \"code\": \"StorageDomainNameCouldNotVerify\",\r\n    \"message\": \"The custom domain name could not be verified. CNAME mapping from foo.example.com to sto2722.blob.core.windows.net does not exist.\"\r\n  }\r\n}",
      "ResponseHeaders": {
        "Content-Length": [
          "194"
        ],
        "Content-Type": [
          "application/json"
        ],
        "Expires": [
          "-1"
        ],
        "Cache-Control": [
          "no-cache"
        ],
        "Date": [
          "Fri, 28 Apr 2017 06:48:52 GMT"
        ],
        "Pragma": [
          "no-cache"
        ],
        "Server": [
          "Microsoft-Azure-Storage-Resource-Provider/1.0",
          "Microsoft-HTTPAPI/2.0"
        ],
        "x-ms-request-id": [
          "87683dbe-b77f-45b9-9d7e-e21b14e4c4f5"
        ],
        "x-ms-ratelimit-remaining-subscription-writes": [
          "1181"
        ],
        "x-ms-correlation-request-id": [
          "87683dbe-b77f-45b9-9d7e-e21b14e4c4f5"
        ],
        "x-ms-routing-request-id": [
          "JAPANEAST:20170428T064852Z:87683dbe-b77f-45b9-9d7e-e21b14e4c4f5"
        ],
        "Strict-Transport-Security": [
          "max-age=31536000; includeSubDomains"
        ]
      },
      "StatusCode": 409
    },
    {
      "RequestUri": "/subscriptions/45b60d85-fd72-427a-a708-f994d26e593e/resourceGroups/res588/providers/Microsoft.Storage/storageAccounts/sto2722?api-version=2017-06-01",
      "EncodedRequestUri": "L3N1YnNjcmlwdGlvbnMvNDViNjBkODUtZmQ3Mi00MjdhLWE3MDgtZjk5NGQyNmU1OTNlL3Jlc291cmNlR3JvdXBzL3JlczU4OC9wcm92aWRlcnMvTWljcm9zb2Z0LlN0b3JhZ2Uvc3RvcmFnZUFjY291bnRzL3N0bzI3MjI/YXBpLXZlcnNpb249MjAxNy0wNi0wMQ==",
      "RequestMethod": "GET",
      "RequestBody": "",
      "RequestHeaders": {
        "x-ms-client-request-id": [
          "9d9dec4d-c9cd-49fb-9695-243677ac94ae"
        ],
        "accept-language": [
          "en-US"
        ],
        "User-Agent": [
          "FxVersion/4.6.25009.03",
          "Microsoft.Azure.Management.Storage.StorageManagementClient/6.3.1-preview"
        ]
      },
      "ResponseBody": "{\r\n  \"id\": \"/subscriptions/45b60d85-fd72-427a-a708-f994d26e593e/resourceGroups/res588/providers/Microsoft.Storage/storageAccounts/sto2722\",\r\n  \"kind\": \"Storage\",\r\n  \"location\": \"eastus2\",\r\n  \"name\": \"sto2722\",\r\n  \"properties\": {\r\n    \"creationTime\": \"2017-04-28T06:48:16.7214915Z\",\r\n    \"primaryEndpoints\": {\r\n      \"blob\": \"https://sto2722.blob.core.windows.net/\",\r\n      \"file\": \"https://sto2722.file.core.windows.net/\",\r\n      \"queue\": \"https://sto2722.queue.core.windows.net/\",\r\n      \"table\": \"https://sto2722.table.core.windows.net/\"\r\n    },\r\n    \"primaryLocation\": \"eastus2\",\r\n    \"provisioningState\": \"Succeeded\",\r\n    \"statusOfPrimary\": \"available\",\r\n    \"supportsHttpsTrafficOnly\": false\r\n  },\r\n  \"sku\": {\r\n    \"name\": \"Standard_LRS\",\r\n    \"tier\": \"Standard\"\r\n  },\r\n  \"tags\": {\r\n    \"key1\": \"value1\",\r\n    \"key2\": \"value2\"\r\n  },\r\n  \"type\": \"Microsoft.Storage/storageAccounts\"\r\n}",
      "ResponseHeaders": {
        "Content-Type": [
          "application/json"
        ],
        "Expires": [
          "-1"
        ],
        "Cache-Control": [
          "no-cache"
        ],
        "Date": [
          "Fri, 28 Apr 2017 06:48:49 GMT"
        ],
        "Pragma": [
          "no-cache"
        ],
        "Transfer-Encoding": [
          "chunked"
        ],
        "Server": [
          "Microsoft-Azure-Storage-Resource-Provider/1.0",
          "Microsoft-HTTPAPI/2.0"
        ],
        "Vary": [
          "Accept-Encoding"
        ],
        "x-ms-request-id": [
          "b84cace5-5924-4e39-a576-e99e8f914dd6"
        ],
        "x-ms-ratelimit-remaining-subscription-reads": [
          "14988"
        ],
        "x-ms-correlation-request-id": [
          "b84cace5-5924-4e39-a576-e99e8f914dd6"
        ],
        "x-ms-routing-request-id": [
          "JAPANEAST:20170428T064849Z:b84cace5-5924-4e39-a576-e99e8f914dd6"
        ],
        "Strict-Transport-Security": [
          "max-age=31536000; includeSubDomains"
        ]
      },
      "StatusCode": 200
    },
    {
      "RequestUri": "/subscriptions/45b60d85-fd72-427a-a708-f994d26e593e/resourceGroups/res588/providers/Microsoft.Storage/storageAccounts/sto2722?api-version=2017-06-01",
      "EncodedRequestUri": "L3N1YnNjcmlwdGlvbnMvNDViNjBkODUtZmQ3Mi00MjdhLWE3MDgtZjk5NGQyNmU1OTNlL3Jlc291cmNlR3JvdXBzL3JlczU4OC9wcm92aWRlcnMvTWljcm9zb2Z0LlN0b3JhZ2Uvc3RvcmFnZUFjY291bnRzL3N0bzI3MjI/YXBpLXZlcnNpb249MjAxNy0wNi0wMQ==",
      "RequestMethod": "GET",
      "RequestBody": "",
      "RequestHeaders": {
        "x-ms-client-request-id": [
          "d2936c66-7517-4050-8557-e8d002f69d10"
        ],
        "accept-language": [
          "en-US"
        ],
        "User-Agent": [
          "FxVersion/4.6.25009.03",
          "Microsoft.Azure.Management.Storage.StorageManagementClient/6.3.1-preview"
        ]
      },
      "ResponseBody": "{\r\n  \"id\": \"/subscriptions/45b60d85-fd72-427a-a708-f994d26e593e/resourceGroups/res588/providers/Microsoft.Storage/storageAccounts/sto2722\",\r\n  \"kind\": \"Storage\",\r\n  \"location\": \"eastus2\",\r\n  \"name\": \"sto2722\",\r\n  \"properties\": {\r\n    \"creationTime\": \"2017-04-28T06:48:16.7214915Z\",\r\n    \"primaryEndpoints\": {\r\n      \"blob\": \"https://sto2722.blob.core.windows.net/\",\r\n      \"file\": \"https://sto2722.file.core.windows.net/\",\r\n      \"queue\": \"https://sto2722.queue.core.windows.net/\",\r\n      \"table\": \"https://sto2722.table.core.windows.net/\"\r\n    },\r\n    \"primaryLocation\": \"eastus2\",\r\n    \"provisioningState\": \"Succeeded\",\r\n    \"statusOfPrimary\": \"available\",\r\n    \"supportsHttpsTrafficOnly\": false\r\n  },\r\n  \"sku\": {\r\n    \"name\": \"Standard_LRS\",\r\n    \"tier\": \"Standard\"\r\n  },\r\n  \"tags\": {\r\n    \"key3\": \"value3\",\r\n    \"key4\": \"value4\",\r\n    \"key5\": \"value6\"\r\n  },\r\n  \"type\": \"Microsoft.Storage/storageAccounts\"\r\n}",
      "ResponseHeaders": {
        "Content-Type": [
          "application/json"
        ],
        "Expires": [
          "-1"
        ],
        "Cache-Control": [
          "no-cache"
        ],
        "Date": [
          "Fri, 28 Apr 2017 06:48:51 GMT"
        ],
        "Pragma": [
          "no-cache"
        ],
        "Transfer-Encoding": [
          "chunked"
        ],
        "Server": [
          "Microsoft-Azure-Storage-Resource-Provider/1.0",
          "Microsoft-HTTPAPI/2.0"
        ],
        "Vary": [
          "Accept-Encoding"
        ],
        "x-ms-request-id": [
          "ba6b79e7-dea5-4323-bd4d-df621812201a"
        ],
        "x-ms-ratelimit-remaining-subscription-reads": [
          "14987"
        ],
        "x-ms-correlation-request-id": [
          "ba6b79e7-dea5-4323-bd4d-df621812201a"
        ],
        "x-ms-routing-request-id": [
          "JAPANEAST:20170428T064851Z:ba6b79e7-dea5-4323-bd4d-df621812201a"
        ],
        "Strict-Transport-Security": [
          "max-age=31536000; includeSubDomains"
        ]
      },
      "StatusCode": 200
    },
    {
      "RequestUri": "/subscriptions/45b60d85-fd72-427a-a708-f994d26e593e/resourceGroups/res588/providers/Microsoft.Storage/storageAccounts/sto2722?api-version=2017-06-01",
      "EncodedRequestUri": "L3N1YnNjcmlwdGlvbnMvNDViNjBkODUtZmQ3Mi00MjdhLWE3MDgtZjk5NGQyNmU1OTNlL3Jlc291cmNlR3JvdXBzL3JlczU4OC9wcm92aWRlcnMvTWljcm9zb2Z0LlN0b3JhZ2Uvc3RvcmFnZUFjY291bnRzL3N0bzI3MjI/YXBpLXZlcnNpb249MjAxNy0wNi0wMQ==",
      "RequestMethod": "GET",
      "RequestBody": "",
      "RequestHeaders": {
        "x-ms-client-request-id": [
          "24e880b5-65fc-4821-a42f-ecca472aac50"
        ],
        "accept-language": [
          "en-US"
        ],
        "User-Agent": [
          "FxVersion/4.6.25009.03",
          "Microsoft.Azure.Management.Storage.StorageManagementClient/6.3.1-preview"
        ]
      },
      "ResponseBody": "{\r\n  \"id\": \"/subscriptions/45b60d85-fd72-427a-a708-f994d26e593e/resourceGroups/res588/providers/Microsoft.Storage/storageAccounts/sto2722\",\r\n  \"kind\": \"Storage\",\r\n  \"location\": \"eastus2\",\r\n  \"name\": \"sto2722\",\r\n  \"properties\": {\r\n    \"creationTime\": \"2017-04-28T06:48:16.7214915Z\",\r\n    \"encryption\": {\r\n      \"keySource\": \"Microsoft.Storage\",\r\n      \"services\": {\r\n        \"blob\": {\r\n          \"enabled\": true,\r\n          \"lastEnabledTime\": \"2017-04-28T06:48:51.8110432Z\"\r\n        },\r\n        \"file\": {\r\n          \"enabled\": true,\r\n          \"lastEnabledTime\": \"2017-04-28T06:48:51.8110432Z\"\r\n        }\r\n      }\r\n    },\r\n    \"primaryEndpoints\": {\r\n      \"blob\": \"https://sto2722.blob.core.windows.net/\",\r\n      \"file\": \"https://sto2722.file.core.windows.net/\",\r\n      \"queue\": \"https://sto2722.queue.core.windows.net/\",\r\n      \"table\": \"https://sto2722.table.core.windows.net/\"\r\n    },\r\n    \"primaryLocation\": \"eastus2\",\r\n    \"provisioningState\": \"Succeeded\",\r\n    \"statusOfPrimary\": \"available\",\r\n    \"supportsHttpsTrafficOnly\": false\r\n  },\r\n  \"sku\": {\r\n    \"name\": \"Standard_LRS\",\r\n    \"tier\": \"Standard\"\r\n  },\r\n  \"tags\": {\r\n    \"key3\": \"value3\",\r\n    \"key4\": \"value4\",\r\n    \"key5\": \"value6\"\r\n  },\r\n  \"type\": \"Microsoft.Storage/storageAccounts\"\r\n}",
      "ResponseHeaders": {
        "Content-Type": [
          "application/json"
        ],
        "Expires": [
          "-1"
        ],
        "Cache-Control": [
          "no-cache"
        ],
        "Date": [
          "Fri, 28 Apr 2017 06:48:51 GMT"
        ],
        "Pragma": [
          "no-cache"
        ],
        "Transfer-Encoding": [
          "chunked"
        ],
        "Server": [
          "Microsoft-Azure-Storage-Resource-Provider/1.0",
          "Microsoft-HTTPAPI/2.0"
        ],
        "Vary": [
          "Accept-Encoding"
        ],
        "x-ms-request-id": [
          "3dcdb606-7fb8-435a-b5d4-d52a5567dcb7"
        ],
        "x-ms-ratelimit-remaining-subscription-reads": [
          "14986"
        ],
        "x-ms-correlation-request-id": [
          "3dcdb606-7fb8-435a-b5d4-d52a5567dcb7"
        ],
        "x-ms-routing-request-id": [
          "JAPANEAST:20170428T064852Z:3dcdb606-7fb8-435a-b5d4-d52a5567dcb7"
        ],
        "Strict-Transport-Security": [
          "max-age=31536000; includeSubDomains"
        ]
      },
      "StatusCode": 200
    }
  ],
  "Names": {
    "CreateResourceGroup": [
      "res588"
    ],
    "CreateStorageAccount": [
      "sto2722"
    ]
  },
  "Variables": {
    "SubscriptionId": "45b60d85-fd72-427a-a708-f994d26e593e"
  }
}