{
  "Entries": [
    {
      "RequestUri": "/subscriptions/45b60d85-fd72-427a-a708-f994d26e593e/resourcegroups/res694?api-version=2015-11-01",
      "EncodedRequestUri": "L3N1YnNjcmlwdGlvbnMvNDViNjBkODUtZmQ3Mi00MjdhLWE3MDgtZjk5NGQyNmU1OTNlL3Jlc291cmNlZ3JvdXBzL3JlczY5ND9hcGktdmVyc2lvbj0yMDE1LTExLTAx",
      "RequestMethod": "PUT",
      "RequestBody": "{\r\n  \"location\": \"eastus2\"\r\n}",
      "RequestHeaders": {
        "Content-Type": [
          "application/json; charset=utf-8"
        ],
        "Content-Length": [
          "29"
        ],
        "x-ms-client-request-id": [
          "e9625b49-1f0b-4d0e-9e59-22fde2de9bce"
        ],
        "accept-language": [
          "en-US"
        ],
        "User-Agent": [
          "FxVersion/4.6.25815.04",
          "Microsoft.Azure.Management.Resources.ResourceManagementClient/1.0.0.0"
        ]
      },
      "ResponseBody": "{\r\n  \"id\": \"/subscriptions/45b60d85-fd72-427a-a708-f994d26e593e/resourceGroups/res694\",\r\n  \"name\": \"res694\",\r\n  \"location\": \"eastus2\",\r\n  \"properties\": {\r\n    \"provisioningState\": \"Succeeded\"\r\n  }\r\n}",
      "ResponseHeaders": {
        "Content-Length": [
          "166"
        ],
        "Content-Type": [
          "application/json; charset=utf-8"
        ],
        "Expires": [
          "-1"
        ],
        "Cache-Control": [
          "no-cache"
        ],
        "Date": [
          "Fri, 13 Apr 2018 06:20:54 GMT"
        ],
        "Pragma": [
          "no-cache"
        ],
        "x-ms-ratelimit-remaining-subscription-writes": [
          "1199"
        ],
        "x-ms-request-id": [
          "4d8b2f90-b42c-4a4e-a985-cd93725355cb"
        ],
        "x-ms-correlation-request-id": [
          "4d8b2f90-b42c-4a4e-a985-cd93725355cb"
        ],
        "x-ms-routing-request-id": [
          "SOUTHEASTASIA:20180413T062054Z:4d8b2f90-b42c-4a4e-a985-cd93725355cb"
        ],
        "Strict-Transport-Security": [
          "max-age=31536000; includeSubDomains"
        ],
        "X-Content-Type-Options": [
          "nosniff"
        ]
      },
      "StatusCode": 201
    },
    {
      "RequestUri": "/subscriptions/45b60d85-fd72-427a-a708-f994d26e593e/resourceGroups/res694/providers/Microsoft.Storage/storageAccounts/sto5492?api-version=2018-03-01-preview",
      "EncodedRequestUri": "L3N1YnNjcmlwdGlvbnMvNDViNjBkODUtZmQ3Mi00MjdhLWE3MDgtZjk5NGQyNmU1OTNlL3Jlc291cmNlR3JvdXBzL3JlczY5NC9wcm92aWRlcnMvTWljcm9zb2Z0LlN0b3JhZ2Uvc3RvcmFnZUFjY291bnRzL3N0bzU0OTI/YXBpLXZlcnNpb249MjAxOC0wMy0wMS1wcmV2aWV3",
      "RequestMethod": "PUT",
      "RequestBody": "{\r\n  \"sku\": {\r\n    \"name\": \"Standard_GRS\"\r\n  },\r\n  \"kind\": \"Storage\",\r\n  \"location\": \"eastus2(stage)\",\r\n  \"tags\": {\r\n    \"key1\": \"value1\",\r\n    \"key2\": \"value2\"\r\n  }\r\n}",
      "RequestHeaders": {
        "Content-Type": [
          "application/json; charset=utf-8"
        ],
        "Content-Length": [
          "168"
        ],
        "x-ms-client-request-id": [
          "42393a17-0929-401e-92ee-15f7e676cc97"
        ],
        "accept-language": [
          "en-US"
        ],
        "User-Agent": [
          "FxVersion/4.6.25815.04",
          "Microsoft.Azure.Management.Storage.StorageManagementClient/7.2.1.1"
        ]
      },
      "ResponseBody": "",
      "ResponseHeaders": {
        "Content-Length": [
          "0"
        ],
        "Content-Type": [
          "text/plain; charset=utf-8"
        ],
        "Expires": [
          "-1"
        ],
        "Cache-Control": [
          "no-cache"
        ],
        "Date": [
          "Fri, 13 Apr 2018 06:20:58 GMT"
        ],
        "Pragma": [
          "no-cache"
        ],
        "Location": [
          "https://management.azure.com/subscriptions/45b60d85-fd72-427a-a708-f994d26e593e/providers/Microsoft.Storage/locations/eastus2(stage)/asyncoperations/5b133edc-5384-40a6-99d9-d39d409cb684?monitor=true&api-version=2018-03-01-preview"
        ],
        "Retry-After": [
          "17"
        ],
        "Server": [
          "Microsoft-Azure-Storage-Resource-Provider/1.0,Microsoft-HTTPAPI/2.0 Microsoft-HTTPAPI/2.0"
        ],
        "x-ms-request-id": [
          "5b133edc-5384-40a6-99d9-d39d409cb684"
        ],
        "Strict-Transport-Security": [
          "max-age=31536000; includeSubDomains"
        ],
        "x-ms-ratelimit-remaining-subscription-writes": [
          "1198"
        ],
        "x-ms-correlation-request-id": [
          "c85f2739-673d-4044-924e-5f110f73168a"
        ],
        "x-ms-routing-request-id": [
          "SOUTHEASTASIA:20180413T062058Z:c85f2739-673d-4044-924e-5f110f73168a"
        ],
        "X-Content-Type-Options": [
          "nosniff"
        ]
      },
      "StatusCode": 202
    },
    {
      "RequestUri": "/subscriptions/45b60d85-fd72-427a-a708-f994d26e593e/resourceGroups/res694/providers/Microsoft.Storage/storageAccounts/sto5492?api-version=2018-03-01-preview",
      "EncodedRequestUri": "L3N1YnNjcmlwdGlvbnMvNDViNjBkODUtZmQ3Mi00MjdhLWE3MDgtZjk5NGQyNmU1OTNlL3Jlc291cmNlR3JvdXBzL3JlczY5NC9wcm92aWRlcnMvTWljcm9zb2Z0LlN0b3JhZ2Uvc3RvcmFnZUFjY291bnRzL3N0bzU0OTI/YXBpLXZlcnNpb249MjAxOC0wMy0wMS1wcmV2aWV3",
      "RequestMethod": "PUT",
      "RequestBody": "{\r\n  \"sku\": {\r\n    \"name\": \"Standard_GRS\"\r\n  },\r\n  \"kind\": \"Storage\",\r\n  \"location\": \"eastus2(stage)\",\r\n  \"tags\": {\r\n    \"key1\": \"value1\",\r\n    \"key2\": \"value2\"\r\n  }\r\n}",
      "RequestHeaders": {
        "Content-Type": [
          "application/json; charset=utf-8"
        ],
        "Content-Length": [
          "168"
        ],
        "x-ms-client-request-id": [
          "45dbbf48-b057-4eaa-a15a-580252f89685"
        ],
        "accept-language": [
          "en-US"
        ],
        "User-Agent": [
          "FxVersion/4.6.25815.04",
          "Microsoft.Azure.Management.Storage.StorageManagementClient/7.2.1.1"
        ]
      },
      "ResponseBody": "{\r\n  \"sku\": {\r\n    \"name\": \"Standard_GRS\",\r\n    \"tier\": \"Standard\"\r\n  },\r\n  \"kind\": \"Storage\",\r\n  \"id\": \"/subscriptions/45b60d85-fd72-427a-a708-f994d26e593e/resourceGroups/res694/providers/Microsoft.Storage/storageAccounts/sto5492\",\r\n  \"name\": \"sto5492\",\r\n  \"type\": \"Microsoft.Storage/storageAccounts\",\r\n  \"location\": \"eastus2(stage)\",\r\n  \"tags\": {\r\n    \"key1\": \"value1\",\r\n    \"key2\": \"value2\"\r\n  },\r\n  \"properties\": {\r\n    \"networkAcls\": {\r\n      \"bypass\": \"AzureServices\",\r\n      \"virtualNetworkRules\": [],\r\n      \"ipRules\": [],\r\n      \"defaultAction\": \"Allow\"\r\n    },\r\n    \"trustedDirectories\": [\r\n      \"72f988bf-86f1-41af-91ab-2d7cd011db47\"\r\n    ],\r\n    \"supportsHttpsTrafficOnly\": false,\r\n    \"encryption\": {\r\n      \"services\": {\r\n        \"file\": {\r\n          \"enabled\": true,\r\n          \"lastEnabledTime\": \"2018-04-13T06:20:58.1649689Z\"\r\n        },\r\n        \"blob\": {\r\n          \"enabled\": true,\r\n          \"lastEnabledTime\": \"2018-04-13T06:20:58.1649689Z\"\r\n        }\r\n      },\r\n      \"keySource\": \"Microsoft.Storage\"\r\n    },\r\n    \"provisioningState\": \"Succeeded\",\r\n    \"creationTime\": \"2018-04-13T06:20:58.1024632Z\",\r\n    \"primaryEndpoints\": {\r\n      \"web\": \"https://sto5492.web.core.windows.net/\",\r\n      \"blob\": \"https://sto5492.blob.core.windows.net/\",\r\n      \"queue\": \"https://sto5492.queue.core.windows.net/\",\r\n      \"table\": \"https://sto5492.table.core.windows.net/\",\r\n      \"file\": \"https://sto5492.file.core.windows.net/\"\r\n    },\r\n    \"primaryLocation\": \"eastus2(stage)\",\r\n    \"statusOfPrimary\": \"available\",\r\n    \"secondaryLocation\": \"northcentralus(stage)\",\r\n    \"statusOfSecondary\": \"available\"\r\n  }\r\n}",
      "ResponseHeaders": {
        "Content-Type": [
          "application/json"
        ],
        "Expires": [
          "-1"
        ],
        "Cache-Control": [
          "no-cache"
        ],
        "Date": [
          "Fri, 13 Apr 2018 06:21:18 GMT"
        ],
        "Pragma": [
          "no-cache"
        ],
        "Transfer-Encoding": [
          "chunked"
        ],
        "Server": [
          "Microsoft-Azure-Storage-Resource-Provider/1.0,Microsoft-HTTPAPI/2.0 Microsoft-HTTPAPI/2.0"
        ],
        "Vary": [
          "Accept-Encoding"
        ],
        "x-ms-request-id": [
          "9ef1f12d-d54f-4296-8464-f0ba1f3fd551"
        ],
        "Strict-Transport-Security": [
          "max-age=31536000; includeSubDomains"
        ],
        "x-ms-ratelimit-remaining-subscription-writes": [
          "1197"
        ],
        "x-ms-correlation-request-id": [
          "a03aa0e3-29d8-4d52-a3e0-acc14839c1ed"
        ],
        "x-ms-routing-request-id": [
          "SOUTHEASTASIA:20180413T062118Z:a03aa0e3-29d8-4d52-a3e0-acc14839c1ed"
        ],
        "X-Content-Type-Options": [
          "nosniff"
        ]
      },
      "StatusCode": 200
    },
    {
      "RequestUri": "/subscriptions/45b60d85-fd72-427a-a708-f994d26e593e/providers/Microsoft.Storage/locations/eastus2(stage)/asyncoperations/5b133edc-5384-40a6-99d9-d39d409cb684?monitor=true&api-version=2018-03-01-preview",
      "EncodedRequestUri": "L3N1YnNjcmlwdGlvbnMvNDViNjBkODUtZmQ3Mi00MjdhLWE3MDgtZjk5NGQyNmU1OTNlL3Byb3ZpZGVycy9NaWNyb3NvZnQuU3RvcmFnZS9sb2NhdGlvbnMvZWFzdHVzMihzdGFnZSkvYXN5bmNvcGVyYXRpb25zLzViMTMzZWRjLTUzODQtNDBhNi05OWQ5LWQzOWQ0MDljYjY4ND9tb25pdG9yPXRydWUmYXBpLXZlcnNpb249MjAxOC0wMy0wMS1wcmV2aWV3",
      "RequestMethod": "GET",
      "RequestBody": "",
      "RequestHeaders": {
        "User-Agent": [
          "FxVersion/4.6.25815.04",
          "Microsoft.Azure.Management.Storage.StorageManagementClient/7.2.1.1"
        ]
      },
      "ResponseBody": "{\r\n  \"sku\": {\r\n    \"name\": \"Standard_GRS\",\r\n    \"tier\": \"Standard\"\r\n  },\r\n  \"kind\": \"Storage\",\r\n  \"id\": \"/subscriptions/45b60d85-fd72-427a-a708-f994d26e593e/resourceGroups/res694/providers/Microsoft.Storage/storageAccounts/sto5492\",\r\n  \"name\": \"sto5492\",\r\n  \"type\": \"Microsoft.Storage/storageAccounts\",\r\n  \"location\": \"eastus2(stage)\",\r\n  \"tags\": {\r\n    \"key1\": \"value1\",\r\n    \"key2\": \"value2\"\r\n  },\r\n  \"properties\": {\r\n    \"networkAcls\": {\r\n      \"bypass\": \"AzureServices\",\r\n      \"virtualNetworkRules\": [],\r\n      \"ipRules\": [],\r\n      \"defaultAction\": \"Allow\"\r\n    },\r\n    \"trustedDirectories\": [\r\n      \"72f988bf-86f1-41af-91ab-2d7cd011db47\"\r\n    ],\r\n    \"supportsHttpsTrafficOnly\": false,\r\n    \"encryption\": {\r\n      \"services\": {\r\n        \"file\": {\r\n          \"enabled\": true,\r\n          \"lastEnabledTime\": \"2018-04-13T06:20:58.1649689Z\"\r\n        },\r\n        \"blob\": {\r\n          \"enabled\": true,\r\n          \"lastEnabledTime\": \"2018-04-13T06:20:58.1649689Z\"\r\n        }\r\n      },\r\n      \"keySource\": \"Microsoft.Storage\"\r\n    },\r\n    \"provisioningState\": \"Succeeded\",\r\n    \"creationTime\": \"2018-04-13T06:20:58.1024632Z\",\r\n    \"primaryEndpoints\": {\r\n      \"web\": \"https://sto5492.web.core.windows.net/\",\r\n      \"blob\": \"https://sto5492.blob.core.windows.net/\",\r\n      \"queue\": \"https://sto5492.queue.core.windows.net/\",\r\n      \"table\": \"https://sto5492.table.core.windows.net/\",\r\n      \"file\": \"https://sto5492.file.core.windows.net/\"\r\n    },\r\n    \"primaryLocation\": \"eastus2(stage)\",\r\n    \"statusOfPrimary\": \"available\",\r\n    \"secondaryLocation\": \"northcentralus(stage)\",\r\n    \"statusOfSecondary\": \"available\"\r\n  }\r\n}",
      "ResponseHeaders": {
        "Content-Type": [
          "application/json"
        ],
        "Expires": [
          "-1"
        ],
        "Cache-Control": [
          "no-cache"
        ],
        "Date": [
          "Fri, 13 Apr 2018 06:21:15 GMT"
        ],
        "Pragma": [
          "no-cache"
        ],
        "Transfer-Encoding": [
          "chunked"
        ],
        "Server": [
          "Microsoft-Azure-Storage-Resource-Provider/1.0,Microsoft-HTTPAPI/2.0 Microsoft-HTTPAPI/2.0"
        ],
        "Vary": [
          "Accept-Encoding"
        ],
        "x-ms-request-id": [
          "351b7a4e-81d8-4ab5-a8dc-e0e4c64f0217"
        ],
        "Strict-Transport-Security": [
          "max-age=31536000; includeSubDomains"
        ],
        "x-ms-ratelimit-remaining-subscription-reads": [
          "14981"
        ],
        "x-ms-correlation-request-id": [
          "437d42b9-f90f-4315-8e09-a5fa43e04972"
        ],
        "x-ms-routing-request-id": [
          "SOUTHEASTASIA:20180413T062116Z:437d42b9-f90f-4315-8e09-a5fa43e04972"
        ],
        "X-Content-Type-Options": [
          "nosniff"
        ]
      },
      "StatusCode": 200
    },
    {
      "RequestUri": "/subscriptions/45b60d85-fd72-427a-a708-f994d26e593e/resourceGroups/res694/providers/Microsoft.Storage/storageAccounts/sto9240?api-version=2018-03-01-preview",
      "EncodedRequestUri": "L3N1YnNjcmlwdGlvbnMvNDViNjBkODUtZmQ3Mi00MjdhLWE3MDgtZjk5NGQyNmU1OTNlL3Jlc291cmNlR3JvdXBzL3JlczY5NC9wcm92aWRlcnMvTWljcm9zb2Z0LlN0b3JhZ2Uvc3RvcmFnZUFjY291bnRzL3N0bzkyNDA/YXBpLXZlcnNpb249MjAxOC0wMy0wMS1wcmV2aWV3",
      "RequestMethod": "PUT",
      "RequestBody": "{\r\n  \"sku\": {\r\n    \"name\": \"Standard_GRS\"\r\n  },\r\n  \"kind\": \"Storage\",\r\n  \"location\": \"eastus2(stage)\"\r\n}",
      "RequestHeaders": {
        "Content-Type": [
          "application/json; charset=utf-8"
        ],
        "Content-Length": [
          "104"
        ],
        "x-ms-client-request-id": [
          "512d9497-78fd-4b80-8d54-744d8cb2f830"
        ],
        "accept-language": [
          "en-US"
        ],
        "User-Agent": [
          "FxVersion/4.6.25815.04",
          "Microsoft.Azure.Management.Storage.StorageManagementClient/7.2.1.1"
        ]
      },
      "ResponseBody": "",
      "ResponseHeaders": {
        "Content-Length": [
          "0"
        ],
        "Content-Type": [
          "text/plain; charset=utf-8"
        ],
        "Expires": [
          "-1"
        ],
        "Cache-Control": [
          "no-cache"
        ],
        "Date": [
          "Fri, 13 Apr 2018 06:21:20 GMT"
        ],
        "Pragma": [
          "no-cache"
        ],
        "Location": [
          "https://management.azure.com/subscriptions/45b60d85-fd72-427a-a708-f994d26e593e/providers/Microsoft.Storage/locations/eastus2(stage)/asyncoperations/c70ba1aa-47d6-4913-a7dc-42c69bdc2e33?monitor=true&api-version=2018-03-01-preview"
        ],
        "Retry-After": [
          "17"
        ],
        "Server": [
          "Microsoft-Azure-Storage-Resource-Provider/1.0,Microsoft-HTTPAPI/2.0 Microsoft-HTTPAPI/2.0"
        ],
        "x-ms-request-id": [
          "c70ba1aa-47d6-4913-a7dc-42c69bdc2e33"
        ],
        "Strict-Transport-Security": [
          "max-age=31536000; includeSubDomains"
        ],
        "x-ms-ratelimit-remaining-subscription-writes": [
          "1196"
        ],
        "x-ms-correlation-request-id": [
          "ed7bf1ef-cea9-43af-b3c8-459ba5dd9613"
        ],
        "x-ms-routing-request-id": [
          "SOUTHEASTASIA:20180413T062120Z:ed7bf1ef-cea9-43af-b3c8-459ba5dd9613"
        ],
        "X-Content-Type-Options": [
          "nosniff"
        ]
      },
      "StatusCode": 202
    },
    {
      "RequestUri": "/subscriptions/45b60d85-fd72-427a-a708-f994d26e593e/providers/Microsoft.Storage/locations/eastus2(stage)/asyncoperations/c70ba1aa-47d6-4913-a7dc-42c69bdc2e33?monitor=true&api-version=2018-03-01-preview",
      "EncodedRequestUri": "L3N1YnNjcmlwdGlvbnMvNDViNjBkODUtZmQ3Mi00MjdhLWE3MDgtZjk5NGQyNmU1OTNlL3Byb3ZpZGVycy9NaWNyb3NvZnQuU3RvcmFnZS9sb2NhdGlvbnMvZWFzdHVzMihzdGFnZSkvYXN5bmNvcGVyYXRpb25zL2M3MGJhMWFhLTQ3ZDYtNDkxMy1hN2RjLTQyYzY5YmRjMmUzMz9tb25pdG9yPXRydWUmYXBpLXZlcnNpb249MjAxOC0wMy0wMS1wcmV2aWV3",
      "RequestMethod": "GET",
      "RequestBody": "",
      "RequestHeaders": {
        "User-Agent": [
          "FxVersion/4.6.25815.04",
          "Microsoft.Azure.Management.Storage.StorageManagementClient/7.2.1.1"
        ]
      },
      "ResponseBody": "{\r\n  \"sku\": {\r\n    \"name\": \"Standard_GRS\",\r\n    \"tier\": \"Standard\"\r\n  },\r\n  \"kind\": \"Storage\",\r\n  \"id\": \"/subscriptions/45b60d85-fd72-427a-a708-f994d26e593e/resourceGroups/res694/providers/Microsoft.Storage/storageAccounts/sto9240\",\r\n  \"name\": \"sto9240\",\r\n  \"type\": \"Microsoft.Storage/storageAccounts\",\r\n  \"location\": \"eastus2(stage)\",\r\n  \"tags\": {},\r\n  \"properties\": {\r\n    \"networkAcls\": {\r\n      \"bypass\": \"AzureServices\",\r\n      \"virtualNetworkRules\": [],\r\n      \"ipRules\": [],\r\n      \"defaultAction\": \"Allow\"\r\n    },\r\n    \"trustedDirectories\": [\r\n      \"72f988bf-86f1-41af-91ab-2d7cd011db47\"\r\n    ],\r\n    \"supportsHttpsTrafficOnly\": false,\r\n    \"encryption\": {\r\n      \"services\": {\r\n        \"file\": {\r\n          \"enabled\": true,\r\n          \"lastEnabledTime\": \"2018-04-13T06:21:20.5379102Z\"\r\n        },\r\n        \"blob\": {\r\n          \"enabled\": true,\r\n          \"lastEnabledTime\": \"2018-04-13T06:21:20.5379102Z\"\r\n        }\r\n      },\r\n      \"keySource\": \"Microsoft.Storage\"\r\n    },\r\n    \"provisioningState\": \"Succeeded\",\r\n    \"creationTime\": \"2018-04-13T06:21:20.4754101Z\",\r\n    \"primaryEndpoints\": {\r\n      \"web\": \"https://sto9240.web.core.windows.net/\",\r\n      \"blob\": \"https://sto9240.blob.core.windows.net/\",\r\n      \"queue\": \"https://sto9240.queue.core.windows.net/\",\r\n      \"table\": \"https://sto9240.table.core.windows.net/\",\r\n      \"file\": \"https://sto9240.file.core.windows.net/\"\r\n    },\r\n    \"primaryLocation\": \"eastus2(stage)\",\r\n    \"statusOfPrimary\": \"available\",\r\n    \"secondaryLocation\": \"northcentralus(stage)\",\r\n    \"statusOfSecondary\": \"available\"\r\n  }\r\n}",
      "ResponseHeaders": {
        "Content-Type": [
          "application/json"
        ],
        "Expires": [
          "-1"
        ],
        "Cache-Control": [
          "no-cache"
        ],
        "Date": [
          "Fri, 13 Apr 2018 06:21:37 GMT"
        ],
        "Pragma": [
          "no-cache"
        ],
        "Transfer-Encoding": [
          "chunked"
        ],
        "Server": [
          "Microsoft-Azure-Storage-Resource-Provider/1.0,Microsoft-HTTPAPI/2.0 Microsoft-HTTPAPI/2.0"
        ],
        "Vary": [
          "Accept-Encoding"
        ],
        "x-ms-request-id": [
          "4eb5de63-943e-4833-a410-2ded2ed190f3"
        ],
        "Strict-Transport-Security": [
          "max-age=31536000; includeSubDomains"
        ],
        "x-ms-ratelimit-remaining-subscription-reads": [
          "14980"
        ],
        "x-ms-correlation-request-id": [
          "4a77988a-8240-4bf7-87d7-a09cbd205051"
        ],
        "x-ms-routing-request-id": [
          "SOUTHEASTASIA:20180413T062138Z:4a77988a-8240-4bf7-87d7-a09cbd205051"
        ],
        "X-Content-Type-Options": [
          "nosniff"
        ]
      },
      "StatusCode": 200
    }
  ],
  "Names": {
    "CreateResourceGroup": [
      "res694"
    ],
    "StorageAccountCreateTest": [
      "sto5492",
      "sto9240"
    ]
  },
  "Variables": {
    "SubscriptionId": "45b60d85-fd72-427a-a708-f994d26e593e"
  }
}