{
  "Entries": [
    {
      "RequestUri": "/subscriptions/45b60d85-fd72-427a-a708-f994d26e593e/resourcegroups/res4669?api-version=2015-11-01",
      "EncodedRequestUri": "L3N1YnNjcmlwdGlvbnMvNDViNjBkODUtZmQ3Mi00MjdhLWE3MDgtZjk5NGQyNmU1OTNlL3Jlc291cmNlZ3JvdXBzL3JlczQ2Njk/YXBpLXZlcnNpb249MjAxNS0xMS0wMQ==",
      "RequestMethod": "PUT",
      "RequestBody": "{\r\n  \"location\": \"eastus2\"\r\n}",
      "RequestHeaders": {
        "Content-Type": [
          "application/json; charset=utf-8"
        ],
        "Content-Length": [
          "29"
        ],
        "x-ms-client-request-id": [
          "caf395a5-936f-4ee9-9864-d11a0878facf"
        ],
        "accept-language": [
          "en-US"
        ],
        "User-Agent": [
          "FxVersion/4.6.25815.04",
          "Microsoft.Azure.Management.Resources.ResourceManagementClient/1.0.0.0"
        ]
      },
      "ResponseBody": "{\r\n  \"id\": \"/subscriptions/45b60d85-fd72-427a-a708-f994d26e593e/resourceGroups/res4669\",\r\n  \"name\": \"res4669\",\r\n  \"location\": \"eastus2\",\r\n  \"properties\": {\r\n    \"provisioningState\": \"Succeeded\"\r\n  }\r\n}",
      "ResponseHeaders": {
        "Content-Length": [
          "168"
        ],
        "Content-Type": [
          "application/json; charset=utf-8"
        ],
        "Expires": [
          "-1"
        ],
        "Cache-Control": [
          "no-cache"
        ],
        "Date": [
          "Fri, 13 Apr 2018 06:35:11 GMT"
        ],
        "Pragma": [
          "no-cache"
        ],
        "x-ms-ratelimit-remaining-subscription-writes": [
          "1192"
        ],
        "x-ms-request-id": [
          "965d9c29-2958-4016-96a6-9839835ffdd7"
        ],
        "x-ms-correlation-request-id": [
          "965d9c29-2958-4016-96a6-9839835ffdd7"
        ],
        "x-ms-routing-request-id": [
          "SOUTHEASTASIA:20180413T063511Z:965d9c29-2958-4016-96a6-9839835ffdd7"
        ],
        "Strict-Transport-Security": [
          "max-age=31536000; includeSubDomains"
        ],
        "X-Content-Type-Options": [
          "nosniff"
        ]
      },
      "StatusCode": 201
    },
    {
      "RequestUri": "/subscriptions/45b60d85-fd72-427a-a708-f994d26e593e/resourceGroups/res4669/providers/Microsoft.Storage/storageAccounts?api-version=2018-03-01-preview",
      "EncodedRequestUri": "L3N1YnNjcmlwdGlvbnMvNDViNjBkODUtZmQ3Mi00MjdhLWE3MDgtZjk5NGQyNmU1OTNlL3Jlc291cmNlR3JvdXBzL3JlczQ2NjkvcHJvdmlkZXJzL01pY3Jvc29mdC5TdG9yYWdlL3N0b3JhZ2VBY2NvdW50cz9hcGktdmVyc2lvbj0yMDE4LTAzLTAxLXByZXZpZXc=",
      "RequestMethod": "GET",
      "RequestBody": "",
      "RequestHeaders": {
        "x-ms-client-request-id": [
          "60a7af36-e98a-4bb4-9e1c-5eb98d153490"
        ],
        "accept-language": [
          "en-US"
        ],
        "User-Agent": [
          "FxVersion/4.6.25815.04",
          "Microsoft.Azure.Management.Storage.StorageManagementClient/7.2.1.1"
        ]
      },
      "ResponseBody": "{\r\n  \"value\": []\r\n}",
      "ResponseHeaders": {
        "Content-Type": [
          "application/json; charset=utf-8"
        ],
        "Expires": [
          "-1"
        ],
        "Cache-Control": [
          "no-cache"
        ],
        "Date": [
          "Fri, 13 Apr 2018 06:35:11 GMT"
        ],
        "Pragma": [
          "no-cache"
        ],
        "Vary": [
          "Accept-Encoding"
        ],
        "x-ms-ratelimit-remaining-subscription-reads": [
          "14979"
        ],
        "x-ms-request-id": [
          "8c546610-a492-4009-b5cd-176d6640f210"
        ],
        "x-ms-correlation-request-id": [
          "8c546610-a492-4009-b5cd-176d6640f210"
        ],
        "x-ms-routing-request-id": [
          "SOUTHEASTASIA:20180413T063511Z:8c546610-a492-4009-b5cd-176d6640f210"
        ],
        "Strict-Transport-Security": [
          "max-age=31536000; includeSubDomains"
        ],
        "X-Content-Type-Options": [
          "nosniff"
        ]
      },
      "StatusCode": 200
    },
    {
      "RequestUri": "/subscriptions/45b60d85-fd72-427a-a708-f994d26e593e/resourceGroups/res4669/providers/Microsoft.Storage/storageAccounts?api-version=2018-03-01-preview",
      "EncodedRequestUri": "L3N1YnNjcmlwdGlvbnMvNDViNjBkODUtZmQ3Mi00MjdhLWE3MDgtZjk5NGQyNmU1OTNlL3Jlc291cmNlR3JvdXBzL3JlczQ2NjkvcHJvdmlkZXJzL01pY3Jvc29mdC5TdG9yYWdlL3N0b3JhZ2VBY2NvdW50cz9hcGktdmVyc2lvbj0yMDE4LTAzLTAxLXByZXZpZXc=",
      "RequestMethod": "GET",
      "RequestBody": "",
      "RequestHeaders": {
        "x-ms-client-request-id": [
          "85fefd13-5032-4103-912a-b904d5a85812"
        ],
        "accept-language": [
          "en-US"
        ],
        "User-Agent": [
          "FxVersion/4.6.25815.04",
          "Microsoft.Azure.Management.Storage.StorageManagementClient/7.2.1.1"
        ]
      },
      "ResponseBody": "{\r\n  \"value\": [\r\n    {\r\n      \"sku\": {\r\n        \"name\": \"Standard_GRS\",\r\n        \"tier\": \"Standard\"\r\n      },\r\n      \"kind\": \"Storage\",\r\n      \"id\": \"/subscriptions/45b60d85-fd72-427a-a708-f994d26e593e/resourceGroups/res4669/providers/Microsoft.Storage/storageAccounts/sto652\",\r\n      \"name\": \"sto652\",\r\n      \"type\": \"Microsoft.Storage/storageAccounts\",\r\n      \"location\": \"eastus2(stage)\",\r\n      \"tags\": {\r\n        \"key1\": \"value1\",\r\n        \"key2\": \"value2\"\r\n      },\r\n      \"properties\": {\r\n        \"networkAcls\": {\r\n          \"bypass\": \"AzureServices\",\r\n          \"virtualNetworkRules\": [],\r\n          \"ipRules\": [],\r\n          \"defaultAction\": \"Allow\"\r\n        },\r\n        \"trustedDirectories\": [\r\n          \"72f988bf-86f1-41af-91ab-2d7cd011db47\"\r\n        ],\r\n        \"supportsHttpsTrafficOnly\": false,\r\n        \"encryption\": {\r\n          \"services\": {\r\n            \"file\": {\r\n              \"enabled\": true,\r\n              \"lastEnabledTime\": \"2018-04-13T06:35:32.6334899Z\"\r\n            },\r\n            \"blob\": {\r\n              \"enabled\": true,\r\n              \"lastEnabledTime\": \"2018-04-13T06:35:32.6334899Z\"\r\n            }\r\n          },\r\n          \"keySource\": \"Microsoft.Storage\"\r\n        },\r\n        \"provisioningState\": \"Succeeded\",\r\n        \"creationTime\": \"2018-04-13T06:35:32.5866198Z\",\r\n        \"primaryEndpoints\": {\r\n          \"web\": \"https://sto652.web.core.windows.net/\",\r\n          \"blob\": \"https://sto652.blob.core.windows.net/\",\r\n          \"queue\": \"https://sto652.queue.core.windows.net/\",\r\n          \"table\": \"https://sto652.table.core.windows.net/\",\r\n          \"file\": \"https://sto652.file.core.windows.net/\"\r\n        },\r\n        \"primaryLocation\": \"eastus2(stage)\",\r\n        \"statusOfPrimary\": \"available\",\r\n        \"secondaryLocation\": \"northcentralus(stage)\",\r\n        \"statusOfSecondary\": \"available\"\r\n      }\r\n    },\r\n    {\r\n      \"sku\": {\r\n        \"name\": \"Standard_GRS\",\r\n        \"tier\": \"Standard\"\r\n      },\r\n      \"kind\": \"Storage\",\r\n      \"id\": \"/subscriptions/45b60d85-fd72-427a-a708-f994d26e593e/resourceGroups/res4669/providers/Microsoft.Storage/storageAccounts/sto9937\",\r\n      \"name\": \"sto9937\",\r\n      \"type\": \"Microsoft.Storage/storageAccounts\",\r\n      \"location\": \"eastus2(stage)\",\r\n      \"tags\": {\r\n        \"key1\": \"value1\",\r\n        \"key2\": \"value2\"\r\n      },\r\n      \"properties\": {\r\n        \"networkAcls\": {\r\n          \"bypass\": \"AzureServices\",\r\n          \"virtualNetworkRules\": [],\r\n          \"ipRules\": [],\r\n          \"defaultAction\": \"Allow\"\r\n        },\r\n        \"trustedDirectories\": [\r\n          \"72f988bf-86f1-41af-91ab-2d7cd011db47\"\r\n        ],\r\n        \"supportsHttpsTrafficOnly\": false,\r\n        \"encryption\": {\r\n          \"services\": {\r\n            \"file\": {\r\n              \"enabled\": true,\r\n              \"lastEnabledTime\": \"2018-04-13T06:35:13.7388977Z\"\r\n            },\r\n            \"blob\": {\r\n              \"enabled\": true,\r\n              \"lastEnabledTime\": \"2018-04-13T06:35:13.7388977Z\"\r\n            }\r\n          },\r\n          \"keySource\": \"Microsoft.Storage\"\r\n        },\r\n        \"provisioningState\": \"Succeeded\",\r\n        \"creationTime\": \"2018-04-13T06:35:13.6607394Z\",\r\n        \"primaryEndpoints\": {\r\n          \"web\": \"https://sto9937.web.core.windows.net/\",\r\n          \"blob\": \"https://sto9937.blob.core.windows.net/\",\r\n          \"queue\": \"https://sto9937.queue.core.windows.net/\",\r\n          \"table\": \"https://sto9937.table.core.windows.net/\",\r\n          \"file\": \"https://sto9937.file.core.windows.net/\"\r\n        },\r\n        \"primaryLocation\": \"eastus2(stage)\",\r\n        \"statusOfPrimary\": \"available\",\r\n        \"secondaryLocation\": \"northcentralus(stage)\",\r\n        \"statusOfSecondary\": \"available\"\r\n      }\r\n    }\r\n  ]\r\n}",
      "ResponseHeaders": {
        "Content-Type": [
          "application/json"
        ],
        "Expires": [
          "-1"
        ],
        "Cache-Control": [
          "no-cache"
        ],
        "Date": [
          "Fri, 13 Apr 2018 06:35:49 GMT"
        ],
        "Pragma": [
          "no-cache"
        ],
        "Transfer-Encoding": [
          "chunked"
        ],
        "Server": [
          "Microsoft-Azure-Storage-Resource-Provider/1.0,Microsoft-HTTPAPI/2.0 Microsoft-HTTPAPI/2.0"
        ],
        "Vary": [
          "Accept-Encoding"
        ],
        "x-ms-request-id": [
          "b188cdd7-f727-4fde-936e-c4b6ca7e466b"
        ],
        "Strict-Transport-Security": [
          "max-age=31536000; includeSubDomains"
        ],
        "x-ms-ratelimit-remaining-subscription-reads": [
          "14976"
        ],
        "x-ms-correlation-request-id": [
          "24be8ae3-dfcb-4cd6-9068-f9ef00438062"
        ],
        "x-ms-routing-request-id": [
          "SOUTHEASTASIA:20180413T063550Z:24be8ae3-dfcb-4cd6-9068-f9ef00438062"
        ],
        "X-Content-Type-Options": [
          "nosniff"
        ]
      },
      "StatusCode": 200
    },
    {
      "RequestUri": "/subscriptions/45b60d85-fd72-427a-a708-f994d26e593e/resourceGroups/res4669/providers/Microsoft.Storage/storageAccounts/sto9937?api-version=2018-03-01-preview",
      "EncodedRequestUri": "L3N1YnNjcmlwdGlvbnMvNDViNjBkODUtZmQ3Mi00MjdhLWE3MDgtZjk5NGQyNmU1OTNlL3Jlc291cmNlR3JvdXBzL3JlczQ2NjkvcHJvdmlkZXJzL01pY3Jvc29mdC5TdG9yYWdlL3N0b3JhZ2VBY2NvdW50cy9zdG85OTM3P2FwaS12ZXJzaW9uPTIwMTgtMDMtMDEtcHJldmlldw==",
      "RequestMethod": "PUT",
      "RequestBody": "{\r\n  \"sku\": {\r\n    \"name\": \"Standard_GRS\"\r\n  },\r\n  \"kind\": \"Storage\",\r\n  \"location\": \"eastus2(stage)\",\r\n  \"tags\": {\r\n    \"key1\": \"value1\",\r\n    \"key2\": \"value2\"\r\n  }\r\n}",
      "RequestHeaders": {
        "Content-Type": [
          "application/json; charset=utf-8"
        ],
        "Content-Length": [
          "168"
        ],
        "x-ms-client-request-id": [
          "55b436ce-2c65-4361-ab0b-ce7d54fb83f3"
        ],
        "accept-language": [
          "en-US"
        ],
        "User-Agent": [
          "FxVersion/4.6.25815.04",
          "Microsoft.Azure.Management.Storage.StorageManagementClient/7.2.1.1"
        ]
      },
      "ResponseBody": "",
      "ResponseHeaders": {
        "Content-Length": [
          "0"
        ],
        "Content-Type": [
          "text/plain; charset=utf-8"
        ],
        "Expires": [
          "-1"
        ],
        "Cache-Control": [
          "no-cache"
        ],
        "Date": [
          "Fri, 13 Apr 2018 06:35:13 GMT"
        ],
        "Pragma": [
          "no-cache"
        ],
        "Location": [
          "https://management.azure.com/subscriptions/45b60d85-fd72-427a-a708-f994d26e593e/providers/Microsoft.Storage/locations/eastus2(stage)/asyncoperations/c30da52b-71f2-42df-a902-9d0d912bf397?monitor=true&api-version=2018-03-01-preview"
        ],
        "Retry-After": [
          "17"
        ],
        "Server": [
          "Microsoft-Azure-Storage-Resource-Provider/1.0,Microsoft-HTTPAPI/2.0 Microsoft-HTTPAPI/2.0"
        ],
        "x-ms-request-id": [
          "c30da52b-71f2-42df-a902-9d0d912bf397"
        ],
        "Strict-Transport-Security": [
          "max-age=31536000; includeSubDomains"
        ],
        "x-ms-ratelimit-remaining-subscription-writes": [
          "1191"
        ],
        "x-ms-correlation-request-id": [
          "b3cc08c3-ea08-40ca-a7c1-1ec87d8b105f"
        ],
        "x-ms-routing-request-id": [
          "SOUTHEASTASIA:20180413T063514Z:b3cc08c3-ea08-40ca-a7c1-1ec87d8b105f"
        ],
        "X-Content-Type-Options": [
          "nosniff"
        ]
      },
      "StatusCode": 202
    },
    {
      "RequestUri": "/subscriptions/45b60d85-fd72-427a-a708-f994d26e593e/providers/Microsoft.Storage/locations/eastus2(stage)/asyncoperations/c30da52b-71f2-42df-a902-9d0d912bf397?monitor=true&api-version=2018-03-01-preview",
      "EncodedRequestUri": "L3N1YnNjcmlwdGlvbnMvNDViNjBkODUtZmQ3Mi00MjdhLWE3MDgtZjk5NGQyNmU1OTNlL3Byb3ZpZGVycy9NaWNyb3NvZnQuU3RvcmFnZS9sb2NhdGlvbnMvZWFzdHVzMihzdGFnZSkvYXN5bmNvcGVyYXRpb25zL2MzMGRhNTJiLTcxZjItNDJkZi1hOTAyLTlkMGQ5MTJiZjM5Nz9tb25pdG9yPXRydWUmYXBpLXZlcnNpb249MjAxOC0wMy0wMS1wcmV2aWV3",
      "RequestMethod": "GET",
      "RequestBody": "",
      "RequestHeaders": {
        "User-Agent": [
          "FxVersion/4.6.25815.04",
          "Microsoft.Azure.Management.Storage.StorageManagementClient/7.2.1.1"
        ]
      },
      "ResponseBody": "{\r\n  \"sku\": {\r\n    \"name\": \"Standard_GRS\",\r\n    \"tier\": \"Standard\"\r\n  },\r\n  \"kind\": \"Storage\",\r\n  \"id\": \"/subscriptions/45b60d85-fd72-427a-a708-f994d26e593e/resourceGroups/res4669/providers/Microsoft.Storage/storageAccounts/sto9937\",\r\n  \"name\": \"sto9937\",\r\n  \"type\": \"Microsoft.Storage/storageAccounts\",\r\n  \"location\": \"eastus2(stage)\",\r\n  \"tags\": {\r\n    \"key1\": \"value1\",\r\n    \"key2\": \"value2\"\r\n  },\r\n  \"properties\": {\r\n    \"networkAcls\": {\r\n      \"bypass\": \"AzureServices\",\r\n      \"virtualNetworkRules\": [],\r\n      \"ipRules\": [],\r\n      \"defaultAction\": \"Allow\"\r\n    },\r\n    \"trustedDirectories\": [\r\n      \"72f988bf-86f1-41af-91ab-2d7cd011db47\"\r\n    ],\r\n    \"supportsHttpsTrafficOnly\": false,\r\n    \"encryption\": {\r\n      \"services\": {\r\n        \"file\": {\r\n          \"enabled\": true,\r\n          \"lastEnabledTime\": \"2018-04-13T06:35:13.7388977Z\"\r\n        },\r\n        \"blob\": {\r\n          \"enabled\": true,\r\n          \"lastEnabledTime\": \"2018-04-13T06:35:13.7388977Z\"\r\n        }\r\n      },\r\n      \"keySource\": \"Microsoft.Storage\"\r\n    },\r\n    \"provisioningState\": \"Succeeded\",\r\n    \"creationTime\": \"2018-04-13T06:35:13.6607394Z\",\r\n    \"primaryEndpoints\": {\r\n      \"web\": \"https://sto9937.web.core.windows.net/\",\r\n      \"blob\": \"https://sto9937.blob.core.windows.net/\",\r\n      \"queue\": \"https://sto9937.queue.core.windows.net/\",\r\n      \"table\": \"https://sto9937.table.core.windows.net/\",\r\n      \"file\": \"https://sto9937.file.core.windows.net/\"\r\n    },\r\n    \"primaryLocation\": \"eastus2(stage)\",\r\n    \"statusOfPrimary\": \"available\",\r\n    \"secondaryLocation\": \"northcentralus(stage)\",\r\n    \"statusOfSecondary\": \"available\"\r\n  }\r\n}",
      "ResponseHeaders": {
        "Content-Type": [
          "application/json"
        ],
        "Expires": [
          "-1"
        ],
        "Cache-Control": [
          "no-cache"
        ],
        "Date": [
          "Fri, 13 Apr 2018 06:35:30 GMT"
        ],
        "Pragma": [
          "no-cache"
        ],
        "Transfer-Encoding": [
          "chunked"
        ],
        "Server": [
          "Microsoft-Azure-Storage-Resource-Provider/1.0,Microsoft-HTTPAPI/2.0 Microsoft-HTTPAPI/2.0"
        ],
        "Vary": [
          "Accept-Encoding"
        ],
        "x-ms-request-id": [
          "dae84100-02e1-4a88-a8da-92b601cb389c"
        ],
        "Strict-Transport-Security": [
          "max-age=31536000; includeSubDomains"
        ],
        "x-ms-ratelimit-remaining-subscription-reads": [
          "14978"
        ],
        "x-ms-correlation-request-id": [
          "1e151f0a-3363-412d-b640-0ad924204e9a"
        ],
        "x-ms-routing-request-id": [
          "SOUTHEASTASIA:20180413T063531Z:1e151f0a-3363-412d-b640-0ad924204e9a"
        ],
        "X-Content-Type-Options": [
          "nosniff"
        ]
      },
      "StatusCode": 200
    },
    {
      "RequestUri": "/subscriptions/45b60d85-fd72-427a-a708-f994d26e593e/resourceGroups/res4669/providers/Microsoft.Storage/storageAccounts/sto652?api-version=2018-03-01-preview",
      "EncodedRequestUri": "L3N1YnNjcmlwdGlvbnMvNDViNjBkODUtZmQ3Mi00MjdhLWE3MDgtZjk5NGQyNmU1OTNlL3Jlc291cmNlR3JvdXBzL3JlczQ2NjkvcHJvdmlkZXJzL01pY3Jvc29mdC5TdG9yYWdlL3N0b3JhZ2VBY2NvdW50cy9zdG82NTI/YXBpLXZlcnNpb249MjAxOC0wMy0wMS1wcmV2aWV3",
      "RequestMethod": "PUT",
      "RequestBody": "{\r\n  \"sku\": {\r\n    \"name\": \"Standard_GRS\"\r\n  },\r\n  \"kind\": \"Storage\",\r\n  \"location\": \"eastus2(stage)\",\r\n  \"tags\": {\r\n    \"key1\": \"value1\",\r\n    \"key2\": \"value2\"\r\n  }\r\n}",
      "RequestHeaders": {
        "Content-Type": [
          "application/json; charset=utf-8"
        ],
        "Content-Length": [
          "168"
        ],
        "x-ms-client-request-id": [
          "3e71226c-440b-4a56-84b6-ed5785cebd73"
        ],
        "accept-language": [
          "en-US"
        ],
        "User-Agent": [
          "FxVersion/4.6.25815.04",
          "Microsoft.Azure.Management.Storage.StorageManagementClient/7.2.1.1"
        ]
      },
      "ResponseBody": "",
      "ResponseHeaders": {
        "Content-Length": [
          "0"
        ],
        "Content-Type": [
          "text/plain; charset=utf-8"
        ],
        "Expires": [
          "-1"
        ],
        "Cache-Control": [
          "no-cache"
        ],
        "Date": [
          "Fri, 13 Apr 2018 06:35:32 GMT"
        ],
        "Pragma": [
          "no-cache"
        ],
        "Location": [
          "https://management.azure.com/subscriptions/45b60d85-fd72-427a-a708-f994d26e593e/providers/Microsoft.Storage/locations/eastus2(stage)/asyncoperations/4235c64f-ab4a-4123-b356-effbcfab65bf?monitor=true&api-version=2018-03-01-preview"
        ],
        "Retry-After": [
          "17"
        ],
        "Server": [
          "Microsoft-Azure-Storage-Resource-Provider/1.0,Microsoft-HTTPAPI/2.0 Microsoft-HTTPAPI/2.0"
        ],
        "x-ms-request-id": [
          "4235c64f-ab4a-4123-b356-effbcfab65bf"
        ],
        "Strict-Transport-Security": [
          "max-age=31536000; includeSubDomains"
        ],
        "x-ms-ratelimit-remaining-subscription-writes": [
          "1190"
        ],
        "x-ms-correlation-request-id": [
          "485548f2-c901-4a91-ba5c-5ebe231fc6f1"
        ],
        "x-ms-routing-request-id": [
          "SOUTHEASTASIA:20180413T063532Z:485548f2-c901-4a91-ba5c-5ebe231fc6f1"
        ],
        "X-Content-Type-Options": [
          "nosniff"
        ]
      },
      "StatusCode": 202
    },
    {
      "RequestUri": "/subscriptions/45b60d85-fd72-427a-a708-f994d26e593e/providers/Microsoft.Storage/locations/eastus2(stage)/asyncoperations/4235c64f-ab4a-4123-b356-effbcfab65bf?monitor=true&api-version=2018-03-01-preview",
      "EncodedRequestUri": "L3N1YnNjcmlwdGlvbnMvNDViNjBkODUtZmQ3Mi00MjdhLWE3MDgtZjk5NGQyNmU1OTNlL3Byb3ZpZGVycy9NaWNyb3NvZnQuU3RvcmFnZS9sb2NhdGlvbnMvZWFzdHVzMihzdGFnZSkvYXN5bmNvcGVyYXRpb25zLzQyMzVjNjRmLWFiNGEtNDEyMy1iMzU2LWVmZmJjZmFiNjViZj9tb25pdG9yPXRydWUmYXBpLXZlcnNpb249MjAxOC0wMy0wMS1wcmV2aWV3",
      "RequestMethod": "GET",
      "RequestBody": "",
      "RequestHeaders": {
        "User-Agent": [
          "FxVersion/4.6.25815.04",
          "Microsoft.Azure.Management.Storage.StorageManagementClient/7.2.1.1"
        ]
      },
      "ResponseBody": "{\r\n  \"sku\": {\r\n    \"name\": \"Standard_GRS\",\r\n    \"tier\": \"Standard\"\r\n  },\r\n  \"kind\": \"Storage\",\r\n  \"id\": \"/subscriptions/45b60d85-fd72-427a-a708-f994d26e593e/resourceGroups/res4669/providers/Microsoft.Storage/storageAccounts/sto652\",\r\n  \"name\": \"sto652\",\r\n  \"type\": \"Microsoft.Storage/storageAccounts\",\r\n  \"location\": \"eastus2(stage)\",\r\n  \"tags\": {\r\n    \"key1\": \"value1\",\r\n    \"key2\": \"value2\"\r\n  },\r\n  \"properties\": {\r\n    \"networkAcls\": {\r\n      \"bypass\": \"AzureServices\",\r\n      \"virtualNetworkRules\": [],\r\n      \"ipRules\": [],\r\n      \"defaultAction\": \"Allow\"\r\n    },\r\n    \"trustedDirectories\": [\r\n      \"72f988bf-86f1-41af-91ab-2d7cd011db47\"\r\n    ],\r\n    \"supportsHttpsTrafficOnly\": false,\r\n    \"encryption\": {\r\n      \"services\": {\r\n        \"file\": {\r\n          \"enabled\": true,\r\n          \"lastEnabledTime\": \"2018-04-13T06:35:32.6334899Z\"\r\n        },\r\n        \"blob\": {\r\n          \"enabled\": true,\r\n          \"lastEnabledTime\": \"2018-04-13T06:35:32.6334899Z\"\r\n        }\r\n      },\r\n      \"keySource\": \"Microsoft.Storage\"\r\n    },\r\n    \"provisioningState\": \"Succeeded\",\r\n    \"creationTime\": \"2018-04-13T06:35:32.5866198Z\",\r\n    \"primaryEndpoints\": {\r\n      \"web\": \"https://sto652.web.core.windows.net/\",\r\n      \"blob\": \"https://sto652.blob.core.windows.net/\",\r\n      \"queue\": \"https://sto652.queue.core.windows.net/\",\r\n      \"table\": \"https://sto652.table.core.windows.net/\",\r\n      \"file\": \"https://sto652.file.core.windows.net/\"\r\n    },\r\n    \"primaryLocation\": \"eastus2(stage)\",\r\n    \"statusOfPrimary\": \"available\",\r\n    \"secondaryLocation\": \"northcentralus(stage)\",\r\n    \"statusOfSecondary\": \"available\"\r\n  }\r\n}",
      "ResponseHeaders": {
        "Content-Type": [
          "application/json"
        ],
        "Expires": [
          "-1"
        ],
        "Cache-Control": [
          "no-cache"
        ],
        "Date": [
          "Fri, 13 Apr 2018 06:35:49 GMT"
        ],
        "Pragma": [
          "no-cache"
        ],
        "Transfer-Encoding": [
          "chunked"
        ],
        "Server": [
          "Microsoft-Azure-Storage-Resource-Provider/1.0,Microsoft-HTTPAPI/2.0 Microsoft-HTTPAPI/2.0"
        ],
        "Vary": [
          "Accept-Encoding"
        ],
        "x-ms-request-id": [
          "2390ac4e-50e6-4a66-9f21-f1a9055d3933"
        ],
        "Strict-Transport-Security": [
          "max-age=31536000; includeSubDomains"
        ],
        "x-ms-ratelimit-remaining-subscription-reads": [
          "14977"
        ],
        "x-ms-correlation-request-id": [
          "81b242bf-f8c5-4704-9d88-4cadf8fb3778"
        ],
        "x-ms-routing-request-id": [
          "SOUTHEASTASIA:20180413T063550Z:81b242bf-f8c5-4704-9d88-4cadf8fb3778"
        ],
        "X-Content-Type-Options": [
          "nosniff"
        ]
      },
      "StatusCode": 200
    }
  ],
  "Names": {
    "CreateResourceGroup": [
      "res4669"
    ],
    "CreateStorageAccount": [
      "sto9937",
      "sto652"
    ]
  },
  "Variables": {
    "SubscriptionId": "45b60d85-fd72-427a-a708-f994d26e593e"
  }
}