{
  "Entries": [
    {
      "RequestUri": "/subscriptions/45b60d85-fd72-427a-a708-f994d26e593e/resourcegroups/res9307?api-version=2015-11-01",
      "EncodedRequestUri": "L3N1YnNjcmlwdGlvbnMvNDViNjBkODUtZmQ3Mi00MjdhLWE3MDgtZjk5NGQyNmU1OTNlL3Jlc291cmNlZ3JvdXBzL3JlczkzMDc/YXBpLXZlcnNpb249MjAxNS0xMS0wMQ==",
      "RequestMethod": "PUT",
      "RequestBody": "{\r\n  \"location\": \"eastus2\"\r\n}",
      "RequestHeaders": {
        "Content-Type": [
          "application/json; charset=utf-8"
        ],
        "Content-Length": [
          "29"
        ],
        "x-ms-client-request-id": [
          "2f2019cb-6cea-4a03-bd45-23e5001046ed"
        ],
        "accept-language": [
          "en-US"
        ],
        "User-Agent": [
          "FxVersion/4.6.25815.04",
          "Microsoft.Azure.Management.Resources.ResourceManagementClient/1.0.0.0"
        ]
      },
      "ResponseBody": "{\r\n  \"id\": \"/subscriptions/45b60d85-fd72-427a-a708-f994d26e593e/resourceGroups/res9307\",\r\n  \"name\": \"res9307\",\r\n  \"location\": \"eastus2\",\r\n  \"properties\": {\r\n    \"provisioningState\": \"Succeeded\"\r\n  }\r\n}",
      "ResponseHeaders": {
        "Content-Length": [
          "168"
        ],
        "Content-Type": [
          "application/json; charset=utf-8"
        ],
        "Expires": [
          "-1"
        ],
        "Cache-Control": [
          "no-cache"
        ],
        "Date": [
          "Wed, 11 Apr 2018 08:21:51 GMT"
        ],
        "Pragma": [
          "no-cache"
        ],
        "x-ms-ratelimit-remaining-subscription-writes": [
          "1183"
        ],
        "x-ms-request-id": [
          "118ff04b-4262-45d3-b29f-20dfcc61df4c"
        ],
        "x-ms-correlation-request-id": [
          "118ff04b-4262-45d3-b29f-20dfcc61df4c"
        ],
        "x-ms-routing-request-id": [
          "SOUTHEASTASIA:20180411T082151Z:118ff04b-4262-45d3-b29f-20dfcc61df4c"
        ],
        "Strict-Transport-Security": [
          "max-age=31536000; includeSubDomains"
        ],
        "X-Content-Type-Options": [
          "nosniff"
        ]
      },
      "StatusCode": 201
    },
    {
      "RequestUri": "/subscriptions/45b60d85-fd72-427a-a708-f994d26e593e/resourceGroups/res9307/providers/Microsoft.Storage/storageAccounts/sto3951?api-version=2018-02-01",
      "EncodedRequestUri": "L3N1YnNjcmlwdGlvbnMvNDViNjBkODUtZmQ3Mi00MjdhLWE3MDgtZjk5NGQyNmU1OTNlL3Jlc291cmNlR3JvdXBzL3JlczkzMDcvcHJvdmlkZXJzL01pY3Jvc29mdC5TdG9yYWdlL3N0b3JhZ2VBY2NvdW50cy9zdG8zOTUxP2FwaS12ZXJzaW9uPTIwMTgtMDItMDE=",
      "RequestMethod": "PUT",
      "RequestBody": "{\r\n  \"sku\": {\r\n    \"name\": \"Standard_GRS\"\r\n  },\r\n  \"kind\": \"Storage\",\r\n  \"location\": \"eastus2(stage)\",\r\n  \"tags\": {\r\n    \"key1\": \"value1\",\r\n    \"key2\": \"value2\"\r\n  }\r\n}",
      "RequestHeaders": {
        "Content-Type": [
          "application/json; charset=utf-8"
        ],
        "Content-Length": [
          "168"
        ],
        "x-ms-client-request-id": [
          "396aae5b-dc8a-44b9-a85d-c7c0fd9dc8aa"
        ],
        "accept-language": [
          "en-US"
        ],
        "User-Agent": [
          "FxVersion/4.6.25815.04",
          "Microsoft.Azure.Management.Storage.StorageManagementClient/7.2.0.0"
        ]
      },
      "ResponseBody": "",
      "ResponseHeaders": {
        "Content-Length": [
          "0"
        ],
        "Content-Type": [
          "text/plain; charset=utf-8"
        ],
        "Expires": [
          "-1"
        ],
        "Cache-Control": [
          "no-cache"
        ],
        "Date": [
          "Wed, 11 Apr 2018 08:21:53 GMT"
        ],
        "Pragma": [
          "no-cache"
        ],
        "Location": [
          "https://management.azure.com/subscriptions/45b60d85-fd72-427a-a708-f994d26e593e/providers/Microsoft.Storage/locations/eastus2(stage)/asyncoperations/41e57462-abfe-4889-b8a1-7400a4b5d371?monitor=true&api-version=2018-02-01"
        ],
        "Retry-After": [
          "17"
        ],
        "Server": [
          "Microsoft-Azure-Storage-Resource-Provider/1.0,Microsoft-HTTPAPI/2.0 Microsoft-HTTPAPI/2.0"
        ],
        "x-ms-request-id": [
          "41e57462-abfe-4889-b8a1-7400a4b5d371"
        ],
        "Strict-Transport-Security": [
          "max-age=31536000; includeSubDomains"
        ],
        "x-ms-ratelimit-remaining-subscription-writes": [
          "1182"
        ],
        "x-ms-correlation-request-id": [
          "b7f938c3-8e47-43bc-b3a9-24cce6231daf"
        ],
        "x-ms-routing-request-id": [
          "SOUTHEASTASIA:20180411T082154Z:b7f938c3-8e47-43bc-b3a9-24cce6231daf"
        ],
        "X-Content-Type-Options": [
          "nosniff"
        ]
      },
      "StatusCode": 202
    },
    {
      "RequestUri": "/subscriptions/45b60d85-fd72-427a-a708-f994d26e593e/providers/Microsoft.Storage/locations/eastus2(stage)/asyncoperations/41e57462-abfe-4889-b8a1-7400a4b5d371?monitor=true&api-version=2018-02-01",
      "EncodedRequestUri": "L3N1YnNjcmlwdGlvbnMvNDViNjBkODUtZmQ3Mi00MjdhLWE3MDgtZjk5NGQyNmU1OTNlL3Byb3ZpZGVycy9NaWNyb3NvZnQuU3RvcmFnZS9sb2NhdGlvbnMvZWFzdHVzMihzdGFnZSkvYXN5bmNvcGVyYXRpb25zLzQxZTU3NDYyLWFiZmUtNDg4OS1iOGExLTc0MDBhNGI1ZDM3MT9tb25pdG9yPXRydWUmYXBpLXZlcnNpb249MjAxOC0wMi0wMQ==",
      "RequestMethod": "GET",
      "RequestBody": "",
      "RequestHeaders": {
        "User-Agent": [
          "FxVersion/4.6.25815.04",
          "Microsoft.Azure.Management.Storage.StorageManagementClient/7.2.0.0"
        ]
      },
      "ResponseBody": "{\r\n  \"sku\": {\r\n    \"name\": \"Standard_GRS\",\r\n    \"tier\": \"Standard\"\r\n  },\r\n  \"kind\": \"Storage\",\r\n  \"id\": \"/subscriptions/45b60d85-fd72-427a-a708-f994d26e593e/resourceGroups/res9307/providers/Microsoft.Storage/storageAccounts/sto3951\",\r\n  \"name\": \"sto3951\",\r\n  \"type\": \"Microsoft.Storage/storageAccounts\",\r\n  \"location\": \"eastus2(stage)\",\r\n  \"tags\": {\r\n    \"key1\": \"value1\",\r\n    \"key2\": \"value2\"\r\n  },\r\n  \"properties\": {\r\n    \"networkAcls\": {\r\n      \"bypass\": \"AzureServices\",\r\n      \"virtualNetworkRules\": [],\r\n      \"ipRules\": [],\r\n      \"defaultAction\": \"Allow\"\r\n    },\r\n    \"trustedDirectories\": [\r\n      \"72f988bf-86f1-41af-91ab-2d7cd011db47\"\r\n    ],\r\n    \"supportsHttpsTrafficOnly\": false,\r\n    \"encryption\": {\r\n      \"services\": {\r\n        \"file\": {\r\n          \"enabled\": true,\r\n          \"lastEnabledTime\": \"2018-04-11T08:21:53.8347698Z\"\r\n        },\r\n        \"blob\": {\r\n          \"enabled\": true,\r\n          \"lastEnabledTime\": \"2018-04-11T08:21:53.8347698Z\"\r\n        }\r\n      },\r\n      \"keySource\": \"Microsoft.Storage\"\r\n    },\r\n    \"provisioningState\": \"Succeeded\",\r\n    \"creationTime\": \"2018-04-11T08:21:53.7722634Z\",\r\n    \"primaryEndpoints\": {\r\n      \"web\": \"https://sto3951.web.core.windows.net/\",\r\n      \"blob\": \"https://sto3951.blob.core.windows.net/\",\r\n      \"queue\": \"https://sto3951.queue.core.windows.net/\",\r\n      \"table\": \"https://sto3951.table.core.windows.net/\",\r\n      \"file\": \"https://sto3951.file.core.windows.net/\"\r\n    },\r\n    \"primaryLocation\": \"eastus2(stage)\",\r\n    \"statusOfPrimary\": \"available\",\r\n    \"secondaryLocation\": \"northcentralus(stage)\",\r\n    \"statusOfSecondary\": \"available\"\r\n  }\r\n}",
      "ResponseHeaders": {
        "Content-Type": [
          "application/json"
        ],
        "Expires": [
          "-1"
        ],
        "Cache-Control": [
          "no-cache"
        ],
        "Date": [
          "Wed, 11 Apr 2018 08:22:10 GMT"
        ],
        "Pragma": [
          "no-cache"
        ],
        "Transfer-Encoding": [
          "chunked"
        ],
        "Server": [
          "Microsoft-Azure-Storage-Resource-Provider/1.0,Microsoft-HTTPAPI/2.0 Microsoft-HTTPAPI/2.0"
        ],
        "Vary": [
          "Accept-Encoding"
        ],
        "x-ms-request-id": [
          "9c483453-bdbe-4f34-a8e5-404a2589a775"
        ],
        "Strict-Transport-Security": [
          "max-age=31536000; includeSubDomains"
        ],
        "x-ms-ratelimit-remaining-subscription-reads": [
          "14984"
        ],
        "x-ms-correlation-request-id": [
          "6782eaf3-4f06-4f63-87a9-dc7be7663943"
        ],
        "x-ms-routing-request-id": [
          "SOUTHEASTASIA:20180411T082211Z:6782eaf3-4f06-4f63-87a9-dc7be7663943"
        ],
        "X-Content-Type-Options": [
          "nosniff"
        ]
      },
      "StatusCode": 200
    },
    {
      "RequestUri": "/subscriptions/45b60d85-fd72-427a-a708-f994d26e593e/resourceGroups/res9307/providers/Microsoft.Storage/storageAccounts/sto3951/ListServiceSas?api-version=2018-02-01",
      "EncodedRequestUri": "L3N1YnNjcmlwdGlvbnMvNDViNjBkODUtZmQ3Mi00MjdhLWE3MDgtZjk5NGQyNmU1OTNlL3Jlc291cmNlR3JvdXBzL3JlczkzMDcvcHJvdmlkZXJzL01pY3Jvc29mdC5TdG9yYWdlL3N0b3JhZ2VBY2NvdW50cy9zdG8zOTUxL0xpc3RTZXJ2aWNlU2FzP2FwaS12ZXJzaW9uPTIwMTgtMDItMDE=",
      "RequestMethod": "POST",
      "RequestBody": "{\r\n  \"canonicalizedResource\": \"/blob/sto3951/music\",\r\n  \"signedResource\": \"c\",\r\n  \"signedPermission\": \"rl\",\r\n  \"signedExpiry\": \"2018-04-11T09:22:11.4831193Z\"\r\n}",
      "RequestHeaders": {
        "Content-Type": [
          "application/json; charset=utf-8"
        ],
        "Content-Length": [
          "160"
        ],
        "x-ms-client-request-id": [
          "2f835420-6918-4aa7-8a9b-ed9e6646008d"
        ],
        "accept-language": [
          "en-US"
        ],
        "User-Agent": [
          "FxVersion/4.6.25815.04",
          "Microsoft.Azure.Management.Storage.StorageManagementClient/7.2.0.0"
        ]
      },
      "ResponseBody": "{\r\n  \"serviceSasToken\": \"sv=2015-04-05&sr=c&se=2018-04-11T09%3A22%3A11.4831193Z&sp=rl&sig=LLWndW23SYriUkBujrlkeJ5KER6%2F2GFrMLN3Yh%2B3WZA%3D\"\r\n}",
      "ResponseHeaders": {
        "Content-Type": [
          "application/json"
        ],
        "Expires": [
          "-1"
        ],
        "Cache-Control": [
          "no-cache"
        ],
        "Date": [
          "Wed, 11 Apr 2018 08:22:11 GMT"
        ],
        "Pragma": [
          "no-cache"
        ],
        "Transfer-Encoding": [
          "chunked"
        ],
        "Server": [
          "Microsoft-Azure-Storage-Resource-Provider/1.0,Microsoft-HTTPAPI/2.0 Microsoft-HTTPAPI/2.0"
        ],
        "Vary": [
          "Accept-Encoding"
        ],
        "x-ms-request-id": [
          "68af34f9-90a7-487b-b208-a37265bdfc47"
        ],
        "Strict-Transport-Security": [
          "max-age=31536000; includeSubDomains"
        ],
        "x-ms-ratelimit-remaining-subscription-writes": [
          "1181"
        ],
        "x-ms-correlation-request-id": [
          "42d2ffdd-3e6d-49d5-a9e7-bd968b2c7e76"
        ],
        "x-ms-routing-request-id": [
          "SOUTHEASTASIA:20180411T082211Z:42d2ffdd-3e6d-49d5-a9e7-bd968b2c7e76"
        ],
        "X-Content-Type-Options": [
          "nosniff"
        ]
      },
      "StatusCode": 200
    }
  ],
  "Names": {
    "CreateResourceGroup": [
      "res9307"
    ],
    "StorageAccountListServiceSASWithDefaultProperties": [
      "sto3951"
    ]
  },
  "Variables": {
    "SubscriptionId": "45b60d85-fd72-427a-a708-f994d26e593e"
  }
}