{
  "Entries": [
    {
      "RequestUri": "/subscriptions/ce4a7590-4722-4bcf-a2c6-e473e9f11778/resourcegroups/res1889?api-version=2015-11-01",
      "EncodedRequestUri": "L3N1YnNjcmlwdGlvbnMvY2U0YTc1OTAtNDcyMi00YmNmLWEyYzYtZTQ3M2U5ZjExNzc4L3Jlc291cmNlZ3JvdXBzL3JlczE4ODk/YXBpLXZlcnNpb249MjAxNS0xMS0wMQ==",
      "RequestMethod": "PUT",
      "RequestBody": "{\r\n  \"location\": \"eastus2\"\r\n}",
      "RequestHeaders": {
        "Content-Type": [
          "application/json; charset=utf-8"
        ],
        "Content-Length": [
          "29"
        ],
        "x-ms-client-request-id": [
          "57b06bb1-7fcd-43c6-a642-9556e1ad70bf"
        ],
        "accept-language": [
          "en-US"
        ],
        "User-Agent": [
          "FxVersion/4.6.25009.03",
          "Microsoft.Azure.Management.Resources.ResourceManagementClient/1.0.0.0"
        ]
      },
      "ResponseBody": "{\r\n  \"id\": \"/subscriptions/ce4a7590-4722-4bcf-a2c6-e473e9f11778/resourceGroups/res1889\",\r\n  \"name\": \"res1889\",\r\n  \"location\": \"eastus2\",\r\n  \"properties\": {\r\n    \"provisioningState\": \"Succeeded\"\r\n  }\r\n}",
      "ResponseHeaders": {
        "Content-Length": [
          "168"
        ],
        "Content-Type": [
          "application/json; charset=utf-8"
        ],
        "Expires": [
          "-1"
        ],
        "Cache-Control": [
          "no-cache"
        ],
        "Date": [
          "Fri, 09 Jun 2017 07:49:24 GMT"
        ],
        "Pragma": [
          "no-cache"
        ],
        "x-ms-ratelimit-remaining-subscription-writes": [
          "1193"
        ],
        "x-ms-request-id": [
          "4b63fb05-89dc-4e4d-8d05-241ffbad7e26"
        ],
        "x-ms-correlation-request-id": [
          "4b63fb05-89dc-4e4d-8d05-241ffbad7e26"
        ],
        "x-ms-routing-request-id": [
          "JAPANEAST:20170609T074924Z:4b63fb05-89dc-4e4d-8d05-241ffbad7e26"
        ],
        "Strict-Transport-Security": [
          "max-age=31536000; includeSubDomains"
        ]
      },
      "StatusCode": 201
    },
    {
      "RequestUri": "/subscriptions/ce4a7590-4722-4bcf-a2c6-e473e9f11778/resourceGroups/res1889/providers/Microsoft.Storage/storageAccounts/sto4993?api-version=2017-06-01",
      "EncodedRequestUri": "L3N1YnNjcmlwdGlvbnMvY2U0YTc1OTAtNDcyMi00YmNmLWEyYzYtZTQ3M2U5ZjExNzc4L3Jlc291cmNlR3JvdXBzL3JlczE4ODkvcHJvdmlkZXJzL01pY3Jvc29mdC5TdG9yYWdlL3N0b3JhZ2VBY2NvdW50cy9zdG80OTkzP2FwaS12ZXJzaW9uPTIwMTctMDYtMDE=",
      "RequestMethod": "PUT",
      "RequestBody": "{\r\n  \"sku\": {\r\n    \"name\": \"Standard_GRS\"\r\n  },\r\n  \"kind\": \"Storage\",\r\n  \"location\": \"eastus2euap\",\r\n  \"tags\": {\r\n    \"key1\": \"value1\",\r\n    \"key2\": \"value2\"\r\n  }\r\n}",
      "RequestHeaders": {
        "Content-Type": [
          "application/json; charset=utf-8"
        ],
        "Content-Length": [
          "165"
        ],
        "x-ms-client-request-id": [
          "6b0c0d31-079b-4bbd-97b1-a1891a3aec8f"
        ],
        "accept-language": [
          "en-US"
        ],
        "User-Agent": [
          "FxVersion/4.6.25009.03",
          "Microsoft.Azure.Management.Storage.StorageManagementClient/6.5.0.0"
        ]
      },
      "ResponseBody": "",
      "ResponseHeaders": {
        "Content-Length": [
          "0"
        ],
        "Expires": [
          "-1"
        ],
        "Cache-Control": [
          "no-cache"
        ],
        "Date": [
          "Fri, 09 Jun 2017 07:49:26 GMT"
        ],
        "Pragma": [
          "no-cache"
        ],
        "Location": [
          "https://management.azure.com/subscriptions/ce4a7590-4722-4bcf-a2c6-e473e9f11778/providers/Microsoft.Storage/operations/fb18cb14-8e1e-417b-8221-f2692adc385c?monitor=true&api-version=2017-06-01"
        ],
        "Retry-After": [
          "17"
        ],
        "Server": [
          "Microsoft-Azure-Storage-Resource-Provider/1.0",
          "Microsoft-HTTPAPI/2.0"
        ],
        "x-ms-ratelimit-remaining-subscription-writes": [
          "1192"
        ],
        "x-ms-request-id": [
          "509d989e-340c-4c28-a64a-74b701dce514"
        ],
        "x-ms-correlation-request-id": [
          "509d989e-340c-4c28-a64a-74b701dce514"
        ],
        "x-ms-routing-request-id": [
          "JAPANEAST:20170609T074927Z:509d989e-340c-4c28-a64a-74b701dce514"
        ],
        "Strict-Transport-Security": [
          "max-age=31536000; includeSubDomains"
        ]
      },
      "StatusCode": 202
    },
    {
      "RequestUri": "/subscriptions/ce4a7590-4722-4bcf-a2c6-e473e9f11778/providers/Microsoft.Storage/operations/fb18cb14-8e1e-417b-8221-f2692adc385c?monitor=true&api-version=2017-06-01",
      "EncodedRequestUri": "L3N1YnNjcmlwdGlvbnMvY2U0YTc1OTAtNDcyMi00YmNmLWEyYzYtZTQ3M2U5ZjExNzc4L3Byb3ZpZGVycy9NaWNyb3NvZnQuU3RvcmFnZS9vcGVyYXRpb25zL2ZiMThjYjE0LThlMWUtNDE3Yi04MjIxLWYyNjkyYWRjMzg1Yz9tb25pdG9yPXRydWUmYXBpLXZlcnNpb249MjAxNy0wNi0wMQ==",
      "RequestMethod": "GET",
      "RequestBody": "",
      "RequestHeaders": {
        "User-Agent": [
          "FxVersion/4.6.25009.03",
          "Microsoft.Azure.Management.Storage.StorageManagementClient/6.5.0.0"
        ]
      },
      "ResponseBody": "{\r\n  \"id\": \"/subscriptions/ce4a7590-4722-4bcf-a2c6-e473e9f11778/resourceGroups/res1889/providers/Microsoft.Storage/storageAccounts/sto4993\",\r\n  \"kind\": \"Storage\",\r\n  \"location\": \"eastus2euap\",\r\n  \"name\": \"sto4993\",\r\n  \"properties\": {\r\n    \"creationTime\": \"2017-06-09T07:49:26.6021426Z\",\r\n    \"networkAcls\": {\r\n      \"bypass\": \"AzureServices\",\r\n      \"defaultAction\": \"Allow\",\r\n      \"ipRules\": [],\r\n      \"virtualNetworkRules\": []\r\n    },\r\n    \"primaryEndpoints\": {\r\n      \"blob\": \"https://sto4993.blob.core.windows.net/\",\r\n      \"file\": \"https://sto4993.file.core.windows.net/\",\r\n      \"queue\": \"https://sto4993.queue.core.windows.net/\",\r\n      \"table\": \"https://sto4993.table.core.windows.net/\"\r\n    },\r\n    \"primaryLocation\": \"eastus2euap\",\r\n    \"provisioningState\": \"Succeeded\",\r\n    \"secondaryLocation\": \"centraluseuap\",\r\n    \"statusOfPrimary\": \"available\",\r\n    \"statusOfSecondary\": \"available\",\r\n    \"supportsHttpsTrafficOnly\": false\r\n  },\r\n  \"sku\": {\r\n    \"name\": \"Standard_GRS\",\r\n    \"tier\": \"Standard\"\r\n  },\r\n  \"tags\": {\r\n    \"key1\": \"value1\",\r\n    \"key2\": \"value2\"\r\n  },\r\n  \"type\": \"Microsoft.Storage/storageAccounts\"\r\n}",
      "ResponseHeaders": {
        "Content-Type": [
          "application/json"
        ],
        "Expires": [
          "-1"
        ],
        "Cache-Control": [
          "no-cache"
        ],
        "Date": [
          "Fri, 09 Jun 2017 07:49:57 GMT"
        ],
        "Pragma": [
          "no-cache"
        ],
        "Transfer-Encoding": [
          "chunked"
        ],
        "Server": [
          "Microsoft-Azure-Storage-Resource-Provider/1.0",
          "Microsoft-HTTPAPI/2.0"
        ],
        "Vary": [
          "Accept-Encoding"
        ],
        "x-ms-request-id": [
          "615b75a1-43f6-4782-b962-4a5488c75622"
        ],
        "x-ms-ratelimit-remaining-subscription-reads": [
          "14972"
        ],
        "x-ms-correlation-request-id": [
          "615b75a1-43f6-4782-b962-4a5488c75622"
        ],
        "x-ms-routing-request-id": [
          "JAPANEAST:20170609T074958Z:615b75a1-43f6-4782-b962-4a5488c75622"
        ],
        "Strict-Transport-Security": [
          "max-age=31536000; includeSubDomains"
        ]
      },
      "StatusCode": 200
    },
    {
      "RequestUri": "/subscriptions/ce4a7590-4722-4bcf-a2c6-e473e9f11778/resourceGroups/res1889/providers/Microsoft.Storage/storageAccounts/sto4993/listKeys?api-version=2017-06-01",
      "EncodedRequestUri": "L3N1YnNjcmlwdGlvbnMvY2U0YTc1OTAtNDcyMi00YmNmLWEyYzYtZTQ3M2U5ZjExNzc4L3Jlc291cmNlR3JvdXBzL3JlczE4ODkvcHJvdmlkZXJzL01pY3Jvc29mdC5TdG9yYWdlL3N0b3JhZ2VBY2NvdW50cy9zdG80OTkzL2xpc3RLZXlzP2FwaS12ZXJzaW9uPTIwMTctMDYtMDE=",
      "RequestMethod": "POST",
      "RequestBody": "",
      "RequestHeaders": {
        "x-ms-client-request-id": [
          "4097c300-15e3-410f-9fa1-bf504ecdd63e"
        ],
        "accept-language": [
          "en-US"
        ],
        "User-Agent": [
          "FxVersion/4.6.25009.03",
          "Microsoft.Azure.Management.Storage.StorageManagementClient/6.5.0.0"
        ]
      },
      "ResponseBody": "{\r\n  \"keys\": [\r\n    {\r\n      \"keyName\": \"key1\",\r\n      \"permissions\": \"Full\",\r\n      \"value\": \"MGMgAdyBD3+y1aL6CioZOOK4xkfeCf56PV9sQgzaWfrEqgc30qJ4q/aYGPb26btC/1L1zcxpWrzkjxRQSpwAHg==\"\r\n    },\r\n    {\r\n      \"keyName\": \"key2\",\r\n      \"permissions\": \"Full\",\r\n      \"value\": \"HtIYnCQQvlbh7tFmXNk/OHpN24pGWbsGvbsz8KnvViOLE326Fryts3QhtF83Lx5WeTMS/DWtviuewqcAGwU6oQ==\"\r\n    }\r\n  ]\r\n}",
      "ResponseHeaders": {
        "Content-Type": [
          "application/json"
        ],
        "Expires": [
          "-1"
        ],
        "Cache-Control": [
          "no-cache"
        ],
        "Date": [
          "Fri, 09 Jun 2017 07:49:57 GMT"
        ],
        "Pragma": [
          "no-cache"
        ],
        "Transfer-Encoding": [
          "chunked"
        ],
        "Server": [
          "Microsoft-Azure-Storage-Resource-Provider/1.0",
          "Microsoft-HTTPAPI/2.0"
        ],
        "Vary": [
          "Accept-Encoding"
        ],
        "x-ms-request-id": [
          "a085dbc6-a548-45b5-89aa-69b4a68cee8f"
        ],
        "x-ms-ratelimit-remaining-subscription-writes": [
          "1191"
        ],
        "x-ms-correlation-request-id": [
          "a085dbc6-a548-45b5-89aa-69b4a68cee8f"
        ],
        "x-ms-routing-request-id": [
          "JAPANEAST:20170609T074958Z:a085dbc6-a548-45b5-89aa-69b4a68cee8f"
        ],
        "Strict-Transport-Security": [
          "max-age=31536000; includeSubDomains"
        ]
      },
      "StatusCode": 200
    }
  ],
  "Names": {
    "CreateResourceGroup": [
      "res1889"
    ],
    "CreateStorageAccount": [
      "sto4993"
    ]
  },
  "Variables": {
    "SubscriptionId": "ce4a7590-4722-4bcf-a2c6-e473e9f11778"
  }
}