{
  "Entries": [
    {
      "RequestUri": "https://management.azure.com/subscriptions/db1ab6f0-4769-4b27-930e-01e2ef9c123c/resourceGroups/datafactory-rg-676/providers/Microsoft.DataFactory/factories/datafactory-2230?api-version=2018-06-01",
      "RequestMethod": "GET",
      "RequestHeaders": {
        "Accept": "application/json",
        "Authorization": "Sanitized",
        "traceparent": "00-e26a061e01a8484ea6b3bbd560037ef7-8e42da5e9fb6f444-00",
        "User-Agent": "azsdk-net-ResourceManager.DataFactory/1.0.0-alpha.20220722.1 (.NET Core 3.1.27; Microsoft Windows 10.0.22000)",
        "x-ms-client-request-id": "7c2b0ade829f1a48cdd28b5c1ce3d108",
        "x-ms-return-client-request-id": "true"
      },
      "RequestBody": null,
      "StatusCode": 200,
      "ResponseHeaders": {
        "Cache-Control": "no-cache",
        "Content-Length": "548",
        "Content-Type": "application/json; charset=utf-8",
        "Date": "Fri, 22 Jul 2022 06:44:27 GMT",
        "Expires": "-1",
        "Pragma": "no-cache",
        "Server": "Microsoft-IIS/10.0",
        "Strict-Transport-Security": "max-age=31536000; includeSubDomains",
        "X-Content-Type-Options": "nosniff",
        "x-ms-correlation-request-id": "17dbfca6-93e1-448e-a1d9-30e754f9b011",
        "x-ms-ratelimit-remaining-subscription-reads": "11997",
        "x-ms-request-id": "17dbfca6-93e1-448e-a1d9-30e754f9b011",
        "x-ms-routing-request-id": "SOUTHEASTASIA:20220722T064428Z:17dbfca6-93e1-448e-a1d9-30e754f9b011",
        "X-Powered-By": "ASP.NET"
      },
      "ResponseBody": {
        "name": "DataFactory-2230",
        "id": "/subscriptions/db1ab6f0-4769-4b27-930e-01e2ef9c123c/resourceGroups/datafactory-rg-676/providers/Microsoft.DataFactory/factories/datafactory-2230",
        "type": "Microsoft.DataFactory/factories",
        "properties": {
          "provisioningState": "Succeeded",
          "createTime": "2022-07-22T06:44:24.8879156Z",
          "version": "2018-06-01",
          "factoryStatistics": {
            "totalResourceCount": 0,
            "maxAllowedResourceCount": 0,
            "factorySizeInGbUnits": 0,
            "maxAllowedFactorySizeInGbUnits": 0
          }
        },
        "eTag": "\u00223b00e78f-0000-0800-0000-62da47480000\u0022",
        "location": "westus2",
        "tags": {}
      }
    },
    {
      "RequestUri": "https://management.azure.com/subscriptions/db1ab6f0-4769-4b27-930e-01e2ef9c123c/resourceGroups/datafactory-rg-676/providers/Microsoft.DataFactory/factories/datafactory-2230/managedVirtualNetworks/managedVirtualNetwork-593?api-version=2018-06-01",
      "RequestMethod": "PUT",
      "RequestHeaders": {
        "Accept": "application/json",
        "Authorization": "Sanitized",
        "Content-Length": "17",
        "Content-Type": "application/json",
        "traceparent": "00-f5c0e5799482734a853f2527f962f5ac-325209b74f06454b-00",
        "User-Agent": "azsdk-net-ResourceManager.DataFactory/1.0.0-alpha.20220722.1 (.NET Core 3.1.27; Microsoft Windows 10.0.22000)",
        "x-ms-client-request-id": "2ebd391ecdc7e60c26c3488acbc2a1a8",
        "x-ms-return-client-request-id": "true"
      },
      "RequestBody": {
        "properties": {}
      },
      "StatusCode": 200,
      "ResponseHeaders": {
        "Cache-Control": "no-cache",
        "Content-Length": "469",
        "Content-Type": "application/json; charset=utf-8",
        "Date": "Fri, 22 Jul 2022 06:44:28 GMT",
        "Expires": "-1",
        "Pragma": "no-cache",
        "Server": "Microsoft-IIS/10.0",
        "Strict-Transport-Security": "max-age=31536000; includeSubDomains",
        "X-Content-Type-Options": "nosniff",
        "x-ms-correlation-request-id": "653340a8-d17f-49d8-8b71-61db97816ee5",
        "x-ms-ratelimit-remaining-subscription-writes": "1196",
        "x-ms-request-id": "653340a8-d17f-49d8-8b71-61db97816ee5",
        "x-ms-routing-request-id": "SOUTHEASTASIA:20220722T064429Z:653340a8-d17f-49d8-8b71-61db97816ee5",
        "X-Powered-By": "ASP.NET"
      },
      "ResponseBody": {
        "id": "/subscriptions/db1ab6f0-4769-4b27-930e-01e2ef9c123c/resourceGroups/datafactory-rg-676/providers/Microsoft.DataFactory/factories/datafactory-2230/managedvirtualnetworks/managedVirtualNetwork-593",
        "name": "managedVirtualNetwork-593",
        "type": "Microsoft.DataFactory/factories/managedvirtualnetworks",
        "properties": {
          "vNetId": "eaef1428-9f88-421f-9a54-f8ea4259baf4",
          "preventDataExfiltration": false,
          "alias": "datafactory-2230"
        },
        "etag": "050061e4-0000-0800-0000-62da474c0000"
      }
    },
    {
      "RequestUri": "https://management.azure.com/subscriptions/db1ab6f0-4769-4b27-930e-01e2ef9c123c/resourceGroups/datafactory-rg-676/providers/Microsoft.DataFactory/factories/datafactory-2230/managedVirtualNetworks/managedVirtualNetwork-593?api-version=2018-06-01",
      "RequestMethod": "GET",
      "RequestHeaders": {
        "Accept": "application/json",
        "Authorization": "Sanitized",
        "traceparent": "00-65781a5156acc446b214ac0caa758c9b-9a5d9449f63b064c-00",
        "User-Agent": "azsdk-net-ResourceManager.DataFactory/1.0.0-alpha.20220722.1 (.NET Core 3.1.27; Microsoft Windows 10.0.22000)",
        "x-ms-client-request-id": "e059d97c825ba167ee1b607c0a6d7509",
        "x-ms-return-client-request-id": "true"
      },
      "RequestBody": null,
      "StatusCode": 200,
      "ResponseHeaders": {
        "Cache-Control": "no-cache",
        "Content-Length": "469",
        "Content-Type": "application/json; charset=utf-8",
        "Date": "Fri, 22 Jul 2022 06:44:28 GMT",
        "Expires": "-1",
        "Pragma": "no-cache",
        "Server": "Microsoft-IIS/10.0",
        "Strict-Transport-Security": "max-age=31536000; includeSubDomains",
        "X-Content-Type-Options": "nosniff",
        "x-ms-correlation-request-id": "d99d729e-5063-48de-a406-03a0860de426",
        "x-ms-ratelimit-remaining-subscription-reads": "11996",
        "x-ms-request-id": "d99d729e-5063-48de-a406-03a0860de426",
        "x-ms-routing-request-id": "SOUTHEASTASIA:20220722T064429Z:d99d729e-5063-48de-a406-03a0860de426",
        "X-Powered-By": "ASP.NET"
      },
      "ResponseBody": {
        "id": "/subscriptions/db1ab6f0-4769-4b27-930e-01e2ef9c123c/resourceGroups/datafactory-rg-676/providers/Microsoft.DataFactory/factories/datafactory-2230/managedvirtualnetworks/managedVirtualNetwork-593",
        "name": "managedVirtualNetwork-593",
        "type": "Microsoft.DataFactory/factories/managedvirtualnetworks",
        "properties": {
          "vNetId": "eaef1428-9f88-421f-9a54-f8ea4259baf4",
          "preventDataExfiltration": false,
          "alias": "datafactory-2230"
        },
        "etag": "050061e4-0000-0800-0000-62da474c0000"
      }
    }
  ],
  "Variables": {
    "AZURE_AUTHORITY_HOST": "https://login.microsoftonline.com",
    "RandomSeed": "1770784368",
    "RESOURCE_MANAGER_URL": null,
    "SUBSCRIPTION_ID": "db1ab6f0-4769-4b27-930e-01e2ef9c123c"
  }
}
