{
  "Entries": [
    {
      "RequestUri": "https://management.azure.com/subscriptions/db1ab6f0-4769-4b27-930e-01e2ef9c123c?api-version=2021-01-01",
      "RequestMethod": "GET",
      "RequestHeaders": {
        "Accept": "application/json",
        "Authorization": "Sanitized",
        "traceparent": "00-b723142842e37ceaf1072167fd30c09f-e3d184677b1d5680-00",
        "User-Agent": "azsdk-net-ResourceManager/1.3.1 (.NET 6.0.9; Microsoft Windows 10.0.22622)",
        "x-ms-client-request-id": "0453dccb78bdc69da1fa79a232d7301d",
        "x-ms-return-client-request-id": "true"
      },
      "RequestBody": null,
      "StatusCode": 200,
      "ResponseHeaders": {
        "Cache-Control": "no-cache",
        "Content-Length": "747",
        "Content-Type": "application/json; charset=utf-8",
        "Date": "Fri, 30 Sep 2022 02:28:54 GMT",
        "Expires": "-1",
        "Pragma": "no-cache",
        "Strict-Transport-Security": "max-age=31536000; includeSubDomains",
        "X-Content-Type-Options": "nosniff",
        "x-ms-correlation-request-id": "c542cf64-4ae5-4135-987f-e633ee3700e9",
        "x-ms-ratelimit-remaining-subscription-reads": "11583",
        "x-ms-request-id": "c542cf64-4ae5-4135-987f-e633ee3700e9",
        "x-ms-routing-request-id": "SOUTHEASTASIA:20220930T022854Z:c542cf64-4ae5-4135-987f-e633ee3700e9"
      },
      "ResponseBody": {
        "id": "/subscriptions/db1ab6f0-4769-4b27-930e-01e2ef9c123c",
        "authorizationSource": "RoleBased",
        "managedByTenants": [],
        "tags": {
          "TagKey-9823": "TagValue-566",
          "TagKey-3481": "TagValue-320",
          "TagKey-4926": "TagValue-1187",
          "TagKey-751": "TagValue-3921",
          "TagKey-1866": "TagValue-8559",
          "TagKey-3094": "TagValue-9190",
          "TagKey-2449": "TagValue-9",
          "TagKey-8379": "TagValue-164",
          "TagKey-7470": "TagValue-2205",
          "TagKey-4236": "TagValue-3698",
          "TagKey-5316": "TagValue-2725"
        },
        "subscriptionId": "db1ab6f0-4769-4b27-930e-01e2ef9c123c",
        "tenantId": "72f988bf-86f1-41af-91ab-2d7cd011db47",
        "displayName": ".NET Mgmt SDK Test with TTL = 1 Day",
        "state": "Enabled",
        "subscriptionPolicies": {
          "locationPlacementId": "Internal_2014-09-01",
          "quotaId": "Internal_2014-09-01",
          "spendingLimit": "Off"
        }
      }
    },
    {
      "RequestUri": "https://management.azure.com/subscriptions/db1ab6f0-4769-4b27-930e-01e2ef9c123c/resourcegroups/testRG-3450?api-version=2021-04-01",
      "RequestMethod": "PUT",
      "RequestHeaders": {
        "Accept": "application/json",
        "Authorization": "Sanitized",
        "Content-Length": "43",
        "Content-Type": "application/json",
        "traceparent": "00-435860edd7a634deaee29be00cefcc03-eb72a6b410beb487-00",
        "User-Agent": "azsdk-net-ResourceManager/1.3.1 (.NET 6.0.9; Microsoft Windows 10.0.22622)",
        "x-ms-client-request-id": "fe28a9a1aa56554e07304ef603412482",
        "x-ms-return-client-request-id": "true"
      },
      "RequestBody": {
        "tags": {
          "test": "env"
        },
        "location": "eastus"
      },
      "StatusCode": 201,
      "ResponseHeaders": {
        "Cache-Control": "no-cache",
        "Content-Length": "241",
        "Content-Type": "application/json; charset=utf-8",
        "Date": "Fri, 30 Sep 2022 02:28:55 GMT",
        "Expires": "-1",
        "Pragma": "no-cache",
        "Strict-Transport-Security": "max-age=31536000; includeSubDomains",
        "X-Content-Type-Options": "nosniff",
        "x-ms-correlation-request-id": "edb03d20-97eb-4097-9646-ad126f77c960",
        "x-ms-ratelimit-remaining-subscription-writes": "994",
        "x-ms-request-id": "edb03d20-97eb-4097-9646-ad126f77c960",
        "x-ms-routing-request-id": "SOUTHEASTASIA:20220930T022855Z:edb03d20-97eb-4097-9646-ad126f77c960"
      },
      "ResponseBody": {
        "id": "/subscriptions/db1ab6f0-4769-4b27-930e-01e2ef9c123c/resourceGroups/testRG-3450",
        "name": "testRG-3450",
        "type": "Microsoft.Resources/resourceGroups",
        "location": "eastus",
        "tags": {
          "test": "env"
        },
        "properties": {
          "provisioningState": "Succeeded"
        }
      }
    },
    {
      "RequestUri": "https://management.azure.com/subscriptions/db1ab6f0-4769-4b27-930e-01e2ef9c123c/resourceGroups/testRG-3450/providers/Microsoft.Compute/galleries/testGallery_8012?api-version=2022-03-03",
      "RequestMethod": "PUT",
      "RequestHeaders": {
        "Accept": "application/json",
        "Authorization": "Sanitized",
        "Content-Length": "47",
        "Content-Type": "application/json",
        "traceparent": "00-53fc45f94af61fd3579042b09d5e398f-f30fff5acad4917a-00",
        "User-Agent": "azsdk-net-ResourceManager.Compute/1.1.0-alpha.20220930.1 (.NET 6.0.9; Microsoft Windows 10.0.22622)",
        "x-ms-client-request-id": "83fec24da8e43bac3df37b5d66890f81",
        "x-ms-return-client-request-id": "true"
      },
      "RequestBody": {
        "tags": {},
        "location": "eastus",
        "properties": {}
      },
      "StatusCode": 201,
      "ResponseHeaders": {
        "Azure-AsyncOperation": "https://management.azure.com/subscriptions/db1ab6f0-4769-4b27-930e-01e2ef9c123c/providers/Microsoft.Compute/locations/eastus/capsOperations/a7198cc9-95cd-4f45-a415-12417f48302c?api-version=2022-03-03",
        "Cache-Control": "no-cache",
        "Content-Length": "430",
        "Content-Type": "application/json; charset=utf-8",
        "Date": "Fri, 30 Sep 2022 02:28:58 GMT",
        "Expires": "-1",
        "Pragma": "no-cache",
        "Server": [
          "Microsoft-HTTPAPI/2.0",
          "Microsoft-HTTPAPI/2.0"
        ],
        "Strict-Transport-Security": "max-age=31536000; includeSubDomains",
        "X-Content-Type-Options": "nosniff",
        "x-ms-client-request-id": "83fec24da8e43bac3df37b5d66890f81",
        "x-ms-correlation-request-id": "de56dff0-65b8-4e5f-81d6-8bee4c78791c",
        "x-ms-ratelimit-remaining-resource": "Microsoft.Compute/CreateUpdateGallery3Min;31,Microsoft.Compute/CreateUpdateGallery30Min;281",
        "x-ms-ratelimit-remaining-subscription-writes": "993",
        "x-ms-request-id": "a7198cc9-95cd-4f45-a415-12417f48302c",
        "x-ms-routing-request-id": "SOUTHEASTASIA:20220930T022858Z:de56dff0-65b8-4e5f-81d6-8bee4c78791c",
        "x-ms-served-by": "93349dd3-1a08-407f-a5f3-141bfca8f802_133060701727946635,93349dd3-1a08-407f-a5f3-141bfca8f802_133060701727946635"
      },
      "ResponseBody": {
        "name": "testGallery_8012",
        "id": "/subscriptions/db1ab6f0-4769-4b27-930e-01e2ef9c123c/resourceGroups/testRG-3450/providers/Microsoft.Compute/galleries/testGallery_8012",
        "type": "Microsoft.Compute/galleries",
        "location": "eastus",
        "tags": {},
        "properties": {
          "identifier": {
            "uniqueName": "db1ab6f0-4769-4b27-930e-01e2ef9c123c-TESTGALLERY_8012"
          },
          "provisioningState": "Creating"
        }
      }
    },
    {
      "RequestUri": "https://management.azure.com/subscriptions/db1ab6f0-4769-4b27-930e-01e2ef9c123c/providers/Microsoft.Compute/locations/eastus/capsOperations/a7198cc9-95cd-4f45-a415-12417f48302c?api-version=2022-03-03",
      "RequestMethod": "GET",
      "RequestHeaders": {
        "Authorization": "Sanitized",
        "traceparent": "00-53fc45f94af61fd3579042b09d5e398f-fc65ee445e844cee-00",
        "User-Agent": "azsdk-net-ResourceManager/1.3.1 (.NET 6.0.9; Microsoft Windows 10.0.22622)",
        "x-ms-client-request-id": "6e891f1ffa1f00bc7cc319b7d3f7a0a7",
        "x-ms-return-client-request-id": "true"
      },
      "RequestBody": null,
      "StatusCode": 200,
      "ResponseHeaders": {
        "Cache-Control": "no-cache",
        "Content-Length": "184",
        "Content-Type": "application/json; charset=utf-8",
        "Date": "Fri, 30 Sep 2022 02:28:59 GMT",
        "Expires": "-1",
        "Pragma": "no-cache",
        "Server": [
          "Microsoft-HTTPAPI/2.0",
          "Microsoft-HTTPAPI/2.0"
        ],
        "Strict-Transport-Security": "max-age=31536000; includeSubDomains",
        "X-Content-Type-Options": "nosniff",
        "x-ms-client-request-id": "6e891f1ffa1f00bc7cc319b7d3f7a0a7",
        "x-ms-correlation-request-id": "95ff967a-08fb-4485-b55f-a52a7f596cf7",
        "x-ms-ratelimit-remaining-resource": "Microsoft.Compute/GetOperationStatus3Min;1109,Microsoft.Compute/GetOperationStatus30Min;4109",
        "x-ms-ratelimit-remaining-subscription-reads": "11582",
        "x-ms-request-id": "3cc6b0ab-508f-4746-a9ba-f44c832e12db",
        "x-ms-routing-request-id": "SOUTHEASTASIA:20220930T022859Z:95ff967a-08fb-4485-b55f-a52a7f596cf7",
        "x-ms-served-by": "93349dd3-1a08-407f-a5f3-141bfca8f802_133060701727946635,93349dd3-1a08-407f-a5f3-141bfca8f802_133060701727946635"
      },
      "ResponseBody": {
        "startTime": "2022-09-30T02:28:57.8702542\u002B00:00",
        "endTime": "2022-09-30T02:28:57.9483714\u002B00:00",
        "status": "Succeeded",
        "name": "a7198cc9-95cd-4f45-a415-12417f48302c"
      }
    },
    {
      "RequestUri": "https://management.azure.com/subscriptions/db1ab6f0-4769-4b27-930e-01e2ef9c123c/resourceGroups/testRG-3450/providers/Microsoft.Compute/galleries/testGallery_8012?api-version=2022-03-03",
      "RequestMethod": "GET",
      "RequestHeaders": {
        "Authorization": "Sanitized",
        "traceparent": "00-53fc45f94af61fd3579042b09d5e398f-6923fa35d18d0da9-00",
        "User-Agent": "azsdk-net-ResourceManager/1.3.1 (.NET 6.0.9; Microsoft Windows 10.0.22622)",
        "x-ms-client-request-id": "97b5753fb417d8f48ff9d42d605c6b9e",
        "x-ms-return-client-request-id": "true"
      },
      "RequestBody": null,
      "StatusCode": 200,
      "ResponseHeaders": {
        "Cache-Control": "no-cache",
        "Content-Length": "431",
        "Content-Type": "application/json; charset=utf-8",
        "Date": "Fri, 30 Sep 2022 02:28:59 GMT",
        "Expires": "-1",
        "Pragma": "no-cache",
        "Server": [
          "Microsoft-HTTPAPI/2.0",
          "Microsoft-HTTPAPI/2.0"
        ],
        "Strict-Transport-Security": "max-age=31536000; includeSubDomains",
        "X-Content-Type-Options": "nosniff",
        "x-ms-client-request-id": "97b5753fb417d8f48ff9d42d605c6b9e",
        "x-ms-correlation-request-id": "faac6a8e-c218-4637-8452-87f4f7548c04",
        "x-ms-ratelimit-remaining-resource": "Microsoft.Compute/GetGallery3Min;231,Microsoft.Compute/GetGallery30Min;2381",
        "x-ms-ratelimit-remaining-subscription-reads": "11581",
        "x-ms-request-id": "6fc86266-8702-4a5a-8b53-34bcf3763a2f",
        "x-ms-routing-request-id": "SOUTHEASTASIA:20220930T022859Z:faac6a8e-c218-4637-8452-87f4f7548c04",
        "x-ms-served-by": "93349dd3-1a08-407f-a5f3-141bfca8f802_133060701727946635,93349dd3-1a08-407f-a5f3-141bfca8f802_133060701727946635"
      },
      "ResponseBody": {
        "name": "testGallery_8012",
        "id": "/subscriptions/db1ab6f0-4769-4b27-930e-01e2ef9c123c/resourceGroups/testRG-3450/providers/Microsoft.Compute/galleries/testGallery_8012",
        "type": "Microsoft.Compute/galleries",
        "location": "eastus",
        "tags": {},
        "properties": {
          "identifier": {
            "uniqueName": "db1ab6f0-4769-4b27-930e-01e2ef9c123c-TESTGALLERY_8012"
          },
          "provisioningState": "Succeeded"
        }
      }
    },
    {
      "RequestUri": "https://management.azure.com/subscriptions/db1ab6f0-4769-4b27-930e-01e2ef9c123c/resourceGroups/testRG-3450/providers/Microsoft.Compute/galleries/testGallery_8012/images/testImage_5598?api-version=2022-03-03",
      "RequestMethod": "PUT",
      "RequestHeaders": {
        "Accept": "application/json",
        "Authorization": "Sanitized",
        "Content-Length": "142",
        "Content-Type": "application/json",
        "traceparent": "00-6b76e4727bfb39e835f28a0c63de972d-7f1f1195c0009cf0-00",
        "User-Agent": "azsdk-net-ResourceManager.Compute/1.1.0-alpha.20220930.1 (.NET 6.0.9; Microsoft Windows 10.0.22622)",
        "x-ms-client-request-id": "5362a1ff0bed5a525b7b31b716a00f5a",
        "x-ms-return-client-request-id": "true"
      },
      "RequestBody": {
        "tags": {},
        "location": "eastus",
        "properties": {
          "osType": "Linux",
          "identifier": {
            "publisher": "publisher3162",
            "offer": "offer3926",
            "sku": "sku3086"
          }
        }
      },
      "StatusCode": 201,
      "ResponseHeaders": {
        "Azure-AsyncOperation": "https://management.azure.com/subscriptions/db1ab6f0-4769-4b27-930e-01e2ef9c123c/providers/Microsoft.Compute/locations/eastus/capsOperations/ee64310c-249f-46cd-8e2f-27d895b3aea6?api-version=2022-03-03",
        "Cache-Control": "no-cache",
        "Content-Length": "584",
        "Content-Type": "application/json; charset=utf-8",
        "Date": "Fri, 30 Sep 2022 02:29:02 GMT",
        "Expires": "-1",
        "Pragma": "no-cache",
        "Server": [
          "Microsoft-HTTPAPI/2.0",
          "Microsoft-HTTPAPI/2.0"
        ],
        "Strict-Transport-Security": "max-age=31536000; includeSubDomains",
        "X-Content-Type-Options": "nosniff",
        "x-ms-client-request-id": "5362a1ff0bed5a525b7b31b716a00f5a",
        "x-ms-correlation-request-id": "2eee906d-f971-4c2a-b6ff-bfb31db287d0",
        "x-ms-ratelimit-remaining-resource": "Microsoft.Compute/CreateUpdateGalleryImage3Min;146,Microsoft.Compute/CreateUpdateGalleryImage30Min;746",
        "x-ms-ratelimit-remaining-subscription-writes": "992",
        "x-ms-request-id": "ee64310c-249f-46cd-8e2f-27d895b3aea6",
        "x-ms-routing-request-id": "SOUTHEASTASIA:20220930T022902Z:2eee906d-f971-4c2a-b6ff-bfb31db287d0",
        "x-ms-served-by": "93349dd3-1a08-407f-a5f3-141bfca8f802_133060701727946635,93349dd3-1a08-407f-a5f3-141bfca8f802_133060701727946635"
      },
      "ResponseBody": {
        "name": "testImage_5598",
        "id": "/subscriptions/db1ab6f0-4769-4b27-930e-01e2ef9c123c/resourceGroups/testRG-3450/providers/Microsoft.Compute/galleries/testGallery_8012/images/testImage_5598",
        "type": "Microsoft.Compute/galleries/images",
        "location": "eastus",
        "tags": {},
        "properties": {
          "hyperVGeneration": "V1",
          "architecture": "x64",
          "osType": "Linux",
          "osState": "Generalized",
          "identifier": {
            "publisher": "publisher3162",
            "offer": "offer3926",
            "sku": "sku3086"
          },
          "provisioningState": "Creating"
        }
      }
    },
    {
      "RequestUri": "https://management.azure.com/subscriptions/db1ab6f0-4769-4b27-930e-01e2ef9c123c/providers/Microsoft.Compute/locations/eastus/capsOperations/ee64310c-249f-46cd-8e2f-27d895b3aea6?api-version=2022-03-03",
      "RequestMethod": "GET",
      "RequestHeaders": {
        "Authorization": "Sanitized",
        "traceparent": "00-6b76e4727bfb39e835f28a0c63de972d-7100a03f41d385eb-00",
        "User-Agent": "azsdk-net-ResourceManager/1.3.1 (.NET 6.0.9; Microsoft Windows 10.0.22622)",
        "x-ms-client-request-id": "9ea758b961120ba962997c14c71d16c0",
        "x-ms-return-client-request-id": "true"
      },
      "RequestBody": null,
      "StatusCode": 200,
      "ResponseHeaders": {
        "Cache-Control": "no-cache",
        "Content-Length": "184",
        "Content-Type": "application/json; charset=utf-8",
        "Date": "Fri, 30 Sep 2022 02:29:02 GMT",
        "Expires": "-1",
        "Pragma": "no-cache",
        "Server": [
          "Microsoft-HTTPAPI/2.0",
          "Microsoft-HTTPAPI/2.0"
        ],
        "Strict-Transport-Security": "max-age=31536000; includeSubDomains",
        "X-Content-Type-Options": "nosniff",
        "x-ms-client-request-id": "9ea758b961120ba962997c14c71d16c0",
        "x-ms-correlation-request-id": "7cda5617-e8cf-4a9b-805d-1912a0730047",
        "x-ms-ratelimit-remaining-resource": "Microsoft.Compute/GetOperationStatus3Min;1108,Microsoft.Compute/GetOperationStatus30Min;4106",
        "x-ms-ratelimit-remaining-subscription-reads": "11580",
        "x-ms-request-id": "3088a5a3-cfa2-495b-884e-58926df3b502",
        "x-ms-routing-request-id": "SOUTHEASTASIA:20220930T022903Z:7cda5617-e8cf-4a9b-805d-1912a0730047",
        "x-ms-served-by": "93349dd3-1a08-407f-a5f3-141bfca8f802_133060701727946635,93349dd3-1a08-407f-a5f3-141bfca8f802_133060701727946635"
      },
      "ResponseBody": {
        "startTime": "2022-09-30T02:29:01.7296522\u002B00:00",
        "endTime": "2022-09-30T02:29:01.7921584\u002B00:00",
        "status": "Succeeded",
        "name": "ee64310c-249f-46cd-8e2f-27d895b3aea6"
      }
    },
    {
      "RequestUri": "https://management.azure.com/subscriptions/db1ab6f0-4769-4b27-930e-01e2ef9c123c/resourceGroups/testRG-3450/providers/Microsoft.Compute/galleries/testGallery_8012/images/testImage_5598?api-version=2022-03-03",
      "RequestMethod": "GET",
      "RequestHeaders": {
        "Authorization": "Sanitized",
        "traceparent": "00-6b76e4727bfb39e835f28a0c63de972d-fbb75e50d267baad-00",
        "User-Agent": "azsdk-net-ResourceManager/1.3.1 (.NET 6.0.9; Microsoft Windows 10.0.22622)",
        "x-ms-client-request-id": "18b5114cd3e94d1cc23c2d5d6b3202e1",
        "x-ms-return-client-request-id": "true"
      },
      "RequestBody": null,
      "StatusCode": 200,
      "ResponseHeaders": {
        "Cache-Control": "no-cache",
        "Content-Length": "585",
        "Content-Type": "application/json; charset=utf-8",
        "Date": "Fri, 30 Sep 2022 02:29:03 GMT",
        "Expires": "-1",
        "Pragma": "no-cache",
        "Server": [
          "Microsoft-HTTPAPI/2.0",
          "Microsoft-HTTPAPI/2.0"
        ],
        "Strict-Transport-Security": "max-age=31536000; includeSubDomains",
        "X-Content-Type-Options": "nosniff",
        "x-ms-client-request-id": "18b5114cd3e94d1cc23c2d5d6b3202e1",
        "x-ms-correlation-request-id": "9c3aa42a-1898-4b0c-b8b8-4738b2f6609a",
        "x-ms-ratelimit-remaining-resource": "Microsoft.Compute/GetGalleryImage3Min;585,Microsoft.Compute/GetGalleryImage30Min;2985",
        "x-ms-ratelimit-remaining-subscription-reads": "11579",
        "x-ms-request-id": "329cf79f-6cb4-4268-a30b-3dff28ea3408",
        "x-ms-routing-request-id": "SOUTHEASTASIA:20220930T022903Z:9c3aa42a-1898-4b0c-b8b8-4738b2f6609a",
        "x-ms-served-by": "93349dd3-1a08-407f-a5f3-141bfca8f802_133060701727946635,93349dd3-1a08-407f-a5f3-141bfca8f802_133060701727946635"
      },
      "ResponseBody": {
        "name": "testImage_5598",
        "id": "/subscriptions/db1ab6f0-4769-4b27-930e-01e2ef9c123c/resourceGroups/testRG-3450/providers/Microsoft.Compute/galleries/testGallery_8012/images/testImage_5598",
        "type": "Microsoft.Compute/galleries/images",
        "location": "eastus",
        "tags": {},
        "properties": {
          "hyperVGeneration": "V1",
          "architecture": "x64",
          "osType": "Linux",
          "osState": "Generalized",
          "identifier": {
            "publisher": "publisher3162",
            "offer": "offer3926",
            "sku": "sku3086"
          },
          "provisioningState": "Succeeded"
        }
      }
    }
  ],
  "Variables": {
    "AZURE_AUTHORITY_HOST": "https://login.microsoftonline.com",
    "RandomSeed": "1369823842",
    "RESOURCE_MANAGER_URL": null,
    "SUBSCRIPTION_ID": "db1ab6f0-4769-4b27-930e-01e2ef9c123c"
  }
}
