{
  "Entries": [
    {
      "RequestUri": "https://js-metrics-advisor.cognitiveservices.azure.com/metricsadvisor/v1.0/credentials",
      "RequestMethod": "POST",
      "RequestHeaders": {
        "Accept": "application/json",
        "Content-Length": "173",
        "Content-Type": "application/json",
        "Ocp-Apim-Subscription-Key": "Sanitized",
        "traceparent": "00-dc440c501bb84b4aa508097ff15a2195-ace2cf3643f28b4a-00",
        "User-Agent": "azsdk-net-AI.MetricsAdvisor/1.0.0-alpha.20210607.1 (.NET Framework 4.8.4300.0; Microsoft Windows 10.0.19043 )",
        "x-api-key": "Sanitized",
        "x-ms-client-request-id": "049fe66da55268704a97675007f06d49",
        "x-ms-return-client-request-id": "true"
      },
      "RequestBody": {
        "parameters": {
          "clientId": "mock",
          "clientSecret": "Sanitized",
          "tenantId": "mock"
        },
        "dataSourceCredentialType": "ServicePrincipal",
        "dataSourceCredentialName": "credentialyvVUrDJN"
      },
      "StatusCode": 201,
      "ResponseHeaders": {
        "apim-request-id": "a81d99aa-b767-4459-9993-c51e3465f0c8",
        "Content-Length": "0",
        "Date": "Mon, 07 Jun 2021 13:38:31 GMT",
        "Location": "https://js-metrics-advisor.cognitiveservices.azure.com/metricsadvisor/v1.0/credentials/8e571b05-517f-492a-9a37-3779c4af9169",
        "Strict-Transport-Security": "max-age=31536000; includeSubDomains; preload",
        "x-content-type-options": "nosniff",
        "x-envoy-upstream-service-time": "534",
        "x-request-id": "a81d99aa-b767-4459-9993-c51e3465f0c8"
      },
      "ResponseBody": []
    },
    {
      "RequestUri": "https://js-metrics-advisor.cognitiveservices.azure.com/metricsadvisor/v1.0/credentials/8e571b05-517f-492a-9a37-3779c4af9169",
      "RequestMethod": "GET",
      "RequestHeaders": {
        "Accept": "application/json",
        "Ocp-Apim-Subscription-Key": "Sanitized",
        "traceparent": "00-dc440c501bb84b4aa508097ff15a2195-ea456051a5a03c43-00",
        "User-Agent": "azsdk-net-AI.MetricsAdvisor/1.0.0-alpha.20210607.1 (.NET Framework 4.8.4300.0; Microsoft Windows 10.0.19043 )",
        "x-api-key": "Sanitized",
        "x-ms-client-request-id": "068ff85b01d42dfbce279522af9ce2bc",
        "x-ms-return-client-request-id": "true"
      },
      "RequestBody": null,
      "StatusCode": 200,
      "ResponseHeaders": {
        "apim-request-id": "4c385fea-9a4f-4de1-919c-2214102abac1",
        "Content-Length": "247",
        "Content-Type": "application/json; charset=utf-8",
        "Date": "Mon, 07 Jun 2021 13:38:31 GMT",
        "Strict-Transport-Security": "max-age=31536000; includeSubDomains; preload",
        "x-content-type-options": "nosniff",
        "x-envoy-upstream-service-time": "126",
        "x-request-id": "4c385fea-9a4f-4de1-919c-2214102abac1"
      },
      "ResponseBody": {
        "dataSourceCredentialId": "8e571b05-517f-492a-9a37-3779c4af9169",
        "dataSourceCredentialName": "credentialyvVUrDJN",
        "dataSourceCredentialDescription": "",
        "dataSourceCredentialType": "ServicePrincipal",
        "parameters": {
          "clientId": "mock",
          "tenantId": "mock"
        }
      }
    },
    {
      "RequestUri": "https://js-metrics-advisor.cognitiveservices.azure.com/metricsadvisor/v1.0/dataFeeds",
      "RequestMethod": "POST",
      "RequestHeaders": {
        "Accept": "application/json",
        "Content-Length": "415",
        "Content-Type": "application/json",
        "Ocp-Apim-Subscription-Key": "Sanitized",
        "traceparent": "00-475ed796e01c1f4482d11cb9c5f440b1-e0b23dc0f3b2c74a-00",
        "User-Agent": "azsdk-net-AI.MetricsAdvisor/1.0.0-alpha.20210607.1 (.NET Framework 4.8.4300.0; Microsoft Windows 10.0.19043 )",
        "x-api-key": "Sanitized",
        "x-ms-client-request-id": "ffc7738de9df3b4c52c1b4967d901b6c",
        "x-ms-return-client-request-id": "true"
      },
      "RequestBody": {
        "dataSourceParameter": {
          "accountName": "mock",
          "accountKey": "Sanitized",
          "fileSystemName": "mock",
          "directoryTemplate": "mock",
          "fileTemplate": "mock"
        },
        "dataSourceType": "AzureDataLakeStorageGen2",
        "dataFeedName": "dataFeedLupANziW",
        "granularityName": "Daily",
        "metrics": [
          {
            "metricName": "cost"
          }
        ],
        "dataStartFrom": "2020-08-01T00:00:00Z",
        "authenticationType": "ServicePrincipal",
        "credentialId": "8e571b05-517f-492a-9a37-3779c4af9169"
      },
      "StatusCode": 201,
      "ResponseHeaders": {
        "apim-request-id": "61a0644d-91f0-449a-9ad7-34420aeff37f",
        "Content-Length": "0",
        "Date": "Mon, 07 Jun 2021 13:38:32 GMT",
        "Location": "https://js-metrics-advisor.cognitiveservices.azure.com/metricsadvisor/v1.0/dataFeeds/508a61a8-5cb1-400a-8955-9039eb77d432",
        "Strict-Transport-Security": "max-age=31536000; includeSubDomains; preload",
        "x-content-type-options": "nosniff",
        "x-envoy-upstream-service-time": "653",
        "x-request-id": "61a0644d-91f0-449a-9ad7-34420aeff37f"
      },
      "ResponseBody": []
    },
    {
      "RequestUri": "https://js-metrics-advisor.cognitiveservices.azure.com/metricsadvisor/v1.0/dataFeeds/508a61a8-5cb1-400a-8955-9039eb77d432",
      "RequestMethod": "GET",
      "RequestHeaders": {
        "Accept": "application/json",
        "Ocp-Apim-Subscription-Key": "Sanitized",
        "traceparent": "00-475ed796e01c1f4482d11cb9c5f440b1-85b7933cc7b3874b-00",
        "User-Agent": "azsdk-net-AI.MetricsAdvisor/1.0.0-alpha.20210607.1 (.NET Framework 4.8.4300.0; Microsoft Windows 10.0.19043 )",
        "x-api-key": "Sanitized",
        "x-ms-client-request-id": "2b3572ea4d0faeb8b4ab8ca698c2653d",
        "x-ms-return-client-request-id": "true"
      },
      "RequestBody": null,
      "StatusCode": 200,
      "ResponseHeaders": {
        "apim-request-id": "7b96746e-ef0e-4fff-b42c-0bbb1b65c90d",
        "Content-Length": "1031",
        "Content-Type": "application/json; charset=utf-8",
        "Date": "Mon, 07 Jun 2021 13:38:32 GMT",
        "Strict-Transport-Security": "max-age=31536000; includeSubDomains; preload",
        "x-content-type-options": "nosniff",
        "x-envoy-upstream-service-time": "160",
        "x-request-id": "7b96746e-ef0e-4fff-b42c-0bbb1b65c90d"
      },
      "ResponseBody": {
        "dataFeedId": "508a61a8-5cb1-400a-8955-9039eb77d432",
        "dataFeedName": "dataFeedLupANziW",
        "metrics": [
          {
            "metricId": "2206de87-7b04-4e44-8bad-49c819024263",
            "metricName": "cost",
            "metricDisplayName": "cost",
            "metricDescription": ""
          }
        ],
        "dimension": [],
        "dataStartFrom": "2020-08-01T00:00:00Z",
        "dataSourceType": "AzureDataLakeStorageGen2",
        "timestampColumn": "",
        "startOffsetInSeconds": 0,
        "maxQueryPerMinute": 30.0,
        "granularityName": "Daily",
        "needRollup": "NoRollup",
        "fillMissingPointType": "PreviousValue",
        "fillMissingPointValue": 0.0,
        "rollUpMethod": "None",
        "dataFeedDescription": "",
        "stopRetryAfterInSeconds": -1,
        "minRetryIntervalInSeconds": -1,
        "maxConcurrency": -1,
        "viewMode": "Private",
        "admins": [
          "foo@contoso.com"
        ],
        "viewers": [],
        "creator": "foo@contoso.com",
        "status": "Active",
        "createdTime": "2021-06-07T13:38:32Z",
        "isAdmin": true,
        "actionLinkTemplate": "",
        "dataSourceParameter": {
          "fileTemplate": "mock",
          "accountName": "mock",
          "directoryTemplate": "mock",
          "fileSystemName": "mock"
        },
        "authenticationType": "ServicePrincipal",
        "credentialId": "8e571b05-517f-492a-9a37-3779c4af9169"
      }
    },
    {
      "RequestUri": "https://js-metrics-advisor.cognitiveservices.azure.com/metricsadvisor/v1.0/dataFeeds/508a61a8-5cb1-400a-8955-9039eb77d432",
      "RequestMethod": "GET",
      "RequestHeaders": {
        "Accept": "application/json",
        "Ocp-Apim-Subscription-Key": "Sanitized",
        "traceparent": "00-44bb6691d59c0f458dbd5136aa24f685-4262a294397fa446-00",
        "User-Agent": "azsdk-net-AI.MetricsAdvisor/1.0.0-alpha.20210607.1 (.NET Framework 4.8.4300.0; Microsoft Windows 10.0.19043 )",
        "x-api-key": "Sanitized",
        "x-ms-client-request-id": "6079eaddfc39e54dda5ad0ede84b3e33",
        "x-ms-return-client-request-id": "true"
      },
      "RequestBody": null,
      "StatusCode": 200,
      "ResponseHeaders": {
        "apim-request-id": "3369ea6f-8d6e-4d78-92d9-d60ac2a86280",
        "Content-Length": "1031",
        "Content-Type": "application/json; charset=utf-8",
        "Date": "Mon, 07 Jun 2021 13:38:32 GMT",
        "Strict-Transport-Security": "max-age=31536000; includeSubDomains; preload",
        "x-content-type-options": "nosniff",
        "x-envoy-upstream-service-time": "155",
        "x-request-id": "3369ea6f-8d6e-4d78-92d9-d60ac2a86280"
      },
      "ResponseBody": {
        "dataFeedId": "508a61a8-5cb1-400a-8955-9039eb77d432",
        "dataFeedName": "dataFeedLupANziW",
        "metrics": [
          {
            "metricId": "2206de87-7b04-4e44-8bad-49c819024263",
            "metricName": "cost",
            "metricDisplayName": "cost",
            "metricDescription": ""
          }
        ],
        "dimension": [],
        "dataStartFrom": "2020-08-01T00:00:00Z",
        "dataSourceType": "AzureDataLakeStorageGen2",
        "timestampColumn": "",
        "startOffsetInSeconds": 0,
        "maxQueryPerMinute": 30.0,
        "granularityName": "Daily",
        "needRollup": "NoRollup",
        "fillMissingPointType": "PreviousValue",
        "fillMissingPointValue": 0.0,
        "rollUpMethod": "None",
        "dataFeedDescription": "",
        "stopRetryAfterInSeconds": -1,
        "minRetryIntervalInSeconds": -1,
        "maxConcurrency": -1,
        "viewMode": "Private",
        "admins": [
          "foo@contoso.com"
        ],
        "viewers": [],
        "creator": "foo@contoso.com",
        "status": "Active",
        "createdTime": "2021-06-07T13:38:32Z",
        "isAdmin": true,
        "actionLinkTemplate": "",
        "dataSourceParameter": {
          "fileTemplate": "mock",
          "accountName": "mock",
          "directoryTemplate": "mock",
          "fileSystemName": "mock"
        },
        "authenticationType": "ServicePrincipal",
        "credentialId": "8e571b05-517f-492a-9a37-3779c4af9169"
      }
    },
    {
      "RequestUri": "https://js-metrics-advisor.cognitiveservices.azure.com/metricsadvisor/v1.0/dataFeeds/508a61a8-5cb1-400a-8955-9039eb77d432",
      "RequestMethod": "DELETE",
      "RequestHeaders": {
        "Accept": "application/json",
        "Ocp-Apim-Subscription-Key": "Sanitized",
        "traceparent": "00-580e057af48c37428fd6c6b96041a4f8-5d450b42cc034e43-00",
        "User-Agent": "azsdk-net-AI.MetricsAdvisor/1.0.0-alpha.20210607.1 (.NET Framework 4.8.4300.0; Microsoft Windows 10.0.19043 )",
        "x-api-key": "Sanitized",
        "x-ms-client-request-id": "71c0ec45f0e83f94ba184b345da6a28f",
        "x-ms-return-client-request-id": "true"
      },
      "RequestBody": null,
      "StatusCode": 204,
      "ResponseHeaders": {
        "apim-request-id": "bd3c54a9-4fd9-41e2-b27d-8009b848fd04",
        "Content-Length": "0",
        "Date": "Mon, 07 Jun 2021 13:38:32 GMT",
        "Strict-Transport-Security": "max-age=31536000; includeSubDomains; preload",
        "x-content-type-options": "nosniff",
        "x-envoy-upstream-service-time": "318",
        "x-request-id": "bd3c54a9-4fd9-41e2-b27d-8009b848fd04"
      },
      "ResponseBody": []
    },
    {
      "RequestUri": "https://js-metrics-advisor.cognitiveservices.azure.com/metricsadvisor/v1.0/credentials/8e571b05-517f-492a-9a37-3779c4af9169",
      "RequestMethod": "DELETE",
      "RequestHeaders": {
        "Accept": "application/json",
        "Ocp-Apim-Subscription-Key": "Sanitized",
        "traceparent": "00-21c0a4961b85b24fbdc2f9e043a0a76e-c1c133e889a76141-00",
        "User-Agent": "azsdk-net-AI.MetricsAdvisor/1.0.0-alpha.20210607.1 (.NET Framework 4.8.4300.0; Microsoft Windows 10.0.19043 )",
        "x-api-key": "Sanitized",
        "x-ms-client-request-id": "92b9765cba16ee32245050b47dcac668",
        "x-ms-return-client-request-id": "true"
      },
      "RequestBody": null,
      "StatusCode": 204,
      "ResponseHeaders": {
        "apim-request-id": "4a740abf-1e0b-42e6-8c10-ee65175b7f30",
        "Content-Length": "0",
        "Date": "Mon, 07 Jun 2021 13:38:33 GMT",
        "Strict-Transport-Security": "max-age=31536000; includeSubDomains; preload",
        "x-content-type-options": "nosniff",
        "x-envoy-upstream-service-time": "209",
        "x-request-id": "4a740abf-1e0b-42e6-8c10-ee65175b7f30"
      },
      "ResponseBody": []
    }
  ],
  "Variables": {
    "METRICSADVISOR_ACCOUNT_NAME": "js-metrics-advisor",
    "METRICSADVISOR_ENDPOINT_SUFFIX": null,
    "METRICSADVISOR_PRIMARY_API_KEY": "Sanitized",
    "METRICSADVISOR_SUBSCRIPTION_KEY": "Sanitized",
    "RandomSeed": "358630832"
  }
}