{
  "Entries": [
    {
      "RequestUri": "https://js-metrics-advisor.cognitiveservices.azure.com/metricsadvisor/v1.0/dataFeeds",
      "RequestMethod": "POST",
      "RequestHeaders": {
        "Accept": "application/json",
        "Content-Length": "270",
        "Content-Type": "application/json",
        "Ocp-Apim-Subscription-Key": "Sanitized",
        "traceparent": "00-ba7d022f0fe800478705767d4cbb0da2-b3589443f009724b-00",
        "User-Agent": "azsdk-net-AI.MetricsAdvisor/1.0.0-alpha.20210607.1 (.NET Framework 4.8.4300.0; Microsoft Windows 10.0.19043 )",
        "x-api-key": "Sanitized",
        "x-ms-client-request-id": "b11d2ecee9e5244c85e353276ed30bee",
        "x-ms-return-client-request-id": "true"
      },
      "RequestBody": {
        "dataSourceParameter": {
          "connectionString": "Sanitized",
          "query": "mock"
        },
        "dataSourceType": "AzureDataExplorer",
        "dataFeedName": "dataFeedfbsFNREu",
        "granularityName": "Daily",
        "metrics": [
          {
            "metricName": "cost"
          }
        ],
        "dataStartFrom": "2020-08-01T00:00:00.0000000Z",
        "authenticationType": "Basic"
      },
      "StatusCode": 201,
      "ResponseHeaders": {
        "apim-request-id": "6376d4f1-4b0f-4512-ba3c-de61412d9b64",
        "Content-Length": "0",
        "Date": "Mon, 07 Jun 2021 13:38:07 GMT",
        "Location": "https://js-metrics-advisor.cognitiveservices.azure.com/metricsadvisor/v1.0/dataFeeds/f636472e-f4f5-4853-a261-58985daf5b5e",
        "Strict-Transport-Security": "max-age=31536000; includeSubDomains; preload",
        "x-content-type-options": "nosniff",
        "x-envoy-upstream-service-time": "604",
        "x-request-id": "6376d4f1-4b0f-4512-ba3c-de61412d9b64"
      },
      "ResponseBody": []
    },
    {
      "RequestUri": "https://js-metrics-advisor.cognitiveservices.azure.com/metricsadvisor/v1.0/dataFeeds/f636472e-f4f5-4853-a261-58985daf5b5e",
      "RequestMethod": "GET",
      "RequestHeaders": {
        "Accept": "application/json",
        "Ocp-Apim-Subscription-Key": "Sanitized",
        "traceparent": "00-ba7d022f0fe800478705767d4cbb0da2-d484a2fc169b994d-00",
        "User-Agent": "azsdk-net-AI.MetricsAdvisor/1.0.0-alpha.20210607.1 (.NET Framework 4.8.4300.0; Microsoft Windows 10.0.19043 )",
        "x-api-key": "Sanitized",
        "x-ms-client-request-id": "272a6a70b88b24b9e251e589f264a891",
        "x-ms-return-client-request-id": "true"
      },
      "RequestBody": null,
      "StatusCode": 200,
      "ResponseHeaders": {
        "apim-request-id": "3a89709a-70b1-4d3f-b324-d619b4e76feb",
        "Content-Length": "880",
        "Content-Type": "application/json; charset=utf-8",
        "Date": "Mon, 07 Jun 2021 13:38:07 GMT",
        "Strict-Transport-Security": "max-age=31536000; includeSubDomains; preload",
        "x-content-type-options": "nosniff",
        "x-envoy-upstream-service-time": "205",
        "x-request-id": "3a89709a-70b1-4d3f-b324-d619b4e76feb"
      },
      "ResponseBody": {
        "dataFeedId": "f636472e-f4f5-4853-a261-58985daf5b5e",
        "dataFeedName": "dataFeedfbsFNREu",
        "metrics": [
          {
            "metricId": "ccba9d73-4fda-4bb4-969c-284e93344f6c",
            "metricName": "cost",
            "metricDisplayName": "cost",
            "metricDescription": ""
          }
        ],
        "dimension": [],
        "dataStartFrom": "2020-08-01T00:00:00.0000000Z",
        "dataSourceType": "AzureDataExplorer",
        "timestampColumn": "",
        "startOffsetInSeconds": 0,
        "maxQueryPerMinute": 30.0,
        "granularityName": "Daily",
        "needRollup": "NoRollup",
        "fillMissingPointType": "PreviousValue",
        "fillMissingPointValue": 0.0,
        "rollUpMethod": "None",
        "dataFeedDescription": "",
        "stopRetryAfterInSeconds": -1,
        "minRetryIntervalInSeconds": -1,
        "maxConcurrency": -1,
        "viewMode": "Private",
        "admins": [
          "foo@contoso.com"
        ],
        "viewers": [],
        "creator": "foo@contoso.com",
        "status": "Active",
        "createdTime": "2021-06-07T13:38:07Z",
        "isAdmin": true,
        "actionLinkTemplate": "",
        "dataSourceParameter": {
          "query": "mock"
        },
        "authenticationType": "Basic"
      }
    },
    {
      "RequestUri": "https://js-metrics-advisor.cognitiveservices.azure.com/metricsadvisor/v1.0/dataFeeds/f636472e-f4f5-4853-a261-58985daf5b5e",
      "RequestMethod": "GET",
      "RequestHeaders": {
        "Accept": "application/json",
        "Ocp-Apim-Subscription-Key": "Sanitized",
        "traceparent": "00-2bebda11a2a28f4bad1cbc3dbe142a49-ca89da6d714b9144-00",
        "User-Agent": "azsdk-net-AI.MetricsAdvisor/1.0.0-alpha.20210607.1 (.NET Framework 4.8.4300.0; Microsoft Windows 10.0.19043 )",
        "x-api-key": "Sanitized",
        "x-ms-client-request-id": "2adc528c8e76e6ed2a9d9bea5a2ea99a",
        "x-ms-return-client-request-id": "true"
      },
      "RequestBody": null,
      "StatusCode": 200,
      "ResponseHeaders": {
        "apim-request-id": "10b83aad-e675-44ef-a0a6-8c40c6e8496c",
        "Content-Length": "880",
        "Content-Type": "application/json; charset=utf-8",
        "Date": "Mon, 07 Jun 2021 13:38:08 GMT",
        "Strict-Transport-Security": "max-age=31536000; includeSubDomains; preload",
        "x-content-type-options": "nosniff",
        "x-envoy-upstream-service-time": "239",
        "x-request-id": "10b83aad-e675-44ef-a0a6-8c40c6e8496c"
      },
      "ResponseBody": {
        "dataFeedId": "f636472e-f4f5-4853-a261-58985daf5b5e",
        "dataFeedName": "dataFeedfbsFNREu",
        "metrics": [
          {
            "metricId": "ccba9d73-4fda-4bb4-969c-284e93344f6c",
            "metricName": "cost",
            "metricDisplayName": "cost",
            "metricDescription": ""
          }
        ],
        "dimension": [],
        "dataStartFrom": "2020-08-01T00:00:00.0000000Z",
        "dataSourceType": "AzureDataExplorer",
        "timestampColumn": "",
        "startOffsetInSeconds": 0,
        "maxQueryPerMinute": 30.0,
        "granularityName": "Daily",
        "needRollup": "NoRollup",
        "fillMissingPointType": "PreviousValue",
        "fillMissingPointValue": 0.0,
        "rollUpMethod": "None",
        "dataFeedDescription": "",
        "stopRetryAfterInSeconds": -1,
        "minRetryIntervalInSeconds": -1,
        "maxConcurrency": -1,
        "viewMode": "Private",
        "admins": [
          "foo@contoso.com"
        ],
        "viewers": [],
        "creator": "foo@contoso.com",
        "status": "Active",
        "createdTime": "2021-06-07T13:38:07Z",
        "isAdmin": true,
        "actionLinkTemplate": "",
        "dataSourceParameter": {
          "query": "mock"
        },
        "authenticationType": "Basic"
      }
    },
    {
      "RequestUri": "https://js-metrics-advisor.cognitiveservices.azure.com/metricsadvisor/v1.0/dataFeeds/f636472e-f4f5-4853-a261-58985daf5b5e",
      "RequestMethod": "DELETE",
      "RequestHeaders": {
        "Accept": "application/json",
        "Ocp-Apim-Subscription-Key": "Sanitized",
        "traceparent": "00-78d61e69bda990489d872b1d62f9cfa6-d469b2fa281fd548-00",
        "User-Agent": "azsdk-net-AI.MetricsAdvisor/1.0.0-alpha.20210607.1 (.NET Framework 4.8.4300.0; Microsoft Windows 10.0.19043 )",
        "x-api-key": "Sanitized",
        "x-ms-client-request-id": "52739b74d526161374f9ce9303c23221",
        "x-ms-return-client-request-id": "true"
      },
      "RequestBody": null,
      "StatusCode": 204,
      "ResponseHeaders": {
        "apim-request-id": "acc11f17-b26f-4f3e-a5e0-10016fc6d6be",
        "Content-Length": "0",
        "Date": "Mon, 07 Jun 2021 13:38:08 GMT",
        "Strict-Transport-Security": "max-age=31536000; includeSubDomains; preload",
        "x-content-type-options": "nosniff",
        "x-envoy-upstream-service-time": "403",
        "x-request-id": "acc11f17-b26f-4f3e-a5e0-10016fc6d6be"
      },
      "ResponseBody": []
    }
  ],
  "Variables": {
    "METRICSADVISOR_ACCOUNT_NAME": "js-metrics-advisor",
    "METRICSADVISOR_ENDPOINT_SUFFIX": null,
    "METRICSADVISOR_PRIMARY_API_KEY": "Sanitized",
    "METRICSADVISOR_SUBSCRIPTION_KEY": "Sanitized",
    "RandomSeed": "460039788"
  }
}