{
  "Entries": [
    {
      "RequestUri": "https://js-metrics-advisor.cognitiveservices.azure.com/metricsadvisor/v1.0/dataFeeds",
      "RequestMethod": "POST",
      "RequestHeaders": {
        "Accept": "application/json",
        "Content-Length": "277",
        "Content-Type": "application/json",
        "Ocp-Apim-Subscription-Key": "Sanitized",
        "traceparent": "00-9af39765e02f6441baabcf4cca9ca484-9129ef6943819946-00",
        "User-Agent": "azsdk-net-AI.MetricsAdvisor/1.0.0-alpha.20210105.1 (.NET Framework 4.8.4250.0; Microsoft Windows 10.0.19042 )",
        "x-api-key": "Sanitized",
        "x-ms-client-request-id": "47bb13ef83b42a39dfd3b72ad8623d92",
        "x-ms-return-client-request-id": "true"
      },
      "RequestBody": {
        "dataSourceParameter": {
          "host": "https://fakehost.com/",
          "port": "port",
          "authHeader": "Sanitized",
          "query": "query"
        },
        "dataSourceType": "Elasticsearch",
        "dataFeedName": "dataFeedNmL1hh6d",
        "granularityName": "Daily",
        "metrics": [
          {
            "metricName": "cost"
          }
        ],
        "dataStartFrom": "2020-08-01T00:00:00Z"
      },
      "StatusCode": 201,
      "ResponseHeaders": {
        "apim-request-id": "53b4f8a5-b47d-4c71-a2d1-b143b22e64ee",
        "Content-Length": "0",
        "Date": "Wed, 06 Jan 2021 01:16:29 GMT",
        "Location": "https://js-metrics-advisor.cognitiveservices.azure.com/metricsadvisor/v1.0/dataFeeds/b2f56f6a-143b-44e8-97df-5fe53534c010",
        "Strict-Transport-Security": "max-age=31536000; includeSubDomains; preload",
        "x-content-type-options": "nosniff",
        "x-envoy-upstream-service-time": "2567",
        "x-request-id": "53b4f8a5-b47d-4c71-a2d1-b143b22e64ee"
      },
      "ResponseBody": []
    },
    {
      "RequestUri": "https://js-metrics-advisor.cognitiveservices.azure.com/metricsadvisor/v1.0/dataFeeds/b2f56f6a-143b-44e8-97df-5fe53534c010",
      "RequestMethod": "GET",
      "RequestHeaders": {
        "Accept": "application/json",
        "Ocp-Apim-Subscription-Key": "Sanitized",
        "traceparent": "00-105144e7fb79fa4b980e70d006b60e3a-a90c9a09caa0684d-00",
        "User-Agent": "azsdk-net-AI.MetricsAdvisor/1.0.0-alpha.20210105.1 (.NET Framework 4.8.4250.0; Microsoft Windows 10.0.19042 )",
        "x-api-key": "Sanitized",
        "x-ms-client-request-id": "1986a5cf274fbe6bdd8c8586a6fcf6f3",
        "x-ms-return-client-request-id": "true"
      },
      "RequestBody": null,
      "StatusCode": 200,
      "ResponseHeaders": {
        "apim-request-id": "6f533167-0b98-455c-8a33-1f5fa42d608e",
        "Content-Length": "989",
        "Content-Type": "application/json; charset=utf-8",
        "Date": "Wed, 06 Jan 2021 01:16:30 GMT",
        "Strict-Transport-Security": "max-age=31536000; includeSubDomains; preload",
        "x-content-type-options": "nosniff",
        "x-envoy-upstream-service-time": "347",
        "x-request-id": "6f533167-0b98-455c-8a33-1f5fa42d608e"
      },
      "ResponseBody": {
        "dataFeedId": "b2f56f6a-143b-44e8-97df-5fe53534c010",
        "dataFeedName": "dataFeedNmL1hh6d",
        "metrics": [
          {
            "metricId": "6373d1a2-96dd-4c6e-889e-595a6c2f2099",
            "metricName": "cost",
            "metricDisplayName": "cost",
            "metricDescription": ""
          }
        ],
        "dimension": [],
        "dataStartFrom": "2020-08-01T00:00:00Z",
        "dataSourceType": "Elasticsearch",
        "timestampColumn": "",
        "startOffsetInSeconds": 0,
        "maxQueryPerMinute": 30.0,
        "granularityName": "Daily",
        "granularityAmount": null,
        "allUpIdentification": null,
        "needRollup": "NoRollup",
        "fillMissingPointType": "PreviousValue",
        "fillMissingPointValue": 0.0,
        "rollUpMethod": "None",
        "rollUpColumns": [],
        "dataFeedDescription": "",
        "stopRetryAfterInSeconds": -1,
        "minRetryIntervalInSeconds": -1,
        "maxConcurrency": -1,
        "viewMode": "Private",
        "admins": [
          "foo@contoso.com"
        ],
        "viewers": [],
        "creator": "foo@contoso.com",
        "status": "Active",
        "createdTime": "2021-01-06T01:16:30Z",
        "isAdmin": true,
        "actionLinkTemplate": "",
        "dataSourceParameter": {
          "authHeader": "Sanitized",
          "port": "port",
          "query": "query",
          "host": "https://fakehost.com/"
        }
      }
    },
    {
      "RequestUri": "https://js-metrics-advisor.cognitiveservices.azure.com/metricsadvisor/v1.0/dataFeeds/b2f56f6a-143b-44e8-97df-5fe53534c010",
      "RequestMethod": "DELETE",
      "RequestHeaders": {
        "Accept": "application/json",
        "Ocp-Apim-Subscription-Key": "Sanitized",
        "traceparent": "00-9e2698e1795eb84a9c0b6a4f97b0c749-765cf73b3c1b364e-00",
        "User-Agent": "azsdk-net-AI.MetricsAdvisor/1.0.0-alpha.20210105.1 (.NET Framework 4.8.4250.0; Microsoft Windows 10.0.19042 )",
        "x-api-key": "Sanitized",
        "x-ms-client-request-id": "925117ff88fbe1c4e8b6147960e3e6d2",
        "x-ms-return-client-request-id": "true"
      },
      "RequestBody": null,
      "StatusCode": 204,
      "ResponseHeaders": {
        "apim-request-id": "8ecf9ec0-ef8e-48fd-a726-55ec62aa401c",
        "Content-Length": "0",
        "Date": "Wed, 06 Jan 2021 01:16:31 GMT",
        "Strict-Transport-Security": "max-age=31536000; includeSubDomains; preload",
        "x-content-type-options": "nosniff",
        "x-envoy-upstream-service-time": "1244",
        "x-request-id": "8ecf9ec0-ef8e-48fd-a726-55ec62aa401c"
      },
      "ResponseBody": []
    }
  ],
  "Variables": {
    "DateTimeOffsetNow": "2021-01-05T17:16:31.2488462-08:00",
    "METRICSADVISOR_ACCOUNT_NAME": "js-metrics-advisor",
    "METRICSADVISOR_ENDPOINT_SUFFIX": null,
    "METRICSADVISOR_PRIMARY_API_KEY": "Sanitized",
    "METRICSADVISOR_SUBSCRIPTION_KEY": "Sanitized",
    "RandomSeed": "1347209240"
  }
}