{
  "Entries": [
    {
      "RequestUri": "https://js-metrics-advisor.cognitiveservices.azure.com/metricsadvisor/v1.0/dataFeeds",
      "RequestMethod": "POST",
      "RequestHeaders": {
        "Accept": "application/json",
        "Content-Length": "1029",
        "Content-Type": "application/json",
        "Ocp-Apim-Subscription-Key": "Sanitized",
        "traceparent": "00-50bda2839b51f2468d7091de82421960-f244fcfde3058945-00",
        "User-Agent": "azsdk-net-AI.MetricsAdvisor/1.0.0-alpha.20210528.1 (.NET Framework 4.8.4300.0; Microsoft Windows 10.0.19043 )",
        "x-api-key": "Sanitized",
        "x-ms-client-request-id": "5d93cfe15d8f08b80fa08a606ba98f41",
        "x-ms-return-client-request-id": "true"
      },
      "RequestBody": {
        "dataSourceParameter": {
          "connectionString": "Sanitized",
          "sqlQuery": "query",
          "database": "database",
          "collectionId": "collectId"
        },
        "dataSourceType": "AzureCosmosDB",
        "dataFeedName": "dataFeedbDb3DlWr",
        "dataFeedDescription": "This data feed was created to test the .NET client.",
        "granularityName": "Custom",
        "granularityAmount": 1360,
        "metrics": [
          {
            "metricName": "cost",
            "metricDisplayName": "costDisplayName",
            "metricDescription": "costDescription"
          },
          {
            "metricName": "revenue",
            "metricDisplayName": "revenueDisplayName",
            "metricDescription": "revenueDescription"
          }
        ],
        "dimension": [
          {
            "dimensionName": "city"
          },
          {
            "dimensionName": "category",
            "dimensionDisplayName": "categoryDisplayName"
          }
        ],
        "timestampColumn": "timestamp",
        "dataStartFrom": "2020-08-01T00:00:00Z",
        "startOffsetInSeconds": 1800,
        "maxConcurrency": 5,
        "minRetryIntervalInSeconds": 80,
        "stopRetryAfterInSeconds": 600,
        "fillMissingPointType": "CustomValue",
        "fillMissingPointValue": 45,
        "viewMode": "Public",
        "admins": [
          "fake@admin.com"
        ],
        "viewers": [
          "fake@viewer.com"
        ],
        "actionLinkTemplate": "https://fakeurl.com/%metric/%datafeed"
      },
      "StatusCode": 201,
      "ResponseHeaders": {
        "apim-request-id": "5516d8a7-498d-4e67-aa43-9ee9ed9279be",
        "Content-Length": "0",
        "Date": "Fri, 28 May 2021 21:23:32 GMT",
        "Location": "https://js-metrics-advisor.cognitiveservices.azure.com/metricsadvisor/v1.0/dataFeeds/62d72bd5-17b6-4e58-97cf-2a098084a3bf",
        "Strict-Transport-Security": "max-age=31536000; includeSubDomains; preload",
        "x-content-type-options": "nosniff",
        "x-envoy-upstream-service-time": "5594",
        "x-request-id": "5516d8a7-498d-4e67-aa43-9ee9ed9279be"
      },
      "ResponseBody": []
    },
    {
      "RequestUri": "https://js-metrics-advisor.cognitiveservices.azure.com/metricsadvisor/v1.0/dataFeeds/62d72bd5-17b6-4e58-97cf-2a098084a3bf",
      "RequestMethod": "GET",
      "RequestHeaders": {
        "Accept": "application/json",
        "Ocp-Apim-Subscription-Key": "Sanitized",
        "traceparent": "00-50bda2839b51f2468d7091de82421960-09dd9af31a3f2941-00",
        "User-Agent": "azsdk-net-AI.MetricsAdvisor/1.0.0-alpha.20210528.1 (.NET Framework 4.8.4300.0; Microsoft Windows 10.0.19043 )",
        "x-api-key": "Sanitized",
        "x-ms-client-request-id": "7c55837cfb14e9e0869972e95154e801",
        "x-ms-return-client-request-id": "true"
      },
      "RequestBody": null,
      "StatusCode": 200,
      "ResponseHeaders": {
        "apim-request-id": "9bfaa5fb-27d5-4a61-8fa6-ebd55c843406",
        "Content-Length": "1398",
        "Content-Type": "application/json; charset=utf-8",
        "Date": "Fri, 28 May 2021 21:23:32 GMT",
        "Strict-Transport-Security": "max-age=31536000; includeSubDomains; preload",
        "x-content-type-options": "nosniff",
        "x-envoy-upstream-service-time": "261",
        "x-request-id": "9bfaa5fb-27d5-4a61-8fa6-ebd55c843406"
      },
      "ResponseBody": {
        "dataFeedId": "62d72bd5-17b6-4e58-97cf-2a098084a3bf",
        "dataFeedName": "dataFeedbDb3DlWr",
        "metrics": [
          {
            "metricId": "1108b316-9807-4e7a-a87e-07c5195a4259",
            "metricName": "cost",
            "metricDisplayName": "costDisplayName",
            "metricDescription": "costDescription"
          },
          {
            "metricId": "763b2074-77da-4fd7-be0b-fd2b7b6a3bd8",
            "metricName": "revenue",
            "metricDisplayName": "revenueDisplayName",
            "metricDescription": "revenueDescription"
          }
        ],
        "dimension": [
          {
            "dimensionName": "category",
            "dimensionDisplayName": "categoryDisplayName"
          },
          {
            "dimensionName": "city",
            "dimensionDisplayName": "city"
          }
        ],
        "dataStartFrom": "2020-08-01T00:00:00Z",
        "dataSourceType": "AzureCosmosDB",
        "timestampColumn": "timestamp",
        "startOffsetInSeconds": 1800,
        "maxQueryPerMinute": 30.0,
        "granularityName": "Custom",
        "granularityAmount": 1360,
        "needRollup": "NoRollup",
        "fillMissingPointType": "CustomValue",
        "fillMissingPointValue": 45.0,
        "rollUpMethod": "None",
        "dataFeedDescription": "This data feed was created to test the .NET client.",
        "stopRetryAfterInSeconds": 600,
        "minRetryIntervalInSeconds": 80,
        "maxConcurrency": 5,
        "viewMode": "Public",
        "admins": [
          "fake@admin.com",
          "foo@contoso.com"
        ],
        "viewers": [
          "fake@viewer.com"
        ],
        "creator": "foo@contoso.com",
        "status": "Active",
        "createdTime": "2021-05-28T21:23:33Z",
        "isAdmin": true,
        "actionLinkTemplate": "https://fakeurl.com/%metric/%datafeed",
        "dataSourceParameter": {
          "database": "database",
          "sqlQuery": "query",
          "collectionId": "collectId"
        },
        "authenticationType": "Basic"
      }
    },
    {
      "RequestUri": "https://js-metrics-advisor.cognitiveservices.azure.com/metricsadvisor/v1.0/dataFeeds/62d72bd5-17b6-4e58-97cf-2a098084a3bf",
      "RequestMethod": "GET",
      "RequestHeaders": {
        "Accept": "application/json",
        "Ocp-Apim-Subscription-Key": "Sanitized",
        "traceparent": "00-0b33c17dde9dec46946893b6d51f69ff-e84007a137af4846-00",
        "User-Agent": "azsdk-net-AI.MetricsAdvisor/1.0.0-alpha.20210528.1 (.NET Framework 4.8.4300.0; Microsoft Windows 10.0.19043 )",
        "x-api-key": "Sanitized",
        "x-ms-client-request-id": "67370370dcd72058523cb609f739e552",
        "x-ms-return-client-request-id": "true"
      },
      "RequestBody": null,
      "StatusCode": 200,
      "ResponseHeaders": {
        "apim-request-id": "f4da5779-8662-463b-a993-bd25a14f7e20",
        "Content-Length": "1398",
        "Content-Type": "application/json; charset=utf-8",
        "Date": "Fri, 28 May 2021 21:23:33 GMT",
        "Strict-Transport-Security": "max-age=31536000; includeSubDomains; preload",
        "x-content-type-options": "nosniff",
        "x-envoy-upstream-service-time": "234",
        "x-request-id": "f4da5779-8662-463b-a993-bd25a14f7e20"
      },
      "ResponseBody": {
        "dataFeedId": "62d72bd5-17b6-4e58-97cf-2a098084a3bf",
        "dataFeedName": "dataFeedbDb3DlWr",
        "metrics": [
          {
            "metricId": "1108b316-9807-4e7a-a87e-07c5195a4259",
            "metricName": "cost",
            "metricDisplayName": "costDisplayName",
            "metricDescription": "costDescription"
          },
          {
            "metricId": "763b2074-77da-4fd7-be0b-fd2b7b6a3bd8",
            "metricName": "revenue",
            "metricDisplayName": "revenueDisplayName",
            "metricDescription": "revenueDescription"
          }
        ],
        "dimension": [
          {
            "dimensionName": "category",
            "dimensionDisplayName": "categoryDisplayName"
          },
          {
            "dimensionName": "city",
            "dimensionDisplayName": "city"
          }
        ],
        "dataStartFrom": "2020-08-01T00:00:00Z",
        "dataSourceType": "AzureCosmosDB",
        "timestampColumn": "timestamp",
        "startOffsetInSeconds": 1800,
        "maxQueryPerMinute": 30.0,
        "granularityName": "Custom",
        "granularityAmount": 1360,
        "needRollup": "NoRollup",
        "fillMissingPointType": "CustomValue",
        "fillMissingPointValue": 45.0,
        "rollUpMethod": "None",
        "dataFeedDescription": "This data feed was created to test the .NET client.",
        "stopRetryAfterInSeconds": 600,
        "minRetryIntervalInSeconds": 80,
        "maxConcurrency": 5,
        "viewMode": "Public",
        "admins": [
          "fake@admin.com",
          "foo@contoso.com"
        ],
        "viewers": [
          "fake@viewer.com"
        ],
        "creator": "foo@contoso.com",
        "status": "Active",
        "createdTime": "2021-05-28T21:23:33Z",
        "isAdmin": true,
        "actionLinkTemplate": "https://fakeurl.com/%metric/%datafeed",
        "dataSourceParameter": {
          "database": "database",
          "sqlQuery": "query",
          "collectionId": "collectId"
        },
        "authenticationType": "Basic"
      }
    },
    {
      "RequestUri": "https://js-metrics-advisor.cognitiveservices.azure.com/metricsadvisor/v1.0/dataFeeds/62d72bd5-17b6-4e58-97cf-2a098084a3bf",
      "RequestMethod": "DELETE",
      "RequestHeaders": {
        "Accept": "application/json",
        "Ocp-Apim-Subscription-Key": "Sanitized",
        "traceparent": "00-e737f0c404c7bb4884bbcf0f55391ed0-4eab79b161130d4c-00",
        "User-Agent": "azsdk-net-AI.MetricsAdvisor/1.0.0-alpha.20210528.1 (.NET Framework 4.8.4300.0; Microsoft Windows 10.0.19043 )",
        "x-api-key": "Sanitized",
        "x-ms-client-request-id": "845bb9539d45e69eeea9d6f5eaceb7ba",
        "x-ms-return-client-request-id": "true"
      },
      "RequestBody": null,
      "StatusCode": 204,
      "ResponseHeaders": {
        "apim-request-id": "effd3df3-c076-4745-a186-48bbdf2c4de6",
        "Content-Length": "0",
        "Date": "Fri, 28 May 2021 21:23:33 GMT",
        "Strict-Transport-Security": "max-age=31536000; includeSubDomains; preload",
        "x-content-type-options": "nosniff",
        "x-envoy-upstream-service-time": "465",
        "x-request-id": "effd3df3-c076-4745-a186-48bbdf2c4de6"
      },
      "ResponseBody": []
    }
  ],
  "Variables": {
    "DateTimeOffsetNow": "2021-05-28T14:23:34.2260231-07:00",
    "METRICSADVISOR_ACCOUNT_NAME": "js-metrics-advisor",
    "METRICSADVISOR_ENDPOINT_SUFFIX": null,
    "METRICSADVISOR_PRIMARY_API_KEY": "Sanitized",
    "METRICSADVISOR_SUBSCRIPTION_KEY": "Sanitized",
    "RandomSeed": "1986184200"
  }
}