{
  "Entries": [
    {
      "RequestUri": "https://js-metrics-advisor.cognitiveservices.azure.com/metricsadvisor/v1.0/dataFeeds",
      "RequestMethod": "POST",
      "RequestHeaders": {
        "Accept": "application/json",
        "Content-Length": "288",
        "Content-Type": "application/json",
        "Ocp-Apim-Subscription-Key": "Sanitized",
        "traceparent": "00-f97bbfd3ff6e534c8804a9a62202a936-cfb57ee0f5e5d040-00",
        "User-Agent": "azsdk-net-AI.MetricsAdvisor/1.0.0-alpha.20210607.1 (.NET Framework 4.8.4300.0; Microsoft Windows 10.0.19043 )",
        "x-api-key": "Sanitized",
        "x-ms-client-request-id": "0e050b1712011dda7e8e956ad6c97d2a",
        "x-ms-return-client-request-id": "true"
      },
      "RequestBody": {
        "dataSourceParameter": {
          "connectionString": "Sanitized",
          "container": "mock",
          "blobTemplate": "mock"
        },
        "dataSourceType": "AzureBlob",
        "dataFeedName": "dataFeedDcnvjVhe",
        "granularityName": "Daily",
        "metrics": [
          {
            "metricName": "cost"
          }
        ],
        "dataStartFrom": "2020-08-01T00:00:00.0000000Z",
        "authenticationType": "Basic"
      },
      "StatusCode": 201,
      "ResponseHeaders": {
        "apim-request-id": "3d0a63a6-6458-442e-8c54-f39b983e1002",
        "Content-Length": "0",
        "Date": "Mon, 07 Jun 2021 13:38:04 GMT",
        "Location": "https://js-metrics-advisor.cognitiveservices.azure.com/metricsadvisor/v1.0/dataFeeds/061b6b2a-5be8-4007-acbb-6e766ae33bc1",
        "Strict-Transport-Security": "max-age=31536000; includeSubDomains; preload",
        "x-content-type-options": "nosniff",
        "x-envoy-upstream-service-time": "678",
        "x-request-id": "3d0a63a6-6458-442e-8c54-f39b983e1002"
      },
      "ResponseBody": []
    },
    {
      "RequestUri": "https://js-metrics-advisor.cognitiveservices.azure.com/metricsadvisor/v1.0/dataFeeds/061b6b2a-5be8-4007-acbb-6e766ae33bc1",
      "RequestMethod": "GET",
      "RequestHeaders": {
        "Accept": "application/json",
        "Ocp-Apim-Subscription-Key": "Sanitized",
        "traceparent": "00-f97bbfd3ff6e534c8804a9a62202a936-317a1216b25f8446-00",
        "User-Agent": "azsdk-net-AI.MetricsAdvisor/1.0.0-alpha.20210607.1 (.NET Framework 4.8.4300.0; Microsoft Windows 10.0.19043 )",
        "x-api-key": "Sanitized",
        "x-ms-client-request-id": "4a71c092f1007b4a3a974f8dda8ec093",
        "x-ms-return-client-request-id": "true"
      },
      "RequestBody": null,
      "StatusCode": 200,
      "ResponseHeaders": {
        "apim-request-id": "dcb76e16-f01d-4201-8b25-e3d117f773af",
        "Content-Length": "898",
        "Content-Type": "application/json; charset=utf-8",
        "Date": "Mon, 07 Jun 2021 13:38:05 GMT",
        "Strict-Transport-Security": "max-age=31536000; includeSubDomains; preload",
        "x-content-type-options": "nosniff",
        "x-envoy-upstream-service-time": "167",
        "x-request-id": "dcb76e16-f01d-4201-8b25-e3d117f773af"
      },
      "ResponseBody": {
        "dataFeedId": "061b6b2a-5be8-4007-acbb-6e766ae33bc1",
        "dataFeedName": "dataFeedDcnvjVhe",
        "metrics": [
          {
            "metricId": "5189b080-7347-4ccc-ba82-f000750ea2e3",
            "metricName": "cost",
            "metricDisplayName": "cost",
            "metricDescription": ""
          }
        ],
        "dimension": [],
        "dataStartFrom": "2020-08-01T00:00:00.0000000Z",
        "dataSourceType": "AzureBlob",
        "timestampColumn": "",
        "startOffsetInSeconds": 0,
        "maxQueryPerMinute": 30.0,
        "granularityName": "Daily",
        "needRollup": "NoRollup",
        "fillMissingPointType": "PreviousValue",
        "fillMissingPointValue": 0.0,
        "rollUpMethod": "None",
        "dataFeedDescription": "",
        "stopRetryAfterInSeconds": -1,
        "minRetryIntervalInSeconds": -1,
        "maxConcurrency": -1,
        "viewMode": "Private",
        "admins": [
          "foo@contoso.com"
        ],
        "viewers": [],
        "creator": "foo@contoso.com",
        "status": "Active",
        "createdTime": "2021-06-07T13:38:04Z",
        "isAdmin": true,
        "actionLinkTemplate": "",
        "dataSourceParameter": {
          "container": "mock",
          "blobTemplate": "mock"
        },
        "authenticationType": "Basic"
      }
    },
    {
      "RequestUri": "https://js-metrics-advisor.cognitiveservices.azure.com/metricsadvisor/v1.0/dataFeeds/061b6b2a-5be8-4007-acbb-6e766ae33bc1",
      "RequestMethod": "GET",
      "RequestHeaders": {
        "Accept": "application/json",
        "Ocp-Apim-Subscription-Key": "Sanitized",
        "traceparent": "00-809a6ff4c569444aaf01e6a7369b56ee-027d2413de438346-00",
        "User-Agent": "azsdk-net-AI.MetricsAdvisor/1.0.0-alpha.20210607.1 (.NET Framework 4.8.4300.0; Microsoft Windows 10.0.19043 )",
        "x-api-key": "Sanitized",
        "x-ms-client-request-id": "75489e51586ccadc70d347f47b131699",
        "x-ms-return-client-request-id": "true"
      },
      "RequestBody": null,
      "StatusCode": 200,
      "ResponseHeaders": {
        "apim-request-id": "8237ce8d-68b8-445b-be25-c3a02d4a57f3",
        "Content-Length": "898",
        "Content-Type": "application/json; charset=utf-8",
        "Date": "Mon, 07 Jun 2021 13:38:05 GMT",
        "Strict-Transport-Security": "max-age=31536000; includeSubDomains; preload",
        "x-content-type-options": "nosniff",
        "x-envoy-upstream-service-time": "181",
        "x-request-id": "8237ce8d-68b8-445b-be25-c3a02d4a57f3"
      },
      "ResponseBody": {
        "dataFeedId": "061b6b2a-5be8-4007-acbb-6e766ae33bc1",
        "dataFeedName": "dataFeedDcnvjVhe",
        "metrics": [
          {
            "metricId": "5189b080-7347-4ccc-ba82-f000750ea2e3",
            "metricName": "cost",
            "metricDisplayName": "cost",
            "metricDescription": ""
          }
        ],
        "dimension": [],
        "dataStartFrom": "2020-08-01T00:00:00.0000000Z",
        "dataSourceType": "AzureBlob",
        "timestampColumn": "",
        "startOffsetInSeconds": 0,
        "maxQueryPerMinute": 30.0,
        "granularityName": "Daily",
        "needRollup": "NoRollup",
        "fillMissingPointType": "PreviousValue",
        "fillMissingPointValue": 0.0,
        "rollUpMethod": "None",
        "dataFeedDescription": "",
        "stopRetryAfterInSeconds": -1,
        "minRetryIntervalInSeconds": -1,
        "maxConcurrency": -1,
        "viewMode": "Private",
        "admins": [
          "foo@contoso.com"
        ],
        "viewers": [],
        "creator": "foo@contoso.com",
        "status": "Active",
        "createdTime": "2021-06-07T13:38:04Z",
        "isAdmin": true,
        "actionLinkTemplate": "",
        "dataSourceParameter": {
          "container": "mock",
          "blobTemplate": "mock"
        },
        "authenticationType": "Basic"
      }
    },
    {
      "RequestUri": "https://js-metrics-advisor.cognitiveservices.azure.com/metricsadvisor/v1.0/dataFeeds/061b6b2a-5be8-4007-acbb-6e766ae33bc1",
      "RequestMethod": "DELETE",
      "RequestHeaders": {
        "Accept": "application/json",
        "Ocp-Apim-Subscription-Key": "Sanitized",
        "traceparent": "00-dc99c9f7ea9520429762167efa11c806-5f8aa6ae6d6ef14a-00",
        "User-Agent": "azsdk-net-AI.MetricsAdvisor/1.0.0-alpha.20210607.1 (.NET Framework 4.8.4300.0; Microsoft Windows 10.0.19043 )",
        "x-api-key": "Sanitized",
        "x-ms-client-request-id": "15dd7fa80ca52578c089d369c34c43ef",
        "x-ms-return-client-request-id": "true"
      },
      "RequestBody": null,
      "StatusCode": 204,
      "ResponseHeaders": {
        "apim-request-id": "c6814c8f-2aff-48d9-b7ac-9f523b803626",
        "Content-Length": "0",
        "Date": "Mon, 07 Jun 2021 13:38:05 GMT",
        "Strict-Transport-Security": "max-age=31536000; includeSubDomains; preload",
        "x-content-type-options": "nosniff",
        "x-envoy-upstream-service-time": "299",
        "x-request-id": "c6814c8f-2aff-48d9-b7ac-9f523b803626"
      },
      "ResponseBody": []
    }
  ],
  "Variables": {
    "METRICSADVISOR_ACCOUNT_NAME": "js-metrics-advisor",
    "METRICSADVISOR_ENDPOINT_SUFFIX": null,
    "METRICSADVISOR_PRIMARY_API_KEY": "Sanitized",
    "METRICSADVISOR_SUBSCRIPTION_KEY": "Sanitized",
    "RandomSeed": "1935546542"
  }
}