{
  "Entries": [
    {
      "RequestUri": "https://js-metrics-advisor.cognitiveservices.azure.com/metricsadvisor/v1.0/dataFeeds",
      "RequestMethod": "POST",
      "RequestHeaders": {
        "Accept": "application/json",
        "Content-Length": "258",
        "Content-Type": "application/json",
        "Ocp-Apim-Subscription-Key": "Sanitized",
        "traceparent": "00-5e3691cc9c685e4898b1c5489040a5c7-4ba92ba435f7284e-00",
        "User-Agent": "azsdk-net-AI.MetricsAdvisor/1.0.0-alpha.20210201.1 (.NET Framework 4.8.4250.0; Microsoft Windows 10.0.19042 )",
        "x-api-key": "Sanitized",
        "x-ms-client-request-id": "3112882730fdeea63ce076ec84bfa34f",
        "x-ms-return-client-request-id": "true"
      },
      "RequestBody": {
        "dataSourceParameter": {
          "connectionString": "Sanitized",
          "database": "database",
          "command": "command"
        },
        "dataSourceType": "MongoDB",
        "dataFeedName": "dataFeedPBG6xZRY",
        "granularityName": "Daily",
        "metrics": [
          {
            "metricName": "cost"
          }
        ],
        "dataStartFrom": "2020-08-01T00:00:00Z"
      },
      "StatusCode": 201,
      "ResponseHeaders": {
        "apim-request-id": "a9e01dac-c8ad-4dad-9e6d-7e927c1f93fb",
        "Content-Length": "0",
        "Date": "Mon, 01 Feb 2021 15:45:38 GMT",
        "Location": "https://js-metrics-advisor.cognitiveservices.azure.com/metricsadvisor/v1.0/dataFeeds/410a637f-2583-4991-8157-f102d31c8241",
        "Strict-Transport-Security": "max-age=31536000; includeSubDomains; preload",
        "x-content-type-options": "nosniff",
        "x-envoy-upstream-service-time": "409",
        "x-request-id": "a9e01dac-c8ad-4dad-9e6d-7e927c1f93fb"
      },
      "ResponseBody": []
    },
    {
      "RequestUri": "https://js-metrics-advisor.cognitiveservices.azure.com/metricsadvisor/v1.0/dataFeeds/410a637f-2583-4991-8157-f102d31c8241",
      "RequestMethod": "PATCH",
      "RequestHeaders": {
        "Accept": "application/json",
        "Content-Length": "492",
        "Content-Type": "application/merge-patch\u002Bjson",
        "Ocp-Apim-Subscription-Key": "Sanitized",
        "traceparent": "00-5c7e4683d4f19848981b45607a8e3bcc-3bd1eb96dc23ad4a-00",
        "User-Agent": "azsdk-net-AI.MetricsAdvisor/1.0.0-alpha.20210201.1 (.NET Framework 4.8.4250.0; Microsoft Windows 10.0.19042 )",
        "x-api-key": "Sanitized",
        "x-ms-client-request-id": "1ebe987def23a8ff3340da96d4ebfe72",
        "x-ms-return-client-request-id": "true"
      },
      "RequestBody": {
        "dataSourceType": "AzureApplicationInsights",
        "dataFeedName": "dataFeedwIeMyLSV",
        "dataFeedDescription": "This data feed was updated to test the .NET client.",
        "timestampColumn": "updatedTimestampColumn",
        "dataStartFrom": "2020-09-21T00:00:00Z",
        "startOffsetInSeconds": 2400,
        "maxConcurrency": 6,
        "minRetryIntervalInSeconds": 90,
        "stopRetryAfterInSeconds": 1200,
        "fillMissingPointType": "NoFilling",
        "viewMode": "Public",
        "viewers": [
          "fake@viewer.com"
        ],
        "actionLinkTemplate": "https://fakeurl.com/%datafeed/%metric"
      },
      "StatusCode": 204,
      "ResponseHeaders": {
        "apim-request-id": "b9e6d1d9-13d6-443f-9bf0-8bccd2d530d5",
        "Content-Length": "0",
        "Date": "Mon, 01 Feb 2021 15:45:38 GMT",
        "Strict-Transport-Security": "max-age=31536000; includeSubDomains; preload",
        "x-content-type-options": "nosniff",
        "x-envoy-upstream-service-time": "167",
        "x-request-id": "b9e6d1d9-13d6-443f-9bf0-8bccd2d530d5"
      },
      "ResponseBody": []
    },
    {
      "RequestUri": "https://js-metrics-advisor.cognitiveservices.azure.com/metricsadvisor/v1.0/dataFeeds/410a637f-2583-4991-8157-f102d31c8241",
      "RequestMethod": "GET",
      "RequestHeaders": {
        "Accept": "application/json",
        "Ocp-Apim-Subscription-Key": "Sanitized",
        "traceparent": "00-90bd4b6e04e0e945a315318abdf770b6-3be5e6542cfa6840-00",
        "User-Agent": "azsdk-net-AI.MetricsAdvisor/1.0.0-alpha.20210201.1 (.NET Framework 4.8.4250.0; Microsoft Windows 10.0.19042 )",
        "x-api-key": "Sanitized",
        "x-ms-client-request-id": "c150967e6a7643d3e9debe69134d4fed",
        "x-ms-return-client-request-id": "true"
      },
      "RequestBody": null,
      "StatusCode": 200,
      "ResponseHeaders": {
        "apim-request-id": "bed56db7-9584-4ece-b2f4-cf38bef4b9f4",
        "Content-Length": "1096",
        "Content-Type": "application/json; charset=utf-8",
        "Date": "Mon, 01 Feb 2021 15:45:38 GMT",
        "Strict-Transport-Security": "max-age=31536000; includeSubDomains; preload",
        "x-content-type-options": "nosniff",
        "x-envoy-upstream-service-time": "139",
        "x-request-id": "bed56db7-9584-4ece-b2f4-cf38bef4b9f4"
      },
      "ResponseBody": {
        "dataFeedId": "410a637f-2583-4991-8157-f102d31c8241",
        "dataFeedName": "dataFeedwIeMyLSV",
        "metrics": [
          {
            "metricId": "b373015b-6955-4e40-bb86-e7226c33f9e5",
            "metricName": "cost",
            "metricDisplayName": "cost",
            "metricDescription": ""
          }
        ],
        "dimension": [],
        "dataStartFrom": "2020-09-21T00:00:00Z",
        "dataSourceType": "MongoDB",
        "timestampColumn": "updatedTimestampColumn",
        "startOffsetInSeconds": 2400,
        "maxQueryPerMinute": 30.0,
        "granularityName": "Daily",
        "granularityAmount": null,
        "allUpIdentification": null,
        "needRollup": "NoRollup",
        "fillMissingPointType": "NoFilling",
        "fillMissingPointValue": 0.0,
        "rollUpMethod": "None",
        "rollUpColumns": [],
        "dataFeedDescription": "This data feed was updated to test the .NET client.",
        "stopRetryAfterInSeconds": 1200,
        "minRetryIntervalInSeconds": 90,
        "maxConcurrency": 6,
        "viewMode": "Public",
        "admins": [
          "foo@contoso.com"
        ],
        "viewers": [
          "fake@viewer.com"
        ],
        "creator": "foo@contoso.com",
        "status": "Active",
        "createdTime": "2021-02-01T15:45:39Z",
        "isAdmin": true,
        "actionLinkTemplate": "https://fakeurl.com/%datafeed/%metric",
        "dataSourceParameter": {
          "connectionString": "Sanitized",
          "database": "database",
          "command": "command"
        }
      }
    },
    {
      "RequestUri": "https://js-metrics-advisor.cognitiveservices.azure.com/metricsadvisor/v1.0/dataFeeds/410a637f-2583-4991-8157-f102d31c8241",
      "RequestMethod": "DELETE",
      "RequestHeaders": {
        "Accept": "application/json",
        "Ocp-Apim-Subscription-Key": "Sanitized",
        "traceparent": "00-0c5d95366034c34aacba31ddb2792e77-0af72e4819036e46-00",
        "User-Agent": "azsdk-net-AI.MetricsAdvisor/1.0.0-alpha.20210201.1 (.NET Framework 4.8.4250.0; Microsoft Windows 10.0.19042 )",
        "x-api-key": "Sanitized",
        "x-ms-client-request-id": "3b0132379cb637168869fdbc550f1a51",
        "x-ms-return-client-request-id": "true"
      },
      "RequestBody": null,
      "StatusCode": 204,
      "ResponseHeaders": {
        "apim-request-id": "5354d48e-50ee-4efe-a42b-6878de085f48",
        "Content-Length": "0",
        "Date": "Mon, 01 Feb 2021 15:45:38 GMT",
        "Strict-Transport-Security": "max-age=31536000; includeSubDomains; preload",
        "x-content-type-options": "nosniff",
        "x-envoy-upstream-service-time": "311",
        "x-request-id": "5354d48e-50ee-4efe-a42b-6878de085f48"
      },
      "ResponseBody": []
    }
  ],
  "Variables": {
    "DateTimeOffsetNow": "2021-02-01T07:45:39.5797478-08:00",
    "METRICSADVISOR_ACCOUNT_NAME": "js-metrics-advisor",
    "METRICSADVISOR_ENDPOINT_SUFFIX": null,
    "METRICSADVISOR_PRIMARY_API_KEY": "Sanitized",
    "METRICSADVISOR_SUBSCRIPTION_KEY": "Sanitized",
    "RandomSeed": "958957937"
  }
}