{
  "Entries": [
    {
      "RequestUri": "https://js-metrics-advisor.cognitiveservices.azure.com/metricsadvisor/v1.0/dataFeeds",
      "RequestMethod": "POST",
      "RequestHeaders": {
        "Accept": "application/json",
        "Content-Length": "241",
        "Content-Type": "application/json",
        "Ocp-Apim-Subscription-Key": "Sanitized",
        "traceparent": "00-9ad2e25aaf629d44af862cf5d1063f66-00b78ee33d1cdc44-00",
        "User-Agent": "azsdk-net-AI.MetricsAdvisor/1.0.0-alpha.20210607.1 (.NET Framework 4.8.4300.0; Microsoft Windows 10.0.19043 )",
        "x-api-key": "Sanitized",
        "x-ms-client-request-id": "6f0a8ca1133b0365eb69b03c3e072b20",
        "x-ms-return-client-request-id": "true"
      },
      "RequestBody": {
        "dataSourceParameter": {
          "connectionString": "Sanitized",
          "query": "mock"
        },
        "dataSourceType": "AzureDataExplorer",
        "dataFeedName": "dataFeedoZHtYfYr",
        "granularityName": "Daily",
        "metrics": [
          {
            "metricName": "cost"
          }
        ],
        "dataStartFrom": "2020-08-01T00:00:00Z"
      },
      "StatusCode": 201,
      "ResponseHeaders": {
        "apim-request-id": "79758d21-a578-4544-b18a-ba79f0b66d49",
        "Content-Length": "0",
        "Date": "Mon, 07 Jun 2021 13:40:53 GMT",
        "Location": "https://js-metrics-advisor.cognitiveservices.azure.com/metricsadvisor/v1.0/dataFeeds/f7ced7f4-5169-40b4-aa6c-eecf48b46915",
        "Strict-Transport-Security": "max-age=31536000; includeSubDomains; preload",
        "x-content-type-options": "nosniff",
        "x-envoy-upstream-service-time": "705",
        "x-request-id": "79758d21-a578-4544-b18a-ba79f0b66d49"
      },
      "ResponseBody": []
    },
    {
      "RequestUri": "https://js-metrics-advisor.cognitiveservices.azure.com/metricsadvisor/v1.0/dataFeeds/f7ced7f4-5169-40b4-aa6c-eecf48b46915",
      "RequestMethod": "GET",
      "RequestHeaders": {
        "Accept": "application/json",
        "Ocp-Apim-Subscription-Key": "Sanitized",
        "traceparent": "00-9ad2e25aaf629d44af862cf5d1063f66-9a255006d891bd4a-00",
        "User-Agent": "azsdk-net-AI.MetricsAdvisor/1.0.0-alpha.20210607.1 (.NET Framework 4.8.4300.0; Microsoft Windows 10.0.19043 )",
        "x-api-key": "Sanitized",
        "x-ms-client-request-id": "8eadfbcde707c26437013b2e9e33d1c2",
        "x-ms-return-client-request-id": "true"
      },
      "RequestBody": null,
      "StatusCode": 200,
      "ResponseHeaders": {
        "apim-request-id": "4d64e053-7fdc-459e-b2e3-3f80aa96c6b5",
        "Content-Length": "880",
        "Content-Type": "application/json; charset=utf-8",
        "Date": "Mon, 07 Jun 2021 13:40:53 GMT",
        "Strict-Transport-Security": "max-age=31536000; includeSubDomains; preload",
        "x-content-type-options": "nosniff",
        "x-envoy-upstream-service-time": "239",
        "x-request-id": "4d64e053-7fdc-459e-b2e3-3f80aa96c6b5"
      },
      "ResponseBody": {
        "dataFeedId": "f7ced7f4-5169-40b4-aa6c-eecf48b46915",
        "dataFeedName": "dataFeedoZHtYfYr",
        "metrics": [
          {
            "metricId": "d0d9080b-6fb0-4efb-934f-25098b7b9be1",
            "metricName": "cost",
            "metricDisplayName": "cost",
            "metricDescription": ""
          }
        ],
        "dimension": [],
        "dataStartFrom": "2020-08-01T00:00:00Z",
        "dataSourceType": "AzureDataExplorer",
        "timestampColumn": "",
        "startOffsetInSeconds": 0,
        "maxQueryPerMinute": 30.0,
        "granularityName": "Daily",
        "needRollup": "NoRollup",
        "fillMissingPointType": "PreviousValue",
        "fillMissingPointValue": 0.0,
        "rollUpMethod": "None",
        "dataFeedDescription": "",
        "stopRetryAfterInSeconds": -1,
        "minRetryIntervalInSeconds": -1,
        "maxConcurrency": -1,
        "viewMode": "Private",
        "admins": [
          "foo@contoso.com"
        ],
        "viewers": [],
        "creator": "foo@contoso.com",
        "status": "Active",
        "createdTime": "2021-06-07T13:40:53Z",
        "isAdmin": true,
        "actionLinkTemplate": "",
        "dataSourceParameter": {
          "query": "mock"
        },
        "authenticationType": "Basic"
      }
    },
    {
      "RequestUri": "https://js-metrics-advisor.cognitiveservices.azure.com/metricsadvisor/v1.0/dataFeeds/f7ced7f4-5169-40b4-aa6c-eecf48b46915",
      "RequestMethod": "GET",
      "RequestHeaders": {
        "Accept": "application/json",
        "Ocp-Apim-Subscription-Key": "Sanitized",
        "traceparent": "00-7727dde74cf7e542973c755308b50a6e-e6dfad0b9cf95243-00",
        "User-Agent": "azsdk-net-AI.MetricsAdvisor/1.0.0-alpha.20210607.1 (.NET Framework 4.8.4300.0; Microsoft Windows 10.0.19043 )",
        "x-api-key": "Sanitized",
        "x-ms-client-request-id": "87331c012e303811996422ef52d33b52",
        "x-ms-return-client-request-id": "true"
      },
      "RequestBody": null,
      "StatusCode": 200,
      "ResponseHeaders": {
        "apim-request-id": "3b2dc9d3-d031-499c-9cb4-28b2a27650d7",
        "Content-Length": "880",
        "Content-Type": "application/json; charset=utf-8",
        "Date": "Mon, 07 Jun 2021 13:40:53 GMT",
        "Strict-Transport-Security": "max-age=31536000; includeSubDomains; preload",
        "x-content-type-options": "nosniff",
        "x-envoy-upstream-service-time": "166",
        "x-request-id": "3b2dc9d3-d031-499c-9cb4-28b2a27650d7"
      },
      "ResponseBody": {
        "dataFeedId": "f7ced7f4-5169-40b4-aa6c-eecf48b46915",
        "dataFeedName": "dataFeedoZHtYfYr",
        "metrics": [
          {
            "metricId": "d0d9080b-6fb0-4efb-934f-25098b7b9be1",
            "metricName": "cost",
            "metricDisplayName": "cost",
            "metricDescription": ""
          }
        ],
        "dimension": [],
        "dataStartFrom": "2020-08-01T00:00:00Z",
        "dataSourceType": "AzureDataExplorer",
        "timestampColumn": "",
        "startOffsetInSeconds": 0,
        "maxQueryPerMinute": 30.0,
        "granularityName": "Daily",
        "needRollup": "NoRollup",
        "fillMissingPointType": "PreviousValue",
        "fillMissingPointValue": 0.0,
        "rollUpMethod": "None",
        "dataFeedDescription": "",
        "stopRetryAfterInSeconds": -1,
        "minRetryIntervalInSeconds": -1,
        "maxConcurrency": -1,
        "viewMode": "Private",
        "admins": [
          "foo@contoso.com"
        ],
        "viewers": [],
        "creator": "foo@contoso.com",
        "status": "Active",
        "createdTime": "2021-06-07T13:40:53Z",
        "isAdmin": true,
        "actionLinkTemplate": "",
        "dataSourceParameter": {
          "query": "mock"
        },
        "authenticationType": "Basic"
      }
    },
    {
      "RequestUri": "https://js-metrics-advisor.cognitiveservices.azure.com/metricsadvisor/v1.0/dataFeeds/f7ced7f4-5169-40b4-aa6c-eecf48b46915",
      "RequestMethod": "PATCH",
      "RequestHeaders": {
        "Accept": "application/json",
        "Content-Length": "520",
        "Content-Type": "application/merge-patch\u002Bjson",
        "Ocp-Apim-Subscription-Key": "Sanitized",
        "traceparent": "00-34fa434e5d81554c8a741d589ee4c4ce-30fb065e05c6604d-00",
        "User-Agent": "azsdk-net-AI.MetricsAdvisor/1.0.0-alpha.20210607.1 (.NET Framework 4.8.4300.0; Microsoft Windows 10.0.19043 )",
        "x-api-key": "Sanitized",
        "x-ms-client-request-id": "f498839f9766b9b32847383ad73664b7",
        "x-ms-return-client-request-id": "true"
      },
      "RequestBody": {
        "dataSourceParameter": {
          "query": "mock"
        },
        "dataSourceType": "AzureDataExplorer",
        "dataFeedName": "dataFeedoZHtYfYr",
        "dataFeedDescription": "",
        "timestampColumn": "",
        "dataStartFrom": "2020-08-01T00:00:00Z",
        "startOffsetInSeconds": 0,
        "maxConcurrency": -1,
        "minRetryIntervalInSeconds": -1,
        "stopRetryAfterInSeconds": -1,
        "needRollup": "NoRollup",
        "rollUpMethod": "None",
        "fillMissingPointType": "PreviousValue",
        "viewMode": "Private",
        "admins": [
          "foo@contoso.com"
        ],
        "viewers": [],
        "status": "Active",
        "actionLinkTemplate": "",
        "authenticationType": "Basic"
      },
      "StatusCode": 200,
      "ResponseHeaders": {
        "apim-request-id": "46652d1a-fb71-4453-a0bb-f69166c721e9",
        "Content-Length": "880",
        "Content-Type": "application/json; charset=utf-8",
        "Date": "Mon, 07 Jun 2021 13:40:54 GMT",
        "Strict-Transport-Security": "max-age=31536000; includeSubDomains; preload",
        "x-content-type-options": "nosniff",
        "x-envoy-upstream-service-time": "955",
        "x-request-id": "46652d1a-fb71-4453-a0bb-f69166c721e9"
      },
      "ResponseBody": {
        "dataFeedId": "f7ced7f4-5169-40b4-aa6c-eecf48b46915",
        "dataFeedName": "dataFeedoZHtYfYr",
        "metrics": [
          {
            "metricId": "d0d9080b-6fb0-4efb-934f-25098b7b9be1",
            "metricName": "cost",
            "metricDisplayName": "cost",
            "metricDescription": ""
          }
        ],
        "dimension": [],
        "dataStartFrom": "2020-08-01T00:00:00Z",
        "dataSourceType": "AzureDataExplorer",
        "timestampColumn": "",
        "startOffsetInSeconds": 0,
        "maxQueryPerMinute": 30.0,
        "granularityName": "Daily",
        "needRollup": "NoRollup",
        "fillMissingPointType": "PreviousValue",
        "fillMissingPointValue": 0.0,
        "rollUpMethod": "None",
        "dataFeedDescription": "",
        "stopRetryAfterInSeconds": -1,
        "minRetryIntervalInSeconds": -1,
        "maxConcurrency": -1,
        "viewMode": "Private",
        "admins": [
          "foo@contoso.com"
        ],
        "viewers": [],
        "creator": "foo@contoso.com",
        "status": "Active",
        "createdTime": "2021-06-07T13:40:53Z",
        "isAdmin": true,
        "actionLinkTemplate": "",
        "dataSourceParameter": {
          "query": "mock"
        },
        "authenticationType": "Basic"
      }
    },
    {
      "RequestUri": "https://js-metrics-advisor.cognitiveservices.azure.com/metricsadvisor/v1.0/dataFeeds/f7ced7f4-5169-40b4-aa6c-eecf48b46915",
      "RequestMethod": "DELETE",
      "RequestHeaders": {
        "Accept": "application/json",
        "Ocp-Apim-Subscription-Key": "Sanitized",
        "traceparent": "00-a9fd84dda77ab34c952d468b9dd934cc-72a7d26df0cfcc45-00",
        "User-Agent": "azsdk-net-AI.MetricsAdvisor/1.0.0-alpha.20210607.1 (.NET Framework 4.8.4300.0; Microsoft Windows 10.0.19043 )",
        "x-api-key": "Sanitized",
        "x-ms-client-request-id": "223aed97a3d39ef0e975f4a3c5747063",
        "x-ms-return-client-request-id": "true"
      },
      "RequestBody": null,
      "StatusCode": 204,
      "ResponseHeaders": {
        "apim-request-id": "e085a87c-d931-46b0-9c78-25e99458426a",
        "Content-Length": "0",
        "Date": "Mon, 07 Jun 2021 13:40:54 GMT",
        "Strict-Transport-Security": "max-age=31536000; includeSubDomains; preload",
        "x-content-type-options": "nosniff",
        "x-envoy-upstream-service-time": "346",
        "x-request-id": "e085a87c-d931-46b0-9c78-25e99458426a"
      },
      "ResponseBody": []
    }
  ],
  "Variables": {
    "METRICSADVISOR_ACCOUNT_NAME": "js-metrics-advisor",
    "METRICSADVISOR_ENDPOINT_SUFFIX": null,
    "METRICSADVISOR_PRIMARY_API_KEY": "Sanitized",
    "METRICSADVISOR_SUBSCRIPTION_KEY": "Sanitized",
    "RandomSeed": "1314404569"
  }
}