{
  "Entries": [
    {
      "RequestUri": "https://js-metrics-advisor.cognitiveservices.azure.com/metricsadvisor/v1.0/credentials",
      "RequestMethod": "POST",
      "RequestHeaders": {
        "Accept": "application/json",
        "Content-Length": "308",
        "Content-Type": "application/json",
        "Ocp-Apim-Subscription-Key": "Sanitized",
        "traceparent": "00-bd121b8d37b0cc45928905ace4007b4b-6702b0e0ce7aeb4b-00",
        "User-Agent": "azsdk-net-AI.MetricsAdvisor/1.0.0-alpha.20210706.1 (.NET Framework 4.8.4300.0; Microsoft Windows 10.0.19043 )",
        "x-api-key": "Sanitized",
        "x-ms-client-request-id": "acbc2d6780d6ee652bdf29c9867ba904",
        "x-ms-return-client-request-id": "true"
      },
      "RequestBody": {
        "parameters": {
          "keyVaultEndpoint": "https://mock.com/",
          "keyVaultClientId": "mock",
          "keyVaultClientSecret": "Sanitized",
          "servicePrincipalIdNameInKV": "mock",
          "servicePrincipalSecretNameInKV": "mock",
          "tenantId": "mock"
        },
        "dataSourceCredentialType": "ServicePrincipalInKV",
        "dataSourceCredentialName": "credential73ZzE3La"
      },
      "StatusCode": 201,
      "ResponseHeaders": {
        "apim-request-id": "20fec1e2-6248-4e3d-8486-5a60d85fff1b",
        "Content-Length": "0",
        "Date": "Tue, 06 Jul 2021 07:56:02 GMT",
        "Location": "https://js-metrics-advisor.cognitiveservices.azure.com/metricsadvisor/v1.0/credentials/ab0e2637-bc38-4b46-b3e2-5e81afc789eb",
        "Strict-Transport-Security": "max-age=31536000; includeSubDomains; preload",
        "x-content-type-options": "nosniff",
        "x-envoy-upstream-service-time": "768",
        "x-request-id": "20fec1e2-6248-4e3d-8486-5a60d85fff1b"
      },
      "ResponseBody": []
    },
    {
      "RequestUri": "https://js-metrics-advisor.cognitiveservices.azure.com/metricsadvisor/v1.0/credentials/ab0e2637-bc38-4b46-b3e2-5e81afc789eb",
      "RequestMethod": "GET",
      "RequestHeaders": {
        "Accept": "application/json",
        "Ocp-Apim-Subscription-Key": "Sanitized",
        "traceparent": "00-bd121b8d37b0cc45928905ace4007b4b-61c32638eb67724e-00",
        "User-Agent": "azsdk-net-AI.MetricsAdvisor/1.0.0-alpha.20210706.1 (.NET Framework 4.8.4300.0; Microsoft Windows 10.0.19043 )",
        "x-api-key": "Sanitized",
        "x-ms-client-request-id": "43660fcc92893ba7db9591e25ed5ecc5",
        "x-ms-return-client-request-id": "true"
      },
      "RequestBody": null,
      "StatusCode": 200,
      "ResponseHeaders": {
        "apim-request-id": "f968c98d-1075-4b1a-8227-e45bc143902c",
        "Content-Length": "374",
        "Content-Type": "application/json; charset=utf-8",
        "Date": "Tue, 06 Jul 2021 07:56:02 GMT",
        "Strict-Transport-Security": "max-age=31536000; includeSubDomains; preload",
        "x-content-type-options": "nosniff",
        "x-envoy-upstream-service-time": "212",
        "x-request-id": "f968c98d-1075-4b1a-8227-e45bc143902c"
      },
      "ResponseBody": {
        "dataSourceCredentialId": "ab0e2637-bc38-4b46-b3e2-5e81afc789eb",
        "dataSourceCredentialName": "credential73ZzE3La",
        "dataSourceCredentialDescription": "",
        "dataSourceCredentialType": "ServicePrincipalInKV",
        "parameters": {
          "servicePrincipalSecretNameInKV": "mock",
          "servicePrincipalIdNameInKV": "mock",
          "tenantId": "mock",
          "keyVaultClientId": "mock",
          "keyVaultEndpoint": "https://mock.com/"
        }
      }
    },
    {
      "RequestUri": "https://js-metrics-advisor.cognitiveservices.azure.com/metricsadvisor/v1.0/dataFeeds",
      "RequestMethod": "POST",
      "RequestHeaders": {
        "Accept": "application/json",
        "Content-Length": "321",
        "Content-Type": "application/json",
        "Ocp-Apim-Subscription-Key": "Sanitized",
        "traceparent": "00-6c730256048fe14e90a533b2a0e3099c-3e6969c9d897f04f-00",
        "User-Agent": "azsdk-net-AI.MetricsAdvisor/1.0.0-alpha.20210706.1 (.NET Framework 4.8.4300.0; Microsoft Windows 10.0.19043 )",
        "x-api-key": "Sanitized",
        "x-ms-client-request-id": "88ef1b7a59431926f3c9c33bad4c14d4",
        "x-ms-return-client-request-id": "true"
      },
      "RequestBody": {
        "dataSourceParameter": {
          "accountName": "mock",
          "accountKey": "Sanitized",
          "fileSystemName": "mock",
          "directoryTemplate": "mock",
          "fileTemplate": "mock"
        },
        "dataSourceType": "AzureDataLakeStorageGen2",
        "dataFeedName": "dataFeedj10Ktbyc",
        "granularityName": "Daily",
        "metrics": [
          {
            "metricName": "cost"
          }
        ],
        "dataStartFrom": "2020-08-01T00:00:00.0000000Z"
      },
      "StatusCode": 201,
      "ResponseHeaders": {
        "apim-request-id": "f7e1a107-aae3-451f-8eee-266f12c5b4c9",
        "Content-Length": "0",
        "Date": "Tue, 06 Jul 2021 07:56:03 GMT",
        "Location": "https://js-metrics-advisor.cognitiveservices.azure.com/metricsadvisor/v1.0/dataFeeds/a995e42f-6658-4ad0-884e-172fa93d4674",
        "Strict-Transport-Security": "max-age=31536000; includeSubDomains; preload",
        "x-content-type-options": "nosniff",
        "x-envoy-upstream-service-time": "1285",
        "x-request-id": "f7e1a107-aae3-451f-8eee-266f12c5b4c9"
      },
      "ResponseBody": []
    },
    {
      "RequestUri": "https://js-metrics-advisor.cognitiveservices.azure.com/metricsadvisor/v1.0/dataFeeds/a995e42f-6658-4ad0-884e-172fa93d4674",
      "RequestMethod": "GET",
      "RequestHeaders": {
        "Accept": "application/json",
        "Ocp-Apim-Subscription-Key": "Sanitized",
        "traceparent": "00-6c730256048fe14e90a533b2a0e3099c-0447c7fbad1aed4e-00",
        "User-Agent": "azsdk-net-AI.MetricsAdvisor/1.0.0-alpha.20210706.1 (.NET Framework 4.8.4300.0; Microsoft Windows 10.0.19043 )",
        "x-api-key": "Sanitized",
        "x-ms-client-request-id": "41d1818583ee558ff2631f3b8b52fbcb",
        "x-ms-return-client-request-id": "true"
      },
      "RequestBody": null,
      "StatusCode": 200,
      "ResponseHeaders": {
        "apim-request-id": "9db67c38-3289-4e0d-a7a6-fb58cd380cee",
        "Content-Length": "966",
        "Content-Type": "application/json; charset=utf-8",
        "Date": "Tue, 06 Jul 2021 07:56:04 GMT",
        "Strict-Transport-Security": "max-age=31536000; includeSubDomains; preload",
        "x-content-type-options": "nosniff",
        "x-envoy-upstream-service-time": "364",
        "x-request-id": "9db67c38-3289-4e0d-a7a6-fb58cd380cee"
      },
      "ResponseBody": {
        "dataFeedId": "a995e42f-6658-4ad0-884e-172fa93d4674",
        "dataFeedName": "dataFeedj10Ktbyc",
        "metrics": [
          {
            "metricId": "464bdb13-1dc9-489e-93f8-a30fd1113df3",
            "metricName": "cost",
            "metricDisplayName": "cost",
            "metricDescription": ""
          }
        ],
        "dimension": [],
        "dataStartFrom": "2020-08-01T00:00:00.0000000Z",
        "dataSourceType": "AzureDataLakeStorageGen2",
        "timestampColumn": "",
        "startOffsetInSeconds": 0,
        "maxQueryPerMinute": 30.0,
        "granularityName": "Daily",
        "needRollup": "NoRollup",
        "fillMissingPointType": "PreviousValue",
        "fillMissingPointValue": 0.0,
        "rollUpMethod": "None",
        "dataFeedDescription": "",
        "stopRetryAfterInSeconds": -1,
        "minRetryIntervalInSeconds": -1,
        "maxConcurrency": -1,
        "viewMode": "Private",
        "admins": [
          "foo@contoso.com"
        ],
        "viewers": [],
        "creator": "foo@contoso.com",
        "status": "Active",
        "createdTime": "2021-07-06T07:56:03Z",
        "isAdmin": true,
        "actionLinkTemplate": "",
        "dataSourceParameter": {
          "fileTemplate": "mock",
          "accountName": "mock",
          "directoryTemplate": "mock",
          "fileSystemName": "mock"
        },
        "authenticationType": "Basic"
      }
    },
    {
      "RequestUri": "https://js-metrics-advisor.cognitiveservices.azure.com/metricsadvisor/v1.0/dataFeeds/a995e42f-6658-4ad0-884e-172fa93d4674",
      "RequestMethod": "PATCH",
      "RequestHeaders": {
        "Accept": "application/json",
        "Content-Length": "731",
        "Content-Type": "application/merge-patch\u002Bjson",
        "Ocp-Apim-Subscription-Key": "Sanitized",
        "traceparent": "00-0573f86d83bd234d8651558c0d86dd01-0c6c593977a0d44f-00",
        "User-Agent": "azsdk-net-AI.MetricsAdvisor/1.0.0-alpha.20210706.1 (.NET Framework 4.8.4300.0; Microsoft Windows 10.0.19043 )",
        "x-api-key": "Sanitized",
        "x-ms-client-request-id": "6ec8861f1fa381f86f77ee9511b1175d",
        "x-ms-return-client-request-id": "true"
      },
      "RequestBody": {
        "dataSourceParameter": {
          "accountName": "mock",
          "fileSystemName": "mock",
          "directoryTemplate": "mock",
          "fileTemplate": "mock"
        },
        "dataSourceType": "AzureDataLakeStorageGen2",
        "dataFeedName": "dataFeedj10Ktbyc",
        "dataFeedDescription": "",
        "timestampColumn": "",
        "dataStartFrom": "2020-08-01T00:00:00.0000000Z",
        "startOffsetInSeconds": 0,
        "maxConcurrency": -1,
        "minRetryIntervalInSeconds": -1,
        "stopRetryAfterInSeconds": -1,
        "needRollup": "NoRollup",
        "rollUpMethod": "None",
        "allUpIdentification": null,
        "fillMissingPointType": "PreviousValue",
        "fillMissingPointValue": null,
        "viewMode": "Private",
        "admins": [
          "foo@contoso.com"
        ],
        "viewers": [],
        "status": "Active",
        "actionLinkTemplate": "",
        "authenticationType": "ServicePrincipalInKV",
        "credentialId": "ab0e2637-bc38-4b46-b3e2-5e81afc789eb"
      },
      "StatusCode": 200,
      "ResponseHeaders": {
        "apim-request-id": "9b6350d0-7a1e-465e-aaf6-013e9cad6d07",
        "Content-Length": "1035",
        "Content-Type": "application/json; charset=utf-8",
        "Date": "Tue, 06 Jul 2021 07:56:06 GMT",
        "Strict-Transport-Security": "max-age=31536000; includeSubDomains; preload",
        "x-content-type-options": "nosniff",
        "x-envoy-upstream-service-time": "2241",
        "x-request-id": "9b6350d0-7a1e-465e-aaf6-013e9cad6d07"
      },
      "ResponseBody": {
        "dataFeedId": "a995e42f-6658-4ad0-884e-172fa93d4674",
        "dataFeedName": "dataFeedj10Ktbyc",
        "metrics": [
          {
            "metricId": "464bdb13-1dc9-489e-93f8-a30fd1113df3",
            "metricName": "cost",
            "metricDisplayName": "cost",
            "metricDescription": ""
          }
        ],
        "dimension": [],
        "dataStartFrom": "2020-08-01T00:00:00.0000000Z",
        "dataSourceType": "AzureDataLakeStorageGen2",
        "timestampColumn": "",
        "startOffsetInSeconds": 0,
        "maxQueryPerMinute": 30.0,
        "granularityName": "Daily",
        "needRollup": "NoRollup",
        "fillMissingPointType": "PreviousValue",
        "fillMissingPointValue": 0.0,
        "rollUpMethod": "None",
        "dataFeedDescription": "",
        "stopRetryAfterInSeconds": -1,
        "minRetryIntervalInSeconds": -1,
        "maxConcurrency": -1,
        "viewMode": "Private",
        "admins": [
          "foo@contoso.com"
        ],
        "viewers": [],
        "creator": "foo@contoso.com",
        "status": "Active",
        "createdTime": "2021-07-06T07:56:03Z",
        "isAdmin": true,
        "actionLinkTemplate": "",
        "dataSourceParameter": {
          "fileTemplate": "mock",
          "accountName": "mock",
          "directoryTemplate": "mock",
          "fileSystemName": "mock"
        },
        "authenticationType": "ServicePrincipalInKV",
        "credentialId": "ab0e2637-bc38-4b46-b3e2-5e81afc789eb"
      }
    },
    {
      "RequestUri": "https://js-metrics-advisor.cognitiveservices.azure.com/metricsadvisor/v1.0/dataFeeds/a995e42f-6658-4ad0-884e-172fa93d4674",
      "RequestMethod": "DELETE",
      "RequestHeaders": {
        "Accept": "application/json",
        "Ocp-Apim-Subscription-Key": "Sanitized",
        "traceparent": "00-256d039b8ae5c84288a59751a320293c-175e273f4fba114d-00",
        "User-Agent": "azsdk-net-AI.MetricsAdvisor/1.0.0-alpha.20210706.1 (.NET Framework 4.8.4300.0; Microsoft Windows 10.0.19043 )",
        "x-api-key": "Sanitized",
        "x-ms-client-request-id": "87d11b36ae2ff7f08c9a96df3aea8da1",
        "x-ms-return-client-request-id": "true"
      },
      "RequestBody": null,
      "StatusCode": 204,
      "ResponseHeaders": {
        "apim-request-id": "7af578ef-3271-40aa-ab1b-c401ff29c31f",
        "Content-Length": "0",
        "Date": "Tue, 06 Jul 2021 07:56:07 GMT",
        "Strict-Transport-Security": "max-age=31536000; includeSubDomains; preload",
        "x-content-type-options": "nosniff",
        "x-envoy-upstream-service-time": "710",
        "x-request-id": "7af578ef-3271-40aa-ab1b-c401ff29c31f"
      },
      "ResponseBody": []
    },
    {
      "RequestUri": "https://js-metrics-advisor.cognitiveservices.azure.com/metricsadvisor/v1.0/credentials/ab0e2637-bc38-4b46-b3e2-5e81afc789eb",
      "RequestMethod": "DELETE",
      "RequestHeaders": {
        "Accept": "application/json",
        "Ocp-Apim-Subscription-Key": "Sanitized",
        "traceparent": "00-6a1a8b208c27c944be25411e0c0e4e94-40a87724a2e14a43-00",
        "User-Agent": "azsdk-net-AI.MetricsAdvisor/1.0.0-alpha.20210706.1 (.NET Framework 4.8.4300.0; Microsoft Windows 10.0.19043 )",
        "x-api-key": "Sanitized",
        "x-ms-client-request-id": "271bf8cda6846631894fd27794f94341",
        "x-ms-return-client-request-id": "true"
      },
      "RequestBody": null,
      "StatusCode": 204,
      "ResponseHeaders": {
        "apim-request-id": "3d00b30b-42c5-4773-b82d-f914bed6142b",
        "Content-Length": "0",
        "Date": "Tue, 06 Jul 2021 07:56:07 GMT",
        "Strict-Transport-Security": "max-age=31536000; includeSubDomains; preload",
        "x-content-type-options": "nosniff",
        "x-envoy-upstream-service-time": "334",
        "x-request-id": "3d00b30b-42c5-4773-b82d-f914bed6142b"
      },
      "ResponseBody": []
    }
  ],
  "Variables": {
    "METRICSADVISOR_ACCOUNT_NAME": "js-metrics-advisor",
    "METRICSADVISOR_ENDPOINT_SUFFIX": null,
    "METRICSADVISOR_PRIMARY_API_KEY": "Sanitized",
    "METRICSADVISOR_SUBSCRIPTION_KEY": "Sanitized",
    "RandomSeed": "1057557590"
  }
}