{
  "Entries": [
    {
      "RequestUri": "https://js-metrics-advisor.cognitiveservices.azure.com/metricsadvisor/v1.0/dataFeeds",
      "RequestMethod": "POST",
      "RequestHeaders": {
        "Accept": "application/json",
        "Content-Length": "708",
        "Content-Type": "application/json",
        "Ocp-Apim-Subscription-Key": "Sanitized",
        "traceparent": "00-f70632670b9f044f9de67badc59715db-41240032e026604f-00",
        "User-Agent": "azsdk-net-AI.MetricsAdvisor/1.0.0-alpha.20210706.1 (.NET Framework 4.8.4300.0; Microsoft Windows 10.0.19043 )",
        "x-api-key": "Sanitized",
        "x-ms-client-request-id": "eb055d50dc8f053c311b2e8fbafdf7d8",
        "x-ms-return-client-request-id": "true"
      },
      "RequestBody": {
        "dataSourceParameter": {
          "tenantId": "mock",
          "clientId": "mock",
          "clientSecret": "Sanitized",
          "workspaceId": "mock",
          "query": "mock"
        },
        "dataSourceType": "AzureLogAnalytics",
        "dataFeedName": "dataFeedidjsPqlM",
        "dataFeedDescription": "description",
        "granularityName": "Daily",
        "metrics": [
          {
            "metricName": "metric"
          }
        ],
        "dimension": [
          {
            "dimensionName": "dimension"
          }
        ],
        "timestampColumn": "timestamp",
        "dataStartFrom": "2021-01-01T00:00:00Z",
        "startOffsetInSeconds": 60,
        "maxConcurrency": 1,
        "minRetryIntervalInSeconds": 60,
        "stopRetryAfterInSeconds": 60,
        "needRollup": "NeedRollup",
        "rollUpMethod": "Sum",
        "allUpIdentification": "dimension",
        "fillMissingPointType": "NoFilling",
        "viewMode": "Public",
        "actionLinkTemplate": "https://fakeurl.com/%datafeed/%metric"
      },
      "StatusCode": 201,
      "ResponseHeaders": {
        "apim-request-id": "9ed787c6-1757-46c8-8a54-ac9cb0c7f8de",
        "Content-Length": "0",
        "Date": "Tue, 06 Jul 2021 08:03:03 GMT",
        "Location": "https://js-metrics-advisor.cognitiveservices.azure.com/metricsadvisor/v1.0/dataFeeds/2080ae92-d08c-4216-ac07-ad295fce23d0",
        "Strict-Transport-Security": "max-age=31536000; includeSubDomains; preload",
        "x-content-type-options": "nosniff",
        "x-envoy-upstream-service-time": "1315",
        "x-request-id": "9ed787c6-1757-46c8-8a54-ac9cb0c7f8de"
      },
      "ResponseBody": []
    },
    {
      "RequestUri": "https://js-metrics-advisor.cognitiveservices.azure.com/metricsadvisor/v1.0/dataFeeds/2080ae92-d08c-4216-ac07-ad295fce23d0",
      "RequestMethod": "GET",
      "RequestHeaders": {
        "Accept": "application/json",
        "Ocp-Apim-Subscription-Key": "Sanitized",
        "traceparent": "00-f70632670b9f044f9de67badc59715db-a99b7a6ef2ab5947-00",
        "User-Agent": "azsdk-net-AI.MetricsAdvisor/1.0.0-alpha.20210706.1 (.NET Framework 4.8.4300.0; Microsoft Windows 10.0.19043 )",
        "x-api-key": "Sanitized",
        "x-ms-client-request-id": "a4bd2a051c95e9b4098e134890c14df8",
        "x-ms-return-client-request-id": "true"
      },
      "RequestBody": null,
      "StatusCode": 200,
      "ResponseHeaders": {
        "apim-request-id": "14efb5bf-4bae-46b6-927f-10513e39f03e",
        "Content-Length": "1092",
        "Content-Type": "application/json; charset=utf-8",
        "Date": "Tue, 06 Jul 2021 08:03:03 GMT",
        "Strict-Transport-Security": "max-age=31536000; includeSubDomains; preload",
        "x-content-type-options": "nosniff",
        "x-envoy-upstream-service-time": "361",
        "x-request-id": "14efb5bf-4bae-46b6-927f-10513e39f03e"
      },
      "ResponseBody": {
        "dataFeedId": "2080ae92-d08c-4216-ac07-ad295fce23d0",
        "dataFeedName": "dataFeedidjsPqlM",
        "metrics": [
          {
            "metricId": "6672a9c8-46af-4502-a964-f3f9d41cf826",
            "metricName": "metric",
            "metricDisplayName": "metric",
            "metricDescription": ""
          }
        ],
        "dimension": [
          {
            "dimensionName": "dimension",
            "dimensionDisplayName": "dimension"
          }
        ],
        "dataStartFrom": "2021-01-01T00:00:00Z",
        "dataSourceType": "AzureLogAnalytics",
        "timestampColumn": "timestamp",
        "startOffsetInSeconds": 60,
        "maxQueryPerMinute": 30.0,
        "granularityName": "Daily",
        "allUpIdentification": "dimension",
        "needRollup": "NeedRollup",
        "fillMissingPointType": "NoFilling",
        "fillMissingPointValue": 0.0,
        "rollUpMethod": "Sum",
        "dataFeedDescription": "description",
        "stopRetryAfterInSeconds": 60,
        "minRetryIntervalInSeconds": 60,
        "maxConcurrency": 1,
        "viewMode": "Public",
        "admins": [
          "foo@contoso.com"
        ],
        "viewers": [],
        "creator": "foo@contoso.com",
        "status": "Active",
        "createdTime": "2021-07-06T08:03:03Z",
        "isAdmin": true,
        "actionLinkTemplate": "https://fakeurl.com/%datafeed/%metric",
        "dataSourceParameter": {
          "clientId": "mock",
          "query": "mock",
          "tenantId": "mock",
          "workspaceId": "mock"
        },
        "authenticationType": "Basic"
      }
    },
    {
      "RequestUri": "https://js-metrics-advisor.cognitiveservices.azure.com/metricsadvisor/v1.0/dataFeeds/2080ae92-d08c-4216-ac07-ad295fce23d0",
      "RequestMethod": "PATCH",
      "RequestHeaders": {
        "Accept": "application/json",
        "Content-Length": "641",
        "Content-Type": "application/merge-patch\u002Bjson",
        "Ocp-Apim-Subscription-Key": "Sanitized",
        "traceparent": "00-f39a491261682a49a44f204adfa3be8a-34ab6f16fd89b348-00",
        "User-Agent": "azsdk-net-AI.MetricsAdvisor/1.0.0-alpha.20210706.1 (.NET Framework 4.8.4300.0; Microsoft Windows 10.0.19043 )",
        "x-api-key": "Sanitized",
        "x-ms-client-request-id": "d607919294f5369c8e8bb95bd4626252",
        "x-ms-return-client-request-id": "true"
      },
      "RequestBody": {
        "dataSourceParameter": {
          "tenantId": "mock",
          "clientId": "mock",
          "workspaceId": "mock",
          "query": "mock"
        },
        "dataSourceType": "AzureLogAnalytics",
        "dataFeedName": "dataFeedidjsPqlM",
        "dataFeedDescription": null,
        "timestampColumn": null,
        "dataStartFrom": "2021-01-01T00:00:00Z",
        "startOffsetInSeconds": null,
        "maxConcurrency": null,
        "minRetryIntervalInSeconds": null,
        "stopRetryAfterInSeconds": null,
        "needRollup": null,
        "rollUpMethod": null,
        "allUpIdentification": null,
        "fillMissingPointType": null,
        "fillMissingPointValue": null,
        "viewMode": null,
        "admins": [
          "foo@contoso.com"
        ],
        "viewers": [],
        "status": "Active",
        "actionLinkTemplate": null,
        "authenticationType": null,
        "credentialId": null
      },
      "StatusCode": 200,
      "ResponseHeaders": {
        "apim-request-id": "172e6b57-37ac-4699-9dd4-3433f2b45406",
        "Content-Length": "1004",
        "Content-Type": "application/json; charset=utf-8",
        "Date": "Tue, 06 Jul 2021 08:03:05 GMT",
        "Strict-Transport-Security": "max-age=31536000; includeSubDomains; preload",
        "x-content-type-options": "nosniff",
        "x-envoy-upstream-service-time": "1671",
        "x-request-id": "172e6b57-37ac-4699-9dd4-3433f2b45406"
      },
      "ResponseBody": {
        "dataFeedId": "2080ae92-d08c-4216-ac07-ad295fce23d0",
        "dataFeedName": "dataFeedidjsPqlM",
        "metrics": [
          {
            "metricId": "6672a9c8-46af-4502-a964-f3f9d41cf826",
            "metricName": "metric",
            "metricDisplayName": "metric",
            "metricDescription": ""
          }
        ],
        "dimension": [
          {
            "dimensionName": "dimension",
            "dimensionDisplayName": "dimension"
          }
        ],
        "dataStartFrom": "2021-01-01T00:00:00Z",
        "dataSourceType": "AzureLogAnalytics",
        "timestampColumn": "",
        "startOffsetInSeconds": 0,
        "maxQueryPerMinute": 30.0,
        "granularityName": "Daily",
        "needRollup": "NoRollup",
        "fillMissingPointType": "SmartFilling",
        "fillMissingPointValue": 0.0,
        "rollUpMethod": "None",
        "dataFeedDescription": "",
        "stopRetryAfterInSeconds": -1,
        "minRetryIntervalInSeconds": -1,
        "maxConcurrency": -1,
        "viewMode": "Private",
        "admins": [
          "foo@contoso.com"
        ],
        "viewers": [],
        "creator": "foo@contoso.com",
        "status": "Active",
        "createdTime": "2021-07-06T08:03:03Z",
        "isAdmin": true,
        "actionLinkTemplate": "",
        "dataSourceParameter": {
          "clientId": "mock",
          "query": "mock",
          "tenantId": "mock",
          "workspaceId": "mock"
        },
        "authenticationType": "Basic"
      }
    },
    {
      "RequestUri": "https://js-metrics-advisor.cognitiveservices.azure.com/metricsadvisor/v1.0/dataFeeds/2080ae92-d08c-4216-ac07-ad295fce23d0",
      "RequestMethod": "DELETE",
      "RequestHeaders": {
        "Accept": "application/json",
        "Ocp-Apim-Subscription-Key": "Sanitized",
        "traceparent": "00-afd6b87921524642801f1dc1cf1f3d06-c04db542e1938f4d-00",
        "User-Agent": "azsdk-net-AI.MetricsAdvisor/1.0.0-alpha.20210706.1 (.NET Framework 4.8.4300.0; Microsoft Windows 10.0.19043 )",
        "x-api-key": "Sanitized",
        "x-ms-client-request-id": "51c93f6b3ef1337fa91ce100c9f3756f",
        "x-ms-return-client-request-id": "true"
      },
      "RequestBody": null,
      "StatusCode": 204,
      "ResponseHeaders": {
        "apim-request-id": "27891458-e861-4d88-9a82-5e1784151e6b",
        "Content-Length": "0",
        "Date": "Tue, 06 Jul 2021 08:03:05 GMT",
        "Strict-Transport-Security": "max-age=31536000; includeSubDomains; preload",
        "x-content-type-options": "nosniff",
        "x-envoy-upstream-service-time": "725",
        "x-request-id": "27891458-e861-4d88-9a82-5e1784151e6b"
      },
      "ResponseBody": []
    }
  ],
  "Variables": {
    "METRICSADVISOR_ACCOUNT_NAME": "js-metrics-advisor",
    "METRICSADVISOR_ENDPOINT_SUFFIX": null,
    "METRICSADVISOR_PRIMARY_API_KEY": "Sanitized",
    "METRICSADVISOR_SUBSCRIPTION_KEY": "Sanitized",
    "RandomSeed": "1689204464"
  }
}