{
  "Entries": [
    {
      "RequestUri": "https://js-metrics-advisor.cognitiveservices.azure.com/metricsadvisor/v1.0/dataFeeds",
      "RequestMethod": "POST",
      "RequestHeaders": {
        "Accept": "application/json",
        "Content-Length": "258",
        "Content-Type": "application/json",
        "Ocp-Apim-Subscription-Key": "Sanitized",
        "traceparent": "00-6f9f6185aa306d438b3f7ca29e005955-17a0a8e2d0445d47-00",
        "User-Agent": "azsdk-net-AI.MetricsAdvisor/1.0.0-alpha.20210603.1 (.NET Framework 4.8.4300.0; Microsoft Windows 10.0.19043 )",
        "x-api-key": "Sanitized",
        "x-ms-client-request-id": "21ef7370006e3941a0109b3d144282e0",
        "x-ms-return-client-request-id": "true"
      },
      "RequestBody": {
        "dataSourceParameter": {
          "connectionString": "Sanitized",
          "database": "database",
          "command": "command"
        },
        "dataSourceType": "MongoDB",
        "dataFeedName": "dataFeedXFOvZwlg",
        "granularityName": "Daily",
        "metrics": [
          {
            "metricName": "cost"
          }
        ],
        "dataStartFrom": "2020-08-01T00:00:00Z"
      },
      "StatusCode": 201,
      "ResponseHeaders": {
        "apim-request-id": "1f914492-c5dc-4402-8368-183ddc9a54d9",
        "Content-Length": "0",
        "Date": "Thu, 03 Jun 2021 21:42:07 GMT",
        "Location": "https://js-metrics-advisor.cognitiveservices.azure.com/metricsadvisor/v1.0/dataFeeds/ff405d63-ea26-43b8-a1cd-4f4399f58818",
        "Strict-Transport-Security": "max-age=31536000; includeSubDomains; preload",
        "x-content-type-options": "nosniff",
        "x-envoy-upstream-service-time": "562",
        "x-request-id": "1f914492-c5dc-4402-8368-183ddc9a54d9"
      },
      "ResponseBody": []
    },
    {
      "RequestUri": "https://js-metrics-advisor.cognitiveservices.azure.com/metricsadvisor/v1.0/dataFeeds/ff405d63-ea26-43b8-a1cd-4f4399f58818",
      "RequestMethod": "GET",
      "RequestHeaders": {
        "Accept": "application/json",
        "Ocp-Apim-Subscription-Key": "Sanitized",
        "traceparent": "00-6f9f6185aa306d438b3f7ca29e005955-8e11a85b0a2ce04e-00",
        "User-Agent": "azsdk-net-AI.MetricsAdvisor/1.0.0-alpha.20210603.1 (.NET Framework 4.8.4300.0; Microsoft Windows 10.0.19043 )",
        "x-api-key": "Sanitized",
        "x-ms-client-request-id": "12650a48e37a7b85331186ae50f7f961",
        "x-ms-return-client-request-id": "true"
      },
      "RequestBody": null,
      "StatusCode": 200,
      "ResponseHeaders": {
        "apim-request-id": "99e12144-7cc9-43a2-85d8-a44a90b5e876",
        "Content-Length": "897",
        "Content-Type": "application/json; charset=utf-8",
        "Date": "Thu, 03 Jun 2021 21:42:07 GMT",
        "Strict-Transport-Security": "max-age=31536000; includeSubDomains; preload",
        "x-content-type-options": "nosniff",
        "x-envoy-upstream-service-time": "152",
        "x-request-id": "99e12144-7cc9-43a2-85d8-a44a90b5e876"
      },
      "ResponseBody": {
        "dataFeedId": "ff405d63-ea26-43b8-a1cd-4f4399f58818",
        "dataFeedName": "dataFeedXFOvZwlg",
        "metrics": [
          {
            "metricId": "10633b56-5b0a-4f1a-8196-1885b524d022",
            "metricName": "cost",
            "metricDisplayName": "cost",
            "metricDescription": ""
          }
        ],
        "dimension": [],
        "dataStartFrom": "2020-08-01T00:00:00Z",
        "dataSourceType": "MongoDB",
        "timestampColumn": "",
        "startOffsetInSeconds": 0,
        "maxQueryPerMinute": 30.0,
        "granularityName": "Daily",
        "needRollup": "NoRollup",
        "fillMissingPointType": "PreviousValue",
        "fillMissingPointValue": 0.0,
        "rollUpMethod": "None",
        "dataFeedDescription": "",
        "stopRetryAfterInSeconds": -1,
        "minRetryIntervalInSeconds": -1,
        "maxConcurrency": -1,
        "viewMode": "Private",
        "admins": [
          "foo@contoso.com"
        ],
        "viewers": [],
        "creator": "foo@contoso.com",
        "status": "Active",
        "createdTime": "2021-06-03T21:42:08Z",
        "isAdmin": true,
        "actionLinkTemplate": "",
        "dataSourceParameter": {
          "database": "database",
          "command": "command"
        },
        "authenticationType": "Basic"
      }
    },
    {
      "RequestUri": "https://js-metrics-advisor.cognitiveservices.azure.com/metricsadvisor/v1.0/dataFeeds/ff405d63-ea26-43b8-a1cd-4f4399f58818",
      "RequestMethod": "GET",
      "RequestHeaders": {
        "Accept": "application/json",
        "Ocp-Apim-Subscription-Key": "Sanitized",
        "traceparent": "00-88fb06bfde7d9c43881c3ca8fb7def37-ab68b458d470e543-00",
        "User-Agent": "azsdk-net-AI.MetricsAdvisor/1.0.0-alpha.20210603.1 (.NET Framework 4.8.4300.0; Microsoft Windows 10.0.19043 )",
        "x-api-key": "Sanitized",
        "x-ms-client-request-id": "cbd395211fb803488f1283fa43fdca18",
        "x-ms-return-client-request-id": "true"
      },
      "RequestBody": null,
      "StatusCode": 200,
      "ResponseHeaders": {
        "apim-request-id": "de4bfb9f-e1e0-4272-8226-775304b8882f",
        "Content-Length": "897",
        "Content-Type": "application/json; charset=utf-8",
        "Date": "Thu, 03 Jun 2021 21:42:08 GMT",
        "Strict-Transport-Security": "max-age=31536000; includeSubDomains; preload",
        "x-content-type-options": "nosniff",
        "x-envoy-upstream-service-time": "161",
        "x-request-id": "de4bfb9f-e1e0-4272-8226-775304b8882f"
      },
      "ResponseBody": {
        "dataFeedId": "ff405d63-ea26-43b8-a1cd-4f4399f58818",
        "dataFeedName": "dataFeedXFOvZwlg",
        "metrics": [
          {
            "metricId": "10633b56-5b0a-4f1a-8196-1885b524d022",
            "metricName": "cost",
            "metricDisplayName": "cost",
            "metricDescription": ""
          }
        ],
        "dimension": [],
        "dataStartFrom": "2020-08-01T00:00:00Z",
        "dataSourceType": "MongoDB",
        "timestampColumn": "",
        "startOffsetInSeconds": 0,
        "maxQueryPerMinute": 30.0,
        "granularityName": "Daily",
        "needRollup": "NoRollup",
        "fillMissingPointType": "PreviousValue",
        "fillMissingPointValue": 0.0,
        "rollUpMethod": "None",
        "dataFeedDescription": "",
        "stopRetryAfterInSeconds": -1,
        "minRetryIntervalInSeconds": -1,
        "maxConcurrency": -1,
        "viewMode": "Private",
        "admins": [
          "foo@contoso.com"
        ],
        "viewers": [],
        "creator": "foo@contoso.com",
        "status": "Active",
        "createdTime": "2021-06-03T21:42:08Z",
        "isAdmin": true,
        "actionLinkTemplate": "",
        "dataSourceParameter": {
          "database": "database",
          "command": "command"
        },
        "authenticationType": "Basic"
      }
    },
    {
      "RequestUri": "https://js-metrics-advisor.cognitiveservices.azure.com/metricsadvisor/v1.0/dataFeeds/ff405d63-ea26-43b8-a1cd-4f4399f58818",
      "RequestMethod": "PATCH",
      "RequestHeaders": {
        "Accept": "application/json",
        "Content-Length": "651",
        "Content-Type": "application/merge-patch\u002Bjson",
        "Ocp-Apim-Subscription-Key": "Sanitized",
        "traceparent": "00-6062ea096df62c41bd4129a8e0549536-f05cf41501d7aa4a-00",
        "User-Agent": "azsdk-net-AI.MetricsAdvisor/1.0.0-alpha.20210603.1 (.NET Framework 4.8.4300.0; Microsoft Windows 10.0.19043 )",
        "x-api-key": "Sanitized",
        "x-ms-client-request-id": "7bf1f68a8afb8dedee73ee5d7a92e9a8",
        "x-ms-return-client-request-id": "true"
      },
      "RequestBody": {
        "dataSourceParameter": {
          "database": "database",
          "command": "command"
        },
        "dataSourceType": "MongoDB",
        "dataFeedName": "dataFeedomqLSdeB",
        "dataFeedDescription": "This data feed was updated to test the .NET client.",
        "timestampColumn": "updatedTimestampColumn",
        "dataStartFrom": "2020-09-21T00:00:00Z",
        "startOffsetInSeconds": 2400,
        "maxConcurrency": 6,
        "minRetryIntervalInSeconds": 90,
        "stopRetryAfterInSeconds": 1200,
        "needRollup": "NoRollup",
        "rollUpMethod": "None",
        "fillMissingPointType": "NoFilling",
        "viewMode": "Public",
        "admins": [
          "foo@contoso.com",
          "fake@admin.com"
        ],
        "viewers": [
          "fake@viewer.com"
        ],
        "status": "Active",
        "actionLinkTemplate": "https://fakeurl.com/%datafeed/%metric"
      },
      "StatusCode": 200,
      "ResponseHeaders": {
        "apim-request-id": "70dba0db-1c9a-40c6-bb23-ffb0cf176529",
        "Content-Length": "1040",
        "Content-Type": "application/json; charset=utf-8",
        "Date": "Thu, 03 Jun 2021 21:42:10 GMT",
        "Strict-Transport-Security": "max-age=31536000; includeSubDomains; preload",
        "x-content-type-options": "nosniff",
        "x-envoy-upstream-service-time": "919",
        "x-request-id": "70dba0db-1c9a-40c6-bb23-ffb0cf176529"
      },
      "ResponseBody": {
        "dataFeedId": "ff405d63-ea26-43b8-a1cd-4f4399f58818",
        "dataFeedName": "dataFeedomqLSdeB",
        "metrics": [
          {
            "metricId": "10633b56-5b0a-4f1a-8196-1885b524d022",
            "metricName": "cost",
            "metricDisplayName": "cost",
            "metricDescription": ""
          }
        ],
        "dimension": [],
        "dataStartFrom": "2020-09-21T00:00:00Z",
        "dataSourceType": "MongoDB",
        "timestampColumn": "updatedTimestampColumn",
        "startOffsetInSeconds": 2400,
        "maxQueryPerMinute": 30.0,
        "granularityName": "Daily",
        "needRollup": "NoRollup",
        "fillMissingPointType": "NoFilling",
        "fillMissingPointValue": 0.0,
        "rollUpMethod": "None",
        "dataFeedDescription": "This data feed was updated to test the .NET client.",
        "stopRetryAfterInSeconds": 1200,
        "minRetryIntervalInSeconds": 90,
        "maxConcurrency": 6,
        "viewMode": "Public",
        "admins": [
          "fake@admin.com",
          "foo@contoso.com"
        ],
        "viewers": [
          "fake@viewer.com"
        ],
        "creator": "foo@contoso.com",
        "status": "Active",
        "createdTime": "2021-06-03T21:42:08Z",
        "isAdmin": true,
        "actionLinkTemplate": "https://fakeurl.com/%datafeed/%metric",
        "dataSourceParameter": {
          "database": "database",
          "command": "command"
        },
        "authenticationType": "Basic"
      }
    },
    {
      "RequestUri": "https://js-metrics-advisor.cognitiveservices.azure.com/metricsadvisor/v1.0/dataFeeds/ff405d63-ea26-43b8-a1cd-4f4399f58818",
      "RequestMethod": "GET",
      "RequestHeaders": {
        "Accept": "application/json",
        "Ocp-Apim-Subscription-Key": "Sanitized",
        "traceparent": "00-5cc2b2b0ed9ba845aafaee3aab65adc5-0aa4859ff9ebcf4b-00",
        "User-Agent": "azsdk-net-AI.MetricsAdvisor/1.0.0-alpha.20210603.1 (.NET Framework 4.8.4300.0; Microsoft Windows 10.0.19043 )",
        "x-api-key": "Sanitized",
        "x-ms-client-request-id": "7e1c3916b66e2928c26182685f8a3836",
        "x-ms-return-client-request-id": "true"
      },
      "RequestBody": null,
      "StatusCode": 200,
      "ResponseHeaders": {
        "apim-request-id": "505c4dff-4cf8-45fe-a711-c97a8e7fa1df",
        "Content-Length": "1040",
        "Content-Type": "application/json; charset=utf-8",
        "Date": "Thu, 03 Jun 2021 21:42:10 GMT",
        "Strict-Transport-Security": "max-age=31536000; includeSubDomains; preload",
        "x-content-type-options": "nosniff",
        "x-envoy-upstream-service-time": "163",
        "x-request-id": "505c4dff-4cf8-45fe-a711-c97a8e7fa1df"
      },
      "ResponseBody": {
        "dataFeedId": "ff405d63-ea26-43b8-a1cd-4f4399f58818",
        "dataFeedName": "dataFeedomqLSdeB",
        "metrics": [
          {
            "metricId": "10633b56-5b0a-4f1a-8196-1885b524d022",
            "metricName": "cost",
            "metricDisplayName": "cost",
            "metricDescription": ""
          }
        ],
        "dimension": [],
        "dataStartFrom": "2020-09-21T00:00:00Z",
        "dataSourceType": "MongoDB",
        "timestampColumn": "updatedTimestampColumn",
        "startOffsetInSeconds": 2400,
        "maxQueryPerMinute": 30.0,
        "granularityName": "Daily",
        "needRollup": "NoRollup",
        "fillMissingPointType": "NoFilling",
        "fillMissingPointValue": 0.0,
        "rollUpMethod": "None",
        "dataFeedDescription": "This data feed was updated to test the .NET client.",
        "stopRetryAfterInSeconds": 1200,
        "minRetryIntervalInSeconds": 90,
        "maxConcurrency": 6,
        "viewMode": "Public",
        "admins": [
          "fake@admin.com",
          "foo@contoso.com"
        ],
        "viewers": [
          "fake@viewer.com"
        ],
        "creator": "foo@contoso.com",
        "status": "Active",
        "createdTime": "2021-06-03T21:42:08Z",
        "isAdmin": true,
        "actionLinkTemplate": "https://fakeurl.com/%datafeed/%metric",
        "dataSourceParameter": {
          "database": "database",
          "command": "command"
        },
        "authenticationType": "Basic"
      }
    },
    {
      "RequestUri": "https://js-metrics-advisor.cognitiveservices.azure.com/metricsadvisor/v1.0/dataFeeds/ff405d63-ea26-43b8-a1cd-4f4399f58818",
      "RequestMethod": "DELETE",
      "RequestHeaders": {
        "Accept": "application/json",
        "Ocp-Apim-Subscription-Key": "Sanitized",
        "traceparent": "00-5bd28ee419186b498a7a53e8b39e2ee7-b4934d5e7e898248-00",
        "User-Agent": "azsdk-net-AI.MetricsAdvisor/1.0.0-alpha.20210603.1 (.NET Framework 4.8.4300.0; Microsoft Windows 10.0.19043 )",
        "x-api-key": "Sanitized",
        "x-ms-client-request-id": "59246d477e069765a846dd4431ea88fd",
        "x-ms-return-client-request-id": "true"
      },
      "RequestBody": null,
      "StatusCode": 204,
      "ResponseHeaders": {
        "apim-request-id": "200e66aa-d54f-4896-982e-0b83d8fb5999",
        "Content-Length": "0",
        "Date": "Thu, 03 Jun 2021 21:42:10 GMT",
        "Strict-Transport-Security": "max-age=31536000; includeSubDomains; preload",
        "x-content-type-options": "nosniff",
        "x-envoy-upstream-service-time": "309",
        "x-request-id": "200e66aa-d54f-4896-982e-0b83d8fb5999"
      },
      "ResponseBody": []
    }
  ],
  "Variables": {
    "DateTimeOffsetNow": "2021-06-03T14:42:09.9761467-07:00",
    "METRICSADVISOR_ACCOUNT_NAME": "js-metrics-advisor",
    "METRICSADVISOR_ENDPOINT_SUFFIX": null,
    "METRICSADVISOR_PRIMARY_API_KEY": "Sanitized",
    "METRICSADVISOR_SUBSCRIPTION_KEY": "Sanitized",
    "RandomSeed": "186636522"
  }
}