{
  "Entries": [
    {
      "RequestUri": "https://management.azure.com/subscriptions/db1ab6f0-4769-4b27-930e-01e2ef9c123c?api-version=2021-01-01",
      "RequestMethod": "GET",
      "RequestHeaders": {
        "Accept": "application/json",
        "Authorization": "Sanitized",
        "traceparent": "00-d543bebc9f877f1f4548c1c472c41cfb-608f90902e2f7196-00",
        "User-Agent": "azsdk-net-ResourceManager/1.6.0 (.NET 7.0.7; Microsoft Windows 10.0.22621)",
        "x-ms-client-request-id": "b9d52ed86a466e5bf1cd81435960abee",
        "x-ms-return-client-request-id": "true"
      },
      "RequestBody": null,
      "StatusCode": 200,
      "ResponseHeaders": {
        "Cache-Control": "no-cache",
        "Content-Length": "748",
        "Content-Type": "application/json; charset=utf-8",
        "Date": "Wed, 28 Jun 2023 05:04:56 GMT",
        "Expires": "-1",
        "Pragma": "no-cache",
        "Strict-Transport-Security": "max-age=31536000; includeSubDomains",
        "X-Content-Type-Options": "nosniff",
        "x-ms-correlation-request-id": "f51822db-041a-4947-a005-c11092b28873",
        "x-ms-ratelimit-remaining-subscription-reads": "11965",
        "x-ms-request-id": "f51822db-041a-4947-a005-c11092b28873",
        "x-ms-routing-request-id": "SOUTHEASTASIA:20230628T050457Z:f51822db-041a-4947-a005-c11092b28873"
      },
      "ResponseBody": {
        "id": "/subscriptions/db1ab6f0-4769-4b27-930e-01e2ef9c123c",
        "authorizationSource": "RoleBased",
        "managedByTenants": [],
        "tags": {
          "TagKey-9823": "TagValue-1254",
          "TagKey-3481": "TagValue-320",
          "TagKey-4926": "TagValue-1187",
          "TagKey-751": "TagValue-3921",
          "TagKey-1866": "TagValue-8559",
          "TagKey-3094": "TagValue-9190",
          "TagKey-2449": "TagValue-9",
          "TagKey-8379": "TagValue-164",
          "TagKey-7470": "TagValue-2205",
          "TagKey-4236": "TagValue-3698",
          "TagKey-5316": "TagValue-2725"
        },
        "subscriptionId": "db1ab6f0-4769-4b27-930e-01e2ef9c123c",
        "tenantId": "72f988bf-86f1-41af-91ab-2d7cd011db47",
        "displayName": ".NET Mgmt SDK Test with TTL = 1 Day",
        "state": "Enabled",
        "subscriptionPolicies": {
          "locationPlacementId": "Internal_2014-09-01",
          "quotaId": "Internal_2014-09-01",
          "spendingLimit": "Off"
        }
      }
    },
    {
      "RequestUri": "https://management.azure.com/subscriptions/db1ab6f0-4769-4b27-930e-01e2ef9c123c/resourcegroups/test_application_security_group_4859?api-version=**",
      "RequestMethod": "PUT",
      "RequestHeaders": {
        "Accept": "application/json",
        "Authorization": "Sanitized",
        "Content-Length": "21",
        "Content-Type": "application/json",
        "traceparent": "00-a0af5c5ebb22170dce45a48c7fb3a58e-93e225c1f48261fb-00",
        "User-Agent": "azsdk-net-ResourceManager/1.6.0 (.NET 7.0.7; Microsoft Windows 10.0.22621)",
        "x-ms-client-request-id": "1488536d4fbb8306a29b46d095a876c6",
        "x-ms-return-client-request-id": "true"
      },
      "RequestBody": {
        "location": "westus"
      },
      "StatusCode": 201,
      "ResponseHeaders": {
        "Cache-Control": "no-cache",
        "Content-Length": "269",
        "Content-Type": "application/json; charset=utf-8",
        "Date": "Wed, 28 Jun 2023 05:04:57 GMT",
        "Expires": "-1",
        "Pragma": "no-cache",
        "Strict-Transport-Security": "max-age=31536000; includeSubDomains",
        "X-Content-Type-Options": "nosniff",
        "x-ms-correlation-request-id": "315936f6-5b54-42d4-b52b-1e59322319ac",
        "x-ms-ratelimit-remaining-subscription-writes": "1191",
        "x-ms-request-id": "315936f6-5b54-42d4-b52b-1e59322319ac",
        "x-ms-routing-request-id": "SOUTHEASTASIA:20230628T050457Z:315936f6-5b54-42d4-b52b-1e59322319ac"
      },
      "ResponseBody": {
        "id": "/subscriptions/db1ab6f0-4769-4b27-930e-01e2ef9c123c/resourceGroups/test_application_security_group_4859",
        "name": "test_application_security_group_4859",
        "type": "Microsoft.Resources/resourceGroups",
        "location": "westus",
        "properties": {
          "provisioningState": "Succeeded"
        }
      }
    },
    {
      "RequestUri": "https://management.azure.com/subscriptions/db1ab6f0-4769-4b27-930e-01e2ef9c123c/resourceGroups/test_application_security_group_4859/providers/Microsoft.Network/applicationSecurityGroups/test_application_security_group_1409?api-version=2023-02-01",
      "RequestMethod": "PUT",
      "RequestHeaders": {
        "Accept": "application/json",
        "Authorization": "Sanitized",
        "Content-Length": "37",
        "Content-Type": "application/json",
        "traceparent": "00-0ce227cf39e03a44de4de0181074ed47-fb6b07afa8fe6585-00",
        "User-Agent": "azsdk-net-ResourceManager.Network/1.3.0-alpha.20230627.1 (.NET 7.0.7; Microsoft Windows 10.0.22621)",
        "x-ms-client-request-id": "50ef2c88312393a1f47213c4ca58f0d2",
        "x-ms-return-client-request-id": "true"
      },
      "RequestBody": {
        "location": "westus",
        "properties": {}
      },
      "StatusCode": 201,
      "ResponseHeaders": {
        "Azure-AsyncNotification": "Enabled",
        "Azure-AsyncOperation": "https://management.azure.com/subscriptions/db1ab6f0-4769-4b27-930e-01e2ef9c123c/providers/Microsoft.Network/locations/westus/operations/9fc31179-cc65-4d52-b163-e1b79509a423?api-version=2023-02-01",
        "Cache-Control": "no-cache",
        "Content-Length": "420",
        "Content-Type": "application/json; charset=utf-8",
        "Date": "Wed, 28 Jun 2023 05:05:00 GMT",
        "Expires": "-1",
        "Pragma": "no-cache",
        "Retry-After": "1",
        "Server": [
          "Microsoft-HTTPAPI/2.0",
          "Microsoft-HTTPAPI/2.0"
        ],
        "Strict-Transport-Security": "max-age=31536000; includeSubDomains",
        "X-Content-Type-Options": "nosniff",
        "x-ms-arm-service-request-id": "58e34e99-0de7-45bb-860e-838df90211a1",
        "x-ms-client-request-id": "50ef2c88312393a1f47213c4ca58f0d2",
        "x-ms-correlation-request-id": "0cf0b061-2837-4388-b1fd-4e00a43a9318",
        "x-ms-ratelimit-remaining-subscription-writes": "1190",
        "x-ms-request-id": "9fc31179-cc65-4d52-b163-e1b79509a423",
        "x-ms-routing-request-id": "SOUTHEASTASIA:20230628T050501Z:0cf0b061-2837-4388-b1fd-4e00a43a9318"
      },
      "ResponseBody": {
        "name": "test_application_security_group_1409",
        "id": "/subscriptions/db1ab6f0-4769-4b27-930e-01e2ef9c123c/resourceGroups/test_application_security_group_4859/providers/Microsoft.Network/applicationSecurityGroups/test_application_security_group_1409",
        "etag": "W/\u0022b7f37243-e263-47c7-ad13-d6bfaaaa146a\u0022",
        "type": "Microsoft.Network/applicationSecurityGroups",
        "location": "westus",
        "properties": {
          "provisioningState": "Updating"
        }
      }
    },
    {
      "RequestUri": "https://management.azure.com/subscriptions/db1ab6f0-4769-4b27-930e-01e2ef9c123c/providers/Microsoft.Network/locations/westus/operations/9fc31179-cc65-4d52-b163-e1b79509a423?api-version=2023-02-01",
      "RequestMethod": "GET",
      "RequestHeaders": {
        "Authorization": "Sanitized",
        "traceparent": "00-0ce227cf39e03a44de4de0181074ed47-d324e3267114d2f5-00",
        "User-Agent": "azsdk-net-ResourceManager/1.6.0 (.NET 7.0.7; Microsoft Windows 10.0.22621)",
        "x-ms-client-request-id": "7fd72e7d40ff2249e780c6dcf3bed743",
        "x-ms-return-client-request-id": "true"
      },
      "RequestBody": null,
      "StatusCode": 200,
      "ResponseHeaders": {
        "Cache-Control": "no-cache",
        "Content-Length": "22",
        "Content-Type": "application/json; charset=utf-8",
        "Date": "Wed, 28 Jun 2023 05:05:00 GMT",
        "Expires": "-1",
        "Pragma": "no-cache",
        "Server": [
          "Microsoft-HTTPAPI/2.0",
          "Microsoft-HTTPAPI/2.0"
        ],
        "Strict-Transport-Security": "max-age=31536000; includeSubDomains",
        "X-Content-Type-Options": "nosniff",
        "x-ms-arm-service-request-id": "07ca698a-cf80-4d2f-8eec-0a3b81de2dd5",
        "x-ms-client-request-id": "7fd72e7d40ff2249e780c6dcf3bed743",
        "x-ms-correlation-request-id": "e51ca421-fbe7-4672-b9b9-ddc27f6e2a04",
        "x-ms-ratelimit-remaining-subscription-reads": "11964",
        "x-ms-request-id": "70b95caf-6e27-4bff-b465-feac83963a08",
        "x-ms-routing-request-id": "SOUTHEASTASIA:20230628T050501Z:e51ca421-fbe7-4672-b9b9-ddc27f6e2a04"
      },
      "ResponseBody": {
        "status": "Succeeded"
      }
    },
    {
      "RequestUri": "https://management.azure.com/subscriptions/db1ab6f0-4769-4b27-930e-01e2ef9c123c/resourceGroups/test_application_security_group_4859/providers/Microsoft.Network/applicationSecurityGroups/test_application_security_group_1409?api-version=2023-02-01",
      "RequestMethod": "GET",
      "RequestHeaders": {
        "Authorization": "Sanitized",
        "traceparent": "00-0ce227cf39e03a44de4de0181074ed47-21c44cf26fd9c645-00",
        "User-Agent": "azsdk-net-ResourceManager/1.6.0 (.NET 7.0.7; Microsoft Windows 10.0.22621)",
        "x-ms-client-request-id": "2e05fd5598166b7f4d201a7f628bf599",
        "x-ms-return-client-request-id": "true"
      },
      "RequestBody": null,
      "StatusCode": 200,
      "ResponseHeaders": {
        "Cache-Control": "no-cache",
        "Content-Length": "421",
        "Content-Type": "application/json; charset=utf-8",
        "Date": "Wed, 28 Jun 2023 05:05:01 GMT",
        "ETag": "W/\u0022d1d657c7-0413-4525-a9e6-bb1a4f17d661\u0022",
        "Expires": "-1",
        "Pragma": "no-cache",
        "Server": [
          "Microsoft-HTTPAPI/2.0",
          "Microsoft-HTTPAPI/2.0"
        ],
        "Strict-Transport-Security": "max-age=31536000; includeSubDomains",
        "X-Content-Type-Options": "nosniff",
        "x-ms-arm-service-request-id": "d7bca6b1-ff30-41cf-8c1d-9615ef08f452",
        "x-ms-client-request-id": "2e05fd5598166b7f4d201a7f628bf599",
        "x-ms-correlation-request-id": "fadc009e-39c0-4531-8d66-5f73bd003ed6",
        "x-ms-ratelimit-remaining-subscription-reads": "11963",
        "x-ms-request-id": "d97f1c80-b42f-4025-a331-e6e6c548aafe",
        "x-ms-routing-request-id": "SOUTHEASTASIA:20230628T050501Z:fadc009e-39c0-4531-8d66-5f73bd003ed6"
      },
      "ResponseBody": {
        "name": "test_application_security_group_1409",
        "id": "/subscriptions/db1ab6f0-4769-4b27-930e-01e2ef9c123c/resourceGroups/test_application_security_group_4859/providers/Microsoft.Network/applicationSecurityGroups/test_application_security_group_1409",
        "etag": "W/\u0022d1d657c7-0413-4525-a9e6-bb1a4f17d661\u0022",
        "type": "Microsoft.Network/applicationSecurityGroups",
        "location": "westus",
        "properties": {
          "provisioningState": "Succeeded"
        }
      }
    },
    {
      "RequestUri": "https://management.azure.com/subscriptions/db1ab6f0-4769-4b27-930e-01e2ef9c123c/resourceGroups/test_application_security_group_4859/providers/Microsoft.Network/applicationSecurityGroups/test_application_security_group_1409?api-version=2023-02-01",
      "RequestMethod": "GET",
      "RequestHeaders": {
        "Accept": "application/json",
        "Authorization": "Sanitized",
        "traceparent": "00-57f3ac27aa62849a05f06d7dd1e6de02-6269d8f0fc8f5197-00",
        "User-Agent": "azsdk-net-ResourceManager.Network/1.3.0-alpha.20230627.1 (.NET 7.0.7; Microsoft Windows 10.0.22621)",
        "x-ms-client-request-id": "9c47084d71814fd3303d462a5702db77",
        "x-ms-return-client-request-id": "true"
      },
      "RequestBody": null,
      "StatusCode": 200,
      "ResponseHeaders": {
        "Cache-Control": "no-cache",
        "Content-Length": "421",
        "Content-Type": "application/json; charset=utf-8",
        "Date": "Wed, 28 Jun 2023 05:05:01 GMT",
        "ETag": "W/\u0022d1d657c7-0413-4525-a9e6-bb1a4f17d661\u0022",
        "Expires": "-1",
        "Pragma": "no-cache",
        "Server": [
          "Microsoft-HTTPAPI/2.0",
          "Microsoft-HTTPAPI/2.0"
        ],
        "Strict-Transport-Security": "max-age=31536000; includeSubDomains",
        "X-Content-Type-Options": "nosniff",
        "x-ms-arm-service-request-id": "0d41b2e2-2beb-4e7c-b60a-9cd0a9f5bf2e",
        "x-ms-client-request-id": "9c47084d71814fd3303d462a5702db77",
        "x-ms-correlation-request-id": "4a794df7-2e4a-49f5-a0a4-38ca56997be6",
        "x-ms-ratelimit-remaining-subscription-reads": "11962",
        "x-ms-request-id": "7f3951c6-b4f3-41d3-a8c1-ea16bb222cd4",
        "x-ms-routing-request-id": "SOUTHEASTASIA:20230628T050502Z:4a794df7-2e4a-49f5-a0a4-38ca56997be6"
      },
      "ResponseBody": {
        "name": "test_application_security_group_1409",
        "id": "/subscriptions/db1ab6f0-4769-4b27-930e-01e2ef9c123c/resourceGroups/test_application_security_group_4859/providers/Microsoft.Network/applicationSecurityGroups/test_application_security_group_1409",
        "etag": "W/\u0022d1d657c7-0413-4525-a9e6-bb1a4f17d661\u0022",
        "type": "Microsoft.Network/applicationSecurityGroups",
        "location": "westus",
        "properties": {
          "provisioningState": "Succeeded"
        }
      }
    },
    {
      "RequestUri": "https://management.azure.com/subscriptions/db1ab6f0-4769-4b27-930e-01e2ef9c123c/resourceGroups/test_application_security_group_4859/providers/Microsoft.Network/applicationSecurityGroups/test_application_security_group_1409?api-version=2023-02-01",
      "RequestMethod": "PUT",
      "RequestHeaders": {
        "Accept": "application/json",
        "Authorization": "Sanitized",
        "Content-Length": "280",
        "Content-Type": "application/json",
        "traceparent": "00-691f20f8b324fc759a512abc53456e52-77a44e044ffe0618-00",
        "User-Agent": "azsdk-net-ResourceManager.Network/1.3.0-alpha.20230627.1 (.NET 7.0.7; Microsoft Windows 10.0.22621)",
        "x-ms-client-request-id": "a0c08bccf756e5f4ae6b32de26cabf5b",
        "x-ms-return-client-request-id": "true"
      },
      "RequestBody": {
        "id": "/subscriptions/db1ab6f0-4769-4b27-930e-01e2ef9c123c/resourceGroups/test_application_security_group_4859/providers/Microsoft.Network/applicationSecurityGroups/test_application_security_group_1409",
        "location": "westus",
        "tags": {
          "tag1": "value1",
          "tag2": "value2"
        },
        "properties": {}
      },
      "StatusCode": 200,
      "ResponseHeaders": {
        "Azure-AsyncNotification": "Enabled",
        "Azure-AsyncOperation": "https://management.azure.com/subscriptions/db1ab6f0-4769-4b27-930e-01e2ef9c123c/providers/Microsoft.Network/locations/westus/operations/02e8c72f-8183-49ce-a068-ef526ca37411?api-version=2023-02-01",
        "Cache-Control": "no-cache",
        "Content-Length": "462",
        "Content-Type": "application/json; charset=utf-8",
        "Date": "Wed, 28 Jun 2023 05:05:03 GMT",
        "Expires": "-1",
        "Pragma": "no-cache",
        "Server": [
          "Microsoft-HTTPAPI/2.0",
          "Microsoft-HTTPAPI/2.0"
        ],
        "Strict-Transport-Security": "max-age=31536000; includeSubDomains",
        "X-Content-Type-Options": "nosniff",
        "x-ms-arm-service-request-id": "3f15c722-9fb3-49b8-b23a-7f9b44c0ac89",
        "x-ms-client-request-id": "a0c08bccf756e5f4ae6b32de26cabf5b",
        "x-ms-correlation-request-id": "5142e9c8-b811-4d10-bc3b-e41415fe4229",
        "x-ms-ratelimit-remaining-subscription-writes": "1189",
        "x-ms-request-id": "02e8c72f-8183-49ce-a068-ef526ca37411",
        "x-ms-routing-request-id": "SOUTHEASTASIA:20230628T050504Z:5142e9c8-b811-4d10-bc3b-e41415fe4229"
      },
      "ResponseBody": {
        "name": "test_application_security_group_1409",
        "id": "/subscriptions/db1ab6f0-4769-4b27-930e-01e2ef9c123c/resourceGroups/test_application_security_group_4859/providers/Microsoft.Network/applicationSecurityGroups/test_application_security_group_1409",
        "etag": "W/\u0022bb009f37-03ec-4d3c-838d-03dce3b607de\u0022",
        "type": "Microsoft.Network/applicationSecurityGroups",
        "location": "westus",
        "tags": {
          "tag1": "value1",
          "tag2": "value2"
        },
        "properties": {
          "provisioningState": "Succeeded"
        }
      }
    },
    {
      "RequestUri": "https://management.azure.com/subscriptions/db1ab6f0-4769-4b27-930e-01e2ef9c123c/providers/Microsoft.Network/locations/westus/operations/02e8c72f-8183-49ce-a068-ef526ca37411?api-version=2023-02-01",
      "RequestMethod": "GET",
      "RequestHeaders": {
        "Authorization": "Sanitized",
        "traceparent": "00-691f20f8b324fc759a512abc53456e52-94c5b6bb6a552e2b-00",
        "User-Agent": "azsdk-net-ResourceManager/1.6.0 (.NET 7.0.7; Microsoft Windows 10.0.22621)",
        "x-ms-client-request-id": "d7b2a24455ca55421361ed153ff42866",
        "x-ms-return-client-request-id": "true"
      },
      "RequestBody": null,
      "StatusCode": 200,
      "ResponseHeaders": {
        "Cache-Control": "no-cache",
        "Content-Length": "22",
        "Content-Type": "application/json; charset=utf-8",
        "Date": "Wed, 28 Jun 2023 05:05:03 GMT",
        "Expires": "-1",
        "Pragma": "no-cache",
        "Server": [
          "Microsoft-HTTPAPI/2.0",
          "Microsoft-HTTPAPI/2.0"
        ],
        "Strict-Transport-Security": "max-age=31536000; includeSubDomains",
        "X-Content-Type-Options": "nosniff",
        "x-ms-arm-service-request-id": "ba8b4718-9a41-4776-9179-b7f1364a3ff9",
        "x-ms-client-request-id": "d7b2a24455ca55421361ed153ff42866",
        "x-ms-correlation-request-id": "4b029925-dd9b-4535-8532-da8aad551543",
        "x-ms-ratelimit-remaining-subscription-reads": "11961",
        "x-ms-request-id": "c91ef5c8-ca17-4b61-9bd3-95ec2436a9c1",
        "x-ms-routing-request-id": "SOUTHEASTASIA:20230628T050504Z:4b029925-dd9b-4535-8532-da8aad551543"
      },
      "ResponseBody": {
        "status": "Succeeded"
      }
    },
    {
      "RequestUri": "https://management.azure.com/subscriptions/db1ab6f0-4769-4b27-930e-01e2ef9c123c/resourceGroups/test_application_security_group_4859/providers/Microsoft.Network/applicationSecurityGroups/test_application_security_group_1409?api-version=2023-02-01",
      "RequestMethod": "GET",
      "RequestHeaders": {
        "Authorization": "Sanitized",
        "traceparent": "00-691f20f8b324fc759a512abc53456e52-38235d2c57890cff-00",
        "User-Agent": "azsdk-net-ResourceManager/1.6.0 (.NET 7.0.7; Microsoft Windows 10.0.22621)",
        "x-ms-client-request-id": "2a9feb7ef07391ffc9dc759ff81b9359",
        "x-ms-return-client-request-id": "true"
      },
      "RequestBody": null,
      "StatusCode": 200,
      "ResponseHeaders": {
        "Cache-Control": "no-cache",
        "Content-Length": "462",
        "Content-Type": "application/json; charset=utf-8",
        "Date": "Wed, 28 Jun 2023 05:05:04 GMT",
        "ETag": "W/\u0022bb009f37-03ec-4d3c-838d-03dce3b607de\u0022",
        "Expires": "-1",
        "Pragma": "no-cache",
        "Server": [
          "Microsoft-HTTPAPI/2.0",
          "Microsoft-HTTPAPI/2.0"
        ],
        "Strict-Transport-Security": "max-age=31536000; includeSubDomains",
        "X-Content-Type-Options": "nosniff",
        "x-ms-arm-service-request-id": "3c8b7a93-ef4f-4a48-aed3-07fc1f0b059d",
        "x-ms-client-request-id": "2a9feb7ef07391ffc9dc759ff81b9359",
        "x-ms-correlation-request-id": "4bccaac3-032f-491e-9c39-a368f73d8ac0",
        "x-ms-ratelimit-remaining-subscription-reads": "11960",
        "x-ms-request-id": "74af68d2-9b86-40c1-a963-2ab9eabc5a59",
        "x-ms-routing-request-id": "SOUTHEASTASIA:20230628T050504Z:4bccaac3-032f-491e-9c39-a368f73d8ac0"
      },
      "ResponseBody": {
        "name": "test_application_security_group_1409",
        "id": "/subscriptions/db1ab6f0-4769-4b27-930e-01e2ef9c123c/resourceGroups/test_application_security_group_4859/providers/Microsoft.Network/applicationSecurityGroups/test_application_security_group_1409",
        "etag": "W/\u0022bb009f37-03ec-4d3c-838d-03dce3b607de\u0022",
        "type": "Microsoft.Network/applicationSecurityGroups",
        "location": "westus",
        "tags": {
          "tag1": "value1",
          "tag2": "value2"
        },
        "properties": {
          "provisioningState": "Succeeded"
        }
      }
    },
    {
      "RequestUri": "https://management.azure.com/subscriptions/db1ab6f0-4769-4b27-930e-01e2ef9c123c/resourceGroups/test_application_security_group_4859/providers/Microsoft.Network/applicationSecurityGroups/test_application_security_group_1409?api-version=2023-02-01",
      "RequestMethod": "GET",
      "RequestHeaders": {
        "Accept": "application/json",
        "Authorization": "Sanitized",
        "traceparent": "00-79ccaee07d907571e29457a4369431b1-2293cc776b0f9d08-00",
        "User-Agent": "azsdk-net-ResourceManager.Network/1.3.0-alpha.20230627.1 (.NET 7.0.7; Microsoft Windows 10.0.22621)",
        "x-ms-client-request-id": "839ae758e7173590ea39d7154daca436",
        "x-ms-return-client-request-id": "true"
      },
      "RequestBody": null,
      "StatusCode": 200,
      "ResponseHeaders": {
        "Cache-Control": "no-cache",
        "Content-Length": "462",
        "Content-Type": "application/json; charset=utf-8",
        "Date": "Wed, 28 Jun 2023 05:05:04 GMT",
        "ETag": "W/\u0022bb009f37-03ec-4d3c-838d-03dce3b607de\u0022",
        "Expires": "-1",
        "Pragma": "no-cache",
        "Server": [
          "Microsoft-HTTPAPI/2.0",
          "Microsoft-HTTPAPI/2.0"
        ],
        "Strict-Transport-Security": "max-age=31536000; includeSubDomains",
        "X-Content-Type-Options": "nosniff",
        "x-ms-arm-service-request-id": "8ac1aba0-9de5-47b4-be96-0f21753d106b",
        "x-ms-client-request-id": "839ae758e7173590ea39d7154daca436",
        "x-ms-correlation-request-id": "6a5a04c2-ba4d-4c3b-94a8-134ba88a6531",
        "x-ms-ratelimit-remaining-subscription-reads": "11959",
        "x-ms-request-id": "9f62b67b-2e05-44c2-a68e-bdf73183acd2",
        "x-ms-routing-request-id": "SOUTHEASTASIA:20230628T050505Z:6a5a04c2-ba4d-4c3b-94a8-134ba88a6531"
      },
      "ResponseBody": {
        "name": "test_application_security_group_1409",
        "id": "/subscriptions/db1ab6f0-4769-4b27-930e-01e2ef9c123c/resourceGroups/test_application_security_group_4859/providers/Microsoft.Network/applicationSecurityGroups/test_application_security_group_1409",
        "etag": "W/\u0022bb009f37-03ec-4d3c-838d-03dce3b607de\u0022",
        "type": "Microsoft.Network/applicationSecurityGroups",
        "location": "westus",
        "tags": {
          "tag1": "value1",
          "tag2": "value2"
        },
        "properties": {
          "provisioningState": "Succeeded"
        }
      }
    },
    {
      "RequestUri": "https://management.azure.com/subscriptions/db1ab6f0-4769-4b27-930e-01e2ef9c123c/resourceGroups/test_application_security_group_4859/providers/Microsoft.Network/applicationSecurityGroups/test_application_security_group_1409/providers/Microsoft.Resources/tags/default?api-version=**",
      "RequestMethod": "DELETE",
      "RequestHeaders": {
        "Accept": "application/json",
        "Authorization": "Sanitized",
        "traceparent": "00-d65116431653f09a3a0ec5e5bc186948-43e1693ff8518063-00",
        "User-Agent": "azsdk-net-ResourceManager/1.6.0 (.NET 7.0.7; Microsoft Windows 10.0.22621)",
        "x-ms-client-request-id": "665a988de9b554d7a2200deee0a35cf8",
        "x-ms-return-client-request-id": "true"
      },
      "RequestBody": null,
      "StatusCode": 200,
      "ResponseHeaders": {
        "Cache-Control": "no-cache",
        "Content-Length": "0",
        "Date": "Wed, 28 Jun 2023 05:05:06 GMT",
        "Expires": "-1",
        "Pragma": "no-cache",
        "Strict-Transport-Security": "max-age=31536000; includeSubDomains",
        "X-Content-Type-Options": "nosniff",
        "x-ms-correlation-request-id": "7f8339dd-e9bb-4782-a8f2-11293b93e8b3",
        "x-ms-ratelimit-remaining-subscription-deletes": "14996",
        "x-ms-request-id": "7f8339dd-e9bb-4782-a8f2-11293b93e8b3",
        "x-ms-routing-request-id": "SOUTHEASTASIA:20230628T050507Z:7f8339dd-e9bb-4782-a8f2-11293b93e8b3"
      },
      "ResponseBody": null
    },
    {
      "RequestUri": "https://management.azure.com/subscriptions/db1ab6f0-4769-4b27-930e-01e2ef9c123c/resourceGroups/test_application_security_group_4859/providers/Microsoft.Network/applicationSecurityGroups/test_application_security_group_1409/providers/Microsoft.Resources/tags/default?api-version=**",
      "RequestMethod": "GET",
      "RequestHeaders": {
        "Accept": "application/json",
        "Authorization": "Sanitized",
        "traceparent": "00-d65116431653f09a3a0ec5e5bc186948-6bf288a304c45ef4-00",
        "User-Agent": "azsdk-net-ResourceManager/1.6.0 (.NET 7.0.7; Microsoft Windows 10.0.22621)",
        "x-ms-client-request-id": "60113f372dc06fa41045e0f7daa25546",
        "x-ms-return-client-request-id": "true"
      },
      "RequestBody": null,
      "StatusCode": 200,
      "ResponseHeaders": {
        "Cache-Control": "no-cache",
        "Content-Length": "353",
        "Content-Type": "application/json; charset=utf-8",
        "Date": "Wed, 28 Jun 2023 05:05:06 GMT",
        "Expires": "-1",
        "Pragma": "no-cache",
        "Strict-Transport-Security": "max-age=31536000; includeSubDomains",
        "X-Content-Type-Options": "nosniff",
        "x-ms-correlation-request-id": "849a477e-cb0b-4613-8f48-9662633fab79",
        "x-ms-ratelimit-remaining-subscription-reads": "11958",
        "x-ms-request-id": "849a477e-cb0b-4613-8f48-9662633fab79",
        "x-ms-routing-request-id": "SOUTHEASTASIA:20230628T050507Z:849a477e-cb0b-4613-8f48-9662633fab79"
      },
      "ResponseBody": {
        "id": "/subscriptions/db1ab6f0-4769-4b27-930e-01e2ef9c123c/resourceGroups/test_application_security_group_4859/providers/Microsoft.Network/applicationSecurityGroups/test_application_security_group_1409/providers/Microsoft.Resources/tags/default",
        "name": "default",
        "type": "Microsoft.Resources/tags",
        "properties": {
          "tags": {
            "tag1": "value1",
            "tag2": "value2"
          }
        }
      }
    },
    {
      "RequestUri": "https://management.azure.com/subscriptions/db1ab6f0-4769-4b27-930e-01e2ef9c123c/resourceGroups/test_application_security_group_4859/providers/Microsoft.Network/applicationSecurityGroups/test_application_security_group_1409/providers/Microsoft.Resources/tags/default?api-version=**",
      "RequestMethod": "PUT",
      "RequestHeaders": {
        "Accept": "application/json",
        "Authorization": "Sanitized",
        "Content-Length": "41",
        "Content-Type": "application/json",
        "traceparent": "00-d65116431653f09a3a0ec5e5bc186948-69fde4ee56dee54f-00",
        "User-Agent": "azsdk-net-ResourceManager/1.6.0 (.NET 7.0.7; Microsoft Windows 10.0.22621)",
        "x-ms-client-request-id": "b847dfdc4cefe8db49c40b4ba89d3bb8",
        "x-ms-return-client-request-id": "true"
      },
      "RequestBody": {
        "properties": {
          "tags": {
            "tag2": "value2"
          }
        }
      },
      "StatusCode": 200,
      "ResponseHeaders": {
        "Cache-Control": "no-cache",
        "Content-Length": "337",
        "Content-Type": "application/json; charset=utf-8",
        "Date": "Wed, 28 Jun 2023 05:05:08 GMT",
        "Expires": "-1",
        "Pragma": "no-cache",
        "Strict-Transport-Security": "max-age=31536000; includeSubDomains",
        "X-Content-Type-Options": "nosniff",
        "x-ms-correlation-request-id": "9c96dcdf-2c79-4807-bc9f-f3762988394c",
        "x-ms-ratelimit-remaining-subscription-writes": "1188",
        "x-ms-request-id": "9c96dcdf-2c79-4807-bc9f-f3762988394c",
        "x-ms-routing-request-id": "SOUTHEASTASIA:20230628T050508Z:9c96dcdf-2c79-4807-bc9f-f3762988394c"
      },
      "ResponseBody": {
        "id": "/subscriptions/db1ab6f0-4769-4b27-930e-01e2ef9c123c/resourceGroups/test_application_security_group_4859/providers/Microsoft.Network/applicationSecurityGroups/test_application_security_group_1409/providers/Microsoft.Resources/tags/default",
        "name": "default",
        "type": "Microsoft.Resources/tags",
        "properties": {
          "tags": {
            "tag2": "value2"
          }
        }
      }
    },
    {
      "RequestUri": "https://management.azure.com/subscriptions/db1ab6f0-4769-4b27-930e-01e2ef9c123c/resourceGroups/test_application_security_group_4859/providers/Microsoft.Network/applicationSecurityGroups/test_application_security_group_1409?api-version=2023-02-01",
      "RequestMethod": "GET",
      "RequestHeaders": {
        "Accept": "application/json",
        "Authorization": "Sanitized",
        "traceparent": "00-d65116431653f09a3a0ec5e5bc186948-43abb7228b570af4-00",
        "User-Agent": "azsdk-net-ResourceManager.Network/1.3.0-alpha.20230627.1 (.NET 7.0.7; Microsoft Windows 10.0.22621)",
        "x-ms-client-request-id": "395df9148ba2ea2e632816fc2258c673",
        "x-ms-return-client-request-id": "true"
      },
      "RequestBody": null,
      "StatusCode": 200,
      "ResponseHeaders": {
        "Cache-Control": "no-cache",
        "Content-Length": "446",
        "Content-Type": "application/json; charset=utf-8",
        "Date": "Wed, 28 Jun 2023 05:05:08 GMT",
        "ETag": "W/\u0022eb68f9db-80aa-4fd7-8c4f-ae124180c9f5\u0022",
        "Expires": "-1",
        "Pragma": "no-cache",
        "Server": [
          "Microsoft-HTTPAPI/2.0",
          "Microsoft-HTTPAPI/2.0"
        ],
        "Strict-Transport-Security": "max-age=31536000; includeSubDomains",
        "X-Content-Type-Options": "nosniff",
        "x-ms-arm-service-request-id": "44b7d33a-b618-40de-b0bf-c848bcf56cf9",
        "x-ms-client-request-id": "395df9148ba2ea2e632816fc2258c673",
        "x-ms-correlation-request-id": "a9ab52e9-ae5a-4361-9602-99a63b374498",
        "x-ms-ratelimit-remaining-subscription-reads": "11957",
        "x-ms-request-id": "552ac0b7-3a04-4c77-8190-2d180408ed7f",
        "x-ms-routing-request-id": "SOUTHEASTASIA:20230628T050509Z:a9ab52e9-ae5a-4361-9602-99a63b374498"
      },
      "ResponseBody": {
        "name": "test_application_security_group_1409",
        "id": "/subscriptions/db1ab6f0-4769-4b27-930e-01e2ef9c123c/resourceGroups/test_application_security_group_4859/providers/Microsoft.Network/applicationSecurityGroups/test_application_security_group_1409",
        "etag": "W/\u0022eb68f9db-80aa-4fd7-8c4f-ae124180c9f5\u0022",
        "type": "Microsoft.Network/applicationSecurityGroups",
        "location": "westus",
        "tags": {
          "tag2": "value2"
        },
        "properties": {
          "provisioningState": "Succeeded"
        }
      }
    },
    {
      "RequestUri": "https://management.azure.com/subscriptions/db1ab6f0-4769-4b27-930e-01e2ef9c123c/resourceGroups/test_application_security_group_4859/providers/Microsoft.Network/applicationSecurityGroups?api-version=2023-02-01",
      "RequestMethod": "GET",
      "RequestHeaders": {
        "Accept": "application/json",
        "Authorization": "Sanitized",
        "traceparent": "00-82f7426317072b45eb3db5b8c1c7386a-62468ac7bd8559ee-00",
        "User-Agent": "azsdk-net-ResourceManager.Network/1.3.0-alpha.20230627.1 (.NET 7.0.7; Microsoft Windows 10.0.22621)",
        "x-ms-client-request-id": "ea1b280ab4ece0b4a7a6c8a005c724f2",
        "x-ms-return-client-request-id": "true"
      },
      "RequestBody": null,
      "StatusCode": 200,
      "ResponseHeaders": {
        "Cache-Control": "no-cache",
        "Content-Length": "458",
        "Content-Type": "application/json; charset=utf-8",
        "Date": "Wed, 28 Jun 2023 05:05:09 GMT",
        "Expires": "-1",
        "Pragma": "no-cache",
        "Server": [
          "Microsoft-HTTPAPI/2.0",
          "Microsoft-HTTPAPI/2.0"
        ],
        "Strict-Transport-Security": "max-age=31536000; includeSubDomains",
        "X-Content-Type-Options": "nosniff",
        "x-ms-arm-service-request-id": "0f58bf72-f8fa-4b10-8fb1-f9aee0adead1",
        "x-ms-client-request-id": "ea1b280ab4ece0b4a7a6c8a005c724f2",
        "x-ms-correlation-request-id": "6f9f1842-8c5e-4210-97f0-010040f0db92",
        "x-ms-ratelimit-remaining-subscription-reads": "11956",
        "x-ms-request-id": "f967d59d-d7bd-4796-bafb-878b87a30de0",
        "x-ms-routing-request-id": "SOUTHEASTASIA:20230628T050509Z:6f9f1842-8c5e-4210-97f0-010040f0db92"
      },
      "ResponseBody": {
        "value": [
          {
            "name": "test_application_security_group_1409",
            "id": "/subscriptions/db1ab6f0-4769-4b27-930e-01e2ef9c123c/resourceGroups/test_application_security_group_4859/providers/Microsoft.Network/applicationSecurityGroups/test_application_security_group_1409",
            "etag": "W/\u0022eb68f9db-80aa-4fd7-8c4f-ae124180c9f5\u0022",
            "type": "Microsoft.Network/applicationSecurityGroups",
            "location": "westus",
            "tags": {
              "tag2": "value2"
            },
            "properties": {
              "provisioningState": "Succeeded"
            }
          }
        ]
      }
    },
    {
      "RequestUri": "https://management.azure.com/subscriptions/db1ab6f0-4769-4b27-930e-01e2ef9c123c/resourceGroups/test_application_security_group_4859/providers/Microsoft.Network/applicationSecurityGroups/test_application_security_group_1409?api-version=2023-02-01",
      "RequestMethod": "DELETE",
      "RequestHeaders": {
        "Accept": "application/json",
        "Authorization": "Sanitized",
        "traceparent": "00-3a5d92bb2443db0daa56ab5534c880f1-4483d065d683ff64-00",
        "User-Agent": "azsdk-net-ResourceManager.Network/1.3.0-alpha.20230627.1 (.NET 7.0.7; Microsoft Windows 10.0.22621)",
        "x-ms-client-request-id": "af365307013f5015c1cb3c69e53a7e97",
        "x-ms-return-client-request-id": "true"
      },
      "RequestBody": null,
      "StatusCode": 202,
      "ResponseHeaders": {
        "Azure-AsyncNotification": "Enabled",
        "Azure-AsyncOperation": "https://management.azure.com/subscriptions/db1ab6f0-4769-4b27-930e-01e2ef9c123c/providers/Microsoft.Network/locations/westus/operations/77c2e3cc-676a-419a-bd75-92a6ba853e35?api-version=2023-02-01",
        "Cache-Control": "no-cache",
        "Content-Length": "0",
        "Date": "Wed, 28 Jun 2023 05:05:10 GMT",
        "Expires": "-1",
        "Location": "https://management.azure.com/subscriptions/db1ab6f0-4769-4b27-930e-01e2ef9c123c/providers/Microsoft.Network/locations/westus/operationResults/77c2e3cc-676a-419a-bd75-92a6ba853e35?api-version=2023-02-01",
        "Pragma": "no-cache",
        "Retry-After": "1",
        "Server": [
          "Microsoft-HTTPAPI/2.0",
          "Microsoft-HTTPAPI/2.0"
        ],
        "Strict-Transport-Security": "max-age=31536000; includeSubDomains",
        "X-Content-Type-Options": "nosniff",
        "x-ms-arm-service-request-id": "69f4c7d9-fde4-4161-8c80-40b1a972b624",
        "x-ms-client-request-id": "af365307013f5015c1cb3c69e53a7e97",
        "x-ms-correlation-request-id": "8fd23b54-d082-447c-9594-0d0067dac046",
        "x-ms-ratelimit-remaining-subscription-deletes": "14995",
        "x-ms-request-id": "77c2e3cc-676a-419a-bd75-92a6ba853e35",
        "x-ms-routing-request-id": "SOUTHEASTASIA:20230628T050510Z:8fd23b54-d082-447c-9594-0d0067dac046"
      },
      "ResponseBody": null
    },
    {
      "RequestUri": "https://management.azure.com/subscriptions/db1ab6f0-4769-4b27-930e-01e2ef9c123c/providers/Microsoft.Network/locations/westus/operations/77c2e3cc-676a-419a-bd75-92a6ba853e35?api-version=2023-02-01",
      "RequestMethod": "GET",
      "RequestHeaders": {
        "Authorization": "Sanitized",
        "traceparent": "00-3a5d92bb2443db0daa56ab5534c880f1-07e14fc8ce5c34b1-00",
        "User-Agent": "azsdk-net-ResourceManager/1.6.0 (.NET 7.0.7; Microsoft Windows 10.0.22621)",
        "x-ms-client-request-id": "cef423041622083312ca2921784bfa6d",
        "x-ms-return-client-request-id": "true"
      },
      "RequestBody": null,
      "StatusCode": 200,
      "ResponseHeaders": {
        "Cache-Control": "no-cache",
        "Content-Length": "22",
        "Content-Type": "application/json; charset=utf-8",
        "Date": "Wed, 28 Jun 2023 05:05:10 GMT",
        "Expires": "-1",
        "Pragma": "no-cache",
        "Server": [
          "Microsoft-HTTPAPI/2.0",
          "Microsoft-HTTPAPI/2.0"
        ],
        "Strict-Transport-Security": "max-age=31536000; includeSubDomains",
        "X-Content-Type-Options": "nosniff",
        "x-ms-arm-service-request-id": "ba13b9d7-63ad-4cc8-8c88-abafd4d5dfc8",
        "x-ms-client-request-id": "cef423041622083312ca2921784bfa6d",
        "x-ms-correlation-request-id": "ad8285ff-3d31-45a6-bd90-c92f1cb38ecd",
        "x-ms-ratelimit-remaining-subscription-reads": "11955",
        "x-ms-request-id": "ab7b1188-c7de-4a82-a024-53cf8fc7ce71",
        "x-ms-routing-request-id": "SOUTHEASTASIA:20230628T050510Z:ad8285ff-3d31-45a6-bd90-c92f1cb38ecd"
      },
      "ResponseBody": {
        "status": "Succeeded"
      }
    },
    {
      "RequestUri": "https://management.azure.com/subscriptions/db1ab6f0-4769-4b27-930e-01e2ef9c123c/resourceGroups/test_application_security_group_4859/providers/Microsoft.Network/applicationSecurityGroups/test_application_security_group_1409?api-version=2023-02-01",
      "RequestMethod": "GET",
      "RequestHeaders": {
        "Accept": "application/json",
        "Authorization": "Sanitized",
        "traceparent": "00-29256ba44192b8315dae129d0a994c08-5df5e4bdaaf70832-00",
        "User-Agent": "azsdk-net-ResourceManager.Network/1.3.0-alpha.20230627.1 (.NET 7.0.7; Microsoft Windows 10.0.22621)",
        "x-ms-client-request-id": "3119312887bd36b688d66ac270198d33",
        "x-ms-return-client-request-id": "true"
      },
      "RequestBody": null,
      "StatusCode": 404,
      "ResponseHeaders": {
        "Cache-Control": "no-cache",
        "Content-Length": "269",
        "Content-Type": "application/json; charset=utf-8",
        "Date": "Wed, 28 Jun 2023 05:05:10 GMT",
        "Expires": "-1",
        "Pragma": "no-cache",
        "Server": [
          "Microsoft-HTTPAPI/2.0",
          "Microsoft-HTTPAPI/2.0"
        ],
        "Strict-Transport-Security": "max-age=31536000; includeSubDomains",
        "X-Content-Type-Options": "nosniff",
        "x-ms-arm-service-request-id": "7af6707e-3bca-4ff8-99c3-9b0823587746",
        "x-ms-client-request-id": "3119312887bd36b688d66ac270198d33",
        "x-ms-correlation-request-id": "86b9138c-7abe-4bc5-acad-79ff00b5678d",
        "x-ms-ratelimit-remaining-subscription-reads": "11954",
        "x-ms-request-id": "6e984572-5fd0-42ed-9781-055c531119ff",
        "x-ms-routing-request-id": "SOUTHEASTASIA:20230628T050511Z:86b9138c-7abe-4bc5-acad-79ff00b5678d"
      },
      "ResponseBody": {
        "error": {
          "code": "NotFound",
          "message": "Resource /subscriptions/db1ab6f0-4769-4b27-930e-01e2ef9c123c/resourceGroups/test_application_security_group_4859/providers/Microsoft.Network/applicationSecurityGroups/test_application_security_group_1409 not found.",
          "details": []
        }
      }
    },
    {
      "RequestUri": "https://management.azure.com/subscriptions/db1ab6f0-4769-4b27-930e-01e2ef9c123c/resourceGroups/test_application_security_group_4859/providers/Microsoft.Network/applicationSecurityGroups?api-version=2023-02-01",
      "RequestMethod": "GET",
      "RequestHeaders": {
        "Accept": "application/json",
        "Authorization": "Sanitized",
        "traceparent": "00-bd8070e298712874a45195b10c31fb13-b41858cbab579cfe-00",
        "User-Agent": "azsdk-net-ResourceManager.Network/1.3.0-alpha.20230627.1 (.NET 7.0.7; Microsoft Windows 10.0.22621)",
        "x-ms-client-request-id": "c264a0e5b0457075a0018a71a7a9e7f9",
        "x-ms-return-client-request-id": "true"
      },
      "RequestBody": null,
      "StatusCode": 200,
      "ResponseHeaders": {
        "Cache-Control": "no-cache",
        "Content-Length": "12",
        "Content-Type": "application/json; charset=utf-8",
        "Date": "Wed, 28 Jun 2023 05:05:11 GMT",
        "Expires": "-1",
        "Pragma": "no-cache",
        "Server": [
          "Microsoft-HTTPAPI/2.0",
          "Microsoft-HTTPAPI/2.0"
        ],
        "Strict-Transport-Security": "max-age=31536000; includeSubDomains",
        "X-Content-Type-Options": "nosniff",
        "x-ms-arm-service-request-id": "2f147c62-d982-41e8-9847-a7fb6544256c",
        "x-ms-client-request-id": "c264a0e5b0457075a0018a71a7a9e7f9",
        "x-ms-correlation-request-id": "9936ddcf-4c81-4deb-a000-193fb2d39d17",
        "x-ms-ratelimit-remaining-subscription-reads": "11953",
        "x-ms-request-id": "da986347-24a9-4fa7-bce8-b5ccf96648d1",
        "x-ms-routing-request-id": "SOUTHEASTASIA:20230628T050511Z:9936ddcf-4c81-4deb-a000-193fb2d39d17"
      },
      "ResponseBody": {
        "value": []
      }
    },
    {
      "RequestUri": "https://management.azure.com/subscriptions/db1ab6f0-4769-4b27-930e-01e2ef9c123c/providers/Microsoft.Network/applicationSecurityGroups?api-version=2023-02-01",
      "RequestMethod": "GET",
      "RequestHeaders": {
        "Accept": "application/json",
        "Authorization": "Sanitized",
        "traceparent": "00-b279d6c336d110284a3e80c10dc119a9-6f665211a3ae290f-00",
        "User-Agent": "azsdk-net-ResourceManager.Network/1.3.0-alpha.20230627.1 (.NET 7.0.7; Microsoft Windows 10.0.22621)",
        "x-ms-client-request-id": "91d32483b4747cdf6cbe454bac7197f8",
        "x-ms-return-client-request-id": "true"
      },
      "RequestBody": null,
      "StatusCode": 200,
      "ResponseHeaders": {
        "Cache-Control": "no-cache",
        "Content-Length": "12",
        "Content-Type": "application/json; charset=utf-8",
        "Date": "Wed, 28 Jun 2023 05:05:11 GMT",
        "Expires": "-1",
        "Pragma": "no-cache",
        "Server": [
          "Microsoft-HTTPAPI/2.0",
          "Microsoft-HTTPAPI/2.0"
        ],
        "Strict-Transport-Security": "max-age=31536000; includeSubDomains",
        "X-Content-Type-Options": "nosniff",
        "x-ms-arm-service-request-id": "a7ff6e3f-b15d-42be-8530-472b93ee7040",
        "x-ms-client-request-id": "91d32483b4747cdf6cbe454bac7197f8",
        "x-ms-correlation-request-id": "69ba02f0-6560-4af1-9405-767df8372d69",
        "x-ms-ratelimit-remaining-subscription-reads": "11952",
        "x-ms-request-id": "86ad8ce8-e60f-4315-88fd-bd444ee118f0",
        "x-ms-routing-request-id": "SOUTHEASTASIA:20230628T050512Z:69ba02f0-6560-4af1-9405-767df8372d69"
      },
      "ResponseBody": {
        "value": []
      }
    }
  ],
  "Variables": {
    "AZURE_AUTHORITY_HOST": "https://login.microsoftonline.com",
    "LOCATION": "westus",
    "RandomSeed": "1199248760",
    "RESOURCE_MANAGER_URL": null,
    "SUBSCRIPTION_ID": "db1ab6f0-4769-4b27-930e-01e2ef9c123c"
  }
}
