{
  "Entries": [
    {
      "RequestUri": "https://management.azure.com/subscriptions/db1ab6f0-4769-4b27-930e-01e2ef9c123c?api-version=2021-01-01",
      "RequestMethod": "GET",
      "RequestHeaders": {
        "Accept": "application/json",
        "Authorization": "Sanitized",
        "traceparent": "00-ad19a1167989b331f2536bc1657d6533-2a467a11e3734c19-00",
        "User-Agent": "azsdk-net-ResourceManager/1.3.1 (.NET 6.0.9; Microsoft Windows 10.0.22622)",
        "x-ms-client-request-id": "c543e5a242a8da07e4fcc407f6e3f8b8",
        "x-ms-return-client-request-id": "true"
      },
      "RequestBody": null,
      "StatusCode": 200,
      "ResponseHeaders": {
        "Cache-Control": "no-cache",
        "Content-Length": "747",
        "Content-Type": "application/json; charset=utf-8",
        "Date": "Fri, 30 Sep 2022 02:22:34 GMT",
        "Expires": "-1",
        "Pragma": "no-cache",
        "Strict-Transport-Security": "max-age=31536000; includeSubDomains",
        "X-Content-Type-Options": "nosniff",
        "x-ms-correlation-request-id": "2020997f-d0dd-4745-b12d-d631895b3701",
        "x-ms-ratelimit-remaining-subscription-reads": "11877",
        "x-ms-request-id": "2020997f-d0dd-4745-b12d-d631895b3701",
        "x-ms-routing-request-id": "SOUTHEASTASIA:20220930T022235Z:2020997f-d0dd-4745-b12d-d631895b3701"
      },
      "ResponseBody": {
        "id": "/subscriptions/db1ab6f0-4769-4b27-930e-01e2ef9c123c",
        "authorizationSource": "RoleBased",
        "managedByTenants": [],
        "tags": {
          "TagKey-9823": "TagValue-566",
          "TagKey-3481": "TagValue-320",
          "TagKey-4926": "TagValue-1187",
          "TagKey-751": "TagValue-3921",
          "TagKey-1866": "TagValue-8559",
          "TagKey-3094": "TagValue-9190",
          "TagKey-2449": "TagValue-9",
          "TagKey-8379": "TagValue-164",
          "TagKey-7470": "TagValue-2205",
          "TagKey-4236": "TagValue-3698",
          "TagKey-5316": "TagValue-2725"
        },
        "subscriptionId": "db1ab6f0-4769-4b27-930e-01e2ef9c123c",
        "tenantId": "72f988bf-86f1-41af-91ab-2d7cd011db47",
        "displayName": ".NET Mgmt SDK Test with TTL = 1 Day",
        "state": "Enabled",
        "subscriptionPolicies": {
          "locationPlacementId": "Internal_2014-09-01",
          "quotaId": "Internal_2014-09-01",
          "spendingLimit": "Off"
        }
      }
    },
    {
      "RequestUri": "https://management.azure.com/subscriptions/db1ab6f0-4769-4b27-930e-01e2ef9c123c/resourcegroups/testRG-5225?api-version=2021-04-01",
      "RequestMethod": "PUT",
      "RequestHeaders": {
        "Accept": "application/json",
        "Authorization": "Sanitized",
        "Content-Length": "43",
        "Content-Type": "application/json",
        "traceparent": "00-2c60b5123283f4aac01a05544a30837a-4c915b89a486fce0-00",
        "User-Agent": "azsdk-net-ResourceManager/1.3.1 (.NET 6.0.9; Microsoft Windows 10.0.22622)",
        "x-ms-client-request-id": "16b8058d613a3b97142bf0ff6b6ea342",
        "x-ms-return-client-request-id": "true"
      },
      "RequestBody": {
        "tags": {
          "test": "env"
        },
        "location": "eastus"
      },
      "StatusCode": 201,
      "ResponseHeaders": {
        "Cache-Control": "no-cache",
        "Content-Length": "241",
        "Content-Type": "application/json; charset=utf-8",
        "Date": "Fri, 30 Sep 2022 02:22:35 GMT",
        "Expires": "-1",
        "Pragma": "no-cache",
        "Strict-Transport-Security": "max-age=31536000; includeSubDomains",
        "X-Content-Type-Options": "nosniff",
        "x-ms-correlation-request-id": "63aa7525-8dab-4d37-b0cb-6cb2e23bb4cb",
        "x-ms-ratelimit-remaining-subscription-writes": "1076",
        "x-ms-request-id": "63aa7525-8dab-4d37-b0cb-6cb2e23bb4cb",
        "x-ms-routing-request-id": "SOUTHEASTASIA:20220930T022236Z:63aa7525-8dab-4d37-b0cb-6cb2e23bb4cb"
      },
      "ResponseBody": {
        "id": "/subscriptions/db1ab6f0-4769-4b27-930e-01e2ef9c123c/resourceGroups/testRG-5225",
        "name": "testRG-5225",
        "type": "Microsoft.Resources/resourceGroups",
        "location": "eastus",
        "tags": {
          "test": "env"
        },
        "properties": {
          "provisioningState": "Succeeded"
        }
      }
    },
    {
      "RequestUri": "https://management.azure.com/subscriptions/db1ab6f0-4769-4b27-930e-01e2ef9c123c/resourceGroups/testRG-5225/providers/Microsoft.Compute/hostGroups/testDHG-4289?api-version=2022-08-01",
      "RequestMethod": "PUT",
      "RequestHeaders": {
        "Accept": "application/json",
        "Authorization": "Sanitized",
        "Content-Length": "75",
        "Content-Type": "application/json",
        "traceparent": "00-d8797ede205b0330df88a2d98074b0e8-dc1c8f0370ffb4e6-00",
        "User-Agent": "azsdk-net-ResourceManager.Compute/1.1.0-alpha.20220930.1 (.NET 6.0.9; Microsoft Windows 10.0.22622)",
        "x-ms-client-request-id": "dfea9075d35a2b8fbf232727fdb49912",
        "x-ms-return-client-request-id": "true"
      },
      "RequestBody": {
        "tags": {},
        "location": "eastus",
        "properties": {
          "platformFaultDomainCount": 2
        }
      },
      "StatusCode": 201,
      "ResponseHeaders": {
        "Cache-Control": "no-cache",
        "Content-Length": "357",
        "Content-Type": "application/json; charset=utf-8",
        "Date": "Fri, 30 Sep 2022 02:22:38 GMT",
        "Expires": "-1",
        "Pragma": "no-cache",
        "Server": [
          "Microsoft-HTTPAPI/2.0",
          "Microsoft-HTTPAPI/2.0"
        ],
        "Strict-Transport-Security": "max-age=31536000; includeSubDomains",
        "X-Content-Type-Options": "nosniff",
        "x-ms-client-request-id": "dfea9075d35a2b8fbf232727fdb49912",
        "x-ms-correlation-request-id": "67a1bcbe-b42b-44c8-baf3-b3cc075cb67e",
        "x-ms-ratelimit-remaining-resource": "Microsoft.Compute/PutDeleteDedicatedHost3Min;82,Microsoft.Compute/PutDeleteDedicatedHost30Min;536",
        "x-ms-ratelimit-remaining-subscription-writes": "1075",
        "x-ms-request-id": "7b1f4808-8f74-4340-ac96-b4e7d2bdf775",
        "x-ms-routing-request-id": "SOUTHEASTASIA:20220930T022239Z:67a1bcbe-b42b-44c8-baf3-b3cc075cb67e"
      },
      "ResponseBody": {
        "name": "testDHG-4289",
        "id": "/subscriptions/db1ab6f0-4769-4b27-930e-01e2ef9c123c/resourceGroups/TESTRG-5225/providers/Microsoft.Compute/hostGroups/testDHG-4289",
        "type": "Microsoft.Compute/hostGroups",
        "location": "eastus",
        "tags": {},
        "properties": {
          "platformFaultDomainCount": 2,
          "supportAutomaticPlacement": false
        }
      }
    },
    {
      "RequestUri": "https://management.azure.com/subscriptions/db1ab6f0-4769-4b27-930e-01e2ef9c123c/resourceGroups/TESTRG-5225/providers/Microsoft.Compute/hostGroups/testDHG-4289/hosts/testHost-7279?api-version=2022-08-01",
      "RequestMethod": "PUT",
      "RequestHeaders": {
        "Accept": "application/json",
        "Authorization": "Sanitized",
        "Content-Length": "98",
        "Content-Type": "application/json",
        "traceparent": "00-2b86c9cca5e4bc364093f1e72a5aab0f-13e8e195f6fa5ef9-00",
        "User-Agent": "azsdk-net-ResourceManager.Compute/1.1.0-alpha.20220930.1 (.NET 6.0.9; Microsoft Windows 10.0.22622)",
        "x-ms-client-request-id": "dd871866cee963091006f2aff3fd5898",
        "x-ms-return-client-request-id": "true"
      },
      "RequestBody": {
        "sku": {
          "name": "DSv3-Type1"
        },
        "tags": {},
        "location": "eastus",
        "properties": {
          "platformFaultDomain": 0
        }
      },
      "StatusCode": 201,
      "ResponseHeaders": {
        "Azure-AsyncNotification": "Enabled",
        "Azure-AsyncOperation": "https://management.azure.com/subscriptions/db1ab6f0-4769-4b27-930e-01e2ef9c123c/providers/Microsoft.Compute/locations/eastus/operations/73241844-d429-4491-a4d1-347501d87c4f?p=6a5473bf-f845-44a5-b675-411600120563\u0026api-version=2022-08-01",
        "Cache-Control": "no-cache",
        "Content-Length": "567",
        "Content-Type": "application/json; charset=utf-8",
        "Date": "Fri, 30 Sep 2022 02:22:42 GMT",
        "Expires": "-1",
        "Pragma": "no-cache",
        "Server": [
          "Microsoft-HTTPAPI/2.0",
          "Microsoft-HTTPAPI/2.0"
        ],
        "Strict-Transport-Security": "max-age=31536000; includeSubDomains",
        "X-Content-Type-Options": "nosniff",
        "x-ms-client-request-id": "dd871866cee963091006f2aff3fd5898",
        "x-ms-correlation-request-id": "a979c5e2-b9dd-42fa-863c-4f0184531d10",
        "x-ms-ratelimit-remaining-resource": "Microsoft.Compute/PutDeleteDedicatedHost3Min;80,Microsoft.Compute/PutDeleteDedicatedHost30Min;534",
        "x-ms-ratelimit-remaining-subscription-writes": "1074",
        "x-ms-request-id": "73241844-d429-4491-a4d1-347501d87c4f",
        "x-ms-routing-request-id": "SOUTHEASTASIA:20220930T022243Z:a979c5e2-b9dd-42fa-863c-4f0184531d10"
      },
      "ResponseBody": {
        "name": "testHost-7279",
        "id": "/subscriptions/db1ab6f0-4769-4b27-930e-01e2ef9c123c/resourceGroups/TESTRG-5225/providers/Microsoft.Compute/hostGroups/testDHG-4289/hosts/testHost-7279",
        "type": "Microsoft.Compute/hostGroups/hosts",
        "location": "eastus",
        "tags": {},
        "sku": {
          "name": "DSv3-Type1"
        },
        "properties": {
          "platformFaultDomain": 0,
          "autoReplaceOnFailure": true,
          "hostId": "4e1a902f-8d5a-4c1e-a538-993c3a7b9ebc",
          "provisioningState": "Creating",
          "timeCreated": "2022-09-30T02:22:41.9671185\u002B00:00"
        }
      }
    },
    {
      "RequestUri": "https://management.azure.com/subscriptions/db1ab6f0-4769-4b27-930e-01e2ef9c123c/providers/Microsoft.Compute/locations/eastus/operations/73241844-d429-4491-a4d1-347501d87c4f?p=6a5473bf-f845-44a5-b675-411600120563\u0026api-version=2022-08-01",
      "RequestMethod": "GET",
      "RequestHeaders": {
        "Authorization": "Sanitized",
        "traceparent": "00-2b86c9cca5e4bc364093f1e72a5aab0f-99a0c831f09badcc-00",
        "User-Agent": "azsdk-net-ResourceManager/1.3.1 (.NET 6.0.9; Microsoft Windows 10.0.22622)",
        "x-ms-client-request-id": "5298dd91c6e7a6588687cf54e0e037c2",
        "x-ms-return-client-request-id": "true"
      },
      "RequestBody": null,
      "StatusCode": 200,
      "ResponseHeaders": {
        "Cache-Control": "no-cache",
        "Content-Length": "183",
        "Content-Type": "application/json; charset=utf-8",
        "Date": "Fri, 30 Sep 2022 02:22:42 GMT",
        "Expires": "-1",
        "Pragma": "no-cache",
        "Server": [
          "Microsoft-HTTPAPI/2.0",
          "Microsoft-HTTPAPI/2.0"
        ],
        "Strict-Transport-Security": "max-age=31536000; includeSubDomains",
        "X-Content-Type-Options": "nosniff",
        "x-ms-client-request-id": "5298dd91c6e7a6588687cf54e0e037c2",
        "x-ms-correlation-request-id": "98fa8149-6549-4684-b849-b2f67fedd03c",
        "x-ms-ratelimit-remaining-resource": "Microsoft.Compute/GetOperation3Min;14995,Microsoft.Compute/GetOperation30Min;29983",
        "x-ms-ratelimit-remaining-subscription-reads": "11876",
        "x-ms-request-id": "de9759ad-5fad-41de-af23-c0904656d32d",
        "x-ms-routing-request-id": "SOUTHEASTASIA:20220930T022243Z:98fa8149-6549-4684-b849-b2f67fedd03c"
      },
      "ResponseBody": {
        "startTime": "2022-09-30T02:22:41.904597\u002B00:00",
        "endTime": "2022-09-30T02:22:42.4202517\u002B00:00",
        "status": "Succeeded",
        "name": "73241844-d429-4491-a4d1-347501d87c4f"
      }
    },
    {
      "RequestUri": "https://management.azure.com/subscriptions/db1ab6f0-4769-4b27-930e-01e2ef9c123c/resourceGroups/TESTRG-5225/providers/Microsoft.Compute/hostGroups/testDHG-4289/hosts/testHost-7279?api-version=2022-08-01",
      "RequestMethod": "GET",
      "RequestHeaders": {
        "Authorization": "Sanitized",
        "traceparent": "00-2b86c9cca5e4bc364093f1e72a5aab0f-91f9d0c035e40cd9-00",
        "User-Agent": "azsdk-net-ResourceManager/1.3.1 (.NET 6.0.9; Microsoft Windows 10.0.22622)",
        "x-ms-client-request-id": "5cd48fca71317fcf70cd665b77f2299f",
        "x-ms-return-client-request-id": "true"
      },
      "RequestBody": null,
      "StatusCode": 200,
      "ResponseHeaders": {
        "Cache-Control": "no-cache",
        "Content-Length": "658",
        "Content-Type": "application/json; charset=utf-8",
        "Date": "Fri, 30 Sep 2022 02:22:42 GMT",
        "Expires": "-1",
        "Pragma": "no-cache",
        "Server": [
          "Microsoft-HTTPAPI/2.0",
          "Microsoft-HTTPAPI/2.0"
        ],
        "Strict-Transport-Security": "max-age=31536000; includeSubDomains",
        "X-Content-Type-Options": "nosniff",
        "x-ms-client-request-id": "5cd48fca71317fcf70cd665b77f2299f",
        "x-ms-correlation-request-id": "3c47b61c-b3eb-4799-9bfa-c33e51d02f31",
        "x-ms-ratelimit-remaining-resource": "Microsoft.Compute/GetDedicatedHost3Min;189,Microsoft.Compute/GetDedicatedHost30Min;957",
        "x-ms-ratelimit-remaining-subscription-reads": "11875",
        "x-ms-request-id": "72edcc6d-abe6-4950-a54b-5df4c7a1b32d",
        "x-ms-routing-request-id": "SOUTHEASTASIA:20220930T022243Z:3c47b61c-b3eb-4799-9bfa-c33e51d02f31"
      },
      "ResponseBody": {
        "name": "testHost-7279",
        "id": "/subscriptions/db1ab6f0-4769-4b27-930e-01e2ef9c123c/resourceGroups/TESTRG-5225/providers/Microsoft.Compute/hostGroups/testDHG-4289/hosts/testHost-7279",
        "type": "Microsoft.Compute/hostGroups/hosts",
        "location": "eastus",
        "tags": {},
        "sku": {
          "name": "DSv3-Type1"
        },
        "properties": {
          "platformFaultDomain": 0,
          "autoReplaceOnFailure": true,
          "hostId": "4e1a902f-8d5a-4c1e-a538-993c3a7b9ebc",
          "virtualMachines": [],
          "provisioningTime": "2022-09-30T02:22:42.3421095\u002B00:00",
          "provisioningState": "Succeeded",
          "timeCreated": "2022-09-30T02:22:41.9671185\u002B00:00"
        }
      }
    },
    {
      "RequestUri": "https://management.azure.com/subscriptions/db1ab6f0-4769-4b27-930e-01e2ef9c123c/resourceGroups/TESTRG-5225/providers/Microsoft.Compute/hostGroups/testDHG-4289/hosts/testHost-7279?api-version=2022-08-01",
      "RequestMethod": "GET",
      "RequestHeaders": {
        "Accept": "application/json",
        "Authorization": "Sanitized",
        "traceparent": "00-db664c8a6e18347eab4318ec33182151-e9f865b4b0434e50-00",
        "User-Agent": "azsdk-net-ResourceManager.Compute/1.1.0-alpha.20220930.1 (.NET 6.0.9; Microsoft Windows 10.0.22622)",
        "x-ms-client-request-id": "161d92c806648cb147dca1bb1753d996",
        "x-ms-return-client-request-id": "true"
      },
      "RequestBody": null,
      "StatusCode": 200,
      "ResponseHeaders": {
        "Cache-Control": "no-cache",
        "Content-Length": "658",
        "Content-Type": "application/json; charset=utf-8",
        "Date": "Fri, 30 Sep 2022 02:22:45 GMT",
        "Expires": "-1",
        "Pragma": "no-cache",
        "Server": [
          "Microsoft-HTTPAPI/2.0",
          "Microsoft-HTTPAPI/2.0"
        ],
        "Strict-Transport-Security": "max-age=31536000; includeSubDomains",
        "X-Content-Type-Options": "nosniff",
        "x-ms-client-request-id": "161d92c806648cb147dca1bb1753d996",
        "x-ms-correlation-request-id": "4d3dfc77-cb73-49a4-9e4e-23a2db3a12ad",
        "x-ms-ratelimit-remaining-resource": "Microsoft.Compute/GetDedicatedHost3Min;187,Microsoft.Compute/GetDedicatedHost30Min;955",
        "x-ms-ratelimit-remaining-subscription-reads": "11874",
        "x-ms-request-id": "0837bc87-864b-43bf-bb79-8c54dc431778",
        "x-ms-routing-request-id": "SOUTHEASTASIA:20220930T022245Z:4d3dfc77-cb73-49a4-9e4e-23a2db3a12ad"
      },
      "ResponseBody": {
        "name": "testHost-7279",
        "id": "/subscriptions/db1ab6f0-4769-4b27-930e-01e2ef9c123c/resourceGroups/TESTRG-5225/providers/Microsoft.Compute/hostGroups/testDHG-4289/hosts/testHost-7279",
        "type": "Microsoft.Compute/hostGroups/hosts",
        "location": "eastus",
        "tags": {},
        "sku": {
          "name": "DSv3-Type1"
        },
        "properties": {
          "platformFaultDomain": 0,
          "autoReplaceOnFailure": true,
          "hostId": "4e1a902f-8d5a-4c1e-a538-993c3a7b9ebc",
          "virtualMachines": [],
          "provisioningTime": "2022-09-30T02:22:42.3421095\u002B00:00",
          "provisioningState": "Succeeded",
          "timeCreated": "2022-09-30T02:22:41.9671185\u002B00:00"
        }
      }
    }
  ],
  "Variables": {
    "AZURE_AUTHORITY_HOST": "https://login.microsoftonline.com",
    "RandomSeed": "383755064",
    "RESOURCE_MANAGER_URL": null,
    "SUBSCRIPTION_ID": "db1ab6f0-4769-4b27-930e-01e2ef9c123c"
  }
}
