{
  "Entries": [
    {
      "RequestUri": "/subscriptions/d128f140-94e6-4175-87a7-954b9d27db16/resourcegroups/amlrg9262?api-version=2015-11-01",
      "EncodedRequestUri": "L3N1YnNjcmlwdGlvbnMvZDEyOGYxNDAtOTRlNi00MTc1LTg3YTctOTU0YjlkMjdkYjE2L3Jlc291cmNlZ3JvdXBzL2FtbHJnOTI2Mj9hcGktdmVyc2lvbj0yMDE1LTExLTAx",
      "RequestMethod": "PUT",
      "RequestBody": "{\r\n  \"location\": \"West Central US\"\r\n}",
      "RequestHeaders": {
        "Content-Type": [
          "application/json; charset=utf-8"
        ],
        "Content-Length": [
          "37"
        ],
        "x-ms-client-request-id": [
          "12694c4a-20ad-4f11-ba90-fc9448c42d93"
        ],
        "accept-language": [
          "en-US"
        ],
        "User-Agent": [
          "FxVersion/4.6.24410.01",
          "Microsoft.Azure.Management.Resources.ResourceManagementClient/1.0.0-preview"
        ]
      },
      "ResponseBody": "{\r\n  \"id\": \"/subscriptions/d128f140-94e6-4175-87a7-954b9d27db16/resourceGroups/amlrg9262\",\r\n  \"name\": \"amlrg9262\",\r\n  \"location\": \"westcentralus\",\r\n  \"properties\": {\r\n    \"provisioningState\": \"Succeeded\"\r\n  }\r\n}",
      "ResponseHeaders": {
        "Content-Length": [
          "178"
        ],
        "Content-Type": [
          "application/json; charset=utf-8"
        ],
        "Expires": [
          "-1"
        ],
        "Cache-Control": [
          "no-cache"
        ],
        "Date": [
          "Thu, 09 Mar 2017 08:16:57 GMT"
        ],
        "Pragma": [
          "no-cache"
        ],
        "x-ms-ratelimit-remaining-subscription-writes": [
          "1192"
        ],
        "x-ms-request-id": [
          "55a523e3-4c59-4c9b-a7d7-5d33dace6216"
        ],
        "x-ms-correlation-request-id": [
          "55a523e3-4c59-4c9b-a7d7-5d33dace6216"
        ],
        "x-ms-routing-request-id": [
          "WESTCENTRALUS:20170309T081657Z:55a523e3-4c59-4c9b-a7d7-5d33dace6216"
        ],
        "Strict-Transport-Security": [
          "max-age=31536000; includeSubDomains"
        ]
      },
      "StatusCode": 201
    },
    {
      "RequestUri": "/subscriptions/d128f140-94e6-4175-87a7-954b9d27db16/resourceGroups/amlrg9262/providers/Microsoft.Storage/storageAccounts/amlstor4957?api-version=2015-06-15",
      "EncodedRequestUri": "L3N1YnNjcmlwdGlvbnMvZDEyOGYxNDAtOTRlNi00MTc1LTg3YTctOTU0YjlkMjdkYjE2L3Jlc291cmNlR3JvdXBzL2FtbHJnOTI2Mi9wcm92aWRlcnMvTWljcm9zb2Z0LlN0b3JhZ2Uvc3RvcmFnZUFjY291bnRzL2FtbHN0b3I0OTU3P2FwaS12ZXJzaW9uPTIwMTUtMDYtMTU=",
      "RequestMethod": "PUT",
      "RequestBody": "{\r\n  \"location\": \"West Central US\",\r\n  \"properties\": {\r\n    \"accountType\": \"Standard_LRS\"\r\n  }\r\n}",
      "RequestHeaders": {
        "Content-Type": [
          "application/json; charset=utf-8"
        ],
        "Content-Length": [
          "97"
        ],
        "x-ms-client-request-id": [
          "2f007c17-76a1-4b50-9bd8-ebcf0ade11bf"
        ],
        "accept-language": [
          "en-US"
        ],
        "User-Agent": [
          "FxVersion/4.6.24410.01",
          "Microsoft.Azure.Management.Storage.StorageManagementClient/4.1.0-preview"
        ]
      },
      "ResponseBody": "",
      "ResponseHeaders": {
        "Content-Length": [
          "0"
        ],
        "Expires": [
          "-1"
        ],
        "Cache-Control": [
          "no-cache"
        ],
        "Date": [
          "Thu, 09 Mar 2017 08:17:00 GMT"
        ],
        "Pragma": [
          "no-cache"
        ],
        "Location": [
          "https://westcentralus.management.azure.com/subscriptions/d128f140-94e6-4175-87a7-954b9d27db16/providers/Microsoft.Storage/operations/21d999cd-f76a-4d5c-b11f-a9b938e90127?monitor=true&api-version=2015-06-15"
        ],
        "Retry-After": [
          "17"
        ],
        "Server": [
          "Microsoft-Azure-Storage-Resource-Provider/1.0",
          "Microsoft-HTTPAPI/2.0"
        ],
        "x-ms-ratelimit-remaining-subscription-writes": [
          "1196"
        ],
        "x-ms-request-id": [
          "6424b4ee-f042-4e67-b1b3-9da6aec46c71"
        ],
        "x-ms-correlation-request-id": [
          "6424b4ee-f042-4e67-b1b3-9da6aec46c71"
        ],
        "x-ms-routing-request-id": [
          "WESTCENTRALUS:20170309T081700Z:6424b4ee-f042-4e67-b1b3-9da6aec46c71"
        ],
        "Strict-Transport-Security": [
          "max-age=31536000; includeSubDomains"
        ]
      },
      "StatusCode": 202
    },
    {
      "RequestUri": "/subscriptions/d128f140-94e6-4175-87a7-954b9d27db16/providers/Microsoft.Storage/operations/21d999cd-f76a-4d5c-b11f-a9b938e90127?monitor=true&api-version=2015-06-15",
      "EncodedRequestUri": "L3N1YnNjcmlwdGlvbnMvZDEyOGYxNDAtOTRlNi00MTc1LTg3YTctOTU0YjlkMjdkYjE2L3Byb3ZpZGVycy9NaWNyb3NvZnQuU3RvcmFnZS9vcGVyYXRpb25zLzIxZDk5OWNkLWY3NmEtNGQ1Yy1iMTFmLWE5YjkzOGU5MDEyNz9tb25pdG9yPXRydWUmYXBpLXZlcnNpb249MjAxNS0wNi0xNQ==",
      "RequestMethod": "GET",
      "RequestBody": "",
      "RequestHeaders": {
        "User-Agent": [
          "FxVersion/4.6.24410.01",
          "Microsoft.Azure.Management.Storage.StorageManagementClient/4.1.0-preview"
        ]
      },
      "ResponseBody": "{\r\n  \"location\": \"West Central US\",\r\n  \"properties\": {\r\n    \"accountType\": \"Standard_LRS\"\r\n  }\r\n}",
      "ResponseHeaders": {
        "Content-Type": [
          "application/json"
        ],
        "Expires": [
          "-1"
        ],
        "Cache-Control": [
          "no-cache"
        ],
        "Date": [
          "Thu, 09 Mar 2017 08:17:29 GMT"
        ],
        "Pragma": [
          "no-cache"
        ],
        "Transfer-Encoding": [
          "chunked"
        ],
        "Server": [
          "Microsoft-Azure-Storage-Resource-Provider/1.0",
          "Microsoft-HTTPAPI/2.0"
        ],
        "Vary": [
          "Accept-Encoding"
        ],
        "x-ms-request-id": [
          "96633736-0bf5-48bd-8983-dad9b46dbaf6"
        ],
        "x-ms-ratelimit-remaining-subscription-reads": [
          "14999"
        ],
        "x-ms-correlation-request-id": [
          "96633736-0bf5-48bd-8983-dad9b46dbaf6"
        ],
        "x-ms-routing-request-id": [
          "WESTCENTRALUS:20170309T081730Z:96633736-0bf5-48bd-8983-dad9b46dbaf6"
        ],
        "Strict-Transport-Security": [
          "max-age=31536000; includeSubDomains"
        ]
      },
      "StatusCode": 200
    },
    {
      "RequestUri": "/subscriptions/d128f140-94e6-4175-87a7-954b9d27db16/resourceGroups/amlrg9262/providers/Microsoft.Storage/storageAccounts/amlstor4957/listKeys?api-version=2015-06-15",
      "EncodedRequestUri": "L3N1YnNjcmlwdGlvbnMvZDEyOGYxNDAtOTRlNi00MTc1LTg3YTctOTU0YjlkMjdkYjE2L3Jlc291cmNlR3JvdXBzL2FtbHJnOTI2Mi9wcm92aWRlcnMvTWljcm9zb2Z0LlN0b3JhZ2Uvc3RvcmFnZUFjY291bnRzL2FtbHN0b3I0OTU3L2xpc3RLZXlzP2FwaS12ZXJzaW9uPTIwMTUtMDYtMTU=",
      "RequestMethod": "POST",
      "RequestBody": "",
      "RequestHeaders": {
        "x-ms-client-request-id": [
          "f2616767-d230-46e6-a0bc-06d05dbb912c"
        ],
        "accept-language": [
          "en-US"
        ],
        "User-Agent": [
          "FxVersion/4.6.24410.01",
          "Microsoft.Azure.Management.Storage.StorageManagementClient/4.1.0-preview"
        ]
      },
      "ResponseBody": "{\r\n  \"key1\": \"WEB_SERVICE_KEY_SAMPLE5\",\r\n  \"key2\": \"WEB_SERVICE_KEY_SAMPLE6\"\r\n}",
      "ResponseHeaders": {
        "Content-Type": [
          "application/json"
        ],
        "Expires": [
          "-1"
        ],
        "Cache-Control": [
          "no-cache"
        ],
        "Date": [
          "Thu, 09 Mar 2017 08:17:30 GMT"
        ],
        "Pragma": [
          "no-cache"
        ],
        "Transfer-Encoding": [
          "chunked"
        ],
        "Server": [
          "Microsoft-Azure-Storage-Resource-Provider/1.0",
          "Microsoft-HTTPAPI/2.0"
        ],
        "Vary": [
          "Accept-Encoding"
        ],
        "x-ms-request-id": [
          "46d93a03-70fd-4778-8ebf-51a88ad69c18"
        ],
        "x-ms-ratelimit-remaining-subscription-writes": [
          "1195"
        ],
        "x-ms-correlation-request-id": [
          "46d93a03-70fd-4778-8ebf-51a88ad69c18"
        ],
        "x-ms-routing-request-id": [
          "WESTCENTRALUS:20170309T081730Z:46d93a03-70fd-4778-8ebf-51a88ad69c18"
        ],
        "Strict-Transport-Security": [
          "max-age=31536000; includeSubDomains"
        ]
      },
      "StatusCode": 200
    },
    {
      "RequestUri": "/subscriptions/d128f140-94e6-4175-87a7-954b9d27db16/providers/Microsoft.MachineLearning?api-version=2015-11-01",
      "EncodedRequestUri": "L3N1YnNjcmlwdGlvbnMvZDEyOGYxNDAtOTRlNi00MTc1LTg3YTctOTU0YjlkMjdkYjE2L3Byb3ZpZGVycy9NaWNyb3NvZnQuTWFjaGluZUxlYXJuaW5nP2FwaS12ZXJzaW9uPTIwMTUtMTEtMDE=",
      "RequestMethod": "GET",
      "RequestBody": "",
      "RequestHeaders": {
        "x-ms-client-request-id": [
          "d67bc465-91ba-45b9-9815-7ce42af74bc2"
        ],
        "accept-language": [
          "en-US"
        ],
        "User-Agent": [
          "FxVersion/4.6.24410.01",
          "Microsoft.Azure.Management.Resources.ResourceManagementClient/1.0.0-preview"
        ]
      },
      "ResponseBody": "{\r\n  \"id\": \"/subscriptions/d128f140-94e6-4175-87a7-954b9d27db16/providers/Microsoft.MachineLearning\",\r\n  \"namespace\": \"Microsoft.MachineLearning\",\r\n  \"authorization\": {\r\n    \"applicationId\": \"0736f41a-0425-4b46-bdb5-1563eff02385\",\r\n    \"roleDefinitionId\": \"1cc297bc-1829-4524-941f-966373421033\"\r\n  },\r\n  \"resourceTypes\": [\r\n    {\r\n      \"resourceType\": \"Workspaces\",\r\n      \"locations\": [\r\n        \"South Central US\",\r\n        \"West Europe\",\r\n        \"Southeast Asia\",\r\n        \"Japan East\",\r\n        \"West Central US\"\r\n      ],\r\n      \"apiVersions\": [\r\n        \"2016-04-01\"\r\n      ],\r\n      \"capabilities\": \"CrossResourceGroupResourceMove, CrossSubscriptionResourceMove, SystemAssignedResourceIdentity\"\r\n    },\r\n    {\r\n      \"resourceType\": \"webServices\",\r\n      \"locations\": [\r\n        \"South Central US\",\r\n        \"West Europe\",\r\n        \"Southeast Asia\",\r\n        \"Japan East\",\r\n        \"East US 2\",\r\n        \"West Central US\"\r\n      ],\r\n      \"apiVersions\": [\r\n        \"2016-05-01-preview\"\r\n      ],\r\n      \"capabilities\": \"CrossResourceGroupResourceMove, CrossSubscriptionResourceMove\"\r\n    },\r\n    {\r\n      \"resourceType\": \"operations\",\r\n      \"locations\": [\r\n        \"South Central US\"\r\n      ],\r\n      \"apiVersions\": [\r\n        \"2017-01-01\",\r\n        \"2016-05-01-preview\"\r\n      ]\r\n    },\r\n    {\r\n      \"resourceType\": \"locations\",\r\n      \"locations\": [\r\n        \"South Central US\"\r\n      ],\r\n      \"apiVersions\": [\r\n        \"2017-01-01\",\r\n        \"2016-05-01-preview\"\r\n      ]\r\n    },\r\n    {\r\n      \"resourceType\": \"locations/operations\",\r\n      \"locations\": [\r\n        \"South Central US\",\r\n        \"West Europe\",\r\n        \"Southeast Asia\",\r\n        \"Japan East\",\r\n        \"East US 2\",\r\n        \"West Central US\"\r\n      ],\r\n      \"apiVersions\": [\r\n        \"2016-05-01-preview\"\r\n      ]\r\n    },\r\n    {\r\n      \"resourceType\": \"locations/operationsStatus\",\r\n      \"locations\": [\r\n        \"South Central US\",\r\n        \"West Europe\",\r\n        \"Southeast Asia\",\r\n        \"Japan East\",\r\n        \"East US 2\",\r\n        \"West Central US\"\r\n      ],\r\n      \"apiVersions\": [\r\n        \"2016-05-01-preview\"\r\n      ]\r\n    },\r\n    {\r\n      \"resourceType\": \"commitmentPlans\",\r\n      \"locations\": [\r\n        \"South Central US\",\r\n        \"West Europe\",\r\n        \"Southeast Asia\",\r\n        \"Japan East\",\r\n        \"East US 2\",\r\n        \"West Central US\"\r\n      ],\r\n      \"apiVersions\": [\r\n        \"2016-05-01-preview\"\r\n      ],\r\n      \"capabilities\": \"CrossResourceGroupResourceMove, CrossSubscriptionResourceMove\"\r\n    }\r\n  ],\r\n  \"registrationState\": \"Registered\"\r\n}",
      "ResponseHeaders": {
        "Content-Type": [
          "application/json; charset=utf-8"
        ],
        "Expires": [
          "-1"
        ],
        "Cache-Control": [
          "no-cache"
        ],
        "Date": [
          "Thu, 09 Mar 2017 08:17:30 GMT"
        ],
        "Pragma": [
          "no-cache"
        ],
        "Vary": [
          "Accept-Encoding"
        ],
        "x-ms-ratelimit-remaining-subscription-reads": [
          "14989"
        ],
        "x-ms-request-id": [
          "b9401302-ce50-4d87-943f-459ad010c40e"
        ],
        "x-ms-correlation-request-id": [
          "b9401302-ce50-4d87-943f-459ad010c40e"
        ],
        "x-ms-routing-request-id": [
          "WESTCENTRALUS:20170309T081730Z:b9401302-ce50-4d87-943f-459ad010c40e"
        ],
        "Strict-Transport-Security": [
          "max-age=31536000; includeSubDomains"
        ]
      },
      "StatusCode": 200
    },
    {
      "RequestUri": "/subscriptions/d128f140-94e6-4175-87a7-954b9d27db16/resourcegroups/amlrg9262/providers/Microsoft.Resources/deployments/deplamlcp7964?api-version=2015-11-01",
      "EncodedRequestUri": "L3N1YnNjcmlwdGlvbnMvZDEyOGYxNDAtOTRlNi00MTc1LTg3YTctOTU0YjlkMjdkYjE2L3Jlc291cmNlZ3JvdXBzL2FtbHJnOTI2Mi9wcm92aWRlcnMvTWljcm9zb2Z0LlJlc291cmNlcy9kZXBsb3ltZW50cy9kZXBsYW1sY3A3OTY0P2FwaS12ZXJzaW9uPTIwMTUtMTEtMDE=",
      "RequestMethod": "PUT",
      "RequestBody": "{\r\n  \"properties\": {\r\n    \"template\": {\r\n      \"$schema\": \"http://schema.management.azure.com/schemas/2015-01-01/deploymentTemplate.json#\",\r\n      \"contentVersion\": \"1.0.0.0\",\r\n      \"parameters\": {\r\n        \"planName\": {\r\n          \"type\": \"string\"\r\n        },\r\n        \"planSkuName\": {\r\n          \"type\": \"string\"\r\n        },\r\n        \"planSkuTier\": {\r\n          \"type\": \"string\"\r\n        },\r\n        \"apiVersion\": {\r\n          \"type\": \"string\"\r\n        }\r\n      },\r\n      \"resources\": [\r\n        {\r\n          \"apiVersion\": \"[parameters('apiVersion')]\",\r\n          \"name\": \"[parameters('planName')]\",\r\n          \"type\": \"Microsoft.MachineLearning/CommitmentPlans\",\r\n          \"location\": \"[resourceGroup().location]\",\r\n          \"sku\": {\r\n            \"name\": \"[parameters('planSkuName')]\",\r\n            \"tier\": \"[parameters('planSkuTier')]\",\r\n            \"capacity\": \"1\"\r\n          },\r\n          \"properties\": {}\r\n        }\r\n      ]\r\n    },\r\n    \"parameters\": {\r\n      \"planName\": {\r\n        \"value\": \"amlcp7964\"\r\n      },\r\n      \"planSkuName\": {\r\n        \"value\": \"S1\"\r\n      },\r\n      \"planSkuTier\": {\r\n        \"value\": \"Standard\"\r\n      },\r\n      \"apiVersion\": {\r\n        \"value\": \"2016-05-01-preview\"\r\n      }\r\n    },\r\n    \"mode\": \"Incremental\"\r\n  }\r\n}",
      "RequestHeaders": {
        "Content-Type": [
          "application/json; charset=utf-8"
        ],
        "Content-Length": [
          "1258"
        ],
        "x-ms-client-request-id": [
          "3635eb39-97f7-4b0b-a868-4e7fdd1c3c7f"
        ],
        "accept-language": [
          "en-US"
        ],
        "User-Agent": [
          "FxVersion/4.6.24410.01",
          "Microsoft.Azure.Management.Resources.ResourceManagementClient/1.0.0-preview"
        ]
      },
      "ResponseBody": "{\r\n  \"id\": \"/subscriptions/d128f140-94e6-4175-87a7-954b9d27db16/resourceGroups/amlrg9262/providers/Microsoft.Resources/deployments/deplamlcp7964\",\r\n  \"name\": \"deplamlcp7964\",\r\n  \"properties\": {\r\n    \"templateHash\": \"1634491995510124870\",\r\n    \"parameters\": {\r\n      \"planName\": {\r\n        \"type\": \"String\",\r\n        \"value\": \"amlcp7964\"\r\n      },\r\n      \"planSkuName\": {\r\n        \"type\": \"String\",\r\n        \"value\": \"S1\"\r\n      },\r\n      \"planSkuTier\": {\r\n        \"type\": \"String\",\r\n        \"value\": \"Standard\"\r\n      },\r\n      \"apiVersion\": {\r\n        \"type\": \"String\",\r\n        \"value\": \"2016-05-01-preview\"\r\n      }\r\n    },\r\n    \"mode\": \"Incremental\",\r\n    \"provisioningState\": \"Accepted\",\r\n    \"timestamp\": \"2017-03-09T08:17:31.4918581Z\",\r\n    \"duration\": \"PT0.0909596S\",\r\n    \"correlationId\": \"f182ff74-4ce0-4cf7-97c5-7cdd835d6e43\",\r\n    \"providers\": [\r\n      {\r\n        \"namespace\": \"Microsoft.MachineLearning\",\r\n        \"resourceTypes\": [\r\n          {\r\n            \"resourceType\": \"CommitmentPlans\",\r\n            \"locations\": [\r\n              \"westcentralus\"\r\n            ]\r\n          }\r\n        ]\r\n      }\r\n    ],\r\n    \"dependencies\": []\r\n  }\r\n}",
      "ResponseHeaders": {
        "Content-Length": [
          "769"
        ],
        "Content-Type": [
          "application/json; charset=utf-8"
        ],
        "Expires": [
          "-1"
        ],
        "Cache-Control": [
          "no-cache"
        ],
        "Date": [
          "Thu, 09 Mar 2017 08:17:31 GMT"
        ],
        "Pragma": [
          "no-cache"
        ],
        "Azure-AsyncOperation": [
          "https://westcentralus.management.azure.com/subscriptions/d128f140-94e6-4175-87a7-954b9d27db16/resourcegroups/amlrg9262/providers/Microsoft.Resources/deployments/deplamlcp7964/operationStatuses/08587125594340767056?api-version=2015-11-01"
        ],
        "x-ms-ratelimit-remaining-subscription-writes": [
          "1191"
        ],
        "x-ms-request-id": [
          "f182ff74-4ce0-4cf7-97c5-7cdd835d6e43"
        ],
        "x-ms-correlation-request-id": [
          "f182ff74-4ce0-4cf7-97c5-7cdd835d6e43"
        ],
        "x-ms-routing-request-id": [
          "WESTCENTRALUS:20170309T081731Z:f182ff74-4ce0-4cf7-97c5-7cdd835d6e43"
        ],
        "Strict-Transport-Security": [
          "max-age=31536000; includeSubDomains"
        ]
      },
      "StatusCode": 201
    },
    {
      "RequestUri": "/subscriptions/d128f140-94e6-4175-87a7-954b9d27db16/resourcegroups/amlrg9262/providers/Microsoft.Resources/deployments/deplamlcp7964/operationStatuses/08587125594340767056?api-version=2015-11-01",
      "EncodedRequestUri": "L3N1YnNjcmlwdGlvbnMvZDEyOGYxNDAtOTRlNi00MTc1LTg3YTctOTU0YjlkMjdkYjE2L3Jlc291cmNlZ3JvdXBzL2FtbHJnOTI2Mi9wcm92aWRlcnMvTWljcm9zb2Z0LlJlc291cmNlcy9kZXBsb3ltZW50cy9kZXBsYW1sY3A3OTY0L29wZXJhdGlvblN0YXR1c2VzLzA4NTg3MTI1NTk0MzQwNzY3MDU2P2FwaS12ZXJzaW9uPTIwMTUtMTEtMDE=",
      "RequestMethod": "GET",
      "RequestBody": "",
      "RequestHeaders": {
        "User-Agent": [
          "FxVersion/4.6.24410.01",
          "Microsoft.Azure.Management.Resources.ResourceManagementClient/1.0.0-preview"
        ]
      },
      "ResponseBody": "{\r\n  \"status\": \"Succeeded\"\r\n}",
      "ResponseHeaders": {
        "Content-Type": [
          "application/json; charset=utf-8"
        ],
        "Expires": [
          "-1"
        ],
        "Cache-Control": [
          "no-cache"
        ],
        "Date": [
          "Thu, 09 Mar 2017 08:18:01 GMT"
        ],
        "Pragma": [
          "no-cache"
        ],
        "Vary": [
          "Accept-Encoding"
        ],
        "x-ms-ratelimit-remaining-subscription-reads": [
          "14988"
        ],
        "x-ms-request-id": [
          "2333d241-6bca-41e6-868b-f5c0d94309d9"
        ],
        "x-ms-correlation-request-id": [
          "2333d241-6bca-41e6-868b-f5c0d94309d9"
        ],
        "x-ms-routing-request-id": [
          "WESTCENTRALUS:20170309T081801Z:2333d241-6bca-41e6-868b-f5c0d94309d9"
        ],
        "Strict-Transport-Security": [
          "max-age=31536000; includeSubDomains"
        ]
      },
      "StatusCode": 200
    },
    {
      "RequestUri": "/subscriptions/d128f140-94e6-4175-87a7-954b9d27db16/resourcegroups/amlrg9262/providers/Microsoft.Resources/deployments/deplamlcp7964?api-version=2015-11-01",
      "EncodedRequestUri": "L3N1YnNjcmlwdGlvbnMvZDEyOGYxNDAtOTRlNi00MTc1LTg3YTctOTU0YjlkMjdkYjE2L3Jlc291cmNlZ3JvdXBzL2FtbHJnOTI2Mi9wcm92aWRlcnMvTWljcm9zb2Z0LlJlc291cmNlcy9kZXBsb3ltZW50cy9kZXBsYW1sY3A3OTY0P2FwaS12ZXJzaW9uPTIwMTUtMTEtMDE=",
      "RequestMethod": "GET",
      "RequestBody": "",
      "RequestHeaders": {
        "User-Agent": [
          "FxVersion/4.6.24410.01",
          "Microsoft.Azure.Management.Resources.ResourceManagementClient/1.0.0-preview"
        ]
      },
      "ResponseBody": "{\r\n  \"id\": \"/subscriptions/d128f140-94e6-4175-87a7-954b9d27db16/resourceGroups/amlrg9262/providers/Microsoft.Resources/deployments/deplamlcp7964\",\r\n  \"name\": \"deplamlcp7964\",\r\n  \"properties\": {\r\n    \"templateHash\": \"1634491995510124870\",\r\n    \"parameters\": {\r\n      \"planName\": {\r\n        \"type\": \"String\",\r\n        \"value\": \"amlcp7964\"\r\n      },\r\n      \"planSkuName\": {\r\n        \"type\": \"String\",\r\n        \"value\": \"S1\"\r\n      },\r\n      \"planSkuTier\": {\r\n        \"type\": \"String\",\r\n        \"value\": \"Standard\"\r\n      },\r\n      \"apiVersion\": {\r\n        \"type\": \"String\",\r\n        \"value\": \"2016-05-01-preview\"\r\n      }\r\n    },\r\n    \"mode\": \"Incremental\",\r\n    \"provisioningState\": \"Succeeded\",\r\n    \"timestamp\": \"2017-03-09T08:17:34.4307538Z\",\r\n    \"duration\": \"PT3.0298553S\",\r\n    \"correlationId\": \"f182ff74-4ce0-4cf7-97c5-7cdd835d6e43\",\r\n    \"providers\": [\r\n      {\r\n        \"namespace\": \"Microsoft.MachineLearning\",\r\n        \"resourceTypes\": [\r\n          {\r\n            \"resourceType\": \"CommitmentPlans\",\r\n            \"locations\": [\r\n              \"westcentralus\"\r\n            ]\r\n          }\r\n        ]\r\n      }\r\n    ],\r\n    \"dependencies\": [],\r\n    \"outputResources\": [\r\n      {\r\n        \"id\": \"Microsoft.MachineLearning/CommitmentPlans/amlcp7964\"\r\n      }\r\n    ]\r\n  }\r\n}",
      "ResponseHeaders": {
        "Content-Type": [
          "application/json; charset=utf-8"
        ],
        "Expires": [
          "-1"
        ],
        "Cache-Control": [
          "no-cache"
        ],
        "Date": [
          "Thu, 09 Mar 2017 08:18:01 GMT"
        ],
        "Pragma": [
          "no-cache"
        ],
        "Vary": [
          "Accept-Encoding"
        ],
        "x-ms-ratelimit-remaining-subscription-reads": [
          "14987"
        ],
        "x-ms-request-id": [
          "871fa54e-33a2-4e94-b75c-c410013b6f51"
        ],
        "x-ms-correlation-request-id": [
          "871fa54e-33a2-4e94-b75c-c410013b6f51"
        ],
        "x-ms-routing-request-id": [
          "WESTCENTRALUS:20170309T081801Z:871fa54e-33a2-4e94-b75c-c410013b6f51"
        ],
        "Strict-Transport-Security": [
          "max-age=31536000; includeSubDomains"
        ]
      },
      "StatusCode": 200
    },
    {
      "RequestUri": "/subscriptions/d128f140-94e6-4175-87a7-954b9d27db16/resourcegroups/amlrg9262/providers/Microsoft.MachineLearning//commitmentPlans/amlcp7964?api-version=2016-05-01-preview",
      "EncodedRequestUri": "L3N1YnNjcmlwdGlvbnMvZDEyOGYxNDAtOTRlNi00MTc1LTg3YTctOTU0YjlkMjdkYjE2L3Jlc291cmNlZ3JvdXBzL2FtbHJnOTI2Mi9wcm92aWRlcnMvTWljcm9zb2Z0Lk1hY2hpbmVMZWFybmluZy8vY29tbWl0bWVudFBsYW5zL2FtbGNwNzk2ND9hcGktdmVyc2lvbj0yMDE2LTA1LTAxLXByZXZpZXc=",
      "RequestMethod": "GET",
      "RequestBody": "",
      "RequestHeaders": {
        "x-ms-client-request-id": [
          "333a300a-4b50-4a97-a583-6abd8dc40673"
        ],
        "accept-language": [
          "en-US"
        ],
        "User-Agent": [
          "FxVersion/4.6.24410.01",
          "Microsoft.Azure.Management.Resources.ResourceManagementClient/1.0.0-preview"
        ]
      },
      "ResponseBody": "{\r\n  \"etag\": \"0000c003-0000-0000-0000-58c10f9d0000\",\r\n  \"id\": \"/subscriptions/d128f140-94e6-4175-87a7-954b9d27db16/resourceGroups/amlrg9262/providers/Microsoft.MachineLearning/commitmentPlans/amlcp7964\",\r\n  \"location\": \"westcentralus\",\r\n  \"name\": \"amlcp7964\",\r\n  \"properties\": {\r\n    \"chargeForOverage\": true,\r\n    \"chargeForPlan\": true,\r\n    \"creationDate\": \"2017-03-09T08:17:33.0955601Z\",\r\n    \"includedQuantities\": {\r\n      \"machineLearningWebServiceComputeHours\": {\r\n        \"allowance\": 25.0,\r\n        \"amount\": 0.0,\r\n        \"includedQuantityMeter\": \"29187de1-b4a1-4503-a6f6-078271b3fc9d\",\r\n        \"overageMeter\": \"842f92f7-a46b-4522-ac62-8134271dc591\"\r\n      },\r\n      \"machineLearningWebServiceTransactions\": {\r\n        \"allowance\": 100000.0,\r\n        \"amount\": 0.0,\r\n        \"includedQuantityMeter\": \"303743b6-4cd0-44df-8ec2-a93c8f14943b\",\r\n        \"overageMeter\": \"c906e161-98b8-41b1-81e2-b59e0b263740\"\r\n      }\r\n    },\r\n    \"maxAssociationLimit\": 10000,\r\n    \"maxCapacityLimit\": 10,\r\n    \"minCapacityLimit\": 1,\r\n    \"planMeter\": \"4a5a4b83-6216-47c5-b3db-fe430fa6e2c3\",\r\n    \"refillFrequencyInDays\": 30,\r\n    \"suspendPlanOnOverage\": false\r\n  },\r\n  \"sku\": {\r\n    \"capacity\": 1,\r\n    \"name\": \"S1\",\r\n    \"tier\": \"Standard\"\r\n  },\r\n  \"tags\": {},\r\n  \"type\": \"Microsoft.MachineLearning/commitmentPlans\"\r\n}",
      "ResponseHeaders": {
        "Content-Type": [
          "application/json; charset=utf-8"
        ],
        "Expires": [
          "-1"
        ],
        "Cache-Control": [
          "no-cache"
        ],
        "Date": [
          "Thu, 09 Mar 2017 08:18:01 GMT"
        ],
        "Pragma": [
          "no-cache"
        ],
        "Transfer-Encoding": [
          "chunked"
        ],
        "Server": [
          "Microsoft-HTTPAPI/2.0"
        ],
        "Vary": [
          "Accept-Encoding"
        ],
        "Strict-Transport-Security": [
          "max-age=31536000; includeSubDomains"
        ],
        "x-ms-request-id": [
          "4792dd21-04bc-4a69-bed3-d4347e003e31"
        ],
        "x-ms-ratelimit-remaining-subscription-reads": [
          "14986"
        ],
        "x-ms-correlation-request-id": [
          "fc2a20f6-c388-4184-81c1-3c31e4356859"
        ],
        "x-ms-routing-request-id": [
          "WESTCENTRALUS:20170309T081802Z:fc2a20f6-c388-4184-81c1-3c31e4356859"
        ]
      },
      "StatusCode": 200
    },
    {
      "RequestUri": "/subscriptions/d128f140-94e6-4175-87a7-954b9d27db16/resourceGroups/amlrg9262/providers/Microsoft.MachineLearning/webServices/amlws5727?api-version=2017-01-01",
      "EncodedRequestUri": "L3N1YnNjcmlwdGlvbnMvZDEyOGYxNDAtOTRlNi00MTc1LTg3YTctOTU0YjlkMjdkYjE2L3Jlc291cmNlR3JvdXBzL2FtbHJnOTI2Mi9wcm92aWRlcnMvTWljcm9zb2Z0Lk1hY2hpbmVMZWFybmluZy93ZWJTZXJ2aWNlcy9hbWx3czU3Mjc/YXBpLXZlcnNpb249MjAxNy0wMS0wMQ==",
      "RequestMethod": "PUT",
      "RequestBody": "{\r\n  \"properties\": {\r\n    \"packageType\": \"Graph\",\r\n    \"package\": {\r\n      \"nodes\": {\r\n        \"node1\": {\r\n          \"assetId\": \"asset1\",\r\n          \"parameters\": {\r\n            \"Please Specify Data Source\": {\r\n              \"value\": \"AzureBlobStorage\",\r\n              \"certificateThumbprint\": \"\"\r\n            },\r\n            \"Please Specify Authentication Type\": {\r\n              \"value\": \"Account\",\r\n              \"certificateThumbprint\": \"\"\r\n            },\r\n            \"Account Name\": {\r\n              \"value\": \"bohurp\",\r\n              \"certificateThumbprint\": \"\"\r\n            },\r\n            \"Account Key\": {\r\n              \"value\": \"ENCRYPTED_VALUE_01\",\r\n              \"certificateThumbprint\": \"SOME_THUMBPRINT\"\r\n            },\r\n            \"Path to container or directory or blob\": {\r\n              \"value\": \"uploadeddata/adult.data\",\r\n              \"certificateThumbprint\": \"\"\r\n            },\r\n            \"Blob File format\": {\r\n              \"value\": \"CSV\",\r\n              \"certificateThumbprint\": \"\"\r\n            },\r\n            \"File has Header Row\": {\r\n              \"value\": \"True\",\r\n              \"certificateThumbprint\": \"\"\r\n            }\r\n          }\r\n        },\r\n        \"node2\": {\r\n          \"assetId\": \"asset2\",\r\n          \"parameters\": {\r\n            \"Comma-separated case-sensitive names of join key columns for L\": {\r\n              \"value\": \"%7B%22isFilter%22%3Atrue%2C%22rules%22%3A%5B%7B%22ruleType%22%3A%22AllColumns%22%2C%22exclude%22%3Afalse%7D%2C%7B%22ruleType%22%3A%22ColumnTypes%22%2C%22exclude%22%3Afalse%2C%22columnTypes%22%3A%5B%22All%22%5D%2C%22columnKinds%22%3A%5B%22Feature%22%5D%7D%5D%2C%22ui%22%3A%7B%22withRules%22%3Atrue%7D%7D\",\r\n              \"certificateThumbprint\": \"\"\r\n            },\r\n            \"Comma-separated case-sensitive names of join key columns for R\": {\r\n              \"value\": \"%7B%22isFilter%22%3Atrue%2C%22rules%22%3A%5B%7B%22ruleType%22%3A%22AllColumns%22%2C%22exclude%22%3Afalse%7D%2C%7B%22ruleType%22%3A%22ColumnTypes%22%2C%22exclude%22%3Afalse%2C%22columnTypes%22%3A%5B%22All%22%5D%2C%22columnKinds%22%3A%5B%22Feature%22%5D%7D%5D%2C%22ui%22%3A%7B%22withRules%22%3Atrue%7D%7D\",\r\n              \"certificateThumbprint\": \"\"\r\n            },\r\n            \"Match case\": {\r\n              \"value\": \"True\",\r\n              \"certificateThumbprint\": \"\"\r\n            },\r\n            \"Join type\": {\r\n              \"value\": \"Inner Join\",\r\n              \"certificateThumbprint\": \"\"\r\n            },\r\n            \"Keep right key columns in joined table\": {\r\n              \"value\": \"True\",\r\n              \"certificateThumbprint\": \"\"\r\n            }\r\n          }\r\n        },\r\n        \"node3\": {\r\n          \"inputId\": \"input1\"\r\n        },\r\n        \"node4\": {\r\n          \"outputId\": \"output1\"\r\n        }\r\n      },\r\n      \"edges\": [\r\n        {\r\n          \"sourceNodeId\": \"node1\",\r\n          \"sourcePortId\": \"Results dataset\",\r\n          \"targetNodeId\": \"node2\",\r\n          \"targetPortId\": \"Dataset1\"\r\n        },\r\n        {\r\n          \"sourceNodeId\": \"node1\",\r\n          \"sourcePortId\": \"Results dataset\",\r\n          \"targetNodeId\": \"node2\",\r\n          \"targetPortId\": \"Dataset2\"\r\n        },\r\n        {\r\n          \"sourceNodeId\": \"node3\",\r\n          \"targetNodeId\": \"node2\",\r\n          \"targetPortId\": \"Dataset2\"\r\n        },\r\n        {\r\n          \"sourceNodeId\": \"node2\",\r\n          \"sourcePortId\": \"Results dataset\",\r\n          \"targetNodeId\": \"node4\"\r\n        }\r\n      ],\r\n      \"graphParameters\": {}\r\n    },\r\n    \"title\": \"Some title (new contract)\",\r\n    \"description\": \"This is some service description (new contract)\",\r\n    \"keys\": {\r\n      \"primary\": \"SAMPLE_KEY_1\",\r\n      \"secondary\": \"SAMPLE_KEY_2\"\r\n    },\r\n    \"readOnly\": false,\r\n    \"exposeSampleData\": false,\r\n    \"realtimeConfiguration\": {\r\n      \"maxConcurrentCalls\": 20\r\n    },\r\n    \"diagnostics\": {\r\n      \"level\": \"None\"\r\n    },\r\n    \"storageAccount\": {\r\n      \"name\": \"amlstor4957\",\r\n      \"key\": \"WEB_SERVICE_KEY_SAMPLE5\"\r\n    },\r\n    \"machineLearningWorkspace\": {\r\n      \"id\": \"8b841df9d60a4d54bcebd4948b10a5db\"\r\n    },\r\n    \"commitmentPlan\": {\r\n      \"id\": \"/subscriptions/d128f140-94e6-4175-87a7-954b9d27db16/resourceGroups/amlrg9262/providers/Microsoft.MachineLearning/commitmentPlans/amlcp7964\"\r\n    },\r\n    \"input\": {\r\n      \"title\": \"\",\r\n      \"description\": \"\",\r\n      \"type\": \"object\",\r\n      \"properties\": {\r\n        \"input1\": {\r\n          \"title\": \"\",\r\n          \"description\": \"\",\r\n          \"type\": \"object\",\r\n          \"properties\": {\r\n            \"0\": {\r\n              \"type\": \"Integer\",\r\n              \"format\": \"Int32\",\r\n              \"x-ms-isnullable\": true\r\n            },\r\n            \"13\": {\r\n              \"type\": \"Integer\",\r\n              \"format\": \"Int32\",\r\n              \"x-ms-isnullable\": true\r\n            },\r\n            \"39\": {\r\n              \"type\": \"Integer\",\r\n              \"format\": \"Int32\",\r\n              \"x-ms-isnullable\": true\r\n            },\r\n            \"40\": {\r\n              \"type\": \"Integer\",\r\n              \"format\": \"Int32\",\r\n              \"x-ms-isnullable\": true\r\n            },\r\n            \"2174\": {\r\n              \"type\": \"Integer\",\r\n              \"format\": \"Int32\",\r\n              \"x-ms-isnullable\": true\r\n            },\r\n            \"77516\": {\r\n              \"type\": \"Integer\",\r\n              \"format\": \"Int32\",\r\n              \"x-ms-isnullable\": true\r\n            },\r\n            \"State-gov\": {\r\n              \"type\": \"String\",\r\n              \"format\": \"\",\r\n              \"x-ms-isnullable\": false\r\n            },\r\n            \"Bachelors\": {\r\n              \"type\": \"String\",\r\n              \"format\": \"\",\r\n              \"x-ms-isnullable\": false\r\n            },\r\n            \"Never-married\": {\r\n              \"type\": \"String\",\r\n              \"format\": \"\",\r\n              \"x-ms-isnullable\": false\r\n            },\r\n            \"Adm-clerical\": {\r\n              \"type\": \"String\",\r\n              \"format\": \"\",\r\n              \"x-ms-isnullable\": false\r\n            },\r\n            \"Not-in-family\": {\r\n              \"type\": \"String\",\r\n              \"format\": \"\",\r\n              \"x-ms-isnullable\": false\r\n            },\r\n            \"White\": {\r\n              \"type\": \"String\",\r\n              \"format\": \"\",\r\n              \"x-ms-isnullable\": false\r\n            },\r\n            \"Male\": {\r\n              \"type\": \"String\",\r\n              \"format\": \"\",\r\n              \"x-ms-isnullable\": false\r\n            },\r\n            \"United-States\": {\r\n              \"type\": \"String\",\r\n              \"format\": \"\",\r\n              \"x-ms-isnullable\": false\r\n            },\r\n            \"<=50K\": {\r\n              \"type\": \"String\",\r\n              \"format\": \"\",\r\n              \"x-ms-isnullable\": false\r\n            }\r\n          }\r\n        }\r\n      }\r\n    },\r\n    \"output\": {\r\n      \"title\": \"\",\r\n      \"description\": \"\",\r\n      \"type\": \"object\",\r\n      \"properties\": {\r\n        \"output1\": {\r\n          \"title\": \"\",\r\n          \"description\": \"\",\r\n          \"type\": \"object\",\r\n          \"properties\": {\r\n            \"0\": {\r\n              \"type\": \"Integer\",\r\n              \"format\": \"Int32\",\r\n              \"x-ms-isnullable\": true\r\n            },\r\n            \"13\": {\r\n              \"type\": \"Integer\",\r\n              \"format\": \"Int32\",\r\n              \"x-ms-isnullable\": true\r\n            },\r\n            \"39\": {\r\n              \"type\": \"Integer\",\r\n              \"format\": \"Int32\",\r\n              \"x-ms-isnullable\": true\r\n            },\r\n            \"40\": {\r\n              \"type\": \"Integer\",\r\n              \"format\": \"Int32\",\r\n              \"x-ms-isnullable\": true\r\n            },\r\n            \"2174\": {\r\n              \"type\": \"Integer\",\r\n              \"format\": \"Int32\",\r\n              \"x-ms-isnullable\": true\r\n            },\r\n            \"77516\": {\r\n              \"type\": \"Integer\",\r\n              \"format\": \"Int32\",\r\n              \"x-ms-isnullable\": true\r\n            },\r\n            \"State-gov\": {\r\n              \"type\": \"String\",\r\n              \"format\": \"\",\r\n              \"x-ms-isnullable\": false\r\n            },\r\n            \"Bachelors\": {\r\n              \"type\": \"String\",\r\n              \"format\": \"\",\r\n              \"x-ms-isnullable\": false\r\n            },\r\n            \"Never-married\": {\r\n              \"type\": \"String\",\r\n              \"format\": \"\",\r\n              \"x-ms-isnullable\": false\r\n            },\r\n            \"Adm-clerical\": {\r\n              \"type\": \"String\",\r\n              \"format\": \"\",\r\n              \"x-ms-isnullable\": false\r\n            },\r\n            \"Not-in-family\": {\r\n              \"type\": \"String\",\r\n              \"format\": \"\",\r\n              \"x-ms-isnullable\": false\r\n            },\r\n            \"White\": {\r\n              \"type\": \"String\",\r\n              \"format\": \"\",\r\n              \"x-ms-isnullable\": false\r\n            },\r\n            \"Male\": {\r\n              \"type\": \"String\",\r\n              \"format\": \"\",\r\n              \"x-ms-isnullable\": false\r\n            },\r\n            \"United-States\": {\r\n              \"type\": \"String\",\r\n              \"format\": \"\",\r\n              \"x-ms-isnullable\": false\r\n            },\r\n            \"<=50K\": {\r\n              \"type\": \"String\",\r\n              \"format\": \"\",\r\n              \"x-ms-isnullable\": false\r\n            },\r\n            \"39 (2)\": {\r\n              \"type\": \"Integer\",\r\n              \"format\": \"Int32\",\r\n              \"x-ms-isnullable\": true\r\n            },\r\n            \"State-gov (2)\": {\r\n              \"type\": \"String\",\r\n              \"format\": \"\",\r\n              \"x-ms-isnullable\": false\r\n            },\r\n            \"77516 (2)\": {\r\n              \"type\": \"Integer\",\r\n              \"format\": \"Int32\",\r\n              \"x-ms-isnullable\": true\r\n            },\r\n            \"Bachelors (2)\": {\r\n              \"type\": \"String\",\r\n              \"format\": \"\",\r\n              \"x-ms-isnullable\": false\r\n            },\r\n            \"13 (2)\": {\r\n              \"type\": \"Integer\",\r\n              \"format\": \"Int32\",\r\n              \"x-ms-isnullable\": true\r\n            },\r\n            \"Never-married (2)\": {\r\n              \"type\": \"String\",\r\n              \"format\": \"\",\r\n              \"x-ms-isnullable\": false\r\n            },\r\n            \"Adm-clerical (2)\": {\r\n              \"type\": \"String\",\r\n              \"format\": \"\",\r\n              \"x-ms-isnullable\": false\r\n            },\r\n            \"Not-in-family (2)\": {\r\n              \"type\": \"String\",\r\n              \"format\": \"\",\r\n              \"x-ms-isnullable\": false\r\n            },\r\n            \"White (2)\": {\r\n              \"type\": \"String\",\r\n              \"format\": \"\",\r\n              \"x-ms-isnullable\": false\r\n            },\r\n            \"Male (2)\": {\r\n              \"type\": \"String\",\r\n              \"format\": \"\",\r\n              \"x-ms-isnullable\": false\r\n            },\r\n            \"2174 (2)\": {\r\n              \"type\": \"Integer\",\r\n              \"format\": \"Int32\",\r\n              \"x-ms-isnullable\": true\r\n            },\r\n            \"0 (2)\": {\r\n              \"type\": \"Integer\",\r\n              \"format\": \"Int32\",\r\n              \"x-ms-isnullable\": true\r\n            },\r\n            \"40 (2)\": {\r\n              \"type\": \"Integer\",\r\n              \"format\": \"Int32\",\r\n              \"x-ms-isnullable\": true\r\n            },\r\n            \"United-States (2)\": {\r\n              \"type\": \"String\",\r\n              \"format\": \"\",\r\n              \"x-ms-isnullable\": false\r\n            },\r\n            \"<=50K (2)\": {\r\n              \"type\": \"String\",\r\n              \"format\": \"\",\r\n              \"x-ms-isnullable\": false\r\n            }\r\n          }\r\n        }\r\n      }\r\n    },\r\n    \"exampleRequest\": {\r\n      \"inputs\": {\r\n        \"input1\": [\r\n          [\r\n            50,\r\n            \"Self-emp-not-inc\",\r\n            83311,\r\n            \"Bachelors\",\r\n            13,\r\n            \"Married-civ-spouse\",\r\n            \"Exec-managerial\",\r\n            \"Husband\",\r\n            \"White\",\r\n            \"Male\",\r\n            0,\r\n            0,\r\n            13,\r\n            \"United-States\",\r\n            \"<=50K\"\r\n          ],\r\n          [\r\n            38,\r\n            \"Private\",\r\n            215646,\r\n            \"HS-grad\",\r\n            9,\r\n            \"Divorced\",\r\n            \"Handlers-cleaners\",\r\n            \"Not-in-family\",\r\n            \"White\",\r\n            \"Male\",\r\n            0,\r\n            0,\r\n            40,\r\n            \"United-States\",\r\n            \"<=50K\"\r\n          ],\r\n          [\r\n            53,\r\n            \"Private\",\r\n            234721,\r\n            \"11th\",\r\n            7,\r\n            \"Married-civ-spouse\",\r\n            \"Handlers-cleaners\",\r\n            \"Husband\",\r\n            \"Black\",\r\n            \"Male\",\r\n            0,\r\n            0,\r\n            40,\r\n            \"United-States\",\r\n            \"<=50K\"\r\n          ],\r\n          [\r\n            28,\r\n            \"Private\",\r\n            338409,\r\n            \"Bachelors\",\r\n            13,\r\n            \"Married-civ-spouse\",\r\n            \"Prof-specialty\",\r\n            \"Wife\",\r\n            \"Black\",\r\n            \"Female\",\r\n            0,\r\n            0,\r\n            40,\r\n            \"Cuba\",\r\n            \"<=50K\"\r\n          ],\r\n          [\r\n            37,\r\n            \"Private\",\r\n            284582,\r\n            \"Masters\",\r\n            14,\r\n            \"Married-civ-spouse\",\r\n            \"Exec-managerial\",\r\n            \"Wife\",\r\n            \"White\",\r\n            \"Female\",\r\n            0,\r\n            0,\r\n            40,\r\n            \"United-States\",\r\n            \"<=50K\"\r\n          ]\r\n        ]\r\n      }\r\n    },\r\n    \"assets\": {\r\n      \"asset1\": {\r\n        \"name\": \"Import Data\",\r\n        \"type\": \"Module\",\r\n        \"locationInfo\": {\r\n          \"uri\": \"aml://module/506153734175476c4f62416c57734963.4e1b0fe6aded4b3fa36f39b8862b9004.v1-default-1743\",\r\n          \"credentials\": \"\"\r\n        }\r\n      },\r\n      \"asset2\": {\r\n        \"name\": \"Join Data\",\r\n        \"type\": \"Module\",\r\n        \"locationInfo\": {\r\n          \"uri\": \"aml://module/506153734175476c4f62416c57734963.124865f7e9014656adacf4cb08248099.v1-default-1712\",\r\n          \"credentials\": \"\"\r\n        }\r\n      }\r\n    },\r\n    \"parameters\": {},\r\n    \"payloadsInBlobStorage\": false\r\n  },\r\n  \"location\": \"West Central US\",\r\n  \"tags\": {}\r\n}",
      "RequestHeaders": {
        "Content-Type": [
          "application/json; charset=utf-8"
        ],
        "Content-Length": [
          "15025"
        ],
        "x-ms-client-request-id": [
          "97894ce0-8925-458c-9a3c-373d6b4860fd"
        ],
        "accept-language": [
          "en-US"
        ],
        "User-Agent": [
          "FxVersion/4.6.24410.01",
          "Microsoft.Azure.Management.MachineLearning.WebServices.AzureMLWebServicesManagementClient/1.0.0"
        ]
      },
      "ResponseBody": "{\r\n  \"id\": \"/subscriptions/d128f140-94e6-4175-87a7-954b9d27db16/resourceGroups/amlrg9262/providers/Microsoft.MachineLearning/webServices/amlws5727\",\r\n  \"name\": \"amlws5727\",\r\n  \"type\": \"Microsoft.MachineLearning/webServices\",\r\n  \"location\": \"West Central US\",\r\n  \"tags\": {},\r\n  \"properties\": {\r\n    \"payloadsInBlobStorage\": false,\r\n    \"provisioningState\": \"Provisioning\"\r\n  }\r\n}",
      "ResponseHeaders": {
        "Content-Length": [
          "378"
        ],
        "Content-Type": [
          "application/json; charset=utf-8"
        ],
        "Expires": [
          "-1"
        ],
        "Cache-Control": [
          "no-cache"
        ],
        "Date": [
          "Thu, 09 Mar 2017 08:18:03 GMT"
        ],
        "Pragma": [
          "no-cache"
        ],
        "Server": [
          "Microsoft-HTTPAPI/2.0"
        ],
        "Azure-AsyncOperation": [
          "https://westcentralus.management.azure.com/subscriptions/d128f140-94e6-4175-87a7-954b9d27db16/providers/Microsoft.MachineLearning/locations/westcentralus/operationsStatus/718899e4-6ca7-4f47-922a-238b7fb55f42?api-version=2017-01-01"
        ],
        "Azure-AsyncOperationPercentComplete": [
          "0"
        ],
        "x-ms-request-duration": [
          "358"
        ],
        "x-ms-correlation-request-id": [
          "9042848c-96c3-4118-af47-e23417b81177"
        ],
        "x-ms-request-id": [
          "e6aae1f2-f906-4405-9346-a423979a591c"
        ],
        "x-ms-ratelimit-remaining-subscription-writes": [
          "1189"
        ],
        "x-ms-routing-request-id": [
          "WESTCENTRALUS:20170309T081804Z:9042848c-96c3-4118-af47-e23417b81177"
        ],
        "Strict-Transport-Security": [
          "max-age=31536000; includeSubDomains"
        ]
      },
      "StatusCode": 201
    },
    {
      "RequestUri": "/subscriptions/d128f140-94e6-4175-87a7-954b9d27db16/providers/Microsoft.MachineLearning/locations/westcentralus/operationsStatus/718899e4-6ca7-4f47-922a-238b7fb55f42?api-version=2017-01-01",
      "EncodedRequestUri": "L3N1YnNjcmlwdGlvbnMvZDEyOGYxNDAtOTRlNi00MTc1LTg3YTctOTU0YjlkMjdkYjE2L3Byb3ZpZGVycy9NaWNyb3NvZnQuTWFjaGluZUxlYXJuaW5nL2xvY2F0aW9ucy93ZXN0Y2VudHJhbHVzL29wZXJhdGlvbnNTdGF0dXMvNzE4ODk5ZTQtNmNhNy00ZjQ3LTkyMmEtMjM4YjdmYjU1ZjQyP2FwaS12ZXJzaW9uPTIwMTctMDEtMDE=",
      "RequestMethod": "GET",
      "RequestBody": "",
      "RequestHeaders": {
        "User-Agent": [
          "FxVersion/4.6.24410.01",
          "Microsoft.Azure.Management.MachineLearning.WebServices.AzureMLWebServicesManagementClient/1.0.0"
        ]
      },
      "ResponseBody": "{\r\n  \"id\": \"/subscriptions/d128f140-94e6-4175-87a7-954b9d27db16/providers/Microsoft.MachineLearning/locations/westcentralus/operationsStatus/718899e4-6ca7-4f47-922a-238b7fb55f42\",\r\n  \"name\": \"718899e4-6ca7-4f47-922a-238b7fb55f42\",\r\n  \"status\": \"Provisioning\",\r\n  \"startTime\": \"2017-03-09T08:18:06.2562398Z\",\r\n  \"percentComplete\": 0.6\r\n}",
      "ResponseHeaders": {
        "Content-Type": [
          "application/json; charset=utf-8"
        ],
        "Expires": [
          "-1"
        ],
        "Cache-Control": [
          "no-cache"
        ],
        "Date": [
          "Thu, 09 Mar 2017 08:18:08 GMT"
        ],
        "Pragma": [
          "no-cache"
        ],
        "Transfer-Encoding": [
          "chunked"
        ],
        "Server": [
          "Microsoft-HTTPAPI/2.0"
        ],
        "Vary": [
          "Accept-Encoding"
        ],
        "x-ms-request-duration": [
          "118"
        ],
        "x-ms-correlation-request-id": [
          "ad388f86-fb6f-473f-ab4b-cc2954bc65b4"
        ],
        "x-ms-request-id": [
          "2c2995d4-c5a5-4154-8a14-785a64579fbc"
        ],
        "x-ms-ratelimit-remaining-subscription-reads": [
          "14979"
        ],
        "x-ms-routing-request-id": [
          "WESTCENTRALUS:20170309T081809Z:ad388f86-fb6f-473f-ab4b-cc2954bc65b4"
        ],
        "Strict-Transport-Security": [
          "max-age=31536000; includeSubDomains"
        ]
      },
      "StatusCode": 200
    },
    {
      "RequestUri": "/subscriptions/d128f140-94e6-4175-87a7-954b9d27db16/providers/Microsoft.MachineLearning/locations/westcentralus/operationsStatus/718899e4-6ca7-4f47-922a-238b7fb55f42?api-version=2017-01-01",
      "EncodedRequestUri": "L3N1YnNjcmlwdGlvbnMvZDEyOGYxNDAtOTRlNi00MTc1LTg3YTctOTU0YjlkMjdkYjE2L3Byb3ZpZGVycy9NaWNyb3NvZnQuTWFjaGluZUxlYXJuaW5nL2xvY2F0aW9ucy93ZXN0Y2VudHJhbHVzL29wZXJhdGlvbnNTdGF0dXMvNzE4ODk5ZTQtNmNhNy00ZjQ3LTkyMmEtMjM4YjdmYjU1ZjQyP2FwaS12ZXJzaW9uPTIwMTctMDEtMDE=",
      "RequestMethod": "GET",
      "RequestBody": "",
      "RequestHeaders": {
        "User-Agent": [
          "FxVersion/4.6.24410.01",
          "Microsoft.Azure.Management.MachineLearning.WebServices.AzureMLWebServicesManagementClient/1.0.0"
        ]
      },
      "ResponseBody": "{\r\n  \"id\": \"/subscriptions/d128f140-94e6-4175-87a7-954b9d27db16/providers/Microsoft.MachineLearning/locations/westcentralus/operationsStatus/718899e4-6ca7-4f47-922a-238b7fb55f42\",\r\n  \"name\": \"718899e4-6ca7-4f47-922a-238b7fb55f42\",\r\n  \"status\": \"Succeeded\",\r\n  \"startTime\": \"2017-03-09T08:18:06.2562398Z\",\r\n  \"endTime\": \"2017-03-09T08:18:11.9882792Z\",\r\n  \"percentComplete\": 1.0\r\n}",
      "ResponseHeaders": {
        "Content-Type": [
          "application/json; charset=utf-8"
        ],
        "Expires": [
          "-1"
        ],
        "Cache-Control": [
          "no-cache"
        ],
        "Date": [
          "Thu, 09 Mar 2017 08:18:14 GMT"
        ],
        "Pragma": [
          "no-cache"
        ],
        "Transfer-Encoding": [
          "chunked"
        ],
        "Server": [
          "Microsoft-HTTPAPI/2.0"
        ],
        "Vary": [
          "Accept-Encoding"
        ],
        "x-ms-request-duration": [
          "9"
        ],
        "x-ms-correlation-request-id": [
          "d97feea0-23e8-483d-a186-8e888a5f265c"
        ],
        "x-ms-request-id": [
          "855c0784-502d-401a-a461-d465c61a504f"
        ],
        "x-ms-ratelimit-remaining-subscription-reads": [
          "14978"
        ],
        "x-ms-routing-request-id": [
          "WESTCENTRALUS:20170309T081814Z:d97feea0-23e8-483d-a186-8e888a5f265c"
        ],
        "Strict-Transport-Security": [
          "max-age=31536000; includeSubDomains"
        ]
      },
      "StatusCode": 200
    },
    {
      "RequestUri": "/subscriptions/d128f140-94e6-4175-87a7-954b9d27db16/resourceGroups/amlrg9262/providers/Microsoft.MachineLearning/webServices/amlws5727?api-version=2017-01-01",
      "EncodedRequestUri": "L3N1YnNjcmlwdGlvbnMvZDEyOGYxNDAtOTRlNi00MTc1LTg3YTctOTU0YjlkMjdkYjE2L3Jlc291cmNlR3JvdXBzL2FtbHJnOTI2Mi9wcm92aWRlcnMvTWljcm9zb2Z0Lk1hY2hpbmVMZWFybmluZy93ZWJTZXJ2aWNlcy9hbWx3czU3Mjc/YXBpLXZlcnNpb249MjAxNy0wMS0wMQ==",
      "RequestMethod": "GET",
      "RequestBody": "",
      "RequestHeaders": {
        "User-Agent": [
          "FxVersion/4.6.24410.01",
          "Microsoft.Azure.Management.MachineLearning.WebServices.AzureMLWebServicesManagementClient/1.0.0"
        ]
      },
      "ResponseBody": "{\r\n  \"id\": \"/subscriptions/d128f140-94e6-4175-87a7-954b9d27db16/resourceGroups/amlrg9262/providers/Microsoft.MachineLearning/webServices/amlws5727\",\r\n  \"name\": \"amlws5727\",\r\n  \"type\": \"Microsoft.MachineLearning/webServices\",\r\n  \"location\": \"West Central US\",\r\n  \"tags\": {},\r\n  \"properties\": {\r\n    \"payloadsInBlobStorage\": false,\r\n    \"provisioningState\": \"Succeeded\",\r\n    \"createdOn\": \"2017-03-09T08:18:04.3386647Z\",\r\n    \"modifiedOn\": \"2017-03-09T08:18:12.034037Z\",\r\n    \"title\": \"Some title (new contract)\",\r\n    \"description\": \"This is some service description (new contract)\",\r\n    \"swaggerLocation\": \"https://uswestcentral.services.azureml.net/subscriptions/d128f14094e6417587a7954b9d27db16/services/f8a3472a9f7c43a9b4fe3b1f76d00527/swagger.json\",\r\n    \"readOnly\": false,\r\n    \"realtimeConfiguration\": {\r\n      \"maxConcurrentCalls\": 20\r\n    },\r\n    \"diagnostics\": {\r\n      \"level\": \"None\"\r\n    },\r\n    \"storageAccount\": {\r\n      \"name\": \"amlstor4957\"\r\n    },\r\n    \"machineLearningWorkspace\": {\r\n      \"id\": \"8b841df9d60a4d54bcebd4948b10a5db\"\r\n    },\r\n    \"assets\": {\r\n      \"asset1\": {\r\n        \"name\": \"Import Data\",\r\n        \"type\": \"Module\",\r\n        \"locationInfo\": {\r\n          \"uri\": \"aml://module/506153734175476c4f62416c57734963.4e1b0fe6aded4b3fa36f39b8862b9004.v1-default-1743\",\r\n          \"credentials\": \"\"\r\n        }\r\n      },\r\n      \"asset2\": {\r\n        \"name\": \"Join Data\",\r\n        \"type\": \"Module\",\r\n        \"locationInfo\": {\r\n          \"uri\": \"aml://module/506153734175476c4f62416c57734963.124865f7e9014656adacf4cb08248099.v1-default-1712\",\r\n          \"credentials\": \"\"\r\n        }\r\n      }\r\n    },\r\n    \"input\": {\r\n      \"title\": \"\",\r\n      \"description\": \"\",\r\n      \"type\": \"object\",\r\n      \"properties\": {\r\n        \"input1\": {\r\n          \"title\": \"\",\r\n          \"description\": \"\",\r\n          \"type\": \"object\",\r\n          \"properties\": {\r\n            \"0\": {\r\n              \"type\": \"Integer\",\r\n              \"format\": \"Int32\",\r\n              \"x-ms-isnullable\": true\r\n            },\r\n            \"13\": {\r\n              \"type\": \"Integer\",\r\n              \"format\": \"Int32\",\r\n              \"x-ms-isnullable\": true\r\n            },\r\n            \"39\": {\r\n              \"type\": \"Integer\",\r\n              \"format\": \"Int32\",\r\n              \"x-ms-isnullable\": true\r\n            },\r\n            \"40\": {\r\n              \"type\": \"Integer\",\r\n              \"format\": \"Int32\",\r\n              \"x-ms-isnullable\": true\r\n            },\r\n            \"2174\": {\r\n              \"type\": \"Integer\",\r\n              \"format\": \"Int32\",\r\n              \"x-ms-isnullable\": true\r\n            },\r\n            \"77516\": {\r\n              \"type\": \"Integer\",\r\n              \"format\": \"Int32\",\r\n              \"x-ms-isnullable\": true\r\n            },\r\n            \"State-gov\": {\r\n              \"type\": \"String\",\r\n              \"format\": \"\",\r\n              \"x-ms-isnullable\": false\r\n            },\r\n            \"Bachelors\": {\r\n              \"type\": \"String\",\r\n              \"format\": \"\",\r\n              \"x-ms-isnullable\": false\r\n            },\r\n            \"Never-married\": {\r\n              \"type\": \"String\",\r\n              \"format\": \"\",\r\n              \"x-ms-isnullable\": false\r\n            },\r\n            \"Adm-clerical\": {\r\n              \"type\": \"String\",\r\n              \"format\": \"\",\r\n              \"x-ms-isnullable\": false\r\n            },\r\n            \"Not-in-family\": {\r\n              \"type\": \"String\",\r\n              \"format\": \"\",\r\n              \"x-ms-isnullable\": false\r\n            },\r\n            \"White\": {\r\n              \"type\": \"String\",\r\n              \"format\": \"\",\r\n              \"x-ms-isnullable\": false\r\n            },\r\n            \"Male\": {\r\n              \"type\": \"String\",\r\n              \"format\": \"\",\r\n              \"x-ms-isnullable\": false\r\n            },\r\n            \"United-States\": {\r\n              \"type\": \"String\",\r\n              \"format\": \"\",\r\n              \"x-ms-isnullable\": false\r\n            },\r\n            \"<=50K\": {\r\n              \"type\": \"String\",\r\n              \"format\": \"\",\r\n              \"x-ms-isnullable\": false\r\n            }\r\n          }\r\n        }\r\n      }\r\n    },\r\n    \"output\": {\r\n      \"title\": \"\",\r\n      \"description\": \"\",\r\n      \"type\": \"object\",\r\n      \"properties\": {\r\n        \"output1\": {\r\n          \"title\": \"\",\r\n          \"description\": \"\",\r\n          \"type\": \"object\",\r\n          \"properties\": {\r\n            \"0\": {\r\n              \"type\": \"Integer\",\r\n              \"format\": \"Int32\",\r\n              \"x-ms-isnullable\": true\r\n            },\r\n            \"13\": {\r\n              \"type\": \"Integer\",\r\n              \"format\": \"Int32\",\r\n              \"x-ms-isnullable\": true\r\n            },\r\n            \"39\": {\r\n              \"type\": \"Integer\",\r\n              \"format\": \"Int32\",\r\n              \"x-ms-isnullable\": true\r\n            },\r\n            \"40\": {\r\n              \"type\": \"Integer\",\r\n              \"format\": \"Int32\",\r\n              \"x-ms-isnullable\": true\r\n            },\r\n            \"2174\": {\r\n              \"type\": \"Integer\",\r\n              \"format\": \"Int32\",\r\n              \"x-ms-isnullable\": true\r\n            },\r\n            \"77516\": {\r\n              \"type\": \"Integer\",\r\n              \"format\": \"Int32\",\r\n              \"x-ms-isnullable\": true\r\n            },\r\n            \"State-gov\": {\r\n              \"type\": \"String\",\r\n              \"format\": \"\",\r\n              \"x-ms-isnullable\": false\r\n            },\r\n            \"Bachelors\": {\r\n              \"type\": \"String\",\r\n              \"format\": \"\",\r\n              \"x-ms-isnullable\": false\r\n            },\r\n            \"Never-married\": {\r\n              \"type\": \"String\",\r\n              \"format\": \"\",\r\n              \"x-ms-isnullable\": false\r\n            },\r\n            \"Adm-clerical\": {\r\n              \"type\": \"String\",\r\n              \"format\": \"\",\r\n              \"x-ms-isnullable\": false\r\n            },\r\n            \"Not-in-family\": {\r\n              \"type\": \"String\",\r\n              \"format\": \"\",\r\n              \"x-ms-isnullable\": false\r\n            },\r\n            \"White\": {\r\n              \"type\": \"String\",\r\n              \"format\": \"\",\r\n              \"x-ms-isnullable\": false\r\n            },\r\n            \"Male\": {\r\n              \"type\": \"String\",\r\n              \"format\": \"\",\r\n              \"x-ms-isnullable\": false\r\n            },\r\n            \"United-States\": {\r\n              \"type\": \"String\",\r\n              \"format\": \"\",\r\n              \"x-ms-isnullable\": false\r\n            },\r\n            \"<=50K\": {\r\n              \"type\": \"String\",\r\n              \"format\": \"\",\r\n              \"x-ms-isnullable\": false\r\n            },\r\n            \"39 (2)\": {\r\n              \"type\": \"Integer\",\r\n              \"format\": \"Int32\",\r\n              \"x-ms-isnullable\": true\r\n            },\r\n            \"State-gov (2)\": {\r\n              \"type\": \"String\",\r\n              \"format\": \"\",\r\n              \"x-ms-isnullable\": false\r\n            },\r\n            \"77516 (2)\": {\r\n              \"type\": \"Integer\",\r\n              \"format\": \"Int32\",\r\n              \"x-ms-isnullable\": true\r\n            },\r\n            \"Bachelors (2)\": {\r\n              \"type\": \"String\",\r\n              \"format\": \"\",\r\n              \"x-ms-isnullable\": false\r\n            },\r\n            \"13 (2)\": {\r\n              \"type\": \"Integer\",\r\n              \"format\": \"Int32\",\r\n              \"x-ms-isnullable\": true\r\n            },\r\n            \"Never-married (2)\": {\r\n              \"type\": \"String\",\r\n              \"format\": \"\",\r\n              \"x-ms-isnullable\": false\r\n            },\r\n            \"Adm-clerical (2)\": {\r\n              \"type\": \"String\",\r\n              \"format\": \"\",\r\n              \"x-ms-isnullable\": false\r\n            },\r\n            \"Not-in-family (2)\": {\r\n              \"type\": \"String\",\r\n              \"format\": \"\",\r\n              \"x-ms-isnullable\": false\r\n            },\r\n            \"White (2)\": {\r\n              \"type\": \"String\",\r\n              \"format\": \"\",\r\n              \"x-ms-isnullable\": false\r\n            },\r\n            \"Male (2)\": {\r\n              \"type\": \"String\",\r\n              \"format\": \"\",\r\n              \"x-ms-isnullable\": false\r\n            },\r\n            \"2174 (2)\": {\r\n              \"type\": \"Integer\",\r\n              \"format\": \"Int32\",\r\n              \"x-ms-isnullable\": true\r\n            },\r\n            \"0 (2)\": {\r\n              \"type\": \"Integer\",\r\n              \"format\": \"Int32\",\r\n              \"x-ms-isnullable\": true\r\n            },\r\n            \"40 (2)\": {\r\n              \"type\": \"Integer\",\r\n              \"format\": \"Int32\",\r\n              \"x-ms-isnullable\": true\r\n            },\r\n            \"United-States (2)\": {\r\n              \"type\": \"String\",\r\n              \"format\": \"\",\r\n              \"x-ms-isnullable\": false\r\n            },\r\n            \"<=50K (2)\": {\r\n              \"type\": \"String\",\r\n              \"format\": \"\",\r\n              \"x-ms-isnullable\": false\r\n            }\r\n          }\r\n        }\r\n      }\r\n    },\r\n    \"packageType\": \"Graph\",\r\n    \"exampleRequest\": {\r\n      \"inputs\": {\r\n        \"input1\": [\r\n          [\r\n            50,\r\n            \"Self-emp-not-inc\",\r\n            83311,\r\n            \"Bachelors\",\r\n            13,\r\n            \"Married-civ-spouse\",\r\n            \"Exec-managerial\",\r\n            \"Husband\",\r\n            \"White\",\r\n            \"Male\",\r\n            0,\r\n            0,\r\n            13,\r\n            \"United-States\",\r\n            \"<=50K\"\r\n          ],\r\n          [\r\n            38,\r\n            \"Private\",\r\n            215646,\r\n            \"HS-grad\",\r\n            9,\r\n            \"Divorced\",\r\n            \"Handlers-cleaners\",\r\n            \"Not-in-family\",\r\n            \"White\",\r\n            \"Male\",\r\n            0,\r\n            0,\r\n            40,\r\n            \"United-States\",\r\n            \"<=50K\"\r\n          ],\r\n          [\r\n            53,\r\n            \"Private\",\r\n            234721,\r\n            \"11th\",\r\n            7,\r\n            \"Married-civ-spouse\",\r\n            \"Handlers-cleaners\",\r\n            \"Husband\",\r\n            \"Black\",\r\n            \"Male\",\r\n            0,\r\n            0,\r\n            40,\r\n            \"United-States\",\r\n            \"<=50K\"\r\n          ],\r\n          [\r\n            28,\r\n            \"Private\",\r\n            338409,\r\n            \"Bachelors\",\r\n            13,\r\n            \"Married-civ-spouse\",\r\n            \"Prof-specialty\",\r\n            \"Wife\",\r\n            \"Black\",\r\n            \"Female\",\r\n            0,\r\n            0,\r\n            40,\r\n            \"Cuba\",\r\n            \"<=50K\"\r\n          ],\r\n          [\r\n            37,\r\n            \"Private\",\r\n            284582,\r\n            \"Masters\",\r\n            14,\r\n            \"Married-civ-spouse\",\r\n            \"Exec-managerial\",\r\n            \"Wife\",\r\n            \"White\",\r\n            \"Female\",\r\n            0,\r\n            0,\r\n            40,\r\n            \"United-States\",\r\n            \"<=50K\"\r\n          ]\r\n        ]\r\n      }\r\n    },\r\n    \"exposeSampleData\": false,\r\n    \"parameters\": {},\r\n    \"package\": {\r\n      \"edges\": [\r\n        {\r\n          \"sourceNodeId\": \"node1\",\r\n          \"sourcePortId\": \"Results dataset\",\r\n          \"targetNodeId\": \"node2\",\r\n          \"targetPortId\": \"Dataset1\"\r\n        },\r\n        {\r\n          \"sourceNodeId\": \"node1\",\r\n          \"sourcePortId\": \"Results dataset\",\r\n          \"targetNodeId\": \"node2\",\r\n          \"targetPortId\": \"Dataset2\"\r\n        },\r\n        {\r\n          \"sourceNodeId\": \"node3\",\r\n          \"targetNodeId\": \"node2\",\r\n          \"targetPortId\": \"Dataset2\"\r\n        },\r\n        {\r\n          \"sourceNodeId\": \"node2\",\r\n          \"sourcePortId\": \"Results dataset\",\r\n          \"targetNodeId\": \"node4\"\r\n        }\r\n      ],\r\n      \"graphParameters\": {},\r\n      \"nodes\": {\r\n        \"node1\": {\r\n          \"assetId\": \"asset1\",\r\n          \"parameters\": {\r\n            \"Please Specify Data Source\": {\r\n              \"value\": \"AzureBlobStorage\",\r\n              \"certificateThumbprint\": \"\"\r\n            },\r\n            \"Please Specify Authentication Type\": {\r\n              \"value\": \"Account\",\r\n              \"certificateThumbprint\": \"\"\r\n            },\r\n            \"Account Name\": {\r\n              \"value\": \"bohurp\",\r\n              \"certificateThumbprint\": \"\"\r\n            },\r\n            \"Account Key\": {\r\n              \"value\": \"ENCRYPTED_VALUE_09\",\r\n              \"certificateThumbprint\": \"189FFCD52B84562DF6BFA9678357B0B23524D543\"\r\n            },\r\n            \"Path to container or directory or blob\": {\r\n              \"value\": \"uploadeddata/adult.data\",\r\n              \"certificateThumbprint\": \"\"\r\n            },\r\n            \"Blob File format\": {\r\n              \"value\": \"CSV\",\r\n              \"certificateThumbprint\": \"\"\r\n            },\r\n            \"File has Header Row\": {\r\n              \"value\": \"True\",\r\n              \"certificateThumbprint\": \"\"\r\n            }\r\n          }\r\n        },\r\n        \"node2\": {\r\n          \"assetId\": \"asset2\",\r\n          \"parameters\": {\r\n            \"Comma-separated case-sensitive names of join key columns for L\": {\r\n              \"value\": \"%7B%22isFilter%22%3Atrue%2C%22rules%22%3A%5B%7B%22ruleType%22%3A%22AllColumns%22%2C%22exclude%22%3Afalse%7D%2C%7B%22ruleType%22%3A%22ColumnTypes%22%2C%22exclude%22%3Afalse%2C%22columnTypes%22%3A%5B%22All%22%5D%2C%22columnKinds%22%3A%5B%22Feature%22%5D%7D%5D%2C%22ui%22%3A%7B%22withRules%22%3Atrue%7D%7D\",\r\n              \"certificateThumbprint\": \"\"\r\n            },\r\n            \"Comma-separated case-sensitive names of join key columns for R\": {\r\n              \"value\": \"%7B%22isFilter%22%3Atrue%2C%22rules%22%3A%5B%7B%22ruleType%22%3A%22AllColumns%22%2C%22exclude%22%3Afalse%7D%2C%7B%22ruleType%22%3A%22ColumnTypes%22%2C%22exclude%22%3Afalse%2C%22columnTypes%22%3A%5B%22All%22%5D%2C%22columnKinds%22%3A%5B%22Feature%22%5D%7D%5D%2C%22ui%22%3A%7B%22withRules%22%3Atrue%7D%7D\",\r\n              \"certificateThumbprint\": \"\"\r\n            },\r\n            \"Match case\": {\r\n              \"value\": \"True\",\r\n              \"certificateThumbprint\": \"\"\r\n            },\r\n            \"Join type\": {\r\n              \"value\": \"Inner Join\",\r\n              \"certificateThumbprint\": \"\"\r\n            },\r\n            \"Keep right key columns in joined table\": {\r\n              \"value\": \"True\",\r\n              \"certificateThumbprint\": \"\"\r\n            }\r\n          }\r\n        },\r\n        \"node3\": {\r\n          \"inputId\": \"input1\"\r\n        },\r\n        \"node4\": {\r\n          \"outputId\": \"output1\"\r\n        }\r\n      }\r\n    }\r\n  }\r\n}",
      "ResponseHeaders": {
        "Content-Type": [
          "application/json; charset=utf-8"
        ],
        "Expires": [
          "-1"
        ],
        "Cache-Control": [
          "no-cache"
        ],
        "Date": [
          "Thu, 09 Mar 2017 08:18:14 GMT"
        ],
        "Pragma": [
          "no-cache"
        ],
        "Transfer-Encoding": [
          "chunked"
        ],
        "Server": [
          "Microsoft-HTTPAPI/2.0"
        ],
        "Vary": [
          "Accept-Encoding"
        ],
        "x-ms-request-duration": [
          "19"
        ],
        "x-ms-correlation-request-id": [
          "9b86d830-2341-401b-a063-402315651889"
        ],
        "x-ms-request-id": [
          "4f1eccf2-58b2-456c-8ba1-8aa1c32d3ca4"
        ],
        "x-ms-ratelimit-remaining-subscription-reads": [
          "14977"
        ],
        "x-ms-routing-request-id": [
          "WESTCENTRALUS:20170309T081814Z:9b86d830-2341-401b-a063-402315651889"
        ],
        "Strict-Transport-Security": [
          "max-age=31536000; includeSubDomains"
        ]
      },
      "StatusCode": 200
    },
    {
      "RequestUri": "/subscriptions/d128f140-94e6-4175-87a7-954b9d27db16/resourceGroups/amlrg9262/providers/Microsoft.MachineLearning/webServices/amlws5727?api-version=2017-01-01",
      "EncodedRequestUri": "L3N1YnNjcmlwdGlvbnMvZDEyOGYxNDAtOTRlNi00MTc1LTg3YTctOTU0YjlkMjdkYjE2L3Jlc291cmNlR3JvdXBzL2FtbHJnOTI2Mi9wcm92aWRlcnMvTWljcm9zb2Z0Lk1hY2hpbmVMZWFybmluZy93ZWJTZXJ2aWNlcy9hbWx3czU3Mjc/YXBpLXZlcnNpb249MjAxNy0wMS0wMQ==",
      "RequestMethod": "GET",
      "RequestBody": "",
      "RequestHeaders": {
        "User-Agent": [
          "FxVersion/4.6.24410.01",
          "Microsoft.Azure.Management.MachineLearning.WebServices.AzureMLWebServicesManagementClient/1.0.0"
        ]
      },
      "ResponseBody": "{\r\n  \"id\": \"/subscriptions/d128f140-94e6-4175-87a7-954b9d27db16/resourceGroups/amlrg9262/providers/Microsoft.MachineLearning/webServices/amlws5727\",\r\n  \"name\": \"amlws5727\",\r\n  \"type\": \"Microsoft.MachineLearning/webServices\",\r\n  \"location\": \"West Central US\",\r\n  \"tags\": {},\r\n  \"properties\": {\r\n    \"payloadsInBlobStorage\": false,\r\n    \"provisioningState\": \"Succeeded\",\r\n    \"createdOn\": \"2017-03-09T08:18:04.3386647Z\",\r\n    \"modifiedOn\": \"2017-03-09T08:18:22.7693368Z\",\r\n    \"title\": \"Some title (new contract)\",\r\n    \"description\": \"description was updated!\",\r\n    \"swaggerLocation\": \"https://uswestcentral.services.azureml.net/subscriptions/d128f14094e6417587a7954b9d27db16/services/f8a3472a9f7c43a9b4fe3b1f76d00527/swagger.json\",\r\n    \"readOnly\": false,\r\n    \"realtimeConfiguration\": {\r\n      \"maxConcurrentCalls\": 20\r\n    },\r\n    \"diagnostics\": {\r\n      \"level\": \"All\"\r\n    },\r\n    \"storageAccount\": {\r\n      \"name\": \"amlstor4957\"\r\n    },\r\n    \"machineLearningWorkspace\": {\r\n      \"id\": \"8b841df9d60a4d54bcebd4948b10a5db\"\r\n    },\r\n    \"assets\": {\r\n      \"asset1\": {\r\n        \"name\": \"Import Data\",\r\n        \"type\": \"Module\",\r\n        \"locationInfo\": {\r\n          \"uri\": \"aml://module/506153734175476c4f62416c57734963.4e1b0fe6aded4b3fa36f39b8862b9004.v1-default-1743\",\r\n          \"credentials\": \"\"\r\n        }\r\n      },\r\n      \"asset2\": {\r\n        \"name\": \"Join Data\",\r\n        \"type\": \"Module\",\r\n        \"locationInfo\": {\r\n          \"uri\": \"aml://module/506153734175476c4f62416c57734963.124865f7e9014656adacf4cb08248099.v1-default-1712\",\r\n          \"credentials\": \"\"\r\n        }\r\n      }\r\n    },\r\n    \"input\": {\r\n      \"title\": \"\",\r\n      \"description\": \"\",\r\n      \"type\": \"object\",\r\n      \"properties\": {\r\n        \"input1\": {\r\n          \"title\": \"\",\r\n          \"description\": \"\",\r\n          \"type\": \"object\",\r\n          \"properties\": {\r\n            \"0\": {\r\n              \"type\": \"Integer\",\r\n              \"format\": \"Int32\",\r\n              \"x-ms-isnullable\": true\r\n            },\r\n            \"13\": {\r\n              \"type\": \"Integer\",\r\n              \"format\": \"Int32\",\r\n              \"x-ms-isnullable\": true\r\n            },\r\n            \"39\": {\r\n              \"type\": \"Integer\",\r\n              \"format\": \"Int32\",\r\n              \"x-ms-isnullable\": true\r\n            },\r\n            \"40\": {\r\n              \"type\": \"Integer\",\r\n              \"format\": \"Int32\",\r\n              \"x-ms-isnullable\": true\r\n            },\r\n            \"2174\": {\r\n              \"type\": \"Integer\",\r\n              \"format\": \"Int32\",\r\n              \"x-ms-isnullable\": true\r\n            },\r\n            \"77516\": {\r\n              \"type\": \"Integer\",\r\n              \"format\": \"Int32\",\r\n              \"x-ms-isnullable\": true\r\n            },\r\n            \"State-gov\": {\r\n              \"type\": \"String\",\r\n              \"format\": \"\",\r\n              \"x-ms-isnullable\": false\r\n            },\r\n            \"Bachelors\": {\r\n              \"type\": \"String\",\r\n              \"format\": \"\",\r\n              \"x-ms-isnullable\": false\r\n            },\r\n            \"Never-married\": {\r\n              \"type\": \"String\",\r\n              \"format\": \"\",\r\n              \"x-ms-isnullable\": false\r\n            },\r\n            \"Adm-clerical\": {\r\n              \"type\": \"String\",\r\n              \"format\": \"\",\r\n              \"x-ms-isnullable\": false\r\n            },\r\n            \"Not-in-family\": {\r\n              \"type\": \"String\",\r\n              \"format\": \"\",\r\n              \"x-ms-isnullable\": false\r\n            },\r\n            \"White\": {\r\n              \"type\": \"String\",\r\n              \"format\": \"\",\r\n              \"x-ms-isnullable\": false\r\n            },\r\n            \"Male\": {\r\n              \"type\": \"String\",\r\n              \"format\": \"\",\r\n              \"x-ms-isnullable\": false\r\n            },\r\n            \"United-States\": {\r\n              \"type\": \"String\",\r\n              \"format\": \"\",\r\n              \"x-ms-isnullable\": false\r\n            },\r\n            \"<=50K\": {\r\n              \"type\": \"String\",\r\n              \"format\": \"\",\r\n              \"x-ms-isnullable\": false\r\n            }\r\n          }\r\n        }\r\n      }\r\n    },\r\n    \"output\": {\r\n      \"title\": \"\",\r\n      \"description\": \"\",\r\n      \"type\": \"object\",\r\n      \"properties\": {\r\n        \"output1\": {\r\n          \"title\": \"\",\r\n          \"description\": \"\",\r\n          \"type\": \"object\",\r\n          \"properties\": {\r\n            \"0\": {\r\n              \"type\": \"Integer\",\r\n              \"format\": \"Int32\",\r\n              \"x-ms-isnullable\": true\r\n            },\r\n            \"13\": {\r\n              \"type\": \"Integer\",\r\n              \"format\": \"Int32\",\r\n              \"x-ms-isnullable\": true\r\n            },\r\n            \"39\": {\r\n              \"type\": \"Integer\",\r\n              \"format\": \"Int32\",\r\n              \"x-ms-isnullable\": true\r\n            },\r\n            \"40\": {\r\n              \"type\": \"Integer\",\r\n              \"format\": \"Int32\",\r\n              \"x-ms-isnullable\": true\r\n            },\r\n            \"2174\": {\r\n              \"type\": \"Integer\",\r\n              \"format\": \"Int32\",\r\n              \"x-ms-isnullable\": true\r\n            },\r\n            \"77516\": {\r\n              \"type\": \"Integer\",\r\n              \"format\": \"Int32\",\r\n              \"x-ms-isnullable\": true\r\n            },\r\n            \"State-gov\": {\r\n              \"type\": \"String\",\r\n              \"format\": \"\",\r\n              \"x-ms-isnullable\": false\r\n            },\r\n            \"Bachelors\": {\r\n              \"type\": \"String\",\r\n              \"format\": \"\",\r\n              \"x-ms-isnullable\": false\r\n            },\r\n            \"Never-married\": {\r\n              \"type\": \"String\",\r\n              \"format\": \"\",\r\n              \"x-ms-isnullable\": false\r\n            },\r\n            \"Adm-clerical\": {\r\n              \"type\": \"String\",\r\n              \"format\": \"\",\r\n              \"x-ms-isnullable\": false\r\n            },\r\n            \"Not-in-family\": {\r\n              \"type\": \"String\",\r\n              \"format\": \"\",\r\n              \"x-ms-isnullable\": false\r\n            },\r\n            \"White\": {\r\n              \"type\": \"String\",\r\n              \"format\": \"\",\r\n              \"x-ms-isnullable\": false\r\n            },\r\n            \"Male\": {\r\n              \"type\": \"String\",\r\n              \"format\": \"\",\r\n              \"x-ms-isnullable\": false\r\n            },\r\n            \"United-States\": {\r\n              \"type\": \"String\",\r\n              \"format\": \"\",\r\n              \"x-ms-isnullable\": false\r\n            },\r\n            \"<=50K\": {\r\n              \"type\": \"String\",\r\n              \"format\": \"\",\r\n              \"x-ms-isnullable\": false\r\n            },\r\n            \"39 (2)\": {\r\n              \"type\": \"Integer\",\r\n              \"format\": \"Int32\",\r\n              \"x-ms-isnullable\": true\r\n            },\r\n            \"State-gov (2)\": {\r\n              \"type\": \"String\",\r\n              \"format\": \"\",\r\n              \"x-ms-isnullable\": false\r\n            },\r\n            \"77516 (2)\": {\r\n              \"type\": \"Integer\",\r\n              \"format\": \"Int32\",\r\n              \"x-ms-isnullable\": true\r\n            },\r\n            \"Bachelors (2)\": {\r\n              \"type\": \"String\",\r\n              \"format\": \"\",\r\n              \"x-ms-isnullable\": false\r\n            },\r\n            \"13 (2)\": {\r\n              \"type\": \"Integer\",\r\n              \"format\": \"Int32\",\r\n              \"x-ms-isnullable\": true\r\n            },\r\n            \"Never-married (2)\": {\r\n              \"type\": \"String\",\r\n              \"format\": \"\",\r\n              \"x-ms-isnullable\": false\r\n            },\r\n            \"Adm-clerical (2)\": {\r\n              \"type\": \"String\",\r\n              \"format\": \"\",\r\n              \"x-ms-isnullable\": false\r\n            },\r\n            \"Not-in-family (2)\": {\r\n              \"type\": \"String\",\r\n              \"format\": \"\",\r\n              \"x-ms-isnullable\": false\r\n            },\r\n            \"White (2)\": {\r\n              \"type\": \"String\",\r\n              \"format\": \"\",\r\n              \"x-ms-isnullable\": false\r\n            },\r\n            \"Male (2)\": {\r\n              \"type\": \"String\",\r\n              \"format\": \"\",\r\n              \"x-ms-isnullable\": false\r\n            },\r\n            \"2174 (2)\": {\r\n              \"type\": \"Integer\",\r\n              \"format\": \"Int32\",\r\n              \"x-ms-isnullable\": true\r\n            },\r\n            \"0 (2)\": {\r\n              \"type\": \"Integer\",\r\n              \"format\": \"Int32\",\r\n              \"x-ms-isnullable\": true\r\n            },\r\n            \"40 (2)\": {\r\n              \"type\": \"Integer\",\r\n              \"format\": \"Int32\",\r\n              \"x-ms-isnullable\": true\r\n            },\r\n            \"United-States (2)\": {\r\n              \"type\": \"String\",\r\n              \"format\": \"\",\r\n              \"x-ms-isnullable\": false\r\n            },\r\n            \"<=50K (2)\": {\r\n              \"type\": \"String\",\r\n              \"format\": \"\",\r\n              \"x-ms-isnullable\": false\r\n            }\r\n          }\r\n        }\r\n      }\r\n    },\r\n    \"packageType\": \"Graph\",\r\n    \"exampleRequest\": {\r\n      \"inputs\": {\r\n        \"input1\": [\r\n          [\r\n            50,\r\n            \"Self-emp-not-inc\",\r\n            83311,\r\n            \"Bachelors\",\r\n            13,\r\n            \"Married-civ-spouse\",\r\n            \"Exec-managerial\",\r\n            \"Husband\",\r\n            \"White\",\r\n            \"Male\",\r\n            0,\r\n            0,\r\n            13,\r\n            \"United-States\",\r\n            \"<=50K\"\r\n          ],\r\n          [\r\n            38,\r\n            \"Private\",\r\n            215646,\r\n            \"HS-grad\",\r\n            9,\r\n            \"Divorced\",\r\n            \"Handlers-cleaners\",\r\n            \"Not-in-family\",\r\n            \"White\",\r\n            \"Male\",\r\n            0,\r\n            0,\r\n            40,\r\n            \"United-States\",\r\n            \"<=50K\"\r\n          ],\r\n          [\r\n            53,\r\n            \"Private\",\r\n            234721,\r\n            \"11th\",\r\n            7,\r\n            \"Married-civ-spouse\",\r\n            \"Handlers-cleaners\",\r\n            \"Husband\",\r\n            \"Black\",\r\n            \"Male\",\r\n            0,\r\n            0,\r\n            40,\r\n            \"United-States\",\r\n            \"<=50K\"\r\n          ],\r\n          [\r\n            28,\r\n            \"Private\",\r\n            338409,\r\n            \"Bachelors\",\r\n            13,\r\n            \"Married-civ-spouse\",\r\n            \"Prof-specialty\",\r\n            \"Wife\",\r\n            \"Black\",\r\n            \"Female\",\r\n            0,\r\n            0,\r\n            40,\r\n            \"Cuba\",\r\n            \"<=50K\"\r\n          ],\r\n          [\r\n            37,\r\n            \"Private\",\r\n            284582,\r\n            \"Masters\",\r\n            14,\r\n            \"Married-civ-spouse\",\r\n            \"Exec-managerial\",\r\n            \"Wife\",\r\n            \"White\",\r\n            \"Female\",\r\n            0,\r\n            0,\r\n            40,\r\n            \"United-States\",\r\n            \"<=50K\"\r\n          ]\r\n        ]\r\n      }\r\n    },\r\n    \"exposeSampleData\": false,\r\n    \"package\": {\r\n      \"edges\": [\r\n        {\r\n          \"sourceNodeId\": \"node1\",\r\n          \"sourcePortId\": \"Results dataset\",\r\n          \"targetNodeId\": \"node2\",\r\n          \"targetPortId\": \"Dataset1\"\r\n        },\r\n        {\r\n          \"sourceNodeId\": \"node1\",\r\n          \"sourcePortId\": \"Results dataset\",\r\n          \"targetNodeId\": \"node2\",\r\n          \"targetPortId\": \"Dataset2\"\r\n        },\r\n        {\r\n          \"sourceNodeId\": \"node3\",\r\n          \"targetNodeId\": \"node2\",\r\n          \"targetPortId\": \"Dataset2\"\r\n        },\r\n        {\r\n          \"sourceNodeId\": \"node2\",\r\n          \"sourcePortId\": \"Results dataset\",\r\n          \"targetNodeId\": \"node4\"\r\n        }\r\n      ],\r\n      \"graphParameters\": {},\r\n      \"nodes\": {\r\n        \"node1\": {\r\n          \"assetId\": \"asset1\",\r\n          \"parameters\": {\r\n            \"Please Specify Data Source\": {\r\n              \"value\": \"AzureBlobStorage\",\r\n              \"certificateThumbprint\": \"\"\r\n            },\r\n            \"Please Specify Authentication Type\": {\r\n              \"value\": \"Account\",\r\n              \"certificateThumbprint\": \"\"\r\n            },\r\n            \"Account Name\": {\r\n              \"value\": \"bohurp\",\r\n              \"certificateThumbprint\": \"\"\r\n            },\r\n            \"Account Key\": {\r\n              \"value\": \"ENCRYPTED_VALUE_10\",\r\n              \"certificateThumbprint\": \"189FFCD52B84562DF6BFA9678357B0B23524D543\"\r\n            },\r\n            \"Path to container or directory or blob\": {\r\n              \"value\": \"uploadeddata/adult.data\",\r\n              \"certificateThumbprint\": \"\"\r\n            },\r\n            \"Blob File format\": {\r\n              \"value\": \"CSV\",\r\n              \"certificateThumbprint\": \"\"\r\n            },\r\n            \"File has Header Row\": {\r\n              \"value\": \"True\",\r\n              \"certificateThumbprint\": \"\"\r\n            }\r\n          }\r\n        },\r\n        \"node2\": {\r\n          \"assetId\": \"asset2\",\r\n          \"parameters\": {\r\n            \"Comma-separated case-sensitive names of join key columns for L\": {\r\n              \"value\": \"%7B%22isFilter%22%3Atrue%2C%22rules%22%3A%5B%7B%22ruleType%22%3A%22AllColumns%22%2C%22exclude%22%3Afalse%7D%2C%7B%22ruleType%22%3A%22ColumnTypes%22%2C%22exclude%22%3Afalse%2C%22columnTypes%22%3A%5B%22All%22%5D%2C%22columnKinds%22%3A%5B%22Feature%22%5D%7D%5D%2C%22ui%22%3A%7B%22withRules%22%3Atrue%7D%7D\",\r\n              \"certificateThumbprint\": \"\"\r\n            },\r\n            \"Comma-separated case-sensitive names of join key columns for R\": {\r\n              \"value\": \"%7B%22isFilter%22%3Atrue%2C%22rules%22%3A%5B%7B%22ruleType%22%3A%22AllColumns%22%2C%22exclude%22%3Afalse%7D%2C%7B%22ruleType%22%3A%22ColumnTypes%22%2C%22exclude%22%3Afalse%2C%22columnTypes%22%3A%5B%22All%22%5D%2C%22columnKinds%22%3A%5B%22Feature%22%5D%7D%5D%2C%22ui%22%3A%7B%22withRules%22%3Atrue%7D%7D\",\r\n              \"certificateThumbprint\": \"\"\r\n            },\r\n            \"Match case\": {\r\n              \"value\": \"True\",\r\n              \"certificateThumbprint\": \"\"\r\n            },\r\n            \"Join type\": {\r\n              \"value\": \"Inner Join\",\r\n              \"certificateThumbprint\": \"\"\r\n            },\r\n            \"Keep right key columns in joined table\": {\r\n              \"value\": \"True\",\r\n              \"certificateThumbprint\": \"\"\r\n            }\r\n          }\r\n        },\r\n        \"node3\": {\r\n          \"inputId\": \"input1\"\r\n        },\r\n        \"node4\": {\r\n          \"outputId\": \"output1\"\r\n        }\r\n      }\r\n    }\r\n  }\r\n}",
      "ResponseHeaders": {
        "Content-Type": [
          "application/json; charset=utf-8"
        ],
        "Expires": [
          "-1"
        ],
        "Cache-Control": [
          "no-cache"
        ],
        "Date": [
          "Thu, 09 Mar 2017 08:18:24 GMT"
        ],
        "Pragma": [
          "no-cache"
        ],
        "Transfer-Encoding": [
          "chunked"
        ],
        "Server": [
          "Microsoft-HTTPAPI/2.0"
        ],
        "Vary": [
          "Accept-Encoding"
        ],
        "x-ms-request-duration": [
          "17"
        ],
        "x-ms-correlation-request-id": [
          "c3a226e1-15fb-4bf8-8f87-e02a40becbba"
        ],
        "x-ms-request-id": [
          "dcd09d21-7b56-40a7-85c1-0b4385b2623f"
        ],
        "x-ms-ratelimit-remaining-subscription-reads": [
          "14974"
        ],
        "x-ms-routing-request-id": [
          "WESTCENTRALUS:20170309T081824Z:c3a226e1-15fb-4bf8-8f87-e02a40becbba"
        ],
        "Strict-Transport-Security": [
          "max-age=31536000; includeSubDomains"
        ]
      },
      "StatusCode": 200
    },
    {
      "RequestUri": "/subscriptions/d128f140-94e6-4175-87a7-954b9d27db16/resourceGroups/amlrg9262/providers/Microsoft.MachineLearning/webServices/amlws5727?api-version=2017-01-01",
      "EncodedRequestUri": "L3N1YnNjcmlwdGlvbnMvZDEyOGYxNDAtOTRlNi00MTc1LTg3YTctOTU0YjlkMjdkYjE2L3Jlc291cmNlR3JvdXBzL2FtbHJnOTI2Mi9wcm92aWRlcnMvTWljcm9zb2Z0Lk1hY2hpbmVMZWFybmluZy93ZWJTZXJ2aWNlcy9hbWx3czU3Mjc/YXBpLXZlcnNpb249MjAxNy0wMS0wMQ==",
      "RequestMethod": "PATCH",
      "RequestBody": "{\r\n  \"properties\": {\r\n    \"packageType\": \"Graph\",\r\n    \"description\": \"description was updated!\",\r\n    \"keys\": {\r\n      \"primary\": \"f6ae3d003c63457ab4c5997effb5e4dc\"\r\n    },\r\n    \"diagnostics\": {\r\n      \"level\": \"All\"\r\n    }\r\n  }\r\n}",
      "RequestHeaders": {
        "Content-Type": [
          "application/json; charset=utf-8"
        ],
        "Content-Length": [
          "232"
        ],
        "x-ms-client-request-id": [
          "65eee8f8-0a40-418d-936c-26178fff694f"
        ],
        "accept-language": [
          "en-US"
        ],
        "User-Agent": [
          "FxVersion/4.6.24410.01",
          "Microsoft.Azure.Management.MachineLearning.WebServices.AzureMLWebServicesManagementClient/1.0.0"
        ]
      },
      "ResponseBody": "{\r\n  \"id\": \"/subscriptions/d128f140-94e6-4175-87a7-954b9d27db16/resourceGroups/amlrg9262/providers/Microsoft.MachineLearning/webServices/amlws5727\",\r\n  \"name\": \"amlws5727\",\r\n  \"type\": \"Microsoft.MachineLearning/webServices\",\r\n  \"location\": \"West Central US\",\r\n  \"tags\": {},\r\n  \"properties\": {\r\n    \"provisioningState\": \"Provisioning\"\r\n  }\r\n}",
      "ResponseHeaders": {
        "Content-Type": [
          "application/json; charset=utf-8"
        ],
        "Expires": [
          "-1"
        ],
        "Cache-Control": [
          "no-cache"
        ],
        "Date": [
          "Thu, 09 Mar 2017 08:18:14 GMT"
        ],
        "Pragma": [
          "no-cache"
        ],
        "Transfer-Encoding": [
          "chunked"
        ],
        "Server": [
          "Microsoft-HTTPAPI/2.0"
        ],
        "Vary": [
          "Accept-Encoding"
        ],
        "Azure-AsyncOperation": [
          "https://westcentralus.management.azure.com/subscriptions/d128f140-94e6-4175-87a7-954b9d27db16/providers/Microsoft.MachineLearning/locations/westcentralus/operationsStatus/b3501e89-2b0c-4011-b32c-074442003e72?api-version=2017-01-01"
        ],
        "Azure-AsyncOperationPercentComplete": [
          "0"
        ],
        "x-ms-request-duration": [
          "217"
        ],
        "x-ms-correlation-request-id": [
          "4287b6d5-6045-438d-b856-f11198d9451a"
        ],
        "x-ms-request-id": [
          "c54ebdf2-14cf-4531-b09c-d56fa1667993"
        ],
        "x-ms-ratelimit-remaining-subscription-writes": [
          "1188"
        ],
        "x-ms-routing-request-id": [
          "WESTCENTRALUS:20170309T081814Z:4287b6d5-6045-438d-b856-f11198d9451a"
        ],
        "Strict-Transport-Security": [
          "max-age=31536000; includeSubDomains"
        ]
      },
      "StatusCode": 200
    },
    {
      "RequestUri": "/subscriptions/d128f140-94e6-4175-87a7-954b9d27db16/providers/Microsoft.MachineLearning/locations/westcentralus/operationsStatus/b3501e89-2b0c-4011-b32c-074442003e72?api-version=2017-01-01",
      "EncodedRequestUri": "L3N1YnNjcmlwdGlvbnMvZDEyOGYxNDAtOTRlNi00MTc1LTg3YTctOTU0YjlkMjdkYjE2L3Byb3ZpZGVycy9NaWNyb3NvZnQuTWFjaGluZUxlYXJuaW5nL2xvY2F0aW9ucy93ZXN0Y2VudHJhbHVzL29wZXJhdGlvbnNTdGF0dXMvYjM1MDFlODktMmIwYy00MDExLWIzMmMtMDc0NDQyMDAzZTcyP2FwaS12ZXJzaW9uPTIwMTctMDEtMDE=",
      "RequestMethod": "GET",
      "RequestBody": "",
      "RequestHeaders": {
        "User-Agent": [
          "FxVersion/4.6.24410.01",
          "Microsoft.Azure.Management.MachineLearning.WebServices.AzureMLWebServicesManagementClient/1.0.0"
        ]
      },
      "ResponseBody": "{\r\n  \"id\": \"/subscriptions/d128f140-94e6-4175-87a7-954b9d27db16/providers/Microsoft.MachineLearning/locations/westcentralus/operationsStatus/b3501e89-2b0c-4011-b32c-074442003e72\",\r\n  \"name\": \"b3501e89-2b0c-4011-b32c-074442003e72\",\r\n  \"status\": \"Provisioning\",\r\n  \"startTime\": \"2017-03-09T08:18:16.2202466Z\",\r\n  \"percentComplete\": 0.6\r\n}",
      "ResponseHeaders": {
        "Content-Type": [
          "application/json; charset=utf-8"
        ],
        "Expires": [
          "-1"
        ],
        "Cache-Control": [
          "no-cache"
        ],
        "Date": [
          "Thu, 09 Mar 2017 08:18:19 GMT"
        ],
        "Pragma": [
          "no-cache"
        ],
        "Transfer-Encoding": [
          "chunked"
        ],
        "Server": [
          "Microsoft-HTTPAPI/2.0"
        ],
        "Vary": [
          "Accept-Encoding"
        ],
        "x-ms-request-duration": [
          "26"
        ],
        "x-ms-correlation-request-id": [
          "0e9146e7-fb1a-43f6-b910-69f66720a148"
        ],
        "x-ms-request-id": [
          "f0a576de-65be-4069-8275-6e4e24f4900d"
        ],
        "x-ms-ratelimit-remaining-subscription-reads": [
          "14976"
        ],
        "x-ms-routing-request-id": [
          "WESTCENTRALUS:20170309T081819Z:0e9146e7-fb1a-43f6-b910-69f66720a148"
        ],
        "Strict-Transport-Security": [
          "max-age=31536000; includeSubDomains"
        ]
      },
      "StatusCode": 200
    },
    {
      "RequestUri": "/subscriptions/d128f140-94e6-4175-87a7-954b9d27db16/providers/Microsoft.MachineLearning/locations/westcentralus/operationsStatus/b3501e89-2b0c-4011-b32c-074442003e72?api-version=2017-01-01",
      "EncodedRequestUri": "L3N1YnNjcmlwdGlvbnMvZDEyOGYxNDAtOTRlNi00MTc1LTg3YTctOTU0YjlkMjdkYjE2L3Byb3ZpZGVycy9NaWNyb3NvZnQuTWFjaGluZUxlYXJuaW5nL2xvY2F0aW9ucy93ZXN0Y2VudHJhbHVzL29wZXJhdGlvbnNTdGF0dXMvYjM1MDFlODktMmIwYy00MDExLWIzMmMtMDc0NDQyMDAzZTcyP2FwaS12ZXJzaW9uPTIwMTctMDEtMDE=",
      "RequestMethod": "GET",
      "RequestBody": "",
      "RequestHeaders": {
        "User-Agent": [
          "FxVersion/4.6.24410.01",
          "Microsoft.Azure.Management.MachineLearning.WebServices.AzureMLWebServicesManagementClient/1.0.0"
        ]
      },
      "ResponseBody": "{\r\n  \"id\": \"/subscriptions/d128f140-94e6-4175-87a7-954b9d27db16/providers/Microsoft.MachineLearning/locations/westcentralus/operationsStatus/b3501e89-2b0c-4011-b32c-074442003e72\",\r\n  \"name\": \"b3501e89-2b0c-4011-b32c-074442003e72\",\r\n  \"status\": \"Succeeded\",\r\n  \"startTime\": \"2017-03-09T08:18:16.2202466Z\",\r\n  \"endTime\": \"2017-03-09T08:18:22.7232103Z\",\r\n  \"percentComplete\": 1.0\r\n}",
      "ResponseHeaders": {
        "Content-Type": [
          "application/json; charset=utf-8"
        ],
        "Expires": [
          "-1"
        ],
        "Cache-Control": [
          "no-cache"
        ],
        "Date": [
          "Thu, 09 Mar 2017 08:18:24 GMT"
        ],
        "Pragma": [
          "no-cache"
        ],
        "Transfer-Encoding": [
          "chunked"
        ],
        "Server": [
          "Microsoft-HTTPAPI/2.0"
        ],
        "Vary": [
          "Accept-Encoding"
        ],
        "x-ms-request-duration": [
          "8"
        ],
        "x-ms-correlation-request-id": [
          "05ca9703-50e9-4d59-9d06-d1c171a9c24d"
        ],
        "x-ms-request-id": [
          "de4a6d36-65b7-4a7f-8aa3-f80dfc9600e3"
        ],
        "x-ms-ratelimit-remaining-subscription-reads": [
          "14975"
        ],
        "x-ms-routing-request-id": [
          "WESTCENTRALUS:20170309T081824Z:05ca9703-50e9-4d59-9d06-d1c171a9c24d"
        ],
        "Strict-Transport-Security": [
          "max-age=31536000; includeSubDomains"
        ]
      },
      "StatusCode": 200
    },
    {
      "RequestUri": "/subscriptions/d128f140-94e6-4175-87a7-954b9d27db16/resourceGroups/amlrg9262/providers/Microsoft.MachineLearning/webServices/amlws5727/listKeys?api-version=2017-01-01",
      "EncodedRequestUri": "L3N1YnNjcmlwdGlvbnMvZDEyOGYxNDAtOTRlNi00MTc1LTg3YTctOTU0YjlkMjdkYjE2L3Jlc291cmNlR3JvdXBzL2FtbHJnOTI2Mi9wcm92aWRlcnMvTWljcm9zb2Z0Lk1hY2hpbmVMZWFybmluZy93ZWJTZXJ2aWNlcy9hbWx3czU3MjcvbGlzdEtleXM/YXBpLXZlcnNpb249MjAxNy0wMS0wMQ==",
      "RequestMethod": "GET",
      "RequestBody": "",
      "RequestHeaders": {
        "x-ms-client-request-id": [
          "48c2506e-ae5d-462e-a150-56ccf49db240"
        ],
        "accept-language": [
          "en-US"
        ],
        "User-Agent": [
          "FxVersion/4.6.24410.01",
          "Microsoft.Azure.Management.MachineLearning.WebServices.AzureMLWebServicesManagementClient/1.0.0"
        ]
      },
      "ResponseBody": "{\r\n  \"primary\": \"f6ae3d003c63457ab4c5997effb5e4dc\",\r\n  \"secondary\": \"SAMPLE_KEY_2\"\r\n}",
      "ResponseHeaders": {
        "Content-Type": [
          "application/json; charset=utf-8"
        ],
        "Expires": [
          "-1"
        ],
        "Cache-Control": [
          "no-cache"
        ],
        "Date": [
          "Thu, 09 Mar 2017 08:18:24 GMT"
        ],
        "Pragma": [
          "no-cache"
        ],
        "Transfer-Encoding": [
          "chunked"
        ],
        "Server": [
          "Microsoft-HTTPAPI/2.0"
        ],
        "Vary": [
          "Accept-Encoding"
        ],
        "x-ms-request-duration": [
          "8"
        ],
        "x-ms-correlation-request-id": [
          "ca95ed16-e3b1-4747-a9b1-cc4f5c61abb0"
        ],
        "x-ms-request-id": [
          "9cc86611-5c77-4950-a3d0-c154404924e3"
        ],
        "x-ms-ratelimit-remaining-subscription-reads": [
          "14973"
        ],
        "x-ms-routing-request-id": [
          "WESTCENTRALUS:20170309T081824Z:ca95ed16-e3b1-4747-a9b1-cc4f5c61abb0"
        ],
        "Strict-Transport-Security": [
          "max-age=31536000; includeSubDomains"
        ]
      },
      "StatusCode": 200
    },
    {
      "RequestUri": "/subscriptions/d128f140-94e6-4175-87a7-954b9d27db16/resourceGroups/amlrg9262/providers/Microsoft.MachineLearning/webServices/amlws5727?api-version=2017-01-01",
      "EncodedRequestUri": "L3N1YnNjcmlwdGlvbnMvZDEyOGYxNDAtOTRlNi00MTc1LTg3YTctOTU0YjlkMjdkYjE2L3Jlc291cmNlR3JvdXBzL2FtbHJnOTI2Mi9wcm92aWRlcnMvTWljcm9zb2Z0Lk1hY2hpbmVMZWFybmluZy93ZWJTZXJ2aWNlcy9hbWx3czU3Mjc/YXBpLXZlcnNpb249MjAxNy0wMS0wMQ==",
      "RequestMethod": "DELETE",
      "RequestBody": "",
      "RequestHeaders": {
        "x-ms-client-request-id": [
          "ef92557a-87c6-42db-8a8e-fb1c481f8d00"
        ],
        "accept-language": [
          "en-US"
        ],
        "User-Agent": [
          "FxVersion/4.6.24410.01",
          "Microsoft.Azure.Management.MachineLearning.WebServices.AzureMLWebServicesManagementClient/1.0.0"
        ]
      },
      "ResponseBody": "",
      "ResponseHeaders": {
        "Content-Length": [
          "0"
        ],
        "Expires": [
          "-1"
        ],
        "Cache-Control": [
          "no-cache"
        ],
        "Date": [
          "Thu, 09 Mar 2017 08:18:24 GMT"
        ],
        "Pragma": [
          "no-cache"
        ],
        "Location": [
          "https://westcentralus.management.azure.com/subscriptions/d128f140-94e6-4175-87a7-954b9d27db16/providers/Microsoft.MachineLearning/locations/westcentralus/operationresults/fe067c51-a967-4a2e-976f-adbcfa0e0024?api-version=2017-01-01"
        ],
        "Server": [
          "Microsoft-HTTPAPI/2.0"
        ],
        "Azure-AsyncOperation": [
          "https://westcentralus.management.azure.com/subscriptions/d128f140-94e6-4175-87a7-954b9d27db16/providers/Microsoft.MachineLearning/locations/westcentralus/operationsStatus/fe067c51-a967-4a2e-976f-adbcfa0e0024?api-version=2017-01-01"
        ],
        "Azure-AsyncOperationPercentComplete": [
          "0"
        ],
        "x-ms-request-duration": [
          "144"
        ],
        "x-ms-correlation-request-id": [
          "7df93f75-32d3-425a-b898-7e4a07d4b548"
        ],
        "x-ms-request-id": [
          "a7d722e0-1a90-451c-bd05-39a07b5854fc"
        ],
        "x-ms-ratelimit-remaining-subscription-writes": [
          "1187"
        ],
        "x-ms-routing-request-id": [
          "WESTCENTRALUS:20170309T081825Z:7df93f75-32d3-425a-b898-7e4a07d4b548"
        ],
        "Strict-Transport-Security": [
          "max-age=31536000; includeSubDomains"
        ]
      },
      "StatusCode": 202
    },
    {
      "RequestUri": "/subscriptions/d128f140-94e6-4175-87a7-954b9d27db16/providers/Microsoft.MachineLearning/locations/westcentralus/operationsStatus/fe067c51-a967-4a2e-976f-adbcfa0e0024?api-version=2017-01-01",
      "EncodedRequestUri": "L3N1YnNjcmlwdGlvbnMvZDEyOGYxNDAtOTRlNi00MTc1LTg3YTctOTU0YjlkMjdkYjE2L3Byb3ZpZGVycy9NaWNyb3NvZnQuTWFjaGluZUxlYXJuaW5nL2xvY2F0aW9ucy93ZXN0Y2VudHJhbHVzL29wZXJhdGlvbnNTdGF0dXMvZmUwNjdjNTEtYTk2Ny00YTJlLTk3NmYtYWRiY2ZhMGUwMDI0P2FwaS12ZXJzaW9uPTIwMTctMDEtMDE=",
      "RequestMethod": "GET",
      "RequestBody": "",
      "RequestHeaders": {
        "User-Agent": [
          "FxVersion/4.6.24410.01",
          "Microsoft.Azure.Management.MachineLearning.WebServices.AzureMLWebServicesManagementClient/1.0.0"
        ]
      },
      "ResponseBody": "{\r\n  \"id\": \"/subscriptions/d128f140-94e6-4175-87a7-954b9d27db16/providers/Microsoft.MachineLearning/locations/westcentralus/operationsStatus/fe067c51-a967-4a2e-976f-adbcfa0e0024\",\r\n  \"name\": \"fe067c51-a967-4a2e-976f-adbcfa0e0024\",\r\n  \"status\": \"Succeeded\",\r\n  \"startTime\": \"2017-03-09T08:18:26.7485732Z\",\r\n  \"endTime\": \"2017-03-09T08:18:27.5931488Z\",\r\n  \"percentComplete\": 1.0\r\n}",
      "ResponseHeaders": {
        "Content-Type": [
          "application/json; charset=utf-8"
        ],
        "Expires": [
          "-1"
        ],
        "Cache-Control": [
          "no-cache"
        ],
        "Date": [
          "Thu, 09 Mar 2017 08:18:29 GMT"
        ],
        "Pragma": [
          "no-cache"
        ],
        "Transfer-Encoding": [
          "chunked"
        ],
        "Server": [
          "Microsoft-HTTPAPI/2.0"
        ],
        "Vary": [
          "Accept-Encoding"
        ],
        "x-ms-request-duration": [
          "10"
        ],
        "x-ms-correlation-request-id": [
          "568a7a08-dd18-4eea-b3c3-5781ac8f52d6"
        ],
        "x-ms-request-id": [
          "22d8de33-eaaa-4641-ae15-641c82b0641d"
        ],
        "x-ms-ratelimit-remaining-subscription-reads": [
          "14972"
        ],
        "x-ms-routing-request-id": [
          "WESTCENTRALUS:20170309T081830Z:568a7a08-dd18-4eea-b3c3-5781ac8f52d6"
        ],
        "Strict-Transport-Security": [
          "max-age=31536000; includeSubDomains"
        ]
      },
      "StatusCode": 200
    },
    {
      "RequestUri": "/subscriptions/d128f140-94e6-4175-87a7-954b9d27db16/resourcegroups/amlrg9262/providers/Microsoft.MachineLearning//commitmentPlans/amlcp7964?api-version=2016-05-01-preview",
      "EncodedRequestUri": "L3N1YnNjcmlwdGlvbnMvZDEyOGYxNDAtOTRlNi00MTc1LTg3YTctOTU0YjlkMjdkYjE2L3Jlc291cmNlZ3JvdXBzL2FtbHJnOTI2Mi9wcm92aWRlcnMvTWljcm9zb2Z0Lk1hY2hpbmVMZWFybmluZy8vY29tbWl0bWVudFBsYW5zL2FtbGNwNzk2ND9hcGktdmVyc2lvbj0yMDE2LTA1LTAxLXByZXZpZXc=",
      "RequestMethod": "DELETE",
      "RequestBody": "",
      "RequestHeaders": {
        "x-ms-client-request-id": [
          "20ca7ef6-b78d-4482-b2cc-2fb5efc65b2a"
        ],
        "accept-language": [
          "en-US"
        ],
        "User-Agent": [
          "FxVersion/4.6.24410.01",
          "Microsoft.Azure.Management.Resources.ResourceManagementClient/1.0.0-preview"
        ]
      },
      "ResponseBody": "",
      "ResponseHeaders": {
        "Content-Length": [
          "0"
        ],
        "Expires": [
          "-1"
        ],
        "Cache-Control": [
          "no-cache"
        ],
        "Date": [
          "Thu, 09 Mar 2017 08:18:31 GMT"
        ],
        "Pragma": [
          "no-cache"
        ],
        "Server": [
          "Microsoft-HTTPAPI/2.0"
        ],
        "Strict-Transport-Security": [
          "max-age=31536000; includeSubDomains"
        ],
        "x-ms-request-id": [
          "de49d31d-aade-47d2-b94d-f3cd0ea59e28"
        ],
        "x-ms-ratelimit-remaining-subscription-writes": [
          "1190"
        ],
        "x-ms-correlation-request-id": [
          "e59e9f92-6c08-4fd9-a915-db5c9aa544e6"
        ],
        "x-ms-routing-request-id": [
          "WESTCENTRALUS:20170309T081831Z:e59e9f92-6c08-4fd9-a915-db5c9aa544e6"
        ]
      },
      "StatusCode": 200
    },
    {
      "RequestUri": "/subscriptions/d128f140-94e6-4175-87a7-954b9d27db16/resourcegroups/amlrg9262/providers/Microsoft.Resources/deployments/deplamlcp7964?api-version=2015-11-01",
      "EncodedRequestUri": "L3N1YnNjcmlwdGlvbnMvZDEyOGYxNDAtOTRlNi00MTc1LTg3YTctOTU0YjlkMjdkYjE2L3Jlc291cmNlZ3JvdXBzL2FtbHJnOTI2Mi9wcm92aWRlcnMvTWljcm9zb2Z0LlJlc291cmNlcy9kZXBsb3ltZW50cy9kZXBsYW1sY3A3OTY0P2FwaS12ZXJzaW9uPTIwMTUtMTEtMDE=",
      "RequestMethod": "DELETE",
      "RequestBody": "",
      "RequestHeaders": {
        "x-ms-client-request-id": [
          "26ec6f59-053a-41ba-b80e-e635b10a51fc"
        ],
        "accept-language": [
          "en-US"
        ],
        "User-Agent": [
          "FxVersion/4.6.24410.01",
          "Microsoft.Azure.Management.Resources.ResourceManagementClient/1.0.0-preview"
        ]
      },
      "ResponseBody": "",
      "ResponseHeaders": {
        "Content-Length": [
          "0"
        ],
        "Expires": [
          "-1"
        ],
        "Cache-Control": [
          "no-cache"
        ],
        "Date": [
          "Thu, 09 Mar 2017 08:18:31 GMT"
        ],
        "Pragma": [
          "no-cache"
        ],
        "Location": [
          "https://westcentralus.management.azure.com/subscriptions/d128f140-94e6-4175-87a7-954b9d27db16/operationresults/eyJqb2JJZCI6IkRlcGxveW1lbnREZWxldGlvbkpvYi1HTlMtQU1MUkc5MjYyLURFUExBTUxDUDc5NjQtIiwiam9iTG9jYXRpb24iOiJ3ZXN0Y2VudHJhbHVzIn0?api-version=2015-11-01"
        ],
        "Retry-After": [
          "15"
        ],
        "x-ms-ratelimit-remaining-subscription-writes": [
          "1189"
        ],
        "x-ms-request-id": [
          "d989aefc-8c19-433b-8e2f-3e6440829e22"
        ],
        "x-ms-correlation-request-id": [
          "d989aefc-8c19-433b-8e2f-3e6440829e22"
        ],
        "x-ms-routing-request-id": [
          "WESTCENTRALUS:20170309T081831Z:d989aefc-8c19-433b-8e2f-3e6440829e22"
        ],
        "Strict-Transport-Security": [
          "max-age=31536000; includeSubDomains"
        ]
      },
      "StatusCode": 202
    },
    {
      "RequestUri": "/subscriptions/d128f140-94e6-4175-87a7-954b9d27db16/operationresults/eyJqb2JJZCI6IkRlcGxveW1lbnREZWxldGlvbkpvYi1HTlMtQU1MUkc5MjYyLURFUExBTUxDUDc5NjQtIiwiam9iTG9jYXRpb24iOiJ3ZXN0Y2VudHJhbHVzIn0?api-version=2015-11-01",
      "EncodedRequestUri": "L3N1YnNjcmlwdGlvbnMvZDEyOGYxNDAtOTRlNi00MTc1LTg3YTctOTU0YjlkMjdkYjE2L29wZXJhdGlvbnJlc3VsdHMvZXlKcWIySkpaQ0k2SWtSbGNHeHZlVzFsYm5SRVpXeGxkR2x2YmtwdllpMUhUbE10UVUxTVVrYzVNall5TFVSRlVFeEJUVXhEVURjNU5qUXRJaXdpYW05aVRHOWpZWFJwYjI0aU9pSjNaWE4wWTJWdWRISmhiSFZ6SW4wP2FwaS12ZXJzaW9uPTIwMTUtMTEtMDE=",
      "RequestMethod": "GET",
      "RequestBody": "",
      "RequestHeaders": {
        "User-Agent": [
          "FxVersion/4.6.24410.01",
          "Microsoft.Azure.Management.Resources.ResourceManagementClient/1.0.0-preview"
        ]
      },
      "ResponseBody": "",
      "ResponseHeaders": {
        "Content-Length": [
          "0"
        ],
        "Expires": [
          "-1"
        ],
        "Cache-Control": [
          "no-cache"
        ],
        "Date": [
          "Thu, 09 Mar 2017 08:19:01 GMT"
        ],
        "Pragma": [
          "no-cache"
        ],
        "Location": [
          "https://westcentralus.management.azure.com/subscriptions/d128f140-94e6-4175-87a7-954b9d27db16/operationresults/eyJqb2JJZCI6IkRlcGxveW1lbnREZWxldGlvbkpvYi1HTlMtQU1MUkc5MjYyLURFUExBTUxDUDc5NjQtIiwiam9iTG9jYXRpb24iOiJ3ZXN0Y2VudHJhbHVzIn0?api-version=2015-11-01"
        ],
        "Retry-After": [
          "15"
        ],
        "x-ms-ratelimit-remaining-subscription-reads": [
          "14985"
        ],
        "x-ms-request-id": [
          "8b027a1b-287b-4b6f-8f7d-718f877a5082"
        ],
        "x-ms-correlation-request-id": [
          "8b027a1b-287b-4b6f-8f7d-718f877a5082"
        ],
        "x-ms-routing-request-id": [
          "WESTCENTRALUS:20170309T081901Z:8b027a1b-287b-4b6f-8f7d-718f877a5082"
        ],
        "Strict-Transport-Security": [
          "max-age=31536000; includeSubDomains"
        ]
      },
      "StatusCode": 202
    },
    {
      "RequestUri": "/subscriptions/d128f140-94e6-4175-87a7-954b9d27db16/operationresults/eyJqb2JJZCI6IkRlcGxveW1lbnREZWxldGlvbkpvYi1HTlMtQU1MUkc5MjYyLURFUExBTUxDUDc5NjQtIiwiam9iTG9jYXRpb24iOiJ3ZXN0Y2VudHJhbHVzIn0?api-version=2015-11-01",
      "EncodedRequestUri": "L3N1YnNjcmlwdGlvbnMvZDEyOGYxNDAtOTRlNi00MTc1LTg3YTctOTU0YjlkMjdkYjE2L29wZXJhdGlvbnJlc3VsdHMvZXlKcWIySkpaQ0k2SWtSbGNHeHZlVzFsYm5SRVpXeGxkR2x2YmtwdllpMUhUbE10UVUxTVVrYzVNall5TFVSRlVFeEJUVXhEVURjNU5qUXRJaXdpYW05aVRHOWpZWFJwYjI0aU9pSjNaWE4wWTJWdWRISmhiSFZ6SW4wP2FwaS12ZXJzaW9uPTIwMTUtMTEtMDE=",
      "RequestMethod": "GET",
      "RequestBody": "",
      "RequestHeaders": {
        "User-Agent": [
          "FxVersion/4.6.24410.01",
          "Microsoft.Azure.Management.Resources.ResourceManagementClient/1.0.0-preview"
        ]
      },
      "ResponseBody": "",
      "ResponseHeaders": {
        "Expires": [
          "-1"
        ],
        "Cache-Control": [
          "no-cache"
        ],
        "Date": [
          "Thu, 09 Mar 2017 08:19:31 GMT"
        ],
        "Pragma": [
          "no-cache"
        ],
        "x-ms-ratelimit-remaining-subscription-reads": [
          "14984"
        ],
        "x-ms-request-id": [
          "41f98c6a-208d-459e-9e7e-9d618095e8f5"
        ],
        "x-ms-correlation-request-id": [
          "41f98c6a-208d-459e-9e7e-9d618095e8f5"
        ],
        "x-ms-routing-request-id": [
          "WESTCENTRALUS:20170309T081931Z:41f98c6a-208d-459e-9e7e-9d618095e8f5"
        ],
        "Strict-Transport-Security": [
          "max-age=31536000; includeSubDomains"
        ]
      },
      "StatusCode": 204
    },
    {
      "RequestUri": "/subscriptions/d128f140-94e6-4175-87a7-954b9d27db16/resourceGroups/amlrg9262/providers/Microsoft.Storage/storageAccounts/amlstor4957?api-version=2015-06-15",
      "EncodedRequestUri": "L3N1YnNjcmlwdGlvbnMvZDEyOGYxNDAtOTRlNi00MTc1LTg3YTctOTU0YjlkMjdkYjE2L3Jlc291cmNlR3JvdXBzL2FtbHJnOTI2Mi9wcm92aWRlcnMvTWljcm9zb2Z0LlN0b3JhZ2Uvc3RvcmFnZUFjY291bnRzL2FtbHN0b3I0OTU3P2FwaS12ZXJzaW9uPTIwMTUtMDYtMTU=",
      "RequestMethod": "DELETE",
      "RequestBody": "",
      "RequestHeaders": {
        "x-ms-client-request-id": [
          "1c3a4683-6c5e-4117-aaa6-476e0d5e884f"
        ],
        "accept-language": [
          "en-US"
        ],
        "User-Agent": [
          "FxVersion/4.6.24410.01",
          "Microsoft.Azure.Management.Storage.StorageManagementClient/4.1.0-preview"
        ]
      },
      "ResponseBody": "",
      "ResponseHeaders": {
        "Content-Length": [
          "0"
        ],
        "Expires": [
          "-1"
        ],
        "Cache-Control": [
          "no-cache"
        ],
        "Date": [
          "Thu, 09 Mar 2017 08:19:32 GMT"
        ],
        "Pragma": [
          "no-cache"
        ],
        "Server": [
          "Microsoft-Azure-Storage-Resource-Provider/1.0",
          "Microsoft-HTTPAPI/2.0"
        ],
        "x-ms-ratelimit-remaining-subscription-writes": [
          "1196"
        ],
        "x-ms-request-id": [
          "22d37073-94de-4cc6-9864-1d1651e4d78e"
        ],
        "x-ms-correlation-request-id": [
          "22d37073-94de-4cc6-9864-1d1651e4d78e"
        ],
        "x-ms-routing-request-id": [
          "WESTCENTRALUS:20170309T081932Z:22d37073-94de-4cc6-9864-1d1651e4d78e"
        ],
        "Strict-Transport-Security": [
          "max-age=31536000; includeSubDomains"
        ]
      },
      "StatusCode": 200
    },
    {
      "RequestUri": "/subscriptions/d128f140-94e6-4175-87a7-954b9d27db16/resourcegroups/amlrg9262?api-version=2015-11-01",
      "EncodedRequestUri": "L3N1YnNjcmlwdGlvbnMvZDEyOGYxNDAtOTRlNi00MTc1LTg3YTctOTU0YjlkMjdkYjE2L3Jlc291cmNlZ3JvdXBzL2FtbHJnOTI2Mj9hcGktdmVyc2lvbj0yMDE1LTExLTAx",
      "RequestMethod": "DELETE",
      "RequestBody": "",
      "RequestHeaders": {
        "x-ms-client-request-id": [
          "d8e17097-a80f-4709-8c5b-ff3f68b607f8"
        ],
        "accept-language": [
          "en-US"
        ],
        "User-Agent": [
          "FxVersion/4.6.24410.01",
          "Microsoft.Azure.Management.Resources.ResourceManagementClient/1.0.0-preview"
        ]
      },
      "ResponseBody": "",
      "ResponseHeaders": {
        "Content-Length": [
          "0"
        ],
        "Expires": [
          "-1"
        ],
        "Cache-Control": [
          "no-cache"
        ],
        "Date": [
          "Thu, 09 Mar 2017 08:19:32 GMT"
        ],
        "Pragma": [
          "no-cache"
        ],
        "Location": [
          "https://westcentralus.management.azure.com/subscriptions/d128f140-94e6-4175-87a7-954b9d27db16/operationresults/eyJqb2JJZCI6IlJFU09VUkNFR1JPVVBERUxFVElPTkpPQi1BTUxSRzkyNjItV0VTVENFTlRSQUxVUyIsImpvYkxvY2F0aW9uIjoid2VzdGNlbnRyYWx1cyJ9?api-version=2015-11-01"
        ],
        "Retry-After": [
          "15"
        ],
        "x-ms-ratelimit-remaining-subscription-writes": [
          "1188"
        ],
        "x-ms-request-id": [
          "86256629-0bd2-4a98-8b89-46d89cb71cf6"
        ],
        "x-ms-correlation-request-id": [
          "86256629-0bd2-4a98-8b89-46d89cb71cf6"
        ],
        "x-ms-routing-request-id": [
          "WESTCENTRALUS:20170309T081932Z:86256629-0bd2-4a98-8b89-46d89cb71cf6"
        ],
        "Strict-Transport-Security": [
          "max-age=31536000; includeSubDomains"
        ]
      },
      "StatusCode": 202
    },
    {
      "RequestUri": "/subscriptions/d128f140-94e6-4175-87a7-954b9d27db16/operationresults/eyJqb2JJZCI6IlJFU09VUkNFR1JPVVBERUxFVElPTkpPQi1BTUxSRzkyNjItV0VTVENFTlRSQUxVUyIsImpvYkxvY2F0aW9uIjoid2VzdGNlbnRyYWx1cyJ9?api-version=2015-11-01",
      "EncodedRequestUri": "L3N1YnNjcmlwdGlvbnMvZDEyOGYxNDAtOTRlNi00MTc1LTg3YTctOTU0YjlkMjdkYjE2L29wZXJhdGlvbnJlc3VsdHMvZXlKcWIySkpaQ0k2SWxKRlUwOVZVa05GUjFKUFZWQkVSVXhGVkVsUFRrcFBRaTFCVFV4U1J6a3lOakl0VjBWVFZFTkZUbFJTUVV4VlV5SXNJbXB2WWt4dlkyRjBhVzl1SWpvaWQyVnpkR05sYm5SeVlXeDFjeUo5P2FwaS12ZXJzaW9uPTIwMTUtMTEtMDE=",
      "RequestMethod": "GET",
      "RequestBody": "",
      "RequestHeaders": {
        "User-Agent": [
          "FxVersion/4.6.24410.01",
          "Microsoft.Azure.Management.Resources.ResourceManagementClient/1.0.0-preview"
        ]
      },
      "ResponseBody": "",
      "ResponseHeaders": {
        "Content-Length": [
          "0"
        ],
        "Expires": [
          "-1"
        ],
        "Cache-Control": [
          "no-cache"
        ],
        "Date": [
          "Thu, 09 Mar 2017 08:20:02 GMT"
        ],
        "Pragma": [
          "no-cache"
        ],
        "Location": [
          "https://westcentralus.management.azure.com/subscriptions/d128f140-94e6-4175-87a7-954b9d27db16/operationresults/eyJqb2JJZCI6IlJFU09VUkNFR1JPVVBERUxFVElPTkpPQi1BTUxSRzkyNjItV0VTVENFTlRSQUxVUyIsImpvYkxvY2F0aW9uIjoid2VzdGNlbnRyYWx1cyJ9?api-version=2015-11-01"
        ],
        "Retry-After": [
          "15"
        ],
        "x-ms-ratelimit-remaining-subscription-reads": [
          "14983"
        ],
        "x-ms-request-id": [
          "38e80307-0bdc-45d4-90c8-0a8311ffc47f"
        ],
        "x-ms-correlation-request-id": [
          "38e80307-0bdc-45d4-90c8-0a8311ffc47f"
        ],
        "x-ms-routing-request-id": [
          "WESTCENTRALUS:20170309T082002Z:38e80307-0bdc-45d4-90c8-0a8311ffc47f"
        ],
        "Strict-Transport-Security": [
          "max-age=31536000; includeSubDomains"
        ]
      },
      "StatusCode": 202
    },
    {
      "RequestUri": "/subscriptions/d128f140-94e6-4175-87a7-954b9d27db16/operationresults/eyJqb2JJZCI6IlJFU09VUkNFR1JPVVBERUxFVElPTkpPQi1BTUxSRzkyNjItV0VTVENFTlRSQUxVUyIsImpvYkxvY2F0aW9uIjoid2VzdGNlbnRyYWx1cyJ9?api-version=2015-11-01",
      "EncodedRequestUri": "L3N1YnNjcmlwdGlvbnMvZDEyOGYxNDAtOTRlNi00MTc1LTg3YTctOTU0YjlkMjdkYjE2L29wZXJhdGlvbnJlc3VsdHMvZXlKcWIySkpaQ0k2SWxKRlUwOVZVa05GUjFKUFZWQkVSVXhGVkVsUFRrcFBRaTFCVFV4U1J6a3lOakl0VjBWVFZFTkZUbFJTUVV4VlV5SXNJbXB2WWt4dlkyRjBhVzl1SWpvaWQyVnpkR05sYm5SeVlXeDFjeUo5P2FwaS12ZXJzaW9uPTIwMTUtMTEtMDE=",
      "RequestMethod": "GET",
      "RequestBody": "",
      "RequestHeaders": {
        "User-Agent": [
          "FxVersion/4.6.24410.01",
          "Microsoft.Azure.Management.Resources.ResourceManagementClient/1.0.0-preview"
        ]
      },
      "ResponseBody": "",
      "ResponseHeaders": {
        "Content-Length": [
          "0"
        ],
        "Expires": [
          "-1"
        ],
        "Cache-Control": [
          "no-cache"
        ],
        "Date": [
          "Thu, 09 Mar 2017 08:20:32 GMT"
        ],
        "Pragma": [
          "no-cache"
        ],
        "x-ms-ratelimit-remaining-subscription-reads": [
          "14982"
        ],
        "x-ms-request-id": [
          "e9190910-b93a-4d1a-a957-c9608f4f1d84"
        ],
        "x-ms-correlation-request-id": [
          "e9190910-b93a-4d1a-a957-c9608f4f1d84"
        ],
        "x-ms-routing-request-id": [
          "WESTCENTRALUS:20170309T082032Z:e9190910-b93a-4d1a-a957-c9608f4f1d84"
        ],
        "Strict-Transport-Security": [
          "max-age=31536000; includeSubDomains"
        ]
      },
      "StatusCode": 200
    }
  ],
  "Names": {
    "RunAMLWebServiceTestScenario": [
      "amlws5727",
      "amlrg9262",
      "amlcp7964",
      "amlstor4957"
    ]
  },
  "Variables": {
    "SubscriptionId": "d128f140-94e6-4175-87a7-954b9d27db16"
  }
}