{
  "Entries": [
    {
      "RequestUri": "/subscriptions/27cafca8-b9a4-4264-b399-45d0c9cca1ab/providers/Microsoft.Cdn/validateProbe?api-version=2020-04-15",
      "EncodedRequestUri": "L3N1YnNjcmlwdGlvbnMvMjdjYWZjYTgtYjlhNC00MjY0LWIzOTktNDVkMGM5Y2NhMWFiL3Byb3ZpZGVycy9NaWNyb3NvZnQuQ2RuL3ZhbGlkYXRlUHJvYmU/YXBpLXZlcnNpb249MjAyMC0wNC0xNQ==",
      "RequestMethod": "POST",
      "RequestBody": "{\r\n  \"probeURL\": \"www.withoutHttp.com\"\r\n}",
      "RequestHeaders": {
        "x-ms-client-request-id": [
          "76727524-2b48-4985-a4c3-247666e27747"
        ],
        "Accept-Language": [
          "en-US"
        ],
        "User-Agent": [
          "FxVersion/4.6.29321.03",
          "OSName/Windows",
          "OSVersion/Microsoft.Windows.10.0.20231.",
          "Microsoft.Azure.Management.Cdn.CdnManagementClient/4.4.1.0"
        ],
        "Content-Type": [
          "application/json; charset=utf-8"
        ],
        "Content-Length": [
          "41"
        ]
      },
      "ResponseHeaders": {
        "Cache-Control": [
          "no-cache"
        ],
        "Pragma": [
          "no-cache"
        ],
        "x-ms-request-id": [
          "f0d3d270-0b1b-41af-9f56-afe38f95aabe"
        ],
        "x-ms-client-request-id": [
          "76727524-2b48-4985-a4c3-247666e27747"
        ],
        "Strict-Transport-Security": [
          "max-age=31536000; includeSubDomains"
        ],
        "Server": [
          "Microsoft-IIS/10.0"
        ],
        "X-AspNet-Version": [
          "4.0.30319"
        ],
        "X-Powered-By": [
          "ASP.NET"
        ],
        "x-ms-ratelimit-remaining-subscription-writes": [
          "1199"
        ],
        "x-ms-correlation-request-id": [
          "2b4a92a3-9b5f-4079-8f11-885e263a8223"
        ],
        "x-ms-routing-request-id": [
          "WESTUS:20201027T015151Z:2b4a92a3-9b5f-4079-8f11-885e263a8223"
        ],
        "X-Content-Type-Options": [
          "nosniff"
        ],
        "Date": [
          "Tue, 27 Oct 2020 01:51:51 GMT"
        ],
        "Content-Length": [
          "114"
        ],
        "Content-Type": [
          "application/json; charset=utf-8"
        ],
        "Content-Language": [
          "en-US"
        ],
        "Expires": [
          "-1"
        ]
      },
      "ResponseBody": "{\r\n  \"error\": {\r\n    \"code\": \"BadRequest\",\r\n    \"message\": \"The format of the input probe URL is invalid.\"\r\n  }\r\n}",
      "StatusCode": 400
    },
    {
      "RequestUri": "/subscriptions/27cafca8-b9a4-4264-b399-45d0c9cca1ab/providers/Microsoft.Cdn/validateProbe?api-version=2020-04-15",
      "EncodedRequestUri": "L3N1YnNjcmlwdGlvbnMvMjdjYWZjYTgtYjlhNC00MjY0LWIzOTktNDVkMGM5Y2NhMWFiL3Byb3ZpZGVycy9NaWNyb3NvZnQuQ2RuL3ZhbGlkYXRlUHJvYmU/YXBpLXZlcnNpb249MjAyMC0wNC0xNQ==",
      "RequestMethod": "POST",
      "RequestBody": "{\r\n  \"probeURL\": \"https://www.notexist.com/notexist/notexist.txt\"\r\n}",
      "RequestHeaders": {
        "x-ms-client-request-id": [
          "5f7904e1-3295-45f2-b717-54f85c9ed4e0"
        ],
        "Accept-Language": [
          "en-US"
        ],
        "User-Agent": [
          "FxVersion/4.6.29321.03",
          "OSName/Windows",
          "OSVersion/Microsoft.Windows.10.0.20231.",
          "Microsoft.Azure.Management.Cdn.CdnManagementClient/4.4.1.0"
        ],
        "Content-Type": [
          "application/json; charset=utf-8"
        ],
        "Content-Length": [
          "68"
        ]
      },
      "ResponseHeaders": {
        "Cache-Control": [
          "no-cache"
        ],
        "Pragma": [
          "no-cache"
        ],
        "x-ms-request-id": [
          "c55ce8eb-ceba-45ec-932a-72950aa81a4f"
        ],
        "x-ms-client-request-id": [
          "5f7904e1-3295-45f2-b717-54f85c9ed4e0"
        ],
        "OData-Version": [
          "4.0"
        ],
        "Strict-Transport-Security": [
          "max-age=31536000; includeSubDomains"
        ],
        "Server": [
          "Microsoft-IIS/10.0"
        ],
        "X-AspNet-Version": [
          "4.0.30319"
        ],
        "X-Powered-By": [
          "ASP.NET"
        ],
        "x-ms-ratelimit-remaining-subscription-writes": [
          "1198"
        ],
        "x-ms-correlation-request-id": [
          "33a36a45-2e8f-4319-94bc-cc69d28ecb71"
        ],
        "x-ms-routing-request-id": [
          "WESTUS:20201027T015153Z:33a36a45-2e8f-4319-94bc-cc69d28ecb71"
        ],
        "X-Content-Type-Options": [
          "nosniff"
        ],
        "Date": [
          "Tue, 27 Oct 2020 01:51:53 GMT"
        ],
        "Content-Length": [
          "200"
        ],
        "Content-Type": [
          "application/json; odata.metadata=minimal"
        ],
        "Expires": [
          "-1"
        ]
      },
      "ResponseBody": "{\r\n  \"isValid\": false,\r\n  \"errorCode\": \"EndpointProbeCannotBeRetrieved\",\r\n  \"message\": \"We couldn't retrieve the input probe. Please verify that it is publicly accessible and its size is approximately 10 KB.\"\r\n}",
      "StatusCode": 200
    },
    {
      "RequestUri": "/subscriptions/27cafca8-b9a4-4264-b399-45d0c9cca1ab/providers/Microsoft.Cdn/validateProbe?api-version=2020-04-15",
      "EncodedRequestUri": "L3N1YnNjcmlwdGlvbnMvMjdjYWZjYTgtYjlhNC00MjY0LWIzOTktNDVkMGM5Y2NhMWFiL3Byb3ZpZGVycy9NaWNyb3NvZnQuQ2RuL3ZhbGlkYXRlUHJvYmU/YXBpLXZlcnNpb249MjAyMC0wNC0xNQ==",
      "RequestMethod": "POST",
      "RequestBody": "{\r\n  \"probeURL\": \"https://azurecdn-files.azureedge.net/dsa-test/probe-v.txt\"\r\n}",
      "RequestHeaders": {
        "x-ms-client-request-id": [
          "1b76a230-d096-41f8-bf07-20204425ae54"
        ],
        "Accept-Language": [
          "en-US"
        ],
        "User-Agent": [
          "FxVersion/4.6.29321.03",
          "OSName/Windows",
          "OSVersion/Microsoft.Windows.10.0.20231.",
          "Microsoft.Azure.Management.Cdn.CdnManagementClient/4.4.1.0"
        ],
        "Content-Type": [
          "application/json; charset=utf-8"
        ],
        "Content-Length": [
          "79"
        ]
      },
      "ResponseHeaders": {
        "Cache-Control": [
          "no-cache"
        ],
        "Pragma": [
          "no-cache"
        ],
        "x-ms-request-id": [
          "f0f4c963-f14d-4367-8dd0-50f314e7c54c"
        ],
        "x-ms-client-request-id": [
          "1b76a230-d096-41f8-bf07-20204425ae54"
        ],
        "OData-Version": [
          "4.0"
        ],
        "Strict-Transport-Security": [
          "max-age=31536000; includeSubDomains"
        ],
        "Server": [
          "Microsoft-IIS/10.0"
        ],
        "X-AspNet-Version": [
          "4.0.30319"
        ],
        "X-Powered-By": [
          "ASP.NET"
        ],
        "x-ms-ratelimit-remaining-subscription-writes": [
          "1197"
        ],
        "x-ms-correlation-request-id": [
          "0394a8e9-1dab-4580-84d2-dd099235bf3f"
        ],
        "x-ms-routing-request-id": [
          "WESTUS:20201027T015154Z:0394a8e9-1dab-4580-84d2-dd099235bf3f"
        ],
        "X-Content-Type-Options": [
          "nosniff"
        ],
        "Date": [
          "Tue, 27 Oct 2020 01:51:54 GMT"
        ],
        "Content-Length": [
          "56"
        ],
        "Content-Type": [
          "application/json; odata.metadata=minimal"
        ],
        "Expires": [
          "-1"
        ]
      },
      "ResponseBody": "{\r\n  \"isValid\": true,\r\n  \"errorCode\": \"None\",\r\n  \"message\": null\r\n}",
      "StatusCode": 200
    },
    {
      "RequestUri": "/subscriptions/27cafca8-b9a4-4264-b399-45d0c9cca1ab/providers/Microsoft.Cdn/validateProbe?api-version=2020-04-15",
      "EncodedRequestUri": "L3N1YnNjcmlwdGlvbnMvMjdjYWZjYTgtYjlhNC00MjY0LWIzOTktNDVkMGM5Y2NhMWFiL3Byb3ZpZGVycy9NaWNyb3NvZnQuQ2RuL3ZhbGlkYXRlUHJvYmU/YXBpLXZlcnNpb249MjAyMC0wNC0xNQ==",
      "RequestMethod": "POST",
      "RequestBody": "{\r\n  \"probeURL\": \"http://999.999.999.999/nonexist.txt\"\r\n}",
      "RequestHeaders": {
        "x-ms-client-request-id": [
          "e8274913-2038-44a0-9a54-9c4d16d23bd9"
        ],
        "Accept-Language": [
          "en-US"
        ],
        "User-Agent": [
          "FxVersion/4.6.29321.03",
          "OSName/Windows",
          "OSVersion/Microsoft.Windows.10.0.20231.",
          "Microsoft.Azure.Management.Cdn.CdnManagementClient/4.4.1.0"
        ],
        "Content-Type": [
          "application/json; charset=utf-8"
        ],
        "Content-Length": [
          "57"
        ]
      },
      "ResponseHeaders": {
        "Cache-Control": [
          "no-cache"
        ],
        "Pragma": [
          "no-cache"
        ],
        "x-ms-request-id": [
          "e037e185-4669-4785-9541-0ede268dcc4e"
        ],
        "x-ms-client-request-id": [
          "e8274913-2038-44a0-9a54-9c4d16d23bd9"
        ],
        "Strict-Transport-Security": [
          "max-age=31536000; includeSubDomains"
        ],
        "Server": [
          "Microsoft-IIS/10.0"
        ],
        "X-AspNet-Version": [
          "4.0.30319"
        ],
        "X-Powered-By": [
          "ASP.NET"
        ],
        "x-ms-ratelimit-remaining-subscription-writes": [
          "1196"
        ],
        "x-ms-correlation-request-id": [
          "c9bfac98-9c38-4267-a667-38d09debb2d3"
        ],
        "x-ms-routing-request-id": [
          "WESTUS:20201027T015155Z:c9bfac98-9c38-4267-a667-38d09debb2d3"
        ],
        "X-Content-Type-Options": [
          "nosniff"
        ],
        "Date": [
          "Tue, 27 Oct 2020 01:51:55 GMT"
        ],
        "Content-Length": [
          "114"
        ],
        "Content-Type": [
          "application/json; charset=utf-8"
        ],
        "Content-Language": [
          "en-US"
        ],
        "Expires": [
          "-1"
        ]
      },
      "ResponseBody": "{\r\n  \"error\": {\r\n    \"code\": \"BadRequest\",\r\n    \"message\": \"The format of the input probe URL is invalid.\"\r\n  }\r\n}",
      "StatusCode": 400
    },
    {
      "RequestUri": "/subscriptions/27cafca8-b9a4-4264-b399-45d0c9cca1ab/providers/Microsoft.Cdn/validateProbe?api-version=2020-04-15",
      "EncodedRequestUri": "L3N1YnNjcmlwdGlvbnMvMjdjYWZjYTgtYjlhNC00MjY0LWIzOTktNDVkMGM5Y2NhMWFiL3Byb3ZpZGVycy9NaWNyb3NvZnQuQ2RuL3ZhbGlkYXRlUHJvYmU/YXBpLXZlcnNpb249MjAyMC0wNC0xNQ==",
      "RequestMethod": "POST",
      "RequestBody": "{\r\n  \"probeURL\": \"http://192.168.1.1/nonexist.aspx\"\r\n}",
      "RequestHeaders": {
        "x-ms-client-request-id": [
          "741c9be8-9b15-44b0-b47f-6e06e3c37737"
        ],
        "Accept-Language": [
          "en-US"
        ],
        "User-Agent": [
          "FxVersion/4.6.29321.03",
          "OSName/Windows",
          "OSVersion/Microsoft.Windows.10.0.20231.",
          "Microsoft.Azure.Management.Cdn.CdnManagementClient/4.4.1.0"
        ],
        "Content-Type": [
          "application/json; charset=utf-8"
        ],
        "Content-Length": [
          "54"
        ]
      },
      "ResponseHeaders": {
        "Cache-Control": [
          "no-cache"
        ],
        "Pragma": [
          "no-cache"
        ],
        "x-ms-request-id": [
          "b9609320-3958-4460-a1f3-8bb885b97b55"
        ],
        "x-ms-client-request-id": [
          "741c9be8-9b15-44b0-b47f-6e06e3c37737"
        ],
        "OData-Version": [
          "4.0"
        ],
        "Strict-Transport-Security": [
          "max-age=31536000; includeSubDomains"
        ],
        "Server": [
          "Microsoft-IIS/10.0"
        ],
        "X-AspNet-Version": [
          "4.0.30319"
        ],
        "X-Powered-By": [
          "ASP.NET"
        ],
        "x-ms-ratelimit-remaining-subscription-writes": [
          "1195"
        ],
        "x-ms-correlation-request-id": [
          "15ccb10a-3211-4c45-a94e-adfd601ba327"
        ],
        "x-ms-routing-request-id": [
          "WESTUS:20201027T015206Z:15ccb10a-3211-4c45-a94e-adfd601ba327"
        ],
        "X-Content-Type-Options": [
          "nosniff"
        ],
        "Date": [
          "Tue, 27 Oct 2020 01:52:06 GMT"
        ],
        "Content-Length": [
          "200"
        ],
        "Content-Type": [
          "application/json; odata.metadata=minimal"
        ],
        "Expires": [
          "-1"
        ]
      },
      "ResponseBody": "{\r\n  \"isValid\": false,\r\n  \"errorCode\": \"EndpointProbeCannotBeRetrieved\",\r\n  \"message\": \"We couldn't retrieve the input probe. Please verify that it is publicly accessible and its size is approximately 10 KB.\"\r\n}",
      "StatusCode": 200
    },
    {
      "RequestUri": "/subscriptions/27cafca8-b9a4-4264-b399-45d0c9cca1ab/providers/Microsoft.Cdn/validateProbe?api-version=2020-04-15",
      "EncodedRequestUri": "L3N1YnNjcmlwdGlvbnMvMjdjYWZjYTgtYjlhNC00MjY0LWIzOTktNDVkMGM5Y2NhMWFiL3Byb3ZpZGVycy9NaWNyb3NvZnQuQ2RuL3ZhbGlkYXRlUHJvYmU/YXBpLXZlcnNpb249MjAyMC0wNC0xNQ==",
      "RequestMethod": "POST",
      "RequestBody": "{\r\n  \"probeURL\": \"http://137.117.34.31/contact/contact.aspx\"\r\n}",
      "RequestHeaders": {
        "x-ms-client-request-id": [
          "54cc1e75-41dd-479e-9a54-40ab5e97968f"
        ],
        "Accept-Language": [
          "en-US"
        ],
        "User-Agent": [
          "FxVersion/4.6.29321.03",
          "OSName/Windows",
          "OSVersion/Microsoft.Windows.10.0.20231.",
          "Microsoft.Azure.Management.Cdn.CdnManagementClient/4.4.1.0"
        ],
        "Content-Type": [
          "application/json; charset=utf-8"
        ],
        "Content-Length": [
          "63"
        ]
      },
      "ResponseHeaders": {
        "Cache-Control": [
          "no-cache"
        ],
        "Pragma": [
          "no-cache"
        ],
        "x-ms-request-id": [
          "1bf91343-b8e7-4ee0-a1cd-bbdc4f17ef1e"
        ],
        "x-ms-client-request-id": [
          "54cc1e75-41dd-479e-9a54-40ab5e97968f"
        ],
        "OData-Version": [
          "4.0"
        ],
        "Strict-Transport-Security": [
          "max-age=31536000; includeSubDomains"
        ],
        "Server": [
          "Microsoft-IIS/10.0"
        ],
        "X-AspNet-Version": [
          "4.0.30319"
        ],
        "X-Powered-By": [
          "ASP.NET"
        ],
        "x-ms-ratelimit-remaining-subscription-writes": [
          "1194"
        ],
        "x-ms-correlation-request-id": [
          "2085fece-9052-4891-b898-4c33e72b42ae"
        ],
        "x-ms-routing-request-id": [
          "WESTUS:20201027T015208Z:2085fece-9052-4891-b898-4c33e72b42ae"
        ],
        "X-Content-Type-Options": [
          "nosniff"
        ],
        "Date": [
          "Tue, 27 Oct 2020 01:52:07 GMT"
        ],
        "Content-Length": [
          "56"
        ],
        "Content-Type": [
          "application/json; odata.metadata=minimal"
        ],
        "Expires": [
          "-1"
        ]
      },
      "ResponseBody": "{\r\n  \"isValid\": true,\r\n  \"errorCode\": \"None\",\r\n  \"message\": null\r\n}",
      "StatusCode": 200
    }
  ],
  "Names": {},
  "Variables": {
    "SubscriptionId": "27cafca8-b9a4-4264-b399-45d0c9cca1ab"
  }
}