{
  "Entries": [
    {
      "RequestUri": "https://smstestapp.communication.azure.com/phoneNumbers/Sanitized?api-version=2022-12-01",
      "RequestMethod": "GET",
      "RequestHeaders": {
        "Accept": "application/json",
        "Authorization": "Sanitized",
        "traceparent": "00-d1d17bf26b37be459e0e23320749d6fd-5292e45af92d5f4f-00",
        "User-Agent": "azsdk-net-Communication.PhoneNumbers/1.1.0-alpha.20221207.1 (.NET Core 3.1.31; Microsoft Windows 10.0.22621)",
        "x-ms-client-request-id": "c1fea433d04cdaea171de357fd6654da",
        "x-ms-content-sha256": "Sanitized",
        "x-ms-date": "Wed, 07 Dec 2022 21:35:02 GMT",
        "x-ms-return-client-request-id": "true"
      },
      "RequestBody": null,
      "StatusCode": 200,
      "ResponseHeaders": {
        "api-supported-versions": "2021-03-07, 2022-01-11-preview2, 2022-06-01-preview, 2022-12-01",
        "Content-Type": "application/json; charset=utf-8",
        "Date": "Wed, 07 Dec 2022 21:35:03 GMT",
        "MS-CV": "L0eTK7Woo020fSEMR8eM0A.0",
        "Strict-Transport-Security": "max-age=2592000",
        "Transfer-Encoding": "chunked",
        "X-Azure-Ref": "0BgeRYwAAAABevL8Q7ozVRagAwUtu8j1qTUVYMzFFREdFMDQxOQA5ZmM3YjUxOS1hOGNjLTRmODktOTM1ZS1jOTE0OGFlMDllODE=",
        "X-Cache": "CONFIG_NOCACHE",
        "X-Processing-Time": "1575ms"
      },
      "ResponseBody": {
        "id": "Sanitized",
        "phoneNumber": "Sanitized",
        "countryCode": "US",
        "phoneNumberType": "tollFree",
        "capabilities": {
          "calling": "outbound",
          "sms": "outbound"
        },
        "assignmentType": "application",
        "purchaseDate": "2021-06-23T23:38:41.0997634\u002B00:00",
        "cost": {
          "amount": 2.0,
          "currencyCode": "USD",
          "billingFrequency": "monthly"
        }
      }
    },
    {
      "RequestUri": "https://smstestapp.communication.azure.com/phoneNumbers/Sanitized/capabilities?api-version=2022-12-01",
      "RequestMethod": "PATCH",
      "RequestHeaders": {
        "Accept": "application/json",
        "Authorization": "Sanitized",
        "Content-Length": "51",
        "Content-Type": "application/merge-patch\u002Bjson",
        "traceparent": "00-a005ab27c3931245a7e26a8332bf3aa3-b1a2cd200cde7a49-00",
        "User-Agent": "azsdk-net-Communication.PhoneNumbers/1.1.0-alpha.20221207.1 (.NET Core 3.1.31; Microsoft Windows 10.0.22621)",
        "x-ms-client-request-id": "636d7c599f46f9ebcd77cf2cec18bc60",
        "x-ms-content-sha256": "Sanitized",
        "x-ms-date": "Wed, 07 Dec 2022 21:35:04 GMT",
        "x-ms-return-client-request-id": "true"
      },
      "RequestBody": {
        "calling": "inbound",
        "sms": "inbound\u002Boutbound"
      },
      "StatusCode": 202,
      "ResponseHeaders": {
        "Access-Control-Expose-Headers": "Operation-Location,Location,operation-id,capabilities-id",
        "api-supported-versions": "2021-03-07, 2022-01-11-preview2, 2022-06-01-preview, 2022-12-01",
        "capabilities-id": "4b370a1e-d1d0-40ae-ac1d-c76cc874a5cd",
        "Content-Type": "application/json; charset=utf-8",
        "Date": "Wed, 07 Dec 2022 21:35:06 GMT",
        "Location": "Sanitized",
        "MS-CV": "\u002BlCCUdCJvEu6NMB/2j5oxw.0",
        "operation-id": "capabilities_4b370a1e-d1d0-40ae-ac1d-c76cc874a5cd",
        "Operation-Location": "/phoneNumbers/operations/capabilities_4b370a1e-d1d0-40ae-ac1d-c76cc874a5cd?api-version=2022-12-01",
        "Strict-Transport-Security": "max-age=2592000",
        "Transfer-Encoding": "chunked",
        "X-Azure-Ref": "0CAeRYwAAAABT11FQiswJTYR/55EXbxB\u002BTUVYMzFFREdFMDQxOQA5ZmM3YjUxOS1hOGNjLTRmODktOTM1ZS1jOTE0OGFlMDllODE=",
        "X-Cache": "CONFIG_NOCACHE",
        "X-Processing-Time": "2228ms"
      },
      "ResponseBody": {
        "capabilitiesUpdateId": "4b370a1e-d1d0-40ae-ac1d-c76cc874a5cd"
      }
    },
    {
      "RequestUri": "https://smstestapp.communication.azure.com/phoneNumbers/operations/capabilities_4b370a1e-d1d0-40ae-ac1d-c76cc874a5cd?api-version=2022-12-01",
      "RequestMethod": "GET",
      "RequestHeaders": {
        "Authorization": "Sanitized",
        "User-Agent": "azsdk-net-Communication.PhoneNumbers/1.1.0-alpha.20221207.1 (.NET Core 3.1.31; Microsoft Windows 10.0.22621)",
        "x-ms-client-request-id": "6ab73f8b40d194c5b904f4d500beeeff",
        "x-ms-content-sha256": "Sanitized",
        "x-ms-date": "Wed, 07 Dec 2022 21:35:06 GMT",
        "x-ms-return-client-request-id": "true"
      },
      "RequestBody": null,
      "StatusCode": 200,
      "ResponseHeaders": {
        "Access-Control-Expose-Headers": "Location",
        "api-supported-versions": "2021-03-07, 2022-01-11-preview2, 2022-06-01-preview, 2022-11-15-preview, 2022-12-01",
        "Content-Type": "application/json; charset=utf-8",
        "Date": "Wed, 07 Dec 2022 21:35:06 GMT",
        "Location": "Sanitized",
        "MS-CV": "8PCre1RZ7UmEEA4/Ep4weQ.0",
        "Strict-Transport-Security": "max-age=2592000",
        "Transfer-Encoding": "chunked",
        "X-Azure-Ref": "0CgeRYwAAAAAR1wwC18grRJPoHRJbNGtDTUVYMzFFREdFMDQxOQA5ZmM3YjUxOS1hOGNjLTRmODktOTM1ZS1jOTE0OGFlMDllODE=",
        "X-Cache": "CONFIG_NOCACHE",
        "X-Processing-Time": "419ms"
      },
      "ResponseBody": {
        "operationType": "updatePhoneNumberCapabilities",
        "status": "running",
        "resourceLocation": "/phoneNumbers/Sanitized?api-version=2022-12-01",
        "createdDateTime": "2022-12-07T21:35:05.743749\u002B00:00",
        "id": "capabilities_4b370a1e-d1d0-40ae-ac1d-c76cc874a5cd",
        "lastActionDateTime": "0001-01-01T00:00:00\u002B00:00"
      }
    },
    {
      "RequestUri": "https://smstestapp.communication.azure.com/phoneNumbers/operations/capabilities_4b370a1e-d1d0-40ae-ac1d-c76cc874a5cd?api-version=2022-12-01",
      "RequestMethod": "GET",
      "RequestHeaders": {
        "Authorization": "Sanitized",
        "User-Agent": "azsdk-net-Communication.PhoneNumbers/1.1.0-alpha.20221207.1 (.NET Core 3.1.31; Microsoft Windows 10.0.22621)",
        "x-ms-client-request-id": "b25682603e27f7303e630ffb21fcf07f",
        "x-ms-content-sha256": "Sanitized",
        "x-ms-date": "Wed, 07 Dec 2022 21:35:08 GMT",
        "x-ms-return-client-request-id": "true"
      },
      "RequestBody": null,
      "StatusCode": 200,
      "ResponseHeaders": {
        "Access-Control-Expose-Headers": "Location",
        "api-supported-versions": "2021-03-07, 2022-01-11-preview2, 2022-06-01-preview, 2022-11-15-preview, 2022-12-01",
        "Content-Type": "application/json; charset=utf-8",
        "Date": "Wed, 07 Dec 2022 21:35:08 GMT",
        "Location": "Sanitized",
        "MS-CV": "dVND5G98YkuX1zKZ0jZZvQ.0",
        "Strict-Transport-Security": "max-age=2592000",
        "Transfer-Encoding": "chunked",
        "X-Azure-Ref": "0CweRYwAAAADV65uMM7rYRYhtmzTJ3nQrTUVYMzFFREdFMDQxOQA5ZmM3YjUxOS1hOGNjLTRmODktOTM1ZS1jOTE0OGFlMDllODE=",
        "X-Cache": "CONFIG_NOCACHE",
        "X-Processing-Time": "546ms"
      },
      "ResponseBody": {
        "operationType": "updatePhoneNumberCapabilities",
        "status": "running",
        "resourceLocation": "/phoneNumbers/Sanitized?api-version=2022-12-01",
        "createdDateTime": "2022-12-07T21:35:05.743749\u002B00:00",
        "id": "capabilities_4b370a1e-d1d0-40ae-ac1d-c76cc874a5cd",
        "lastActionDateTime": "0001-01-01T00:00:00\u002B00:00"
      }
    },
    {
      "RequestUri": "https://smstestapp.communication.azure.com/phoneNumbers/operations/capabilities_4b370a1e-d1d0-40ae-ac1d-c76cc874a5cd?api-version=2022-12-01",
      "RequestMethod": "GET",
      "RequestHeaders": {
        "Authorization": "Sanitized",
        "User-Agent": "azsdk-net-Communication.PhoneNumbers/1.1.0-alpha.20221207.1 (.NET Core 3.1.31; Microsoft Windows 10.0.22621)",
        "x-ms-client-request-id": "aca0858e5260c08f85aa5ca56d680895",
        "x-ms-content-sha256": "Sanitized",
        "x-ms-date": "Wed, 07 Dec 2022 21:35:10 GMT",
        "x-ms-return-client-request-id": "true"
      },
      "RequestBody": null,
      "StatusCode": 200,
      "ResponseHeaders": {
        "Access-Control-Expose-Headers": "Location",
        "api-supported-versions": "2021-03-07, 2022-01-11-preview2, 2022-06-01-preview, 2022-11-15-preview, 2022-12-01",
        "Content-Type": "application/json; charset=utf-8",
        "Date": "Wed, 07 Dec 2022 21:35:09 GMT",
        "Location": "Sanitized",
        "MS-CV": "Nwk6mFAUNES7PLPIzSHo3g.0",
        "Strict-Transport-Security": "max-age=2592000",
        "Transfer-Encoding": "chunked",
        "X-Azure-Ref": "0DQeRYwAAAACZAU94EFGTT4mPwJwcbXIcTUVYMzFFREdFMDQxOQA5ZmM3YjUxOS1hOGNjLTRmODktOTM1ZS1jOTE0OGFlMDllODE=",
        "X-Cache": "CONFIG_NOCACHE",
        "X-Processing-Time": "431ms"
      },
      "ResponseBody": {
        "operationType": "updatePhoneNumberCapabilities",
        "status": "running",
        "resourceLocation": "/phoneNumbers/Sanitized?api-version=2022-12-01",
        "createdDateTime": "2022-12-07T21:35:05.743749\u002B00:00",
        "id": "capabilities_4b370a1e-d1d0-40ae-ac1d-c76cc874a5cd",
        "lastActionDateTime": "0001-01-01T00:00:00\u002B00:00"
      }
    },
    {
      "RequestUri": "https://smstestapp.communication.azure.com/phoneNumbers/operations/capabilities_4b370a1e-d1d0-40ae-ac1d-c76cc874a5cd?api-version=2022-12-01",
      "RequestMethod": "GET",
      "RequestHeaders": {
        "Authorization": "Sanitized",
        "User-Agent": "azsdk-net-Communication.PhoneNumbers/1.1.0-alpha.20221207.1 (.NET Core 3.1.31; Microsoft Windows 10.0.22621)",
        "x-ms-client-request-id": "858d7e5c37f74c230fc02b6d30ca72bc",
        "x-ms-content-sha256": "Sanitized",
        "x-ms-date": "Wed, 07 Dec 2022 21:35:11 GMT",
        "x-ms-return-client-request-id": "true"
      },
      "RequestBody": null,
      "StatusCode": 200,
      "ResponseHeaders": {
        "Access-Control-Expose-Headers": "Location",
        "api-supported-versions": "2021-03-07, 2022-01-11-preview2, 2022-06-01-preview, 2022-11-15-preview, 2022-12-01",
        "Content-Type": "application/json; charset=utf-8",
        "Date": "Wed, 07 Dec 2022 21:35:11 GMT",
        "Location": "Sanitized",
        "MS-CV": "t2opQBdEVkmtFl7mWHsAvA.0",
        "Strict-Transport-Security": "max-age=2592000",
        "Transfer-Encoding": "chunked",
        "X-Azure-Ref": "0DweRYwAAAACZry8Y3SHzRL4q9GVZ5jeMTUVYMzFFREdFMDQxOQA5ZmM3YjUxOS1hOGNjLTRmODktOTM1ZS1jOTE0OGFlMDllODE=",
        "X-Cache": "CONFIG_NOCACHE",
        "X-Processing-Time": "414ms"
      },
      "ResponseBody": {
        "operationType": "updatePhoneNumberCapabilities",
        "status": "running",
        "resourceLocation": "/phoneNumbers/Sanitized?api-version=2022-12-01",
        "createdDateTime": "2022-12-07T21:35:05.743749\u002B00:00",
        "id": "capabilities_4b370a1e-d1d0-40ae-ac1d-c76cc874a5cd",
        "lastActionDateTime": "0001-01-01T00:00:00\u002B00:00"
      }
    },
    {
      "RequestUri": "https://smstestapp.communication.azure.com/phoneNumbers/operations/capabilities_4b370a1e-d1d0-40ae-ac1d-c76cc874a5cd?api-version=2022-12-01",
      "RequestMethod": "GET",
      "RequestHeaders": {
        "Authorization": "Sanitized",
        "User-Agent": "azsdk-net-Communication.PhoneNumbers/1.1.0-alpha.20221207.1 (.NET Core 3.1.31; Microsoft Windows 10.0.22621)",
        "x-ms-client-request-id": "7b467413411d0e9ff3952c7ce28a89d6",
        "x-ms-content-sha256": "Sanitized",
        "x-ms-date": "Wed, 07 Dec 2022 21:35:13 GMT",
        "x-ms-return-client-request-id": "true"
      },
      "RequestBody": null,
      "StatusCode": 200,
      "ResponseHeaders": {
        "Access-Control-Expose-Headers": "Location",
        "api-supported-versions": "2021-03-07, 2022-01-11-preview2, 2022-06-01-preview, 2022-11-15-preview, 2022-12-01",
        "Content-Type": "application/json; charset=utf-8",
        "Date": "Wed, 07 Dec 2022 21:35:12 GMT",
        "Location": "Sanitized",
        "MS-CV": "imXKh6FKQ0ukVNI7zXwd7w.0",
        "Strict-Transport-Security": "max-age=2592000",
        "Transfer-Encoding": "chunked",
        "X-Azure-Ref": "0EAeRYwAAAAAatOAUF7spTLRUkz\u002BydnaOTUVYMzFFREdFMDQxOQA5ZmM3YjUxOS1hOGNjLTRmODktOTM1ZS1jOTE0OGFlMDllODE=",
        "X-Cache": "CONFIG_NOCACHE",
        "X-Processing-Time": "457ms"
      },
      "ResponseBody": {
        "operationType": "updatePhoneNumberCapabilities",
        "status": "succeeded",
        "resourceLocation": "/phoneNumbers/Sanitized?api-version=2022-12-01",
        "createdDateTime": "2022-12-07T21:35:05.743749\u002B00:00",
        "id": "capabilities_4b370a1e-d1d0-40ae-ac1d-c76cc874a5cd",
        "lastActionDateTime": "0001-01-01T00:00:00\u002B00:00"
      }
    },
    {
      "RequestUri": "https://smstestapp.communication.azure.com/phoneNumbers/\u002BSanitized?api-version=2022-12-01",
      "RequestMethod": "GET",
      "RequestHeaders": {
        "Authorization": "Sanitized",
        "User-Agent": "azsdk-net-Communication.PhoneNumbers/1.1.0-alpha.20221207.1 (.NET Core 3.1.31; Microsoft Windows 10.0.22621)",
        "x-ms-client-request-id": "a39e7a5b6a6e568862549da026218fbb",
        "x-ms-content-sha256": "Sanitized",
        "x-ms-date": "Wed, 07 Dec 2022 21:35:13 GMT",
        "x-ms-return-client-request-id": "true"
      },
      "RequestBody": null,
      "StatusCode": 200,
      "ResponseHeaders": {
        "api-supported-versions": "2021-03-07, 2022-01-11-preview2, 2022-06-01-preview, 2022-12-01",
        "Content-Type": "application/json; charset=utf-8",
        "Date": "Wed, 07 Dec 2022 21:35:14 GMT",
        "MS-CV": "WaNdZZPkQEy7LJLC1xPRyw.0",
        "Strict-Transport-Security": "max-age=2592000",
        "Transfer-Encoding": "chunked",
        "X-Azure-Ref": "0EQeRYwAAAADFqMgoXtNmRZx5mqwo65/sTUVYMzFFREdFMDQxOQA5ZmM3YjUxOS1hOGNjLTRmODktOTM1ZS1jOTE0OGFlMDllODE=",
        "X-Cache": "CONFIG_NOCACHE",
        "X-Processing-Time": "1580ms"
      },
      "ResponseBody": {
        "id": "Sanitized",
        "phoneNumber": "Sanitized",
        "countryCode": "US",
        "phoneNumberType": "tollFree",
        "capabilities": {
          "calling": "inbound",
          "sms": "inbound\u002Boutbound"
        },
        "assignmentType": "application",
        "purchaseDate": "2021-06-23T23:38:41.0997634\u002B00:00",
        "cost": {
          "amount": 2.0,
          "currencyCode": "USD",
          "billingFrequency": "monthly"
        }
      }
    }
  ],
  "Variables": {
    "AZURE_PHONE_NUMBER_1": "\u002B14255550123",
    "COMMUNICATION_LIVETEST_STATIC_CONNECTION_STRING": "endpoint=https://smstestapp.communication.azure.com/;accesskey=Kg==",
    "RandomSeed": "113031425"
  }
}
